Archive member included to satisfy reference by file (symbol)

obj_cooja/mtype637.a(simEnvChange.o)
                              obj_cooja/mtype637.o (simDontFallAsleep)
obj_cooja/mtype637.a(cooja_mt.o)
                              obj_cooja/mtype637.o (cooja_mt_start)
obj_cooja/mtype637.a(cooja_mtarch.o)
                              obj_cooja/mtype637.a(cooja_mt.o) (cooja_mtarch_init)
obj_cooja/mtype637.a(rtimer-arch.o)
                              obj_cooja/mtype637.o (rtimer_arch_next)
obj_cooja/mtype637.a(beep.o)  obj_cooja/mtype637.o (beep_interface)
obj_cooja/mtype637.a(button-sensor.o)
                              obj_cooja/mtype637.o (button_interface)
obj_cooja/mtype637.a(leds-arch.o)
                              obj_cooja/mtype637.o (leds_interface)
obj_cooja/mtype637.a(moteid.o)
                              obj_cooja/mtype637.o (moteid_interface)
obj_cooja/mtype637.a(pir-sensor.o)
                              obj_cooja/mtype637.o (pir_interface)
obj_cooja/mtype637.a(rs232.o)
                              obj_cooja/mtype637.o (rs232_interface)
obj_cooja/mtype637.a(vib-sensor.o)
                              obj_cooja/mtype637.o (vib_interface)
obj_cooja/mtype637.a(clock.o)
                              obj_cooja/mtype637.o (clock_interface)
obj_cooja/mtype637.a(log.o)   obj_cooja/mtype637.o (simlog_interface)
obj_cooja/mtype637.a(cfs-cooja.o)
                              obj_cooja/mtype637.o (cfs_interface)
obj_cooja/mtype637.a(cooja-radio.o)
                              obj_cooja/mtype637.o (radio_interface)
obj_cooja/mtype637.a(eeprom.o)
                              obj_cooja/mtype637.o (eeprom_interface)
obj_cooja/mtype637.a(random.o)
                              obj_cooja/mtype637.a(moteid.o) (random_init)
obj_cooja/mtype637.a(sensors.o)
                              obj_cooja/mtype637.o (sensors_process)
obj_cooja/mtype637.a(dual_conf.o)
                              example-longrange-unicast.co (long_range_radio)
obj_cooja/mtype637.a(autostart.o)
                              obj_cooja/mtype637.o (autostart_start)
obj_cooja/mtype637.a(ctimer.o)
                              obj_cooja/mtype637.o (ctimer_init)
obj_cooja/mtype637.a(etimer.o)
                              obj_cooja/mtype637.o (etimer_process)
obj_cooja/mtype637.a(process.o)
                              obj_cooja/mtype637.a(ctimer.o) (process_current)
obj_cooja/mtype637.a(rtimer.o)
                              obj_cooja/mtype637.a(rtimer-arch.o) (rtimer_run_next)
obj_cooja/mtype637.a(timer.o)
                              obj_cooja/mtype637.a(button-sensor.o) (timer_set)
obj_cooja/mtype637.a(serial-line.o)
                              obj_cooja/mtype637.a(rs232.o) (serial_line_input_byte)
obj_cooja/mtype637.a(list.o)  obj_cooja/mtype637.a(ctimer.o) (list_init)
obj_cooja/mtype637.a(ringbuf.o)
                              obj_cooja/mtype637.a(serial-line.o) (ringbuf_init)
obj_cooja/mtype637.a(rime.o)  obj_cooja/mtype637.o (rime_driver)
obj_cooja/mtype637.a(unicast.o)
                              example-longrange-unicast.co (unicast_open)
obj_cooja/mtype637.a(linkaddr.o)
                              example-longrange-unicast.co (linkaddr_node_addr)
obj_cooja/mtype637.a(netstack.o)
                              obj_cooja/mtype637.o (netstack_init)
obj_cooja/mtype637.a(packetbuf.o)
                              obj_cooja/mtype637.a(cooja-radio.o) (packetbuf_attrs)
obj_cooja/mtype637.a(queuebuf.o)
                              obj_cooja/mtype637.o (queuebuf_init)
obj_cooja/mtype637.a(csma.o)  obj_cooja/mtype637.o (csma_driver)
obj_cooja/mtype637.a(mac.o)   obj_cooja/mtype637.a(csma.o) (mac_call_sent_callback)
obj_cooja/mtype637.a(nullrdc.o)
                              obj_cooja/mtype637.o (nullrdc_driver)
obj_cooja/mtype637.a(nullsec.o)
                              obj_cooja/mtype637.a(rime.o) (nullsec_driver)
obj_cooja/mtype637.a(rimestats.o)
                              obj_cooja/mtype637.a(cooja-radio.o) (rimestats)
obj_cooja/mtype637.a(memb.o)  obj_cooja/mtype637.a(queuebuf.o) (memb_init)
obj_cooja/mtype637.a(abc.o)   obj_cooja/mtype637.a(rime.o) (abc_input)
obj_cooja/mtype637.a(announcement.o)
                              obj_cooja/mtype637.a(rime.o) (announcement_init)
obj_cooja/mtype637.a(broadcast-annou)
                              obj_cooja/mtype637.a(rime.o) (broadcast_announcement_init)
obj_cooja/mtype637.a(broadcast.o)
                              obj_cooja/mtype637.a(unicast.o) (broadcast_open)
obj_cooja/mtype637.a(chameleon.o)
                              obj_cooja/mtype637.a(rime.o) (chameleon_init)
obj_cooja/mtype637.a(channel.o)
                              obj_cooja/mtype637.a(chameleon.o) (channel_init)
obj_cooja/mtype637.a(framer-nullmac.)
                              obj_cooja/mtype637.a(nullrdc.o) (framer_nullmac)
obj_cooja/mtype637.a(chameleon-bitop)
                              obj_cooja/mtype637.a(chameleon.o) (chameleon_bitopt)

Allocating common symbols
Common symbol       size              file

simButtonIsActive   0x1               obj_cooja/mtype637.a(button-sensor.o)
simButtonIsDown     0x1               obj_cooja/mtype637.a(button-sensor.o)
simOutDataBuffer    0x80              obj_cooja/mtype637.a(cooja-radio.o)
linkaddr_node_addr  0x2               obj_cooja/mtype637.a(linkaddr.o)
simSerialReceivingFlag
                    0x1               obj_cooja/mtype637.a(rs232.o)
simEEPROMData       0x400             obj_cooja/mtype637.a(eeprom.o)
simLoggedLength     0x4               obj_cooja/mtype637.a(log.o)
simSerialReceivingLength
                    0x4               obj_cooja/mtype637.a(rs232.o)
simEtimerPending    0x4               obj_cooja/mtype637.a(simEnvChange.o)
simVibChanged       0x1               obj_cooja/mtype637.a(vib-sensor.o)
rimestats           0x48              obj_cooja/mtype637.a(rimestats.o)
simProcessRunValue  0x4               obj_cooja/mtype637.a(simEnvChange.o)
simInDataBufferLR   0x80              obj_cooja/mtype637.a(cooja-radio.o)
serial_line_event_message
                    0x1               obj_cooja/mtype637.a(serial-line.o)
referenceVar        0x4               obj_cooja/mtype637.o
simCurrentTime      0x4               obj_cooja/mtype637.a(clock.o)
simVibIsActive      0x1               obj_cooja/mtype637.a(vib-sensor.o)
simNextExpirationTime
                    0x4               obj_cooja/mtype637.a(simEnvChange.o)
simOutDataBufferLR  0x80              obj_cooja/mtype637.a(cooja-radio.o)
simSerialReceivingData
                    0x800             obj_cooja/mtype637.a(rs232.o)
simLoggedFlag       0x1               obj_cooja/mtype637.a(log.o)
packetbuf_attrs     0x34              obj_cooja/mtype637.a(packetbuf.o)
simRandomSeed       0x4               obj_cooja/mtype637.a(moteid.o)
simLoggedData       0x400             obj_cooja/mtype637.a(log.o)
simLedsValue        0x1               obj_cooja/mtype637.a(leds-arch.o)
simButtonChanged    0x1               obj_cooja/mtype637.a(button-sensor.o)
simPirIsActive      0x1               obj_cooja/mtype637.a(pir-sensor.o)
simInDataBuffer     0x80              obj_cooja/mtype637.a(cooja-radio.o)
simPirChanged       0x1               obj_cooja/mtype637.a(pir-sensor.o)
simBeeped           0x1               obj_cooja/mtype637.a(beep.o)
sensors_event       0x1               obj_cooja/mtype637.a(sensors.o)
packetbuf_addrs     0x8               obj_cooja/mtype637.a(packetbuf.o)
simMoteIDChanged    0x1               obj_cooja/mtype637.a(moteid.o)
sensors_flags       0x4               obj_cooja/mtype637.o
simMoteID           0x4               obj_cooja/mtype637.a(moteid.o)

Discarded input sections

 .note.GNU-stack
                0x0000000000000000        0x0 /usr/lib/gcc/i686-linux-gnu/4.8/../../../i386-linux-gnu/crti.o
 .gnu_debuglink
                0x0000000000000000        0xc /usr/lib/gcc/i686-linux-gnu/4.8/../../../i386-linux-gnu/crti.o
 .group         0x0000000000000000        0x8 /usr/lib/gcc/i686-linux-gnu/4.8/crtbeginS.o
 .text.__x86.get_pc_thunk.bx
                0x0000000000000000        0x4 /usr/lib/gcc/i686-linux-gnu/4.8/crtbeginS.o
 .note.GNU-stack
                0x0000000000000000        0x0 /usr/lib/gcc/i686-linux-gnu/4.8/crtbeginS.o
 .note.GNU-stack
                0x0000000000000000        0x0 example-longrange-unicast.co
 .note.GNU-stack
                0x0000000000000000        0x0 obj_cooja/mtype637.o
 .note.GNU-stack
                0x0000000000000000        0x0 obj_cooja/mtype637.a(simEnvChange.o)
 .note.GNU-stack
                0x0000000000000000        0x0 obj_cooja/mtype637.a(cooja_mt.o)
 .note.GNU-stack
                0x0000000000000000        0x0 obj_cooja/mtype637.a(cooja_mtarch.o)
 .note.GNU-stack
                0x0000000000000000        0x0 obj_cooja/mtype637.a(rtimer-arch.o)
 .note.GNU-stack
                0x0000000000000000        0x0 obj_cooja/mtype637.a(beep.o)
 .note.GNU-stack
                0x0000000000000000        0x0 obj_cooja/mtype637.a(button-sensor.o)
 .note.GNU-stack
                0x0000000000000000        0x0 obj_cooja/mtype637.a(leds-arch.o)
 .note.GNU-stack
                0x0000000000000000        0x0 obj_cooja/mtype637.a(moteid.o)
 .note.GNU-stack
                0x0000000000000000        0x0 obj_cooja/mtype637.a(pir-sensor.o)
 .note.GNU-stack
                0x0000000000000000        0x0 obj_cooja/mtype637.a(rs232.o)
 .note.GNU-stack
                0x0000000000000000        0x0 obj_cooja/mtype637.a(vib-sensor.o)
 .note.GNU-stack
                0x0000000000000000        0x0 obj_cooja/mtype637.a(clock.o)
 .note.GNU-stack
                0x0000000000000000        0x0 obj_cooja/mtype637.a(log.o)
 .note.GNU-stack
                0x0000000000000000        0x0 obj_cooja/mtype637.a(cfs-cooja.o)
 .note.GNU-stack
                0x0000000000000000        0x0 obj_cooja/mtype637.a(cooja-radio.o)
 .note.GNU-stack
                0x0000000000000000        0x0 obj_cooja/mtype637.a(eeprom.o)
 .note.GNU-stack
                0x0000000000000000        0x0 obj_cooja/mtype637.a(random.o)
 .note.GNU-stack
                0x0000000000000000        0x0 obj_cooja/mtype637.a(sensors.o)
 .note.GNU-stack
                0x0000000000000000        0x0 obj_cooja/mtype637.a(dual_conf.o)
 .note.GNU-stack
                0x0000000000000000        0x0 obj_cooja/mtype637.a(autostart.o)
 .note.GNU-stack
                0x0000000000000000        0x0 obj_cooja/mtype637.a(ctimer.o)
 .note.GNU-stack
                0x0000000000000000        0x0 obj_cooja/mtype637.a(etimer.o)
 .note.GNU-stack
                0x0000000000000000        0x0 obj_cooja/mtype637.a(process.o)
 .note.GNU-stack
                0x0000000000000000        0x0 obj_cooja/mtype637.a(rtimer.o)
 .note.GNU-stack
                0x0000000000000000        0x0 obj_cooja/mtype637.a(timer.o)
 .note.GNU-stack
                0x0000000000000000        0x0 obj_cooja/mtype637.a(serial-line.o)
 .note.GNU-stack
                0x0000000000000000        0x0 obj_cooja/mtype637.a(list.o)
 .note.GNU-stack
                0x0000000000000000        0x0 obj_cooja/mtype637.a(ringbuf.o)
 .note.GNU-stack
                0x0000000000000000        0x0 obj_cooja/mtype637.a(rime.o)
 .note.GNU-stack
                0x0000000000000000        0x0 obj_cooja/mtype637.a(unicast.o)
 .note.GNU-stack
                0x0000000000000000        0x0 obj_cooja/mtype637.a(linkaddr.o)
 .note.GNU-stack
                0x0000000000000000        0x0 obj_cooja/mtype637.a(netstack.o)
 .note.GNU-stack
                0x0000000000000000        0x0 obj_cooja/mtype637.a(packetbuf.o)
 .note.GNU-stack
                0x0000000000000000        0x0 obj_cooja/mtype637.a(queuebuf.o)
 .note.GNU-stack
                0x0000000000000000        0x0 obj_cooja/mtype637.a(csma.o)
 .note.GNU-stack
                0x0000000000000000        0x0 obj_cooja/mtype637.a(mac.o)
 .note.GNU-stack
                0x0000000000000000        0x0 obj_cooja/mtype637.a(nullrdc.o)
 .note.GNU-stack
                0x0000000000000000        0x0 obj_cooja/mtype637.a(nullsec.o)
 .note.GNU-stack
                0x0000000000000000        0x0 obj_cooja/mtype637.a(rimestats.o)
 .note.GNU-stack
                0x0000000000000000        0x0 obj_cooja/mtype637.a(memb.o)
 .note.GNU-stack
                0x0000000000000000        0x0 obj_cooja/mtype637.a(abc.o)
 .note.GNU-stack
                0x0000000000000000        0x0 obj_cooja/mtype637.a(announcement.o)
 .note.GNU-stack
                0x0000000000000000        0x0 obj_cooja/mtype637.a(broadcast-annou)
 .note.GNU-stack
                0x0000000000000000        0x0 obj_cooja/mtype637.a(broadcast.o)
 .note.GNU-stack
                0x0000000000000000        0x0 obj_cooja/mtype637.a(chameleon.o)
 .note.GNU-stack
                0x0000000000000000        0x0 obj_cooja/mtype637.a(channel.o)
 .note.GNU-stack
                0x0000000000000000        0x0 obj_cooja/mtype637.a(framer-nullmac.)
 .note.GNU-stack
                0x0000000000000000        0x0 obj_cooja/mtype637.a(chameleon-bitop)
 .note.GNU-stack
                0x0000000000000000        0x0 /usr/lib/gcc/i686-linux-gnu/4.8/crtendS.o
 .note.GNU-stack
                0x0000000000000000        0x0 /usr/lib/gcc/i686-linux-gnu/4.8/../../../i386-linux-gnu/crtn.o
 .gnu_debuglink
                0x0000000000000000        0xc /usr/lib/gcc/i686-linux-gnu/4.8/../../../i386-linux-gnu/crtn.o

Memory Configuration

Name             Origin             Length             Attributes
*default*        0x0000000000000000 0xffffffffffffffff

Linker script and memory map

LOAD /usr/lib/gcc/i686-linux-gnu/4.8/../../../i386-linux-gnu/crti.o
LOAD /usr/lib/gcc/i686-linux-gnu/4.8/crtbeginS.o
LOAD example-longrange-unicast.co
LOAD obj_cooja/mtype637.o
LOAD obj_cooja/mtype637.a
LOAD /usr/lib/gcc/i686-linux-gnu/4.8/libgcc.a
LOAD /usr/lib/gcc/i686-linux-gnu/4.8/libgcc_s.so
LOAD /usr/lib/gcc/i686-linux-gnu/4.8/../../../i386-linux-gnu/libc.so
START GROUP
LOAD /lib/i386-linux-gnu/libc.so.6
LOAD /usr/lib/i386-linux-gnu/libc_nonshared.a
LOAD /lib/i386-linux-gnu/ld-linux.so.2
END GROUP
LOAD /usr/lib/gcc/i686-linux-gnu/4.8/libgcc.a
LOAD /usr/lib/gcc/i686-linux-gnu/4.8/libgcc_s.so
LOAD /usr/lib/gcc/i686-linux-gnu/4.8/crtendS.o
LOAD /usr/lib/gcc/i686-linux-gnu/4.8/../../../i386-linux-gnu/crtn.o
                0x0000000000000114                . = (0x0 + SIZEOF_HEADERS)

.note.gnu.build-id
                0x0000000000000114       0x24
 *(.note.gnu.build-id)
 .note.gnu.build-id
                0x0000000000000114       0x24 /usr/lib/gcc/i686-linux-gnu/4.8/../../../i386-linux-gnu/crti.o

.hash
 *(.hash)

.gnu.hash       0x0000000000000138      0xa38
 *(.gnu.hash)
 .gnu.hash      0x0000000000000138      0xa38 /usr/lib/gcc/i686-linux-gnu/4.8/../../../i386-linux-gnu/crti.o

.dynsym         0x0000000000000b70     0x1520
 *(.dynsym)
 .dynsym        0x0000000000000b70     0x1520 /usr/lib/gcc/i686-linux-gnu/4.8/../../../i386-linux-gnu/crti.o

.dynstr         0x0000000000002090     0x14c2
 *(.dynstr)
 .dynstr        0x0000000000002090     0x14c2 /usr/lib/gcc/i686-linux-gnu/4.8/../../../i386-linux-gnu/crti.o

.gnu.version    0x0000000000003552      0x2a4
 *(.gnu.version)
 .gnu.version   0x0000000000003552      0x2a4 /usr/lib/gcc/i686-linux-gnu/4.8/../../../i386-linux-gnu/crti.o

.gnu.version_d  0x00000000000037f8        0x0
 *(.gnu.version_d)
 .gnu.version_d
                0x0000000000000000        0x0 /usr/lib/gcc/i686-linux-gnu/4.8/../../../i386-linux-gnu/crti.o

.gnu.version_r  0x00000000000037f8       0x40
 *(.gnu.version_r)
 .gnu.version_r
                0x00000000000037f8       0x40 /usr/lib/gcc/i686-linux-gnu/4.8/../../../i386-linux-gnu/crti.o

.rel.dyn        0x0000000000003838     0x2710
 *(.rel.init)
 .rel.init      0x0000000000000000        0x0 /usr/lib/gcc/i686-linux-gnu/4.8/../../../i386-linux-gnu/crti.o
 *(.rel.text .rel.text.* .rel.gnu.linkonce.t.*)
 .rel.text      0x0000000000003838     0x22c8 /usr/lib/gcc/i686-linux-gnu/4.8/../../../i386-linux-gnu/crti.o
 *(.rel.fini)
 .rel.fini      0x0000000000000000        0x0 /usr/lib/gcc/i686-linux-gnu/4.8/../../../i386-linux-gnu/crti.o
 *(.rel.rodata .rel.rodata.* .rel.gnu.linkonce.r.*)
 .rel.rodata    0x0000000000005b00      0x2b0 /usr/lib/gcc/i686-linux-gnu/4.8/../../../i386-linux-gnu/crti.o
 *(.rel.data.rel.ro .rel.data.rel.ro.* .rel.gnu.linkonce.d.rel.ro.*)
 *(.rel.data .rel.data.* .rel.gnu.linkonce.d.*)
 .rel.data.rel  0x0000000000005db0        0x8 /usr/lib/gcc/i686-linux-gnu/4.8/../../../i386-linux-gnu/crti.o
 .rel.data      0x0000000000005db8      0x158 /usr/lib/gcc/i686-linux-gnu/4.8/../../../i386-linux-gnu/crti.o
 *(.rel.tdata .rel.tdata.* .rel.gnu.linkonce.td.*)
 *(.rel.tbss .rel.tbss.* .rel.gnu.linkonce.tb.*)
 *(.rel.ctors)
 *(.rel.dtors)
 *(.rel.got)
 .rel.got       0x0000000000005f10       0x28 /usr/lib/gcc/i686-linux-gnu/4.8/../../../i386-linux-gnu/crti.o
 *(.rel.bss .rel.bss.* .rel.gnu.linkonce.b.*)
 *(.rel.ifunc)
 .rel.ifunc     0x0000000000000000        0x0 /usr/lib/gcc/i686-linux-gnu/4.8/../../../i386-linux-gnu/crti.o
 .rel.fini_array
                0x0000000000005f38        0x8 /usr/lib/gcc/i686-linux-gnu/4.8/../../../i386-linux-gnu/crti.o
 .rel.init_array
                0x0000000000005f40        0x8 /usr/lib/gcc/i686-linux-gnu/4.8/../../../i386-linux-gnu/crti.o

.rel.plt        0x0000000000005f48       0x10
 *(.rel.plt)
 .rel.plt       0x0000000000005f48       0x10 /usr/lib/gcc/i686-linux-gnu/4.8/../../../i386-linux-gnu/crti.o
 *(.rel.iplt)

.init           0x0000000000005f58       0x23
 *(SORT(.init))
 .init          0x0000000000005f58       0x1e /usr/lib/gcc/i686-linux-gnu/4.8/../../../i386-linux-gnu/crti.o
                0x0000000000005f58                _init
 .init          0x0000000000005f76        0x5 /usr/lib/gcc/i686-linux-gnu/4.8/../../../i386-linux-gnu/crtn.o

.plt            0x0000000000005f80       0x30
 *(.plt)
 .plt           0x0000000000005f80       0x30 /usr/lib/gcc/i686-linux-gnu/4.8/../../../i386-linux-gnu/crti.o
 *(.iplt)

.text           0x0000000000005fb0     0x5c3c
 *(.text.unlikely .text.*_unlikely .text.unlikely.*)
 *(.text.exit .text.exit.*)
 *(.text.startup .text.startup.*)
 *(.text.hot .text.hot.*)
 *(.text .stub .text.* .gnu.linkonce.t.*)
 .text          0x0000000000005fb0        0x0 /usr/lib/gcc/i686-linux-gnu/4.8/../../../i386-linux-gnu/crti.o
 .gnu.linkonce.t.__x86.get_pc_thunk.bx
                0x0000000000005fb0        0x4 /usr/lib/gcc/i686-linux-gnu/4.8/../../../i386-linux-gnu/crti.o
                0x0000000000005fb0                __x86.get_pc_thunk.bx
 *fill*         0x0000000000005fb4        0xc 
 .text          0x0000000000005fc0      0x11b /usr/lib/gcc/i686-linux-gnu/4.8/crtbeginS.o
 .text          0x00000000000060db      0x1c4 example-longrange-unicast.co
 .text          0x000000000000629f      0x501 obj_cooja/mtype637.o
                0x0000000000006394                contiki_init
                0x00000000000065b7                Java_org_contikios_cooja_corecomm_Lib6_init
                0x00000000000065f7                Java_org_contikios_cooja_corecomm_Lib6_getMemory
                0x0000000000006637                Java_org_contikios_cooja_corecomm_Lib6_setMemory
                0x00000000000066ae                Java_org_contikios_cooja_corecomm_Lib6_tick
                0x000000000000678e                Java_org_contikios_cooja_corecomm_Lib6_setReferenceAddress
 .text          0x00000000000067a0       0x63 obj_cooja/mtype637.a(simEnvChange.o)
                0x00000000000067a0                doActionsBeforeTick
                0x00000000000067d1                doActionsAfterTick
 .text          0x0000000000006803       0xbc obj_cooja/mtype637.a(cooja_mt.o)
                0x0000000000006803                cooja_mt_init
                0x0000000000006810                cooja_mt_remove
                0x000000000000681d                cooja_mt_start
                0x000000000000684a                cooja_mt_exec
                0x000000000000687b                cooja_mt_exit
                0x000000000000689d                cooja_mt_yield
 .text          0x00000000000068bf      0x115 obj_cooja/mtype637.a(cooja_mtarch.o)
                0x00000000000068bf                cooja_mtarch_init
                0x00000000000068c4                cooja_mtarch_start
                0x000000000000693f                cooja_sw
                0x0000000000006961                cooja_mtarch_exec
                0x000000000000697d                cooja_mtarch_remove
                0x0000000000006982                cooja_mtarch_yield
                0x000000000000698c                cooja_mtarch_pstop
                0x0000000000006991                cooja_mtarch_pstart
                0x0000000000006996                cooja_mtarch_stack_usage
 .text          0x00000000000069d4       0xc2 obj_cooja/mtype637.a(rtimer-arch.o)
                0x00000000000069d4                rtimer_arch_init
                0x00000000000069f7                rtimer_arch_schedule
                0x0000000000006a0e                rtimer_arch_next
                0x0000000000006a18                rtimer_arch_pending
                0x0000000000006a22                rtimer_arch_check
                0x0000000000006a54                rtimer_arch_now
 .text          0x0000000000006a96       0x76 obj_cooja/mtype637.a(beep.o)
                0x0000000000006a96                beep_alarm
                0x0000000000006aa2                beep_beep
                0x0000000000006aae                beep
                0x0000000000006aba                beep_down
                0x0000000000006ac6                beep_on
                0x0000000000006ad2                beep_off
                0x0000000000006ade                beep_spinup
                0x0000000000006aea                beep_quick
                0x0000000000006af6                beep_long
 .text          0x0000000000006b0c      0x103 obj_cooja/mtype637.a(button-sensor.o)
 .text          0x0000000000006c0f       0x45 obj_cooja/mtype637.a(leds-arch.o)
                0x0000000000006c0f                leds_arch_init
                0x0000000000006c1b                leds_arch_get
                0x0000000000006c27                leds_arch_set
 .text          0x0000000000006c54       0x2f obj_cooja/mtype637.a(moteid.o)
 .text          0x0000000000006c83       0xb1 obj_cooja/mtype637.a(pir-sensor.o)
 .text          0x0000000000006d34      0x131 obj_cooja/mtype637.a(rs232.o)
                0x0000000000006d34                rs232_init
                0x0000000000006d39                rs232_set_speed
                0x0000000000006d47                rs232_set_input
                0x0000000000006d54                rs232_send
                0x0000000000006d76                rs232_print
                0x0000000000006d91                slip_arch_writeb
 .text          0x0000000000006e65       0xb1 obj_cooja/mtype637.a(vib-sensor.o)
 .text          0x0000000000006f16       0x34 obj_cooja/mtype637.a(clock.o)
                0x0000000000006f16                clock_init
                0x0000000000006f1b                clock_time
                0x0000000000006f25                clock_seconds
                0x0000000000006f3b                clock_delay
 .text          0x0000000000006f4a      0x1ed obj_cooja/mtype637.a(log.o)
                0x0000000000006f4a                simlog_char
                0x0000000000006f8c                simlog
                0x0000000000006ff9                log_message
                0x0000000000007021                log_set_putchar_with_slip
                0x000000000000702e                log_putchar
                0x00000000000070b2                log_puts
                0x00000000000070d6                log_printf
 .text          0x0000000000007137      0x2c4 obj_cooja/mtype637.a(cfs-cooja.o)
                0x0000000000007137                cfs_open
                0x00000000000071a0                cfs_close
                0x00000000000071ac                cfs_read
                0x000000000000724a                cfs_write
                0x0000000000007327                cfs_seek
                0x00000000000073af                cfs_remove
                0x00000000000073d8                cfs_opendir
                0x00000000000073e2                cfs_readdir
                0x00000000000073ec                cfs_closedir
 .text          0x00000000000073fb      0x4d6 obj_cooja/mtype637.a(cooja-radio.o)
                0x0000000000007425                radio_set_channel
                0x000000000000743a                radio_set_txpower
                0x0000000000007451                radio_signal_strength_last
                0x000000000000745b                radio_signal_strength_current
                0x0000000000007465                radio_LQI
 .text          0x00000000000078d1       0xef obj_cooja/mtype637.a(eeprom.o)
                0x00000000000078d1                eeprom_init
                0x00000000000078d6                eeprom_read
                0x0000000000007946                eeprom_write
 .text          0x00000000000079c0       0x28 obj_cooja/mtype637.a(random.o)
                0x00000000000079c0                random_init
                0x00000000000079db                random_rand
 .text          0x00000000000079e8      0x2a1 obj_cooja/mtype637.a(sensors.o)
                0x0000000000007a23                sensors_first
                0x0000000000007a2d                sensors_next
                0x0000000000007a4a                sensors_changed
                0x0000000000007a79                sensors_find
 .text          0x0000000000007c89      0x15d obj_cooja/mtype637.a(dual_conf.o)
                0x0000000000007c89                dual_radio_switch
                0x0000000000007d0e                dual_radio_change
                0x0000000000007d48                sending_in_LR
                0x0000000000007d6e                dual_radio_received
                0x0000000000007db0                radio_received_is_longrange
 .text          0x0000000000007de6       0x8e obj_cooja/mtype637.a(autostart.o)
                0x0000000000007de6                autostart_start
                0x0000000000007e31                autostart_exit
 .text          0x0000000000007e74      0x334 obj_cooja/mtype637.a(ctimer.o)
                0x0000000000007f8b                ctimer_init
                0x0000000000007fbb                ctimer_set
                0x0000000000007fec                ctimer_set_with_process
                0x0000000000008068                ctimer_reset
                0x00000000000080b7                ctimer_restart
                0x0000000000008106                ctimer_stop
                0x0000000000008151                ctimer_expired
 .text          0x00000000000081a8      0x40b obj_cooja/mtype637.a(etimer.o)
                0x00000000000083bb                etimer_request_poll
                0x000000000000843f                etimer_set
                0x0000000000008464                etimer_reset_with_new_interval
                0x000000000000848b                etimer_reset
                0x00000000000084a9                etimer_restart
                0x00000000000084c7                etimer_adjust
                0x00000000000084e3                etimer_expired
                0x00000000000084f6                etimer_expiration_time
                0x0000000000008508                etimer_start_time
                0x0000000000008512                etimer_pending
                0x0000000000008524                etimer_next_expiration_time
                0x000000000000853e                etimer_stop
 .text          0x00000000000085b3      0x560 obj_cooja/mtype637.a(process.o)
                0x00000000000085b3                process_alloc_event
                0x00000000000085c8                process_start
                0x00000000000087b1                process_exit
                0x00000000000087cd                process_init
                0x000000000000899e                process_run
                0x00000000000089d1                process_nevents
                0x00000000000089ec                process_post
                0x0000000000008a98                process_post_synch
                0x0000000000008ad0                process_poll
                0x0000000000008aff                process_is_running
 .text          0x0000000000008b13       0xba obj_cooja/mtype637.a(rtimer.o)
                0x0000000000008b13                rtimer_init
                0x0000000000008b20                rtimer_set
                0x0000000000008b77                rtimer_run_next
 .text          0x0000000000008bcd       0x91 obj_cooja/mtype637.a(timer.o)
                0x0000000000008bcd                timer_set
                0x0000000000008be8                timer_reset
                0x0000000000008bff                timer_restart
                0x0000000000008c11                timer_expired
                0x0000000000008c3a                timer_remaining
 .text          0x0000000000008c5e      0x1fb obj_cooja/mtype637.a(serial-line.o)
                0x0000000000008c5e                serial_line_input_byte
                0x0000000000008e21                serial_line_init
 .text          0x0000000000008e59      0x244 obj_cooja/mtype637.a(list.o)
                0x0000000000008e59                list_init
                0x0000000000008e67                list_head
                0x0000000000008e71                list_copy
                0x0000000000008e80                list_tail
                0x0000000000008eb6                list_add
                0x0000000000008eff                list_push
                0x0000000000008f2b                list_chop
                0x0000000000008f95                list_pop
                0x0000000000008fbd                list_remove
                0x0000000000009024                list_length
                0x0000000000009052                list_insert
                0x0000000000009086                list_item_next
 .text          0x000000000000909d      0x155 obj_cooja/mtype637.a(ringbuf.o)
                0x000000000000909d                ringbuf_init
                0x00000000000090ce                ringbuf_put
                0x000000000000914c                ringbuf_get
                0x00000000000091b9                ringbuf_size
                0x00000000000091cb                ringbuf_elements
 .text          0x00000000000091f2      0x1a2 obj_cooja/mtype637.a(rime.o)
                0x00000000000091f2                rime_sniffer_add
                0x000000000000920e                rime_sniffer_remove
                0x000000000000934a                rime_output
 .text          0x0000000000009394      0x158 obj_cooja/mtype637.a(unicast.o)
                0x000000000000946c                unicast_open
                0x00000000000094b3                unicast_close
                0x00000000000094c6                unicast_send
 .text          0x00000000000094ec       0x67 obj_cooja/mtype637.a(linkaddr.o)
                0x00000000000094ec                linkaddr_copy
                0x000000000000950e                linkaddr_cmp
                0x0000000000009538                linkaddr_set_node_addr
 .text          0x0000000000009553       0x2b obj_cooja/mtype637.a(netstack.o)
                0x0000000000009553                netstack_init
 .text          0x000000000000957e      0x3b7 obj_cooja/mtype637.a(packetbuf.o)
                0x000000000000957e                packetbuf_clear
                0x00000000000095a8                packetbuf_copyfrom
                0x00000000000095fa                packetbuf_compact
                0x0000000000009677                packetbuf_copyto
                0x000000000000970e                packetbuf_hdralloc
                0x000000000000978b                packetbuf_hdrreduce
                0x00000000000097d3                packetbuf_set_datalen
                0x00000000000097ec                packetbuf_dataptr
                0x0000000000009809                packetbuf_hdrptr
                0x0000000000009813                packetbuf_datalen
                0x000000000000981f                packetbuf_hdrlen
                0x0000000000009836                packetbuf_totlen
                0x000000000000984c                packetbuf_attr_clear
                0x000000000000989d                packetbuf_attr_copyto
                0x00000000000098db                packetbuf_attr_copyfrom
                0x0000000000009919                packetbuf_holds_broadcast
 .text          0x0000000000009935      0x2b3 obj_cooja/mtype637.a(queuebuf.o)
                0x000000000000993f                queuebuf_init
                0x000000000000995f                queuebuf_numfree
                0x0000000000009973                queuebuf_new_from_packetbuf
                0x0000000000009a03                queuebuf_update_attr_from_packetbuf
                0x0000000000009a36                queuebuf_update_from_packetbuf
                0x0000000000009a80                queuebuf_free
                0x0000000000009ac7                queuebuf_to_packetbuf
                0x0000000000009b2d                queuebuf_dataptr
                0x0000000000009b64                queuebuf_datalen
                0x0000000000009b87                queuebuf_addr
                0x0000000000009bb8                queuebuf_attr
                0x0000000000009be3                queuebuf_debug_print
 .text          0x0000000000009be8      0x859 obj_cooja/mtype637.a(csma.o)
 .text          0x000000000000a441       0x3c obj_cooja/mtype637.a(mac.o)
                0x000000000000a441                mac_call_sent_callback
 .text          0x000000000000a47d      0x202 obj_cooja/mtype637.a(nullrdc.o)
 .text          0x000000000000a67f       0x6e obj_cooja/mtype637.a(nullsec.o)
 .text          0x000000000000a6ed        0x0 obj_cooja/mtype637.a(rimestats.o)
 .text          0x000000000000a6ed      0x1c1 obj_cooja/mtype637.a(memb.o)
                0x000000000000a6ed                memb_init
                0x000000000000a74b                memb_alloc
                0x000000000000a7b0                memb_free
                0x000000000000a82b                memb_inmemb
                0x000000000000a86a                memb_numfree
 .text          0x000000000000a8ae      0x16b obj_cooja/mtype637.a(abc.o)
                0x000000000000a8ae                abc_open
                0x000000000000a8ed                abc_close
                0x000000000000a900                abc_send
                0x000000000000a949                abc_input
                0x000000000000a9a9                abc_sent
 .text          0x000000000000aa19      0x2a6 obj_cooja/mtype637.a(announcement.o)
                0x000000000000aa19                announcement_init
                0x000000000000aa2e                announcement_register
                0x000000000000aaba                announcement_remove
                0x000000000000aad6                announcement_remove_value
                0x000000000000ab22                announcement_set_value
                0x000000000000ab98                announcement_bump
                0x000000000000abf6                announcement_listen
                0x000000000000ac14                announcement_register_listen_callback
                0x000000000000ac21                announcement_register_observer_callback
                0x000000000000ac2e                announcement_list
                0x000000000000ac43                announcement_heard
 .text          0x000000000000acbf      0x299 obj_cooja/mtype637.a(broadcast-annou)
                0x000000000000aed3                broadcast_announcement_init
                0x000000000000af22                broadcast_announcement_stop
                0x000000000000af4e                broadcast_announcement_beacon_interval
 .text          0x000000000000af58      0x229 obj_cooja/mtype637.a(broadcast.o)
                0x000000000000b0d8                broadcast_open
                0x000000000000b11f                broadcast_close
                0x000000000000b132                broadcast_send
 .text          0x000000000000b181       0xcc obj_cooja/mtype637.a(chameleon.o)
                0x000000000000b1ab                chameleon_init
                0x000000000000b1b8                chameleon_parse
                0x000000000000b1f4                chameleon_create
                0x000000000000b238                chameleon_hdrsize
 .text          0x000000000000b24d       0xeb obj_cooja/mtype637.a(channel.o)
                0x000000000000b24d                channel_init
                0x000000000000b262                channel_set_attributes
                0x000000000000b2a2                channel_open
                0x000000000000b2d0                channel_close
                0x000000000000b2ec                channel_lookup
 .text          0x000000000000b338      0x109 obj_cooja/mtype637.a(framer-nullmac.)
 .text          0x000000000000b441      0x7ab obj_cooja/mtype637.a(chameleon-bitop)
                0x000000000000b584                get_bits
                0x000000000000b6ee                set_bits_in_byte
                0x000000000000b743                set_bits
 .text          0x000000000000bbec        0x0 /usr/lib/gcc/i686-linux-gnu/4.8/crtendS.o
 .text          0x000000000000bbec        0x0 /usr/lib/gcc/i686-linux-gnu/4.8/../../../i386-linux-gnu/crtn.o
 *(.gnu.warning)

.fini           0x000000000000bbec       0x14
 *(SORT(.fini))
 .fini          0x000000000000bbec        0xf /usr/lib/gcc/i686-linux-gnu/4.8/../../../i386-linux-gnu/crti.o
                0x000000000000bbec                _fini
 .fini          0x000000000000bbfb        0x5 /usr/lib/gcc/i686-linux-gnu/4.8/../../../i386-linux-gnu/crtn.o
                0x000000000000bc00                PROVIDE (__etext, .)
                0x000000000000bc00                PROVIDE (_etext, .)
                0x000000000000bc00                PROVIDE (etext, .)

.rodata         0x000000000000bc00      0x58c
 *(.rodata .rodata.* .gnu.linkonce.r.*)
 .rodata        0x000000000000bc00       0x67 example-longrange-unicast.co
                0x000000000000bc10                autostart_processes
 *fill*         0x000000000000bc67        0x1 
 .rodata        0x000000000000bc68       0xcd obj_cooja/mtype637.o
 *fill*         0x000000000000bd35        0x3 
 .rodata        0x000000000000bd38        0x8 obj_cooja/mtype637.a(beep.o)
                0x000000000000bd38                beep_interface
 .rodata        0x000000000000bd40       0x20 obj_cooja/mtype637.a(button-sensor.o)
                0x000000000000bd40                button_interface
                0x000000000000bd50                button_sensor
 .rodata        0x000000000000bd60        0x8 obj_cooja/mtype637.a(leds-arch.o)
                0x000000000000bd60                leds_interface
 .rodata        0x000000000000bd68        0x8 obj_cooja/mtype637.a(moteid.o)
                0x000000000000bd68                moteid_interface
 .rodata        0x000000000000bd70       0x1c obj_cooja/mtype637.a(pir-sensor.o)
                0x000000000000bd70                pir_interface
                0x000000000000bd7c                pir_sensor
 .rodata        0x000000000000bd8c        0xe obj_cooja/mtype637.a(rs232.o)
                0x000000000000bd8c                rs232_interface
 *fill*         0x000000000000bd9a        0x2 
 .rodata        0x000000000000bd9c       0x24 obj_cooja/mtype637.a(vib-sensor.o)
                0x000000000000bd9c                vib_interface
                0x000000000000bdb0                vib_sensor
 .rodata        0x000000000000bdc0        0x8 obj_cooja/mtype637.a(clock.o)
                0x000000000000bdc0                clock_interface
 .rodata        0x000000000000bdc8        0x8 obj_cooja/mtype637.a(log.o)
                0x000000000000bdc8                simlog_interface
 .rodata        0x000000000000bdd0       0x2f obj_cooja/mtype637.a(cfs-cooja.o)
                0x000000000000bdd0                cfs_interface
 *fill*         0x000000000000bdff        0x1 
 .rodata        0x000000000000be00       0x58 obj_cooja/mtype637.a(cooja-radio.o)
                0x000000000000be00                radio_interface
                0x000000000000be20                cooja_radio_driver
 .rodata        0x000000000000be58        0x8 obj_cooja/mtype637.a(eeprom.o)
                0x000000000000be58                eeprom_interface
 .rodata        0x000000000000be60        0x8 obj_cooja/mtype637.a(sensors.o)
 .rodata        0x000000000000be68      0x132 obj_cooja/mtype637.a(dual_conf.o)
 .rodata        0x000000000000bf9a        0xf obj_cooja/mtype637.a(ctimer.o)
 .rodata        0x000000000000bfa9        0xc obj_cooja/mtype637.a(etimer.o)
 .rodata        0x000000000000bfb5        0xe obj_cooja/mtype637.a(serial-line.o)
 *fill*         0x000000000000bfc3        0x1 
 .rodata        0x000000000000bfc4       0x14 obj_cooja/mtype637.a(rime.o)
                0x000000000000bfcc                rime_driver
 .rodata        0x000000000000bfd8       0x10 obj_cooja/mtype637.a(unicast.o)
 .rodata        0x000000000000bfe8        0x2 obj_cooja/mtype637.a(linkaddr.o)
                0x000000000000bfe8                linkaddr_null
 *fill*         0x000000000000bfea        0x2 
 .rodata        0x000000000000bfec       0x24 obj_cooja/mtype637.a(csma.o)
                0x000000000000bff4                csma_driver
 *fill*         0x000000000000c010       0x10 
 .rodata        0x000000000000c020       0x40 obj_cooja/mtype637.a(nullrdc.o)
                0x000000000000c040                nullrdc_driver
 .rodata        0x000000000000c060       0x18 obj_cooja/mtype637.a(nullsec.o)
                0x000000000000c068                nullsec_driver
 .rodata        0x000000000000c078       0x78 obj_cooja/mtype637.a(abc.o)
 .rodata        0x000000000000c0f0        0x8 obj_cooja/mtype637.a(broadcast-annou)
 .rodata        0x000000000000c0f8       0x6f obj_cooja/mtype637.a(broadcast.o)
 *fill*         0x000000000000c167        0x1 
 .rodata        0x000000000000c168        0xc obj_cooja/mtype637.a(framer-nullmac.)
                0x000000000000c168                framer_nullmac
 .rodata        0x000000000000c174       0x18 obj_cooja/mtype637.a(chameleon-bitop)
                0x000000000000c180                chameleon_bitopt

.rodata1
 *(.rodata1)

.eh_frame_hdr   0x000000000000c18c      0xb34
 *(.eh_frame_hdr)
 .eh_frame_hdr  0x000000000000c18c      0xb34 example-longrange-unicast.co

.eh_frame       0x000000000000ccc0     0x2d3c
 *(.eh_frame)
 .eh_frame      0x000000000000ccc0       0x3c /usr/lib/gcc/i686-linux-gnu/4.8/../../../i386-linux-gnu/crti.o
                                         0x40 (size before relaxing)
 .eh_frame      0x000000000000ccfc       0x44 example-longrange-unicast.co
                                         0x5c (size before relaxing)
 .eh_frame      0x000000000000cd40      0x148 obj_cooja/mtype637.o
                                        0x160 (size before relaxing)
 .eh_frame      0x000000000000ce88       0x40 obj_cooja/mtype637.a(simEnvChange.o)
                                         0x58 (size before relaxing)
 .eh_frame      0x000000000000cec8       0xc0 obj_cooja/mtype637.a(cooja_mt.o)
                                         0xd8 (size before relaxing)
 .eh_frame      0x000000000000cf88      0x120 obj_cooja/mtype637.a(cooja_mtarch.o)
                                        0x138 (size before relaxing)
 .eh_frame      0x000000000000d0a8       0xc0 obj_cooja/mtype637.a(rtimer-arch.o)
                                         0xd8 (size before relaxing)
 .eh_frame      0x000000000000d168      0x160 obj_cooja/mtype637.a(beep.o)
                                        0x178 (size before relaxing)
 .eh_frame      0x000000000000d2c8       0xa0 obj_cooja/mtype637.a(button-sensor.o)
                                         0xb8 (size before relaxing)
 .eh_frame      0x000000000000d368       0xa0 obj_cooja/mtype637.a(leds-arch.o)
                                         0xb8 (size before relaxing)
 .eh_frame      0x000000000000d408       0x40 obj_cooja/mtype637.a(moteid.o)
                                         0x58 (size before relaxing)
 .eh_frame      0x000000000000d448       0xa0 obj_cooja/mtype637.a(pir-sensor.o)
                                         0xb8 (size before relaxing)
 .eh_frame      0x000000000000d4e8      0x100 obj_cooja/mtype637.a(rs232.o)
                                        0x118 (size before relaxing)
 .eh_frame      0x000000000000d5e8       0xa0 obj_cooja/mtype637.a(vib-sensor.o)
                                         0xb8 (size before relaxing)
 .eh_frame      0x000000000000d688       0xc0 obj_cooja/mtype637.a(clock.o)
                                         0xd8 (size before relaxing)
 .eh_frame      0x000000000000d748      0x120 obj_cooja/mtype637.a(log.o)
                                        0x138 (size before relaxing)
 .eh_frame      0x000000000000d868      0x160 obj_cooja/mtype637.a(cfs-cooja.o)
                                        0x178 (size before relaxing)
 .eh_frame      0x000000000000d9c8      0x2e0 obj_cooja/mtype637.a(cooja-radio.o)
                                        0x2f8 (size before relaxing)
 .eh_frame      0x000000000000dca8       0xa0 obj_cooja/mtype637.a(eeprom.o)
                                         0xb8 (size before relaxing)
 .eh_frame      0x000000000000dd48       0x40 obj_cooja/mtype637.a(random.o)
                                         0x58 (size before relaxing)
 .eh_frame      0x000000000000dd88       0xc0 obj_cooja/mtype637.a(sensors.o)
                                         0xd8 (size before relaxing)
 .eh_frame      0x000000000000de48       0xa0 obj_cooja/mtype637.a(dual_conf.o)
                                         0xb8 (size before relaxing)
 .eh_frame      0x000000000000dee8       0x40 obj_cooja/mtype637.a(autostart.o)
                                         0x58 (size before relaxing)
 .eh_frame      0x000000000000df28      0x100 obj_cooja/mtype637.a(ctimer.o)
                                        0x118 (size before relaxing)
 .eh_frame      0x000000000000e028      0x1e0 obj_cooja/mtype637.a(etimer.o)
                                        0x1f8 (size before relaxing)
 .eh_frame      0x000000000000e208      0x1c8 obj_cooja/mtype637.a(process.o)
                                        0x1e0 (size before relaxing)
 .eh_frame      0x000000000000e3d0       0x60 obj_cooja/mtype637.a(rtimer.o)
                                         0x78 (size before relaxing)
 .eh_frame      0x000000000000e430       0xa4 obj_cooja/mtype637.a(timer.o)
                                         0xbc (size before relaxing)
 .eh_frame      0x000000000000e4d4       0x60 obj_cooja/mtype637.a(serial-line.o)
                                         0x78 (size before relaxing)
 .eh_frame      0x000000000000e534      0x180 obj_cooja/mtype637.a(list.o)
                                        0x198 (size before relaxing)
 .eh_frame      0x000000000000e6b4       0xa0 obj_cooja/mtype637.a(ringbuf.o)
                                         0xb8 (size before relaxing)
 .eh_frame      0x000000000000e754       0xc0 obj_cooja/mtype637.a(rime.o)
                                         0xd8 (size before relaxing)
 .eh_frame      0x000000000000e814       0xe0 obj_cooja/mtype637.a(unicast.o)
                                         0xf8 (size before relaxing)
 .eh_frame      0x000000000000e8f4       0x60 obj_cooja/mtype637.a(linkaddr.o)
                                         0x78 (size before relaxing)
 .eh_frame      0x000000000000e954       0x20 obj_cooja/mtype637.a(netstack.o)
                                         0x38 (size before relaxing)
 .eh_frame      0x000000000000e974      0x214 obj_cooja/mtype637.a(packetbuf.o)
                                        0x22c (size before relaxing)
 .eh_frame      0x000000000000eb88      0x1a0 obj_cooja/mtype637.a(queuebuf.o)
                                        0x1b8 (size before relaxing)
 .eh_frame      0x000000000000ed28      0x28c obj_cooja/mtype637.a(csma.o)
                                        0x2a4 (size before relaxing)
 .eh_frame      0x000000000000efb4       0x20 obj_cooja/mtype637.a(mac.o)
                                         0x38 (size before relaxing)
 .eh_frame      0x000000000000efd4      0x148 obj_cooja/mtype637.a(nullrdc.o)
                                        0x160 (size before relaxing)
 .eh_frame      0x000000000000f11c       0x80 obj_cooja/mtype637.a(nullsec.o)
                                         0x98 (size before relaxing)
 .eh_frame      0x000000000000f19c       0xa0 obj_cooja/mtype637.a(memb.o)
                                         0xb8 (size before relaxing)
 .eh_frame      0x000000000000f23c       0xa0 obj_cooja/mtype637.a(abc.o)
                                         0xb8 (size before relaxing)
 .eh_frame      0x000000000000f2dc      0x174 obj_cooja/mtype637.a(announcement.o)
                                        0x18c (size before relaxing)
 .eh_frame      0x000000000000f450      0x12c obj_cooja/mtype637.a(broadcast-annou)
                                        0x144 (size before relaxing)
 .eh_frame      0x000000000000f57c       0xec obj_cooja/mtype637.a(broadcast.o)
                                        0x104 (size before relaxing)
 .eh_frame      0x000000000000f668       0xa0 obj_cooja/mtype637.a(chameleon.o)
                                         0xb8 (size before relaxing)
 .eh_frame      0x000000000000f708       0xa0 obj_cooja/mtype637.a(channel.o)
                                         0xb8 (size before relaxing)
 .eh_frame      0x000000000000f7a8       0xa0 obj_cooja/mtype637.a(framer-nullmac.)
                                         0xb8 (size before relaxing)
 .eh_frame      0x000000000000f848      0x1b0 obj_cooja/mtype637.a(chameleon-bitop)
                                        0x1c8 (size before relaxing)
 .eh_frame      0x000000000000f9f8        0x4 /usr/lib/gcc/i686-linux-gnu/4.8/crtendS.o

.gcc_except_table
 *(.gcc_except_table .gcc_except_table.*)

.exception_ranges
 *(.exception_ranges .exception_ranges*)
                0x000000000000f9fc                . = (ALIGN (0x1000) - ((0x1000 - .) & 0xfff))
                0x0000000000010ef8                . = DATA_SEGMENT_ALIGN (0x1000, 0x1000)

.eh_frame
 *(.eh_frame)

.gcc_except_table
 *(.gcc_except_table .gcc_except_table.*)

.exception_ranges
 *(.exception_ranges .exception_ranges*)

.tdata
 *(.tdata .tdata.* .gnu.linkonce.td.*)

.tbss
 *(.tbss .tbss.* .gnu.linkonce.tb.*)
 *(.tcommon)

.preinit_array
 *(.preinit_array)

.init_array     0x0000000000010ef8        0x4
 *(SORT(.init_array.*) SORT(.ctors.*))
 *(.init_array EXCLUDE_FILE(*crtend?.o *crtend.o *crtbegin?.o *crtbegin.o) .ctors)
 .init_array    0x0000000000010ef8        0x4 /usr/lib/gcc/i686-linux-gnu/4.8/crtbeginS.o

.fini_array     0x0000000000010efc        0x4
 *(SORT(.fini_array.*) SORT(.dtors.*))
 *(.fini_array EXCLUDE_FILE(*crtend?.o *crtend.o *crtbegin?.o *crtbegin.o) .dtors)
 .fini_array    0x0000000000010efc        0x4 /usr/lib/gcc/i686-linux-gnu/4.8/crtbeginS.o

.ctors
 *crtbegin.o(.ctors)
 *crtbegin?.o(.ctors)
 *(EXCLUDE_FILE(*crtend?.o *crtend.o) .ctors)
 *(SORT(.ctors.*))
 *(.ctors)

.dtors
 *crtbegin.o(.dtors)
 *crtbegin?.o(.dtors)
 *(EXCLUDE_FILE(*crtend?.o *crtend.o) .dtors)
 *(SORT(.dtors.*))
 *(.dtors)

.jcr            0x0000000000010f00        0x4
 *(.jcr)
 .jcr           0x0000000000010f00        0x0 /usr/lib/gcc/i686-linux-gnu/4.8/crtbeginS.o
 .jcr           0x0000000000010f00        0x4 /usr/lib/gcc/i686-linux-gnu/4.8/crtendS.o

.data.rel.ro
 *(.data.rel.ro.local* .gnu.linkonce.d.rel.ro.local.*)
 *(.data.rel.ro .data.rel.ro.* .gnu.linkonce.d.rel.ro.*)

.dynamic        0x0000000000010f04       0xe8
 *(.dynamic)
 .dynamic       0x0000000000010f04       0xe8 /usr/lib/gcc/i686-linux-gnu/4.8/../../../i386-linux-gnu/crti.o
                0x0000000000010f04                _DYNAMIC

.got            0x0000000000010fec       0x14
 *(.got)
 .got           0x0000000000010fec       0x14 /usr/lib/gcc/i686-linux-gnu/4.8/../../../i386-linux-gnu/crti.o
 *(.igot)
                0x0000000000011ff4                . = DATA_SEGMENT_RELRO_END (., (SIZEOF (.got.plt) >= 0xc)?0xc:0x0)

.got.plt        0x0000000000011000       0x14
 *(.got.plt)
 .got.plt       0x0000000000011000       0x14 /usr/lib/gcc/i686-linux-gnu/4.8/../../../i386-linux-gnu/crti.o
                0x0000000000011000                _GLOBAL_OFFSET_TABLE_
 *(.igot.plt)

.data           0x0000000000011020      0x128
 *(.data .data.* .gnu.linkonce.d.*)
 .data          0x0000000000011020        0x0 /usr/lib/gcc/i686-linux-gnu/4.8/../../../i386-linux-gnu/crti.o
 .data          0x0000000000011020        0x0 /usr/lib/gcc/i686-linux-gnu/4.8/crtbeginS.o
 .data.rel      0x0000000000011020        0x4 /usr/lib/gcc/i686-linux-gnu/4.8/crtbeginS.o
                0x0000000000011020                __dso_handle
 .data          0x0000000000011024       0x10 example-longrange-unicast.co
                0x0000000000011024                example_unicast_process
 *fill*         0x0000000000011034        0xc 
 .data          0x0000000000011040       0x44 obj_cooja/mtype637.o
                0x0000000000011040                simInterfaces
                0x0000000000011074                sensors
 .data          0x0000000000011084        0x0 obj_cooja/mtype637.a(simEnvChange.o)
 .data          0x0000000000011084        0x0 obj_cooja/mtype637.a(cooja_mt.o)
 .data          0x0000000000011084        0x0 obj_cooja/mtype637.a(cooja_mtarch.o)
 .data          0x0000000000011084        0x0 obj_cooja/mtype637.a(rtimer-arch.o)
 .data          0x0000000000011084        0x0 obj_cooja/mtype637.a(beep.o)
 .data          0x0000000000011084        0x0 obj_cooja/mtype637.a(button-sensor.o)
 .data          0x0000000000011084        0x0 obj_cooja/mtype637.a(leds-arch.o)
 .data          0x0000000000011084        0x0 obj_cooja/mtype637.a(moteid.o)
 .data          0x0000000000011084        0x0 obj_cooja/mtype637.a(pir-sensor.o)
 .data          0x0000000000011084        0x0 obj_cooja/mtype637.a(rs232.o)
 .data          0x0000000000011084        0x0 obj_cooja/mtype637.a(vib-sensor.o)
 .data          0x0000000000011084        0x0 obj_cooja/mtype637.a(clock.o)
 .data          0x0000000000011084        0x0 obj_cooja/mtype637.a(log.o)
 .data          0x0000000000011084        0x0 obj_cooja/mtype637.a(cfs-cooja.o)
 .data          0x0000000000011084       0x2c obj_cooja/mtype637.a(cooja-radio.o)
                0x0000000000011084                simRadioHWOn
                0x0000000000011088                simSignalStrength
                0x000000000001108c                simLastSignalStrength
                0x0000000000011090                simPower
                0x0000000000011094                simRadioChannel
                0x0000000000011098                simRadioChannelLR
                0x000000000001109c                simLQI
                0x00000000000110a0                cooja_radio_process
 .data          0x00000000000110b0        0x0 obj_cooja/mtype637.a(eeprom.o)
 .data          0x00000000000110b0        0x0 obj_cooja/mtype637.a(random.o)
 .data          0x00000000000110b0       0x10 obj_cooja/mtype637.a(sensors.o)
                0x00000000000110b0                sensors_process
 .data          0x00000000000110c0        0x4 obj_cooja/mtype637.a(dual_conf.o)
                0x00000000000110c0                radio_received
 .data          0x00000000000110c4        0x0 obj_cooja/mtype637.a(autostart.o)
 .data          0x00000000000110c4       0x14 obj_cooja/mtype637.a(ctimer.o)
                0x00000000000110c8                ctimer_process
 .data          0x00000000000110d8       0x10 obj_cooja/mtype637.a(etimer.o)
                0x00000000000110d8                etimer_process
 .data          0x00000000000110e8        0x0 obj_cooja/mtype637.a(process.o)
 .data          0x00000000000110e8        0x0 obj_cooja/mtype637.a(rtimer.o)
 .data          0x00000000000110e8        0x0 obj_cooja/mtype637.a(timer.o)
 .data          0x00000000000110e8       0x10 obj_cooja/mtype637.a(serial-line.o)
                0x00000000000110e8                serial_line_process
 .data          0x00000000000110f8        0x0 obj_cooja/mtype637.a(list.o)
 .data          0x00000000000110f8        0x0 obj_cooja/mtype637.a(ringbuf.o)
 .data          0x00000000000110f8        0x4 obj_cooja/mtype637.a(rime.o)
 .data          0x00000000000110fc        0x0 obj_cooja/mtype637.a(unicast.o)
 .data          0x00000000000110fc        0x0 obj_cooja/mtype637.a(linkaddr.o)
 .data          0x00000000000110fc        0x0 obj_cooja/mtype637.a(netstack.o)
 .data          0x00000000000110fc        0x4 obj_cooja/mtype637.a(packetbuf.o)
 .data          0x0000000000011100       0x18 obj_cooja/mtype637.a(queuebuf.o)
 .data          0x0000000000011118       0x28 obj_cooja/mtype637.a(csma.o)
 .data          0x0000000000011140        0x0 obj_cooja/mtype637.a(mac.o)
 .data          0x0000000000011140        0x0 obj_cooja/mtype637.a(nullrdc.o)
 .data          0x0000000000011140        0x0 obj_cooja/mtype637.a(nullsec.o)
 .data          0x0000000000011140        0x0 obj_cooja/mtype637.a(rimestats.o)
 .data          0x0000000000011140        0x0 obj_cooja/mtype637.a(memb.o)
 .data          0x0000000000011140        0x0 obj_cooja/mtype637.a(abc.o)
 .data          0x0000000000011140        0x4 obj_cooja/mtype637.a(announcement.o)
 .data          0x0000000000011144        0x0 obj_cooja/mtype637.a(broadcast-annou)
 .data          0x0000000000011144        0x0 obj_cooja/mtype637.a(broadcast.o)
 .data          0x0000000000011144        0x0 obj_cooja/mtype637.a(chameleon.o)
 .data          0x0000000000011144        0x4 obj_cooja/mtype637.a(channel.o)
 .data          0x0000000000011148        0x0 obj_cooja/mtype637.a(framer-nullmac.)
 .data          0x0000000000011148        0x0 obj_cooja/mtype637.a(chameleon-bitop)
 .data          0x0000000000011148        0x0 /usr/lib/gcc/i686-linux-gnu/4.8/crtendS.o
 .data          0x0000000000011148        0x0 /usr/lib/gcc/i686-linux-gnu/4.8/../../../i386-linux-gnu/crtn.o

.tm_clone_table
                0x0000000000011148        0x0
 .tm_clone_table
                0x0000000000011148        0x0 /usr/lib/gcc/i686-linux-gnu/4.8/crtbeginS.o
 .tm_clone_table
                0x0000000000011148        0x0 /usr/lib/gcc/i686-linux-gnu/4.8/crtendS.o

.data1
 *(.data1)
                0x0000000000011148                _edata = .
                0x0000000000011148                PROVIDE (edata, .)
                0x0000000000011148                . = .
                0x0000000000011148                __bss_start = .

.bss            0x0000000000011160     0x5b08
 *(.dynbss)
 .dynbss        0x0000000000000000        0x0 /usr/lib/gcc/i686-linux-gnu/4.8/../../../i386-linux-gnu/crti.o
 *(.bss .bss.* .gnu.linkonce.b.*)
 .bss           0x0000000000011160        0x0 /usr/lib/gcc/i686-linux-gnu/4.8/../../../i386-linux-gnu/crti.o
 .bss           0x0000000000011160        0x1 /usr/lib/gcc/i686-linux-gnu/4.8/crtbeginS.o
 *fill*         0x0000000000011161        0x3 
 .bss           0x0000000000011164       0x2c example-longrange-unicast.co
 *fill*         0x0000000000011190       0x10 
 .bss           0x00000000000111a0     0x2030 obj_cooja/mtype637.o
 .bss           0x00000000000131d0        0x1 obj_cooja/mtype637.a(simEnvChange.o)
                0x00000000000131d0                simDontFallAsleep
 *fill*         0x00000000000131d1        0x3 
 .bss           0x00000000000131d4        0x4 obj_cooja/mtype637.a(cooja_mt.o)
 .bss           0x00000000000131d8        0x4 obj_cooja/mtype637.a(cooja_mtarch.o)
 .bss           0x00000000000131dc        0xc obj_cooja/mtype637.a(rtimer-arch.o)
 .bss           0x00000000000131e8        0x0 obj_cooja/mtype637.a(beep.o)
 .bss           0x00000000000131e8        0x8 obj_cooja/mtype637.a(button-sensor.o)
 .bss           0x00000000000131f0        0x0 obj_cooja/mtype637.a(leds-arch.o)
 .bss           0x00000000000131f0        0x0 obj_cooja/mtype637.a(moteid.o)
 .bss           0x00000000000131f0        0x1 obj_cooja/mtype637.a(pir-sensor.o)
                0x00000000000131f0                simPirValue
 *fill*         0x00000000000131f1        0x3 
 .bss           0x00000000000131f4        0x4 obj_cooja/mtype637.a(rs232.o)
 .bss           0x00000000000131f8        0x1 obj_cooja/mtype637.a(vib-sensor.o)
                0x00000000000131f8                simVibValue
 .bss           0x00000000000131f9        0x0 obj_cooja/mtype637.a(clock.o)
 *fill*         0x00000000000131f9        0x7 
 .bss           0x0000000000013200      0x420 obj_cooja/mtype637.a(log.o)
 .bss           0x0000000000013620      0xfc0 obj_cooja/mtype637.a(cfs-cooja.o)
                0x0000000000013620                simCFSData
                0x00000000000145c0                simCFSSize
                0x00000000000145c4                simCFSChanged
                0x00000000000145c8                simCFSRead
                0x00000000000145cc                simCFSWritten
 .bss           0x00000000000145e0       0x1c obj_cooja/mtype637.a(cooja-radio.o)
                0x00000000000145e0                simReceiving
                0x00000000000145e1                simReceivingLR
                0x00000000000145e4                simInSize
                0x00000000000145e8                simInSizeLR
                0x00000000000145ec                simOutSize
                0x00000000000145f0                simOutSizeLR
                0x00000000000145f4                LongRangeTransmit
 .bss           0x00000000000145fc        0xc obj_cooja/mtype637.a(eeprom.o)
                0x00000000000145fc                simEEPROMChanged
                0x0000000000014600                simEEPROMRead
                0x0000000000014604                simEEPROMWritten
 .bss           0x0000000000014608        0x0 obj_cooja/mtype637.a(random.o)
 .bss           0x0000000000014608        0xc obj_cooja/mtype637.a(sensors.o)
 .bss           0x0000000000014614        0x4 obj_cooja/mtype637.a(dual_conf.o)
                0x0000000000014614                long_range_radio
 .bss           0x0000000000014618        0x0 obj_cooja/mtype637.a(autostart.o)
 .bss           0x0000000000014618        0x5 obj_cooja/mtype637.a(ctimer.o)
 *fill*         0x000000000001461d        0x3 
 .bss           0x0000000000014620        0x8 obj_cooja/mtype637.a(etimer.o)
 *fill*         0x0000000000014628       0x18 
 .bss           0x0000000000014640      0x1b1 obj_cooja/mtype637.a(process.o)
                0x0000000000014640                process_list
                0x0000000000014644                process_current
 *fill*         0x00000000000147f1        0x3 
 .bss           0x00000000000147f4        0x4 obj_cooja/mtype637.a(rtimer.o)
 .bss           0x00000000000147f8        0x0 obj_cooja/mtype637.a(timer.o)
 *fill*         0x00000000000147f8        0x8 
 .bss           0x0000000000014800      0x140 obj_cooja/mtype637.a(serial-line.o)
 .bss           0x0000000000014940        0x0 obj_cooja/mtype637.a(list.o)
 .bss           0x0000000000014940        0x0 obj_cooja/mtype637.a(ringbuf.o)
 .bss           0x0000000000014940        0x4 obj_cooja/mtype637.a(rime.o)
 .bss           0x0000000000014944        0x0 obj_cooja/mtype637.a(unicast.o)
 .bss           0x0000000000014944        0x0 obj_cooja/mtype637.a(linkaddr.o)
 .bss           0x0000000000014944        0x0 obj_cooja/mtype637.a(netstack.o)
 *fill*         0x0000000000014944       0x1c 
 .bss           0x0000000000014960       0xa0 obj_cooja/mtype637.a(packetbuf.o)
 .bss           0x0000000000014a00      0xc60 obj_cooja/mtype637.a(queuebuf.o)
 .bss           0x0000000000015660      0x248 obj_cooja/mtype637.a(csma.o)
 .bss           0x00000000000158a8        0x0 obj_cooja/mtype637.a(mac.o)
 .bss           0x00000000000158a8        0x0 obj_cooja/mtype637.a(nullrdc.o)
 .bss           0x00000000000158a8        0x0 obj_cooja/mtype637.a(nullsec.o)
 .bss           0x00000000000158a8        0x0 obj_cooja/mtype637.a(rimestats.o)
 .bss           0x00000000000158a8        0x0 obj_cooja/mtype637.a(memb.o)
 .bss           0x00000000000158a8        0x0 obj_cooja/mtype637.a(abc.o)
 .bss           0x00000000000158a8        0xc obj_cooja/mtype637.a(announcement.o)
 *fill*         0x00000000000158b4        0xc 
 .bss           0x00000000000158c0       0x6c obj_cooja/mtype637.a(broadcast-annou)
 .bss           0x000000000001592c        0x0 obj_cooja/mtype637.a(broadcast.o)
 .bss           0x000000000001592c        0x0 obj_cooja/mtype637.a(chameleon.o)
 .bss           0x000000000001592c        0x4 obj_cooja/mtype637.a(channel.o)
 .bss           0x0000000000015930        0x0 obj_cooja/mtype637.a(framer-nullmac.)
 .bss           0x0000000000015930        0x0 obj_cooja/mtype637.a(chameleon-bitop)
 .bss           0x0000000000015930        0x0 /usr/lib/gcc/i686-linux-gnu/4.8/crtendS.o
 .bss           0x0000000000015930        0x0 /usr/lib/gcc/i686-linux-gnu/4.8/../../../i386-linux-gnu/crtn.o
 *(COMMON)
 COMMON         0x0000000000015930        0x0 example-longrange-unicast.co
 COMMON         0x0000000000015930        0x8 obj_cooja/mtype637.o
                0x0000000000015930                referenceVar
                0x0000000000015934                sensors_flags
 COMMON         0x0000000000015938        0xc obj_cooja/mtype637.a(simEnvChange.o)
                0x0000000000015938                simEtimerPending
                0x000000000001593c                simProcessRunValue
                0x0000000000015940                simNextExpirationTime
 COMMON         0x0000000000015944        0x1 obj_cooja/mtype637.a(beep.o)
                0x0000000000015944                simBeeped
 COMMON         0x0000000000015945        0x3 obj_cooja/mtype637.a(button-sensor.o)
                0x0000000000015945                simButtonIsActive
                0x0000000000015946                simButtonIsDown
                0x0000000000015947                simButtonChanged
 COMMON         0x0000000000015948        0x1 obj_cooja/mtype637.a(leds-arch.o)
                0x0000000000015948                simLedsValue
 *fill*         0x0000000000015949        0x3 
 COMMON         0x000000000001594c        0xc obj_cooja/mtype637.a(moteid.o)
                0x000000000001594c                simRandomSeed
                0x0000000000015950                simMoteIDChanged
                0x0000000000015954                simMoteID
 COMMON         0x0000000000015958        0x2 obj_cooja/mtype637.a(pir-sensor.o)
                0x0000000000015958                simPirIsActive
                0x0000000000015959                simPirChanged
 *fill*         0x000000000001595a        0x6 
 COMMON         0x0000000000015960      0x820 obj_cooja/mtype637.a(rs232.o)
                0x0000000000015960                simSerialReceivingFlag
                0x0000000000015964                simSerialReceivingLength
                0x0000000000015980                simSerialReceivingData
 COMMON         0x0000000000016180        0x2 obj_cooja/mtype637.a(vib-sensor.o)
                0x0000000000016180                simVibChanged
                0x0000000000016181                simVibIsActive
 *fill*         0x0000000000016182        0x2 
 COMMON         0x0000000000016184        0x4 obj_cooja/mtype637.a(clock.o)
                0x0000000000016184                simCurrentTime
 *fill*         0x0000000000016188       0x18 
 COMMON         0x00000000000161a0      0x420 obj_cooja/mtype637.a(log.o)
                0x00000000000161a0                simLoggedLength
                0x00000000000161a4                simLoggedFlag
                0x00000000000161c0                simLoggedData
 COMMON         0x00000000000165c0      0x200 obj_cooja/mtype637.a(cooja-radio.o)
                0x00000000000165c0                simOutDataBuffer
                0x0000000000016640                simInDataBufferLR
                0x00000000000166c0                simOutDataBufferLR
                0x0000000000016740                simInDataBuffer
 COMMON         0x00000000000167c0      0x400 obj_cooja/mtype637.a(eeprom.o)
                0x00000000000167c0                simEEPROMData
 COMMON         0x0000000000016bc0        0x1 obj_cooja/mtype637.a(sensors.o)
                0x0000000000016bc0                sensors_event
 COMMON         0x0000000000016bc1        0x1 obj_cooja/mtype637.a(serial-line.o)
                0x0000000000016bc1                serial_line_event_message
 COMMON         0x0000000000016bc2        0x2 obj_cooja/mtype637.a(linkaddr.o)
                0x0000000000016bc2                linkaddr_node_addr
 *fill*         0x0000000000016bc4       0x1c 
 COMMON         0x0000000000016be0       0x3c obj_cooja/mtype637.a(packetbuf.o)
                0x0000000000016be0                packetbuf_attrs
                0x0000000000016c14                packetbuf_addrs
 *fill*         0x0000000000016c1c        0x4 
 COMMON         0x0000000000016c20       0x48 obj_cooja/mtype637.a(rimestats.o)
                0x0000000000016c20                rimestats
                0x0000000000016c68                . = ALIGN ((. != 0x0)?0x4:0x1)
                0x0000000000016c68                . = ALIGN (0x4)
                0x0000000000016c68                . = SEGMENT_START ("ldata-segment", .)
                0x0000000000016c68                . = ALIGN (0x4)
                0x0000000000016c68                _end = .
                0x0000000000016c68                PROVIDE (end, .)
                0x0000000000016c68                . = DATA_SEGMENT_END (.)

.stab
 *(.stab)

.stabstr
 *(.stabstr)

.stab.excl
 *(.stab.excl)

.stab.exclstr
 *(.stab.exclstr)

.stab.index
 *(.stab.index)

.stab.indexstr
 *(.stab.indexstr)

.comment        0x0000000000000000       0x2b
 *(.comment)
 .comment       0x0000000000000000       0x2b /usr/lib/gcc/i686-linux-gnu/4.8/crtbeginS.o
                                         0x2c (size before relaxing)
 .comment       0x0000000000000000       0x2c example-longrange-unicast.co
 .comment       0x0000000000000000       0x2c obj_cooja/mtype637.o
 .comment       0x0000000000000000       0x2c obj_cooja/mtype637.a(simEnvChange.o)
 .comment       0x0000000000000000       0x2c obj_cooja/mtype637.a(cooja_mt.o)
 .comment       0x0000000000000000       0x2c obj_cooja/mtype637.a(cooja_mtarch.o)
 .comment       0x0000000000000000       0x2c obj_cooja/mtype637.a(rtimer-arch.o)
 .comment       0x0000000000000000       0x2c obj_cooja/mtype637.a(beep.o)
 .comment       0x0000000000000000       0x2c obj_cooja/mtype637.a(button-sensor.o)
 .comment       0x0000000000000000       0x2c obj_cooja/mtype637.a(leds-arch.o)
 .comment       0x0000000000000000       0x2c obj_cooja/mtype637.a(moteid.o)
 .comment       0x0000000000000000       0x2c obj_cooja/mtype637.a(pir-sensor.o)
 .comment       0x0000000000000000       0x2c obj_cooja/mtype637.a(rs232.o)
 .comment       0x0000000000000000       0x2c obj_cooja/mtype637.a(vib-sensor.o)
 .comment       0x0000000000000000       0x2c obj_cooja/mtype637.a(clock.o)
 .comment       0x0000000000000000       0x2c obj_cooja/mtype637.a(log.o)
 .comment       0x0000000000000000       0x2c obj_cooja/mtype637.a(cfs-cooja.o)
 .comment       0x0000000000000000       0x2c obj_cooja/mtype637.a(cooja-radio.o)
 .comment       0x0000000000000000       0x2c obj_cooja/mtype637.a(eeprom.o)
 .comment       0x0000000000000000       0x2c obj_cooja/mtype637.a(random.o)
 .comment       0x0000000000000000       0x2c obj_cooja/mtype637.a(sensors.o)
 .comment       0x0000000000000000       0x2c obj_cooja/mtype637.a(dual_conf.o)
 .comment       0x0000000000000000       0x2c obj_cooja/mtype637.a(autostart.o)
 .comment       0x0000000000000000       0x2c obj_cooja/mtype637.a(ctimer.o)
 .comment       0x0000000000000000       0x2c obj_cooja/mtype637.a(etimer.o)
 .comment       0x0000000000000000       0x2c obj_cooja/mtype637.a(process.o)
 .comment       0x0000000000000000       0x2c obj_cooja/mtype637.a(rtimer.o)
 .comment       0x0000000000000000       0x2c obj_cooja/mtype637.a(timer.o)
 .comment       0x0000000000000000       0x2c obj_cooja/mtype637.a(serial-line.o)
 .comment       0x0000000000000000       0x2c obj_cooja/mtype637.a(list.o)
 .comment       0x0000000000000000       0x2c obj_cooja/mtype637.a(ringbuf.o)
 .comment       0x0000000000000000       0x2c obj_cooja/mtype637.a(rime.o)
 .comment       0x0000000000000000       0x2c obj_cooja/mtype637.a(unicast.o)
 .comment       0x0000000000000000       0x2c obj_cooja/mtype637.a(linkaddr.o)
 .comment       0x0000000000000000       0x2c obj_cooja/mtype637.a(netstack.o)
 .comment       0x0000000000000000       0x2c obj_cooja/mtype637.a(packetbuf.o)
 .comment       0x0000000000000000       0x2c obj_cooja/mtype637.a(queuebuf.o)
 .comment       0x0000000000000000       0x2c obj_cooja/mtype637.a(csma.o)
 .comment       0x0000000000000000       0x2c obj_cooja/mtype637.a(mac.o)
 .comment       0x0000000000000000       0x2c obj_cooja/mtype637.a(nullrdc.o)
 .comment       0x0000000000000000       0x2c obj_cooja/mtype637.a(nullsec.o)
 .comment       0x0000000000000000       0x2c obj_cooja/mtype637.a(rimestats.o)
 .comment       0x0000000000000000       0x2c obj_cooja/mtype637.a(memb.o)
 .comment       0x0000000000000000       0x2c obj_cooja/mtype637.a(abc.o)
 .comment       0x0000000000000000       0x2c obj_cooja/mtype637.a(announcement.o)
 .comment       0x0000000000000000       0x2c obj_cooja/mtype637.a(broadcast-annou)
 .comment       0x0000000000000000       0x2c obj_cooja/mtype637.a(broadcast.o)
 .comment       0x0000000000000000       0x2c obj_cooja/mtype637.a(chameleon.o)
 .comment       0x0000000000000000       0x2c obj_cooja/mtype637.a(channel.o)
 .comment       0x0000000000000000       0x2c obj_cooja/mtype637.a(framer-nullmac.)
 .comment       0x0000000000000000       0x2c obj_cooja/mtype637.a(chameleon-bitop)
 .comment       0x0000000000000000       0x2c /usr/lib/gcc/i686-linux-gnu/4.8/crtendS.o

.debug
 *(.debug)

.line
 *(.line)

.debug_srcinfo
 *(.debug_srcinfo)

.debug_sfnames
 *(.debug_sfnames)

.debug_aranges  0x0000000000000000      0x638
 *(.debug_aranges)
 .debug_aranges
                0x0000000000000000       0x20 example-longrange-unicast.co
 .debug_aranges
                0x0000000000000020       0x20 obj_cooja/mtype637.o
 .debug_aranges
                0x0000000000000040       0x20 obj_cooja/mtype637.a(simEnvChange.o)
 .debug_aranges
                0x0000000000000060       0x20 obj_cooja/mtype637.a(cooja_mt.o)
 .debug_aranges
                0x0000000000000080       0x20 obj_cooja/mtype637.a(cooja_mtarch.o)
 .debug_aranges
                0x00000000000000a0       0x20 obj_cooja/mtype637.a(rtimer-arch.o)
 .debug_aranges
                0x00000000000000c0       0x20 obj_cooja/mtype637.a(beep.o)
 .debug_aranges
                0x00000000000000e0       0x20 obj_cooja/mtype637.a(button-sensor.o)
 .debug_aranges
                0x0000000000000100       0x20 obj_cooja/mtype637.a(leds-arch.o)
 .debug_aranges
                0x0000000000000120       0x20 obj_cooja/mtype637.a(moteid.o)
 .debug_aranges
                0x0000000000000140       0x20 obj_cooja/mtype637.a(pir-sensor.o)
 .debug_aranges
                0x0000000000000160       0x20 obj_cooja/mtype637.a(rs232.o)
 .debug_aranges
                0x0000000000000180       0x20 obj_cooja/mtype637.a(vib-sensor.o)
 .debug_aranges
                0x00000000000001a0       0x20 obj_cooja/mtype637.a(clock.o)
 .debug_aranges
                0x00000000000001c0       0x20 obj_cooja/mtype637.a(log.o)
 .debug_aranges
                0x00000000000001e0       0x20 obj_cooja/mtype637.a(cfs-cooja.o)
 .debug_aranges
                0x0000000000000200       0x20 obj_cooja/mtype637.a(cooja-radio.o)
 .debug_aranges
                0x0000000000000220       0x20 obj_cooja/mtype637.a(eeprom.o)
 .debug_aranges
                0x0000000000000240       0x20 obj_cooja/mtype637.a(random.o)
 .debug_aranges
                0x0000000000000260       0x20 obj_cooja/mtype637.a(sensors.o)
 .debug_aranges
                0x0000000000000280       0x20 obj_cooja/mtype637.a(dual_conf.o)
 .debug_aranges
                0x00000000000002a0       0x20 obj_cooja/mtype637.a(autostart.o)
 .debug_aranges
                0x00000000000002c0       0x20 obj_cooja/mtype637.a(ctimer.o)
 .debug_aranges
                0x00000000000002e0       0x20 obj_cooja/mtype637.a(etimer.o)
 .debug_aranges
                0x0000000000000300       0x20 obj_cooja/mtype637.a(process.o)
 .debug_aranges
                0x0000000000000320       0x20 obj_cooja/mtype637.a(rtimer.o)
 .debug_aranges
                0x0000000000000340       0x20 obj_cooja/mtype637.a(timer.o)
 .debug_aranges
                0x0000000000000360       0x20 obj_cooja/mtype637.a(serial-line.o)
 .debug_aranges
                0x0000000000000380       0x20 obj_cooja/mtype637.a(list.o)
 .debug_aranges
                0x00000000000003a0       0x20 obj_cooja/mtype637.a(ringbuf.o)
 .debug_aranges
                0x00000000000003c0       0x20 obj_cooja/mtype637.a(rime.o)
 .debug_aranges
                0x00000000000003e0       0x20 obj_cooja/mtype637.a(unicast.o)
 .debug_aranges
                0x0000000000000400       0x20 obj_cooja/mtype637.a(linkaddr.o)
 .debug_aranges
                0x0000000000000420       0x20 obj_cooja/mtype637.a(netstack.o)
 .debug_aranges
                0x0000000000000440       0x20 obj_cooja/mtype637.a(packetbuf.o)
 .debug_aranges
                0x0000000000000460       0x20 obj_cooja/mtype637.a(queuebuf.o)
 .debug_aranges
                0x0000000000000480       0x20 obj_cooja/mtype637.a(csma.o)
 .debug_aranges
                0x00000000000004a0       0x20 obj_cooja/mtype637.a(mac.o)
 .debug_aranges
                0x00000000000004c0       0x20 obj_cooja/mtype637.a(nullrdc.o)
 .debug_aranges
                0x00000000000004e0       0x20 obj_cooja/mtype637.a(nullsec.o)
 .debug_aranges
                0x0000000000000500       0x18 obj_cooja/mtype637.a(rimestats.o)
 .debug_aranges
                0x0000000000000518       0x20 obj_cooja/mtype637.a(memb.o)
 .debug_aranges
                0x0000000000000538       0x20 obj_cooja/mtype637.a(abc.o)
 .debug_aranges
                0x0000000000000558       0x20 obj_cooja/mtype637.a(announcement.o)
 .debug_aranges
                0x0000000000000578       0x20 obj_cooja/mtype637.a(broadcast-annou)
 .debug_aranges
                0x0000000000000598       0x20 obj_cooja/mtype637.a(broadcast.o)
 .debug_aranges
                0x00000000000005b8       0x20 obj_cooja/mtype637.a(chameleon.o)
 .debug_aranges
                0x00000000000005d8       0x20 obj_cooja/mtype637.a(channel.o)
 .debug_aranges
                0x00000000000005f8       0x20 obj_cooja/mtype637.a(framer-nullmac.)
 .debug_aranges
                0x0000000000000618       0x20 obj_cooja/mtype637.a(chameleon-bitop)

.debug_pubnames
 *(.debug_pubnames)

.debug_info     0x0000000000000000     0xe412
 *(.debug_info .gnu.linkonce.wi.*)
 .debug_info    0x0000000000000000      0x5e7 example-longrange-unicast.co
 .debug_info    0x00000000000005e7     0x3570 obj_cooja/mtype637.o
 .debug_info    0x0000000000003b57      0x15a obj_cooja/mtype637.a(simEnvChange.o)
 .debug_info    0x0000000000003cb1      0x1e2 obj_cooja/mtype637.a(cooja_mt.o)
 .debug_info    0x0000000000003e93      0x2e7 obj_cooja/mtype637.a(cooja_mtarch.o)
 .debug_info    0x000000000000417a      0x16b obj_cooja/mtype637.a(rtimer-arch.o)
 .debug_info    0x00000000000042e5      0x1f3 obj_cooja/mtype637.a(beep.o)
 .debug_info    0x00000000000044d8      0x257 obj_cooja/mtype637.a(button-sensor.o)
 .debug_info    0x000000000000472f      0x132 obj_cooja/mtype637.a(leds-arch.o)
 .debug_info    0x0000000000004861      0x10a obj_cooja/mtype637.a(moteid.o)
 .debug_info    0x000000000000496b      0x216 obj_cooja/mtype637.a(pir-sensor.o)
 .debug_info    0x0000000000004b81      0x21e obj_cooja/mtype637.a(rs232.o)
 .debug_info    0x0000000000004d9f      0x216 obj_cooja/mtype637.a(vib-sensor.o)
 .debug_info    0x0000000000004fb5      0x152 obj_cooja/mtype637.a(clock.o)
 .debug_info    0x0000000000005107      0x2bb obj_cooja/mtype637.a(log.o)
 .debug_info    0x00000000000053c2      0x3cf obj_cooja/mtype637.a(cfs-cooja.o)
 .debug_info    0x0000000000005791      0xca6 obj_cooja/mtype637.a(cooja-radio.o)
 .debug_info    0x0000000000006437      0x1d5 obj_cooja/mtype637.a(eeprom.o)
 .debug_info    0x000000000000660c       0xb3 obj_cooja/mtype637.a(random.o)
 .debug_info    0x00000000000066bf      0x36d obj_cooja/mtype637.a(sensors.o)
 .debug_info    0x0000000000006a2c      0x136 obj_cooja/mtype637.a(dual_conf.o)
 .debug_info    0x0000000000006b62      0x1a5 obj_cooja/mtype637.a(autostart.o)
 .debug_info    0x0000000000006d07      0x46c obj_cooja/mtype637.a(ctimer.o)
 .debug_info    0x0000000000007173      0x49c obj_cooja/mtype637.a(etimer.o)
 .debug_info    0x000000000000760f      0x4ba obj_cooja/mtype637.a(process.o)
 .debug_info    0x0000000000007ac9      0x1ab obj_cooja/mtype637.a(rtimer.o)
 .debug_info    0x0000000000007c74      0x16c obj_cooja/mtype637.a(timer.o)
 .debug_info    0x0000000000007de0      0x2de obj_cooja/mtype637.a(serial-line.o)
 .debug_info    0x00000000000080be      0x2ed obj_cooja/mtype637.a(list.o)
 .debug_info    0x00000000000083ab      0x1aa obj_cooja/mtype637.a(ringbuf.o)
 .debug_info    0x0000000000008555      0x520 obj_cooja/mtype637.a(rime.o)
 .debug_info    0x0000000000008a75      0x5cd obj_cooja/mtype637.a(unicast.o)
 .debug_info    0x0000000000009042      0x17b obj_cooja/mtype637.a(linkaddr.o)
 .debug_info    0x00000000000091bd      0x4b9 obj_cooja/mtype637.a(netstack.o)
 .debug_info    0x0000000000009676      0x4d1 obj_cooja/mtype637.a(packetbuf.o)
 .debug_info    0x0000000000009b47      0x5d6 obj_cooja/mtype637.a(queuebuf.o)
 .debug_info    0x000000000000a11d      0xc58 obj_cooja/mtype637.a(csma.o)
 .debug_info    0x000000000000ad75      0x112 obj_cooja/mtype637.a(mac.o)
 .debug_info    0x000000000000ae87      0x827 obj_cooja/mtype637.a(nullrdc.o)
 .debug_info    0x000000000000b6ae      0x403 obj_cooja/mtype637.a(nullsec.o)
 .debug_info    0x000000000000bab1      0x119 obj_cooja/mtype637.a(rimestats.o)
 .debug_info    0x000000000000bbca      0x1d7 obj_cooja/mtype637.a(memb.o)
 .debug_info    0x000000000000bda1      0x425 obj_cooja/mtype637.a(abc.o)
 .debug_info    0x000000000000c1c6      0x3b1 obj_cooja/mtype637.a(announcement.o)
 .debug_info    0x000000000000c577      0x7c2 obj_cooja/mtype637.a(broadcast-annou)
 .debug_info    0x000000000000cd39      0x536 obj_cooja/mtype637.a(broadcast.o)
 .debug_info    0x000000000000d26f      0x3b4 obj_cooja/mtype637.a(chameleon.o)
 .debug_info    0x000000000000d623      0x2b4 obj_cooja/mtype637.a(channel.o)
 .debug_info    0x000000000000d8d7      0x352 obj_cooja/mtype637.a(framer-nullmac.)
 .debug_info    0x000000000000dc29      0x7e9 obj_cooja/mtype637.a(chameleon-bitop)

.debug_abbrev   0x0000000000000000     0x4557
 *(.debug_abbrev)
 .debug_abbrev  0x0000000000000000      0x1ad example-longrange-unicast.co
 .debug_abbrev  0x00000000000001ad      0x2a8 obj_cooja/mtype637.o
 .debug_abbrev  0x0000000000000455       0xc3 obj_cooja/mtype637.a(simEnvChange.o)
 .debug_abbrev  0x0000000000000518       0xe6 obj_cooja/mtype637.a(cooja_mt.o)
 .debug_abbrev  0x00000000000005fe      0x147 obj_cooja/mtype637.a(cooja_mtarch.o)
 .debug_abbrev  0x0000000000000745       0xcc obj_cooja/mtype637.a(rtimer-arch.o)
 .debug_abbrev  0x0000000000000811       0xe3 obj_cooja/mtype637.a(beep.o)
 .debug_abbrev  0x00000000000008f4      0x11c obj_cooja/mtype637.a(button-sensor.o)
 .debug_abbrev  0x0000000000000a10       0xe1 obj_cooja/mtype637.a(leds-arch.o)
 .debug_abbrev  0x0000000000000af1       0x9c obj_cooja/mtype637.a(moteid.o)
 .debug_abbrev  0x0000000000000b8d       0xe6 obj_cooja/mtype637.a(pir-sensor.o)
 .debug_abbrev  0x0000000000000c73      0x14a obj_cooja/mtype637.a(rs232.o)
 .debug_abbrev  0x0000000000000dbd       0xe6 obj_cooja/mtype637.a(vib-sensor.o)
 .debug_abbrev  0x0000000000000ea3       0xee obj_cooja/mtype637.a(clock.o)
 .debug_abbrev  0x0000000000000f91      0x141 obj_cooja/mtype637.a(log.o)
 .debug_abbrev  0x00000000000010d2      0x139 obj_cooja/mtype637.a(cfs-cooja.o)
 .debug_abbrev  0x000000000000120b      0x2f2 obj_cooja/mtype637.a(cooja-radio.o)
 .debug_abbrev  0x00000000000014fd       0xf5 obj_cooja/mtype637.a(eeprom.o)
 .debug_abbrev  0x00000000000015f2       0x6d obj_cooja/mtype637.a(random.o)
 .debug_abbrev  0x000000000000165f      0x1c2 obj_cooja/mtype637.a(sensors.o)
 .debug_abbrev  0x0000000000001821       0xab obj_cooja/mtype637.a(dual_conf.o)
 .debug_abbrev  0x00000000000018cc       0xfb obj_cooja/mtype637.a(autostart.o)
 .debug_abbrev  0x00000000000019c7      0x1a1 obj_cooja/mtype637.a(ctimer.o)
 .debug_abbrev  0x0000000000001b68      0x1f1 obj_cooja/mtype637.a(etimer.o)
 .debug_abbrev  0x0000000000001d59      0x244 obj_cooja/mtype637.a(process.o)
 .debug_abbrev  0x0000000000001f9d      0x124 obj_cooja/mtype637.a(rtimer.o)
 .debug_abbrev  0x00000000000020c1       0xf5 obj_cooja/mtype637.a(timer.o)
 .debug_abbrev  0x00000000000021b6      0x190 obj_cooja/mtype637.a(serial-line.o)
 .debug_abbrev  0x0000000000002346      0x145 obj_cooja/mtype637.a(list.o)
 .debug_abbrev  0x000000000000248b       0xdb obj_cooja/mtype637.a(ringbuf.o)
 .debug_abbrev  0x0000000000002566      0x1d9 obj_cooja/mtype637.a(rime.o)
 .debug_abbrev  0x000000000000273f      0x1e7 obj_cooja/mtype637.a(unicast.o)
 .debug_abbrev  0x0000000000002926       0xd8 obj_cooja/mtype637.a(linkaddr.o)
 .debug_abbrev  0x00000000000029fe      0x111 obj_cooja/mtype637.a(netstack.o)
 .debug_abbrev  0x0000000000002b0f      0x1d8 obj_cooja/mtype637.a(packetbuf.o)
 .debug_abbrev  0x0000000000002ce7      0x1ba obj_cooja/mtype637.a(queuebuf.o)
 .debug_abbrev  0x0000000000002ea1      0x2aa obj_cooja/mtype637.a(csma.o)
 .debug_abbrev  0x000000000000314b       0xa3 obj_cooja/mtype637.a(mac.o)
 .debug_abbrev  0x00000000000031ee      0x28d obj_cooja/mtype637.a(nullrdc.o)
 .debug_abbrev  0x000000000000347b      0x1ba obj_cooja/mtype637.a(nullsec.o)
 .debug_abbrev  0x0000000000003635       0x59 obj_cooja/mtype637.a(rimestats.o)
 .debug_abbrev  0x000000000000368e       0xe4 obj_cooja/mtype637.a(memb.o)
 .debug_abbrev  0x0000000000003772      0x18c obj_cooja/mtype637.a(abc.o)
 .debug_abbrev  0x00000000000038fe      0x16f obj_cooja/mtype637.a(announcement.o)
 .debug_abbrev  0x0000000000003a6d      0x1ff obj_cooja/mtype637.a(broadcast-annou)
 .debug_abbrev  0x0000000000003c6c      0x1e7 obj_cooja/mtype637.a(broadcast.o)
 .debug_abbrev  0x0000000000003e53      0x1be obj_cooja/mtype637.a(chameleon.o)
 .debug_abbrev  0x0000000000004011      0x174 obj_cooja/mtype637.a(channel.o)
 .debug_abbrev  0x0000000000004185      0x17b obj_cooja/mtype637.a(framer-nullmac.)
 .debug_abbrev  0x0000000000004300      0x257 obj_cooja/mtype637.a(chameleon-bitop)

.debug_line     0x0000000000000000     0x35a6
 *(.debug_line .debug_line.* .debug_line_end)
 .debug_line    0x0000000000000000      0x1a7 example-longrange-unicast.co
 .debug_line    0x00000000000001a7      0x3a2 obj_cooja/mtype637.o
 .debug_line    0x0000000000000549       0xd4 obj_cooja/mtype637.a(simEnvChange.o)
 .debug_line    0x000000000000061d       0xc6 obj_cooja/mtype637.a(cooja_mt.o)
 .debug_line    0x00000000000006e3       0xf8 obj_cooja/mtype637.a(cooja_mtarch.o)
 .debug_line    0x00000000000007db       0xb0 obj_cooja/mtype637.a(rtimer-arch.o)
 .debug_line    0x000000000000088b       0xc3 obj_cooja/mtype637.a(beep.o)
 .debug_line    0x000000000000094e      0x12f obj_cooja/mtype637.a(button-sensor.o)
 .debug_line    0x0000000000000a7d       0x8e obj_cooja/mtype637.a(leds-arch.o)
 .debug_line    0x0000000000000b0b       0x84 obj_cooja/mtype637.a(moteid.o)
 .debug_line    0x0000000000000b8f       0xbf obj_cooja/mtype637.a(pir-sensor.o)
 .debug_line    0x0000000000000c4e       0xc1 obj_cooja/mtype637.a(rs232.o)
 .debug_line    0x0000000000000d0f       0xbf obj_cooja/mtype637.a(vib-sensor.o)
 .debug_line    0x0000000000000dce       0xb4 obj_cooja/mtype637.a(clock.o)
 .debug_line    0x0000000000000e82      0x111 obj_cooja/mtype637.a(log.o)
 .debug_line    0x0000000000000f93      0x104 obj_cooja/mtype637.a(cfs-cooja.o)
 .debug_line    0x0000000000001097      0x2b9 obj_cooja/mtype637.a(cooja-radio.o)
 .debug_line    0x0000000000001350       0xb4 obj_cooja/mtype637.a(eeprom.o)
 .debug_line    0x0000000000001404       0x4c obj_cooja/mtype637.a(random.o)
 .debug_line    0x0000000000001450      0x11f obj_cooja/mtype637.a(sensors.o)
 .debug_line    0x000000000000156f       0x8b obj_cooja/mtype637.a(dual_conf.o)
 .debug_line    0x00000000000015fa       0xaa obj_cooja/mtype637.a(autostart.o)
 .debug_line    0x00000000000016a4      0x174 obj_cooja/mtype637.a(ctimer.o)
 .debug_line    0x0000000000001818      0x188 obj_cooja/mtype637.a(etimer.o)
 .debug_line    0x00000000000019a0      0x16b obj_cooja/mtype637.a(process.o)
 .debug_line    0x0000000000001b0b       0xa6 obj_cooja/mtype637.a(rtimer.o)
 .debug_line    0x0000000000001bb1       0xa7 obj_cooja/mtype637.a(timer.o)
 .debug_line    0x0000000000001c58      0x10c obj_cooja/mtype637.a(serial-line.o)
 .debug_line    0x0000000000001d64      0x105 obj_cooja/mtype637.a(list.o)
 .debug_line    0x0000000000001e69       0xaa obj_cooja/mtype637.a(ringbuf.o)
 .debug_line    0x0000000000001f13      0x17f obj_cooja/mtype637.a(rime.o)
 .debug_line    0x0000000000002092      0x106 obj_cooja/mtype637.a(unicast.o)
 .debug_line    0x0000000000002198       0x8d obj_cooja/mtype637.a(linkaddr.o)
 .debug_line    0x0000000000002225      0x107 obj_cooja/mtype637.a(netstack.o)
 .debug_line    0x000000000000232c      0x126 obj_cooja/mtype637.a(packetbuf.o)
 .debug_line    0x0000000000002452      0x102 obj_cooja/mtype637.a(queuebuf.o)
 .debug_line    0x0000000000002554      0x2a2 obj_cooja/mtype637.a(csma.o)
 .debug_line    0x00000000000027f6       0x72 obj_cooja/mtype637.a(mac.o)
 .debug_line    0x0000000000002868      0x185 obj_cooja/mtype637.a(nullrdc.o)
 .debug_line    0x00000000000029ed       0xf8 obj_cooja/mtype637.a(nullsec.o)
 .debug_line    0x0000000000002ae5       0x65 obj_cooja/mtype637.a(rimestats.o)
 .debug_line    0x0000000000002b4a       0xc3 obj_cooja/mtype637.a(memb.o)
 .debug_line    0x0000000000002c0d       0xdd obj_cooja/mtype637.a(abc.o)
 .debug_line    0x0000000000002cea      0x11a obj_cooja/mtype637.a(announcement.o)
 .debug_line    0x0000000000002e04      0x1e8 obj_cooja/mtype637.a(broadcast-annou)
 .debug_line    0x0000000000002fec      0x104 obj_cooja/mtype637.a(broadcast.o)
 .debug_line    0x00000000000030f0       0xea obj_cooja/mtype637.a(chameleon.o)
 .debug_line    0x00000000000031da       0xf3 obj_cooja/mtype637.a(channel.o)
 .debug_line    0x00000000000032cd       0xdf obj_cooja/mtype637.a(framer-nullmac.)
 .debug_line    0x00000000000033ac      0x1fa obj_cooja/mtype637.a(chameleon-bitop)

.debug_frame
 *(.debug_frame)

.debug_str      0x0000000000000000     0x4032
 *(.debug_str)
 .debug_str     0x0000000000000000      0x2bf example-longrange-unicast.co
                                        0x387 (size before relaxing)
 .debug_str     0x00000000000002bf     0x17bc obj_cooja/mtype637.o
                                       0x1a56 (size before relaxing)
 .debug_str     0x0000000000001a7b       0x61 obj_cooja/mtype637.a(simEnvChange.o)
                                        0x1de (size before relaxing)
 .debug_str     0x0000000000001adc       0x85 obj_cooja/mtype637.a(cooja_mt.o)
                                        0x211 (size before relaxing)
 .debug_str     0x0000000000001b61       0xf5 obj_cooja/mtype637.a(cooja_mtarch.o)
                                        0x28e (size before relaxing)
 .debug_str     0x0000000000001c56       0xbd obj_cooja/mtype637.a(rtimer-arch.o)
                                        0x22c (size before relaxing)
 .debug_str     0x0000000000001d13       0xbe obj_cooja/mtype637.a(beep.o)
                                        0x225 (size before relaxing)
 .debug_str     0x0000000000001dd1       0x6a obj_cooja/mtype637.a(button-sensor.o)
                                        0x255 (size before relaxing)
 .debug_str     0x0000000000001e3b       0x62 obj_cooja/mtype637.a(leds-arch.o)
                                        0x1f0 (size before relaxing)
 .debug_str     0x0000000000001e9d       0x41 obj_cooja/mtype637.a(moteid.o)
                                        0x1db (size before relaxing)
 .debug_str     0x0000000000001ede       0x4f obj_cooja/mtype637.a(pir-sensor.o)
                                        0x212 (size before relaxing)
 .debug_str     0x0000000000001f2d       0xc9 obj_cooja/mtype637.a(rs232.o)
                                        0x26f (size before relaxing)
 .debug_str     0x0000000000001ff6       0x4f obj_cooja/mtype637.a(vib-sensor.o)
                                        0x212 (size before relaxing)
 .debug_str     0x0000000000002045       0x5c obj_cooja/mtype637.a(clock.o)
                                        0x207 (size before relaxing)
 .debug_str     0x00000000000020a1       0xcb obj_cooja/mtype637.a(log.o)
                                        0x295 (size before relaxing)
 .debug_str     0x000000000000216c      0x117 obj_cooja/mtype637.a(cfs-cooja.o)
                                        0x2b7 (size before relaxing)
 .debug_str     0x0000000000002283      0x6e7 obj_cooja/mtype637.a(cooja-radio.o)
                                        0xa7b (size before relaxing)
 .debug_str     0x000000000000296a       0x93 obj_cooja/mtype637.a(eeprom.o)
                                        0x231 (size before relaxing)
 .debug_str     0x00000000000029fd       0x35 obj_cooja/mtype637.a(random.o)
                                        0x150 (size before relaxing)
 .debug_str     0x0000000000002a32       0xa2 obj_cooja/mtype637.a(sensors.o)
                                        0x280 (size before relaxing)
 .debug_str     0x0000000000002ad4       0x85 obj_cooja/mtype637.a(dual_conf.o)
                                        0x1c4 (size before relaxing)
 .debug_str     0x0000000000002b59       0x3a obj_cooja/mtype637.a(autostart.o)
                                        0x1a3 (size before relaxing)
 .debug_str     0x0000000000002b93       0xef obj_cooja/mtype637.a(ctimer.o)
                                        0x2a4 (size before relaxing)
 .debug_str     0x0000000000002c82      0x152 obj_cooja/mtype637.a(etimer.o)
                                        0x317 (size before relaxing)
 .debug_str     0x0000000000002dd4      0x156 obj_cooja/mtype637.a(process.o)
                                        0x2e2 (size before relaxing)
 .debug_str     0x0000000000002f2a       0xa6 obj_cooja/mtype637.a(rtimer.o)
                                        0x1e5 (size before relaxing)
 .debug_str     0x0000000000002fd0       0x27 obj_cooja/mtype637.a(timer.o)
                                        0x18d (size before relaxing)
 .debug_str     0x0000000000002ff7       0xb4 obj_cooja/mtype637.a(serial-line.o)
                                        0x26b (size before relaxing)
 .debug_str     0x00000000000030ab       0xa8 obj_cooja/mtype637.a(list.o)
                                        0x14c (size before relaxing)
 .debug_str     0x0000000000003153       0x5c obj_cooja/mtype637.a(ringbuf.o)
                                        0x1a0 (size before relaxing)
 .debug_str     0x00000000000031af       0xf9 obj_cooja/mtype637.a(rime.o)
                                        0x3bd (size before relaxing)
 .debug_str     0x00000000000032a8       0x7f obj_cooja/mtype637.a(unicast.o)
                                        0x5fd (size before relaxing)
 .debug_str     0x0000000000003327       0x60 obj_cooja/mtype637.a(linkaddr.o)
                                        0x1ad (size before relaxing)
 .debug_str     0x0000000000003387       0x28 obj_cooja/mtype637.a(netstack.o)
                                        0x324 (size before relaxing)
 .debug_str     0x00000000000033af      0x17b obj_cooja/mtype637.a(packetbuf.o)
                                        0x64f (size before relaxing)
 .debug_str     0x000000000000352a      0x19f obj_cooja/mtype637.a(queuebuf.o)
                                        0x665 (size before relaxing)
 .debug_str     0x00000000000036c9      0x235 obj_cooja/mtype637.a(csma.o)
                                        0x8bc (size before relaxing)
 .debug_str     0x00000000000038fe       0x30 obj_cooja/mtype637.a(mac.o)
                                        0x1b8 (size before relaxing)
 .debug_str     0x000000000000392e       0x67 obj_cooja/mtype637.a(nullrdc.o)
                                        0x79e (size before relaxing)
 .debug_str     0x0000000000003995       0x1f obj_cooja/mtype637.a(nullsec.o)
                                        0x55c (size before relaxing)
 .debug_str     0x00000000000039b4       0x20 obj_cooja/mtype637.a(rimestats.o)
                                        0x14e (size before relaxing)
 .debug_str     0x00000000000039d4       0x5c obj_cooja/mtype637.a(memb.o)
                                        0x187 (size before relaxing)
 .debug_str     0x0000000000003a30       0x49 obj_cooja/mtype637.a(abc.o)
                                        0x577 (size before relaxing)
 .debug_str     0x0000000000003a79      0x19f obj_cooja/mtype637.a(announcement.o)
                                        0x337 (size before relaxing)
 .debug_str     0x0000000000003c18      0x181 obj_cooja/mtype637.a(broadcast-annou)
                                        0x48f (size before relaxing)
 .debug_str     0x0000000000003d99       0x6f obj_cooja/mtype637.a(broadcast.o)
                                        0x5d3 (size before relaxing)
 .debug_str     0x0000000000003e08       0x84 obj_cooja/mtype637.a(chameleon.o)
                                        0x57b (size before relaxing)
 .debug_str     0x0000000000003e8c       0x8b obj_cooja/mtype637.a(channel.o)
                                        0x25d (size before relaxing)
 .debug_str     0x0000000000003f17       0x3b obj_cooja/mtype637.a(framer-nullmac.)
                                        0x537 (size before relaxing)
 .debug_str     0x0000000000003f52       0xe0 obj_cooja/mtype637.a(chameleon-bitop)
                                        0x62e (size before relaxing)

.debug_loc
 *(.debug_loc)

.debug_macinfo
 *(.debug_macinfo)

.debug_weaknames
 *(.debug_weaknames)

.debug_funcnames
 *(.debug_funcnames)

.debug_typenames
 *(.debug_typenames)

.debug_varnames
 *(.debug_varnames)

.debug_pubtypes
 *(.debug_pubtypes)

.debug_ranges
 *(.debug_ranges)

.debug_macro
 *(.debug_macro)

.gnu.attributes
 *(.gnu.attributes)

/DISCARD/
 *(.note.GNU-stack)
 *(.gnu_debuglink)
 *(.gnu.lto_*)
OUTPUT(obj_cooja/mtype637.cooja elf32-i386)
