Archive member included to satisfy reference by file (symbol)

obj_cooja/mtype438.a(simEnvChange.o)
                              obj_cooja/mtype438.o (simDontFallAsleep)
obj_cooja/mtype438.a(cooja_mt.o)
                              obj_cooja/mtype438.o (cooja_mt_start)
obj_cooja/mtype438.a(cooja_mtarch.o)
                              obj_cooja/mtype438.a(cooja_mt.o) (cooja_mtarch_init)
obj_cooja/mtype438.a(rtimer-arch.o)
                              obj_cooja/mtype438.o (rtimer_arch_next)
obj_cooja/mtype438.a(beep.o)  obj_cooja/mtype438.o (beep_interface)
obj_cooja/mtype438.a(button-sensor.o)
                              obj_cooja/mtype438.o (button_interface)
obj_cooja/mtype438.a(leds-arch.o)
                              obj_cooja/mtype438.o (leds_interface)
obj_cooja/mtype438.a(moteid.o)
                              obj_cooja/mtype438.o (moteid_interface)
obj_cooja/mtype438.a(pir-sensor.o)
                              obj_cooja/mtype438.o (pir_interface)
obj_cooja/mtype438.a(rs232.o)
                              obj_cooja/mtype438.o (rs232_interface)
obj_cooja/mtype438.a(vib-sensor.o)
                              obj_cooja/mtype438.o (vib_interface)
obj_cooja/mtype438.a(clock.o)
                              obj_cooja/mtype438.o (clock_interface)
obj_cooja/mtype438.a(log.o)   obj_cooja/mtype438.o (simlog_interface)
obj_cooja/mtype438.a(cfs-cooja.o)
                              obj_cooja/mtype438.o (cfs_interface)
obj_cooja/mtype438.a(cooja-radio.o)
                              obj_cooja/mtype438.o (radio_interface)
obj_cooja/mtype438.a(eeprom.o)
                              obj_cooja/mtype438.o (eeprom_interface)
obj_cooja/mtype438.a(random.o)
                              obj_cooja/mtype438.a(moteid.o) (random_init)
obj_cooja/mtype438.a(sensors.o)
                              obj_cooja/mtype438.o (sensors_process)
obj_cooja/mtype438.a(dual_conf.o)
                              example-longrange-unicast.co (long_range_radio)
obj_cooja/mtype438.a(autostart.o)
                              obj_cooja/mtype438.o (autostart_start)
obj_cooja/mtype438.a(ctimer.o)
                              obj_cooja/mtype438.o (ctimer_init)
obj_cooja/mtype438.a(etimer.o)
                              obj_cooja/mtype438.o (etimer_process)
obj_cooja/mtype438.a(process.o)
                              obj_cooja/mtype438.a(ctimer.o) (process_current)
obj_cooja/mtype438.a(rtimer.o)
                              obj_cooja/mtype438.a(rtimer-arch.o) (rtimer_run_next)
obj_cooja/mtype438.a(timer.o)
                              obj_cooja/mtype438.a(button-sensor.o) (timer_set)
obj_cooja/mtype438.a(serial-line.o)
                              obj_cooja/mtype438.a(rs232.o) (serial_line_input_byte)
obj_cooja/mtype438.a(list.o)  obj_cooja/mtype438.a(ctimer.o) (list_init)
obj_cooja/mtype438.a(ringbuf.o)
                              obj_cooja/mtype438.a(serial-line.o) (ringbuf_init)
obj_cooja/mtype438.a(rime.o)  obj_cooja/mtype438.o (rime_driver)
obj_cooja/mtype438.a(unicast.o)
                              example-longrange-unicast.co (unicast_open)
obj_cooja/mtype438.a(linkaddr.o)
                              example-longrange-unicast.co (linkaddr_node_addr)
obj_cooja/mtype438.a(netstack.o)
                              obj_cooja/mtype438.o (netstack_init)
obj_cooja/mtype438.a(packetbuf.o)
                              obj_cooja/mtype438.a(cooja-radio.o) (packetbuf_attrs)
obj_cooja/mtype438.a(queuebuf.o)
                              obj_cooja/mtype438.o (queuebuf_init)
obj_cooja/mtype438.a(csma.o)  obj_cooja/mtype438.o (csma_driver)
obj_cooja/mtype438.a(mac.o)   obj_cooja/mtype438.a(csma.o) (mac_call_sent_callback)
obj_cooja/mtype438.a(nullrdc.o)
                              obj_cooja/mtype438.o (nullrdc_driver)
obj_cooja/mtype438.a(nullsec.o)
                              obj_cooja/mtype438.a(rime.o) (nullsec_driver)
obj_cooja/mtype438.a(rimestats.o)
                              obj_cooja/mtype438.a(cooja-radio.o) (rimestats)
obj_cooja/mtype438.a(memb.o)  obj_cooja/mtype438.a(queuebuf.o) (memb_init)
obj_cooja/mtype438.a(abc.o)   obj_cooja/mtype438.a(rime.o) (abc_input)
obj_cooja/mtype438.a(announcement.o)
                              obj_cooja/mtype438.a(rime.o) (announcement_init)
obj_cooja/mtype438.a(broadcast-annou)
                              obj_cooja/mtype438.a(rime.o) (broadcast_announcement_init)
obj_cooja/mtype438.a(broadcast.o)
                              obj_cooja/mtype438.a(unicast.o) (broadcast_open)
obj_cooja/mtype438.a(chameleon.o)
                              obj_cooja/mtype438.a(rime.o) (chameleon_init)
obj_cooja/mtype438.a(channel.o)
                              obj_cooja/mtype438.a(chameleon.o) (channel_init)
obj_cooja/mtype438.a(framer-nullmac.)
                              obj_cooja/mtype438.a(nullrdc.o) (framer_nullmac)
obj_cooja/mtype438.a(chameleon-bitop)
                              obj_cooja/mtype438.a(chameleon.o) (chameleon_bitopt)

Allocating common symbols
Common symbol       size              file

simButtonIsActive   0x1               obj_cooja/mtype438.a(button-sensor.o)
simButtonIsDown     0x1               obj_cooja/mtype438.a(button-sensor.o)
simOutDataBuffer    0x80              obj_cooja/mtype438.a(cooja-radio.o)
linkaddr_node_addr  0x2               obj_cooja/mtype438.a(linkaddr.o)
simSerialReceivingFlag
                    0x1               obj_cooja/mtype438.a(rs232.o)
simEEPROMData       0x400             obj_cooja/mtype438.a(eeprom.o)
simLoggedLength     0x4               obj_cooja/mtype438.a(log.o)
simSerialReceivingLength
                    0x4               obj_cooja/mtype438.a(rs232.o)
simEtimerPending    0x4               obj_cooja/mtype438.a(simEnvChange.o)
simVibChanged       0x1               obj_cooja/mtype438.a(vib-sensor.o)
rimestats           0x48              obj_cooja/mtype438.a(rimestats.o)
simProcessRunValue  0x4               obj_cooja/mtype438.a(simEnvChange.o)
simInDataBufferLR   0x80              obj_cooja/mtype438.a(cooja-radio.o)
serial_line_event_message
                    0x1               obj_cooja/mtype438.a(serial-line.o)
referenceVar        0x4               obj_cooja/mtype438.o
simCurrentTime      0x4               obj_cooja/mtype438.a(clock.o)
simVibIsActive      0x1               obj_cooja/mtype438.a(vib-sensor.o)
simNextExpirationTime
                    0x4               obj_cooja/mtype438.a(simEnvChange.o)
simOutDataBufferLR  0x80              obj_cooja/mtype438.a(cooja-radio.o)
simSerialReceivingData
                    0x800             obj_cooja/mtype438.a(rs232.o)
simLoggedFlag       0x1               obj_cooja/mtype438.a(log.o)
packetbuf_attrs     0x34              obj_cooja/mtype438.a(packetbuf.o)
simRandomSeed       0x4               obj_cooja/mtype438.a(moteid.o)
simLoggedData       0x400             obj_cooja/mtype438.a(log.o)
simLedsValue        0x1               obj_cooja/mtype438.a(leds-arch.o)
simButtonChanged    0x1               obj_cooja/mtype438.a(button-sensor.o)
simPirIsActive      0x1               obj_cooja/mtype438.a(pir-sensor.o)
simInDataBuffer     0x80              obj_cooja/mtype438.a(cooja-radio.o)
simPirChanged       0x1               obj_cooja/mtype438.a(pir-sensor.o)
simBeeped           0x1               obj_cooja/mtype438.a(beep.o)
sensors_event       0x1               obj_cooja/mtype438.a(sensors.o)
packetbuf_addrs     0x8               obj_cooja/mtype438.a(packetbuf.o)
simMoteIDChanged    0x1               obj_cooja/mtype438.a(moteid.o)
sensors_flags       0x4               obj_cooja/mtype438.o
simMoteID           0x4               obj_cooja/mtype438.a(moteid.o)

Discarded input sections

 .note.GNU-stack
                0x0000000000000000        0x0 /usr/lib/gcc/i686-linux-gnu/4.8/../../../i386-linux-gnu/crti.o
 .gnu_debuglink
                0x0000000000000000        0xc /usr/lib/gcc/i686-linux-gnu/4.8/../../../i386-linux-gnu/crti.o
 .group         0x0000000000000000        0x8 /usr/lib/gcc/i686-linux-gnu/4.8/crtbeginS.o
 .text.__x86.get_pc_thunk.bx
                0x0000000000000000        0x4 /usr/lib/gcc/i686-linux-gnu/4.8/crtbeginS.o
 .note.GNU-stack
                0x0000000000000000        0x0 /usr/lib/gcc/i686-linux-gnu/4.8/crtbeginS.o
 .note.GNU-stack
                0x0000000000000000        0x0 example-longrange-unicast.co
 .note.GNU-stack
                0x0000000000000000        0x0 obj_cooja/mtype438.o
 .note.GNU-stack
                0x0000000000000000        0x0 obj_cooja/mtype438.a(simEnvChange.o)
 .note.GNU-stack
                0x0000000000000000        0x0 obj_cooja/mtype438.a(cooja_mt.o)
 .note.GNU-stack
                0x0000000000000000        0x0 obj_cooja/mtype438.a(cooja_mtarch.o)
 .note.GNU-stack
                0x0000000000000000        0x0 obj_cooja/mtype438.a(rtimer-arch.o)
 .note.GNU-stack
                0x0000000000000000        0x0 obj_cooja/mtype438.a(beep.o)
 .note.GNU-stack
                0x0000000000000000        0x0 obj_cooja/mtype438.a(button-sensor.o)
 .note.GNU-stack
                0x0000000000000000        0x0 obj_cooja/mtype438.a(leds-arch.o)
 .note.GNU-stack
                0x0000000000000000        0x0 obj_cooja/mtype438.a(moteid.o)
 .note.GNU-stack
                0x0000000000000000        0x0 obj_cooja/mtype438.a(pir-sensor.o)
 .note.GNU-stack
                0x0000000000000000        0x0 obj_cooja/mtype438.a(rs232.o)
 .note.GNU-stack
                0x0000000000000000        0x0 obj_cooja/mtype438.a(vib-sensor.o)
 .note.GNU-stack
                0x0000000000000000        0x0 obj_cooja/mtype438.a(clock.o)
 .note.GNU-stack
                0x0000000000000000        0x0 obj_cooja/mtype438.a(log.o)
 .note.GNU-stack
                0x0000000000000000        0x0 obj_cooja/mtype438.a(cfs-cooja.o)
 .note.GNU-stack
                0x0000000000000000        0x0 obj_cooja/mtype438.a(cooja-radio.o)
 .note.GNU-stack
                0x0000000000000000        0x0 obj_cooja/mtype438.a(eeprom.o)
 .note.GNU-stack
                0x0000000000000000        0x0 obj_cooja/mtype438.a(random.o)
 .note.GNU-stack
                0x0000000000000000        0x0 obj_cooja/mtype438.a(sensors.o)
 .note.GNU-stack
                0x0000000000000000        0x0 obj_cooja/mtype438.a(dual_conf.o)
 .note.GNU-stack
                0x0000000000000000        0x0 obj_cooja/mtype438.a(autostart.o)
 .note.GNU-stack
                0x0000000000000000        0x0 obj_cooja/mtype438.a(ctimer.o)
 .note.GNU-stack
                0x0000000000000000        0x0 obj_cooja/mtype438.a(etimer.o)
 .note.GNU-stack
                0x0000000000000000        0x0 obj_cooja/mtype438.a(process.o)
 .note.GNU-stack
                0x0000000000000000        0x0 obj_cooja/mtype438.a(rtimer.o)
 .note.GNU-stack
                0x0000000000000000        0x0 obj_cooja/mtype438.a(timer.o)
 .note.GNU-stack
                0x0000000000000000        0x0 obj_cooja/mtype438.a(serial-line.o)
 .note.GNU-stack
                0x0000000000000000        0x0 obj_cooja/mtype438.a(list.o)
 .note.GNU-stack
                0x0000000000000000        0x0 obj_cooja/mtype438.a(ringbuf.o)
 .note.GNU-stack
                0x0000000000000000        0x0 obj_cooja/mtype438.a(rime.o)
 .note.GNU-stack
                0x0000000000000000        0x0 obj_cooja/mtype438.a(unicast.o)
 .note.GNU-stack
                0x0000000000000000        0x0 obj_cooja/mtype438.a(linkaddr.o)
 .note.GNU-stack
                0x0000000000000000        0x0 obj_cooja/mtype438.a(netstack.o)
 .note.GNU-stack
                0x0000000000000000        0x0 obj_cooja/mtype438.a(packetbuf.o)
 .note.GNU-stack
                0x0000000000000000        0x0 obj_cooja/mtype438.a(queuebuf.o)
 .note.GNU-stack
                0x0000000000000000        0x0 obj_cooja/mtype438.a(csma.o)
 .note.GNU-stack
                0x0000000000000000        0x0 obj_cooja/mtype438.a(mac.o)
 .note.GNU-stack
                0x0000000000000000        0x0 obj_cooja/mtype438.a(nullrdc.o)
 .note.GNU-stack
                0x0000000000000000        0x0 obj_cooja/mtype438.a(nullsec.o)
 .note.GNU-stack
                0x0000000000000000        0x0 obj_cooja/mtype438.a(rimestats.o)
 .note.GNU-stack
                0x0000000000000000        0x0 obj_cooja/mtype438.a(memb.o)
 .note.GNU-stack
                0x0000000000000000        0x0 obj_cooja/mtype438.a(abc.o)
 .note.GNU-stack
                0x0000000000000000        0x0 obj_cooja/mtype438.a(announcement.o)
 .note.GNU-stack
                0x0000000000000000        0x0 obj_cooja/mtype438.a(broadcast-annou)
 .note.GNU-stack
                0x0000000000000000        0x0 obj_cooja/mtype438.a(broadcast.o)
 .note.GNU-stack
                0x0000000000000000        0x0 obj_cooja/mtype438.a(chameleon.o)
 .note.GNU-stack
                0x0000000000000000        0x0 obj_cooja/mtype438.a(channel.o)
 .note.GNU-stack
                0x0000000000000000        0x0 obj_cooja/mtype438.a(framer-nullmac.)
 .note.GNU-stack
                0x0000000000000000        0x0 obj_cooja/mtype438.a(chameleon-bitop)
 .note.GNU-stack
                0x0000000000000000        0x0 /usr/lib/gcc/i686-linux-gnu/4.8/crtendS.o
 .note.GNU-stack
                0x0000000000000000        0x0 /usr/lib/gcc/i686-linux-gnu/4.8/../../../i386-linux-gnu/crtn.o
 .gnu_debuglink
                0x0000000000000000        0xc /usr/lib/gcc/i686-linux-gnu/4.8/../../../i386-linux-gnu/crtn.o

Memory Configuration

Name             Origin             Length             Attributes
*default*        0x0000000000000000 0xffffffffffffffff

Linker script and memory map

LOAD /usr/lib/gcc/i686-linux-gnu/4.8/../../../i386-linux-gnu/crti.o
LOAD /usr/lib/gcc/i686-linux-gnu/4.8/crtbeginS.o
LOAD example-longrange-unicast.co
LOAD obj_cooja/mtype438.o
LOAD obj_cooja/mtype438.a
LOAD /usr/lib/gcc/i686-linux-gnu/4.8/libgcc.a
LOAD /usr/lib/gcc/i686-linux-gnu/4.8/libgcc_s.so
LOAD /usr/lib/gcc/i686-linux-gnu/4.8/../../../i386-linux-gnu/libc.so
START GROUP
LOAD /lib/i386-linux-gnu/libc.so.6
LOAD /usr/lib/i386-linux-gnu/libc_nonshared.a
LOAD /lib/i386-linux-gnu/ld-linux.so.2
END GROUP
LOAD /usr/lib/gcc/i686-linux-gnu/4.8/libgcc.a
LOAD /usr/lib/gcc/i686-linux-gnu/4.8/libgcc_s.so
LOAD /usr/lib/gcc/i686-linux-gnu/4.8/crtendS.o
LOAD /usr/lib/gcc/i686-linux-gnu/4.8/../../../i386-linux-gnu/crtn.o
                0x0000000000000114                . = (0x0 + SIZEOF_HEADERS)

.note.gnu.build-id
                0x0000000000000114       0x24
 *(.note.gnu.build-id)
 .note.gnu.build-id
                0x0000000000000114       0x24 /usr/lib/gcc/i686-linux-gnu/4.8/../../../i386-linux-gnu/crti.o

.hash
 *(.hash)

.gnu.hash       0x0000000000000138      0xa38
 *(.gnu.hash)
 .gnu.hash      0x0000000000000138      0xa38 /usr/lib/gcc/i686-linux-gnu/4.8/../../../i386-linux-gnu/crti.o

.dynsym         0x0000000000000b70     0x1540
 *(.dynsym)
 .dynsym        0x0000000000000b70     0x1540 /usr/lib/gcc/i686-linux-gnu/4.8/../../../i386-linux-gnu/crti.o

.dynstr         0x00000000000020b0     0x14ce
 *(.dynstr)
 .dynstr        0x00000000000020b0     0x14ce /usr/lib/gcc/i686-linux-gnu/4.8/../../../i386-linux-gnu/crti.o

.gnu.version    0x000000000000357e      0x2a8
 *(.gnu.version)
 .gnu.version   0x000000000000357e      0x2a8 /usr/lib/gcc/i686-linux-gnu/4.8/../../../i386-linux-gnu/crti.o

.gnu.version_d  0x0000000000003828        0x0
 *(.gnu.version_d)
 .gnu.version_d
                0x0000000000000000        0x0 /usr/lib/gcc/i686-linux-gnu/4.8/../../../i386-linux-gnu/crti.o

.gnu.version_r  0x0000000000003828       0x40
 *(.gnu.version_r)
 .gnu.version_r
                0x0000000000003828       0x40 /usr/lib/gcc/i686-linux-gnu/4.8/../../../i386-linux-gnu/crti.o

.rel.dyn        0x0000000000003868     0x2728
 *(.rel.init)
 .rel.init      0x0000000000000000        0x0 /usr/lib/gcc/i686-linux-gnu/4.8/../../../i386-linux-gnu/crti.o
 *(.rel.text .rel.text.* .rel.gnu.linkonce.t.*)
 .rel.text      0x0000000000003868     0x22e0 /usr/lib/gcc/i686-linux-gnu/4.8/../../../i386-linux-gnu/crti.o
 *(.rel.fini)
 .rel.fini      0x0000000000000000        0x0 /usr/lib/gcc/i686-linux-gnu/4.8/../../../i386-linux-gnu/crti.o
 *(.rel.rodata .rel.rodata.* .rel.gnu.linkonce.r.*)
 .rel.rodata    0x0000000000005b48      0x2b0 /usr/lib/gcc/i686-linux-gnu/4.8/../../../i386-linux-gnu/crti.o
 *(.rel.data.rel.ro .rel.data.rel.ro.* .rel.gnu.linkonce.d.rel.ro.*)
 *(.rel.data .rel.data.* .rel.gnu.linkonce.d.*)
 .rel.data.rel  0x0000000000005df8        0x8 /usr/lib/gcc/i686-linux-gnu/4.8/../../../i386-linux-gnu/crti.o
 .rel.data      0x0000000000005e00      0x158 /usr/lib/gcc/i686-linux-gnu/4.8/../../../i386-linux-gnu/crti.o
 *(.rel.tdata .rel.tdata.* .rel.gnu.linkonce.td.*)
 *(.rel.tbss .rel.tbss.* .rel.gnu.linkonce.tb.*)
 *(.rel.ctors)
 *(.rel.dtors)
 *(.rel.got)
 .rel.got       0x0000000000005f58       0x28 /usr/lib/gcc/i686-linux-gnu/4.8/../../../i386-linux-gnu/crti.o
 *(.rel.bss .rel.bss.* .rel.gnu.linkonce.b.*)
 *(.rel.ifunc)
 .rel.ifunc     0x0000000000000000        0x0 /usr/lib/gcc/i686-linux-gnu/4.8/../../../i386-linux-gnu/crti.o
 .rel.fini_array
                0x0000000000005f80        0x8 /usr/lib/gcc/i686-linux-gnu/4.8/../../../i386-linux-gnu/crti.o
 .rel.init_array
                0x0000000000005f88        0x8 /usr/lib/gcc/i686-linux-gnu/4.8/../../../i386-linux-gnu/crti.o

.rel.plt        0x0000000000005f90       0x10
 *(.rel.plt)
 .rel.plt       0x0000000000005f90       0x10 /usr/lib/gcc/i686-linux-gnu/4.8/../../../i386-linux-gnu/crti.o
 *(.rel.iplt)

.init           0x0000000000005fa0       0x23
 *(SORT(.init))
 .init          0x0000000000005fa0       0x1e /usr/lib/gcc/i686-linux-gnu/4.8/../../../i386-linux-gnu/crti.o
                0x0000000000005fa0                _init
 .init          0x0000000000005fbe        0x5 /usr/lib/gcc/i686-linux-gnu/4.8/../../../i386-linux-gnu/crtn.o

.plt            0x0000000000005fd0       0x30
 *(.plt)
 .plt           0x0000000000005fd0       0x30 /usr/lib/gcc/i686-linux-gnu/4.8/../../../i386-linux-gnu/crti.o
 *(.iplt)

.text           0x0000000000006000     0x5c75
 *(.text.unlikely .text.*_unlikely .text.unlikely.*)
 *(.text.exit .text.exit.*)
 *(.text.startup .text.startup.*)
 *(.text.hot .text.hot.*)
 *(.text .stub .text.* .gnu.linkonce.t.*)
 .text          0x0000000000006000        0x0 /usr/lib/gcc/i686-linux-gnu/4.8/../../../i386-linux-gnu/crti.o
 .gnu.linkonce.t.__x86.get_pc_thunk.bx
                0x0000000000006000        0x4 /usr/lib/gcc/i686-linux-gnu/4.8/../../../i386-linux-gnu/crti.o
                0x0000000000006000                __x86.get_pc_thunk.bx
 *fill*         0x0000000000006004        0xc 
 .text          0x0000000000006010      0x11b /usr/lib/gcc/i686-linux-gnu/4.8/crtbeginS.o
 .text          0x000000000000612b      0x1fd example-longrange-unicast.co
 .text          0x0000000000006328      0x501 obj_cooja/mtype438.o
                0x000000000000641d                contiki_init
                0x0000000000006640                Java_org_contikios_cooja_corecomm_Lib7_init
                0x0000000000006680                Java_org_contikios_cooja_corecomm_Lib7_getMemory
                0x00000000000066c0                Java_org_contikios_cooja_corecomm_Lib7_setMemory
                0x0000000000006737                Java_org_contikios_cooja_corecomm_Lib7_tick
                0x0000000000006817                Java_org_contikios_cooja_corecomm_Lib7_setReferenceAddress
 .text          0x0000000000006829       0x63 obj_cooja/mtype438.a(simEnvChange.o)
                0x0000000000006829                doActionsBeforeTick
                0x000000000000685a                doActionsAfterTick
 .text          0x000000000000688c       0xbc obj_cooja/mtype438.a(cooja_mt.o)
                0x000000000000688c                cooja_mt_init
                0x0000000000006899                cooja_mt_remove
                0x00000000000068a6                cooja_mt_start
                0x00000000000068d3                cooja_mt_exec
                0x0000000000006904                cooja_mt_exit
                0x0000000000006926                cooja_mt_yield
 .text          0x0000000000006948      0x115 obj_cooja/mtype438.a(cooja_mtarch.o)
                0x0000000000006948                cooja_mtarch_init
                0x000000000000694d                cooja_mtarch_start
                0x00000000000069c8                cooja_sw
                0x00000000000069ea                cooja_mtarch_exec
                0x0000000000006a06                cooja_mtarch_remove
                0x0000000000006a0b                cooja_mtarch_yield
                0x0000000000006a15                cooja_mtarch_pstop
                0x0000000000006a1a                cooja_mtarch_pstart
                0x0000000000006a1f                cooja_mtarch_stack_usage
 .text          0x0000000000006a5d       0xc2 obj_cooja/mtype438.a(rtimer-arch.o)
                0x0000000000006a5d                rtimer_arch_init
                0x0000000000006a80                rtimer_arch_schedule
                0x0000000000006a97                rtimer_arch_next
                0x0000000000006aa1                rtimer_arch_pending
                0x0000000000006aab                rtimer_arch_check
                0x0000000000006add                rtimer_arch_now
 .text          0x0000000000006b1f       0x76 obj_cooja/mtype438.a(beep.o)
                0x0000000000006b1f                beep_alarm
                0x0000000000006b2b                beep_beep
                0x0000000000006b37                beep
                0x0000000000006b43                beep_down
                0x0000000000006b4f                beep_on
                0x0000000000006b5b                beep_off
                0x0000000000006b67                beep_spinup
                0x0000000000006b73                beep_quick
                0x0000000000006b7f                beep_long
 .text          0x0000000000006b95      0x103 obj_cooja/mtype438.a(button-sensor.o)
 .text          0x0000000000006c98       0x45 obj_cooja/mtype438.a(leds-arch.o)
                0x0000000000006c98                leds_arch_init
                0x0000000000006ca4                leds_arch_get
                0x0000000000006cb0                leds_arch_set
 .text          0x0000000000006cdd       0x2f obj_cooja/mtype438.a(moteid.o)
 .text          0x0000000000006d0c       0xb1 obj_cooja/mtype438.a(pir-sensor.o)
 .text          0x0000000000006dbd      0x131 obj_cooja/mtype438.a(rs232.o)
                0x0000000000006dbd                rs232_init
                0x0000000000006dc2                rs232_set_speed
                0x0000000000006dd0                rs232_set_input
                0x0000000000006ddd                rs232_send
                0x0000000000006dff                rs232_print
                0x0000000000006e1a                slip_arch_writeb
 .text          0x0000000000006eee       0xb1 obj_cooja/mtype438.a(vib-sensor.o)
 .text          0x0000000000006f9f       0x34 obj_cooja/mtype438.a(clock.o)
                0x0000000000006f9f                clock_init
                0x0000000000006fa4                clock_time
                0x0000000000006fae                clock_seconds
                0x0000000000006fc4                clock_delay
 .text          0x0000000000006fd3      0x1ed obj_cooja/mtype438.a(log.o)
                0x0000000000006fd3                simlog_char
                0x0000000000007015                simlog
                0x0000000000007082                log_message
                0x00000000000070aa                log_set_putchar_with_slip
                0x00000000000070b7                log_putchar
                0x000000000000713b                log_puts
                0x000000000000715f                log_printf
 .text          0x00000000000071c0      0x2c4 obj_cooja/mtype438.a(cfs-cooja.o)
                0x00000000000071c0                cfs_open
                0x0000000000007229                cfs_close
                0x0000000000007235                cfs_read
                0x00000000000072d3                cfs_write
                0x00000000000073b0                cfs_seek
                0x0000000000007438                cfs_remove
                0x0000000000007461                cfs_opendir
                0x000000000000746b                cfs_readdir
                0x0000000000007475                cfs_closedir
 .text          0x0000000000007484      0x4d6 obj_cooja/mtype438.a(cooja-radio.o)
                0x00000000000074ae                radio_set_channel
                0x00000000000074c3                radio_set_txpower
                0x00000000000074da                radio_signal_strength_last
                0x00000000000074e4                radio_signal_strength_current
                0x00000000000074ee                radio_LQI
 .text          0x000000000000795a       0xef obj_cooja/mtype438.a(eeprom.o)
                0x000000000000795a                eeprom_init
                0x000000000000795f                eeprom_read
                0x00000000000079cf                eeprom_write
 .text          0x0000000000007a49       0x28 obj_cooja/mtype438.a(random.o)
                0x0000000000007a49                random_init
                0x0000000000007a64                random_rand
 .text          0x0000000000007a71      0x2a1 obj_cooja/mtype438.a(sensors.o)
                0x0000000000007aac                sensors_first
                0x0000000000007ab6                sensors_next
                0x0000000000007ad3                sensors_changed
                0x0000000000007b02                sensors_find
 .text          0x0000000000007d12      0x15d obj_cooja/mtype438.a(dual_conf.o)
                0x0000000000007d12                dual_radio_switch
                0x0000000000007d97                dual_radio_change
                0x0000000000007dd1                sending_in_LR
                0x0000000000007df7                dual_radio_received
                0x0000000000007e39                radio_received_is_longrange
 .text          0x0000000000007e6f       0x8e obj_cooja/mtype438.a(autostart.o)
                0x0000000000007e6f                autostart_start
                0x0000000000007eba                autostart_exit
 .text          0x0000000000007efd      0x334 obj_cooja/mtype438.a(ctimer.o)
                0x0000000000008014                ctimer_init
                0x0000000000008044                ctimer_set
                0x0000000000008075                ctimer_set_with_process
                0x00000000000080f1                ctimer_reset
                0x0000000000008140                ctimer_restart
                0x000000000000818f                ctimer_stop
                0x00000000000081da                ctimer_expired
 .text          0x0000000000008231      0x40b obj_cooja/mtype438.a(etimer.o)
                0x0000000000008444                etimer_request_poll
                0x00000000000084c8                etimer_set
                0x00000000000084ed                etimer_reset_with_new_interval
                0x0000000000008514                etimer_reset
                0x0000000000008532                etimer_restart
                0x0000000000008550                etimer_adjust
                0x000000000000856c                etimer_expired
                0x000000000000857f                etimer_expiration_time
                0x0000000000008591                etimer_start_time
                0x000000000000859b                etimer_pending
                0x00000000000085ad                etimer_next_expiration_time
                0x00000000000085c7                etimer_stop
 .text          0x000000000000863c      0x560 obj_cooja/mtype438.a(process.o)
                0x000000000000863c                process_alloc_event
                0x0000000000008651                process_start
                0x000000000000883a                process_exit
                0x0000000000008856                process_init
                0x0000000000008a27                process_run
                0x0000000000008a5a                process_nevents
                0x0000000000008a75                process_post
                0x0000000000008b21                process_post_synch
                0x0000000000008b59                process_poll
                0x0000000000008b88                process_is_running
 .text          0x0000000000008b9c       0xba obj_cooja/mtype438.a(rtimer.o)
                0x0000000000008b9c                rtimer_init
                0x0000000000008ba9                rtimer_set
                0x0000000000008c00                rtimer_run_next
 .text          0x0000000000008c56       0x91 obj_cooja/mtype438.a(timer.o)
                0x0000000000008c56                timer_set
                0x0000000000008c71                timer_reset
                0x0000000000008c88                timer_restart
                0x0000000000008c9a                timer_expired
                0x0000000000008cc3                timer_remaining
 .text          0x0000000000008ce7      0x1fb obj_cooja/mtype438.a(serial-line.o)
                0x0000000000008ce7                serial_line_input_byte
                0x0000000000008eaa                serial_line_init
 .text          0x0000000000008ee2      0x244 obj_cooja/mtype438.a(list.o)
                0x0000000000008ee2                list_init
                0x0000000000008ef0                list_head
                0x0000000000008efa                list_copy
                0x0000000000008f09                list_tail
                0x0000000000008f3f                list_add
                0x0000000000008f88                list_push
                0x0000000000008fb4                list_chop
                0x000000000000901e                list_pop
                0x0000000000009046                list_remove
                0x00000000000090ad                list_length
                0x00000000000090db                list_insert
                0x000000000000910f                list_item_next
 .text          0x0000000000009126      0x155 obj_cooja/mtype438.a(ringbuf.o)
                0x0000000000009126                ringbuf_init
                0x0000000000009157                ringbuf_put
                0x00000000000091d5                ringbuf_get
                0x0000000000009242                ringbuf_size
                0x0000000000009254                ringbuf_elements
 .text          0x000000000000927b      0x1a2 obj_cooja/mtype438.a(rime.o)
                0x000000000000927b                rime_sniffer_add
                0x0000000000009297                rime_sniffer_remove
                0x00000000000093d3                rime_output
 .text          0x000000000000941d      0x158 obj_cooja/mtype438.a(unicast.o)
                0x00000000000094f5                unicast_open
                0x000000000000953c                unicast_close
                0x000000000000954f                unicast_send
 .text          0x0000000000009575       0x67 obj_cooja/mtype438.a(linkaddr.o)
                0x0000000000009575                linkaddr_copy
                0x0000000000009597                linkaddr_cmp
                0x00000000000095c1                linkaddr_set_node_addr
 .text          0x00000000000095dc       0x2b obj_cooja/mtype438.a(netstack.o)
                0x00000000000095dc                netstack_init
 .text          0x0000000000009607      0x3b7 obj_cooja/mtype438.a(packetbuf.o)
                0x0000000000009607                packetbuf_clear
                0x0000000000009631                packetbuf_copyfrom
                0x0000000000009683                packetbuf_compact
                0x0000000000009700                packetbuf_copyto
                0x0000000000009797                packetbuf_hdralloc
                0x0000000000009814                packetbuf_hdrreduce
                0x000000000000985c                packetbuf_set_datalen
                0x0000000000009875                packetbuf_dataptr
                0x0000000000009892                packetbuf_hdrptr
                0x000000000000989c                packetbuf_datalen
                0x00000000000098a8                packetbuf_hdrlen
                0x00000000000098bf                packetbuf_totlen
                0x00000000000098d5                packetbuf_attr_clear
                0x0000000000009926                packetbuf_attr_copyto
                0x0000000000009964                packetbuf_attr_copyfrom
                0x00000000000099a2                packetbuf_holds_broadcast
 .text          0x00000000000099be      0x2b3 obj_cooja/mtype438.a(queuebuf.o)
                0x00000000000099c8                queuebuf_init
                0x00000000000099e8                queuebuf_numfree
                0x00000000000099fc                queuebuf_new_from_packetbuf
                0x0000000000009a8c                queuebuf_update_attr_from_packetbuf
                0x0000000000009abf                queuebuf_update_from_packetbuf
                0x0000000000009b09                queuebuf_free
                0x0000000000009b50                queuebuf_to_packetbuf
                0x0000000000009bb6                queuebuf_dataptr
                0x0000000000009bed                queuebuf_datalen
                0x0000000000009c10                queuebuf_addr
                0x0000000000009c41                queuebuf_attr
                0x0000000000009c6c                queuebuf_debug_print
 .text          0x0000000000009c71      0x859 obj_cooja/mtype438.a(csma.o)
 .text          0x000000000000a4ca       0x3c obj_cooja/mtype438.a(mac.o)
                0x000000000000a4ca                mac_call_sent_callback
 .text          0x000000000000a506      0x202 obj_cooja/mtype438.a(nullrdc.o)
 .text          0x000000000000a708       0x6e obj_cooja/mtype438.a(nullsec.o)
 .text          0x000000000000a776        0x0 obj_cooja/mtype438.a(rimestats.o)
 .text          0x000000000000a776      0x1c1 obj_cooja/mtype438.a(memb.o)
                0x000000000000a776                memb_init
                0x000000000000a7d4                memb_alloc
                0x000000000000a839                memb_free
                0x000000000000a8b4                memb_inmemb
                0x000000000000a8f3                memb_numfree
 .text          0x000000000000a937      0x16b obj_cooja/mtype438.a(abc.o)
                0x000000000000a937                abc_open
                0x000000000000a976                abc_close
                0x000000000000a989                abc_send
                0x000000000000a9d2                abc_input
                0x000000000000aa32                abc_sent
 .text          0x000000000000aaa2      0x2a6 obj_cooja/mtype438.a(announcement.o)
                0x000000000000aaa2                announcement_init
                0x000000000000aab7                announcement_register
                0x000000000000ab43                announcement_remove
                0x000000000000ab5f                announcement_remove_value
                0x000000000000abab                announcement_set_value
                0x000000000000ac21                announcement_bump
                0x000000000000ac7f                announcement_listen
                0x000000000000ac9d                announcement_register_listen_callback
                0x000000000000acaa                announcement_register_observer_callback
                0x000000000000acb7                announcement_list
                0x000000000000accc                announcement_heard
 .text          0x000000000000ad48      0x299 obj_cooja/mtype438.a(broadcast-annou)
                0x000000000000af5c                broadcast_announcement_init
                0x000000000000afab                broadcast_announcement_stop
                0x000000000000afd7                broadcast_announcement_beacon_interval
 .text          0x000000000000afe1      0x229 obj_cooja/mtype438.a(broadcast.o)
                0x000000000000b161                broadcast_open
                0x000000000000b1a8                broadcast_close
                0x000000000000b1bb                broadcast_send
 .text          0x000000000000b20a       0xcc obj_cooja/mtype438.a(chameleon.o)
                0x000000000000b234                chameleon_init
                0x000000000000b241                chameleon_parse
                0x000000000000b27d                chameleon_create
                0x000000000000b2c1                chameleon_hdrsize
 .text          0x000000000000b2d6       0xeb obj_cooja/mtype438.a(channel.o)
                0x000000000000b2d6                channel_init
                0x000000000000b2eb                channel_set_attributes
                0x000000000000b32b                channel_open
                0x000000000000b359                channel_close
                0x000000000000b375                channel_lookup
 .text          0x000000000000b3c1      0x109 obj_cooja/mtype438.a(framer-nullmac.)
 .text          0x000000000000b4ca      0x7ab obj_cooja/mtype438.a(chameleon-bitop)
                0x000000000000b60d                get_bits
                0x000000000000b777                set_bits_in_byte
                0x000000000000b7cc                set_bits
 .text          0x000000000000bc75        0x0 /usr/lib/gcc/i686-linux-gnu/4.8/crtendS.o
 .text          0x000000000000bc75        0x0 /usr/lib/gcc/i686-linux-gnu/4.8/../../../i386-linux-gnu/crtn.o
 *(.gnu.warning)

.fini           0x000000000000bc78       0x14
 *(SORT(.fini))
 .fini          0x000000000000bc78        0xf /usr/lib/gcc/i686-linux-gnu/4.8/../../../i386-linux-gnu/crti.o
                0x000000000000bc78                _fini
 .fini          0x000000000000bc87        0x5 /usr/lib/gcc/i686-linux-gnu/4.8/../../../i386-linux-gnu/crtn.o
                0x000000000000bc8c                PROVIDE (__etext, .)
                0x000000000000bc8c                PROVIDE (_etext, .)
                0x000000000000bc8c                PROVIDE (etext, .)

.rodata         0x000000000000bca0      0x58c
 *(.rodata .rodata.* .gnu.linkonce.r.*)
 .rodata        0x000000000000bca0       0x67 example-longrange-unicast.co
                0x000000000000bcb0                autostart_processes
 *fill*         0x000000000000bd07        0x1 
 .rodata        0x000000000000bd08       0xcd obj_cooja/mtype438.o
 *fill*         0x000000000000bdd5        0x3 
 .rodata        0x000000000000bdd8        0x8 obj_cooja/mtype438.a(beep.o)
                0x000000000000bdd8                beep_interface
 .rodata        0x000000000000bde0       0x20 obj_cooja/mtype438.a(button-sensor.o)
                0x000000000000bde0                button_interface
                0x000000000000bdf0                button_sensor
 .rodata        0x000000000000be00        0x8 obj_cooja/mtype438.a(leds-arch.o)
                0x000000000000be00                leds_interface
 .rodata        0x000000000000be08        0x8 obj_cooja/mtype438.a(moteid.o)
                0x000000000000be08                moteid_interface
 .rodata        0x000000000000be10       0x1c obj_cooja/mtype438.a(pir-sensor.o)
                0x000000000000be10                pir_interface
                0x000000000000be1c                pir_sensor
 .rodata        0x000000000000be2c        0xe obj_cooja/mtype438.a(rs232.o)
                0x000000000000be2c                rs232_interface
 *fill*         0x000000000000be3a        0x2 
 .rodata        0x000000000000be3c       0x24 obj_cooja/mtype438.a(vib-sensor.o)
                0x000000000000be3c                vib_interface
                0x000000000000be50                vib_sensor
 .rodata        0x000000000000be60        0x8 obj_cooja/mtype438.a(clock.o)
                0x000000000000be60                clock_interface
 .rodata        0x000000000000be68        0x8 obj_cooja/mtype438.a(log.o)
                0x000000000000be68                simlog_interface
 .rodata        0x000000000000be70       0x2f obj_cooja/mtype438.a(cfs-cooja.o)
                0x000000000000be70                cfs_interface
 *fill*         0x000000000000be9f        0x1 
 .rodata        0x000000000000bea0       0x58 obj_cooja/mtype438.a(cooja-radio.o)
                0x000000000000bea0                radio_interface
                0x000000000000bec0                cooja_radio_driver
 .rodata        0x000000000000bef8        0x8 obj_cooja/mtype438.a(eeprom.o)
                0x000000000000bef8                eeprom_interface
 .rodata        0x000000000000bf00        0x8 obj_cooja/mtype438.a(sensors.o)
 .rodata        0x000000000000bf08      0x132 obj_cooja/mtype438.a(dual_conf.o)
 .rodata        0x000000000000c03a        0xf obj_cooja/mtype438.a(ctimer.o)
 .rodata        0x000000000000c049        0xc obj_cooja/mtype438.a(etimer.o)
 .rodata        0x000000000000c055        0xe obj_cooja/mtype438.a(serial-line.o)
 *fill*         0x000000000000c063        0x1 
 .rodata        0x000000000000c064       0x14 obj_cooja/mtype438.a(rime.o)
                0x000000000000c06c                rime_driver
 .rodata        0x000000000000c078       0x10 obj_cooja/mtype438.a(unicast.o)
 .rodata        0x000000000000c088        0x2 obj_cooja/mtype438.a(linkaddr.o)
                0x000000000000c088                linkaddr_null
 *fill*         0x000000000000c08a        0x2 
 .rodata        0x000000000000c08c       0x24 obj_cooja/mtype438.a(csma.o)
                0x000000000000c094                csma_driver
 *fill*         0x000000000000c0b0       0x10 
 .rodata        0x000000000000c0c0       0x40 obj_cooja/mtype438.a(nullrdc.o)
                0x000000000000c0e0                nullrdc_driver
 .rodata        0x000000000000c100       0x18 obj_cooja/mtype438.a(nullsec.o)
                0x000000000000c108                nullsec_driver
 .rodata        0x000000000000c118       0x78 obj_cooja/mtype438.a(abc.o)
 .rodata        0x000000000000c190        0x8 obj_cooja/mtype438.a(broadcast-annou)
 .rodata        0x000000000000c198       0x6f obj_cooja/mtype438.a(broadcast.o)
 *fill*         0x000000000000c207        0x1 
 .rodata        0x000000000000c208        0xc obj_cooja/mtype438.a(framer-nullmac.)
                0x000000000000c208                framer_nullmac
 .rodata        0x000000000000c214       0x18 obj_cooja/mtype438.a(chameleon-bitop)
                0x000000000000c220                chameleon_bitopt

.rodata1
 *(.rodata1)

.eh_frame_hdr   0x000000000000c22c      0xb34
 *(.eh_frame_hdr)
 .eh_frame_hdr  0x000000000000c22c      0xb34 example-longrange-unicast.co

.eh_frame       0x000000000000cd60     0x2d3c
 *(.eh_frame)
 .eh_frame      0x000000000000cd60       0x3c /usr/lib/gcc/i686-linux-gnu/4.8/../../../i386-linux-gnu/crti.o
                                         0x40 (size before relaxing)
 .eh_frame      0x000000000000cd9c       0x44 example-longrange-unicast.co
                                         0x5c (size before relaxing)
 .eh_frame      0x000000000000cde0      0x148 obj_cooja/mtype438.o
                                        0x160 (size before relaxing)
 .eh_frame      0x000000000000cf28       0x40 obj_cooja/mtype438.a(simEnvChange.o)
                                         0x58 (size before relaxing)
 .eh_frame      0x000000000000cf68       0xc0 obj_cooja/mtype438.a(cooja_mt.o)
                                         0xd8 (size before relaxing)
 .eh_frame      0x000000000000d028      0x120 obj_cooja/mtype438.a(cooja_mtarch.o)
                                        0x138 (size before relaxing)
 .eh_frame      0x000000000000d148       0xc0 obj_cooja/mtype438.a(rtimer-arch.o)
                                         0xd8 (size before relaxing)
 .eh_frame      0x000000000000d208      0x160 obj_cooja/mtype438.a(beep.o)
                                        0x178 (size before relaxing)
 .eh_frame      0x000000000000d368       0xa0 obj_cooja/mtype438.a(button-sensor.o)
                                         0xb8 (size before relaxing)
 .eh_frame      0x000000000000d408       0xa0 obj_cooja/mtype438.a(leds-arch.o)
                                         0xb8 (size before relaxing)
 .eh_frame      0x000000000000d4a8       0x40 obj_cooja/mtype438.a(moteid.o)
                                         0x58 (size before relaxing)
 .eh_frame      0x000000000000d4e8       0xa0 obj_cooja/mtype438.a(pir-sensor.o)
                                         0xb8 (size before relaxing)
 .eh_frame      0x000000000000d588      0x100 obj_cooja/mtype438.a(rs232.o)
                                        0x118 (size before relaxing)
 .eh_frame      0x000000000000d688       0xa0 obj_cooja/mtype438.a(vib-sensor.o)
                                         0xb8 (size before relaxing)
 .eh_frame      0x000000000000d728       0xc0 obj_cooja/mtype438.a(clock.o)
                                         0xd8 (size before relaxing)
 .eh_frame      0x000000000000d7e8      0x120 obj_cooja/mtype438.a(log.o)
                                        0x138 (size before relaxing)
 .eh_frame      0x000000000000d908      0x160 obj_cooja/mtype438.a(cfs-cooja.o)
                                        0x178 (size before relaxing)
 .eh_frame      0x000000000000da68      0x2e0 obj_cooja/mtype438.a(cooja-radio.o)
                                        0x2f8 (size before relaxing)
 .eh_frame      0x000000000000dd48       0xa0 obj_cooja/mtype438.a(eeprom.o)
                                         0xb8 (size before relaxing)
 .eh_frame      0x000000000000dde8       0x40 obj_cooja/mtype438.a(random.o)
                                         0x58 (size before relaxing)
 .eh_frame      0x000000000000de28       0xc0 obj_cooja/mtype438.a(sensors.o)
                                         0xd8 (size before relaxing)
 .eh_frame      0x000000000000dee8       0xa0 obj_cooja/mtype438.a(dual_conf.o)
                                         0xb8 (size before relaxing)
 .eh_frame      0x000000000000df88       0x40 obj_cooja/mtype438.a(autostart.o)
                                         0x58 (size before relaxing)
 .eh_frame      0x000000000000dfc8      0x100 obj_cooja/mtype438.a(ctimer.o)
                                        0x118 (size before relaxing)
 .eh_frame      0x000000000000e0c8      0x1e0 obj_cooja/mtype438.a(etimer.o)
                                        0x1f8 (size before relaxing)
 .eh_frame      0x000000000000e2a8      0x1c8 obj_cooja/mtype438.a(process.o)
                                        0x1e0 (size before relaxing)
 .eh_frame      0x000000000000e470       0x60 obj_cooja/mtype438.a(rtimer.o)
                                         0x78 (size before relaxing)
 .eh_frame      0x000000000000e4d0       0xa4 obj_cooja/mtype438.a(timer.o)
                                         0xbc (size before relaxing)
 .eh_frame      0x000000000000e574       0x60 obj_cooja/mtype438.a(serial-line.o)
                                         0x78 (size before relaxing)
 .eh_frame      0x000000000000e5d4      0x180 obj_cooja/mtype438.a(list.o)
                                        0x198 (size before relaxing)
 .eh_frame      0x000000000000e754       0xa0 obj_cooja/mtype438.a(ringbuf.o)
                                         0xb8 (size before relaxing)
 .eh_frame      0x000000000000e7f4       0xc0 obj_cooja/mtype438.a(rime.o)
                                         0xd8 (size before relaxing)
 .eh_frame      0x000000000000e8b4       0xe0 obj_cooja/mtype438.a(unicast.o)
                                         0xf8 (size before relaxing)
 .eh_frame      0x000000000000e994       0x60 obj_cooja/mtype438.a(linkaddr.o)
                                         0x78 (size before relaxing)
 .eh_frame      0x000000000000e9f4       0x20 obj_cooja/mtype438.a(netstack.o)
                                         0x38 (size before relaxing)
 .eh_frame      0x000000000000ea14      0x214 obj_cooja/mtype438.a(packetbuf.o)
                                        0x22c (size before relaxing)
 .eh_frame      0x000000000000ec28      0x1a0 obj_cooja/mtype438.a(queuebuf.o)
                                        0x1b8 (size before relaxing)
 .eh_frame      0x000000000000edc8      0x28c obj_cooja/mtype438.a(csma.o)
                                        0x2a4 (size before relaxing)
 .eh_frame      0x000000000000f054       0x20 obj_cooja/mtype438.a(mac.o)
                                         0x38 (size before relaxing)
 .eh_frame      0x000000000000f074      0x148 obj_cooja/mtype438.a(nullrdc.o)
                                        0x160 (size before relaxing)
 .eh_frame      0x000000000000f1bc       0x80 obj_cooja/mtype438.a(nullsec.o)
                                         0x98 (size before relaxing)
 .eh_frame      0x000000000000f23c       0xa0 obj_cooja/mtype438.a(memb.o)
                                         0xb8 (size before relaxing)
 .eh_frame      0x000000000000f2dc       0xa0 obj_cooja/mtype438.a(abc.o)
                                         0xb8 (size before relaxing)
 .eh_frame      0x000000000000f37c      0x174 obj_cooja/mtype438.a(announcement.o)
                                        0x18c (size before relaxing)
 .eh_frame      0x000000000000f4f0      0x12c obj_cooja/mtype438.a(broadcast-annou)
                                        0x144 (size before relaxing)
 .eh_frame      0x000000000000f61c       0xec obj_cooja/mtype438.a(broadcast.o)
                                        0x104 (size before relaxing)
 .eh_frame      0x000000000000f708       0xa0 obj_cooja/mtype438.a(chameleon.o)
                                         0xb8 (size before relaxing)
 .eh_frame      0x000000000000f7a8       0xa0 obj_cooja/mtype438.a(channel.o)
                                         0xb8 (size before relaxing)
 .eh_frame      0x000000000000f848       0xa0 obj_cooja/mtype438.a(framer-nullmac.)
                                         0xb8 (size before relaxing)
 .eh_frame      0x000000000000f8e8      0x1b0 obj_cooja/mtype438.a(chameleon-bitop)
                                        0x1c8 (size before relaxing)
 .eh_frame      0x000000000000fa98        0x4 /usr/lib/gcc/i686-linux-gnu/4.8/crtendS.o

.gcc_except_table
 *(.gcc_except_table .gcc_except_table.*)

.exception_ranges
 *(.exception_ranges .exception_ranges*)
                0x000000000000fa9c                . = (ALIGN (0x1000) - ((0x1000 - .) & 0xfff))
                0x0000000000010ef8                . = DATA_SEGMENT_ALIGN (0x1000, 0x1000)

.eh_frame
 *(.eh_frame)

.gcc_except_table
 *(.gcc_except_table .gcc_except_table.*)

.exception_ranges
 *(.exception_ranges .exception_ranges*)

.tdata
 *(.tdata .tdata.* .gnu.linkonce.td.*)

.tbss
 *(.tbss .tbss.* .gnu.linkonce.tb.*)
 *(.tcommon)

.preinit_array
 *(.preinit_array)

.init_array     0x0000000000010ef8        0x4
 *(SORT(.init_array.*) SORT(.ctors.*))
 *(.init_array EXCLUDE_FILE(*crtend?.o *crtend.o *crtbegin?.o *crtbegin.o) .ctors)
 .init_array    0x0000000000010ef8        0x4 /usr/lib/gcc/i686-linux-gnu/4.8/crtbeginS.o

.fini_array     0x0000000000010efc        0x4
 *(SORT(.fini_array.*) SORT(.dtors.*))
 *(.fini_array EXCLUDE_FILE(*crtend?.o *crtend.o *crtbegin?.o *crtbegin.o) .dtors)
 .fini_array    0x0000000000010efc        0x4 /usr/lib/gcc/i686-linux-gnu/4.8/crtbeginS.o

.ctors
 *crtbegin.o(.ctors)
 *crtbegin?.o(.ctors)
 *(EXCLUDE_FILE(*crtend?.o *crtend.o) .ctors)
 *(SORT(.ctors.*))
 *(.ctors)

.dtors
 *crtbegin.o(.dtors)
 *crtbegin?.o(.dtors)
 *(EXCLUDE_FILE(*crtend?.o *crtend.o) .dtors)
 *(SORT(.dtors.*))
 *(.dtors)

.jcr            0x0000000000010f00        0x4
 *(.jcr)
 .jcr           0x0000000000010f00        0x0 /usr/lib/gcc/i686-linux-gnu/4.8/crtbeginS.o
 .jcr           0x0000000000010f00        0x4 /usr/lib/gcc/i686-linux-gnu/4.8/crtendS.o

.data.rel.ro
 *(.data.rel.ro.local* .gnu.linkonce.d.rel.ro.local.*)
 *(.data.rel.ro .data.rel.ro.* .gnu.linkonce.d.rel.ro.*)

.dynamic        0x0000000000010f04       0xe8
 *(.dynamic)
 .dynamic       0x0000000000010f04       0xe8 /usr/lib/gcc/i686-linux-gnu/4.8/../../../i386-linux-gnu/crti.o
                0x0000000000010f04                _DYNAMIC

.got            0x0000000000010fec       0x14
 *(.got)
 .got           0x0000000000010fec       0x14 /usr/lib/gcc/i686-linux-gnu/4.8/../../../i386-linux-gnu/crti.o
 *(.igot)
                0x0000000000011ff4                . = DATA_SEGMENT_RELRO_END (., (SIZEOF (.got.plt) >= 0xc)?0xc:0x0)

.got.plt        0x0000000000011000       0x14
 *(.got.plt)
 .got.plt       0x0000000000011000       0x14 /usr/lib/gcc/i686-linux-gnu/4.8/../../../i386-linux-gnu/crti.o
                0x0000000000011000                _GLOBAL_OFFSET_TABLE_
 *(.igot.plt)

.data           0x0000000000011020      0x128
 *(.data .data.* .gnu.linkonce.d.*)
 .data          0x0000000000011020        0x0 /usr/lib/gcc/i686-linux-gnu/4.8/../../../i386-linux-gnu/crti.o
 .data          0x0000000000011020        0x0 /usr/lib/gcc/i686-linux-gnu/4.8/crtbeginS.o
 .data.rel      0x0000000000011020        0x4 /usr/lib/gcc/i686-linux-gnu/4.8/crtbeginS.o
                0x0000000000011020                __dso_handle
 .data          0x0000000000011024       0x10 example-longrange-unicast.co
                0x0000000000011024                example_unicast_process
 *fill*         0x0000000000011034        0xc 
 .data          0x0000000000011040       0x44 obj_cooja/mtype438.o
                0x0000000000011040                simInterfaces
                0x0000000000011074                sensors
 .data          0x0000000000011084        0x0 obj_cooja/mtype438.a(simEnvChange.o)
 .data          0x0000000000011084        0x0 obj_cooja/mtype438.a(cooja_mt.o)
 .data          0x0000000000011084        0x0 obj_cooja/mtype438.a(cooja_mtarch.o)
 .data          0x0000000000011084        0x0 obj_cooja/mtype438.a(rtimer-arch.o)
 .data          0x0000000000011084        0x0 obj_cooja/mtype438.a(beep.o)
 .data          0x0000000000011084        0x0 obj_cooja/mtype438.a(button-sensor.o)
 .data          0x0000000000011084        0x0 obj_cooja/mtype438.a(leds-arch.o)
 .data          0x0000000000011084        0x0 obj_cooja/mtype438.a(moteid.o)
 .data          0x0000000000011084        0x0 obj_cooja/mtype438.a(pir-sensor.o)
 .data          0x0000000000011084        0x0 obj_cooja/mtype438.a(rs232.o)
 .data          0x0000000000011084        0x0 obj_cooja/mtype438.a(vib-sensor.o)
 .data          0x0000000000011084        0x0 obj_cooja/mtype438.a(clock.o)
 .data          0x0000000000011084        0x0 obj_cooja/mtype438.a(log.o)
 .data          0x0000000000011084        0x0 obj_cooja/mtype438.a(cfs-cooja.o)
 .data          0x0000000000011084       0x2c obj_cooja/mtype438.a(cooja-radio.o)
                0x0000000000011084                simRadioHWOn
                0x0000000000011088                simSignalStrength
                0x000000000001108c                simLastSignalStrength
                0x0000000000011090                simPower
                0x0000000000011094                simRadioChannel
                0x0000000000011098                simRadioChannelLR
                0x000000000001109c                simLQI
                0x00000000000110a0                cooja_radio_process
 .data          0x00000000000110b0        0x0 obj_cooja/mtype438.a(eeprom.o)
 .data          0x00000000000110b0        0x0 obj_cooja/mtype438.a(random.o)
 .data          0x00000000000110b0       0x10 obj_cooja/mtype438.a(sensors.o)
                0x00000000000110b0                sensors_process
 .data          0x00000000000110c0        0x4 obj_cooja/mtype438.a(dual_conf.o)
                0x00000000000110c0                radio_received
 .data          0x00000000000110c4        0x0 obj_cooja/mtype438.a(autostart.o)
 .data          0x00000000000110c4       0x14 obj_cooja/mtype438.a(ctimer.o)
                0x00000000000110c8                ctimer_process
 .data          0x00000000000110d8       0x10 obj_cooja/mtype438.a(etimer.o)
                0x00000000000110d8                etimer_process
 .data          0x00000000000110e8        0x0 obj_cooja/mtype438.a(process.o)
 .data          0x00000000000110e8        0x0 obj_cooja/mtype438.a(rtimer.o)
 .data          0x00000000000110e8        0x0 obj_cooja/mtype438.a(timer.o)
 .data          0x00000000000110e8       0x10 obj_cooja/mtype438.a(serial-line.o)
                0x00000000000110e8                serial_line_process
 .data          0x00000000000110f8        0x0 obj_cooja/mtype438.a(list.o)
 .data          0x00000000000110f8        0x0 obj_cooja/mtype438.a(ringbuf.o)
 .data          0x00000000000110f8        0x4 obj_cooja/mtype438.a(rime.o)
 .data          0x00000000000110fc        0x0 obj_cooja/mtype438.a(unicast.o)
 .data          0x00000000000110fc        0x0 obj_cooja/mtype438.a(linkaddr.o)
 .data          0x00000000000110fc        0x0 obj_cooja/mtype438.a(netstack.o)
 .data          0x00000000000110fc        0x4 obj_cooja/mtype438.a(packetbuf.o)
 .data          0x0000000000011100       0x18 obj_cooja/mtype438.a(queuebuf.o)
 .data          0x0000000000011118       0x28 obj_cooja/mtype438.a(csma.o)
 .data          0x0000000000011140        0x0 obj_cooja/mtype438.a(mac.o)
 .data          0x0000000000011140        0x0 obj_cooja/mtype438.a(nullrdc.o)
 .data          0x0000000000011140        0x0 obj_cooja/mtype438.a(nullsec.o)
 .data          0x0000000000011140        0x0 obj_cooja/mtype438.a(rimestats.o)
 .data          0x0000000000011140        0x0 obj_cooja/mtype438.a(memb.o)
 .data          0x0000000000011140        0x0 obj_cooja/mtype438.a(abc.o)
 .data          0x0000000000011140        0x4 obj_cooja/mtype438.a(announcement.o)
 .data          0x0000000000011144        0x0 obj_cooja/mtype438.a(broadcast-annou)
 .data          0x0000000000011144        0x0 obj_cooja/mtype438.a(broadcast.o)
 .data          0x0000000000011144        0x0 obj_cooja/mtype438.a(chameleon.o)
 .data          0x0000000000011144        0x4 obj_cooja/mtype438.a(channel.o)
 .data          0x0000000000011148        0x0 obj_cooja/mtype438.a(framer-nullmac.)
 .data          0x0000000000011148        0x0 obj_cooja/mtype438.a(chameleon-bitop)
 .data          0x0000000000011148        0x0 /usr/lib/gcc/i686-linux-gnu/4.8/crtendS.o
 .data          0x0000000000011148        0x0 /usr/lib/gcc/i686-linux-gnu/4.8/../../../i386-linux-gnu/crtn.o

.tm_clone_table
                0x0000000000011148        0x0
 .tm_clone_table
                0x0000000000011148        0x0 /usr/lib/gcc/i686-linux-gnu/4.8/crtbeginS.o
 .tm_clone_table
                0x0000000000011148        0x0 /usr/lib/gcc/i686-linux-gnu/4.8/crtendS.o

.data1
 *(.data1)
                0x0000000000011148                _edata = .
                0x0000000000011148                PROVIDE (edata, .)
                0x0000000000011148                . = .
                0x0000000000011148                __bss_start = .

.bss            0x0000000000011160     0x5b08
 *(.dynbss)
 .dynbss        0x0000000000000000        0x0 /usr/lib/gcc/i686-linux-gnu/4.8/../../../i386-linux-gnu/crti.o
 *(.bss .bss.* .gnu.linkonce.b.*)
 .bss           0x0000000000011160        0x0 /usr/lib/gcc/i686-linux-gnu/4.8/../../../i386-linux-gnu/crti.o
 .bss           0x0000000000011160        0x1 /usr/lib/gcc/i686-linux-gnu/4.8/crtbeginS.o
 *fill*         0x0000000000011161        0x3 
 .bss           0x0000000000011164       0x2c example-longrange-unicast.co
 *fill*         0x0000000000011190       0x10 
 .bss           0x00000000000111a0     0x2030 obj_cooja/mtype438.o
 .bss           0x00000000000131d0        0x1 obj_cooja/mtype438.a(simEnvChange.o)
                0x00000000000131d0                simDontFallAsleep
 *fill*         0x00000000000131d1        0x3 
 .bss           0x00000000000131d4        0x4 obj_cooja/mtype438.a(cooja_mt.o)
 .bss           0x00000000000131d8        0x4 obj_cooja/mtype438.a(cooja_mtarch.o)
 .bss           0x00000000000131dc        0xc obj_cooja/mtype438.a(rtimer-arch.o)
 .bss           0x00000000000131e8        0x0 obj_cooja/mtype438.a(beep.o)
 .bss           0x00000000000131e8        0x8 obj_cooja/mtype438.a(button-sensor.o)
 .bss           0x00000000000131f0        0x0 obj_cooja/mtype438.a(leds-arch.o)
 .bss           0x00000000000131f0        0x0 obj_cooja/mtype438.a(moteid.o)
 .bss           0x00000000000131f0        0x1 obj_cooja/mtype438.a(pir-sensor.o)
                0x00000000000131f0                simPirValue
 *fill*         0x00000000000131f1        0x3 
 .bss           0x00000000000131f4        0x4 obj_cooja/mtype438.a(rs232.o)
 .bss           0x00000000000131f8        0x1 obj_cooja/mtype438.a(vib-sensor.o)
                0x00000000000131f8                simVibValue
 .bss           0x00000000000131f9        0x0 obj_cooja/mtype438.a(clock.o)
 *fill*         0x00000000000131f9        0x7 
 .bss           0x0000000000013200      0x420 obj_cooja/mtype438.a(log.o)
 .bss           0x0000000000013620      0xfc0 obj_cooja/mtype438.a(cfs-cooja.o)
                0x0000000000013620                simCFSData
                0x00000000000145c0                simCFSSize
                0x00000000000145c4                simCFSChanged
                0x00000000000145c8                simCFSRead
                0x00000000000145cc                simCFSWritten
 .bss           0x00000000000145e0       0x1c obj_cooja/mtype438.a(cooja-radio.o)
                0x00000000000145e0                simReceiving
                0x00000000000145e1                simReceivingLR
                0x00000000000145e4                simInSize
                0x00000000000145e8                simInSizeLR
                0x00000000000145ec                simOutSize
                0x00000000000145f0                simOutSizeLR
                0x00000000000145f4                LongRangeTransmit
 .bss           0x00000000000145fc        0xc obj_cooja/mtype438.a(eeprom.o)
                0x00000000000145fc                simEEPROMChanged
                0x0000000000014600                simEEPROMRead
                0x0000000000014604                simEEPROMWritten
 .bss           0x0000000000014608        0x0 obj_cooja/mtype438.a(random.o)
 .bss           0x0000000000014608        0xc obj_cooja/mtype438.a(sensors.o)
 .bss           0x0000000000014614        0x4 obj_cooja/mtype438.a(dual_conf.o)
                0x0000000000014614                long_range_radio
 .bss           0x0000000000014618        0x0 obj_cooja/mtype438.a(autostart.o)
 .bss           0x0000000000014618        0x5 obj_cooja/mtype438.a(ctimer.o)
 *fill*         0x000000000001461d        0x3 
 .bss           0x0000000000014620        0x8 obj_cooja/mtype438.a(etimer.o)
 *fill*         0x0000000000014628       0x18 
 .bss           0x0000000000014640      0x1b1 obj_cooja/mtype438.a(process.o)
                0x0000000000014640                process_list
                0x0000000000014644                process_current
 *fill*         0x00000000000147f1        0x3 
 .bss           0x00000000000147f4        0x4 obj_cooja/mtype438.a(rtimer.o)
 .bss           0x00000000000147f8        0x0 obj_cooja/mtype438.a(timer.o)
 *fill*         0x00000000000147f8        0x8 
 .bss           0x0000000000014800      0x140 obj_cooja/mtype438.a(serial-line.o)
 .bss           0x0000000000014940        0x0 obj_cooja/mtype438.a(list.o)
 .bss           0x0000000000014940        0x0 obj_cooja/mtype438.a(ringbuf.o)
 .bss           0x0000000000014940        0x4 obj_cooja/mtype438.a(rime.o)
 .bss           0x0000000000014944        0x0 obj_cooja/mtype438.a(unicast.o)
 .bss           0x0000000000014944        0x0 obj_cooja/mtype438.a(linkaddr.o)
 .bss           0x0000000000014944        0x0 obj_cooja/mtype438.a(netstack.o)
 *fill*         0x0000000000014944       0x1c 
 .bss           0x0000000000014960       0xa0 obj_cooja/mtype438.a(packetbuf.o)
 .bss           0x0000000000014a00      0xc60 obj_cooja/mtype438.a(queuebuf.o)
 .bss           0x0000000000015660      0x248 obj_cooja/mtype438.a(csma.o)
 .bss           0x00000000000158a8        0x0 obj_cooja/mtype438.a(mac.o)
 .bss           0x00000000000158a8        0x0 obj_cooja/mtype438.a(nullrdc.o)
 .bss           0x00000000000158a8        0x0 obj_cooja/mtype438.a(nullsec.o)
 .bss           0x00000000000158a8        0x0 obj_cooja/mtype438.a(rimestats.o)
 .bss           0x00000000000158a8        0x0 obj_cooja/mtype438.a(memb.o)
 .bss           0x00000000000158a8        0x0 obj_cooja/mtype438.a(abc.o)
 .bss           0x00000000000158a8        0xc obj_cooja/mtype438.a(announcement.o)
 *fill*         0x00000000000158b4        0xc 
 .bss           0x00000000000158c0       0x6c obj_cooja/mtype438.a(broadcast-annou)
 .bss           0x000000000001592c        0x0 obj_cooja/mtype438.a(broadcast.o)
 .bss           0x000000000001592c        0x0 obj_cooja/mtype438.a(chameleon.o)
 .bss           0x000000000001592c        0x4 obj_cooja/mtype438.a(channel.o)
 .bss           0x0000000000015930        0x0 obj_cooja/mtype438.a(framer-nullmac.)
 .bss           0x0000000000015930        0x0 obj_cooja/mtype438.a(chameleon-bitop)
 .bss           0x0000000000015930        0x0 /usr/lib/gcc/i686-linux-gnu/4.8/crtendS.o
 .bss           0x0000000000015930        0x0 /usr/lib/gcc/i686-linux-gnu/4.8/../../../i386-linux-gnu/crtn.o
 *(COMMON)
 COMMON         0x0000000000015930        0x0 example-longrange-unicast.co
 COMMON         0x0000000000015930        0x8 obj_cooja/mtype438.o
                0x0000000000015930                referenceVar
                0x0000000000015934                sensors_flags
 COMMON         0x0000000000015938        0xc obj_cooja/mtype438.a(simEnvChange.o)
                0x0000000000015938                simEtimerPending
                0x000000000001593c                simProcessRunValue
                0x0000000000015940                simNextExpirationTime
 COMMON         0x0000000000015944        0x1 obj_cooja/mtype438.a(beep.o)
                0x0000000000015944                simBeeped
 COMMON         0x0000000000015945        0x3 obj_cooja/mtype438.a(button-sensor.o)
                0x0000000000015945                simButtonIsActive
                0x0000000000015946                simButtonIsDown
                0x0000000000015947                simButtonChanged
 COMMON         0x0000000000015948        0x1 obj_cooja/mtype438.a(leds-arch.o)
                0x0000000000015948                simLedsValue
 *fill*         0x0000000000015949        0x3 
 COMMON         0x000000000001594c        0xc obj_cooja/mtype438.a(moteid.o)
                0x000000000001594c                simRandomSeed
                0x0000000000015950                simMoteIDChanged
                0x0000000000015954                simMoteID
 COMMON         0x0000000000015958        0x2 obj_cooja/mtype438.a(pir-sensor.o)
                0x0000000000015958                simPirIsActive
                0x0000000000015959                simPirChanged
 *fill*         0x000000000001595a        0x6 
 COMMON         0x0000000000015960      0x820 obj_cooja/mtype438.a(rs232.o)
                0x0000000000015960                simSerialReceivingFlag
                0x0000000000015964                simSerialReceivingLength
                0x0000000000015980                simSerialReceivingData
 COMMON         0x0000000000016180        0x2 obj_cooja/mtype438.a(vib-sensor.o)
                0x0000000000016180                simVibChanged
                0x0000000000016181                simVibIsActive
 *fill*         0x0000000000016182        0x2 
 COMMON         0x0000000000016184        0x4 obj_cooja/mtype438.a(clock.o)
                0x0000000000016184                simCurrentTime
 *fill*         0x0000000000016188       0x18 
 COMMON         0x00000000000161a0      0x420 obj_cooja/mtype438.a(log.o)
                0x00000000000161a0                simLoggedLength
                0x00000000000161a4                simLoggedFlag
                0x00000000000161c0                simLoggedData
 COMMON         0x00000000000165c0      0x200 obj_cooja/mtype438.a(cooja-radio.o)
                0x00000000000165c0                simOutDataBuffer
                0x0000000000016640                simInDataBufferLR
                0x00000000000166c0                simOutDataBufferLR
                0x0000000000016740                simInDataBuffer
 COMMON         0x00000000000167c0      0x400 obj_cooja/mtype438.a(eeprom.o)
                0x00000000000167c0                simEEPROMData
 COMMON         0x0000000000016bc0        0x1 obj_cooja/mtype438.a(sensors.o)
                0x0000000000016bc0                sensors_event
 COMMON         0x0000000000016bc1        0x1 obj_cooja/mtype438.a(serial-line.o)
                0x0000000000016bc1                serial_line_event_message
 COMMON         0x0000000000016bc2        0x2 obj_cooja/mtype438.a(linkaddr.o)
                0x0000000000016bc2                linkaddr_node_addr
 *fill*         0x0000000000016bc4       0x1c 
 COMMON         0x0000000000016be0       0x3c obj_cooja/mtype438.a(packetbuf.o)
                0x0000000000016be0                packetbuf_attrs
                0x0000000000016c14                packetbuf_addrs
 *fill*         0x0000000000016c1c        0x4 
 COMMON         0x0000000000016c20       0x48 obj_cooja/mtype438.a(rimestats.o)
                0x0000000000016c20                rimestats
                0x0000000000016c68                . = ALIGN ((. != 0x0)?0x4:0x1)
                0x0000000000016c68                . = ALIGN (0x4)
                0x0000000000016c68                . = SEGMENT_START ("ldata-segment", .)
                0x0000000000016c68                . = ALIGN (0x4)
                0x0000000000016c68                _end = .
                0x0000000000016c68                PROVIDE (end, .)
                0x0000000000016c68                . = DATA_SEGMENT_END (.)

.stab
 *(.stab)

.stabstr
 *(.stabstr)

.stab.excl
 *(.stab.excl)

.stab.exclstr
 *(.stab.exclstr)

.stab.index
 *(.stab.index)

.stab.indexstr
 *(.stab.indexstr)

.comment        0x0000000000000000       0x2b
 *(.comment)
 .comment       0x0000000000000000       0x2b /usr/lib/gcc/i686-linux-gnu/4.8/crtbeginS.o
                                         0x2c (size before relaxing)
 .comment       0x0000000000000000       0x2c example-longrange-unicast.co
 .comment       0x0000000000000000       0x2c obj_cooja/mtype438.o
 .comment       0x0000000000000000       0x2c obj_cooja/mtype438.a(simEnvChange.o)
 .comment       0x0000000000000000       0x2c obj_cooja/mtype438.a(cooja_mt.o)
 .comment       0x0000000000000000       0x2c obj_cooja/mtype438.a(cooja_mtarch.o)
 .comment       0x0000000000000000       0x2c obj_cooja/mtype438.a(rtimer-arch.o)
 .comment       0x0000000000000000       0x2c obj_cooja/mtype438.a(beep.o)
 .comment       0x0000000000000000       0x2c obj_cooja/mtype438.a(button-sensor.o)
 .comment       0x0000000000000000       0x2c obj_cooja/mtype438.a(leds-arch.o)
 .comment       0x0000000000000000       0x2c obj_cooja/mtype438.a(moteid.o)
 .comment       0x0000000000000000       0x2c obj_cooja/mtype438.a(pir-sensor.o)
 .comment       0x0000000000000000       0x2c obj_cooja/mtype438.a(rs232.o)
 .comment       0x0000000000000000       0x2c obj_cooja/mtype438.a(vib-sensor.o)
 .comment       0x0000000000000000       0x2c obj_cooja/mtype438.a(clock.o)
 .comment       0x0000000000000000       0x2c obj_cooja/mtype438.a(log.o)
 .comment       0x0000000000000000       0x2c obj_cooja/mtype438.a(cfs-cooja.o)
 .comment       0x0000000000000000       0x2c obj_cooja/mtype438.a(cooja-radio.o)
 .comment       0x0000000000000000       0x2c obj_cooja/mtype438.a(eeprom.o)
 .comment       0x0000000000000000       0x2c obj_cooja/mtype438.a(random.o)
 .comment       0x0000000000000000       0x2c obj_cooja/mtype438.a(sensors.o)
 .comment       0x0000000000000000       0x2c obj_cooja/mtype438.a(dual_conf.o)
 .comment       0x0000000000000000       0x2c obj_cooja/mtype438.a(autostart.o)
 .comment       0x0000000000000000       0x2c obj_cooja/mtype438.a(ctimer.o)
 .comment       0x0000000000000000       0x2c obj_cooja/mtype438.a(etimer.o)
 .comment       0x0000000000000000       0x2c obj_cooja/mtype438.a(process.o)
 .comment       0x0000000000000000       0x2c obj_cooja/mtype438.a(rtimer.o)
 .comment       0x0000000000000000       0x2c obj_cooja/mtype438.a(timer.o)
 .comment       0x0000000000000000       0x2c obj_cooja/mtype438.a(serial-line.o)
 .comment       0x0000000000000000       0x2c obj_cooja/mtype438.a(list.o)
 .comment       0x0000000000000000       0x2c obj_cooja/mtype438.a(ringbuf.o)
 .comment       0x0000000000000000       0x2c obj_cooja/mtype438.a(rime.o)
 .comment       0x0000000000000000       0x2c obj_cooja/mtype438.a(unicast.o)
 .comment       0x0000000000000000       0x2c obj_cooja/mtype438.a(linkaddr.o)
 .comment       0x0000000000000000       0x2c obj_cooja/mtype438.a(netstack.o)
 .comment       0x0000000000000000       0x2c obj_cooja/mtype438.a(packetbuf.o)
 .comment       0x0000000000000000       0x2c obj_cooja/mtype438.a(queuebuf.o)
 .comment       0x0000000000000000       0x2c obj_cooja/mtype438.a(csma.o)
 .comment       0x0000000000000000       0x2c obj_cooja/mtype438.a(mac.o)
 .comment       0x0000000000000000       0x2c obj_cooja/mtype438.a(nullrdc.o)
 .comment       0x0000000000000000       0x2c obj_cooja/mtype438.a(nullsec.o)
 .comment       0x0000000000000000       0x2c obj_cooja/mtype438.a(rimestats.o)
 .comment       0x0000000000000000       0x2c obj_cooja/mtype438.a(memb.o)
 .comment       0x0000000000000000       0x2c obj_cooja/mtype438.a(abc.o)
 .comment       0x0000000000000000       0x2c obj_cooja/mtype438.a(announcement.o)
 .comment       0x0000000000000000       0x2c obj_cooja/mtype438.a(broadcast-annou)
 .comment       0x0000000000000000       0x2c obj_cooja/mtype438.a(broadcast.o)
 .comment       0x0000000000000000       0x2c obj_cooja/mtype438.a(chameleon.o)
 .comment       0x0000000000000000       0x2c obj_cooja/mtype438.a(channel.o)
 .comment       0x0000000000000000       0x2c obj_cooja/mtype438.a(framer-nullmac.)
 .comment       0x0000000000000000       0x2c obj_cooja/mtype438.a(chameleon-bitop)
 .comment       0x0000000000000000       0x2c /usr/lib/gcc/i686-linux-gnu/4.8/crtendS.o

.debug
 *(.debug)

.line
 *(.line)

.debug_srcinfo
 *(.debug_srcinfo)

.debug_sfnames
 *(.debug_sfnames)

.debug_aranges  0x0000000000000000      0x638
 *(.debug_aranges)
 .debug_aranges
                0x0000000000000000       0x20 example-longrange-unicast.co
 .debug_aranges
                0x0000000000000020       0x20 obj_cooja/mtype438.o
 .debug_aranges
                0x0000000000000040       0x20 obj_cooja/mtype438.a(simEnvChange.o)
 .debug_aranges
                0x0000000000000060       0x20 obj_cooja/mtype438.a(cooja_mt.o)
 .debug_aranges
                0x0000000000000080       0x20 obj_cooja/mtype438.a(cooja_mtarch.o)
 .debug_aranges
                0x00000000000000a0       0x20 obj_cooja/mtype438.a(rtimer-arch.o)
 .debug_aranges
                0x00000000000000c0       0x20 obj_cooja/mtype438.a(beep.o)
 .debug_aranges
                0x00000000000000e0       0x20 obj_cooja/mtype438.a(button-sensor.o)
 .debug_aranges
                0x0000000000000100       0x20 obj_cooja/mtype438.a(leds-arch.o)
 .debug_aranges
                0x0000000000000120       0x20 obj_cooja/mtype438.a(moteid.o)
 .debug_aranges
                0x0000000000000140       0x20 obj_cooja/mtype438.a(pir-sensor.o)
 .debug_aranges
                0x0000000000000160       0x20 obj_cooja/mtype438.a(rs232.o)
 .debug_aranges
                0x0000000000000180       0x20 obj_cooja/mtype438.a(vib-sensor.o)
 .debug_aranges
                0x00000000000001a0       0x20 obj_cooja/mtype438.a(clock.o)
 .debug_aranges
                0x00000000000001c0       0x20 obj_cooja/mtype438.a(log.o)
 .debug_aranges
                0x00000000000001e0       0x20 obj_cooja/mtype438.a(cfs-cooja.o)
 .debug_aranges
                0x0000000000000200       0x20 obj_cooja/mtype438.a(cooja-radio.o)
 .debug_aranges
                0x0000000000000220       0x20 obj_cooja/mtype438.a(eeprom.o)
 .debug_aranges
                0x0000000000000240       0x20 obj_cooja/mtype438.a(random.o)
 .debug_aranges
                0x0000000000000260       0x20 obj_cooja/mtype438.a(sensors.o)
 .debug_aranges
                0x0000000000000280       0x20 obj_cooja/mtype438.a(dual_conf.o)
 .debug_aranges
                0x00000000000002a0       0x20 obj_cooja/mtype438.a(autostart.o)
 .debug_aranges
                0x00000000000002c0       0x20 obj_cooja/mtype438.a(ctimer.o)
 .debug_aranges
                0x00000000000002e0       0x20 obj_cooja/mtype438.a(etimer.o)
 .debug_aranges
                0x0000000000000300       0x20 obj_cooja/mtype438.a(process.o)
 .debug_aranges
                0x0000000000000320       0x20 obj_cooja/mtype438.a(rtimer.o)
 .debug_aranges
                0x0000000000000340       0x20 obj_cooja/mtype438.a(timer.o)
 .debug_aranges
                0x0000000000000360       0x20 obj_cooja/mtype438.a(serial-line.o)
 .debug_aranges
                0x0000000000000380       0x20 obj_cooja/mtype438.a(list.o)
 .debug_aranges
                0x00000000000003a0       0x20 obj_cooja/mtype438.a(ringbuf.o)
 .debug_aranges
                0x00000000000003c0       0x20 obj_cooja/mtype438.a(rime.o)
 .debug_aranges
                0x00000000000003e0       0x20 obj_cooja/mtype438.a(unicast.o)
 .debug_aranges
                0x0000000000000400       0x20 obj_cooja/mtype438.a(linkaddr.o)
 .debug_aranges
                0x0000000000000420       0x20 obj_cooja/mtype438.a(netstack.o)
 .debug_aranges
                0x0000000000000440       0x20 obj_cooja/mtype438.a(packetbuf.o)
 .debug_aranges
                0x0000000000000460       0x20 obj_cooja/mtype438.a(queuebuf.o)
 .debug_aranges
                0x0000000000000480       0x20 obj_cooja/mtype438.a(csma.o)
 .debug_aranges
                0x00000000000004a0       0x20 obj_cooja/mtype438.a(mac.o)
 .debug_aranges
                0x00000000000004c0       0x20 obj_cooja/mtype438.a(nullrdc.o)
 .debug_aranges
                0x00000000000004e0       0x20 obj_cooja/mtype438.a(nullsec.o)
 .debug_aranges
                0x0000000000000500       0x18 obj_cooja/mtype438.a(rimestats.o)
 .debug_aranges
                0x0000000000000518       0x20 obj_cooja/mtype438.a(memb.o)
 .debug_aranges
                0x0000000000000538       0x20 obj_cooja/mtype438.a(abc.o)
 .debug_aranges
                0x0000000000000558       0x20 obj_cooja/mtype438.a(announcement.o)
 .debug_aranges
                0x0000000000000578       0x20 obj_cooja/mtype438.a(broadcast-annou)
 .debug_aranges
                0x0000000000000598       0x20 obj_cooja/mtype438.a(broadcast.o)
 .debug_aranges
                0x00000000000005b8       0x20 obj_cooja/mtype438.a(chameleon.o)
 .debug_aranges
                0x00000000000005d8       0x20 obj_cooja/mtype438.a(channel.o)
 .debug_aranges
                0x00000000000005f8       0x20 obj_cooja/mtype438.a(framer-nullmac.)
 .debug_aranges
                0x0000000000000618       0x20 obj_cooja/mtype438.a(chameleon-bitop)

.debug_pubnames
 *(.debug_pubnames)

.debug_info     0x0000000000000000     0xe445
 *(.debug_info .gnu.linkonce.wi.*)
 .debug_info    0x0000000000000000      0x61a example-longrange-unicast.co
 .debug_info    0x000000000000061a     0x3570 obj_cooja/mtype438.o
 .debug_info    0x0000000000003b8a      0x15a obj_cooja/mtype438.a(simEnvChange.o)
 .debug_info    0x0000000000003ce4      0x1e2 obj_cooja/mtype438.a(cooja_mt.o)
 .debug_info    0x0000000000003ec6      0x2e7 obj_cooja/mtype438.a(cooja_mtarch.o)
 .debug_info    0x00000000000041ad      0x16b obj_cooja/mtype438.a(rtimer-arch.o)
 .debug_info    0x0000000000004318      0x1f3 obj_cooja/mtype438.a(beep.o)
 .debug_info    0x000000000000450b      0x257 obj_cooja/mtype438.a(button-sensor.o)
 .debug_info    0x0000000000004762      0x132 obj_cooja/mtype438.a(leds-arch.o)
 .debug_info    0x0000000000004894      0x10a obj_cooja/mtype438.a(moteid.o)
 .debug_info    0x000000000000499e      0x216 obj_cooja/mtype438.a(pir-sensor.o)
 .debug_info    0x0000000000004bb4      0x21e obj_cooja/mtype438.a(rs232.o)
 .debug_info    0x0000000000004dd2      0x216 obj_cooja/mtype438.a(vib-sensor.o)
 .debug_info    0x0000000000004fe8      0x152 obj_cooja/mtype438.a(clock.o)
 .debug_info    0x000000000000513a      0x2bb obj_cooja/mtype438.a(log.o)
 .debug_info    0x00000000000053f5      0x3cf obj_cooja/mtype438.a(cfs-cooja.o)
 .debug_info    0x00000000000057c4      0xca6 obj_cooja/mtype438.a(cooja-radio.o)
 .debug_info    0x000000000000646a      0x1d5 obj_cooja/mtype438.a(eeprom.o)
 .debug_info    0x000000000000663f       0xb3 obj_cooja/mtype438.a(random.o)
 .debug_info    0x00000000000066f2      0x36d obj_cooja/mtype438.a(sensors.o)
 .debug_info    0x0000000000006a5f      0x136 obj_cooja/mtype438.a(dual_conf.o)
 .debug_info    0x0000000000006b95      0x1a5 obj_cooja/mtype438.a(autostart.o)
 .debug_info    0x0000000000006d3a      0x46c obj_cooja/mtype438.a(ctimer.o)
 .debug_info    0x00000000000071a6      0x49c obj_cooja/mtype438.a(etimer.o)
 .debug_info    0x0000000000007642      0x4ba obj_cooja/mtype438.a(process.o)
 .debug_info    0x0000000000007afc      0x1ab obj_cooja/mtype438.a(rtimer.o)
 .debug_info    0x0000000000007ca7      0x16c obj_cooja/mtype438.a(timer.o)
 .debug_info    0x0000000000007e13      0x2de obj_cooja/mtype438.a(serial-line.o)
 .debug_info    0x00000000000080f1      0x2ed obj_cooja/mtype438.a(list.o)
 .debug_info    0x00000000000083de      0x1aa obj_cooja/mtype438.a(ringbuf.o)
 .debug_info    0x0000000000008588      0x520 obj_cooja/mtype438.a(rime.o)
 .debug_info    0x0000000000008aa8      0x5cd obj_cooja/mtype438.a(unicast.o)
 .debug_info    0x0000000000009075      0x17b obj_cooja/mtype438.a(linkaddr.o)
 .debug_info    0x00000000000091f0      0x4b9 obj_cooja/mtype438.a(netstack.o)
 .debug_info    0x00000000000096a9      0x4d1 obj_cooja/mtype438.a(packetbuf.o)
 .debug_info    0x0000000000009b7a      0x5d6 obj_cooja/mtype438.a(queuebuf.o)
 .debug_info    0x000000000000a150      0xc58 obj_cooja/mtype438.a(csma.o)
 .debug_info    0x000000000000ada8      0x112 obj_cooja/mtype438.a(mac.o)
 .debug_info    0x000000000000aeba      0x827 obj_cooja/mtype438.a(nullrdc.o)
 .debug_info    0x000000000000b6e1      0x403 obj_cooja/mtype438.a(nullsec.o)
 .debug_info    0x000000000000bae4      0x119 obj_cooja/mtype438.a(rimestats.o)
 .debug_info    0x000000000000bbfd      0x1d7 obj_cooja/mtype438.a(memb.o)
 .debug_info    0x000000000000bdd4      0x425 obj_cooja/mtype438.a(abc.o)
 .debug_info    0x000000000000c1f9      0x3b1 obj_cooja/mtype438.a(announcement.o)
 .debug_info    0x000000000000c5aa      0x7c2 obj_cooja/mtype438.a(broadcast-annou)
 .debug_info    0x000000000000cd6c      0x536 obj_cooja/mtype438.a(broadcast.o)
 .debug_info    0x000000000000d2a2      0x3b4 obj_cooja/mtype438.a(chameleon.o)
 .debug_info    0x000000000000d656      0x2b4 obj_cooja/mtype438.a(channel.o)
 .debug_info    0x000000000000d90a      0x352 obj_cooja/mtype438.a(framer-nullmac.)
 .debug_info    0x000000000000dc5c      0x7e9 obj_cooja/mtype438.a(chameleon-bitop)

.debug_abbrev   0x0000000000000000     0x456d
 *(.debug_abbrev)
 .debug_abbrev  0x0000000000000000      0x1c3 example-longrange-unicast.co
 .debug_abbrev  0x00000000000001c3      0x2a8 obj_cooja/mtype438.o
 .debug_abbrev  0x000000000000046b       0xc3 obj_cooja/mtype438.a(simEnvChange.o)
 .debug_abbrev  0x000000000000052e       0xe6 obj_cooja/mtype438.a(cooja_mt.o)
 .debug_abbrev  0x0000000000000614      0x147 obj_cooja/mtype438.a(cooja_mtarch.o)
 .debug_abbrev  0x000000000000075b       0xcc obj_cooja/mtype438.a(rtimer-arch.o)
 .debug_abbrev  0x0000000000000827       0xe3 obj_cooja/mtype438.a(beep.o)
 .debug_abbrev  0x000000000000090a      0x11c obj_cooja/mtype438.a(button-sensor.o)
 .debug_abbrev  0x0000000000000a26       0xe1 obj_cooja/mtype438.a(leds-arch.o)
 .debug_abbrev  0x0000000000000b07       0x9c obj_cooja/mtype438.a(moteid.o)
 .debug_abbrev  0x0000000000000ba3       0xe6 obj_cooja/mtype438.a(pir-sensor.o)
 .debug_abbrev  0x0000000000000c89      0x14a obj_cooja/mtype438.a(rs232.o)
 .debug_abbrev  0x0000000000000dd3       0xe6 obj_cooja/mtype438.a(vib-sensor.o)
 .debug_abbrev  0x0000000000000eb9       0xee obj_cooja/mtype438.a(clock.o)
 .debug_abbrev  0x0000000000000fa7      0x141 obj_cooja/mtype438.a(log.o)
 .debug_abbrev  0x00000000000010e8      0x139 obj_cooja/mtype438.a(cfs-cooja.o)
 .debug_abbrev  0x0000000000001221      0x2f2 obj_cooja/mtype438.a(cooja-radio.o)
 .debug_abbrev  0x0000000000001513       0xf5 obj_cooja/mtype438.a(eeprom.o)
 .debug_abbrev  0x0000000000001608       0x6d obj_cooja/mtype438.a(random.o)
 .debug_abbrev  0x0000000000001675      0x1c2 obj_cooja/mtype438.a(sensors.o)
 .debug_abbrev  0x0000000000001837       0xab obj_cooja/mtype438.a(dual_conf.o)
 .debug_abbrev  0x00000000000018e2       0xfb obj_cooja/mtype438.a(autostart.o)
 .debug_abbrev  0x00000000000019dd      0x1a1 obj_cooja/mtype438.a(ctimer.o)
 .debug_abbrev  0x0000000000001b7e      0x1f1 obj_cooja/mtype438.a(etimer.o)
 .debug_abbrev  0x0000000000001d6f      0x244 obj_cooja/mtype438.a(process.o)
 .debug_abbrev  0x0000000000001fb3      0x124 obj_cooja/mtype438.a(rtimer.o)
 .debug_abbrev  0x00000000000020d7       0xf5 obj_cooja/mtype438.a(timer.o)
 .debug_abbrev  0x00000000000021cc      0x190 obj_cooja/mtype438.a(serial-line.o)
 .debug_abbrev  0x000000000000235c      0x145 obj_cooja/mtype438.a(list.o)
 .debug_abbrev  0x00000000000024a1       0xdb obj_cooja/mtype438.a(ringbuf.o)
 .debug_abbrev  0x000000000000257c      0x1d9 obj_cooja/mtype438.a(rime.o)
 .debug_abbrev  0x0000000000002755      0x1e7 obj_cooja/mtype438.a(unicast.o)
 .debug_abbrev  0x000000000000293c       0xd8 obj_cooja/mtype438.a(linkaddr.o)
 .debug_abbrev  0x0000000000002a14      0x111 obj_cooja/mtype438.a(netstack.o)
 .debug_abbrev  0x0000000000002b25      0x1d8 obj_cooja/mtype438.a(packetbuf.o)
 .debug_abbrev  0x0000000000002cfd      0x1ba obj_cooja/mtype438.a(queuebuf.o)
 .debug_abbrev  0x0000000000002eb7      0x2aa obj_cooja/mtype438.a(csma.o)
 .debug_abbrev  0x0000000000003161       0xa3 obj_cooja/mtype438.a(mac.o)
 .debug_abbrev  0x0000000000003204      0x28d obj_cooja/mtype438.a(nullrdc.o)
 .debug_abbrev  0x0000000000003491      0x1ba obj_cooja/mtype438.a(nullsec.o)
 .debug_abbrev  0x000000000000364b       0x59 obj_cooja/mtype438.a(rimestats.o)
 .debug_abbrev  0x00000000000036a4       0xe4 obj_cooja/mtype438.a(memb.o)
 .debug_abbrev  0x0000000000003788      0x18c obj_cooja/mtype438.a(abc.o)
 .debug_abbrev  0x0000000000003914      0x16f obj_cooja/mtype438.a(announcement.o)
 .debug_abbrev  0x0000000000003a83      0x1ff obj_cooja/mtype438.a(broadcast-annou)
 .debug_abbrev  0x0000000000003c82      0x1e7 obj_cooja/mtype438.a(broadcast.o)
 .debug_abbrev  0x0000000000003e69      0x1be obj_cooja/mtype438.a(chameleon.o)
 .debug_abbrev  0x0000000000004027      0x174 obj_cooja/mtype438.a(channel.o)
 .debug_abbrev  0x000000000000419b      0x17b obj_cooja/mtype438.a(framer-nullmac.)
 .debug_abbrev  0x0000000000004316      0x257 obj_cooja/mtype438.a(chameleon-bitop)

.debug_line     0x0000000000000000     0x35ab
 *(.debug_line .debug_line.* .debug_line_end)
 .debug_line    0x0000000000000000      0x1ac example-longrange-unicast.co
 .debug_line    0x00000000000001ac      0x3a2 obj_cooja/mtype438.o
 .debug_line    0x000000000000054e       0xd4 obj_cooja/mtype438.a(simEnvChange.o)
 .debug_line    0x0000000000000622       0xc6 obj_cooja/mtype438.a(cooja_mt.o)
 .debug_line    0x00000000000006e8       0xf8 obj_cooja/mtype438.a(cooja_mtarch.o)
 .debug_line    0x00000000000007e0       0xb0 obj_cooja/mtype438.a(rtimer-arch.o)
 .debug_line    0x0000000000000890       0xc3 obj_cooja/mtype438.a(beep.o)
 .debug_line    0x0000000000000953      0x12f obj_cooja/mtype438.a(button-sensor.o)
 .debug_line    0x0000000000000a82       0x8e obj_cooja/mtype438.a(leds-arch.o)
 .debug_line    0x0000000000000b10       0x84 obj_cooja/mtype438.a(moteid.o)
 .debug_line    0x0000000000000b94       0xbf obj_cooja/mtype438.a(pir-sensor.o)
 .debug_line    0x0000000000000c53       0xc1 obj_cooja/mtype438.a(rs232.o)
 .debug_line    0x0000000000000d14       0xbf obj_cooja/mtype438.a(vib-sensor.o)
 .debug_line    0x0000000000000dd3       0xb4 obj_cooja/mtype438.a(clock.o)
 .debug_line    0x0000000000000e87      0x111 obj_cooja/mtype438.a(log.o)
 .debug_line    0x0000000000000f98      0x104 obj_cooja/mtype438.a(cfs-cooja.o)
 .debug_line    0x000000000000109c      0x2b9 obj_cooja/mtype438.a(cooja-radio.o)
 .debug_line    0x0000000000001355       0xb4 obj_cooja/mtype438.a(eeprom.o)
 .debug_line    0x0000000000001409       0x4c obj_cooja/mtype438.a(random.o)
 .debug_line    0x0000000000001455      0x11f obj_cooja/mtype438.a(sensors.o)
 .debug_line    0x0000000000001574       0x8b obj_cooja/mtype438.a(dual_conf.o)
 .debug_line    0x00000000000015ff       0xaa obj_cooja/mtype438.a(autostart.o)
 .debug_line    0x00000000000016a9      0x174 obj_cooja/mtype438.a(ctimer.o)
 .debug_line    0x000000000000181d      0x188 obj_cooja/mtype438.a(etimer.o)
 .debug_line    0x00000000000019a5      0x16b obj_cooja/mtype438.a(process.o)
 .debug_line    0x0000000000001b10       0xa6 obj_cooja/mtype438.a(rtimer.o)
 .debug_line    0x0000000000001bb6       0xa7 obj_cooja/mtype438.a(timer.o)
 .debug_line    0x0000000000001c5d      0x10c obj_cooja/mtype438.a(serial-line.o)
 .debug_line    0x0000000000001d69      0x105 obj_cooja/mtype438.a(list.o)
 .debug_line    0x0000000000001e6e       0xaa obj_cooja/mtype438.a(ringbuf.o)
 .debug_line    0x0000000000001f18      0x17f obj_cooja/mtype438.a(rime.o)
 .debug_line    0x0000000000002097      0x106 obj_cooja/mtype438.a(unicast.o)
 .debug_line    0x000000000000219d       0x8d obj_cooja/mtype438.a(linkaddr.o)
 .debug_line    0x000000000000222a      0x107 obj_cooja/mtype438.a(netstack.o)
 .debug_line    0x0000000000002331      0x126 obj_cooja/mtype438.a(packetbuf.o)
 .debug_line    0x0000000000002457      0x102 obj_cooja/mtype438.a(queuebuf.o)
 .debug_line    0x0000000000002559      0x2a2 obj_cooja/mtype438.a(csma.o)
 .debug_line    0x00000000000027fb       0x72 obj_cooja/mtype438.a(mac.o)
 .debug_line    0x000000000000286d      0x185 obj_cooja/mtype438.a(nullrdc.o)
 .debug_line    0x00000000000029f2       0xf8 obj_cooja/mtype438.a(nullsec.o)
 .debug_line    0x0000000000002aea       0x65 obj_cooja/mtype438.a(rimestats.o)
 .debug_line    0x0000000000002b4f       0xc3 obj_cooja/mtype438.a(memb.o)
 .debug_line    0x0000000000002c12       0xdd obj_cooja/mtype438.a(abc.o)
 .debug_line    0x0000000000002cef      0x11a obj_cooja/mtype438.a(announcement.o)
 .debug_line    0x0000000000002e09      0x1e8 obj_cooja/mtype438.a(broadcast-annou)
 .debug_line    0x0000000000002ff1      0x104 obj_cooja/mtype438.a(broadcast.o)
 .debug_line    0x00000000000030f5       0xea obj_cooja/mtype438.a(chameleon.o)
 .debug_line    0x00000000000031df       0xf3 obj_cooja/mtype438.a(channel.o)
 .debug_line    0x00000000000032d2       0xdf obj_cooja/mtype438.a(framer-nullmac.)
 .debug_line    0x00000000000033b1      0x1fa obj_cooja/mtype438.a(chameleon-bitop)

.debug_frame
 *(.debug_frame)

.debug_str      0x0000000000000000     0x4042
 *(.debug_str)
 .debug_str     0x0000000000000000      0x2cf example-longrange-unicast.co
                                        0x39d (size before relaxing)
 .debug_str     0x00000000000002cf     0x17bc obj_cooja/mtype438.o
                                       0x1a56 (size before relaxing)
 .debug_str     0x0000000000001a8b       0x61 obj_cooja/mtype438.a(simEnvChange.o)
                                        0x1de (size before relaxing)
 .debug_str     0x0000000000001aec       0x85 obj_cooja/mtype438.a(cooja_mt.o)
                                        0x211 (size before relaxing)
 .debug_str     0x0000000000001b71       0xf5 obj_cooja/mtype438.a(cooja_mtarch.o)
                                        0x28e (size before relaxing)
 .debug_str     0x0000000000001c66       0xbd obj_cooja/mtype438.a(rtimer-arch.o)
                                        0x22c (size before relaxing)
 .debug_str     0x0000000000001d23       0xbe obj_cooja/mtype438.a(beep.o)
                                        0x225 (size before relaxing)
 .debug_str     0x0000000000001de1       0x6a obj_cooja/mtype438.a(button-sensor.o)
                                        0x255 (size before relaxing)
 .debug_str     0x0000000000001e4b       0x62 obj_cooja/mtype438.a(leds-arch.o)
                                        0x1f0 (size before relaxing)
 .debug_str     0x0000000000001ead       0x41 obj_cooja/mtype438.a(moteid.o)
                                        0x1db (size before relaxing)
 .debug_str     0x0000000000001eee       0x4f obj_cooja/mtype438.a(pir-sensor.o)
                                        0x212 (size before relaxing)
 .debug_str     0x0000000000001f3d       0xc9 obj_cooja/mtype438.a(rs232.o)
                                        0x26f (size before relaxing)
 .debug_str     0x0000000000002006       0x4f obj_cooja/mtype438.a(vib-sensor.o)
                                        0x212 (size before relaxing)
 .debug_str     0x0000000000002055       0x5c obj_cooja/mtype438.a(clock.o)
                                        0x207 (size before relaxing)
 .debug_str     0x00000000000020b1       0xcb obj_cooja/mtype438.a(log.o)
                                        0x295 (size before relaxing)
 .debug_str     0x000000000000217c      0x117 obj_cooja/mtype438.a(cfs-cooja.o)
                                        0x2b7 (size before relaxing)
 .debug_str     0x0000000000002293      0x6e7 obj_cooja/mtype438.a(cooja-radio.o)
                                        0xa7b (size before relaxing)
 .debug_str     0x000000000000297a       0x93 obj_cooja/mtype438.a(eeprom.o)
                                        0x231 (size before relaxing)
 .debug_str     0x0000000000002a0d       0x35 obj_cooja/mtype438.a(random.o)
                                        0x150 (size before relaxing)
 .debug_str     0x0000000000002a42       0xa2 obj_cooja/mtype438.a(sensors.o)
                                        0x280 (size before relaxing)
 .debug_str     0x0000000000002ae4       0x85 obj_cooja/mtype438.a(dual_conf.o)
                                        0x1c4 (size before relaxing)
 .debug_str     0x0000000000002b69       0x3a obj_cooja/mtype438.a(autostart.o)
                                        0x1a3 (size before relaxing)
 .debug_str     0x0000000000002ba3       0xef obj_cooja/mtype438.a(ctimer.o)
                                        0x2a4 (size before relaxing)
 .debug_str     0x0000000000002c92      0x152 obj_cooja/mtype438.a(etimer.o)
                                        0x317 (size before relaxing)
 .debug_str     0x0000000000002de4      0x156 obj_cooja/mtype438.a(process.o)
                                        0x2e2 (size before relaxing)
 .debug_str     0x0000000000002f3a       0xa6 obj_cooja/mtype438.a(rtimer.o)
                                        0x1e5 (size before relaxing)
 .debug_str     0x0000000000002fe0       0x27 obj_cooja/mtype438.a(timer.o)
                                        0x18d (size before relaxing)
 .debug_str     0x0000000000003007       0xb4 obj_cooja/mtype438.a(serial-line.o)
                                        0x26b (size before relaxing)
 .debug_str     0x00000000000030bb       0xa8 obj_cooja/mtype438.a(list.o)
                                        0x14c (size before relaxing)
 .debug_str     0x0000000000003163       0x5c obj_cooja/mtype438.a(ringbuf.o)
                                        0x1a0 (size before relaxing)
 .debug_str     0x00000000000031bf       0xf9 obj_cooja/mtype438.a(rime.o)
                                        0x3bd (size before relaxing)
 .debug_str     0x00000000000032b8       0x7f obj_cooja/mtype438.a(unicast.o)
                                        0x5fd (size before relaxing)
 .debug_str     0x0000000000003337       0x60 obj_cooja/mtype438.a(linkaddr.o)
                                        0x1ad (size before relaxing)
 .debug_str     0x0000000000003397       0x28 obj_cooja/mtype438.a(netstack.o)
                                        0x324 (size before relaxing)
 .debug_str     0x00000000000033bf      0x17b obj_cooja/mtype438.a(packetbuf.o)
                                        0x64f (size before relaxing)
 .debug_str     0x000000000000353a      0x19f obj_cooja/mtype438.a(queuebuf.o)
                                        0x665 (size before relaxing)
 .debug_str     0x00000000000036d9      0x235 obj_cooja/mtype438.a(csma.o)
                                        0x8bc (size before relaxing)
 .debug_str     0x000000000000390e       0x30 obj_cooja/mtype438.a(mac.o)
                                        0x1b8 (size before relaxing)
 .debug_str     0x000000000000393e       0x67 obj_cooja/mtype438.a(nullrdc.o)
                                        0x79e (size before relaxing)
 .debug_str     0x00000000000039a5       0x1f obj_cooja/mtype438.a(nullsec.o)
                                        0x55c (size before relaxing)
 .debug_str     0x00000000000039c4       0x20 obj_cooja/mtype438.a(rimestats.o)
                                        0x14e (size before relaxing)
 .debug_str     0x00000000000039e4       0x5c obj_cooja/mtype438.a(memb.o)
                                        0x187 (size before relaxing)
 .debug_str     0x0000000000003a40       0x49 obj_cooja/mtype438.a(abc.o)
                                        0x577 (size before relaxing)
 .debug_str     0x0000000000003a89      0x19f obj_cooja/mtype438.a(announcement.o)
                                        0x337 (size before relaxing)
 .debug_str     0x0000000000003c28      0x181 obj_cooja/mtype438.a(broadcast-annou)
                                        0x48f (size before relaxing)
 .debug_str     0x0000000000003da9       0x6f obj_cooja/mtype438.a(broadcast.o)
                                        0x5d3 (size before relaxing)
 .debug_str     0x0000000000003e18       0x84 obj_cooja/mtype438.a(chameleon.o)
                                        0x57b (size before relaxing)
 .debug_str     0x0000000000003e9c       0x8b obj_cooja/mtype438.a(channel.o)
                                        0x25d (size before relaxing)
 .debug_str     0x0000000000003f27       0x3b obj_cooja/mtype438.a(framer-nullmac.)
                                        0x537 (size before relaxing)
 .debug_str     0x0000000000003f62       0xe0 obj_cooja/mtype438.a(chameleon-bitop)
                                        0x62e (size before relaxing)

.debug_loc
 *(.debug_loc)

.debug_macinfo
 *(.debug_macinfo)

.debug_weaknames
 *(.debug_weaknames)

.debug_funcnames
 *(.debug_funcnames)

.debug_typenames
 *(.debug_typenames)

.debug_varnames
 *(.debug_varnames)

.debug_pubtypes
 *(.debug_pubtypes)

.debug_ranges
 *(.debug_ranges)

.debug_macro
 *(.debug_macro)

.gnu.attributes
 *(.gnu.attributes)

/DISCARD/
 *(.note.GNU-stack)
 *(.gnu_debuglink)
 *(.gnu.lto_*)
OUTPUT(obj_cooja/mtype438.cooja elf32-i386)
