Archive member included to satisfy reference by file (symbol)

obj_cooja/mtype896.a(simEnvChange.o)
                              obj_cooja/mtype896.o (simDontFallAsleep)
obj_cooja/mtype896.a(cooja_mt.o)
                              obj_cooja/mtype896.o (cooja_mt_start)
obj_cooja/mtype896.a(cooja_mtarch.o)
                              obj_cooja/mtype896.a(cooja_mt.o) (cooja_mtarch_init)
obj_cooja/mtype896.a(rtimer-arch.o)
                              obj_cooja/mtype896.o (rtimer_arch_next)
obj_cooja/mtype896.a(beep.o)  obj_cooja/mtype896.o (beep_interface)
obj_cooja/mtype896.a(button-sensor.o)
                              obj_cooja/mtype896.o (button_interface)
obj_cooja/mtype896.a(leds-arch.o)
                              obj_cooja/mtype896.o (leds_interface)
obj_cooja/mtype896.a(moteid.o)
                              obj_cooja/mtype896.o (moteid_interface)
obj_cooja/mtype896.a(pir-sensor.o)
                              obj_cooja/mtype896.o (pir_interface)
obj_cooja/mtype896.a(rs232.o)
                              obj_cooja/mtype896.o (rs232_interface)
obj_cooja/mtype896.a(vib-sensor.o)
                              obj_cooja/mtype896.o (vib_interface)
obj_cooja/mtype896.a(clock.o)
                              obj_cooja/mtype896.o (clock_interface)
obj_cooja/mtype896.a(log.o)   obj_cooja/mtype896.o (simlog_interface)
obj_cooja/mtype896.a(cfs-cooja.o)
                              obj_cooja/mtype896.o (cfs_interface)
obj_cooja/mtype896.a(cooja-radio.o)
                              obj_cooja/mtype896.o (radio_interface)
obj_cooja/mtype896.a(eeprom.o)
                              obj_cooja/mtype896.o (eeprom_interface)
obj_cooja/mtype896.a(random.o)
                              obj_cooja/mtype896.a(moteid.o) (random_init)
obj_cooja/mtype896.a(sensors.o)
                              udp-server.co (sensors_event)
obj_cooja/mtype896.a(autostart.o)
                              obj_cooja/mtype896.o (autostart_start)
obj_cooja/mtype896.a(ctimer.o)
                              obj_cooja/mtype896.o (ctimer_init)
obj_cooja/mtype896.a(etimer.o)
                              obj_cooja/mtype896.o (etimer_process)
obj_cooja/mtype896.a(log_message.o)
                              obj_cooja/mtype896.o (log_initialization)
obj_cooja/mtype896.a(process.o)
                              udp-server.co (process_current)
obj_cooja/mtype896.a(residual.o)
                              obj_cooja/mtype896.o (get_residual_energy)
obj_cooja/mtype896.a(rtimer.o)
                              obj_cooja/mtype896.a(rtimer-arch.o) (rtimer_run_next)
obj_cooja/mtype896.a(timer.o)
                              obj_cooja/mtype896.a(button-sensor.o) (timer_set)
obj_cooja/mtype896.a(serial-line.o)
                              obj_cooja/mtype896.a(rs232.o) (serial_line_input_byte)
obj_cooja/mtype896.a(list.o)  obj_cooja/mtype896.a(ctimer.o) (list_init)
obj_cooja/mtype896.a(ringbuf.o)
                              obj_cooja/mtype896.a(serial-line.o) (ringbuf_init)
obj_cooja/mtype896.a(sicslowpan.o)
                              obj_cooja/mtype896.o (sicslowpan_driver)
obj_cooja/mtype896.a(uip-ds6-nbr.o)
                              obj_cooja/mtype896.a(sicslowpan.o) (uip_ds6_link_neighbor_callback)
obj_cooja/mtype896.a(uip-ds6.o)
                              udp-server.co (uip_ds6_if)
obj_cooja/mtype896.a(uip6.o)  obj_cooja/mtype896.o (uip_lladdr)
obj_cooja/mtype896.a(tcpip.o)
                              udp-server.co (tcpip_event)
obj_cooja/mtype896.a(uip-debug.o)
                              udp-server.co (uip_debug_ipaddr_print)
obj_cooja/mtype896.a(uip-packetqueue)
                              obj_cooja/mtype896.a(uip-ds6-nbr.o) (uip_packetqueue_new)
obj_cooja/mtype896.a(rpl-dag.o)
                              udp-server.co (rpl_set_root)
obj_cooja/mtype896.a(rpl-ext-header.)
                              obj_cooja/mtype896.a(uip6.o) (rpl_verify_header)
obj_cooja/mtype896.a(rpl-icmp6.o)
                              obj_cooja/mtype896.a(rpl-dag.o) (rpl_icmp6_update_nbr_table)
obj_cooja/mtype896.a(rpl-of0.o)
                              obj_cooja/mtype896.a(rpl-dag.o) (rpl_of0)
obj_cooja/mtype896.a(rpl-timers.o)
                              obj_cooja/mtype896.a(rpl-dag.o) (rpl_reset_dio_timer)
obj_cooja/mtype896.a(rpl.o)   obj_cooja/mtype896.a(rpl-icmp6.o) (rpl_get_mode)
obj_cooja/mtype896.a(framer-802154.o)
                              obj_cooja/mtype896.a(sicslowpan.o) (framer_802154)
obj_cooja/mtype896.a(nullmac.o)
                              udp-server.co (nullmac_driver)
obj_cooja/mtype896.a(cxmac.o)
                              obj_cooja/mtype896.o (cxmac_driver)
obj_cooja/mtype896.a(linkaddr.o)
                              obj_cooja/mtype896.o (linkaddr_node_addr)
obj_cooja/mtype896.a(nbr-table.o)
                              obj_cooja/mtype896.a(uip-ds6-nbr.o) (nbr_table_register)
obj_cooja/mtype896.a(netstack.o)
                              obj_cooja/mtype896.o (netstack_init)
[...]
Memory Configuration

Name             Origin             Length             Attributes
*default*        0x0000000000000000 0xffffffffffffffff

Linker script and memory map

LOAD /usr/lib/gcc/i686-linux-gnu/4.8/../../../i386-linux-gnu/crti.o
LOAD /usr/lib/gcc/i686-linux-gnu/4.8/crtbeginS.o
LOAD udp-server.co
LOAD obj_cooja/mtype896.o
LOAD obj_cooja/mtype896.a
LOAD /usr/lib/gcc/i686-linux-gnu/4.8/libgcc.a
LOAD /usr/lib/gcc/i686-linux-gnu/4.8/libgcc_s.so
LOAD /usr/lib/gcc/i686-linux-gnu/4.8/../../../i386-linux-gnu/libc.so
START GROUP
LOAD /lib/i386-linux-gnu/libc.so.6
LOAD /usr/lib/i386-linux-gnu/libc_nonshared.a
LOAD /lib/i386-linux-gnu/ld-linux.so.2
END GROUP
LOAD /usr/lib/gcc/i686-linux-gnu/4.8/libgcc.a
LOAD /usr/lib/gcc/i686-linux-gnu/4.8/libgcc_s.so
LOAD /usr/lib/gcc/i686-linux-gnu/4.8/crtendS.o
LOAD /usr/lib/gcc/i686-linux-gnu/4.8/../../../i386-linux-gnu/crtn.o
                0x0000000000000114                . = (0x0 + SIZEOF_HEADERS)

.note.gnu.build-id
                0x0000000000000114       0x24
 *(.note.gnu.build-id)
 .note.gnu.build-id
                0x0000000000000114       0x24 /usr/lib/gcc/i686-linux-gnu/4.8/../../../i386-linux-gnu/crti.o

.hash
 *(.hash)

.gnu.hash       0x0000000000000138     0x12c4
 *(.gnu.hash)
 .gnu.hash      0x0000000000000138     0x12c4 /usr/lib/gcc/i686-linux-gnu/4.8/../../../i386-linux-gnu/crti.o

.dynsym         0x00000000000013fc     0x2370
 *(.dynsym)
 .dynsym        0x00000000000013fc     0x2370 /usr/lib/gcc/i686-linux-gnu/4.8/../../../i386-linux-gnu/crti.o

.dynstr         0x000000000000376c     0x2467
 *(.dynstr)
 .dynstr        0x000000000000376c     0x2467 /usr/lib/gcc/i686-linux-gnu/4.8/../../../i386-linux-gnu/crti.o

.gnu.version    0x0000000000005bd4      0x46e
 *(.gnu.version)
 .gnu.version   0x0000000000005bd4      0x46e /usr/lib/gcc/i686-linux-gnu/4.8/../../../i386-linux-gnu/crti.o

.gnu.version_d  0x0000000000006044        0x0
 *(.gnu.version_d)
 .gnu.version_d
                0x0000000000000000        0x0 /usr/lib/gcc/i686-linux-gnu/4.8/../../../i386-linux-gnu/crti.o

.gnu.version_r  0x0000000000006044       0x50
 *(.gnu.version_r)
 .gnu.version_r
                0x0000000000006044       0x50 /usr/lib/gcc/i686-linux-gnu/4.8/../../../i386-linux-gnu/crti.o

.rel.dyn        0x0000000000006094     0x8290
 *(.rel.init)
 .rel.init      0x0000000000000000        0x0 /usr/lib/gcc/i686-linux-gnu/4.8/../../../i386-linux-gnu/crti.o
 *(.rel.text .rel.text.* .rel.gnu.linkonce.t.*)
 .rel.text      0x0000000000006094     0x7b28 /usr/lib/gcc/i686-linux-gnu/4.8/../../../i386-linux-gnu/crti.o
 *(.rel.fini)
 .rel.fini      0x0000000000000000        0x0 /usr/lib/gcc/i686-linux-gnu/4.8/../../../i386-linux-gnu/crti.o
 *(.rel.rodata .rel.rodata.* .rel.gnu.linkonce.r.*)
 .rel.rodata    0x000000000000dbbc      0x4e0 /usr/lib/gcc/i686-linux-gnu/4.8/../../../i386-linux-gnu/crti.o
 *(.rel.data.rel.ro .rel.data.rel.ro.* .rel.gnu.linkonce.d.rel.ro.*)
 *(.rel.data .rel.data.* .rel.gnu.linkonce.d.*)
 .rel.data.rel  0x000000000000e09c        0x8 /usr/lib/gcc/i686-linux-gnu/4.8/../../../i386-linux-gnu/crti.o
 .rel.data      0x000000000000e0a4      0x248 /usr/lib/gcc/i686-linux-gnu/4.8/../../../i386-linux-gnu/crti.o
 *(.rel.tdata .rel.tdata.* .rel.gnu.linkonce.td.*)
 *(.rel.tbss .rel.tbss.* .rel.gnu.linkonce.tb.*)
 *(.rel.ctors)
 *(.rel.dtors)
 *(.rel.got)
 .rel.got       0x000000000000e2ec       0x28 /usr/lib/gcc/i686-linux-gnu/4.8/../../../i386-linux-gnu/crti.o
 *(.rel.bss .rel.bss.* .rel.gnu.linkonce.b.*)
 *(.rel.ifunc)
 .rel.ifunc     0x0000000000000000        0x0 /usr/lib/gcc/i686-linux-gnu/4.8/../../../i386-linux-gnu/crti.o
 .rel.fini_array
                0x000000000000e314        0x8 /usr/lib/gcc/i686-linux-gnu/4.8/../../../i386-linux-gnu/crti.o
 .rel.init_array
                0x000000000000e31c        0x8 /usr/lib/gcc/i686-linux-gnu/4.8/../../../i386-linux-gnu/crti.o

.rel.plt        0x000000000000e324       0x10
 *(.rel.plt)
 .rel.plt       0x000000000000e324       0x10 /usr/lib/gcc/i686-linux-gnu/4.8/../../../i386-linux-gnu/crti.o
 *(.rel.iplt)

.init           0x000000000000e334       0x23
 *(SORT(.init))
 .init          0x000000000000e334       0x1e /usr/lib/gcc/i686-linux-gnu/4.8/../../../i386-linux-gnu/crti.o
                0x000000000000e334                _init
 .init          0x000000000000e352        0x5 /usr/lib/gcc/i686-linux-gnu/4.8/../../../i386-linux-gnu/crtn.o

.plt            0x000000000000e360       0x30
 *(.plt)
 .plt           0x000000000000e360       0x30 /usr/lib/gcc/i686-linux-gnu/4.8/../../../i386-linux-gnu/crti.o
 *(.iplt)

.text           0x000000000000e390    0x145a1
 *(.text.unlikely .text.*_unlikely .text.unlikely.*)
 *(.text.exit .text.exit.*)
 *(.text.startup .text.startup.*)
 *(.text.hot .text.hot.*)
 *(.text .stub .text.* .gnu.linkonce.t.*)
 .text          0x000000000000e390        0x0 /usr/lib/gcc/i686-linux-gnu/4.8/../../../i386-linux-gnu/crti.o
 .gnu.linkonce.t.__x86.get_pc_thunk.bx
                0x000000000000e390        0x4 /usr/lib/gcc/i686-linux-gnu/4.8/../../../i386-linux-gnu/crti.o
                0x000000000000e390                __x86.get_pc_thunk.bx
 *fill*         0x000000000000e394        0xc 
 .text          0x000000000000e3a0      0x11b /usr/lib/gcc/i686-linux-gnu/4.8/crtbeginS.o
 .text          0x000000000000e4bb      0x3ce udp-server.co
 .text          0x000000000000e889      0x734 obj_cooja/mtype896.o
                0x000000000000e9bf                contiki_init
                0x000000000000edd4                Java_org_contikios_cooja_corecomm_Lib40_init
                0x000000000000ee14                Java_org_contikios_cooja_corecomm_Lib40_getMemory
                0x000000000000ee54                Java_org_contikios_cooja_corecomm_Lib40_setMemory
                0x000000000000eecb                Java_org_contikios_cooja_corecomm_Lib40_tick
                0x000000000000efab                Java_org_contikios_cooja_corecomm_Lib40_setReferenceAddress
 .text          0x000000000000efbd       0x63 obj_cooja/mtype896.a(simEnvChange.o)
                0x000000000000efbd                doActionsBeforeTick
                0x000000000000efee                doActionsAfterTick
 .text          0x000000000000f020       0xbc obj_cooja/mtype896.a(cooja_mt.o)
                0x000000000000f020                cooja_mt_init
                0x000000000000f02d                cooja_mt_remove
                0x000000000000f03a                cooja_mt_start
                0x000000000000f067                cooja_mt_exec
                0x000000000000f098                cooja_mt_exit
                0x000000000000f0ba                cooja_mt_yield
 .text          0x000000000000f0dc      0x115 obj_cooja/mtype896.a(cooja_mtarch.o)
                0x000000000000f0dc                cooja_mtarch_init
                0x000000000000f0e1                cooja_mtarch_start
                0x000000000000f15c                cooja_sw
                0x000000000000f17e                cooja_mtarch_exec
                0x000000000000f19a                cooja_mtarch_remove
                0x000000000000f19f                cooja_mtarch_yield
                0x000000000000f1a9                cooja_mtarch_pstop
                0x000000000000f1ae                cooja_mtarch_pstart
                0x000000000000f1b3                cooja_mtarch_stack_usage
 .text          0x000000000000f1f1       0xc2 obj_cooja/mtype896.a(rtimer-arch.o)
                0x000000000000f1f1                rtimer_arch_init
                0x000000000000f214                rtimer_arch_schedule
                0x000000000000f22b                rtimer_arch_next
                0x000000000000f235                rtimer_arch_pending
                0x000000000000f23f                rtimer_arch_check
                0x000000000000f271                rtimer_arch_now
 .text          0x000000000000f2b3       0x76 obj_cooja/mtype896.a(beep.o)
                0x000000000000f2b3                beep_alarm
                0x000000000000f2bf                beep_beep
                0x000000000000f2cb                beep
                0x000000000000f2d7                beep_down
                0x000000000000f2e3                beep_on
                0x000000000000f2ef                beep_off
                0x000000000000f2fb                beep_spinup
                0x000000000000f307                beep_quick
                0x000000000000f313                beep_long
 .text          0x000000000000f329      0x103 obj_cooja/mtype896.a(button-sensor.o)
 .text          0x000000000000f42c       0x45 obj_cooja/mtype896.a(leds-arch.o)
                0x000000000000f42c                leds_arch_init
                0x000000000000f438                leds_arch_get
                0x000000000000f444                leds_arch_set
 .text          0x000000000000f471       0x2f obj_cooja/mtype896.a(moteid.o)
 .text          0x000000000000f4a0       0xb1 obj_cooja/mtype896.a(pir-sensor.o)
 .text          0x000000000000f551      0x131 obj_cooja/mtype896.a(rs232.o)
                0x000000000000f551                rs232_init
                0x000000000000f556                rs232_set_speed
                0x000000000000f564                rs232_set_input
                0x000000000000f571                rs232_send
                0x000000000000f593                rs232_print
                0x000000000000f5ae                slip_arch_writeb
 .text          0x000000000000f682       0xb1 obj_cooja/mtype896.a(vib-sensor.o)
 .text          0x000000000000f733       0x34 obj_cooja/mtype896.a(clock.o)
                0x000000000000f733                clock_init
                0x000000000000f738                clock_time
                0x000000000000f742                clock_seconds
                0x000000000000f758                clock_delay
 .text          0x000000000000f767      0x1ed obj_cooja/mtype896.a(log.o)
                0x000000000000f767                simlog_char
                0x000000000000f7a9                simlog
                0x000000000000f816                log_message
                0x000000000000f83e                log_set_putchar_with_slip
                0x000000000000f84b                log_putchar
                0x000000000000f8cf                log_puts
                0x000000000000f8f3                log_printf
 .text          0x000000000000f954      0x2c4 obj_cooja/mtype896.a(cfs-cooja.o)
                0x000000000000f954                cfs_open
                0x000000000000f9bd                cfs_close
                0x000000000000f9c9                cfs_read
                0x000000000000fa67                cfs_write
                0x000000000000fb44                cfs_seek
                0x000000000000fbcc                cfs_remove
                0x000000000000fbf5                cfs_opendir
                0x000000000000fbff                cfs_readdir
                0x000000000000fc09                cfs_closedir
 .text          0x000000000000fc18      0x3e8 obj_cooja/mtype896.a(cooja-radio.o)
                0x000000000000fc42                radio_set_channel
                0x000000000000fc4f                radio_set_txpower
                0x000000000000fc66                radio_signal_strength_last
                0x000000000000fc70                radio_signal_strength_current
                0x000000000000fc7a                radio_LQI
 .text          0x0000000000010000       0xef obj_cooja/mtype896.a(eeprom.o)
                0x0000000000010000                eeprom_init
                0x0000000000010005                eeprom_read
                0x0000000000010075                eeprom_write
 .text          0x00000000000100ef       0x28 obj_cooja/mtype896.a(random.o)
                0x00000000000100ef                random_init
                0x000000000001010a                random_rand
 .text          0x0000000000010117      0x2a1 obj_cooja/mtype896.a(sensors.o)
                0x0000000000010152                sensors_first
                0x000000000001015c                sensors_next
                0x0000000000010179                sensors_changed
                0x00000000000101a8                sensors_find
 .text          0x00000000000103b8       0x8e obj_cooja/mtype896.a(autostart.o)
                0x00000000000103b8                autostart_start
                0x0000000000010403                autostart_exit
 .text          0x0000000000010446      0x334 obj_cooja/mtype896.a(ctimer.o)
                0x000000000001055d                ctimer_init
                0x000000000001058d                ctimer_set
                0x00000000000105be                ctimer_set_with_process
                0x000000000001063a                ctimer_reset
                0x0000000000010689                ctimer_restart
                0x00000000000106d8                ctimer_stop
                0x0000000000010723                ctimer_expired
 .text          0x000000000001077a      0x40b obj_cooja/mtype896.a(etimer.o)
                0x000000000001098d                etimer_request_poll
                0x0000000000010a11                etimer_set
                0x0000000000010a36                etimer_reset_with_new_interval
                0x0000000000010a5d                etimer_reset
                0x0000000000010a7b                etimer_restart
                0x0000000000010a99                etimer_adjust
                0x0000000000010ab5                etimer_expired
                0x0000000000010ac8                etimer_expiration_time
                0x0000000000010ada                etimer_start_time
                0x0000000000010ae4                etimer_pending
                0x0000000000010af6                etimer_next_expiration_time
                0x0000000000010b10                etimer_stop
 .text          0x0000000000010b85       0xdd obj_cooja/mtype896.a(log_message.o)
                0x0000000000010b85                log_initialization
                0x0000000000010c41                log_finisher
 .text          0x0000000000010c62      0x560 obj_cooja/mtype896.a(process.o)
                0x0000000000010c62                process_alloc_event
                0x0000000000010c77                process_start
                0x0000000000010e60                process_exit
                0x0000000000010e7c                process_init
                0x000000000001104d                process_run
                0x0000000000011080                process_nevents
                0x000000000001109b                process_post
                0x0000000000011147                process_post_synch
                0x000000000001117f                process_poll
                0x00000000000111ae                process_is_running
 .text          0x00000000000111c2       0x8b obj_cooja/mtype896.a(residual.o)
                0x00000000000111c2                get_residual_energy
 .text          0x000000000001124d       0xba obj_cooja/mtype896.a(rtimer.o)
                0x000000000001124d                rtimer_init
                0x000000000001125a                rtimer_set
                0x00000000000112b1                rtimer_run_next
 .text          0x0000000000011307       0x91 obj_cooja/mtype896.a(timer.o)
                0x0000000000011307                timer_set
                0x0000000000011322                timer_reset
                0x0000000000011339                timer_restart
                0x000000000001134b                timer_expired
                0x0000000000011374                timer_remaining
 .text          0x0000000000011398      0x1fb obj_cooja/mtype896.a(serial-line.o)
                0x0000000000011398                serial_line_input_byte
                0x000000000001155b                serial_line_init
 .text          0x0000000000011593      0x244 obj_cooja/mtype896.a(list.o)
                0x0000000000011593                list_init
                0x00000000000115a1                list_head
                0x00000000000115ab                list_copy
                0x00000000000115ba                list_tail
                0x00000000000115f0                list_add
                0x0000000000011639                list_push
                0x0000000000011665                list_chop
                0x00000000000116cf                list_pop
                0x00000000000116f7                list_remove
                0x000000000001175e                list_length
                0x000000000001178c                list_insert
                0x00000000000117c0                list_item_next
 .text          0x00000000000117d7      0x155 obj_cooja/mtype896.a(ringbuf.o)
                0x00000000000117d7                ringbuf_init
                0x0000000000011808                ringbuf_put
                0x0000000000011886                ringbuf_get
                0x00000000000118f3                ringbuf_size
                0x0000000000011905                ringbuf_elements
 .text          0x000000000001192c     0x258b obj_cooja/mtype896.a(sicslowpan.o)
                0x0000000000011eb6                rime_sniffer_add
                0x0000000000011ec3                rime_sniffer_remove
                0x0000000000013e56                sicslowpan_init
                0x0000000000013ead                sicslowpan_get_last_rssi
 .text          0x0000000000013eb7      0x298 obj_cooja/mtype896.a(uip-ds6-nbr.o)
                0x0000000000013ed4                uip_ds6_neighbors_init
                0x0000000000013ef1                uip_ds6_nbr_add
                0x0000000000013f79                uip_ds6_nbr_rm
                0x0000000000013fbb                uip_ds6_nbr_get_ipaddr
                0x0000000000013fd0                uip_ds6_nbr_get_ll
                0x0000000000013fec                uip_ds6_nbr_num
                0x0000000000014031                uip_ds6_nbr_lookup
                0x0000000000014096                uip_ds6_nbr_ll_lookup
                0x00000000000140b2                uip_ds6_nbr_ipaddr_from_lladdr
                0x00000000000140d8                uip_ds6_nbr_lladdr_from_ipaddr
                0x0000000000014106                uip_ds6_link_neighbor_callback
 .text          0x000000000001414f      0xb97 obj_cooja/mtype896.a(uip-ds6.o)
                0x000000000001414f                uip_ds6_init
                0x0000000000014322                uip_ds6_periodic
                0x000000000001439b                uip_ds6_list_loop
                0x0000000000014442                uip_ds6_prefix_add
                0x0000000000014500                uip_ds6_prefix_rm
                0x0000000000014512                uip_ds6_prefix_lookup
                0x0000000000014563                uip_ds6_is_addr_onlink
                0x00000000000145d7                uip_ds6_addr_add
                0x0000000000014705                uip_ds6_addr_rm
                0x00000000000147a5                uip_ds6_addr_lookup
                0x00000000000147f0                uip_ds6_get_link_local
                0x000000000001486f                uip_ds6_get_global
                0x00000000000148ee                uip_ds6_maddr_add
                0x0000000000014960                uip_ds6_maddr_rm
                0x0000000000014972                uip_ds6_maddr_lookup
                0x00000000000149bd                uip_ds6_aaddr_add
                0x0000000000014a2f                uip_ds6_aaddr_rm
                0x0000000000014a41                uip_ds6_aaddr_lookup
                0x0000000000014a8c                uip_ds6_select_src
                0x0000000000014bd1                uip_ds6_set_addr_iid
                0x0000000000014c08                get_match_length
                0x0000000000014c9a                uip_ds6_compute_reachable_time
 .text          0x0000000000014ce6     0x29cb obj_cooja/mtype896.a(uip6.o)
                0x0000000000014ce6                uip_add32
                0x0000000000014e7f                uip_chksum
                0x0000000000014f6d                uip_icmp6chksum
                0x0000000000014f81                uip_tcpchksum
                0x0000000000014f95                uip_udpchksum
                0x0000000000014fa9                uip_init
                0x0000000000015079                uip_connect
                0x0000000000015228                remove_ext_hdr
                0x00000000000152fd                uip_udp_new
                0x0000000000015459                uip_unlisten
                0x00000000000154b9                uip_listen
                0x000000000001577b                uip_process
                0x00000000000175a5                uip_htons
                0x00000000000175c7                uip_htonl
                0x0000000000017607                uip_send
 .text          0x00000000000176b1      0xa2b obj_cooja/mtype896.a(tcpip.o)
                0x00000000000176b1                tcpip_output
                0x00000000000176df                tcpip_set_outputfunc
                0x0000000000017773                tcp_connect
                0x00000000000177c8                tcp_unlisten
                0x0000000000017823                tcp_listen
                0x000000000001787c                tcp_attach
                0x00000000000178a1                udp_attach
                0x00000000000178c6                udp_new
                0x0000000000017918                udp_broadcast_new
                0x0000000000017b8c                tcpip_input
                0x0000000000017bc0                tcpip_ipv6_output
                0x0000000000017f22                tcpip_poll_udp
                0x0000000000017f45                tcpip_poll_tcp
                0x0000000000017f68                tcpip_uipcall
 .text          0x00000000000180dc      0x1c1 obj_cooja/mtype896.a(uip-debug.o)
                0x00000000000180dc                uip_debug_ipaddr_print
                0x000000000001823e                uip_debug_lladdr_print
 .text          0x000000000001829d      0x141 obj_cooja/mtype896.a(uip-packetqueue)
                0x00000000000182c9                uip_packetqueue_new
                0x00000000000182d7                uip_packetqueue_alloc
                0x0000000000018337                uip_packetqueue_free
                0x0000000000018378                uip_packetqueue_buf
                0x0000000000018395                uip_packetqueue_buflen
                0x00000000000183b6                uip_packetqueue_set_buflen
 .text          0x00000000000183de     0x25bb obj_cooja/mtype896.a(rpl-dag.o)
                0x00000000000183de                rpl_print_neighbor_list
                0x0000000000018487                rpl_print_child_neighbor_list
                0x00000000000184fc                rpl_get_nbr
                0x0000000000018556                rpl_get_nbr_child
                0x00000000000185b0                rpl_dag_init
                0x00000000000185e2                rpl_get_parent
                0x0000000000018604                rpl_get_parent_rank
                0x0000000000018637                rpl_get_parent_link_metric
                0x000000000001866a                rpl_get_parent_ipaddr
                0x0000000000018694                rpl_get_child_ipaddr
                0x00000000000189af                rpl_set_root
                0x0000000000018bdd                rpl_repair_root
                0x0000000000018e19                rpl_set_prefix
                0x0000000000018f18                rpl_set_default_route
                0x0000000000018fa4                rpl_alloc_instance
                0x0000000000019037                rpl_alloc_dag
                0x00000000000190ea                rpl_set_default_instance
                0x00000000000190f7                rpl_get_default_instance
                0x0000000000019101                rpl_free_instance
                0x00000000000191b2                rpl_free_dag
                0x0000000000019218                rpl_add_parent
                0x000000000001930e                rpl_find_parent
                0x000000000001933e                rpl_add_child
                0x00000000000193e2                rpl_find_child
                0x0000000000019430                rpl_find_parent_any_dag
                0x000000000001946c                rpl_select_dag
                0x000000000001988f                rpl_select_parent
                0x00000000000198f1                rpl_remove_parent
                0x0000000000019927                rpl_remove_child
                0x0000000000019943                rpl_nullify_parent
                0x00000000000199e1                rpl_move_parent
                0x0000000000019a7e                rpl_has_downward_route
                0x0000000000019ad1                rpl_get_any_dag
                0x0000000000019b33                rpl_get_instance
                0x0000000000019b96                rpl_find_of
                0x0000000000019bd3                rpl_join_instance
                0x0000000000019e4e                rpl_add_dag
                0x000000000001a23d                rpl_local_repair
                0x000000000001a316                rpl_recalculate_ranks
                0x000000000001a39c                rpl_process_parent_event
                0x000000000001a44e                rpl_process_dio
 .text          0x000000000001a999      0xbf3 obj_cooja/mtype896.a(rpl-ext-header.)
                0x000000000001a9b6                rpl_verify_header
                0x000000000001ae30                rpl_update_header_empty
                0x000000000001b147                rpl_update_header_final
                0x000000000001b2d6                rpl_remove_header
                0x000000000001b3e0                rpl_invert_header
                0x000000000001b56a                rpl_insert_header
 .text          0x000000000001b58c     0x1f89 obj_cooja/mtype896.a(rpl-icmp6.o)
                0x000000000001b855                rpl_icmp6_update_nbr_table
                0x000000000001b945                dis_output
                0x000000000001c1f1                dio_output
                0x000000000001d10d                dao_output
                0x000000000001d1d5                dao_output_target
                0x000000000001d4c9                dao_ack_output
                0x000000000001d4dd                rpl_icmp6_register_handlers
 .text          0x000000000001d515      0x1de obj_cooja/mtype896.a(rpl-of0.o)
 .text          0x000000000001d6f3      0x7c2 obj_cooja/mtype896.a(rpl-timers.o)
                0x000000000001d948                rpl_reset_periodic_timer
                0x000000000001d99d                rpl_reset_dio_timer
                0x000000000001dbd7                rpl_schedule_dao
                0x000000000001dbf2                rpl_schedule_dao_immediately
                0x000000000001dc0d                rpl_cancel_dao
                0x000000000001dc6f                rpl_schedule_unicast_dio_immediately
                0x000000000001de5d                rpl_schedule_probing
 .text          0x000000000001deb5      0x5c5 obj_cooja/mtype896.a(rpl.o)
                0x000000000001deb5                rpl_get_mode
                0x000000000001debf                rpl_set_mode
                0x000000000001df4d                rpl_purge_routes
                0x000000000001e047                rpl_remove_routes
                0x000000000001e08d                rpl_remove_routes_by_nexthop
                0x000000000001e0f9                rpl_add_route
                0x000000000001e174                rpl_link_neighbor_callback
                0x000000000001e279                rpl_ipv6_neighbor_callback
                0x000000000001e2e8                rpl_purge_dags
                0x000000000001e3f4                rpl_init
 .text          0x000000000001e47a      0x3f5 obj_cooja/mtype896.a(framer-802154.o)
 .text          0x000000000001e86f       0x5e obj_cooja/mtype896.a(nullmac.o)
 .text          0x000000000001e8cd      0xaf4 obj_cooja/mtype896.a(cxmac.o)
                0x000000000001f322                cxmac_set_announcement_radio_txpower
                0x000000000001f327                cxmac_init
 .text          0x000000000001f3c1       0x67 obj_cooja/mtype896.a(linkaddr.o)
                0x000000000001f3c1                linkaddr_copy
                0x000000000001f3e3                linkaddr_cmp
                0x000000000001f40d                linkaddr_set_node_addr
 .text          0x000000000001f428      0x769 obj_cooja/mtype896.a(nbr-table.o)
                0x000000000001f887                nbr_table_register
                0x000000000001f8cf                nbr_table_head
                0x000000000001f92b                nbr_table_next
                0x000000000001f992                nbr_table_add_lladdr
                0x000000000001fa6e                nbr_table_get_from_lladdr
                0x000000000001fabb                nbr_table_remove
                0x000000000001fb0d                nbr_table_lock
                0x000000000001fb37                nbr_table_unlock
                0x000000000001fb61                nbr_table_get_lladdr
 .text          0x000000000001fb91       0x2b obj_cooja/mtype896.a(netstack.o)
                0x000000000001fb91                netstack_init
 .text          0x000000000001fbbc      0x3cd obj_cooja/mtype896.a(packetbuf.o)
                0x000000000001fbbc                packetbuf_clear
                0x000000000001fbe6                packetbuf_copyfrom
                0x000000000001fc38                packetbuf_compact
                0x000000000001fcb5                packetbuf_copyto
                0x000000000001fd4c                packetbuf_hdralloc
                0x000000000001fdc9                packetbuf_hdrreduce
                0x000000000001fe11                packetbuf_set_datalen
                0x000000000001fe2a                packetbuf_dataptr
                0x000000000001fe47                packetbuf_hdrptr
                0x000000000001fe51                packetbuf_datalen
                0x000000000001fe5d                packetbuf_hdrlen
                0x000000000001fe74                packetbuf_totlen
                0x000000000001fe8a                packetbuf_attr_clear
                0x000000000001fedc                packetbuf_attr_copyto
                0x000000000001ff25                packetbuf_attr_copyfrom
                0x000000000001ff6d                packetbuf_holds_broadcast
 .text          0x000000000001ff89      0x2b4 obj_cooja/mtype896.a(queuebuf.o)
                0x000000000001ff93                queuebuf_init
                0x000000000001ffb3                queuebuf_numfree
                0x000000000001ffc7                queuebuf_new_from_packetbuf
                0x0000000000020057                queuebuf_update_attr_from_packetbuf
                0x000000000002008a                queuebuf_update_from_packetbuf
                0x00000000000200d4                queuebuf_free
                0x000000000002011b                queuebuf_to_packetbuf
                0x0000000000020181                queuebuf_dataptr
                0x00000000000201b8                queuebuf_datalen
                0x00000000000201db                queuebuf_addr
                0x000000000002020d                queuebuf_attr
                0x0000000000020238                queuebuf_debug_print
 .text          0x000000000002023d       0x6e obj_cooja/mtype896.a(nullsec.o)
 .text          0x00000000000202ab       0x19 obj_cooja/mtype896.a(watchdog.o)
                0x00000000000202ab                watchdog_init
                0x00000000000202b0                watchdog_start
                0x00000000000202b5                watchdog_periodic
                0x00000000000202ba                watchdog_stop
                0x00000000000202bf                watchdog_reboot
 .text          0x00000000000202c4        0x0 obj_cooja/mtype896.a(rimestats.o)
 .text          0x00000000000202c4       0xa3 obj_cooja/mtype896.a(stimer.o)
                0x00000000000202c4                stimer_set
                0x00000000000202df                stimer_reset
                0x00000000000202f6                stimer_restart
                0x0000000000020308                stimer_expired
                0x000000000002032f                stimer_remaining
                0x0000000000020353                stimer_elapsed
 .text          0x0000000000020367      0x1c1 obj_cooja/mtype896.a(memb.o)
                0x0000000000020367                memb_init
                0x00000000000203c5                memb_alloc
                0x000000000002042a                memb_free
                0x00000000000204a5                memb_inmemb
                0x00000000000204e4                memb_numfree
 .text          0x0000000000020528      0x916 obj_cooja/mtype896.a(uip-ds6-route.o)
                0x000000000002059f                uip_ds6_notification_add
                0x00000000000205d0                uip_ds6_notification_rm
                0x00000000000205ec                uip_ds6_route_init
                0x0000000000020674                uip_ds6_route_nexthop
                0x000000000002069c                uip_ds6_route_head
                0x00000000000206b1                uip_ds6_route_next
                0x00000000000206d7                uip_ds6_route_is_nexthop
                0x0000000000020716                uip_ds6_route_num_routes
                0x0000000000020720                uip_ds6_route_lookup
                0x00000000000207e2                uip_ds6_route_add
                0x0000000000020a16                uip_ds6_route_rm
                0x0000000000020baa                uip_ds6_route_rm_by_nexthop
                0x0000000000020be2                uip_ds6_defrt_add
                0x0000000000020c93                uip_ds6_defrt_rm
                0x0000000000020d12                uip_ds6_defrt_lookup
                0x0000000000020d6b                uip_ds6_defrt_choose
                0x0000000000020dd6                uip_ds6_defrt_periodic
 .text          0x0000000000020e3e      0xab2 obj_cooja/mtype896.a(uip-icmp6.o)
                0x0000000000020eac                uip_icmp6_input
                0x0000000000020f02                uip_icmp6_register_input_handler
                0x00000000000211ca                uip_icmp6_error_output
                0x000000000002150f                uip_icmp6_send
                0x0000000000021883                uip_icmp6_echo_reply_callback_add
                0x00000000000218b4                uip_icmp6_echo_reply_callback_rm
                0x00000000000218d0                uip_icmp6_init
 .text          0x00000000000218f0      0x358 obj_cooja/mtype896.a(uip-nd6.o)
                0x0000000000021944                uip_nd6_ns_output
                0x0000000000021c43                uip_nd6_init
 .text          0x0000000000021c48      0x331 obj_cooja/mtype896.a(rpl-nbr-policy.)
                0x0000000000021e20                find_removable_dis
                0x0000000000021e43                find_removable_dio
                0x0000000000021ed2                find_removable_dao
                0x0000000000021f22                rpl_nbr_policy_find_removable
 .text          0x0000000000021f79      0x97c obj_cooja/mtype896.a(frame802154.o)
                0x0000000000021faa                frame802154_get_pan_id
                0x0000000000021fb6                frame802154_set_pan_id
                0x0000000000021fcf                frame802154_has_panid
                0x00000000000220bb                frame802154_check_dest_panid
                0x0000000000022123                frame802154_is_broadcast_addr
                0x0000000000022170                frame802154_extract_linkaddr
                0x00000000000223b0                frame802154_hdrlen
                0x0000000000022401                frame802154_create
                0x00000000000225ec                frame802154_parse
 .text          0x00000000000228f5       0x3c obj_cooja/mtype896.a(mac.o)
                0x00000000000228f5                mac_call_sent_callback
 .text          0x0000000000022931        0x0 /usr/lib/gcc/i686-linux-gnu/4.8/crtendS.o
 .text          0x0000000000022931        0x0 /usr/lib/gcc/i686-linux-gnu/4.8/../../../i386-linux-gnu/crtn.o
 *(.gnu.warning)

.fini           0x0000000000022934       0x14
 *(SORT(.fini))
 .fini          0x0000000000022934        0xf /usr/lib/gcc/i686-linux-gnu/4.8/../../../i386-linux-gnu/crti.o
                0x0000000000022934                _fini
 .fini          0x0000000000022943        0x5 /usr/lib/gcc/i686-linux-gnu/4.8/../../../i386-linux-gnu/crtn.o
                0x0000000000022948                PROVIDE (__etext, .)
                0x0000000000022948                PROVIDE (_etext, .)
                0x0000000000022948                PROVIDE (etext, .)

.rodata         0x0000000000022960      0x740
 *(.rodata .rodata.* .gnu.linkonce.r.*)
 .rodata        0x0000000000022960      0x148 udp-server.co
                0x0000000000022974                autostart_processes
 .rodata        0x0000000000022aa8      0x157 obj_cooja/mtype896.o
 *fill*         0x0000000000022bff        0x1 
 .rodata        0x0000000000022c00        0x8 obj_cooja/mtype896.a(beep.o)
                0x0000000000022c00                beep_interface
 .rodata        0x0000000000022c08       0x20 obj_cooja/mtype896.a(button-sensor.o)
                0x0000000000022c08                button_interface
                0x0000000000022c18                button_sensor
 .rodata        0x0000000000022c28        0x8 obj_cooja/mtype896.a(leds-arch.o)
                0x0000000000022c28                leds_interface
 .rodata        0x0000000000022c30        0x8 obj_cooja/mtype896.a(moteid.o)
                0x0000000000022c30                moteid_interface
 .rodata        0x0000000000022c38       0x1c obj_cooja/mtype896.a(pir-sensor.o)
                0x0000000000022c38                pir_interface
                0x0000000000022c44                pir_sensor
 .rodata        0x0000000000022c54        0xe obj_cooja/mtype896.a(rs232.o)
                0x0000000000022c54                rs232_interface
 *fill*         0x0000000000022c62        0x2 
 .rodata        0x0000000000022c64       0x24 obj_cooja/mtype896.a(vib-sensor.o)
                0x0000000000022c64                vib_interface
                0x0000000000022c78                vib_sensor
 .rodata        0x0000000000022c88        0x8 obj_cooja/mtype896.a(clock.o)
                0x0000000000022c88                clock_interface
 .rodata        0x0000000000022c90        0x8 obj_cooja/mtype896.a(log.o)
                0x0000000000022c90                simlog_interface
 .rodata        0x0000000000022c98       0x2f obj_cooja/mtype896.a(cfs-cooja.o)
                0x0000000000022c98                cfs_interface
 *fill*         0x0000000000022cc7       0x19 
 .rodata        0x0000000000022ce0       0x60 obj_cooja/mtype896.a(cooja-radio.o)
                0x0000000000022d00                cooja_radio_driver
                0x0000000000022d38                radio_interface
 .rodata        0x0000000000022d40        0x8 obj_cooja/mtype896.a(eeprom.o)
                0x0000000000022d40                eeprom_interface
 .rodata        0x0000000000022d48        0x8 obj_cooja/mtype896.a(sensors.o)
 .rodata        0x0000000000022d50        0xf obj_cooja/mtype896.a(ctimer.o)
 .rodata        0x0000000000022d5f        0xc obj_cooja/mtype896.a(etimer.o)
 *fill*         0x0000000000022d6b        0x1 
 .rodata        0x0000000000022d6c       0x73 obj_cooja/mtype896.a(log_message.o)
 *fill*         0x0000000000022ddf        0x1 
 .rodata        0x0000000000022de0       0x20 obj_cooja/mtype896.a(residual.o)
 .rodata        0x0000000000022e00        0xe obj_cooja/mtype896.a(serial-line.o)
 *fill*         0x0000000000022e0e        0x2 
 .rodata        0x0000000000022e10       0x2c obj_cooja/mtype896.a(sicslowpan.o)
                0x0000000000022e10                unc_llconf
                0x0000000000022e14                unc_ctxconf
                0x0000000000022e18                unc_mxconf
                0x0000000000022e1c                llprefix
                0x0000000000022e30                sicslowpan_driver
 .rodata        0x0000000000022e3c      0x13c obj_cooja/mtype896.a(uip6.o)
 .rodata        0x0000000000022f78       0x49 obj_cooja/mtype896.a(tcpip.o)
 .rodata        0x0000000000022fc1       0x3e obj_cooja/mtype896.a(uip-debug.o)
 *fill*         0x0000000000022fff        0x1 
 .rodata        0x0000000000023000        0x4 obj_cooja/mtype896.a(rpl-dag.o)
 .rodata        0x0000000000023004        0xc obj_cooja/mtype896.a(framer-802154.o)
                0x0000000000023004                framer_802154
 .rodata        0x0000000000023010       0x24 obj_cooja/mtype896.a(nullmac.o)
                0x0000000000023018                nullmac_driver
 *fill*         0x0000000000023034        0xc 
 .rodata        0x0000000000023040       0x40 obj_cooja/mtype896.a(cxmac.o)
                0x0000000000023060                cxmac_driver
 .rodata        0x0000000000023080        0x8 obj_cooja/mtype896.a(linkaddr.o)
                0x0000000000023080                linkaddr_null
 .rodata        0x0000000000023088       0x18 obj_cooja/mtype896.a(nullsec.o)
                0x0000000000023090                nullsec_driver

.rodata1
 *(.rodata1)

.eh_frame_hdr   0x00000000000230a0     0x127c
 *(.eh_frame_hdr)
 .eh_frame_hdr  0x00000000000230a0     0x127c udp-server.co

.eh_frame       0x000000000002431c     0x4b34
 *(.eh_frame)
 .eh_frame      0x000000000002431c       0x3c /usr/lib/gcc/i686-linux-gnu/4.8/../../../i386-linux-gnu/crti.o
                                         0x40 (size before relaxing)
 .eh_frame      0x0000000000024358       0x68 udp-server.co
                                         0x80 (size before relaxing)
 .eh_frame      0x00000000000243c0      0x148 obj_cooja/mtype896.o
                                        0x160 (size before relaxing)
 .eh_frame      0x0000000000024508       0x40 obj_cooja/mtype896.a(simEnvChange.o)
                                         0x58 (size before relaxing)
 .eh_frame      0x0000000000024548       0xc0 obj_cooja/mtype896.a(cooja_mt.o)
                                         0xd8 (size before relaxing)
 .eh_frame      0x0000000000024608      0x120 obj_cooja/mtype896.a(cooja_mtarch.o)
                                        0x138 (size before relaxing)
 .eh_frame      0x0000000000024728       0xc0 obj_cooja/mtype896.a(rtimer-arch.o)
                                         0xd8 (size before relaxing)
 .eh_frame      0x00000000000247e8      0x160 obj_cooja/mtype896.a(beep.o)
                                        0x178 (size before relaxing)
 .eh_frame      0x0000000000024948       0xa0 obj_cooja/mtype896.a(button-sensor.o)
                                         0xb8 (size before relaxing)
 .eh_frame      0x00000000000249e8       0xa0 obj_cooja/mtype896.a(leds-arch.o)
                                         0xb8 (size before relaxing)
 .eh_frame      0x0000000000024a88       0x40 obj_cooja/mtype896.a(moteid.o)
                                         0x58 (size before relaxing)
 .eh_frame      0x0000000000024ac8       0xa0 obj_cooja/mtype896.a(pir-sensor.o)
                                         0xb8 (size before relaxing)
 .eh_frame      0x0000000000024b68      0x100 obj_cooja/mtype896.a(rs232.o)
                                        0x118 (size before relaxing)
 .eh_frame      0x0000000000024c68       0xa0 obj_cooja/mtype896.a(vib-sensor.o)
                                         0xb8 (size before relaxing)
 .eh_frame      0x0000000000024d08       0xc0 obj_cooja/mtype896.a(clock.o)
                                         0xd8 (size before relaxing)
 .eh_frame      0x0000000000024dc8      0x120 obj_cooja/mtype896.a(log.o)
                                        0x138 (size before relaxing)
 .eh_frame      0x0000000000024ee8      0x160 obj_cooja/mtype896.a(cfs-cooja.o)
                                        0x178 (size before relaxing)
 .eh_frame      0x0000000000025048      0x2e0 obj_cooja/mtype896.a(cooja-radio.o)
                                        0x2f8 (size before relaxing)
 .eh_frame      0x0000000000025328       0xa0 obj_cooja/mtype896.a(eeprom.o)
                                         0xb8 (size before relaxing)
 .eh_frame      0x00000000000253c8       0x40 obj_cooja/mtype896.a(random.o)
                                         0x58 (size before relaxing)
 .eh_frame      0x0000000000025408       0xc0 obj_cooja/mtype896.a(sensors.o)
                                         0xd8 (size before relaxing)
 .eh_frame      0x00000000000254c8       0x40 obj_cooja/mtype896.a(autostart.o)
                                         0x58 (size before relaxing)
 .eh_frame      0x0000000000025508      0x100 obj_cooja/mtype896.a(ctimer.o)
                                        0x118 (size before relaxing)
 .eh_frame      0x0000000000025608      0x1e0 obj_cooja/mtype896.a(etimer.o)
                                        0x1f8 (size before relaxing)
 .eh_frame      0x00000000000257e8       0x40 obj_cooja/mtype896.a(log_message.o)
                                         0x58 (size before relaxing)
 .eh_frame      0x0000000000025828      0x1c8 obj_cooja/mtype896.a(process.o)
                                        0x1e0 (size before relaxing)
 .eh_frame      0x00000000000259f0       0x2c obj_cooja/mtype896.a(residual.o)
                                         0x44 (size before relaxing)
 .eh_frame      0x0000000000025a1c       0x60 obj_cooja/mtype896.a(rtimer.o)
                                         0x78 (size before relaxing)
 .eh_frame      0x0000000000025a7c       0xa4 obj_cooja/mtype896.a(timer.o)
                                         0xbc (size before relaxing)
 .eh_frame      0x0000000000025b20       0x60 obj_cooja/mtype896.a(serial-line.o)
                                         0x78 (size before relaxing)
 .eh_frame      0x0000000000025b80      0x180 obj_cooja/mtype896.a(list.o)
                                        0x198 (size before relaxing)
 .eh_frame      0x0000000000025d00       0xa0 obj_cooja/mtype896.a(ringbuf.o)
                                         0xb8 (size before relaxing)
 .eh_frame      0x0000000000025da0      0x350 obj_cooja/mtype896.a(sicslowpan.o)
                                        0x368 (size before relaxing)
 .eh_frame      0x00000000000260f0      0x180 obj_cooja/mtype896.a(uip-ds6-nbr.o)
                                        0x198 (size before relaxing)
 .eh_frame      0x0000000000026270      0x2c8 obj_cooja/mtype896.a(uip-ds6.o)
                                        0x2e0 (size before relaxing)
 .eh_frame      0x0000000000026538      0x27c obj_cooja/mtype896.a(uip6.o)
                                        0x294 (size before relaxing)
 .eh_frame      0x00000000000267b4      0x270 obj_cooja/mtype896.a(tcpip.o)
                                        0x288 (size before relaxing)
 .eh_frame      0x0000000000026a24       0x48 obj_cooja/mtype896.a(uip-debug.o)
                                         0x60 (size before relaxing)
 .eh_frame      0x0000000000026a6c       0xe0 obj_cooja/mtype896.a(uip-packetqueue)
                                         0xf8 (size before relaxing)
 .eh_frame      0x0000000000026b4c      0x74c obj_cooja/mtype896.a(rpl-dag.o)
                                        0x764 (size before relaxing)
 .eh_frame      0x0000000000027298      0x10c obj_cooja/mtype896.a(rpl-ext-header.)
                                        0x124 (size before relaxing)
 .eh_frame      0x00000000000273a4      0x2b8 obj_cooja/mtype896.a(rpl-icmp6.o)
                                        0x2d0 (size before relaxing)
 .eh_frame      0x000000000002765c       0xa4 obj_cooja/mtype896.a(rpl-of0.o)
                                         0xbc (size before relaxing)
 .eh_frame      0x0000000000027700      0x20c obj_cooja/mtype896.a(rpl-timers.o)
                                        0x224 (size before relaxing)
 .eh_frame      0x000000000002790c      0x148 obj_cooja/mtype896.a(rpl.o)
                                        0x160 (size before relaxing)
 .eh_frame      0x0000000000027a54      0x108 obj_cooja/mtype896.a(framer-802154.o)
                                        0x120 (size before relaxing)
 .eh_frame      0x0000000000027b5c       0xc0 obj_cooja/mtype896.a(nullmac.o)
                                         0xd8 (size before relaxing)
 .eh_frame      0x0000000000027c1c      0x25c obj_cooja/mtype896.a(cxmac.o)
                                        0x274 (size before relaxing)
 .eh_frame      0x0000000000027e78       0x60 obj_cooja/mtype896.a(linkaddr.o)
                                         0x78 (size before relaxing)
 .eh_frame      0x0000000000027ed8      0x26c obj_cooja/mtype896.a(nbr-table.o)
                                        0x284 (size before relaxing)
 .eh_frame      0x0000000000028144       0x20 obj_cooja/mtype896.a(netstack.o)
                                         0x38 (size before relaxing)
 .eh_frame      0x0000000000028164      0x214 obj_cooja/mtype896.a(packetbuf.o)
                                        0x22c (size before relaxing)
 .eh_frame      0x0000000000028378      0x1a0 obj_cooja/mtype896.a(queuebuf.o)
                                        0x1b8 (size before relaxing)
 .eh_frame      0x0000000000028518       0x80 obj_cooja/mtype896.a(nullsec.o)
                                         0x98 (size before relaxing)
 .eh_frame      0x0000000000028598       0xa0 obj_cooja/mtype896.a(watchdog.o)
                                         0xb8 (size before relaxing)
 .eh_frame      0x0000000000028638       0xc4 obj_cooja/mtype896.a(stimer.o)
                                         0xdc (size before relaxing)
 .eh_frame      0x00000000000286fc       0xa0 obj_cooja/mtype896.a(memb.o)
                                         0xb8 (size before relaxing)
 .eh_frame      0x000000000002879c      0x2a0 obj_cooja/mtype896.a(uip-ds6-route.o)
                                        0x2b8 (size before relaxing)
 .eh_frame      0x0000000000028a3c      0x164 obj_cooja/mtype896.a(uip-icmp6.o)
                                        0x17c (size before relaxing)
 .eh_frame      0x0000000000028ba0       0x68 obj_cooja/mtype896.a(uip-nd6.o)
                                         0x80 (size before relaxing)
 .eh_frame      0x0000000000028c08       0xc0 obj_cooja/mtype896.a(rpl-nbr-policy.)
                                         0xd8 (size before relaxing)
 .eh_frame      0x0000000000028cc8      0x164 obj_cooja/mtype896.a(frame802154.o)
                                        0x17c (size before relaxing)
 .eh_frame      0x0000000000028e2c       0x20 obj_cooja/mtype896.a(mac.o)
                                         0x38 (size before relaxing)
 .eh_frame      0x0000000000028e4c        0x4 /usr/lib/gcc/i686-linux-gnu/4.8/crtendS.o

.gcc_except_table
 *(.gcc_except_table .gcc_except_table.*)

.exception_ranges
 *(.exception_ranges .exception_ranges*)
                0x0000000000028e50                . = (ALIGN (0x1000) - ((0x1000 - .) & 0xfff))
                0x0000000000029ef8                . = DATA_SEGMENT_ALIGN (0x1000, 0x1000)

.eh_frame
 *(.eh_frame)

.gcc_except_table
 *(.gcc_except_table .gcc_except_table.*)

.exception_ranges
 *(.exception_ranges .exception_ranges*)

.tdata
 *(.tdata .tdata.* .gnu.linkonce.td.*)

.tbss
 *(.tbss .tbss.* .gnu.linkonce.tb.*)
 *(.tcommon)

.preinit_array
 *(.preinit_array)

.init_array     0x0000000000029ef8        0x4
 *(SORT(.init_array.*) SORT(.ctors.*))
 *(.init_array EXCLUDE_FILE(*crtend?.o *crtend.o *crtbegin?.o *crtbegin.o) .ctors)
 .init_array    0x0000000000029ef8        0x4 /usr/lib/gcc/i686-linux-gnu/4.8/crtbeginS.o

.fini_array     0x0000000000029efc        0x4
 *(SORT(.fini_array.*) SORT(.dtors.*))
 *(.fini_array EXCLUDE_FILE(*crtend?.o *crtend.o *crtbegin?.o *crtbegin.o) .dtors)
 .fini_array    0x0000000000029efc        0x4 /usr/lib/gcc/i686-linux-gnu/4.8/crtbeginS.o

.ctors
 *crtbegin.o(.ctors)
 *crtbegin?.o(.ctors)
 *(EXCLUDE_FILE(*crtend?.o *crtend.o) .ctors)
 *(SORT(.ctors.*))
 *(.ctors)

.dtors
 *crtbegin.o(.dtors)
 *crtbegin?.o(.dtors)
 *(EXCLUDE_FILE(*crtend?.o *crtend.o) .dtors)
 *(SORT(.dtors.*))
 *(.dtors)

.jcr            0x0000000000029f00        0x4
 *(.jcr)
 .jcr           0x0000000000029f00        0x0 /usr/lib/gcc/i686-linux-gnu/4.8/crtbeginS.o
 .jcr           0x0000000000029f00        0x4 /usr/lib/gcc/i686-linux-gnu/4.8/crtendS.o

.data.rel.ro
 *(.data.rel.ro.local* .gnu.linkonce.d.rel.ro.local.*)
 *(.data.rel.ro .data.rel.ro.* .gnu.linkonce.d.rel.ro.*)

.dynamic        0x0000000000029f04       0xe8
 *(.dynamic)
 .dynamic       0x0000000000029f04       0xe8 /usr/lib/gcc/i686-linux-gnu/4.8/../../../i386-linux-gnu/crti.o
                0x0000000000029f04                _DYNAMIC

.got            0x0000000000029fec       0x14
 *(.got)
 .got           0x0000000000029fec       0x14 /usr/lib/gcc/i686-linux-gnu/4.8/../../../i386-linux-gnu/crti.o
 *(.igot)
                0x000000000002aff4                . = DATA_SEGMENT_RELRO_END (., (SIZEOF (.got.plt) >= 0xc)?0xc:0x0)

.got.plt        0x000000000002a000       0x14
 *(.got.plt)
 .got.plt       0x000000000002a000       0x14 /usr/lib/gcc/i686-linux-gnu/4.8/../../../i386-linux-gnu/crti.o
                0x000000000002a000                _GLOBAL_OFFSET_TABLE_
 *(.igot.plt)

.data           0x000000000002a020      0x242
 *(.data .data.* .gnu.linkonce.d.*)
 .data          0x000000000002a020        0x0 /usr/lib/gcc/i686-linux-gnu/4.8/../../../i386-linux-gnu/crti.o
 .data          0x000000000002a020        0x0 /usr/lib/gcc/i686-linux-gnu/4.8/crtbeginS.o
 .data.rel      0x000000000002a020        0x4 /usr/lib/gcc/i686-linux-gnu/4.8/crtbeginS.o
                0x000000000002a020                __dso_handle
 .data          0x000000000002a024       0x10 udp-server.co
                0x000000000002a024                udp_server_process
 *fill*         0x000000000002a034        0xc 
 .data          0x000000000002a040       0x44 obj_cooja/mtype896.o
                0x000000000002a040                simInterfaces
                0x000000000002a074                sensors
 .data          0x000000000002a084        0x0 obj_cooja/mtype896.a(simEnvChange.o)
 .data          0x000000000002a084        0x0 obj_cooja/mtype896.a(cooja_mt.o)
 .data          0x000000000002a084        0x0 obj_cooja/mtype896.a(cooja_mtarch.o)
 .data          0x000000000002a084        0x0 obj_cooja/mtype896.a(rtimer-arch.o)
 .data          0x000000000002a084        0x0 obj_cooja/mtype896.a(beep.o)
 .data          0x000000000002a084        0x0 obj_cooja/mtype896.a(button-sensor.o)
 .data          0x000000000002a084        0x0 obj_cooja/mtype896.a(leds-arch.o)
 .data          0x000000000002a084        0x0 obj_cooja/mtype896.a(moteid.o)
 .data          0x000000000002a084        0x0 obj_cooja/mtype896.a(pir-sensor.o)
 .data          0x000000000002a084        0x0 obj_cooja/mtype896.a(rs232.o)
 .data          0x000000000002a084        0x0 obj_cooja/mtype896.a(vib-sensor.o)
 .data          0x000000000002a084        0x0 obj_cooja/mtype896.a(clock.o)
 .data          0x000000000002a084        0x0 obj_cooja/mtype896.a(log.o)
 .data          0x000000000002a084        0x0 obj_cooja/mtype896.a(cfs-cooja.o)
 .data          0x000000000002a084       0x40 obj_cooja/mtype896.a(cooja-radio.o)
                0x000000000002a084                simRadioChannelLR
                0x000000000002a088                simRadioHWOnLR
                0x000000000002a08c                simSignalStrengthLR
                0x000000000002a090                simLastSignalStrengthLR
                0x000000000002a094                simPowerLR
                0x000000000002a098                simLQILR
                0x000000000002a09c                simRadioChannel
                0x000000000002a0a0                simRadioHWOn
                0x000000000002a0a4                simSignalStrength
                0x000000000002a0a8                simLastSignalStrength
                0x000000000002a0ac                simPower
                0x000000000002a0b0                simLQI
                0x000000000002a0b4                cooja_radio_process
 .data          0x000000000002a0c4        0x0 obj_cooja/mtype896.a(eeprom.o)
 .data          0x000000000002a0c4        0x0 obj_cooja/mtype896.a(random.o)
 .data          0x000000000002a0c4       0x10 obj_cooja/mtype896.a(sensors.o)
                0x000000000002a0c4                sensors_process
 .data          0x000000000002a0d4        0x0 obj_cooja/mtype896.a(autostart.o)
 .data          0x000000000002a0d4       0x14 obj_cooja/mtype896.a(ctimer.o)
                0x000000000002a0d8                ctimer_process
 .data          0x000000000002a0e8       0x10 obj_cooja/mtype896.a(etimer.o)
                0x000000000002a0e8                etimer_process
 .data          0x000000000002a0f8        0x0 obj_cooja/mtype896.a(log_message.o)
 .data          0x000000000002a0f8        0x0 obj_cooja/mtype896.a(process.o)
 .data          0x000000000002a0f8        0x0 obj_cooja/mtype896.a(residual.o)
 .data          0x000000000002a0f8        0x0 obj_cooja/mtype896.a(rtimer.o)
 .data          0x000000000002a0f8        0x0 obj_cooja/mtype896.a(timer.o)
 .data          0x000000000002a0f8       0x10 obj_cooja/mtype896.a(serial-line.o)
                0x000000000002a0f8                serial_line_process
 .data          0x000000000002a108        0x0 obj_cooja/mtype896.a(list.o)
 .data          0x000000000002a108        0x0 obj_cooja/mtype896.a(ringbuf.o)
 .data          0x000000000002a108        0x0 obj_cooja/mtype896.a(sicslowpan.o)
 .data          0x000000000002a108       0x14 obj_cooja/mtype896.a(uip-ds6-nbr.o)
                0x000000000002a118                ds6_neighbors
 .data          0x000000000002a11c        0x0 obj_cooja/mtype896.a(uip-ds6.o)
 .data          0x000000000002a11c        0x0 obj_cooja/mtype896.a(uip6.o)
 .data          0x000000000002a11c       0x10 obj_cooja/mtype896.a(tcpip.o)
                0x000000000002a11c                tcpip_process
 .data          0x000000000002a12c        0x0 obj_cooja/mtype896.a(uip-debug.o)
 .data          0x000000000002a12c        0xc obj_cooja/mtype896.a(uip-packetqueue)
 .data          0x000000000002a138       0x28 obj_cooja/mtype896.a(rpl-dag.o)
                0x000000000002a148                rpl_parents
                0x000000000002a15c                rpl_children
 .data          0x000000000002a160        0x0 obj_cooja/mtype896.a(rpl-ext-header.)
 .data          0x000000000002a160       0x34 obj_cooja/mtype896.a(rpl-icmp6.o)
 .data          0x000000000002a194       0x1c obj_cooja/mtype896.a(rpl-of0.o)
                0x000000000002a194                rpl_of0
 .data          0x000000000002a1b0        0x0 obj_cooja/mtype896.a(rpl-timers.o)
 .data          0x000000000002a1b0        0x0 obj_cooja/mtype896.a(rpl.o)
 .data          0x000000000002a1b0        0x0 obj_cooja/mtype896.a(framer-802154.o)
 .data          0x000000000002a1b0        0x0 obj_cooja/mtype896.a(nullmac.o)
 .data          0x000000000002a1b0       0x20 obj_cooja/mtype896.a(cxmac.o)
                0x000000000002a1b0                cxmac_config
 .data          0x000000000002a1d0        0x0 obj_cooja/mtype896.a(linkaddr.o)
 .data          0x000000000002a1d0       0x10 obj_cooja/mtype896.a(nbr-table.o)
 .data          0x000000000002a1e0        0x0 obj_cooja/mtype896.a(netstack.o)
 .data          0x000000000002a1e0        0x4 obj_cooja/mtype896.a(packetbuf.o)
 .data          0x000000000002a1e4       0x18 obj_cooja/mtype896.a(queuebuf.o)
 .data          0x000000000002a1fc        0x0 obj_cooja/mtype896.a(nullsec.o)
 .data          0x000000000002a1fc        0x0 obj_cooja/mtype896.a(watchdog.o)
 .data          0x000000000002a1fc        0x0 obj_cooja/mtype896.a(rimestats.o)
 .data          0x000000000002a1fc        0x0 obj_cooja/mtype896.a(stimer.o)
 .data          0x000000000002a1fc        0x0 obj_cooja/mtype896.a(memb.o)
 .data          0x000000000002a1fc       0x44 obj_cooja/mtype896.a(uip-ds6-route.o)
                0x000000000002a20c                nbr_routes
 .data          0x000000000002a240       0x20 obj_cooja/mtype896.a(uip-icmp6.o)
 .data          0x000000000002a260        0x0 obj_cooja/mtype896.a(uip-nd6.o)
 .data          0x000000000002a260        0x0 obj_cooja/mtype896.a(rpl-nbr-policy.)
 .data          0x000000000002a260        0x2 obj_cooja/mtype896.a(frame802154.o)
 .data          0x000000000002a262        0x0 obj_cooja/mtype896.a(mac.o)
 .data          0x000000000002a262        0x0 /usr/lib/gcc/i686-linux-gnu/4.8/crtendS.o
 .data          0x000000000002a262        0x0 /usr/lib/gcc/i686-linux-gnu/4.8/../../../i386-linux-gnu/crtn.o

.tm_clone_table
                0x000000000002a264        0x0
 .tm_clone_table
                0x000000000002a264        0x0 /usr/lib/gcc/i686-linux-gnu/4.8/crtbeginS.o
 .tm_clone_table
                0x000000000002a264        0x0 /usr/lib/gcc/i686-linux-gnu/4.8/crtendS.o

.data1
 *(.data1)
                0x000000000002a264                _edata = .
                0x000000000002a264                PROVIDE (edata, .)
                0x000000000002a264                . = .
                0x000000000002a264                __bss_start = .

.bss            0x000000000002a280     0x8608
 *(.dynbss)
 .dynbss        0x0000000000000000        0x0 /usr/lib/gcc/i686-linux-gnu/4.8/../../../i386-linux-gnu/crti.o
 *(.bss .bss.* .gnu.linkonce.b.*)
 .bss           0x000000000002a280        0x0 /usr/lib/gcc/i686-linux-gnu/4.8/../../../i386-linux-gnu/crti.o
 .bss           0x000000000002a280        0x1 /usr/lib/gcc/i686-linux-gnu/4.8/crtbeginS.o
 *fill*         0x000000000002a281        0x3 
 .bss           0x000000000002a284        0x8 udp-server.co
                0x000000000002a284                my_weight
 *fill*         0x000000000002a28c       0x14 
 .bss           0x000000000002a2a0     0x2030 obj_cooja/mtype896.o
 .bss           0x000000000002c2d0        0x1 obj_cooja/mtype896.a(simEnvChange.o)
                0x000000000002c2d0                simDontFallAsleep
 *fill*         0x000000000002c2d1        0x3 
 .bss           0x000000000002c2d4        0x4 obj_cooja/mtype896.a(cooja_mt.o)
 .bss           0x000000000002c2d8        0x4 obj_cooja/mtype896.a(cooja_mtarch.o)
 .bss           0x000000000002c2dc        0xc obj_cooja/mtype896.a(rtimer-arch.o)
 .bss           0x000000000002c2e8        0x0 obj_cooja/mtype896.a(beep.o)
 .bss           0x000000000002c2e8        0x8 obj_cooja/mtype896.a(button-sensor.o)
 .bss           0x000000000002c2f0        0x0 obj_cooja/mtype896.a(leds-arch.o)
 .bss           0x000000000002c2f0        0x0 obj_cooja/mtype896.a(moteid.o)
 .bss           0x000000000002c2f0        0x1 obj_cooja/mtype896.a(pir-sensor.o)
                0x000000000002c2f0                simPirValue
 *fill*         0x000000000002c2f1        0x3 
 .bss           0x000000000002c2f4        0x4 obj_cooja/mtype896.a(rs232.o)
 .bss           0x000000000002c2f8        0x1 obj_cooja/mtype896.a(vib-sensor.o)
                0x000000000002c2f8                simVibValue
 .bss           0x000000000002c2f9        0x0 obj_cooja/mtype896.a(clock.o)
 *fill*         0x000000000002c2f9        0x7 
 .bss           0x000000000002c300      0x420 obj_cooja/mtype896.a(log.o)
 .bss           0x000000000002c720      0xfc0 obj_cooja/mtype896.a(cfs-cooja.o)
                0x000000000002c720                simCFSData
                0x000000000002d6c0                simCFSSize
                0x000000000002d6c4                simCFSChanged
                0x000000000002d6c8                simCFSRead
                0x000000000002d6cc                simCFSWritten
 .bss           0x000000000002d6e0       0x24 obj_cooja/mtype896.a(cooja-radio.o)
                0x000000000002d6e0                simReceivingLR
                0x000000000002d6e4                simInSizeLR
                0x000000000002d6e8                simOutSizeLR
                0x000000000002d6ec                simReceiving
                0x000000000002d6f0                simInSize
                0x000000000002d6f4                simOutSize
                0x000000000002d6f8                LongRangeTransmit
                0x000000000002d6fc                LongRangeReceiving
 .bss           0x000000000002d704        0xc obj_cooja/mtype896.a(eeprom.o)
                0x000000000002d704                simEEPROMChanged
                0x000000000002d708                simEEPROMRead
                0x000000000002d70c                simEEPROMWritten
 .bss           0x000000000002d710        0x0 obj_cooja/mtype896.a(random.o)
 .bss           0x000000000002d710        0xc obj_cooja/mtype896.a(sensors.o)
 .bss           0x000000000002d71c        0x0 obj_cooja/mtype896.a(autostart.o)
 .bss           0x000000000002d71c        0x5 obj_cooja/mtype896.a(ctimer.o)
 *fill*         0x000000000002d721        0x3 
 .bss           0x000000000002d724        0x8 obj_cooja/mtype896.a(etimer.o)
 .bss           0x000000000002d72c        0x0 obj_cooja/mtype896.a(log_message.o)
 *fill*         0x000000000002d72c       0x14 
 .bss           0x000000000002d740      0x1b1 obj_cooja/mtype896.a(process.o)
                0x000000000002d740                process_list
                0x000000000002d744                process_current
 .bss           0x000000000002d8f1        0x0 obj_cooja/mtype896.a(residual.o)
 *fill*         0x000000000002d8f1        0x3 
 .bss           0x000000000002d8f4        0x4 obj_cooja/mtype896.a(rtimer.o)
 .bss           0x000000000002d8f8        0x0 obj_cooja/mtype896.a(timer.o)
 *fill*         0x000000000002d8f8        0x8 
 .bss           0x000000000002d900      0x140 obj_cooja/mtype896.a(serial-line.o)
 .bss           0x000000000002da40        0x0 obj_cooja/mtype896.a(list.o)
 .bss           0x000000000002da40        0x0 obj_cooja/mtype896.a(ringbuf.o)
 .bss           0x000000000002da40      0x70c obj_cooja/mtype896.a(sicslowpan.o)
 *fill*         0x000000000002e14c       0x14 
 .bss           0x000000000002e160      0x2d0 obj_cooja/mtype896.a(uip-ds6-nbr.o)
 .bss           0x000000000002e430       0x20 obj_cooja/mtype896.a(uip-ds6.o)
 .bss           0x000000000002e450        0xe obj_cooja/mtype896.a(uip6.o)
                0x000000000002e450                uip_ext_bitmap
                0x000000000002e451                uip_ext_len
                0x000000000002e452                uip_ext_opt_offset
 *fill*         0x000000000002e45e        0x2 
 .bss           0x000000000002e460       0x6b obj_cooja/mtype896.a(tcpip.o)
 .bss           0x000000000002e4cb        0x0 obj_cooja/mtype896.a(uip-debug.o)
 *fill*         0x000000000002e4cb       0x15 
 .bss           0x000000000002e4e0      0xcf8 obj_cooja/mtype896.a(uip-packetqueue)
 *fill*         0x000000000002f1d8        0x8 
 .bss           0x000000000002f1e0      0x1fe obj_cooja/mtype896.a(rpl-dag.o)
 .bss           0x000000000002f3de        0x0 obj_cooja/mtype896.a(rpl-ext-header.)
 .bss           0x000000000002f3de        0x0 obj_cooja/mtype896.a(rpl-icmp6.o)
 .bss           0x000000000002f3de        0x0 obj_cooja/mtype896.a(rpl-of0.o)
 *fill*         0x000000000002f3de        0x2 
 .bss           0x000000000002f3e0       0x23 obj_cooja/mtype896.a(rpl-timers.o)
 *fill*         0x000000000002f403        0x1 
 .bss           0x000000000002f404        0x4 obj_cooja/mtype896.a(rpl.o)
 .bss           0x000000000002f408        0x2 obj_cooja/mtype896.a(framer-802154.o)
 .bss           0x000000000002f40a        0x0 obj_cooja/mtype896.a(nullmac.o)
 *fill*         0x000000000002f40a       0x16 
 .bss           0x000000000002f420       0xa0 obj_cooja/mtype896.a(cxmac.o)
 .bss           0x000000000002f4c0        0x0 obj_cooja/mtype896.a(linkaddr.o)
 .bss           0x000000000002f4c0      0x20c obj_cooja/mtype896.a(nbr-table.o)
 .bss           0x000000000002f6cc        0x0 obj_cooja/mtype896.a(netstack.o)
 *fill*         0x000000000002f6cc       0x14 
 .bss           0x000000000002f6e0       0xa0 obj_cooja/mtype896.a(packetbuf.o)
 .bss           0x000000000002f780      0xb80 obj_cooja/mtype896.a(queuebuf.o)
 .bss           0x0000000000030300        0x0 obj_cooja/mtype896.a(nullsec.o)
 .bss           0x0000000000030300        0x0 obj_cooja/mtype896.a(watchdog.o)
 .bss           0x0000000000030300        0x0 obj_cooja/mtype896.a(rimestats.o)
 .bss           0x0000000000030300        0x0 obj_cooja/mtype896.a(stimer.o)
 .bss           0x0000000000030300        0x0 obj_cooja/mtype896.a(memb.o)
 .bss           0x0000000000030300      0x568 obj_cooja/mtype896.a(uip-ds6-route.o)
 .bss           0x0000000000030868       0x18 obj_cooja/mtype896.a(uip-icmp6.o)
 .bss           0x0000000000030880        0x0 obj_cooja/mtype896.a(uip-nd6.o)
 .bss           0x0000000000030880       0x44 obj_cooja/mtype896.a(rpl-nbr-policy.)
 .bss           0x00000000000308c4        0x0 obj_cooja/mtype896.a(frame802154.o)
 .bss           0x00000000000308c4        0x0 obj_cooja/mtype896.a(mac.o)
 .bss           0x00000000000308c4        0x0 /usr/lib/gcc/i686-linux-gnu/4.8/crtendS.o
 .bss           0x00000000000308c4        0x0 /usr/lib/gcc/i686-linux-gnu/4.8/../../../i386-linux-gnu/crtn.o
 *(COMMON)
 COMMON         0x00000000000308c4        0x2 udp-server.co
                0x00000000000308c4                my_sink_reachability
                0x00000000000308c5                my_parent_number
 *fill*         0x00000000000308c6        0x2 
 COMMON         0x00000000000308c8       0x4c obj_cooja/mtype896.o
                0x00000000000308c8                dio_count
                0x00000000000308cc                dis_count
                0x00000000000308d0                collision_count
                0x00000000000308d4                transmission_count
                0x00000000000308d8                COOJA_radioRxLong
                0x00000000000308dc                control_message_count
                0x00000000000308e0                dao_count
                0x00000000000308e4                COOJA_radioTx
                0x00000000000308e8                referenceVar
                0x00000000000308ec                data_relay_count
                0x00000000000308f0                data_message_count
                0x00000000000308f4                COOJA_radioTxLong
                0x00000000000308f8                COOJA_radioRx
                0x00000000000308fc                debugfp
                0x0000000000030900                COOJA_radioOn
                0x0000000000030904                COOJA_duration
                0x0000000000030908                dio_ack_count
                0x000000000003090c                COOJA_radioOnLong
                0x0000000000030910                sensors_flags
 COMMON         0x0000000000030914        0xc obj_cooja/mtype896.a(simEnvChange.o)
                0x0000000000030914                simEtimerPending
                0x0000000000030918                simProcessRunValue
                0x000000000003091c                simNextExpirationTime
 COMMON         0x0000000000030920        0x1 obj_cooja/mtype896.a(beep.o)
                0x0000000000030920                simBeeped
 COMMON         0x0000000000030921        0x3 obj_cooja/mtype896.a(button-sensor.o)
                0x0000000000030921                simButtonIsActive
                0x0000000000030922                simButtonIsDown
                0x0000000000030923                simButtonChanged
 COMMON         0x0000000000030924        0x1 obj_cooja/mtype896.a(leds-arch.o)
                0x0000000000030924                simLedsValue
 *fill*         0x0000000000030925        0x3 
 COMMON         0x0000000000030928        0xc obj_cooja/mtype896.a(moteid.o)
                0x0000000000030928                simRandomSeed
                0x000000000003092c                simMoteIDChanged
                0x0000000000030930                simMoteID
 COMMON         0x0000000000030934        0x2 obj_cooja/mtype896.a(pir-sensor.o)
                0x0000000000030934                simPirIsActive
                0x0000000000030935                simPirChanged
 *fill*         0x0000000000030936        0xa 
 COMMON         0x0000000000030940      0x820 obj_cooja/mtype896.a(rs232.o)
                0x0000000000030940                simSerialReceivingFlag
                0x0000000000030944                simSerialReceivingLength
                0x0000000000030960                simSerialReceivingData
 COMMON         0x0000000000031160        0x2 obj_cooja/mtype896.a(vib-sensor.o)
                0x0000000000031160                simVibChanged
                0x0000000000031161                simVibIsActive
 *fill*         0x0000000000031162        0x2 
 COMMON         0x0000000000031164        0x4 obj_cooja/mtype896.a(clock.o)
                0x0000000000031164                simCurrentTime
 *fill*         0x0000000000031168       0x18 
 COMMON         0x0000000000031180      0x420 obj_cooja/mtype896.a(log.o)
                0x0000000000031180                simLoggedLength
                0x0000000000031184                simLoggedFlag
                0x00000000000311a0                simLoggedData
 COMMON         0x00000000000315a0      0x200 obj_cooja/mtype896.a(cooja-radio.o)
                0x00000000000315a0                simOutDataBuffer
                0x0000000000031620                simInDataBufferLR
                0x00000000000316a0                simOutDataBufferLR
                0x0000000000031720                simInDataBuffer
 COMMON         0x00000000000317a0      0x400 obj_cooja/mtype896.a(eeprom.o)
                0x00000000000317a0                simEEPROMData
 COMMON         0x0000000000031ba0        0x1 obj_cooja/mtype896.a(sensors.o)
                0x0000000000031ba0                sensors_event
 *fill*         0x0000000000031ba1        0x3 
 COMMON         0x0000000000031ba4        0x4 obj_cooja/mtype896.a(log_message.o)
                0x0000000000031ba4                log_fp
 COMMON         0x0000000000031ba8        0x1 obj_cooja/mtype896.a(serial-line.o)
                0x0000000000031ba8                serial_line_event_message
 *fill*         0x0000000000031ba9       0x17 
 COMMON         0x0000000000031bc0      0x181 obj_cooja/mtype896.a(uip-ds6.o)
                0x0000000000031bc0                uip_ds6_prefix_list
                0x0000000000031c20                uip_ds6_timer_periodic
                0x0000000000031c30                uip_ds6_netif_addr_list_offset
                0x0000000000031c40                uip_ds6_if
                0x0000000000031d38                uip_ds6_timer_ra
                0x0000000000031d40                uip_ds6_addr_size
 *fill*         0x0000000000031d41       0x1f 
 COMMON         0x0000000000031d60      0x8ec obj_cooja/mtype896.a(uip6.o)
                0x0000000000031d60                uip_slen
                0x0000000000031d62                uip_acc32
                0x0000000000031d80                uip_conns
                0x0000000000031e40                uip_lladdr
                0x0000000000031e48                uip_appdata
                0x0000000000031e4c                uip_flags
                0x0000000000031e60                uip_aligned_buf
                0x00000000000324a0                uip_listenports
                0x00000000000324b0                uip_len
                0x00000000000324b4                uip_sappdata
                0x00000000000324c0                uip_udp_conns
                0x0000000000032640                uip_udp_conn
                0x0000000000032644                uip_next_hdr
                0x0000000000032648                uip_conn
 COMMON         0x000000000003264c        0x1 obj_cooja/mtype896.a(tcpip.o)
                0x000000000003264c                tcpip_event
 *fill*         0x000000000003264d       0x13 
 COMMON         0x0000000000032660      0x198 obj_cooja/mtype896.a(rpl-dag.o)
                0x0000000000032660                default_instance
                0x0000000000032680                instance_table
 COMMON         0x00000000000327f8        0x8 obj_cooja/mtype896.a(linkaddr.o)
                0x00000000000327f8                linkaddr_node_addr
 COMMON         0x0000000000032800       0x2e obj_cooja/mtype896.a(packetbuf.o)
                0x0000000000032800                packetbuf_attrs
                0x000000000003281e                packetbuf_addrs
 *fill*         0x000000000003282e       0x12 
 COMMON         0x0000000000032840       0x48 obj_cooja/mtype896.a(rimestats.o)
                0x0000000000032840                rimestats
                0x0000000000032888                . = ALIGN ((. != 0x0)?0x4:0x1)
                0x0000000000032888                . = ALIGN (0x4)
                0x0000000000032888                . = SEGMENT_START ("ldata-segment", .)
                0x0000000000032888                . = ALIGN (0x4)
                0x0000000000032888                _end = .
                0x0000000000032888                PROVIDE (end, .)
                0x0000000000032888                . = DATA_SEGMENT_END (.)

.stab
 *(.stab)

.stabstr
 *(.stabstr)

.stab.excl
 *(.stab.excl)

.stab.exclstr
 *(.stab.exclstr)

.stab.index
 *(.stab.index)

.stab.indexstr
 *(.stab.indexstr)

.comment        0x0000000000000000       0x54
 *(.comment)
 .comment       0x0000000000000000       0x29 /usr/lib/gcc/i686-linux-gnu/4.8/crtbeginS.o
                                         0x2a (size before relaxing)
 .comment       0x0000000000000000       0x2a udp-server.co
 .comment       0x0000000000000000       0x2a obj_cooja/mtype896.o
 .comment       0x0000000000000000       0x2a obj_cooja/mtype896.a(simEnvChange.o)
 .comment       0x0000000000000000       0x2a obj_cooja/mtype896.a(cooja_mt.o)
 .comment       0x0000000000000000       0x2a obj_cooja/mtype896.a(cooja_mtarch.o)
 .comment       0x0000000000000000       0x2a obj_cooja/mtype896.a(rtimer-arch.o)
 .comment       0x0000000000000000       0x2a obj_cooja/mtype896.a(beep.o)
 .comment       0x0000000000000000       0x2a obj_cooja/mtype896.a(button-sensor.o)
 .comment       0x0000000000000000       0x2a obj_cooja/mtype896.a(leds-arch.o)
 .comment       0x0000000000000000       0x2a obj_cooja/mtype896.a(moteid.o)
 .comment       0x0000000000000000       0x2a obj_cooja/mtype896.a(pir-sensor.o)
 .comment       0x0000000000000000       0x2a obj_cooja/mtype896.a(rs232.o)
 .comment       0x0000000000000000       0x2a obj_cooja/mtype896.a(vib-sensor.o)
 .comment       0x0000000000000000       0x2a obj_cooja/mtype896.a(clock.o)
 .comment       0x0000000000000000       0x2a obj_cooja/mtype896.a(log.o)
 .comment       0x0000000000000000       0x2a obj_cooja/mtype896.a(cfs-cooja.o)
 .comment       0x0000000000000000       0x2a obj_cooja/mtype896.a(cooja-radio.o)
 .comment       0x0000000000000000       0x2a obj_cooja/mtype896.a(eeprom.o)
 .comment       0x0000000000000000       0x2a obj_cooja/mtype896.a(random.o)
 .comment       0x0000000000000000       0x2a obj_cooja/mtype896.a(sensors.o)
 .comment       0x0000000000000000       0x2a obj_cooja/mtype896.a(autostart.o)
 .comment       0x0000000000000000       0x2a obj_cooja/mtype896.a(ctimer.o)
 .comment       0x0000000000000000       0x2a obj_cooja/mtype896.a(etimer.o)
 .comment       0x0000000000000000       0x2a obj_cooja/mtype896.a(log_message.o)
 .comment       0x0000000000000000       0x2a obj_cooja/mtype896.a(process.o)
 .comment       0x0000000000000000       0x2a obj_cooja/mtype896.a(residual.o)
 .comment       0x0000000000000000       0x2a obj_cooja/mtype896.a(rtimer.o)
 .comment       0x0000000000000000       0x2a obj_cooja/mtype896.a(timer.o)
 .comment       0x0000000000000000       0x2a obj_cooja/mtype896.a(serial-line.o)
 .comment       0x0000000000000029       0x2b obj_cooja/mtype896.a(list.o)
                                         0x2c (size before relaxing)
 .comment       0x0000000000000000       0x2a obj_cooja/mtype896.a(ringbuf.o)
 .comment       0x0000000000000000       0x2a obj_cooja/mtype896.a(sicslowpan.o)
 .comment       0x0000000000000000       0x2a obj_cooja/mtype896.a(uip-ds6-nbr.o)
 .comment       0x0000000000000000       0x2a obj_cooja/mtype896.a(uip-ds6.o)
 .comment       0x0000000000000000       0x2a obj_cooja/mtype896.a(uip6.o)
 .comment       0x0000000000000000       0x2a obj_cooja/mtype896.a(tcpip.o)
 .comment       0x0000000000000000       0x2a obj_cooja/mtype896.a(uip-debug.o)
 .comment       0x0000000000000000       0x2a obj_cooja/mtype896.a(uip-packetqueue)
 .comment       0x0000000000000000       0x2a obj_cooja/mtype896.a(rpl-dag.o)
 .comment       0x0000000000000000       0x2a obj_cooja/mtype896.a(rpl-ext-header.)
 .comment       0x0000000000000000       0x2a obj_cooja/mtype896.a(rpl-icmp6.o)
 .comment       0x0000000000000000       0x2a obj_cooja/mtype896.a(rpl-of0.o)
 .comment       0x0000000000000000       0x2a obj_cooja/mtype896.a(rpl-timers.o)
 .comment       0x0000000000000000       0x2a obj_cooja/mtype896.a(rpl.o)
 .comment       0x0000000000000000       0x2a obj_cooja/mtype896.a(framer-802154.o)
 .comment       0x0000000000000000       0x2a obj_cooja/mtype896.a(nullmac.o)
 .comment       0x0000000000000000       0x2a obj_cooja/mtype896.a(cxmac.o)
 .comment       0x0000000000000000       0x2a obj_cooja/mtype896.a(linkaddr.o)
 .comment       0x0000000000000000       0x2a obj_cooja/mtype896.a(nbr-table.o)
 .comment       0x0000000000000000       0x2a obj_cooja/mtype896.a(netstack.o)
 .comment       0x0000000000000000       0x2a obj_cooja/mtype896.a(packetbuf.o)
 .comment       0x0000000000000000       0x2a obj_cooja/mtype896.a(queuebuf.o)
 .comment       0x0000000000000000       0x2a obj_cooja/mtype896.a(nullsec.o)
 .comment       0x0000000000000000       0x2a obj_cooja/mtype896.a(watchdog.o)
 .comment       0x0000000000000000       0x2c obj_cooja/mtype896.a(rimestats.o)
 .comment       0x0000000000000000       0x2a obj_cooja/mtype896.a(stimer.o)
 .comment       0x0000000000000000       0x2a obj_cooja/mtype896.a(memb.o)
 .comment       0x0000000000000000       0x2a obj_cooja/mtype896.a(uip-ds6-route.o)
 .comment       0x0000000000000000       0x2a obj_cooja/mtype896.a(uip-icmp6.o)
 .comment       0x0000000000000000       0x2a obj_cooja/mtype896.a(uip-nd6.o)
 .comment       0x0000000000000000       0x2a obj_cooja/mtype896.a(rpl-nbr-policy.)
 .comment       0x0000000000000000       0x2a obj_cooja/mtype896.a(frame802154.o)
 .comment       0x0000000000000000       0x2a obj_cooja/mtype896.a(mac.o)
 .comment       0x0000000000000000       0x2a /usr/lib/gcc/i686-linux-gnu/4.8/crtendS.o

.debug
 *(.debug)

.line
 *(.line)

.debug_srcinfo
 *(.debug_srcinfo)

.debug_sfnames
 *(.debug_sfnames)

.debug_aranges  0x0000000000000000      0x7d8
 *(.debug_aranges)
 .debug_aranges
                0x0000000000000000       0x20 udp-server.co
 .debug_aranges
                0x0000000000000020       0x20 obj_cooja/mtype896.o
 .debug_aranges
                0x0000000000000040       0x20 obj_cooja/mtype896.a(simEnvChange.o)
 .debug_aranges
                0x0000000000000060       0x20 obj_cooja/mtype896.a(cooja_mt.o)
 .debug_aranges
                0x0000000000000080       0x20 obj_cooja/mtype896.a(cooja_mtarch.o)
 .debug_aranges
                0x00000000000000a0       0x20 obj_cooja/mtype896.a(rtimer-arch.o)
 .debug_aranges
                0x00000000000000c0       0x20 obj_cooja/mtype896.a(beep.o)
 .debug_aranges
                0x00000000000000e0       0x20 obj_cooja/mtype896.a(button-sensor.o)
 .debug_aranges
                0x0000000000000100       0x20 obj_cooja/mtype896.a(leds-arch.o)
 .debug_aranges
                0x0000000000000120       0x20 obj_cooja/mtype896.a(moteid.o)
 .debug_aranges
                0x0000000000000140       0x20 obj_cooja/mtype896.a(pir-sensor.o)
 .debug_aranges
                0x0000000000000160       0x20 obj_cooja/mtype896.a(rs232.o)
 .debug_aranges
                0x0000000000000180       0x20 obj_cooja/mtype896.a(vib-sensor.o)
 .debug_aranges
                0x00000000000001a0       0x20 obj_cooja/mtype896.a(clock.o)
 .debug_aranges
                0x00000000000001c0       0x20 obj_cooja/mtype896.a(log.o)
 .debug_aranges
                0x00000000000001e0       0x20 obj_cooja/mtype896.a(cfs-cooja.o)
 .debug_aranges
                0x0000000000000200       0x20 obj_cooja/mtype896.a(cooja-radio.o)
 .debug_aranges
                0x0000000000000220       0x20 obj_cooja/mtype896.a(eeprom.o)
 .debug_aranges
                0x0000000000000240       0x20 obj_cooja/mtype896.a(random.o)
 .debug_aranges
                0x0000000000000260       0x20 obj_cooja/mtype896.a(sensors.o)
 .debug_aranges
                0x0000000000000280       0x20 obj_cooja/mtype896.a(autostart.o)
 .debug_aranges
                0x00000000000002a0       0x20 obj_cooja/mtype896.a(ctimer.o)
 .debug_aranges
                0x00000000000002c0       0x20 obj_cooja/mtype896.a(etimer.o)
 .debug_aranges
                0x00000000000002e0       0x20 obj_cooja/mtype896.a(log_message.o)
 .debug_aranges
                0x0000000000000300       0x20 obj_cooja/mtype896.a(process.o)
 .debug_aranges
                0x0000000000000320       0x20 obj_cooja/mtype896.a(residual.o)
 .debug_aranges
                0x0000000000000340       0x20 obj_cooja/mtype896.a(rtimer.o)
 .debug_aranges
                0x0000000000000360       0x20 obj_cooja/mtype896.a(timer.o)
 .debug_aranges
                0x0000000000000380       0x20 obj_cooja/mtype896.a(serial-line.o)
 .debug_aranges
                0x00000000000003a0       0x20 obj_cooja/mtype896.a(list.o)
 .debug_aranges
                0x00000000000003c0       0x20 obj_cooja/mtype896.a(ringbuf.o)
 .debug_aranges
                0x00000000000003e0       0x20 obj_cooja/mtype896.a(sicslowpan.o)
 .debug_aranges
                0x0000000000000400       0x20 obj_cooja/mtype896.a(uip-ds6-nbr.o)
 .debug_aranges
                0x0000000000000420       0x20 obj_cooja/mtype896.a(uip-ds6.o)
 .debug_aranges
                0x0000000000000440       0x20 obj_cooja/mtype896.a(uip6.o)
 .debug_aranges
                0x0000000000000460       0x20 obj_cooja/mtype896.a(tcpip.o)
 .debug_aranges
                0x0000000000000480       0x20 obj_cooja/mtype896.a(uip-debug.o)
 .debug_aranges
                0x00000000000004a0       0x20 obj_cooja/mtype896.a(uip-packetqueue)
 .debug_aranges
                0x00000000000004c0       0x20 obj_cooja/mtype896.a(rpl-dag.o)
 .debug_aranges
                0x00000000000004e0       0x20 obj_cooja/mtype896.a(rpl-ext-header.)
 .debug_aranges
                0x0000000000000500       0x20 obj_cooja/mtype896.a(rpl-icmp6.o)
 .debug_aranges
                0x0000000000000520       0x20 obj_cooja/mtype896.a(rpl-of0.o)
 .debug_aranges
                0x0000000000000540       0x20 obj_cooja/mtype896.a(rpl-timers.o)
 .debug_aranges
                0x0000000000000560       0x20 obj_cooja/mtype896.a(rpl.o)
 .debug_aranges
                0x0000000000000580       0x20 obj_cooja/mtype896.a(framer-802154.o)
 .debug_aranges
                0x00000000000005a0       0x20 obj_cooja/mtype896.a(nullmac.o)
 .debug_aranges
                0x00000000000005c0       0x20 obj_cooja/mtype896.a(cxmac.o)
 .debug_aranges
                0x00000000000005e0       0x20 obj_cooja/mtype896.a(linkaddr.o)
 .debug_aranges
                0x0000000000000600       0x20 obj_cooja/mtype896.a(nbr-table.o)
 .debug_aranges
                0x0000000000000620       0x20 obj_cooja/mtype896.a(netstack.o)
 .debug_aranges
                0x0000000000000640       0x20 obj_cooja/mtype896.a(packetbuf.o)
 .debug_aranges
                0x0000000000000660       0x20 obj_cooja/mtype896.a(queuebuf.o)
 .debug_aranges
                0x0000000000000680       0x20 obj_cooja/mtype896.a(nullsec.o)
 .debug_aranges
                0x00000000000006a0       0x20 obj_cooja/mtype896.a(watchdog.o)
 .debug_aranges
                0x00000000000006c0       0x18 obj_cooja/mtype896.a(rimestats.o)
 .debug_aranges
                0x00000000000006d8       0x20 obj_cooja/mtype896.a(stimer.o)
 .debug_aranges
                0x00000000000006f8       0x20 obj_cooja/mtype896.a(memb.o)
 .debug_aranges
                0x0000000000000718       0x20 obj_cooja/mtype896.a(uip-ds6-route.o)
 .debug_aranges
                0x0000000000000738       0x20 obj_cooja/mtype896.a(uip-icmp6.o)
 .debug_aranges
                0x0000000000000758       0x20 obj_cooja/mtype896.a(uip-nd6.o)
 .debug_aranges
                0x0000000000000778       0x20 obj_cooja/mtype896.a(rpl-nbr-policy.)
 .debug_aranges
                0x0000000000000798       0x20 obj_cooja/mtype896.a(frame802154.o)
 .debug_aranges
                0x00000000000007b8       0x20 obj_cooja/mtype896.a(mac.o)

.debug_pubnames
 *(.debug_pubnames)

.debug_info     0x0000000000000000    0x1b3cc
 *(.debug_info .gnu.linkonce.wi.*)
 .debug_info    0x0000000000000000      0xe4b udp-server.co
 .debug_info    0x0000000000000e4b     0x3a5f obj_cooja/mtype896.o
 .debug_info    0x00000000000048aa      0x15a obj_cooja/mtype896.a(simEnvChange.o)
 .debug_info    0x0000000000004a04      0x1e2 obj_cooja/mtype896.a(cooja_mt.o)
 .debug_info    0x0000000000004be6      0x2e7 obj_cooja/mtype896.a(cooja_mtarch.o)
 .debug_info    0x0000000000004ecd      0x16b obj_cooja/mtype896.a(rtimer-arch.o)
 .debug_info    0x0000000000005038      0x1f3 obj_cooja/mtype896.a(beep.o)
 .debug_info    0x000000000000522b      0x257 obj_cooja/mtype896.a(button-sensor.o)
 .debug_info    0x0000000000005482      0x132 obj_cooja/mtype896.a(leds-arch.o)
 .debug_info    0x00000000000055b4      0x10a obj_cooja/mtype896.a(moteid.o)
 .debug_info    0x00000000000056be      0x216 obj_cooja/mtype896.a(pir-sensor.o)
 .debug_info    0x00000000000058d4      0x21e obj_cooja/mtype896.a(rs232.o)
 .debug_info    0x0000000000005af2      0x216 obj_cooja/mtype896.a(vib-sensor.o)
 .debug_info    0x0000000000005d08      0x152 obj_cooja/mtype896.a(clock.o)
 .debug_info    0x0000000000005e5a      0x2bb obj_cooja/mtype896.a(log.o)
 .debug_info    0x0000000000006115      0x3cf obj_cooja/mtype896.a(cfs-cooja.o)
 .debug_info    0x00000000000064e4      0xc9b obj_cooja/mtype896.a(cooja-radio.o)
 .debug_info    0x000000000000717f      0x1d5 obj_cooja/mtype896.a(eeprom.o)
 .debug_info    0x0000000000007354       0xb3 obj_cooja/mtype896.a(random.o)
 .debug_info    0x0000000000007407      0x36d obj_cooja/mtype896.a(sensors.o)
 .debug_info    0x0000000000007774      0x1a5 obj_cooja/mtype896.a(autostart.o)
 .debug_info    0x0000000000007919      0x46c obj_cooja/mtype896.a(ctimer.o)
 .debug_info    0x0000000000007d85      0x49c obj_cooja/mtype896.a(etimer.o)
 .debug_info    0x0000000000008221      0x3d2 obj_cooja/mtype896.a(log_message.o)
 .debug_info    0x00000000000085f3      0x4ba obj_cooja/mtype896.a(process.o)
 .debug_info    0x0000000000008aad      0x164 obj_cooja/mtype896.a(residual.o)
 .debug_info    0x0000000000008c11      0x1ab obj_cooja/mtype896.a(rtimer.o)
 .debug_info    0x0000000000008dbc      0x16c obj_cooja/mtype896.a(timer.o)
 .debug_info    0x0000000000008f28      0x2de obj_cooja/mtype896.a(serial-line.o)
 .debug_info    0x0000000000009206      0x2ed obj_cooja/mtype896.a(list.o)
 .debug_info    0x00000000000094f3      0x1aa obj_cooja/mtype896.a(ringbuf.o)
 .debug_info    0x000000000000969d     0x105e obj_cooja/mtype896.a(sicslowpan.o)
 .debug_info    0x000000000000a6fb      0x853 obj_cooja/mtype896.a(uip-ds6-nbr.o)
 .debug_info    0x000000000000af4e      0xa5b obj_cooja/mtype896.a(uip-ds6.o)
 .debug_info    0x000000000000b9a9      0xea0 obj_cooja/mtype896.a(uip6.o)
 .debug_info    0x000000000000c849     0x1493 obj_cooja/mtype896.a(tcpip.o)
 .debug_info    0x000000000000dcdc      0x1b5 obj_cooja/mtype896.a(uip-debug.o)
 .debug_info    0x000000000000de91      0x470 obj_cooja/mtype896.a(uip-packetqueue)
 .debug_info    0x000000000000e301     0x1c3e obj_cooja/mtype896.a(rpl-dag.o)
 .debug_info    0x000000000000ff3f      0xe97 obj_cooja/mtype896.a(rpl-ext-header.)
 .debug_info    0x0000000000010dd6     0x18fa obj_cooja/mtype896.a(rpl-icmp6.o)
 .debug_info    0x00000000000126d0      0xa36 obj_cooja/mtype896.a(rpl-of0.o)
 .debug_info    0x0000000000013106      0xc36 obj_cooja/mtype896.a(rpl-timers.o)
 .debug_info    0x0000000000013d3c      0xd4a obj_cooja/mtype896.a(rpl.o)
 .debug_info    0x0000000000014a86      0x5ed obj_cooja/mtype896.a(framer-802154.o)
 .debug_info    0x0000000000015073      0x3d5 obj_cooja/mtype896.a(nullmac.o)
 .debug_info    0x0000000000015448      0xfe8 obj_cooja/mtype896.a(cxmac.o)
 .debug_info    0x0000000000016430      0x165 obj_cooja/mtype896.a(linkaddr.o)
 .debug_info    0x0000000000016595      0x8e4 obj_cooja/mtype896.a(nbr-table.o)
 .debug_info    0x0000000000016e79      0x4ba obj_cooja/mtype896.a(netstack.o)
 .debug_info    0x0000000000017333      0x478 obj_cooja/mtype896.a(packetbuf.o)
 .debug_info    0x00000000000177ab      0x57d obj_cooja/mtype896.a(queuebuf.o)
 .debug_info    0x0000000000017d28      0x3aa obj_cooja/mtype896.a(nullsec.o)
 .debug_info    0x00000000000180d2       0x7b obj_cooja/mtype896.a(watchdog.o)
 .debug_info    0x000000000001814d      0x119 obj_cooja/mtype896.a(rimestats.o)
 .debug_info    0x0000000000018266      0x179 obj_cooja/mtype896.a(stimer.o)
 .debug_info    0x00000000000183df      0x1d7 obj_cooja/mtype896.a(memb.o)
 .debug_info    0x00000000000185b6      0xd30 obj_cooja/mtype896.a(uip-ds6-route.o)
 .debug_info    0x00000000000192e6      0x7b7 obj_cooja/mtype896.a(uip-icmp6.o)
 .debug_info    0x0000000000019a9d      0x331 obj_cooja/mtype896.a(uip-nd6.o)
 .debug_info    0x0000000000019dce      0xe38 obj_cooja/mtype896.a(rpl-nbr-policy.)
 .debug_info    0x000000000001ac06      0x6b4 obj_cooja/mtype896.a(frame802154.o)
 .debug_info    0x000000000001b2ba      0x112 obj_cooja/mtype896.a(mac.o)

.debug_abbrev   0x0000000000000000     0x63c4
 *(.debug_abbrev)
 .debug_abbrev  0x0000000000000000      0x227 udp-server.co
 .debug_abbrev  0x0000000000000227      0x2be obj_cooja/mtype896.o
 .debug_abbrev  0x00000000000004e5       0xc3 obj_cooja/mtype896.a(simEnvChange.o)
 .debug_abbrev  0x00000000000005a8       0xe6 obj_cooja/mtype896.a(cooja_mt.o)
 .debug_abbrev  0x000000000000068e      0x147 obj_cooja/mtype896.a(cooja_mtarch.o)
 .debug_abbrev  0x00000000000007d5       0xcc obj_cooja/mtype896.a(rtimer-arch.o)
 .debug_abbrev  0x00000000000008a1       0xe3 obj_cooja/mtype896.a(beep.o)
 .debug_abbrev  0x0000000000000984      0x11c obj_cooja/mtype896.a(button-sensor.o)
 .debug_abbrev  0x0000000000000aa0       0xe1 obj_cooja/mtype896.a(leds-arch.o)