Archive member included to satisfy reference by file (symbol)

obj_cooja/mtype851.a(simEnvChange.o)
                              obj_cooja/mtype851.o (simDontFallAsleep)
obj_cooja/mtype851.a(cooja_mt.o)
                              obj_cooja/mtype851.o (cooja_mt_start)
obj_cooja/mtype851.a(cooja_mtarch.o)
                              obj_cooja/mtype851.a(cooja_mt.o) (cooja_mtarch_init)
obj_cooja/mtype851.a(rtimer-arch.o)
                              obj_cooja/mtype851.o (rtimer_arch_next)
obj_cooja/mtype851.a(beep.o)  obj_cooja/mtype851.o (beep_interface)
obj_cooja/mtype851.a(button-sensor.o)
                              obj_cooja/mtype851.o (button_interface)
obj_cooja/mtype851.a(leds-arch.o)
                              obj_cooja/mtype851.o (leds_interface)
obj_cooja/mtype851.a(moteid.o)
                              obj_cooja/mtype851.o (moteid_interface)
obj_cooja/mtype851.a(pir-sensor.o)
                              obj_cooja/mtype851.o (pir_interface)
obj_cooja/mtype851.a(rs232.o)
                              obj_cooja/mtype851.o (rs232_interface)
obj_cooja/mtype851.a(vib-sensor.o)
                              obj_cooja/mtype851.o (vib_interface)
obj_cooja/mtype851.a(clock.o)
                              obj_cooja/mtype851.o (clock_interface)
obj_cooja/mtype851.a(log.o)   obj_cooja/mtype851.o (simlog_interface)
obj_cooja/mtype851.a(cfs-cooja.o)
                              obj_cooja/mtype851.o (cfs_interface)
obj_cooja/mtype851.a(cooja-radio.o)
                              obj_cooja/mtype851.o (radio_interface)
obj_cooja/mtype851.a(eeprom.o)
                              obj_cooja/mtype851.o (eeprom_interface)
obj_cooja/mtype851.a(random.o)
                              obj_cooja/mtype851.a(moteid.o) (random_init)
obj_cooja/mtype851.a(sensors.o)
                              obj_cooja/mtype851.o (sensors_process)
obj_cooja/mtype851.a(dual_conf.o)
                              obj_cooja/mtype851.a(cooja-radio.o) (long_range_radio)
obj_cooja/mtype851.a(autostart.o)
                              obj_cooja/mtype851.o (autostart_start)
obj_cooja/mtype851.a(ctimer.o)
                              obj_cooja/mtype851.o (ctimer_init)
obj_cooja/mtype851.a(etimer.o)
                              obj_cooja/mtype851.o (etimer_process)
obj_cooja/mtype851.a(log_message.o)
                              obj_cooja/mtype851.o (log_initialization)
obj_cooja/mtype851.a(process.o)
                              udp-client.co (process_current)
obj_cooja/mtype851.a(residual.o)
                              udp-client.co (get_residual_energy)
obj_cooja/mtype851.a(rtimer.o)
                              obj_cooja/mtype851.a(rtimer-arch.o) (rtimer_run_next)
obj_cooja/mtype851.a(stimer.o)
                              udp-client.co (stimer_remaining)
obj_cooja/mtype851.a(timer.o)
                              obj_cooja/mtype851.a(button-sensor.o) (timer_set)
obj_cooja/mtype851.a(serial-line.o)
                              udp-client.co (serial_line_event_message)
obj_cooja/mtype851.a(list.o)  obj_cooja/mtype851.a(ctimer.o) (list_init)
obj_cooja/mtype851.a(ringbuf.o)
                              obj_cooja/mtype851.a(serial-line.o) (ringbuf_init)
obj_cooja/mtype851.a(sicslowpan.o)
                              obj_cooja/mtype851.o (sicslowpan_driver)
obj_cooja/mtype851.a(uip-ds6-nbr.o)
                              obj_cooja/mtype851.a(sicslowpan.o) (uip_ds6_link_neighbor_callback)
obj_cooja/mtype851.a(uip-ds6-route.o)
                              udp-client.co (uip_ds6_route_nexthop)
obj_cooja/mtype851.a(uip-ds6.o)
                              udp-client.co (uip_ds6_if)
obj_cooja/mtype851.a(uip6.o)  udp-client.co (uip_lladdr)
obj_cooja/mtype851.a(tcpip.o)
                              udp-client.co (tcpip_event)
obj_cooja/mtype851.a(uip-debug.o)
                              udp-client.co (uip_debug_ipaddr_print)
obj_cooja/mtype851.a(uip-packetqueue)
                              obj_cooja/mtype851.a(uip-ds6-nbr.o) (uip_packetqueue_new)
obj_cooja/mtype851.a(uip-udp-packet.)
                              udp-client.co (uip_udp_packet_sendto)
obj_cooja/mtype851.a(rpl-dag.o)
                              obj_cooja/mtype851.a(tcpip.o) (rpl_repair_root)
obj_cooja/mtype851.a(rpl-ext-header.)
                              obj_cooja/mtype851.a(uip6.o) (rpl_verify_header)
obj_cooja/mtype851.a(rpl-icmp6.o)
                              obj_cooja/mtype851.a(rpl-dag.o) (rpl_icmp6_update_nbr_table)
obj_cooja/mtype851.a(rpl-ltmax.o)
                              obj_cooja/mtype851.a(rpl-dag.o) (rpl_ltmax_of)
obj_cooja/mtype851.a(rpl-timers.o)
                              obj_cooja/mtype851.a(rpl-dag.o) (rpl_reset_dio_timer)
obj_cooja/mtype851.a(rpl.o)   obj_cooja/mtype851.a(rpl-icmp6.o) (rpl_get_mode)
obj_cooja/mtype851.a(framer-802154.o)
                              obj_cooja/mtype851.a(sicslowpan.o) (framer_802154)
obj_cooja/mtype851.a(nullmac.o)
                              obj_cooja/mtype851.o (nullmac_driver)
[...]
Memory Configuration

Name             Origin             Length             Attributes
*default*        0x0000000000000000 0xffffffffffffffff

Linker script and memory map

LOAD /usr/lib/gcc/i686-linux-gnu/4.8/../../../i386-linux-gnu/crti.o
LOAD /usr/lib/gcc/i686-linux-gnu/4.8/crtbeginS.o
LOAD udp-client.co
LOAD obj_cooja/mtype851.o
LOAD obj_cooja/mtype851.a
LOAD /usr/lib/gcc/i686-linux-gnu/4.8/libgcc.a
LOAD /usr/lib/gcc/i686-linux-gnu/4.8/libgcc_s.so
LOAD /usr/lib/gcc/i686-linux-gnu/4.8/../../../i386-linux-gnu/libc.so
START GROUP
LOAD /lib/i386-linux-gnu/libc.so.6
LOAD /usr/lib/i386-linux-gnu/libc_nonshared.a
LOAD /lib/i386-linux-gnu/ld-linux.so.2
END GROUP
LOAD /usr/lib/gcc/i686-linux-gnu/4.8/libgcc.a
LOAD /usr/lib/gcc/i686-linux-gnu/4.8/libgcc_s.so
LOAD /usr/lib/gcc/i686-linux-gnu/4.8/crtendS.o
LOAD /usr/lib/gcc/i686-linux-gnu/4.8/../../../i386-linux-gnu/crtn.o
                0x0000000000000114                . = (0x0 + SIZEOF_HEADERS)

.note.gnu.build-id
                0x0000000000000114       0x24
 *(.note.gnu.build-id)
 .note.gnu.build-id
                0x0000000000000114       0x24 /usr/lib/gcc/i686-linux-gnu/4.8/../../../i386-linux-gnu/crti.o

.hash
 *(.hash)

.gnu.hash       0x0000000000000138     0x1360
 *(.gnu.hash)
 .gnu.hash      0x0000000000000138     0x1360 /usr/lib/gcc/i686-linux-gnu/4.8/../../../i386-linux-gnu/crti.o

.dynsym         0x0000000000001498     0x25e0
 *(.dynsym)
 .dynsym        0x0000000000001498     0x25e0 /usr/lib/gcc/i686-linux-gnu/4.8/../../../i386-linux-gnu/crti.o

.dynstr         0x0000000000003a78     0x26ec
 *(.dynstr)
 .dynstr        0x0000000000003a78     0x26ec /usr/lib/gcc/i686-linux-gnu/4.8/../../../i386-linux-gnu/crti.o

.gnu.version    0x0000000000006164      0x4bc
 *(.gnu.version)
 .gnu.version   0x0000000000006164      0x4bc /usr/lib/gcc/i686-linux-gnu/4.8/../../../i386-linux-gnu/crti.o

.gnu.version_d  0x0000000000006620        0x0
 *(.gnu.version_d)
 .gnu.version_d
                0x0000000000000000        0x0 /usr/lib/gcc/i686-linux-gnu/4.8/../../../i386-linux-gnu/crti.o

.gnu.version_r  0x0000000000006620       0x50
 *(.gnu.version_r)
 .gnu.version_r
                0x0000000000006620       0x50 /usr/lib/gcc/i686-linux-gnu/4.8/../../../i386-linux-gnu/crti.o

.rel.dyn        0x0000000000006670     0x9b80
 *(.rel.init)
 .rel.init      0x0000000000000000        0x0 /usr/lib/gcc/i686-linux-gnu/4.8/../../../i386-linux-gnu/crti.o
 *(.rel.text .rel.text.* .rel.gnu.linkonce.t.*)
 .rel.text      0x0000000000006670     0x93f0 /usr/lib/gcc/i686-linux-gnu/4.8/../../../i386-linux-gnu/crti.o
 *(.rel.fini)
 .rel.fini      0x0000000000000000        0x0 /usr/lib/gcc/i686-linux-gnu/4.8/../../../i386-linux-gnu/crti.o
 *(.rel.rodata .rel.rodata.* .rel.gnu.linkonce.r.*)
 .rel.rodata    0x000000000000fa60      0x4e0 /usr/lib/gcc/i686-linux-gnu/4.8/../../../i386-linux-gnu/crti.o
 *(.rel.data.rel.ro .rel.data.rel.ro.* .rel.gnu.linkonce.d.rel.ro.*)
 *(.rel.data .rel.data.* .rel.gnu.linkonce.d.*)
 .rel.data.rel  0x000000000000ff40        0x8 /usr/lib/gcc/i686-linux-gnu/4.8/../../../i386-linux-gnu/crti.o
 .rel.data      0x000000000000ff48      0x270 /usr/lib/gcc/i686-linux-gnu/4.8/../../../i386-linux-gnu/crti.o
 *(.rel.tdata .rel.tdata.* .rel.gnu.linkonce.td.*)
 *(.rel.tbss .rel.tbss.* .rel.gnu.linkonce.tb.*)
 *(.rel.ctors)
 *(.rel.dtors)
 *(.rel.got)
 .rel.got       0x00000000000101b8       0x28 /usr/lib/gcc/i686-linux-gnu/4.8/../../../i386-linux-gnu/crti.o
 *(.rel.bss .rel.bss.* .rel.gnu.linkonce.b.*)
 *(.rel.ifunc)
 .rel.ifunc     0x0000000000000000        0x0 /usr/lib/gcc/i686-linux-gnu/4.8/../../../i386-linux-gnu/crti.o
 .rel.fini_array
                0x00000000000101e0        0x8 /usr/lib/gcc/i686-linux-gnu/4.8/../../../i386-linux-gnu/crti.o
 .rel.init_array
                0x00000000000101e8        0x8 /usr/lib/gcc/i686-linux-gnu/4.8/../../../i386-linux-gnu/crti.o

.rel.plt        0x00000000000101f0       0x10
 *(.rel.plt)
 .rel.plt       0x00000000000101f0       0x10 /usr/lib/gcc/i686-linux-gnu/4.8/../../../i386-linux-gnu/crti.o
 *(.rel.iplt)

.init           0x0000000000010200       0x23
 *(SORT(.init))
 .init          0x0000000000010200       0x1e /usr/lib/gcc/i686-linux-gnu/4.8/../../../i386-linux-gnu/crti.o
                0x0000000000010200                _init
 .init          0x000000000001021e        0x5 /usr/lib/gcc/i686-linux-gnu/4.8/../../../i386-linux-gnu/crtn.o

.plt            0x0000000000010230       0x30
 *(.plt)
 .plt           0x0000000000010230       0x30 /usr/lib/gcc/i686-linux-gnu/4.8/../../../i386-linux-gnu/crti.o
 *(.iplt)

.text           0x0000000000010260    0x1725d
 *(.text.unlikely .text.*_unlikely .text.unlikely.*)
 *(.text.exit .text.exit.*)
 *(.text.startup .text.startup.*)
 *(.text.hot .text.hot.*)
 *(.text .stub .text.* .gnu.linkonce.t.*)
 .text          0x0000000000010260        0x0 /usr/lib/gcc/i686-linux-gnu/4.8/../../../i386-linux-gnu/crti.o
 .gnu.linkonce.t.__x86.get_pc_thunk.bx
                0x0000000000010260        0x4 /usr/lib/gcc/i686-linux-gnu/4.8/../../../i386-linux-gnu/crti.o
                0x0000000000010260                __x86.get_pc_thunk.bx
 *fill*         0x0000000000010264        0xc 
 .text          0x0000000000010270      0x11b /usr/lib/gcc/i686-linux-gnu/4.8/crtbeginS.o
 .text          0x000000000001038b      0x784 udp-client.co
 .text          0x0000000000010b0f      0x96a obj_cooja/mtype851.o
                0x0000000000010cbd                contiki_init
                0x0000000000011290                Java_org_contikios_cooja_corecomm_Lib28_init
                0x00000000000112d0                Java_org_contikios_cooja_corecomm_Lib28_getMemory
                0x0000000000011310                Java_org_contikios_cooja_corecomm_Lib28_setMemory
                0x0000000000011387                Java_org_contikios_cooja_corecomm_Lib28_tick
                0x0000000000011467                Java_org_contikios_cooja_corecomm_Lib28_setReferenceAddress
 .text          0x0000000000011479       0x63 obj_cooja/mtype851.a(simEnvChange.o)
                0x0000000000011479                doActionsBeforeTick
                0x00000000000114aa                doActionsAfterTick
 .text          0x00000000000114dc       0xbc obj_cooja/mtype851.a(cooja_mt.o)
                0x00000000000114dc                cooja_mt_init
                0x00000000000114e9                cooja_mt_remove
                0x00000000000114f6                cooja_mt_start
                0x0000000000011523                cooja_mt_exec
                0x0000000000011554                cooja_mt_exit
                0x0000000000011576                cooja_mt_yield
 .text          0x0000000000011598      0x115 obj_cooja/mtype851.a(cooja_mtarch.o)
                0x0000000000011598                cooja_mtarch_init
                0x000000000001159d                cooja_mtarch_start
                0x0000000000011618                cooja_sw
                0x000000000001163a                cooja_mtarch_exec
                0x0000000000011656                cooja_mtarch_remove
                0x000000000001165b                cooja_mtarch_yield
                0x0000000000011665                cooja_mtarch_pstop
                0x000000000001166a                cooja_mtarch_pstart
                0x000000000001166f                cooja_mtarch_stack_usage
 .text          0x00000000000116ad       0xc2 obj_cooja/mtype851.a(rtimer-arch.o)
                0x00000000000116ad                rtimer_arch_init
                0x00000000000116d0                rtimer_arch_schedule
                0x00000000000116e7                rtimer_arch_next
                0x00000000000116f1                rtimer_arch_pending
                0x00000000000116fb                rtimer_arch_check
                0x000000000001172d                rtimer_arch_now
 .text          0x000000000001176f       0x76 obj_cooja/mtype851.a(beep.o)
                0x000000000001176f                beep_alarm
                0x000000000001177b                beep_beep
                0x0000000000011787                beep
                0x0000000000011793                beep_down
                0x000000000001179f                beep_on
                0x00000000000117ab                beep_off
                0x00000000000117b7                beep_spinup
                0x00000000000117c3                beep_quick
                0x00000000000117cf                beep_long
 .text          0x00000000000117e5      0x103 obj_cooja/mtype851.a(button-sensor.o)
 .text          0x00000000000118e8       0x45 obj_cooja/mtype851.a(leds-arch.o)
                0x00000000000118e8                leds_arch_init
                0x00000000000118f4                leds_arch_get
                0x0000000000011900                leds_arch_set
 .text          0x000000000001192d       0x2f obj_cooja/mtype851.a(moteid.o)
 .text          0x000000000001195c       0xb1 obj_cooja/mtype851.a(pir-sensor.o)
 .text          0x0000000000011a0d      0x131 obj_cooja/mtype851.a(rs232.o)
                0x0000000000011a0d                rs232_init
                0x0000000000011a12                rs232_set_speed
                0x0000000000011a20                rs232_set_input
                0x0000000000011a2d                rs232_send
                0x0000000000011a4f                rs232_print
                0x0000000000011a6a                slip_arch_writeb
 .text          0x0000000000011b3e       0xb1 obj_cooja/mtype851.a(vib-sensor.o)
 .text          0x0000000000011bef       0x34 obj_cooja/mtype851.a(clock.o)
                0x0000000000011bef                clock_init
                0x0000000000011bf4                clock_time
                0x0000000000011bfe                clock_seconds
                0x0000000000011c14                clock_delay
 .text          0x0000000000011c23      0x1ed obj_cooja/mtype851.a(log.o)
                0x0000000000011c23                simlog_char
                0x0000000000011c65                simlog
                0x0000000000011cd2                log_message
                0x0000000000011cfa                log_set_putchar_with_slip
                0x0000000000011d07                log_putchar
                0x0000000000011d8b                log_puts
                0x0000000000011daf                log_printf
 .text          0x0000000000011e10      0x2c4 obj_cooja/mtype851.a(cfs-cooja.o)
                0x0000000000011e10                cfs_open
                0x0000000000011e79                cfs_close
                0x0000000000011e85                cfs_read
                0x0000000000011f23                cfs_write
                0x0000000000012000                cfs_seek
                0x0000000000012088                cfs_remove
                0x00000000000120b1                cfs_opendir
                0x00000000000120bb                cfs_readdir
                0x00000000000120c5                cfs_closedir
 .text          0x00000000000120d4      0x671 obj_cooja/mtype851.a(cooja-radio.o)
                0x00000000000120fe                radio_set_channel
                0x0000000000012113                radio_set_txpower
                0x0000000000012133                radio_signal_strength_last
                0x000000000001213d                radio_signal_strength_current
                0x0000000000012147                radio_LQI
 .text          0x0000000000012745       0xef obj_cooja/mtype851.a(eeprom.o)
                0x0000000000012745                eeprom_init
                0x000000000001274a                eeprom_read
                0x00000000000127ba                eeprom_write
 .text          0x0000000000012834       0x28 obj_cooja/mtype851.a(random.o)
                0x0000000000012834                random_init
                0x000000000001284f                random_rand
 .text          0x000000000001285c      0x2a1 obj_cooja/mtype851.a(sensors.o)
                0x0000000000012897                sensors_first
                0x00000000000128a1                sensors_next
                0x00000000000128be                sensors_changed
                0x00000000000128ed                sensors_find
 .text          0x0000000000012afd      0x31a obj_cooja/mtype851.a(dual_conf.o)
                0x0000000000012afd                dual_radio_switch
                0x0000000000012b3d                dual_radio_change
                0x0000000000012b77                sending_in_LR
                0x0000000000012ba2                dual_radio_received
                0x0000000000012bf5                radio_received_is_longrange
                0x0000000000012c10                dual_radio_turn_on
                0x0000000000012c33                dual_radio_turn_off
                0x0000000000012dcd                dio_broadcast
                0x0000000000012df6                dis_broadcast
 .text          0x0000000000012e17       0x8e obj_cooja/mtype851.a(autostart.o)
                0x0000000000012e17                autostart_start
                0x0000000000012e62                autostart_exit
 .text          0x0000000000012ea5      0x334 obj_cooja/mtype851.a(ctimer.o)
                0x0000000000012fbc                ctimer_init
                0x0000000000012fec                ctimer_set
                0x000000000001301d                ctimer_set_with_process
                0x0000000000013099                ctimer_reset
                0x00000000000130e8                ctimer_restart
                0x0000000000013137                ctimer_stop
                0x0000000000013182                ctimer_expired
 .text          0x00000000000131d9      0x40b obj_cooja/mtype851.a(etimer.o)
                0x00000000000133ec                etimer_request_poll
                0x0000000000013470                etimer_set
                0x0000000000013495                etimer_reset_with_new_interval
                0x00000000000134bc                etimer_reset
                0x00000000000134da                etimer_restart
                0x00000000000134f8                etimer_adjust
                0x0000000000013514                etimer_expired
                0x0000000000013527                etimer_expiration_time
                0x0000000000013539                etimer_start_time
                0x0000000000013543                etimer_pending
                0x0000000000013555                etimer_next_expiration_time
                0x000000000001356f                etimer_stop
 .text          0x00000000000135e4       0xdd obj_cooja/mtype851.a(log_message.o)
                0x00000000000135e4                log_initialization
                0x00000000000136a0                log_finisher
 .text          0x00000000000136c1      0x560 obj_cooja/mtype851.a(process.o)
                0x00000000000136c1                process_alloc_event
                0x00000000000136d6                process_start
                0x00000000000138bf                process_exit
                0x00000000000138db                process_init
                0x0000000000013aac                process_run
                0x0000000000013adf                process_nevents
                0x0000000000013afa                process_post
                0x0000000000013ba6                process_post_synch
                0x0000000000013bde                process_poll
                0x0000000000013c0d                process_is_running
 .text          0x0000000000013c21       0xd3 obj_cooja/mtype851.a(residual.o)
                0x0000000000013c21                get_residual_energy
 .text          0x0000000000013cf4       0xba obj_cooja/mtype851.a(rtimer.o)
                0x0000000000013cf4                rtimer_init
                0x0000000000013d01                rtimer_set
                0x0000000000013d58                rtimer_run_next
 .text          0x0000000000013dae       0xa3 obj_cooja/mtype851.a(stimer.o)
                0x0000000000013dae                stimer_set
                0x0000000000013dc9                stimer_reset
                0x0000000000013de0                stimer_restart
                0x0000000000013df2                stimer_expired
                0x0000000000013e19                stimer_remaining
                0x0000000000013e3d                stimer_elapsed
 .text          0x0000000000013e51       0x91 obj_cooja/mtype851.a(timer.o)
                0x0000000000013e51                timer_set
                0x0000000000013e6c                timer_reset
                0x0000000000013e83                timer_restart
                0x0000000000013e95                timer_expired
                0x0000000000013ebe                timer_remaining
 .text          0x0000000000013ee2      0x1fb obj_cooja/mtype851.a(serial-line.o)
                0x0000000000013ee2                serial_line_input_byte
                0x00000000000140a5                serial_line_init
 .text          0x00000000000140dd      0x244 obj_cooja/mtype851.a(list.o)
                0x00000000000140dd                list_init
                0x00000000000140eb                list_head
                0x00000000000140f5                list_copy
                0x0000000000014104                list_tail
                0x000000000001413a                list_add
                0x0000000000014183                list_push
                0x00000000000141af                list_chop
                0x0000000000014219                list_pop
                0x0000000000014241                list_remove
                0x00000000000142a8                list_length
                0x00000000000142d6                list_insert
                0x000000000001430a                list_item_next
 .text          0x0000000000014321      0x155 obj_cooja/mtype851.a(ringbuf.o)
                0x0000000000014321                ringbuf_init
                0x0000000000014352                ringbuf_put
                0x00000000000143d0                ringbuf_get
                0x000000000001443d                ringbuf_size
                0x000000000001444f                ringbuf_elements
 .text          0x0000000000014476     0x258b obj_cooja/mtype851.a(sicslowpan.o)
                0x0000000000014a00                rime_sniffer_add
                0x0000000000014a0d                rime_sniffer_remove
                0x00000000000169a0                sicslowpan_init
                0x00000000000169f7                sicslowpan_get_last_rssi
 .text          0x0000000000016a01      0x2dc obj_cooja/mtype851.a(uip-ds6-nbr.o)
                0x0000000000016a1e                uip_ds6_neighbors_init
                0x0000000000016a3b                uip_ds6_nbr_add
                0x0000000000016aec                uip_ds6_nbr_rm
                0x0000000000016b49                uip_ds6_nbr_get_ipaddr
                0x0000000000016b5e                uip_ds6_nbr_get_ll
                0x0000000000016b7a                uip_ds6_nbr_num
                0x0000000000016bbf                uip_ds6_nbr_lookup
                0x0000000000016c24                uip_ds6_nbr_ll_lookup
                0x0000000000016c40                uip_ds6_nbr_ipaddr_from_lladdr
                0x0000000000016c66                uip_ds6_nbr_lladdr_from_ipaddr
                0x0000000000016c94                uip_ds6_link_neighbor_callback
 .text          0x0000000000016cdd      0x916 obj_cooja/mtype851.a(uip-ds6-route.o)
                0x0000000000016d54                uip_ds6_notification_add
                0x0000000000016d85                uip_ds6_notification_rm
                0x0000000000016da1                uip_ds6_route_init
                0x0000000000016e29                uip_ds6_route_nexthop
                0x0000000000016e51                uip_ds6_route_head
                0x0000000000016e66                uip_ds6_route_next
                0x0000000000016e8c                uip_ds6_route_is_nexthop
                0x0000000000016ecb                uip_ds6_route_num_routes
                0x0000000000016ed5                uip_ds6_route_lookup
                0x0000000000016f97                uip_ds6_route_add
                0x00000000000171cb                uip_ds6_route_rm
                0x000000000001735f                uip_ds6_route_rm_by_nexthop
                0x0000000000017397                uip_ds6_defrt_add
                0x0000000000017448                uip_ds6_defrt_rm
                0x00000000000174c7                uip_ds6_defrt_lookup
                0x0000000000017520                uip_ds6_defrt_choose
                0x000000000001758b                uip_ds6_defrt_periodic
 .text          0x00000000000175f3     0x12ad obj_cooja/mtype851.a(uip-ds6.o)
                0x00000000000175f3                uip_ds6_init
                0x0000000000017948                uip_ds6_periodic
                0x0000000000017a20                uip_ds6_list_loop
                0x0000000000017ac7                uip_ds6_prefix_add
                0x0000000000017b85                uip_ds6_prefix_rm
                0x0000000000017b97                uip_ds6_prefix_lookup
                0x0000000000017be8                uip_ds6_is_addr_onlink
                0x0000000000017c5c                uip_ds6_addr_add
                0x0000000000017d8a                uip_ds6_long_addr_add
                0x0000000000017eb8                uip_ds6_addr_rm
                0x0000000000017f58                uip_ds6_addr_lookup
                0x0000000000017fa3                uip_ds6_long_addr_lookup
                0x0000000000017fee                uip_ds6_get_link_local
                0x000000000001806d                uip_ds6_long_get_link_local
                0x00000000000180ec                uip_ds6_get_global
                0x000000000001816b                uip_ds6_long_get_global
                0x00000000000181ea                uip_ds6_maddr_add
                0x000000000001825c                uip_ds6_long_maddr_add
                0x00000000000182ce                uip_ds6_maddr_rm
                0x00000000000182e0                uip_ds6_maddr_lookup
                0x000000000001832b                uip_ds6_long_maddr_lookup
                0x0000000000018376                uip_ds6_aaddr_add
                0x00000000000183e8                uip_ds6_long_aaddr_add
                0x000000000001845a                uip_ds6_aaddr_rm
                0x000000000001846c                uip_ds6_aaddr_lookup
                0x00000000000184b7                uip_ds6_long_aaddr_lookup
                0x0000000000018502                uip_ds6_select_src
                0x000000000001878b                uip_ds6_set_addr_iid
                0x00000000000187c2                get_match_length
                0x0000000000018854                uip_ds6_compute_reachable_time
 .text          0x00000000000188a0     0x29f3 obj_cooja/mtype851.a(uip6.o)
                0x00000000000188a0                uip_add32
                0x0000000000018a39                uip_chksum
                0x0000000000018b27                uip_icmp6chksum
                0x0000000000018b3b                uip_tcpchksum
                0x0000000000018b4f                uip_udpchksum
                0x0000000000018b63                uip_init
                0x0000000000018c33                uip_connect
                0x0000000000018de2                remove_ext_hdr
                0x0000000000018eb7                uip_udp_new
                0x0000000000019013                uip_unlisten
                0x0000000000019073                uip_listen
                0x0000000000019335                uip_process
                0x000000000001b187                uip_htons
                0x000000000001b1a9                uip_htonl
                0x000000000001b1e9                uip_send
 .text          0x000000000001b293      0xb43 obj_cooja/mtype851.a(tcpip.o)
                0x000000000001b293                tcpip_output
                0x000000000001b2c1                tcpip_set_outputfunc
                0x000000000001b355                tcp_connect
                0x000000000001b3aa                tcp_unlisten
                0x000000000001b405                tcp_listen
                0x000000000001b45e                tcp_attach
                0x000000000001b483                udp_attach
                0x000000000001b4a8                udp_new
                0x000000000001b4fa                udp_broadcast_new
                0x000000000001b76e                tcpip_input
                0x000000000001b7a2                tcpip_ipv6_output
                0x000000000001bc1c                tcpip_poll_udp
                0x000000000001bc3f                tcpip_poll_tcp
                0x000000000001bc62                tcpip_uipcall
 .text          0x000000000001bdd6      0x1c1 obj_cooja/mtype851.a(uip-debug.o)
                0x000000000001bdd6                uip_debug_ipaddr_print
                0x000000000001bf38                uip_debug_lladdr_print
 .text          0x000000000001bf97      0x141 obj_cooja/mtype851.a(uip-packetqueue)
                0x000000000001bfc3                uip_packetqueue_new
                0x000000000001bfd1                uip_packetqueue_alloc
                0x000000000001c031                uip_packetqueue_free
                0x000000000001c072                uip_packetqueue_buf
                0x000000000001c08f                uip_packetqueue_buflen
                0x000000000001c0b0                uip_packetqueue_set_buflen
 .text          0x000000000001c0d8      0x131 obj_cooja/mtype851.a(uip-udp-packet.)
                0x000000000001c0d8                uip_udp_packet_send
                0x000000000001c138                uip_udp_packet_sendto
 .text          0x000000000001c209     0x25bb obj_cooja/mtype851.a(rpl-dag.o)
                0x000000000001c209                rpl_print_neighbor_list
                0x000000000001c2b2                rpl_print_child_neighbor_list
                0x000000000001c327                rpl_get_nbr
                0x000000000001c381                rpl_get_nbr_child
                0x000000000001c3db                rpl_dag_init
                0x000000000001c40d                rpl_get_parent
                0x000000000001c42f                rpl_get_parent_rank
                0x000000000001c462                rpl_get_parent_link_metric
                0x000000000001c495                rpl_get_parent_ipaddr
                0x000000000001c4bf                rpl_get_child_ipaddr
                0x000000000001c7da                rpl_set_root
                0x000000000001ca08                rpl_repair_root
                0x000000000001cc44                rpl_set_prefix
                0x000000000001cd43                rpl_set_default_route
                0x000000000001cdcf                rpl_alloc_instance
                0x000000000001ce62                rpl_alloc_dag
                0x000000000001cf15                rpl_set_default_instance
                0x000000000001cf22                rpl_get_default_instance
                0x000000000001cf2c                rpl_free_instance
                0x000000000001cfdd                rpl_free_dag
                0x000000000001d043                rpl_add_parent
                0x000000000001d139                rpl_find_parent
                0x000000000001d169                rpl_add_child
                0x000000000001d20d                rpl_find_child
                0x000000000001d25b                rpl_find_parent_any_dag
                0x000000000001d297                rpl_select_dag
                0x000000000001d6ba                rpl_select_parent
                0x000000000001d71c                rpl_remove_parent
                0x000000000001d752                rpl_remove_child
                0x000000000001d76e                rpl_nullify_parent
                0x000000000001d80c                rpl_move_parent
                0x000000000001d8a9                rpl_has_downward_route
                0x000000000001d8fc                rpl_get_any_dag
                0x000000000001d95e                rpl_get_instance
                0x000000000001d9c1                rpl_find_of
                0x000000000001d9fe                rpl_join_instance
                0x000000000001dc79                rpl_add_dag
                0x000000000001e068                rpl_local_repair
                0x000000000001e141                rpl_recalculate_ranks
                0x000000000001e1c7                rpl_process_parent_event
                0x000000000001e279                rpl_process_dio
 .text          0x000000000001e7c4      0xbf3 obj_cooja/mtype851.a(rpl-ext-header.)
                0x000000000001e7e1                rpl_verify_header
                0x000000000001ec5b                rpl_update_header_empty
                0x000000000001ef72                rpl_update_header_final
                0x000000000001f101                rpl_remove_header
                0x000000000001f20b                rpl_invert_header
                0x000000000001f395                rpl_insert_header
 .text          0x000000000001f3b7     0x2c77 obj_cooja/mtype851.a(rpl-icmp6.o)
                0x000000000001f6c6                rpl_icmp6_update_nbr_table
                0x000000000001f893                dis_output
                0x00000000000205c1                dio_output
                0x0000000000021af1                dao_output
                0x0000000000021bc5                dao_output_target
                0x0000000000021fe2                dao_ack_output
                0x0000000000021ff6                rpl_icmp6_register_handlers
 .text          0x000000000002202e      0x392 obj_cooja/mtype851.a(rpl-ltmax.o)
 .text          0x00000000000223c0      0x7b3 obj_cooja/mtype851.a(rpl-timers.o)
                0x0000000000022606                rpl_reset_periodic_timer
                0x000000000002265b                rpl_reset_dio_timer
                0x0000000000022895                rpl_schedule_dao
                0x00000000000228b0                rpl_schedule_dao_immediately
                0x00000000000228cb                rpl_cancel_dao
                0x000000000002292d                rpl_schedule_unicast_dio_immediately
                0x0000000000022b1b                rpl_schedule_probing
 .text          0x0000000000022b73      0x5c5 obj_cooja/mtype851.a(rpl.o)
                0x0000000000022b73                rpl_get_mode
                0x0000000000022b7d                rpl_set_mode
                0x0000000000022c0b                rpl_purge_routes
                0x0000000000022d05                rpl_remove_routes
                0x0000000000022d4b                rpl_remove_routes_by_nexthop
                0x0000000000022db7                rpl_add_route
                0x0000000000022e32                rpl_link_neighbor_callback
                0x0000000000022f37                rpl_ipv6_neighbor_callback
                0x0000000000022fa6                rpl_purge_dags
                0x00000000000230b2                rpl_init
 .text          0x0000000000023138      0x3f5 obj_cooja/mtype851.a(framer-802154.o)
 .text          0x000000000002352d       0x5e obj_cooja/mtype851.a(nullmac.o)
 .text          0x000000000002358b     0x1109 obj_cooja/mtype851.a(cxmac.o)
                0x00000000000245e4                cxmac_set_announcement_radio_txpower
                0x00000000000245e9                cxmac_init
 .text          0x0000000000024694       0x82 obj_cooja/mtype851.a(linkaddr.o)
                0x0000000000024694                linkaddr_copy
                0x00000000000246b6                linkaddr_cmp
                0x00000000000246e0                linkaddr_set_node_addr
                0x00000000000246fb                linkaddr_set_node_long_addr
 .text          0x0000000000024716      0x88c obj_cooja/mtype851.a(nbr-table.o)
                0x0000000000024716                lladdr_map_add_lr
                0x00000000000247d3                lladdr_map_rm_lr
                0x0000000000024c98                nbr_table_register
                0x0000000000024ce0                nbr_table_head
                0x0000000000024d3c                nbr_table_next
                0x0000000000024da3                nbr_table_add_lladdr
                0x0000000000024e7f                nbr_table_get_from_lladdr
                0x0000000000024ecc                nbr_table_remove
                0x0000000000024f1e                nbr_table_lock
                0x0000000000024f48                nbr_table_unlock
                0x0000000000024f72                nbr_table_get_lladdr
 .text          0x0000000000024fa2       0x2b obj_cooja/mtype851.a(netstack.o)
                0x0000000000024fa2                netstack_init
 .text          0x0000000000024fcd      0x3cd obj_cooja/mtype851.a(packetbuf.o)
                0x0000000000024fcd                packetbuf_clear
                0x0000000000024ff7                packetbuf_copyfrom
                0x0000000000025049                packetbuf_compact
                0x00000000000250c6                packetbuf_copyto
                0x000000000002515d                packetbuf_hdralloc
                0x00000000000251da                packetbuf_hdrreduce
                0x0000000000025222                packetbuf_set_datalen
                0x000000000002523b                packetbuf_dataptr
                0x0000000000025258                packetbuf_hdrptr
                0x0000000000025262                packetbuf_datalen
                0x000000000002526e                packetbuf_hdrlen
                0x0000000000025285                packetbuf_totlen
                0x000000000002529b                packetbuf_attr_clear
                0x00000000000252ed                packetbuf_attr_copyto
                0x0000000000025336                packetbuf_attr_copyfrom
                0x000000000002537e                packetbuf_holds_broadcast
 .text          0x000000000002539a      0x2b4 obj_cooja/mtype851.a(queuebuf.o)
                0x00000000000253a4                queuebuf_init
                0x00000000000253c4                queuebuf_numfree
                0x00000000000253d8                queuebuf_new_from_packetbuf
                0x0000000000025468                queuebuf_update_attr_from_packetbuf
                0x000000000002549b                queuebuf_update_from_packetbuf
                0x00000000000254e5                queuebuf_free
                0x000000000002552c                queuebuf_to_packetbuf
                0x0000000000025592                queuebuf_dataptr
                0x00000000000255c9                queuebuf_datalen
                0x00000000000255ec                queuebuf_addr
                0x000000000002561e                queuebuf_attr
                0x0000000000025649                queuebuf_debug_print
 .text          0x000000000002564e       0x6e obj_cooja/mtype851.a(nullsec.o)
 .text          0x00000000000256bc       0x19 obj_cooja/mtype851.a(watchdog.o)
                0x00000000000256bc                watchdog_init
                0x00000000000256c1                watchdog_start
                0x00000000000256c6                watchdog_periodic
                0x00000000000256cb                watchdog_stop
                0x00000000000256d0                watchdog_reboot
 .text          0x00000000000256d5        0x0 obj_cooja/mtype851.a(rimestats.o)
 .text          0x00000000000256d5      0x134 obj_cooja/mtype851.a(leds.o)
                0x0000000000025726                leds_init
                0x000000000002573a                leds_blink
                0x0000000000025772                leds_get
                0x000000000002577f                leds_set
                0x0000000000025799                leds_on
                0x00000000000257bc                leds_off
                0x00000000000257e6                leds_toggle
 .text          0x0000000000025809      0x1c1 obj_cooja/mtype851.a(memb.o)
                0x0000000000025809                memb_init
                0x0000000000025867                memb_alloc
                0x00000000000258cc                memb_free
                0x0000000000025947                memb_inmemb
                0x0000000000025986                memb_numfree
 .text          0x00000000000259ca      0xab2 obj_cooja/mtype851.a(uip-icmp6.o)
                0x0000000000025a38                uip_icmp6_input
                0x0000000000025a8e                uip_icmp6_register_input_handler
                0x0000000000025d56                uip_icmp6_error_output
                0x000000000002609b                uip_icmp6_send
                0x000000000002640f                uip_icmp6_echo_reply_callback_add
                0x0000000000026440                uip_icmp6_echo_reply_callback_rm
                0x000000000002645c                uip_icmp6_init
 .text          0x000000000002647c      0x358 obj_cooja/mtype851.a(uip-nd6.o)
                0x00000000000264d0                uip_nd6_ns_output
                0x00000000000267cf                uip_nd6_init
 .text          0x00000000000267d4      0x331 obj_cooja/mtype851.a(rpl-nbr-policy.)
                0x00000000000269ac                find_removable_dis
                0x00000000000269cf                find_removable_dio
                0x0000000000026a5e                find_removable_dao
                0x0000000000026aae                rpl_nbr_policy_find_removable
 .text          0x0000000000026b05      0x97c obj_cooja/mtype851.a(frame802154.o)
                0x0000000000026b36                frame802154_get_pan_id
                0x0000000000026b42                frame802154_set_pan_id
                0x0000000000026b5b                frame802154_has_panid
                0x0000000000026c47                frame802154_check_dest_panid
                0x0000000000026caf                frame802154_is_broadcast_addr
                0x0000000000026cfc                frame802154_extract_linkaddr
                0x0000000000026f3c                frame802154_hdrlen
                0x0000000000026f8d                frame802154_create
                0x0000000000027178                frame802154_parse
 .text          0x0000000000027481       0x3c obj_cooja/mtype851.a(mac.o)
                0x0000000000027481                mac_call_sent_callback
 .text          0x00000000000274bd        0x0 /usr/lib/gcc/i686-linux-gnu/4.8/crtendS.o
 .text          0x00000000000274bd        0x0 /usr/lib/gcc/i686-linux-gnu/4.8/../../../i386-linux-gnu/crtn.o
 *(.gnu.warning)

.fini           0x00000000000274c0       0x14
 *(SORT(.fini))
 .fini          0x00000000000274c0        0xf /usr/lib/gcc/i686-linux-gnu/4.8/../../../i386-linux-gnu/crti.o
                0x00000000000274c0                _fini
 .fini          0x00000000000274cf        0x5 /usr/lib/gcc/i686-linux-gnu/4.8/../../../i386-linux-gnu/crtn.o
                0x00000000000274d4                PROVIDE (__etext, .)
                0x00000000000274d4                PROVIDE (_etext, .)
                0x00000000000274d4                PROVIDE (etext, .)

.rodata         0x00000000000274e0     0x1880
 *(.rodata .rodata.* .gnu.linkonce.r.*)
 .rodata        0x00000000000274e0      0x2ae udp-client.co
                0x00000000000274f4                autostart_processes
 *fill*         0x000000000002778e        0x2 
 .rodata        0x0000000000027790      0x1e6 obj_cooja/mtype851.o
 *fill*         0x0000000000027976        0x2 
 .rodata        0x0000000000027978        0x8 obj_cooja/mtype851.a(beep.o)
                0x0000000000027978                beep_interface
 .rodata        0x0000000000027980       0x20 obj_cooja/mtype851.a(button-sensor.o)
                0x0000000000027980                button_interface
                0x0000000000027990                button_sensor
 .rodata        0x00000000000279a0        0x8 obj_cooja/mtype851.a(leds-arch.o)
                0x00000000000279a0                leds_interface
 .rodata        0x00000000000279a8        0x8 obj_cooja/mtype851.a(moteid.o)
                0x00000000000279a8                moteid_interface
 .rodata        0x00000000000279b0       0x1c obj_cooja/mtype851.a(pir-sensor.o)
                0x00000000000279b0                pir_interface
                0x00000000000279bc                pir_sensor
 .rodata        0x00000000000279cc        0xe obj_cooja/mtype851.a(rs232.o)
                0x00000000000279cc                rs232_interface
 *fill*         0x00000000000279da        0x2 
 .rodata        0x00000000000279dc       0x24 obj_cooja/mtype851.a(vib-sensor.o)
                0x00000000000279dc                vib_interface
                0x00000000000279f0                vib_sensor
 .rodata        0x0000000000027a00        0x8 obj_cooja/mtype851.a(clock.o)
                0x0000000000027a00                clock_interface
 .rodata        0x0000000000027a08        0x8 obj_cooja/mtype851.a(log.o)
                0x0000000000027a08                simlog_interface
 .rodata        0x0000000000027a10       0x2f obj_cooja/mtype851.a(cfs-cooja.o)
                0x0000000000027a10                cfs_interface
 *fill*         0x0000000000027a3f        0x1 
 .rodata        0x0000000000027a40       0x60 obj_cooja/mtype851.a(cooja-radio.o)
                0x0000000000027a60                cooja_radio_driver
                0x0000000000027a98                radio_interface
 .rodata        0x0000000000027aa0        0x8 obj_cooja/mtype851.a(eeprom.o)
                0x0000000000027aa0                eeprom_interface
 .rodata        0x0000000000027aa8        0x8 obj_cooja/mtype851.a(sensors.o)
 .rodata        0x0000000000027ab0      0x169 obj_cooja/mtype851.a(dual_conf.o)
 .rodata        0x0000000000027c19        0xf obj_cooja/mtype851.a(ctimer.o)
 .rodata        0x0000000000027c28        0xc obj_cooja/mtype851.a(etimer.o)
 .rodata        0x0000000000027c34       0x73 obj_cooja/mtype851.a(log_message.o)
 *fill*         0x0000000000027ca7        0x1 
 .rodata        0x0000000000027ca8       0x20 obj_cooja/mtype851.a(residual.o)
 .rodata        0x0000000000027cc8        0xe obj_cooja/mtype851.a(serial-line.o)
 *fill*         0x0000000000027cd6        0x2 
 .rodata        0x0000000000027cd8       0x2c obj_cooja/mtype851.a(sicslowpan.o)
                0x0000000000027cd8                unc_llconf
                0x0000000000027cdc                unc_ctxconf
                0x0000000000027ce0                unc_mxconf
                0x0000000000027ce4                llprefix
                0x0000000000027cf8                sicslowpan_driver
 .rodata        0x0000000000027d04      0x13c obj_cooja/mtype851.a(uip6.o)
 .rodata        0x0000000000027e40       0x49 obj_cooja/mtype851.a(tcpip.o)
 .rodata        0x0000000000027e89       0x3e obj_cooja/mtype851.a(uip-debug.o)
 *fill*         0x0000000000027ec7        0x1 
 .rodata        0x0000000000027ec8        0x4 obj_cooja/mtype851.a(rpl-dag.o)
 .rodata        0x0000000000027ecc      0xb70 obj_cooja/mtype851.a(rpl-icmp6.o)
 .rodata        0x0000000000028a3c        0xc obj_cooja/mtype851.a(framer-802154.o)
                0x0000000000028a3c                framer_802154
 .rodata        0x0000000000028a48       0x24 obj_cooja/mtype851.a(nullmac.o)
                0x0000000000028a50                nullmac_driver
 *fill*         0x0000000000028a6c       0x14 
 .rodata        0x0000000000028a80      0x2c0 obj_cooja/mtype851.a(cxmac.o)
                0x0000000000028d20                cxmac_driver
 .rodata        0x0000000000028d40        0x8 obj_cooja/mtype851.a(linkaddr.o)
                0x0000000000028d40                linkaddr_null
 .rodata        0x0000000000028d48       0x18 obj_cooja/mtype851.a(nullsec.o)
                0x0000000000028d50                nullsec_driver

.rodata1
 *(.rodata1)

.eh_frame_hdr   0x0000000000028d60     0x13ac
 *(.eh_frame_hdr)
 .eh_frame_hdr  0x0000000000028d60     0x13ac udp-client.co

.eh_frame       0x000000000002a10c     0x5010
 *(.eh_frame)
 .eh_frame      0x000000000002a10c       0x3c /usr/lib/gcc/i686-linux-gnu/4.8/../../../i386-linux-gnu/crti.o
                                         0x40 (size before relaxing)
 .eh_frame      0x000000000002a148       0xb4 udp-client.co
                                         0xcc (size before relaxing)
 .eh_frame      0x000000000002a1fc      0x148 obj_cooja/mtype851.o
                                        0x160 (size before relaxing)
 .eh_frame      0x000000000002a344       0x40 obj_cooja/mtype851.a(simEnvChange.o)
                                         0x58 (size before relaxing)
 .eh_frame      0x000000000002a384       0xc0 obj_cooja/mtype851.a(cooja_mt.o)
                                         0xd8 (size before relaxing)
 .eh_frame      0x000000000002a444      0x120 obj_cooja/mtype851.a(cooja_mtarch.o)
                                        0x138 (size before relaxing)
 .eh_frame      0x000000000002a564       0xc0 obj_cooja/mtype851.a(rtimer-arch.o)
                                         0xd8 (size before relaxing)
 .eh_frame      0x000000000002a624      0x160 obj_cooja/mtype851.a(beep.o)
                                        0x178 (size before relaxing)
 .eh_frame      0x000000000002a784       0xa0 obj_cooja/mtype851.a(button-sensor.o)
                                         0xb8 (size before relaxing)
 .eh_frame      0x000000000002a824       0xa0 obj_cooja/mtype851.a(leds-arch.o)
                                         0xb8 (size before relaxing)
 .eh_frame      0x000000000002a8c4       0x40 obj_cooja/mtype851.a(moteid.o)
                                         0x58 (size before relaxing)
 .eh_frame      0x000000000002a904       0xa0 obj_cooja/mtype851.a(pir-sensor.o)
                                         0xb8 (size before relaxing)
 .eh_frame      0x000000000002a9a4      0x100 obj_cooja/mtype851.a(rs232.o)
                                        0x118 (size before relaxing)
 .eh_frame      0x000000000002aaa4       0xa0 obj_cooja/mtype851.a(vib-sensor.o)
                                         0xb8 (size before relaxing)
 .eh_frame      0x000000000002ab44       0xc0 obj_cooja/mtype851.a(clock.o)
                                         0xd8 (size before relaxing)
 .eh_frame      0x000000000002ac04      0x120 obj_cooja/mtype851.a(log.o)
                                        0x138 (size before relaxing)
 .eh_frame      0x000000000002ad24      0x160 obj_cooja/mtype851.a(cfs-cooja.o)
                                        0x178 (size before relaxing)
 .eh_frame      0x000000000002ae84      0x2e0 obj_cooja/mtype851.a(cooja-radio.o)
                                        0x2f8 (size before relaxing)
 .eh_frame      0x000000000002b164       0xa0 obj_cooja/mtype851.a(eeprom.o)
                                         0xb8 (size before relaxing)
 .eh_frame      0x000000000002b204       0x40 obj_cooja/mtype851.a(random.o)
                                         0x58 (size before relaxing)
 .eh_frame      0x000000000002b244       0xc0 obj_cooja/mtype851.a(sensors.o)
                                         0xd8 (size before relaxing)
 .eh_frame      0x000000000002b304      0x160 obj_cooja/mtype851.a(dual_conf.o)
                                        0x178 (size before relaxing)
 .eh_frame      0x000000000002b464       0x40 obj_cooja/mtype851.a(autostart.o)
                                         0x58 (size before relaxing)
 .eh_frame      0x000000000002b4a4      0x100 obj_cooja/mtype851.a(ctimer.o)
                                        0x118 (size before relaxing)
 .eh_frame      0x000000000002b5a4      0x1e0 obj_cooja/mtype851.a(etimer.o)
                                        0x1f8 (size before relaxing)
 .eh_frame      0x000000000002b784       0x40 obj_cooja/mtype851.a(log_message.o)
                                         0x58 (size before relaxing)
 .eh_frame      0x000000000002b7c4      0x1c8 obj_cooja/mtype851.a(process.o)
                                        0x1e0 (size before relaxing)
 .eh_frame      0x000000000002b98c       0x2c obj_cooja/mtype851.a(residual.o)
                                         0x44 (size before relaxing)
 .eh_frame      0x000000000002b9b8       0x60 obj_cooja/mtype851.a(rtimer.o)
                                         0x78 (size before relaxing)
 .eh_frame      0x000000000002ba18       0xc4 obj_cooja/mtype851.a(stimer.o)
                                         0xdc (size before relaxing)
 .eh_frame      0x000000000002badc       0xa4 obj_cooja/mtype851.a(timer.o)
                                         0xbc (size before relaxing)
 .eh_frame      0x000000000002bb80       0x60 obj_cooja/mtype851.a(serial-line.o)
                                         0x78 (size before relaxing)
 .eh_frame      0x000000000002bbe0      0x180 obj_cooja/mtype851.a(list.o)
                                        0x198 (size before relaxing)
 .eh_frame      0x000000000002bd60       0xa0 obj_cooja/mtype851.a(ringbuf.o)
                                         0xb8 (size before relaxing)
 .eh_frame      0x000000000002be00      0x350 obj_cooja/mtype851.a(sicslowpan.o)
                                        0x368 (size before relaxing)
 .eh_frame      0x000000000002c150      0x180 obj_cooja/mtype851.a(uip-ds6-nbr.o)
                                        0x198 (size before relaxing)
 .eh_frame      0x000000000002c2d0      0x2a0 obj_cooja/mtype851.a(uip-ds6-route.o)
                                        0x2b8 (size before relaxing)
 .eh_frame      0x000000000002c570      0x3c8 obj_cooja/mtype851.a(uip-ds6.o)
                                        0x3e0 (size before relaxing)
 .eh_frame      0x000000000002c938      0x27c obj_cooja/mtype851.a(uip6.o)
                                        0x294 (size before relaxing)
 .eh_frame      0x000000000002cbb4      0x270 obj_cooja/mtype851.a(tcpip.o)
                                        0x288 (size before relaxing)
 .eh_frame      0x000000000002ce24       0x48 obj_cooja/mtype851.a(uip-debug.o)
                                         0x60 (size before relaxing)
 .eh_frame      0x000000000002ce6c       0xe0 obj_cooja/mtype851.a(uip-packetqueue)
                                         0xf8 (size before relaxing)
 .eh_frame      0x000000000002cf4c       0x40 obj_cooja/mtype851.a(uip-udp-packet.)
                                         0x58 (size before relaxing)
 .eh_frame      0x000000000002cf8c      0x74c obj_cooja/mtype851.a(rpl-dag.o)
                                        0x764 (size before relaxing)
 .eh_frame      0x000000000002d6d8      0x10c obj_cooja/mtype851.a(rpl-ext-header.)
                                        0x124 (size before relaxing)
 .eh_frame      0x000000000002d7e4      0x2c8 obj_cooja/mtype851.a(rpl-icmp6.o)
                                        0x2e0 (size before relaxing)
 .eh_frame      0x000000000002daac       0xe0 obj_cooja/mtype851.a(rpl-ltmax.o)
                                         0xf8 (size before relaxing)
 .eh_frame      0x000000000002db8c      0x20c obj_cooja/mtype851.a(rpl-timers.o)
                                        0x224 (size before relaxing)
 .eh_frame      0x000000000002dd98      0x148 obj_cooja/mtype851.a(rpl.o)
                                        0x160 (size before relaxing)
 .eh_frame      0x000000000002dee0      0x108 obj_cooja/mtype851.a(framer-802154.o)
                                        0x120 (size before relaxing)
 .eh_frame      0x000000000002dfe8       0xc0 obj_cooja/mtype851.a(nullmac.o)
                                         0xd8 (size before relaxing)
 .eh_frame      0x000000000002e0a8      0x2a0 obj_cooja/mtype851.a(cxmac.o)
                                        0x2b8 (size before relaxing)
 .eh_frame      0x000000000002e348       0x80 obj_cooja/mtype851.a(linkaddr.o)
                                         0x98 (size before relaxing)
 .eh_frame      0x000000000002e3c8      0x2ac obj_cooja/mtype851.a(nbr-table.o)
                                        0x2c4 (size before relaxing)
 .eh_frame      0x000000000002e674       0x20 obj_cooja/mtype851.a(netstack.o)
                                         0x38 (size before relaxing)
 .eh_frame      0x000000000002e694      0x214 obj_cooja/mtype851.a(packetbuf.o)
                                        0x22c (size before relaxing)
 .eh_frame      0x000000000002e8a8      0x1a0 obj_cooja/mtype851.a(queuebuf.o)
                                        0x1b8 (size before relaxing)
 .eh_frame      0x000000000002ea48       0x80 obj_cooja/mtype851.a(nullsec.o)
                                         0x98 (size before relaxing)
 .eh_frame      0x000000000002eac8       0xa0 obj_cooja/mtype851.a(watchdog.o)
                                         0xb8 (size before relaxing)
 .eh_frame      0x000000000002eb68      0x100 obj_cooja/mtype851.a(leds.o)
                                        0x118 (size before relaxing)
 .eh_frame      0x000000000002ec68       0xa0 obj_cooja/mtype851.a(memb.o)
                                         0xb8 (size before relaxing)
 .eh_frame      0x000000000002ed08      0x164 obj_cooja/mtype851.a(uip-icmp6.o)
                                        0x17c (size before relaxing)
 .eh_frame      0x000000000002ee6c       0x68 obj_cooja/mtype851.a(uip-nd6.o)
                                         0x80 (size before relaxing)
 .eh_frame      0x000000000002eed4       0xc0 obj_cooja/mtype851.a(rpl-nbr-policy.)
                                         0xd8 (size before relaxing)
 .eh_frame      0x000000000002ef94      0x164 obj_cooja/mtype851.a(frame802154.o)
                                        0x17c (size before relaxing)
 .eh_frame      0x000000000002f0f8       0x20 obj_cooja/mtype851.a(mac.o)
                                         0x38 (size before relaxing)
 .eh_frame      0x000000000002f118        0x4 /usr/lib/gcc/i686-linux-gnu/4.8/crtendS.o

.gcc_except_table
 *(.gcc_except_table .gcc_except_table.*)

.exception_ranges
 *(.exception_ranges .exception_ranges*)
                0x000000000002f11c                . = (ALIGN (0x1000) - ((0x1000 - .) & 0xfff))
                0x0000000000030ef8                . = DATA_SEGMENT_ALIGN (0x1000, 0x1000)

.eh_frame
 *(.eh_frame)

.gcc_except_table
 *(.gcc_except_table .gcc_except_table.*)

.exception_ranges
 *(.exception_ranges .exception_ranges*)

.tdata
 *(.tdata .tdata.* .gnu.linkonce.td.*)

.tbss
 *(.tbss .tbss.* .gnu.linkonce.tb.*)
 *(.tcommon)

.preinit_array
 *(.preinit_array)

.init_array     0x0000000000030ef8        0x4
 *(SORT(.init_array.*) SORT(.ctors.*))
 *(.init_array EXCLUDE_FILE(*crtend?.o *crtend.o *crtbegin?.o *crtbegin.o) .ctors)
 .init_array    0x0000000000030ef8        0x4 /usr/lib/gcc/i686-linux-gnu/4.8/crtbeginS.o

.fini_array     0x0000000000030efc        0x4
 *(SORT(.fini_array.*) SORT(.dtors.*))
 *(.fini_array EXCLUDE_FILE(*crtend?.o *crtend.o *crtbegin?.o *crtbegin.o) .dtors)
 .fini_array    0x0000000000030efc        0x4 /usr/lib/gcc/i686-linux-gnu/4.8/crtbeginS.o

.ctors
 *crtbegin.o(.ctors)
 *crtbegin?.o(.ctors)
 *(EXCLUDE_FILE(*crtend?.o *crtend.o) .ctors)
 *(SORT(.ctors.*))
 *(.ctors)

.dtors
 *crtbegin.o(.dtors)
 *crtbegin?.o(.dtors)
 *(EXCLUDE_FILE(*crtend?.o *crtend.o) .dtors)
 *(SORT(.dtors.*))
 *(.dtors)

.jcr            0x0000000000030f00        0x4
 *(.jcr)
 .jcr           0x0000000000030f00        0x0 /usr/lib/gcc/i686-linux-gnu/4.8/crtbeginS.o
 .jcr           0x0000000000030f00        0x4 /usr/lib/gcc/i686-linux-gnu/4.8/crtendS.o

.data.rel.ro
 *(.data.rel.ro.local* .gnu.linkonce.d.rel.ro.local.*)
 *(.data.rel.ro .data.rel.ro.* .gnu.linkonce.d.rel.ro.*)

.dynamic        0x0000000000030f04       0xe8
 *(.dynamic)
 .dynamic       0x0000000000030f04       0xe8 /usr/lib/gcc/i686-linux-gnu/4.8/../../../i386-linux-gnu/crti.o
                0x0000000000030f04                _DYNAMIC

.got            0x0000000000030fec       0x14
 *(.got)
 .got           0x0000000000030fec       0x14 /usr/lib/gcc/i686-linux-gnu/4.8/../../../i386-linux-gnu/crti.o
 *(.igot)
                0x0000000000031ff4                . = DATA_SEGMENT_RELRO_END (., (SIZEOF (.got.plt) >= 0xc)?0xc:0x0)

.got.plt        0x0000000000031000       0x14
 *(.got.plt)
 .got.plt       0x0000000000031000       0x14 /usr/lib/gcc/i686-linux-gnu/4.8/../../../i386-linux-gnu/crti.o
                0x0000000000031000                _GLOBAL_OFFSET_TABLE_
 *(.igot.plt)

.data           0x0000000000031020      0x266
 *(.data .data.* .gnu.linkonce.d.*)
 .data          0x0000000000031020        0x0 /usr/lib/gcc/i686-linux-gnu/4.8/../../../i386-linux-gnu/crti.o
 .data          0x0000000000031020        0x0 /usr/lib/gcc/i686-linux-gnu/4.8/crtbeginS.o
 .data.rel      0x0000000000031020        0x4 /usr/lib/gcc/i686-linux-gnu/4.8/crtbeginS.o
                0x0000000000031020                __dso_handle
 .data          0x0000000000031024       0x10 udp-client.co
                0x0000000000031024                udp_client_process
 *fill*         0x0000000000031034        0xc 
 .data          0x0000000000031040       0x44 obj_cooja/mtype851.o
                0x0000000000031040                simInterfaces
                0x0000000000031074                sensors
 .data          0x0000000000031084        0x0 obj_cooja/mtype851.a(simEnvChange.o)
 .data          0x0000000000031084        0x0 obj_cooja/mtype851.a(cooja_mt.o)
 .data          0x0000000000031084        0x0 obj_cooja/mtype851.a(cooja_mtarch.o)
 .data          0x0000000000031084        0x0 obj_cooja/mtype851.a(rtimer-arch.o)
 .data          0x0000000000031084        0x0 obj_cooja/mtype851.a(beep.o)
 .data          0x0000000000031084        0x0 obj_cooja/mtype851.a(button-sensor.o)
 .data          0x0000000000031084        0x0 obj_cooja/mtype851.a(leds-arch.o)
 .data          0x0000000000031084        0x0 obj_cooja/mtype851.a(moteid.o)
 .data          0x0000000000031084        0x0 obj_cooja/mtype851.a(pir-sensor.o)
 .data          0x0000000000031084        0x0 obj_cooja/mtype851.a(rs232.o)
 .data          0x0000000000031084        0x0 obj_cooja/mtype851.a(vib-sensor.o)
 .data          0x0000000000031084        0x0 obj_cooja/mtype851.a(clock.o)
 .data          0x0000000000031084        0x0 obj_cooja/mtype851.a(log.o)
 .data          0x0000000000031084        0x0 obj_cooja/mtype851.a(cfs-cooja.o)
 .data          0x0000000000031084       0x40 obj_cooja/mtype851.a(cooja-radio.o)
                0x0000000000031084                simRadioChannelLR
                0x0000000000031088                simRadioHWOnLR
                0x000000000003108c                simSignalStrengthLR
                0x0000000000031090                simLastSignalStrengthLR
                0x0000000000031094                simPowerLR
                0x0000000000031098                simLQILR
                0x000000000003109c                simRadioChannel
                0x00000000000310a0                simRadioHWOn
                0x00000000000310a4                simSignalStrength
                0x00000000000310a8                simLastSignalStrength
                0x00000000000310ac                simPower
                0x00000000000310b0                simLQI
                0x00000000000310b4                cooja_radio_process
 .data          0x00000000000310c4        0x0 obj_cooja/mtype851.a(eeprom.o)
 .data          0x00000000000310c4        0x0 obj_cooja/mtype851.a(random.o)
 .data          0x00000000000310c4       0x10 obj_cooja/mtype851.a(sensors.o)
                0x00000000000310c4                sensors_process
 .data          0x00000000000310d4       0x24 obj_cooja/mtype851.a(dual_conf.o)
                0x00000000000310d4                radio_received
                0x00000000000310d8                dual_dio_broadcast
                0x00000000000310e8                dual_dis_broadcast
 .data          0x00000000000310f8        0x0 obj_cooja/mtype851.a(autostart.o)
 .data          0x00000000000310f8       0x14 obj_cooja/mtype851.a(ctimer.o)
                0x00000000000310fc                ctimer_process
 .data          0x000000000003110c       0x10 obj_cooja/mtype851.a(etimer.o)
                0x000000000003110c                etimer_process
 .data          0x000000000003111c        0x0 obj_cooja/mtype851.a(log_message.o)
 .data          0x000000000003111c        0x0 obj_cooja/mtype851.a(process.o)
 .data          0x000000000003111c        0x0 obj_cooja/mtype851.a(residual.o)
 .data          0x000000000003111c        0x0 obj_cooja/mtype851.a(rtimer.o)
 .data          0x000000000003111c        0x0 obj_cooja/mtype851.a(stimer.o)
 .data          0x000000000003111c        0x0 obj_cooja/mtype851.a(timer.o)
 .data          0x000000000003111c       0x10 obj_cooja/mtype851.a(serial-line.o)
                0x000000000003111c                serial_line_process
 .data          0x000000000003112c        0x0 obj_cooja/mtype851.a(list.o)
 .data          0x000000000003112c        0x0 obj_cooja/mtype851.a(ringbuf.o)
 .data          0x000000000003112c        0x0 obj_cooja/mtype851.a(sicslowpan.o)
 .data          0x000000000003112c       0x14 obj_cooja/mtype851.a(uip-ds6-nbr.o)
                0x000000000003113c                ds6_neighbors
 .data          0x0000000000031140       0x44 obj_cooja/mtype851.a(uip-ds6-route.o)
                0x0000000000031150                nbr_routes
 .data          0x0000000000031184        0x0 obj_cooja/mtype851.a(uip-ds6.o)
 .data          0x0000000000031184        0x0 obj_cooja/mtype851.a(uip6.o)
 .data          0x0000000000031184       0x10 obj_cooja/mtype851.a(tcpip.o)
                0x0000000000031184                tcpip_process
 .data          0x0000000000031194        0x0 obj_cooja/mtype851.a(uip-debug.o)
 .data          0x0000000000031194        0xc obj_cooja/mtype851.a(uip-packetqueue)
 .data          0x00000000000311a0        0x0 obj_cooja/mtype851.a(uip-udp-packet.)
 .data          0x00000000000311a0       0x28 obj_cooja/mtype851.a(rpl-dag.o)
                0x00000000000311b0                rpl_parents
                0x00000000000311c4                rpl_children
 .data          0x00000000000311c8        0x0 obj_cooja/mtype851.a(rpl-ext-header.)
 .data          0x00000000000311c8       0x34 obj_cooja/mtype851.a(rpl-icmp6.o)
 .data          0x00000000000311fc       0x1c obj_cooja/mtype851.a(rpl-ltmax.o)
                0x00000000000311fc                rpl_ltmax_of
 .data          0x0000000000031218        0x0 obj_cooja/mtype851.a(rpl-timers.o)
 .data          0x0000000000031218        0x0 obj_cooja/mtype851.a(rpl.o)
 .data          0x0000000000031218        0x0 obj_cooja/mtype851.a(framer-802154.o)
 .data          0x0000000000031218        0x0 obj_cooja/mtype851.a(nullmac.o)
 .data          0x0000000000031218       0x20 obj_cooja/mtype851.a(cxmac.o)
                0x0000000000031218                cxmac_config
 .data          0x0000000000031238        0x0 obj_cooja/mtype851.a(linkaddr.o)
 .data          0x0000000000031238       0x10 obj_cooja/mtype851.a(nbr-table.o)
 .data          0x0000000000031248        0x0 obj_cooja/mtype851.a(netstack.o)
 .data          0x0000000000031248        0x4 obj_cooja/mtype851.a(packetbuf.o)
 .data          0x000000000003124c       0x18 obj_cooja/mtype851.a(queuebuf.o)
 .data          0x0000000000031264        0x0 obj_cooja/mtype851.a(nullsec.o)
 .data          0x0000000000031264        0x0 obj_cooja/mtype851.a(watchdog.o)
 .data          0x0000000000031264        0x0 obj_cooja/mtype851.a(rimestats.o)
 .data          0x0000000000031264        0x0 obj_cooja/mtype851.a(leds.o)
 .data          0x0000000000031264        0x0 obj_cooja/mtype851.a(memb.o)
 .data          0x0000000000031264       0x20 obj_cooja/mtype851.a(uip-icmp6.o)
 .data          0x0000000000031284        0x0 obj_cooja/mtype851.a(uip-nd6.o)
 .data          0x0000000000031284        0x0 obj_cooja/mtype851.a(rpl-nbr-policy.)
 .data          0x0000000000031284        0x2 obj_cooja/mtype851.a(frame802154.o)
 .data          0x0000000000031286        0x0 obj_cooja/mtype851.a(mac.o)
 .data          0x0000000000031286        0x0 /usr/lib/gcc/i686-linux-gnu/4.8/crtendS.o
 .data          0x0000000000031286        0x0 /usr/lib/gcc/i686-linux-gnu/4.8/../../../i386-linux-gnu/crtn.o

.tm_clone_table
                0x0000000000031288        0x0
 .tm_clone_table
                0x0000000000031288        0x0 /usr/lib/gcc/i686-linux-gnu/4.8/crtbeginS.o
 .tm_clone_table
                0x0000000000031288        0x0 /usr/lib/gcc/i686-linux-gnu/4.8/crtendS.o

.data1
 *(.data1)
                0x0000000000031288                _edata = .
                0x0000000000031288                PROVIDE (edata, .)
                0x0000000000031288                . = .
                0x0000000000031288                __bss_start = .

.bss            0x00000000000312a0     0x8948
 *(.dynbss)
 .dynbss        0x0000000000000000        0x0 /usr/lib/gcc/i686-linux-gnu/4.8/../../../i386-linux-gnu/crti.o
 *(.bss .bss.* .gnu.linkonce.b.*)
 .bss           0x00000000000312a0        0x0 /usr/lib/gcc/i686-linux-gnu/4.8/../../../i386-linux-gnu/crti.o
 .bss           0x00000000000312a0        0x1 /usr/lib/gcc/i686-linux-gnu/4.8/crtbeginS.o
 *fill*         0x00000000000312a1       0x1f 
 .bss           0x00000000000312c0       0x60 udp-client.co
                0x00000000000312c0                my_weight
 .bss           0x0000000000031320     0x2030 obj_cooja/mtype851.o
 .bss           0x0000000000033350        0x1 obj_cooja/mtype851.a(simEnvChange.o)
                0x0000000000033350                simDontFallAsleep
 *fill*         0x0000000000033351        0x3 
 .bss           0x0000000000033354        0x4 obj_cooja/mtype851.a(cooja_mt.o)
 .bss           0x0000000000033358        0x4 obj_cooja/mtype851.a(cooja_mtarch.o)
 .bss           0x000000000003335c        0xc obj_cooja/mtype851.a(rtimer-arch.o)
 .bss           0x0000000000033368        0x0 obj_cooja/mtype851.a(beep.o)
 .bss           0x0000000000033368        0x8 obj_cooja/mtype851.a(button-sensor.o)
 .bss           0x0000000000033370        0x0 obj_cooja/mtype851.a(leds-arch.o)
 .bss           0x0000000000033370        0x0 obj_cooja/mtype851.a(moteid.o)
 .bss           0x0000000000033370        0x1 obj_cooja/mtype851.a(pir-sensor.o)
                0x0000000000033370                simPirValue
 *fill*         0x0000000000033371        0x3 
 .bss           0x0000000000033374        0x4 obj_cooja/mtype851.a(rs232.o)
 .bss           0x0000000000033378        0x1 obj_cooja/mtype851.a(vib-sensor.o)
                0x0000000000033378                simVibValue
 .bss           0x0000000000033379        0x0 obj_cooja/mtype851.a(clock.o)
 *fill*         0x0000000000033379        0x7 
 .bss           0x0000000000033380      0x420 obj_cooja/mtype851.a(log.o)
 .bss           0x00000000000337a0      0xfc0 obj_cooja/mtype851.a(cfs-cooja.o)
                0x00000000000337a0                simCFSData
                0x0000000000034740                simCFSSize
                0x0000000000034744                simCFSChanged
                0x0000000000034748                simCFSRead
                0x000000000003474c                simCFSWritten
 .bss           0x0000000000034760       0x24 obj_cooja/mtype851.a(cooja-radio.o)
                0x0000000000034760                simReceivingLR
                0x0000000000034764                simInSizeLR
                0x0000000000034768                simOutSizeLR
                0x000000000003476c                simReceiving
                0x0000000000034770                simInSize
                0x0000000000034774                simOutSize
                0x0000000000034778                LongRangeTransmit
                0x000000000003477c                LongRangeReceiving
 .bss           0x0000000000034784        0xc obj_cooja/mtype851.a(eeprom.o)
                0x0000000000034784                simEEPROMChanged
                0x0000000000034788                simEEPROMRead
                0x000000000003478c                simEEPROMWritten
 .bss           0x0000000000034790        0x0 obj_cooja/mtype851.a(random.o)
 .bss           0x0000000000034790        0xc obj_cooja/mtype851.a(sensors.o)
 .bss           0x000000000003479c       0x28 obj_cooja/mtype851.a(dual_conf.o)
                0x000000000003479c                long_range_radio
 .bss           0x00000000000347c4        0x0 obj_cooja/mtype851.a(autostart.o)
 .bss           0x00000000000347c4        0x5 obj_cooja/mtype851.a(ctimer.o)
 *fill*         0x00000000000347c9        0x3 
 .bss           0x00000000000347cc        0x8 obj_cooja/mtype851.a(etimer.o)
 .bss           0x00000000000347d4        0x0 obj_cooja/mtype851.a(log_message.o)
 *fill*         0x00000000000347d4        0xc 
 .bss           0x00000000000347e0      0x1b1 obj_cooja/mtype851.a(process.o)
                0x00000000000347e0                process_list
                0x00000000000347e4                process_current
 .bss           0x0000000000034991        0x0 obj_cooja/mtype851.a(residual.o)
 *fill*         0x0000000000034991        0x3 
 .bss           0x0000000000034994        0x4 obj_cooja/mtype851.a(rtimer.o)
 .bss           0x0000000000034998        0x0 obj_cooja/mtype851.a(stimer.o)
 .bss           0x0000000000034998        0x0 obj_cooja/mtype851.a(timer.o)
 *fill*         0x0000000000034998        0x8 
 .bss           0x00000000000349a0      0x140 obj_cooja/mtype851.a(serial-line.o)
 .bss           0x0000000000034ae0        0x0 obj_cooja/mtype851.a(list.o)
 .bss           0x0000000000034ae0        0x0 obj_cooja/mtype851.a(ringbuf.o)
 .bss           0x0000000000034ae0      0x70c obj_cooja/mtype851.a(sicslowpan.o)
 *fill*         0x00000000000351ec       0x14 
 .bss           0x0000000000035200      0x2d0 obj_cooja/mtype851.a(uip-ds6-nbr.o)
 *fill*         0x00000000000354d0       0x10 
 .bss           0x00000000000354e0      0x568 obj_cooja/mtype851.a(uip-ds6-route.o)
 .bss           0x0000000000035a48       0x30 obj_cooja/mtype851.a(uip-ds6.o)
 .bss           0x0000000000035a78        0xe obj_cooja/mtype851.a(uip6.o)
                0x0000000000035a78                uip_ext_bitmap
                0x0000000000035a79                uip_ext_len
                0x0000000000035a7a                uip_ext_opt_offset
 *fill*         0x0000000000035a86       0x1a 
 .bss           0x0000000000035aa0       0x6b obj_cooja/mtype851.a(tcpip.o)
 .bss           0x0000000000035b0b        0x0 obj_cooja/mtype851.a(uip-debug.o)
 *fill*         0x0000000000035b0b       0x15 
 .bss           0x0000000000035b20      0xcf8 obj_cooja/mtype851.a(uip-packetqueue)
 .bss           0x0000000000036818        0x0 obj_cooja/mtype851.a(uip-udp-packet.)
 *fill*         0x0000000000036818        0x8 
 .bss           0x0000000000036820      0x1fe obj_cooja/mtype851.a(rpl-dag.o)
 .bss           0x0000000000036a1e        0x0 obj_cooja/mtype851.a(rpl-ext-header.)
 .bss           0x0000000000036a1e        0x0 obj_cooja/mtype851.a(rpl-icmp6.o)
 .bss           0x0000000000036a1e        0x0 obj_cooja/mtype851.a(rpl-ltmax.o)
 *fill*         0x0000000000036a1e        0x2 
 .bss           0x0000000000036a20       0x23 obj_cooja/mtype851.a(rpl-timers.o)
 *fill*         0x0000000000036a43        0x1 
 .bss           0x0000000000036a44        0x4 obj_cooja/mtype851.a(rpl.o)
 .bss           0x0000000000036a48        0x2 obj_cooja/mtype851.a(framer-802154.o)
 .bss           0x0000000000036a4a        0x0 obj_cooja/mtype851.a(nullmac.o)
 *fill*         0x0000000000036a4a       0x16 
 .bss           0x0000000000036a60       0xa0 obj_cooja/mtype851.a(cxmac.o)
 .bss           0x0000000000036b00        0x0 obj_cooja/mtype851.a(linkaddr.o)
 .bss           0x0000000000036b00      0x20c obj_cooja/mtype851.a(nbr-table.o)
 .bss           0x0000000000036d0c        0x0 obj_cooja/mtype851.a(netstack.o)
 *fill*         0x0000000000036d0c       0x14 
 .bss           0x0000000000036d20       0xa0 obj_cooja/mtype851.a(packetbuf.o)
 .bss           0x0000000000036dc0      0xb80 obj_cooja/mtype851.a(queuebuf.o)
 .bss           0x0000000000037940        0x0 obj_cooja/mtype851.a(nullsec.o)
 .bss           0x0000000000037940        0x0 obj_cooja/mtype851.a(watchdog.o)
 .bss           0x0000000000037940        0x0 obj_cooja/mtype851.a(rimestats.o)
 .bss           0x0000000000037940        0x1 obj_cooja/mtype851.a(leds.o)
 .bss           0x0000000000037941        0x0 obj_cooja/mtype851.a(memb.o)
 *fill*         0x0000000000037941        0x3 
 .bss           0x0000000000037944       0x18 obj_cooja/mtype851.a(uip-icmp6.o)
 .bss           0x000000000003795c        0x0 obj_cooja/mtype851.a(uip-nd6.o)
 *fill*         0x000000000003795c        0x4 
 .bss           0x0000000000037960       0x44 obj_cooja/mtype851.a(rpl-nbr-policy.)
 .bss           0x00000000000379a4        0x0 obj_cooja/mtype851.a(frame802154.o)
 .bss           0x00000000000379a4        0x0 obj_cooja/mtype851.a(mac.o)
 .bss           0x00000000000379a4        0x0 /usr/lib/gcc/i686-linux-gnu/4.8/crtendS.o
 .bss           0x00000000000379a4        0x0 /usr/lib/gcc/i686-linux-gnu/4.8/../../../i386-linux-gnu/crtn.o
 *(COMMON)
 COMMON         0x00000000000379a4       0x48 udp-client.co
                0x00000000000379a4                dio_count
                0x00000000000379a8                dis_count
                0x00000000000379ac                collision_count
                0x00000000000379b0                transmission_count
                0x00000000000379b4                COOJA_radioRxLong
                0x00000000000379b8                control_message_count
                0x00000000000379bc                dao_count
                0x00000000000379c0                COOJA_radioTx
                0x00000000000379c4                data_relay_count
                0x00000000000379c8                data_message_count
                0x00000000000379cc                my_sink_reachability
                0x00000000000379d0                COOJA_radioTxLong
                0x00000000000379d4                COOJA_radioRx
                0x00000000000379d8                my_parent_number
                0x00000000000379dc                COOJA_radioOn
                0x00000000000379e0                COOJA_duration
                0x00000000000379e4                dio_ack_count
                0x00000000000379e8                COOJA_radioOnLong
 COMMON         0x00000000000379ec        0xc obj_cooja/mtype851.o
                0x00000000000379ec                referenceVar
                0x00000000000379f0                debugfp
                0x00000000000379f4                sensors_flags
 COMMON         0x00000000000379f8        0xc obj_cooja/mtype851.a(simEnvChange.o)
                0x00000000000379f8                simEtimerPending
                0x00000000000379fc                simProcessRunValue
                0x0000000000037a00                simNextExpirationTime
 COMMON         0x0000000000037a04        0x1 obj_cooja/mtype851.a(beep.o)
                0x0000000000037a04                simBeeped
 COMMON         0x0000000000037a05        0x3 obj_cooja/mtype851.a(button-sensor.o)
                0x0000000000037a05                simButtonIsActive
                0x0000000000037a06                simButtonIsDown
                0x0000000000037a07                simButtonChanged
 COMMON         0x0000000000037a08        0x1 obj_cooja/mtype851.a(leds-arch.o)
                0x0000000000037a08                simLedsValue
 *fill*         0x0000000000037a09        0x3 
 COMMON         0x0000000000037a0c        0xc obj_cooja/mtype851.a(moteid.o)
                0x0000000000037a0c                simRandomSeed
                0x0000000000037a10                simMoteIDChanged
                0x0000000000037a14                simMoteID
 COMMON         0x0000000000037a18        0x2 obj_cooja/mtype851.a(pir-sensor.o)
                0x0000000000037a18                simPirIsActive
                0x0000000000037a19                simPirChanged
 *fill*         0x0000000000037a1a        0x6 
 COMMON         0x0000000000037a20      0x820 obj_cooja/mtype851.a(rs232.o)
                0x0000000000037a20                simSerialReceivingFlag
                0x0000000000037a24                simSerialReceivingLength
                0x0000000000037a40                simSerialReceivingData
 COMMON         0x0000000000038240        0x2 obj_cooja/mtype851.a(vib-sensor.o)
                0x0000000000038240                simVibChanged
                0x0000000000038241                simVibIsActive
 *fill*         0x0000000000038242        0x2 
 COMMON         0x0000000000038244        0x4 obj_cooja/mtype851.a(clock.o)
                0x0000000000038244                simCurrentTime
 *fill*         0x0000000000038248       0x18 
 COMMON         0x0000000000038260      0x420 obj_cooja/mtype851.a(log.o)
                0x0000000000038260                simLoggedLength
                0x0000000000038264                simLoggedFlag
                0x0000000000038280                simLoggedData
 COMMON         0x0000000000038680      0x240 obj_cooja/mtype851.a(cooja-radio.o)
                0x0000000000038680                simOutDataBuffer
                0x0000000000038700                simRadioTarget
                0x0000000000038720                simInDataBufferLR
                0x00000000000387a0                simOutDataBufferLR
                0x0000000000038820                dual_duty_cycle_count
                0x0000000000038840                simInDataBuffer
 COMMON         0x00000000000388c0      0x400 obj_cooja/mtype851.a(eeprom.o)
                0x00000000000388c0                simEEPROMData
 COMMON         0x0000000000038cc0        0x1 obj_cooja/mtype851.a(sensors.o)
                0x0000000000038cc0                sensors_event
 *fill*         0x0000000000038cc1        0x3 
 COMMON         0x0000000000038cc4        0x4 obj_cooja/mtype851.a(log_message.o)
                0x0000000000038cc4                log_fp
 COMMON         0x0000000000038cc8        0x1 obj_cooja/mtype851.a(serial-line.o)
                0x0000000000038cc8                serial_line_event_message
 *fill*         0x0000000000038cc9       0x17 
 COMMON         0x0000000000038ce0      0x12c obj_cooja/mtype851.a(uip-ds6-nbr.o)
                0x0000000000038ce0                ds6_lr_addrmap
 *fill*         0x0000000000038e0c       0x14 
 COMMON         0x0000000000038e20      0x298 obj_cooja/mtype851.a(uip-ds6.o)
                0x0000000000038e20                uip_ds6_prefix_list
                0x0000000000038e80                uip_ds6_timer_periodic
                0x0000000000038e90                uip_ds6_netif_addr_list_offset
                0x0000000000038ea0                uip_ds6_if
                0x0000000000038f98                uip_ds6_timer_ra
                0x0000000000038fa0                uip_ds6_addr_size
                0x0000000000038fc0                long_uip_ds6_if
 *fill*         0x00000000000390b8        0x8 
 COMMON         0x00000000000390c0      0x8ec obj_cooja/mtype851.a(uip6.o)
                0x00000000000390c0                uip_slen
                0x00000000000390c2                uip_acc32
                0x00000000000390e0                uip_conns
                0x00000000000391a0                uip_lladdr
                0x00000000000391a8                uip_appdata
                0x00000000000391ac                uip_flags
                0x00000000000391c0                uip_aligned_buf
                0x0000000000039800                uip_listenports
                0x0000000000039810                uip_len
                0x0000000000039812                uip_long_lladdr
                0x000000000003981c                uip_sappdata
                0x0000000000039820                uip_udp_conns
                0x00000000000399a0                uip_udp_conn
                0x00000000000399a4                uip_next_hdr
                0x00000000000399a8                uip_conn
 COMMON         0x00000000000399ac        0x1 obj_cooja/mtype851.a(tcpip.o)
                0x00000000000399ac                tcpip_event
 *fill*         0x00000000000399ad       0x13 
 COMMON         0x00000000000399c0      0x198 obj_cooja/mtype851.a(rpl-dag.o)
                0x00000000000399c0                default_instance
                0x00000000000399e0                instance_table
 COMMON         0x0000000000039b58       0x10 obj_cooja/mtype851.a(linkaddr.o)
                0x0000000000039b58                linkaddr_node_addr
                0x0000000000039b60                long_linkaddr_node_addr
 COMMON         0x0000000000039b68       0x2e obj_cooja/mtype851.a(packetbuf.o)
                0x0000000000039b68                packetbuf_attrs
                0x0000000000039b86                packetbuf_addrs
 *fill*         0x0000000000039b96        0xa 
 COMMON         0x0000000000039ba0       0x48 obj_cooja/mtype851.a(rimestats.o)
                0x0000000000039ba0                rimestats
                0x0000000000039be8                . = ALIGN ((. != 0x0)?0x4:0x1)
                0x0000000000039be8                . = ALIGN (0x4)
                0x0000000000039be8                . = SEGMENT_START ("ldata-segment", .)
                0x0000000000039be8                . = ALIGN (0x4)
                0x0000000000039be8                _end = .
                0x0000000000039be8                PROVIDE (end, .)
                0x0000000000039be8                . = DATA_SEGMENT_END (.)

.stab
 *(.stab)

.stabstr
 *(.stabstr)

.stab.excl
 *(.stab.excl)

.stab.exclstr
 *(.stab.exclstr)

.stab.index
 *(.stab.index)

.stab.indexstr
 *(.stab.indexstr)

.comment        0x0000000000000000       0x54
 *(.comment)
 .comment       0x0000000000000000       0x29 /usr/lib/gcc/i686-linux-gnu/4.8/crtbeginS.o
                                         0x2a (size before relaxing)
 .comment       0x0000000000000000       0x2a udp-client.co
 .comment       0x0000000000000000       0x2a obj_cooja/mtype851.o
 .comment       0x0000000000000000       0x2a obj_cooja/mtype851.a(simEnvChange.o)
 .comment       0x0000000000000000       0x2a obj_cooja/mtype851.a(cooja_mt.o)
 .comment       0x0000000000000000       0x2a obj_cooja/mtype851.a(cooja_mtarch.o)
 .comment       0x0000000000000000       0x2a obj_cooja/mtype851.a(rtimer-arch.o)
 .comment       0x0000000000000000       0x2a obj_cooja/mtype851.a(beep.o)
 .comment       0x0000000000000000       0x2a obj_cooja/mtype851.a(button-sensor.o)
 .comment       0x0000000000000000       0x2a obj_cooja/mtype851.a(leds-arch.o)
 .comment       0x0000000000000000       0x2a obj_cooja/mtype851.a(moteid.o)
 .comment       0x0000000000000000       0x2a obj_cooja/mtype851.a(pir-sensor.o)
 .comment       0x0000000000000000       0x2a obj_cooja/mtype851.a(rs232.o)
 .comment       0x0000000000000000       0x2a obj_cooja/mtype851.a(vib-sensor.o)
 .comment       0x0000000000000000       0x2a obj_cooja/mtype851.a(clock.o)
 .comment       0x0000000000000000       0x2a obj_cooja/mtype851.a(log.o)
 .comment       0x0000000000000000       0x2a obj_cooja/mtype851.a(cfs-cooja.o)
 .comment       0x0000000000000000       0x2a obj_cooja/mtype851.a(cooja-radio.o)
 .comment       0x0000000000000000       0x2a obj_cooja/mtype851.a(eeprom.o)
 .comment       0x0000000000000000       0x2a obj_cooja/mtype851.a(random.o)
 .comment       0x0000000000000000       0x2a obj_cooja/mtype851.a(sensors.o)
 .comment       0x0000000000000000       0x2a obj_cooja/mtype851.a(dual_conf.o)
 .comment       0x0000000000000000       0x2a obj_cooja/mtype851.a(autostart.o)
 .comment       0x0000000000000000       0x2a obj_cooja/mtype851.a(ctimer.o)
 .comment       0x0000000000000000       0x2a obj_cooja/mtype851.a(etimer.o)
 .comment       0x0000000000000000       0x2a obj_cooja/mtype851.a(log_message.o)
 .comment       0x0000000000000000       0x2a obj_cooja/mtype851.a(process.o)
 .comment       0x0000000000000000       0x2a obj_cooja/mtype851.a(residual.o)
 .comment       0x0000000000000000       0x2a obj_cooja/mtype851.a(rtimer.o)
 .comment       0x0000000000000000       0x2a obj_cooja/mtype851.a(stimer.o)
 .comment       0x0000000000000000       0x2a obj_cooja/mtype851.a(timer.o)
 .comment       0x0000000000000000       0x2a obj_cooja/mtype851.a(serial-line.o)
 .comment       0x0000000000000029       0x2b obj_cooja/mtype851.a(list.o)
                                         0x2c (size before relaxing)
 .comment       0x0000000000000000       0x2a obj_cooja/mtype851.a(ringbuf.o)
 .comment       0x0000000000000000       0x2a obj_cooja/mtype851.a(sicslowpan.o)
 .comment       0x0000000000000000       0x2a obj_cooja/mtype851.a(uip-ds6-nbr.o)
 .comment       0x0000000000000000       0x2a obj_cooja/mtype851.a(uip-ds6-route.o)
 .comment       0x0000000000000000       0x2a obj_cooja/mtype851.a(uip-ds6.o)
 .comment       0x0000000000000000       0x2a obj_cooja/mtype851.a(uip6.o)
 .comment       0x0000000000000000       0x2a obj_cooja/mtype851.a(tcpip.o)
 .comment       0x0000000000000000       0x2a obj_cooja/mtype851.a(uip-debug.o)
 .comment       0x0000000000000000       0x2a obj_cooja/mtype851.a(uip-packetqueue)
 .comment       0x0000000000000000       0x2a obj_cooja/mtype851.a(uip-udp-packet.)
 .comment       0x0000000000000000       0x2a obj_cooja/mtype851.a(rpl-dag.o)
 .comment       0x0000000000000000       0x2a obj_cooja/mtype851.a(rpl-ext-header.)
 .comment       0x0000000000000000       0x2a obj_cooja/mtype851.a(rpl-icmp6.o)
 .comment       0x0000000000000000       0x2a obj_cooja/mtype851.a(rpl-ltmax.o)
 .comment       0x0000000000000000       0x2a obj_cooja/mtype851.a(rpl-timers.o)
 .comment       0x0000000000000000       0x2a obj_cooja/mtype851.a(rpl.o)
 .comment       0x0000000000000000       0x2a obj_cooja/mtype851.a(framer-802154.o)
 .comment       0x0000000000000000       0x2a obj_cooja/mtype851.a(nullmac.o)
 .comment       0x0000000000000000       0x2a obj_cooja/mtype851.a(cxmac.o)
 .comment       0x0000000000000000       0x2a obj_cooja/mtype851.a(linkaddr.o)
 .comment       0x0000000000000000       0x2a obj_cooja/mtype851.a(nbr-table.o)
 .comment       0x0000000000000000       0x2a obj_cooja/mtype851.a(netstack.o)
 .comment       0x0000000000000000       0x2a obj_cooja/mtype851.a(packetbuf.o)
 .comment       0x0000000000000000       0x2a obj_cooja/mtype851.a(queuebuf.o)
 .comment       0x0000000000000000       0x2a obj_cooja/mtype851.a(nullsec.o)
 .comment       0x0000000000000000       0x2a obj_cooja/mtype851.a(watchdog.o)
 .comment       0x0000000000000000       0x2c obj_cooja/mtype851.a(rimestats.o)
 .comment       0x0000000000000000       0x2a obj_cooja/mtype851.a(leds.o)
 .comment       0x0000000000000000       0x2a obj_cooja/mtype851.a(memb.o)
 .comment       0x0000000000000000       0x2a obj_cooja/mtype851.a(uip-icmp6.o)
 .comment       0x0000000000000000       0x2a obj_cooja/mtype851.a(uip-nd6.o)
 .comment       0x0000000000000000       0x2a obj_cooja/mtype851.a(rpl-nbr-policy.)
 .comment       0x0000000000000000       0x2a obj_cooja/mtype851.a(frame802154.o)
 .comment       0x0000000000000000       0x2a obj_cooja/mtype851.a(mac.o)
 .comment       0x0000000000000000       0x2a /usr/lib/gcc/i686-linux-gnu/4.8/crtendS.o

.debug
 *(.debug)

.line
 *(.line)

.debug_srcinfo
 *(.debug_srcinfo)

.debug_sfnames
 *(.debug_sfnames)

.debug_aranges  0x0000000000000000      0x838
 *(.debug_aranges)
 .debug_aranges
                0x0000000000000000       0x20 udp-client.co
 .debug_aranges
                0x0000000000000020       0x20 obj_cooja/mtype851.o
 .debug_aranges
                0x0000000000000040       0x20 obj_cooja/mtype851.a(simEnvChange.o)
 .debug_aranges
                0x0000000000000060       0x20 obj_cooja/mtype851.a(cooja_mt.o)
 .debug_aranges
                0x0000000000000080       0x20 obj_cooja/mtype851.a(cooja_mtarch.o)
 .debug_aranges
                0x00000000000000a0       0x20 obj_cooja/mtype851.a(rtimer-arch.o)
 .debug_aranges
                0x00000000000000c0       0x20 obj_cooja/mtype851.a(beep.o)
 .debug_aranges
                0x00000000000000e0       0x20 obj_cooja/mtype851.a(button-sensor.o)
 .debug_aranges
                0x0000000000000100       0x20 obj_cooja/mtype851.a(leds-arch.o)
 .debug_aranges
                0x0000000000000120       0x20 obj_cooja/mtype851.a(moteid.o)
 .debug_aranges
                0x0000000000000140       0x20 obj_cooja/mtype851.a(pir-sensor.o)
 .debug_aranges
                0x0000000000000160       0x20 obj_cooja/mtype851.a(rs232.o)
 .debug_aranges
                0x0000000000000180       0x20 obj_cooja/mtype851.a(vib-sensor.o)
 .debug_aranges
                0x00000000000001a0       0x20 obj_cooja/mtype851.a(clock.o)
 .debug_aranges
                0x00000000000001c0       0x20 obj_cooja/mtype851.a(log.o)
 .debug_aranges
                0x00000000000001e0       0x20 obj_cooja/mtype851.a(cfs-cooja.o)
 .debug_aranges
                0x0000000000000200       0x20 obj_cooja/mtype851.a(cooja-radio.o)
 .debug_aranges
                0x0000000000000220       0x20 obj_cooja/mtype851.a(eeprom.o)
 .debug_aranges
                0x0000000000000240       0x20 obj_cooja/mtype851.a(random.o)
 .debug_aranges
                0x0000000000000260       0x20 obj_cooja/mtype851.a(sensors.o)
 .debug_aranges
                0x0000000000000280       0x20 obj_cooja/mtype851.a(dual_conf.o)
 .debug_aranges
                0x00000000000002a0       0x20 obj_cooja/mtype851.a(autostart.o)
 .debug_aranges
                0x00000000000002c0       0x20 obj_cooja/mtype851.a(ctimer.o)
 .debug_aranges
                0x00000000000002e0       0x20 obj_cooja/mtype851.a(etimer.o)
 .debug_aranges
                0x0000000000000300       0x20 obj_cooja/mtype851.a(log_message.o)
 .debug_aranges
                0x0000000000000320       0x20 obj_cooja/mtype851.a(process.o)
 .debug_aranges
                0x0000000000000340       0x20 obj_cooja/mtype851.a(residual.o)
 .debug_aranges
                0x0000000000000360       0x20 obj_cooja/mtype851.a(rtimer.o)
 .debug_aranges
                0x0000000000000380       0x20 obj_cooja/mtype851.a(stimer.o)
 .debug_aranges
                0x00000000000003a0       0x20 obj_cooja/mtype851.a(timer.o)
 .debug_aranges
                0x00000000000003c0       0x20 obj_cooja/mtype851.a(serial-line.o)
 .debug_aranges
                0x00000000000003e0       0x20 obj_cooja/mtype851.a(list.o)
 .debug_aranges
                0x0000000000000400       0x20 obj_cooja/mtype851.a(ringbuf.o)
 .debug_aranges
                0x0000000000000420       0x20 obj_cooja/mtype851.a(sicslowpan.o)
 .debug_aranges
                0x0000000000000440       0x20 obj_cooja/mtype851.a(uip-ds6-nbr.o)
 .debug_aranges
                0x0000000000000460       0x20 obj_cooja/mtype851.a(uip-ds6-route.o)
 .debug_aranges
                0x0000000000000480       0x20 obj_cooja/mtype851.a(uip-ds6.o)
 .debug_aranges
                0x00000000000004a0       0x20 obj_cooja/mtype851.a(uip6.o)
 .debug_aranges
                0x00000000000004c0       0x20 obj_cooja/mtype851.a(tcpip.o)
 .debug_aranges
                0x00000000000004e0       0x20 obj_cooja/mtype851.a(uip-debug.o)
 .debug_aranges
                0x0000000000000500       0x20 obj_cooja/mtype851.a(uip-packetqueue)
 .debug_aranges
                0x0000000000000520       0x20 obj_cooja/mtype851.a(uip-udp-packet.)
 .debug_aranges
                0x0000000000000540       0x20 obj_cooja/mtype851.a(rpl-dag.o)
 .debug_aranges
                0x0000000000000560       0x20 obj_cooja/mtype851.a(rpl-ext-header.)
 .debug_aranges
                0x0000000000000580       0x20 obj_cooja/mtype851.a(rpl-icmp6.o)
 .debug_aranges
                0x00000000000005a0       0x20 obj_cooja/mtype851.a(rpl-ltmax.o)
 .debug_aranges
                0x00000000000005c0       0x20 obj_cooja/mtype851.a(rpl-timers.o)
 .debug_aranges
                0x00000000000005e0       0x20 obj_cooja/mtype851.a(rpl.o)
 .debug_aranges
                0x0000000000000600       0x20 obj_cooja/mtype851.a(framer-802154.o)
 .debug_aranges
                0x0000000000000620       0x20 obj_cooja/mtype851.a(nullmac.o)
 .debug_aranges
                0x0000000000000640       0x20 obj_cooja/mtype851.a(cxmac.o)
 .debug_aranges
                0x0000000000000660       0x20 obj_cooja/mtype851.a(linkaddr.o)
 .debug_aranges
                0x0000000000000680       0x20 obj_cooja/mtype851.a(nbr-table.o)
 .debug_aranges
                0x00000000000006a0       0x20 obj_cooja/mtype851.a(netstack.o)
 .debug_aranges
                0x00000000000006c0       0x20 obj_cooja/mtype851.a(packetbuf.o)
 .debug_aranges
                0x00000000000006e0       0x20 obj_cooja/mtype851.a(queuebuf.o)
 .debug_aranges
                0x0000000000000700       0x20 obj_cooja/mtype851.a(nullsec.o)
 .debug_aranges
                0x0000000000000720       0x20 obj_cooja/mtype851.a(watchdog.o)
 .debug_aranges
                0x0000000000000740       0x18 obj_cooja/mtype851.a(rimestats.o)
 .debug_aranges
                0x0000000000000758       0x20 obj_cooja/mtype851.a(leds.o)
 .debug_aranges
                0x0000000000000778       0x20 obj_cooja/mtype851.a(memb.o)
 .debug_aranges
                0x0000000000000798       0x20 obj_cooja/mtype851.a(uip-icmp6.o)
 .debug_aranges
                0x00000000000007b8       0x20 obj_cooja/mtype851.a(uip-nd6.o)
 .debug_aranges
                0x00000000000007d8       0x20 obj_cooja/mtype851.a(rpl-nbr-policy.)
 .debug_aranges
                0x00000000000007f8       0x20 obj_cooja/mtype851.a(frame802154.o)
 .debug_aranges
                0x0000000000000818       0x20 obj_cooja/mtype851.a(mac.o)

.debug_pubnames
 *(.debug_pubnames)

.debug_info     0x0000000000000000    0x1cb29
 *(.debug_info .gnu.linkonce.wi.*)
 .debug_info    0x0000000000000000      0xa22 udp-client.co
 .debug_info    0x0000000000000a22     0x3ac4 obj_cooja/mtype851.o
 .debug_info    0x00000000000044e6      0x15a obj_cooja/mtype851.a(simEnvChange.o)
 .debug_info    0x0000000000004640      0x1e2 obj_cooja/mtype851.a(cooja_mt.o)
 .debug_info    0x0000000000004822      0x2e7 obj_cooja/mtype851.a(cooja_mtarch.o)
 .debug_info    0x0000000000004b09      0x16b obj_cooja/mtype851.a(rtimer-arch.o)
 .debug_info    0x0000000000004c74      0x1f3 obj_cooja/mtype851.a(beep.o)
 .debug_info    0x0000000000004e67      0x257 obj_cooja/mtype851.a(button-sensor.o)
 .debug_info    0x00000000000050be      0x132 obj_cooja/mtype851.a(leds-arch.o)
 .debug_info    0x00000000000051f0      0x10a obj_cooja/mtype851.a(moteid.o)
 .debug_info    0x00000000000052fa      0x216 obj_cooja/mtype851.a(pir-sensor.o)
 .debug_info    0x0000000000005510      0x21e obj_cooja/mtype851.a(rs232.o)
 .debug_info    0x000000000000572e      0x216 obj_cooja/mtype851.a(vib-sensor.o)