Archive member included to satisfy reference by file (symbol)

obj_cooja/mtype502.a(simEnvChange.o)
                              obj_cooja/mtype502.o (simDontFallAsleep)
obj_cooja/mtype502.a(cooja_mt.o)
                              obj_cooja/mtype502.o (cooja_mt_start)
obj_cooja/mtype502.a(cooja_mtarch.o)
                              obj_cooja/mtype502.a(cooja_mt.o) (cooja_mtarch_init)
obj_cooja/mtype502.a(rtimer-arch.o)
                              obj_cooja/mtype502.o (rtimer_arch_next)
obj_cooja/mtype502.a(beep.o)  obj_cooja/mtype502.o (beep_interface)
obj_cooja/mtype502.a(button-sensor.o)
                              obj_cooja/mtype502.o (button_interface)
obj_cooja/mtype502.a(leds-arch.o)
                              obj_cooja/mtype502.o (leds_interface)
obj_cooja/mtype502.a(moteid.o)
                              obj_cooja/mtype502.o (moteid_interface)
obj_cooja/mtype502.a(pir-sensor.o)
                              obj_cooja/mtype502.o (pir_interface)
obj_cooja/mtype502.a(rs232.o)
                              obj_cooja/mtype502.o (rs232_interface)
obj_cooja/mtype502.a(vib-sensor.o)
                              obj_cooja/mtype502.o (vib_interface)
obj_cooja/mtype502.a(clock.o)
                              obj_cooja/mtype502.o (clock_interface)
obj_cooja/mtype502.a(log.o)   obj_cooja/mtype502.o (simlog_interface)
obj_cooja/mtype502.a(cfs-cooja.o)
                              obj_cooja/mtype502.o (cfs_interface)
obj_cooja/mtype502.a(cooja-radio.o)
                              obj_cooja/mtype502.o (radio_interface)
obj_cooja/mtype502.a(eeprom.o)
                              obj_cooja/mtype502.o (eeprom_interface)
obj_cooja/mtype502.a(random.o)
                              obj_cooja/mtype502.a(moteid.o) (random_init)
obj_cooja/mtype502.a(sensors.o)
                              obj_cooja/mtype502.o (sensors_process)
obj_cooja/mtype502.a(autostart.o)
                              obj_cooja/mtype502.o (autostart_start)
obj_cooja/mtype502.a(ctimer.o)
                              obj_cooja/mtype502.o (ctimer_init)
obj_cooja/mtype502.a(etimer.o)
                              obj_cooja/mtype502.o (etimer_process)
obj_cooja/mtype502.a(log_message.o)
                              obj_cooja/mtype502.o (log_initialization)
obj_cooja/mtype502.a(process.o)
                              udp-client.co (process_current)
obj_cooja/mtype502.a(residual.o)
                              udp-client.co (get_residual_energy)
obj_cooja/mtype502.a(rtimer.o)
                              obj_cooja/mtype502.a(rtimer-arch.o) (rtimer_run_next)
obj_cooja/mtype502.a(stimer.o)
                              udp-client.co (stimer_remaining)
obj_cooja/mtype502.a(timer.o)
                              obj_cooja/mtype502.a(button-sensor.o) (timer_set)
obj_cooja/mtype502.a(serial-line.o)
                              udp-client.co (serial_line_event_message)
obj_cooja/mtype502.a(list.o)  obj_cooja/mtype502.a(ctimer.o) (list_init)
obj_cooja/mtype502.a(ringbuf.o)
                              obj_cooja/mtype502.a(serial-line.o) (ringbuf_init)
obj_cooja/mtype502.a(sicslowpan.o)
                              obj_cooja/mtype502.o (sicslowpan_driver)
obj_cooja/mtype502.a(uip-ds6-nbr.o)
                              obj_cooja/mtype502.a(sicslowpan.o) (uip_ds6_link_neighbor_callback)
obj_cooja/mtype502.a(uip-ds6-route.o)
                              udp-client.co (uip_ds6_route_nexthop)
obj_cooja/mtype502.a(uip-ds6.o)
                              udp-client.co (uip_ds6_if)
obj_cooja/mtype502.a(uip6.o)  udp-client.co (uip_lladdr)
obj_cooja/mtype502.a(tcpip.o)
                              udp-client.co (tcpip_event)
obj_cooja/mtype502.a(uip-debug.o)
                              udp-client.co (uip_debug_ipaddr_print)
obj_cooja/mtype502.a(uip-packetqueue)
                              obj_cooja/mtype502.a(uip-ds6-nbr.o) (uip_packetqueue_new)
obj_cooja/mtype502.a(uip-udp-packet.)
                              udp-client.co (uip_udp_packet_sendto)
obj_cooja/mtype502.a(rpl-dag.o)
                              obj_cooja/mtype502.a(tcpip.o) (rpl_repair_root)
obj_cooja/mtype502.a(rpl-ext-header.)
                              obj_cooja/mtype502.a(uip6.o) (rpl_verify_header)
obj_cooja/mtype502.a(rpl-icmp6.o)
                              obj_cooja/mtype502.a(rpl-dag.o) (rpl_icmp6_update_nbr_table)
obj_cooja/mtype502.a(rpl-ltmax.o)
                              obj_cooja/mtype502.a(rpl-dag.o) (rpl_ltmax_of)
obj_cooja/mtype502.a(rpl-timers.o)
                              obj_cooja/mtype502.a(rpl-dag.o) (rpl_reset_dio_timer)
obj_cooja/mtype502.a(rpl.o)   obj_cooja/mtype502.a(rpl-icmp6.o) (rpl_get_mode)
obj_cooja/mtype502.a(framer-802154.o)
                              obj_cooja/mtype502.a(sicslowpan.o) (framer_802154)
obj_cooja/mtype502.a(nullmac.o)
                              obj_cooja/mtype502.o (nullmac_driver)
obj_cooja/mtype502.a(cxmac.o)
                              obj_cooja/mtype502.o (cxmac_driver)
obj_cooja/mtype502.a(linkaddr.o)
[...]
Memory Configuration

Name             Origin             Length             Attributes
*default*        0x0000000000000000 0xffffffffffffffff

Linker script and memory map

LOAD /usr/lib/gcc/i686-linux-gnu/4.8/../../../i386-linux-gnu/crti.o
LOAD /usr/lib/gcc/i686-linux-gnu/4.8/crtbeginS.o
LOAD udp-client.co
LOAD obj_cooja/mtype502.o
LOAD obj_cooja/mtype502.a
LOAD /usr/lib/gcc/i686-linux-gnu/4.8/libgcc.a
LOAD /usr/lib/gcc/i686-linux-gnu/4.8/libgcc_s.so
LOAD /usr/lib/gcc/i686-linux-gnu/4.8/../../../i386-linux-gnu/libc.so
START GROUP
LOAD /lib/i386-linux-gnu/libc.so.6
LOAD /usr/lib/i386-linux-gnu/libc_nonshared.a
LOAD /lib/i386-linux-gnu/ld-linux.so.2
END GROUP
LOAD /usr/lib/gcc/i686-linux-gnu/4.8/libgcc.a
LOAD /usr/lib/gcc/i686-linux-gnu/4.8/libgcc_s.so
LOAD /usr/lib/gcc/i686-linux-gnu/4.8/crtendS.o
LOAD /usr/lib/gcc/i686-linux-gnu/4.8/../../../i386-linux-gnu/crtn.o
                0x0000000000000114                . = (0x0 + SIZEOF_HEADERS)

.note.gnu.build-id
                0x0000000000000114       0x24
 *(.note.gnu.build-id)
 .note.gnu.build-id
                0x0000000000000114       0x24 /usr/lib/gcc/i686-linux-gnu/4.8/../../../i386-linux-gnu/crti.o

.hash
 *(.hash)

.gnu.hash       0x0000000000000138     0x12f4
 *(.gnu.hash)
 .gnu.hash      0x0000000000000138     0x12f4 /usr/lib/gcc/i686-linux-gnu/4.8/../../../i386-linux-gnu/crti.o

.dynsym         0x000000000000142c     0x2430
 *(.dynsym)
 .dynsym        0x000000000000142c     0x2430 /usr/lib/gcc/i686-linux-gnu/4.8/../../../i386-linux-gnu/crti.o

.dynstr         0x000000000000385c     0x24fc
 *(.dynstr)
 .dynstr        0x000000000000385c     0x24fc /usr/lib/gcc/i686-linux-gnu/4.8/../../../i386-linux-gnu/crti.o

.gnu.version    0x0000000000005d58      0x486
 *(.gnu.version)
 .gnu.version   0x0000000000005d58      0x486 /usr/lib/gcc/i686-linux-gnu/4.8/../../../i386-linux-gnu/crti.o

.gnu.version_d  0x00000000000061e0        0x0
 *(.gnu.version_d)
 .gnu.version_d
                0x0000000000000000        0x0 /usr/lib/gcc/i686-linux-gnu/4.8/../../../i386-linux-gnu/crti.o

.gnu.version_r  0x00000000000061e0       0x50
 *(.gnu.version_r)
 .gnu.version_r
                0x00000000000061e0       0x50 /usr/lib/gcc/i686-linux-gnu/4.8/../../../i386-linux-gnu/crti.o

.rel.dyn        0x0000000000006230     0x8850
 *(.rel.init)
 .rel.init      0x0000000000000000        0x0 /usr/lib/gcc/i686-linux-gnu/4.8/../../../i386-linux-gnu/crti.o
 *(.rel.text .rel.text.* .rel.gnu.linkonce.t.*)
 .rel.text      0x0000000000006230     0x80d0 /usr/lib/gcc/i686-linux-gnu/4.8/../../../i386-linux-gnu/crti.o
 *(.rel.fini)
 .rel.fini      0x0000000000000000        0x0 /usr/lib/gcc/i686-linux-gnu/4.8/../../../i386-linux-gnu/crti.o
 *(.rel.rodata .rel.rodata.* .rel.gnu.linkonce.r.*)
 .rel.rodata    0x000000000000e300      0x4e0 /usr/lib/gcc/i686-linux-gnu/4.8/../../../i386-linux-gnu/crti.o
 *(.rel.data.rel.ro .rel.data.rel.ro.* .rel.gnu.linkonce.d.rel.ro.*)
 *(.rel.data .rel.data.* .rel.gnu.linkonce.d.*)
 .rel.data.rel  0x000000000000e7e0        0x8 /usr/lib/gcc/i686-linux-gnu/4.8/../../../i386-linux-gnu/crti.o
 .rel.data      0x000000000000e7e8      0x260 /usr/lib/gcc/i686-linux-gnu/4.8/../../../i386-linux-gnu/crti.o
 *(.rel.tdata .rel.tdata.* .rel.gnu.linkonce.td.*)
 *(.rel.tbss .rel.tbss.* .rel.gnu.linkonce.tb.*)
 *(.rel.ctors)
 *(.rel.dtors)
 *(.rel.got)
 .rel.got       0x000000000000ea48       0x28 /usr/lib/gcc/i686-linux-gnu/4.8/../../../i386-linux-gnu/crti.o
 *(.rel.bss .rel.bss.* .rel.gnu.linkonce.b.*)
 *(.rel.ifunc)
 .rel.ifunc     0x0000000000000000        0x0 /usr/lib/gcc/i686-linux-gnu/4.8/../../../i386-linux-gnu/crti.o
 .rel.fini_array
                0x000000000000ea70        0x8 /usr/lib/gcc/i686-linux-gnu/4.8/../../../i386-linux-gnu/crti.o
 .rel.init_array
                0x000000000000ea78        0x8 /usr/lib/gcc/i686-linux-gnu/4.8/../../../i386-linux-gnu/crti.o

.rel.plt        0x000000000000ea80       0x10
 *(.rel.plt)
 .rel.plt       0x000000000000ea80       0x10 /usr/lib/gcc/i686-linux-gnu/4.8/../../../i386-linux-gnu/crti.o
 *(.rel.iplt)

.init           0x000000000000ea90       0x23
 *(SORT(.init))
 .init          0x000000000000ea90       0x1e /usr/lib/gcc/i686-linux-gnu/4.8/../../../i386-linux-gnu/crti.o
                0x000000000000ea90                _init
 .init          0x000000000000eaae        0x5 /usr/lib/gcc/i686-linux-gnu/4.8/../../../i386-linux-gnu/crtn.o

.plt            0x000000000000eac0       0x30
 *(.plt)
 .plt           0x000000000000eac0       0x30 /usr/lib/gcc/i686-linux-gnu/4.8/../../../i386-linux-gnu/crti.o
 *(.iplt)

.text           0x000000000000eaf0    0x15101
 *(.text.unlikely .text.*_unlikely .text.unlikely.*)
 *(.text.exit .text.exit.*)
 *(.text.startup .text.startup.*)
 *(.text.hot .text.hot.*)
 *(.text .stub .text.* .gnu.linkonce.t.*)
 .text          0x000000000000eaf0        0x0 /usr/lib/gcc/i686-linux-gnu/4.8/../../../i386-linux-gnu/crti.o
 .gnu.linkonce.t.__x86.get_pc_thunk.bx
                0x000000000000eaf0        0x4 /usr/lib/gcc/i686-linux-gnu/4.8/../../../i386-linux-gnu/crti.o
                0x000000000000eaf0                __x86.get_pc_thunk.bx
 *fill*         0x000000000000eaf4        0xc 
 .text          0x000000000000eb00      0x11b /usr/lib/gcc/i686-linux-gnu/4.8/crtbeginS.o
 .text          0x000000000000ec1b      0x799 udp-client.co
 .text          0x000000000000f3b4      0x734 obj_cooja/mtype502.o
                0x000000000000f4ea                contiki_init
                0x000000000000f8ff                Java_org_contikios_cooja_corecomm_Lib6_init
                0x000000000000f93f                Java_org_contikios_cooja_corecomm_Lib6_getMemory
                0x000000000000f97f                Java_org_contikios_cooja_corecomm_Lib6_setMemory
                0x000000000000f9f6                Java_org_contikios_cooja_corecomm_Lib6_tick
                0x000000000000fad6                Java_org_contikios_cooja_corecomm_Lib6_setReferenceAddress
 .text          0x000000000000fae8       0x63 obj_cooja/mtype502.a(simEnvChange.o)
                0x000000000000fae8                doActionsBeforeTick
                0x000000000000fb19                doActionsAfterTick
 .text          0x000000000000fb4b       0xbc obj_cooja/mtype502.a(cooja_mt.o)
                0x000000000000fb4b                cooja_mt_init
                0x000000000000fb58                cooja_mt_remove
                0x000000000000fb65                cooja_mt_start
                0x000000000000fb92                cooja_mt_exec
                0x000000000000fbc3                cooja_mt_exit
                0x000000000000fbe5                cooja_mt_yield
 .text          0x000000000000fc07      0x115 obj_cooja/mtype502.a(cooja_mtarch.o)
                0x000000000000fc07                cooja_mtarch_init
                0x000000000000fc0c                cooja_mtarch_start
                0x000000000000fc87                cooja_sw
                0x000000000000fca9                cooja_mtarch_exec
                0x000000000000fcc5                cooja_mtarch_remove
                0x000000000000fcca                cooja_mtarch_yield
                0x000000000000fcd4                cooja_mtarch_pstop
                0x000000000000fcd9                cooja_mtarch_pstart
                0x000000000000fcde                cooja_mtarch_stack_usage
 .text          0x000000000000fd1c       0xc2 obj_cooja/mtype502.a(rtimer-arch.o)
                0x000000000000fd1c                rtimer_arch_init
                0x000000000000fd3f                rtimer_arch_schedule
                0x000000000000fd56                rtimer_arch_next
                0x000000000000fd60                rtimer_arch_pending
                0x000000000000fd6a                rtimer_arch_check
                0x000000000000fd9c                rtimer_arch_now
 .text          0x000000000000fdde       0x76 obj_cooja/mtype502.a(beep.o)
                0x000000000000fdde                beep_alarm
                0x000000000000fdea                beep_beep
                0x000000000000fdf6                beep
                0x000000000000fe02                beep_down
                0x000000000000fe0e                beep_on
                0x000000000000fe1a                beep_off
                0x000000000000fe26                beep_spinup
                0x000000000000fe32                beep_quick
                0x000000000000fe3e                beep_long
 .text          0x000000000000fe54      0x103 obj_cooja/mtype502.a(button-sensor.o)
 .text          0x000000000000ff57       0x45 obj_cooja/mtype502.a(leds-arch.o)
                0x000000000000ff57                leds_arch_init
                0x000000000000ff63                leds_arch_get
                0x000000000000ff6f                leds_arch_set
 .text          0x000000000000ff9c       0x2f obj_cooja/mtype502.a(moteid.o)
 .text          0x000000000000ffcb       0xb1 obj_cooja/mtype502.a(pir-sensor.o)
 .text          0x000000000001007c      0x131 obj_cooja/mtype502.a(rs232.o)
                0x000000000001007c                rs232_init
                0x0000000000010081                rs232_set_speed
                0x000000000001008f                rs232_set_input
                0x000000000001009c                rs232_send
                0x00000000000100be                rs232_print
                0x00000000000100d9                slip_arch_writeb
 .text          0x00000000000101ad       0xb1 obj_cooja/mtype502.a(vib-sensor.o)
 .text          0x000000000001025e       0x34 obj_cooja/mtype502.a(clock.o)
                0x000000000001025e                clock_init
                0x0000000000010263                clock_time
                0x000000000001026d                clock_seconds
                0x0000000000010283                clock_delay
 .text          0x0000000000010292      0x1ed obj_cooja/mtype502.a(log.o)
                0x0000000000010292                simlog_char
                0x00000000000102d4                simlog
                0x0000000000010341                log_message
                0x0000000000010369                log_set_putchar_with_slip
                0x0000000000010376                log_putchar
                0x00000000000103fa                log_puts
                0x000000000001041e                log_printf
 .text          0x000000000001047f      0x2c4 obj_cooja/mtype502.a(cfs-cooja.o)
                0x000000000001047f                cfs_open
                0x00000000000104e8                cfs_close
                0x00000000000104f4                cfs_read
                0x0000000000010592                cfs_write
                0x000000000001066f                cfs_seek
                0x00000000000106f7                cfs_remove
                0x0000000000010720                cfs_opendir
                0x000000000001072a                cfs_readdir
                0x0000000000010734                cfs_closedir
 .text          0x0000000000010743      0x3e8 obj_cooja/mtype502.a(cooja-radio.o)
                0x000000000001076d                radio_set_channel
                0x000000000001077a                radio_set_txpower
                0x0000000000010791                radio_signal_strength_last
                0x000000000001079b                radio_signal_strength_current
                0x00000000000107a5                radio_LQI
 .text          0x0000000000010b2b       0xef obj_cooja/mtype502.a(eeprom.o)
                0x0000000000010b2b                eeprom_init
                0x0000000000010b30                eeprom_read
                0x0000000000010ba0                eeprom_write
 .text          0x0000000000010c1a       0x28 obj_cooja/mtype502.a(random.o)
                0x0000000000010c1a                random_init
                0x0000000000010c35                random_rand
 .text          0x0000000000010c42      0x2a1 obj_cooja/mtype502.a(sensors.o)
                0x0000000000010c7d                sensors_first
                0x0000000000010c87                sensors_next
                0x0000000000010ca4                sensors_changed
                0x0000000000010cd3                sensors_find
 .text          0x0000000000010ee3       0x8e obj_cooja/mtype502.a(autostart.o)
                0x0000000000010ee3                autostart_start
                0x0000000000010f2e                autostart_exit
 .text          0x0000000000010f71      0x334 obj_cooja/mtype502.a(ctimer.o)
                0x0000000000011088                ctimer_init
                0x00000000000110b8                ctimer_set
                0x00000000000110e9                ctimer_set_with_process
                0x0000000000011165                ctimer_reset
                0x00000000000111b4                ctimer_restart
                0x0000000000011203                ctimer_stop
                0x000000000001124e                ctimer_expired
 .text          0x00000000000112a5      0x40b obj_cooja/mtype502.a(etimer.o)
                0x00000000000114b8                etimer_request_poll
                0x000000000001153c                etimer_set
                0x0000000000011561                etimer_reset_with_new_interval
                0x0000000000011588                etimer_reset
                0x00000000000115a6                etimer_restart
                0x00000000000115c4                etimer_adjust
                0x00000000000115e0                etimer_expired
                0x00000000000115f3                etimer_expiration_time
                0x0000000000011605                etimer_start_time
                0x000000000001160f                etimer_pending
                0x0000000000011621                etimer_next_expiration_time
                0x000000000001163b                etimer_stop
 .text          0x00000000000116b0       0xdd obj_cooja/mtype502.a(log_message.o)
                0x00000000000116b0                log_initialization
                0x000000000001176c                log_finisher
 .text          0x000000000001178d      0x560 obj_cooja/mtype502.a(process.o)
                0x000000000001178d                process_alloc_event
                0x00000000000117a2                process_start
                0x000000000001198b                process_exit
                0x00000000000119a7                process_init
                0x0000000000011b78                process_run
                0x0000000000011bab                process_nevents
                0x0000000000011bc6                process_post
                0x0000000000011c72                process_post_synch
                0x0000000000011caa                process_poll
                0x0000000000011cd9                process_is_running
 .text          0x0000000000011ced       0x8b obj_cooja/mtype502.a(residual.o)
                0x0000000000011ced                get_residual_energy
 .text          0x0000000000011d78       0xba obj_cooja/mtype502.a(rtimer.o)
                0x0000000000011d78                rtimer_init
                0x0000000000011d85                rtimer_set
                0x0000000000011ddc                rtimer_run_next
 .text          0x0000000000011e32       0xa3 obj_cooja/mtype502.a(stimer.o)
                0x0000000000011e32                stimer_set
                0x0000000000011e4d                stimer_reset
                0x0000000000011e64                stimer_restart
                0x0000000000011e76                stimer_expired
                0x0000000000011e9d                stimer_remaining
                0x0000000000011ec1                stimer_elapsed
 .text          0x0000000000011ed5       0x91 obj_cooja/mtype502.a(timer.o)
                0x0000000000011ed5                timer_set
                0x0000000000011ef0                timer_reset
                0x0000000000011f07                timer_restart
                0x0000000000011f19                timer_expired
                0x0000000000011f42                timer_remaining
 .text          0x0000000000011f66      0x1fb obj_cooja/mtype502.a(serial-line.o)
                0x0000000000011f66                serial_line_input_byte
                0x0000000000012129                serial_line_init
 .text          0x0000000000012161      0x244 obj_cooja/mtype502.a(list.o)
                0x0000000000012161                list_init
                0x000000000001216f                list_head
                0x0000000000012179                list_copy
                0x0000000000012188                list_tail
                0x00000000000121be                list_add
                0x0000000000012207                list_push
                0x0000000000012233                list_chop
                0x000000000001229d                list_pop
                0x00000000000122c5                list_remove
                0x000000000001232c                list_length
                0x000000000001235a                list_insert
                0x000000000001238e                list_item_next
 .text          0x00000000000123a5      0x155 obj_cooja/mtype502.a(ringbuf.o)
                0x00000000000123a5                ringbuf_init
                0x00000000000123d6                ringbuf_put
                0x0000000000012454                ringbuf_get
                0x00000000000124c1                ringbuf_size
                0x00000000000124d3                ringbuf_elements
 .text          0x00000000000124fa     0x258b obj_cooja/mtype502.a(sicslowpan.o)
                0x0000000000012a84                rime_sniffer_add
                0x0000000000012a91                rime_sniffer_remove
                0x0000000000014a24                sicslowpan_init
                0x0000000000014a7b                sicslowpan_get_last_rssi
 .text          0x0000000000014a85      0x298 obj_cooja/mtype502.a(uip-ds6-nbr.o)
                0x0000000000014aa2                uip_ds6_neighbors_init
                0x0000000000014abf                uip_ds6_nbr_add
                0x0000000000014b47                uip_ds6_nbr_rm
                0x0000000000014b89                uip_ds6_nbr_get_ipaddr
                0x0000000000014b9e                uip_ds6_nbr_get_ll
                0x0000000000014bba                uip_ds6_nbr_num
                0x0000000000014bff                uip_ds6_nbr_lookup
                0x0000000000014c64                uip_ds6_nbr_ll_lookup
                0x0000000000014c80                uip_ds6_nbr_ipaddr_from_lladdr
                0x0000000000014ca6                uip_ds6_nbr_lladdr_from_ipaddr
                0x0000000000014cd4                uip_ds6_link_neighbor_callback
 .text          0x0000000000014d1d      0x916 obj_cooja/mtype502.a(uip-ds6-route.o)
                0x0000000000014d94                uip_ds6_notification_add
                0x0000000000014dc5                uip_ds6_notification_rm
                0x0000000000014de1                uip_ds6_route_init
                0x0000000000014e69                uip_ds6_route_nexthop
                0x0000000000014e91                uip_ds6_route_head
                0x0000000000014ea6                uip_ds6_route_next
                0x0000000000014ecc                uip_ds6_route_is_nexthop
                0x0000000000014f0b                uip_ds6_route_num_routes
                0x0000000000014f15                uip_ds6_route_lookup
                0x0000000000014fd7                uip_ds6_route_add
                0x000000000001520b                uip_ds6_route_rm
                0x000000000001539f                uip_ds6_route_rm_by_nexthop
                0x00000000000153d7                uip_ds6_defrt_add
                0x0000000000015488                uip_ds6_defrt_rm
                0x0000000000015507                uip_ds6_defrt_lookup
                0x0000000000015560                uip_ds6_defrt_choose
                0x00000000000155cb                uip_ds6_defrt_periodic
 .text          0x0000000000015633      0xb97 obj_cooja/mtype502.a(uip-ds6.o)
                0x0000000000015633                uip_ds6_init
                0x0000000000015806                uip_ds6_periodic
                0x000000000001587f                uip_ds6_list_loop
                0x0000000000015926                uip_ds6_prefix_add
                0x00000000000159e4                uip_ds6_prefix_rm
                0x00000000000159f6                uip_ds6_prefix_lookup
                0x0000000000015a47                uip_ds6_is_addr_onlink
                0x0000000000015abb                uip_ds6_addr_add
                0x0000000000015be9                uip_ds6_addr_rm
                0x0000000000015c89                uip_ds6_addr_lookup
                0x0000000000015cd4                uip_ds6_get_link_local
                0x0000000000015d53                uip_ds6_get_global
                0x0000000000015dd2                uip_ds6_maddr_add
                0x0000000000015e44                uip_ds6_maddr_rm
                0x0000000000015e56                uip_ds6_maddr_lookup
                0x0000000000015ea1                uip_ds6_aaddr_add
                0x0000000000015f13                uip_ds6_aaddr_rm
                0x0000000000015f25                uip_ds6_aaddr_lookup
                0x0000000000015f70                uip_ds6_select_src
                0x00000000000160b5                uip_ds6_set_addr_iid
                0x00000000000160ec                get_match_length
                0x000000000001617e                uip_ds6_compute_reachable_time
 .text          0x00000000000161ca     0x29cb obj_cooja/mtype502.a(uip6.o)
                0x00000000000161ca                uip_add32
                0x0000000000016363                uip_chksum
                0x0000000000016451                uip_icmp6chksum
                0x0000000000016465                uip_tcpchksum
                0x0000000000016479                uip_udpchksum
                0x000000000001648d                uip_init
                0x000000000001655d                uip_connect
                0x000000000001670c                remove_ext_hdr
                0x00000000000167e1                uip_udp_new
                0x000000000001693d                uip_unlisten
                0x000000000001699d                uip_listen
                0x0000000000016c5f                uip_process
                0x0000000000018a89                uip_htons
                0x0000000000018aab                uip_htonl
                0x0000000000018aeb                uip_send
 .text          0x0000000000018b95      0xa2b obj_cooja/mtype502.a(tcpip.o)
                0x0000000000018b95                tcpip_output
                0x0000000000018bc3                tcpip_set_outputfunc
                0x0000000000018c57                tcp_connect
                0x0000000000018cac                tcp_unlisten
                0x0000000000018d07                tcp_listen
                0x0000000000018d60                tcp_attach
                0x0000000000018d85                udp_attach
                0x0000000000018daa                udp_new
                0x0000000000018dfc                udp_broadcast_new
                0x0000000000019070                tcpip_input
                0x00000000000190a4                tcpip_ipv6_output
                0x0000000000019406                tcpip_poll_udp
                0x0000000000019429                tcpip_poll_tcp
                0x000000000001944c                tcpip_uipcall
 .text          0x00000000000195c0      0x1c1 obj_cooja/mtype502.a(uip-debug.o)
                0x00000000000195c0                uip_debug_ipaddr_print
                0x0000000000019722                uip_debug_lladdr_print
 .text          0x0000000000019781      0x141 obj_cooja/mtype502.a(uip-packetqueue)
                0x00000000000197ad                uip_packetqueue_new
                0x00000000000197bb                uip_packetqueue_alloc
                0x000000000001981b                uip_packetqueue_free
                0x000000000001985c                uip_packetqueue_buf
                0x0000000000019879                uip_packetqueue_buflen
                0x000000000001989a                uip_packetqueue_set_buflen
 .text          0x00000000000198c2      0x131 obj_cooja/mtype502.a(uip-udp-packet.)
                0x00000000000198c2                uip_udp_packet_send
                0x0000000000019922                uip_udp_packet_sendto
 .text          0x00000000000199f3     0x25c7 obj_cooja/mtype502.a(rpl-dag.o)
                0x00000000000199f3                rpl_print_neighbor_list
                0x0000000000019a9c                rpl_print_child_neighbor_list
                0x0000000000019b11                rpl_get_nbr
                0x0000000000019b6b                rpl_get_nbr_child
                0x0000000000019bc5                rpl_dag_init
                0x0000000000019bf7                rpl_get_parent
                0x0000000000019c19                rpl_get_parent_rank
                0x0000000000019c4c                rpl_get_parent_link_metric
                0x0000000000019c7f                rpl_get_parent_ipaddr
                0x0000000000019ca9                rpl_get_child_ipaddr
                0x0000000000019fc4                rpl_set_root
                0x000000000001a1f2                rpl_repair_root
                0x000000000001a42e                rpl_set_prefix
                0x000000000001a52d                rpl_set_default_route
                0x000000000001a5b9                rpl_alloc_instance
                0x000000000001a64c                rpl_alloc_dag
                0x000000000001a6ff                rpl_set_default_instance
                0x000000000001a70c                rpl_get_default_instance
                0x000000000001a716                rpl_free_instance
                0x000000000001a7c7                rpl_free_dag
                0x000000000001a82d                rpl_add_parent
                0x000000000001a916                rpl_find_parent
                0x000000000001a946                rpl_add_child
                0x000000000001a9ea                rpl_find_child
                0x000000000001aa38                rpl_find_parent_any_dag
                0x000000000001aa74                rpl_select_dag
                0x000000000001ae97                rpl_select_parent
                0x000000000001aef9                rpl_remove_parent
                0x000000000001af2f                rpl_remove_child
                0x000000000001af4b                rpl_nullify_parent
                0x000000000001afe9                rpl_move_parent
                0x000000000001b086                rpl_has_downward_route
                0x000000000001b0d9                rpl_get_any_dag
                0x000000000001b13b                rpl_get_instance
                0x000000000001b19e                rpl_find_of
                0x000000000001b1db                rpl_join_instance
                0x000000000001b45d                rpl_add_dag
                0x000000000001b84c                rpl_local_repair
                0x000000000001b925                rpl_recalculate_ranks
                0x000000000001b9ab                rpl_process_parent_event
                0x000000000001ba5d                rpl_process_dio
 .text          0x000000000001bfba      0xbf3 obj_cooja/mtype502.a(rpl-ext-header.)
                0x000000000001bfd7                rpl_verify_header
                0x000000000001c451                rpl_update_header_empty
                0x000000000001c768                rpl_update_header_final
                0x000000000001c8f7                rpl_remove_header
                0x000000000001ca01                rpl_invert_header
                0x000000000001cb8b                rpl_insert_header
 .text          0x000000000001cbad     0x1f89 obj_cooja/mtype502.a(rpl-icmp6.o)
                0x000000000001ce76                rpl_icmp6_update_nbr_table
                0x000000000001cf66                dis_output
                0x000000000001d812                dio_output
                0x000000000001e72e                dao_output
                0x000000000001e7f6                dao_output_target
                0x000000000001eaea                dao_ack_output
                0x000000000001eafe                rpl_icmp6_register_handlers
 .text          0x000000000001eb36      0x334 obj_cooja/mtype502.a(rpl-ltmax.o)
 .text          0x000000000001ee6a      0x7c2 obj_cooja/mtype502.a(rpl-timers.o)
                0x000000000001f0bf                rpl_reset_periodic_timer
                0x000000000001f114                rpl_reset_dio_timer
                0x000000000001f34e                rpl_schedule_dao
                0x000000000001f369                rpl_schedule_dao_immediately
                0x000000000001f384                rpl_cancel_dao
                0x000000000001f3e6                rpl_schedule_unicast_dio_immediately
                0x000000000001f5d4                rpl_schedule_probing
 .text          0x000000000001f62c      0x5c5 obj_cooja/mtype502.a(rpl.o)
                0x000000000001f62c                rpl_get_mode
                0x000000000001f636                rpl_set_mode
                0x000000000001f6c4                rpl_purge_routes
                0x000000000001f7be                rpl_remove_routes
                0x000000000001f804                rpl_remove_routes_by_nexthop
                0x000000000001f870                rpl_add_route
                0x000000000001f8eb                rpl_link_neighbor_callback
                0x000000000001f9f0                rpl_ipv6_neighbor_callback
                0x000000000001fa5f                rpl_purge_dags
                0x000000000001fb6b                rpl_init
 .text          0x000000000001fbf1      0x3f5 obj_cooja/mtype502.a(framer-802154.o)
 .text          0x000000000001ffe6       0x5e obj_cooja/mtype502.a(nullmac.o)
 .text          0x0000000000020044      0xec2 obj_cooja/mtype502.a(cxmac.o)
                0x0000000000020e59                cxmac_set_announcement_radio_txpower
                0x0000000000020e5e                cxmac_init
 .text          0x0000000000020f06       0x67 obj_cooja/mtype502.a(linkaddr.o)
                0x0000000000020f06                linkaddr_copy
                0x0000000000020f28                linkaddr_cmp
                0x0000000000020f52                linkaddr_set_node_addr
 .text          0x0000000000020f6d      0x769 obj_cooja/mtype502.a(nbr-table.o)
                0x00000000000213cc                nbr_table_register
                0x0000000000021414                nbr_table_head
                0x0000000000021470                nbr_table_next
                0x00000000000214d7                nbr_table_add_lladdr
                0x00000000000215b3                nbr_table_get_from_lladdr
                0x0000000000021600                nbr_table_remove
                0x0000000000021652                nbr_table_lock
                0x000000000002167c                nbr_table_unlock
                0x00000000000216a6                nbr_table_get_lladdr
 .text          0x00000000000216d6       0x2b obj_cooja/mtype502.a(netstack.o)
                0x00000000000216d6                netstack_init
 .text          0x0000000000021701      0x3cd obj_cooja/mtype502.a(packetbuf.o)
                0x0000000000021701                packetbuf_clear
                0x000000000002172b                packetbuf_copyfrom
                0x000000000002177d                packetbuf_compact
                0x00000000000217fa                packetbuf_copyto
                0x0000000000021891                packetbuf_hdralloc
                0x000000000002190e                packetbuf_hdrreduce
                0x0000000000021956                packetbuf_set_datalen
                0x000000000002196f                packetbuf_dataptr
                0x000000000002198c                packetbuf_hdrptr
                0x0000000000021996                packetbuf_datalen
                0x00000000000219a2                packetbuf_hdrlen
                0x00000000000219b9                packetbuf_totlen
                0x00000000000219cf                packetbuf_attr_clear
                0x0000000000021a21                packetbuf_attr_copyto
                0x0000000000021a6a                packetbuf_attr_copyfrom
                0x0000000000021ab2                packetbuf_holds_broadcast
 .text          0x0000000000021ace      0x2b4 obj_cooja/mtype502.a(queuebuf.o)
                0x0000000000021ad8                queuebuf_init
                0x0000000000021af8                queuebuf_numfree
                0x0000000000021b0c                queuebuf_new_from_packetbuf
                0x0000000000021b9c                queuebuf_update_attr_from_packetbuf
                0x0000000000021bcf                queuebuf_update_from_packetbuf
                0x0000000000021c19                queuebuf_free
                0x0000000000021c60                queuebuf_to_packetbuf
                0x0000000000021cc6                queuebuf_dataptr
                0x0000000000021cfd                queuebuf_datalen
                0x0000000000021d20                queuebuf_addr
                0x0000000000021d52                queuebuf_attr
                0x0000000000021d7d                queuebuf_debug_print
 .text          0x0000000000021d82       0x6e obj_cooja/mtype502.a(nullsec.o)
 .text          0x0000000000021df0       0x19 obj_cooja/mtype502.a(watchdog.o)
                0x0000000000021df0                watchdog_init
                0x0000000000021df5                watchdog_start
                0x0000000000021dfa                watchdog_periodic
                0x0000000000021dff                watchdog_stop
                0x0000000000021e04                watchdog_reboot
 .text          0x0000000000021e09        0x0 obj_cooja/mtype502.a(rimestats.o)
 .text          0x0000000000021e09      0x134 obj_cooja/mtype502.a(leds.o)
                0x0000000000021e5a                leds_init
                0x0000000000021e6e                leds_blink
                0x0000000000021ea6                leds_get
                0x0000000000021eb3                leds_set
                0x0000000000021ecd                leds_on
                0x0000000000021ef0                leds_off
                0x0000000000021f1a                leds_toggle
 .text          0x0000000000021f3d      0x1c1 obj_cooja/mtype502.a(memb.o)
                0x0000000000021f3d                memb_init
                0x0000000000021f9b                memb_alloc
                0x0000000000022000                memb_free
                0x000000000002207b                memb_inmemb
                0x00000000000220ba                memb_numfree
 .text          0x00000000000220fe      0xab2 obj_cooja/mtype502.a(uip-icmp6.o)
                0x000000000002216c                uip_icmp6_input
                0x00000000000221c2                uip_icmp6_register_input_handler
                0x000000000002248a                uip_icmp6_error_output
                0x00000000000227cf                uip_icmp6_send
                0x0000000000022b43                uip_icmp6_echo_reply_callback_add
                0x0000000000022b74                uip_icmp6_echo_reply_callback_rm
                0x0000000000022b90                uip_icmp6_init
 .text          0x0000000000022bb0      0x358 obj_cooja/mtype502.a(uip-nd6.o)
                0x0000000000022c04                uip_nd6_ns_output
                0x0000000000022f03                uip_nd6_init
 .text          0x0000000000022f08      0x331 obj_cooja/mtype502.a(rpl-nbr-policy.)
                0x00000000000230e0                find_removable_dis
                0x0000000000023103                find_removable_dio
                0x0000000000023192                find_removable_dao
                0x00000000000231e2                rpl_nbr_policy_find_removable
 .text          0x0000000000023239      0x97c obj_cooja/mtype502.a(frame802154.o)
                0x000000000002326a                frame802154_get_pan_id
                0x0000000000023276                frame802154_set_pan_id
                0x000000000002328f                frame802154_has_panid
                0x000000000002337b                frame802154_check_dest_panid
                0x00000000000233e3                frame802154_is_broadcast_addr
                0x0000000000023430                frame802154_extract_linkaddr
                0x0000000000023670                frame802154_hdrlen
                0x00000000000236c1                frame802154_create
                0x00000000000238ac                frame802154_parse
 .text          0x0000000000023bb5       0x3c obj_cooja/mtype502.a(mac.o)
                0x0000000000023bb5                mac_call_sent_callback
 .text          0x0000000000023bf1        0x0 /usr/lib/gcc/i686-linux-gnu/4.8/crtendS.o
 .text          0x0000000000023bf1        0x0 /usr/lib/gcc/i686-linux-gnu/4.8/../../../i386-linux-gnu/crtn.o
 *(.gnu.warning)

.fini           0x0000000000023bf4       0x14
 *(SORT(.fini))
 .fini          0x0000000000023bf4        0xf /usr/lib/gcc/i686-linux-gnu/4.8/../../../i386-linux-gnu/crti.o
                0x0000000000023bf4                _fini
 .fini          0x0000000000023c03        0x5 /usr/lib/gcc/i686-linux-gnu/4.8/../../../i386-linux-gnu/crtn.o
                0x0000000000023c08                PROVIDE (__etext, .)
                0x0000000000023c08                PROVIDE (_etext, .)
                0x0000000000023c08                PROVIDE (etext, .)

.rodata         0x0000000000023c20      0xb40
 *(.rodata .rodata.* .gnu.linkonce.r.*)
 .rodata        0x0000000000023c20      0x2ca udp-client.co
                0x0000000000023c34                autostart_processes
 *fill*         0x0000000000023eea        0x2 
 .rodata        0x0000000000023eec      0x157 obj_cooja/mtype502.o
 *fill*         0x0000000000024043        0x1 
 .rodata        0x0000000000024044        0x8 obj_cooja/mtype502.a(beep.o)
                0x0000000000024044                beep_interface
 .rodata        0x000000000002404c       0x20 obj_cooja/mtype502.a(button-sensor.o)
                0x000000000002404c                button_interface
                0x000000000002405c                button_sensor
 .rodata        0x000000000002406c        0x8 obj_cooja/mtype502.a(leds-arch.o)
                0x000000000002406c                leds_interface
 .rodata        0x0000000000024074        0x8 obj_cooja/mtype502.a(moteid.o)
                0x0000000000024074                moteid_interface
 .rodata        0x000000000002407c       0x1c obj_cooja/mtype502.a(pir-sensor.o)
                0x000000000002407c                pir_interface
                0x0000000000024088                pir_sensor
 .rodata        0x0000000000024098        0xe obj_cooja/mtype502.a(rs232.o)
                0x0000000000024098                rs232_interface
 *fill*         0x00000000000240a6        0x2 
 .rodata        0x00000000000240a8       0x24 obj_cooja/mtype502.a(vib-sensor.o)
                0x00000000000240a8                vib_interface
                0x00000000000240bc                vib_sensor
 .rodata        0x00000000000240cc        0x8 obj_cooja/mtype502.a(clock.o)
                0x00000000000240cc                clock_interface
 .rodata        0x00000000000240d4        0x8 obj_cooja/mtype502.a(log.o)
                0x00000000000240d4                simlog_interface
 .rodata        0x00000000000240dc       0x2f obj_cooja/mtype502.a(cfs-cooja.o)
                0x00000000000240dc                cfs_interface
 *fill*         0x000000000002410b       0x15 
 .rodata        0x0000000000024120       0x60 obj_cooja/mtype502.a(cooja-radio.o)
                0x0000000000024140                cooja_radio_driver
                0x0000000000024178                radio_interface
 .rodata        0x0000000000024180        0x8 obj_cooja/mtype502.a(eeprom.o)
                0x0000000000024180                eeprom_interface
 .rodata        0x0000000000024188        0x8 obj_cooja/mtype502.a(sensors.o)
 .rodata        0x0000000000024190        0xf obj_cooja/mtype502.a(ctimer.o)
 .rodata        0x000000000002419f        0xc obj_cooja/mtype502.a(etimer.o)
 *fill*         0x00000000000241ab        0x1 
 .rodata        0x00000000000241ac       0x73 obj_cooja/mtype502.a(log_message.o)
 *fill*         0x000000000002421f        0x1 
 .rodata        0x0000000000024220       0x20 obj_cooja/mtype502.a(residual.o)
 .rodata        0x0000000000024240        0xe obj_cooja/mtype502.a(serial-line.o)
 *fill*         0x000000000002424e        0x2 
 .rodata        0x0000000000024250       0x2c obj_cooja/mtype502.a(sicslowpan.o)
                0x0000000000024250                unc_llconf
                0x0000000000024254                unc_ctxconf
                0x0000000000024258                unc_mxconf
                0x000000000002425c                llprefix
                0x0000000000024270                sicslowpan_driver
 .rodata        0x000000000002427c      0x13c obj_cooja/mtype502.a(uip6.o)
 .rodata        0x00000000000243b8       0x49 obj_cooja/mtype502.a(tcpip.o)
 .rodata        0x0000000000024401       0x3e obj_cooja/mtype502.a(uip-debug.o)
 *fill*         0x000000000002443f        0x1 
 .rodata        0x0000000000024440        0x4 obj_cooja/mtype502.a(rpl-dag.o)
 .rodata        0x0000000000024444        0xc obj_cooja/mtype502.a(framer-802154.o)
                0x0000000000024444                framer_802154
 .rodata        0x0000000000024450       0x24 obj_cooja/mtype502.a(nullmac.o)
                0x0000000000024458                nullmac_driver
 *fill*         0x0000000000024474        0xc 
 .rodata        0x0000000000024480      0x2c0 obj_cooja/mtype502.a(cxmac.o)
                0x0000000000024720                cxmac_driver
 .rodata        0x0000000000024740        0x8 obj_cooja/mtype502.a(linkaddr.o)
                0x0000000000024740                linkaddr_null
 .rodata        0x0000000000024748       0x18 obj_cooja/mtype502.a(nullsec.o)
                0x0000000000024750                nullsec_driver

.rodata1
 *(.rodata1)

.eh_frame_hdr   0x0000000000024760     0x12f4
 *(.eh_frame_hdr)
 .eh_frame_hdr  0x0000000000024760     0x12f4 udp-client.co

.eh_frame       0x0000000000025a54     0x4d20
 *(.eh_frame)
 .eh_frame      0x0000000000025a54       0x3c /usr/lib/gcc/i686-linux-gnu/4.8/../../../i386-linux-gnu/crti.o
                                         0x40 (size before relaxing)
 .eh_frame      0x0000000000025a90       0xb4 udp-client.co
                                         0xcc (size before relaxing)
 .eh_frame      0x0000000000025b44      0x148 obj_cooja/mtype502.o
                                        0x160 (size before relaxing)
 .eh_frame      0x0000000000025c8c       0x40 obj_cooja/mtype502.a(simEnvChange.o)
                                         0x58 (size before relaxing)
 .eh_frame      0x0000000000025ccc       0xc0 obj_cooja/mtype502.a(cooja_mt.o)
                                         0xd8 (size before relaxing)
 .eh_frame      0x0000000000025d8c      0x120 obj_cooja/mtype502.a(cooja_mtarch.o)
                                        0x138 (size before relaxing)
 .eh_frame      0x0000000000025eac       0xc0 obj_cooja/mtype502.a(rtimer-arch.o)
                                         0xd8 (size before relaxing)
 .eh_frame      0x0000000000025f6c      0x160 obj_cooja/mtype502.a(beep.o)
                                        0x178 (size before relaxing)
 .eh_frame      0x00000000000260cc       0xa0 obj_cooja/mtype502.a(button-sensor.o)
                                         0xb8 (size before relaxing)
 .eh_frame      0x000000000002616c       0xa0 obj_cooja/mtype502.a(leds-arch.o)
                                         0xb8 (size before relaxing)
 .eh_frame      0x000000000002620c       0x40 obj_cooja/mtype502.a(moteid.o)
                                         0x58 (size before relaxing)
 .eh_frame      0x000000000002624c       0xa0 obj_cooja/mtype502.a(pir-sensor.o)
                                         0xb8 (size before relaxing)
 .eh_frame      0x00000000000262ec      0x100 obj_cooja/mtype502.a(rs232.o)
                                        0x118 (size before relaxing)
 .eh_frame      0x00000000000263ec       0xa0 obj_cooja/mtype502.a(vib-sensor.o)
                                         0xb8 (size before relaxing)
 .eh_frame      0x000000000002648c       0xc0 obj_cooja/mtype502.a(clock.o)
                                         0xd8 (size before relaxing)
 .eh_frame      0x000000000002654c      0x120 obj_cooja/mtype502.a(log.o)
                                        0x138 (size before relaxing)
 .eh_frame      0x000000000002666c      0x160 obj_cooja/mtype502.a(cfs-cooja.o)
                                        0x178 (size before relaxing)
 .eh_frame      0x00000000000267cc      0x2e0 obj_cooja/mtype502.a(cooja-radio.o)
                                        0x2f8 (size before relaxing)
 .eh_frame      0x0000000000026aac       0xa0 obj_cooja/mtype502.a(eeprom.o)
                                         0xb8 (size before relaxing)
 .eh_frame      0x0000000000026b4c       0x40 obj_cooja/mtype502.a(random.o)
                                         0x58 (size before relaxing)
 .eh_frame      0x0000000000026b8c       0xc0 obj_cooja/mtype502.a(sensors.o)
                                         0xd8 (size before relaxing)
 .eh_frame      0x0000000000026c4c       0x40 obj_cooja/mtype502.a(autostart.o)
                                         0x58 (size before relaxing)
 .eh_frame      0x0000000000026c8c      0x100 obj_cooja/mtype502.a(ctimer.o)
                                        0x118 (size before relaxing)
 .eh_frame      0x0000000000026d8c      0x1e0 obj_cooja/mtype502.a(etimer.o)
                                        0x1f8 (size before relaxing)
 .eh_frame      0x0000000000026f6c       0x40 obj_cooja/mtype502.a(log_message.o)
                                         0x58 (size before relaxing)
 .eh_frame      0x0000000000026fac      0x1c8 obj_cooja/mtype502.a(process.o)
                                        0x1e0 (size before relaxing)
 .eh_frame      0x0000000000027174       0x2c obj_cooja/mtype502.a(residual.o)
                                         0x44 (size before relaxing)
 .eh_frame      0x00000000000271a0       0x60 obj_cooja/mtype502.a(rtimer.o)
                                         0x78 (size before relaxing)
 .eh_frame      0x0000000000027200       0xc4 obj_cooja/mtype502.a(stimer.o)
                                         0xdc (size before relaxing)
 .eh_frame      0x00000000000272c4       0xa4 obj_cooja/mtype502.a(timer.o)
                                         0xbc (size before relaxing)
 .eh_frame      0x0000000000027368       0x60 obj_cooja/mtype502.a(serial-line.o)
                                         0x78 (size before relaxing)
 .eh_frame      0x00000000000273c8      0x180 obj_cooja/mtype502.a(list.o)
                                        0x198 (size before relaxing)
 .eh_frame      0x0000000000027548       0xa0 obj_cooja/mtype502.a(ringbuf.o)
                                         0xb8 (size before relaxing)
 .eh_frame      0x00000000000275e8      0x350 obj_cooja/mtype502.a(sicslowpan.o)
                                        0x368 (size before relaxing)
 .eh_frame      0x0000000000027938      0x180 obj_cooja/mtype502.a(uip-ds6-nbr.o)
                                        0x198 (size before relaxing)
 .eh_frame      0x0000000000027ab8      0x2a0 obj_cooja/mtype502.a(uip-ds6-route.o)
                                        0x2b8 (size before relaxing)
 .eh_frame      0x0000000000027d58      0x2c8 obj_cooja/mtype502.a(uip-ds6.o)
                                        0x2e0 (size before relaxing)
 .eh_frame      0x0000000000028020      0x27c obj_cooja/mtype502.a(uip6.o)
                                        0x294 (size before relaxing)
 .eh_frame      0x000000000002829c      0x270 obj_cooja/mtype502.a(tcpip.o)
                                        0x288 (size before relaxing)
 .eh_frame      0x000000000002850c       0x48 obj_cooja/mtype502.a(uip-debug.o)
                                         0x60 (size before relaxing)
 .eh_frame      0x0000000000028554       0xe0 obj_cooja/mtype502.a(uip-packetqueue)
                                         0xf8 (size before relaxing)
 .eh_frame      0x0000000000028634       0x40 obj_cooja/mtype502.a(uip-udp-packet.)
                                         0x58 (size before relaxing)
 .eh_frame      0x0000000000028674      0x74c obj_cooja/mtype502.a(rpl-dag.o)
                                        0x764 (size before relaxing)
 .eh_frame      0x0000000000028dc0      0x10c obj_cooja/mtype502.a(rpl-ext-header.)
                                        0x124 (size before relaxing)
 .eh_frame      0x0000000000028ecc      0x2b8 obj_cooja/mtype502.a(rpl-icmp6.o)
                                        0x2d0 (size before relaxing)
 .eh_frame      0x0000000000029184       0xe0 obj_cooja/mtype502.a(rpl-ltmax.o)
                                         0xf8 (size before relaxing)
 .eh_frame      0x0000000000029264      0x20c obj_cooja/mtype502.a(rpl-timers.o)
                                        0x224 (size before relaxing)
 .eh_frame      0x0000000000029470      0x148 obj_cooja/mtype502.a(rpl.o)
                                        0x160 (size before relaxing)
 .eh_frame      0x00000000000295b8      0x108 obj_cooja/mtype502.a(framer-802154.o)
                                        0x120 (size before relaxing)
 .eh_frame      0x00000000000296c0       0xc0 obj_cooja/mtype502.a(nullmac.o)
                                         0xd8 (size before relaxing)
 .eh_frame      0x0000000000029780      0x280 obj_cooja/mtype502.a(cxmac.o)
                                        0x298 (size before relaxing)
 .eh_frame      0x0000000000029a00       0x60 obj_cooja/mtype502.a(linkaddr.o)
                                         0x78 (size before relaxing)
 .eh_frame      0x0000000000029a60      0x26c obj_cooja/mtype502.a(nbr-table.o)
                                        0x284 (size before relaxing)
 .eh_frame      0x0000000000029ccc       0x20 obj_cooja/mtype502.a(netstack.o)
                                         0x38 (size before relaxing)
 .eh_frame      0x0000000000029cec      0x214 obj_cooja/mtype502.a(packetbuf.o)
                                        0x22c (size before relaxing)
 .eh_frame      0x0000000000029f00      0x1a0 obj_cooja/mtype502.a(queuebuf.o)
                                        0x1b8 (size before relaxing)
 .eh_frame      0x000000000002a0a0       0x80 obj_cooja/mtype502.a(nullsec.o)
                                         0x98 (size before relaxing)
 .eh_frame      0x000000000002a120       0xa0 obj_cooja/mtype502.a(watchdog.o)
                                         0xb8 (size before relaxing)
 .eh_frame      0x000000000002a1c0      0x100 obj_cooja/mtype502.a(leds.o)
                                        0x118 (size before relaxing)
 .eh_frame      0x000000000002a2c0       0xa0 obj_cooja/mtype502.a(memb.o)
                                         0xb8 (size before relaxing)
 .eh_frame      0x000000000002a360      0x164 obj_cooja/mtype502.a(uip-icmp6.o)
                                        0x17c (size before relaxing)
 .eh_frame      0x000000000002a4c4       0x68 obj_cooja/mtype502.a(uip-nd6.o)
                                         0x80 (size before relaxing)
 .eh_frame      0x000000000002a52c       0xc0 obj_cooja/mtype502.a(rpl-nbr-policy.)
                                         0xd8 (size before relaxing)
 .eh_frame      0x000000000002a5ec      0x164 obj_cooja/mtype502.a(frame802154.o)
                                        0x17c (size before relaxing)
 .eh_frame      0x000000000002a750       0x20 obj_cooja/mtype502.a(mac.o)
                                         0x38 (size before relaxing)
 .eh_frame      0x000000000002a770        0x4 /usr/lib/gcc/i686-linux-gnu/4.8/crtendS.o

.gcc_except_table
 *(.gcc_except_table .gcc_except_table.*)

.exception_ranges
 *(.exception_ranges .exception_ranges*)
                0x000000000002a774                . = (ALIGN (0x1000) - ((0x1000 - .) & 0xfff))
                0x000000000002bef8                . = DATA_SEGMENT_ALIGN (0x1000, 0x1000)

.eh_frame
 *(.eh_frame)

.gcc_except_table
 *(.gcc_except_table .gcc_except_table.*)

.exception_ranges
 *(.exception_ranges .exception_ranges*)

.tdata
 *(.tdata .tdata.* .gnu.linkonce.td.*)

.tbss
 *(.tbss .tbss.* .gnu.linkonce.tb.*)
 *(.tcommon)

.preinit_array
 *(.preinit_array)

.init_array     0x000000000002bef8        0x4
 *(SORT(.init_array.*) SORT(.ctors.*))
 *(.init_array EXCLUDE_FILE(*crtend?.o *crtend.o *crtbegin?.o *crtbegin.o) .ctors)
 .init_array    0x000000000002bef8        0x4 /usr/lib/gcc/i686-linux-gnu/4.8/crtbeginS.o

.fini_array     0x000000000002befc        0x4
 *(SORT(.fini_array.*) SORT(.dtors.*))
 *(.fini_array EXCLUDE_FILE(*crtend?.o *crtend.o *crtbegin?.o *crtbegin.o) .dtors)
 .fini_array    0x000000000002befc        0x4 /usr/lib/gcc/i686-linux-gnu/4.8/crtbeginS.o

.ctors
 *crtbegin.o(.ctors)
 *crtbegin?.o(.ctors)
 *(EXCLUDE_FILE(*crtend?.o *crtend.o) .ctors)
 *(SORT(.ctors.*))
 *(.ctors)

.dtors
 *crtbegin.o(.dtors)
 *crtbegin?.o(.dtors)
 *(EXCLUDE_FILE(*crtend?.o *crtend.o) .dtors)
 *(SORT(.dtors.*))
 *(.dtors)

.jcr            0x000000000002bf00        0x4
 *(.jcr)
 .jcr           0x000000000002bf00        0x0 /usr/lib/gcc/i686-linux-gnu/4.8/crtbeginS.o
 .jcr           0x000000000002bf00        0x4 /usr/lib/gcc/i686-linux-gnu/4.8/crtendS.o

.data.rel.ro
 *(.data.rel.ro.local* .gnu.linkonce.d.rel.ro.local.*)
 *(.data.rel.ro .data.rel.ro.* .gnu.linkonce.d.rel.ro.*)

.dynamic        0x000000000002bf04       0xe8
 *(.dynamic)
 .dynamic       0x000000000002bf04       0xe8 /usr/lib/gcc/i686-linux-gnu/4.8/../../../i386-linux-gnu/crti.o
                0x000000000002bf04                _DYNAMIC

.got            0x000000000002bfec       0x14
 *(.got)
 .got           0x000000000002bfec       0x14 /usr/lib/gcc/i686-linux-gnu/4.8/../../../i386-linux-gnu/crti.o
 *(.igot)
                0x000000000002cff4                . = DATA_SEGMENT_RELRO_END (., (SIZEOF (.got.plt) >= 0xc)?0xc:0x0)

.got.plt        0x000000000002c000       0x14
 *(.got.plt)
 .got.plt       0x000000000002c000       0x14 /usr/lib/gcc/i686-linux-gnu/4.8/../../../i386-linux-gnu/crti.o
                0x000000000002c000                _GLOBAL_OFFSET_TABLE_
 *(.igot.plt)

.data           0x000000000002c020      0x252
 *(.data .data.* .gnu.linkonce.d.*)
 .data          0x000000000002c020        0x0 /usr/lib/gcc/i686-linux-gnu/4.8/../../../i386-linux-gnu/crti.o
 .data          0x000000000002c020        0x0 /usr/lib/gcc/i686-linux-gnu/4.8/crtbeginS.o
 .data.rel      0x000000000002c020        0x4 /usr/lib/gcc/i686-linux-gnu/4.8/crtbeginS.o
                0x000000000002c020                __dso_handle
 .data          0x000000000002c024       0x10 udp-client.co
                0x000000000002c024                udp_client_process
 *fill*         0x000000000002c034        0xc 
 .data          0x000000000002c040       0x44 obj_cooja/mtype502.o
                0x000000000002c040                simInterfaces
                0x000000000002c074                sensors
 .data          0x000000000002c084        0x0 obj_cooja/mtype502.a(simEnvChange.o)
 .data          0x000000000002c084        0x0 obj_cooja/mtype502.a(cooja_mt.o)
 .data          0x000000000002c084        0x0 obj_cooja/mtype502.a(cooja_mtarch.o)
 .data          0x000000000002c084        0x0 obj_cooja/mtype502.a(rtimer-arch.o)
 .data          0x000000000002c084        0x0 obj_cooja/mtype502.a(beep.o)
 .data          0x000000000002c084        0x0 obj_cooja/mtype502.a(button-sensor.o)
 .data          0x000000000002c084        0x0 obj_cooja/mtype502.a(leds-arch.o)
 .data          0x000000000002c084        0x0 obj_cooja/mtype502.a(moteid.o)
 .data          0x000000000002c084        0x0 obj_cooja/mtype502.a(pir-sensor.o)
 .data          0x000000000002c084        0x0 obj_cooja/mtype502.a(rs232.o)
 .data          0x000000000002c084        0x0 obj_cooja/mtype502.a(vib-sensor.o)
 .data          0x000000000002c084        0x0 obj_cooja/mtype502.a(clock.o)
 .data          0x000000000002c084        0x0 obj_cooja/mtype502.a(log.o)
 .data          0x000000000002c084        0x0 obj_cooja/mtype502.a(cfs-cooja.o)
 .data          0x000000000002c084       0x40 obj_cooja/mtype502.a(cooja-radio.o)
                0x000000000002c084                simRadioChannelLR
                0x000000000002c088                simRadioHWOnLR
                0x000000000002c08c                simSignalStrengthLR
                0x000000000002c090                simLastSignalStrengthLR
                0x000000000002c094                simPowerLR
                0x000000000002c098                simLQILR
                0x000000000002c09c                simRadioChannel
                0x000000000002c0a0                simRadioHWOn
                0x000000000002c0a4                simSignalStrength
                0x000000000002c0a8                simLastSignalStrength
                0x000000000002c0ac                simPower
                0x000000000002c0b0                simLQI
                0x000000000002c0b4                cooja_radio_process
 .data          0x000000000002c0c4        0x0 obj_cooja/mtype502.a(eeprom.o)
 .data          0x000000000002c0c4        0x0 obj_cooja/mtype502.a(random.o)
 .data          0x000000000002c0c4       0x10 obj_cooja/mtype502.a(sensors.o)
                0x000000000002c0c4                sensors_process
 .data          0x000000000002c0d4        0x0 obj_cooja/mtype502.a(autostart.o)
 .data          0x000000000002c0d4       0x14 obj_cooja/mtype502.a(ctimer.o)
                0x000000000002c0d8                ctimer_process
 .data          0x000000000002c0e8       0x10 obj_cooja/mtype502.a(etimer.o)
                0x000000000002c0e8                etimer_process
 .data          0x000000000002c0f8        0x0 obj_cooja/mtype502.a(log_message.o)
 .data          0x000000000002c0f8        0x0 obj_cooja/mtype502.a(process.o)
 .data          0x000000000002c0f8        0x0 obj_cooja/mtype502.a(residual.o)
 .data          0x000000000002c0f8        0x0 obj_cooja/mtype502.a(rtimer.o)
 .data          0x000000000002c0f8        0x0 obj_cooja/mtype502.a(stimer.o)
 .data          0x000000000002c0f8        0x0 obj_cooja/mtype502.a(timer.o)
 .data          0x000000000002c0f8       0x10 obj_cooja/mtype502.a(serial-line.o)
                0x000000000002c0f8                serial_line_process
 .data          0x000000000002c108        0x0 obj_cooja/mtype502.a(list.o)
 .data          0x000000000002c108        0x0 obj_cooja/mtype502.a(ringbuf.o)
 .data          0x000000000002c108        0x0 obj_cooja/mtype502.a(sicslowpan.o)
 .data          0x000000000002c108       0x14 obj_cooja/mtype502.a(uip-ds6-nbr.o)
                0x000000000002c118                ds6_neighbors
 .data          0x000000000002c11c       0x44 obj_cooja/mtype502.a(uip-ds6-route.o)
                0x000000000002c12c                nbr_routes
 .data          0x000000000002c160        0x0 obj_cooja/mtype502.a(uip-ds6.o)
 .data          0x000000000002c160        0x0 obj_cooja/mtype502.a(uip6.o)
 .data          0x000000000002c160       0x10 obj_cooja/mtype502.a(tcpip.o)
                0x000000000002c160                tcpip_process
 .data          0x000000000002c170        0x0 obj_cooja/mtype502.a(uip-debug.o)
 .data          0x000000000002c170        0xc obj_cooja/mtype502.a(uip-packetqueue)
 .data          0x000000000002c17c        0x0 obj_cooja/mtype502.a(uip-udp-packet.)
 .data          0x000000000002c17c       0x28 obj_cooja/mtype502.a(rpl-dag.o)
                0x000000000002c18c                rpl_parents
                0x000000000002c1a0                rpl_children
 .data          0x000000000002c1a4        0x0 obj_cooja/mtype502.a(rpl-ext-header.)
 .data          0x000000000002c1a4       0x34 obj_cooja/mtype502.a(rpl-icmp6.o)
 .data          0x000000000002c1d8       0x1c obj_cooja/mtype502.a(rpl-ltmax.o)
                0x000000000002c1d8                rpl_ltmax_of
 .data          0x000000000002c1f4        0x0 obj_cooja/mtype502.a(rpl-timers.o)
 .data          0x000000000002c1f4        0x0 obj_cooja/mtype502.a(rpl.o)
 .data          0x000000000002c1f4        0x0 obj_cooja/mtype502.a(framer-802154.o)
 .data          0x000000000002c1f4        0x0 obj_cooja/mtype502.a(nullmac.o)
 .data          0x000000000002c1f4       0x30 obj_cooja/mtype502.a(cxmac.o)
                0x000000000002c1f4                cxmac_config
                0x000000000002c204                strobe_wait
 .data          0x000000000002c224        0x0 obj_cooja/mtype502.a(linkaddr.o)
 .data          0x000000000002c224       0x10 obj_cooja/mtype502.a(nbr-table.o)
 .data          0x000000000002c234        0x0 obj_cooja/mtype502.a(netstack.o)
 .data          0x000000000002c234        0x4 obj_cooja/mtype502.a(packetbuf.o)
 .data          0x000000000002c238       0x18 obj_cooja/mtype502.a(queuebuf.o)
 .data          0x000000000002c250        0x0 obj_cooja/mtype502.a(nullsec.o)
 .data          0x000000000002c250        0x0 obj_cooja/mtype502.a(watchdog.o)
 .data          0x000000000002c250        0x0 obj_cooja/mtype502.a(rimestats.o)
 .data          0x000000000002c250        0x0 obj_cooja/mtype502.a(leds.o)
 .data          0x000000000002c250        0x0 obj_cooja/mtype502.a(memb.o)
 .data          0x000000000002c250       0x20 obj_cooja/mtype502.a(uip-icmp6.o)
 .data          0x000000000002c270        0x0 obj_cooja/mtype502.a(uip-nd6.o)
 .data          0x000000000002c270        0x0 obj_cooja/mtype502.a(rpl-nbr-policy.)
 .data          0x000000000002c270        0x2 obj_cooja/mtype502.a(frame802154.o)
 .data          0x000000000002c272        0x0 obj_cooja/mtype502.a(mac.o)
 .data          0x000000000002c272        0x0 /usr/lib/gcc/i686-linux-gnu/4.8/crtendS.o
 .data          0x000000000002c272        0x0 /usr/lib/gcc/i686-linux-gnu/4.8/../../../i386-linux-gnu/crtn.o

.tm_clone_table
                0x000000000002c274        0x0
 .tm_clone_table
                0x000000000002c274        0x0 /usr/lib/gcc/i686-linux-gnu/4.8/crtbeginS.o
 .tm_clone_table
                0x000000000002c274        0x0 /usr/lib/gcc/i686-linux-gnu/4.8/crtendS.o

.data1
 *(.data1)
                0x000000000002c274                _edata = .
                0x000000000002c274                PROVIDE (edata, .)
                0x000000000002c274                . = .
                0x000000000002c274                __bss_start = .

.bss            0x000000000002c280     0x8128
 *(.dynbss)
 .dynbss        0x0000000000000000        0x0 /usr/lib/gcc/i686-linux-gnu/4.8/../../../i386-linux-gnu/crti.o
 *(.bss .bss.* .gnu.linkonce.b.*)
 .bss           0x000000000002c280        0x0 /usr/lib/gcc/i686-linux-gnu/4.8/../../../i386-linux-gnu/crti.o
 .bss           0x000000000002c280        0x1 /usr/lib/gcc/i686-linux-gnu/4.8/crtbeginS.o
 *fill*         0x000000000002c281       0x1f 
 .bss           0x000000000002c2a0       0x60 udp-client.co
                0x000000000002c2a0                my_weight
 .bss           0x000000000002c300     0x2030 obj_cooja/mtype502.o
 .bss           0x000000000002e330        0x1 obj_cooja/mtype502.a(simEnvChange.o)
                0x000000000002e330                simDontFallAsleep
 *fill*         0x000000000002e331        0x3 
 .bss           0x000000000002e334        0x4 obj_cooja/mtype502.a(cooja_mt.o)
 .bss           0x000000000002e338        0x4 obj_cooja/mtype502.a(cooja_mtarch.o)
 .bss           0x000000000002e33c        0xc obj_cooja/mtype502.a(rtimer-arch.o)
 .bss           0x000000000002e348        0x0 obj_cooja/mtype502.a(beep.o)
 .bss           0x000000000002e348        0x8 obj_cooja/mtype502.a(button-sensor.o)
 .bss           0x000000000002e350        0x0 obj_cooja/mtype502.a(leds-arch.o)
 .bss           0x000000000002e350        0x0 obj_cooja/mtype502.a(moteid.o)
 .bss           0x000000000002e350        0x1 obj_cooja/mtype502.a(pir-sensor.o)
                0x000000000002e350                simPirValue
 *fill*         0x000000000002e351        0x3 
 .bss           0x000000000002e354        0x4 obj_cooja/mtype502.a(rs232.o)
 .bss           0x000000000002e358        0x1 obj_cooja/mtype502.a(vib-sensor.o)
                0x000000000002e358                simVibValue
 .bss           0x000000000002e359        0x0 obj_cooja/mtype502.a(clock.o)
 *fill*         0x000000000002e359        0x7 
 .bss           0x000000000002e360      0x420 obj_cooja/mtype502.a(log.o)
 .bss           0x000000000002e780      0xfc0 obj_cooja/mtype502.a(cfs-cooja.o)
                0x000000000002e780                simCFSData
                0x000000000002f720                simCFSSize
                0x000000000002f724                simCFSChanged
                0x000000000002f728                simCFSRead
                0x000000000002f72c                simCFSWritten
 .bss           0x000000000002f740       0x24 obj_cooja/mtype502.a(cooja-radio.o)
                0x000000000002f740                simReceivingLR
                0x000000000002f744                simInSizeLR
                0x000000000002f748                simOutSizeLR
                0x000000000002f74c                simReceiving
                0x000000000002f750                simInSize
                0x000000000002f754                simOutSize
                0x000000000002f758                LongRangeTransmit
                0x000000000002f75c                LongRangeReceiving
 .bss           0x000000000002f764        0xc obj_cooja/mtype502.a(eeprom.o)
                0x000000000002f764                simEEPROMChanged
                0x000000000002f768                simEEPROMRead
                0x000000000002f76c                simEEPROMWritten
 .bss           0x000000000002f770        0x0 obj_cooja/mtype502.a(random.o)
 .bss           0x000000000002f770        0xc obj_cooja/mtype502.a(sensors.o)
 .bss           0x000000000002f77c        0x0 obj_cooja/mtype502.a(autostart.o)
 .bss           0x000000000002f77c        0x5 obj_cooja/mtype502.a(ctimer.o)
 *fill*         0x000000000002f781        0x3 
 .bss           0x000000000002f784        0x8 obj_cooja/mtype502.a(etimer.o)
 .bss           0x000000000002f78c        0x0 obj_cooja/mtype502.a(log_message.o)
 *fill*         0x000000000002f78c       0x14 
 .bss           0x000000000002f7a0      0x1b1 obj_cooja/mtype502.a(process.o)
                0x000000000002f7a0                process_list
                0x000000000002f7a4                process_current
 .bss           0x000000000002f951        0x0 obj_cooja/mtype502.a(residual.o)
 *fill*         0x000000000002f951        0x3 
 .bss           0x000000000002f954        0x4 obj_cooja/mtype502.a(rtimer.o)
 .bss           0x000000000002f958        0x0 obj_cooja/mtype502.a(stimer.o)
 .bss           0x000000000002f958        0x0 obj_cooja/mtype502.a(timer.o)
 *fill*         0x000000000002f958        0x8 
 .bss           0x000000000002f960      0x140 obj_cooja/mtype502.a(serial-line.o)
 .bss           0x000000000002faa0        0x0 obj_cooja/mtype502.a(list.o)
 .bss           0x000000000002faa0        0x0 obj_cooja/mtype502.a(ringbuf.o)
 .bss           0x000000000002faa0      0x70c obj_cooja/mtype502.a(sicslowpan.o)
 *fill*         0x00000000000301ac       0x14 
 .bss           0x00000000000301c0       0xc0 obj_cooja/mtype502.a(uip-ds6-nbr.o)
 .bss           0x0000000000030280      0x4a8 obj_cooja/mtype502.a(uip-ds6-route.o)
 .bss           0x0000000000030728       0x20 obj_cooja/mtype502.a(uip-ds6.o)
 .bss           0x0000000000030748        0xe obj_cooja/mtype502.a(uip6.o)
                0x0000000000030748                uip_ext_bitmap
                0x0000000000030749                uip_ext_len
                0x000000000003074a                uip_ext_opt_offset
 *fill*         0x0000000000030756        0xa 
 .bss           0x0000000000030760       0x6b obj_cooja/mtype502.a(tcpip.o)
 .bss           0x00000000000307cb        0x0 obj_cooja/mtype502.a(uip-debug.o)
 *fill*         0x00000000000307cb       0x15 
 .bss           0x00000000000307e0      0xcf8 obj_cooja/mtype502.a(uip-packetqueue)
 .bss           0x00000000000314d8        0x0 obj_cooja/mtype502.a(uip-udp-packet.)
 *fill*         0x00000000000314d8        0x8 
 .bss           0x00000000000314e0       0x88 obj_cooja/mtype502.a(rpl-dag.o)
 .bss           0x0000000000031568        0x0 obj_cooja/mtype502.a(rpl-ext-header.)
 .bss           0x0000000000031568        0x0 obj_cooja/mtype502.a(rpl-icmp6.o)
 .bss           0x0000000000031568        0x0 obj_cooja/mtype502.a(rpl-ltmax.o)
 *fill*         0x0000000000031568       0x18 
 .bss           0x0000000000031580       0x23 obj_cooja/mtype502.a(rpl-timers.o)
 *fill*         0x00000000000315a3        0x1 
 .bss           0x00000000000315a4        0x4 obj_cooja/mtype502.a(rpl.o)
 .bss           0x00000000000315a8        0x2 obj_cooja/mtype502.a(framer-802154.o)
 .bss           0x00000000000315aa        0x0 obj_cooja/mtype502.a(nullmac.o)
 *fill*         0x00000000000315aa       0x16 
 .bss           0x00000000000315c0       0xb0 obj_cooja/mtype502.a(cxmac.o)
 .bss           0x0000000000031670        0x0 obj_cooja/mtype502.a(linkaddr.o)
 *fill*         0x0000000000031670       0x10 
 .bss           0x0000000000031680       0xc4 obj_cooja/mtype502.a(nbr-table.o)
 .bss           0x0000000000031744        0x0 obj_cooja/mtype502.a(netstack.o)
 *fill*         0x0000000000031744       0x1c 
 .bss           0x0000000000031760       0xa0 obj_cooja/mtype502.a(packetbuf.o)
 .bss           0x0000000000031800      0xb80 obj_cooja/mtype502.a(queuebuf.o)
 .bss           0x0000000000032380        0x0 obj_cooja/mtype502.a(nullsec.o)
 .bss           0x0000000000032380        0x0 obj_cooja/mtype502.a(watchdog.o)
 .bss           0x0000000000032380        0x0 obj_cooja/mtype502.a(rimestats.o)
 .bss           0x0000000000032380        0x1 obj_cooja/mtype502.a(leds.o)
 .bss           0x0000000000032381        0x0 obj_cooja/mtype502.a(memb.o)
 *fill*         0x0000000000032381        0x3 
 .bss           0x0000000000032384       0x18 obj_cooja/mtype502.a(uip-icmp6.o)
 .bss           0x000000000003239c        0x0 obj_cooja/mtype502.a(uip-nd6.o)
 *fill*         0x000000000003239c        0x4 
 .bss           0x00000000000323a0       0x44 obj_cooja/mtype502.a(rpl-nbr-policy.)
 .bss           0x00000000000323e4        0x0 obj_cooja/mtype502.a(frame802154.o)
 .bss           0x00000000000323e4        0x0 obj_cooja/mtype502.a(mac.o)
 .bss           0x00000000000323e4        0x0 /usr/lib/gcc/i686-linux-gnu/4.8/crtendS.o
 .bss           0x00000000000323e4        0x0 /usr/lib/gcc/i686-linux-gnu/4.8/../../../i386-linux-gnu/crtn.o
 *(COMMON)
 COMMON         0x00000000000323e4       0x49 udp-client.co
                0x00000000000323e4                dio_count
                0x00000000000323e8                dis_count
                0x00000000000323ec                collision_count
                0x00000000000323f0                transmission_count
                0x00000000000323f4                COOJA_radioRxLong
                0x00000000000323f8                control_message_count
                0x00000000000323fc                dao_count
                0x0000000000032400                COOJA_radioTx
                0x0000000000032404                data_relay_count
                0x0000000000032408                data_message_count
                0x000000000003240c                my_sink_reachability
                0x0000000000032410                COOJA_radioTxLong
                0x0000000000032414                COOJA_radioRx
                0x0000000000032418                long_duty_on
                0x0000000000032419                my_parent_number
                0x000000000003241c                COOJA_radioOn
                0x0000000000032420                COOJA_duration
                0x0000000000032424                dio_ack_count
                0x0000000000032428                COOJA_radioOnLong
                0x000000000003242c                short_duty_on
 *fill*         0x000000000003242d        0x3 
 COMMON         0x0000000000032430        0xc obj_cooja/mtype502.o
                0x0000000000032430                referenceVar
                0x0000000000032434                debugfp
                0x0000000000032438                sensors_flags
 COMMON         0x000000000003243c        0xc obj_cooja/mtype502.a(simEnvChange.o)
                0x000000000003243c                simEtimerPending
                0x0000000000032440                simProcessRunValue
                0x0000000000032444                simNextExpirationTime
 COMMON         0x0000000000032448        0x1 obj_cooja/mtype502.a(beep.o)
                0x0000000000032448                simBeeped
 COMMON         0x0000000000032449        0x3 obj_cooja/mtype502.a(button-sensor.o)
                0x0000000000032449                simButtonIsActive
                0x000000000003244a                simButtonIsDown
                0x000000000003244b                simButtonChanged
 COMMON         0x000000000003244c        0x1 obj_cooja/mtype502.a(leds-arch.o)
                0x000000000003244c                simLedsValue
 *fill*         0x000000000003244d        0x3 
 COMMON         0x0000000000032450        0xc obj_cooja/mtype502.a(moteid.o)
                0x0000000000032450                simRandomSeed
                0x0000000000032454                simMoteIDChanged
                0x0000000000032458                simMoteID
 COMMON         0x000000000003245c        0x2 obj_cooja/mtype502.a(pir-sensor.o)
                0x000000000003245c                simPirIsActive
                0x000000000003245d                simPirChanged
 *fill*         0x000000000003245e        0x2 
 COMMON         0x0000000000032460      0x820 obj_cooja/mtype502.a(rs232.o)
                0x0000000000032460                simSerialReceivingFlag
                0x0000000000032464                simSerialReceivingLength
                0x0000000000032480                simSerialReceivingData
 COMMON         0x0000000000032c80        0x2 obj_cooja/mtype502.a(vib-sensor.o)
                0x0000000000032c80                simVibChanged
                0x0000000000032c81                simVibIsActive
 *fill*         0x0000000000032c82        0x2 
 COMMON         0x0000000000032c84        0x4 obj_cooja/mtype502.a(clock.o)
                0x0000000000032c84                simCurrentTime
 *fill*         0x0000000000032c88       0x18 
 COMMON         0x0000000000032ca0      0x420 obj_cooja/mtype502.a(log.o)
                0x0000000000032ca0                simLoggedLength
                0x0000000000032ca4                simLoggedFlag
                0x0000000000032cc0                simLoggedData
 COMMON         0x00000000000330c0      0x200 obj_cooja/mtype502.a(cooja-radio.o)
                0x00000000000330c0                simOutDataBuffer
                0x0000000000033140                simInDataBufferLR
                0x00000000000331c0                simOutDataBufferLR
                0x0000000000033240                simInDataBuffer
 COMMON         0x00000000000332c0      0x400 obj_cooja/mtype502.a(eeprom.o)
                0x00000000000332c0                simEEPROMData
 COMMON         0x00000000000336c0        0x1 obj_cooja/mtype502.a(sensors.o)
                0x00000000000336c0                sensors_event
 *fill*         0x00000000000336c1        0x3 
 COMMON         0x00000000000336c4        0x4 obj_cooja/mtype502.a(log_message.o)
                0x00000000000336c4                log_fp
 COMMON         0x00000000000336c8        0x1 obj_cooja/mtype502.a(serial-line.o)
                0x00000000000336c8                serial_line_event_message
 *fill*         0x00000000000336c9       0x17 
 COMMON         0x00000000000336e0      0x181 obj_cooja/mtype502.a(uip-ds6.o)
                0x00000000000336e0                uip_ds6_prefix_list
                0x0000000000033740                uip_ds6_timer_periodic
                0x0000000000033750                uip_ds6_netif_addr_list_offset
                0x0000000000033760                uip_ds6_if
                0x0000000000033858                uip_ds6_timer_ra
                0x0000000000033860                uip_ds6_addr_size
 *fill*         0x0000000000033861       0x1f 
 COMMON         0x0000000000033880      0x8ec obj_cooja/mtype502.a(uip6.o)
                0x0000000000033880                uip_slen
                0x0000000000033882                uip_acc32
                0x00000000000338a0                uip_conns
                0x0000000000033960                uip_lladdr
                0x0000000000033968                uip_appdata
                0x000000000003396c                uip_flags
                0x0000000000033980                uip_aligned_buf
                0x0000000000033fc0                uip_listenports
                0x0000000000033fd0                uip_len
                0x0000000000033fd4                uip_sappdata
                0x0000000000033fe0                uip_udp_conns
                0x0000000000034160                uip_udp_conn
                0x0000000000034164                uip_next_hdr
                0x0000000000034168                uip_conn
 COMMON         0x000000000003416c        0x1 obj_cooja/mtype502.a(tcpip.o)
                0x000000000003416c                tcpip_event
 *fill*         0x000000000003416d       0x13 
 COMMON         0x0000000000034180      0x198 obj_cooja/mtype502.a(rpl-dag.o)
                0x0000000000034180                default_instance
                0x00000000000341a0                instance_table
 COMMON         0x0000000000034318        0x8 obj_cooja/mtype502.a(linkaddr.o)
                0x0000000000034318                linkaddr_node_addr
 COMMON         0x0000000000034320       0x2e obj_cooja/mtype502.a(packetbuf.o)
                0x0000000000034320                packetbuf_attrs
                0x000000000003433e                packetbuf_addrs
 *fill*         0x000000000003434e       0x12 
 COMMON         0x0000000000034360       0x48 obj_cooja/mtype502.a(rimestats.o)
                0x0000000000034360                rimestats
                0x00000000000343a8                . = ALIGN ((. != 0x0)?0x4:0x1)
                0x00000000000343a8                . = ALIGN (0x4)
                0x00000000000343a8                . = SEGMENT_START ("ldata-segment", .)
                0x00000000000343a8                . = ALIGN (0x4)
                0x00000000000343a8                _end = .
                0x00000000000343a8                PROVIDE (end, .)
                0x00000000000343a8                . = DATA_SEGMENT_END (.)

.stab
 *(.stab)

.stabstr
 *(.stabstr)

.stab.excl
 *(.stab.excl)

.stab.exclstr
 *(.stab.exclstr)

.stab.index
 *(.stab.index)

.stab.indexstr
 *(.stab.indexstr)

.comment        0x0000000000000000       0x29
 *(.comment)
 .comment       0x0000000000000000       0x29 /usr/lib/gcc/i686-linux-gnu/4.8/crtbeginS.o
                                         0x2a (size before relaxing)
 .comment       0x0000000000000000       0x2a udp-client.co
 .comment       0x0000000000000000       0x2a obj_cooja/mtype502.o
 .comment       0x0000000000000000       0x2a obj_cooja/mtype502.a(simEnvChange.o)
 .comment       0x0000000000000000       0x2a obj_cooja/mtype502.a(cooja_mt.o)
 .comment       0x0000000000000000       0x2a obj_cooja/mtype502.a(cooja_mtarch.o)
 .comment       0x0000000000000000       0x2a obj_cooja/mtype502.a(rtimer-arch.o)
 .comment       0x0000000000000000       0x2a obj_cooja/mtype502.a(beep.o)
 .comment       0x0000000000000000       0x2a obj_cooja/mtype502.a(button-sensor.o)
 .comment       0x0000000000000000       0x2a obj_cooja/mtype502.a(leds-arch.o)
 .comment       0x0000000000000000       0x2a obj_cooja/mtype502.a(moteid.o)
 .comment       0x0000000000000000       0x2a obj_cooja/mtype502.a(pir-sensor.o)
 .comment       0x0000000000000000       0x2a obj_cooja/mtype502.a(rs232.o)
 .comment       0x0000000000000000       0x2a obj_cooja/mtype502.a(vib-sensor.o)
 .comment       0x0000000000000000       0x2a obj_cooja/mtype502.a(clock.o)
 .comment       0x0000000000000000       0x2a obj_cooja/mtype502.a(log.o)
 .comment       0x0000000000000000       0x2a obj_cooja/mtype502.a(cfs-cooja.o)
 .comment       0x0000000000000000       0x2a obj_cooja/mtype502.a(cooja-radio.o)
 .comment       0x0000000000000000       0x2a obj_cooja/mtype502.a(eeprom.o)
 .comment       0x0000000000000000       0x2a obj_cooja/mtype502.a(random.o)
 .comment       0x0000000000000000       0x2a obj_cooja/mtype502.a(sensors.o)
 .comment       0x0000000000000000       0x2a obj_cooja/mtype502.a(autostart.o)
 .comment       0x0000000000000000       0x2a obj_cooja/mtype502.a(ctimer.o)
 .comment       0x0000000000000000       0x2a obj_cooja/mtype502.a(etimer.o)
 .comment       0x0000000000000000       0x2a obj_cooja/mtype502.a(log_message.o)
 .comment       0x0000000000000000       0x2a obj_cooja/mtype502.a(process.o)
 .comment       0x0000000000000000       0x2a obj_cooja/mtype502.a(residual.o)
 .comment       0x0000000000000000       0x2a obj_cooja/mtype502.a(rtimer.o)
 .comment       0x0000000000000000       0x2a obj_cooja/mtype502.a(stimer.o)
 .comment       0x0000000000000000       0x2a obj_cooja/mtype502.a(timer.o)
 .comment       0x0000000000000000       0x2a obj_cooja/mtype502.a(serial-line.o)
 .comment       0x0000000000000000       0x2a obj_cooja/mtype502.a(list.o)
 .comment       0x0000000000000000       0x2a obj_cooja/mtype502.a(ringbuf.o)
 .comment       0x0000000000000000       0x2a obj_cooja/mtype502.a(sicslowpan.o)
 .comment       0x0000000000000000       0x2a obj_cooja/mtype502.a(uip-ds6-nbr.o)
 .comment       0x0000000000000000       0x2a obj_cooja/mtype502.a(uip-ds6-route.o)
 .comment       0x0000000000000000       0x2a obj_cooja/mtype502.a(uip-ds6.o)
 .comment       0x0000000000000000       0x2a obj_cooja/mtype502.a(uip6.o)
 .comment       0x0000000000000000       0x2a obj_cooja/mtype502.a(tcpip.o)
 .comment       0x0000000000000000       0x2a obj_cooja/mtype502.a(uip-debug.o)
 .comment       0x0000000000000000       0x2a obj_cooja/mtype502.a(uip-packetqueue)
 .comment       0x0000000000000000       0x2a obj_cooja/mtype502.a(uip-udp-packet.)
 .comment       0x0000000000000000       0x2a obj_cooja/mtype502.a(rpl-dag.o)
 .comment       0x0000000000000000       0x2a obj_cooja/mtype502.a(rpl-ext-header.)
 .comment       0x0000000000000000       0x2a obj_cooja/mtype502.a(rpl-icmp6.o)
 .comment       0x0000000000000000       0x2a obj_cooja/mtype502.a(rpl-ltmax.o)
 .comment       0x0000000000000000       0x2a obj_cooja/mtype502.a(rpl-timers.o)
 .comment       0x0000000000000000       0x2a obj_cooja/mtype502.a(rpl.o)
 .comment       0x0000000000000000       0x2a obj_cooja/mtype502.a(framer-802154.o)
 .comment       0x0000000000000000       0x2a obj_cooja/mtype502.a(nullmac.o)
 .comment       0x0000000000000000       0x2a obj_cooja/mtype502.a(cxmac.o)
 .comment       0x0000000000000000       0x2a obj_cooja/mtype502.a(linkaddr.o)
 .comment       0x0000000000000000       0x2a obj_cooja/mtype502.a(nbr-table.o)
 .comment       0x0000000000000000       0x2a obj_cooja/mtype502.a(netstack.o)
 .comment       0x0000000000000000       0x2a obj_cooja/mtype502.a(packetbuf.o)
 .comment       0x0000000000000000       0x2a obj_cooja/mtype502.a(queuebuf.o)
 .comment       0x0000000000000000       0x2a obj_cooja/mtype502.a(nullsec.o)
 .comment       0x0000000000000000       0x2a obj_cooja/mtype502.a(watchdog.o)
 .comment       0x0000000000000000       0x2a obj_cooja/mtype502.a(rimestats.o)
 .comment       0x0000000000000000       0x2a obj_cooja/mtype502.a(leds.o)
 .comment       0x0000000000000000       0x2a obj_cooja/mtype502.a(memb.o)
 .comment       0x0000000000000000       0x2a obj_cooja/mtype502.a(uip-icmp6.o)
 .comment       0x0000000000000000       0x2a obj_cooja/mtype502.a(uip-nd6.o)
 .comment       0x0000000000000000       0x2a obj_cooja/mtype502.a(rpl-nbr-policy.)
 .comment       0x0000000000000000       0x2a obj_cooja/mtype502.a(frame802154.o)
 .comment       0x0000000000000000       0x2a obj_cooja/mtype502.a(mac.o)
 .comment       0x0000000000000000       0x2a /usr/lib/gcc/i686-linux-gnu/4.8/crtendS.o

.debug
 *(.debug)

.line
 *(.line)

.debug_srcinfo
 *(.debug_srcinfo)

.debug_sfnames
 *(.debug_sfnames)

.debug_aranges  0x0000000000000000      0x818
 *(.debug_aranges)
 .debug_aranges
                0x0000000000000000       0x20 udp-client.co
 .debug_aranges
                0x0000000000000020       0x20 obj_cooja/mtype502.o
 .debug_aranges
                0x0000000000000040       0x20 obj_cooja/mtype502.a(simEnvChange.o)
 .debug_aranges
                0x0000000000000060       0x20 obj_cooja/mtype502.a(cooja_mt.o)
 .debug_aranges
                0x0000000000000080       0x20 obj_cooja/mtype502.a(cooja_mtarch.o)
 .debug_aranges
                0x00000000000000a0       0x20 obj_cooja/mtype502.a(rtimer-arch.o)
 .debug_aranges
                0x00000000000000c0       0x20 obj_cooja/mtype502.a(beep.o)
 .debug_aranges
                0x00000000000000e0       0x20 obj_cooja/mtype502.a(button-sensor.o)
 .debug_aranges
                0x0000000000000100       0x20 obj_cooja/mtype502.a(leds-arch.o)
 .debug_aranges
                0x0000000000000120       0x20 obj_cooja/mtype502.a(moteid.o)
 .debug_aranges
                0x0000000000000140       0x20 obj_cooja/mtype502.a(pir-sensor.o)
 .debug_aranges
                0x0000000000000160       0x20 obj_cooja/mtype502.a(rs232.o)
 .debug_aranges
                0x0000000000000180       0x20 obj_cooja/mtype502.a(vib-sensor.o)
 .debug_aranges
                0x00000000000001a0       0x20 obj_cooja/mtype502.a(clock.o)
 .debug_aranges
                0x00000000000001c0       0x20 obj_cooja/mtype502.a(log.o)
 .debug_aranges
                0x00000000000001e0       0x20 obj_cooja/mtype502.a(cfs-cooja.o)
 .debug_aranges
                0x0000000000000200       0x20 obj_cooja/mtype502.a(cooja-radio.o)
 .debug_aranges
                0x0000000000000220       0x20 obj_cooja/mtype502.a(eeprom.o)
 .debug_aranges
                0x0000000000000240       0x20 obj_cooja/mtype502.a(random.o)
 .debug_aranges
                0x0000000000000260       0x20 obj_cooja/mtype502.a(sensors.o)
 .debug_aranges
                0x0000000000000280       0x20 obj_cooja/mtype502.a(autostart.o)
 .debug_aranges
                0x00000000000002a0       0x20 obj_cooja/mtype502.a(ctimer.o)
 .debug_aranges
                0x00000000000002c0       0x20 obj_cooja/mtype502.a(etimer.o)
 .debug_aranges
                0x00000000000002e0       0x20 obj_cooja/mtype502.a(log_message.o)
 .debug_aranges
                0x0000000000000300       0x20 obj_cooja/mtype502.a(process.o)
 .debug_aranges
                0x0000000000000320       0x20 obj_cooja/mtype502.a(residual.o)
 .debug_aranges
                0x0000000000000340       0x20 obj_cooja/mtype502.a(rtimer.o)
 .debug_aranges
                0x0000000000000360       0x20 obj_cooja/mtype502.a(stimer.o)
 .debug_aranges
                0x0000000000000380       0x20 obj_cooja/mtype502.a(timer.o)
 .debug_aranges
                0x00000000000003a0       0x20 obj_cooja/mtype502.a(serial-line.o)
 .debug_aranges
                0x00000000000003c0       0x20 obj_cooja/mtype502.a(list.o)
 .debug_aranges
                0x00000000000003e0       0x20 obj_cooja/mtype502.a(ringbuf.o)
 .debug_aranges
                0x0000000000000400       0x20 obj_cooja/mtype502.a(sicslowpan.o)
 .debug_aranges
                0x0000000000000420       0x20 obj_cooja/mtype502.a(uip-ds6-nbr.o)
 .debug_aranges
                0x0000000000000440       0x20 obj_cooja/mtype502.a(uip-ds6-route.o)
 .debug_aranges
                0x0000000000000460       0x20 obj_cooja/mtype502.a(uip-ds6.o)
 .debug_aranges
                0x0000000000000480       0x20 obj_cooja/mtype502.a(uip6.o)
 .debug_aranges
                0x00000000000004a0       0x20 obj_cooja/mtype502.a(tcpip.o)
 .debug_aranges
                0x00000000000004c0       0x20 obj_cooja/mtype502.a(uip-debug.o)
 .debug_aranges
                0x00000000000004e0       0x20 obj_cooja/mtype502.a(uip-packetqueue)
 .debug_aranges
                0x0000000000000500       0x20 obj_cooja/mtype502.a(uip-udp-packet.)
 .debug_aranges
                0x0000000000000520       0x20 obj_cooja/mtype502.a(rpl-dag.o)
 .debug_aranges
                0x0000000000000540       0x20 obj_cooja/mtype502.a(rpl-ext-header.)
 .debug_aranges
                0x0000000000000560       0x20 obj_cooja/mtype502.a(rpl-icmp6.o)
 .debug_aranges
                0x0000000000000580       0x20 obj_cooja/mtype502.a(rpl-ltmax.o)
 .debug_aranges
                0x00000000000005a0       0x20 obj_cooja/mtype502.a(rpl-timers.o)
 .debug_aranges
                0x00000000000005c0       0x20 obj_cooja/mtype502.a(rpl.o)
 .debug_aranges
                0x00000000000005e0       0x20 obj_cooja/mtype502.a(framer-802154.o)
 .debug_aranges
                0x0000000000000600       0x20 obj_cooja/mtype502.a(nullmac.o)
 .debug_aranges
                0x0000000000000620       0x20 obj_cooja/mtype502.a(cxmac.o)
 .debug_aranges
                0x0000000000000640       0x20 obj_cooja/mtype502.a(linkaddr.o)
 .debug_aranges
                0x0000000000000660       0x20 obj_cooja/mtype502.a(nbr-table.o)
 .debug_aranges
                0x0000000000000680       0x20 obj_cooja/mtype502.a(netstack.o)
 .debug_aranges
                0x00000000000006a0       0x20 obj_cooja/mtype502.a(packetbuf.o)
 .debug_aranges
                0x00000000000006c0       0x20 obj_cooja/mtype502.a(queuebuf.o)
 .debug_aranges
                0x00000000000006e0       0x20 obj_cooja/mtype502.a(nullsec.o)
 .debug_aranges
                0x0000000000000700       0x20 obj_cooja/mtype502.a(watchdog.o)
 .debug_aranges
                0x0000000000000720       0x18 obj_cooja/mtype502.a(rimestats.o)
 .debug_aranges
                0x0000000000000738       0x20 obj_cooja/mtype502.a(leds.o)
 .debug_aranges
                0x0000000000000758       0x20 obj_cooja/mtype502.a(memb.o)
 .debug_aranges
                0x0000000000000778       0x20 obj_cooja/mtype502.a(uip-icmp6.o)
 .debug_aranges
                0x0000000000000798       0x20 obj_cooja/mtype502.a(uip-nd6.o)
 .debug_aranges
                0x00000000000007b8       0x20 obj_cooja/mtype502.a(rpl-nbr-policy.)
 .debug_aranges
                0x00000000000007d8       0x20 obj_cooja/mtype502.a(frame802154.o)
 .debug_aranges
                0x00000000000007f8       0x20 obj_cooja/mtype502.a(mac.o)

.debug_pubnames
 *(.debug_pubnames)

.debug_info     0x0000000000000000    0x1b876
 *(.debug_info .gnu.linkonce.wi.*)
 .debug_info    0x0000000000000000      0xa44 udp-client.co
 .debug_info    0x0000000000000a44     0x3a5f obj_cooja/mtype502.o
 .debug_info    0x00000000000044a3      0x15a obj_cooja/mtype502.a(simEnvChange.o)
 .debug_info    0x00000000000045fd      0x1e2 obj_cooja/mtype502.a(cooja_mt.o)
 .debug_info    0x00000000000047df      0x2e7 obj_cooja/mtype502.a(cooja_mtarch.o)
 .debug_info    0x0000000000004ac6      0x16b obj_cooja/mtype502.a(rtimer-arch.o)
 .debug_info    0x0000000000004c31      0x1f3 obj_cooja/mtype502.a(beep.o)
 .debug_info    0x0000000000004e24      0x257 obj_cooja/mtype502.a(button-sensor.o)
 .debug_info    0x000000000000507b      0x132 obj_cooja/mtype502.a(leds-arch.o)
 .debug_info    0x00000000000051ad      0x10a obj_cooja/mtype502.a(moteid.o)
 .debug_info    0x00000000000052b7      0x216 obj_cooja/mtype502.a(pir-sensor.o)
 .debug_info    0x00000000000054cd      0x21e obj_cooja/mtype502.a(rs232.o)
 .debug_info    0x00000000000056eb      0x216 obj_cooja/mtype502.a(vib-sensor.o)
 .debug_info    0x0000000000005901      0x152 obj_cooja/mtype502.a(clock.o)
 .debug_info    0x0000000000005a53      0x2bb obj_cooja/mtype502.a(log.o)
 .debug_info    0x0000000000005d0e      0x3cf obj_cooja/mtype502.a(cfs-cooja.o)
 .debug_info    0x00000000000060dd      0xc9b obj_cooja/mtype502.a(cooja-radio.o)
 .debug_info    0x0000000000006d78      0x1d5 obj_cooja/mtype502.a(eeprom.o)
 .debug_info    0x0000000000006f4d       0xb3 obj_cooja/mtype502.a(random.o)
 .debug_info    0x0000000000007000      0x36d obj_cooja/mtype502.a(sensors.o)
 .debug_info    0x000000000000736d      0x1a5 obj_cooja/mtype502.a(autostart.o)
 .debug_info    0x0000000000007512      0x46c obj_cooja/mtype502.a(ctimer.o)
 .debug_info    0x000000000000797e      0x49c obj_cooja/mtype502.a(etimer.o)
 .debug_info    0x0000000000007e1a      0x3d2 obj_cooja/mtype502.a(log_message.o)
 .debug_info    0x00000000000081ec      0x4ba obj_cooja/mtype502.a(process.o)
 .debug_info    0x00000000000086a6      0x164 obj_cooja/mtype502.a(residual.o)
 .debug_info    0x000000000000880a      0x1ab obj_cooja/mtype502.a(rtimer.o)
 .debug_info    0x00000000000089b5      0x179 obj_cooja/mtype502.a(stimer.o)
 .debug_info    0x0000000000008b2e      0x16c obj_cooja/mtype502.a(timer.o)
 .debug_info    0x0000000000008c9a      0x2de obj_cooja/mtype502.a(serial-line.o)
 .debug_info    0x0000000000008f78      0x2ed obj_cooja/mtype502.a(list.o)
 .debug_info    0x0000000000009265      0x1aa obj_cooja/mtype502.a(ringbuf.o)
 .debug_info    0x000000000000940f     0x105e obj_cooja/mtype502.a(sicslowpan.o)
 .debug_info    0x000000000000a46d      0x853 obj_cooja/mtype502.a(uip-ds6-nbr.o)
 .debug_info    0x000000000000acc0      0xd30 obj_cooja/mtype502.a(uip-ds6-route.o)
 .debug_info    0x000000000000b9f0      0xa5b obj_cooja/mtype502.a(uip-ds6.o)
 .debug_info    0x000000000000c44b      0xec2 obj_cooja/mtype502.a(uip6.o)
 .debug_info    0x000000000000d30d     0x14b5 obj_cooja/mtype502.a(tcpip.o)
 .debug_info    0x000000000000e7c2      0x1b5 obj_cooja/mtype502.a(uip-debug.o)
 .debug_info    0x000000000000e977      0x470 obj_cooja/mtype502.a(uip-packetqueue)
 .debug_info    0x000000000000ede7      0x37a obj_cooja/mtype502.a(uip-udp-packet.)
 .debug_info    0x000000000000f161     0x1c60 obj_cooja/mtype502.a(rpl-dag.o)
 .debug_info    0x0000000000010dc1      0xeb9 obj_cooja/mtype502.a(rpl-ext-header.)
 .debug_info    0x0000000000011c7a     0x191c obj_cooja/mtype502.a(rpl-icmp6.o)
 .debug_info    0x0000000000013596      0xb88 obj_cooja/mtype502.a(rpl-ltmax.o)
 .debug_info    0x000000000001411e      0xc5d obj_cooja/mtype502.a(rpl-timers.o)
 .debug_info    0x0000000000014d7b      0xd6c obj_cooja/mtype502.a(rpl.o)