Archive member included to satisfy reference by file (symbol)

obj_cooja/mtype936.a(simEnvChange.o)
                              obj_cooja/mtype936.o (simDontFallAsleep)
obj_cooja/mtype936.a(cooja_mt.o)
                              obj_cooja/mtype936.o (cooja_mt_start)
obj_cooja/mtype936.a(cooja_mtarch.o)
                              obj_cooja/mtype936.a(cooja_mt.o) (cooja_mtarch_init)
obj_cooja/mtype936.a(rtimer-arch.o)
                              obj_cooja/mtype936.o (rtimer_arch_next)
obj_cooja/mtype936.a(beep.o)  obj_cooja/mtype936.o (beep_interface)
obj_cooja/mtype936.a(button-sensor.o)
                              obj_cooja/mtype936.o (button_interface)
obj_cooja/mtype936.a(leds-arch.o)
                              obj_cooja/mtype936.o (leds_interface)
obj_cooja/mtype936.a(moteid.o)
                              obj_cooja/mtype936.o (moteid_interface)
obj_cooja/mtype936.a(pir-sensor.o)
                              obj_cooja/mtype936.o (pir_interface)
obj_cooja/mtype936.a(rs232.o)
                              obj_cooja/mtype936.o (rs232_interface)
obj_cooja/mtype936.a(vib-sensor.o)
                              obj_cooja/mtype936.o (vib_interface)
obj_cooja/mtype936.a(clock.o)
                              obj_cooja/mtype936.o (clock_interface)
obj_cooja/mtype936.a(log.o)   obj_cooja/mtype936.o (simlog_interface)
obj_cooja/mtype936.a(cfs-cooja.o)
                              obj_cooja/mtype936.o (cfs_interface)
obj_cooja/mtype936.a(cooja-radio.o)
                              obj_cooja/mtype936.o (radio_interface)
obj_cooja/mtype936.a(eeprom.o)
                              obj_cooja/mtype936.o (eeprom_interface)
obj_cooja/mtype936.a(random.o)
                              obj_cooja/mtype936.a(moteid.o) (random_init)
obj_cooja/mtype936.a(sensors.o)
                              obj_cooja/mtype936.o (sensors_process)
obj_cooja/mtype936.a(leds.o)  obj_cooja/mtype936.a(cooja-radio.o) (leds_on)
obj_cooja/mtype936.a(dual_conf.o)
                              obj_cooja/mtype936.a(cooja-radio.o) (long_range_radio)
obj_cooja/mtype936.a(autostart.o)
                              obj_cooja/mtype936.o (autostart_start)
obj_cooja/mtype936.a(ctimer.o)
                              obj_cooja/mtype936.o (ctimer_init)
obj_cooja/mtype936.a(etimer.o)
                              obj_cooja/mtype936.o (etimer_process)
obj_cooja/mtype936.a(log_message.o)
                              obj_cooja/mtype936.o (log_initialization)
obj_cooja/mtype936.a(process.o)
                              udp-client.co (process_current)
obj_cooja/mtype936.a(residual.o)
                              udp-client.co (get_residual_energy)
obj_cooja/mtype936.a(rtimer.o)
                              obj_cooja/mtype936.a(rtimer-arch.o) (rtimer_run_next)
obj_cooja/mtype936.a(stimer.o)
                              udp-client.co (stimer_remaining)
obj_cooja/mtype936.a(timer.o)
                              obj_cooja/mtype936.a(button-sensor.o) (timer_set)
obj_cooja/mtype936.a(serial-line.o)
                              udp-client.co (serial_line_event_message)
obj_cooja/mtype936.a(list.o)  obj_cooja/mtype936.a(ctimer.o) (list_init)
obj_cooja/mtype936.a(ringbuf.o)
                              obj_cooja/mtype936.a(serial-line.o) (ringbuf_init)
obj_cooja/mtype936.a(sicslowpan.o)
                              obj_cooja/mtype936.o (sicslowpan_driver)
obj_cooja/mtype936.a(uip-ds6-nbr.o)
                              obj_cooja/mtype936.a(sicslowpan.o) (uip_ds6_link_neighbor_callback)
obj_cooja/mtype936.a(uip-ds6-route.o)
                              udp-client.co (uip_ds6_route_nexthop)
obj_cooja/mtype936.a(uip-ds6.o)
                              udp-client.co (uip_ds6_if)
obj_cooja/mtype936.a(uip6.o)  udp-client.co (uip_lladdr)
obj_cooja/mtype936.a(tcpip.o)
                              udp-client.co (tcpip_event)
obj_cooja/mtype936.a(uip-debug.o)
                              udp-client.co (uip_debug_ipaddr_print)
obj_cooja/mtype936.a(uip-packetqueue)
                              obj_cooja/mtype936.a(uip-ds6-nbr.o) (uip_packetqueue_new)
obj_cooja/mtype936.a(uip-udp-packet.)
                              udp-client.co (uip_udp_packet_sendto)
obj_cooja/mtype936.a(rpl-dag.o)
                              obj_cooja/mtype936.a(tcpip.o) (rpl_repair_root)
obj_cooja/mtype936.a(rpl-ext-header.)
                              obj_cooja/mtype936.a(uip6.o) (rpl_verify_header)
obj_cooja/mtype936.a(rpl-icmp6.o)
                              obj_cooja/mtype936.a(rpl-dag.o) (rpl_icmp6_update_nbr_table)
obj_cooja/mtype936.a(rpl-ltmax.o)
                              obj_cooja/mtype936.a(rpl-dag.o) (rpl_ltmax_of)
obj_cooja/mtype936.a(rpl-timers.o)
                              obj_cooja/mtype936.a(rpl-icmp6.o) (rpl_LSA_convergence_timer)
obj_cooja/mtype936.a(rpl.o)   obj_cooja/mtype936.a(cooja-radio.o) (determined_parent)
obj_cooja/mtype936.a(csma.o)  obj_cooja/mtype936.o (csma_driver)
obj_cooja/mtype936.a(framer-802154.o)
[...]
Memory Configuration

Name             Origin             Length             Attributes
*default*        0x0000000000000000 0xffffffffffffffff

Linker script and memory map

LOAD /usr/lib/gcc/i686-linux-gnu/4.8/../../../i386-linux-gnu/crti.o
LOAD /usr/lib/gcc/i686-linux-gnu/4.8/crtbeginS.o
LOAD udp-client.co
LOAD obj_cooja/mtype936.o
LOAD obj_cooja/mtype936.a
LOAD /usr/lib/gcc/i686-linux-gnu/4.8/libgcc.a
LOAD /usr/lib/gcc/i686-linux-gnu/4.8/libgcc_s.so
LOAD /usr/lib/gcc/i686-linux-gnu/4.8/../../../i386-linux-gnu/libc.so
START GROUP
LOAD /lib/i386-linux-gnu/libc.so.6
LOAD /usr/lib/i386-linux-gnu/libc_nonshared.a
LOAD /lib/i386-linux-gnu/ld-linux.so.2
END GROUP
LOAD /usr/lib/gcc/i686-linux-gnu/4.8/libgcc.a
LOAD /usr/lib/gcc/i686-linux-gnu/4.8/libgcc_s.so
LOAD /usr/lib/gcc/i686-linux-gnu/4.8/crtendS.o
LOAD /usr/lib/gcc/i686-linux-gnu/4.8/../../../i386-linux-gnu/crtn.o
                0x0000000000000114                . = (0x0 + SIZEOF_HEADERS)

.note.gnu.build-id
                0x0000000000000114       0x24
 *(.note.gnu.build-id)
 .note.gnu.build-id
                0x0000000000000114       0x24 /usr/lib/gcc/i686-linux-gnu/4.8/../../../i386-linux-gnu/crti.o

.hash
 *(.hash)

.gnu.hash       0x0000000000000138     0x1398
 *(.gnu.hash)
 .gnu.hash      0x0000000000000138     0x1398 /usr/lib/gcc/i686-linux-gnu/4.8/../../../i386-linux-gnu/crti.o

.dynsym         0x00000000000014d0     0x26c0
 *(.dynsym)
 .dynsym        0x00000000000014d0     0x26c0 /usr/lib/gcc/i686-linux-gnu/4.8/../../../i386-linux-gnu/crti.o

.dynstr         0x0000000000003b90     0x27e6
 *(.dynstr)
 .dynstr        0x0000000000003b90     0x27e6 /usr/lib/gcc/i686-linux-gnu/4.8/../../../i386-linux-gnu/crti.o

.gnu.version    0x0000000000006376      0x4d8
 *(.gnu.version)
 .gnu.version   0x0000000000006376      0x4d8 /usr/lib/gcc/i686-linux-gnu/4.8/../../../i386-linux-gnu/crti.o

.gnu.version_d  0x0000000000006850        0x0
 *(.gnu.version_d)
 .gnu.version_d
                0x0000000000000000        0x0 /usr/lib/gcc/i686-linux-gnu/4.8/../../../i386-linux-gnu/crti.o

.gnu.version_r  0x0000000000006850       0x50
 *(.gnu.version_r)
 .gnu.version_r
                0x0000000000006850       0x50 /usr/lib/gcc/i686-linux-gnu/4.8/../../../i386-linux-gnu/crti.o

.rel.dyn        0x00000000000068a0     0x9900
 *(.rel.init)
 .rel.init      0x0000000000000000        0x0 /usr/lib/gcc/i686-linux-gnu/4.8/../../../i386-linux-gnu/crti.o
 *(.rel.text .rel.text.* .rel.gnu.linkonce.t.*)
 .rel.text      0x00000000000068a0     0x9110 /usr/lib/gcc/i686-linux-gnu/4.8/../../../i386-linux-gnu/crti.o
 *(.rel.fini)
 .rel.fini      0x0000000000000000        0x0 /usr/lib/gcc/i686-linux-gnu/4.8/../../../i386-linux-gnu/crti.o
 *(.rel.rodata .rel.rodata.* .rel.gnu.linkonce.r.*)
 .rel.rodata    0x000000000000f9b0      0x4e0 /usr/lib/gcc/i686-linux-gnu/4.8/../../../i386-linux-gnu/crti.o
 *(.rel.data.rel.ro .rel.data.rel.ro.* .rel.gnu.linkonce.d.rel.ro.*)
 *(.rel.data .rel.data.* .rel.gnu.linkonce.d.*)
 .rel.data.rel  0x000000000000fe90        0x8 /usr/lib/gcc/i686-linux-gnu/4.8/../../../i386-linux-gnu/crti.o
 .rel.data      0x000000000000fe98      0x2d0 /usr/lib/gcc/i686-linux-gnu/4.8/../../../i386-linux-gnu/crti.o
 *(.rel.tdata .rel.tdata.* .rel.gnu.linkonce.td.*)
 *(.rel.tbss .rel.tbss.* .rel.gnu.linkonce.tb.*)
 *(.rel.ctors)
 *(.rel.dtors)
 *(.rel.got)
 .rel.got       0x0000000000010168       0x28 /usr/lib/gcc/i686-linux-gnu/4.8/../../../i386-linux-gnu/crti.o
 *(.rel.bss .rel.bss.* .rel.gnu.linkonce.b.*)
 *(.rel.ifunc)
 .rel.ifunc     0x0000000000000000        0x0 /usr/lib/gcc/i686-linux-gnu/4.8/../../../i386-linux-gnu/crti.o
 .rel.fini_array
                0x0000000000010190        0x8 /usr/lib/gcc/i686-linux-gnu/4.8/../../../i386-linux-gnu/crti.o
 .rel.init_array
                0x0000000000010198        0x8 /usr/lib/gcc/i686-linux-gnu/4.8/../../../i386-linux-gnu/crti.o

.rel.plt        0x00000000000101a0       0x10
 *(.rel.plt)
 .rel.plt       0x00000000000101a0       0x10 /usr/lib/gcc/i686-linux-gnu/4.8/../../../i386-linux-gnu/crti.o
 *(.rel.iplt)

.init           0x00000000000101b0       0x23
 *(SORT(.init))
 .init          0x00000000000101b0       0x1e /usr/lib/gcc/i686-linux-gnu/4.8/../../../i386-linux-gnu/crti.o
                0x00000000000101b0                _init
 .init          0x00000000000101ce        0x5 /usr/lib/gcc/i686-linux-gnu/4.8/../../../i386-linux-gnu/crtn.o

.plt            0x00000000000101e0       0x30
 *(.plt)
 .plt           0x00000000000101e0       0x30 /usr/lib/gcc/i686-linux-gnu/4.8/../../../i386-linux-gnu/crti.o
 *(.iplt)

.text           0x0000000000010210    0x1768e
 *(.text.unlikely .text.*_unlikely .text.unlikely.*)
 *(.text.exit .text.exit.*)
 *(.text.startup .text.startup.*)
 *(.text.hot .text.hot.*)
 *(.text .stub .text.* .gnu.linkonce.t.*)
 .text          0x0000000000010210        0x0 /usr/lib/gcc/i686-linux-gnu/4.8/../../../i386-linux-gnu/crti.o
 .gnu.linkonce.t.__x86.get_pc_thunk.bx
                0x0000000000010210        0x4 /usr/lib/gcc/i686-linux-gnu/4.8/../../../i386-linux-gnu/crti.o
                0x0000000000010210                __x86.get_pc_thunk.bx
 *fill*         0x0000000000010214        0xc 
 .text          0x0000000000010220      0x11b /usr/lib/gcc/i686-linux-gnu/4.8/crtbeginS.o
 .text          0x000000000001033b      0x790 udp-client.co
 .text          0x0000000000010acb      0x96a obj_cooja/mtype936.o
                0x0000000000010c79                contiki_init
                0x000000000001124c                Java_org_contikios_cooja_corecomm_Lib10_init
                0x000000000001128c                Java_org_contikios_cooja_corecomm_Lib10_getMemory
                0x00000000000112cc                Java_org_contikios_cooja_corecomm_Lib10_setMemory
                0x0000000000011343                Java_org_contikios_cooja_corecomm_Lib10_tick
                0x0000000000011423                Java_org_contikios_cooja_corecomm_Lib10_setReferenceAddress
 .text          0x0000000000011435       0x63 obj_cooja/mtype936.a(simEnvChange.o)
                0x0000000000011435                doActionsBeforeTick
                0x0000000000011466                doActionsAfterTick
 .text          0x0000000000011498       0xbc obj_cooja/mtype936.a(cooja_mt.o)
                0x0000000000011498                cooja_mt_init
                0x00000000000114a5                cooja_mt_remove
                0x00000000000114b2                cooja_mt_start
                0x00000000000114df                cooja_mt_exec
                0x0000000000011510                cooja_mt_exit
                0x0000000000011532                cooja_mt_yield
 .text          0x0000000000011554      0x115 obj_cooja/mtype936.a(cooja_mtarch.o)
                0x0000000000011554                cooja_mtarch_init
                0x0000000000011559                cooja_mtarch_start
                0x00000000000115d4                cooja_sw
                0x00000000000115f6                cooja_mtarch_exec
                0x0000000000011612                cooja_mtarch_remove
                0x0000000000011617                cooja_mtarch_yield
                0x0000000000011621                cooja_mtarch_pstop
                0x0000000000011626                cooja_mtarch_pstart
                0x000000000001162b                cooja_mtarch_stack_usage
 .text          0x0000000000011669       0xc2 obj_cooja/mtype936.a(rtimer-arch.o)
                0x0000000000011669                rtimer_arch_init
                0x000000000001168c                rtimer_arch_schedule
                0x00000000000116a3                rtimer_arch_next
                0x00000000000116ad                rtimer_arch_pending
                0x00000000000116b7                rtimer_arch_check
                0x00000000000116e9                rtimer_arch_now
 .text          0x000000000001172b       0x76 obj_cooja/mtype936.a(beep.o)
                0x000000000001172b                beep_alarm
                0x0000000000011737                beep_beep
                0x0000000000011743                beep
                0x000000000001174f                beep_down
                0x000000000001175b                beep_on
                0x0000000000011767                beep_off
                0x0000000000011773                beep_spinup
                0x000000000001177f                beep_quick
                0x000000000001178b                beep_long
 .text          0x00000000000117a1      0x103 obj_cooja/mtype936.a(button-sensor.o)
 .text          0x00000000000118a4       0x45 obj_cooja/mtype936.a(leds-arch.o)
                0x00000000000118a4                leds_arch_init
                0x00000000000118b0                leds_arch_get
                0x00000000000118bc                leds_arch_set
 .text          0x00000000000118e9       0x2f obj_cooja/mtype936.a(moteid.o)
 .text          0x0000000000011918       0xb1 obj_cooja/mtype936.a(pir-sensor.o)
 .text          0x00000000000119c9      0x131 obj_cooja/mtype936.a(rs232.o)
                0x00000000000119c9                rs232_init
                0x00000000000119ce                rs232_set_speed
                0x00000000000119dc                rs232_set_input
                0x00000000000119e9                rs232_send
                0x0000000000011a0b                rs232_print
                0x0000000000011a26                slip_arch_writeb
 .text          0x0000000000011afa       0xb1 obj_cooja/mtype936.a(vib-sensor.o)
 .text          0x0000000000011bab       0x34 obj_cooja/mtype936.a(clock.o)
                0x0000000000011bab                clock_init
                0x0000000000011bb0                clock_time
                0x0000000000011bba                clock_seconds
                0x0000000000011bd0                clock_delay
 .text          0x0000000000011bdf      0x1ed obj_cooja/mtype936.a(log.o)
                0x0000000000011bdf                simlog_char
                0x0000000000011c21                simlog
                0x0000000000011c8e                log_message
                0x0000000000011cb6                log_set_putchar_with_slip
                0x0000000000011cc3                log_putchar
                0x0000000000011d47                log_puts
                0x0000000000011d6b                log_printf
 .text          0x0000000000011dcc      0x2c4 obj_cooja/mtype936.a(cfs-cooja.o)
                0x0000000000011dcc                cfs_open
                0x0000000000011e35                cfs_close
                0x0000000000011e41                cfs_read
                0x0000000000011edf                cfs_write
                0x0000000000011fbc                cfs_seek
                0x0000000000012044                cfs_remove
                0x000000000001206d                cfs_opendir
                0x0000000000012077                cfs_readdir
                0x0000000000012081                cfs_closedir
 .text          0x0000000000012090      0x69f obj_cooja/mtype936.a(cooja-radio.o)
                0x00000000000120ba                radio_set_channel
                0x00000000000120cf                radio_set_txpower
                0x00000000000120ef                radio_signal_strength_last
                0x00000000000120f9                radio_signal_strength_current
                0x0000000000012103                radio_LQI
 .text          0x000000000001272f       0xef obj_cooja/mtype936.a(eeprom.o)
                0x000000000001272f                eeprom_init
                0x0000000000012734                eeprom_read
                0x00000000000127a4                eeprom_write
 .text          0x000000000001281e       0x28 obj_cooja/mtype936.a(random.o)
                0x000000000001281e                random_init
                0x0000000000012839                random_rand
 .text          0x0000000000012846      0x2a1 obj_cooja/mtype936.a(sensors.o)
                0x0000000000012881                sensors_first
                0x000000000001288b                sensors_next
                0x00000000000128a8                sensors_changed
                0x00000000000128d7                sensors_find
 .text          0x0000000000012ae7      0x134 obj_cooja/mtype936.a(leds.o)
                0x0000000000012b38                leds_init
                0x0000000000012b4c                leds_blink
                0x0000000000012b84                leds_get
                0x0000000000012b91                leds_set
                0x0000000000012bab                leds_on
                0x0000000000012bce                leds_off
                0x0000000000012bf8                leds_toggle
 .text          0x0000000000012c1b      0x471 obj_cooja/mtype936.a(dual_conf.o)
                0x0000000000012c1b                dual_radio_switch
                0x0000000000012c5b                dual_radio_change
                0x0000000000012c95                sending_in_LR
                0x0000000000012cc0                dual_radio_received
                0x0000000000012d13                radio_received_is_longrange
                0x0000000000012d2e                dual_radio_turn_on
                0x0000000000012d51                dual_radio_turn_off
                0x0000000000013012                dio_broadcast
                0x000000000001303b                dis_broadcast
                0x000000000001305c                LSA_converge_broadcast
 .text          0x000000000001308c       0x8e obj_cooja/mtype936.a(autostart.o)
                0x000000000001308c                autostart_start
                0x00000000000130d7                autostart_exit
 .text          0x000000000001311a      0x334 obj_cooja/mtype936.a(ctimer.o)
                0x0000000000013231                ctimer_init
                0x0000000000013261                ctimer_set
                0x0000000000013292                ctimer_set_with_process
                0x000000000001330e                ctimer_reset
                0x000000000001335d                ctimer_restart
                0x00000000000133ac                ctimer_stop
                0x00000000000133f7                ctimer_expired
 .text          0x000000000001344e      0x40b obj_cooja/mtype936.a(etimer.o)
                0x0000000000013661                etimer_request_poll
                0x00000000000136e5                etimer_set
                0x000000000001370a                etimer_reset_with_new_interval
                0x0000000000013731                etimer_reset
                0x000000000001374f                etimer_restart
                0x000000000001376d                etimer_adjust
                0x0000000000013789                etimer_expired
                0x000000000001379c                etimer_expiration_time
                0x00000000000137ae                etimer_start_time
                0x00000000000137b8                etimer_pending
                0x00000000000137ca                etimer_next_expiration_time
                0x00000000000137e4                etimer_stop
 .text          0x0000000000013859       0xdd obj_cooja/mtype936.a(log_message.o)
                0x0000000000013859                log_initialization
                0x0000000000013915                log_finisher
 .text          0x0000000000013936      0x560 obj_cooja/mtype936.a(process.o)
                0x0000000000013936                process_alloc_event
                0x000000000001394b                process_start
                0x0000000000013b34                process_exit
                0x0000000000013b50                process_init
                0x0000000000013d21                process_run
                0x0000000000013d54                process_nevents
                0x0000000000013d6f                process_post
                0x0000000000013e1b                process_post_synch
                0x0000000000013e53                process_poll
                0x0000000000013e82                process_is_running
 .text          0x0000000000013e96       0xd3 obj_cooja/mtype936.a(residual.o)
                0x0000000000013e96                get_residual_energy
 .text          0x0000000000013f69       0xba obj_cooja/mtype936.a(rtimer.o)
                0x0000000000013f69                rtimer_init
                0x0000000000013f76                rtimer_set
                0x0000000000013fcd                rtimer_run_next
 .text          0x0000000000014023       0xa3 obj_cooja/mtype936.a(stimer.o)
                0x0000000000014023                stimer_set
                0x000000000001403e                stimer_reset
                0x0000000000014055                stimer_restart
                0x0000000000014067                stimer_expired
                0x000000000001408e                stimer_remaining
                0x00000000000140b2                stimer_elapsed
 .text          0x00000000000140c6       0x91 obj_cooja/mtype936.a(timer.o)
                0x00000000000140c6                timer_set
                0x00000000000140e1                timer_reset
                0x00000000000140f8                timer_restart
                0x000000000001410a                timer_expired
                0x0000000000014133                timer_remaining
 .text          0x0000000000014157      0x1fb obj_cooja/mtype936.a(serial-line.o)
                0x0000000000014157                serial_line_input_byte
                0x000000000001431a                serial_line_init
 .text          0x0000000000014352      0x244 obj_cooja/mtype936.a(list.o)
                0x0000000000014352                list_init
                0x0000000000014360                list_head
                0x000000000001436a                list_copy
                0x0000000000014379                list_tail
                0x00000000000143af                list_add
                0x00000000000143f8                list_push
                0x0000000000014424                list_chop
                0x000000000001448e                list_pop
                0x00000000000144b6                list_remove
                0x000000000001451d                list_length
                0x000000000001454b                list_insert
                0x000000000001457f                list_item_next
 .text          0x0000000000014596      0x155 obj_cooja/mtype936.a(ringbuf.o)
                0x0000000000014596                ringbuf_init
                0x00000000000145c7                ringbuf_put
                0x0000000000014645                ringbuf_get
                0x00000000000146b2                ringbuf_size
                0x00000000000146c4                ringbuf_elements
 .text          0x00000000000146eb     0x258b obj_cooja/mtype936.a(sicslowpan.o)
                0x0000000000014c75                rime_sniffer_add
                0x0000000000014c82                rime_sniffer_remove
                0x0000000000016c15                sicslowpan_init
                0x0000000000016c6c                sicslowpan_get_last_rssi
 .text          0x0000000000016c76      0x2dc obj_cooja/mtype936.a(uip-ds6-nbr.o)
                0x0000000000016c93                uip_ds6_neighbors_init
                0x0000000000016cb0                uip_ds6_nbr_add
                0x0000000000016d61                uip_ds6_nbr_rm
                0x0000000000016dbe                uip_ds6_nbr_get_ipaddr
                0x0000000000016dd3                uip_ds6_nbr_get_ll
                0x0000000000016def                uip_ds6_nbr_num
                0x0000000000016e34                uip_ds6_nbr_lookup
                0x0000000000016e99                uip_ds6_nbr_ll_lookup
                0x0000000000016eb5                uip_ds6_nbr_ipaddr_from_lladdr
                0x0000000000016edb                uip_ds6_nbr_lladdr_from_ipaddr
                0x0000000000016f09                uip_ds6_link_neighbor_callback
 .text          0x0000000000016f52      0x916 obj_cooja/mtype936.a(uip-ds6-route.o)
                0x0000000000016fc9                uip_ds6_notification_add
                0x0000000000016ffa                uip_ds6_notification_rm
                0x0000000000017016                uip_ds6_route_init
                0x000000000001709e                uip_ds6_route_nexthop
                0x00000000000170c6                uip_ds6_route_head
                0x00000000000170db                uip_ds6_route_next
                0x0000000000017101                uip_ds6_route_is_nexthop
                0x0000000000017140                uip_ds6_route_num_routes
                0x000000000001714a                uip_ds6_route_lookup
                0x000000000001720c                uip_ds6_route_add
                0x0000000000017440                uip_ds6_route_rm
                0x00000000000175d4                uip_ds6_route_rm_by_nexthop
                0x000000000001760c                uip_ds6_defrt_add
                0x00000000000176bd                uip_ds6_defrt_rm
                0x000000000001773c                uip_ds6_defrt_lookup
                0x0000000000017795                uip_ds6_defrt_choose
                0x0000000000017800                uip_ds6_defrt_periodic
 .text          0x0000000000017868     0x12ad obj_cooja/mtype936.a(uip-ds6.o)
                0x0000000000017868                uip_ds6_init
                0x0000000000017bbd                uip_ds6_periodic
                0x0000000000017c95                uip_ds6_list_loop
                0x0000000000017d3c                uip_ds6_prefix_add
                0x0000000000017dfa                uip_ds6_prefix_rm
                0x0000000000017e0c                uip_ds6_prefix_lookup
                0x0000000000017e5d                uip_ds6_is_addr_onlink
                0x0000000000017ed1                uip_ds6_addr_add
                0x0000000000017fff                uip_ds6_long_addr_add
                0x000000000001812d                uip_ds6_addr_rm
                0x00000000000181cd                uip_ds6_addr_lookup
                0x0000000000018218                uip_ds6_long_addr_lookup
                0x0000000000018263                uip_ds6_get_link_local
                0x00000000000182e2                uip_ds6_long_get_link_local
                0x0000000000018361                uip_ds6_get_global
                0x00000000000183e0                uip_ds6_long_get_global
                0x000000000001845f                uip_ds6_maddr_add
                0x00000000000184d1                uip_ds6_long_maddr_add
                0x0000000000018543                uip_ds6_maddr_rm
                0x0000000000018555                uip_ds6_maddr_lookup
                0x00000000000185a0                uip_ds6_long_maddr_lookup
                0x00000000000185eb                uip_ds6_aaddr_add
                0x000000000001865d                uip_ds6_long_aaddr_add
                0x00000000000186cf                uip_ds6_aaddr_rm
                0x00000000000186e1                uip_ds6_aaddr_lookup
                0x000000000001872c                uip_ds6_long_aaddr_lookup
                0x0000000000018777                uip_ds6_select_src
                0x0000000000018a00                uip_ds6_set_addr_iid
                0x0000000000018a37                get_match_length
                0x0000000000018ac9                uip_ds6_compute_reachable_time
 .text          0x0000000000018b15     0x29f3 obj_cooja/mtype936.a(uip6.o)
                0x0000000000018b15                uip_add32
                0x0000000000018cae                uip_chksum
                0x0000000000018d9c                uip_icmp6chksum
                0x0000000000018db0                uip_tcpchksum
                0x0000000000018dc4                uip_udpchksum
                0x0000000000018dd8                uip_init
                0x0000000000018ea8                uip_connect
                0x0000000000019057                remove_ext_hdr
                0x000000000001912c                uip_udp_new
                0x0000000000019288                uip_unlisten
                0x00000000000192e8                uip_listen
                0x00000000000195aa                uip_process
                0x000000000001b3fc                uip_htons
                0x000000000001b41e                uip_htonl
                0x000000000001b45e                uip_send
 .text          0x000000000001b508      0xb43 obj_cooja/mtype936.a(tcpip.o)
                0x000000000001b508                tcpip_output
                0x000000000001b536                tcpip_set_outputfunc
                0x000000000001b5ca                tcp_connect
                0x000000000001b61f                tcp_unlisten
                0x000000000001b67a                tcp_listen
                0x000000000001b6d3                tcp_attach
                0x000000000001b6f8                udp_attach
                0x000000000001b71d                udp_new
                0x000000000001b76f                udp_broadcast_new
                0x000000000001b9e3                tcpip_input
                0x000000000001ba17                tcpip_ipv6_output
                0x000000000001be91                tcpip_poll_udp
                0x000000000001beb4                tcpip_poll_tcp
                0x000000000001bed7                tcpip_uipcall
 .text          0x000000000001c04b      0x1c1 obj_cooja/mtype936.a(uip-debug.o)
                0x000000000001c04b                uip_debug_ipaddr_print
                0x000000000001c1ad                uip_debug_lladdr_print
 .text          0x000000000001c20c      0x141 obj_cooja/mtype936.a(uip-packetqueue)
                0x000000000001c238                uip_packetqueue_new
                0x000000000001c246                uip_packetqueue_alloc
                0x000000000001c2a6                uip_packetqueue_free
                0x000000000001c2e7                uip_packetqueue_buf
                0x000000000001c304                uip_packetqueue_buflen
                0x000000000001c325                uip_packetqueue_set_buflen
 .text          0x000000000001c34d      0x131 obj_cooja/mtype936.a(uip-udp-packet.)
                0x000000000001c34d                uip_udp_packet_send
                0x000000000001c3ad                uip_udp_packet_sendto
 .text          0x000000000001c47e     0x2727 obj_cooja/mtype936.a(rpl-dag.o)
                0x000000000001c47e                rpl_lr_in_child
                0x000000000001c536                rpl_print_neighbor_list
                0x000000000001c5df                rpl_print_child_neighbor_list
                0x000000000001c654                rpl_get_nbr
                0x000000000001c6ae                rpl_get_nbr_child
                0x000000000001c708                rpl_dag_init
                0x000000000001c73a                rpl_get_parent
                0x000000000001c75c                rpl_get_parent_rank
                0x000000000001c78f                rpl_get_parent_link_metric
                0x000000000001c7c2                rpl_get_parent_ipaddr
                0x000000000001c7ec                rpl_get_child_ipaddr
                0x000000000001cb07                rpl_set_root
                0x000000000001cd35                rpl_repair_root
                0x000000000001cf71                rpl_set_prefix
                0x000000000001d070                rpl_set_default_route
                0x000000000001d0fc                rpl_alloc_instance
                0x000000000001d18f                rpl_alloc_dag
                0x000000000001d242                rpl_set_default_instance
                0x000000000001d24f                rpl_get_default_instance
                0x000000000001d259                rpl_free_instance
                0x000000000001d30a                rpl_free_dag
                0x000000000001d370                rpl_add_parent
                0x000000000001d459                rpl_find_parent
                0x000000000001d489                rpl_add_child
                0x000000000001d52d                rpl_find_child
                0x000000000001d57b                rpl_find_parent_any_dag
                0x000000000001d5b7                rpl_select_dag
                0x000000000001da4e                rpl_select_parent
                0x000000000001dab0                rpl_remove_parent
                0x000000000001dae6                rpl_remove_child
                0x000000000001db02                rpl_nullify_parent
                0x000000000001dba0                rpl_move_parent
                0x000000000001dc3d                rpl_has_downward_route
                0x000000000001dc90                rpl_get_any_dag
                0x000000000001dcf2                rpl_get_instance
                0x000000000001dd55                rpl_find_of
                0x000000000001dd92                rpl_join_instance
                0x000000000001e02e                rpl_add_dag
                0x000000000001e41d                rpl_local_repair
                0x000000000001e4f6                rpl_recalculate_ranks
                0x000000000001e57c                rpl_process_parent_event
                0x000000000001e62e                rpl_process_dio
 .text          0x000000000001eba5      0xbf3 obj_cooja/mtype936.a(rpl-ext-header.)
                0x000000000001ebc2                rpl_verify_header
                0x000000000001f03c                rpl_update_header_empty
                0x000000000001f353                rpl_update_header_final
                0x000000000001f4e2                rpl_remove_header
                0x000000000001f5ec                rpl_invert_header
                0x000000000001f776                rpl_insert_header
 .text          0x000000000001f798     0x24c3 obj_cooja/mtype936.a(rpl-icmp6.o)
                0x000000000001fa61                rpl_icmp6_update_nbr_table
                0x000000000001fb51                dis_output
                0x0000000000020489                dio_output
                0x0000000000020cf4                LSA_converge_output
                0x00000000000217ba                dao_output
                0x0000000000021882                dao_output_target
                0x0000000000021c03                dao_ack_output
                0x0000000000021c17                rpl_icmp6_register_handlers
 .text          0x0000000000021c5b      0x3dc obj_cooja/mtype936.a(rpl-ltmax.o)
 .text          0x0000000000022037      0x8d8 obj_cooja/mtype936.a(rpl-timers.o)
                0x0000000000022037                rpl_LSA_convergence_timer
                0x00000000000220de                rpl_reset_LSA_convergence_timer
                0x00000000000223a2                rpl_reset_periodic_timer
                0x00000000000223f7                rpl_reset_dio_timer
                0x0000000000022631                rpl_schedule_dao
                0x000000000002264c                rpl_schedule_dao_immediately
                0x0000000000022667                rpl_cancel_dao
                0x00000000000226c9                rpl_schedule_unicast_dio_immediately
                0x00000000000228b7                rpl_schedule_probing
 .text          0x000000000002290f      0x5dc obj_cooja/mtype936.a(rpl.o)
                0x000000000002290f                rpl_get_mode
                0x0000000000022919                rpl_set_mode
                0x00000000000229a7                rpl_purge_routes
                0x0000000000022aa1                rpl_remove_routes
                0x0000000000022ae7                rpl_remove_routes_by_nexthop
                0x0000000000022b53                rpl_add_route
                0x0000000000022bce                rpl_link_neighbor_callback
                0x0000000000022cd3                rpl_ipv6_neighbor_callback
                0x0000000000022d42                rpl_purge_dags
                0x0000000000022e4e                rpl_init
 .text          0x0000000000022eeb      0x831 obj_cooja/mtype936.a(csma.o)
 .text          0x000000000002371c      0x3f5 obj_cooja/mtype936.a(framer-802154.o)
 .text          0x0000000000023b11       0x3c obj_cooja/mtype936.a(mac.o)
                0x0000000000023b11                mac_call_sent_callback
 .text          0x0000000000023b4d     0x100f obj_cooja/mtype936.a(cxmac.o)
                0x0000000000024a97                cxmac_set_announcement_radio_txpower
                0x0000000000024a9c                cxmac_init
 .text          0x0000000000024b5c       0x82 obj_cooja/mtype936.a(linkaddr.o)
                0x0000000000024b5c                linkaddr_copy
                0x0000000000024b7e                linkaddr_cmp
                0x0000000000024ba8                linkaddr_set_node_addr
                0x0000000000024bc3                linkaddr_set_node_long_addr
 .text          0x0000000000024bde      0x915 obj_cooja/mtype936.a(nbr-table.o)
                0x0000000000024bde                long_ip_from_lladdr_map
                0x0000000000024c67                lladdr_map_add_lr
                0x0000000000024d24                lladdr_map_rm_lr
                0x00000000000251e9                nbr_table_register
                0x0000000000025231                nbr_table_head
                0x000000000002528d                nbr_table_next
                0x00000000000252f4                nbr_table_add_lladdr
                0x00000000000253d0                nbr_table_get_from_lladdr
                0x000000000002541d                nbr_table_remove
                0x000000000002546f                nbr_table_lock
                0x0000000000025499                nbr_table_unlock
                0x00000000000254c3                nbr_table_get_lladdr
 .text          0x00000000000254f3       0x2b obj_cooja/mtype936.a(netstack.o)
                0x00000000000254f3                netstack_init
 .text          0x000000000002551e      0x3cd obj_cooja/mtype936.a(packetbuf.o)
                0x000000000002551e                packetbuf_clear
                0x0000000000025548                packetbuf_copyfrom
                0x000000000002559a                packetbuf_compact
                0x0000000000025617                packetbuf_copyto
                0x00000000000256ae                packetbuf_hdralloc
                0x000000000002572b                packetbuf_hdrreduce
                0x0000000000025773                packetbuf_set_datalen
                0x000000000002578c                packetbuf_dataptr
                0x00000000000257a9                packetbuf_hdrptr
                0x00000000000257b3                packetbuf_datalen
                0x00000000000257bf                packetbuf_hdrlen
                0x00000000000257d6                packetbuf_totlen
                0x00000000000257ec                packetbuf_attr_clear
                0x000000000002583e                packetbuf_attr_copyto
                0x0000000000025887                packetbuf_attr_copyfrom
                0x00000000000258cf                packetbuf_holds_broadcast
 .text          0x00000000000258eb      0x2b4 obj_cooja/mtype936.a(queuebuf.o)
                0x00000000000258f5                queuebuf_init
                0x0000000000025915                queuebuf_numfree
                0x0000000000025929                queuebuf_new_from_packetbuf
                0x00000000000259b9                queuebuf_update_attr_from_packetbuf
                0x00000000000259ec                queuebuf_update_from_packetbuf
                0x0000000000025a36                queuebuf_free
                0x0000000000025a7d                queuebuf_to_packetbuf
                0x0000000000025ae3                queuebuf_dataptr
                0x0000000000025b1a                queuebuf_datalen
                0x0000000000025b3d                queuebuf_addr
                0x0000000000025b6f                queuebuf_attr
                0x0000000000025b9a                queuebuf_debug_print
 .text          0x0000000000025b9f       0x6e obj_cooja/mtype936.a(nullsec.o)
 .text          0x0000000000025c0d       0x19 obj_cooja/mtype936.a(watchdog.o)
                0x0000000000025c0d                watchdog_init
                0x0000000000025c12                watchdog_start
                0x0000000000025c17                watchdog_periodic
                0x0000000000025c1c                watchdog_stop
                0x0000000000025c21                watchdog_reboot
 .text          0x0000000000025c26        0x0 obj_cooja/mtype936.a(rimestats.o)
 .text          0x0000000000025c26      0x1c1 obj_cooja/mtype936.a(memb.o)
                0x0000000000025c26                memb_init
                0x0000000000025c84                memb_alloc
                0x0000000000025ce9                memb_free
                0x0000000000025d64                memb_inmemb
                0x0000000000025da3                memb_numfree
 .text          0x0000000000025de7      0xab2 obj_cooja/mtype936.a(uip-icmp6.o)
                0x0000000000025e55                uip_icmp6_input
                0x0000000000025eab                uip_icmp6_register_input_handler
                0x0000000000026173                uip_icmp6_error_output
                0x00000000000264b8                uip_icmp6_send
                0x000000000002682c                uip_icmp6_echo_reply_callback_add
                0x000000000002685d                uip_icmp6_echo_reply_callback_rm
                0x0000000000026879                uip_icmp6_init
 .text          0x0000000000026899      0x358 obj_cooja/mtype936.a(uip-nd6.o)
                0x00000000000268ed                uip_nd6_ns_output
                0x0000000000026bec                uip_nd6_init
 .text          0x0000000000026bf1      0x331 obj_cooja/mtype936.a(rpl-nbr-policy.)
                0x0000000000026dc9                find_removable_dis
                0x0000000000026dec                find_removable_dio
                0x0000000000026e7b                find_removable_dao
                0x0000000000026ecb                rpl_nbr_policy_find_removable
 .text          0x0000000000026f22      0x97c obj_cooja/mtype936.a(frame802154.o)
                0x0000000000026f53                frame802154_get_pan_id
                0x0000000000026f5f                frame802154_set_pan_id
                0x0000000000026f78                frame802154_has_panid
                0x0000000000027064                frame802154_check_dest_panid
                0x00000000000270cc                frame802154_is_broadcast_addr
                0x0000000000027119                frame802154_extract_linkaddr
                0x0000000000027359                frame802154_hdrlen
                0x00000000000273aa                frame802154_create
                0x0000000000027595                frame802154_parse
 .text          0x000000000002789e        0x0 /usr/lib/gcc/i686-linux-gnu/4.8/crtendS.o
 .text          0x000000000002789e        0x0 /usr/lib/gcc/i686-linux-gnu/4.8/../../../i386-linux-gnu/crtn.o
 *(.gnu.warning)

.fini           0x00000000000278a0       0x14
 *(SORT(.fini))
 .fini          0x00000000000278a0        0xf /usr/lib/gcc/i686-linux-gnu/4.8/../../../i386-linux-gnu/crti.o
                0x00000000000278a0                _fini
 .fini          0x00000000000278af        0x5 /usr/lib/gcc/i686-linux-gnu/4.8/../../../i386-linux-gnu/crtn.o
                0x00000000000278b4                PROVIDE (__etext, .)
                0x00000000000278b4                PROVIDE (_etext, .)
                0x00000000000278b4                PROVIDE (etext, .)

.rodata         0x00000000000278c0      0xc20
 *(.rodata .rodata.* .gnu.linkonce.r.*)
 .rodata        0x00000000000278c0      0x2da udp-client.co
                0x00000000000278d4                autostart_processes
 *fill*         0x0000000000027b9a        0x2 
 .rodata        0x0000000000027b9c      0x1e6 obj_cooja/mtype936.o
 *fill*         0x0000000000027d82        0x2 
 .rodata        0x0000000000027d84        0x8 obj_cooja/mtype936.a(beep.o)
                0x0000000000027d84                beep_interface
 .rodata        0x0000000000027d8c       0x20 obj_cooja/mtype936.a(button-sensor.o)
                0x0000000000027d8c                button_interface
                0x0000000000027d9c                button_sensor
 .rodata        0x0000000000027dac        0x8 obj_cooja/mtype936.a(leds-arch.o)
                0x0000000000027dac                leds_interface
 .rodata        0x0000000000027db4        0x8 obj_cooja/mtype936.a(moteid.o)
                0x0000000000027db4                moteid_interface
 .rodata        0x0000000000027dbc       0x1c obj_cooja/mtype936.a(pir-sensor.o)
                0x0000000000027dbc                pir_interface
                0x0000000000027dc8                pir_sensor
 .rodata        0x0000000000027dd8        0xe obj_cooja/mtype936.a(rs232.o)
                0x0000000000027dd8                rs232_interface
 *fill*         0x0000000000027de6        0x2 
 .rodata        0x0000000000027de8       0x24 obj_cooja/mtype936.a(vib-sensor.o)
                0x0000000000027de8                vib_interface
                0x0000000000027dfc                vib_sensor
 .rodata        0x0000000000027e0c        0x8 obj_cooja/mtype936.a(clock.o)
                0x0000000000027e0c                clock_interface
 .rodata        0x0000000000027e14        0x8 obj_cooja/mtype936.a(log.o)
                0x0000000000027e14                simlog_interface
 .rodata        0x0000000000027e1c       0x2f obj_cooja/mtype936.a(cfs-cooja.o)
                0x0000000000027e1c                cfs_interface
 *fill*         0x0000000000027e4b       0x15 
 .rodata        0x0000000000027e60       0x60 obj_cooja/mtype936.a(cooja-radio.o)
                0x0000000000027e80                cooja_radio_driver
                0x0000000000027eb8                radio_interface
 .rodata        0x0000000000027ec0        0x8 obj_cooja/mtype936.a(eeprom.o)
                0x0000000000027ec0                eeprom_interface
 .rodata        0x0000000000027ec8        0x8 obj_cooja/mtype936.a(sensors.o)
 .rodata        0x0000000000027ed0      0x1fe obj_cooja/mtype936.a(dual_conf.o)
 .rodata        0x00000000000280ce        0xf obj_cooja/mtype936.a(ctimer.o)
 .rodata        0x00000000000280dd        0xc obj_cooja/mtype936.a(etimer.o)
 *fill*         0x00000000000280e9        0x3 
 .rodata        0x00000000000280ec       0x73 obj_cooja/mtype936.a(log_message.o)
 *fill*         0x000000000002815f        0x1 
 .rodata        0x0000000000028160       0x20 obj_cooja/mtype936.a(residual.o)
 .rodata        0x0000000000028180        0xe obj_cooja/mtype936.a(serial-line.o)
 *fill*         0x000000000002818e        0x2 
 .rodata        0x0000000000028190       0x2c obj_cooja/mtype936.a(sicslowpan.o)
                0x0000000000028190                unc_llconf
                0x0000000000028194                unc_ctxconf
                0x0000000000028198                unc_mxconf
                0x000000000002819c                llprefix
                0x00000000000281b0                sicslowpan_driver
 .rodata        0x00000000000281bc      0x13c obj_cooja/mtype936.a(uip6.o)
 .rodata        0x00000000000282f8       0x49 obj_cooja/mtype936.a(tcpip.o)
 .rodata        0x0000000000028341       0x3e obj_cooja/mtype936.a(uip-debug.o)
 *fill*         0x000000000002837f        0x1 
 .rodata        0x0000000000028380        0x4 obj_cooja/mtype936.a(rpl-dag.o)
 .rodata        0x0000000000028384       0x1c obj_cooja/mtype936.a(rpl-icmp6.o)
 .rodata        0x00000000000283a0       0x86 obj_cooja/mtype936.a(rpl-timers.o)
 *fill*         0x0000000000028426        0x2 
 .rodata        0x0000000000028428       0x24 obj_cooja/mtype936.a(csma.o)
                0x0000000000028430                csma_driver
 .rodata        0x000000000002844c        0xc obj_cooja/mtype936.a(framer-802154.o)
                0x000000000002844c                framer_802154
 *fill*         0x0000000000028458        0x8 
 .rodata        0x0000000000028460       0x60 obj_cooja/mtype936.a(cxmac.o)
                0x00000000000284a0                cxmac_driver
 .rodata        0x00000000000284c0        0x8 obj_cooja/mtype936.a(linkaddr.o)
                0x00000000000284c0                linkaddr_null
 .rodata        0x00000000000284c8       0x18 obj_cooja/mtype936.a(nullsec.o)
                0x00000000000284d0                nullsec_driver

.rodata1
 *(.rodata1)

.eh_frame_hdr   0x00000000000284e0     0x146c
 *(.eh_frame_hdr)
 .eh_frame_hdr  0x00000000000284e0     0x146c udp-client.co

.eh_frame       0x000000000002994c     0x5308
 *(.eh_frame)
 .eh_frame      0x000000000002994c       0x3c /usr/lib/gcc/i686-linux-gnu/4.8/../../../i386-linux-gnu/crti.o
                                         0x40 (size before relaxing)
 .eh_frame      0x0000000000029988       0xb4 udp-client.co
                                         0xcc (size before relaxing)
 .eh_frame      0x0000000000029a3c      0x148 obj_cooja/mtype936.o
                                        0x160 (size before relaxing)
 .eh_frame      0x0000000000029b84       0x40 obj_cooja/mtype936.a(simEnvChange.o)
                                         0x58 (size before relaxing)
 .eh_frame      0x0000000000029bc4       0xc0 obj_cooja/mtype936.a(cooja_mt.o)
                                         0xd8 (size before relaxing)
 .eh_frame      0x0000000000029c84      0x120 obj_cooja/mtype936.a(cooja_mtarch.o)
                                        0x138 (size before relaxing)
 .eh_frame      0x0000000000029da4       0xc0 obj_cooja/mtype936.a(rtimer-arch.o)
                                         0xd8 (size before relaxing)
 .eh_frame      0x0000000000029e64      0x160 obj_cooja/mtype936.a(beep.o)
                                        0x178 (size before relaxing)
 .eh_frame      0x0000000000029fc4       0xa0 obj_cooja/mtype936.a(button-sensor.o)
                                         0xb8 (size before relaxing)
 .eh_frame      0x000000000002a064       0xa0 obj_cooja/mtype936.a(leds-arch.o)
                                         0xb8 (size before relaxing)
 .eh_frame      0x000000000002a104       0x40 obj_cooja/mtype936.a(moteid.o)
                                         0x58 (size before relaxing)
 .eh_frame      0x000000000002a144       0xa0 obj_cooja/mtype936.a(pir-sensor.o)
                                         0xb8 (size before relaxing)
 .eh_frame      0x000000000002a1e4      0x100 obj_cooja/mtype936.a(rs232.o)
                                        0x118 (size before relaxing)
 .eh_frame      0x000000000002a2e4       0xa0 obj_cooja/mtype936.a(vib-sensor.o)
                                         0xb8 (size before relaxing)
 .eh_frame      0x000000000002a384       0xc0 obj_cooja/mtype936.a(clock.o)
                                         0xd8 (size before relaxing)
 .eh_frame      0x000000000002a444      0x120 obj_cooja/mtype936.a(log.o)
                                        0x138 (size before relaxing)
 .eh_frame      0x000000000002a564      0x160 obj_cooja/mtype936.a(cfs-cooja.o)
                                        0x178 (size before relaxing)
 .eh_frame      0x000000000002a6c4      0x2e0 obj_cooja/mtype936.a(cooja-radio.o)
                                        0x2f8 (size before relaxing)
 .eh_frame      0x000000000002a9a4       0xa0 obj_cooja/mtype936.a(eeprom.o)
                                         0xb8 (size before relaxing)
 .eh_frame      0x000000000002aa44       0x40 obj_cooja/mtype936.a(random.o)
                                         0x58 (size before relaxing)
 .eh_frame      0x000000000002aa84       0xc0 obj_cooja/mtype936.a(sensors.o)
                                         0xd8 (size before relaxing)
 .eh_frame      0x000000000002ab44      0x100 obj_cooja/mtype936.a(leds.o)
                                        0x118 (size before relaxing)
 .eh_frame      0x000000000002ac44      0x1a0 obj_cooja/mtype936.a(dual_conf.o)
                                        0x1b8 (size before relaxing)
 .eh_frame      0x000000000002ade4       0x40 obj_cooja/mtype936.a(autostart.o)
                                         0x58 (size before relaxing)
 .eh_frame      0x000000000002ae24      0x100 obj_cooja/mtype936.a(ctimer.o)
                                        0x118 (size before relaxing)
 .eh_frame      0x000000000002af24      0x1e0 obj_cooja/mtype936.a(etimer.o)
                                        0x1f8 (size before relaxing)
 .eh_frame      0x000000000002b104       0x40 obj_cooja/mtype936.a(log_message.o)
                                         0x58 (size before relaxing)
 .eh_frame      0x000000000002b144      0x1c8 obj_cooja/mtype936.a(process.o)
                                        0x1e0 (size before relaxing)
 .eh_frame      0x000000000002b30c       0x2c obj_cooja/mtype936.a(residual.o)
                                         0x44 (size before relaxing)
 .eh_frame      0x000000000002b338       0x60 obj_cooja/mtype936.a(rtimer.o)
                                         0x78 (size before relaxing)
 .eh_frame      0x000000000002b398       0xc4 obj_cooja/mtype936.a(stimer.o)
                                         0xdc (size before relaxing)
 .eh_frame      0x000000000002b45c       0xa4 obj_cooja/mtype936.a(timer.o)
                                         0xbc (size before relaxing)
 .eh_frame      0x000000000002b500       0x60 obj_cooja/mtype936.a(serial-line.o)
                                         0x78 (size before relaxing)
 .eh_frame      0x000000000002b560      0x180 obj_cooja/mtype936.a(list.o)
                                        0x198 (size before relaxing)
 .eh_frame      0x000000000002b6e0       0xa0 obj_cooja/mtype936.a(ringbuf.o)
                                         0xb8 (size before relaxing)
 .eh_frame      0x000000000002b780      0x350 obj_cooja/mtype936.a(sicslowpan.o)
                                        0x368 (size before relaxing)
 .eh_frame      0x000000000002bad0      0x180 obj_cooja/mtype936.a(uip-ds6-nbr.o)
                                        0x198 (size before relaxing)
 .eh_frame      0x000000000002bc50      0x2a0 obj_cooja/mtype936.a(uip-ds6-route.o)
                                        0x2b8 (size before relaxing)
 .eh_frame      0x000000000002bef0      0x3c8 obj_cooja/mtype936.a(uip-ds6.o)
                                        0x3e0 (size before relaxing)
 .eh_frame      0x000000000002c2b8      0x27c obj_cooja/mtype936.a(uip6.o)
                                        0x294 (size before relaxing)
 .eh_frame      0x000000000002c534      0x270 obj_cooja/mtype936.a(tcpip.o)
                                        0x288 (size before relaxing)
 .eh_frame      0x000000000002c7a4       0x48 obj_cooja/mtype936.a(uip-debug.o)
                                         0x60 (size before relaxing)
 .eh_frame      0x000000000002c7ec       0xe0 obj_cooja/mtype936.a(uip-packetqueue)
                                         0xf8 (size before relaxing)
 .eh_frame      0x000000000002c8cc       0x40 obj_cooja/mtype936.a(uip-udp-packet.)
                                         0x58 (size before relaxing)
 .eh_frame      0x000000000002c90c      0x76c obj_cooja/mtype936.a(rpl-dag.o)
                                        0x784 (size before relaxing)
 .eh_frame      0x000000000002d078      0x10c obj_cooja/mtype936.a(rpl-ext-header.)
                                        0x124 (size before relaxing)
 .eh_frame      0x000000000002d184      0x2f8 obj_cooja/mtype936.a(rpl-icmp6.o)
                                        0x310 (size before relaxing)
 .eh_frame      0x000000000002d47c       0xe0 obj_cooja/mtype936.a(rpl-ltmax.o)
                                         0xf8 (size before relaxing)
 .eh_frame      0x000000000002d55c      0x26c obj_cooja/mtype936.a(rpl-timers.o)
                                        0x284 (size before relaxing)
 .eh_frame      0x000000000002d7c8      0x148 obj_cooja/mtype936.a(rpl.o)
                                        0x160 (size before relaxing)
 .eh_frame      0x000000000002d910      0x28c obj_cooja/mtype936.a(csma.o)
                                        0x2a4 (size before relaxing)
 .eh_frame      0x000000000002db9c      0x108 obj_cooja/mtype936.a(framer-802154.o)
                                        0x120 (size before relaxing)
 .eh_frame      0x000000000002dca4       0x20 obj_cooja/mtype936.a(mac.o)
                                         0x38 (size before relaxing)
 .eh_frame      0x000000000002dcc4      0x2bc obj_cooja/mtype936.a(cxmac.o)
                                        0x2d4 (size before relaxing)
 .eh_frame      0x000000000002df80       0x80 obj_cooja/mtype936.a(linkaddr.o)
                                         0x98 (size before relaxing)
 .eh_frame      0x000000000002e000      0x2cc obj_cooja/mtype936.a(nbr-table.o)
                                        0x2e4 (size before relaxing)
 .eh_frame      0x000000000002e2cc       0x20 obj_cooja/mtype936.a(netstack.o)
                                         0x38 (size before relaxing)
 .eh_frame      0x000000000002e2ec      0x214 obj_cooja/mtype936.a(packetbuf.o)
                                        0x22c (size before relaxing)
 .eh_frame      0x000000000002e500      0x1a0 obj_cooja/mtype936.a(queuebuf.o)
                                        0x1b8 (size before relaxing)
 .eh_frame      0x000000000002e6a0       0x80 obj_cooja/mtype936.a(nullsec.o)
                                         0x98 (size before relaxing)
 .eh_frame      0x000000000002e720       0xa0 obj_cooja/mtype936.a(watchdog.o)
                                         0xb8 (size before relaxing)
 .eh_frame      0x000000000002e7c0       0xa0 obj_cooja/mtype936.a(memb.o)
                                         0xb8 (size before relaxing)
 .eh_frame      0x000000000002e860      0x164 obj_cooja/mtype936.a(uip-icmp6.o)
                                        0x17c (size before relaxing)
 .eh_frame      0x000000000002e9c4       0x68 obj_cooja/mtype936.a(uip-nd6.o)
                                         0x80 (size before relaxing)
 .eh_frame      0x000000000002ea2c       0xc0 obj_cooja/mtype936.a(rpl-nbr-policy.)
                                         0xd8 (size before relaxing)
 .eh_frame      0x000000000002eaec      0x164 obj_cooja/mtype936.a(frame802154.o)
                                        0x17c (size before relaxing)
 .eh_frame      0x000000000002ec50        0x4 /usr/lib/gcc/i686-linux-gnu/4.8/crtendS.o

.gcc_except_table
 *(.gcc_except_table .gcc_except_table.*)

.exception_ranges
 *(.exception_ranges .exception_ranges*)
                0x000000000002ec54                . = (ALIGN (0x1000) - ((0x1000 - .) & 0xfff))
                0x000000000002fef8                . = DATA_SEGMENT_ALIGN (0x1000, 0x1000)

.eh_frame
 *(.eh_frame)

.gcc_except_table
 *(.gcc_except_table .gcc_except_table.*)

.exception_ranges
 *(.exception_ranges .exception_ranges*)

.tdata
 *(.tdata .tdata.* .gnu.linkonce.td.*)

.tbss
 *(.tbss .tbss.* .gnu.linkonce.tb.*)
 *(.tcommon)

.preinit_array
 *(.preinit_array)

.init_array     0x000000000002fef8        0x4
 *(SORT(.init_array.*) SORT(.ctors.*))
 *(.init_array EXCLUDE_FILE(*crtend?.o *crtend.o *crtbegin?.o *crtbegin.o) .ctors)
 .init_array    0x000000000002fef8        0x4 /usr/lib/gcc/i686-linux-gnu/4.8/crtbeginS.o

.fini_array     0x000000000002fefc        0x4
 *(SORT(.fini_array.*) SORT(.dtors.*))
 *(.fini_array EXCLUDE_FILE(*crtend?.o *crtend.o *crtbegin?.o *crtbegin.o) .dtors)
 .fini_array    0x000000000002fefc        0x4 /usr/lib/gcc/i686-linux-gnu/4.8/crtbeginS.o

.ctors
 *crtbegin.o(.ctors)
 *crtbegin?.o(.ctors)
 *(EXCLUDE_FILE(*crtend?.o *crtend.o) .ctors)
 *(SORT(.ctors.*))
 *(.ctors)

.dtors
 *crtbegin.o(.dtors)
 *crtbegin?.o(.dtors)
 *(EXCLUDE_FILE(*crtend?.o *crtend.o) .dtors)
 *(SORT(.dtors.*))
 *(.dtors)

.jcr            0x000000000002ff00        0x4
 *(.jcr)
 .jcr           0x000000000002ff00        0x0 /usr/lib/gcc/i686-linux-gnu/4.8/crtbeginS.o
 .jcr           0x000000000002ff00        0x4 /usr/lib/gcc/i686-linux-gnu/4.8/crtendS.o

.data.rel.ro
 *(.data.rel.ro.local* .gnu.linkonce.d.rel.ro.local.*)
 *(.data.rel.ro .data.rel.ro.* .gnu.linkonce.d.rel.ro.*)

.dynamic        0x000000000002ff04       0xe8
 *(.dynamic)
 .dynamic       0x000000000002ff04       0xe8 /usr/lib/gcc/i686-linux-gnu/4.8/../../../i386-linux-gnu/crti.o
                0x000000000002ff04                _DYNAMIC

.got            0x000000000002ffec       0x14
 *(.got)
 .got           0x000000000002ffec       0x14 /usr/lib/gcc/i686-linux-gnu/4.8/../../../i386-linux-gnu/crti.o
 *(.igot)
                0x0000000000030ff4                . = DATA_SEGMENT_RELRO_END (., (SIZEOF (.got.plt) >= 0xc)?0xc:0x0)

.got.plt        0x0000000000030000       0x14
 *(.got.plt)
 .got.plt       0x0000000000030000       0x14 /usr/lib/gcc/i686-linux-gnu/4.8/../../../i386-linux-gnu/crti.o
                0x0000000000030000                _GLOBAL_OFFSET_TABLE_
 *(.igot.plt)

.data           0x0000000000030020      0x2fe
 *(.data .data.* .gnu.linkonce.d.*)
 .data          0x0000000000030020        0x0 /usr/lib/gcc/i686-linux-gnu/4.8/../../../i386-linux-gnu/crti.o
 .data          0x0000000000030020        0x0 /usr/lib/gcc/i686-linux-gnu/4.8/crtbeginS.o
 .data.rel      0x0000000000030020        0x4 /usr/lib/gcc/i686-linux-gnu/4.8/crtbeginS.o
                0x0000000000030020                __dso_handle
 .data          0x0000000000030024       0x10 udp-client.co
                0x0000000000030024                udp_client_process
 *fill*         0x0000000000030034        0xc 
 .data          0x0000000000030040       0x44 obj_cooja/mtype936.o
                0x0000000000030040                simInterfaces
                0x0000000000030074                sensors
 .data          0x0000000000030084        0x0 obj_cooja/mtype936.a(simEnvChange.o)
 .data          0x0000000000030084        0x0 obj_cooja/mtype936.a(cooja_mt.o)
 .data          0x0000000000030084        0x0 obj_cooja/mtype936.a(cooja_mtarch.o)
 .data          0x0000000000030084        0x0 obj_cooja/mtype936.a(rtimer-arch.o)
 .data          0x0000000000030084        0x0 obj_cooja/mtype936.a(beep.o)
 .data          0x0000000000030084        0x0 obj_cooja/mtype936.a(button-sensor.o)
 .data          0x0000000000030084        0x0 obj_cooja/mtype936.a(leds-arch.o)
 .data          0x0000000000030084        0x0 obj_cooja/mtype936.a(moteid.o)
 .data          0x0000000000030084        0x0 obj_cooja/mtype936.a(pir-sensor.o)
 .data          0x0000000000030084        0x0 obj_cooja/mtype936.a(rs232.o)
 .data          0x0000000000030084        0x0 obj_cooja/mtype936.a(vib-sensor.o)
 .data          0x0000000000030084        0x0 obj_cooja/mtype936.a(clock.o)
 .data          0x0000000000030084        0x0 obj_cooja/mtype936.a(log.o)
 .data          0x0000000000030084        0x0 obj_cooja/mtype936.a(cfs-cooja.o)
 .data          0x0000000000030084       0x40 obj_cooja/mtype936.a(cooja-radio.o)
                0x0000000000030084                simRadioChannelLR
                0x0000000000030088                simRadioHWOnLR
                0x000000000003008c                simSignalStrengthLR
                0x0000000000030090                simLastSignalStrengthLR
                0x0000000000030094                simPowerLR
                0x0000000000030098                simLQILR
                0x000000000003009c                simRadioChannel
                0x00000000000300a0                simRadioHWOn
                0x00000000000300a4                simSignalStrength
                0x00000000000300a8                simLastSignalStrength
                0x00000000000300ac                simPower
                0x00000000000300b0                simLQI
                0x00000000000300b4                cooja_radio_process
 .data          0x00000000000300c4        0x0 obj_cooja/mtype936.a(eeprom.o)
 .data          0x00000000000300c4        0x0 obj_cooja/mtype936.a(random.o)
 .data          0x00000000000300c4       0x10 obj_cooja/mtype936.a(sensors.o)
                0x00000000000300c4                sensors_process
 .data          0x00000000000300d4        0x0 obj_cooja/mtype936.a(leds.o)
 .data          0x00000000000300d4       0x3a obj_cooja/mtype936.a(dual_conf.o)
                0x00000000000300d4                radio_received
                0x00000000000300d8                dual_dio_broadcast
                0x00000000000300e8                dual_dis_broadcast
                0x00000000000300f8                dual_LSA_converge_broadcast
 .data          0x000000000003010e        0x0 obj_cooja/mtype936.a(autostart.o)
 *fill*         0x000000000003010e        0x2 
 .data          0x0000000000030110       0x14 obj_cooja/mtype936.a(ctimer.o)
                0x0000000000030114                ctimer_process
 .data          0x0000000000030124       0x10 obj_cooja/mtype936.a(etimer.o)
                0x0000000000030124                etimer_process
 .data          0x0000000000030134        0x0 obj_cooja/mtype936.a(log_message.o)
 .data          0x0000000000030134        0x0 obj_cooja/mtype936.a(process.o)
 .data          0x0000000000030134        0x0 obj_cooja/mtype936.a(residual.o)
 .data          0x0000000000030134        0x0 obj_cooja/mtype936.a(rtimer.o)
 .data          0x0000000000030134        0x0 obj_cooja/mtype936.a(stimer.o)
 .data          0x0000000000030134        0x0 obj_cooja/mtype936.a(timer.o)
 .data          0x0000000000030134       0x10 obj_cooja/mtype936.a(serial-line.o)
                0x0000000000030134                serial_line_process
 .data          0x0000000000030144        0x0 obj_cooja/mtype936.a(list.o)
 .data          0x0000000000030144        0x0 obj_cooja/mtype936.a(ringbuf.o)
 .data          0x0000000000030144        0x0 obj_cooja/mtype936.a(sicslowpan.o)
 .data          0x0000000000030144       0x14 obj_cooja/mtype936.a(uip-ds6-nbr.o)
                0x0000000000030154                ds6_neighbors
 .data          0x0000000000030158       0x44 obj_cooja/mtype936.a(uip-ds6-route.o)
                0x0000000000030168                nbr_routes
 .data          0x000000000003019c        0x0 obj_cooja/mtype936.a(uip-ds6.o)
 .data          0x000000000003019c        0x0 obj_cooja/mtype936.a(uip6.o)
 .data          0x000000000003019c       0x10 obj_cooja/mtype936.a(tcpip.o)
                0x000000000003019c                tcpip_process
 .data          0x00000000000301ac        0x0 obj_cooja/mtype936.a(uip-debug.o)
 .data          0x00000000000301ac        0xc obj_cooja/mtype936.a(uip-packetqueue)
 .data          0x00000000000301b8        0x0 obj_cooja/mtype936.a(uip-udp-packet.)
 .data          0x00000000000301b8       0x28 obj_cooja/mtype936.a(rpl-dag.o)
                0x00000000000301c8                rpl_parents
                0x00000000000301dc                rpl_children
 .data          0x00000000000301e0        0x0 obj_cooja/mtype936.a(rpl-ext-header.)
 .data          0x00000000000301e0       0x40 obj_cooja/mtype936.a(rpl-icmp6.o)
 .data          0x0000000000030220       0x1c obj_cooja/mtype936.a(rpl-ltmax.o)
                0x0000000000030220                rpl_ltmax_of
 .data          0x000000000003023c        0x0 obj_cooja/mtype936.a(rpl-timers.o)
 .data          0x000000000003023c       0x3c obj_cooja/mtype936.a(rpl.o)
                0x000000000003023c                determined_parent
                0x000000000003025a                determined_radio
 .data          0x0000000000030278       0x28 obj_cooja/mtype936.a(csma.o)
 .data          0x00000000000302a0        0x0 obj_cooja/mtype936.a(framer-802154.o)
 .data          0x00000000000302a0        0x0 obj_cooja/mtype936.a(mac.o)
 .data          0x00000000000302a0       0x30 obj_cooja/mtype936.a(cxmac.o)
                0x00000000000302a0                cxmac_config
                0x00000000000302b0                strobe_wait
 .data          0x00000000000302d0        0x0 obj_cooja/mtype936.a(linkaddr.o)
 .data          0x00000000000302d0       0x10 obj_cooja/mtype936.a(nbr-table.o)
 .data          0x00000000000302e0        0x0 obj_cooja/mtype936.a(netstack.o)
 .data          0x00000000000302e0        0x4 obj_cooja/mtype936.a(packetbuf.o)
 .data          0x00000000000302e4       0x18 obj_cooja/mtype936.a(queuebuf.o)
 .data          0x00000000000302fc        0x0 obj_cooja/mtype936.a(nullsec.o)
 .data          0x00000000000302fc        0x0 obj_cooja/mtype936.a(watchdog.o)
 .data          0x00000000000302fc        0x0 obj_cooja/mtype936.a(rimestats.o)
 .data          0x00000000000302fc        0x0 obj_cooja/mtype936.a(memb.o)
 .data          0x00000000000302fc       0x20 obj_cooja/mtype936.a(uip-icmp6.o)
 .data          0x000000000003031c        0x0 obj_cooja/mtype936.a(uip-nd6.o)
 .data          0x000000000003031c        0x0 obj_cooja/mtype936.a(rpl-nbr-policy.)
 .data          0x000000000003031c        0x2 obj_cooja/mtype936.a(frame802154.o)
 .data          0x000000000003031e        0x0 /usr/lib/gcc/i686-linux-gnu/4.8/crtendS.o
 .data          0x000000000003031e        0x0 /usr/lib/gcc/i686-linux-gnu/4.8/../../../i386-linux-gnu/crtn.o

.tm_clone_table
                0x0000000000030320        0x0
 .tm_clone_table
                0x0000000000030320        0x0 /usr/lib/gcc/i686-linux-gnu/4.8/crtbeginS.o
 .tm_clone_table
                0x0000000000030320        0x0 /usr/lib/gcc/i686-linux-gnu/4.8/crtendS.o

.data1
 *(.data1)
                0x0000000000030320                _edata = .
                0x0000000000030320                PROVIDE (edata, .)
                0x0000000000030320                . = .
                0x0000000000030320                __bss_start = .

.bss            0x0000000000030320     0x85e8
 *(.dynbss)
 .dynbss        0x0000000000000000        0x0 /usr/lib/gcc/i686-linux-gnu/4.8/../../../i386-linux-gnu/crti.o
 *(.bss .bss.* .gnu.linkonce.b.*)
 .bss           0x0000000000030320        0x0 /usr/lib/gcc/i686-linux-gnu/4.8/../../../i386-linux-gnu/crti.o
 .bss           0x0000000000030320        0x1 /usr/lib/gcc/i686-linux-gnu/4.8/crtbeginS.o
 *fill*         0x0000000000030321       0x1f 
 .bss           0x0000000000030340       0x60 udp-client.co
                0x0000000000030340                my_weight
 .bss           0x00000000000303a0     0x2030 obj_cooja/mtype936.o
 .bss           0x00000000000323d0        0x1 obj_cooja/mtype936.a(simEnvChange.o)
                0x00000000000323d0                simDontFallAsleep
 *fill*         0x00000000000323d1        0x3 
 .bss           0x00000000000323d4        0x4 obj_cooja/mtype936.a(cooja_mt.o)
 .bss           0x00000000000323d8        0x4 obj_cooja/mtype936.a(cooja_mtarch.o)
 .bss           0x00000000000323dc        0xc obj_cooja/mtype936.a(rtimer-arch.o)
 .bss           0x00000000000323e8        0x0 obj_cooja/mtype936.a(beep.o)
 .bss           0x00000000000323e8        0x8 obj_cooja/mtype936.a(button-sensor.o)
 .bss           0x00000000000323f0        0x0 obj_cooja/mtype936.a(leds-arch.o)
 .bss           0x00000000000323f0        0x0 obj_cooja/mtype936.a(moteid.o)
 .bss           0x00000000000323f0        0x1 obj_cooja/mtype936.a(pir-sensor.o)
                0x00000000000323f0                simPirValue
 *fill*         0x00000000000323f1        0x3 
 .bss           0x00000000000323f4        0x4 obj_cooja/mtype936.a(rs232.o)
 .bss           0x00000000000323f8        0x1 obj_cooja/mtype936.a(vib-sensor.o)
                0x00000000000323f8                simVibValue
 .bss           0x00000000000323f9        0x0 obj_cooja/mtype936.a(clock.o)
 *fill*         0x00000000000323f9        0x7 
 .bss           0x0000000000032400      0x420 obj_cooja/mtype936.a(log.o)
 .bss           0x0000000000032820      0xfc0 obj_cooja/mtype936.a(cfs-cooja.o)
                0x0000000000032820                simCFSData
                0x00000000000337c0                simCFSSize
                0x00000000000337c4                simCFSChanged
                0x00000000000337c8                simCFSRead
                0x00000000000337cc                simCFSWritten
 .bss           0x00000000000337e0       0x24 obj_cooja/mtype936.a(cooja-radio.o)
                0x00000000000337e0                simReceivingLR
                0x00000000000337e4                simInSizeLR
                0x00000000000337e8                simOutSizeLR
                0x00000000000337ec                simReceiving
                0x00000000000337f0                simInSize
                0x00000000000337f4                simOutSize
                0x00000000000337f8                LongRangeTransmit
                0x00000000000337fc                LongRangeReceiving
 .bss           0x0000000000033804        0xc obj_cooja/mtype936.a(eeprom.o)
                0x0000000000033804                simEEPROMChanged
                0x0000000000033808                simEEPROMRead
                0x000000000003380c                simEEPROMWritten
 .bss           0x0000000000033810        0x0 obj_cooja/mtype936.a(random.o)
 .bss           0x0000000000033810        0xc obj_cooja/mtype936.a(sensors.o)
 .bss           0x000000000003381c        0x1 obj_cooja/mtype936.a(leds.o)
 *fill*         0x000000000003381d        0x3 
 .bss           0x0000000000033820       0x40 obj_cooja/mtype936.a(dual_conf.o)
                0x0000000000033820                long_range_radio
 .bss           0x0000000000033860        0x0 obj_cooja/mtype936.a(autostart.o)
 .bss           0x0000000000033860        0x5 obj_cooja/mtype936.a(ctimer.o)
 *fill*         0x0000000000033865        0x3 
 .bss           0x0000000000033868        0x8 obj_cooja/mtype936.a(etimer.o)
 .bss           0x0000000000033870        0x0 obj_cooja/mtype936.a(log_message.o)
 *fill*         0x0000000000033870       0x10 
 .bss           0x0000000000033880      0x1b1 obj_cooja/mtype936.a(process.o)
                0x0000000000033880                process_list
                0x0000000000033884                process_current
 .bss           0x0000000000033a31        0x0 obj_cooja/mtype936.a(residual.o)
 *fill*         0x0000000000033a31        0x3 
 .bss           0x0000000000033a34        0x4 obj_cooja/mtype936.a(rtimer.o)
 .bss           0x0000000000033a38        0x0 obj_cooja/mtype936.a(stimer.o)
 .bss           0x0000000000033a38        0x0 obj_cooja/mtype936.a(timer.o)
 *fill*         0x0000000000033a38        0x8 
 .bss           0x0000000000033a40      0x140 obj_cooja/mtype936.a(serial-line.o)
 .bss           0x0000000000033b80        0x0 obj_cooja/mtype936.a(list.o)
 .bss           0x0000000000033b80        0x0 obj_cooja/mtype936.a(ringbuf.o)
 .bss           0x0000000000033b80      0x70c obj_cooja/mtype936.a(sicslowpan.o)
 *fill*         0x000000000003428c       0x14 
 .bss           0x00000000000342a0       0xc0 obj_cooja/mtype936.a(uip-ds6-nbr.o)
 .bss           0x0000000000034360      0x4a8 obj_cooja/mtype936.a(uip-ds6-route.o)
 .bss           0x0000000000034808       0x30 obj_cooja/mtype936.a(uip-ds6.o)
 .bss           0x0000000000034838        0xe obj_cooja/mtype936.a(uip6.o)
                0x0000000000034838                uip_ext_bitmap
                0x0000000000034839                uip_ext_len
                0x000000000003483a                uip_ext_opt_offset
 *fill*         0x0000000000034846       0x1a 
 .bss           0x0000000000034860       0x6b obj_cooja/mtype936.a(tcpip.o)
 .bss           0x00000000000348cb        0x0 obj_cooja/mtype936.a(uip-debug.o)
 *fill*         0x00000000000348cb       0x15 
 .bss           0x00000000000348e0      0xcf8 obj_cooja/mtype936.a(uip-packetqueue)
 .bss           0x00000000000355d8        0x0 obj_cooja/mtype936.a(uip-udp-packet.)
 *fill*         0x00000000000355d8        0x8 
 .bss           0x00000000000355e0       0x88 obj_cooja/mtype936.a(rpl-dag.o)
 .bss           0x0000000000035668        0x0 obj_cooja/mtype936.a(rpl-ext-header.)
 .bss           0x0000000000035668        0x0 obj_cooja/mtype936.a(rpl-icmp6.o)
 .bss           0x0000000000035668        0x0 obj_cooja/mtype936.a(rpl-ltmax.o)
 *fill*         0x0000000000035668       0x18 
 .bss           0x0000000000035680       0x60 obj_cooja/mtype936.a(rpl-timers.o)
 .bss           0x00000000000356e0        0x4 obj_cooja/mtype936.a(rpl.o)
 *fill*         0x00000000000356e4       0x1c 
 .bss           0x0000000000035700      0x248 obj_cooja/mtype936.a(csma.o)
 .bss           0x0000000000035948        0x2 obj_cooja/mtype936.a(framer-802154.o)
 .bss           0x000000000003594a        0x0 obj_cooja/mtype936.a(mac.o)
 *fill*         0x000000000003594a       0x16 
 .bss           0x0000000000035960       0xb0 obj_cooja/mtype936.a(cxmac.o)
 .bss           0x0000000000035a10        0x0 obj_cooja/mtype936.a(linkaddr.o)
 *fill*         0x0000000000035a10       0x10 
 .bss           0x0000000000035a20       0xc4 obj_cooja/mtype936.a(nbr-table.o)
 .bss           0x0000000000035ae4        0x0 obj_cooja/mtype936.a(netstack.o)
 *fill*         0x0000000000035ae4       0x1c 
 .bss           0x0000000000035b00       0xa0 obj_cooja/mtype936.a(packetbuf.o)
 .bss           0x0000000000035ba0      0xb80 obj_cooja/mtype936.a(queuebuf.o)
 .bss           0x0000000000036720        0x0 obj_cooja/mtype936.a(nullsec.o)
 .bss           0x0000000000036720        0x0 obj_cooja/mtype936.a(watchdog.o)
 .bss           0x0000000000036720        0x0 obj_cooja/mtype936.a(rimestats.o)
 .bss           0x0000000000036720        0x0 obj_cooja/mtype936.a(memb.o)
 .bss           0x0000000000036720       0x18 obj_cooja/mtype936.a(uip-icmp6.o)
 .bss           0x0000000000036738        0x0 obj_cooja/mtype936.a(uip-nd6.o)
 *fill*         0x0000000000036738        0x8 
 .bss           0x0000000000036740       0x44 obj_cooja/mtype936.a(rpl-nbr-policy.)
 .bss           0x0000000000036784        0x0 obj_cooja/mtype936.a(frame802154.o)
 .bss           0x0000000000036784        0x0 /usr/lib/gcc/i686-linux-gnu/4.8/crtendS.o
 .bss           0x0000000000036784        0x0 /usr/lib/gcc/i686-linux-gnu/4.8/../../../i386-linux-gnu/crtn.o
 *(COMMON)
 COMMON         0x0000000000036784       0x54 udp-client.co
                0x0000000000036784                dio_count
                0x0000000000036788                dis_count
                0x000000000003678c                collision_count
                0x0000000000036790                transmission_count
                0x0000000000036794                COOJA_radioRxLong
                0x0000000000036798                LSA_message_input
                0x000000000003679c                control_message_count
                0x00000000000367a0                dao_count
                0x00000000000367a4                COOJA_radioTx
                0x00000000000367a8                LSA_SR_preamble
                0x00000000000367ac                data_relay_count
                0x00000000000367b0                LSA_lr_child
                0x00000000000367b4                data_message_count
                0x00000000000367b8                LSA_converge
                0x00000000000367b9                my_sink_reachability
                0x00000000000367bc                COOJA_radioTxLong
                0x00000000000367c0                COOJA_radioRx
                0x00000000000367c4                my_parent_number
                0x00000000000367c8                COOJA_radioOn
                0x00000000000367cc                COOJA_duration
                0x00000000000367d0                dio_ack_count
                0x00000000000367d4                COOJA_radioOnLong
 COMMON         0x00000000000367d8        0xc obj_cooja/mtype936.o
                0x00000000000367d8                referenceVar
                0x00000000000367dc                debugfp
                0x00000000000367e0                sensors_flags
 COMMON         0x00000000000367e4        0xc obj_cooja/mtype936.a(simEnvChange.o)
                0x00000000000367e4                simEtimerPending
                0x00000000000367e8                simProcessRunValue
                0x00000000000367ec                simNextExpirationTime
 COMMON         0x00000000000367f0        0x1 obj_cooja/mtype936.a(beep.o)
                0x00000000000367f0                simBeeped
 COMMON         0x00000000000367f1        0x3 obj_cooja/mtype936.a(button-sensor.o)
                0x00000000000367f1                simButtonIsActive
                0x00000000000367f2                simButtonIsDown
                0x00000000000367f3                simButtonChanged
 COMMON         0x00000000000367f4        0x1 obj_cooja/mtype936.a(leds-arch.o)
                0x00000000000367f4                simLedsValue
 *fill*         0x00000000000367f5        0x3 
 COMMON         0x00000000000367f8        0xc obj_cooja/mtype936.a(moteid.o)
                0x00000000000367f8                simRandomSeed
                0x00000000000367fc                simMoteIDChanged
                0x0000000000036800                simMoteID
 COMMON         0x0000000000036804        0x2 obj_cooja/mtype936.a(pir-sensor.o)
                0x0000000000036804                simPirIsActive
                0x0000000000036805                simPirChanged
 *fill*         0x0000000000036806       0x1a 
 COMMON         0x0000000000036820      0x820 obj_cooja/mtype936.a(rs232.o)
                0x0000000000036820                simSerialReceivingFlag
                0x0000000000036824                simSerialReceivingLength
                0x0000000000036840                simSerialReceivingData
 COMMON         0x0000000000037040        0x2 obj_cooja/mtype936.a(vib-sensor.o)
                0x0000000000037040                simVibChanged
                0x0000000000037041                simVibIsActive
 *fill*         0x0000000000037042        0x2 
 COMMON         0x0000000000037044        0x4 obj_cooja/mtype936.a(clock.o)
                0x0000000000037044                simCurrentTime
 *fill*         0x0000000000037048       0x18 
 COMMON         0x0000000000037060      0x420 obj_cooja/mtype936.a(log.o)
                0x0000000000037060                simLoggedLength
                0x0000000000037064                simLoggedFlag
                0x0000000000037080                simLoggedData
 COMMON         0x0000000000037480      0x240 obj_cooja/mtype936.a(cooja-radio.o)
                0x0000000000037480                simOutDataBuffer
                0x0000000000037500                simRadioTarget
                0x0000000000037520                simInDataBufferLR
                0x00000000000375a0                simOutDataBufferLR
                0x0000000000037620                dual_duty_cycle_count
                0x0000000000037640                simInDataBuffer
 COMMON         0x00000000000376c0      0x400 obj_cooja/mtype936.a(eeprom.o)
                0x00000000000376c0                simEEPROMData
 COMMON         0x0000000000037ac0        0x1 obj_cooja/mtype936.a(sensors.o)
                0x0000000000037ac0                sensors_event
 *fill*         0x0000000000037ac1        0x3 
 COMMON         0x0000000000037ac4        0x4 obj_cooja/mtype936.a(log_message.o)
                0x0000000000037ac4                log_fp
 COMMON         0x0000000000037ac8        0x1 obj_cooja/mtype936.a(serial-line.o)
                0x0000000000037ac8                serial_line_event_message
 *fill*         0x0000000000037ac9       0x17 
 COMMON         0x0000000000037ae0       0x50 obj_cooja/mtype936.a(uip-ds6-nbr.o)
                0x0000000000037ae0                ds6_lr_addrmap
 *fill*         0x0000000000037b30       0x10 
 COMMON         0x0000000000037b40      0x298 obj_cooja/mtype936.a(uip-ds6.o)
                0x0000000000037b40                uip_ds6_prefix_list
                0x0000000000037ba0                uip_ds6_timer_periodic
                0x0000000000037bb0                uip_ds6_netif_addr_list_offset
                0x0000000000037bc0                uip_ds6_if
                0x0000000000037cb8                uip_ds6_timer_ra
                0x0000000000037cc0                uip_ds6_addr_size
                0x0000000000037ce0                long_uip_ds6_if
 *fill*         0x0000000000037dd8        0x8 
 COMMON         0x0000000000037de0      0x8ec obj_cooja/mtype936.a(uip6.o)
                0x0000000000037de0                uip_slen
                0x0000000000037de2                uip_acc32
                0x0000000000037e00                uip_conns
                0x0000000000037ec0                uip_lladdr
                0x0000000000037ec8                uip_appdata
                0x0000000000037ecc                uip_flags
                0x0000000000037ee0                uip_aligned_buf
                0x0000000000038520                uip_listenports
                0x0000000000038530                uip_len
                0x0000000000038532                uip_long_lladdr
                0x000000000003853c                uip_sappdata
                0x0000000000038540                uip_udp_conns
                0x00000000000386c0                uip_udp_conn
                0x00000000000386c4                uip_next_hdr
                0x00000000000386c8                uip_conn
 COMMON         0x00000000000386cc        0x1 obj_cooja/mtype936.a(tcpip.o)
                0x00000000000386cc                tcpip_event
 *fill*         0x00000000000386cd       0x13 
 COMMON         0x00000000000386e0      0x198 obj_cooja/mtype936.a(rpl-dag.o)
                0x00000000000386e0                default_instance
                0x0000000000038700                instance_table
 COMMON         0x0000000000038878       0x10 obj_cooja/mtype936.a(linkaddr.o)
                0x0000000000038878                linkaddr_node_addr
                0x0000000000038880                long_linkaddr_node_addr
 COMMON         0x0000000000038888       0x2e obj_cooja/mtype936.a(packetbuf.o)
                0x0000000000038888                packetbuf_attrs
                0x00000000000388a6                packetbuf_addrs
 *fill*         0x00000000000388b6        0xa 
 COMMON         0x00000000000388c0       0x48 obj_cooja/mtype936.a(rimestats.o)
                0x00000000000388c0                rimestats
                0x0000000000038908                . = ALIGN ((. != 0x0)?0x4:0x1)
                0x0000000000038908                . = ALIGN (0x4)
                0x0000000000038908                . = SEGMENT_START ("ldata-segment", .)
                0x0000000000038908                . = ALIGN (0x4)
                0x0000000000038908                _end = .
                0x0000000000038908                PROVIDE (end, .)
                0x0000000000038908                . = DATA_SEGMENT_END (.)

.stab
 *(.stab)

.stabstr
 *(.stabstr)

.stab.excl
 *(.stab.excl)

.stab.exclstr
 *(.stab.exclstr)

.stab.index
 *(.stab.index)

.stab.indexstr
 *(.stab.indexstr)

.comment        0x0000000000000000       0x29
 *(.comment)
 .comment       0x0000000000000000       0x29 /usr/lib/gcc/i686-linux-gnu/4.8/crtbeginS.o
                                         0x2a (size before relaxing)
 .comment       0x0000000000000000       0x2a udp-client.co
 .comment       0x0000000000000000       0x2a obj_cooja/mtype936.o
 .comment       0x0000000000000000       0x2a obj_cooja/mtype936.a(simEnvChange.o)
 .comment       0x0000000000000000       0x2a obj_cooja/mtype936.a(cooja_mt.o)
 .comment       0x0000000000000000       0x2a obj_cooja/mtype936.a(cooja_mtarch.o)
 .comment       0x0000000000000000       0x2a obj_cooja/mtype936.a(rtimer-arch.o)
 .comment       0x0000000000000000       0x2a obj_cooja/mtype936.a(beep.o)
 .comment       0x0000000000000000       0x2a obj_cooja/mtype936.a(button-sensor.o)
 .comment       0x0000000000000000       0x2a obj_cooja/mtype936.a(leds-arch.o)
 .comment       0x0000000000000000       0x2a obj_cooja/mtype936.a(moteid.o)
 .comment       0x0000000000000000       0x2a obj_cooja/mtype936.a(pir-sensor.o)
 .comment       0x0000000000000000       0x2a obj_cooja/mtype936.a(rs232.o)
 .comment       0x0000000000000000       0x2a obj_cooja/mtype936.a(vib-sensor.o)
 .comment       0x0000000000000000       0x2a obj_cooja/mtype936.a(clock.o)
 .comment       0x0000000000000000       0x2a obj_cooja/mtype936.a(log.o)
 .comment       0x0000000000000000       0x2a obj_cooja/mtype936.a(cfs-cooja.o)
 .comment       0x0000000000000000       0x2a obj_cooja/mtype936.a(cooja-radio.o)
 .comment       0x0000000000000000       0x2a obj_cooja/mtype936.a(eeprom.o)
 .comment       0x0000000000000000       0x2a obj_cooja/mtype936.a(random.o)
 .comment       0x0000000000000000       0x2a obj_cooja/mtype936.a(sensors.o)
 .comment       0x0000000000000000       0x2a obj_cooja/mtype936.a(leds.o)
 .comment       0x0000000000000000       0x2a obj_cooja/mtype936.a(dual_conf.o)
 .comment       0x0000000000000000       0x2a obj_cooja/mtype936.a(autostart.o)
 .comment       0x0000000000000000       0x2a obj_cooja/mtype936.a(ctimer.o)
 .comment       0x0000000000000000       0x2a obj_cooja/mtype936.a(etimer.o)
 .comment       0x0000000000000000       0x2a obj_cooja/mtype936.a(log_message.o)
 .comment       0x0000000000000000       0x2a obj_cooja/mtype936.a(process.o)
 .comment       0x0000000000000000       0x2a obj_cooja/mtype936.a(residual.o)
 .comment       0x0000000000000000       0x2a obj_cooja/mtype936.a(rtimer.o)
 .comment       0x0000000000000000       0x2a obj_cooja/mtype936.a(stimer.o)
 .comment       0x0000000000000000       0x2a obj_cooja/mtype936.a(timer.o)
 .comment       0x0000000000000000       0x2a obj_cooja/mtype936.a(serial-line.o)
 .comment       0x0000000000000000       0x2a obj_cooja/mtype936.a(list.o)
 .comment       0x0000000000000000       0x2a obj_cooja/mtype936.a(ringbuf.o)
 .comment       0x0000000000000000       0x2a obj_cooja/mtype936.a(sicslowpan.o)
 .comment       0x0000000000000000       0x2a obj_cooja/mtype936.a(uip-ds6-nbr.o)
 .comment       0x0000000000000000       0x2a obj_cooja/mtype936.a(uip-ds6-route.o)
 .comment       0x0000000000000000       0x2a obj_cooja/mtype936.a(uip-ds6.o)
 .comment       0x0000000000000000       0x2a obj_cooja/mtype936.a(uip6.o)
 .comment       0x0000000000000000       0x2a obj_cooja/mtype936.a(tcpip.o)
 .comment       0x0000000000000000       0x2a obj_cooja/mtype936.a(uip-debug.o)
 .comment       0x0000000000000000       0x2a obj_cooja/mtype936.a(uip-packetqueue)
 .comment       0x0000000000000000       0x2a obj_cooja/mtype936.a(uip-udp-packet.)
 .comment       0x0000000000000000       0x2a obj_cooja/mtype936.a(rpl-dag.o)
 .comment       0x0000000000000000       0x2a obj_cooja/mtype936.a(rpl-ext-header.)
 .comment       0x0000000000000000       0x2a obj_cooja/mtype936.a(rpl-icmp6.o)
 .comment       0x0000000000000000       0x2a obj_cooja/mtype936.a(rpl-ltmax.o)
 .comment       0x0000000000000000       0x2a obj_cooja/mtype936.a(rpl-timers.o)
 .comment       0x0000000000000000       0x2a obj_cooja/mtype936.a(rpl.o)
 .comment       0x0000000000000000       0x2a obj_cooja/mtype936.a(csma.o)
 .comment       0x0000000000000000       0x2a obj_cooja/mtype936.a(framer-802154.o)
 .comment       0x0000000000000000       0x2a obj_cooja/mtype936.a(mac.o)
 .comment       0x0000000000000000       0x2a obj_cooja/mtype936.a(cxmac.o)
 .comment       0x0000000000000000       0x2a obj_cooja/mtype936.a(linkaddr.o)
 .comment       0x0000000000000000       0x2a obj_cooja/mtype936.a(nbr-table.o)
 .comment       0x0000000000000000       0x2a obj_cooja/mtype936.a(netstack.o)
 .comment       0x0000000000000000       0x2a obj_cooja/mtype936.a(packetbuf.o)
 .comment       0x0000000000000000       0x2a obj_cooja/mtype936.a(queuebuf.o)
 .comment       0x0000000000000000       0x2a obj_cooja/mtype936.a(nullsec.o)
 .comment       0x0000000000000000       0x2a obj_cooja/mtype936.a(watchdog.o)
 .comment       0x0000000000000000       0x2a obj_cooja/mtype936.a(rimestats.o)
 .comment       0x0000000000000000       0x2a obj_cooja/mtype936.a(memb.o)
 .comment       0x0000000000000000       0x2a obj_cooja/mtype936.a(uip-icmp6.o)
 .comment       0x0000000000000000       0x2a obj_cooja/mtype936.a(uip-nd6.o)
 .comment       0x0000000000000000       0x2a obj_cooja/mtype936.a(rpl-nbr-policy.)
 .comment       0x0000000000000000       0x2a obj_cooja/mtype936.a(frame802154.o)
 .comment       0x0000000000000000       0x2a /usr/lib/gcc/i686-linux-gnu/4.8/crtendS.o

.debug
 *(.debug)

.line
 *(.line)

.debug_srcinfo
 *(.debug_srcinfo)

.debug_sfnames
 *(.debug_sfnames)

.debug_aranges  0x0000000000000000      0x838
 *(.debug_aranges)
 .debug_aranges
                0x0000000000000000       0x20 udp-client.co
 .debug_aranges
                0x0000000000000020       0x20 obj_cooja/mtype936.o
 .debug_aranges
                0x0000000000000040       0x20 obj_cooja/mtype936.a(simEnvChange.o)
 .debug_aranges
                0x0000000000000060       0x20 obj_cooja/mtype936.a(cooja_mt.o)
 .debug_aranges
                0x0000000000000080       0x20 obj_cooja/mtype936.a(cooja_mtarch.o)
 .debug_aranges
                0x00000000000000a0       0x20 obj_cooja/mtype936.a(rtimer-arch.o)
 .debug_aranges
                0x00000000000000c0       0x20 obj_cooja/mtype936.a(beep.o)
 .debug_aranges
                0x00000000000000e0       0x20 obj_cooja/mtype936.a(button-sensor.o)
 .debug_aranges
                0x0000000000000100       0x20 obj_cooja/mtype936.a(leds-arch.o)
 .debug_aranges
                0x0000000000000120       0x20 obj_cooja/mtype936.a(moteid.o)
 .debug_aranges
                0x0000000000000140       0x20 obj_cooja/mtype936.a(pir-sensor.o)
 .debug_aranges
                0x0000000000000160       0x20 obj_cooja/mtype936.a(rs232.o)
 .debug_aranges
                0x0000000000000180       0x20 obj_cooja/mtype936.a(vib-sensor.o)
 .debug_aranges
                0x00000000000001a0       0x20 obj_cooja/mtype936.a(clock.o)
 .debug_aranges
                0x00000000000001c0       0x20 obj_cooja/mtype936.a(log.o)
 .debug_aranges
                0x00000000000001e0       0x20 obj_cooja/mtype936.a(cfs-cooja.o)
 .debug_aranges
                0x0000000000000200       0x20 obj_cooja/mtype936.a(cooja-radio.o)
 .debug_aranges
                0x0000000000000220       0x20 obj_cooja/mtype936.a(eeprom.o)
 .debug_aranges
                0x0000000000000240       0x20 obj_cooja/mtype936.a(random.o)
 .debug_aranges
                0x0000000000000260       0x20 obj_cooja/mtype936.a(sensors.o)
 .debug_aranges
                0x0000000000000280       0x20 obj_cooja/mtype936.a(leds.o)
 .debug_aranges
                0x00000000000002a0       0x20 obj_cooja/mtype936.a(dual_conf.o)
 .debug_aranges
                0x00000000000002c0       0x20 obj_cooja/mtype936.a(autostart.o)
 .debug_aranges
                0x00000000000002e0       0x20 obj_cooja/mtype936.a(ctimer.o)
 .debug_aranges
                0x0000000000000300       0x20 obj_cooja/mtype936.a(etimer.o)
 .debug_aranges
                0x0000000000000320       0x20 obj_cooja/mtype936.a(log_message.o)
 .debug_aranges
                0x0000000000000340       0x20 obj_cooja/mtype936.a(process.o)
 .debug_aranges
                0x0000000000000360       0x20 obj_cooja/mtype936.a(residual.o)
 .debug_aranges
                0x0000000000000380       0x20 obj_cooja/mtype936.a(rtimer.o)
 .debug_aranges
                0x00000000000003a0       0x20 obj_cooja/mtype936.a(stimer.o)
 .debug_aranges
                0x00000000000003c0       0x20 obj_cooja/mtype936.a(timer.o)
 .debug_aranges
                0x00000000000003e0       0x20 obj_cooja/mtype936.a(serial-line.o)
 .debug_aranges
                0x0000000000000400       0x20 obj_cooja/mtype936.a(list.o)
 .debug_aranges
                0x0000000000000420       0x20 obj_cooja/mtype936.a(ringbuf.o)
 .debug_aranges
                0x0000000000000440       0x20 obj_cooja/mtype936.a(sicslowpan.o)
 .debug_aranges
                0x0000000000000460       0x20 obj_cooja/mtype936.a(uip-ds6-nbr.o)
 .debug_aranges
                0x0000000000000480       0x20 obj_cooja/mtype936.a(uip-ds6-route.o)
 .debug_aranges
                0x00000000000004a0       0x20 obj_cooja/mtype936.a(uip-ds6.o)
 .debug_aranges
                0x00000000000004c0       0x20 obj_cooja/mtype936.a(uip6.o)
 .debug_aranges
                0x00000000000004e0       0x20 obj_cooja/mtype936.a(tcpip.o)
 .debug_aranges
                0x0000000000000500       0x20 obj_cooja/mtype936.a(uip-debug.o)
 .debug_aranges
                0x0000000000000520       0x20 obj_cooja/mtype936.a(uip-packetqueue)
 .debug_aranges
                0x0000000000000540       0x20 obj_cooja/mtype936.a(uip-udp-packet.)
 .debug_aranges
                0x0000000000000560       0x20 obj_cooja/mtype936.a(rpl-dag.o)
 .debug_aranges
                0x0000000000000580       0x20 obj_cooja/mtype936.a(rpl-ext-header.)
 .debug_aranges
                0x00000000000005a0       0x20 obj_cooja/mtype936.a(rpl-icmp6.o)
 .debug_aranges
                0x00000000000005c0       0x20 obj_cooja/mtype936.a(rpl-ltmax.o)
 .debug_aranges
                0x00000000000005e0       0x20 obj_cooja/mtype936.a(rpl-timers.o)
 .debug_aranges
                0x0000000000000600       0x20 obj_cooja/mtype936.a(rpl.o)
 .debug_aranges
                0x0000000000000620       0x20 obj_cooja/mtype936.a(csma.o)
 .debug_aranges
                0x0000000000000640       0x20 obj_cooja/mtype936.a(framer-802154.o)
 .debug_aranges
                0x0000000000000660       0x20 obj_cooja/mtype936.a(mac.o)
 .debug_aranges
                0x0000000000000680       0x20 obj_cooja/mtype936.a(cxmac.o)
 .debug_aranges
                0x00000000000006a0       0x20 obj_cooja/mtype936.a(linkaddr.o)
 .debug_aranges
                0x00000000000006c0       0x20 obj_cooja/mtype936.a(nbr-table.o)
 .debug_aranges
                0x00000000000006e0       0x20 obj_cooja/mtype936.a(netstack.o)
 .debug_aranges
                0x0000000000000700       0x20 obj_cooja/mtype936.a(packetbuf.o)
 .debug_aranges
                0x0000000000000720       0x20 obj_cooja/mtype936.a(queuebuf.o)
 .debug_aranges
                0x0000000000000740       0x20 obj_cooja/mtype936.a(nullsec.o)
 .debug_aranges
                0x0000000000000760       0x20 obj_cooja/mtype936.a(watchdog.o)
 .debug_aranges
                0x0000000000000780       0x18 obj_cooja/mtype936.a(rimestats.o)
 .debug_aranges
                0x0000000000000798       0x20 obj_cooja/mtype936.a(memb.o)
 .debug_aranges
                0x00000000000007b8       0x20 obj_cooja/mtype936.a(uip-icmp6.o)
 .debug_aranges
                0x00000000000007d8       0x20 obj_cooja/mtype936.a(uip-nd6.o)
 .debug_aranges
                0x00000000000007f8       0x20 obj_cooja/mtype936.a(rpl-nbr-policy.)
 .debug_aranges
                0x0000000000000818       0x20 obj_cooja/mtype936.a(frame802154.o)

.debug_pubnames