Archive member included to satisfy reference by file (symbol)

obj_cooja/mtype257.a(simEnvChange.o)
                              obj_cooja/mtype257.o (simDontFallAsleep)
obj_cooja/mtype257.a(cooja_mt.o)
                              obj_cooja/mtype257.o (cooja_mt_start)
obj_cooja/mtype257.a(cooja_mtarch.o)
                              obj_cooja/mtype257.a(cooja_mt.o) (cooja_mtarch_init)
obj_cooja/mtype257.a(rtimer-arch.o)
                              obj_cooja/mtype257.o (rtimer_arch_next)
obj_cooja/mtype257.a(beep.o)  obj_cooja/mtype257.o (beep_interface)
obj_cooja/mtype257.a(button-sensor.o)
                              obj_cooja/mtype257.o (button_interface)
obj_cooja/mtype257.a(leds-arch.o)
                              obj_cooja/mtype257.o (leds_interface)
obj_cooja/mtype257.a(moteid.o)
                              obj_cooja/mtype257.o (moteid_interface)
obj_cooja/mtype257.a(pir-sensor.o)
                              obj_cooja/mtype257.o (pir_interface)
obj_cooja/mtype257.a(rs232.o)
                              obj_cooja/mtype257.o (rs232_interface)
obj_cooja/mtype257.a(vib-sensor.o)
                              obj_cooja/mtype257.o (vib_interface)
obj_cooja/mtype257.a(clock.o)
                              obj_cooja/mtype257.o (clock_interface)
obj_cooja/mtype257.a(log.o)   obj_cooja/mtype257.o (simlog_interface)
obj_cooja/mtype257.a(cfs-cooja.o)
                              obj_cooja/mtype257.o (cfs_interface)
obj_cooja/mtype257.a(cooja-radio.o)
                              obj_cooja/mtype257.o (radio_interface)
obj_cooja/mtype257.a(eeprom.o)
                              obj_cooja/mtype257.o (eeprom_interface)
obj_cooja/mtype257.a(random.o)
                              obj_cooja/mtype257.a(moteid.o) (random_init)
obj_cooja/mtype257.a(sensors.o)
                              udp-server.co (sensors_event)
obj_cooja/mtype257.a(dual_conf.o)
                              obj_cooja/mtype257.a(cooja-radio.o) (long_range_radio)
obj_cooja/mtype257.a(autostart.o)
                              obj_cooja/mtype257.o (autostart_start)
obj_cooja/mtype257.a(ctimer.o)
                              obj_cooja/mtype257.o (ctimer_init)
obj_cooja/mtype257.a(etimer.o)
                              obj_cooja/mtype257.o (etimer_process)
obj_cooja/mtype257.a(log_message.o)
                              obj_cooja/mtype257.o (log_initialization)
obj_cooja/mtype257.a(process.o)
                              udp-server.co (process_current)
obj_cooja/mtype257.a(residual.o)
                              obj_cooja/mtype257.o (get_residual_energy)
obj_cooja/mtype257.a(rtimer.o)
                              obj_cooja/mtype257.a(rtimer-arch.o) (rtimer_run_next)
obj_cooja/mtype257.a(timer.o)
                              obj_cooja/mtype257.a(button-sensor.o) (timer_set)
obj_cooja/mtype257.a(serial-line.o)
                              obj_cooja/mtype257.a(rs232.o) (serial_line_input_byte)
obj_cooja/mtype257.a(list.o)  obj_cooja/mtype257.a(ctimer.o) (list_init)
obj_cooja/mtype257.a(ringbuf.o)
                              obj_cooja/mtype257.a(serial-line.o) (ringbuf_init)
obj_cooja/mtype257.a(sicslowpan.o)
                              obj_cooja/mtype257.o (sicslowpan_driver)
obj_cooja/mtype257.a(uip-ds6-nbr.o)
                              obj_cooja/mtype257.a(sicslowpan.o) (uip_ds6_link_neighbor_callback)
obj_cooja/mtype257.a(uip-ds6.o)
                              udp-server.co (uip_ds6_if)
obj_cooja/mtype257.a(uip6.o)  obj_cooja/mtype257.o (uip_lladdr)
obj_cooja/mtype257.a(tcpip.o)
                              udp-server.co (tcpip_event)
obj_cooja/mtype257.a(uip-debug.o)
                              udp-server.co (uip_debug_ipaddr_print)
obj_cooja/mtype257.a(uip-packetqueue)
                              obj_cooja/mtype257.a(uip-ds6-nbr.o) (uip_packetqueue_new)
obj_cooja/mtype257.a(rpl-dag.o)
                              udp-server.co (rpl_set_root)
obj_cooja/mtype257.a(rpl-ext-header.)
                              obj_cooja/mtype257.a(uip6.o) (rpl_verify_header)
obj_cooja/mtype257.a(rpl-icmp6.o)
                              obj_cooja/mtype257.a(rpl-dag.o) (rpl_icmp6_update_nbr_table)
obj_cooja/mtype257.a(rpl-ltmax.o)
                              obj_cooja/mtype257.a(rpl-dag.o) (rpl_ltmax_of)
obj_cooja/mtype257.a(rpl-timers.o)
                              obj_cooja/mtype257.a(rpl-dag.o) (rpl_reset_dio_timer)
obj_cooja/mtype257.a(rpl.o)   obj_cooja/mtype257.a(rpl-icmp6.o) (rpl_get_mode)
obj_cooja/mtype257.a(framer-802154.o)
                              obj_cooja/mtype257.a(sicslowpan.o) (framer_802154)
obj_cooja/mtype257.a(nullmac.o)
                              udp-server.co (nullmac_driver)
obj_cooja/mtype257.a(cxmac.o)
                              obj_cooja/mtype257.o (cxmac_driver)
obj_cooja/mtype257.a(linkaddr.o)
                              obj_cooja/mtype257.o (linkaddr_node_addr)
obj_cooja/mtype257.a(nbr-table.o)
                              obj_cooja/mtype257.a(uip-ds6-nbr.o) (lladdr_map_add_lr)
[...]
Memory Configuration

Name             Origin             Length             Attributes
*default*        0x0000000000000000 0xffffffffffffffff

Linker script and memory map

LOAD /usr/lib/gcc/i686-linux-gnu/4.8/../../../i386-linux-gnu/crti.o
LOAD /usr/lib/gcc/i686-linux-gnu/4.8/crtbeginS.o
LOAD udp-server.co
LOAD obj_cooja/mtype257.o
LOAD obj_cooja/mtype257.a
LOAD /usr/lib/gcc/i686-linux-gnu/4.8/libgcc.a
LOAD /usr/lib/gcc/i686-linux-gnu/4.8/libgcc_s.so
LOAD /usr/lib/gcc/i686-linux-gnu/4.8/../../../i386-linux-gnu/libc.so
START GROUP
LOAD /lib/i386-linux-gnu/libc.so.6
LOAD /usr/lib/i386-linux-gnu/libc_nonshared.a
LOAD /lib/i386-linux-gnu/ld-linux.so.2
END GROUP
LOAD /usr/lib/gcc/i686-linux-gnu/4.8/libgcc.a
LOAD /usr/lib/gcc/i686-linux-gnu/4.8/libgcc_s.so
LOAD /usr/lib/gcc/i686-linux-gnu/4.8/crtendS.o
LOAD /usr/lib/gcc/i686-linux-gnu/4.8/../../../i386-linux-gnu/crtn.o
                0x0000000000000114                . = (0x0 + SIZEOF_HEADERS)

.note.gnu.build-id
                0x0000000000000114       0x24
 *(.note.gnu.build-id)
 .note.gnu.build-id
                0x0000000000000114       0x24 /usr/lib/gcc/i686-linux-gnu/4.8/../../../i386-linux-gnu/crti.o

.hash
 *(.hash)

.gnu.hash       0x0000000000000138     0x1358
 *(.gnu.hash)
 .gnu.hash      0x0000000000000138     0x1358 /usr/lib/gcc/i686-linux-gnu/4.8/../../../i386-linux-gnu/crti.o

.dynsym         0x0000000000001490     0x25c0
 *(.dynsym)
 .dynsym        0x0000000000001490     0x25c0 /usr/lib/gcc/i686-linux-gnu/4.8/../../../i386-linux-gnu/crti.o

.dynstr         0x0000000000003a50     0x26c2
 *(.dynstr)
 .dynstr        0x0000000000003a50     0x26c2 /usr/lib/gcc/i686-linux-gnu/4.8/../../../i386-linux-gnu/crti.o

.gnu.version    0x0000000000006112      0x4b8
 *(.gnu.version)
 .gnu.version   0x0000000000006112      0x4b8 /usr/lib/gcc/i686-linux-gnu/4.8/../../../i386-linux-gnu/crti.o

.gnu.version_d  0x00000000000065cc        0x0
 *(.gnu.version_d)
 .gnu.version_d
                0x0000000000000000        0x0 /usr/lib/gcc/i686-linux-gnu/4.8/../../../i386-linux-gnu/crti.o

.gnu.version_r  0x00000000000065cc       0x50
 *(.gnu.version_r)
 .gnu.version_r
                0x00000000000065cc       0x50 /usr/lib/gcc/i686-linux-gnu/4.8/../../../i386-linux-gnu/crti.o

.rel.dyn        0x000000000000661c     0x9840
 *(.rel.init)
 .rel.init      0x0000000000000000        0x0 /usr/lib/gcc/i686-linux-gnu/4.8/../../../i386-linux-gnu/crti.o
 *(.rel.text .rel.text.* .rel.gnu.linkonce.t.*)
 .rel.text      0x000000000000661c     0x90b0 /usr/lib/gcc/i686-linux-gnu/4.8/../../../i386-linux-gnu/crti.o
 *(.rel.fini)
 .rel.fini      0x0000000000000000        0x0 /usr/lib/gcc/i686-linux-gnu/4.8/../../../i386-linux-gnu/crti.o
 *(.rel.rodata .rel.rodata.* .rel.gnu.linkonce.r.*)
 .rel.rodata    0x000000000000f6cc      0x4e0 /usr/lib/gcc/i686-linux-gnu/4.8/../../../i386-linux-gnu/crti.o
 *(.rel.data.rel.ro .rel.data.rel.ro.* .rel.gnu.linkonce.d.rel.ro.*)
 *(.rel.data .rel.data.* .rel.gnu.linkonce.d.*)
 .rel.data.rel  0x000000000000fbac        0x8 /usr/lib/gcc/i686-linux-gnu/4.8/../../../i386-linux-gnu/crti.o
 .rel.data      0x000000000000fbb4      0x270 /usr/lib/gcc/i686-linux-gnu/4.8/../../../i386-linux-gnu/crti.o
 *(.rel.tdata .rel.tdata.* .rel.gnu.linkonce.td.*)
 *(.rel.tbss .rel.tbss.* .rel.gnu.linkonce.tb.*)
 *(.rel.ctors)
 *(.rel.dtors)
 *(.rel.got)
 .rel.got       0x000000000000fe24       0x28 /usr/lib/gcc/i686-linux-gnu/4.8/../../../i386-linux-gnu/crti.o
 *(.rel.bss .rel.bss.* .rel.gnu.linkonce.b.*)
 *(.rel.ifunc)
 .rel.ifunc     0x0000000000000000        0x0 /usr/lib/gcc/i686-linux-gnu/4.8/../../../i386-linux-gnu/crti.o
 .rel.fini_array
                0x000000000000fe4c        0x8 /usr/lib/gcc/i686-linux-gnu/4.8/../../../i386-linux-gnu/crti.o
 .rel.init_array
                0x000000000000fe54        0x8 /usr/lib/gcc/i686-linux-gnu/4.8/../../../i386-linux-gnu/crti.o

.rel.plt        0x000000000000fe5c       0x10
 *(.rel.plt)
 .rel.plt       0x000000000000fe5c       0x10 /usr/lib/gcc/i686-linux-gnu/4.8/../../../i386-linux-gnu/crti.o
 *(.rel.iplt)

.init           0x000000000000fe6c       0x23
 *(SORT(.init))
 .init          0x000000000000fe6c       0x1e /usr/lib/gcc/i686-linux-gnu/4.8/../../../i386-linux-gnu/crti.o
                0x000000000000fe6c                _init
 .init          0x000000000000fe8a        0x5 /usr/lib/gcc/i686-linux-gnu/4.8/../../../i386-linux-gnu/crtn.o

.plt            0x000000000000fe90       0x30
 *(.plt)
 .plt           0x000000000000fe90       0x30 /usr/lib/gcc/i686-linux-gnu/4.8/../../../i386-linux-gnu/crti.o
 *(.iplt)

.text           0x000000000000fec0    0x16cb1
 *(.text.unlikely .text.*_unlikely .text.unlikely.*)
 *(.text.exit .text.exit.*)
 *(.text.startup .text.startup.*)
 *(.text.hot .text.hot.*)
 *(.text .stub .text.* .gnu.linkonce.t.*)
 .text          0x000000000000fec0        0x0 /usr/lib/gcc/i686-linux-gnu/4.8/../../../i386-linux-gnu/crti.o
 .gnu.linkonce.t.__x86.get_pc_thunk.bx
                0x000000000000fec0        0x4 /usr/lib/gcc/i686-linux-gnu/4.8/../../../i386-linux-gnu/crti.o
                0x000000000000fec0                __x86.get_pc_thunk.bx
 *fill*         0x000000000000fec4        0xc 
 .text          0x000000000000fed0      0x11b /usr/lib/gcc/i686-linux-gnu/4.8/crtbeginS.o
 .text          0x000000000000ffeb      0x3ce udp-server.co
 .text          0x00000000000103b9      0x96a obj_cooja/mtype257.o
                0x0000000000010567                contiki_init
                0x0000000000010b3a                Java_org_contikios_cooja_corecomm_Lib21_init
                0x0000000000010b7a                Java_org_contikios_cooja_corecomm_Lib21_getMemory
                0x0000000000010bba                Java_org_contikios_cooja_corecomm_Lib21_setMemory
                0x0000000000010c31                Java_org_contikios_cooja_corecomm_Lib21_tick
                0x0000000000010d11                Java_org_contikios_cooja_corecomm_Lib21_setReferenceAddress
 .text          0x0000000000010d23       0x63 obj_cooja/mtype257.a(simEnvChange.o)
                0x0000000000010d23                doActionsBeforeTick
                0x0000000000010d54                doActionsAfterTick
 .text          0x0000000000010d86       0xbc obj_cooja/mtype257.a(cooja_mt.o)
                0x0000000000010d86                cooja_mt_init
                0x0000000000010d93                cooja_mt_remove
                0x0000000000010da0                cooja_mt_start
                0x0000000000010dcd                cooja_mt_exec
                0x0000000000010dfe                cooja_mt_exit
                0x0000000000010e20                cooja_mt_yield
 .text          0x0000000000010e42      0x115 obj_cooja/mtype257.a(cooja_mtarch.o)
                0x0000000000010e42                cooja_mtarch_init
                0x0000000000010e47                cooja_mtarch_start
                0x0000000000010ec2                cooja_sw
                0x0000000000010ee4                cooja_mtarch_exec
                0x0000000000010f00                cooja_mtarch_remove
                0x0000000000010f05                cooja_mtarch_yield
                0x0000000000010f0f                cooja_mtarch_pstop
                0x0000000000010f14                cooja_mtarch_pstart
                0x0000000000010f19                cooja_mtarch_stack_usage
 .text          0x0000000000010f57       0xc2 obj_cooja/mtype257.a(rtimer-arch.o)
                0x0000000000010f57                rtimer_arch_init
                0x0000000000010f7a                rtimer_arch_schedule
                0x0000000000010f91                rtimer_arch_next
                0x0000000000010f9b                rtimer_arch_pending
                0x0000000000010fa5                rtimer_arch_check
                0x0000000000010fd7                rtimer_arch_now
 .text          0x0000000000011019       0x76 obj_cooja/mtype257.a(beep.o)
                0x0000000000011019                beep_alarm
                0x0000000000011025                beep_beep
                0x0000000000011031                beep
                0x000000000001103d                beep_down
                0x0000000000011049                beep_on
                0x0000000000011055                beep_off
                0x0000000000011061                beep_spinup
                0x000000000001106d                beep_quick
                0x0000000000011079                beep_long
 .text          0x000000000001108f      0x103 obj_cooja/mtype257.a(button-sensor.o)
 .text          0x0000000000011192       0x45 obj_cooja/mtype257.a(leds-arch.o)
                0x0000000000011192                leds_arch_init
                0x000000000001119e                leds_arch_get
                0x00000000000111aa                leds_arch_set
 .text          0x00000000000111d7       0x2f obj_cooja/mtype257.a(moteid.o)
 .text          0x0000000000011206       0xb1 obj_cooja/mtype257.a(pir-sensor.o)
 .text          0x00000000000112b7      0x131 obj_cooja/mtype257.a(rs232.o)
                0x00000000000112b7                rs232_init
                0x00000000000112bc                rs232_set_speed
                0x00000000000112ca                rs232_set_input
                0x00000000000112d7                rs232_send
                0x00000000000112f9                rs232_print
                0x0000000000011314                slip_arch_writeb
 .text          0x00000000000113e8       0xb1 obj_cooja/mtype257.a(vib-sensor.o)
 .text          0x0000000000011499       0x34 obj_cooja/mtype257.a(clock.o)
                0x0000000000011499                clock_init
                0x000000000001149e                clock_time
                0x00000000000114a8                clock_seconds
                0x00000000000114be                clock_delay
 .text          0x00000000000114cd      0x1ed obj_cooja/mtype257.a(log.o)
                0x00000000000114cd                simlog_char
                0x000000000001150f                simlog
                0x000000000001157c                log_message
                0x00000000000115a4                log_set_putchar_with_slip
                0x00000000000115b1                log_putchar
                0x0000000000011635                log_puts
                0x0000000000011659                log_printf
 .text          0x00000000000116ba      0x2c4 obj_cooja/mtype257.a(cfs-cooja.o)
                0x00000000000116ba                cfs_open
                0x0000000000011723                cfs_close
                0x000000000001172f                cfs_read
                0x00000000000117cd                cfs_write
                0x00000000000118aa                cfs_seek
                0x0000000000011932                cfs_remove
                0x000000000001195b                cfs_opendir
                0x0000000000011965                cfs_readdir
                0x000000000001196f                cfs_closedir
 .text          0x000000000001197e      0x671 obj_cooja/mtype257.a(cooja-radio.o)
                0x00000000000119a8                radio_set_channel
                0x00000000000119bd                radio_set_txpower
                0x00000000000119dd                radio_signal_strength_last
                0x00000000000119e7                radio_signal_strength_current
                0x00000000000119f1                radio_LQI
 .text          0x0000000000011fef       0xef obj_cooja/mtype257.a(eeprom.o)
                0x0000000000011fef                eeprom_init
                0x0000000000011ff4                eeprom_read
                0x0000000000012064                eeprom_write
 .text          0x00000000000120de       0x28 obj_cooja/mtype257.a(random.o)
                0x00000000000120de                random_init
                0x00000000000120f9                random_rand
 .text          0x0000000000012106      0x2a1 obj_cooja/mtype257.a(sensors.o)
                0x0000000000012141                sensors_first
                0x000000000001214b                sensors_next
                0x0000000000012168                sensors_changed
                0x0000000000012197                sensors_find
 .text          0x00000000000123a7      0x31a obj_cooja/mtype257.a(dual_conf.o)
                0x00000000000123a7                dual_radio_switch
                0x00000000000123e7                dual_radio_change
                0x0000000000012421                sending_in_LR
                0x000000000001244c                dual_radio_received
                0x000000000001249f                radio_received_is_longrange
                0x00000000000124ba                dual_radio_turn_on
                0x00000000000124dd                dual_radio_turn_off
                0x0000000000012677                dio_broadcast
                0x00000000000126a0                dis_broadcast
 .text          0x00000000000126c1       0x8e obj_cooja/mtype257.a(autostart.o)
                0x00000000000126c1                autostart_start
                0x000000000001270c                autostart_exit
 .text          0x000000000001274f      0x334 obj_cooja/mtype257.a(ctimer.o)
                0x0000000000012866                ctimer_init
                0x0000000000012896                ctimer_set
                0x00000000000128c7                ctimer_set_with_process
                0x0000000000012943                ctimer_reset
                0x0000000000012992                ctimer_restart
                0x00000000000129e1                ctimer_stop
                0x0000000000012a2c                ctimer_expired
 .text          0x0000000000012a83      0x40b obj_cooja/mtype257.a(etimer.o)
                0x0000000000012c96                etimer_request_poll
                0x0000000000012d1a                etimer_set
                0x0000000000012d3f                etimer_reset_with_new_interval
                0x0000000000012d66                etimer_reset
                0x0000000000012d84                etimer_restart
                0x0000000000012da2                etimer_adjust
                0x0000000000012dbe                etimer_expired
                0x0000000000012dd1                etimer_expiration_time
                0x0000000000012de3                etimer_start_time
                0x0000000000012ded                etimer_pending
                0x0000000000012dff                etimer_next_expiration_time
                0x0000000000012e19                etimer_stop
 .text          0x0000000000012e8e       0xdd obj_cooja/mtype257.a(log_message.o)
                0x0000000000012e8e                log_initialization
                0x0000000000012f4a                log_finisher
 .text          0x0000000000012f6b      0x560 obj_cooja/mtype257.a(process.o)
                0x0000000000012f6b                process_alloc_event
                0x0000000000012f80                process_start
                0x0000000000013169                process_exit
                0x0000000000013185                process_init
                0x0000000000013356                process_run
                0x0000000000013389                process_nevents
                0x00000000000133a4                process_post
                0x0000000000013450                process_post_synch
                0x0000000000013488                process_poll
                0x00000000000134b7                process_is_running
 .text          0x00000000000134cb       0xd3 obj_cooja/mtype257.a(residual.o)
                0x00000000000134cb                get_residual_energy
 .text          0x000000000001359e       0xba obj_cooja/mtype257.a(rtimer.o)
                0x000000000001359e                rtimer_init
                0x00000000000135ab                rtimer_set
                0x0000000000013602                rtimer_run_next
 .text          0x0000000000013658       0x91 obj_cooja/mtype257.a(timer.o)
                0x0000000000013658                timer_set
                0x0000000000013673                timer_reset
                0x000000000001368a                timer_restart
                0x000000000001369c                timer_expired
                0x00000000000136c5                timer_remaining
 .text          0x00000000000136e9      0x1fb obj_cooja/mtype257.a(serial-line.o)
                0x00000000000136e9                serial_line_input_byte
                0x00000000000138ac                serial_line_init
 .text          0x00000000000138e4      0x244 obj_cooja/mtype257.a(list.o)
                0x00000000000138e4                list_init
                0x00000000000138f2                list_head
                0x00000000000138fc                list_copy
                0x000000000001390b                list_tail
                0x0000000000013941                list_add
                0x000000000001398a                list_push
                0x00000000000139b6                list_chop
                0x0000000000013a20                list_pop
                0x0000000000013a48                list_remove
                0x0000000000013aaf                list_length
                0x0000000000013add                list_insert
                0x0000000000013b11                list_item_next
 .text          0x0000000000013b28      0x155 obj_cooja/mtype257.a(ringbuf.o)
                0x0000000000013b28                ringbuf_init
                0x0000000000013b59                ringbuf_put
                0x0000000000013bd7                ringbuf_get
                0x0000000000013c44                ringbuf_size
                0x0000000000013c56                ringbuf_elements
 .text          0x0000000000013c7d     0x258b obj_cooja/mtype257.a(sicslowpan.o)
                0x0000000000014207                rime_sniffer_add
                0x0000000000014214                rime_sniffer_remove
                0x00000000000161a7                sicslowpan_init
                0x00000000000161fe                sicslowpan_get_last_rssi
 .text          0x0000000000016208      0x2dc obj_cooja/mtype257.a(uip-ds6-nbr.o)
                0x0000000000016225                uip_ds6_neighbors_init
                0x0000000000016242                uip_ds6_nbr_add
                0x00000000000162f3                uip_ds6_nbr_rm
                0x0000000000016350                uip_ds6_nbr_get_ipaddr
                0x0000000000016365                uip_ds6_nbr_get_ll
                0x0000000000016381                uip_ds6_nbr_num
                0x00000000000163c6                uip_ds6_nbr_lookup
                0x000000000001642b                uip_ds6_nbr_ll_lookup
                0x0000000000016447                uip_ds6_nbr_ipaddr_from_lladdr
                0x000000000001646d                uip_ds6_nbr_lladdr_from_ipaddr
                0x000000000001649b                uip_ds6_link_neighbor_callback
 .text          0x00000000000164e4     0x12ad obj_cooja/mtype257.a(uip-ds6.o)
                0x00000000000164e4                uip_ds6_init
                0x0000000000016839                uip_ds6_periodic
                0x0000000000016911                uip_ds6_list_loop
                0x00000000000169b8                uip_ds6_prefix_add
                0x0000000000016a76                uip_ds6_prefix_rm
                0x0000000000016a88                uip_ds6_prefix_lookup
                0x0000000000016ad9                uip_ds6_is_addr_onlink
                0x0000000000016b4d                uip_ds6_addr_add
                0x0000000000016c7b                uip_ds6_long_addr_add
                0x0000000000016da9                uip_ds6_addr_rm
                0x0000000000016e49                uip_ds6_addr_lookup
                0x0000000000016e94                uip_ds6_long_addr_lookup
                0x0000000000016edf                uip_ds6_get_link_local
                0x0000000000016f5e                uip_ds6_long_get_link_local
                0x0000000000016fdd                uip_ds6_get_global
                0x000000000001705c                uip_ds6_long_get_global
                0x00000000000170db                uip_ds6_maddr_add
                0x000000000001714d                uip_ds6_long_maddr_add
                0x00000000000171bf                uip_ds6_maddr_rm
                0x00000000000171d1                uip_ds6_maddr_lookup
                0x000000000001721c                uip_ds6_long_maddr_lookup
                0x0000000000017267                uip_ds6_aaddr_add
                0x00000000000172d9                uip_ds6_long_aaddr_add
                0x000000000001734b                uip_ds6_aaddr_rm
                0x000000000001735d                uip_ds6_aaddr_lookup
                0x00000000000173a8                uip_ds6_long_aaddr_lookup
                0x00000000000173f3                uip_ds6_select_src
                0x000000000001767c                uip_ds6_set_addr_iid
                0x00000000000176b3                get_match_length
                0x0000000000017745                uip_ds6_compute_reachable_time
 .text          0x0000000000017791     0x29f3 obj_cooja/mtype257.a(uip6.o)
                0x0000000000017791                uip_add32
                0x000000000001792a                uip_chksum
                0x0000000000017a18                uip_icmp6chksum
                0x0000000000017a2c                uip_tcpchksum
                0x0000000000017a40                uip_udpchksum
                0x0000000000017a54                uip_init
                0x0000000000017b24                uip_connect
                0x0000000000017cd3                remove_ext_hdr
                0x0000000000017da8                uip_udp_new
                0x0000000000017f04                uip_unlisten
                0x0000000000017f64                uip_listen
                0x0000000000018226                uip_process
                0x000000000001a078                uip_htons
                0x000000000001a09a                uip_htonl
                0x000000000001a0da                uip_send
 .text          0x000000000001a184      0xb43 obj_cooja/mtype257.a(tcpip.o)
                0x000000000001a184                tcpip_output
                0x000000000001a1b2                tcpip_set_outputfunc
                0x000000000001a246                tcp_connect
                0x000000000001a29b                tcp_unlisten
                0x000000000001a2f6                tcp_listen
                0x000000000001a34f                tcp_attach
                0x000000000001a374                udp_attach
                0x000000000001a399                udp_new
                0x000000000001a3eb                udp_broadcast_new
                0x000000000001a65f                tcpip_input
                0x000000000001a693                tcpip_ipv6_output
                0x000000000001ab0d                tcpip_poll_udp
                0x000000000001ab30                tcpip_poll_tcp
                0x000000000001ab53                tcpip_uipcall
 .text          0x000000000001acc7      0x1c1 obj_cooja/mtype257.a(uip-debug.o)
                0x000000000001acc7                uip_debug_ipaddr_print
                0x000000000001ae29                uip_debug_lladdr_print
 .text          0x000000000001ae88      0x141 obj_cooja/mtype257.a(uip-packetqueue)
                0x000000000001aeb4                uip_packetqueue_new
                0x000000000001aec2                uip_packetqueue_alloc
                0x000000000001af22                uip_packetqueue_free
                0x000000000001af63                uip_packetqueue_buf
                0x000000000001af80                uip_packetqueue_buflen
                0x000000000001afa1                uip_packetqueue_set_buflen
 .text          0x000000000001afc9     0x25bb obj_cooja/mtype257.a(rpl-dag.o)
                0x000000000001afc9                rpl_print_neighbor_list
                0x000000000001b072                rpl_print_child_neighbor_list
                0x000000000001b0e7                rpl_get_nbr
                0x000000000001b141                rpl_get_nbr_child
                0x000000000001b19b                rpl_dag_init
                0x000000000001b1cd                rpl_get_parent
                0x000000000001b1ef                rpl_get_parent_rank
                0x000000000001b222                rpl_get_parent_link_metric
                0x000000000001b255                rpl_get_parent_ipaddr
                0x000000000001b27f                rpl_get_child_ipaddr
                0x000000000001b59a                rpl_set_root
                0x000000000001b7c8                rpl_repair_root
                0x000000000001ba04                rpl_set_prefix
                0x000000000001bb03                rpl_set_default_route
                0x000000000001bb8f                rpl_alloc_instance
                0x000000000001bc22                rpl_alloc_dag
                0x000000000001bcd5                rpl_set_default_instance
                0x000000000001bce2                rpl_get_default_instance
                0x000000000001bcec                rpl_free_instance
                0x000000000001bd9d                rpl_free_dag
                0x000000000001be03                rpl_add_parent
                0x000000000001bef9                rpl_find_parent
                0x000000000001bf29                rpl_add_child
                0x000000000001bfcd                rpl_find_child
                0x000000000001c01b                rpl_find_parent_any_dag
                0x000000000001c057                rpl_select_dag
                0x000000000001c47a                rpl_select_parent
                0x000000000001c4dc                rpl_remove_parent
                0x000000000001c512                rpl_remove_child
                0x000000000001c52e                rpl_nullify_parent
                0x000000000001c5cc                rpl_move_parent
                0x000000000001c669                rpl_has_downward_route
                0x000000000001c6bc                rpl_get_any_dag
                0x000000000001c71e                rpl_get_instance
                0x000000000001c781                rpl_find_of
                0x000000000001c7be                rpl_join_instance
                0x000000000001ca39                rpl_add_dag
                0x000000000001ce28                rpl_local_repair
                0x000000000001cf01                rpl_recalculate_ranks
                0x000000000001cf87                rpl_process_parent_event
                0x000000000001d039                rpl_process_dio
 .text          0x000000000001d584      0xbf3 obj_cooja/mtype257.a(rpl-ext-header.)
                0x000000000001d5a1                rpl_verify_header
                0x000000000001da1b                rpl_update_header_empty
                0x000000000001dd32                rpl_update_header_final
                0x000000000001dec1                rpl_remove_header
                0x000000000001dfcb                rpl_invert_header
                0x000000000001e155                rpl_insert_header
 .text          0x000000000001e177     0x2c77 obj_cooja/mtype257.a(rpl-icmp6.o)
                0x000000000001e486                rpl_icmp6_update_nbr_table
                0x000000000001e653                dis_output
                0x000000000001f381                dio_output
                0x00000000000208b1                dao_output
                0x0000000000020985                dao_output_target
                0x0000000000020da2                dao_ack_output
                0x0000000000020db6                rpl_icmp6_register_handlers
 .text          0x0000000000020dee      0x392 obj_cooja/mtype257.a(rpl-ltmax.o)
 .text          0x0000000000021180      0x7b3 obj_cooja/mtype257.a(rpl-timers.o)
                0x00000000000213c6                rpl_reset_periodic_timer
                0x000000000002141b                rpl_reset_dio_timer
                0x0000000000021655                rpl_schedule_dao
                0x0000000000021670                rpl_schedule_dao_immediately
                0x000000000002168b                rpl_cancel_dao
                0x00000000000216ed                rpl_schedule_unicast_dio_immediately
                0x00000000000218db                rpl_schedule_probing
 .text          0x0000000000021933      0x5c5 obj_cooja/mtype257.a(rpl.o)
                0x0000000000021933                rpl_get_mode
                0x000000000002193d                rpl_set_mode
                0x00000000000219cb                rpl_purge_routes
                0x0000000000021ac5                rpl_remove_routes
                0x0000000000021b0b                rpl_remove_routes_by_nexthop
                0x0000000000021b77                rpl_add_route
                0x0000000000021bf2                rpl_link_neighbor_callback
                0x0000000000021cf7                rpl_ipv6_neighbor_callback
                0x0000000000021d66                rpl_purge_dags
                0x0000000000021e72                rpl_init
 .text          0x0000000000021ef8      0x3f5 obj_cooja/mtype257.a(framer-802154.o)
 .text          0x00000000000222ed       0x5e obj_cooja/mtype257.a(nullmac.o)
 .text          0x000000000002234b     0x1044 obj_cooja/mtype257.a(cxmac.o)
                0x00000000000232df                cxmac_set_announcement_radio_txpower
                0x00000000000232e4                cxmac_init
 .text          0x000000000002338f       0x82 obj_cooja/mtype257.a(linkaddr.o)
                0x000000000002338f                linkaddr_copy
                0x00000000000233b1                linkaddr_cmp
                0x00000000000233db                linkaddr_set_node_addr
                0x00000000000233f6                linkaddr_set_node_long_addr
 .text          0x0000000000023411      0x88c obj_cooja/mtype257.a(nbr-table.o)
                0x0000000000023411                lladdr_map_add_lr
                0x00000000000234ce                lladdr_map_rm_lr
                0x0000000000023993                nbr_table_register
                0x00000000000239db                nbr_table_head
                0x0000000000023a37                nbr_table_next
                0x0000000000023a9e                nbr_table_add_lladdr
                0x0000000000023b7a                nbr_table_get_from_lladdr
                0x0000000000023bc7                nbr_table_remove
                0x0000000000023c19                nbr_table_lock
                0x0000000000023c43                nbr_table_unlock
                0x0000000000023c6d                nbr_table_get_lladdr
 .text          0x0000000000023c9d       0x2b obj_cooja/mtype257.a(netstack.o)
                0x0000000000023c9d                netstack_init
 .text          0x0000000000023cc8      0x3cd obj_cooja/mtype257.a(packetbuf.o)
                0x0000000000023cc8                packetbuf_clear
                0x0000000000023cf2                packetbuf_copyfrom
                0x0000000000023d44                packetbuf_compact
                0x0000000000023dc1                packetbuf_copyto
                0x0000000000023e58                packetbuf_hdralloc
                0x0000000000023ed5                packetbuf_hdrreduce
                0x0000000000023f1d                packetbuf_set_datalen
                0x0000000000023f36                packetbuf_dataptr
                0x0000000000023f53                packetbuf_hdrptr
                0x0000000000023f5d                packetbuf_datalen
                0x0000000000023f69                packetbuf_hdrlen
                0x0000000000023f80                packetbuf_totlen
                0x0000000000023f96                packetbuf_attr_clear
                0x0000000000023fe8                packetbuf_attr_copyto
                0x0000000000024031                packetbuf_attr_copyfrom
                0x0000000000024079                packetbuf_holds_broadcast
 .text          0x0000000000024095      0x2b4 obj_cooja/mtype257.a(queuebuf.o)
                0x000000000002409f                queuebuf_init
                0x00000000000240bf                queuebuf_numfree
                0x00000000000240d3                queuebuf_new_from_packetbuf
                0x0000000000024163                queuebuf_update_attr_from_packetbuf
                0x0000000000024196                queuebuf_update_from_packetbuf
                0x00000000000241e0                queuebuf_free
                0x0000000000024227                queuebuf_to_packetbuf
                0x000000000002428d                queuebuf_dataptr
                0x00000000000242c4                queuebuf_datalen
                0x00000000000242e7                queuebuf_addr
                0x0000000000024319                queuebuf_attr
                0x0000000000024344                queuebuf_debug_print
 .text          0x0000000000024349       0x6e obj_cooja/mtype257.a(nullsec.o)
 .text          0x00000000000243b7       0x19 obj_cooja/mtype257.a(watchdog.o)
                0x00000000000243b7                watchdog_init
                0x00000000000243bc                watchdog_start
                0x00000000000243c1                watchdog_periodic
                0x00000000000243c6                watchdog_stop
                0x00000000000243cb                watchdog_reboot
 .text          0x00000000000243d0        0x0 obj_cooja/mtype257.a(rimestats.o)
 .text          0x00000000000243d0      0x134 obj_cooja/mtype257.a(leds.o)
                0x0000000000024421                leds_init
                0x0000000000024435                leds_blink
                0x000000000002446d                leds_get
                0x000000000002447a                leds_set
                0x0000000000024494                leds_on
                0x00000000000244b7                leds_off
                0x00000000000244e1                leds_toggle
 .text          0x0000000000024504       0xa3 obj_cooja/mtype257.a(stimer.o)
                0x0000000000024504                stimer_set
                0x000000000002451f                stimer_reset
                0x0000000000024536                stimer_restart
                0x0000000000024548                stimer_expired
                0x000000000002456f                stimer_remaining
                0x0000000000024593                stimer_elapsed
 .text          0x00000000000245a7      0x1c1 obj_cooja/mtype257.a(memb.o)
                0x00000000000245a7                memb_init
                0x0000000000024605                memb_alloc
                0x000000000002466a                memb_free
                0x00000000000246e5                memb_inmemb
                0x0000000000024724                memb_numfree
 .text          0x0000000000024768      0x916 obj_cooja/mtype257.a(uip-ds6-route.o)
                0x00000000000247df                uip_ds6_notification_add
                0x0000000000024810                uip_ds6_notification_rm
                0x000000000002482c                uip_ds6_route_init
                0x00000000000248b4                uip_ds6_route_nexthop
                0x00000000000248dc                uip_ds6_route_head
                0x00000000000248f1                uip_ds6_route_next
                0x0000000000024917                uip_ds6_route_is_nexthop
                0x0000000000024956                uip_ds6_route_num_routes
                0x0000000000024960                uip_ds6_route_lookup
                0x0000000000024a22                uip_ds6_route_add
                0x0000000000024c56                uip_ds6_route_rm
                0x0000000000024dea                uip_ds6_route_rm_by_nexthop
                0x0000000000024e22                uip_ds6_defrt_add
                0x0000000000024ed3                uip_ds6_defrt_rm
                0x0000000000024f52                uip_ds6_defrt_lookup
                0x0000000000024fab                uip_ds6_defrt_choose
                0x0000000000025016                uip_ds6_defrt_periodic
 .text          0x000000000002507e      0xab2 obj_cooja/mtype257.a(uip-icmp6.o)
                0x00000000000250ec                uip_icmp6_input
                0x0000000000025142                uip_icmp6_register_input_handler
                0x000000000002540a                uip_icmp6_error_output
                0x000000000002574f                uip_icmp6_send
                0x0000000000025ac3                uip_icmp6_echo_reply_callback_add
                0x0000000000025af4                uip_icmp6_echo_reply_callback_rm
                0x0000000000025b10                uip_icmp6_init
 .text          0x0000000000025b30      0x358 obj_cooja/mtype257.a(uip-nd6.o)
                0x0000000000025b84                uip_nd6_ns_output
                0x0000000000025e83                uip_nd6_init
 .text          0x0000000000025e88      0x331 obj_cooja/mtype257.a(rpl-nbr-policy.)
                0x0000000000026060                find_removable_dis
                0x0000000000026083                find_removable_dio
                0x0000000000026112                find_removable_dao
                0x0000000000026162                rpl_nbr_policy_find_removable
 .text          0x00000000000261b9      0x97c obj_cooja/mtype257.a(frame802154.o)
                0x00000000000261ea                frame802154_get_pan_id
                0x00000000000261f6                frame802154_set_pan_id
                0x000000000002620f                frame802154_has_panid
                0x00000000000262fb                frame802154_check_dest_panid
                0x0000000000026363                frame802154_is_broadcast_addr
                0x00000000000263b0                frame802154_extract_linkaddr
                0x00000000000265f0                frame802154_hdrlen
                0x0000000000026641                frame802154_create
                0x000000000002682c                frame802154_parse
 .text          0x0000000000026b35       0x3c obj_cooja/mtype257.a(mac.o)
                0x0000000000026b35                mac_call_sent_callback
 .text          0x0000000000026b71        0x0 /usr/lib/gcc/i686-linux-gnu/4.8/crtendS.o
 .text          0x0000000000026b71        0x0 /usr/lib/gcc/i686-linux-gnu/4.8/../../../i386-linux-gnu/crtn.o
 *(.gnu.warning)

.fini           0x0000000000026b74       0x14
 *(SORT(.fini))
 .fini          0x0000000000026b74        0xf /usr/lib/gcc/i686-linux-gnu/4.8/../../../i386-linux-gnu/crti.o
                0x0000000000026b74                _fini
 .fini          0x0000000000026b83        0x5 /usr/lib/gcc/i686-linux-gnu/4.8/../../../i386-linux-gnu/crtn.o
                0x0000000000026b88                PROVIDE (__etext, .)
                0x0000000000026b88                PROVIDE (_etext, .)
                0x0000000000026b88                PROVIDE (etext, .)

.rodata         0x0000000000026ba0     0x1720
 *(.rodata .rodata.* .gnu.linkonce.r.*)
 .rodata        0x0000000000026ba0      0x148 udp-server.co
                0x0000000000026bb4                autostart_processes
 .rodata        0x0000000000026ce8      0x1e6 obj_cooja/mtype257.o
 *fill*         0x0000000000026ece        0x2 
 .rodata        0x0000000000026ed0        0x8 obj_cooja/mtype257.a(beep.o)
                0x0000000000026ed0                beep_interface
 .rodata        0x0000000000026ed8       0x20 obj_cooja/mtype257.a(button-sensor.o)
                0x0000000000026ed8                button_interface
                0x0000000000026ee8                button_sensor
 .rodata        0x0000000000026ef8        0x8 obj_cooja/mtype257.a(leds-arch.o)
                0x0000000000026ef8                leds_interface
 .rodata        0x0000000000026f00        0x8 obj_cooja/mtype257.a(moteid.o)
                0x0000000000026f00                moteid_interface
 .rodata        0x0000000000026f08       0x1c obj_cooja/mtype257.a(pir-sensor.o)
                0x0000000000026f08                pir_interface
                0x0000000000026f14                pir_sensor
 .rodata        0x0000000000026f24        0xe obj_cooja/mtype257.a(rs232.o)
                0x0000000000026f24                rs232_interface
 *fill*         0x0000000000026f32        0x2 
 .rodata        0x0000000000026f34       0x24 obj_cooja/mtype257.a(vib-sensor.o)
                0x0000000000026f34                vib_interface
                0x0000000000026f48                vib_sensor
 .rodata        0x0000000000026f58        0x8 obj_cooja/mtype257.a(clock.o)
                0x0000000000026f58                clock_interface
 .rodata        0x0000000000026f60        0x8 obj_cooja/mtype257.a(log.o)
                0x0000000000026f60                simlog_interface
 .rodata        0x0000000000026f68       0x2f obj_cooja/mtype257.a(cfs-cooja.o)
                0x0000000000026f68                cfs_interface
 *fill*         0x0000000000026f97        0x9 
 .rodata        0x0000000000026fa0       0x60 obj_cooja/mtype257.a(cooja-radio.o)
                0x0000000000026fc0                cooja_radio_driver
                0x0000000000026ff8                radio_interface
 .rodata        0x0000000000027000        0x8 obj_cooja/mtype257.a(eeprom.o)
                0x0000000000027000                eeprom_interface
 .rodata        0x0000000000027008        0x8 obj_cooja/mtype257.a(sensors.o)
 .rodata        0x0000000000027010      0x169 obj_cooja/mtype257.a(dual_conf.o)
 .rodata        0x0000000000027179        0xf obj_cooja/mtype257.a(ctimer.o)
 .rodata        0x0000000000027188        0xc obj_cooja/mtype257.a(etimer.o)
 .rodata        0x0000000000027194       0x73 obj_cooja/mtype257.a(log_message.o)
 *fill*         0x0000000000027207        0x1 
 .rodata        0x0000000000027208       0x20 obj_cooja/mtype257.a(residual.o)
 .rodata        0x0000000000027228        0xe obj_cooja/mtype257.a(serial-line.o)
 *fill*         0x0000000000027236        0x2 
 .rodata        0x0000000000027238       0x2c obj_cooja/mtype257.a(sicslowpan.o)
                0x0000000000027238                unc_llconf
                0x000000000002723c                unc_ctxconf
                0x0000000000027240                unc_mxconf
                0x0000000000027244                llprefix
                0x0000000000027258                sicslowpan_driver
 .rodata        0x0000000000027264      0x13c obj_cooja/mtype257.a(uip6.o)
 .rodata        0x00000000000273a0       0x49 obj_cooja/mtype257.a(tcpip.o)
 .rodata        0x00000000000273e9       0x3e obj_cooja/mtype257.a(uip-debug.o)
 *fill*         0x0000000000027427        0x1 
 .rodata        0x0000000000027428        0x4 obj_cooja/mtype257.a(rpl-dag.o)
 .rodata        0x000000000002742c      0xb70 obj_cooja/mtype257.a(rpl-icmp6.o)
 .rodata        0x0000000000027f9c        0xc obj_cooja/mtype257.a(framer-802154.o)
                0x0000000000027f9c                framer_802154
 .rodata        0x0000000000027fa8       0x24 obj_cooja/mtype257.a(nullmac.o)
                0x0000000000027fb0                nullmac_driver
 *fill*         0x0000000000027fcc       0x14 
 .rodata        0x0000000000027fe0      0x2c0 obj_cooja/mtype257.a(cxmac.o)
                0x0000000000028280                cxmac_driver
 .rodata        0x00000000000282a0        0x8 obj_cooja/mtype257.a(linkaddr.o)
                0x00000000000282a0                linkaddr_null
 .rodata        0x00000000000282a8       0x18 obj_cooja/mtype257.a(nullsec.o)
                0x00000000000282b0                nullsec_driver

.rodata1
 *(.rodata1)

.eh_frame_hdr   0x00000000000282c0     0x138c
 *(.eh_frame_hdr)
 .eh_frame_hdr  0x00000000000282c0     0x138c udp-server.co

.eh_frame       0x000000000002964c     0x4f84
 *(.eh_frame)
 .eh_frame      0x000000000002964c       0x3c /usr/lib/gcc/i686-linux-gnu/4.8/../../../i386-linux-gnu/crti.o
                                         0x40 (size before relaxing)
 .eh_frame      0x0000000000029688       0x68 udp-server.co
                                         0x80 (size before relaxing)
 .eh_frame      0x00000000000296f0      0x148 obj_cooja/mtype257.o
                                        0x160 (size before relaxing)
 .eh_frame      0x0000000000029838       0x40 obj_cooja/mtype257.a(simEnvChange.o)
                                         0x58 (size before relaxing)
 .eh_frame      0x0000000000029878       0xc0 obj_cooja/mtype257.a(cooja_mt.o)
                                         0xd8 (size before relaxing)
 .eh_frame      0x0000000000029938      0x120 obj_cooja/mtype257.a(cooja_mtarch.o)
                                        0x138 (size before relaxing)
 .eh_frame      0x0000000000029a58       0xc0 obj_cooja/mtype257.a(rtimer-arch.o)
                                         0xd8 (size before relaxing)
 .eh_frame      0x0000000000029b18      0x160 obj_cooja/mtype257.a(beep.o)
                                        0x178 (size before relaxing)
 .eh_frame      0x0000000000029c78       0xa0 obj_cooja/mtype257.a(button-sensor.o)
                                         0xb8 (size before relaxing)
 .eh_frame      0x0000000000029d18       0xa0 obj_cooja/mtype257.a(leds-arch.o)
                                         0xb8 (size before relaxing)
 .eh_frame      0x0000000000029db8       0x40 obj_cooja/mtype257.a(moteid.o)
                                         0x58 (size before relaxing)
 .eh_frame      0x0000000000029df8       0xa0 obj_cooja/mtype257.a(pir-sensor.o)
                                         0xb8 (size before relaxing)
 .eh_frame      0x0000000000029e98      0x100 obj_cooja/mtype257.a(rs232.o)
                                        0x118 (size before relaxing)
 .eh_frame      0x0000000000029f98       0xa0 obj_cooja/mtype257.a(vib-sensor.o)
                                         0xb8 (size before relaxing)
 .eh_frame      0x000000000002a038       0xc0 obj_cooja/mtype257.a(clock.o)
                                         0xd8 (size before relaxing)
 .eh_frame      0x000000000002a0f8      0x120 obj_cooja/mtype257.a(log.o)
                                        0x138 (size before relaxing)
 .eh_frame      0x000000000002a218      0x160 obj_cooja/mtype257.a(cfs-cooja.o)
                                        0x178 (size before relaxing)
 .eh_frame      0x000000000002a378      0x2e0 obj_cooja/mtype257.a(cooja-radio.o)
                                        0x2f8 (size before relaxing)
 .eh_frame      0x000000000002a658       0xa0 obj_cooja/mtype257.a(eeprom.o)
                                         0xb8 (size before relaxing)
 .eh_frame      0x000000000002a6f8       0x40 obj_cooja/mtype257.a(random.o)
                                         0x58 (size before relaxing)
 .eh_frame      0x000000000002a738       0xc0 obj_cooja/mtype257.a(sensors.o)
                                         0xd8 (size before relaxing)
 .eh_frame      0x000000000002a7f8      0x160 obj_cooja/mtype257.a(dual_conf.o)
                                        0x178 (size before relaxing)
 .eh_frame      0x000000000002a958       0x40 obj_cooja/mtype257.a(autostart.o)
                                         0x58 (size before relaxing)
 .eh_frame      0x000000000002a998      0x100 obj_cooja/mtype257.a(ctimer.o)
                                        0x118 (size before relaxing)
 .eh_frame      0x000000000002aa98      0x1e0 obj_cooja/mtype257.a(etimer.o)
                                        0x1f8 (size before relaxing)
 .eh_frame      0x000000000002ac78       0x40 obj_cooja/mtype257.a(log_message.o)
                                         0x58 (size before relaxing)
 .eh_frame      0x000000000002acb8      0x1c8 obj_cooja/mtype257.a(process.o)
                                        0x1e0 (size before relaxing)
 .eh_frame      0x000000000002ae80       0x2c obj_cooja/mtype257.a(residual.o)
                                         0x44 (size before relaxing)
 .eh_frame      0x000000000002aeac       0x60 obj_cooja/mtype257.a(rtimer.o)
                                         0x78 (size before relaxing)
 .eh_frame      0x000000000002af0c       0xa4 obj_cooja/mtype257.a(timer.o)
                                         0xbc (size before relaxing)
 .eh_frame      0x000000000002afb0       0x60 obj_cooja/mtype257.a(serial-line.o)
                                         0x78 (size before relaxing)
 .eh_frame      0x000000000002b010      0x180 obj_cooja/mtype257.a(list.o)
                                        0x198 (size before relaxing)
 .eh_frame      0x000000000002b190       0xa0 obj_cooja/mtype257.a(ringbuf.o)
                                         0xb8 (size before relaxing)
 .eh_frame      0x000000000002b230      0x350 obj_cooja/mtype257.a(sicslowpan.o)
                                        0x368 (size before relaxing)
 .eh_frame      0x000000000002b580      0x180 obj_cooja/mtype257.a(uip-ds6-nbr.o)
                                        0x198 (size before relaxing)
 .eh_frame      0x000000000002b700      0x3c8 obj_cooja/mtype257.a(uip-ds6.o)
                                        0x3e0 (size before relaxing)
 .eh_frame      0x000000000002bac8      0x27c obj_cooja/mtype257.a(uip6.o)
                                        0x294 (size before relaxing)
 .eh_frame      0x000000000002bd44      0x270 obj_cooja/mtype257.a(tcpip.o)
                                        0x288 (size before relaxing)
 .eh_frame      0x000000000002bfb4       0x48 obj_cooja/mtype257.a(uip-debug.o)
                                         0x60 (size before relaxing)
 .eh_frame      0x000000000002bffc       0xe0 obj_cooja/mtype257.a(uip-packetqueue)
                                         0xf8 (size before relaxing)
 .eh_frame      0x000000000002c0dc      0x74c obj_cooja/mtype257.a(rpl-dag.o)
                                        0x764 (size before relaxing)
 .eh_frame      0x000000000002c828      0x10c obj_cooja/mtype257.a(rpl-ext-header.)
                                        0x124 (size before relaxing)
 .eh_frame      0x000000000002c934      0x2c8 obj_cooja/mtype257.a(rpl-icmp6.o)
                                        0x2e0 (size before relaxing)
 .eh_frame      0x000000000002cbfc       0xe0 obj_cooja/mtype257.a(rpl-ltmax.o)
                                         0xf8 (size before relaxing)
 .eh_frame      0x000000000002ccdc      0x20c obj_cooja/mtype257.a(rpl-timers.o)
                                        0x224 (size before relaxing)
 .eh_frame      0x000000000002cee8      0x148 obj_cooja/mtype257.a(rpl.o)
                                        0x160 (size before relaxing)
 .eh_frame      0x000000000002d030      0x108 obj_cooja/mtype257.a(framer-802154.o)
                                        0x120 (size before relaxing)
 .eh_frame      0x000000000002d138       0xc0 obj_cooja/mtype257.a(nullmac.o)
                                         0xd8 (size before relaxing)
 .eh_frame      0x000000000002d1f8      0x2a0 obj_cooja/mtype257.a(cxmac.o)
                                        0x2b8 (size before relaxing)
 .eh_frame      0x000000000002d498       0x80 obj_cooja/mtype257.a(linkaddr.o)
                                         0x98 (size before relaxing)
 .eh_frame      0x000000000002d518      0x2ac obj_cooja/mtype257.a(nbr-table.o)
                                        0x2c4 (size before relaxing)
 .eh_frame      0x000000000002d7c4       0x20 obj_cooja/mtype257.a(netstack.o)
                                         0x38 (size before relaxing)
 .eh_frame      0x000000000002d7e4      0x214 obj_cooja/mtype257.a(packetbuf.o)
                                        0x22c (size before relaxing)
 .eh_frame      0x000000000002d9f8      0x1a0 obj_cooja/mtype257.a(queuebuf.o)
                                        0x1b8 (size before relaxing)
 .eh_frame      0x000000000002db98       0x80 obj_cooja/mtype257.a(nullsec.o)
                                         0x98 (size before relaxing)
 .eh_frame      0x000000000002dc18       0xa0 obj_cooja/mtype257.a(watchdog.o)
                                         0xb8 (size before relaxing)
 .eh_frame      0x000000000002dcb8      0x100 obj_cooja/mtype257.a(leds.o)
                                        0x118 (size before relaxing)
 .eh_frame      0x000000000002ddb8       0xc4 obj_cooja/mtype257.a(stimer.o)
                                         0xdc (size before relaxing)
 .eh_frame      0x000000000002de7c       0xa0 obj_cooja/mtype257.a(memb.o)
                                         0xb8 (size before relaxing)
 .eh_frame      0x000000000002df1c      0x2a0 obj_cooja/mtype257.a(uip-ds6-route.o)
                                        0x2b8 (size before relaxing)
 .eh_frame      0x000000000002e1bc      0x164 obj_cooja/mtype257.a(uip-icmp6.o)
                                        0x17c (size before relaxing)
 .eh_frame      0x000000000002e320       0x68 obj_cooja/mtype257.a(uip-nd6.o)
                                         0x80 (size before relaxing)
 .eh_frame      0x000000000002e388       0xc0 obj_cooja/mtype257.a(rpl-nbr-policy.)
                                         0xd8 (size before relaxing)
 .eh_frame      0x000000000002e448      0x164 obj_cooja/mtype257.a(frame802154.o)
                                        0x17c (size before relaxing)
 .eh_frame      0x000000000002e5ac       0x20 obj_cooja/mtype257.a(mac.o)
                                         0x38 (size before relaxing)
 .eh_frame      0x000000000002e5cc        0x4 /usr/lib/gcc/i686-linux-gnu/4.8/crtendS.o

.gcc_except_table
 *(.gcc_except_table .gcc_except_table.*)

.exception_ranges
 *(.exception_ranges .exception_ranges*)
                0x000000000002e5d0                . = (ALIGN (0x1000) - ((0x1000 - .) & 0xfff))
                0x000000000002fef8                . = DATA_SEGMENT_ALIGN (0x1000, 0x1000)

.eh_frame
 *(.eh_frame)

.gcc_except_table
 *(.gcc_except_table .gcc_except_table.*)

.exception_ranges
 *(.exception_ranges .exception_ranges*)

.tdata
 *(.tdata .tdata.* .gnu.linkonce.td.*)

.tbss
 *(.tbss .tbss.* .gnu.linkonce.tb.*)
 *(.tcommon)

.preinit_array
 *(.preinit_array)

.init_array     0x000000000002fef8        0x4
 *(SORT(.init_array.*) SORT(.ctors.*))
 *(.init_array EXCLUDE_FILE(*crtend?.o *crtend.o *crtbegin?.o *crtbegin.o) .ctors)
 .init_array    0x000000000002fef8        0x4 /usr/lib/gcc/i686-linux-gnu/4.8/crtbeginS.o

.fini_array     0x000000000002fefc        0x4
 *(SORT(.fini_array.*) SORT(.dtors.*))
 *(.fini_array EXCLUDE_FILE(*crtend?.o *crtend.o *crtbegin?.o *crtbegin.o) .dtors)
 .fini_array    0x000000000002fefc        0x4 /usr/lib/gcc/i686-linux-gnu/4.8/crtbeginS.o

.ctors
 *crtbegin.o(.ctors)
 *crtbegin?.o(.ctors)
 *(EXCLUDE_FILE(*crtend?.o *crtend.o) .ctors)
 *(SORT(.ctors.*))
 *(.ctors)

.dtors
 *crtbegin.o(.dtors)
 *crtbegin?.o(.dtors)
 *(EXCLUDE_FILE(*crtend?.o *crtend.o) .dtors)
 *(SORT(.dtors.*))
 *(.dtors)

.jcr            0x000000000002ff00        0x4
 *(.jcr)
 .jcr           0x000000000002ff00        0x0 /usr/lib/gcc/i686-linux-gnu/4.8/crtbeginS.o
 .jcr           0x000000000002ff00        0x4 /usr/lib/gcc/i686-linux-gnu/4.8/crtendS.o

.data.rel.ro
 *(.data.rel.ro.local* .gnu.linkonce.d.rel.ro.local.*)
 *(.data.rel.ro .data.rel.ro.* .gnu.linkonce.d.rel.ro.*)

.dynamic        0x000000000002ff04       0xe8
 *(.dynamic)
 .dynamic       0x000000000002ff04       0xe8 /usr/lib/gcc/i686-linux-gnu/4.8/../../../i386-linux-gnu/crti.o
                0x000000000002ff04                _DYNAMIC

.got            0x000000000002ffec       0x14
 *(.got)
 .got           0x000000000002ffec       0x14 /usr/lib/gcc/i686-linux-gnu/4.8/../../../i386-linux-gnu/crti.o
 *(.igot)
                0x0000000000030ff4                . = DATA_SEGMENT_RELRO_END (., (SIZEOF (.got.plt) >= 0xc)?0xc:0x0)

.got.plt        0x0000000000030000       0x14
 *(.got.plt)
 .got.plt       0x0000000000030000       0x14 /usr/lib/gcc/i686-linux-gnu/4.8/../../../i386-linux-gnu/crti.o
                0x0000000000030000                _GLOBAL_OFFSET_TABLE_
 *(.igot.plt)

.data           0x0000000000030020      0x266
 *(.data .data.* .gnu.linkonce.d.*)
 .data          0x0000000000030020        0x0 /usr/lib/gcc/i686-linux-gnu/4.8/../../../i386-linux-gnu/crti.o
 .data          0x0000000000030020        0x0 /usr/lib/gcc/i686-linux-gnu/4.8/crtbeginS.o
 .data.rel      0x0000000000030020        0x4 /usr/lib/gcc/i686-linux-gnu/4.8/crtbeginS.o
                0x0000000000030020                __dso_handle
 .data          0x0000000000030024       0x10 udp-server.co
                0x0000000000030024                udp_server_process
 *fill*         0x0000000000030034        0xc 
 .data          0x0000000000030040       0x44 obj_cooja/mtype257.o
                0x0000000000030040                simInterfaces
                0x0000000000030074                sensors
 .data          0x0000000000030084        0x0 obj_cooja/mtype257.a(simEnvChange.o)
 .data          0x0000000000030084        0x0 obj_cooja/mtype257.a(cooja_mt.o)
 .data          0x0000000000030084        0x0 obj_cooja/mtype257.a(cooja_mtarch.o)
 .data          0x0000000000030084        0x0 obj_cooja/mtype257.a(rtimer-arch.o)
 .data          0x0000000000030084        0x0 obj_cooja/mtype257.a(beep.o)
 .data          0x0000000000030084        0x0 obj_cooja/mtype257.a(button-sensor.o)
 .data          0x0000000000030084        0x0 obj_cooja/mtype257.a(leds-arch.o)
 .data          0x0000000000030084        0x0 obj_cooja/mtype257.a(moteid.o)
 .data          0x0000000000030084        0x0 obj_cooja/mtype257.a(pir-sensor.o)
 .data          0x0000000000030084        0x0 obj_cooja/mtype257.a(rs232.o)
 .data          0x0000000000030084        0x0 obj_cooja/mtype257.a(vib-sensor.o)
 .data          0x0000000000030084        0x0 obj_cooja/mtype257.a(clock.o)
 .data          0x0000000000030084        0x0 obj_cooja/mtype257.a(log.o)
 .data          0x0000000000030084        0x0 obj_cooja/mtype257.a(cfs-cooja.o)
 .data          0x0000000000030084       0x40 obj_cooja/mtype257.a(cooja-radio.o)
                0x0000000000030084                simRadioChannelLR
                0x0000000000030088                simRadioHWOnLR
                0x000000000003008c                simSignalStrengthLR
                0x0000000000030090                simLastSignalStrengthLR
                0x0000000000030094                simPowerLR
                0x0000000000030098                simLQILR
                0x000000000003009c                simRadioChannel
                0x00000000000300a0                simRadioHWOn
                0x00000000000300a4                simSignalStrength
                0x00000000000300a8                simLastSignalStrength
                0x00000000000300ac                simPower
                0x00000000000300b0                simLQI
                0x00000000000300b4                cooja_radio_process
 .data          0x00000000000300c4        0x0 obj_cooja/mtype257.a(eeprom.o)
 .data          0x00000000000300c4        0x0 obj_cooja/mtype257.a(random.o)
 .data          0x00000000000300c4       0x10 obj_cooja/mtype257.a(sensors.o)
                0x00000000000300c4                sensors_process
 .data          0x00000000000300d4       0x24 obj_cooja/mtype257.a(dual_conf.o)
                0x00000000000300d4                radio_received
                0x00000000000300d8                dual_dio_broadcast
                0x00000000000300e8                dual_dis_broadcast
 .data          0x00000000000300f8        0x0 obj_cooja/mtype257.a(autostart.o)
 .data          0x00000000000300f8       0x14 obj_cooja/mtype257.a(ctimer.o)
                0x00000000000300fc                ctimer_process
 .data          0x000000000003010c       0x10 obj_cooja/mtype257.a(etimer.o)
                0x000000000003010c                etimer_process
 .data          0x000000000003011c        0x0 obj_cooja/mtype257.a(log_message.o)
 .data          0x000000000003011c        0x0 obj_cooja/mtype257.a(process.o)
 .data          0x000000000003011c        0x0 obj_cooja/mtype257.a(residual.o)
 .data          0x000000000003011c        0x0 obj_cooja/mtype257.a(rtimer.o)
 .data          0x000000000003011c        0x0 obj_cooja/mtype257.a(timer.o)
 .data          0x000000000003011c       0x10 obj_cooja/mtype257.a(serial-line.o)
                0x000000000003011c                serial_line_process
 .data          0x000000000003012c        0x0 obj_cooja/mtype257.a(list.o)
 .data          0x000000000003012c        0x0 obj_cooja/mtype257.a(ringbuf.o)
 .data          0x000000000003012c        0x0 obj_cooja/mtype257.a(sicslowpan.o)
 .data          0x000000000003012c       0x14 obj_cooja/mtype257.a(uip-ds6-nbr.o)
                0x000000000003013c                ds6_neighbors
 .data          0x0000000000030140        0x0 obj_cooja/mtype257.a(uip-ds6.o)
 .data          0x0000000000030140        0x0 obj_cooja/mtype257.a(uip6.o)
 .data          0x0000000000030140       0x10 obj_cooja/mtype257.a(tcpip.o)
                0x0000000000030140                tcpip_process
 .data          0x0000000000030150        0x0 obj_cooja/mtype257.a(uip-debug.o)
 .data          0x0000000000030150        0xc obj_cooja/mtype257.a(uip-packetqueue)
 .data          0x000000000003015c       0x28 obj_cooja/mtype257.a(rpl-dag.o)
                0x000000000003016c                rpl_parents
                0x0000000000030180                rpl_children
 .data          0x0000000000030184        0x0 obj_cooja/mtype257.a(rpl-ext-header.)
 .data          0x0000000000030184       0x34 obj_cooja/mtype257.a(rpl-icmp6.o)
 .data          0x00000000000301b8       0x1c obj_cooja/mtype257.a(rpl-ltmax.o)
                0x00000000000301b8                rpl_ltmax_of
 .data          0x00000000000301d4        0x0 obj_cooja/mtype257.a(rpl-timers.o)
 .data          0x00000000000301d4        0x0 obj_cooja/mtype257.a(rpl.o)
 .data          0x00000000000301d4        0x0 obj_cooja/mtype257.a(framer-802154.o)
 .data          0x00000000000301d4        0x0 obj_cooja/mtype257.a(nullmac.o)
 .data          0x00000000000301d4       0x20 obj_cooja/mtype257.a(cxmac.o)
                0x00000000000301d4                cxmac_config
 .data          0x00000000000301f4        0x0 obj_cooja/mtype257.a(linkaddr.o)
 .data          0x00000000000301f4       0x10 obj_cooja/mtype257.a(nbr-table.o)
 .data          0x0000000000030204        0x0 obj_cooja/mtype257.a(netstack.o)
 .data          0x0000000000030204        0x4 obj_cooja/mtype257.a(packetbuf.o)
 .data          0x0000000000030208       0x18 obj_cooja/mtype257.a(queuebuf.o)
 .data          0x0000000000030220        0x0 obj_cooja/mtype257.a(nullsec.o)
 .data          0x0000000000030220        0x0 obj_cooja/mtype257.a(watchdog.o)
 .data          0x0000000000030220        0x0 obj_cooja/mtype257.a(rimestats.o)
 .data          0x0000000000030220        0x0 obj_cooja/mtype257.a(leds.o)
 .data          0x0000000000030220        0x0 obj_cooja/mtype257.a(stimer.o)
 .data          0x0000000000030220        0x0 obj_cooja/mtype257.a(memb.o)
 .data          0x0000000000030220       0x44 obj_cooja/mtype257.a(uip-ds6-route.o)
                0x0000000000030230                nbr_routes
 .data          0x0000000000030264       0x20 obj_cooja/mtype257.a(uip-icmp6.o)
 .data          0x0000000000030284        0x0 obj_cooja/mtype257.a(uip-nd6.o)
 .data          0x0000000000030284        0x0 obj_cooja/mtype257.a(rpl-nbr-policy.)
 .data          0x0000000000030284        0x2 obj_cooja/mtype257.a(frame802154.o)
 .data          0x0000000000030286        0x0 obj_cooja/mtype257.a(mac.o)
 .data          0x0000000000030286        0x0 /usr/lib/gcc/i686-linux-gnu/4.8/crtendS.o
 .data          0x0000000000030286        0x0 /usr/lib/gcc/i686-linux-gnu/4.8/../../../i386-linux-gnu/crtn.o

.tm_clone_table
                0x0000000000030288        0x0
 .tm_clone_table
                0x0000000000030288        0x0 /usr/lib/gcc/i686-linux-gnu/4.8/crtbeginS.o
 .tm_clone_table
                0x0000000000030288        0x0 /usr/lib/gcc/i686-linux-gnu/4.8/crtendS.o

.data1
 *(.data1)
                0x0000000000030288                _edata = .
                0x0000000000030288                PROVIDE (edata, .)
                0x0000000000030288                . = .
                0x0000000000030288                __bss_start = .

.bss            0x00000000000302a0     0x88e8
 *(.dynbss)
 .dynbss        0x0000000000000000        0x0 /usr/lib/gcc/i686-linux-gnu/4.8/../../../i386-linux-gnu/crti.o
 *(.bss .bss.* .gnu.linkonce.b.*)
 .bss           0x00000000000302a0        0x0 /usr/lib/gcc/i686-linux-gnu/4.8/../../../i386-linux-gnu/crti.o
 .bss           0x00000000000302a0        0x1 /usr/lib/gcc/i686-linux-gnu/4.8/crtbeginS.o
 *fill*         0x00000000000302a1        0x3 
 .bss           0x00000000000302a4        0x8 udp-server.co
                0x00000000000302a4                my_weight
 *fill*         0x00000000000302ac       0x14 
 .bss           0x00000000000302c0     0x2030 obj_cooja/mtype257.o
 .bss           0x00000000000322f0        0x1 obj_cooja/mtype257.a(simEnvChange.o)
                0x00000000000322f0                simDontFallAsleep
 *fill*         0x00000000000322f1        0x3 
 .bss           0x00000000000322f4        0x4 obj_cooja/mtype257.a(cooja_mt.o)
 .bss           0x00000000000322f8        0x4 obj_cooja/mtype257.a(cooja_mtarch.o)
 .bss           0x00000000000322fc        0xc obj_cooja/mtype257.a(rtimer-arch.o)
 .bss           0x0000000000032308        0x0 obj_cooja/mtype257.a(beep.o)
 .bss           0x0000000000032308        0x8 obj_cooja/mtype257.a(button-sensor.o)
 .bss           0x0000000000032310        0x0 obj_cooja/mtype257.a(leds-arch.o)
 .bss           0x0000000000032310        0x0 obj_cooja/mtype257.a(moteid.o)
 .bss           0x0000000000032310        0x1 obj_cooja/mtype257.a(pir-sensor.o)
                0x0000000000032310                simPirValue
 *fill*         0x0000000000032311        0x3 
 .bss           0x0000000000032314        0x4 obj_cooja/mtype257.a(rs232.o)
 .bss           0x0000000000032318        0x1 obj_cooja/mtype257.a(vib-sensor.o)
                0x0000000000032318                simVibValue
 .bss           0x0000000000032319        0x0 obj_cooja/mtype257.a(clock.o)
 *fill*         0x0000000000032319        0x7 
 .bss           0x0000000000032320      0x420 obj_cooja/mtype257.a(log.o)
 .bss           0x0000000000032740      0xfc0 obj_cooja/mtype257.a(cfs-cooja.o)
                0x0000000000032740                simCFSData
                0x00000000000336e0                simCFSSize
                0x00000000000336e4                simCFSChanged
                0x00000000000336e8                simCFSRead
                0x00000000000336ec                simCFSWritten
 .bss           0x0000000000033700       0x24 obj_cooja/mtype257.a(cooja-radio.o)
                0x0000000000033700                simReceivingLR
                0x0000000000033704                simInSizeLR
                0x0000000000033708                simOutSizeLR
                0x000000000003370c                simReceiving
                0x0000000000033710                simInSize
                0x0000000000033714                simOutSize
                0x0000000000033718                LongRangeTransmit
                0x000000000003371c                LongRangeReceiving
 .bss           0x0000000000033724        0xc obj_cooja/mtype257.a(eeprom.o)
                0x0000000000033724                simEEPROMChanged
                0x0000000000033728                simEEPROMRead
                0x000000000003372c                simEEPROMWritten
 .bss           0x0000000000033730        0x0 obj_cooja/mtype257.a(random.o)
 .bss           0x0000000000033730        0xc obj_cooja/mtype257.a(sensors.o)
 .bss           0x000000000003373c       0x28 obj_cooja/mtype257.a(dual_conf.o)
                0x000000000003373c                long_range_radio
 .bss           0x0000000000033764        0x0 obj_cooja/mtype257.a(autostart.o)
 .bss           0x0000000000033764        0x5 obj_cooja/mtype257.a(ctimer.o)
 *fill*         0x0000000000033769        0x3 
 .bss           0x000000000003376c        0x8 obj_cooja/mtype257.a(etimer.o)
 .bss           0x0000000000033774        0x0 obj_cooja/mtype257.a(log_message.o)
 *fill*         0x0000000000033774        0xc 
 .bss           0x0000000000033780      0x1b1 obj_cooja/mtype257.a(process.o)
                0x0000000000033780                process_list
                0x0000000000033784                process_current
 .bss           0x0000000000033931        0x0 obj_cooja/mtype257.a(residual.o)
 *fill*         0x0000000000033931        0x3 
 .bss           0x0000000000033934        0x4 obj_cooja/mtype257.a(rtimer.o)
 .bss           0x0000000000033938        0x0 obj_cooja/mtype257.a(timer.o)
 *fill*         0x0000000000033938        0x8 
 .bss           0x0000000000033940      0x140 obj_cooja/mtype257.a(serial-line.o)
 .bss           0x0000000000033a80        0x0 obj_cooja/mtype257.a(list.o)
 .bss           0x0000000000033a80        0x0 obj_cooja/mtype257.a(ringbuf.o)
 .bss           0x0000000000033a80      0x70c obj_cooja/mtype257.a(sicslowpan.o)
 *fill*         0x000000000003418c       0x14 
 .bss           0x00000000000341a0      0x2d0 obj_cooja/mtype257.a(uip-ds6-nbr.o)
 .bss           0x0000000000034470       0x30 obj_cooja/mtype257.a(uip-ds6.o)
 .bss           0x00000000000344a0        0xe obj_cooja/mtype257.a(uip6.o)
                0x00000000000344a0                uip_ext_bitmap
                0x00000000000344a1                uip_ext_len
                0x00000000000344a2                uip_ext_opt_offset
 *fill*         0x00000000000344ae       0x12 
 .bss           0x00000000000344c0       0x6b obj_cooja/mtype257.a(tcpip.o)
 .bss           0x000000000003452b        0x0 obj_cooja/mtype257.a(uip-debug.o)
 *fill*         0x000000000003452b       0x15 
 .bss           0x0000000000034540      0xcf8 obj_cooja/mtype257.a(uip-packetqueue)
 *fill*         0x0000000000035238        0x8 
 .bss           0x0000000000035240      0x1fe obj_cooja/mtype257.a(rpl-dag.o)
 .bss           0x000000000003543e        0x0 obj_cooja/mtype257.a(rpl-ext-header.)
 .bss           0x000000000003543e        0x0 obj_cooja/mtype257.a(rpl-icmp6.o)
 .bss           0x000000000003543e        0x0 obj_cooja/mtype257.a(rpl-ltmax.o)
 *fill*         0x000000000003543e        0x2 
 .bss           0x0000000000035440       0x23 obj_cooja/mtype257.a(rpl-timers.o)
 *fill*         0x0000000000035463        0x1 
 .bss           0x0000000000035464        0x4 obj_cooja/mtype257.a(rpl.o)
 .bss           0x0000000000035468        0x2 obj_cooja/mtype257.a(framer-802154.o)
 .bss           0x000000000003546a        0x0 obj_cooja/mtype257.a(nullmac.o)
 *fill*         0x000000000003546a       0x16 
 .bss           0x0000000000035480       0xa0 obj_cooja/mtype257.a(cxmac.o)
 .bss           0x0000000000035520        0x0 obj_cooja/mtype257.a(linkaddr.o)
 .bss           0x0000000000035520      0x20c obj_cooja/mtype257.a(nbr-table.o)
 .bss           0x000000000003572c        0x0 obj_cooja/mtype257.a(netstack.o)
 *fill*         0x000000000003572c       0x14 
 .bss           0x0000000000035740       0xa0 obj_cooja/mtype257.a(packetbuf.o)
 .bss           0x00000000000357e0      0xb80 obj_cooja/mtype257.a(queuebuf.o)
 .bss           0x0000000000036360        0x0 obj_cooja/mtype257.a(nullsec.o)
 .bss           0x0000000000036360        0x0 obj_cooja/mtype257.a(watchdog.o)
 .bss           0x0000000000036360        0x0 obj_cooja/mtype257.a(rimestats.o)
 .bss           0x0000000000036360        0x1 obj_cooja/mtype257.a(leds.o)
 .bss           0x0000000000036361        0x0 obj_cooja/mtype257.a(stimer.o)
 .bss           0x0000000000036361        0x0 obj_cooja/mtype257.a(memb.o)
 *fill*         0x0000000000036361       0x1f 
 .bss           0x0000000000036380      0x568 obj_cooja/mtype257.a(uip-ds6-route.o)
 .bss           0x00000000000368e8       0x18 obj_cooja/mtype257.a(uip-icmp6.o)
 .bss           0x0000000000036900        0x0 obj_cooja/mtype257.a(uip-nd6.o)
 .bss           0x0000000000036900       0x44 obj_cooja/mtype257.a(rpl-nbr-policy.)
 .bss           0x0000000000036944        0x0 obj_cooja/mtype257.a(frame802154.o)
 .bss           0x0000000000036944        0x0 obj_cooja/mtype257.a(mac.o)
 .bss           0x0000000000036944        0x0 /usr/lib/gcc/i686-linux-gnu/4.8/crtendS.o
 .bss           0x0000000000036944        0x0 /usr/lib/gcc/i686-linux-gnu/4.8/../../../i386-linux-gnu/crtn.o
 *(COMMON)
 COMMON         0x0000000000036944        0x2 udp-server.co
                0x0000000000036944                my_sink_reachability
                0x0000000000036945                my_parent_number
 *fill*         0x0000000000036946        0x2 
 COMMON         0x0000000000036948       0x4c obj_cooja/mtype257.o
                0x0000000000036948                dio_count
                0x000000000003694c                dis_count
                0x0000000000036950                collision_count
                0x0000000000036954                transmission_count
                0x0000000000036958                COOJA_radioRxLong
                0x000000000003695c                control_message_count
                0x0000000000036960                dao_count
                0x0000000000036964                COOJA_radioTx
                0x0000000000036968                referenceVar
                0x000000000003696c                data_relay_count
                0x0000000000036970                data_message_count
                0x0000000000036974                COOJA_radioTxLong
                0x0000000000036978                COOJA_radioRx
                0x000000000003697c                debugfp
                0x0000000000036980                COOJA_radioOn
                0x0000000000036984                COOJA_duration
                0x0000000000036988                dio_ack_count
                0x000000000003698c                COOJA_radioOnLong
                0x0000000000036990                sensors_flags
 COMMON         0x0000000000036994        0xc obj_cooja/mtype257.a(simEnvChange.o)
                0x0000000000036994                simEtimerPending
                0x0000000000036998                simProcessRunValue
                0x000000000003699c                simNextExpirationTime
 COMMON         0x00000000000369a0        0x1 obj_cooja/mtype257.a(beep.o)
                0x00000000000369a0                simBeeped
 COMMON         0x00000000000369a1        0x3 obj_cooja/mtype257.a(button-sensor.o)
                0x00000000000369a1                simButtonIsActive
                0x00000000000369a2                simButtonIsDown
                0x00000000000369a3                simButtonChanged
 COMMON         0x00000000000369a4        0x1 obj_cooja/mtype257.a(leds-arch.o)
                0x00000000000369a4                simLedsValue
 *fill*         0x00000000000369a5        0x3 
 COMMON         0x00000000000369a8        0xc obj_cooja/mtype257.a(moteid.o)
                0x00000000000369a8                simRandomSeed
                0x00000000000369ac                simMoteIDChanged
                0x00000000000369b0                simMoteID
 COMMON         0x00000000000369b4        0x2 obj_cooja/mtype257.a(pir-sensor.o)
                0x00000000000369b4                simPirIsActive
                0x00000000000369b5                simPirChanged
 *fill*         0x00000000000369b6        0xa 
 COMMON         0x00000000000369c0      0x820 obj_cooja/mtype257.a(rs232.o)
                0x00000000000369c0                simSerialReceivingFlag
                0x00000000000369c4                simSerialReceivingLength
                0x00000000000369e0                simSerialReceivingData
 COMMON         0x00000000000371e0        0x2 obj_cooja/mtype257.a(vib-sensor.o)
                0x00000000000371e0                simVibChanged
                0x00000000000371e1                simVibIsActive
 *fill*         0x00000000000371e2        0x2 
 COMMON         0x00000000000371e4        0x4 obj_cooja/mtype257.a(clock.o)
                0x00000000000371e4                simCurrentTime
 *fill*         0x00000000000371e8       0x18 
 COMMON         0x0000000000037200      0x420 obj_cooja/mtype257.a(log.o)
                0x0000000000037200                simLoggedLength
                0x0000000000037204                simLoggedFlag
                0x0000000000037220                simLoggedData
 COMMON         0x0000000000037620      0x240 obj_cooja/mtype257.a(cooja-radio.o)
                0x0000000000037620                simOutDataBuffer
                0x00000000000376a0                simRadioTarget
                0x00000000000376c0                simInDataBufferLR
                0x0000000000037740                simOutDataBufferLR
                0x00000000000377c0                dual_duty_cycle_count
                0x00000000000377e0                simInDataBuffer
 COMMON         0x0000000000037860      0x400 obj_cooja/mtype257.a(eeprom.o)
                0x0000000000037860                simEEPROMData
 COMMON         0x0000000000037c60        0x1 obj_cooja/mtype257.a(sensors.o)
                0x0000000000037c60                sensors_event
 *fill*         0x0000000000037c61        0x3 
 COMMON         0x0000000000037c64        0x4 obj_cooja/mtype257.a(log_message.o)
                0x0000000000037c64                log_fp
 COMMON         0x0000000000037c68        0x1 obj_cooja/mtype257.a(serial-line.o)
                0x0000000000037c68                serial_line_event_message
 *fill*         0x0000000000037c69       0x17 
 COMMON         0x0000000000037c80      0x12c obj_cooja/mtype257.a(uip-ds6-nbr.o)
                0x0000000000037c80                ds6_lr_addrmap
 *fill*         0x0000000000037dac       0x14 
 COMMON         0x0000000000037dc0      0x298 obj_cooja/mtype257.a(uip-ds6.o)
                0x0000000000037dc0                uip_ds6_prefix_list
                0x0000000000037e20                uip_ds6_timer_periodic
                0x0000000000037e30                uip_ds6_netif_addr_list_offset
                0x0000000000037e40                uip_ds6_if
                0x0000000000037f38                uip_ds6_timer_ra
                0x0000000000037f40                uip_ds6_addr_size
                0x0000000000037f60                long_uip_ds6_if
 *fill*         0x0000000000038058        0x8 
 COMMON         0x0000000000038060      0x8ec obj_cooja/mtype257.a(uip6.o)
                0x0000000000038060                uip_slen
                0x0000000000038062                uip_acc32
                0x0000000000038080                uip_conns
                0x0000000000038140                uip_lladdr
                0x0000000000038148                uip_appdata
                0x000000000003814c                uip_flags
                0x0000000000038160                uip_aligned_buf
                0x00000000000387a0                uip_listenports
                0x00000000000387b0                uip_len
                0x00000000000387b2                uip_long_lladdr
                0x00000000000387bc                uip_sappdata
                0x00000000000387c0                uip_udp_conns
                0x0000000000038940                uip_udp_conn
                0x0000000000038944                uip_next_hdr
                0x0000000000038948                uip_conn
 COMMON         0x000000000003894c        0x1 obj_cooja/mtype257.a(tcpip.o)
                0x000000000003894c                tcpip_event
 *fill*         0x000000000003894d       0x13 
 COMMON         0x0000000000038960      0x198 obj_cooja/mtype257.a(rpl-dag.o)
                0x0000000000038960                default_instance
                0x0000000000038980                instance_table
 COMMON         0x0000000000038af8       0x10 obj_cooja/mtype257.a(linkaddr.o)
                0x0000000000038af8                linkaddr_node_addr
                0x0000000000038b00                long_linkaddr_node_addr
 COMMON         0x0000000000038b08       0x2e obj_cooja/mtype257.a(packetbuf.o)
                0x0000000000038b08                packetbuf_attrs
                0x0000000000038b26                packetbuf_addrs
 *fill*         0x0000000000038b36        0xa 
 COMMON         0x0000000000038b40       0x48 obj_cooja/mtype257.a(rimestats.o)
                0x0000000000038b40                rimestats
                0x0000000000038b88                . = ALIGN ((. != 0x0)?0x4:0x1)
                0x0000000000038b88                . = ALIGN (0x4)
                0x0000000000038b88                . = SEGMENT_START ("ldata-segment", .)
                0x0000000000038b88                . = ALIGN (0x4)
                0x0000000000038b88                _end = .
                0x0000000000038b88                PROVIDE (end, .)
                0x0000000000038b88                . = DATA_SEGMENT_END (.)

.stab
 *(.stab)

.stabstr
 *(.stabstr)

.stab.excl
 *(.stab.excl)

.stab.exclstr
 *(.stab.exclstr)

.stab.index
 *(.stab.index)

.stab.indexstr
 *(.stab.indexstr)

.comment        0x0000000000000000       0x54
 *(.comment)
 .comment       0x0000000000000000       0x29 /usr/lib/gcc/i686-linux-gnu/4.8/crtbeginS.o
                                         0x2a (size before relaxing)
 .comment       0x0000000000000000       0x2a udp-server.co
 .comment       0x0000000000000000       0x2a obj_cooja/mtype257.o
 .comment       0x0000000000000000       0x2a obj_cooja/mtype257.a(simEnvChange.o)
 .comment       0x0000000000000000       0x2a obj_cooja/mtype257.a(cooja_mt.o)
 .comment       0x0000000000000000       0x2a obj_cooja/mtype257.a(cooja_mtarch.o)
 .comment       0x0000000000000000       0x2a obj_cooja/mtype257.a(rtimer-arch.o)
 .comment       0x0000000000000000       0x2a obj_cooja/mtype257.a(beep.o)
 .comment       0x0000000000000000       0x2a obj_cooja/mtype257.a(button-sensor.o)
 .comment       0x0000000000000000       0x2a obj_cooja/mtype257.a(leds-arch.o)
 .comment       0x0000000000000000       0x2a obj_cooja/mtype257.a(moteid.o)
 .comment       0x0000000000000000       0x2a obj_cooja/mtype257.a(pir-sensor.o)
 .comment       0x0000000000000000       0x2a obj_cooja/mtype257.a(rs232.o)
 .comment       0x0000000000000000       0x2a obj_cooja/mtype257.a(vib-sensor.o)
 .comment       0x0000000000000000       0x2a obj_cooja/mtype257.a(clock.o)
 .comment       0x0000000000000000       0x2a obj_cooja/mtype257.a(log.o)
 .comment       0x0000000000000000       0x2a obj_cooja/mtype257.a(cfs-cooja.o)
 .comment       0x0000000000000000       0x2a obj_cooja/mtype257.a(cooja-radio.o)
 .comment       0x0000000000000000       0x2a obj_cooja/mtype257.a(eeprom.o)
 .comment       0x0000000000000000       0x2a obj_cooja/mtype257.a(random.o)
 .comment       0x0000000000000000       0x2a obj_cooja/mtype257.a(sensors.o)
 .comment       0x0000000000000000       0x2a obj_cooja/mtype257.a(dual_conf.o)
 .comment       0x0000000000000000       0x2a obj_cooja/mtype257.a(autostart.o)
 .comment       0x0000000000000000       0x2a obj_cooja/mtype257.a(ctimer.o)
 .comment       0x0000000000000000       0x2a obj_cooja/mtype257.a(etimer.o)
 .comment       0x0000000000000000       0x2a obj_cooja/mtype257.a(log_message.o)
 .comment       0x0000000000000000       0x2a obj_cooja/mtype257.a(process.o)
 .comment       0x0000000000000000       0x2a obj_cooja/mtype257.a(residual.o)
 .comment       0x0000000000000000       0x2a obj_cooja/mtype257.a(rtimer.o)
 .comment       0x0000000000000000       0x2a obj_cooja/mtype257.a(timer.o)
 .comment       0x0000000000000000       0x2a obj_cooja/mtype257.a(serial-line.o)
 .comment       0x0000000000000029       0x2b obj_cooja/mtype257.a(list.o)
                                         0x2c (size before relaxing)
 .comment       0x0000000000000000       0x2a obj_cooja/mtype257.a(ringbuf.o)
 .comment       0x0000000000000000       0x2a obj_cooja/mtype257.a(sicslowpan.o)
 .comment       0x0000000000000000       0x2a obj_cooja/mtype257.a(uip-ds6-nbr.o)
 .comment       0x0000000000000000       0x2a obj_cooja/mtype257.a(uip-ds6.o)
 .comment       0x0000000000000000       0x2a obj_cooja/mtype257.a(uip6.o)
 .comment       0x0000000000000000       0x2a obj_cooja/mtype257.a(tcpip.o)
 .comment       0x0000000000000000       0x2a obj_cooja/mtype257.a(uip-debug.o)
 .comment       0x0000000000000000       0x2a obj_cooja/mtype257.a(uip-packetqueue)
 .comment       0x0000000000000000       0x2a obj_cooja/mtype257.a(rpl-dag.o)
 .comment       0x0000000000000000       0x2a obj_cooja/mtype257.a(rpl-ext-header.)
 .comment       0x0000000000000000       0x2a obj_cooja/mtype257.a(rpl-icmp6.o)
 .comment       0x0000000000000000       0x2a obj_cooja/mtype257.a(rpl-ltmax.o)
 .comment       0x0000000000000000       0x2a obj_cooja/mtype257.a(rpl-timers.o)
 .comment       0x0000000000000000       0x2a obj_cooja/mtype257.a(rpl.o)
 .comment       0x0000000000000000       0x2a obj_cooja/mtype257.a(framer-802154.o)
 .comment       0x0000000000000000       0x2a obj_cooja/mtype257.a(nullmac.o)
 .comment       0x0000000000000000       0x2a obj_cooja/mtype257.a(cxmac.o)
 .comment       0x0000000000000000       0x2a obj_cooja/mtype257.a(linkaddr.o)
 .comment       0x0000000000000000       0x2a obj_cooja/mtype257.a(nbr-table.o)
 .comment       0x0000000000000000       0x2a obj_cooja/mtype257.a(netstack.o)
 .comment       0x0000000000000000       0x2a obj_cooja/mtype257.a(packetbuf.o)
 .comment       0x0000000000000000       0x2a obj_cooja/mtype257.a(queuebuf.o)
 .comment       0x0000000000000000       0x2a obj_cooja/mtype257.a(nullsec.o)
 .comment       0x0000000000000000       0x2a obj_cooja/mtype257.a(watchdog.o)
 .comment       0x0000000000000000       0x2c obj_cooja/mtype257.a(rimestats.o)
 .comment       0x0000000000000000       0x2a obj_cooja/mtype257.a(leds.o)
 .comment       0x0000000000000000       0x2a obj_cooja/mtype257.a(stimer.o)
 .comment       0x0000000000000000       0x2a obj_cooja/mtype257.a(memb.o)
 .comment       0x0000000000000000       0x2a obj_cooja/mtype257.a(uip-ds6-route.o)
 .comment       0x0000000000000000       0x2a obj_cooja/mtype257.a(uip-icmp6.o)
 .comment       0x0000000000000000       0x2a obj_cooja/mtype257.a(uip-nd6.o)
 .comment       0x0000000000000000       0x2a obj_cooja/mtype257.a(rpl-nbr-policy.)
 .comment       0x0000000000000000       0x2a obj_cooja/mtype257.a(frame802154.o)
 .comment       0x0000000000000000       0x2a obj_cooja/mtype257.a(mac.o)
 .comment       0x0000000000000000       0x2a /usr/lib/gcc/i686-linux-gnu/4.8/crtendS.o

.debug
 *(.debug)

.line
 *(.line)

.debug_srcinfo
 *(.debug_srcinfo)

.debug_sfnames
 *(.debug_sfnames)

.debug_aranges  0x0000000000000000      0x818
 *(.debug_aranges)
 .debug_aranges
                0x0000000000000000       0x20 udp-server.co
 .debug_aranges
                0x0000000000000020       0x20 obj_cooja/mtype257.o
 .debug_aranges
                0x0000000000000040       0x20 obj_cooja/mtype257.a(simEnvChange.o)
 .debug_aranges
                0x0000000000000060       0x20 obj_cooja/mtype257.a(cooja_mt.o)
 .debug_aranges
                0x0000000000000080       0x20 obj_cooja/mtype257.a(cooja_mtarch.o)
 .debug_aranges
                0x00000000000000a0       0x20 obj_cooja/mtype257.a(rtimer-arch.o)
 .debug_aranges
                0x00000000000000c0       0x20 obj_cooja/mtype257.a(beep.o)
 .debug_aranges
                0x00000000000000e0       0x20 obj_cooja/mtype257.a(button-sensor.o)
 .debug_aranges
                0x0000000000000100       0x20 obj_cooja/mtype257.a(leds-arch.o)
 .debug_aranges
                0x0000000000000120       0x20 obj_cooja/mtype257.a(moteid.o)
 .debug_aranges
                0x0000000000000140       0x20 obj_cooja/mtype257.a(pir-sensor.o)
 .debug_aranges
                0x0000000000000160       0x20 obj_cooja/mtype257.a(rs232.o)
 .debug_aranges
                0x0000000000000180       0x20 obj_cooja/mtype257.a(vib-sensor.o)
 .debug_aranges
                0x00000000000001a0       0x20 obj_cooja/mtype257.a(clock.o)
 .debug_aranges
                0x00000000000001c0       0x20 obj_cooja/mtype257.a(log.o)
 .debug_aranges
                0x00000000000001e0       0x20 obj_cooja/mtype257.a(cfs-cooja.o)
 .debug_aranges
                0x0000000000000200       0x20 obj_cooja/mtype257.a(cooja-radio.o)
 .debug_aranges
                0x0000000000000220       0x20 obj_cooja/mtype257.a(eeprom.o)
 .debug_aranges
                0x0000000000000240       0x20 obj_cooja/mtype257.a(random.o)
 .debug_aranges
                0x0000000000000260       0x20 obj_cooja/mtype257.a(sensors.o)
 .debug_aranges
                0x0000000000000280       0x20 obj_cooja/mtype257.a(dual_conf.o)
 .debug_aranges
                0x00000000000002a0       0x20 obj_cooja/mtype257.a(autostart.o)
 .debug_aranges
                0x00000000000002c0       0x20 obj_cooja/mtype257.a(ctimer.o)
 .debug_aranges
                0x00000000000002e0       0x20 obj_cooja/mtype257.a(etimer.o)
 .debug_aranges
                0x0000000000000300       0x20 obj_cooja/mtype257.a(log_message.o)
 .debug_aranges
                0x0000000000000320       0x20 obj_cooja/mtype257.a(process.o)
 .debug_aranges
                0x0000000000000340       0x20 obj_cooja/mtype257.a(residual.o)
 .debug_aranges
                0x0000000000000360       0x20 obj_cooja/mtype257.a(rtimer.o)
 .debug_aranges
                0x0000000000000380       0x20 obj_cooja/mtype257.a(timer.o)
 .debug_aranges
                0x00000000000003a0       0x20 obj_cooja/mtype257.a(serial-line.o)
 .debug_aranges
                0x00000000000003c0       0x20 obj_cooja/mtype257.a(list.o)
 .debug_aranges
                0x00000000000003e0       0x20 obj_cooja/mtype257.a(ringbuf.o)
 .debug_aranges
                0x0000000000000400       0x20 obj_cooja/mtype257.a(sicslowpan.o)
 .debug_aranges
                0x0000000000000420       0x20 obj_cooja/mtype257.a(uip-ds6-nbr.o)
 .debug_aranges
                0x0000000000000440       0x20 obj_cooja/mtype257.a(uip-ds6.o)
 .debug_aranges
                0x0000000000000460       0x20 obj_cooja/mtype257.a(uip6.o)
 .debug_aranges
                0x0000000000000480       0x20 obj_cooja/mtype257.a(tcpip.o)
 .debug_aranges
                0x00000000000004a0       0x20 obj_cooja/mtype257.a(uip-debug.o)
 .debug_aranges
                0x00000000000004c0       0x20 obj_cooja/mtype257.a(uip-packetqueue)
 .debug_aranges
                0x00000000000004e0       0x20 obj_cooja/mtype257.a(rpl-dag.o)
 .debug_aranges
                0x0000000000000500       0x20 obj_cooja/mtype257.a(rpl-ext-header.)
 .debug_aranges
                0x0000000000000520       0x20 obj_cooja/mtype257.a(rpl-icmp6.o)
 .debug_aranges
                0x0000000000000540       0x20 obj_cooja/mtype257.a(rpl-ltmax.o)
 .debug_aranges
                0x0000000000000560       0x20 obj_cooja/mtype257.a(rpl-timers.o)
 .debug_aranges
                0x0000000000000580       0x20 obj_cooja/mtype257.a(rpl.o)
 .debug_aranges
                0x00000000000005a0       0x20 obj_cooja/mtype257.a(framer-802154.o)
 .debug_aranges
                0x00000000000005c0       0x20 obj_cooja/mtype257.a(nullmac.o)
 .debug_aranges
                0x00000000000005e0       0x20 obj_cooja/mtype257.a(cxmac.o)
 .debug_aranges
                0x0000000000000600       0x20 obj_cooja/mtype257.a(linkaddr.o)
 .debug_aranges
                0x0000000000000620       0x20 obj_cooja/mtype257.a(nbr-table.o)
 .debug_aranges
                0x0000000000000640       0x20 obj_cooja/mtype257.a(netstack.o)
 .debug_aranges
                0x0000000000000660       0x20 obj_cooja/mtype257.a(packetbuf.o)
 .debug_aranges
                0x0000000000000680       0x20 obj_cooja/mtype257.a(queuebuf.o)
 .debug_aranges
                0x00000000000006a0       0x20 obj_cooja/mtype257.a(nullsec.o)
 .debug_aranges
                0x00000000000006c0       0x20 obj_cooja/mtype257.a(watchdog.o)
 .debug_aranges
                0x00000000000006e0       0x18 obj_cooja/mtype257.a(rimestats.o)
 .debug_aranges
                0x00000000000006f8       0x20 obj_cooja/mtype257.a(leds.o)
 .debug_aranges
                0x0000000000000718       0x20 obj_cooja/mtype257.a(stimer.o)
 .debug_aranges
                0x0000000000000738       0x20 obj_cooja/mtype257.a(memb.o)
 .debug_aranges
                0x0000000000000758       0x20 obj_cooja/mtype257.a(uip-ds6-route.o)
 .debug_aranges
                0x0000000000000778       0x20 obj_cooja/mtype257.a(uip-icmp6.o)
 .debug_aranges
                0x0000000000000798       0x20 obj_cooja/mtype257.a(uip-nd6.o)
 .debug_aranges
                0x00000000000007b8       0x20 obj_cooja/mtype257.a(rpl-nbr-policy.)
 .debug_aranges
                0x00000000000007d8       0x20 obj_cooja/mtype257.a(frame802154.o)
 .debug_aranges
                0x00000000000007f8       0x20 obj_cooja/mtype257.a(mac.o)

.debug_pubnames
 *(.debug_pubnames)

.debug_info     0x0000000000000000    0x1cb86
 *(.debug_info .gnu.linkonce.wi.*)
 .debug_info    0x0000000000000000      0xe4b udp-server.co
 .debug_info    0x0000000000000e4b     0x3ac4 obj_cooja/mtype257.o
 .debug_info    0x000000000000490f      0x15a obj_cooja/mtype257.a(simEnvChange.o)
 .debug_info    0x0000000000004a69      0x1e2 obj_cooja/mtype257.a(cooja_mt.o)
 .debug_info    0x0000000000004c4b      0x2e7 obj_cooja/mtype257.a(cooja_mtarch.o)
 .debug_info    0x0000000000004f32      0x16b obj_cooja/mtype257.a(rtimer-arch.o)
 .debug_info    0x000000000000509d      0x1f3 obj_cooja/mtype257.a(beep.o)
 .debug_info    0x0000000000005290      0x257 obj_cooja/mtype257.a(button-sensor.o)
 .debug_info    0x00000000000054e7      0x132 obj_cooja/mtype257.a(leds-arch.o)
 .debug_info    0x0000000000005619      0x10a obj_cooja/mtype257.a(moteid.o)
 .debug_info    0x0000000000005723      0x216 obj_cooja/mtype257.a(pir-sensor.o)
 .debug_info    0x0000000000005939      0x21e obj_cooja/mtype257.a(rs232.o)
 .debug_info    0x0000000000005b57      0x216 obj_cooja/mtype257.a(vib-sensor.o)
 .debug_info    0x0000000000005d6d      0x152 obj_cooja/mtype257.a(clock.o)
 .debug_info    0x0000000000005ebf      0x2bb obj_cooja/mtype257.a(log.o)
 .debug_info    0x000000000000617a      0x3cf obj_cooja/mtype257.a(cfs-cooja.o)
 .debug_info    0x0000000000006549      0xd30 obj_cooja/mtype257.a(cooja-radio.o)
 .debug_info    0x0000000000007279      0x1d5 obj_cooja/mtype257.a(eeprom.o)
 .debug_info    0x000000000000744e       0xb3 obj_cooja/mtype257.a(random.o)
 .debug_info    0x0000000000007501      0x36d obj_cooja/mtype257.a(sensors.o)
 .debug_info    0x000000000000786e      0xc68 obj_cooja/mtype257.a(dual_conf.o)
 .debug_info    0x00000000000084d6      0x1a5 obj_cooja/mtype257.a(autostart.o)
 .debug_info    0x000000000000867b      0x46c obj_cooja/mtype257.a(ctimer.o)