Archive member included to satisfy reference by file (symbol)

obj_cooja/mtype567.a(simEnvChange.o)
                              obj_cooja/mtype567.o (simDontFallAsleep)
obj_cooja/mtype567.a(cooja_mt.o)
                              obj_cooja/mtype567.o (cooja_mt_start)
obj_cooja/mtype567.a(cooja_mtarch.o)
                              obj_cooja/mtype567.a(cooja_mt.o) (cooja_mtarch_init)
obj_cooja/mtype567.a(rtimer-arch.o)
                              obj_cooja/mtype567.o (rtimer_arch_next)
obj_cooja/mtype567.a(beep.o)  obj_cooja/mtype567.o (beep_interface)
obj_cooja/mtype567.a(button-sensor.o)
                              obj_cooja/mtype567.o (button_interface)
obj_cooja/mtype567.a(leds-arch.o)
                              obj_cooja/mtype567.o (leds_interface)
obj_cooja/mtype567.a(moteid.o)
                              obj_cooja/mtype567.o (moteid_interface)
obj_cooja/mtype567.a(pir-sensor.o)
                              obj_cooja/mtype567.o (pir_interface)
obj_cooja/mtype567.a(rs232.o)
                              obj_cooja/mtype567.o (rs232_interface)
obj_cooja/mtype567.a(vib-sensor.o)
                              obj_cooja/mtype567.o (vib_interface)
obj_cooja/mtype567.a(clock.o)
                              obj_cooja/mtype567.o (clock_interface)
obj_cooja/mtype567.a(log.o)   obj_cooja/mtype567.o (simlog_interface)
obj_cooja/mtype567.a(cfs-cooja.o)
                              obj_cooja/mtype567.o (cfs_interface)
obj_cooja/mtype567.a(cooja-radio.o)
                              obj_cooja/mtype567.o (radio_interface)
obj_cooja/mtype567.a(eeprom.o)
                              obj_cooja/mtype567.o (eeprom_interface)
obj_cooja/mtype567.a(random.o)
                              obj_cooja/mtype567.a(moteid.o) (random_init)
obj_cooja/mtype567.a(sensors.o)
                              udp-server.co (sensors_event)
obj_cooja/mtype567.a(leds.o)  obj_cooja/mtype567.a(cooja-radio.o) (leds_on)
obj_cooja/mtype567.a(dual_conf.o)
                              obj_cooja/mtype567.a(cooja-radio.o) (long_range_radio)
obj_cooja/mtype567.a(autostart.o)
                              obj_cooja/mtype567.o (autostart_start)
obj_cooja/mtype567.a(ctimer.o)
                              obj_cooja/mtype567.o (ctimer_init)
obj_cooja/mtype567.a(etimer.o)
                              obj_cooja/mtype567.o (etimer_process)
obj_cooja/mtype567.a(log_message.o)
                              obj_cooja/mtype567.o (log_initialization)
obj_cooja/mtype567.a(process.o)
                              udp-server.co (process_current)
obj_cooja/mtype567.a(residual.o)
                              obj_cooja/mtype567.o (get_residual_energy)
obj_cooja/mtype567.a(rtimer.o)
                              obj_cooja/mtype567.a(rtimer-arch.o) (rtimer_run_next)
obj_cooja/mtype567.a(timer.o)
                              obj_cooja/mtype567.a(button-sensor.o) (timer_set)
obj_cooja/mtype567.a(serial-line.o)
                              obj_cooja/mtype567.a(rs232.o) (serial_line_input_byte)
obj_cooja/mtype567.a(list.o)  obj_cooja/mtype567.a(ctimer.o) (list_init)
obj_cooja/mtype567.a(ringbuf.o)
                              obj_cooja/mtype567.a(serial-line.o) (ringbuf_init)
obj_cooja/mtype567.a(sicslowpan.o)
                              obj_cooja/mtype567.o (sicslowpan_driver)
obj_cooja/mtype567.a(uip-ds6-nbr.o)
                              obj_cooja/mtype567.a(sicslowpan.o) (uip_ds6_link_neighbor_callback)
obj_cooja/mtype567.a(uip-ds6.o)
                              udp-server.co (uip_ds6_if)
obj_cooja/mtype567.a(uip6.o)  obj_cooja/mtype567.o (uip_lladdr)
obj_cooja/mtype567.a(tcpip.o)
                              udp-server.co (tcpip_event)
obj_cooja/mtype567.a(uip-debug.o)
                              udp-server.co (uip_debug_ipaddr_print)
obj_cooja/mtype567.a(uip-packetqueue)
                              obj_cooja/mtype567.a(uip-ds6-nbr.o) (uip_packetqueue_new)
obj_cooja/mtype567.a(rpl-dag.o)
                              udp-server.co (rpl_set_root)
obj_cooja/mtype567.a(rpl-ext-header.)
                              obj_cooja/mtype567.a(uip6.o) (rpl_verify_header)
obj_cooja/mtype567.a(rpl-icmp6.o)
                              obj_cooja/mtype567.a(rpl-dag.o) (rpl_icmp6_update_nbr_table)
obj_cooja/mtype567.a(rpl-ltmax.o)
                              obj_cooja/mtype567.a(rpl-dag.o) (rpl_ltmax_of)
obj_cooja/mtype567.a(rpl-timers.o)
                              obj_cooja/mtype567.a(rpl-icmp6.o) (rpl_LSA_convergence_timer)
obj_cooja/mtype567.a(rpl.o)   obj_cooja/mtype567.a(rpl-icmp6.o) (rpl_get_mode)
obj_cooja/mtype567.a(csma.o)  udp-server.co (csma_driver)
obj_cooja/mtype567.a(framer-802154.o)
                              obj_cooja/mtype567.a(sicslowpan.o) (framer_802154)
obj_cooja/mtype567.a(mac.o)   obj_cooja/mtype567.a(csma.o) (mac_call_sent_callback)
obj_cooja/mtype567.a(cxmac.o)
                              obj_cooja/mtype567.o (cxmac_driver)
obj_cooja/mtype567.a(linkaddr.o)
[...]
Memory Configuration

Name             Origin             Length             Attributes
*default*        0x0000000000000000 0xffffffffffffffff

Linker script and memory map

LOAD /usr/lib/gcc/i686-linux-gnu/4.8/../../../i386-linux-gnu/crti.o
LOAD /usr/lib/gcc/i686-linux-gnu/4.8/crtbeginS.o
LOAD udp-server.co
LOAD obj_cooja/mtype567.o
LOAD obj_cooja/mtype567.a
LOAD /usr/lib/gcc/i686-linux-gnu/4.8/libgcc.a
LOAD /usr/lib/gcc/i686-linux-gnu/4.8/libgcc_s.so
LOAD /usr/lib/gcc/i686-linux-gnu/4.8/../../../i386-linux-gnu/libc.so
START GROUP
LOAD /lib/i386-linux-gnu/libc.so.6
LOAD /usr/lib/i386-linux-gnu/libc_nonshared.a
LOAD /lib/i386-linux-gnu/ld-linux.so.2
END GROUP
LOAD /usr/lib/gcc/i686-linux-gnu/4.8/libgcc.a
LOAD /usr/lib/gcc/i686-linux-gnu/4.8/libgcc_s.so
LOAD /usr/lib/gcc/i686-linux-gnu/4.8/crtendS.o
LOAD /usr/lib/gcc/i686-linux-gnu/4.8/../../../i386-linux-gnu/crtn.o
                0x0000000000000114                . = (0x0 + SIZEOF_HEADERS)

.note.gnu.build-id
                0x0000000000000114       0x24
 *(.note.gnu.build-id)
 .note.gnu.build-id
                0x0000000000000114       0x24 /usr/lib/gcc/i686-linux-gnu/4.8/../../../i386-linux-gnu/crti.o

.hash
 *(.hash)

.gnu.hash       0x0000000000000138     0x138c
 *(.gnu.hash)
 .gnu.hash      0x0000000000000138     0x138c /usr/lib/gcc/i686-linux-gnu/4.8/../../../i386-linux-gnu/crti.o

.dynsym         0x00000000000014c4     0x2690
 *(.dynsym)
 .dynsym        0x00000000000014c4     0x2690 /usr/lib/gcc/i686-linux-gnu/4.8/../../../i386-linux-gnu/crti.o

.dynstr         0x0000000000003b54     0x27a5
 *(.dynstr)
 .dynstr        0x0000000000003b54     0x27a5 /usr/lib/gcc/i686-linux-gnu/4.8/../../../i386-linux-gnu/crti.o

.gnu.version    0x00000000000062fa      0x4d2
 *(.gnu.version)
 .gnu.version   0x00000000000062fa      0x4d2 /usr/lib/gcc/i686-linux-gnu/4.8/../../../i386-linux-gnu/crti.o

.gnu.version_d  0x00000000000067cc        0x0
 *(.gnu.version_d)
 .gnu.version_d
                0x0000000000000000        0x0 /usr/lib/gcc/i686-linux-gnu/4.8/../../../i386-linux-gnu/crti.o

.gnu.version_r  0x00000000000067cc       0x50
 *(.gnu.version_r)
 .gnu.version_r
                0x00000000000067cc       0x50 /usr/lib/gcc/i686-linux-gnu/4.8/../../../i386-linux-gnu/crti.o

.rel.dyn        0x000000000000681c     0x9f38
 *(.rel.init)
 .rel.init      0x0000000000000000        0x0 /usr/lib/gcc/i686-linux-gnu/4.8/../../../i386-linux-gnu/crti.o
 *(.rel.text .rel.text.* .rel.gnu.linkonce.t.*)
 .rel.text      0x000000000000681c     0x9748 /usr/lib/gcc/i686-linux-gnu/4.8/../../../i386-linux-gnu/crti.o
 *(.rel.fini)
 .rel.fini      0x0000000000000000        0x0 /usr/lib/gcc/i686-linux-gnu/4.8/../../../i386-linux-gnu/crti.o
 *(.rel.rodata .rel.rodata.* .rel.gnu.linkonce.r.*)
 .rel.rodata    0x000000000000ff64      0x4e0 /usr/lib/gcc/i686-linux-gnu/4.8/../../../i386-linux-gnu/crti.o
 *(.rel.data.rel.ro .rel.data.rel.ro.* .rel.gnu.linkonce.d.rel.ro.*)
 *(.rel.data .rel.data.* .rel.gnu.linkonce.d.*)
 .rel.data.rel  0x0000000000010444        0x8 /usr/lib/gcc/i686-linux-gnu/4.8/../../../i386-linux-gnu/crti.o
 .rel.data      0x000000000001044c      0x2d0 /usr/lib/gcc/i686-linux-gnu/4.8/../../../i386-linux-gnu/crti.o
 *(.rel.tdata .rel.tdata.* .rel.gnu.linkonce.td.*)
 *(.rel.tbss .rel.tbss.* .rel.gnu.linkonce.tb.*)
 *(.rel.ctors)
 *(.rel.dtors)
 *(.rel.got)
 .rel.got       0x000000000001071c       0x28 /usr/lib/gcc/i686-linux-gnu/4.8/../../../i386-linux-gnu/crti.o
 *(.rel.bss .rel.bss.* .rel.gnu.linkonce.b.*)
 *(.rel.ifunc)
 .rel.ifunc     0x0000000000000000        0x0 /usr/lib/gcc/i686-linux-gnu/4.8/../../../i386-linux-gnu/crti.o
 .rel.fini_array
                0x0000000000010744        0x8 /usr/lib/gcc/i686-linux-gnu/4.8/../../../i386-linux-gnu/crti.o
 .rel.init_array
                0x000000000001074c        0x8 /usr/lib/gcc/i686-linux-gnu/4.8/../../../i386-linux-gnu/crti.o

.rel.plt        0x0000000000010754       0x10
 *(.rel.plt)
 .rel.plt       0x0000000000010754       0x10 /usr/lib/gcc/i686-linux-gnu/4.8/../../../i386-linux-gnu/crti.o
 *(.rel.iplt)

.init           0x0000000000010764       0x23
 *(SORT(.init))
 .init          0x0000000000010764       0x1e /usr/lib/gcc/i686-linux-gnu/4.8/../../../i386-linux-gnu/crti.o
                0x0000000000010764                _init
 .init          0x0000000000010782        0x5 /usr/lib/gcc/i686-linux-gnu/4.8/../../../i386-linux-gnu/crtn.o

.plt            0x0000000000010790       0x30
 *(.plt)
 .plt           0x0000000000010790       0x30 /usr/lib/gcc/i686-linux-gnu/4.8/../../../i386-linux-gnu/crti.o
 *(.iplt)

.text           0x00000000000107c0    0x17dbd
 *(.text.unlikely .text.*_unlikely .text.unlikely.*)
 *(.text.exit .text.exit.*)
 *(.text.startup .text.startup.*)
 *(.text.hot .text.hot.*)
 *(.text .stub .text.* .gnu.linkonce.t.*)
 .text          0x00000000000107c0        0x0 /usr/lib/gcc/i686-linux-gnu/4.8/../../../i386-linux-gnu/crti.o
 .gnu.linkonce.t.__x86.get_pc_thunk.bx
                0x00000000000107c0        0x4 /usr/lib/gcc/i686-linux-gnu/4.8/../../../i386-linux-gnu/crti.o
                0x00000000000107c0                __x86.get_pc_thunk.bx
 *fill*         0x00000000000107c4        0xc 
 .text          0x00000000000107d0      0x11b /usr/lib/gcc/i686-linux-gnu/4.8/crtbeginS.o
 .text          0x00000000000108eb      0x3ce udp-server.co
 .text          0x0000000000010cb9      0x96a obj_cooja/mtype567.o
                0x0000000000010e67                contiki_init
                0x000000000001143a                Java_org_contikios_cooja_corecomm_Lib1_init
                0x000000000001147a                Java_org_contikios_cooja_corecomm_Lib1_getMemory
                0x00000000000114ba                Java_org_contikios_cooja_corecomm_Lib1_setMemory
                0x0000000000011531                Java_org_contikios_cooja_corecomm_Lib1_tick
                0x0000000000011611                Java_org_contikios_cooja_corecomm_Lib1_setReferenceAddress
 .text          0x0000000000011623       0x63 obj_cooja/mtype567.a(simEnvChange.o)
                0x0000000000011623                doActionsBeforeTick
                0x0000000000011654                doActionsAfterTick
 .text          0x0000000000011686       0xbc obj_cooja/mtype567.a(cooja_mt.o)
                0x0000000000011686                cooja_mt_init
                0x0000000000011693                cooja_mt_remove
                0x00000000000116a0                cooja_mt_start
                0x00000000000116cd                cooja_mt_exec
                0x00000000000116fe                cooja_mt_exit
                0x0000000000011720                cooja_mt_yield
 .text          0x0000000000011742      0x115 obj_cooja/mtype567.a(cooja_mtarch.o)
                0x0000000000011742                cooja_mtarch_init
                0x0000000000011747                cooja_mtarch_start
                0x00000000000117c2                cooja_sw
                0x00000000000117e4                cooja_mtarch_exec
                0x0000000000011800                cooja_mtarch_remove
                0x0000000000011805                cooja_mtarch_yield
                0x000000000001180f                cooja_mtarch_pstop
                0x0000000000011814                cooja_mtarch_pstart
                0x0000000000011819                cooja_mtarch_stack_usage
 .text          0x0000000000011857       0xc2 obj_cooja/mtype567.a(rtimer-arch.o)
                0x0000000000011857                rtimer_arch_init
                0x000000000001187a                rtimer_arch_schedule
                0x0000000000011891                rtimer_arch_next
                0x000000000001189b                rtimer_arch_pending
                0x00000000000118a5                rtimer_arch_check
                0x00000000000118d7                rtimer_arch_now
 .text          0x0000000000011919       0x76 obj_cooja/mtype567.a(beep.o)
                0x0000000000011919                beep_alarm
                0x0000000000011925                beep_beep
                0x0000000000011931                beep
                0x000000000001193d                beep_down
                0x0000000000011949                beep_on
                0x0000000000011955                beep_off
                0x0000000000011961                beep_spinup
                0x000000000001196d                beep_quick
                0x0000000000011979                beep_long
 .text          0x000000000001198f      0x103 obj_cooja/mtype567.a(button-sensor.o)
 .text          0x0000000000011a92       0x45 obj_cooja/mtype567.a(leds-arch.o)
                0x0000000000011a92                leds_arch_init
                0x0000000000011a9e                leds_arch_get
                0x0000000000011aaa                leds_arch_set
 .text          0x0000000000011ad7       0x2f obj_cooja/mtype567.a(moteid.o)
 .text          0x0000000000011b06       0xb1 obj_cooja/mtype567.a(pir-sensor.o)
 .text          0x0000000000011bb7      0x131 obj_cooja/mtype567.a(rs232.o)
                0x0000000000011bb7                rs232_init
                0x0000000000011bbc                rs232_set_speed
                0x0000000000011bca                rs232_set_input
                0x0000000000011bd7                rs232_send
                0x0000000000011bf9                rs232_print
                0x0000000000011c14                slip_arch_writeb
 .text          0x0000000000011ce8       0xb1 obj_cooja/mtype567.a(vib-sensor.o)
 .text          0x0000000000011d99       0x34 obj_cooja/mtype567.a(clock.o)
                0x0000000000011d99                clock_init
                0x0000000000011d9e                clock_time
                0x0000000000011da8                clock_seconds
                0x0000000000011dbe                clock_delay
 .text          0x0000000000011dcd      0x1ed obj_cooja/mtype567.a(log.o)
                0x0000000000011dcd                simlog_char
                0x0000000000011e0f                simlog
                0x0000000000011e7c                log_message
                0x0000000000011ea4                log_set_putchar_with_slip
                0x0000000000011eb1                log_putchar
                0x0000000000011f35                log_puts
                0x0000000000011f59                log_printf
 .text          0x0000000000011fba      0x2c4 obj_cooja/mtype567.a(cfs-cooja.o)
                0x0000000000011fba                cfs_open
                0x0000000000012023                cfs_close
                0x000000000001202f                cfs_read
                0x00000000000120cd                cfs_write
                0x00000000000121aa                cfs_seek
                0x0000000000012232                cfs_remove
                0x000000000001225b                cfs_opendir
                0x0000000000012265                cfs_readdir
                0x000000000001226f                cfs_closedir
 .text          0x000000000001227e      0x6b7 obj_cooja/mtype567.a(cooja-radio.o)
                0x00000000000122a8                radio_set_channel
                0x00000000000122bd                radio_set_txpower
                0x00000000000122dd                radio_signal_strength_last
                0x00000000000122e7                radio_signal_strength_current
                0x00000000000122f1                radio_LQI
 .text          0x0000000000012935       0xef obj_cooja/mtype567.a(eeprom.o)
                0x0000000000012935                eeprom_init
                0x000000000001293a                eeprom_read
                0x00000000000129aa                eeprom_write
 .text          0x0000000000012a24       0x28 obj_cooja/mtype567.a(random.o)
                0x0000000000012a24                random_init
                0x0000000000012a3f                random_rand
 .text          0x0000000000012a4c      0x2a1 obj_cooja/mtype567.a(sensors.o)
                0x0000000000012a87                sensors_first
                0x0000000000012a91                sensors_next
                0x0000000000012aae                sensors_changed
                0x0000000000012add                sensors_find
 .text          0x0000000000012ced      0x134 obj_cooja/mtype567.a(leds.o)
                0x0000000000012d3e                leds_init
                0x0000000000012d52                leds_blink
                0x0000000000012d8a                leds_get
                0x0000000000012d97                leds_set
                0x0000000000012db1                leds_on
                0x0000000000012dd4                leds_off
                0x0000000000012dfe                leds_toggle
 .text          0x0000000000012e21      0x471 obj_cooja/mtype567.a(dual_conf.o)
                0x0000000000012e21                dual_radio_switch
                0x0000000000012e61                dual_radio_change
                0x0000000000012e9b                sending_in_LR
                0x0000000000012ec6                dual_radio_received
                0x0000000000012f19                radio_received_is_longrange
                0x0000000000012f34                dual_radio_turn_on
                0x0000000000012f57                dual_radio_turn_off
                0x0000000000013218                dio_broadcast
                0x0000000000013241                dis_broadcast
                0x0000000000013262                LSA_converge_broadcast
 .text          0x0000000000013292       0x8e obj_cooja/mtype567.a(autostart.o)
                0x0000000000013292                autostart_start
                0x00000000000132dd                autostart_exit
 .text          0x0000000000013320      0x334 obj_cooja/mtype567.a(ctimer.o)
                0x0000000000013437                ctimer_init
                0x0000000000013467                ctimer_set
                0x0000000000013498                ctimer_set_with_process
                0x0000000000013514                ctimer_reset
                0x0000000000013563                ctimer_restart
                0x00000000000135b2                ctimer_stop
                0x00000000000135fd                ctimer_expired
 .text          0x0000000000013654      0x40b obj_cooja/mtype567.a(etimer.o)
                0x0000000000013867                etimer_request_poll
                0x00000000000138eb                etimer_set
                0x0000000000013910                etimer_reset_with_new_interval
                0x0000000000013937                etimer_reset
                0x0000000000013955                etimer_restart
                0x0000000000013973                etimer_adjust
                0x000000000001398f                etimer_expired
                0x00000000000139a2                etimer_expiration_time
                0x00000000000139b4                etimer_start_time
                0x00000000000139be                etimer_pending
                0x00000000000139d0                etimer_next_expiration_time
                0x00000000000139ea                etimer_stop
 .text          0x0000000000013a5f       0xdd obj_cooja/mtype567.a(log_message.o)
                0x0000000000013a5f                log_initialization
                0x0000000000013b1b                log_finisher
 .text          0x0000000000013b3c      0x560 obj_cooja/mtype567.a(process.o)
                0x0000000000013b3c                process_alloc_event
                0x0000000000013b51                process_start
                0x0000000000013d3a                process_exit
                0x0000000000013d56                process_init
                0x0000000000013f27                process_run
                0x0000000000013f5a                process_nevents
                0x0000000000013f75                process_post
                0x0000000000014021                process_post_synch
                0x0000000000014059                process_poll
                0x0000000000014088                process_is_running
 .text          0x000000000001409c       0xd3 obj_cooja/mtype567.a(residual.o)
                0x000000000001409c                get_residual_energy
 .text          0x000000000001416f       0xba obj_cooja/mtype567.a(rtimer.o)
                0x000000000001416f                rtimer_init
                0x000000000001417c                rtimer_set
                0x00000000000141d3                rtimer_run_next
 .text          0x0000000000014229       0x91 obj_cooja/mtype567.a(timer.o)
                0x0000000000014229                timer_set
                0x0000000000014244                timer_reset
                0x000000000001425b                timer_restart
                0x000000000001426d                timer_expired
                0x0000000000014296                timer_remaining
 .text          0x00000000000142ba      0x1fb obj_cooja/mtype567.a(serial-line.o)
                0x00000000000142ba                serial_line_input_byte
                0x000000000001447d                serial_line_init
 .text          0x00000000000144b5      0x244 obj_cooja/mtype567.a(list.o)
                0x00000000000144b5                list_init
                0x00000000000144c3                list_head
                0x00000000000144cd                list_copy
                0x00000000000144dc                list_tail
                0x0000000000014512                list_add
                0x000000000001455b                list_push
                0x0000000000014587                list_chop
                0x00000000000145f1                list_pop
                0x0000000000014619                list_remove
                0x0000000000014680                list_length
                0x00000000000146ae                list_insert
                0x00000000000146e2                list_item_next
 .text          0x00000000000146f9      0x155 obj_cooja/mtype567.a(ringbuf.o)
                0x00000000000146f9                ringbuf_init
                0x000000000001472a                ringbuf_put
                0x00000000000147a8                ringbuf_get
                0x0000000000014815                ringbuf_size
                0x0000000000014827                ringbuf_elements
 .text          0x000000000001484e     0x258b obj_cooja/mtype567.a(sicslowpan.o)
                0x0000000000014dd8                rime_sniffer_add
                0x0000000000014de5                rime_sniffer_remove
                0x0000000000016d78                sicslowpan_init
                0x0000000000016dcf                sicslowpan_get_last_rssi
 .text          0x0000000000016dd9      0x2dc obj_cooja/mtype567.a(uip-ds6-nbr.o)
                0x0000000000016df6                uip_ds6_neighbors_init
                0x0000000000016e13                uip_ds6_nbr_add
                0x0000000000016ec4                uip_ds6_nbr_rm
                0x0000000000016f21                uip_ds6_nbr_get_ipaddr
                0x0000000000016f36                uip_ds6_nbr_get_ll
                0x0000000000016f52                uip_ds6_nbr_num
                0x0000000000016f97                uip_ds6_nbr_lookup
                0x0000000000016ffc                uip_ds6_nbr_ll_lookup
                0x0000000000017018                uip_ds6_nbr_ipaddr_from_lladdr
                0x000000000001703e                uip_ds6_nbr_lladdr_from_ipaddr
                0x000000000001706c                uip_ds6_link_neighbor_callback
 .text          0x00000000000170b5     0x12ad obj_cooja/mtype567.a(uip-ds6.o)
                0x00000000000170b5                uip_ds6_init
                0x000000000001740a                uip_ds6_periodic
                0x00000000000174e2                uip_ds6_list_loop
                0x0000000000017589                uip_ds6_prefix_add
                0x0000000000017647                uip_ds6_prefix_rm
                0x0000000000017659                uip_ds6_prefix_lookup
                0x00000000000176aa                uip_ds6_is_addr_onlink
                0x000000000001771e                uip_ds6_addr_add
                0x000000000001784c                uip_ds6_long_addr_add
                0x000000000001797a                uip_ds6_addr_rm
                0x0000000000017a1a                uip_ds6_addr_lookup
                0x0000000000017a65                uip_ds6_long_addr_lookup
                0x0000000000017ab0                uip_ds6_get_link_local
                0x0000000000017b2f                uip_ds6_long_get_link_local
                0x0000000000017bae                uip_ds6_get_global
                0x0000000000017c2d                uip_ds6_long_get_global
                0x0000000000017cac                uip_ds6_maddr_add
                0x0000000000017d1e                uip_ds6_long_maddr_add
                0x0000000000017d90                uip_ds6_maddr_rm
                0x0000000000017da2                uip_ds6_maddr_lookup
                0x0000000000017ded                uip_ds6_long_maddr_lookup
                0x0000000000017e38                uip_ds6_aaddr_add
                0x0000000000017eaa                uip_ds6_long_aaddr_add
                0x0000000000017f1c                uip_ds6_aaddr_rm
                0x0000000000017f2e                uip_ds6_aaddr_lookup
                0x0000000000017f79                uip_ds6_long_aaddr_lookup
                0x0000000000017fc4                uip_ds6_select_src
                0x000000000001824d                uip_ds6_set_addr_iid
                0x0000000000018284                get_match_length
                0x0000000000018316                uip_ds6_compute_reachable_time
 .text          0x0000000000018362     0x29f3 obj_cooja/mtype567.a(uip6.o)
                0x0000000000018362                uip_add32
                0x00000000000184fb                uip_chksum
                0x00000000000185e9                uip_icmp6chksum
                0x00000000000185fd                uip_tcpchksum
                0x0000000000018611                uip_udpchksum
                0x0000000000018625                uip_init
                0x00000000000186f5                uip_connect
                0x00000000000188a4                remove_ext_hdr
                0x0000000000018979                uip_udp_new
                0x0000000000018ad5                uip_unlisten
                0x0000000000018b35                uip_listen
                0x0000000000018df7                uip_process
                0x000000000001ac49                uip_htons
                0x000000000001ac6b                uip_htonl
                0x000000000001acab                uip_send
 .text          0x000000000001ad55      0xb43 obj_cooja/mtype567.a(tcpip.o)
                0x000000000001ad55                tcpip_output
                0x000000000001ad83                tcpip_set_outputfunc
                0x000000000001ae17                tcp_connect
                0x000000000001ae6c                tcp_unlisten
                0x000000000001aec7                tcp_listen
                0x000000000001af20                tcp_attach
                0x000000000001af45                udp_attach
                0x000000000001af6a                udp_new
                0x000000000001afbc                udp_broadcast_new
                0x000000000001b230                tcpip_input
                0x000000000001b264                tcpip_ipv6_output
                0x000000000001b6de                tcpip_poll_udp
                0x000000000001b701                tcpip_poll_tcp
                0x000000000001b724                tcpip_uipcall
 .text          0x000000000001b898      0x1c1 obj_cooja/mtype567.a(uip-debug.o)
                0x000000000001b898                uip_debug_ipaddr_print
                0x000000000001b9fa                uip_debug_lladdr_print
 .text          0x000000000001ba59      0x141 obj_cooja/mtype567.a(uip-packetqueue)
                0x000000000001ba85                uip_packetqueue_new
                0x000000000001ba93                uip_packetqueue_alloc
                0x000000000001baf3                uip_packetqueue_free
                0x000000000001bb34                uip_packetqueue_buf
                0x000000000001bb51                uip_packetqueue_buflen
                0x000000000001bb72                uip_packetqueue_set_buflen
 .text          0x000000000001bb9a     0x26c6 obj_cooja/mtype567.a(rpl-dag.o)
                0x000000000001bb9a                rpl_lr_in_child
                0x000000000001bc52                rpl_print_neighbor_list
                0x000000000001bcfb                rpl_print_child_neighbor_list
                0x000000000001bd70                rpl_get_nbr
                0x000000000001bdca                rpl_get_nbr_child
                0x000000000001be24                rpl_dag_init
                0x000000000001be56                rpl_get_parent
                0x000000000001be78                rpl_get_parent_rank
                0x000000000001beab                rpl_get_parent_link_metric
                0x000000000001bede                rpl_get_parent_ipaddr
                0x000000000001bf08                rpl_get_child_ipaddr
                0x000000000001c223                rpl_set_root
                0x000000000001c451                rpl_repair_root
                0x000000000001c68d                rpl_set_prefix
                0x000000000001c78c                rpl_set_default_route
                0x000000000001c818                rpl_alloc_instance
                0x000000000001c8ab                rpl_alloc_dag
                0x000000000001c95e                rpl_set_default_instance
                0x000000000001c96b                rpl_get_default_instance
                0x000000000001c975                rpl_free_instance
                0x000000000001ca26                rpl_free_dag
                0x000000000001ca8c                rpl_add_parent
                0x000000000001cb75                rpl_find_parent
                0x000000000001cba5                rpl_add_child
                0x000000000001cc49                rpl_find_child
                0x000000000001cc97                rpl_find_parent_any_dag
                0x000000000001ccd3                rpl_select_dag
                0x000000000001d109                rpl_select_parent
                0x000000000001d16b                rpl_remove_parent
                0x000000000001d1a1                rpl_remove_child
                0x000000000001d1bd                rpl_nullify_parent
                0x000000000001d25b                rpl_move_parent
                0x000000000001d2f8                rpl_has_downward_route
                0x000000000001d34b                rpl_get_any_dag
                0x000000000001d3ad                rpl_get_instance
                0x000000000001d410                rpl_find_of
                0x000000000001d44d                rpl_join_instance
                0x000000000001d6e9                rpl_add_dag
                0x000000000001dad8                rpl_local_repair
                0x000000000001dbb1                rpl_recalculate_ranks
                0x000000000001dc37                rpl_process_parent_event
                0x000000000001dce9                rpl_process_dio
 .text          0x000000000001e260      0xbf3 obj_cooja/mtype567.a(rpl-ext-header.)
                0x000000000001e27d                rpl_verify_header
                0x000000000001e6f7                rpl_update_header_empty
                0x000000000001ea0e                rpl_update_header_final
                0x000000000001eb9d                rpl_remove_header
                0x000000000001eca7                rpl_invert_header
                0x000000000001ee31                rpl_insert_header
 .text          0x000000000001ee53     0x2e94 obj_cooja/mtype567.a(rpl-icmp6.o)
                0x000000000001f162                rpl_icmp6_update_nbr_table
                0x000000000001f32f                dis_output
                0x000000000002005d                dio_output
                0x0000000000020a4f                LSA_converge_output
                0x000000000002179e                dao_output
                0x0000000000021872                dao_output_target
                0x0000000000021c8f                dao_ack_output
                0x0000000000021ca3                rpl_icmp6_register_handlers
 .text          0x0000000000021ce7      0x3dc obj_cooja/mtype567.a(rpl-ltmax.o)
 .text          0x00000000000220c3      0x8d8 obj_cooja/mtype567.a(rpl-timers.o)
                0x00000000000220c3                rpl_LSA_convergence_timer
                0x000000000002216a                rpl_reset_LSA_convergence_timer
                0x000000000002242e                rpl_reset_periodic_timer
                0x0000000000022483                rpl_reset_dio_timer
                0x00000000000226bd                rpl_schedule_dao
                0x00000000000226d8                rpl_schedule_dao_immediately
                0x00000000000226f3                rpl_cancel_dao
                0x0000000000022755                rpl_schedule_unicast_dio_immediately
                0x0000000000022943                rpl_schedule_probing
 .text          0x000000000002299b      0x5dc obj_cooja/mtype567.a(rpl.o)
                0x000000000002299b                rpl_get_mode
                0x00000000000229a5                rpl_set_mode
                0x0000000000022a33                rpl_purge_routes
                0x0000000000022b2d                rpl_remove_routes
                0x0000000000022b73                rpl_remove_routes_by_nexthop
                0x0000000000022bdf                rpl_add_route
                0x0000000000022c5a                rpl_link_neighbor_callback
                0x0000000000022d5f                rpl_ipv6_neighbor_callback
                0x0000000000022dce                rpl_purge_dags
                0x0000000000022eda                rpl_init
 .text          0x0000000000022f77      0x831 obj_cooja/mtype567.a(csma.o)
 .text          0x00000000000237a8      0x3f5 obj_cooja/mtype567.a(framer-802154.o)
 .text          0x0000000000023b9d       0x3c obj_cooja/mtype567.a(mac.o)
                0x0000000000023b9d                mac_call_sent_callback
 .text          0x0000000000023bd9     0x12a9 obj_cooja/mtype567.a(cxmac.o)
                0x0000000000024dbd                cxmac_set_announcement_radio_txpower
                0x0000000000024dc2                cxmac_init
 .text          0x0000000000024e82       0x82 obj_cooja/mtype567.a(linkaddr.o)
                0x0000000000024e82                linkaddr_copy
                0x0000000000024ea4                linkaddr_cmp
                0x0000000000024ece                linkaddr_set_node_addr
                0x0000000000024ee9                linkaddr_set_node_long_addr
 .text          0x0000000000024f04      0x915 obj_cooja/mtype567.a(nbr-table.o)
                0x0000000000024f04                long_ip_from_lladdr_map
                0x0000000000024f8d                lladdr_map_add_lr
                0x000000000002504a                lladdr_map_rm_lr
                0x000000000002550f                nbr_table_register
                0x0000000000025557                nbr_table_head
                0x00000000000255b3                nbr_table_next
                0x000000000002561a                nbr_table_add_lladdr
                0x00000000000256f6                nbr_table_get_from_lladdr
                0x0000000000025743                nbr_table_remove
                0x0000000000025795                nbr_table_lock
                0x00000000000257bf                nbr_table_unlock
                0x00000000000257e9                nbr_table_get_lladdr
 .text          0x0000000000025819       0x2b obj_cooja/mtype567.a(netstack.o)
                0x0000000000025819                netstack_init
 .text          0x0000000000025844      0x3cd obj_cooja/mtype567.a(packetbuf.o)
                0x0000000000025844                packetbuf_clear
                0x000000000002586e                packetbuf_copyfrom
                0x00000000000258c0                packetbuf_compact
                0x000000000002593d                packetbuf_copyto
                0x00000000000259d4                packetbuf_hdralloc
                0x0000000000025a51                packetbuf_hdrreduce
                0x0000000000025a99                packetbuf_set_datalen
                0x0000000000025ab2                packetbuf_dataptr
                0x0000000000025acf                packetbuf_hdrptr
                0x0000000000025ad9                packetbuf_datalen
                0x0000000000025ae5                packetbuf_hdrlen
                0x0000000000025afc                packetbuf_totlen
                0x0000000000025b12                packetbuf_attr_clear
                0x0000000000025b64                packetbuf_attr_copyto
                0x0000000000025bad                packetbuf_attr_copyfrom
                0x0000000000025bf5                packetbuf_holds_broadcast
 .text          0x0000000000025c11      0x2b4 obj_cooja/mtype567.a(queuebuf.o)
                0x0000000000025c1b                queuebuf_init
                0x0000000000025c3b                queuebuf_numfree
                0x0000000000025c4f                queuebuf_new_from_packetbuf
                0x0000000000025cdf                queuebuf_update_attr_from_packetbuf
                0x0000000000025d12                queuebuf_update_from_packetbuf
                0x0000000000025d5c                queuebuf_free
                0x0000000000025da3                queuebuf_to_packetbuf
                0x0000000000025e09                queuebuf_dataptr
                0x0000000000025e40                queuebuf_datalen
                0x0000000000025e63                queuebuf_addr
                0x0000000000025e95                queuebuf_attr
                0x0000000000025ec0                queuebuf_debug_print
 .text          0x0000000000025ec5       0x6e obj_cooja/mtype567.a(nullsec.o)
 .text          0x0000000000025f33       0x19 obj_cooja/mtype567.a(watchdog.o)
                0x0000000000025f33                watchdog_init
                0x0000000000025f38                watchdog_start
                0x0000000000025f3d                watchdog_periodic
                0x0000000000025f42                watchdog_stop
                0x0000000000025f47                watchdog_reboot
 .text          0x0000000000025f4c        0x0 obj_cooja/mtype567.a(rimestats.o)
 .text          0x0000000000025f4c       0xa3 obj_cooja/mtype567.a(stimer.o)
                0x0000000000025f4c                stimer_set
                0x0000000000025f67                stimer_reset
                0x0000000000025f7e                stimer_restart
                0x0000000000025f90                stimer_expired
                0x0000000000025fb7                stimer_remaining
                0x0000000000025fdb                stimer_elapsed
 .text          0x0000000000025fef      0x1c1 obj_cooja/mtype567.a(memb.o)
                0x0000000000025fef                memb_init
                0x000000000002604d                memb_alloc
                0x00000000000260b2                memb_free
                0x000000000002612d                memb_inmemb
                0x000000000002616c                memb_numfree
 .text          0x00000000000261b0      0x916 obj_cooja/mtype567.a(uip-ds6-route.o)
                0x0000000000026227                uip_ds6_notification_add
                0x0000000000026258                uip_ds6_notification_rm
                0x0000000000026274                uip_ds6_route_init
                0x00000000000262fc                uip_ds6_route_nexthop
                0x0000000000026324                uip_ds6_route_head
                0x0000000000026339                uip_ds6_route_next
                0x000000000002635f                uip_ds6_route_is_nexthop
                0x000000000002639e                uip_ds6_route_num_routes
                0x00000000000263a8                uip_ds6_route_lookup
                0x000000000002646a                uip_ds6_route_add
                0x000000000002669e                uip_ds6_route_rm
                0x0000000000026832                uip_ds6_route_rm_by_nexthop
                0x000000000002686a                uip_ds6_defrt_add
                0x000000000002691b                uip_ds6_defrt_rm
                0x000000000002699a                uip_ds6_defrt_lookup
                0x00000000000269f3                uip_ds6_defrt_choose
                0x0000000000026a5e                uip_ds6_defrt_periodic
 .text          0x0000000000026ac6      0xab2 obj_cooja/mtype567.a(uip-icmp6.o)
                0x0000000000026b34                uip_icmp6_input
                0x0000000000026b8a                uip_icmp6_register_input_handler
                0x0000000000026e52                uip_icmp6_error_output
                0x0000000000027197                uip_icmp6_send
                0x000000000002750b                uip_icmp6_echo_reply_callback_add
                0x000000000002753c                uip_icmp6_echo_reply_callback_rm
                0x0000000000027558                uip_icmp6_init
 .text          0x0000000000027578      0x358 obj_cooja/mtype567.a(uip-nd6.o)
                0x00000000000275cc                uip_nd6_ns_output
                0x00000000000278cb                uip_nd6_init
 .text          0x00000000000278d0      0x331 obj_cooja/mtype567.a(rpl-nbr-policy.)
                0x0000000000027aa8                find_removable_dis
                0x0000000000027acb                find_removable_dio
                0x0000000000027b5a                find_removable_dao
                0x0000000000027baa                rpl_nbr_policy_find_removable
 .text          0x0000000000027c01      0x97c obj_cooja/mtype567.a(frame802154.o)
                0x0000000000027c32                frame802154_get_pan_id
                0x0000000000027c3e                frame802154_set_pan_id
                0x0000000000027c57                frame802154_has_panid
                0x0000000000027d43                frame802154_check_dest_panid
                0x0000000000027dab                frame802154_is_broadcast_addr
                0x0000000000027df8                frame802154_extract_linkaddr
                0x0000000000028038                frame802154_hdrlen
                0x0000000000028089                frame802154_create
                0x0000000000028274                frame802154_parse
 .text          0x000000000002857d        0x0 /usr/lib/gcc/i686-linux-gnu/4.8/crtendS.o
 .text          0x000000000002857d        0x0 /usr/lib/gcc/i686-linux-gnu/4.8/../../../i386-linux-gnu/crtn.o
 *(.gnu.warning)

.fini           0x0000000000028580       0x14
 *(SORT(.fini))
 .fini          0x0000000000028580        0xf /usr/lib/gcc/i686-linux-gnu/4.8/../../../i386-linux-gnu/crti.o
                0x0000000000028580                _fini
 .fini          0x000000000002858f        0x5 /usr/lib/gcc/i686-linux-gnu/4.8/../../../i386-linux-gnu/crtn.o
                0x0000000000028594                PROVIDE (__etext, .)
                0x0000000000028594                PROVIDE (_etext, .)
                0x0000000000028594                PROVIDE (etext, .)

.rodata         0x00000000000285a0     0x1940
 *(.rodata .rodata.* .gnu.linkonce.r.*)
 .rodata        0x00000000000285a0      0x148 udp-server.co
                0x00000000000285b4                autostart_processes
 .rodata        0x00000000000286e8      0x1e6 obj_cooja/mtype567.o
 *fill*         0x00000000000288ce        0x2 
 .rodata        0x00000000000288d0        0x8 obj_cooja/mtype567.a(beep.o)
                0x00000000000288d0                beep_interface
 .rodata        0x00000000000288d8       0x20 obj_cooja/mtype567.a(button-sensor.o)
                0x00000000000288d8                button_interface
                0x00000000000288e8                button_sensor
 .rodata        0x00000000000288f8        0x8 obj_cooja/mtype567.a(leds-arch.o)
                0x00000000000288f8                leds_interface
 .rodata        0x0000000000028900        0x8 obj_cooja/mtype567.a(moteid.o)
                0x0000000000028900                moteid_interface
 .rodata        0x0000000000028908       0x1c obj_cooja/mtype567.a(pir-sensor.o)
                0x0000000000028908                pir_interface
                0x0000000000028914                pir_sensor
 .rodata        0x0000000000028924        0xe obj_cooja/mtype567.a(rs232.o)
                0x0000000000028924                rs232_interface
 *fill*         0x0000000000028932        0x2 
 .rodata        0x0000000000028934       0x24 obj_cooja/mtype567.a(vib-sensor.o)
                0x0000000000028934                vib_interface
                0x0000000000028948                vib_sensor
 .rodata        0x0000000000028958        0x8 obj_cooja/mtype567.a(clock.o)
                0x0000000000028958                clock_interface
 .rodata        0x0000000000028960        0x8 obj_cooja/mtype567.a(log.o)
                0x0000000000028960                simlog_interface
 .rodata        0x0000000000028968       0x2f obj_cooja/mtype567.a(cfs-cooja.o)
                0x0000000000028968                cfs_interface
 *fill*         0x0000000000028997        0x9 
 .rodata        0x00000000000289a0       0xc0 obj_cooja/mtype567.a(cooja-radio.o)
                0x0000000000028a20                cooja_radio_driver
                0x0000000000028a58                radio_interface
 .rodata        0x0000000000028a60        0x8 obj_cooja/mtype567.a(eeprom.o)
                0x0000000000028a60                eeprom_interface
 .rodata        0x0000000000028a68        0x8 obj_cooja/mtype567.a(sensors.o)
 .rodata        0x0000000000028a70      0x1fe obj_cooja/mtype567.a(dual_conf.o)
 .rodata        0x0000000000028c6e        0xf obj_cooja/mtype567.a(ctimer.o)
 .rodata        0x0000000000028c7d        0xc obj_cooja/mtype567.a(etimer.o)
 *fill*         0x0000000000028c89        0x3 
 .rodata        0x0000000000028c8c       0x73 obj_cooja/mtype567.a(log_message.o)
 *fill*         0x0000000000028cff        0x1 
 .rodata        0x0000000000028d00       0x20 obj_cooja/mtype567.a(residual.o)
 .rodata        0x0000000000028d20        0xe obj_cooja/mtype567.a(serial-line.o)
 *fill*         0x0000000000028d2e        0x2 
 .rodata        0x0000000000028d30       0x2c obj_cooja/mtype567.a(sicslowpan.o)
                0x0000000000028d30                unc_llconf
                0x0000000000028d34                unc_ctxconf
                0x0000000000028d38                unc_mxconf
                0x0000000000028d3c                llprefix
                0x0000000000028d50                sicslowpan_driver
 .rodata        0x0000000000028d5c      0x13c obj_cooja/mtype567.a(uip6.o)
 .rodata        0x0000000000028e98       0x49 obj_cooja/mtype567.a(tcpip.o)
 .rodata        0x0000000000028ee1       0x3e obj_cooja/mtype567.a(uip-debug.o)
 *fill*         0x0000000000028f1f        0x1 
 .rodata        0x0000000000028f20        0x4 obj_cooja/mtype567.a(rpl-dag.o)
 .rodata        0x0000000000028f24      0xbe8 obj_cooja/mtype567.a(rpl-icmp6.o)
 .rodata        0x0000000000029b0c       0x86 obj_cooja/mtype567.a(rpl-timers.o)
 *fill*         0x0000000000029b92        0x2 
 .rodata        0x0000000000029b94       0x24 obj_cooja/mtype567.a(csma.o)
                0x0000000000029b9c                csma_driver
 .rodata        0x0000000000029bb8        0xc obj_cooja/mtype567.a(framer-802154.o)
                0x0000000000029bb8                framer_802154
 *fill*         0x0000000000029bc4       0x1c 
 .rodata        0x0000000000029be0      0x2e0 obj_cooja/mtype567.a(cxmac.o)
                0x0000000000029ea0                cxmac_driver
 .rodata        0x0000000000029ec0        0x8 obj_cooja/mtype567.a(linkaddr.o)
                0x0000000000029ec0                linkaddr_null
 .rodata        0x0000000000029ec8       0x18 obj_cooja/mtype567.a(nullsec.o)
                0x0000000000029ed0                nullsec_driver

.rodata1
 *(.rodata1)

.eh_frame_hdr   0x0000000000029ee0     0x144c
 *(.eh_frame_hdr)
 .eh_frame_hdr  0x0000000000029ee0     0x144c udp-server.co

.eh_frame       0x000000000002b32c     0x5290
 *(.eh_frame)
 .eh_frame      0x000000000002b32c       0x3c /usr/lib/gcc/i686-linux-gnu/4.8/../../../i386-linux-gnu/crti.o
                                         0x40 (size before relaxing)
 .eh_frame      0x000000000002b368       0x68 udp-server.co
                                         0x80 (size before relaxing)
 .eh_frame      0x000000000002b3d0      0x148 obj_cooja/mtype567.o
                                        0x160 (size before relaxing)
 .eh_frame      0x000000000002b518       0x40 obj_cooja/mtype567.a(simEnvChange.o)
                                         0x58 (size before relaxing)
 .eh_frame      0x000000000002b558       0xc0 obj_cooja/mtype567.a(cooja_mt.o)
                                         0xd8 (size before relaxing)
 .eh_frame      0x000000000002b618      0x120 obj_cooja/mtype567.a(cooja_mtarch.o)
                                        0x138 (size before relaxing)
 .eh_frame      0x000000000002b738       0xc0 obj_cooja/mtype567.a(rtimer-arch.o)
                                         0xd8 (size before relaxing)
 .eh_frame      0x000000000002b7f8      0x160 obj_cooja/mtype567.a(beep.o)
                                        0x178 (size before relaxing)
 .eh_frame      0x000000000002b958       0xa0 obj_cooja/mtype567.a(button-sensor.o)
                                         0xb8 (size before relaxing)
 .eh_frame      0x000000000002b9f8       0xa0 obj_cooja/mtype567.a(leds-arch.o)
                                         0xb8 (size before relaxing)
 .eh_frame      0x000000000002ba98       0x40 obj_cooja/mtype567.a(moteid.o)
                                         0x58 (size before relaxing)
 .eh_frame      0x000000000002bad8       0xa0 obj_cooja/mtype567.a(pir-sensor.o)
                                         0xb8 (size before relaxing)
 .eh_frame      0x000000000002bb78      0x100 obj_cooja/mtype567.a(rs232.o)
                                        0x118 (size before relaxing)
 .eh_frame      0x000000000002bc78       0xa0 obj_cooja/mtype567.a(vib-sensor.o)
                                         0xb8 (size before relaxing)
 .eh_frame      0x000000000002bd18       0xc0 obj_cooja/mtype567.a(clock.o)
                                         0xd8 (size before relaxing)
 .eh_frame      0x000000000002bdd8      0x120 obj_cooja/mtype567.a(log.o)
                                        0x138 (size before relaxing)
 .eh_frame      0x000000000002bef8      0x160 obj_cooja/mtype567.a(cfs-cooja.o)
                                        0x178 (size before relaxing)
 .eh_frame      0x000000000002c058      0x2e0 obj_cooja/mtype567.a(cooja-radio.o)
                                        0x2f8 (size before relaxing)
 .eh_frame      0x000000000002c338       0xa0 obj_cooja/mtype567.a(eeprom.o)
                                         0xb8 (size before relaxing)
 .eh_frame      0x000000000002c3d8       0x40 obj_cooja/mtype567.a(random.o)
                                         0x58 (size before relaxing)
 .eh_frame      0x000000000002c418       0xc0 obj_cooja/mtype567.a(sensors.o)
                                         0xd8 (size before relaxing)
 .eh_frame      0x000000000002c4d8      0x100 obj_cooja/mtype567.a(leds.o)
                                        0x118 (size before relaxing)
 .eh_frame      0x000000000002c5d8      0x1a0 obj_cooja/mtype567.a(dual_conf.o)
                                        0x1b8 (size before relaxing)
 .eh_frame      0x000000000002c778       0x40 obj_cooja/mtype567.a(autostart.o)
                                         0x58 (size before relaxing)
 .eh_frame      0x000000000002c7b8      0x100 obj_cooja/mtype567.a(ctimer.o)
                                        0x118 (size before relaxing)
 .eh_frame      0x000000000002c8b8      0x1e0 obj_cooja/mtype567.a(etimer.o)
                                        0x1f8 (size before relaxing)
 .eh_frame      0x000000000002ca98       0x40 obj_cooja/mtype567.a(log_message.o)
                                         0x58 (size before relaxing)
 .eh_frame      0x000000000002cad8      0x1c8 obj_cooja/mtype567.a(process.o)
                                        0x1e0 (size before relaxing)
 .eh_frame      0x000000000002cca0       0x2c obj_cooja/mtype567.a(residual.o)
                                         0x44 (size before relaxing)
 .eh_frame      0x000000000002cccc       0x60 obj_cooja/mtype567.a(rtimer.o)
                                         0x78 (size before relaxing)
 .eh_frame      0x000000000002cd2c       0xa4 obj_cooja/mtype567.a(timer.o)
                                         0xbc (size before relaxing)
 .eh_frame      0x000000000002cdd0       0x60 obj_cooja/mtype567.a(serial-line.o)
                                         0x78 (size before relaxing)
 .eh_frame      0x000000000002ce30      0x180 obj_cooja/mtype567.a(list.o)
                                        0x198 (size before relaxing)
 .eh_frame      0x000000000002cfb0       0xa0 obj_cooja/mtype567.a(ringbuf.o)
                                         0xb8 (size before relaxing)
 .eh_frame      0x000000000002d050      0x350 obj_cooja/mtype567.a(sicslowpan.o)
                                        0x368 (size before relaxing)
 .eh_frame      0x000000000002d3a0      0x180 obj_cooja/mtype567.a(uip-ds6-nbr.o)
                                        0x198 (size before relaxing)
 .eh_frame      0x000000000002d520      0x3c8 obj_cooja/mtype567.a(uip-ds6.o)
                                        0x3e0 (size before relaxing)
 .eh_frame      0x000000000002d8e8      0x27c obj_cooja/mtype567.a(uip6.o)
                                        0x294 (size before relaxing)
 .eh_frame      0x000000000002db64      0x270 obj_cooja/mtype567.a(tcpip.o)
                                        0x288 (size before relaxing)
 .eh_frame      0x000000000002ddd4       0x48 obj_cooja/mtype567.a(uip-debug.o)
                                         0x60 (size before relaxing)
 .eh_frame      0x000000000002de1c       0xe0 obj_cooja/mtype567.a(uip-packetqueue)
                                         0xf8 (size before relaxing)
 .eh_frame      0x000000000002defc      0x76c obj_cooja/mtype567.a(rpl-dag.o)
                                        0x784 (size before relaxing)
 .eh_frame      0x000000000002e668      0x10c obj_cooja/mtype567.a(rpl-ext-header.)
                                        0x124 (size before relaxing)
 .eh_frame      0x000000000002e774      0x308 obj_cooja/mtype567.a(rpl-icmp6.o)
                                        0x320 (size before relaxing)
 .eh_frame      0x000000000002ea7c       0xe0 obj_cooja/mtype567.a(rpl-ltmax.o)
                                         0xf8 (size before relaxing)
 .eh_frame      0x000000000002eb5c      0x26c obj_cooja/mtype567.a(rpl-timers.o)
                                        0x284 (size before relaxing)
 .eh_frame      0x000000000002edc8      0x148 obj_cooja/mtype567.a(rpl.o)
                                        0x160 (size before relaxing)
 .eh_frame      0x000000000002ef10      0x28c obj_cooja/mtype567.a(csma.o)
                                        0x2a4 (size before relaxing)
 .eh_frame      0x000000000002f19c      0x108 obj_cooja/mtype567.a(framer-802154.o)
                                        0x120 (size before relaxing)
 .eh_frame      0x000000000002f2a4       0x20 obj_cooja/mtype567.a(mac.o)
                                         0x38 (size before relaxing)
 .eh_frame      0x000000000002f2c4      0x2c0 obj_cooja/mtype567.a(cxmac.o)
                                        0x2d8 (size before relaxing)
 .eh_frame      0x000000000002f584       0x80 obj_cooja/mtype567.a(linkaddr.o)
                                         0x98 (size before relaxing)
 .eh_frame      0x000000000002f604      0x2cc obj_cooja/mtype567.a(nbr-table.o)
                                        0x2e4 (size before relaxing)
 .eh_frame      0x000000000002f8d0       0x20 obj_cooja/mtype567.a(netstack.o)
                                         0x38 (size before relaxing)
 .eh_frame      0x000000000002f8f0      0x214 obj_cooja/mtype567.a(packetbuf.o)
                                        0x22c (size before relaxing)
 .eh_frame      0x000000000002fb04      0x1a0 obj_cooja/mtype567.a(queuebuf.o)
                                        0x1b8 (size before relaxing)
 .eh_frame      0x000000000002fca4       0x80 obj_cooja/mtype567.a(nullsec.o)
                                         0x98 (size before relaxing)
 .eh_frame      0x000000000002fd24       0xa0 obj_cooja/mtype567.a(watchdog.o)
                                         0xb8 (size before relaxing)
 .eh_frame      0x000000000002fdc4       0xc4 obj_cooja/mtype567.a(stimer.o)
                                         0xdc (size before relaxing)
 .eh_frame      0x000000000002fe88       0xa0 obj_cooja/mtype567.a(memb.o)
                                         0xb8 (size before relaxing)
 .eh_frame      0x000000000002ff28      0x2a0 obj_cooja/mtype567.a(uip-ds6-route.o)
                                        0x2b8 (size before relaxing)
 .eh_frame      0x00000000000301c8      0x164 obj_cooja/mtype567.a(uip-icmp6.o)
                                        0x17c (size before relaxing)
 .eh_frame      0x000000000003032c       0x68 obj_cooja/mtype567.a(uip-nd6.o)
                                         0x80 (size before relaxing)
 .eh_frame      0x0000000000030394       0xc0 obj_cooja/mtype567.a(rpl-nbr-policy.)
                                         0xd8 (size before relaxing)
 .eh_frame      0x0000000000030454      0x164 obj_cooja/mtype567.a(frame802154.o)
                                        0x17c (size before relaxing)
 .eh_frame      0x00000000000305b8        0x4 /usr/lib/gcc/i686-linux-gnu/4.8/crtendS.o

.gcc_except_table
 *(.gcc_except_table .gcc_except_table.*)

.exception_ranges
 *(.exception_ranges .exception_ranges*)
                0x00000000000305bc                . = (ALIGN (0x1000) - ((0x1000 - .) & 0xfff))
                0x0000000000031ef8                . = DATA_SEGMENT_ALIGN (0x1000, 0x1000)

.eh_frame
 *(.eh_frame)

.gcc_except_table
 *(.gcc_except_table .gcc_except_table.*)

.exception_ranges
 *(.exception_ranges .exception_ranges*)

.tdata
 *(.tdata .tdata.* .gnu.linkonce.td.*)

.tbss
 *(.tbss .tbss.* .gnu.linkonce.tb.*)
 *(.tcommon)

.preinit_array
 *(.preinit_array)

.init_array     0x0000000000031ef8        0x4
 *(SORT(.init_array.*) SORT(.ctors.*))
 *(.init_array EXCLUDE_FILE(*crtend?.o *crtend.o *crtbegin?.o *crtbegin.o) .ctors)
 .init_array    0x0000000000031ef8        0x4 /usr/lib/gcc/i686-linux-gnu/4.8/crtbeginS.o

.fini_array     0x0000000000031efc        0x4
 *(SORT(.fini_array.*) SORT(.dtors.*))
 *(.fini_array EXCLUDE_FILE(*crtend?.o *crtend.o *crtbegin?.o *crtbegin.o) .dtors)
 .fini_array    0x0000000000031efc        0x4 /usr/lib/gcc/i686-linux-gnu/4.8/crtbeginS.o

.ctors
 *crtbegin.o(.ctors)
 *crtbegin?.o(.ctors)
 *(EXCLUDE_FILE(*crtend?.o *crtend.o) .ctors)
 *(SORT(.ctors.*))
 *(.ctors)

.dtors
 *crtbegin.o(.dtors)
 *crtbegin?.o(.dtors)
 *(EXCLUDE_FILE(*crtend?.o *crtend.o) .dtors)
 *(SORT(.dtors.*))
 *(.dtors)

.jcr            0x0000000000031f00        0x4
 *(.jcr)
 .jcr           0x0000000000031f00        0x0 /usr/lib/gcc/i686-linux-gnu/4.8/crtbeginS.o
 .jcr           0x0000000000031f00        0x4 /usr/lib/gcc/i686-linux-gnu/4.8/crtendS.o

.data.rel.ro
 *(.data.rel.ro.local* .gnu.linkonce.d.rel.ro.local.*)
 *(.data.rel.ro .data.rel.ro.* .gnu.linkonce.d.rel.ro.*)

.dynamic        0x0000000000031f04       0xe8
 *(.dynamic)
 .dynamic       0x0000000000031f04       0xe8 /usr/lib/gcc/i686-linux-gnu/4.8/../../../i386-linux-gnu/crti.o
                0x0000000000031f04                _DYNAMIC

.got            0x0000000000031fec       0x14
 *(.got)
 .got           0x0000000000031fec       0x14 /usr/lib/gcc/i686-linux-gnu/4.8/../../../i386-linux-gnu/crti.o
 *(.igot)
                0x0000000000032ff4                . = DATA_SEGMENT_RELRO_END (., (SIZEOF (.got.plt) >= 0xc)?0xc:0x0)

.got.plt        0x0000000000032000       0x14
 *(.got.plt)
 .got.plt       0x0000000000032000       0x14 /usr/lib/gcc/i686-linux-gnu/4.8/../../../i386-linux-gnu/crti.o
                0x0000000000032000                _GLOBAL_OFFSET_TABLE_
 *(.igot.plt)

.data           0x0000000000032020      0x2c2
 *(.data .data.* .gnu.linkonce.d.*)
 .data          0x0000000000032020        0x0 /usr/lib/gcc/i686-linux-gnu/4.8/../../../i386-linux-gnu/crti.o
 .data          0x0000000000032020        0x0 /usr/lib/gcc/i686-linux-gnu/4.8/crtbeginS.o
 .data.rel      0x0000000000032020        0x4 /usr/lib/gcc/i686-linux-gnu/4.8/crtbeginS.o
                0x0000000000032020                __dso_handle
 .data          0x0000000000032024       0x10 udp-server.co
                0x0000000000032024                udp_server_process
 *fill*         0x0000000000032034        0xc 
 .data          0x0000000000032040       0x44 obj_cooja/mtype567.o
                0x0000000000032040                simInterfaces
                0x0000000000032074                sensors
 .data          0x0000000000032084        0x0 obj_cooja/mtype567.a(simEnvChange.o)
 .data          0x0000000000032084        0x0 obj_cooja/mtype567.a(cooja_mt.o)
 .data          0x0000000000032084        0x0 obj_cooja/mtype567.a(cooja_mtarch.o)
 .data          0x0000000000032084        0x0 obj_cooja/mtype567.a(rtimer-arch.o)
 .data          0x0000000000032084        0x0 obj_cooja/mtype567.a(beep.o)
 .data          0x0000000000032084        0x0 obj_cooja/mtype567.a(button-sensor.o)
 .data          0x0000000000032084        0x0 obj_cooja/mtype567.a(leds-arch.o)
 .data          0x0000000000032084        0x0 obj_cooja/mtype567.a(moteid.o)
 .data          0x0000000000032084        0x0 obj_cooja/mtype567.a(pir-sensor.o)
 .data          0x0000000000032084        0x0 obj_cooja/mtype567.a(rs232.o)
 .data          0x0000000000032084        0x0 obj_cooja/mtype567.a(vib-sensor.o)
 .data          0x0000000000032084        0x0 obj_cooja/mtype567.a(clock.o)
 .data          0x0000000000032084        0x0 obj_cooja/mtype567.a(log.o)
 .data          0x0000000000032084        0x0 obj_cooja/mtype567.a(cfs-cooja.o)
 .data          0x0000000000032084       0x40 obj_cooja/mtype567.a(cooja-radio.o)
                0x0000000000032084                simRadioChannelLR
                0x0000000000032088                simRadioHWOnLR
                0x000000000003208c                simSignalStrengthLR
                0x0000000000032090                simLastSignalStrengthLR
                0x0000000000032094                simPowerLR
                0x0000000000032098                simLQILR
                0x000000000003209c                simRadioChannel
                0x00000000000320a0                simRadioHWOn
                0x00000000000320a4                simSignalStrength
                0x00000000000320a8                simLastSignalStrength
                0x00000000000320ac                simPower
                0x00000000000320b0                simLQI
                0x00000000000320b4                cooja_radio_process
 .data          0x00000000000320c4        0x0 obj_cooja/mtype567.a(eeprom.o)
 .data          0x00000000000320c4        0x0 obj_cooja/mtype567.a(random.o)
 .data          0x00000000000320c4       0x10 obj_cooja/mtype567.a(sensors.o)
                0x00000000000320c4                sensors_process
 .data          0x00000000000320d4        0x0 obj_cooja/mtype567.a(leds.o)
 .data          0x00000000000320d4       0x3a obj_cooja/mtype567.a(dual_conf.o)
                0x00000000000320d4                radio_received
                0x00000000000320d8                dual_dio_broadcast
                0x00000000000320e8                dual_dis_broadcast
                0x00000000000320f8                dual_LSA_converge_broadcast
 .data          0x000000000003210e        0x0 obj_cooja/mtype567.a(autostart.o)
 *fill*         0x000000000003210e        0x2 
 .data          0x0000000000032110       0x14 obj_cooja/mtype567.a(ctimer.o)
                0x0000000000032114                ctimer_process
 .data          0x0000000000032124       0x10 obj_cooja/mtype567.a(etimer.o)
                0x0000000000032124                etimer_process
 .data          0x0000000000032134        0x0 obj_cooja/mtype567.a(log_message.o)
 .data          0x0000000000032134        0x0 obj_cooja/mtype567.a(process.o)
 .data          0x0000000000032134        0x0 obj_cooja/mtype567.a(residual.o)
 .data          0x0000000000032134        0x0 obj_cooja/mtype567.a(rtimer.o)
 .data          0x0000000000032134        0x0 obj_cooja/mtype567.a(timer.o)
 .data          0x0000000000032134       0x10 obj_cooja/mtype567.a(serial-line.o)
                0x0000000000032134                serial_line_process
 .data          0x0000000000032144        0x0 obj_cooja/mtype567.a(list.o)
 .data          0x0000000000032144        0x0 obj_cooja/mtype567.a(ringbuf.o)
 .data          0x0000000000032144        0x0 obj_cooja/mtype567.a(sicslowpan.o)
 .data          0x0000000000032144       0x14 obj_cooja/mtype567.a(uip-ds6-nbr.o)
                0x0000000000032154                ds6_neighbors
 .data          0x0000000000032158        0x0 obj_cooja/mtype567.a(uip-ds6.o)
 .data          0x0000000000032158        0x0 obj_cooja/mtype567.a(uip6.o)
 .data          0x0000000000032158       0x10 obj_cooja/mtype567.a(tcpip.o)
                0x0000000000032158                tcpip_process
 .data          0x0000000000032168        0x0 obj_cooja/mtype567.a(uip-debug.o)
 .data          0x0000000000032168        0xc obj_cooja/mtype567.a(uip-packetqueue)
 .data          0x0000000000032174       0x28 obj_cooja/mtype567.a(rpl-dag.o)
                0x0000000000032184                rpl_parents
                0x0000000000032198                rpl_children
 .data          0x000000000003219c        0x0 obj_cooja/mtype567.a(rpl-ext-header.)
 .data          0x000000000003219c       0x40 obj_cooja/mtype567.a(rpl-icmp6.o)
 .data          0x00000000000321dc       0x1c obj_cooja/mtype567.a(rpl-ltmax.o)
                0x00000000000321dc                rpl_ltmax_of
 .data          0x00000000000321f8        0x0 obj_cooja/mtype567.a(rpl-timers.o)
 .data          0x00000000000321f8        0x0 obj_cooja/mtype567.a(rpl.o)
 .data          0x00000000000321f8       0x28 obj_cooja/mtype567.a(csma.o)
 .data          0x0000000000032220        0x0 obj_cooja/mtype567.a(framer-802154.o)
 .data          0x0000000000032220        0x0 obj_cooja/mtype567.a(mac.o)
 .data          0x0000000000032220       0x30 obj_cooja/mtype567.a(cxmac.o)
                0x0000000000032220                cxmac_config
                0x0000000000032230                strobe_wait
 .data          0x0000000000032250        0x0 obj_cooja/mtype567.a(linkaddr.o)
 .data          0x0000000000032250       0x10 obj_cooja/mtype567.a(nbr-table.o)
 .data          0x0000000000032260        0x0 obj_cooja/mtype567.a(netstack.o)
 .data          0x0000000000032260        0x4 obj_cooja/mtype567.a(packetbuf.o)
 .data          0x0000000000032264       0x18 obj_cooja/mtype567.a(queuebuf.o)
 .data          0x000000000003227c        0x0 obj_cooja/mtype567.a(nullsec.o)
 .data          0x000000000003227c        0x0 obj_cooja/mtype567.a(watchdog.o)
 .data          0x000000000003227c        0x0 obj_cooja/mtype567.a(rimestats.o)
 .data          0x000000000003227c        0x0 obj_cooja/mtype567.a(stimer.o)
 .data          0x000000000003227c        0x0 obj_cooja/mtype567.a(memb.o)
 .data          0x000000000003227c       0x44 obj_cooja/mtype567.a(uip-ds6-route.o)
                0x000000000003228c                nbr_routes
 .data          0x00000000000322c0       0x20 obj_cooja/mtype567.a(uip-icmp6.o)
 .data          0x00000000000322e0        0x0 obj_cooja/mtype567.a(uip-nd6.o)
 .data          0x00000000000322e0        0x0 obj_cooja/mtype567.a(rpl-nbr-policy.)
 .data          0x00000000000322e0        0x2 obj_cooja/mtype567.a(frame802154.o)
 .data          0x00000000000322e2        0x0 /usr/lib/gcc/i686-linux-gnu/4.8/crtendS.o
 .data          0x00000000000322e2        0x0 /usr/lib/gcc/i686-linux-gnu/4.8/../../../i386-linux-gnu/crtn.o

.tm_clone_table
                0x00000000000322e4        0x0
 .tm_clone_table
                0x00000000000322e4        0x0 /usr/lib/gcc/i686-linux-gnu/4.8/crtbeginS.o
 .tm_clone_table
                0x00000000000322e4        0x0 /usr/lib/gcc/i686-linux-gnu/4.8/crtendS.o

.data1
 *(.data1)
                0x00000000000322e4                _edata = .
                0x00000000000322e4                PROVIDE (edata, .)
                0x00000000000322e4                . = .
                0x00000000000322e4                __bss_start = .

.bss            0x0000000000032300     0x8548
 *(.dynbss)
 .dynbss        0x0000000000000000        0x0 /usr/lib/gcc/i686-linux-gnu/4.8/../../../i386-linux-gnu/crti.o
 *(.bss .bss.* .gnu.linkonce.b.*)
 .bss           0x0000000000032300        0x0 /usr/lib/gcc/i686-linux-gnu/4.8/../../../i386-linux-gnu/crti.o
 .bss           0x0000000000032300        0x1 /usr/lib/gcc/i686-linux-gnu/4.8/crtbeginS.o
 *fill*         0x0000000000032301        0x3 
 .bss           0x0000000000032304        0x8 udp-server.co
                0x0000000000032304                my_weight
 *fill*         0x000000000003230c       0x14 
 .bss           0x0000000000032320     0x2030 obj_cooja/mtype567.o
 .bss           0x0000000000034350        0x1 obj_cooja/mtype567.a(simEnvChange.o)
                0x0000000000034350                simDontFallAsleep
 *fill*         0x0000000000034351        0x3 
 .bss           0x0000000000034354        0x4 obj_cooja/mtype567.a(cooja_mt.o)
 .bss           0x0000000000034358        0x4 obj_cooja/mtype567.a(cooja_mtarch.o)
 .bss           0x000000000003435c        0xc obj_cooja/mtype567.a(rtimer-arch.o)
 .bss           0x0000000000034368        0x0 obj_cooja/mtype567.a(beep.o)
 .bss           0x0000000000034368        0x8 obj_cooja/mtype567.a(button-sensor.o)
 .bss           0x0000000000034370        0x0 obj_cooja/mtype567.a(leds-arch.o)
 .bss           0x0000000000034370        0x0 obj_cooja/mtype567.a(moteid.o)
 .bss           0x0000000000034370        0x1 obj_cooja/mtype567.a(pir-sensor.o)
                0x0000000000034370                simPirValue
 *fill*         0x0000000000034371        0x3 
 .bss           0x0000000000034374        0x4 obj_cooja/mtype567.a(rs232.o)
 .bss           0x0000000000034378        0x1 obj_cooja/mtype567.a(vib-sensor.o)
                0x0000000000034378                simVibValue
 .bss           0x0000000000034379        0x0 obj_cooja/mtype567.a(clock.o)
 *fill*         0x0000000000034379        0x7 
 .bss           0x0000000000034380      0x420 obj_cooja/mtype567.a(log.o)
 .bss           0x00000000000347a0      0xfc0 obj_cooja/mtype567.a(cfs-cooja.o)
                0x00000000000347a0                simCFSData
                0x0000000000035740                simCFSSize
                0x0000000000035744                simCFSChanged
                0x0000000000035748                simCFSRead
                0x000000000003574c                simCFSWritten
 .bss           0x0000000000035760       0x24 obj_cooja/mtype567.a(cooja-radio.o)
                0x0000000000035760                simReceivingLR
                0x0000000000035764                simInSizeLR
                0x0000000000035768                simOutSizeLR
                0x000000000003576c                simReceiving
                0x0000000000035770                simInSize
                0x0000000000035774                simOutSize
                0x0000000000035778                LongRangeTransmit
                0x000000000003577c                LongRangeReceiving
 .bss           0x0000000000035784        0xc obj_cooja/mtype567.a(eeprom.o)
                0x0000000000035784                simEEPROMChanged
                0x0000000000035788                simEEPROMRead
                0x000000000003578c                simEEPROMWritten
 .bss           0x0000000000035790        0x0 obj_cooja/mtype567.a(random.o)
 .bss           0x0000000000035790        0xc obj_cooja/mtype567.a(sensors.o)
 .bss           0x000000000003579c        0x1 obj_cooja/mtype567.a(leds.o)
 *fill*         0x000000000003579d        0x3 
 .bss           0x00000000000357a0       0x40 obj_cooja/mtype567.a(dual_conf.o)
                0x00000000000357a0                long_range_radio
 .bss           0x00000000000357e0        0x0 obj_cooja/mtype567.a(autostart.o)
 .bss           0x00000000000357e0        0x5 obj_cooja/mtype567.a(ctimer.o)
 *fill*         0x00000000000357e5        0x3 
 .bss           0x00000000000357e8        0x8 obj_cooja/mtype567.a(etimer.o)
 .bss           0x00000000000357f0        0x0 obj_cooja/mtype567.a(log_message.o)
 *fill*         0x00000000000357f0       0x10 
 .bss           0x0000000000035800      0x1b1 obj_cooja/mtype567.a(process.o)
                0x0000000000035800                process_list
                0x0000000000035804                process_current
 .bss           0x00000000000359b1        0x0 obj_cooja/mtype567.a(residual.o)
 *fill*         0x00000000000359b1        0x3 
 .bss           0x00000000000359b4        0x4 obj_cooja/mtype567.a(rtimer.o)
 .bss           0x00000000000359b8        0x0 obj_cooja/mtype567.a(timer.o)
 *fill*         0x00000000000359b8        0x8 
 .bss           0x00000000000359c0      0x140 obj_cooja/mtype567.a(serial-line.o)
 .bss           0x0000000000035b00        0x0 obj_cooja/mtype567.a(list.o)
 .bss           0x0000000000035b00        0x0 obj_cooja/mtype567.a(ringbuf.o)
 .bss           0x0000000000035b00      0x70c obj_cooja/mtype567.a(sicslowpan.o)
 *fill*         0x000000000003620c       0x14 
 .bss           0x0000000000036220       0xc0 obj_cooja/mtype567.a(uip-ds6-nbr.o)
 .bss           0x00000000000362e0       0x30 obj_cooja/mtype567.a(uip-ds6.o)
 .bss           0x0000000000036310        0xe obj_cooja/mtype567.a(uip6.o)
                0x0000000000036310                uip_ext_bitmap
                0x0000000000036311                uip_ext_len
                0x0000000000036312                uip_ext_opt_offset
 *fill*         0x000000000003631e        0x2 
 .bss           0x0000000000036320       0x6b obj_cooja/mtype567.a(tcpip.o)
 .bss           0x000000000003638b        0x0 obj_cooja/mtype567.a(uip-debug.o)
 *fill*         0x000000000003638b       0x15 
 .bss           0x00000000000363a0      0xcf8 obj_cooja/mtype567.a(uip-packetqueue)
 *fill*         0x0000000000037098        0x8 
 .bss           0x00000000000370a0       0x88 obj_cooja/mtype567.a(rpl-dag.o)
 .bss           0x0000000000037128        0x0 obj_cooja/mtype567.a(rpl-ext-header.)
 .bss           0x0000000000037128        0x0 obj_cooja/mtype567.a(rpl-icmp6.o)
 .bss           0x0000000000037128        0x0 obj_cooja/mtype567.a(rpl-ltmax.o)
 *fill*         0x0000000000037128       0x18 
 .bss           0x0000000000037140       0x60 obj_cooja/mtype567.a(rpl-timers.o)
 .bss           0x00000000000371a0        0x4 obj_cooja/mtype567.a(rpl.o)
 *fill*         0x00000000000371a4       0x1c 
 .bss           0x00000000000371c0      0x248 obj_cooja/mtype567.a(csma.o)
 .bss           0x0000000000037408        0x2 obj_cooja/mtype567.a(framer-802154.o)
 .bss           0x000000000003740a        0x0 obj_cooja/mtype567.a(mac.o)
 *fill*         0x000000000003740a       0x16 
 .bss           0x0000000000037420       0xb0 obj_cooja/mtype567.a(cxmac.o)
 .bss           0x00000000000374d0        0x0 obj_cooja/mtype567.a(linkaddr.o)
 *fill*         0x00000000000374d0       0x10 
 .bss           0x00000000000374e0       0xc4 obj_cooja/mtype567.a(nbr-table.o)
 .bss           0x00000000000375a4        0x0 obj_cooja/mtype567.a(netstack.o)
 *fill*         0x00000000000375a4       0x1c 
 .bss           0x00000000000375c0       0xa0 obj_cooja/mtype567.a(packetbuf.o)
 .bss           0x0000000000037660      0xb80 obj_cooja/mtype567.a(queuebuf.o)
 .bss           0x00000000000381e0        0x0 obj_cooja/mtype567.a(nullsec.o)
 .bss           0x00000000000381e0        0x0 obj_cooja/mtype567.a(watchdog.o)
 .bss           0x00000000000381e0        0x0 obj_cooja/mtype567.a(rimestats.o)
 .bss           0x00000000000381e0        0x0 obj_cooja/mtype567.a(stimer.o)
 .bss           0x00000000000381e0        0x0 obj_cooja/mtype567.a(memb.o)
 .bss           0x00000000000381e0      0x4a8 obj_cooja/mtype567.a(uip-ds6-route.o)
 .bss           0x0000000000038688       0x18 obj_cooja/mtype567.a(uip-icmp6.o)
 .bss           0x00000000000386a0        0x0 obj_cooja/mtype567.a(uip-nd6.o)
 .bss           0x00000000000386a0       0x44 obj_cooja/mtype567.a(rpl-nbr-policy.)
 .bss           0x00000000000386e4        0x0 obj_cooja/mtype567.a(frame802154.o)
 .bss           0x00000000000386e4        0x0 /usr/lib/gcc/i686-linux-gnu/4.8/crtendS.o
 .bss           0x00000000000386e4        0x0 /usr/lib/gcc/i686-linux-gnu/4.8/../../../i386-linux-gnu/crtn.o
 *(COMMON)
 COMMON         0x00000000000386e4        0x7 udp-server.co
                0x00000000000386e4                LSA_message_input
                0x00000000000386e5                LSA_SR_preamble
                0x00000000000386e6                LSA_lr_child
                0x00000000000386e7                LSA_converge
                0x00000000000386e8                my_sink_reachability
                0x00000000000386e9                my_parent_number
                0x00000000000386ea                LSA_message_flag
 *fill*         0x00000000000386eb        0x1 
 COMMON         0x00000000000386ec       0x4c obj_cooja/mtype567.o
                0x00000000000386ec                dio_count
                0x00000000000386f0                dis_count
                0x00000000000386f4                collision_count
                0x00000000000386f8                transmission_count
                0x00000000000386fc                COOJA_radioRxLong
                0x0000000000038700                control_message_count
                0x0000000000038704                dao_count
                0x0000000000038708                COOJA_radioTx
                0x000000000003870c                referenceVar
                0x0000000000038710                data_relay_count
                0x0000000000038714                data_message_count
                0x0000000000038718                COOJA_radioTxLong
                0x000000000003871c                COOJA_radioRx
                0x0000000000038720                debugfp
                0x0000000000038724                COOJA_radioOn
                0x0000000000038728                COOJA_duration
                0x000000000003872c                dio_ack_count
                0x0000000000038730                COOJA_radioOnLong
                0x0000000000038734                sensors_flags
 COMMON         0x0000000000038738        0xc obj_cooja/mtype567.a(simEnvChange.o)
                0x0000000000038738                simEtimerPending
                0x000000000003873c                simProcessRunValue
                0x0000000000038740                simNextExpirationTime
 COMMON         0x0000000000038744        0x1 obj_cooja/mtype567.a(beep.o)
                0x0000000000038744                simBeeped
 COMMON         0x0000000000038745        0x3 obj_cooja/mtype567.a(button-sensor.o)
                0x0000000000038745                simButtonIsActive
                0x0000000000038746                simButtonIsDown
                0x0000000000038747                simButtonChanged
 COMMON         0x0000000000038748        0x1 obj_cooja/mtype567.a(leds-arch.o)
                0x0000000000038748                simLedsValue
 *fill*         0x0000000000038749        0x3 
 COMMON         0x000000000003874c        0xc obj_cooja/mtype567.a(moteid.o)
                0x000000000003874c                simRandomSeed
                0x0000000000038750                simMoteIDChanged
                0x0000000000038754                simMoteID
 COMMON         0x0000000000038758        0x2 obj_cooja/mtype567.a(pir-sensor.o)
                0x0000000000038758                simPirIsActive
                0x0000000000038759                simPirChanged
 *fill*         0x000000000003875a        0x6 
 COMMON         0x0000000000038760      0x820 obj_cooja/mtype567.a(rs232.o)
                0x0000000000038760                simSerialReceivingFlag
                0x0000000000038764                simSerialReceivingLength
                0x0000000000038780                simSerialReceivingData
 COMMON         0x0000000000038f80        0x2 obj_cooja/mtype567.a(vib-sensor.o)
                0x0000000000038f80                simVibChanged
                0x0000000000038f81                simVibIsActive
 *fill*         0x0000000000038f82        0x2 
 COMMON         0x0000000000038f84        0x4 obj_cooja/mtype567.a(clock.o)
                0x0000000000038f84                simCurrentTime
 *fill*         0x0000000000038f88       0x18 
 COMMON         0x0000000000038fa0      0x420 obj_cooja/mtype567.a(log.o)
                0x0000000000038fa0                simLoggedLength
                0x0000000000038fa4                simLoggedFlag
                0x0000000000038fc0                simLoggedData
 COMMON         0x00000000000393c0      0x240 obj_cooja/mtype567.a(cooja-radio.o)
                0x00000000000393c0                simOutDataBuffer
                0x0000000000039440                simRadioTarget
                0x0000000000039460                simInDataBufferLR
                0x00000000000394e0                simOutDataBufferLR
                0x0000000000039560                dual_duty_cycle_count
                0x0000000000039580                simInDataBuffer
 COMMON         0x0000000000039600      0x400 obj_cooja/mtype567.a(eeprom.o)
                0x0000000000039600                simEEPROMData
 COMMON         0x0000000000039a00        0x1 obj_cooja/mtype567.a(sensors.o)
                0x0000000000039a00                sensors_event
 *fill*         0x0000000000039a01        0x3 
 COMMON         0x0000000000039a04        0x4 obj_cooja/mtype567.a(log_message.o)
                0x0000000000039a04                log_fp
 COMMON         0x0000000000039a08        0x1 obj_cooja/mtype567.a(serial-line.o)
                0x0000000000039a08                serial_line_event_message
 *fill*         0x0000000000039a09       0x17 
 COMMON         0x0000000000039a20       0x50 obj_cooja/mtype567.a(uip-ds6-nbr.o)
                0x0000000000039a20                ds6_lr_addrmap
 *fill*         0x0000000000039a70       0x10 
 COMMON         0x0000000000039a80      0x298 obj_cooja/mtype567.a(uip-ds6.o)
                0x0000000000039a80                uip_ds6_prefix_list
                0x0000000000039ae0                uip_ds6_timer_periodic
                0x0000000000039af0                uip_ds6_netif_addr_list_offset
                0x0000000000039b00                uip_ds6_if
                0x0000000000039bf8                uip_ds6_timer_ra
                0x0000000000039c00                uip_ds6_addr_size
                0x0000000000039c20                long_uip_ds6_if
 *fill*         0x0000000000039d18        0x8 
 COMMON         0x0000000000039d20      0x8ec obj_cooja/mtype567.a(uip6.o)
                0x0000000000039d20                uip_slen
                0x0000000000039d22                uip_acc32
                0x0000000000039d40                uip_conns
                0x0000000000039e00                uip_lladdr
                0x0000000000039e08                uip_appdata
                0x0000000000039e0c                uip_flags
                0x0000000000039e20                uip_aligned_buf
                0x000000000003a460                uip_listenports
                0x000000000003a470                uip_len
                0x000000000003a472                uip_long_lladdr
                0x000000000003a47c                uip_sappdata
                0x000000000003a480                uip_udp_conns
                0x000000000003a600                uip_udp_conn
                0x000000000003a604                uip_next_hdr
                0x000000000003a608                uip_conn
 COMMON         0x000000000003a60c        0x1 obj_cooja/mtype567.a(tcpip.o)
                0x000000000003a60c                tcpip_event
 *fill*         0x000000000003a60d       0x13 
 COMMON         0x000000000003a620      0x198 obj_cooja/mtype567.a(rpl-dag.o)
                0x000000000003a620                default_instance
                0x000000000003a640                instance_table
 COMMON         0x000000000003a7b8       0x10 obj_cooja/mtype567.a(linkaddr.o)
                0x000000000003a7b8                linkaddr_node_addr
                0x000000000003a7c0                long_linkaddr_node_addr
 COMMON         0x000000000003a7c8       0x2e obj_cooja/mtype567.a(packetbuf.o)
                0x000000000003a7c8                packetbuf_attrs
                0x000000000003a7e6                packetbuf_addrs
 *fill*         0x000000000003a7f6        0xa 
 COMMON         0x000000000003a800       0x48 obj_cooja/mtype567.a(rimestats.o)
                0x000000000003a800                rimestats
                0x000000000003a848                . = ALIGN ((. != 0x0)?0x4:0x1)
                0x000000000003a848                . = ALIGN (0x4)
                0x000000000003a848                . = SEGMENT_START ("ldata-segment", .)
                0x000000000003a848                . = ALIGN (0x4)
                0x000000000003a848                _end = .
                0x000000000003a848                PROVIDE (end, .)
                0x000000000003a848                . = DATA_SEGMENT_END (.)

.stab
 *(.stab)

.stabstr
 *(.stabstr)

.stab.excl
 *(.stab.excl)

.stab.exclstr
 *(.stab.exclstr)

.stab.index
 *(.stab.index)

.stab.indexstr
 *(.stab.indexstr)

.comment        0x0000000000000000       0x29
 *(.comment)
 .comment       0x0000000000000000       0x29 /usr/lib/gcc/i686-linux-gnu/4.8/crtbeginS.o
                                         0x2a (size before relaxing)
 .comment       0x0000000000000000       0x2a udp-server.co
 .comment       0x0000000000000000       0x2a obj_cooja/mtype567.o
 .comment       0x0000000000000000       0x2a obj_cooja/mtype567.a(simEnvChange.o)
 .comment       0x0000000000000000       0x2a obj_cooja/mtype567.a(cooja_mt.o)
 .comment       0x0000000000000000       0x2a obj_cooja/mtype567.a(cooja_mtarch.o)
 .comment       0x0000000000000000       0x2a obj_cooja/mtype567.a(rtimer-arch.o)
 .comment       0x0000000000000000       0x2a obj_cooja/mtype567.a(beep.o)
 .comment       0x0000000000000000       0x2a obj_cooja/mtype567.a(button-sensor.o)
 .comment       0x0000000000000000       0x2a obj_cooja/mtype567.a(leds-arch.o)
 .comment       0x0000000000000000       0x2a obj_cooja/mtype567.a(moteid.o)
 .comment       0x0000000000000000       0x2a obj_cooja/mtype567.a(pir-sensor.o)
 .comment       0x0000000000000000       0x2a obj_cooja/mtype567.a(rs232.o)
 .comment       0x0000000000000000       0x2a obj_cooja/mtype567.a(vib-sensor.o)
 .comment       0x0000000000000000       0x2a obj_cooja/mtype567.a(clock.o)
 .comment       0x0000000000000000       0x2a obj_cooja/mtype567.a(log.o)
 .comment       0x0000000000000000       0x2a obj_cooja/mtype567.a(cfs-cooja.o)
 .comment       0x0000000000000000       0x2a obj_cooja/mtype567.a(cooja-radio.o)
 .comment       0x0000000000000000       0x2a obj_cooja/mtype567.a(eeprom.o)
 .comment       0x0000000000000000       0x2a obj_cooja/mtype567.a(random.o)
 .comment       0x0000000000000000       0x2a obj_cooja/mtype567.a(sensors.o)
 .comment       0x0000000000000000       0x2a obj_cooja/mtype567.a(leds.o)
 .comment       0x0000000000000000       0x2a obj_cooja/mtype567.a(dual_conf.o)
 .comment       0x0000000000000000       0x2a obj_cooja/mtype567.a(autostart.o)
 .comment       0x0000000000000000       0x2a obj_cooja/mtype567.a(ctimer.o)
 .comment       0x0000000000000000       0x2a obj_cooja/mtype567.a(etimer.o)
 .comment       0x0000000000000000       0x2a obj_cooja/mtype567.a(log_message.o)
 .comment       0x0000000000000000       0x2a obj_cooja/mtype567.a(process.o)
 .comment       0x0000000000000000       0x2a obj_cooja/mtype567.a(residual.o)
 .comment       0x0000000000000000       0x2a obj_cooja/mtype567.a(rtimer.o)
 .comment       0x0000000000000000       0x2a obj_cooja/mtype567.a(timer.o)
 .comment       0x0000000000000000       0x2a obj_cooja/mtype567.a(serial-line.o)
 .comment       0x0000000000000000       0x2a obj_cooja/mtype567.a(list.o)
 .comment       0x0000000000000000       0x2a obj_cooja/mtype567.a(ringbuf.o)
 .comment       0x0000000000000000       0x2a obj_cooja/mtype567.a(sicslowpan.o)
 .comment       0x0000000000000000       0x2a obj_cooja/mtype567.a(uip-ds6-nbr.o)
 .comment       0x0000000000000000       0x2a obj_cooja/mtype567.a(uip-ds6.o)
 .comment       0x0000000000000000       0x2a obj_cooja/mtype567.a(uip6.o)
 .comment       0x0000000000000000       0x2a obj_cooja/mtype567.a(tcpip.o)
 .comment       0x0000000000000000       0x2a obj_cooja/mtype567.a(uip-debug.o)
 .comment       0x0000000000000000       0x2a obj_cooja/mtype567.a(uip-packetqueue)
 .comment       0x0000000000000000       0x2a obj_cooja/mtype567.a(rpl-dag.o)
 .comment       0x0000000000000000       0x2a obj_cooja/mtype567.a(rpl-ext-header.)
 .comment       0x0000000000000000       0x2a obj_cooja/mtype567.a(rpl-icmp6.o)
 .comment       0x0000000000000000       0x2a obj_cooja/mtype567.a(rpl-ltmax.o)
 .comment       0x0000000000000000       0x2a obj_cooja/mtype567.a(rpl-timers.o)
 .comment       0x0000000000000000       0x2a obj_cooja/mtype567.a(rpl.o)
 .comment       0x0000000000000000       0x2a obj_cooja/mtype567.a(csma.o)
 .comment       0x0000000000000000       0x2a obj_cooja/mtype567.a(framer-802154.o)
 .comment       0x0000000000000000       0x2a obj_cooja/mtype567.a(mac.o)
 .comment       0x0000000000000000       0x2a obj_cooja/mtype567.a(cxmac.o)
 .comment       0x0000000000000000       0x2a obj_cooja/mtype567.a(linkaddr.o)
 .comment       0x0000000000000000       0x2a obj_cooja/mtype567.a(nbr-table.o)
 .comment       0x0000000000000000       0x2a obj_cooja/mtype567.a(netstack.o)
 .comment       0x0000000000000000       0x2a obj_cooja/mtype567.a(packetbuf.o)
 .comment       0x0000000000000000       0x2a obj_cooja/mtype567.a(queuebuf.o)
 .comment       0x0000000000000000       0x2a obj_cooja/mtype567.a(nullsec.o)
 .comment       0x0000000000000000       0x2a obj_cooja/mtype567.a(watchdog.o)
 .comment       0x0000000000000000       0x2a obj_cooja/mtype567.a(rimestats.o)
 .comment       0x0000000000000000       0x2a obj_cooja/mtype567.a(stimer.o)
 .comment       0x0000000000000000       0x2a obj_cooja/mtype567.a(memb.o)
 .comment       0x0000000000000000       0x2a obj_cooja/mtype567.a(uip-ds6-route.o)
 .comment       0x0000000000000000       0x2a obj_cooja/mtype567.a(uip-icmp6.o)
 .comment       0x0000000000000000       0x2a obj_cooja/mtype567.a(uip-nd6.o)
 .comment       0x0000000000000000       0x2a obj_cooja/mtype567.a(rpl-nbr-policy.)
 .comment       0x0000000000000000       0x2a obj_cooja/mtype567.a(frame802154.o)
 .comment       0x0000000000000000       0x2a /usr/lib/gcc/i686-linux-gnu/4.8/crtendS.o

.debug
 *(.debug)

.line
 *(.line)

.debug_srcinfo
 *(.debug_srcinfo)

.debug_sfnames
 *(.debug_sfnames)

.debug_aranges  0x0000000000000000      0x818
 *(.debug_aranges)
 .debug_aranges
                0x0000000000000000       0x20 udp-server.co
 .debug_aranges
                0x0000000000000020       0x20 obj_cooja/mtype567.o
 .debug_aranges
                0x0000000000000040       0x20 obj_cooja/mtype567.a(simEnvChange.o)
 .debug_aranges
                0x0000000000000060       0x20 obj_cooja/mtype567.a(cooja_mt.o)
 .debug_aranges
                0x0000000000000080       0x20 obj_cooja/mtype567.a(cooja_mtarch.o)
 .debug_aranges
                0x00000000000000a0       0x20 obj_cooja/mtype567.a(rtimer-arch.o)
 .debug_aranges
                0x00000000000000c0       0x20 obj_cooja/mtype567.a(beep.o)
 .debug_aranges
                0x00000000000000e0       0x20 obj_cooja/mtype567.a(button-sensor.o)
 .debug_aranges
                0x0000000000000100       0x20 obj_cooja/mtype567.a(leds-arch.o)
 .debug_aranges
                0x0000000000000120       0x20 obj_cooja/mtype567.a(moteid.o)
 .debug_aranges
                0x0000000000000140       0x20 obj_cooja/mtype567.a(pir-sensor.o)
 .debug_aranges
                0x0000000000000160       0x20 obj_cooja/mtype567.a(rs232.o)
 .debug_aranges
                0x0000000000000180       0x20 obj_cooja/mtype567.a(vib-sensor.o)
 .debug_aranges
                0x00000000000001a0       0x20 obj_cooja/mtype567.a(clock.o)
 .debug_aranges
                0x00000000000001c0       0x20 obj_cooja/mtype567.a(log.o)
 .debug_aranges
                0x00000000000001e0       0x20 obj_cooja/mtype567.a(cfs-cooja.o)
 .debug_aranges
                0x0000000000000200       0x20 obj_cooja/mtype567.a(cooja-radio.o)
 .debug_aranges
                0x0000000000000220       0x20 obj_cooja/mtype567.a(eeprom.o)
 .debug_aranges
                0x0000000000000240       0x20 obj_cooja/mtype567.a(random.o)
 .debug_aranges
                0x0000000000000260       0x20 obj_cooja/mtype567.a(sensors.o)
 .debug_aranges
                0x0000000000000280       0x20 obj_cooja/mtype567.a(leds.o)
 .debug_aranges
                0x00000000000002a0       0x20 obj_cooja/mtype567.a(dual_conf.o)
 .debug_aranges
                0x00000000000002c0       0x20 obj_cooja/mtype567.a(autostart.o)
 .debug_aranges
                0x00000000000002e0       0x20 obj_cooja/mtype567.a(ctimer.o)
 .debug_aranges
                0x0000000000000300       0x20 obj_cooja/mtype567.a(etimer.o)
 .debug_aranges
                0x0000000000000320       0x20 obj_cooja/mtype567.a(log_message.o)
 .debug_aranges
                0x0000000000000340       0x20 obj_cooja/mtype567.a(process.o)
 .debug_aranges
                0x0000000000000360       0x20 obj_cooja/mtype567.a(residual.o)
 .debug_aranges
                0x0000000000000380       0x20 obj_cooja/mtype567.a(rtimer.o)
 .debug_aranges
                0x00000000000003a0       0x20 obj_cooja/mtype567.a(timer.o)
 .debug_aranges
                0x00000000000003c0       0x20 obj_cooja/mtype567.a(serial-line.o)
 .debug_aranges
                0x00000000000003e0       0x20 obj_cooja/mtype567.a(list.o)
 .debug_aranges
                0x0000000000000400       0x20 obj_cooja/mtype567.a(ringbuf.o)
 .debug_aranges
                0x0000000000000420       0x20 obj_cooja/mtype567.a(sicslowpan.o)
 .debug_aranges
                0x0000000000000440       0x20 obj_cooja/mtype567.a(uip-ds6-nbr.o)
 .debug_aranges
                0x0000000000000460       0x20 obj_cooja/mtype567.a(uip-ds6.o)
 .debug_aranges
                0x0000000000000480       0x20 obj_cooja/mtype567.a(uip6.o)
 .debug_aranges
                0x00000000000004a0       0x20 obj_cooja/mtype567.a(tcpip.o)
 .debug_aranges
                0x00000000000004c0       0x20 obj_cooja/mtype567.a(uip-debug.o)
 .debug_aranges
                0x00000000000004e0       0x20 obj_cooja/mtype567.a(uip-packetqueue)
 .debug_aranges
                0x0000000000000500       0x20 obj_cooja/mtype567.a(rpl-dag.o)
 .debug_aranges
                0x0000000000000520       0x20 obj_cooja/mtype567.a(rpl-ext-header.)
 .debug_aranges
                0x0000000000000540       0x20 obj_cooja/mtype567.a(rpl-icmp6.o)
 .debug_aranges
                0x0000000000000560       0x20 obj_cooja/mtype567.a(rpl-ltmax.o)
 .debug_aranges
                0x0000000000000580       0x20 obj_cooja/mtype567.a(rpl-timers.o)
 .debug_aranges
                0x00000000000005a0       0x20 obj_cooja/mtype567.a(rpl.o)
 .debug_aranges
                0x00000000000005c0       0x20 obj_cooja/mtype567.a(csma.o)
 .debug_aranges
                0x00000000000005e0       0x20 obj_cooja/mtype567.a(framer-802154.o)
 .debug_aranges
                0x0000000000000600       0x20 obj_cooja/mtype567.a(mac.o)
 .debug_aranges
                0x0000000000000620       0x20 obj_cooja/mtype567.a(cxmac.o)
 .debug_aranges
                0x0000000000000640       0x20 obj_cooja/mtype567.a(linkaddr.o)
 .debug_aranges
                0x0000000000000660       0x20 obj_cooja/mtype567.a(nbr-table.o)
 .debug_aranges
                0x0000000000000680       0x20 obj_cooja/mtype567.a(netstack.o)
 .debug_aranges
                0x00000000000006a0       0x20 obj_cooja/mtype567.a(packetbuf.o)
 .debug_aranges
                0x00000000000006c0       0x20 obj_cooja/mtype567.a(queuebuf.o)
 .debug_aranges
                0x00000000000006e0       0x20 obj_cooja/mtype567.a(nullsec.o)
 .debug_aranges
                0x0000000000000700       0x20 obj_cooja/mtype567.a(watchdog.o)
 .debug_aranges
                0x0000000000000720       0x18 obj_cooja/mtype567.a(rimestats.o)
 .debug_aranges
                0x0000000000000738       0x20 obj_cooja/mtype567.a(stimer.o)
 .debug_aranges
                0x0000000000000758       0x20 obj_cooja/mtype567.a(memb.o)
 .debug_aranges
                0x0000000000000778       0x20 obj_cooja/mtype567.a(uip-ds6-route.o)
 .debug_aranges
                0x0000000000000798       0x20 obj_cooja/mtype567.a(uip-icmp6.o)
 .debug_aranges
                0x00000000000007b8       0x20 obj_cooja/mtype567.a(uip-nd6.o)
 .debug_aranges
                0x00000000000007d8       0x20 obj_cooja/mtype567.a(rpl-nbr-policy.)
 .debug_aranges
                0x00000000000007f8       0x20 obj_cooja/mtype567.a(frame802154.o)

.debug_pubnames
 *(.debug_pubnames)

.debug_info     0x0000000000000000    0x1e192
 *(.debug_info .gnu.linkonce.wi.*)
 .debug_info    0x0000000000000000      0xea4 udp-server.co
 .debug_info    0x0000000000000ea4     0x3ac4 obj_cooja/mtype567.o
 .debug_info    0x0000000000004968      0x15a obj_cooja/mtype567.a(simEnvChange.o)
 .debug_info    0x0000000000004ac2      0x1e2 obj_cooja/mtype567.a(cooja_mt.o)
 .debug_info    0x0000000000004ca4      0x2e7 obj_cooja/mtype567.a(cooja_mtarch.o)
 .debug_info    0x0000000000004f8b      0x16b obj_cooja/mtype567.a(rtimer-arch.o)
 .debug_info    0x00000000000050f6      0x1f3 obj_cooja/mtype567.a(beep.o)
 .debug_info    0x00000000000052e9      0x257 obj_cooja/mtype567.a(button-sensor.o)
 .debug_info    0x0000000000005540      0x132 obj_cooja/mtype567.a(leds-arch.o)