Archive member included to satisfy reference by file (symbol)

obj_cooja/mtype662.a(simEnvChange.o)
                              obj_cooja/mtype662.o (simDontFallAsleep)
obj_cooja/mtype662.a(cooja_mt.o)
                              obj_cooja/mtype662.o (cooja_mt_start)
obj_cooja/mtype662.a(cooja_mtarch.o)
                              obj_cooja/mtype662.a(cooja_mt.o) (cooja_mtarch_init)
obj_cooja/mtype662.a(rtimer-arch.o)
                              obj_cooja/mtype662.o (rtimer_arch_next)
obj_cooja/mtype662.a(beep.o)  obj_cooja/mtype662.o (beep_interface)
obj_cooja/mtype662.a(button-sensor.o)
                              obj_cooja/mtype662.o (button_interface)
obj_cooja/mtype662.a(leds-arch.o)
                              obj_cooja/mtype662.o (leds_interface)
obj_cooja/mtype662.a(moteid.o)
                              obj_cooja/mtype662.o (moteid_interface)
obj_cooja/mtype662.a(pir-sensor.o)
                              obj_cooja/mtype662.o (pir_interface)
obj_cooja/mtype662.a(rs232.o)
                              obj_cooja/mtype662.o (rs232_interface)
obj_cooja/mtype662.a(vib-sensor.o)
                              obj_cooja/mtype662.o (vib_interface)
obj_cooja/mtype662.a(clock.o)
                              obj_cooja/mtype662.o (clock_interface)
obj_cooja/mtype662.a(log.o)   obj_cooja/mtype662.o (simlog_interface)
obj_cooja/mtype662.a(cfs-cooja.o)
                              obj_cooja/mtype662.o (cfs_interface)
obj_cooja/mtype662.a(cooja-radio.o)
                              obj_cooja/mtype662.o (radio_interface)
obj_cooja/mtype662.a(eeprom.o)
                              obj_cooja/mtype662.o (eeprom_interface)
obj_cooja/mtype662.a(random.o)
                              obj_cooja/mtype662.a(moteid.o) (random_init)
obj_cooja/mtype662.a(sensors.o)
                              obj_cooja/mtype662.o (sensors_process)
obj_cooja/mtype662.a(dual_conf.o)
                              obj_cooja/mtype662.a(cooja-radio.o) (long_range_radio)
obj_cooja/mtype662.a(autostart.o)
                              obj_cooja/mtype662.o (autostart_start)
obj_cooja/mtype662.a(ctimer.o)
                              obj_cooja/mtype662.o (ctimer_init)
obj_cooja/mtype662.a(etimer.o)
                              obj_cooja/mtype662.o (etimer_process)
obj_cooja/mtype662.a(log_message.o)
                              udp-client.co (log_fp)
obj_cooja/mtype662.a(process.o)
                              udp-client.co (process_current)
obj_cooja/mtype662.a(residual.o)
                              udp-client.co (get_residual_energy)
obj_cooja/mtype662.a(rtimer.o)
                              obj_cooja/mtype662.a(rtimer-arch.o) (rtimer_run_next)
obj_cooja/mtype662.a(stimer.o)
                              udp-client.co (stimer_remaining)
obj_cooja/mtype662.a(timer.o)
                              obj_cooja/mtype662.a(button-sensor.o) (timer_set)
obj_cooja/mtype662.a(serial-line.o)
                              udp-client.co (serial_line_event_message)
obj_cooja/mtype662.a(list.o)  obj_cooja/mtype662.a(ctimer.o) (list_init)
obj_cooja/mtype662.a(ringbuf.o)
                              obj_cooja/mtype662.a(serial-line.o) (ringbuf_init)
obj_cooja/mtype662.a(sicslowpan.o)
                              obj_cooja/mtype662.o (sicslowpan_driver)
obj_cooja/mtype662.a(uip-ds6-nbr.o)
                              obj_cooja/mtype662.a(sicslowpan.o) (uip_ds6_link_neighbor_callback)
obj_cooja/mtype662.a(uip-ds6-route.o)
                              udp-client.co (uip_ds6_route_nexthop)
obj_cooja/mtype662.a(uip-ds6.o)
                              udp-client.co (uip_ds6_if)
obj_cooja/mtype662.a(uip6.o)  udp-client.co (uip_lladdr)
obj_cooja/mtype662.a(tcpip.o)
                              udp-client.co (tcpip_event)
obj_cooja/mtype662.a(uip-debug.o)
                              udp-client.co (uip_debug_ipaddr_print)
obj_cooja/mtype662.a(uip-packetqueue)
                              obj_cooja/mtype662.a(uip-ds6-nbr.o) (uip_packetqueue_new)
obj_cooja/mtype662.a(uip-udp-packet.)
                              udp-client.co (uip_udp_packet_sendto)
obj_cooja/mtype662.a(rpl-dag.o)
                              obj_cooja/mtype662.a(tcpip.o) (rpl_repair_root)
obj_cooja/mtype662.a(rpl-ext-header.)
                              obj_cooja/mtype662.a(uip6.o) (rpl_verify_header)
obj_cooja/mtype662.a(rpl-icmp6.o)
                              obj_cooja/mtype662.a(rpl-dag.o) (rpl_icmp6_update_nbr_table)
obj_cooja/mtype662.a(rpl-ltmax-of.o)
                              obj_cooja/mtype662.a(rpl-dag.o) (rpl_ltmax_of)
obj_cooja/mtype662.a(rpl-timers.o)
                              obj_cooja/mtype662.a(rpl-dag.o) (rpl_reset_dio_timer)
obj_cooja/mtype662.a(rpl.o)   obj_cooja/mtype662.a(rpl-icmp6.o) (rpl_get_mode)
obj_cooja/mtype662.a(framer-802154.o)
                              obj_cooja/mtype662.a(sicslowpan.o) (framer_802154)
obj_cooja/mtype662.a(nullmac.o)
                              obj_cooja/mtype662.o (nullmac_driver)
[...]
Memory Configuration

Name             Origin             Length             Attributes
*default*        0x0000000000000000 0xffffffffffffffff

Linker script and memory map

LOAD /usr/lib/gcc/i686-linux-gnu/4.8/../../../i386-linux-gnu/crti.o
LOAD /usr/lib/gcc/i686-linux-gnu/4.8/crtbeginS.o
LOAD udp-client.co
LOAD obj_cooja/mtype662.o
LOAD obj_cooja/mtype662.a
LOAD /usr/lib/gcc/i686-linux-gnu/4.8/libgcc.a
LOAD /usr/lib/gcc/i686-linux-gnu/4.8/libgcc_s.so
LOAD /usr/lib/gcc/i686-linux-gnu/4.8/../../../i386-linux-gnu/libc.so
START GROUP
LOAD /lib/i386-linux-gnu/libc.so.6
LOAD /usr/lib/i386-linux-gnu/libc_nonshared.a
LOAD /lib/i386-linux-gnu/ld-linux.so.2
END GROUP
LOAD /usr/lib/gcc/i686-linux-gnu/4.8/libgcc.a
LOAD /usr/lib/gcc/i686-linux-gnu/4.8/libgcc_s.so
LOAD /usr/lib/gcc/i686-linux-gnu/4.8/crtendS.o
LOAD /usr/lib/gcc/i686-linux-gnu/4.8/../../../i386-linux-gnu/crtn.o
                0x0000000000000114                . = (0x0 + SIZEOF_HEADERS)

.note.gnu.build-id
                0x0000000000000114       0x24
 *(.note.gnu.build-id)
 .note.gnu.build-id
                0x0000000000000114       0x24 /usr/lib/gcc/i686-linux-gnu/4.8/../../../i386-linux-gnu/crti.o

.hash
 *(.hash)

.gnu.hash       0x0000000000000138     0x1324
 *(.gnu.hash)
 .gnu.hash      0x0000000000000138     0x1324 /usr/lib/gcc/i686-linux-gnu/4.8/../../../i386-linux-gnu/crti.o

.dynsym         0x000000000000145c     0x2540
 *(.dynsym)
 .dynsym        0x000000000000145c     0x2540 /usr/lib/gcc/i686-linux-gnu/4.8/../../../i386-linux-gnu/crti.o

.dynstr         0x000000000000399c     0x2659
 *(.dynstr)
 .dynstr        0x000000000000399c     0x2659 /usr/lib/gcc/i686-linux-gnu/4.8/../../../i386-linux-gnu/crti.o

.gnu.version    0x0000000000005ff6      0x4a8
 *(.gnu.version)
 .gnu.version   0x0000000000005ff6      0x4a8 /usr/lib/gcc/i686-linux-gnu/4.8/../../../i386-linux-gnu/crti.o

.gnu.version_d  0x00000000000064a0        0x0
 *(.gnu.version_d)
 .gnu.version_d
                0x0000000000000000        0x0 /usr/lib/gcc/i686-linux-gnu/4.8/../../../i386-linux-gnu/crti.o

.gnu.version_r  0x00000000000064a0       0x50
 *(.gnu.version_r)
 .gnu.version_r
                0x00000000000064a0       0x50 /usr/lib/gcc/i686-linux-gnu/4.8/../../../i386-linux-gnu/crti.o

.rel.dyn        0x00000000000064f0     0x8f20
 *(.rel.init)
 .rel.init      0x0000000000000000        0x0 /usr/lib/gcc/i686-linux-gnu/4.8/../../../i386-linux-gnu/crti.o
 *(.rel.text .rel.text.* .rel.gnu.linkonce.t.*)
 .rel.text      0x00000000000064f0     0x8790 /usr/lib/gcc/i686-linux-gnu/4.8/../../../i386-linux-gnu/crti.o
 *(.rel.fini)
 .rel.fini      0x0000000000000000        0x0 /usr/lib/gcc/i686-linux-gnu/4.8/../../../i386-linux-gnu/crti.o
 *(.rel.rodata .rel.rodata.* .rel.gnu.linkonce.r.*)
 .rel.rodata    0x000000000000ec80      0x4e0 /usr/lib/gcc/i686-linux-gnu/4.8/../../../i386-linux-gnu/crti.o
 *(.rel.data.rel.ro .rel.data.rel.ro.* .rel.gnu.linkonce.d.rel.ro.*)
 *(.rel.data .rel.data.* .rel.gnu.linkonce.d.*)
 .rel.data.rel  0x000000000000f160        0x8 /usr/lib/gcc/i686-linux-gnu/4.8/../../../i386-linux-gnu/crti.o
 .rel.data      0x000000000000f168      0x270 /usr/lib/gcc/i686-linux-gnu/4.8/../../../i386-linux-gnu/crti.o
 *(.rel.tdata .rel.tdata.* .rel.gnu.linkonce.td.*)
 *(.rel.tbss .rel.tbss.* .rel.gnu.linkonce.tb.*)
 *(.rel.ctors)
 *(.rel.dtors)
 *(.rel.got)
 .rel.got       0x000000000000f3d8       0x28 /usr/lib/gcc/i686-linux-gnu/4.8/../../../i386-linux-gnu/crti.o
 *(.rel.bss .rel.bss.* .rel.gnu.linkonce.b.*)
 *(.rel.ifunc)
 .rel.ifunc     0x0000000000000000        0x0 /usr/lib/gcc/i686-linux-gnu/4.8/../../../i386-linux-gnu/crti.o
 .rel.fini_array
                0x000000000000f400        0x8 /usr/lib/gcc/i686-linux-gnu/4.8/../../../i386-linux-gnu/crti.o
 .rel.init_array
                0x000000000000f408        0x8 /usr/lib/gcc/i686-linux-gnu/4.8/../../../i386-linux-gnu/crti.o

.rel.plt        0x000000000000f410       0x10
 *(.rel.plt)
 .rel.plt       0x000000000000f410       0x10 /usr/lib/gcc/i686-linux-gnu/4.8/../../../i386-linux-gnu/crti.o
 *(.rel.iplt)

.init           0x000000000000f420       0x23
 *(SORT(.init))
 .init          0x000000000000f420       0x1e /usr/lib/gcc/i686-linux-gnu/4.8/../../../i386-linux-gnu/crti.o
                0x000000000000f420                _init
 .init          0x000000000000f43e        0x5 /usr/lib/gcc/i686-linux-gnu/4.8/../../../i386-linux-gnu/crtn.o

.plt            0x000000000000f450       0x30
 *(.plt)
 .plt           0x000000000000f450       0x30 /usr/lib/gcc/i686-linux-gnu/4.8/../../../i386-linux-gnu/crti.o
 *(.iplt)

.text           0x000000000000f480    0x160f7
 *(.text.unlikely .text.*_unlikely .text.unlikely.*)
 *(.text.exit .text.exit.*)
 *(.text.startup .text.startup.*)
 *(.text.hot .text.hot.*)
 *(.text .stub .text.* .gnu.linkonce.t.*)
 .text          0x000000000000f480        0x0 /usr/lib/gcc/i686-linux-gnu/4.8/../../../i386-linux-gnu/crti.o
 .gnu.linkonce.t.__x86.get_pc_thunk.bx
                0x000000000000f480        0x4 /usr/lib/gcc/i686-linux-gnu/4.8/../../../i386-linux-gnu/crti.o
                0x000000000000f480                __x86.get_pc_thunk.bx
 *fill*         0x000000000000f484        0xc 
 .text          0x000000000000f490      0x11b /usr/lib/gcc/i686-linux-gnu/4.8/crtbeginS.o
 .text          0x000000000000f5ab      0x652 udp-client.co
 .text          0x000000000000fbfd      0x9c8 obj_cooja/mtype662.o
                0x000000000000fdab                contiki_init
                0x00000000000103dc                Java_org_contikios_cooja_corecomm_Lib16_init
                0x000000000001041c                Java_org_contikios_cooja_corecomm_Lib16_getMemory
                0x000000000001045c                Java_org_contikios_cooja_corecomm_Lib16_setMemory
                0x00000000000104d3                Java_org_contikios_cooja_corecomm_Lib16_tick
                0x00000000000105b3                Java_org_contikios_cooja_corecomm_Lib16_setReferenceAddress
 .text          0x00000000000105c5       0x63 obj_cooja/mtype662.a(simEnvChange.o)
                0x00000000000105c5                doActionsBeforeTick
                0x00000000000105f6                doActionsAfterTick
 .text          0x0000000000010628       0xbc obj_cooja/mtype662.a(cooja_mt.o)
                0x0000000000010628                cooja_mt_init
                0x0000000000010635                cooja_mt_remove
                0x0000000000010642                cooja_mt_start
                0x000000000001066f                cooja_mt_exec
                0x00000000000106a0                cooja_mt_exit
                0x00000000000106c2                cooja_mt_yield
 .text          0x00000000000106e4      0x115 obj_cooja/mtype662.a(cooja_mtarch.o)
                0x00000000000106e4                cooja_mtarch_init
                0x00000000000106e9                cooja_mtarch_start
                0x0000000000010764                cooja_sw
                0x0000000000010786                cooja_mtarch_exec
                0x00000000000107a2                cooja_mtarch_remove
                0x00000000000107a7                cooja_mtarch_yield
                0x00000000000107b1                cooja_mtarch_pstop
                0x00000000000107b6                cooja_mtarch_pstart
                0x00000000000107bb                cooja_mtarch_stack_usage
 .text          0x00000000000107f9       0xc2 obj_cooja/mtype662.a(rtimer-arch.o)
                0x00000000000107f9                rtimer_arch_init
                0x000000000001081c                rtimer_arch_schedule
                0x0000000000010833                rtimer_arch_next
                0x000000000001083d                rtimer_arch_pending
                0x0000000000010847                rtimer_arch_check
                0x0000000000010879                rtimer_arch_now
 .text          0x00000000000108bb       0x76 obj_cooja/mtype662.a(beep.o)
                0x00000000000108bb                beep_alarm
                0x00000000000108c7                beep_beep
                0x00000000000108d3                beep
                0x00000000000108df                beep_down
                0x00000000000108eb                beep_on
                0x00000000000108f7                beep_off
                0x0000000000010903                beep_spinup
                0x000000000001090f                beep_quick
                0x000000000001091b                beep_long
 .text          0x0000000000010931      0x103 obj_cooja/mtype662.a(button-sensor.o)
 .text          0x0000000000010a34       0x45 obj_cooja/mtype662.a(leds-arch.o)
                0x0000000000010a34                leds_arch_init
                0x0000000000010a40                leds_arch_get
                0x0000000000010a4c                leds_arch_set
 .text          0x0000000000010a79       0x2f obj_cooja/mtype662.a(moteid.o)
 .text          0x0000000000010aa8       0xb1 obj_cooja/mtype662.a(pir-sensor.o)
 .text          0x0000000000010b59      0x131 obj_cooja/mtype662.a(rs232.o)
                0x0000000000010b59                rs232_init
                0x0000000000010b5e                rs232_set_speed
                0x0000000000010b6c                rs232_set_input
                0x0000000000010b79                rs232_send
                0x0000000000010b9b                rs232_print
                0x0000000000010bb6                slip_arch_writeb
 .text          0x0000000000010c8a       0xb1 obj_cooja/mtype662.a(vib-sensor.o)
 .text          0x0000000000010d3b       0x34 obj_cooja/mtype662.a(clock.o)
                0x0000000000010d3b                clock_init
                0x0000000000010d40                clock_time
                0x0000000000010d4a                clock_seconds
                0x0000000000010d60                clock_delay
 .text          0x0000000000010d6f      0x1ed obj_cooja/mtype662.a(log.o)
                0x0000000000010d6f                simlog_char
                0x0000000000010db1                simlog
                0x0000000000010e1e                log_message
                0x0000000000010e46                log_set_putchar_with_slip
                0x0000000000010e53                log_putchar
                0x0000000000010ed7                log_puts
                0x0000000000010efb                log_printf
 .text          0x0000000000010f5c      0x2c4 obj_cooja/mtype662.a(cfs-cooja.o)
                0x0000000000010f5c                cfs_open
                0x0000000000010fc5                cfs_close
                0x0000000000010fd1                cfs_read
                0x000000000001106f                cfs_write
                0x000000000001114c                cfs_seek
                0x00000000000111d4                cfs_remove
                0x00000000000111fd                cfs_opendir
                0x0000000000011207                cfs_readdir
                0x0000000000011211                cfs_closedir
 .text          0x0000000000011220      0x58f obj_cooja/mtype662.a(cooja-radio.o)
                0x000000000001124a                radio_set_channel
                0x000000000001125f                radio_set_txpower
                0x000000000001127f                radio_signal_strength_last
                0x0000000000011289                radio_signal_strength_current
                0x0000000000011293                radio_LQI
 .text          0x00000000000117af       0xef obj_cooja/mtype662.a(eeprom.o)
                0x00000000000117af                eeprom_init
                0x00000000000117b4                eeprom_read
                0x0000000000011824                eeprom_write
 .text          0x000000000001189e       0x28 obj_cooja/mtype662.a(random.o)
                0x000000000001189e                random_init
                0x00000000000118b9                random_rand
 .text          0x00000000000118c6      0x2a1 obj_cooja/mtype662.a(sensors.o)
                0x0000000000011901                sensors_first
                0x000000000001190b                sensors_next
                0x0000000000011928                sensors_changed
                0x0000000000011957                sensors_find
 .text          0x0000000000011b67      0x37d obj_cooja/mtype662.a(dual_conf.o)
                0x0000000000011b67                dual_radio_switch
                0x0000000000011ba7                dual_radio_change
                0x0000000000011be1                sending_in_LR
                0x0000000000011c0c                dual_radio_received
                0x0000000000011c44                radio_received_is_longrange
                0x0000000000011e71                dio_broadcast
                0x0000000000011e9a                dis_broadcast
                0x0000000000011ebb                dio_ack_broadcast
 .text          0x0000000000011ee4       0x8e obj_cooja/mtype662.a(autostart.o)
                0x0000000000011ee4                autostart_start
                0x0000000000011f2f                autostart_exit
 .text          0x0000000000011f72      0x334 obj_cooja/mtype662.a(ctimer.o)
                0x0000000000012089                ctimer_init
                0x00000000000120b9                ctimer_set
                0x00000000000120ea                ctimer_set_with_process
                0x0000000000012166                ctimer_reset
                0x00000000000121b5                ctimer_restart
                0x0000000000012204                ctimer_stop
                0x000000000001224f                ctimer_expired
 .text          0x00000000000122a6      0x40b obj_cooja/mtype662.a(etimer.o)
                0x00000000000124b9                etimer_request_poll
                0x000000000001253d                etimer_set
                0x0000000000012562                etimer_reset_with_new_interval
                0x0000000000012589                etimer_reset
                0x00000000000125a7                etimer_restart
                0x00000000000125c5                etimer_adjust
                0x00000000000125e1                etimer_expired
                0x00000000000125f4                etimer_expiration_time
                0x0000000000012606                etimer_start_time
                0x0000000000012610                etimer_pending
                0x0000000000012622                etimer_next_expiration_time
                0x000000000001263c                etimer_stop
 .text          0x00000000000126b1       0x8d obj_cooja/mtype662.a(log_message.o)
                0x00000000000126b1                log_initialization
                0x000000000001271d                log_finisher
 .text          0x000000000001273e      0x560 obj_cooja/mtype662.a(process.o)
                0x000000000001273e                process_alloc_event
                0x0000000000012753                process_start
                0x000000000001293c                process_exit
                0x0000000000012958                process_init
                0x0000000000012b29                process_run
                0x0000000000012b5c                process_nevents
                0x0000000000012b77                process_post
                0x0000000000012c23                process_post_synch
                0x0000000000012c5b                process_poll
                0x0000000000012c8a                process_is_running
 .text          0x0000000000012c9e       0xd3 obj_cooja/mtype662.a(residual.o)
                0x0000000000012c9e                get_residual_energy
 .text          0x0000000000012d71       0xba obj_cooja/mtype662.a(rtimer.o)
                0x0000000000012d71                rtimer_init
                0x0000000000012d7e                rtimer_set
                0x0000000000012dd5                rtimer_run_next
 .text          0x0000000000012e2b       0xa3 obj_cooja/mtype662.a(stimer.o)
                0x0000000000012e2b                stimer_set
                0x0000000000012e46                stimer_reset
                0x0000000000012e5d                stimer_restart
                0x0000000000012e6f                stimer_expired
                0x0000000000012e96                stimer_remaining
                0x0000000000012eba                stimer_elapsed
 .text          0x0000000000012ece       0x91 obj_cooja/mtype662.a(timer.o)
                0x0000000000012ece                timer_set
                0x0000000000012ee9                timer_reset
                0x0000000000012f00                timer_restart
                0x0000000000012f12                timer_expired
                0x0000000000012f3b                timer_remaining
 .text          0x0000000000012f5f      0x1fb obj_cooja/mtype662.a(serial-line.o)
                0x0000000000012f5f                serial_line_input_byte
                0x0000000000013122                serial_line_init
 .text          0x000000000001315a      0x244 obj_cooja/mtype662.a(list.o)
                0x000000000001315a                list_init
                0x0000000000013168                list_head
                0x0000000000013172                list_copy
                0x0000000000013181                list_tail
                0x00000000000131b7                list_add
                0x0000000000013200                list_push
                0x000000000001322c                list_chop
                0x0000000000013296                list_pop
                0x00000000000132be                list_remove
                0x0000000000013325                list_length
                0x0000000000013353                list_insert
                0x0000000000013387                list_item_next
 .text          0x000000000001339e      0x155 obj_cooja/mtype662.a(ringbuf.o)
                0x000000000001339e                ringbuf_init
                0x00000000000133cf                ringbuf_put
                0x000000000001344d                ringbuf_get
                0x00000000000134ba                ringbuf_size
                0x00000000000134cc                ringbuf_elements
 .text          0x00000000000134f3     0x258b obj_cooja/mtype662.a(sicslowpan.o)
                0x0000000000013a7d                rime_sniffer_add
                0x0000000000013a8a                rime_sniffer_remove
                0x0000000000015a1d                sicslowpan_init
                0x0000000000015a74                sicslowpan_get_last_rssi
 .text          0x0000000000015a7e      0x2dc obj_cooja/mtype662.a(uip-ds6-nbr.o)
                0x0000000000015a9b                uip_ds6_neighbors_init
                0x0000000000015ab8                uip_ds6_nbr_add
                0x0000000000015b69                uip_ds6_nbr_rm
                0x0000000000015bc6                uip_ds6_nbr_get_ipaddr
                0x0000000000015bdb                uip_ds6_nbr_get_ll
                0x0000000000015bf7                uip_ds6_nbr_num
                0x0000000000015c3c                uip_ds6_nbr_lookup
                0x0000000000015ca1                uip_ds6_nbr_ll_lookup
                0x0000000000015cbd                uip_ds6_nbr_ipaddr_from_lladdr
                0x0000000000015ce3                uip_ds6_nbr_lladdr_from_ipaddr
                0x0000000000015d11                uip_ds6_link_neighbor_callback
 .text          0x0000000000015d5a      0x916 obj_cooja/mtype662.a(uip-ds6-route.o)
                0x0000000000015dd1                uip_ds6_notification_add
                0x0000000000015e02                uip_ds6_notification_rm
                0x0000000000015e1e                uip_ds6_route_init
                0x0000000000015ea6                uip_ds6_route_nexthop
                0x0000000000015ece                uip_ds6_route_head
                0x0000000000015ee3                uip_ds6_route_next
                0x0000000000015f09                uip_ds6_route_is_nexthop
                0x0000000000015f48                uip_ds6_route_num_routes
                0x0000000000015f52                uip_ds6_route_lookup
                0x0000000000016014                uip_ds6_route_add
                0x0000000000016248                uip_ds6_route_rm
                0x00000000000163dc                uip_ds6_route_rm_by_nexthop
                0x0000000000016414                uip_ds6_defrt_add
                0x00000000000164c5                uip_ds6_defrt_rm
                0x0000000000016544                uip_ds6_defrt_lookup
                0x000000000001659d                uip_ds6_defrt_choose
                0x0000000000016608                uip_ds6_defrt_periodic
 .text          0x0000000000016670     0x12ad obj_cooja/mtype662.a(uip-ds6.o)
                0x0000000000016670                uip_ds6_init
                0x00000000000169c5                uip_ds6_periodic
                0x0000000000016a9d                uip_ds6_list_loop
                0x0000000000016b44                uip_ds6_prefix_add
                0x0000000000016c02                uip_ds6_prefix_rm
                0x0000000000016c14                uip_ds6_prefix_lookup
                0x0000000000016c65                uip_ds6_is_addr_onlink
                0x0000000000016cd9                uip_ds6_addr_add
                0x0000000000016e07                uip_ds6_long_addr_add
                0x0000000000016f35                uip_ds6_addr_rm
                0x0000000000016fd5                uip_ds6_addr_lookup
                0x0000000000017020                uip_ds6_long_addr_lookup
                0x000000000001706b                uip_ds6_get_link_local
                0x00000000000170ea                uip_ds6_long_get_link_local
                0x0000000000017169                uip_ds6_get_global
                0x00000000000171e8                uip_ds6_long_get_global
                0x0000000000017267                uip_ds6_maddr_add
                0x00000000000172d9                uip_ds6_long_maddr_add
                0x000000000001734b                uip_ds6_maddr_rm
                0x000000000001735d                uip_ds6_maddr_lookup
                0x00000000000173a8                uip_ds6_long_maddr_lookup
                0x00000000000173f3                uip_ds6_aaddr_add
                0x0000000000017465                uip_ds6_long_aaddr_add
                0x00000000000174d7                uip_ds6_aaddr_rm
                0x00000000000174e9                uip_ds6_aaddr_lookup
                0x0000000000017534                uip_ds6_long_aaddr_lookup
                0x000000000001757f                uip_ds6_select_src
                0x0000000000017808                uip_ds6_set_addr_iid
                0x000000000001783f                get_match_length
                0x00000000000178d1                uip_ds6_compute_reachable_time
 .text          0x000000000001791d     0x29f3 obj_cooja/mtype662.a(uip6.o)
                0x000000000001791d                uip_add32
                0x0000000000017ab6                uip_chksum
                0x0000000000017ba4                uip_icmp6chksum
                0x0000000000017bb8                uip_tcpchksum
                0x0000000000017bcc                uip_udpchksum
                0x0000000000017be0                uip_init
                0x0000000000017cb0                uip_connect
                0x0000000000017e5f                remove_ext_hdr
                0x0000000000017f34                uip_udp_new
                0x0000000000018090                uip_unlisten
                0x00000000000180f0                uip_listen
                0x00000000000183b2                uip_process
                0x000000000001a204                uip_htons
                0x000000000001a226                uip_htonl
                0x000000000001a266                uip_send
 .text          0x000000000001a310      0xa6e obj_cooja/mtype662.a(tcpip.o)
                0x000000000001a310                tcpip_output
                0x000000000001a33e                tcpip_set_outputfunc
                0x000000000001a3d2                tcp_connect
                0x000000000001a427                tcp_unlisten
                0x000000000001a482                tcp_listen
                0x000000000001a4db                tcp_attach
                0x000000000001a500                udp_attach
                0x000000000001a525                udp_new
                0x000000000001a577                udp_broadcast_new
                0x000000000001a7eb                tcpip_input
                0x000000000001a81f                tcpip_ipv6_output
                0x000000000001abc4                tcpip_poll_udp
                0x000000000001abe7                tcpip_poll_tcp
                0x000000000001ac0a                tcpip_uipcall
 .text          0x000000000001ad7e      0x1c1 obj_cooja/mtype662.a(uip-debug.o)
                0x000000000001ad7e                uip_debug_ipaddr_print
                0x000000000001aee0                uip_debug_lladdr_print
 .text          0x000000000001af3f      0x141 obj_cooja/mtype662.a(uip-packetqueue)
                0x000000000001af6b                uip_packetqueue_new
                0x000000000001af79                uip_packetqueue_alloc
                0x000000000001afd9                uip_packetqueue_free
                0x000000000001b01a                uip_packetqueue_buf
                0x000000000001b037                uip_packetqueue_buflen
                0x000000000001b058                uip_packetqueue_set_buflen
 .text          0x000000000001b080      0x131 obj_cooja/mtype662.a(uip-udp-packet.)
                0x000000000001b080                uip_udp_packet_send
                0x000000000001b0e0                uip_udp_packet_sendto
 .text          0x000000000001b1b1     0x2513 obj_cooja/mtype662.a(rpl-dag.o)
                0x000000000001b1b1                rpl_print_neighbor_list
                0x000000000001b25a                rpl_print_child_neighbor_list
                0x000000000001b2cf                rpl_get_nbr
                0x000000000001b329                rpl_get_nbr_child
                0x000000000001b383                rpl_dag_init
                0x000000000001b3b5                rpl_get_parent
                0x000000000001b3d7                rpl_get_parent_rank
                0x000000000001b40a                rpl_get_parent_link_metric
                0x000000000001b43d                rpl_get_parent_ipaddr
                0x000000000001b467                rpl_get_child_ipaddr
                0x000000000001b77b                rpl_set_root
                0x000000000001b9a2                rpl_repair_root
                0x000000000001bbde                rpl_set_prefix
                0x000000000001bcdd                rpl_set_default_route
                0x000000000001bd69                rpl_alloc_instance
                0x000000000001bdfc                rpl_alloc_dag
                0x000000000001bead                rpl_set_default_instance
                0x000000000001beba                rpl_get_default_instance
                0x000000000001bec4                rpl_free_instance
                0x000000000001bf73                rpl_free_dag
                0x000000000001bfd9                rpl_add_parent
                0x000000000001c0dc                rpl_find_parent
                0x000000000001c10c                rpl_add_child
                0x000000000001c1bf                rpl_find_child
                0x000000000001c20d                rpl_find_parent_any_dag
                0x000000000001c249                rpl_select_dag
                0x000000000001c626                rpl_select_parent
                0x000000000001c688                rpl_remove_parent
                0x000000000001c6af                rpl_remove_child
                0x000000000001c6da                rpl_nullify_parent
                0x000000000001c778                rpl_move_parent
                0x000000000001c815                rpl_has_downward_route
                0x000000000001c868                rpl_get_any_dag
                0x000000000001c8ca                rpl_get_instance
                0x000000000001c92d                rpl_find_of
                0x000000000001c96a                rpl_join_instance
                0x000000000001cbe5                rpl_add_dag
                0x000000000001cfd4                rpl_local_repair
                0x000000000001d098                rpl_recalculate_ranks
                0x000000000001d11e                rpl_process_parent_event
                0x000000000001d1d0                rpl_process_dio
 .text          0x000000000001d6c4      0xbf3 obj_cooja/mtype662.a(rpl-ext-header.)
                0x000000000001d6e1                rpl_verify_header
                0x000000000001db5b                rpl_update_header_empty
                0x000000000001de72                rpl_update_header_final
                0x000000000001e001                rpl_remove_header
                0x000000000001e10b                rpl_invert_header
                0x000000000001e295                rpl_insert_header
 .text          0x000000000001e2b7     0x27a1 obj_cooja/mtype662.a(rpl-icmp6.o)
                0x000000000001e580                rpl_icmp6_update_nbr_table
                0x000000000001e670                dis_output
                0x000000000001f008                dio_output
                0x000000000001fa23                dio_ack_output
                0x0000000000020562                dao_output
                0x000000000002067f                dao_output_target
                0x0000000000020a00                dao_ack_output
                0x0000000000020a14                rpl_icmp6_register_handlers
 .text          0x0000000000020a58      0x419 obj_cooja/mtype662.a(rpl-ltmax-of.o)
 .text          0x0000000000020e71      0x904 obj_cooja/mtype662.a(rpl-timers.o)
                0x00000000000210b7                rpl_reset_periodic_timer
                0x000000000002110c                rpl_reset_dio_timer
                0x0000000000021346                rpl_schedule_dao
                0x0000000000021361                rpl_schedule_dao_immediately
                0x000000000002137c                rpl_cancel_dao
                0x00000000000214a7                rpl_schedule_dio_ack
                0x00000000000214c2                rpl_schedule_dio_ack_immediately
                0x00000000000214dd                rpl_cancel_dio_ack
                0x000000000002152f                rpl_schedule_unicast_dio_immediately
                0x000000000002171d                rpl_schedule_probing
 .text          0x0000000000021775      0x59b obj_cooja/mtype662.a(rpl.o)
                0x0000000000021775                rpl_get_mode
                0x000000000002177f                rpl_set_mode
                0x000000000002180d                rpl_purge_routes
                0x0000000000021907                rpl_remove_routes
                0x000000000002194d                rpl_remove_routes_by_nexthop
                0x00000000000219b9                rpl_add_route
                0x0000000000021a34                rpl_link_neighbor_callback
                0x0000000000021b39                rpl_ipv6_neighbor_callback
                0x0000000000021ba8                rpl_purge_dags
                0x0000000000021c8a                rpl_init
 .text          0x0000000000021d10      0x3f5 obj_cooja/mtype662.a(framer-802154.o)
 .text          0x0000000000022105       0x5e obj_cooja/mtype662.a(nullmac.o)
 .text          0x0000000000022163      0x4b0 obj_cooja/mtype662.a(nullrdc.o)
 .text          0x0000000000022613       0x82 obj_cooja/mtype662.a(linkaddr.o)
                0x0000000000022613                linkaddr_copy
                0x0000000000022635                linkaddr_cmp
                0x000000000002265f                linkaddr_set_node_addr
                0x000000000002267a                linkaddr_set_node_long_addr
 .text          0x0000000000022695      0x88c obj_cooja/mtype662.a(nbr-table.o)
                0x0000000000022695                lladdr_map_add_lr
                0x0000000000022752                lladdr_map_rm_lr
                0x0000000000022c17                nbr_table_register
                0x0000000000022c5f                nbr_table_head
                0x0000000000022cbb                nbr_table_next
                0x0000000000022d22                nbr_table_add_lladdr
                0x0000000000022dfe                nbr_table_get_from_lladdr
                0x0000000000022e4b                nbr_table_remove
                0x0000000000022e9d                nbr_table_lock
                0x0000000000022ec7                nbr_table_unlock
                0x0000000000022ef1                nbr_table_get_lladdr
 .text          0x0000000000022f21       0x2b obj_cooja/mtype662.a(netstack.o)
                0x0000000000022f21                netstack_init
 .text          0x0000000000022f4c      0x3cd obj_cooja/mtype662.a(packetbuf.o)
                0x0000000000022f4c                packetbuf_clear
                0x0000000000022f76                packetbuf_copyfrom
                0x0000000000022fc8                packetbuf_compact
                0x0000000000023045                packetbuf_copyto
                0x00000000000230dc                packetbuf_hdralloc
                0x0000000000023159                packetbuf_hdrreduce
                0x00000000000231a1                packetbuf_set_datalen
                0x00000000000231ba                packetbuf_dataptr
                0x00000000000231d7                packetbuf_hdrptr
                0x00000000000231e1                packetbuf_datalen
                0x00000000000231ed                packetbuf_hdrlen
                0x0000000000023204                packetbuf_totlen
                0x000000000002321a                packetbuf_attr_clear
                0x000000000002326c                packetbuf_attr_copyto
                0x00000000000232b5                packetbuf_attr_copyfrom
                0x00000000000232fd                packetbuf_holds_broadcast
 .text          0x0000000000023319      0x2b4 obj_cooja/mtype662.a(queuebuf.o)
                0x0000000000023323                queuebuf_init
                0x0000000000023343                queuebuf_numfree
                0x0000000000023357                queuebuf_new_from_packetbuf
                0x00000000000233e7                queuebuf_update_attr_from_packetbuf
                0x000000000002341a                queuebuf_update_from_packetbuf
                0x0000000000023464                queuebuf_free
                0x00000000000234ab                queuebuf_to_packetbuf
                0x0000000000023511                queuebuf_dataptr
                0x0000000000023548                queuebuf_datalen
                0x000000000002356b                queuebuf_addr
                0x000000000002359d                queuebuf_attr
                0x00000000000235c8                queuebuf_debug_print
 .text          0x00000000000235cd       0x6e obj_cooja/mtype662.a(nullsec.o)
 .text          0x000000000002363b       0x19 obj_cooja/mtype662.a(watchdog.o)
                0x000000000002363b                watchdog_init
                0x0000000000023640                watchdog_start
                0x0000000000023645                watchdog_periodic
                0x000000000002364a                watchdog_stop
                0x000000000002364f                watchdog_reboot
 .text          0x0000000000023654        0x0 obj_cooja/mtype662.a(rimestats.o)
 .text          0x0000000000023654      0x1c1 obj_cooja/mtype662.a(memb.o)
                0x0000000000023654                memb_init
                0x00000000000236b2                memb_alloc
                0x0000000000023717                memb_free
                0x0000000000023792                memb_inmemb
                0x00000000000237d1                memb_numfree
 .text          0x0000000000023815      0xab2 obj_cooja/mtype662.a(uip-icmp6.o)
                0x0000000000023883                uip_icmp6_input
                0x00000000000238d9                uip_icmp6_register_input_handler
                0x0000000000023ba1                uip_icmp6_error_output
                0x0000000000023ee6                uip_icmp6_send
                0x000000000002425a                uip_icmp6_echo_reply_callback_add
                0x000000000002428b                uip_icmp6_echo_reply_callback_rm
                0x00000000000242a7                uip_icmp6_init
 .text          0x00000000000242c7      0x358 obj_cooja/mtype662.a(uip-nd6.o)
                0x000000000002431b                uip_nd6_ns_output
                0x000000000002461a                uip_nd6_init
 .text          0x000000000002461f      0x41f obj_cooja/mtype662.a(rpl-nbr-policy.)
                0x000000000002485a                find_removable_dis
                0x000000000002489b                find_removable_dio
                0x000000000002498b                find_removable_dao
                0x00000000000249e7                rpl_nbr_policy_find_removable
 .text          0x0000000000024a3e      0x97c obj_cooja/mtype662.a(frame802154.o)
                0x0000000000024a6f                frame802154_get_pan_id
                0x0000000000024a7b                frame802154_set_pan_id
                0x0000000000024a94                frame802154_has_panid
                0x0000000000024b80                frame802154_check_dest_panid
                0x0000000000024be8                frame802154_is_broadcast_addr
                0x0000000000024c35                frame802154_extract_linkaddr
                0x0000000000024e75                frame802154_hdrlen
                0x0000000000024ec6                frame802154_create
                0x00000000000250b1                frame802154_parse
 .text          0x00000000000253ba      0x181 obj_cooja/mtype662.a(mac-sequence.o)
                0x00000000000253f1                mac_sequence_is_duplicate
                0x0000000000025474                mac_sequence_register_seqno
 .text          0x000000000002553b       0x3c obj_cooja/mtype662.a(mac.o)
                0x000000000002553b                mac_call_sent_callback
 .text          0x0000000000025577        0x0 /usr/lib/gcc/i686-linux-gnu/4.8/crtendS.o
 .text          0x0000000000025577        0x0 /usr/lib/gcc/i686-linux-gnu/4.8/../../../i386-linux-gnu/crtn.o
 *(.gnu.warning)

.fini           0x0000000000025578       0x14
 *(SORT(.fini))
 .fini          0x0000000000025578        0xf /usr/lib/gcc/i686-linux-gnu/4.8/../../../i386-linux-gnu/crti.o
                0x0000000000025578                _fini
 .fini          0x0000000000025587        0x5 /usr/lib/gcc/i686-linux-gnu/4.8/../../../i386-linux-gnu/crtn.o
                0x000000000002558c                PROVIDE (__etext, .)
                0x000000000002558c                PROVIDE (_etext, .)
                0x000000000002558c                PROVIDE (etext, .)

.rodata         0x00000000000255a0      0xa41
 *(.rodata .rodata.* .gnu.linkonce.r.*)
 .rodata        0x00000000000255a0      0x1be udp-client.co
                0x00000000000255b4                autostart_processes
 *fill*         0x000000000002575e        0x2 
 .rodata        0x0000000000025760      0x1e6 obj_cooja/mtype662.o
 *fill*         0x0000000000025946        0x2 
 .rodata        0x0000000000025948        0x8 obj_cooja/mtype662.a(beep.o)
                0x0000000000025948                beep_interface
 .rodata        0x0000000000025950       0x20 obj_cooja/mtype662.a(button-sensor.o)
                0x0000000000025950                button_interface
                0x0000000000025960                button_sensor
 .rodata        0x0000000000025970        0x8 obj_cooja/mtype662.a(leds-arch.o)
                0x0000000000025970                leds_interface
 .rodata        0x0000000000025978        0x8 obj_cooja/mtype662.a(moteid.o)
                0x0000000000025978                moteid_interface
 .rodata        0x0000000000025980       0x1c obj_cooja/mtype662.a(pir-sensor.o)
                0x0000000000025980                pir_interface
                0x000000000002598c                pir_sensor
 .rodata        0x000000000002599c        0xe obj_cooja/mtype662.a(rs232.o)
                0x000000000002599c                rs232_interface
 *fill*         0x00000000000259aa        0x2 
 .rodata        0x00000000000259ac       0x24 obj_cooja/mtype662.a(vib-sensor.o)
                0x00000000000259ac                vib_interface
                0x00000000000259c0                vib_sensor
 .rodata        0x00000000000259d0        0x8 obj_cooja/mtype662.a(clock.o)
                0x00000000000259d0                clock_interface
 .rodata        0x00000000000259d8        0x8 obj_cooja/mtype662.a(log.o)
                0x00000000000259d8                simlog_interface
 .rodata        0x00000000000259e0       0x2f obj_cooja/mtype662.a(cfs-cooja.o)
                0x00000000000259e0                cfs_interface
 *fill*         0x0000000000025a0f       0x11 
 .rodata        0x0000000000025a20       0x60 obj_cooja/mtype662.a(cooja-radio.o)
                0x0000000000025a40                cooja_radio_driver
                0x0000000000025a78                radio_interface
 .rodata        0x0000000000025a80        0x8 obj_cooja/mtype662.a(eeprom.o)
                0x0000000000025a80                eeprom_interface
 .rodata        0x0000000000025a88        0x8 obj_cooja/mtype662.a(sensors.o)
 .rodata        0x0000000000025a90       0x2e obj_cooja/mtype662.a(dual_conf.o)
 .rodata        0x0000000000025abe        0xf obj_cooja/mtype662.a(ctimer.o)
 .rodata        0x0000000000025acd        0xc obj_cooja/mtype662.a(etimer.o)
 *fill*         0x0000000000025ad9        0x3 
 .rodata        0x0000000000025adc       0x73 obj_cooja/mtype662.a(log_message.o)
 *fill*         0x0000000000025b4f        0x1 
 .rodata        0x0000000000025b50       0x20 obj_cooja/mtype662.a(residual.o)
 .rodata        0x0000000000025b70        0xe obj_cooja/mtype662.a(serial-line.o)
 *fill*         0x0000000000025b7e        0x2 
 .rodata        0x0000000000025b80       0x2c obj_cooja/mtype662.a(sicslowpan.o)
                0x0000000000025b80                unc_llconf
                0x0000000000025b84                unc_ctxconf
                0x0000000000025b88                unc_mxconf
                0x0000000000025b8c                llprefix
                0x0000000000025ba0                sicslowpan_driver
 .rodata        0x0000000000025bac      0x13c obj_cooja/mtype662.a(uip6.o)
 .rodata        0x0000000000025ce8       0x29 obj_cooja/mtype662.a(tcpip.o)
 .rodata        0x0000000000025d11       0x3e obj_cooja/mtype662.a(uip-debug.o)
 *fill*         0x0000000000025d4f        0x1 
 .rodata        0x0000000000025d50        0x4 obj_cooja/mtype662.a(rpl-dag.o)
 .rodata        0x0000000000025d54       0x64 obj_cooja/mtype662.a(rpl-icmp6.o)
 .rodata        0x0000000000025db8        0xc obj_cooja/mtype662.a(framer-802154.o)
                0x0000000000025db8                framer_802154
 .rodata        0x0000000000025dc4       0x24 obj_cooja/mtype662.a(nullmac.o)
                0x0000000000025dcc                nullmac_driver
 *fill*         0x0000000000025de8       0x18 
 .rodata        0x0000000000025e00       0x40 obj_cooja/mtype662.a(nullrdc.o)
                0x0000000000025e20                nullrdc_driver
 .rodata        0x0000000000025e40        0x8 obj_cooja/mtype662.a(linkaddr.o)
                0x0000000000025e40                linkaddr_null
 .rodata        0x0000000000025e48       0x18 obj_cooja/mtype662.a(nullsec.o)
                0x0000000000025e50                nullsec_driver
 .rodata        0x0000000000025e60      0x181 obj_cooja/mtype662.a(rpl-nbr-policy.)

.rodata1
 *(.rodata1)

.eh_frame_hdr   0x0000000000025fe4     0x137c
 *(.eh_frame_hdr)
 .eh_frame_hdr  0x0000000000025fe4     0x137c udp-client.co

.eh_frame       0x0000000000027360     0x4f3c
 *(.eh_frame)
 .eh_frame      0x0000000000027360       0x3c /usr/lib/gcc/i686-linux-gnu/4.8/../../../i386-linux-gnu/crti.o
                                         0x40 (size before relaxing)
 .eh_frame      0x000000000002739c       0xb0 udp-client.co
                                         0xc8 (size before relaxing)
 .eh_frame      0x000000000002744c      0x148 obj_cooja/mtype662.o
                                        0x160 (size before relaxing)
 .eh_frame      0x0000000000027594       0x40 obj_cooja/mtype662.a(simEnvChange.o)
                                         0x58 (size before relaxing)
 .eh_frame      0x00000000000275d4       0xc0 obj_cooja/mtype662.a(cooja_mt.o)
                                         0xd8 (size before relaxing)
 .eh_frame      0x0000000000027694      0x120 obj_cooja/mtype662.a(cooja_mtarch.o)
                                        0x138 (size before relaxing)
 .eh_frame      0x00000000000277b4       0xc0 obj_cooja/mtype662.a(rtimer-arch.o)
                                         0xd8 (size before relaxing)
 .eh_frame      0x0000000000027874      0x160 obj_cooja/mtype662.a(beep.o)
                                        0x178 (size before relaxing)
 .eh_frame      0x00000000000279d4       0xa0 obj_cooja/mtype662.a(button-sensor.o)
                                         0xb8 (size before relaxing)
 .eh_frame      0x0000000000027a74       0xa0 obj_cooja/mtype662.a(leds-arch.o)
                                         0xb8 (size before relaxing)
 .eh_frame      0x0000000000027b14       0x40 obj_cooja/mtype662.a(moteid.o)
                                         0x58 (size before relaxing)
 .eh_frame      0x0000000000027b54       0xa0 obj_cooja/mtype662.a(pir-sensor.o)
                                         0xb8 (size before relaxing)
 .eh_frame      0x0000000000027bf4      0x100 obj_cooja/mtype662.a(rs232.o)
                                        0x118 (size before relaxing)
 .eh_frame      0x0000000000027cf4       0xa0 obj_cooja/mtype662.a(vib-sensor.o)
                                         0xb8 (size before relaxing)
 .eh_frame      0x0000000000027d94       0xc0 obj_cooja/mtype662.a(clock.o)
                                         0xd8 (size before relaxing)
 .eh_frame      0x0000000000027e54      0x120 obj_cooja/mtype662.a(log.o)
                                        0x138 (size before relaxing)
 .eh_frame      0x0000000000027f74      0x160 obj_cooja/mtype662.a(cfs-cooja.o)
                                        0x178 (size before relaxing)
 .eh_frame      0x00000000000280d4      0x2e0 obj_cooja/mtype662.a(cooja-radio.o)
                                        0x2f8 (size before relaxing)
 .eh_frame      0x00000000000283b4       0xa0 obj_cooja/mtype662.a(eeprom.o)
                                         0xb8 (size before relaxing)
 .eh_frame      0x0000000000028454       0x40 obj_cooja/mtype662.a(random.o)
                                         0x58 (size before relaxing)
 .eh_frame      0x0000000000028494       0xc0 obj_cooja/mtype662.a(sensors.o)
                                         0xd8 (size before relaxing)
 .eh_frame      0x0000000000028554      0x160 obj_cooja/mtype662.a(dual_conf.o)
                                        0x178 (size before relaxing)
 .eh_frame      0x00000000000286b4       0x40 obj_cooja/mtype662.a(autostart.o)
                                         0x58 (size before relaxing)
 .eh_frame      0x00000000000286f4      0x100 obj_cooja/mtype662.a(ctimer.o)
                                        0x118 (size before relaxing)
 .eh_frame      0x00000000000287f4      0x1e0 obj_cooja/mtype662.a(etimer.o)
                                        0x1f8 (size before relaxing)
 .eh_frame      0x00000000000289d4       0x40 obj_cooja/mtype662.a(log_message.o)
                                         0x58 (size before relaxing)
 .eh_frame      0x0000000000028a14      0x1c8 obj_cooja/mtype662.a(process.o)
                                        0x1e0 (size before relaxing)
 .eh_frame      0x0000000000028bdc       0x2c obj_cooja/mtype662.a(residual.o)
                                         0x44 (size before relaxing)
 .eh_frame      0x0000000000028c08       0x60 obj_cooja/mtype662.a(rtimer.o)
                                         0x78 (size before relaxing)
 .eh_frame      0x0000000000028c68       0xc4 obj_cooja/mtype662.a(stimer.o)
                                         0xdc (size before relaxing)
 .eh_frame      0x0000000000028d2c       0xa4 obj_cooja/mtype662.a(timer.o)
                                         0xbc (size before relaxing)
 .eh_frame      0x0000000000028dd0       0x60 obj_cooja/mtype662.a(serial-line.o)
                                         0x78 (size before relaxing)
 .eh_frame      0x0000000000028e30      0x180 obj_cooja/mtype662.a(list.o)
                                        0x198 (size before relaxing)
 .eh_frame      0x0000000000028fb0       0xa0 obj_cooja/mtype662.a(ringbuf.o)
                                         0xb8 (size before relaxing)
 .eh_frame      0x0000000000029050      0x350 obj_cooja/mtype662.a(sicslowpan.o)
                                        0x368 (size before relaxing)
 .eh_frame      0x00000000000293a0      0x180 obj_cooja/mtype662.a(uip-ds6-nbr.o)
                                        0x198 (size before relaxing)
 .eh_frame      0x0000000000029520      0x2a0 obj_cooja/mtype662.a(uip-ds6-route.o)
                                        0x2b8 (size before relaxing)
 .eh_frame      0x00000000000297c0      0x3c8 obj_cooja/mtype662.a(uip-ds6.o)
                                        0x3e0 (size before relaxing)
 .eh_frame      0x0000000000029b88      0x27c obj_cooja/mtype662.a(uip6.o)
                                        0x294 (size before relaxing)
 .eh_frame      0x0000000000029e04      0x270 obj_cooja/mtype662.a(tcpip.o)
                                        0x288 (size before relaxing)
 .eh_frame      0x000000000002a074       0x48 obj_cooja/mtype662.a(uip-debug.o)
                                         0x60 (size before relaxing)
 .eh_frame      0x000000000002a0bc       0xe0 obj_cooja/mtype662.a(uip-packetqueue)
                                         0xf8 (size before relaxing)
 .eh_frame      0x000000000002a19c       0x40 obj_cooja/mtype662.a(uip-udp-packet.)
                                         0x58 (size before relaxing)
 .eh_frame      0x000000000002a1dc      0x74c obj_cooja/mtype662.a(rpl-dag.o)
                                        0x764 (size before relaxing)
 .eh_frame      0x000000000002a928      0x10c obj_cooja/mtype662.a(rpl-ext-header.)
                                        0x124 (size before relaxing)
 .eh_frame      0x000000000002aa34      0x2f8 obj_cooja/mtype662.a(rpl-icmp6.o)
                                        0x310 (size before relaxing)
 .eh_frame      0x000000000002ad2c       0xe8 obj_cooja/mtype662.a(rpl-ltmax-of.o)
                                        0x100 (size before relaxing)
 .eh_frame      0x000000000002ae14      0x2b0 obj_cooja/mtype662.a(rpl-timers.o)
                                        0x2c8 (size before relaxing)
 .eh_frame      0x000000000002b0c4      0x140 obj_cooja/mtype662.a(rpl.o)
                                        0x158 (size before relaxing)
 .eh_frame      0x000000000002b204      0x108 obj_cooja/mtype662.a(framer-802154.o)
                                        0x120 (size before relaxing)
 .eh_frame      0x000000000002b30c       0xc0 obj_cooja/mtype662.a(nullmac.o)
                                         0xd8 (size before relaxing)
 .eh_frame      0x000000000002b3cc      0x16c obj_cooja/mtype662.a(nullrdc.o)
                                        0x184 (size before relaxing)
 .eh_frame      0x000000000002b538       0x80 obj_cooja/mtype662.a(linkaddr.o)
                                         0x98 (size before relaxing)
 .eh_frame      0x000000000002b5b8      0x2ac obj_cooja/mtype662.a(nbr-table.o)
                                        0x2c4 (size before relaxing)
 .eh_frame      0x000000000002b864       0x20 obj_cooja/mtype662.a(netstack.o)
                                         0x38 (size before relaxing)
 .eh_frame      0x000000000002b884      0x214 obj_cooja/mtype662.a(packetbuf.o)
                                        0x22c (size before relaxing)
 .eh_frame      0x000000000002ba98      0x1a0 obj_cooja/mtype662.a(queuebuf.o)
                                        0x1b8 (size before relaxing)
 .eh_frame      0x000000000002bc38       0x80 obj_cooja/mtype662.a(nullsec.o)
                                         0x98 (size before relaxing)
 .eh_frame      0x000000000002bcb8       0xa0 obj_cooja/mtype662.a(watchdog.o)
                                         0xb8 (size before relaxing)
 .eh_frame      0x000000000002bd58       0xa0 obj_cooja/mtype662.a(memb.o)
                                         0xb8 (size before relaxing)
 .eh_frame      0x000000000002bdf8      0x164 obj_cooja/mtype662.a(uip-icmp6.o)
                                        0x17c (size before relaxing)
 .eh_frame      0x000000000002bf5c       0x68 obj_cooja/mtype662.a(uip-nd6.o)
                                         0x80 (size before relaxing)
 .eh_frame      0x000000000002bfc4       0xc8 obj_cooja/mtype662.a(rpl-nbr-policy.)
                                         0xe0 (size before relaxing)
 .eh_frame      0x000000000002c08c      0x164 obj_cooja/mtype662.a(frame802154.o)
                                        0x17c (size before relaxing)
 .eh_frame      0x000000000002c1f0       0x88 obj_cooja/mtype662.a(mac-sequence.o)
                                         0xa0 (size before relaxing)
 .eh_frame      0x000000000002c278       0x20 obj_cooja/mtype662.a(mac.o)
                                         0x38 (size before relaxing)
 .eh_frame      0x000000000002c298        0x4 /usr/lib/gcc/i686-linux-gnu/4.8/crtendS.o

.gcc_except_table
 *(.gcc_except_table .gcc_except_table.*)

.exception_ranges
 *(.exception_ranges .exception_ranges*)
                0x000000000002c29c                . = (ALIGN (0x1000) - ((0x1000 - .) & 0xfff))
                0x000000000002def8                . = DATA_SEGMENT_ALIGN (0x1000, 0x1000)

.eh_frame
 *(.eh_frame)

.gcc_except_table
 *(.gcc_except_table .gcc_except_table.*)

.exception_ranges
 *(.exception_ranges .exception_ranges*)

.tdata
 *(.tdata .tdata.* .gnu.linkonce.td.*)

.tbss
 *(.tbss .tbss.* .gnu.linkonce.tb.*)
 *(.tcommon)

.preinit_array
 *(.preinit_array)

.init_array     0x000000000002def8        0x4
 *(SORT(.init_array.*) SORT(.ctors.*))
 *(.init_array EXCLUDE_FILE(*crtend?.o *crtend.o *crtbegin?.o *crtbegin.o) .ctors)
 .init_array    0x000000000002def8        0x4 /usr/lib/gcc/i686-linux-gnu/4.8/crtbeginS.o

.fini_array     0x000000000002defc        0x4
 *(SORT(.fini_array.*) SORT(.dtors.*))
 *(.fini_array EXCLUDE_FILE(*crtend?.o *crtend.o *crtbegin?.o *crtbegin.o) .dtors)
 .fini_array    0x000000000002defc        0x4 /usr/lib/gcc/i686-linux-gnu/4.8/crtbeginS.o

.ctors
 *crtbegin.o(.ctors)
 *crtbegin?.o(.ctors)
 *(EXCLUDE_FILE(*crtend?.o *crtend.o) .ctors)
 *(SORT(.ctors.*))
 *(.ctors)

.dtors
 *crtbegin.o(.dtors)
 *crtbegin?.o(.dtors)
 *(EXCLUDE_FILE(*crtend?.o *crtend.o) .dtors)
 *(SORT(.dtors.*))
 *(.dtors)

.jcr            0x000000000002df00        0x4
 *(.jcr)
 .jcr           0x000000000002df00        0x0 /usr/lib/gcc/i686-linux-gnu/4.8/crtbeginS.o
 .jcr           0x000000000002df00        0x4 /usr/lib/gcc/i686-linux-gnu/4.8/crtendS.o

.data.rel.ro
 *(.data.rel.ro.local* .gnu.linkonce.d.rel.ro.local.*)
 *(.data.rel.ro .data.rel.ro.* .gnu.linkonce.d.rel.ro.*)

.dynamic        0x000000000002df04       0xe8
 *(.dynamic)
 .dynamic       0x000000000002df04       0xe8 /usr/lib/gcc/i686-linux-gnu/4.8/../../../i386-linux-gnu/crti.o
                0x000000000002df04                _DYNAMIC

.got            0x000000000002dfec       0x14
 *(.got)
 .got           0x000000000002dfec       0x14 /usr/lib/gcc/i686-linux-gnu/4.8/../../../i386-linux-gnu/crti.o
 *(.igot)
                0x000000000002eff4                . = DATA_SEGMENT_RELRO_END (., (SIZEOF (.got.plt) >= 0xc)?0xc:0x0)

.got.plt        0x000000000002e000       0x14
 *(.got.plt)
 .got.plt       0x000000000002e000       0x14 /usr/lib/gcc/i686-linux-gnu/4.8/../../../i386-linux-gnu/crti.o
                0x000000000002e000                _GLOBAL_OFFSET_TABLE_
 *(.igot.plt)

.data           0x000000000002e020      0x25a
 *(.data .data.* .gnu.linkonce.d.*)
 .data          0x000000000002e020        0x0 /usr/lib/gcc/i686-linux-gnu/4.8/../../../i386-linux-gnu/crti.o
 .data          0x000000000002e020        0x0 /usr/lib/gcc/i686-linux-gnu/4.8/crtbeginS.o
 .data.rel      0x000000000002e020        0x4 /usr/lib/gcc/i686-linux-gnu/4.8/crtbeginS.o
                0x000000000002e020                __dso_handle
 .data          0x000000000002e024       0x10 udp-client.co
                0x000000000002e024                udp_client_process
 *fill*         0x000000000002e034        0xc 
 .data          0x000000000002e040       0x44 obj_cooja/mtype662.o
                0x000000000002e040                simInterfaces
                0x000000000002e074                sensors
 .data          0x000000000002e084        0x0 obj_cooja/mtype662.a(simEnvChange.o)
 .data          0x000000000002e084        0x0 obj_cooja/mtype662.a(cooja_mt.o)
 .data          0x000000000002e084        0x0 obj_cooja/mtype662.a(cooja_mtarch.o)
 .data          0x000000000002e084        0x0 obj_cooja/mtype662.a(rtimer-arch.o)
 .data          0x000000000002e084        0x0 obj_cooja/mtype662.a(beep.o)
 .data          0x000000000002e084        0x0 obj_cooja/mtype662.a(button-sensor.o)
 .data          0x000000000002e084        0x0 obj_cooja/mtype662.a(leds-arch.o)
 .data          0x000000000002e084        0x0 obj_cooja/mtype662.a(moteid.o)
 .data          0x000000000002e084        0x0 obj_cooja/mtype662.a(pir-sensor.o)
 .data          0x000000000002e084        0x0 obj_cooja/mtype662.a(rs232.o)
 .data          0x000000000002e084        0x0 obj_cooja/mtype662.a(vib-sensor.o)
 .data          0x000000000002e084        0x0 obj_cooja/mtype662.a(clock.o)
 .data          0x000000000002e084        0x0 obj_cooja/mtype662.a(log.o)
 .data          0x000000000002e084        0x0 obj_cooja/mtype662.a(cfs-cooja.o)
 .data          0x000000000002e084       0x38 obj_cooja/mtype662.a(cooja-radio.o)
                0x000000000002e084                simRadioChannel
                0x000000000002e088                simRadioChannelLR
                0x000000000002e08c                simRadioHWOn
                0x000000000002e08d                simRadioHWOnLR
                0x000000000002e090                simSignalStrength
                0x000000000002e094                simSignalStrengthLR
                0x000000000002e098                simLastSignalStrength
                0x000000000002e09c                simLastSignalStrengthLR
                0x000000000002e0a0                simPower
                0x000000000002e0a1                simPowerLR
                0x000000000002e0a4                simLQI
                0x000000000002e0a8                simLQILR
                0x000000000002e0ac                cooja_radio_process
 .data          0x000000000002e0bc        0x0 obj_cooja/mtype662.a(eeprom.o)
 .data          0x000000000002e0bc        0x0 obj_cooja/mtype662.a(random.o)
 .data          0x000000000002e0bc       0x10 obj_cooja/mtype662.a(sensors.o)
                0x000000000002e0bc                sensors_process
 .data          0x000000000002e0cc       0x34 obj_cooja/mtype662.a(dual_conf.o)
                0x000000000002e0cc                radio_received
                0x000000000002e0d0                dual_dio_broadcast
                0x000000000002e0e0                dual_dis_broadcast
                0x000000000002e0f0                dual_dio_ack_broadcast
 .data          0x000000000002e100        0x0 obj_cooja/mtype662.a(autostart.o)
 .data          0x000000000002e100       0x14 obj_cooja/mtype662.a(ctimer.o)
                0x000000000002e104                ctimer_process
 .data          0x000000000002e114       0x10 obj_cooja/mtype662.a(etimer.o)
                0x000000000002e114                etimer_process
 .data          0x000000000002e124        0x0 obj_cooja/mtype662.a(log_message.o)
 .data          0x000000000002e124        0x0 obj_cooja/mtype662.a(process.o)
 .data          0x000000000002e124        0x0 obj_cooja/mtype662.a(residual.o)
 .data          0x000000000002e124        0x0 obj_cooja/mtype662.a(rtimer.o)
 .data          0x000000000002e124        0x0 obj_cooja/mtype662.a(stimer.o)
 .data          0x000000000002e124        0x0 obj_cooja/mtype662.a(timer.o)
 .data          0x000000000002e124       0x10 obj_cooja/mtype662.a(serial-line.o)
                0x000000000002e124                serial_line_process
 .data          0x000000000002e134        0x0 obj_cooja/mtype662.a(list.o)
 .data          0x000000000002e134        0x0 obj_cooja/mtype662.a(ringbuf.o)
 .data          0x000000000002e134        0x0 obj_cooja/mtype662.a(sicslowpan.o)
 .data          0x000000000002e134       0x14 obj_cooja/mtype662.a(uip-ds6-nbr.o)
                0x000000000002e144                ds6_neighbors
 .data          0x000000000002e148       0x44 obj_cooja/mtype662.a(uip-ds6-route.o)
                0x000000000002e158                nbr_routes
 .data          0x000000000002e18c        0x0 obj_cooja/mtype662.a(uip-ds6.o)
 .data          0x000000000002e18c        0x0 obj_cooja/mtype662.a(uip6.o)
 .data          0x000000000002e18c       0x10 obj_cooja/mtype662.a(tcpip.o)
                0x000000000002e18c                tcpip_process
 .data          0x000000000002e19c        0x0 obj_cooja/mtype662.a(uip-debug.o)
 .data          0x000000000002e19c        0xc obj_cooja/mtype662.a(uip-packetqueue)
 .data          0x000000000002e1a8        0x0 obj_cooja/mtype662.a(uip-udp-packet.)
 .data          0x000000000002e1a8       0x28 obj_cooja/mtype662.a(rpl-dag.o)
                0x000000000002e1b8                rpl_parents
                0x000000000002e1cc                rpl_children
 .data          0x000000000002e1d0        0x0 obj_cooja/mtype662.a(rpl-ext-header.)
 .data          0x000000000002e1d0       0x40 obj_cooja/mtype662.a(rpl-icmp6.o)
 .data          0x000000000002e210       0x1c obj_cooja/mtype662.a(rpl-ltmax-of.o)
                0x000000000002e210                rpl_ltmax_of
 .data          0x000000000002e22c        0x0 obj_cooja/mtype662.a(rpl-timers.o)
 .data          0x000000000002e22c        0x0 obj_cooja/mtype662.a(rpl.o)
 .data          0x000000000002e22c        0x0 obj_cooja/mtype662.a(framer-802154.o)
 .data          0x000000000002e22c        0x0 obj_cooja/mtype662.a(nullmac.o)
 .data          0x000000000002e22c        0x0 obj_cooja/mtype662.a(nullrdc.o)
 .data          0x000000000002e22c        0x0 obj_cooja/mtype662.a(linkaddr.o)
 .data          0x000000000002e22c       0x10 obj_cooja/mtype662.a(nbr-table.o)
 .data          0x000000000002e23c        0x0 obj_cooja/mtype662.a(netstack.o)
 .data          0x000000000002e23c        0x4 obj_cooja/mtype662.a(packetbuf.o)
 .data          0x000000000002e240       0x18 obj_cooja/mtype662.a(queuebuf.o)
 .data          0x000000000002e258        0x0 obj_cooja/mtype662.a(nullsec.o)
 .data          0x000000000002e258        0x0 obj_cooja/mtype662.a(watchdog.o)
 .data          0x000000000002e258        0x0 obj_cooja/mtype662.a(rimestats.o)
 .data          0x000000000002e258        0x0 obj_cooja/mtype662.a(memb.o)
 .data          0x000000000002e258       0x20 obj_cooja/mtype662.a(uip-icmp6.o)
 .data          0x000000000002e278        0x0 obj_cooja/mtype662.a(uip-nd6.o)
 .data          0x000000000002e278        0x0 obj_cooja/mtype662.a(rpl-nbr-policy.)
 .data          0x000000000002e278        0x2 obj_cooja/mtype662.a(frame802154.o)
 .data          0x000000000002e27a        0x0 obj_cooja/mtype662.a(mac-sequence.o)
 .data          0x000000000002e27a        0x0 obj_cooja/mtype662.a(mac.o)
 .data          0x000000000002e27a        0x0 /usr/lib/gcc/i686-linux-gnu/4.8/crtendS.o
 .data          0x000000000002e27a        0x0 /usr/lib/gcc/i686-linux-gnu/4.8/../../../i386-linux-gnu/crtn.o

.tm_clone_table
                0x000000000002e27c        0x0
 .tm_clone_table
                0x000000000002e27c        0x0 /usr/lib/gcc/i686-linux-gnu/4.8/crtbeginS.o
 .tm_clone_table
                0x000000000002e27c        0x0 /usr/lib/gcc/i686-linux-gnu/4.8/crtendS.o

.data1
 *(.data1)
                0x000000000002e27c                _edata = .
                0x000000000002e27c                PROVIDE (edata, .)
                0x000000000002e27c                . = .
                0x000000000002e27c                __bss_start = .

.bss            0x000000000002e280     0x8468
 *(.dynbss)
 .dynbss        0x0000000000000000        0x0 /usr/lib/gcc/i686-linux-gnu/4.8/../../../i386-linux-gnu/crti.o
 *(.bss .bss.* .gnu.linkonce.b.*)
 .bss           0x000000000002e280        0x0 /usr/lib/gcc/i686-linux-gnu/4.8/../../../i386-linux-gnu/crti.o
 .bss           0x000000000002e280        0x1 /usr/lib/gcc/i686-linux-gnu/4.8/crtbeginS.o
 *fill*         0x000000000002e281       0x1f 
 .bss           0x000000000002e2a0       0x60 udp-client.co
                0x000000000002e2a0                my_weight
 .bss           0x000000000002e300     0x2030 obj_cooja/mtype662.o
 .bss           0x0000000000030330        0x1 obj_cooja/mtype662.a(simEnvChange.o)
                0x0000000000030330                simDontFallAsleep
 *fill*         0x0000000000030331        0x3 
 .bss           0x0000000000030334        0x4 obj_cooja/mtype662.a(cooja_mt.o)
 .bss           0x0000000000030338        0x4 obj_cooja/mtype662.a(cooja_mtarch.o)
 .bss           0x000000000003033c        0xc obj_cooja/mtype662.a(rtimer-arch.o)
 .bss           0x0000000000030348        0x0 obj_cooja/mtype662.a(beep.o)
 .bss           0x0000000000030348        0x8 obj_cooja/mtype662.a(button-sensor.o)
 .bss           0x0000000000030350        0x0 obj_cooja/mtype662.a(leds-arch.o)
 .bss           0x0000000000030350        0x0 obj_cooja/mtype662.a(moteid.o)
 .bss           0x0000000000030350        0x1 obj_cooja/mtype662.a(pir-sensor.o)
                0x0000000000030350                simPirValue
 *fill*         0x0000000000030351        0x3 
 .bss           0x0000000000030354        0x4 obj_cooja/mtype662.a(rs232.o)
 .bss           0x0000000000030358        0x1 obj_cooja/mtype662.a(vib-sensor.o)
                0x0000000000030358                simVibValue
 .bss           0x0000000000030359        0x0 obj_cooja/mtype662.a(clock.o)
 *fill*         0x0000000000030359        0x7 
 .bss           0x0000000000030360      0x420 obj_cooja/mtype662.a(log.o)
 .bss           0x0000000000030780      0xfc0 obj_cooja/mtype662.a(cfs-cooja.o)
                0x0000000000030780                simCFSData
                0x0000000000031720                simCFSSize
                0x0000000000031724                simCFSChanged
                0x0000000000031728                simCFSRead
                0x000000000003172c                simCFSWritten
 .bss           0x0000000000031740       0x20 obj_cooja/mtype662.a(cooja-radio.o)
                0x0000000000031740                simReceiving
                0x0000000000031741                simReceivingLR
                0x0000000000031744                simInSize
                0x0000000000031748                simInSizeLR
                0x000000000003174c                simOutSize
                0x0000000000031750                simOutSizeLR
                0x0000000000031754                LongRangeTransmit
                0x0000000000031758                LongRangeReceiving
 .bss           0x0000000000031760        0xc obj_cooja/mtype662.a(eeprom.o)
                0x0000000000031760                simEEPROMChanged
                0x0000000000031764                simEEPROMRead
                0x0000000000031768                simEEPROMWritten
 .bss           0x000000000003176c        0x0 obj_cooja/mtype662.a(random.o)
 .bss           0x000000000003176c        0xc obj_cooja/mtype662.a(sensors.o)
 .bss           0x0000000000031778       0x38 obj_cooja/mtype662.a(dual_conf.o)
                0x0000000000031778                long_range_radio
 .bss           0x00000000000317b0        0x0 obj_cooja/mtype662.a(autostart.o)
 .bss           0x00000000000317b0        0x5 obj_cooja/mtype662.a(ctimer.o)
 *fill*         0x00000000000317b5        0x3 
 .bss           0x00000000000317b8        0x8 obj_cooja/mtype662.a(etimer.o)
 .bss           0x00000000000317c0        0x0 obj_cooja/mtype662.a(log_message.o)
 .bss           0x00000000000317c0      0x1b1 obj_cooja/mtype662.a(process.o)
                0x00000000000317c0                process_list
                0x00000000000317c4                process_current
 .bss           0x0000000000031971        0x0 obj_cooja/mtype662.a(residual.o)
 *fill*         0x0000000000031971        0x3 
 .bss           0x0000000000031974        0x4 obj_cooja/mtype662.a(rtimer.o)
 .bss           0x0000000000031978        0x0 obj_cooja/mtype662.a(stimer.o)
 .bss           0x0000000000031978        0x0 obj_cooja/mtype662.a(timer.o)
 *fill*         0x0000000000031978        0x8 
 .bss           0x0000000000031980      0x140 obj_cooja/mtype662.a(serial-line.o)
 .bss           0x0000000000031ac0        0x0 obj_cooja/mtype662.a(list.o)
 .bss           0x0000000000031ac0        0x0 obj_cooja/mtype662.a(ringbuf.o)
 .bss           0x0000000000031ac0      0x70c obj_cooja/mtype662.a(sicslowpan.o)
 *fill*         0x00000000000321cc       0x14 
 .bss           0x00000000000321e0      0x1e0 obj_cooja/mtype662.a(uip-ds6-nbr.o)
 .bss           0x00000000000323c0      0x308 obj_cooja/mtype662.a(uip-ds6-route.o)
 .bss           0x00000000000326c8       0x30 obj_cooja/mtype662.a(uip-ds6.o)
 .bss           0x00000000000326f8        0xe obj_cooja/mtype662.a(uip6.o)
                0x00000000000326f8                uip_ext_bitmap
                0x00000000000326f9                uip_ext_len
                0x00000000000326fa                uip_ext_opt_offset
 *fill*         0x0000000000032706       0x1a 
 .bss           0x0000000000032720       0x6a obj_cooja/mtype662.a(tcpip.o)
 .bss           0x000000000003278a        0x0 obj_cooja/mtype662.a(uip-debug.o)
 *fill*         0x000000000003278a       0x16 
 .bss           0x00000000000327a0      0xcf8 obj_cooja/mtype662.a(uip-packetqueue)
 .bss           0x0000000000033498        0x0 obj_cooja/mtype662.a(uip-udp-packet.)
 *fill*         0x0000000000033498        0x8 
 .bss           0x00000000000334a0      0x1a4 obj_cooja/mtype662.a(rpl-dag.o)
 .bss           0x0000000000033644        0x0 obj_cooja/mtype662.a(rpl-ext-header.)
 .bss           0x0000000000033644        0x0 obj_cooja/mtype662.a(rpl-icmp6.o)
 .bss           0x0000000000033644        0x0 obj_cooja/mtype662.a(rpl-ltmax-of.o)
 *fill*         0x0000000000033644       0x1c 
 .bss           0x0000000000033660       0x23 obj_cooja/mtype662.a(rpl-timers.o)
 *fill*         0x0000000000033683        0x1 
 .bss           0x0000000000033684        0x4 obj_cooja/mtype662.a(rpl.o)
 .bss           0x0000000000033688        0x2 obj_cooja/mtype662.a(framer-802154.o)
 .bss           0x000000000003368a        0x0 obj_cooja/mtype662.a(nullmac.o)
 .bss           0x000000000003368a        0x0 obj_cooja/mtype662.a(nullrdc.o)
 .bss           0x000000000003368a        0x0 obj_cooja/mtype662.a(linkaddr.o)
 *fill*         0x000000000003368a       0x16 
 .bss           0x00000000000336a0      0x174 obj_cooja/mtype662.a(nbr-table.o)
 .bss           0x0000000000033814        0x0 obj_cooja/mtype662.a(netstack.o)
 *fill*         0x0000000000033814        0xc 
 .bss           0x0000000000033820       0xa0 obj_cooja/mtype662.a(packetbuf.o)
 .bss           0x00000000000338c0      0xb80 obj_cooja/mtype662.a(queuebuf.o)
 .bss           0x0000000000034440        0x0 obj_cooja/mtype662.a(nullsec.o)
 .bss           0x0000000000034440        0x0 obj_cooja/mtype662.a(watchdog.o)
 .bss           0x0000000000034440        0x0 obj_cooja/mtype662.a(rimestats.o)
 .bss           0x0000000000034440        0x0 obj_cooja/mtype662.a(memb.o)
 .bss           0x0000000000034440       0x18 obj_cooja/mtype662.a(uip-icmp6.o)
 .bss           0x0000000000034458        0x0 obj_cooja/mtype662.a(uip-nd6.o)
 *fill*         0x0000000000034458        0x8 
 .bss           0x0000000000034460       0x44 obj_cooja/mtype662.a(rpl-nbr-policy.)
 .bss           0x00000000000344a4        0x0 obj_cooja/mtype662.a(frame802154.o)
 *fill*         0x00000000000344a4       0x1c 
 .bss           0x00000000000344c0       0x90 obj_cooja/mtype662.a(mac-sequence.o)
 .bss           0x0000000000034550        0x0 obj_cooja/mtype662.a(mac.o)
 .bss           0x0000000000034550        0x0 /usr/lib/gcc/i686-linux-gnu/4.8/crtendS.o
 .bss           0x0000000000034550        0x0 /usr/lib/gcc/i686-linux-gnu/4.8/../../../i386-linux-gnu/crtn.o
 *(COMMON)
 COMMON         0x0000000000034550       0x21 udp-client.co
                0x0000000000034550                COOJA_radioRxLong
                0x0000000000034554                COOJA_radioTx
                0x0000000000034558                my_sink_reachability
                0x000000000003455c                COOJA_radioTxLong
                0x0000000000034560                COOJA_radioRx
                0x0000000000034564                COOJA_radioOn
                0x0000000000034568                COOJA_duration
                0x000000000003456c                COOJA_radioOnLong
                0x0000000000034570                my_child_number
 *fill*         0x0000000000034571        0x3 
 COMMON         0x0000000000034574        0xc obj_cooja/mtype662.o
                0x0000000000034574                referenceVar
                0x0000000000034578                debugfp
                0x000000000003457c                sensors_flags
 COMMON         0x0000000000034580        0xc obj_cooja/mtype662.a(simEnvChange.o)
                0x0000000000034580                simEtimerPending
                0x0000000000034584                simProcessRunValue
                0x0000000000034588                simNextExpirationTime
 COMMON         0x000000000003458c        0x1 obj_cooja/mtype662.a(beep.o)
                0x000000000003458c                simBeeped
 COMMON         0x000000000003458d        0x3 obj_cooja/mtype662.a(button-sensor.o)
                0x000000000003458d                simButtonIsActive
                0x000000000003458e                simButtonIsDown
                0x000000000003458f                simButtonChanged
 COMMON         0x0000000000034590        0x1 obj_cooja/mtype662.a(leds-arch.o)
                0x0000000000034590                simLedsValue
 *fill*         0x0000000000034591        0x3 
 COMMON         0x0000000000034594        0xc obj_cooja/mtype662.a(moteid.o)
                0x0000000000034594                simRandomSeed
                0x0000000000034598                simMoteIDChanged
                0x000000000003459c                simMoteID
 COMMON         0x00000000000345a0        0x2 obj_cooja/mtype662.a(pir-sensor.o)
                0x00000000000345a0                simPirIsActive
                0x00000000000345a1                simPirChanged
 *fill*         0x00000000000345a2       0x1e 
 COMMON         0x00000000000345c0      0x820 obj_cooja/mtype662.a(rs232.o)
                0x00000000000345c0                simSerialReceivingFlag
                0x00000000000345c4                simSerialReceivingLength
                0x00000000000345e0                simSerialReceivingData
 COMMON         0x0000000000034de0        0x2 obj_cooja/mtype662.a(vib-sensor.o)
                0x0000000000034de0                simVibChanged
                0x0000000000034de1                simVibIsActive
 *fill*         0x0000000000034de2        0x2 
 COMMON         0x0000000000034de4        0x4 obj_cooja/mtype662.a(clock.o)
                0x0000000000034de4                simCurrentTime
 *fill*         0x0000000000034de8       0x18 
 COMMON         0x0000000000034e00      0x420 obj_cooja/mtype662.a(log.o)
                0x0000000000034e00                simLoggedLength
                0x0000000000034e04                simLoggedFlag
                0x0000000000034e20                simLoggedData
 COMMON         0x0000000000035220      0x200 obj_cooja/mtype662.a(cooja-radio.o)
                0x0000000000035220                simOutDataBuffer
                0x00000000000352a0                simInDataBufferLR
                0x0000000000035320                simOutDataBufferLR
                0x00000000000353a0                simInDataBuffer
 COMMON         0x0000000000035420      0x400 obj_cooja/mtype662.a(eeprom.o)
                0x0000000000035420                simEEPROMData
 COMMON         0x0000000000035820        0x1 obj_cooja/mtype662.a(sensors.o)
                0x0000000000035820                sensors_event
 *fill*         0x0000000000035821        0x3 
 COMMON         0x0000000000035824        0x4 obj_cooja/mtype662.a(log_message.o)
                0x0000000000035824                log_fp
 COMMON         0x0000000000035828        0x1 obj_cooja/mtype662.a(serial-line.o)
                0x0000000000035828                serial_line_event_message
 *fill*         0x0000000000035829       0x17 
 COMMON         0x0000000000035840       0xc8 obj_cooja/mtype662.a(uip-ds6-nbr.o)
                0x0000000000035840                ds6_lr_addrmap
 *fill*         0x0000000000035908       0x18 
 COMMON         0x0000000000035920      0x298 obj_cooja/mtype662.a(uip-ds6.o)
                0x0000000000035920                uip_ds6_prefix_list
                0x0000000000035980                uip_ds6_timer_periodic
                0x0000000000035990                uip_ds6_netif_addr_list_offset
                0x00000000000359a0                uip_ds6_if
                0x0000000000035a98                uip_ds6_timer_ra
                0x0000000000035aa0                uip_ds6_addr_size
                0x0000000000035ac0                long_uip_ds6_if
 *fill*         0x0000000000035bb8        0x8 
 COMMON         0x0000000000035bc0      0x8ec obj_cooja/mtype662.a(uip6.o)
                0x0000000000035bc0                uip_slen
                0x0000000000035bc2                uip_acc32
                0x0000000000035be0                uip_conns
                0x0000000000035ca0                uip_lladdr
                0x0000000000035ca8                uip_appdata
                0x0000000000035cac                uip_flags
                0x0000000000035cc0                uip_aligned_buf
                0x0000000000036300                uip_listenports
                0x0000000000036310                uip_len
                0x0000000000036312                uip_long_lladdr
                0x000000000003631c                uip_sappdata
                0x0000000000036320                uip_udp_conns
                0x00000000000364a0                uip_udp_conn
                0x00000000000364a4                uip_next_hdr
                0x00000000000364a8                uip_conn
 COMMON         0x00000000000364ac        0x1 obj_cooja/mtype662.a(tcpip.o)
                0x00000000000364ac                tcpip_event
 *fill*         0x00000000000364ad       0x13 
 COMMON         0x00000000000364c0      0x190 obj_cooja/mtype662.a(rpl-dag.o)
                0x00000000000364c0                default_instance
                0x00000000000364e0                instance_table
 COMMON         0x0000000000036650       0x10 obj_cooja/mtype662.a(linkaddr.o)
                0x0000000000036650                linkaddr_node_addr
                0x0000000000036658                long_linkaddr_node_addr
 COMMON         0x0000000000036660       0x2e obj_cooja/mtype662.a(packetbuf.o)
                0x0000000000036660                packetbuf_attrs
                0x000000000003667e                packetbuf_addrs
 *fill*         0x000000000003668e       0x12 
 COMMON         0x00000000000366a0       0x48 obj_cooja/mtype662.a(rimestats.o)
                0x00000000000366a0                rimestats
                0x00000000000366e8                . = ALIGN ((. != 0x0)?0x4:0x1)
                0x00000000000366e8                . = ALIGN (0x4)
                0x00000000000366e8                . = SEGMENT_START ("ldata-segment", .)
                0x00000000000366e8                . = ALIGN (0x4)
                0x00000000000366e8                _end = .
                0x00000000000366e8                PROVIDE (end, .)
                0x00000000000366e8                . = DATA_SEGMENT_END (.)

.stab
 *(.stab)

.stabstr
 *(.stabstr)

.stab.excl
 *(.stab.excl)

.stab.exclstr
 *(.stab.exclstr)

.stab.index
 *(.stab.index)

.stab.indexstr
 *(.stab.indexstr)

.comment        0x0000000000000000       0x2b
 *(.comment)
 .comment       0x0000000000000000       0x2b /usr/lib/gcc/i686-linux-gnu/4.8/crtbeginS.o
                                         0x2c (size before relaxing)
 .comment       0x0000000000000000       0x2c udp-client.co
 .comment       0x0000000000000000       0x2c obj_cooja/mtype662.o
 .comment       0x0000000000000000       0x2c obj_cooja/mtype662.a(simEnvChange.o)
 .comment       0x0000000000000000       0x2c obj_cooja/mtype662.a(cooja_mt.o)
 .comment       0x0000000000000000       0x2c obj_cooja/mtype662.a(cooja_mtarch.o)
 .comment       0x0000000000000000       0x2c obj_cooja/mtype662.a(rtimer-arch.o)
 .comment       0x0000000000000000       0x2c obj_cooja/mtype662.a(beep.o)
 .comment       0x0000000000000000       0x2c obj_cooja/mtype662.a(button-sensor.o)
 .comment       0x0000000000000000       0x2c obj_cooja/mtype662.a(leds-arch.o)
 .comment       0x0000000000000000       0x2c obj_cooja/mtype662.a(moteid.o)
 .comment       0x0000000000000000       0x2c obj_cooja/mtype662.a(pir-sensor.o)
 .comment       0x0000000000000000       0x2c obj_cooja/mtype662.a(rs232.o)
 .comment       0x0000000000000000       0x2c obj_cooja/mtype662.a(vib-sensor.o)
 .comment       0x0000000000000000       0x2c obj_cooja/mtype662.a(clock.o)
 .comment       0x0000000000000000       0x2c obj_cooja/mtype662.a(log.o)
 .comment       0x0000000000000000       0x2c obj_cooja/mtype662.a(cfs-cooja.o)
 .comment       0x0000000000000000       0x2c obj_cooja/mtype662.a(cooja-radio.o)
 .comment       0x0000000000000000       0x2c obj_cooja/mtype662.a(eeprom.o)
 .comment       0x0000000000000000       0x2c obj_cooja/mtype662.a(random.o)
 .comment       0x0000000000000000       0x2c obj_cooja/mtype662.a(sensors.o)
 .comment       0x0000000000000000       0x2c obj_cooja/mtype662.a(dual_conf.o)
 .comment       0x0000000000000000       0x2c obj_cooja/mtype662.a(autostart.o)
 .comment       0x0000000000000000       0x2c obj_cooja/mtype662.a(ctimer.o)
 .comment       0x0000000000000000       0x2c obj_cooja/mtype662.a(etimer.o)
 .comment       0x0000000000000000       0x2c obj_cooja/mtype662.a(log_message.o)
 .comment       0x0000000000000000       0x2c obj_cooja/mtype662.a(process.o)
 .comment       0x0000000000000000       0x2c obj_cooja/mtype662.a(residual.o)
 .comment       0x0000000000000000       0x2c obj_cooja/mtype662.a(rtimer.o)
 .comment       0x0000000000000000       0x2c obj_cooja/mtype662.a(stimer.o)
 .comment       0x0000000000000000       0x2c obj_cooja/mtype662.a(timer.o)
 .comment       0x0000000000000000       0x2c obj_cooja/mtype662.a(serial-line.o)
 .comment       0x0000000000000000       0x2c obj_cooja/mtype662.a(list.o)
 .comment       0x0000000000000000       0x2c obj_cooja/mtype662.a(ringbuf.o)
 .comment       0x0000000000000000       0x2c obj_cooja/mtype662.a(sicslowpan.o)
 .comment       0x0000000000000000       0x2c obj_cooja/mtype662.a(uip-ds6-nbr.o)
 .comment       0x0000000000000000       0x2c obj_cooja/mtype662.a(uip-ds6-route.o)
 .comment       0x0000000000000000       0x2c obj_cooja/mtype662.a(uip-ds6.o)
 .comment       0x0000000000000000       0x2c obj_cooja/mtype662.a(uip6.o)
 .comment       0x0000000000000000       0x2c obj_cooja/mtype662.a(tcpip.o)
 .comment       0x0000000000000000       0x2c obj_cooja/mtype662.a(uip-debug.o)
 .comment       0x0000000000000000       0x2c obj_cooja/mtype662.a(uip-packetqueue)
 .comment       0x0000000000000000       0x2c obj_cooja/mtype662.a(uip-udp-packet.)
 .comment       0x0000000000000000       0x2c obj_cooja/mtype662.a(rpl-dag.o)
 .comment       0x0000000000000000       0x2c obj_cooja/mtype662.a(rpl-ext-header.)
 .comment       0x0000000000000000       0x2c obj_cooja/mtype662.a(rpl-icmp6.o)
 .comment       0x0000000000000000       0x2c obj_cooja/mtype662.a(rpl-ltmax-of.o)
 .comment       0x0000000000000000       0x2c obj_cooja/mtype662.a(rpl-timers.o)
 .comment       0x0000000000000000       0x2c obj_cooja/mtype662.a(rpl.o)
 .comment       0x0000000000000000       0x2c obj_cooja/mtype662.a(framer-802154.o)
 .comment       0x0000000000000000       0x2c obj_cooja/mtype662.a(nullmac.o)
 .comment       0x0000000000000000       0x2c obj_cooja/mtype662.a(nullrdc.o)
 .comment       0x0000000000000000       0x2c obj_cooja/mtype662.a(linkaddr.o)
 .comment       0x0000000000000000       0x2c obj_cooja/mtype662.a(nbr-table.o)
 .comment       0x0000000000000000       0x2c obj_cooja/mtype662.a(netstack.o)
 .comment       0x0000000000000000       0x2c obj_cooja/mtype662.a(packetbuf.o)
 .comment       0x0000000000000000       0x2c obj_cooja/mtype662.a(queuebuf.o)
 .comment       0x0000000000000000       0x2c obj_cooja/mtype662.a(nullsec.o)
 .comment       0x0000000000000000       0x2c obj_cooja/mtype662.a(watchdog.o)
 .comment       0x0000000000000000       0x2c obj_cooja/mtype662.a(rimestats.o)
 .comment       0x0000000000000000       0x2c obj_cooja/mtype662.a(memb.o)
 .comment       0x0000000000000000       0x2c obj_cooja/mtype662.a(uip-icmp6.o)
 .comment       0x0000000000000000       0x2c obj_cooja/mtype662.a(uip-nd6.o)
 .comment       0x0000000000000000       0x2c obj_cooja/mtype662.a(rpl-nbr-policy.)
 .comment       0x0000000000000000       0x2c obj_cooja/mtype662.a(frame802154.o)
 .comment       0x0000000000000000       0x2c obj_cooja/mtype662.a(mac-sequence.o)
 .comment       0x0000000000000000       0x2c obj_cooja/mtype662.a(mac.o)
 .comment       0x0000000000000000       0x2c /usr/lib/gcc/i686-linux-gnu/4.8/crtendS.o

.debug
 *(.debug)

.line
 *(.line)

.debug_srcinfo
 *(.debug_srcinfo)

.debug_sfnames
 *(.debug_sfnames)

.debug_aranges  0x0000000000000000      0x838
 *(.debug_aranges)
 .debug_aranges
                0x0000000000000000       0x20 udp-client.co
 .debug_aranges
                0x0000000000000020       0x20 obj_cooja/mtype662.o
 .debug_aranges
                0x0000000000000040       0x20 obj_cooja/mtype662.a(simEnvChange.o)
 .debug_aranges
                0x0000000000000060       0x20 obj_cooja/mtype662.a(cooja_mt.o)
 .debug_aranges
                0x0000000000000080       0x20 obj_cooja/mtype662.a(cooja_mtarch.o)
 .debug_aranges
                0x00000000000000a0       0x20 obj_cooja/mtype662.a(rtimer-arch.o)
 .debug_aranges
                0x00000000000000c0       0x20 obj_cooja/mtype662.a(beep.o)
 .debug_aranges
                0x00000000000000e0       0x20 obj_cooja/mtype662.a(button-sensor.o)
 .debug_aranges
                0x0000000000000100       0x20 obj_cooja/mtype662.a(leds-arch.o)
 .debug_aranges
                0x0000000000000120       0x20 obj_cooja/mtype662.a(moteid.o)
 .debug_aranges
                0x0000000000000140       0x20 obj_cooja/mtype662.a(pir-sensor.o)
 .debug_aranges
                0x0000000000000160       0x20 obj_cooja/mtype662.a(rs232.o)
 .debug_aranges
                0x0000000000000180       0x20 obj_cooja/mtype662.a(vib-sensor.o)
 .debug_aranges
                0x00000000000001a0       0x20 obj_cooja/mtype662.a(clock.o)
 .debug_aranges
                0x00000000000001c0       0x20 obj_cooja/mtype662.a(log.o)
 .debug_aranges
                0x00000000000001e0       0x20 obj_cooja/mtype662.a(cfs-cooja.o)
 .debug_aranges
                0x0000000000000200       0x20 obj_cooja/mtype662.a(cooja-radio.o)
 .debug_aranges
                0x0000000000000220       0x20 obj_cooja/mtype662.a(eeprom.o)
 .debug_aranges
                0x0000000000000240       0x20 obj_cooja/mtype662.a(random.o)
 .debug_aranges
                0x0000000000000260       0x20 obj_cooja/mtype662.a(sensors.o)
 .debug_aranges
                0x0000000000000280       0x20 obj_cooja/mtype662.a(dual_conf.o)
 .debug_aranges
                0x00000000000002a0       0x20 obj_cooja/mtype662.a(autostart.o)
 .debug_aranges
                0x00000000000002c0       0x20 obj_cooja/mtype662.a(ctimer.o)
 .debug_aranges
                0x00000000000002e0       0x20 obj_cooja/mtype662.a(etimer.o)
 .debug_aranges
                0x0000000000000300       0x20 obj_cooja/mtype662.a(log_message.o)
 .debug_aranges
                0x0000000000000320       0x20 obj_cooja/mtype662.a(process.o)
 .debug_aranges
                0x0000000000000340       0x20 obj_cooja/mtype662.a(residual.o)
 .debug_aranges
                0x0000000000000360       0x20 obj_cooja/mtype662.a(rtimer.o)
 .debug_aranges
                0x0000000000000380       0x20 obj_cooja/mtype662.a(stimer.o)
 .debug_aranges
                0x00000000000003a0       0x20 obj_cooja/mtype662.a(timer.o)
 .debug_aranges
                0x00000000000003c0       0x20 obj_cooja/mtype662.a(serial-line.o)
 .debug_aranges
                0x00000000000003e0       0x20 obj_cooja/mtype662.a(list.o)
 .debug_aranges
                0x0000000000000400       0x20 obj_cooja/mtype662.a(ringbuf.o)
 .debug_aranges
                0x0000000000000420       0x20 obj_cooja/mtype662.a(sicslowpan.o)
 .debug_aranges
                0x0000000000000440       0x20 obj_cooja/mtype662.a(uip-ds6-nbr.o)
 .debug_aranges
                0x0000000000000460       0x20 obj_cooja/mtype662.a(uip-ds6-route.o)
 .debug_aranges
                0x0000000000000480       0x20 obj_cooja/mtype662.a(uip-ds6.o)
 .debug_aranges
                0x00000000000004a0       0x20 obj_cooja/mtype662.a(uip6.o)
 .debug_aranges
                0x00000000000004c0       0x20 obj_cooja/mtype662.a(tcpip.o)
 .debug_aranges
                0x00000000000004e0       0x20 obj_cooja/mtype662.a(uip-debug.o)
 .debug_aranges
                0x0000000000000500       0x20 obj_cooja/mtype662.a(uip-packetqueue)
 .debug_aranges
                0x0000000000000520       0x20 obj_cooja/mtype662.a(uip-udp-packet.)
 .debug_aranges
                0x0000000000000540       0x20 obj_cooja/mtype662.a(rpl-dag.o)
 .debug_aranges
                0x0000000000000560       0x20 obj_cooja/mtype662.a(rpl-ext-header.)
 .debug_aranges
                0x0000000000000580       0x20 obj_cooja/mtype662.a(rpl-icmp6.o)
 .debug_aranges
                0x00000000000005a0       0x20 obj_cooja/mtype662.a(rpl-ltmax-of.o)
 .debug_aranges
                0x00000000000005c0       0x20 obj_cooja/mtype662.a(rpl-timers.o)
 .debug_aranges
                0x00000000000005e0       0x20 obj_cooja/mtype662.a(rpl.o)
 .debug_aranges
                0x0000000000000600       0x20 obj_cooja/mtype662.a(framer-802154.o)
 .debug_aranges
                0x0000000000000620       0x20 obj_cooja/mtype662.a(nullmac.o)
 .debug_aranges
                0x0000000000000640       0x20 obj_cooja/mtype662.a(nullrdc.o)
 .debug_aranges
                0x0000000000000660       0x20 obj_cooja/mtype662.a(linkaddr.o)
 .debug_aranges
                0x0000000000000680       0x20 obj_cooja/mtype662.a(nbr-table.o)
 .debug_aranges
                0x00000000000006a0       0x20 obj_cooja/mtype662.a(netstack.o)
 .debug_aranges
                0x00000000000006c0       0x20 obj_cooja/mtype662.a(packetbuf.o)
 .debug_aranges
                0x00000000000006e0       0x20 obj_cooja/mtype662.a(queuebuf.o)
 .debug_aranges
                0x0000000000000700       0x20 obj_cooja/mtype662.a(nullsec.o)
 .debug_aranges
                0x0000000000000720       0x20 obj_cooja/mtype662.a(watchdog.o)
 .debug_aranges
                0x0000000000000740       0x18 obj_cooja/mtype662.a(rimestats.o)
 .debug_aranges
                0x0000000000000758       0x20 obj_cooja/mtype662.a(memb.o)
 .debug_aranges
                0x0000000000000778       0x20 obj_cooja/mtype662.a(uip-icmp6.o)
 .debug_aranges
                0x0000000000000798       0x20 obj_cooja/mtype662.a(uip-nd6.o)
 .debug_aranges
                0x00000000000007b8       0x20 obj_cooja/mtype662.a(rpl-nbr-policy.)
 .debug_aranges
                0x00000000000007d8       0x20 obj_cooja/mtype662.a(frame802154.o)
 .debug_aranges
                0x00000000000007f8       0x20 obj_cooja/mtype662.a(mac-sequence.o)
 .debug_aranges
                0x0000000000000818       0x20 obj_cooja/mtype662.a(mac.o)

.debug_pubnames
 *(.debug_pubnames)

.debug_info     0x0000000000000000    0x1c8fb
 *(.debug_info .gnu.linkonce.wi.*)
 .debug_info    0x0000000000000000      0xbd5 udp-client.co
 .debug_info    0x0000000000000bd5     0x3a36 obj_cooja/mtype662.o
 .debug_info    0x000000000000460b      0x15a obj_cooja/mtype662.a(simEnvChange.o)
 .debug_info    0x0000000000004765      0x1e2 obj_cooja/mtype662.a(cooja_mt.o)
 .debug_info    0x0000000000004947      0x2e7 obj_cooja/mtype662.a(cooja_mtarch.o)
 .debug_info    0x0000000000004c2e      0x16b obj_cooja/mtype662.a(rtimer-arch.o)
 .debug_info    0x0000000000004d99      0x1f3 obj_cooja/mtype662.a(beep.o)
 .debug_info    0x0000000000004f8c      0x257 obj_cooja/mtype662.a(button-sensor.o)
 .debug_info    0x00000000000051e3      0x132 obj_cooja/mtype662.a(leds-arch.o)
 .debug_info    0x0000000000005315      0x10a obj_cooja/mtype662.a(moteid.o)
 .debug_info    0x000000000000541f      0x216 obj_cooja/mtype662.a(pir-sensor.o)
 .debug_info    0x0000000000005635      0x21e obj_cooja/mtype662.a(rs232.o)
 .debug_info    0x0000000000005853      0x216 obj_cooja/mtype662.a(vib-sensor.o)
 .debug_info    0x0000000000005a69      0x152 obj_cooja/mtype662.a(clock.o)
 .debug_info    0x0000000000005bbb      0x2bb obj_cooja/mtype662.a(log.o)
 .debug_info    0x0000000000005e76      0x3cf obj_cooja/mtype662.a(cfs-cooja.o)
 .debug_info    0x0000000000006245      0xcec obj_cooja/mtype662.a(cooja-radio.o)
 .debug_info    0x0000000000006f31      0x1d5 obj_cooja/mtype662.a(eeprom.o)
 .debug_info    0x0000000000007106       0xb3 obj_cooja/mtype662.a(random.o)
 .debug_info    0x00000000000071b9      0x36d obj_cooja/mtype662.a(sensors.o)
 .debug_info    0x0000000000007526      0xaad obj_cooja/mtype662.a(dual_conf.o)
 .debug_info    0x0000000000007fd3      0x1a5 obj_cooja/mtype662.a(autostart.o)
 .debug_info    0x0000000000008178      0x46c obj_cooja/mtype662.a(ctimer.o)