Archive member included to satisfy reference by file (symbol)

obj_cooja/mtype886.a(simEnvChange.o)
                              obj_cooja/mtype886.o (simDontFallAsleep)
obj_cooja/mtype886.a(cooja_mt.o)
                              obj_cooja/mtype886.o (cooja_mt_start)
obj_cooja/mtype886.a(cooja_mtarch.o)
                              obj_cooja/mtype886.a(cooja_mt.o) (cooja_mtarch_init)
obj_cooja/mtype886.a(rtimer-arch.o)
                              obj_cooja/mtype886.o (rtimer_arch_next)
obj_cooja/mtype886.a(beep.o)  obj_cooja/mtype886.o (beep_interface)
obj_cooja/mtype886.a(button-sensor.o)
                              obj_cooja/mtype886.o (button_interface)
obj_cooja/mtype886.a(leds-arch.o)
                              obj_cooja/mtype886.o (leds_interface)
obj_cooja/mtype886.a(moteid.o)
                              obj_cooja/mtype886.o (moteid_interface)
obj_cooja/mtype886.a(pir-sensor.o)
                              obj_cooja/mtype886.o (pir_interface)
obj_cooja/mtype886.a(rs232.o)
                              obj_cooja/mtype886.o (rs232_interface)
obj_cooja/mtype886.a(vib-sensor.o)
                              obj_cooja/mtype886.o (vib_interface)
obj_cooja/mtype886.a(clock.o)
                              obj_cooja/mtype886.o (clock_interface)
obj_cooja/mtype886.a(log.o)   obj_cooja/mtype886.o (simlog_interface)
obj_cooja/mtype886.a(cfs-cooja.o)
                              obj_cooja/mtype886.o (cfs_interface)
obj_cooja/mtype886.a(cooja-radio.o)
                              obj_cooja/mtype886.o (radio_interface)
obj_cooja/mtype886.a(eeprom.o)
                              obj_cooja/mtype886.o (eeprom_interface)
obj_cooja/mtype886.a(random.o)
                              obj_cooja/mtype886.a(moteid.o) (random_init)
obj_cooja/mtype886.a(sensors.o)
                              udp-server.co (sensors_event)
obj_cooja/mtype886.a(dual_conf.o)
                              obj_cooja/mtype886.a(cooja-radio.o) (long_range_radio)
obj_cooja/mtype886.a(autostart.o)
                              obj_cooja/mtype886.o (autostart_start)
obj_cooja/mtype886.a(ctimer.o)
                              obj_cooja/mtype886.o (ctimer_init)
obj_cooja/mtype886.a(etimer.o)
                              obj_cooja/mtype886.o (etimer_process)
obj_cooja/mtype886.a(log_message.o)
                              obj_cooja/mtype886.o (log_fp)
obj_cooja/mtype886.a(process.o)
                              udp-server.co (process_current)
obj_cooja/mtype886.a(residual.o)
                              obj_cooja/mtype886.o (get_residual_energy)
obj_cooja/mtype886.a(rtimer.o)
                              obj_cooja/mtype886.a(rtimer-arch.o) (rtimer_run_next)
obj_cooja/mtype886.a(timer.o)
                              obj_cooja/mtype886.a(button-sensor.o) (timer_set)
obj_cooja/mtype886.a(serial-line.o)
                              obj_cooja/mtype886.a(rs232.o) (serial_line_input_byte)
obj_cooja/mtype886.a(list.o)  obj_cooja/mtype886.a(ctimer.o) (list_init)
obj_cooja/mtype886.a(ringbuf.o)
                              obj_cooja/mtype886.a(serial-line.o) (ringbuf_init)
obj_cooja/mtype886.a(sicslowpan.o)
                              obj_cooja/mtype886.o (sicslowpan_driver)
obj_cooja/mtype886.a(uip-ds6-nbr.o)
                              obj_cooja/mtype886.a(sicslowpan.o) (uip_ds6_link_neighbor_callback)
obj_cooja/mtype886.a(uip-ds6.o)
                              udp-server.co (uip_ds6_if)
obj_cooja/mtype886.a(uip6.o)  obj_cooja/mtype886.o (uip_lladdr)
obj_cooja/mtype886.a(tcpip.o)
                              udp-server.co (tcpip_event)
obj_cooja/mtype886.a(uip-debug.o)
                              udp-server.co (uip_debug_ipaddr_print)
obj_cooja/mtype886.a(uip-packetqueue)
                              obj_cooja/mtype886.a(uip-ds6-nbr.o) (uip_packetqueue_new)
obj_cooja/mtype886.a(rpl-dag.o)
                              udp-server.co (rpl_set_root)
obj_cooja/mtype886.a(rpl-ext-header.)
                              obj_cooja/mtype886.a(uip6.o) (rpl_verify_header)
obj_cooja/mtype886.a(rpl-icmp6.o)
                              obj_cooja/mtype886.a(rpl-dag.o) (rpl_icmp6_update_nbr_table)
obj_cooja/mtype886.a(rpl-ltmax-of.o)
                              obj_cooja/mtype886.a(rpl-dag.o) (rpl_ltmax_of)
obj_cooja/mtype886.a(rpl-timers.o)
                              obj_cooja/mtype886.a(rpl-dag.o) (rpl_reset_dio_timer)
obj_cooja/mtype886.a(rpl.o)   obj_cooja/mtype886.a(rpl-icmp6.o) (rpl_get_mode)
obj_cooja/mtype886.a(framer-802154.o)
                              obj_cooja/mtype886.a(sicslowpan.o) (framer_802154)
obj_cooja/mtype886.a(nullmac.o)
                              udp-server.co (nullmac_driver)
obj_cooja/mtype886.a(nullrdc.o)
                              obj_cooja/mtype886.o (nullrdc_driver)
obj_cooja/mtype886.a(linkaddr.o)
                              obj_cooja/mtype886.o (linkaddr_node_addr)
obj_cooja/mtype886.a(nbr-table.o)
                              obj_cooja/mtype886.a(uip-ds6-nbr.o) (lladdr_map_add_lr)
[...]
Memory Configuration

Name             Origin             Length             Attributes
*default*        0x0000000000000000 0xffffffffffffffff

Linker script and memory map

LOAD /usr/lib/gcc/i686-linux-gnu/4.8/../../../i386-linux-gnu/crti.o
LOAD /usr/lib/gcc/i686-linux-gnu/4.8/crtbeginS.o
LOAD udp-server.co
LOAD obj_cooja/mtype886.o
LOAD obj_cooja/mtype886.a
LOAD /usr/lib/gcc/i686-linux-gnu/4.8/libgcc.a
LOAD /usr/lib/gcc/i686-linux-gnu/4.8/libgcc_s.so
LOAD /usr/lib/gcc/i686-linux-gnu/4.8/../../../i386-linux-gnu/libc.so
START GROUP
LOAD /lib/i386-linux-gnu/libc.so.6
LOAD /usr/lib/i386-linux-gnu/libc_nonshared.a
LOAD /lib/i386-linux-gnu/ld-linux.so.2
END GROUP
LOAD /usr/lib/gcc/i686-linux-gnu/4.8/libgcc.a
LOAD /usr/lib/gcc/i686-linux-gnu/4.8/libgcc_s.so
LOAD /usr/lib/gcc/i686-linux-gnu/4.8/crtendS.o
LOAD /usr/lib/gcc/i686-linux-gnu/4.8/../../../i386-linux-gnu/crtn.o
                0x0000000000000114                . = (0x0 + SIZEOF_HEADERS)

.note.gnu.build-id
                0x0000000000000114       0x24
 *(.note.gnu.build-id)
 .note.gnu.build-id
                0x0000000000000114       0x24 /usr/lib/gcc/i686-linux-gnu/4.8/../../../i386-linux-gnu/crti.o

.hash
 *(.hash)

.gnu.hash       0x0000000000000138     0x1324
 *(.gnu.hash)
 .gnu.hash      0x0000000000000138     0x1324 /usr/lib/gcc/i686-linux-gnu/4.8/../../../i386-linux-gnu/crti.o

.dynsym         0x000000000000145c     0x2540
 *(.dynsym)
 .dynsym        0x000000000000145c     0x2540 /usr/lib/gcc/i686-linux-gnu/4.8/../../../i386-linux-gnu/crti.o

.dynstr         0x000000000000399c     0x2652
 *(.dynstr)
 .dynstr        0x000000000000399c     0x2652 /usr/lib/gcc/i686-linux-gnu/4.8/../../../i386-linux-gnu/crti.o

.gnu.version    0x0000000000005fee      0x4a8
 *(.gnu.version)
 .gnu.version   0x0000000000005fee      0x4a8 /usr/lib/gcc/i686-linux-gnu/4.8/../../../i386-linux-gnu/crti.o

.gnu.version_d  0x0000000000006498        0x0
 *(.gnu.version_d)
 .gnu.version_d
                0x0000000000000000        0x0 /usr/lib/gcc/i686-linux-gnu/4.8/../../../i386-linux-gnu/crti.o

.gnu.version_r  0x0000000000006498       0x50
 *(.gnu.version_r)
 .gnu.version_r
                0x0000000000006498       0x50 /usr/lib/gcc/i686-linux-gnu/4.8/../../../i386-linux-gnu/crti.o

.rel.dyn        0x00000000000064e8     0x8d50
 *(.rel.init)
 .rel.init      0x0000000000000000        0x0 /usr/lib/gcc/i686-linux-gnu/4.8/../../../i386-linux-gnu/crti.o
 *(.rel.text .rel.text.* .rel.gnu.linkonce.t.*)
 .rel.text      0x00000000000064e8     0x85c0 /usr/lib/gcc/i686-linux-gnu/4.8/../../../i386-linux-gnu/crti.o
 *(.rel.fini)
 .rel.fini      0x0000000000000000        0x0 /usr/lib/gcc/i686-linux-gnu/4.8/../../../i386-linux-gnu/crti.o
 *(.rel.rodata .rel.rodata.* .rel.gnu.linkonce.r.*)
 .rel.rodata    0x000000000000eaa8      0x4e0 /usr/lib/gcc/i686-linux-gnu/4.8/../../../i386-linux-gnu/crti.o
 *(.rel.data.rel.ro .rel.data.rel.ro.* .rel.gnu.linkonce.d.rel.ro.*)
 *(.rel.data .rel.data.* .rel.gnu.linkonce.d.*)
 .rel.data.rel  0x000000000000ef88        0x8 /usr/lib/gcc/i686-linux-gnu/4.8/../../../i386-linux-gnu/crti.o
 .rel.data      0x000000000000ef90      0x270 /usr/lib/gcc/i686-linux-gnu/4.8/../../../i386-linux-gnu/crti.o
 *(.rel.tdata .rel.tdata.* .rel.gnu.linkonce.td.*)
 *(.rel.tbss .rel.tbss.* .rel.gnu.linkonce.tb.*)
 *(.rel.ctors)
 *(.rel.dtors)
 *(.rel.got)
 .rel.got       0x000000000000f200       0x28 /usr/lib/gcc/i686-linux-gnu/4.8/../../../i386-linux-gnu/crti.o
 *(.rel.bss .rel.bss.* .rel.gnu.linkonce.b.*)
 *(.rel.ifunc)
 .rel.ifunc     0x0000000000000000        0x0 /usr/lib/gcc/i686-linux-gnu/4.8/../../../i386-linux-gnu/crti.o
 .rel.fini_array
                0x000000000000f228        0x8 /usr/lib/gcc/i686-linux-gnu/4.8/../../../i386-linux-gnu/crti.o
 .rel.init_array
                0x000000000000f230        0x8 /usr/lib/gcc/i686-linux-gnu/4.8/../../../i386-linux-gnu/crti.o

.rel.plt        0x000000000000f238       0x10
 *(.rel.plt)
 .rel.plt       0x000000000000f238       0x10 /usr/lib/gcc/i686-linux-gnu/4.8/../../../i386-linux-gnu/crti.o
 *(.rel.iplt)

.init           0x000000000000f248       0x23
 *(SORT(.init))
 .init          0x000000000000f248       0x1e /usr/lib/gcc/i686-linux-gnu/4.8/../../../i386-linux-gnu/crti.o
                0x000000000000f248                _init
 .init          0x000000000000f266        0x5 /usr/lib/gcc/i686-linux-gnu/4.8/../../../i386-linux-gnu/crtn.o

.plt            0x000000000000f270       0x30
 *(.plt)
 .plt           0x000000000000f270       0x30 /usr/lib/gcc/i686-linux-gnu/4.8/../../../i386-linux-gnu/crti.o
 *(.iplt)

.text           0x000000000000f2a0    0x15d74
 *(.text.unlikely .text.*_unlikely .text.unlikely.*)
 *(.text.exit .text.exit.*)
 *(.text.startup .text.startup.*)
 *(.text.hot .text.hot.*)
 *(.text .stub .text.* .gnu.linkonce.t.*)
 .text          0x000000000000f2a0        0x0 /usr/lib/gcc/i686-linux-gnu/4.8/../../../i386-linux-gnu/crti.o
 .gnu.linkonce.t.__x86.get_pc_thunk.bx
                0x000000000000f2a0        0x4 /usr/lib/gcc/i686-linux-gnu/4.8/../../../i386-linux-gnu/crti.o
                0x000000000000f2a0                __x86.get_pc_thunk.bx
 *fill*         0x000000000000f2a4        0xc 
 .text          0x000000000000f2b0      0x11b /usr/lib/gcc/i686-linux-gnu/4.8/crtbeginS.o
 .text          0x000000000000f3cb      0x3ce udp-server.co
 .text          0x000000000000f799      0x9c8 obj_cooja/mtype886.o
                0x000000000000f947                contiki_init
                0x000000000000ff78                Java_org_contikios_cooja_corecomm_Lib24_init
                0x000000000000ffb8                Java_org_contikios_cooja_corecomm_Lib24_getMemory
                0x000000000000fff8                Java_org_contikios_cooja_corecomm_Lib24_setMemory
                0x000000000001006f                Java_org_contikios_cooja_corecomm_Lib24_tick
                0x000000000001014f                Java_org_contikios_cooja_corecomm_Lib24_setReferenceAddress
 .text          0x0000000000010161       0x63 obj_cooja/mtype886.a(simEnvChange.o)
                0x0000000000010161                doActionsBeforeTick
                0x0000000000010192                doActionsAfterTick
 .text          0x00000000000101c4       0xbc obj_cooja/mtype886.a(cooja_mt.o)
                0x00000000000101c4                cooja_mt_init
                0x00000000000101d1                cooja_mt_remove
                0x00000000000101de                cooja_mt_start
                0x000000000001020b                cooja_mt_exec
                0x000000000001023c                cooja_mt_exit
                0x000000000001025e                cooja_mt_yield
 .text          0x0000000000010280      0x115 obj_cooja/mtype886.a(cooja_mtarch.o)
                0x0000000000010280                cooja_mtarch_init
                0x0000000000010285                cooja_mtarch_start
                0x0000000000010300                cooja_sw
                0x0000000000010322                cooja_mtarch_exec
                0x000000000001033e                cooja_mtarch_remove
                0x0000000000010343                cooja_mtarch_yield
                0x000000000001034d                cooja_mtarch_pstop
                0x0000000000010352                cooja_mtarch_pstart
                0x0000000000010357                cooja_mtarch_stack_usage
 .text          0x0000000000010395       0xc2 obj_cooja/mtype886.a(rtimer-arch.o)
                0x0000000000010395                rtimer_arch_init
                0x00000000000103b8                rtimer_arch_schedule
                0x00000000000103cf                rtimer_arch_next
                0x00000000000103d9                rtimer_arch_pending
                0x00000000000103e3                rtimer_arch_check
                0x0000000000010415                rtimer_arch_now
 .text          0x0000000000010457       0x76 obj_cooja/mtype886.a(beep.o)
                0x0000000000010457                beep_alarm
                0x0000000000010463                beep_beep
                0x000000000001046f                beep
                0x000000000001047b                beep_down
                0x0000000000010487                beep_on
                0x0000000000010493                beep_off
                0x000000000001049f                beep_spinup
                0x00000000000104ab                beep_quick
                0x00000000000104b7                beep_long
 .text          0x00000000000104cd      0x103 obj_cooja/mtype886.a(button-sensor.o)
 .text          0x00000000000105d0       0x45 obj_cooja/mtype886.a(leds-arch.o)
                0x00000000000105d0                leds_arch_init
                0x00000000000105dc                leds_arch_get
                0x00000000000105e8                leds_arch_set
 .text          0x0000000000010615       0x2f obj_cooja/mtype886.a(moteid.o)
 .text          0x0000000000010644       0xb1 obj_cooja/mtype886.a(pir-sensor.o)
 .text          0x00000000000106f5      0x131 obj_cooja/mtype886.a(rs232.o)
                0x00000000000106f5                rs232_init
                0x00000000000106fa                rs232_set_speed
                0x0000000000010708                rs232_set_input
                0x0000000000010715                rs232_send
                0x0000000000010737                rs232_print
                0x0000000000010752                slip_arch_writeb
 .text          0x0000000000010826       0xb1 obj_cooja/mtype886.a(vib-sensor.o)
 .text          0x00000000000108d7       0x34 obj_cooja/mtype886.a(clock.o)
                0x00000000000108d7                clock_init
                0x00000000000108dc                clock_time
                0x00000000000108e6                clock_seconds
                0x00000000000108fc                clock_delay
 .text          0x000000000001090b      0x1ed obj_cooja/mtype886.a(log.o)
                0x000000000001090b                simlog_char
                0x000000000001094d                simlog
                0x00000000000109ba                log_message
                0x00000000000109e2                log_set_putchar_with_slip
                0x00000000000109ef                log_putchar
                0x0000000000010a73                log_puts
                0x0000000000010a97                log_printf
 .text          0x0000000000010af8      0x2c4 obj_cooja/mtype886.a(cfs-cooja.o)
                0x0000000000010af8                cfs_open
                0x0000000000010b61                cfs_close
                0x0000000000010b6d                cfs_read
                0x0000000000010c0b                cfs_write
                0x0000000000010ce8                cfs_seek
                0x0000000000010d70                cfs_remove
                0x0000000000010d99                cfs_opendir
                0x0000000000010da3                cfs_readdir
                0x0000000000010dad                cfs_closedir
 .text          0x0000000000010dbc      0x58f obj_cooja/mtype886.a(cooja-radio.o)
                0x0000000000010de6                radio_set_channel
                0x0000000000010dfb                radio_set_txpower
                0x0000000000010e1b                radio_signal_strength_last
                0x0000000000010e25                radio_signal_strength_current
                0x0000000000010e2f                radio_LQI
 .text          0x000000000001134b       0xef obj_cooja/mtype886.a(eeprom.o)
                0x000000000001134b                eeprom_init
                0x0000000000011350                eeprom_read
                0x00000000000113c0                eeprom_write
 .text          0x000000000001143a       0x28 obj_cooja/mtype886.a(random.o)
                0x000000000001143a                random_init
                0x0000000000011455                random_rand
 .text          0x0000000000011462      0x2a1 obj_cooja/mtype886.a(sensors.o)
                0x000000000001149d                sensors_first
                0x00000000000114a7                sensors_next
                0x00000000000114c4                sensors_changed
                0x00000000000114f3                sensors_find
 .text          0x0000000000011703      0x37d obj_cooja/mtype886.a(dual_conf.o)
                0x0000000000011703                dual_radio_switch
                0x0000000000011743                dual_radio_change
                0x000000000001177d                sending_in_LR
                0x00000000000117a8                dual_radio_received
                0x00000000000117e0                radio_received_is_longrange
                0x0000000000011a0d                dio_broadcast
                0x0000000000011a36                dis_broadcast
                0x0000000000011a57                dio_ack_broadcast
 .text          0x0000000000011a80       0x8e obj_cooja/mtype886.a(autostart.o)
                0x0000000000011a80                autostart_start
                0x0000000000011acb                autostart_exit
 .text          0x0000000000011b0e      0x334 obj_cooja/mtype886.a(ctimer.o)
                0x0000000000011c25                ctimer_init
                0x0000000000011c55                ctimer_set
                0x0000000000011c86                ctimer_set_with_process
                0x0000000000011d02                ctimer_reset
                0x0000000000011d51                ctimer_restart
                0x0000000000011da0                ctimer_stop
                0x0000000000011deb                ctimer_expired
 .text          0x0000000000011e42      0x40b obj_cooja/mtype886.a(etimer.o)
                0x0000000000012055                etimer_request_poll
                0x00000000000120d9                etimer_set
                0x00000000000120fe                etimer_reset_with_new_interval
                0x0000000000012125                etimer_reset
                0x0000000000012143                etimer_restart
                0x0000000000012161                etimer_adjust
                0x000000000001217d                etimer_expired
                0x0000000000012190                etimer_expiration_time
                0x00000000000121a2                etimer_start_time
                0x00000000000121ac                etimer_pending
                0x00000000000121be                etimer_next_expiration_time
                0x00000000000121d8                etimer_stop
 .text          0x000000000001224d       0xa1 obj_cooja/mtype886.a(log_message.o)
                0x000000000001224d                log_initialization
                0x00000000000122cd                log_finisher
 .text          0x00000000000122ee      0x560 obj_cooja/mtype886.a(process.o)
                0x00000000000122ee                process_alloc_event
                0x0000000000012303                process_start
                0x00000000000124ec                process_exit
                0x0000000000012508                process_init
                0x00000000000126d9                process_run
                0x000000000001270c                process_nevents
                0x0000000000012727                process_post
                0x00000000000127d3                process_post_synch
                0x000000000001280b                process_poll
                0x000000000001283a                process_is_running
 .text          0x000000000001284e       0xd3 obj_cooja/mtype886.a(residual.o)
                0x000000000001284e                get_residual_energy
 .text          0x0000000000012921       0xba obj_cooja/mtype886.a(rtimer.o)
                0x0000000000012921                rtimer_init
                0x000000000001292e                rtimer_set
                0x0000000000012985                rtimer_run_next
 .text          0x00000000000129db       0x91 obj_cooja/mtype886.a(timer.o)
                0x00000000000129db                timer_set
                0x00000000000129f6                timer_reset
                0x0000000000012a0d                timer_restart
                0x0000000000012a1f                timer_expired
                0x0000000000012a48                timer_remaining
 .text          0x0000000000012a6c      0x1fb obj_cooja/mtype886.a(serial-line.o)
                0x0000000000012a6c                serial_line_input_byte
                0x0000000000012c2f                serial_line_init
 .text          0x0000000000012c67      0x244 obj_cooja/mtype886.a(list.o)
                0x0000000000012c67                list_init
                0x0000000000012c75                list_head
                0x0000000000012c7f                list_copy
                0x0000000000012c8e                list_tail
                0x0000000000012cc4                list_add
                0x0000000000012d0d                list_push
                0x0000000000012d39                list_chop
                0x0000000000012da3                list_pop
                0x0000000000012dcb                list_remove
                0x0000000000012e32                list_length
                0x0000000000012e60                list_insert
                0x0000000000012e94                list_item_next
 .text          0x0000000000012eab      0x155 obj_cooja/mtype886.a(ringbuf.o)
                0x0000000000012eab                ringbuf_init
                0x0000000000012edc                ringbuf_put
                0x0000000000012f5a                ringbuf_get
                0x0000000000012fc7                ringbuf_size
                0x0000000000012fd9                ringbuf_elements
 .text          0x0000000000013000     0x258b obj_cooja/mtype886.a(sicslowpan.o)
                0x000000000001358a                rime_sniffer_add
                0x0000000000013597                rime_sniffer_remove
                0x000000000001552a                sicslowpan_init
                0x0000000000015581                sicslowpan_get_last_rssi
 .text          0x000000000001558b      0x2dc obj_cooja/mtype886.a(uip-ds6-nbr.o)
                0x00000000000155a8                uip_ds6_neighbors_init
                0x00000000000155c5                uip_ds6_nbr_add
                0x0000000000015676                uip_ds6_nbr_rm
                0x00000000000156d3                uip_ds6_nbr_get_ipaddr
                0x00000000000156e8                uip_ds6_nbr_get_ll
                0x0000000000015704                uip_ds6_nbr_num
                0x0000000000015749                uip_ds6_nbr_lookup
                0x00000000000157ae                uip_ds6_nbr_ll_lookup
                0x00000000000157ca                uip_ds6_nbr_ipaddr_from_lladdr
                0x00000000000157f0                uip_ds6_nbr_lladdr_from_ipaddr
                0x000000000001581e                uip_ds6_link_neighbor_callback
 .text          0x0000000000015867     0x12ad obj_cooja/mtype886.a(uip-ds6.o)
                0x0000000000015867                uip_ds6_init
                0x0000000000015bbc                uip_ds6_periodic
                0x0000000000015c94                uip_ds6_list_loop
                0x0000000000015d3b                uip_ds6_prefix_add
                0x0000000000015df9                uip_ds6_prefix_rm
                0x0000000000015e0b                uip_ds6_prefix_lookup
                0x0000000000015e5c                uip_ds6_is_addr_onlink
                0x0000000000015ed0                uip_ds6_addr_add
                0x0000000000015ffe                uip_ds6_long_addr_add
                0x000000000001612c                uip_ds6_addr_rm
                0x00000000000161cc                uip_ds6_addr_lookup
                0x0000000000016217                uip_ds6_long_addr_lookup
                0x0000000000016262                uip_ds6_get_link_local
                0x00000000000162e1                uip_ds6_long_get_link_local
                0x0000000000016360                uip_ds6_get_global
                0x00000000000163df                uip_ds6_long_get_global
                0x000000000001645e                uip_ds6_maddr_add
                0x00000000000164d0                uip_ds6_long_maddr_add
                0x0000000000016542                uip_ds6_maddr_rm
                0x0000000000016554                uip_ds6_maddr_lookup
                0x000000000001659f                uip_ds6_long_maddr_lookup
                0x00000000000165ea                uip_ds6_aaddr_add
                0x000000000001665c                uip_ds6_long_aaddr_add
                0x00000000000166ce                uip_ds6_aaddr_rm
                0x00000000000166e0                uip_ds6_aaddr_lookup
                0x000000000001672b                uip_ds6_long_aaddr_lookup
                0x0000000000016776                uip_ds6_select_src
                0x00000000000169ff                uip_ds6_set_addr_iid
                0x0000000000016a36                get_match_length
                0x0000000000016ac8                uip_ds6_compute_reachable_time
 .text          0x0000000000016b14     0x29f3 obj_cooja/mtype886.a(uip6.o)
                0x0000000000016b14                uip_add32
                0x0000000000016cad                uip_chksum
                0x0000000000016d9b                uip_icmp6chksum
                0x0000000000016daf                uip_tcpchksum
                0x0000000000016dc3                uip_udpchksum
                0x0000000000016dd7                uip_init
                0x0000000000016ea7                uip_connect
                0x0000000000017056                remove_ext_hdr
                0x000000000001712b                uip_udp_new
                0x0000000000017287                uip_unlisten
                0x00000000000172e7                uip_listen
                0x00000000000175a9                uip_process
                0x00000000000193fb                uip_htons
                0x000000000001941d                uip_htonl
                0x000000000001945d                uip_send
 .text          0x0000000000019507      0xa6e obj_cooja/mtype886.a(tcpip.o)
                0x0000000000019507                tcpip_output
                0x0000000000019535                tcpip_set_outputfunc
                0x00000000000195c9                tcp_connect
                0x000000000001961e                tcp_unlisten
                0x0000000000019679                tcp_listen
                0x00000000000196d2                tcp_attach
                0x00000000000196f7                udp_attach
                0x000000000001971c                udp_new
                0x000000000001976e                udp_broadcast_new
                0x00000000000199e2                tcpip_input
                0x0000000000019a16                tcpip_ipv6_output
                0x0000000000019dbb                tcpip_poll_udp
                0x0000000000019dde                tcpip_poll_tcp
                0x0000000000019e01                tcpip_uipcall
 .text          0x0000000000019f75      0x1c1 obj_cooja/mtype886.a(uip-debug.o)
                0x0000000000019f75                uip_debug_ipaddr_print
                0x000000000001a0d7                uip_debug_lladdr_print
 .text          0x000000000001a136      0x141 obj_cooja/mtype886.a(uip-packetqueue)
                0x000000000001a162                uip_packetqueue_new
                0x000000000001a170                uip_packetqueue_alloc
                0x000000000001a1d0                uip_packetqueue_free
                0x000000000001a211                uip_packetqueue_buf
                0x000000000001a22e                uip_packetqueue_buflen
                0x000000000001a24f                uip_packetqueue_set_buflen
 .text          0x000000000001a277     0x2513 obj_cooja/mtype886.a(rpl-dag.o)
                0x000000000001a277                rpl_print_neighbor_list
                0x000000000001a320                rpl_print_child_neighbor_list
                0x000000000001a395                rpl_get_nbr
                0x000000000001a3ef                rpl_get_nbr_child
                0x000000000001a449                rpl_dag_init
                0x000000000001a47b                rpl_get_parent
                0x000000000001a49d                rpl_get_parent_rank
                0x000000000001a4d0                rpl_get_parent_link_metric
                0x000000000001a503                rpl_get_parent_ipaddr
                0x000000000001a52d                rpl_get_child_ipaddr
                0x000000000001a841                rpl_set_root
                0x000000000001aa68                rpl_repair_root
                0x000000000001aca4                rpl_set_prefix
                0x000000000001ada3                rpl_set_default_route
                0x000000000001ae2f                rpl_alloc_instance
                0x000000000001aec2                rpl_alloc_dag
                0x000000000001af73                rpl_set_default_instance
                0x000000000001af80                rpl_get_default_instance
                0x000000000001af8a                rpl_free_instance
                0x000000000001b039                rpl_free_dag
                0x000000000001b09f                rpl_add_parent
                0x000000000001b1a2                rpl_find_parent
                0x000000000001b1d2                rpl_add_child
                0x000000000001b285                rpl_find_child
                0x000000000001b2d3                rpl_find_parent_any_dag
                0x000000000001b30f                rpl_select_dag
                0x000000000001b6ec                rpl_select_parent
                0x000000000001b74e                rpl_remove_parent
                0x000000000001b775                rpl_remove_child
                0x000000000001b7a0                rpl_nullify_parent
                0x000000000001b83e                rpl_move_parent
                0x000000000001b8db                rpl_has_downward_route
                0x000000000001b92e                rpl_get_any_dag
                0x000000000001b990                rpl_get_instance
                0x000000000001b9f3                rpl_find_of
                0x000000000001ba30                rpl_join_instance
                0x000000000001bcab                rpl_add_dag
                0x000000000001c09a                rpl_local_repair
                0x000000000001c15e                rpl_recalculate_ranks
                0x000000000001c1e4                rpl_process_parent_event
                0x000000000001c296                rpl_process_dio
 .text          0x000000000001c78a      0xbf3 obj_cooja/mtype886.a(rpl-ext-header.)
                0x000000000001c7a7                rpl_verify_header
                0x000000000001cc21                rpl_update_header_empty
                0x000000000001cf38                rpl_update_header_final
                0x000000000001d0c7                rpl_remove_header
                0x000000000001d1d1                rpl_invert_header
                0x000000000001d35b                rpl_insert_header
 .text          0x000000000001d37d     0x27a1 obj_cooja/mtype886.a(rpl-icmp6.o)
                0x000000000001d646                rpl_icmp6_update_nbr_table
                0x000000000001d736                dis_output
                0x000000000001e0ce                dio_output
                0x000000000001eae9                dio_ack_output
                0x000000000001f628                dao_output
                0x000000000001f745                dao_output_target
                0x000000000001fac6                dao_ack_output
                0x000000000001fada                rpl_icmp6_register_handlers
 .text          0x000000000001fb1e      0x419 obj_cooja/mtype886.a(rpl-ltmax-of.o)
 .text          0x000000000001ff37      0x904 obj_cooja/mtype886.a(rpl-timers.o)
                0x000000000002017d                rpl_reset_periodic_timer
                0x00000000000201d2                rpl_reset_dio_timer
                0x000000000002040c                rpl_schedule_dao
                0x0000000000020427                rpl_schedule_dao_immediately
                0x0000000000020442                rpl_cancel_dao
                0x000000000002056d                rpl_schedule_dio_ack
                0x0000000000020588                rpl_schedule_dio_ack_immediately
                0x00000000000205a3                rpl_cancel_dio_ack
                0x00000000000205f5                rpl_schedule_unicast_dio_immediately
                0x00000000000207e3                rpl_schedule_probing
 .text          0x000000000002083b      0x59b obj_cooja/mtype886.a(rpl.o)
                0x000000000002083b                rpl_get_mode
                0x0000000000020845                rpl_set_mode
                0x00000000000208d3                rpl_purge_routes
                0x00000000000209cd                rpl_remove_routes
                0x0000000000020a13                rpl_remove_routes_by_nexthop
                0x0000000000020a7f                rpl_add_route
                0x0000000000020afa                rpl_link_neighbor_callback
                0x0000000000020bff                rpl_ipv6_neighbor_callback
                0x0000000000020c6e                rpl_purge_dags
                0x0000000000020d50                rpl_init
 .text          0x0000000000020dd6      0x3f5 obj_cooja/mtype886.a(framer-802154.o)
 .text          0x00000000000211cb       0x5e obj_cooja/mtype886.a(nullmac.o)
 .text          0x0000000000021229      0x4ce obj_cooja/mtype886.a(nullrdc.o)
 .text          0x00000000000216f7       0x82 obj_cooja/mtype886.a(linkaddr.o)
                0x00000000000216f7                linkaddr_copy
                0x0000000000021719                linkaddr_cmp
                0x0000000000021743                linkaddr_set_node_addr
                0x000000000002175e                linkaddr_set_node_long_addr
 .text          0x0000000000021779      0x88c obj_cooja/mtype886.a(nbr-table.o)
                0x0000000000021779                lladdr_map_add_lr
                0x0000000000021836                lladdr_map_rm_lr
                0x0000000000021cfb                nbr_table_register
                0x0000000000021d43                nbr_table_head
                0x0000000000021d9f                nbr_table_next
                0x0000000000021e06                nbr_table_add_lladdr
                0x0000000000021ee2                nbr_table_get_from_lladdr
                0x0000000000021f2f                nbr_table_remove
                0x0000000000021f81                nbr_table_lock
                0x0000000000021fab                nbr_table_unlock
                0x0000000000021fd5                nbr_table_get_lladdr
 .text          0x0000000000022005       0x2b obj_cooja/mtype886.a(netstack.o)
                0x0000000000022005                netstack_init
 .text          0x0000000000022030      0x3cd obj_cooja/mtype886.a(packetbuf.o)
                0x0000000000022030                packetbuf_clear
                0x000000000002205a                packetbuf_copyfrom
                0x00000000000220ac                packetbuf_compact
                0x0000000000022129                packetbuf_copyto
                0x00000000000221c0                packetbuf_hdralloc
                0x000000000002223d                packetbuf_hdrreduce
                0x0000000000022285                packetbuf_set_datalen
                0x000000000002229e                packetbuf_dataptr
                0x00000000000222bb                packetbuf_hdrptr
                0x00000000000222c5                packetbuf_datalen
                0x00000000000222d1                packetbuf_hdrlen
                0x00000000000222e8                packetbuf_totlen
                0x00000000000222fe                packetbuf_attr_clear
                0x0000000000022350                packetbuf_attr_copyto
                0x0000000000022399                packetbuf_attr_copyfrom
                0x00000000000223e1                packetbuf_holds_broadcast
 .text          0x00000000000223fd      0x2b4 obj_cooja/mtype886.a(queuebuf.o)
                0x0000000000022407                queuebuf_init
                0x0000000000022427                queuebuf_numfree
                0x000000000002243b                queuebuf_new_from_packetbuf
                0x00000000000224cb                queuebuf_update_attr_from_packetbuf
                0x00000000000224fe                queuebuf_update_from_packetbuf
                0x0000000000022548                queuebuf_free
                0x000000000002258f                queuebuf_to_packetbuf
                0x00000000000225f5                queuebuf_dataptr
                0x000000000002262c                queuebuf_datalen
                0x000000000002264f                queuebuf_addr
                0x0000000000022681                queuebuf_attr
                0x00000000000226ac                queuebuf_debug_print
 .text          0x00000000000226b1       0x6e obj_cooja/mtype886.a(nullsec.o)
 .text          0x000000000002271f       0x19 obj_cooja/mtype886.a(watchdog.o)
                0x000000000002271f                watchdog_init
                0x0000000000022724                watchdog_start
                0x0000000000022729                watchdog_periodic
                0x000000000002272e                watchdog_stop
                0x0000000000022733                watchdog_reboot
 .text          0x0000000000022738        0x0 obj_cooja/mtype886.a(rimestats.o)
 .text          0x0000000000022738       0xa3 obj_cooja/mtype886.a(stimer.o)
                0x0000000000022738                stimer_set
                0x0000000000022753                stimer_reset
                0x000000000002276a                stimer_restart
                0x000000000002277c                stimer_expired
                0x00000000000227a3                stimer_remaining
                0x00000000000227c7                stimer_elapsed
 .text          0x00000000000227db      0x1c1 obj_cooja/mtype886.a(memb.o)
                0x00000000000227db                memb_init
                0x0000000000022839                memb_alloc
                0x000000000002289e                memb_free
                0x0000000000022919                memb_inmemb
                0x0000000000022958                memb_numfree
 .text          0x000000000002299c      0x916 obj_cooja/mtype886.a(uip-ds6-route.o)
                0x0000000000022a13                uip_ds6_notification_add
                0x0000000000022a44                uip_ds6_notification_rm
                0x0000000000022a60                uip_ds6_route_init
                0x0000000000022ae8                uip_ds6_route_nexthop
                0x0000000000022b10                uip_ds6_route_head
                0x0000000000022b25                uip_ds6_route_next
                0x0000000000022b4b                uip_ds6_route_is_nexthop
                0x0000000000022b8a                uip_ds6_route_num_routes
                0x0000000000022b94                uip_ds6_route_lookup
                0x0000000000022c56                uip_ds6_route_add
                0x0000000000022e8a                uip_ds6_route_rm
                0x000000000002301e                uip_ds6_route_rm_by_nexthop
                0x0000000000023056                uip_ds6_defrt_add
                0x0000000000023107                uip_ds6_defrt_rm
                0x0000000000023186                uip_ds6_defrt_lookup
                0x00000000000231df                uip_ds6_defrt_choose
                0x000000000002324a                uip_ds6_defrt_periodic
 .text          0x00000000000232b2      0xab2 obj_cooja/mtype886.a(uip-icmp6.o)
                0x0000000000023320                uip_icmp6_input
                0x0000000000023376                uip_icmp6_register_input_handler
                0x000000000002363e                uip_icmp6_error_output
                0x0000000000023983                uip_icmp6_send
                0x0000000000023cf7                uip_icmp6_echo_reply_callback_add
                0x0000000000023d28                uip_icmp6_echo_reply_callback_rm
                0x0000000000023d44                uip_icmp6_init
 .text          0x0000000000023d64      0x358 obj_cooja/mtype886.a(uip-nd6.o)
                0x0000000000023db8                uip_nd6_ns_output
                0x00000000000240b7                uip_nd6_init
 .text          0x00000000000240bc      0x41f obj_cooja/mtype886.a(rpl-nbr-policy.)
                0x00000000000242f7                find_removable_dis
                0x0000000000024338                find_removable_dio
                0x0000000000024428                find_removable_dao
                0x0000000000024484                rpl_nbr_policy_find_removable
 .text          0x00000000000244db      0x97c obj_cooja/mtype886.a(frame802154.o)
                0x000000000002450c                frame802154_get_pan_id
                0x0000000000024518                frame802154_set_pan_id
                0x0000000000024531                frame802154_has_panid
                0x000000000002461d                frame802154_check_dest_panid
                0x0000000000024685                frame802154_is_broadcast_addr
                0x00000000000246d2                frame802154_extract_linkaddr
                0x0000000000024912                frame802154_hdrlen
                0x0000000000024963                frame802154_create
                0x0000000000024b4e                frame802154_parse
 .text          0x0000000000024e57      0x181 obj_cooja/mtype886.a(mac-sequence.o)
                0x0000000000024e8e                mac_sequence_is_duplicate
                0x0000000000024f11                mac_sequence_register_seqno
 .text          0x0000000000024fd8       0x3c obj_cooja/mtype886.a(mac.o)
                0x0000000000024fd8                mac_call_sent_callback
 .text          0x0000000000025014        0x0 /usr/lib/gcc/i686-linux-gnu/4.8/crtendS.o
 .text          0x0000000000025014        0x0 /usr/lib/gcc/i686-linux-gnu/4.8/../../../i386-linux-gnu/crtn.o
 *(.gnu.warning)

.fini           0x0000000000025014       0x14
 *(SORT(.fini))
 .fini          0x0000000000025014        0xf /usr/lib/gcc/i686-linux-gnu/4.8/../../../i386-linux-gnu/crti.o
                0x0000000000025014                _fini
 .fini          0x0000000000025023        0x5 /usr/lib/gcc/i686-linux-gnu/4.8/../../../i386-linux-gnu/crtn.o
                0x0000000000025028                PROVIDE (__etext, .)
                0x0000000000025028                PROVIDE (_etext, .)
                0x0000000000025028                PROVIDE (etext, .)

.rodata         0x0000000000025040      0x9c1
 *(.rodata .rodata.* .gnu.linkonce.r.*)
 .rodata        0x0000000000025040      0x148 udp-server.co
                0x0000000000025054                autostart_processes
 .rodata        0x0000000000025188      0x1e6 obj_cooja/mtype886.o
 *fill*         0x000000000002536e        0x2 
 .rodata        0x0000000000025370        0x8 obj_cooja/mtype886.a(beep.o)
                0x0000000000025370                beep_interface
 .rodata        0x0000000000025378       0x20 obj_cooja/mtype886.a(button-sensor.o)
                0x0000000000025378                button_interface
                0x0000000000025388                button_sensor
 .rodata        0x0000000000025398        0x8 obj_cooja/mtype886.a(leds-arch.o)
                0x0000000000025398                leds_interface
 .rodata        0x00000000000253a0        0x8 obj_cooja/mtype886.a(moteid.o)
                0x00000000000253a0                moteid_interface
 .rodata        0x00000000000253a8       0x1c obj_cooja/mtype886.a(pir-sensor.o)
                0x00000000000253a8                pir_interface
                0x00000000000253b4                pir_sensor
 .rodata        0x00000000000253c4        0xe obj_cooja/mtype886.a(rs232.o)
                0x00000000000253c4                rs232_interface
 *fill*         0x00000000000253d2        0x2 
 .rodata        0x00000000000253d4       0x24 obj_cooja/mtype886.a(vib-sensor.o)
                0x00000000000253d4                vib_interface
                0x00000000000253e8                vib_sensor
 .rodata        0x00000000000253f8        0x8 obj_cooja/mtype886.a(clock.o)
                0x00000000000253f8                clock_interface
 .rodata        0x0000000000025400        0x8 obj_cooja/mtype886.a(log.o)
                0x0000000000025400                simlog_interface
 .rodata        0x0000000000025408       0x2f obj_cooja/mtype886.a(cfs-cooja.o)
                0x0000000000025408                cfs_interface
 *fill*         0x0000000000025437        0x9 
 .rodata        0x0000000000025440       0x60 obj_cooja/mtype886.a(cooja-radio.o)
                0x0000000000025460                cooja_radio_driver
                0x0000000000025498                radio_interface
 .rodata        0x00000000000254a0        0x8 obj_cooja/mtype886.a(eeprom.o)
                0x00000000000254a0                eeprom_interface
 .rodata        0x00000000000254a8        0x8 obj_cooja/mtype886.a(sensors.o)
 .rodata        0x00000000000254b0       0x2e obj_cooja/mtype886.a(dual_conf.o)
 .rodata        0x00000000000254de        0xf obj_cooja/mtype886.a(ctimer.o)
 .rodata        0x00000000000254ed        0xc obj_cooja/mtype886.a(etimer.o)
 *fill*         0x00000000000254f9        0x3 
 .rodata        0x00000000000254fc       0x73 obj_cooja/mtype886.a(log_message.o)
 *fill*         0x000000000002556f        0x1 
 .rodata        0x0000000000025570       0x20 obj_cooja/mtype886.a(residual.o)
 .rodata        0x0000000000025590        0xe obj_cooja/mtype886.a(serial-line.o)
 *fill*         0x000000000002559e        0x2 
 .rodata        0x00000000000255a0       0x2c obj_cooja/mtype886.a(sicslowpan.o)
                0x00000000000255a0                unc_llconf
                0x00000000000255a4                unc_ctxconf
                0x00000000000255a8                unc_mxconf
                0x00000000000255ac                llprefix
                0x00000000000255c0                sicslowpan_driver
 .rodata        0x00000000000255cc      0x13c obj_cooja/mtype886.a(uip6.o)
 .rodata        0x0000000000025708       0x29 obj_cooja/mtype886.a(tcpip.o)
 .rodata        0x0000000000025731       0x3e obj_cooja/mtype886.a(uip-debug.o)
 *fill*         0x000000000002576f        0x1 
 .rodata        0x0000000000025770        0x4 obj_cooja/mtype886.a(rpl-dag.o)
 .rodata        0x0000000000025774       0x64 obj_cooja/mtype886.a(rpl-icmp6.o)
 .rodata        0x00000000000257d8        0xc obj_cooja/mtype886.a(framer-802154.o)
                0x00000000000257d8                framer_802154
 .rodata        0x00000000000257e4       0x24 obj_cooja/mtype886.a(nullmac.o)
                0x00000000000257ec                nullmac_driver
 *fill*         0x0000000000025808       0x18 
 .rodata        0x0000000000025820       0x40 obj_cooja/mtype886.a(nullrdc.o)
                0x0000000000025840                nullrdc_driver
 .rodata        0x0000000000025860        0x8 obj_cooja/mtype886.a(linkaddr.o)
                0x0000000000025860                linkaddr_null
 .rodata        0x0000000000025868       0x18 obj_cooja/mtype886.a(nullsec.o)
                0x0000000000025870                nullsec_driver
 .rodata        0x0000000000025880      0x181 obj_cooja/mtype886.a(rpl-nbr-policy.)

.rodata1
 *(.rodata1)

.eh_frame_hdr   0x0000000000025a04     0x135c
 *(.eh_frame_hdr)
 .eh_frame_hdr  0x0000000000025a04     0x135c udp-server.co

.eh_frame       0x0000000000026d60     0x4eb4
 *(.eh_frame)
 .eh_frame      0x0000000000026d60       0x3c /usr/lib/gcc/i686-linux-gnu/4.8/../../../i386-linux-gnu/crti.o
                                         0x40 (size before relaxing)
 .eh_frame      0x0000000000026d9c       0x68 udp-server.co
                                         0x80 (size before relaxing)
 .eh_frame      0x0000000000026e04      0x148 obj_cooja/mtype886.o
                                        0x160 (size before relaxing)
 .eh_frame      0x0000000000026f4c       0x40 obj_cooja/mtype886.a(simEnvChange.o)
                                         0x58 (size before relaxing)
 .eh_frame      0x0000000000026f8c       0xc0 obj_cooja/mtype886.a(cooja_mt.o)
                                         0xd8 (size before relaxing)
 .eh_frame      0x000000000002704c      0x120 obj_cooja/mtype886.a(cooja_mtarch.o)
                                        0x138 (size before relaxing)
 .eh_frame      0x000000000002716c       0xc0 obj_cooja/mtype886.a(rtimer-arch.o)
                                         0xd8 (size before relaxing)
 .eh_frame      0x000000000002722c      0x160 obj_cooja/mtype886.a(beep.o)
                                        0x178 (size before relaxing)
 .eh_frame      0x000000000002738c       0xa0 obj_cooja/mtype886.a(button-sensor.o)
                                         0xb8 (size before relaxing)
 .eh_frame      0x000000000002742c       0xa0 obj_cooja/mtype886.a(leds-arch.o)
                                         0xb8 (size before relaxing)
 .eh_frame      0x00000000000274cc       0x40 obj_cooja/mtype886.a(moteid.o)
                                         0x58 (size before relaxing)
 .eh_frame      0x000000000002750c       0xa0 obj_cooja/mtype886.a(pir-sensor.o)
                                         0xb8 (size before relaxing)
 .eh_frame      0x00000000000275ac      0x100 obj_cooja/mtype886.a(rs232.o)
                                        0x118 (size before relaxing)
 .eh_frame      0x00000000000276ac       0xa0 obj_cooja/mtype886.a(vib-sensor.o)
                                         0xb8 (size before relaxing)
 .eh_frame      0x000000000002774c       0xc0 obj_cooja/mtype886.a(clock.o)
                                         0xd8 (size before relaxing)
 .eh_frame      0x000000000002780c      0x120 obj_cooja/mtype886.a(log.o)
                                        0x138 (size before relaxing)
 .eh_frame      0x000000000002792c      0x160 obj_cooja/mtype886.a(cfs-cooja.o)
                                        0x178 (size before relaxing)
 .eh_frame      0x0000000000027a8c      0x2e0 obj_cooja/mtype886.a(cooja-radio.o)
                                        0x2f8 (size before relaxing)
 .eh_frame      0x0000000000027d6c       0xa0 obj_cooja/mtype886.a(eeprom.o)
                                         0xb8 (size before relaxing)
 .eh_frame      0x0000000000027e0c       0x40 obj_cooja/mtype886.a(random.o)
                                         0x58 (size before relaxing)
 .eh_frame      0x0000000000027e4c       0xc0 obj_cooja/mtype886.a(sensors.o)
                                         0xd8 (size before relaxing)
 .eh_frame      0x0000000000027f0c      0x160 obj_cooja/mtype886.a(dual_conf.o)
                                        0x178 (size before relaxing)
 .eh_frame      0x000000000002806c       0x40 obj_cooja/mtype886.a(autostart.o)
                                         0x58 (size before relaxing)
 .eh_frame      0x00000000000280ac      0x100 obj_cooja/mtype886.a(ctimer.o)
                                        0x118 (size before relaxing)
 .eh_frame      0x00000000000281ac      0x1e0 obj_cooja/mtype886.a(etimer.o)
                                        0x1f8 (size before relaxing)
 .eh_frame      0x000000000002838c       0x40 obj_cooja/mtype886.a(log_message.o)
                                         0x58 (size before relaxing)
 .eh_frame      0x00000000000283cc      0x1c8 obj_cooja/mtype886.a(process.o)
                                        0x1e0 (size before relaxing)
 .eh_frame      0x0000000000028594       0x2c obj_cooja/mtype886.a(residual.o)
                                         0x44 (size before relaxing)
 .eh_frame      0x00000000000285c0       0x60 obj_cooja/mtype886.a(rtimer.o)
                                         0x78 (size before relaxing)
 .eh_frame      0x0000000000028620       0xa4 obj_cooja/mtype886.a(timer.o)
                                         0xbc (size before relaxing)
 .eh_frame      0x00000000000286c4       0x60 obj_cooja/mtype886.a(serial-line.o)
                                         0x78 (size before relaxing)
 .eh_frame      0x0000000000028724      0x180 obj_cooja/mtype886.a(list.o)
                                        0x198 (size before relaxing)
 .eh_frame      0x00000000000288a4       0xa0 obj_cooja/mtype886.a(ringbuf.o)
                                         0xb8 (size before relaxing)
 .eh_frame      0x0000000000028944      0x350 obj_cooja/mtype886.a(sicslowpan.o)
                                        0x368 (size before relaxing)
 .eh_frame      0x0000000000028c94      0x180 obj_cooja/mtype886.a(uip-ds6-nbr.o)
                                        0x198 (size before relaxing)
 .eh_frame      0x0000000000028e14      0x3c8 obj_cooja/mtype886.a(uip-ds6.o)
                                        0x3e0 (size before relaxing)
 .eh_frame      0x00000000000291dc      0x27c obj_cooja/mtype886.a(uip6.o)
                                        0x294 (size before relaxing)
 .eh_frame      0x0000000000029458      0x270 obj_cooja/mtype886.a(tcpip.o)
                                        0x288 (size before relaxing)
 .eh_frame      0x00000000000296c8       0x48 obj_cooja/mtype886.a(uip-debug.o)
                                         0x60 (size before relaxing)
 .eh_frame      0x0000000000029710       0xe0 obj_cooja/mtype886.a(uip-packetqueue)
                                         0xf8 (size before relaxing)
 .eh_frame      0x00000000000297f0      0x74c obj_cooja/mtype886.a(rpl-dag.o)
                                        0x764 (size before relaxing)
 .eh_frame      0x0000000000029f3c      0x10c obj_cooja/mtype886.a(rpl-ext-header.)
                                        0x124 (size before relaxing)
 .eh_frame      0x000000000002a048      0x2f8 obj_cooja/mtype886.a(rpl-icmp6.o)
                                        0x310 (size before relaxing)
 .eh_frame      0x000000000002a340       0xe8 obj_cooja/mtype886.a(rpl-ltmax-of.o)
                                        0x100 (size before relaxing)
 .eh_frame      0x000000000002a428      0x2b0 obj_cooja/mtype886.a(rpl-timers.o)
                                        0x2c8 (size before relaxing)
 .eh_frame      0x000000000002a6d8      0x140 obj_cooja/mtype886.a(rpl.o)
                                        0x158 (size before relaxing)
 .eh_frame      0x000000000002a818      0x108 obj_cooja/mtype886.a(framer-802154.o)
                                        0x120 (size before relaxing)
 .eh_frame      0x000000000002a920       0xc0 obj_cooja/mtype886.a(nullmac.o)
                                         0xd8 (size before relaxing)
 .eh_frame      0x000000000002a9e0      0x16c obj_cooja/mtype886.a(nullrdc.o)
                                        0x184 (size before relaxing)
 .eh_frame      0x000000000002ab4c       0x80 obj_cooja/mtype886.a(linkaddr.o)
                                         0x98 (size before relaxing)
 .eh_frame      0x000000000002abcc      0x2ac obj_cooja/mtype886.a(nbr-table.o)
                                        0x2c4 (size before relaxing)
 .eh_frame      0x000000000002ae78       0x20 obj_cooja/mtype886.a(netstack.o)
                                         0x38 (size before relaxing)
 .eh_frame      0x000000000002ae98      0x214 obj_cooja/mtype886.a(packetbuf.o)
                                        0x22c (size before relaxing)
 .eh_frame      0x000000000002b0ac      0x1a0 obj_cooja/mtype886.a(queuebuf.o)
                                        0x1b8 (size before relaxing)
 .eh_frame      0x000000000002b24c       0x80 obj_cooja/mtype886.a(nullsec.o)
                                         0x98 (size before relaxing)
 .eh_frame      0x000000000002b2cc       0xa0 obj_cooja/mtype886.a(watchdog.o)
                                         0xb8 (size before relaxing)
 .eh_frame      0x000000000002b36c       0xc4 obj_cooja/mtype886.a(stimer.o)
                                         0xdc (size before relaxing)
 .eh_frame      0x000000000002b430       0xa0 obj_cooja/mtype886.a(memb.o)
                                         0xb8 (size before relaxing)
 .eh_frame      0x000000000002b4d0      0x2a0 obj_cooja/mtype886.a(uip-ds6-route.o)
                                        0x2b8 (size before relaxing)
 .eh_frame      0x000000000002b770      0x164 obj_cooja/mtype886.a(uip-icmp6.o)
                                        0x17c (size before relaxing)
 .eh_frame      0x000000000002b8d4       0x68 obj_cooja/mtype886.a(uip-nd6.o)
                                         0x80 (size before relaxing)
 .eh_frame      0x000000000002b93c       0xc8 obj_cooja/mtype886.a(rpl-nbr-policy.)
                                         0xe0 (size before relaxing)
 .eh_frame      0x000000000002ba04      0x164 obj_cooja/mtype886.a(frame802154.o)
                                        0x17c (size before relaxing)
 .eh_frame      0x000000000002bb68       0x88 obj_cooja/mtype886.a(mac-sequence.o)
                                         0xa0 (size before relaxing)
 .eh_frame      0x000000000002bbf0       0x20 obj_cooja/mtype886.a(mac.o)
                                         0x38 (size before relaxing)
 .eh_frame      0x000000000002bc10        0x4 /usr/lib/gcc/i686-linux-gnu/4.8/crtendS.o

.gcc_except_table
 *(.gcc_except_table .gcc_except_table.*)

.exception_ranges
 *(.exception_ranges .exception_ranges*)
                0x000000000002bc14                . = (ALIGN (0x1000) - ((0x1000 - .) & 0xfff))
                0x000000000002cef8                . = DATA_SEGMENT_ALIGN (0x1000, 0x1000)

.eh_frame
 *(.eh_frame)

.gcc_except_table
 *(.gcc_except_table .gcc_except_table.*)

.exception_ranges
 *(.exception_ranges .exception_ranges*)

.tdata
 *(.tdata .tdata.* .gnu.linkonce.td.*)

.tbss
 *(.tbss .tbss.* .gnu.linkonce.tb.*)
 *(.tcommon)

.preinit_array
 *(.preinit_array)

.init_array     0x000000000002cef8        0x4
 *(SORT(.init_array.*) SORT(.ctors.*))
 *(.init_array EXCLUDE_FILE(*crtend?.o *crtend.o *crtbegin?.o *crtbegin.o) .ctors)
 .init_array    0x000000000002cef8        0x4 /usr/lib/gcc/i686-linux-gnu/4.8/crtbeginS.o

.fini_array     0x000000000002cefc        0x4
 *(SORT(.fini_array.*) SORT(.dtors.*))
 *(.fini_array EXCLUDE_FILE(*crtend?.o *crtend.o *crtbegin?.o *crtbegin.o) .dtors)
 .fini_array    0x000000000002cefc        0x4 /usr/lib/gcc/i686-linux-gnu/4.8/crtbeginS.o

.ctors
 *crtbegin.o(.ctors)
 *crtbegin?.o(.ctors)
 *(EXCLUDE_FILE(*crtend?.o *crtend.o) .ctors)
 *(SORT(.ctors.*))
 *(.ctors)

.dtors
 *crtbegin.o(.dtors)
 *crtbegin?.o(.dtors)
 *(EXCLUDE_FILE(*crtend?.o *crtend.o) .dtors)
 *(SORT(.dtors.*))
 *(.dtors)

.jcr            0x000000000002cf00        0x4
 *(.jcr)
 .jcr           0x000000000002cf00        0x0 /usr/lib/gcc/i686-linux-gnu/4.8/crtbeginS.o
 .jcr           0x000000000002cf00        0x4 /usr/lib/gcc/i686-linux-gnu/4.8/crtendS.o

.data.rel.ro
 *(.data.rel.ro.local* .gnu.linkonce.d.rel.ro.local.*)
 *(.data.rel.ro .data.rel.ro.* .gnu.linkonce.d.rel.ro.*)

.dynamic        0x000000000002cf04       0xe8
 *(.dynamic)
 .dynamic       0x000000000002cf04       0xe8 /usr/lib/gcc/i686-linux-gnu/4.8/../../../i386-linux-gnu/crti.o
                0x000000000002cf04                _DYNAMIC

.got            0x000000000002cfec       0x14
 *(.got)
 .got           0x000000000002cfec       0x14 /usr/lib/gcc/i686-linux-gnu/4.8/../../../i386-linux-gnu/crti.o
 *(.igot)
                0x000000000002dff4                . = DATA_SEGMENT_RELRO_END (., (SIZEOF (.got.plt) >= 0xc)?0xc:0x0)

.got.plt        0x000000000002d000       0x14
 *(.got.plt)
 .got.plt       0x000000000002d000       0x14 /usr/lib/gcc/i686-linux-gnu/4.8/../../../i386-linux-gnu/crti.o
                0x000000000002d000                _GLOBAL_OFFSET_TABLE_
 *(.igot.plt)

.data           0x000000000002d020      0x25a
 *(.data .data.* .gnu.linkonce.d.*)
 .data          0x000000000002d020        0x0 /usr/lib/gcc/i686-linux-gnu/4.8/../../../i386-linux-gnu/crti.o
 .data          0x000000000002d020        0x0 /usr/lib/gcc/i686-linux-gnu/4.8/crtbeginS.o
 .data.rel      0x000000000002d020        0x4 /usr/lib/gcc/i686-linux-gnu/4.8/crtbeginS.o
                0x000000000002d020                __dso_handle
 .data          0x000000000002d024       0x10 udp-server.co
                0x000000000002d024                udp_server_process
 *fill*         0x000000000002d034        0xc 
 .data          0x000000000002d040       0x44 obj_cooja/mtype886.o
                0x000000000002d040                simInterfaces
                0x000000000002d074                sensors
 .data          0x000000000002d084        0x0 obj_cooja/mtype886.a(simEnvChange.o)
 .data          0x000000000002d084        0x0 obj_cooja/mtype886.a(cooja_mt.o)
 .data          0x000000000002d084        0x0 obj_cooja/mtype886.a(cooja_mtarch.o)
 .data          0x000000000002d084        0x0 obj_cooja/mtype886.a(rtimer-arch.o)
 .data          0x000000000002d084        0x0 obj_cooja/mtype886.a(beep.o)
 .data          0x000000000002d084        0x0 obj_cooja/mtype886.a(button-sensor.o)
 .data          0x000000000002d084        0x0 obj_cooja/mtype886.a(leds-arch.o)
 .data          0x000000000002d084        0x0 obj_cooja/mtype886.a(moteid.o)
 .data          0x000000000002d084        0x0 obj_cooja/mtype886.a(pir-sensor.o)
 .data          0x000000000002d084        0x0 obj_cooja/mtype886.a(rs232.o)
 .data          0x000000000002d084        0x0 obj_cooja/mtype886.a(vib-sensor.o)
 .data          0x000000000002d084        0x0 obj_cooja/mtype886.a(clock.o)
 .data          0x000000000002d084        0x0 obj_cooja/mtype886.a(log.o)
 .data          0x000000000002d084        0x0 obj_cooja/mtype886.a(cfs-cooja.o)
 .data          0x000000000002d084       0x38 obj_cooja/mtype886.a(cooja-radio.o)
                0x000000000002d084                simRadioChannel
                0x000000000002d088                simRadioChannelLR
                0x000000000002d08c                simRadioHWOn
                0x000000000002d08d                simRadioHWOnLR
                0x000000000002d090                simSignalStrength
                0x000000000002d094                simSignalStrengthLR
                0x000000000002d098                simLastSignalStrength
                0x000000000002d09c                simLastSignalStrengthLR
                0x000000000002d0a0                simPower
                0x000000000002d0a1                simPowerLR
                0x000000000002d0a4                simLQI
                0x000000000002d0a8                simLQILR
                0x000000000002d0ac                cooja_radio_process
 .data          0x000000000002d0bc        0x0 obj_cooja/mtype886.a(eeprom.o)
 .data          0x000000000002d0bc        0x0 obj_cooja/mtype886.a(random.o)
 .data          0x000000000002d0bc       0x10 obj_cooja/mtype886.a(sensors.o)
                0x000000000002d0bc                sensors_process
 .data          0x000000000002d0cc       0x34 obj_cooja/mtype886.a(dual_conf.o)
                0x000000000002d0cc                radio_received
                0x000000000002d0d0                dual_dio_broadcast
                0x000000000002d0e0                dual_dis_broadcast
                0x000000000002d0f0                dual_dio_ack_broadcast
 .data          0x000000000002d100        0x0 obj_cooja/mtype886.a(autostart.o)
 .data          0x000000000002d100       0x14 obj_cooja/mtype886.a(ctimer.o)
                0x000000000002d104                ctimer_process
 .data          0x000000000002d114       0x10 obj_cooja/mtype886.a(etimer.o)
                0x000000000002d114                etimer_process
 .data          0x000000000002d124        0x0 obj_cooja/mtype886.a(log_message.o)
 .data          0x000000000002d124        0x0 obj_cooja/mtype886.a(process.o)
 .data          0x000000000002d124        0x0 obj_cooja/mtype886.a(residual.o)
 .data          0x000000000002d124        0x0 obj_cooja/mtype886.a(rtimer.o)
 .data          0x000000000002d124        0x0 obj_cooja/mtype886.a(timer.o)
 .data          0x000000000002d124       0x10 obj_cooja/mtype886.a(serial-line.o)
                0x000000000002d124                serial_line_process
 .data          0x000000000002d134        0x0 obj_cooja/mtype886.a(list.o)
 .data          0x000000000002d134        0x0 obj_cooja/mtype886.a(ringbuf.o)
 .data          0x000000000002d134        0x0 obj_cooja/mtype886.a(sicslowpan.o)
 .data          0x000000000002d134       0x14 obj_cooja/mtype886.a(uip-ds6-nbr.o)
                0x000000000002d144                ds6_neighbors
 .data          0x000000000002d148        0x0 obj_cooja/mtype886.a(uip-ds6.o)
 .data          0x000000000002d148        0x0 obj_cooja/mtype886.a(uip6.o)
 .data          0x000000000002d148       0x10 obj_cooja/mtype886.a(tcpip.o)
                0x000000000002d148                tcpip_process
 .data          0x000000000002d158        0x0 obj_cooja/mtype886.a(uip-debug.o)
 .data          0x000000000002d158        0xc obj_cooja/mtype886.a(uip-packetqueue)
 .data          0x000000000002d164       0x28 obj_cooja/mtype886.a(rpl-dag.o)
                0x000000000002d174                rpl_parents
                0x000000000002d188                rpl_children
 .data          0x000000000002d18c        0x0 obj_cooja/mtype886.a(rpl-ext-header.)
 .data          0x000000000002d18c       0x40 obj_cooja/mtype886.a(rpl-icmp6.o)
 .data          0x000000000002d1cc       0x1c obj_cooja/mtype886.a(rpl-ltmax-of.o)
                0x000000000002d1cc                rpl_ltmax_of
 .data          0x000000000002d1e8        0x0 obj_cooja/mtype886.a(rpl-timers.o)
 .data          0x000000000002d1e8        0x0 obj_cooja/mtype886.a(rpl.o)
 .data          0x000000000002d1e8        0x0 obj_cooja/mtype886.a(framer-802154.o)
 .data          0x000000000002d1e8        0x0 obj_cooja/mtype886.a(nullmac.o)
 .data          0x000000000002d1e8        0x0 obj_cooja/mtype886.a(nullrdc.o)
 .data          0x000000000002d1e8        0x0 obj_cooja/mtype886.a(linkaddr.o)
 .data          0x000000000002d1e8       0x10 obj_cooja/mtype886.a(nbr-table.o)
 .data          0x000000000002d1f8        0x0 obj_cooja/mtype886.a(netstack.o)
 .data          0x000000000002d1f8        0x4 obj_cooja/mtype886.a(packetbuf.o)
 .data          0x000000000002d1fc       0x18 obj_cooja/mtype886.a(queuebuf.o)
 .data          0x000000000002d214        0x0 obj_cooja/mtype886.a(nullsec.o)
 .data          0x000000000002d214        0x0 obj_cooja/mtype886.a(watchdog.o)
 .data          0x000000000002d214        0x0 obj_cooja/mtype886.a(rimestats.o)
 .data          0x000000000002d214        0x0 obj_cooja/mtype886.a(stimer.o)
 .data          0x000000000002d214        0x0 obj_cooja/mtype886.a(memb.o)
 .data          0x000000000002d214       0x44 obj_cooja/mtype886.a(uip-ds6-route.o)
                0x000000000002d224                nbr_routes
 .data          0x000000000002d258       0x20 obj_cooja/mtype886.a(uip-icmp6.o)
 .data          0x000000000002d278        0x0 obj_cooja/mtype886.a(uip-nd6.o)
 .data          0x000000000002d278        0x0 obj_cooja/mtype886.a(rpl-nbr-policy.)
 .data          0x000000000002d278        0x2 obj_cooja/mtype886.a(frame802154.o)
 .data          0x000000000002d27a        0x0 obj_cooja/mtype886.a(mac-sequence.o)
 .data          0x000000000002d27a        0x0 obj_cooja/mtype886.a(mac.o)
 .data          0x000000000002d27a        0x0 /usr/lib/gcc/i686-linux-gnu/4.8/crtendS.o
 .data          0x000000000002d27a        0x0 /usr/lib/gcc/i686-linux-gnu/4.8/../../../i386-linux-gnu/crtn.o

.tm_clone_table
                0x000000000002d27c        0x0
 .tm_clone_table
                0x000000000002d27c        0x0 /usr/lib/gcc/i686-linux-gnu/4.8/crtbeginS.o
 .tm_clone_table
                0x000000000002d27c        0x0 /usr/lib/gcc/i686-linux-gnu/4.8/crtendS.o

.data1
 *(.data1)
                0x000000000002d27c                _edata = .
                0x000000000002d27c                PROVIDE (edata, .)
                0x000000000002d27c                . = .
                0x000000000002d27c                __bss_start = .

.bss            0x000000000002d280     0x83e8
 *(.dynbss)
 .dynbss        0x0000000000000000        0x0 /usr/lib/gcc/i686-linux-gnu/4.8/../../../i386-linux-gnu/crti.o
 *(.bss .bss.* .gnu.linkonce.b.*)
 .bss           0x000000000002d280        0x0 /usr/lib/gcc/i686-linux-gnu/4.8/../../../i386-linux-gnu/crti.o
 .bss           0x000000000002d280        0x1 /usr/lib/gcc/i686-linux-gnu/4.8/crtbeginS.o
 *fill*         0x000000000002d281        0x3 
 .bss           0x000000000002d284        0x8 udp-server.co
                0x000000000002d284                my_weight
 *fill*         0x000000000002d28c       0x14 
 .bss           0x000000000002d2a0     0x2030 obj_cooja/mtype886.o
 .bss           0x000000000002f2d0        0x1 obj_cooja/mtype886.a(simEnvChange.o)
                0x000000000002f2d0                simDontFallAsleep
 *fill*         0x000000000002f2d1        0x3 
 .bss           0x000000000002f2d4        0x4 obj_cooja/mtype886.a(cooja_mt.o)
 .bss           0x000000000002f2d8        0x4 obj_cooja/mtype886.a(cooja_mtarch.o)
 .bss           0x000000000002f2dc        0xc obj_cooja/mtype886.a(rtimer-arch.o)
 .bss           0x000000000002f2e8        0x0 obj_cooja/mtype886.a(beep.o)
 .bss           0x000000000002f2e8        0x8 obj_cooja/mtype886.a(button-sensor.o)
 .bss           0x000000000002f2f0        0x0 obj_cooja/mtype886.a(leds-arch.o)
 .bss           0x000000000002f2f0        0x0 obj_cooja/mtype886.a(moteid.o)
 .bss           0x000000000002f2f0        0x1 obj_cooja/mtype886.a(pir-sensor.o)
                0x000000000002f2f0                simPirValue
 *fill*         0x000000000002f2f1        0x3 
 .bss           0x000000000002f2f4        0x4 obj_cooja/mtype886.a(rs232.o)
 .bss           0x000000000002f2f8        0x1 obj_cooja/mtype886.a(vib-sensor.o)
                0x000000000002f2f8                simVibValue
 .bss           0x000000000002f2f9        0x0 obj_cooja/mtype886.a(clock.o)
 *fill*         0x000000000002f2f9        0x7 
 .bss           0x000000000002f300      0x420 obj_cooja/mtype886.a(log.o)
 .bss           0x000000000002f720      0xfc0 obj_cooja/mtype886.a(cfs-cooja.o)
                0x000000000002f720                simCFSData
                0x00000000000306c0                simCFSSize
                0x00000000000306c4                simCFSChanged
                0x00000000000306c8                simCFSRead
                0x00000000000306cc                simCFSWritten
 .bss           0x00000000000306e0       0x20 obj_cooja/mtype886.a(cooja-radio.o)
                0x00000000000306e0                simReceiving
                0x00000000000306e1                simReceivingLR
                0x00000000000306e4                simInSize
                0x00000000000306e8                simInSizeLR
                0x00000000000306ec                simOutSize
                0x00000000000306f0                simOutSizeLR
                0x00000000000306f4                LongRangeTransmit
                0x00000000000306f8                LongRangeReceiving
 .bss           0x0000000000030700        0xc obj_cooja/mtype886.a(eeprom.o)
                0x0000000000030700                simEEPROMChanged
                0x0000000000030704                simEEPROMRead
                0x0000000000030708                simEEPROMWritten
 .bss           0x000000000003070c        0x0 obj_cooja/mtype886.a(random.o)
 .bss           0x000000000003070c        0xc obj_cooja/mtype886.a(sensors.o)
 .bss           0x0000000000030718       0x38 obj_cooja/mtype886.a(dual_conf.o)
                0x0000000000030718                long_range_radio
 .bss           0x0000000000030750        0x0 obj_cooja/mtype886.a(autostart.o)
 .bss           0x0000000000030750        0x5 obj_cooja/mtype886.a(ctimer.o)
 *fill*         0x0000000000030755        0x3 
 .bss           0x0000000000030758        0x8 obj_cooja/mtype886.a(etimer.o)
 .bss           0x0000000000030760        0x0 obj_cooja/mtype886.a(log_message.o)
 .bss           0x0000000000030760      0x1b1 obj_cooja/mtype886.a(process.o)
                0x0000000000030760                process_list
                0x0000000000030764                process_current
 .bss           0x0000000000030911        0x0 obj_cooja/mtype886.a(residual.o)
 *fill*         0x0000000000030911        0x3 
 .bss           0x0000000000030914        0x4 obj_cooja/mtype886.a(rtimer.o)
 .bss           0x0000000000030918        0x0 obj_cooja/mtype886.a(timer.o)
 *fill*         0x0000000000030918        0x8 
 .bss           0x0000000000030920      0x140 obj_cooja/mtype886.a(serial-line.o)
 .bss           0x0000000000030a60        0x0 obj_cooja/mtype886.a(list.o)
 .bss           0x0000000000030a60        0x0 obj_cooja/mtype886.a(ringbuf.o)
 .bss           0x0000000000030a60      0x70c obj_cooja/mtype886.a(sicslowpan.o)
 *fill*         0x000000000003116c       0x14 
 .bss           0x0000000000031180      0x1e0 obj_cooja/mtype886.a(uip-ds6-nbr.o)
 .bss           0x0000000000031360       0x30 obj_cooja/mtype886.a(uip-ds6.o)
 .bss           0x0000000000031390        0xe obj_cooja/mtype886.a(uip6.o)
                0x0000000000031390                uip_ext_bitmap
                0x0000000000031391                uip_ext_len
                0x0000000000031392                uip_ext_opt_offset
 *fill*         0x000000000003139e        0x2 
 .bss           0x00000000000313a0       0x6a obj_cooja/mtype886.a(tcpip.o)
 .bss           0x000000000003140a        0x0 obj_cooja/mtype886.a(uip-debug.o)
 *fill*         0x000000000003140a       0x16 
 .bss           0x0000000000031420      0xcf8 obj_cooja/mtype886.a(uip-packetqueue)
 *fill*         0x0000000000032118        0x8 
 .bss           0x0000000000032120      0x1a4 obj_cooja/mtype886.a(rpl-dag.o)
 .bss           0x00000000000322c4        0x0 obj_cooja/mtype886.a(rpl-ext-header.)
 .bss           0x00000000000322c4        0x0 obj_cooja/mtype886.a(rpl-icmp6.o)
 .bss           0x00000000000322c4        0x0 obj_cooja/mtype886.a(rpl-ltmax-of.o)
 *fill*         0x00000000000322c4       0x1c 
 .bss           0x00000000000322e0       0x23 obj_cooja/mtype886.a(rpl-timers.o)
 *fill*         0x0000000000032303        0x1 
 .bss           0x0000000000032304        0x4 obj_cooja/mtype886.a(rpl.o)
 .bss           0x0000000000032308        0x2 obj_cooja/mtype886.a(framer-802154.o)
 .bss           0x000000000003230a        0x0 obj_cooja/mtype886.a(nullmac.o)
 .bss           0x000000000003230a        0x0 obj_cooja/mtype886.a(nullrdc.o)
 .bss           0x000000000003230a        0x0 obj_cooja/mtype886.a(linkaddr.o)
 *fill*         0x000000000003230a       0x16 
 .bss           0x0000000000032320      0x174 obj_cooja/mtype886.a(nbr-table.o)
 .bss           0x0000000000032494        0x0 obj_cooja/mtype886.a(netstack.o)
 *fill*         0x0000000000032494        0xc 
 .bss           0x00000000000324a0       0xa0 obj_cooja/mtype886.a(packetbuf.o)
 .bss           0x0000000000032540      0xb80 obj_cooja/mtype886.a(queuebuf.o)
 .bss           0x00000000000330c0        0x0 obj_cooja/mtype886.a(nullsec.o)
 .bss           0x00000000000330c0        0x0 obj_cooja/mtype886.a(watchdog.o)
 .bss           0x00000000000330c0        0x0 obj_cooja/mtype886.a(rimestats.o)
 .bss           0x00000000000330c0        0x0 obj_cooja/mtype886.a(stimer.o)
 .bss           0x00000000000330c0        0x0 obj_cooja/mtype886.a(memb.o)
 .bss           0x00000000000330c0      0x308 obj_cooja/mtype886.a(uip-ds6-route.o)
 .bss           0x00000000000333c8       0x18 obj_cooja/mtype886.a(uip-icmp6.o)
 .bss           0x00000000000333e0        0x0 obj_cooja/mtype886.a(uip-nd6.o)
 .bss           0x00000000000333e0       0x44 obj_cooja/mtype886.a(rpl-nbr-policy.)
 .bss           0x0000000000033424        0x0 obj_cooja/mtype886.a(frame802154.o)
 *fill*         0x0000000000033424       0x1c 
 .bss           0x0000000000033440       0x90 obj_cooja/mtype886.a(mac-sequence.o)
 .bss           0x00000000000334d0        0x0 obj_cooja/mtype886.a(mac.o)
 .bss           0x00000000000334d0        0x0 /usr/lib/gcc/i686-linux-gnu/4.8/crtendS.o
 .bss           0x00000000000334d0        0x0 /usr/lib/gcc/i686-linux-gnu/4.8/../../../i386-linux-gnu/crtn.o
 *(COMMON)
 COMMON         0x00000000000334d0        0x2 udp-server.co
                0x00000000000334d0                my_sink_reachability
                0x00000000000334d1                my_child_number
 *fill*         0x00000000000334d2        0x2 
 COMMON         0x00000000000334d4       0x30 obj_cooja/mtype886.o
                0x00000000000334d4                collision_count
                0x00000000000334d8                transmission_count
                0x00000000000334dc                COOJA_radioRxLong
                0x00000000000334e0                COOJA_radioTx
                0x00000000000334e4                referenceVar
                0x00000000000334e8                COOJA_radioTxLong
                0x00000000000334ec                COOJA_radioRx
                0x00000000000334f0                debugfp
                0x00000000000334f4                COOJA_radioOn
                0x00000000000334f8                COOJA_duration
                0x00000000000334fc                COOJA_radioOnLong
                0x0000000000033500                sensors_flags
 COMMON         0x0000000000033504        0xc obj_cooja/mtype886.a(simEnvChange.o)
                0x0000000000033504                simEtimerPending
                0x0000000000033508                simProcessRunValue
                0x000000000003350c                simNextExpirationTime
 COMMON         0x0000000000033510        0x1 obj_cooja/mtype886.a(beep.o)
                0x0000000000033510                simBeeped
 COMMON         0x0000000000033511        0x3 obj_cooja/mtype886.a(button-sensor.o)
                0x0000000000033511                simButtonIsActive
                0x0000000000033512                simButtonIsDown
                0x0000000000033513                simButtonChanged
 COMMON         0x0000000000033514        0x1 obj_cooja/mtype886.a(leds-arch.o)
                0x0000000000033514                simLedsValue
 *fill*         0x0000000000033515        0x3 
 COMMON         0x0000000000033518        0xc obj_cooja/mtype886.a(moteid.o)
                0x0000000000033518                simRandomSeed
                0x000000000003351c                simMoteIDChanged
                0x0000000000033520                simMoteID
 COMMON         0x0000000000033524        0x2 obj_cooja/mtype886.a(pir-sensor.o)
                0x0000000000033524                simPirIsActive
                0x0000000000033525                simPirChanged
 *fill*         0x0000000000033526       0x1a 
 COMMON         0x0000000000033540      0x820 obj_cooja/mtype886.a(rs232.o)
                0x0000000000033540                simSerialReceivingFlag
                0x0000000000033544                simSerialReceivingLength
                0x0000000000033560                simSerialReceivingData
 COMMON         0x0000000000033d60        0x2 obj_cooja/mtype886.a(vib-sensor.o)
                0x0000000000033d60                simVibChanged
                0x0000000000033d61                simVibIsActive
 *fill*         0x0000000000033d62        0x2 
 COMMON         0x0000000000033d64        0x4 obj_cooja/mtype886.a(clock.o)
                0x0000000000033d64                simCurrentTime
 *fill*         0x0000000000033d68       0x18 
 COMMON         0x0000000000033d80      0x420 obj_cooja/mtype886.a(log.o)
                0x0000000000033d80                simLoggedLength
                0x0000000000033d84                simLoggedFlag
                0x0000000000033da0                simLoggedData
 COMMON         0x00000000000341a0      0x200 obj_cooja/mtype886.a(cooja-radio.o)
                0x00000000000341a0                simOutDataBuffer
                0x0000000000034220                simInDataBufferLR
                0x00000000000342a0                simOutDataBufferLR
                0x0000000000034320                simInDataBuffer
 COMMON         0x00000000000343a0      0x400 obj_cooja/mtype886.a(eeprom.o)
                0x00000000000343a0                simEEPROMData
 COMMON         0x00000000000347a0        0x1 obj_cooja/mtype886.a(sensors.o)
                0x00000000000347a0                sensors_event
 *fill*         0x00000000000347a1        0x3 
 COMMON         0x00000000000347a4        0x4 obj_cooja/mtype886.a(log_message.o)
                0x00000000000347a4                log_fp
 COMMON         0x00000000000347a8        0x1 obj_cooja/mtype886.a(serial-line.o)
                0x00000000000347a8                serial_line_event_message
 *fill*         0x00000000000347a9       0x17 
 COMMON         0x00000000000347c0       0xc8 obj_cooja/mtype886.a(uip-ds6-nbr.o)
                0x00000000000347c0                ds6_lr_addrmap
 *fill*         0x0000000000034888       0x18 
 COMMON         0x00000000000348a0      0x298 obj_cooja/mtype886.a(uip-ds6.o)
                0x00000000000348a0                uip_ds6_prefix_list
                0x0000000000034900                uip_ds6_timer_periodic
                0x0000000000034910                uip_ds6_netif_addr_list_offset
                0x0000000000034920                uip_ds6_if
                0x0000000000034a18                uip_ds6_timer_ra
                0x0000000000034a20                uip_ds6_addr_size
                0x0000000000034a40                long_uip_ds6_if
 *fill*         0x0000000000034b38        0x8 
 COMMON         0x0000000000034b40      0x8ec obj_cooja/mtype886.a(uip6.o)
                0x0000000000034b40                uip_slen
                0x0000000000034b42                uip_acc32
                0x0000000000034b60                uip_conns
                0x0000000000034c20                uip_lladdr
                0x0000000000034c28                uip_appdata
                0x0000000000034c2c                uip_flags
                0x0000000000034c40                uip_aligned_buf
                0x0000000000035280                uip_listenports
                0x0000000000035290                uip_len
                0x0000000000035292                uip_long_lladdr
                0x000000000003529c                uip_sappdata
                0x00000000000352a0                uip_udp_conns
                0x0000000000035420                uip_udp_conn
                0x0000000000035424                uip_next_hdr
                0x0000000000035428                uip_conn
 COMMON         0x000000000003542c        0x1 obj_cooja/mtype886.a(tcpip.o)
                0x000000000003542c                tcpip_event
 *fill*         0x000000000003542d       0x13 
 COMMON         0x0000000000035440      0x190 obj_cooja/mtype886.a(rpl-dag.o)
                0x0000000000035440                default_instance
                0x0000000000035460                instance_table
 COMMON         0x00000000000355d0       0x10 obj_cooja/mtype886.a(linkaddr.o)
                0x00000000000355d0                linkaddr_node_addr
                0x00000000000355d8                long_linkaddr_node_addr
 COMMON         0x00000000000355e0       0x2e obj_cooja/mtype886.a(packetbuf.o)
                0x00000000000355e0                packetbuf_attrs
                0x00000000000355fe                packetbuf_addrs
 *fill*         0x000000000003560e       0x12 
 COMMON         0x0000000000035620       0x48 obj_cooja/mtype886.a(rimestats.o)
                0x0000000000035620                rimestats
                0x0000000000035668                . = ALIGN ((. != 0x0)?0x4:0x1)
                0x0000000000035668                . = ALIGN (0x4)
                0x0000000000035668                . = SEGMENT_START ("ldata-segment", .)
                0x0000000000035668                . = ALIGN (0x4)
                0x0000000000035668                _end = .
                0x0000000000035668                PROVIDE (end, .)
                0x0000000000035668                . = DATA_SEGMENT_END (.)

.stab
 *(.stab)

.stabstr
 *(.stabstr)

.stab.excl
 *(.stab.excl)

.stab.exclstr
 *(.stab.exclstr)

.stab.index
 *(.stab.index)

.stab.indexstr
 *(.stab.indexstr)

.comment        0x0000000000000000       0x2b
 *(.comment)
 .comment       0x0000000000000000       0x2b /usr/lib/gcc/i686-linux-gnu/4.8/crtbeginS.o
                                         0x2c (size before relaxing)
 .comment       0x0000000000000000       0x2c udp-server.co
 .comment       0x0000000000000000       0x2c obj_cooja/mtype886.o
 .comment       0x0000000000000000       0x2c obj_cooja/mtype886.a(simEnvChange.o)
 .comment       0x0000000000000000       0x2c obj_cooja/mtype886.a(cooja_mt.o)
 .comment       0x0000000000000000       0x2c obj_cooja/mtype886.a(cooja_mtarch.o)
 .comment       0x0000000000000000       0x2c obj_cooja/mtype886.a(rtimer-arch.o)
 .comment       0x0000000000000000       0x2c obj_cooja/mtype886.a(beep.o)
 .comment       0x0000000000000000       0x2c obj_cooja/mtype886.a(button-sensor.o)
 .comment       0x0000000000000000       0x2c obj_cooja/mtype886.a(leds-arch.o)
 .comment       0x0000000000000000       0x2c obj_cooja/mtype886.a(moteid.o)
 .comment       0x0000000000000000       0x2c obj_cooja/mtype886.a(pir-sensor.o)
 .comment       0x0000000000000000       0x2c obj_cooja/mtype886.a(rs232.o)
 .comment       0x0000000000000000       0x2c obj_cooja/mtype886.a(vib-sensor.o)
 .comment       0x0000000000000000       0x2c obj_cooja/mtype886.a(clock.o)
 .comment       0x0000000000000000       0x2c obj_cooja/mtype886.a(log.o)
 .comment       0x0000000000000000       0x2c obj_cooja/mtype886.a(cfs-cooja.o)
 .comment       0x0000000000000000       0x2c obj_cooja/mtype886.a(cooja-radio.o)
 .comment       0x0000000000000000       0x2c obj_cooja/mtype886.a(eeprom.o)
 .comment       0x0000000000000000       0x2c obj_cooja/mtype886.a(random.o)
 .comment       0x0000000000000000       0x2c obj_cooja/mtype886.a(sensors.o)
 .comment       0x0000000000000000       0x2c obj_cooja/mtype886.a(dual_conf.o)
 .comment       0x0000000000000000       0x2c obj_cooja/mtype886.a(autostart.o)
 .comment       0x0000000000000000       0x2c obj_cooja/mtype886.a(ctimer.o)
 .comment       0x0000000000000000       0x2c obj_cooja/mtype886.a(etimer.o)
 .comment       0x0000000000000000       0x2c obj_cooja/mtype886.a(log_message.o)
 .comment       0x0000000000000000       0x2c obj_cooja/mtype886.a(process.o)
 .comment       0x0000000000000000       0x2c obj_cooja/mtype886.a(residual.o)
 .comment       0x0000000000000000       0x2c obj_cooja/mtype886.a(rtimer.o)
 .comment       0x0000000000000000       0x2c obj_cooja/mtype886.a(timer.o)
 .comment       0x0000000000000000       0x2c obj_cooja/mtype886.a(serial-line.o)
 .comment       0x0000000000000000       0x2c obj_cooja/mtype886.a(list.o)
 .comment       0x0000000000000000       0x2c obj_cooja/mtype886.a(ringbuf.o)
 .comment       0x0000000000000000       0x2c obj_cooja/mtype886.a(sicslowpan.o)
 .comment       0x0000000000000000       0x2c obj_cooja/mtype886.a(uip-ds6-nbr.o)
 .comment       0x0000000000000000       0x2c obj_cooja/mtype886.a(uip-ds6.o)
 .comment       0x0000000000000000       0x2c obj_cooja/mtype886.a(uip6.o)
 .comment       0x0000000000000000       0x2c obj_cooja/mtype886.a(tcpip.o)
 .comment       0x0000000000000000       0x2c obj_cooja/mtype886.a(uip-debug.o)
 .comment       0x0000000000000000       0x2c obj_cooja/mtype886.a(uip-packetqueue)
 .comment       0x0000000000000000       0x2c obj_cooja/mtype886.a(rpl-dag.o)
 .comment       0x0000000000000000       0x2c obj_cooja/mtype886.a(rpl-ext-header.)
 .comment       0x0000000000000000       0x2c obj_cooja/mtype886.a(rpl-icmp6.o)
 .comment       0x0000000000000000       0x2c obj_cooja/mtype886.a(rpl-ltmax-of.o)
 .comment       0x0000000000000000       0x2c obj_cooja/mtype886.a(rpl-timers.o)
 .comment       0x0000000000000000       0x2c obj_cooja/mtype886.a(rpl.o)
 .comment       0x0000000000000000       0x2c obj_cooja/mtype886.a(framer-802154.o)
 .comment       0x0000000000000000       0x2c obj_cooja/mtype886.a(nullmac.o)
 .comment       0x0000000000000000       0x2c obj_cooja/mtype886.a(nullrdc.o)
 .comment       0x0000000000000000       0x2c obj_cooja/mtype886.a(linkaddr.o)
 .comment       0x0000000000000000       0x2c obj_cooja/mtype886.a(nbr-table.o)
 .comment       0x0000000000000000       0x2c obj_cooja/mtype886.a(netstack.o)
 .comment       0x0000000000000000       0x2c obj_cooja/mtype886.a(packetbuf.o)
 .comment       0x0000000000000000       0x2c obj_cooja/mtype886.a(queuebuf.o)
 .comment       0x0000000000000000       0x2c obj_cooja/mtype886.a(nullsec.o)
 .comment       0x0000000000000000       0x2c obj_cooja/mtype886.a(watchdog.o)
 .comment       0x0000000000000000       0x2c obj_cooja/mtype886.a(rimestats.o)
 .comment       0x0000000000000000       0x2c obj_cooja/mtype886.a(stimer.o)
 .comment       0x0000000000000000       0x2c obj_cooja/mtype886.a(memb.o)
 .comment       0x0000000000000000       0x2c obj_cooja/mtype886.a(uip-ds6-route.o)
 .comment       0x0000000000000000       0x2c obj_cooja/mtype886.a(uip-icmp6.o)
 .comment       0x0000000000000000       0x2c obj_cooja/mtype886.a(uip-nd6.o)
 .comment       0x0000000000000000       0x2c obj_cooja/mtype886.a(rpl-nbr-policy.)
 .comment       0x0000000000000000       0x2c obj_cooja/mtype886.a(frame802154.o)
 .comment       0x0000000000000000       0x2c obj_cooja/mtype886.a(mac-sequence.o)
 .comment       0x0000000000000000       0x2c obj_cooja/mtype886.a(mac.o)
 .comment       0x0000000000000000       0x2c /usr/lib/gcc/i686-linux-gnu/4.8/crtendS.o

.debug
 *(.debug)

.line
 *(.line)

.debug_srcinfo
 *(.debug_srcinfo)

.debug_sfnames
 *(.debug_sfnames)

.debug_aranges  0x0000000000000000      0x818
 *(.debug_aranges)
 .debug_aranges
                0x0000000000000000       0x20 udp-server.co
 .debug_aranges
                0x0000000000000020       0x20 obj_cooja/mtype886.o
 .debug_aranges
                0x0000000000000040       0x20 obj_cooja/mtype886.a(simEnvChange.o)
 .debug_aranges
                0x0000000000000060       0x20 obj_cooja/mtype886.a(cooja_mt.o)
 .debug_aranges
                0x0000000000000080       0x20 obj_cooja/mtype886.a(cooja_mtarch.o)
 .debug_aranges
                0x00000000000000a0       0x20 obj_cooja/mtype886.a(rtimer-arch.o)
 .debug_aranges
                0x00000000000000c0       0x20 obj_cooja/mtype886.a(beep.o)
 .debug_aranges
                0x00000000000000e0       0x20 obj_cooja/mtype886.a(button-sensor.o)
 .debug_aranges
                0x0000000000000100       0x20 obj_cooja/mtype886.a(leds-arch.o)
 .debug_aranges
                0x0000000000000120       0x20 obj_cooja/mtype886.a(moteid.o)
 .debug_aranges
                0x0000000000000140       0x20 obj_cooja/mtype886.a(pir-sensor.o)
 .debug_aranges
                0x0000000000000160       0x20 obj_cooja/mtype886.a(rs232.o)
 .debug_aranges
                0x0000000000000180       0x20 obj_cooja/mtype886.a(vib-sensor.o)
 .debug_aranges
                0x00000000000001a0       0x20 obj_cooja/mtype886.a(clock.o)
 .debug_aranges
                0x00000000000001c0       0x20 obj_cooja/mtype886.a(log.o)
 .debug_aranges
                0x00000000000001e0       0x20 obj_cooja/mtype886.a(cfs-cooja.o)
 .debug_aranges
                0x0000000000000200       0x20 obj_cooja/mtype886.a(cooja-radio.o)
 .debug_aranges
                0x0000000000000220       0x20 obj_cooja/mtype886.a(eeprom.o)
 .debug_aranges
                0x0000000000000240       0x20 obj_cooja/mtype886.a(random.o)
 .debug_aranges
                0x0000000000000260       0x20 obj_cooja/mtype886.a(sensors.o)
 .debug_aranges
                0x0000000000000280       0x20 obj_cooja/mtype886.a(dual_conf.o)
 .debug_aranges
                0x00000000000002a0       0x20 obj_cooja/mtype886.a(autostart.o)
 .debug_aranges
                0x00000000000002c0       0x20 obj_cooja/mtype886.a(ctimer.o)
 .debug_aranges
                0x00000000000002e0       0x20 obj_cooja/mtype886.a(etimer.o)
 .debug_aranges
                0x0000000000000300       0x20 obj_cooja/mtype886.a(log_message.o)
 .debug_aranges
                0x0000000000000320       0x20 obj_cooja/mtype886.a(process.o)
 .debug_aranges
                0x0000000000000340       0x20 obj_cooja/mtype886.a(residual.o)
 .debug_aranges
                0x0000000000000360       0x20 obj_cooja/mtype886.a(rtimer.o)
 .debug_aranges
                0x0000000000000380       0x20 obj_cooja/mtype886.a(timer.o)
 .debug_aranges
                0x00000000000003a0       0x20 obj_cooja/mtype886.a(serial-line.o)
 .debug_aranges
                0x00000000000003c0       0x20 obj_cooja/mtype886.a(list.o)
 .debug_aranges
                0x00000000000003e0       0x20 obj_cooja/mtype886.a(ringbuf.o)
 .debug_aranges
                0x0000000000000400       0x20 obj_cooja/mtype886.a(sicslowpan.o)
 .debug_aranges
                0x0000000000000420       0x20 obj_cooja/mtype886.a(uip-ds6-nbr.o)
 .debug_aranges
                0x0000000000000440       0x20 obj_cooja/mtype886.a(uip-ds6.o)
 .debug_aranges
                0x0000000000000460       0x20 obj_cooja/mtype886.a(uip6.o)
 .debug_aranges
                0x0000000000000480       0x20 obj_cooja/mtype886.a(tcpip.o)
 .debug_aranges
                0x00000000000004a0       0x20 obj_cooja/mtype886.a(uip-debug.o)
 .debug_aranges
                0x00000000000004c0       0x20 obj_cooja/mtype886.a(uip-packetqueue)
 .debug_aranges
                0x00000000000004e0       0x20 obj_cooja/mtype886.a(rpl-dag.o)
 .debug_aranges
                0x0000000000000500       0x20 obj_cooja/mtype886.a(rpl-ext-header.)
 .debug_aranges
                0x0000000000000520       0x20 obj_cooja/mtype886.a(rpl-icmp6.o)
 .debug_aranges
                0x0000000000000540       0x20 obj_cooja/mtype886.a(rpl-ltmax-of.o)
 .debug_aranges
                0x0000000000000560       0x20 obj_cooja/mtype886.a(rpl-timers.o)
 .debug_aranges
                0x0000000000000580       0x20 obj_cooja/mtype886.a(rpl.o)
 .debug_aranges
                0x00000000000005a0       0x20 obj_cooja/mtype886.a(framer-802154.o)
 .debug_aranges
                0x00000000000005c0       0x20 obj_cooja/mtype886.a(nullmac.o)
 .debug_aranges
                0x00000000000005e0       0x20 obj_cooja/mtype886.a(nullrdc.o)
 .debug_aranges
                0x0000000000000600       0x20 obj_cooja/mtype886.a(linkaddr.o)
 .debug_aranges
                0x0000000000000620       0x20 obj_cooja/mtype886.a(nbr-table.o)
 .debug_aranges
                0x0000000000000640       0x20 obj_cooja/mtype886.a(netstack.o)
 .debug_aranges
                0x0000000000000660       0x20 obj_cooja/mtype886.a(packetbuf.o)
 .debug_aranges
                0x0000000000000680       0x20 obj_cooja/mtype886.a(queuebuf.o)
 .debug_aranges
                0x00000000000006a0       0x20 obj_cooja/mtype886.a(nullsec.o)
 .debug_aranges
                0x00000000000006c0       0x20 obj_cooja/mtype886.a(watchdog.o)
 .debug_aranges
                0x00000000000006e0       0x18 obj_cooja/mtype886.a(rimestats.o)
 .debug_aranges
                0x00000000000006f8       0x20 obj_cooja/mtype886.a(stimer.o)
 .debug_aranges
                0x0000000000000718       0x20 obj_cooja/mtype886.a(memb.o)
 .debug_aranges
                0x0000000000000738       0x20 obj_cooja/mtype886.a(uip-ds6-route.o)
 .debug_aranges
                0x0000000000000758       0x20 obj_cooja/mtype886.a(uip-icmp6.o)
 .debug_aranges
                0x0000000000000778       0x20 obj_cooja/mtype886.a(uip-nd6.o)
 .debug_aranges
                0x0000000000000798       0x20 obj_cooja/mtype886.a(rpl-nbr-policy.)
 .debug_aranges
                0x00000000000007b8       0x20 obj_cooja/mtype886.a(frame802154.o)
 .debug_aranges
                0x00000000000007d8       0x20 obj_cooja/mtype886.a(mac-sequence.o)
 .debug_aranges
                0x00000000000007f8       0x20 obj_cooja/mtype886.a(mac.o)

.debug_pubnames
 *(.debug_pubnames)

.debug_info     0x0000000000000000    0x1c880
 *(.debug_info .gnu.linkonce.wi.*)
 .debug_info    0x0000000000000000      0xe4b udp-server.co
 .debug_info    0x0000000000000e4b     0x3a58 obj_cooja/mtype886.o
 .debug_info    0x00000000000048a3      0x15a obj_cooja/mtype886.a(simEnvChange.o)
 .debug_info    0x00000000000049fd      0x1e2 obj_cooja/mtype886.a(cooja_mt.o)
 .debug_info    0x0000000000004bdf      0x2e7 obj_cooja/mtype886.a(cooja_mtarch.o)
 .debug_info    0x0000000000004ec6      0x16b obj_cooja/mtype886.a(rtimer-arch.o)
 .debug_info    0x0000000000005031      0x1f3 obj_cooja/mtype886.a(beep.o)
 .debug_info    0x0000000000005224      0x257 obj_cooja/mtype886.a(button-sensor.o)
 .debug_info    0x000000000000547b      0x132 obj_cooja/mtype886.a(leds-arch.o)
 .debug_info    0x00000000000055ad      0x10a obj_cooja/mtype886.a(moteid.o)
 .debug_info    0x00000000000056b7      0x216 obj_cooja/mtype886.a(pir-sensor.o)
 .debug_info    0x00000000000058cd      0x21e obj_cooja/mtype886.a(rs232.o)
 .debug_info    0x0000000000005aeb      0x216 obj_cooja/mtype886.a(vib-sensor.o)
 .debug_info    0x0000000000005d01      0x152 obj_cooja/mtype886.a(clock.o)
 .debug_info    0x0000000000005e53      0x2bb obj_cooja/mtype886.a(log.o)
 .debug_info    0x000000000000610e      0x3cf obj_cooja/mtype886.a(cfs-cooja.o)
 .debug_info    0x00000000000064dd      0xcec obj_cooja/mtype886.a(cooja-radio.o)
 .debug_info    0x00000000000071c9      0x1d5 obj_cooja/mtype886.a(eeprom.o)
 .debug_info    0x000000000000739e       0xb3 obj_cooja/mtype886.a(random.o)
 .debug_info    0x0000000000007451      0x36d obj_cooja/mtype886.a(sensors.o)
 .debug_info    0x00000000000077be      0xaad obj_cooja/mtype886.a(dual_conf.o)
 .debug_info    0x000000000000826b      0x1a5 obj_cooja/mtype886.a(autostart.o)
 .debug_info    0x0000000000008410      0x46c obj_cooja/mtype886.a(ctimer.o)
 .debug_info    0x000000000000887c      0x49c obj_cooja/mtype886.a(etimer.o)
 .debug_info    0x0000000000008d18      0x35b obj_cooja/mtype886.a(log_message.o)
 .debug_info    0x0000000000009073      0x4ba obj_cooja/mtype886.a(process.o)
 .debug_info    0x000000000000952d      0x164 obj_cooja/mtype886.a(residual.o)
 .debug_info    0x0000000000009691      0x1ab obj_cooja/mtype886.a(rtimer.o)
 .debug_info    0x000000000000983c      0x16c obj_cooja/mtype886.a(timer.o)
 .debug_info    0x00000000000099a8      0x2de obj_cooja/mtype886.a(serial-line.o)
 .debug_info    0x0000000000009c86      0x2ed obj_cooja/mtype886.a(list.o)