Archive member included to satisfy reference by file (symbol)

obj_cooja/mtype81.a(simEnvChange.o)
                              obj_cooja/mtype81.o (simDontFallAsleep)
obj_cooja/mtype81.a(cooja_mt.o)
                              obj_cooja/mtype81.o (cooja_mt_start)
obj_cooja/mtype81.a(cooja_mtarch.o)
                              obj_cooja/mtype81.a(cooja_mt.o) (cooja_mtarch_init)
obj_cooja/mtype81.a(rtimer-arch.o)
                              obj_cooja/mtype81.o (rtimer_arch_next)
obj_cooja/mtype81.a(beep.o)   obj_cooja/mtype81.o (beep_interface)
obj_cooja/mtype81.a(button-sensor.o)
                              obj_cooja/mtype81.o (button_interface)
obj_cooja/mtype81.a(leds-arch.o)
                              obj_cooja/mtype81.o (leds_interface)
obj_cooja/mtype81.a(moteid.o)
                              obj_cooja/mtype81.o (moteid_interface)
obj_cooja/mtype81.a(pir-sensor.o)
                              obj_cooja/mtype81.o (pir_interface)
obj_cooja/mtype81.a(rs232.o)  obj_cooja/mtype81.o (rs232_interface)
obj_cooja/mtype81.a(vib-sensor.o)
                              obj_cooja/mtype81.o (vib_interface)
obj_cooja/mtype81.a(clock.o)  obj_cooja/mtype81.o (clock_interface)
obj_cooja/mtype81.a(log.o)    obj_cooja/mtype81.o (simlog_interface)
obj_cooja/mtype81.a(cfs-cooja.o)
                              obj_cooja/mtype81.o (cfs_interface)
obj_cooja/mtype81.a(cooja-radio.o)
                              obj_cooja/mtype81.o (radio_interface)
obj_cooja/mtype81.a(eeprom.o)
                              obj_cooja/mtype81.o (eeprom_interface)
obj_cooja/mtype81.a(random.o)
                              obj_cooja/mtype81.a(moteid.o) (random_init)
obj_cooja/mtype81.a(sensors.o)
                              obj_cooja/mtype81.o (sensors_process)
obj_cooja/mtype81.a(dual_conf.o)
                              obj_cooja/mtype81.a(cooja-radio.o) (long_range_radio)
obj_cooja/mtype81.a(autostart.o)
                              obj_cooja/mtype81.o (autostart_start)
obj_cooja/mtype81.a(ctimer.o)
                              obj_cooja/mtype81.o (ctimer_init)
obj_cooja/mtype81.a(etimer.o)
                              obj_cooja/mtype81.o (etimer_process)
obj_cooja/mtype81.a(log_message.o)
                              obj_cooja/mtype81.o (log_initialization)
obj_cooja/mtype81.a(process.o)
                              udp-client.co (process_current)
obj_cooja/mtype81.a(residual.o)
                              udp-client.co (get_residual_energy)
obj_cooja/mtype81.a(rtimer.o)
                              obj_cooja/mtype81.a(rtimer-arch.o) (rtimer_run_next)
obj_cooja/mtype81.a(stimer.o)
                              udp-client.co (stimer_remaining)
obj_cooja/mtype81.a(timer.o)  obj_cooja/mtype81.a(button-sensor.o) (timer_set)
obj_cooja/mtype81.a(serial-line.o)
                              udp-client.co (serial_line_event_message)
obj_cooja/mtype81.a(list.o)   obj_cooja/mtype81.a(ctimer.o) (list_init)
obj_cooja/mtype81.a(ringbuf.o)
                              obj_cooja/mtype81.a(serial-line.o) (ringbuf_init)
obj_cooja/mtype81.a(sicslowpan.o)
                              obj_cooja/mtype81.o (sicslowpan_driver)
obj_cooja/mtype81.a(uip-ds6-nbr.o)
                              obj_cooja/mtype81.a(sicslowpan.o) (uip_ds6_link_neighbor_callback)
obj_cooja/mtype81.a(uip-ds6-route.o)
                              udp-client.co (uip_ds6_route_nexthop)
obj_cooja/mtype81.a(uip-ds6.o)
                              udp-client.co (uip_ds6_if)
obj_cooja/mtype81.a(uip6.o)   udp-client.co (uip_lladdr)
obj_cooja/mtype81.a(tcpip.o)  udp-client.co (tcpip_event)
obj_cooja/mtype81.a(uip-debug.o)
                              udp-client.co (uip_debug_ipaddr_print)
obj_cooja/mtype81.a(uip-packetqueue)
                              obj_cooja/mtype81.a(uip-ds6-nbr.o) (uip_packetqueue_new)
obj_cooja/mtype81.a(uip-udp-packet.)
                              udp-client.co (uip_udp_packet_sendto)
obj_cooja/mtype81.a(rpl-dag.o)
                              obj_cooja/mtype81.a(tcpip.o) (rpl_repair_root)
obj_cooja/mtype81.a(rpl-ext-header.)
                              obj_cooja/mtype81.a(uip6.o) (rpl_verify_header)
obj_cooja/mtype81.a(rpl-icmp6.o)
                              obj_cooja/mtype81.a(rpl-dag.o) (rpl_icmp6_update_nbr_table)
obj_cooja/mtype81.a(rpl-ltmax.o)
                              obj_cooja/mtype81.a(rpl-dag.o) (rpl_ltmax_of)
obj_cooja/mtype81.a(rpl-timers.o)
                              obj_cooja/mtype81.a(rpl-icmp6.o) (rpl_LSA_convergence_timer)
obj_cooja/mtype81.a(rpl.o)    obj_cooja/mtype81.a(rpl-icmp6.o) (rpl_get_mode)
obj_cooja/mtype81.a(framer-802154.o)
                              obj_cooja/mtype81.a(sicslowpan.o) (framer_802154)
obj_cooja/mtype81.a(nullmac.o)
                              obj_cooja/mtype81.o (nullmac_driver)
obj_cooja/mtype81.a(cxmac.o)  obj_cooja/mtype81.o (cxmac_driver)
obj_cooja/mtype81.a(linkaddr.o)
                              obj_cooja/mtype81.o (linkaddr_node_addr)
[...]
Memory Configuration

Name             Origin             Length             Attributes
*default*        0x0000000000000000 0xffffffffffffffff

Linker script and memory map

LOAD /usr/lib/gcc/i686-linux-gnu/4.8/../../../i386-linux-gnu/crti.o
LOAD /usr/lib/gcc/i686-linux-gnu/4.8/crtbeginS.o
LOAD udp-client.co
LOAD obj_cooja/mtype81.o
LOAD obj_cooja/mtype81.a
LOAD /usr/lib/gcc/i686-linux-gnu/4.8/libgcc.a
LOAD /usr/lib/gcc/i686-linux-gnu/4.8/libgcc_s.so
LOAD /usr/lib/gcc/i686-linux-gnu/4.8/../../../i386-linux-gnu/libc.so
START GROUP
LOAD /lib/i386-linux-gnu/libc.so.6
LOAD /usr/lib/i386-linux-gnu/libc_nonshared.a
LOAD /lib/i386-linux-gnu/ld-linux.so.2
END GROUP
LOAD /usr/lib/gcc/i686-linux-gnu/4.8/libgcc.a
LOAD /usr/lib/gcc/i686-linux-gnu/4.8/libgcc_s.so
LOAD /usr/lib/gcc/i686-linux-gnu/4.8/crtendS.o
LOAD /usr/lib/gcc/i686-linux-gnu/4.8/../../../i386-linux-gnu/crtn.o
                0x0000000000000114                . = (0x0 + SIZEOF_HEADERS)

.note.gnu.build-id
                0x0000000000000114       0x24
 *(.note.gnu.build-id)
 .note.gnu.build-id
                0x0000000000000114       0x24 /usr/lib/gcc/i686-linux-gnu/4.8/../../../i386-linux-gnu/crti.o

.hash
 *(.hash)

.gnu.hash       0x0000000000000138     0x138c
 *(.gnu.hash)
 .gnu.hash      0x0000000000000138     0x138c /usr/lib/gcc/i686-linux-gnu/4.8/../../../i386-linux-gnu/crti.o

.dynsym         0x00000000000014c4     0x2690
 *(.dynsym)
 .dynsym        0x00000000000014c4     0x2690 /usr/lib/gcc/i686-linux-gnu/4.8/../../../i386-linux-gnu/crti.o

.dynstr         0x0000000000003b54     0x27b4
 *(.dynstr)
 .dynstr        0x0000000000003b54     0x27b4 /usr/lib/gcc/i686-linux-gnu/4.8/../../../i386-linux-gnu/crti.o

.gnu.version    0x0000000000006308      0x4d2
 *(.gnu.version)
 .gnu.version   0x0000000000006308      0x4d2 /usr/lib/gcc/i686-linux-gnu/4.8/../../../i386-linux-gnu/crti.o

.gnu.version_d  0x00000000000067dc        0x0
 *(.gnu.version_d)
 .gnu.version_d
                0x0000000000000000        0x0 /usr/lib/gcc/i686-linux-gnu/4.8/../../../i386-linux-gnu/crti.o

.gnu.version_r  0x00000000000067dc       0x50
 *(.gnu.version_r)
 .gnu.version_r
                0x00000000000067dc       0x50 /usr/lib/gcc/i686-linux-gnu/4.8/../../../i386-linux-gnu/crti.o

.rel.dyn        0x000000000000682c     0x9700
 *(.rel.init)
 .rel.init      0x0000000000000000        0x0 /usr/lib/gcc/i686-linux-gnu/4.8/../../../i386-linux-gnu/crti.o
 *(.rel.text .rel.text.* .rel.gnu.linkonce.t.*)
 .rel.text      0x000000000000682c     0x8f48 /usr/lib/gcc/i686-linux-gnu/4.8/../../../i386-linux-gnu/crti.o
 *(.rel.fini)
 .rel.fini      0x0000000000000000        0x0 /usr/lib/gcc/i686-linux-gnu/4.8/../../../i386-linux-gnu/crti.o
 *(.rel.rodata .rel.rodata.* .rel.gnu.linkonce.r.*)
 .rel.rodata    0x000000000000f774      0x4e0 /usr/lib/gcc/i686-linux-gnu/4.8/../../../i386-linux-gnu/crti.o
 *(.rel.data.rel.ro .rel.data.rel.ro.* .rel.gnu.linkonce.d.rel.ro.*)
 *(.rel.data .rel.data.* .rel.gnu.linkonce.d.*)
 .rel.data.rel  0x000000000000fc54        0x8 /usr/lib/gcc/i686-linux-gnu/4.8/../../../i386-linux-gnu/crti.o
 .rel.data      0x000000000000fc5c      0x298 /usr/lib/gcc/i686-linux-gnu/4.8/../../../i386-linux-gnu/crti.o
 *(.rel.tdata .rel.tdata.* .rel.gnu.linkonce.td.*)
 *(.rel.tbss .rel.tbss.* .rel.gnu.linkonce.tb.*)
 *(.rel.ctors)
 *(.rel.dtors)
 *(.rel.got)
 .rel.got       0x000000000000fef4       0x28 /usr/lib/gcc/i686-linux-gnu/4.8/../../../i386-linux-gnu/crti.o
 *(.rel.bss .rel.bss.* .rel.gnu.linkonce.b.*)
 *(.rel.ifunc)
 .rel.ifunc     0x0000000000000000        0x0 /usr/lib/gcc/i686-linux-gnu/4.8/../../../i386-linux-gnu/crti.o
 .rel.fini_array
                0x000000000000ff1c        0x8 /usr/lib/gcc/i686-linux-gnu/4.8/../../../i386-linux-gnu/crti.o
 .rel.init_array
                0x000000000000ff24        0x8 /usr/lib/gcc/i686-linux-gnu/4.8/../../../i386-linux-gnu/crti.o

.rel.plt        0x000000000000ff2c       0x10
 *(.rel.plt)
 .rel.plt       0x000000000000ff2c       0x10 /usr/lib/gcc/i686-linux-gnu/4.8/../../../i386-linux-gnu/crti.o
 *(.rel.iplt)

.init           0x000000000000ff3c       0x23
 *(SORT(.init))
 .init          0x000000000000ff3c       0x1e /usr/lib/gcc/i686-linux-gnu/4.8/../../../i386-linux-gnu/crti.o
                0x000000000000ff3c                _init
 .init          0x000000000000ff5a        0x5 /usr/lib/gcc/i686-linux-gnu/4.8/../../../i386-linux-gnu/crtn.o

.plt            0x000000000000ff60       0x30
 *(.plt)
 .plt           0x000000000000ff60       0x30 /usr/lib/gcc/i686-linux-gnu/4.8/../../../i386-linux-gnu/crti.o
 *(.iplt)

.text           0x000000000000ff90    0x16fc1
 *(.text.unlikely .text.*_unlikely .text.unlikely.*)
 *(.text.exit .text.exit.*)
 *(.text.startup .text.startup.*)
 *(.text.hot .text.hot.*)
 *(.text .stub .text.* .gnu.linkonce.t.*)
 .text          0x000000000000ff90        0x0 /usr/lib/gcc/i686-linux-gnu/4.8/../../../i386-linux-gnu/crti.o
 .gnu.linkonce.t.__x86.get_pc_thunk.bx
                0x000000000000ff90        0x4 /usr/lib/gcc/i686-linux-gnu/4.8/../../../i386-linux-gnu/crti.o
                0x000000000000ff90                __x86.get_pc_thunk.bx
 *fill*         0x000000000000ff94        0xc 
 .text          0x000000000000ffa0      0x11b /usr/lib/gcc/i686-linux-gnu/4.8/crtbeginS.o
 .text          0x00000000000100bb      0x790 udp-client.co
 .text          0x000000000001084b      0x96a obj_cooja/mtype81.o
                0x00000000000109f9                contiki_init
                0x0000000000010fcc                Java_org_contikios_cooja_corecomm_Lib45_init
                0x000000000001100c                Java_org_contikios_cooja_corecomm_Lib45_getMemory
                0x000000000001104c                Java_org_contikios_cooja_corecomm_Lib45_setMemory
                0x00000000000110c3                Java_org_contikios_cooja_corecomm_Lib45_tick
                0x00000000000111a3                Java_org_contikios_cooja_corecomm_Lib45_setReferenceAddress
 .text          0x00000000000111b5       0x63 obj_cooja/mtype81.a(simEnvChange.o)
                0x00000000000111b5                doActionsBeforeTick
                0x00000000000111e6                doActionsAfterTick
 .text          0x0000000000011218       0xbc obj_cooja/mtype81.a(cooja_mt.o)
                0x0000000000011218                cooja_mt_init
                0x0000000000011225                cooja_mt_remove
                0x0000000000011232                cooja_mt_start
                0x000000000001125f                cooja_mt_exec
                0x0000000000011290                cooja_mt_exit
                0x00000000000112b2                cooja_mt_yield
 .text          0x00000000000112d4      0x115 obj_cooja/mtype81.a(cooja_mtarch.o)
                0x00000000000112d4                cooja_mtarch_init
                0x00000000000112d9                cooja_mtarch_start
                0x0000000000011354                cooja_sw
                0x0000000000011376                cooja_mtarch_exec
                0x0000000000011392                cooja_mtarch_remove
                0x0000000000011397                cooja_mtarch_yield
                0x00000000000113a1                cooja_mtarch_pstop
                0x00000000000113a6                cooja_mtarch_pstart
                0x00000000000113ab                cooja_mtarch_stack_usage
 .text          0x00000000000113e9       0xc2 obj_cooja/mtype81.a(rtimer-arch.o)
                0x00000000000113e9                rtimer_arch_init
                0x000000000001140c                rtimer_arch_schedule
                0x0000000000011423                rtimer_arch_next
                0x000000000001142d                rtimer_arch_pending
                0x0000000000011437                rtimer_arch_check
                0x0000000000011469                rtimer_arch_now
 .text          0x00000000000114ab       0x76 obj_cooja/mtype81.a(beep.o)
                0x00000000000114ab                beep_alarm
                0x00000000000114b7                beep_beep
                0x00000000000114c3                beep
                0x00000000000114cf                beep_down
                0x00000000000114db                beep_on
                0x00000000000114e7                beep_off
                0x00000000000114f3                beep_spinup
                0x00000000000114ff                beep_quick
                0x000000000001150b                beep_long
 .text          0x0000000000011521      0x103 obj_cooja/mtype81.a(button-sensor.o)
 .text          0x0000000000011624       0x45 obj_cooja/mtype81.a(leds-arch.o)
                0x0000000000011624                leds_arch_init
                0x0000000000011630                leds_arch_get
                0x000000000001163c                leds_arch_set
 .text          0x0000000000011669       0x2f obj_cooja/mtype81.a(moteid.o)
 .text          0x0000000000011698       0xb1 obj_cooja/mtype81.a(pir-sensor.o)
 .text          0x0000000000011749      0x131 obj_cooja/mtype81.a(rs232.o)
                0x0000000000011749                rs232_init
                0x000000000001174e                rs232_set_speed
                0x000000000001175c                rs232_set_input
                0x0000000000011769                rs232_send
                0x000000000001178b                rs232_print
                0x00000000000117a6                slip_arch_writeb
 .text          0x000000000001187a       0xb1 obj_cooja/mtype81.a(vib-sensor.o)
 .text          0x000000000001192b       0x34 obj_cooja/mtype81.a(clock.o)
                0x000000000001192b                clock_init
                0x0000000000011930                clock_time
                0x000000000001193a                clock_seconds
                0x0000000000011950                clock_delay
 .text          0x000000000001195f      0x1ed obj_cooja/mtype81.a(log.o)
                0x000000000001195f                simlog_char
                0x00000000000119a1                simlog
                0x0000000000011a0e                log_message
                0x0000000000011a36                log_set_putchar_with_slip
                0x0000000000011a43                log_putchar
                0x0000000000011ac7                log_puts
                0x0000000000011aeb                log_printf
 .text          0x0000000000011b4c      0x2c4 obj_cooja/mtype81.a(cfs-cooja.o)
                0x0000000000011b4c                cfs_open
                0x0000000000011bb5                cfs_close
                0x0000000000011bc1                cfs_read
                0x0000000000011c5f                cfs_write
                0x0000000000011d3c                cfs_seek
                0x0000000000011dc4                cfs_remove
                0x0000000000011ded                cfs_opendir
                0x0000000000011df7                cfs_readdir
                0x0000000000011e01                cfs_closedir
 .text          0x0000000000011e10      0x687 obj_cooja/mtype81.a(cooja-radio.o)
                0x0000000000011e3a                radio_set_channel
                0x0000000000011e4f                radio_set_txpower
                0x0000000000011e6f                radio_signal_strength_last
                0x0000000000011e79                radio_signal_strength_current
                0x0000000000011e83                radio_LQI
 .text          0x0000000000012497       0xef obj_cooja/mtype81.a(eeprom.o)
                0x0000000000012497                eeprom_init
                0x000000000001249c                eeprom_read
                0x000000000001250c                eeprom_write
 .text          0x0000000000012586       0x28 obj_cooja/mtype81.a(random.o)
                0x0000000000012586                random_init
                0x00000000000125a1                random_rand
 .text          0x00000000000125ae      0x2a1 obj_cooja/mtype81.a(sensors.o)
                0x00000000000125e9                sensors_first
                0x00000000000125f3                sensors_next
                0x0000000000012610                sensors_changed
                0x000000000001263f                sensors_find
 .text          0x000000000001284f      0x413 obj_cooja/mtype81.a(dual_conf.o)
                0x000000000001284f                dual_radio_switch
                0x000000000001288f                dual_radio_change
                0x00000000000128c9                sending_in_LR
                0x00000000000128f4                dual_radio_received
                0x000000000001292c                radio_received_is_longrange
                0x0000000000012947                dual_radio_turn_on
                0x000000000001296a                dual_radio_turn_off
                0x0000000000012be8                dio_broadcast
                0x0000000000012c11                dis_broadcast
                0x0000000000012c32                LSA_converge_broadcast
 .text          0x0000000000012c62       0x8e obj_cooja/mtype81.a(autostart.o)
                0x0000000000012c62                autostart_start
                0x0000000000012cad                autostart_exit
 .text          0x0000000000012cf0      0x334 obj_cooja/mtype81.a(ctimer.o)
                0x0000000000012e07                ctimer_init
                0x0000000000012e37                ctimer_set
                0x0000000000012e68                ctimer_set_with_process
                0x0000000000012ee4                ctimer_reset
                0x0000000000012f33                ctimer_restart
                0x0000000000012f82                ctimer_stop
                0x0000000000012fcd                ctimer_expired
 .text          0x0000000000013024      0x40b obj_cooja/mtype81.a(etimer.o)
                0x0000000000013237                etimer_request_poll
                0x00000000000132bb                etimer_set
                0x00000000000132e0                etimer_reset_with_new_interval
                0x0000000000013307                etimer_reset
                0x0000000000013325                etimer_restart
                0x0000000000013343                etimer_adjust
                0x000000000001335f                etimer_expired
                0x0000000000013372                etimer_expiration_time
                0x0000000000013384                etimer_start_time
                0x000000000001338e                etimer_pending
                0x00000000000133a0                etimer_next_expiration_time
                0x00000000000133ba                etimer_stop
 .text          0x000000000001342f       0xdd obj_cooja/mtype81.a(log_message.o)
                0x000000000001342f                log_initialization
                0x00000000000134eb                log_finisher
 .text          0x000000000001350c      0x560 obj_cooja/mtype81.a(process.o)
                0x000000000001350c                process_alloc_event
                0x0000000000013521                process_start
                0x000000000001370a                process_exit
                0x0000000000013726                process_init
                0x00000000000138f7                process_run
                0x000000000001392a                process_nevents
                0x0000000000013945                process_post
                0x00000000000139f1                process_post_synch
                0x0000000000013a29                process_poll
                0x0000000000013a58                process_is_running
 .text          0x0000000000013a6c       0xd3 obj_cooja/mtype81.a(residual.o)
                0x0000000000013a6c                get_residual_energy
 .text          0x0000000000013b3f       0xba obj_cooja/mtype81.a(rtimer.o)
                0x0000000000013b3f                rtimer_init
                0x0000000000013b4c                rtimer_set
                0x0000000000013ba3                rtimer_run_next
 .text          0x0000000000013bf9       0xa3 obj_cooja/mtype81.a(stimer.o)
                0x0000000000013bf9                stimer_set
                0x0000000000013c14                stimer_reset
                0x0000000000013c2b                stimer_restart
                0x0000000000013c3d                stimer_expired
                0x0000000000013c64                stimer_remaining
                0x0000000000013c88                stimer_elapsed
 .text          0x0000000000013c9c       0x91 obj_cooja/mtype81.a(timer.o)
                0x0000000000013c9c                timer_set
                0x0000000000013cb7                timer_reset
                0x0000000000013cce                timer_restart
                0x0000000000013ce0                timer_expired
                0x0000000000013d09                timer_remaining
 .text          0x0000000000013d2d      0x1fb obj_cooja/mtype81.a(serial-line.o)
                0x0000000000013d2d                serial_line_input_byte
                0x0000000000013ef0                serial_line_init
 .text          0x0000000000013f28      0x244 obj_cooja/mtype81.a(list.o)
                0x0000000000013f28                list_init
                0x0000000000013f36                list_head
                0x0000000000013f40                list_copy
                0x0000000000013f4f                list_tail
                0x0000000000013f85                list_add
                0x0000000000013fce                list_push
                0x0000000000013ffa                list_chop
                0x0000000000014064                list_pop
                0x000000000001408c                list_remove
                0x00000000000140f3                list_length
                0x0000000000014121                list_insert
                0x0000000000014155                list_item_next
 .text          0x000000000001416c      0x155 obj_cooja/mtype81.a(ringbuf.o)
                0x000000000001416c                ringbuf_init
                0x000000000001419d                ringbuf_put
                0x000000000001421b                ringbuf_get
                0x0000000000014288                ringbuf_size
                0x000000000001429a                ringbuf_elements
 .text          0x00000000000142c1     0x258b obj_cooja/mtype81.a(sicslowpan.o)
                0x000000000001484b                rime_sniffer_add
                0x0000000000014858                rime_sniffer_remove
                0x00000000000167eb                sicslowpan_init
                0x0000000000016842                sicslowpan_get_last_rssi
 .text          0x000000000001684c      0x2dc obj_cooja/mtype81.a(uip-ds6-nbr.o)
                0x0000000000016869                uip_ds6_neighbors_init
                0x0000000000016886                uip_ds6_nbr_add
                0x0000000000016937                uip_ds6_nbr_rm
                0x0000000000016994                uip_ds6_nbr_get_ipaddr
                0x00000000000169a9                uip_ds6_nbr_get_ll
                0x00000000000169c5                uip_ds6_nbr_num
                0x0000000000016a0a                uip_ds6_nbr_lookup
                0x0000000000016a6f                uip_ds6_nbr_ll_lookup
                0x0000000000016a8b                uip_ds6_nbr_ipaddr_from_lladdr
                0x0000000000016ab1                uip_ds6_nbr_lladdr_from_ipaddr
                0x0000000000016adf                uip_ds6_link_neighbor_callback
 .text          0x0000000000016b28      0x916 obj_cooja/mtype81.a(uip-ds6-route.o)
                0x0000000000016b9f                uip_ds6_notification_add
                0x0000000000016bd0                uip_ds6_notification_rm
                0x0000000000016bec                uip_ds6_route_init
                0x0000000000016c74                uip_ds6_route_nexthop
                0x0000000000016c9c                uip_ds6_route_head
                0x0000000000016cb1                uip_ds6_route_next
                0x0000000000016cd7                uip_ds6_route_is_nexthop
                0x0000000000016d16                uip_ds6_route_num_routes
                0x0000000000016d20                uip_ds6_route_lookup
                0x0000000000016de2                uip_ds6_route_add
                0x0000000000017016                uip_ds6_route_rm
                0x00000000000171aa                uip_ds6_route_rm_by_nexthop
                0x00000000000171e2                uip_ds6_defrt_add
                0x0000000000017293                uip_ds6_defrt_rm
                0x0000000000017312                uip_ds6_defrt_lookup
                0x000000000001736b                uip_ds6_defrt_choose
                0x00000000000173d6                uip_ds6_defrt_periodic
 .text          0x000000000001743e     0x12ad obj_cooja/mtype81.a(uip-ds6.o)
                0x000000000001743e                uip_ds6_init
                0x0000000000017793                uip_ds6_periodic
                0x000000000001786b                uip_ds6_list_loop
                0x0000000000017912                uip_ds6_prefix_add
                0x00000000000179d0                uip_ds6_prefix_rm
                0x00000000000179e2                uip_ds6_prefix_lookup
                0x0000000000017a33                uip_ds6_is_addr_onlink
                0x0000000000017aa7                uip_ds6_addr_add
                0x0000000000017bd5                uip_ds6_long_addr_add
                0x0000000000017d03                uip_ds6_addr_rm
                0x0000000000017da3                uip_ds6_addr_lookup
                0x0000000000017dee                uip_ds6_long_addr_lookup
                0x0000000000017e39                uip_ds6_get_link_local
                0x0000000000017eb8                uip_ds6_long_get_link_local
                0x0000000000017f37                uip_ds6_get_global
                0x0000000000017fb6                uip_ds6_long_get_global
                0x0000000000018035                uip_ds6_maddr_add
                0x00000000000180a7                uip_ds6_long_maddr_add
                0x0000000000018119                uip_ds6_maddr_rm
                0x000000000001812b                uip_ds6_maddr_lookup
                0x0000000000018176                uip_ds6_long_maddr_lookup
                0x00000000000181c1                uip_ds6_aaddr_add
                0x0000000000018233                uip_ds6_long_aaddr_add
                0x00000000000182a5                uip_ds6_aaddr_rm
                0x00000000000182b7                uip_ds6_aaddr_lookup
                0x0000000000018302                uip_ds6_long_aaddr_lookup
                0x000000000001834d                uip_ds6_select_src
                0x00000000000185d6                uip_ds6_set_addr_iid
                0x000000000001860d                get_match_length
                0x000000000001869f                uip_ds6_compute_reachable_time
 .text          0x00000000000186eb     0x29f3 obj_cooja/mtype81.a(uip6.o)
                0x00000000000186eb                uip_add32
                0x0000000000018884                uip_chksum
                0x0000000000018972                uip_icmp6chksum
                0x0000000000018986                uip_tcpchksum
                0x000000000001899a                uip_udpchksum
                0x00000000000189ae                uip_init
                0x0000000000018a7e                uip_connect
                0x0000000000018c2d                remove_ext_hdr
                0x0000000000018d02                uip_udp_new
                0x0000000000018e5e                uip_unlisten
                0x0000000000018ebe                uip_listen
                0x0000000000019180                uip_process
                0x000000000001afd2                uip_htons
                0x000000000001aff4                uip_htonl
                0x000000000001b034                uip_send
 .text          0x000000000001b0de      0xb43 obj_cooja/mtype81.a(tcpip.o)
                0x000000000001b0de                tcpip_output
                0x000000000001b10c                tcpip_set_outputfunc
                0x000000000001b1a0                tcp_connect
                0x000000000001b1f5                tcp_unlisten
                0x000000000001b250                tcp_listen
                0x000000000001b2a9                tcp_attach
                0x000000000001b2ce                udp_attach
                0x000000000001b2f3                udp_new
                0x000000000001b345                udp_broadcast_new
                0x000000000001b5b9                tcpip_input
                0x000000000001b5ed                tcpip_ipv6_output
                0x000000000001ba67                tcpip_poll_udp
                0x000000000001ba8a                tcpip_poll_tcp
                0x000000000001baad                tcpip_uipcall
 .text          0x000000000001bc21      0x1c1 obj_cooja/mtype81.a(uip-debug.o)
                0x000000000001bc21                uip_debug_ipaddr_print
                0x000000000001bd83                uip_debug_lladdr_print
 .text          0x000000000001bde2      0x141 obj_cooja/mtype81.a(uip-packetqueue)
                0x000000000001be0e                uip_packetqueue_new
                0x000000000001be1c                uip_packetqueue_alloc
                0x000000000001be7c                uip_packetqueue_free
                0x000000000001bebd                uip_packetqueue_buf
                0x000000000001beda                uip_packetqueue_buflen
                0x000000000001befb                uip_packetqueue_set_buflen
 .text          0x000000000001bf23      0x131 obj_cooja/mtype81.a(uip-udp-packet.)
                0x000000000001bf23                uip_udp_packet_send
                0x000000000001bf83                uip_udp_packet_sendto
 .text          0x000000000001c054     0x26b3 obj_cooja/mtype81.a(rpl-dag.o)
                0x000000000001c054                rpl_lr_in_child
                0x000000000001c10c                rpl_print_neighbor_list
                0x000000000001c1b5                rpl_print_child_neighbor_list
                0x000000000001c22a                rpl_get_nbr
                0x000000000001c284                rpl_get_nbr_child
                0x000000000001c2de                rpl_dag_init
                0x000000000001c310                rpl_get_parent
                0x000000000001c332                rpl_get_parent_rank
                0x000000000001c365                rpl_get_parent_link_metric
                0x000000000001c398                rpl_get_parent_ipaddr
                0x000000000001c3c2                rpl_get_child_ipaddr
                0x000000000001c6dd                rpl_set_root
                0x000000000001c90b                rpl_repair_root
                0x000000000001cb47                rpl_set_prefix
                0x000000000001cc46                rpl_set_default_route
                0x000000000001ccd2                rpl_alloc_instance
                0x000000000001cd65                rpl_alloc_dag
                0x000000000001ce18                rpl_set_default_instance
                0x000000000001ce25                rpl_get_default_instance
                0x000000000001ce2f                rpl_free_instance
                0x000000000001cee0                rpl_free_dag
                0x000000000001cf46                rpl_add_parent
                0x000000000001d02f                rpl_find_parent
                0x000000000001d05f                rpl_add_child
                0x000000000001d103                rpl_find_child
                0x000000000001d151                rpl_find_parent_any_dag
                0x000000000001d18d                rpl_select_dag
                0x000000000001d5b0                rpl_select_parent
                0x000000000001d612                rpl_remove_parent
                0x000000000001d648                rpl_remove_child
                0x000000000001d664                rpl_nullify_parent
                0x000000000001d702                rpl_move_parent
                0x000000000001d79f                rpl_has_downward_route
                0x000000000001d7f2                rpl_get_any_dag
                0x000000000001d854                rpl_get_instance
                0x000000000001d8b7                rpl_find_of
                0x000000000001d8f4                rpl_join_instance
                0x000000000001db90                rpl_add_dag
                0x000000000001df7f                rpl_local_repair
                0x000000000001e058                rpl_recalculate_ranks
                0x000000000001e0de                rpl_process_parent_event
                0x000000000001e190                rpl_process_dio
 .text          0x000000000001e707      0xbf3 obj_cooja/mtype81.a(rpl-ext-header.)
                0x000000000001e724                rpl_verify_header
                0x000000000001eb9e                rpl_update_header_empty
                0x000000000001eeb5                rpl_update_header_final
                0x000000000001f044                rpl_remove_header
                0x000000000001f14e                rpl_invert_header
                0x000000000001f2d8                rpl_insert_header
 .text          0x000000000001f2fa     0x24b5 obj_cooja/mtype81.a(rpl-icmp6.o)
                0x000000000001f5c3                rpl_icmp6_update_nbr_table
                0x000000000001f6b3                dis_output
                0x000000000001ffeb                dio_output
                0x0000000000020848                LSA_converge_output
                0x000000000002130e                dao_output
                0x00000000000213d6                dao_output_target
                0x0000000000021757                dao_ack_output
                0x000000000002176b                rpl_icmp6_register_handlers
 .text          0x00000000000217af      0x3dc obj_cooja/mtype81.a(rpl-ltmax.o)
 .text          0x0000000000021b8b      0x84b obj_cooja/mtype81.a(rpl-timers.o)
                0x0000000000021b8b                rpl_LSA_convergence_timer
                0x0000000000021bb7                rpl_reset_LSA_convergence_timer
                0x0000000000021e69                rpl_reset_periodic_timer
                0x0000000000021ebe                rpl_reset_dio_timer
                0x00000000000220f8                rpl_schedule_dao
                0x0000000000022113                rpl_schedule_dao_immediately
                0x000000000002212e                rpl_cancel_dao
                0x0000000000022190                rpl_schedule_unicast_dio_immediately
                0x000000000002237e                rpl_schedule_probing
 .text          0x00000000000223d6      0x5d5 obj_cooja/mtype81.a(rpl.o)
                0x00000000000223d6                rpl_get_mode
                0x00000000000223e0                rpl_set_mode
                0x000000000002246e                rpl_purge_routes
                0x0000000000022568                rpl_remove_routes
                0x00000000000225ae                rpl_remove_routes_by_nexthop
                0x000000000002261a                rpl_add_route
                0x0000000000022695                rpl_link_neighbor_callback
                0x000000000002279a                rpl_ipv6_neighbor_callback
                0x0000000000022809                rpl_purge_dags
                0x0000000000022915                rpl_init
 .text          0x00000000000229ab      0x3f5 obj_cooja/mtype81.a(framer-802154.o)
 .text          0x0000000000022da0       0x5e obj_cooja/mtype81.a(nullmac.o)
 .text          0x0000000000022dfe     0x1287 obj_cooja/mtype81.a(cxmac.o)
                0x0000000000023fc7                cxmac_set_announcement_radio_txpower
                0x0000000000023fcc                cxmac_init
 .text          0x0000000000024085       0x82 obj_cooja/mtype81.a(linkaddr.o)
                0x0000000000024085                linkaddr_copy
                0x00000000000240a7                linkaddr_cmp
                0x00000000000240d1                linkaddr_set_node_addr
                0x00000000000240ec                linkaddr_set_node_long_addr
 .text          0x0000000000024107      0x915 obj_cooja/mtype81.a(nbr-table.o)
                0x0000000000024107                long_ip_from_lladdr_map
                0x0000000000024190                lladdr_map_add_lr
                0x000000000002424d                lladdr_map_rm_lr
                0x0000000000024712                nbr_table_register
                0x000000000002475a                nbr_table_head
                0x00000000000247b6                nbr_table_next
                0x000000000002481d                nbr_table_add_lladdr
                0x00000000000248f9                nbr_table_get_from_lladdr
                0x0000000000024946                nbr_table_remove
                0x0000000000024998                nbr_table_lock
                0x00000000000249c2                nbr_table_unlock
                0x00000000000249ec                nbr_table_get_lladdr
 .text          0x0000000000024a1c       0x2b obj_cooja/mtype81.a(netstack.o)
                0x0000000000024a1c                netstack_init
 .text          0x0000000000024a47      0x3cd obj_cooja/mtype81.a(packetbuf.o)
                0x0000000000024a47                packetbuf_clear
                0x0000000000024a71                packetbuf_copyfrom
                0x0000000000024ac3                packetbuf_compact
                0x0000000000024b40                packetbuf_copyto
                0x0000000000024bd7                packetbuf_hdralloc
                0x0000000000024c54                packetbuf_hdrreduce
                0x0000000000024c9c                packetbuf_set_datalen
                0x0000000000024cb5                packetbuf_dataptr
                0x0000000000024cd2                packetbuf_hdrptr
                0x0000000000024cdc                packetbuf_datalen
                0x0000000000024ce8                packetbuf_hdrlen
                0x0000000000024cff                packetbuf_totlen
                0x0000000000024d15                packetbuf_attr_clear
                0x0000000000024d67                packetbuf_attr_copyto
                0x0000000000024db0                packetbuf_attr_copyfrom
                0x0000000000024df8                packetbuf_holds_broadcast
 .text          0x0000000000024e14      0x2b4 obj_cooja/mtype81.a(queuebuf.o)
                0x0000000000024e1e                queuebuf_init
                0x0000000000024e3e                queuebuf_numfree
                0x0000000000024e52                queuebuf_new_from_packetbuf
                0x0000000000024ee2                queuebuf_update_attr_from_packetbuf
                0x0000000000024f15                queuebuf_update_from_packetbuf
                0x0000000000024f5f                queuebuf_free
                0x0000000000024fa6                queuebuf_to_packetbuf
                0x000000000002500c                queuebuf_dataptr
                0x0000000000025043                queuebuf_datalen
                0x0000000000025066                queuebuf_addr
                0x0000000000025098                queuebuf_attr
                0x00000000000250c3                queuebuf_debug_print
 .text          0x00000000000250c8       0x6e obj_cooja/mtype81.a(nullsec.o)
 .text          0x0000000000025136       0x19 obj_cooja/mtype81.a(watchdog.o)
                0x0000000000025136                watchdog_init
                0x000000000002513b                watchdog_start
                0x0000000000025140                watchdog_periodic
                0x0000000000025145                watchdog_stop
                0x000000000002514a                watchdog_reboot
 .text          0x000000000002514f        0x0 obj_cooja/mtype81.a(rimestats.o)
 .text          0x000000000002514f      0x134 obj_cooja/mtype81.a(leds.o)
                0x00000000000251a0                leds_init
                0x00000000000251b4                leds_blink
                0x00000000000251ec                leds_get
                0x00000000000251f9                leds_set
                0x0000000000025213                leds_on
                0x0000000000025236                leds_off
                0x0000000000025260                leds_toggle
 .text          0x0000000000025283      0x1c1 obj_cooja/mtype81.a(memb.o)
                0x0000000000025283                memb_init
                0x00000000000252e1                memb_alloc
                0x0000000000025346                memb_free
                0x00000000000253c1                memb_inmemb
                0x0000000000025400                memb_numfree
 .text          0x0000000000025444      0xacc obj_cooja/mtype81.a(uip-icmp6.o)
                0x00000000000254b2                uip_icmp6_input
                0x0000000000025522                uip_icmp6_register_input_handler
                0x00000000000257ea                uip_icmp6_error_output
                0x0000000000025b2f                uip_icmp6_send
                0x0000000000025ea3                uip_icmp6_echo_reply_callback_add
                0x0000000000025ed4                uip_icmp6_echo_reply_callback_rm
                0x0000000000025ef0                uip_icmp6_init
 .text          0x0000000000025f10      0x358 obj_cooja/mtype81.a(uip-nd6.o)
                0x0000000000025f64                uip_nd6_ns_output
                0x0000000000026263                uip_nd6_init
 .text          0x0000000000026268      0x331 obj_cooja/mtype81.a(rpl-nbr-policy.)
                0x0000000000026440                find_removable_dis
                0x0000000000026463                find_removable_dio
                0x00000000000264f2                find_removable_dao
                0x0000000000026542                rpl_nbr_policy_find_removable
 .text          0x0000000000026599      0x97c obj_cooja/mtype81.a(frame802154.o)
                0x00000000000265ca                frame802154_get_pan_id
                0x00000000000265d6                frame802154_set_pan_id
                0x00000000000265ef                frame802154_has_panid
                0x00000000000266db                frame802154_check_dest_panid
                0x0000000000026743                frame802154_is_broadcast_addr
                0x0000000000026790                frame802154_extract_linkaddr
                0x00000000000269d0                frame802154_hdrlen
                0x0000000000026a21                frame802154_create
                0x0000000000026c0c                frame802154_parse
 .text          0x0000000000026f15       0x3c obj_cooja/mtype81.a(mac.o)
                0x0000000000026f15                mac_call_sent_callback
 .text          0x0000000000026f51        0x0 /usr/lib/gcc/i686-linux-gnu/4.8/crtendS.o
 .text          0x0000000000026f51        0x0 /usr/lib/gcc/i686-linux-gnu/4.8/../../../i386-linux-gnu/crtn.o
 *(.gnu.warning)

.fini           0x0000000000026f54       0x14
 *(SORT(.fini))
 .fini          0x0000000000026f54        0xf /usr/lib/gcc/i686-linux-gnu/4.8/../../../i386-linux-gnu/crti.o
                0x0000000000026f54                _fini
 .fini          0x0000000000026f63        0x5 /usr/lib/gcc/i686-linux-gnu/4.8/../../../i386-linux-gnu/crtn.o
                0x0000000000026f68                PROVIDE (__etext, .)
                0x0000000000026f68                PROVIDE (_etext, .)
                0x0000000000026f68                PROVIDE (etext, .)

.rodata         0x0000000000026f80      0xcd7
 *(.rodata .rodata.* .gnu.linkonce.r.*)
 .rodata        0x0000000000026f80      0x2da udp-client.co
                0x0000000000026f94                autostart_processes
 *fill*         0x000000000002725a        0x2 
 .rodata        0x000000000002725c      0x1e6 obj_cooja/mtype81.o
 *fill*         0x0000000000027442        0x2 
 .rodata        0x0000000000027444        0x8 obj_cooja/mtype81.a(beep.o)
                0x0000000000027444                beep_interface
 .rodata        0x000000000002744c       0x20 obj_cooja/mtype81.a(button-sensor.o)
                0x000000000002744c                button_interface
                0x000000000002745c                button_sensor
 .rodata        0x000000000002746c        0x8 obj_cooja/mtype81.a(leds-arch.o)
                0x000000000002746c                leds_interface
 .rodata        0x0000000000027474        0x8 obj_cooja/mtype81.a(moteid.o)
                0x0000000000027474                moteid_interface
 .rodata        0x000000000002747c       0x1c obj_cooja/mtype81.a(pir-sensor.o)
                0x000000000002747c                pir_interface
                0x0000000000027488                pir_sensor
 .rodata        0x0000000000027498        0xe obj_cooja/mtype81.a(rs232.o)
                0x0000000000027498                rs232_interface
 *fill*         0x00000000000274a6        0x2 
 .rodata        0x00000000000274a8       0x24 obj_cooja/mtype81.a(vib-sensor.o)
                0x00000000000274a8                vib_interface
                0x00000000000274bc                vib_sensor
 .rodata        0x00000000000274cc        0x8 obj_cooja/mtype81.a(clock.o)
                0x00000000000274cc                clock_interface
 .rodata        0x00000000000274d4        0x8 obj_cooja/mtype81.a(log.o)
                0x00000000000274d4                simlog_interface
 .rodata        0x00000000000274dc       0x2f obj_cooja/mtype81.a(cfs-cooja.o)
                0x00000000000274dc                cfs_interface
 *fill*         0x000000000002750b       0x15 
 .rodata        0x0000000000027520       0x60 obj_cooja/mtype81.a(cooja-radio.o)
                0x0000000000027540                cooja_radio_driver
                0x0000000000027578                radio_interface
 .rodata        0x0000000000027580        0x8 obj_cooja/mtype81.a(eeprom.o)
                0x0000000000027580                eeprom_interface
 .rodata        0x0000000000027588        0x8 obj_cooja/mtype81.a(sensors.o)
 .rodata        0x0000000000027590       0x33 obj_cooja/mtype81.a(dual_conf.o)
 .rodata        0x00000000000275c3        0xf obj_cooja/mtype81.a(ctimer.o)
 .rodata        0x00000000000275d2        0xc obj_cooja/mtype81.a(etimer.o)
 *fill*         0x00000000000275de        0x2 
 .rodata        0x00000000000275e0       0x73 obj_cooja/mtype81.a(log_message.o)
 *fill*         0x0000000000027653        0x1 
 .rodata        0x0000000000027654       0x20 obj_cooja/mtype81.a(residual.o)
 .rodata        0x0000000000027674        0xe obj_cooja/mtype81.a(serial-line.o)
 *fill*         0x0000000000027682        0x2 
 .rodata        0x0000000000027684       0x2c obj_cooja/mtype81.a(sicslowpan.o)
                0x0000000000027684                unc_llconf
                0x0000000000027688                unc_ctxconf
                0x000000000002768c                unc_mxconf
                0x0000000000027690                llprefix
                0x00000000000276a4                sicslowpan_driver
 .rodata        0x00000000000276b0      0x13c obj_cooja/mtype81.a(uip6.o)
 .rodata        0x00000000000277ec       0x49 obj_cooja/mtype81.a(tcpip.o)
 .rodata        0x0000000000027835       0x3e obj_cooja/mtype81.a(uip-debug.o)
 *fill*         0x0000000000027873        0x1 
 .rodata        0x0000000000027874        0x4 obj_cooja/mtype81.a(rpl-dag.o)
 .rodata        0x0000000000027878       0x1c obj_cooja/mtype81.a(rpl-icmp6.o)
 .rodata        0x0000000000027894       0x86 obj_cooja/mtype81.a(rpl-timers.o)
 *fill*         0x000000000002791a        0x2 
 .rodata        0x000000000002791c        0xc obj_cooja/mtype81.a(framer-802154.o)
                0x000000000002791c                framer_802154
 .rodata        0x0000000000027928       0x24 obj_cooja/mtype81.a(nullmac.o)
                0x0000000000027930                nullmac_driver
 *fill*         0x000000000002794c       0x14 
 .rodata        0x0000000000027960      0x2c0 obj_cooja/mtype81.a(cxmac.o)
                0x0000000000027c00                cxmac_driver
 .rodata        0x0000000000027c20        0x8 obj_cooja/mtype81.a(linkaddr.o)
                0x0000000000027c20                linkaddr_null
 .rodata        0x0000000000027c28       0x18 obj_cooja/mtype81.a(nullsec.o)
                0x0000000000027c30                nullsec_driver
 .rodata        0x0000000000027c40       0x17 obj_cooja/mtype81.a(uip-icmp6.o)

.rodata1
 *(.rodata1)

.eh_frame_hdr   0x0000000000027c58     0x13fc
 *(.eh_frame_hdr)
 .eh_frame_hdr  0x0000000000027c58     0x13fc udp-client.co

.eh_frame       0x0000000000029054     0x5140
 *(.eh_frame)
 .eh_frame      0x0000000000029054       0x3c /usr/lib/gcc/i686-linux-gnu/4.8/../../../i386-linux-gnu/crti.o
                                         0x40 (size before relaxing)
 .eh_frame      0x0000000000029090       0xb4 udp-client.co
                                         0xcc (size before relaxing)
 .eh_frame      0x0000000000029144      0x148 obj_cooja/mtype81.o
                                        0x160 (size before relaxing)
 .eh_frame      0x000000000002928c       0x40 obj_cooja/mtype81.a(simEnvChange.o)
                                         0x58 (size before relaxing)
 .eh_frame      0x00000000000292cc       0xc0 obj_cooja/mtype81.a(cooja_mt.o)
                                         0xd8 (size before relaxing)
 .eh_frame      0x000000000002938c      0x120 obj_cooja/mtype81.a(cooja_mtarch.o)
                                        0x138 (size before relaxing)
 .eh_frame      0x00000000000294ac       0xc0 obj_cooja/mtype81.a(rtimer-arch.o)
                                         0xd8 (size before relaxing)
 .eh_frame      0x000000000002956c      0x160 obj_cooja/mtype81.a(beep.o)
                                        0x178 (size before relaxing)
 .eh_frame      0x00000000000296cc       0xa0 obj_cooja/mtype81.a(button-sensor.o)
                                         0xb8 (size before relaxing)
 .eh_frame      0x000000000002976c       0xa0 obj_cooja/mtype81.a(leds-arch.o)
                                         0xb8 (size before relaxing)
 .eh_frame      0x000000000002980c       0x40 obj_cooja/mtype81.a(moteid.o)
                                         0x58 (size before relaxing)
 .eh_frame      0x000000000002984c       0xa0 obj_cooja/mtype81.a(pir-sensor.o)
                                         0xb8 (size before relaxing)
 .eh_frame      0x00000000000298ec      0x100 obj_cooja/mtype81.a(rs232.o)
                                        0x118 (size before relaxing)
 .eh_frame      0x00000000000299ec       0xa0 obj_cooja/mtype81.a(vib-sensor.o)
                                         0xb8 (size before relaxing)
 .eh_frame      0x0000000000029a8c       0xc0 obj_cooja/mtype81.a(clock.o)
                                         0xd8 (size before relaxing)
 .eh_frame      0x0000000000029b4c      0x120 obj_cooja/mtype81.a(log.o)
                                        0x138 (size before relaxing)
 .eh_frame      0x0000000000029c6c      0x160 obj_cooja/mtype81.a(cfs-cooja.o)
                                        0x178 (size before relaxing)
 .eh_frame      0x0000000000029dcc      0x2e0 obj_cooja/mtype81.a(cooja-radio.o)
                                        0x2f8 (size before relaxing)
 .eh_frame      0x000000000002a0ac       0xa0 obj_cooja/mtype81.a(eeprom.o)
                                         0xb8 (size before relaxing)
 .eh_frame      0x000000000002a14c       0x40 obj_cooja/mtype81.a(random.o)
                                         0x58 (size before relaxing)
 .eh_frame      0x000000000002a18c       0xc0 obj_cooja/mtype81.a(sensors.o)
                                         0xd8 (size before relaxing)
 .eh_frame      0x000000000002a24c      0x1a0 obj_cooja/mtype81.a(dual_conf.o)
                                        0x1b8 (size before relaxing)
 .eh_frame      0x000000000002a3ec       0x40 obj_cooja/mtype81.a(autostart.o)
                                         0x58 (size before relaxing)
 .eh_frame      0x000000000002a42c      0x100 obj_cooja/mtype81.a(ctimer.o)
                                        0x118 (size before relaxing)
 .eh_frame      0x000000000002a52c      0x1e0 obj_cooja/mtype81.a(etimer.o)
                                        0x1f8 (size before relaxing)
 .eh_frame      0x000000000002a70c       0x40 obj_cooja/mtype81.a(log_message.o)
                                         0x58 (size before relaxing)
 .eh_frame      0x000000000002a74c      0x1c8 obj_cooja/mtype81.a(process.o)
                                        0x1e0 (size before relaxing)
 .eh_frame      0x000000000002a914       0x2c obj_cooja/mtype81.a(residual.o)
                                         0x44 (size before relaxing)
 .eh_frame      0x000000000002a940       0x60 obj_cooja/mtype81.a(rtimer.o)
                                         0x78 (size before relaxing)
 .eh_frame      0x000000000002a9a0       0xc4 obj_cooja/mtype81.a(stimer.o)
                                         0xdc (size before relaxing)
 .eh_frame      0x000000000002aa64       0xa4 obj_cooja/mtype81.a(timer.o)
                                         0xbc (size before relaxing)
 .eh_frame      0x000000000002ab08       0x60 obj_cooja/mtype81.a(serial-line.o)
                                         0x78 (size before relaxing)
 .eh_frame      0x000000000002ab68      0x180 obj_cooja/mtype81.a(list.o)
                                        0x198 (size before relaxing)
 .eh_frame      0x000000000002ace8       0xa0 obj_cooja/mtype81.a(ringbuf.o)
                                         0xb8 (size before relaxing)
 .eh_frame      0x000000000002ad88      0x350 obj_cooja/mtype81.a(sicslowpan.o)
                                        0x368 (size before relaxing)
 .eh_frame      0x000000000002b0d8      0x180 obj_cooja/mtype81.a(uip-ds6-nbr.o)
                                        0x198 (size before relaxing)
 .eh_frame      0x000000000002b258      0x2a0 obj_cooja/mtype81.a(uip-ds6-route.o)
                                        0x2b8 (size before relaxing)
 .eh_frame      0x000000000002b4f8      0x3c8 obj_cooja/mtype81.a(uip-ds6.o)
                                        0x3e0 (size before relaxing)
 .eh_frame      0x000000000002b8c0      0x27c obj_cooja/mtype81.a(uip6.o)
                                        0x294 (size before relaxing)
 .eh_frame      0x000000000002bb3c      0x270 obj_cooja/mtype81.a(tcpip.o)
                                        0x288 (size before relaxing)
 .eh_frame      0x000000000002bdac       0x48 obj_cooja/mtype81.a(uip-debug.o)
                                         0x60 (size before relaxing)
 .eh_frame      0x000000000002bdf4       0xe0 obj_cooja/mtype81.a(uip-packetqueue)
                                         0xf8 (size before relaxing)
 .eh_frame      0x000000000002bed4       0x40 obj_cooja/mtype81.a(uip-udp-packet.)
                                         0x58 (size before relaxing)
 .eh_frame      0x000000000002bf14      0x76c obj_cooja/mtype81.a(rpl-dag.o)
                                        0x784 (size before relaxing)
 .eh_frame      0x000000000002c680      0x10c obj_cooja/mtype81.a(rpl-ext-header.)
                                        0x124 (size before relaxing)
 .eh_frame      0x000000000002c78c      0x2f8 obj_cooja/mtype81.a(rpl-icmp6.o)
                                        0x310 (size before relaxing)
 .eh_frame      0x000000000002ca84       0xe0 obj_cooja/mtype81.a(rpl-ltmax.o)
                                         0xf8 (size before relaxing)
 .eh_frame      0x000000000002cb64      0x26c obj_cooja/mtype81.a(rpl-timers.o)
                                        0x284 (size before relaxing)
 .eh_frame      0x000000000002cdd0      0x148 obj_cooja/mtype81.a(rpl.o)
                                        0x160 (size before relaxing)
 .eh_frame      0x000000000002cf18      0x108 obj_cooja/mtype81.a(framer-802154.o)
                                        0x120 (size before relaxing)
 .eh_frame      0x000000000002d020       0xc0 obj_cooja/mtype81.a(nullmac.o)
                                         0xd8 (size before relaxing)
 .eh_frame      0x000000000002d0e0      0x2c0 obj_cooja/mtype81.a(cxmac.o)
                                        0x2d8 (size before relaxing)
 .eh_frame      0x000000000002d3a0       0x80 obj_cooja/mtype81.a(linkaddr.o)
                                         0x98 (size before relaxing)
 .eh_frame      0x000000000002d420      0x2cc obj_cooja/mtype81.a(nbr-table.o)
                                        0x2e4 (size before relaxing)
 .eh_frame      0x000000000002d6ec       0x20 obj_cooja/mtype81.a(netstack.o)
                                         0x38 (size before relaxing)
 .eh_frame      0x000000000002d70c      0x214 obj_cooja/mtype81.a(packetbuf.o)
                                        0x22c (size before relaxing)
 .eh_frame      0x000000000002d920      0x1a0 obj_cooja/mtype81.a(queuebuf.o)
                                        0x1b8 (size before relaxing)
 .eh_frame      0x000000000002dac0       0x80 obj_cooja/mtype81.a(nullsec.o)
                                         0x98 (size before relaxing)
 .eh_frame      0x000000000002db40       0xa0 obj_cooja/mtype81.a(watchdog.o)
                                         0xb8 (size before relaxing)
 .eh_frame      0x000000000002dbe0      0x100 obj_cooja/mtype81.a(leds.o)
                                        0x118 (size before relaxing)
 .eh_frame      0x000000000002dce0       0xa0 obj_cooja/mtype81.a(memb.o)
                                         0xb8 (size before relaxing)
 .eh_frame      0x000000000002dd80      0x164 obj_cooja/mtype81.a(uip-icmp6.o)
                                        0x17c (size before relaxing)
 .eh_frame      0x000000000002dee4       0x68 obj_cooja/mtype81.a(uip-nd6.o)
                                         0x80 (size before relaxing)
 .eh_frame      0x000000000002df4c       0xc0 obj_cooja/mtype81.a(rpl-nbr-policy.)
                                         0xd8 (size before relaxing)
 .eh_frame      0x000000000002e00c      0x164 obj_cooja/mtype81.a(frame802154.o)
                                        0x17c (size before relaxing)
 .eh_frame      0x000000000002e170       0x20 obj_cooja/mtype81.a(mac.o)
                                         0x38 (size before relaxing)
 .eh_frame      0x000000000002e190        0x4 /usr/lib/gcc/i686-linux-gnu/4.8/crtendS.o

.gcc_except_table
 *(.gcc_except_table .gcc_except_table.*)

.exception_ranges
 *(.exception_ranges .exception_ranges*)
                0x000000000002e194                . = (ALIGN (0x1000) - ((0x1000 - .) & 0xfff))
                0x000000000002fef8                . = DATA_SEGMENT_ALIGN (0x1000, 0x1000)

.eh_frame
 *(.eh_frame)

.gcc_except_table
 *(.gcc_except_table .gcc_except_table.*)

.exception_ranges
 *(.exception_ranges .exception_ranges*)

.tdata
 *(.tdata .tdata.* .gnu.linkonce.td.*)

.tbss
 *(.tbss .tbss.* .gnu.linkonce.tb.*)
 *(.tcommon)

.preinit_array
 *(.preinit_array)

.init_array     0x000000000002fef8        0x4
 *(SORT(.init_array.*) SORT(.ctors.*))
 *(.init_array EXCLUDE_FILE(*crtend?.o *crtend.o *crtbegin?.o *crtbegin.o) .ctors)
 .init_array    0x000000000002fef8        0x4 /usr/lib/gcc/i686-linux-gnu/4.8/crtbeginS.o

.fini_array     0x000000000002fefc        0x4
 *(SORT(.fini_array.*) SORT(.dtors.*))
 *(.fini_array EXCLUDE_FILE(*crtend?.o *crtend.o *crtbegin?.o *crtbegin.o) .dtors)
 .fini_array    0x000000000002fefc        0x4 /usr/lib/gcc/i686-linux-gnu/4.8/crtbeginS.o

.ctors
 *crtbegin.o(.ctors)
 *crtbegin?.o(.ctors)
 *(EXCLUDE_FILE(*crtend?.o *crtend.o) .ctors)
 *(SORT(.ctors.*))
 *(.ctors)

.dtors
 *crtbegin.o(.dtors)
 *crtbegin?.o(.dtors)
 *(EXCLUDE_FILE(*crtend?.o *crtend.o) .dtors)
 *(SORT(.dtors.*))
 *(.dtors)

.jcr            0x000000000002ff00        0x4
 *(.jcr)
 .jcr           0x000000000002ff00        0x0 /usr/lib/gcc/i686-linux-gnu/4.8/crtbeginS.o
 .jcr           0x000000000002ff00        0x4 /usr/lib/gcc/i686-linux-gnu/4.8/crtendS.o

.data.rel.ro
 *(.data.rel.ro.local* .gnu.linkonce.d.rel.ro.local.*)
 *(.data.rel.ro .data.rel.ro.* .gnu.linkonce.d.rel.ro.*)

.dynamic        0x000000000002ff04       0xe8
 *(.dynamic)
 .dynamic       0x000000000002ff04       0xe8 /usr/lib/gcc/i686-linux-gnu/4.8/../../../i386-linux-gnu/crti.o
                0x000000000002ff04                _DYNAMIC

.got            0x000000000002ffec       0x14
 *(.got)
 .got           0x000000000002ffec       0x14 /usr/lib/gcc/i686-linux-gnu/4.8/../../../i386-linux-gnu/crti.o
 *(.igot)
                0x0000000000030ff4                . = DATA_SEGMENT_RELRO_END (., (SIZEOF (.got.plt) >= 0xc)?0xc:0x0)

.got.plt        0x0000000000030000       0x14
 *(.got.plt)
 .got.plt       0x0000000000030000       0x14 /usr/lib/gcc/i686-linux-gnu/4.8/../../../i386-linux-gnu/crti.o
                0x0000000000030000                _GLOBAL_OFFSET_TABLE_
 *(.igot.plt)

.data           0x0000000000030020      0x29a
 *(.data .data.* .gnu.linkonce.d.*)
 .data          0x0000000000030020        0x0 /usr/lib/gcc/i686-linux-gnu/4.8/../../../i386-linux-gnu/crti.o
 .data          0x0000000000030020        0x0 /usr/lib/gcc/i686-linux-gnu/4.8/crtbeginS.o
 .data.rel      0x0000000000030020        0x4 /usr/lib/gcc/i686-linux-gnu/4.8/crtbeginS.o
                0x0000000000030020                __dso_handle
 .data          0x0000000000030024       0x10 udp-client.co
                0x0000000000030024                udp_client_process
 *fill*         0x0000000000030034        0xc 
 .data          0x0000000000030040       0x44 obj_cooja/mtype81.o
                0x0000000000030040                simInterfaces
                0x0000000000030074                sensors
 .data          0x0000000000030084        0x0 obj_cooja/mtype81.a(simEnvChange.o)
 .data          0x0000000000030084        0x0 obj_cooja/mtype81.a(cooja_mt.o)
 .data          0x0000000000030084        0x0 obj_cooja/mtype81.a(cooja_mtarch.o)
 .data          0x0000000000030084        0x0 obj_cooja/mtype81.a(rtimer-arch.o)
 .data          0x0000000000030084        0x0 obj_cooja/mtype81.a(beep.o)
 .data          0x0000000000030084        0x0 obj_cooja/mtype81.a(button-sensor.o)
 .data          0x0000000000030084        0x0 obj_cooja/mtype81.a(leds-arch.o)
 .data          0x0000000000030084        0x0 obj_cooja/mtype81.a(moteid.o)
 .data          0x0000000000030084        0x0 obj_cooja/mtype81.a(pir-sensor.o)
 .data          0x0000000000030084        0x0 obj_cooja/mtype81.a(rs232.o)
 .data          0x0000000000030084        0x0 obj_cooja/mtype81.a(vib-sensor.o)
 .data          0x0000000000030084        0x0 obj_cooja/mtype81.a(clock.o)
 .data          0x0000000000030084        0x0 obj_cooja/mtype81.a(log.o)
 .data          0x0000000000030084        0x0 obj_cooja/mtype81.a(cfs-cooja.o)
 .data          0x0000000000030084       0x40 obj_cooja/mtype81.a(cooja-radio.o)
                0x0000000000030084                simRadioChannelLR
                0x0000000000030088                simRadioHWOnLR
                0x000000000003008c                simSignalStrengthLR
                0x0000000000030090                simLastSignalStrengthLR
                0x0000000000030094                simPowerLR
                0x0000000000030098                simLQILR
                0x000000000003009c                simRadioChannel
                0x00000000000300a0                simRadioHWOn
                0x00000000000300a4                simSignalStrength
                0x00000000000300a8                simLastSignalStrength
                0x00000000000300ac                simPower
                0x00000000000300b0                simLQI
                0x00000000000300b4                cooja_radio_process
 .data          0x00000000000300c4        0x0 obj_cooja/mtype81.a(eeprom.o)
 .data          0x00000000000300c4        0x0 obj_cooja/mtype81.a(random.o)
 .data          0x00000000000300c4       0x10 obj_cooja/mtype81.a(sensors.o)
                0x00000000000300c4                sensors_process
 .data          0x00000000000300d4       0x3a obj_cooja/mtype81.a(dual_conf.o)
                0x00000000000300d4                radio_received
                0x00000000000300d8                dual_dio_broadcast
                0x00000000000300e8                dual_dis_broadcast
                0x00000000000300f8                dual_LSA_converge_broadcast
 .data          0x000000000003010e        0x0 obj_cooja/mtype81.a(autostart.o)
 *fill*         0x000000000003010e        0x2 
 .data          0x0000000000030110       0x14 obj_cooja/mtype81.a(ctimer.o)
                0x0000000000030114                ctimer_process
 .data          0x0000000000030124       0x10 obj_cooja/mtype81.a(etimer.o)
                0x0000000000030124                etimer_process
 .data          0x0000000000030134        0x0 obj_cooja/mtype81.a(log_message.o)
 .data          0x0000000000030134        0x0 obj_cooja/mtype81.a(process.o)
 .data          0x0000000000030134        0x0 obj_cooja/mtype81.a(residual.o)
 .data          0x0000000000030134        0x0 obj_cooja/mtype81.a(rtimer.o)
 .data          0x0000000000030134        0x0 obj_cooja/mtype81.a(stimer.o)
 .data          0x0000000000030134        0x0 obj_cooja/mtype81.a(timer.o)
 .data          0x0000000000030134       0x10 obj_cooja/mtype81.a(serial-line.o)
                0x0000000000030134                serial_line_process
 .data          0x0000000000030144        0x0 obj_cooja/mtype81.a(list.o)
 .data          0x0000000000030144        0x0 obj_cooja/mtype81.a(ringbuf.o)
 .data          0x0000000000030144        0x0 obj_cooja/mtype81.a(sicslowpan.o)
 .data          0x0000000000030144       0x14 obj_cooja/mtype81.a(uip-ds6-nbr.o)
                0x0000000000030154                ds6_neighbors
 .data          0x0000000000030158       0x44 obj_cooja/mtype81.a(uip-ds6-route.o)
                0x0000000000030168                nbr_routes
 .data          0x000000000003019c        0x0 obj_cooja/mtype81.a(uip-ds6.o)
 .data          0x000000000003019c        0x0 obj_cooja/mtype81.a(uip6.o)
 .data          0x000000000003019c       0x10 obj_cooja/mtype81.a(tcpip.o)
                0x000000000003019c                tcpip_process
 .data          0x00000000000301ac        0x0 obj_cooja/mtype81.a(uip-debug.o)
 .data          0x00000000000301ac        0xc obj_cooja/mtype81.a(uip-packetqueue)
 .data          0x00000000000301b8        0x0 obj_cooja/mtype81.a(uip-udp-packet.)
 .data          0x00000000000301b8       0x28 obj_cooja/mtype81.a(rpl-dag.o)
                0x00000000000301c8                rpl_parents
                0x00000000000301dc                rpl_children
 .data          0x00000000000301e0        0x0 obj_cooja/mtype81.a(rpl-ext-header.)
 .data          0x00000000000301e0       0x40 obj_cooja/mtype81.a(rpl-icmp6.o)
 .data          0x0000000000030220       0x1c obj_cooja/mtype81.a(rpl-ltmax.o)
                0x0000000000030220                rpl_ltmax_of
 .data          0x000000000003023c        0x0 obj_cooja/mtype81.a(rpl-timers.o)
 .data          0x000000000003023c        0x0 obj_cooja/mtype81.a(rpl.o)
 .data          0x000000000003023c        0x0 obj_cooja/mtype81.a(framer-802154.o)
 .data          0x000000000003023c        0x0 obj_cooja/mtype81.a(nullmac.o)
 .data          0x000000000003023c       0x30 obj_cooja/mtype81.a(cxmac.o)
                0x000000000003023c                cxmac_config
                0x000000000003024c                strobe_wait
 .data          0x000000000003026c        0x0 obj_cooja/mtype81.a(linkaddr.o)
 .data          0x000000000003026c       0x10 obj_cooja/mtype81.a(nbr-table.o)
 .data          0x000000000003027c        0x0 obj_cooja/mtype81.a(netstack.o)
 .data          0x000000000003027c        0x4 obj_cooja/mtype81.a(packetbuf.o)
 .data          0x0000000000030280       0x18 obj_cooja/mtype81.a(queuebuf.o)
 .data          0x0000000000030298        0x0 obj_cooja/mtype81.a(nullsec.o)
 .data          0x0000000000030298        0x0 obj_cooja/mtype81.a(watchdog.o)
 .data          0x0000000000030298        0x0 obj_cooja/mtype81.a(rimestats.o)
 .data          0x0000000000030298        0x0 obj_cooja/mtype81.a(leds.o)
 .data          0x0000000000030298        0x0 obj_cooja/mtype81.a(memb.o)
 .data          0x0000000000030298       0x20 obj_cooja/mtype81.a(uip-icmp6.o)
 .data          0x00000000000302b8        0x0 obj_cooja/mtype81.a(uip-nd6.o)
 .data          0x00000000000302b8        0x0 obj_cooja/mtype81.a(rpl-nbr-policy.)
 .data          0x00000000000302b8        0x2 obj_cooja/mtype81.a(frame802154.o)
 .data          0x00000000000302ba        0x0 obj_cooja/mtype81.a(mac.o)
 .data          0x00000000000302ba        0x0 /usr/lib/gcc/i686-linux-gnu/4.8/crtendS.o
 .data          0x00000000000302ba        0x0 /usr/lib/gcc/i686-linux-gnu/4.8/../../../i386-linux-gnu/crtn.o

.tm_clone_table
                0x00000000000302bc        0x0
 .tm_clone_table
                0x00000000000302bc        0x0 /usr/lib/gcc/i686-linux-gnu/4.8/crtbeginS.o
 .tm_clone_table
                0x00000000000302bc        0x0 /usr/lib/gcc/i686-linux-gnu/4.8/crtendS.o

.data1
 *(.data1)
                0x00000000000302bc                _edata = .
                0x00000000000302bc                PROVIDE (edata, .)
                0x00000000000302bc                . = .
                0x00000000000302bc                __bss_start = .

.bss            0x00000000000302c0     0x8388
 *(.dynbss)
 .dynbss        0x0000000000000000        0x0 /usr/lib/gcc/i686-linux-gnu/4.8/../../../i386-linux-gnu/crti.o
 *(.bss .bss.* .gnu.linkonce.b.*)
 .bss           0x00000000000302c0        0x0 /usr/lib/gcc/i686-linux-gnu/4.8/../../../i386-linux-gnu/crti.o
 .bss           0x00000000000302c0        0x1 /usr/lib/gcc/i686-linux-gnu/4.8/crtbeginS.o
 *fill*         0x00000000000302c1       0x1f 
 .bss           0x00000000000302e0       0x60 udp-client.co
                0x00000000000302e0                my_weight
 .bss           0x0000000000030340     0x2030 obj_cooja/mtype81.o
 .bss           0x0000000000032370        0x1 obj_cooja/mtype81.a(simEnvChange.o)
                0x0000000000032370                simDontFallAsleep
 *fill*         0x0000000000032371        0x3 
 .bss           0x0000000000032374        0x4 obj_cooja/mtype81.a(cooja_mt.o)
 .bss           0x0000000000032378        0x4 obj_cooja/mtype81.a(cooja_mtarch.o)
 .bss           0x000000000003237c        0xc obj_cooja/mtype81.a(rtimer-arch.o)
 .bss           0x0000000000032388        0x0 obj_cooja/mtype81.a(beep.o)
 .bss           0x0000000000032388        0x8 obj_cooja/mtype81.a(button-sensor.o)
 .bss           0x0000000000032390        0x0 obj_cooja/mtype81.a(leds-arch.o)
 .bss           0x0000000000032390        0x0 obj_cooja/mtype81.a(moteid.o)
 .bss           0x0000000000032390        0x1 obj_cooja/mtype81.a(pir-sensor.o)
                0x0000000000032390                simPirValue
 *fill*         0x0000000000032391        0x3 
 .bss           0x0000000000032394        0x4 obj_cooja/mtype81.a(rs232.o)
 .bss           0x0000000000032398        0x1 obj_cooja/mtype81.a(vib-sensor.o)
                0x0000000000032398                simVibValue
 .bss           0x0000000000032399        0x0 obj_cooja/mtype81.a(clock.o)
 *fill*         0x0000000000032399        0x7 
 .bss           0x00000000000323a0      0x420 obj_cooja/mtype81.a(log.o)
 .bss           0x00000000000327c0      0xfc0 obj_cooja/mtype81.a(cfs-cooja.o)
                0x00000000000327c0                simCFSData
                0x0000000000033760                simCFSSize
                0x0000000000033764                simCFSChanged
                0x0000000000033768                simCFSRead
                0x000000000003376c                simCFSWritten
 .bss           0x0000000000033780       0x24 obj_cooja/mtype81.a(cooja-radio.o)
                0x0000000000033780                simReceivingLR
                0x0000000000033784                simInSizeLR
                0x0000000000033788                simOutSizeLR
                0x000000000003378c                simReceiving
                0x0000000000033790                simInSize
                0x0000000000033794                simOutSize
                0x0000000000033798                LongRangeTransmit
                0x000000000003379c                LongRangeReceiving
 .bss           0x00000000000337a4        0xc obj_cooja/mtype81.a(eeprom.o)
                0x00000000000337a4                simEEPROMChanged
                0x00000000000337a8                simEEPROMRead
                0x00000000000337ac                simEEPROMWritten
 .bss           0x00000000000337b0        0x0 obj_cooja/mtype81.a(random.o)
 .bss           0x00000000000337b0        0xc obj_cooja/mtype81.a(sensors.o)
 .bss           0x00000000000337bc       0x3c obj_cooja/mtype81.a(dual_conf.o)
                0x00000000000337bc                long_range_radio
 .bss           0x00000000000337f8        0x0 obj_cooja/mtype81.a(autostart.o)
 .bss           0x00000000000337f8        0x5 obj_cooja/mtype81.a(ctimer.o)
 *fill*         0x00000000000337fd        0x3 
 .bss           0x0000000000033800        0x8 obj_cooja/mtype81.a(etimer.o)
 .bss           0x0000000000033808        0x0 obj_cooja/mtype81.a(log_message.o)
 *fill*         0x0000000000033808       0x18 
 .bss           0x0000000000033820      0x1b1 obj_cooja/mtype81.a(process.o)
                0x0000000000033820                process_list
                0x0000000000033824                process_current
 .bss           0x00000000000339d1        0x0 obj_cooja/mtype81.a(residual.o)
 *fill*         0x00000000000339d1        0x3 
 .bss           0x00000000000339d4        0x4 obj_cooja/mtype81.a(rtimer.o)
 .bss           0x00000000000339d8        0x0 obj_cooja/mtype81.a(stimer.o)
 .bss           0x00000000000339d8        0x0 obj_cooja/mtype81.a(timer.o)
 *fill*         0x00000000000339d8        0x8 
 .bss           0x00000000000339e0      0x140 obj_cooja/mtype81.a(serial-line.o)
 .bss           0x0000000000033b20        0x0 obj_cooja/mtype81.a(list.o)
 .bss           0x0000000000033b20        0x0 obj_cooja/mtype81.a(ringbuf.o)
 .bss           0x0000000000033b20      0x70c obj_cooja/mtype81.a(sicslowpan.o)
 *fill*         0x000000000003422c       0x14 
 .bss           0x0000000000034240       0xc0 obj_cooja/mtype81.a(uip-ds6-nbr.o)
 .bss           0x0000000000034300      0x4a8 obj_cooja/mtype81.a(uip-ds6-route.o)
 .bss           0x00000000000347a8       0x30 obj_cooja/mtype81.a(uip-ds6.o)
 .bss           0x00000000000347d8        0xe obj_cooja/mtype81.a(uip6.o)
                0x00000000000347d8                uip_ext_bitmap
                0x00000000000347d9                uip_ext_len
                0x00000000000347da                uip_ext_opt_offset
 *fill*         0x00000000000347e6       0x1a 
 .bss           0x0000000000034800       0x6b obj_cooja/mtype81.a(tcpip.o)
 .bss           0x000000000003486b        0x0 obj_cooja/mtype81.a(uip-debug.o)
 *fill*         0x000000000003486b       0x15 
 .bss           0x0000000000034880      0xcf8 obj_cooja/mtype81.a(uip-packetqueue)
 .bss           0x0000000000035578        0x0 obj_cooja/mtype81.a(uip-udp-packet.)
 *fill*         0x0000000000035578        0x8 
 .bss           0x0000000000035580       0x88 obj_cooja/mtype81.a(rpl-dag.o)
 .bss           0x0000000000035608        0x0 obj_cooja/mtype81.a(rpl-ext-header.)
 .bss           0x0000000000035608        0x0 obj_cooja/mtype81.a(rpl-icmp6.o)
 .bss           0x0000000000035608        0x0 obj_cooja/mtype81.a(rpl-ltmax.o)
 *fill*         0x0000000000035608       0x18 
 .bss           0x0000000000035620       0x60 obj_cooja/mtype81.a(rpl-timers.o)
 .bss           0x0000000000035680        0x4 obj_cooja/mtype81.a(rpl.o)
 .bss           0x0000000000035684        0x2 obj_cooja/mtype81.a(framer-802154.o)
 .bss           0x0000000000035686        0x0 obj_cooja/mtype81.a(nullmac.o)
 *fill*         0x0000000000035686       0x1a 
 .bss           0x00000000000356a0       0xb0 obj_cooja/mtype81.a(cxmac.o)
 .bss           0x0000000000035750        0x0 obj_cooja/mtype81.a(linkaddr.o)
 *fill*         0x0000000000035750       0x10 
 .bss           0x0000000000035760       0xc4 obj_cooja/mtype81.a(nbr-table.o)
 .bss           0x0000000000035824        0x0 obj_cooja/mtype81.a(netstack.o)
 *fill*         0x0000000000035824       0x1c 
 .bss           0x0000000000035840       0xa0 obj_cooja/mtype81.a(packetbuf.o)
 .bss           0x00000000000358e0      0xb80 obj_cooja/mtype81.a(queuebuf.o)
 .bss           0x0000000000036460        0x0 obj_cooja/mtype81.a(nullsec.o)
 .bss           0x0000000000036460        0x0 obj_cooja/mtype81.a(watchdog.o)
 .bss           0x0000000000036460        0x0 obj_cooja/mtype81.a(rimestats.o)
 .bss           0x0000000000036460        0x1 obj_cooja/mtype81.a(leds.o)
 .bss           0x0000000000036461        0x0 obj_cooja/mtype81.a(memb.o)
 *fill*         0x0000000000036461        0x3 
 .bss           0x0000000000036464       0x18 obj_cooja/mtype81.a(uip-icmp6.o)
 .bss           0x000000000003647c        0x0 obj_cooja/mtype81.a(uip-nd6.o)
 *fill*         0x000000000003647c        0x4 
 .bss           0x0000000000036480       0x44 obj_cooja/mtype81.a(rpl-nbr-policy.)
 .bss           0x00000000000364c4        0x0 obj_cooja/mtype81.a(frame802154.o)
 .bss           0x00000000000364c4        0x0 obj_cooja/mtype81.a(mac.o)
 .bss           0x00000000000364c4        0x0 /usr/lib/gcc/i686-linux-gnu/4.8/crtendS.o
 .bss           0x00000000000364c4        0x0 /usr/lib/gcc/i686-linux-gnu/4.8/../../../i386-linux-gnu/crtn.o
 *(COMMON)
 COMMON         0x00000000000364c4       0x50 udp-client.co
                0x00000000000364c4                dio_count
                0x00000000000364c8                dis_count
                0x00000000000364cc                collision_count
                0x00000000000364d0                transmission_count
                0x00000000000364d4                COOJA_radioRxLong
                0x00000000000364d8                control_message_count
                0x00000000000364dc                dao_count
                0x00000000000364e0                COOJA_radioTx
                0x00000000000364e4                LSA_SR_preamble
                0x00000000000364e8                data_relay_count
                0x00000000000364ec                LSA_lr_child
                0x00000000000364f0                data_message_count
                0x00000000000364f4                LSA_converge
                0x00000000000364f5                my_sink_reachability
                0x00000000000364f8                COOJA_radioTxLong
                0x00000000000364fc                COOJA_radioRx
                0x0000000000036500                my_parent_number
                0x0000000000036504                COOJA_radioOn
                0x0000000000036508                COOJA_duration
                0x000000000003650c                dio_ack_count
                0x0000000000036510                COOJA_radioOnLong
 COMMON         0x0000000000036514        0xc obj_cooja/mtype81.o
                0x0000000000036514                referenceVar
                0x0000000000036518                debugfp
                0x000000000003651c                sensors_flags
 COMMON         0x0000000000036520        0xc obj_cooja/mtype81.a(simEnvChange.o)
                0x0000000000036520                simEtimerPending
                0x0000000000036524                simProcessRunValue
                0x0000000000036528                simNextExpirationTime
 COMMON         0x000000000003652c        0x1 obj_cooja/mtype81.a(beep.o)
                0x000000000003652c                simBeeped
 COMMON         0x000000000003652d        0x3 obj_cooja/mtype81.a(button-sensor.o)
                0x000000000003652d                simButtonIsActive
                0x000000000003652e                simButtonIsDown
                0x000000000003652f                simButtonChanged
 COMMON         0x0000000000036530        0x1 obj_cooja/mtype81.a(leds-arch.o)
                0x0000000000036530                simLedsValue
 *fill*         0x0000000000036531        0x3 
 COMMON         0x0000000000036534        0xc obj_cooja/mtype81.a(moteid.o)
                0x0000000000036534                simRandomSeed
                0x0000000000036538                simMoteIDChanged
                0x000000000003653c                simMoteID
 COMMON         0x0000000000036540        0x2 obj_cooja/mtype81.a(pir-sensor.o)
                0x0000000000036540                simPirIsActive
                0x0000000000036541                simPirChanged
 *fill*         0x0000000000036542       0x1e 
 COMMON         0x0000000000036560      0x820 obj_cooja/mtype81.a(rs232.o)
                0x0000000000036560                simSerialReceivingFlag
                0x0000000000036564                simSerialReceivingLength
                0x0000000000036580                simSerialReceivingData
 COMMON         0x0000000000036d80        0x2 obj_cooja/mtype81.a(vib-sensor.o)
                0x0000000000036d80                simVibChanged
                0x0000000000036d81                simVibIsActive
 *fill*         0x0000000000036d82        0x2 
 COMMON         0x0000000000036d84        0x4 obj_cooja/mtype81.a(clock.o)
                0x0000000000036d84                simCurrentTime
 *fill*         0x0000000000036d88       0x18 
 COMMON         0x0000000000036da0      0x420 obj_cooja/mtype81.a(log.o)
                0x0000000000036da0                simLoggedLength
                0x0000000000036da4                simLoggedFlag
                0x0000000000036dc0                simLoggedData
 COMMON         0x00000000000371c0      0x240 obj_cooja/mtype81.a(cooja-radio.o)
                0x00000000000371c0                simOutDataBuffer
                0x0000000000037240                simRadioTarget
                0x0000000000037260                simInDataBufferLR
                0x00000000000372e0                simOutDataBufferLR
                0x0000000000037360                dual_duty_cycle_count
                0x0000000000037380                simInDataBuffer
 COMMON         0x0000000000037400      0x400 obj_cooja/mtype81.a(eeprom.o)
                0x0000000000037400                simEEPROMData
 COMMON         0x0000000000037800        0x1 obj_cooja/mtype81.a(sensors.o)
                0x0000000000037800                sensors_event
 *fill*         0x0000000000037801        0x3 
 COMMON         0x0000000000037804        0x4 obj_cooja/mtype81.a(log_message.o)
                0x0000000000037804                log_fp
 COMMON         0x0000000000037808        0x1 obj_cooja/mtype81.a(serial-line.o)
                0x0000000000037808                serial_line_event_message
 *fill*         0x0000000000037809       0x17 
 COMMON         0x0000000000037820       0x50 obj_cooja/mtype81.a(uip-ds6-nbr.o)
                0x0000000000037820                ds6_lr_addrmap
 *fill*         0x0000000000037870       0x10 
 COMMON         0x0000000000037880      0x298 obj_cooja/mtype81.a(uip-ds6.o)
                0x0000000000037880                uip_ds6_prefix_list
                0x00000000000378e0                uip_ds6_timer_periodic
                0x00000000000378f0                uip_ds6_netif_addr_list_offset
                0x0000000000037900                uip_ds6_if
                0x00000000000379f8                uip_ds6_timer_ra
                0x0000000000037a00                uip_ds6_addr_size
                0x0000000000037a20                long_uip_ds6_if
 *fill*         0x0000000000037b18        0x8 
 COMMON         0x0000000000037b20      0x8ec obj_cooja/mtype81.a(uip6.o)
                0x0000000000037b20                uip_slen
                0x0000000000037b22                uip_acc32
                0x0000000000037b40                uip_conns
                0x0000000000037c00                uip_lladdr
                0x0000000000037c08                uip_appdata
                0x0000000000037c0c                uip_flags
                0x0000000000037c20                uip_aligned_buf
                0x0000000000038260                uip_listenports
                0x0000000000038270                uip_len
                0x0000000000038272                uip_long_lladdr
                0x000000000003827c                uip_sappdata
                0x0000000000038280                uip_udp_conns
                0x0000000000038400                uip_udp_conn
                0x0000000000038404                uip_next_hdr
                0x0000000000038408                uip_conn
 COMMON         0x000000000003840c        0x1 obj_cooja/mtype81.a(tcpip.o)
                0x000000000003840c                tcpip_event
 *fill*         0x000000000003840d       0x13 
 COMMON         0x0000000000038420      0x198 obj_cooja/mtype81.a(rpl-dag.o)
                0x0000000000038420                default_instance
                0x0000000000038440                instance_table
 COMMON         0x00000000000385b8       0x10 obj_cooja/mtype81.a(linkaddr.o)
                0x00000000000385b8                linkaddr_node_addr
                0x00000000000385c0                long_linkaddr_node_addr
 COMMON         0x00000000000385c8       0x2e obj_cooja/mtype81.a(packetbuf.o)
                0x00000000000385c8                packetbuf_attrs
                0x00000000000385e6                packetbuf_addrs
 *fill*         0x00000000000385f6        0xa 
 COMMON         0x0000000000038600       0x48 obj_cooja/mtype81.a(rimestats.o)
                0x0000000000038600                rimestats
                0x0000000000038648                . = ALIGN ((. != 0x0)?0x4:0x1)
                0x0000000000038648                . = ALIGN (0x4)
                0x0000000000038648                . = SEGMENT_START ("ldata-segment", .)
                0x0000000000038648                . = ALIGN (0x4)
                0x0000000000038648                _end = .
                0x0000000000038648                PROVIDE (end, .)
                0x0000000000038648                . = DATA_SEGMENT_END (.)

.stab
 *(.stab)

.stabstr
 *(.stabstr)

.stab.excl
 *(.stab.excl)

.stab.exclstr
 *(.stab.exclstr)

.stab.index
 *(.stab.index)

.stab.indexstr
 *(.stab.indexstr)

.comment        0x0000000000000000       0x29
 *(.comment)
 .comment       0x0000000000000000       0x29 /usr/lib/gcc/i686-linux-gnu/4.8/crtbeginS.o
                                         0x2a (size before relaxing)
 .comment       0x0000000000000000       0x2a udp-client.co
 .comment       0x0000000000000000       0x2a obj_cooja/mtype81.o
 .comment       0x0000000000000000       0x2a obj_cooja/mtype81.a(simEnvChange.o)
 .comment       0x0000000000000000       0x2a obj_cooja/mtype81.a(cooja_mt.o)
 .comment       0x0000000000000000       0x2a obj_cooja/mtype81.a(cooja_mtarch.o)
 .comment       0x0000000000000000       0x2a obj_cooja/mtype81.a(rtimer-arch.o)
 .comment       0x0000000000000000       0x2a obj_cooja/mtype81.a(beep.o)
 .comment       0x0000000000000000       0x2a obj_cooja/mtype81.a(button-sensor.o)
 .comment       0x0000000000000000       0x2a obj_cooja/mtype81.a(leds-arch.o)
 .comment       0x0000000000000000       0x2a obj_cooja/mtype81.a(moteid.o)
 .comment       0x0000000000000000       0x2a obj_cooja/mtype81.a(pir-sensor.o)
 .comment       0x0000000000000000       0x2a obj_cooja/mtype81.a(rs232.o)
 .comment       0x0000000000000000       0x2a obj_cooja/mtype81.a(vib-sensor.o)
 .comment       0x0000000000000000       0x2a obj_cooja/mtype81.a(clock.o)
 .comment       0x0000000000000000       0x2a obj_cooja/mtype81.a(log.o)
 .comment       0x0000000000000000       0x2a obj_cooja/mtype81.a(cfs-cooja.o)
 .comment       0x0000000000000000       0x2a obj_cooja/mtype81.a(cooja-radio.o)
 .comment       0x0000000000000000       0x2a obj_cooja/mtype81.a(eeprom.o)
 .comment       0x0000000000000000       0x2a obj_cooja/mtype81.a(random.o)
 .comment       0x0000000000000000       0x2a obj_cooja/mtype81.a(sensors.o)
 .comment       0x0000000000000000       0x2a obj_cooja/mtype81.a(dual_conf.o)
 .comment       0x0000000000000000       0x2a obj_cooja/mtype81.a(autostart.o)
 .comment       0x0000000000000000       0x2a obj_cooja/mtype81.a(ctimer.o)
 .comment       0x0000000000000000       0x2a obj_cooja/mtype81.a(etimer.o)
 .comment       0x0000000000000000       0x2a obj_cooja/mtype81.a(log_message.o)
 .comment       0x0000000000000000       0x2a obj_cooja/mtype81.a(process.o)
 .comment       0x0000000000000000       0x2a obj_cooja/mtype81.a(residual.o)
 .comment       0x0000000000000000       0x2a obj_cooja/mtype81.a(rtimer.o)
 .comment       0x0000000000000000       0x2a obj_cooja/mtype81.a(stimer.o)
 .comment       0x0000000000000000       0x2a obj_cooja/mtype81.a(timer.o)
 .comment       0x0000000000000000       0x2a obj_cooja/mtype81.a(serial-line.o)
 .comment       0x0000000000000000       0x2a obj_cooja/mtype81.a(list.o)
 .comment       0x0000000000000000       0x2a obj_cooja/mtype81.a(ringbuf.o)
 .comment       0x0000000000000000       0x2a obj_cooja/mtype81.a(sicslowpan.o)
 .comment       0x0000000000000000       0x2a obj_cooja/mtype81.a(uip-ds6-nbr.o)
 .comment       0x0000000000000000       0x2a obj_cooja/mtype81.a(uip-ds6-route.o)
 .comment       0x0000000000000000       0x2a obj_cooja/mtype81.a(uip-ds6.o)
 .comment       0x0000000000000000       0x2a obj_cooja/mtype81.a(uip6.o)
 .comment       0x0000000000000000       0x2a obj_cooja/mtype81.a(tcpip.o)
 .comment       0x0000000000000000       0x2a obj_cooja/mtype81.a(uip-debug.o)
 .comment       0x0000000000000000       0x2a obj_cooja/mtype81.a(uip-packetqueue)
 .comment       0x0000000000000000       0x2a obj_cooja/mtype81.a(uip-udp-packet.)
 .comment       0x0000000000000000       0x2a obj_cooja/mtype81.a(rpl-dag.o)
 .comment       0x0000000000000000       0x2a obj_cooja/mtype81.a(rpl-ext-header.)
 .comment       0x0000000000000000       0x2a obj_cooja/mtype81.a(rpl-icmp6.o)
 .comment       0x0000000000000000       0x2a obj_cooja/mtype81.a(rpl-ltmax.o)
 .comment       0x0000000000000000       0x2a obj_cooja/mtype81.a(rpl-timers.o)
 .comment       0x0000000000000000       0x2a obj_cooja/mtype81.a(rpl.o)
 .comment       0x0000000000000000       0x2a obj_cooja/mtype81.a(framer-802154.o)
 .comment       0x0000000000000000       0x2a obj_cooja/mtype81.a(nullmac.o)
 .comment       0x0000000000000000       0x2a obj_cooja/mtype81.a(cxmac.o)
 .comment       0x0000000000000000       0x2a obj_cooja/mtype81.a(linkaddr.o)
 .comment       0x0000000000000000       0x2a obj_cooja/mtype81.a(nbr-table.o)
 .comment       0x0000000000000000       0x2a obj_cooja/mtype81.a(netstack.o)
 .comment       0x0000000000000000       0x2a obj_cooja/mtype81.a(packetbuf.o)
 .comment       0x0000000000000000       0x2a obj_cooja/mtype81.a(queuebuf.o)
 .comment       0x0000000000000000       0x2a obj_cooja/mtype81.a(nullsec.o)
 .comment       0x0000000000000000       0x2a obj_cooja/mtype81.a(watchdog.o)
 .comment       0x0000000000000000       0x2a obj_cooja/mtype81.a(rimestats.o)
 .comment       0x0000000000000000       0x2a obj_cooja/mtype81.a(leds.o)
 .comment       0x0000000000000000       0x2a obj_cooja/mtype81.a(memb.o)
 .comment       0x0000000000000000       0x2a obj_cooja/mtype81.a(uip-icmp6.o)
 .comment       0x0000000000000000       0x2a obj_cooja/mtype81.a(uip-nd6.o)
 .comment       0x0000000000000000       0x2a obj_cooja/mtype81.a(rpl-nbr-policy.)
 .comment       0x0000000000000000       0x2a obj_cooja/mtype81.a(frame802154.o)
 .comment       0x0000000000000000       0x2a obj_cooja/mtype81.a(mac.o)
 .comment       0x0000000000000000       0x2a /usr/lib/gcc/i686-linux-gnu/4.8/crtendS.o

.debug
 *(.debug)

.line
 *(.line)

.debug_srcinfo
 *(.debug_srcinfo)

.debug_sfnames
 *(.debug_sfnames)

.debug_aranges  0x0000000000000000      0x838
 *(.debug_aranges)
 .debug_aranges
                0x0000000000000000       0x20 udp-client.co
 .debug_aranges
                0x0000000000000020       0x20 obj_cooja/mtype81.o
 .debug_aranges
                0x0000000000000040       0x20 obj_cooja/mtype81.a(simEnvChange.o)
 .debug_aranges
                0x0000000000000060       0x20 obj_cooja/mtype81.a(cooja_mt.o)
 .debug_aranges
                0x0000000000000080       0x20 obj_cooja/mtype81.a(cooja_mtarch.o)
 .debug_aranges
                0x00000000000000a0       0x20 obj_cooja/mtype81.a(rtimer-arch.o)
 .debug_aranges
                0x00000000000000c0       0x20 obj_cooja/mtype81.a(beep.o)
 .debug_aranges
                0x00000000000000e0       0x20 obj_cooja/mtype81.a(button-sensor.o)
 .debug_aranges
                0x0000000000000100       0x20 obj_cooja/mtype81.a(leds-arch.o)
 .debug_aranges
                0x0000000000000120       0x20 obj_cooja/mtype81.a(moteid.o)
 .debug_aranges
                0x0000000000000140       0x20 obj_cooja/mtype81.a(pir-sensor.o)
 .debug_aranges
                0x0000000000000160       0x20 obj_cooja/mtype81.a(rs232.o)
 .debug_aranges
                0x0000000000000180       0x20 obj_cooja/mtype81.a(vib-sensor.o)
 .debug_aranges
                0x00000000000001a0       0x20 obj_cooja/mtype81.a(clock.o)
 .debug_aranges
                0x00000000000001c0       0x20 obj_cooja/mtype81.a(log.o)
 .debug_aranges
                0x00000000000001e0       0x20 obj_cooja/mtype81.a(cfs-cooja.o)
 .debug_aranges
                0x0000000000000200       0x20 obj_cooja/mtype81.a(cooja-radio.o)
 .debug_aranges
                0x0000000000000220       0x20 obj_cooja/mtype81.a(eeprom.o)
 .debug_aranges
                0x0000000000000240       0x20 obj_cooja/mtype81.a(random.o)
 .debug_aranges
                0x0000000000000260       0x20 obj_cooja/mtype81.a(sensors.o)
 .debug_aranges
                0x0000000000000280       0x20 obj_cooja/mtype81.a(dual_conf.o)
 .debug_aranges
                0x00000000000002a0       0x20 obj_cooja/mtype81.a(autostart.o)
 .debug_aranges
                0x00000000000002c0       0x20 obj_cooja/mtype81.a(ctimer.o)
 .debug_aranges
                0x00000000000002e0       0x20 obj_cooja/mtype81.a(etimer.o)
 .debug_aranges
                0x0000000000000300       0x20 obj_cooja/mtype81.a(log_message.o)
 .debug_aranges
                0x0000000000000320       0x20 obj_cooja/mtype81.a(process.o)
 .debug_aranges
                0x0000000000000340       0x20 obj_cooja/mtype81.a(residual.o)
 .debug_aranges
                0x0000000000000360       0x20 obj_cooja/mtype81.a(rtimer.o)
 .debug_aranges
                0x0000000000000380       0x20 obj_cooja/mtype81.a(stimer.o)
 .debug_aranges
                0x00000000000003a0       0x20 obj_cooja/mtype81.a(timer.o)
 .debug_aranges
                0x00000000000003c0       0x20 obj_cooja/mtype81.a(serial-line.o)
 .debug_aranges
                0x00000000000003e0       0x20 obj_cooja/mtype81.a(list.o)
 .debug_aranges
                0x0000000000000400       0x20 obj_cooja/mtype81.a(ringbuf.o)
 .debug_aranges
                0x0000000000000420       0x20 obj_cooja/mtype81.a(sicslowpan.o)
 .debug_aranges
                0x0000000000000440       0x20 obj_cooja/mtype81.a(uip-ds6-nbr.o)
 .debug_aranges
                0x0000000000000460       0x20 obj_cooja/mtype81.a(uip-ds6-route.o)
 .debug_aranges
                0x0000000000000480       0x20 obj_cooja/mtype81.a(uip-ds6.o)
 .debug_aranges
                0x00000000000004a0       0x20 obj_cooja/mtype81.a(uip6.o)
 .debug_aranges
                0x00000000000004c0       0x20 obj_cooja/mtype81.a(tcpip.o)
 .debug_aranges
                0x00000000000004e0       0x20 obj_cooja/mtype81.a(uip-debug.o)
 .debug_aranges
                0x0000000000000500       0x20 obj_cooja/mtype81.a(uip-packetqueue)
 .debug_aranges
                0x0000000000000520       0x20 obj_cooja/mtype81.a(uip-udp-packet.)
 .debug_aranges
                0x0000000000000540       0x20 obj_cooja/mtype81.a(rpl-dag.o)
 .debug_aranges
                0x0000000000000560       0x20 obj_cooja/mtype81.a(rpl-ext-header.)
 .debug_aranges
                0x0000000000000580       0x20 obj_cooja/mtype81.a(rpl-icmp6.o)
 .debug_aranges
                0x00000000000005a0       0x20 obj_cooja/mtype81.a(rpl-ltmax.o)
 .debug_aranges
                0x00000000000005c0       0x20 obj_cooja/mtype81.a(rpl-timers.o)
 .debug_aranges
                0x00000000000005e0       0x20 obj_cooja/mtype81.a(rpl.o)
 .debug_aranges
                0x0000000000000600       0x20 obj_cooja/mtype81.a(framer-802154.o)
 .debug_aranges
                0x0000000000000620       0x20 obj_cooja/mtype81.a(nullmac.o)
 .debug_aranges
                0x0000000000000640       0x20 obj_cooja/mtype81.a(cxmac.o)
 .debug_aranges
                0x0000000000000660       0x20 obj_cooja/mtype81.a(linkaddr.o)
 .debug_aranges
                0x0000000000000680       0x20 obj_cooja/mtype81.a(nbr-table.o)
 .debug_aranges
                0x00000000000006a0       0x20 obj_cooja/mtype81.a(netstack.o)
 .debug_aranges
                0x00000000000006c0       0x20 obj_cooja/mtype81.a(packetbuf.o)
 .debug_aranges
                0x00000000000006e0       0x20 obj_cooja/mtype81.a(queuebuf.o)
 .debug_aranges
                0x0000000000000700       0x20 obj_cooja/mtype81.a(nullsec.o)
 .debug_aranges
                0x0000000000000720       0x20 obj_cooja/mtype81.a(watchdog.o)
 .debug_aranges
                0x0000000000000740       0x18 obj_cooja/mtype81.a(rimestats.o)
 .debug_aranges
                0x0000000000000758       0x20 obj_cooja/mtype81.a(leds.o)
 .debug_aranges
                0x0000000000000778       0x20 obj_cooja/mtype81.a(memb.o)
 .debug_aranges
                0x0000000000000798       0x20 obj_cooja/mtype81.a(uip-icmp6.o)
 .debug_aranges
                0x00000000000007b8       0x20 obj_cooja/mtype81.a(uip-nd6.o)
 .debug_aranges
                0x00000000000007d8       0x20 obj_cooja/mtype81.a(rpl-nbr-policy.)
 .debug_aranges
                0x00000000000007f8       0x20 obj_cooja/mtype81.a(frame802154.o)
 .debug_aranges
                0x0000000000000818       0x20 obj_cooja/mtype81.a(mac.o)

.debug_pubnames
 *(.debug_pubnames)

.debug_info     0x0000000000000000    0x1d62e
 *(.debug_info .gnu.linkonce.wi.*)
 .debug_info    0x0000000000000000      0xa56 udp-client.co
 .debug_info    0x0000000000000a56     0x3ac4 obj_cooja/mtype81.o
 .debug_info    0x000000000000451a      0x15a obj_cooja/mtype81.a(simEnvChange.o)
 .debug_info    0x0000000000004674      0x1e2 obj_cooja/mtype81.a(cooja_mt.o)
 .debug_info    0x0000000000004856      0x2e7 obj_cooja/mtype81.a(cooja_mtarch.o)
 .debug_info    0x0000000000004b3d      0x16b obj_cooja/mtype81.a(rtimer-arch.o)