Archive member included to satisfy reference by file (symbol)

obj_cooja/mtype418.a(simEnvChange.o)
                              obj_cooja/mtype418.o (simDontFallAsleep)
obj_cooja/mtype418.a(cooja_mt.o)
                              obj_cooja/mtype418.o (cooja_mt_start)
obj_cooja/mtype418.a(cooja_mtarch.o)
                              obj_cooja/mtype418.a(cooja_mt.o) (cooja_mtarch_init)
obj_cooja/mtype418.a(rtimer-arch.o)
                              obj_cooja/mtype418.o (rtimer_arch_next)
obj_cooja/mtype418.a(beep.o)  obj_cooja/mtype418.o (beep_interface)
obj_cooja/mtype418.a(button-sensor.o)
                              obj_cooja/mtype418.o (button_interface)
obj_cooja/mtype418.a(leds-arch.o)
                              obj_cooja/mtype418.o (leds_interface)
obj_cooja/mtype418.a(moteid.o)
                              obj_cooja/mtype418.o (moteid_interface)
obj_cooja/mtype418.a(pir-sensor.o)
                              obj_cooja/mtype418.o (pir_interface)
obj_cooja/mtype418.a(rs232.o)
                              obj_cooja/mtype418.o (rs232_interface)
obj_cooja/mtype418.a(vib-sensor.o)
                              obj_cooja/mtype418.o (vib_interface)
obj_cooja/mtype418.a(clock.o)
                              obj_cooja/mtype418.o (clock_interface)
obj_cooja/mtype418.a(log.o)   obj_cooja/mtype418.o (simlog_interface)
obj_cooja/mtype418.a(cfs-cooja.o)
                              obj_cooja/mtype418.o (cfs_interface)
obj_cooja/mtype418.a(cooja-radio.o)
                              obj_cooja/mtype418.o (radio_interface)
obj_cooja/mtype418.a(eeprom.o)
                              obj_cooja/mtype418.o (eeprom_interface)
obj_cooja/mtype418.a(random.o)
                              obj_cooja/mtype418.a(moteid.o) (random_init)
obj_cooja/mtype418.a(sensors.o)
                              obj_cooja/mtype418.o (sensors_process)
obj_cooja/mtype418.a(leds.o)  obj_cooja/mtype418.a(cooja-radio.o) (leds_on)
obj_cooja/mtype418.a(dual_conf.o)
                              obj_cooja/mtype418.a(cooja-radio.o) (long_range_radio)
obj_cooja/mtype418.a(autostart.o)
                              obj_cooja/mtype418.o (autostart_start)
obj_cooja/mtype418.a(ctimer.o)
                              obj_cooja/mtype418.o (ctimer_init)
obj_cooja/mtype418.a(etimer.o)
                              obj_cooja/mtype418.o (etimer_process)
obj_cooja/mtype418.a(log_message.o)
                              obj_cooja/mtype418.o (log_initialization)
obj_cooja/mtype418.a(process.o)
                              udp-client.co (process_current)
obj_cooja/mtype418.a(residual.o)
                              udp-client.co (get_residual_energy)
obj_cooja/mtype418.a(rtimer.o)
                              obj_cooja/mtype418.a(rtimer-arch.o) (rtimer_run_next)
obj_cooja/mtype418.a(stimer.o)
                              udp-client.co (stimer_remaining)
obj_cooja/mtype418.a(timer.o)
                              obj_cooja/mtype418.a(button-sensor.o) (timer_set)
obj_cooja/mtype418.a(serial-line.o)
                              udp-client.co (serial_line_event_message)
obj_cooja/mtype418.a(list.o)  obj_cooja/mtype418.a(ctimer.o) (list_init)
obj_cooja/mtype418.a(ringbuf.o)
                              obj_cooja/mtype418.a(serial-line.o) (ringbuf_init)
obj_cooja/mtype418.a(sicslowpan.o)
                              obj_cooja/mtype418.o (sicslowpan_driver)
obj_cooja/mtype418.a(uip-ds6-nbr.o)
                              obj_cooja/mtype418.a(sicslowpan.o) (uip_ds6_link_neighbor_callback)
obj_cooja/mtype418.a(uip-ds6-route.o)
                              udp-client.co (uip_ds6_route_nexthop)
obj_cooja/mtype418.a(uip-ds6.o)
                              udp-client.co (uip_ds6_if)
obj_cooja/mtype418.a(uip6.o)  udp-client.co (uip_lladdr)
obj_cooja/mtype418.a(tcpip.o)
                              udp-client.co (tcpip_event)
obj_cooja/mtype418.a(uip-debug.o)
                              udp-client.co (uip_debug_ipaddr_print)
obj_cooja/mtype418.a(uip-packetqueue)
                              obj_cooja/mtype418.a(uip-ds6-nbr.o) (uip_packetqueue_new)
obj_cooja/mtype418.a(uip-udp-packet.)
                              udp-client.co (uip_udp_packet_sendto)
obj_cooja/mtype418.a(rpl-dag.o)
                              obj_cooja/mtype418.a(tcpip.o) (rpl_repair_root)
obj_cooja/mtype418.a(rpl-ext-header.)
                              obj_cooja/mtype418.a(uip6.o) (rpl_verify_header)
obj_cooja/mtype418.a(rpl-icmp6.o)
                              obj_cooja/mtype418.a(rpl-dag.o) (rpl_icmp6_update_nbr_table)
obj_cooja/mtype418.a(rpl-ltmax.o)
                              obj_cooja/mtype418.a(rpl-dag.o) (rpl_ltmax_of)
obj_cooja/mtype418.a(rpl-timers.o)
                              obj_cooja/mtype418.a(rpl-icmp6.o) (rpl_LSA_convergence_timer)
obj_cooja/mtype418.a(rpl.o)   obj_cooja/mtype418.a(rpl-icmp6.o) (rpl_get_mode)
obj_cooja/mtype418.a(csma.o)  obj_cooja/mtype418.o (csma_driver)
obj_cooja/mtype418.a(framer-802154.o)
[...]
Memory Configuration

Name             Origin             Length             Attributes
*default*        0x0000000000000000 0xffffffffffffffff

Linker script and memory map

LOAD /usr/lib/gcc/i686-linux-gnu/4.8/../../../i386-linux-gnu/crti.o
LOAD /usr/lib/gcc/i686-linux-gnu/4.8/crtbeginS.o
LOAD udp-client.co
LOAD obj_cooja/mtype418.o
LOAD obj_cooja/mtype418.a
LOAD /usr/lib/gcc/i686-linux-gnu/4.8/libgcc.a
LOAD /usr/lib/gcc/i686-linux-gnu/4.8/libgcc_s.so
LOAD /usr/lib/gcc/i686-linux-gnu/4.8/../../../i386-linux-gnu/libc.so
START GROUP
LOAD /lib/i386-linux-gnu/libc.so.6
LOAD /usr/lib/i386-linux-gnu/libc_nonshared.a
LOAD /lib/i386-linux-gnu/ld-linux.so.2
END GROUP
LOAD /usr/lib/gcc/i686-linux-gnu/4.8/libgcc.a
LOAD /usr/lib/gcc/i686-linux-gnu/4.8/libgcc_s.so
LOAD /usr/lib/gcc/i686-linux-gnu/4.8/crtendS.o
LOAD /usr/lib/gcc/i686-linux-gnu/4.8/../../../i386-linux-gnu/crtn.o
                0x0000000000000114                . = (0x0 + SIZEOF_HEADERS)

.note.gnu.build-id
                0x0000000000000114       0x24
 *(.note.gnu.build-id)
 .note.gnu.build-id
                0x0000000000000114       0x24 /usr/lib/gcc/i686-linux-gnu/4.8/../../../i386-linux-gnu/crti.o

.hash
 *(.hash)

.gnu.hash       0x0000000000000138     0x13b8
 *(.gnu.hash)
 .gnu.hash      0x0000000000000138     0x13b8 /usr/lib/gcc/i686-linux-gnu/4.8/../../../i386-linux-gnu/crti.o

.dynsym         0x00000000000014f0     0x2740
 *(.dynsym)
 .dynsym        0x00000000000014f0     0x2740 /usr/lib/gcc/i686-linux-gnu/4.8/../../../i386-linux-gnu/crti.o

.dynstr         0x0000000000003c30     0x285b
 *(.dynstr)
 .dynstr        0x0000000000003c30     0x285b /usr/lib/gcc/i686-linux-gnu/4.8/../../../i386-linux-gnu/crti.o

.gnu.version    0x000000000000648c      0x4e8
 *(.gnu.version)
 .gnu.version   0x000000000000648c      0x4e8 /usr/lib/gcc/i686-linux-gnu/4.8/../../../i386-linux-gnu/crti.o

.gnu.version_d  0x0000000000006974        0x0
 *(.gnu.version_d)
 .gnu.version_d
                0x0000000000000000        0x0 /usr/lib/gcc/i686-linux-gnu/4.8/../../../i386-linux-gnu/crti.o

.gnu.version_r  0x0000000000006974       0x50
 *(.gnu.version_r)
 .gnu.version_r
                0x0000000000006974       0x50 /usr/lib/gcc/i686-linux-gnu/4.8/../../../i386-linux-gnu/crti.o

.rel.dyn        0x00000000000069c4     0xa460
 *(.rel.init)
 .rel.init      0x0000000000000000        0x0 /usr/lib/gcc/i686-linux-gnu/4.8/../../../i386-linux-gnu/crti.o
 *(.rel.text .rel.text.* .rel.gnu.linkonce.t.*)
 .rel.text      0x00000000000069c4     0x9c70 /usr/lib/gcc/i686-linux-gnu/4.8/../../../i386-linux-gnu/crti.o
 *(.rel.fini)
 .rel.fini      0x0000000000000000        0x0 /usr/lib/gcc/i686-linux-gnu/4.8/../../../i386-linux-gnu/crti.o
 *(.rel.rodata .rel.rodata.* .rel.gnu.linkonce.r.*)
 .rel.rodata    0x0000000000010634      0x4e0 /usr/lib/gcc/i686-linux-gnu/4.8/../../../i386-linux-gnu/crti.o
 *(.rel.data.rel.ro .rel.data.rel.ro.* .rel.gnu.linkonce.d.rel.ro.*)
 *(.rel.data .rel.data.* .rel.gnu.linkonce.d.*)
 .rel.data.rel  0x0000000000010b14        0x8 /usr/lib/gcc/i686-linux-gnu/4.8/../../../i386-linux-gnu/crti.o
 .rel.data      0x0000000000010b1c      0x2d0 /usr/lib/gcc/i686-linux-gnu/4.8/../../../i386-linux-gnu/crti.o
 *(.rel.tdata .rel.tdata.* .rel.gnu.linkonce.td.*)
 *(.rel.tbss .rel.tbss.* .rel.gnu.linkonce.tb.*)
 *(.rel.ctors)
 *(.rel.dtors)
 *(.rel.got)
 .rel.got       0x0000000000010dec       0x28 /usr/lib/gcc/i686-linux-gnu/4.8/../../../i386-linux-gnu/crti.o
 *(.rel.bss .rel.bss.* .rel.gnu.linkonce.b.*)
 *(.rel.ifunc)
 .rel.ifunc     0x0000000000000000        0x0 /usr/lib/gcc/i686-linux-gnu/4.8/../../../i386-linux-gnu/crti.o
 .rel.fini_array
                0x0000000000010e14        0x8 /usr/lib/gcc/i686-linux-gnu/4.8/../../../i386-linux-gnu/crti.o
 .rel.init_array
                0x0000000000010e1c        0x8 /usr/lib/gcc/i686-linux-gnu/4.8/../../../i386-linux-gnu/crti.o

.rel.plt        0x0000000000010e24       0x10
 *(.rel.plt)
 .rel.plt       0x0000000000010e24       0x10 /usr/lib/gcc/i686-linux-gnu/4.8/../../../i386-linux-gnu/crti.o
 *(.rel.iplt)

.init           0x0000000000010e34       0x23
 *(SORT(.init))
 .init          0x0000000000010e34       0x1e /usr/lib/gcc/i686-linux-gnu/4.8/../../../i386-linux-gnu/crti.o
                0x0000000000010e34                _init
 .init          0x0000000000010e52        0x5 /usr/lib/gcc/i686-linux-gnu/4.8/../../../i386-linux-gnu/crtn.o

.plt            0x0000000000010e60       0x30
 *(.plt)
 .plt           0x0000000000010e60       0x30 /usr/lib/gcc/i686-linux-gnu/4.8/../../../i386-linux-gnu/crti.o
 *(.iplt)

.text           0x0000000000010e90    0x183a3
 *(.text.unlikely .text.*_unlikely .text.unlikely.*)
 *(.text.exit .text.exit.*)
 *(.text.startup .text.startup.*)
 *(.text.hot .text.hot.*)
 *(.text .stub .text.* .gnu.linkonce.t.*)
 .text          0x0000000000010e90        0x0 /usr/lib/gcc/i686-linux-gnu/4.8/../../../i386-linux-gnu/crti.o
 .gnu.linkonce.t.__x86.get_pc_thunk.bx
                0x0000000000010e90        0x4 /usr/lib/gcc/i686-linux-gnu/4.8/../../../i386-linux-gnu/crti.o
                0x0000000000010e90                __x86.get_pc_thunk.bx
 *fill*         0x0000000000010e94        0xc 
 .text          0x0000000000010ea0      0x11b /usr/lib/gcc/i686-linux-gnu/4.8/crtbeginS.o
 .text          0x0000000000010fbb      0x884 udp-client.co
 .text          0x000000000001183f      0x96a obj_cooja/mtype418.o
                0x00000000000119ed                contiki_init
                0x0000000000011fc0                Java_org_contikios_cooja_corecomm_Lib53_init
                0x0000000000012000                Java_org_contikios_cooja_corecomm_Lib53_getMemory
                0x0000000000012040                Java_org_contikios_cooja_corecomm_Lib53_setMemory
                0x00000000000120b7                Java_org_contikios_cooja_corecomm_Lib53_tick
                0x0000000000012197                Java_org_contikios_cooja_corecomm_Lib53_setReferenceAddress
 .text          0x00000000000121a9       0x63 obj_cooja/mtype418.a(simEnvChange.o)
                0x00000000000121a9                doActionsBeforeTick
                0x00000000000121da                doActionsAfterTick
 .text          0x000000000001220c       0xbc obj_cooja/mtype418.a(cooja_mt.o)
                0x000000000001220c                cooja_mt_init
                0x0000000000012219                cooja_mt_remove
                0x0000000000012226                cooja_mt_start
                0x0000000000012253                cooja_mt_exec
                0x0000000000012284                cooja_mt_exit
                0x00000000000122a6                cooja_mt_yield
 .text          0x00000000000122c8      0x115 obj_cooja/mtype418.a(cooja_mtarch.o)
                0x00000000000122c8                cooja_mtarch_init
                0x00000000000122cd                cooja_mtarch_start
                0x0000000000012348                cooja_sw
                0x000000000001236a                cooja_mtarch_exec
                0x0000000000012386                cooja_mtarch_remove
                0x000000000001238b                cooja_mtarch_yield
                0x0000000000012395                cooja_mtarch_pstop
                0x000000000001239a                cooja_mtarch_pstart
                0x000000000001239f                cooja_mtarch_stack_usage
 .text          0x00000000000123dd       0xc2 obj_cooja/mtype418.a(rtimer-arch.o)
                0x00000000000123dd                rtimer_arch_init
                0x0000000000012400                rtimer_arch_schedule
                0x0000000000012417                rtimer_arch_next
                0x0000000000012421                rtimer_arch_pending
                0x000000000001242b                rtimer_arch_check
                0x000000000001245d                rtimer_arch_now
 .text          0x000000000001249f       0x76 obj_cooja/mtype418.a(beep.o)
                0x000000000001249f                beep_alarm
                0x00000000000124ab                beep_beep
                0x00000000000124b7                beep
                0x00000000000124c3                beep_down
                0x00000000000124cf                beep_on
                0x00000000000124db                beep_off
                0x00000000000124e7                beep_spinup
                0x00000000000124f3                beep_quick
                0x00000000000124ff                beep_long
 .text          0x0000000000012515      0x103 obj_cooja/mtype418.a(button-sensor.o)
 .text          0x0000000000012618       0x45 obj_cooja/mtype418.a(leds-arch.o)
                0x0000000000012618                leds_arch_init
                0x0000000000012624                leds_arch_get
                0x0000000000012630                leds_arch_set
 .text          0x000000000001265d       0x2f obj_cooja/mtype418.a(moteid.o)
 .text          0x000000000001268c       0xb1 obj_cooja/mtype418.a(pir-sensor.o)
 .text          0x000000000001273d      0x131 obj_cooja/mtype418.a(rs232.o)
                0x000000000001273d                rs232_init
                0x0000000000012742                rs232_set_speed
                0x0000000000012750                rs232_set_input
                0x000000000001275d                rs232_send
                0x000000000001277f                rs232_print
                0x000000000001279a                slip_arch_writeb
 .text          0x000000000001286e       0xb1 obj_cooja/mtype418.a(vib-sensor.o)
 .text          0x000000000001291f       0x34 obj_cooja/mtype418.a(clock.o)
                0x000000000001291f                clock_init
                0x0000000000012924                clock_time
                0x000000000001292e                clock_seconds
                0x0000000000012944                clock_delay
 .text          0x0000000000012953      0x1ed obj_cooja/mtype418.a(log.o)
                0x0000000000012953                simlog_char
                0x0000000000012995                simlog
                0x0000000000012a02                log_message
                0x0000000000012a2a                log_set_putchar_with_slip
                0x0000000000012a37                log_putchar
                0x0000000000012abb                log_puts
                0x0000000000012adf                log_printf
 .text          0x0000000000012b40      0x2c4 obj_cooja/mtype418.a(cfs-cooja.o)
                0x0000000000012b40                cfs_open
                0x0000000000012ba9                cfs_close
                0x0000000000012bb5                cfs_read
                0x0000000000012c53                cfs_write
                0x0000000000012d30                cfs_seek
                0x0000000000012db8                cfs_remove
                0x0000000000012de1                cfs_opendir
                0x0000000000012deb                cfs_readdir
                0x0000000000012df5                cfs_closedir
 .text          0x0000000000012e04      0x6b7 obj_cooja/mtype418.a(cooja-radio.o)
                0x0000000000012e2e                radio_set_channel
                0x0000000000012e43                radio_set_txpower
                0x0000000000012e63                radio_signal_strength_last
                0x0000000000012e6d                radio_signal_strength_current
                0x0000000000012e77                radio_LQI
 .text          0x00000000000134bb       0xef obj_cooja/mtype418.a(eeprom.o)
                0x00000000000134bb                eeprom_init
                0x00000000000134c0                eeprom_read
                0x0000000000013530                eeprom_write
 .text          0x00000000000135aa       0x28 obj_cooja/mtype418.a(random.o)
                0x00000000000135aa                random_init
                0x00000000000135c5                random_rand
 .text          0x00000000000135d2      0x2a1 obj_cooja/mtype418.a(sensors.o)
                0x000000000001360d                sensors_first
                0x0000000000013617                sensors_next
                0x0000000000013634                sensors_changed
                0x0000000000013663                sensors_find
 .text          0x0000000000013873      0x134 obj_cooja/mtype418.a(leds.o)
                0x00000000000138c4                leds_init
                0x00000000000138d8                leds_blink
                0x0000000000013910                leds_get
                0x000000000001391d                leds_set
                0x0000000000013937                leds_on
                0x000000000001395a                leds_off
                0x0000000000013984                leds_toggle
 .text          0x00000000000139a7      0x471 obj_cooja/mtype418.a(dual_conf.o)
                0x00000000000139a7                dual_radio_switch
                0x00000000000139e7                dual_radio_change
                0x0000000000013a21                sending_in_LR
                0x0000000000013a4c                dual_radio_received
                0x0000000000013a9f                radio_received_is_longrange
                0x0000000000013aba                dual_radio_turn_on
                0x0000000000013add                dual_radio_turn_off
                0x0000000000013d9e                dio_broadcast
                0x0000000000013dc7                dis_broadcast
                0x0000000000013de8                LSA_converge_broadcast
 .text          0x0000000000013e18       0x8e obj_cooja/mtype418.a(autostart.o)
                0x0000000000013e18                autostart_start
                0x0000000000013e63                autostart_exit
 .text          0x0000000000013ea6      0x334 obj_cooja/mtype418.a(ctimer.o)
                0x0000000000013fbd                ctimer_init
                0x0000000000013fed                ctimer_set
                0x000000000001401e                ctimer_set_with_process
                0x000000000001409a                ctimer_reset
                0x00000000000140e9                ctimer_restart
                0x0000000000014138                ctimer_stop
                0x0000000000014183                ctimer_expired
 .text          0x00000000000141da      0x40b obj_cooja/mtype418.a(etimer.o)
                0x00000000000143ed                etimer_request_poll
                0x0000000000014471                etimer_set
                0x0000000000014496                etimer_reset_with_new_interval
                0x00000000000144bd                etimer_reset
                0x00000000000144db                etimer_restart
                0x00000000000144f9                etimer_adjust
                0x0000000000014515                etimer_expired
                0x0000000000014528                etimer_expiration_time
                0x000000000001453a                etimer_start_time
                0x0000000000014544                etimer_pending
                0x0000000000014556                etimer_next_expiration_time
                0x0000000000014570                etimer_stop
 .text          0x00000000000145e5      0x12d obj_cooja/mtype418.a(log_message.o)
                0x00000000000145e5                log_initialization
                0x00000000000146f1                log_finisher
 .text          0x0000000000014712      0x560 obj_cooja/mtype418.a(process.o)
                0x0000000000014712                process_alloc_event
                0x0000000000014727                process_start
                0x0000000000014910                process_exit
                0x000000000001492c                process_init
                0x0000000000014afd                process_run
                0x0000000000014b30                process_nevents
                0x0000000000014b4b                process_post
                0x0000000000014bf7                process_post_synch
                0x0000000000014c2f                process_poll
                0x0000000000014c5e                process_is_running
 .text          0x0000000000014c72       0xd3 obj_cooja/mtype418.a(residual.o)
                0x0000000000014c72                get_residual_energy
 .text          0x0000000000014d45       0xba obj_cooja/mtype418.a(rtimer.o)
                0x0000000000014d45                rtimer_init
                0x0000000000014d52                rtimer_set
                0x0000000000014da9                rtimer_run_next
 .text          0x0000000000014dff       0xa3 obj_cooja/mtype418.a(stimer.o)
                0x0000000000014dff                stimer_set
                0x0000000000014e1a                stimer_reset
                0x0000000000014e31                stimer_restart
                0x0000000000014e43                stimer_expired
                0x0000000000014e6a                stimer_remaining
                0x0000000000014e8e                stimer_elapsed
 .text          0x0000000000014ea2       0x91 obj_cooja/mtype418.a(timer.o)
                0x0000000000014ea2                timer_set
                0x0000000000014ebd                timer_reset
                0x0000000000014ed4                timer_restart
                0x0000000000014ee6                timer_expired
                0x0000000000014f0f                timer_remaining
 .text          0x0000000000014f33      0x1fb obj_cooja/mtype418.a(serial-line.o)
                0x0000000000014f33                serial_line_input_byte
                0x00000000000150f6                serial_line_init
 .text          0x000000000001512e      0x244 obj_cooja/mtype418.a(list.o)
                0x000000000001512e                list_init
                0x000000000001513c                list_head
                0x0000000000015146                list_copy
                0x0000000000015155                list_tail
                0x000000000001518b                list_add
                0x00000000000151d4                list_push
                0x0000000000015200                list_chop
                0x000000000001526a                list_pop
                0x0000000000015292                list_remove
                0x00000000000152f9                list_length
                0x0000000000015327                list_insert
                0x000000000001535b                list_item_next
 .text          0x0000000000015372      0x155 obj_cooja/mtype418.a(ringbuf.o)
                0x0000000000015372                ringbuf_init
                0x00000000000153a3                ringbuf_put
                0x0000000000015421                ringbuf_get
                0x000000000001548e                ringbuf_size
                0x00000000000154a0                ringbuf_elements
 .text          0x00000000000154c7     0x2c8c obj_cooja/mtype418.a(sicslowpan.o)
                0x0000000000015ac7                rime_sniffer_add
                0x0000000000015ad4                rime_sniffer_remove
                0x00000000000180f2                sicslowpan_init
                0x0000000000018149                sicslowpan_get_last_rssi
 .text          0x0000000000018153      0x2dc obj_cooja/mtype418.a(uip-ds6-nbr.o)
                0x0000000000018170                uip_ds6_neighbors_init
                0x000000000001818d                uip_ds6_nbr_add
                0x000000000001823e                uip_ds6_nbr_rm
                0x000000000001829b                uip_ds6_nbr_get_ipaddr
                0x00000000000182b0                uip_ds6_nbr_get_ll
                0x00000000000182cc                uip_ds6_nbr_num
                0x0000000000018311                uip_ds6_nbr_lookup
                0x0000000000018376                uip_ds6_nbr_ll_lookup
                0x0000000000018392                uip_ds6_nbr_ipaddr_from_lladdr
                0x00000000000183b8                uip_ds6_nbr_lladdr_from_ipaddr
                0x00000000000183e6                uip_ds6_link_neighbor_callback
 .text          0x000000000001842f      0x916 obj_cooja/mtype418.a(uip-ds6-route.o)
                0x00000000000184a6                uip_ds6_notification_add
                0x00000000000184d7                uip_ds6_notification_rm
                0x00000000000184f3                uip_ds6_route_init
                0x000000000001857b                uip_ds6_route_nexthop
                0x00000000000185a3                uip_ds6_route_head
                0x00000000000185b8                uip_ds6_route_next
                0x00000000000185de                uip_ds6_route_is_nexthop
                0x000000000001861d                uip_ds6_route_num_routes
                0x0000000000018627                uip_ds6_route_lookup
                0x00000000000186e9                uip_ds6_route_add
                0x000000000001891d                uip_ds6_route_rm
                0x0000000000018ab1                uip_ds6_route_rm_by_nexthop
                0x0000000000018ae9                uip_ds6_defrt_add
                0x0000000000018b9a                uip_ds6_defrt_rm
                0x0000000000018c19                uip_ds6_defrt_lookup
                0x0000000000018c72                uip_ds6_defrt_choose
                0x0000000000018cdd                uip_ds6_defrt_periodic
 .text          0x0000000000018d45     0x12ad obj_cooja/mtype418.a(uip-ds6.o)
                0x0000000000018d45                uip_ds6_init
                0x000000000001909a                uip_ds6_periodic
                0x0000000000019172                uip_ds6_list_loop
                0x0000000000019219                uip_ds6_prefix_add
                0x00000000000192d7                uip_ds6_prefix_rm
                0x00000000000192e9                uip_ds6_prefix_lookup
                0x000000000001933a                uip_ds6_is_addr_onlink
                0x00000000000193ae                uip_ds6_addr_add
                0x00000000000194dc                uip_ds6_long_addr_add
                0x000000000001960a                uip_ds6_addr_rm
                0x00000000000196aa                uip_ds6_addr_lookup
                0x00000000000196f5                uip_ds6_long_addr_lookup
                0x0000000000019740                uip_ds6_get_link_local
                0x00000000000197bf                uip_ds6_long_get_link_local
                0x000000000001983e                uip_ds6_get_global
                0x00000000000198bd                uip_ds6_long_get_global
                0x000000000001993c                uip_ds6_maddr_add
                0x00000000000199ae                uip_ds6_long_maddr_add
                0x0000000000019a20                uip_ds6_maddr_rm
                0x0000000000019a32                uip_ds6_maddr_lookup
                0x0000000000019a7d                uip_ds6_long_maddr_lookup
                0x0000000000019ac8                uip_ds6_aaddr_add
                0x0000000000019b3a                uip_ds6_long_aaddr_add
                0x0000000000019bac                uip_ds6_aaddr_rm
                0x0000000000019bbe                uip_ds6_aaddr_lookup
                0x0000000000019c09                uip_ds6_long_aaddr_lookup
                0x0000000000019c54                uip_ds6_select_src
                0x0000000000019edd                uip_ds6_set_addr_iid
                0x0000000000019f14                get_match_length
                0x0000000000019fa6                uip_ds6_compute_reachable_time
 .text          0x0000000000019ff2     0x2d48 obj_cooja/mtype418.a(uip6.o)
                0x0000000000019ff2                uip_add32
                0x000000000001a18b                uip_chksum
                0x000000000001a2a1                uip_icmp6chksum
                0x000000000001a2b5                uip_tcpchksum
                0x000000000001a2c9                uip_udpchksum
                0x000000000001a2dd                uip_init
                0x000000000001a3ad                uip_connect
                0x000000000001a55c                remove_ext_hdr
                0x000000000001a665                uip_udp_new
                0x000000000001a7c1                uip_unlisten
                0x000000000001a821                uip_listen
                0x000000000001ab47                uip_process
                0x000000000001cc2e                uip_htons
                0x000000000001cc50                uip_htonl
                0x000000000001cc90                uip_send
 .text          0x000000000001cd3a      0xb9a obj_cooja/mtype418.a(tcpip.o)
                0x000000000001cd3a                tcpip_output
                0x000000000001cd75                tcpip_set_outputfunc
                0x000000000001ce09                tcp_connect
                0x000000000001ce5e                tcp_unlisten
                0x000000000001ceb9                tcp_listen
                0x000000000001cf12                tcp_attach
                0x000000000001cf37                udp_attach
                0x000000000001cf5c                udp_new
                0x000000000001cfae                udp_broadcast_new
                0x000000000001d222                tcpip_input
                0x000000000001d256                tcpip_ipv6_output
                0x000000000001d710                tcpip_poll_udp
                0x000000000001d733                tcpip_poll_tcp
                0x000000000001d756                tcpip_uipcall
 .text          0x000000000001d8d4      0x1c1 obj_cooja/mtype418.a(uip-debug.o)
                0x000000000001d8d4                uip_debug_ipaddr_print
                0x000000000001da36                uip_debug_lladdr_print
 .text          0x000000000001da95      0x141 obj_cooja/mtype418.a(uip-packetqueue)
                0x000000000001dac1                uip_packetqueue_new
                0x000000000001dacf                uip_packetqueue_alloc
                0x000000000001db2f                uip_packetqueue_free
                0x000000000001db70                uip_packetqueue_buf
                0x000000000001db8d                uip_packetqueue_buflen
                0x000000000001dbae                uip_packetqueue_set_buflen
 .text          0x000000000001dbd6      0x131 obj_cooja/mtype418.a(uip-udp-packet.)
                0x000000000001dbd6                uip_udp_packet_send
                0x000000000001dc36                uip_udp_packet_sendto
 .text          0x000000000001dd07     0x26ab obj_cooja/mtype418.a(rpl-dag.o)
                0x000000000001dd07                rpl_lr_in_child
                0x000000000001ddbf                rpl_print_neighbor_list
                0x000000000001de68                rpl_print_child_neighbor_list
                0x000000000001dedd                rpl_get_nbr
                0x000000000001df37                rpl_get_nbr_child
                0x000000000001df91                rpl_dag_init
                0x000000000001dfc3                rpl_get_parent
                0x000000000001dfe5                rpl_get_parent_rank
                0x000000000001e018                rpl_get_parent_link_metric
                0x000000000001e04b                rpl_get_parent_ipaddr
                0x000000000001e075                rpl_get_child_ipaddr
                0x000000000001e390                rpl_set_root
                0x000000000001e5be                rpl_repair_root
                0x000000000001e7fa                rpl_set_prefix
                0x000000000001e8f9                rpl_set_default_route
                0x000000000001e985                rpl_alloc_instance
                0x000000000001ea0d                rpl_alloc_dag
                0x000000000001eac0                rpl_set_default_instance
                0x000000000001eacd                rpl_get_default_instance
                0x000000000001ead7                rpl_free_instance
                0x000000000001eb78                rpl_free_dag
                0x000000000001ebde                rpl_add_parent
                0x000000000001ecc7                rpl_find_parent
                0x000000000001ecf7                rpl_add_child
                0x000000000001ed9b                rpl_find_child
                0x000000000001ede9                rpl_find_parent_any_dag
                0x000000000001ee25                rpl_select_dag
                0x000000000001f25b                rpl_select_parent
                0x000000000001f2bd                rpl_remove_parent
                0x000000000001f2f3                rpl_remove_child
                0x000000000001f30f                rpl_nullify_parent
                0x000000000001f3ad                rpl_move_parent
                0x000000000001f44a                rpl_has_downward_route
                0x000000000001f49d                rpl_get_any_dag
                0x000000000001f4ff                rpl_get_instance
                0x000000000001f562                rpl_find_of
                0x000000000001f59f                rpl_join_instance
                0x000000000001f83b                rpl_add_dag
                0x000000000001fc2a                rpl_local_repair
                0x000000000001fd03                rpl_recalculate_ranks
                0x000000000001fd89                rpl_process_parent_event
                0x000000000001fe3b                rpl_process_dio
 .text          0x00000000000203b2      0xbf3 obj_cooja/mtype418.a(rpl-ext-header.)
                0x00000000000203cf                rpl_verify_header
                0x0000000000020849                rpl_update_header_empty
                0x0000000000020b60                rpl_update_header_final
                0x0000000000020cef                rpl_remove_header
                0x0000000000020df9                rpl_invert_header
                0x0000000000020f83                rpl_insert_header
 .text          0x0000000000020fa5     0x24ea obj_cooja/mtype418.a(rpl-icmp6.o)
                0x000000000002126e                rpl_icmp6_update_nbr_table
                0x000000000002135e                dis_output
                0x0000000000021c96                dio_output
                0x0000000000022501                LSA_converge_output
                0x0000000000022fee                dao_output
                0x00000000000230b6                dao_output_target
                0x0000000000023437                dao_ack_output
                0x000000000002344b                rpl_icmp6_register_handlers
 .text          0x000000000002348f      0x3dc obj_cooja/mtype418.a(rpl-ltmax.o)
 .text          0x000000000002386b      0x745 obj_cooja/mtype418.a(rpl-timers.o)
                0x000000000002386b                rpl_LSA_convergence_timer
                0x0000000000023961                rpl_reset_LSA_convergence_timer
                0x0000000000023c59                rpl_reset_periodic_timer
                0x0000000000023cae                rpl_reset_dio_timer
                0x0000000000023ee8                rpl_schedule_dao
                0x0000000000023f03                rpl_schedule_dao_immediately
                0x0000000000023f1e                rpl_cancel_dao
                0x0000000000023f80                rpl_schedule_unicast_dio_immediately
 .text          0x0000000000023fb0      0x5dc obj_cooja/mtype418.a(rpl.o)
                0x0000000000023fb0                rpl_get_mode
                0x0000000000023fba                rpl_set_mode
                0x0000000000024048                rpl_purge_routes
                0x0000000000024142                rpl_remove_routes
                0x0000000000024188                rpl_remove_routes_by_nexthop
                0x00000000000241f4                rpl_add_route
                0x000000000002426f                rpl_link_neighbor_callback
                0x0000000000024374                rpl_ipv6_neighbor_callback
                0x00000000000243e3                rpl_purge_dags
                0x00000000000244ef                rpl_init
 .text          0x000000000002458c      0x87b obj_cooja/mtype418.a(csma.o)
 .text          0x0000000000024e07      0x3f5 obj_cooja/mtype418.a(framer-802154.o)
 .text          0x00000000000251fc       0x3c obj_cooja/mtype418.a(mac.o)
                0x00000000000251fc                mac_call_sent_callback
 .text          0x0000000000025238     0x12ac obj_cooja/mtype418.a(cxmac.o)
                0x0000000000026418                cxmac_set_announcement_radio_txpower
                0x000000000002641d                cxmac_init
 .text          0x00000000000264e4       0x82 obj_cooja/mtype418.a(linkaddr.o)
                0x00000000000264e4                linkaddr_copy
                0x0000000000026506                linkaddr_cmp
                0x0000000000026530                linkaddr_set_node_addr
                0x000000000002654b                linkaddr_set_node_long_addr
 .text          0x0000000000026566      0x915 obj_cooja/mtype418.a(nbr-table.o)
                0x0000000000026566                long_ip_from_lladdr_map
                0x00000000000265ef                lladdr_map_add_lr
                0x00000000000266ac                lladdr_map_rm_lr
                0x0000000000026b71                nbr_table_register
                0x0000000000026bb9                nbr_table_head
                0x0000000000026c15                nbr_table_next
                0x0000000000026c7c                nbr_table_add_lladdr
                0x0000000000026d58                nbr_table_get_from_lladdr
                0x0000000000026da5                nbr_table_remove
                0x0000000000026df7                nbr_table_lock
                0x0000000000026e21                nbr_table_unlock
                0x0000000000026e4b                nbr_table_get_lladdr
 .text          0x0000000000026e7b       0x2b obj_cooja/mtype418.a(netstack.o)
                0x0000000000026e7b                netstack_init
 .text          0x0000000000026ea6      0x3cd obj_cooja/mtype418.a(packetbuf.o)
                0x0000000000026ea6                packetbuf_clear
                0x0000000000026ed0                packetbuf_copyfrom
                0x0000000000026f22                packetbuf_compact
                0x0000000000026f9f                packetbuf_copyto
                0x0000000000027036                packetbuf_hdralloc
                0x00000000000270b3                packetbuf_hdrreduce
                0x00000000000270fb                packetbuf_set_datalen
                0x0000000000027114                packetbuf_dataptr
                0x0000000000027131                packetbuf_hdrptr
                0x000000000002713b                packetbuf_datalen
                0x0000000000027147                packetbuf_hdrlen
                0x000000000002715e                packetbuf_totlen
                0x0000000000027174                packetbuf_attr_clear
                0x00000000000271c6                packetbuf_attr_copyto
                0x000000000002720f                packetbuf_attr_copyfrom
                0x0000000000027257                packetbuf_holds_broadcast
 .text          0x0000000000027273      0x2b4 obj_cooja/mtype418.a(queuebuf.o)
                0x000000000002727d                queuebuf_init
                0x000000000002729d                queuebuf_numfree
                0x00000000000272b1                queuebuf_new_from_packetbuf
                0x0000000000027341                queuebuf_update_attr_from_packetbuf
                0x0000000000027374                queuebuf_update_from_packetbuf
                0x00000000000273be                queuebuf_free
                0x0000000000027405                queuebuf_to_packetbuf
                0x000000000002746b                queuebuf_dataptr
                0x00000000000274a2                queuebuf_datalen
                0x00000000000274c5                queuebuf_addr
                0x00000000000274f7                queuebuf_attr
                0x0000000000027522                queuebuf_debug_print
 .text          0x0000000000027527       0x6e obj_cooja/mtype418.a(nullsec.o)
 .text          0x0000000000027595       0x19 obj_cooja/mtype418.a(watchdog.o)
                0x0000000000027595                watchdog_init
                0x000000000002759a                watchdog_start
                0x000000000002759f                watchdog_periodic
                0x00000000000275a4                watchdog_stop
                0x00000000000275a9                watchdog_reboot
 .text          0x00000000000275ae        0x0 obj_cooja/mtype418.a(rimestats.o)
 .text          0x00000000000275ae      0x1c1 obj_cooja/mtype418.a(memb.o)
                0x00000000000275ae                memb_init
                0x000000000002760c                memb_alloc
                0x0000000000027671                memb_free
                0x00000000000276ec                memb_inmemb
                0x000000000002772b                memb_numfree
 .text          0x000000000002776f      0xabf obj_cooja/mtype418.a(uip-icmp6.o)
                0x00000000000277dd                uip_icmp6_input
                0x0000000000027833                uip_icmp6_register_input_handler
                0x0000000000027afb                uip_icmp6_error_output
                0x0000000000027e40                uip_icmp6_send
                0x00000000000281c1                uip_icmp6_echo_reply_callback_add
                0x00000000000281f2                uip_icmp6_echo_reply_callback_rm
                0x000000000002820e                uip_icmp6_init
 .text          0x000000000002822e      0x358 obj_cooja/mtype418.a(uip-nd6.o)
                0x0000000000028282                uip_nd6_ns_output
                0x0000000000028581                uip_nd6_init
 .text          0x0000000000028586      0x331 obj_cooja/mtype418.a(rpl-nbr-policy.)
                0x000000000002875e                find_removable_dis
                0x0000000000028781                find_removable_dio
                0x0000000000028810                find_removable_dao
                0x0000000000028860                rpl_nbr_policy_find_removable
 .text          0x00000000000288b7      0x97c obj_cooja/mtype418.a(frame802154.o)
                0x00000000000288e8                frame802154_get_pan_id
                0x00000000000288f4                frame802154_set_pan_id
                0x000000000002890d                frame802154_has_panid
                0x00000000000289f9                frame802154_check_dest_panid
                0x0000000000028a61                frame802154_is_broadcast_addr
                0x0000000000028aae                frame802154_extract_linkaddr
                0x0000000000028cee                frame802154_hdrlen
                0x0000000000028d3f                frame802154_create
                0x0000000000028f2a                frame802154_parse
 .text          0x0000000000029233        0x0 /usr/lib/gcc/i686-linux-gnu/4.8/crtendS.o
 .text          0x0000000000029233        0x0 /usr/lib/gcc/i686-linux-gnu/4.8/../../../i386-linux-gnu/crtn.o
 *(.gnu.warning)

.fini           0x0000000000029234       0x14
 *(SORT(.fini))
 .fini          0x0000000000029234        0xf /usr/lib/gcc/i686-linux-gnu/4.8/../../../i386-linux-gnu/crti.o
                0x0000000000029234                _fini
 .fini          0x0000000000029243        0x5 /usr/lib/gcc/i686-linux-gnu/4.8/../../../i386-linux-gnu/crtn.o
                0x0000000000029248                PROVIDE (__etext, .)
                0x0000000000029248                PROVIDE (_etext, .)
                0x0000000000029248                PROVIDE (etext, .)

.rodata         0x0000000000029260     0x1d60
 *(.rodata .rodata.* .gnu.linkonce.r.*)
 .rodata        0x0000000000029260      0x402 udp-client.co
                0x0000000000029274                autostart_processes
 *fill*         0x0000000000029662        0x2 
 .rodata        0x0000000000029664      0x1e6 obj_cooja/mtype418.o
 *fill*         0x000000000002984a        0x2 
 .rodata        0x000000000002984c        0x8 obj_cooja/mtype418.a(beep.o)
                0x000000000002984c                beep_interface
 .rodata        0x0000000000029854       0x20 obj_cooja/mtype418.a(button-sensor.o)
                0x0000000000029854                button_interface
                0x0000000000029864                button_sensor
 .rodata        0x0000000000029874        0x8 obj_cooja/mtype418.a(leds-arch.o)
                0x0000000000029874                leds_interface
 .rodata        0x000000000002987c        0x8 obj_cooja/mtype418.a(moteid.o)
                0x000000000002987c                moteid_interface
 .rodata        0x0000000000029884       0x1c obj_cooja/mtype418.a(pir-sensor.o)
                0x0000000000029884                pir_interface
                0x0000000000029890                pir_sensor
 .rodata        0x00000000000298a0        0xe obj_cooja/mtype418.a(rs232.o)
                0x00000000000298a0                rs232_interface
 *fill*         0x00000000000298ae        0x2 
 .rodata        0x00000000000298b0       0x24 obj_cooja/mtype418.a(vib-sensor.o)
                0x00000000000298b0                vib_interface
                0x00000000000298c4                vib_sensor
 .rodata        0x00000000000298d4        0x8 obj_cooja/mtype418.a(clock.o)
                0x00000000000298d4                clock_interface
 .rodata        0x00000000000298dc        0x8 obj_cooja/mtype418.a(log.o)
                0x00000000000298dc                simlog_interface
 .rodata        0x00000000000298e4       0x2f obj_cooja/mtype418.a(cfs-cooja.o)
                0x00000000000298e4                cfs_interface
 *fill*         0x0000000000029913        0xd 
 .rodata        0x0000000000029920       0xc0 obj_cooja/mtype418.a(cooja-radio.o)
                0x00000000000299a0                cooja_radio_driver
                0x00000000000299d8                radio_interface
 .rodata        0x00000000000299e0        0x8 obj_cooja/mtype418.a(eeprom.o)
                0x00000000000299e0                eeprom_interface
 .rodata        0x00000000000299e8        0x8 obj_cooja/mtype418.a(sensors.o)
 .rodata        0x00000000000299f0      0x1fe obj_cooja/mtype418.a(dual_conf.o)
 .rodata        0x0000000000029bee        0xf obj_cooja/mtype418.a(ctimer.o)
 .rodata        0x0000000000029bfd        0xc obj_cooja/mtype418.a(etimer.o)
 *fill*         0x0000000000029c09        0x3 
 .rodata        0x0000000000029c0c       0x73 obj_cooja/mtype418.a(log_message.o)
 *fill*         0x0000000000029c7f        0x1 
 .rodata        0x0000000000029c80       0x20 obj_cooja/mtype418.a(residual.o)
 .rodata        0x0000000000029ca0        0xe obj_cooja/mtype418.a(serial-line.o)
 *fill*         0x0000000000029cae        0x2 
 .rodata        0x0000000000029cb0      0x924 obj_cooja/mtype418.a(sicslowpan.o)
                0x0000000000029d89                unc_llconf
                0x0000000000029d8d                unc_ctxconf
                0x0000000000029d91                unc_mxconf
                0x0000000000029d95                llprefix
                0x000000000002a5c8                sicslowpan_driver
 .rodata        0x000000000002a5d4      0x590 obj_cooja/mtype418.a(uip6.o)
 .rodata        0x000000000002ab64       0x60 obj_cooja/mtype418.a(tcpip.o)
 .rodata        0x000000000002abc4       0x3e obj_cooja/mtype418.a(uip-debug.o)
 *fill*         0x000000000002ac02        0x2 
 .rodata        0x000000000002ac04        0x4 obj_cooja/mtype418.a(rpl-dag.o)
 .rodata        0x000000000002ac08       0x1c obj_cooja/mtype418.a(rpl-icmp6.o)
 .rodata        0x000000000002ac24       0x8a obj_cooja/mtype418.a(rpl-timers.o)
 *fill*         0x000000000002acae        0x2 
 .rodata        0x000000000002acb0       0x24 obj_cooja/mtype418.a(csma.o)
                0x000000000002acb8                csma_driver
 .rodata        0x000000000002acd4        0xc obj_cooja/mtype418.a(framer-802154.o)
                0x000000000002acd4                framer_802154
 .rodata        0x000000000002ace0      0x2c0 obj_cooja/mtype418.a(cxmac.o)
                0x000000000002af80                cxmac_driver
 .rodata        0x000000000002afa0        0x8 obj_cooja/mtype418.a(linkaddr.o)
                0x000000000002afa0                linkaddr_null
 .rodata        0x000000000002afa8       0x18 obj_cooja/mtype418.a(nullsec.o)
                0x000000000002afb0                nullsec_driver

.rodata1
 *(.rodata1)

.eh_frame_hdr   0x000000000002afc0     0x1454
 *(.eh_frame_hdr)
 .eh_frame_hdr  0x000000000002afc0     0x1454 udp-client.co

.eh_frame       0x000000000002c414     0x52b0
 *(.eh_frame)
 .eh_frame      0x000000000002c414       0x3c /usr/lib/gcc/i686-linux-gnu/4.8/../../../i386-linux-gnu/crti.o
                                         0x40 (size before relaxing)
 .eh_frame      0x000000000002c450       0xb4 udp-client.co
                                         0xcc (size before relaxing)
 .eh_frame      0x000000000002c504      0x148 obj_cooja/mtype418.o
                                        0x160 (size before relaxing)
 .eh_frame      0x000000000002c64c       0x40 obj_cooja/mtype418.a(simEnvChange.o)
                                         0x58 (size before relaxing)
 .eh_frame      0x000000000002c68c       0xc0 obj_cooja/mtype418.a(cooja_mt.o)
                                         0xd8 (size before relaxing)
 .eh_frame      0x000000000002c74c      0x120 obj_cooja/mtype418.a(cooja_mtarch.o)
                                        0x138 (size before relaxing)
 .eh_frame      0x000000000002c86c       0xc0 obj_cooja/mtype418.a(rtimer-arch.o)
                                         0xd8 (size before relaxing)
 .eh_frame      0x000000000002c92c      0x160 obj_cooja/mtype418.a(beep.o)
                                        0x178 (size before relaxing)
 .eh_frame      0x000000000002ca8c       0xa0 obj_cooja/mtype418.a(button-sensor.o)
                                         0xb8 (size before relaxing)
 .eh_frame      0x000000000002cb2c       0xa0 obj_cooja/mtype418.a(leds-arch.o)
                                         0xb8 (size before relaxing)
 .eh_frame      0x000000000002cbcc       0x40 obj_cooja/mtype418.a(moteid.o)
                                         0x58 (size before relaxing)
 .eh_frame      0x000000000002cc0c       0xa0 obj_cooja/mtype418.a(pir-sensor.o)
                                         0xb8 (size before relaxing)
 .eh_frame      0x000000000002ccac      0x100 obj_cooja/mtype418.a(rs232.o)
                                        0x118 (size before relaxing)
 .eh_frame      0x000000000002cdac       0xa0 obj_cooja/mtype418.a(vib-sensor.o)
                                         0xb8 (size before relaxing)
 .eh_frame      0x000000000002ce4c       0xc0 obj_cooja/mtype418.a(clock.o)
                                         0xd8 (size before relaxing)
 .eh_frame      0x000000000002cf0c      0x120 obj_cooja/mtype418.a(log.o)
                                        0x138 (size before relaxing)
 .eh_frame      0x000000000002d02c      0x160 obj_cooja/mtype418.a(cfs-cooja.o)
                                        0x178 (size before relaxing)
 .eh_frame      0x000000000002d18c      0x2e0 obj_cooja/mtype418.a(cooja-radio.o)
                                        0x2f8 (size before relaxing)
 .eh_frame      0x000000000002d46c       0xa0 obj_cooja/mtype418.a(eeprom.o)
                                         0xb8 (size before relaxing)
 .eh_frame      0x000000000002d50c       0x40 obj_cooja/mtype418.a(random.o)
                                         0x58 (size before relaxing)
 .eh_frame      0x000000000002d54c       0xc0 obj_cooja/mtype418.a(sensors.o)
                                         0xd8 (size before relaxing)
 .eh_frame      0x000000000002d60c      0x100 obj_cooja/mtype418.a(leds.o)
                                        0x118 (size before relaxing)
 .eh_frame      0x000000000002d70c      0x1a0 obj_cooja/mtype418.a(dual_conf.o)
                                        0x1b8 (size before relaxing)
 .eh_frame      0x000000000002d8ac       0x40 obj_cooja/mtype418.a(autostart.o)
                                         0x58 (size before relaxing)
 .eh_frame      0x000000000002d8ec      0x100 obj_cooja/mtype418.a(ctimer.o)
                                        0x118 (size before relaxing)
 .eh_frame      0x000000000002d9ec      0x1e0 obj_cooja/mtype418.a(etimer.o)
                                        0x1f8 (size before relaxing)
 .eh_frame      0x000000000002dbcc       0x40 obj_cooja/mtype418.a(log_message.o)
                                         0x58 (size before relaxing)
 .eh_frame      0x000000000002dc0c      0x1c8 obj_cooja/mtype418.a(process.o)
                                        0x1e0 (size before relaxing)
 .eh_frame      0x000000000002ddd4       0x2c obj_cooja/mtype418.a(residual.o)
                                         0x44 (size before relaxing)
 .eh_frame      0x000000000002de00       0x60 obj_cooja/mtype418.a(rtimer.o)
                                         0x78 (size before relaxing)
 .eh_frame      0x000000000002de60       0xc4 obj_cooja/mtype418.a(stimer.o)
                                         0xdc (size before relaxing)
 .eh_frame      0x000000000002df24       0xa4 obj_cooja/mtype418.a(timer.o)
                                         0xbc (size before relaxing)
 .eh_frame      0x000000000002dfc8       0x60 obj_cooja/mtype418.a(serial-line.o)
                                         0x78 (size before relaxing)
 .eh_frame      0x000000000002e028      0x180 obj_cooja/mtype418.a(list.o)
                                        0x198 (size before relaxing)
 .eh_frame      0x000000000002e1a8       0xa0 obj_cooja/mtype418.a(ringbuf.o)
                                         0xb8 (size before relaxing)
 .eh_frame      0x000000000002e248      0x350 obj_cooja/mtype418.a(sicslowpan.o)
                                        0x368 (size before relaxing)
 .eh_frame      0x000000000002e598      0x180 obj_cooja/mtype418.a(uip-ds6-nbr.o)
                                        0x198 (size before relaxing)
 .eh_frame      0x000000000002e718      0x2a0 obj_cooja/mtype418.a(uip-ds6-route.o)
                                        0x2b8 (size before relaxing)
 .eh_frame      0x000000000002e9b8      0x3c8 obj_cooja/mtype418.a(uip-ds6.o)
                                        0x3e0 (size before relaxing)
 .eh_frame      0x000000000002ed80      0x27c obj_cooja/mtype418.a(uip6.o)
                                        0x294 (size before relaxing)
 .eh_frame      0x000000000002effc      0x270 obj_cooja/mtype418.a(tcpip.o)
                                        0x288 (size before relaxing)
 .eh_frame      0x000000000002f26c       0x48 obj_cooja/mtype418.a(uip-debug.o)
                                         0x60 (size before relaxing)
 .eh_frame      0x000000000002f2b4       0xe0 obj_cooja/mtype418.a(uip-packetqueue)
                                         0xf8 (size before relaxing)
 .eh_frame      0x000000000002f394       0x40 obj_cooja/mtype418.a(uip-udp-packet.)
                                         0x58 (size before relaxing)
 .eh_frame      0x000000000002f3d4      0x76c obj_cooja/mtype418.a(rpl-dag.o)
                                        0x784 (size before relaxing)
 .eh_frame      0x000000000002fb40      0x10c obj_cooja/mtype418.a(rpl-ext-header.)
                                        0x124 (size before relaxing)
 .eh_frame      0x000000000002fc4c      0x2f8 obj_cooja/mtype418.a(rpl-icmp6.o)
                                        0x310 (size before relaxing)
 .eh_frame      0x000000000002ff44       0xe0 obj_cooja/mtype418.a(rpl-ltmax.o)
                                         0xf8 (size before relaxing)
 .eh_frame      0x0000000000030024      0x20c obj_cooja/mtype418.a(rpl-timers.o)
                                        0x224 (size before relaxing)
 .eh_frame      0x0000000000030230      0x148 obj_cooja/mtype418.a(rpl.o)
                                        0x160 (size before relaxing)
 .eh_frame      0x0000000000030378      0x28c obj_cooja/mtype418.a(csma.o)
                                        0x2a4 (size before relaxing)
 .eh_frame      0x0000000000030604      0x108 obj_cooja/mtype418.a(framer-802154.o)
                                        0x120 (size before relaxing)
 .eh_frame      0x000000000003070c       0x20 obj_cooja/mtype418.a(mac.o)
                                         0x38 (size before relaxing)
 .eh_frame      0x000000000003072c      0x2c0 obj_cooja/mtype418.a(cxmac.o)
                                        0x2d8 (size before relaxing)
 .eh_frame      0x00000000000309ec       0x80 obj_cooja/mtype418.a(linkaddr.o)
                                         0x98 (size before relaxing)
 .eh_frame      0x0000000000030a6c      0x2cc obj_cooja/mtype418.a(nbr-table.o)
                                        0x2e4 (size before relaxing)
 .eh_frame      0x0000000000030d38       0x20 obj_cooja/mtype418.a(netstack.o)
                                         0x38 (size before relaxing)
 .eh_frame      0x0000000000030d58      0x214 obj_cooja/mtype418.a(packetbuf.o)
                                        0x22c (size before relaxing)
 .eh_frame      0x0000000000030f6c      0x1a0 obj_cooja/mtype418.a(queuebuf.o)
                                        0x1b8 (size before relaxing)
 .eh_frame      0x000000000003110c       0x80 obj_cooja/mtype418.a(nullsec.o)
                                         0x98 (size before relaxing)
 .eh_frame      0x000000000003118c       0xa0 obj_cooja/mtype418.a(watchdog.o)
                                         0xb8 (size before relaxing)
 .eh_frame      0x000000000003122c       0xa0 obj_cooja/mtype418.a(memb.o)
                                         0xb8 (size before relaxing)
 .eh_frame      0x00000000000312cc      0x168 obj_cooja/mtype418.a(uip-icmp6.o)
                                        0x180 (size before relaxing)
 .eh_frame      0x0000000000031434       0x68 obj_cooja/mtype418.a(uip-nd6.o)
                                         0x80 (size before relaxing)
 .eh_frame      0x000000000003149c       0xc0 obj_cooja/mtype418.a(rpl-nbr-policy.)
                                         0xd8 (size before relaxing)
 .eh_frame      0x000000000003155c      0x164 obj_cooja/mtype418.a(frame802154.o)
                                        0x17c (size before relaxing)
 .eh_frame      0x00000000000316c0        0x4 /usr/lib/gcc/i686-linux-gnu/4.8/crtendS.o

.gcc_except_table
 *(.gcc_except_table .gcc_except_table.*)

.exception_ranges
 *(.exception_ranges .exception_ranges*)
                0x00000000000316c4                . = (ALIGN (0x1000) - ((0x1000 - .) & 0xfff))
                0x0000000000032ef8                . = DATA_SEGMENT_ALIGN (0x1000, 0x1000)

.eh_frame
 *(.eh_frame)

.gcc_except_table
 *(.gcc_except_table .gcc_except_table.*)

.exception_ranges
 *(.exception_ranges .exception_ranges*)

.tdata
 *(.tdata .tdata.* .gnu.linkonce.td.*)

.tbss
 *(.tbss .tbss.* .gnu.linkonce.tb.*)
 *(.tcommon)

.preinit_array
 *(.preinit_array)

.init_array     0x0000000000032ef8        0x4
 *(SORT(.init_array.*) SORT(.ctors.*))
 *(.init_array EXCLUDE_FILE(*crtend?.o *crtend.o *crtbegin?.o *crtbegin.o) .ctors)
 .init_array    0x0000000000032ef8        0x4 /usr/lib/gcc/i686-linux-gnu/4.8/crtbeginS.o

.fini_array     0x0000000000032efc        0x4
 *(SORT(.fini_array.*) SORT(.dtors.*))
 *(.fini_array EXCLUDE_FILE(*crtend?.o *crtend.o *crtbegin?.o *crtbegin.o) .dtors)
 .fini_array    0x0000000000032efc        0x4 /usr/lib/gcc/i686-linux-gnu/4.8/crtbeginS.o

.ctors
 *crtbegin.o(.ctors)
 *crtbegin?.o(.ctors)
 *(EXCLUDE_FILE(*crtend?.o *crtend.o) .ctors)
 *(SORT(.ctors.*))
 *(.ctors)

.dtors
 *crtbegin.o(.dtors)
 *crtbegin?.o(.dtors)
 *(EXCLUDE_FILE(*crtend?.o *crtend.o) .dtors)
 *(SORT(.dtors.*))
 *(.dtors)

.jcr            0x0000000000032f00        0x4
 *(.jcr)
 .jcr           0x0000000000032f00        0x0 /usr/lib/gcc/i686-linux-gnu/4.8/crtbeginS.o
 .jcr           0x0000000000032f00        0x4 /usr/lib/gcc/i686-linux-gnu/4.8/crtendS.o

.data.rel.ro
 *(.data.rel.ro.local* .gnu.linkonce.d.rel.ro.local.*)
 *(.data.rel.ro .data.rel.ro.* .gnu.linkonce.d.rel.ro.*)

.dynamic        0x0000000000032f04       0xe8
 *(.dynamic)
 .dynamic       0x0000000000032f04       0xe8 /usr/lib/gcc/i686-linux-gnu/4.8/../../../i386-linux-gnu/crti.o
                0x0000000000032f04                _DYNAMIC

.got            0x0000000000032fec       0x14
 *(.got)
 .got           0x0000000000032fec       0x14 /usr/lib/gcc/i686-linux-gnu/4.8/../../../i386-linux-gnu/crti.o
 *(.igot)
                0x0000000000033ff4                . = DATA_SEGMENT_RELRO_END (., (SIZEOF (.got.plt) >= 0xc)?0xc:0x0)

.got.plt        0x0000000000033000       0x14
 *(.got.plt)
 .got.plt       0x0000000000033000       0x14 /usr/lib/gcc/i686-linux-gnu/4.8/../../../i386-linux-gnu/crti.o
                0x0000000000033000                _GLOBAL_OFFSET_TABLE_
 *(.igot.plt)

.data           0x0000000000033020      0x2c2
 *(.data .data.* .gnu.linkonce.d.*)
 .data          0x0000000000033020        0x0 /usr/lib/gcc/i686-linux-gnu/4.8/../../../i386-linux-gnu/crti.o
 .data          0x0000000000033020        0x0 /usr/lib/gcc/i686-linux-gnu/4.8/crtbeginS.o
 .data.rel      0x0000000000033020        0x4 /usr/lib/gcc/i686-linux-gnu/4.8/crtbeginS.o
                0x0000000000033020                __dso_handle
 .data          0x0000000000033024       0x10 udp-client.co
                0x0000000000033024                udp_client_process
 *fill*         0x0000000000033034        0xc 
 .data          0x0000000000033040       0x44 obj_cooja/mtype418.o
                0x0000000000033040                simInterfaces
                0x0000000000033074                sensors
 .data          0x0000000000033084        0x0 obj_cooja/mtype418.a(simEnvChange.o)
 .data          0x0000000000033084        0x0 obj_cooja/mtype418.a(cooja_mt.o)
 .data          0x0000000000033084        0x0 obj_cooja/mtype418.a(cooja_mtarch.o)
 .data          0x0000000000033084        0x0 obj_cooja/mtype418.a(rtimer-arch.o)
 .data          0x0000000000033084        0x0 obj_cooja/mtype418.a(beep.o)
 .data          0x0000000000033084        0x0 obj_cooja/mtype418.a(button-sensor.o)
 .data          0x0000000000033084        0x0 obj_cooja/mtype418.a(leds-arch.o)
 .data          0x0000000000033084        0x0 obj_cooja/mtype418.a(moteid.o)
 .data          0x0000000000033084        0x0 obj_cooja/mtype418.a(pir-sensor.o)
 .data          0x0000000000033084        0x0 obj_cooja/mtype418.a(rs232.o)
 .data          0x0000000000033084        0x0 obj_cooja/mtype418.a(vib-sensor.o)
 .data          0x0000000000033084        0x0 obj_cooja/mtype418.a(clock.o)
 .data          0x0000000000033084        0x0 obj_cooja/mtype418.a(log.o)
 .data          0x0000000000033084        0x0 obj_cooja/mtype418.a(cfs-cooja.o)
 .data          0x0000000000033084       0x40 obj_cooja/mtype418.a(cooja-radio.o)
                0x0000000000033084                simRadioChannelLR
                0x0000000000033088                simRadioHWOnLR
                0x000000000003308c                simSignalStrengthLR
                0x0000000000033090                simLastSignalStrengthLR
                0x0000000000033094                simPowerLR
                0x0000000000033098                simLQILR
                0x000000000003309c                simRadioChannel
                0x00000000000330a0                simRadioHWOn
                0x00000000000330a4                simSignalStrength
                0x00000000000330a8                simLastSignalStrength
                0x00000000000330ac                simPower
                0x00000000000330b0                simLQI
                0x00000000000330b4                cooja_radio_process
 .data          0x00000000000330c4        0x0 obj_cooja/mtype418.a(eeprom.o)
 .data          0x00000000000330c4        0x0 obj_cooja/mtype418.a(random.o)
 .data          0x00000000000330c4       0x10 obj_cooja/mtype418.a(sensors.o)
                0x00000000000330c4                sensors_process
 .data          0x00000000000330d4        0x0 obj_cooja/mtype418.a(leds.o)
 .data          0x00000000000330d4       0x3a obj_cooja/mtype418.a(dual_conf.o)
                0x00000000000330d4                radio_received
                0x00000000000330d8                dual_dio_broadcast
                0x00000000000330e8                dual_dis_broadcast
                0x00000000000330f8                dual_LSA_converge_broadcast
 .data          0x000000000003310e        0x0 obj_cooja/mtype418.a(autostart.o)
 *fill*         0x000000000003310e        0x2 
 .data          0x0000000000033110       0x14 obj_cooja/mtype418.a(ctimer.o)
                0x0000000000033114                ctimer_process
 .data          0x0000000000033124       0x10 obj_cooja/mtype418.a(etimer.o)
                0x0000000000033124                etimer_process
 .data          0x0000000000033134        0x0 obj_cooja/mtype418.a(log_message.o)
 .data          0x0000000000033134        0x0 obj_cooja/mtype418.a(process.o)
 .data          0x0000000000033134        0x0 obj_cooja/mtype418.a(residual.o)
 .data          0x0000000000033134        0x0 obj_cooja/mtype418.a(rtimer.o)
 .data          0x0000000000033134        0x0 obj_cooja/mtype418.a(stimer.o)
 .data          0x0000000000033134        0x0 obj_cooja/mtype418.a(timer.o)
 .data          0x0000000000033134       0x10 obj_cooja/mtype418.a(serial-line.o)
                0x0000000000033134                serial_line_process
 .data          0x0000000000033144        0x0 obj_cooja/mtype418.a(list.o)
 .data          0x0000000000033144        0x0 obj_cooja/mtype418.a(ringbuf.o)
 .data          0x0000000000033144        0x0 obj_cooja/mtype418.a(sicslowpan.o)
 .data          0x0000000000033144       0x14 obj_cooja/mtype418.a(uip-ds6-nbr.o)
                0x0000000000033154                ds6_neighbors
 .data          0x0000000000033158       0x44 obj_cooja/mtype418.a(uip-ds6-route.o)
                0x0000000000033168                nbr_routes
 .data          0x000000000003319c        0x0 obj_cooja/mtype418.a(uip-ds6.o)
 .data          0x000000000003319c        0x0 obj_cooja/mtype418.a(uip6.o)
 .data          0x000000000003319c       0x10 obj_cooja/mtype418.a(tcpip.o)
                0x000000000003319c                tcpip_process
 .data          0x00000000000331ac        0x0 obj_cooja/mtype418.a(uip-debug.o)
 .data          0x00000000000331ac        0xc obj_cooja/mtype418.a(uip-packetqueue)
 .data          0x00000000000331b8        0x0 obj_cooja/mtype418.a(uip-udp-packet.)
 .data          0x00000000000331b8       0x28 obj_cooja/mtype418.a(rpl-dag.o)
                0x00000000000331c8                rpl_parents
                0x00000000000331dc                rpl_children
 .data          0x00000000000331e0        0x0 obj_cooja/mtype418.a(rpl-ext-header.)
 .data          0x00000000000331e0       0x40 obj_cooja/mtype418.a(rpl-icmp6.o)
 .data          0x0000000000033220       0x1c obj_cooja/mtype418.a(rpl-ltmax.o)
                0x0000000000033220                rpl_ltmax_of
 .data          0x000000000003323c        0x0 obj_cooja/mtype418.a(rpl-timers.o)
 .data          0x000000000003323c        0x0 obj_cooja/mtype418.a(rpl.o)
 .data          0x000000000003323c       0x28 obj_cooja/mtype418.a(csma.o)
 .data          0x0000000000033264        0x0 obj_cooja/mtype418.a(framer-802154.o)
 .data          0x0000000000033264        0x0 obj_cooja/mtype418.a(mac.o)
 .data          0x0000000000033264       0x30 obj_cooja/mtype418.a(cxmac.o)
                0x0000000000033264                cxmac_config
                0x0000000000033274                strobe_wait
 .data          0x0000000000033294        0x0 obj_cooja/mtype418.a(linkaddr.o)
 .data          0x0000000000033294       0x10 obj_cooja/mtype418.a(nbr-table.o)
 .data          0x00000000000332a4        0x0 obj_cooja/mtype418.a(netstack.o)
 .data          0x00000000000332a4        0x4 obj_cooja/mtype418.a(packetbuf.o)
 .data          0x00000000000332a8       0x18 obj_cooja/mtype418.a(queuebuf.o)
 .data          0x00000000000332c0        0x0 obj_cooja/mtype418.a(nullsec.o)
 .data          0x00000000000332c0        0x0 obj_cooja/mtype418.a(watchdog.o)
 .data          0x00000000000332c0        0x0 obj_cooja/mtype418.a(rimestats.o)
 .data          0x00000000000332c0        0x0 obj_cooja/mtype418.a(memb.o)
 .data          0x00000000000332c0       0x20 obj_cooja/mtype418.a(uip-icmp6.o)
 .data          0x00000000000332e0        0x0 obj_cooja/mtype418.a(uip-nd6.o)
 .data          0x00000000000332e0        0x0 obj_cooja/mtype418.a(rpl-nbr-policy.)
 .data          0x00000000000332e0        0x2 obj_cooja/mtype418.a(frame802154.o)
 .data          0x00000000000332e2        0x0 /usr/lib/gcc/i686-linux-gnu/4.8/crtendS.o
 .data          0x00000000000332e2        0x0 /usr/lib/gcc/i686-linux-gnu/4.8/../../../i386-linux-gnu/crtn.o

.tm_clone_table
                0x00000000000332e4        0x0
 .tm_clone_table
                0x00000000000332e4        0x0 /usr/lib/gcc/i686-linux-gnu/4.8/crtbeginS.o
 .tm_clone_table
                0x00000000000332e4        0x0 /usr/lib/gcc/i686-linux-gnu/4.8/crtendS.o

.data1
 *(.data1)
                0x00000000000332e4                _edata = .
                0x00000000000332e4                PROVIDE (edata, .)
                0x00000000000332e4                . = .
                0x00000000000332e4                __bss_start = .

.bss            0x0000000000033300     0x8648
 *(.dynbss)
 .dynbss        0x0000000000000000        0x0 /usr/lib/gcc/i686-linux-gnu/4.8/../../../i386-linux-gnu/crti.o
 *(.bss .bss.* .gnu.linkonce.b.*)
 .bss           0x0000000000033300        0x0 /usr/lib/gcc/i686-linux-gnu/4.8/../../../i386-linux-gnu/crti.o
 .bss           0x0000000000033300        0x1 /usr/lib/gcc/i686-linux-gnu/4.8/crtbeginS.o
 *fill*         0x0000000000033301       0x1f 
 .bss           0x0000000000033320       0x60 udp-client.co
                0x0000000000033320                my_weight
 .bss           0x0000000000033380     0x2030 obj_cooja/mtype418.o
 .bss           0x00000000000353b0        0x1 obj_cooja/mtype418.a(simEnvChange.o)
                0x00000000000353b0                simDontFallAsleep
 *fill*         0x00000000000353b1        0x3 
 .bss           0x00000000000353b4        0x4 obj_cooja/mtype418.a(cooja_mt.o)
 .bss           0x00000000000353b8        0x4 obj_cooja/mtype418.a(cooja_mtarch.o)
 .bss           0x00000000000353bc        0xc obj_cooja/mtype418.a(rtimer-arch.o)
 .bss           0x00000000000353c8        0x0 obj_cooja/mtype418.a(beep.o)
 .bss           0x00000000000353c8        0x8 obj_cooja/mtype418.a(button-sensor.o)
 .bss           0x00000000000353d0        0x0 obj_cooja/mtype418.a(leds-arch.o)
 .bss           0x00000000000353d0        0x0 obj_cooja/mtype418.a(moteid.o)
 .bss           0x00000000000353d0        0x1 obj_cooja/mtype418.a(pir-sensor.o)
                0x00000000000353d0                simPirValue
 *fill*         0x00000000000353d1        0x3 
 .bss           0x00000000000353d4        0x4 obj_cooja/mtype418.a(rs232.o)
 .bss           0x00000000000353d8        0x1 obj_cooja/mtype418.a(vib-sensor.o)
                0x00000000000353d8                simVibValue
 .bss           0x00000000000353d9        0x0 obj_cooja/mtype418.a(clock.o)
 *fill*         0x00000000000353d9        0x7 
 .bss           0x00000000000353e0      0x420 obj_cooja/mtype418.a(log.o)
 .bss           0x0000000000035800      0xfc0 obj_cooja/mtype418.a(cfs-cooja.o)
                0x0000000000035800                simCFSData
                0x00000000000367a0                simCFSSize
                0x00000000000367a4                simCFSChanged
                0x00000000000367a8                simCFSRead
                0x00000000000367ac                simCFSWritten
 .bss           0x00000000000367c0       0x24 obj_cooja/mtype418.a(cooja-radio.o)
                0x00000000000367c0                simReceivingLR
                0x00000000000367c4                simInSizeLR
                0x00000000000367c8                simOutSizeLR
                0x00000000000367cc                simReceiving
                0x00000000000367d0                simInSize
                0x00000000000367d4                simOutSize
                0x00000000000367d8                LongRangeTransmit
                0x00000000000367dc                LongRangeReceiving
 .bss           0x00000000000367e4        0xc obj_cooja/mtype418.a(eeprom.o)
                0x00000000000367e4                simEEPROMChanged
                0x00000000000367e8                simEEPROMRead
                0x00000000000367ec                simEEPROMWritten
 .bss           0x00000000000367f0        0x0 obj_cooja/mtype418.a(random.o)
 .bss           0x00000000000367f0        0xc obj_cooja/mtype418.a(sensors.o)
 .bss           0x00000000000367fc        0x1 obj_cooja/mtype418.a(leds.o)
 *fill*         0x00000000000367fd        0x3 
 .bss           0x0000000000036800       0x40 obj_cooja/mtype418.a(dual_conf.o)
                0x0000000000036800                long_range_radio
 .bss           0x0000000000036840        0x0 obj_cooja/mtype418.a(autostart.o)
 .bss           0x0000000000036840        0x5 obj_cooja/mtype418.a(ctimer.o)
 *fill*         0x0000000000036845        0x3 
 .bss           0x0000000000036848        0x8 obj_cooja/mtype418.a(etimer.o)
 .bss           0x0000000000036850        0x0 obj_cooja/mtype418.a(log_message.o)
 *fill*         0x0000000000036850       0x10 
 .bss           0x0000000000036860      0x1b1 obj_cooja/mtype418.a(process.o)
                0x0000000000036860                process_list
                0x0000000000036864                process_current
 .bss           0x0000000000036a11        0x0 obj_cooja/mtype418.a(residual.o)
 *fill*         0x0000000000036a11        0x3 
 .bss           0x0000000000036a14        0x4 obj_cooja/mtype418.a(rtimer.o)
 .bss           0x0000000000036a18        0x0 obj_cooja/mtype418.a(stimer.o)
 .bss           0x0000000000036a18        0x0 obj_cooja/mtype418.a(timer.o)
 *fill*         0x0000000000036a18        0x8 
 .bss           0x0000000000036a20      0x140 obj_cooja/mtype418.a(serial-line.o)
 .bss           0x0000000000036b60        0x0 obj_cooja/mtype418.a(list.o)
 .bss           0x0000000000036b60        0x0 obj_cooja/mtype418.a(ringbuf.o)
 .bss           0x0000000000036b60      0x70c obj_cooja/mtype418.a(sicslowpan.o)
 *fill*         0x000000000003726c       0x14 
 .bss           0x0000000000037280       0xc0 obj_cooja/mtype418.a(uip-ds6-nbr.o)
 .bss           0x0000000000037340      0x4a8 obj_cooja/mtype418.a(uip-ds6-route.o)
 .bss           0x00000000000377e8       0x30 obj_cooja/mtype418.a(uip-ds6.o)
 .bss           0x0000000000037818        0xe obj_cooja/mtype418.a(uip6.o)
                0x0000000000037818                uip_ext_bitmap
                0x0000000000037819                uip_ext_len
                0x000000000003781a                uip_ext_opt_offset
 *fill*         0x0000000000037826       0x1a 
 .bss           0x0000000000037840       0x6b obj_cooja/mtype418.a(tcpip.o)
 .bss           0x00000000000378ab        0x0 obj_cooja/mtype418.a(uip-debug.o)
 *fill*         0x00000000000378ab       0x15 
 .bss           0x00000000000378c0      0xcf8 obj_cooja/mtype418.a(uip-packetqueue)
 .bss           0x00000000000385b8        0x0 obj_cooja/mtype418.a(uip-udp-packet.)
 *fill*         0x00000000000385b8        0x8 
 .bss           0x00000000000385c0       0x88 obj_cooja/mtype418.a(rpl-dag.o)
 .bss           0x0000000000038648        0x0 obj_cooja/mtype418.a(rpl-ext-header.)
 .bss           0x0000000000038648        0x0 obj_cooja/mtype418.a(rpl-icmp6.o)
 .bss           0x0000000000038648        0x0 obj_cooja/mtype418.a(rpl-ltmax.o)
 *fill*         0x0000000000038648       0x18 
 .bss           0x0000000000038660       0x60 obj_cooja/mtype418.a(rpl-timers.o)
 .bss           0x00000000000386c0        0x4 obj_cooja/mtype418.a(rpl.o)
 *fill*         0x00000000000386c4       0x1c 
 .bss           0x00000000000386e0      0x288 obj_cooja/mtype418.a(csma.o)
 .bss           0x0000000000038968        0x2 obj_cooja/mtype418.a(framer-802154.o)
 .bss           0x000000000003896a        0x0 obj_cooja/mtype418.a(mac.o)
 *fill*         0x000000000003896a       0x16 
 .bss           0x0000000000038980       0xb1 obj_cooja/mtype418.a(cxmac.o)
 .bss           0x0000000000038a31        0x0 obj_cooja/mtype418.a(linkaddr.o)
 *fill*         0x0000000000038a31        0xf 
 .bss           0x0000000000038a40       0xc4 obj_cooja/mtype418.a(nbr-table.o)
 .bss           0x0000000000038b04        0x0 obj_cooja/mtype418.a(netstack.o)
 *fill*         0x0000000000038b04       0x1c 
 .bss           0x0000000000038b20       0xa0 obj_cooja/mtype418.a(packetbuf.o)
 .bss           0x0000000000038bc0      0xb80 obj_cooja/mtype418.a(queuebuf.o)
 .bss           0x0000000000039740        0x0 obj_cooja/mtype418.a(nullsec.o)
 .bss           0x0000000000039740        0x0 obj_cooja/mtype418.a(watchdog.o)
 .bss           0x0000000000039740        0x0 obj_cooja/mtype418.a(rimestats.o)
 .bss           0x0000000000039740        0x0 obj_cooja/mtype418.a(memb.o)
 .bss           0x0000000000039740       0x18 obj_cooja/mtype418.a(uip-icmp6.o)
 .bss           0x0000000000039758        0x0 obj_cooja/mtype418.a(uip-nd6.o)
 *fill*         0x0000000000039758        0x8 
 .bss           0x0000000000039760       0x44 obj_cooja/mtype418.a(rpl-nbr-policy.)
 .bss           0x00000000000397a4        0x0 obj_cooja/mtype418.a(frame802154.o)
 .bss           0x00000000000397a4        0x0 /usr/lib/gcc/i686-linux-gnu/4.8/crtendS.o
 .bss           0x00000000000397a4        0x0 /usr/lib/gcc/i686-linux-gnu/4.8/../../../i386-linux-gnu/crtn.o
 *(COMMON)
 COMMON         0x00000000000397a4       0x75 udp-client.co
                0x00000000000397a4                dio_count
                0x00000000000397a8                dis_count
                0x00000000000397ac                tcp_output_count
                0x00000000000397b0                csma_transmission_count
                0x00000000000397b4                dao_ack_fwd_count
                0x00000000000397b8                COOJA_radioRxLong
                0x00000000000397bc                cxmac_collision_count
                0x00000000000397c0                LSA_message_input
                0x00000000000397c4                control_message_count
                0x00000000000397c8                dao_count
                0x00000000000397cc                icmp_count
                0x00000000000397d0                COOJA_radioTx
                0x00000000000397d4                LSA_SR_preamble
                0x00000000000397d8                cxmac_transmission_count
                0x00000000000397dc                dao_ack_count
                0x00000000000397e0                LSA_lr_child
                0x00000000000397e4                data_message_count
                0x00000000000397e8                LSA_converge
                0x00000000000397e9                my_sink_reachability
                0x00000000000397ec                COOJA_radioTxLong
                0x00000000000397f0                COOJA_radioRx
                0x00000000000397f4                my_parent_number
                0x00000000000397f8                COOJA_radioOn
                0x00000000000397fc                LSA_broadcast_count
                0x0000000000039800                LSA_count
                0x0000000000039804                dao_fwd_count
                0x0000000000039808                COOJA_duration
                0x000000000003980c                dio_ack_count
                0x0000000000039810                COOJA_radioOnLong
                0x0000000000039814                data_fwd_count
                0x0000000000039818                LSA_message_flag
 *fill*         0x0000000000039819        0x3 
 COMMON         0x000000000003981c        0xc obj_cooja/mtype418.o
                0x000000000003981c                referenceVar
                0x0000000000039820                debugfp
                0x0000000000039824                sensors_flags
 COMMON         0x0000000000039828        0xc obj_cooja/mtype418.a(simEnvChange.o)
                0x0000000000039828                simEtimerPending
                0x000000000003982c                simProcessRunValue
                0x0000000000039830                simNextExpirationTime
 COMMON         0x0000000000039834        0x1 obj_cooja/mtype418.a(beep.o)
                0x0000000000039834                simBeeped
 COMMON         0x0000000000039835        0x3 obj_cooja/mtype418.a(button-sensor.o)
                0x0000000000039835                simButtonIsActive
                0x0000000000039836                simButtonIsDown
                0x0000000000039837                simButtonChanged
 COMMON         0x0000000000039838        0x1 obj_cooja/mtype418.a(leds-arch.o)
                0x0000000000039838                simLedsValue
 *fill*         0x0000000000039839        0x3 
 COMMON         0x000000000003983c        0xc obj_cooja/mtype418.a(moteid.o)
                0x000000000003983c                simRandomSeed
                0x0000000000039840                simMoteIDChanged
                0x0000000000039844                simMoteID
 COMMON         0x0000000000039848        0x2 obj_cooja/mtype418.a(pir-sensor.o)
                0x0000000000039848                simPirIsActive
                0x0000000000039849                simPirChanged
 *fill*         0x000000000003984a       0x16 
 COMMON         0x0000000000039860      0x820 obj_cooja/mtype418.a(rs232.o)
                0x0000000000039860                simSerialReceivingFlag
                0x0000000000039864                simSerialReceivingLength
                0x0000000000039880                simSerialReceivingData
 COMMON         0x000000000003a080        0x2 obj_cooja/mtype418.a(vib-sensor.o)
                0x000000000003a080                simVibChanged
                0x000000000003a081                simVibIsActive
 *fill*         0x000000000003a082        0x2 
 COMMON         0x000000000003a084        0x4 obj_cooja/mtype418.a(clock.o)
                0x000000000003a084                simCurrentTime
 *fill*         0x000000000003a088       0x18 
 COMMON         0x000000000003a0a0      0x420 obj_cooja/mtype418.a(log.o)
                0x000000000003a0a0                simLoggedLength
                0x000000000003a0a4                simLoggedFlag
                0x000000000003a0c0                simLoggedData
 COMMON         0x000000000003a4c0      0x260 obj_cooja/mtype418.a(cooja-radio.o)
                0x000000000003a4c0                simOutDataBuffer
                0x000000000003a540                simRadioTarget
                0x000000000003a560                simInDataBufferLR
                0x000000000003a5e0                packet_forwarding
                0x000000000003a600                simOutDataBufferLR
                0x000000000003a680                dual_duty_cycle_count
                0x000000000003a6a0                simInDataBuffer
 COMMON         0x000000000003a720      0x400 obj_cooja/mtype418.a(eeprom.o)
                0x000000000003a720                simEEPROMData
 COMMON         0x000000000003ab20        0x1 obj_cooja/mtype418.a(sensors.o)
                0x000000000003ab20                sensors_event
 *fill*         0x000000000003ab21        0x3 
 COMMON         0x000000000003ab24        0x4 obj_cooja/mtype418.a(log_message.o)
                0x000000000003ab24                log_fp
 COMMON         0x000000000003ab28        0x1 obj_cooja/mtype418.a(serial-line.o)
                0x000000000003ab28                serial_line_event_message
 COMMON         0x000000000003ab29        0x1 obj_cooja/mtype418.a(sicslowpan.o)
                0x000000000003ab29                p
 *fill*         0x000000000003ab2a       0x16 
 COMMON         0x000000000003ab40       0x50 obj_cooja/mtype418.a(uip-ds6-nbr.o)
                0x000000000003ab40                ds6_lr_addrmap
 *fill*         0x000000000003ab90       0x10 
 COMMON         0x000000000003aba0      0x298 obj_cooja/mtype418.a(uip-ds6.o)
                0x000000000003aba0                uip_ds6_prefix_list
                0x000000000003ac00                uip_ds6_timer_periodic
                0x000000000003ac10                uip_ds6_netif_addr_list_offset
                0x000000000003ac20                uip_ds6_if
                0x000000000003ad18                uip_ds6_timer_ra
                0x000000000003ad20                uip_ds6_addr_size
                0x000000000003ad40                long_uip_ds6_if
 *fill*         0x000000000003ae38        0x8 
 COMMON         0x000000000003ae40      0x8ec obj_cooja/mtype418.a(uip6.o)
                0x000000000003ae40                uip_slen
                0x000000000003ae42                uip_acc32
                0x000000000003ae60                uip_conns
                0x000000000003af20                uip_lladdr
                0x000000000003af28                uip_appdata
                0x000000000003af2c                uip_flags
                0x000000000003af40                uip_aligned_buf
                0x000000000003b580                uip_listenports
                0x000000000003b590                uip_len
                0x000000000003b592                uip_long_lladdr
                0x000000000003b59c                uip_sappdata
                0x000000000003b5a0                uip_udp_conns
                0x000000000003b720                uip_udp_conn
                0x000000000003b724                uip_next_hdr
                0x000000000003b728                uip_conn
 COMMON         0x000000000003b72c        0x1 obj_cooja/mtype418.a(tcpip.o)
                0x000000000003b72c                tcpip_event
 *fill*         0x000000000003b72d       0x13 
 COMMON         0x000000000003b740      0x178 obj_cooja/mtype418.a(rpl-dag.o)
                0x000000000003b740                default_instance
                0x000000000003b760                instance_table
 COMMON         0x000000000003b8b8       0x10 obj_cooja/mtype418.a(linkaddr.o)
                0x000000000003b8b8                linkaddr_node_addr
                0x000000000003b8c0                long_linkaddr_node_addr
 COMMON         0x000000000003b8c8       0x2e obj_cooja/mtype418.a(packetbuf.o)
                0x000000000003b8c8                packetbuf_attrs
                0x000000000003b8e6                packetbuf_addrs
 *fill*         0x000000000003b8f6        0xa 
 COMMON         0x000000000003b900       0x48 obj_cooja/mtype418.a(rimestats.o)
                0x000000000003b900                rimestats
                0x000000000003b948                . = ALIGN ((. != 0x0)?0x4:0x1)
                0x000000000003b948                . = ALIGN (0x4)
                0x000000000003b948                . = SEGMENT_START ("ldata-segment", .)
                0x000000000003b948                . = ALIGN (0x4)
                0x000000000003b948                _end = .
                0x000000000003b948                PROVIDE (end, .)
                0x000000000003b948                . = DATA_SEGMENT_END (.)

.stab
 *(.stab)

.stabstr
 *(.stabstr)

.stab.excl
 *(.stab.excl)

.stab.exclstr
 *(.stab.exclstr)

.stab.index
 *(.stab.index)

.stab.indexstr
 *(.stab.indexstr)

.comment        0x0000000000000000       0x29
 *(.comment)
 .comment       0x0000000000000000       0x29 /usr/lib/gcc/i686-linux-gnu/4.8/crtbeginS.o
                                         0x2a (size before relaxing)
 .comment       0x0000000000000000       0x2a udp-client.co
 .comment       0x0000000000000000       0x2a obj_cooja/mtype418.o
 .comment       0x0000000000000000       0x2a obj_cooja/mtype418.a(simEnvChange.o)
 .comment       0x0000000000000000       0x2a obj_cooja/mtype418.a(cooja_mt.o)
 .comment       0x0000000000000000       0x2a obj_cooja/mtype418.a(cooja_mtarch.o)
 .comment       0x0000000000000000       0x2a obj_cooja/mtype418.a(rtimer-arch.o)
 .comment       0x0000000000000000       0x2a obj_cooja/mtype418.a(beep.o)
 .comment       0x0000000000000000       0x2a obj_cooja/mtype418.a(button-sensor.o)
 .comment       0x0000000000000000       0x2a obj_cooja/mtype418.a(leds-arch.o)
 .comment       0x0000000000000000       0x2a obj_cooja/mtype418.a(moteid.o)
 .comment       0x0000000000000000       0x2a obj_cooja/mtype418.a(pir-sensor.o)
 .comment       0x0000000000000000       0x2a obj_cooja/mtype418.a(rs232.o)
 .comment       0x0000000000000000       0x2a obj_cooja/mtype418.a(vib-sensor.o)
 .comment       0x0000000000000000       0x2a obj_cooja/mtype418.a(clock.o)
 .comment       0x0000000000000000       0x2a obj_cooja/mtype418.a(log.o)
 .comment       0x0000000000000000       0x2a obj_cooja/mtype418.a(cfs-cooja.o)
 .comment       0x0000000000000000       0x2a obj_cooja/mtype418.a(cooja-radio.o)
 .comment       0x0000000000000000       0x2a obj_cooja/mtype418.a(eeprom.o)
 .comment       0x0000000000000000       0x2a obj_cooja/mtype418.a(random.o)
 .comment       0x0000000000000000       0x2a obj_cooja/mtype418.a(sensors.o)
 .comment       0x0000000000000000       0x2a obj_cooja/mtype418.a(leds.o)
 .comment       0x0000000000000000       0x2a obj_cooja/mtype418.a(dual_conf.o)
 .comment       0x0000000000000000       0x2a obj_cooja/mtype418.a(autostart.o)
 .comment       0x0000000000000000       0x2a obj_cooja/mtype418.a(ctimer.o)
 .comment       0x0000000000000000       0x2a obj_cooja/mtype418.a(etimer.o)
 .comment       0x0000000000000000       0x2a obj_cooja/mtype418.a(log_message.o)
 .comment       0x0000000000000000       0x2a obj_cooja/mtype418.a(process.o)
 .comment       0x0000000000000000       0x2a obj_cooja/mtype418.a(residual.o)
 .comment       0x0000000000000000       0x2a obj_cooja/mtype418.a(rtimer.o)
 .comment       0x0000000000000000       0x2a obj_cooja/mtype418.a(stimer.o)
 .comment       0x0000000000000000       0x2a obj_cooja/mtype418.a(timer.o)
 .comment       0x0000000000000000       0x2a obj_cooja/mtype418.a(serial-line.o)
 .comment       0x0000000000000000       0x2a obj_cooja/mtype418.a(list.o)
 .comment       0x0000000000000000       0x2a obj_cooja/mtype418.a(ringbuf.o)
 .comment       0x0000000000000000       0x2a obj_cooja/mtype418.a(sicslowpan.o)
 .comment       0x0000000000000000       0x2a obj_cooja/mtype418.a(uip-ds6-nbr.o)
 .comment       0x0000000000000000       0x2a obj_cooja/mtype418.a(uip-ds6-route.o)
 .comment       0x0000000000000000       0x2a obj_cooja/mtype418.a(uip-ds6.o)
 .comment       0x0000000000000000       0x2a obj_cooja/mtype418.a(uip6.o)
 .comment       0x0000000000000000       0x2a obj_cooja/mtype418.a(tcpip.o)
 .comment       0x0000000000000000       0x2a obj_cooja/mtype418.a(uip-debug.o)
 .comment       0x0000000000000000       0x2a obj_cooja/mtype418.a(uip-packetqueue)
 .comment       0x0000000000000000       0x2a obj_cooja/mtype418.a(uip-udp-packet.)
 .comment       0x0000000000000000       0x2a obj_cooja/mtype418.a(rpl-dag.o)
 .comment       0x0000000000000000       0x2a obj_cooja/mtype418.a(rpl-ext-header.)
 .comment       0x0000000000000000       0x2a obj_cooja/mtype418.a(rpl-icmp6.o)
 .comment       0x0000000000000000       0x2a obj_cooja/mtype418.a(rpl-ltmax.o)
 .comment       0x0000000000000000       0x2a obj_cooja/mtype418.a(rpl-timers.o)
 .comment       0x0000000000000000       0x2a obj_cooja/mtype418.a(rpl.o)
 .comment       0x0000000000000000       0x2a obj_cooja/mtype418.a(csma.o)
 .comment       0x0000000000000000       0x2a obj_cooja/mtype418.a(framer-802154.o)
 .comment       0x0000000000000000       0x2a obj_cooja/mtype418.a(mac.o)
 .comment       0x0000000000000000       0x2a obj_cooja/mtype418.a(cxmac.o)
 .comment       0x0000000000000000       0x2a obj_cooja/mtype418.a(linkaddr.o)
 .comment       0x0000000000000000       0x2a obj_cooja/mtype418.a(nbr-table.o)
 .comment       0x0000000000000000       0x2a obj_cooja/mtype418.a(netstack.o)
 .comment       0x0000000000000000       0x2a obj_cooja/mtype418.a(packetbuf.o)
 .comment       0x0000000000000000       0x2a obj_cooja/mtype418.a(queuebuf.o)
 .comment       0x0000000000000000       0x2a obj_cooja/mtype418.a(nullsec.o)
 .comment       0x0000000000000000       0x2a obj_cooja/mtype418.a(watchdog.o)
 .comment       0x0000000000000000       0x2a obj_cooja/mtype418.a(rimestats.o)
 .comment       0x0000000000000000       0x2a obj_cooja/mtype418.a(memb.o)
 .comment       0x0000000000000000       0x2a obj_cooja/mtype418.a(uip-icmp6.o)
 .comment       0x0000000000000000       0x2a obj_cooja/mtype418.a(uip-nd6.o)
 .comment       0x0000000000000000       0x2a obj_cooja/mtype418.a(rpl-nbr-policy.)
 .comment       0x0000000000000000       0x2a obj_cooja/mtype418.a(frame802154.o)
 .comment       0x0000000000000000       0x2a /usr/lib/gcc/i686-linux-gnu/4.8/crtendS.o

.debug
 *(.debug)

.line
 *(.line)

.debug_srcinfo
 *(.debug_srcinfo)

.debug_sfnames
 *(.debug_sfnames)

.debug_aranges  0x0000000000000000      0x838
 *(.debug_aranges)
 .debug_aranges
                0x0000000000000000       0x20 udp-client.co
 .debug_aranges
                0x0000000000000020       0x20 obj_cooja/mtype418.o
 .debug_aranges
                0x0000000000000040       0x20 obj_cooja/mtype418.a(simEnvChange.o)
 .debug_aranges
                0x0000000000000060       0x20 obj_cooja/mtype418.a(cooja_mt.o)
 .debug_aranges
                0x0000000000000080       0x20 obj_cooja/mtype418.a(cooja_mtarch.o)
 .debug_aranges
                0x00000000000000a0       0x20 obj_cooja/mtype418.a(rtimer-arch.o)
 .debug_aranges
                0x00000000000000c0       0x20 obj_cooja/mtype418.a(beep.o)
 .debug_aranges
                0x00000000000000e0       0x20 obj_cooja/mtype418.a(button-sensor.o)
 .debug_aranges
                0x0000000000000100       0x20 obj_cooja/mtype418.a(leds-arch.o)
 .debug_aranges
                0x0000000000000120       0x20 obj_cooja/mtype418.a(moteid.o)
 .debug_aranges
                0x0000000000000140       0x20 obj_cooja/mtype418.a(pir-sensor.o)
 .debug_aranges
                0x0000000000000160       0x20 obj_cooja/mtype418.a(rs232.o)
 .debug_aranges
                0x0000000000000180       0x20 obj_cooja/mtype418.a(vib-sensor.o)
 .debug_aranges
                0x00000000000001a0       0x20 obj_cooja/mtype418.a(clock.o)
 .debug_aranges
                0x00000000000001c0       0x20 obj_cooja/mtype418.a(log.o)
 .debug_aranges
                0x00000000000001e0       0x20 obj_cooja/mtype418.a(cfs-cooja.o)
 .debug_aranges
                0x0000000000000200       0x20 obj_cooja/mtype418.a(cooja-radio.o)
 .debug_aranges
                0x0000000000000220       0x20 obj_cooja/mtype418.a(eeprom.o)
 .debug_aranges
                0x0000000000000240       0x20 obj_cooja/mtype418.a(random.o)
 .debug_aranges
                0x0000000000000260       0x20 obj_cooja/mtype418.a(sensors.o)
 .debug_aranges
                0x0000000000000280       0x20 obj_cooja/mtype418.a(leds.o)
 .debug_aranges
                0x00000000000002a0       0x20 obj_cooja/mtype418.a(dual_conf.o)
 .debug_aranges
                0x00000000000002c0       0x20 obj_cooja/mtype418.a(autostart.o)
 .debug_aranges
                0x00000000000002e0       0x20 obj_cooja/mtype418.a(ctimer.o)
 .debug_aranges
                0x0000000000000300       0x20 obj_cooja/mtype418.a(etimer.o)
 .debug_aranges
                0x0000000000000320       0x20 obj_cooja/mtype418.a(log_message.o)
 .debug_aranges
                0x0000000000000340       0x20 obj_cooja/mtype418.a(process.o)
 .debug_aranges
                0x0000000000000360       0x20 obj_cooja/mtype418.a(residual.o)
 .debug_aranges
                0x0000000000000380       0x20 obj_cooja/mtype418.a(rtimer.o)
 .debug_aranges
                0x00000000000003a0       0x20 obj_cooja/mtype418.a(stimer.o)
 .debug_aranges
                0x00000000000003c0       0x20 obj_cooja/mtype418.a(timer.o)
 .debug_aranges
                0x00000000000003e0       0x20 obj_cooja/mtype418.a(serial-line.o)
 .debug_aranges
                0x0000000000000400       0x20 obj_cooja/mtype418.a(list.o)
 .debug_aranges
                0x0000000000000420       0x20 obj_cooja/mtype418.a(ringbuf.o)
 .debug_aranges
                0x0000000000000440       0x20 obj_cooja/mtype418.a(sicslowpan.o)
 .debug_aranges
                0x0000000000000460       0x20 obj_cooja/mtype418.a(uip-ds6-nbr.o)
 .debug_aranges
                0x0000000000000480       0x20 obj_cooja/mtype418.a(uip-ds6-route.o)
 .debug_aranges
                0x00000000000004a0       0x20 obj_cooja/mtype418.a(uip-ds6.o)
 .debug_aranges
                0x00000000000004c0       0x20 obj_cooja/mtype418.a(uip6.o)
 .debug_aranges
                0x00000000000004e0       0x20 obj_cooja/mtype418.a(tcpip.o)
 .debug_aranges
                0x0000000000000500       0x20 obj_cooja/mtype418.a(uip-debug.o)
 .debug_aranges
                0x0000000000000520       0x20 obj_cooja/mtype418.a(uip-packetqueue)
 .debug_aranges
                0x0000000000000540       0x20 obj_cooja/mtype418.a(uip-udp-packet.)
 .debug_aranges
                0x0000000000000560       0x20 obj_cooja/mtype418.a(rpl-dag.o)
 .debug_aranges
                0x0000000000000580       0x20 obj_cooja/mtype418.a(rpl-ext-header.)
 .debug_aranges
                0x00000000000005a0       0x20 obj_cooja/mtype418.a(rpl-icmp6.o)
 .debug_aranges
                0x00000000000005c0       0x20 obj_cooja/mtype418.a(rpl-ltmax.o)
 .debug_aranges
                0x00000000000005e0       0x20 obj_cooja/mtype418.a(rpl-timers.o)
 .debug_aranges
                0x0000000000000600       0x20 obj_cooja/mtype418.a(rpl.o)
 .debug_aranges
                0x0000000000000620       0x20 obj_cooja/mtype418.a(csma.o)
 .debug_aranges
                0x0000000000000640       0x20 obj_cooja/mtype418.a(framer-802154.o)
 .debug_aranges
                0x0000000000000660       0x20 obj_cooja/mtype418.a(mac.o)
 .debug_aranges
                0x0000000000000680       0x20 obj_cooja/mtype418.a(cxmac.o)
 .debug_aranges
                0x00000000000006a0       0x20 obj_cooja/mtype418.a(linkaddr.o)
 .debug_aranges
                0x00000000000006c0       0x20 obj_cooja/mtype418.a(nbr-table.o)
 .debug_aranges
                0x00000000000006e0       0x20 obj_cooja/mtype418.a(netstack.o)
 .debug_aranges
                0x0000000000000700       0x20 obj_cooja/mtype418.a(packetbuf.o)
 .debug_aranges
                0x0000000000000720       0x20 obj_cooja/mtype418.a(queuebuf.o)
 .debug_aranges
                0x0000000000000740       0x20 obj_cooja/mtype418.a(nullsec.o)
 .debug_aranges
                0x0000000000000760       0x20 obj_cooja/mtype418.a(watchdog.o)