Archive member included to satisfy reference by file (symbol)

obj_cooja/mtype876.a(simEnvChange.o)
                              obj_cooja/mtype876.o (simDontFallAsleep)
obj_cooja/mtype876.a(cooja_mt.o)
                              obj_cooja/mtype876.o (cooja_mt_start)
obj_cooja/mtype876.a(cooja_mtarch.o)
                              obj_cooja/mtype876.a(cooja_mt.o) (cooja_mtarch_init)
obj_cooja/mtype876.a(rtimer-arch.o)
                              obj_cooja/mtype876.o (rtimer_arch_next)
obj_cooja/mtype876.a(beep.o)  obj_cooja/mtype876.o (beep_interface)
obj_cooja/mtype876.a(button-sensor.o)
                              obj_cooja/mtype876.o (button_interface)
obj_cooja/mtype876.a(leds-arch.o)
                              obj_cooja/mtype876.o (leds_interface)
obj_cooja/mtype876.a(moteid.o)
                              obj_cooja/mtype876.o (moteid_interface)
obj_cooja/mtype876.a(pir-sensor.o)
                              obj_cooja/mtype876.o (pir_interface)
obj_cooja/mtype876.a(rs232.o)
                              obj_cooja/mtype876.o (rs232_interface)
obj_cooja/mtype876.a(vib-sensor.o)
                              obj_cooja/mtype876.o (vib_interface)
obj_cooja/mtype876.a(clock.o)
                              obj_cooja/mtype876.o (clock_interface)
obj_cooja/mtype876.a(log.o)   obj_cooja/mtype876.o (simlog_interface)
obj_cooja/mtype876.a(cfs-cooja.o)
                              obj_cooja/mtype876.o (cfs_interface)
obj_cooja/mtype876.a(cooja-radio.o)
                              obj_cooja/mtype876.o (radio_interface)
obj_cooja/mtype876.a(eeprom.o)
                              obj_cooja/mtype876.o (eeprom_interface)
obj_cooja/mtype876.a(random.o)
                              obj_cooja/mtype876.a(moteid.o) (random_init)
obj_cooja/mtype876.a(sensors.o)
                              udp-server.co (sensors_event)
obj_cooja/mtype876.a(leds.o)  obj_cooja/mtype876.a(cooja-radio.o) (leds_on)
obj_cooja/mtype876.a(dual_conf.o)
                              obj_cooja/mtype876.a(cooja-radio.o) (long_range_radio)
obj_cooja/mtype876.a(autostart.o)
                              obj_cooja/mtype876.o (autostart_start)
obj_cooja/mtype876.a(ctimer.o)
                              obj_cooja/mtype876.o (ctimer_init)
obj_cooja/mtype876.a(etimer.o)
                              obj_cooja/mtype876.o (etimer_process)
obj_cooja/mtype876.a(log_message.o)
                              obj_cooja/mtype876.o (log_initialization)
obj_cooja/mtype876.a(process.o)
                              udp-server.co (process_current)
obj_cooja/mtype876.a(residual.o)
                              obj_cooja/mtype876.o (get_residual_energy)
obj_cooja/mtype876.a(rtimer.o)
                              obj_cooja/mtype876.a(rtimer-arch.o) (rtimer_run_next)
obj_cooja/mtype876.a(timer.o)
                              obj_cooja/mtype876.a(button-sensor.o) (timer_set)
obj_cooja/mtype876.a(serial-line.o)
                              obj_cooja/mtype876.a(rs232.o) (serial_line_input_byte)
obj_cooja/mtype876.a(list.o)  obj_cooja/mtype876.a(ctimer.o) (list_init)
obj_cooja/mtype876.a(ringbuf.o)
                              obj_cooja/mtype876.a(serial-line.o) (ringbuf_init)
obj_cooja/mtype876.a(sicslowpan.o)
                              obj_cooja/mtype876.o (sicslowpan_driver)
obj_cooja/mtype876.a(uip-ds6-nbr.o)
                              obj_cooja/mtype876.a(sicslowpan.o) (uip_ds6_link_neighbor_callback)
obj_cooja/mtype876.a(uip-ds6.o)
                              udp-server.co (uip_ds6_if)
obj_cooja/mtype876.a(uip6.o)  obj_cooja/mtype876.o (uip_lladdr)
obj_cooja/mtype876.a(tcpip.o)
                              udp-server.co (tcpip_event)
obj_cooja/mtype876.a(uip-debug.o)
                              udp-server.co (uip_debug_ipaddr_print)
obj_cooja/mtype876.a(uip-packetqueue)
                              obj_cooja/mtype876.a(uip-ds6-nbr.o) (uip_packetqueue_new)
obj_cooja/mtype876.a(rpl-dag.o)
                              udp-server.co (rpl_set_root)
obj_cooja/mtype876.a(rpl-ext-header.)
                              obj_cooja/mtype876.a(uip6.o) (rpl_verify_header)
obj_cooja/mtype876.a(rpl-icmp6.o)
                              obj_cooja/mtype876.a(rpl-dag.o) (rpl_icmp6_update_nbr_table)
obj_cooja/mtype876.a(rpl-ltmax.o)
                              obj_cooja/mtype876.a(rpl-dag.o) (rpl_ltmax_of)
obj_cooja/mtype876.a(rpl-timers.o)
                              obj_cooja/mtype876.a(rpl-icmp6.o) (rpl_LSA_convergence_timer)
obj_cooja/mtype876.a(rpl.o)   obj_cooja/mtype876.a(rpl-icmp6.o) (rpl_get_mode)
obj_cooja/mtype876.a(csma.o)  udp-server.co (csma_driver)
obj_cooja/mtype876.a(framer-802154.o)
                              obj_cooja/mtype876.a(sicslowpan.o) (framer_802154)
obj_cooja/mtype876.a(mac.o)   obj_cooja/mtype876.a(csma.o) (mac_call_sent_callback)
obj_cooja/mtype876.a(cxmac.o)
                              obj_cooja/mtype876.o (cxmac_driver)
obj_cooja/mtype876.a(linkaddr.o)
[...]
Memory Configuration

Name             Origin             Length             Attributes
*default*        0x0000000000000000 0xffffffffffffffff

Linker script and memory map

LOAD /usr/lib/gcc/i686-linux-gnu/4.8/../../../i386-linux-gnu/crti.o
LOAD /usr/lib/gcc/i686-linux-gnu/4.8/crtbeginS.o
LOAD udp-server.co
LOAD obj_cooja/mtype876.o
LOAD obj_cooja/mtype876.a
LOAD /usr/lib/gcc/i686-linux-gnu/4.8/libgcc.a
LOAD /usr/lib/gcc/i686-linux-gnu/4.8/libgcc_s.so
LOAD /usr/lib/gcc/i686-linux-gnu/4.8/../../../i386-linux-gnu/libc.so
START GROUP
LOAD /lib/i386-linux-gnu/libc.so.6
LOAD /usr/lib/i386-linux-gnu/libc_nonshared.a
LOAD /lib/i386-linux-gnu/ld-linux.so.2
END GROUP
LOAD /usr/lib/gcc/i686-linux-gnu/4.8/libgcc.a
LOAD /usr/lib/gcc/i686-linux-gnu/4.8/libgcc_s.so
LOAD /usr/lib/gcc/i686-linux-gnu/4.8/crtendS.o
LOAD /usr/lib/gcc/i686-linux-gnu/4.8/../../../i386-linux-gnu/crtn.o
                0x0000000000000114                . = (0x0 + SIZEOF_HEADERS)

.note.gnu.build-id
                0x0000000000000114       0x24
 *(.note.gnu.build-id)
 .note.gnu.build-id
                0x0000000000000114       0x24 /usr/lib/gcc/i686-linux-gnu/4.8/../../../i386-linux-gnu/crti.o

.hash
 *(.hash)

.gnu.hash       0x0000000000000138     0x13a4
 *(.gnu.hash)
 .gnu.hash      0x0000000000000138     0x13a4 /usr/lib/gcc/i686-linux-gnu/4.8/../../../i386-linux-gnu/crti.o

.dynsym         0x00000000000014dc     0x26f0
 *(.dynsym)
 .dynsym        0x00000000000014dc     0x26f0 /usr/lib/gcc/i686-linux-gnu/4.8/../../../i386-linux-gnu/crti.o

.dynstr         0x0000000000003bcc     0x27fb
 *(.dynstr)
 .dynstr        0x0000000000003bcc     0x27fb /usr/lib/gcc/i686-linux-gnu/4.8/../../../i386-linux-gnu/crti.o

.gnu.version    0x00000000000063c8      0x4de
 *(.gnu.version)
 .gnu.version   0x00000000000063c8      0x4de /usr/lib/gcc/i686-linux-gnu/4.8/../../../i386-linux-gnu/crti.o

.gnu.version_d  0x00000000000068a8        0x0
 *(.gnu.version_d)
 .gnu.version_d
                0x0000000000000000        0x0 /usr/lib/gcc/i686-linux-gnu/4.8/../../../i386-linux-gnu/crti.o

.gnu.version_r  0x00000000000068a8       0x50
 *(.gnu.version_r)
 .gnu.version_r
                0x00000000000068a8       0x50 /usr/lib/gcc/i686-linux-gnu/4.8/../../../i386-linux-gnu/crti.o

.rel.dyn        0x00000000000068f8     0x9a28
 *(.rel.init)
 .rel.init      0x0000000000000000        0x0 /usr/lib/gcc/i686-linux-gnu/4.8/../../../i386-linux-gnu/crti.o
 *(.rel.text .rel.text.* .rel.gnu.linkonce.t.*)
 .rel.text      0x00000000000068f8     0x9238 /usr/lib/gcc/i686-linux-gnu/4.8/../../../i386-linux-gnu/crti.o
 *(.rel.fini)
 .rel.fini      0x0000000000000000        0x0 /usr/lib/gcc/i686-linux-gnu/4.8/../../../i386-linux-gnu/crti.o
 *(.rel.rodata .rel.rodata.* .rel.gnu.linkonce.r.*)
 .rel.rodata    0x000000000000fb30      0x4e0 /usr/lib/gcc/i686-linux-gnu/4.8/../../../i386-linux-gnu/crti.o
 *(.rel.data.rel.ro .rel.data.rel.ro.* .rel.gnu.linkonce.d.rel.ro.*)
 *(.rel.data .rel.data.* .rel.gnu.linkonce.d.*)
 .rel.data.rel  0x0000000000010010        0x8 /usr/lib/gcc/i686-linux-gnu/4.8/../../../i386-linux-gnu/crti.o
 .rel.data      0x0000000000010018      0x2d0 /usr/lib/gcc/i686-linux-gnu/4.8/../../../i386-linux-gnu/crti.o
 *(.rel.tdata .rel.tdata.* .rel.gnu.linkonce.td.*)
 *(.rel.tbss .rel.tbss.* .rel.gnu.linkonce.tb.*)
 *(.rel.ctors)
 *(.rel.dtors)
 *(.rel.got)
 .rel.got       0x00000000000102e8       0x28 /usr/lib/gcc/i686-linux-gnu/4.8/../../../i386-linux-gnu/crti.o
 *(.rel.bss .rel.bss.* .rel.gnu.linkonce.b.*)
 *(.rel.ifunc)
 .rel.ifunc     0x0000000000000000        0x0 /usr/lib/gcc/i686-linux-gnu/4.8/../../../i386-linux-gnu/crti.o
 .rel.fini_array
                0x0000000000010310        0x8 /usr/lib/gcc/i686-linux-gnu/4.8/../../../i386-linux-gnu/crti.o
 .rel.init_array
                0x0000000000010318        0x8 /usr/lib/gcc/i686-linux-gnu/4.8/../../../i386-linux-gnu/crti.o

.rel.plt        0x0000000000010320       0x10
 *(.rel.plt)
 .rel.plt       0x0000000000010320       0x10 /usr/lib/gcc/i686-linux-gnu/4.8/../../../i386-linux-gnu/crti.o
 *(.rel.iplt)

.init           0x0000000000010330       0x23
 *(SORT(.init))
 .init          0x0000000000010330       0x1e /usr/lib/gcc/i686-linux-gnu/4.8/../../../i386-linux-gnu/crti.o
                0x0000000000010330                _init
 .init          0x000000000001034e        0x5 /usr/lib/gcc/i686-linux-gnu/4.8/../../../i386-linux-gnu/crtn.o

.plt            0x0000000000010360       0x30
 *(.plt)
 .plt           0x0000000000010360       0x30 /usr/lib/gcc/i686-linux-gnu/4.8/../../../i386-linux-gnu/crti.o
 *(.iplt)

.text           0x0000000000010390    0x17520
 *(.text.unlikely .text.*_unlikely .text.unlikely.*)
 *(.text.exit .text.exit.*)
 *(.text.startup .text.startup.*)
 *(.text.hot .text.hot.*)
 *(.text .stub .text.* .gnu.linkonce.t.*)
 .text          0x0000000000010390        0x0 /usr/lib/gcc/i686-linux-gnu/4.8/../../../i386-linux-gnu/crti.o
 .gnu.linkonce.t.__x86.get_pc_thunk.bx
                0x0000000000010390        0x4 /usr/lib/gcc/i686-linux-gnu/4.8/../../../i386-linux-gnu/crti.o
                0x0000000000010390                __x86.get_pc_thunk.bx
 *fill*         0x0000000000010394        0xc 
 .text          0x00000000000103a0      0x11b /usr/lib/gcc/i686-linux-gnu/4.8/crtbeginS.o
 .text          0x00000000000104bb      0x3ce udp-server.co
 .text          0x0000000000010889      0x96a obj_cooja/mtype876.o
                0x0000000000010a37                contiki_init
                0x000000000001100a                Java_org_contikios_cooja_corecomm_Lib32_init
                0x000000000001104a                Java_org_contikios_cooja_corecomm_Lib32_getMemory
                0x000000000001108a                Java_org_contikios_cooja_corecomm_Lib32_setMemory
                0x0000000000011101                Java_org_contikios_cooja_corecomm_Lib32_tick
                0x00000000000111e1                Java_org_contikios_cooja_corecomm_Lib32_setReferenceAddress
 .text          0x00000000000111f3       0x63 obj_cooja/mtype876.a(simEnvChange.o)
                0x00000000000111f3                doActionsBeforeTick
                0x0000000000011224                doActionsAfterTick
 .text          0x0000000000011256       0xbc obj_cooja/mtype876.a(cooja_mt.o)
                0x0000000000011256                cooja_mt_init
                0x0000000000011263                cooja_mt_remove
                0x0000000000011270                cooja_mt_start
                0x000000000001129d                cooja_mt_exec
                0x00000000000112ce                cooja_mt_exit
                0x00000000000112f0                cooja_mt_yield
 .text          0x0000000000011312      0x115 obj_cooja/mtype876.a(cooja_mtarch.o)
                0x0000000000011312                cooja_mtarch_init
                0x0000000000011317                cooja_mtarch_start
                0x0000000000011392                cooja_sw
                0x00000000000113b4                cooja_mtarch_exec
                0x00000000000113d0                cooja_mtarch_remove
                0x00000000000113d5                cooja_mtarch_yield
                0x00000000000113df                cooja_mtarch_pstop
                0x00000000000113e4                cooja_mtarch_pstart
                0x00000000000113e9                cooja_mtarch_stack_usage
 .text          0x0000000000011427       0xc2 obj_cooja/mtype876.a(rtimer-arch.o)
                0x0000000000011427                rtimer_arch_init
                0x000000000001144a                rtimer_arch_schedule
                0x0000000000011461                rtimer_arch_next
                0x000000000001146b                rtimer_arch_pending
                0x0000000000011475                rtimer_arch_check
                0x00000000000114a7                rtimer_arch_now
 .text          0x00000000000114e9       0x76 obj_cooja/mtype876.a(beep.o)
                0x00000000000114e9                beep_alarm
                0x00000000000114f5                beep_beep
                0x0000000000011501                beep
                0x000000000001150d                beep_down
                0x0000000000011519                beep_on
                0x0000000000011525                beep_off
                0x0000000000011531                beep_spinup
                0x000000000001153d                beep_quick
                0x0000000000011549                beep_long
 .text          0x000000000001155f      0x103 obj_cooja/mtype876.a(button-sensor.o)
 .text          0x0000000000011662       0x45 obj_cooja/mtype876.a(leds-arch.o)
                0x0000000000011662                leds_arch_init
                0x000000000001166e                leds_arch_get
                0x000000000001167a                leds_arch_set
 .text          0x00000000000116a7       0x2f obj_cooja/mtype876.a(moteid.o)
 .text          0x00000000000116d6       0xb1 obj_cooja/mtype876.a(pir-sensor.o)
 .text          0x0000000000011787      0x131 obj_cooja/mtype876.a(rs232.o)
                0x0000000000011787                rs232_init
                0x000000000001178c                rs232_set_speed
                0x000000000001179a                rs232_set_input
                0x00000000000117a7                rs232_send
                0x00000000000117c9                rs232_print
                0x00000000000117e4                slip_arch_writeb
 .text          0x00000000000118b8       0xb1 obj_cooja/mtype876.a(vib-sensor.o)
 .text          0x0000000000011969       0x34 obj_cooja/mtype876.a(clock.o)
                0x0000000000011969                clock_init
                0x000000000001196e                clock_time
                0x0000000000011978                clock_seconds
                0x000000000001198e                clock_delay
 .text          0x000000000001199d      0x1ed obj_cooja/mtype876.a(log.o)
                0x000000000001199d                simlog_char
                0x00000000000119df                simlog
                0x0000000000011a4c                log_message
                0x0000000000011a74                log_set_putchar_with_slip
                0x0000000000011a81                log_putchar
                0x0000000000011b05                log_puts
                0x0000000000011b29                log_printf
 .text          0x0000000000011b8a      0x2c4 obj_cooja/mtype876.a(cfs-cooja.o)
                0x0000000000011b8a                cfs_open
                0x0000000000011bf3                cfs_close
                0x0000000000011bff                cfs_read
                0x0000000000011c9d                cfs_write
                0x0000000000011d7a                cfs_seek
                0x0000000000011e02                cfs_remove
                0x0000000000011e2b                cfs_opendir
                0x0000000000011e35                cfs_readdir
                0x0000000000011e3f                cfs_closedir
 .text          0x0000000000011e4e      0x69f obj_cooja/mtype876.a(cooja-radio.o)
                0x0000000000011e78                radio_set_channel
                0x0000000000011e8d                radio_set_txpower
                0x0000000000011ead                radio_signal_strength_last
                0x0000000000011eb7                radio_signal_strength_current
                0x0000000000011ec1                radio_LQI
 .text          0x00000000000124ed       0xef obj_cooja/mtype876.a(eeprom.o)
                0x00000000000124ed                eeprom_init
                0x00000000000124f2                eeprom_read
                0x0000000000012562                eeprom_write
 .text          0x00000000000125dc       0x28 obj_cooja/mtype876.a(random.o)
                0x00000000000125dc                random_init
                0x00000000000125f7                random_rand
 .text          0x0000000000012604      0x2a1 obj_cooja/mtype876.a(sensors.o)
                0x000000000001263f                sensors_first
                0x0000000000012649                sensors_next
                0x0000000000012666                sensors_changed
                0x0000000000012695                sensors_find
 .text          0x00000000000128a5      0x134 obj_cooja/mtype876.a(leds.o)
                0x00000000000128f6                leds_init
                0x000000000001290a                leds_blink
                0x0000000000012942                leds_get
                0x000000000001294f                leds_set
                0x0000000000012969                leds_on
                0x000000000001298c                leds_off
                0x00000000000129b6                leds_toggle
 .text          0x00000000000129d9      0x432 obj_cooja/mtype876.a(dual_conf.o)
                0x00000000000129d9                dual_radio_switch
                0x0000000000012a19                dual_radio_change
                0x0000000000012a53                sending_in_LR
                0x0000000000012a7e                dual_radio_received
                0x0000000000012ab6                radio_received_is_longrange
                0x0000000000012ad1                dual_radio_turn_on
                0x0000000000012af4                dual_radio_turn_off
                0x0000000000012d91                dio_broadcast
                0x0000000000012dba                dis_broadcast
                0x0000000000012ddb                LSA_converge_broadcast
 .text          0x0000000000012e0b       0x8e obj_cooja/mtype876.a(autostart.o)
                0x0000000000012e0b                autostart_start
                0x0000000000012e56                autostart_exit
 .text          0x0000000000012e99      0x334 obj_cooja/mtype876.a(ctimer.o)
                0x0000000000012fb0                ctimer_init
                0x0000000000012fe0                ctimer_set
                0x0000000000013011                ctimer_set_with_process
                0x000000000001308d                ctimer_reset
                0x00000000000130dc                ctimer_restart
                0x000000000001312b                ctimer_stop
                0x0000000000013176                ctimer_expired
 .text          0x00000000000131cd      0x40b obj_cooja/mtype876.a(etimer.o)
                0x00000000000133e0                etimer_request_poll
                0x0000000000013464                etimer_set
                0x0000000000013489                etimer_reset_with_new_interval
                0x00000000000134b0                etimer_reset
                0x00000000000134ce                etimer_restart
                0x00000000000134ec                etimer_adjust
                0x0000000000013508                etimer_expired
                0x000000000001351b                etimer_expiration_time
                0x000000000001352d                etimer_start_time
                0x0000000000013537                etimer_pending
                0x0000000000013549                etimer_next_expiration_time
                0x0000000000013563                etimer_stop
 .text          0x00000000000135d8      0x123 obj_cooja/mtype876.a(log_message.o)
                0x00000000000135d8                log_initialization
                0x00000000000136da                log_finisher
 .text          0x00000000000136fb      0x560 obj_cooja/mtype876.a(process.o)
                0x00000000000136fb                process_alloc_event
                0x0000000000013710                process_start
                0x00000000000138f9                process_exit
                0x0000000000013915                process_init
                0x0000000000013ae6                process_run
                0x0000000000013b19                process_nevents
                0x0000000000013b34                process_post
                0x0000000000013be0                process_post_synch
                0x0000000000013c18                process_poll
                0x0000000000013c47                process_is_running
 .text          0x0000000000013c5b       0xd3 obj_cooja/mtype876.a(residual.o)
                0x0000000000013c5b                get_residual_energy
 .text          0x0000000000013d2e       0xba obj_cooja/mtype876.a(rtimer.o)
                0x0000000000013d2e                rtimer_init
                0x0000000000013d3b                rtimer_set
                0x0000000000013d92                rtimer_run_next
 .text          0x0000000000013de8       0x91 obj_cooja/mtype876.a(timer.o)
                0x0000000000013de8                timer_set
                0x0000000000013e03                timer_reset
                0x0000000000013e1a                timer_restart
                0x0000000000013e2c                timer_expired
                0x0000000000013e55                timer_remaining
 .text          0x0000000000013e79      0x1fb obj_cooja/mtype876.a(serial-line.o)
                0x0000000000013e79                serial_line_input_byte
                0x000000000001403c                serial_line_init
 .text          0x0000000000014074      0x244 obj_cooja/mtype876.a(list.o)
                0x0000000000014074                list_init
                0x0000000000014082                list_head
                0x000000000001408c                list_copy
                0x000000000001409b                list_tail
                0x00000000000140d1                list_add
                0x000000000001411a                list_push
                0x0000000000014146                list_chop
                0x00000000000141b0                list_pop
                0x00000000000141d8                list_remove
                0x000000000001423f                list_length
                0x000000000001426d                list_insert
                0x00000000000142a1                list_item_next
 .text          0x00000000000142b8      0x155 obj_cooja/mtype876.a(ringbuf.o)
                0x00000000000142b8                ringbuf_init
                0x00000000000142e9                ringbuf_put
                0x0000000000014367                ringbuf_get
                0x00000000000143d4                ringbuf_size
                0x00000000000143e6                ringbuf_elements
 .text          0x000000000001440d     0x258b obj_cooja/mtype876.a(sicslowpan.o)
                0x0000000000014997                rime_sniffer_add
                0x00000000000149a4                rime_sniffer_remove
                0x0000000000016937                sicslowpan_init
                0x000000000001698e                sicslowpan_get_last_rssi
 .text          0x0000000000016998      0x2dc obj_cooja/mtype876.a(uip-ds6-nbr.o)
                0x00000000000169b5                uip_ds6_neighbors_init
                0x00000000000169d2                uip_ds6_nbr_add
                0x0000000000016a83                uip_ds6_nbr_rm
                0x0000000000016ae0                uip_ds6_nbr_get_ipaddr
                0x0000000000016af5                uip_ds6_nbr_get_ll
                0x0000000000016b11                uip_ds6_nbr_num
                0x0000000000016b56                uip_ds6_nbr_lookup
                0x0000000000016bbb                uip_ds6_nbr_ll_lookup
                0x0000000000016bd7                uip_ds6_nbr_ipaddr_from_lladdr
                0x0000000000016bfd                uip_ds6_nbr_lladdr_from_ipaddr
                0x0000000000016c2b                uip_ds6_link_neighbor_callback
 .text          0x0000000000016c74     0x12ad obj_cooja/mtype876.a(uip-ds6.o)
                0x0000000000016c74                uip_ds6_init
                0x0000000000016fc9                uip_ds6_periodic
                0x00000000000170a1                uip_ds6_list_loop
                0x0000000000017148                uip_ds6_prefix_add
                0x0000000000017206                uip_ds6_prefix_rm
                0x0000000000017218                uip_ds6_prefix_lookup
                0x0000000000017269                uip_ds6_is_addr_onlink
                0x00000000000172dd                uip_ds6_addr_add
                0x000000000001740b                uip_ds6_long_addr_add
                0x0000000000017539                uip_ds6_addr_rm
                0x00000000000175d9                uip_ds6_addr_lookup
                0x0000000000017624                uip_ds6_long_addr_lookup
                0x000000000001766f                uip_ds6_get_link_local
                0x00000000000176ee                uip_ds6_long_get_link_local
                0x000000000001776d                uip_ds6_get_global
                0x00000000000177ec                uip_ds6_long_get_global
                0x000000000001786b                uip_ds6_maddr_add
                0x00000000000178dd                uip_ds6_long_maddr_add
                0x000000000001794f                uip_ds6_maddr_rm
                0x0000000000017961                uip_ds6_maddr_lookup
                0x00000000000179ac                uip_ds6_long_maddr_lookup
                0x00000000000179f7                uip_ds6_aaddr_add
                0x0000000000017a69                uip_ds6_long_aaddr_add
                0x0000000000017adb                uip_ds6_aaddr_rm
                0x0000000000017aed                uip_ds6_aaddr_lookup
                0x0000000000017b38                uip_ds6_long_aaddr_lookup
                0x0000000000017b83                uip_ds6_select_src
                0x0000000000017e0c                uip_ds6_set_addr_iid
                0x0000000000017e43                get_match_length
                0x0000000000017ed5                uip_ds6_compute_reachable_time
 .text          0x0000000000017f21     0x29f3 obj_cooja/mtype876.a(uip6.o)
                0x0000000000017f21                uip_add32
                0x00000000000180ba                uip_chksum
                0x00000000000181a8                uip_icmp6chksum
                0x00000000000181bc                uip_tcpchksum
                0x00000000000181d0                uip_udpchksum
                0x00000000000181e4                uip_init
                0x00000000000182b4                uip_connect
                0x0000000000018463                remove_ext_hdr
                0x0000000000018538                uip_udp_new
                0x0000000000018694                uip_unlisten
                0x00000000000186f4                uip_listen
                0x00000000000189b6                uip_process
                0x000000000001a808                uip_htons
                0x000000000001a82a                uip_htonl
                0x000000000001a86a                uip_send
 .text          0x000000000001a914      0xb50 obj_cooja/mtype876.a(tcpip.o)
                0x000000000001a914                tcpip_output
                0x000000000001a94f                tcpip_set_outputfunc
                0x000000000001a9e3                tcp_connect
                0x000000000001aa38                tcp_unlisten
                0x000000000001aa93                tcp_listen
                0x000000000001aaec                tcp_attach
                0x000000000001ab11                udp_attach
                0x000000000001ab36                udp_new
                0x000000000001ab88                udp_broadcast_new
                0x000000000001adfc                tcpip_input
                0x000000000001ae30                tcpip_ipv6_output
                0x000000000001b2aa                tcpip_poll_udp
                0x000000000001b2cd                tcpip_poll_tcp
                0x000000000001b2f0                tcpip_uipcall
 .text          0x000000000001b464      0x1c1 obj_cooja/mtype876.a(uip-debug.o)
                0x000000000001b464                uip_debug_ipaddr_print
                0x000000000001b5c6                uip_debug_lladdr_print
 .text          0x000000000001b625      0x141 obj_cooja/mtype876.a(uip-packetqueue)
                0x000000000001b651                uip_packetqueue_new
                0x000000000001b65f                uip_packetqueue_alloc
                0x000000000001b6bf                uip_packetqueue_free
                0x000000000001b700                uip_packetqueue_buf
                0x000000000001b71d                uip_packetqueue_buflen
                0x000000000001b73e                uip_packetqueue_set_buflen
 .text          0x000000000001b766     0x26ab obj_cooja/mtype876.a(rpl-dag.o)
                0x000000000001b766                rpl_lr_in_child
                0x000000000001b81e                rpl_print_neighbor_list
                0x000000000001b8c7                rpl_print_child_neighbor_list
                0x000000000001b93c                rpl_get_nbr
                0x000000000001b996                rpl_get_nbr_child
                0x000000000001b9f0                rpl_dag_init
                0x000000000001ba22                rpl_get_parent
                0x000000000001ba44                rpl_get_parent_rank
                0x000000000001ba77                rpl_get_parent_link_metric
                0x000000000001baaa                rpl_get_parent_ipaddr
                0x000000000001bad4                rpl_get_child_ipaddr
                0x000000000001bdef                rpl_set_root
                0x000000000001c01d                rpl_repair_root
                0x000000000001c259                rpl_set_prefix
                0x000000000001c358                rpl_set_default_route
                0x000000000001c3e4                rpl_alloc_instance
                0x000000000001c46c                rpl_alloc_dag
                0x000000000001c51f                rpl_set_default_instance
                0x000000000001c52c                rpl_get_default_instance
                0x000000000001c536                rpl_free_instance
                0x000000000001c5d7                rpl_free_dag
                0x000000000001c63d                rpl_add_parent
                0x000000000001c726                rpl_find_parent
                0x000000000001c756                rpl_add_child
                0x000000000001c7fa                rpl_find_child
                0x000000000001c848                rpl_find_parent_any_dag
                0x000000000001c884                rpl_select_dag
                0x000000000001ccba                rpl_select_parent
                0x000000000001cd1c                rpl_remove_parent
                0x000000000001cd52                rpl_remove_child
                0x000000000001cd6e                rpl_nullify_parent
                0x000000000001ce0c                rpl_move_parent
                0x000000000001cea9                rpl_has_downward_route
                0x000000000001cefc                rpl_get_any_dag
                0x000000000001cf5e                rpl_get_instance
                0x000000000001cfc1                rpl_find_of
                0x000000000001cffe                rpl_join_instance
                0x000000000001d29a                rpl_add_dag
                0x000000000001d689                rpl_local_repair
                0x000000000001d762                rpl_recalculate_ranks
                0x000000000001d7e8                rpl_process_parent_event
                0x000000000001d89a                rpl_process_dio
 .text          0x000000000001de11      0xe0b obj_cooja/mtype876.a(rpl-ext-header.)
                0x000000000001de2e                rpl_verify_header
                0x000000000001e3ab                rpl_update_header_empty
                0x000000000001e75e                rpl_update_header_final
                0x000000000001e911                rpl_remove_header
                0x000000000001ea40                rpl_invert_header
                0x000000000001ebfa                rpl_insert_header
 .text          0x000000000001ec1c     0x24ea obj_cooja/mtype876.a(rpl-icmp6.o)
                0x000000000001eee5                rpl_icmp6_update_nbr_table
                0x000000000001efd5                dis_output
                0x000000000001f90d                dio_output
                0x0000000000020178                LSA_converge_output
                0x0000000000020c65                dao_output
                0x0000000000020d2d                dao_output_target
                0x00000000000210ae                dao_ack_output
                0x00000000000210c2                rpl_icmp6_register_handlers
 .text          0x0000000000021106      0x3dc obj_cooja/mtype876.a(rpl-ltmax.o)
 .text          0x00000000000214e2      0x84c obj_cooja/mtype876.a(rpl-timers.o)
                0x00000000000214e2                rpl_LSA_convergence_timer
                0x00000000000215db                rpl_reset_LSA_convergence_timer
                0x0000000000021979                rpl_reset_periodic_timer
                0x00000000000219ce                rpl_reset_dio_timer
                0x0000000000021c66                rpl_schedule_dao
                0x0000000000021c81                rpl_schedule_dao_immediately
                0x0000000000021c9c                rpl_cancel_dao
                0x0000000000021cfe                rpl_schedule_unicast_dio_immediately
 .text          0x0000000000021d2e      0x5dc obj_cooja/mtype876.a(rpl.o)
                0x0000000000021d2e                rpl_get_mode
                0x0000000000021d38                rpl_set_mode
                0x0000000000021dc6                rpl_purge_routes
                0x0000000000021ec0                rpl_remove_routes
                0x0000000000021f06                rpl_remove_routes_by_nexthop
                0x0000000000021f72                rpl_add_route
                0x0000000000021fed                rpl_link_neighbor_callback
                0x00000000000220f2                rpl_ipv6_neighbor_callback
                0x0000000000022161                rpl_purge_dags
                0x000000000002226d                rpl_init
 .text          0x000000000002230a      0xa41 obj_cooja/mtype876.a(csma.o)
 .text          0x0000000000022d4b      0x3f5 obj_cooja/mtype876.a(framer-802154.o)
 .text          0x0000000000023140       0x3c obj_cooja/mtype876.a(mac.o)
                0x0000000000023140                mac_call_sent_callback
 .text          0x000000000002317c     0x102c obj_cooja/mtype876.a(cxmac.o)
                0x00000000000240dc                cxmac_set_announcement_radio_txpower
                0x00000000000240e1                cxmac_init
 .text          0x00000000000241a8       0x82 obj_cooja/mtype876.a(linkaddr.o)
                0x00000000000241a8                linkaddr_copy
                0x00000000000241ca                linkaddr_cmp
                0x00000000000241f4                linkaddr_set_node_addr
                0x000000000002420f                linkaddr_set_node_long_addr
 .text          0x000000000002422a      0x915 obj_cooja/mtype876.a(nbr-table.o)
                0x000000000002422a                long_ip_from_lladdr_map
                0x00000000000242b3                lladdr_map_add_lr
                0x0000000000024370                lladdr_map_rm_lr
                0x0000000000024835                nbr_table_register
                0x000000000002487d                nbr_table_head
                0x00000000000248d9                nbr_table_next
                0x0000000000024940                nbr_table_add_lladdr
                0x0000000000024a1c                nbr_table_get_from_lladdr
                0x0000000000024a69                nbr_table_remove
                0x0000000000024abb                nbr_table_lock
                0x0000000000024ae5                nbr_table_unlock
                0x0000000000024b0f                nbr_table_get_lladdr
 .text          0x0000000000024b3f       0x2b obj_cooja/mtype876.a(netstack.o)
                0x0000000000024b3f                netstack_init
 .text          0x0000000000024b6a      0x3cd obj_cooja/mtype876.a(packetbuf.o)
                0x0000000000024b6a                packetbuf_clear
                0x0000000000024b94                packetbuf_copyfrom
                0x0000000000024be6                packetbuf_compact
                0x0000000000024c63                packetbuf_copyto
                0x0000000000024cfa                packetbuf_hdralloc
                0x0000000000024d77                packetbuf_hdrreduce
                0x0000000000024dbf                packetbuf_set_datalen
                0x0000000000024dd8                packetbuf_dataptr
                0x0000000000024df5                packetbuf_hdrptr
                0x0000000000024dff                packetbuf_datalen
                0x0000000000024e0b                packetbuf_hdrlen
                0x0000000000024e22                packetbuf_totlen
                0x0000000000024e38                packetbuf_attr_clear
                0x0000000000024e8a                packetbuf_attr_copyto
                0x0000000000024ed3                packetbuf_attr_copyfrom
                0x0000000000024f1b                packetbuf_holds_broadcast
 .text          0x0000000000024f37      0x2b4 obj_cooja/mtype876.a(queuebuf.o)
                0x0000000000024f41                queuebuf_init
                0x0000000000024f61                queuebuf_numfree
                0x0000000000024f75                queuebuf_new_from_packetbuf
                0x0000000000025005                queuebuf_update_attr_from_packetbuf
                0x0000000000025038                queuebuf_update_from_packetbuf
                0x0000000000025082                queuebuf_free
                0x00000000000250c9                queuebuf_to_packetbuf
                0x000000000002512f                queuebuf_dataptr
                0x0000000000025166                queuebuf_datalen
                0x0000000000025189                queuebuf_addr
                0x00000000000251bb                queuebuf_attr
                0x00000000000251e6                queuebuf_debug_print
 .text          0x00000000000251eb       0x6e obj_cooja/mtype876.a(nullsec.o)
 .text          0x0000000000025259       0x19 obj_cooja/mtype876.a(watchdog.o)
                0x0000000000025259                watchdog_init
                0x000000000002525e                watchdog_start
                0x0000000000025263                watchdog_periodic
                0x0000000000025268                watchdog_stop
                0x000000000002526d                watchdog_reboot
 .text          0x0000000000025272        0x0 obj_cooja/mtype876.a(rimestats.o)
 .text          0x0000000000025272       0xa3 obj_cooja/mtype876.a(stimer.o)
                0x0000000000025272                stimer_set
                0x000000000002528d                stimer_reset
                0x00000000000252a4                stimer_restart
                0x00000000000252b6                stimer_expired
                0x00000000000252dd                stimer_remaining
                0x0000000000025301                stimer_elapsed
 .text          0x0000000000025315      0x1c1 obj_cooja/mtype876.a(memb.o)
                0x0000000000025315                memb_init
                0x0000000000025373                memb_alloc
                0x00000000000253d8                memb_free
                0x0000000000025453                memb_inmemb
                0x0000000000025492                memb_numfree
 .text          0x00000000000254d6      0x916 obj_cooja/mtype876.a(uip-ds6-route.o)
                0x000000000002554d                uip_ds6_notification_add
                0x000000000002557e                uip_ds6_notification_rm
                0x000000000002559a                uip_ds6_route_init
                0x0000000000025622                uip_ds6_route_nexthop
                0x000000000002564a                uip_ds6_route_head
                0x000000000002565f                uip_ds6_route_next
                0x0000000000025685                uip_ds6_route_is_nexthop
                0x00000000000256c4                uip_ds6_route_num_routes
                0x00000000000256ce                uip_ds6_route_lookup
                0x0000000000025790                uip_ds6_route_add
                0x00000000000259c4                uip_ds6_route_rm
                0x0000000000025b58                uip_ds6_route_rm_by_nexthop
                0x0000000000025b90                uip_ds6_defrt_add
                0x0000000000025c41                uip_ds6_defrt_rm
                0x0000000000025cc0                uip_ds6_defrt_lookup
                0x0000000000025d19                uip_ds6_defrt_choose
                0x0000000000025d84                uip_ds6_defrt_periodic
 .text          0x0000000000025dec      0xabf obj_cooja/mtype876.a(uip-icmp6.o)
                0x0000000000025e5a                uip_icmp6_input
                0x0000000000025eb0                uip_icmp6_register_input_handler
                0x0000000000026178                uip_icmp6_error_output
                0x00000000000264bd                uip_icmp6_send
                0x000000000002683e                uip_icmp6_echo_reply_callback_add
                0x000000000002686f                uip_icmp6_echo_reply_callback_rm
                0x000000000002688b                uip_icmp6_init
 .text          0x00000000000268ab      0x358 obj_cooja/mtype876.a(uip-nd6.o)
                0x00000000000268ff                uip_nd6_ns_output
                0x0000000000026bfe                uip_nd6_init
 .text          0x0000000000026c03      0x331 obj_cooja/mtype876.a(rpl-nbr-policy.)
                0x0000000000026ddb                find_removable_dis
                0x0000000000026dfe                find_removable_dio
                0x0000000000026e8d                find_removable_dao
                0x0000000000026edd                rpl_nbr_policy_find_removable
 .text          0x0000000000026f34      0x97c obj_cooja/mtype876.a(frame802154.o)
                0x0000000000026f65                frame802154_get_pan_id
                0x0000000000026f71                frame802154_set_pan_id
                0x0000000000026f8a                frame802154_has_panid
                0x0000000000027076                frame802154_check_dest_panid
                0x00000000000270de                frame802154_is_broadcast_addr
                0x000000000002712b                frame802154_extract_linkaddr
                0x000000000002736b                frame802154_hdrlen
                0x00000000000273bc                frame802154_create
                0x00000000000275a7                frame802154_parse
 .text          0x00000000000278b0        0x0 /usr/lib/gcc/i686-linux-gnu/4.8/crtendS.o
 .text          0x00000000000278b0        0x0 /usr/lib/gcc/i686-linux-gnu/4.8/../../../i386-linux-gnu/crtn.o
 *(.gnu.warning)

.fini           0x00000000000278b0       0x14
 *(SORT(.fini))
 .fini          0x00000000000278b0        0xf /usr/lib/gcc/i686-linux-gnu/4.8/../../../i386-linux-gnu/crti.o
                0x00000000000278b0                _fini
 .fini          0x00000000000278bf        0x5 /usr/lib/gcc/i686-linux-gnu/4.8/../../../i386-linux-gnu/crtn.o
                0x00000000000278c4                PROVIDE (__etext, .)
                0x00000000000278c4                PROVIDE (_etext, .)
                0x00000000000278c4                PROVIDE (etext, .)

.rodata         0x00000000000278e0     0x1200
 *(.rodata .rodata.* .gnu.linkonce.r.*)
 .rodata        0x00000000000278e0      0x148 udp-server.co
                0x00000000000278f4                autostart_processes
 .rodata        0x0000000000027a28      0x1e6 obj_cooja/mtype876.o
 *fill*         0x0000000000027c0e        0x2 
 .rodata        0x0000000000027c10        0x8 obj_cooja/mtype876.a(beep.o)
                0x0000000000027c10                beep_interface
 .rodata        0x0000000000027c18       0x20 obj_cooja/mtype876.a(button-sensor.o)
                0x0000000000027c18                button_interface
                0x0000000000027c28                button_sensor
 .rodata        0x0000000000027c38        0x8 obj_cooja/mtype876.a(leds-arch.o)
                0x0000000000027c38                leds_interface
 .rodata        0x0000000000027c40        0x8 obj_cooja/mtype876.a(moteid.o)
                0x0000000000027c40                moteid_interface
 .rodata        0x0000000000027c48       0x1c obj_cooja/mtype876.a(pir-sensor.o)
                0x0000000000027c48                pir_interface
                0x0000000000027c54                pir_sensor
 .rodata        0x0000000000027c64        0xe obj_cooja/mtype876.a(rs232.o)
                0x0000000000027c64                rs232_interface
 *fill*         0x0000000000027c72        0x2 
 .rodata        0x0000000000027c74       0x24 obj_cooja/mtype876.a(vib-sensor.o)
                0x0000000000027c74                vib_interface
                0x0000000000027c88                vib_sensor
 .rodata        0x0000000000027c98        0x8 obj_cooja/mtype876.a(clock.o)
                0x0000000000027c98                clock_interface
 .rodata        0x0000000000027ca0        0x8 obj_cooja/mtype876.a(log.o)
                0x0000000000027ca0                simlog_interface
 .rodata        0x0000000000027ca8       0x2f obj_cooja/mtype876.a(cfs-cooja.o)
                0x0000000000027ca8                cfs_interface
 *fill*         0x0000000000027cd7        0x9 
 .rodata        0x0000000000027ce0       0x60 obj_cooja/mtype876.a(cooja-radio.o)
                0x0000000000027d00                cooja_radio_driver
                0x0000000000027d38                radio_interface
 .rodata        0x0000000000027d40        0x8 obj_cooja/mtype876.a(eeprom.o)
                0x0000000000027d40                eeprom_interface
 .rodata        0x0000000000027d48        0x8 obj_cooja/mtype876.a(sensors.o)
 .rodata        0x0000000000027d50       0x33 obj_cooja/mtype876.a(dual_conf.o)
 .rodata        0x0000000000027d83        0xf obj_cooja/mtype876.a(ctimer.o)
 .rodata        0x0000000000027d92        0xc obj_cooja/mtype876.a(etimer.o)
 *fill*         0x0000000000027d9e        0x2 
 .rodata        0x0000000000027da0       0x73 obj_cooja/mtype876.a(log_message.o)
 *fill*         0x0000000000027e13        0x1 
 .rodata        0x0000000000027e14       0x20 obj_cooja/mtype876.a(residual.o)
 .rodata        0x0000000000027e34        0xe obj_cooja/mtype876.a(serial-line.o)
 *fill*         0x0000000000027e42        0x2 
 .rodata        0x0000000000027e44       0x2c obj_cooja/mtype876.a(sicslowpan.o)
                0x0000000000027e44                unc_llconf
                0x0000000000027e48                unc_ctxconf
                0x0000000000027e4c                unc_mxconf
                0x0000000000027e50                llprefix
                0x0000000000027e64                sicslowpan_driver
 .rodata        0x0000000000027e70      0x13c obj_cooja/mtype876.a(uip6.o)
 .rodata        0x0000000000027fac       0x49 obj_cooja/mtype876.a(tcpip.o)
 .rodata        0x0000000000027ff5       0x3e obj_cooja/mtype876.a(uip-debug.o)
 *fill*         0x0000000000028033        0x1 
 .rodata        0x0000000000028034        0x4 obj_cooja/mtype876.a(rpl-dag.o)
 .rodata        0x0000000000028038      0x4a0 obj_cooja/mtype876.a(rpl-ext-header.)
 .rodata        0x00000000000284d8       0x1c obj_cooja/mtype876.a(rpl-icmp6.o)
 .rodata        0x00000000000284f4      0x2c2 obj_cooja/mtype876.a(rpl-timers.o)
 *fill*         0x00000000000287b6        0x2 
 .rodata        0x00000000000287b8      0x288 obj_cooja/mtype876.a(csma.o)
                0x0000000000028a24                csma_driver
 .rodata        0x0000000000028a40        0xc obj_cooja/mtype876.a(framer-802154.o)
                0x0000000000028a40                framer_802154
 *fill*         0x0000000000028a4c       0x14 
 .rodata        0x0000000000028a60       0x60 obj_cooja/mtype876.a(cxmac.o)
                0x0000000000028aa0                cxmac_driver
 .rodata        0x0000000000028ac0        0x8 obj_cooja/mtype876.a(linkaddr.o)
                0x0000000000028ac0                linkaddr_null
 .rodata        0x0000000000028ac8       0x18 obj_cooja/mtype876.a(nullsec.o)
                0x0000000000028ad0                nullsec_driver

.rodata1
 *(.rodata1)

.eh_frame_hdr   0x0000000000028ae0     0x1434
 *(.eh_frame_hdr)
 .eh_frame_hdr  0x0000000000028ae0     0x1434 udp-server.co

.eh_frame       0x0000000000029f14     0x5234
 *(.eh_frame)
 .eh_frame      0x0000000000029f14       0x3c /usr/lib/gcc/i686-linux-gnu/4.8/../../../i386-linux-gnu/crti.o
                                         0x40 (size before relaxing)
 .eh_frame      0x0000000000029f50       0x68 udp-server.co
                                         0x80 (size before relaxing)
 .eh_frame      0x0000000000029fb8      0x148 obj_cooja/mtype876.o
                                        0x160 (size before relaxing)
 .eh_frame      0x000000000002a100       0x40 obj_cooja/mtype876.a(simEnvChange.o)
                                         0x58 (size before relaxing)
 .eh_frame      0x000000000002a140       0xc0 obj_cooja/mtype876.a(cooja_mt.o)
                                         0xd8 (size before relaxing)
 .eh_frame      0x000000000002a200      0x120 obj_cooja/mtype876.a(cooja_mtarch.o)
                                        0x138 (size before relaxing)
 .eh_frame      0x000000000002a320       0xc0 obj_cooja/mtype876.a(rtimer-arch.o)
                                         0xd8 (size before relaxing)
 .eh_frame      0x000000000002a3e0      0x160 obj_cooja/mtype876.a(beep.o)
                                        0x178 (size before relaxing)
 .eh_frame      0x000000000002a540       0xa0 obj_cooja/mtype876.a(button-sensor.o)
                                         0xb8 (size before relaxing)
 .eh_frame      0x000000000002a5e0       0xa0 obj_cooja/mtype876.a(leds-arch.o)
                                         0xb8 (size before relaxing)
 .eh_frame      0x000000000002a680       0x40 obj_cooja/mtype876.a(moteid.o)
                                         0x58 (size before relaxing)
 .eh_frame      0x000000000002a6c0       0xa0 obj_cooja/mtype876.a(pir-sensor.o)
                                         0xb8 (size before relaxing)
 .eh_frame      0x000000000002a760      0x100 obj_cooja/mtype876.a(rs232.o)
                                        0x118 (size before relaxing)
 .eh_frame      0x000000000002a860       0xa0 obj_cooja/mtype876.a(vib-sensor.o)
                                         0xb8 (size before relaxing)
 .eh_frame      0x000000000002a900       0xc0 obj_cooja/mtype876.a(clock.o)
                                         0xd8 (size before relaxing)
 .eh_frame      0x000000000002a9c0      0x120 obj_cooja/mtype876.a(log.o)
                                        0x138 (size before relaxing)
 .eh_frame      0x000000000002aae0      0x160 obj_cooja/mtype876.a(cfs-cooja.o)
                                        0x178 (size before relaxing)
 .eh_frame      0x000000000002ac40      0x2e0 obj_cooja/mtype876.a(cooja-radio.o)
                                        0x2f8 (size before relaxing)
 .eh_frame      0x000000000002af20       0xa0 obj_cooja/mtype876.a(eeprom.o)
                                         0xb8 (size before relaxing)
 .eh_frame      0x000000000002afc0       0x40 obj_cooja/mtype876.a(random.o)
                                         0x58 (size before relaxing)
 .eh_frame      0x000000000002b000       0xc0 obj_cooja/mtype876.a(sensors.o)
                                         0xd8 (size before relaxing)
 .eh_frame      0x000000000002b0c0      0x100 obj_cooja/mtype876.a(leds.o)
                                        0x118 (size before relaxing)
 .eh_frame      0x000000000002b1c0      0x1a0 obj_cooja/mtype876.a(dual_conf.o)
                                        0x1b8 (size before relaxing)
 .eh_frame      0x000000000002b360       0x40 obj_cooja/mtype876.a(autostart.o)
                                         0x58 (size before relaxing)
 .eh_frame      0x000000000002b3a0      0x100 obj_cooja/mtype876.a(ctimer.o)
                                        0x118 (size before relaxing)
 .eh_frame      0x000000000002b4a0      0x1e0 obj_cooja/mtype876.a(etimer.o)
                                        0x1f8 (size before relaxing)
 .eh_frame      0x000000000002b680       0x40 obj_cooja/mtype876.a(log_message.o)
                                         0x58 (size before relaxing)
 .eh_frame      0x000000000002b6c0      0x1c8 obj_cooja/mtype876.a(process.o)
                                        0x1e0 (size before relaxing)
 .eh_frame      0x000000000002b888       0x2c obj_cooja/mtype876.a(residual.o)
                                         0x44 (size before relaxing)
 .eh_frame      0x000000000002b8b4       0x60 obj_cooja/mtype876.a(rtimer.o)
                                         0x78 (size before relaxing)
 .eh_frame      0x000000000002b914       0xa4 obj_cooja/mtype876.a(timer.o)
                                         0xbc (size before relaxing)
 .eh_frame      0x000000000002b9b8       0x60 obj_cooja/mtype876.a(serial-line.o)
                                         0x78 (size before relaxing)
 .eh_frame      0x000000000002ba18      0x180 obj_cooja/mtype876.a(list.o)
                                        0x198 (size before relaxing)
 .eh_frame      0x000000000002bb98       0xa0 obj_cooja/mtype876.a(ringbuf.o)
                                         0xb8 (size before relaxing)
 .eh_frame      0x000000000002bc38      0x350 obj_cooja/mtype876.a(sicslowpan.o)
                                        0x368 (size before relaxing)
 .eh_frame      0x000000000002bf88      0x180 obj_cooja/mtype876.a(uip-ds6-nbr.o)
                                        0x198 (size before relaxing)
 .eh_frame      0x000000000002c108      0x3c8 obj_cooja/mtype876.a(uip-ds6.o)
                                        0x3e0 (size before relaxing)
 .eh_frame      0x000000000002c4d0      0x27c obj_cooja/mtype876.a(uip6.o)
                                        0x294 (size before relaxing)
 .eh_frame      0x000000000002c74c      0x270 obj_cooja/mtype876.a(tcpip.o)
                                        0x288 (size before relaxing)
 .eh_frame      0x000000000002c9bc       0x48 obj_cooja/mtype876.a(uip-debug.o)
                                         0x60 (size before relaxing)
 .eh_frame      0x000000000002ca04       0xe0 obj_cooja/mtype876.a(uip-packetqueue)
                                         0xf8 (size before relaxing)
 .eh_frame      0x000000000002cae4      0x76c obj_cooja/mtype876.a(rpl-dag.o)
                                        0x784 (size before relaxing)
 .eh_frame      0x000000000002d250      0x114 obj_cooja/mtype876.a(rpl-ext-header.)
                                        0x12c (size before relaxing)
 .eh_frame      0x000000000002d364      0x2f8 obj_cooja/mtype876.a(rpl-icmp6.o)
                                        0x310 (size before relaxing)
 .eh_frame      0x000000000002d65c       0xe0 obj_cooja/mtype876.a(rpl-ltmax.o)
                                         0xf8 (size before relaxing)
 .eh_frame      0x000000000002d73c      0x20c obj_cooja/mtype876.a(rpl-timers.o)
                                        0x224 (size before relaxing)
 .eh_frame      0x000000000002d948      0x148 obj_cooja/mtype876.a(rpl.o)
                                        0x160 (size before relaxing)
 .eh_frame      0x000000000002da90      0x298 obj_cooja/mtype876.a(csma.o)
                                        0x2b0 (size before relaxing)
 .eh_frame      0x000000000002dd28      0x108 obj_cooja/mtype876.a(framer-802154.o)
                                        0x120 (size before relaxing)
 .eh_frame      0x000000000002de30       0x20 obj_cooja/mtype876.a(mac.o)
                                         0x38 (size before relaxing)
 .eh_frame      0x000000000002de50      0x2bc obj_cooja/mtype876.a(cxmac.o)
                                        0x2d4 (size before relaxing)
 .eh_frame      0x000000000002e10c       0x80 obj_cooja/mtype876.a(linkaddr.o)
                                         0x98 (size before relaxing)
 .eh_frame      0x000000000002e18c      0x2cc obj_cooja/mtype876.a(nbr-table.o)
                                        0x2e4 (size before relaxing)
 .eh_frame      0x000000000002e458       0x20 obj_cooja/mtype876.a(netstack.o)
                                         0x38 (size before relaxing)
 .eh_frame      0x000000000002e478      0x214 obj_cooja/mtype876.a(packetbuf.o)
                                        0x22c (size before relaxing)
 .eh_frame      0x000000000002e68c      0x1a0 obj_cooja/mtype876.a(queuebuf.o)
                                        0x1b8 (size before relaxing)
 .eh_frame      0x000000000002e82c       0x80 obj_cooja/mtype876.a(nullsec.o)
                                         0x98 (size before relaxing)
 .eh_frame      0x000000000002e8ac       0xa0 obj_cooja/mtype876.a(watchdog.o)
                                         0xb8 (size before relaxing)
 .eh_frame      0x000000000002e94c       0xc4 obj_cooja/mtype876.a(stimer.o)
                                         0xdc (size before relaxing)
 .eh_frame      0x000000000002ea10       0xa0 obj_cooja/mtype876.a(memb.o)
                                         0xb8 (size before relaxing)
 .eh_frame      0x000000000002eab0      0x2a0 obj_cooja/mtype876.a(uip-ds6-route.o)
                                        0x2b8 (size before relaxing)
 .eh_frame      0x000000000002ed50      0x168 obj_cooja/mtype876.a(uip-icmp6.o)
                                        0x180 (size before relaxing)
 .eh_frame      0x000000000002eeb8       0x68 obj_cooja/mtype876.a(uip-nd6.o)
                                         0x80 (size before relaxing)
 .eh_frame      0x000000000002ef20       0xc0 obj_cooja/mtype876.a(rpl-nbr-policy.)
                                         0xd8 (size before relaxing)
 .eh_frame      0x000000000002efe0      0x164 obj_cooja/mtype876.a(frame802154.o)
                                        0x17c (size before relaxing)
 .eh_frame      0x000000000002f144        0x4 /usr/lib/gcc/i686-linux-gnu/4.8/crtendS.o

.gcc_except_table
 *(.gcc_except_table .gcc_except_table.*)

.exception_ranges
 *(.exception_ranges .exception_ranges*)
                0x000000000002f148                . = (ALIGN (0x1000) - ((0x1000 - .) & 0xfff))
                0x0000000000030ef8                . = DATA_SEGMENT_ALIGN (0x1000, 0x1000)

.eh_frame
 *(.eh_frame)

.gcc_except_table
 *(.gcc_except_table .gcc_except_table.*)

.exception_ranges
 *(.exception_ranges .exception_ranges*)

.tdata
 *(.tdata .tdata.* .gnu.linkonce.td.*)

.tbss
 *(.tbss .tbss.* .gnu.linkonce.tb.*)
 *(.tcommon)

.preinit_array
 *(.preinit_array)

.init_array     0x0000000000030ef8        0x4
 *(SORT(.init_array.*) SORT(.ctors.*))
 *(.init_array EXCLUDE_FILE(*crtend?.o *crtend.o *crtbegin?.o *crtbegin.o) .ctors)
 .init_array    0x0000000000030ef8        0x4 /usr/lib/gcc/i686-linux-gnu/4.8/crtbeginS.o

.fini_array     0x0000000000030efc        0x4
 *(SORT(.fini_array.*) SORT(.dtors.*))
 *(.fini_array EXCLUDE_FILE(*crtend?.o *crtend.o *crtbegin?.o *crtbegin.o) .dtors)
 .fini_array    0x0000000000030efc        0x4 /usr/lib/gcc/i686-linux-gnu/4.8/crtbeginS.o

.ctors
 *crtbegin.o(.ctors)
 *crtbegin?.o(.ctors)
 *(EXCLUDE_FILE(*crtend?.o *crtend.o) .ctors)
 *(SORT(.ctors.*))
 *(.ctors)

.dtors
 *crtbegin.o(.dtors)
 *crtbegin?.o(.dtors)
 *(EXCLUDE_FILE(*crtend?.o *crtend.o) .dtors)
 *(SORT(.dtors.*))
 *(.dtors)

.jcr            0x0000000000030f00        0x4
 *(.jcr)
 .jcr           0x0000000000030f00        0x0 /usr/lib/gcc/i686-linux-gnu/4.8/crtbeginS.o
 .jcr           0x0000000000030f00        0x4 /usr/lib/gcc/i686-linux-gnu/4.8/crtendS.o

.data.rel.ro
 *(.data.rel.ro.local* .gnu.linkonce.d.rel.ro.local.*)
 *(.data.rel.ro .data.rel.ro.* .gnu.linkonce.d.rel.ro.*)

.dynamic        0x0000000000030f04       0xe8
 *(.dynamic)
 .dynamic       0x0000000000030f04       0xe8 /usr/lib/gcc/i686-linux-gnu/4.8/../../../i386-linux-gnu/crti.o
                0x0000000000030f04                _DYNAMIC

.got            0x0000000000030fec       0x14
 *(.got)
 .got           0x0000000000030fec       0x14 /usr/lib/gcc/i686-linux-gnu/4.8/../../../i386-linux-gnu/crti.o
 *(.igot)
                0x0000000000031ff4                . = DATA_SEGMENT_RELRO_END (., (SIZEOF (.got.plt) >= 0xc)?0xc:0x0)

.got.plt        0x0000000000031000       0x14
 *(.got.plt)
 .got.plt       0x0000000000031000       0x14 /usr/lib/gcc/i686-linux-gnu/4.8/../../../i386-linux-gnu/crti.o
                0x0000000000031000                _GLOBAL_OFFSET_TABLE_
 *(.igot.plt)

.data           0x0000000000031020      0x2c2
 *(.data .data.* .gnu.linkonce.d.*)
 .data          0x0000000000031020        0x0 /usr/lib/gcc/i686-linux-gnu/4.8/../../../i386-linux-gnu/crti.o
 .data          0x0000000000031020        0x0 /usr/lib/gcc/i686-linux-gnu/4.8/crtbeginS.o
 .data.rel      0x0000000000031020        0x4 /usr/lib/gcc/i686-linux-gnu/4.8/crtbeginS.o
                0x0000000000031020                __dso_handle
 .data          0x0000000000031024       0x10 udp-server.co
                0x0000000000031024                udp_server_process
 *fill*         0x0000000000031034        0xc 
 .data          0x0000000000031040       0x44 obj_cooja/mtype876.o
                0x0000000000031040                simInterfaces
                0x0000000000031074                sensors
 .data          0x0000000000031084        0x0 obj_cooja/mtype876.a(simEnvChange.o)
 .data          0x0000000000031084        0x0 obj_cooja/mtype876.a(cooja_mt.o)
 .data          0x0000000000031084        0x0 obj_cooja/mtype876.a(cooja_mtarch.o)
 .data          0x0000000000031084        0x0 obj_cooja/mtype876.a(rtimer-arch.o)
 .data          0x0000000000031084        0x0 obj_cooja/mtype876.a(beep.o)
 .data          0x0000000000031084        0x0 obj_cooja/mtype876.a(button-sensor.o)
 .data          0x0000000000031084        0x0 obj_cooja/mtype876.a(leds-arch.o)
 .data          0x0000000000031084        0x0 obj_cooja/mtype876.a(moteid.o)
 .data          0x0000000000031084        0x0 obj_cooja/mtype876.a(pir-sensor.o)
 .data          0x0000000000031084        0x0 obj_cooja/mtype876.a(rs232.o)
 .data          0x0000000000031084        0x0 obj_cooja/mtype876.a(vib-sensor.o)
 .data          0x0000000000031084        0x0 obj_cooja/mtype876.a(clock.o)
 .data          0x0000000000031084        0x0 obj_cooja/mtype876.a(log.o)
 .data          0x0000000000031084        0x0 obj_cooja/mtype876.a(cfs-cooja.o)
 .data          0x0000000000031084       0x40 obj_cooja/mtype876.a(cooja-radio.o)
                0x0000000000031084                simRadioChannelLR
                0x0000000000031088                simRadioHWOnLR
                0x000000000003108c                simSignalStrengthLR
                0x0000000000031090                simLastSignalStrengthLR
                0x0000000000031094                simPowerLR
                0x0000000000031098                simLQILR
                0x000000000003109c                simRadioChannel
                0x00000000000310a0                simRadioHWOn
                0x00000000000310a4                simSignalStrength
                0x00000000000310a8                simLastSignalStrength
                0x00000000000310ac                simPower
                0x00000000000310b0                simLQI
                0x00000000000310b4                cooja_radio_process
 .data          0x00000000000310c4        0x0 obj_cooja/mtype876.a(eeprom.o)
 .data          0x00000000000310c4        0x0 obj_cooja/mtype876.a(random.o)
 .data          0x00000000000310c4       0x10 obj_cooja/mtype876.a(sensors.o)
                0x00000000000310c4                sensors_process
 .data          0x00000000000310d4        0x0 obj_cooja/mtype876.a(leds.o)
 .data          0x00000000000310d4       0x3a obj_cooja/mtype876.a(dual_conf.o)
                0x00000000000310d4                radio_received
                0x00000000000310d8                dual_dio_broadcast
                0x00000000000310e8                dual_dis_broadcast
                0x00000000000310f8                dual_LSA_converge_broadcast
 .data          0x000000000003110e        0x0 obj_cooja/mtype876.a(autostart.o)
 *fill*         0x000000000003110e        0x2 
 .data          0x0000000000031110       0x14 obj_cooja/mtype876.a(ctimer.o)
                0x0000000000031114                ctimer_process
 .data          0x0000000000031124       0x10 obj_cooja/mtype876.a(etimer.o)
                0x0000000000031124                etimer_process
 .data          0x0000000000031134        0x0 obj_cooja/mtype876.a(log_message.o)
 .data          0x0000000000031134        0x0 obj_cooja/mtype876.a(process.o)
 .data          0x0000000000031134        0x0 obj_cooja/mtype876.a(residual.o)
 .data          0x0000000000031134        0x0 obj_cooja/mtype876.a(rtimer.o)
 .data          0x0000000000031134        0x0 obj_cooja/mtype876.a(timer.o)
 .data          0x0000000000031134       0x10 obj_cooja/mtype876.a(serial-line.o)
                0x0000000000031134                serial_line_process
 .data          0x0000000000031144        0x0 obj_cooja/mtype876.a(list.o)
 .data          0x0000000000031144        0x0 obj_cooja/mtype876.a(ringbuf.o)
 .data          0x0000000000031144        0x0 obj_cooja/mtype876.a(sicslowpan.o)
 .data          0x0000000000031144       0x14 obj_cooja/mtype876.a(uip-ds6-nbr.o)
                0x0000000000031154                ds6_neighbors
 .data          0x0000000000031158        0x0 obj_cooja/mtype876.a(uip-ds6.o)
 .data          0x0000000000031158        0x0 obj_cooja/mtype876.a(uip6.o)
 .data          0x0000000000031158       0x10 obj_cooja/mtype876.a(tcpip.o)
                0x0000000000031158                tcpip_process
 .data          0x0000000000031168        0x0 obj_cooja/mtype876.a(uip-debug.o)
 .data          0x0000000000031168        0xc obj_cooja/mtype876.a(uip-packetqueue)
 .data          0x0000000000031174       0x28 obj_cooja/mtype876.a(rpl-dag.o)
                0x0000000000031184                rpl_parents
                0x0000000000031198                rpl_children
 .data          0x000000000003119c        0x0 obj_cooja/mtype876.a(rpl-ext-header.)
 .data          0x000000000003119c       0x40 obj_cooja/mtype876.a(rpl-icmp6.o)
 .data          0x00000000000311dc       0x1c obj_cooja/mtype876.a(rpl-ltmax.o)
                0x00000000000311dc                rpl_ltmax_of
 .data          0x00000000000311f8        0x0 obj_cooja/mtype876.a(rpl-timers.o)
 .data          0x00000000000311f8        0x0 obj_cooja/mtype876.a(rpl.o)
 .data          0x00000000000311f8       0x28 obj_cooja/mtype876.a(csma.o)
 .data          0x0000000000031220        0x0 obj_cooja/mtype876.a(framer-802154.o)
 .data          0x0000000000031220        0x0 obj_cooja/mtype876.a(mac.o)
 .data          0x0000000000031220       0x30 obj_cooja/mtype876.a(cxmac.o)
                0x0000000000031220                cxmac_config
                0x0000000000031230                strobe_wait
 .data          0x0000000000031250        0x0 obj_cooja/mtype876.a(linkaddr.o)
 .data          0x0000000000031250       0x10 obj_cooja/mtype876.a(nbr-table.o)
 .data          0x0000000000031260        0x0 obj_cooja/mtype876.a(netstack.o)
 .data          0x0000000000031260        0x4 obj_cooja/mtype876.a(packetbuf.o)
 .data          0x0000000000031264       0x18 obj_cooja/mtype876.a(queuebuf.o)
 .data          0x000000000003127c        0x0 obj_cooja/mtype876.a(nullsec.o)
 .data          0x000000000003127c        0x0 obj_cooja/mtype876.a(watchdog.o)
 .data          0x000000000003127c        0x0 obj_cooja/mtype876.a(rimestats.o)
 .data          0x000000000003127c        0x0 obj_cooja/mtype876.a(stimer.o)
 .data          0x000000000003127c        0x0 obj_cooja/mtype876.a(memb.o)
 .data          0x000000000003127c       0x44 obj_cooja/mtype876.a(uip-ds6-route.o)
                0x000000000003128c                nbr_routes
 .data          0x00000000000312c0       0x20 obj_cooja/mtype876.a(uip-icmp6.o)
 .data          0x00000000000312e0        0x0 obj_cooja/mtype876.a(uip-nd6.o)
 .data          0x00000000000312e0        0x0 obj_cooja/mtype876.a(rpl-nbr-policy.)
 .data          0x00000000000312e0        0x2 obj_cooja/mtype876.a(frame802154.o)
 .data          0x00000000000312e2        0x0 /usr/lib/gcc/i686-linux-gnu/4.8/crtendS.o
 .data          0x00000000000312e2        0x0 /usr/lib/gcc/i686-linux-gnu/4.8/../../../i386-linux-gnu/crtn.o

.tm_clone_table
                0x00000000000312e4        0x0
 .tm_clone_table
                0x00000000000312e4        0x0 /usr/lib/gcc/i686-linux-gnu/4.8/crtbeginS.o
 .tm_clone_table
                0x00000000000312e4        0x0 /usr/lib/gcc/i686-linux-gnu/4.8/crtendS.o

.data1
 *(.data1)
                0x00000000000312e4                _edata = .
                0x00000000000312e4                PROVIDE (edata, .)
                0x00000000000312e4                . = .
                0x00000000000312e4                __bss_start = .

.bss            0x0000000000031300     0x8588
 *(.dynbss)
 .dynbss        0x0000000000000000        0x0 /usr/lib/gcc/i686-linux-gnu/4.8/../../../i386-linux-gnu/crti.o
 *(.bss .bss.* .gnu.linkonce.b.*)
 .bss           0x0000000000031300        0x0 /usr/lib/gcc/i686-linux-gnu/4.8/../../../i386-linux-gnu/crti.o
 .bss           0x0000000000031300        0x1 /usr/lib/gcc/i686-linux-gnu/4.8/crtbeginS.o
 *fill*         0x0000000000031301        0x3 
 .bss           0x0000000000031304        0x8 udp-server.co
                0x0000000000031304                my_weight
 *fill*         0x000000000003130c       0x14 
 .bss           0x0000000000031320     0x2030 obj_cooja/mtype876.o
 .bss           0x0000000000033350        0x1 obj_cooja/mtype876.a(simEnvChange.o)
                0x0000000000033350                simDontFallAsleep
 *fill*         0x0000000000033351        0x3 
 .bss           0x0000000000033354        0x4 obj_cooja/mtype876.a(cooja_mt.o)
 .bss           0x0000000000033358        0x4 obj_cooja/mtype876.a(cooja_mtarch.o)
 .bss           0x000000000003335c        0xc obj_cooja/mtype876.a(rtimer-arch.o)
 .bss           0x0000000000033368        0x0 obj_cooja/mtype876.a(beep.o)
 .bss           0x0000000000033368        0x8 obj_cooja/mtype876.a(button-sensor.o)
 .bss           0x0000000000033370        0x0 obj_cooja/mtype876.a(leds-arch.o)
 .bss           0x0000000000033370        0x0 obj_cooja/mtype876.a(moteid.o)
 .bss           0x0000000000033370        0x1 obj_cooja/mtype876.a(pir-sensor.o)
                0x0000000000033370                simPirValue
 *fill*         0x0000000000033371        0x3 
 .bss           0x0000000000033374        0x4 obj_cooja/mtype876.a(rs232.o)
 .bss           0x0000000000033378        0x1 obj_cooja/mtype876.a(vib-sensor.o)
                0x0000000000033378                simVibValue
 .bss           0x0000000000033379        0x0 obj_cooja/mtype876.a(clock.o)
 *fill*         0x0000000000033379        0x7 
 .bss           0x0000000000033380      0x420 obj_cooja/mtype876.a(log.o)
 .bss           0x00000000000337a0      0xfc0 obj_cooja/mtype876.a(cfs-cooja.o)
                0x00000000000337a0                simCFSData
                0x0000000000034740                simCFSSize
                0x0000000000034744                simCFSChanged
                0x0000000000034748                simCFSRead
                0x000000000003474c                simCFSWritten
 .bss           0x0000000000034760       0x24 obj_cooja/mtype876.a(cooja-radio.o)
                0x0000000000034760                simReceivingLR
                0x0000000000034764                simInSizeLR
                0x0000000000034768                simOutSizeLR
                0x000000000003476c                simReceiving
                0x0000000000034770                simInSize
                0x0000000000034774                simOutSize
                0x0000000000034778                LongRangeTransmit
                0x000000000003477c                LongRangeReceiving
 .bss           0x0000000000034784        0xc obj_cooja/mtype876.a(eeprom.o)
                0x0000000000034784                simEEPROMChanged
                0x0000000000034788                simEEPROMRead
                0x000000000003478c                simEEPROMWritten
 .bss           0x0000000000034790        0x0 obj_cooja/mtype876.a(random.o)
 .bss           0x0000000000034790        0xc obj_cooja/mtype876.a(sensors.o)
 .bss           0x000000000003479c        0x1 obj_cooja/mtype876.a(leds.o)
 *fill*         0x000000000003479d        0x3 
 .bss           0x00000000000347a0       0x40 obj_cooja/mtype876.a(dual_conf.o)
                0x00000000000347a0                long_range_radio
 .bss           0x00000000000347e0        0x0 obj_cooja/mtype876.a(autostart.o)
 .bss           0x00000000000347e0        0x5 obj_cooja/mtype876.a(ctimer.o)
 *fill*         0x00000000000347e5        0x3 
 .bss           0x00000000000347e8        0x8 obj_cooja/mtype876.a(etimer.o)
 .bss           0x00000000000347f0        0x0 obj_cooja/mtype876.a(log_message.o)
 *fill*         0x00000000000347f0       0x10 
 .bss           0x0000000000034800      0x1b1 obj_cooja/mtype876.a(process.o)
                0x0000000000034800                process_list
                0x0000000000034804                process_current
 .bss           0x00000000000349b1        0x0 obj_cooja/mtype876.a(residual.o)
 *fill*         0x00000000000349b1        0x3 
 .bss           0x00000000000349b4        0x4 obj_cooja/mtype876.a(rtimer.o)
 .bss           0x00000000000349b8        0x0 obj_cooja/mtype876.a(timer.o)
 *fill*         0x00000000000349b8        0x8 
 .bss           0x00000000000349c0      0x140 obj_cooja/mtype876.a(serial-line.o)
 .bss           0x0000000000034b00        0x0 obj_cooja/mtype876.a(list.o)
 .bss           0x0000000000034b00        0x0 obj_cooja/mtype876.a(ringbuf.o)
 .bss           0x0000000000034b00      0x70c obj_cooja/mtype876.a(sicslowpan.o)
 *fill*         0x000000000003520c       0x14 
 .bss           0x0000000000035220       0xc0 obj_cooja/mtype876.a(uip-ds6-nbr.o)
 .bss           0x00000000000352e0       0x30 obj_cooja/mtype876.a(uip-ds6.o)
 .bss           0x0000000000035310        0xe obj_cooja/mtype876.a(uip6.o)
                0x0000000000035310                uip_ext_bitmap
                0x0000000000035311                uip_ext_len
                0x0000000000035312                uip_ext_opt_offset
 *fill*         0x000000000003531e        0x2 
 .bss           0x0000000000035320       0x6b obj_cooja/mtype876.a(tcpip.o)
 .bss           0x000000000003538b        0x0 obj_cooja/mtype876.a(uip-debug.o)
 *fill*         0x000000000003538b       0x15 
 .bss           0x00000000000353a0      0xcf8 obj_cooja/mtype876.a(uip-packetqueue)
 *fill*         0x0000000000036098        0x8 
 .bss           0x00000000000360a0       0x88 obj_cooja/mtype876.a(rpl-dag.o)
 .bss           0x0000000000036128        0x0 obj_cooja/mtype876.a(rpl-ext-header.)
 .bss           0x0000000000036128        0x0 obj_cooja/mtype876.a(rpl-icmp6.o)
 .bss           0x0000000000036128        0x0 obj_cooja/mtype876.a(rpl-ltmax.o)
 *fill*         0x0000000000036128       0x18 
 .bss           0x0000000000036140       0x60 obj_cooja/mtype876.a(rpl-timers.o)
 .bss           0x00000000000361a0        0x4 obj_cooja/mtype876.a(rpl.o)
 *fill*         0x00000000000361a4       0x1c 
 .bss           0x00000000000361c0      0x288 obj_cooja/mtype876.a(csma.o)
 .bss           0x0000000000036448        0x2 obj_cooja/mtype876.a(framer-802154.o)
 .bss           0x000000000003644a        0x0 obj_cooja/mtype876.a(mac.o)
 *fill*         0x000000000003644a       0x16 
 .bss           0x0000000000036460       0xb1 obj_cooja/mtype876.a(cxmac.o)
 .bss           0x0000000000036511        0x0 obj_cooja/mtype876.a(linkaddr.o)
 *fill*         0x0000000000036511        0xf 
 .bss           0x0000000000036520       0xc4 obj_cooja/mtype876.a(nbr-table.o)
 .bss           0x00000000000365e4        0x0 obj_cooja/mtype876.a(netstack.o)
 *fill*         0x00000000000365e4       0x1c 
 .bss           0x0000000000036600       0xa0 obj_cooja/mtype876.a(packetbuf.o)
 .bss           0x00000000000366a0      0xb80 obj_cooja/mtype876.a(queuebuf.o)
 .bss           0x0000000000037220        0x0 obj_cooja/mtype876.a(nullsec.o)
 .bss           0x0000000000037220        0x0 obj_cooja/mtype876.a(watchdog.o)
 .bss           0x0000000000037220        0x0 obj_cooja/mtype876.a(rimestats.o)
 .bss           0x0000000000037220        0x0 obj_cooja/mtype876.a(stimer.o)
 .bss           0x0000000000037220        0x0 obj_cooja/mtype876.a(memb.o)
 .bss           0x0000000000037220      0x4a8 obj_cooja/mtype876.a(uip-ds6-route.o)
 .bss           0x00000000000376c8       0x18 obj_cooja/mtype876.a(uip-icmp6.o)
 .bss           0x00000000000376e0        0x0 obj_cooja/mtype876.a(uip-nd6.o)
 .bss           0x00000000000376e0       0x44 obj_cooja/mtype876.a(rpl-nbr-policy.)
 .bss           0x0000000000037724        0x0 obj_cooja/mtype876.a(frame802154.o)
 .bss           0x0000000000037724        0x0 /usr/lib/gcc/i686-linux-gnu/4.8/crtendS.o
 .bss           0x0000000000037724        0x0 /usr/lib/gcc/i686-linux-gnu/4.8/../../../i386-linux-gnu/crtn.o
 *(COMMON)
 COMMON         0x0000000000037724        0x8 udp-server.co
                0x0000000000037724                LSA_message_input
                0x0000000000037725                LSA_SR_preamble
                0x0000000000037726                LSA_lr_child
                0x0000000000037727                LSA_converge
                0x0000000000037728                my_sink_reachability
                0x0000000000037729                my_parent_number
                0x000000000003772a                LSA_broadcast_count
                0x000000000003772b                LSA_message_flag
 COMMON         0x000000000003772c       0x5c obj_cooja/mtype876.o
                0x000000000003772c                dio_count
                0x0000000000037730                dis_count
                0x0000000000037734                collision_count
                0x0000000000037738                transmission_count
                0x000000000003773c                dao_ack_fwd_count
                0x0000000000037740                COOJA_radioRxLong
                0x0000000000037744                control_message_count
                0x0000000000037748                dao_count
                0x000000000003774c                COOJA_radioTx
                0x0000000000037750                referenceVar
                0x0000000000037754                dao_ack_count
                0x0000000000037758                data_message_count
                0x000000000003775c                COOJA_radioTxLong
                0x0000000000037760                COOJA_radioRx
                0x0000000000037764                debugfp
                0x0000000000037768                COOJA_radioOn
                0x000000000003776c                LSA_count
                0x0000000000037770                dao_fwd_count
                0x0000000000037774                COOJA_duration
                0x0000000000037778                dio_ack_count
                0x000000000003777c                COOJA_radioOnLong
                0x0000000000037780                sensors_flags
                0x0000000000037784                data_fwd_count
 COMMON         0x0000000000037788        0xc obj_cooja/mtype876.a(simEnvChange.o)
                0x0000000000037788                simEtimerPending
                0x000000000003778c                simProcessRunValue
                0x0000000000037790                simNextExpirationTime
 COMMON         0x0000000000037794        0x1 obj_cooja/mtype876.a(beep.o)
                0x0000000000037794                simBeeped
 COMMON         0x0000000000037795        0x3 obj_cooja/mtype876.a(button-sensor.o)
                0x0000000000037795                simButtonIsActive
                0x0000000000037796                simButtonIsDown
                0x0000000000037797                simButtonChanged
 COMMON         0x0000000000037798        0x1 obj_cooja/mtype876.a(leds-arch.o)
                0x0000000000037798                simLedsValue
 *fill*         0x0000000000037799        0x3 
 COMMON         0x000000000003779c        0xc obj_cooja/mtype876.a(moteid.o)
                0x000000000003779c                simRandomSeed
                0x00000000000377a0                simMoteIDChanged
                0x00000000000377a4                simMoteID
 COMMON         0x00000000000377a8        0x2 obj_cooja/mtype876.a(pir-sensor.o)
                0x00000000000377a8                simPirIsActive
                0x00000000000377a9                simPirChanged
 *fill*         0x00000000000377aa       0x16 
 COMMON         0x00000000000377c0      0x820 obj_cooja/mtype876.a(rs232.o)
                0x00000000000377c0                simSerialReceivingFlag
                0x00000000000377c4                simSerialReceivingLength
                0x00000000000377e0                simSerialReceivingData
 COMMON         0x0000000000037fe0        0x2 obj_cooja/mtype876.a(vib-sensor.o)
                0x0000000000037fe0                simVibChanged
                0x0000000000037fe1                simVibIsActive
 *fill*         0x0000000000037fe2        0x2 
 COMMON         0x0000000000037fe4        0x4 obj_cooja/mtype876.a(clock.o)
                0x0000000000037fe4                simCurrentTime
 *fill*         0x0000000000037fe8       0x18 
 COMMON         0x0000000000038000      0x420 obj_cooja/mtype876.a(log.o)
                0x0000000000038000                simLoggedLength
                0x0000000000038004                simLoggedFlag
                0x0000000000038020                simLoggedData
 COMMON         0x0000000000038420      0x240 obj_cooja/mtype876.a(cooja-radio.o)
                0x0000000000038420                simOutDataBuffer
                0x00000000000384a0                simRadioTarget
                0x00000000000384c0                simInDataBufferLR
                0x0000000000038540                simOutDataBufferLR
                0x00000000000385c0                dual_duty_cycle_count
                0x00000000000385e0                simInDataBuffer
 COMMON         0x0000000000038660      0x400 obj_cooja/mtype876.a(eeprom.o)
                0x0000000000038660                simEEPROMData
 COMMON         0x0000000000038a60        0x1 obj_cooja/mtype876.a(sensors.o)
                0x0000000000038a60                sensors_event
 *fill*         0x0000000000038a61        0x3 
 COMMON         0x0000000000038a64        0xc obj_cooja/mtype876.a(log_message.o)
                0x0000000000038a64                tcp_output_count
                0x0000000000038a68                log_fp
                0x0000000000038a6c                icmp_count
 COMMON         0x0000000000038a70        0x1 obj_cooja/mtype876.a(serial-line.o)
                0x0000000000038a70                serial_line_event_message
 *fill*         0x0000000000038a71        0xf 
 COMMON         0x0000000000038a80       0x50 obj_cooja/mtype876.a(uip-ds6-nbr.o)
                0x0000000000038a80                ds6_lr_addrmap
 *fill*         0x0000000000038ad0       0x10 
 COMMON         0x0000000000038ae0      0x298 obj_cooja/mtype876.a(uip-ds6.o)
                0x0000000000038ae0                uip_ds6_prefix_list
                0x0000000000038b40                uip_ds6_timer_periodic
                0x0000000000038b50                uip_ds6_netif_addr_list_offset
                0x0000000000038b60                uip_ds6_if
                0x0000000000038c58                uip_ds6_timer_ra
                0x0000000000038c60                uip_ds6_addr_size
                0x0000000000038c80                long_uip_ds6_if
 *fill*         0x0000000000038d78        0x8 
 COMMON         0x0000000000038d80      0x8ec obj_cooja/mtype876.a(uip6.o)
                0x0000000000038d80                uip_slen
                0x0000000000038d82                uip_acc32
                0x0000000000038da0                uip_conns
                0x0000000000038e60                uip_lladdr
                0x0000000000038e68                uip_appdata
                0x0000000000038e6c                uip_flags
                0x0000000000038e80                uip_aligned_buf
                0x00000000000394c0                uip_listenports
                0x00000000000394d0                uip_len
                0x00000000000394d2                uip_long_lladdr
                0x00000000000394dc                uip_sappdata
                0x00000000000394e0                uip_udp_conns
                0x0000000000039660                uip_udp_conn
                0x0000000000039664                uip_next_hdr
                0x0000000000039668                uip_conn
 COMMON         0x000000000003966c        0x1 obj_cooja/mtype876.a(tcpip.o)
                0x000000000003966c                tcpip_event
 *fill*         0x000000000003966d       0x13 
 COMMON         0x0000000000039680      0x178 obj_cooja/mtype876.a(rpl-dag.o)
                0x0000000000039680                default_instance
                0x00000000000396a0                instance_table
 COMMON         0x00000000000397f8       0x10 obj_cooja/mtype876.a(linkaddr.o)
                0x00000000000397f8                linkaddr_node_addr
                0x0000000000039800                long_linkaddr_node_addr
 COMMON         0x0000000000039808       0x2e obj_cooja/mtype876.a(packetbuf.o)
                0x0000000000039808                packetbuf_attrs
                0x0000000000039826                packetbuf_addrs
 *fill*         0x0000000000039836        0xa 
 COMMON         0x0000000000039840       0x48 obj_cooja/mtype876.a(rimestats.o)
                0x0000000000039840                rimestats
                0x0000000000039888                . = ALIGN ((. != 0x0)?0x4:0x1)
                0x0000000000039888                . = ALIGN (0x4)
                0x0000000000039888                . = SEGMENT_START ("ldata-segment", .)
                0x0000000000039888                . = ALIGN (0x4)
                0x0000000000039888                _end = .
                0x0000000000039888                PROVIDE (end, .)
                0x0000000000039888                . = DATA_SEGMENT_END (.)

.stab
 *(.stab)

.stabstr
 *(.stabstr)

.stab.excl
 *(.stab.excl)

.stab.exclstr
 *(.stab.exclstr)

.stab.index
 *(.stab.index)

.stab.indexstr
 *(.stab.indexstr)

.comment        0x0000000000000000       0x29
 *(.comment)
 .comment       0x0000000000000000       0x29 /usr/lib/gcc/i686-linux-gnu/4.8/crtbeginS.o
                                         0x2a (size before relaxing)
 .comment       0x0000000000000000       0x2a udp-server.co
 .comment       0x0000000000000000       0x2a obj_cooja/mtype876.o
 .comment       0x0000000000000000       0x2a obj_cooja/mtype876.a(simEnvChange.o)
 .comment       0x0000000000000000       0x2a obj_cooja/mtype876.a(cooja_mt.o)
 .comment       0x0000000000000000       0x2a obj_cooja/mtype876.a(cooja_mtarch.o)
 .comment       0x0000000000000000       0x2a obj_cooja/mtype876.a(rtimer-arch.o)
 .comment       0x0000000000000000       0x2a obj_cooja/mtype876.a(beep.o)
 .comment       0x0000000000000000       0x2a obj_cooja/mtype876.a(button-sensor.o)
 .comment       0x0000000000000000       0x2a obj_cooja/mtype876.a(leds-arch.o)
 .comment       0x0000000000000000       0x2a obj_cooja/mtype876.a(moteid.o)
 .comment       0x0000000000000000       0x2a obj_cooja/mtype876.a(pir-sensor.o)
 .comment       0x0000000000000000       0x2a obj_cooja/mtype876.a(rs232.o)
 .comment       0x0000000000000000       0x2a obj_cooja/mtype876.a(vib-sensor.o)
 .comment       0x0000000000000000       0x2a obj_cooja/mtype876.a(clock.o)
 .comment       0x0000000000000000       0x2a obj_cooja/mtype876.a(log.o)
 .comment       0x0000000000000000       0x2a obj_cooja/mtype876.a(cfs-cooja.o)
 .comment       0x0000000000000000       0x2a obj_cooja/mtype876.a(cooja-radio.o)
 .comment       0x0000000000000000       0x2a obj_cooja/mtype876.a(eeprom.o)
 .comment       0x0000000000000000       0x2a obj_cooja/mtype876.a(random.o)
 .comment       0x0000000000000000       0x2a obj_cooja/mtype876.a(sensors.o)
 .comment       0x0000000000000000       0x2a obj_cooja/mtype876.a(leds.o)
 .comment       0x0000000000000000       0x2a obj_cooja/mtype876.a(dual_conf.o)
 .comment       0x0000000000000000       0x2a obj_cooja/mtype876.a(autostart.o)
 .comment       0x0000000000000000       0x2a obj_cooja/mtype876.a(ctimer.o)
 .comment       0x0000000000000000       0x2a obj_cooja/mtype876.a(etimer.o)
 .comment       0x0000000000000000       0x2a obj_cooja/mtype876.a(log_message.o)
 .comment       0x0000000000000000       0x2a obj_cooja/mtype876.a(process.o)
 .comment       0x0000000000000000       0x2a obj_cooja/mtype876.a(residual.o)
 .comment       0x0000000000000000       0x2a obj_cooja/mtype876.a(rtimer.o)
 .comment       0x0000000000000000       0x2a obj_cooja/mtype876.a(timer.o)
 .comment       0x0000000000000000       0x2a obj_cooja/mtype876.a(serial-line.o)
 .comment       0x0000000000000000       0x2a obj_cooja/mtype876.a(list.o)
 .comment       0x0000000000000000       0x2a obj_cooja/mtype876.a(ringbuf.o)
 .comment       0x0000000000000000       0x2a obj_cooja/mtype876.a(sicslowpan.o)
 .comment       0x0000000000000000       0x2a obj_cooja/mtype876.a(uip-ds6-nbr.o)
 .comment       0x0000000000000000       0x2a obj_cooja/mtype876.a(uip-ds6.o)
 .comment       0x0000000000000000       0x2a obj_cooja/mtype876.a(uip6.o)
 .comment       0x0000000000000000       0x2a obj_cooja/mtype876.a(tcpip.o)
 .comment       0x0000000000000000       0x2a obj_cooja/mtype876.a(uip-debug.o)
 .comment       0x0000000000000000       0x2a obj_cooja/mtype876.a(uip-packetqueue)
 .comment       0x0000000000000000       0x2a obj_cooja/mtype876.a(rpl-dag.o)
 .comment       0x0000000000000000       0x2a obj_cooja/mtype876.a(rpl-ext-header.)
 .comment       0x0000000000000000       0x2a obj_cooja/mtype876.a(rpl-icmp6.o)
 .comment       0x0000000000000000       0x2a obj_cooja/mtype876.a(rpl-ltmax.o)
 .comment       0x0000000000000000       0x2a obj_cooja/mtype876.a(rpl-timers.o)
 .comment       0x0000000000000000       0x2a obj_cooja/mtype876.a(rpl.o)
 .comment       0x0000000000000000       0x2a obj_cooja/mtype876.a(csma.o)
 .comment       0x0000000000000000       0x2a obj_cooja/mtype876.a(framer-802154.o)
 .comment       0x0000000000000000       0x2a obj_cooja/mtype876.a(mac.o)
 .comment       0x0000000000000000       0x2a obj_cooja/mtype876.a(cxmac.o)
 .comment       0x0000000000000000       0x2a obj_cooja/mtype876.a(linkaddr.o)
 .comment       0x0000000000000000       0x2a obj_cooja/mtype876.a(nbr-table.o)
 .comment       0x0000000000000000       0x2a obj_cooja/mtype876.a(netstack.o)
 .comment       0x0000000000000000       0x2a obj_cooja/mtype876.a(packetbuf.o)
 .comment       0x0000000000000000       0x2a obj_cooja/mtype876.a(queuebuf.o)
 .comment       0x0000000000000000       0x2a obj_cooja/mtype876.a(nullsec.o)
 .comment       0x0000000000000000       0x2a obj_cooja/mtype876.a(watchdog.o)
 .comment       0x0000000000000000       0x2a obj_cooja/mtype876.a(rimestats.o)
 .comment       0x0000000000000000       0x2a obj_cooja/mtype876.a(stimer.o)
 .comment       0x0000000000000000       0x2a obj_cooja/mtype876.a(memb.o)
 .comment       0x0000000000000000       0x2a obj_cooja/mtype876.a(uip-ds6-route.o)
 .comment       0x0000000000000000       0x2a obj_cooja/mtype876.a(uip-icmp6.o)
 .comment       0x0000000000000000       0x2a obj_cooja/mtype876.a(uip-nd6.o)
 .comment       0x0000000000000000       0x2a obj_cooja/mtype876.a(rpl-nbr-policy.)
 .comment       0x0000000000000000       0x2a obj_cooja/mtype876.a(frame802154.o)
 .comment       0x0000000000000000       0x2a /usr/lib/gcc/i686-linux-gnu/4.8/crtendS.o

.debug
 *(.debug)

.line
 *(.line)

.debug_srcinfo
 *(.debug_srcinfo)

.debug_sfnames
 *(.debug_sfnames)

.debug_aranges  0x0000000000000000      0x818
 *(.debug_aranges)
 .debug_aranges
                0x0000000000000000       0x20 udp-server.co
 .debug_aranges
                0x0000000000000020       0x20 obj_cooja/mtype876.o
 .debug_aranges
                0x0000000000000040       0x20 obj_cooja/mtype876.a(simEnvChange.o)
 .debug_aranges
                0x0000000000000060       0x20 obj_cooja/mtype876.a(cooja_mt.o)
 .debug_aranges
                0x0000000000000080       0x20 obj_cooja/mtype876.a(cooja_mtarch.o)
 .debug_aranges
                0x00000000000000a0       0x20 obj_cooja/mtype876.a(rtimer-arch.o)
 .debug_aranges
                0x00000000000000c0       0x20 obj_cooja/mtype876.a(beep.o)
 .debug_aranges
                0x00000000000000e0       0x20 obj_cooja/mtype876.a(button-sensor.o)
 .debug_aranges
                0x0000000000000100       0x20 obj_cooja/mtype876.a(leds-arch.o)
 .debug_aranges
                0x0000000000000120       0x20 obj_cooja/mtype876.a(moteid.o)
 .debug_aranges
                0x0000000000000140       0x20 obj_cooja/mtype876.a(pir-sensor.o)
 .debug_aranges
                0x0000000000000160       0x20 obj_cooja/mtype876.a(rs232.o)
 .debug_aranges
                0x0000000000000180       0x20 obj_cooja/mtype876.a(vib-sensor.o)
 .debug_aranges
                0x00000000000001a0       0x20 obj_cooja/mtype876.a(clock.o)
 .debug_aranges
                0x00000000000001c0       0x20 obj_cooja/mtype876.a(log.o)
 .debug_aranges
                0x00000000000001e0       0x20 obj_cooja/mtype876.a(cfs-cooja.o)
 .debug_aranges
                0x0000000000000200       0x20 obj_cooja/mtype876.a(cooja-radio.o)
 .debug_aranges
                0x0000000000000220       0x20 obj_cooja/mtype876.a(eeprom.o)
 .debug_aranges
                0x0000000000000240       0x20 obj_cooja/mtype876.a(random.o)
 .debug_aranges
                0x0000000000000260       0x20 obj_cooja/mtype876.a(sensors.o)
 .debug_aranges
                0x0000000000000280       0x20 obj_cooja/mtype876.a(leds.o)
 .debug_aranges
                0x00000000000002a0       0x20 obj_cooja/mtype876.a(dual_conf.o)
 .debug_aranges
                0x00000000000002c0       0x20 obj_cooja/mtype876.a(autostart.o)
 .debug_aranges
                0x00000000000002e0       0x20 obj_cooja/mtype876.a(ctimer.o)
 .debug_aranges
                0x0000000000000300       0x20 obj_cooja/mtype876.a(etimer.o)
 .debug_aranges
                0x0000000000000320       0x20 obj_cooja/mtype876.a(log_message.o)
 .debug_aranges
                0x0000000000000340       0x20 obj_cooja/mtype876.a(process.o)
 .debug_aranges
                0x0000000000000360       0x20 obj_cooja/mtype876.a(residual.o)
 .debug_aranges
                0x0000000000000380       0x20 obj_cooja/mtype876.a(rtimer.o)
 .debug_aranges
                0x00000000000003a0       0x20 obj_cooja/mtype876.a(timer.o)
 .debug_aranges
                0x00000000000003c0       0x20 obj_cooja/mtype876.a(serial-line.o)
 .debug_aranges
                0x00000000000003e0       0x20 obj_cooja/mtype876.a(list.o)
 .debug_aranges
                0x0000000000000400       0x20 obj_cooja/mtype876.a(ringbuf.o)
 .debug_aranges
                0x0000000000000420       0x20 obj_cooja/mtype876.a(sicslowpan.o)
 .debug_aranges
                0x0000000000000440       0x20 obj_cooja/mtype876.a(uip-ds6-nbr.o)
 .debug_aranges
                0x0000000000000460       0x20 obj_cooja/mtype876.a(uip-ds6.o)
 .debug_aranges
                0x0000000000000480       0x20 obj_cooja/mtype876.a(uip6.o)
 .debug_aranges
                0x00000000000004a0       0x20 obj_cooja/mtype876.a(tcpip.o)
 .debug_aranges
                0x00000000000004c0       0x20 obj_cooja/mtype876.a(uip-debug.o)
 .debug_aranges
                0x00000000000004e0       0x20 obj_cooja/mtype876.a(uip-packetqueue)
 .debug_aranges
                0x0000000000000500       0x20 obj_cooja/mtype876.a(rpl-dag.o)
 .debug_aranges
                0x0000000000000520       0x20 obj_cooja/mtype876.a(rpl-ext-header.)
 .debug_aranges
                0x0000000000000540       0x20 obj_cooja/mtype876.a(rpl-icmp6.o)
 .debug_aranges
                0x0000000000000560       0x20 obj_cooja/mtype876.a(rpl-ltmax.o)
 .debug_aranges
                0x0000000000000580       0x20 obj_cooja/mtype876.a(rpl-timers.o)
 .debug_aranges
                0x00000000000005a0       0x20 obj_cooja/mtype876.a(rpl.o)
 .debug_aranges
                0x00000000000005c0       0x20 obj_cooja/mtype876.a(csma.o)
 .debug_aranges
                0x00000000000005e0       0x20 obj_cooja/mtype876.a(framer-802154.o)
 .debug_aranges
                0x0000000000000600       0x20 obj_cooja/mtype876.a(mac.o)
 .debug_aranges
                0x0000000000000620       0x20 obj_cooja/mtype876.a(cxmac.o)
 .debug_aranges
                0x0000000000000640       0x20 obj_cooja/mtype876.a(linkaddr.o)
 .debug_aranges
                0x0000000000000660       0x20 obj_cooja/mtype876.a(nbr-table.o)
 .debug_aranges
                0x0000000000000680       0x20 obj_cooja/mtype876.a(netstack.o)
 .debug_aranges
                0x00000000000006a0       0x20 obj_cooja/mtype876.a(packetbuf.o)
 .debug_aranges
                0x00000000000006c0       0x20 obj_cooja/mtype876.a(queuebuf.o)
 .debug_aranges
                0x00000000000006e0       0x20 obj_cooja/mtype876.a(nullsec.o)
 .debug_aranges
                0x0000000000000700       0x20 obj_cooja/mtype876.a(watchdog.o)
 .debug_aranges
                0x0000000000000720       0x18 obj_cooja/mtype876.a(rimestats.o)
 .debug_aranges
                0x0000000000000738       0x20 obj_cooja/mtype876.a(stimer.o)
 .debug_aranges
                0x0000000000000758       0x20 obj_cooja/mtype876.a(memb.o)
 .debug_aranges
                0x0000000000000778       0x20 obj_cooja/mtype876.a(uip-ds6-route.o)
 .debug_aranges
                0x0000000000000798       0x20 obj_cooja/mtype876.a(uip-icmp6.o)
 .debug_aranges
                0x00000000000007b8       0x20 obj_cooja/mtype876.a(uip-nd6.o)
 .debug_aranges
                0x00000000000007d8       0x20 obj_cooja/mtype876.a(rpl-nbr-policy.)
 .debug_aranges
                0x00000000000007f8       0x20 obj_cooja/mtype876.a(frame802154.o)

.debug_pubnames
 *(.debug_pubnames)

.debug_info     0x0000000000000000    0x1e54c
 *(.debug_info .gnu.linkonce.wi.*)
 .debug_info    0x0000000000000000      0xea7 udp-server.co
 .debug_info    0x0000000000000ea7     0x3b08 obj_cooja/mtype876.o
 .debug_info    0x00000000000049af      0x15a obj_cooja/mtype876.a(simEnvChange.o)
 .debug_info    0x0000000000004b09      0x1e2 obj_cooja/mtype876.a(cooja_mt.o)