Archive member included to satisfy reference by file (symbol)

obj_cooja/mtype318.a(simEnvChange.o)
                              obj_cooja/mtype318.o (simDontFallAsleep)
obj_cooja/mtype318.a(cooja_mt.o)
                              obj_cooja/mtype318.o (cooja_mt_start)
obj_cooja/mtype318.a(cooja_mtarch.o)
                              obj_cooja/mtype318.a(cooja_mt.o) (cooja_mtarch_init)
obj_cooja/mtype318.a(rtimer-arch.o)
                              obj_cooja/mtype318.o (rtimer_arch_next)
obj_cooja/mtype318.a(beep.o)  obj_cooja/mtype318.o (beep_interface)
obj_cooja/mtype318.a(button-sensor.o)
                              obj_cooja/mtype318.o (button_interface)
obj_cooja/mtype318.a(leds-arch.o)
                              obj_cooja/mtype318.o (leds_interface)
obj_cooja/mtype318.a(moteid.o)
                              obj_cooja/mtype318.o (moteid_interface)
obj_cooja/mtype318.a(pir-sensor.o)
                              obj_cooja/mtype318.o (pir_interface)
obj_cooja/mtype318.a(rs232.o)
                              obj_cooja/mtype318.o (rs232_interface)
obj_cooja/mtype318.a(vib-sensor.o)
                              obj_cooja/mtype318.o (vib_interface)
obj_cooja/mtype318.a(clock.o)
                              obj_cooja/mtype318.o (clock_interface)
obj_cooja/mtype318.a(log.o)   obj_cooja/mtype318.o (simlog_interface)
obj_cooja/mtype318.a(cfs-cooja.o)
                              obj_cooja/mtype318.o (cfs_interface)
obj_cooja/mtype318.a(cooja-radio.o)
                              obj_cooja/mtype318.o (radio_interface)
obj_cooja/mtype318.a(eeprom.o)
                              obj_cooja/mtype318.o (eeprom_interface)
obj_cooja/mtype318.a(random.o)
                              obj_cooja/mtype318.a(moteid.o) (random_init)
obj_cooja/mtype318.a(sensors.o)
                              udp-server.co (sensors_event)
obj_cooja/mtype318.a(dual_conf.o)
                              obj_cooja/mtype318.a(cooja-radio.o) (long_range_radio)
obj_cooja/mtype318.a(autostart.o)
                              obj_cooja/mtype318.o (autostart_start)
obj_cooja/mtype318.a(ctimer.o)
                              obj_cooja/mtype318.o (ctimer_init)
obj_cooja/mtype318.a(etimer.o)
                              obj_cooja/mtype318.o (etimer_process)
obj_cooja/mtype318.a(log_message.o)
                              obj_cooja/mtype318.o (log_initialization)
obj_cooja/mtype318.a(process.o)
                              udp-server.co (process_current)
obj_cooja/mtype318.a(residual.o)
                              obj_cooja/mtype318.o (get_residual_energy)
obj_cooja/mtype318.a(rtimer.o)
                              obj_cooja/mtype318.a(rtimer-arch.o) (rtimer_run_next)
obj_cooja/mtype318.a(timer.o)
                              obj_cooja/mtype318.a(button-sensor.o) (timer_set)
obj_cooja/mtype318.a(serial-line.o)
                              obj_cooja/mtype318.a(rs232.o) (serial_line_input_byte)
obj_cooja/mtype318.a(list.o)  obj_cooja/mtype318.a(ctimer.o) (list_init)
obj_cooja/mtype318.a(ringbuf.o)
                              obj_cooja/mtype318.a(serial-line.o) (ringbuf_init)
obj_cooja/mtype318.a(sicslowpan.o)
                              obj_cooja/mtype318.o (sicslowpan_driver)
obj_cooja/mtype318.a(uip-ds6-nbr.o)
                              obj_cooja/mtype318.a(sicslowpan.o) (uip_ds6_link_neighbor_callback)
obj_cooja/mtype318.a(uip-ds6.o)
                              udp-server.co (uip_ds6_if)
obj_cooja/mtype318.a(uip6.o)  obj_cooja/mtype318.o (uip_lladdr)
obj_cooja/mtype318.a(tcpip.o)
                              udp-server.co (tcpip_event)
obj_cooja/mtype318.a(uip-debug.o)
                              udp-server.co (uip_debug_ipaddr_print)
obj_cooja/mtype318.a(uip-packetqueue)
                              obj_cooja/mtype318.a(uip-ds6-nbr.o) (uip_packetqueue_new)
obj_cooja/mtype318.a(rpl-dag.o)
                              udp-server.co (rpl_set_root)
obj_cooja/mtype318.a(rpl-ext-header.)
                              obj_cooja/mtype318.a(uip6.o) (rpl_verify_header)
obj_cooja/mtype318.a(rpl-icmp6.o)
                              obj_cooja/mtype318.a(rpl-dag.o) (rpl_icmp6_update_nbr_table)
obj_cooja/mtype318.a(rpl-ltmax.o)
                              obj_cooja/mtype318.a(rpl-dag.o) (rpl_ltmax_of)
obj_cooja/mtype318.a(rpl-timers.o)
                              obj_cooja/mtype318.a(rpl-dag.o) (rpl_reset_dio_timer)
obj_cooja/mtype318.a(rpl.o)   obj_cooja/mtype318.a(rpl-icmp6.o) (rpl_get_mode)
obj_cooja/mtype318.a(framer-802154.o)
                              obj_cooja/mtype318.a(sicslowpan.o) (framer_802154)
obj_cooja/mtype318.a(nullmac.o)
                              udp-server.co (nullmac_driver)
obj_cooja/mtype318.a(cxmac.o)
                              obj_cooja/mtype318.o (cxmac_driver)
obj_cooja/mtype318.a(linkaddr.o)
                              obj_cooja/mtype318.o (linkaddr_node_addr)
obj_cooja/mtype318.a(nbr-table.o)
                              obj_cooja/mtype318.a(uip-ds6-nbr.o) (lladdr_map_add_lr)
[...]
Memory Configuration

Name             Origin             Length             Attributes
*default*        0x0000000000000000 0xffffffffffffffff

Linker script and memory map

LOAD /usr/lib/gcc/i686-linux-gnu/4.8/../../../i386-linux-gnu/crti.o
LOAD /usr/lib/gcc/i686-linux-gnu/4.8/crtbeginS.o
LOAD udp-server.co
LOAD obj_cooja/mtype318.o
LOAD obj_cooja/mtype318.a
LOAD /usr/lib/gcc/i686-linux-gnu/4.8/libgcc.a
LOAD /usr/lib/gcc/i686-linux-gnu/4.8/libgcc_s.so
LOAD /usr/lib/gcc/i686-linux-gnu/4.8/../../../i386-linux-gnu/libc.so
START GROUP
LOAD /lib/i386-linux-gnu/libc.so.6
LOAD /usr/lib/i386-linux-gnu/libc_nonshared.a
LOAD /lib/i386-linux-gnu/ld-linux.so.2
END GROUP
LOAD /usr/lib/gcc/i686-linux-gnu/4.8/libgcc.a
LOAD /usr/lib/gcc/i686-linux-gnu/4.8/libgcc_s.so
LOAD /usr/lib/gcc/i686-linux-gnu/4.8/crtendS.o
LOAD /usr/lib/gcc/i686-linux-gnu/4.8/../../../i386-linux-gnu/crtn.o
                0x0000000000000114                . = (0x0 + SIZEOF_HEADERS)

.note.gnu.build-id
                0x0000000000000114       0x24
 *(.note.gnu.build-id)
 .note.gnu.build-id
                0x0000000000000114       0x24 /usr/lib/gcc/i686-linux-gnu/4.8/../../../i386-linux-gnu/crti.o

.hash
 *(.hash)

.gnu.hash       0x0000000000000138     0x1340
 *(.gnu.hash)
 .gnu.hash      0x0000000000000138     0x1340 /usr/lib/gcc/i686-linux-gnu/4.8/../../../i386-linux-gnu/crti.o

.dynsym         0x0000000000001478     0x2560
 *(.dynsym)
 .dynsym        0x0000000000001478     0x2560 /usr/lib/gcc/i686-linux-gnu/4.8/../../../i386-linux-gnu/crti.o

.dynstr         0x00000000000039d8     0x2691
 *(.dynstr)
 .dynstr        0x00000000000039d8     0x2691 /usr/lib/gcc/i686-linux-gnu/4.8/../../../i386-linux-gnu/crti.o

.gnu.version    0x000000000000606a      0x4ac
 *(.gnu.version)
 .gnu.version   0x000000000000606a      0x4ac /usr/lib/gcc/i686-linux-gnu/4.8/../../../i386-linux-gnu/crti.o

.gnu.version_d  0x0000000000006518        0x0
 *(.gnu.version_d)
 .gnu.version_d
                0x0000000000000000        0x0 /usr/lib/gcc/i686-linux-gnu/4.8/../../../i386-linux-gnu/crti.o

.gnu.version_r  0x0000000000006518       0x50
 *(.gnu.version_r)
 .gnu.version_r
                0x0000000000006518       0x50 /usr/lib/gcc/i686-linux-gnu/4.8/../../../i386-linux-gnu/crti.o

.rel.dyn        0x0000000000006568     0x8e18
 *(.rel.init)
 .rel.init      0x0000000000000000        0x0 /usr/lib/gcc/i686-linux-gnu/4.8/../../../i386-linux-gnu/crti.o
 *(.rel.text .rel.text.* .rel.gnu.linkonce.t.*)
 .rel.text      0x0000000000006568     0x8688 /usr/lib/gcc/i686-linux-gnu/4.8/../../../i386-linux-gnu/crti.o
 *(.rel.fini)
 .rel.fini      0x0000000000000000        0x0 /usr/lib/gcc/i686-linux-gnu/4.8/../../../i386-linux-gnu/crti.o
 *(.rel.rodata .rel.rodata.* .rel.gnu.linkonce.r.*)
 .rel.rodata    0x000000000000ebf0      0x4e0 /usr/lib/gcc/i686-linux-gnu/4.8/../../../i386-linux-gnu/crti.o
 *(.rel.data.rel.ro .rel.data.rel.ro.* .rel.gnu.linkonce.d.rel.ro.*)
 *(.rel.data .rel.data.* .rel.gnu.linkonce.d.*)
 .rel.data.rel  0x000000000000f0d0        0x8 /usr/lib/gcc/i686-linux-gnu/4.8/../../../i386-linux-gnu/crti.o
 .rel.data      0x000000000000f0d8      0x270 /usr/lib/gcc/i686-linux-gnu/4.8/../../../i386-linux-gnu/crti.o
 *(.rel.tdata .rel.tdata.* .rel.gnu.linkonce.td.*)
 *(.rel.tbss .rel.tbss.* .rel.gnu.linkonce.tb.*)
 *(.rel.ctors)
 *(.rel.dtors)
 *(.rel.got)
 .rel.got       0x000000000000f348       0x28 /usr/lib/gcc/i686-linux-gnu/4.8/../../../i386-linux-gnu/crti.o
 *(.rel.bss .rel.bss.* .rel.gnu.linkonce.b.*)
 *(.rel.ifunc)
 .rel.ifunc     0x0000000000000000        0x0 /usr/lib/gcc/i686-linux-gnu/4.8/../../../i386-linux-gnu/crti.o
 .rel.fini_array
                0x000000000000f370        0x8 /usr/lib/gcc/i686-linux-gnu/4.8/../../../i386-linux-gnu/crti.o
 .rel.init_array
                0x000000000000f378        0x8 /usr/lib/gcc/i686-linux-gnu/4.8/../../../i386-linux-gnu/crti.o

.rel.plt        0x000000000000f380       0x10
 *(.rel.plt)
 .rel.plt       0x000000000000f380       0x10 /usr/lib/gcc/i686-linux-gnu/4.8/../../../i386-linux-gnu/crti.o
 *(.rel.iplt)

.init           0x000000000000f390       0x23
 *(SORT(.init))
 .init          0x000000000000f390       0x1e /usr/lib/gcc/i686-linux-gnu/4.8/../../../i386-linux-gnu/crti.o
                0x000000000000f390                _init
 .init          0x000000000000f3ae        0x5 /usr/lib/gcc/i686-linux-gnu/4.8/../../../i386-linux-gnu/crtn.o

.plt            0x000000000000f3c0       0x30
 *(.plt)
 .plt           0x000000000000f3c0       0x30 /usr/lib/gcc/i686-linux-gnu/4.8/../../../i386-linux-gnu/crti.o
 *(.iplt)

.text           0x000000000000f3f0    0x15e7e
 *(.text.unlikely .text.*_unlikely .text.unlikely.*)
 *(.text.exit .text.exit.*)
 *(.text.startup .text.startup.*)
 *(.text.hot .text.hot.*)
 *(.text .stub .text.* .gnu.linkonce.t.*)
 .text          0x000000000000f3f0        0x0 /usr/lib/gcc/i686-linux-gnu/4.8/../../../i386-linux-gnu/crti.o
 .gnu.linkonce.t.__x86.get_pc_thunk.bx
                0x000000000000f3f0        0x4 /usr/lib/gcc/i686-linux-gnu/4.8/../../../i386-linux-gnu/crti.o
                0x000000000000f3f0                __x86.get_pc_thunk.bx
 *fill*         0x000000000000f3f4        0xc 
 .text          0x000000000000f400      0x11b /usr/lib/gcc/i686-linux-gnu/4.8/crtbeginS.o
 .text          0x000000000000f51b      0x3ce udp-server.co
 .text          0x000000000000f8e9      0x96a obj_cooja/mtype318.o
                0x000000000000fa97                contiki_init
                0x000000000001006a                Java_org_contikios_cooja_corecomm_Lib3_init
                0x00000000000100aa                Java_org_contikios_cooja_corecomm_Lib3_getMemory
                0x00000000000100ea                Java_org_contikios_cooja_corecomm_Lib3_setMemory
                0x0000000000010161                Java_org_contikios_cooja_corecomm_Lib3_tick
                0x0000000000010241                Java_org_contikios_cooja_corecomm_Lib3_setReferenceAddress
 .text          0x0000000000010253       0x63 obj_cooja/mtype318.a(simEnvChange.o)
                0x0000000000010253                doActionsBeforeTick
                0x0000000000010284                doActionsAfterTick
 .text          0x00000000000102b6       0xbc obj_cooja/mtype318.a(cooja_mt.o)
                0x00000000000102b6                cooja_mt_init
                0x00000000000102c3                cooja_mt_remove
                0x00000000000102d0                cooja_mt_start
                0x00000000000102fd                cooja_mt_exec
                0x000000000001032e                cooja_mt_exit
                0x0000000000010350                cooja_mt_yield
 .text          0x0000000000010372      0x115 obj_cooja/mtype318.a(cooja_mtarch.o)
                0x0000000000010372                cooja_mtarch_init
                0x0000000000010377                cooja_mtarch_start
                0x00000000000103f2                cooja_sw
                0x0000000000010414                cooja_mtarch_exec
                0x0000000000010430                cooja_mtarch_remove
                0x0000000000010435                cooja_mtarch_yield
                0x000000000001043f                cooja_mtarch_pstop
                0x0000000000010444                cooja_mtarch_pstart
                0x0000000000010449                cooja_mtarch_stack_usage
 .text          0x0000000000010487       0xc2 obj_cooja/mtype318.a(rtimer-arch.o)
                0x0000000000010487                rtimer_arch_init
                0x00000000000104aa                rtimer_arch_schedule
                0x00000000000104c1                rtimer_arch_next
                0x00000000000104cb                rtimer_arch_pending
                0x00000000000104d5                rtimer_arch_check
                0x0000000000010507                rtimer_arch_now
 .text          0x0000000000010549       0x76 obj_cooja/mtype318.a(beep.o)
                0x0000000000010549                beep_alarm
                0x0000000000010555                beep_beep
                0x0000000000010561                beep
                0x000000000001056d                beep_down
                0x0000000000010579                beep_on
                0x0000000000010585                beep_off
                0x0000000000010591                beep_spinup
                0x000000000001059d                beep_quick
                0x00000000000105a9                beep_long
 .text          0x00000000000105bf      0x103 obj_cooja/mtype318.a(button-sensor.o)
 .text          0x00000000000106c2       0x45 obj_cooja/mtype318.a(leds-arch.o)
                0x00000000000106c2                leds_arch_init
                0x00000000000106ce                leds_arch_get
                0x00000000000106da                leds_arch_set
 .text          0x0000000000010707       0x2f obj_cooja/mtype318.a(moteid.o)
 .text          0x0000000000010736       0xb1 obj_cooja/mtype318.a(pir-sensor.o)
 .text          0x00000000000107e7      0x131 obj_cooja/mtype318.a(rs232.o)
                0x00000000000107e7                rs232_init
                0x00000000000107ec                rs232_set_speed
                0x00000000000107fa                rs232_set_input
                0x0000000000010807                rs232_send
                0x0000000000010829                rs232_print
                0x0000000000010844                slip_arch_writeb
 .text          0x0000000000010918       0xb1 obj_cooja/mtype318.a(vib-sensor.o)
 .text          0x00000000000109c9       0x34 obj_cooja/mtype318.a(clock.o)
                0x00000000000109c9                clock_init
                0x00000000000109ce                clock_time
                0x00000000000109d8                clock_seconds
                0x00000000000109ee                clock_delay
 .text          0x00000000000109fd      0x1ed obj_cooja/mtype318.a(log.o)
                0x00000000000109fd                simlog_char
                0x0000000000010a3f                simlog
                0x0000000000010aac                log_message
                0x0000000000010ad4                log_set_putchar_with_slip
                0x0000000000010ae1                log_putchar
                0x0000000000010b65                log_puts
                0x0000000000010b89                log_printf
 .text          0x0000000000010bea      0x2c4 obj_cooja/mtype318.a(cfs-cooja.o)
                0x0000000000010bea                cfs_open
                0x0000000000010c53                cfs_close
                0x0000000000010c5f                cfs_read
                0x0000000000010cfd                cfs_write
                0x0000000000010dda                cfs_seek
                0x0000000000010e62                cfs_remove
                0x0000000000010e8b                cfs_opendir
                0x0000000000010e95                cfs_readdir
                0x0000000000010e9f                cfs_closedir
 .text          0x0000000000010eae      0x671 obj_cooja/mtype318.a(cooja-radio.o)
                0x0000000000010ed8                radio_set_channel
                0x0000000000010eed                radio_set_txpower
                0x0000000000010f0d                radio_signal_strength_last
                0x0000000000010f17                radio_signal_strength_current
                0x0000000000010f21                radio_LQI
 .text          0x000000000001151f       0xef obj_cooja/mtype318.a(eeprom.o)
                0x000000000001151f                eeprom_init
                0x0000000000011524                eeprom_read
                0x0000000000011594                eeprom_write
 .text          0x000000000001160e       0x28 obj_cooja/mtype318.a(random.o)
                0x000000000001160e                random_init
                0x0000000000011629                random_rand
 .text          0x0000000000011636      0x2a1 obj_cooja/mtype318.a(sensors.o)
                0x0000000000011671                sensors_first
                0x000000000001167b                sensors_next
                0x0000000000011698                sensors_changed
                0x00000000000116c7                sensors_find
 .text          0x00000000000118d7      0x2e4 obj_cooja/mtype318.a(dual_conf.o)
                0x00000000000118d7                dual_radio_switch
                0x0000000000011917                dual_radio_change
                0x0000000000011951                sending_in_LR
                0x000000000001197c                dual_radio_received
                0x00000000000119b4                radio_received_is_longrange
                0x00000000000119cf                dual_radio_turn_on
                0x00000000000119f2                dual_radio_turn_off
                0x0000000000011b71                dio_broadcast
                0x0000000000011b9a                dis_broadcast
 .text          0x0000000000011bbb       0x8e obj_cooja/mtype318.a(autostart.o)
                0x0000000000011bbb                autostart_start
                0x0000000000011c06                autostart_exit
 .text          0x0000000000011c49      0x334 obj_cooja/mtype318.a(ctimer.o)
                0x0000000000011d60                ctimer_init
                0x0000000000011d90                ctimer_set
                0x0000000000011dc1                ctimer_set_with_process
                0x0000000000011e3d                ctimer_reset
                0x0000000000011e8c                ctimer_restart
                0x0000000000011edb                ctimer_stop
                0x0000000000011f26                ctimer_expired
 .text          0x0000000000011f7d      0x40b obj_cooja/mtype318.a(etimer.o)
                0x0000000000012190                etimer_request_poll
                0x0000000000012214                etimer_set
                0x0000000000012239                etimer_reset_with_new_interval
                0x0000000000012260                etimer_reset
                0x000000000001227e                etimer_restart
                0x000000000001229c                etimer_adjust
                0x00000000000122b8                etimer_expired
                0x00000000000122cb                etimer_expiration_time
                0x00000000000122dd                etimer_start_time
                0x00000000000122e7                etimer_pending
                0x00000000000122f9                etimer_next_expiration_time
                0x0000000000012313                etimer_stop
 .text          0x0000000000012388       0xdd obj_cooja/mtype318.a(log_message.o)
                0x0000000000012388                log_initialization
                0x0000000000012444                log_finisher
 .text          0x0000000000012465      0x560 obj_cooja/mtype318.a(process.o)
                0x0000000000012465                process_alloc_event
                0x000000000001247a                process_start
                0x0000000000012663                process_exit
                0x000000000001267f                process_init
                0x0000000000012850                process_run
                0x0000000000012883                process_nevents
                0x000000000001289e                process_post
                0x000000000001294a                process_post_synch
                0x0000000000012982                process_poll
                0x00000000000129b1                process_is_running
 .text          0x00000000000129c5       0xd3 obj_cooja/mtype318.a(residual.o)
                0x00000000000129c5                get_residual_energy
 .text          0x0000000000012a98       0xba obj_cooja/mtype318.a(rtimer.o)
                0x0000000000012a98                rtimer_init
                0x0000000000012aa5                rtimer_set
                0x0000000000012afc                rtimer_run_next
 .text          0x0000000000012b52       0x91 obj_cooja/mtype318.a(timer.o)
                0x0000000000012b52                timer_set
                0x0000000000012b6d                timer_reset
                0x0000000000012b84                timer_restart
                0x0000000000012b96                timer_expired
                0x0000000000012bbf                timer_remaining
 .text          0x0000000000012be3      0x1fb obj_cooja/mtype318.a(serial-line.o)
                0x0000000000012be3                serial_line_input_byte
                0x0000000000012da6                serial_line_init
 .text          0x0000000000012dde      0x244 obj_cooja/mtype318.a(list.o)
                0x0000000000012dde                list_init
                0x0000000000012dec                list_head
                0x0000000000012df6                list_copy
                0x0000000000012e05                list_tail
                0x0000000000012e3b                list_add
                0x0000000000012e84                list_push
                0x0000000000012eb0                list_chop
                0x0000000000012f1a                list_pop
                0x0000000000012f42                list_remove
                0x0000000000012fa9                list_length
                0x0000000000012fd7                list_insert
                0x000000000001300b                list_item_next
 .text          0x0000000000013022      0x155 obj_cooja/mtype318.a(ringbuf.o)
                0x0000000000013022                ringbuf_init
                0x0000000000013053                ringbuf_put
                0x00000000000130d1                ringbuf_get
                0x000000000001313e                ringbuf_size
                0x0000000000013150                ringbuf_elements
 .text          0x0000000000013177     0x258b obj_cooja/mtype318.a(sicslowpan.o)
                0x0000000000013701                rime_sniffer_add
                0x000000000001370e                rime_sniffer_remove
                0x00000000000156a1                sicslowpan_init
                0x00000000000156f8                sicslowpan_get_last_rssi
 .text          0x0000000000015702      0x2dc obj_cooja/mtype318.a(uip-ds6-nbr.o)
                0x000000000001571f                uip_ds6_neighbors_init
                0x000000000001573c                uip_ds6_nbr_add
                0x00000000000157ed                uip_ds6_nbr_rm
                0x000000000001584a                uip_ds6_nbr_get_ipaddr
                0x000000000001585f                uip_ds6_nbr_get_ll
                0x000000000001587b                uip_ds6_nbr_num
                0x00000000000158c0                uip_ds6_nbr_lookup
                0x0000000000015925                uip_ds6_nbr_ll_lookup
                0x0000000000015941                uip_ds6_nbr_ipaddr_from_lladdr
                0x0000000000015967                uip_ds6_nbr_lladdr_from_ipaddr
                0x0000000000015995                uip_ds6_link_neighbor_callback
 .text          0x00000000000159de     0x12ad obj_cooja/mtype318.a(uip-ds6.o)
                0x00000000000159de                uip_ds6_init
                0x0000000000015d33                uip_ds6_periodic
                0x0000000000015e0b                uip_ds6_list_loop
                0x0000000000015eb2                uip_ds6_prefix_add
                0x0000000000015f70                uip_ds6_prefix_rm
                0x0000000000015f82                uip_ds6_prefix_lookup
                0x0000000000015fd3                uip_ds6_is_addr_onlink
                0x0000000000016047                uip_ds6_addr_add
                0x0000000000016175                uip_ds6_long_addr_add
                0x00000000000162a3                uip_ds6_addr_rm
                0x0000000000016343                uip_ds6_addr_lookup
                0x000000000001638e                uip_ds6_long_addr_lookup
                0x00000000000163d9                uip_ds6_get_link_local
                0x0000000000016458                uip_ds6_long_get_link_local
                0x00000000000164d7                uip_ds6_get_global
                0x0000000000016556                uip_ds6_long_get_global
                0x00000000000165d5                uip_ds6_maddr_add
                0x0000000000016647                uip_ds6_long_maddr_add
                0x00000000000166b9                uip_ds6_maddr_rm
                0x00000000000166cb                uip_ds6_maddr_lookup
                0x0000000000016716                uip_ds6_long_maddr_lookup
                0x0000000000016761                uip_ds6_aaddr_add
                0x00000000000167d3                uip_ds6_long_aaddr_add
                0x0000000000016845                uip_ds6_aaddr_rm
                0x0000000000016857                uip_ds6_aaddr_lookup
                0x00000000000168a2                uip_ds6_long_aaddr_lookup
                0x00000000000168ed                uip_ds6_select_src
                0x0000000000016b76                uip_ds6_set_addr_iid
                0x0000000000016bad                get_match_length
                0x0000000000016c3f                uip_ds6_compute_reachable_time
 .text          0x0000000000016c8b     0x29f3 obj_cooja/mtype318.a(uip6.o)
                0x0000000000016c8b                uip_add32
                0x0000000000016e24                uip_chksum
                0x0000000000016f12                uip_icmp6chksum
                0x0000000000016f26                uip_tcpchksum
                0x0000000000016f3a                uip_udpchksum
                0x0000000000016f4e                uip_init
                0x000000000001701e                uip_connect
                0x00000000000171cd                remove_ext_hdr
                0x00000000000172a2                uip_udp_new
                0x00000000000173fe                uip_unlisten
                0x000000000001745e                uip_listen
                0x0000000000017720                uip_process
                0x0000000000019572                uip_htons
                0x0000000000019594                uip_htonl
                0x00000000000195d4                uip_send
 .text          0x000000000001967e      0xb43 obj_cooja/mtype318.a(tcpip.o)
                0x000000000001967e                tcpip_output
                0x00000000000196ac                tcpip_set_outputfunc
                0x0000000000019740                tcp_connect
                0x0000000000019795                tcp_unlisten
                0x00000000000197f0                tcp_listen
                0x0000000000019849                tcp_attach
                0x000000000001986e                udp_attach
                0x0000000000019893                udp_new
                0x00000000000198e5                udp_broadcast_new
                0x0000000000019b59                tcpip_input
                0x0000000000019b8d                tcpip_ipv6_output
                0x000000000001a007                tcpip_poll_udp
                0x000000000001a02a                tcpip_poll_tcp
                0x000000000001a04d                tcpip_uipcall
 .text          0x000000000001a1c1      0x1c1 obj_cooja/mtype318.a(uip-debug.o)
                0x000000000001a1c1                uip_debug_ipaddr_print
                0x000000000001a323                uip_debug_lladdr_print
 .text          0x000000000001a382      0x141 obj_cooja/mtype318.a(uip-packetqueue)
                0x000000000001a3ae                uip_packetqueue_new
                0x000000000001a3bc                uip_packetqueue_alloc
                0x000000000001a41c                uip_packetqueue_free
                0x000000000001a45d                uip_packetqueue_buf
                0x000000000001a47a                uip_packetqueue_buflen
                0x000000000001a49b                uip_packetqueue_set_buflen
 .text          0x000000000001a4c3     0x25bb obj_cooja/mtype318.a(rpl-dag.o)
                0x000000000001a4c3                rpl_print_neighbor_list
                0x000000000001a56c                rpl_print_child_neighbor_list
                0x000000000001a5e1                rpl_get_nbr
                0x000000000001a63b                rpl_get_nbr_child
                0x000000000001a695                rpl_dag_init
                0x000000000001a6c7                rpl_get_parent
                0x000000000001a6e9                rpl_get_parent_rank
                0x000000000001a71c                rpl_get_parent_link_metric
                0x000000000001a74f                rpl_get_parent_ipaddr
                0x000000000001a779                rpl_get_child_ipaddr
                0x000000000001aa94                rpl_set_root
                0x000000000001acc2                rpl_repair_root
                0x000000000001aefe                rpl_set_prefix
                0x000000000001affd                rpl_set_default_route
                0x000000000001b089                rpl_alloc_instance
                0x000000000001b11c                rpl_alloc_dag
                0x000000000001b1cf                rpl_set_default_instance
                0x000000000001b1dc                rpl_get_default_instance
                0x000000000001b1e6                rpl_free_instance
                0x000000000001b297                rpl_free_dag
                0x000000000001b2fd                rpl_add_parent
                0x000000000001b3f3                rpl_find_parent
                0x000000000001b423                rpl_add_child
                0x000000000001b4c7                rpl_find_child
                0x000000000001b515                rpl_find_parent_any_dag
                0x000000000001b551                rpl_select_dag
                0x000000000001b974                rpl_select_parent
                0x000000000001b9d6                rpl_remove_parent
                0x000000000001ba0c                rpl_remove_child
                0x000000000001ba28                rpl_nullify_parent
                0x000000000001bac6                rpl_move_parent
                0x000000000001bb63                rpl_has_downward_route
                0x000000000001bbb6                rpl_get_any_dag
                0x000000000001bc18                rpl_get_instance
                0x000000000001bc7b                rpl_find_of
                0x000000000001bcb8                rpl_join_instance
                0x000000000001bf33                rpl_add_dag
                0x000000000001c322                rpl_local_repair
                0x000000000001c3fb                rpl_recalculate_ranks
                0x000000000001c481                rpl_process_parent_event
                0x000000000001c533                rpl_process_dio
 .text          0x000000000001ca7e      0xbf3 obj_cooja/mtype318.a(rpl-ext-header.)
                0x000000000001ca9b                rpl_verify_header
                0x000000000001cf15                rpl_update_header_empty
                0x000000000001d22c                rpl_update_header_final
                0x000000000001d3bb                rpl_remove_header
                0x000000000001d4c5                rpl_invert_header
                0x000000000001d64f                rpl_insert_header
 .text          0x000000000001d671     0x22e1 obj_cooja/mtype318.a(rpl-icmp6.o)
                0x000000000001d93a                rpl_icmp6_update_nbr_table
                0x000000000001da2a                dis_output
                0x000000000001e362                dio_output
                0x000000000001f4bd                dao_output
                0x000000000001f585                dao_output_target
                0x000000000001f906                dao_ack_output
                0x000000000001f91a                rpl_icmp6_register_handlers
 .text          0x000000000001f952      0x370 obj_cooja/mtype318.a(rpl-ltmax.o)
 .text          0x000000000001fcc2      0x7b3 obj_cooja/mtype318.a(rpl-timers.o)
                0x000000000001ff08                rpl_reset_periodic_timer
                0x000000000001ff5d                rpl_reset_dio_timer
                0x0000000000020197                rpl_schedule_dao
                0x00000000000201b2                rpl_schedule_dao_immediately
                0x00000000000201cd                rpl_cancel_dao
                0x000000000002022f                rpl_schedule_unicast_dio_immediately
                0x000000000002041d                rpl_schedule_probing
 .text          0x0000000000020475      0x5c5 obj_cooja/mtype318.a(rpl.o)
                0x0000000000020475                rpl_get_mode
                0x000000000002047f                rpl_set_mode
                0x000000000002050d                rpl_purge_routes
                0x0000000000020607                rpl_remove_routes
                0x000000000002064d                rpl_remove_routes_by_nexthop
                0x00000000000206b9                rpl_add_route
                0x0000000000020734                rpl_link_neighbor_callback
                0x0000000000020839                rpl_ipv6_neighbor_callback
                0x00000000000208a8                rpl_purge_dags
                0x00000000000209b4                rpl_init
 .text          0x0000000000020a3a      0x3f5 obj_cooja/mtype318.a(framer-802154.o)
 .text          0x0000000000020e2f       0x5e obj_cooja/mtype318.a(nullmac.o)
 .text          0x0000000000020e8d      0xcaa obj_cooja/mtype318.a(cxmac.o)
                0x0000000000021a87                cxmac_set_announcement_radio_txpower
                0x0000000000021a8c                cxmac_init
 .text          0x0000000000021b37       0x82 obj_cooja/mtype318.a(linkaddr.o)
                0x0000000000021b37                linkaddr_copy
                0x0000000000021b59                linkaddr_cmp
                0x0000000000021b83                linkaddr_set_node_addr
                0x0000000000021b9e                linkaddr_set_node_long_addr
 .text          0x0000000000021bb9      0x915 obj_cooja/mtype318.a(nbr-table.o)
                0x0000000000021bb9                long_ip_from_lladdr_map
                0x0000000000021c42                lladdr_map_add_lr
                0x0000000000021cff                lladdr_map_rm_lr
                0x00000000000221c4                nbr_table_register
                0x000000000002220c                nbr_table_head
                0x0000000000022268                nbr_table_next
                0x00000000000222cf                nbr_table_add_lladdr
                0x00000000000223ab                nbr_table_get_from_lladdr
                0x00000000000223f8                nbr_table_remove
                0x000000000002244a                nbr_table_lock
                0x0000000000022474                nbr_table_unlock
                0x000000000002249e                nbr_table_get_lladdr
 .text          0x00000000000224ce       0x2b obj_cooja/mtype318.a(netstack.o)
                0x00000000000224ce                netstack_init
 .text          0x00000000000224f9      0x3cd obj_cooja/mtype318.a(packetbuf.o)
                0x00000000000224f9                packetbuf_clear
                0x0000000000022523                packetbuf_copyfrom
                0x0000000000022575                packetbuf_compact
                0x00000000000225f2                packetbuf_copyto
                0x0000000000022689                packetbuf_hdralloc
                0x0000000000022706                packetbuf_hdrreduce
                0x000000000002274e                packetbuf_set_datalen
                0x0000000000022767                packetbuf_dataptr
                0x0000000000022784                packetbuf_hdrptr
                0x000000000002278e                packetbuf_datalen
                0x000000000002279a                packetbuf_hdrlen
                0x00000000000227b1                packetbuf_totlen
                0x00000000000227c7                packetbuf_attr_clear
                0x0000000000022819                packetbuf_attr_copyto
                0x0000000000022862                packetbuf_attr_copyfrom
                0x00000000000228aa                packetbuf_holds_broadcast
 .text          0x00000000000228c6      0x2b4 obj_cooja/mtype318.a(queuebuf.o)
                0x00000000000228d0                queuebuf_init
                0x00000000000228f0                queuebuf_numfree
                0x0000000000022904                queuebuf_new_from_packetbuf
                0x0000000000022994                queuebuf_update_attr_from_packetbuf
                0x00000000000229c7                queuebuf_update_from_packetbuf
                0x0000000000022a11                queuebuf_free
                0x0000000000022a58                queuebuf_to_packetbuf
                0x0000000000022abe                queuebuf_dataptr
                0x0000000000022af5                queuebuf_datalen
                0x0000000000022b18                queuebuf_addr
                0x0000000000022b4a                queuebuf_attr
                0x0000000000022b75                queuebuf_debug_print
 .text          0x0000000000022b7a       0x6e obj_cooja/mtype318.a(nullsec.o)
 .text          0x0000000000022be8       0x19 obj_cooja/mtype318.a(watchdog.o)
                0x0000000000022be8                watchdog_init
                0x0000000000022bed                watchdog_start
                0x0000000000022bf2                watchdog_periodic
                0x0000000000022bf7                watchdog_stop
                0x0000000000022bfc                watchdog_reboot
 .text          0x0000000000022c01        0x0 obj_cooja/mtype318.a(rimestats.o)
 .text          0x0000000000022c01       0xa3 obj_cooja/mtype318.a(stimer.o)
                0x0000000000022c01                stimer_set
                0x0000000000022c1c                stimer_reset
                0x0000000000022c33                stimer_restart
                0x0000000000022c45                stimer_expired
                0x0000000000022c6c                stimer_remaining
                0x0000000000022c90                stimer_elapsed
 .text          0x0000000000022ca4      0x1c1 obj_cooja/mtype318.a(memb.o)
                0x0000000000022ca4                memb_init
                0x0000000000022d02                memb_alloc
                0x0000000000022d67                memb_free
                0x0000000000022de2                memb_inmemb
                0x0000000000022e21                memb_numfree
 .text          0x0000000000022e65      0x916 obj_cooja/mtype318.a(uip-ds6-route.o)
                0x0000000000022edc                uip_ds6_notification_add
                0x0000000000022f0d                uip_ds6_notification_rm
                0x0000000000022f29                uip_ds6_route_init
                0x0000000000022fb1                uip_ds6_route_nexthop
                0x0000000000022fd9                uip_ds6_route_head
                0x0000000000022fee                uip_ds6_route_next
                0x0000000000023014                uip_ds6_route_is_nexthop
                0x0000000000023053                uip_ds6_route_num_routes
                0x000000000002305d                uip_ds6_route_lookup
                0x000000000002311f                uip_ds6_route_add
                0x0000000000023353                uip_ds6_route_rm
                0x00000000000234e7                uip_ds6_route_rm_by_nexthop
                0x000000000002351f                uip_ds6_defrt_add
                0x00000000000235d0                uip_ds6_defrt_rm
                0x000000000002364f                uip_ds6_defrt_lookup
                0x00000000000236a8                uip_ds6_defrt_choose
                0x0000000000023713                uip_ds6_defrt_periodic
 .text          0x000000000002377b      0xab2 obj_cooja/mtype318.a(uip-icmp6.o)
                0x00000000000237e9                uip_icmp6_input
                0x000000000002383f                uip_icmp6_register_input_handler
                0x0000000000023b07                uip_icmp6_error_output
                0x0000000000023e4c                uip_icmp6_send
                0x00000000000241c0                uip_icmp6_echo_reply_callback_add
                0x00000000000241f1                uip_icmp6_echo_reply_callback_rm
                0x000000000002420d                uip_icmp6_init
 .text          0x000000000002422d      0x358 obj_cooja/mtype318.a(uip-nd6.o)
                0x0000000000024281                uip_nd6_ns_output
                0x0000000000024580                uip_nd6_init
 .text          0x0000000000024585      0x331 obj_cooja/mtype318.a(rpl-nbr-policy.)
                0x000000000002475d                find_removable_dis
                0x0000000000024780                find_removable_dio
                0x000000000002480f                find_removable_dao
                0x000000000002485f                rpl_nbr_policy_find_removable
 .text          0x00000000000248b6      0x97c obj_cooja/mtype318.a(frame802154.o)
                0x00000000000248e7                frame802154_get_pan_id
                0x00000000000248f3                frame802154_set_pan_id
                0x000000000002490c                frame802154_has_panid
                0x00000000000249f8                frame802154_check_dest_panid
                0x0000000000024a60                frame802154_is_broadcast_addr
                0x0000000000024aad                frame802154_extract_linkaddr
                0x0000000000024ced                frame802154_hdrlen
                0x0000000000024d3e                frame802154_create
                0x0000000000024f29                frame802154_parse
 .text          0x0000000000025232       0x3c obj_cooja/mtype318.a(mac.o)
                0x0000000000025232                mac_call_sent_callback
 .text          0x000000000002526e        0x0 /usr/lib/gcc/i686-linux-gnu/4.8/crtendS.o
 .text          0x000000000002526e        0x0 /usr/lib/gcc/i686-linux-gnu/4.8/../../../i386-linux-gnu/crtn.o
 *(.gnu.warning)

.fini           0x0000000000025270       0x14
 *(SORT(.fini))
 .fini          0x0000000000025270        0xf /usr/lib/gcc/i686-linux-gnu/4.8/../../../i386-linux-gnu/crti.o
                0x0000000000025270                _fini
 .fini          0x000000000002527f        0x5 /usr/lib/gcc/i686-linux-gnu/4.8/../../../i386-linux-gnu/crtn.o
                0x0000000000025284                PROVIDE (__etext, .)
                0x0000000000025284                PROVIDE (_etext, .)
                0x0000000000025284                PROVIDE (etext, .)

.rodata         0x00000000000252a0      0x7e0
 *(.rodata .rodata.* .gnu.linkonce.r.*)
 .rodata        0x00000000000252a0      0x148 udp-server.co
                0x00000000000252b4                autostart_processes
 .rodata        0x00000000000253e8      0x1e6 obj_cooja/mtype318.o
 *fill*         0x00000000000255ce        0x2 
 .rodata        0x00000000000255d0        0x8 obj_cooja/mtype318.a(beep.o)
                0x00000000000255d0                beep_interface
 .rodata        0x00000000000255d8       0x20 obj_cooja/mtype318.a(button-sensor.o)
                0x00000000000255d8                button_interface
                0x00000000000255e8                button_sensor
 .rodata        0x00000000000255f8        0x8 obj_cooja/mtype318.a(leds-arch.o)
                0x00000000000255f8                leds_interface
 .rodata        0x0000000000025600        0x8 obj_cooja/mtype318.a(moteid.o)
                0x0000000000025600                moteid_interface
 .rodata        0x0000000000025608       0x1c obj_cooja/mtype318.a(pir-sensor.o)
                0x0000000000025608                pir_interface
                0x0000000000025614                pir_sensor
 .rodata        0x0000000000025624        0xe obj_cooja/mtype318.a(rs232.o)
                0x0000000000025624                rs232_interface
 *fill*         0x0000000000025632        0x2 
 .rodata        0x0000000000025634       0x24 obj_cooja/mtype318.a(vib-sensor.o)
                0x0000000000025634                vib_interface
                0x0000000000025648                vib_sensor
 .rodata        0x0000000000025658        0x8 obj_cooja/mtype318.a(clock.o)
                0x0000000000025658                clock_interface
 .rodata        0x0000000000025660        0x8 obj_cooja/mtype318.a(log.o)
                0x0000000000025660                simlog_interface
 .rodata        0x0000000000025668       0x2f obj_cooja/mtype318.a(cfs-cooja.o)
                0x0000000000025668                cfs_interface
 *fill*         0x0000000000025697        0x9 
 .rodata        0x00000000000256a0       0x60 obj_cooja/mtype318.a(cooja-radio.o)
                0x00000000000256c0                cooja_radio_driver
                0x00000000000256f8                radio_interface
 .rodata        0x0000000000025700        0x8 obj_cooja/mtype318.a(eeprom.o)
                0x0000000000025700                eeprom_interface
 .rodata        0x0000000000025708        0x8 obj_cooja/mtype318.a(sensors.o)
 .rodata        0x0000000000025710       0x1c obj_cooja/mtype318.a(dual_conf.o)
 .rodata        0x000000000002572c        0xf obj_cooja/mtype318.a(ctimer.o)
 .rodata        0x000000000002573b        0xc obj_cooja/mtype318.a(etimer.o)
 *fill*         0x0000000000025747        0x1 
 .rodata        0x0000000000025748       0x73 obj_cooja/mtype318.a(log_message.o)
 *fill*         0x00000000000257bb        0x1 
 .rodata        0x00000000000257bc       0x20 obj_cooja/mtype318.a(residual.o)
 .rodata        0x00000000000257dc        0xe obj_cooja/mtype318.a(serial-line.o)
 *fill*         0x00000000000257ea        0x2 
 .rodata        0x00000000000257ec       0x2c obj_cooja/mtype318.a(sicslowpan.o)
                0x00000000000257ec                unc_llconf
                0x00000000000257f0                unc_ctxconf
                0x00000000000257f4                unc_mxconf
                0x00000000000257f8                llprefix
                0x000000000002580c                sicslowpan_driver
 .rodata        0x0000000000025818      0x13c obj_cooja/mtype318.a(uip6.o)
 .rodata        0x0000000000025954       0x49 obj_cooja/mtype318.a(tcpip.o)
 .rodata        0x000000000002599d       0x3e obj_cooja/mtype318.a(uip-debug.o)
 *fill*         0x00000000000259db        0x1 
 .rodata        0x00000000000259dc        0x4 obj_cooja/mtype318.a(rpl-dag.o)
 .rodata        0x00000000000259e0        0xc obj_cooja/mtype318.a(framer-802154.o)
                0x00000000000259e0                framer_802154
 .rodata        0x00000000000259ec       0x24 obj_cooja/mtype318.a(nullmac.o)
                0x00000000000259f4                nullmac_driver
 *fill*         0x0000000000025a10       0x10 
 .rodata        0x0000000000025a20       0x40 obj_cooja/mtype318.a(cxmac.o)
                0x0000000000025a40                cxmac_driver
 .rodata        0x0000000000025a60        0x8 obj_cooja/mtype318.a(linkaddr.o)
                0x0000000000025a60                linkaddr_null
 .rodata        0x0000000000025a68       0x18 obj_cooja/mtype318.a(nullsec.o)
                0x0000000000025a70                nullsec_driver

.rodata1
 *(.rodata1)

.eh_frame_hdr   0x0000000000025a80     0x1354
 *(.eh_frame_hdr)
 .eh_frame_hdr  0x0000000000025a80     0x1354 udp-server.co

.eh_frame       0x0000000000026dd4     0x4e90
 *(.eh_frame)
 .eh_frame      0x0000000000026dd4       0x3c /usr/lib/gcc/i686-linux-gnu/4.8/../../../i386-linux-gnu/crti.o
                                         0x40 (size before relaxing)
 .eh_frame      0x0000000000026e10       0x68 udp-server.co
                                         0x80 (size before relaxing)
 .eh_frame      0x0000000000026e78      0x148 obj_cooja/mtype318.o
                                        0x160 (size before relaxing)
 .eh_frame      0x0000000000026fc0       0x40 obj_cooja/mtype318.a(simEnvChange.o)
                                         0x58 (size before relaxing)
 .eh_frame      0x0000000000027000       0xc0 obj_cooja/mtype318.a(cooja_mt.o)
                                         0xd8 (size before relaxing)
 .eh_frame      0x00000000000270c0      0x120 obj_cooja/mtype318.a(cooja_mtarch.o)
                                        0x138 (size before relaxing)
 .eh_frame      0x00000000000271e0       0xc0 obj_cooja/mtype318.a(rtimer-arch.o)
                                         0xd8 (size before relaxing)
 .eh_frame      0x00000000000272a0      0x160 obj_cooja/mtype318.a(beep.o)
                                        0x178 (size before relaxing)
 .eh_frame      0x0000000000027400       0xa0 obj_cooja/mtype318.a(button-sensor.o)
                                         0xb8 (size before relaxing)
 .eh_frame      0x00000000000274a0       0xa0 obj_cooja/mtype318.a(leds-arch.o)
                                         0xb8 (size before relaxing)
 .eh_frame      0x0000000000027540       0x40 obj_cooja/mtype318.a(moteid.o)
                                         0x58 (size before relaxing)
 .eh_frame      0x0000000000027580       0xa0 obj_cooja/mtype318.a(pir-sensor.o)
                                         0xb8 (size before relaxing)
 .eh_frame      0x0000000000027620      0x100 obj_cooja/mtype318.a(rs232.o)
                                        0x118 (size before relaxing)
 .eh_frame      0x0000000000027720       0xa0 obj_cooja/mtype318.a(vib-sensor.o)
                                         0xb8 (size before relaxing)
 .eh_frame      0x00000000000277c0       0xc0 obj_cooja/mtype318.a(clock.o)
                                         0xd8 (size before relaxing)
 .eh_frame      0x0000000000027880      0x120 obj_cooja/mtype318.a(log.o)
                                        0x138 (size before relaxing)
 .eh_frame      0x00000000000279a0      0x160 obj_cooja/mtype318.a(cfs-cooja.o)
                                        0x178 (size before relaxing)
 .eh_frame      0x0000000000027b00      0x2e0 obj_cooja/mtype318.a(cooja-radio.o)
                                        0x2f8 (size before relaxing)
 .eh_frame      0x0000000000027de0       0xa0 obj_cooja/mtype318.a(eeprom.o)
                                         0xb8 (size before relaxing)
 .eh_frame      0x0000000000027e80       0x40 obj_cooja/mtype318.a(random.o)
                                         0x58 (size before relaxing)
 .eh_frame      0x0000000000027ec0       0xc0 obj_cooja/mtype318.a(sensors.o)
                                         0xd8 (size before relaxing)
 .eh_frame      0x0000000000027f80      0x160 obj_cooja/mtype318.a(dual_conf.o)
                                        0x178 (size before relaxing)
 .eh_frame      0x00000000000280e0       0x40 obj_cooja/mtype318.a(autostart.o)
                                         0x58 (size before relaxing)
 .eh_frame      0x0000000000028120      0x100 obj_cooja/mtype318.a(ctimer.o)
                                        0x118 (size before relaxing)
 .eh_frame      0x0000000000028220      0x1e0 obj_cooja/mtype318.a(etimer.o)
                                        0x1f8 (size before relaxing)
 .eh_frame      0x0000000000028400       0x40 obj_cooja/mtype318.a(log_message.o)
                                         0x58 (size before relaxing)
 .eh_frame      0x0000000000028440      0x1c8 obj_cooja/mtype318.a(process.o)
                                        0x1e0 (size before relaxing)
 .eh_frame      0x0000000000028608       0x2c obj_cooja/mtype318.a(residual.o)
                                         0x44 (size before relaxing)
 .eh_frame      0x0000000000028634       0x60 obj_cooja/mtype318.a(rtimer.o)
                                         0x78 (size before relaxing)
 .eh_frame      0x0000000000028694       0xa4 obj_cooja/mtype318.a(timer.o)
                                         0xbc (size before relaxing)
 .eh_frame      0x0000000000028738       0x60 obj_cooja/mtype318.a(serial-line.o)
                                         0x78 (size before relaxing)
 .eh_frame      0x0000000000028798      0x180 obj_cooja/mtype318.a(list.o)
                                        0x198 (size before relaxing)
 .eh_frame      0x0000000000028918       0xa0 obj_cooja/mtype318.a(ringbuf.o)
                                         0xb8 (size before relaxing)
 .eh_frame      0x00000000000289b8      0x350 obj_cooja/mtype318.a(sicslowpan.o)
                                        0x368 (size before relaxing)
 .eh_frame      0x0000000000028d08      0x180 obj_cooja/mtype318.a(uip-ds6-nbr.o)
                                        0x198 (size before relaxing)
 .eh_frame      0x0000000000028e88      0x3c8 obj_cooja/mtype318.a(uip-ds6.o)
                                        0x3e0 (size before relaxing)
 .eh_frame      0x0000000000029250      0x27c obj_cooja/mtype318.a(uip6.o)
                                        0x294 (size before relaxing)
 .eh_frame      0x00000000000294cc      0x270 obj_cooja/mtype318.a(tcpip.o)
                                        0x288 (size before relaxing)
 .eh_frame      0x000000000002973c       0x48 obj_cooja/mtype318.a(uip-debug.o)
                                         0x60 (size before relaxing)
 .eh_frame      0x0000000000029784       0xe0 obj_cooja/mtype318.a(uip-packetqueue)
                                         0xf8 (size before relaxing)
 .eh_frame      0x0000000000029864      0x74c obj_cooja/mtype318.a(rpl-dag.o)
                                        0x764 (size before relaxing)
 .eh_frame      0x0000000000029fb0      0x10c obj_cooja/mtype318.a(rpl-ext-header.)
                                        0x124 (size before relaxing)
 .eh_frame      0x000000000002a0bc      0x2b8 obj_cooja/mtype318.a(rpl-icmp6.o)
                                        0x2d0 (size before relaxing)
 .eh_frame      0x000000000002a374       0xe0 obj_cooja/mtype318.a(rpl-ltmax.o)
                                         0xf8 (size before relaxing)
 .eh_frame      0x000000000002a454      0x20c obj_cooja/mtype318.a(rpl-timers.o)
                                        0x224 (size before relaxing)
 .eh_frame      0x000000000002a660      0x148 obj_cooja/mtype318.a(rpl.o)
                                        0x160 (size before relaxing)
 .eh_frame      0x000000000002a7a8      0x108 obj_cooja/mtype318.a(framer-802154.o)
                                        0x120 (size before relaxing)
 .eh_frame      0x000000000002a8b0       0xc0 obj_cooja/mtype318.a(nullmac.o)
                                         0xd8 (size before relaxing)
 .eh_frame      0x000000000002a970      0x29c obj_cooja/mtype318.a(cxmac.o)
                                        0x2b4 (size before relaxing)
 .eh_frame      0x000000000002ac0c       0x80 obj_cooja/mtype318.a(linkaddr.o)
                                         0x98 (size before relaxing)
 .eh_frame      0x000000000002ac8c      0x2cc obj_cooja/mtype318.a(nbr-table.o)
                                        0x2e4 (size before relaxing)
 .eh_frame      0x000000000002af58       0x20 obj_cooja/mtype318.a(netstack.o)
                                         0x38 (size before relaxing)
 .eh_frame      0x000000000002af78      0x214 obj_cooja/mtype318.a(packetbuf.o)
                                        0x22c (size before relaxing)
 .eh_frame      0x000000000002b18c      0x1a0 obj_cooja/mtype318.a(queuebuf.o)
                                        0x1b8 (size before relaxing)
 .eh_frame      0x000000000002b32c       0x80 obj_cooja/mtype318.a(nullsec.o)
                                         0x98 (size before relaxing)
 .eh_frame      0x000000000002b3ac       0xa0 obj_cooja/mtype318.a(watchdog.o)
                                         0xb8 (size before relaxing)
 .eh_frame      0x000000000002b44c       0xc4 obj_cooja/mtype318.a(stimer.o)
                                         0xdc (size before relaxing)
 .eh_frame      0x000000000002b510       0xa0 obj_cooja/mtype318.a(memb.o)
                                         0xb8 (size before relaxing)
 .eh_frame      0x000000000002b5b0      0x2a0 obj_cooja/mtype318.a(uip-ds6-route.o)
                                        0x2b8 (size before relaxing)
 .eh_frame      0x000000000002b850      0x164 obj_cooja/mtype318.a(uip-icmp6.o)
                                        0x17c (size before relaxing)
 .eh_frame      0x000000000002b9b4       0x68 obj_cooja/mtype318.a(uip-nd6.o)
                                         0x80 (size before relaxing)
 .eh_frame      0x000000000002ba1c       0xc0 obj_cooja/mtype318.a(rpl-nbr-policy.)
                                         0xd8 (size before relaxing)
 .eh_frame      0x000000000002badc      0x164 obj_cooja/mtype318.a(frame802154.o)
                                        0x17c (size before relaxing)
 .eh_frame      0x000000000002bc40       0x20 obj_cooja/mtype318.a(mac.o)
                                         0x38 (size before relaxing)
 .eh_frame      0x000000000002bc60        0x4 /usr/lib/gcc/i686-linux-gnu/4.8/crtendS.o

.gcc_except_table
 *(.gcc_except_table .gcc_except_table.*)

.exception_ranges
 *(.exception_ranges .exception_ranges*)
                0x000000000002bc64                . = (ALIGN (0x1000) - ((0x1000 - .) & 0xfff))
                0x000000000002cef8                . = DATA_SEGMENT_ALIGN (0x1000, 0x1000)

.eh_frame
 *(.eh_frame)

.gcc_except_table
 *(.gcc_except_table .gcc_except_table.*)

.exception_ranges
 *(.exception_ranges .exception_ranges*)

.tdata
 *(.tdata .tdata.* .gnu.linkonce.td.*)

.tbss
 *(.tbss .tbss.* .gnu.linkonce.tb.*)
 *(.tcommon)

.preinit_array
 *(.preinit_array)

.init_array     0x000000000002cef8        0x4
 *(SORT(.init_array.*) SORT(.ctors.*))
 *(.init_array EXCLUDE_FILE(*crtend?.o *crtend.o *crtbegin?.o *crtbegin.o) .ctors)
 .init_array    0x000000000002cef8        0x4 /usr/lib/gcc/i686-linux-gnu/4.8/crtbeginS.o

.fini_array     0x000000000002cefc        0x4
 *(SORT(.fini_array.*) SORT(.dtors.*))
 *(.fini_array EXCLUDE_FILE(*crtend?.o *crtend.o *crtbegin?.o *crtbegin.o) .dtors)
 .fini_array    0x000000000002cefc        0x4 /usr/lib/gcc/i686-linux-gnu/4.8/crtbeginS.o

.ctors
 *crtbegin.o(.ctors)
 *crtbegin?.o(.ctors)
 *(EXCLUDE_FILE(*crtend?.o *crtend.o) .ctors)
 *(SORT(.ctors.*))
 *(.ctors)

.dtors
 *crtbegin.o(.dtors)
 *crtbegin?.o(.dtors)
 *(EXCLUDE_FILE(*crtend?.o *crtend.o) .dtors)
 *(SORT(.dtors.*))
 *(.dtors)

.jcr            0x000000000002cf00        0x4
 *(.jcr)
 .jcr           0x000000000002cf00        0x0 /usr/lib/gcc/i686-linux-gnu/4.8/crtbeginS.o
 .jcr           0x000000000002cf00        0x4 /usr/lib/gcc/i686-linux-gnu/4.8/crtendS.o

.data.rel.ro
 *(.data.rel.ro.local* .gnu.linkonce.d.rel.ro.local.*)
 *(.data.rel.ro .data.rel.ro.* .gnu.linkonce.d.rel.ro.*)

.dynamic        0x000000000002cf04       0xe8
 *(.dynamic)
 .dynamic       0x000000000002cf04       0xe8 /usr/lib/gcc/i686-linux-gnu/4.8/../../../i386-linux-gnu/crti.o
                0x000000000002cf04                _DYNAMIC

.got            0x000000000002cfec       0x14
 *(.got)
 .got           0x000000000002cfec       0x14 /usr/lib/gcc/i686-linux-gnu/4.8/../../../i386-linux-gnu/crti.o
 *(.igot)
                0x000000000002dff4                . = DATA_SEGMENT_RELRO_END (., (SIZEOF (.got.plt) >= 0xc)?0xc:0x0)

.got.plt        0x000000000002d000       0x14
 *(.got.plt)
 .got.plt       0x000000000002d000       0x14 /usr/lib/gcc/i686-linux-gnu/4.8/../../../i386-linux-gnu/crti.o
                0x000000000002d000                _GLOBAL_OFFSET_TABLE_
 *(.igot.plt)

.data           0x000000000002d020      0x266
 *(.data .data.* .gnu.linkonce.d.*)
 .data          0x000000000002d020        0x0 /usr/lib/gcc/i686-linux-gnu/4.8/../../../i386-linux-gnu/crti.o
 .data          0x000000000002d020        0x0 /usr/lib/gcc/i686-linux-gnu/4.8/crtbeginS.o
 .data.rel      0x000000000002d020        0x4 /usr/lib/gcc/i686-linux-gnu/4.8/crtbeginS.o
                0x000000000002d020                __dso_handle
 .data          0x000000000002d024       0x10 udp-server.co
                0x000000000002d024                udp_server_process
 *fill*         0x000000000002d034        0xc 
 .data          0x000000000002d040       0x44 obj_cooja/mtype318.o
                0x000000000002d040                simInterfaces
                0x000000000002d074                sensors
 .data          0x000000000002d084        0x0 obj_cooja/mtype318.a(simEnvChange.o)
 .data          0x000000000002d084        0x0 obj_cooja/mtype318.a(cooja_mt.o)
 .data          0x000000000002d084        0x0 obj_cooja/mtype318.a(cooja_mtarch.o)
 .data          0x000000000002d084        0x0 obj_cooja/mtype318.a(rtimer-arch.o)
 .data          0x000000000002d084        0x0 obj_cooja/mtype318.a(beep.o)
 .data          0x000000000002d084        0x0 obj_cooja/mtype318.a(button-sensor.o)
 .data          0x000000000002d084        0x0 obj_cooja/mtype318.a(leds-arch.o)
 .data          0x000000000002d084        0x0 obj_cooja/mtype318.a(moteid.o)
 .data          0x000000000002d084        0x0 obj_cooja/mtype318.a(pir-sensor.o)
 .data          0x000000000002d084        0x0 obj_cooja/mtype318.a(rs232.o)
 .data          0x000000000002d084        0x0 obj_cooja/mtype318.a(vib-sensor.o)
 .data          0x000000000002d084        0x0 obj_cooja/mtype318.a(clock.o)
 .data          0x000000000002d084        0x0 obj_cooja/mtype318.a(log.o)
 .data          0x000000000002d084        0x0 obj_cooja/mtype318.a(cfs-cooja.o)
 .data          0x000000000002d084       0x40 obj_cooja/mtype318.a(cooja-radio.o)
                0x000000000002d084                simRadioChannelLR
                0x000000000002d088                simRadioHWOnLR
                0x000000000002d08c                simSignalStrengthLR
                0x000000000002d090                simLastSignalStrengthLR
                0x000000000002d094                simPowerLR
                0x000000000002d098                simLQILR
                0x000000000002d09c                simRadioChannel
                0x000000000002d0a0                simRadioHWOn
                0x000000000002d0a4                simSignalStrength
                0x000000000002d0a8                simLastSignalStrength
                0x000000000002d0ac                simPower
                0x000000000002d0b0                simLQI
                0x000000000002d0b4                cooja_radio_process
 .data          0x000000000002d0c4        0x0 obj_cooja/mtype318.a(eeprom.o)
 .data          0x000000000002d0c4        0x0 obj_cooja/mtype318.a(random.o)
 .data          0x000000000002d0c4       0x10 obj_cooja/mtype318.a(sensors.o)
                0x000000000002d0c4                sensors_process
 .data          0x000000000002d0d4       0x24 obj_cooja/mtype318.a(dual_conf.o)
                0x000000000002d0d4                radio_received
                0x000000000002d0d8                dual_dio_broadcast
                0x000000000002d0e8                dual_dis_broadcast
 .data          0x000000000002d0f8        0x0 obj_cooja/mtype318.a(autostart.o)
 .data          0x000000000002d0f8       0x14 obj_cooja/mtype318.a(ctimer.o)
                0x000000000002d0fc                ctimer_process
 .data          0x000000000002d10c       0x10 obj_cooja/mtype318.a(etimer.o)
                0x000000000002d10c                etimer_process
 .data          0x000000000002d11c        0x0 obj_cooja/mtype318.a(log_message.o)
 .data          0x000000000002d11c        0x0 obj_cooja/mtype318.a(process.o)
 .data          0x000000000002d11c        0x0 obj_cooja/mtype318.a(residual.o)
 .data          0x000000000002d11c        0x0 obj_cooja/mtype318.a(rtimer.o)
 .data          0x000000000002d11c        0x0 obj_cooja/mtype318.a(timer.o)
 .data          0x000000000002d11c       0x10 obj_cooja/mtype318.a(serial-line.o)
                0x000000000002d11c                serial_line_process
 .data          0x000000000002d12c        0x0 obj_cooja/mtype318.a(list.o)
 .data          0x000000000002d12c        0x0 obj_cooja/mtype318.a(ringbuf.o)
 .data          0x000000000002d12c        0x0 obj_cooja/mtype318.a(sicslowpan.o)
 .data          0x000000000002d12c       0x14 obj_cooja/mtype318.a(uip-ds6-nbr.o)
                0x000000000002d13c                ds6_neighbors
 .data          0x000000000002d140        0x0 obj_cooja/mtype318.a(uip-ds6.o)
 .data          0x000000000002d140        0x0 obj_cooja/mtype318.a(uip6.o)
 .data          0x000000000002d140       0x10 obj_cooja/mtype318.a(tcpip.o)
                0x000000000002d140                tcpip_process
 .data          0x000000000002d150        0x0 obj_cooja/mtype318.a(uip-debug.o)
 .data          0x000000000002d150        0xc obj_cooja/mtype318.a(uip-packetqueue)
 .data          0x000000000002d15c       0x28 obj_cooja/mtype318.a(rpl-dag.o)
                0x000000000002d16c                rpl_parents
                0x000000000002d180                rpl_children
 .data          0x000000000002d184        0x0 obj_cooja/mtype318.a(rpl-ext-header.)
 .data          0x000000000002d184       0x34 obj_cooja/mtype318.a(rpl-icmp6.o)
 .data          0x000000000002d1b8       0x1c obj_cooja/mtype318.a(rpl-ltmax.o)
                0x000000000002d1b8                rpl_ltmax_of
 .data          0x000000000002d1d4        0x0 obj_cooja/mtype318.a(rpl-timers.o)
 .data          0x000000000002d1d4        0x0 obj_cooja/mtype318.a(rpl.o)
 .data          0x000000000002d1d4        0x0 obj_cooja/mtype318.a(framer-802154.o)
 .data          0x000000000002d1d4        0x0 obj_cooja/mtype318.a(nullmac.o)
 .data          0x000000000002d1d4       0x20 obj_cooja/mtype318.a(cxmac.o)
                0x000000000002d1d4                cxmac_config
 .data          0x000000000002d1f4        0x0 obj_cooja/mtype318.a(linkaddr.o)
 .data          0x000000000002d1f4       0x10 obj_cooja/mtype318.a(nbr-table.o)
 .data          0x000000000002d204        0x0 obj_cooja/mtype318.a(netstack.o)
 .data          0x000000000002d204        0x4 obj_cooja/mtype318.a(packetbuf.o)
 .data          0x000000000002d208       0x18 obj_cooja/mtype318.a(queuebuf.o)
 .data          0x000000000002d220        0x0 obj_cooja/mtype318.a(nullsec.o)
 .data          0x000000000002d220        0x0 obj_cooja/mtype318.a(watchdog.o)
 .data          0x000000000002d220        0x0 obj_cooja/mtype318.a(rimestats.o)
 .data          0x000000000002d220        0x0 obj_cooja/mtype318.a(stimer.o)
 .data          0x000000000002d220        0x0 obj_cooja/mtype318.a(memb.o)
 .data          0x000000000002d220       0x44 obj_cooja/mtype318.a(uip-ds6-route.o)
                0x000000000002d230                nbr_routes
 .data          0x000000000002d264       0x20 obj_cooja/mtype318.a(uip-icmp6.o)
 .data          0x000000000002d284        0x0 obj_cooja/mtype318.a(uip-nd6.o)
 .data          0x000000000002d284        0x0 obj_cooja/mtype318.a(rpl-nbr-policy.)
 .data          0x000000000002d284        0x2 obj_cooja/mtype318.a(frame802154.o)
 .data          0x000000000002d286        0x0 obj_cooja/mtype318.a(mac.o)
 .data          0x000000000002d286        0x0 /usr/lib/gcc/i686-linux-gnu/4.8/crtendS.o
 .data          0x000000000002d286        0x0 /usr/lib/gcc/i686-linux-gnu/4.8/../../../i386-linux-gnu/crtn.o

.tm_clone_table
                0x000000000002d288        0x0
 .tm_clone_table
                0x000000000002d288        0x0 /usr/lib/gcc/i686-linux-gnu/4.8/crtbeginS.o
 .tm_clone_table
                0x000000000002d288        0x0 /usr/lib/gcc/i686-linux-gnu/4.8/crtendS.o

.data1
 *(.data1)
                0x000000000002d288                _edata = .
                0x000000000002d288                PROVIDE (edata, .)
                0x000000000002d288                . = .
                0x000000000002d288                __bss_start = .

.bss            0x000000000002d2a0     0x8268
 *(.dynbss)
 .dynbss        0x0000000000000000        0x0 /usr/lib/gcc/i686-linux-gnu/4.8/../../../i386-linux-gnu/crti.o
 *(.bss .bss.* .gnu.linkonce.b.*)
 .bss           0x000000000002d2a0        0x0 /usr/lib/gcc/i686-linux-gnu/4.8/../../../i386-linux-gnu/crti.o
 .bss           0x000000000002d2a0        0x1 /usr/lib/gcc/i686-linux-gnu/4.8/crtbeginS.o
 *fill*         0x000000000002d2a1        0x3 
 .bss           0x000000000002d2a4        0x8 udp-server.co
                0x000000000002d2a4                my_weight
 *fill*         0x000000000002d2ac       0x14 
 .bss           0x000000000002d2c0     0x2030 obj_cooja/mtype318.o
 .bss           0x000000000002f2f0        0x1 obj_cooja/mtype318.a(simEnvChange.o)
                0x000000000002f2f0                simDontFallAsleep
 *fill*         0x000000000002f2f1        0x3 
 .bss           0x000000000002f2f4        0x4 obj_cooja/mtype318.a(cooja_mt.o)
 .bss           0x000000000002f2f8        0x4 obj_cooja/mtype318.a(cooja_mtarch.o)
 .bss           0x000000000002f2fc        0xc obj_cooja/mtype318.a(rtimer-arch.o)
 .bss           0x000000000002f308        0x0 obj_cooja/mtype318.a(beep.o)
 .bss           0x000000000002f308        0x8 obj_cooja/mtype318.a(button-sensor.o)
 .bss           0x000000000002f310        0x0 obj_cooja/mtype318.a(leds-arch.o)
 .bss           0x000000000002f310        0x0 obj_cooja/mtype318.a(moteid.o)
 .bss           0x000000000002f310        0x1 obj_cooja/mtype318.a(pir-sensor.o)
                0x000000000002f310                simPirValue
 *fill*         0x000000000002f311        0x3 
 .bss           0x000000000002f314        0x4 obj_cooja/mtype318.a(rs232.o)
 .bss           0x000000000002f318        0x1 obj_cooja/mtype318.a(vib-sensor.o)
                0x000000000002f318                simVibValue
 .bss           0x000000000002f319        0x0 obj_cooja/mtype318.a(clock.o)
 *fill*         0x000000000002f319        0x7 
 .bss           0x000000000002f320      0x420 obj_cooja/mtype318.a(log.o)
 .bss           0x000000000002f740      0xfc0 obj_cooja/mtype318.a(cfs-cooja.o)
                0x000000000002f740                simCFSData
                0x00000000000306e0                simCFSSize
                0x00000000000306e4                simCFSChanged
                0x00000000000306e8                simCFSRead
                0x00000000000306ec                simCFSWritten
 .bss           0x0000000000030700       0x24 obj_cooja/mtype318.a(cooja-radio.o)
                0x0000000000030700                simReceivingLR
                0x0000000000030704                simInSizeLR
                0x0000000000030708                simOutSizeLR
                0x000000000003070c                simReceiving
                0x0000000000030710                simInSize
                0x0000000000030714                simOutSize
                0x0000000000030718                LongRangeTransmit
                0x000000000003071c                LongRangeReceiving
 .bss           0x0000000000030724        0xc obj_cooja/mtype318.a(eeprom.o)
                0x0000000000030724                simEEPROMChanged
                0x0000000000030728                simEEPROMRead
                0x000000000003072c                simEEPROMWritten
 .bss           0x0000000000030730        0x0 obj_cooja/mtype318.a(random.o)
 .bss           0x0000000000030730        0xc obj_cooja/mtype318.a(sensors.o)
 .bss           0x000000000003073c       0x28 obj_cooja/mtype318.a(dual_conf.o)
                0x000000000003073c                long_range_radio
 .bss           0x0000000000030764        0x0 obj_cooja/mtype318.a(autostart.o)
 .bss           0x0000000000030764        0x5 obj_cooja/mtype318.a(ctimer.o)
 *fill*         0x0000000000030769        0x3 
 .bss           0x000000000003076c        0x8 obj_cooja/mtype318.a(etimer.o)
 .bss           0x0000000000030774        0x0 obj_cooja/mtype318.a(log_message.o)
 *fill*         0x0000000000030774        0xc 
 .bss           0x0000000000030780      0x1b1 obj_cooja/mtype318.a(process.o)
                0x0000000000030780                process_list
                0x0000000000030784                process_current
 .bss           0x0000000000030931        0x0 obj_cooja/mtype318.a(residual.o)
 *fill*         0x0000000000030931        0x3 
 .bss           0x0000000000030934        0x4 obj_cooja/mtype318.a(rtimer.o)
 .bss           0x0000000000030938        0x0 obj_cooja/mtype318.a(timer.o)
 *fill*         0x0000000000030938        0x8 
 .bss           0x0000000000030940      0x140 obj_cooja/mtype318.a(serial-line.o)
 .bss           0x0000000000030a80        0x0 obj_cooja/mtype318.a(list.o)
 .bss           0x0000000000030a80        0x0 obj_cooja/mtype318.a(ringbuf.o)
 .bss           0x0000000000030a80      0x70c obj_cooja/mtype318.a(sicslowpan.o)
 *fill*         0x000000000003118c       0x14 
 .bss           0x00000000000311a0       0xc0 obj_cooja/mtype318.a(uip-ds6-nbr.o)
 .bss           0x0000000000031260       0x30 obj_cooja/mtype318.a(uip-ds6.o)
 .bss           0x0000000000031290        0xe obj_cooja/mtype318.a(uip6.o)
                0x0000000000031290                uip_ext_bitmap
                0x0000000000031291                uip_ext_len
                0x0000000000031292                uip_ext_opt_offset
 *fill*         0x000000000003129e        0x2 
 .bss           0x00000000000312a0       0x6b obj_cooja/mtype318.a(tcpip.o)
 .bss           0x000000000003130b        0x0 obj_cooja/mtype318.a(uip-debug.o)
 *fill*         0x000000000003130b       0x15 
 .bss           0x0000000000031320      0xcf8 obj_cooja/mtype318.a(uip-packetqueue)
 *fill*         0x0000000000032018        0x8 
 .bss           0x0000000000032020       0x88 obj_cooja/mtype318.a(rpl-dag.o)
 .bss           0x00000000000320a8        0x0 obj_cooja/mtype318.a(rpl-ext-header.)
 .bss           0x00000000000320a8        0x0 obj_cooja/mtype318.a(rpl-icmp6.o)
 .bss           0x00000000000320a8        0x0 obj_cooja/mtype318.a(rpl-ltmax.o)
 *fill*         0x00000000000320a8       0x18 
 .bss           0x00000000000320c0       0x23 obj_cooja/mtype318.a(rpl-timers.o)
 *fill*         0x00000000000320e3        0x1 
 .bss           0x00000000000320e4        0x4 obj_cooja/mtype318.a(rpl.o)
 .bss           0x00000000000320e8        0x2 obj_cooja/mtype318.a(framer-802154.o)
 .bss           0x00000000000320ea        0x0 obj_cooja/mtype318.a(nullmac.o)
 *fill*         0x00000000000320ea       0x16 
 .bss           0x0000000000032100       0xa0 obj_cooja/mtype318.a(cxmac.o)
 .bss           0x00000000000321a0        0x0 obj_cooja/mtype318.a(linkaddr.o)
 .bss           0x00000000000321a0       0xc4 obj_cooja/mtype318.a(nbr-table.o)
 .bss           0x0000000000032264        0x0 obj_cooja/mtype318.a(netstack.o)
 *fill*         0x0000000000032264       0x1c 
 .bss           0x0000000000032280       0xa0 obj_cooja/mtype318.a(packetbuf.o)
 .bss           0x0000000000032320      0xb80 obj_cooja/mtype318.a(queuebuf.o)
 .bss           0x0000000000032ea0        0x0 obj_cooja/mtype318.a(nullsec.o)
 .bss           0x0000000000032ea0        0x0 obj_cooja/mtype318.a(watchdog.o)
 .bss           0x0000000000032ea0        0x0 obj_cooja/mtype318.a(rimestats.o)
 .bss           0x0000000000032ea0        0x0 obj_cooja/mtype318.a(stimer.o)
 .bss           0x0000000000032ea0        0x0 obj_cooja/mtype318.a(memb.o)
 .bss           0x0000000000032ea0      0x4a8 obj_cooja/mtype318.a(uip-ds6-route.o)
 .bss           0x0000000000033348       0x18 obj_cooja/mtype318.a(uip-icmp6.o)
 .bss           0x0000000000033360        0x0 obj_cooja/mtype318.a(uip-nd6.o)
 .bss           0x0000000000033360       0x44 obj_cooja/mtype318.a(rpl-nbr-policy.)
 .bss           0x00000000000333a4        0x0 obj_cooja/mtype318.a(frame802154.o)
 .bss           0x00000000000333a4        0x0 obj_cooja/mtype318.a(mac.o)
 .bss           0x00000000000333a4        0x0 /usr/lib/gcc/i686-linux-gnu/4.8/crtendS.o
 .bss           0x00000000000333a4        0x0 /usr/lib/gcc/i686-linux-gnu/4.8/../../../i386-linux-gnu/crtn.o
 *(COMMON)
 COMMON         0x00000000000333a4        0x2 udp-server.co
                0x00000000000333a4                my_sink_reachability
                0x00000000000333a5                my_parent_number
 *fill*         0x00000000000333a6        0x2 
 COMMON         0x00000000000333a8       0x4c obj_cooja/mtype318.o
                0x00000000000333a8                dio_count
                0x00000000000333ac                dis_count
                0x00000000000333b0                collision_count
                0x00000000000333b4                transmission_count
                0x00000000000333b8                COOJA_radioRxLong
                0x00000000000333bc                control_message_count
                0x00000000000333c0                dao_count
                0x00000000000333c4                COOJA_radioTx
                0x00000000000333c8                referenceVar
                0x00000000000333cc                data_relay_count
                0x00000000000333d0                data_message_count
                0x00000000000333d4                COOJA_radioTxLong
                0x00000000000333d8                COOJA_radioRx
                0x00000000000333dc                debugfp
                0x00000000000333e0                COOJA_radioOn
                0x00000000000333e4                COOJA_duration
                0x00000000000333e8                dio_ack_count
                0x00000000000333ec                COOJA_radioOnLong
                0x00000000000333f0                sensors_flags
 COMMON         0x00000000000333f4        0xc obj_cooja/mtype318.a(simEnvChange.o)
                0x00000000000333f4                simEtimerPending
                0x00000000000333f8                simProcessRunValue
                0x00000000000333fc                simNextExpirationTime
 COMMON         0x0000000000033400        0x1 obj_cooja/mtype318.a(beep.o)
                0x0000000000033400                simBeeped
 COMMON         0x0000000000033401        0x3 obj_cooja/mtype318.a(button-sensor.o)
                0x0000000000033401                simButtonIsActive
                0x0000000000033402                simButtonIsDown
                0x0000000000033403                simButtonChanged
 COMMON         0x0000000000033404        0x1 obj_cooja/mtype318.a(leds-arch.o)
                0x0000000000033404                simLedsValue
 *fill*         0x0000000000033405        0x3 
 COMMON         0x0000000000033408        0xc obj_cooja/mtype318.a(moteid.o)
                0x0000000000033408                simRandomSeed
                0x000000000003340c                simMoteIDChanged
                0x0000000000033410                simMoteID
 COMMON         0x0000000000033414        0x2 obj_cooja/mtype318.a(pir-sensor.o)
                0x0000000000033414                simPirIsActive
                0x0000000000033415                simPirChanged
 *fill*         0x0000000000033416        0xa 
 COMMON         0x0000000000033420      0x820 obj_cooja/mtype318.a(rs232.o)
                0x0000000000033420                simSerialReceivingFlag
                0x0000000000033424                simSerialReceivingLength
                0x0000000000033440                simSerialReceivingData
 COMMON         0x0000000000033c40        0x2 obj_cooja/mtype318.a(vib-sensor.o)
                0x0000000000033c40                simVibChanged
                0x0000000000033c41                simVibIsActive
 *fill*         0x0000000000033c42        0x2 
 COMMON         0x0000000000033c44        0x4 obj_cooja/mtype318.a(clock.o)
                0x0000000000033c44                simCurrentTime
 *fill*         0x0000000000033c48       0x18 
 COMMON         0x0000000000033c60      0x420 obj_cooja/mtype318.a(log.o)
                0x0000000000033c60                simLoggedLength
                0x0000000000033c64                simLoggedFlag
                0x0000000000033c80                simLoggedData
 COMMON         0x0000000000034080      0x240 obj_cooja/mtype318.a(cooja-radio.o)
                0x0000000000034080                simOutDataBuffer
                0x0000000000034100                simRadioTarget
                0x0000000000034120                simInDataBufferLR
                0x00000000000341a0                simOutDataBufferLR
                0x0000000000034220                dual_duty_cycle_count
                0x0000000000034240                simInDataBuffer
 COMMON         0x00000000000342c0      0x400 obj_cooja/mtype318.a(eeprom.o)
                0x00000000000342c0                simEEPROMData
 COMMON         0x00000000000346c0        0x1 obj_cooja/mtype318.a(sensors.o)
                0x00000000000346c0                sensors_event
 *fill*         0x00000000000346c1        0x3 
 COMMON         0x00000000000346c4        0x4 obj_cooja/mtype318.a(log_message.o)
                0x00000000000346c4                log_fp
 COMMON         0x00000000000346c8        0x1 obj_cooja/mtype318.a(serial-line.o)
                0x00000000000346c8                serial_line_event_message
 *fill*         0x00000000000346c9       0x17 
 COMMON         0x00000000000346e0       0x50 obj_cooja/mtype318.a(uip-ds6-nbr.o)
                0x00000000000346e0                ds6_lr_addrmap
 *fill*         0x0000000000034730       0x10 
 COMMON         0x0000000000034740      0x298 obj_cooja/mtype318.a(uip-ds6.o)
                0x0000000000034740                uip_ds6_prefix_list
                0x00000000000347a0                uip_ds6_timer_periodic
                0x00000000000347b0                uip_ds6_netif_addr_list_offset
                0x00000000000347c0                uip_ds6_if
                0x00000000000348b8                uip_ds6_timer_ra
                0x00000000000348c0                uip_ds6_addr_size
                0x00000000000348e0                long_uip_ds6_if
 *fill*         0x00000000000349d8        0x8 
 COMMON         0x00000000000349e0      0x8ec obj_cooja/mtype318.a(uip6.o)
                0x00000000000349e0                uip_slen
                0x00000000000349e2                uip_acc32
                0x0000000000034a00                uip_conns
                0x0000000000034ac0                uip_lladdr
                0x0000000000034ac8                uip_appdata
                0x0000000000034acc                uip_flags
                0x0000000000034ae0                uip_aligned_buf
                0x0000000000035120                uip_listenports
                0x0000000000035130                uip_len
                0x0000000000035132                uip_long_lladdr
                0x000000000003513c                uip_sappdata
                0x0000000000035140                uip_udp_conns
                0x00000000000352c0                uip_udp_conn
                0x00000000000352c4                uip_next_hdr
                0x00000000000352c8                uip_conn
 COMMON         0x00000000000352cc        0x1 obj_cooja/mtype318.a(tcpip.o)
                0x00000000000352cc                tcpip_event
 *fill*         0x00000000000352cd       0x13 
 COMMON         0x00000000000352e0      0x198 obj_cooja/mtype318.a(rpl-dag.o)
                0x00000000000352e0                default_instance
                0x0000000000035300                instance_table
 COMMON         0x0000000000035478       0x10 obj_cooja/mtype318.a(linkaddr.o)
                0x0000000000035478                linkaddr_node_addr
                0x0000000000035480                long_linkaddr_node_addr
 COMMON         0x0000000000035488       0x2e obj_cooja/mtype318.a(packetbuf.o)
                0x0000000000035488                packetbuf_attrs
                0x00000000000354a6                packetbuf_addrs
 *fill*         0x00000000000354b6        0xa 
 COMMON         0x00000000000354c0       0x48 obj_cooja/mtype318.a(rimestats.o)
                0x00000000000354c0                rimestats
                0x0000000000035508                . = ALIGN ((. != 0x0)?0x4:0x1)
                0x0000000000035508                . = ALIGN (0x4)
                0x0000000000035508                . = SEGMENT_START ("ldata-segment", .)
                0x0000000000035508                . = ALIGN (0x4)
                0x0000000000035508                _end = .
                0x0000000000035508                PROVIDE (end, .)
                0x0000000000035508                . = DATA_SEGMENT_END (.)

.stab
 *(.stab)

.stabstr
 *(.stabstr)

.stab.excl
 *(.stab.excl)

.stab.exclstr
 *(.stab.exclstr)

.stab.index
 *(.stab.index)

.stab.indexstr
 *(.stab.indexstr)

.comment        0x0000000000000000       0x29
 *(.comment)
 .comment       0x0000000000000000       0x29 /usr/lib/gcc/i686-linux-gnu/4.8/crtbeginS.o
                                         0x2a (size before relaxing)
 .comment       0x0000000000000000       0x2a udp-server.co
 .comment       0x0000000000000000       0x2a obj_cooja/mtype318.o
 .comment       0x0000000000000000       0x2a obj_cooja/mtype318.a(simEnvChange.o)
 .comment       0x0000000000000000       0x2a obj_cooja/mtype318.a(cooja_mt.o)
 .comment       0x0000000000000000       0x2a obj_cooja/mtype318.a(cooja_mtarch.o)
 .comment       0x0000000000000000       0x2a obj_cooja/mtype318.a(rtimer-arch.o)
 .comment       0x0000000000000000       0x2a obj_cooja/mtype318.a(beep.o)
 .comment       0x0000000000000000       0x2a obj_cooja/mtype318.a(button-sensor.o)
 .comment       0x0000000000000000       0x2a obj_cooja/mtype318.a(leds-arch.o)
 .comment       0x0000000000000000       0x2a obj_cooja/mtype318.a(moteid.o)
 .comment       0x0000000000000000       0x2a obj_cooja/mtype318.a(pir-sensor.o)
 .comment       0x0000000000000000       0x2a obj_cooja/mtype318.a(rs232.o)
 .comment       0x0000000000000000       0x2a obj_cooja/mtype318.a(vib-sensor.o)
 .comment       0x0000000000000000       0x2a obj_cooja/mtype318.a(clock.o)
 .comment       0x0000000000000000       0x2a obj_cooja/mtype318.a(log.o)
 .comment       0x0000000000000000       0x2a obj_cooja/mtype318.a(cfs-cooja.o)
 .comment       0x0000000000000000       0x2a obj_cooja/mtype318.a(cooja-radio.o)
 .comment       0x0000000000000000       0x2a obj_cooja/mtype318.a(eeprom.o)
 .comment       0x0000000000000000       0x2a obj_cooja/mtype318.a(random.o)
 .comment       0x0000000000000000       0x2a obj_cooja/mtype318.a(sensors.o)
 .comment       0x0000000000000000       0x2a obj_cooja/mtype318.a(dual_conf.o)
 .comment       0x0000000000000000       0x2a obj_cooja/mtype318.a(autostart.o)
 .comment       0x0000000000000000       0x2a obj_cooja/mtype318.a(ctimer.o)
 .comment       0x0000000000000000       0x2a obj_cooja/mtype318.a(etimer.o)
 .comment       0x0000000000000000       0x2a obj_cooja/mtype318.a(log_message.o)
 .comment       0x0000000000000000       0x2a obj_cooja/mtype318.a(process.o)
 .comment       0x0000000000000000       0x2a obj_cooja/mtype318.a(residual.o)
 .comment       0x0000000000000000       0x2a obj_cooja/mtype318.a(rtimer.o)
 .comment       0x0000000000000000       0x2a obj_cooja/mtype318.a(timer.o)
 .comment       0x0000000000000000       0x2a obj_cooja/mtype318.a(serial-line.o)
 .comment       0x0000000000000000       0x2a obj_cooja/mtype318.a(list.o)
 .comment       0x0000000000000000       0x2a obj_cooja/mtype318.a(ringbuf.o)
 .comment       0x0000000000000000       0x2a obj_cooja/mtype318.a(sicslowpan.o)
 .comment       0x0000000000000000       0x2a obj_cooja/mtype318.a(uip-ds6-nbr.o)
 .comment       0x0000000000000000       0x2a obj_cooja/mtype318.a(uip-ds6.o)
 .comment       0x0000000000000000       0x2a obj_cooja/mtype318.a(uip6.o)
 .comment       0x0000000000000000       0x2a obj_cooja/mtype318.a(tcpip.o)
 .comment       0x0000000000000000       0x2a obj_cooja/mtype318.a(uip-debug.o)
 .comment       0x0000000000000000       0x2a obj_cooja/mtype318.a(uip-packetqueue)
 .comment       0x0000000000000000       0x2a obj_cooja/mtype318.a(rpl-dag.o)
 .comment       0x0000000000000000       0x2a obj_cooja/mtype318.a(rpl-ext-header.)
 .comment       0x0000000000000000       0x2a obj_cooja/mtype318.a(rpl-icmp6.o)
 .comment       0x0000000000000000       0x2a obj_cooja/mtype318.a(rpl-ltmax.o)
 .comment       0x0000000000000000       0x2a obj_cooja/mtype318.a(rpl-timers.o)
 .comment       0x0000000000000000       0x2a obj_cooja/mtype318.a(rpl.o)
 .comment       0x0000000000000000       0x2a obj_cooja/mtype318.a(framer-802154.o)
 .comment       0x0000000000000000       0x2a obj_cooja/mtype318.a(nullmac.o)
 .comment       0x0000000000000000       0x2a obj_cooja/mtype318.a(cxmac.o)
 .comment       0x0000000000000000       0x2a obj_cooja/mtype318.a(linkaddr.o)
 .comment       0x0000000000000000       0x2a obj_cooja/mtype318.a(nbr-table.o)
 .comment       0x0000000000000000       0x2a obj_cooja/mtype318.a(netstack.o)
 .comment       0x0000000000000000       0x2a obj_cooja/mtype318.a(packetbuf.o)
 .comment       0x0000000000000000       0x2a obj_cooja/mtype318.a(queuebuf.o)
 .comment       0x0000000000000000       0x2a obj_cooja/mtype318.a(nullsec.o)
 .comment       0x0000000000000000       0x2a obj_cooja/mtype318.a(watchdog.o)
 .comment       0x0000000000000000       0x2a obj_cooja/mtype318.a(rimestats.o)
 .comment       0x0000000000000000       0x2a obj_cooja/mtype318.a(stimer.o)
 .comment       0x0000000000000000       0x2a obj_cooja/mtype318.a(memb.o)
 .comment       0x0000000000000000       0x2a obj_cooja/mtype318.a(uip-ds6-route.o)
 .comment       0x0000000000000000       0x2a obj_cooja/mtype318.a(uip-icmp6.o)
 .comment       0x0000000000000000       0x2a obj_cooja/mtype318.a(uip-nd6.o)
 .comment       0x0000000000000000       0x2a obj_cooja/mtype318.a(rpl-nbr-policy.)
 .comment       0x0000000000000000       0x2a obj_cooja/mtype318.a(frame802154.o)
 .comment       0x0000000000000000       0x2a obj_cooja/mtype318.a(mac.o)
 .comment       0x0000000000000000       0x2a /usr/lib/gcc/i686-linux-gnu/4.8/crtendS.o

.debug
 *(.debug)

.line
 *(.line)

.debug_srcinfo
 *(.debug_srcinfo)

.debug_sfnames
 *(.debug_sfnames)

.debug_aranges  0x0000000000000000      0x7f8
 *(.debug_aranges)
 .debug_aranges
                0x0000000000000000       0x20 udp-server.co
 .debug_aranges
                0x0000000000000020       0x20 obj_cooja/mtype318.o
 .debug_aranges
                0x0000000000000040       0x20 obj_cooja/mtype318.a(simEnvChange.o)
 .debug_aranges
                0x0000000000000060       0x20 obj_cooja/mtype318.a(cooja_mt.o)
 .debug_aranges
                0x0000000000000080       0x20 obj_cooja/mtype318.a(cooja_mtarch.o)
 .debug_aranges
                0x00000000000000a0       0x20 obj_cooja/mtype318.a(rtimer-arch.o)
 .debug_aranges
                0x00000000000000c0       0x20 obj_cooja/mtype318.a(beep.o)
 .debug_aranges
                0x00000000000000e0       0x20 obj_cooja/mtype318.a(button-sensor.o)
 .debug_aranges
                0x0000000000000100       0x20 obj_cooja/mtype318.a(leds-arch.o)
 .debug_aranges
                0x0000000000000120       0x20 obj_cooja/mtype318.a(moteid.o)
 .debug_aranges
                0x0000000000000140       0x20 obj_cooja/mtype318.a(pir-sensor.o)
 .debug_aranges
                0x0000000000000160       0x20 obj_cooja/mtype318.a(rs232.o)
 .debug_aranges
                0x0000000000000180       0x20 obj_cooja/mtype318.a(vib-sensor.o)
 .debug_aranges
                0x00000000000001a0       0x20 obj_cooja/mtype318.a(clock.o)
 .debug_aranges
                0x00000000000001c0       0x20 obj_cooja/mtype318.a(log.o)
 .debug_aranges
                0x00000000000001e0       0x20 obj_cooja/mtype318.a(cfs-cooja.o)
 .debug_aranges
                0x0000000000000200       0x20 obj_cooja/mtype318.a(cooja-radio.o)
 .debug_aranges
                0x0000000000000220       0x20 obj_cooja/mtype318.a(eeprom.o)
 .debug_aranges
                0x0000000000000240       0x20 obj_cooja/mtype318.a(random.o)
 .debug_aranges
                0x0000000000000260       0x20 obj_cooja/mtype318.a(sensors.o)
 .debug_aranges
                0x0000000000000280       0x20 obj_cooja/mtype318.a(dual_conf.o)
 .debug_aranges
                0x00000000000002a0       0x20 obj_cooja/mtype318.a(autostart.o)
 .debug_aranges
                0x00000000000002c0       0x20 obj_cooja/mtype318.a(ctimer.o)
 .debug_aranges
                0x00000000000002e0       0x20 obj_cooja/mtype318.a(etimer.o)
 .debug_aranges
                0x0000000000000300       0x20 obj_cooja/mtype318.a(log_message.o)
 .debug_aranges
                0x0000000000000320       0x20 obj_cooja/mtype318.a(process.o)
 .debug_aranges
                0x0000000000000340       0x20 obj_cooja/mtype318.a(residual.o)
 .debug_aranges
                0x0000000000000360       0x20 obj_cooja/mtype318.a(rtimer.o)
 .debug_aranges
                0x0000000000000380       0x20 obj_cooja/mtype318.a(timer.o)
 .debug_aranges
                0x00000000000003a0       0x20 obj_cooja/mtype318.a(serial-line.o)
 .debug_aranges
                0x00000000000003c0       0x20 obj_cooja/mtype318.a(list.o)
 .debug_aranges
                0x00000000000003e0       0x20 obj_cooja/mtype318.a(ringbuf.o)
 .debug_aranges
                0x0000000000000400       0x20 obj_cooja/mtype318.a(sicslowpan.o)
 .debug_aranges
                0x0000000000000420       0x20 obj_cooja/mtype318.a(uip-ds6-nbr.o)
 .debug_aranges
                0x0000000000000440       0x20 obj_cooja/mtype318.a(uip-ds6.o)
 .debug_aranges
                0x0000000000000460       0x20 obj_cooja/mtype318.a(uip6.o)
 .debug_aranges
                0x0000000000000480       0x20 obj_cooja/mtype318.a(tcpip.o)
 .debug_aranges
                0x00000000000004a0       0x20 obj_cooja/mtype318.a(uip-debug.o)
 .debug_aranges
                0x00000000000004c0       0x20 obj_cooja/mtype318.a(uip-packetqueue)
 .debug_aranges
                0x00000000000004e0       0x20 obj_cooja/mtype318.a(rpl-dag.o)
 .debug_aranges
                0x0000000000000500       0x20 obj_cooja/mtype318.a(rpl-ext-header.)
 .debug_aranges
                0x0000000000000520       0x20 obj_cooja/mtype318.a(rpl-icmp6.o)
 .debug_aranges
                0x0000000000000540       0x20 obj_cooja/mtype318.a(rpl-ltmax.o)
 .debug_aranges
                0x0000000000000560       0x20 obj_cooja/mtype318.a(rpl-timers.o)
 .debug_aranges
                0x0000000000000580       0x20 obj_cooja/mtype318.a(rpl.o)
 .debug_aranges
                0x00000000000005a0       0x20 obj_cooja/mtype318.a(framer-802154.o)
 .debug_aranges
                0x00000000000005c0       0x20 obj_cooja/mtype318.a(nullmac.o)
 .debug_aranges
                0x00000000000005e0       0x20 obj_cooja/mtype318.a(cxmac.o)
 .debug_aranges
                0x0000000000000600       0x20 obj_cooja/mtype318.a(linkaddr.o)
 .debug_aranges
                0x0000000000000620       0x20 obj_cooja/mtype318.a(nbr-table.o)
 .debug_aranges
                0x0000000000000640       0x20 obj_cooja/mtype318.a(netstack.o)
 .debug_aranges
                0x0000000000000660       0x20 obj_cooja/mtype318.a(packetbuf.o)
 .debug_aranges
                0x0000000000000680       0x20 obj_cooja/mtype318.a(queuebuf.o)
 .debug_aranges
                0x00000000000006a0       0x20 obj_cooja/mtype318.a(nullsec.o)
 .debug_aranges
                0x00000000000006c0       0x20 obj_cooja/mtype318.a(watchdog.o)
 .debug_aranges
                0x00000000000006e0       0x18 obj_cooja/mtype318.a(rimestats.o)
 .debug_aranges
                0x00000000000006f8       0x20 obj_cooja/mtype318.a(stimer.o)
 .debug_aranges
                0x0000000000000718       0x20 obj_cooja/mtype318.a(memb.o)
 .debug_aranges
                0x0000000000000738       0x20 obj_cooja/mtype318.a(uip-ds6-route.o)
 .debug_aranges
                0x0000000000000758       0x20 obj_cooja/mtype318.a(uip-icmp6.o)
 .debug_aranges
                0x0000000000000778       0x20 obj_cooja/mtype318.a(uip-nd6.o)
 .debug_aranges
                0x0000000000000798       0x20 obj_cooja/mtype318.a(rpl-nbr-policy.)
 .debug_aranges
                0x00000000000007b8       0x20 obj_cooja/mtype318.a(frame802154.o)
 .debug_aranges
                0x00000000000007d8       0x20 obj_cooja/mtype318.a(mac.o)

.debug_pubnames
 *(.debug_pubnames)

.debug_info     0x0000000000000000    0x1cd57
 *(.debug_info .gnu.linkonce.wi.*)
 .debug_info    0x0000000000000000      0xe4b udp-server.co
 .debug_info    0x0000000000000e4b     0x3ac4 obj_cooja/mtype318.o
 .debug_info    0x000000000000490f      0x15a obj_cooja/mtype318.a(simEnvChange.o)
 .debug_info    0x0000000000004a69      0x1e2 obj_cooja/mtype318.a(cooja_mt.o)
 .debug_info    0x0000000000004c4b      0x2e7 obj_cooja/mtype318.a(cooja_mtarch.o)
 .debug_info    0x0000000000004f32      0x16b obj_cooja/mtype318.a(rtimer-arch.o)
 .debug_info    0x000000000000509d      0x1f3 obj_cooja/mtype318.a(beep.o)
 .debug_info    0x0000000000005290      0x257 obj_cooja/mtype318.a(button-sensor.o)
 .debug_info    0x00000000000054e7      0x132 obj_cooja/mtype318.a(leds-arch.o)
 .debug_info    0x0000000000005619      0x10a obj_cooja/mtype318.a(moteid.o)
 .debug_info    0x0000000000005723      0x216 obj_cooja/mtype318.a(pir-sensor.o)
 .debug_info    0x0000000000005939      0x21e obj_cooja/mtype318.a(rs232.o)
 .debug_info    0x0000000000005b57      0x216 obj_cooja/mtype318.a(vib-sensor.o)
 .debug_info    0x0000000000005d6d      0x152 obj_cooja/mtype318.a(clock.o)
 .debug_info    0x0000000000005ebf      0x2bb obj_cooja/mtype318.a(log.o)
 .debug_info    0x000000000000617a      0x3cf obj_cooja/mtype318.a(cfs-cooja.o)
 .debug_info    0x0000000000006549      0xd30 obj_cooja/mtype318.a(cooja-radio.o)
 .debug_info    0x0000000000007279      0x1d5 obj_cooja/mtype318.a(eeprom.o)
 .debug_info    0x000000000000744e       0xb3 obj_cooja/mtype318.a(random.o)
 .debug_info    0x0000000000007501      0x36d obj_cooja/mtype318.a(sensors.o)
 .debug_info    0x000000000000786e      0xc68 obj_cooja/mtype318.a(dual_conf.o)
 .debug_info    0x00000000000084d6      0x1a5 obj_cooja/mtype318.a(autostart.o)
 .debug_info    0x000000000000867b      0x46c obj_cooja/mtype318.a(ctimer.o)
 .debug_info    0x0000000000008ae7      0x49c obj_cooja/mtype318.a(etimer.o)
 .debug_info    0x0000000000008f83      0x3d2 obj_cooja/mtype318.a(log_message.o)
 .debug_info    0x0000000000009355      0x4ba obj_cooja/mtype318.a(process.o)
 .debug_info    0x000000000000980f      0x164 obj_cooja/mtype318.a(residual.o)
 .debug_info    0x0000000000009973      0x1ab obj_cooja/mtype318.a(rtimer.o)
 .debug_info    0x0000000000009b1e      0x16c obj_cooja/mtype318.a(timer.o)
 .debug_info    0x0000000000009c8a      0x2de obj_cooja/mtype318.a(serial-line.o)
 .debug_info    0x0000000000009f68      0x2ed obj_cooja/mtype318.a(list.o)
 .debug_info    0x000000000000a255      0x1aa obj_cooja/mtype318.a(ringbuf.o)
 .debug_info    0x000000000000a3ff     0x105e obj_cooja/mtype318.a(sicslowpan.o)
 .debug_info    0x000000000000b45d      0x8c9 obj_cooja/mtype318.a(uip-ds6-nbr.o)
 .debug_info    0x000000000000bd26      0xc6e obj_cooja/mtype318.a(uip-ds6.o)
 .debug_info    0x000000000000c994      0xef5 obj_cooja/mtype318.a(uip6.o)