Archive member included to satisfy reference by file (symbol)

obj_cooja/mtype831.a(simEnvChange.o)
                              obj_cooja/mtype831.o (simDontFallAsleep)
obj_cooja/mtype831.a(cooja_mt.o)
                              obj_cooja/mtype831.o (cooja_mt_start)
obj_cooja/mtype831.a(cooja_mtarch.o)
                              obj_cooja/mtype831.a(cooja_mt.o) (cooja_mtarch_init)
obj_cooja/mtype831.a(rtimer-arch.o)
                              obj_cooja/mtype831.o (rtimer_arch_next)
obj_cooja/mtype831.a(beep.o)  obj_cooja/mtype831.o (beep_interface)
obj_cooja/mtype831.a(button-sensor.o)
                              obj_cooja/mtype831.o (button_interface)
obj_cooja/mtype831.a(leds-arch.o)
                              obj_cooja/mtype831.o (leds_interface)
obj_cooja/mtype831.a(moteid.o)
                              obj_cooja/mtype831.o (moteid_interface)
obj_cooja/mtype831.a(pir-sensor.o)
                              obj_cooja/mtype831.o (pir_interface)
obj_cooja/mtype831.a(rs232.o)
                              obj_cooja/mtype831.o (rs232_interface)
obj_cooja/mtype831.a(vib-sensor.o)
                              obj_cooja/mtype831.o (vib_interface)
obj_cooja/mtype831.a(clock.o)
                              obj_cooja/mtype831.o (clock_interface)
obj_cooja/mtype831.a(log.o)   obj_cooja/mtype831.o (simlog_interface)
obj_cooja/mtype831.a(cfs-cooja.o)
                              obj_cooja/mtype831.o (cfs_interface)
obj_cooja/mtype831.a(cooja-radio.o)
                              obj_cooja/mtype831.o (radio_interface)
obj_cooja/mtype831.a(eeprom.o)
                              obj_cooja/mtype831.o (eeprom_interface)
obj_cooja/mtype831.a(random.o)
                              obj_cooja/mtype831.a(moteid.o) (random_init)
obj_cooja/mtype831.a(sensors.o)
                              udp-server.co (sensors_event)
obj_cooja/mtype831.a(leds.o)  obj_cooja/mtype831.a(cooja-radio.o) (leds_on)
obj_cooja/mtype831.a(dual_conf.o)
                              obj_cooja/mtype831.a(cooja-radio.o) (long_range_radio)
obj_cooja/mtype831.a(autostart.o)
                              obj_cooja/mtype831.o (autostart_start)
obj_cooja/mtype831.a(ctimer.o)
                              obj_cooja/mtype831.o (ctimer_init)
obj_cooja/mtype831.a(etimer.o)
                              obj_cooja/mtype831.o (etimer_process)
obj_cooja/mtype831.a(log_message.o)
                              obj_cooja/mtype831.o (log_initialization)
obj_cooja/mtype831.a(process.o)
                              udp-server.co (process_current)
obj_cooja/mtype831.a(residual.o)
                              obj_cooja/mtype831.o (DISSIPATION_RATE)
obj_cooja/mtype831.a(rtimer.o)
                              obj_cooja/mtype831.a(rtimer-arch.o) (rtimer_run_next)
obj_cooja/mtype831.a(timer.o)
                              obj_cooja/mtype831.a(button-sensor.o) (timer_set)
obj_cooja/mtype831.a(serial-line.o)
                              obj_cooja/mtype831.a(rs232.o) (serial_line_input_byte)
obj_cooja/mtype831.a(list.o)  obj_cooja/mtype831.a(ctimer.o) (list_init)
obj_cooja/mtype831.a(ringbuf.o)
                              obj_cooja/mtype831.a(serial-line.o) (ringbuf_init)
obj_cooja/mtype831.a(sicslowpan.o)
                              obj_cooja/mtype831.o (sicslowpan_driver)
obj_cooja/mtype831.a(uip-ds6-nbr.o)
                              obj_cooja/mtype831.a(sicslowpan.o) (uip_ds6_link_neighbor_callback)
obj_cooja/mtype831.a(uip-ds6.o)
                              udp-server.co (uip_ds6_if)
obj_cooja/mtype831.a(uip6.o)  obj_cooja/mtype831.o (uip_lladdr)
obj_cooja/mtype831.a(tcpip.o)
                              udp-server.co (tcpip_event)
obj_cooja/mtype831.a(uip-debug.o)
                              udp-server.co (uip_debug_ipaddr_print)
obj_cooja/mtype831.a(uip-packetqueue)
                              obj_cooja/mtype831.a(uip-ds6-nbr.o) (uip_packetqueue_new)
obj_cooja/mtype831.a(rpl-dag.o)
                              udp-server.co (rpl_set_root)
obj_cooja/mtype831.a(rpl-ext-header.)
                              obj_cooja/mtype831.a(uip6.o) (rpl_verify_header)
obj_cooja/mtype831.a(rpl-icmp6.o)
                              obj_cooja/mtype831.a(rpl-dag.o) (rpl_icmp6_update_nbr_table)
obj_cooja/mtype831.a(rpl-ltmax.o)
                              obj_cooja/mtype831.a(rpl-dag.o) (rpl_ltmax_of)
obj_cooja/mtype831.a(rpl-timers.o)
                              obj_cooja/mtype831.a(rpl-icmp6.o) (rpl_LSA_convergence_timer)
obj_cooja/mtype831.a(rpl.o)   obj_cooja/mtype831.a(rpl-icmp6.o) (rpl_get_mode)
obj_cooja/mtype831.a(csma.o)  udp-server.co (csma_driver)
obj_cooja/mtype831.a(framer-802154.o)
                              obj_cooja/mtype831.a(sicslowpan.o) (framer_802154)
obj_cooja/mtype831.a(mac.o)   obj_cooja/mtype831.a(csma.o) (mac_call_sent_callback)
obj_cooja/mtype831.a(cxmac.o)
                              obj_cooja/mtype831.o (cxmac_driver)
obj_cooja/mtype831.a(linkaddr.o)
[...]
Memory Configuration

Name             Origin             Length             Attributes
*default*        0x0000000000000000 0xffffffffffffffff

Linker script and memory map

LOAD /usr/lib/gcc/i686-linux-gnu/4.8/../../../i386-linux-gnu/crti.o
LOAD /usr/lib/gcc/i686-linux-gnu/4.8/crtbeginS.o
LOAD udp-server.co
LOAD obj_cooja/mtype831.o
LOAD obj_cooja/mtype831.a
LOAD /usr/lib/gcc/i686-linux-gnu/4.8/libgcc.a
LOAD /usr/lib/gcc/i686-linux-gnu/4.8/libgcc_s.so
LOAD /usr/lib/gcc/i686-linux-gnu/4.8/../../../i386-linux-gnu/libc.so
START GROUP
LOAD /lib/i386-linux-gnu/libc.so.6
LOAD /usr/lib/i386-linux-gnu/libc_nonshared.a
LOAD /lib/i386-linux-gnu/ld-linux.so.2
END GROUP
LOAD /usr/lib/gcc/i686-linux-gnu/4.8/libgcc.a
LOAD /usr/lib/gcc/i686-linux-gnu/4.8/libgcc_s.so
LOAD /usr/lib/gcc/i686-linux-gnu/4.8/crtendS.o
LOAD /usr/lib/gcc/i686-linux-gnu/4.8/../../../i386-linux-gnu/crtn.o
                0x0000000000000114                . = (0x0 + SIZEOF_HEADERS)

.note.gnu.build-id
                0x0000000000000114       0x24
 *(.note.gnu.build-id)
 .note.gnu.build-id
                0x0000000000000114       0x24 /usr/lib/gcc/i686-linux-gnu/4.8/../../../i386-linux-gnu/crti.o

.hash
 *(.hash)

.gnu.hash       0x0000000000000138     0x13b0
 *(.gnu.hash)
 .gnu.hash      0x0000000000000138     0x13b0 /usr/lib/gcc/i686-linux-gnu/4.8/../../../i386-linux-gnu/crti.o

.dynsym         0x00000000000014e8     0x2720
 *(.dynsym)
 .dynsym        0x00000000000014e8     0x2720 /usr/lib/gcc/i686-linux-gnu/4.8/../../../i386-linux-gnu/crti.o

.dynstr         0x0000000000003c08     0x283d
 *(.dynstr)
 .dynstr        0x0000000000003c08     0x283d /usr/lib/gcc/i686-linux-gnu/4.8/../../../i386-linux-gnu/crti.o

.gnu.version    0x0000000000006446      0x4e4
 *(.gnu.version)
 .gnu.version   0x0000000000006446      0x4e4 /usr/lib/gcc/i686-linux-gnu/4.8/../../../i386-linux-gnu/crti.o

.gnu.version_d  0x000000000000692c        0x0
 *(.gnu.version_d)
 .gnu.version_d
                0x0000000000000000        0x0 /usr/lib/gcc/i686-linux-gnu/4.8/../../../i386-linux-gnu/crti.o

.gnu.version_r  0x000000000000692c       0x50
 *(.gnu.version_r)
 .gnu.version_r
                0x000000000000692c       0x50 /usr/lib/gcc/i686-linux-gnu/4.8/../../../i386-linux-gnu/crti.o

.rel.dyn        0x000000000000697c     0x9698
 *(.rel.init)
 .rel.init      0x0000000000000000        0x0 /usr/lib/gcc/i686-linux-gnu/4.8/../../../i386-linux-gnu/crti.o
 *(.rel.text .rel.text.* .rel.gnu.linkonce.t.*)
 .rel.text      0x000000000000697c     0x8ea8 /usr/lib/gcc/i686-linux-gnu/4.8/../../../i386-linux-gnu/crti.o
 *(.rel.fini)
 .rel.fini      0x0000000000000000        0x0 /usr/lib/gcc/i686-linux-gnu/4.8/../../../i386-linux-gnu/crti.o
 *(.rel.rodata .rel.rodata.* .rel.gnu.linkonce.r.*)
 .rel.rodata    0x000000000000f824      0x4e0 /usr/lib/gcc/i686-linux-gnu/4.8/../../../i386-linux-gnu/crti.o
 *(.rel.data.rel.ro .rel.data.rel.ro.* .rel.gnu.linkonce.d.rel.ro.*)
 *(.rel.data .rel.data.* .rel.gnu.linkonce.d.*)
 .rel.data.rel  0x000000000000fd04        0x8 /usr/lib/gcc/i686-linux-gnu/4.8/../../../i386-linux-gnu/crti.o
 .rel.data      0x000000000000fd0c      0x2d0 /usr/lib/gcc/i686-linux-gnu/4.8/../../../i386-linux-gnu/crti.o
 *(.rel.tdata .rel.tdata.* .rel.gnu.linkonce.td.*)
 *(.rel.tbss .rel.tbss.* .rel.gnu.linkonce.tb.*)
 *(.rel.ctors)
 *(.rel.dtors)
 *(.rel.got)
 .rel.got       0x000000000000ffdc       0x28 /usr/lib/gcc/i686-linux-gnu/4.8/../../../i386-linux-gnu/crti.o
 *(.rel.bss .rel.bss.* .rel.gnu.linkonce.b.*)
 *(.rel.ifunc)
 .rel.ifunc     0x0000000000000000        0x0 /usr/lib/gcc/i686-linux-gnu/4.8/../../../i386-linux-gnu/crti.o
 .rel.fini_array
                0x0000000000010004        0x8 /usr/lib/gcc/i686-linux-gnu/4.8/../../../i386-linux-gnu/crti.o
 .rel.init_array
                0x000000000001000c        0x8 /usr/lib/gcc/i686-linux-gnu/4.8/../../../i386-linux-gnu/crti.o

.rel.plt        0x0000000000010014       0x10
 *(.rel.plt)
 .rel.plt       0x0000000000010014       0x10 /usr/lib/gcc/i686-linux-gnu/4.8/../../../i386-linux-gnu/crti.o
 *(.rel.iplt)

.init           0x0000000000010024       0x23
 *(SORT(.init))
 .init          0x0000000000010024       0x1e /usr/lib/gcc/i686-linux-gnu/4.8/../../../i386-linux-gnu/crti.o
                0x0000000000010024                _init
 .init          0x0000000000010042        0x5 /usr/lib/gcc/i686-linux-gnu/4.8/../../../i386-linux-gnu/crtn.o

.plt            0x0000000000010050       0x30
 *(.plt)
 .plt           0x0000000000010050       0x30 /usr/lib/gcc/i686-linux-gnu/4.8/../../../i386-linux-gnu/crti.o
 *(.iplt)

.text           0x0000000000010080    0x17169
 *(.text.unlikely .text.*_unlikely .text.unlikely.*)
 *(.text.exit .text.exit.*)
 *(.text.startup .text.startup.*)
 *(.text.hot .text.hot.*)
 *(.text .stub .text.* .gnu.linkonce.t.*)
 .text          0x0000000000010080        0x0 /usr/lib/gcc/i686-linux-gnu/4.8/../../../i386-linux-gnu/crti.o
 .gnu.linkonce.t.__x86.get_pc_thunk.bx
                0x0000000000010080        0x4 /usr/lib/gcc/i686-linux-gnu/4.8/../../../i386-linux-gnu/crti.o
                0x0000000000010080                __x86.get_pc_thunk.bx
 *fill*         0x0000000000010084        0xc 
 .text          0x0000000000010090      0x11b /usr/lib/gcc/i686-linux-gnu/4.8/crtbeginS.o
 .text          0x00000000000101ab      0x3ce udp-server.co
 .text          0x0000000000010579      0x96a obj_cooja/mtype831.o
                0x0000000000010727                contiki_init
                0x0000000000010cfa                Java_org_contikios_cooja_corecomm_Lib6_init
                0x0000000000010d3a                Java_org_contikios_cooja_corecomm_Lib6_getMemory
                0x0000000000010d7a                Java_org_contikios_cooja_corecomm_Lib6_setMemory
                0x0000000000010df1                Java_org_contikios_cooja_corecomm_Lib6_tick
                0x0000000000010ed1                Java_org_contikios_cooja_corecomm_Lib6_setReferenceAddress
 .text          0x0000000000010ee3       0x63 obj_cooja/mtype831.a(simEnvChange.o)
                0x0000000000010ee3                doActionsBeforeTick
                0x0000000000010f14                doActionsAfterTick
 .text          0x0000000000010f46       0xbc obj_cooja/mtype831.a(cooja_mt.o)
                0x0000000000010f46                cooja_mt_init
                0x0000000000010f53                cooja_mt_remove
                0x0000000000010f60                cooja_mt_start
                0x0000000000010f8d                cooja_mt_exec
                0x0000000000010fbe                cooja_mt_exit
                0x0000000000010fe0                cooja_mt_yield
 .text          0x0000000000011002      0x115 obj_cooja/mtype831.a(cooja_mtarch.o)
                0x0000000000011002                cooja_mtarch_init
                0x0000000000011007                cooja_mtarch_start
                0x0000000000011082                cooja_sw
                0x00000000000110a4                cooja_mtarch_exec
                0x00000000000110c0                cooja_mtarch_remove
                0x00000000000110c5                cooja_mtarch_yield
                0x00000000000110cf                cooja_mtarch_pstop
                0x00000000000110d4                cooja_mtarch_pstart
                0x00000000000110d9                cooja_mtarch_stack_usage
 .text          0x0000000000011117       0xc2 obj_cooja/mtype831.a(rtimer-arch.o)
                0x0000000000011117                rtimer_arch_init
                0x000000000001113a                rtimer_arch_schedule
                0x0000000000011151                rtimer_arch_next
                0x000000000001115b                rtimer_arch_pending
                0x0000000000011165                rtimer_arch_check
                0x0000000000011197                rtimer_arch_now
 .text          0x00000000000111d9       0x76 obj_cooja/mtype831.a(beep.o)
                0x00000000000111d9                beep_alarm
                0x00000000000111e5                beep_beep
                0x00000000000111f1                beep
                0x00000000000111fd                beep_down
                0x0000000000011209                beep_on
                0x0000000000011215                beep_off
                0x0000000000011221                beep_spinup
                0x000000000001122d                beep_quick
                0x0000000000011239                beep_long
 .text          0x000000000001124f      0x103 obj_cooja/mtype831.a(button-sensor.o)
 .text          0x0000000000011352       0x45 obj_cooja/mtype831.a(leds-arch.o)
                0x0000000000011352                leds_arch_init
                0x000000000001135e                leds_arch_get
                0x000000000001136a                leds_arch_set
 .text          0x0000000000011397       0x2f obj_cooja/mtype831.a(moteid.o)
 .text          0x00000000000113c6       0xb1 obj_cooja/mtype831.a(pir-sensor.o)
 .text          0x0000000000011477      0x131 obj_cooja/mtype831.a(rs232.o)
                0x0000000000011477                rs232_init
                0x000000000001147c                rs232_set_speed
                0x000000000001148a                rs232_set_input
                0x0000000000011497                rs232_send
                0x00000000000114b9                rs232_print
                0x00000000000114d4                slip_arch_writeb
 .text          0x00000000000115a8       0xb1 obj_cooja/mtype831.a(vib-sensor.o)
 .text          0x0000000000011659       0x34 obj_cooja/mtype831.a(clock.o)
                0x0000000000011659                clock_init
                0x000000000001165e                clock_time
                0x0000000000011668                clock_seconds
                0x000000000001167e                clock_delay
 .text          0x000000000001168d      0x1ed obj_cooja/mtype831.a(log.o)
                0x000000000001168d                simlog_char
                0x00000000000116cf                simlog
                0x000000000001173c                log_message
                0x0000000000011764                log_set_putchar_with_slip
                0x0000000000011771                log_putchar
                0x00000000000117f5                log_puts
                0x0000000000011819                log_printf
 .text          0x000000000001187a      0x2c4 obj_cooja/mtype831.a(cfs-cooja.o)
                0x000000000001187a                cfs_open
                0x00000000000118e3                cfs_close
                0x00000000000118ef                cfs_read
                0x000000000001198d                cfs_write
                0x0000000000011a6a                cfs_seek
                0x0000000000011af2                cfs_remove
                0x0000000000011b1b                cfs_opendir
                0x0000000000011b25                cfs_readdir
                0x0000000000011b2f                cfs_closedir
 .text          0x0000000000011b3e      0x69f obj_cooja/mtype831.a(cooja-radio.o)
                0x0000000000011b68                radio_set_channel
                0x0000000000011b7d                radio_set_txpower
                0x0000000000011b9d                radio_signal_strength_last
                0x0000000000011ba7                radio_signal_strength_current
                0x0000000000011bb1                radio_LQI
 .text          0x00000000000121dd       0xef obj_cooja/mtype831.a(eeprom.o)
                0x00000000000121dd                eeprom_init
                0x00000000000121e2                eeprom_read
                0x0000000000012252                eeprom_write
 .text          0x00000000000122cc       0x28 obj_cooja/mtype831.a(random.o)
                0x00000000000122cc                random_init
                0x00000000000122e7                random_rand
 .text          0x00000000000122f4      0x2a1 obj_cooja/mtype831.a(sensors.o)
                0x000000000001232f                sensors_first
                0x0000000000012339                sensors_next
                0x0000000000012356                sensors_changed
                0x0000000000012385                sensors_find
 .text          0x0000000000012595      0x134 obj_cooja/mtype831.a(leds.o)
                0x00000000000125e6                leds_init
                0x00000000000125fa                leds_blink
                0x0000000000012632                leds_get
                0x000000000001263f                leds_set
                0x0000000000012659                leds_on
                0x000000000001267c                leds_off
                0x00000000000126a6                leds_toggle
 .text          0x00000000000126c9      0x432 obj_cooja/mtype831.a(dual_conf.o)
                0x00000000000126c9                dual_radio_switch
                0x0000000000012709                dual_radio_change
                0x0000000000012743                sending_in_LR
                0x000000000001276e                dual_radio_received
                0x00000000000127a6                radio_received_is_longrange
                0x00000000000127c1                dual_radio_turn_on
                0x00000000000127e4                dual_radio_turn_off
                0x0000000000012a81                dio_broadcast
                0x0000000000012aaa                dis_broadcast
                0x0000000000012acb                LSA_converge_broadcast
 .text          0x0000000000012afb       0x8e obj_cooja/mtype831.a(autostart.o)
                0x0000000000012afb                autostart_start
                0x0000000000012b46                autostart_exit
 .text          0x0000000000012b89      0x334 obj_cooja/mtype831.a(ctimer.o)
                0x0000000000012ca0                ctimer_init
                0x0000000000012cd0                ctimer_set
                0x0000000000012d01                ctimer_set_with_process
                0x0000000000012d7d                ctimer_reset
                0x0000000000012dcc                ctimer_restart
                0x0000000000012e1b                ctimer_stop
                0x0000000000012e66                ctimer_expired
 .text          0x0000000000012ebd      0x40b obj_cooja/mtype831.a(etimer.o)
                0x00000000000130d0                etimer_request_poll
                0x0000000000013154                etimer_set
                0x0000000000013179                etimer_reset_with_new_interval
                0x00000000000131a0                etimer_reset
                0x00000000000131be                etimer_restart
                0x00000000000131dc                etimer_adjust
                0x00000000000131f8                etimer_expired
                0x000000000001320b                etimer_expiration_time
                0x000000000001321d                etimer_start_time
                0x0000000000013227                etimer_pending
                0x0000000000013239                etimer_next_expiration_time
                0x0000000000013253                etimer_stop
 .text          0x00000000000132c8      0x224 obj_cooja/mtype831.a(log_message.o)
                0x00000000000132c8                log_initialization
                0x00000000000134cb                log_finisher
 .text          0x00000000000134ec      0x560 obj_cooja/mtype831.a(process.o)
                0x00000000000134ec                process_alloc_event
                0x0000000000013501                process_start
                0x00000000000136ea                process_exit
                0x0000000000013706                process_init
                0x00000000000138d7                process_run
                0x000000000001390a                process_nevents
                0x0000000000013925                process_post
                0x00000000000139d1                process_post_synch
                0x0000000000013a09                process_poll
                0x0000000000013a38                process_is_running
 .text          0x0000000000013a4c       0xd3 obj_cooja/mtype831.a(residual.o)
                0x0000000000013a4c                get_residual_energy
 .text          0x0000000000013b1f       0xba obj_cooja/mtype831.a(rtimer.o)
                0x0000000000013b1f                rtimer_init
                0x0000000000013b2c                rtimer_set
                0x0000000000013b83                rtimer_run_next
 .text          0x0000000000013bd9       0x91 obj_cooja/mtype831.a(timer.o)
                0x0000000000013bd9                timer_set
                0x0000000000013bf4                timer_reset
                0x0000000000013c0b                timer_restart
                0x0000000000013c1d                timer_expired
                0x0000000000013c46                timer_remaining
 .text          0x0000000000013c6a      0x1fb obj_cooja/mtype831.a(serial-line.o)
                0x0000000000013c6a                serial_line_input_byte
                0x0000000000013e2d                serial_line_init
 .text          0x0000000000013e65      0x244 obj_cooja/mtype831.a(list.o)
                0x0000000000013e65                list_init
                0x0000000000013e73                list_head
                0x0000000000013e7d                list_copy
                0x0000000000013e8c                list_tail
                0x0000000000013ec2                list_add
                0x0000000000013f0b                list_push
                0x0000000000013f37                list_chop
                0x0000000000013fa1                list_pop
                0x0000000000013fc9                list_remove
                0x0000000000014030                list_length
                0x000000000001405e                list_insert
                0x0000000000014092                list_item_next
 .text          0x00000000000140a9      0x155 obj_cooja/mtype831.a(ringbuf.o)
                0x00000000000140a9                ringbuf_init
                0x00000000000140da                ringbuf_put
                0x0000000000014158                ringbuf_get
                0x00000000000141c5                ringbuf_size
                0x00000000000141d7                ringbuf_elements
 .text          0x00000000000141fe     0x258b obj_cooja/mtype831.a(sicslowpan.o)
                0x0000000000014788                rime_sniffer_add
                0x0000000000014795                rime_sniffer_remove
                0x0000000000016728                sicslowpan_init
                0x000000000001677f                sicslowpan_get_last_rssi
 .text          0x0000000000016789      0x2dc obj_cooja/mtype831.a(uip-ds6-nbr.o)
                0x00000000000167a6                uip_ds6_neighbors_init
                0x00000000000167c3                uip_ds6_nbr_add
                0x0000000000016874                uip_ds6_nbr_rm
                0x00000000000168d1                uip_ds6_nbr_get_ipaddr
                0x00000000000168e6                uip_ds6_nbr_get_ll
                0x0000000000016902                uip_ds6_nbr_num
                0x0000000000016947                uip_ds6_nbr_lookup
                0x00000000000169ac                uip_ds6_nbr_ll_lookup
                0x00000000000169c8                uip_ds6_nbr_ipaddr_from_lladdr
                0x00000000000169ee                uip_ds6_nbr_lladdr_from_ipaddr
                0x0000000000016a1c                uip_ds6_link_neighbor_callback
 .text          0x0000000000016a65     0x12ad obj_cooja/mtype831.a(uip-ds6.o)
                0x0000000000016a65                uip_ds6_init
                0x0000000000016dba                uip_ds6_periodic
                0x0000000000016e92                uip_ds6_list_loop
                0x0000000000016f39                uip_ds6_prefix_add
                0x0000000000016ff7                uip_ds6_prefix_rm
                0x0000000000017009                uip_ds6_prefix_lookup
                0x000000000001705a                uip_ds6_is_addr_onlink
                0x00000000000170ce                uip_ds6_addr_add
                0x00000000000171fc                uip_ds6_long_addr_add
                0x000000000001732a                uip_ds6_addr_rm
                0x00000000000173ca                uip_ds6_addr_lookup
                0x0000000000017415                uip_ds6_long_addr_lookup
                0x0000000000017460                uip_ds6_get_link_local
                0x00000000000174df                uip_ds6_long_get_link_local
                0x000000000001755e                uip_ds6_get_global
                0x00000000000175dd                uip_ds6_long_get_global
                0x000000000001765c                uip_ds6_maddr_add
                0x00000000000176ce                uip_ds6_long_maddr_add
                0x0000000000017740                uip_ds6_maddr_rm
                0x0000000000017752                uip_ds6_maddr_lookup
                0x000000000001779d                uip_ds6_long_maddr_lookup
                0x00000000000177e8                uip_ds6_aaddr_add
                0x000000000001785a                uip_ds6_long_aaddr_add
                0x00000000000178cc                uip_ds6_aaddr_rm
                0x00000000000178de                uip_ds6_aaddr_lookup
                0x0000000000017929                uip_ds6_long_aaddr_lookup
                0x0000000000017974                uip_ds6_select_src
                0x0000000000017bfd                uip_ds6_set_addr_iid
                0x0000000000017c34                get_match_length
                0x0000000000017cc6                uip_ds6_compute_reachable_time
 .text          0x0000000000017d12     0x2a07 obj_cooja/mtype831.a(uip6.o)
                0x0000000000017d12                uip_add32
                0x0000000000017eab                uip_chksum
                0x0000000000017f99                uip_icmp6chksum
                0x0000000000017fad                uip_tcpchksum
                0x0000000000017fc1                uip_udpchksum
                0x0000000000017fd5                uip_init
                0x00000000000180a5                uip_connect
                0x0000000000018254                remove_ext_hdr
                0x0000000000018329                uip_udp_new
                0x0000000000018485                uip_unlisten
                0x00000000000184e5                uip_listen
                0x00000000000187a7                uip_process
                0x000000000001a60d                uip_htons
                0x000000000001a62f                uip_htonl
                0x000000000001a66f                uip_send
 .text          0x000000000001a719      0xb80 obj_cooja/mtype831.a(tcpip.o)
                0x000000000001a719                tcpip_output
                0x000000000001a754                tcpip_set_outputfunc
                0x000000000001a7e8                tcp_connect
                0x000000000001a83d                tcp_unlisten
                0x000000000001a898                tcp_listen
                0x000000000001a8f1                tcp_attach
                0x000000000001a916                udp_attach
                0x000000000001a93b                udp_new
                0x000000000001a98d                udp_broadcast_new
                0x000000000001ac01                tcpip_input
                0x000000000001ac35                tcpip_ipv6_output
                0x000000000001b0d5                tcpip_poll_udp
                0x000000000001b0f8                tcpip_poll_tcp
                0x000000000001b11b                tcpip_uipcall
 .text          0x000000000001b299      0x1c1 obj_cooja/mtype831.a(uip-debug.o)
                0x000000000001b299                uip_debug_ipaddr_print
                0x000000000001b3fb                uip_debug_lladdr_print
 .text          0x000000000001b45a      0x141 obj_cooja/mtype831.a(uip-packetqueue)
                0x000000000001b486                uip_packetqueue_new
                0x000000000001b494                uip_packetqueue_alloc
                0x000000000001b4f4                uip_packetqueue_free
                0x000000000001b535                uip_packetqueue_buf
                0x000000000001b552                uip_packetqueue_buflen
                0x000000000001b573                uip_packetqueue_set_buflen
 .text          0x000000000001b59b     0x26ab obj_cooja/mtype831.a(rpl-dag.o)
                0x000000000001b59b                rpl_lr_in_child
                0x000000000001b653                rpl_print_neighbor_list
                0x000000000001b6fc                rpl_print_child_neighbor_list
                0x000000000001b771                rpl_get_nbr
                0x000000000001b7cb                rpl_get_nbr_child
                0x000000000001b825                rpl_dag_init
                0x000000000001b857                rpl_get_parent
                0x000000000001b879                rpl_get_parent_rank
                0x000000000001b8ac                rpl_get_parent_link_metric
                0x000000000001b8df                rpl_get_parent_ipaddr
                0x000000000001b909                rpl_get_child_ipaddr
                0x000000000001bc24                rpl_set_root
                0x000000000001be52                rpl_repair_root
                0x000000000001c08e                rpl_set_prefix
                0x000000000001c18d                rpl_set_default_route
                0x000000000001c219                rpl_alloc_instance
                0x000000000001c2a1                rpl_alloc_dag
                0x000000000001c354                rpl_set_default_instance
                0x000000000001c361                rpl_get_default_instance
                0x000000000001c36b                rpl_free_instance
                0x000000000001c40c                rpl_free_dag
                0x000000000001c472                rpl_add_parent
                0x000000000001c55b                rpl_find_parent
                0x000000000001c58b                rpl_add_child
                0x000000000001c62f                rpl_find_child
                0x000000000001c67d                rpl_find_parent_any_dag
                0x000000000001c6b9                rpl_select_dag
                0x000000000001caef                rpl_select_parent
                0x000000000001cb51                rpl_remove_parent
                0x000000000001cb87                rpl_remove_child
                0x000000000001cba3                rpl_nullify_parent
                0x000000000001cc41                rpl_move_parent
                0x000000000001ccde                rpl_has_downward_route
                0x000000000001cd31                rpl_get_any_dag
                0x000000000001cd93                rpl_get_instance
                0x000000000001cdf6                rpl_find_of
                0x000000000001ce33                rpl_join_instance
                0x000000000001d0cf                rpl_add_dag
                0x000000000001d4be                rpl_local_repair
                0x000000000001d597                rpl_recalculate_ranks
                0x000000000001d61d                rpl_process_parent_event
                0x000000000001d6cf                rpl_process_dio
 .text          0x000000000001dc46      0xbf3 obj_cooja/mtype831.a(rpl-ext-header.)
                0x000000000001dc63                rpl_verify_header
                0x000000000001e0dd                rpl_update_header_empty
                0x000000000001e3f4                rpl_update_header_final
                0x000000000001e583                rpl_remove_header
                0x000000000001e68d                rpl_invert_header
                0x000000000001e817                rpl_insert_header
 .text          0x000000000001e839     0x24ea obj_cooja/mtype831.a(rpl-icmp6.o)
                0x000000000001eb02                rpl_icmp6_update_nbr_table
                0x000000000001ebf2                dis_output
                0x000000000001f52a                dio_output
                0x000000000001fd95                LSA_converge_output
                0x0000000000020882                dao_output
                0x000000000002094a                dao_output_target
                0x0000000000020ccb                dao_ack_output
                0x0000000000020cdf                rpl_icmp6_register_handlers
 .text          0x0000000000020d23      0x3dc obj_cooja/mtype831.a(rpl-ltmax.o)
 .text          0x00000000000210ff      0x748 obj_cooja/mtype831.a(rpl-timers.o)
                0x00000000000210ff                rpl_LSA_convergence_timer
                0x00000000000211f8                rpl_reset_LSA_convergence_timer
                0x00000000000214f0                rpl_reset_periodic_timer
                0x0000000000021545                rpl_reset_dio_timer
                0x000000000002177f                rpl_schedule_dao
                0x000000000002179a                rpl_schedule_dao_immediately
                0x00000000000217b5                rpl_cancel_dao
                0x0000000000021817                rpl_schedule_unicast_dio_immediately
 .text          0x0000000000021847      0x5dc obj_cooja/mtype831.a(rpl.o)
                0x0000000000021847                rpl_get_mode
                0x0000000000021851                rpl_set_mode
                0x00000000000218df                rpl_purge_routes
                0x00000000000219d9                rpl_remove_routes
                0x0000000000021a1f                rpl_remove_routes_by_nexthop
                0x0000000000021a8b                rpl_add_route
                0x0000000000021b06                rpl_link_neighbor_callback
                0x0000000000021c0b                rpl_ipv6_neighbor_callback
                0x0000000000021c7a                rpl_purge_dags
                0x0000000000021d86                rpl_init
 .text          0x0000000000021e23      0x87b obj_cooja/mtype831.a(csma.o)
 .text          0x000000000002269e      0x3f5 obj_cooja/mtype831.a(framer-802154.o)
 .text          0x0000000000022a93       0x3c obj_cooja/mtype831.a(mac.o)
                0x0000000000022a93                mac_call_sent_callback
 .text          0x0000000000022acf     0x1012 obj_cooja/mtype831.a(cxmac.o)
                0x0000000000023a15                cxmac_set_announcement_radio_txpower
                0x0000000000023a1a                cxmac_init
 .text          0x0000000000023ae1       0x82 obj_cooja/mtype831.a(linkaddr.o)
                0x0000000000023ae1                linkaddr_copy
                0x0000000000023b03                linkaddr_cmp
                0x0000000000023b2d                linkaddr_set_node_addr
                0x0000000000023b48                linkaddr_set_node_long_addr
 .text          0x0000000000023b63      0x915 obj_cooja/mtype831.a(nbr-table.o)
                0x0000000000023b63                long_ip_from_lladdr_map
                0x0000000000023bec                lladdr_map_add_lr
                0x0000000000023ca9                lladdr_map_rm_lr
                0x000000000002416e                nbr_table_register
                0x00000000000241b6                nbr_table_head
                0x0000000000024212                nbr_table_next
                0x0000000000024279                nbr_table_add_lladdr
                0x0000000000024355                nbr_table_get_from_lladdr
                0x00000000000243a2                nbr_table_remove
                0x00000000000243f4                nbr_table_lock
                0x000000000002441e                nbr_table_unlock
                0x0000000000024448                nbr_table_get_lladdr
 .text          0x0000000000024478       0x2b obj_cooja/mtype831.a(netstack.o)
                0x0000000000024478                netstack_init
 .text          0x00000000000244a3      0x3cd obj_cooja/mtype831.a(packetbuf.o)
                0x00000000000244a3                packetbuf_clear
                0x00000000000244cd                packetbuf_copyfrom
                0x000000000002451f                packetbuf_compact
                0x000000000002459c                packetbuf_copyto
                0x0000000000024633                packetbuf_hdralloc
                0x00000000000246b0                packetbuf_hdrreduce
                0x00000000000246f8                packetbuf_set_datalen
                0x0000000000024711                packetbuf_dataptr
                0x000000000002472e                packetbuf_hdrptr
                0x0000000000024738                packetbuf_datalen
                0x0000000000024744                packetbuf_hdrlen
                0x000000000002475b                packetbuf_totlen
                0x0000000000024771                packetbuf_attr_clear
                0x00000000000247c3                packetbuf_attr_copyto
                0x000000000002480c                packetbuf_attr_copyfrom
                0x0000000000024854                packetbuf_holds_broadcast
 .text          0x0000000000024870      0x2b4 obj_cooja/mtype831.a(queuebuf.o)
                0x000000000002487a                queuebuf_init
                0x000000000002489a                queuebuf_numfree
                0x00000000000248ae                queuebuf_new_from_packetbuf
                0x000000000002493e                queuebuf_update_attr_from_packetbuf
                0x0000000000024971                queuebuf_update_from_packetbuf
                0x00000000000249bb                queuebuf_free
                0x0000000000024a02                queuebuf_to_packetbuf
                0x0000000000024a68                queuebuf_dataptr
                0x0000000000024a9f                queuebuf_datalen
                0x0000000000024ac2                queuebuf_addr
                0x0000000000024af4                queuebuf_attr
                0x0000000000024b1f                queuebuf_debug_print
 .text          0x0000000000024b24       0x6e obj_cooja/mtype831.a(nullsec.o)
 .text          0x0000000000024b92       0x19 obj_cooja/mtype831.a(watchdog.o)
                0x0000000000024b92                watchdog_init
                0x0000000000024b97                watchdog_start
                0x0000000000024b9c                watchdog_periodic
                0x0000000000024ba1                watchdog_stop
                0x0000000000024ba6                watchdog_reboot
 .text          0x0000000000024bab        0x0 obj_cooja/mtype831.a(rimestats.o)
 .text          0x0000000000024bab       0xa3 obj_cooja/mtype831.a(stimer.o)
                0x0000000000024bab                stimer_set
                0x0000000000024bc6                stimer_reset
                0x0000000000024bdd                stimer_restart
                0x0000000000024bef                stimer_expired
                0x0000000000024c16                stimer_remaining
                0x0000000000024c3a                stimer_elapsed
 .text          0x0000000000024c4e      0x1c1 obj_cooja/mtype831.a(memb.o)
                0x0000000000024c4e                memb_init
                0x0000000000024cac                memb_alloc
                0x0000000000024d11                memb_free
                0x0000000000024d8c                memb_inmemb
                0x0000000000024dcb                memb_numfree
 .text          0x0000000000024e0f      0x916 obj_cooja/mtype831.a(uip-ds6-route.o)
                0x0000000000024e86                uip_ds6_notification_add
                0x0000000000024eb7                uip_ds6_notification_rm
                0x0000000000024ed3                uip_ds6_route_init
                0x0000000000024f5b                uip_ds6_route_nexthop
                0x0000000000024f83                uip_ds6_route_head
                0x0000000000024f98                uip_ds6_route_next
                0x0000000000024fbe                uip_ds6_route_is_nexthop
                0x0000000000024ffd                uip_ds6_route_num_routes
                0x0000000000025007                uip_ds6_route_lookup
                0x00000000000250c9                uip_ds6_route_add
                0x00000000000252fd                uip_ds6_route_rm
                0x0000000000025491                uip_ds6_route_rm_by_nexthop
                0x00000000000254c9                uip_ds6_defrt_add
                0x000000000002557a                uip_ds6_defrt_rm
                0x00000000000255f9                uip_ds6_defrt_lookup
                0x0000000000025652                uip_ds6_defrt_choose
                0x00000000000256bd                uip_ds6_defrt_periodic
 .text          0x0000000000025725      0xabf obj_cooja/mtype831.a(uip-icmp6.o)
                0x0000000000025793                uip_icmp6_input
                0x00000000000257e9                uip_icmp6_register_input_handler
                0x0000000000025ab1                uip_icmp6_error_output
                0x0000000000025df6                uip_icmp6_send
                0x0000000000026177                uip_icmp6_echo_reply_callback_add
                0x00000000000261a8                uip_icmp6_echo_reply_callback_rm
                0x00000000000261c4                uip_icmp6_init
 .text          0x00000000000261e4      0x358 obj_cooja/mtype831.a(uip-nd6.o)
                0x0000000000026238                uip_nd6_ns_output
                0x0000000000026537                uip_nd6_init
 .text          0x000000000002653c      0x331 obj_cooja/mtype831.a(rpl-nbr-policy.)
                0x0000000000026714                find_removable_dis
                0x0000000000026737                find_removable_dio
                0x00000000000267c6                find_removable_dao
                0x0000000000026816                rpl_nbr_policy_find_removable
 .text          0x000000000002686d      0x97c obj_cooja/mtype831.a(frame802154.o)
                0x000000000002689e                frame802154_get_pan_id
                0x00000000000268aa                frame802154_set_pan_id
                0x00000000000268c3                frame802154_has_panid
                0x00000000000269af                frame802154_check_dest_panid
                0x0000000000026a17                frame802154_is_broadcast_addr
                0x0000000000026a64                frame802154_extract_linkaddr
                0x0000000000026ca4                frame802154_hdrlen
                0x0000000000026cf5                frame802154_create
                0x0000000000026ee0                frame802154_parse
 .text          0x00000000000271e9        0x0 /usr/lib/gcc/i686-linux-gnu/4.8/crtendS.o
 .text          0x00000000000271e9        0x0 /usr/lib/gcc/i686-linux-gnu/4.8/../../../i386-linux-gnu/crtn.o
 *(.gnu.warning)

.fini           0x00000000000271ec       0x14
 *(SORT(.fini))
 .fini          0x00000000000271ec        0xf /usr/lib/gcc/i686-linux-gnu/4.8/../../../i386-linux-gnu/crti.o
                0x00000000000271ec                _fini
 .fini          0x00000000000271fb        0x5 /usr/lib/gcc/i686-linux-gnu/4.8/../../../i386-linux-gnu/crtn.o
                0x0000000000027200                PROVIDE (__etext, .)
                0x0000000000027200                PROVIDE (_etext, .)
                0x0000000000027200                PROVIDE (etext, .)

.rodata         0x0000000000027200      0x9e0
 *(.rodata .rodata.* .gnu.linkonce.r.*)
 .rodata        0x0000000000027200      0x148 udp-server.co
                0x0000000000027214                autostart_processes
 .rodata        0x0000000000027348      0x1e6 obj_cooja/mtype831.o
 *fill*         0x000000000002752e        0x2 
 .rodata        0x0000000000027530        0x8 obj_cooja/mtype831.a(beep.o)
                0x0000000000027530                beep_interface
 .rodata        0x0000000000027538       0x20 obj_cooja/mtype831.a(button-sensor.o)
                0x0000000000027538                button_interface
                0x0000000000027548                button_sensor
 .rodata        0x0000000000027558        0x8 obj_cooja/mtype831.a(leds-arch.o)
                0x0000000000027558                leds_interface
 .rodata        0x0000000000027560        0x8 obj_cooja/mtype831.a(moteid.o)
                0x0000000000027560                moteid_interface
 .rodata        0x0000000000027568       0x1c obj_cooja/mtype831.a(pir-sensor.o)
                0x0000000000027568                pir_interface
                0x0000000000027574                pir_sensor
 .rodata        0x0000000000027584        0xe obj_cooja/mtype831.a(rs232.o)
                0x0000000000027584                rs232_interface
 *fill*         0x0000000000027592        0x2 
 .rodata        0x0000000000027594       0x24 obj_cooja/mtype831.a(vib-sensor.o)
                0x0000000000027594                vib_interface
                0x00000000000275a8                vib_sensor
 .rodata        0x00000000000275b8        0x8 obj_cooja/mtype831.a(clock.o)
                0x00000000000275b8                clock_interface
 .rodata        0x00000000000275c0        0x8 obj_cooja/mtype831.a(log.o)
                0x00000000000275c0                simlog_interface
 .rodata        0x00000000000275c8       0x2f obj_cooja/mtype831.a(cfs-cooja.o)
                0x00000000000275c8                cfs_interface
 *fill*         0x00000000000275f7        0x9 
 .rodata        0x0000000000027600       0x60 obj_cooja/mtype831.a(cooja-radio.o)
                0x0000000000027620                cooja_radio_driver
                0x0000000000027658                radio_interface
 .rodata        0x0000000000027660        0x8 obj_cooja/mtype831.a(eeprom.o)
                0x0000000000027660                eeprom_interface
 .rodata        0x0000000000027668        0x8 obj_cooja/mtype831.a(sensors.o)
 .rodata        0x0000000000027670       0x33 obj_cooja/mtype831.a(dual_conf.o)
 .rodata        0x00000000000276a3        0xf obj_cooja/mtype831.a(ctimer.o)
 .rodata        0x00000000000276b2        0xc obj_cooja/mtype831.a(etimer.o)
 *fill*         0x00000000000276be        0x2 
 .rodata        0x00000000000276c0      0x1b1 obj_cooja/mtype831.a(log_message.o)
 *fill*         0x0000000000027871        0x3 
 .rodata        0x0000000000027874       0x20 obj_cooja/mtype831.a(residual.o)
                0x0000000000027874                DISSIPATION_RATE
 .rodata        0x0000000000027894        0xe obj_cooja/mtype831.a(serial-line.o)
 *fill*         0x00000000000278a2        0x2 
 .rodata        0x00000000000278a4       0x2c obj_cooja/mtype831.a(sicslowpan.o)
                0x00000000000278a4                unc_llconf
                0x00000000000278a8                unc_ctxconf
                0x00000000000278ac                unc_mxconf
                0x00000000000278b0                llprefix
                0x00000000000278c4                sicslowpan_driver
 .rodata        0x00000000000278d0      0x13c obj_cooja/mtype831.a(uip6.o)
 .rodata        0x0000000000027a0c       0x49 obj_cooja/mtype831.a(tcpip.o)
 .rodata        0x0000000000027a55       0x3e obj_cooja/mtype831.a(uip-debug.o)
 *fill*         0x0000000000027a93        0x1 
 .rodata        0x0000000000027a94        0x4 obj_cooja/mtype831.a(rpl-dag.o)
 .rodata        0x0000000000027a98       0x1c obj_cooja/mtype831.a(rpl-icmp6.o)
 .rodata        0x0000000000027ab4       0x8a obj_cooja/mtype831.a(rpl-timers.o)
 *fill*         0x0000000000027b3e        0x2 
 .rodata        0x0000000000027b40       0x24 obj_cooja/mtype831.a(csma.o)
                0x0000000000027b48                csma_driver
 .rodata        0x0000000000027b64        0xc obj_cooja/mtype831.a(framer-802154.o)
                0x0000000000027b64                framer_802154
 *fill*         0x0000000000027b70       0x10 
 .rodata        0x0000000000027b80       0x40 obj_cooja/mtype831.a(cxmac.o)
                0x0000000000027ba0                cxmac_driver
 .rodata        0x0000000000027bc0        0x8 obj_cooja/mtype831.a(linkaddr.o)
                0x0000000000027bc0                linkaddr_null
 .rodata        0x0000000000027bc8       0x18 obj_cooja/mtype831.a(nullsec.o)
                0x0000000000027bd0                nullsec_driver

.rodata1
 *(.rodata1)

.eh_frame_hdr   0x0000000000027be0     0x1434
 *(.eh_frame_hdr)
 .eh_frame_hdr  0x0000000000027be0     0x1434 udp-server.co

.eh_frame       0x0000000000029014     0x5230
 *(.eh_frame)
 .eh_frame      0x0000000000029014       0x3c /usr/lib/gcc/i686-linux-gnu/4.8/../../../i386-linux-gnu/crti.o
                                         0x40 (size before relaxing)
 .eh_frame      0x0000000000029050       0x68 udp-server.co
                                         0x80 (size before relaxing)
 .eh_frame      0x00000000000290b8      0x148 obj_cooja/mtype831.o
                                        0x160 (size before relaxing)
 .eh_frame      0x0000000000029200       0x40 obj_cooja/mtype831.a(simEnvChange.o)
                                         0x58 (size before relaxing)
 .eh_frame      0x0000000000029240       0xc0 obj_cooja/mtype831.a(cooja_mt.o)
                                         0xd8 (size before relaxing)
 .eh_frame      0x0000000000029300      0x120 obj_cooja/mtype831.a(cooja_mtarch.o)
                                        0x138 (size before relaxing)
 .eh_frame      0x0000000000029420       0xc0 obj_cooja/mtype831.a(rtimer-arch.o)
                                         0xd8 (size before relaxing)
 .eh_frame      0x00000000000294e0      0x160 obj_cooja/mtype831.a(beep.o)
                                        0x178 (size before relaxing)
 .eh_frame      0x0000000000029640       0xa0 obj_cooja/mtype831.a(button-sensor.o)
                                         0xb8 (size before relaxing)
 .eh_frame      0x00000000000296e0       0xa0 obj_cooja/mtype831.a(leds-arch.o)
                                         0xb8 (size before relaxing)
 .eh_frame      0x0000000000029780       0x40 obj_cooja/mtype831.a(moteid.o)
                                         0x58 (size before relaxing)
 .eh_frame      0x00000000000297c0       0xa0 obj_cooja/mtype831.a(pir-sensor.o)
                                         0xb8 (size before relaxing)
 .eh_frame      0x0000000000029860      0x100 obj_cooja/mtype831.a(rs232.o)
                                        0x118 (size before relaxing)
 .eh_frame      0x0000000000029960       0xa0 obj_cooja/mtype831.a(vib-sensor.o)
                                         0xb8 (size before relaxing)
 .eh_frame      0x0000000000029a00       0xc0 obj_cooja/mtype831.a(clock.o)
                                         0xd8 (size before relaxing)
 .eh_frame      0x0000000000029ac0      0x120 obj_cooja/mtype831.a(log.o)
                                        0x138 (size before relaxing)
 .eh_frame      0x0000000000029be0      0x160 obj_cooja/mtype831.a(cfs-cooja.o)
                                        0x178 (size before relaxing)
 .eh_frame      0x0000000000029d40      0x2e0 obj_cooja/mtype831.a(cooja-radio.o)
                                        0x2f8 (size before relaxing)
 .eh_frame      0x000000000002a020       0xa0 obj_cooja/mtype831.a(eeprom.o)
                                         0xb8 (size before relaxing)
 .eh_frame      0x000000000002a0c0       0x40 obj_cooja/mtype831.a(random.o)
                                         0x58 (size before relaxing)
 .eh_frame      0x000000000002a100       0xc0 obj_cooja/mtype831.a(sensors.o)
                                         0xd8 (size before relaxing)
 .eh_frame      0x000000000002a1c0      0x100 obj_cooja/mtype831.a(leds.o)
                                        0x118 (size before relaxing)
 .eh_frame      0x000000000002a2c0      0x1a0 obj_cooja/mtype831.a(dual_conf.o)
                                        0x1b8 (size before relaxing)
 .eh_frame      0x000000000002a460       0x40 obj_cooja/mtype831.a(autostart.o)
                                         0x58 (size before relaxing)
 .eh_frame      0x000000000002a4a0      0x100 obj_cooja/mtype831.a(ctimer.o)
                                        0x118 (size before relaxing)
 .eh_frame      0x000000000002a5a0      0x1e0 obj_cooja/mtype831.a(etimer.o)
                                        0x1f8 (size before relaxing)
 .eh_frame      0x000000000002a780       0x50 obj_cooja/mtype831.a(log_message.o)
                                         0x68 (size before relaxing)
 .eh_frame      0x000000000002a7d0      0x1c8 obj_cooja/mtype831.a(process.o)
                                        0x1e0 (size before relaxing)
 .eh_frame      0x000000000002a998       0x2c obj_cooja/mtype831.a(residual.o)
                                         0x44 (size before relaxing)
 .eh_frame      0x000000000002a9c4       0x60 obj_cooja/mtype831.a(rtimer.o)
                                         0x78 (size before relaxing)
 .eh_frame      0x000000000002aa24       0xa4 obj_cooja/mtype831.a(timer.o)
                                         0xbc (size before relaxing)
 .eh_frame      0x000000000002aac8       0x60 obj_cooja/mtype831.a(serial-line.o)
                                         0x78 (size before relaxing)
 .eh_frame      0x000000000002ab28      0x180 obj_cooja/mtype831.a(list.o)
                                        0x198 (size before relaxing)
 .eh_frame      0x000000000002aca8       0xa0 obj_cooja/mtype831.a(ringbuf.o)
                                         0xb8 (size before relaxing)
 .eh_frame      0x000000000002ad48      0x350 obj_cooja/mtype831.a(sicslowpan.o)
                                        0x368 (size before relaxing)
 .eh_frame      0x000000000002b098      0x180 obj_cooja/mtype831.a(uip-ds6-nbr.o)
                                        0x198 (size before relaxing)
 .eh_frame      0x000000000002b218      0x3c8 obj_cooja/mtype831.a(uip-ds6.o)
                                        0x3e0 (size before relaxing)
 .eh_frame      0x000000000002b5e0      0x27c obj_cooja/mtype831.a(uip6.o)
                                        0x294 (size before relaxing)
 .eh_frame      0x000000000002b85c      0x270 obj_cooja/mtype831.a(tcpip.o)
                                        0x288 (size before relaxing)
 .eh_frame      0x000000000002bacc       0x48 obj_cooja/mtype831.a(uip-debug.o)
                                         0x60 (size before relaxing)
 .eh_frame      0x000000000002bb14       0xe0 obj_cooja/mtype831.a(uip-packetqueue)
                                         0xf8 (size before relaxing)
 .eh_frame      0x000000000002bbf4      0x76c obj_cooja/mtype831.a(rpl-dag.o)
                                        0x784 (size before relaxing)
 .eh_frame      0x000000000002c360      0x10c obj_cooja/mtype831.a(rpl-ext-header.)
                                        0x124 (size before relaxing)
 .eh_frame      0x000000000002c46c      0x2f8 obj_cooja/mtype831.a(rpl-icmp6.o)
                                        0x310 (size before relaxing)
 .eh_frame      0x000000000002c764       0xe0 obj_cooja/mtype831.a(rpl-ltmax.o)
                                         0xf8 (size before relaxing)
 .eh_frame      0x000000000002c844      0x20c obj_cooja/mtype831.a(rpl-timers.o)
                                        0x224 (size before relaxing)
 .eh_frame      0x000000000002ca50      0x148 obj_cooja/mtype831.a(rpl.o)
                                        0x160 (size before relaxing)
 .eh_frame      0x000000000002cb98      0x28c obj_cooja/mtype831.a(csma.o)
                                        0x2a4 (size before relaxing)
 .eh_frame      0x000000000002ce24      0x108 obj_cooja/mtype831.a(framer-802154.o)
                                        0x120 (size before relaxing)
 .eh_frame      0x000000000002cf2c       0x20 obj_cooja/mtype831.a(mac.o)
                                         0x38 (size before relaxing)
 .eh_frame      0x000000000002cf4c      0x2bc obj_cooja/mtype831.a(cxmac.o)
                                        0x2d4 (size before relaxing)
 .eh_frame      0x000000000002d208       0x80 obj_cooja/mtype831.a(linkaddr.o)
                                         0x98 (size before relaxing)
 .eh_frame      0x000000000002d288      0x2cc obj_cooja/mtype831.a(nbr-table.o)
                                        0x2e4 (size before relaxing)
 .eh_frame      0x000000000002d554       0x20 obj_cooja/mtype831.a(netstack.o)
                                         0x38 (size before relaxing)
 .eh_frame      0x000000000002d574      0x214 obj_cooja/mtype831.a(packetbuf.o)
                                        0x22c (size before relaxing)
 .eh_frame      0x000000000002d788      0x1a0 obj_cooja/mtype831.a(queuebuf.o)
                                        0x1b8 (size before relaxing)
 .eh_frame      0x000000000002d928       0x80 obj_cooja/mtype831.a(nullsec.o)
                                         0x98 (size before relaxing)
 .eh_frame      0x000000000002d9a8       0xa0 obj_cooja/mtype831.a(watchdog.o)
                                         0xb8 (size before relaxing)
 .eh_frame      0x000000000002da48       0xc4 obj_cooja/mtype831.a(stimer.o)
                                         0xdc (size before relaxing)
 .eh_frame      0x000000000002db0c       0xa0 obj_cooja/mtype831.a(memb.o)
                                         0xb8 (size before relaxing)
 .eh_frame      0x000000000002dbac      0x2a0 obj_cooja/mtype831.a(uip-ds6-route.o)
                                        0x2b8 (size before relaxing)
 .eh_frame      0x000000000002de4c      0x168 obj_cooja/mtype831.a(uip-icmp6.o)
                                        0x180 (size before relaxing)
 .eh_frame      0x000000000002dfb4       0x68 obj_cooja/mtype831.a(uip-nd6.o)
                                         0x80 (size before relaxing)
 .eh_frame      0x000000000002e01c       0xc0 obj_cooja/mtype831.a(rpl-nbr-policy.)
                                         0xd8 (size before relaxing)
 .eh_frame      0x000000000002e0dc      0x164 obj_cooja/mtype831.a(frame802154.o)
                                        0x17c (size before relaxing)
 .eh_frame      0x000000000002e240        0x4 /usr/lib/gcc/i686-linux-gnu/4.8/crtendS.o

.gcc_except_table
 *(.gcc_except_table .gcc_except_table.*)

.exception_ranges
 *(.exception_ranges .exception_ranges*)
                0x000000000002e244                . = (ALIGN (0x1000) - ((0x1000 - .) & 0xfff))
                0x000000000002fef8                . = DATA_SEGMENT_ALIGN (0x1000, 0x1000)

.eh_frame
 *(.eh_frame)

.gcc_except_table
 *(.gcc_except_table .gcc_except_table.*)

.exception_ranges
 *(.exception_ranges .exception_ranges*)

.tdata
 *(.tdata .tdata.* .gnu.linkonce.td.*)

.tbss
 *(.tbss .tbss.* .gnu.linkonce.tb.*)
 *(.tcommon)

.preinit_array
 *(.preinit_array)

.init_array     0x000000000002fef8        0x4
 *(SORT(.init_array.*) SORT(.ctors.*))
 *(.init_array EXCLUDE_FILE(*crtend?.o *crtend.o *crtbegin?.o *crtbegin.o) .ctors)
 .init_array    0x000000000002fef8        0x4 /usr/lib/gcc/i686-linux-gnu/4.8/crtbeginS.o

.fini_array     0x000000000002fefc        0x4
 *(SORT(.fini_array.*) SORT(.dtors.*))
 *(.fini_array EXCLUDE_FILE(*crtend?.o *crtend.o *crtbegin?.o *crtbegin.o) .dtors)
 .fini_array    0x000000000002fefc        0x4 /usr/lib/gcc/i686-linux-gnu/4.8/crtbeginS.o

.ctors
 *crtbegin.o(.ctors)
 *crtbegin?.o(.ctors)
 *(EXCLUDE_FILE(*crtend?.o *crtend.o) .ctors)
 *(SORT(.ctors.*))
 *(.ctors)

.dtors
 *crtbegin.o(.dtors)
 *crtbegin?.o(.dtors)
 *(EXCLUDE_FILE(*crtend?.o *crtend.o) .dtors)
 *(SORT(.dtors.*))
 *(.dtors)

.jcr            0x000000000002ff00        0x4
 *(.jcr)
 .jcr           0x000000000002ff00        0x0 /usr/lib/gcc/i686-linux-gnu/4.8/crtbeginS.o
 .jcr           0x000000000002ff00        0x4 /usr/lib/gcc/i686-linux-gnu/4.8/crtendS.o

.data.rel.ro
 *(.data.rel.ro.local* .gnu.linkonce.d.rel.ro.local.*)
 *(.data.rel.ro .data.rel.ro.* .gnu.linkonce.d.rel.ro.*)

.dynamic        0x000000000002ff04       0xe8
 *(.dynamic)
 .dynamic       0x000000000002ff04       0xe8 /usr/lib/gcc/i686-linux-gnu/4.8/../../../i386-linux-gnu/crti.o
                0x000000000002ff04                _DYNAMIC

.got            0x000000000002ffec       0x14
 *(.got)
 .got           0x000000000002ffec       0x14 /usr/lib/gcc/i686-linux-gnu/4.8/../../../i386-linux-gnu/crti.o
 *(.igot)
                0x0000000000030ff4                . = DATA_SEGMENT_RELRO_END (., (SIZEOF (.got.plt) >= 0xc)?0xc:0x0)

.got.plt        0x0000000000030000       0x14
 *(.got.plt)
 .got.plt       0x0000000000030000       0x14 /usr/lib/gcc/i686-linux-gnu/4.8/../../../i386-linux-gnu/crti.o
                0x0000000000030000                _GLOBAL_OFFSET_TABLE_
 *(.igot.plt)

.data           0x0000000000030020      0x2c2
 *(.data .data.* .gnu.linkonce.d.*)
 .data          0x0000000000030020        0x0 /usr/lib/gcc/i686-linux-gnu/4.8/../../../i386-linux-gnu/crti.o
 .data          0x0000000000030020        0x0 /usr/lib/gcc/i686-linux-gnu/4.8/crtbeginS.o
 .data.rel      0x0000000000030020        0x4 /usr/lib/gcc/i686-linux-gnu/4.8/crtbeginS.o
                0x0000000000030020                __dso_handle
 .data          0x0000000000030024       0x10 udp-server.co
                0x0000000000030024                udp_server_process
 *fill*         0x0000000000030034        0xc 
 .data          0x0000000000030040       0x44 obj_cooja/mtype831.o
                0x0000000000030040                simInterfaces
                0x0000000000030074                sensors
 .data          0x0000000000030084        0x0 obj_cooja/mtype831.a(simEnvChange.o)
 .data          0x0000000000030084        0x0 obj_cooja/mtype831.a(cooja_mt.o)
 .data          0x0000000000030084        0x0 obj_cooja/mtype831.a(cooja_mtarch.o)
 .data          0x0000000000030084        0x0 obj_cooja/mtype831.a(rtimer-arch.o)
 .data          0x0000000000030084        0x0 obj_cooja/mtype831.a(beep.o)
 .data          0x0000000000030084        0x0 obj_cooja/mtype831.a(button-sensor.o)
 .data          0x0000000000030084        0x0 obj_cooja/mtype831.a(leds-arch.o)
 .data          0x0000000000030084        0x0 obj_cooja/mtype831.a(moteid.o)
 .data          0x0000000000030084        0x0 obj_cooja/mtype831.a(pir-sensor.o)
 .data          0x0000000000030084        0x0 obj_cooja/mtype831.a(rs232.o)
 .data          0x0000000000030084        0x0 obj_cooja/mtype831.a(vib-sensor.o)
 .data          0x0000000000030084        0x0 obj_cooja/mtype831.a(clock.o)
 .data          0x0000000000030084        0x0 obj_cooja/mtype831.a(log.o)
 .data          0x0000000000030084        0x0 obj_cooja/mtype831.a(cfs-cooja.o)
 .data          0x0000000000030084       0x40 obj_cooja/mtype831.a(cooja-radio.o)
                0x0000000000030084                simRadioChannelLR
                0x0000000000030088                simRadioHWOnLR
                0x000000000003008c                simSignalStrengthLR
                0x0000000000030090                simLastSignalStrengthLR
                0x0000000000030094                simPowerLR
                0x0000000000030098                simLQILR
                0x000000000003009c                simRadioChannel
                0x00000000000300a0                simRadioHWOn
                0x00000000000300a4                simSignalStrength
                0x00000000000300a8                simLastSignalStrength
                0x00000000000300ac                simPower
                0x00000000000300b0                simLQI
                0x00000000000300b4                cooja_radio_process
 .data          0x00000000000300c4        0x0 obj_cooja/mtype831.a(eeprom.o)
 .data          0x00000000000300c4        0x0 obj_cooja/mtype831.a(random.o)
 .data          0x00000000000300c4       0x10 obj_cooja/mtype831.a(sensors.o)
                0x00000000000300c4                sensors_process
 .data          0x00000000000300d4        0x0 obj_cooja/mtype831.a(leds.o)
 .data          0x00000000000300d4       0x3a obj_cooja/mtype831.a(dual_conf.o)
                0x00000000000300d4                radio_received
                0x00000000000300d8                dual_dio_broadcast
                0x00000000000300e8                dual_dis_broadcast
                0x00000000000300f8                dual_LSA_converge_broadcast
 .data          0x000000000003010e        0x0 obj_cooja/mtype831.a(autostart.o)
 *fill*         0x000000000003010e        0x2 
 .data          0x0000000000030110       0x14 obj_cooja/mtype831.a(ctimer.o)
                0x0000000000030114                ctimer_process
 .data          0x0000000000030124       0x10 obj_cooja/mtype831.a(etimer.o)
                0x0000000000030124                etimer_process
 .data          0x0000000000030134        0x0 obj_cooja/mtype831.a(log_message.o)
 .data          0x0000000000030134        0x0 obj_cooja/mtype831.a(process.o)
 .data          0x0000000000030134        0x0 obj_cooja/mtype831.a(residual.o)
 .data          0x0000000000030134        0x0 obj_cooja/mtype831.a(rtimer.o)
 .data          0x0000000000030134        0x0 obj_cooja/mtype831.a(timer.o)
 .data          0x0000000000030134       0x10 obj_cooja/mtype831.a(serial-line.o)
                0x0000000000030134                serial_line_process
 .data          0x0000000000030144        0x0 obj_cooja/mtype831.a(list.o)
 .data          0x0000000000030144        0x0 obj_cooja/mtype831.a(ringbuf.o)
 .data          0x0000000000030144        0x0 obj_cooja/mtype831.a(sicslowpan.o)
 .data          0x0000000000030144       0x14 obj_cooja/mtype831.a(uip-ds6-nbr.o)
                0x0000000000030154                ds6_neighbors
 .data          0x0000000000030158        0x0 obj_cooja/mtype831.a(uip-ds6.o)
 .data          0x0000000000030158        0x0 obj_cooja/mtype831.a(uip6.o)
 .data          0x0000000000030158       0x10 obj_cooja/mtype831.a(tcpip.o)
                0x0000000000030158                tcpip_process
 .data          0x0000000000030168        0x0 obj_cooja/mtype831.a(uip-debug.o)
 .data          0x0000000000030168        0xc obj_cooja/mtype831.a(uip-packetqueue)
 .data          0x0000000000030174       0x28 obj_cooja/mtype831.a(rpl-dag.o)
                0x0000000000030184                rpl_parents
                0x0000000000030198                rpl_children
 .data          0x000000000003019c        0x0 obj_cooja/mtype831.a(rpl-ext-header.)
 .data          0x000000000003019c       0x40 obj_cooja/mtype831.a(rpl-icmp6.o)
 .data          0x00000000000301dc       0x1c obj_cooja/mtype831.a(rpl-ltmax.o)
                0x00000000000301dc                rpl_ltmax_of
 .data          0x00000000000301f8        0x0 obj_cooja/mtype831.a(rpl-timers.o)
 .data          0x00000000000301f8        0x0 obj_cooja/mtype831.a(rpl.o)
 .data          0x00000000000301f8       0x28 obj_cooja/mtype831.a(csma.o)
 .data          0x0000000000030220        0x0 obj_cooja/mtype831.a(framer-802154.o)
 .data          0x0000000000030220        0x0 obj_cooja/mtype831.a(mac.o)
 .data          0x0000000000030220       0x30 obj_cooja/mtype831.a(cxmac.o)
                0x0000000000030220                cxmac_config
                0x0000000000030230                strobe_wait
 .data          0x0000000000030250        0x0 obj_cooja/mtype831.a(linkaddr.o)
 .data          0x0000000000030250       0x10 obj_cooja/mtype831.a(nbr-table.o)
 .data          0x0000000000030260        0x0 obj_cooja/mtype831.a(netstack.o)
 .data          0x0000000000030260        0x4 obj_cooja/mtype831.a(packetbuf.o)
 .data          0x0000000000030264       0x18 obj_cooja/mtype831.a(queuebuf.o)
 .data          0x000000000003027c        0x0 obj_cooja/mtype831.a(nullsec.o)
 .data          0x000000000003027c        0x0 obj_cooja/mtype831.a(watchdog.o)
 .data          0x000000000003027c        0x0 obj_cooja/mtype831.a(rimestats.o)
 .data          0x000000000003027c        0x0 obj_cooja/mtype831.a(stimer.o)
 .data          0x000000000003027c        0x0 obj_cooja/mtype831.a(memb.o)
 .data          0x000000000003027c       0x44 obj_cooja/mtype831.a(uip-ds6-route.o)
                0x000000000003028c                nbr_routes
 .data          0x00000000000302c0       0x20 obj_cooja/mtype831.a(uip-icmp6.o)
 .data          0x00000000000302e0        0x0 obj_cooja/mtype831.a(uip-nd6.o)
 .data          0x00000000000302e0        0x0 obj_cooja/mtype831.a(rpl-nbr-policy.)
 .data          0x00000000000302e0        0x2 obj_cooja/mtype831.a(frame802154.o)
 .data          0x00000000000302e2        0x0 /usr/lib/gcc/i686-linux-gnu/4.8/crtendS.o
 .data          0x00000000000302e2        0x0 /usr/lib/gcc/i686-linux-gnu/4.8/../../../i386-linux-gnu/crtn.o

.tm_clone_table
                0x00000000000302e4        0x0
 .tm_clone_table
                0x00000000000302e4        0x0 /usr/lib/gcc/i686-linux-gnu/4.8/crtbeginS.o
 .tm_clone_table
                0x00000000000302e4        0x0 /usr/lib/gcc/i686-linux-gnu/4.8/crtendS.o

.data1
 *(.data1)
                0x00000000000302e4                _edata = .
                0x00000000000302e4                PROVIDE (edata, .)
                0x00000000000302e4                . = .
                0x00000000000302e4                __bss_start = .

.bss            0x0000000000030300     0x85a8
 *(.dynbss)
 .dynbss        0x0000000000000000        0x0 /usr/lib/gcc/i686-linux-gnu/4.8/../../../i386-linux-gnu/crti.o
 *(.bss .bss.* .gnu.linkonce.b.*)
 .bss           0x0000000000030300        0x0 /usr/lib/gcc/i686-linux-gnu/4.8/../../../i386-linux-gnu/crti.o
 .bss           0x0000000000030300        0x1 /usr/lib/gcc/i686-linux-gnu/4.8/crtbeginS.o
 *fill*         0x0000000000030301        0x3 
 .bss           0x0000000000030304        0x8 udp-server.co
                0x0000000000030304                my_weight
 *fill*         0x000000000003030c       0x14 
 .bss           0x0000000000030320     0x2030 obj_cooja/mtype831.o
 .bss           0x0000000000032350        0x1 obj_cooja/mtype831.a(simEnvChange.o)
                0x0000000000032350                simDontFallAsleep
 *fill*         0x0000000000032351        0x3 
 .bss           0x0000000000032354        0x4 obj_cooja/mtype831.a(cooja_mt.o)
 .bss           0x0000000000032358        0x4 obj_cooja/mtype831.a(cooja_mtarch.o)
 .bss           0x000000000003235c        0xc obj_cooja/mtype831.a(rtimer-arch.o)
 .bss           0x0000000000032368        0x0 obj_cooja/mtype831.a(beep.o)
 .bss           0x0000000000032368        0x8 obj_cooja/mtype831.a(button-sensor.o)
 .bss           0x0000000000032370        0x0 obj_cooja/mtype831.a(leds-arch.o)
 .bss           0x0000000000032370        0x0 obj_cooja/mtype831.a(moteid.o)
 .bss           0x0000000000032370        0x1 obj_cooja/mtype831.a(pir-sensor.o)
                0x0000000000032370                simPirValue
 *fill*         0x0000000000032371        0x3 
 .bss           0x0000000000032374        0x4 obj_cooja/mtype831.a(rs232.o)
 .bss           0x0000000000032378        0x1 obj_cooja/mtype831.a(vib-sensor.o)
                0x0000000000032378                simVibValue
 .bss           0x0000000000032379        0x0 obj_cooja/mtype831.a(clock.o)
 *fill*         0x0000000000032379        0x7 
 .bss           0x0000000000032380      0x420 obj_cooja/mtype831.a(log.o)
 .bss           0x00000000000327a0      0xfc0 obj_cooja/mtype831.a(cfs-cooja.o)
                0x00000000000327a0                simCFSData
                0x0000000000033740                simCFSSize
                0x0000000000033744                simCFSChanged
                0x0000000000033748                simCFSRead
                0x000000000003374c                simCFSWritten
 .bss           0x0000000000033760       0x24 obj_cooja/mtype831.a(cooja-radio.o)
                0x0000000000033760                simReceivingLR
                0x0000000000033764                simInSizeLR
                0x0000000000033768                simOutSizeLR
                0x000000000003376c                simReceiving
                0x0000000000033770                simInSize
                0x0000000000033774                simOutSize
                0x0000000000033778                LongRangeTransmit
                0x000000000003377c                LongRangeReceiving
 .bss           0x0000000000033784        0xc obj_cooja/mtype831.a(eeprom.o)
                0x0000000000033784                simEEPROMChanged
                0x0000000000033788                simEEPROMRead
                0x000000000003378c                simEEPROMWritten
 .bss           0x0000000000033790        0x0 obj_cooja/mtype831.a(random.o)
 .bss           0x0000000000033790        0xc obj_cooja/mtype831.a(sensors.o)
 .bss           0x000000000003379c        0x1 obj_cooja/mtype831.a(leds.o)
 *fill*         0x000000000003379d        0x3 
 .bss           0x00000000000337a0       0x40 obj_cooja/mtype831.a(dual_conf.o)
                0x00000000000337a0                long_range_radio
 .bss           0x00000000000337e0        0x0 obj_cooja/mtype831.a(autostart.o)
 .bss           0x00000000000337e0        0x5 obj_cooja/mtype831.a(ctimer.o)
 *fill*         0x00000000000337e5        0x3 
 .bss           0x00000000000337e8        0x8 obj_cooja/mtype831.a(etimer.o)
 .bss           0x00000000000337f0        0x0 obj_cooja/mtype831.a(log_message.o)
 *fill*         0x00000000000337f0       0x10 
 .bss           0x0000000000033800      0x1b1 obj_cooja/mtype831.a(process.o)
                0x0000000000033800                process_list
                0x0000000000033804                process_current
 .bss           0x00000000000339b1        0x0 obj_cooja/mtype831.a(residual.o)
 *fill*         0x00000000000339b1        0x3 
 .bss           0x00000000000339b4        0x4 obj_cooja/mtype831.a(rtimer.o)
 .bss           0x00000000000339b8        0x0 obj_cooja/mtype831.a(timer.o)
 *fill*         0x00000000000339b8        0x8 
 .bss           0x00000000000339c0      0x140 obj_cooja/mtype831.a(serial-line.o)
 .bss           0x0000000000033b00        0x0 obj_cooja/mtype831.a(list.o)
 .bss           0x0000000000033b00        0x0 obj_cooja/mtype831.a(ringbuf.o)
 .bss           0x0000000000033b00      0x70c obj_cooja/mtype831.a(sicslowpan.o)
 *fill*         0x000000000003420c       0x14 
 .bss           0x0000000000034220       0xc0 obj_cooja/mtype831.a(uip-ds6-nbr.o)
 .bss           0x00000000000342e0       0x30 obj_cooja/mtype831.a(uip-ds6.o)
 .bss           0x0000000000034310        0xe obj_cooja/mtype831.a(uip6.o)
                0x0000000000034310                uip_ext_bitmap
                0x0000000000034311                uip_ext_len
                0x0000000000034312                uip_ext_opt_offset
 *fill*         0x000000000003431e        0x2 
 .bss           0x0000000000034320       0x6b obj_cooja/mtype831.a(tcpip.o)
 .bss           0x000000000003438b        0x0 obj_cooja/mtype831.a(uip-debug.o)
 *fill*         0x000000000003438b       0x15 
 .bss           0x00000000000343a0      0xcf8 obj_cooja/mtype831.a(uip-packetqueue)
 *fill*         0x0000000000035098        0x8 
 .bss           0x00000000000350a0       0x88 obj_cooja/mtype831.a(rpl-dag.o)
 .bss           0x0000000000035128        0x0 obj_cooja/mtype831.a(rpl-ext-header.)
 .bss           0x0000000000035128        0x0 obj_cooja/mtype831.a(rpl-icmp6.o)
 .bss           0x0000000000035128        0x0 obj_cooja/mtype831.a(rpl-ltmax.o)
 *fill*         0x0000000000035128       0x18 
 .bss           0x0000000000035140       0x60 obj_cooja/mtype831.a(rpl-timers.o)
 .bss           0x00000000000351a0        0x4 obj_cooja/mtype831.a(rpl.o)
 *fill*         0x00000000000351a4       0x1c 
 .bss           0x00000000000351c0      0x288 obj_cooja/mtype831.a(csma.o)
 .bss           0x0000000000035448        0x2 obj_cooja/mtype831.a(framer-802154.o)
 .bss           0x000000000003544a        0x0 obj_cooja/mtype831.a(mac.o)
 *fill*         0x000000000003544a       0x16 
 .bss           0x0000000000035460       0xb1 obj_cooja/mtype831.a(cxmac.o)
 .bss           0x0000000000035511        0x0 obj_cooja/mtype831.a(linkaddr.o)
 *fill*         0x0000000000035511        0xf 
 .bss           0x0000000000035520       0xc4 obj_cooja/mtype831.a(nbr-table.o)
 .bss           0x00000000000355e4        0x0 obj_cooja/mtype831.a(netstack.o)
 *fill*         0x00000000000355e4       0x1c 
 .bss           0x0000000000035600       0xa0 obj_cooja/mtype831.a(packetbuf.o)
 .bss           0x00000000000356a0      0xb80 obj_cooja/mtype831.a(queuebuf.o)
 .bss           0x0000000000036220        0x0 obj_cooja/mtype831.a(nullsec.o)
 .bss           0x0000000000036220        0x0 obj_cooja/mtype831.a(watchdog.o)
 .bss           0x0000000000036220        0x0 obj_cooja/mtype831.a(rimestats.o)
 .bss           0x0000000000036220        0x0 obj_cooja/mtype831.a(stimer.o)
 .bss           0x0000000000036220        0x0 obj_cooja/mtype831.a(memb.o)
 .bss           0x0000000000036220      0x4a8 obj_cooja/mtype831.a(uip-ds6-route.o)
 .bss           0x00000000000366c8       0x18 obj_cooja/mtype831.a(uip-icmp6.o)
 .bss           0x00000000000366e0        0x0 obj_cooja/mtype831.a(uip-nd6.o)
 .bss           0x00000000000366e0       0x44 obj_cooja/mtype831.a(rpl-nbr-policy.)
 .bss           0x0000000000036724        0x0 obj_cooja/mtype831.a(frame802154.o)
 .bss           0x0000000000036724        0x0 /usr/lib/gcc/i686-linux-gnu/4.8/crtendS.o
 .bss           0x0000000000036724        0x0 /usr/lib/gcc/i686-linux-gnu/4.8/../../../i386-linux-gnu/crtn.o
 *(COMMON)
 COMMON         0x0000000000036724        0x8 udp-server.co
                0x0000000000036724                LSA_message_input
                0x0000000000036725                LSA_SR_preamble
                0x0000000000036726                LSA_lr_child
                0x0000000000036727                LSA_converge
                0x0000000000036728                my_sink_reachability
                0x0000000000036729                my_parent_number
                0x000000000003672a                LSA_broadcast_count
                0x000000000003672b                LSA_message_flag
 COMMON         0x000000000003672c       0x68 obj_cooja/mtype831.o
                0x000000000003672c                dio_count
                0x0000000000036730                dis_count
                0x0000000000036734                tcp_output_count
                0x0000000000036738                csma_transmission_count
                0x000000000003673c                dao_ack_fwd_count
                0x0000000000036740                COOJA_radioRxLong
                0x0000000000036744                cxmac_collision_count
                0x0000000000036748                control_message_count
                0x000000000003674c                dao_count
                0x0000000000036750                icmp_count
                0x0000000000036754                COOJA_radioTx
                0x0000000000036758                referenceVar
                0x000000000003675c                cxmac_transmission_count
                0x0000000000036760                dao_ack_count
                0x0000000000036764                data_message_count
                0x0000000000036768                COOJA_radioTxLong
                0x000000000003676c                COOJA_radioRx
                0x0000000000036770                debugfp
                0x0000000000036774                COOJA_radioOn
                0x0000000000036778                LSA_count
                0x000000000003677c                dao_fwd_count
                0x0000000000036780                COOJA_duration
                0x0000000000036784                dio_ack_count
                0x0000000000036788                COOJA_radioOnLong
                0x000000000003678c                sensors_flags
                0x0000000000036790                data_fwd_count
 COMMON         0x0000000000036794        0xc obj_cooja/mtype831.a(simEnvChange.o)
                0x0000000000036794                simEtimerPending
                0x0000000000036798                simProcessRunValue
                0x000000000003679c                simNextExpirationTime
 COMMON         0x00000000000367a0        0x1 obj_cooja/mtype831.a(beep.o)
                0x00000000000367a0                simBeeped
 COMMON         0x00000000000367a1        0x3 obj_cooja/mtype831.a(button-sensor.o)
                0x00000000000367a1                simButtonIsActive
                0x00000000000367a2                simButtonIsDown
                0x00000000000367a3                simButtonChanged
 COMMON         0x00000000000367a4        0x1 obj_cooja/mtype831.a(leds-arch.o)
                0x00000000000367a4                simLedsValue
 *fill*         0x00000000000367a5        0x3 
 COMMON         0x00000000000367a8        0xc obj_cooja/mtype831.a(moteid.o)
                0x00000000000367a8                simRandomSeed
                0x00000000000367ac                simMoteIDChanged
                0x00000000000367b0                simMoteID
 COMMON         0x00000000000367b4        0x2 obj_cooja/mtype831.a(pir-sensor.o)
                0x00000000000367b4                simPirIsActive
                0x00000000000367b5                simPirChanged
 *fill*         0x00000000000367b6        0xa 
 COMMON         0x00000000000367c0      0x820 obj_cooja/mtype831.a(rs232.o)
                0x00000000000367c0                simSerialReceivingFlag
                0x00000000000367c4                simSerialReceivingLength
                0x00000000000367e0                simSerialReceivingData
 COMMON         0x0000000000036fe0        0x2 obj_cooja/mtype831.a(vib-sensor.o)
                0x0000000000036fe0                simVibChanged
                0x0000000000036fe1                simVibIsActive
 *fill*         0x0000000000036fe2        0x2 
 COMMON         0x0000000000036fe4        0x4 obj_cooja/mtype831.a(clock.o)
                0x0000000000036fe4                simCurrentTime
 *fill*         0x0000000000036fe8       0x18 
 COMMON         0x0000000000037000      0x420 obj_cooja/mtype831.a(log.o)
                0x0000000000037000                simLoggedLength
                0x0000000000037004                simLoggedFlag
                0x0000000000037020                simLoggedData
 COMMON         0x0000000000037420      0x260 obj_cooja/mtype831.a(cooja-radio.o)
                0x0000000000037420                simOutDataBuffer
                0x00000000000374a0                simRadioTarget
                0x00000000000374c0                simInDataBufferLR
                0x0000000000037540                packet_forwarding
                0x0000000000037560                simOutDataBufferLR
                0x00000000000375e0                dual_duty_cycle_count
                0x0000000000037600                simInDataBuffer
 COMMON         0x0000000000037680      0x400 obj_cooja/mtype831.a(eeprom.o)
                0x0000000000037680                simEEPROMData
 COMMON         0x0000000000037a80        0x1 obj_cooja/mtype831.a(sensors.o)
                0x0000000000037a80                sensors_event
 *fill*         0x0000000000037a81        0x3 
 COMMON         0x0000000000037a84        0x4 obj_cooja/mtype831.a(log_message.o)
                0x0000000000037a84                log_fp
 COMMON         0x0000000000037a88        0x1 obj_cooja/mtype831.a(serial-line.o)
                0x0000000000037a88                serial_line_event_message
 *fill*         0x0000000000037a89       0x17 
 COMMON         0x0000000000037aa0       0x50 obj_cooja/mtype831.a(uip-ds6-nbr.o)
                0x0000000000037aa0                ds6_lr_addrmap
 *fill*         0x0000000000037af0       0x10 
 COMMON         0x0000000000037b00      0x298 obj_cooja/mtype831.a(uip-ds6.o)
                0x0000000000037b00                uip_ds6_prefix_list
                0x0000000000037b60                uip_ds6_timer_periodic
                0x0000000000037b70                uip_ds6_netif_addr_list_offset
                0x0000000000037b80                uip_ds6_if
                0x0000000000037c78                uip_ds6_timer_ra
                0x0000000000037c80                uip_ds6_addr_size
                0x0000000000037ca0                long_uip_ds6_if
 *fill*         0x0000000000037d98        0x8 
 COMMON         0x0000000000037da0      0x8ec obj_cooja/mtype831.a(uip6.o)
                0x0000000000037da0                uip_slen
                0x0000000000037da2                uip_acc32
                0x0000000000037dc0                uip_conns
                0x0000000000037e80                uip_lladdr
                0x0000000000037e88                uip_appdata
                0x0000000000037e8c                uip_flags
                0x0000000000037ea0                uip_aligned_buf
                0x00000000000384e0                uip_listenports
                0x00000000000384f0                uip_len
                0x00000000000384f2                uip_long_lladdr
                0x00000000000384fc                uip_sappdata
                0x0000000000038500                uip_udp_conns
                0x0000000000038680                uip_udp_conn
                0x0000000000038684                uip_next_hdr
                0x0000000000038688                uip_conn
 COMMON         0x000000000003868c        0x1 obj_cooja/mtype831.a(tcpip.o)
                0x000000000003868c                tcpip_event
 *fill*         0x000000000003868d       0x13 
 COMMON         0x00000000000386a0      0x178 obj_cooja/mtype831.a(rpl-dag.o)
                0x00000000000386a0                default_instance
                0x00000000000386c0                instance_table
 COMMON         0x0000000000038818       0x10 obj_cooja/mtype831.a(linkaddr.o)
                0x0000000000038818                linkaddr_node_addr
                0x0000000000038820                long_linkaddr_node_addr
 COMMON         0x0000000000038828       0x2e obj_cooja/mtype831.a(packetbuf.o)
                0x0000000000038828                packetbuf_attrs
                0x0000000000038846                packetbuf_addrs
 *fill*         0x0000000000038856        0xa 
 COMMON         0x0000000000038860       0x48 obj_cooja/mtype831.a(rimestats.o)
                0x0000000000038860                rimestats
                0x00000000000388a8                . = ALIGN ((. != 0x0)?0x4:0x1)
                0x00000000000388a8                . = ALIGN (0x4)
                0x00000000000388a8                . = SEGMENT_START ("ldata-segment", .)
                0x00000000000388a8                . = ALIGN (0x4)
                0x00000000000388a8                _end = .
                0x00000000000388a8                PROVIDE (end, .)
                0x00000000000388a8                . = DATA_SEGMENT_END (.)

.stab
 *(.stab)

.stabstr
 *(.stabstr)

.stab.excl
 *(.stab.excl)

.stab.exclstr
 *(.stab.exclstr)

.stab.index
 *(.stab.index)

.stab.indexstr
 *(.stab.indexstr)

.comment        0x0000000000000000       0x29
 *(.comment)
 .comment       0x0000000000000000       0x29 /usr/lib/gcc/i686-linux-gnu/4.8/crtbeginS.o
                                         0x2a (size before relaxing)
 .comment       0x0000000000000000       0x2a udp-server.co
 .comment       0x0000000000000000       0x2a obj_cooja/mtype831.o
 .comment       0x0000000000000000       0x2a obj_cooja/mtype831.a(simEnvChange.o)
 .comment       0x0000000000000000       0x2a obj_cooja/mtype831.a(cooja_mt.o)
 .comment       0x0000000000000000       0x2a obj_cooja/mtype831.a(cooja_mtarch.o)
 .comment       0x0000000000000000       0x2a obj_cooja/mtype831.a(rtimer-arch.o)
 .comment       0x0000000000000000       0x2a obj_cooja/mtype831.a(beep.o)
 .comment       0x0000000000000000       0x2a obj_cooja/mtype831.a(button-sensor.o)
 .comment       0x0000000000000000       0x2a obj_cooja/mtype831.a(leds-arch.o)
 .comment       0x0000000000000000       0x2a obj_cooja/mtype831.a(moteid.o)
 .comment       0x0000000000000000       0x2a obj_cooja/mtype831.a(pir-sensor.o)
 .comment       0x0000000000000000       0x2a obj_cooja/mtype831.a(rs232.o)
 .comment       0x0000000000000000       0x2a obj_cooja/mtype831.a(vib-sensor.o)
 .comment       0x0000000000000000       0x2a obj_cooja/mtype831.a(clock.o)
 .comment       0x0000000000000000       0x2a obj_cooja/mtype831.a(log.o)
 .comment       0x0000000000000000       0x2a obj_cooja/mtype831.a(cfs-cooja.o)
 .comment       0x0000000000000000       0x2a obj_cooja/mtype831.a(cooja-radio.o)
 .comment       0x0000000000000000       0x2a obj_cooja/mtype831.a(eeprom.o)
 .comment       0x0000000000000000       0x2a obj_cooja/mtype831.a(random.o)
 .comment       0x0000000000000000       0x2a obj_cooja/mtype831.a(sensors.o)
 .comment       0x0000000000000000       0x2a obj_cooja/mtype831.a(leds.o)
 .comment       0x0000000000000000       0x2a obj_cooja/mtype831.a(dual_conf.o)
 .comment       0x0000000000000000       0x2a obj_cooja/mtype831.a(autostart.o)
 .comment       0x0000000000000000       0x2a obj_cooja/mtype831.a(ctimer.o)
 .comment       0x0000000000000000       0x2a obj_cooja/mtype831.a(etimer.o)
 .comment       0x0000000000000000       0x2a obj_cooja/mtype831.a(log_message.o)
 .comment       0x0000000000000000       0x2a obj_cooja/mtype831.a(process.o)
 .comment       0x0000000000000000       0x2a obj_cooja/mtype831.a(residual.o)
 .comment       0x0000000000000000       0x2a obj_cooja/mtype831.a(rtimer.o)
 .comment       0x0000000000000000       0x2a obj_cooja/mtype831.a(timer.o)
 .comment       0x0000000000000000       0x2a obj_cooja/mtype831.a(serial-line.o)
 .comment       0x0000000000000000       0x2a obj_cooja/mtype831.a(list.o)
 .comment       0x0000000000000000       0x2a obj_cooja/mtype831.a(ringbuf.o)
 .comment       0x0000000000000000       0x2a obj_cooja/mtype831.a(sicslowpan.o)
 .comment       0x0000000000000000       0x2a obj_cooja/mtype831.a(uip-ds6-nbr.o)
 .comment       0x0000000000000000       0x2a obj_cooja/mtype831.a(uip-ds6.o)
 .comment       0x0000000000000000       0x2a obj_cooja/mtype831.a(uip6.o)
 .comment       0x0000000000000000       0x2a obj_cooja/mtype831.a(tcpip.o)
 .comment       0x0000000000000000       0x2a obj_cooja/mtype831.a(uip-debug.o)
 .comment       0x0000000000000000       0x2a obj_cooja/mtype831.a(uip-packetqueue)
 .comment       0x0000000000000000       0x2a obj_cooja/mtype831.a(rpl-dag.o)
 .comment       0x0000000000000000       0x2a obj_cooja/mtype831.a(rpl-ext-header.)
 .comment       0x0000000000000000       0x2a obj_cooja/mtype831.a(rpl-icmp6.o)
 .comment       0x0000000000000000       0x2a obj_cooja/mtype831.a(rpl-ltmax.o)
 .comment       0x0000000000000000       0x2a obj_cooja/mtype831.a(rpl-timers.o)
 .comment       0x0000000000000000       0x2a obj_cooja/mtype831.a(rpl.o)
 .comment       0x0000000000000000       0x2a obj_cooja/mtype831.a(csma.o)
 .comment       0x0000000000000000       0x2a obj_cooja/mtype831.a(framer-802154.o)
 .comment       0x0000000000000000       0x2a obj_cooja/mtype831.a(mac.o)
 .comment       0x0000000000000000       0x2a obj_cooja/mtype831.a(cxmac.o)
 .comment       0x0000000000000000       0x2a obj_cooja/mtype831.a(linkaddr.o)
 .comment       0x0000000000000000       0x2a obj_cooja/mtype831.a(nbr-table.o)
 .comment       0x0000000000000000       0x2a obj_cooja/mtype831.a(netstack.o)
 .comment       0x0000000000000000       0x2a obj_cooja/mtype831.a(packetbuf.o)
 .comment       0x0000000000000000       0x2a obj_cooja/mtype831.a(queuebuf.o)
 .comment       0x0000000000000000       0x2a obj_cooja/mtype831.a(nullsec.o)
 .comment       0x0000000000000000       0x2a obj_cooja/mtype831.a(watchdog.o)
 .comment       0x0000000000000000       0x2a obj_cooja/mtype831.a(rimestats.o)
 .comment       0x0000000000000000       0x2a obj_cooja/mtype831.a(stimer.o)
 .comment       0x0000000000000000       0x2a obj_cooja/mtype831.a(memb.o)
 .comment       0x0000000000000000       0x2a obj_cooja/mtype831.a(uip-ds6-route.o)
 .comment       0x0000000000000000       0x2a obj_cooja/mtype831.a(uip-icmp6.o)
 .comment       0x0000000000000000       0x2a obj_cooja/mtype831.a(uip-nd6.o)
 .comment       0x0000000000000000       0x2a obj_cooja/mtype831.a(rpl-nbr-policy.)
 .comment       0x0000000000000000       0x2a obj_cooja/mtype831.a(frame802154.o)
 .comment       0x0000000000000000       0x2a /usr/lib/gcc/i686-linux-gnu/4.8/crtendS.o

.debug
 *(.debug)

.line
 *(.line)

.debug_srcinfo
 *(.debug_srcinfo)

.debug_sfnames
 *(.debug_sfnames)

.debug_aranges  0x0000000000000000      0x818
 *(.debug_aranges)
 .debug_aranges
                0x0000000000000000       0x20 udp-server.co
 .debug_aranges
                0x0000000000000020       0x20 obj_cooja/mtype831.o
 .debug_aranges
                0x0000000000000040       0x20 obj_cooja/mtype831.a(simEnvChange.o)
 .debug_aranges
                0x0000000000000060       0x20 obj_cooja/mtype831.a(cooja_mt.o)
 .debug_aranges
                0x0000000000000080       0x20 obj_cooja/mtype831.a(cooja_mtarch.o)
 .debug_aranges
                0x00000000000000a0       0x20 obj_cooja/mtype831.a(rtimer-arch.o)
 .debug_aranges
                0x00000000000000c0       0x20 obj_cooja/mtype831.a(beep.o)
 .debug_aranges
                0x00000000000000e0       0x20 obj_cooja/mtype831.a(button-sensor.o)
 .debug_aranges
                0x0000000000000100       0x20 obj_cooja/mtype831.a(leds-arch.o)
 .debug_aranges
                0x0000000000000120       0x20 obj_cooja/mtype831.a(moteid.o)
 .debug_aranges
                0x0000000000000140       0x20 obj_cooja/mtype831.a(pir-sensor.o)
 .debug_aranges
                0x0000000000000160       0x20 obj_cooja/mtype831.a(rs232.o)
 .debug_aranges
                0x0000000000000180       0x20 obj_cooja/mtype831.a(vib-sensor.o)
 .debug_aranges
                0x00000000000001a0       0x20 obj_cooja/mtype831.a(clock.o)
 .debug_aranges
                0x00000000000001c0       0x20 obj_cooja/mtype831.a(log.o)
 .debug_aranges
                0x00000000000001e0       0x20 obj_cooja/mtype831.a(cfs-cooja.o)
 .debug_aranges
                0x0000000000000200       0x20 obj_cooja/mtype831.a(cooja-radio.o)
 .debug_aranges
                0x0000000000000220       0x20 obj_cooja/mtype831.a(eeprom.o)
 .debug_aranges
                0x0000000000000240       0x20 obj_cooja/mtype831.a(random.o)
 .debug_aranges
                0x0000000000000260       0x20 obj_cooja/mtype831.a(sensors.o)
 .debug_aranges
                0x0000000000000280       0x20 obj_cooja/mtype831.a(leds.o)
 .debug_aranges
                0x00000000000002a0       0x20 obj_cooja/mtype831.a(dual_conf.o)
 .debug_aranges
                0x00000000000002c0       0x20 obj_cooja/mtype831.a(autostart.o)
 .debug_aranges
                0x00000000000002e0       0x20 obj_cooja/mtype831.a(ctimer.o)
 .debug_aranges
                0x0000000000000300       0x20 obj_cooja/mtype831.a(etimer.o)
 .debug_aranges
                0x0000000000000320       0x20 obj_cooja/mtype831.a(log_message.o)
 .debug_aranges
                0x0000000000000340       0x20 obj_cooja/mtype831.a(process.o)
 .debug_aranges
                0x0000000000000360       0x20 obj_cooja/mtype831.a(residual.o)
 .debug_aranges
                0x0000000000000380       0x20 obj_cooja/mtype831.a(rtimer.o)
 .debug_aranges
                0x00000000000003a0       0x20 obj_cooja/mtype831.a(timer.o)
 .debug_aranges
                0x00000000000003c0       0x20 obj_cooja/mtype831.a(serial-line.o)
 .debug_aranges
                0x00000000000003e0       0x20 obj_cooja/mtype831.a(list.o)
 .debug_aranges
                0x0000000000000400       0x20 obj_cooja/mtype831.a(ringbuf.o)
 .debug_aranges
                0x0000000000000420       0x20 obj_cooja/mtype831.a(sicslowpan.o)
 .debug_aranges
                0x0000000000000440       0x20 obj_cooja/mtype831.a(uip-ds6-nbr.o)
 .debug_aranges
                0x0000000000000460       0x20 obj_cooja/mtype831.a(uip-ds6.o)
 .debug_aranges
                0x0000000000000480       0x20 obj_cooja/mtype831.a(uip6.o)
 .debug_aranges
                0x00000000000004a0       0x20 obj_cooja/mtype831.a(tcpip.o)
 .debug_aranges
                0x00000000000004c0       0x20 obj_cooja/mtype831.a(uip-debug.o)
 .debug_aranges
                0x00000000000004e0       0x20 obj_cooja/mtype831.a(uip-packetqueue)
 .debug_aranges
                0x0000000000000500       0x20 obj_cooja/mtype831.a(rpl-dag.o)
 .debug_aranges
                0x0000000000000520       0x20 obj_cooja/mtype831.a(rpl-ext-header.)
 .debug_aranges
                0x0000000000000540       0x20 obj_cooja/mtype831.a(rpl-icmp6.o)
 .debug_aranges
                0x0000000000000560       0x20 obj_cooja/mtype831.a(rpl-ltmax.o)
 .debug_aranges
                0x0000000000000580       0x20 obj_cooja/mtype831.a(rpl-timers.o)
 .debug_aranges
                0x00000000000005a0       0x20 obj_cooja/mtype831.a(rpl.o)
 .debug_aranges
                0x00000000000005c0       0x20 obj_cooja/mtype831.a(csma.o)
 .debug_aranges
                0x00000000000005e0       0x20 obj_cooja/mtype831.a(framer-802154.o)
 .debug_aranges
                0x0000000000000600       0x20 obj_cooja/mtype831.a(mac.o)
 .debug_aranges
                0x0000000000000620       0x20 obj_cooja/mtype831.a(cxmac.o)
 .debug_aranges
                0x0000000000000640       0x20 obj_cooja/mtype831.a(linkaddr.o)
 .debug_aranges
                0x0000000000000660       0x20 obj_cooja/mtype831.a(nbr-table.o)
 .debug_aranges
                0x0000000000000680       0x20 obj_cooja/mtype831.a(netstack.o)
 .debug_aranges
                0x00000000000006a0       0x20 obj_cooja/mtype831.a(packetbuf.o)
 .debug_aranges
                0x00000000000006c0       0x20 obj_cooja/mtype831.a(queuebuf.o)
 .debug_aranges
                0x00000000000006e0       0x20 obj_cooja/mtype831.a(nullsec.o)
 .debug_aranges
                0x0000000000000700       0x20 obj_cooja/mtype831.a(watchdog.o)
 .debug_aranges
                0x0000000000000720       0x18 obj_cooja/mtype831.a(rimestats.o)
 .debug_aranges
                0x0000000000000738       0x20 obj_cooja/mtype831.a(stimer.o)
 .debug_aranges
                0x0000000000000758       0x20 obj_cooja/mtype831.a(memb.o)
 .debug_aranges
                0x0000000000000778       0x20 obj_cooja/mtype831.a(uip-ds6-route.o)
 .debug_aranges
                0x0000000000000798       0x20 obj_cooja/mtype831.a(uip-icmp6.o)
 .debug_aranges
                0x00000000000007b8       0x20 obj_cooja/mtype831.a(uip-nd6.o)
 .debug_aranges
                0x00000000000007d8       0x20 obj_cooja/mtype831.a(rpl-nbr-policy.)
 .debug_aranges
                0x00000000000007f8       0x20 obj_cooja/mtype831.a(frame802154.o)

.debug_pubnames
 *(.debug_pubnames)

.debug_info     0x0000000000000000    0x1ea65
 *(.debug_info .gnu.linkonce.wi.*)
 .debug_info    0x0000000000000000      0xea7 udp-server.co
 .debug_info    0x0000000000000ea7     0x3b6d obj_cooja/mtype831.o