Archive member included to satisfy reference by file (symbol)

obj_cooja/mtype935.a(simEnvChange.o)
                              obj_cooja/mtype935.o (simDontFallAsleep)
obj_cooja/mtype935.a(cooja_mt.o)
                              obj_cooja/mtype935.o (cooja_mt_start)
obj_cooja/mtype935.a(cooja_mtarch.o)
                              obj_cooja/mtype935.a(cooja_mt.o) (cooja_mtarch_init)
obj_cooja/mtype935.a(rtimer-arch.o)
                              obj_cooja/mtype935.o (rtimer_arch_next)
obj_cooja/mtype935.a(beep.o)  obj_cooja/mtype935.o (beep_interface)
obj_cooja/mtype935.a(button-sensor.o)
                              obj_cooja/mtype935.o (button_interface)
obj_cooja/mtype935.a(leds-arch.o)
                              obj_cooja/mtype935.o (leds_interface)
obj_cooja/mtype935.a(moteid.o)
                              obj_cooja/mtype935.o (moteid_interface)
obj_cooja/mtype935.a(pir-sensor.o)
                              obj_cooja/mtype935.o (pir_interface)
obj_cooja/mtype935.a(rs232.o)
                              obj_cooja/mtype935.o (rs232_interface)
obj_cooja/mtype935.a(vib-sensor.o)
                              obj_cooja/mtype935.o (vib_interface)
obj_cooja/mtype935.a(clock.o)
                              obj_cooja/mtype935.o (clock_interface)
obj_cooja/mtype935.a(log.o)   obj_cooja/mtype935.o (simlog_interface)
obj_cooja/mtype935.a(cfs-cooja.o)
                              obj_cooja/mtype935.o (cfs_interface)
obj_cooja/mtype935.a(cooja-radio.o)
                              obj_cooja/mtype935.o (radio_interface)
obj_cooja/mtype935.a(eeprom.o)
                              obj_cooja/mtype935.o (eeprom_interface)
obj_cooja/mtype935.a(random.o)
                              obj_cooja/mtype935.a(moteid.o) (random_init)
obj_cooja/mtype935.a(sensors.o)
                              obj_cooja/mtype935.o (sensors_process)
obj_cooja/mtype935.a(leds.o)  obj_cooja/mtype935.a(cooja-radio.o) (leds_on)
obj_cooja/mtype935.a(dual_conf.o)
                              obj_cooja/mtype935.a(cooja-radio.o) (long_range_radio)
obj_cooja/mtype935.a(autostart.o)
                              obj_cooja/mtype935.o (autostart_start)
obj_cooja/mtype935.a(ctimer.o)
                              obj_cooja/mtype935.o (ctimer_init)
obj_cooja/mtype935.a(etimer.o)
                              obj_cooja/mtype935.o (etimer_process)
obj_cooja/mtype935.a(log_message.o)
                              obj_cooja/mtype935.o (log_initialization)
obj_cooja/mtype935.a(process.o)
                              udp-client.co (process_current)
obj_cooja/mtype935.a(residual.o)
                              udp-client.co (get_residual_energy)
obj_cooja/mtype935.a(rtimer.o)
                              obj_cooja/mtype935.a(rtimer-arch.o) (rtimer_run_next)
obj_cooja/mtype935.a(stimer.o)
                              udp-client.co (stimer_remaining)
obj_cooja/mtype935.a(timer.o)
                              obj_cooja/mtype935.a(button-sensor.o) (timer_set)
obj_cooja/mtype935.a(serial-line.o)
                              udp-client.co (serial_line_event_message)
obj_cooja/mtype935.a(list.o)  obj_cooja/mtype935.a(ctimer.o) (list_init)
obj_cooja/mtype935.a(ringbuf.o)
                              obj_cooja/mtype935.a(serial-line.o) (ringbuf_init)
obj_cooja/mtype935.a(sicslowpan.o)
                              obj_cooja/mtype935.o (sicslowpan_driver)
obj_cooja/mtype935.a(uip-ds6-nbr.o)
                              obj_cooja/mtype935.a(sicslowpan.o) (uip_ds6_link_neighbor_callback)
obj_cooja/mtype935.a(uip-ds6-route.o)
                              udp-client.co (uip_ds6_route_nexthop)
obj_cooja/mtype935.a(uip-ds6.o)
                              udp-client.co (uip_ds6_if)
obj_cooja/mtype935.a(uip6.o)  udp-client.co (uip_lladdr)
obj_cooja/mtype935.a(tcpip.o)
                              udp-client.co (tcpip_event)
obj_cooja/mtype935.a(uip-debug.o)
                              udp-client.co (uip_debug_ipaddr_print)
obj_cooja/mtype935.a(uip-packetqueue)
                              obj_cooja/mtype935.a(uip-ds6-nbr.o) (uip_packetqueue_new)
obj_cooja/mtype935.a(uip-udp-packet.)
                              udp-client.co (uip_udp_packet_sendto)
obj_cooja/mtype935.a(rpl-dag.o)
                              obj_cooja/mtype935.a(tcpip.o) (rpl_repair_root)
obj_cooja/mtype935.a(rpl-ext-header.)
                              obj_cooja/mtype935.a(uip6.o) (rpl_verify_header)
obj_cooja/mtype935.a(rpl-icmp6.o)
                              obj_cooja/mtype935.a(rpl-dag.o) (rpl_icmp6_update_nbr_table)
obj_cooja/mtype935.a(rpl-ltmax.o)
                              obj_cooja/mtype935.a(rpl-dag.o) (rpl_ltmax_of)
obj_cooja/mtype935.a(rpl-timers.o)
                              obj_cooja/mtype935.a(rpl-icmp6.o) (rpl_LSA_convergence_timer)
obj_cooja/mtype935.a(rpl.o)   obj_cooja/mtype935.a(rpl-icmp6.o) (rpl_get_mode)
obj_cooja/mtype935.a(csma.o)  obj_cooja/mtype935.o (csma_driver)
obj_cooja/mtype935.a(framer-802154.o)
[...]
Memory Configuration

Name             Origin             Length             Attributes
*default*        0x0000000000000000 0xffffffffffffffff

Linker script and memory map

LOAD /usr/lib/gcc/i686-linux-gnu/4.8/../../../i386-linux-gnu/crti.o
LOAD /usr/lib/gcc/i686-linux-gnu/4.8/crtbeginS.o
LOAD udp-client.co
LOAD obj_cooja/mtype935.o
LOAD obj_cooja/mtype935.a
LOAD /usr/lib/gcc/i686-linux-gnu/4.8/libgcc.a
LOAD /usr/lib/gcc/i686-linux-gnu/4.8/libgcc_s.so
LOAD /usr/lib/gcc/i686-linux-gnu/4.8/../../../i386-linux-gnu/libc.so
START GROUP
LOAD /lib/i386-linux-gnu/libc.so.6
LOAD /usr/lib/i386-linux-gnu/libc_nonshared.a
LOAD /lib/i386-linux-gnu/ld-linux.so.2
END GROUP
LOAD /usr/lib/gcc/i686-linux-gnu/4.8/libgcc.a
LOAD /usr/lib/gcc/i686-linux-gnu/4.8/libgcc_s.so
LOAD /usr/lib/gcc/i686-linux-gnu/4.8/crtendS.o
LOAD /usr/lib/gcc/i686-linux-gnu/4.8/../../../i386-linux-gnu/crtn.o
                0x0000000000000114                . = (0x0 + SIZEOF_HEADERS)

.note.gnu.build-id
                0x0000000000000114       0x24
 *(.note.gnu.build-id)
 .note.gnu.build-id
                0x0000000000000114       0x24 /usr/lib/gcc/i686-linux-gnu/4.8/../../../i386-linux-gnu/crti.o

.hash
 *(.hash)

.gnu.hash       0x0000000000000138     0x13a8
 *(.gnu.hash)
 .gnu.hash      0x0000000000000138     0x13a8 /usr/lib/gcc/i686-linux-gnu/4.8/../../../i386-linux-gnu/crti.o

.dynsym         0x00000000000014e0     0x2700
 *(.dynsym)
 .dynsym        0x00000000000014e0     0x2700 /usr/lib/gcc/i686-linux-gnu/4.8/../../../i386-linux-gnu/crti.o

.dynstr         0x0000000000003be0     0x2811
 *(.dynstr)
 .dynstr        0x0000000000003be0     0x2811 /usr/lib/gcc/i686-linux-gnu/4.8/../../../i386-linux-gnu/crti.o

.gnu.version    0x00000000000063f2      0x4e0
 *(.gnu.version)
 .gnu.version   0x00000000000063f2      0x4e0 /usr/lib/gcc/i686-linux-gnu/4.8/../../../i386-linux-gnu/crti.o

.gnu.version_d  0x00000000000068d4        0x0
 *(.gnu.version_d)
 .gnu.version_d
                0x0000000000000000        0x0 /usr/lib/gcc/i686-linux-gnu/4.8/../../../i386-linux-gnu/crti.o

.gnu.version_r  0x00000000000068d4       0x50
 *(.gnu.version_r)
 .gnu.version_r
                0x00000000000068d4       0x50 /usr/lib/gcc/i686-linux-gnu/4.8/../../../i386-linux-gnu/crti.o

.rel.dyn        0x0000000000006924     0x9dc8
 *(.rel.init)
 .rel.init      0x0000000000000000        0x0 /usr/lib/gcc/i686-linux-gnu/4.8/../../../i386-linux-gnu/crti.o
 *(.rel.text .rel.text.* .rel.gnu.linkonce.t.*)
 .rel.text      0x0000000000006924     0x95d8 /usr/lib/gcc/i686-linux-gnu/4.8/../../../i386-linux-gnu/crti.o
 *(.rel.fini)
 .rel.fini      0x0000000000000000        0x0 /usr/lib/gcc/i686-linux-gnu/4.8/../../../i386-linux-gnu/crti.o
 *(.rel.rodata .rel.rodata.* .rel.gnu.linkonce.r.*)
 .rel.rodata    0x000000000000fefc      0x4e0 /usr/lib/gcc/i686-linux-gnu/4.8/../../../i386-linux-gnu/crti.o
 *(.rel.data.rel.ro .rel.data.rel.ro.* .rel.gnu.linkonce.d.rel.ro.*)
 *(.rel.data .rel.data.* .rel.gnu.linkonce.d.*)
 .rel.data.rel  0x00000000000103dc        0x8 /usr/lib/gcc/i686-linux-gnu/4.8/../../../i386-linux-gnu/crti.o
 .rel.data      0x00000000000103e4      0x2d0 /usr/lib/gcc/i686-linux-gnu/4.8/../../../i386-linux-gnu/crti.o
 *(.rel.tdata .rel.tdata.* .rel.gnu.linkonce.td.*)
 *(.rel.tbss .rel.tbss.* .rel.gnu.linkonce.tb.*)
 *(.rel.ctors)
 *(.rel.dtors)
 *(.rel.got)
 .rel.got       0x00000000000106b4       0x28 /usr/lib/gcc/i686-linux-gnu/4.8/../../../i386-linux-gnu/crti.o
 *(.rel.bss .rel.bss.* .rel.gnu.linkonce.b.*)
 *(.rel.ifunc)
 .rel.ifunc     0x0000000000000000        0x0 /usr/lib/gcc/i686-linux-gnu/4.8/../../../i386-linux-gnu/crti.o
 .rel.fini_array
                0x00000000000106dc        0x8 /usr/lib/gcc/i686-linux-gnu/4.8/../../../i386-linux-gnu/crti.o
 .rel.init_array
                0x00000000000106e4        0x8 /usr/lib/gcc/i686-linux-gnu/4.8/../../../i386-linux-gnu/crti.o

.rel.plt        0x00000000000106ec       0x10
 *(.rel.plt)
 .rel.plt       0x00000000000106ec       0x10 /usr/lib/gcc/i686-linux-gnu/4.8/../../../i386-linux-gnu/crti.o
 *(.rel.iplt)

.init           0x00000000000106fc       0x23
 *(SORT(.init))
 .init          0x00000000000106fc       0x1e /usr/lib/gcc/i686-linux-gnu/4.8/../../../i386-linux-gnu/crti.o
                0x00000000000106fc                _init
 .init          0x000000000001071a        0x5 /usr/lib/gcc/i686-linux-gnu/4.8/../../../i386-linux-gnu/crtn.o

.plt            0x0000000000010720       0x30
 *(.plt)
 .plt           0x0000000000010720       0x30 /usr/lib/gcc/i686-linux-gnu/4.8/../../../i386-linux-gnu/crti.o
 *(.iplt)

.text           0x0000000000010750    0x17a18
 *(.text.unlikely .text.*_unlikely .text.unlikely.*)
 *(.text.exit .text.exit.*)
 *(.text.startup .text.startup.*)
 *(.text.hot .text.hot.*)
 *(.text .stub .text.* .gnu.linkonce.t.*)
 .text          0x0000000000010750        0x0 /usr/lib/gcc/i686-linux-gnu/4.8/../../../i386-linux-gnu/crti.o
 .gnu.linkonce.t.__x86.get_pc_thunk.bx
                0x0000000000010750        0x4 /usr/lib/gcc/i686-linux-gnu/4.8/../../../i386-linux-gnu/crti.o
                0x0000000000010750                __x86.get_pc_thunk.bx
 *fill*         0x0000000000010754        0xc 
 .text          0x0000000000010760      0x11b /usr/lib/gcc/i686-linux-gnu/4.8/crtbeginS.o
 .text          0x000000000001087b      0x80c udp-client.co
 .text          0x0000000000011087      0x96a obj_cooja/mtype935.o
                0x0000000000011235                contiki_init
                0x0000000000011808                Java_org_contikios_cooja_corecomm_Lib10_init
                0x0000000000011848                Java_org_contikios_cooja_corecomm_Lib10_getMemory
                0x0000000000011888                Java_org_contikios_cooja_corecomm_Lib10_setMemory
                0x00000000000118ff                Java_org_contikios_cooja_corecomm_Lib10_tick
                0x00000000000119df                Java_org_contikios_cooja_corecomm_Lib10_setReferenceAddress
 .text          0x00000000000119f1       0x63 obj_cooja/mtype935.a(simEnvChange.o)
                0x00000000000119f1                doActionsBeforeTick
                0x0000000000011a22                doActionsAfterTick
 .text          0x0000000000011a54       0xbc obj_cooja/mtype935.a(cooja_mt.o)
                0x0000000000011a54                cooja_mt_init
                0x0000000000011a61                cooja_mt_remove
                0x0000000000011a6e                cooja_mt_start
                0x0000000000011a9b                cooja_mt_exec
                0x0000000000011acc                cooja_mt_exit
                0x0000000000011aee                cooja_mt_yield
 .text          0x0000000000011b10      0x115 obj_cooja/mtype935.a(cooja_mtarch.o)
                0x0000000000011b10                cooja_mtarch_init
                0x0000000000011b15                cooja_mtarch_start
                0x0000000000011b90                cooja_sw
                0x0000000000011bb2                cooja_mtarch_exec
                0x0000000000011bce                cooja_mtarch_remove
                0x0000000000011bd3                cooja_mtarch_yield
                0x0000000000011bdd                cooja_mtarch_pstop
                0x0000000000011be2                cooja_mtarch_pstart
                0x0000000000011be7                cooja_mtarch_stack_usage
 .text          0x0000000000011c25       0xc2 obj_cooja/mtype935.a(rtimer-arch.o)
                0x0000000000011c25                rtimer_arch_init
                0x0000000000011c48                rtimer_arch_schedule
                0x0000000000011c5f                rtimer_arch_next
                0x0000000000011c69                rtimer_arch_pending
                0x0000000000011c73                rtimer_arch_check
                0x0000000000011ca5                rtimer_arch_now
 .text          0x0000000000011ce7       0x76 obj_cooja/mtype935.a(beep.o)
                0x0000000000011ce7                beep_alarm
                0x0000000000011cf3                beep_beep
                0x0000000000011cff                beep
                0x0000000000011d0b                beep_down
                0x0000000000011d17                beep_on
                0x0000000000011d23                beep_off
                0x0000000000011d2f                beep_spinup
                0x0000000000011d3b                beep_quick
                0x0000000000011d47                beep_long
 .text          0x0000000000011d5d      0x103 obj_cooja/mtype935.a(button-sensor.o)
 .text          0x0000000000011e60       0x45 obj_cooja/mtype935.a(leds-arch.o)
                0x0000000000011e60                leds_arch_init
                0x0000000000011e6c                leds_arch_get
                0x0000000000011e78                leds_arch_set
 .text          0x0000000000011ea5       0x2f obj_cooja/mtype935.a(moteid.o)
 .text          0x0000000000011ed4       0xb1 obj_cooja/mtype935.a(pir-sensor.o)
 .text          0x0000000000011f85      0x131 obj_cooja/mtype935.a(rs232.o)
                0x0000000000011f85                rs232_init
                0x0000000000011f8a                rs232_set_speed
                0x0000000000011f98                rs232_set_input
                0x0000000000011fa5                rs232_send
                0x0000000000011fc7                rs232_print
                0x0000000000011fe2                slip_arch_writeb
 .text          0x00000000000120b6       0xb1 obj_cooja/mtype935.a(vib-sensor.o)
 .text          0x0000000000012167       0x34 obj_cooja/mtype935.a(clock.o)
                0x0000000000012167                clock_init
                0x000000000001216c                clock_time
                0x0000000000012176                clock_seconds
                0x000000000001218c                clock_delay
 .text          0x000000000001219b      0x1ed obj_cooja/mtype935.a(log.o)
                0x000000000001219b                simlog_char
                0x00000000000121dd                simlog
                0x000000000001224a                log_message
                0x0000000000012272                log_set_putchar_with_slip
                0x000000000001227f                log_putchar
                0x0000000000012303                log_puts
                0x0000000000012327                log_printf
 .text          0x0000000000012388      0x2c4 obj_cooja/mtype935.a(cfs-cooja.o)
                0x0000000000012388                cfs_open
                0x00000000000123f1                cfs_close
                0x00000000000123fd                cfs_read
                0x000000000001249b                cfs_write
                0x0000000000012578                cfs_seek
                0x0000000000012600                cfs_remove
                0x0000000000012629                cfs_opendir
                0x0000000000012633                cfs_readdir
                0x000000000001263d                cfs_closedir
 .text          0x000000000001264c      0x6b7 obj_cooja/mtype935.a(cooja-radio.o)
                0x0000000000012676                radio_set_channel
                0x000000000001268b                radio_set_txpower
                0x00000000000126ab                radio_signal_strength_last
                0x00000000000126b5                radio_signal_strength_current
                0x00000000000126bf                radio_LQI
 .text          0x0000000000012d03       0xef obj_cooja/mtype935.a(eeprom.o)
                0x0000000000012d03                eeprom_init
                0x0000000000012d08                eeprom_read
                0x0000000000012d78                eeprom_write
 .text          0x0000000000012df2       0x28 obj_cooja/mtype935.a(random.o)
                0x0000000000012df2                random_init
                0x0000000000012e0d                random_rand
 .text          0x0000000000012e1a      0x2a1 obj_cooja/mtype935.a(sensors.o)
                0x0000000000012e55                sensors_first
                0x0000000000012e5f                sensors_next
                0x0000000000012e7c                sensors_changed
                0x0000000000012eab                sensors_find
 .text          0x00000000000130bb      0x134 obj_cooja/mtype935.a(leds.o)
                0x000000000001310c                leds_init
                0x0000000000013120                leds_blink
                0x0000000000013158                leds_get
                0x0000000000013165                leds_set
                0x000000000001317f                leds_on
                0x00000000000131a2                leds_off
                0x00000000000131cc                leds_toggle
 .text          0x00000000000131ef      0x471 obj_cooja/mtype935.a(dual_conf.o)
                0x00000000000131ef                dual_radio_switch
                0x000000000001322f                dual_radio_change
                0x0000000000013269                sending_in_LR
                0x0000000000013294                dual_radio_received
                0x00000000000132e7                radio_received_is_longrange
                0x0000000000013302                dual_radio_turn_on
                0x0000000000013325                dual_radio_turn_off
                0x00000000000135e6                dio_broadcast
                0x000000000001360f                dis_broadcast
                0x0000000000013630                LSA_converge_broadcast
 .text          0x0000000000013660       0x8e obj_cooja/mtype935.a(autostart.o)
                0x0000000000013660                autostart_start
                0x00000000000136ab                autostart_exit
 .text          0x00000000000136ee      0x334 obj_cooja/mtype935.a(ctimer.o)
                0x0000000000013805                ctimer_init
                0x0000000000013835                ctimer_set
                0x0000000000013866                ctimer_set_with_process
                0x00000000000138e2                ctimer_reset
                0x0000000000013931                ctimer_restart
                0x0000000000013980                ctimer_stop
                0x00000000000139cb                ctimer_expired
 .text          0x0000000000013a22      0x40b obj_cooja/mtype935.a(etimer.o)
                0x0000000000013c35                etimer_request_poll
                0x0000000000013cb9                etimer_set
                0x0000000000013cde                etimer_reset_with_new_interval
                0x0000000000013d05                etimer_reset
                0x0000000000013d23                etimer_restart
                0x0000000000013d41                etimer_adjust
                0x0000000000013d5d                etimer_expired
                0x0000000000013d70                etimer_expiration_time
                0x0000000000013d82                etimer_start_time
                0x0000000000013d8c                etimer_pending
                0x0000000000013d9e                etimer_next_expiration_time
                0x0000000000013db8                etimer_stop
 .text          0x0000000000013e2d      0x123 obj_cooja/mtype935.a(log_message.o)
                0x0000000000013e2d                log_initialization
                0x0000000000013f2f                log_finisher
 .text          0x0000000000013f50      0x560 obj_cooja/mtype935.a(process.o)
                0x0000000000013f50                process_alloc_event
                0x0000000000013f65                process_start
                0x000000000001414e                process_exit
                0x000000000001416a                process_init
                0x000000000001433b                process_run
                0x000000000001436e                process_nevents
                0x0000000000014389                process_post
                0x0000000000014435                process_post_synch
                0x000000000001446d                process_poll
                0x000000000001449c                process_is_running
 .text          0x00000000000144b0       0xd3 obj_cooja/mtype935.a(residual.o)
                0x00000000000144b0                get_residual_energy
 .text          0x0000000000014583       0xba obj_cooja/mtype935.a(rtimer.o)
                0x0000000000014583                rtimer_init
                0x0000000000014590                rtimer_set
                0x00000000000145e7                rtimer_run_next
 .text          0x000000000001463d       0xa3 obj_cooja/mtype935.a(stimer.o)
                0x000000000001463d                stimer_set
                0x0000000000014658                stimer_reset
                0x000000000001466f                stimer_restart
                0x0000000000014681                stimer_expired
                0x00000000000146a8                stimer_remaining
                0x00000000000146cc                stimer_elapsed
 .text          0x00000000000146e0       0x91 obj_cooja/mtype935.a(timer.o)
                0x00000000000146e0                timer_set
                0x00000000000146fb                timer_reset
                0x0000000000014712                timer_restart
                0x0000000000014724                timer_expired
                0x000000000001474d                timer_remaining
 .text          0x0000000000014771      0x1fb obj_cooja/mtype935.a(serial-line.o)
                0x0000000000014771                serial_line_input_byte
                0x0000000000014934                serial_line_init
 .text          0x000000000001496c      0x244 obj_cooja/mtype935.a(list.o)
                0x000000000001496c                list_init
                0x000000000001497a                list_head
                0x0000000000014984                list_copy
                0x0000000000014993                list_tail
                0x00000000000149c9                list_add
                0x0000000000014a12                list_push
                0x0000000000014a3e                list_chop
                0x0000000000014aa8                list_pop
                0x0000000000014ad0                list_remove
                0x0000000000014b37                list_length
                0x0000000000014b65                list_insert
                0x0000000000014b99                list_item_next
 .text          0x0000000000014bb0      0x155 obj_cooja/mtype935.a(ringbuf.o)
                0x0000000000014bb0                ringbuf_init
                0x0000000000014be1                ringbuf_put
                0x0000000000014c5f                ringbuf_get
                0x0000000000014ccc                ringbuf_size
                0x0000000000014cde                ringbuf_elements
 .text          0x0000000000014d05     0x258b obj_cooja/mtype935.a(sicslowpan.o)
                0x000000000001528f                rime_sniffer_add
                0x000000000001529c                rime_sniffer_remove
                0x000000000001722f                sicslowpan_init
                0x0000000000017286                sicslowpan_get_last_rssi
 .text          0x0000000000017290      0x2dc obj_cooja/mtype935.a(uip-ds6-nbr.o)
                0x00000000000172ad                uip_ds6_neighbors_init
                0x00000000000172ca                uip_ds6_nbr_add
                0x000000000001737b                uip_ds6_nbr_rm
                0x00000000000173d8                uip_ds6_nbr_get_ipaddr
                0x00000000000173ed                uip_ds6_nbr_get_ll
                0x0000000000017409                uip_ds6_nbr_num
                0x000000000001744e                uip_ds6_nbr_lookup
                0x00000000000174b3                uip_ds6_nbr_ll_lookup
                0x00000000000174cf                uip_ds6_nbr_ipaddr_from_lladdr
                0x00000000000174f5                uip_ds6_nbr_lladdr_from_ipaddr
                0x0000000000017523                uip_ds6_link_neighbor_callback
 .text          0x000000000001756c      0x916 obj_cooja/mtype935.a(uip-ds6-route.o)
                0x00000000000175e3                uip_ds6_notification_add
                0x0000000000017614                uip_ds6_notification_rm
                0x0000000000017630                uip_ds6_route_init
                0x00000000000176b8                uip_ds6_route_nexthop
                0x00000000000176e0                uip_ds6_route_head
                0x00000000000176f5                uip_ds6_route_next
                0x000000000001771b                uip_ds6_route_is_nexthop
                0x000000000001775a                uip_ds6_route_num_routes
                0x0000000000017764                uip_ds6_route_lookup
                0x0000000000017826                uip_ds6_route_add
                0x0000000000017a5a                uip_ds6_route_rm
                0x0000000000017bee                uip_ds6_route_rm_by_nexthop
                0x0000000000017c26                uip_ds6_defrt_add
                0x0000000000017cd7                uip_ds6_defrt_rm
                0x0000000000017d56                uip_ds6_defrt_lookup
                0x0000000000017daf                uip_ds6_defrt_choose
                0x0000000000017e1a                uip_ds6_defrt_periodic
 .text          0x0000000000017e82     0x12ad obj_cooja/mtype935.a(uip-ds6.o)
                0x0000000000017e82                uip_ds6_init
                0x00000000000181d7                uip_ds6_periodic
                0x00000000000182af                uip_ds6_list_loop
                0x0000000000018356                uip_ds6_prefix_add
                0x0000000000018414                uip_ds6_prefix_rm
                0x0000000000018426                uip_ds6_prefix_lookup
                0x0000000000018477                uip_ds6_is_addr_onlink
                0x00000000000184eb                uip_ds6_addr_add
                0x0000000000018619                uip_ds6_long_addr_add
                0x0000000000018747                uip_ds6_addr_rm
                0x00000000000187e7                uip_ds6_addr_lookup
                0x0000000000018832                uip_ds6_long_addr_lookup
                0x000000000001887d                uip_ds6_get_link_local
                0x00000000000188fc                uip_ds6_long_get_link_local
                0x000000000001897b                uip_ds6_get_global
                0x00000000000189fa                uip_ds6_long_get_global
                0x0000000000018a79                uip_ds6_maddr_add
                0x0000000000018aeb                uip_ds6_long_maddr_add
                0x0000000000018b5d                uip_ds6_maddr_rm
                0x0000000000018b6f                uip_ds6_maddr_lookup
                0x0000000000018bba                uip_ds6_long_maddr_lookup
                0x0000000000018c05                uip_ds6_aaddr_add
                0x0000000000018c77                uip_ds6_long_aaddr_add
                0x0000000000018ce9                uip_ds6_aaddr_rm
                0x0000000000018cfb                uip_ds6_aaddr_lookup
                0x0000000000018d46                uip_ds6_long_aaddr_lookup
                0x0000000000018d91                uip_ds6_select_src
                0x000000000001901a                uip_ds6_set_addr_iid
                0x0000000000019051                get_match_length
                0x00000000000190e3                uip_ds6_compute_reachable_time
 .text          0x000000000001912f     0x29f3 obj_cooja/mtype935.a(uip6.o)
                0x000000000001912f                uip_add32
                0x00000000000192c8                uip_chksum
                0x00000000000193b6                uip_icmp6chksum
                0x00000000000193ca                uip_tcpchksum
                0x00000000000193de                uip_udpchksum
                0x00000000000193f2                uip_init
                0x00000000000194c2                uip_connect
                0x0000000000019671                remove_ext_hdr
                0x0000000000019746                uip_udp_new
                0x00000000000198a2                uip_unlisten
                0x0000000000019902                uip_listen
                0x0000000000019bc4                uip_process
                0x000000000001ba16                uip_htons
                0x000000000001ba38                uip_htonl
                0x000000000001ba78                uip_send
 .text          0x000000000001bb22      0xb50 obj_cooja/mtype935.a(tcpip.o)
                0x000000000001bb22                tcpip_output
                0x000000000001bb5d                tcpip_set_outputfunc
                0x000000000001bbf1                tcp_connect
                0x000000000001bc46                tcp_unlisten
                0x000000000001bca1                tcp_listen
                0x000000000001bcfa                tcp_attach
                0x000000000001bd1f                udp_attach
                0x000000000001bd44                udp_new
                0x000000000001bd96                udp_broadcast_new
                0x000000000001c00a                tcpip_input
                0x000000000001c03e                tcpip_ipv6_output
                0x000000000001c4b8                tcpip_poll_udp
                0x000000000001c4db                tcpip_poll_tcp
                0x000000000001c4fe                tcpip_uipcall
 .text          0x000000000001c672      0x1c1 obj_cooja/mtype935.a(uip-debug.o)
                0x000000000001c672                uip_debug_ipaddr_print
                0x000000000001c7d4                uip_debug_lladdr_print
 .text          0x000000000001c833      0x141 obj_cooja/mtype935.a(uip-packetqueue)
                0x000000000001c85f                uip_packetqueue_new
                0x000000000001c86d                uip_packetqueue_alloc
                0x000000000001c8cd                uip_packetqueue_free
                0x000000000001c90e                uip_packetqueue_buf
                0x000000000001c92b                uip_packetqueue_buflen
                0x000000000001c94c                uip_packetqueue_set_buflen
 .text          0x000000000001c974      0x131 obj_cooja/mtype935.a(uip-udp-packet.)
                0x000000000001c974                uip_udp_packet_send
                0x000000000001c9d4                uip_udp_packet_sendto
 .text          0x000000000001caa5     0x26ab obj_cooja/mtype935.a(rpl-dag.o)
                0x000000000001caa5                rpl_lr_in_child
                0x000000000001cb5d                rpl_print_neighbor_list
                0x000000000001cc06                rpl_print_child_neighbor_list
                0x000000000001cc7b                rpl_get_nbr
                0x000000000001ccd5                rpl_get_nbr_child
                0x000000000001cd2f                rpl_dag_init
                0x000000000001cd61                rpl_get_parent
                0x000000000001cd83                rpl_get_parent_rank
                0x000000000001cdb6                rpl_get_parent_link_metric
                0x000000000001cde9                rpl_get_parent_ipaddr
                0x000000000001ce13                rpl_get_child_ipaddr
                0x000000000001d12e                rpl_set_root
                0x000000000001d35c                rpl_repair_root
                0x000000000001d598                rpl_set_prefix
                0x000000000001d697                rpl_set_default_route
                0x000000000001d723                rpl_alloc_instance
                0x000000000001d7ab                rpl_alloc_dag
                0x000000000001d85e                rpl_set_default_instance
                0x000000000001d86b                rpl_get_default_instance
                0x000000000001d875                rpl_free_instance
                0x000000000001d916                rpl_free_dag
                0x000000000001d97c                rpl_add_parent
                0x000000000001da65                rpl_find_parent
                0x000000000001da95                rpl_add_child
                0x000000000001db39                rpl_find_child
                0x000000000001db87                rpl_find_parent_any_dag
                0x000000000001dbc3                rpl_select_dag
                0x000000000001dff9                rpl_select_parent
                0x000000000001e05b                rpl_remove_parent
                0x000000000001e091                rpl_remove_child
                0x000000000001e0ad                rpl_nullify_parent
                0x000000000001e14b                rpl_move_parent
                0x000000000001e1e8                rpl_has_downward_route
                0x000000000001e23b                rpl_get_any_dag
                0x000000000001e29d                rpl_get_instance
                0x000000000001e300                rpl_find_of
                0x000000000001e33d                rpl_join_instance
                0x000000000001e5d9                rpl_add_dag
                0x000000000001e9c8                rpl_local_repair
                0x000000000001eaa1                rpl_recalculate_ranks
                0x000000000001eb27                rpl_process_parent_event
                0x000000000001ebd9                rpl_process_dio
 .text          0x000000000001f150      0xe0b obj_cooja/mtype935.a(rpl-ext-header.)
                0x000000000001f16d                rpl_verify_header
                0x000000000001f6ea                rpl_update_header_empty
                0x000000000001fa9d                rpl_update_header_final
                0x000000000001fc50                rpl_remove_header
                0x000000000001fd7f                rpl_invert_header
                0x000000000001ff39                rpl_insert_header
 .text          0x000000000001ff5b     0x24ea obj_cooja/mtype935.a(rpl-icmp6.o)
                0x0000000000020224                rpl_icmp6_update_nbr_table
                0x0000000000020314                dis_output
                0x0000000000020c4c                dio_output
                0x00000000000214b7                LSA_converge_output
                0x0000000000021fa4                dao_output
                0x000000000002206c                dao_output_target
                0x00000000000223ed                dao_ack_output
                0x0000000000022401                rpl_icmp6_register_handlers
 .text          0x0000000000022445      0x3dc obj_cooja/mtype935.a(rpl-ltmax.o)
 .text          0x0000000000022821      0x7c6 obj_cooja/mtype935.a(rpl-timers.o)
                0x0000000000022821                rpl_LSA_convergence_timer
                0x00000000000228c8                rpl_reset_LSA_convergence_timer
                0x0000000000022c32                rpl_reset_periodic_timer
                0x0000000000022c87                rpl_reset_dio_timer
                0x0000000000022f1f                rpl_schedule_dao
                0x0000000000022f3a                rpl_schedule_dao_immediately
                0x0000000000022f55                rpl_cancel_dao
                0x0000000000022fb7                rpl_schedule_unicast_dio_immediately
 .text          0x0000000000022fe7      0x5dc obj_cooja/mtype935.a(rpl.o)
                0x0000000000022fe7                rpl_get_mode
                0x0000000000022ff1                rpl_set_mode
                0x000000000002307f                rpl_purge_routes
                0x0000000000023179                rpl_remove_routes
                0x00000000000231bf                rpl_remove_routes_by_nexthop
                0x000000000002322b                rpl_add_route
                0x00000000000232a6                rpl_link_neighbor_callback
                0x00000000000233ab                rpl_ipv6_neighbor_callback
                0x000000000002341a                rpl_purge_dags
                0x0000000000023526                rpl_init
 .text          0x00000000000235c3      0xa00 obj_cooja/mtype935.a(csma.o)
 .text          0x0000000000023fc3      0x3f5 obj_cooja/mtype935.a(framer-802154.o)
 .text          0x00000000000243b8       0x3c obj_cooja/mtype935.a(mac.o)
                0x00000000000243b8                mac_call_sent_callback
 .text          0x00000000000243f4     0x1025 obj_cooja/mtype935.a(cxmac.o)
                0x0000000000025354                cxmac_set_announcement_radio_txpower
                0x0000000000025359                cxmac_init
 .text          0x0000000000025419       0x82 obj_cooja/mtype935.a(linkaddr.o)
                0x0000000000025419                linkaddr_copy
                0x000000000002543b                linkaddr_cmp
                0x0000000000025465                linkaddr_set_node_addr
                0x0000000000025480                linkaddr_set_node_long_addr
 .text          0x000000000002549b      0x915 obj_cooja/mtype935.a(nbr-table.o)
                0x000000000002549b                long_ip_from_lladdr_map
                0x0000000000025524                lladdr_map_add_lr
                0x00000000000255e1                lladdr_map_rm_lr
                0x0000000000025aa6                nbr_table_register
                0x0000000000025aee                nbr_table_head
                0x0000000000025b4a                nbr_table_next
                0x0000000000025bb1                nbr_table_add_lladdr
                0x0000000000025c8d                nbr_table_get_from_lladdr
                0x0000000000025cda                nbr_table_remove
                0x0000000000025d2c                nbr_table_lock
                0x0000000000025d56                nbr_table_unlock
                0x0000000000025d80                nbr_table_get_lladdr
 .text          0x0000000000025db0       0x2b obj_cooja/mtype935.a(netstack.o)
                0x0000000000025db0                netstack_init
 .text          0x0000000000025ddb      0x3cd obj_cooja/mtype935.a(packetbuf.o)
                0x0000000000025ddb                packetbuf_clear
                0x0000000000025e05                packetbuf_copyfrom
                0x0000000000025e57                packetbuf_compact
                0x0000000000025ed4                packetbuf_copyto
                0x0000000000025f6b                packetbuf_hdralloc
                0x0000000000025fe8                packetbuf_hdrreduce
                0x0000000000026030                packetbuf_set_datalen
                0x0000000000026049                packetbuf_dataptr
                0x0000000000026066                packetbuf_hdrptr
                0x0000000000026070                packetbuf_datalen
                0x000000000002607c                packetbuf_hdrlen
                0x0000000000026093                packetbuf_totlen
                0x00000000000260a9                packetbuf_attr_clear
                0x00000000000260fb                packetbuf_attr_copyto
                0x0000000000026144                packetbuf_attr_copyfrom
                0x000000000002618c                packetbuf_holds_broadcast
 .text          0x00000000000261a8      0x2b4 obj_cooja/mtype935.a(queuebuf.o)
                0x00000000000261b2                queuebuf_init
                0x00000000000261d2                queuebuf_numfree
                0x00000000000261e6                queuebuf_new_from_packetbuf
                0x0000000000026276                queuebuf_update_attr_from_packetbuf
                0x00000000000262a9                queuebuf_update_from_packetbuf
                0x00000000000262f3                queuebuf_free
                0x000000000002633a                queuebuf_to_packetbuf
                0x00000000000263a0                queuebuf_dataptr
                0x00000000000263d7                queuebuf_datalen
                0x00000000000263fa                queuebuf_addr
                0x000000000002642c                queuebuf_attr
                0x0000000000026457                queuebuf_debug_print
 .text          0x000000000002645c       0x6e obj_cooja/mtype935.a(nullsec.o)
 .text          0x00000000000264ca       0x19 obj_cooja/mtype935.a(watchdog.o)
                0x00000000000264ca                watchdog_init
                0x00000000000264cf                watchdog_start
                0x00000000000264d4                watchdog_periodic
                0x00000000000264d9                watchdog_stop
                0x00000000000264de                watchdog_reboot
 .text          0x00000000000264e3        0x0 obj_cooja/mtype935.a(rimestats.o)
 .text          0x00000000000264e3      0x1c1 obj_cooja/mtype935.a(memb.o)
                0x00000000000264e3                memb_init
                0x0000000000026541                memb_alloc
                0x00000000000265a6                memb_free
                0x0000000000026621                memb_inmemb
                0x0000000000026660                memb_numfree
 .text          0x00000000000266a4      0xabf obj_cooja/mtype935.a(uip-icmp6.o)
                0x0000000000026712                uip_icmp6_input
                0x0000000000026768                uip_icmp6_register_input_handler
                0x0000000000026a30                uip_icmp6_error_output
                0x0000000000026d75                uip_icmp6_send
                0x00000000000270f6                uip_icmp6_echo_reply_callback_add
                0x0000000000027127                uip_icmp6_echo_reply_callback_rm
                0x0000000000027143                uip_icmp6_init
 .text          0x0000000000027163      0x358 obj_cooja/mtype935.a(uip-nd6.o)
                0x00000000000271b7                uip_nd6_ns_output
                0x00000000000274b6                uip_nd6_init
 .text          0x00000000000274bb      0x331 obj_cooja/mtype935.a(rpl-nbr-policy.)
                0x0000000000027693                find_removable_dis
                0x00000000000276b6                find_removable_dio
                0x0000000000027745                find_removable_dao
                0x0000000000027795                rpl_nbr_policy_find_removable
 .text          0x00000000000277ec      0x97c obj_cooja/mtype935.a(frame802154.o)
                0x000000000002781d                frame802154_get_pan_id
                0x0000000000027829                frame802154_set_pan_id
                0x0000000000027842                frame802154_has_panid
                0x000000000002792e                frame802154_check_dest_panid
                0x0000000000027996                frame802154_is_broadcast_addr
                0x00000000000279e3                frame802154_extract_linkaddr
                0x0000000000027c23                frame802154_hdrlen
                0x0000000000027c74                frame802154_create
                0x0000000000027e5f                frame802154_parse
 .text          0x0000000000028168        0x0 /usr/lib/gcc/i686-linux-gnu/4.8/crtendS.o
 .text          0x0000000000028168        0x0 /usr/lib/gcc/i686-linux-gnu/4.8/../../../i386-linux-gnu/crtn.o
 *(.gnu.warning)

.fini           0x0000000000028168       0x14
 *(SORT(.fini))
 .fini          0x0000000000028168        0xf /usr/lib/gcc/i686-linux-gnu/4.8/../../../i386-linux-gnu/crti.o
                0x0000000000028168                _fini
 .fini          0x0000000000028177        0x5 /usr/lib/gcc/i686-linux-gnu/4.8/../../../i386-linux-gnu/crtn.o
                0x000000000002817c                PROVIDE (__etext, .)
                0x000000000002817c                PROVIDE (_etext, .)
                0x000000000002817c                PROVIDE (etext, .)

.rodata         0x0000000000028180     0x1620
 *(.rodata .rodata.* .gnu.linkonce.r.*)
 .rodata        0x0000000000028180      0x33e udp-client.co
                0x0000000000028194                autostart_processes
 *fill*         0x00000000000284be        0x2 
 .rodata        0x00000000000284c0      0x1e6 obj_cooja/mtype935.o
 *fill*         0x00000000000286a6        0x2 
 .rodata        0x00000000000286a8        0x8 obj_cooja/mtype935.a(beep.o)
                0x00000000000286a8                beep_interface
 .rodata        0x00000000000286b0       0x20 obj_cooja/mtype935.a(button-sensor.o)
                0x00000000000286b0                button_interface
                0x00000000000286c0                button_sensor
 .rodata        0x00000000000286d0        0x8 obj_cooja/mtype935.a(leds-arch.o)
                0x00000000000286d0                leds_interface
 .rodata        0x00000000000286d8        0x8 obj_cooja/mtype935.a(moteid.o)
                0x00000000000286d8                moteid_interface
 .rodata        0x00000000000286e0       0x1c obj_cooja/mtype935.a(pir-sensor.o)
                0x00000000000286e0                pir_interface
                0x00000000000286ec                pir_sensor
 .rodata        0x00000000000286fc        0xe obj_cooja/mtype935.a(rs232.o)
                0x00000000000286fc                rs232_interface
 *fill*         0x000000000002870a        0x2 
 .rodata        0x000000000002870c       0x24 obj_cooja/mtype935.a(vib-sensor.o)
                0x000000000002870c                vib_interface
                0x0000000000028720                vib_sensor
 .rodata        0x0000000000028730        0x8 obj_cooja/mtype935.a(clock.o)
                0x0000000000028730                clock_interface
 .rodata        0x0000000000028738        0x8 obj_cooja/mtype935.a(log.o)
                0x0000000000028738                simlog_interface
 .rodata        0x0000000000028740       0x2f obj_cooja/mtype935.a(cfs-cooja.o)
                0x0000000000028740                cfs_interface
 *fill*         0x000000000002876f       0x11 
 .rodata        0x0000000000028780       0xc0 obj_cooja/mtype935.a(cooja-radio.o)
                0x0000000000028800                cooja_radio_driver
                0x0000000000028838                radio_interface
 .rodata        0x0000000000028840        0x8 obj_cooja/mtype935.a(eeprom.o)
                0x0000000000028840                eeprom_interface
 .rodata        0x0000000000028848        0x8 obj_cooja/mtype935.a(sensors.o)
 .rodata        0x0000000000028850      0x1fe obj_cooja/mtype935.a(dual_conf.o)
 .rodata        0x0000000000028a4e        0xf obj_cooja/mtype935.a(ctimer.o)
 .rodata        0x0000000000028a5d        0xc obj_cooja/mtype935.a(etimer.o)
 *fill*         0x0000000000028a69        0x3 
 .rodata        0x0000000000028a6c       0x73 obj_cooja/mtype935.a(log_message.o)
 *fill*         0x0000000000028adf        0x1 
 .rodata        0x0000000000028ae0       0x20 obj_cooja/mtype935.a(residual.o)
 .rodata        0x0000000000028b00        0xe obj_cooja/mtype935.a(serial-line.o)
 *fill*         0x0000000000028b0e        0x2 
 .rodata        0x0000000000028b10       0x2c obj_cooja/mtype935.a(sicslowpan.o)
                0x0000000000028b10                unc_llconf
                0x0000000000028b14                unc_ctxconf
                0x0000000000028b18                unc_mxconf
                0x0000000000028b1c                llprefix
                0x0000000000028b30                sicslowpan_driver
 .rodata        0x0000000000028b3c      0x13c obj_cooja/mtype935.a(uip6.o)
 .rodata        0x0000000000028c78       0x49 obj_cooja/mtype935.a(tcpip.o)
 .rodata        0x0000000000028cc1       0x3e obj_cooja/mtype935.a(uip-debug.o)
 *fill*         0x0000000000028cff        0x1 
 .rodata        0x0000000000028d00        0x4 obj_cooja/mtype935.a(rpl-dag.o)
 .rodata        0x0000000000028d04      0x4a0 obj_cooja/mtype935.a(rpl-ext-header.)
 .rodata        0x00000000000291a4       0x1c obj_cooja/mtype935.a(rpl-icmp6.o)
 .rodata        0x00000000000291c0      0x2be obj_cooja/mtype935.a(rpl-timers.o)
 *fill*         0x000000000002947e        0x2 
 .rodata        0x0000000000029480      0x288 obj_cooja/mtype935.a(csma.o)
                0x00000000000296ec                csma_driver
 .rodata        0x0000000000029708        0xc obj_cooja/mtype935.a(framer-802154.o)
                0x0000000000029708                framer_802154
 *fill*         0x0000000000029714        0xc 
 .rodata        0x0000000000029720       0x60 obj_cooja/mtype935.a(cxmac.o)
                0x0000000000029760                cxmac_driver
 .rodata        0x0000000000029780        0x8 obj_cooja/mtype935.a(linkaddr.o)
                0x0000000000029780                linkaddr_null
 .rodata        0x0000000000029788       0x18 obj_cooja/mtype935.a(nullsec.o)
                0x0000000000029790                nullsec_driver

.rodata1
 *(.rodata1)

.eh_frame_hdr   0x00000000000297a0     0x1454
 *(.eh_frame_hdr)
 .eh_frame_hdr  0x00000000000297a0     0x1454 udp-client.co

.eh_frame       0x000000000002abf4     0x52c0
 *(.eh_frame)
 .eh_frame      0x000000000002abf4       0x3c /usr/lib/gcc/i686-linux-gnu/4.8/../../../i386-linux-gnu/crti.o
                                         0x40 (size before relaxing)
 .eh_frame      0x000000000002ac30       0xb4 udp-client.co
                                         0xcc (size before relaxing)
 .eh_frame      0x000000000002ace4      0x148 obj_cooja/mtype935.o
                                        0x160 (size before relaxing)
 .eh_frame      0x000000000002ae2c       0x40 obj_cooja/mtype935.a(simEnvChange.o)
                                         0x58 (size before relaxing)
 .eh_frame      0x000000000002ae6c       0xc0 obj_cooja/mtype935.a(cooja_mt.o)
                                         0xd8 (size before relaxing)
 .eh_frame      0x000000000002af2c      0x120 obj_cooja/mtype935.a(cooja_mtarch.o)
                                        0x138 (size before relaxing)
 .eh_frame      0x000000000002b04c       0xc0 obj_cooja/mtype935.a(rtimer-arch.o)
                                         0xd8 (size before relaxing)
 .eh_frame      0x000000000002b10c      0x160 obj_cooja/mtype935.a(beep.o)
                                        0x178 (size before relaxing)
 .eh_frame      0x000000000002b26c       0xa0 obj_cooja/mtype935.a(button-sensor.o)
                                         0xb8 (size before relaxing)
 .eh_frame      0x000000000002b30c       0xa0 obj_cooja/mtype935.a(leds-arch.o)
                                         0xb8 (size before relaxing)
 .eh_frame      0x000000000002b3ac       0x40 obj_cooja/mtype935.a(moteid.o)
                                         0x58 (size before relaxing)
 .eh_frame      0x000000000002b3ec       0xa0 obj_cooja/mtype935.a(pir-sensor.o)
                                         0xb8 (size before relaxing)
 .eh_frame      0x000000000002b48c      0x100 obj_cooja/mtype935.a(rs232.o)
                                        0x118 (size before relaxing)
 .eh_frame      0x000000000002b58c       0xa0 obj_cooja/mtype935.a(vib-sensor.o)
                                         0xb8 (size before relaxing)
 .eh_frame      0x000000000002b62c       0xc0 obj_cooja/mtype935.a(clock.o)
                                         0xd8 (size before relaxing)
 .eh_frame      0x000000000002b6ec      0x120 obj_cooja/mtype935.a(log.o)
                                        0x138 (size before relaxing)
 .eh_frame      0x000000000002b80c      0x160 obj_cooja/mtype935.a(cfs-cooja.o)
                                        0x178 (size before relaxing)
 .eh_frame      0x000000000002b96c      0x2e0 obj_cooja/mtype935.a(cooja-radio.o)
                                        0x2f8 (size before relaxing)
 .eh_frame      0x000000000002bc4c       0xa0 obj_cooja/mtype935.a(eeprom.o)
                                         0xb8 (size before relaxing)
 .eh_frame      0x000000000002bcec       0x40 obj_cooja/mtype935.a(random.o)
                                         0x58 (size before relaxing)
 .eh_frame      0x000000000002bd2c       0xc0 obj_cooja/mtype935.a(sensors.o)
                                         0xd8 (size before relaxing)
 .eh_frame      0x000000000002bdec      0x100 obj_cooja/mtype935.a(leds.o)
                                        0x118 (size before relaxing)
 .eh_frame      0x000000000002beec      0x1a0 obj_cooja/mtype935.a(dual_conf.o)
                                        0x1b8 (size before relaxing)
 .eh_frame      0x000000000002c08c       0x40 obj_cooja/mtype935.a(autostart.o)
                                         0x58 (size before relaxing)
 .eh_frame      0x000000000002c0cc      0x100 obj_cooja/mtype935.a(ctimer.o)
                                        0x118 (size before relaxing)
 .eh_frame      0x000000000002c1cc      0x1e0 obj_cooja/mtype935.a(etimer.o)
                                        0x1f8 (size before relaxing)
 .eh_frame      0x000000000002c3ac       0x40 obj_cooja/mtype935.a(log_message.o)
                                         0x58 (size before relaxing)
 .eh_frame      0x000000000002c3ec      0x1c8 obj_cooja/mtype935.a(process.o)
                                        0x1e0 (size before relaxing)
 .eh_frame      0x000000000002c5b4       0x2c obj_cooja/mtype935.a(residual.o)
                                         0x44 (size before relaxing)
 .eh_frame      0x000000000002c5e0       0x60 obj_cooja/mtype935.a(rtimer.o)
                                         0x78 (size before relaxing)
 .eh_frame      0x000000000002c640       0xc4 obj_cooja/mtype935.a(stimer.o)
                                         0xdc (size before relaxing)
 .eh_frame      0x000000000002c704       0xa4 obj_cooja/mtype935.a(timer.o)
                                         0xbc (size before relaxing)
 .eh_frame      0x000000000002c7a8       0x60 obj_cooja/mtype935.a(serial-line.o)
                                         0x78 (size before relaxing)
 .eh_frame      0x000000000002c808      0x180 obj_cooja/mtype935.a(list.o)
                                        0x198 (size before relaxing)
 .eh_frame      0x000000000002c988       0xa0 obj_cooja/mtype935.a(ringbuf.o)
                                         0xb8 (size before relaxing)
 .eh_frame      0x000000000002ca28      0x350 obj_cooja/mtype935.a(sicslowpan.o)
                                        0x368 (size before relaxing)
 .eh_frame      0x000000000002cd78      0x180 obj_cooja/mtype935.a(uip-ds6-nbr.o)
                                        0x198 (size before relaxing)
 .eh_frame      0x000000000002cef8      0x2a0 obj_cooja/mtype935.a(uip-ds6-route.o)
                                        0x2b8 (size before relaxing)
 .eh_frame      0x000000000002d198      0x3c8 obj_cooja/mtype935.a(uip-ds6.o)
                                        0x3e0 (size before relaxing)
 .eh_frame      0x000000000002d560      0x27c obj_cooja/mtype935.a(uip6.o)
                                        0x294 (size before relaxing)
 .eh_frame      0x000000000002d7dc      0x270 obj_cooja/mtype935.a(tcpip.o)
                                        0x288 (size before relaxing)
 .eh_frame      0x000000000002da4c       0x48 obj_cooja/mtype935.a(uip-debug.o)
                                         0x60 (size before relaxing)
 .eh_frame      0x000000000002da94       0xe0 obj_cooja/mtype935.a(uip-packetqueue)
                                         0xf8 (size before relaxing)
 .eh_frame      0x000000000002db74       0x40 obj_cooja/mtype935.a(uip-udp-packet.)
                                         0x58 (size before relaxing)
 .eh_frame      0x000000000002dbb4      0x76c obj_cooja/mtype935.a(rpl-dag.o)
                                        0x784 (size before relaxing)
 .eh_frame      0x000000000002e320      0x114 obj_cooja/mtype935.a(rpl-ext-header.)
                                        0x12c (size before relaxing)
 .eh_frame      0x000000000002e434      0x2f8 obj_cooja/mtype935.a(rpl-icmp6.o)
                                        0x310 (size before relaxing)
 .eh_frame      0x000000000002e72c       0xe0 obj_cooja/mtype935.a(rpl-ltmax.o)
                                         0xf8 (size before relaxing)
 .eh_frame      0x000000000002e80c      0x20c obj_cooja/mtype935.a(rpl-timers.o)
                                        0x224 (size before relaxing)
 .eh_frame      0x000000000002ea18      0x148 obj_cooja/mtype935.a(rpl.o)
                                        0x160 (size before relaxing)
 .eh_frame      0x000000000002eb60      0x298 obj_cooja/mtype935.a(csma.o)
                                        0x2b0 (size before relaxing)
 .eh_frame      0x000000000002edf8      0x108 obj_cooja/mtype935.a(framer-802154.o)
                                        0x120 (size before relaxing)
 .eh_frame      0x000000000002ef00       0x20 obj_cooja/mtype935.a(mac.o)
                                         0x38 (size before relaxing)
 .eh_frame      0x000000000002ef20      0x2bc obj_cooja/mtype935.a(cxmac.o)
                                        0x2d4 (size before relaxing)
 .eh_frame      0x000000000002f1dc       0x80 obj_cooja/mtype935.a(linkaddr.o)
                                         0x98 (size before relaxing)
 .eh_frame      0x000000000002f25c      0x2cc obj_cooja/mtype935.a(nbr-table.o)
                                        0x2e4 (size before relaxing)
 .eh_frame      0x000000000002f528       0x20 obj_cooja/mtype935.a(netstack.o)
                                         0x38 (size before relaxing)
 .eh_frame      0x000000000002f548      0x214 obj_cooja/mtype935.a(packetbuf.o)
                                        0x22c (size before relaxing)
 .eh_frame      0x000000000002f75c      0x1a0 obj_cooja/mtype935.a(queuebuf.o)
                                        0x1b8 (size before relaxing)
 .eh_frame      0x000000000002f8fc       0x80 obj_cooja/mtype935.a(nullsec.o)
                                         0x98 (size before relaxing)
 .eh_frame      0x000000000002f97c       0xa0 obj_cooja/mtype935.a(watchdog.o)
                                         0xb8 (size before relaxing)
 .eh_frame      0x000000000002fa1c       0xa0 obj_cooja/mtype935.a(memb.o)
                                         0xb8 (size before relaxing)
 .eh_frame      0x000000000002fabc      0x168 obj_cooja/mtype935.a(uip-icmp6.o)
                                        0x180 (size before relaxing)
 .eh_frame      0x000000000002fc24       0x68 obj_cooja/mtype935.a(uip-nd6.o)
                                         0x80 (size before relaxing)
 .eh_frame      0x000000000002fc8c       0xc0 obj_cooja/mtype935.a(rpl-nbr-policy.)
                                         0xd8 (size before relaxing)
 .eh_frame      0x000000000002fd4c      0x164 obj_cooja/mtype935.a(frame802154.o)
                                        0x17c (size before relaxing)
 .eh_frame      0x000000000002feb0        0x4 /usr/lib/gcc/i686-linux-gnu/4.8/crtendS.o

.gcc_except_table
 *(.gcc_except_table .gcc_except_table.*)

.exception_ranges
 *(.exception_ranges .exception_ranges*)
                0x000000000002feb4                . = (ALIGN (0x1000) - ((0x1000 - .) & 0xfff))
                0x0000000000030ef8                . = DATA_SEGMENT_ALIGN (0x1000, 0x1000)

.eh_frame
 *(.eh_frame)

.gcc_except_table
 *(.gcc_except_table .gcc_except_table.*)

.exception_ranges
 *(.exception_ranges .exception_ranges*)

.tdata
 *(.tdata .tdata.* .gnu.linkonce.td.*)

.tbss
 *(.tbss .tbss.* .gnu.linkonce.tb.*)
 *(.tcommon)

.preinit_array
 *(.preinit_array)

.init_array     0x0000000000030ef8        0x4
 *(SORT(.init_array.*) SORT(.ctors.*))
 *(.init_array EXCLUDE_FILE(*crtend?.o *crtend.o *crtbegin?.o *crtbegin.o) .ctors)
 .init_array    0x0000000000030ef8        0x4 /usr/lib/gcc/i686-linux-gnu/4.8/crtbeginS.o

.fini_array     0x0000000000030efc        0x4
 *(SORT(.fini_array.*) SORT(.dtors.*))
 *(.fini_array EXCLUDE_FILE(*crtend?.o *crtend.o *crtbegin?.o *crtbegin.o) .dtors)
 .fini_array    0x0000000000030efc        0x4 /usr/lib/gcc/i686-linux-gnu/4.8/crtbeginS.o

.ctors
 *crtbegin.o(.ctors)
 *crtbegin?.o(.ctors)
 *(EXCLUDE_FILE(*crtend?.o *crtend.o) .ctors)
 *(SORT(.ctors.*))
 *(.ctors)

.dtors
 *crtbegin.o(.dtors)
 *crtbegin?.o(.dtors)
 *(EXCLUDE_FILE(*crtend?.o *crtend.o) .dtors)
 *(SORT(.dtors.*))
 *(.dtors)

.jcr            0x0000000000030f00        0x4
 *(.jcr)
 .jcr           0x0000000000030f00        0x0 /usr/lib/gcc/i686-linux-gnu/4.8/crtbeginS.o
 .jcr           0x0000000000030f00        0x4 /usr/lib/gcc/i686-linux-gnu/4.8/crtendS.o

.data.rel.ro
 *(.data.rel.ro.local* .gnu.linkonce.d.rel.ro.local.*)
 *(.data.rel.ro .data.rel.ro.* .gnu.linkonce.d.rel.ro.*)

.dynamic        0x0000000000030f04       0xe8
 *(.dynamic)
 .dynamic       0x0000000000030f04       0xe8 /usr/lib/gcc/i686-linux-gnu/4.8/../../../i386-linux-gnu/crti.o
                0x0000000000030f04                _DYNAMIC

.got            0x0000000000030fec       0x14
 *(.got)
 .got           0x0000000000030fec       0x14 /usr/lib/gcc/i686-linux-gnu/4.8/../../../i386-linux-gnu/crti.o
 *(.igot)
                0x0000000000031ff4                . = DATA_SEGMENT_RELRO_END (., (SIZEOF (.got.plt) >= 0xc)?0xc:0x0)

.got.plt        0x0000000000031000       0x14
 *(.got.plt)
 .got.plt       0x0000000000031000       0x14 /usr/lib/gcc/i686-linux-gnu/4.8/../../../i386-linux-gnu/crti.o
                0x0000000000031000                _GLOBAL_OFFSET_TABLE_
 *(.igot.plt)

.data           0x0000000000031020      0x2c2
 *(.data .data.* .gnu.linkonce.d.*)
 .data          0x0000000000031020        0x0 /usr/lib/gcc/i686-linux-gnu/4.8/../../../i386-linux-gnu/crti.o
 .data          0x0000000000031020        0x0 /usr/lib/gcc/i686-linux-gnu/4.8/crtbeginS.o
 .data.rel      0x0000000000031020        0x4 /usr/lib/gcc/i686-linux-gnu/4.8/crtbeginS.o
                0x0000000000031020                __dso_handle
 .data          0x0000000000031024       0x10 udp-client.co
                0x0000000000031024                udp_client_process
 *fill*         0x0000000000031034        0xc 
 .data          0x0000000000031040       0x44 obj_cooja/mtype935.o
                0x0000000000031040                simInterfaces
                0x0000000000031074                sensors
 .data          0x0000000000031084        0x0 obj_cooja/mtype935.a(simEnvChange.o)
 .data          0x0000000000031084        0x0 obj_cooja/mtype935.a(cooja_mt.o)
 .data          0x0000000000031084        0x0 obj_cooja/mtype935.a(cooja_mtarch.o)
 .data          0x0000000000031084        0x0 obj_cooja/mtype935.a(rtimer-arch.o)
 .data          0x0000000000031084        0x0 obj_cooja/mtype935.a(beep.o)
 .data          0x0000000000031084        0x0 obj_cooja/mtype935.a(button-sensor.o)
 .data          0x0000000000031084        0x0 obj_cooja/mtype935.a(leds-arch.o)
 .data          0x0000000000031084        0x0 obj_cooja/mtype935.a(moteid.o)
 .data          0x0000000000031084        0x0 obj_cooja/mtype935.a(pir-sensor.o)
 .data          0x0000000000031084        0x0 obj_cooja/mtype935.a(rs232.o)
 .data          0x0000000000031084        0x0 obj_cooja/mtype935.a(vib-sensor.o)
 .data          0x0000000000031084        0x0 obj_cooja/mtype935.a(clock.o)
 .data          0x0000000000031084        0x0 obj_cooja/mtype935.a(log.o)
 .data          0x0000000000031084        0x0 obj_cooja/mtype935.a(cfs-cooja.o)
 .data          0x0000000000031084       0x40 obj_cooja/mtype935.a(cooja-radio.o)
                0x0000000000031084                simRadioChannelLR
                0x0000000000031088                simRadioHWOnLR
                0x000000000003108c                simSignalStrengthLR
                0x0000000000031090                simLastSignalStrengthLR
                0x0000000000031094                simPowerLR
                0x0000000000031098                simLQILR
                0x000000000003109c                simRadioChannel
                0x00000000000310a0                simRadioHWOn
                0x00000000000310a4                simSignalStrength
                0x00000000000310a8                simLastSignalStrength
                0x00000000000310ac                simPower
                0x00000000000310b0                simLQI
                0x00000000000310b4                cooja_radio_process
 .data          0x00000000000310c4        0x0 obj_cooja/mtype935.a(eeprom.o)
 .data          0x00000000000310c4        0x0 obj_cooja/mtype935.a(random.o)
 .data          0x00000000000310c4       0x10 obj_cooja/mtype935.a(sensors.o)
                0x00000000000310c4                sensors_process
 .data          0x00000000000310d4        0x0 obj_cooja/mtype935.a(leds.o)
 .data          0x00000000000310d4       0x3a obj_cooja/mtype935.a(dual_conf.o)
                0x00000000000310d4                radio_received
                0x00000000000310d8                dual_dio_broadcast
                0x00000000000310e8                dual_dis_broadcast
                0x00000000000310f8                dual_LSA_converge_broadcast
 .data          0x000000000003110e        0x0 obj_cooja/mtype935.a(autostart.o)
 *fill*         0x000000000003110e        0x2 
 .data          0x0000000000031110       0x14 obj_cooja/mtype935.a(ctimer.o)
                0x0000000000031114                ctimer_process
 .data          0x0000000000031124       0x10 obj_cooja/mtype935.a(etimer.o)
                0x0000000000031124                etimer_process
 .data          0x0000000000031134        0x0 obj_cooja/mtype935.a(log_message.o)
 .data          0x0000000000031134        0x0 obj_cooja/mtype935.a(process.o)
 .data          0x0000000000031134        0x0 obj_cooja/mtype935.a(residual.o)
 .data          0x0000000000031134        0x0 obj_cooja/mtype935.a(rtimer.o)
 .data          0x0000000000031134        0x0 obj_cooja/mtype935.a(stimer.o)
 .data          0x0000000000031134        0x0 obj_cooja/mtype935.a(timer.o)
 .data          0x0000000000031134       0x10 obj_cooja/mtype935.a(serial-line.o)
                0x0000000000031134                serial_line_process
 .data          0x0000000000031144        0x0 obj_cooja/mtype935.a(list.o)
 .data          0x0000000000031144        0x0 obj_cooja/mtype935.a(ringbuf.o)
 .data          0x0000000000031144        0x0 obj_cooja/mtype935.a(sicslowpan.o)
 .data          0x0000000000031144       0x14 obj_cooja/mtype935.a(uip-ds6-nbr.o)
                0x0000000000031154                ds6_neighbors
 .data          0x0000000000031158       0x44 obj_cooja/mtype935.a(uip-ds6-route.o)
                0x0000000000031168                nbr_routes
 .data          0x000000000003119c        0x0 obj_cooja/mtype935.a(uip-ds6.o)
 .data          0x000000000003119c        0x0 obj_cooja/mtype935.a(uip6.o)
 .data          0x000000000003119c       0x10 obj_cooja/mtype935.a(tcpip.o)
                0x000000000003119c                tcpip_process
 .data          0x00000000000311ac        0x0 obj_cooja/mtype935.a(uip-debug.o)
 .data          0x00000000000311ac        0xc obj_cooja/mtype935.a(uip-packetqueue)
 .data          0x00000000000311b8        0x0 obj_cooja/mtype935.a(uip-udp-packet.)
 .data          0x00000000000311b8       0x28 obj_cooja/mtype935.a(rpl-dag.o)
                0x00000000000311c8                rpl_parents
                0x00000000000311dc                rpl_children
 .data          0x00000000000311e0        0x0 obj_cooja/mtype935.a(rpl-ext-header.)
 .data          0x00000000000311e0       0x40 obj_cooja/mtype935.a(rpl-icmp6.o)
 .data          0x0000000000031220       0x1c obj_cooja/mtype935.a(rpl-ltmax.o)
                0x0000000000031220                rpl_ltmax_of
 .data          0x000000000003123c        0x0 obj_cooja/mtype935.a(rpl-timers.o)
 .data          0x000000000003123c        0x0 obj_cooja/mtype935.a(rpl.o)
 .data          0x000000000003123c       0x28 obj_cooja/mtype935.a(csma.o)
 .data          0x0000000000031264        0x0 obj_cooja/mtype935.a(framer-802154.o)
 .data          0x0000000000031264        0x0 obj_cooja/mtype935.a(mac.o)
 .data          0x0000000000031264       0x30 obj_cooja/mtype935.a(cxmac.o)
                0x0000000000031264                cxmac_config
                0x0000000000031274                strobe_wait
 .data          0x0000000000031294        0x0 obj_cooja/mtype935.a(linkaddr.o)
 .data          0x0000000000031294       0x10 obj_cooja/mtype935.a(nbr-table.o)
 .data          0x00000000000312a4        0x0 obj_cooja/mtype935.a(netstack.o)
 .data          0x00000000000312a4        0x4 obj_cooja/mtype935.a(packetbuf.o)
 .data          0x00000000000312a8       0x18 obj_cooja/mtype935.a(queuebuf.o)
 .data          0x00000000000312c0        0x0 obj_cooja/mtype935.a(nullsec.o)
 .data          0x00000000000312c0        0x0 obj_cooja/mtype935.a(watchdog.o)
 .data          0x00000000000312c0        0x0 obj_cooja/mtype935.a(rimestats.o)
 .data          0x00000000000312c0        0x0 obj_cooja/mtype935.a(memb.o)
 .data          0x00000000000312c0       0x20 obj_cooja/mtype935.a(uip-icmp6.o)
 .data          0x00000000000312e0        0x0 obj_cooja/mtype935.a(uip-nd6.o)
 .data          0x00000000000312e0        0x0 obj_cooja/mtype935.a(rpl-nbr-policy.)
 .data          0x00000000000312e0        0x2 obj_cooja/mtype935.a(frame802154.o)
 .data          0x00000000000312e2        0x0 /usr/lib/gcc/i686-linux-gnu/4.8/crtendS.o
 .data          0x00000000000312e2        0x0 /usr/lib/gcc/i686-linux-gnu/4.8/../../../i386-linux-gnu/crtn.o

.tm_clone_table
                0x00000000000312e4        0x0
 .tm_clone_table
                0x00000000000312e4        0x0 /usr/lib/gcc/i686-linux-gnu/4.8/crtbeginS.o
 .tm_clone_table
                0x00000000000312e4        0x0 /usr/lib/gcc/i686-linux-gnu/4.8/crtendS.o

.data1
 *(.data1)
                0x00000000000312e4                _edata = .
                0x00000000000312e4                PROVIDE (edata, .)
                0x00000000000312e4                . = .
                0x00000000000312e4                __bss_start = .

.bss            0x0000000000031300     0x85e8
 *(.dynbss)
 .dynbss        0x0000000000000000        0x0 /usr/lib/gcc/i686-linux-gnu/4.8/../../../i386-linux-gnu/crti.o
 *(.bss .bss.* .gnu.linkonce.b.*)
 .bss           0x0000000000031300        0x0 /usr/lib/gcc/i686-linux-gnu/4.8/../../../i386-linux-gnu/crti.o
 .bss           0x0000000000031300        0x1 /usr/lib/gcc/i686-linux-gnu/4.8/crtbeginS.o
 *fill*         0x0000000000031301       0x1f 
 .bss           0x0000000000031320       0x60 udp-client.co
                0x0000000000031320                my_weight
 .bss           0x0000000000031380     0x2030 obj_cooja/mtype935.o
 .bss           0x00000000000333b0        0x1 obj_cooja/mtype935.a(simEnvChange.o)
                0x00000000000333b0                simDontFallAsleep
 *fill*         0x00000000000333b1        0x3 
 .bss           0x00000000000333b4        0x4 obj_cooja/mtype935.a(cooja_mt.o)
 .bss           0x00000000000333b8        0x4 obj_cooja/mtype935.a(cooja_mtarch.o)
 .bss           0x00000000000333bc        0xc obj_cooja/mtype935.a(rtimer-arch.o)
 .bss           0x00000000000333c8        0x0 obj_cooja/mtype935.a(beep.o)
 .bss           0x00000000000333c8        0x8 obj_cooja/mtype935.a(button-sensor.o)
 .bss           0x00000000000333d0        0x0 obj_cooja/mtype935.a(leds-arch.o)
 .bss           0x00000000000333d0        0x0 obj_cooja/mtype935.a(moteid.o)
 .bss           0x00000000000333d0        0x1 obj_cooja/mtype935.a(pir-sensor.o)
                0x00000000000333d0                simPirValue
 *fill*         0x00000000000333d1        0x3 
 .bss           0x00000000000333d4        0x4 obj_cooja/mtype935.a(rs232.o)
 .bss           0x00000000000333d8        0x1 obj_cooja/mtype935.a(vib-sensor.o)
                0x00000000000333d8                simVibValue
 .bss           0x00000000000333d9        0x0 obj_cooja/mtype935.a(clock.o)
 *fill*         0x00000000000333d9        0x7 
 .bss           0x00000000000333e0      0x420 obj_cooja/mtype935.a(log.o)
 .bss           0x0000000000033800      0xfc0 obj_cooja/mtype935.a(cfs-cooja.o)
                0x0000000000033800                simCFSData
                0x00000000000347a0                simCFSSize
                0x00000000000347a4                simCFSChanged
                0x00000000000347a8                simCFSRead
                0x00000000000347ac                simCFSWritten
 .bss           0x00000000000347c0       0x24 obj_cooja/mtype935.a(cooja-radio.o)
                0x00000000000347c0                simReceivingLR
                0x00000000000347c4                simInSizeLR
                0x00000000000347c8                simOutSizeLR
                0x00000000000347cc                simReceiving
                0x00000000000347d0                simInSize
                0x00000000000347d4                simOutSize
                0x00000000000347d8                LongRangeTransmit
                0x00000000000347dc                LongRangeReceiving
 .bss           0x00000000000347e4        0xc obj_cooja/mtype935.a(eeprom.o)
                0x00000000000347e4                simEEPROMChanged
                0x00000000000347e8                simEEPROMRead
                0x00000000000347ec                simEEPROMWritten
 .bss           0x00000000000347f0        0x0 obj_cooja/mtype935.a(random.o)
 .bss           0x00000000000347f0        0xc obj_cooja/mtype935.a(sensors.o)
 .bss           0x00000000000347fc        0x1 obj_cooja/mtype935.a(leds.o)
 *fill*         0x00000000000347fd        0x3 
 .bss           0x0000000000034800       0x40 obj_cooja/mtype935.a(dual_conf.o)
                0x0000000000034800                long_range_radio
 .bss           0x0000000000034840        0x0 obj_cooja/mtype935.a(autostart.o)
 .bss           0x0000000000034840        0x5 obj_cooja/mtype935.a(ctimer.o)
 *fill*         0x0000000000034845        0x3 
 .bss           0x0000000000034848        0x8 obj_cooja/mtype935.a(etimer.o)
 .bss           0x0000000000034850        0x0 obj_cooja/mtype935.a(log_message.o)
 *fill*         0x0000000000034850       0x10 
 .bss           0x0000000000034860      0x1b1 obj_cooja/mtype935.a(process.o)
                0x0000000000034860                process_list
                0x0000000000034864                process_current
 .bss           0x0000000000034a11        0x0 obj_cooja/mtype935.a(residual.o)
 *fill*         0x0000000000034a11        0x3 
 .bss           0x0000000000034a14        0x4 obj_cooja/mtype935.a(rtimer.o)
 .bss           0x0000000000034a18        0x0 obj_cooja/mtype935.a(stimer.o)
 .bss           0x0000000000034a18        0x0 obj_cooja/mtype935.a(timer.o)
 *fill*         0x0000000000034a18        0x8 
 .bss           0x0000000000034a20      0x140 obj_cooja/mtype935.a(serial-line.o)
 .bss           0x0000000000034b60        0x0 obj_cooja/mtype935.a(list.o)
 .bss           0x0000000000034b60        0x0 obj_cooja/mtype935.a(ringbuf.o)
 .bss           0x0000000000034b60      0x70c obj_cooja/mtype935.a(sicslowpan.o)
 *fill*         0x000000000003526c       0x14 
 .bss           0x0000000000035280       0xc0 obj_cooja/mtype935.a(uip-ds6-nbr.o)
 .bss           0x0000000000035340      0x4a8 obj_cooja/mtype935.a(uip-ds6-route.o)
 .bss           0x00000000000357e8       0x30 obj_cooja/mtype935.a(uip-ds6.o)
 .bss           0x0000000000035818        0xe obj_cooja/mtype935.a(uip6.o)
                0x0000000000035818                uip_ext_bitmap
                0x0000000000035819                uip_ext_len
                0x000000000003581a                uip_ext_opt_offset
 *fill*         0x0000000000035826       0x1a 
 .bss           0x0000000000035840       0x6b obj_cooja/mtype935.a(tcpip.o)
 .bss           0x00000000000358ab        0x0 obj_cooja/mtype935.a(uip-debug.o)
 *fill*         0x00000000000358ab       0x15 
 .bss           0x00000000000358c0      0xcf8 obj_cooja/mtype935.a(uip-packetqueue)
 .bss           0x00000000000365b8        0x0 obj_cooja/mtype935.a(uip-udp-packet.)
 *fill*         0x00000000000365b8        0x8 
 .bss           0x00000000000365c0       0x88 obj_cooja/mtype935.a(rpl-dag.o)
 .bss           0x0000000000036648        0x0 obj_cooja/mtype935.a(rpl-ext-header.)
 .bss           0x0000000000036648        0x0 obj_cooja/mtype935.a(rpl-icmp6.o)
 .bss           0x0000000000036648        0x0 obj_cooja/mtype935.a(rpl-ltmax.o)
 *fill*         0x0000000000036648       0x18 
 .bss           0x0000000000036660       0x60 obj_cooja/mtype935.a(rpl-timers.o)
 .bss           0x00000000000366c0        0x4 obj_cooja/mtype935.a(rpl.o)
 *fill*         0x00000000000366c4       0x1c 
 .bss           0x00000000000366e0      0x248 obj_cooja/mtype935.a(csma.o)
 .bss           0x0000000000036928        0x2 obj_cooja/mtype935.a(framer-802154.o)
 .bss           0x000000000003692a        0x0 obj_cooja/mtype935.a(mac.o)
 *fill*         0x000000000003692a       0x16 
 .bss           0x0000000000036940       0xb1 obj_cooja/mtype935.a(cxmac.o)
 .bss           0x00000000000369f1        0x0 obj_cooja/mtype935.a(linkaddr.o)
 *fill*         0x00000000000369f1        0xf 
 .bss           0x0000000000036a00       0xc4 obj_cooja/mtype935.a(nbr-table.o)
 .bss           0x0000000000036ac4        0x0 obj_cooja/mtype935.a(netstack.o)
 *fill*         0x0000000000036ac4       0x1c 
 .bss           0x0000000000036ae0       0xa0 obj_cooja/mtype935.a(packetbuf.o)
 .bss           0x0000000000036b80      0xb80 obj_cooja/mtype935.a(queuebuf.o)
 .bss           0x0000000000037700        0x0 obj_cooja/mtype935.a(nullsec.o)
 .bss           0x0000000000037700        0x0 obj_cooja/mtype935.a(watchdog.o)
 .bss           0x0000000000037700        0x0 obj_cooja/mtype935.a(rimestats.o)
 .bss           0x0000000000037700        0x0 obj_cooja/mtype935.a(memb.o)
 .bss           0x0000000000037700       0x18 obj_cooja/mtype935.a(uip-icmp6.o)
 .bss           0x0000000000037718        0x0 obj_cooja/mtype935.a(uip-nd6.o)
 *fill*         0x0000000000037718        0x8 
 .bss           0x0000000000037720       0x44 obj_cooja/mtype935.a(rpl-nbr-policy.)
 .bss           0x0000000000037764        0x0 obj_cooja/mtype935.a(frame802154.o)
 .bss           0x0000000000037764        0x0 /usr/lib/gcc/i686-linux-gnu/4.8/crtendS.o
 .bss           0x0000000000037764        0x0 /usr/lib/gcc/i686-linux-gnu/4.8/../../../i386-linux-gnu/crtn.o
 *(COMMON)
 COMMON         0x0000000000037764       0x6d udp-client.co
                0x0000000000037764                dio_count
                0x0000000000037768                dis_count
                0x000000000003776c                collision_count
                0x0000000000037770                tcp_output_count
                0x0000000000037774                transmission_count
                0x0000000000037778                dao_ack_fwd_count
                0x000000000003777c                COOJA_radioRxLong
                0x0000000000037780                LSA_message_input
                0x0000000000037784                control_message_count
                0x0000000000037788                dao_count
                0x000000000003778c                icmp_count
                0x0000000000037790                COOJA_radioTx
                0x0000000000037794                LSA_SR_preamble
                0x0000000000037798                dao_ack_count
                0x000000000003779c                LSA_lr_child
                0x00000000000377a0                data_message_count
                0x00000000000377a4                LSA_converge
                0x00000000000377a5                my_sink_reachability
                0x00000000000377a8                COOJA_radioTxLong
                0x00000000000377ac                COOJA_radioRx
                0x00000000000377b0                my_parent_number
                0x00000000000377b4                COOJA_radioOn
                0x00000000000377b8                LSA_count
                0x00000000000377bc                dao_fwd_count
                0x00000000000377c0                COOJA_duration
                0x00000000000377c4                dio_ack_count
                0x00000000000377c8                COOJA_radioOnLong
                0x00000000000377cc                data_fwd_count
                0x00000000000377d0                LSA_message_flag
 *fill*         0x00000000000377d1        0x3 
 COMMON         0x00000000000377d4        0xc obj_cooja/mtype935.o
                0x00000000000377d4                referenceVar
                0x00000000000377d8                debugfp
                0x00000000000377dc                sensors_flags
 COMMON         0x00000000000377e0        0xc obj_cooja/mtype935.a(simEnvChange.o)
                0x00000000000377e0                simEtimerPending
                0x00000000000377e4                simProcessRunValue
                0x00000000000377e8                simNextExpirationTime
 COMMON         0x00000000000377ec        0x1 obj_cooja/mtype935.a(beep.o)
                0x00000000000377ec                simBeeped
 COMMON         0x00000000000377ed        0x3 obj_cooja/mtype935.a(button-sensor.o)
                0x00000000000377ed                simButtonIsActive
                0x00000000000377ee                simButtonIsDown
                0x00000000000377ef                simButtonChanged
 COMMON         0x00000000000377f0        0x1 obj_cooja/mtype935.a(leds-arch.o)
                0x00000000000377f0                simLedsValue
 *fill*         0x00000000000377f1        0x3 
 COMMON         0x00000000000377f4        0xc obj_cooja/mtype935.a(moteid.o)
                0x00000000000377f4                simRandomSeed
                0x00000000000377f8                simMoteIDChanged
                0x00000000000377fc                simMoteID
 COMMON         0x0000000000037800        0x2 obj_cooja/mtype935.a(pir-sensor.o)
                0x0000000000037800                simPirIsActive
                0x0000000000037801                simPirChanged
 *fill*         0x0000000000037802       0x1e 
 COMMON         0x0000000000037820      0x820 obj_cooja/mtype935.a(rs232.o)
                0x0000000000037820                simSerialReceivingFlag
                0x0000000000037824                simSerialReceivingLength
                0x0000000000037840                simSerialReceivingData
 COMMON         0x0000000000038040        0x2 obj_cooja/mtype935.a(vib-sensor.o)
                0x0000000000038040                simVibChanged
                0x0000000000038041                simVibIsActive
 *fill*         0x0000000000038042        0x2 
 COMMON         0x0000000000038044        0x4 obj_cooja/mtype935.a(clock.o)
                0x0000000000038044                simCurrentTime
 *fill*         0x0000000000038048       0x18 
 COMMON         0x0000000000038060      0x420 obj_cooja/mtype935.a(log.o)
                0x0000000000038060                simLoggedLength
                0x0000000000038064                simLoggedFlag
                0x0000000000038080                simLoggedData
 COMMON         0x0000000000038480      0x240 obj_cooja/mtype935.a(cooja-radio.o)
                0x0000000000038480                simOutDataBuffer
                0x0000000000038500                simRadioTarget
                0x0000000000038520                simInDataBufferLR
                0x00000000000385a0                simOutDataBufferLR
                0x0000000000038620                dual_duty_cycle_count
                0x0000000000038640                simInDataBuffer
 COMMON         0x00000000000386c0      0x400 obj_cooja/mtype935.a(eeprom.o)
                0x00000000000386c0                simEEPROMData
 COMMON         0x0000000000038ac0        0x1 obj_cooja/mtype935.a(sensors.o)
                0x0000000000038ac0                sensors_event
 *fill*         0x0000000000038ac1        0x3 
 COMMON         0x0000000000038ac4        0x4 obj_cooja/mtype935.a(log_message.o)
                0x0000000000038ac4                log_fp
 COMMON         0x0000000000038ac8        0x1 obj_cooja/mtype935.a(serial-line.o)
                0x0000000000038ac8                serial_line_event_message
 *fill*         0x0000000000038ac9       0x17 
 COMMON         0x0000000000038ae0       0x50 obj_cooja/mtype935.a(uip-ds6-nbr.o)
                0x0000000000038ae0                ds6_lr_addrmap
 *fill*         0x0000000000038b30       0x10 
 COMMON         0x0000000000038b40      0x298 obj_cooja/mtype935.a(uip-ds6.o)
                0x0000000000038b40                uip_ds6_prefix_list
                0x0000000000038ba0                uip_ds6_timer_periodic
                0x0000000000038bb0                uip_ds6_netif_addr_list_offset
                0x0000000000038bc0                uip_ds6_if
                0x0000000000038cb8                uip_ds6_timer_ra
                0x0000000000038cc0                uip_ds6_addr_size
                0x0000000000038ce0                long_uip_ds6_if
 *fill*         0x0000000000038dd8        0x8 
 COMMON         0x0000000000038de0      0x8ec obj_cooja/mtype935.a(uip6.o)
                0x0000000000038de0                uip_slen
                0x0000000000038de2                uip_acc32
                0x0000000000038e00                uip_conns
                0x0000000000038ec0                uip_lladdr
                0x0000000000038ec8                uip_appdata
                0x0000000000038ecc                uip_flags
                0x0000000000038ee0                uip_aligned_buf
                0x0000000000039520                uip_listenports
                0x0000000000039530                uip_len
                0x0000000000039532                uip_long_lladdr
                0x000000000003953c                uip_sappdata
                0x0000000000039540                uip_udp_conns
                0x00000000000396c0                uip_udp_conn
                0x00000000000396c4                uip_next_hdr
                0x00000000000396c8                uip_conn
 COMMON         0x00000000000396cc        0x1 obj_cooja/mtype935.a(tcpip.o)
                0x00000000000396cc                tcpip_event
 *fill*         0x00000000000396cd       0x13 
 COMMON         0x00000000000396e0      0x178 obj_cooja/mtype935.a(rpl-dag.o)
                0x00000000000396e0                default_instance
                0x0000000000039700                instance_table
 COMMON         0x0000000000039858       0x10 obj_cooja/mtype935.a(linkaddr.o)
                0x0000000000039858                linkaddr_node_addr
                0x0000000000039860                long_linkaddr_node_addr
 COMMON         0x0000000000039868       0x2e obj_cooja/mtype935.a(packetbuf.o)
                0x0000000000039868                packetbuf_attrs
                0x0000000000039886                packetbuf_addrs
 *fill*         0x0000000000039896        0xa 
 COMMON         0x00000000000398a0       0x48 obj_cooja/mtype935.a(rimestats.o)
                0x00000000000398a0                rimestats
                0x00000000000398e8                . = ALIGN ((. != 0x0)?0x4:0x1)
                0x00000000000398e8                . = ALIGN (0x4)
                0x00000000000398e8                . = SEGMENT_START ("ldata-segment", .)
                0x00000000000398e8                . = ALIGN (0x4)
                0x00000000000398e8                _end = .
                0x00000000000398e8                PROVIDE (end, .)
                0x00000000000398e8                . = DATA_SEGMENT_END (.)

.stab
 *(.stab)

.stabstr
 *(.stabstr)

.stab.excl
 *(.stab.excl)

.stab.exclstr
 *(.stab.exclstr)

.stab.index
 *(.stab.index)

.stab.indexstr
 *(.stab.indexstr)

.comment        0x0000000000000000       0x29
 *(.comment)
 .comment       0x0000000000000000       0x29 /usr/lib/gcc/i686-linux-gnu/4.8/crtbeginS.o
                                         0x2a (size before relaxing)
 .comment       0x0000000000000000       0x2a udp-client.co
 .comment       0x0000000000000000       0x2a obj_cooja/mtype935.o
 .comment       0x0000000000000000       0x2a obj_cooja/mtype935.a(simEnvChange.o)
 .comment       0x0000000000000000       0x2a obj_cooja/mtype935.a(cooja_mt.o)
 .comment       0x0000000000000000       0x2a obj_cooja/mtype935.a(cooja_mtarch.o)
 .comment       0x0000000000000000       0x2a obj_cooja/mtype935.a(rtimer-arch.o)
 .comment       0x0000000000000000       0x2a obj_cooja/mtype935.a(beep.o)
 .comment       0x0000000000000000       0x2a obj_cooja/mtype935.a(button-sensor.o)
 .comment       0x0000000000000000       0x2a obj_cooja/mtype935.a(leds-arch.o)
 .comment       0x0000000000000000       0x2a obj_cooja/mtype935.a(moteid.o)
 .comment       0x0000000000000000       0x2a obj_cooja/mtype935.a(pir-sensor.o)
 .comment       0x0000000000000000       0x2a obj_cooja/mtype935.a(rs232.o)
 .comment       0x0000000000000000       0x2a obj_cooja/mtype935.a(vib-sensor.o)
 .comment       0x0000000000000000       0x2a obj_cooja/mtype935.a(clock.o)
 .comment       0x0000000000000000       0x2a obj_cooja/mtype935.a(log.o)
 .comment       0x0000000000000000       0x2a obj_cooja/mtype935.a(cfs-cooja.o)
 .comment       0x0000000000000000       0x2a obj_cooja/mtype935.a(cooja-radio.o)
 .comment       0x0000000000000000       0x2a obj_cooja/mtype935.a(eeprom.o)
 .comment       0x0000000000000000       0x2a obj_cooja/mtype935.a(random.o)
 .comment       0x0000000000000000       0x2a obj_cooja/mtype935.a(sensors.o)
 .comment       0x0000000000000000       0x2a obj_cooja/mtype935.a(leds.o)
 .comment       0x0000000000000000       0x2a obj_cooja/mtype935.a(dual_conf.o)
 .comment       0x0000000000000000       0x2a obj_cooja/mtype935.a(autostart.o)
 .comment       0x0000000000000000       0x2a obj_cooja/mtype935.a(ctimer.o)
 .comment       0x0000000000000000       0x2a obj_cooja/mtype935.a(etimer.o)
 .comment       0x0000000000000000       0x2a obj_cooja/mtype935.a(log_message.o)
 .comment       0x0000000000000000       0x2a obj_cooja/mtype935.a(process.o)
 .comment       0x0000000000000000       0x2a obj_cooja/mtype935.a(residual.o)
 .comment       0x0000000000000000       0x2a obj_cooja/mtype935.a(rtimer.o)
 .comment       0x0000000000000000       0x2a obj_cooja/mtype935.a(stimer.o)
 .comment       0x0000000000000000       0x2a obj_cooja/mtype935.a(timer.o)
 .comment       0x0000000000000000       0x2a obj_cooja/mtype935.a(serial-line.o)
 .comment       0x0000000000000000       0x2a obj_cooja/mtype935.a(list.o)
 .comment       0x0000000000000000       0x2a obj_cooja/mtype935.a(ringbuf.o)
 .comment       0x0000000000000000       0x2a obj_cooja/mtype935.a(sicslowpan.o)
 .comment       0x0000000000000000       0x2a obj_cooja/mtype935.a(uip-ds6-nbr.o)
 .comment       0x0000000000000000       0x2a obj_cooja/mtype935.a(uip-ds6-route.o)
 .comment       0x0000000000000000       0x2a obj_cooja/mtype935.a(uip-ds6.o)
 .comment       0x0000000000000000       0x2a obj_cooja/mtype935.a(uip6.o)
 .comment       0x0000000000000000       0x2a obj_cooja/mtype935.a(tcpip.o)
 .comment       0x0000000000000000       0x2a obj_cooja/mtype935.a(uip-debug.o)
 .comment       0x0000000000000000       0x2a obj_cooja/mtype935.a(uip-packetqueue)
 .comment       0x0000000000000000       0x2a obj_cooja/mtype935.a(uip-udp-packet.)
 .comment       0x0000000000000000       0x2a obj_cooja/mtype935.a(rpl-dag.o)
 .comment       0x0000000000000000       0x2a obj_cooja/mtype935.a(rpl-ext-header.)
 .comment       0x0000000000000000       0x2a obj_cooja/mtype935.a(rpl-icmp6.o)
 .comment       0x0000000000000000       0x2a obj_cooja/mtype935.a(rpl-ltmax.o)
 .comment       0x0000000000000000       0x2a obj_cooja/mtype935.a(rpl-timers.o)
 .comment       0x0000000000000000       0x2a obj_cooja/mtype935.a(rpl.o)
 .comment       0x0000000000000000       0x2a obj_cooja/mtype935.a(csma.o)
 .comment       0x0000000000000000       0x2a obj_cooja/mtype935.a(framer-802154.o)
 .comment       0x0000000000000000       0x2a obj_cooja/mtype935.a(mac.o)
 .comment       0x0000000000000000       0x2a obj_cooja/mtype935.a(cxmac.o)
 .comment       0x0000000000000000       0x2a obj_cooja/mtype935.a(linkaddr.o)
 .comment       0x0000000000000000       0x2a obj_cooja/mtype935.a(nbr-table.o)
 .comment       0x0000000000000000       0x2a obj_cooja/mtype935.a(netstack.o)
 .comment       0x0000000000000000       0x2a obj_cooja/mtype935.a(packetbuf.o)
 .comment       0x0000000000000000       0x2a obj_cooja/mtype935.a(queuebuf.o)
 .comment       0x0000000000000000       0x2a obj_cooja/mtype935.a(nullsec.o)
 .comment       0x0000000000000000       0x2a obj_cooja/mtype935.a(watchdog.o)
 .comment       0x0000000000000000       0x2a obj_cooja/mtype935.a(rimestats.o)
 .comment       0x0000000000000000       0x2a obj_cooja/mtype935.a(memb.o)
 .comment       0x0000000000000000       0x2a obj_cooja/mtype935.a(uip-icmp6.o)
 .comment       0x0000000000000000       0x2a obj_cooja/mtype935.a(uip-nd6.o)
 .comment       0x0000000000000000       0x2a obj_cooja/mtype935.a(rpl-nbr-policy.)
 .comment       0x0000000000000000       0x2a obj_cooja/mtype935.a(frame802154.o)
 .comment       0x0000000000000000       0x2a /usr/lib/gcc/i686-linux-gnu/4.8/crtendS.o

.debug
 *(.debug)

.line
 *(.line)

.debug_srcinfo
 *(.debug_srcinfo)

.debug_sfnames
 *(.debug_sfnames)

.debug_aranges  0x0000000000000000      0x838
 *(.debug_aranges)
 .debug_aranges
                0x0000000000000000       0x20 udp-client.co
 .debug_aranges
                0x0000000000000020       0x20 obj_cooja/mtype935.o
 .debug_aranges
                0x0000000000000040       0x20 obj_cooja/mtype935.a(simEnvChange.o)
 .debug_aranges
                0x0000000000000060       0x20 obj_cooja/mtype935.a(cooja_mt.o)
 .debug_aranges
                0x0000000000000080       0x20 obj_cooja/mtype935.a(cooja_mtarch.o)
 .debug_aranges
                0x00000000000000a0       0x20 obj_cooja/mtype935.a(rtimer-arch.o)
 .debug_aranges
                0x00000000000000c0       0x20 obj_cooja/mtype935.a(beep.o)
 .debug_aranges
                0x00000000000000e0       0x20 obj_cooja/mtype935.a(button-sensor.o)
 .debug_aranges
                0x0000000000000100       0x20 obj_cooja/mtype935.a(leds-arch.o)
 .debug_aranges
                0x0000000000000120       0x20 obj_cooja/mtype935.a(moteid.o)
 .debug_aranges
                0x0000000000000140       0x20 obj_cooja/mtype935.a(pir-sensor.o)
 .debug_aranges
                0x0000000000000160       0x20 obj_cooja/mtype935.a(rs232.o)
 .debug_aranges
                0x0000000000000180       0x20 obj_cooja/mtype935.a(vib-sensor.o)
 .debug_aranges
                0x00000000000001a0       0x20 obj_cooja/mtype935.a(clock.o)
 .debug_aranges
                0x00000000000001c0       0x20 obj_cooja/mtype935.a(log.o)
 .debug_aranges
                0x00000000000001e0       0x20 obj_cooja/mtype935.a(cfs-cooja.o)
 .debug_aranges
                0x0000000000000200       0x20 obj_cooja/mtype935.a(cooja-radio.o)
 .debug_aranges
                0x0000000000000220       0x20 obj_cooja/mtype935.a(eeprom.o)
 .debug_aranges
                0x0000000000000240       0x20 obj_cooja/mtype935.a(random.o)
 .debug_aranges
                0x0000000000000260       0x20 obj_cooja/mtype935.a(sensors.o)
 .debug_aranges
                0x0000000000000280       0x20 obj_cooja/mtype935.a(leds.o)
 .debug_aranges
                0x00000000000002a0       0x20 obj_cooja/mtype935.a(dual_conf.o)
 .debug_aranges
                0x00000000000002c0       0x20 obj_cooja/mtype935.a(autostart.o)
 .debug_aranges
                0x00000000000002e0       0x20 obj_cooja/mtype935.a(ctimer.o)
 .debug_aranges
                0x0000000000000300       0x20 obj_cooja/mtype935.a(etimer.o)
 .debug_aranges
                0x0000000000000320       0x20 obj_cooja/mtype935.a(log_message.o)
 .debug_aranges
                0x0000000000000340       0x20 obj_cooja/mtype935.a(process.o)
 .debug_aranges
                0x0000000000000360       0x20 obj_cooja/mtype935.a(residual.o)
 .debug_aranges
                0x0000000000000380       0x20 obj_cooja/mtype935.a(rtimer.o)
 .debug_aranges
                0x00000000000003a0       0x20 obj_cooja/mtype935.a(stimer.o)
 .debug_aranges
                0x00000000000003c0       0x20 obj_cooja/mtype935.a(timer.o)
 .debug_aranges
                0x00000000000003e0       0x20 obj_cooja/mtype935.a(serial-line.o)
 .debug_aranges
                0x0000000000000400       0x20 obj_cooja/mtype935.a(list.o)
 .debug_aranges
                0x0000000000000420       0x20 obj_cooja/mtype935.a(ringbuf.o)
 .debug_aranges
                0x0000000000000440       0x20 obj_cooja/mtype935.a(sicslowpan.o)
 .debug_aranges
                0x0000000000000460       0x20 obj_cooja/mtype935.a(uip-ds6-nbr.o)
 .debug_aranges
                0x0000000000000480       0x20 obj_cooja/mtype935.a(uip-ds6-route.o)
 .debug_aranges
                0x00000000000004a0       0x20 obj_cooja/mtype935.a(uip-ds6.o)
 .debug_aranges
                0x00000000000004c0       0x20 obj_cooja/mtype935.a(uip6.o)
 .debug_aranges
                0x00000000000004e0       0x20 obj_cooja/mtype935.a(tcpip.o)
 .debug_aranges
                0x0000000000000500       0x20 obj_cooja/mtype935.a(uip-debug.o)
 .debug_aranges
                0x0000000000000520       0x20 obj_cooja/mtype935.a(uip-packetqueue)
 .debug_aranges
                0x0000000000000540       0x20 obj_cooja/mtype935.a(uip-udp-packet.)
 .debug_aranges
                0x0000000000000560       0x20 obj_cooja/mtype935.a(rpl-dag.o)
 .debug_aranges
                0x0000000000000580       0x20 obj_cooja/mtype935.a(rpl-ext-header.)
 .debug_aranges
                0x00000000000005a0       0x20 obj_cooja/mtype935.a(rpl-icmp6.o)
 .debug_aranges
                0x00000000000005c0       0x20 obj_cooja/mtype935.a(rpl-ltmax.o)
 .debug_aranges
                0x00000000000005e0       0x20 obj_cooja/mtype935.a(rpl-timers.o)
 .debug_aranges
                0x0000000000000600       0x20 obj_cooja/mtype935.a(rpl.o)
 .debug_aranges
                0x0000000000000620       0x20 obj_cooja/mtype935.a(csma.o)
 .debug_aranges
                0x0000000000000640       0x20 obj_cooja/mtype935.a(framer-802154.o)
 .debug_aranges
                0x0000000000000660       0x20 obj_cooja/mtype935.a(mac.o)
 .debug_aranges
                0x0000000000000680       0x20 obj_cooja/mtype935.a(cxmac.o)
 .debug_aranges
                0x00000000000006a0       0x20 obj_cooja/mtype935.a(linkaddr.o)
 .debug_aranges
                0x00000000000006c0       0x20 obj_cooja/mtype935.a(nbr-table.o)
 .debug_aranges
                0x00000000000006e0       0x20 obj_cooja/mtype935.a(netstack.o)
 .debug_aranges
                0x0000000000000700       0x20 obj_cooja/mtype935.a(packetbuf.o)
 .debug_aranges
                0x0000000000000720       0x20 obj_cooja/mtype935.a(queuebuf.o)
 .debug_aranges
                0x0000000000000740       0x20 obj_cooja/mtype935.a(nullsec.o)
 .debug_aranges
                0x0000000000000760       0x20 obj_cooja/mtype935.a(watchdog.o)
 .debug_aranges
                0x0000000000000780       0x18 obj_cooja/mtype935.a(rimestats.o)
 .debug_aranges
                0x0000000000000798       0x20 obj_cooja/mtype935.a(memb.o)
 .debug_aranges