Archive member included to satisfy reference by file (symbol)

obj_cooja/mtype548.a(simEnvChange.o)
                              obj_cooja/mtype548.o (simDontFallAsleep)
obj_cooja/mtype548.a(cooja_mt.o)
                              obj_cooja/mtype548.o (cooja_mt_start)
obj_cooja/mtype548.a(cooja_mtarch.o)
                              obj_cooja/mtype548.a(cooja_mt.o) (cooja_mtarch_init)
obj_cooja/mtype548.a(rtimer-arch.o)
                              obj_cooja/mtype548.o (rtimer_arch_next)
obj_cooja/mtype548.a(beep.o)  obj_cooja/mtype548.o (beep_interface)
obj_cooja/mtype548.a(button-sensor.o)
                              obj_cooja/mtype548.o (button_interface)
obj_cooja/mtype548.a(leds-arch.o)
                              obj_cooja/mtype548.o (leds_interface)
obj_cooja/mtype548.a(moteid.o)
                              obj_cooja/mtype548.o (moteid_interface)
obj_cooja/mtype548.a(pir-sensor.o)
                              obj_cooja/mtype548.o (pir_interface)
obj_cooja/mtype548.a(rs232.o)
                              obj_cooja/mtype548.o (rs232_interface)
obj_cooja/mtype548.a(vib-sensor.o)
                              obj_cooja/mtype548.o (vib_interface)
obj_cooja/mtype548.a(clock.o)
                              obj_cooja/mtype548.o (clock_interface)
obj_cooja/mtype548.a(log.o)   obj_cooja/mtype548.o (simlog_interface)
obj_cooja/mtype548.a(cfs-cooja.o)
                              obj_cooja/mtype548.o (cfs_interface)
obj_cooja/mtype548.a(cooja-radio.o)
                              obj_cooja/mtype548.o (radio_interface)
obj_cooja/mtype548.a(eeprom.o)
                              obj_cooja/mtype548.o (eeprom_interface)
obj_cooja/mtype548.a(random.o)
                              obj_cooja/mtype548.a(moteid.o) (random_init)
obj_cooja/mtype548.a(sensors.o)
                              obj_cooja/mtype548.o (sensors_process)
obj_cooja/mtype548.a(dual_conf.o)
                              obj_cooja/mtype548.a(cooja-radio.o) (long_range_radio)
obj_cooja/mtype548.a(autostart.o)
                              obj_cooja/mtype548.o (autostart_start)
obj_cooja/mtype548.a(ctimer.o)
                              obj_cooja/mtype548.o (ctimer_init)
obj_cooja/mtype548.a(etimer.o)
                              obj_cooja/mtype548.o (etimer_process)
obj_cooja/mtype548.a(log_message.o)
                              obj_cooja/mtype548.o (log_initialization)
obj_cooja/mtype548.a(process.o)
                              udp-client.co (process_current)
obj_cooja/mtype548.a(residual.o)
                              udp-client.co (get_residual_energy)
obj_cooja/mtype548.a(rtimer.o)
                              obj_cooja/mtype548.a(rtimer-arch.o) (rtimer_run_next)
obj_cooja/mtype548.a(stimer.o)
                              udp-client.co (stimer_remaining)
obj_cooja/mtype548.a(timer.o)
                              obj_cooja/mtype548.a(button-sensor.o) (timer_set)
obj_cooja/mtype548.a(serial-line.o)
                              udp-client.co (serial_line_event_message)
obj_cooja/mtype548.a(list.o)  obj_cooja/mtype548.a(ctimer.o) (list_init)
obj_cooja/mtype548.a(ringbuf.o)
                              obj_cooja/mtype548.a(serial-line.o) (ringbuf_init)
obj_cooja/mtype548.a(sicslowpan.o)
                              obj_cooja/mtype548.o (sicslowpan_driver)
obj_cooja/mtype548.a(uip-ds6-nbr.o)
                              obj_cooja/mtype548.a(sicslowpan.o) (uip_ds6_link_neighbor_callback)
obj_cooja/mtype548.a(uip-ds6-route.o)
                              udp-client.co (uip_ds6_route_nexthop)
obj_cooja/mtype548.a(uip-ds6.o)
                              udp-client.co (uip_ds6_if)
obj_cooja/mtype548.a(uip6.o)  udp-client.co (uip_lladdr)
obj_cooja/mtype548.a(tcpip.o)
                              udp-client.co (tcpip_event)
obj_cooja/mtype548.a(uip-debug.o)
                              udp-client.co (uip_debug_ipaddr_print)
obj_cooja/mtype548.a(uip-packetqueue)
                              obj_cooja/mtype548.a(uip-ds6-nbr.o) (uip_packetqueue_new)
obj_cooja/mtype548.a(uip-udp-packet.)
                              udp-client.co (uip_udp_packet_sendto)
obj_cooja/mtype548.a(rpl-dag.o)
                              obj_cooja/mtype548.a(tcpip.o) (rpl_repair_root)
obj_cooja/mtype548.a(rpl-ext-header.)
                              obj_cooja/mtype548.a(uip6.o) (rpl_verify_header)
obj_cooja/mtype548.a(rpl-icmp6.o)
                              obj_cooja/mtype548.a(rpl-dag.o) (rpl_icmp6_update_nbr_table)
obj_cooja/mtype548.a(rpl-ltmax.o)
                              obj_cooja/mtype548.a(rpl-dag.o) (rpl_ltmax_of)
obj_cooja/mtype548.a(rpl-timers.o)
                              obj_cooja/mtype548.a(rpl-dag.o) (rpl_reset_dio_timer)
obj_cooja/mtype548.a(rpl.o)   obj_cooja/mtype548.a(rpl-icmp6.o) (rpl_get_mode)
obj_cooja/mtype548.a(framer-802154.o)
                              obj_cooja/mtype548.a(sicslowpan.o) (framer_802154)
obj_cooja/mtype548.a(nullmac.o)
                              obj_cooja/mtype548.o (nullmac_driver)
[...]
Memory Configuration

Name             Origin             Length             Attributes
*default*        0x0000000000000000 0xffffffffffffffff

Linker script and memory map

LOAD /usr/lib/gcc/i686-linux-gnu/4.8/../../../i386-linux-gnu/crti.o
LOAD /usr/lib/gcc/i686-linux-gnu/4.8/crtbeginS.o
LOAD udp-client.co
LOAD obj_cooja/mtype548.o
LOAD obj_cooja/mtype548.a
LOAD /usr/lib/gcc/i686-linux-gnu/4.8/libgcc.a
LOAD /usr/lib/gcc/i686-linux-gnu/4.8/libgcc_s.so
LOAD /usr/lib/gcc/i686-linux-gnu/4.8/../../../i386-linux-gnu/libc.so
START GROUP
LOAD /lib/i386-linux-gnu/libc.so.6
LOAD /usr/lib/i386-linux-gnu/libc_nonshared.a
LOAD /lib/i386-linux-gnu/ld-linux.so.2
END GROUP
LOAD /usr/lib/gcc/i686-linux-gnu/4.8/libgcc.a
LOAD /usr/lib/gcc/i686-linux-gnu/4.8/libgcc_s.so
LOAD /usr/lib/gcc/i686-linux-gnu/4.8/crtendS.o
LOAD /usr/lib/gcc/i686-linux-gnu/4.8/../../../i386-linux-gnu/crtn.o
                0x0000000000000114                . = (0x0 + SIZEOF_HEADERS)

.note.gnu.build-id
                0x0000000000000114       0x24
 *(.note.gnu.build-id)
 .note.gnu.build-id
                0x0000000000000114       0x24 /usr/lib/gcc/i686-linux-gnu/4.8/../../../i386-linux-gnu/crti.o

.hash
 *(.hash)

.gnu.hash       0x0000000000000138     0x1368
 *(.gnu.hash)
 .gnu.hash      0x0000000000000138     0x1368 /usr/lib/gcc/i686-linux-gnu/4.8/../../../i386-linux-gnu/crti.o

.dynsym         0x00000000000014a0     0x2600
 *(.dynsym)
 .dynsym        0x00000000000014a0     0x2600 /usr/lib/gcc/i686-linux-gnu/4.8/../../../i386-linux-gnu/crti.o

.dynstr         0x0000000000003aa0     0x2710
 *(.dynstr)
 .dynstr        0x0000000000003aa0     0x2710 /usr/lib/gcc/i686-linux-gnu/4.8/../../../i386-linux-gnu/crti.o

.gnu.version    0x00000000000061b0      0x4c0
 *(.gnu.version)
 .gnu.version   0x00000000000061b0      0x4c0 /usr/lib/gcc/i686-linux-gnu/4.8/../../../i386-linux-gnu/crti.o

.gnu.version_d  0x0000000000006670        0x0
 *(.gnu.version_d)
 .gnu.version_d
                0x0000000000000000        0x0 /usr/lib/gcc/i686-linux-gnu/4.8/../../../i386-linux-gnu/crti.o

.gnu.version_r  0x0000000000006670       0x50
 *(.gnu.version_r)
 .gnu.version_r
                0x0000000000006670       0x50 /usr/lib/gcc/i686-linux-gnu/4.8/../../../i386-linux-gnu/crti.o

.rel.dyn        0x00000000000066c0     0x94f0
 *(.rel.init)
 .rel.init      0x0000000000000000        0x0 /usr/lib/gcc/i686-linux-gnu/4.8/../../../i386-linux-gnu/crti.o
 *(.rel.text .rel.text.* .rel.gnu.linkonce.t.*)
 .rel.text      0x00000000000066c0     0x8d50 /usr/lib/gcc/i686-linux-gnu/4.8/../../../i386-linux-gnu/crti.o
 *(.rel.fini)
 .rel.fini      0x0000000000000000        0x0 /usr/lib/gcc/i686-linux-gnu/4.8/../../../i386-linux-gnu/crti.o
 *(.rel.rodata .rel.rodata.* .rel.gnu.linkonce.r.*)
 .rel.rodata    0x000000000000f410      0x4e0 /usr/lib/gcc/i686-linux-gnu/4.8/../../../i386-linux-gnu/crti.o
 *(.rel.data.rel.ro .rel.data.rel.ro.* .rel.gnu.linkonce.d.rel.ro.*)
 *(.rel.data .rel.data.* .rel.gnu.linkonce.d.*)
 .rel.data.rel  0x000000000000f8f0        0x8 /usr/lib/gcc/i686-linux-gnu/4.8/../../../i386-linux-gnu/crti.o
 .rel.data      0x000000000000f8f8      0x280 /usr/lib/gcc/i686-linux-gnu/4.8/../../../i386-linux-gnu/crti.o
 *(.rel.tdata .rel.tdata.* .rel.gnu.linkonce.td.*)
 *(.rel.tbss .rel.tbss.* .rel.gnu.linkonce.tb.*)
 *(.rel.ctors)
 *(.rel.dtors)
 *(.rel.got)
 .rel.got       0x000000000000fb78       0x28 /usr/lib/gcc/i686-linux-gnu/4.8/../../../i386-linux-gnu/crti.o
 *(.rel.bss .rel.bss.* .rel.gnu.linkonce.b.*)
 *(.rel.ifunc)
 .rel.ifunc     0x0000000000000000        0x0 /usr/lib/gcc/i686-linux-gnu/4.8/../../../i386-linux-gnu/crti.o
 .rel.fini_array
                0x000000000000fba0        0x8 /usr/lib/gcc/i686-linux-gnu/4.8/../../../i386-linux-gnu/crti.o
 .rel.init_array
                0x000000000000fba8        0x8 /usr/lib/gcc/i686-linux-gnu/4.8/../../../i386-linux-gnu/crti.o

.rel.plt        0x000000000000fbb0       0x10
 *(.rel.plt)
 .rel.plt       0x000000000000fbb0       0x10 /usr/lib/gcc/i686-linux-gnu/4.8/../../../i386-linux-gnu/crti.o
 *(.rel.iplt)

.init           0x000000000000fbc0       0x23
 *(SORT(.init))
 .init          0x000000000000fbc0       0x1e /usr/lib/gcc/i686-linux-gnu/4.8/../../../i386-linux-gnu/crti.o
                0x000000000000fbc0                _init
 .init          0x000000000000fbde        0x5 /usr/lib/gcc/i686-linux-gnu/4.8/../../../i386-linux-gnu/crtn.o

.plt            0x000000000000fbf0       0x30
 *(.plt)
 .plt           0x000000000000fbf0       0x30 /usr/lib/gcc/i686-linux-gnu/4.8/../../../i386-linux-gnu/crti.o
 *(.iplt)

.text           0x000000000000fc20    0x16b63
 *(.text.unlikely .text.*_unlikely .text.unlikely.*)
 *(.text.exit .text.exit.*)
 *(.text.startup .text.startup.*)
 *(.text.hot .text.hot.*)
 *(.text .stub .text.* .gnu.linkonce.t.*)
 .text          0x000000000000fc20        0x0 /usr/lib/gcc/i686-linux-gnu/4.8/../../../i386-linux-gnu/crti.o
 .gnu.linkonce.t.__x86.get_pc_thunk.bx
                0x000000000000fc20        0x4 /usr/lib/gcc/i686-linux-gnu/4.8/../../../i386-linux-gnu/crti.o
                0x000000000000fc20                __x86.get_pc_thunk.bx
 *fill*         0x000000000000fc24        0xc 
 .text          0x000000000000fc30      0x11b /usr/lib/gcc/i686-linux-gnu/4.8/crtbeginS.o
 .text          0x000000000000fd4b      0x784 udp-client.co
 .text          0x00000000000104cf      0x96a obj_cooja/mtype548.o
                0x000000000001067d                contiki_init
                0x0000000000010c50                Java_org_contikios_cooja_corecomm_Lib15_init
                0x0000000000010c90                Java_org_contikios_cooja_corecomm_Lib15_getMemory
                0x0000000000010cd0                Java_org_contikios_cooja_corecomm_Lib15_setMemory
                0x0000000000010d47                Java_org_contikios_cooja_corecomm_Lib15_tick
                0x0000000000010e27                Java_org_contikios_cooja_corecomm_Lib15_setReferenceAddress
 .text          0x0000000000010e39       0x63 obj_cooja/mtype548.a(simEnvChange.o)
                0x0000000000010e39                doActionsBeforeTick
                0x0000000000010e6a                doActionsAfterTick
 .text          0x0000000000010e9c       0xbc obj_cooja/mtype548.a(cooja_mt.o)
                0x0000000000010e9c                cooja_mt_init
                0x0000000000010ea9                cooja_mt_remove
                0x0000000000010eb6                cooja_mt_start
                0x0000000000010ee3                cooja_mt_exec
                0x0000000000010f14                cooja_mt_exit
                0x0000000000010f36                cooja_mt_yield
 .text          0x0000000000010f58      0x115 obj_cooja/mtype548.a(cooja_mtarch.o)
                0x0000000000010f58                cooja_mtarch_init
                0x0000000000010f5d                cooja_mtarch_start
                0x0000000000010fd8                cooja_sw
                0x0000000000010ffa                cooja_mtarch_exec
                0x0000000000011016                cooja_mtarch_remove
                0x000000000001101b                cooja_mtarch_yield
                0x0000000000011025                cooja_mtarch_pstop
                0x000000000001102a                cooja_mtarch_pstart
                0x000000000001102f                cooja_mtarch_stack_usage
 .text          0x000000000001106d       0xc2 obj_cooja/mtype548.a(rtimer-arch.o)
                0x000000000001106d                rtimer_arch_init
                0x0000000000011090                rtimer_arch_schedule
                0x00000000000110a7                rtimer_arch_next
                0x00000000000110b1                rtimer_arch_pending
                0x00000000000110bb                rtimer_arch_check
                0x00000000000110ed                rtimer_arch_now
 .text          0x000000000001112f       0x76 obj_cooja/mtype548.a(beep.o)
                0x000000000001112f                beep_alarm
                0x000000000001113b                beep_beep
                0x0000000000011147                beep
                0x0000000000011153                beep_down
                0x000000000001115f                beep_on
                0x000000000001116b                beep_off
                0x0000000000011177                beep_spinup
                0x0000000000011183                beep_quick
                0x000000000001118f                beep_long
 .text          0x00000000000111a5      0x103 obj_cooja/mtype548.a(button-sensor.o)
 .text          0x00000000000112a8       0x45 obj_cooja/mtype548.a(leds-arch.o)
                0x00000000000112a8                leds_arch_init
                0x00000000000112b4                leds_arch_get
                0x00000000000112c0                leds_arch_set
 .text          0x00000000000112ed       0x2f obj_cooja/mtype548.a(moteid.o)
 .text          0x000000000001131c       0xb1 obj_cooja/mtype548.a(pir-sensor.o)
 .text          0x00000000000113cd      0x131 obj_cooja/mtype548.a(rs232.o)
                0x00000000000113cd                rs232_init
                0x00000000000113d2                rs232_set_speed
                0x00000000000113e0                rs232_set_input
                0x00000000000113ed                rs232_send
                0x000000000001140f                rs232_print
                0x000000000001142a                slip_arch_writeb
 .text          0x00000000000114fe       0xb1 obj_cooja/mtype548.a(vib-sensor.o)
 .text          0x00000000000115af       0x34 obj_cooja/mtype548.a(clock.o)
                0x00000000000115af                clock_init
                0x00000000000115b4                clock_time
                0x00000000000115be                clock_seconds
                0x00000000000115d4                clock_delay
 .text          0x00000000000115e3      0x1ed obj_cooja/mtype548.a(log.o)
                0x00000000000115e3                simlog_char
                0x0000000000011625                simlog
                0x0000000000011692                log_message
                0x00000000000116ba                log_set_putchar_with_slip
                0x00000000000116c7                log_putchar
                0x000000000001174b                log_puts
                0x000000000001176f                log_printf
 .text          0x00000000000117d0      0x2c4 obj_cooja/mtype548.a(cfs-cooja.o)
                0x00000000000117d0                cfs_open
                0x0000000000011839                cfs_close
                0x0000000000011845                cfs_read
                0x00000000000118e3                cfs_write
                0x00000000000119c0                cfs_seek
                0x0000000000011a48                cfs_remove
                0x0000000000011a71                cfs_opendir
                0x0000000000011a7b                cfs_readdir
                0x0000000000011a85                cfs_closedir
 .text          0x0000000000011a94      0x671 obj_cooja/mtype548.a(cooja-radio.o)
                0x0000000000011abe                radio_set_channel
                0x0000000000011ad3                radio_set_txpower
                0x0000000000011af3                radio_signal_strength_last
                0x0000000000011afd                radio_signal_strength_current
                0x0000000000011b07                radio_LQI
 .text          0x0000000000012105       0xef obj_cooja/mtype548.a(eeprom.o)
                0x0000000000012105                eeprom_init
                0x000000000001210a                eeprom_read
                0x000000000001217a                eeprom_write
 .text          0x00000000000121f4       0x28 obj_cooja/mtype548.a(random.o)
                0x00000000000121f4                random_init
                0x000000000001220f                random_rand
 .text          0x000000000001221c      0x2a1 obj_cooja/mtype548.a(sensors.o)
                0x0000000000012257                sensors_first
                0x0000000000012261                sensors_next
                0x000000000001227e                sensors_changed
                0x00000000000122ad                sensors_find
 .text          0x00000000000124bd      0x2e4 obj_cooja/mtype548.a(dual_conf.o)
                0x00000000000124bd                dual_radio_switch
                0x00000000000124fd                dual_radio_change
                0x0000000000012537                sending_in_LR
                0x0000000000012562                dual_radio_received
                0x000000000001259a                radio_received_is_longrange
                0x00000000000125b5                dual_radio_turn_on
                0x00000000000125d8                dual_radio_turn_off
                0x0000000000012757                dio_broadcast
                0x0000000000012780                dis_broadcast
 .text          0x00000000000127a1       0x8e obj_cooja/mtype548.a(autostart.o)
                0x00000000000127a1                autostart_start
                0x00000000000127ec                autostart_exit
 .text          0x000000000001282f      0x334 obj_cooja/mtype548.a(ctimer.o)
                0x0000000000012946                ctimer_init
                0x0000000000012976                ctimer_set
                0x00000000000129a7                ctimer_set_with_process
                0x0000000000012a23                ctimer_reset
                0x0000000000012a72                ctimer_restart
                0x0000000000012ac1                ctimer_stop
                0x0000000000012b0c                ctimer_expired
 .text          0x0000000000012b63      0x40b obj_cooja/mtype548.a(etimer.o)
                0x0000000000012d76                etimer_request_poll
                0x0000000000012dfa                etimer_set
                0x0000000000012e1f                etimer_reset_with_new_interval
                0x0000000000012e46                etimer_reset
                0x0000000000012e64                etimer_restart
                0x0000000000012e82                etimer_adjust
                0x0000000000012e9e                etimer_expired
                0x0000000000012eb1                etimer_expiration_time
                0x0000000000012ec3                etimer_start_time
                0x0000000000012ecd                etimer_pending
                0x0000000000012edf                etimer_next_expiration_time
                0x0000000000012ef9                etimer_stop
 .text          0x0000000000012f6e       0xdd obj_cooja/mtype548.a(log_message.o)
                0x0000000000012f6e                log_initialization
                0x000000000001302a                log_finisher
 .text          0x000000000001304b      0x560 obj_cooja/mtype548.a(process.o)
                0x000000000001304b                process_alloc_event
                0x0000000000013060                process_start
                0x0000000000013249                process_exit
                0x0000000000013265                process_init
                0x0000000000013436                process_run
                0x0000000000013469                process_nevents
                0x0000000000013484                process_post
                0x0000000000013530                process_post_synch
                0x0000000000013568                process_poll
                0x0000000000013597                process_is_running
 .text          0x00000000000135ab       0xd3 obj_cooja/mtype548.a(residual.o)
                0x00000000000135ab                get_residual_energy
 .text          0x000000000001367e       0xba obj_cooja/mtype548.a(rtimer.o)
                0x000000000001367e                rtimer_init
                0x000000000001368b                rtimer_set
                0x00000000000136e2                rtimer_run_next
 .text          0x0000000000013738       0xa3 obj_cooja/mtype548.a(stimer.o)
                0x0000000000013738                stimer_set
                0x0000000000013753                stimer_reset
                0x000000000001376a                stimer_restart
                0x000000000001377c                stimer_expired
                0x00000000000137a3                stimer_remaining
                0x00000000000137c7                stimer_elapsed
 .text          0x00000000000137db       0x91 obj_cooja/mtype548.a(timer.o)
                0x00000000000137db                timer_set
                0x00000000000137f6                timer_reset
                0x000000000001380d                timer_restart
                0x000000000001381f                timer_expired
                0x0000000000013848                timer_remaining
 .text          0x000000000001386c      0x1fb obj_cooja/mtype548.a(serial-line.o)
                0x000000000001386c                serial_line_input_byte
                0x0000000000013a2f                serial_line_init
 .text          0x0000000000013a67      0x244 obj_cooja/mtype548.a(list.o)
                0x0000000000013a67                list_init
                0x0000000000013a75                list_head
                0x0000000000013a7f                list_copy
                0x0000000000013a8e                list_tail
                0x0000000000013ac4                list_add
                0x0000000000013b0d                list_push
                0x0000000000013b39                list_chop
                0x0000000000013ba3                list_pop
                0x0000000000013bcb                list_remove
                0x0000000000013c32                list_length
                0x0000000000013c60                list_insert
                0x0000000000013c94                list_item_next
 .text          0x0000000000013cab      0x155 obj_cooja/mtype548.a(ringbuf.o)
                0x0000000000013cab                ringbuf_init
                0x0000000000013cdc                ringbuf_put
                0x0000000000013d5a                ringbuf_get
                0x0000000000013dc7                ringbuf_size
                0x0000000000013dd9                ringbuf_elements
 .text          0x0000000000013e00     0x258b obj_cooja/mtype548.a(sicslowpan.o)
                0x000000000001438a                rime_sniffer_add
                0x0000000000014397                rime_sniffer_remove
                0x000000000001632a                sicslowpan_init
                0x0000000000016381                sicslowpan_get_last_rssi
 .text          0x000000000001638b      0x2dc obj_cooja/mtype548.a(uip-ds6-nbr.o)
                0x00000000000163a8                uip_ds6_neighbors_init
                0x00000000000163c5                uip_ds6_nbr_add
                0x0000000000016476                uip_ds6_nbr_rm
                0x00000000000164d3                uip_ds6_nbr_get_ipaddr
                0x00000000000164e8                uip_ds6_nbr_get_ll
                0x0000000000016504                uip_ds6_nbr_num
                0x0000000000016549                uip_ds6_nbr_lookup
                0x00000000000165ae                uip_ds6_nbr_ll_lookup
                0x00000000000165ca                uip_ds6_nbr_ipaddr_from_lladdr
                0x00000000000165f0                uip_ds6_nbr_lladdr_from_ipaddr
                0x000000000001661e                uip_ds6_link_neighbor_callback
 .text          0x0000000000016667      0x916 obj_cooja/mtype548.a(uip-ds6-route.o)
                0x00000000000166de                uip_ds6_notification_add
                0x000000000001670f                uip_ds6_notification_rm
                0x000000000001672b                uip_ds6_route_init
                0x00000000000167b3                uip_ds6_route_nexthop
                0x00000000000167db                uip_ds6_route_head
                0x00000000000167f0                uip_ds6_route_next
                0x0000000000016816                uip_ds6_route_is_nexthop
                0x0000000000016855                uip_ds6_route_num_routes
                0x000000000001685f                uip_ds6_route_lookup
                0x0000000000016921                uip_ds6_route_add
                0x0000000000016b55                uip_ds6_route_rm
                0x0000000000016ce9                uip_ds6_route_rm_by_nexthop
                0x0000000000016d21                uip_ds6_defrt_add
                0x0000000000016dd2                uip_ds6_defrt_rm
                0x0000000000016e51                uip_ds6_defrt_lookup
                0x0000000000016eaa                uip_ds6_defrt_choose
                0x0000000000016f15                uip_ds6_defrt_periodic
 .text          0x0000000000016f7d     0x12ad obj_cooja/mtype548.a(uip-ds6.o)
                0x0000000000016f7d                uip_ds6_init
                0x00000000000172d2                uip_ds6_periodic
                0x00000000000173aa                uip_ds6_list_loop
                0x0000000000017451                uip_ds6_prefix_add
                0x000000000001750f                uip_ds6_prefix_rm
                0x0000000000017521                uip_ds6_prefix_lookup
                0x0000000000017572                uip_ds6_is_addr_onlink
                0x00000000000175e6                uip_ds6_addr_add
                0x0000000000017714                uip_ds6_long_addr_add
                0x0000000000017842                uip_ds6_addr_rm
                0x00000000000178e2                uip_ds6_addr_lookup
                0x000000000001792d                uip_ds6_long_addr_lookup
                0x0000000000017978                uip_ds6_get_link_local
                0x00000000000179f7                uip_ds6_long_get_link_local
                0x0000000000017a76                uip_ds6_get_global
                0x0000000000017af5                uip_ds6_long_get_global
                0x0000000000017b74                uip_ds6_maddr_add
                0x0000000000017be6                uip_ds6_long_maddr_add
                0x0000000000017c58                uip_ds6_maddr_rm
                0x0000000000017c6a                uip_ds6_maddr_lookup
                0x0000000000017cb5                uip_ds6_long_maddr_lookup
                0x0000000000017d00                uip_ds6_aaddr_add
                0x0000000000017d72                uip_ds6_long_aaddr_add
                0x0000000000017de4                uip_ds6_aaddr_rm
                0x0000000000017df6                uip_ds6_aaddr_lookup
                0x0000000000017e41                uip_ds6_long_aaddr_lookup
                0x0000000000017e8c                uip_ds6_select_src
                0x0000000000018115                uip_ds6_set_addr_iid
                0x000000000001814c                get_match_length
                0x00000000000181de                uip_ds6_compute_reachable_time
 .text          0x000000000001822a     0x29f3 obj_cooja/mtype548.a(uip6.o)
                0x000000000001822a                uip_add32
                0x00000000000183c3                uip_chksum
                0x00000000000184b1                uip_icmp6chksum
                0x00000000000184c5                uip_tcpchksum
                0x00000000000184d9                uip_udpchksum
                0x00000000000184ed                uip_init
                0x00000000000185bd                uip_connect
                0x000000000001876c                remove_ext_hdr
                0x0000000000018841                uip_udp_new
                0x000000000001899d                uip_unlisten
                0x00000000000189fd                uip_listen
                0x0000000000018cbf                uip_process
                0x000000000001ab11                uip_htons
                0x000000000001ab33                uip_htonl
                0x000000000001ab73                uip_send
 .text          0x000000000001ac1d      0xb43 obj_cooja/mtype548.a(tcpip.o)
                0x000000000001ac1d                tcpip_output
                0x000000000001ac4b                tcpip_set_outputfunc
                0x000000000001acdf                tcp_connect
                0x000000000001ad34                tcp_unlisten
                0x000000000001ad8f                tcp_listen
                0x000000000001ade8                tcp_attach
                0x000000000001ae0d                udp_attach
                0x000000000001ae32                udp_new
                0x000000000001ae84                udp_broadcast_new
                0x000000000001b0f8                tcpip_input
                0x000000000001b12c                tcpip_ipv6_output
                0x000000000001b5a6                tcpip_poll_udp
                0x000000000001b5c9                tcpip_poll_tcp
                0x000000000001b5ec                tcpip_uipcall
 .text          0x000000000001b760      0x1c1 obj_cooja/mtype548.a(uip-debug.o)
                0x000000000001b760                uip_debug_ipaddr_print
                0x000000000001b8c2                uip_debug_lladdr_print
 .text          0x000000000001b921      0x141 obj_cooja/mtype548.a(uip-packetqueue)
                0x000000000001b94d                uip_packetqueue_new
                0x000000000001b95b                uip_packetqueue_alloc
                0x000000000001b9bb                uip_packetqueue_free
                0x000000000001b9fc                uip_packetqueue_buf
                0x000000000001ba19                uip_packetqueue_buflen
                0x000000000001ba3a                uip_packetqueue_set_buflen
 .text          0x000000000001ba62      0x131 obj_cooja/mtype548.a(uip-udp-packet.)
                0x000000000001ba62                uip_udp_packet_send
                0x000000000001bac2                uip_udp_packet_sendto
 .text          0x000000000001bb93     0x25bb obj_cooja/mtype548.a(rpl-dag.o)
                0x000000000001bb93                rpl_print_neighbor_list
                0x000000000001bc3c                rpl_print_child_neighbor_list
                0x000000000001bcb1                rpl_get_nbr
                0x000000000001bd0b                rpl_get_nbr_child
                0x000000000001bd65                rpl_dag_init
                0x000000000001bd97                rpl_get_parent
                0x000000000001bdb9                rpl_get_parent_rank
                0x000000000001bdec                rpl_get_parent_link_metric
                0x000000000001be1f                rpl_get_parent_ipaddr
                0x000000000001be49                rpl_get_child_ipaddr
                0x000000000001c164                rpl_set_root
                0x000000000001c392                rpl_repair_root
                0x000000000001c5ce                rpl_set_prefix
                0x000000000001c6cd                rpl_set_default_route
                0x000000000001c759                rpl_alloc_instance
                0x000000000001c7ec                rpl_alloc_dag
                0x000000000001c89f                rpl_set_default_instance
                0x000000000001c8ac                rpl_get_default_instance
                0x000000000001c8b6                rpl_free_instance
                0x000000000001c967                rpl_free_dag
                0x000000000001c9cd                rpl_add_parent
                0x000000000001cac3                rpl_find_parent
                0x000000000001caf3                rpl_add_child
                0x000000000001cb97                rpl_find_child
                0x000000000001cbe5                rpl_find_parent_any_dag
                0x000000000001cc21                rpl_select_dag
                0x000000000001d044                rpl_select_parent
                0x000000000001d0a6                rpl_remove_parent
                0x000000000001d0dc                rpl_remove_child
                0x000000000001d0f8                rpl_nullify_parent
                0x000000000001d196                rpl_move_parent
                0x000000000001d233                rpl_has_downward_route
                0x000000000001d286                rpl_get_any_dag
                0x000000000001d2e8                rpl_get_instance
                0x000000000001d34b                rpl_find_of
                0x000000000001d388                rpl_join_instance
                0x000000000001d603                rpl_add_dag
                0x000000000001d9f2                rpl_local_repair
                0x000000000001dacb                rpl_recalculate_ranks
                0x000000000001db51                rpl_process_parent_event
                0x000000000001dc03                rpl_process_dio
 .text          0x000000000001e14e      0xbf3 obj_cooja/mtype548.a(rpl-ext-header.)
                0x000000000001e16b                rpl_verify_header
                0x000000000001e5e5                rpl_update_header_empty
                0x000000000001e8fc                rpl_update_header_final
                0x000000000001ea8b                rpl_remove_header
                0x000000000001eb95                rpl_invert_header
                0x000000000001ed1f                rpl_insert_header
 .text          0x000000000001ed41     0x22e1 obj_cooja/mtype548.a(rpl-icmp6.o)
                0x000000000001f00a                rpl_icmp6_update_nbr_table
                0x000000000001f0fa                dis_output
                0x000000000001fa32                dio_output
                0x0000000000020b8d                dao_output
                0x0000000000020c55                dao_output_target
                0x0000000000020fd6                dao_ack_output
                0x0000000000020fea                rpl_icmp6_register_handlers
 .text          0x0000000000021022      0x523 obj_cooja/mtype548.a(rpl-ltmax.o)
 .text          0x0000000000021545      0x7b3 obj_cooja/mtype548.a(rpl-timers.o)
                0x000000000002178b                rpl_reset_periodic_timer
                0x00000000000217e0                rpl_reset_dio_timer
                0x0000000000021a1a                rpl_schedule_dao
                0x0000000000021a35                rpl_schedule_dao_immediately
                0x0000000000021a50                rpl_cancel_dao
                0x0000000000021ab2                rpl_schedule_unicast_dio_immediately
                0x0000000000021ca0                rpl_schedule_probing
 .text          0x0000000000021cf8      0x5c5 obj_cooja/mtype548.a(rpl.o)
                0x0000000000021cf8                rpl_get_mode
                0x0000000000021d02                rpl_set_mode
                0x0000000000021d90                rpl_purge_routes
                0x0000000000021e8a                rpl_remove_routes
                0x0000000000021ed0                rpl_remove_routes_by_nexthop
                0x0000000000021f3c                rpl_add_route
                0x0000000000021fb7                rpl_link_neighbor_callback
                0x00000000000220bc                rpl_ipv6_neighbor_callback
                0x000000000002212b                rpl_purge_dags
                0x0000000000022237                rpl_init
 .text          0x00000000000222bd      0x3f5 obj_cooja/mtype548.a(framer-802154.o)
 .text          0x00000000000226b2       0x5e obj_cooja/mtype548.a(nullmac.o)
 .text          0x0000000000022710     0x11c1 obj_cooja/mtype548.a(cxmac.o)
                0x0000000000023821                cxmac_set_announcement_radio_txpower
                0x0000000000023826                cxmac_init
 .text          0x00000000000238d1       0x82 obj_cooja/mtype548.a(linkaddr.o)
                0x00000000000238d1                linkaddr_copy
                0x00000000000238f3                linkaddr_cmp
                0x000000000002391d                linkaddr_set_node_addr
                0x0000000000023938                linkaddr_set_node_long_addr
 .text          0x0000000000023953      0x915 obj_cooja/mtype548.a(nbr-table.o)
                0x0000000000023953                long_ip_from_lladdr_map
                0x00000000000239dc                lladdr_map_add_lr
                0x0000000000023a99                lladdr_map_rm_lr
                0x0000000000023f5e                nbr_table_register
                0x0000000000023fa6                nbr_table_head
                0x0000000000024002                nbr_table_next
                0x0000000000024069                nbr_table_add_lladdr
                0x0000000000024145                nbr_table_get_from_lladdr
                0x0000000000024192                nbr_table_remove
                0x00000000000241e4                nbr_table_lock
                0x000000000002420e                nbr_table_unlock
                0x0000000000024238                nbr_table_get_lladdr
 .text          0x0000000000024268       0x2b obj_cooja/mtype548.a(netstack.o)
                0x0000000000024268                netstack_init
 .text          0x0000000000024293      0x3cd obj_cooja/mtype548.a(packetbuf.o)
                0x0000000000024293                packetbuf_clear
                0x00000000000242bd                packetbuf_copyfrom
                0x000000000002430f                packetbuf_compact
                0x000000000002438c                packetbuf_copyto
                0x0000000000024423                packetbuf_hdralloc
                0x00000000000244a0                packetbuf_hdrreduce
                0x00000000000244e8                packetbuf_set_datalen
                0x0000000000024501                packetbuf_dataptr
                0x000000000002451e                packetbuf_hdrptr
                0x0000000000024528                packetbuf_datalen
                0x0000000000024534                packetbuf_hdrlen
                0x000000000002454b                packetbuf_totlen
                0x0000000000024561                packetbuf_attr_clear
                0x00000000000245b3                packetbuf_attr_copyto
                0x00000000000245fc                packetbuf_attr_copyfrom
                0x0000000000024644                packetbuf_holds_broadcast
 .text          0x0000000000024660      0x2b4 obj_cooja/mtype548.a(queuebuf.o)
                0x000000000002466a                queuebuf_init
                0x000000000002468a                queuebuf_numfree
                0x000000000002469e                queuebuf_new_from_packetbuf
                0x000000000002472e                queuebuf_update_attr_from_packetbuf
                0x0000000000024761                queuebuf_update_from_packetbuf
                0x00000000000247ab                queuebuf_free
                0x00000000000247f2                queuebuf_to_packetbuf
                0x0000000000024858                queuebuf_dataptr
                0x000000000002488f                queuebuf_datalen
                0x00000000000248b2                queuebuf_addr
                0x00000000000248e4                queuebuf_attr
                0x000000000002490f                queuebuf_debug_print
 .text          0x0000000000024914       0x6e obj_cooja/mtype548.a(nullsec.o)
 .text          0x0000000000024982       0x19 obj_cooja/mtype548.a(watchdog.o)
                0x0000000000024982                watchdog_init
                0x0000000000024987                watchdog_start
                0x000000000002498c                watchdog_periodic
                0x0000000000024991                watchdog_stop
                0x0000000000024996                watchdog_reboot
 .text          0x000000000002499b        0x0 obj_cooja/mtype548.a(rimestats.o)
 .text          0x000000000002499b      0x134 obj_cooja/mtype548.a(leds.o)
                0x00000000000249ec                leds_init
                0x0000000000024a00                leds_blink
                0x0000000000024a38                leds_get
                0x0000000000024a45                leds_set
                0x0000000000024a5f                leds_on
                0x0000000000024a82                leds_off
                0x0000000000024aac                leds_toggle
 .text          0x0000000000024acf      0x1c1 obj_cooja/mtype548.a(memb.o)
                0x0000000000024acf                memb_init
                0x0000000000024b2d                memb_alloc
                0x0000000000024b92                memb_free
                0x0000000000024c0d                memb_inmemb
                0x0000000000024c4c                memb_numfree
 .text          0x0000000000024c90      0xab2 obj_cooja/mtype548.a(uip-icmp6.o)
                0x0000000000024cfe                uip_icmp6_input
                0x0000000000024d54                uip_icmp6_register_input_handler
                0x000000000002501c                uip_icmp6_error_output
                0x0000000000025361                uip_icmp6_send
                0x00000000000256d5                uip_icmp6_echo_reply_callback_add
                0x0000000000025706                uip_icmp6_echo_reply_callback_rm
                0x0000000000025722                uip_icmp6_init
 .text          0x0000000000025742      0x358 obj_cooja/mtype548.a(uip-nd6.o)
                0x0000000000025796                uip_nd6_ns_output
                0x0000000000025a95                uip_nd6_init
 .text          0x0000000000025a9a      0x331 obj_cooja/mtype548.a(rpl-nbr-policy.)
                0x0000000000025c72                find_removable_dis
                0x0000000000025c95                find_removable_dio
                0x0000000000025d24                find_removable_dao
                0x0000000000025d74                rpl_nbr_policy_find_removable
 .text          0x0000000000025dcb      0x97c obj_cooja/mtype548.a(frame802154.o)
                0x0000000000025dfc                frame802154_get_pan_id
                0x0000000000025e08                frame802154_set_pan_id
                0x0000000000025e21                frame802154_has_panid
                0x0000000000025f0d                frame802154_check_dest_panid
                0x0000000000025f75                frame802154_is_broadcast_addr
                0x0000000000025fc2                frame802154_extract_linkaddr
                0x0000000000026202                frame802154_hdrlen
                0x0000000000026253                frame802154_create
                0x000000000002643e                frame802154_parse
 .text          0x0000000000026747       0x3c obj_cooja/mtype548.a(mac.o)
                0x0000000000026747                mac_call_sent_callback
 .text          0x0000000000026783        0x0 /usr/lib/gcc/i686-linux-gnu/4.8/crtendS.o
 .text          0x0000000000026783        0x0 /usr/lib/gcc/i686-linux-gnu/4.8/../../../i386-linux-gnu/crtn.o
 *(.gnu.warning)

.fini           0x0000000000026784       0x14
 *(SORT(.fini))
 .fini          0x0000000000026784        0xf /usr/lib/gcc/i686-linux-gnu/4.8/../../../i386-linux-gnu/crti.o
                0x0000000000026784                _fini
 .fini          0x0000000000026793        0x5 /usr/lib/gcc/i686-linux-gnu/4.8/../../../i386-linux-gnu/crtn.o
                0x0000000000026798                PROVIDE (__etext, .)
                0x0000000000026798                PROVIDE (_etext, .)
                0x0000000000026798                PROVIDE (etext, .)

.rodata         0x00000000000267a0      0xd40
 *(.rodata .rodata.* .gnu.linkonce.r.*)
 .rodata        0x00000000000267a0      0x2ae udp-client.co
                0x00000000000267b4                autostart_processes
 *fill*         0x0000000000026a4e        0x2 
 .rodata        0x0000000000026a50      0x1e6 obj_cooja/mtype548.o
 *fill*         0x0000000000026c36        0x2 
 .rodata        0x0000000000026c38        0x8 obj_cooja/mtype548.a(beep.o)
                0x0000000000026c38                beep_interface
 .rodata        0x0000000000026c40       0x20 obj_cooja/mtype548.a(button-sensor.o)
                0x0000000000026c40                button_interface
                0x0000000000026c50                button_sensor
 .rodata        0x0000000000026c60        0x8 obj_cooja/mtype548.a(leds-arch.o)
                0x0000000000026c60                leds_interface
 .rodata        0x0000000000026c68        0x8 obj_cooja/mtype548.a(moteid.o)
                0x0000000000026c68                moteid_interface
 .rodata        0x0000000000026c70       0x1c obj_cooja/mtype548.a(pir-sensor.o)
                0x0000000000026c70                pir_interface
                0x0000000000026c7c                pir_sensor
 .rodata        0x0000000000026c8c        0xe obj_cooja/mtype548.a(rs232.o)
                0x0000000000026c8c                rs232_interface
 *fill*         0x0000000000026c9a        0x2 
 .rodata        0x0000000000026c9c       0x24 obj_cooja/mtype548.a(vib-sensor.o)
                0x0000000000026c9c                vib_interface
                0x0000000000026cb0                vib_sensor
 .rodata        0x0000000000026cc0        0x8 obj_cooja/mtype548.a(clock.o)
                0x0000000000026cc0                clock_interface
 .rodata        0x0000000000026cc8        0x8 obj_cooja/mtype548.a(log.o)
                0x0000000000026cc8                simlog_interface
 .rodata        0x0000000000026cd0       0x2f obj_cooja/mtype548.a(cfs-cooja.o)
                0x0000000000026cd0                cfs_interface
 *fill*         0x0000000000026cff        0x1 
 .rodata        0x0000000000026d00       0x60 obj_cooja/mtype548.a(cooja-radio.o)
                0x0000000000026d20                cooja_radio_driver
                0x0000000000026d58                radio_interface
 .rodata        0x0000000000026d60        0x8 obj_cooja/mtype548.a(eeprom.o)
                0x0000000000026d60                eeprom_interface
 .rodata        0x0000000000026d68        0x8 obj_cooja/mtype548.a(sensors.o)
 .rodata        0x0000000000026d70       0x1c obj_cooja/mtype548.a(dual_conf.o)
 .rodata        0x0000000000026d8c        0xf obj_cooja/mtype548.a(ctimer.o)
 .rodata        0x0000000000026d9b        0xc obj_cooja/mtype548.a(etimer.o)
 *fill*         0x0000000000026da7        0x1 
 .rodata        0x0000000000026da8       0x73 obj_cooja/mtype548.a(log_message.o)
 *fill*         0x0000000000026e1b        0x1 
 .rodata        0x0000000000026e1c       0x20 obj_cooja/mtype548.a(residual.o)
 .rodata        0x0000000000026e3c        0xe obj_cooja/mtype548.a(serial-line.o)
 *fill*         0x0000000000026e4a        0x2 
 .rodata        0x0000000000026e4c       0x2c obj_cooja/mtype548.a(sicslowpan.o)
                0x0000000000026e4c                unc_llconf
                0x0000000000026e50                unc_ctxconf
                0x0000000000026e54                unc_mxconf
                0x0000000000026e58                llprefix
                0x0000000000026e6c                sicslowpan_driver
 .rodata        0x0000000000026e78      0x13c obj_cooja/mtype548.a(uip6.o)
 .rodata        0x0000000000026fb4       0x49 obj_cooja/mtype548.a(tcpip.o)
 .rodata        0x0000000000026ffd       0x3e obj_cooja/mtype548.a(uip-debug.o)
 *fill*         0x000000000002703b        0x1 
 .rodata        0x000000000002703c        0x4 obj_cooja/mtype548.a(rpl-dag.o)
 .rodata        0x0000000000027040      0x16c obj_cooja/mtype548.a(rpl-ltmax.o)
 .rodata        0x00000000000271ac        0xc obj_cooja/mtype548.a(framer-802154.o)
                0x00000000000271ac                framer_802154
 .rodata        0x00000000000271b8       0x24 obj_cooja/mtype548.a(nullmac.o)
                0x00000000000271c0                nullmac_driver
 *fill*         0x00000000000271dc        0x4 
 .rodata        0x00000000000271e0      0x2e0 obj_cooja/mtype548.a(cxmac.o)
                0x00000000000274a0                cxmac_driver
 .rodata        0x00000000000274c0        0x8 obj_cooja/mtype548.a(linkaddr.o)
                0x00000000000274c0                linkaddr_null
 .rodata        0x00000000000274c8       0x18 obj_cooja/mtype548.a(nullsec.o)
                0x00000000000274d0                nullsec_driver

.rodata1
 *(.rodata1)

.eh_frame_hdr   0x00000000000274e0     0x13bc
 *(.eh_frame_hdr)
 .eh_frame_hdr  0x00000000000274e0     0x13bc udp-client.co

.eh_frame       0x000000000002889c     0x504c
 *(.eh_frame)
 .eh_frame      0x000000000002889c       0x3c /usr/lib/gcc/i686-linux-gnu/4.8/../../../i386-linux-gnu/crti.o
                                         0x40 (size before relaxing)
 .eh_frame      0x00000000000288d8       0xb4 udp-client.co
                                         0xcc (size before relaxing)
 .eh_frame      0x000000000002898c      0x148 obj_cooja/mtype548.o
                                        0x160 (size before relaxing)
 .eh_frame      0x0000000000028ad4       0x40 obj_cooja/mtype548.a(simEnvChange.o)
                                         0x58 (size before relaxing)
 .eh_frame      0x0000000000028b14       0xc0 obj_cooja/mtype548.a(cooja_mt.o)
                                         0xd8 (size before relaxing)
 .eh_frame      0x0000000000028bd4      0x120 obj_cooja/mtype548.a(cooja_mtarch.o)
                                        0x138 (size before relaxing)
 .eh_frame      0x0000000000028cf4       0xc0 obj_cooja/mtype548.a(rtimer-arch.o)
                                         0xd8 (size before relaxing)
 .eh_frame      0x0000000000028db4      0x160 obj_cooja/mtype548.a(beep.o)
                                        0x178 (size before relaxing)
 .eh_frame      0x0000000000028f14       0xa0 obj_cooja/mtype548.a(button-sensor.o)
                                         0xb8 (size before relaxing)
 .eh_frame      0x0000000000028fb4       0xa0 obj_cooja/mtype548.a(leds-arch.o)
                                         0xb8 (size before relaxing)
 .eh_frame      0x0000000000029054       0x40 obj_cooja/mtype548.a(moteid.o)
                                         0x58 (size before relaxing)
 .eh_frame      0x0000000000029094       0xa0 obj_cooja/mtype548.a(pir-sensor.o)
                                         0xb8 (size before relaxing)
 .eh_frame      0x0000000000029134      0x100 obj_cooja/mtype548.a(rs232.o)
                                        0x118 (size before relaxing)
 .eh_frame      0x0000000000029234       0xa0 obj_cooja/mtype548.a(vib-sensor.o)
                                         0xb8 (size before relaxing)
 .eh_frame      0x00000000000292d4       0xc0 obj_cooja/mtype548.a(clock.o)
                                         0xd8 (size before relaxing)
 .eh_frame      0x0000000000029394      0x120 obj_cooja/mtype548.a(log.o)
                                        0x138 (size before relaxing)
 .eh_frame      0x00000000000294b4      0x160 obj_cooja/mtype548.a(cfs-cooja.o)
                                        0x178 (size before relaxing)
 .eh_frame      0x0000000000029614      0x2e0 obj_cooja/mtype548.a(cooja-radio.o)
                                        0x2f8 (size before relaxing)
 .eh_frame      0x00000000000298f4       0xa0 obj_cooja/mtype548.a(eeprom.o)
                                         0xb8 (size before relaxing)
 .eh_frame      0x0000000000029994       0x40 obj_cooja/mtype548.a(random.o)
                                         0x58 (size before relaxing)
 .eh_frame      0x00000000000299d4       0xc0 obj_cooja/mtype548.a(sensors.o)
                                         0xd8 (size before relaxing)
 .eh_frame      0x0000000000029a94      0x160 obj_cooja/mtype548.a(dual_conf.o)
                                        0x178 (size before relaxing)
 .eh_frame      0x0000000000029bf4       0x40 obj_cooja/mtype548.a(autostart.o)
                                         0x58 (size before relaxing)
 .eh_frame      0x0000000000029c34      0x100 obj_cooja/mtype548.a(ctimer.o)
                                        0x118 (size before relaxing)
 .eh_frame      0x0000000000029d34      0x1e0 obj_cooja/mtype548.a(etimer.o)
                                        0x1f8 (size before relaxing)
 .eh_frame      0x0000000000029f14       0x40 obj_cooja/mtype548.a(log_message.o)
                                         0x58 (size before relaxing)
 .eh_frame      0x0000000000029f54      0x1c8 obj_cooja/mtype548.a(process.o)
                                        0x1e0 (size before relaxing)
 .eh_frame      0x000000000002a11c       0x2c obj_cooja/mtype548.a(residual.o)
                                         0x44 (size before relaxing)
 .eh_frame      0x000000000002a148       0x60 obj_cooja/mtype548.a(rtimer.o)
                                         0x78 (size before relaxing)
 .eh_frame      0x000000000002a1a8       0xc4 obj_cooja/mtype548.a(stimer.o)
                                         0xdc (size before relaxing)
 .eh_frame      0x000000000002a26c       0xa4 obj_cooja/mtype548.a(timer.o)
                                         0xbc (size before relaxing)
 .eh_frame      0x000000000002a310       0x60 obj_cooja/mtype548.a(serial-line.o)
                                         0x78 (size before relaxing)
 .eh_frame      0x000000000002a370      0x180 obj_cooja/mtype548.a(list.o)
                                        0x198 (size before relaxing)
 .eh_frame      0x000000000002a4f0       0xa0 obj_cooja/mtype548.a(ringbuf.o)
                                         0xb8 (size before relaxing)
 .eh_frame      0x000000000002a590      0x350 obj_cooja/mtype548.a(sicslowpan.o)
                                        0x368 (size before relaxing)
 .eh_frame      0x000000000002a8e0      0x180 obj_cooja/mtype548.a(uip-ds6-nbr.o)
                                        0x198 (size before relaxing)
 .eh_frame      0x000000000002aa60      0x2a0 obj_cooja/mtype548.a(uip-ds6-route.o)
                                        0x2b8 (size before relaxing)
 .eh_frame      0x000000000002ad00      0x3c8 obj_cooja/mtype548.a(uip-ds6.o)
                                        0x3e0 (size before relaxing)
 .eh_frame      0x000000000002b0c8      0x27c obj_cooja/mtype548.a(uip6.o)
                                        0x294 (size before relaxing)
 .eh_frame      0x000000000002b344      0x270 obj_cooja/mtype548.a(tcpip.o)
                                        0x288 (size before relaxing)
 .eh_frame      0x000000000002b5b4       0x48 obj_cooja/mtype548.a(uip-debug.o)
                                         0x60 (size before relaxing)
 .eh_frame      0x000000000002b5fc       0xe0 obj_cooja/mtype548.a(uip-packetqueue)
                                         0xf8 (size before relaxing)
 .eh_frame      0x000000000002b6dc       0x40 obj_cooja/mtype548.a(uip-udp-packet.)
                                         0x58 (size before relaxing)
 .eh_frame      0x000000000002b71c      0x74c obj_cooja/mtype548.a(rpl-dag.o)
                                        0x764 (size before relaxing)
 .eh_frame      0x000000000002be68      0x10c obj_cooja/mtype548.a(rpl-ext-header.)
                                        0x124 (size before relaxing)
 .eh_frame      0x000000000002bf74      0x2b8 obj_cooja/mtype548.a(rpl-icmp6.o)
                                        0x2d0 (size before relaxing)
 .eh_frame      0x000000000002c22c       0xec obj_cooja/mtype548.a(rpl-ltmax.o)
                                        0x104 (size before relaxing)
 .eh_frame      0x000000000002c318      0x20c obj_cooja/mtype548.a(rpl-timers.o)
                                        0x224 (size before relaxing)
 .eh_frame      0x000000000002c524      0x148 obj_cooja/mtype548.a(rpl.o)
                                        0x160 (size before relaxing)
 .eh_frame      0x000000000002c66c      0x108 obj_cooja/mtype548.a(framer-802154.o)
                                        0x120 (size before relaxing)
 .eh_frame      0x000000000002c774       0xc0 obj_cooja/mtype548.a(nullmac.o)
                                         0xd8 (size before relaxing)
 .eh_frame      0x000000000002c834      0x2c0 obj_cooja/mtype548.a(cxmac.o)
                                        0x2d8 (size before relaxing)
 .eh_frame      0x000000000002caf4       0x80 obj_cooja/mtype548.a(linkaddr.o)
                                         0x98 (size before relaxing)
 .eh_frame      0x000000000002cb74      0x2cc obj_cooja/mtype548.a(nbr-table.o)
                                        0x2e4 (size before relaxing)
 .eh_frame      0x000000000002ce40       0x20 obj_cooja/mtype548.a(netstack.o)
                                         0x38 (size before relaxing)
 .eh_frame      0x000000000002ce60      0x214 obj_cooja/mtype548.a(packetbuf.o)
                                        0x22c (size before relaxing)
 .eh_frame      0x000000000002d074      0x1a0 obj_cooja/mtype548.a(queuebuf.o)
                                        0x1b8 (size before relaxing)
 .eh_frame      0x000000000002d214       0x80 obj_cooja/mtype548.a(nullsec.o)
                                         0x98 (size before relaxing)
 .eh_frame      0x000000000002d294       0xa0 obj_cooja/mtype548.a(watchdog.o)
                                         0xb8 (size before relaxing)
 .eh_frame      0x000000000002d334      0x100 obj_cooja/mtype548.a(leds.o)
                                        0x118 (size before relaxing)
 .eh_frame      0x000000000002d434       0xa0 obj_cooja/mtype548.a(memb.o)
                                         0xb8 (size before relaxing)
 .eh_frame      0x000000000002d4d4      0x164 obj_cooja/mtype548.a(uip-icmp6.o)
                                        0x17c (size before relaxing)
 .eh_frame      0x000000000002d638       0x68 obj_cooja/mtype548.a(uip-nd6.o)
                                         0x80 (size before relaxing)
 .eh_frame      0x000000000002d6a0       0xc0 obj_cooja/mtype548.a(rpl-nbr-policy.)
                                         0xd8 (size before relaxing)
 .eh_frame      0x000000000002d760      0x164 obj_cooja/mtype548.a(frame802154.o)
                                        0x17c (size before relaxing)
 .eh_frame      0x000000000002d8c4       0x20 obj_cooja/mtype548.a(mac.o)
                                         0x38 (size before relaxing)
 .eh_frame      0x000000000002d8e4        0x4 /usr/lib/gcc/i686-linux-gnu/4.8/crtendS.o

.gcc_except_table
 *(.gcc_except_table .gcc_except_table.*)

.exception_ranges
 *(.exception_ranges .exception_ranges*)
                0x000000000002d8e8                . = (ALIGN (0x1000) - ((0x1000 - .) & 0xfff))
                0x000000000002eef8                . = DATA_SEGMENT_ALIGN (0x1000, 0x1000)

.eh_frame
 *(.eh_frame)

.gcc_except_table
 *(.gcc_except_table .gcc_except_table.*)

.exception_ranges
 *(.exception_ranges .exception_ranges*)

.tdata
 *(.tdata .tdata.* .gnu.linkonce.td.*)

.tbss
 *(.tbss .tbss.* .gnu.linkonce.tb.*)
 *(.tcommon)

.preinit_array
 *(.preinit_array)

.init_array     0x000000000002eef8        0x4
 *(SORT(.init_array.*) SORT(.ctors.*))
 *(.init_array EXCLUDE_FILE(*crtend?.o *crtend.o *crtbegin?.o *crtbegin.o) .ctors)
 .init_array    0x000000000002eef8        0x4 /usr/lib/gcc/i686-linux-gnu/4.8/crtbeginS.o

.fini_array     0x000000000002eefc        0x4
 *(SORT(.fini_array.*) SORT(.dtors.*))
 *(.fini_array EXCLUDE_FILE(*crtend?.o *crtend.o *crtbegin?.o *crtbegin.o) .dtors)
 .fini_array    0x000000000002eefc        0x4 /usr/lib/gcc/i686-linux-gnu/4.8/crtbeginS.o

.ctors
 *crtbegin.o(.ctors)
 *crtbegin?.o(.ctors)
 *(EXCLUDE_FILE(*crtend?.o *crtend.o) .ctors)
 *(SORT(.ctors.*))
 *(.ctors)

.dtors
 *crtbegin.o(.dtors)
 *crtbegin?.o(.dtors)
 *(EXCLUDE_FILE(*crtend?.o *crtend.o) .dtors)
 *(SORT(.dtors.*))
 *(.dtors)

.jcr            0x000000000002ef00        0x4
 *(.jcr)
 .jcr           0x000000000002ef00        0x0 /usr/lib/gcc/i686-linux-gnu/4.8/crtbeginS.o
 .jcr           0x000000000002ef00        0x4 /usr/lib/gcc/i686-linux-gnu/4.8/crtendS.o

.data.rel.ro
 *(.data.rel.ro.local* .gnu.linkonce.d.rel.ro.local.*)
 *(.data.rel.ro .data.rel.ro.* .gnu.linkonce.d.rel.ro.*)

.dynamic        0x000000000002ef04       0xe8
 *(.dynamic)
 .dynamic       0x000000000002ef04       0xe8 /usr/lib/gcc/i686-linux-gnu/4.8/../../../i386-linux-gnu/crti.o
                0x000000000002ef04                _DYNAMIC

.got            0x000000000002efec       0x14
 *(.got)
 .got           0x000000000002efec       0x14 /usr/lib/gcc/i686-linux-gnu/4.8/../../../i386-linux-gnu/crti.o
 *(.igot)
                0x000000000002fff4                . = DATA_SEGMENT_RELRO_END (., (SIZEOF (.got.plt) >= 0xc)?0xc:0x0)

.got.plt        0x000000000002f000       0x14
 *(.got.plt)
 .got.plt       0x000000000002f000       0x14 /usr/lib/gcc/i686-linux-gnu/4.8/../../../i386-linux-gnu/crti.o
                0x000000000002f000                _GLOBAL_OFFSET_TABLE_
 *(.igot.plt)

.data           0x000000000002f020      0x276
 *(.data .data.* .gnu.linkonce.d.*)
 .data          0x000000000002f020        0x0 /usr/lib/gcc/i686-linux-gnu/4.8/../../../i386-linux-gnu/crti.o
 .data          0x000000000002f020        0x0 /usr/lib/gcc/i686-linux-gnu/4.8/crtbeginS.o
 .data.rel      0x000000000002f020        0x4 /usr/lib/gcc/i686-linux-gnu/4.8/crtbeginS.o
                0x000000000002f020                __dso_handle
 .data          0x000000000002f024       0x10 udp-client.co
                0x000000000002f024                udp_client_process
 *fill*         0x000000000002f034        0xc 
 .data          0x000000000002f040       0x44 obj_cooja/mtype548.o
                0x000000000002f040                simInterfaces
                0x000000000002f074                sensors
 .data          0x000000000002f084        0x0 obj_cooja/mtype548.a(simEnvChange.o)
 .data          0x000000000002f084        0x0 obj_cooja/mtype548.a(cooja_mt.o)
 .data          0x000000000002f084        0x0 obj_cooja/mtype548.a(cooja_mtarch.o)
 .data          0x000000000002f084        0x0 obj_cooja/mtype548.a(rtimer-arch.o)
 .data          0x000000000002f084        0x0 obj_cooja/mtype548.a(beep.o)
 .data          0x000000000002f084        0x0 obj_cooja/mtype548.a(button-sensor.o)
 .data          0x000000000002f084        0x0 obj_cooja/mtype548.a(leds-arch.o)
 .data          0x000000000002f084        0x0 obj_cooja/mtype548.a(moteid.o)
 .data          0x000000000002f084        0x0 obj_cooja/mtype548.a(pir-sensor.o)
 .data          0x000000000002f084        0x0 obj_cooja/mtype548.a(rs232.o)
 .data          0x000000000002f084        0x0 obj_cooja/mtype548.a(vib-sensor.o)
 .data          0x000000000002f084        0x0 obj_cooja/mtype548.a(clock.o)
 .data          0x000000000002f084        0x0 obj_cooja/mtype548.a(log.o)
 .data          0x000000000002f084        0x0 obj_cooja/mtype548.a(cfs-cooja.o)
 .data          0x000000000002f084       0x40 obj_cooja/mtype548.a(cooja-radio.o)
                0x000000000002f084                simRadioChannelLR
                0x000000000002f088                simRadioHWOnLR
                0x000000000002f08c                simSignalStrengthLR
                0x000000000002f090                simLastSignalStrengthLR
                0x000000000002f094                simPowerLR
                0x000000000002f098                simLQILR
                0x000000000002f09c                simRadioChannel
                0x000000000002f0a0                simRadioHWOn
                0x000000000002f0a4                simSignalStrength
                0x000000000002f0a8                simLastSignalStrength
                0x000000000002f0ac                simPower
                0x000000000002f0b0                simLQI
                0x000000000002f0b4                cooja_radio_process
 .data          0x000000000002f0c4        0x0 obj_cooja/mtype548.a(eeprom.o)
 .data          0x000000000002f0c4        0x0 obj_cooja/mtype548.a(random.o)
 .data          0x000000000002f0c4       0x10 obj_cooja/mtype548.a(sensors.o)
                0x000000000002f0c4                sensors_process
 .data          0x000000000002f0d4       0x24 obj_cooja/mtype548.a(dual_conf.o)
                0x000000000002f0d4                radio_received
                0x000000000002f0d8                dual_dio_broadcast
                0x000000000002f0e8                dual_dis_broadcast
 .data          0x000000000002f0f8        0x0 obj_cooja/mtype548.a(autostart.o)
 .data          0x000000000002f0f8       0x14 obj_cooja/mtype548.a(ctimer.o)
                0x000000000002f0fc                ctimer_process
 .data          0x000000000002f10c       0x10 obj_cooja/mtype548.a(etimer.o)
                0x000000000002f10c                etimer_process
 .data          0x000000000002f11c        0x0 obj_cooja/mtype548.a(log_message.o)
 .data          0x000000000002f11c        0x0 obj_cooja/mtype548.a(process.o)
 .data          0x000000000002f11c        0x0 obj_cooja/mtype548.a(residual.o)
 .data          0x000000000002f11c        0x0 obj_cooja/mtype548.a(rtimer.o)
 .data          0x000000000002f11c        0x0 obj_cooja/mtype548.a(stimer.o)
 .data          0x000000000002f11c        0x0 obj_cooja/mtype548.a(timer.o)
 .data          0x000000000002f11c       0x10 obj_cooja/mtype548.a(serial-line.o)
                0x000000000002f11c                serial_line_process
 .data          0x000000000002f12c        0x0 obj_cooja/mtype548.a(list.o)
 .data          0x000000000002f12c        0x0 obj_cooja/mtype548.a(ringbuf.o)
 .data          0x000000000002f12c        0x0 obj_cooja/mtype548.a(sicslowpan.o)
 .data          0x000000000002f12c       0x14 obj_cooja/mtype548.a(uip-ds6-nbr.o)
                0x000000000002f13c                ds6_neighbors
 .data          0x000000000002f140       0x44 obj_cooja/mtype548.a(uip-ds6-route.o)
                0x000000000002f150                nbr_routes
 .data          0x000000000002f184        0x0 obj_cooja/mtype548.a(uip-ds6.o)
 .data          0x000000000002f184        0x0 obj_cooja/mtype548.a(uip6.o)
 .data          0x000000000002f184       0x10 obj_cooja/mtype548.a(tcpip.o)
                0x000000000002f184                tcpip_process
 .data          0x000000000002f194        0x0 obj_cooja/mtype548.a(uip-debug.o)
 .data          0x000000000002f194        0xc obj_cooja/mtype548.a(uip-packetqueue)
 .data          0x000000000002f1a0        0x0 obj_cooja/mtype548.a(uip-udp-packet.)
 .data          0x000000000002f1a0       0x28 obj_cooja/mtype548.a(rpl-dag.o)
                0x000000000002f1b0                rpl_parents
                0x000000000002f1c4                rpl_children
 .data          0x000000000002f1c8        0x0 obj_cooja/mtype548.a(rpl-ext-header.)
 .data          0x000000000002f1c8       0x34 obj_cooja/mtype548.a(rpl-icmp6.o)
 .data          0x000000000002f1fc       0x1c obj_cooja/mtype548.a(rpl-ltmax.o)
                0x000000000002f1fc                rpl_ltmax_of
 .data          0x000000000002f218        0x0 obj_cooja/mtype548.a(rpl-timers.o)
 .data          0x000000000002f218        0x0 obj_cooja/mtype548.a(rpl.o)
 .data          0x000000000002f218        0x0 obj_cooja/mtype548.a(framer-802154.o)
 .data          0x000000000002f218        0x0 obj_cooja/mtype548.a(nullmac.o)
 .data          0x000000000002f218       0x30 obj_cooja/mtype548.a(cxmac.o)
                0x000000000002f218                cxmac_config
                0x000000000002f228                strobe_wait
 .data          0x000000000002f248        0x0 obj_cooja/mtype548.a(linkaddr.o)
 .data          0x000000000002f248       0x10 obj_cooja/mtype548.a(nbr-table.o)
 .data          0x000000000002f258        0x0 obj_cooja/mtype548.a(netstack.o)
 .data          0x000000000002f258        0x4 obj_cooja/mtype548.a(packetbuf.o)
 .data          0x000000000002f25c       0x18 obj_cooja/mtype548.a(queuebuf.o)
 .data          0x000000000002f274        0x0 obj_cooja/mtype548.a(nullsec.o)
 .data          0x000000000002f274        0x0 obj_cooja/mtype548.a(watchdog.o)
 .data          0x000000000002f274        0x0 obj_cooja/mtype548.a(rimestats.o)
 .data          0x000000000002f274        0x0 obj_cooja/mtype548.a(leds.o)
 .data          0x000000000002f274        0x0 obj_cooja/mtype548.a(memb.o)
 .data          0x000000000002f274       0x20 obj_cooja/mtype548.a(uip-icmp6.o)
 .data          0x000000000002f294        0x0 obj_cooja/mtype548.a(uip-nd6.o)
 .data          0x000000000002f294        0x0 obj_cooja/mtype548.a(rpl-nbr-policy.)
 .data          0x000000000002f294        0x2 obj_cooja/mtype548.a(frame802154.o)
 .data          0x000000000002f296        0x0 obj_cooja/mtype548.a(mac.o)
 .data          0x000000000002f296        0x0 /usr/lib/gcc/i686-linux-gnu/4.8/crtendS.o
 .data          0x000000000002f296        0x0 /usr/lib/gcc/i686-linux-gnu/4.8/../../../i386-linux-gnu/crtn.o

.tm_clone_table
                0x000000000002f298        0x0
 .tm_clone_table
                0x000000000002f298        0x0 /usr/lib/gcc/i686-linux-gnu/4.8/crtbeginS.o
 .tm_clone_table
                0x000000000002f298        0x0 /usr/lib/gcc/i686-linux-gnu/4.8/crtendS.o

.data1
 *(.data1)
                0x000000000002f298                _edata = .
                0x000000000002f298                PROVIDE (edata, .)
                0x000000000002f298                . = .
                0x000000000002f298                __bss_start = .

.bss            0x000000000002f2a0     0x8308
 *(.dynbss)
 .dynbss        0x0000000000000000        0x0 /usr/lib/gcc/i686-linux-gnu/4.8/../../../i386-linux-gnu/crti.o
 *(.bss .bss.* .gnu.linkonce.b.*)
 .bss           0x000000000002f2a0        0x0 /usr/lib/gcc/i686-linux-gnu/4.8/../../../i386-linux-gnu/crti.o
 .bss           0x000000000002f2a0        0x1 /usr/lib/gcc/i686-linux-gnu/4.8/crtbeginS.o
 *fill*         0x000000000002f2a1       0x1f 
 .bss           0x000000000002f2c0       0x60 udp-client.co
                0x000000000002f2c0                my_weight
 .bss           0x000000000002f320     0x2030 obj_cooja/mtype548.o
 .bss           0x0000000000031350        0x1 obj_cooja/mtype548.a(simEnvChange.o)
                0x0000000000031350                simDontFallAsleep
 *fill*         0x0000000000031351        0x3 
 .bss           0x0000000000031354        0x4 obj_cooja/mtype548.a(cooja_mt.o)
 .bss           0x0000000000031358        0x4 obj_cooja/mtype548.a(cooja_mtarch.o)
 .bss           0x000000000003135c        0xc obj_cooja/mtype548.a(rtimer-arch.o)
 .bss           0x0000000000031368        0x0 obj_cooja/mtype548.a(beep.o)
 .bss           0x0000000000031368        0x8 obj_cooja/mtype548.a(button-sensor.o)
 .bss           0x0000000000031370        0x0 obj_cooja/mtype548.a(leds-arch.o)
 .bss           0x0000000000031370        0x0 obj_cooja/mtype548.a(moteid.o)
 .bss           0x0000000000031370        0x1 obj_cooja/mtype548.a(pir-sensor.o)
                0x0000000000031370                simPirValue
 *fill*         0x0000000000031371        0x3 
 .bss           0x0000000000031374        0x4 obj_cooja/mtype548.a(rs232.o)
 .bss           0x0000000000031378        0x1 obj_cooja/mtype548.a(vib-sensor.o)
                0x0000000000031378                simVibValue
 .bss           0x0000000000031379        0x0 obj_cooja/mtype548.a(clock.o)
 *fill*         0x0000000000031379        0x7 
 .bss           0x0000000000031380      0x420 obj_cooja/mtype548.a(log.o)
 .bss           0x00000000000317a0      0xfc0 obj_cooja/mtype548.a(cfs-cooja.o)
                0x00000000000317a0                simCFSData
                0x0000000000032740                simCFSSize
                0x0000000000032744                simCFSChanged
                0x0000000000032748                simCFSRead
                0x000000000003274c                simCFSWritten
 .bss           0x0000000000032760       0x24 obj_cooja/mtype548.a(cooja-radio.o)
                0x0000000000032760                simReceivingLR
                0x0000000000032764                simInSizeLR
                0x0000000000032768                simOutSizeLR
                0x000000000003276c                simReceiving
                0x0000000000032770                simInSize
                0x0000000000032774                simOutSize
                0x0000000000032778                LongRangeTransmit
                0x000000000003277c                LongRangeReceiving
 .bss           0x0000000000032784        0xc obj_cooja/mtype548.a(eeprom.o)
                0x0000000000032784                simEEPROMChanged
                0x0000000000032788                simEEPROMRead
                0x000000000003278c                simEEPROMWritten
 .bss           0x0000000000032790        0x0 obj_cooja/mtype548.a(random.o)
 .bss           0x0000000000032790        0xc obj_cooja/mtype548.a(sensors.o)
 .bss           0x000000000003279c       0x28 obj_cooja/mtype548.a(dual_conf.o)
                0x000000000003279c                long_range_radio
 .bss           0x00000000000327c4        0x0 obj_cooja/mtype548.a(autostart.o)
 .bss           0x00000000000327c4        0x5 obj_cooja/mtype548.a(ctimer.o)
 *fill*         0x00000000000327c9        0x3 
 .bss           0x00000000000327cc        0x8 obj_cooja/mtype548.a(etimer.o)
 .bss           0x00000000000327d4        0x0 obj_cooja/mtype548.a(log_message.o)
 *fill*         0x00000000000327d4        0xc 
 .bss           0x00000000000327e0      0x1b1 obj_cooja/mtype548.a(process.o)
                0x00000000000327e0                process_list
                0x00000000000327e4                process_current
 .bss           0x0000000000032991        0x0 obj_cooja/mtype548.a(residual.o)
 *fill*         0x0000000000032991        0x3 
 .bss           0x0000000000032994        0x4 obj_cooja/mtype548.a(rtimer.o)
 .bss           0x0000000000032998        0x0 obj_cooja/mtype548.a(stimer.o)
 .bss           0x0000000000032998        0x0 obj_cooja/mtype548.a(timer.o)
 *fill*         0x0000000000032998        0x8 
 .bss           0x00000000000329a0      0x140 obj_cooja/mtype548.a(serial-line.o)
 .bss           0x0000000000032ae0        0x0 obj_cooja/mtype548.a(list.o)
 .bss           0x0000000000032ae0        0x0 obj_cooja/mtype548.a(ringbuf.o)
 .bss           0x0000000000032ae0      0x70c obj_cooja/mtype548.a(sicslowpan.o)
 *fill*         0x00000000000331ec       0x14 
 .bss           0x0000000000033200       0xc0 obj_cooja/mtype548.a(uip-ds6-nbr.o)
 .bss           0x00000000000332c0      0x4a8 obj_cooja/mtype548.a(uip-ds6-route.o)
 .bss           0x0000000000033768       0x30 obj_cooja/mtype548.a(uip-ds6.o)
 .bss           0x0000000000033798        0xe obj_cooja/mtype548.a(uip6.o)
                0x0000000000033798                uip_ext_bitmap
                0x0000000000033799                uip_ext_len
                0x000000000003379a                uip_ext_opt_offset
 *fill*         0x00000000000337a6       0x1a 
 .bss           0x00000000000337c0       0x6b obj_cooja/mtype548.a(tcpip.o)
 .bss           0x000000000003382b        0x0 obj_cooja/mtype548.a(uip-debug.o)
 *fill*         0x000000000003382b       0x15 
 .bss           0x0000000000033840      0xcf8 obj_cooja/mtype548.a(uip-packetqueue)
 .bss           0x0000000000034538        0x0 obj_cooja/mtype548.a(uip-udp-packet.)
 *fill*         0x0000000000034538        0x8 
 .bss           0x0000000000034540       0x88 obj_cooja/mtype548.a(rpl-dag.o)
 .bss           0x00000000000345c8        0x0 obj_cooja/mtype548.a(rpl-ext-header.)
 .bss           0x00000000000345c8        0x0 obj_cooja/mtype548.a(rpl-icmp6.o)
 .bss           0x00000000000345c8        0x0 obj_cooja/mtype548.a(rpl-ltmax.o)
 *fill*         0x00000000000345c8       0x18 
 .bss           0x00000000000345e0       0x23 obj_cooja/mtype548.a(rpl-timers.o)
 *fill*         0x0000000000034603        0x1 
 .bss           0x0000000000034604        0x4 obj_cooja/mtype548.a(rpl.o)
 .bss           0x0000000000034608        0x2 obj_cooja/mtype548.a(framer-802154.o)
 .bss           0x000000000003460a        0x0 obj_cooja/mtype548.a(nullmac.o)
 *fill*         0x000000000003460a       0x16 
 .bss           0x0000000000034620       0xb0 obj_cooja/mtype548.a(cxmac.o)
 .bss           0x00000000000346d0        0x0 obj_cooja/mtype548.a(linkaddr.o)
 *fill*         0x00000000000346d0       0x10 
 .bss           0x00000000000346e0       0xc4 obj_cooja/mtype548.a(nbr-table.o)
 .bss           0x00000000000347a4        0x0 obj_cooja/mtype548.a(netstack.o)
 *fill*         0x00000000000347a4       0x1c 
 .bss           0x00000000000347c0       0xa0 obj_cooja/mtype548.a(packetbuf.o)
 .bss           0x0000000000034860      0xb80 obj_cooja/mtype548.a(queuebuf.o)
 .bss           0x00000000000353e0        0x0 obj_cooja/mtype548.a(nullsec.o)
 .bss           0x00000000000353e0        0x0 obj_cooja/mtype548.a(watchdog.o)
 .bss           0x00000000000353e0        0x0 obj_cooja/mtype548.a(rimestats.o)
 .bss           0x00000000000353e0        0x1 obj_cooja/mtype548.a(leds.o)
 .bss           0x00000000000353e1        0x0 obj_cooja/mtype548.a(memb.o)
 *fill*         0x00000000000353e1        0x3 
 .bss           0x00000000000353e4       0x18 obj_cooja/mtype548.a(uip-icmp6.o)
 .bss           0x00000000000353fc        0x0 obj_cooja/mtype548.a(uip-nd6.o)
 *fill*         0x00000000000353fc        0x4 
 .bss           0x0000000000035400       0x44 obj_cooja/mtype548.a(rpl-nbr-policy.)
 .bss           0x0000000000035444        0x0 obj_cooja/mtype548.a(frame802154.o)
 .bss           0x0000000000035444        0x0 obj_cooja/mtype548.a(mac.o)
 .bss           0x0000000000035444        0x0 /usr/lib/gcc/i686-linux-gnu/4.8/crtendS.o
 .bss           0x0000000000035444        0x0 /usr/lib/gcc/i686-linux-gnu/4.8/../../../i386-linux-gnu/crtn.o
 *(COMMON)
 COMMON         0x0000000000035444       0x48 udp-client.co
                0x0000000000035444                dio_count
                0x0000000000035448                dis_count
                0x000000000003544c                collision_count
                0x0000000000035450                transmission_count
                0x0000000000035454                COOJA_radioRxLong
                0x0000000000035458                control_message_count
                0x000000000003545c                dao_count
                0x0000000000035460                COOJA_radioTx
                0x0000000000035464                data_relay_count
                0x0000000000035468                data_message_count
                0x000000000003546c                my_sink_reachability
                0x0000000000035470                COOJA_radioTxLong
                0x0000000000035474                COOJA_radioRx
                0x0000000000035478                my_parent_number
                0x000000000003547c                COOJA_radioOn
                0x0000000000035480                COOJA_duration
                0x0000000000035484                dio_ack_count
                0x0000000000035488                COOJA_radioOnLong
 COMMON         0x000000000003548c        0xc obj_cooja/mtype548.o
                0x000000000003548c                referenceVar
                0x0000000000035490                debugfp
                0x0000000000035494                sensors_flags
 COMMON         0x0000000000035498        0xc obj_cooja/mtype548.a(simEnvChange.o)
                0x0000000000035498                simEtimerPending
                0x000000000003549c                simProcessRunValue
                0x00000000000354a0                simNextExpirationTime
 COMMON         0x00000000000354a4        0x1 obj_cooja/mtype548.a(beep.o)
                0x00000000000354a4                simBeeped
 COMMON         0x00000000000354a5        0x3 obj_cooja/mtype548.a(button-sensor.o)
                0x00000000000354a5                simButtonIsActive
                0x00000000000354a6                simButtonIsDown
                0x00000000000354a7                simButtonChanged
 COMMON         0x00000000000354a8        0x1 obj_cooja/mtype548.a(leds-arch.o)
                0x00000000000354a8                simLedsValue
 *fill*         0x00000000000354a9        0x3 
 COMMON         0x00000000000354ac        0xc obj_cooja/mtype548.a(moteid.o)
                0x00000000000354ac                simRandomSeed
                0x00000000000354b0                simMoteIDChanged
                0x00000000000354b4                simMoteID
 COMMON         0x00000000000354b8        0x2 obj_cooja/mtype548.a(pir-sensor.o)
                0x00000000000354b8                simPirIsActive
                0x00000000000354b9                simPirChanged
 *fill*         0x00000000000354ba        0x6 
 COMMON         0x00000000000354c0      0x820 obj_cooja/mtype548.a(rs232.o)
                0x00000000000354c0                simSerialReceivingFlag
                0x00000000000354c4                simSerialReceivingLength
                0x00000000000354e0                simSerialReceivingData
 COMMON         0x0000000000035ce0        0x2 obj_cooja/mtype548.a(vib-sensor.o)
                0x0000000000035ce0                simVibChanged
                0x0000000000035ce1                simVibIsActive
 *fill*         0x0000000000035ce2        0x2 
 COMMON         0x0000000000035ce4        0x4 obj_cooja/mtype548.a(clock.o)
                0x0000000000035ce4                simCurrentTime
 *fill*         0x0000000000035ce8       0x18 
 COMMON         0x0000000000035d00      0x420 obj_cooja/mtype548.a(log.o)
                0x0000000000035d00                simLoggedLength
                0x0000000000035d04                simLoggedFlag
                0x0000000000035d20                simLoggedData
 COMMON         0x0000000000036120      0x240 obj_cooja/mtype548.a(cooja-radio.o)
                0x0000000000036120                simOutDataBuffer
                0x00000000000361a0                simRadioTarget
                0x00000000000361c0                simInDataBufferLR
                0x0000000000036240                simOutDataBufferLR
                0x00000000000362c0                dual_duty_cycle_count
                0x00000000000362e0                simInDataBuffer
 COMMON         0x0000000000036360      0x400 obj_cooja/mtype548.a(eeprom.o)
                0x0000000000036360                simEEPROMData
 COMMON         0x0000000000036760        0x1 obj_cooja/mtype548.a(sensors.o)
                0x0000000000036760                sensors_event
 *fill*         0x0000000000036761        0x3 
 COMMON         0x0000000000036764        0x4 obj_cooja/mtype548.a(log_message.o)
                0x0000000000036764                log_fp
 COMMON         0x0000000000036768        0x1 obj_cooja/mtype548.a(serial-line.o)
                0x0000000000036768                serial_line_event_message
 *fill*         0x0000000000036769       0x17 
 COMMON         0x0000000000036780       0x50 obj_cooja/mtype548.a(uip-ds6-nbr.o)
                0x0000000000036780                ds6_lr_addrmap
 *fill*         0x00000000000367d0       0x10 
 COMMON         0x00000000000367e0      0x298 obj_cooja/mtype548.a(uip-ds6.o)
                0x00000000000367e0                uip_ds6_prefix_list
                0x0000000000036840                uip_ds6_timer_periodic
                0x0000000000036850                uip_ds6_netif_addr_list_offset
                0x0000000000036860                uip_ds6_if
                0x0000000000036958                uip_ds6_timer_ra
                0x0000000000036960                uip_ds6_addr_size
                0x0000000000036980                long_uip_ds6_if
 *fill*         0x0000000000036a78        0x8 
 COMMON         0x0000000000036a80      0x8ec obj_cooja/mtype548.a(uip6.o)
                0x0000000000036a80                uip_slen
                0x0000000000036a82                uip_acc32
                0x0000000000036aa0                uip_conns
                0x0000000000036b60                uip_lladdr
                0x0000000000036b68                uip_appdata
                0x0000000000036b6c                uip_flags
                0x0000000000036b80                uip_aligned_buf
                0x00000000000371c0                uip_listenports
                0x00000000000371d0                uip_len
                0x00000000000371d2                uip_long_lladdr
                0x00000000000371dc                uip_sappdata
                0x00000000000371e0                uip_udp_conns
                0x0000000000037360                uip_udp_conn
                0x0000000000037364                uip_next_hdr
                0x0000000000037368                uip_conn
 COMMON         0x000000000003736c        0x1 obj_cooja/mtype548.a(tcpip.o)
                0x000000000003736c                tcpip_event
 *fill*         0x000000000003736d       0x13 
 COMMON         0x0000000000037380      0x198 obj_cooja/mtype548.a(rpl-dag.o)
                0x0000000000037380                default_instance
                0x00000000000373a0                instance_table
 COMMON         0x0000000000037518       0x10 obj_cooja/mtype548.a(linkaddr.o)
                0x0000000000037518                linkaddr_node_addr
                0x0000000000037520                long_linkaddr_node_addr
 COMMON         0x0000000000037528       0x2e obj_cooja/mtype548.a(packetbuf.o)
                0x0000000000037528                packetbuf_attrs
                0x0000000000037546                packetbuf_addrs
 *fill*         0x0000000000037556        0xa 
 COMMON         0x0000000000037560       0x48 obj_cooja/mtype548.a(rimestats.o)
                0x0000000000037560                rimestats
                0x00000000000375a8                . = ALIGN ((. != 0x0)?0x4:0x1)
                0x00000000000375a8                . = ALIGN (0x4)
                0x00000000000375a8                . = SEGMENT_START ("ldata-segment", .)
                0x00000000000375a8                . = ALIGN (0x4)
                0x00000000000375a8                _end = .
                0x00000000000375a8                PROVIDE (end, .)
                0x00000000000375a8                . = DATA_SEGMENT_END (.)

.stab
 *(.stab)

.stabstr
 *(.stabstr)

.stab.excl
 *(.stab.excl)

.stab.exclstr
 *(.stab.exclstr)

.stab.index
 *(.stab.index)

.stab.indexstr
 *(.stab.indexstr)

.comment        0x0000000000000000       0x29
 *(.comment)
 .comment       0x0000000000000000       0x29 /usr/lib/gcc/i686-linux-gnu/4.8/crtbeginS.o
                                         0x2a (size before relaxing)
 .comment       0x0000000000000000       0x2a udp-client.co
 .comment       0x0000000000000000       0x2a obj_cooja/mtype548.o
 .comment       0x0000000000000000       0x2a obj_cooja/mtype548.a(simEnvChange.o)
 .comment       0x0000000000000000       0x2a obj_cooja/mtype548.a(cooja_mt.o)
 .comment       0x0000000000000000       0x2a obj_cooja/mtype548.a(cooja_mtarch.o)
 .comment       0x0000000000000000       0x2a obj_cooja/mtype548.a(rtimer-arch.o)
 .comment       0x0000000000000000       0x2a obj_cooja/mtype548.a(beep.o)
 .comment       0x0000000000000000       0x2a obj_cooja/mtype548.a(button-sensor.o)
 .comment       0x0000000000000000       0x2a obj_cooja/mtype548.a(leds-arch.o)
 .comment       0x0000000000000000       0x2a obj_cooja/mtype548.a(moteid.o)
 .comment       0x0000000000000000       0x2a obj_cooja/mtype548.a(pir-sensor.o)
 .comment       0x0000000000000000       0x2a obj_cooja/mtype548.a(rs232.o)
 .comment       0x0000000000000000       0x2a obj_cooja/mtype548.a(vib-sensor.o)
 .comment       0x0000000000000000       0x2a obj_cooja/mtype548.a(clock.o)
 .comment       0x0000000000000000       0x2a obj_cooja/mtype548.a(log.o)
 .comment       0x0000000000000000       0x2a obj_cooja/mtype548.a(cfs-cooja.o)
 .comment       0x0000000000000000       0x2a obj_cooja/mtype548.a(cooja-radio.o)
 .comment       0x0000000000000000       0x2a obj_cooja/mtype548.a(eeprom.o)
 .comment       0x0000000000000000       0x2a obj_cooja/mtype548.a(random.o)
 .comment       0x0000000000000000       0x2a obj_cooja/mtype548.a(sensors.o)
 .comment       0x0000000000000000       0x2a obj_cooja/mtype548.a(dual_conf.o)
 .comment       0x0000000000000000       0x2a obj_cooja/mtype548.a(autostart.o)
 .comment       0x0000000000000000       0x2a obj_cooja/mtype548.a(ctimer.o)
 .comment       0x0000000000000000       0x2a obj_cooja/mtype548.a(etimer.o)
 .comment       0x0000000000000000       0x2a obj_cooja/mtype548.a(log_message.o)
 .comment       0x0000000000000000       0x2a obj_cooja/mtype548.a(process.o)
 .comment       0x0000000000000000       0x2a obj_cooja/mtype548.a(residual.o)
 .comment       0x0000000000000000       0x2a obj_cooja/mtype548.a(rtimer.o)
 .comment       0x0000000000000000       0x2a obj_cooja/mtype548.a(stimer.o)
 .comment       0x0000000000000000       0x2a obj_cooja/mtype548.a(timer.o)
 .comment       0x0000000000000000       0x2a obj_cooja/mtype548.a(serial-line.o)
 .comment       0x0000000000000000       0x2a obj_cooja/mtype548.a(list.o)
 .comment       0x0000000000000000       0x2a obj_cooja/mtype548.a(ringbuf.o)
 .comment       0x0000000000000000       0x2a obj_cooja/mtype548.a(sicslowpan.o)
 .comment       0x0000000000000000       0x2a obj_cooja/mtype548.a(uip-ds6-nbr.o)
 .comment       0x0000000000000000       0x2a obj_cooja/mtype548.a(uip-ds6-route.o)
 .comment       0x0000000000000000       0x2a obj_cooja/mtype548.a(uip-ds6.o)
 .comment       0x0000000000000000       0x2a obj_cooja/mtype548.a(uip6.o)
 .comment       0x0000000000000000       0x2a obj_cooja/mtype548.a(tcpip.o)
 .comment       0x0000000000000000       0x2a obj_cooja/mtype548.a(uip-debug.o)
 .comment       0x0000000000000000       0x2a obj_cooja/mtype548.a(uip-packetqueue)
 .comment       0x0000000000000000       0x2a obj_cooja/mtype548.a(uip-udp-packet.)
 .comment       0x0000000000000000       0x2a obj_cooja/mtype548.a(rpl-dag.o)
 .comment       0x0000000000000000       0x2a obj_cooja/mtype548.a(rpl-ext-header.)
 .comment       0x0000000000000000       0x2a obj_cooja/mtype548.a(rpl-icmp6.o)
 .comment       0x0000000000000000       0x2a obj_cooja/mtype548.a(rpl-ltmax.o)
 .comment       0x0000000000000000       0x2a obj_cooja/mtype548.a(rpl-timers.o)
 .comment       0x0000000000000000       0x2a obj_cooja/mtype548.a(rpl.o)
 .comment       0x0000000000000000       0x2a obj_cooja/mtype548.a(framer-802154.o)
 .comment       0x0000000000000000       0x2a obj_cooja/mtype548.a(nullmac.o)
 .comment       0x0000000000000000       0x2a obj_cooja/mtype548.a(cxmac.o)
 .comment       0x0000000000000000       0x2a obj_cooja/mtype548.a(linkaddr.o)
 .comment       0x0000000000000000       0x2a obj_cooja/mtype548.a(nbr-table.o)
 .comment       0x0000000000000000       0x2a obj_cooja/mtype548.a(netstack.o)
 .comment       0x0000000000000000       0x2a obj_cooja/mtype548.a(packetbuf.o)
 .comment       0x0000000000000000       0x2a obj_cooja/mtype548.a(queuebuf.o)
 .comment       0x0000000000000000       0x2a obj_cooja/mtype548.a(nullsec.o)
 .comment       0x0000000000000000       0x2a obj_cooja/mtype548.a(watchdog.o)
 .comment       0x0000000000000000       0x2a obj_cooja/mtype548.a(rimestats.o)
 .comment       0x0000000000000000       0x2a obj_cooja/mtype548.a(leds.o)
 .comment       0x0000000000000000       0x2a obj_cooja/mtype548.a(memb.o)
 .comment       0x0000000000000000       0x2a obj_cooja/mtype548.a(uip-icmp6.o)
 .comment       0x0000000000000000       0x2a obj_cooja/mtype548.a(uip-nd6.o)
 .comment       0x0000000000000000       0x2a obj_cooja/mtype548.a(rpl-nbr-policy.)
 .comment       0x0000000000000000       0x2a obj_cooja/mtype548.a(frame802154.o)
 .comment       0x0000000000000000       0x2a obj_cooja/mtype548.a(mac.o)
 .comment       0x0000000000000000       0x2a /usr/lib/gcc/i686-linux-gnu/4.8/crtendS.o

.debug
 *(.debug)

.line
 *(.line)

.debug_srcinfo
 *(.debug_srcinfo)

.debug_sfnames
 *(.debug_sfnames)

.debug_aranges  0x0000000000000000      0x838
 *(.debug_aranges)
 .debug_aranges
                0x0000000000000000       0x20 udp-client.co
 .debug_aranges
                0x0000000000000020       0x20 obj_cooja/mtype548.o
 .debug_aranges
                0x0000000000000040       0x20 obj_cooja/mtype548.a(simEnvChange.o)
 .debug_aranges
                0x0000000000000060       0x20 obj_cooja/mtype548.a(cooja_mt.o)
 .debug_aranges
                0x0000000000000080       0x20 obj_cooja/mtype548.a(cooja_mtarch.o)
 .debug_aranges
                0x00000000000000a0       0x20 obj_cooja/mtype548.a(rtimer-arch.o)
 .debug_aranges
                0x00000000000000c0       0x20 obj_cooja/mtype548.a(beep.o)
 .debug_aranges
                0x00000000000000e0       0x20 obj_cooja/mtype548.a(button-sensor.o)
 .debug_aranges
                0x0000000000000100       0x20 obj_cooja/mtype548.a(leds-arch.o)
 .debug_aranges
                0x0000000000000120       0x20 obj_cooja/mtype548.a(moteid.o)
 .debug_aranges
                0x0000000000000140       0x20 obj_cooja/mtype548.a(pir-sensor.o)
 .debug_aranges
                0x0000000000000160       0x20 obj_cooja/mtype548.a(rs232.o)
 .debug_aranges
                0x0000000000000180       0x20 obj_cooja/mtype548.a(vib-sensor.o)
 .debug_aranges
                0x00000000000001a0       0x20 obj_cooja/mtype548.a(clock.o)
 .debug_aranges
                0x00000000000001c0       0x20 obj_cooja/mtype548.a(log.o)
 .debug_aranges
                0x00000000000001e0       0x20 obj_cooja/mtype548.a(cfs-cooja.o)
 .debug_aranges
                0x0000000000000200       0x20 obj_cooja/mtype548.a(cooja-radio.o)
 .debug_aranges
                0x0000000000000220       0x20 obj_cooja/mtype548.a(eeprom.o)
 .debug_aranges
                0x0000000000000240       0x20 obj_cooja/mtype548.a(random.o)
 .debug_aranges
                0x0000000000000260       0x20 obj_cooja/mtype548.a(sensors.o)
 .debug_aranges
                0x0000000000000280       0x20 obj_cooja/mtype548.a(dual_conf.o)
 .debug_aranges
                0x00000000000002a0       0x20 obj_cooja/mtype548.a(autostart.o)
 .debug_aranges
                0x00000000000002c0       0x20 obj_cooja/mtype548.a(ctimer.o)
 .debug_aranges
                0x00000000000002e0       0x20 obj_cooja/mtype548.a(etimer.o)
 .debug_aranges
                0x0000000000000300       0x20 obj_cooja/mtype548.a(log_message.o)
 .debug_aranges
                0x0000000000000320       0x20 obj_cooja/mtype548.a(process.o)
 .debug_aranges
                0x0000000000000340       0x20 obj_cooja/mtype548.a(residual.o)
 .debug_aranges
                0x0000000000000360       0x20 obj_cooja/mtype548.a(rtimer.o)
 .debug_aranges
                0x0000000000000380       0x20 obj_cooja/mtype548.a(stimer.o)
 .debug_aranges
                0x00000000000003a0       0x20 obj_cooja/mtype548.a(timer.o)
 .debug_aranges
                0x00000000000003c0       0x20 obj_cooja/mtype548.a(serial-line.o)
 .debug_aranges
                0x00000000000003e0       0x20 obj_cooja/mtype548.a(list.o)
 .debug_aranges
                0x0000000000000400       0x20 obj_cooja/mtype548.a(ringbuf.o)
 .debug_aranges
                0x0000000000000420       0x20 obj_cooja/mtype548.a(sicslowpan.o)
 .debug_aranges
                0x0000000000000440       0x20 obj_cooja/mtype548.a(uip-ds6-nbr.o)
 .debug_aranges
                0x0000000000000460       0x20 obj_cooja/mtype548.a(uip-ds6-route.o)
 .debug_aranges
                0x0000000000000480       0x20 obj_cooja/mtype548.a(uip-ds6.o)
 .debug_aranges
                0x00000000000004a0       0x20 obj_cooja/mtype548.a(uip6.o)
 .debug_aranges
                0x00000000000004c0       0x20 obj_cooja/mtype548.a(tcpip.o)
 .debug_aranges
                0x00000000000004e0       0x20 obj_cooja/mtype548.a(uip-debug.o)
 .debug_aranges
                0x0000000000000500       0x20 obj_cooja/mtype548.a(uip-packetqueue)
 .debug_aranges
                0x0000000000000520       0x20 obj_cooja/mtype548.a(uip-udp-packet.)
 .debug_aranges
                0x0000000000000540       0x20 obj_cooja/mtype548.a(rpl-dag.o)
 .debug_aranges
                0x0000000000000560       0x20 obj_cooja/mtype548.a(rpl-ext-header.)
 .debug_aranges
                0x0000000000000580       0x20 obj_cooja/mtype548.a(rpl-icmp6.o)
 .debug_aranges
                0x00000000000005a0       0x20 obj_cooja/mtype548.a(rpl-ltmax.o)
 .debug_aranges
                0x00000000000005c0       0x20 obj_cooja/mtype548.a(rpl-timers.o)
 .debug_aranges
                0x00000000000005e0       0x20 obj_cooja/mtype548.a(rpl.o)
 .debug_aranges
                0x0000000000000600       0x20 obj_cooja/mtype548.a(framer-802154.o)
 .debug_aranges
                0x0000000000000620       0x20 obj_cooja/mtype548.a(nullmac.o)
 .debug_aranges
                0x0000000000000640       0x20 obj_cooja/mtype548.a(cxmac.o)
 .debug_aranges
                0x0000000000000660       0x20 obj_cooja/mtype548.a(linkaddr.o)
 .debug_aranges
                0x0000000000000680       0x20 obj_cooja/mtype548.a(nbr-table.o)
 .debug_aranges
                0x00000000000006a0       0x20 obj_cooja/mtype548.a(netstack.o)
 .debug_aranges
                0x00000000000006c0       0x20 obj_cooja/mtype548.a(packetbuf.o)
 .debug_aranges
                0x00000000000006e0       0x20 obj_cooja/mtype548.a(queuebuf.o)
 .debug_aranges
                0x0000000000000700       0x20 obj_cooja/mtype548.a(nullsec.o)
 .debug_aranges
                0x0000000000000720       0x20 obj_cooja/mtype548.a(watchdog.o)
 .debug_aranges
                0x0000000000000740       0x18 obj_cooja/mtype548.a(rimestats.o)
 .debug_aranges
                0x0000000000000758       0x20 obj_cooja/mtype548.a(leds.o)
 .debug_aranges
                0x0000000000000778       0x20 obj_cooja/mtype548.a(memb.o)
 .debug_aranges
                0x0000000000000798       0x20 obj_cooja/mtype548.a(uip-icmp6.o)
 .debug_aranges
                0x00000000000007b8       0x20 obj_cooja/mtype548.a(uip-nd6.o)
 .debug_aranges
                0x00000000000007d8       0x20 obj_cooja/mtype548.a(rpl-nbr-policy.)
 .debug_aranges
                0x00000000000007f8       0x20 obj_cooja/mtype548.a(frame802154.o)
 .debug_aranges
                0x0000000000000818       0x20 obj_cooja/mtype548.a(mac.o)

.debug_pubnames
 *(.debug_pubnames)

.debug_info     0x0000000000000000    0x1cf3b
 *(.debug_info .gnu.linkonce.wi.*)
 .debug_info    0x0000000000000000      0xa22 udp-client.co
 .debug_info    0x0000000000000a22     0x3ac4 obj_cooja/mtype548.o
 .debug_info    0x00000000000044e6      0x15a obj_cooja/mtype548.a(simEnvChange.o)
 .debug_info    0x0000000000004640      0x1e2 obj_cooja/mtype548.a(cooja_mt.o)
 .debug_info    0x0000000000004822      0x2e7 obj_cooja/mtype548.a(cooja_mtarch.o)
 .debug_info    0x0000000000004b09      0x16b obj_cooja/mtype548.a(rtimer-arch.o)
 .debug_info    0x0000000000004c74      0x1f3 obj_cooja/mtype548.a(beep.o)
 .debug_info    0x0000000000004e67      0x257 obj_cooja/mtype548.a(button-sensor.o)
 .debug_info    0x00000000000050be      0x132 obj_cooja/mtype548.a(leds-arch.o)
 .debug_info    0x00000000000051f0      0x10a obj_cooja/mtype548.a(moteid.o)
 .debug_info    0x00000000000052fa      0x216 obj_cooja/mtype548.a(pir-sensor.o)