Archive member included to satisfy reference by file (symbol)

obj_cooja/mtype888.a(simEnvChange.o)
                              obj_cooja/mtype888.o (simDontFallAsleep)
obj_cooja/mtype888.a(cooja_mt.o)
                              obj_cooja/mtype888.o (cooja_mt_start)
obj_cooja/mtype888.a(cooja_mtarch.o)
                              obj_cooja/mtype888.a(cooja_mt.o) (cooja_mtarch_init)
obj_cooja/mtype888.a(rtimer-arch.o)
                              obj_cooja/mtype888.o (rtimer_arch_next)
obj_cooja/mtype888.a(beep.o)  obj_cooja/mtype888.o (beep_interface)
obj_cooja/mtype888.a(button-sensor.o)
                              obj_cooja/mtype888.o (button_interface)
obj_cooja/mtype888.a(leds-arch.o)
                              obj_cooja/mtype888.o (leds_interface)
obj_cooja/mtype888.a(moteid.o)
                              obj_cooja/mtype888.o (moteid_interface)
obj_cooja/mtype888.a(pir-sensor.o)
                              obj_cooja/mtype888.o (pir_interface)
obj_cooja/mtype888.a(rs232.o)
                              obj_cooja/mtype888.o (rs232_interface)
obj_cooja/mtype888.a(vib-sensor.o)
                              obj_cooja/mtype888.o (vib_interface)
obj_cooja/mtype888.a(clock.o)
                              obj_cooja/mtype888.o (clock_interface)
obj_cooja/mtype888.a(log.o)   obj_cooja/mtype888.o (simlog_interface)
obj_cooja/mtype888.a(cfs-cooja.o)
                              obj_cooja/mtype888.o (cfs_interface)
obj_cooja/mtype888.a(cooja-radio.o)
                              obj_cooja/mtype888.o (radio_interface)
obj_cooja/mtype888.a(eeprom.o)
                              obj_cooja/mtype888.o (eeprom_interface)
obj_cooja/mtype888.a(random.o)
                              obj_cooja/mtype888.a(moteid.o) (random_init)
obj_cooja/mtype888.a(sensors.o)
                              obj_cooja/mtype888.o (sensors_process)
obj_cooja/mtype888.a(autostart.o)
                              obj_cooja/mtype888.o (autostart_start)
obj_cooja/mtype888.a(ctimer.o)
                              obj_cooja/mtype888.o (ctimer_init)
obj_cooja/mtype888.a(etimer.o)
                              obj_cooja/mtype888.o (etimer_process)
obj_cooja/mtype888.a(log_message.o)
                              obj_cooja/mtype888.o (log_initialization)
obj_cooja/mtype888.a(process.o)
                              udp-client.co (process_current)
obj_cooja/mtype888.a(residual.o)
                              udp-client.co (get_residual_energy)
obj_cooja/mtype888.a(rtimer.o)
                              obj_cooja/mtype888.a(rtimer-arch.o) (rtimer_run_next)
obj_cooja/mtype888.a(stimer.o)
                              udp-client.co (stimer_remaining)
obj_cooja/mtype888.a(timer.o)
                              obj_cooja/mtype888.a(button-sensor.o) (timer_set)
obj_cooja/mtype888.a(serial-line.o)
                              udp-client.co (serial_line_event_message)
obj_cooja/mtype888.a(list.o)  obj_cooja/mtype888.a(ctimer.o) (list_init)
obj_cooja/mtype888.a(ringbuf.o)
                              obj_cooja/mtype888.a(serial-line.o) (ringbuf_init)
obj_cooja/mtype888.a(sicslowpan.o)
                              obj_cooja/mtype888.o (sicslowpan_driver)
obj_cooja/mtype888.a(uip-ds6-nbr.o)
                              obj_cooja/mtype888.a(sicslowpan.o) (uip_ds6_link_neighbor_callback)
obj_cooja/mtype888.a(uip-ds6-route.o)
                              udp-client.co (uip_ds6_route_nexthop)
obj_cooja/mtype888.a(uip-ds6.o)
                              udp-client.co (uip_ds6_if)
obj_cooja/mtype888.a(uip6.o)  udp-client.co (uip_lladdr)
obj_cooja/mtype888.a(tcpip.o)
                              udp-client.co (tcpip_event)
obj_cooja/mtype888.a(uip-debug.o)
                              udp-client.co (uip_debug_ipaddr_print)
obj_cooja/mtype888.a(uip-packetqueue)
                              obj_cooja/mtype888.a(uip-ds6-nbr.o) (uip_packetqueue_new)
obj_cooja/mtype888.a(uip-udp-packet.)
                              udp-client.co (uip_udp_packet_sendto)
obj_cooja/mtype888.a(rpl-dag.o)
                              obj_cooja/mtype888.a(tcpip.o) (rpl_repair_root)
obj_cooja/mtype888.a(rpl-ext-header.)
                              obj_cooja/mtype888.a(uip6.o) (rpl_verify_header)
obj_cooja/mtype888.a(rpl-icmp6.o)
                              obj_cooja/mtype888.a(rpl-dag.o) (rpl_icmp6_update_nbr_table)
obj_cooja/mtype888.a(rpl-ltmax.o)
                              obj_cooja/mtype888.a(rpl-dag.o) (rpl_ltmax_of)
obj_cooja/mtype888.a(rpl-timers.o)
                              obj_cooja/mtype888.a(rpl-dag.o) (rpl_reset_dio_timer)
obj_cooja/mtype888.a(rpl.o)   obj_cooja/mtype888.a(rpl-icmp6.o) (rpl_get_mode)
obj_cooja/mtype888.a(csma.o)  obj_cooja/mtype888.o (csma_driver)
obj_cooja/mtype888.a(framer-802154.o)
                              obj_cooja/mtype888.a(sicslowpan.o) (framer_802154)
obj_cooja/mtype888.a(mac.o)   obj_cooja/mtype888.a(csma.o) (mac_call_sent_callback)
obj_cooja/mtype888.a(cxmac.o)
[...]
Memory Configuration

Name             Origin             Length             Attributes
*default*        0x0000000000000000 0xffffffffffffffff

Linker script and memory map

LOAD /usr/lib/gcc/i686-linux-gnu/4.8/../../../i386-linux-gnu/crti.o
LOAD /usr/lib/gcc/i686-linux-gnu/4.8/crtbeginS.o
LOAD udp-client.co
LOAD obj_cooja/mtype888.o
LOAD obj_cooja/mtype888.a
LOAD /usr/lib/gcc/i686-linux-gnu/4.8/libgcc.a
LOAD /usr/lib/gcc/i686-linux-gnu/4.8/libgcc_s.so
LOAD /usr/lib/gcc/i686-linux-gnu/4.8/../../../i386-linux-gnu/libc.so
START GROUP
LOAD /lib/i386-linux-gnu/libc.so.6
LOAD /usr/lib/i386-linux-gnu/libc_nonshared.a
LOAD /lib/i386-linux-gnu/ld-linux.so.2
END GROUP
LOAD /usr/lib/gcc/i686-linux-gnu/4.8/libgcc.a
LOAD /usr/lib/gcc/i686-linux-gnu/4.8/libgcc_s.so
LOAD /usr/lib/gcc/i686-linux-gnu/4.8/crtendS.o
LOAD /usr/lib/gcc/i686-linux-gnu/4.8/../../../i386-linux-gnu/crtn.o
                0x0000000000000114                . = (0x0 + SIZEOF_HEADERS)

.note.gnu.build-id
                0x0000000000000114       0x24
 *(.note.gnu.build-id)
 .note.gnu.build-id
                0x0000000000000114       0x24 /usr/lib/gcc/i686-linux-gnu/4.8/../../../i386-linux-gnu/crti.o

.hash
 *(.hash)

.gnu.hash       0x0000000000000138     0x12e8
 *(.gnu.hash)
 .gnu.hash      0x0000000000000138     0x12e8 /usr/lib/gcc/i686-linux-gnu/4.8/../../../i386-linux-gnu/crti.o

.dynsym         0x0000000000001420     0x2400
 *(.dynsym)
 .dynsym        0x0000000000001420     0x2400 /usr/lib/gcc/i686-linux-gnu/4.8/../../../i386-linux-gnu/crti.o

.dynstr         0x0000000000003820     0x24d7
 *(.dynstr)
 .dynstr        0x0000000000003820     0x24d7 /usr/lib/gcc/i686-linux-gnu/4.8/../../../i386-linux-gnu/crti.o

.gnu.version    0x0000000000005cf8      0x480
 *(.gnu.version)
 .gnu.version   0x0000000000005cf8      0x480 /usr/lib/gcc/i686-linux-gnu/4.8/../../../i386-linux-gnu/crti.o

.gnu.version_d  0x0000000000006178        0x0
 *(.gnu.version_d)
 .gnu.version_d
                0x0000000000000000        0x0 /usr/lib/gcc/i686-linux-gnu/4.8/../../../i386-linux-gnu/crti.o

.gnu.version_r  0x0000000000006178       0x50
 *(.gnu.version_r)
 .gnu.version_r
                0x0000000000006178       0x50 /usr/lib/gcc/i686-linux-gnu/4.8/../../../i386-linux-gnu/crti.o

.rel.dyn        0x00000000000061c8     0x88c0
 *(.rel.init)
 .rel.init      0x0000000000000000        0x0 /usr/lib/gcc/i686-linux-gnu/4.8/../../../i386-linux-gnu/crti.o
 *(.rel.text .rel.text.* .rel.gnu.linkonce.t.*)
 .rel.text      0x00000000000061c8     0x8118 /usr/lib/gcc/i686-linux-gnu/4.8/../../../i386-linux-gnu/crti.o
 *(.rel.fini)
 .rel.fini      0x0000000000000000        0x0 /usr/lib/gcc/i686-linux-gnu/4.8/../../../i386-linux-gnu/crti.o
 *(.rel.rodata .rel.rodata.* .rel.gnu.linkonce.r.*)
 .rel.rodata    0x000000000000e2e0      0x4e0 /usr/lib/gcc/i686-linux-gnu/4.8/../../../i386-linux-gnu/crti.o
 *(.rel.data.rel.ro .rel.data.rel.ro.* .rel.gnu.linkonce.d.rel.ro.*)
 *(.rel.data .rel.data.* .rel.gnu.linkonce.d.*)
 .rel.data.rel  0x000000000000e7c0        0x8 /usr/lib/gcc/i686-linux-gnu/4.8/../../../i386-linux-gnu/crti.o
 .rel.data      0x000000000000e7c8      0x288 /usr/lib/gcc/i686-linux-gnu/4.8/../../../i386-linux-gnu/crti.o
 *(.rel.tdata .rel.tdata.* .rel.gnu.linkonce.td.*)
 *(.rel.tbss .rel.tbss.* .rel.gnu.linkonce.tb.*)
 *(.rel.ctors)
 *(.rel.dtors)
 *(.rel.got)
 .rel.got       0x000000000000ea50       0x28 /usr/lib/gcc/i686-linux-gnu/4.8/../../../i386-linux-gnu/crti.o
 *(.rel.bss .rel.bss.* .rel.gnu.linkonce.b.*)
 *(.rel.ifunc)
 .rel.ifunc     0x0000000000000000        0x0 /usr/lib/gcc/i686-linux-gnu/4.8/../../../i386-linux-gnu/crti.o
 .rel.fini_array
                0x000000000000ea78        0x8 /usr/lib/gcc/i686-linux-gnu/4.8/../../../i386-linux-gnu/crti.o
 .rel.init_array
                0x000000000000ea80        0x8 /usr/lib/gcc/i686-linux-gnu/4.8/../../../i386-linux-gnu/crti.o

.rel.plt        0x000000000000ea88       0x10
 *(.rel.plt)
 .rel.plt       0x000000000000ea88       0x10 /usr/lib/gcc/i686-linux-gnu/4.8/../../../i386-linux-gnu/crti.o
 *(.rel.iplt)

.init           0x000000000000ea98       0x23
 *(SORT(.init))
 .init          0x000000000000ea98       0x1e /usr/lib/gcc/i686-linux-gnu/4.8/../../../i386-linux-gnu/crti.o
                0x000000000000ea98                _init
 .init          0x000000000000eab6        0x5 /usr/lib/gcc/i686-linux-gnu/4.8/../../../i386-linux-gnu/crtn.o

.plt            0x000000000000eac0       0x30
 *(.plt)
 .plt           0x000000000000eac0       0x30 /usr/lib/gcc/i686-linux-gnu/4.8/../../../i386-linux-gnu/crti.o
 *(.iplt)

.text           0x000000000000eaf0    0x15484
 *(.text.unlikely .text.*_unlikely .text.unlikely.*)
 *(.text.exit .text.exit.*)
 *(.text.startup .text.startup.*)
 *(.text.hot .text.hot.*)
 *(.text .stub .text.* .gnu.linkonce.t.*)
 .text          0x000000000000eaf0        0x0 /usr/lib/gcc/i686-linux-gnu/4.8/../../../i386-linux-gnu/crti.o
 .gnu.linkonce.t.__x86.get_pc_thunk.bx
                0x000000000000eaf0        0x4 /usr/lib/gcc/i686-linux-gnu/4.8/../../../i386-linux-gnu/crti.o
                0x000000000000eaf0                __x86.get_pc_thunk.bx
 *fill*         0x000000000000eaf4        0xc 
 .text          0x000000000000eb00      0x11b /usr/lib/gcc/i686-linux-gnu/4.8/crtbeginS.o
 .text          0x000000000000ec1b      0x790 udp-client.co
 .text          0x000000000000f3ab      0x734 obj_cooja/mtype888.o
                0x000000000000f4e1                contiki_init
                0x000000000000f8f6                Java_org_contikios_cooja_corecomm_Lib20_init
                0x000000000000f936                Java_org_contikios_cooja_corecomm_Lib20_getMemory
                0x000000000000f976                Java_org_contikios_cooja_corecomm_Lib20_setMemory
                0x000000000000f9ed                Java_org_contikios_cooja_corecomm_Lib20_tick
                0x000000000000facd                Java_org_contikios_cooja_corecomm_Lib20_setReferenceAddress
 .text          0x000000000000fadf       0x63 obj_cooja/mtype888.a(simEnvChange.o)
                0x000000000000fadf                doActionsBeforeTick
                0x000000000000fb10                doActionsAfterTick
 .text          0x000000000000fb42       0xbc obj_cooja/mtype888.a(cooja_mt.o)
                0x000000000000fb42                cooja_mt_init
                0x000000000000fb4f                cooja_mt_remove
                0x000000000000fb5c                cooja_mt_start
                0x000000000000fb89                cooja_mt_exec
                0x000000000000fbba                cooja_mt_exit
                0x000000000000fbdc                cooja_mt_yield
 .text          0x000000000000fbfe      0x115 obj_cooja/mtype888.a(cooja_mtarch.o)
                0x000000000000fbfe                cooja_mtarch_init
                0x000000000000fc03                cooja_mtarch_start
                0x000000000000fc7e                cooja_sw
                0x000000000000fca0                cooja_mtarch_exec
                0x000000000000fcbc                cooja_mtarch_remove
                0x000000000000fcc1                cooja_mtarch_yield
                0x000000000000fccb                cooja_mtarch_pstop
                0x000000000000fcd0                cooja_mtarch_pstart
                0x000000000000fcd5                cooja_mtarch_stack_usage
 .text          0x000000000000fd13       0xc2 obj_cooja/mtype888.a(rtimer-arch.o)
                0x000000000000fd13                rtimer_arch_init
                0x000000000000fd36                rtimer_arch_schedule
                0x000000000000fd4d                rtimer_arch_next
                0x000000000000fd57                rtimer_arch_pending
                0x000000000000fd61                rtimer_arch_check
                0x000000000000fd93                rtimer_arch_now
 .text          0x000000000000fdd5       0x76 obj_cooja/mtype888.a(beep.o)
                0x000000000000fdd5                beep_alarm
                0x000000000000fde1                beep_beep
                0x000000000000fded                beep
                0x000000000000fdf9                beep_down
                0x000000000000fe05                beep_on
                0x000000000000fe11                beep_off
                0x000000000000fe1d                beep_spinup
                0x000000000000fe29                beep_quick
                0x000000000000fe35                beep_long
 .text          0x000000000000fe4b      0x103 obj_cooja/mtype888.a(button-sensor.o)
 .text          0x000000000000ff4e       0x45 obj_cooja/mtype888.a(leds-arch.o)
                0x000000000000ff4e                leds_arch_init
                0x000000000000ff5a                leds_arch_get
                0x000000000000ff66                leds_arch_set
 .text          0x000000000000ff93       0x2f obj_cooja/mtype888.a(moteid.o)
 .text          0x000000000000ffc2       0xb1 obj_cooja/mtype888.a(pir-sensor.o)
 .text          0x0000000000010073      0x131 obj_cooja/mtype888.a(rs232.o)
                0x0000000000010073                rs232_init
                0x0000000000010078                rs232_set_speed
                0x0000000000010086                rs232_set_input
                0x0000000000010093                rs232_send
                0x00000000000100b5                rs232_print
                0x00000000000100d0                slip_arch_writeb
 .text          0x00000000000101a4       0xb1 obj_cooja/mtype888.a(vib-sensor.o)
 .text          0x0000000000010255       0x34 obj_cooja/mtype888.a(clock.o)
                0x0000000000010255                clock_init
                0x000000000001025a                clock_time
                0x0000000000010264                clock_seconds
                0x000000000001027a                clock_delay
 .text          0x0000000000010289      0x1ed obj_cooja/mtype888.a(log.o)
                0x0000000000010289                simlog_char
                0x00000000000102cb                simlog
                0x0000000000010338                log_message
                0x0000000000010360                log_set_putchar_with_slip
                0x000000000001036d                log_putchar
                0x00000000000103f1                log_puts
                0x0000000000010415                log_printf
 .text          0x0000000000010476      0x2c4 obj_cooja/mtype888.a(cfs-cooja.o)
                0x0000000000010476                cfs_open
                0x00000000000104df                cfs_close
                0x00000000000104eb                cfs_read
                0x0000000000010589                cfs_write
                0x0000000000010666                cfs_seek
                0x00000000000106ee                cfs_remove
                0x0000000000010717                cfs_opendir
                0x0000000000010721                cfs_readdir
                0x000000000001072b                cfs_closedir
 .text          0x000000000001073a      0x3e8 obj_cooja/mtype888.a(cooja-radio.o)
                0x0000000000010764                radio_set_channel
                0x0000000000010771                radio_set_txpower
                0x0000000000010788                radio_signal_strength_last
                0x0000000000010792                radio_signal_strength_current
                0x000000000001079c                radio_LQI
 .text          0x0000000000010b22       0xef obj_cooja/mtype888.a(eeprom.o)
                0x0000000000010b22                eeprom_init
                0x0000000000010b27                eeprom_read
                0x0000000000010b97                eeprom_write
 .text          0x0000000000010c11       0x28 obj_cooja/mtype888.a(random.o)
                0x0000000000010c11                random_init
                0x0000000000010c2c                random_rand
 .text          0x0000000000010c39      0x2a1 obj_cooja/mtype888.a(sensors.o)
                0x0000000000010c74                sensors_first
                0x0000000000010c7e                sensors_next
                0x0000000000010c9b                sensors_changed
                0x0000000000010cca                sensors_find
 .text          0x0000000000010eda       0x8e obj_cooja/mtype888.a(autostart.o)
                0x0000000000010eda                autostart_start
                0x0000000000010f25                autostart_exit
 .text          0x0000000000010f68      0x334 obj_cooja/mtype888.a(ctimer.o)
                0x000000000001107f                ctimer_init
                0x00000000000110af                ctimer_set
                0x00000000000110e0                ctimer_set_with_process
                0x000000000001115c                ctimer_reset
                0x00000000000111ab                ctimer_restart
                0x00000000000111fa                ctimer_stop
                0x0000000000011245                ctimer_expired
 .text          0x000000000001129c      0x40b obj_cooja/mtype888.a(etimer.o)
                0x00000000000114af                etimer_request_poll
                0x0000000000011533                etimer_set
                0x0000000000011558                etimer_reset_with_new_interval
                0x000000000001157f                etimer_reset
                0x000000000001159d                etimer_restart
                0x00000000000115bb                etimer_adjust
                0x00000000000115d7                etimer_expired
                0x00000000000115ea                etimer_expiration_time
                0x00000000000115fc                etimer_start_time
                0x0000000000011606                etimer_pending
                0x0000000000011618                etimer_next_expiration_time
                0x0000000000011632                etimer_stop
 .text          0x00000000000116a7       0xdd obj_cooja/mtype888.a(log_message.o)
                0x00000000000116a7                log_initialization
                0x0000000000011763                log_finisher
 .text          0x0000000000011784      0x560 obj_cooja/mtype888.a(process.o)
                0x0000000000011784                process_alloc_event
                0x0000000000011799                process_start
                0x0000000000011982                process_exit
                0x000000000001199e                process_init
                0x0000000000011b6f                process_run
                0x0000000000011ba2                process_nevents
                0x0000000000011bbd                process_post
                0x0000000000011c69                process_post_synch
                0x0000000000011ca1                process_poll
                0x0000000000011cd0                process_is_running
 .text          0x0000000000011ce4       0x8b obj_cooja/mtype888.a(residual.o)
                0x0000000000011ce4                get_residual_energy
 .text          0x0000000000011d6f       0xba obj_cooja/mtype888.a(rtimer.o)
                0x0000000000011d6f                rtimer_init
                0x0000000000011d7c                rtimer_set
                0x0000000000011dd3                rtimer_run_next
 .text          0x0000000000011e29       0xa3 obj_cooja/mtype888.a(stimer.o)
                0x0000000000011e29                stimer_set
                0x0000000000011e44                stimer_reset
                0x0000000000011e5b                stimer_restart
                0x0000000000011e6d                stimer_expired
                0x0000000000011e94                stimer_remaining
                0x0000000000011eb8                stimer_elapsed
 .text          0x0000000000011ecc       0x91 obj_cooja/mtype888.a(timer.o)
                0x0000000000011ecc                timer_set
                0x0000000000011ee7                timer_reset
                0x0000000000011efe                timer_restart
                0x0000000000011f10                timer_expired
                0x0000000000011f39                timer_remaining
 .text          0x0000000000011f5d      0x1fb obj_cooja/mtype888.a(serial-line.o)
                0x0000000000011f5d                serial_line_input_byte
                0x0000000000012120                serial_line_init
 .text          0x0000000000012158      0x244 obj_cooja/mtype888.a(list.o)
                0x0000000000012158                list_init
                0x0000000000012166                list_head
                0x0000000000012170                list_copy
                0x000000000001217f                list_tail
                0x00000000000121b5                list_add
                0x00000000000121fe                list_push
                0x000000000001222a                list_chop
                0x0000000000012294                list_pop
                0x00000000000122bc                list_remove
                0x0000000000012323                list_length
                0x0000000000012351                list_insert
                0x0000000000012385                list_item_next
 .text          0x000000000001239c      0x155 obj_cooja/mtype888.a(ringbuf.o)
                0x000000000001239c                ringbuf_init
                0x00000000000123cd                ringbuf_put
                0x000000000001244b                ringbuf_get
                0x00000000000124b8                ringbuf_size
                0x00000000000124ca                ringbuf_elements
 .text          0x00000000000124f1     0x258b obj_cooja/mtype888.a(sicslowpan.o)
                0x0000000000012a7b                rime_sniffer_add
                0x0000000000012a88                rime_sniffer_remove
                0x0000000000014a1b                sicslowpan_init
                0x0000000000014a72                sicslowpan_get_last_rssi
 .text          0x0000000000014a7c      0x298 obj_cooja/mtype888.a(uip-ds6-nbr.o)
                0x0000000000014a99                uip_ds6_neighbors_init
                0x0000000000014ab6                uip_ds6_nbr_add
                0x0000000000014b3e                uip_ds6_nbr_rm
                0x0000000000014b80                uip_ds6_nbr_get_ipaddr
                0x0000000000014b95                uip_ds6_nbr_get_ll
                0x0000000000014bb1                uip_ds6_nbr_num
                0x0000000000014bf6                uip_ds6_nbr_lookup
                0x0000000000014c5b                uip_ds6_nbr_ll_lookup
                0x0000000000014c77                uip_ds6_nbr_ipaddr_from_lladdr
                0x0000000000014c9d                uip_ds6_nbr_lladdr_from_ipaddr
                0x0000000000014ccb                uip_ds6_link_neighbor_callback
 .text          0x0000000000014d14      0x916 obj_cooja/mtype888.a(uip-ds6-route.o)
                0x0000000000014d8b                uip_ds6_notification_add
                0x0000000000014dbc                uip_ds6_notification_rm
                0x0000000000014dd8                uip_ds6_route_init
                0x0000000000014e60                uip_ds6_route_nexthop
                0x0000000000014e88                uip_ds6_route_head
                0x0000000000014e9d                uip_ds6_route_next
                0x0000000000014ec3                uip_ds6_route_is_nexthop
                0x0000000000014f02                uip_ds6_route_num_routes
                0x0000000000014f0c                uip_ds6_route_lookup
                0x0000000000014fce                uip_ds6_route_add
                0x0000000000015202                uip_ds6_route_rm
                0x0000000000015396                uip_ds6_route_rm_by_nexthop
                0x00000000000153ce                uip_ds6_defrt_add
                0x000000000001547f                uip_ds6_defrt_rm
                0x00000000000154fe                uip_ds6_defrt_lookup
                0x0000000000015557                uip_ds6_defrt_choose
                0x00000000000155c2                uip_ds6_defrt_periodic
 .text          0x000000000001562a      0xb97 obj_cooja/mtype888.a(uip-ds6.o)
                0x000000000001562a                uip_ds6_init
                0x00000000000157fd                uip_ds6_periodic
                0x0000000000015876                uip_ds6_list_loop
                0x000000000001591d                uip_ds6_prefix_add
                0x00000000000159db                uip_ds6_prefix_rm
                0x00000000000159ed                uip_ds6_prefix_lookup
                0x0000000000015a3e                uip_ds6_is_addr_onlink
                0x0000000000015ab2                uip_ds6_addr_add
                0x0000000000015be0                uip_ds6_addr_rm
                0x0000000000015c80                uip_ds6_addr_lookup
                0x0000000000015ccb                uip_ds6_get_link_local
                0x0000000000015d4a                uip_ds6_get_global
                0x0000000000015dc9                uip_ds6_maddr_add
                0x0000000000015e3b                uip_ds6_maddr_rm
                0x0000000000015e4d                uip_ds6_maddr_lookup
                0x0000000000015e98                uip_ds6_aaddr_add
                0x0000000000015f0a                uip_ds6_aaddr_rm
                0x0000000000015f1c                uip_ds6_aaddr_lookup
                0x0000000000015f67                uip_ds6_select_src
                0x00000000000160ac                uip_ds6_set_addr_iid
                0x00000000000160e3                get_match_length
                0x0000000000016175                uip_ds6_compute_reachable_time
 .text          0x00000000000161c1     0x29cb obj_cooja/mtype888.a(uip6.o)
                0x00000000000161c1                uip_add32
                0x000000000001635a                uip_chksum
                0x0000000000016448                uip_icmp6chksum
                0x000000000001645c                uip_tcpchksum
                0x0000000000016470                uip_udpchksum
                0x0000000000016484                uip_init
                0x0000000000016554                uip_connect
                0x0000000000016703                remove_ext_hdr
                0x00000000000167d8                uip_udp_new
                0x0000000000016934                uip_unlisten
                0x0000000000016994                uip_listen
                0x0000000000016c56                uip_process
                0x0000000000018a80                uip_htons
                0x0000000000018aa2                uip_htonl
                0x0000000000018ae2                uip_send
 .text          0x0000000000018b8c      0xa2b obj_cooja/mtype888.a(tcpip.o)
                0x0000000000018b8c                tcpip_output
                0x0000000000018bba                tcpip_set_outputfunc
                0x0000000000018c4e                tcp_connect
                0x0000000000018ca3                tcp_unlisten
                0x0000000000018cfe                tcp_listen
                0x0000000000018d57                tcp_attach
                0x0000000000018d7c                udp_attach
                0x0000000000018da1                udp_new
                0x0000000000018df3                udp_broadcast_new
                0x0000000000019067                tcpip_input
                0x000000000001909b                tcpip_ipv6_output
                0x00000000000193fd                tcpip_poll_udp
                0x0000000000019420                tcpip_poll_tcp
                0x0000000000019443                tcpip_uipcall
 .text          0x00000000000195b7      0x1c1 obj_cooja/mtype888.a(uip-debug.o)
                0x00000000000195b7                uip_debug_ipaddr_print
                0x0000000000019719                uip_debug_lladdr_print
 .text          0x0000000000019778      0x141 obj_cooja/mtype888.a(uip-packetqueue)
                0x00000000000197a4                uip_packetqueue_new
                0x00000000000197b2                uip_packetqueue_alloc
                0x0000000000019812                uip_packetqueue_free
                0x0000000000019853                uip_packetqueue_buf
                0x0000000000019870                uip_packetqueue_buflen
                0x0000000000019891                uip_packetqueue_set_buflen
 .text          0x00000000000198b9      0x131 obj_cooja/mtype888.a(uip-udp-packet.)
                0x00000000000198b9                uip_udp_packet_send
                0x0000000000019919                uip_udp_packet_sendto
 .text          0x00000000000199ea     0x25c7 obj_cooja/mtype888.a(rpl-dag.o)
                0x00000000000199ea                rpl_print_neighbor_list
                0x0000000000019a93                rpl_print_child_neighbor_list
                0x0000000000019b08                rpl_get_nbr
                0x0000000000019b62                rpl_get_nbr_child
                0x0000000000019bbc                rpl_dag_init
                0x0000000000019bee                rpl_get_parent
                0x0000000000019c10                rpl_get_parent_rank
                0x0000000000019c43                rpl_get_parent_link_metric
                0x0000000000019c76                rpl_get_parent_ipaddr
                0x0000000000019ca0                rpl_get_child_ipaddr
                0x0000000000019fbb                rpl_set_root
                0x000000000001a1e9                rpl_repair_root
                0x000000000001a425                rpl_set_prefix
                0x000000000001a524                rpl_set_default_route
                0x000000000001a5b0                rpl_alloc_instance
                0x000000000001a643                rpl_alloc_dag
                0x000000000001a6f6                rpl_set_default_instance
                0x000000000001a703                rpl_get_default_instance
                0x000000000001a70d                rpl_free_instance
                0x000000000001a7be                rpl_free_dag
                0x000000000001a824                rpl_add_parent
                0x000000000001a90d                rpl_find_parent
                0x000000000001a93d                rpl_add_child
                0x000000000001a9e1                rpl_find_child
                0x000000000001aa2f                rpl_find_parent_any_dag
                0x000000000001aa6b                rpl_select_dag
                0x000000000001ae8e                rpl_select_parent
                0x000000000001aef0                rpl_remove_parent
                0x000000000001af26                rpl_remove_child
                0x000000000001af42                rpl_nullify_parent
                0x000000000001afe0                rpl_move_parent
                0x000000000001b07d                rpl_has_downward_route
                0x000000000001b0d0                rpl_get_any_dag
                0x000000000001b132                rpl_get_instance
                0x000000000001b195                rpl_find_of
                0x000000000001b1d2                rpl_join_instance
                0x000000000001b454                rpl_add_dag
                0x000000000001b843                rpl_local_repair
                0x000000000001b91c                rpl_recalculate_ranks
                0x000000000001b9a2                rpl_process_parent_event
                0x000000000001ba54                rpl_process_dio
 .text          0x000000000001bfb1      0xbf3 obj_cooja/mtype888.a(rpl-ext-header.)
                0x000000000001bfce                rpl_verify_header
                0x000000000001c448                rpl_update_header_empty
                0x000000000001c75f                rpl_update_header_final
                0x000000000001c8ee                rpl_remove_header
                0x000000000001c9f8                rpl_invert_header
                0x000000000001cb82                rpl_insert_header
 .text          0x000000000001cba4     0x1f89 obj_cooja/mtype888.a(rpl-icmp6.o)
                0x000000000001ce6d                rpl_icmp6_update_nbr_table
                0x000000000001cf5d                dis_output
                0x000000000001d809                dio_output
                0x000000000001e725                dao_output
                0x000000000001e7ed                dao_output_target
                0x000000000001eae1                dao_ack_output
                0x000000000001eaf5                rpl_icmp6_register_handlers
 .text          0x000000000001eb2d      0x334 obj_cooja/mtype888.a(rpl-ltmax.o)
 .text          0x000000000001ee61      0x7c2 obj_cooja/mtype888.a(rpl-timers.o)
                0x000000000001f0b6                rpl_reset_periodic_timer
                0x000000000001f10b                rpl_reset_dio_timer
                0x000000000001f345                rpl_schedule_dao
                0x000000000001f360                rpl_schedule_dao_immediately
                0x000000000001f37b                rpl_cancel_dao
                0x000000000001f3dd                rpl_schedule_unicast_dio_immediately
                0x000000000001f5cb                rpl_schedule_probing
 .text          0x000000000001f623      0x5c5 obj_cooja/mtype888.a(rpl.o)
                0x000000000001f623                rpl_get_mode
                0x000000000001f62d                rpl_set_mode
                0x000000000001f6bb                rpl_purge_routes
                0x000000000001f7b5                rpl_remove_routes
                0x000000000001f7fb                rpl_remove_routes_by_nexthop
                0x000000000001f867                rpl_add_route
                0x000000000001f8e2                rpl_link_neighbor_callback
                0x000000000001f9e7                rpl_ipv6_neighbor_callback
                0x000000000001fa56                rpl_purge_dags
                0x000000000001fb62                rpl_init
 .text          0x000000000001fbe8      0x831 obj_cooja/mtype888.a(csma.o)
 .text          0x0000000000020419      0x3f5 obj_cooja/mtype888.a(framer-802154.o)
 .text          0x000000000002080e       0x3c obj_cooja/mtype888.a(mac.o)
                0x000000000002080e                mac_call_sent_callback
 .text          0x000000000002084a      0xa7b obj_cooja/mtype888.a(cxmac.o)
                0x0000000000021226                cxmac_set_announcement_radio_txpower
                0x000000000002122b                cxmac_init
 .text          0x00000000000212c5       0x67 obj_cooja/mtype888.a(linkaddr.o)
                0x00000000000212c5                linkaddr_copy
                0x00000000000212e7                linkaddr_cmp
                0x0000000000021311                linkaddr_set_node_addr
 .text          0x000000000002132c      0x769 obj_cooja/mtype888.a(nbr-table.o)
                0x000000000002178b                nbr_table_register
                0x00000000000217d3                nbr_table_head
                0x000000000002182f                nbr_table_next
                0x0000000000021896                nbr_table_add_lladdr
                0x0000000000021972                nbr_table_get_from_lladdr
                0x00000000000219bf                nbr_table_remove
                0x0000000000021a11                nbr_table_lock
                0x0000000000021a3b                nbr_table_unlock
                0x0000000000021a65                nbr_table_get_lladdr
 .text          0x0000000000021a95       0x2b obj_cooja/mtype888.a(netstack.o)
                0x0000000000021a95                netstack_init
 .text          0x0000000000021ac0      0x3cd obj_cooja/mtype888.a(packetbuf.o)
                0x0000000000021ac0                packetbuf_clear
                0x0000000000021aea                packetbuf_copyfrom
                0x0000000000021b3c                packetbuf_compact
                0x0000000000021bb9                packetbuf_copyto
                0x0000000000021c50                packetbuf_hdralloc
                0x0000000000021ccd                packetbuf_hdrreduce
                0x0000000000021d15                packetbuf_set_datalen
                0x0000000000021d2e                packetbuf_dataptr
                0x0000000000021d4b                packetbuf_hdrptr
                0x0000000000021d55                packetbuf_datalen
                0x0000000000021d61                packetbuf_hdrlen
                0x0000000000021d78                packetbuf_totlen
                0x0000000000021d8e                packetbuf_attr_clear
                0x0000000000021de0                packetbuf_attr_copyto
                0x0000000000021e29                packetbuf_attr_copyfrom
                0x0000000000021e71                packetbuf_holds_broadcast
 .text          0x0000000000021e8d      0x2b4 obj_cooja/mtype888.a(queuebuf.o)
                0x0000000000021e97                queuebuf_init
                0x0000000000021eb7                queuebuf_numfree
                0x0000000000021ecb                queuebuf_new_from_packetbuf
                0x0000000000021f5b                queuebuf_update_attr_from_packetbuf
                0x0000000000021f8e                queuebuf_update_from_packetbuf
                0x0000000000021fd8                queuebuf_free
                0x000000000002201f                queuebuf_to_packetbuf
                0x0000000000022085                queuebuf_dataptr
                0x00000000000220bc                queuebuf_datalen
                0x00000000000220df                queuebuf_addr
                0x0000000000022111                queuebuf_attr
                0x000000000002213c                queuebuf_debug_print
 .text          0x0000000000022141       0x6e obj_cooja/mtype888.a(nullsec.o)
 .text          0x00000000000221af       0x19 obj_cooja/mtype888.a(watchdog.o)
                0x00000000000221af                watchdog_init
                0x00000000000221b4                watchdog_start
                0x00000000000221b9                watchdog_periodic
                0x00000000000221be                watchdog_stop
                0x00000000000221c3                watchdog_reboot
 .text          0x00000000000221c8        0x0 obj_cooja/mtype888.a(rimestats.o)
 .text          0x00000000000221c8      0x134 obj_cooja/mtype888.a(leds.o)
                0x0000000000022219                leds_init
                0x000000000002222d                leds_blink
                0x0000000000022265                leds_get
                0x0000000000022272                leds_set
                0x000000000002228c                leds_on
                0x00000000000222af                leds_off
                0x00000000000222d9                leds_toggle
 .text          0x00000000000222fc      0x1c1 obj_cooja/mtype888.a(memb.o)
                0x00000000000222fc                memb_init
                0x000000000002235a                memb_alloc
                0x00000000000223bf                memb_free
                0x000000000002243a                memb_inmemb
                0x0000000000022479                memb_numfree
 .text          0x00000000000224bd      0xab2 obj_cooja/mtype888.a(uip-icmp6.o)
                0x000000000002252b                uip_icmp6_input
                0x0000000000022581                uip_icmp6_register_input_handler
                0x0000000000022849                uip_icmp6_error_output
                0x0000000000022b8e                uip_icmp6_send
                0x0000000000022f02                uip_icmp6_echo_reply_callback_add
                0x0000000000022f33                uip_icmp6_echo_reply_callback_rm
                0x0000000000022f4f                uip_icmp6_init
 .text          0x0000000000022f6f      0x358 obj_cooja/mtype888.a(uip-nd6.o)
                0x0000000000022fc3                uip_nd6_ns_output
                0x00000000000232c2                uip_nd6_init
 .text          0x00000000000232c7      0x331 obj_cooja/mtype888.a(rpl-nbr-policy.)
                0x000000000002349f                find_removable_dis
                0x00000000000234c2                find_removable_dio
                0x0000000000023551                find_removable_dao
                0x00000000000235a1                rpl_nbr_policy_find_removable
 .text          0x00000000000235f8      0x97c obj_cooja/mtype888.a(frame802154.o)
                0x0000000000023629                frame802154_get_pan_id
                0x0000000000023635                frame802154_set_pan_id
                0x000000000002364e                frame802154_has_panid
                0x000000000002373a                frame802154_check_dest_panid
                0x00000000000237a2                frame802154_is_broadcast_addr
                0x00000000000237ef                frame802154_extract_linkaddr
                0x0000000000023a2f                frame802154_hdrlen
                0x0000000000023a80                frame802154_create
                0x0000000000023c6b                frame802154_parse
 .text          0x0000000000023f74        0x0 /usr/lib/gcc/i686-linux-gnu/4.8/crtendS.o
 .text          0x0000000000023f74        0x0 /usr/lib/gcc/i686-linux-gnu/4.8/../../../i386-linux-gnu/crtn.o
 *(.gnu.warning)

.fini           0x0000000000023f74       0x14
 *(SORT(.fini))
 .fini          0x0000000000023f74        0xf /usr/lib/gcc/i686-linux-gnu/4.8/../../../i386-linux-gnu/crti.o
                0x0000000000023f74                _fini
 .fini          0x0000000000023f83        0x5 /usr/lib/gcc/i686-linux-gnu/4.8/../../../i386-linux-gnu/crtn.o
                0x0000000000023f88                PROVIDE (__etext, .)
                0x0000000000023f88                PROVIDE (_etext, .)
                0x0000000000023f88                PROVIDE (etext, .)

.rodata         0x0000000000023fa0      0x8c0
 *(.rodata .rodata.* .gnu.linkonce.r.*)
 .rodata        0x0000000000023fa0      0x2da udp-client.co
                0x0000000000023fb4                autostart_processes
 *fill*         0x000000000002427a        0x2 
 .rodata        0x000000000002427c      0x157 obj_cooja/mtype888.o
 *fill*         0x00000000000243d3        0x1 
 .rodata        0x00000000000243d4        0x8 obj_cooja/mtype888.a(beep.o)
                0x00000000000243d4                beep_interface
 .rodata        0x00000000000243dc       0x20 obj_cooja/mtype888.a(button-sensor.o)
                0x00000000000243dc                button_interface
                0x00000000000243ec                button_sensor
 .rodata        0x00000000000243fc        0x8 obj_cooja/mtype888.a(leds-arch.o)
                0x00000000000243fc                leds_interface
 .rodata        0x0000000000024404        0x8 obj_cooja/mtype888.a(moteid.o)
                0x0000000000024404                moteid_interface
 .rodata        0x000000000002440c       0x1c obj_cooja/mtype888.a(pir-sensor.o)
                0x000000000002440c                pir_interface
                0x0000000000024418                pir_sensor
 .rodata        0x0000000000024428        0xe obj_cooja/mtype888.a(rs232.o)
                0x0000000000024428                rs232_interface
 *fill*         0x0000000000024436        0x2 
 .rodata        0x0000000000024438       0x24 obj_cooja/mtype888.a(vib-sensor.o)
                0x0000000000024438                vib_interface
                0x000000000002444c                vib_sensor
 .rodata        0x000000000002445c        0x8 obj_cooja/mtype888.a(clock.o)
                0x000000000002445c                clock_interface
 .rodata        0x0000000000024464        0x8 obj_cooja/mtype888.a(log.o)
                0x0000000000024464                simlog_interface
 .rodata        0x000000000002446c       0x2f obj_cooja/mtype888.a(cfs-cooja.o)
                0x000000000002446c                cfs_interface
 *fill*         0x000000000002449b        0x5 
 .rodata        0x00000000000244a0       0x60 obj_cooja/mtype888.a(cooja-radio.o)
                0x00000000000244c0                cooja_radio_driver
                0x00000000000244f8                radio_interface
 .rodata        0x0000000000024500        0x8 obj_cooja/mtype888.a(eeprom.o)
                0x0000000000024500                eeprom_interface
 .rodata        0x0000000000024508        0x8 obj_cooja/mtype888.a(sensors.o)
 .rodata        0x0000000000024510        0xf obj_cooja/mtype888.a(ctimer.o)
 .rodata        0x000000000002451f        0xc obj_cooja/mtype888.a(etimer.o)
 *fill*         0x000000000002452b        0x1 
 .rodata        0x000000000002452c       0x73 obj_cooja/mtype888.a(log_message.o)
 *fill*         0x000000000002459f        0x1 
 .rodata        0x00000000000245a0       0x20 obj_cooja/mtype888.a(residual.o)
 .rodata        0x00000000000245c0        0xe obj_cooja/mtype888.a(serial-line.o)
 *fill*         0x00000000000245ce        0x2 
 .rodata        0x00000000000245d0       0x2c obj_cooja/mtype888.a(sicslowpan.o)
                0x00000000000245d0                unc_llconf
                0x00000000000245d4                unc_ctxconf
                0x00000000000245d8                unc_mxconf
                0x00000000000245dc                llprefix
                0x00000000000245f0                sicslowpan_driver
 .rodata        0x00000000000245fc      0x13c obj_cooja/mtype888.a(uip6.o)
 .rodata        0x0000000000024738       0x49 obj_cooja/mtype888.a(tcpip.o)
 .rodata        0x0000000000024781       0x3e obj_cooja/mtype888.a(uip-debug.o)
 *fill*         0x00000000000247bf        0x1 
 .rodata        0x00000000000247c0        0x4 obj_cooja/mtype888.a(rpl-dag.o)
 .rodata        0x00000000000247c4       0x24 obj_cooja/mtype888.a(csma.o)
                0x00000000000247cc                csma_driver
 .rodata        0x00000000000247e8        0xc obj_cooja/mtype888.a(framer-802154.o)
                0x00000000000247e8                framer_802154
 *fill*         0x00000000000247f4        0xc 
 .rodata        0x0000000000024800       0x40 obj_cooja/mtype888.a(cxmac.o)
                0x0000000000024820                cxmac_driver
 .rodata        0x0000000000024840        0x8 obj_cooja/mtype888.a(linkaddr.o)
                0x0000000000024840                linkaddr_null
 .rodata        0x0000000000024848       0x18 obj_cooja/mtype888.a(nullsec.o)
                0x0000000000024850                nullsec_driver

.rodata1
 *(.rodata1)

.eh_frame_hdr   0x0000000000024860     0x135c
 *(.eh_frame_hdr)
 .eh_frame_hdr  0x0000000000024860     0x135c udp-client.co

.eh_frame       0x0000000000025bbc     0x4ec8
 *(.eh_frame)
 .eh_frame      0x0000000000025bbc       0x3c /usr/lib/gcc/i686-linux-gnu/4.8/../../../i386-linux-gnu/crti.o
                                         0x40 (size before relaxing)
 .eh_frame      0x0000000000025bf8       0xb4 udp-client.co
                                         0xcc (size before relaxing)
 .eh_frame      0x0000000000025cac      0x148 obj_cooja/mtype888.o
                                        0x160 (size before relaxing)
 .eh_frame      0x0000000000025df4       0x40 obj_cooja/mtype888.a(simEnvChange.o)
                                         0x58 (size before relaxing)
 .eh_frame      0x0000000000025e34       0xc0 obj_cooja/mtype888.a(cooja_mt.o)
                                         0xd8 (size before relaxing)
 .eh_frame      0x0000000000025ef4      0x120 obj_cooja/mtype888.a(cooja_mtarch.o)
                                        0x138 (size before relaxing)
 .eh_frame      0x0000000000026014       0xc0 obj_cooja/mtype888.a(rtimer-arch.o)
                                         0xd8 (size before relaxing)
 .eh_frame      0x00000000000260d4      0x160 obj_cooja/mtype888.a(beep.o)
                                        0x178 (size before relaxing)
 .eh_frame      0x0000000000026234       0xa0 obj_cooja/mtype888.a(button-sensor.o)
                                         0xb8 (size before relaxing)
 .eh_frame      0x00000000000262d4       0xa0 obj_cooja/mtype888.a(leds-arch.o)
                                         0xb8 (size before relaxing)
 .eh_frame      0x0000000000026374       0x40 obj_cooja/mtype888.a(moteid.o)
                                         0x58 (size before relaxing)
 .eh_frame      0x00000000000263b4       0xa0 obj_cooja/mtype888.a(pir-sensor.o)
                                         0xb8 (size before relaxing)
 .eh_frame      0x0000000000026454      0x100 obj_cooja/mtype888.a(rs232.o)
                                        0x118 (size before relaxing)
 .eh_frame      0x0000000000026554       0xa0 obj_cooja/mtype888.a(vib-sensor.o)
                                         0xb8 (size before relaxing)
 .eh_frame      0x00000000000265f4       0xc0 obj_cooja/mtype888.a(clock.o)
                                         0xd8 (size before relaxing)
 .eh_frame      0x00000000000266b4      0x120 obj_cooja/mtype888.a(log.o)
                                        0x138 (size before relaxing)
 .eh_frame      0x00000000000267d4      0x160 obj_cooja/mtype888.a(cfs-cooja.o)
                                        0x178 (size before relaxing)
 .eh_frame      0x0000000000026934      0x2e0 obj_cooja/mtype888.a(cooja-radio.o)
                                        0x2f8 (size before relaxing)
 .eh_frame      0x0000000000026c14       0xa0 obj_cooja/mtype888.a(eeprom.o)
                                         0xb8 (size before relaxing)
 .eh_frame      0x0000000000026cb4       0x40 obj_cooja/mtype888.a(random.o)
                                         0x58 (size before relaxing)
 .eh_frame      0x0000000000026cf4       0xc0 obj_cooja/mtype888.a(sensors.o)
                                         0xd8 (size before relaxing)
 .eh_frame      0x0000000000026db4       0x40 obj_cooja/mtype888.a(autostart.o)
                                         0x58 (size before relaxing)
 .eh_frame      0x0000000000026df4      0x100 obj_cooja/mtype888.a(ctimer.o)
                                        0x118 (size before relaxing)
 .eh_frame      0x0000000000026ef4      0x1e0 obj_cooja/mtype888.a(etimer.o)
                                        0x1f8 (size before relaxing)
 .eh_frame      0x00000000000270d4       0x40 obj_cooja/mtype888.a(log_message.o)
                                         0x58 (size before relaxing)
 .eh_frame      0x0000000000027114      0x1c8 obj_cooja/mtype888.a(process.o)
                                        0x1e0 (size before relaxing)
 .eh_frame      0x00000000000272dc       0x2c obj_cooja/mtype888.a(residual.o)
                                         0x44 (size before relaxing)
 .eh_frame      0x0000000000027308       0x60 obj_cooja/mtype888.a(rtimer.o)
                                         0x78 (size before relaxing)
 .eh_frame      0x0000000000027368       0xc4 obj_cooja/mtype888.a(stimer.o)
                                         0xdc (size before relaxing)
 .eh_frame      0x000000000002742c       0xa4 obj_cooja/mtype888.a(timer.o)
                                         0xbc (size before relaxing)
 .eh_frame      0x00000000000274d0       0x60 obj_cooja/mtype888.a(serial-line.o)
                                         0x78 (size before relaxing)
 .eh_frame      0x0000000000027530      0x180 obj_cooja/mtype888.a(list.o)
                                        0x198 (size before relaxing)
 .eh_frame      0x00000000000276b0       0xa0 obj_cooja/mtype888.a(ringbuf.o)
                                         0xb8 (size before relaxing)
 .eh_frame      0x0000000000027750      0x350 obj_cooja/mtype888.a(sicslowpan.o)
                                        0x368 (size before relaxing)
 .eh_frame      0x0000000000027aa0      0x180 obj_cooja/mtype888.a(uip-ds6-nbr.o)
                                        0x198 (size before relaxing)
 .eh_frame      0x0000000000027c20      0x2a0 obj_cooja/mtype888.a(uip-ds6-route.o)
                                        0x2b8 (size before relaxing)
 .eh_frame      0x0000000000027ec0      0x2c8 obj_cooja/mtype888.a(uip-ds6.o)
                                        0x2e0 (size before relaxing)
 .eh_frame      0x0000000000028188      0x27c obj_cooja/mtype888.a(uip6.o)
                                        0x294 (size before relaxing)
 .eh_frame      0x0000000000028404      0x270 obj_cooja/mtype888.a(tcpip.o)
                                        0x288 (size before relaxing)
 .eh_frame      0x0000000000028674       0x48 obj_cooja/mtype888.a(uip-debug.o)
                                         0x60 (size before relaxing)
 .eh_frame      0x00000000000286bc       0xe0 obj_cooja/mtype888.a(uip-packetqueue)
                                         0xf8 (size before relaxing)
 .eh_frame      0x000000000002879c       0x40 obj_cooja/mtype888.a(uip-udp-packet.)
                                         0x58 (size before relaxing)
 .eh_frame      0x00000000000287dc      0x74c obj_cooja/mtype888.a(rpl-dag.o)
                                        0x764 (size before relaxing)
 .eh_frame      0x0000000000028f28      0x10c obj_cooja/mtype888.a(rpl-ext-header.)
                                        0x124 (size before relaxing)
 .eh_frame      0x0000000000029034      0x2b8 obj_cooja/mtype888.a(rpl-icmp6.o)
                                        0x2d0 (size before relaxing)
 .eh_frame      0x00000000000292ec       0xe0 obj_cooja/mtype888.a(rpl-ltmax.o)
                                         0xf8 (size before relaxing)
 .eh_frame      0x00000000000293cc      0x20c obj_cooja/mtype888.a(rpl-timers.o)
                                        0x224 (size before relaxing)
 .eh_frame      0x00000000000295d8      0x148 obj_cooja/mtype888.a(rpl.o)
                                        0x160 (size before relaxing)
 .eh_frame      0x0000000000029720      0x28c obj_cooja/mtype888.a(csma.o)
                                        0x2a4 (size before relaxing)
 .eh_frame      0x00000000000299ac      0x108 obj_cooja/mtype888.a(framer-802154.o)
                                        0x120 (size before relaxing)
 .eh_frame      0x0000000000029ab4       0x20 obj_cooja/mtype888.a(mac.o)
                                         0x38 (size before relaxing)
 .eh_frame      0x0000000000029ad4      0x25c obj_cooja/mtype888.a(cxmac.o)
                                        0x274 (size before relaxing)
 .eh_frame      0x0000000000029d30       0x60 obj_cooja/mtype888.a(linkaddr.o)
                                         0x78 (size before relaxing)
 .eh_frame      0x0000000000029d90      0x26c obj_cooja/mtype888.a(nbr-table.o)
                                        0x284 (size before relaxing)
 .eh_frame      0x0000000000029ffc       0x20 obj_cooja/mtype888.a(netstack.o)
                                         0x38 (size before relaxing)
 .eh_frame      0x000000000002a01c      0x214 obj_cooja/mtype888.a(packetbuf.o)
                                        0x22c (size before relaxing)
 .eh_frame      0x000000000002a230      0x1a0 obj_cooja/mtype888.a(queuebuf.o)
                                        0x1b8 (size before relaxing)
 .eh_frame      0x000000000002a3d0       0x80 obj_cooja/mtype888.a(nullsec.o)
                                         0x98 (size before relaxing)
 .eh_frame      0x000000000002a450       0xa0 obj_cooja/mtype888.a(watchdog.o)
                                         0xb8 (size before relaxing)
 .eh_frame      0x000000000002a4f0      0x100 obj_cooja/mtype888.a(leds.o)
                                        0x118 (size before relaxing)
 .eh_frame      0x000000000002a5f0       0xa0 obj_cooja/mtype888.a(memb.o)
                                         0xb8 (size before relaxing)
 .eh_frame      0x000000000002a690      0x164 obj_cooja/mtype888.a(uip-icmp6.o)
                                        0x17c (size before relaxing)
 .eh_frame      0x000000000002a7f4       0x68 obj_cooja/mtype888.a(uip-nd6.o)
                                         0x80 (size before relaxing)
 .eh_frame      0x000000000002a85c       0xc0 obj_cooja/mtype888.a(rpl-nbr-policy.)
                                         0xd8 (size before relaxing)
 .eh_frame      0x000000000002a91c      0x164 obj_cooja/mtype888.a(frame802154.o)
                                        0x17c (size before relaxing)
 .eh_frame      0x000000000002aa80        0x4 /usr/lib/gcc/i686-linux-gnu/4.8/crtendS.o

.gcc_except_table
 *(.gcc_except_table .gcc_except_table.*)

.exception_ranges
 *(.exception_ranges .exception_ranges*)
                0x000000000002aa84                . = (ALIGN (0x1000) - ((0x1000 - .) & 0xfff))
                0x000000000002bef8                . = DATA_SEGMENT_ALIGN (0x1000, 0x1000)

.eh_frame
 *(.eh_frame)

.gcc_except_table
 *(.gcc_except_table .gcc_except_table.*)

.exception_ranges
 *(.exception_ranges .exception_ranges*)

.tdata
 *(.tdata .tdata.* .gnu.linkonce.td.*)

.tbss
 *(.tbss .tbss.* .gnu.linkonce.tb.*)
 *(.tcommon)

.preinit_array
 *(.preinit_array)

.init_array     0x000000000002bef8        0x4
 *(SORT(.init_array.*) SORT(.ctors.*))
 *(.init_array EXCLUDE_FILE(*crtend?.o *crtend.o *crtbegin?.o *crtbegin.o) .ctors)
 .init_array    0x000000000002bef8        0x4 /usr/lib/gcc/i686-linux-gnu/4.8/crtbeginS.o

.fini_array     0x000000000002befc        0x4
 *(SORT(.fini_array.*) SORT(.dtors.*))
 *(.fini_array EXCLUDE_FILE(*crtend?.o *crtend.o *crtbegin?.o *crtbegin.o) .dtors)
 .fini_array    0x000000000002befc        0x4 /usr/lib/gcc/i686-linux-gnu/4.8/crtbeginS.o

.ctors
 *crtbegin.o(.ctors)
 *crtbegin?.o(.ctors)
 *(EXCLUDE_FILE(*crtend?.o *crtend.o) .ctors)
 *(SORT(.ctors.*))
 *(.ctors)

.dtors
 *crtbegin.o(.dtors)
 *crtbegin?.o(.dtors)
 *(EXCLUDE_FILE(*crtend?.o *crtend.o) .dtors)
 *(SORT(.dtors.*))
 *(.dtors)

.jcr            0x000000000002bf00        0x4
 *(.jcr)
 .jcr           0x000000000002bf00        0x0 /usr/lib/gcc/i686-linux-gnu/4.8/crtbeginS.o
 .jcr           0x000000000002bf00        0x4 /usr/lib/gcc/i686-linux-gnu/4.8/crtendS.o

.data.rel.ro
 *(.data.rel.ro.local* .gnu.linkonce.d.rel.ro.local.*)
 *(.data.rel.ro .data.rel.ro.* .gnu.linkonce.d.rel.ro.*)

.dynamic        0x000000000002bf04       0xe8
 *(.dynamic)
 .dynamic       0x000000000002bf04       0xe8 /usr/lib/gcc/i686-linux-gnu/4.8/../../../i386-linux-gnu/crti.o
                0x000000000002bf04                _DYNAMIC

.got            0x000000000002bfec       0x14
 *(.got)
 .got           0x000000000002bfec       0x14 /usr/lib/gcc/i686-linux-gnu/4.8/../../../i386-linux-gnu/crti.o
 *(.igot)
                0x000000000002cff4                . = DATA_SEGMENT_RELRO_END (., (SIZEOF (.got.plt) >= 0xc)?0xc:0x0)

.got.plt        0x000000000002c000       0x14
 *(.got.plt)
 .got.plt       0x000000000002c000       0x14 /usr/lib/gcc/i686-linux-gnu/4.8/../../../i386-linux-gnu/crti.o
                0x000000000002c000                _GLOBAL_OFFSET_TABLE_
 *(.igot.plt)

.data           0x000000000002c020      0x26a
 *(.data .data.* .gnu.linkonce.d.*)
 .data          0x000000000002c020        0x0 /usr/lib/gcc/i686-linux-gnu/4.8/../../../i386-linux-gnu/crti.o
 .data          0x000000000002c020        0x0 /usr/lib/gcc/i686-linux-gnu/4.8/crtbeginS.o
 .data.rel      0x000000000002c020        0x4 /usr/lib/gcc/i686-linux-gnu/4.8/crtbeginS.o
                0x000000000002c020                __dso_handle
 .data          0x000000000002c024       0x10 udp-client.co
                0x000000000002c024                udp_client_process
 *fill*         0x000000000002c034        0xc 
 .data          0x000000000002c040       0x44 obj_cooja/mtype888.o
                0x000000000002c040                simInterfaces
                0x000000000002c074                sensors
 .data          0x000000000002c084        0x0 obj_cooja/mtype888.a(simEnvChange.o)
 .data          0x000000000002c084        0x0 obj_cooja/mtype888.a(cooja_mt.o)
 .data          0x000000000002c084        0x0 obj_cooja/mtype888.a(cooja_mtarch.o)
 .data          0x000000000002c084        0x0 obj_cooja/mtype888.a(rtimer-arch.o)
 .data          0x000000000002c084        0x0 obj_cooja/mtype888.a(beep.o)
 .data          0x000000000002c084        0x0 obj_cooja/mtype888.a(button-sensor.o)
 .data          0x000000000002c084        0x0 obj_cooja/mtype888.a(leds-arch.o)
 .data          0x000000000002c084        0x0 obj_cooja/mtype888.a(moteid.o)
 .data          0x000000000002c084        0x0 obj_cooja/mtype888.a(pir-sensor.o)
 .data          0x000000000002c084        0x0 obj_cooja/mtype888.a(rs232.o)
 .data          0x000000000002c084        0x0 obj_cooja/mtype888.a(vib-sensor.o)
 .data          0x000000000002c084        0x0 obj_cooja/mtype888.a(clock.o)
 .data          0x000000000002c084        0x0 obj_cooja/mtype888.a(log.o)
 .data          0x000000000002c084        0x0 obj_cooja/mtype888.a(cfs-cooja.o)
 .data          0x000000000002c084       0x40 obj_cooja/mtype888.a(cooja-radio.o)
                0x000000000002c084                simRadioChannelLR
                0x000000000002c088                simRadioHWOnLR
                0x000000000002c08c                simSignalStrengthLR
                0x000000000002c090                simLastSignalStrengthLR
                0x000000000002c094                simPowerLR
                0x000000000002c098                simLQILR
                0x000000000002c09c                simRadioChannel
                0x000000000002c0a0                simRadioHWOn
                0x000000000002c0a4                simSignalStrength
                0x000000000002c0a8                simLastSignalStrength
                0x000000000002c0ac                simPower
                0x000000000002c0b0                simLQI
                0x000000000002c0b4                cooja_radio_process
 .data          0x000000000002c0c4        0x0 obj_cooja/mtype888.a(eeprom.o)
 .data          0x000000000002c0c4        0x0 obj_cooja/mtype888.a(random.o)
 .data          0x000000000002c0c4       0x10 obj_cooja/mtype888.a(sensors.o)
                0x000000000002c0c4                sensors_process
 .data          0x000000000002c0d4        0x0 obj_cooja/mtype888.a(autostart.o)
 .data          0x000000000002c0d4       0x14 obj_cooja/mtype888.a(ctimer.o)
                0x000000000002c0d8                ctimer_process
 .data          0x000000000002c0e8       0x10 obj_cooja/mtype888.a(etimer.o)
                0x000000000002c0e8                etimer_process
 .data          0x000000000002c0f8        0x0 obj_cooja/mtype888.a(log_message.o)
 .data          0x000000000002c0f8        0x0 obj_cooja/mtype888.a(process.o)
 .data          0x000000000002c0f8        0x0 obj_cooja/mtype888.a(residual.o)
 .data          0x000000000002c0f8        0x0 obj_cooja/mtype888.a(rtimer.o)
 .data          0x000000000002c0f8        0x0 obj_cooja/mtype888.a(stimer.o)
 .data          0x000000000002c0f8        0x0 obj_cooja/mtype888.a(timer.o)
 .data          0x000000000002c0f8       0x10 obj_cooja/mtype888.a(serial-line.o)
                0x000000000002c0f8                serial_line_process
 .data          0x000000000002c108        0x0 obj_cooja/mtype888.a(list.o)
 .data          0x000000000002c108        0x0 obj_cooja/mtype888.a(ringbuf.o)
 .data          0x000000000002c108        0x0 obj_cooja/mtype888.a(sicslowpan.o)
 .data          0x000000000002c108       0x14 obj_cooja/mtype888.a(uip-ds6-nbr.o)
                0x000000000002c118                ds6_neighbors
 .data          0x000000000002c11c       0x44 obj_cooja/mtype888.a(uip-ds6-route.o)
                0x000000000002c12c                nbr_routes
 .data          0x000000000002c160        0x0 obj_cooja/mtype888.a(uip-ds6.o)
 .data          0x000000000002c160        0x0 obj_cooja/mtype888.a(uip6.o)
 .data          0x000000000002c160       0x10 obj_cooja/mtype888.a(tcpip.o)
                0x000000000002c160                tcpip_process
 .data          0x000000000002c170        0x0 obj_cooja/mtype888.a(uip-debug.o)
 .data          0x000000000002c170        0xc obj_cooja/mtype888.a(uip-packetqueue)
 .data          0x000000000002c17c        0x0 obj_cooja/mtype888.a(uip-udp-packet.)
 .data          0x000000000002c17c       0x28 obj_cooja/mtype888.a(rpl-dag.o)
                0x000000000002c18c                rpl_parents
                0x000000000002c1a0                rpl_children
 .data          0x000000000002c1a4        0x0 obj_cooja/mtype888.a(rpl-ext-header.)
 .data          0x000000000002c1a4       0x34 obj_cooja/mtype888.a(rpl-icmp6.o)
 .data          0x000000000002c1d8       0x1c obj_cooja/mtype888.a(rpl-ltmax.o)
                0x000000000002c1d8                rpl_ltmax_of
 .data          0x000000000002c1f4        0x0 obj_cooja/mtype888.a(rpl-timers.o)
 .data          0x000000000002c1f4        0x0 obj_cooja/mtype888.a(rpl.o)
 .data          0x000000000002c1f4       0x28 obj_cooja/mtype888.a(csma.o)
 .data          0x000000000002c21c        0x0 obj_cooja/mtype888.a(framer-802154.o)
 .data          0x000000000002c21c        0x0 obj_cooja/mtype888.a(mac.o)
 .data          0x000000000002c21c       0x20 obj_cooja/mtype888.a(cxmac.o)
                0x000000000002c21c                cxmac_config
 .data          0x000000000002c23c        0x0 obj_cooja/mtype888.a(linkaddr.o)
 .data          0x000000000002c23c       0x10 obj_cooja/mtype888.a(nbr-table.o)
 .data          0x000000000002c24c        0x0 obj_cooja/mtype888.a(netstack.o)
 .data          0x000000000002c24c        0x4 obj_cooja/mtype888.a(packetbuf.o)
 .data          0x000000000002c250       0x18 obj_cooja/mtype888.a(queuebuf.o)
 .data          0x000000000002c268        0x0 obj_cooja/mtype888.a(nullsec.o)
 .data          0x000000000002c268        0x0 obj_cooja/mtype888.a(watchdog.o)
 .data          0x000000000002c268        0x0 obj_cooja/mtype888.a(rimestats.o)
 .data          0x000000000002c268        0x0 obj_cooja/mtype888.a(leds.o)
 .data          0x000000000002c268        0x0 obj_cooja/mtype888.a(memb.o)
 .data          0x000000000002c268       0x20 obj_cooja/mtype888.a(uip-icmp6.o)
 .data          0x000000000002c288        0x0 obj_cooja/mtype888.a(uip-nd6.o)
 .data          0x000000000002c288        0x0 obj_cooja/mtype888.a(rpl-nbr-policy.)
 .data          0x000000000002c288        0x2 obj_cooja/mtype888.a(frame802154.o)
 .data          0x000000000002c28a        0x0 /usr/lib/gcc/i686-linux-gnu/4.8/crtendS.o
 .data          0x000000000002c28a        0x0 /usr/lib/gcc/i686-linux-gnu/4.8/../../../i386-linux-gnu/crtn.o

.tm_clone_table
                0x000000000002c28c        0x0
 .tm_clone_table
                0x000000000002c28c        0x0 /usr/lib/gcc/i686-linux-gnu/4.8/crtbeginS.o
 .tm_clone_table
                0x000000000002c28c        0x0 /usr/lib/gcc/i686-linux-gnu/4.8/crtendS.o

.data1
 *(.data1)
                0x000000000002c28c                _edata = .
                0x000000000002c28c                PROVIDE (edata, .)
                0x000000000002c28c                . = .
                0x000000000002c28c                __bss_start = .

.bss            0x000000000002c2a0     0x8368
 *(.dynbss)
 .dynbss        0x0000000000000000        0x0 /usr/lib/gcc/i686-linux-gnu/4.8/../../../i386-linux-gnu/crti.o
 *(.bss .bss.* .gnu.linkonce.b.*)
 .bss           0x000000000002c2a0        0x0 /usr/lib/gcc/i686-linux-gnu/4.8/../../../i386-linux-gnu/crti.o
 .bss           0x000000000002c2a0        0x1 /usr/lib/gcc/i686-linux-gnu/4.8/crtbeginS.o
 *fill*         0x000000000002c2a1       0x1f 
 .bss           0x000000000002c2c0       0x60 udp-client.co
                0x000000000002c2c0                my_weight
 .bss           0x000000000002c320     0x2030 obj_cooja/mtype888.o
 .bss           0x000000000002e350        0x1 obj_cooja/mtype888.a(simEnvChange.o)
                0x000000000002e350                simDontFallAsleep
 *fill*         0x000000000002e351        0x3 
 .bss           0x000000000002e354        0x4 obj_cooja/mtype888.a(cooja_mt.o)
 .bss           0x000000000002e358        0x4 obj_cooja/mtype888.a(cooja_mtarch.o)
 .bss           0x000000000002e35c        0xc obj_cooja/mtype888.a(rtimer-arch.o)
 .bss           0x000000000002e368        0x0 obj_cooja/mtype888.a(beep.o)
 .bss           0x000000000002e368        0x8 obj_cooja/mtype888.a(button-sensor.o)
 .bss           0x000000000002e370        0x0 obj_cooja/mtype888.a(leds-arch.o)
 .bss           0x000000000002e370        0x0 obj_cooja/mtype888.a(moteid.o)
 .bss           0x000000000002e370        0x1 obj_cooja/mtype888.a(pir-sensor.o)
                0x000000000002e370                simPirValue
 *fill*         0x000000000002e371        0x3 
 .bss           0x000000000002e374        0x4 obj_cooja/mtype888.a(rs232.o)
 .bss           0x000000000002e378        0x1 obj_cooja/mtype888.a(vib-sensor.o)
                0x000000000002e378                simVibValue
 .bss           0x000000000002e379        0x0 obj_cooja/mtype888.a(clock.o)
 *fill*         0x000000000002e379        0x7 
 .bss           0x000000000002e380      0x420 obj_cooja/mtype888.a(log.o)
 .bss           0x000000000002e7a0      0xfc0 obj_cooja/mtype888.a(cfs-cooja.o)
                0x000000000002e7a0                simCFSData
                0x000000000002f740                simCFSSize
                0x000000000002f744                simCFSChanged
                0x000000000002f748                simCFSRead
                0x000000000002f74c                simCFSWritten
 .bss           0x000000000002f760       0x24 obj_cooja/mtype888.a(cooja-radio.o)
                0x000000000002f760                simReceivingLR
                0x000000000002f764                simInSizeLR
                0x000000000002f768                simOutSizeLR
                0x000000000002f76c                simReceiving
                0x000000000002f770                simInSize
                0x000000000002f774                simOutSize
                0x000000000002f778                LongRangeTransmit
                0x000000000002f77c                LongRangeReceiving
 .bss           0x000000000002f784        0xc obj_cooja/mtype888.a(eeprom.o)
                0x000000000002f784                simEEPROMChanged
                0x000000000002f788                simEEPROMRead
                0x000000000002f78c                simEEPROMWritten
 .bss           0x000000000002f790        0x0 obj_cooja/mtype888.a(random.o)
 .bss           0x000000000002f790        0xc obj_cooja/mtype888.a(sensors.o)
 .bss           0x000000000002f79c        0x0 obj_cooja/mtype888.a(autostart.o)
 .bss           0x000000000002f79c        0x5 obj_cooja/mtype888.a(ctimer.o)
 *fill*         0x000000000002f7a1        0x3 
 .bss           0x000000000002f7a4        0x8 obj_cooja/mtype888.a(etimer.o)
 .bss           0x000000000002f7ac        0x0 obj_cooja/mtype888.a(log_message.o)
 *fill*         0x000000000002f7ac       0x14 
 .bss           0x000000000002f7c0      0x1b1 obj_cooja/mtype888.a(process.o)
                0x000000000002f7c0                process_list
                0x000000000002f7c4                process_current
 .bss           0x000000000002f971        0x0 obj_cooja/mtype888.a(residual.o)
 *fill*         0x000000000002f971        0x3 
 .bss           0x000000000002f974        0x4 obj_cooja/mtype888.a(rtimer.o)
 .bss           0x000000000002f978        0x0 obj_cooja/mtype888.a(stimer.o)
 .bss           0x000000000002f978        0x0 obj_cooja/mtype888.a(timer.o)
 *fill*         0x000000000002f978        0x8 
 .bss           0x000000000002f980      0x140 obj_cooja/mtype888.a(serial-line.o)
 .bss           0x000000000002fac0        0x0 obj_cooja/mtype888.a(list.o)
 .bss           0x000000000002fac0        0x0 obj_cooja/mtype888.a(ringbuf.o)
 .bss           0x000000000002fac0      0x70c obj_cooja/mtype888.a(sicslowpan.o)
 *fill*         0x00000000000301cc       0x14 
 .bss           0x00000000000301e0       0xc0 obj_cooja/mtype888.a(uip-ds6-nbr.o)
 .bss           0x00000000000302a0      0x4a8 obj_cooja/mtype888.a(uip-ds6-route.o)
 .bss           0x0000000000030748       0x20 obj_cooja/mtype888.a(uip-ds6.o)
 .bss           0x0000000000030768        0xe obj_cooja/mtype888.a(uip6.o)
                0x0000000000030768                uip_ext_bitmap
                0x0000000000030769                uip_ext_len
                0x000000000003076a                uip_ext_opt_offset
 *fill*         0x0000000000030776        0xa 
 .bss           0x0000000000030780       0x6b obj_cooja/mtype888.a(tcpip.o)
 .bss           0x00000000000307eb        0x0 obj_cooja/mtype888.a(uip-debug.o)
 *fill*         0x00000000000307eb       0x15 
 .bss           0x0000000000030800      0xcf8 obj_cooja/mtype888.a(uip-packetqueue)
 .bss           0x00000000000314f8        0x0 obj_cooja/mtype888.a(uip-udp-packet.)
 *fill*         0x00000000000314f8        0x8 
 .bss           0x0000000000031500       0x88 obj_cooja/mtype888.a(rpl-dag.o)
 .bss           0x0000000000031588        0x0 obj_cooja/mtype888.a(rpl-ext-header.)
 .bss           0x0000000000031588        0x0 obj_cooja/mtype888.a(rpl-icmp6.o)
 .bss           0x0000000000031588        0x0 obj_cooja/mtype888.a(rpl-ltmax.o)
 *fill*         0x0000000000031588       0x18 
 .bss           0x00000000000315a0       0x23 obj_cooja/mtype888.a(rpl-timers.o)
 *fill*         0x00000000000315c3        0x1 
 .bss           0x00000000000315c4        0x4 obj_cooja/mtype888.a(rpl.o)
 *fill*         0x00000000000315c8       0x18 
 .bss           0x00000000000315e0      0x248 obj_cooja/mtype888.a(csma.o)
 .bss           0x0000000000031828        0x2 obj_cooja/mtype888.a(framer-802154.o)
 .bss           0x000000000003182a        0x0 obj_cooja/mtype888.a(mac.o)
 *fill*         0x000000000003182a       0x16 
 .bss           0x0000000000031840       0xa0 obj_cooja/mtype888.a(cxmac.o)
 .bss           0x00000000000318e0        0x0 obj_cooja/mtype888.a(linkaddr.o)
 .bss           0x00000000000318e0       0xc4 obj_cooja/mtype888.a(nbr-table.o)
 .bss           0x00000000000319a4        0x0 obj_cooja/mtype888.a(netstack.o)
 *fill*         0x00000000000319a4       0x1c 
 .bss           0x00000000000319c0       0xa0 obj_cooja/mtype888.a(packetbuf.o)
 .bss           0x0000000000031a60      0xb80 obj_cooja/mtype888.a(queuebuf.o)
 .bss           0x00000000000325e0        0x0 obj_cooja/mtype888.a(nullsec.o)
 .bss           0x00000000000325e0        0x0 obj_cooja/mtype888.a(watchdog.o)
 .bss           0x00000000000325e0        0x0 obj_cooja/mtype888.a(rimestats.o)
 .bss           0x00000000000325e0        0x1 obj_cooja/mtype888.a(leds.o)
 .bss           0x00000000000325e1        0x0 obj_cooja/mtype888.a(memb.o)
 *fill*         0x00000000000325e1        0x3 
 .bss           0x00000000000325e4       0x18 obj_cooja/mtype888.a(uip-icmp6.o)
 .bss           0x00000000000325fc        0x0 obj_cooja/mtype888.a(uip-nd6.o)
 *fill*         0x00000000000325fc        0x4 
 .bss           0x0000000000032600       0x44 obj_cooja/mtype888.a(rpl-nbr-policy.)
 .bss           0x0000000000032644        0x0 obj_cooja/mtype888.a(frame802154.o)
 .bss           0x0000000000032644        0x0 /usr/lib/gcc/i686-linux-gnu/4.8/crtendS.o
 .bss           0x0000000000032644        0x0 /usr/lib/gcc/i686-linux-gnu/4.8/../../../i386-linux-gnu/crtn.o
 *(COMMON)
 COMMON         0x0000000000032644       0x48 udp-client.co
                0x0000000000032644                dio_count
                0x0000000000032648                dis_count
                0x000000000003264c                collision_count
                0x0000000000032650                transmission_count
                0x0000000000032654                COOJA_radioRxLong
                0x0000000000032658                control_message_count
                0x000000000003265c                dao_count
                0x0000000000032660                COOJA_radioTx
                0x0000000000032664                data_relay_count
                0x0000000000032668                data_message_count
                0x000000000003266c                my_sink_reachability
                0x0000000000032670                COOJA_radioTxLong
                0x0000000000032674                COOJA_radioRx
                0x0000000000032678                my_parent_number
                0x000000000003267c                COOJA_radioOn
                0x0000000000032680                COOJA_duration
                0x0000000000032684                dio_ack_count
                0x0000000000032688                COOJA_radioOnLong
 COMMON         0x000000000003268c        0xc obj_cooja/mtype888.o
                0x000000000003268c                referenceVar
                0x0000000000032690                debugfp
                0x0000000000032694                sensors_flags
 COMMON         0x0000000000032698        0xc obj_cooja/mtype888.a(simEnvChange.o)
                0x0000000000032698                simEtimerPending
                0x000000000003269c                simProcessRunValue
                0x00000000000326a0                simNextExpirationTime
 COMMON         0x00000000000326a4        0x1 obj_cooja/mtype888.a(beep.o)
                0x00000000000326a4                simBeeped
 COMMON         0x00000000000326a5        0x3 obj_cooja/mtype888.a(button-sensor.o)
                0x00000000000326a5                simButtonIsActive
                0x00000000000326a6                simButtonIsDown
                0x00000000000326a7                simButtonChanged
 COMMON         0x00000000000326a8        0x1 obj_cooja/mtype888.a(leds-arch.o)
                0x00000000000326a8                simLedsValue
 *fill*         0x00000000000326a9        0x3 
 COMMON         0x00000000000326ac        0xc obj_cooja/mtype888.a(moteid.o)
                0x00000000000326ac                simRandomSeed
                0x00000000000326b0                simMoteIDChanged
                0x00000000000326b4                simMoteID
 COMMON         0x00000000000326b8        0x2 obj_cooja/mtype888.a(pir-sensor.o)
                0x00000000000326b8                simPirIsActive
                0x00000000000326b9                simPirChanged
 *fill*         0x00000000000326ba        0x6 
 COMMON         0x00000000000326c0      0x820 obj_cooja/mtype888.a(rs232.o)
                0x00000000000326c0                simSerialReceivingFlag
                0x00000000000326c4                simSerialReceivingLength
                0x00000000000326e0                simSerialReceivingData
 COMMON         0x0000000000032ee0        0x2 obj_cooja/mtype888.a(vib-sensor.o)
                0x0000000000032ee0                simVibChanged
                0x0000000000032ee1                simVibIsActive
 *fill*         0x0000000000032ee2        0x2 
 COMMON         0x0000000000032ee4        0x4 obj_cooja/mtype888.a(clock.o)
                0x0000000000032ee4                simCurrentTime
 *fill*         0x0000000000032ee8       0x18 
 COMMON         0x0000000000032f00      0x420 obj_cooja/mtype888.a(log.o)
                0x0000000000032f00                simLoggedLength
                0x0000000000032f04                simLoggedFlag
                0x0000000000032f20                simLoggedData
 COMMON         0x0000000000033320      0x200 obj_cooja/mtype888.a(cooja-radio.o)
                0x0000000000033320                simOutDataBuffer
                0x00000000000333a0                simInDataBufferLR
                0x0000000000033420                simOutDataBufferLR
                0x00000000000334a0                simInDataBuffer
 COMMON         0x0000000000033520      0x400 obj_cooja/mtype888.a(eeprom.o)
                0x0000000000033520                simEEPROMData
 COMMON         0x0000000000033920        0x1 obj_cooja/mtype888.a(sensors.o)
                0x0000000000033920                sensors_event
 *fill*         0x0000000000033921        0x3 
 COMMON         0x0000000000033924        0x4 obj_cooja/mtype888.a(log_message.o)
                0x0000000000033924                log_fp
 COMMON         0x0000000000033928        0x1 obj_cooja/mtype888.a(serial-line.o)
                0x0000000000033928                serial_line_event_message
 *fill*         0x0000000000033929       0x17 
 COMMON         0x0000000000033940      0x181 obj_cooja/mtype888.a(uip-ds6.o)
                0x0000000000033940                uip_ds6_prefix_list
                0x00000000000339a0                uip_ds6_timer_periodic
                0x00000000000339b0                uip_ds6_netif_addr_list_offset
                0x00000000000339c0                uip_ds6_if
                0x0000000000033ab8                uip_ds6_timer_ra
                0x0000000000033ac0                uip_ds6_addr_size
 *fill*         0x0000000000033ac1       0x1f 
 COMMON         0x0000000000033ae0      0x8ec obj_cooja/mtype888.a(uip6.o)
                0x0000000000033ae0                uip_slen
                0x0000000000033ae2                uip_acc32
                0x0000000000033b00                uip_conns
                0x0000000000033bc0                uip_lladdr
                0x0000000000033bc8                uip_appdata
                0x0000000000033bcc                uip_flags
                0x0000000000033be0                uip_aligned_buf
                0x0000000000034220                uip_listenports
                0x0000000000034230                uip_len
                0x0000000000034234                uip_sappdata
                0x0000000000034240                uip_udp_conns
                0x00000000000343c0                uip_udp_conn
                0x00000000000343c4                uip_next_hdr
                0x00000000000343c8                uip_conn
 COMMON         0x00000000000343cc        0x1 obj_cooja/mtype888.a(tcpip.o)
                0x00000000000343cc                tcpip_event
 *fill*         0x00000000000343cd       0x13 
 COMMON         0x00000000000343e0      0x198 obj_cooja/mtype888.a(rpl-dag.o)
                0x00000000000343e0                default_instance
                0x0000000000034400                instance_table
 COMMON         0x0000000000034578        0x8 obj_cooja/mtype888.a(linkaddr.o)
                0x0000000000034578                linkaddr_node_addr
 COMMON         0x0000000000034580       0x2e obj_cooja/mtype888.a(packetbuf.o)
                0x0000000000034580                packetbuf_attrs
                0x000000000003459e                packetbuf_addrs
 *fill*         0x00000000000345ae       0x12 
 COMMON         0x00000000000345c0       0x48 obj_cooja/mtype888.a(rimestats.o)
                0x00000000000345c0                rimestats
                0x0000000000034608                . = ALIGN ((. != 0x0)?0x4:0x1)
                0x0000000000034608                . = ALIGN (0x4)
                0x0000000000034608                . = SEGMENT_START ("ldata-segment", .)
                0x0000000000034608                . = ALIGN (0x4)
                0x0000000000034608                _end = .
                0x0000000000034608                PROVIDE (end, .)
                0x0000000000034608                . = DATA_SEGMENT_END (.)

.stab
 *(.stab)

.stabstr
 *(.stabstr)

.stab.excl
 *(.stab.excl)

.stab.exclstr
 *(.stab.exclstr)

.stab.index
 *(.stab.index)

.stab.indexstr
 *(.stab.indexstr)

.comment        0x0000000000000000       0x29
 *(.comment)
 .comment       0x0000000000000000       0x29 /usr/lib/gcc/i686-linux-gnu/4.8/crtbeginS.o
                                         0x2a (size before relaxing)
 .comment       0x0000000000000000       0x2a udp-client.co
 .comment       0x0000000000000000       0x2a obj_cooja/mtype888.o
 .comment       0x0000000000000000       0x2a obj_cooja/mtype888.a(simEnvChange.o)
 .comment       0x0000000000000000       0x2a obj_cooja/mtype888.a(cooja_mt.o)
 .comment       0x0000000000000000       0x2a obj_cooja/mtype888.a(cooja_mtarch.o)
 .comment       0x0000000000000000       0x2a obj_cooja/mtype888.a(rtimer-arch.o)
 .comment       0x0000000000000000       0x2a obj_cooja/mtype888.a(beep.o)
 .comment       0x0000000000000000       0x2a obj_cooja/mtype888.a(button-sensor.o)
 .comment       0x0000000000000000       0x2a obj_cooja/mtype888.a(leds-arch.o)
 .comment       0x0000000000000000       0x2a obj_cooja/mtype888.a(moteid.o)
 .comment       0x0000000000000000       0x2a obj_cooja/mtype888.a(pir-sensor.o)
 .comment       0x0000000000000000       0x2a obj_cooja/mtype888.a(rs232.o)
 .comment       0x0000000000000000       0x2a obj_cooja/mtype888.a(vib-sensor.o)
 .comment       0x0000000000000000       0x2a obj_cooja/mtype888.a(clock.o)
 .comment       0x0000000000000000       0x2a obj_cooja/mtype888.a(log.o)
 .comment       0x0000000000000000       0x2a obj_cooja/mtype888.a(cfs-cooja.o)
 .comment       0x0000000000000000       0x2a obj_cooja/mtype888.a(cooja-radio.o)
 .comment       0x0000000000000000       0x2a obj_cooja/mtype888.a(eeprom.o)
 .comment       0x0000000000000000       0x2a obj_cooja/mtype888.a(random.o)
 .comment       0x0000000000000000       0x2a obj_cooja/mtype888.a(sensors.o)
 .comment       0x0000000000000000       0x2a obj_cooja/mtype888.a(autostart.o)
 .comment       0x0000000000000000       0x2a obj_cooja/mtype888.a(ctimer.o)
 .comment       0x0000000000000000       0x2a obj_cooja/mtype888.a(etimer.o)
 .comment       0x0000000000000000       0x2a obj_cooja/mtype888.a(log_message.o)
 .comment       0x0000000000000000       0x2a obj_cooja/mtype888.a(process.o)
 .comment       0x0000000000000000       0x2a obj_cooja/mtype888.a(residual.o)
 .comment       0x0000000000000000       0x2a obj_cooja/mtype888.a(rtimer.o)
 .comment       0x0000000000000000       0x2a obj_cooja/mtype888.a(stimer.o)
 .comment       0x0000000000000000       0x2a obj_cooja/mtype888.a(timer.o)
 .comment       0x0000000000000000       0x2a obj_cooja/mtype888.a(serial-line.o)
 .comment       0x0000000000000000       0x2a obj_cooja/mtype888.a(list.o)
 .comment       0x0000000000000000       0x2a obj_cooja/mtype888.a(ringbuf.o)
 .comment       0x0000000000000000       0x2a obj_cooja/mtype888.a(sicslowpan.o)
 .comment       0x0000000000000000       0x2a obj_cooja/mtype888.a(uip-ds6-nbr.o)
 .comment       0x0000000000000000       0x2a obj_cooja/mtype888.a(uip-ds6-route.o)
 .comment       0x0000000000000000       0x2a obj_cooja/mtype888.a(uip-ds6.o)
 .comment       0x0000000000000000       0x2a obj_cooja/mtype888.a(uip6.o)
 .comment       0x0000000000000000       0x2a obj_cooja/mtype888.a(tcpip.o)
 .comment       0x0000000000000000       0x2a obj_cooja/mtype888.a(uip-debug.o)
 .comment       0x0000000000000000       0x2a obj_cooja/mtype888.a(uip-packetqueue)
 .comment       0x0000000000000000       0x2a obj_cooja/mtype888.a(uip-udp-packet.)
 .comment       0x0000000000000000       0x2a obj_cooja/mtype888.a(rpl-dag.o)
 .comment       0x0000000000000000       0x2a obj_cooja/mtype888.a(rpl-ext-header.)
 .comment       0x0000000000000000       0x2a obj_cooja/mtype888.a(rpl-icmp6.o)
 .comment       0x0000000000000000       0x2a obj_cooja/mtype888.a(rpl-ltmax.o)
 .comment       0x0000000000000000       0x2a obj_cooja/mtype888.a(rpl-timers.o)
 .comment       0x0000000000000000       0x2a obj_cooja/mtype888.a(rpl.o)
 .comment       0x0000000000000000       0x2a obj_cooja/mtype888.a(csma.o)
 .comment       0x0000000000000000       0x2a obj_cooja/mtype888.a(framer-802154.o)
 .comment       0x0000000000000000       0x2a obj_cooja/mtype888.a(mac.o)
 .comment       0x0000000000000000       0x2a obj_cooja/mtype888.a(cxmac.o)
 .comment       0x0000000000000000       0x2a obj_cooja/mtype888.a(linkaddr.o)
 .comment       0x0000000000000000       0x2a obj_cooja/mtype888.a(nbr-table.o)
 .comment       0x0000000000000000       0x2a obj_cooja/mtype888.a(netstack.o)
 .comment       0x0000000000000000       0x2a obj_cooja/mtype888.a(packetbuf.o)
 .comment       0x0000000000000000       0x2a obj_cooja/mtype888.a(queuebuf.o)
 .comment       0x0000000000000000       0x2a obj_cooja/mtype888.a(nullsec.o)
 .comment       0x0000000000000000       0x2a obj_cooja/mtype888.a(watchdog.o)
 .comment       0x0000000000000000       0x2a obj_cooja/mtype888.a(rimestats.o)
 .comment       0x0000000000000000       0x2a obj_cooja/mtype888.a(leds.o)
 .comment       0x0000000000000000       0x2a obj_cooja/mtype888.a(memb.o)
 .comment       0x0000000000000000       0x2a obj_cooja/mtype888.a(uip-icmp6.o)
 .comment       0x0000000000000000       0x2a obj_cooja/mtype888.a(uip-nd6.o)
 .comment       0x0000000000000000       0x2a obj_cooja/mtype888.a(rpl-nbr-policy.)
 .comment       0x0000000000000000       0x2a obj_cooja/mtype888.a(frame802154.o)
 .comment       0x0000000000000000       0x2a /usr/lib/gcc/i686-linux-gnu/4.8/crtendS.o

.debug
 *(.debug)

.line
 *(.line)

.debug_srcinfo
 *(.debug_srcinfo)

.debug_sfnames
 *(.debug_sfnames)

.debug_aranges  0x0000000000000000      0x818
 *(.debug_aranges)
 .debug_aranges
                0x0000000000000000       0x20 udp-client.co
 .debug_aranges
                0x0000000000000020       0x20 obj_cooja/mtype888.o
 .debug_aranges
                0x0000000000000040       0x20 obj_cooja/mtype888.a(simEnvChange.o)
 .debug_aranges
                0x0000000000000060       0x20 obj_cooja/mtype888.a(cooja_mt.o)
 .debug_aranges
                0x0000000000000080       0x20 obj_cooja/mtype888.a(cooja_mtarch.o)
 .debug_aranges
                0x00000000000000a0       0x20 obj_cooja/mtype888.a(rtimer-arch.o)
 .debug_aranges
                0x00000000000000c0       0x20 obj_cooja/mtype888.a(beep.o)
 .debug_aranges
                0x00000000000000e0       0x20 obj_cooja/mtype888.a(button-sensor.o)
 .debug_aranges
                0x0000000000000100       0x20 obj_cooja/mtype888.a(leds-arch.o)
 .debug_aranges
                0x0000000000000120       0x20 obj_cooja/mtype888.a(moteid.o)
 .debug_aranges
                0x0000000000000140       0x20 obj_cooja/mtype888.a(pir-sensor.o)
 .debug_aranges
                0x0000000000000160       0x20 obj_cooja/mtype888.a(rs232.o)
 .debug_aranges
                0x0000000000000180       0x20 obj_cooja/mtype888.a(vib-sensor.o)
 .debug_aranges
                0x00000000000001a0       0x20 obj_cooja/mtype888.a(clock.o)
 .debug_aranges
                0x00000000000001c0       0x20 obj_cooja/mtype888.a(log.o)
 .debug_aranges
                0x00000000000001e0       0x20 obj_cooja/mtype888.a(cfs-cooja.o)
 .debug_aranges
                0x0000000000000200       0x20 obj_cooja/mtype888.a(cooja-radio.o)
 .debug_aranges
                0x0000000000000220       0x20 obj_cooja/mtype888.a(eeprom.o)
 .debug_aranges
                0x0000000000000240       0x20 obj_cooja/mtype888.a(random.o)
 .debug_aranges
                0x0000000000000260       0x20 obj_cooja/mtype888.a(sensors.o)
 .debug_aranges
                0x0000000000000280       0x20 obj_cooja/mtype888.a(autostart.o)
 .debug_aranges
                0x00000000000002a0       0x20 obj_cooja/mtype888.a(ctimer.o)
 .debug_aranges
                0x00000000000002c0       0x20 obj_cooja/mtype888.a(etimer.o)
 .debug_aranges
                0x00000000000002e0       0x20 obj_cooja/mtype888.a(log_message.o)
 .debug_aranges
                0x0000000000000300       0x20 obj_cooja/mtype888.a(process.o)
 .debug_aranges
                0x0000000000000320       0x20 obj_cooja/mtype888.a(residual.o)
 .debug_aranges
                0x0000000000000340       0x20 obj_cooja/mtype888.a(rtimer.o)
 .debug_aranges
                0x0000000000000360       0x20 obj_cooja/mtype888.a(stimer.o)
 .debug_aranges
                0x0000000000000380       0x20 obj_cooja/mtype888.a(timer.o)
 .debug_aranges
                0x00000000000003a0       0x20 obj_cooja/mtype888.a(serial-line.o)
 .debug_aranges
                0x00000000000003c0       0x20 obj_cooja/mtype888.a(list.o)
 .debug_aranges
                0x00000000000003e0       0x20 obj_cooja/mtype888.a(ringbuf.o)
 .debug_aranges
                0x0000000000000400       0x20 obj_cooja/mtype888.a(sicslowpan.o)
 .debug_aranges
                0x0000000000000420       0x20 obj_cooja/mtype888.a(uip-ds6-nbr.o)
 .debug_aranges
                0x0000000000000440       0x20 obj_cooja/mtype888.a(uip-ds6-route.o)
 .debug_aranges
                0x0000000000000460       0x20 obj_cooja/mtype888.a(uip-ds6.o)
 .debug_aranges
                0x0000000000000480       0x20 obj_cooja/mtype888.a(uip6.o)
 .debug_aranges
                0x00000000000004a0       0x20 obj_cooja/mtype888.a(tcpip.o)
 .debug_aranges
                0x00000000000004c0       0x20 obj_cooja/mtype888.a(uip-debug.o)
 .debug_aranges
                0x00000000000004e0       0x20 obj_cooja/mtype888.a(uip-packetqueue)
 .debug_aranges
                0x0000000000000500       0x20 obj_cooja/mtype888.a(uip-udp-packet.)
 .debug_aranges
                0x0000000000000520       0x20 obj_cooja/mtype888.a(rpl-dag.o)
 .debug_aranges
                0x0000000000000540       0x20 obj_cooja/mtype888.a(rpl-ext-header.)
 .debug_aranges
                0x0000000000000560       0x20 obj_cooja/mtype888.a(rpl-icmp6.o)
 .debug_aranges
                0x0000000000000580       0x20 obj_cooja/mtype888.a(rpl-ltmax.o)
 .debug_aranges
                0x00000000000005a0       0x20 obj_cooja/mtype888.a(rpl-timers.o)
 .debug_aranges
                0x00000000000005c0       0x20 obj_cooja/mtype888.a(rpl.o)
 .debug_aranges
                0x00000000000005e0       0x20 obj_cooja/mtype888.a(csma.o)
 .debug_aranges
                0x0000000000000600       0x20 obj_cooja/mtype888.a(framer-802154.o)
 .debug_aranges
                0x0000000000000620       0x20 obj_cooja/mtype888.a(mac.o)
 .debug_aranges
                0x0000000000000640       0x20 obj_cooja/mtype888.a(cxmac.o)
 .debug_aranges
                0x0000000000000660       0x20 obj_cooja/mtype888.a(linkaddr.o)
 .debug_aranges
                0x0000000000000680       0x20 obj_cooja/mtype888.a(nbr-table.o)
 .debug_aranges
                0x00000000000006a0       0x20 obj_cooja/mtype888.a(netstack.o)
 .debug_aranges
                0x00000000000006c0       0x20 obj_cooja/mtype888.a(packetbuf.o)
 .debug_aranges
                0x00000000000006e0       0x20 obj_cooja/mtype888.a(queuebuf.o)
 .debug_aranges
                0x0000000000000700       0x20 obj_cooja/mtype888.a(nullsec.o)
 .debug_aranges
                0x0000000000000720       0x20 obj_cooja/mtype888.a(watchdog.o)
 .debug_aranges
                0x0000000000000740       0x18 obj_cooja/mtype888.a(rimestats.o)
 .debug_aranges
                0x0000000000000758       0x20 obj_cooja/mtype888.a(leds.o)
 .debug_aranges
                0x0000000000000778       0x20 obj_cooja/mtype888.a(memb.o)
 .debug_aranges
                0x0000000000000798       0x20 obj_cooja/mtype888.a(uip-icmp6.o)
 .debug_aranges
                0x00000000000007b8       0x20 obj_cooja/mtype888.a(uip-nd6.o)
 .debug_aranges
                0x00000000000007d8       0x20 obj_cooja/mtype888.a(rpl-nbr-policy.)
 .debug_aranges
                0x00000000000007f8       0x20 obj_cooja/mtype888.a(frame802154.o)

.debug_pubnames
 *(.debug_pubnames)

.debug_info     0x0000000000000000    0x1be14
 *(.debug_info .gnu.linkonce.wi.*)
 .debug_info    0x0000000000000000      0xa23 udp-client.co
 .debug_info    0x0000000000000a23     0x3a5f obj_cooja/mtype888.o
 .debug_info    0x0000000000004482      0x15a obj_cooja/mtype888.a(simEnvChange.o)
 .debug_info    0x00000000000045dc      0x1e2 obj_cooja/mtype888.a(cooja_mt.o)
 .debug_info    0x00000000000047be      0x2e7 obj_cooja/mtype888.a(cooja_mtarch.o)
 .debug_info    0x0000000000004aa5      0x16b obj_cooja/mtype888.a(rtimer-arch.o)
 .debug_info    0x0000000000004c10      0x1f3 obj_cooja/mtype888.a(beep.o)
 .debug_info    0x0000000000004e03      0x257 obj_cooja/mtype888.a(button-sensor.o)
 .debug_info    0x000000000000505a      0x132 obj_cooja/mtype888.a(leds-arch.o)
 .debug_info    0x000000000000518c      0x10a obj_cooja/mtype888.a(moteid.o)
 .debug_info    0x0000000000005296      0x216 obj_cooja/mtype888.a(pir-sensor.o)
 .debug_info    0x00000000000054ac      0x21e obj_cooja/mtype888.a(rs232.o)
 .debug_info    0x00000000000056ca      0x216 obj_cooja/mtype888.a(vib-sensor.o)
 .debug_info    0x00000000000058e0      0x152 obj_cooja/mtype888.a(clock.o)
 .debug_info    0x0000000000005a32      0x2bb obj_cooja/mtype888.a(log.o)
 .debug_info    0x0000000000005ced      0x3cf obj_cooja/mtype888.a(cfs-cooja.o)
 .debug_info    0x00000000000060bc      0xc9c obj_cooja/mtype888.a(cooja-radio.o)
 .debug_info    0x0000000000006d58      0x1d5 obj_cooja/mtype888.a(eeprom.o)
 .debug_info    0x0000000000006f2d       0xb3 obj_cooja/mtype888.a(random.o)
 .debug_info    0x0000000000006fe0      0x36d obj_cooja/mtype888.a(sensors.o)
 .debug_info    0x000000000000734d      0x1a5 obj_cooja/mtype888.a(autostart.o)
 .debug_info    0x00000000000074f2      0x46c obj_cooja/mtype888.a(ctimer.o)
 .debug_info    0x000000000000795e      0x49c obj_cooja/mtype888.a(etimer.o)
 .debug_info    0x0000000000007dfa      0x3d2 obj_cooja/mtype888.a(log_message.o)
 .debug_info    0x00000000000081cc      0x4ba obj_cooja/mtype888.a(process.o)
 .debug_info    0x0000000000008686      0x164 obj_cooja/mtype888.a(residual.o)
 .debug_info    0x00000000000087ea      0x1ab obj_cooja/mtype888.a(rtimer.o)
 .debug_info    0x0000000000008995      0x179 obj_cooja/mtype888.a(stimer.o)
 .debug_info    0x0000000000008b0e      0x16c obj_cooja/mtype888.a(timer.o)
 .debug_info    0x0000000000008c7a      0x2de obj_cooja/mtype888.a(serial-line.o)
 .debug_info    0x0000000000008f58      0x2ed obj_cooja/mtype888.a(list.o)
 .debug_info    0x0000000000009245      0x1aa obj_cooja/mtype888.a(ringbuf.o)
 .debug_info    0x00000000000093ef     0x105e obj_cooja/mtype888.a(sicslowpan.o)
 .debug_info    0x000000000000a44d      0x853 obj_cooja/mtype888.a(uip-ds6-nbr.o)
 .debug_info    0x000000000000aca0      0xd30 obj_cooja/mtype888.a(uip-ds6-route.o)
 .debug_info    0x000000000000b9d0      0xa5b obj_cooja/mtype888.a(uip-ds6.o)
 .debug_info    0x000000000000c42b      0xea0 obj_cooja/mtype888.a(uip6.o)
 .debug_info    0x000000000000d2cb     0x1497 obj_cooja/mtype888.a(tcpip.o)
 .debug_info    0x000000000000e762      0x1b5 obj_cooja/mtype888.a(uip-debug.o)
 .debug_info    0x000000000000e917      0x470 obj_cooja/mtype888.a(uip-packetqueue)
 .debug_info    0x000000000000ed87      0x37a obj_cooja/mtype888.a(uip-udp-packet.)
 .debug_info    0x000000000000f101     0x1c50 obj_cooja/mtype888.a(rpl-dag.o)
 .debug_info    0x0000000000010d51      0xe9b obj_cooja/mtype888.a(rpl-ext-header.)
 .debug_info    0x0000000000011bec     0x1907 obj_cooja/mtype888.a(rpl-icmp6.o)
 .debug_info    0x00000000000134f3      0xb6a obj_cooja/mtype888.a(rpl-ltmax.o)
 .debug_info    0x000000000001405d      0xc3f obj_cooja/mtype888.a(rpl-timers.o)
 .debug_info    0x0000000000014c9c      0xd4e obj_cooja/mtype888.a(rpl.o)
 .debug_info    0x00000000000159ea      0xbff obj_cooja/mtype888.a(csma.o)
 .debug_info    0x00000000000165e9      0x5ed obj_cooja/mtype888.a(framer-802154.o)
 .debug_info    0x0000000000016bd6      0x112 obj_cooja/mtype888.a(mac.o)
 .debug_info    0x0000000000016ce8      0xfb9 obj_cooja/mtype888.a(cxmac.o)