Archive member included to satisfy reference by file (symbol)

obj_cooja/mtype498.a(simEnvChange.o)
                              obj_cooja/mtype498.o (simDontFallAsleep)
obj_cooja/mtype498.a(cooja_mt.o)
                              obj_cooja/mtype498.o (cooja_mt_start)
obj_cooja/mtype498.a(cooja_mtarch.o)
                              obj_cooja/mtype498.a(cooja_mt.o) (cooja_mtarch_init)
obj_cooja/mtype498.a(rtimer-arch.o)
                              obj_cooja/mtype498.o (rtimer_arch_next)
obj_cooja/mtype498.a(beep.o)  obj_cooja/mtype498.o (beep_interface)
obj_cooja/mtype498.a(button-sensor.o)
                              obj_cooja/mtype498.o (button_interface)
obj_cooja/mtype498.a(leds-arch.o)
                              obj_cooja/mtype498.o (leds_interface)
obj_cooja/mtype498.a(moteid.o)
                              obj_cooja/mtype498.o (moteid_interface)
obj_cooja/mtype498.a(pir-sensor.o)
                              obj_cooja/mtype498.o (pir_interface)
obj_cooja/mtype498.a(rs232.o)
                              obj_cooja/mtype498.o (rs232_interface)
obj_cooja/mtype498.a(vib-sensor.o)
                              obj_cooja/mtype498.o (vib_interface)
obj_cooja/mtype498.a(clock.o)
                              obj_cooja/mtype498.o (clock_interface)
obj_cooja/mtype498.a(log.o)   obj_cooja/mtype498.o (simlog_interface)
obj_cooja/mtype498.a(cfs-cooja.o)
                              obj_cooja/mtype498.o (cfs_interface)
obj_cooja/mtype498.a(cooja-radio.o)
                              obj_cooja/mtype498.o (radio_interface)
obj_cooja/mtype498.a(eeprom.o)
                              obj_cooja/mtype498.o (eeprom_interface)
obj_cooja/mtype498.a(random.o)
                              obj_cooja/mtype498.a(moteid.o) (random_init)
obj_cooja/mtype498.a(sensors.o)
                              obj_cooja/mtype498.o (sensors_process)
obj_cooja/mtype498.a(leds.o)  obj_cooja/mtype498.a(cooja-radio.o) (leds_on)
obj_cooja/mtype498.a(dual_conf.o)
                              obj_cooja/mtype498.a(cooja-radio.o) (long_range_radio)
obj_cooja/mtype498.a(autostart.o)
                              obj_cooja/mtype498.o (autostart_start)
obj_cooja/mtype498.a(ctimer.o)
                              obj_cooja/mtype498.o (ctimer_init)
obj_cooja/mtype498.a(etimer.o)
                              obj_cooja/mtype498.o (etimer_process)
obj_cooja/mtype498.a(log_message.o)
                              obj_cooja/mtype498.o (log_initialization)
obj_cooja/mtype498.a(process.o)
                              udp-client.co (process_current)
obj_cooja/mtype498.a(residual.o)
                              udp-client.co (get_residual_energy)
obj_cooja/mtype498.a(rtimer.o)
                              obj_cooja/mtype498.a(rtimer-arch.o) (rtimer_run_next)
obj_cooja/mtype498.a(stimer.o)
                              udp-client.co (stimer_remaining)
obj_cooja/mtype498.a(timer.o)
                              obj_cooja/mtype498.a(button-sensor.o) (timer_set)
obj_cooja/mtype498.a(serial-line.o)
                              udp-client.co (serial_line_event_message)
obj_cooja/mtype498.a(list.o)  obj_cooja/mtype498.a(ctimer.o) (list_init)
obj_cooja/mtype498.a(ringbuf.o)
                              obj_cooja/mtype498.a(serial-line.o) (ringbuf_init)
obj_cooja/mtype498.a(sicslowpan.o)
                              obj_cooja/mtype498.o (sicslowpan_driver)
obj_cooja/mtype498.a(uip-ds6-nbr.o)
                              obj_cooja/mtype498.a(sicslowpan.o) (uip_ds6_link_neighbor_callback)
obj_cooja/mtype498.a(uip-ds6-route.o)
                              udp-client.co (uip_ds6_route_nexthop)
obj_cooja/mtype498.a(uip-ds6.o)
                              udp-client.co (uip_ds6_if)
obj_cooja/mtype498.a(uip6.o)  udp-client.co (uip_lladdr)
obj_cooja/mtype498.a(tcpip.o)
                              udp-client.co (tcpip_event)
obj_cooja/mtype498.a(uip-debug.o)
                              udp-client.co (uip_debug_ipaddr_print)
obj_cooja/mtype498.a(uip-packetqueue)
                              obj_cooja/mtype498.a(uip-ds6-nbr.o) (uip_packetqueue_new)
obj_cooja/mtype498.a(uip-udp-packet.)
                              udp-client.co (uip_udp_packet_sendto)
obj_cooja/mtype498.a(rpl-dag.o)
                              obj_cooja/mtype498.a(tcpip.o) (rpl_repair_root)
obj_cooja/mtype498.a(rpl-ext-header.)
                              obj_cooja/mtype498.a(uip6.o) (rpl_verify_header)
obj_cooja/mtype498.a(rpl-icmp6.o)
                              obj_cooja/mtype498.a(rpl-dag.o) (rpl_icmp6_update_nbr_table)
obj_cooja/mtype498.a(rpl-ltmax.o)
                              obj_cooja/mtype498.a(rpl-dag.o) (rpl_ltmax_of)
obj_cooja/mtype498.a(rpl-timers.o)
                              obj_cooja/mtype498.a(rpl-icmp6.o) (rpl_LSA_convergence_timer)
obj_cooja/mtype498.a(rpl.o)   obj_cooja/mtype498.a(rpl-icmp6.o) (rpl_get_mode)
obj_cooja/mtype498.a(csma.o)  obj_cooja/mtype498.o (csma_driver)
obj_cooja/mtype498.a(framer-802154.o)
[...]
Memory Configuration

Name             Origin             Length             Attributes
*default*        0x0000000000000000 0xffffffffffffffff

Linker script and memory map

LOAD /usr/lib/gcc/i686-linux-gnu/4.8/../../../i386-linux-gnu/crti.o
LOAD /usr/lib/gcc/i686-linux-gnu/4.8/crtbeginS.o
LOAD udp-client.co
LOAD obj_cooja/mtype498.o
LOAD obj_cooja/mtype498.a
LOAD /usr/lib/gcc/i686-linux-gnu/4.8/libgcc.a
LOAD /usr/lib/gcc/i686-linux-gnu/4.8/libgcc_s.so
LOAD /usr/lib/gcc/i686-linux-gnu/4.8/../../../i386-linux-gnu/libc.so
START GROUP
LOAD /lib/i386-linux-gnu/libc.so.6
LOAD /usr/lib/i386-linux-gnu/libc_nonshared.a
LOAD /lib/i386-linux-gnu/ld-linux.so.2
END GROUP
LOAD /usr/lib/gcc/i686-linux-gnu/4.8/libgcc.a
LOAD /usr/lib/gcc/i686-linux-gnu/4.8/libgcc_s.so
LOAD /usr/lib/gcc/i686-linux-gnu/4.8/crtendS.o
LOAD /usr/lib/gcc/i686-linux-gnu/4.8/../../../i386-linux-gnu/crtn.o
                0x0000000000000114                . = (0x0 + SIZEOF_HEADERS)

.note.gnu.build-id
                0x0000000000000114       0x24
 *(.note.gnu.build-id)
 .note.gnu.build-id
                0x0000000000000114       0x24 /usr/lib/gcc/i686-linux-gnu/4.8/../../../i386-linux-gnu/crti.o

.hash
 *(.hash)

.gnu.hash       0x0000000000000138     0x13b8
 *(.gnu.hash)
 .gnu.hash      0x0000000000000138     0x13b8 /usr/lib/gcc/i686-linux-gnu/4.8/../../../i386-linux-gnu/crti.o

.dynsym         0x00000000000014f0     0x2740
 *(.dynsym)
 .dynsym        0x00000000000014f0     0x2740 /usr/lib/gcc/i686-linux-gnu/4.8/../../../i386-linux-gnu/crti.o

.dynstr         0x0000000000003c30     0x285b
 *(.dynstr)
 .dynstr        0x0000000000003c30     0x285b /usr/lib/gcc/i686-linux-gnu/4.8/../../../i386-linux-gnu/crti.o

.gnu.version    0x000000000000648c      0x4e8
 *(.gnu.version)
 .gnu.version   0x000000000000648c      0x4e8 /usr/lib/gcc/i686-linux-gnu/4.8/../../../i386-linux-gnu/crti.o

.gnu.version_d  0x0000000000006974        0x0
 *(.gnu.version_d)
 .gnu.version_d
                0x0000000000000000        0x0 /usr/lib/gcc/i686-linux-gnu/4.8/../../../i386-linux-gnu/crti.o

.gnu.version_r  0x0000000000006974       0x50
 *(.gnu.version_r)
 .gnu.version_r
                0x0000000000006974       0x50 /usr/lib/gcc/i686-linux-gnu/4.8/../../../i386-linux-gnu/crti.o

.rel.dyn        0x00000000000069c4     0xa0a8
 *(.rel.init)
 .rel.init      0x0000000000000000        0x0 /usr/lib/gcc/i686-linux-gnu/4.8/../../../i386-linux-gnu/crti.o
 *(.rel.text .rel.text.* .rel.gnu.linkonce.t.*)
 .rel.text      0x00000000000069c4     0x98b8 /usr/lib/gcc/i686-linux-gnu/4.8/../../../i386-linux-gnu/crti.o
 *(.rel.fini)
 .rel.fini      0x0000000000000000        0x0 /usr/lib/gcc/i686-linux-gnu/4.8/../../../i386-linux-gnu/crti.o
 *(.rel.rodata .rel.rodata.* .rel.gnu.linkonce.r.*)
 .rel.rodata    0x000000000001027c      0x4e0 /usr/lib/gcc/i686-linux-gnu/4.8/../../../i386-linux-gnu/crti.o
 *(.rel.data.rel.ro .rel.data.rel.ro.* .rel.gnu.linkonce.d.rel.ro.*)
 *(.rel.data .rel.data.* .rel.gnu.linkonce.d.*)
 .rel.data.rel  0x000000000001075c        0x8 /usr/lib/gcc/i686-linux-gnu/4.8/../../../i386-linux-gnu/crti.o
 .rel.data      0x0000000000010764      0x2d0 /usr/lib/gcc/i686-linux-gnu/4.8/../../../i386-linux-gnu/crti.o
 *(.rel.tdata .rel.tdata.* .rel.gnu.linkonce.td.*)
 *(.rel.tbss .rel.tbss.* .rel.gnu.linkonce.tb.*)
 *(.rel.ctors)
 *(.rel.dtors)
 *(.rel.got)
 .rel.got       0x0000000000010a34       0x28 /usr/lib/gcc/i686-linux-gnu/4.8/../../../i386-linux-gnu/crti.o
 *(.rel.bss .rel.bss.* .rel.gnu.linkonce.b.*)
 *(.rel.ifunc)
 .rel.ifunc     0x0000000000000000        0x0 /usr/lib/gcc/i686-linux-gnu/4.8/../../../i386-linux-gnu/crti.o
 .rel.fini_array
                0x0000000000010a5c        0x8 /usr/lib/gcc/i686-linux-gnu/4.8/../../../i386-linux-gnu/crti.o
 .rel.init_array
                0x0000000000010a64        0x8 /usr/lib/gcc/i686-linux-gnu/4.8/../../../i386-linux-gnu/crti.o

.rel.plt        0x0000000000010a6c       0x10
 *(.rel.plt)
 .rel.plt       0x0000000000010a6c       0x10 /usr/lib/gcc/i686-linux-gnu/4.8/../../../i386-linux-gnu/crti.o
 *(.rel.iplt)

.init           0x0000000000010a7c       0x23
 *(SORT(.init))
 .init          0x0000000000010a7c       0x1e /usr/lib/gcc/i686-linux-gnu/4.8/../../../i386-linux-gnu/crti.o
                0x0000000000010a7c                _init
 .init          0x0000000000010a9a        0x5 /usr/lib/gcc/i686-linux-gnu/4.8/../../../i386-linux-gnu/crtn.o

.plt            0x0000000000010aa0       0x30
 *(.plt)
 .plt           0x0000000000010aa0       0x30 /usr/lib/gcc/i686-linux-gnu/4.8/../../../i386-linux-gnu/crti.o
 *(.iplt)

.text           0x0000000000010ad0    0x1801d
 *(.text.unlikely .text.*_unlikely .text.unlikely.*)
 *(.text.exit .text.exit.*)
 *(.text.startup .text.startup.*)
 *(.text.hot .text.hot.*)
 *(.text .stub .text.* .gnu.linkonce.t.*)
 .text          0x0000000000010ad0        0x0 /usr/lib/gcc/i686-linux-gnu/4.8/../../../i386-linux-gnu/crti.o
 .gnu.linkonce.t.__x86.get_pc_thunk.bx
                0x0000000000010ad0        0x4 /usr/lib/gcc/i686-linux-gnu/4.8/../../../i386-linux-gnu/crti.o
                0x0000000000010ad0                __x86.get_pc_thunk.bx
 *fill*         0x0000000000010ad4        0xc 
 .text          0x0000000000010ae0      0x11b /usr/lib/gcc/i686-linux-gnu/4.8/crtbeginS.o
 .text          0x0000000000010bfb      0x884 udp-client.co
 .text          0x000000000001147f      0x96a obj_cooja/mtype498.o
                0x000000000001162d                contiki_init
                0x0000000000011c00                Java_org_contikios_cooja_corecomm_Lib2_init
                0x0000000000011c40                Java_org_contikios_cooja_corecomm_Lib2_getMemory
                0x0000000000011c80                Java_org_contikios_cooja_corecomm_Lib2_setMemory
                0x0000000000011cf7                Java_org_contikios_cooja_corecomm_Lib2_tick
                0x0000000000011dd7                Java_org_contikios_cooja_corecomm_Lib2_setReferenceAddress
 .text          0x0000000000011de9       0x63 obj_cooja/mtype498.a(simEnvChange.o)
                0x0000000000011de9                doActionsBeforeTick
                0x0000000000011e1a                doActionsAfterTick
 .text          0x0000000000011e4c       0xbc obj_cooja/mtype498.a(cooja_mt.o)
                0x0000000000011e4c                cooja_mt_init
                0x0000000000011e59                cooja_mt_remove
                0x0000000000011e66                cooja_mt_start
                0x0000000000011e93                cooja_mt_exec
                0x0000000000011ec4                cooja_mt_exit
                0x0000000000011ee6                cooja_mt_yield
 .text          0x0000000000011f08      0x115 obj_cooja/mtype498.a(cooja_mtarch.o)
                0x0000000000011f08                cooja_mtarch_init
                0x0000000000011f0d                cooja_mtarch_start
                0x0000000000011f88                cooja_sw
                0x0000000000011faa                cooja_mtarch_exec
                0x0000000000011fc6                cooja_mtarch_remove
                0x0000000000011fcb                cooja_mtarch_yield
                0x0000000000011fd5                cooja_mtarch_pstop
                0x0000000000011fda                cooja_mtarch_pstart
                0x0000000000011fdf                cooja_mtarch_stack_usage
 .text          0x000000000001201d       0xc2 obj_cooja/mtype498.a(rtimer-arch.o)
                0x000000000001201d                rtimer_arch_init
                0x0000000000012040                rtimer_arch_schedule
                0x0000000000012057                rtimer_arch_next
                0x0000000000012061                rtimer_arch_pending
                0x000000000001206b                rtimer_arch_check
                0x000000000001209d                rtimer_arch_now
 .text          0x00000000000120df       0x76 obj_cooja/mtype498.a(beep.o)
                0x00000000000120df                beep_alarm
                0x00000000000120eb                beep_beep
                0x00000000000120f7                beep
                0x0000000000012103                beep_down
                0x000000000001210f                beep_on
                0x000000000001211b                beep_off
                0x0000000000012127                beep_spinup
                0x0000000000012133                beep_quick
                0x000000000001213f                beep_long
 .text          0x0000000000012155      0x103 obj_cooja/mtype498.a(button-sensor.o)
 .text          0x0000000000012258       0x45 obj_cooja/mtype498.a(leds-arch.o)
                0x0000000000012258                leds_arch_init
                0x0000000000012264                leds_arch_get
                0x0000000000012270                leds_arch_set
 .text          0x000000000001229d       0x2f obj_cooja/mtype498.a(moteid.o)
 .text          0x00000000000122cc       0xb1 obj_cooja/mtype498.a(pir-sensor.o)
 .text          0x000000000001237d      0x131 obj_cooja/mtype498.a(rs232.o)
                0x000000000001237d                rs232_init
                0x0000000000012382                rs232_set_speed
                0x0000000000012390                rs232_set_input
                0x000000000001239d                rs232_send
                0x00000000000123bf                rs232_print
                0x00000000000123da                slip_arch_writeb
 .text          0x00000000000124ae       0xb1 obj_cooja/mtype498.a(vib-sensor.o)
 .text          0x000000000001255f       0x34 obj_cooja/mtype498.a(clock.o)
                0x000000000001255f                clock_init
                0x0000000000012564                clock_time
                0x000000000001256e                clock_seconds
                0x0000000000012584                clock_delay
 .text          0x0000000000012593      0x1ed obj_cooja/mtype498.a(log.o)
                0x0000000000012593                simlog_char
                0x00000000000125d5                simlog
                0x0000000000012642                log_message
                0x000000000001266a                log_set_putchar_with_slip
                0x0000000000012677                log_putchar
                0x00000000000126fb                log_puts
                0x000000000001271f                log_printf
 .text          0x0000000000012780      0x2c4 obj_cooja/mtype498.a(cfs-cooja.o)
                0x0000000000012780                cfs_open
                0x00000000000127e9                cfs_close
                0x00000000000127f5                cfs_read
                0x0000000000012893                cfs_write
                0x0000000000012970                cfs_seek
                0x00000000000129f8                cfs_remove
                0x0000000000012a21                cfs_opendir
                0x0000000000012a2b                cfs_readdir
                0x0000000000012a35                cfs_closedir
 .text          0x0000000000012a44      0x6b7 obj_cooja/mtype498.a(cooja-radio.o)
                0x0000000000012a6e                radio_set_channel
                0x0000000000012a83                radio_set_txpower
                0x0000000000012aa3                radio_signal_strength_last
                0x0000000000012aad                radio_signal_strength_current
                0x0000000000012ab7                radio_LQI
 .text          0x00000000000130fb       0xef obj_cooja/mtype498.a(eeprom.o)
                0x00000000000130fb                eeprom_init
                0x0000000000013100                eeprom_read
                0x0000000000013170                eeprom_write
 .text          0x00000000000131ea       0x28 obj_cooja/mtype498.a(random.o)
                0x00000000000131ea                random_init
                0x0000000000013205                random_rand
 .text          0x0000000000013212      0x2a1 obj_cooja/mtype498.a(sensors.o)
                0x000000000001324d                sensors_first
                0x0000000000013257                sensors_next
                0x0000000000013274                sensors_changed
                0x00000000000132a3                sensors_find
 .text          0x00000000000134b3      0x134 obj_cooja/mtype498.a(leds.o)
                0x0000000000013504                leds_init
                0x0000000000013518                leds_blink
                0x0000000000013550                leds_get
                0x000000000001355d                leds_set
                0x0000000000013577                leds_on
                0x000000000001359a                leds_off
                0x00000000000135c4                leds_toggle
 .text          0x00000000000135e7      0x471 obj_cooja/mtype498.a(dual_conf.o)
                0x00000000000135e7                dual_radio_switch
                0x0000000000013627                dual_radio_change
                0x0000000000013661                sending_in_LR
                0x000000000001368c                dual_radio_received
                0x00000000000136df                radio_received_is_longrange
                0x00000000000136fa                dual_radio_turn_on
                0x000000000001371d                dual_radio_turn_off
                0x00000000000139de                dio_broadcast
                0x0000000000013a07                dis_broadcast
                0x0000000000013a28                LSA_converge_broadcast
 .text          0x0000000000013a58       0x8e obj_cooja/mtype498.a(autostart.o)
                0x0000000000013a58                autostart_start
                0x0000000000013aa3                autostart_exit
 .text          0x0000000000013ae6      0x334 obj_cooja/mtype498.a(ctimer.o)
                0x0000000000013bfd                ctimer_init
                0x0000000000013c2d                ctimer_set
                0x0000000000013c5e                ctimer_set_with_process
                0x0000000000013cda                ctimer_reset
                0x0000000000013d29                ctimer_restart
                0x0000000000013d78                ctimer_stop
                0x0000000000013dc3                ctimer_expired
 .text          0x0000000000013e1a      0x40b obj_cooja/mtype498.a(etimer.o)
                0x000000000001402d                etimer_request_poll
                0x00000000000140b1                etimer_set
                0x00000000000140d6                etimer_reset_with_new_interval
                0x00000000000140fd                etimer_reset
                0x000000000001411b                etimer_restart
                0x0000000000014139                etimer_adjust
                0x0000000000014155                etimer_expired
                0x0000000000014168                etimer_expiration_time
                0x000000000001417a                etimer_start_time
                0x0000000000014184                etimer_pending
                0x0000000000014196                etimer_next_expiration_time
                0x00000000000141b0                etimer_stop
 .text          0x0000000000014225      0x12d obj_cooja/mtype498.a(log_message.o)
                0x0000000000014225                log_initialization
                0x0000000000014331                log_finisher
 .text          0x0000000000014352      0x560 obj_cooja/mtype498.a(process.o)
                0x0000000000014352                process_alloc_event
                0x0000000000014367                process_start
                0x0000000000014550                process_exit
                0x000000000001456c                process_init
                0x000000000001473d                process_run
                0x0000000000014770                process_nevents
                0x000000000001478b                process_post
                0x0000000000014837                process_post_synch
                0x000000000001486f                process_poll
                0x000000000001489e                process_is_running
 .text          0x00000000000148b2       0xd3 obj_cooja/mtype498.a(residual.o)
                0x00000000000148b2                get_residual_energy
 .text          0x0000000000014985       0xba obj_cooja/mtype498.a(rtimer.o)
                0x0000000000014985                rtimer_init
                0x0000000000014992                rtimer_set
                0x00000000000149e9                rtimer_run_next
 .text          0x0000000000014a3f       0xa3 obj_cooja/mtype498.a(stimer.o)
                0x0000000000014a3f                stimer_set
                0x0000000000014a5a                stimer_reset
                0x0000000000014a71                stimer_restart
                0x0000000000014a83                stimer_expired
                0x0000000000014aaa                stimer_remaining
                0x0000000000014ace                stimer_elapsed
 .text          0x0000000000014ae2       0x91 obj_cooja/mtype498.a(timer.o)
                0x0000000000014ae2                timer_set
                0x0000000000014afd                timer_reset
                0x0000000000014b14                timer_restart
                0x0000000000014b26                timer_expired
                0x0000000000014b4f                timer_remaining
 .text          0x0000000000014b73      0x1fb obj_cooja/mtype498.a(serial-line.o)
                0x0000000000014b73                serial_line_input_byte
                0x0000000000014d36                serial_line_init
 .text          0x0000000000014d6e      0x244 obj_cooja/mtype498.a(list.o)
                0x0000000000014d6e                list_init
                0x0000000000014d7c                list_head
                0x0000000000014d86                list_copy
                0x0000000000014d95                list_tail
                0x0000000000014dcb                list_add
                0x0000000000014e14                list_push
                0x0000000000014e40                list_chop
                0x0000000000014eaa                list_pop
                0x0000000000014ed2                list_remove
                0x0000000000014f39                list_length
                0x0000000000014f67                list_insert
                0x0000000000014f9b                list_item_next
 .text          0x0000000000014fb2      0x155 obj_cooja/mtype498.a(ringbuf.o)
                0x0000000000014fb2                ringbuf_init
                0x0000000000014fe3                ringbuf_put
                0x0000000000015061                ringbuf_get
                0x00000000000150ce                ringbuf_size
                0x00000000000150e0                ringbuf_elements
 .text          0x0000000000015107     0x2c98 obj_cooja/mtype498.a(sicslowpan.o)
                0x0000000000015707                rime_sniffer_add
                0x0000000000015714                rime_sniffer_remove
                0x0000000000017d3e                sicslowpan_init
                0x0000000000017d95                sicslowpan_get_last_rssi
 .text          0x0000000000017d9f      0x2dc obj_cooja/mtype498.a(uip-ds6-nbr.o)
                0x0000000000017dbc                uip_ds6_neighbors_init
                0x0000000000017dd9                uip_ds6_nbr_add
                0x0000000000017e8a                uip_ds6_nbr_rm
                0x0000000000017ee7                uip_ds6_nbr_get_ipaddr
                0x0000000000017efc                uip_ds6_nbr_get_ll
                0x0000000000017f18                uip_ds6_nbr_num
                0x0000000000017f5d                uip_ds6_nbr_lookup
                0x0000000000017fc2                uip_ds6_nbr_ll_lookup
                0x0000000000017fde                uip_ds6_nbr_ipaddr_from_lladdr
                0x0000000000018004                uip_ds6_nbr_lladdr_from_ipaddr
                0x0000000000018032                uip_ds6_link_neighbor_callback
 .text          0x000000000001807b      0x916 obj_cooja/mtype498.a(uip-ds6-route.o)
                0x00000000000180f2                uip_ds6_notification_add
                0x0000000000018123                uip_ds6_notification_rm
                0x000000000001813f                uip_ds6_route_init
                0x00000000000181c7                uip_ds6_route_nexthop
                0x00000000000181ef                uip_ds6_route_head
                0x0000000000018204                uip_ds6_route_next
                0x000000000001822a                uip_ds6_route_is_nexthop
                0x0000000000018269                uip_ds6_route_num_routes
                0x0000000000018273                uip_ds6_route_lookup
                0x0000000000018335                uip_ds6_route_add
                0x0000000000018569                uip_ds6_route_rm
                0x00000000000186fd                uip_ds6_route_rm_by_nexthop
                0x0000000000018735                uip_ds6_defrt_add
                0x00000000000187e6                uip_ds6_defrt_rm
                0x0000000000018865                uip_ds6_defrt_lookup
                0x00000000000188be                uip_ds6_defrt_choose
                0x0000000000018929                uip_ds6_defrt_periodic
 .text          0x0000000000018991     0x12ad obj_cooja/mtype498.a(uip-ds6.o)
                0x0000000000018991                uip_ds6_init
                0x0000000000018ce6                uip_ds6_periodic
                0x0000000000018dbe                uip_ds6_list_loop
                0x0000000000018e65                uip_ds6_prefix_add
                0x0000000000018f23                uip_ds6_prefix_rm
                0x0000000000018f35                uip_ds6_prefix_lookup
                0x0000000000018f86                uip_ds6_is_addr_onlink
                0x0000000000018ffa                uip_ds6_addr_add
                0x0000000000019128                uip_ds6_long_addr_add
                0x0000000000019256                uip_ds6_addr_rm
                0x00000000000192f6                uip_ds6_addr_lookup
                0x0000000000019341                uip_ds6_long_addr_lookup
                0x000000000001938c                uip_ds6_get_link_local
                0x000000000001940b                uip_ds6_long_get_link_local
                0x000000000001948a                uip_ds6_get_global
                0x0000000000019509                uip_ds6_long_get_global
                0x0000000000019588                uip_ds6_maddr_add
                0x00000000000195fa                uip_ds6_long_maddr_add
                0x000000000001966c                uip_ds6_maddr_rm
                0x000000000001967e                uip_ds6_maddr_lookup
                0x00000000000196c9                uip_ds6_long_maddr_lookup
                0x0000000000019714                uip_ds6_aaddr_add
                0x0000000000019786                uip_ds6_long_aaddr_add
                0x00000000000197f8                uip_ds6_aaddr_rm
                0x000000000001980a                uip_ds6_aaddr_lookup
                0x0000000000019855                uip_ds6_long_aaddr_lookup
                0x00000000000198a0                uip_ds6_select_src
                0x0000000000019b29                uip_ds6_set_addr_iid
                0x0000000000019b60                get_match_length
                0x0000000000019bf2                uip_ds6_compute_reachable_time
 .text          0x0000000000019c3e     0x2a00 obj_cooja/mtype498.a(uip6.o)
                0x0000000000019c3e                uip_add32
                0x0000000000019dd7                uip_chksum
                0x0000000000019ec5                uip_icmp6chksum
                0x0000000000019ed9                uip_tcpchksum
                0x0000000000019eed                uip_udpchksum
                0x0000000000019f01                uip_init
                0x0000000000019fd1                uip_connect
                0x000000000001a180                remove_ext_hdr
                0x000000000001a255                uip_udp_new
                0x000000000001a3b1                uip_unlisten
                0x000000000001a411                uip_listen
                0x000000000001a6d3                uip_process
                0x000000000001c532                uip_htons
                0x000000000001c554                uip_htonl
                0x000000000001c594                uip_send
 .text          0x000000000001c63e      0xb50 obj_cooja/mtype498.a(tcpip.o)
                0x000000000001c63e                tcpip_output
                0x000000000001c679                tcpip_set_outputfunc
                0x000000000001c70d                tcp_connect
                0x000000000001c762                tcp_unlisten
                0x000000000001c7bd                tcp_listen
                0x000000000001c816                tcp_attach
                0x000000000001c83b                udp_attach
                0x000000000001c860                udp_new
                0x000000000001c8b2                udp_broadcast_new
                0x000000000001cb26                tcpip_input
                0x000000000001cb5a                tcpip_ipv6_output
                0x000000000001cfd4                tcpip_poll_udp
                0x000000000001cff7                tcpip_poll_tcp
                0x000000000001d01a                tcpip_uipcall
 .text          0x000000000001d18e      0x1c1 obj_cooja/mtype498.a(uip-debug.o)
                0x000000000001d18e                uip_debug_ipaddr_print
                0x000000000001d2f0                uip_debug_lladdr_print
 .text          0x000000000001d34f      0x141 obj_cooja/mtype498.a(uip-packetqueue)
                0x000000000001d37b                uip_packetqueue_new
                0x000000000001d389                uip_packetqueue_alloc
                0x000000000001d3e9                uip_packetqueue_free
                0x000000000001d42a                uip_packetqueue_buf
                0x000000000001d447                uip_packetqueue_buflen
                0x000000000001d468                uip_packetqueue_set_buflen
 .text          0x000000000001d490      0x131 obj_cooja/mtype498.a(uip-udp-packet.)
                0x000000000001d490                uip_udp_packet_send
                0x000000000001d4f0                uip_udp_packet_sendto
 .text          0x000000000001d5c1     0x26ab obj_cooja/mtype498.a(rpl-dag.o)
                0x000000000001d5c1                rpl_lr_in_child
                0x000000000001d679                rpl_print_neighbor_list
                0x000000000001d722                rpl_print_child_neighbor_list
                0x000000000001d797                rpl_get_nbr
                0x000000000001d7f1                rpl_get_nbr_child
                0x000000000001d84b                rpl_dag_init
                0x000000000001d87d                rpl_get_parent
                0x000000000001d89f                rpl_get_parent_rank
                0x000000000001d8d2                rpl_get_parent_link_metric
                0x000000000001d905                rpl_get_parent_ipaddr
                0x000000000001d92f                rpl_get_child_ipaddr
                0x000000000001dc4a                rpl_set_root
                0x000000000001de78                rpl_repair_root
                0x000000000001e0b4                rpl_set_prefix
                0x000000000001e1b3                rpl_set_default_route
                0x000000000001e23f                rpl_alloc_instance
                0x000000000001e2c7                rpl_alloc_dag
                0x000000000001e37a                rpl_set_default_instance
                0x000000000001e387                rpl_get_default_instance
                0x000000000001e391                rpl_free_instance
                0x000000000001e432                rpl_free_dag
                0x000000000001e498                rpl_add_parent
                0x000000000001e581                rpl_find_parent
                0x000000000001e5b1                rpl_add_child
                0x000000000001e655                rpl_find_child
                0x000000000001e6a3                rpl_find_parent_any_dag
                0x000000000001e6df                rpl_select_dag
                0x000000000001eb15                rpl_select_parent
                0x000000000001eb77                rpl_remove_parent
                0x000000000001ebad                rpl_remove_child
                0x000000000001ebc9                rpl_nullify_parent
                0x000000000001ec67                rpl_move_parent
                0x000000000001ed04                rpl_has_downward_route
                0x000000000001ed57                rpl_get_any_dag
                0x000000000001edb9                rpl_get_instance
                0x000000000001ee1c                rpl_find_of
                0x000000000001ee59                rpl_join_instance
                0x000000000001f0f5                rpl_add_dag
                0x000000000001f4e4                rpl_local_repair
                0x000000000001f5bd                rpl_recalculate_ranks
                0x000000000001f643                rpl_process_parent_event
                0x000000000001f6f5                rpl_process_dio
 .text          0x000000000001fc6c      0xbf3 obj_cooja/mtype498.a(rpl-ext-header.)
                0x000000000001fc89                rpl_verify_header
                0x0000000000020103                rpl_update_header_empty
                0x000000000002041a                rpl_update_header_final
                0x00000000000205a9                rpl_remove_header
                0x00000000000206b3                rpl_invert_header
                0x000000000002083d                rpl_insert_header
 .text          0x000000000002085f     0x24ea obj_cooja/mtype498.a(rpl-icmp6.o)
                0x0000000000020b28                rpl_icmp6_update_nbr_table
                0x0000000000020c18                dis_output
                0x0000000000021550                dio_output
                0x0000000000021dbb                LSA_converge_output
                0x00000000000228a8                dao_output
                0x0000000000022970                dao_output_target
                0x0000000000022cf1                dao_ack_output
                0x0000000000022d05                rpl_icmp6_register_handlers
 .text          0x0000000000022d49      0x3dc obj_cooja/mtype498.a(rpl-ltmax.o)
 .text          0x0000000000023125      0x745 obj_cooja/mtype498.a(rpl-timers.o)
                0x0000000000023125                rpl_LSA_convergence_timer
                0x000000000002321b                rpl_reset_LSA_convergence_timer
                0x0000000000023513                rpl_reset_periodic_timer
                0x0000000000023568                rpl_reset_dio_timer
                0x00000000000237a2                rpl_schedule_dao
                0x00000000000237bd                rpl_schedule_dao_immediately
                0x00000000000237d8                rpl_cancel_dao
                0x000000000002383a                rpl_schedule_unicast_dio_immediately
 .text          0x000000000002386a      0x5dc obj_cooja/mtype498.a(rpl.o)
                0x000000000002386a                rpl_get_mode
                0x0000000000023874                rpl_set_mode
                0x0000000000023902                rpl_purge_routes
                0x00000000000239fc                rpl_remove_routes
                0x0000000000023a42                rpl_remove_routes_by_nexthop
                0x0000000000023aae                rpl_add_route
                0x0000000000023b29                rpl_link_neighbor_callback
                0x0000000000023c2e                rpl_ipv6_neighbor_callback
                0x0000000000023c9d                rpl_purge_dags
                0x0000000000023da9                rpl_init
 .text          0x0000000000023e46      0x87b obj_cooja/mtype498.a(csma.o)
 .text          0x00000000000246c1      0x3f5 obj_cooja/mtype498.a(framer-802154.o)
 .text          0x0000000000024ab6       0x3c obj_cooja/mtype498.a(mac.o)
                0x0000000000024ab6                mac_call_sent_callback
 .text          0x0000000000024af2     0x12ac obj_cooja/mtype498.a(cxmac.o)
                0x0000000000025cd2                cxmac_set_announcement_radio_txpower
                0x0000000000025cd7                cxmac_init
 .text          0x0000000000025d9e       0x82 obj_cooja/mtype498.a(linkaddr.o)
                0x0000000000025d9e                linkaddr_copy
                0x0000000000025dc0                linkaddr_cmp
                0x0000000000025dea                linkaddr_set_node_addr
                0x0000000000025e05                linkaddr_set_node_long_addr
 .text          0x0000000000025e20      0x915 obj_cooja/mtype498.a(nbr-table.o)
                0x0000000000025e20                long_ip_from_lladdr_map
                0x0000000000025ea9                lladdr_map_add_lr
                0x0000000000025f66                lladdr_map_rm_lr
                0x000000000002642b                nbr_table_register
                0x0000000000026473                nbr_table_head
                0x00000000000264cf                nbr_table_next
                0x0000000000026536                nbr_table_add_lladdr
                0x0000000000026612                nbr_table_get_from_lladdr
                0x000000000002665f                nbr_table_remove
                0x00000000000266b1                nbr_table_lock
                0x00000000000266db                nbr_table_unlock
                0x0000000000026705                nbr_table_get_lladdr
 .text          0x0000000000026735       0x2b obj_cooja/mtype498.a(netstack.o)
                0x0000000000026735                netstack_init
 .text          0x0000000000026760      0x3cd obj_cooja/mtype498.a(packetbuf.o)
                0x0000000000026760                packetbuf_clear
                0x000000000002678a                packetbuf_copyfrom
                0x00000000000267dc                packetbuf_compact
                0x0000000000026859                packetbuf_copyto
                0x00000000000268f0                packetbuf_hdralloc
                0x000000000002696d                packetbuf_hdrreduce
                0x00000000000269b5                packetbuf_set_datalen
                0x00000000000269ce                packetbuf_dataptr
                0x00000000000269eb                packetbuf_hdrptr
                0x00000000000269f5                packetbuf_datalen
                0x0000000000026a01                packetbuf_hdrlen
                0x0000000000026a18                packetbuf_totlen
                0x0000000000026a2e                packetbuf_attr_clear
                0x0000000000026a80                packetbuf_attr_copyto
                0x0000000000026ac9                packetbuf_attr_copyfrom
                0x0000000000026b11                packetbuf_holds_broadcast
 .text          0x0000000000026b2d      0x2b4 obj_cooja/mtype498.a(queuebuf.o)
                0x0000000000026b37                queuebuf_init
                0x0000000000026b57                queuebuf_numfree
                0x0000000000026b6b                queuebuf_new_from_packetbuf
                0x0000000000026bfb                queuebuf_update_attr_from_packetbuf
                0x0000000000026c2e                queuebuf_update_from_packetbuf
                0x0000000000026c78                queuebuf_free
                0x0000000000026cbf                queuebuf_to_packetbuf
                0x0000000000026d25                queuebuf_dataptr
                0x0000000000026d5c                queuebuf_datalen
                0x0000000000026d7f                queuebuf_addr
                0x0000000000026db1                queuebuf_attr
                0x0000000000026ddc                queuebuf_debug_print
 .text          0x0000000000026de1       0x6e obj_cooja/mtype498.a(nullsec.o)
 .text          0x0000000000026e4f       0x19 obj_cooja/mtype498.a(watchdog.o)
                0x0000000000026e4f                watchdog_init
                0x0000000000026e54                watchdog_start
                0x0000000000026e59                watchdog_periodic
                0x0000000000026e5e                watchdog_stop
                0x0000000000026e63                watchdog_reboot
 .text          0x0000000000026e68        0x0 obj_cooja/mtype498.a(rimestats.o)
 .text          0x0000000000026e68      0x1c1 obj_cooja/mtype498.a(memb.o)
                0x0000000000026e68                memb_init
                0x0000000000026ec6                memb_alloc
                0x0000000000026f2b                memb_free
                0x0000000000026fa6                memb_inmemb
                0x0000000000026fe5                memb_numfree
 .text          0x0000000000027029      0xabf obj_cooja/mtype498.a(uip-icmp6.o)
                0x0000000000027097                uip_icmp6_input
                0x00000000000270ed                uip_icmp6_register_input_handler
                0x00000000000273b5                uip_icmp6_error_output
                0x00000000000276fa                uip_icmp6_send
                0x0000000000027a7b                uip_icmp6_echo_reply_callback_add
                0x0000000000027aac                uip_icmp6_echo_reply_callback_rm
                0x0000000000027ac8                uip_icmp6_init
 .text          0x0000000000027ae8      0x358 obj_cooja/mtype498.a(uip-nd6.o)
                0x0000000000027b3c                uip_nd6_ns_output
                0x0000000000027e3b                uip_nd6_init
 .text          0x0000000000027e40      0x331 obj_cooja/mtype498.a(rpl-nbr-policy.)
                0x0000000000028018                find_removable_dis
                0x000000000002803b                find_removable_dio
                0x00000000000280ca                find_removable_dao
                0x000000000002811a                rpl_nbr_policy_find_removable
 .text          0x0000000000028171      0x97c obj_cooja/mtype498.a(frame802154.o)
                0x00000000000281a2                frame802154_get_pan_id
                0x00000000000281ae                frame802154_set_pan_id
                0x00000000000281c7                frame802154_has_panid
                0x00000000000282b3                frame802154_check_dest_panid
                0x000000000002831b                frame802154_is_broadcast_addr
                0x0000000000028368                frame802154_extract_linkaddr
                0x00000000000285a8                frame802154_hdrlen
                0x00000000000285f9                frame802154_create
                0x00000000000287e4                frame802154_parse
 .text          0x0000000000028aed        0x0 /usr/lib/gcc/i686-linux-gnu/4.8/crtendS.o
 .text          0x0000000000028aed        0x0 /usr/lib/gcc/i686-linux-gnu/4.8/../../../i386-linux-gnu/crtn.o
 *(.gnu.warning)

.fini           0x0000000000028af0       0x14
 *(SORT(.fini))
 .fini          0x0000000000028af0        0xf /usr/lib/gcc/i686-linux-gnu/4.8/../../../i386-linux-gnu/crti.o
                0x0000000000028af0                _fini
 .fini          0x0000000000028aff        0x5 /usr/lib/gcc/i686-linux-gnu/4.8/../../../i386-linux-gnu/crtn.o
                0x0000000000028b04                PROVIDE (__etext, .)
                0x0000000000028b04                PROVIDE (_etext, .)
                0x0000000000028b04                PROVIDE (etext, .)

.rodata         0x0000000000028b20     0x1900
 *(.rodata .rodata.* .gnu.linkonce.r.*)
 .rodata        0x0000000000028b20      0x402 udp-client.co
                0x0000000000028b34                autostart_processes
 *fill*         0x0000000000028f22        0x2 
 .rodata        0x0000000000028f24      0x1e6 obj_cooja/mtype498.o
 *fill*         0x000000000002910a        0x2 
 .rodata        0x000000000002910c        0x8 obj_cooja/mtype498.a(beep.o)
                0x000000000002910c                beep_interface
 .rodata        0x0000000000029114       0x20 obj_cooja/mtype498.a(button-sensor.o)
                0x0000000000029114                button_interface
                0x0000000000029124                button_sensor
 .rodata        0x0000000000029134        0x8 obj_cooja/mtype498.a(leds-arch.o)
                0x0000000000029134                leds_interface
 .rodata        0x000000000002913c        0x8 obj_cooja/mtype498.a(moteid.o)
                0x000000000002913c                moteid_interface
 .rodata        0x0000000000029144       0x1c obj_cooja/mtype498.a(pir-sensor.o)
                0x0000000000029144                pir_interface
                0x0000000000029150                pir_sensor
 .rodata        0x0000000000029160        0xe obj_cooja/mtype498.a(rs232.o)
                0x0000000000029160                rs232_interface
 *fill*         0x000000000002916e        0x2 
 .rodata        0x0000000000029170       0x24 obj_cooja/mtype498.a(vib-sensor.o)
                0x0000000000029170                vib_interface
                0x0000000000029184                vib_sensor
 .rodata        0x0000000000029194        0x8 obj_cooja/mtype498.a(clock.o)
                0x0000000000029194                clock_interface
 .rodata        0x000000000002919c        0x8 obj_cooja/mtype498.a(log.o)
                0x000000000002919c                simlog_interface
 .rodata        0x00000000000291a4       0x2f obj_cooja/mtype498.a(cfs-cooja.o)
                0x00000000000291a4                cfs_interface
 *fill*         0x00000000000291d3        0xd 
 .rodata        0x00000000000291e0       0xc0 obj_cooja/mtype498.a(cooja-radio.o)
                0x0000000000029260                cooja_radio_driver
                0x0000000000029298                radio_interface
 .rodata        0x00000000000292a0        0x8 obj_cooja/mtype498.a(eeprom.o)
                0x00000000000292a0                eeprom_interface
 .rodata        0x00000000000292a8        0x8 obj_cooja/mtype498.a(sensors.o)
 .rodata        0x00000000000292b0      0x1fe obj_cooja/mtype498.a(dual_conf.o)
 .rodata        0x00000000000294ae        0xf obj_cooja/mtype498.a(ctimer.o)
 .rodata        0x00000000000294bd        0xc obj_cooja/mtype498.a(etimer.o)
 *fill*         0x00000000000294c9        0x3 
 .rodata        0x00000000000294cc       0x73 obj_cooja/mtype498.a(log_message.o)
 *fill*         0x000000000002953f        0x1 
 .rodata        0x0000000000029540       0x20 obj_cooja/mtype498.a(residual.o)
 .rodata        0x0000000000029560        0xe obj_cooja/mtype498.a(serial-line.o)
 *fill*         0x000000000002956e        0x2 
 .rodata        0x0000000000029570      0x928 obj_cooja/mtype498.a(sicslowpan.o)
                0x0000000000029649                unc_llconf
                0x000000000002964d                unc_ctxconf
                0x0000000000029651                unc_mxconf
                0x0000000000029655                llprefix
                0x0000000000029e8c                sicslowpan_driver
 .rodata        0x0000000000029e98      0x13c obj_cooja/mtype498.a(uip6.o)
 .rodata        0x0000000000029fd4       0x49 obj_cooja/mtype498.a(tcpip.o)
 .rodata        0x000000000002a01d       0x3e obj_cooja/mtype498.a(uip-debug.o)
 *fill*         0x000000000002a05b        0x1 
 .rodata        0x000000000002a05c        0x4 obj_cooja/mtype498.a(rpl-dag.o)
 .rodata        0x000000000002a060       0x1c obj_cooja/mtype498.a(rpl-icmp6.o)
 .rodata        0x000000000002a07c       0x8a obj_cooja/mtype498.a(rpl-timers.o)
 *fill*         0x000000000002a106        0x2 
 .rodata        0x000000000002a108       0x24 obj_cooja/mtype498.a(csma.o)
                0x000000000002a110                csma_driver
 .rodata        0x000000000002a12c        0xc obj_cooja/mtype498.a(framer-802154.o)
                0x000000000002a12c                framer_802154
 *fill*         0x000000000002a138        0x8 
 .rodata        0x000000000002a140      0x2c0 obj_cooja/mtype498.a(cxmac.o)
                0x000000000002a3e0                cxmac_driver
 .rodata        0x000000000002a400        0x8 obj_cooja/mtype498.a(linkaddr.o)
                0x000000000002a400                linkaddr_null
 .rodata        0x000000000002a408       0x18 obj_cooja/mtype498.a(nullsec.o)
                0x000000000002a410                nullsec_driver

.rodata1
 *(.rodata1)

.eh_frame_hdr   0x000000000002a420     0x1454
 *(.eh_frame_hdr)
 .eh_frame_hdr  0x000000000002a420     0x1454 udp-client.co

.eh_frame       0x000000000002b874     0x52b0
 *(.eh_frame)
 .eh_frame      0x000000000002b874       0x3c /usr/lib/gcc/i686-linux-gnu/4.8/../../../i386-linux-gnu/crti.o
                                         0x40 (size before relaxing)
 .eh_frame      0x000000000002b8b0       0xb4 udp-client.co
                                         0xcc (size before relaxing)
 .eh_frame      0x000000000002b964      0x148 obj_cooja/mtype498.o
                                        0x160 (size before relaxing)
 .eh_frame      0x000000000002baac       0x40 obj_cooja/mtype498.a(simEnvChange.o)
                                         0x58 (size before relaxing)
 .eh_frame      0x000000000002baec       0xc0 obj_cooja/mtype498.a(cooja_mt.o)
                                         0xd8 (size before relaxing)
 .eh_frame      0x000000000002bbac      0x120 obj_cooja/mtype498.a(cooja_mtarch.o)
                                        0x138 (size before relaxing)
 .eh_frame      0x000000000002bccc       0xc0 obj_cooja/mtype498.a(rtimer-arch.o)
                                         0xd8 (size before relaxing)
 .eh_frame      0x000000000002bd8c      0x160 obj_cooja/mtype498.a(beep.o)
                                        0x178 (size before relaxing)
 .eh_frame      0x000000000002beec       0xa0 obj_cooja/mtype498.a(button-sensor.o)
                                         0xb8 (size before relaxing)
 .eh_frame      0x000000000002bf8c       0xa0 obj_cooja/mtype498.a(leds-arch.o)
                                         0xb8 (size before relaxing)
 .eh_frame      0x000000000002c02c       0x40 obj_cooja/mtype498.a(moteid.o)
                                         0x58 (size before relaxing)
 .eh_frame      0x000000000002c06c       0xa0 obj_cooja/mtype498.a(pir-sensor.o)
                                         0xb8 (size before relaxing)
 .eh_frame      0x000000000002c10c      0x100 obj_cooja/mtype498.a(rs232.o)
                                        0x118 (size before relaxing)
 .eh_frame      0x000000000002c20c       0xa0 obj_cooja/mtype498.a(vib-sensor.o)
                                         0xb8 (size before relaxing)
 .eh_frame      0x000000000002c2ac       0xc0 obj_cooja/mtype498.a(clock.o)
                                         0xd8 (size before relaxing)
 .eh_frame      0x000000000002c36c      0x120 obj_cooja/mtype498.a(log.o)
                                        0x138 (size before relaxing)
 .eh_frame      0x000000000002c48c      0x160 obj_cooja/mtype498.a(cfs-cooja.o)
                                        0x178 (size before relaxing)
 .eh_frame      0x000000000002c5ec      0x2e0 obj_cooja/mtype498.a(cooja-radio.o)
                                        0x2f8 (size before relaxing)
 .eh_frame      0x000000000002c8cc       0xa0 obj_cooja/mtype498.a(eeprom.o)
                                         0xb8 (size before relaxing)
 .eh_frame      0x000000000002c96c       0x40 obj_cooja/mtype498.a(random.o)
                                         0x58 (size before relaxing)
 .eh_frame      0x000000000002c9ac       0xc0 obj_cooja/mtype498.a(sensors.o)
                                         0xd8 (size before relaxing)
 .eh_frame      0x000000000002ca6c      0x100 obj_cooja/mtype498.a(leds.o)
                                        0x118 (size before relaxing)
 .eh_frame      0x000000000002cb6c      0x1a0 obj_cooja/mtype498.a(dual_conf.o)
                                        0x1b8 (size before relaxing)
 .eh_frame      0x000000000002cd0c       0x40 obj_cooja/mtype498.a(autostart.o)
                                         0x58 (size before relaxing)
 .eh_frame      0x000000000002cd4c      0x100 obj_cooja/mtype498.a(ctimer.o)
                                        0x118 (size before relaxing)
 .eh_frame      0x000000000002ce4c      0x1e0 obj_cooja/mtype498.a(etimer.o)
                                        0x1f8 (size before relaxing)
 .eh_frame      0x000000000002d02c       0x40 obj_cooja/mtype498.a(log_message.o)
                                         0x58 (size before relaxing)
 .eh_frame      0x000000000002d06c      0x1c8 obj_cooja/mtype498.a(process.o)
                                        0x1e0 (size before relaxing)
 .eh_frame      0x000000000002d234       0x2c obj_cooja/mtype498.a(residual.o)
                                         0x44 (size before relaxing)
 .eh_frame      0x000000000002d260       0x60 obj_cooja/mtype498.a(rtimer.o)
                                         0x78 (size before relaxing)
 .eh_frame      0x000000000002d2c0       0xc4 obj_cooja/mtype498.a(stimer.o)
                                         0xdc (size before relaxing)
 .eh_frame      0x000000000002d384       0xa4 obj_cooja/mtype498.a(timer.o)
                                         0xbc (size before relaxing)
 .eh_frame      0x000000000002d428       0x60 obj_cooja/mtype498.a(serial-line.o)
                                         0x78 (size before relaxing)
 .eh_frame      0x000000000002d488      0x180 obj_cooja/mtype498.a(list.o)
                                        0x198 (size before relaxing)
 .eh_frame      0x000000000002d608       0xa0 obj_cooja/mtype498.a(ringbuf.o)
                                         0xb8 (size before relaxing)
 .eh_frame      0x000000000002d6a8      0x350 obj_cooja/mtype498.a(sicslowpan.o)
                                        0x368 (size before relaxing)
 .eh_frame      0x000000000002d9f8      0x180 obj_cooja/mtype498.a(uip-ds6-nbr.o)
                                        0x198 (size before relaxing)
 .eh_frame      0x000000000002db78      0x2a0 obj_cooja/mtype498.a(uip-ds6-route.o)
                                        0x2b8 (size before relaxing)
 .eh_frame      0x000000000002de18      0x3c8 obj_cooja/mtype498.a(uip-ds6.o)
                                        0x3e0 (size before relaxing)
 .eh_frame      0x000000000002e1e0      0x27c obj_cooja/mtype498.a(uip6.o)
                                        0x294 (size before relaxing)
 .eh_frame      0x000000000002e45c      0x270 obj_cooja/mtype498.a(tcpip.o)
                                        0x288 (size before relaxing)
 .eh_frame      0x000000000002e6cc       0x48 obj_cooja/mtype498.a(uip-debug.o)
                                         0x60 (size before relaxing)
 .eh_frame      0x000000000002e714       0xe0 obj_cooja/mtype498.a(uip-packetqueue)
                                         0xf8 (size before relaxing)
 .eh_frame      0x000000000002e7f4       0x40 obj_cooja/mtype498.a(uip-udp-packet.)
                                         0x58 (size before relaxing)
 .eh_frame      0x000000000002e834      0x76c obj_cooja/mtype498.a(rpl-dag.o)
                                        0x784 (size before relaxing)
 .eh_frame      0x000000000002efa0      0x10c obj_cooja/mtype498.a(rpl-ext-header.)
                                        0x124 (size before relaxing)
 .eh_frame      0x000000000002f0ac      0x2f8 obj_cooja/mtype498.a(rpl-icmp6.o)
                                        0x310 (size before relaxing)
 .eh_frame      0x000000000002f3a4       0xe0 obj_cooja/mtype498.a(rpl-ltmax.o)
                                         0xf8 (size before relaxing)
 .eh_frame      0x000000000002f484      0x20c obj_cooja/mtype498.a(rpl-timers.o)
                                        0x224 (size before relaxing)
 .eh_frame      0x000000000002f690      0x148 obj_cooja/mtype498.a(rpl.o)
                                        0x160 (size before relaxing)
 .eh_frame      0x000000000002f7d8      0x28c obj_cooja/mtype498.a(csma.o)
                                        0x2a4 (size before relaxing)
 .eh_frame      0x000000000002fa64      0x108 obj_cooja/mtype498.a(framer-802154.o)
                                        0x120 (size before relaxing)
 .eh_frame      0x000000000002fb6c       0x20 obj_cooja/mtype498.a(mac.o)
                                         0x38 (size before relaxing)
 .eh_frame      0x000000000002fb8c      0x2c0 obj_cooja/mtype498.a(cxmac.o)
                                        0x2d8 (size before relaxing)
 .eh_frame      0x000000000002fe4c       0x80 obj_cooja/mtype498.a(linkaddr.o)
                                         0x98 (size before relaxing)
 .eh_frame      0x000000000002fecc      0x2cc obj_cooja/mtype498.a(nbr-table.o)
                                        0x2e4 (size before relaxing)
 .eh_frame      0x0000000000030198       0x20 obj_cooja/mtype498.a(netstack.o)
                                         0x38 (size before relaxing)
 .eh_frame      0x00000000000301b8      0x214 obj_cooja/mtype498.a(packetbuf.o)
                                        0x22c (size before relaxing)
 .eh_frame      0x00000000000303cc      0x1a0 obj_cooja/mtype498.a(queuebuf.o)
                                        0x1b8 (size before relaxing)
 .eh_frame      0x000000000003056c       0x80 obj_cooja/mtype498.a(nullsec.o)
                                         0x98 (size before relaxing)
 .eh_frame      0x00000000000305ec       0xa0 obj_cooja/mtype498.a(watchdog.o)
                                         0xb8 (size before relaxing)
 .eh_frame      0x000000000003068c       0xa0 obj_cooja/mtype498.a(memb.o)
                                         0xb8 (size before relaxing)
 .eh_frame      0x000000000003072c      0x168 obj_cooja/mtype498.a(uip-icmp6.o)
                                        0x180 (size before relaxing)
 .eh_frame      0x0000000000030894       0x68 obj_cooja/mtype498.a(uip-nd6.o)
                                         0x80 (size before relaxing)
 .eh_frame      0x00000000000308fc       0xc0 obj_cooja/mtype498.a(rpl-nbr-policy.)
                                         0xd8 (size before relaxing)
 .eh_frame      0x00000000000309bc      0x164 obj_cooja/mtype498.a(frame802154.o)
                                        0x17c (size before relaxing)
 .eh_frame      0x0000000000030b20        0x4 /usr/lib/gcc/i686-linux-gnu/4.8/crtendS.o

.gcc_except_table
 *(.gcc_except_table .gcc_except_table.*)

.exception_ranges
 *(.exception_ranges .exception_ranges*)
                0x0000000000030b24                . = (ALIGN (0x1000) - ((0x1000 - .) & 0xfff))
                0x0000000000031ef8                . = DATA_SEGMENT_ALIGN (0x1000, 0x1000)

.eh_frame
 *(.eh_frame)

.gcc_except_table
 *(.gcc_except_table .gcc_except_table.*)

.exception_ranges
 *(.exception_ranges .exception_ranges*)

.tdata
 *(.tdata .tdata.* .gnu.linkonce.td.*)

.tbss
 *(.tbss .tbss.* .gnu.linkonce.tb.*)
 *(.tcommon)

.preinit_array
 *(.preinit_array)

.init_array     0x0000000000031ef8        0x4
 *(SORT(.init_array.*) SORT(.ctors.*))
 *(.init_array EXCLUDE_FILE(*crtend?.o *crtend.o *crtbegin?.o *crtbegin.o) .ctors)
 .init_array    0x0000000000031ef8        0x4 /usr/lib/gcc/i686-linux-gnu/4.8/crtbeginS.o

.fini_array     0x0000000000031efc        0x4
 *(SORT(.fini_array.*) SORT(.dtors.*))
 *(.fini_array EXCLUDE_FILE(*crtend?.o *crtend.o *crtbegin?.o *crtbegin.o) .dtors)
 .fini_array    0x0000000000031efc        0x4 /usr/lib/gcc/i686-linux-gnu/4.8/crtbeginS.o

.ctors
 *crtbegin.o(.ctors)
 *crtbegin?.o(.ctors)
 *(EXCLUDE_FILE(*crtend?.o *crtend.o) .ctors)
 *(SORT(.ctors.*))
 *(.ctors)

.dtors
 *crtbegin.o(.dtors)
 *crtbegin?.o(.dtors)
 *(EXCLUDE_FILE(*crtend?.o *crtend.o) .dtors)
 *(SORT(.dtors.*))
 *(.dtors)

.jcr            0x0000000000031f00        0x4
 *(.jcr)
 .jcr           0x0000000000031f00        0x0 /usr/lib/gcc/i686-linux-gnu/4.8/crtbeginS.o
 .jcr           0x0000000000031f00        0x4 /usr/lib/gcc/i686-linux-gnu/4.8/crtendS.o

.data.rel.ro
 *(.data.rel.ro.local* .gnu.linkonce.d.rel.ro.local.*)
 *(.data.rel.ro .data.rel.ro.* .gnu.linkonce.d.rel.ro.*)

.dynamic        0x0000000000031f04       0xe8
 *(.dynamic)
 .dynamic       0x0000000000031f04       0xe8 /usr/lib/gcc/i686-linux-gnu/4.8/../../../i386-linux-gnu/crti.o
                0x0000000000031f04                _DYNAMIC

.got            0x0000000000031fec       0x14
 *(.got)
 .got           0x0000000000031fec       0x14 /usr/lib/gcc/i686-linux-gnu/4.8/../../../i386-linux-gnu/crti.o
 *(.igot)
                0x0000000000032ff4                . = DATA_SEGMENT_RELRO_END (., (SIZEOF (.got.plt) >= 0xc)?0xc:0x0)

.got.plt        0x0000000000032000       0x14
 *(.got.plt)
 .got.plt       0x0000000000032000       0x14 /usr/lib/gcc/i686-linux-gnu/4.8/../../../i386-linux-gnu/crti.o
                0x0000000000032000                _GLOBAL_OFFSET_TABLE_
 *(.igot.plt)

.data           0x0000000000032020      0x2c2
 *(.data .data.* .gnu.linkonce.d.*)
 .data          0x0000000000032020        0x0 /usr/lib/gcc/i686-linux-gnu/4.8/../../../i386-linux-gnu/crti.o
 .data          0x0000000000032020        0x0 /usr/lib/gcc/i686-linux-gnu/4.8/crtbeginS.o
 .data.rel      0x0000000000032020        0x4 /usr/lib/gcc/i686-linux-gnu/4.8/crtbeginS.o
                0x0000000000032020                __dso_handle
 .data          0x0000000000032024       0x10 udp-client.co
                0x0000000000032024                udp_client_process
 *fill*         0x0000000000032034        0xc 
 .data          0x0000000000032040       0x44 obj_cooja/mtype498.o
                0x0000000000032040                simInterfaces
                0x0000000000032074                sensors
 .data          0x0000000000032084        0x0 obj_cooja/mtype498.a(simEnvChange.o)
 .data          0x0000000000032084        0x0 obj_cooja/mtype498.a(cooja_mt.o)
 .data          0x0000000000032084        0x0 obj_cooja/mtype498.a(cooja_mtarch.o)
 .data          0x0000000000032084        0x0 obj_cooja/mtype498.a(rtimer-arch.o)
 .data          0x0000000000032084        0x0 obj_cooja/mtype498.a(beep.o)
 .data          0x0000000000032084        0x0 obj_cooja/mtype498.a(button-sensor.o)
 .data          0x0000000000032084        0x0 obj_cooja/mtype498.a(leds-arch.o)
 .data          0x0000000000032084        0x0 obj_cooja/mtype498.a(moteid.o)
 .data          0x0000000000032084        0x0 obj_cooja/mtype498.a(pir-sensor.o)
 .data          0x0000000000032084        0x0 obj_cooja/mtype498.a(rs232.o)
 .data          0x0000000000032084        0x0 obj_cooja/mtype498.a(vib-sensor.o)
 .data          0x0000000000032084        0x0 obj_cooja/mtype498.a(clock.o)
 .data          0x0000000000032084        0x0 obj_cooja/mtype498.a(log.o)
 .data          0x0000000000032084        0x0 obj_cooja/mtype498.a(cfs-cooja.o)
 .data          0x0000000000032084       0x40 obj_cooja/mtype498.a(cooja-radio.o)
                0x0000000000032084                simRadioChannelLR
                0x0000000000032088                simRadioHWOnLR
                0x000000000003208c                simSignalStrengthLR
                0x0000000000032090                simLastSignalStrengthLR
                0x0000000000032094                simPowerLR
                0x0000000000032098                simLQILR
                0x000000000003209c                simRadioChannel
                0x00000000000320a0                simRadioHWOn
                0x00000000000320a4                simSignalStrength
                0x00000000000320a8                simLastSignalStrength
                0x00000000000320ac                simPower
                0x00000000000320b0                simLQI
                0x00000000000320b4                cooja_radio_process
 .data          0x00000000000320c4        0x0 obj_cooja/mtype498.a(eeprom.o)
 .data          0x00000000000320c4        0x0 obj_cooja/mtype498.a(random.o)
 .data          0x00000000000320c4       0x10 obj_cooja/mtype498.a(sensors.o)
                0x00000000000320c4                sensors_process
 .data          0x00000000000320d4        0x0 obj_cooja/mtype498.a(leds.o)
 .data          0x00000000000320d4       0x3a obj_cooja/mtype498.a(dual_conf.o)
                0x00000000000320d4                radio_received
                0x00000000000320d8                dual_dio_broadcast
                0x00000000000320e8                dual_dis_broadcast
                0x00000000000320f8                dual_LSA_converge_broadcast
 .data          0x000000000003210e        0x0 obj_cooja/mtype498.a(autostart.o)
 *fill*         0x000000000003210e        0x2 
 .data          0x0000000000032110       0x14 obj_cooja/mtype498.a(ctimer.o)
                0x0000000000032114                ctimer_process
 .data          0x0000000000032124       0x10 obj_cooja/mtype498.a(etimer.o)
                0x0000000000032124                etimer_process
 .data          0x0000000000032134        0x0 obj_cooja/mtype498.a(log_message.o)
 .data          0x0000000000032134        0x0 obj_cooja/mtype498.a(process.o)
 .data          0x0000000000032134        0x0 obj_cooja/mtype498.a(residual.o)
 .data          0x0000000000032134        0x0 obj_cooja/mtype498.a(rtimer.o)
 .data          0x0000000000032134        0x0 obj_cooja/mtype498.a(stimer.o)
 .data          0x0000000000032134        0x0 obj_cooja/mtype498.a(timer.o)
 .data          0x0000000000032134       0x10 obj_cooja/mtype498.a(serial-line.o)
                0x0000000000032134                serial_line_process
 .data          0x0000000000032144        0x0 obj_cooja/mtype498.a(list.o)
 .data          0x0000000000032144        0x0 obj_cooja/mtype498.a(ringbuf.o)
 .data          0x0000000000032144        0x0 obj_cooja/mtype498.a(sicslowpan.o)
 .data          0x0000000000032144       0x14 obj_cooja/mtype498.a(uip-ds6-nbr.o)
                0x0000000000032154                ds6_neighbors
 .data          0x0000000000032158       0x44 obj_cooja/mtype498.a(uip-ds6-route.o)
                0x0000000000032168                nbr_routes
 .data          0x000000000003219c        0x0 obj_cooja/mtype498.a(uip-ds6.o)
 .data          0x000000000003219c        0x0 obj_cooja/mtype498.a(uip6.o)
 .data          0x000000000003219c       0x10 obj_cooja/mtype498.a(tcpip.o)
                0x000000000003219c                tcpip_process
 .data          0x00000000000321ac        0x0 obj_cooja/mtype498.a(uip-debug.o)
 .data          0x00000000000321ac        0xc obj_cooja/mtype498.a(uip-packetqueue)
 .data          0x00000000000321b8        0x0 obj_cooja/mtype498.a(uip-udp-packet.)
 .data          0x00000000000321b8       0x28 obj_cooja/mtype498.a(rpl-dag.o)
                0x00000000000321c8                rpl_parents
                0x00000000000321dc                rpl_children
 .data          0x00000000000321e0        0x0 obj_cooja/mtype498.a(rpl-ext-header.)
 .data          0x00000000000321e0       0x40 obj_cooja/mtype498.a(rpl-icmp6.o)
 .data          0x0000000000032220       0x1c obj_cooja/mtype498.a(rpl-ltmax.o)
                0x0000000000032220                rpl_ltmax_of
 .data          0x000000000003223c        0x0 obj_cooja/mtype498.a(rpl-timers.o)
 .data          0x000000000003223c        0x0 obj_cooja/mtype498.a(rpl.o)
 .data          0x000000000003223c       0x28 obj_cooja/mtype498.a(csma.o)
 .data          0x0000000000032264        0x0 obj_cooja/mtype498.a(framer-802154.o)
 .data          0x0000000000032264        0x0 obj_cooja/mtype498.a(mac.o)
 .data          0x0000000000032264       0x30 obj_cooja/mtype498.a(cxmac.o)
                0x0000000000032264                cxmac_config
                0x0000000000032274                strobe_wait
 .data          0x0000000000032294        0x0 obj_cooja/mtype498.a(linkaddr.o)
 .data          0x0000000000032294       0x10 obj_cooja/mtype498.a(nbr-table.o)
 .data          0x00000000000322a4        0x0 obj_cooja/mtype498.a(netstack.o)
 .data          0x00000000000322a4        0x4 obj_cooja/mtype498.a(packetbuf.o)
 .data          0x00000000000322a8       0x18 obj_cooja/mtype498.a(queuebuf.o)
 .data          0x00000000000322c0        0x0 obj_cooja/mtype498.a(nullsec.o)
 .data          0x00000000000322c0        0x0 obj_cooja/mtype498.a(watchdog.o)
 .data          0x00000000000322c0        0x0 obj_cooja/mtype498.a(rimestats.o)
 .data          0x00000000000322c0        0x0 obj_cooja/mtype498.a(memb.o)
 .data          0x00000000000322c0       0x20 obj_cooja/mtype498.a(uip-icmp6.o)
 .data          0x00000000000322e0        0x0 obj_cooja/mtype498.a(uip-nd6.o)
 .data          0x00000000000322e0        0x0 obj_cooja/mtype498.a(rpl-nbr-policy.)
 .data          0x00000000000322e0        0x2 obj_cooja/mtype498.a(frame802154.o)
 .data          0x00000000000322e2        0x0 /usr/lib/gcc/i686-linux-gnu/4.8/crtendS.o
 .data          0x00000000000322e2        0x0 /usr/lib/gcc/i686-linux-gnu/4.8/../../../i386-linux-gnu/crtn.o

.tm_clone_table
                0x00000000000322e4        0x0
 .tm_clone_table
                0x00000000000322e4        0x0 /usr/lib/gcc/i686-linux-gnu/4.8/crtbeginS.o
 .tm_clone_table
                0x00000000000322e4        0x0 /usr/lib/gcc/i686-linux-gnu/4.8/crtendS.o

.data1
 *(.data1)
                0x00000000000322e4                _edata = .
                0x00000000000322e4                PROVIDE (edata, .)
                0x00000000000322e4                . = .
                0x00000000000322e4                __bss_start = .

.bss            0x0000000000032300     0x8628
 *(.dynbss)
 .dynbss        0x0000000000000000        0x0 /usr/lib/gcc/i686-linux-gnu/4.8/../../../i386-linux-gnu/crti.o
 *(.bss .bss.* .gnu.linkonce.b.*)
 .bss           0x0000000000032300        0x0 /usr/lib/gcc/i686-linux-gnu/4.8/../../../i386-linux-gnu/crti.o
 .bss           0x0000000000032300        0x1 /usr/lib/gcc/i686-linux-gnu/4.8/crtbeginS.o
 *fill*         0x0000000000032301       0x1f 
 .bss           0x0000000000032320       0x60 udp-client.co
                0x0000000000032320                my_weight
 .bss           0x0000000000032380     0x2030 obj_cooja/mtype498.o
 .bss           0x00000000000343b0        0x1 obj_cooja/mtype498.a(simEnvChange.o)
                0x00000000000343b0                simDontFallAsleep
 *fill*         0x00000000000343b1        0x3 
 .bss           0x00000000000343b4        0x4 obj_cooja/mtype498.a(cooja_mt.o)
 .bss           0x00000000000343b8        0x4 obj_cooja/mtype498.a(cooja_mtarch.o)
 .bss           0x00000000000343bc        0xc obj_cooja/mtype498.a(rtimer-arch.o)
 .bss           0x00000000000343c8        0x0 obj_cooja/mtype498.a(beep.o)
 .bss           0x00000000000343c8        0x8 obj_cooja/mtype498.a(button-sensor.o)
 .bss           0x00000000000343d0        0x0 obj_cooja/mtype498.a(leds-arch.o)
 .bss           0x00000000000343d0        0x0 obj_cooja/mtype498.a(moteid.o)
 .bss           0x00000000000343d0        0x1 obj_cooja/mtype498.a(pir-sensor.o)
                0x00000000000343d0                simPirValue
 *fill*         0x00000000000343d1        0x3 
 .bss           0x00000000000343d4        0x4 obj_cooja/mtype498.a(rs232.o)
 .bss           0x00000000000343d8        0x1 obj_cooja/mtype498.a(vib-sensor.o)
                0x00000000000343d8                simVibValue
 .bss           0x00000000000343d9        0x0 obj_cooja/mtype498.a(clock.o)
 *fill*         0x00000000000343d9        0x7 
 .bss           0x00000000000343e0      0x420 obj_cooja/mtype498.a(log.o)
 .bss           0x0000000000034800      0xfc0 obj_cooja/mtype498.a(cfs-cooja.o)
                0x0000000000034800                simCFSData
                0x00000000000357a0                simCFSSize
                0x00000000000357a4                simCFSChanged
                0x00000000000357a8                simCFSRead
                0x00000000000357ac                simCFSWritten
 .bss           0x00000000000357c0       0x24 obj_cooja/mtype498.a(cooja-radio.o)
                0x00000000000357c0                simReceivingLR
                0x00000000000357c4                simInSizeLR
                0x00000000000357c8                simOutSizeLR
                0x00000000000357cc                simReceiving
                0x00000000000357d0                simInSize
                0x00000000000357d4                simOutSize
                0x00000000000357d8                LongRangeTransmit
                0x00000000000357dc                LongRangeReceiving
 .bss           0x00000000000357e4        0xc obj_cooja/mtype498.a(eeprom.o)
                0x00000000000357e4                simEEPROMChanged
                0x00000000000357e8                simEEPROMRead
                0x00000000000357ec                simEEPROMWritten
 .bss           0x00000000000357f0        0x0 obj_cooja/mtype498.a(random.o)
 .bss           0x00000000000357f0        0xc obj_cooja/mtype498.a(sensors.o)
 .bss           0x00000000000357fc        0x1 obj_cooja/mtype498.a(leds.o)
 *fill*         0x00000000000357fd        0x3 
 .bss           0x0000000000035800       0x40 obj_cooja/mtype498.a(dual_conf.o)
                0x0000000000035800                long_range_radio
 .bss           0x0000000000035840        0x0 obj_cooja/mtype498.a(autostart.o)
 .bss           0x0000000000035840        0x5 obj_cooja/mtype498.a(ctimer.o)
 *fill*         0x0000000000035845        0x3 
 .bss           0x0000000000035848        0x8 obj_cooja/mtype498.a(etimer.o)
 .bss           0x0000000000035850        0x0 obj_cooja/mtype498.a(log_message.o)
 *fill*         0x0000000000035850       0x10 
 .bss           0x0000000000035860      0x1b1 obj_cooja/mtype498.a(process.o)
                0x0000000000035860                process_list
                0x0000000000035864                process_current
 .bss           0x0000000000035a11        0x0 obj_cooja/mtype498.a(residual.o)
 *fill*         0x0000000000035a11        0x3 
 .bss           0x0000000000035a14        0x4 obj_cooja/mtype498.a(rtimer.o)
 .bss           0x0000000000035a18        0x0 obj_cooja/mtype498.a(stimer.o)
 .bss           0x0000000000035a18        0x0 obj_cooja/mtype498.a(timer.o)
 *fill*         0x0000000000035a18        0x8 
 .bss           0x0000000000035a20      0x140 obj_cooja/mtype498.a(serial-line.o)
 .bss           0x0000000000035b60        0x0 obj_cooja/mtype498.a(list.o)
 .bss           0x0000000000035b60        0x0 obj_cooja/mtype498.a(ringbuf.o)
 .bss           0x0000000000035b60      0x70c obj_cooja/mtype498.a(sicslowpan.o)
 *fill*         0x000000000003626c       0x14 
 .bss           0x0000000000036280       0xc0 obj_cooja/mtype498.a(uip-ds6-nbr.o)
 .bss           0x0000000000036340      0x4a8 obj_cooja/mtype498.a(uip-ds6-route.o)
 .bss           0x00000000000367e8       0x30 obj_cooja/mtype498.a(uip-ds6.o)
 .bss           0x0000000000036818        0xe obj_cooja/mtype498.a(uip6.o)
                0x0000000000036818                uip_ext_bitmap
                0x0000000000036819                uip_ext_len
                0x000000000003681a                uip_ext_opt_offset
 *fill*         0x0000000000036826       0x1a 
 .bss           0x0000000000036840       0x6b obj_cooja/mtype498.a(tcpip.o)
 .bss           0x00000000000368ab        0x0 obj_cooja/mtype498.a(uip-debug.o)
 *fill*         0x00000000000368ab       0x15 
 .bss           0x00000000000368c0      0xcf8 obj_cooja/mtype498.a(uip-packetqueue)
 .bss           0x00000000000375b8        0x0 obj_cooja/mtype498.a(uip-udp-packet.)
 *fill*         0x00000000000375b8        0x8 
 .bss           0x00000000000375c0       0x88 obj_cooja/mtype498.a(rpl-dag.o)
 .bss           0x0000000000037648        0x0 obj_cooja/mtype498.a(rpl-ext-header.)
 .bss           0x0000000000037648        0x0 obj_cooja/mtype498.a(rpl-icmp6.o)
 .bss           0x0000000000037648        0x0 obj_cooja/mtype498.a(rpl-ltmax.o)
 *fill*         0x0000000000037648       0x18 
 .bss           0x0000000000037660       0x60 obj_cooja/mtype498.a(rpl-timers.o)
 .bss           0x00000000000376c0        0x4 obj_cooja/mtype498.a(rpl.o)
 *fill*         0x00000000000376c4       0x1c 
 .bss           0x00000000000376e0      0x288 obj_cooja/mtype498.a(csma.o)
 .bss           0x0000000000037968        0x2 obj_cooja/mtype498.a(framer-802154.o)
 .bss           0x000000000003796a        0x0 obj_cooja/mtype498.a(mac.o)
 *fill*         0x000000000003796a       0x16 
 .bss           0x0000000000037980       0xb1 obj_cooja/mtype498.a(cxmac.o)
 .bss           0x0000000000037a31        0x0 obj_cooja/mtype498.a(linkaddr.o)
 *fill*         0x0000000000037a31        0xf 
 .bss           0x0000000000037a40       0xc4 obj_cooja/mtype498.a(nbr-table.o)
 .bss           0x0000000000037b04        0x0 obj_cooja/mtype498.a(netstack.o)
 *fill*         0x0000000000037b04       0x1c 
 .bss           0x0000000000037b20       0xa0 obj_cooja/mtype498.a(packetbuf.o)
 .bss           0x0000000000037bc0      0xb80 obj_cooja/mtype498.a(queuebuf.o)
 .bss           0x0000000000038740        0x0 obj_cooja/mtype498.a(nullsec.o)
 .bss           0x0000000000038740        0x0 obj_cooja/mtype498.a(watchdog.o)
 .bss           0x0000000000038740        0x0 obj_cooja/mtype498.a(rimestats.o)
 .bss           0x0000000000038740        0x0 obj_cooja/mtype498.a(memb.o)
 .bss           0x0000000000038740       0x18 obj_cooja/mtype498.a(uip-icmp6.o)
 .bss           0x0000000000038758        0x0 obj_cooja/mtype498.a(uip-nd6.o)
 *fill*         0x0000000000038758        0x8 
 .bss           0x0000000000038760       0x44 obj_cooja/mtype498.a(rpl-nbr-policy.)
 .bss           0x00000000000387a4        0x0 obj_cooja/mtype498.a(frame802154.o)
 .bss           0x00000000000387a4        0x0 /usr/lib/gcc/i686-linux-gnu/4.8/crtendS.o
 .bss           0x00000000000387a4        0x0 /usr/lib/gcc/i686-linux-gnu/4.8/../../../i386-linux-gnu/crtn.o
 *(COMMON)
 COMMON         0x00000000000387a4       0x75 udp-client.co
                0x00000000000387a4                dio_count
                0x00000000000387a8                dis_count
                0x00000000000387ac                tcp_output_count
                0x00000000000387b0                csma_transmission_count
                0x00000000000387b4                dao_ack_fwd_count
                0x00000000000387b8                COOJA_radioRxLong
                0x00000000000387bc                cxmac_collision_count
                0x00000000000387c0                LSA_message_input
                0x00000000000387c4                control_message_count
                0x00000000000387c8                dao_count
                0x00000000000387cc                icmp_count
                0x00000000000387d0                COOJA_radioTx
                0x00000000000387d4                LSA_SR_preamble
                0x00000000000387d8                cxmac_transmission_count
                0x00000000000387dc                dao_ack_count
                0x00000000000387e0                LSA_lr_child
                0x00000000000387e4                data_message_count
                0x00000000000387e8                LSA_converge
                0x00000000000387e9                my_sink_reachability
                0x00000000000387ec                COOJA_radioTxLong
                0x00000000000387f0                COOJA_radioRx
                0x00000000000387f4                my_parent_number
                0x00000000000387f8                COOJA_radioOn
                0x00000000000387fc                LSA_broadcast_count
                0x0000000000038800                LSA_count
                0x0000000000038804                dao_fwd_count
                0x0000000000038808                COOJA_duration
                0x000000000003880c                dio_ack_count
                0x0000000000038810                COOJA_radioOnLong
                0x0000000000038814                data_fwd_count
                0x0000000000038818                LSA_message_flag
 *fill*         0x0000000000038819        0x3 
 COMMON         0x000000000003881c       0x10 obj_cooja/mtype498.o
                0x000000000003881c                referenceVar
                0x0000000000038820                debugfp
                0x0000000000038824                csma_tranmission_count
                0x0000000000038828                sensors_flags
 COMMON         0x000000000003882c        0xc obj_cooja/mtype498.a(simEnvChange.o)
                0x000000000003882c                simEtimerPending
                0x0000000000038830                simProcessRunValue
                0x0000000000038834                simNextExpirationTime
 COMMON         0x0000000000038838        0x1 obj_cooja/mtype498.a(beep.o)
                0x0000000000038838                simBeeped
 COMMON         0x0000000000038839        0x3 obj_cooja/mtype498.a(button-sensor.o)
                0x0000000000038839                simButtonIsActive
                0x000000000003883a                simButtonIsDown
                0x000000000003883b                simButtonChanged
 COMMON         0x000000000003883c        0x1 obj_cooja/mtype498.a(leds-arch.o)
                0x000000000003883c                simLedsValue
 *fill*         0x000000000003883d        0x3 
 COMMON         0x0000000000038840        0xc obj_cooja/mtype498.a(moteid.o)
                0x0000000000038840                simRandomSeed
                0x0000000000038844                simMoteIDChanged
                0x0000000000038848                simMoteID
 COMMON         0x000000000003884c        0x2 obj_cooja/mtype498.a(pir-sensor.o)
                0x000000000003884c                simPirIsActive
                0x000000000003884d                simPirChanged
 *fill*         0x000000000003884e       0x12 
 COMMON         0x0000000000038860      0x820 obj_cooja/mtype498.a(rs232.o)
                0x0000000000038860                simSerialReceivingFlag
                0x0000000000038864                simSerialReceivingLength
                0x0000000000038880                simSerialReceivingData
 COMMON         0x0000000000039080        0x2 obj_cooja/mtype498.a(vib-sensor.o)
                0x0000000000039080                simVibChanged
                0x0000000000039081                simVibIsActive
 *fill*         0x0000000000039082        0x2 
 COMMON         0x0000000000039084        0x4 obj_cooja/mtype498.a(clock.o)
                0x0000000000039084                simCurrentTime
 *fill*         0x0000000000039088       0x18 
 COMMON         0x00000000000390a0      0x420 obj_cooja/mtype498.a(log.o)
                0x00000000000390a0                simLoggedLength
                0x00000000000390a4                simLoggedFlag
                0x00000000000390c0                simLoggedData
 COMMON         0x00000000000394c0      0x240 obj_cooja/mtype498.a(cooja-radio.o)
                0x00000000000394c0                simOutDataBuffer
                0x0000000000039540                simRadioTarget
                0x0000000000039560                simInDataBufferLR
                0x00000000000395e0                simOutDataBufferLR
                0x0000000000039660                dual_duty_cycle_count
                0x0000000000039680                simInDataBuffer
 COMMON         0x0000000000039700      0x400 obj_cooja/mtype498.a(eeprom.o)
                0x0000000000039700                simEEPROMData
 COMMON         0x0000000000039b00        0x1 obj_cooja/mtype498.a(sensors.o)
                0x0000000000039b00                sensors_event
 *fill*         0x0000000000039b01        0x3 
 COMMON         0x0000000000039b04        0x4 obj_cooja/mtype498.a(log_message.o)
                0x0000000000039b04                log_fp
 COMMON         0x0000000000039b08        0x1 obj_cooja/mtype498.a(serial-line.o)
                0x0000000000039b08                serial_line_event_message
 COMMON         0x0000000000039b09        0x1 obj_cooja/mtype498.a(sicslowpan.o)
                0x0000000000039b09                p
 *fill*         0x0000000000039b0a       0x16 
 COMMON         0x0000000000039b20       0x50 obj_cooja/mtype498.a(uip-ds6-nbr.o)
                0x0000000000039b20                ds6_lr_addrmap
 *fill*         0x0000000000039b70       0x10 
 COMMON         0x0000000000039b80      0x298 obj_cooja/mtype498.a(uip-ds6.o)
                0x0000000000039b80                uip_ds6_prefix_list
                0x0000000000039be0                uip_ds6_timer_periodic
                0x0000000000039bf0                uip_ds6_netif_addr_list_offset
                0x0000000000039c00                uip_ds6_if
                0x0000000000039cf8                uip_ds6_timer_ra
                0x0000000000039d00                uip_ds6_addr_size
                0x0000000000039d20                long_uip_ds6_if
 *fill*         0x0000000000039e18        0x8 
 COMMON         0x0000000000039e20      0x8ec obj_cooja/mtype498.a(uip6.o)
                0x0000000000039e20                uip_slen
                0x0000000000039e22                uip_acc32
                0x0000000000039e40                uip_conns
                0x0000000000039f00                uip_lladdr
                0x0000000000039f08                uip_appdata
                0x0000000000039f0c                uip_flags
                0x0000000000039f20                uip_aligned_buf
                0x000000000003a560                uip_listenports
                0x000000000003a570                uip_len
                0x000000000003a572                uip_long_lladdr
                0x000000000003a57c                uip_sappdata
                0x000000000003a580                uip_udp_conns
                0x000000000003a700                uip_udp_conn
                0x000000000003a704                uip_next_hdr
                0x000000000003a708                uip_conn
 COMMON         0x000000000003a70c        0x1 obj_cooja/mtype498.a(tcpip.o)
                0x000000000003a70c                tcpip_event
 *fill*         0x000000000003a70d       0x13 
 COMMON         0x000000000003a720      0x178 obj_cooja/mtype498.a(rpl-dag.o)
                0x000000000003a720                default_instance
                0x000000000003a740                instance_table
 COMMON         0x000000000003a898       0x10 obj_cooja/mtype498.a(linkaddr.o)
                0x000000000003a898                linkaddr_node_addr
                0x000000000003a8a0                long_linkaddr_node_addr
 COMMON         0x000000000003a8a8       0x2e obj_cooja/mtype498.a(packetbuf.o)
                0x000000000003a8a8                packetbuf_attrs
                0x000000000003a8c6                packetbuf_addrs
 *fill*         0x000000000003a8d6        0xa 
 COMMON         0x000000000003a8e0       0x48 obj_cooja/mtype498.a(rimestats.o)
                0x000000000003a8e0                rimestats
                0x000000000003a928                . = ALIGN ((. != 0x0)?0x4:0x1)
                0x000000000003a928                . = ALIGN (0x4)
                0x000000000003a928                . = SEGMENT_START ("ldata-segment", .)
                0x000000000003a928                . = ALIGN (0x4)
                0x000000000003a928                _end = .
                0x000000000003a928                PROVIDE (end, .)
                0x000000000003a928                . = DATA_SEGMENT_END (.)

.stab
 *(.stab)

.stabstr
 *(.stabstr)

.stab.excl
 *(.stab.excl)

.stab.exclstr
 *(.stab.exclstr)

.stab.index
 *(.stab.index)

.stab.indexstr
 *(.stab.indexstr)

.comment        0x0000000000000000       0x29
 *(.comment)
 .comment       0x0000000000000000       0x29 /usr/lib/gcc/i686-linux-gnu/4.8/crtbeginS.o
                                         0x2a (size before relaxing)
 .comment       0x0000000000000000       0x2a udp-client.co
 .comment       0x0000000000000000       0x2a obj_cooja/mtype498.o
 .comment       0x0000000000000000       0x2a obj_cooja/mtype498.a(simEnvChange.o)
 .comment       0x0000000000000000       0x2a obj_cooja/mtype498.a(cooja_mt.o)
 .comment       0x0000000000000000       0x2a obj_cooja/mtype498.a(cooja_mtarch.o)
 .comment       0x0000000000000000       0x2a obj_cooja/mtype498.a(rtimer-arch.o)
 .comment       0x0000000000000000       0x2a obj_cooja/mtype498.a(beep.o)
 .comment       0x0000000000000000       0x2a obj_cooja/mtype498.a(button-sensor.o)
 .comment       0x0000000000000000       0x2a obj_cooja/mtype498.a(leds-arch.o)
 .comment       0x0000000000000000       0x2a obj_cooja/mtype498.a(moteid.o)
 .comment       0x0000000000000000       0x2a obj_cooja/mtype498.a(pir-sensor.o)
 .comment       0x0000000000000000       0x2a obj_cooja/mtype498.a(rs232.o)
 .comment       0x0000000000000000       0x2a obj_cooja/mtype498.a(vib-sensor.o)
 .comment       0x0000000000000000       0x2a obj_cooja/mtype498.a(clock.o)
 .comment       0x0000000000000000       0x2a obj_cooja/mtype498.a(log.o)
 .comment       0x0000000000000000       0x2a obj_cooja/mtype498.a(cfs-cooja.o)
 .comment       0x0000000000000000       0x2a obj_cooja/mtype498.a(cooja-radio.o)
 .comment       0x0000000000000000       0x2a obj_cooja/mtype498.a(eeprom.o)
 .comment       0x0000000000000000       0x2a obj_cooja/mtype498.a(random.o)
 .comment       0x0000000000000000       0x2a obj_cooja/mtype498.a(sensors.o)
 .comment       0x0000000000000000       0x2a obj_cooja/mtype498.a(leds.o)
 .comment       0x0000000000000000       0x2a obj_cooja/mtype498.a(dual_conf.o)
 .comment       0x0000000000000000       0x2a obj_cooja/mtype498.a(autostart.o)
 .comment       0x0000000000000000       0x2a obj_cooja/mtype498.a(ctimer.o)
 .comment       0x0000000000000000       0x2a obj_cooja/mtype498.a(etimer.o)
 .comment       0x0000000000000000       0x2a obj_cooja/mtype498.a(log_message.o)
 .comment       0x0000000000000000       0x2a obj_cooja/mtype498.a(process.o)
 .comment       0x0000000000000000       0x2a obj_cooja/mtype498.a(residual.o)
 .comment       0x0000000000000000       0x2a obj_cooja/mtype498.a(rtimer.o)
 .comment       0x0000000000000000       0x2a obj_cooja/mtype498.a(stimer.o)
 .comment       0x0000000000000000       0x2a obj_cooja/mtype498.a(timer.o)
 .comment       0x0000000000000000       0x2a obj_cooja/mtype498.a(serial-line.o)
 .comment       0x0000000000000000       0x2a obj_cooja/mtype498.a(list.o)
 .comment       0x0000000000000000       0x2a obj_cooja/mtype498.a(ringbuf.o)
 .comment       0x0000000000000000       0x2a obj_cooja/mtype498.a(sicslowpan.o)
 .comment       0x0000000000000000       0x2a obj_cooja/mtype498.a(uip-ds6-nbr.o)
 .comment       0x0000000000000000       0x2a obj_cooja/mtype498.a(uip-ds6-route.o)
 .comment       0x0000000000000000       0x2a obj_cooja/mtype498.a(uip-ds6.o)
 .comment       0x0000000000000000       0x2a obj_cooja/mtype498.a(uip6.o)
 .comment       0x0000000000000000       0x2a obj_cooja/mtype498.a(tcpip.o)
 .comment       0x0000000000000000       0x2a obj_cooja/mtype498.a(uip-debug.o)
 .comment       0x0000000000000000       0x2a obj_cooja/mtype498.a(uip-packetqueue)
 .comment       0x0000000000000000       0x2a obj_cooja/mtype498.a(uip-udp-packet.)
 .comment       0x0000000000000000       0x2a obj_cooja/mtype498.a(rpl-dag.o)
 .comment       0x0000000000000000       0x2a obj_cooja/mtype498.a(rpl-ext-header.)
 .comment       0x0000000000000000       0x2a obj_cooja/mtype498.a(rpl-icmp6.o)
 .comment       0x0000000000000000       0x2a obj_cooja/mtype498.a(rpl-ltmax.o)
 .comment       0x0000000000000000       0x2a obj_cooja/mtype498.a(rpl-timers.o)
 .comment       0x0000000000000000       0x2a obj_cooja/mtype498.a(rpl.o)
 .comment       0x0000000000000000       0x2a obj_cooja/mtype498.a(csma.o)
 .comment       0x0000000000000000       0x2a obj_cooja/mtype498.a(framer-802154.o)
 .comment       0x0000000000000000       0x2a obj_cooja/mtype498.a(mac.o)
 .comment       0x0000000000000000       0x2a obj_cooja/mtype498.a(cxmac.o)
 .comment       0x0000000000000000       0x2a obj_cooja/mtype498.a(linkaddr.o)
 .comment       0x0000000000000000       0x2a obj_cooja/mtype498.a(nbr-table.o)
 .comment       0x0000000000000000       0x2a obj_cooja/mtype498.a(netstack.o)
 .comment       0x0000000000000000       0x2a obj_cooja/mtype498.a(packetbuf.o)
 .comment       0x0000000000000000       0x2a obj_cooja/mtype498.a(queuebuf.o)
 .comment       0x0000000000000000       0x2a obj_cooja/mtype498.a(nullsec.o)
 .comment       0x0000000000000000       0x2a obj_cooja/mtype498.a(watchdog.o)
 .comment       0x0000000000000000       0x2a obj_cooja/mtype498.a(rimestats.o)
 .comment       0x0000000000000000       0x2a obj_cooja/mtype498.a(memb.o)
 .comment       0x0000000000000000       0x2a obj_cooja/mtype498.a(uip-icmp6.o)
 .comment       0x0000000000000000       0x2a obj_cooja/mtype498.a(uip-nd6.o)
 .comment       0x0000000000000000       0x2a obj_cooja/mtype498.a(rpl-nbr-policy.)
 .comment       0x0000000000000000       0x2a obj_cooja/mtype498.a(frame802154.o)
 .comment       0x0000000000000000       0x2a /usr/lib/gcc/i686-linux-gnu/4.8/crtendS.o

.debug
 *(.debug)

.line
 *(.line)

.debug_srcinfo
 *(.debug_srcinfo)

.debug_sfnames
 *(.debug_sfnames)

.debug_aranges  0x0000000000000000      0x838
 *(.debug_aranges)
 .debug_aranges
                0x0000000000000000       0x20 udp-client.co
 .debug_aranges
                0x0000000000000020       0x20 obj_cooja/mtype498.o
 .debug_aranges
                0x0000000000000040       0x20 obj_cooja/mtype498.a(simEnvChange.o)
 .debug_aranges
                0x0000000000000060       0x20 obj_cooja/mtype498.a(cooja_mt.o)
 .debug_aranges
                0x0000000000000080       0x20 obj_cooja/mtype498.a(cooja_mtarch.o)
 .debug_aranges
                0x00000000000000a0       0x20 obj_cooja/mtype498.a(rtimer-arch.o)
 .debug_aranges
                0x00000000000000c0       0x20 obj_cooja/mtype498.a(beep.o)
 .debug_aranges
                0x00000000000000e0       0x20 obj_cooja/mtype498.a(button-sensor.o)
 .debug_aranges
                0x0000000000000100       0x20 obj_cooja/mtype498.a(leds-arch.o)
 .debug_aranges
                0x0000000000000120       0x20 obj_cooja/mtype498.a(moteid.o)
 .debug_aranges
                0x0000000000000140       0x20 obj_cooja/mtype498.a(pir-sensor.o)
 .debug_aranges
                0x0000000000000160       0x20 obj_cooja/mtype498.a(rs232.o)
 .debug_aranges
                0x0000000000000180       0x20 obj_cooja/mtype498.a(vib-sensor.o)
 .debug_aranges
                0x00000000000001a0       0x20 obj_cooja/mtype498.a(clock.o)
 .debug_aranges
                0x00000000000001c0       0x20 obj_cooja/mtype498.a(log.o)
 .debug_aranges
                0x00000000000001e0       0x20 obj_cooja/mtype498.a(cfs-cooja.o)
 .debug_aranges
                0x0000000000000200       0x20 obj_cooja/mtype498.a(cooja-radio.o)
 .debug_aranges
                0x0000000000000220       0x20 obj_cooja/mtype498.a(eeprom.o)
 .debug_aranges
                0x0000000000000240       0x20 obj_cooja/mtype498.a(random.o)
 .debug_aranges
                0x0000000000000260       0x20 obj_cooja/mtype498.a(sensors.o)
 .debug_aranges
                0x0000000000000280       0x20 obj_cooja/mtype498.a(leds.o)
 .debug_aranges
                0x00000000000002a0       0x20 obj_cooja/mtype498.a(dual_conf.o)
 .debug_aranges
                0x00000000000002c0       0x20 obj_cooja/mtype498.a(autostart.o)
 .debug_aranges
                0x00000000000002e0       0x20 obj_cooja/mtype498.a(ctimer.o)
 .debug_aranges
                0x0000000000000300       0x20 obj_cooja/mtype498.a(etimer.o)
 .debug_aranges
                0x0000000000000320       0x20 obj_cooja/mtype498.a(log_message.o)
 .debug_aranges
                0x0000000000000340       0x20 obj_cooja/mtype498.a(process.o)
 .debug_aranges
                0x0000000000000360       0x20 obj_cooja/mtype498.a(residual.o)
 .debug_aranges
                0x0000000000000380       0x20 obj_cooja/mtype498.a(rtimer.o)
 .debug_aranges
                0x00000000000003a0       0x20 obj_cooja/mtype498.a(stimer.o)
 .debug_aranges
                0x00000000000003c0       0x20 obj_cooja/mtype498.a(timer.o)
 .debug_aranges
                0x00000000000003e0       0x20 obj_cooja/mtype498.a(serial-line.o)
 .debug_aranges
                0x0000000000000400       0x20 obj_cooja/mtype498.a(list.o)
 .debug_aranges
                0x0000000000000420       0x20 obj_cooja/mtype498.a(ringbuf.o)
 .debug_aranges
                0x0000000000000440       0x20 obj_cooja/mtype498.a(sicslowpan.o)
 .debug_aranges
                0x0000000000000460       0x20 obj_cooja/mtype498.a(uip-ds6-nbr.o)
 .debug_aranges
                0x0000000000000480       0x20 obj_cooja/mtype498.a(uip-ds6-route.o)
 .debug_aranges
                0x00000000000004a0       0x20 obj_cooja/mtype498.a(uip-ds6.o)
 .debug_aranges
                0x00000000000004c0       0x20 obj_cooja/mtype498.a(uip6.o)
 .debug_aranges
                0x00000000000004e0       0x20 obj_cooja/mtype498.a(tcpip.o)
 .debug_aranges
                0x0000000000000500       0x20 obj_cooja/mtype498.a(uip-debug.o)
 .debug_aranges
                0x0000000000000520       0x20 obj_cooja/mtype498.a(uip-packetqueue)
 .debug_aranges
                0x0000000000000540       0x20 obj_cooja/mtype498.a(uip-udp-packet.)
 .debug_aranges
                0x0000000000000560       0x20 obj_cooja/mtype498.a(rpl-dag.o)
 .debug_aranges
                0x0000000000000580       0x20 obj_cooja/mtype498.a(rpl-ext-header.)
 .debug_aranges
                0x00000000000005a0       0x20 obj_cooja/mtype498.a(rpl-icmp6.o)
 .debug_aranges
                0x00000000000005c0       0x20 obj_cooja/mtype498.a(rpl-ltmax.o)
 .debug_aranges
                0x00000000000005e0       0x20 obj_cooja/mtype498.a(rpl-timers.o)
 .debug_aranges
                0x0000000000000600       0x20 obj_cooja/mtype498.a(rpl.o)
 .debug_aranges
                0x0000000000000620       0x20 obj_cooja/mtype498.a(csma.o)
 .debug_aranges
                0x0000000000000640       0x20 obj_cooja/mtype498.a(framer-802154.o)
 .debug_aranges
                0x0000000000000660       0x20 obj_cooja/mtype498.a(mac.o)
 .debug_aranges
                0x0000000000000680       0x20 obj_cooja/mtype498.a(cxmac.o)
 .debug_aranges
                0x00000000000006a0       0x20 obj_cooja/mtype498.a(linkaddr.o)
 .debug_aranges
                0x00000000000006c0       0x20 obj_cooja/mtype498.a(nbr-table.o)
 .debug_aranges
                0x00000000000006e0       0x20 obj_cooja/mtype498.a(netstack.o)
 .debug_aranges
                0x0000000000000700       0x20 obj_cooja/mtype498.a(packetbuf.o)
 .debug_aranges
                0x0000000000000720       0x20 obj_cooja/mtype498.a(queuebuf.o)
 .debug_aranges
                0x0000000000000740       0x20 obj_cooja/mtype498.a(nullsec.o)
 .debug_aranges