Archive member included to satisfy reference by file (symbol)

obj_cooja/mtype68.a(simEnvChange.o)
                              obj_cooja/mtype68.o (simDontFallAsleep)
obj_cooja/mtype68.a(cooja_mt.o)
                              obj_cooja/mtype68.o (cooja_mt_start)
obj_cooja/mtype68.a(cooja_mtarch.o)
                              obj_cooja/mtype68.a(cooja_mt.o) (cooja_mtarch_init)
obj_cooja/mtype68.a(rtimer-arch.o)
                              obj_cooja/mtype68.o (rtimer_arch_next)
obj_cooja/mtype68.a(beep.o)   obj_cooja/mtype68.o (beep_interface)
obj_cooja/mtype68.a(button-sensor.o)
                              obj_cooja/mtype68.o (button_interface)
obj_cooja/mtype68.a(leds-arch.o)
                              obj_cooja/mtype68.o (leds_interface)
obj_cooja/mtype68.a(moteid.o)
                              obj_cooja/mtype68.o (moteid_interface)
obj_cooja/mtype68.a(pir-sensor.o)
                              obj_cooja/mtype68.o (pir_interface)
obj_cooja/mtype68.a(rs232.o)  obj_cooja/mtype68.o (rs232_interface)
obj_cooja/mtype68.a(vib-sensor.o)
                              obj_cooja/mtype68.o (vib_interface)
obj_cooja/mtype68.a(clock.o)  obj_cooja/mtype68.o (clock_interface)
obj_cooja/mtype68.a(log.o)    obj_cooja/mtype68.o (simlog_interface)
obj_cooja/mtype68.a(cfs-cooja.o)
                              obj_cooja/mtype68.o (cfs_interface)
obj_cooja/mtype68.a(cooja-radio.o)
                              obj_cooja/mtype68.o (radio_interface)
obj_cooja/mtype68.a(eeprom.o)
                              obj_cooja/mtype68.o (eeprom_interface)
obj_cooja/mtype68.a(random.o)
                              obj_cooja/mtype68.a(moteid.o) (random_init)
obj_cooja/mtype68.a(sensors.o)
                              udp-server.co (sensors_event)
obj_cooja/mtype68.a(dual_conf.o)
                              obj_cooja/mtype68.a(cooja-radio.o) (long_range_radio)
obj_cooja/mtype68.a(autostart.o)
                              obj_cooja/mtype68.o (autostart_start)
obj_cooja/mtype68.a(ctimer.o)
                              obj_cooja/mtype68.o (ctimer_init)
obj_cooja/mtype68.a(etimer.o)
                              obj_cooja/mtype68.o (etimer_process)
obj_cooja/mtype68.a(log_message.o)
                              obj_cooja/mtype68.o (log_initialization)
obj_cooja/mtype68.a(process.o)
                              udp-server.co (process_current)
obj_cooja/mtype68.a(residual.o)
                              obj_cooja/mtype68.o (get_residual_energy)
obj_cooja/mtype68.a(rtimer.o)
                              obj_cooja/mtype68.a(rtimer-arch.o) (rtimer_run_next)
obj_cooja/mtype68.a(timer.o)  obj_cooja/mtype68.a(button-sensor.o) (timer_set)
obj_cooja/mtype68.a(serial-line.o)
                              obj_cooja/mtype68.a(rs232.o) (serial_line_input_byte)
obj_cooja/mtype68.a(list.o)   obj_cooja/mtype68.a(ctimer.o) (list_init)
obj_cooja/mtype68.a(ringbuf.o)
                              obj_cooja/mtype68.a(serial-line.o) (ringbuf_init)
obj_cooja/mtype68.a(sicslowpan.o)
                              obj_cooja/mtype68.o (sicslowpan_driver)
obj_cooja/mtype68.a(uip-ds6-nbr.o)
                              obj_cooja/mtype68.a(sicslowpan.o) (uip_ds6_link_neighbor_callback)
obj_cooja/mtype68.a(uip-ds6.o)
                              udp-server.co (uip_ds6_if)
obj_cooja/mtype68.a(uip6.o)   obj_cooja/mtype68.o (uip_lladdr)
obj_cooja/mtype68.a(tcpip.o)  udp-server.co (tcpip_event)
obj_cooja/mtype68.a(uip-debug.o)
                              udp-server.co (uip_debug_ipaddr_print)
obj_cooja/mtype68.a(uip-packetqueue)
                              obj_cooja/mtype68.a(uip-ds6-nbr.o) (uip_packetqueue_new)
obj_cooja/mtype68.a(rpl-dag.o)
                              udp-server.co (rpl_set_root)
obj_cooja/mtype68.a(rpl-ext-header.)
                              obj_cooja/mtype68.a(uip6.o) (rpl_verify_header)
obj_cooja/mtype68.a(rpl-icmp6.o)
                              obj_cooja/mtype68.a(rpl-dag.o) (rpl_icmp6_update_nbr_table)
obj_cooja/mtype68.a(rpl-ltmax.o)
                              obj_cooja/mtype68.a(rpl-dag.o) (rpl_ltmax_of)
obj_cooja/mtype68.a(rpl-timers.o)
                              obj_cooja/mtype68.a(rpl-dag.o) (rpl_reset_dio_timer)
obj_cooja/mtype68.a(rpl.o)    obj_cooja/mtype68.a(rpl-icmp6.o) (rpl_get_mode)
obj_cooja/mtype68.a(framer-802154.o)
                              obj_cooja/mtype68.a(sicslowpan.o) (framer_802154)
obj_cooja/mtype68.a(nullmac.o)
                              udp-server.co (nullmac_driver)
obj_cooja/mtype68.a(cxmac.o)  obj_cooja/mtype68.o (cxmac_driver)
obj_cooja/mtype68.a(linkaddr.o)
                              obj_cooja/mtype68.o (linkaddr_node_addr)
obj_cooja/mtype68.a(nbr-table.o)
                              obj_cooja/mtype68.a(rpl-dag.o) (long_ip_from_lladdr_map)
obj_cooja/mtype68.a(netstack.o)
                              obj_cooja/mtype68.o (netstack_init)
obj_cooja/mtype68.a(packetbuf.o)
                              obj_cooja/mtype68.a(cooja-radio.o) (packetbuf_attrs)
[...]
Memory Configuration

Name             Origin             Length             Attributes
*default*        0x0000000000000000 0xffffffffffffffff

Linker script and memory map

LOAD /usr/lib/gcc/i686-linux-gnu/4.8/../../../i386-linux-gnu/crti.o
LOAD /usr/lib/gcc/i686-linux-gnu/4.8/crtbeginS.o
LOAD udp-server.co
LOAD obj_cooja/mtype68.o
LOAD obj_cooja/mtype68.a
LOAD /usr/lib/gcc/i686-linux-gnu/4.8/libgcc.a
LOAD /usr/lib/gcc/i686-linux-gnu/4.8/libgcc_s.so
LOAD /usr/lib/gcc/i686-linux-gnu/4.8/../../../i386-linux-gnu/libc.so
START GROUP
LOAD /lib/i386-linux-gnu/libc.so.6
LOAD /usr/lib/i386-linux-gnu/libc_nonshared.a
LOAD /lib/i386-linux-gnu/ld-linux.so.2
END GROUP
LOAD /usr/lib/gcc/i686-linux-gnu/4.8/libgcc.a
LOAD /usr/lib/gcc/i686-linux-gnu/4.8/libgcc_s.so
LOAD /usr/lib/gcc/i686-linux-gnu/4.8/crtendS.o
LOAD /usr/lib/gcc/i686-linux-gnu/4.8/../../../i386-linux-gnu/crtn.o
                0x0000000000000114                . = (0x0 + SIZEOF_HEADERS)

.note.gnu.build-id
                0x0000000000000114       0x24
 *(.note.gnu.build-id)
 .note.gnu.build-id
                0x0000000000000114       0x24 /usr/lib/gcc/i686-linux-gnu/4.8/../../../i386-linux-gnu/crti.o

.hash
 *(.hash)

.gnu.hash       0x0000000000000138     0x1358
 *(.gnu.hash)
 .gnu.hash      0x0000000000000138     0x1358 /usr/lib/gcc/i686-linux-gnu/4.8/../../../i386-linux-gnu/crti.o

.dynsym         0x0000000000001490     0x25c0
 *(.dynsym)
 .dynsym        0x0000000000001490     0x25c0 /usr/lib/gcc/i686-linux-gnu/4.8/../../../i386-linux-gnu/crti.o

.dynstr         0x0000000000003a50     0x2702
 *(.dynstr)
 .dynstr        0x0000000000003a50     0x2702 /usr/lib/gcc/i686-linux-gnu/4.8/../../../i386-linux-gnu/crti.o

.gnu.version    0x0000000000006152      0x4b8
 *(.gnu.version)
 .gnu.version   0x0000000000006152      0x4b8 /usr/lib/gcc/i686-linux-gnu/4.8/../../../i386-linux-gnu/crti.o

.gnu.version_d  0x000000000000660c        0x0
 *(.gnu.version_d)
 .gnu.version_d
                0x0000000000000000        0x0 /usr/lib/gcc/i686-linux-gnu/4.8/../../../i386-linux-gnu/crti.o

.gnu.version_r  0x000000000000660c       0x50
 *(.gnu.version_r)
 .gnu.version_r
                0x000000000000660c       0x50 /usr/lib/gcc/i686-linux-gnu/4.8/../../../i386-linux-gnu/crti.o

.rel.dyn        0x000000000000665c     0x90f0
 *(.rel.init)
 .rel.init      0x0000000000000000        0x0 /usr/lib/gcc/i686-linux-gnu/4.8/../../../i386-linux-gnu/crti.o
 *(.rel.text .rel.text.* .rel.gnu.linkonce.t.*)
 .rel.text      0x000000000000665c     0x8950 /usr/lib/gcc/i686-linux-gnu/4.8/../../../i386-linux-gnu/crti.o
 *(.rel.fini)
 .rel.fini      0x0000000000000000        0x0 /usr/lib/gcc/i686-linux-gnu/4.8/../../../i386-linux-gnu/crti.o
 *(.rel.rodata .rel.rodata.* .rel.gnu.linkonce.r.*)
 .rel.rodata    0x000000000000efac      0x4e0 /usr/lib/gcc/i686-linux-gnu/4.8/../../../i386-linux-gnu/crti.o
 *(.rel.data.rel.ro .rel.data.rel.ro.* .rel.gnu.linkonce.d.rel.ro.*)
 *(.rel.data .rel.data.* .rel.gnu.linkonce.d.*)
 .rel.data.rel  0x000000000000f48c        0x8 /usr/lib/gcc/i686-linux-gnu/4.8/../../../i386-linux-gnu/crti.o
 .rel.data      0x000000000000f494      0x280 /usr/lib/gcc/i686-linux-gnu/4.8/../../../i386-linux-gnu/crti.o
 *(.rel.tdata .rel.tdata.* .rel.gnu.linkonce.td.*)
 *(.rel.tbss .rel.tbss.* .rel.gnu.linkonce.tb.*)
 *(.rel.ctors)
 *(.rel.dtors)
 *(.rel.got)
 .rel.got       0x000000000000f714       0x28 /usr/lib/gcc/i686-linux-gnu/4.8/../../../i386-linux-gnu/crti.o
 *(.rel.bss .rel.bss.* .rel.gnu.linkonce.b.*)
 *(.rel.ifunc)
 .rel.ifunc     0x0000000000000000        0x0 /usr/lib/gcc/i686-linux-gnu/4.8/../../../i386-linux-gnu/crti.o
 .rel.fini_array
                0x000000000000f73c        0x8 /usr/lib/gcc/i686-linux-gnu/4.8/../../../i386-linux-gnu/crti.o
 .rel.init_array
                0x000000000000f744        0x8 /usr/lib/gcc/i686-linux-gnu/4.8/../../../i386-linux-gnu/crti.o

.rel.plt        0x000000000000f74c       0x10
 *(.rel.plt)
 .rel.plt       0x000000000000f74c       0x10 /usr/lib/gcc/i686-linux-gnu/4.8/../../../i386-linux-gnu/crti.o
 *(.rel.iplt)

.init           0x000000000000f75c       0x23
 *(SORT(.init))
 .init          0x000000000000f75c       0x1e /usr/lib/gcc/i686-linux-gnu/4.8/../../../i386-linux-gnu/crti.o
                0x000000000000f75c                _init
 .init          0x000000000000f77a        0x5 /usr/lib/gcc/i686-linux-gnu/4.8/../../../i386-linux-gnu/crtn.o

.plt            0x000000000000f780       0x30
 *(.plt)
 .plt           0x000000000000f780       0x30 /usr/lib/gcc/i686-linux-gnu/4.8/../../../i386-linux-gnu/crti.o
 *(.iplt)

.text           0x000000000000f7b0    0x164a2
 *(.text.unlikely .text.*_unlikely .text.unlikely.*)
 *(.text.exit .text.exit.*)
 *(.text.startup .text.startup.*)
 *(.text.hot .text.hot.*)
 *(.text .stub .text.* .gnu.linkonce.t.*)
 .text          0x000000000000f7b0        0x0 /usr/lib/gcc/i686-linux-gnu/4.8/../../../i386-linux-gnu/crti.o
 .gnu.linkonce.t.__x86.get_pc_thunk.bx
                0x000000000000f7b0        0x4 /usr/lib/gcc/i686-linux-gnu/4.8/../../../i386-linux-gnu/crti.o
                0x000000000000f7b0                __x86.get_pc_thunk.bx
 *fill*         0x000000000000f7b4        0xc 
 .text          0x000000000000f7c0      0x11b /usr/lib/gcc/i686-linux-gnu/4.8/crtbeginS.o
 .text          0x000000000000f8db      0x3ce udp-server.co
 .text          0x000000000000fca9      0x96a obj_cooja/mtype68.o
                0x000000000000fe57                contiki_init
                0x000000000001042a                Java_org_contikios_cooja_corecomm_Lib2_init
                0x000000000001046a                Java_org_contikios_cooja_corecomm_Lib2_getMemory
                0x00000000000104aa                Java_org_contikios_cooja_corecomm_Lib2_setMemory
                0x0000000000010521                Java_org_contikios_cooja_corecomm_Lib2_tick
                0x0000000000010601                Java_org_contikios_cooja_corecomm_Lib2_setReferenceAddress
 .text          0x0000000000010613       0x63 obj_cooja/mtype68.a(simEnvChange.o)
                0x0000000000010613                doActionsBeforeTick
                0x0000000000010644                doActionsAfterTick
 .text          0x0000000000010676       0xbc obj_cooja/mtype68.a(cooja_mt.o)
                0x0000000000010676                cooja_mt_init
                0x0000000000010683                cooja_mt_remove
                0x0000000000010690                cooja_mt_start
                0x00000000000106bd                cooja_mt_exec
                0x00000000000106ee                cooja_mt_exit
                0x0000000000010710                cooja_mt_yield
 .text          0x0000000000010732      0x115 obj_cooja/mtype68.a(cooja_mtarch.o)
                0x0000000000010732                cooja_mtarch_init
                0x0000000000010737                cooja_mtarch_start
                0x00000000000107b2                cooja_sw
                0x00000000000107d4                cooja_mtarch_exec
                0x00000000000107f0                cooja_mtarch_remove
                0x00000000000107f5                cooja_mtarch_yield
                0x00000000000107ff                cooja_mtarch_pstop
                0x0000000000010804                cooja_mtarch_pstart
                0x0000000000010809                cooja_mtarch_stack_usage
 .text          0x0000000000010847       0xc2 obj_cooja/mtype68.a(rtimer-arch.o)
                0x0000000000010847                rtimer_arch_init
                0x000000000001086a                rtimer_arch_schedule
                0x0000000000010881                rtimer_arch_next
                0x000000000001088b                rtimer_arch_pending
                0x0000000000010895                rtimer_arch_check
                0x00000000000108c7                rtimer_arch_now
 .text          0x0000000000010909       0x76 obj_cooja/mtype68.a(beep.o)
                0x0000000000010909                beep_alarm
                0x0000000000010915                beep_beep
                0x0000000000010921                beep
                0x000000000001092d                beep_down
                0x0000000000010939                beep_on
                0x0000000000010945                beep_off
                0x0000000000010951                beep_spinup
                0x000000000001095d                beep_quick
                0x0000000000010969                beep_long
 .text          0x000000000001097f      0x103 obj_cooja/mtype68.a(button-sensor.o)
 .text          0x0000000000010a82       0x45 obj_cooja/mtype68.a(leds-arch.o)
                0x0000000000010a82                leds_arch_init
                0x0000000000010a8e                leds_arch_get
                0x0000000000010a9a                leds_arch_set
 .text          0x0000000000010ac7       0x2f obj_cooja/mtype68.a(moteid.o)
 .text          0x0000000000010af6       0xb1 obj_cooja/mtype68.a(pir-sensor.o)
 .text          0x0000000000010ba7      0x131 obj_cooja/mtype68.a(rs232.o)
                0x0000000000010ba7                rs232_init
                0x0000000000010bac                rs232_set_speed
                0x0000000000010bba                rs232_set_input
                0x0000000000010bc7                rs232_send
                0x0000000000010be9                rs232_print
                0x0000000000010c04                slip_arch_writeb
 .text          0x0000000000010cd8       0xb1 obj_cooja/mtype68.a(vib-sensor.o)
 .text          0x0000000000010d89       0x34 obj_cooja/mtype68.a(clock.o)
                0x0000000000010d89                clock_init
                0x0000000000010d8e                clock_time
                0x0000000000010d98                clock_seconds
                0x0000000000010dae                clock_delay
 .text          0x0000000000010dbd      0x1ed obj_cooja/mtype68.a(log.o)
                0x0000000000010dbd                simlog_char
                0x0000000000010dff                simlog
                0x0000000000010e6c                log_message
                0x0000000000010e94                log_set_putchar_with_slip
                0x0000000000010ea1                log_putchar
                0x0000000000010f25                log_puts
                0x0000000000010f49                log_printf
 .text          0x0000000000010faa      0x2c4 obj_cooja/mtype68.a(cfs-cooja.o)
                0x0000000000010faa                cfs_open
                0x0000000000011013                cfs_close
                0x000000000001101f                cfs_read
                0x00000000000110bd                cfs_write
                0x000000000001119a                cfs_seek
                0x0000000000011222                cfs_remove
                0x000000000001124b                cfs_opendir
                0x0000000000011255                cfs_readdir
                0x000000000001125f                cfs_closedir
 .text          0x000000000001126e      0x687 obj_cooja/mtype68.a(cooja-radio.o)
                0x0000000000011298                radio_set_channel
                0x00000000000112ad                radio_set_txpower
                0x00000000000112cd                radio_signal_strength_last
                0x00000000000112d7                radio_signal_strength_current
                0x00000000000112e1                radio_LQI
 .text          0x00000000000118f5       0xef obj_cooja/mtype68.a(eeprom.o)
                0x00000000000118f5                eeprom_init
                0x00000000000118fa                eeprom_read
                0x000000000001196a                eeprom_write
 .text          0x00000000000119e4       0x28 obj_cooja/mtype68.a(random.o)
                0x00000000000119e4                random_init
                0x00000000000119ff                random_rand
 .text          0x0000000000011a0c      0x2a1 obj_cooja/mtype68.a(sensors.o)
                0x0000000000011a47                sensors_first
                0x0000000000011a51                sensors_next
                0x0000000000011a6e                sensors_changed
                0x0000000000011a9d                sensors_find
 .text          0x0000000000011cad      0x348 obj_cooja/mtype68.a(dual_conf.o)
                0x0000000000011cad                dual_radio_switch
                0x0000000000011ced                dual_radio_change
                0x0000000000011d27                sending_in_LR
                0x0000000000011d52                dual_radio_received
                0x0000000000011d8a                radio_received_is_longrange
                0x0000000000011da5                dual_radio_turn_on
                0x0000000000011dc8                dual_radio_turn_off
                0x0000000000011fab                dio_broadcast
                0x0000000000011fd4                dis_broadcast
 .text          0x0000000000011ff5       0x8e obj_cooja/mtype68.a(autostart.o)
                0x0000000000011ff5                autostart_start
                0x0000000000012040                autostart_exit
 .text          0x0000000000012083      0x334 obj_cooja/mtype68.a(ctimer.o)
                0x000000000001219a                ctimer_init
                0x00000000000121ca                ctimer_set
                0x00000000000121fb                ctimer_set_with_process
                0x0000000000012277                ctimer_reset
                0x00000000000122c6                ctimer_restart
                0x0000000000012315                ctimer_stop
                0x0000000000012360                ctimer_expired
 .text          0x00000000000123b7      0x40b obj_cooja/mtype68.a(etimer.o)
                0x00000000000125ca                etimer_request_poll
                0x000000000001264e                etimer_set
                0x0000000000012673                etimer_reset_with_new_interval
                0x000000000001269a                etimer_reset
                0x00000000000126b8                etimer_restart
                0x00000000000126d6                etimer_adjust
                0x00000000000126f2                etimer_expired
                0x0000000000012705                etimer_expiration_time
                0x0000000000012717                etimer_start_time
                0x0000000000012721                etimer_pending
                0x0000000000012733                etimer_next_expiration_time
                0x000000000001274d                etimer_stop
 .text          0x00000000000127c2       0xdd obj_cooja/mtype68.a(log_message.o)
                0x00000000000127c2                log_initialization
                0x000000000001287e                log_finisher
 .text          0x000000000001289f      0x560 obj_cooja/mtype68.a(process.o)
                0x000000000001289f                process_alloc_event
                0x00000000000128b4                process_start
                0x0000000000012a9d                process_exit
                0x0000000000012ab9                process_init
                0x0000000000012c8a                process_run
                0x0000000000012cbd                process_nevents
                0x0000000000012cd8                process_post
                0x0000000000012d84                process_post_synch
                0x0000000000012dbc                process_poll
                0x0000000000012deb                process_is_running
 .text          0x0000000000012dff       0xd3 obj_cooja/mtype68.a(residual.o)
                0x0000000000012dff                get_residual_energy
 .text          0x0000000000012ed2       0xba obj_cooja/mtype68.a(rtimer.o)
                0x0000000000012ed2                rtimer_init
                0x0000000000012edf                rtimer_set
                0x0000000000012f36                rtimer_run_next
 .text          0x0000000000012f8c       0x91 obj_cooja/mtype68.a(timer.o)
                0x0000000000012f8c                timer_set
                0x0000000000012fa7                timer_reset
                0x0000000000012fbe                timer_restart
                0x0000000000012fd0                timer_expired
                0x0000000000012ff9                timer_remaining
 .text          0x000000000001301d      0x1fb obj_cooja/mtype68.a(serial-line.o)
                0x000000000001301d                serial_line_input_byte
                0x00000000000131e0                serial_line_init
 .text          0x0000000000013218      0x244 obj_cooja/mtype68.a(list.o)
                0x0000000000013218                list_init
                0x0000000000013226                list_head
                0x0000000000013230                list_copy
                0x000000000001323f                list_tail
                0x0000000000013275                list_add
                0x00000000000132be                list_push
                0x00000000000132ea                list_chop
                0x0000000000013354                list_pop
                0x000000000001337c                list_remove
                0x00000000000133e3                list_length
                0x0000000000013411                list_insert
                0x0000000000013445                list_item_next
 .text          0x000000000001345c      0x155 obj_cooja/mtype68.a(ringbuf.o)
                0x000000000001345c                ringbuf_init
                0x000000000001348d                ringbuf_put
                0x000000000001350b                ringbuf_get
                0x0000000000013578                ringbuf_size
                0x000000000001358a                ringbuf_elements
 .text          0x00000000000135b1     0x258b obj_cooja/mtype68.a(sicslowpan.o)
                0x0000000000013b3b                rime_sniffer_add
                0x0000000000013b48                rime_sniffer_remove
                0x0000000000015adb                sicslowpan_init
                0x0000000000015b32                sicslowpan_get_last_rssi
 .text          0x0000000000015b3c      0x2dc obj_cooja/mtype68.a(uip-ds6-nbr.o)
                0x0000000000015b59                uip_ds6_neighbors_init
                0x0000000000015b76                uip_ds6_nbr_add
                0x0000000000015c27                uip_ds6_nbr_rm
                0x0000000000015c84                uip_ds6_nbr_get_ipaddr
                0x0000000000015c99                uip_ds6_nbr_get_ll
                0x0000000000015cb5                uip_ds6_nbr_num
                0x0000000000015cfa                uip_ds6_nbr_lookup
                0x0000000000015d5f                uip_ds6_nbr_ll_lookup
                0x0000000000015d7b                uip_ds6_nbr_ipaddr_from_lladdr
                0x0000000000015da1                uip_ds6_nbr_lladdr_from_ipaddr
                0x0000000000015dcf                uip_ds6_link_neighbor_callback
 .text          0x0000000000015e18     0x12ad obj_cooja/mtype68.a(uip-ds6.o)
                0x0000000000015e18                uip_ds6_init
                0x000000000001616d                uip_ds6_periodic
                0x0000000000016245                uip_ds6_list_loop
                0x00000000000162ec                uip_ds6_prefix_add
                0x00000000000163aa                uip_ds6_prefix_rm
                0x00000000000163bc                uip_ds6_prefix_lookup
                0x000000000001640d                uip_ds6_is_addr_onlink
                0x0000000000016481                uip_ds6_addr_add
                0x00000000000165af                uip_ds6_long_addr_add
                0x00000000000166dd                uip_ds6_addr_rm
                0x000000000001677d                uip_ds6_addr_lookup
                0x00000000000167c8                uip_ds6_long_addr_lookup
                0x0000000000016813                uip_ds6_get_link_local
                0x0000000000016892                uip_ds6_long_get_link_local
                0x0000000000016911                uip_ds6_get_global
                0x0000000000016990                uip_ds6_long_get_global
                0x0000000000016a0f                uip_ds6_maddr_add
                0x0000000000016a81                uip_ds6_long_maddr_add
                0x0000000000016af3                uip_ds6_maddr_rm
                0x0000000000016b05                uip_ds6_maddr_lookup
                0x0000000000016b50                uip_ds6_long_maddr_lookup
                0x0000000000016b9b                uip_ds6_aaddr_add
                0x0000000000016c0d                uip_ds6_long_aaddr_add
                0x0000000000016c7f                uip_ds6_aaddr_rm
                0x0000000000016c91                uip_ds6_aaddr_lookup
                0x0000000000016cdc                uip_ds6_long_aaddr_lookup
                0x0000000000016d27                uip_ds6_select_src
                0x0000000000016fb0                uip_ds6_set_addr_iid
                0x0000000000016fe7                get_match_length
                0x0000000000017079                uip_ds6_compute_reachable_time
 .text          0x00000000000170c5     0x29f3 obj_cooja/mtype68.a(uip6.o)
                0x00000000000170c5                uip_add32
                0x000000000001725e                uip_chksum
                0x000000000001734c                uip_icmp6chksum
                0x0000000000017360                uip_tcpchksum
                0x0000000000017374                uip_udpchksum
                0x0000000000017388                uip_init
                0x0000000000017458                uip_connect
                0x0000000000017607                remove_ext_hdr
                0x00000000000176dc                uip_udp_new
                0x0000000000017838                uip_unlisten
                0x0000000000017898                uip_listen
                0x0000000000017b5a                uip_process
                0x00000000000199ac                uip_htons
                0x00000000000199ce                uip_htonl
                0x0000000000019a0e                uip_send
 .text          0x0000000000019ab8      0xb43 obj_cooja/mtype68.a(tcpip.o)
                0x0000000000019ab8                tcpip_output
                0x0000000000019ae6                tcpip_set_outputfunc
                0x0000000000019b7a                tcp_connect
                0x0000000000019bcf                tcp_unlisten
                0x0000000000019c2a                tcp_listen
                0x0000000000019c83                tcp_attach
                0x0000000000019ca8                udp_attach
                0x0000000000019ccd                udp_new
                0x0000000000019d1f                udp_broadcast_new
                0x0000000000019f93                tcpip_input
                0x0000000000019fc7                tcpip_ipv6_output
                0x000000000001a441                tcpip_poll_udp
                0x000000000001a464                tcpip_poll_tcp
                0x000000000001a487                tcpip_uipcall
 .text          0x000000000001a5fb      0x1c1 obj_cooja/mtype68.a(uip-debug.o)
                0x000000000001a5fb                uip_debug_ipaddr_print
                0x000000000001a75d                uip_debug_lladdr_print
 .text          0x000000000001a7bc      0x141 obj_cooja/mtype68.a(uip-packetqueue)
                0x000000000001a7e8                uip_packetqueue_new
                0x000000000001a7f6                uip_packetqueue_alloc
                0x000000000001a856                uip_packetqueue_free
                0x000000000001a897                uip_packetqueue_buf
                0x000000000001a8b4                uip_packetqueue_buflen
                0x000000000001a8d5                uip_packetqueue_set_buflen
 .text          0x000000000001a8fd     0x2759 obj_cooja/mtype68.a(rpl-dag.o)
                0x000000000001a8fd                rpl_lr_in_neighbor_tree
                0x000000000001aa5b                rpl_print_neighbor_list
                0x000000000001ab04                rpl_print_child_neighbor_list
                0x000000000001ab79                rpl_get_nbr
                0x000000000001abd3                rpl_get_nbr_child
                0x000000000001ac2d                rpl_dag_init
                0x000000000001ac5f                rpl_get_parent
                0x000000000001ac81                rpl_get_parent_rank
                0x000000000001acb4                rpl_get_parent_link_metric
                0x000000000001ace7                rpl_get_parent_ipaddr
                0x000000000001ad11                rpl_get_child_ipaddr
                0x000000000001b02c                rpl_set_root
                0x000000000001b25a                rpl_repair_root
                0x000000000001b496                rpl_set_prefix
                0x000000000001b595                rpl_set_default_route
                0x000000000001b621                rpl_alloc_instance
                0x000000000001b6b4                rpl_alloc_dag
                0x000000000001b767                rpl_set_default_instance
                0x000000000001b774                rpl_get_default_instance
                0x000000000001b77e                rpl_free_instance
                0x000000000001b82f                rpl_free_dag
                0x000000000001b895                rpl_add_parent
                0x000000000001b97e                rpl_find_parent
                0x000000000001b9ae                rpl_add_child
                0x000000000001ba52                rpl_find_child
                0x000000000001baa0                rpl_find_parent_any_dag
                0x000000000001badc                rpl_select_dag
                0x000000000001beff                rpl_select_parent
                0x000000000001bf61                rpl_remove_parent
                0x000000000001bf97                rpl_remove_child
                0x000000000001bfb3                rpl_nullify_parent
                0x000000000001c051                rpl_move_parent
                0x000000000001c0ee                rpl_has_downward_route
                0x000000000001c141                rpl_get_any_dag
                0x000000000001c1a3                rpl_get_instance
                0x000000000001c206                rpl_find_of
                0x000000000001c243                rpl_join_instance
                0x000000000001c4df                rpl_add_dag
                0x000000000001c8ce                rpl_local_repair
                0x000000000001c9a7                rpl_recalculate_ranks
                0x000000000001ca2d                rpl_process_parent_event
                0x000000000001cadf                rpl_process_dio
 .text          0x000000000001d056      0xbf3 obj_cooja/mtype68.a(rpl-ext-header.)
                0x000000000001d073                rpl_verify_header
                0x000000000001d4ed                rpl_update_header_empty
                0x000000000001d804                rpl_update_header_final
                0x000000000001d993                rpl_remove_header
                0x000000000001da9d                rpl_invert_header
                0x000000000001dc27                rpl_insert_header
 .text          0x000000000001dc49     0x22e6 obj_cooja/mtype68.a(rpl-icmp6.o)
                0x000000000001df12                rpl_icmp6_update_nbr_table
                0x000000000001e002                dis_output
                0x000000000001e93f                dio_output
                0x000000000001fa9a                dao_output
                0x000000000001fb62                dao_output_target
                0x000000000001fee3                dao_ack_output
                0x000000000001fef7                rpl_icmp6_register_handlers
 .text          0x000000000001ff2f      0x3dc obj_cooja/mtype68.a(rpl-ltmax.o)
 .text          0x000000000002030b      0x882 obj_cooja/mtype68.a(rpl-timers.o)
                0x000000000002030b                rpl_convergence_timer
                0x0000000000020337                rpl_reset_convergence_timer
                0x0000000000020620                rpl_reset_periodic_timer
                0x0000000000020675                rpl_reset_dio_timer
                0x00000000000208af                rpl_schedule_dao
                0x00000000000208ca                rpl_schedule_dao_immediately
                0x00000000000208e5                rpl_cancel_dao
                0x0000000000020947                rpl_schedule_unicast_dio_immediately
                0x0000000000020b35                rpl_schedule_probing
 .text          0x0000000000020b8d      0x5ca obj_cooja/mtype68.a(rpl.o)
                0x0000000000020b8d                rpl_get_mode
                0x0000000000020b97                rpl_set_mode
                0x0000000000020c25                rpl_purge_routes
                0x0000000000020d1f                rpl_remove_routes
                0x0000000000020d65                rpl_remove_routes_by_nexthop
                0x0000000000020dd1                rpl_add_route
                0x0000000000020e4c                rpl_link_neighbor_callback
                0x0000000000020f51                rpl_ipv6_neighbor_callback
                0x0000000000020fc0                rpl_purge_dags
                0x00000000000210cc                rpl_init
 .text          0x0000000000021157      0x3f5 obj_cooja/mtype68.a(framer-802154.o)
 .text          0x000000000002154c       0x5e obj_cooja/mtype68.a(nullmac.o)
 .text          0x00000000000215aa      0xf71 obj_cooja/mtype68.a(cxmac.o)
                0x000000000002245d                cxmac_set_announcement_radio_txpower
                0x0000000000022462                cxmac_init
 .text          0x000000000002251b       0x82 obj_cooja/mtype68.a(linkaddr.o)
                0x000000000002251b                linkaddr_copy
                0x000000000002253d                linkaddr_cmp
                0x0000000000022567                linkaddr_set_node_addr
                0x0000000000022582                linkaddr_set_node_long_addr
 .text          0x000000000002259d      0x915 obj_cooja/mtype68.a(nbr-table.o)
                0x000000000002259d                long_ip_from_lladdr_map
                0x0000000000022626                lladdr_map_add_lr
                0x00000000000226e3                lladdr_map_rm_lr
                0x0000000000022ba8                nbr_table_register
                0x0000000000022bf0                nbr_table_head
                0x0000000000022c4c                nbr_table_next
                0x0000000000022cb3                nbr_table_add_lladdr
                0x0000000000022d8f                nbr_table_get_from_lladdr
                0x0000000000022ddc                nbr_table_remove
                0x0000000000022e2e                nbr_table_lock
                0x0000000000022e58                nbr_table_unlock
                0x0000000000022e82                nbr_table_get_lladdr
 .text          0x0000000000022eb2       0x2b obj_cooja/mtype68.a(netstack.o)
                0x0000000000022eb2                netstack_init
 .text          0x0000000000022edd      0x3cd obj_cooja/mtype68.a(packetbuf.o)
                0x0000000000022edd                packetbuf_clear
                0x0000000000022f07                packetbuf_copyfrom
                0x0000000000022f59                packetbuf_compact
                0x0000000000022fd6                packetbuf_copyto
                0x000000000002306d                packetbuf_hdralloc
                0x00000000000230ea                packetbuf_hdrreduce
                0x0000000000023132                packetbuf_set_datalen
                0x000000000002314b                packetbuf_dataptr
                0x0000000000023168                packetbuf_hdrptr
                0x0000000000023172                packetbuf_datalen
                0x000000000002317e                packetbuf_hdrlen
                0x0000000000023195                packetbuf_totlen
                0x00000000000231ab                packetbuf_attr_clear
                0x00000000000231fd                packetbuf_attr_copyto
                0x0000000000023246                packetbuf_attr_copyfrom
                0x000000000002328e                packetbuf_holds_broadcast
 .text          0x00000000000232aa      0x2b4 obj_cooja/mtype68.a(queuebuf.o)
                0x00000000000232b4                queuebuf_init
                0x00000000000232d4                queuebuf_numfree
                0x00000000000232e8                queuebuf_new_from_packetbuf
                0x0000000000023378                queuebuf_update_attr_from_packetbuf
                0x00000000000233ab                queuebuf_update_from_packetbuf
                0x00000000000233f5                queuebuf_free
                0x000000000002343c                queuebuf_to_packetbuf
                0x00000000000234a2                queuebuf_dataptr
                0x00000000000234d9                queuebuf_datalen
                0x00000000000234fc                queuebuf_addr
                0x000000000002352e                queuebuf_attr
                0x0000000000023559                queuebuf_debug_print
 .text          0x000000000002355e       0x6e obj_cooja/mtype68.a(nullsec.o)
 .text          0x00000000000235cc       0x19 obj_cooja/mtype68.a(watchdog.o)
                0x00000000000235cc                watchdog_init
                0x00000000000235d1                watchdog_start
                0x00000000000235d6                watchdog_periodic
                0x00000000000235db                watchdog_stop
                0x00000000000235e0                watchdog_reboot
 .text          0x00000000000235e5        0x0 obj_cooja/mtype68.a(rimestats.o)
 .text          0x00000000000235e5       0xa3 obj_cooja/mtype68.a(stimer.o)
                0x00000000000235e5                stimer_set
                0x0000000000023600                stimer_reset
                0x0000000000023617                stimer_restart
                0x0000000000023629                stimer_expired
                0x0000000000023650                stimer_remaining
                0x0000000000023674                stimer_elapsed
 .text          0x0000000000023688      0x1c1 obj_cooja/mtype68.a(memb.o)
                0x0000000000023688                memb_init
                0x00000000000236e6                memb_alloc
                0x000000000002374b                memb_free
                0x00000000000237c6                memb_inmemb
                0x0000000000023805                memb_numfree
 .text          0x0000000000023849      0x916 obj_cooja/mtype68.a(uip-ds6-route.o)
                0x00000000000238c0                uip_ds6_notification_add
                0x00000000000238f1                uip_ds6_notification_rm
                0x000000000002390d                uip_ds6_route_init
                0x0000000000023995                uip_ds6_route_nexthop
                0x00000000000239bd                uip_ds6_route_head
                0x00000000000239d2                uip_ds6_route_next
                0x00000000000239f8                uip_ds6_route_is_nexthop
                0x0000000000023a37                uip_ds6_route_num_routes
                0x0000000000023a41                uip_ds6_route_lookup
                0x0000000000023b03                uip_ds6_route_add
                0x0000000000023d37                uip_ds6_route_rm
                0x0000000000023ecb                uip_ds6_route_rm_by_nexthop
                0x0000000000023f03                uip_ds6_defrt_add
                0x0000000000023fb4                uip_ds6_defrt_rm
                0x0000000000024033                uip_ds6_defrt_lookup
                0x000000000002408c                uip_ds6_defrt_choose
                0x00000000000240f7                uip_ds6_defrt_periodic
 .text          0x000000000002415f      0xab2 obj_cooja/mtype68.a(uip-icmp6.o)
                0x00000000000241cd                uip_icmp6_input
                0x0000000000024223                uip_icmp6_register_input_handler
                0x00000000000244eb                uip_icmp6_error_output
                0x0000000000024830                uip_icmp6_send
                0x0000000000024ba4                uip_icmp6_echo_reply_callback_add
                0x0000000000024bd5                uip_icmp6_echo_reply_callback_rm
                0x0000000000024bf1                uip_icmp6_init
 .text          0x0000000000024c11      0x358 obj_cooja/mtype68.a(uip-nd6.o)
                0x0000000000024c65                uip_nd6_ns_output
                0x0000000000024f64                uip_nd6_init
 .text          0x0000000000024f69      0x331 obj_cooja/mtype68.a(rpl-nbr-policy.)
                0x0000000000025141                find_removable_dis
                0x0000000000025164                find_removable_dio
                0x00000000000251f3                find_removable_dao
                0x0000000000025243                rpl_nbr_policy_find_removable
 .text          0x000000000002529a      0x97c obj_cooja/mtype68.a(frame802154.o)
                0x00000000000252cb                frame802154_get_pan_id
                0x00000000000252d7                frame802154_set_pan_id
                0x00000000000252f0                frame802154_has_panid
                0x00000000000253dc                frame802154_check_dest_panid
                0x0000000000025444                frame802154_is_broadcast_addr
                0x0000000000025491                frame802154_extract_linkaddr
                0x00000000000256d1                frame802154_hdrlen
                0x0000000000025722                frame802154_create
                0x000000000002590d                frame802154_parse
 .text          0x0000000000025c16       0x3c obj_cooja/mtype68.a(mac.o)
                0x0000000000025c16                mac_call_sent_callback
 .text          0x0000000000025c52        0x0 /usr/lib/gcc/i686-linux-gnu/4.8/crtendS.o
 .text          0x0000000000025c52        0x0 /usr/lib/gcc/i686-linux-gnu/4.8/../../../i386-linux-gnu/crtn.o
 *(.gnu.warning)

.fini           0x0000000000025c54       0x14
 *(SORT(.fini))
 .fini          0x0000000000025c54        0xf /usr/lib/gcc/i686-linux-gnu/4.8/../../../i386-linux-gnu/crti.o
                0x0000000000025c54                _fini
 .fini          0x0000000000025c63        0x5 /usr/lib/gcc/i686-linux-gnu/4.8/../../../i386-linux-gnu/crtn.o
                0x0000000000025c68                PROVIDE (__etext, .)
                0x0000000000025c68                PROVIDE (_etext, .)
                0x0000000000025c68                PROVIDE (etext, .)

.rodata         0x0000000000025c80      0x860
 *(.rodata .rodata.* .gnu.linkonce.r.*)
 .rodata        0x0000000000025c80      0x148 udp-server.co
                0x0000000000025c94                autostart_processes
 .rodata        0x0000000000025dc8      0x1e6 obj_cooja/mtype68.o
 *fill*         0x0000000000025fae        0x2 
 .rodata        0x0000000000025fb0        0x8 obj_cooja/mtype68.a(beep.o)
                0x0000000000025fb0                beep_interface
 .rodata        0x0000000000025fb8       0x20 obj_cooja/mtype68.a(button-sensor.o)
                0x0000000000025fb8                button_interface
                0x0000000000025fc8                button_sensor
 .rodata        0x0000000000025fd8        0x8 obj_cooja/mtype68.a(leds-arch.o)
                0x0000000000025fd8                leds_interface
 .rodata        0x0000000000025fe0        0x8 obj_cooja/mtype68.a(moteid.o)
                0x0000000000025fe0                moteid_interface
 .rodata        0x0000000000025fe8       0x1c obj_cooja/mtype68.a(pir-sensor.o)
                0x0000000000025fe8                pir_interface
                0x0000000000025ff4                pir_sensor
 .rodata        0x0000000000026004        0xe obj_cooja/mtype68.a(rs232.o)
                0x0000000000026004                rs232_interface
 *fill*         0x0000000000026012        0x2 
 .rodata        0x0000000000026014       0x24 obj_cooja/mtype68.a(vib-sensor.o)
                0x0000000000026014                vib_interface
                0x0000000000026028                vib_sensor
 .rodata        0x0000000000026038        0x8 obj_cooja/mtype68.a(clock.o)
                0x0000000000026038                clock_interface
 .rodata        0x0000000000026040        0x8 obj_cooja/mtype68.a(log.o)
                0x0000000000026040                simlog_interface
 .rodata        0x0000000000026048       0x2f obj_cooja/mtype68.a(cfs-cooja.o)
                0x0000000000026048                cfs_interface
 *fill*         0x0000000000026077        0x9 
 .rodata        0x0000000000026080       0x60 obj_cooja/mtype68.a(cooja-radio.o)
                0x00000000000260a0                cooja_radio_driver
                0x00000000000260d8                radio_interface
 .rodata        0x00000000000260e0        0x8 obj_cooja/mtype68.a(eeprom.o)
                0x00000000000260e0                eeprom_interface
 .rodata        0x00000000000260e8        0x8 obj_cooja/mtype68.a(sensors.o)
 .rodata        0x00000000000260f0       0x1c obj_cooja/mtype68.a(dual_conf.o)
 .rodata        0x000000000002610c        0xf obj_cooja/mtype68.a(ctimer.o)
 .rodata        0x000000000002611b        0xc obj_cooja/mtype68.a(etimer.o)
 *fill*         0x0000000000026127        0x1 
 .rodata        0x0000000000026128       0x73 obj_cooja/mtype68.a(log_message.o)
 *fill*         0x000000000002619b        0x1 
 .rodata        0x000000000002619c       0x20 obj_cooja/mtype68.a(residual.o)
 .rodata        0x00000000000261bc        0xe obj_cooja/mtype68.a(serial-line.o)
 *fill*         0x00000000000261ca        0x2 
 .rodata        0x00000000000261cc       0x2c obj_cooja/mtype68.a(sicslowpan.o)
                0x00000000000261cc                unc_llconf
                0x00000000000261d0                unc_ctxconf
                0x00000000000261d4                unc_mxconf
                0x00000000000261d8                llprefix
                0x00000000000261ec                sicslowpan_driver
 .rodata        0x00000000000261f8      0x13c obj_cooja/mtype68.a(uip6.o)
 .rodata        0x0000000000026334       0x49 obj_cooja/mtype68.a(tcpip.o)
 .rodata        0x000000000002637d       0x3e obj_cooja/mtype68.a(uip-debug.o)
 *fill*         0x00000000000263bb        0x1 
 .rodata        0x00000000000263bc        0x4 obj_cooja/mtype68.a(rpl-dag.o)
 .rodata        0x00000000000263c0       0x75 obj_cooja/mtype68.a(rpl-timers.o)
 *fill*         0x0000000000026435        0x3 
 .rodata        0x0000000000026438        0xc obj_cooja/mtype68.a(framer-802154.o)
                0x0000000000026438                framer_802154
 .rodata        0x0000000000026444       0x24 obj_cooja/mtype68.a(nullmac.o)
                0x000000000002644c                nullmac_driver
 *fill*         0x0000000000026468       0x18 
 .rodata        0x0000000000026480       0x40 obj_cooja/mtype68.a(cxmac.o)
                0x00000000000264a0                cxmac_driver
 .rodata        0x00000000000264c0        0x8 obj_cooja/mtype68.a(linkaddr.o)
                0x00000000000264c0                linkaddr_null
 .rodata        0x00000000000264c8       0x18 obj_cooja/mtype68.a(nullsec.o)
                0x00000000000264d0                nullsec_driver

.rodata1
 *(.rodata1)

.eh_frame_hdr   0x00000000000264e0     0x137c
 *(.eh_frame_hdr)
 .eh_frame_hdr  0x00000000000264e0     0x137c udp-server.co

.eh_frame       0x000000000002785c     0x4f30
 *(.eh_frame)
 .eh_frame      0x000000000002785c       0x3c /usr/lib/gcc/i686-linux-gnu/4.8/../../../i386-linux-gnu/crti.o
                                         0x40 (size before relaxing)
 .eh_frame      0x0000000000027898       0x68 udp-server.co
                                         0x80 (size before relaxing)
 .eh_frame      0x0000000000027900      0x148 obj_cooja/mtype68.o
                                        0x160 (size before relaxing)
 .eh_frame      0x0000000000027a48       0x40 obj_cooja/mtype68.a(simEnvChange.o)
                                         0x58 (size before relaxing)
 .eh_frame      0x0000000000027a88       0xc0 obj_cooja/mtype68.a(cooja_mt.o)
                                         0xd8 (size before relaxing)
 .eh_frame      0x0000000000027b48      0x120 obj_cooja/mtype68.a(cooja_mtarch.o)
                                        0x138 (size before relaxing)
 .eh_frame      0x0000000000027c68       0xc0 obj_cooja/mtype68.a(rtimer-arch.o)
                                         0xd8 (size before relaxing)
 .eh_frame      0x0000000000027d28      0x160 obj_cooja/mtype68.a(beep.o)
                                        0x178 (size before relaxing)
 .eh_frame      0x0000000000027e88       0xa0 obj_cooja/mtype68.a(button-sensor.o)
                                         0xb8 (size before relaxing)
 .eh_frame      0x0000000000027f28       0xa0 obj_cooja/mtype68.a(leds-arch.o)
                                         0xb8 (size before relaxing)
 .eh_frame      0x0000000000027fc8       0x40 obj_cooja/mtype68.a(moteid.o)
                                         0x58 (size before relaxing)
 .eh_frame      0x0000000000028008       0xa0 obj_cooja/mtype68.a(pir-sensor.o)
                                         0xb8 (size before relaxing)
 .eh_frame      0x00000000000280a8      0x100 obj_cooja/mtype68.a(rs232.o)
                                        0x118 (size before relaxing)
 .eh_frame      0x00000000000281a8       0xa0 obj_cooja/mtype68.a(vib-sensor.o)
                                         0xb8 (size before relaxing)
 .eh_frame      0x0000000000028248       0xc0 obj_cooja/mtype68.a(clock.o)
                                         0xd8 (size before relaxing)
 .eh_frame      0x0000000000028308      0x120 obj_cooja/mtype68.a(log.o)
                                        0x138 (size before relaxing)
 .eh_frame      0x0000000000028428      0x160 obj_cooja/mtype68.a(cfs-cooja.o)
                                        0x178 (size before relaxing)
 .eh_frame      0x0000000000028588      0x2e0 obj_cooja/mtype68.a(cooja-radio.o)
                                        0x2f8 (size before relaxing)
 .eh_frame      0x0000000000028868       0xa0 obj_cooja/mtype68.a(eeprom.o)
                                         0xb8 (size before relaxing)
 .eh_frame      0x0000000000028908       0x40 obj_cooja/mtype68.a(random.o)
                                         0x58 (size before relaxing)
 .eh_frame      0x0000000000028948       0xc0 obj_cooja/mtype68.a(sensors.o)
                                         0xd8 (size before relaxing)
 .eh_frame      0x0000000000028a08      0x160 obj_cooja/mtype68.a(dual_conf.o)
                                        0x178 (size before relaxing)
 .eh_frame      0x0000000000028b68       0x40 obj_cooja/mtype68.a(autostart.o)
                                         0x58 (size before relaxing)
 .eh_frame      0x0000000000028ba8      0x100 obj_cooja/mtype68.a(ctimer.o)
                                        0x118 (size before relaxing)
 .eh_frame      0x0000000000028ca8      0x1e0 obj_cooja/mtype68.a(etimer.o)
                                        0x1f8 (size before relaxing)
 .eh_frame      0x0000000000028e88       0x40 obj_cooja/mtype68.a(log_message.o)
                                         0x58 (size before relaxing)
 .eh_frame      0x0000000000028ec8      0x1c8 obj_cooja/mtype68.a(process.o)
                                        0x1e0 (size before relaxing)
 .eh_frame      0x0000000000029090       0x2c obj_cooja/mtype68.a(residual.o)
                                         0x44 (size before relaxing)
 .eh_frame      0x00000000000290bc       0x60 obj_cooja/mtype68.a(rtimer.o)
                                         0x78 (size before relaxing)
 .eh_frame      0x000000000002911c       0xa4 obj_cooja/mtype68.a(timer.o)
                                         0xbc (size before relaxing)
 .eh_frame      0x00000000000291c0       0x60 obj_cooja/mtype68.a(serial-line.o)
                                         0x78 (size before relaxing)
 .eh_frame      0x0000000000029220      0x180 obj_cooja/mtype68.a(list.o)
                                        0x198 (size before relaxing)
 .eh_frame      0x00000000000293a0       0xa0 obj_cooja/mtype68.a(ringbuf.o)
                                         0xb8 (size before relaxing)
 .eh_frame      0x0000000000029440      0x350 obj_cooja/mtype68.a(sicslowpan.o)
                                        0x368 (size before relaxing)
 .eh_frame      0x0000000000029790      0x180 obj_cooja/mtype68.a(uip-ds6-nbr.o)
                                        0x198 (size before relaxing)
 .eh_frame      0x0000000000029910      0x3c8 obj_cooja/mtype68.a(uip-ds6.o)
                                        0x3e0 (size before relaxing)
 .eh_frame      0x0000000000029cd8      0x27c obj_cooja/mtype68.a(uip6.o)
                                        0x294 (size before relaxing)
 .eh_frame      0x0000000000029f54      0x270 obj_cooja/mtype68.a(tcpip.o)
                                        0x288 (size before relaxing)
 .eh_frame      0x000000000002a1c4       0x48 obj_cooja/mtype68.a(uip-debug.o)
                                         0x60 (size before relaxing)
 .eh_frame      0x000000000002a20c       0xe0 obj_cooja/mtype68.a(uip-packetqueue)
                                         0xf8 (size before relaxing)
 .eh_frame      0x000000000002a2ec      0x76c obj_cooja/mtype68.a(rpl-dag.o)
                                        0x784 (size before relaxing)
 .eh_frame      0x000000000002aa58      0x10c obj_cooja/mtype68.a(rpl-ext-header.)
                                        0x124 (size before relaxing)
 .eh_frame      0x000000000002ab64      0x2b8 obj_cooja/mtype68.a(rpl-icmp6.o)
                                        0x2d0 (size before relaxing)
 .eh_frame      0x000000000002ae1c       0xe0 obj_cooja/mtype68.a(rpl-ltmax.o)
                                         0xf8 (size before relaxing)
 .eh_frame      0x000000000002aefc      0x26c obj_cooja/mtype68.a(rpl-timers.o)
                                        0x284 (size before relaxing)
 .eh_frame      0x000000000002b168      0x148 obj_cooja/mtype68.a(rpl.o)
                                        0x160 (size before relaxing)
 .eh_frame      0x000000000002b2b0      0x108 obj_cooja/mtype68.a(framer-802154.o)
                                        0x120 (size before relaxing)
 .eh_frame      0x000000000002b3b8       0xc0 obj_cooja/mtype68.a(nullmac.o)
                                         0xd8 (size before relaxing)
 .eh_frame      0x000000000002b478      0x2bc obj_cooja/mtype68.a(cxmac.o)
                                        0x2d4 (size before relaxing)
 .eh_frame      0x000000000002b734       0x80 obj_cooja/mtype68.a(linkaddr.o)
                                         0x98 (size before relaxing)
 .eh_frame      0x000000000002b7b4      0x2cc obj_cooja/mtype68.a(nbr-table.o)
                                        0x2e4 (size before relaxing)
 .eh_frame      0x000000000002ba80       0x20 obj_cooja/mtype68.a(netstack.o)
                                         0x38 (size before relaxing)
 .eh_frame      0x000000000002baa0      0x214 obj_cooja/mtype68.a(packetbuf.o)
                                        0x22c (size before relaxing)
 .eh_frame      0x000000000002bcb4      0x1a0 obj_cooja/mtype68.a(queuebuf.o)
                                        0x1b8 (size before relaxing)
 .eh_frame      0x000000000002be54       0x80 obj_cooja/mtype68.a(nullsec.o)
                                         0x98 (size before relaxing)
 .eh_frame      0x000000000002bed4       0xa0 obj_cooja/mtype68.a(watchdog.o)
                                         0xb8 (size before relaxing)
 .eh_frame      0x000000000002bf74       0xc4 obj_cooja/mtype68.a(stimer.o)
                                         0xdc (size before relaxing)
 .eh_frame      0x000000000002c038       0xa0 obj_cooja/mtype68.a(memb.o)
                                         0xb8 (size before relaxing)
 .eh_frame      0x000000000002c0d8      0x2a0 obj_cooja/mtype68.a(uip-ds6-route.o)
                                        0x2b8 (size before relaxing)
 .eh_frame      0x000000000002c378      0x164 obj_cooja/mtype68.a(uip-icmp6.o)
                                        0x17c (size before relaxing)
 .eh_frame      0x000000000002c4dc       0x68 obj_cooja/mtype68.a(uip-nd6.o)
                                         0x80 (size before relaxing)
 .eh_frame      0x000000000002c544       0xc0 obj_cooja/mtype68.a(rpl-nbr-policy.)
                                         0xd8 (size before relaxing)
 .eh_frame      0x000000000002c604      0x164 obj_cooja/mtype68.a(frame802154.o)
                                        0x17c (size before relaxing)
 .eh_frame      0x000000000002c768       0x20 obj_cooja/mtype68.a(mac.o)
                                         0x38 (size before relaxing)
 .eh_frame      0x000000000002c788        0x4 /usr/lib/gcc/i686-linux-gnu/4.8/crtendS.o

.gcc_except_table
 *(.gcc_except_table .gcc_except_table.*)

.exception_ranges
 *(.exception_ranges .exception_ranges*)
                0x000000000002c78c                . = (ALIGN (0x1000) - ((0x1000 - .) & 0xfff))
                0x000000000002def8                . = DATA_SEGMENT_ALIGN (0x1000, 0x1000)

.eh_frame
 *(.eh_frame)

.gcc_except_table
 *(.gcc_except_table .gcc_except_table.*)

.exception_ranges
 *(.exception_ranges .exception_ranges*)

.tdata
 *(.tdata .tdata.* .gnu.linkonce.td.*)

.tbss
 *(.tbss .tbss.* .gnu.linkonce.tb.*)
 *(.tcommon)

.preinit_array
 *(.preinit_array)

.init_array     0x000000000002def8        0x4
 *(SORT(.init_array.*) SORT(.ctors.*))
 *(.init_array EXCLUDE_FILE(*crtend?.o *crtend.o *crtbegin?.o *crtbegin.o) .ctors)
 .init_array    0x000000000002def8        0x4 /usr/lib/gcc/i686-linux-gnu/4.8/crtbeginS.o

.fini_array     0x000000000002defc        0x4
 *(SORT(.fini_array.*) SORT(.dtors.*))
 *(.fini_array EXCLUDE_FILE(*crtend?.o *crtend.o *crtbegin?.o *crtbegin.o) .dtors)
 .fini_array    0x000000000002defc        0x4 /usr/lib/gcc/i686-linux-gnu/4.8/crtbeginS.o

.ctors
 *crtbegin.o(.ctors)
 *crtbegin?.o(.ctors)
 *(EXCLUDE_FILE(*crtend?.o *crtend.o) .ctors)
 *(SORT(.ctors.*))
 *(.ctors)

.dtors
 *crtbegin.o(.dtors)
 *crtbegin?.o(.dtors)
 *(EXCLUDE_FILE(*crtend?.o *crtend.o) .dtors)
 *(SORT(.dtors.*))
 *(.dtors)

.jcr            0x000000000002df00        0x4
 *(.jcr)
 .jcr           0x000000000002df00        0x0 /usr/lib/gcc/i686-linux-gnu/4.8/crtbeginS.o
 .jcr           0x000000000002df00        0x4 /usr/lib/gcc/i686-linux-gnu/4.8/crtendS.o

.data.rel.ro
 *(.data.rel.ro.local* .gnu.linkonce.d.rel.ro.local.*)
 *(.data.rel.ro .data.rel.ro.* .gnu.linkonce.d.rel.ro.*)

.dynamic        0x000000000002df04       0xe8
 *(.dynamic)
 .dynamic       0x000000000002df04       0xe8 /usr/lib/gcc/i686-linux-gnu/4.8/../../../i386-linux-gnu/crti.o
                0x000000000002df04                _DYNAMIC

.got            0x000000000002dfec       0x14
 *(.got)
 .got           0x000000000002dfec       0x14 /usr/lib/gcc/i686-linux-gnu/4.8/../../../i386-linux-gnu/crti.o
 *(.igot)
                0x000000000002eff4                . = DATA_SEGMENT_RELRO_END (., (SIZEOF (.got.plt) >= 0xc)?0xc:0x0)

.got.plt        0x000000000002e000       0x14
 *(.got.plt)
 .got.plt       0x000000000002e000       0x14 /usr/lib/gcc/i686-linux-gnu/4.8/../../../i386-linux-gnu/crti.o
                0x000000000002e000                _GLOBAL_OFFSET_TABLE_
 *(.igot.plt)

.data           0x000000000002e020      0x27a
 *(.data .data.* .gnu.linkonce.d.*)
 .data          0x000000000002e020        0x0 /usr/lib/gcc/i686-linux-gnu/4.8/../../../i386-linux-gnu/crti.o
 .data          0x000000000002e020        0x0 /usr/lib/gcc/i686-linux-gnu/4.8/crtbeginS.o
 .data.rel      0x000000000002e020        0x4 /usr/lib/gcc/i686-linux-gnu/4.8/crtbeginS.o
                0x000000000002e020                __dso_handle
 .data          0x000000000002e024       0x10 udp-server.co
                0x000000000002e024                udp_server_process
 *fill*         0x000000000002e034        0xc 
 .data          0x000000000002e040       0x44 obj_cooja/mtype68.o
                0x000000000002e040                simInterfaces
                0x000000000002e074                sensors
 .data          0x000000000002e084        0x0 obj_cooja/mtype68.a(simEnvChange.o)
 .data          0x000000000002e084        0x0 obj_cooja/mtype68.a(cooja_mt.o)
 .data          0x000000000002e084        0x0 obj_cooja/mtype68.a(cooja_mtarch.o)
 .data          0x000000000002e084        0x0 obj_cooja/mtype68.a(rtimer-arch.o)
 .data          0x000000000002e084        0x0 obj_cooja/mtype68.a(beep.o)
 .data          0x000000000002e084        0x0 obj_cooja/mtype68.a(button-sensor.o)
 .data          0x000000000002e084        0x0 obj_cooja/mtype68.a(leds-arch.o)
 .data          0x000000000002e084        0x0 obj_cooja/mtype68.a(moteid.o)
 .data          0x000000000002e084        0x0 obj_cooja/mtype68.a(pir-sensor.o)
 .data          0x000000000002e084        0x0 obj_cooja/mtype68.a(rs232.o)
 .data          0x000000000002e084        0x0 obj_cooja/mtype68.a(vib-sensor.o)
 .data          0x000000000002e084        0x0 obj_cooja/mtype68.a(clock.o)
 .data          0x000000000002e084        0x0 obj_cooja/mtype68.a(log.o)
 .data          0x000000000002e084        0x0 obj_cooja/mtype68.a(cfs-cooja.o)
 .data          0x000000000002e084       0x40 obj_cooja/mtype68.a(cooja-radio.o)
                0x000000000002e084                simRadioChannelLR
                0x000000000002e088                simRadioHWOnLR
                0x000000000002e08c                simSignalStrengthLR
                0x000000000002e090                simLastSignalStrengthLR
                0x000000000002e094                simPowerLR
                0x000000000002e098                simLQILR
                0x000000000002e09c                simRadioChannel
                0x000000000002e0a0                simRadioHWOn
                0x000000000002e0a4                simSignalStrength
                0x000000000002e0a8                simLastSignalStrength
                0x000000000002e0ac                simPower
                0x000000000002e0b0                simLQI
                0x000000000002e0b4                cooja_radio_process
 .data          0x000000000002e0c4        0x0 obj_cooja/mtype68.a(eeprom.o)
 .data          0x000000000002e0c4        0x0 obj_cooja/mtype68.a(random.o)
 .data          0x000000000002e0c4       0x10 obj_cooja/mtype68.a(sensors.o)
                0x000000000002e0c4                sensors_process
 .data          0x000000000002e0d4       0x28 obj_cooja/mtype68.a(dual_conf.o)
                0x000000000002e0d4                radio_received
                0x000000000002e0d8                dual_dio_broadcast
                0x000000000002e0e8                dual_dis_broadcast
 .data          0x000000000002e0fc        0x0 obj_cooja/mtype68.a(autostart.o)
 .data          0x000000000002e0fc       0x14 obj_cooja/mtype68.a(ctimer.o)
                0x000000000002e100                ctimer_process
 .data          0x000000000002e110       0x10 obj_cooja/mtype68.a(etimer.o)
                0x000000000002e110                etimer_process
 .data          0x000000000002e120        0x0 obj_cooja/mtype68.a(log_message.o)
 .data          0x000000000002e120        0x0 obj_cooja/mtype68.a(process.o)
 .data          0x000000000002e120        0x0 obj_cooja/mtype68.a(residual.o)
 .data          0x000000000002e120        0x0 obj_cooja/mtype68.a(rtimer.o)
 .data          0x000000000002e120        0x0 obj_cooja/mtype68.a(timer.o)
 .data          0x000000000002e120       0x10 obj_cooja/mtype68.a(serial-line.o)
                0x000000000002e120                serial_line_process
 .data          0x000000000002e130        0x0 obj_cooja/mtype68.a(list.o)
 .data          0x000000000002e130        0x0 obj_cooja/mtype68.a(ringbuf.o)
 .data          0x000000000002e130        0x0 obj_cooja/mtype68.a(sicslowpan.o)
 .data          0x000000000002e130       0x14 obj_cooja/mtype68.a(uip-ds6-nbr.o)
                0x000000000002e140                ds6_neighbors
 .data          0x000000000002e144        0x0 obj_cooja/mtype68.a(uip-ds6.o)
 .data          0x000000000002e144        0x0 obj_cooja/mtype68.a(uip6.o)
 .data          0x000000000002e144       0x10 obj_cooja/mtype68.a(tcpip.o)
                0x000000000002e144                tcpip_process
 .data          0x000000000002e154        0x0 obj_cooja/mtype68.a(uip-debug.o)
 .data          0x000000000002e154        0xc obj_cooja/mtype68.a(uip-packetqueue)
 .data          0x000000000002e160       0x28 obj_cooja/mtype68.a(rpl-dag.o)
                0x000000000002e170                rpl_parents
                0x000000000002e184                rpl_children
 .data          0x000000000002e188        0x0 obj_cooja/mtype68.a(rpl-ext-header.)
 .data          0x000000000002e188       0x34 obj_cooja/mtype68.a(rpl-icmp6.o)
 .data          0x000000000002e1bc       0x1c obj_cooja/mtype68.a(rpl-ltmax.o)
                0x000000000002e1bc                rpl_ltmax_of
 .data          0x000000000002e1d8        0x0 obj_cooja/mtype68.a(rpl-timers.o)
 .data          0x000000000002e1d8        0x0 obj_cooja/mtype68.a(rpl.o)
 .data          0x000000000002e1d8        0x0 obj_cooja/mtype68.a(framer-802154.o)
 .data          0x000000000002e1d8        0x0 obj_cooja/mtype68.a(nullmac.o)
 .data          0x000000000002e1d8       0x30 obj_cooja/mtype68.a(cxmac.o)
                0x000000000002e1d8                cxmac_config
                0x000000000002e1e8                strobe_wait
 .data          0x000000000002e208        0x0 obj_cooja/mtype68.a(linkaddr.o)
 .data          0x000000000002e208       0x10 obj_cooja/mtype68.a(nbr-table.o)
 .data          0x000000000002e218        0x0 obj_cooja/mtype68.a(netstack.o)
 .data          0x000000000002e218        0x4 obj_cooja/mtype68.a(packetbuf.o)
 .data          0x000000000002e21c       0x18 obj_cooja/mtype68.a(queuebuf.o)
 .data          0x000000000002e234        0x0 obj_cooja/mtype68.a(nullsec.o)
 .data          0x000000000002e234        0x0 obj_cooja/mtype68.a(watchdog.o)
 .data          0x000000000002e234        0x0 obj_cooja/mtype68.a(rimestats.o)
 .data          0x000000000002e234        0x0 obj_cooja/mtype68.a(stimer.o)
 .data          0x000000000002e234        0x0 obj_cooja/mtype68.a(memb.o)
 .data          0x000000000002e234       0x44 obj_cooja/mtype68.a(uip-ds6-route.o)
                0x000000000002e244                nbr_routes
 .data          0x000000000002e278       0x20 obj_cooja/mtype68.a(uip-icmp6.o)
 .data          0x000000000002e298        0x0 obj_cooja/mtype68.a(uip-nd6.o)
 .data          0x000000000002e298        0x0 obj_cooja/mtype68.a(rpl-nbr-policy.)
 .data          0x000000000002e298        0x2 obj_cooja/mtype68.a(frame802154.o)
 .data          0x000000000002e29a        0x0 obj_cooja/mtype68.a(mac.o)
 .data          0x000000000002e29a        0x0 /usr/lib/gcc/i686-linux-gnu/4.8/crtendS.o
 .data          0x000000000002e29a        0x0 /usr/lib/gcc/i686-linux-gnu/4.8/../../../i386-linux-gnu/crtn.o

.tm_clone_table
                0x000000000002e29c        0x0
 .tm_clone_table
                0x000000000002e29c        0x0 /usr/lib/gcc/i686-linux-gnu/4.8/crtbeginS.o
 .tm_clone_table
                0x000000000002e29c        0x0 /usr/lib/gcc/i686-linux-gnu/4.8/crtendS.o

.data1
 *(.data1)
                0x000000000002e29c                _edata = .
                0x000000000002e29c                PROVIDE (edata, .)
                0x000000000002e29c                . = .
                0x000000000002e29c                __bss_start = .

.bss            0x000000000002e2a0     0x82c8
 *(.dynbss)
 .dynbss        0x0000000000000000        0x0 /usr/lib/gcc/i686-linux-gnu/4.8/../../../i386-linux-gnu/crti.o
 *(.bss .bss.* .gnu.linkonce.b.*)
 .bss           0x000000000002e2a0        0x0 /usr/lib/gcc/i686-linux-gnu/4.8/../../../i386-linux-gnu/crti.o
 .bss           0x000000000002e2a0        0x1 /usr/lib/gcc/i686-linux-gnu/4.8/crtbeginS.o
 *fill*         0x000000000002e2a1        0x3 
 .bss           0x000000000002e2a4        0x8 udp-server.co
                0x000000000002e2a4                my_weight
 *fill*         0x000000000002e2ac       0x14 
 .bss           0x000000000002e2c0     0x2030 obj_cooja/mtype68.o
 .bss           0x00000000000302f0        0x1 obj_cooja/mtype68.a(simEnvChange.o)
                0x00000000000302f0                simDontFallAsleep
 *fill*         0x00000000000302f1        0x3 
 .bss           0x00000000000302f4        0x4 obj_cooja/mtype68.a(cooja_mt.o)
 .bss           0x00000000000302f8        0x4 obj_cooja/mtype68.a(cooja_mtarch.o)
 .bss           0x00000000000302fc        0xc obj_cooja/mtype68.a(rtimer-arch.o)
 .bss           0x0000000000030308        0x0 obj_cooja/mtype68.a(beep.o)
 .bss           0x0000000000030308        0x8 obj_cooja/mtype68.a(button-sensor.o)
 .bss           0x0000000000030310        0x0 obj_cooja/mtype68.a(leds-arch.o)
 .bss           0x0000000000030310        0x0 obj_cooja/mtype68.a(moteid.o)
 .bss           0x0000000000030310        0x1 obj_cooja/mtype68.a(pir-sensor.o)
                0x0000000000030310                simPirValue
 *fill*         0x0000000000030311        0x3 
 .bss           0x0000000000030314        0x4 obj_cooja/mtype68.a(rs232.o)
 .bss           0x0000000000030318        0x1 obj_cooja/mtype68.a(vib-sensor.o)
                0x0000000000030318                simVibValue
 .bss           0x0000000000030319        0x0 obj_cooja/mtype68.a(clock.o)
 *fill*         0x0000000000030319        0x7 
 .bss           0x0000000000030320      0x420 obj_cooja/mtype68.a(log.o)
 .bss           0x0000000000030740      0xfc0 obj_cooja/mtype68.a(cfs-cooja.o)
                0x0000000000030740                simCFSData
                0x00000000000316e0                simCFSSize
                0x00000000000316e4                simCFSChanged
                0x00000000000316e8                simCFSRead
                0x00000000000316ec                simCFSWritten
 .bss           0x0000000000031700       0x24 obj_cooja/mtype68.a(cooja-radio.o)
                0x0000000000031700                simReceivingLR
                0x0000000000031704                simInSizeLR
                0x0000000000031708                simOutSizeLR
                0x000000000003170c                simReceiving
                0x0000000000031710                simInSize
                0x0000000000031714                simOutSize
                0x0000000000031718                LongRangeTransmit
                0x000000000003171c                LongRangeReceiving
 .bss           0x0000000000031724        0xc obj_cooja/mtype68.a(eeprom.o)
                0x0000000000031724                simEEPROMChanged
                0x0000000000031728                simEEPROMRead
                0x000000000003172c                simEEPROMWritten
 .bss           0x0000000000031730        0x0 obj_cooja/mtype68.a(random.o)
 .bss           0x0000000000031730        0xc obj_cooja/mtype68.a(sensors.o)
 .bss           0x000000000003173c       0x28 obj_cooja/mtype68.a(dual_conf.o)
                0x000000000003173c                long_range_radio
 .bss           0x0000000000031764        0x0 obj_cooja/mtype68.a(autostart.o)
 .bss           0x0000000000031764        0x5 obj_cooja/mtype68.a(ctimer.o)
 *fill*         0x0000000000031769        0x3 
 .bss           0x000000000003176c        0x8 obj_cooja/mtype68.a(etimer.o)
 .bss           0x0000000000031774        0x0 obj_cooja/mtype68.a(log_message.o)
 *fill*         0x0000000000031774        0xc 
 .bss           0x0000000000031780      0x1b1 obj_cooja/mtype68.a(process.o)
                0x0000000000031780                process_list
                0x0000000000031784                process_current
 .bss           0x0000000000031931        0x0 obj_cooja/mtype68.a(residual.o)
 *fill*         0x0000000000031931        0x3 
 .bss           0x0000000000031934        0x4 obj_cooja/mtype68.a(rtimer.o)
 .bss           0x0000000000031938        0x0 obj_cooja/mtype68.a(timer.o)
 *fill*         0x0000000000031938        0x8 
 .bss           0x0000000000031940      0x140 obj_cooja/mtype68.a(serial-line.o)
 .bss           0x0000000000031a80        0x0 obj_cooja/mtype68.a(list.o)
 .bss           0x0000000000031a80        0x0 obj_cooja/mtype68.a(ringbuf.o)
 .bss           0x0000000000031a80      0x70c obj_cooja/mtype68.a(sicslowpan.o)
 *fill*         0x000000000003218c       0x14 
 .bss           0x00000000000321a0       0xc0 obj_cooja/mtype68.a(uip-ds6-nbr.o)
 .bss           0x0000000000032260       0x30 obj_cooja/mtype68.a(uip-ds6.o)
 .bss           0x0000000000032290        0xe obj_cooja/mtype68.a(uip6.o)
                0x0000000000032290                uip_ext_bitmap
                0x0000000000032291                uip_ext_len
                0x0000000000032292                uip_ext_opt_offset
 *fill*         0x000000000003229e        0x2 
 .bss           0x00000000000322a0       0x6b obj_cooja/mtype68.a(tcpip.o)
 .bss           0x000000000003230b        0x0 obj_cooja/mtype68.a(uip-debug.o)
 *fill*         0x000000000003230b       0x15 
 .bss           0x0000000000032320      0xcf8 obj_cooja/mtype68.a(uip-packetqueue)
 *fill*         0x0000000000033018        0x8 
 .bss           0x0000000000033020       0x88 obj_cooja/mtype68.a(rpl-dag.o)
 .bss           0x00000000000330a8        0x0 obj_cooja/mtype68.a(rpl-ext-header.)
 .bss           0x00000000000330a8        0x0 obj_cooja/mtype68.a(rpl-icmp6.o)
 .bss           0x00000000000330a8        0x0 obj_cooja/mtype68.a(rpl-ltmax.o)
 *fill*         0x00000000000330a8       0x18 
 .bss           0x00000000000330c0       0x60 obj_cooja/mtype68.a(rpl-timers.o)
 .bss           0x0000000000033120        0x4 obj_cooja/mtype68.a(rpl.o)
 .bss           0x0000000000033124        0x2 obj_cooja/mtype68.a(framer-802154.o)
 .bss           0x0000000000033126        0x0 obj_cooja/mtype68.a(nullmac.o)
 *fill*         0x0000000000033126       0x1a 
 .bss           0x0000000000033140       0xb0 obj_cooja/mtype68.a(cxmac.o)
 .bss           0x00000000000331f0        0x0 obj_cooja/mtype68.a(linkaddr.o)
 *fill*         0x00000000000331f0       0x10 
 .bss           0x0000000000033200       0xc4 obj_cooja/mtype68.a(nbr-table.o)
 .bss           0x00000000000332c4        0x0 obj_cooja/mtype68.a(netstack.o)
 *fill*         0x00000000000332c4       0x1c 
 .bss           0x00000000000332e0       0xa0 obj_cooja/mtype68.a(packetbuf.o)
 .bss           0x0000000000033380      0xb80 obj_cooja/mtype68.a(queuebuf.o)
 .bss           0x0000000000033f00        0x0 obj_cooja/mtype68.a(nullsec.o)
 .bss           0x0000000000033f00        0x0 obj_cooja/mtype68.a(watchdog.o)
 .bss           0x0000000000033f00        0x0 obj_cooja/mtype68.a(rimestats.o)
 .bss           0x0000000000033f00        0x0 obj_cooja/mtype68.a(stimer.o)
 .bss           0x0000000000033f00        0x0 obj_cooja/mtype68.a(memb.o)
 .bss           0x0000000000033f00      0x4a8 obj_cooja/mtype68.a(uip-ds6-route.o)
 .bss           0x00000000000343a8       0x18 obj_cooja/mtype68.a(uip-icmp6.o)
 .bss           0x00000000000343c0        0x0 obj_cooja/mtype68.a(uip-nd6.o)
 .bss           0x00000000000343c0       0x44 obj_cooja/mtype68.a(rpl-nbr-policy.)
 .bss           0x0000000000034404        0x0 obj_cooja/mtype68.a(frame802154.o)
 .bss           0x0000000000034404        0x0 obj_cooja/mtype68.a(mac.o)
 .bss           0x0000000000034404        0x0 /usr/lib/gcc/i686-linux-gnu/4.8/crtendS.o
 .bss           0x0000000000034404        0x0 /usr/lib/gcc/i686-linux-gnu/4.8/../../../i386-linux-gnu/crtn.o
 *(COMMON)
 COMMON         0x0000000000034404        0x4 udp-server.co
                0x0000000000034404                my_sink_reachability
                0x0000000000034405                long_duty_on
                0x0000000000034406                my_parent_number
                0x0000000000034407                short_duty_on
 COMMON         0x0000000000034408       0x4c obj_cooja/mtype68.o
                0x0000000000034408                dio_count
                0x000000000003440c                dis_count
                0x0000000000034410                collision_count
                0x0000000000034414                transmission_count
                0x0000000000034418                COOJA_radioRxLong
                0x000000000003441c                control_message_count
                0x0000000000034420                dao_count
                0x0000000000034424                COOJA_radioTx
                0x0000000000034428                referenceVar
                0x000000000003442c                data_relay_count
                0x0000000000034430                data_message_count
                0x0000000000034434                COOJA_radioTxLong
                0x0000000000034438                COOJA_radioRx
                0x000000000003443c                debugfp
                0x0000000000034440                COOJA_radioOn
                0x0000000000034444                COOJA_duration
                0x0000000000034448                dio_ack_count
                0x000000000003444c                COOJA_radioOnLong
                0x0000000000034450                sensors_flags
 COMMON         0x0000000000034454        0xc obj_cooja/mtype68.a(simEnvChange.o)
                0x0000000000034454                simEtimerPending
                0x0000000000034458                simProcessRunValue
                0x000000000003445c                simNextExpirationTime
 COMMON         0x0000000000034460        0x1 obj_cooja/mtype68.a(beep.o)
                0x0000000000034460                simBeeped
 COMMON         0x0000000000034461        0x3 obj_cooja/mtype68.a(button-sensor.o)
                0x0000000000034461                simButtonIsActive
                0x0000000000034462                simButtonIsDown
                0x0000000000034463                simButtonChanged
 COMMON         0x0000000000034464        0x1 obj_cooja/mtype68.a(leds-arch.o)
                0x0000000000034464                simLedsValue
 *fill*         0x0000000000034465        0x3 
 COMMON         0x0000000000034468        0xc obj_cooja/mtype68.a(moteid.o)
                0x0000000000034468                simRandomSeed
                0x000000000003446c                simMoteIDChanged
                0x0000000000034470                simMoteID
 COMMON         0x0000000000034474        0x2 obj_cooja/mtype68.a(pir-sensor.o)
                0x0000000000034474                simPirIsActive
                0x0000000000034475                simPirChanged
 *fill*         0x0000000000034476        0xa 
 COMMON         0x0000000000034480      0x820 obj_cooja/mtype68.a(rs232.o)
                0x0000000000034480                simSerialReceivingFlag
                0x0000000000034484                simSerialReceivingLength
                0x00000000000344a0                simSerialReceivingData
 COMMON         0x0000000000034ca0        0x2 obj_cooja/mtype68.a(vib-sensor.o)
                0x0000000000034ca0                simVibChanged
                0x0000000000034ca1                simVibIsActive
 *fill*         0x0000000000034ca2        0x2 
 COMMON         0x0000000000034ca4        0x4 obj_cooja/mtype68.a(clock.o)
                0x0000000000034ca4                simCurrentTime
 *fill*         0x0000000000034ca8       0x18 
 COMMON         0x0000000000034cc0      0x420 obj_cooja/mtype68.a(log.o)
                0x0000000000034cc0                simLoggedLength
                0x0000000000034cc4                simLoggedFlag
                0x0000000000034ce0                simLoggedData
 COMMON         0x00000000000350e0      0x240 obj_cooja/mtype68.a(cooja-radio.o)
                0x00000000000350e0                simOutDataBuffer
                0x0000000000035160                simRadioTarget
                0x0000000000035180                simInDataBufferLR
                0x0000000000035200                simOutDataBufferLR
                0x0000000000035280                dual_duty_cycle_count
                0x00000000000352a0                simInDataBuffer
 COMMON         0x0000000000035320      0x400 obj_cooja/mtype68.a(eeprom.o)
                0x0000000000035320                simEEPROMData
 COMMON         0x0000000000035720        0x1 obj_cooja/mtype68.a(sensors.o)
                0x0000000000035720                sensors_event
 *fill*         0x0000000000035721        0x3 
 COMMON         0x0000000000035724        0x4 obj_cooja/mtype68.a(log_message.o)
                0x0000000000035724                log_fp
 COMMON         0x0000000000035728        0x1 obj_cooja/mtype68.a(serial-line.o)
                0x0000000000035728                serial_line_event_message
 *fill*         0x0000000000035729       0x17 
 COMMON         0x0000000000035740       0x50 obj_cooja/mtype68.a(uip-ds6-nbr.o)
                0x0000000000035740                ds6_lr_addrmap
 *fill*         0x0000000000035790       0x10 
 COMMON         0x00000000000357a0      0x298 obj_cooja/mtype68.a(uip-ds6.o)
                0x00000000000357a0                uip_ds6_prefix_list
                0x0000000000035800                uip_ds6_timer_periodic
                0x0000000000035810                uip_ds6_netif_addr_list_offset
                0x0000000000035820                uip_ds6_if
                0x0000000000035918                uip_ds6_timer_ra
                0x0000000000035920                uip_ds6_addr_size
                0x0000000000035940                long_uip_ds6_if
 *fill*         0x0000000000035a38        0x8 
 COMMON         0x0000000000035a40      0x8ec obj_cooja/mtype68.a(uip6.o)
                0x0000000000035a40                uip_slen
                0x0000000000035a42                uip_acc32
                0x0000000000035a60                uip_conns
                0x0000000000035b20                uip_lladdr
                0x0000000000035b28                uip_appdata
                0x0000000000035b2c                uip_flags
                0x0000000000035b40                uip_aligned_buf
                0x0000000000036180                uip_listenports
                0x0000000000036190                uip_len
                0x0000000000036192                uip_long_lladdr
                0x000000000003619c                uip_sappdata
                0x00000000000361a0                uip_udp_conns
                0x0000000000036320                uip_udp_conn
                0x0000000000036324                uip_next_hdr
                0x0000000000036328                uip_conn
 COMMON         0x000000000003632c        0x1 obj_cooja/mtype68.a(tcpip.o)
                0x000000000003632c                tcpip_event
 *fill*         0x000000000003632d       0x13 
 COMMON         0x0000000000036340      0x198 obj_cooja/mtype68.a(rpl-dag.o)
                0x0000000000036340                default_instance
                0x0000000000036360                instance_table
 COMMON         0x00000000000364d8       0x10 obj_cooja/mtype68.a(linkaddr.o)
                0x00000000000364d8                linkaddr_node_addr
                0x00000000000364e0                long_linkaddr_node_addr
 COMMON         0x00000000000364e8       0x2e obj_cooja/mtype68.a(packetbuf.o)
                0x00000000000364e8                packetbuf_attrs
                0x0000000000036506                packetbuf_addrs
 *fill*         0x0000000000036516        0xa 
 COMMON         0x0000000000036520       0x48 obj_cooja/mtype68.a(rimestats.o)
                0x0000000000036520                rimestats
                0x0000000000036568                . = ALIGN ((. != 0x0)?0x4:0x1)
                0x0000000000036568                . = ALIGN (0x4)
                0x0000000000036568                . = SEGMENT_START ("ldata-segment", .)
                0x0000000000036568                . = ALIGN (0x4)
                0x0000000000036568                _end = .
                0x0000000000036568                PROVIDE (end, .)
                0x0000000000036568                . = DATA_SEGMENT_END (.)

.stab
 *(.stab)

.stabstr
 *(.stabstr)

.stab.excl
 *(.stab.excl)

.stab.exclstr
 *(.stab.exclstr)

.stab.index
 *(.stab.index)

.stab.indexstr
 *(.stab.indexstr)

.comment        0x0000000000000000       0x29
 *(.comment)
 .comment       0x0000000000000000       0x29 /usr/lib/gcc/i686-linux-gnu/4.8/crtbeginS.o
                                         0x2a (size before relaxing)
 .comment       0x0000000000000000       0x2a udp-server.co
 .comment       0x0000000000000000       0x2a obj_cooja/mtype68.o
 .comment       0x0000000000000000       0x2a obj_cooja/mtype68.a(simEnvChange.o)
 .comment       0x0000000000000000       0x2a obj_cooja/mtype68.a(cooja_mt.o)
 .comment       0x0000000000000000       0x2a obj_cooja/mtype68.a(cooja_mtarch.o)
 .comment       0x0000000000000000       0x2a obj_cooja/mtype68.a(rtimer-arch.o)
 .comment       0x0000000000000000       0x2a obj_cooja/mtype68.a(beep.o)
 .comment       0x0000000000000000       0x2a obj_cooja/mtype68.a(button-sensor.o)
 .comment       0x0000000000000000       0x2a obj_cooja/mtype68.a(leds-arch.o)
 .comment       0x0000000000000000       0x2a obj_cooja/mtype68.a(moteid.o)
 .comment       0x0000000000000000       0x2a obj_cooja/mtype68.a(pir-sensor.o)
 .comment       0x0000000000000000       0x2a obj_cooja/mtype68.a(rs232.o)
 .comment       0x0000000000000000       0x2a obj_cooja/mtype68.a(vib-sensor.o)
 .comment       0x0000000000000000       0x2a obj_cooja/mtype68.a(clock.o)
 .comment       0x0000000000000000       0x2a obj_cooja/mtype68.a(log.o)
 .comment       0x0000000000000000       0x2a obj_cooja/mtype68.a(cfs-cooja.o)
 .comment       0x0000000000000000       0x2a obj_cooja/mtype68.a(cooja-radio.o)
 .comment       0x0000000000000000       0x2a obj_cooja/mtype68.a(eeprom.o)
 .comment       0x0000000000000000       0x2a obj_cooja/mtype68.a(random.o)
 .comment       0x0000000000000000       0x2a obj_cooja/mtype68.a(sensors.o)
 .comment       0x0000000000000000       0x2a obj_cooja/mtype68.a(dual_conf.o)
 .comment       0x0000000000000000       0x2a obj_cooja/mtype68.a(autostart.o)
 .comment       0x0000000000000000       0x2a obj_cooja/mtype68.a(ctimer.o)
 .comment       0x0000000000000000       0x2a obj_cooja/mtype68.a(etimer.o)
 .comment       0x0000000000000000       0x2a obj_cooja/mtype68.a(log_message.o)
 .comment       0x0000000000000000       0x2a obj_cooja/mtype68.a(process.o)
 .comment       0x0000000000000000       0x2a obj_cooja/mtype68.a(residual.o)
 .comment       0x0000000000000000       0x2a obj_cooja/mtype68.a(rtimer.o)
 .comment       0x0000000000000000       0x2a obj_cooja/mtype68.a(timer.o)
 .comment       0x0000000000000000       0x2a obj_cooja/mtype68.a(serial-line.o)
 .comment       0x0000000000000000       0x2a obj_cooja/mtype68.a(list.o)
 .comment       0x0000000000000000       0x2a obj_cooja/mtype68.a(ringbuf.o)
 .comment       0x0000000000000000       0x2a obj_cooja/mtype68.a(sicslowpan.o)
 .comment       0x0000000000000000       0x2a obj_cooja/mtype68.a(uip-ds6-nbr.o)
 .comment       0x0000000000000000       0x2a obj_cooja/mtype68.a(uip-ds6.o)
 .comment       0x0000000000000000       0x2a obj_cooja/mtype68.a(uip6.o)
 .comment       0x0000000000000000       0x2a obj_cooja/mtype68.a(tcpip.o)
 .comment       0x0000000000000000       0x2a obj_cooja/mtype68.a(uip-debug.o)
 .comment       0x0000000000000000       0x2a obj_cooja/mtype68.a(uip-packetqueue)
 .comment       0x0000000000000000       0x2a obj_cooja/mtype68.a(rpl-dag.o)
 .comment       0x0000000000000000       0x2a obj_cooja/mtype68.a(rpl-ext-header.)
 .comment       0x0000000000000000       0x2a obj_cooja/mtype68.a(rpl-icmp6.o)
 .comment       0x0000000000000000       0x2a obj_cooja/mtype68.a(rpl-ltmax.o)
 .comment       0x0000000000000000       0x2a obj_cooja/mtype68.a(rpl-timers.o)
 .comment       0x0000000000000000       0x2a obj_cooja/mtype68.a(rpl.o)
 .comment       0x0000000000000000       0x2a obj_cooja/mtype68.a(framer-802154.o)
 .comment       0x0000000000000000       0x2a obj_cooja/mtype68.a(nullmac.o)
 .comment       0x0000000000000000       0x2a obj_cooja/mtype68.a(cxmac.o)
 .comment       0x0000000000000000       0x2a obj_cooja/mtype68.a(linkaddr.o)
 .comment       0x0000000000000000       0x2a obj_cooja/mtype68.a(nbr-table.o)
 .comment       0x0000000000000000       0x2a obj_cooja/mtype68.a(netstack.o)
 .comment       0x0000000000000000       0x2a obj_cooja/mtype68.a(packetbuf.o)
 .comment       0x0000000000000000       0x2a obj_cooja/mtype68.a(queuebuf.o)
 .comment       0x0000000000000000       0x2a obj_cooja/mtype68.a(nullsec.o)
 .comment       0x0000000000000000       0x2a obj_cooja/mtype68.a(watchdog.o)
 .comment       0x0000000000000000       0x2a obj_cooja/mtype68.a(rimestats.o)
 .comment       0x0000000000000000       0x2a obj_cooja/mtype68.a(stimer.o)
 .comment       0x0000000000000000       0x2a obj_cooja/mtype68.a(memb.o)
 .comment       0x0000000000000000       0x2a obj_cooja/mtype68.a(uip-ds6-route.o)
 .comment       0x0000000000000000       0x2a obj_cooja/mtype68.a(uip-icmp6.o)
 .comment       0x0000000000000000       0x2a obj_cooja/mtype68.a(uip-nd6.o)
 .comment       0x0000000000000000       0x2a obj_cooja/mtype68.a(rpl-nbr-policy.)
 .comment       0x0000000000000000       0x2a obj_cooja/mtype68.a(frame802154.o)
 .comment       0x0000000000000000       0x2a obj_cooja/mtype68.a(mac.o)
 .comment       0x0000000000000000       0x2a /usr/lib/gcc/i686-linux-gnu/4.8/crtendS.o

.debug
 *(.debug)

.line
 *(.line)

.debug_srcinfo
 *(.debug_srcinfo)

.debug_sfnames
 *(.debug_sfnames)

.debug_aranges  0x0000000000000000      0x7f8
 *(.debug_aranges)
 .debug_aranges
                0x0000000000000000       0x20 udp-server.co
 .debug_aranges
                0x0000000000000020       0x20 obj_cooja/mtype68.o
 .debug_aranges
                0x0000000000000040       0x20 obj_cooja/mtype68.a(simEnvChange.o)
 .debug_aranges
                0x0000000000000060       0x20 obj_cooja/mtype68.a(cooja_mt.o)
 .debug_aranges
                0x0000000000000080       0x20 obj_cooja/mtype68.a(cooja_mtarch.o)
 .debug_aranges
                0x00000000000000a0       0x20 obj_cooja/mtype68.a(rtimer-arch.o)
 .debug_aranges
                0x00000000000000c0       0x20 obj_cooja/mtype68.a(beep.o)
 .debug_aranges
                0x00000000000000e0       0x20 obj_cooja/mtype68.a(button-sensor.o)
 .debug_aranges
                0x0000000000000100       0x20 obj_cooja/mtype68.a(leds-arch.o)
 .debug_aranges
                0x0000000000000120       0x20 obj_cooja/mtype68.a(moteid.o)
 .debug_aranges
                0x0000000000000140       0x20 obj_cooja/mtype68.a(pir-sensor.o)
 .debug_aranges
                0x0000000000000160       0x20 obj_cooja/mtype68.a(rs232.o)
 .debug_aranges
                0x0000000000000180       0x20 obj_cooja/mtype68.a(vib-sensor.o)
 .debug_aranges
                0x00000000000001a0       0x20 obj_cooja/mtype68.a(clock.o)
 .debug_aranges
                0x00000000000001c0       0x20 obj_cooja/mtype68.a(log.o)
 .debug_aranges
                0x00000000000001e0       0x20 obj_cooja/mtype68.a(cfs-cooja.o)
 .debug_aranges
                0x0000000000000200       0x20 obj_cooja/mtype68.a(cooja-radio.o)
 .debug_aranges
                0x0000000000000220       0x20 obj_cooja/mtype68.a(eeprom.o)
 .debug_aranges
                0x0000000000000240       0x20 obj_cooja/mtype68.a(random.o)
 .debug_aranges
                0x0000000000000260       0x20 obj_cooja/mtype68.a(sensors.o)
 .debug_aranges
                0x0000000000000280       0x20 obj_cooja/mtype68.a(dual_conf.o)
 .debug_aranges
                0x00000000000002a0       0x20 obj_cooja/mtype68.a(autostart.o)
 .debug_aranges
                0x00000000000002c0       0x20 obj_cooja/mtype68.a(ctimer.o)
 .debug_aranges
                0x00000000000002e0       0x20 obj_cooja/mtype68.a(etimer.o)
 .debug_aranges
                0x0000000000000300       0x20 obj_cooja/mtype68.a(log_message.o)
 .debug_aranges
                0x0000000000000320       0x20 obj_cooja/mtype68.a(process.o)
 .debug_aranges
                0x0000000000000340       0x20 obj_cooja/mtype68.a(residual.o)
 .debug_aranges
                0x0000000000000360       0x20 obj_cooja/mtype68.a(rtimer.o)
 .debug_aranges
                0x0000000000000380       0x20 obj_cooja/mtype68.a(timer.o)
 .debug_aranges
                0x00000000000003a0       0x20 obj_cooja/mtype68.a(serial-line.o)
 .debug_aranges
                0x00000000000003c0       0x20 obj_cooja/mtype68.a(list.o)
 .debug_aranges
                0x00000000000003e0       0x20 obj_cooja/mtype68.a(ringbuf.o)
 .debug_aranges
                0x0000000000000400       0x20 obj_cooja/mtype68.a(sicslowpan.o)
 .debug_aranges
                0x0000000000000420       0x20 obj_cooja/mtype68.a(uip-ds6-nbr.o)
 .debug_aranges
                0x0000000000000440       0x20 obj_cooja/mtype68.a(uip-ds6.o)
 .debug_aranges
                0x0000000000000460       0x20 obj_cooja/mtype68.a(uip6.o)
 .debug_aranges
                0x0000000000000480       0x20 obj_cooja/mtype68.a(tcpip.o)
 .debug_aranges
                0x00000000000004a0       0x20 obj_cooja/mtype68.a(uip-debug.o)
 .debug_aranges
                0x00000000000004c0       0x20 obj_cooja/mtype68.a(uip-packetqueue)
 .debug_aranges
                0x00000000000004e0       0x20 obj_cooja/mtype68.a(rpl-dag.o)
 .debug_aranges
                0x0000000000000500       0x20 obj_cooja/mtype68.a(rpl-ext-header.)
 .debug_aranges
                0x0000000000000520       0x20 obj_cooja/mtype68.a(rpl-icmp6.o)
 .debug_aranges
                0x0000000000000540       0x20 obj_cooja/mtype68.a(rpl-ltmax.o)
 .debug_aranges
                0x0000000000000560       0x20 obj_cooja/mtype68.a(rpl-timers.o)
 .debug_aranges
                0x0000000000000580       0x20 obj_cooja/mtype68.a(rpl.o)
 .debug_aranges
                0x00000000000005a0       0x20 obj_cooja/mtype68.a(framer-802154.o)
 .debug_aranges
                0x00000000000005c0       0x20 obj_cooja/mtype68.a(nullmac.o)
 .debug_aranges
                0x00000000000005e0       0x20 obj_cooja/mtype68.a(cxmac.o)
 .debug_aranges
                0x0000000000000600       0x20 obj_cooja/mtype68.a(linkaddr.o)
 .debug_aranges
                0x0000000000000620       0x20 obj_cooja/mtype68.a(nbr-table.o)
 .debug_aranges
                0x0000000000000640       0x20 obj_cooja/mtype68.a(netstack.o)
 .debug_aranges
                0x0000000000000660       0x20 obj_cooja/mtype68.a(packetbuf.o)
 .debug_aranges
                0x0000000000000680       0x20 obj_cooja/mtype68.a(queuebuf.o)
 .debug_aranges
                0x00000000000006a0       0x20 obj_cooja/mtype68.a(nullsec.o)
 .debug_aranges
                0x00000000000006c0       0x20 obj_cooja/mtype68.a(watchdog.o)
 .debug_aranges
                0x00000000000006e0       0x18 obj_cooja/mtype68.a(rimestats.o)
 .debug_aranges
                0x00000000000006f8       0x20 obj_cooja/mtype68.a(stimer.o)
 .debug_aranges
                0x0000000000000718       0x20 obj_cooja/mtype68.a(memb.o)
 .debug_aranges
                0x0000000000000738       0x20 obj_cooja/mtype68.a(uip-ds6-route.o)
 .debug_aranges
                0x0000000000000758       0x20 obj_cooja/mtype68.a(uip-icmp6.o)
 .debug_aranges
                0x0000000000000778       0x20 obj_cooja/mtype68.a(uip-nd6.o)
 .debug_aranges
                0x0000000000000798       0x20 obj_cooja/mtype68.a(rpl-nbr-policy.)
 .debug_aranges
                0x00000000000007b8       0x20 obj_cooja/mtype68.a(frame802154.o)
 .debug_aranges
                0x00000000000007d8       0x20 obj_cooja/mtype68.a(mac.o)

.debug_pubnames
 *(.debug_pubnames)

.debug_info     0x0000000000000000    0x1d229
 *(.debug_info .gnu.linkonce.wi.*)
 .debug_info    0x0000000000000000      0xe6d udp-server.co
 .debug_info    0x0000000000000e6d     0x3ac4 obj_cooja/mtype68.o
 .debug_info    0x0000000000004931      0x15a obj_cooja/mtype68.a(simEnvChange.o)
 .debug_info    0x0000000000004a8b      0x1e2 obj_cooja/mtype68.a(cooja_mt.o)
 .debug_info    0x0000000000004c6d      0x2e7 obj_cooja/mtype68.a(cooja_mtarch.o)
 .debug_info    0x0000000000004f54      0x16b obj_cooja/mtype68.a(rtimer-arch.o)
 .debug_info    0x00000000000050bf      0x1f3 obj_cooja/mtype68.a(beep.o)
 .debug_info    0x00000000000052b2      0x257 obj_cooja/mtype68.a(button-sensor.o)
 .debug_info    0x0000000000005509      0x132 obj_cooja/mtype68.a(leds-arch.o)
 .debug_info    0x000000000000563b      0x10a obj_cooja/mtype68.a(moteid.o)
 .debug_info    0x0000000000005745      0x216 obj_cooja/mtype68.a(pir-sensor.o)
 .debug_info    0x000000000000595b      0x21e obj_cooja/mtype68.a(rs232.o)
 .debug_info    0x0000000000005b79      0x216 obj_cooja/mtype68.a(vib-sensor.o)
 .debug_info    0x0000000000005d8f      0x152 obj_cooja/mtype68.a(clock.o)
 .debug_info    0x0000000000005ee1      0x2bb obj_cooja/mtype68.a(log.o)
 .debug_info    0x000000000000619c      0x3cf obj_cooja/mtype68.a(cfs-cooja.o)
 .debug_info    0x000000000000656b      0xd52 obj_cooja/mtype68.a(cooja-radio.o)
 .debug_info    0x00000000000072bd      0x1d5 obj_cooja/mtype68.a(eeprom.o)
 .debug_info    0x0000000000007492       0xb3 obj_cooja/mtype68.a(random.o)
 .debug_info    0x0000000000007545      0x36d obj_cooja/mtype68.a(sensors.o)
 .debug_info    0x00000000000078b2      0xcce obj_cooja/mtype68.a(dual_conf.o)
 .debug_info    0x0000000000008580      0x1a5 obj_cooja/mtype68.a(autostart.o)
 .debug_info    0x0000000000008725      0x46c obj_cooja/mtype68.a(ctimer.o)
 .debug_info    0x0000000000008b91      0x49c obj_cooja/mtype68.a(etimer.o)
 .debug_info    0x000000000000902d      0x3d2 obj_cooja/mtype68.a(log_message.o)
 .debug_info    0x00000000000093ff      0x4ba obj_cooja/mtype68.a(process.o)
 .debug_info    0x00000000000098b9      0x164 obj_cooja/mtype68.a(residual.o)
 .debug_info    0x0000000000009a1d      0x1ab obj_cooja/mtype68.a(rtimer.o)
 .debug_info    0x0000000000009bc8      0x16c obj_cooja/mtype68.a(timer.o)
 .debug_info    0x0000000000009d34      0x2de obj_cooja/mtype68.a(serial-line.o)
 .debug_info    0x000000000000a012      0x2ed obj_cooja/mtype68.a(list.o)
 .debug_info    0x000000000000a2ff      0x1aa obj_cooja/mtype68.a(ringbuf.o)
 .debug_info    0x000000000000a4a9     0x105e obj_cooja/mtype68.a(sicslowpan.o)
 .debug_info    0x000000000000b507      0x8c9 obj_cooja/mtype68.a(uip-ds6-nbr.o)
 .debug_info    0x000000000000bdd0      0xc90 obj_cooja/mtype68.a(uip-ds6.o)