Archive member included to satisfy reference by file (symbol)

obj_cooja/mtype936.a(simEnvChange.o)
                              obj_cooja/mtype936.o (simDontFallAsleep)
obj_cooja/mtype936.a(cooja_mt.o)
                              obj_cooja/mtype936.o (cooja_mt_start)
obj_cooja/mtype936.a(cooja_mtarch.o)
                              obj_cooja/mtype936.a(cooja_mt.o) (cooja_mtarch_init)
obj_cooja/mtype936.a(rtimer-arch.o)
                              obj_cooja/mtype936.o (rtimer_arch_next)
obj_cooja/mtype936.a(beep.o)  obj_cooja/mtype936.o (beep_interface)
obj_cooja/mtype936.a(button-sensor.o)
                              obj_cooja/mtype936.o (button_interface)
obj_cooja/mtype936.a(leds-arch.o)
                              obj_cooja/mtype936.o (leds_interface)
obj_cooja/mtype936.a(moteid.o)
                              obj_cooja/mtype936.o (moteid_interface)
obj_cooja/mtype936.a(pir-sensor.o)
                              obj_cooja/mtype936.o (pir_interface)
obj_cooja/mtype936.a(rs232.o)
                              obj_cooja/mtype936.o (rs232_interface)
obj_cooja/mtype936.a(vib-sensor.o)
                              obj_cooja/mtype936.o (vib_interface)
obj_cooja/mtype936.a(clock.o)
                              obj_cooja/mtype936.o (clock_interface)
obj_cooja/mtype936.a(log.o)   obj_cooja/mtype936.o (simlog_interface)
obj_cooja/mtype936.a(cfs-cooja.o)
                              obj_cooja/mtype936.o (cfs_interface)
obj_cooja/mtype936.a(cooja-radio.o)
                              obj_cooja/mtype936.o (radio_interface)
obj_cooja/mtype936.a(eeprom.o)
                              obj_cooja/mtype936.o (eeprom_interface)
obj_cooja/mtype936.a(random.o)
                              obj_cooja/mtype936.a(moteid.o) (random_init)
obj_cooja/mtype936.a(sensors.o)
                              udp-server.co (sensors_event)
obj_cooja/mtype936.a(dual_conf.o)
                              obj_cooja/mtype936.a(cooja-radio.o) (long_range_radio)
obj_cooja/mtype936.a(autostart.o)
                              obj_cooja/mtype936.o (autostart_start)
obj_cooja/mtype936.a(ctimer.o)
                              obj_cooja/mtype936.o (ctimer_init)
obj_cooja/mtype936.a(etimer.o)
                              obj_cooja/mtype936.o (etimer_process)
obj_cooja/mtype936.a(log_message.o)
                              obj_cooja/mtype936.o (log_initialization)
obj_cooja/mtype936.a(process.o)
                              udp-server.co (process_current)
obj_cooja/mtype936.a(residual.o)
                              obj_cooja/mtype936.o (get_residual_energy)
obj_cooja/mtype936.a(rtimer.o)
                              obj_cooja/mtype936.a(rtimer-arch.o) (rtimer_run_next)
obj_cooja/mtype936.a(timer.o)
                              obj_cooja/mtype936.a(button-sensor.o) (timer_set)
obj_cooja/mtype936.a(serial-line.o)
                              obj_cooja/mtype936.a(rs232.o) (serial_line_input_byte)
obj_cooja/mtype936.a(list.o)  obj_cooja/mtype936.a(ctimer.o) (list_init)
obj_cooja/mtype936.a(ringbuf.o)
                              obj_cooja/mtype936.a(serial-line.o) (ringbuf_init)
obj_cooja/mtype936.a(sicslowpan.o)
                              obj_cooja/mtype936.o (sicslowpan_driver)
obj_cooja/mtype936.a(uip-ds6-nbr.o)
                              obj_cooja/mtype936.a(sicslowpan.o) (uip_ds6_link_neighbor_callback)
obj_cooja/mtype936.a(uip-ds6.o)
                              udp-server.co (uip_ds6_if)
obj_cooja/mtype936.a(uip6.o)  obj_cooja/mtype936.o (uip_lladdr)
obj_cooja/mtype936.a(tcpip.o)
                              udp-server.co (tcpip_event)
obj_cooja/mtype936.a(uip-debug.o)
                              udp-server.co (uip_debug_ipaddr_print)
obj_cooja/mtype936.a(uip-packetqueue)
                              obj_cooja/mtype936.a(uip-ds6-nbr.o) (uip_packetqueue_new)
obj_cooja/mtype936.a(rpl-dag.o)
                              udp-server.co (rpl_set_root)
obj_cooja/mtype936.a(rpl-ext-header.)
                              obj_cooja/mtype936.a(uip6.o) (rpl_verify_header)
obj_cooja/mtype936.a(rpl-icmp6.o)
                              obj_cooja/mtype936.a(rpl-dag.o) (rpl_icmp6_update_nbr_table)
obj_cooja/mtype936.a(rpl-ltmax.o)
                              obj_cooja/mtype936.a(rpl-dag.o) (rpl_ltmax_of)
obj_cooja/mtype936.a(rpl-timers.o)
                              obj_cooja/mtype936.a(rpl-dag.o) (rpl_reset_dio_timer)
obj_cooja/mtype936.a(rpl.o)   obj_cooja/mtype936.a(rpl-icmp6.o) (rpl_get_mode)
obj_cooja/mtype936.a(framer-802154.o)
                              obj_cooja/mtype936.a(sicslowpan.o) (framer_802154)
obj_cooja/mtype936.a(nullmac.o)
                              udp-server.co (nullmac_driver)
obj_cooja/mtype936.a(cxmac.o)
                              obj_cooja/mtype936.o (cxmac_driver)
obj_cooja/mtype936.a(linkaddr.o)
                              obj_cooja/mtype936.o (linkaddr_node_addr)
obj_cooja/mtype936.a(nbr-table.o)
                              obj_cooja/mtype936.a(uip-ds6-nbr.o) (lladdr_map_add_lr)
[...]
Memory Configuration

Name             Origin             Length             Attributes
*default*        0x0000000000000000 0xffffffffffffffff

Linker script and memory map

LOAD /usr/lib/gcc/i686-linux-gnu/4.8/../../../i386-linux-gnu/crti.o
LOAD /usr/lib/gcc/i686-linux-gnu/4.8/crtbeginS.o
LOAD udp-server.co
LOAD obj_cooja/mtype936.o
LOAD obj_cooja/mtype936.a
LOAD /usr/lib/gcc/i686-linux-gnu/4.8/libgcc.a
LOAD /usr/lib/gcc/i686-linux-gnu/4.8/libgcc_s.so
LOAD /usr/lib/gcc/i686-linux-gnu/4.8/../../../i386-linux-gnu/libc.so
START GROUP
LOAD /lib/i386-linux-gnu/libc.so.6
LOAD /usr/lib/i386-linux-gnu/libc_nonshared.a
LOAD /lib/i386-linux-gnu/ld-linux.so.2
END GROUP
LOAD /usr/lib/gcc/i686-linux-gnu/4.8/libgcc.a
LOAD /usr/lib/gcc/i686-linux-gnu/4.8/libgcc_s.so
LOAD /usr/lib/gcc/i686-linux-gnu/4.8/crtendS.o
LOAD /usr/lib/gcc/i686-linux-gnu/4.8/../../../i386-linux-gnu/crtn.o
                0x0000000000000114                . = (0x0 + SIZEOF_HEADERS)

.note.gnu.build-id
                0x0000000000000114       0x24
 *(.note.gnu.build-id)
 .note.gnu.build-id
                0x0000000000000114       0x24 /usr/lib/gcc/i686-linux-gnu/4.8/../../../i386-linux-gnu/crti.o

.hash
 *(.hash)

.gnu.hash       0x0000000000000138     0x133c
 *(.gnu.hash)
 .gnu.hash      0x0000000000000138     0x133c /usr/lib/gcc/i686-linux-gnu/4.8/../../../i386-linux-gnu/crti.o

.dynsym         0x0000000000001474     0x2550
 *(.dynsym)
 .dynsym        0x0000000000001474     0x2550 /usr/lib/gcc/i686-linux-gnu/4.8/../../../i386-linux-gnu/crti.o

.dynstr         0x00000000000039c4     0x2679
 *(.dynstr)
 .dynstr        0x00000000000039c4     0x2679 /usr/lib/gcc/i686-linux-gnu/4.8/../../../i386-linux-gnu/crti.o

.gnu.version    0x000000000000603e      0x4aa
 *(.gnu.version)
 .gnu.version   0x000000000000603e      0x4aa /usr/lib/gcc/i686-linux-gnu/4.8/../../../i386-linux-gnu/crti.o

.gnu.version_d  0x00000000000064e8        0x0
 *(.gnu.version_d)
 .gnu.version_d
                0x0000000000000000        0x0 /usr/lib/gcc/i686-linux-gnu/4.8/../../../i386-linux-gnu/crti.o

.gnu.version_r  0x00000000000064e8       0x50
 *(.gnu.version_r)
 .gnu.version_r
                0x00000000000064e8       0x50 /usr/lib/gcc/i686-linux-gnu/4.8/../../../i386-linux-gnu/crti.o

.rel.dyn        0x0000000000006538     0x8f60
 *(.rel.init)
 .rel.init      0x0000000000000000        0x0 /usr/lib/gcc/i686-linux-gnu/4.8/../../../i386-linux-gnu/crti.o
 *(.rel.text .rel.text.* .rel.gnu.linkonce.t.*)
 .rel.text      0x0000000000006538     0x87d0 /usr/lib/gcc/i686-linux-gnu/4.8/../../../i386-linux-gnu/crti.o
 *(.rel.fini)
 .rel.fini      0x0000000000000000        0x0 /usr/lib/gcc/i686-linux-gnu/4.8/../../../i386-linux-gnu/crti.o
 *(.rel.rodata .rel.rodata.* .rel.gnu.linkonce.r.*)
 .rel.rodata    0x000000000000ed08      0x4e0 /usr/lib/gcc/i686-linux-gnu/4.8/../../../i386-linux-gnu/crti.o
 *(.rel.data.rel.ro .rel.data.rel.ro.* .rel.gnu.linkonce.d.rel.ro.*)
 *(.rel.data .rel.data.* .rel.gnu.linkonce.d.*)
 .rel.data.rel  0x000000000000f1e8        0x8 /usr/lib/gcc/i686-linux-gnu/4.8/../../../i386-linux-gnu/crti.o
 .rel.data      0x000000000000f1f0      0x270 /usr/lib/gcc/i686-linux-gnu/4.8/../../../i386-linux-gnu/crti.o
 *(.rel.tdata .rel.tdata.* .rel.gnu.linkonce.td.*)
 *(.rel.tbss .rel.tbss.* .rel.gnu.linkonce.tb.*)
 *(.rel.ctors)
 *(.rel.dtors)
 *(.rel.got)
 .rel.got       0x000000000000f460       0x28 /usr/lib/gcc/i686-linux-gnu/4.8/../../../i386-linux-gnu/crti.o
 *(.rel.bss .rel.bss.* .rel.gnu.linkonce.b.*)
 *(.rel.ifunc)
 .rel.ifunc     0x0000000000000000        0x0 /usr/lib/gcc/i686-linux-gnu/4.8/../../../i386-linux-gnu/crti.o
 .rel.fini_array
                0x000000000000f488        0x8 /usr/lib/gcc/i686-linux-gnu/4.8/../../../i386-linux-gnu/crti.o
 .rel.init_array
                0x000000000000f490        0x8 /usr/lib/gcc/i686-linux-gnu/4.8/../../../i386-linux-gnu/crti.o

.rel.plt        0x000000000000f498       0x10
 *(.rel.plt)
 .rel.plt       0x000000000000f498       0x10 /usr/lib/gcc/i686-linux-gnu/4.8/../../../i386-linux-gnu/crti.o
 *(.rel.iplt)

.init           0x000000000000f4a8       0x23
 *(SORT(.init))
 .init          0x000000000000f4a8       0x1e /usr/lib/gcc/i686-linux-gnu/4.8/../../../i386-linux-gnu/crti.o
                0x000000000000f4a8                _init
 .init          0x000000000000f4c6        0x5 /usr/lib/gcc/i686-linux-gnu/4.8/../../../i386-linux-gnu/crtn.o

.plt            0x000000000000f4d0       0x30
 *(.plt)
 .plt           0x000000000000f4d0       0x30 /usr/lib/gcc/i686-linux-gnu/4.8/../../../i386-linux-gnu/crti.o
 *(.iplt)

.text           0x000000000000f500    0x1600d
 *(.text.unlikely .text.*_unlikely .text.unlikely.*)
 *(.text.exit .text.exit.*)
 *(.text.startup .text.startup.*)
 *(.text.hot .text.hot.*)
 *(.text .stub .text.* .gnu.linkonce.t.*)
 .text          0x000000000000f500        0x0 /usr/lib/gcc/i686-linux-gnu/4.8/../../../i386-linux-gnu/crti.o
 .gnu.linkonce.t.__x86.get_pc_thunk.bx
                0x000000000000f500        0x4 /usr/lib/gcc/i686-linux-gnu/4.8/../../../i386-linux-gnu/crti.o
                0x000000000000f500                __x86.get_pc_thunk.bx
 *fill*         0x000000000000f504        0xc 
 .text          0x000000000000f510      0x11b /usr/lib/gcc/i686-linux-gnu/4.8/crtbeginS.o
 .text          0x000000000000f62b      0x3ce udp-server.co
 .text          0x000000000000f9f9      0x96a obj_cooja/mtype936.o
                0x000000000000fba7                contiki_init
                0x000000000001017a                Java_org_contikios_cooja_corecomm_Lib1_init
                0x00000000000101ba                Java_org_contikios_cooja_corecomm_Lib1_getMemory
                0x00000000000101fa                Java_org_contikios_cooja_corecomm_Lib1_setMemory
                0x0000000000010271                Java_org_contikios_cooja_corecomm_Lib1_tick
                0x0000000000010351                Java_org_contikios_cooja_corecomm_Lib1_setReferenceAddress
 .text          0x0000000000010363       0x63 obj_cooja/mtype936.a(simEnvChange.o)
                0x0000000000010363                doActionsBeforeTick
                0x0000000000010394                doActionsAfterTick
 .text          0x00000000000103c6       0xbc obj_cooja/mtype936.a(cooja_mt.o)
                0x00000000000103c6                cooja_mt_init
                0x00000000000103d3                cooja_mt_remove
                0x00000000000103e0                cooja_mt_start
                0x000000000001040d                cooja_mt_exec
                0x000000000001043e                cooja_mt_exit
                0x0000000000010460                cooja_mt_yield
 .text          0x0000000000010482      0x115 obj_cooja/mtype936.a(cooja_mtarch.o)
                0x0000000000010482                cooja_mtarch_init
                0x0000000000010487                cooja_mtarch_start
                0x0000000000010502                cooja_sw
                0x0000000000010524                cooja_mtarch_exec
                0x0000000000010540                cooja_mtarch_remove
                0x0000000000010545                cooja_mtarch_yield
                0x000000000001054f                cooja_mtarch_pstop
                0x0000000000010554                cooja_mtarch_pstart
                0x0000000000010559                cooja_mtarch_stack_usage
 .text          0x0000000000010597       0xc2 obj_cooja/mtype936.a(rtimer-arch.o)
                0x0000000000010597                rtimer_arch_init
                0x00000000000105ba                rtimer_arch_schedule
                0x00000000000105d1                rtimer_arch_next
                0x00000000000105db                rtimer_arch_pending
                0x00000000000105e5                rtimer_arch_check
                0x0000000000010617                rtimer_arch_now
 .text          0x0000000000010659       0x76 obj_cooja/mtype936.a(beep.o)
                0x0000000000010659                beep_alarm
                0x0000000000010665                beep_beep
                0x0000000000010671                beep
                0x000000000001067d                beep_down
                0x0000000000010689                beep_on
                0x0000000000010695                beep_off
                0x00000000000106a1                beep_spinup
                0x00000000000106ad                beep_quick
                0x00000000000106b9                beep_long
 .text          0x00000000000106cf      0x103 obj_cooja/mtype936.a(button-sensor.o)
 .text          0x00000000000107d2       0x45 obj_cooja/mtype936.a(leds-arch.o)
                0x00000000000107d2                leds_arch_init
                0x00000000000107de                leds_arch_get
                0x00000000000107ea                leds_arch_set
 .text          0x0000000000010817       0x2f obj_cooja/mtype936.a(moteid.o)
 .text          0x0000000000010846       0xb1 obj_cooja/mtype936.a(pir-sensor.o)
 .text          0x00000000000108f7      0x131 obj_cooja/mtype936.a(rs232.o)
                0x00000000000108f7                rs232_init
                0x00000000000108fc                rs232_set_speed
                0x000000000001090a                rs232_set_input
                0x0000000000010917                rs232_send
                0x0000000000010939                rs232_print
                0x0000000000010954                slip_arch_writeb
 .text          0x0000000000010a28       0xb1 obj_cooja/mtype936.a(vib-sensor.o)
 .text          0x0000000000010ad9       0x34 obj_cooja/mtype936.a(clock.o)
                0x0000000000010ad9                clock_init
                0x0000000000010ade                clock_time
                0x0000000000010ae8                clock_seconds
                0x0000000000010afe                clock_delay
 .text          0x0000000000010b0d      0x1ed obj_cooja/mtype936.a(log.o)
                0x0000000000010b0d                simlog_char
                0x0000000000010b4f                simlog
                0x0000000000010bbc                log_message
                0x0000000000010be4                log_set_putchar_with_slip
                0x0000000000010bf1                log_putchar
                0x0000000000010c75                log_puts
                0x0000000000010c99                log_printf
 .text          0x0000000000010cfa      0x2c4 obj_cooja/mtype936.a(cfs-cooja.o)
                0x0000000000010cfa                cfs_open
                0x0000000000010d63                cfs_close
                0x0000000000010d6f                cfs_read
                0x0000000000010e0d                cfs_write
                0x0000000000010eea                cfs_seek
                0x0000000000010f72                cfs_remove
                0x0000000000010f9b                cfs_opendir
                0x0000000000010fa5                cfs_readdir
                0x0000000000010faf                cfs_closedir
 .text          0x0000000000010fbe      0x671 obj_cooja/mtype936.a(cooja-radio.o)
                0x0000000000010fe8                radio_set_channel
                0x0000000000010ffd                radio_set_txpower
                0x000000000001101d                radio_signal_strength_last
                0x0000000000011027                radio_signal_strength_current
                0x0000000000011031                radio_LQI
 .text          0x000000000001162f       0xef obj_cooja/mtype936.a(eeprom.o)
                0x000000000001162f                eeprom_init
                0x0000000000011634                eeprom_read
                0x00000000000116a4                eeprom_write
 .text          0x000000000001171e       0x28 obj_cooja/mtype936.a(random.o)
                0x000000000001171e                random_init
                0x0000000000011739                random_rand
 .text          0x0000000000011746      0x2a1 obj_cooja/mtype936.a(sensors.o)
                0x0000000000011781                sensors_first
                0x000000000001178b                sensors_next
                0x00000000000117a8                sensors_changed
                0x00000000000117d7                sensors_find
 .text          0x00000000000119e7      0x2e4 obj_cooja/mtype936.a(dual_conf.o)
                0x00000000000119e7                dual_radio_switch
                0x0000000000011a27                dual_radio_change
                0x0000000000011a61                sending_in_LR
                0x0000000000011a8c                dual_radio_received
                0x0000000000011ac4                radio_received_is_longrange
                0x0000000000011adf                dual_radio_turn_on
                0x0000000000011b02                dual_radio_turn_off
                0x0000000000011c81                dio_broadcast
                0x0000000000011caa                dis_broadcast
 .text          0x0000000000011ccb       0x8e obj_cooja/mtype936.a(autostart.o)
                0x0000000000011ccb                autostart_start
                0x0000000000011d16                autostart_exit
 .text          0x0000000000011d59      0x334 obj_cooja/mtype936.a(ctimer.o)
                0x0000000000011e70                ctimer_init
                0x0000000000011ea0                ctimer_set
                0x0000000000011ed1                ctimer_set_with_process
                0x0000000000011f4d                ctimer_reset
                0x0000000000011f9c                ctimer_restart
                0x0000000000011feb                ctimer_stop
                0x0000000000012036                ctimer_expired
 .text          0x000000000001208d      0x40b obj_cooja/mtype936.a(etimer.o)
                0x00000000000122a0                etimer_request_poll
                0x0000000000012324                etimer_set
                0x0000000000012349                etimer_reset_with_new_interval
                0x0000000000012370                etimer_reset
                0x000000000001238e                etimer_restart
                0x00000000000123ac                etimer_adjust
                0x00000000000123c8                etimer_expired
                0x00000000000123db                etimer_expiration_time
                0x00000000000123ed                etimer_start_time
                0x00000000000123f7                etimer_pending
                0x0000000000012409                etimer_next_expiration_time
                0x0000000000012423                etimer_stop
 .text          0x0000000000012498       0xdd obj_cooja/mtype936.a(log_message.o)
                0x0000000000012498                log_initialization
                0x0000000000012554                log_finisher
 .text          0x0000000000012575      0x560 obj_cooja/mtype936.a(process.o)
                0x0000000000012575                process_alloc_event
                0x000000000001258a                process_start
                0x0000000000012773                process_exit
                0x000000000001278f                process_init
                0x0000000000012960                process_run
                0x0000000000012993                process_nevents
                0x00000000000129ae                process_post
                0x0000000000012a5a                process_post_synch
                0x0000000000012a92                process_poll
                0x0000000000012ac1                process_is_running
 .text          0x0000000000012ad5       0xd3 obj_cooja/mtype936.a(residual.o)
                0x0000000000012ad5                get_residual_energy
 .text          0x0000000000012ba8       0xba obj_cooja/mtype936.a(rtimer.o)
                0x0000000000012ba8                rtimer_init
                0x0000000000012bb5                rtimer_set
                0x0000000000012c0c                rtimer_run_next
 .text          0x0000000000012c62       0x91 obj_cooja/mtype936.a(timer.o)
                0x0000000000012c62                timer_set
                0x0000000000012c7d                timer_reset
                0x0000000000012c94                timer_restart
                0x0000000000012ca6                timer_expired
                0x0000000000012ccf                timer_remaining
 .text          0x0000000000012cf3      0x1fb obj_cooja/mtype936.a(serial-line.o)
                0x0000000000012cf3                serial_line_input_byte
                0x0000000000012eb6                serial_line_init
 .text          0x0000000000012eee      0x244 obj_cooja/mtype936.a(list.o)
                0x0000000000012eee                list_init
                0x0000000000012efc                list_head
                0x0000000000012f06                list_copy
                0x0000000000012f15                list_tail
                0x0000000000012f4b                list_add
                0x0000000000012f94                list_push
                0x0000000000012fc0                list_chop
                0x000000000001302a                list_pop
                0x0000000000013052                list_remove
                0x00000000000130b9                list_length
                0x00000000000130e7                list_insert
                0x000000000001311b                list_item_next
 .text          0x0000000000013132      0x155 obj_cooja/mtype936.a(ringbuf.o)
                0x0000000000013132                ringbuf_init
                0x0000000000013163                ringbuf_put
                0x00000000000131e1                ringbuf_get
                0x000000000001324e                ringbuf_size
                0x0000000000013260                ringbuf_elements
 .text          0x0000000000013287     0x258b obj_cooja/mtype936.a(sicslowpan.o)
                0x0000000000013811                rime_sniffer_add
                0x000000000001381e                rime_sniffer_remove
                0x00000000000157b1                sicslowpan_init
                0x0000000000015808                sicslowpan_get_last_rssi
 .text          0x0000000000015812      0x2dc obj_cooja/mtype936.a(uip-ds6-nbr.o)
                0x000000000001582f                uip_ds6_neighbors_init
                0x000000000001584c                uip_ds6_nbr_add
                0x00000000000158fd                uip_ds6_nbr_rm
                0x000000000001595a                uip_ds6_nbr_get_ipaddr
                0x000000000001596f                uip_ds6_nbr_get_ll
                0x000000000001598b                uip_ds6_nbr_num
                0x00000000000159d0                uip_ds6_nbr_lookup
                0x0000000000015a35                uip_ds6_nbr_ll_lookup
                0x0000000000015a51                uip_ds6_nbr_ipaddr_from_lladdr
                0x0000000000015a77                uip_ds6_nbr_lladdr_from_ipaddr
                0x0000000000015aa5                uip_ds6_link_neighbor_callback
 .text          0x0000000000015aee     0x12ad obj_cooja/mtype936.a(uip-ds6.o)
                0x0000000000015aee                uip_ds6_init
                0x0000000000015e43                uip_ds6_periodic
                0x0000000000015f1b                uip_ds6_list_loop
                0x0000000000015fc2                uip_ds6_prefix_add
                0x0000000000016080                uip_ds6_prefix_rm
                0x0000000000016092                uip_ds6_prefix_lookup
                0x00000000000160e3                uip_ds6_is_addr_onlink
                0x0000000000016157                uip_ds6_addr_add
                0x0000000000016285                uip_ds6_long_addr_add
                0x00000000000163b3                uip_ds6_addr_rm
                0x0000000000016453                uip_ds6_addr_lookup
                0x000000000001649e                uip_ds6_long_addr_lookup
                0x00000000000164e9                uip_ds6_get_link_local
                0x0000000000016568                uip_ds6_long_get_link_local
                0x00000000000165e7                uip_ds6_get_global
                0x0000000000016666                uip_ds6_long_get_global
                0x00000000000166e5                uip_ds6_maddr_add
                0x0000000000016757                uip_ds6_long_maddr_add
                0x00000000000167c9                uip_ds6_maddr_rm
                0x00000000000167db                uip_ds6_maddr_lookup
                0x0000000000016826                uip_ds6_long_maddr_lookup
                0x0000000000016871                uip_ds6_aaddr_add
                0x00000000000168e3                uip_ds6_long_aaddr_add
                0x0000000000016955                uip_ds6_aaddr_rm
                0x0000000000016967                uip_ds6_aaddr_lookup
                0x00000000000169b2                uip_ds6_long_aaddr_lookup
                0x00000000000169fd                uip_ds6_select_src
                0x0000000000016c86                uip_ds6_set_addr_iid
                0x0000000000016cbd                get_match_length
                0x0000000000016d4f                uip_ds6_compute_reachable_time
 .text          0x0000000000016d9b     0x29f3 obj_cooja/mtype936.a(uip6.o)
                0x0000000000016d9b                uip_add32
                0x0000000000016f34                uip_chksum
                0x0000000000017022                uip_icmp6chksum
                0x0000000000017036                uip_tcpchksum
                0x000000000001704a                uip_udpchksum
                0x000000000001705e                uip_init
                0x000000000001712e                uip_connect
                0x00000000000172dd                remove_ext_hdr
                0x00000000000173b2                uip_udp_new
                0x000000000001750e                uip_unlisten
                0x000000000001756e                uip_listen
                0x0000000000017830                uip_process
                0x0000000000019682                uip_htons
                0x00000000000196a4                uip_htonl
                0x00000000000196e4                uip_send
 .text          0x000000000001978e      0xc2e obj_cooja/mtype936.a(tcpip.o)
                0x000000000001978e                tcpip_output
                0x00000000000197df                tcpip_set_outputfunc
                0x000000000001987f                tcp_connect
                0x00000000000198d4                tcp_unlisten
                0x000000000001992f                tcp_listen
                0x0000000000019988                tcp_attach
                0x00000000000199ad                udp_attach
                0x00000000000199d2                udp_new
                0x0000000000019a24                udp_broadcast_new
                0x0000000000019c98                tcpip_input
                0x0000000000019ccc                tcpip_ipv6_output
                0x000000000001a202                tcpip_poll_udp
                0x000000000001a225                tcpip_poll_tcp
                0x000000000001a248                tcpip_uipcall
 .text          0x000000000001a3bc      0x1c1 obj_cooja/mtype936.a(uip-debug.o)
                0x000000000001a3bc                uip_debug_ipaddr_print
                0x000000000001a51e                uip_debug_lladdr_print
 .text          0x000000000001a57d      0x141 obj_cooja/mtype936.a(uip-packetqueue)
                0x000000000001a5a9                uip_packetqueue_new
                0x000000000001a5b7                uip_packetqueue_alloc
                0x000000000001a617                uip_packetqueue_free
                0x000000000001a658                uip_packetqueue_buf
                0x000000000001a675                uip_packetqueue_buflen
                0x000000000001a696                uip_packetqueue_set_buflen
 .text          0x000000000001a6be     0x2633 obj_cooja/mtype936.a(rpl-dag.o)
                0x000000000001a6be                rpl_print_neighbor_list
                0x000000000001a767                rpl_print_child_neighbor_list
                0x000000000001a7dc                rpl_get_nbr
                0x000000000001a836                rpl_get_nbr_child
                0x000000000001a890                rpl_dag_init
                0x000000000001a8c2                rpl_get_parent
                0x000000000001a8e4                rpl_get_parent_rank
                0x000000000001a917                rpl_get_parent_link_metric
                0x000000000001a94a                rpl_get_parent_ipaddr
                0x000000000001a974                rpl_get_child_ipaddr
                0x000000000001ac8f                rpl_set_root
                0x000000000001aebd                rpl_repair_root
                0x000000000001b0f9                rpl_set_prefix
                0x000000000001b1f8                rpl_set_default_route
                0x000000000001b284                rpl_alloc_instance
                0x000000000001b317                rpl_alloc_dag
                0x000000000001b3ca                rpl_set_default_instance
                0x000000000001b3d7                rpl_get_default_instance
                0x000000000001b3e1                rpl_free_instance
                0x000000000001b492                rpl_free_dag
                0x000000000001b4f8                rpl_add_parent
                0x000000000001b60c                rpl_find_parent
                0x000000000001b63c                rpl_add_child
                0x000000000001b6e0                rpl_find_child
                0x000000000001b72e                rpl_find_parent_any_dag
                0x000000000001b76a                rpl_select_dag
                0x000000000001bbcd                rpl_select_parent
                0x000000000001bc2f                rpl_remove_parent
                0x000000000001bc7f                rpl_remove_child
                0x000000000001bc9b                rpl_nullify_parent
                0x000000000001bd39                rpl_move_parent
                0x000000000001bdd6                rpl_has_downward_route
                0x000000000001be29                rpl_get_any_dag
                0x000000000001be8b                rpl_get_instance
                0x000000000001beee                rpl_find_of
                0x000000000001bf2b                rpl_join_instance
                0x000000000001c1a6                rpl_add_dag
                0x000000000001c595                rpl_local_repair
                0x000000000001c66e                rpl_recalculate_ranks
                0x000000000001c6f4                rpl_process_parent_event
                0x000000000001c7a6                rpl_process_dio
 .text          0x000000000001ccf1      0xbf3 obj_cooja/mtype936.a(rpl-ext-header.)
                0x000000000001cd0e                rpl_verify_header
                0x000000000001d188                rpl_update_header_empty
                0x000000000001d49f                rpl_update_header_final
                0x000000000001d62e                rpl_remove_header
                0x000000000001d738                rpl_invert_header
                0x000000000001d8c2                rpl_insert_header
 .text          0x000000000001d8e4     0x22e1 obj_cooja/mtype936.a(rpl-icmp6.o)
                0x000000000001dbad                rpl_icmp6_update_nbr_table
                0x000000000001dc9d                dis_output
                0x000000000001e5d5                dio_output
                0x000000000001f730                dao_output
                0x000000000001f7f8                dao_output_target
                0x000000000001fb79                dao_ack_output
                0x000000000001fb8d                rpl_icmp6_register_handlers
 .text          0x000000000001fbc5      0x362 obj_cooja/mtype936.a(rpl-ltmax.o)
 .text          0x000000000001ff27      0x7b3 obj_cooja/mtype936.a(rpl-timers.o)
                0x000000000002016d                rpl_reset_periodic_timer
                0x00000000000201c2                rpl_reset_dio_timer
                0x00000000000203fc                rpl_schedule_dao
                0x0000000000020417                rpl_schedule_dao_immediately
                0x0000000000020432                rpl_cancel_dao
                0x0000000000020494                rpl_schedule_unicast_dio_immediately
                0x0000000000020682                rpl_schedule_probing
 .text          0x00000000000206da      0x5c5 obj_cooja/mtype936.a(rpl.o)
                0x00000000000206da                rpl_get_mode
                0x00000000000206e4                rpl_set_mode
                0x0000000000020772                rpl_purge_routes
                0x000000000002086c                rpl_remove_routes
                0x00000000000208b2                rpl_remove_routes_by_nexthop
                0x000000000002091e                rpl_add_route
                0x0000000000020999                rpl_link_neighbor_callback
                0x0000000000020a9e                rpl_ipv6_neighbor_callback
                0x0000000000020b0d                rpl_purge_dags
                0x0000000000020c19                rpl_init
 .text          0x0000000000020c9f      0x3f5 obj_cooja/mtype936.a(framer-802154.o)
 .text          0x0000000000021094       0x5e obj_cooja/mtype936.a(nullmac.o)
 .text          0x00000000000210f2      0xd6d obj_cooja/mtype936.a(cxmac.o)
                0x0000000000021daf                cxmac_set_announcement_radio_txpower
                0x0000000000021db4                cxmac_init
 .text          0x0000000000021e5f       0x82 obj_cooja/mtype936.a(linkaddr.o)
                0x0000000000021e5f                linkaddr_copy
                0x0000000000021e81                linkaddr_cmp
                0x0000000000021eab                linkaddr_set_node_addr
                0x0000000000021ec6                linkaddr_set_node_long_addr
 .text          0x0000000000021ee1      0x88c obj_cooja/mtype936.a(nbr-table.o)
                0x0000000000021ee1                lladdr_map_add_lr
                0x0000000000021f9e                lladdr_map_rm_lr
                0x0000000000022463                nbr_table_register
                0x00000000000224ab                nbr_table_head
                0x0000000000022507                nbr_table_next
                0x000000000002256e                nbr_table_add_lladdr
                0x000000000002264a                nbr_table_get_from_lladdr
                0x0000000000022697                nbr_table_remove
                0x00000000000226e9                nbr_table_lock
                0x0000000000022713                nbr_table_unlock
                0x000000000002273d                nbr_table_get_lladdr
 .text          0x000000000002276d       0x2b obj_cooja/mtype936.a(netstack.o)
                0x000000000002276d                netstack_init
 .text          0x0000000000022798      0x3cd obj_cooja/mtype936.a(packetbuf.o)
                0x0000000000022798                packetbuf_clear
                0x00000000000227c2                packetbuf_copyfrom
                0x0000000000022814                packetbuf_compact
                0x0000000000022891                packetbuf_copyto
                0x0000000000022928                packetbuf_hdralloc
                0x00000000000229a5                packetbuf_hdrreduce
                0x00000000000229ed                packetbuf_set_datalen
                0x0000000000022a06                packetbuf_dataptr
                0x0000000000022a23                packetbuf_hdrptr
                0x0000000000022a2d                packetbuf_datalen
                0x0000000000022a39                packetbuf_hdrlen
                0x0000000000022a50                packetbuf_totlen
                0x0000000000022a66                packetbuf_attr_clear
                0x0000000000022ab8                packetbuf_attr_copyto
                0x0000000000022b01                packetbuf_attr_copyfrom
                0x0000000000022b49                packetbuf_holds_broadcast
 .text          0x0000000000022b65      0x2b4 obj_cooja/mtype936.a(queuebuf.o)
                0x0000000000022b6f                queuebuf_init
                0x0000000000022b8f                queuebuf_numfree
                0x0000000000022ba3                queuebuf_new_from_packetbuf
                0x0000000000022c33                queuebuf_update_attr_from_packetbuf
                0x0000000000022c66                queuebuf_update_from_packetbuf
                0x0000000000022cb0                queuebuf_free
                0x0000000000022cf7                queuebuf_to_packetbuf
                0x0000000000022d5d                queuebuf_dataptr
                0x0000000000022d94                queuebuf_datalen
                0x0000000000022db7                queuebuf_addr
                0x0000000000022de9                queuebuf_attr
                0x0000000000022e14                queuebuf_debug_print
 .text          0x0000000000022e19       0x6e obj_cooja/mtype936.a(nullsec.o)
 .text          0x0000000000022e87       0x19 obj_cooja/mtype936.a(watchdog.o)
                0x0000000000022e87                watchdog_init
                0x0000000000022e8c                watchdog_start
                0x0000000000022e91                watchdog_periodic
                0x0000000000022e96                watchdog_stop
                0x0000000000022e9b                watchdog_reboot
 .text          0x0000000000022ea0        0x0 obj_cooja/mtype936.a(rimestats.o)
 .text          0x0000000000022ea0       0xa3 obj_cooja/mtype936.a(stimer.o)
                0x0000000000022ea0                stimer_set
                0x0000000000022ebb                stimer_reset
                0x0000000000022ed2                stimer_restart
                0x0000000000022ee4                stimer_expired
                0x0000000000022f0b                stimer_remaining
                0x0000000000022f2f                stimer_elapsed
 .text          0x0000000000022f43      0x1c1 obj_cooja/mtype936.a(memb.o)
                0x0000000000022f43                memb_init
                0x0000000000022fa1                memb_alloc
                0x0000000000023006                memb_free
                0x0000000000023081                memb_inmemb
                0x00000000000230c0                memb_numfree
 .text          0x0000000000023104      0x916 obj_cooja/mtype936.a(uip-ds6-route.o)
                0x000000000002317b                uip_ds6_notification_add
                0x00000000000231ac                uip_ds6_notification_rm
                0x00000000000231c8                uip_ds6_route_init
                0x0000000000023250                uip_ds6_route_nexthop
                0x0000000000023278                uip_ds6_route_head
                0x000000000002328d                uip_ds6_route_next
                0x00000000000232b3                uip_ds6_route_is_nexthop
                0x00000000000232f2                uip_ds6_route_num_routes
                0x00000000000232fc                uip_ds6_route_lookup
                0x00000000000233be                uip_ds6_route_add
                0x00000000000235f2                uip_ds6_route_rm
                0x0000000000023786                uip_ds6_route_rm_by_nexthop
                0x00000000000237be                uip_ds6_defrt_add
                0x000000000002386f                uip_ds6_defrt_rm
                0x00000000000238ee                uip_ds6_defrt_lookup
                0x0000000000023947                uip_ds6_defrt_choose
                0x00000000000239b2                uip_ds6_defrt_periodic
 .text          0x0000000000023a1a      0xab2 obj_cooja/mtype936.a(uip-icmp6.o)
                0x0000000000023a88                uip_icmp6_input
                0x0000000000023ade                uip_icmp6_register_input_handler
                0x0000000000023da6                uip_icmp6_error_output
                0x00000000000240eb                uip_icmp6_send
                0x000000000002445f                uip_icmp6_echo_reply_callback_add
                0x0000000000024490                uip_icmp6_echo_reply_callback_rm
                0x00000000000244ac                uip_icmp6_init
 .text          0x00000000000244cc      0x358 obj_cooja/mtype936.a(uip-nd6.o)
                0x0000000000024520                uip_nd6_ns_output
                0x000000000002481f                uip_nd6_init
 .text          0x0000000000024824      0x331 obj_cooja/mtype936.a(rpl-nbr-policy.)
                0x00000000000249fc                find_removable_dis
                0x0000000000024a1f                find_removable_dio
                0x0000000000024aae                find_removable_dao
                0x0000000000024afe                rpl_nbr_policy_find_removable
 .text          0x0000000000024b55      0x97c obj_cooja/mtype936.a(frame802154.o)
                0x0000000000024b86                frame802154_get_pan_id
                0x0000000000024b92                frame802154_set_pan_id
                0x0000000000024bab                frame802154_has_panid
                0x0000000000024c97                frame802154_check_dest_panid
                0x0000000000024cff                frame802154_is_broadcast_addr
                0x0000000000024d4c                frame802154_extract_linkaddr
                0x0000000000024f8c                frame802154_hdrlen
                0x0000000000024fdd                frame802154_create
                0x00000000000251c8                frame802154_parse
 .text          0x00000000000254d1       0x3c obj_cooja/mtype936.a(mac.o)
                0x00000000000254d1                mac_call_sent_callback
 .text          0x000000000002550d        0x0 /usr/lib/gcc/i686-linux-gnu/4.8/crtendS.o
 .text          0x000000000002550d        0x0 /usr/lib/gcc/i686-linux-gnu/4.8/../../../i386-linux-gnu/crtn.o
 *(.gnu.warning)

.fini           0x0000000000025510       0x14
 *(SORT(.fini))
 .fini          0x0000000000025510        0xf /usr/lib/gcc/i686-linux-gnu/4.8/../../../i386-linux-gnu/crti.o
                0x0000000000025510                _fini
 .fini          0x000000000002551f        0x5 /usr/lib/gcc/i686-linux-gnu/4.8/../../../i386-linux-gnu/crtn.o
                0x0000000000025524                PROVIDE (__etext, .)
                0x0000000000025524                PROVIDE (_etext, .)
                0x0000000000025524                PROVIDE (etext, .)

.rodata         0x0000000000025540      0x960
 *(.rodata .rodata.* .gnu.linkonce.r.*)
 .rodata        0x0000000000025540      0x148 udp-server.co
                0x0000000000025554                autostart_processes
 .rodata        0x0000000000025688      0x1e6 obj_cooja/mtype936.o
 *fill*         0x000000000002586e        0x2 
 .rodata        0x0000000000025870        0x8 obj_cooja/mtype936.a(beep.o)
                0x0000000000025870                beep_interface
 .rodata        0x0000000000025878       0x20 obj_cooja/mtype936.a(button-sensor.o)
                0x0000000000025878                button_interface
                0x0000000000025888                button_sensor
 .rodata        0x0000000000025898        0x8 obj_cooja/mtype936.a(leds-arch.o)
                0x0000000000025898                leds_interface
 .rodata        0x00000000000258a0        0x8 obj_cooja/mtype936.a(moteid.o)
                0x00000000000258a0                moteid_interface
 .rodata        0x00000000000258a8       0x1c obj_cooja/mtype936.a(pir-sensor.o)
                0x00000000000258a8                pir_interface
                0x00000000000258b4                pir_sensor
 .rodata        0x00000000000258c4        0xe obj_cooja/mtype936.a(rs232.o)
                0x00000000000258c4                rs232_interface
 *fill*         0x00000000000258d2        0x2 
 .rodata        0x00000000000258d4       0x24 obj_cooja/mtype936.a(vib-sensor.o)
                0x00000000000258d4                vib_interface
                0x00000000000258e8                vib_sensor
 .rodata        0x00000000000258f8        0x8 obj_cooja/mtype936.a(clock.o)
                0x00000000000258f8                clock_interface
 .rodata        0x0000000000025900        0x8 obj_cooja/mtype936.a(log.o)
                0x0000000000025900                simlog_interface
 .rodata        0x0000000000025908       0x2f obj_cooja/mtype936.a(cfs-cooja.o)
                0x0000000000025908                cfs_interface
 *fill*         0x0000000000025937        0x9 
 .rodata        0x0000000000025940       0x60 obj_cooja/mtype936.a(cooja-radio.o)
                0x0000000000025960                cooja_radio_driver
                0x0000000000025998                radio_interface
 .rodata        0x00000000000259a0        0x8 obj_cooja/mtype936.a(eeprom.o)
                0x00000000000259a0                eeprom_interface
 .rodata        0x00000000000259a8        0x8 obj_cooja/mtype936.a(sensors.o)
 .rodata        0x00000000000259b0       0x1c obj_cooja/mtype936.a(dual_conf.o)
 .rodata        0x00000000000259cc        0xf obj_cooja/mtype936.a(ctimer.o)
 .rodata        0x00000000000259db        0xc obj_cooja/mtype936.a(etimer.o)
 *fill*         0x00000000000259e7        0x1 
 .rodata        0x00000000000259e8       0x73 obj_cooja/mtype936.a(log_message.o)
 *fill*         0x0000000000025a5b        0x1 
 .rodata        0x0000000000025a5c       0x20 obj_cooja/mtype936.a(residual.o)
 .rodata        0x0000000000025a7c        0xe obj_cooja/mtype936.a(serial-line.o)
 *fill*         0x0000000000025a8a        0x2 
 .rodata        0x0000000000025a8c       0x2c obj_cooja/mtype936.a(sicslowpan.o)
                0x0000000000025a8c                unc_llconf
                0x0000000000025a90                unc_ctxconf
                0x0000000000025a94                unc_mxconf
                0x0000000000025a98                llprefix
                0x0000000000025aac                sicslowpan_driver
 .rodata        0x0000000000025ab8      0x13c obj_cooja/mtype936.a(uip6.o)
 .rodata        0x0000000000025bf4      0x15a obj_cooja/mtype936.a(tcpip.o)
 .rodata        0x0000000000025d4e       0x3e obj_cooja/mtype936.a(uip-debug.o)
 .rodata        0x0000000000025d8c       0x68 obj_cooja/mtype936.a(rpl-dag.o)
 .rodata        0x0000000000025df4        0xc obj_cooja/mtype936.a(framer-802154.o)
                0x0000000000025df4                framer_802154
 .rodata        0x0000000000025e00       0x24 obj_cooja/mtype936.a(nullmac.o)
                0x0000000000025e08                nullmac_driver
 *fill*         0x0000000000025e24       0x1c 
 .rodata        0x0000000000025e40       0x40 obj_cooja/mtype936.a(cxmac.o)
                0x0000000000025e60                cxmac_driver
 .rodata        0x0000000000025e80        0x8 obj_cooja/mtype936.a(linkaddr.o)
                0x0000000000025e80                linkaddr_null
 .rodata        0x0000000000025e88       0x18 obj_cooja/mtype936.a(nullsec.o)
                0x0000000000025e90                nullsec_driver

.rodata1
 *(.rodata1)

.eh_frame_hdr   0x0000000000025ea0     0x134c
 *(.eh_frame_hdr)
 .eh_frame_hdr  0x0000000000025ea0     0x134c udp-server.co

.eh_frame       0x00000000000271ec     0x4e70
 *(.eh_frame)
 .eh_frame      0x00000000000271ec       0x3c /usr/lib/gcc/i686-linux-gnu/4.8/../../../i386-linux-gnu/crti.o
                                         0x40 (size before relaxing)
 .eh_frame      0x0000000000027228       0x68 udp-server.co
                                         0x80 (size before relaxing)
 .eh_frame      0x0000000000027290      0x148 obj_cooja/mtype936.o
                                        0x160 (size before relaxing)
 .eh_frame      0x00000000000273d8       0x40 obj_cooja/mtype936.a(simEnvChange.o)
                                         0x58 (size before relaxing)
 .eh_frame      0x0000000000027418       0xc0 obj_cooja/mtype936.a(cooja_mt.o)
                                         0xd8 (size before relaxing)
 .eh_frame      0x00000000000274d8      0x120 obj_cooja/mtype936.a(cooja_mtarch.o)
                                        0x138 (size before relaxing)
 .eh_frame      0x00000000000275f8       0xc0 obj_cooja/mtype936.a(rtimer-arch.o)
                                         0xd8 (size before relaxing)
 .eh_frame      0x00000000000276b8      0x160 obj_cooja/mtype936.a(beep.o)
                                        0x178 (size before relaxing)
 .eh_frame      0x0000000000027818       0xa0 obj_cooja/mtype936.a(button-sensor.o)
                                         0xb8 (size before relaxing)
 .eh_frame      0x00000000000278b8       0xa0 obj_cooja/mtype936.a(leds-arch.o)
                                         0xb8 (size before relaxing)
 .eh_frame      0x0000000000027958       0x40 obj_cooja/mtype936.a(moteid.o)
                                         0x58 (size before relaxing)
 .eh_frame      0x0000000000027998       0xa0 obj_cooja/mtype936.a(pir-sensor.o)
                                         0xb8 (size before relaxing)
 .eh_frame      0x0000000000027a38      0x100 obj_cooja/mtype936.a(rs232.o)
                                        0x118 (size before relaxing)
 .eh_frame      0x0000000000027b38       0xa0 obj_cooja/mtype936.a(vib-sensor.o)
                                         0xb8 (size before relaxing)
 .eh_frame      0x0000000000027bd8       0xc0 obj_cooja/mtype936.a(clock.o)
                                         0xd8 (size before relaxing)
 .eh_frame      0x0000000000027c98      0x120 obj_cooja/mtype936.a(log.o)
                                        0x138 (size before relaxing)
 .eh_frame      0x0000000000027db8      0x160 obj_cooja/mtype936.a(cfs-cooja.o)
                                        0x178 (size before relaxing)
 .eh_frame      0x0000000000027f18      0x2e0 obj_cooja/mtype936.a(cooja-radio.o)
                                        0x2f8 (size before relaxing)
 .eh_frame      0x00000000000281f8       0xa0 obj_cooja/mtype936.a(eeprom.o)
                                         0xb8 (size before relaxing)
 .eh_frame      0x0000000000028298       0x40 obj_cooja/mtype936.a(random.o)
                                         0x58 (size before relaxing)
 .eh_frame      0x00000000000282d8       0xc0 obj_cooja/mtype936.a(sensors.o)
                                         0xd8 (size before relaxing)
 .eh_frame      0x0000000000028398      0x160 obj_cooja/mtype936.a(dual_conf.o)
                                        0x178 (size before relaxing)
 .eh_frame      0x00000000000284f8       0x40 obj_cooja/mtype936.a(autostart.o)
                                         0x58 (size before relaxing)
 .eh_frame      0x0000000000028538      0x100 obj_cooja/mtype936.a(ctimer.o)
                                        0x118 (size before relaxing)
 .eh_frame      0x0000000000028638      0x1e0 obj_cooja/mtype936.a(etimer.o)
                                        0x1f8 (size before relaxing)
 .eh_frame      0x0000000000028818       0x40 obj_cooja/mtype936.a(log_message.o)
                                         0x58 (size before relaxing)
 .eh_frame      0x0000000000028858      0x1c8 obj_cooja/mtype936.a(process.o)
                                        0x1e0 (size before relaxing)
 .eh_frame      0x0000000000028a20       0x2c obj_cooja/mtype936.a(residual.o)
                                         0x44 (size before relaxing)
 .eh_frame      0x0000000000028a4c       0x60 obj_cooja/mtype936.a(rtimer.o)
                                         0x78 (size before relaxing)
 .eh_frame      0x0000000000028aac       0xa4 obj_cooja/mtype936.a(timer.o)
                                         0xbc (size before relaxing)
 .eh_frame      0x0000000000028b50       0x60 obj_cooja/mtype936.a(serial-line.o)
                                         0x78 (size before relaxing)
 .eh_frame      0x0000000000028bb0      0x180 obj_cooja/mtype936.a(list.o)
                                        0x198 (size before relaxing)
 .eh_frame      0x0000000000028d30       0xa0 obj_cooja/mtype936.a(ringbuf.o)
                                         0xb8 (size before relaxing)
 .eh_frame      0x0000000000028dd0      0x350 obj_cooja/mtype936.a(sicslowpan.o)
                                        0x368 (size before relaxing)
 .eh_frame      0x0000000000029120      0x180 obj_cooja/mtype936.a(uip-ds6-nbr.o)
                                        0x198 (size before relaxing)
 .eh_frame      0x00000000000292a0      0x3c8 obj_cooja/mtype936.a(uip-ds6.o)
                                        0x3e0 (size before relaxing)
 .eh_frame      0x0000000000029668      0x27c obj_cooja/mtype936.a(uip6.o)
                                        0x294 (size before relaxing)
 .eh_frame      0x00000000000298e4      0x270 obj_cooja/mtype936.a(tcpip.o)
                                        0x288 (size before relaxing)
 .eh_frame      0x0000000000029b54       0x48 obj_cooja/mtype936.a(uip-debug.o)
                                         0x60 (size before relaxing)
 .eh_frame      0x0000000000029b9c       0xe0 obj_cooja/mtype936.a(uip-packetqueue)
                                         0xf8 (size before relaxing)
 .eh_frame      0x0000000000029c7c      0x74c obj_cooja/mtype936.a(rpl-dag.o)
                                        0x764 (size before relaxing)
 .eh_frame      0x000000000002a3c8      0x10c obj_cooja/mtype936.a(rpl-ext-header.)
                                        0x124 (size before relaxing)
 .eh_frame      0x000000000002a4d4      0x2b8 obj_cooja/mtype936.a(rpl-icmp6.o)
                                        0x2d0 (size before relaxing)
 .eh_frame      0x000000000002a78c       0xe0 obj_cooja/mtype936.a(rpl-ltmax.o)
                                         0xf8 (size before relaxing)
 .eh_frame      0x000000000002a86c      0x20c obj_cooja/mtype936.a(rpl-timers.o)
                                        0x224 (size before relaxing)
 .eh_frame      0x000000000002aa78      0x148 obj_cooja/mtype936.a(rpl.o)
                                        0x160 (size before relaxing)
 .eh_frame      0x000000000002abc0      0x108 obj_cooja/mtype936.a(framer-802154.o)
                                        0x120 (size before relaxing)
 .eh_frame      0x000000000002acc8       0xc0 obj_cooja/mtype936.a(nullmac.o)
                                         0xd8 (size before relaxing)
 .eh_frame      0x000000000002ad88      0x29c obj_cooja/mtype936.a(cxmac.o)
                                        0x2b4 (size before relaxing)
 .eh_frame      0x000000000002b024       0x80 obj_cooja/mtype936.a(linkaddr.o)
                                         0x98 (size before relaxing)
 .eh_frame      0x000000000002b0a4      0x2ac obj_cooja/mtype936.a(nbr-table.o)
                                        0x2c4 (size before relaxing)
 .eh_frame      0x000000000002b350       0x20 obj_cooja/mtype936.a(netstack.o)
                                         0x38 (size before relaxing)
 .eh_frame      0x000000000002b370      0x214 obj_cooja/mtype936.a(packetbuf.o)
                                        0x22c (size before relaxing)
 .eh_frame      0x000000000002b584      0x1a0 obj_cooja/mtype936.a(queuebuf.o)
                                        0x1b8 (size before relaxing)
 .eh_frame      0x000000000002b724       0x80 obj_cooja/mtype936.a(nullsec.o)
                                         0x98 (size before relaxing)
 .eh_frame      0x000000000002b7a4       0xa0 obj_cooja/mtype936.a(watchdog.o)
                                         0xb8 (size before relaxing)
 .eh_frame      0x000000000002b844       0xc4 obj_cooja/mtype936.a(stimer.o)
                                         0xdc (size before relaxing)
 .eh_frame      0x000000000002b908       0xa0 obj_cooja/mtype936.a(memb.o)
                                         0xb8 (size before relaxing)
 .eh_frame      0x000000000002b9a8      0x2a0 obj_cooja/mtype936.a(uip-ds6-route.o)
                                        0x2b8 (size before relaxing)
 .eh_frame      0x000000000002bc48      0x164 obj_cooja/mtype936.a(uip-icmp6.o)
                                        0x17c (size before relaxing)
 .eh_frame      0x000000000002bdac       0x68 obj_cooja/mtype936.a(uip-nd6.o)
                                         0x80 (size before relaxing)
 .eh_frame      0x000000000002be14       0xc0 obj_cooja/mtype936.a(rpl-nbr-policy.)
                                         0xd8 (size before relaxing)
 .eh_frame      0x000000000002bed4      0x164 obj_cooja/mtype936.a(frame802154.o)
                                        0x17c (size before relaxing)
 .eh_frame      0x000000000002c038       0x20 obj_cooja/mtype936.a(mac.o)
                                         0x38 (size before relaxing)
 .eh_frame      0x000000000002c058        0x4 /usr/lib/gcc/i686-linux-gnu/4.8/crtendS.o

.gcc_except_table
 *(.gcc_except_table .gcc_except_table.*)

.exception_ranges
 *(.exception_ranges .exception_ranges*)
                0x000000000002c05c                . = (ALIGN (0x1000) - ((0x1000 - .) & 0xfff))
                0x000000000002def8                . = DATA_SEGMENT_ALIGN (0x1000, 0x1000)

.eh_frame
 *(.eh_frame)

.gcc_except_table
 *(.gcc_except_table .gcc_except_table.*)

.exception_ranges
 *(.exception_ranges .exception_ranges*)

.tdata
 *(.tdata .tdata.* .gnu.linkonce.td.*)

.tbss
 *(.tbss .tbss.* .gnu.linkonce.tb.*)
 *(.tcommon)

.preinit_array
 *(.preinit_array)

.init_array     0x000000000002def8        0x4
 *(SORT(.init_array.*) SORT(.ctors.*))
 *(.init_array EXCLUDE_FILE(*crtend?.o *crtend.o *crtbegin?.o *crtbegin.o) .ctors)
 .init_array    0x000000000002def8        0x4 /usr/lib/gcc/i686-linux-gnu/4.8/crtbeginS.o

.fini_array     0x000000000002defc        0x4
 *(SORT(.fini_array.*) SORT(.dtors.*))
 *(.fini_array EXCLUDE_FILE(*crtend?.o *crtend.o *crtbegin?.o *crtbegin.o) .dtors)
 .fini_array    0x000000000002defc        0x4 /usr/lib/gcc/i686-linux-gnu/4.8/crtbeginS.o

.ctors
 *crtbegin.o(.ctors)
 *crtbegin?.o(.ctors)
 *(EXCLUDE_FILE(*crtend?.o *crtend.o) .ctors)
 *(SORT(.ctors.*))
 *(.ctors)

.dtors
 *crtbegin.o(.dtors)
 *crtbegin?.o(.dtors)
 *(EXCLUDE_FILE(*crtend?.o *crtend.o) .dtors)
 *(SORT(.dtors.*))
 *(.dtors)

.jcr            0x000000000002df00        0x4
 *(.jcr)
 .jcr           0x000000000002df00        0x0 /usr/lib/gcc/i686-linux-gnu/4.8/crtbeginS.o
 .jcr           0x000000000002df00        0x4 /usr/lib/gcc/i686-linux-gnu/4.8/crtendS.o

.data.rel.ro
 *(.data.rel.ro.local* .gnu.linkonce.d.rel.ro.local.*)
 *(.data.rel.ro .data.rel.ro.* .gnu.linkonce.d.rel.ro.*)

.dynamic        0x000000000002df04       0xe8
 *(.dynamic)
 .dynamic       0x000000000002df04       0xe8 /usr/lib/gcc/i686-linux-gnu/4.8/../../../i386-linux-gnu/crti.o
                0x000000000002df04                _DYNAMIC

.got            0x000000000002dfec       0x14
 *(.got)
 .got           0x000000000002dfec       0x14 /usr/lib/gcc/i686-linux-gnu/4.8/../../../i386-linux-gnu/crti.o
 *(.igot)
                0x000000000002eff4                . = DATA_SEGMENT_RELRO_END (., (SIZEOF (.got.plt) >= 0xc)?0xc:0x0)

.got.plt        0x000000000002e000       0x14
 *(.got.plt)
 .got.plt       0x000000000002e000       0x14 /usr/lib/gcc/i686-linux-gnu/4.8/../../../i386-linux-gnu/crti.o
                0x000000000002e000                _GLOBAL_OFFSET_TABLE_
 *(.igot.plt)

.data           0x000000000002e020      0x266
 *(.data .data.* .gnu.linkonce.d.*)
 .data          0x000000000002e020        0x0 /usr/lib/gcc/i686-linux-gnu/4.8/../../../i386-linux-gnu/crti.o
 .data          0x000000000002e020        0x0 /usr/lib/gcc/i686-linux-gnu/4.8/crtbeginS.o
 .data.rel      0x000000000002e020        0x4 /usr/lib/gcc/i686-linux-gnu/4.8/crtbeginS.o
                0x000000000002e020                __dso_handle
 .data          0x000000000002e024       0x10 udp-server.co
                0x000000000002e024                udp_server_process
 *fill*         0x000000000002e034        0xc 
 .data          0x000000000002e040       0x44 obj_cooja/mtype936.o
                0x000000000002e040                simInterfaces
                0x000000000002e074                sensors
 .data          0x000000000002e084        0x0 obj_cooja/mtype936.a(simEnvChange.o)
 .data          0x000000000002e084        0x0 obj_cooja/mtype936.a(cooja_mt.o)
 .data          0x000000000002e084        0x0 obj_cooja/mtype936.a(cooja_mtarch.o)
 .data          0x000000000002e084        0x0 obj_cooja/mtype936.a(rtimer-arch.o)
 .data          0x000000000002e084        0x0 obj_cooja/mtype936.a(beep.o)
 .data          0x000000000002e084        0x0 obj_cooja/mtype936.a(button-sensor.o)
 .data          0x000000000002e084        0x0 obj_cooja/mtype936.a(leds-arch.o)
 .data          0x000000000002e084        0x0 obj_cooja/mtype936.a(moteid.o)
 .data          0x000000000002e084        0x0 obj_cooja/mtype936.a(pir-sensor.o)
 .data          0x000000000002e084        0x0 obj_cooja/mtype936.a(rs232.o)
 .data          0x000000000002e084        0x0 obj_cooja/mtype936.a(vib-sensor.o)
 .data          0x000000000002e084        0x0 obj_cooja/mtype936.a(clock.o)
 .data          0x000000000002e084        0x0 obj_cooja/mtype936.a(log.o)
 .data          0x000000000002e084        0x0 obj_cooja/mtype936.a(cfs-cooja.o)
 .data          0x000000000002e084       0x40 obj_cooja/mtype936.a(cooja-radio.o)
                0x000000000002e084                simRadioChannelLR
                0x000000000002e088                simRadioHWOnLR
                0x000000000002e08c                simSignalStrengthLR
                0x000000000002e090                simLastSignalStrengthLR
                0x000000000002e094                simPowerLR
                0x000000000002e098                simLQILR
                0x000000000002e09c                simRadioChannel
                0x000000000002e0a0                simRadioHWOn
                0x000000000002e0a4                simSignalStrength
                0x000000000002e0a8                simLastSignalStrength
                0x000000000002e0ac                simPower
                0x000000000002e0b0                simLQI
                0x000000000002e0b4                cooja_radio_process
 .data          0x000000000002e0c4        0x0 obj_cooja/mtype936.a(eeprom.o)
 .data          0x000000000002e0c4        0x0 obj_cooja/mtype936.a(random.o)
 .data          0x000000000002e0c4       0x10 obj_cooja/mtype936.a(sensors.o)
                0x000000000002e0c4                sensors_process
 .data          0x000000000002e0d4       0x24 obj_cooja/mtype936.a(dual_conf.o)
                0x000000000002e0d4                radio_received
                0x000000000002e0d8                dual_dio_broadcast
                0x000000000002e0e8                dual_dis_broadcast
 .data          0x000000000002e0f8        0x0 obj_cooja/mtype936.a(autostart.o)
 .data          0x000000000002e0f8       0x14 obj_cooja/mtype936.a(ctimer.o)
                0x000000000002e0fc                ctimer_process
 .data          0x000000000002e10c       0x10 obj_cooja/mtype936.a(etimer.o)
                0x000000000002e10c                etimer_process
 .data          0x000000000002e11c        0x0 obj_cooja/mtype936.a(log_message.o)
 .data          0x000000000002e11c        0x0 obj_cooja/mtype936.a(process.o)
 .data          0x000000000002e11c        0x0 obj_cooja/mtype936.a(residual.o)
 .data          0x000000000002e11c        0x0 obj_cooja/mtype936.a(rtimer.o)
 .data          0x000000000002e11c        0x0 obj_cooja/mtype936.a(timer.o)
 .data          0x000000000002e11c       0x10 obj_cooja/mtype936.a(serial-line.o)
                0x000000000002e11c                serial_line_process
 .data          0x000000000002e12c        0x0 obj_cooja/mtype936.a(list.o)
 .data          0x000000000002e12c        0x0 obj_cooja/mtype936.a(ringbuf.o)
 .data          0x000000000002e12c        0x0 obj_cooja/mtype936.a(sicslowpan.o)
 .data          0x000000000002e12c       0x14 obj_cooja/mtype936.a(uip-ds6-nbr.o)
                0x000000000002e13c                ds6_neighbors
 .data          0x000000000002e140        0x0 obj_cooja/mtype936.a(uip-ds6.o)
 .data          0x000000000002e140        0x0 obj_cooja/mtype936.a(uip6.o)
 .data          0x000000000002e140       0x10 obj_cooja/mtype936.a(tcpip.o)
                0x000000000002e140                tcpip_process
 .data          0x000000000002e150        0x0 obj_cooja/mtype936.a(uip-debug.o)
 .data          0x000000000002e150        0xc obj_cooja/mtype936.a(uip-packetqueue)
 .data          0x000000000002e15c       0x28 obj_cooja/mtype936.a(rpl-dag.o)
                0x000000000002e16c                rpl_parents
                0x000000000002e180                rpl_children
 .data          0x000000000002e184        0x0 obj_cooja/mtype936.a(rpl-ext-header.)
 .data          0x000000000002e184       0x34 obj_cooja/mtype936.a(rpl-icmp6.o)
 .data          0x000000000002e1b8       0x1c obj_cooja/mtype936.a(rpl-ltmax.o)
                0x000000000002e1b8                rpl_ltmax_of
 .data          0x000000000002e1d4        0x0 obj_cooja/mtype936.a(rpl-timers.o)
 .data          0x000000000002e1d4        0x0 obj_cooja/mtype936.a(rpl.o)
 .data          0x000000000002e1d4        0x0 obj_cooja/mtype936.a(framer-802154.o)
 .data          0x000000000002e1d4        0x0 obj_cooja/mtype936.a(nullmac.o)
 .data          0x000000000002e1d4       0x20 obj_cooja/mtype936.a(cxmac.o)
                0x000000000002e1d4                cxmac_config
 .data          0x000000000002e1f4        0x0 obj_cooja/mtype936.a(linkaddr.o)
 .data          0x000000000002e1f4       0x10 obj_cooja/mtype936.a(nbr-table.o)
 .data          0x000000000002e204        0x0 obj_cooja/mtype936.a(netstack.o)
 .data          0x000000000002e204        0x4 obj_cooja/mtype936.a(packetbuf.o)
 .data          0x000000000002e208       0x18 obj_cooja/mtype936.a(queuebuf.o)
 .data          0x000000000002e220        0x0 obj_cooja/mtype936.a(nullsec.o)
 .data          0x000000000002e220        0x0 obj_cooja/mtype936.a(watchdog.o)
 .data          0x000000000002e220        0x0 obj_cooja/mtype936.a(rimestats.o)
 .data          0x000000000002e220        0x0 obj_cooja/mtype936.a(stimer.o)
 .data          0x000000000002e220        0x0 obj_cooja/mtype936.a(memb.o)
 .data          0x000000000002e220       0x44 obj_cooja/mtype936.a(uip-ds6-route.o)
                0x000000000002e230                nbr_routes
 .data          0x000000000002e264       0x20 obj_cooja/mtype936.a(uip-icmp6.o)
 .data          0x000000000002e284        0x0 obj_cooja/mtype936.a(uip-nd6.o)
 .data          0x000000000002e284        0x0 obj_cooja/mtype936.a(rpl-nbr-policy.)
 .data          0x000000000002e284        0x2 obj_cooja/mtype936.a(frame802154.o)
 .data          0x000000000002e286        0x0 obj_cooja/mtype936.a(mac.o)
 .data          0x000000000002e286        0x0 /usr/lib/gcc/i686-linux-gnu/4.8/crtendS.o
 .data          0x000000000002e286        0x0 /usr/lib/gcc/i686-linux-gnu/4.8/../../../i386-linux-gnu/crtn.o

.tm_clone_table
                0x000000000002e288        0x0
 .tm_clone_table
                0x000000000002e288        0x0 /usr/lib/gcc/i686-linux-gnu/4.8/crtbeginS.o
 .tm_clone_table
                0x000000000002e288        0x0 /usr/lib/gcc/i686-linux-gnu/4.8/crtendS.o

.data1
 *(.data1)
                0x000000000002e288                _edata = .
                0x000000000002e288                PROVIDE (edata, .)
                0x000000000002e288                . = .
                0x000000000002e288                __bss_start = .

.bss            0x000000000002e2a0     0x88c8
 *(.dynbss)
 .dynbss        0x0000000000000000        0x0 /usr/lib/gcc/i686-linux-gnu/4.8/../../../i386-linux-gnu/crti.o
 *(.bss .bss.* .gnu.linkonce.b.*)
 .bss           0x000000000002e2a0        0x0 /usr/lib/gcc/i686-linux-gnu/4.8/../../../i386-linux-gnu/crti.o
 .bss           0x000000000002e2a0        0x1 /usr/lib/gcc/i686-linux-gnu/4.8/crtbeginS.o
 *fill*         0x000000000002e2a1        0x3 
 .bss           0x000000000002e2a4        0x8 udp-server.co
                0x000000000002e2a4                my_weight
 *fill*         0x000000000002e2ac       0x14 
 .bss           0x000000000002e2c0     0x2030 obj_cooja/mtype936.o
 .bss           0x00000000000302f0        0x1 obj_cooja/mtype936.a(simEnvChange.o)
                0x00000000000302f0                simDontFallAsleep
 *fill*         0x00000000000302f1        0x3 
 .bss           0x00000000000302f4        0x4 obj_cooja/mtype936.a(cooja_mt.o)
 .bss           0x00000000000302f8        0x4 obj_cooja/mtype936.a(cooja_mtarch.o)
 .bss           0x00000000000302fc        0xc obj_cooja/mtype936.a(rtimer-arch.o)
 .bss           0x0000000000030308        0x0 obj_cooja/mtype936.a(beep.o)
 .bss           0x0000000000030308        0x8 obj_cooja/mtype936.a(button-sensor.o)
 .bss           0x0000000000030310        0x0 obj_cooja/mtype936.a(leds-arch.o)
 .bss           0x0000000000030310        0x0 obj_cooja/mtype936.a(moteid.o)
 .bss           0x0000000000030310        0x1 obj_cooja/mtype936.a(pir-sensor.o)
                0x0000000000030310                simPirValue
 *fill*         0x0000000000030311        0x3 
 .bss           0x0000000000030314        0x4 obj_cooja/mtype936.a(rs232.o)
 .bss           0x0000000000030318        0x1 obj_cooja/mtype936.a(vib-sensor.o)
                0x0000000000030318                simVibValue
 .bss           0x0000000000030319        0x0 obj_cooja/mtype936.a(clock.o)
 *fill*         0x0000000000030319        0x7 
 .bss           0x0000000000030320      0x420 obj_cooja/mtype936.a(log.o)
 .bss           0x0000000000030740      0xfc0 obj_cooja/mtype936.a(cfs-cooja.o)
                0x0000000000030740                simCFSData
                0x00000000000316e0                simCFSSize
                0x00000000000316e4                simCFSChanged
                0x00000000000316e8                simCFSRead
                0x00000000000316ec                simCFSWritten
 .bss           0x0000000000031700       0x24 obj_cooja/mtype936.a(cooja-radio.o)
                0x0000000000031700                simReceivingLR
                0x0000000000031704                simInSizeLR
                0x0000000000031708                simOutSizeLR
                0x000000000003170c                simReceiving
                0x0000000000031710                simInSize
                0x0000000000031714                simOutSize
                0x0000000000031718                LongRangeTransmit
                0x000000000003171c                LongRangeReceiving
 .bss           0x0000000000031724        0xc obj_cooja/mtype936.a(eeprom.o)
                0x0000000000031724                simEEPROMChanged
                0x0000000000031728                simEEPROMRead
                0x000000000003172c                simEEPROMWritten
 .bss           0x0000000000031730        0x0 obj_cooja/mtype936.a(random.o)
 .bss           0x0000000000031730        0xc obj_cooja/mtype936.a(sensors.o)
 .bss           0x000000000003173c       0x28 obj_cooja/mtype936.a(dual_conf.o)
                0x000000000003173c                long_range_radio
 .bss           0x0000000000031764        0x0 obj_cooja/mtype936.a(autostart.o)
 .bss           0x0000000000031764        0x5 obj_cooja/mtype936.a(ctimer.o)
 *fill*         0x0000000000031769        0x3 
 .bss           0x000000000003176c        0x8 obj_cooja/mtype936.a(etimer.o)
 .bss           0x0000000000031774        0x0 obj_cooja/mtype936.a(log_message.o)
 *fill*         0x0000000000031774        0xc 
 .bss           0x0000000000031780      0x1b1 obj_cooja/mtype936.a(process.o)
                0x0000000000031780                process_list
                0x0000000000031784                process_current
 .bss           0x0000000000031931        0x0 obj_cooja/mtype936.a(residual.o)
 *fill*         0x0000000000031931        0x3 
 .bss           0x0000000000031934        0x4 obj_cooja/mtype936.a(rtimer.o)
 .bss           0x0000000000031938        0x0 obj_cooja/mtype936.a(timer.o)
 *fill*         0x0000000000031938        0x8 
 .bss           0x0000000000031940      0x140 obj_cooja/mtype936.a(serial-line.o)
 .bss           0x0000000000031a80        0x0 obj_cooja/mtype936.a(list.o)
 .bss           0x0000000000031a80        0x0 obj_cooja/mtype936.a(ringbuf.o)
 .bss           0x0000000000031a80      0x70c obj_cooja/mtype936.a(sicslowpan.o)
 *fill*         0x000000000003218c       0x14 
 .bss           0x00000000000321a0      0x2d0 obj_cooja/mtype936.a(uip-ds6-nbr.o)
 .bss           0x0000000000032470       0x30 obj_cooja/mtype936.a(uip-ds6.o)
 .bss           0x00000000000324a0        0xe obj_cooja/mtype936.a(uip6.o)
                0x00000000000324a0                uip_ext_bitmap
                0x00000000000324a1                uip_ext_len
                0x00000000000324a2                uip_ext_opt_offset
 *fill*         0x00000000000324ae       0x12 
 .bss           0x00000000000324c0       0x6b obj_cooja/mtype936.a(tcpip.o)
 .bss           0x000000000003252b        0x0 obj_cooja/mtype936.a(uip-debug.o)
 *fill*         0x000000000003252b       0x15 
 .bss           0x0000000000032540      0xcf8 obj_cooja/mtype936.a(uip-packetqueue)
 *fill*         0x0000000000033238        0x8 
 .bss           0x0000000000033240      0x1fe obj_cooja/mtype936.a(rpl-dag.o)
 .bss           0x000000000003343e        0x0 obj_cooja/mtype936.a(rpl-ext-header.)
 .bss           0x000000000003343e        0x0 obj_cooja/mtype936.a(rpl-icmp6.o)
 .bss           0x000000000003343e        0x0 obj_cooja/mtype936.a(rpl-ltmax.o)
 *fill*         0x000000000003343e        0x2 
 .bss           0x0000000000033440       0x23 obj_cooja/mtype936.a(rpl-timers.o)
 *fill*         0x0000000000033463        0x1 
 .bss           0x0000000000033464        0x4 obj_cooja/mtype936.a(rpl.o)
 .bss           0x0000000000033468        0x2 obj_cooja/mtype936.a(framer-802154.o)
 .bss           0x000000000003346a        0x0 obj_cooja/mtype936.a(nullmac.o)
 *fill*         0x000000000003346a       0x16 
 .bss           0x0000000000033480       0xa0 obj_cooja/mtype936.a(cxmac.o)
 .bss           0x0000000000033520        0x0 obj_cooja/mtype936.a(linkaddr.o)
 .bss           0x0000000000033520      0x20c obj_cooja/mtype936.a(nbr-table.o)
 .bss           0x000000000003372c        0x0 obj_cooja/mtype936.a(netstack.o)
 *fill*         0x000000000003372c       0x14 
 .bss           0x0000000000033740       0xa0 obj_cooja/mtype936.a(packetbuf.o)
 .bss           0x00000000000337e0      0xb80 obj_cooja/mtype936.a(queuebuf.o)
 .bss           0x0000000000034360        0x0 obj_cooja/mtype936.a(nullsec.o)
 .bss           0x0000000000034360        0x0 obj_cooja/mtype936.a(watchdog.o)
 .bss           0x0000000000034360        0x0 obj_cooja/mtype936.a(rimestats.o)
 .bss           0x0000000000034360        0x0 obj_cooja/mtype936.a(stimer.o)
 .bss           0x0000000000034360        0x0 obj_cooja/mtype936.a(memb.o)
 .bss           0x0000000000034360      0x568 obj_cooja/mtype936.a(uip-ds6-route.o)
 .bss           0x00000000000348c8       0x18 obj_cooja/mtype936.a(uip-icmp6.o)
 .bss           0x00000000000348e0        0x0 obj_cooja/mtype936.a(uip-nd6.o)
 .bss           0x00000000000348e0       0x44 obj_cooja/mtype936.a(rpl-nbr-policy.)
 .bss           0x0000000000034924        0x0 obj_cooja/mtype936.a(frame802154.o)
 .bss           0x0000000000034924        0x0 obj_cooja/mtype936.a(mac.o)
 .bss           0x0000000000034924        0x0 /usr/lib/gcc/i686-linux-gnu/4.8/crtendS.o
 .bss           0x0000000000034924        0x0 /usr/lib/gcc/i686-linux-gnu/4.8/../../../i386-linux-gnu/crtn.o
 *(COMMON)
 COMMON         0x0000000000034924        0x2 udp-server.co
                0x0000000000034924                my_sink_reachability
                0x0000000000034925                my_parent_number
 *fill*         0x0000000000034926        0x2 
 COMMON         0x0000000000034928       0x4c obj_cooja/mtype936.o
                0x0000000000034928                dio_count
                0x000000000003492c                dis_count
                0x0000000000034930                collision_count
                0x0000000000034934                transmission_count
                0x0000000000034938                COOJA_radioRxLong
                0x000000000003493c                control_message_count
                0x0000000000034940                dao_count
                0x0000000000034944                COOJA_radioTx
                0x0000000000034948                referenceVar
                0x000000000003494c                data_relay_count
                0x0000000000034950                data_message_count
                0x0000000000034954                COOJA_radioTxLong
                0x0000000000034958                COOJA_radioRx
                0x000000000003495c                debugfp
                0x0000000000034960                COOJA_radioOn
                0x0000000000034964                COOJA_duration
                0x0000000000034968                dio_ack_count
                0x000000000003496c                COOJA_radioOnLong
                0x0000000000034970                sensors_flags
 COMMON         0x0000000000034974        0xc obj_cooja/mtype936.a(simEnvChange.o)
                0x0000000000034974                simEtimerPending
                0x0000000000034978                simProcessRunValue
                0x000000000003497c                simNextExpirationTime
 COMMON         0x0000000000034980        0x1 obj_cooja/mtype936.a(beep.o)
                0x0000000000034980                simBeeped
 COMMON         0x0000000000034981        0x3 obj_cooja/mtype936.a(button-sensor.o)
                0x0000000000034981                simButtonIsActive
                0x0000000000034982                simButtonIsDown
                0x0000000000034983                simButtonChanged
 COMMON         0x0000000000034984        0x1 obj_cooja/mtype936.a(leds-arch.o)
                0x0000000000034984                simLedsValue
 *fill*         0x0000000000034985        0x3 
 COMMON         0x0000000000034988        0xc obj_cooja/mtype936.a(moteid.o)
                0x0000000000034988                simRandomSeed
                0x000000000003498c                simMoteIDChanged
                0x0000000000034990                simMoteID
 COMMON         0x0000000000034994        0x2 obj_cooja/mtype936.a(pir-sensor.o)
                0x0000000000034994                simPirIsActive
                0x0000000000034995                simPirChanged
 *fill*         0x0000000000034996        0xa 
 COMMON         0x00000000000349a0      0x820 obj_cooja/mtype936.a(rs232.o)
                0x00000000000349a0                simSerialReceivingFlag
                0x00000000000349a4                simSerialReceivingLength
                0x00000000000349c0                simSerialReceivingData
 COMMON         0x00000000000351c0        0x2 obj_cooja/mtype936.a(vib-sensor.o)
                0x00000000000351c0                simVibChanged
                0x00000000000351c1                simVibIsActive
 *fill*         0x00000000000351c2        0x2 
 COMMON         0x00000000000351c4        0x4 obj_cooja/mtype936.a(clock.o)
                0x00000000000351c4                simCurrentTime
 *fill*         0x00000000000351c8       0x18 
 COMMON         0x00000000000351e0      0x420 obj_cooja/mtype936.a(log.o)
                0x00000000000351e0                simLoggedLength
                0x00000000000351e4                simLoggedFlag
                0x0000000000035200                simLoggedData
 COMMON         0x0000000000035600      0x240 obj_cooja/mtype936.a(cooja-radio.o)
                0x0000000000035600                simOutDataBuffer
                0x0000000000035680                simRadioTarget
                0x00000000000356a0                simInDataBufferLR
                0x0000000000035720                simOutDataBufferLR
                0x00000000000357a0                dual_duty_cycle_count
                0x00000000000357c0                simInDataBuffer
 COMMON         0x0000000000035840      0x400 obj_cooja/mtype936.a(eeprom.o)
                0x0000000000035840                simEEPROMData
 COMMON         0x0000000000035c40        0x1 obj_cooja/mtype936.a(sensors.o)
                0x0000000000035c40                sensors_event
 *fill*         0x0000000000035c41        0x3 
 COMMON         0x0000000000035c44        0x4 obj_cooja/mtype936.a(log_message.o)
                0x0000000000035c44                log_fp
 COMMON         0x0000000000035c48        0x1 obj_cooja/mtype936.a(serial-line.o)
                0x0000000000035c48                serial_line_event_message
 *fill*         0x0000000000035c49       0x17 
 COMMON         0x0000000000035c60      0x12c obj_cooja/mtype936.a(uip-ds6-nbr.o)
                0x0000000000035c60                ds6_lr_addrmap
 *fill*         0x0000000000035d8c       0x14 
 COMMON         0x0000000000035da0      0x298 obj_cooja/mtype936.a(uip-ds6.o)
                0x0000000000035da0                uip_ds6_prefix_list
                0x0000000000035e00                uip_ds6_timer_periodic
                0x0000000000035e10                uip_ds6_netif_addr_list_offset
                0x0000000000035e20                uip_ds6_if
                0x0000000000035f18                uip_ds6_timer_ra
                0x0000000000035f20                uip_ds6_addr_size
                0x0000000000035f40                long_uip_ds6_if
 *fill*         0x0000000000036038        0x8 
 COMMON         0x0000000000036040      0x8ec obj_cooja/mtype936.a(uip6.o)
                0x0000000000036040                uip_slen
                0x0000000000036042                uip_acc32
                0x0000000000036060                uip_conns
                0x0000000000036120                uip_lladdr
                0x0000000000036128                uip_appdata
                0x000000000003612c                uip_flags
                0x0000000000036140                uip_aligned_buf
                0x0000000000036780                uip_listenports
                0x0000000000036790                uip_len
                0x0000000000036792                uip_long_lladdr
                0x000000000003679c                uip_sappdata
                0x00000000000367a0                uip_udp_conns
                0x0000000000036920                uip_udp_conn
                0x0000000000036924                uip_next_hdr
                0x0000000000036928                uip_conn
 COMMON         0x000000000003692c        0x1 obj_cooja/mtype936.a(tcpip.o)
                0x000000000003692c                tcpip_event
 *fill*         0x000000000003692d       0x13 
 COMMON         0x0000000000036940      0x198 obj_cooja/mtype936.a(rpl-dag.o)
                0x0000000000036940                default_instance
                0x0000000000036960                instance_table
 COMMON         0x0000000000036ad8       0x10 obj_cooja/mtype936.a(linkaddr.o)
                0x0000000000036ad8                linkaddr_node_addr
                0x0000000000036ae0                long_linkaddr_node_addr
 COMMON         0x0000000000036ae8       0x2e obj_cooja/mtype936.a(packetbuf.o)
                0x0000000000036ae8                packetbuf_attrs
                0x0000000000036b06                packetbuf_addrs
 *fill*         0x0000000000036b16        0xa 
 COMMON         0x0000000000036b20       0x48 obj_cooja/mtype936.a(rimestats.o)
                0x0000000000036b20                rimestats
                0x0000000000036b68                . = ALIGN ((. != 0x0)?0x4:0x1)
                0x0000000000036b68                . = ALIGN (0x4)
                0x0000000000036b68                . = SEGMENT_START ("ldata-segment", .)
                0x0000000000036b68                . = ALIGN (0x4)
                0x0000000000036b68                _end = .
                0x0000000000036b68                PROVIDE (end, .)
                0x0000000000036b68                . = DATA_SEGMENT_END (.)

.stab
 *(.stab)

.stabstr
 *(.stabstr)

.stab.excl
 *(.stab.excl)

.stab.exclstr
 *(.stab.exclstr)

.stab.index
 *(.stab.index)

.stab.indexstr
 *(.stab.indexstr)

.comment        0x0000000000000000       0x29
 *(.comment)
 .comment       0x0000000000000000       0x29 /usr/lib/gcc/i686-linux-gnu/4.8/crtbeginS.o
                                         0x2a (size before relaxing)
 .comment       0x0000000000000000       0x2a udp-server.co
 .comment       0x0000000000000000       0x2a obj_cooja/mtype936.o
 .comment       0x0000000000000000       0x2a obj_cooja/mtype936.a(simEnvChange.o)
 .comment       0x0000000000000000       0x2a obj_cooja/mtype936.a(cooja_mt.o)
 .comment       0x0000000000000000       0x2a obj_cooja/mtype936.a(cooja_mtarch.o)
 .comment       0x0000000000000000       0x2a obj_cooja/mtype936.a(rtimer-arch.o)
 .comment       0x0000000000000000       0x2a obj_cooja/mtype936.a(beep.o)
 .comment       0x0000000000000000       0x2a obj_cooja/mtype936.a(button-sensor.o)
 .comment       0x0000000000000000       0x2a obj_cooja/mtype936.a(leds-arch.o)
 .comment       0x0000000000000000       0x2a obj_cooja/mtype936.a(moteid.o)
 .comment       0x0000000000000000       0x2a obj_cooja/mtype936.a(pir-sensor.o)
 .comment       0x0000000000000000       0x2a obj_cooja/mtype936.a(rs232.o)
 .comment       0x0000000000000000       0x2a obj_cooja/mtype936.a(vib-sensor.o)
 .comment       0x0000000000000000       0x2a obj_cooja/mtype936.a(clock.o)
 .comment       0x0000000000000000       0x2a obj_cooja/mtype936.a(log.o)
 .comment       0x0000000000000000       0x2a obj_cooja/mtype936.a(cfs-cooja.o)
 .comment       0x0000000000000000       0x2a obj_cooja/mtype936.a(cooja-radio.o)
 .comment       0x0000000000000000       0x2a obj_cooja/mtype936.a(eeprom.o)
 .comment       0x0000000000000000       0x2a obj_cooja/mtype936.a(random.o)
 .comment       0x0000000000000000       0x2a obj_cooja/mtype936.a(sensors.o)
 .comment       0x0000000000000000       0x2a obj_cooja/mtype936.a(dual_conf.o)
 .comment       0x0000000000000000       0x2a obj_cooja/mtype936.a(autostart.o)
 .comment       0x0000000000000000       0x2a obj_cooja/mtype936.a(ctimer.o)
 .comment       0x0000000000000000       0x2a obj_cooja/mtype936.a(etimer.o)
 .comment       0x0000000000000000       0x2a obj_cooja/mtype936.a(log_message.o)
 .comment       0x0000000000000000       0x2a obj_cooja/mtype936.a(process.o)
 .comment       0x0000000000000000       0x2a obj_cooja/mtype936.a(residual.o)
 .comment       0x0000000000000000       0x2a obj_cooja/mtype936.a(rtimer.o)
 .comment       0x0000000000000000       0x2a obj_cooja/mtype936.a(timer.o)
 .comment       0x0000000000000000       0x2a obj_cooja/mtype936.a(serial-line.o)
 .comment       0x0000000000000000       0x2a obj_cooja/mtype936.a(list.o)
 .comment       0x0000000000000000       0x2a obj_cooja/mtype936.a(ringbuf.o)
 .comment       0x0000000000000000       0x2a obj_cooja/mtype936.a(sicslowpan.o)
 .comment       0x0000000000000000       0x2a obj_cooja/mtype936.a(uip-ds6-nbr.o)
 .comment       0x0000000000000000       0x2a obj_cooja/mtype936.a(uip-ds6.o)
 .comment       0x0000000000000000       0x2a obj_cooja/mtype936.a(uip6.o)
 .comment       0x0000000000000000       0x2a obj_cooja/mtype936.a(tcpip.o)
 .comment       0x0000000000000000       0x2a obj_cooja/mtype936.a(uip-debug.o)
 .comment       0x0000000000000000       0x2a obj_cooja/mtype936.a(uip-packetqueue)
 .comment       0x0000000000000000       0x2a obj_cooja/mtype936.a(rpl-dag.o)
 .comment       0x0000000000000000       0x2a obj_cooja/mtype936.a(rpl-ext-header.)
 .comment       0x0000000000000000       0x2a obj_cooja/mtype936.a(rpl-icmp6.o)
 .comment       0x0000000000000000       0x2a obj_cooja/mtype936.a(rpl-ltmax.o)
 .comment       0x0000000000000000       0x2a obj_cooja/mtype936.a(rpl-timers.o)
 .comment       0x0000000000000000       0x2a obj_cooja/mtype936.a(rpl.o)
 .comment       0x0000000000000000       0x2a obj_cooja/mtype936.a(framer-802154.o)
 .comment       0x0000000000000000       0x2a obj_cooja/mtype936.a(nullmac.o)
 .comment       0x0000000000000000       0x2a obj_cooja/mtype936.a(cxmac.o)
 .comment       0x0000000000000000       0x2a obj_cooja/mtype936.a(linkaddr.o)
 .comment       0x0000000000000000       0x2a obj_cooja/mtype936.a(nbr-table.o)
 .comment       0x0000000000000000       0x2a obj_cooja/mtype936.a(netstack.o)
 .comment       0x0000000000000000       0x2a obj_cooja/mtype936.a(packetbuf.o)
 .comment       0x0000000000000000       0x2a obj_cooja/mtype936.a(queuebuf.o)
 .comment       0x0000000000000000       0x2a obj_cooja/mtype936.a(nullsec.o)
 .comment       0x0000000000000000       0x2a obj_cooja/mtype936.a(watchdog.o)
 .comment       0x0000000000000000       0x2a obj_cooja/mtype936.a(rimestats.o)
 .comment       0x0000000000000000       0x2a obj_cooja/mtype936.a(stimer.o)
 .comment       0x0000000000000000       0x2a obj_cooja/mtype936.a(memb.o)
 .comment       0x0000000000000000       0x2a obj_cooja/mtype936.a(uip-ds6-route.o)
 .comment       0x0000000000000000       0x2a obj_cooja/mtype936.a(uip-icmp6.o)
 .comment       0x0000000000000000       0x2a obj_cooja/mtype936.a(uip-nd6.o)
 .comment       0x0000000000000000       0x2a obj_cooja/mtype936.a(rpl-nbr-policy.)
 .comment       0x0000000000000000       0x2a obj_cooja/mtype936.a(frame802154.o)
 .comment       0x0000000000000000       0x2a obj_cooja/mtype936.a(mac.o)
 .comment       0x0000000000000000       0x2a /usr/lib/gcc/i686-linux-gnu/4.8/crtendS.o

.debug
 *(.debug)

.line
 *(.line)

.debug_srcinfo
 *(.debug_srcinfo)

.debug_sfnames
 *(.debug_sfnames)

.debug_aranges  0x0000000000000000      0x7f8
 *(.debug_aranges)
 .debug_aranges
                0x0000000000000000       0x20 udp-server.co
 .debug_aranges
                0x0000000000000020       0x20 obj_cooja/mtype936.o
 .debug_aranges
                0x0000000000000040       0x20 obj_cooja/mtype936.a(simEnvChange.o)
 .debug_aranges
                0x0000000000000060       0x20 obj_cooja/mtype936.a(cooja_mt.o)
 .debug_aranges
                0x0000000000000080       0x20 obj_cooja/mtype936.a(cooja_mtarch.o)
 .debug_aranges
                0x00000000000000a0       0x20 obj_cooja/mtype936.a(rtimer-arch.o)
 .debug_aranges
                0x00000000000000c0       0x20 obj_cooja/mtype936.a(beep.o)
 .debug_aranges
                0x00000000000000e0       0x20 obj_cooja/mtype936.a(button-sensor.o)
 .debug_aranges
                0x0000000000000100       0x20 obj_cooja/mtype936.a(leds-arch.o)
 .debug_aranges
                0x0000000000000120       0x20 obj_cooja/mtype936.a(moteid.o)
 .debug_aranges
                0x0000000000000140       0x20 obj_cooja/mtype936.a(pir-sensor.o)
 .debug_aranges
                0x0000000000000160       0x20 obj_cooja/mtype936.a(rs232.o)
 .debug_aranges
                0x0000000000000180       0x20 obj_cooja/mtype936.a(vib-sensor.o)
 .debug_aranges
                0x00000000000001a0       0x20 obj_cooja/mtype936.a(clock.o)
 .debug_aranges
                0x00000000000001c0       0x20 obj_cooja/mtype936.a(log.o)
 .debug_aranges
                0x00000000000001e0       0x20 obj_cooja/mtype936.a(cfs-cooja.o)
 .debug_aranges
                0x0000000000000200       0x20 obj_cooja/mtype936.a(cooja-radio.o)
 .debug_aranges
                0x0000000000000220       0x20 obj_cooja/mtype936.a(eeprom.o)
 .debug_aranges
                0x0000000000000240       0x20 obj_cooja/mtype936.a(random.o)
 .debug_aranges
                0x0000000000000260       0x20 obj_cooja/mtype936.a(sensors.o)
 .debug_aranges
                0x0000000000000280       0x20 obj_cooja/mtype936.a(dual_conf.o)
 .debug_aranges
                0x00000000000002a0       0x20 obj_cooja/mtype936.a(autostart.o)
 .debug_aranges
                0x00000000000002c0       0x20 obj_cooja/mtype936.a(ctimer.o)
 .debug_aranges
                0x00000000000002e0       0x20 obj_cooja/mtype936.a(etimer.o)
 .debug_aranges
                0x0000000000000300       0x20 obj_cooja/mtype936.a(log_message.o)
 .debug_aranges
                0x0000000000000320       0x20 obj_cooja/mtype936.a(process.o)
 .debug_aranges
                0x0000000000000340       0x20 obj_cooja/mtype936.a(residual.o)
 .debug_aranges
                0x0000000000000360       0x20 obj_cooja/mtype936.a(rtimer.o)
 .debug_aranges
                0x0000000000000380       0x20 obj_cooja/mtype936.a(timer.o)
 .debug_aranges
                0x00000000000003a0       0x20 obj_cooja/mtype936.a(serial-line.o)
 .debug_aranges
                0x00000000000003c0       0x20 obj_cooja/mtype936.a(list.o)
 .debug_aranges
                0x00000000000003e0       0x20 obj_cooja/mtype936.a(ringbuf.o)
 .debug_aranges
                0x0000000000000400       0x20 obj_cooja/mtype936.a(sicslowpan.o)
 .debug_aranges
                0x0000000000000420       0x20 obj_cooja/mtype936.a(uip-ds6-nbr.o)
 .debug_aranges
                0x0000000000000440       0x20 obj_cooja/mtype936.a(uip-ds6.o)
 .debug_aranges
                0x0000000000000460       0x20 obj_cooja/mtype936.a(uip6.o)
 .debug_aranges
                0x0000000000000480       0x20 obj_cooja/mtype936.a(tcpip.o)
 .debug_aranges
                0x00000000000004a0       0x20 obj_cooja/mtype936.a(uip-debug.o)
 .debug_aranges
                0x00000000000004c0       0x20 obj_cooja/mtype936.a(uip-packetqueue)
 .debug_aranges
                0x00000000000004e0       0x20 obj_cooja/mtype936.a(rpl-dag.o)
 .debug_aranges
                0x0000000000000500       0x20 obj_cooja/mtype936.a(rpl-ext-header.)
 .debug_aranges
                0x0000000000000520       0x20 obj_cooja/mtype936.a(rpl-icmp6.o)
 .debug_aranges
                0x0000000000000540       0x20 obj_cooja/mtype936.a(rpl-ltmax.o)
 .debug_aranges
                0x0000000000000560       0x20 obj_cooja/mtype936.a(rpl-timers.o)
 .debug_aranges
                0x0000000000000580       0x20 obj_cooja/mtype936.a(rpl.o)
 .debug_aranges
                0x00000000000005a0       0x20 obj_cooja/mtype936.a(framer-802154.o)
 .debug_aranges
                0x00000000000005c0       0x20 obj_cooja/mtype936.a(nullmac.o)
 .debug_aranges
                0x00000000000005e0       0x20 obj_cooja/mtype936.a(cxmac.o)
 .debug_aranges
                0x0000000000000600       0x20 obj_cooja/mtype936.a(linkaddr.o)
 .debug_aranges
                0x0000000000000620       0x20 obj_cooja/mtype936.a(nbr-table.o)
 .debug_aranges
                0x0000000000000640       0x20 obj_cooja/mtype936.a(netstack.o)
 .debug_aranges
                0x0000000000000660       0x20 obj_cooja/mtype936.a(packetbuf.o)
 .debug_aranges
                0x0000000000000680       0x20 obj_cooja/mtype936.a(queuebuf.o)
 .debug_aranges
                0x00000000000006a0       0x20 obj_cooja/mtype936.a(nullsec.o)
 .debug_aranges
                0x00000000000006c0       0x20 obj_cooja/mtype936.a(watchdog.o)
 .debug_aranges
                0x00000000000006e0       0x18 obj_cooja/mtype936.a(rimestats.o)
 .debug_aranges
                0x00000000000006f8       0x20 obj_cooja/mtype936.a(stimer.o)
 .debug_aranges
                0x0000000000000718       0x20 obj_cooja/mtype936.a(memb.o)
 .debug_aranges
                0x0000000000000738       0x20 obj_cooja/mtype936.a(uip-ds6-route.o)
 .debug_aranges
                0x0000000000000758       0x20 obj_cooja/mtype936.a(uip-icmp6.o)
 .debug_aranges
                0x0000000000000778       0x20 obj_cooja/mtype936.a(uip-nd6.o)
 .debug_aranges
                0x0000000000000798       0x20 obj_cooja/mtype936.a(rpl-nbr-policy.)
 .debug_aranges
                0x00000000000007b8       0x20 obj_cooja/mtype936.a(frame802154.o)
 .debug_aranges
                0x00000000000007d8       0x20 obj_cooja/mtype936.a(mac.o)

.debug_pubnames
 *(.debug_pubnames)

.debug_info     0x0000000000000000    0x1ca5c
 *(.debug_info .gnu.linkonce.wi.*)
 .debug_info    0x0000000000000000      0xe4b udp-server.co
 .debug_info    0x0000000000000e4b     0x3ac4 obj_cooja/mtype936.o
 .debug_info    0x000000000000490f      0x15a obj_cooja/mtype936.a(simEnvChange.o)
 .debug_info    0x0000000000004a69      0x1e2 obj_cooja/mtype936.a(cooja_mt.o)
 .debug_info    0x0000000000004c4b      0x2e7 obj_cooja/mtype936.a(cooja_mtarch.o)
 .debug_info    0x0000000000004f32      0x16b obj_cooja/mtype936.a(rtimer-arch.o)
 .debug_info    0x000000000000509d      0x1f3 obj_cooja/mtype936.a(beep.o)
 .debug_info    0x0000000000005290      0x257 obj_cooja/mtype936.a(button-sensor.o)
 .debug_info    0x00000000000054e7      0x132 obj_cooja/mtype936.a(leds-arch.o)
 .debug_info    0x0000000000005619      0x10a obj_cooja/mtype936.a(moteid.o)
 .debug_info    0x0000000000005723      0x216 obj_cooja/mtype936.a(pir-sensor.o)
 .debug_info    0x0000000000005939      0x21e obj_cooja/mtype936.a(rs232.o)
 .debug_info    0x0000000000005b57      0x216 obj_cooja/mtype936.a(vib-sensor.o)
 .debug_info    0x0000000000005d6d      0x152 obj_cooja/mtype936.a(clock.o)
 .debug_info    0x0000000000005ebf      0x2bb obj_cooja/mtype936.a(log.o)
 .debug_info    0x000000000000617a      0x3cf obj_cooja/mtype936.a(cfs-cooja.o)
 .debug_info    0x0000000000006549      0xd30 obj_cooja/mtype936.a(cooja-radio.o)
 .debug_info    0x0000000000007279      0x1d5 obj_cooja/mtype936.a(eeprom.o)
 .debug_info    0x000000000000744e       0xb3 obj_cooja/mtype936.a(random.o)
 .debug_info    0x0000000000007501      0x36d obj_cooja/mtype936.a(sensors.o)
 .debug_info    0x000000000000786e      0xc68 obj_cooja/mtype936.a(dual_conf.o)
 .debug_info    0x00000000000084d6      0x1a5 obj_cooja/mtype936.a(autostart.o)
 .debug_info    0x000000000000867b      0x46c obj_cooja/mtype936.a(ctimer.o)
 .debug_info    0x0000000000008ae7      0x49c obj_cooja/mtype936.a(etimer.o)
 .debug_info    0x0000000000008f83      0x3d2 obj_cooja/mtype936.a(log_message.o)
 .debug_info    0x0000000000009355      0x4ba obj_cooja/mtype936.a(process.o)
 .debug_info    0x000000000000980f      0x164 obj_cooja/mtype936.a(residual.o)
 .debug_info    0x0000000000009973      0x1ab obj_cooja/mtype936.a(rtimer.o)
 .debug_info    0x0000000000009b1e      0x16c obj_cooja/mtype936.a(timer.o)
 .debug_info    0x0000000000009c8a      0x2de obj_cooja/mtype936.a(serial-line.o)
 .debug_info    0x0000000000009f68      0x2ed obj_cooja/mtype936.a(list.o)
 .debug_info    0x000000000000a255      0x1aa obj_cooja/mtype936.a(ringbuf.o)
 .debug_info    0x000000000000a3ff     0x105e obj_cooja/mtype936.a(sicslowpan.o)
 .debug_info    0x000000000000b45d      0x8c7 obj_cooja/mtype936.a(uip-ds6-nbr.o)
 .debug_info    0x000000000000bd24      0xc6e obj_cooja/mtype936.a(uip-ds6.o)
 .debug_info    0x000000000000c992      0xef5 obj_cooja/mtype936.a(uip6.o)
 .debug_info    0x000000000000d887     0x1571 obj_cooja/mtype936.a(tcpip.o)