Archive member included to satisfy reference by file (symbol)

obj_cooja/mtype212.a(simEnvChange.o)
                              obj_cooja/mtype212.o (simDontFallAsleep)
obj_cooja/mtype212.a(cooja_mt.o)
                              obj_cooja/mtype212.o (cooja_mt_start)
obj_cooja/mtype212.a(cooja_mtarch.o)
                              obj_cooja/mtype212.a(cooja_mt.o) (cooja_mtarch_init)
obj_cooja/mtype212.a(rtimer-arch.o)
                              obj_cooja/mtype212.o (rtimer_arch_next)
obj_cooja/mtype212.a(beep.o)  obj_cooja/mtype212.o (beep_interface)
obj_cooja/mtype212.a(button-sensor.o)
                              obj_cooja/mtype212.o (button_interface)
obj_cooja/mtype212.a(leds-arch.o)
                              obj_cooja/mtype212.o (leds_interface)
obj_cooja/mtype212.a(moteid.o)
                              obj_cooja/mtype212.o (moteid_interface)
obj_cooja/mtype212.a(pir-sensor.o)
                              obj_cooja/mtype212.o (pir_interface)
obj_cooja/mtype212.a(rs232.o)
                              obj_cooja/mtype212.o (rs232_interface)
obj_cooja/mtype212.a(vib-sensor.o)
                              obj_cooja/mtype212.o (vib_interface)
obj_cooja/mtype212.a(clock.o)
                              obj_cooja/mtype212.o (clock_interface)
obj_cooja/mtype212.a(log.o)   obj_cooja/mtype212.o (simlog_interface)
obj_cooja/mtype212.a(cfs-cooja.o)
                              obj_cooja/mtype212.o (cfs_interface)
obj_cooja/mtype212.a(cooja-radio.o)
                              obj_cooja/mtype212.o (radio_interface)
obj_cooja/mtype212.a(eeprom.o)
                              obj_cooja/mtype212.o (eeprom_interface)
obj_cooja/mtype212.a(random.o)
                              obj_cooja/mtype212.a(moteid.o) (random_init)
obj_cooja/mtype212.a(sensors.o)
                              udp-server.co (sensors_event)
obj_cooja/mtype212.a(dual_conf.o)
                              obj_cooja/mtype212.a(cooja-radio.o) (long_range_radio)
obj_cooja/mtype212.a(autostart.o)
                              obj_cooja/mtype212.o (autostart_start)
obj_cooja/mtype212.a(ctimer.o)
                              obj_cooja/mtype212.o (ctimer_init)
obj_cooja/mtype212.a(etimer.o)
                              obj_cooja/mtype212.o (etimer_process)
obj_cooja/mtype212.a(log_message.o)
                              obj_cooja/mtype212.o (log_initialization)
obj_cooja/mtype212.a(process.o)
                              udp-server.co (process_current)
obj_cooja/mtype212.a(residual.o)
                              obj_cooja/mtype212.o (get_residual_energy)
obj_cooja/mtype212.a(rtimer.o)
                              obj_cooja/mtype212.a(rtimer-arch.o) (rtimer_run_next)
obj_cooja/mtype212.a(timer.o)
                              obj_cooja/mtype212.a(button-sensor.o) (timer_set)
obj_cooja/mtype212.a(serial-line.o)
                              obj_cooja/mtype212.a(rs232.o) (serial_line_input_byte)
obj_cooja/mtype212.a(list.o)  obj_cooja/mtype212.a(ctimer.o) (list_init)
obj_cooja/mtype212.a(ringbuf.o)
                              obj_cooja/mtype212.a(serial-line.o) (ringbuf_init)
obj_cooja/mtype212.a(sicslowpan.o)
                              obj_cooja/mtype212.o (sicslowpan_driver)
obj_cooja/mtype212.a(uip-ds6-nbr.o)
                              obj_cooja/mtype212.a(sicslowpan.o) (uip_ds6_link_neighbor_callback)
obj_cooja/mtype212.a(uip-ds6.o)
                              udp-server.co (uip_ds6_if)
obj_cooja/mtype212.a(uip6.o)  obj_cooja/mtype212.o (uip_lladdr)
obj_cooja/mtype212.a(tcpip.o)
                              udp-server.co (tcpip_event)
obj_cooja/mtype212.a(uip-debug.o)
                              udp-server.co (uip_debug_ipaddr_print)
obj_cooja/mtype212.a(uip-packetqueue)
                              obj_cooja/mtype212.a(uip-ds6-nbr.o) (uip_packetqueue_new)
obj_cooja/mtype212.a(rpl-dag.o)
                              udp-server.co (rpl_set_root)
obj_cooja/mtype212.a(rpl-ext-header.)
                              obj_cooja/mtype212.a(uip6.o) (rpl_verify_header)
obj_cooja/mtype212.a(rpl-icmp6.o)
                              obj_cooja/mtype212.a(rpl-dag.o) (rpl_icmp6_update_nbr_table)
obj_cooja/mtype212.a(rpl-ltmax.o)
                              obj_cooja/mtype212.a(rpl-dag.o) (rpl_ltmax_of)
obj_cooja/mtype212.a(rpl-timers.o)
                              obj_cooja/mtype212.a(rpl-dag.o) (rpl_reset_dio_timer)
obj_cooja/mtype212.a(rpl.o)   obj_cooja/mtype212.a(rpl-icmp6.o) (rpl_get_mode)
obj_cooja/mtype212.a(framer-802154.o)
                              obj_cooja/mtype212.a(sicslowpan.o) (framer_802154)
obj_cooja/mtype212.a(nullmac.o)
                              udp-server.co (nullmac_driver)
obj_cooja/mtype212.a(cxmac.o)
                              obj_cooja/mtype212.o (cxmac_driver)
obj_cooja/mtype212.a(linkaddr.o)
                              obj_cooja/mtype212.o (linkaddr_node_addr)
obj_cooja/mtype212.a(nbr-table.o)
                              obj_cooja/mtype212.a(uip-ds6-nbr.o) (lladdr_map_add_lr)
[...]
Memory Configuration

Name             Origin             Length             Attributes
*default*        0x0000000000000000 0xffffffffffffffff

Linker script and memory map

LOAD /usr/lib/gcc/i686-linux-gnu/4.8/../../../i386-linux-gnu/crti.o
LOAD /usr/lib/gcc/i686-linux-gnu/4.8/crtbeginS.o
LOAD udp-server.co
LOAD obj_cooja/mtype212.o
LOAD obj_cooja/mtype212.a
LOAD /usr/lib/gcc/i686-linux-gnu/4.8/libgcc.a
LOAD /usr/lib/gcc/i686-linux-gnu/4.8/libgcc_s.so
LOAD /usr/lib/gcc/i686-linux-gnu/4.8/../../../i386-linux-gnu/libc.so
START GROUP
LOAD /lib/i386-linux-gnu/libc.so.6
LOAD /usr/lib/i386-linux-gnu/libc_nonshared.a
LOAD /lib/i386-linux-gnu/ld-linux.so.2
END GROUP
LOAD /usr/lib/gcc/i686-linux-gnu/4.8/libgcc.a
LOAD /usr/lib/gcc/i686-linux-gnu/4.8/libgcc_s.so
LOAD /usr/lib/gcc/i686-linux-gnu/4.8/crtendS.o
LOAD /usr/lib/gcc/i686-linux-gnu/4.8/../../../i386-linux-gnu/crtn.o
                0x0000000000000114                . = (0x0 + SIZEOF_HEADERS)

.note.gnu.build-id
                0x0000000000000114       0x24
 *(.note.gnu.build-id)
 .note.gnu.build-id
                0x0000000000000114       0x24 /usr/lib/gcc/i686-linux-gnu/4.8/../../../i386-linux-gnu/crti.o

.hash
 *(.hash)

.gnu.hash       0x0000000000000138     0x1358
 *(.gnu.hash)
 .gnu.hash      0x0000000000000138     0x1358 /usr/lib/gcc/i686-linux-gnu/4.8/../../../i386-linux-gnu/crti.o

.dynsym         0x0000000000001490     0x25c0
 *(.dynsym)
 .dynsym        0x0000000000001490     0x25c0 /usr/lib/gcc/i686-linux-gnu/4.8/../../../i386-linux-gnu/crti.o

.dynstr         0x0000000000003a50     0x26c2
 *(.dynstr)
 .dynstr        0x0000000000003a50     0x26c2 /usr/lib/gcc/i686-linux-gnu/4.8/../../../i386-linux-gnu/crti.o

.gnu.version    0x0000000000006112      0x4b8
 *(.gnu.version)
 .gnu.version   0x0000000000006112      0x4b8 /usr/lib/gcc/i686-linux-gnu/4.8/../../../i386-linux-gnu/crti.o

.gnu.version_d  0x00000000000065cc        0x0
 *(.gnu.version_d)
 .gnu.version_d
                0x0000000000000000        0x0 /usr/lib/gcc/i686-linux-gnu/4.8/../../../i386-linux-gnu/crti.o

.gnu.version_r  0x00000000000065cc       0x50
 *(.gnu.version_r)
 .gnu.version_r
                0x00000000000065cc       0x50 /usr/lib/gcc/i686-linux-gnu/4.8/../../../i386-linux-gnu/crti.o

.rel.dyn        0x000000000000661c     0x98c8
 *(.rel.init)
 .rel.init      0x0000000000000000        0x0 /usr/lib/gcc/i686-linux-gnu/4.8/../../../i386-linux-gnu/crti.o
 *(.rel.text .rel.text.* .rel.gnu.linkonce.t.*)
 .rel.text      0x000000000000661c     0x9138 /usr/lib/gcc/i686-linux-gnu/4.8/../../../i386-linux-gnu/crti.o
 *(.rel.fini)
 .rel.fini      0x0000000000000000        0x0 /usr/lib/gcc/i686-linux-gnu/4.8/../../../i386-linux-gnu/crti.o
 *(.rel.rodata .rel.rodata.* .rel.gnu.linkonce.r.*)
 .rel.rodata    0x000000000000f754      0x4e0 /usr/lib/gcc/i686-linux-gnu/4.8/../../../i386-linux-gnu/crti.o
 *(.rel.data.rel.ro .rel.data.rel.ro.* .rel.gnu.linkonce.d.rel.ro.*)
 *(.rel.data .rel.data.* .rel.gnu.linkonce.d.*)
 .rel.data.rel  0x000000000000fc34        0x8 /usr/lib/gcc/i686-linux-gnu/4.8/../../../i386-linux-gnu/crti.o
 .rel.data      0x000000000000fc3c      0x270 /usr/lib/gcc/i686-linux-gnu/4.8/../../../i386-linux-gnu/crti.o
 *(.rel.tdata .rel.tdata.* .rel.gnu.linkonce.td.*)
 *(.rel.tbss .rel.tbss.* .rel.gnu.linkonce.tb.*)
 *(.rel.ctors)
 *(.rel.dtors)
 *(.rel.got)
 .rel.got       0x000000000000feac       0x28 /usr/lib/gcc/i686-linux-gnu/4.8/../../../i386-linux-gnu/crti.o
 *(.rel.bss .rel.bss.* .rel.gnu.linkonce.b.*)
 *(.rel.ifunc)
 .rel.ifunc     0x0000000000000000        0x0 /usr/lib/gcc/i686-linux-gnu/4.8/../../../i386-linux-gnu/crti.o
 .rel.fini_array
                0x000000000000fed4        0x8 /usr/lib/gcc/i686-linux-gnu/4.8/../../../i386-linux-gnu/crti.o
 .rel.init_array
                0x000000000000fedc        0x8 /usr/lib/gcc/i686-linux-gnu/4.8/../../../i386-linux-gnu/crti.o

.rel.plt        0x000000000000fee4       0x10
 *(.rel.plt)
 .rel.plt       0x000000000000fee4       0x10 /usr/lib/gcc/i686-linux-gnu/4.8/../../../i386-linux-gnu/crti.o
 *(.rel.iplt)

.init           0x000000000000fef4       0x23
 *(SORT(.init))
 .init          0x000000000000fef4       0x1e /usr/lib/gcc/i686-linux-gnu/4.8/../../../i386-linux-gnu/crti.o
                0x000000000000fef4                _init
 .init          0x000000000000ff12        0x5 /usr/lib/gcc/i686-linux-gnu/4.8/../../../i386-linux-gnu/crtn.o

.plt            0x000000000000ff20       0x30
 *(.plt)
 .plt           0x000000000000ff20       0x30 /usr/lib/gcc/i686-linux-gnu/4.8/../../../i386-linux-gnu/crti.o
 *(.iplt)

.text           0x000000000000ff50    0x16dc9
 *(.text.unlikely .text.*_unlikely .text.unlikely.*)
 *(.text.exit .text.exit.*)
 *(.text.startup .text.startup.*)
 *(.text.hot .text.hot.*)
 *(.text .stub .text.* .gnu.linkonce.t.*)
 .text          0x000000000000ff50        0x0 /usr/lib/gcc/i686-linux-gnu/4.8/../../../i386-linux-gnu/crti.o
 .gnu.linkonce.t.__x86.get_pc_thunk.bx
                0x000000000000ff50        0x4 /usr/lib/gcc/i686-linux-gnu/4.8/../../../i386-linux-gnu/crti.o
                0x000000000000ff50                __x86.get_pc_thunk.bx
 *fill*         0x000000000000ff54        0xc 
 .text          0x000000000000ff60      0x11b /usr/lib/gcc/i686-linux-gnu/4.8/crtbeginS.o
 .text          0x000000000001007b      0x3ce udp-server.co
 .text          0x0000000000010449      0x96a obj_cooja/mtype212.o
                0x00000000000105f7                contiki_init
                0x0000000000010bca                Java_org_contikios_cooja_corecomm_Lib11_init
                0x0000000000010c0a                Java_org_contikios_cooja_corecomm_Lib11_getMemory
                0x0000000000010c4a                Java_org_contikios_cooja_corecomm_Lib11_setMemory
                0x0000000000010cc1                Java_org_contikios_cooja_corecomm_Lib11_tick
                0x0000000000010da1                Java_org_contikios_cooja_corecomm_Lib11_setReferenceAddress
 .text          0x0000000000010db3       0x63 obj_cooja/mtype212.a(simEnvChange.o)
                0x0000000000010db3                doActionsBeforeTick
                0x0000000000010de4                doActionsAfterTick
 .text          0x0000000000010e16       0xbc obj_cooja/mtype212.a(cooja_mt.o)
                0x0000000000010e16                cooja_mt_init
                0x0000000000010e23                cooja_mt_remove
                0x0000000000010e30                cooja_mt_start
                0x0000000000010e5d                cooja_mt_exec
                0x0000000000010e8e                cooja_mt_exit
                0x0000000000010eb0                cooja_mt_yield
 .text          0x0000000000010ed2      0x115 obj_cooja/mtype212.a(cooja_mtarch.o)
                0x0000000000010ed2                cooja_mtarch_init
                0x0000000000010ed7                cooja_mtarch_start
                0x0000000000010f52                cooja_sw
                0x0000000000010f74                cooja_mtarch_exec
                0x0000000000010f90                cooja_mtarch_remove
                0x0000000000010f95                cooja_mtarch_yield
                0x0000000000010f9f                cooja_mtarch_pstop
                0x0000000000010fa4                cooja_mtarch_pstart
                0x0000000000010fa9                cooja_mtarch_stack_usage
 .text          0x0000000000010fe7       0xc2 obj_cooja/mtype212.a(rtimer-arch.o)
                0x0000000000010fe7                rtimer_arch_init
                0x000000000001100a                rtimer_arch_schedule
                0x0000000000011021                rtimer_arch_next
                0x000000000001102b                rtimer_arch_pending
                0x0000000000011035                rtimer_arch_check
                0x0000000000011067                rtimer_arch_now
 .text          0x00000000000110a9       0x76 obj_cooja/mtype212.a(beep.o)
                0x00000000000110a9                beep_alarm
                0x00000000000110b5                beep_beep
                0x00000000000110c1                beep
                0x00000000000110cd                beep_down
                0x00000000000110d9                beep_on
                0x00000000000110e5                beep_off
                0x00000000000110f1                beep_spinup
                0x00000000000110fd                beep_quick
                0x0000000000011109                beep_long
 .text          0x000000000001111f      0x103 obj_cooja/mtype212.a(button-sensor.o)
 .text          0x0000000000011222       0x45 obj_cooja/mtype212.a(leds-arch.o)
                0x0000000000011222                leds_arch_init
                0x000000000001122e                leds_arch_get
                0x000000000001123a                leds_arch_set
 .text          0x0000000000011267       0x2f obj_cooja/mtype212.a(moteid.o)
 .text          0x0000000000011296       0xb1 obj_cooja/mtype212.a(pir-sensor.o)
 .text          0x0000000000011347      0x131 obj_cooja/mtype212.a(rs232.o)
                0x0000000000011347                rs232_init
                0x000000000001134c                rs232_set_speed
                0x000000000001135a                rs232_set_input
                0x0000000000011367                rs232_send
                0x0000000000011389                rs232_print
                0x00000000000113a4                slip_arch_writeb
 .text          0x0000000000011478       0xb1 obj_cooja/mtype212.a(vib-sensor.o)
 .text          0x0000000000011529       0x34 obj_cooja/mtype212.a(clock.o)
                0x0000000000011529                clock_init
                0x000000000001152e                clock_time
                0x0000000000011538                clock_seconds
                0x000000000001154e                clock_delay
 .text          0x000000000001155d      0x1ed obj_cooja/mtype212.a(log.o)
                0x000000000001155d                simlog_char
                0x000000000001159f                simlog
                0x000000000001160c                log_message
                0x0000000000011634                log_set_putchar_with_slip
                0x0000000000011641                log_putchar
                0x00000000000116c5                log_puts
                0x00000000000116e9                log_printf
 .text          0x000000000001174a      0x2c4 obj_cooja/mtype212.a(cfs-cooja.o)
                0x000000000001174a                cfs_open
                0x00000000000117b3                cfs_close
                0x00000000000117bf                cfs_read
                0x000000000001185d                cfs_write
                0x000000000001193a                cfs_seek
                0x00000000000119c2                cfs_remove
                0x00000000000119eb                cfs_opendir
                0x00000000000119f5                cfs_readdir
                0x00000000000119ff                cfs_closedir
 .text          0x0000000000011a0e      0x6c2 obj_cooja/mtype212.a(cooja-radio.o)
                0x0000000000011a38                radio_set_channel
                0x0000000000011a4d                radio_set_txpower
                0x0000000000011a6d                radio_signal_strength_last
                0x0000000000011a77                radio_signal_strength_current
                0x0000000000011a81                radio_LQI
 .text          0x00000000000120d0       0xef obj_cooja/mtype212.a(eeprom.o)
                0x00000000000120d0                eeprom_init
                0x00000000000120d5                eeprom_read
                0x0000000000012145                eeprom_write
 .text          0x00000000000121bf       0x28 obj_cooja/mtype212.a(random.o)
                0x00000000000121bf                random_init
                0x00000000000121da                random_rand
 .text          0x00000000000121e7      0x2a1 obj_cooja/mtype212.a(sensors.o)
                0x0000000000012222                sensors_first
                0x000000000001222c                sensors_next
                0x0000000000012249                sensors_changed
                0x0000000000012278                sensors_find
 .text          0x0000000000012488      0x31a obj_cooja/mtype212.a(dual_conf.o)
                0x0000000000012488                dual_radio_switch
                0x00000000000124c8                dual_radio_change
                0x0000000000012502                sending_in_LR
                0x000000000001252d                dual_radio_received
                0x0000000000012580                radio_received_is_longrange
                0x000000000001259b                dual_radio_turn_on
                0x00000000000125be                dual_radio_turn_off
                0x0000000000012758                dio_broadcast
                0x0000000000012781                dis_broadcast
 .text          0x00000000000127a2       0x8e obj_cooja/mtype212.a(autostart.o)
                0x00000000000127a2                autostart_start
                0x00000000000127ed                autostart_exit
 .text          0x0000000000012830      0x334 obj_cooja/mtype212.a(ctimer.o)
                0x0000000000012947                ctimer_init
                0x0000000000012977                ctimer_set
                0x00000000000129a8                ctimer_set_with_process
                0x0000000000012a24                ctimer_reset
                0x0000000000012a73                ctimer_restart
                0x0000000000012ac2                ctimer_stop
                0x0000000000012b0d                ctimer_expired
 .text          0x0000000000012b64      0x40b obj_cooja/mtype212.a(etimer.o)
                0x0000000000012d77                etimer_request_poll
                0x0000000000012dfb                etimer_set
                0x0000000000012e20                etimer_reset_with_new_interval
                0x0000000000012e47                etimer_reset
                0x0000000000012e65                etimer_restart
                0x0000000000012e83                etimer_adjust
                0x0000000000012e9f                etimer_expired
                0x0000000000012eb2                etimer_expiration_time
                0x0000000000012ec4                etimer_start_time
                0x0000000000012ece                etimer_pending
                0x0000000000012ee0                etimer_next_expiration_time
                0x0000000000012efa                etimer_stop
 .text          0x0000000000012f6f       0xdd obj_cooja/mtype212.a(log_message.o)
                0x0000000000012f6f                log_initialization
                0x000000000001302b                log_finisher
 .text          0x000000000001304c      0x560 obj_cooja/mtype212.a(process.o)
                0x000000000001304c                process_alloc_event
                0x0000000000013061                process_start
                0x000000000001324a                process_exit
                0x0000000000013266                process_init
                0x0000000000013437                process_run
                0x000000000001346a                process_nevents
                0x0000000000013485                process_post
                0x0000000000013531                process_post_synch
                0x0000000000013569                process_poll
                0x0000000000013598                process_is_running
 .text          0x00000000000135ac       0xd3 obj_cooja/mtype212.a(residual.o)
                0x00000000000135ac                get_residual_energy
 .text          0x000000000001367f       0xba obj_cooja/mtype212.a(rtimer.o)
                0x000000000001367f                rtimer_init
                0x000000000001368c                rtimer_set
                0x00000000000136e3                rtimer_run_next
 .text          0x0000000000013739       0x91 obj_cooja/mtype212.a(timer.o)
                0x0000000000013739                timer_set
                0x0000000000013754                timer_reset
                0x000000000001376b                timer_restart
                0x000000000001377d                timer_expired
                0x00000000000137a6                timer_remaining
 .text          0x00000000000137ca      0x1fb obj_cooja/mtype212.a(serial-line.o)
                0x00000000000137ca                serial_line_input_byte
                0x000000000001398d                serial_line_init
 .text          0x00000000000139c5      0x244 obj_cooja/mtype212.a(list.o)
                0x00000000000139c5                list_init
                0x00000000000139d3                list_head
                0x00000000000139dd                list_copy
                0x00000000000139ec                list_tail
                0x0000000000013a22                list_add
                0x0000000000013a6b                list_push
                0x0000000000013a97                list_chop
                0x0000000000013b01                list_pop
                0x0000000000013b29                list_remove
                0x0000000000013b90                list_length
                0x0000000000013bbe                list_insert
                0x0000000000013bf2                list_item_next
 .text          0x0000000000013c09      0x155 obj_cooja/mtype212.a(ringbuf.o)
                0x0000000000013c09                ringbuf_init
                0x0000000000013c3a                ringbuf_put
                0x0000000000013cb8                ringbuf_get
                0x0000000000013d25                ringbuf_size
                0x0000000000013d37                ringbuf_elements
 .text          0x0000000000013d5e     0x258b obj_cooja/mtype212.a(sicslowpan.o)
                0x00000000000142e8                rime_sniffer_add
                0x00000000000142f5                rime_sniffer_remove
                0x0000000000016288                sicslowpan_init
                0x00000000000162df                sicslowpan_get_last_rssi
 .text          0x00000000000162e9      0x2dc obj_cooja/mtype212.a(uip-ds6-nbr.o)
                0x0000000000016306                uip_ds6_neighbors_init
                0x0000000000016323                uip_ds6_nbr_add
                0x00000000000163d4                uip_ds6_nbr_rm
                0x0000000000016431                uip_ds6_nbr_get_ipaddr
                0x0000000000016446                uip_ds6_nbr_get_ll
                0x0000000000016462                uip_ds6_nbr_num
                0x00000000000164a7                uip_ds6_nbr_lookup
                0x000000000001650c                uip_ds6_nbr_ll_lookup
                0x0000000000016528                uip_ds6_nbr_ipaddr_from_lladdr
                0x000000000001654e                uip_ds6_nbr_lladdr_from_ipaddr
                0x000000000001657c                uip_ds6_link_neighbor_callback
 .text          0x00000000000165c5     0x12ad obj_cooja/mtype212.a(uip-ds6.o)
                0x00000000000165c5                uip_ds6_init
                0x000000000001691a                uip_ds6_periodic
                0x00000000000169f2                uip_ds6_list_loop
                0x0000000000016a99                uip_ds6_prefix_add
                0x0000000000016b57                uip_ds6_prefix_rm
                0x0000000000016b69                uip_ds6_prefix_lookup
                0x0000000000016bba                uip_ds6_is_addr_onlink
                0x0000000000016c2e                uip_ds6_addr_add
                0x0000000000016d5c                uip_ds6_long_addr_add
                0x0000000000016e8a                uip_ds6_addr_rm
                0x0000000000016f2a                uip_ds6_addr_lookup
                0x0000000000016f75                uip_ds6_long_addr_lookup
                0x0000000000016fc0                uip_ds6_get_link_local
                0x000000000001703f                uip_ds6_long_get_link_local
                0x00000000000170be                uip_ds6_get_global
                0x000000000001713d                uip_ds6_long_get_global
                0x00000000000171bc                uip_ds6_maddr_add
                0x000000000001722e                uip_ds6_long_maddr_add
                0x00000000000172a0                uip_ds6_maddr_rm
                0x00000000000172b2                uip_ds6_maddr_lookup
                0x00000000000172fd                uip_ds6_long_maddr_lookup
                0x0000000000017348                uip_ds6_aaddr_add
                0x00000000000173ba                uip_ds6_long_aaddr_add
                0x000000000001742c                uip_ds6_aaddr_rm
                0x000000000001743e                uip_ds6_aaddr_lookup
                0x0000000000017489                uip_ds6_long_aaddr_lookup
                0x00000000000174d4                uip_ds6_select_src
                0x000000000001775d                uip_ds6_set_addr_iid
                0x0000000000017794                get_match_length
                0x0000000000017826                uip_ds6_compute_reachable_time
 .text          0x0000000000017872     0x29f3 obj_cooja/mtype212.a(uip6.o)
                0x0000000000017872                uip_add32
                0x0000000000017a0b                uip_chksum
                0x0000000000017af9                uip_icmp6chksum
                0x0000000000017b0d                uip_tcpchksum
                0x0000000000017b21                uip_udpchksum
                0x0000000000017b35                uip_init
                0x0000000000017c05                uip_connect
                0x0000000000017db4                remove_ext_hdr
                0x0000000000017e89                uip_udp_new
                0x0000000000017fe5                uip_unlisten
                0x0000000000018045                uip_listen
                0x0000000000018307                uip_process
                0x000000000001a159                uip_htons
                0x000000000001a17b                uip_htonl
                0x000000000001a1bb                uip_send
 .text          0x000000000001a265      0xb43 obj_cooja/mtype212.a(tcpip.o)
                0x000000000001a265                tcpip_output
                0x000000000001a293                tcpip_set_outputfunc
                0x000000000001a327                tcp_connect
                0x000000000001a37c                tcp_unlisten
                0x000000000001a3d7                tcp_listen
                0x000000000001a430                tcp_attach
                0x000000000001a455                udp_attach
                0x000000000001a47a                udp_new
                0x000000000001a4cc                udp_broadcast_new
                0x000000000001a740                tcpip_input
                0x000000000001a774                tcpip_ipv6_output
                0x000000000001abee                tcpip_poll_udp
                0x000000000001ac11                tcpip_poll_tcp
                0x000000000001ac34                tcpip_uipcall
 .text          0x000000000001ada8      0x1c1 obj_cooja/mtype212.a(uip-debug.o)
                0x000000000001ada8                uip_debug_ipaddr_print
                0x000000000001af0a                uip_debug_lladdr_print
 .text          0x000000000001af69      0x141 obj_cooja/mtype212.a(uip-packetqueue)
                0x000000000001af95                uip_packetqueue_new
                0x000000000001afa3                uip_packetqueue_alloc
                0x000000000001b003                uip_packetqueue_free
                0x000000000001b044                uip_packetqueue_buf
                0x000000000001b061                uip_packetqueue_buflen
                0x000000000001b082                uip_packetqueue_set_buflen
 .text          0x000000000001b0aa     0x25bb obj_cooja/mtype212.a(rpl-dag.o)
                0x000000000001b0aa                rpl_print_neighbor_list
                0x000000000001b153                rpl_print_child_neighbor_list
                0x000000000001b1c8                rpl_get_nbr
                0x000000000001b222                rpl_get_nbr_child
                0x000000000001b27c                rpl_dag_init
                0x000000000001b2ae                rpl_get_parent
                0x000000000001b2d0                rpl_get_parent_rank
                0x000000000001b303                rpl_get_parent_link_metric
                0x000000000001b336                rpl_get_parent_ipaddr
                0x000000000001b360                rpl_get_child_ipaddr
                0x000000000001b67b                rpl_set_root
                0x000000000001b8a9                rpl_repair_root
                0x000000000001bae5                rpl_set_prefix
                0x000000000001bbe4                rpl_set_default_route
                0x000000000001bc70                rpl_alloc_instance
                0x000000000001bd03                rpl_alloc_dag
                0x000000000001bdb6                rpl_set_default_instance
                0x000000000001bdc3                rpl_get_default_instance
                0x000000000001bdcd                rpl_free_instance
                0x000000000001be7e                rpl_free_dag
                0x000000000001bee4                rpl_add_parent
                0x000000000001bfda                rpl_find_parent
                0x000000000001c00a                rpl_add_child
                0x000000000001c0ae                rpl_find_child
                0x000000000001c0fc                rpl_find_parent_any_dag
                0x000000000001c138                rpl_select_dag
                0x000000000001c55b                rpl_select_parent
                0x000000000001c5bd                rpl_remove_parent
                0x000000000001c5f3                rpl_remove_child
                0x000000000001c60f                rpl_nullify_parent
                0x000000000001c6ad                rpl_move_parent
                0x000000000001c74a                rpl_has_downward_route
                0x000000000001c79d                rpl_get_any_dag
                0x000000000001c7ff                rpl_get_instance
                0x000000000001c862                rpl_find_of
                0x000000000001c89f                rpl_join_instance
                0x000000000001cb1a                rpl_add_dag
                0x000000000001cf09                rpl_local_repair
                0x000000000001cfe2                rpl_recalculate_ranks
                0x000000000001d068                rpl_process_parent_event
                0x000000000001d11a                rpl_process_dio
 .text          0x000000000001d665      0xbf3 obj_cooja/mtype212.a(rpl-ext-header.)
                0x000000000001d682                rpl_verify_header
                0x000000000001dafc                rpl_update_header_empty
                0x000000000001de13                rpl_update_header_final
                0x000000000001dfa2                rpl_remove_header
                0x000000000001e0ac                rpl_invert_header
                0x000000000001e236                rpl_insert_header
 .text          0x000000000001e258     0x2c77 obj_cooja/mtype212.a(rpl-icmp6.o)
                0x000000000001e567                rpl_icmp6_update_nbr_table
                0x000000000001e734                dis_output
                0x000000000001f462                dio_output
                0x0000000000020992                dao_output
                0x0000000000020a66                dao_output_target
                0x0000000000020e83                dao_ack_output
                0x0000000000020e97                rpl_icmp6_register_handlers
 .text          0x0000000000020ecf      0x392 obj_cooja/mtype212.a(rpl-ltmax.o)
 .text          0x0000000000021261      0x7b3 obj_cooja/mtype212.a(rpl-timers.o)
                0x00000000000214a7                rpl_reset_periodic_timer
                0x00000000000214fc                rpl_reset_dio_timer
                0x0000000000021736                rpl_schedule_dao
                0x0000000000021751                rpl_schedule_dao_immediately
                0x000000000002176c                rpl_cancel_dao
                0x00000000000217ce                rpl_schedule_unicast_dio_immediately
                0x00000000000219bc                rpl_schedule_probing
 .text          0x0000000000021a14      0x5c5 obj_cooja/mtype212.a(rpl.o)
                0x0000000000021a14                rpl_get_mode
                0x0000000000021a1e                rpl_set_mode
                0x0000000000021aac                rpl_purge_routes
                0x0000000000021ba6                rpl_remove_routes
                0x0000000000021bec                rpl_remove_routes_by_nexthop
                0x0000000000021c58                rpl_add_route
                0x0000000000021cd3                rpl_link_neighbor_callback
                0x0000000000021dd8                rpl_ipv6_neighbor_callback
                0x0000000000021e47                rpl_purge_dags
                0x0000000000021f53                rpl_init
 .text          0x0000000000021fd9      0x3f5 obj_cooja/mtype212.a(framer-802154.o)
 .text          0x00000000000223ce       0x5e obj_cooja/mtype212.a(nullmac.o)
 .text          0x000000000002242c     0x110b obj_cooja/mtype212.a(cxmac.o)
                0x0000000000023487                cxmac_set_announcement_radio_txpower
                0x000000000002348c                cxmac_init
 .text          0x0000000000023537       0x82 obj_cooja/mtype212.a(linkaddr.o)
                0x0000000000023537                linkaddr_copy
                0x0000000000023559                linkaddr_cmp
                0x0000000000023583                linkaddr_set_node_addr
                0x000000000002359e                linkaddr_set_node_long_addr
 .text          0x00000000000235b9      0x88c obj_cooja/mtype212.a(nbr-table.o)
                0x00000000000235b9                lladdr_map_add_lr
                0x0000000000023676                lladdr_map_rm_lr
                0x0000000000023b3b                nbr_table_register
                0x0000000000023b83                nbr_table_head
                0x0000000000023bdf                nbr_table_next
                0x0000000000023c46                nbr_table_add_lladdr
                0x0000000000023d22                nbr_table_get_from_lladdr
                0x0000000000023d6f                nbr_table_remove
                0x0000000000023dc1                nbr_table_lock
                0x0000000000023deb                nbr_table_unlock
                0x0000000000023e15                nbr_table_get_lladdr
 .text          0x0000000000023e45       0x2b obj_cooja/mtype212.a(netstack.o)
                0x0000000000023e45                netstack_init
 .text          0x0000000000023e70      0x3cd obj_cooja/mtype212.a(packetbuf.o)
                0x0000000000023e70                packetbuf_clear
                0x0000000000023e9a                packetbuf_copyfrom
                0x0000000000023eec                packetbuf_compact
                0x0000000000023f69                packetbuf_copyto
                0x0000000000024000                packetbuf_hdralloc
                0x000000000002407d                packetbuf_hdrreduce
                0x00000000000240c5                packetbuf_set_datalen
                0x00000000000240de                packetbuf_dataptr
                0x00000000000240fb                packetbuf_hdrptr
                0x0000000000024105                packetbuf_datalen
                0x0000000000024111                packetbuf_hdrlen
                0x0000000000024128                packetbuf_totlen
                0x000000000002413e                packetbuf_attr_clear
                0x0000000000024190                packetbuf_attr_copyto
                0x00000000000241d9                packetbuf_attr_copyfrom
                0x0000000000024221                packetbuf_holds_broadcast
 .text          0x000000000002423d      0x2b4 obj_cooja/mtype212.a(queuebuf.o)
                0x0000000000024247                queuebuf_init
                0x0000000000024267                queuebuf_numfree
                0x000000000002427b                queuebuf_new_from_packetbuf
                0x000000000002430b                queuebuf_update_attr_from_packetbuf
                0x000000000002433e                queuebuf_update_from_packetbuf
                0x0000000000024388                queuebuf_free
                0x00000000000243cf                queuebuf_to_packetbuf
                0x0000000000024435                queuebuf_dataptr
                0x000000000002446c                queuebuf_datalen
                0x000000000002448f                queuebuf_addr
                0x00000000000244c1                queuebuf_attr
                0x00000000000244ec                queuebuf_debug_print
 .text          0x00000000000244f1       0x6e obj_cooja/mtype212.a(nullsec.o)
 .text          0x000000000002455f       0x19 obj_cooja/mtype212.a(watchdog.o)
                0x000000000002455f                watchdog_init
                0x0000000000024564                watchdog_start
                0x0000000000024569                watchdog_periodic
                0x000000000002456e                watchdog_stop
                0x0000000000024573                watchdog_reboot
 .text          0x0000000000024578        0x0 obj_cooja/mtype212.a(rimestats.o)
 .text          0x0000000000024578      0x134 obj_cooja/mtype212.a(leds.o)
                0x00000000000245c9                leds_init
                0x00000000000245dd                leds_blink
                0x0000000000024615                leds_get
                0x0000000000024622                leds_set
                0x000000000002463c                leds_on
                0x000000000002465f                leds_off
                0x0000000000024689                leds_toggle
 .text          0x00000000000246ac       0xa3 obj_cooja/mtype212.a(stimer.o)
                0x00000000000246ac                stimer_set
                0x00000000000246c7                stimer_reset
                0x00000000000246de                stimer_restart
                0x00000000000246f0                stimer_expired
                0x0000000000024717                stimer_remaining
                0x000000000002473b                stimer_elapsed
 .text          0x000000000002474f      0x1c1 obj_cooja/mtype212.a(memb.o)
                0x000000000002474f                memb_init
                0x00000000000247ad                memb_alloc
                0x0000000000024812                memb_free
                0x000000000002488d                memb_inmemb
                0x00000000000248cc                memb_numfree
 .text          0x0000000000024910      0x916 obj_cooja/mtype212.a(uip-ds6-route.o)
                0x0000000000024987                uip_ds6_notification_add
                0x00000000000249b8                uip_ds6_notification_rm
                0x00000000000249d4                uip_ds6_route_init
                0x0000000000024a5c                uip_ds6_route_nexthop
                0x0000000000024a84                uip_ds6_route_head
                0x0000000000024a99                uip_ds6_route_next
                0x0000000000024abf                uip_ds6_route_is_nexthop
                0x0000000000024afe                uip_ds6_route_num_routes
                0x0000000000024b08                uip_ds6_route_lookup
                0x0000000000024bca                uip_ds6_route_add
                0x0000000000024dfe                uip_ds6_route_rm
                0x0000000000024f92                uip_ds6_route_rm_by_nexthop
                0x0000000000024fca                uip_ds6_defrt_add
                0x000000000002507b                uip_ds6_defrt_rm
                0x00000000000250fa                uip_ds6_defrt_lookup
                0x0000000000025153                uip_ds6_defrt_choose
                0x00000000000251be                uip_ds6_defrt_periodic
 .text          0x0000000000025226      0xab2 obj_cooja/mtype212.a(uip-icmp6.o)
                0x0000000000025294                uip_icmp6_input
                0x00000000000252ea                uip_icmp6_register_input_handler
                0x00000000000255b2                uip_icmp6_error_output
                0x00000000000258f7                uip_icmp6_send
                0x0000000000025c6b                uip_icmp6_echo_reply_callback_add
                0x0000000000025c9c                uip_icmp6_echo_reply_callback_rm
                0x0000000000025cb8                uip_icmp6_init
 .text          0x0000000000025cd8      0x358 obj_cooja/mtype212.a(uip-nd6.o)
                0x0000000000025d2c                uip_nd6_ns_output
                0x000000000002602b                uip_nd6_init
 .text          0x0000000000026030      0x331 obj_cooja/mtype212.a(rpl-nbr-policy.)
                0x0000000000026208                find_removable_dis
                0x000000000002622b                find_removable_dio
                0x00000000000262ba                find_removable_dao
                0x000000000002630a                rpl_nbr_policy_find_removable
 .text          0x0000000000026361      0x97c obj_cooja/mtype212.a(frame802154.o)
                0x0000000000026392                frame802154_get_pan_id
                0x000000000002639e                frame802154_set_pan_id
                0x00000000000263b7                frame802154_has_panid
                0x00000000000264a3                frame802154_check_dest_panid
                0x000000000002650b                frame802154_is_broadcast_addr
                0x0000000000026558                frame802154_extract_linkaddr
                0x0000000000026798                frame802154_hdrlen
                0x00000000000267e9                frame802154_create
                0x00000000000269d4                frame802154_parse
 .text          0x0000000000026cdd       0x3c obj_cooja/mtype212.a(mac.o)
                0x0000000000026cdd                mac_call_sent_callback
 .text          0x0000000000026d19        0x0 /usr/lib/gcc/i686-linux-gnu/4.8/crtendS.o
 .text          0x0000000000026d19        0x0 /usr/lib/gcc/i686-linux-gnu/4.8/../../../i386-linux-gnu/crtn.o
 *(.gnu.warning)

.fini           0x0000000000026d1c       0x14
 *(SORT(.fini))
 .fini          0x0000000000026d1c        0xf /usr/lib/gcc/i686-linux-gnu/4.8/../../../i386-linux-gnu/crti.o
                0x0000000000026d1c                _fini
 .fini          0x0000000000026d2b        0x5 /usr/lib/gcc/i686-linux-gnu/4.8/../../../i386-linux-gnu/crtn.o
                0x0000000000026d30                PROVIDE (__etext, .)
                0x0000000000026d30                PROVIDE (_etext, .)
                0x0000000000026d30                PROVIDE (etext, .)

.rodata         0x0000000000026d40     0x17e0
 *(.rodata .rodata.* .gnu.linkonce.r.*)
 .rodata        0x0000000000026d40      0x148 udp-server.co
                0x0000000000026d54                autostart_processes
 .rodata        0x0000000000026e88      0x1e6 obj_cooja/mtype212.o
 *fill*         0x000000000002706e        0x2 
 .rodata        0x0000000000027070        0x8 obj_cooja/mtype212.a(beep.o)
                0x0000000000027070                beep_interface
 .rodata        0x0000000000027078       0x20 obj_cooja/mtype212.a(button-sensor.o)
                0x0000000000027078                button_interface
                0x0000000000027088                button_sensor
 .rodata        0x0000000000027098        0x8 obj_cooja/mtype212.a(leds-arch.o)
                0x0000000000027098                leds_interface
 .rodata        0x00000000000270a0        0x8 obj_cooja/mtype212.a(moteid.o)
                0x00000000000270a0                moteid_interface
 .rodata        0x00000000000270a8       0x1c obj_cooja/mtype212.a(pir-sensor.o)
                0x00000000000270a8                pir_interface
                0x00000000000270b4                pir_sensor
 .rodata        0x00000000000270c4        0xe obj_cooja/mtype212.a(rs232.o)
                0x00000000000270c4                rs232_interface
 *fill*         0x00000000000270d2        0x2 
 .rodata        0x00000000000270d4       0x24 obj_cooja/mtype212.a(vib-sensor.o)
                0x00000000000270d4                vib_interface
                0x00000000000270e8                vib_sensor
 .rodata        0x00000000000270f8        0x8 obj_cooja/mtype212.a(clock.o)
                0x00000000000270f8                clock_interface
 .rodata        0x0000000000027100        0x8 obj_cooja/mtype212.a(log.o)
                0x0000000000027100                simlog_interface
 .rodata        0x0000000000027108       0x2f obj_cooja/mtype212.a(cfs-cooja.o)
                0x0000000000027108                cfs_interface
 *fill*         0x0000000000027137        0x9 
 .rodata        0x0000000000027140      0x120 obj_cooja/mtype212.a(cooja-radio.o)
                0x0000000000027220                cooja_radio_driver
                0x0000000000027258                radio_interface
 .rodata        0x0000000000027260        0x8 obj_cooja/mtype212.a(eeprom.o)
                0x0000000000027260                eeprom_interface
 .rodata        0x0000000000027268        0x8 obj_cooja/mtype212.a(sensors.o)
 .rodata        0x0000000000027270      0x169 obj_cooja/mtype212.a(dual_conf.o)
 .rodata        0x00000000000273d9        0xf obj_cooja/mtype212.a(ctimer.o)
 .rodata        0x00000000000273e8        0xc obj_cooja/mtype212.a(etimer.o)
 .rodata        0x00000000000273f4       0x73 obj_cooja/mtype212.a(log_message.o)
 *fill*         0x0000000000027467        0x1 
 .rodata        0x0000000000027468       0x20 obj_cooja/mtype212.a(residual.o)
 .rodata        0x0000000000027488        0xe obj_cooja/mtype212.a(serial-line.o)
 *fill*         0x0000000000027496        0x2 
 .rodata        0x0000000000027498       0x2c obj_cooja/mtype212.a(sicslowpan.o)
                0x0000000000027498                unc_llconf
                0x000000000002749c                unc_ctxconf
                0x00000000000274a0                unc_mxconf
                0x00000000000274a4                llprefix
                0x00000000000274b8                sicslowpan_driver
 .rodata        0x00000000000274c4      0x13c obj_cooja/mtype212.a(uip6.o)
 .rodata        0x0000000000027600       0x49 obj_cooja/mtype212.a(tcpip.o)
 .rodata        0x0000000000027649       0x3e obj_cooja/mtype212.a(uip-debug.o)
 *fill*         0x0000000000027687        0x1 
 .rodata        0x0000000000027688        0x4 obj_cooja/mtype212.a(rpl-dag.o)
 .rodata        0x000000000002768c      0xb70 obj_cooja/mtype212.a(rpl-icmp6.o)
 .rodata        0x00000000000281fc        0xc obj_cooja/mtype212.a(framer-802154.o)
                0x00000000000281fc                framer_802154
 .rodata        0x0000000000028208       0x24 obj_cooja/mtype212.a(nullmac.o)
                0x0000000000028210                nullmac_driver
 *fill*         0x000000000002822c       0x14 
 .rodata        0x0000000000028240      0x2c0 obj_cooja/mtype212.a(cxmac.o)
                0x00000000000284e0                cxmac_driver
 .rodata        0x0000000000028500        0x8 obj_cooja/mtype212.a(linkaddr.o)
                0x0000000000028500                linkaddr_null
 .rodata        0x0000000000028508       0x18 obj_cooja/mtype212.a(nullsec.o)
                0x0000000000028510                nullsec_driver

.rodata1
 *(.rodata1)

.eh_frame_hdr   0x0000000000028520     0x138c
 *(.eh_frame_hdr)
 .eh_frame_hdr  0x0000000000028520     0x138c udp-server.co

.eh_frame       0x00000000000298ac     0x4f84
 *(.eh_frame)
 .eh_frame      0x00000000000298ac       0x3c /usr/lib/gcc/i686-linux-gnu/4.8/../../../i386-linux-gnu/crti.o
                                         0x40 (size before relaxing)
 .eh_frame      0x00000000000298e8       0x68 udp-server.co
                                         0x80 (size before relaxing)
 .eh_frame      0x0000000000029950      0x148 obj_cooja/mtype212.o
                                        0x160 (size before relaxing)
 .eh_frame      0x0000000000029a98       0x40 obj_cooja/mtype212.a(simEnvChange.o)
                                         0x58 (size before relaxing)
 .eh_frame      0x0000000000029ad8       0xc0 obj_cooja/mtype212.a(cooja_mt.o)
                                         0xd8 (size before relaxing)
 .eh_frame      0x0000000000029b98      0x120 obj_cooja/mtype212.a(cooja_mtarch.o)
                                        0x138 (size before relaxing)
 .eh_frame      0x0000000000029cb8       0xc0 obj_cooja/mtype212.a(rtimer-arch.o)
                                         0xd8 (size before relaxing)
 .eh_frame      0x0000000000029d78      0x160 obj_cooja/mtype212.a(beep.o)
                                        0x178 (size before relaxing)
 .eh_frame      0x0000000000029ed8       0xa0 obj_cooja/mtype212.a(button-sensor.o)
                                         0xb8 (size before relaxing)
 .eh_frame      0x0000000000029f78       0xa0 obj_cooja/mtype212.a(leds-arch.o)
                                         0xb8 (size before relaxing)
 .eh_frame      0x000000000002a018       0x40 obj_cooja/mtype212.a(moteid.o)
                                         0x58 (size before relaxing)
 .eh_frame      0x000000000002a058       0xa0 obj_cooja/mtype212.a(pir-sensor.o)
                                         0xb8 (size before relaxing)
 .eh_frame      0x000000000002a0f8      0x100 obj_cooja/mtype212.a(rs232.o)
                                        0x118 (size before relaxing)
 .eh_frame      0x000000000002a1f8       0xa0 obj_cooja/mtype212.a(vib-sensor.o)
                                         0xb8 (size before relaxing)
 .eh_frame      0x000000000002a298       0xc0 obj_cooja/mtype212.a(clock.o)
                                         0xd8 (size before relaxing)
 .eh_frame      0x000000000002a358      0x120 obj_cooja/mtype212.a(log.o)
                                        0x138 (size before relaxing)
 .eh_frame      0x000000000002a478      0x160 obj_cooja/mtype212.a(cfs-cooja.o)
                                        0x178 (size before relaxing)
 .eh_frame      0x000000000002a5d8      0x2e0 obj_cooja/mtype212.a(cooja-radio.o)
                                        0x2f8 (size before relaxing)
 .eh_frame      0x000000000002a8b8       0xa0 obj_cooja/mtype212.a(eeprom.o)
                                         0xb8 (size before relaxing)
 .eh_frame      0x000000000002a958       0x40 obj_cooja/mtype212.a(random.o)
                                         0x58 (size before relaxing)
 .eh_frame      0x000000000002a998       0xc0 obj_cooja/mtype212.a(sensors.o)
                                         0xd8 (size before relaxing)
 .eh_frame      0x000000000002aa58      0x160 obj_cooja/mtype212.a(dual_conf.o)
                                        0x178 (size before relaxing)
 .eh_frame      0x000000000002abb8       0x40 obj_cooja/mtype212.a(autostart.o)
                                         0x58 (size before relaxing)
 .eh_frame      0x000000000002abf8      0x100 obj_cooja/mtype212.a(ctimer.o)
                                        0x118 (size before relaxing)
 .eh_frame      0x000000000002acf8      0x1e0 obj_cooja/mtype212.a(etimer.o)
                                        0x1f8 (size before relaxing)
 .eh_frame      0x000000000002aed8       0x40 obj_cooja/mtype212.a(log_message.o)
                                         0x58 (size before relaxing)
 .eh_frame      0x000000000002af18      0x1c8 obj_cooja/mtype212.a(process.o)
                                        0x1e0 (size before relaxing)
 .eh_frame      0x000000000002b0e0       0x2c obj_cooja/mtype212.a(residual.o)
                                         0x44 (size before relaxing)
 .eh_frame      0x000000000002b10c       0x60 obj_cooja/mtype212.a(rtimer.o)
                                         0x78 (size before relaxing)
 .eh_frame      0x000000000002b16c       0xa4 obj_cooja/mtype212.a(timer.o)
                                         0xbc (size before relaxing)
 .eh_frame      0x000000000002b210       0x60 obj_cooja/mtype212.a(serial-line.o)
                                         0x78 (size before relaxing)
 .eh_frame      0x000000000002b270      0x180 obj_cooja/mtype212.a(list.o)
                                        0x198 (size before relaxing)
 .eh_frame      0x000000000002b3f0       0xa0 obj_cooja/mtype212.a(ringbuf.o)
                                         0xb8 (size before relaxing)
 .eh_frame      0x000000000002b490      0x350 obj_cooja/mtype212.a(sicslowpan.o)
                                        0x368 (size before relaxing)
 .eh_frame      0x000000000002b7e0      0x180 obj_cooja/mtype212.a(uip-ds6-nbr.o)
                                        0x198 (size before relaxing)
 .eh_frame      0x000000000002b960      0x3c8 obj_cooja/mtype212.a(uip-ds6.o)
                                        0x3e0 (size before relaxing)
 .eh_frame      0x000000000002bd28      0x27c obj_cooja/mtype212.a(uip6.o)
                                        0x294 (size before relaxing)
 .eh_frame      0x000000000002bfa4      0x270 obj_cooja/mtype212.a(tcpip.o)
                                        0x288 (size before relaxing)
 .eh_frame      0x000000000002c214       0x48 obj_cooja/mtype212.a(uip-debug.o)
                                         0x60 (size before relaxing)
 .eh_frame      0x000000000002c25c       0xe0 obj_cooja/mtype212.a(uip-packetqueue)
                                         0xf8 (size before relaxing)
 .eh_frame      0x000000000002c33c      0x74c obj_cooja/mtype212.a(rpl-dag.o)
                                        0x764 (size before relaxing)
 .eh_frame      0x000000000002ca88      0x10c obj_cooja/mtype212.a(rpl-ext-header.)
                                        0x124 (size before relaxing)
 .eh_frame      0x000000000002cb94      0x2c8 obj_cooja/mtype212.a(rpl-icmp6.o)
                                        0x2e0 (size before relaxing)
 .eh_frame      0x000000000002ce5c       0xe0 obj_cooja/mtype212.a(rpl-ltmax.o)
                                         0xf8 (size before relaxing)
 .eh_frame      0x000000000002cf3c      0x20c obj_cooja/mtype212.a(rpl-timers.o)
                                        0x224 (size before relaxing)
 .eh_frame      0x000000000002d148      0x148 obj_cooja/mtype212.a(rpl.o)
                                        0x160 (size before relaxing)
 .eh_frame      0x000000000002d290      0x108 obj_cooja/mtype212.a(framer-802154.o)
                                        0x120 (size before relaxing)
 .eh_frame      0x000000000002d398       0xc0 obj_cooja/mtype212.a(nullmac.o)
                                         0xd8 (size before relaxing)
 .eh_frame      0x000000000002d458      0x2a0 obj_cooja/mtype212.a(cxmac.o)
                                        0x2b8 (size before relaxing)
 .eh_frame      0x000000000002d6f8       0x80 obj_cooja/mtype212.a(linkaddr.o)
                                         0x98 (size before relaxing)
 .eh_frame      0x000000000002d778      0x2ac obj_cooja/mtype212.a(nbr-table.o)
                                        0x2c4 (size before relaxing)
 .eh_frame      0x000000000002da24       0x20 obj_cooja/mtype212.a(netstack.o)
                                         0x38 (size before relaxing)
 .eh_frame      0x000000000002da44      0x214 obj_cooja/mtype212.a(packetbuf.o)
                                        0x22c (size before relaxing)
 .eh_frame      0x000000000002dc58      0x1a0 obj_cooja/mtype212.a(queuebuf.o)
                                        0x1b8 (size before relaxing)
 .eh_frame      0x000000000002ddf8       0x80 obj_cooja/mtype212.a(nullsec.o)
                                         0x98 (size before relaxing)
 .eh_frame      0x000000000002de78       0xa0 obj_cooja/mtype212.a(watchdog.o)
                                         0xb8 (size before relaxing)
 .eh_frame      0x000000000002df18      0x100 obj_cooja/mtype212.a(leds.o)
                                        0x118 (size before relaxing)
 .eh_frame      0x000000000002e018       0xc4 obj_cooja/mtype212.a(stimer.o)
                                         0xdc (size before relaxing)
 .eh_frame      0x000000000002e0dc       0xa0 obj_cooja/mtype212.a(memb.o)
                                         0xb8 (size before relaxing)
 .eh_frame      0x000000000002e17c      0x2a0 obj_cooja/mtype212.a(uip-ds6-route.o)
                                        0x2b8 (size before relaxing)
 .eh_frame      0x000000000002e41c      0x164 obj_cooja/mtype212.a(uip-icmp6.o)
                                        0x17c (size before relaxing)
 .eh_frame      0x000000000002e580       0x68 obj_cooja/mtype212.a(uip-nd6.o)
                                         0x80 (size before relaxing)
 .eh_frame      0x000000000002e5e8       0xc0 obj_cooja/mtype212.a(rpl-nbr-policy.)
                                         0xd8 (size before relaxing)
 .eh_frame      0x000000000002e6a8      0x164 obj_cooja/mtype212.a(frame802154.o)
                                        0x17c (size before relaxing)
 .eh_frame      0x000000000002e80c       0x20 obj_cooja/mtype212.a(mac.o)
                                         0x38 (size before relaxing)
 .eh_frame      0x000000000002e82c        0x4 /usr/lib/gcc/i686-linux-gnu/4.8/crtendS.o

.gcc_except_table
 *(.gcc_except_table .gcc_except_table.*)

.exception_ranges
 *(.exception_ranges .exception_ranges*)
                0x000000000002e830                . = (ALIGN (0x1000) - ((0x1000 - .) & 0xfff))
                0x000000000002fef8                . = DATA_SEGMENT_ALIGN (0x1000, 0x1000)

.eh_frame
 *(.eh_frame)

.gcc_except_table
 *(.gcc_except_table .gcc_except_table.*)

.exception_ranges
 *(.exception_ranges .exception_ranges*)

.tdata
 *(.tdata .tdata.* .gnu.linkonce.td.*)

.tbss
 *(.tbss .tbss.* .gnu.linkonce.tb.*)
 *(.tcommon)

.preinit_array
 *(.preinit_array)

.init_array     0x000000000002fef8        0x4
 *(SORT(.init_array.*) SORT(.ctors.*))
 *(.init_array EXCLUDE_FILE(*crtend?.o *crtend.o *crtbegin?.o *crtbegin.o) .ctors)
 .init_array    0x000000000002fef8        0x4 /usr/lib/gcc/i686-linux-gnu/4.8/crtbeginS.o

.fini_array     0x000000000002fefc        0x4
 *(SORT(.fini_array.*) SORT(.dtors.*))
 *(.fini_array EXCLUDE_FILE(*crtend?.o *crtend.o *crtbegin?.o *crtbegin.o) .dtors)
 .fini_array    0x000000000002fefc        0x4 /usr/lib/gcc/i686-linux-gnu/4.8/crtbeginS.o

.ctors
 *crtbegin.o(.ctors)
 *crtbegin?.o(.ctors)
 *(EXCLUDE_FILE(*crtend?.o *crtend.o) .ctors)
 *(SORT(.ctors.*))
 *(.ctors)

.dtors
 *crtbegin.o(.dtors)
 *crtbegin?.o(.dtors)
 *(EXCLUDE_FILE(*crtend?.o *crtend.o) .dtors)
 *(SORT(.dtors.*))
 *(.dtors)

.jcr            0x000000000002ff00        0x4
 *(.jcr)
 .jcr           0x000000000002ff00        0x0 /usr/lib/gcc/i686-linux-gnu/4.8/crtbeginS.o
 .jcr           0x000000000002ff00        0x4 /usr/lib/gcc/i686-linux-gnu/4.8/crtendS.o

.data.rel.ro
 *(.data.rel.ro.local* .gnu.linkonce.d.rel.ro.local.*)
 *(.data.rel.ro .data.rel.ro.* .gnu.linkonce.d.rel.ro.*)

.dynamic        0x000000000002ff04       0xe8
 *(.dynamic)
 .dynamic       0x000000000002ff04       0xe8 /usr/lib/gcc/i686-linux-gnu/4.8/../../../i386-linux-gnu/crti.o
                0x000000000002ff04                _DYNAMIC

.got            0x000000000002ffec       0x14
 *(.got)
 .got           0x000000000002ffec       0x14 /usr/lib/gcc/i686-linux-gnu/4.8/../../../i386-linux-gnu/crti.o
 *(.igot)
                0x0000000000030ff4                . = DATA_SEGMENT_RELRO_END (., (SIZEOF (.got.plt) >= 0xc)?0xc:0x0)

.got.plt        0x0000000000030000       0x14
 *(.got.plt)
 .got.plt       0x0000000000030000       0x14 /usr/lib/gcc/i686-linux-gnu/4.8/../../../i386-linux-gnu/crti.o
                0x0000000000030000                _GLOBAL_OFFSET_TABLE_
 *(.igot.plt)

.data           0x0000000000030020      0x266
 *(.data .data.* .gnu.linkonce.d.*)
 .data          0x0000000000030020        0x0 /usr/lib/gcc/i686-linux-gnu/4.8/../../../i386-linux-gnu/crti.o
 .data          0x0000000000030020        0x0 /usr/lib/gcc/i686-linux-gnu/4.8/crtbeginS.o
 .data.rel      0x0000000000030020        0x4 /usr/lib/gcc/i686-linux-gnu/4.8/crtbeginS.o
                0x0000000000030020                __dso_handle
 .data          0x0000000000030024       0x10 udp-server.co
                0x0000000000030024                udp_server_process
 *fill*         0x0000000000030034        0xc 
 .data          0x0000000000030040       0x44 obj_cooja/mtype212.o
                0x0000000000030040                simInterfaces
                0x0000000000030074                sensors
 .data          0x0000000000030084        0x0 obj_cooja/mtype212.a(simEnvChange.o)
 .data          0x0000000000030084        0x0 obj_cooja/mtype212.a(cooja_mt.o)
 .data          0x0000000000030084        0x0 obj_cooja/mtype212.a(cooja_mtarch.o)
 .data          0x0000000000030084        0x0 obj_cooja/mtype212.a(rtimer-arch.o)
 .data          0x0000000000030084        0x0 obj_cooja/mtype212.a(beep.o)
 .data          0x0000000000030084        0x0 obj_cooja/mtype212.a(button-sensor.o)
 .data          0x0000000000030084        0x0 obj_cooja/mtype212.a(leds-arch.o)
 .data          0x0000000000030084        0x0 obj_cooja/mtype212.a(moteid.o)
 .data          0x0000000000030084        0x0 obj_cooja/mtype212.a(pir-sensor.o)
 .data          0x0000000000030084        0x0 obj_cooja/mtype212.a(rs232.o)
 .data          0x0000000000030084        0x0 obj_cooja/mtype212.a(vib-sensor.o)
 .data          0x0000000000030084        0x0 obj_cooja/mtype212.a(clock.o)
 .data          0x0000000000030084        0x0 obj_cooja/mtype212.a(log.o)
 .data          0x0000000000030084        0x0 obj_cooja/mtype212.a(cfs-cooja.o)
 .data          0x0000000000030084       0x40 obj_cooja/mtype212.a(cooja-radio.o)
                0x0000000000030084                simRadioChannelLR
                0x0000000000030088                simRadioHWOnLR
                0x000000000003008c                simSignalStrengthLR
                0x0000000000030090                simLastSignalStrengthLR
                0x0000000000030094                simPowerLR
                0x0000000000030098                simLQILR
                0x000000000003009c                simRadioChannel
                0x00000000000300a0                simRadioHWOn
                0x00000000000300a4                simSignalStrength
                0x00000000000300a8                simLastSignalStrength
                0x00000000000300ac                simPower
                0x00000000000300b0                simLQI
                0x00000000000300b4                cooja_radio_process
 .data          0x00000000000300c4        0x0 obj_cooja/mtype212.a(eeprom.o)
 .data          0x00000000000300c4        0x0 obj_cooja/mtype212.a(random.o)
 .data          0x00000000000300c4       0x10 obj_cooja/mtype212.a(sensors.o)
                0x00000000000300c4                sensors_process
 .data          0x00000000000300d4       0x24 obj_cooja/mtype212.a(dual_conf.o)
                0x00000000000300d4                radio_received
                0x00000000000300d8                dual_dio_broadcast
                0x00000000000300e8                dual_dis_broadcast
 .data          0x00000000000300f8        0x0 obj_cooja/mtype212.a(autostart.o)
 .data          0x00000000000300f8       0x14 obj_cooja/mtype212.a(ctimer.o)
                0x00000000000300fc                ctimer_process
 .data          0x000000000003010c       0x10 obj_cooja/mtype212.a(etimer.o)
                0x000000000003010c                etimer_process
 .data          0x000000000003011c        0x0 obj_cooja/mtype212.a(log_message.o)
 .data          0x000000000003011c        0x0 obj_cooja/mtype212.a(process.o)
 .data          0x000000000003011c        0x0 obj_cooja/mtype212.a(residual.o)
 .data          0x000000000003011c        0x0 obj_cooja/mtype212.a(rtimer.o)
 .data          0x000000000003011c        0x0 obj_cooja/mtype212.a(timer.o)
 .data          0x000000000003011c       0x10 obj_cooja/mtype212.a(serial-line.o)
                0x000000000003011c                serial_line_process
 .data          0x000000000003012c        0x0 obj_cooja/mtype212.a(list.o)
 .data          0x000000000003012c        0x0 obj_cooja/mtype212.a(ringbuf.o)
 .data          0x000000000003012c        0x0 obj_cooja/mtype212.a(sicslowpan.o)
 .data          0x000000000003012c       0x14 obj_cooja/mtype212.a(uip-ds6-nbr.o)
                0x000000000003013c                ds6_neighbors
 .data          0x0000000000030140        0x0 obj_cooja/mtype212.a(uip-ds6.o)
 .data          0x0000000000030140        0x0 obj_cooja/mtype212.a(uip6.o)
 .data          0x0000000000030140       0x10 obj_cooja/mtype212.a(tcpip.o)
                0x0000000000030140                tcpip_process
 .data          0x0000000000030150        0x0 obj_cooja/mtype212.a(uip-debug.o)
 .data          0x0000000000030150        0xc obj_cooja/mtype212.a(uip-packetqueue)
 .data          0x000000000003015c       0x28 obj_cooja/mtype212.a(rpl-dag.o)
                0x000000000003016c                rpl_parents
                0x0000000000030180                rpl_children
 .data          0x0000000000030184        0x0 obj_cooja/mtype212.a(rpl-ext-header.)
 .data          0x0000000000030184       0x34 obj_cooja/mtype212.a(rpl-icmp6.o)
 .data          0x00000000000301b8       0x1c obj_cooja/mtype212.a(rpl-ltmax.o)
                0x00000000000301b8                rpl_ltmax_of
 .data          0x00000000000301d4        0x0 obj_cooja/mtype212.a(rpl-timers.o)
 .data          0x00000000000301d4        0x0 obj_cooja/mtype212.a(rpl.o)
 .data          0x00000000000301d4        0x0 obj_cooja/mtype212.a(framer-802154.o)
 .data          0x00000000000301d4        0x0 obj_cooja/mtype212.a(nullmac.o)
 .data          0x00000000000301d4       0x20 obj_cooja/mtype212.a(cxmac.o)
                0x00000000000301d4                cxmac_config
 .data          0x00000000000301f4        0x0 obj_cooja/mtype212.a(linkaddr.o)
 .data          0x00000000000301f4       0x10 obj_cooja/mtype212.a(nbr-table.o)
 .data          0x0000000000030204        0x0 obj_cooja/mtype212.a(netstack.o)
 .data          0x0000000000030204        0x4 obj_cooja/mtype212.a(packetbuf.o)
 .data          0x0000000000030208       0x18 obj_cooja/mtype212.a(queuebuf.o)
 .data          0x0000000000030220        0x0 obj_cooja/mtype212.a(nullsec.o)
 .data          0x0000000000030220        0x0 obj_cooja/mtype212.a(watchdog.o)
 .data          0x0000000000030220        0x0 obj_cooja/mtype212.a(rimestats.o)
 .data          0x0000000000030220        0x0 obj_cooja/mtype212.a(leds.o)
 .data          0x0000000000030220        0x0 obj_cooja/mtype212.a(stimer.o)
 .data          0x0000000000030220        0x0 obj_cooja/mtype212.a(memb.o)
 .data          0x0000000000030220       0x44 obj_cooja/mtype212.a(uip-ds6-route.o)
                0x0000000000030230                nbr_routes
 .data          0x0000000000030264       0x20 obj_cooja/mtype212.a(uip-icmp6.o)
 .data          0x0000000000030284        0x0 obj_cooja/mtype212.a(uip-nd6.o)
 .data          0x0000000000030284        0x0 obj_cooja/mtype212.a(rpl-nbr-policy.)
 .data          0x0000000000030284        0x2 obj_cooja/mtype212.a(frame802154.o)
 .data          0x0000000000030286        0x0 obj_cooja/mtype212.a(mac.o)
 .data          0x0000000000030286        0x0 /usr/lib/gcc/i686-linux-gnu/4.8/crtendS.o
 .data          0x0000000000030286        0x0 /usr/lib/gcc/i686-linux-gnu/4.8/../../../i386-linux-gnu/crtn.o

.tm_clone_table
                0x0000000000030288        0x0
 .tm_clone_table
                0x0000000000030288        0x0 /usr/lib/gcc/i686-linux-gnu/4.8/crtbeginS.o
 .tm_clone_table
                0x0000000000030288        0x0 /usr/lib/gcc/i686-linux-gnu/4.8/crtendS.o

.data1
 *(.data1)
                0x0000000000030288                _edata = .
                0x0000000000030288                PROVIDE (edata, .)
                0x0000000000030288                . = .
                0x0000000000030288                __bss_start = .

.bss            0x00000000000302a0     0x88e8
 *(.dynbss)
 .dynbss        0x0000000000000000        0x0 /usr/lib/gcc/i686-linux-gnu/4.8/../../../i386-linux-gnu/crti.o
 *(.bss .bss.* .gnu.linkonce.b.*)
 .bss           0x00000000000302a0        0x0 /usr/lib/gcc/i686-linux-gnu/4.8/../../../i386-linux-gnu/crti.o
 .bss           0x00000000000302a0        0x1 /usr/lib/gcc/i686-linux-gnu/4.8/crtbeginS.o
 *fill*         0x00000000000302a1        0x3 
 .bss           0x00000000000302a4        0x8 udp-server.co
                0x00000000000302a4                my_weight
 *fill*         0x00000000000302ac       0x14 
 .bss           0x00000000000302c0     0x2030 obj_cooja/mtype212.o
 .bss           0x00000000000322f0        0x1 obj_cooja/mtype212.a(simEnvChange.o)
                0x00000000000322f0                simDontFallAsleep
 *fill*         0x00000000000322f1        0x3 
 .bss           0x00000000000322f4        0x4 obj_cooja/mtype212.a(cooja_mt.o)
 .bss           0x00000000000322f8        0x4 obj_cooja/mtype212.a(cooja_mtarch.o)
 .bss           0x00000000000322fc        0xc obj_cooja/mtype212.a(rtimer-arch.o)
 .bss           0x0000000000032308        0x0 obj_cooja/mtype212.a(beep.o)
 .bss           0x0000000000032308        0x8 obj_cooja/mtype212.a(button-sensor.o)
 .bss           0x0000000000032310        0x0 obj_cooja/mtype212.a(leds-arch.o)
 .bss           0x0000000000032310        0x0 obj_cooja/mtype212.a(moteid.o)
 .bss           0x0000000000032310        0x1 obj_cooja/mtype212.a(pir-sensor.o)
                0x0000000000032310                simPirValue
 *fill*         0x0000000000032311        0x3 
 .bss           0x0000000000032314        0x4 obj_cooja/mtype212.a(rs232.o)
 .bss           0x0000000000032318        0x1 obj_cooja/mtype212.a(vib-sensor.o)
                0x0000000000032318                simVibValue
 .bss           0x0000000000032319        0x0 obj_cooja/mtype212.a(clock.o)
 *fill*         0x0000000000032319        0x7 
 .bss           0x0000000000032320      0x420 obj_cooja/mtype212.a(log.o)
 .bss           0x0000000000032740      0xfc0 obj_cooja/mtype212.a(cfs-cooja.o)
                0x0000000000032740                simCFSData
                0x00000000000336e0                simCFSSize
                0x00000000000336e4                simCFSChanged
                0x00000000000336e8                simCFSRead
                0x00000000000336ec                simCFSWritten
 .bss           0x0000000000033700       0x24 obj_cooja/mtype212.a(cooja-radio.o)
                0x0000000000033700                simReceivingLR
                0x0000000000033704                simInSizeLR
                0x0000000000033708                simOutSizeLR
                0x000000000003370c                simReceiving
                0x0000000000033710                simInSize
                0x0000000000033714                simOutSize
                0x0000000000033718                LongRangeTransmit
                0x000000000003371c                LongRangeReceiving
 .bss           0x0000000000033724        0xc obj_cooja/mtype212.a(eeprom.o)
                0x0000000000033724                simEEPROMChanged
                0x0000000000033728                simEEPROMRead
                0x000000000003372c                simEEPROMWritten
 .bss           0x0000000000033730        0x0 obj_cooja/mtype212.a(random.o)
 .bss           0x0000000000033730        0xc obj_cooja/mtype212.a(sensors.o)
 .bss           0x000000000003373c       0x28 obj_cooja/mtype212.a(dual_conf.o)
                0x000000000003373c                long_range_radio
 .bss           0x0000000000033764        0x0 obj_cooja/mtype212.a(autostart.o)
 .bss           0x0000000000033764        0x5 obj_cooja/mtype212.a(ctimer.o)
 *fill*         0x0000000000033769        0x3 
 .bss           0x000000000003376c        0x8 obj_cooja/mtype212.a(etimer.o)
 .bss           0x0000000000033774        0x0 obj_cooja/mtype212.a(log_message.o)
 *fill*         0x0000000000033774        0xc 
 .bss           0x0000000000033780      0x1b1 obj_cooja/mtype212.a(process.o)
                0x0000000000033780                process_list
                0x0000000000033784                process_current
 .bss           0x0000000000033931        0x0 obj_cooja/mtype212.a(residual.o)
 *fill*         0x0000000000033931        0x3 
 .bss           0x0000000000033934        0x4 obj_cooja/mtype212.a(rtimer.o)
 .bss           0x0000000000033938        0x0 obj_cooja/mtype212.a(timer.o)
 *fill*         0x0000000000033938        0x8 
 .bss           0x0000000000033940      0x140 obj_cooja/mtype212.a(serial-line.o)
 .bss           0x0000000000033a80        0x0 obj_cooja/mtype212.a(list.o)
 .bss           0x0000000000033a80        0x0 obj_cooja/mtype212.a(ringbuf.o)
 .bss           0x0000000000033a80      0x70c obj_cooja/mtype212.a(sicslowpan.o)
 *fill*         0x000000000003418c       0x14 
 .bss           0x00000000000341a0      0x2d0 obj_cooja/mtype212.a(uip-ds6-nbr.o)
 .bss           0x0000000000034470       0x30 obj_cooja/mtype212.a(uip-ds6.o)
 .bss           0x00000000000344a0        0xe obj_cooja/mtype212.a(uip6.o)
                0x00000000000344a0                uip_ext_bitmap
                0x00000000000344a1                uip_ext_len
                0x00000000000344a2                uip_ext_opt_offset
 *fill*         0x00000000000344ae       0x12 
 .bss           0x00000000000344c0       0x6b obj_cooja/mtype212.a(tcpip.o)
 .bss           0x000000000003452b        0x0 obj_cooja/mtype212.a(uip-debug.o)
 *fill*         0x000000000003452b       0x15 
 .bss           0x0000000000034540      0xcf8 obj_cooja/mtype212.a(uip-packetqueue)
 *fill*         0x0000000000035238        0x8 
 .bss           0x0000000000035240      0x1fe obj_cooja/mtype212.a(rpl-dag.o)
 .bss           0x000000000003543e        0x0 obj_cooja/mtype212.a(rpl-ext-header.)
 .bss           0x000000000003543e        0x0 obj_cooja/mtype212.a(rpl-icmp6.o)
 .bss           0x000000000003543e        0x0 obj_cooja/mtype212.a(rpl-ltmax.o)
 *fill*         0x000000000003543e        0x2 
 .bss           0x0000000000035440       0x23 obj_cooja/mtype212.a(rpl-timers.o)
 *fill*         0x0000000000035463        0x1 
 .bss           0x0000000000035464        0x4 obj_cooja/mtype212.a(rpl.o)
 .bss           0x0000000000035468        0x2 obj_cooja/mtype212.a(framer-802154.o)
 .bss           0x000000000003546a        0x0 obj_cooja/mtype212.a(nullmac.o)
 *fill*         0x000000000003546a       0x16 
 .bss           0x0000000000035480       0xa0 obj_cooja/mtype212.a(cxmac.o)
 .bss           0x0000000000035520        0x0 obj_cooja/mtype212.a(linkaddr.o)
 .bss           0x0000000000035520      0x20c obj_cooja/mtype212.a(nbr-table.o)
 .bss           0x000000000003572c        0x0 obj_cooja/mtype212.a(netstack.o)
 *fill*         0x000000000003572c       0x14 
 .bss           0x0000000000035740       0xa0 obj_cooja/mtype212.a(packetbuf.o)
 .bss           0x00000000000357e0      0xb80 obj_cooja/mtype212.a(queuebuf.o)
 .bss           0x0000000000036360        0x0 obj_cooja/mtype212.a(nullsec.o)
 .bss           0x0000000000036360        0x0 obj_cooja/mtype212.a(watchdog.o)
 .bss           0x0000000000036360        0x0 obj_cooja/mtype212.a(rimestats.o)
 .bss           0x0000000000036360        0x1 obj_cooja/mtype212.a(leds.o)
 .bss           0x0000000000036361        0x0 obj_cooja/mtype212.a(stimer.o)
 .bss           0x0000000000036361        0x0 obj_cooja/mtype212.a(memb.o)
 *fill*         0x0000000000036361       0x1f 
 .bss           0x0000000000036380      0x568 obj_cooja/mtype212.a(uip-ds6-route.o)
 .bss           0x00000000000368e8       0x18 obj_cooja/mtype212.a(uip-icmp6.o)
 .bss           0x0000000000036900        0x0 obj_cooja/mtype212.a(uip-nd6.o)
 .bss           0x0000000000036900       0x44 obj_cooja/mtype212.a(rpl-nbr-policy.)
 .bss           0x0000000000036944        0x0 obj_cooja/mtype212.a(frame802154.o)
 .bss           0x0000000000036944        0x0 obj_cooja/mtype212.a(mac.o)
 .bss           0x0000000000036944        0x0 /usr/lib/gcc/i686-linux-gnu/4.8/crtendS.o
 .bss           0x0000000000036944        0x0 /usr/lib/gcc/i686-linux-gnu/4.8/../../../i386-linux-gnu/crtn.o
 *(COMMON)
 COMMON         0x0000000000036944        0x2 udp-server.co
                0x0000000000036944                my_sink_reachability
                0x0000000000036945                my_parent_number
 *fill*         0x0000000000036946        0x2 
 COMMON         0x0000000000036948       0x4c obj_cooja/mtype212.o
                0x0000000000036948                dio_count
                0x000000000003694c                dis_count
                0x0000000000036950                collision_count
                0x0000000000036954                transmission_count
                0x0000000000036958                COOJA_radioRxLong
                0x000000000003695c                control_message_count
                0x0000000000036960                dao_count
                0x0000000000036964                COOJA_radioTx
                0x0000000000036968                referenceVar
                0x000000000003696c                data_relay_count
                0x0000000000036970                data_message_count
                0x0000000000036974                COOJA_radioTxLong
                0x0000000000036978                COOJA_radioRx
                0x000000000003697c                debugfp
                0x0000000000036980                COOJA_radioOn
                0x0000000000036984                COOJA_duration
                0x0000000000036988                dio_ack_count
                0x000000000003698c                COOJA_radioOnLong
                0x0000000000036990                sensors_flags
 COMMON         0x0000000000036994        0xc obj_cooja/mtype212.a(simEnvChange.o)
                0x0000000000036994                simEtimerPending
                0x0000000000036998                simProcessRunValue
                0x000000000003699c                simNextExpirationTime
 COMMON         0x00000000000369a0        0x1 obj_cooja/mtype212.a(beep.o)
                0x00000000000369a0                simBeeped
 COMMON         0x00000000000369a1        0x3 obj_cooja/mtype212.a(button-sensor.o)
                0x00000000000369a1                simButtonIsActive
                0x00000000000369a2                simButtonIsDown
                0x00000000000369a3                simButtonChanged
 COMMON         0x00000000000369a4        0x1 obj_cooja/mtype212.a(leds-arch.o)
                0x00000000000369a4                simLedsValue
 *fill*         0x00000000000369a5        0x3 
 COMMON         0x00000000000369a8        0xc obj_cooja/mtype212.a(moteid.o)
                0x00000000000369a8                simRandomSeed
                0x00000000000369ac                simMoteIDChanged
                0x00000000000369b0                simMoteID
 COMMON         0x00000000000369b4        0x2 obj_cooja/mtype212.a(pir-sensor.o)
                0x00000000000369b4                simPirIsActive
                0x00000000000369b5                simPirChanged
 *fill*         0x00000000000369b6        0xa 
 COMMON         0x00000000000369c0      0x820 obj_cooja/mtype212.a(rs232.o)
                0x00000000000369c0                simSerialReceivingFlag
                0x00000000000369c4                simSerialReceivingLength
                0x00000000000369e0                simSerialReceivingData
 COMMON         0x00000000000371e0        0x2 obj_cooja/mtype212.a(vib-sensor.o)
                0x00000000000371e0                simVibChanged
                0x00000000000371e1                simVibIsActive
 *fill*         0x00000000000371e2        0x2 
 COMMON         0x00000000000371e4        0x4 obj_cooja/mtype212.a(clock.o)
                0x00000000000371e4                simCurrentTime
 *fill*         0x00000000000371e8       0x18 
 COMMON         0x0000000000037200      0x420 obj_cooja/mtype212.a(log.o)
                0x0000000000037200                simLoggedLength
                0x0000000000037204                simLoggedFlag
                0x0000000000037220                simLoggedData
 COMMON         0x0000000000037620      0x240 obj_cooja/mtype212.a(cooja-radio.o)
                0x0000000000037620                simOutDataBuffer
                0x00000000000376a0                simRadioTarget
                0x00000000000376c0                simInDataBufferLR
                0x0000000000037740                simOutDataBufferLR
                0x00000000000377c0                dual_duty_cycle_count
                0x00000000000377e0                simInDataBuffer
 COMMON         0x0000000000037860      0x400 obj_cooja/mtype212.a(eeprom.o)
                0x0000000000037860                simEEPROMData
 COMMON         0x0000000000037c60        0x1 obj_cooja/mtype212.a(sensors.o)
                0x0000000000037c60                sensors_event
 *fill*         0x0000000000037c61        0x3 
 COMMON         0x0000000000037c64        0x4 obj_cooja/mtype212.a(log_message.o)
                0x0000000000037c64                log_fp
 COMMON         0x0000000000037c68        0x1 obj_cooja/mtype212.a(serial-line.o)
                0x0000000000037c68                serial_line_event_message
 *fill*         0x0000000000037c69       0x17 
 COMMON         0x0000000000037c80      0x12c obj_cooja/mtype212.a(uip-ds6-nbr.o)
                0x0000000000037c80                ds6_lr_addrmap
 *fill*         0x0000000000037dac       0x14 
 COMMON         0x0000000000037dc0      0x298 obj_cooja/mtype212.a(uip-ds6.o)
                0x0000000000037dc0                uip_ds6_prefix_list
                0x0000000000037e20                uip_ds6_timer_periodic
                0x0000000000037e30                uip_ds6_netif_addr_list_offset
                0x0000000000037e40                uip_ds6_if
                0x0000000000037f38                uip_ds6_timer_ra
                0x0000000000037f40                uip_ds6_addr_size
                0x0000000000037f60                long_uip_ds6_if
 *fill*         0x0000000000038058        0x8 
 COMMON         0x0000000000038060      0x8ec obj_cooja/mtype212.a(uip6.o)
                0x0000000000038060                uip_slen
                0x0000000000038062                uip_acc32
                0x0000000000038080                uip_conns
                0x0000000000038140                uip_lladdr
                0x0000000000038148                uip_appdata
                0x000000000003814c                uip_flags
                0x0000000000038160                uip_aligned_buf
                0x00000000000387a0                uip_listenports
                0x00000000000387b0                uip_len
                0x00000000000387b2                uip_long_lladdr
                0x00000000000387bc                uip_sappdata
                0x00000000000387c0                uip_udp_conns
                0x0000000000038940                uip_udp_conn
                0x0000000000038944                uip_next_hdr
                0x0000000000038948                uip_conn
 COMMON         0x000000000003894c        0x1 obj_cooja/mtype212.a(tcpip.o)
                0x000000000003894c                tcpip_event
 *fill*         0x000000000003894d       0x13 
 COMMON         0x0000000000038960      0x198 obj_cooja/mtype212.a(rpl-dag.o)
                0x0000000000038960                default_instance
                0x0000000000038980                instance_table
 COMMON         0x0000000000038af8       0x10 obj_cooja/mtype212.a(linkaddr.o)
                0x0000000000038af8                linkaddr_node_addr
                0x0000000000038b00                long_linkaddr_node_addr
 COMMON         0x0000000000038b08       0x2e obj_cooja/mtype212.a(packetbuf.o)
                0x0000000000038b08                packetbuf_attrs
                0x0000000000038b26                packetbuf_addrs
 *fill*         0x0000000000038b36        0xa 
 COMMON         0x0000000000038b40       0x48 obj_cooja/mtype212.a(rimestats.o)
                0x0000000000038b40                rimestats
                0x0000000000038b88                . = ALIGN ((. != 0x0)?0x4:0x1)
                0x0000000000038b88                . = ALIGN (0x4)
                0x0000000000038b88                . = SEGMENT_START ("ldata-segment", .)
                0x0000000000038b88                . = ALIGN (0x4)
                0x0000000000038b88                _end = .
                0x0000000000038b88                PROVIDE (end, .)
                0x0000000000038b88                . = DATA_SEGMENT_END (.)

.stab
 *(.stab)

.stabstr
 *(.stabstr)

.stab.excl
 *(.stab.excl)

.stab.exclstr
 *(.stab.exclstr)

.stab.index
 *(.stab.index)

.stab.indexstr
 *(.stab.indexstr)

.comment        0x0000000000000000       0x54
 *(.comment)
 .comment       0x0000000000000000       0x29 /usr/lib/gcc/i686-linux-gnu/4.8/crtbeginS.o
                                         0x2a (size before relaxing)
 .comment       0x0000000000000000       0x2a udp-server.co
 .comment       0x0000000000000000       0x2a obj_cooja/mtype212.o
 .comment       0x0000000000000000       0x2a obj_cooja/mtype212.a(simEnvChange.o)
 .comment       0x0000000000000000       0x2a obj_cooja/mtype212.a(cooja_mt.o)
 .comment       0x0000000000000000       0x2a obj_cooja/mtype212.a(cooja_mtarch.o)
 .comment       0x0000000000000000       0x2a obj_cooja/mtype212.a(rtimer-arch.o)
 .comment       0x0000000000000000       0x2a obj_cooja/mtype212.a(beep.o)
 .comment       0x0000000000000000       0x2a obj_cooja/mtype212.a(button-sensor.o)
 .comment       0x0000000000000000       0x2a obj_cooja/mtype212.a(leds-arch.o)
 .comment       0x0000000000000000       0x2a obj_cooja/mtype212.a(moteid.o)
 .comment       0x0000000000000000       0x2a obj_cooja/mtype212.a(pir-sensor.o)
 .comment       0x0000000000000000       0x2a obj_cooja/mtype212.a(rs232.o)
 .comment       0x0000000000000000       0x2a obj_cooja/mtype212.a(vib-sensor.o)
 .comment       0x0000000000000000       0x2a obj_cooja/mtype212.a(clock.o)
 .comment       0x0000000000000000       0x2a obj_cooja/mtype212.a(log.o)
 .comment       0x0000000000000000       0x2a obj_cooja/mtype212.a(cfs-cooja.o)
 .comment       0x0000000000000000       0x2a obj_cooja/mtype212.a(cooja-radio.o)
 .comment       0x0000000000000000       0x2a obj_cooja/mtype212.a(eeprom.o)
 .comment       0x0000000000000000       0x2a obj_cooja/mtype212.a(random.o)
 .comment       0x0000000000000000       0x2a obj_cooja/mtype212.a(sensors.o)
 .comment       0x0000000000000000       0x2a obj_cooja/mtype212.a(dual_conf.o)
 .comment       0x0000000000000000       0x2a obj_cooja/mtype212.a(autostart.o)
 .comment       0x0000000000000000       0x2a obj_cooja/mtype212.a(ctimer.o)
 .comment       0x0000000000000000       0x2a obj_cooja/mtype212.a(etimer.o)
 .comment       0x0000000000000000       0x2a obj_cooja/mtype212.a(log_message.o)
 .comment       0x0000000000000000       0x2a obj_cooja/mtype212.a(process.o)
 .comment       0x0000000000000000       0x2a obj_cooja/mtype212.a(residual.o)
 .comment       0x0000000000000000       0x2a obj_cooja/mtype212.a(rtimer.o)
 .comment       0x0000000000000000       0x2a obj_cooja/mtype212.a(timer.o)
 .comment       0x0000000000000000       0x2a obj_cooja/mtype212.a(serial-line.o)
 .comment       0x0000000000000029       0x2b obj_cooja/mtype212.a(list.o)
                                         0x2c (size before relaxing)
 .comment       0x0000000000000000       0x2a obj_cooja/mtype212.a(ringbuf.o)
 .comment       0x0000000000000000       0x2a obj_cooja/mtype212.a(sicslowpan.o)
 .comment       0x0000000000000000       0x2a obj_cooja/mtype212.a(uip-ds6-nbr.o)
 .comment       0x0000000000000000       0x2a obj_cooja/mtype212.a(uip-ds6.o)
 .comment       0x0000000000000000       0x2a obj_cooja/mtype212.a(uip6.o)
 .comment       0x0000000000000000       0x2a obj_cooja/mtype212.a(tcpip.o)
 .comment       0x0000000000000000       0x2a obj_cooja/mtype212.a(uip-debug.o)
 .comment       0x0000000000000000       0x2a obj_cooja/mtype212.a(uip-packetqueue)
 .comment       0x0000000000000000       0x2a obj_cooja/mtype212.a(rpl-dag.o)
 .comment       0x0000000000000000       0x2a obj_cooja/mtype212.a(rpl-ext-header.)
 .comment       0x0000000000000000       0x2a obj_cooja/mtype212.a(rpl-icmp6.o)
 .comment       0x0000000000000000       0x2a obj_cooja/mtype212.a(rpl-ltmax.o)
 .comment       0x0000000000000000       0x2a obj_cooja/mtype212.a(rpl-timers.o)
 .comment       0x0000000000000000       0x2a obj_cooja/mtype212.a(rpl.o)
 .comment       0x0000000000000000       0x2a obj_cooja/mtype212.a(framer-802154.o)
 .comment       0x0000000000000000       0x2a obj_cooja/mtype212.a(nullmac.o)
 .comment       0x0000000000000000       0x2a obj_cooja/mtype212.a(cxmac.o)
 .comment       0x0000000000000000       0x2a obj_cooja/mtype212.a(linkaddr.o)
 .comment       0x0000000000000000       0x2a obj_cooja/mtype212.a(nbr-table.o)
 .comment       0x0000000000000000       0x2a obj_cooja/mtype212.a(netstack.o)
 .comment       0x0000000000000000       0x2a obj_cooja/mtype212.a(packetbuf.o)
 .comment       0x0000000000000000       0x2a obj_cooja/mtype212.a(queuebuf.o)
 .comment       0x0000000000000000       0x2a obj_cooja/mtype212.a(nullsec.o)
 .comment       0x0000000000000000       0x2a obj_cooja/mtype212.a(watchdog.o)
 .comment       0x0000000000000000       0x2c obj_cooja/mtype212.a(rimestats.o)
 .comment       0x0000000000000000       0x2a obj_cooja/mtype212.a(leds.o)
 .comment       0x0000000000000000       0x2a obj_cooja/mtype212.a(stimer.o)
 .comment       0x0000000000000000       0x2a obj_cooja/mtype212.a(memb.o)
 .comment       0x0000000000000000       0x2a obj_cooja/mtype212.a(uip-ds6-route.o)
 .comment       0x0000000000000000       0x2a obj_cooja/mtype212.a(uip-icmp6.o)
 .comment       0x0000000000000000       0x2a obj_cooja/mtype212.a(uip-nd6.o)
 .comment       0x0000000000000000       0x2a obj_cooja/mtype212.a(rpl-nbr-policy.)
 .comment       0x0000000000000000       0x2a obj_cooja/mtype212.a(frame802154.o)
 .comment       0x0000000000000000       0x2a obj_cooja/mtype212.a(mac.o)
 .comment       0x0000000000000000       0x2a /usr/lib/gcc/i686-linux-gnu/4.8/crtendS.o

.debug
 *(.debug)

.line
 *(.line)

.debug_srcinfo
 *(.debug_srcinfo)

.debug_sfnames
 *(.debug_sfnames)

.debug_aranges  0x0000000000000000      0x818
 *(.debug_aranges)
 .debug_aranges
                0x0000000000000000       0x20 udp-server.co
 .debug_aranges
                0x0000000000000020       0x20 obj_cooja/mtype212.o
 .debug_aranges
                0x0000000000000040       0x20 obj_cooja/mtype212.a(simEnvChange.o)
 .debug_aranges
                0x0000000000000060       0x20 obj_cooja/mtype212.a(cooja_mt.o)
 .debug_aranges
                0x0000000000000080       0x20 obj_cooja/mtype212.a(cooja_mtarch.o)
 .debug_aranges
                0x00000000000000a0       0x20 obj_cooja/mtype212.a(rtimer-arch.o)
 .debug_aranges
                0x00000000000000c0       0x20 obj_cooja/mtype212.a(beep.o)
 .debug_aranges
                0x00000000000000e0       0x20 obj_cooja/mtype212.a(button-sensor.o)
 .debug_aranges
                0x0000000000000100       0x20 obj_cooja/mtype212.a(leds-arch.o)
 .debug_aranges
                0x0000000000000120       0x20 obj_cooja/mtype212.a(moteid.o)
 .debug_aranges
                0x0000000000000140       0x20 obj_cooja/mtype212.a(pir-sensor.o)
 .debug_aranges
                0x0000000000000160       0x20 obj_cooja/mtype212.a(rs232.o)
 .debug_aranges
                0x0000000000000180       0x20 obj_cooja/mtype212.a(vib-sensor.o)
 .debug_aranges
                0x00000000000001a0       0x20 obj_cooja/mtype212.a(clock.o)
 .debug_aranges
                0x00000000000001c0       0x20 obj_cooja/mtype212.a(log.o)
 .debug_aranges
                0x00000000000001e0       0x20 obj_cooja/mtype212.a(cfs-cooja.o)
 .debug_aranges
                0x0000000000000200       0x20 obj_cooja/mtype212.a(cooja-radio.o)
 .debug_aranges
                0x0000000000000220       0x20 obj_cooja/mtype212.a(eeprom.o)
 .debug_aranges
                0x0000000000000240       0x20 obj_cooja/mtype212.a(random.o)
 .debug_aranges
                0x0000000000000260       0x20 obj_cooja/mtype212.a(sensors.o)
 .debug_aranges
                0x0000000000000280       0x20 obj_cooja/mtype212.a(dual_conf.o)
 .debug_aranges
                0x00000000000002a0       0x20 obj_cooja/mtype212.a(autostart.o)
 .debug_aranges
                0x00000000000002c0       0x20 obj_cooja/mtype212.a(ctimer.o)
 .debug_aranges
                0x00000000000002e0       0x20 obj_cooja/mtype212.a(etimer.o)
 .debug_aranges
                0x0000000000000300       0x20 obj_cooja/mtype212.a(log_message.o)
 .debug_aranges
                0x0000000000000320       0x20 obj_cooja/mtype212.a(process.o)
 .debug_aranges
                0x0000000000000340       0x20 obj_cooja/mtype212.a(residual.o)
 .debug_aranges
                0x0000000000000360       0x20 obj_cooja/mtype212.a(rtimer.o)
 .debug_aranges
                0x0000000000000380       0x20 obj_cooja/mtype212.a(timer.o)
 .debug_aranges
                0x00000000000003a0       0x20 obj_cooja/mtype212.a(serial-line.o)
 .debug_aranges
                0x00000000000003c0       0x20 obj_cooja/mtype212.a(list.o)
 .debug_aranges
                0x00000000000003e0       0x20 obj_cooja/mtype212.a(ringbuf.o)
 .debug_aranges
                0x0000000000000400       0x20 obj_cooja/mtype212.a(sicslowpan.o)
 .debug_aranges
                0x0000000000000420       0x20 obj_cooja/mtype212.a(uip-ds6-nbr.o)
 .debug_aranges
                0x0000000000000440       0x20 obj_cooja/mtype212.a(uip-ds6.o)
 .debug_aranges
                0x0000000000000460       0x20 obj_cooja/mtype212.a(uip6.o)
 .debug_aranges
                0x0000000000000480       0x20 obj_cooja/mtype212.a(tcpip.o)
 .debug_aranges
                0x00000000000004a0       0x20 obj_cooja/mtype212.a(uip-debug.o)
 .debug_aranges
                0x00000000000004c0       0x20 obj_cooja/mtype212.a(uip-packetqueue)
 .debug_aranges
                0x00000000000004e0       0x20 obj_cooja/mtype212.a(rpl-dag.o)
 .debug_aranges
                0x0000000000000500       0x20 obj_cooja/mtype212.a(rpl-ext-header.)
 .debug_aranges
                0x0000000000000520       0x20 obj_cooja/mtype212.a(rpl-icmp6.o)
 .debug_aranges
                0x0000000000000540       0x20 obj_cooja/mtype212.a(rpl-ltmax.o)
 .debug_aranges
                0x0000000000000560       0x20 obj_cooja/mtype212.a(rpl-timers.o)
 .debug_aranges
                0x0000000000000580       0x20 obj_cooja/mtype212.a(rpl.o)
 .debug_aranges
                0x00000000000005a0       0x20 obj_cooja/mtype212.a(framer-802154.o)
 .debug_aranges
                0x00000000000005c0       0x20 obj_cooja/mtype212.a(nullmac.o)
 .debug_aranges
                0x00000000000005e0       0x20 obj_cooja/mtype212.a(cxmac.o)
 .debug_aranges
                0x0000000000000600       0x20 obj_cooja/mtype212.a(linkaddr.o)
 .debug_aranges
                0x0000000000000620       0x20 obj_cooja/mtype212.a(nbr-table.o)
 .debug_aranges
                0x0000000000000640       0x20 obj_cooja/mtype212.a(netstack.o)
 .debug_aranges
                0x0000000000000660       0x20 obj_cooja/mtype212.a(packetbuf.o)
 .debug_aranges
                0x0000000000000680       0x20 obj_cooja/mtype212.a(queuebuf.o)
 .debug_aranges
                0x00000000000006a0       0x20 obj_cooja/mtype212.a(nullsec.o)
 .debug_aranges
                0x00000000000006c0       0x20 obj_cooja/mtype212.a(watchdog.o)
 .debug_aranges
                0x00000000000006e0       0x18 obj_cooja/mtype212.a(rimestats.o)
 .debug_aranges
                0x00000000000006f8       0x20 obj_cooja/mtype212.a(leds.o)
 .debug_aranges
                0x0000000000000718       0x20 obj_cooja/mtype212.a(stimer.o)
 .debug_aranges
                0x0000000000000738       0x20 obj_cooja/mtype212.a(memb.o)
 .debug_aranges
                0x0000000000000758       0x20 obj_cooja/mtype212.a(uip-ds6-route.o)
 .debug_aranges
                0x0000000000000778       0x20 obj_cooja/mtype212.a(uip-icmp6.o)
 .debug_aranges
                0x0000000000000798       0x20 obj_cooja/mtype212.a(uip-nd6.o)
 .debug_aranges
                0x00000000000007b8       0x20 obj_cooja/mtype212.a(rpl-nbr-policy.)
 .debug_aranges
                0x00000000000007d8       0x20 obj_cooja/mtype212.a(frame802154.o)
 .debug_aranges
                0x00000000000007f8       0x20 obj_cooja/mtype212.a(mac.o)

.debug_pubnames
 *(.debug_pubnames)

.debug_info     0x0000000000000000    0x1cbd8
 *(.debug_info .gnu.linkonce.wi.*)
 .debug_info    0x0000000000000000      0xe4b udp-server.co
 .debug_info    0x0000000000000e4b     0x3ac4 obj_cooja/mtype212.o
 .debug_info    0x000000000000490f      0x15a obj_cooja/mtype212.a(simEnvChange.o)
 .debug_info    0x0000000000004a69      0x1e2 obj_cooja/mtype212.a(cooja_mt.o)
 .debug_info    0x0000000000004c4b      0x2e7 obj_cooja/mtype212.a(cooja_mtarch.o)
 .debug_info    0x0000000000004f32      0x16b obj_cooja/mtype212.a(rtimer-arch.o)
 .debug_info    0x000000000000509d      0x1f3 obj_cooja/mtype212.a(beep.o)
 .debug_info    0x0000000000005290      0x257 obj_cooja/mtype212.a(button-sensor.o)
 .debug_info    0x00000000000054e7      0x132 obj_cooja/mtype212.a(leds-arch.o)
 .debug_info    0x0000000000005619      0x10a obj_cooja/mtype212.a(moteid.o)
 .debug_info    0x0000000000005723      0x216 obj_cooja/mtype212.a(pir-sensor.o)
 .debug_info    0x0000000000005939      0x21e obj_cooja/mtype212.a(rs232.o)
 .debug_info    0x0000000000005b57      0x216 obj_cooja/mtype212.a(vib-sensor.o)
 .debug_info    0x0000000000005d6d      0x152 obj_cooja/mtype212.a(clock.o)
 .debug_info    0x0000000000005ebf      0x2bb obj_cooja/mtype212.a(log.o)
 .debug_info    0x000000000000617a      0x3cf obj_cooja/mtype212.a(cfs-cooja.o)
 .debug_info    0x0000000000006549      0xd30 obj_cooja/mtype212.a(cooja-radio.o)
 .debug_info    0x0000000000007279      0x1d5 obj_cooja/mtype212.a(eeprom.o)
 .debug_info    0x000000000000744e       0xb3 obj_cooja/mtype212.a(random.o)
 .debug_info    0x0000000000007501      0x36d obj_cooja/mtype212.a(sensors.o)
 .debug_info    0x000000000000786e      0xc68 obj_cooja/mtype212.a(dual_conf.o)
 .debug_info    0x00000000000084d6      0x1a5 obj_cooja/mtype212.a(autostart.o)
 .debug_info    0x000000000000867b      0x46c obj_cooja/mtype212.a(ctimer.o)