Archive member included to satisfy reference by file (symbol)

obj_cooja/mtype257.a(simEnvChange.o)
                              obj_cooja/mtype257.o (simDontFallAsleep)
obj_cooja/mtype257.a(cooja_mt.o)
                              obj_cooja/mtype257.o (cooja_mt_start)
obj_cooja/mtype257.a(cooja_mtarch.o)
                              obj_cooja/mtype257.a(cooja_mt.o) (cooja_mtarch_init)
obj_cooja/mtype257.a(rtimer-arch.o)
                              obj_cooja/mtype257.o (rtimer_arch_next)
obj_cooja/mtype257.a(beep.o)  obj_cooja/mtype257.o (beep_interface)
obj_cooja/mtype257.a(button-sensor.o)
                              obj_cooja/mtype257.o (button_interface)
obj_cooja/mtype257.a(leds-arch.o)
                              obj_cooja/mtype257.o (leds_interface)
obj_cooja/mtype257.a(moteid.o)
                              obj_cooja/mtype257.o (moteid_interface)
obj_cooja/mtype257.a(pir-sensor.o)
                              obj_cooja/mtype257.o (pir_interface)
obj_cooja/mtype257.a(rs232.o)
                              obj_cooja/mtype257.o (rs232_interface)
obj_cooja/mtype257.a(vib-sensor.o)
                              obj_cooja/mtype257.o (vib_interface)
obj_cooja/mtype257.a(clock.o)
                              obj_cooja/mtype257.o (clock_interface)
obj_cooja/mtype257.a(log.o)   obj_cooja/mtype257.o (simlog_interface)
obj_cooja/mtype257.a(cfs-cooja.o)
                              obj_cooja/mtype257.o (cfs_interface)
obj_cooja/mtype257.a(cooja-radio.o)
                              obj_cooja/mtype257.o (radio_interface)
obj_cooja/mtype257.a(eeprom.o)
                              obj_cooja/mtype257.o (eeprom_interface)
obj_cooja/mtype257.a(random.o)
                              obj_cooja/mtype257.a(moteid.o) (random_init)
obj_cooja/mtype257.a(sensors.o)
                              obj_cooja/mtype257.o (sensors_process)
obj_cooja/mtype257.a(dual_conf.o)
                              obj_cooja/mtype257.a(cooja-radio.o) (long_range_radio)
obj_cooja/mtype257.a(autostart.o)
                              obj_cooja/mtype257.o (autostart_start)
obj_cooja/mtype257.a(ctimer.o)
                              obj_cooja/mtype257.o (ctimer_init)
obj_cooja/mtype257.a(etimer.o)
                              obj_cooja/mtype257.o (etimer_process)
obj_cooja/mtype257.a(log_message.o)
                              obj_cooja/mtype257.o (log_initialization)
obj_cooja/mtype257.a(process.o)
                              udp-client.co (process_current)
obj_cooja/mtype257.a(residual.o)
                              udp-client.co (get_residual_energy)
obj_cooja/mtype257.a(rtimer.o)
                              obj_cooja/mtype257.a(rtimer-arch.o) (rtimer_run_next)
obj_cooja/mtype257.a(stimer.o)
                              udp-client.co (stimer_remaining)
obj_cooja/mtype257.a(timer.o)
                              obj_cooja/mtype257.a(button-sensor.o) (timer_set)
obj_cooja/mtype257.a(serial-line.o)
                              udp-client.co (serial_line_event_message)
obj_cooja/mtype257.a(list.o)  obj_cooja/mtype257.a(ctimer.o) (list_init)
obj_cooja/mtype257.a(ringbuf.o)
                              obj_cooja/mtype257.a(serial-line.o) (ringbuf_init)
obj_cooja/mtype257.a(sicslowpan.o)
                              obj_cooja/mtype257.o (sicslowpan_driver)
obj_cooja/mtype257.a(uip-ds6-nbr.o)
                              obj_cooja/mtype257.a(sicslowpan.o) (uip_ds6_link_neighbor_callback)
obj_cooja/mtype257.a(uip-ds6-route.o)
                              udp-client.co (uip_ds6_route_nexthop)
obj_cooja/mtype257.a(uip-ds6.o)
                              udp-client.co (uip_ds6_if)
obj_cooja/mtype257.a(uip6.o)  udp-client.co (uip_lladdr)
obj_cooja/mtype257.a(tcpip.o)
                              udp-client.co (tcpip_event)
obj_cooja/mtype257.a(uip-debug.o)
                              udp-client.co (uip_debug_ipaddr_print)
obj_cooja/mtype257.a(uip-packetqueue)
                              obj_cooja/mtype257.a(uip-ds6-nbr.o) (uip_packetqueue_new)
obj_cooja/mtype257.a(uip-udp-packet.)
                              udp-client.co (uip_udp_packet_sendto)
obj_cooja/mtype257.a(rpl-dag.o)
                              obj_cooja/mtype257.a(tcpip.o) (rpl_repair_root)
obj_cooja/mtype257.a(rpl-ext-header.)
                              obj_cooja/mtype257.a(uip6.o) (rpl_verify_header)
obj_cooja/mtype257.a(rpl-icmp6.o)
                              obj_cooja/mtype257.a(rpl-dag.o) (rpl_icmp6_update_nbr_table)
obj_cooja/mtype257.a(rpl-ltmax.o)
                              obj_cooja/mtype257.a(rpl-dag.o) (rpl_ltmax_of)
obj_cooja/mtype257.a(rpl-timers.o)
                              obj_cooja/mtype257.a(rpl-dag.o) (rpl_reset_dio_timer)
obj_cooja/mtype257.a(rpl.o)   obj_cooja/mtype257.a(rpl-icmp6.o) (rpl_get_mode)
obj_cooja/mtype257.a(framer-802154.o)
                              obj_cooja/mtype257.a(sicslowpan.o) (framer_802154)
obj_cooja/mtype257.a(nullmac.o)
                              obj_cooja/mtype257.o (nullmac_driver)
[...]
Memory Configuration

Name             Origin             Length             Attributes
*default*        0x0000000000000000 0xffffffffffffffff

Linker script and memory map

LOAD /usr/lib/gcc/i686-linux-gnu/4.8/../../../i386-linux-gnu/crti.o
LOAD /usr/lib/gcc/i686-linux-gnu/4.8/crtbeginS.o
LOAD udp-client.co
LOAD obj_cooja/mtype257.o
LOAD obj_cooja/mtype257.a
LOAD /usr/lib/gcc/i686-linux-gnu/4.8/libgcc.a
LOAD /usr/lib/gcc/i686-linux-gnu/4.8/libgcc_s.so
LOAD /usr/lib/gcc/i686-linux-gnu/4.8/../../../i386-linux-gnu/libc.so
START GROUP
LOAD /lib/i386-linux-gnu/libc.so.6
LOAD /usr/lib/i386-linux-gnu/libc_nonshared.a
LOAD /lib/i386-linux-gnu/ld-linux.so.2
END GROUP
LOAD /usr/lib/gcc/i686-linux-gnu/4.8/libgcc.a
LOAD /usr/lib/gcc/i686-linux-gnu/4.8/libgcc_s.so
LOAD /usr/lib/gcc/i686-linux-gnu/4.8/crtendS.o
LOAD /usr/lib/gcc/i686-linux-gnu/4.8/../../../i386-linux-gnu/crtn.o
                0x0000000000000114                . = (0x0 + SIZEOF_HEADERS)

.note.gnu.build-id
                0x0000000000000114       0x24
 *(.note.gnu.build-id)
 .note.gnu.build-id
                0x0000000000000114       0x24 /usr/lib/gcc/i686-linux-gnu/4.8/../../../i386-linux-gnu/crti.o

.hash
 *(.hash)

.gnu.hash       0x0000000000000138     0x1378
 *(.gnu.hash)
 .gnu.hash      0x0000000000000138     0x1378 /usr/lib/gcc/i686-linux-gnu/4.8/../../../i386-linux-gnu/crti.o

.dynsym         0x00000000000014b0     0x2640
 *(.dynsym)
 .dynsym        0x00000000000014b0     0x2640 /usr/lib/gcc/i686-linux-gnu/4.8/../../../i386-linux-gnu/crti.o

.dynstr         0x0000000000003af0     0x2769
 *(.dynstr)
 .dynstr        0x0000000000003af0     0x2769 /usr/lib/gcc/i686-linux-gnu/4.8/../../../i386-linux-gnu/crti.o

.gnu.version    0x000000000000625a      0x4c8
 *(.gnu.version)
 .gnu.version   0x000000000000625a      0x4c8 /usr/lib/gcc/i686-linux-gnu/4.8/../../../i386-linux-gnu/crti.o

.gnu.version_d  0x0000000000006724        0x0
 *(.gnu.version_d)
 .gnu.version_d
                0x0000000000000000        0x0 /usr/lib/gcc/i686-linux-gnu/4.8/../../../i386-linux-gnu/crti.o

.gnu.version_r  0x0000000000006724       0x50
 *(.gnu.version_r)
 .gnu.version_r
                0x0000000000006724       0x50 /usr/lib/gcc/i686-linux-gnu/4.8/../../../i386-linux-gnu/crti.o

.rel.dyn        0x0000000000006774     0x9428
 *(.rel.init)
 .rel.init      0x0000000000000000        0x0 /usr/lib/gcc/i686-linux-gnu/4.8/../../../i386-linux-gnu/crti.o
 *(.rel.text .rel.text.* .rel.gnu.linkonce.t.*)
 .rel.text      0x0000000000006774     0x8c98 /usr/lib/gcc/i686-linux-gnu/4.8/../../../i386-linux-gnu/crti.o
 *(.rel.fini)
 .rel.fini      0x0000000000000000        0x0 /usr/lib/gcc/i686-linux-gnu/4.8/../../../i386-linux-gnu/crti.o
 *(.rel.rodata .rel.rodata.* .rel.gnu.linkonce.r.*)
 .rel.rodata    0x000000000000f40c      0x4e0 /usr/lib/gcc/i686-linux-gnu/4.8/../../../i386-linux-gnu/crti.o
 *(.rel.data.rel.ro .rel.data.rel.ro.* .rel.gnu.linkonce.d.rel.ro.*)
 *(.rel.data .rel.data.* .rel.gnu.linkonce.d.*)
 .rel.data.rel  0x000000000000f8ec        0x8 /usr/lib/gcc/i686-linux-gnu/4.8/../../../i386-linux-gnu/crti.o
 .rel.data      0x000000000000f8f4      0x270 /usr/lib/gcc/i686-linux-gnu/4.8/../../../i386-linux-gnu/crti.o
 *(.rel.tdata .rel.tdata.* .rel.gnu.linkonce.td.*)
 *(.rel.tbss .rel.tbss.* .rel.gnu.linkonce.tb.*)
 *(.rel.ctors)
 *(.rel.dtors)
 *(.rel.got)
 .rel.got       0x000000000000fb64       0x28 /usr/lib/gcc/i686-linux-gnu/4.8/../../../i386-linux-gnu/crti.o
 *(.rel.bss .rel.bss.* .rel.gnu.linkonce.b.*)
 *(.rel.ifunc)
 .rel.ifunc     0x0000000000000000        0x0 /usr/lib/gcc/i686-linux-gnu/4.8/../../../i386-linux-gnu/crti.o
 .rel.fini_array
                0x000000000000fb8c        0x8 /usr/lib/gcc/i686-linux-gnu/4.8/../../../i386-linux-gnu/crti.o
 .rel.init_array
                0x000000000000fb94        0x8 /usr/lib/gcc/i686-linux-gnu/4.8/../../../i386-linux-gnu/crti.o

.rel.plt        0x000000000000fb9c       0x10
 *(.rel.plt)
 .rel.plt       0x000000000000fb9c       0x10 /usr/lib/gcc/i686-linux-gnu/4.8/../../../i386-linux-gnu/crti.o
 *(.rel.iplt)

.init           0x000000000000fbac       0x23
 *(SORT(.init))
 .init          0x000000000000fbac       0x1e /usr/lib/gcc/i686-linux-gnu/4.8/../../../i386-linux-gnu/crti.o
                0x000000000000fbac                _init
 .init          0x000000000000fbca        0x5 /usr/lib/gcc/i686-linux-gnu/4.8/../../../i386-linux-gnu/crtn.o

.plt            0x000000000000fbd0       0x30
 *(.plt)
 .plt           0x000000000000fbd0       0x30 /usr/lib/gcc/i686-linux-gnu/4.8/../../../i386-linux-gnu/crti.o
 *(.iplt)

.text           0x000000000000fc00    0x1692d
 *(.text.unlikely .text.*_unlikely .text.unlikely.*)
 *(.text.exit .text.exit.*)
 *(.text.startup .text.startup.*)
 *(.text.hot .text.hot.*)
 *(.text .stub .text.* .gnu.linkonce.t.*)
 .text          0x000000000000fc00        0x0 /usr/lib/gcc/i686-linux-gnu/4.8/../../../i386-linux-gnu/crti.o
 .gnu.linkonce.t.__x86.get_pc_thunk.bx
                0x000000000000fc00        0x4 /usr/lib/gcc/i686-linux-gnu/4.8/../../../i386-linux-gnu/crti.o
                0x000000000000fc00                __x86.get_pc_thunk.bx
 *fill*         0x000000000000fc04        0xc 
 .text          0x000000000000fc10      0x11b /usr/lib/gcc/i686-linux-gnu/4.8/crtbeginS.o
 .text          0x000000000000fd2b      0x790 udp-client.co
 .text          0x00000000000104bb      0x96a obj_cooja/mtype257.o
                0x0000000000010669                contiki_init
                0x0000000000010c3c                Java_org_contikios_cooja_corecomm_Lib17_init
                0x0000000000010c7c                Java_org_contikios_cooja_corecomm_Lib17_getMemory
                0x0000000000010cbc                Java_org_contikios_cooja_corecomm_Lib17_setMemory
                0x0000000000010d33                Java_org_contikios_cooja_corecomm_Lib17_tick
                0x0000000000010e13                Java_org_contikios_cooja_corecomm_Lib17_setReferenceAddress
 .text          0x0000000000010e25       0x63 obj_cooja/mtype257.a(simEnvChange.o)
                0x0000000000010e25                doActionsBeforeTick
                0x0000000000010e56                doActionsAfterTick
 .text          0x0000000000010e88       0xbc obj_cooja/mtype257.a(cooja_mt.o)
                0x0000000000010e88                cooja_mt_init
                0x0000000000010e95                cooja_mt_remove
                0x0000000000010ea2                cooja_mt_start
                0x0000000000010ecf                cooja_mt_exec
                0x0000000000010f00                cooja_mt_exit
                0x0000000000010f22                cooja_mt_yield
 .text          0x0000000000010f44      0x115 obj_cooja/mtype257.a(cooja_mtarch.o)
                0x0000000000010f44                cooja_mtarch_init
                0x0000000000010f49                cooja_mtarch_start
                0x0000000000010fc4                cooja_sw
                0x0000000000010fe6                cooja_mtarch_exec
                0x0000000000011002                cooja_mtarch_remove
                0x0000000000011007                cooja_mtarch_yield
                0x0000000000011011                cooja_mtarch_pstop
                0x0000000000011016                cooja_mtarch_pstart
                0x000000000001101b                cooja_mtarch_stack_usage
 .text          0x0000000000011059       0xc2 obj_cooja/mtype257.a(rtimer-arch.o)
                0x0000000000011059                rtimer_arch_init
                0x000000000001107c                rtimer_arch_schedule
                0x0000000000011093                rtimer_arch_next
                0x000000000001109d                rtimer_arch_pending
                0x00000000000110a7                rtimer_arch_check
                0x00000000000110d9                rtimer_arch_now
 .text          0x000000000001111b       0x76 obj_cooja/mtype257.a(beep.o)
                0x000000000001111b                beep_alarm
                0x0000000000011127                beep_beep
                0x0000000000011133                beep
                0x000000000001113f                beep_down
                0x000000000001114b                beep_on
                0x0000000000011157                beep_off
                0x0000000000011163                beep_spinup
                0x000000000001116f                beep_quick
                0x000000000001117b                beep_long
 .text          0x0000000000011191      0x103 obj_cooja/mtype257.a(button-sensor.o)
 .text          0x0000000000011294       0x45 obj_cooja/mtype257.a(leds-arch.o)
                0x0000000000011294                leds_arch_init
                0x00000000000112a0                leds_arch_get
                0x00000000000112ac                leds_arch_set
 .text          0x00000000000112d9       0x2f obj_cooja/mtype257.a(moteid.o)
 .text          0x0000000000011308       0xb1 obj_cooja/mtype257.a(pir-sensor.o)
 .text          0x00000000000113b9      0x131 obj_cooja/mtype257.a(rs232.o)
                0x00000000000113b9                rs232_init
                0x00000000000113be                rs232_set_speed
                0x00000000000113cc                rs232_set_input
                0x00000000000113d9                rs232_send
                0x00000000000113fb                rs232_print
                0x0000000000011416                slip_arch_writeb
 .text          0x00000000000114ea       0xb1 obj_cooja/mtype257.a(vib-sensor.o)
 .text          0x000000000001159b       0x34 obj_cooja/mtype257.a(clock.o)
                0x000000000001159b                clock_init
                0x00000000000115a0                clock_time
                0x00000000000115aa                clock_seconds
                0x00000000000115c0                clock_delay
 .text          0x00000000000115cf      0x1ed obj_cooja/mtype257.a(log.o)
                0x00000000000115cf                simlog_char
                0x0000000000011611                simlog
                0x000000000001167e                log_message
                0x00000000000116a6                log_set_putchar_with_slip
                0x00000000000116b3                log_putchar
                0x0000000000011737                log_puts
                0x000000000001175b                log_printf
 .text          0x00000000000117bc      0x2c4 obj_cooja/mtype257.a(cfs-cooja.o)
                0x00000000000117bc                cfs_open
                0x0000000000011825                cfs_close
                0x0000000000011831                cfs_read
                0x00000000000118cf                cfs_write
                0x00000000000119ac                cfs_seek
                0x0000000000011a34                cfs_remove
                0x0000000000011a5d                cfs_opendir
                0x0000000000011a67                cfs_readdir
                0x0000000000011a71                cfs_closedir
 .text          0x0000000000011a80      0x687 obj_cooja/mtype257.a(cooja-radio.o)
                0x0000000000011aaa                radio_set_channel
                0x0000000000011abf                radio_set_txpower
                0x0000000000011adf                radio_signal_strength_last
                0x0000000000011ae9                radio_signal_strength_current
                0x0000000000011af3                radio_LQI
 .text          0x0000000000012107       0xef obj_cooja/mtype257.a(eeprom.o)
                0x0000000000012107                eeprom_init
                0x000000000001210c                eeprom_read
                0x000000000001217c                eeprom_write
 .text          0x00000000000121f6       0x28 obj_cooja/mtype257.a(random.o)
                0x00000000000121f6                random_init
                0x0000000000012211                random_rand
 .text          0x000000000001221e      0x2a1 obj_cooja/mtype257.a(sensors.o)
                0x0000000000012259                sensors_first
                0x0000000000012263                sensors_next
                0x0000000000012280                sensors_changed
                0x00000000000122af                sensors_find
 .text          0x00000000000124bf      0x37b obj_cooja/mtype257.a(dual_conf.o)
                0x00000000000124bf                dual_radio_switch
                0x00000000000124ff                dual_radio_change
                0x0000000000012539                sending_in_LR
                0x0000000000012564                dual_radio_received
                0x00000000000125b7                radio_received_is_longrange
                0x00000000000125d2                dual_radio_turn_on
                0x00000000000125f5                dual_radio_turn_off
                0x00000000000127f0                dio_broadcast
                0x0000000000012819                dis_broadcast
 .text          0x000000000001283a       0x8e obj_cooja/mtype257.a(autostart.o)
                0x000000000001283a                autostart_start
                0x0000000000012885                autostart_exit
 .text          0x00000000000128c8      0x334 obj_cooja/mtype257.a(ctimer.o)
                0x00000000000129df                ctimer_init
                0x0000000000012a0f                ctimer_set
                0x0000000000012a40                ctimer_set_with_process
                0x0000000000012abc                ctimer_reset
                0x0000000000012b0b                ctimer_restart
                0x0000000000012b5a                ctimer_stop
                0x0000000000012ba5                ctimer_expired
 .text          0x0000000000012bfc      0x40b obj_cooja/mtype257.a(etimer.o)
                0x0000000000012e0f                etimer_request_poll
                0x0000000000012e93                etimer_set
                0x0000000000012eb8                etimer_reset_with_new_interval
                0x0000000000012edf                etimer_reset
                0x0000000000012efd                etimer_restart
                0x0000000000012f1b                etimer_adjust
                0x0000000000012f37                etimer_expired
                0x0000000000012f4a                etimer_expiration_time
                0x0000000000012f5c                etimer_start_time
                0x0000000000012f66                etimer_pending
                0x0000000000012f78                etimer_next_expiration_time
                0x0000000000012f92                etimer_stop
 .text          0x0000000000013007       0xdd obj_cooja/mtype257.a(log_message.o)
                0x0000000000013007                log_initialization
                0x00000000000130c3                log_finisher
 .text          0x00000000000130e4      0x560 obj_cooja/mtype257.a(process.o)
                0x00000000000130e4                process_alloc_event
                0x00000000000130f9                process_start
                0x00000000000132e2                process_exit
                0x00000000000132fe                process_init
                0x00000000000134cf                process_run
                0x0000000000013502                process_nevents
                0x000000000001351d                process_post
                0x00000000000135c9                process_post_synch
                0x0000000000013601                process_poll
                0x0000000000013630                process_is_running
 .text          0x0000000000013644       0xd3 obj_cooja/mtype257.a(residual.o)
                0x0000000000013644                get_residual_energy
 .text          0x0000000000013717       0xba obj_cooja/mtype257.a(rtimer.o)
                0x0000000000013717                rtimer_init
                0x0000000000013724                rtimer_set
                0x000000000001377b                rtimer_run_next
 .text          0x00000000000137d1       0xa3 obj_cooja/mtype257.a(stimer.o)
                0x00000000000137d1                stimer_set
                0x00000000000137ec                stimer_reset
                0x0000000000013803                stimer_restart
                0x0000000000013815                stimer_expired
                0x000000000001383c                stimer_remaining
                0x0000000000013860                stimer_elapsed
 .text          0x0000000000013874       0x91 obj_cooja/mtype257.a(timer.o)
                0x0000000000013874                timer_set
                0x000000000001388f                timer_reset
                0x00000000000138a6                timer_restart
                0x00000000000138b8                timer_expired
                0x00000000000138e1                timer_remaining
 .text          0x0000000000013905      0x1fb obj_cooja/mtype257.a(serial-line.o)
                0x0000000000013905                serial_line_input_byte
                0x0000000000013ac8                serial_line_init
 .text          0x0000000000013b00      0x244 obj_cooja/mtype257.a(list.o)
                0x0000000000013b00                list_init
                0x0000000000013b0e                list_head
                0x0000000000013b18                list_copy
                0x0000000000013b27                list_tail
                0x0000000000013b5d                list_add
                0x0000000000013ba6                list_push
                0x0000000000013bd2                list_chop
                0x0000000000013c3c                list_pop
                0x0000000000013c64                list_remove
                0x0000000000013ccb                list_length
                0x0000000000013cf9                list_insert
                0x0000000000013d2d                list_item_next
 .text          0x0000000000013d44      0x155 obj_cooja/mtype257.a(ringbuf.o)
                0x0000000000013d44                ringbuf_init
                0x0000000000013d75                ringbuf_put
                0x0000000000013df3                ringbuf_get
                0x0000000000013e60                ringbuf_size
                0x0000000000013e72                ringbuf_elements
 .text          0x0000000000013e99     0x258b obj_cooja/mtype257.a(sicslowpan.o)
                0x0000000000014423                rime_sniffer_add
                0x0000000000014430                rime_sniffer_remove
                0x00000000000163c3                sicslowpan_init
                0x000000000001641a                sicslowpan_get_last_rssi
 .text          0x0000000000016424      0x2dc obj_cooja/mtype257.a(uip-ds6-nbr.o)
                0x0000000000016441                uip_ds6_neighbors_init
                0x000000000001645e                uip_ds6_nbr_add
                0x000000000001650f                uip_ds6_nbr_rm
                0x000000000001656c                uip_ds6_nbr_get_ipaddr
                0x0000000000016581                uip_ds6_nbr_get_ll
                0x000000000001659d                uip_ds6_nbr_num
                0x00000000000165e2                uip_ds6_nbr_lookup
                0x0000000000016647                uip_ds6_nbr_ll_lookup
                0x0000000000016663                uip_ds6_nbr_ipaddr_from_lladdr
                0x0000000000016689                uip_ds6_nbr_lladdr_from_ipaddr
                0x00000000000166b7                uip_ds6_link_neighbor_callback
 .text          0x0000000000016700      0x916 obj_cooja/mtype257.a(uip-ds6-route.o)
                0x0000000000016777                uip_ds6_notification_add
                0x00000000000167a8                uip_ds6_notification_rm
                0x00000000000167c4                uip_ds6_route_init
                0x000000000001684c                uip_ds6_route_nexthop
                0x0000000000016874                uip_ds6_route_head
                0x0000000000016889                uip_ds6_route_next
                0x00000000000168af                uip_ds6_route_is_nexthop
                0x00000000000168ee                uip_ds6_route_num_routes
                0x00000000000168f8                uip_ds6_route_lookup
                0x00000000000169ba                uip_ds6_route_add
                0x0000000000016bee                uip_ds6_route_rm
                0x0000000000016d82                uip_ds6_route_rm_by_nexthop
                0x0000000000016dba                uip_ds6_defrt_add
                0x0000000000016e6b                uip_ds6_defrt_rm
                0x0000000000016eea                uip_ds6_defrt_lookup
                0x0000000000016f43                uip_ds6_defrt_choose
                0x0000000000016fae                uip_ds6_defrt_periodic
 .text          0x0000000000017016     0x12ad obj_cooja/mtype257.a(uip-ds6.o)
                0x0000000000017016                uip_ds6_init
                0x000000000001736b                uip_ds6_periodic
                0x0000000000017443                uip_ds6_list_loop
                0x00000000000174ea                uip_ds6_prefix_add
                0x00000000000175a8                uip_ds6_prefix_rm
                0x00000000000175ba                uip_ds6_prefix_lookup
                0x000000000001760b                uip_ds6_is_addr_onlink
                0x000000000001767f                uip_ds6_addr_add
                0x00000000000177ad                uip_ds6_long_addr_add
                0x00000000000178db                uip_ds6_addr_rm
                0x000000000001797b                uip_ds6_addr_lookup
                0x00000000000179c6                uip_ds6_long_addr_lookup
                0x0000000000017a11                uip_ds6_get_link_local
                0x0000000000017a90                uip_ds6_long_get_link_local
                0x0000000000017b0f                uip_ds6_get_global
                0x0000000000017b8e                uip_ds6_long_get_global
                0x0000000000017c0d                uip_ds6_maddr_add
                0x0000000000017c7f                uip_ds6_long_maddr_add
                0x0000000000017cf1                uip_ds6_maddr_rm
                0x0000000000017d03                uip_ds6_maddr_lookup
                0x0000000000017d4e                uip_ds6_long_maddr_lookup
                0x0000000000017d99                uip_ds6_aaddr_add
                0x0000000000017e0b                uip_ds6_long_aaddr_add
                0x0000000000017e7d                uip_ds6_aaddr_rm
                0x0000000000017e8f                uip_ds6_aaddr_lookup
                0x0000000000017eda                uip_ds6_long_aaddr_lookup
                0x0000000000017f25                uip_ds6_select_src
                0x00000000000181ae                uip_ds6_set_addr_iid
                0x00000000000181e5                get_match_length
                0x0000000000018277                uip_ds6_compute_reachable_time
 .text          0x00000000000182c3     0x29f3 obj_cooja/mtype257.a(uip6.o)
                0x00000000000182c3                uip_add32
                0x000000000001845c                uip_chksum
                0x000000000001854a                uip_icmp6chksum
                0x000000000001855e                uip_tcpchksum
                0x0000000000018572                uip_udpchksum
                0x0000000000018586                uip_init
                0x0000000000018656                uip_connect
                0x0000000000018805                remove_ext_hdr
                0x00000000000188da                uip_udp_new
                0x0000000000018a36                uip_unlisten
                0x0000000000018a96                uip_listen
                0x0000000000018d58                uip_process
                0x000000000001abaa                uip_htons
                0x000000000001abcc                uip_htonl
                0x000000000001ac0c                uip_send
 .text          0x000000000001acb6      0xb43 obj_cooja/mtype257.a(tcpip.o)
                0x000000000001acb6                tcpip_output
                0x000000000001ace4                tcpip_set_outputfunc
                0x000000000001ad78                tcp_connect
                0x000000000001adcd                tcp_unlisten
                0x000000000001ae28                tcp_listen
                0x000000000001ae81                tcp_attach
                0x000000000001aea6                udp_attach
                0x000000000001aecb                udp_new
                0x000000000001af1d                udp_broadcast_new
                0x000000000001b191                tcpip_input
                0x000000000001b1c5                tcpip_ipv6_output
                0x000000000001b63f                tcpip_poll_udp
                0x000000000001b662                tcpip_poll_tcp
                0x000000000001b685                tcpip_uipcall
 .text          0x000000000001b7f9      0x1c1 obj_cooja/mtype257.a(uip-debug.o)
                0x000000000001b7f9                uip_debug_ipaddr_print
                0x000000000001b95b                uip_debug_lladdr_print
 .text          0x000000000001b9ba      0x141 obj_cooja/mtype257.a(uip-packetqueue)
                0x000000000001b9e6                uip_packetqueue_new
                0x000000000001b9f4                uip_packetqueue_alloc
                0x000000000001ba54                uip_packetqueue_free
                0x000000000001ba95                uip_packetqueue_buf
                0x000000000001bab2                uip_packetqueue_buflen
                0x000000000001bad3                uip_packetqueue_set_buflen
 .text          0x000000000001bafb      0x131 obj_cooja/mtype257.a(uip-udp-packet.)
                0x000000000001bafb                uip_udp_packet_send
                0x000000000001bb5b                uip_udp_packet_sendto
 .text          0x000000000001bc2c     0x2759 obj_cooja/mtype257.a(rpl-dag.o)
                0x000000000001bc2c                rpl_lr_in_neighbor_tree
                0x000000000001bd8a                rpl_print_neighbor_list
                0x000000000001be33                rpl_print_child_neighbor_list
                0x000000000001bea8                rpl_get_nbr
                0x000000000001bf02                rpl_get_nbr_child
                0x000000000001bf5c                rpl_dag_init
                0x000000000001bf8e                rpl_get_parent
                0x000000000001bfb0                rpl_get_parent_rank
                0x000000000001bfe3                rpl_get_parent_link_metric
                0x000000000001c016                rpl_get_parent_ipaddr
                0x000000000001c040                rpl_get_child_ipaddr
                0x000000000001c35b                rpl_set_root
                0x000000000001c589                rpl_repair_root
                0x000000000001c7c5                rpl_set_prefix
                0x000000000001c8c4                rpl_set_default_route
                0x000000000001c950                rpl_alloc_instance
                0x000000000001c9e3                rpl_alloc_dag
                0x000000000001ca96                rpl_set_default_instance
                0x000000000001caa3                rpl_get_default_instance
                0x000000000001caad                rpl_free_instance
                0x000000000001cb5e                rpl_free_dag
                0x000000000001cbc4                rpl_add_parent
                0x000000000001ccad                rpl_find_parent
                0x000000000001ccdd                rpl_add_child
                0x000000000001cd81                rpl_find_child
                0x000000000001cdcf                rpl_find_parent_any_dag
                0x000000000001ce0b                rpl_select_dag
                0x000000000001d22e                rpl_select_parent
                0x000000000001d290                rpl_remove_parent
                0x000000000001d2c6                rpl_remove_child
                0x000000000001d2e2                rpl_nullify_parent
                0x000000000001d380                rpl_move_parent
                0x000000000001d41d                rpl_has_downward_route
                0x000000000001d470                rpl_get_any_dag
                0x000000000001d4d2                rpl_get_instance
                0x000000000001d535                rpl_find_of
                0x000000000001d572                rpl_join_instance
                0x000000000001d80e                rpl_add_dag
                0x000000000001dbfd                rpl_local_repair
                0x000000000001dcd6                rpl_recalculate_ranks
                0x000000000001dd5c                rpl_process_parent_event
                0x000000000001de0e                rpl_process_dio
 .text          0x000000000001e385      0xbf3 obj_cooja/mtype257.a(rpl-ext-header.)
                0x000000000001e3a2                rpl_verify_header
                0x000000000001e81c                rpl_update_header_empty
                0x000000000001eb33                rpl_update_header_final
                0x000000000001ecc2                rpl_remove_header
                0x000000000001edcc                rpl_invert_header
                0x000000000001ef56                rpl_insert_header
 .text          0x000000000001ef78     0x22e1 obj_cooja/mtype257.a(rpl-icmp6.o)
                0x000000000001f241                rpl_icmp6_update_nbr_table
                0x000000000001f331                dis_output
                0x000000000001fc69                dio_output
                0x0000000000020dc4                dao_output
                0x0000000000020e8c                dao_output_target
                0x000000000002120d                dao_ack_output
                0x0000000000021221                rpl_icmp6_register_handlers
 .text          0x0000000000021259      0x3dc obj_cooja/mtype257.a(rpl-ltmax.o)
 .text          0x0000000000021635      0x882 obj_cooja/mtype257.a(rpl-timers.o)
                0x0000000000021635                rpl_convergence_timer
                0x0000000000021661                rpl_reset_convergence_timer
                0x000000000002194a                rpl_reset_periodic_timer
                0x000000000002199f                rpl_reset_dio_timer
                0x0000000000021bd9                rpl_schedule_dao
                0x0000000000021bf4                rpl_schedule_dao_immediately
                0x0000000000021c0f                rpl_cancel_dao
                0x0000000000021c71                rpl_schedule_unicast_dio_immediately
                0x0000000000021e5f                rpl_schedule_probing
 .text          0x0000000000021eb7      0x5ca obj_cooja/mtype257.a(rpl.o)
                0x0000000000021eb7                rpl_get_mode
                0x0000000000021ec1                rpl_set_mode
                0x0000000000021f4f                rpl_purge_routes
                0x0000000000022049                rpl_remove_routes
                0x000000000002208f                rpl_remove_routes_by_nexthop
                0x00000000000220fb                rpl_add_route
                0x0000000000022176                rpl_link_neighbor_callback
                0x000000000002227b                rpl_ipv6_neighbor_callback
                0x00000000000222ea                rpl_purge_dags
                0x00000000000223f6                rpl_init
 .text          0x0000000000022481      0x3f5 obj_cooja/mtype257.a(framer-802154.o)
 .text          0x0000000000022876       0x5e obj_cooja/mtype257.a(nullmac.o)
 .text          0x00000000000228d4      0xda7 obj_cooja/mtype257.a(cxmac.o)
                0x00000000000235bd                cxmac_set_announcement_radio_txpower
                0x00000000000235c2                cxmac_init
 .text          0x000000000002367b       0x82 obj_cooja/mtype257.a(linkaddr.o)
                0x000000000002367b                linkaddr_copy
                0x000000000002369d                linkaddr_cmp
                0x00000000000236c7                linkaddr_set_node_addr
                0x00000000000236e2                linkaddr_set_node_long_addr
 .text          0x00000000000236fd      0x915 obj_cooja/mtype257.a(nbr-table.o)
                0x00000000000236fd                long_ip_from_lladdr_map
                0x0000000000023786                lladdr_map_add_lr
                0x0000000000023843                lladdr_map_rm_lr
                0x0000000000023d08                nbr_table_register
                0x0000000000023d50                nbr_table_head
                0x0000000000023dac                nbr_table_next
                0x0000000000023e13                nbr_table_add_lladdr
                0x0000000000023eef                nbr_table_get_from_lladdr
                0x0000000000023f3c                nbr_table_remove
                0x0000000000023f8e                nbr_table_lock
                0x0000000000023fb8                nbr_table_unlock
                0x0000000000023fe2                nbr_table_get_lladdr
 .text          0x0000000000024012       0x2b obj_cooja/mtype257.a(netstack.o)
                0x0000000000024012                netstack_init
 .text          0x000000000002403d      0x3cd obj_cooja/mtype257.a(packetbuf.o)
                0x000000000002403d                packetbuf_clear
                0x0000000000024067                packetbuf_copyfrom
                0x00000000000240b9                packetbuf_compact
                0x0000000000024136                packetbuf_copyto
                0x00000000000241cd                packetbuf_hdralloc
                0x000000000002424a                packetbuf_hdrreduce
                0x0000000000024292                packetbuf_set_datalen
                0x00000000000242ab                packetbuf_dataptr
                0x00000000000242c8                packetbuf_hdrptr
                0x00000000000242d2                packetbuf_datalen
                0x00000000000242de                packetbuf_hdrlen
                0x00000000000242f5                packetbuf_totlen
                0x000000000002430b                packetbuf_attr_clear
                0x000000000002435d                packetbuf_attr_copyto
                0x00000000000243a6                packetbuf_attr_copyfrom
                0x00000000000243ee                packetbuf_holds_broadcast
 .text          0x000000000002440a      0x2b4 obj_cooja/mtype257.a(queuebuf.o)
                0x0000000000024414                queuebuf_init
                0x0000000000024434                queuebuf_numfree
                0x0000000000024448                queuebuf_new_from_packetbuf
                0x00000000000244d8                queuebuf_update_attr_from_packetbuf
                0x000000000002450b                queuebuf_update_from_packetbuf
                0x0000000000024555                queuebuf_free
                0x000000000002459c                queuebuf_to_packetbuf
                0x0000000000024602                queuebuf_dataptr
                0x0000000000024639                queuebuf_datalen
                0x000000000002465c                queuebuf_addr
                0x000000000002468e                queuebuf_attr
                0x00000000000246b9                queuebuf_debug_print
 .text          0x00000000000246be       0x6e obj_cooja/mtype257.a(nullsec.o)
 .text          0x000000000002472c       0x19 obj_cooja/mtype257.a(watchdog.o)
                0x000000000002472c                watchdog_init
                0x0000000000024731                watchdog_start
                0x0000000000024736                watchdog_periodic
                0x000000000002473b                watchdog_stop
                0x0000000000024740                watchdog_reboot
 .text          0x0000000000024745        0x0 obj_cooja/mtype257.a(rimestats.o)
 .text          0x0000000000024745      0x134 obj_cooja/mtype257.a(leds.o)
                0x0000000000024796                leds_init
                0x00000000000247aa                leds_blink
                0x00000000000247e2                leds_get
                0x00000000000247ef                leds_set
                0x0000000000024809                leds_on
                0x000000000002482c                leds_off
                0x0000000000024856                leds_toggle
 .text          0x0000000000024879      0x1c1 obj_cooja/mtype257.a(memb.o)
                0x0000000000024879                memb_init
                0x00000000000248d7                memb_alloc
                0x000000000002493c                memb_free
                0x00000000000249b7                memb_inmemb
                0x00000000000249f6                memb_numfree
 .text          0x0000000000024a3a      0xab2 obj_cooja/mtype257.a(uip-icmp6.o)
                0x0000000000024aa8                uip_icmp6_input
                0x0000000000024afe                uip_icmp6_register_input_handler
                0x0000000000024dc6                uip_icmp6_error_output
                0x000000000002510b                uip_icmp6_send
                0x000000000002547f                uip_icmp6_echo_reply_callback_add
                0x00000000000254b0                uip_icmp6_echo_reply_callback_rm
                0x00000000000254cc                uip_icmp6_init
 .text          0x00000000000254ec      0x358 obj_cooja/mtype257.a(uip-nd6.o)
                0x0000000000025540                uip_nd6_ns_output
                0x000000000002583f                uip_nd6_init
 .text          0x0000000000025844      0x331 obj_cooja/mtype257.a(rpl-nbr-policy.)
                0x0000000000025a1c                find_removable_dis
                0x0000000000025a3f                find_removable_dio
                0x0000000000025ace                find_removable_dao
                0x0000000000025b1e                rpl_nbr_policy_find_removable
 .text          0x0000000000025b75      0x97c obj_cooja/mtype257.a(frame802154.o)
                0x0000000000025ba6                frame802154_get_pan_id
                0x0000000000025bb2                frame802154_set_pan_id
                0x0000000000025bcb                frame802154_has_panid
                0x0000000000025cb7                frame802154_check_dest_panid
                0x0000000000025d1f                frame802154_is_broadcast_addr
                0x0000000000025d6c                frame802154_extract_linkaddr
                0x0000000000025fac                frame802154_hdrlen
                0x0000000000025ffd                frame802154_create
                0x00000000000261e8                frame802154_parse
 .text          0x00000000000264f1       0x3c obj_cooja/mtype257.a(mac.o)
                0x00000000000264f1                mac_call_sent_callback
 .text          0x000000000002652d        0x0 /usr/lib/gcc/i686-linux-gnu/4.8/crtendS.o
 .text          0x000000000002652d        0x0 /usr/lib/gcc/i686-linux-gnu/4.8/../../../i386-linux-gnu/crtn.o
 *(.gnu.warning)

.fini           0x0000000000026530       0x14
 *(SORT(.fini))
 .fini          0x0000000000026530        0xf /usr/lib/gcc/i686-linux-gnu/4.8/../../../i386-linux-gnu/crti.o
                0x0000000000026530                _fini
 .fini          0x000000000002653f        0x5 /usr/lib/gcc/i686-linux-gnu/4.8/../../../i386-linux-gnu/crtn.o
                0x0000000000026544                PROVIDE (__etext, .)
                0x0000000000026544                PROVIDE (_etext, .)
                0x0000000000026544                PROVIDE (etext, .)

.rodata         0x0000000000026560      0xb40
 *(.rodata .rodata.* .gnu.linkonce.r.*)
 .rodata        0x0000000000026560      0x2da udp-client.co
                0x0000000000026574                autostart_processes
 *fill*         0x000000000002683a        0x2 
 .rodata        0x000000000002683c      0x1e6 obj_cooja/mtype257.o
 *fill*         0x0000000000026a22        0x2 
 .rodata        0x0000000000026a24        0x8 obj_cooja/mtype257.a(beep.o)
                0x0000000000026a24                beep_interface
 .rodata        0x0000000000026a2c       0x20 obj_cooja/mtype257.a(button-sensor.o)
                0x0000000000026a2c                button_interface
                0x0000000000026a3c                button_sensor
 .rodata        0x0000000000026a4c        0x8 obj_cooja/mtype257.a(leds-arch.o)
                0x0000000000026a4c                leds_interface
 .rodata        0x0000000000026a54        0x8 obj_cooja/mtype257.a(moteid.o)
                0x0000000000026a54                moteid_interface
 .rodata        0x0000000000026a5c       0x1c obj_cooja/mtype257.a(pir-sensor.o)
                0x0000000000026a5c                pir_interface
                0x0000000000026a68                pir_sensor
 .rodata        0x0000000000026a78        0xe obj_cooja/mtype257.a(rs232.o)
                0x0000000000026a78                rs232_interface
 *fill*         0x0000000000026a86        0x2 
 .rodata        0x0000000000026a88       0x24 obj_cooja/mtype257.a(vib-sensor.o)
                0x0000000000026a88                vib_interface
                0x0000000000026a9c                vib_sensor
 .rodata        0x0000000000026aac        0x8 obj_cooja/mtype257.a(clock.o)
                0x0000000000026aac                clock_interface
 .rodata        0x0000000000026ab4        0x8 obj_cooja/mtype257.a(log.o)
                0x0000000000026ab4                simlog_interface
 .rodata        0x0000000000026abc       0x2f obj_cooja/mtype257.a(cfs-cooja.o)
                0x0000000000026abc                cfs_interface
 *fill*         0x0000000000026aeb       0x15 
 .rodata        0x0000000000026b00       0x60 obj_cooja/mtype257.a(cooja-radio.o)
                0x0000000000026b20                cooja_radio_driver
                0x0000000000026b58                radio_interface
 .rodata        0x0000000000026b60        0x8 obj_cooja/mtype257.a(eeprom.o)
                0x0000000000026b60                eeprom_interface
 .rodata        0x0000000000026b68        0x8 obj_cooja/mtype257.a(sensors.o)
 .rodata        0x0000000000026b70      0x169 obj_cooja/mtype257.a(dual_conf.o)
 .rodata        0x0000000000026cd9        0xf obj_cooja/mtype257.a(ctimer.o)
 .rodata        0x0000000000026ce8        0xc obj_cooja/mtype257.a(etimer.o)
 .rodata        0x0000000000026cf4       0x73 obj_cooja/mtype257.a(log_message.o)
 *fill*         0x0000000000026d67        0x1 
 .rodata        0x0000000000026d68       0x20 obj_cooja/mtype257.a(residual.o)
 .rodata        0x0000000000026d88        0xe obj_cooja/mtype257.a(serial-line.o)
 *fill*         0x0000000000026d96        0x2 
 .rodata        0x0000000000026d98       0x2c obj_cooja/mtype257.a(sicslowpan.o)
                0x0000000000026d98                unc_llconf
                0x0000000000026d9c                unc_ctxconf
                0x0000000000026da0                unc_mxconf
                0x0000000000026da4                llprefix
                0x0000000000026db8                sicslowpan_driver
 .rodata        0x0000000000026dc4      0x13c obj_cooja/mtype257.a(uip6.o)
 .rodata        0x0000000000026f00       0x49 obj_cooja/mtype257.a(tcpip.o)
 .rodata        0x0000000000026f49       0x3e obj_cooja/mtype257.a(uip-debug.o)
 *fill*         0x0000000000026f87        0x1 
 .rodata        0x0000000000026f88        0x4 obj_cooja/mtype257.a(rpl-dag.o)
 .rodata        0x0000000000026f8c       0x75 obj_cooja/mtype257.a(rpl-timers.o)
 *fill*         0x0000000000027001        0x3 
 .rodata        0x0000000000027004        0xc obj_cooja/mtype257.a(framer-802154.o)
                0x0000000000027004                framer_802154
 .rodata        0x0000000000027010       0x24 obj_cooja/mtype257.a(nullmac.o)
                0x0000000000027018                nullmac_driver
 *fill*         0x0000000000027034        0xc 
 .rodata        0x0000000000027040       0x40 obj_cooja/mtype257.a(cxmac.o)
                0x0000000000027060                cxmac_driver
 .rodata        0x0000000000027080        0x8 obj_cooja/mtype257.a(linkaddr.o)
                0x0000000000027080                linkaddr_null
 .rodata        0x0000000000027088       0x18 obj_cooja/mtype257.a(nullsec.o)
                0x0000000000027090                nullsec_driver

.rodata1
 *(.rodata1)

.eh_frame_hdr   0x00000000000270a0     0x13d4
 *(.eh_frame_hdr)
 .eh_frame_hdr  0x00000000000270a0     0x13d4 udp-client.co

.eh_frame       0x0000000000028474     0x509c
 *(.eh_frame)
 .eh_frame      0x0000000000028474       0x3c /usr/lib/gcc/i686-linux-gnu/4.8/../../../i386-linux-gnu/crti.o
                                         0x40 (size before relaxing)
 .eh_frame      0x00000000000284b0       0xb4 udp-client.co
                                         0xcc (size before relaxing)
 .eh_frame      0x0000000000028564      0x148 obj_cooja/mtype257.o
                                        0x160 (size before relaxing)
 .eh_frame      0x00000000000286ac       0x40 obj_cooja/mtype257.a(simEnvChange.o)
                                         0x58 (size before relaxing)
 .eh_frame      0x00000000000286ec       0xc0 obj_cooja/mtype257.a(cooja_mt.o)
                                         0xd8 (size before relaxing)
 .eh_frame      0x00000000000287ac      0x120 obj_cooja/mtype257.a(cooja_mtarch.o)
                                        0x138 (size before relaxing)
 .eh_frame      0x00000000000288cc       0xc0 obj_cooja/mtype257.a(rtimer-arch.o)
                                         0xd8 (size before relaxing)
 .eh_frame      0x000000000002898c      0x160 obj_cooja/mtype257.a(beep.o)
                                        0x178 (size before relaxing)
 .eh_frame      0x0000000000028aec       0xa0 obj_cooja/mtype257.a(button-sensor.o)
                                         0xb8 (size before relaxing)
 .eh_frame      0x0000000000028b8c       0xa0 obj_cooja/mtype257.a(leds-arch.o)
                                         0xb8 (size before relaxing)
 .eh_frame      0x0000000000028c2c       0x40 obj_cooja/mtype257.a(moteid.o)
                                         0x58 (size before relaxing)
 .eh_frame      0x0000000000028c6c       0xa0 obj_cooja/mtype257.a(pir-sensor.o)
                                         0xb8 (size before relaxing)
 .eh_frame      0x0000000000028d0c      0x100 obj_cooja/mtype257.a(rs232.o)
                                        0x118 (size before relaxing)
 .eh_frame      0x0000000000028e0c       0xa0 obj_cooja/mtype257.a(vib-sensor.o)
                                         0xb8 (size before relaxing)
 .eh_frame      0x0000000000028eac       0xc0 obj_cooja/mtype257.a(clock.o)
                                         0xd8 (size before relaxing)
 .eh_frame      0x0000000000028f6c      0x120 obj_cooja/mtype257.a(log.o)
                                        0x138 (size before relaxing)
 .eh_frame      0x000000000002908c      0x160 obj_cooja/mtype257.a(cfs-cooja.o)
                                        0x178 (size before relaxing)
 .eh_frame      0x00000000000291ec      0x2e0 obj_cooja/mtype257.a(cooja-radio.o)
                                        0x2f8 (size before relaxing)
 .eh_frame      0x00000000000294cc       0xa0 obj_cooja/mtype257.a(eeprom.o)
                                         0xb8 (size before relaxing)
 .eh_frame      0x000000000002956c       0x40 obj_cooja/mtype257.a(random.o)
                                         0x58 (size before relaxing)
 .eh_frame      0x00000000000295ac       0xc0 obj_cooja/mtype257.a(sensors.o)
                                         0xd8 (size before relaxing)
 .eh_frame      0x000000000002966c      0x160 obj_cooja/mtype257.a(dual_conf.o)
                                        0x178 (size before relaxing)
 .eh_frame      0x00000000000297cc       0x40 obj_cooja/mtype257.a(autostart.o)
                                         0x58 (size before relaxing)
 .eh_frame      0x000000000002980c      0x100 obj_cooja/mtype257.a(ctimer.o)
                                        0x118 (size before relaxing)
 .eh_frame      0x000000000002990c      0x1e0 obj_cooja/mtype257.a(etimer.o)
                                        0x1f8 (size before relaxing)
 .eh_frame      0x0000000000029aec       0x40 obj_cooja/mtype257.a(log_message.o)
                                         0x58 (size before relaxing)
 .eh_frame      0x0000000000029b2c      0x1c8 obj_cooja/mtype257.a(process.o)
                                        0x1e0 (size before relaxing)
 .eh_frame      0x0000000000029cf4       0x2c obj_cooja/mtype257.a(residual.o)
                                         0x44 (size before relaxing)
 .eh_frame      0x0000000000029d20       0x60 obj_cooja/mtype257.a(rtimer.o)
                                         0x78 (size before relaxing)
 .eh_frame      0x0000000000029d80       0xc4 obj_cooja/mtype257.a(stimer.o)
                                         0xdc (size before relaxing)
 .eh_frame      0x0000000000029e44       0xa4 obj_cooja/mtype257.a(timer.o)
                                         0xbc (size before relaxing)
 .eh_frame      0x0000000000029ee8       0x60 obj_cooja/mtype257.a(serial-line.o)
                                         0x78 (size before relaxing)
 .eh_frame      0x0000000000029f48      0x180 obj_cooja/mtype257.a(list.o)
                                        0x198 (size before relaxing)
 .eh_frame      0x000000000002a0c8       0xa0 obj_cooja/mtype257.a(ringbuf.o)
                                         0xb8 (size before relaxing)
 .eh_frame      0x000000000002a168      0x350 obj_cooja/mtype257.a(sicslowpan.o)
                                        0x368 (size before relaxing)
 .eh_frame      0x000000000002a4b8      0x180 obj_cooja/mtype257.a(uip-ds6-nbr.o)
                                        0x198 (size before relaxing)
 .eh_frame      0x000000000002a638      0x2a0 obj_cooja/mtype257.a(uip-ds6-route.o)
                                        0x2b8 (size before relaxing)
 .eh_frame      0x000000000002a8d8      0x3c8 obj_cooja/mtype257.a(uip-ds6.o)
                                        0x3e0 (size before relaxing)
 .eh_frame      0x000000000002aca0      0x27c obj_cooja/mtype257.a(uip6.o)
                                        0x294 (size before relaxing)
 .eh_frame      0x000000000002af1c      0x270 obj_cooja/mtype257.a(tcpip.o)
                                        0x288 (size before relaxing)
 .eh_frame      0x000000000002b18c       0x48 obj_cooja/mtype257.a(uip-debug.o)
                                         0x60 (size before relaxing)
 .eh_frame      0x000000000002b1d4       0xe0 obj_cooja/mtype257.a(uip-packetqueue)
                                         0xf8 (size before relaxing)
 .eh_frame      0x000000000002b2b4       0x40 obj_cooja/mtype257.a(uip-udp-packet.)
                                         0x58 (size before relaxing)
 .eh_frame      0x000000000002b2f4      0x76c obj_cooja/mtype257.a(rpl-dag.o)
                                        0x784 (size before relaxing)
 .eh_frame      0x000000000002ba60      0x10c obj_cooja/mtype257.a(rpl-ext-header.)
                                        0x124 (size before relaxing)
 .eh_frame      0x000000000002bb6c      0x2b8 obj_cooja/mtype257.a(rpl-icmp6.o)
                                        0x2d0 (size before relaxing)
 .eh_frame      0x000000000002be24       0xe0 obj_cooja/mtype257.a(rpl-ltmax.o)
                                         0xf8 (size before relaxing)
 .eh_frame      0x000000000002bf04      0x26c obj_cooja/mtype257.a(rpl-timers.o)
                                        0x284 (size before relaxing)
 .eh_frame      0x000000000002c170      0x148 obj_cooja/mtype257.a(rpl.o)
                                        0x160 (size before relaxing)
 .eh_frame      0x000000000002c2b8      0x108 obj_cooja/mtype257.a(framer-802154.o)
                                        0x120 (size before relaxing)
 .eh_frame      0x000000000002c3c0       0xc0 obj_cooja/mtype257.a(nullmac.o)
                                         0xd8 (size before relaxing)
 .eh_frame      0x000000000002c480      0x29c obj_cooja/mtype257.a(cxmac.o)
                                        0x2b4 (size before relaxing)
 .eh_frame      0x000000000002c71c       0x80 obj_cooja/mtype257.a(linkaddr.o)
                                         0x98 (size before relaxing)
 .eh_frame      0x000000000002c79c      0x2cc obj_cooja/mtype257.a(nbr-table.o)
                                        0x2e4 (size before relaxing)
 .eh_frame      0x000000000002ca68       0x20 obj_cooja/mtype257.a(netstack.o)
                                         0x38 (size before relaxing)
 .eh_frame      0x000000000002ca88      0x214 obj_cooja/mtype257.a(packetbuf.o)
                                        0x22c (size before relaxing)
 .eh_frame      0x000000000002cc9c      0x1a0 obj_cooja/mtype257.a(queuebuf.o)
                                        0x1b8 (size before relaxing)
 .eh_frame      0x000000000002ce3c       0x80 obj_cooja/mtype257.a(nullsec.o)
                                         0x98 (size before relaxing)
 .eh_frame      0x000000000002cebc       0xa0 obj_cooja/mtype257.a(watchdog.o)
                                         0xb8 (size before relaxing)
 .eh_frame      0x000000000002cf5c      0x100 obj_cooja/mtype257.a(leds.o)
                                        0x118 (size before relaxing)
 .eh_frame      0x000000000002d05c       0xa0 obj_cooja/mtype257.a(memb.o)
                                         0xb8 (size before relaxing)
 .eh_frame      0x000000000002d0fc      0x164 obj_cooja/mtype257.a(uip-icmp6.o)
                                        0x17c (size before relaxing)
 .eh_frame      0x000000000002d260       0x68 obj_cooja/mtype257.a(uip-nd6.o)
                                         0x80 (size before relaxing)
 .eh_frame      0x000000000002d2c8       0xc0 obj_cooja/mtype257.a(rpl-nbr-policy.)
                                         0xd8 (size before relaxing)
 .eh_frame      0x000000000002d388      0x164 obj_cooja/mtype257.a(frame802154.o)
                                        0x17c (size before relaxing)
 .eh_frame      0x000000000002d4ec       0x20 obj_cooja/mtype257.a(mac.o)
                                         0x38 (size before relaxing)
 .eh_frame      0x000000000002d50c        0x4 /usr/lib/gcc/i686-linux-gnu/4.8/crtendS.o

.gcc_except_table
 *(.gcc_except_table .gcc_except_table.*)

.exception_ranges
 *(.exception_ranges .exception_ranges*)
                0x000000000002d510                . = (ALIGN (0x1000) - ((0x1000 - .) & 0xfff))
                0x000000000002eef8                . = DATA_SEGMENT_ALIGN (0x1000, 0x1000)

.eh_frame
 *(.eh_frame)

.gcc_except_table
 *(.gcc_except_table .gcc_except_table.*)

.exception_ranges
 *(.exception_ranges .exception_ranges*)

.tdata
 *(.tdata .tdata.* .gnu.linkonce.td.*)

.tbss
 *(.tbss .tbss.* .gnu.linkonce.tb.*)
 *(.tcommon)

.preinit_array
 *(.preinit_array)

.init_array     0x000000000002eef8        0x4
 *(SORT(.init_array.*) SORT(.ctors.*))
 *(.init_array EXCLUDE_FILE(*crtend?.o *crtend.o *crtbegin?.o *crtbegin.o) .ctors)
 .init_array    0x000000000002eef8        0x4 /usr/lib/gcc/i686-linux-gnu/4.8/crtbeginS.o

.fini_array     0x000000000002eefc        0x4
 *(SORT(.fini_array.*) SORT(.dtors.*))
 *(.fini_array EXCLUDE_FILE(*crtend?.o *crtend.o *crtbegin?.o *crtbegin.o) .dtors)
 .fini_array    0x000000000002eefc        0x4 /usr/lib/gcc/i686-linux-gnu/4.8/crtbeginS.o

.ctors
 *crtbegin.o(.ctors)
 *crtbegin?.o(.ctors)
 *(EXCLUDE_FILE(*crtend?.o *crtend.o) .ctors)
 *(SORT(.ctors.*))
 *(.ctors)

.dtors
 *crtbegin.o(.dtors)
 *crtbegin?.o(.dtors)
 *(EXCLUDE_FILE(*crtend?.o *crtend.o) .dtors)
 *(SORT(.dtors.*))
 *(.dtors)

.jcr            0x000000000002ef00        0x4
 *(.jcr)
 .jcr           0x000000000002ef00        0x0 /usr/lib/gcc/i686-linux-gnu/4.8/crtbeginS.o
 .jcr           0x000000000002ef00        0x4 /usr/lib/gcc/i686-linux-gnu/4.8/crtendS.o

.data.rel.ro
 *(.data.rel.ro.local* .gnu.linkonce.d.rel.ro.local.*)
 *(.data.rel.ro .data.rel.ro.* .gnu.linkonce.d.rel.ro.*)

.dynamic        0x000000000002ef04       0xe8
 *(.dynamic)
 .dynamic       0x000000000002ef04       0xe8 /usr/lib/gcc/i686-linux-gnu/4.8/../../../i386-linux-gnu/crti.o
                0x000000000002ef04                _DYNAMIC

.got            0x000000000002efec       0x14
 *(.got)
 .got           0x000000000002efec       0x14 /usr/lib/gcc/i686-linux-gnu/4.8/../../../i386-linux-gnu/crti.o
 *(.igot)
                0x000000000002fff4                . = DATA_SEGMENT_RELRO_END (., (SIZEOF (.got.plt) >= 0xc)?0xc:0x0)

.got.plt        0x000000000002f000       0x14
 *(.got.plt)
 .got.plt       0x000000000002f000       0x14 /usr/lib/gcc/i686-linux-gnu/4.8/../../../i386-linux-gnu/crti.o
                0x000000000002f000                _GLOBAL_OFFSET_TABLE_
 *(.igot.plt)

.data           0x000000000002f020      0x26a
 *(.data .data.* .gnu.linkonce.d.*)
 .data          0x000000000002f020        0x0 /usr/lib/gcc/i686-linux-gnu/4.8/../../../i386-linux-gnu/crti.o
 .data          0x000000000002f020        0x0 /usr/lib/gcc/i686-linux-gnu/4.8/crtbeginS.o
 .data.rel      0x000000000002f020        0x4 /usr/lib/gcc/i686-linux-gnu/4.8/crtbeginS.o
                0x000000000002f020                __dso_handle
 .data          0x000000000002f024       0x10 udp-client.co
                0x000000000002f024                udp_client_process
 *fill*         0x000000000002f034        0xc 
 .data          0x000000000002f040       0x44 obj_cooja/mtype257.o
                0x000000000002f040                simInterfaces
                0x000000000002f074                sensors
 .data          0x000000000002f084        0x0 obj_cooja/mtype257.a(simEnvChange.o)
 .data          0x000000000002f084        0x0 obj_cooja/mtype257.a(cooja_mt.o)
 .data          0x000000000002f084        0x0 obj_cooja/mtype257.a(cooja_mtarch.o)
 .data          0x000000000002f084        0x0 obj_cooja/mtype257.a(rtimer-arch.o)
 .data          0x000000000002f084        0x0 obj_cooja/mtype257.a(beep.o)
 .data          0x000000000002f084        0x0 obj_cooja/mtype257.a(button-sensor.o)
 .data          0x000000000002f084        0x0 obj_cooja/mtype257.a(leds-arch.o)
 .data          0x000000000002f084        0x0 obj_cooja/mtype257.a(moteid.o)
 .data          0x000000000002f084        0x0 obj_cooja/mtype257.a(pir-sensor.o)
 .data          0x000000000002f084        0x0 obj_cooja/mtype257.a(rs232.o)
 .data          0x000000000002f084        0x0 obj_cooja/mtype257.a(vib-sensor.o)
 .data          0x000000000002f084        0x0 obj_cooja/mtype257.a(clock.o)
 .data          0x000000000002f084        0x0 obj_cooja/mtype257.a(log.o)
 .data          0x000000000002f084        0x0 obj_cooja/mtype257.a(cfs-cooja.o)
 .data          0x000000000002f084       0x40 obj_cooja/mtype257.a(cooja-radio.o)
                0x000000000002f084                simRadioChannelLR
                0x000000000002f088                simRadioHWOnLR
                0x000000000002f08c                simSignalStrengthLR
                0x000000000002f090                simLastSignalStrengthLR
                0x000000000002f094                simPowerLR
                0x000000000002f098                simLQILR
                0x000000000002f09c                simRadioChannel
                0x000000000002f0a0                simRadioHWOn
                0x000000000002f0a4                simSignalStrength
                0x000000000002f0a8                simLastSignalStrength
                0x000000000002f0ac                simPower
                0x000000000002f0b0                simLQI
                0x000000000002f0b4                cooja_radio_process
 .data          0x000000000002f0c4        0x0 obj_cooja/mtype257.a(eeprom.o)
 .data          0x000000000002f0c4        0x0 obj_cooja/mtype257.a(random.o)
 .data          0x000000000002f0c4       0x10 obj_cooja/mtype257.a(sensors.o)
                0x000000000002f0c4                sensors_process
 .data          0x000000000002f0d4       0x28 obj_cooja/mtype257.a(dual_conf.o)
                0x000000000002f0d4                radio_received
                0x000000000002f0d8                dual_dio_broadcast
                0x000000000002f0e8                dual_dis_broadcast
 .data          0x000000000002f0fc        0x0 obj_cooja/mtype257.a(autostart.o)
 .data          0x000000000002f0fc       0x14 obj_cooja/mtype257.a(ctimer.o)
                0x000000000002f100                ctimer_process
 .data          0x000000000002f110       0x10 obj_cooja/mtype257.a(etimer.o)
                0x000000000002f110                etimer_process
 .data          0x000000000002f120        0x0 obj_cooja/mtype257.a(log_message.o)
 .data          0x000000000002f120        0x0 obj_cooja/mtype257.a(process.o)
 .data          0x000000000002f120        0x0 obj_cooja/mtype257.a(residual.o)
 .data          0x000000000002f120        0x0 obj_cooja/mtype257.a(rtimer.o)
 .data          0x000000000002f120        0x0 obj_cooja/mtype257.a(stimer.o)
 .data          0x000000000002f120        0x0 obj_cooja/mtype257.a(timer.o)
 .data          0x000000000002f120       0x10 obj_cooja/mtype257.a(serial-line.o)
                0x000000000002f120                serial_line_process
 .data          0x000000000002f130        0x0 obj_cooja/mtype257.a(list.o)
 .data          0x000000000002f130        0x0 obj_cooja/mtype257.a(ringbuf.o)
 .data          0x000000000002f130        0x0 obj_cooja/mtype257.a(sicslowpan.o)
 .data          0x000000000002f130       0x14 obj_cooja/mtype257.a(uip-ds6-nbr.o)
                0x000000000002f140                ds6_neighbors
 .data          0x000000000002f144       0x44 obj_cooja/mtype257.a(uip-ds6-route.o)
                0x000000000002f154                nbr_routes
 .data          0x000000000002f188        0x0 obj_cooja/mtype257.a(uip-ds6.o)
 .data          0x000000000002f188        0x0 obj_cooja/mtype257.a(uip6.o)
 .data          0x000000000002f188       0x10 obj_cooja/mtype257.a(tcpip.o)
                0x000000000002f188                tcpip_process
 .data          0x000000000002f198        0x0 obj_cooja/mtype257.a(uip-debug.o)
 .data          0x000000000002f198        0xc obj_cooja/mtype257.a(uip-packetqueue)
 .data          0x000000000002f1a4        0x0 obj_cooja/mtype257.a(uip-udp-packet.)
 .data          0x000000000002f1a4       0x28 obj_cooja/mtype257.a(rpl-dag.o)
                0x000000000002f1b4                rpl_parents
                0x000000000002f1c8                rpl_children
 .data          0x000000000002f1cc        0x0 obj_cooja/mtype257.a(rpl-ext-header.)
 .data          0x000000000002f1cc       0x34 obj_cooja/mtype257.a(rpl-icmp6.o)
 .data          0x000000000002f200       0x1c obj_cooja/mtype257.a(rpl-ltmax.o)
                0x000000000002f200                rpl_ltmax_of
 .data          0x000000000002f21c        0x0 obj_cooja/mtype257.a(rpl-timers.o)
 .data          0x000000000002f21c        0x0 obj_cooja/mtype257.a(rpl.o)
 .data          0x000000000002f21c        0x0 obj_cooja/mtype257.a(framer-802154.o)
 .data          0x000000000002f21c        0x0 obj_cooja/mtype257.a(nullmac.o)
 .data          0x000000000002f21c       0x20 obj_cooja/mtype257.a(cxmac.o)
                0x000000000002f21c                cxmac_config
 .data          0x000000000002f23c        0x0 obj_cooja/mtype257.a(linkaddr.o)
 .data          0x000000000002f23c       0x10 obj_cooja/mtype257.a(nbr-table.o)
 .data          0x000000000002f24c        0x0 obj_cooja/mtype257.a(netstack.o)
 .data          0x000000000002f24c        0x4 obj_cooja/mtype257.a(packetbuf.o)
 .data          0x000000000002f250       0x18 obj_cooja/mtype257.a(queuebuf.o)
 .data          0x000000000002f268        0x0 obj_cooja/mtype257.a(nullsec.o)
 .data          0x000000000002f268        0x0 obj_cooja/mtype257.a(watchdog.o)
 .data          0x000000000002f268        0x0 obj_cooja/mtype257.a(rimestats.o)
 .data          0x000000000002f268        0x0 obj_cooja/mtype257.a(leds.o)
 .data          0x000000000002f268        0x0 obj_cooja/mtype257.a(memb.o)
 .data          0x000000000002f268       0x20 obj_cooja/mtype257.a(uip-icmp6.o)
 .data          0x000000000002f288        0x0 obj_cooja/mtype257.a(uip-nd6.o)
 .data          0x000000000002f288        0x0 obj_cooja/mtype257.a(rpl-nbr-policy.)
 .data          0x000000000002f288        0x2 obj_cooja/mtype257.a(frame802154.o)
 .data          0x000000000002f28a        0x0 obj_cooja/mtype257.a(mac.o)
 .data          0x000000000002f28a        0x0 /usr/lib/gcc/i686-linux-gnu/4.8/crtendS.o
 .data          0x000000000002f28a        0x0 /usr/lib/gcc/i686-linux-gnu/4.8/../../../i386-linux-gnu/crtn.o

.tm_clone_table
                0x000000000002f28c        0x0
 .tm_clone_table
                0x000000000002f28c        0x0 /usr/lib/gcc/i686-linux-gnu/4.8/crtbeginS.o
 .tm_clone_table
                0x000000000002f28c        0x0 /usr/lib/gcc/i686-linux-gnu/4.8/crtendS.o

.data1
 *(.data1)
                0x000000000002f28c                _edata = .
                0x000000000002f28c                PROVIDE (edata, .)
                0x000000000002f28c                . = .
                0x000000000002f28c                __bss_start = .

.bss            0x000000000002f2a0     0x8328
 *(.dynbss)
 .dynbss        0x0000000000000000        0x0 /usr/lib/gcc/i686-linux-gnu/4.8/../../../i386-linux-gnu/crti.o
 *(.bss .bss.* .gnu.linkonce.b.*)
 .bss           0x000000000002f2a0        0x0 /usr/lib/gcc/i686-linux-gnu/4.8/../../../i386-linux-gnu/crti.o
 .bss           0x000000000002f2a0        0x1 /usr/lib/gcc/i686-linux-gnu/4.8/crtbeginS.o
 *fill*         0x000000000002f2a1       0x1f 
 .bss           0x000000000002f2c0       0x60 udp-client.co
                0x000000000002f2c0                my_weight
 .bss           0x000000000002f320     0x2030 obj_cooja/mtype257.o
 .bss           0x0000000000031350        0x1 obj_cooja/mtype257.a(simEnvChange.o)
                0x0000000000031350                simDontFallAsleep
 *fill*         0x0000000000031351        0x3 
 .bss           0x0000000000031354        0x4 obj_cooja/mtype257.a(cooja_mt.o)
 .bss           0x0000000000031358        0x4 obj_cooja/mtype257.a(cooja_mtarch.o)
 .bss           0x000000000003135c        0xc obj_cooja/mtype257.a(rtimer-arch.o)
 .bss           0x0000000000031368        0x0 obj_cooja/mtype257.a(beep.o)
 .bss           0x0000000000031368        0x8 obj_cooja/mtype257.a(button-sensor.o)
 .bss           0x0000000000031370        0x0 obj_cooja/mtype257.a(leds-arch.o)
 .bss           0x0000000000031370        0x0 obj_cooja/mtype257.a(moteid.o)
 .bss           0x0000000000031370        0x1 obj_cooja/mtype257.a(pir-sensor.o)
                0x0000000000031370                simPirValue
 *fill*         0x0000000000031371        0x3 
 .bss           0x0000000000031374        0x4 obj_cooja/mtype257.a(rs232.o)
 .bss           0x0000000000031378        0x1 obj_cooja/mtype257.a(vib-sensor.o)
                0x0000000000031378                simVibValue
 .bss           0x0000000000031379        0x0 obj_cooja/mtype257.a(clock.o)
 *fill*         0x0000000000031379        0x7 
 .bss           0x0000000000031380      0x420 obj_cooja/mtype257.a(log.o)
 .bss           0x00000000000317a0      0xfc0 obj_cooja/mtype257.a(cfs-cooja.o)
                0x00000000000317a0                simCFSData
                0x0000000000032740                simCFSSize
                0x0000000000032744                simCFSChanged
                0x0000000000032748                simCFSRead
                0x000000000003274c                simCFSWritten
 .bss           0x0000000000032760       0x24 obj_cooja/mtype257.a(cooja-radio.o)
                0x0000000000032760                simReceivingLR
                0x0000000000032764                simInSizeLR
                0x0000000000032768                simOutSizeLR
                0x000000000003276c                simReceiving
                0x0000000000032770                simInSize
                0x0000000000032774                simOutSize
                0x0000000000032778                LongRangeTransmit
                0x000000000003277c                LongRangeReceiving
 .bss           0x0000000000032784        0xc obj_cooja/mtype257.a(eeprom.o)
                0x0000000000032784                simEEPROMChanged
                0x0000000000032788                simEEPROMRead
                0x000000000003278c                simEEPROMWritten
 .bss           0x0000000000032790        0x0 obj_cooja/mtype257.a(random.o)
 .bss           0x0000000000032790        0xc obj_cooja/mtype257.a(sensors.o)
 .bss           0x000000000003279c       0x28 obj_cooja/mtype257.a(dual_conf.o)
                0x000000000003279c                long_range_radio
 .bss           0x00000000000327c4        0x0 obj_cooja/mtype257.a(autostart.o)
 .bss           0x00000000000327c4        0x5 obj_cooja/mtype257.a(ctimer.o)
 *fill*         0x00000000000327c9        0x3 
 .bss           0x00000000000327cc        0x8 obj_cooja/mtype257.a(etimer.o)
 .bss           0x00000000000327d4        0x0 obj_cooja/mtype257.a(log_message.o)
 *fill*         0x00000000000327d4        0xc 
 .bss           0x00000000000327e0      0x1b1 obj_cooja/mtype257.a(process.o)
                0x00000000000327e0                process_list
                0x00000000000327e4                process_current
 .bss           0x0000000000032991        0x0 obj_cooja/mtype257.a(residual.o)
 *fill*         0x0000000000032991        0x3 
 .bss           0x0000000000032994        0x4 obj_cooja/mtype257.a(rtimer.o)
 .bss           0x0000000000032998        0x0 obj_cooja/mtype257.a(stimer.o)
 .bss           0x0000000000032998        0x0 obj_cooja/mtype257.a(timer.o)
 *fill*         0x0000000000032998        0x8 
 .bss           0x00000000000329a0      0x140 obj_cooja/mtype257.a(serial-line.o)
 .bss           0x0000000000032ae0        0x0 obj_cooja/mtype257.a(list.o)
 .bss           0x0000000000032ae0        0x0 obj_cooja/mtype257.a(ringbuf.o)
 .bss           0x0000000000032ae0      0x70c obj_cooja/mtype257.a(sicslowpan.o)
 *fill*         0x00000000000331ec       0x14 
 .bss           0x0000000000033200       0xc0 obj_cooja/mtype257.a(uip-ds6-nbr.o)
 .bss           0x00000000000332c0      0x4a8 obj_cooja/mtype257.a(uip-ds6-route.o)
 .bss           0x0000000000033768       0x30 obj_cooja/mtype257.a(uip-ds6.o)
 .bss           0x0000000000033798        0xe obj_cooja/mtype257.a(uip6.o)
                0x0000000000033798                uip_ext_bitmap
                0x0000000000033799                uip_ext_len
                0x000000000003379a                uip_ext_opt_offset
 *fill*         0x00000000000337a6       0x1a 
 .bss           0x00000000000337c0       0x6b obj_cooja/mtype257.a(tcpip.o)
 .bss           0x000000000003382b        0x0 obj_cooja/mtype257.a(uip-debug.o)
 *fill*         0x000000000003382b       0x15 
 .bss           0x0000000000033840      0xcf8 obj_cooja/mtype257.a(uip-packetqueue)
 .bss           0x0000000000034538        0x0 obj_cooja/mtype257.a(uip-udp-packet.)
 *fill*         0x0000000000034538        0x8 
 .bss           0x0000000000034540       0x88 obj_cooja/mtype257.a(rpl-dag.o)
 .bss           0x00000000000345c8        0x0 obj_cooja/mtype257.a(rpl-ext-header.)
 .bss           0x00000000000345c8        0x0 obj_cooja/mtype257.a(rpl-icmp6.o)
 .bss           0x00000000000345c8        0x0 obj_cooja/mtype257.a(rpl-ltmax.o)
 *fill*         0x00000000000345c8       0x18 
 .bss           0x00000000000345e0       0x60 obj_cooja/mtype257.a(rpl-timers.o)
 .bss           0x0000000000034640        0x4 obj_cooja/mtype257.a(rpl.o)
 .bss           0x0000000000034644        0x2 obj_cooja/mtype257.a(framer-802154.o)
 .bss           0x0000000000034646        0x0 obj_cooja/mtype257.a(nullmac.o)
 *fill*         0x0000000000034646       0x1a 
 .bss           0x0000000000034660       0xa0 obj_cooja/mtype257.a(cxmac.o)
 .bss           0x0000000000034700        0x0 obj_cooja/mtype257.a(linkaddr.o)
 .bss           0x0000000000034700       0xc4 obj_cooja/mtype257.a(nbr-table.o)
 .bss           0x00000000000347c4        0x0 obj_cooja/mtype257.a(netstack.o)
 *fill*         0x00000000000347c4       0x1c 
 .bss           0x00000000000347e0       0xa0 obj_cooja/mtype257.a(packetbuf.o)
 .bss           0x0000000000034880      0xb80 obj_cooja/mtype257.a(queuebuf.o)
 .bss           0x0000000000035400        0x0 obj_cooja/mtype257.a(nullsec.o)
 .bss           0x0000000000035400        0x0 obj_cooja/mtype257.a(watchdog.o)
 .bss           0x0000000000035400        0x0 obj_cooja/mtype257.a(rimestats.o)
 .bss           0x0000000000035400        0x1 obj_cooja/mtype257.a(leds.o)
 .bss           0x0000000000035401        0x0 obj_cooja/mtype257.a(memb.o)
 *fill*         0x0000000000035401        0x3 
 .bss           0x0000000000035404       0x18 obj_cooja/mtype257.a(uip-icmp6.o)
 .bss           0x000000000003541c        0x0 obj_cooja/mtype257.a(uip-nd6.o)
 *fill*         0x000000000003541c        0x4 
 .bss           0x0000000000035420       0x44 obj_cooja/mtype257.a(rpl-nbr-policy.)
 .bss           0x0000000000035464        0x0 obj_cooja/mtype257.a(frame802154.o)
 .bss           0x0000000000035464        0x0 obj_cooja/mtype257.a(mac.o)
 .bss           0x0000000000035464        0x0 /usr/lib/gcc/i686-linux-gnu/4.8/crtendS.o
 .bss           0x0000000000035464        0x0 /usr/lib/gcc/i686-linux-gnu/4.8/../../../i386-linux-gnu/crtn.o
 *(COMMON)
 COMMON         0x0000000000035464       0x49 udp-client.co
                0x0000000000035464                dio_count
                0x0000000000035468                dis_count
                0x000000000003546c                collision_count
                0x0000000000035470                transmission_count
                0x0000000000035474                COOJA_radioRxLong
                0x0000000000035478                control_message_count
                0x000000000003547c                dao_count
                0x0000000000035480                COOJA_radioTx
                0x0000000000035484                data_relay_count
                0x0000000000035488                data_message_count
                0x000000000003548c                my_sink_reachability
                0x0000000000035490                COOJA_radioTxLong
                0x0000000000035494                COOJA_radioRx
                0x0000000000035498                long_duty_on
                0x0000000000035499                my_parent_number
                0x000000000003549c                COOJA_radioOn
                0x00000000000354a0                COOJA_duration
                0x00000000000354a4                dio_ack_count
                0x00000000000354a8                COOJA_radioOnLong
                0x00000000000354ac                short_duty_on
 *fill*         0x00000000000354ad        0x3 
 COMMON         0x00000000000354b0        0xc obj_cooja/mtype257.o
                0x00000000000354b0                referenceVar
                0x00000000000354b4                debugfp
                0x00000000000354b8                sensors_flags
 COMMON         0x00000000000354bc        0xc obj_cooja/mtype257.a(simEnvChange.o)
                0x00000000000354bc                simEtimerPending
                0x00000000000354c0                simProcessRunValue
                0x00000000000354c4                simNextExpirationTime
 COMMON         0x00000000000354c8        0x1 obj_cooja/mtype257.a(beep.o)
                0x00000000000354c8                simBeeped
 COMMON         0x00000000000354c9        0x3 obj_cooja/mtype257.a(button-sensor.o)
                0x00000000000354c9                simButtonIsActive
                0x00000000000354ca                simButtonIsDown
                0x00000000000354cb                simButtonChanged
 COMMON         0x00000000000354cc        0x1 obj_cooja/mtype257.a(leds-arch.o)
                0x00000000000354cc                simLedsValue
 *fill*         0x00000000000354cd        0x3 
 COMMON         0x00000000000354d0        0xc obj_cooja/mtype257.a(moteid.o)
                0x00000000000354d0                simRandomSeed
                0x00000000000354d4                simMoteIDChanged
                0x00000000000354d8                simMoteID
 COMMON         0x00000000000354dc        0x2 obj_cooja/mtype257.a(pir-sensor.o)
                0x00000000000354dc                simPirIsActive
                0x00000000000354dd                simPirChanged
 *fill*         0x00000000000354de        0x2 
 COMMON         0x00000000000354e0      0x820 obj_cooja/mtype257.a(rs232.o)
                0x00000000000354e0                simSerialReceivingFlag
                0x00000000000354e4                simSerialReceivingLength
                0x0000000000035500                simSerialReceivingData
 COMMON         0x0000000000035d00        0x2 obj_cooja/mtype257.a(vib-sensor.o)
                0x0000000000035d00                simVibChanged
                0x0000000000035d01                simVibIsActive
 *fill*         0x0000000000035d02        0x2 
 COMMON         0x0000000000035d04        0x4 obj_cooja/mtype257.a(clock.o)
                0x0000000000035d04                simCurrentTime
 *fill*         0x0000000000035d08       0x18 
 COMMON         0x0000000000035d20      0x420 obj_cooja/mtype257.a(log.o)
                0x0000000000035d20                simLoggedLength
                0x0000000000035d24                simLoggedFlag
                0x0000000000035d40                simLoggedData
 COMMON         0x0000000000036140      0x240 obj_cooja/mtype257.a(cooja-radio.o)
                0x0000000000036140                simOutDataBuffer
                0x00000000000361c0                simRadioTarget
                0x00000000000361e0                simInDataBufferLR
                0x0000000000036260                simOutDataBufferLR
                0x00000000000362e0                dual_duty_cycle_count
                0x0000000000036300                simInDataBuffer
 COMMON         0x0000000000036380      0x400 obj_cooja/mtype257.a(eeprom.o)
                0x0000000000036380                simEEPROMData
 COMMON         0x0000000000036780        0x1 obj_cooja/mtype257.a(sensors.o)
                0x0000000000036780                sensors_event
 *fill*         0x0000000000036781        0x3 
 COMMON         0x0000000000036784        0x4 obj_cooja/mtype257.a(log_message.o)
                0x0000000000036784                log_fp
 COMMON         0x0000000000036788        0x1 obj_cooja/mtype257.a(serial-line.o)
                0x0000000000036788                serial_line_event_message
 *fill*         0x0000000000036789       0x17 
 COMMON         0x00000000000367a0       0x50 obj_cooja/mtype257.a(uip-ds6-nbr.o)
                0x00000000000367a0                ds6_lr_addrmap
 *fill*         0x00000000000367f0       0x10 
 COMMON         0x0000000000036800      0x298 obj_cooja/mtype257.a(uip-ds6.o)
                0x0000000000036800                uip_ds6_prefix_list
                0x0000000000036860                uip_ds6_timer_periodic
                0x0000000000036870                uip_ds6_netif_addr_list_offset
                0x0000000000036880                uip_ds6_if
                0x0000000000036978                uip_ds6_timer_ra
                0x0000000000036980                uip_ds6_addr_size
                0x00000000000369a0                long_uip_ds6_if
 *fill*         0x0000000000036a98        0x8 
 COMMON         0x0000000000036aa0      0x8ec obj_cooja/mtype257.a(uip6.o)
                0x0000000000036aa0                uip_slen
                0x0000000000036aa2                uip_acc32
                0x0000000000036ac0                uip_conns
                0x0000000000036b80                uip_lladdr
                0x0000000000036b88                uip_appdata
                0x0000000000036b8c                uip_flags
                0x0000000000036ba0                uip_aligned_buf
                0x00000000000371e0                uip_listenports
                0x00000000000371f0                uip_len
                0x00000000000371f2                uip_long_lladdr
                0x00000000000371fc                uip_sappdata
                0x0000000000037200                uip_udp_conns
                0x0000000000037380                uip_udp_conn
                0x0000000000037384                uip_next_hdr
                0x0000000000037388                uip_conn
 COMMON         0x000000000003738c        0x1 obj_cooja/mtype257.a(tcpip.o)
                0x000000000003738c                tcpip_event
 *fill*         0x000000000003738d       0x13 
 COMMON         0x00000000000373a0      0x198 obj_cooja/mtype257.a(rpl-dag.o)
                0x00000000000373a0                default_instance
                0x00000000000373c0                instance_table
 COMMON         0x0000000000037538       0x10 obj_cooja/mtype257.a(linkaddr.o)
                0x0000000000037538                linkaddr_node_addr
                0x0000000000037540                long_linkaddr_node_addr
 COMMON         0x0000000000037548       0x2e obj_cooja/mtype257.a(packetbuf.o)
                0x0000000000037548                packetbuf_attrs
                0x0000000000037566                packetbuf_addrs
 *fill*         0x0000000000037576        0xa 
 COMMON         0x0000000000037580       0x48 obj_cooja/mtype257.a(rimestats.o)
                0x0000000000037580                rimestats
                0x00000000000375c8                . = ALIGN ((. != 0x0)?0x4:0x1)
                0x00000000000375c8                . = ALIGN (0x4)
                0x00000000000375c8                . = SEGMENT_START ("ldata-segment", .)
                0x00000000000375c8                . = ALIGN (0x4)
                0x00000000000375c8                _end = .
                0x00000000000375c8                PROVIDE (end, .)
                0x00000000000375c8                . = DATA_SEGMENT_END (.)

.stab
 *(.stab)

.stabstr
 *(.stabstr)

.stab.excl
 *(.stab.excl)

.stab.exclstr
 *(.stab.exclstr)

.stab.index
 *(.stab.index)

.stab.indexstr
 *(.stab.indexstr)

.comment        0x0000000000000000       0x29
 *(.comment)
 .comment       0x0000000000000000       0x29 /usr/lib/gcc/i686-linux-gnu/4.8/crtbeginS.o
                                         0x2a (size before relaxing)
 .comment       0x0000000000000000       0x2a udp-client.co
 .comment       0x0000000000000000       0x2a obj_cooja/mtype257.o
 .comment       0x0000000000000000       0x2a obj_cooja/mtype257.a(simEnvChange.o)
 .comment       0x0000000000000000       0x2a obj_cooja/mtype257.a(cooja_mt.o)
 .comment       0x0000000000000000       0x2a obj_cooja/mtype257.a(cooja_mtarch.o)
 .comment       0x0000000000000000       0x2a obj_cooja/mtype257.a(rtimer-arch.o)
 .comment       0x0000000000000000       0x2a obj_cooja/mtype257.a(beep.o)
 .comment       0x0000000000000000       0x2a obj_cooja/mtype257.a(button-sensor.o)
 .comment       0x0000000000000000       0x2a obj_cooja/mtype257.a(leds-arch.o)
 .comment       0x0000000000000000       0x2a obj_cooja/mtype257.a(moteid.o)
 .comment       0x0000000000000000       0x2a obj_cooja/mtype257.a(pir-sensor.o)
 .comment       0x0000000000000000       0x2a obj_cooja/mtype257.a(rs232.o)
 .comment       0x0000000000000000       0x2a obj_cooja/mtype257.a(vib-sensor.o)
 .comment       0x0000000000000000       0x2a obj_cooja/mtype257.a(clock.o)
 .comment       0x0000000000000000       0x2a obj_cooja/mtype257.a(log.o)
 .comment       0x0000000000000000       0x2a obj_cooja/mtype257.a(cfs-cooja.o)
 .comment       0x0000000000000000       0x2a obj_cooja/mtype257.a(cooja-radio.o)
 .comment       0x0000000000000000       0x2a obj_cooja/mtype257.a(eeprom.o)
 .comment       0x0000000000000000       0x2a obj_cooja/mtype257.a(random.o)
 .comment       0x0000000000000000       0x2a obj_cooja/mtype257.a(sensors.o)
 .comment       0x0000000000000000       0x2a obj_cooja/mtype257.a(dual_conf.o)
 .comment       0x0000000000000000       0x2a obj_cooja/mtype257.a(autostart.o)
 .comment       0x0000000000000000       0x2a obj_cooja/mtype257.a(ctimer.o)
 .comment       0x0000000000000000       0x2a obj_cooja/mtype257.a(etimer.o)
 .comment       0x0000000000000000       0x2a obj_cooja/mtype257.a(log_message.o)
 .comment       0x0000000000000000       0x2a obj_cooja/mtype257.a(process.o)
 .comment       0x0000000000000000       0x2a obj_cooja/mtype257.a(residual.o)
 .comment       0x0000000000000000       0x2a obj_cooja/mtype257.a(rtimer.o)
 .comment       0x0000000000000000       0x2a obj_cooja/mtype257.a(stimer.o)
 .comment       0x0000000000000000       0x2a obj_cooja/mtype257.a(timer.o)
 .comment       0x0000000000000000       0x2a obj_cooja/mtype257.a(serial-line.o)
 .comment       0x0000000000000000       0x2a obj_cooja/mtype257.a(list.o)
 .comment       0x0000000000000000       0x2a obj_cooja/mtype257.a(ringbuf.o)
 .comment       0x0000000000000000       0x2a obj_cooja/mtype257.a(sicslowpan.o)
 .comment       0x0000000000000000       0x2a obj_cooja/mtype257.a(uip-ds6-nbr.o)
 .comment       0x0000000000000000       0x2a obj_cooja/mtype257.a(uip-ds6-route.o)
 .comment       0x0000000000000000       0x2a obj_cooja/mtype257.a(uip-ds6.o)
 .comment       0x0000000000000000       0x2a obj_cooja/mtype257.a(uip6.o)
 .comment       0x0000000000000000       0x2a obj_cooja/mtype257.a(tcpip.o)
 .comment       0x0000000000000000       0x2a obj_cooja/mtype257.a(uip-debug.o)
 .comment       0x0000000000000000       0x2a obj_cooja/mtype257.a(uip-packetqueue)
 .comment       0x0000000000000000       0x2a obj_cooja/mtype257.a(uip-udp-packet.)
 .comment       0x0000000000000000       0x2a obj_cooja/mtype257.a(rpl-dag.o)
 .comment       0x0000000000000000       0x2a obj_cooja/mtype257.a(rpl-ext-header.)
 .comment       0x0000000000000000       0x2a obj_cooja/mtype257.a(rpl-icmp6.o)
 .comment       0x0000000000000000       0x2a obj_cooja/mtype257.a(rpl-ltmax.o)
 .comment       0x0000000000000000       0x2a obj_cooja/mtype257.a(rpl-timers.o)
 .comment       0x0000000000000000       0x2a obj_cooja/mtype257.a(rpl.o)
 .comment       0x0000000000000000       0x2a obj_cooja/mtype257.a(framer-802154.o)
 .comment       0x0000000000000000       0x2a obj_cooja/mtype257.a(nullmac.o)
 .comment       0x0000000000000000       0x2a obj_cooja/mtype257.a(cxmac.o)
 .comment       0x0000000000000000       0x2a obj_cooja/mtype257.a(linkaddr.o)
 .comment       0x0000000000000000       0x2a obj_cooja/mtype257.a(nbr-table.o)
 .comment       0x0000000000000000       0x2a obj_cooja/mtype257.a(netstack.o)
 .comment       0x0000000000000000       0x2a obj_cooja/mtype257.a(packetbuf.o)
 .comment       0x0000000000000000       0x2a obj_cooja/mtype257.a(queuebuf.o)
 .comment       0x0000000000000000       0x2a obj_cooja/mtype257.a(nullsec.o)
 .comment       0x0000000000000000       0x2a obj_cooja/mtype257.a(watchdog.o)
 .comment       0x0000000000000000       0x2a obj_cooja/mtype257.a(rimestats.o)
 .comment       0x0000000000000000       0x2a obj_cooja/mtype257.a(leds.o)
 .comment       0x0000000000000000       0x2a obj_cooja/mtype257.a(memb.o)
 .comment       0x0000000000000000       0x2a obj_cooja/mtype257.a(uip-icmp6.o)
 .comment       0x0000000000000000       0x2a obj_cooja/mtype257.a(uip-nd6.o)
 .comment       0x0000000000000000       0x2a obj_cooja/mtype257.a(rpl-nbr-policy.)
 .comment       0x0000000000000000       0x2a obj_cooja/mtype257.a(frame802154.o)
 .comment       0x0000000000000000       0x2a obj_cooja/mtype257.a(mac.o)
 .comment       0x0000000000000000       0x2a /usr/lib/gcc/i686-linux-gnu/4.8/crtendS.o

.debug
 *(.debug)

.line
 *(.line)

.debug_srcinfo
 *(.debug_srcinfo)

.debug_sfnames
 *(.debug_sfnames)

.debug_aranges  0x0000000000000000      0x838
 *(.debug_aranges)
 .debug_aranges
                0x0000000000000000       0x20 udp-client.co
 .debug_aranges
                0x0000000000000020       0x20 obj_cooja/mtype257.o
 .debug_aranges
                0x0000000000000040       0x20 obj_cooja/mtype257.a(simEnvChange.o)
 .debug_aranges
                0x0000000000000060       0x20 obj_cooja/mtype257.a(cooja_mt.o)
 .debug_aranges
                0x0000000000000080       0x20 obj_cooja/mtype257.a(cooja_mtarch.o)
 .debug_aranges
                0x00000000000000a0       0x20 obj_cooja/mtype257.a(rtimer-arch.o)
 .debug_aranges
                0x00000000000000c0       0x20 obj_cooja/mtype257.a(beep.o)
 .debug_aranges
                0x00000000000000e0       0x20 obj_cooja/mtype257.a(button-sensor.o)
 .debug_aranges
                0x0000000000000100       0x20 obj_cooja/mtype257.a(leds-arch.o)
 .debug_aranges
                0x0000000000000120       0x20 obj_cooja/mtype257.a(moteid.o)
 .debug_aranges
                0x0000000000000140       0x20 obj_cooja/mtype257.a(pir-sensor.o)
 .debug_aranges
                0x0000000000000160       0x20 obj_cooja/mtype257.a(rs232.o)
 .debug_aranges
                0x0000000000000180       0x20 obj_cooja/mtype257.a(vib-sensor.o)
 .debug_aranges
                0x00000000000001a0       0x20 obj_cooja/mtype257.a(clock.o)
 .debug_aranges
                0x00000000000001c0       0x20 obj_cooja/mtype257.a(log.o)
 .debug_aranges
                0x00000000000001e0       0x20 obj_cooja/mtype257.a(cfs-cooja.o)
 .debug_aranges
                0x0000000000000200       0x20 obj_cooja/mtype257.a(cooja-radio.o)
 .debug_aranges
                0x0000000000000220       0x20 obj_cooja/mtype257.a(eeprom.o)
 .debug_aranges
                0x0000000000000240       0x20 obj_cooja/mtype257.a(random.o)
 .debug_aranges
                0x0000000000000260       0x20 obj_cooja/mtype257.a(sensors.o)
 .debug_aranges
                0x0000000000000280       0x20 obj_cooja/mtype257.a(dual_conf.o)
 .debug_aranges
                0x00000000000002a0       0x20 obj_cooja/mtype257.a(autostart.o)
 .debug_aranges
                0x00000000000002c0       0x20 obj_cooja/mtype257.a(ctimer.o)
 .debug_aranges
                0x00000000000002e0       0x20 obj_cooja/mtype257.a(etimer.o)
 .debug_aranges
                0x0000000000000300       0x20 obj_cooja/mtype257.a(log_message.o)
 .debug_aranges
                0x0000000000000320       0x20 obj_cooja/mtype257.a(process.o)
 .debug_aranges
                0x0000000000000340       0x20 obj_cooja/mtype257.a(residual.o)
 .debug_aranges
                0x0000000000000360       0x20 obj_cooja/mtype257.a(rtimer.o)
 .debug_aranges
                0x0000000000000380       0x20 obj_cooja/mtype257.a(stimer.o)
 .debug_aranges
                0x00000000000003a0       0x20 obj_cooja/mtype257.a(timer.o)
 .debug_aranges
                0x00000000000003c0       0x20 obj_cooja/mtype257.a(serial-line.o)
 .debug_aranges
                0x00000000000003e0       0x20 obj_cooja/mtype257.a(list.o)
 .debug_aranges
                0x0000000000000400       0x20 obj_cooja/mtype257.a(ringbuf.o)
 .debug_aranges
                0x0000000000000420       0x20 obj_cooja/mtype257.a(sicslowpan.o)
 .debug_aranges
                0x0000000000000440       0x20 obj_cooja/mtype257.a(uip-ds6-nbr.o)
 .debug_aranges
                0x0000000000000460       0x20 obj_cooja/mtype257.a(uip-ds6-route.o)
 .debug_aranges
                0x0000000000000480       0x20 obj_cooja/mtype257.a(uip-ds6.o)
 .debug_aranges
                0x00000000000004a0       0x20 obj_cooja/mtype257.a(uip6.o)
 .debug_aranges
                0x00000000000004c0       0x20 obj_cooja/mtype257.a(tcpip.o)
 .debug_aranges
                0x00000000000004e0       0x20 obj_cooja/mtype257.a(uip-debug.o)
 .debug_aranges
                0x0000000000000500       0x20 obj_cooja/mtype257.a(uip-packetqueue)
 .debug_aranges
                0x0000000000000520       0x20 obj_cooja/mtype257.a(uip-udp-packet.)
 .debug_aranges
                0x0000000000000540       0x20 obj_cooja/mtype257.a(rpl-dag.o)
 .debug_aranges
                0x0000000000000560       0x20 obj_cooja/mtype257.a(rpl-ext-header.)
 .debug_aranges
                0x0000000000000580       0x20 obj_cooja/mtype257.a(rpl-icmp6.o)
 .debug_aranges
                0x00000000000005a0       0x20 obj_cooja/mtype257.a(rpl-ltmax.o)
 .debug_aranges
                0x00000000000005c0       0x20 obj_cooja/mtype257.a(rpl-timers.o)
 .debug_aranges
                0x00000000000005e0       0x20 obj_cooja/mtype257.a(rpl.o)
 .debug_aranges
                0x0000000000000600       0x20 obj_cooja/mtype257.a(framer-802154.o)
 .debug_aranges
                0x0000000000000620       0x20 obj_cooja/mtype257.a(nullmac.o)
 .debug_aranges
                0x0000000000000640       0x20 obj_cooja/mtype257.a(cxmac.o)
 .debug_aranges
                0x0000000000000660       0x20 obj_cooja/mtype257.a(linkaddr.o)
 .debug_aranges
                0x0000000000000680       0x20 obj_cooja/mtype257.a(nbr-table.o)
 .debug_aranges
                0x00000000000006a0       0x20 obj_cooja/mtype257.a(netstack.o)
 .debug_aranges
                0x00000000000006c0       0x20 obj_cooja/mtype257.a(packetbuf.o)
 .debug_aranges
                0x00000000000006e0       0x20 obj_cooja/mtype257.a(queuebuf.o)
 .debug_aranges
                0x0000000000000700       0x20 obj_cooja/mtype257.a(nullsec.o)
 .debug_aranges
                0x0000000000000720       0x20 obj_cooja/mtype257.a(watchdog.o)
 .debug_aranges
                0x0000000000000740       0x18 obj_cooja/mtype257.a(rimestats.o)
 .debug_aranges
                0x0000000000000758       0x20 obj_cooja/mtype257.a(leds.o)
 .debug_aranges
                0x0000000000000778       0x20 obj_cooja/mtype257.a(memb.o)
 .debug_aranges
                0x0000000000000798       0x20 obj_cooja/mtype257.a(uip-icmp6.o)
 .debug_aranges
                0x00000000000007b8       0x20 obj_cooja/mtype257.a(uip-nd6.o)
 .debug_aranges
                0x00000000000007d8       0x20 obj_cooja/mtype257.a(rpl-nbr-policy.)
 .debug_aranges
                0x00000000000007f8       0x20 obj_cooja/mtype257.a(frame802154.o)
 .debug_aranges
                0x0000000000000818       0x20 obj_cooja/mtype257.a(mac.o)

.debug_pubnames
 *(.debug_pubnames)

.debug_info     0x0000000000000000    0x1d1da
 *(.debug_info .gnu.linkonce.wi.*)
 .debug_info    0x0000000000000000      0xa45 udp-client.co
 .debug_info    0x0000000000000a45     0x3ac4 obj_cooja/mtype257.o
 .debug_info    0x0000000000004509      0x15a obj_cooja/mtype257.a(simEnvChange.o)
 .debug_info    0x0000000000004663      0x1e2 obj_cooja/mtype257.a(cooja_mt.o)
 .debug_info    0x0000000000004845      0x2e7 obj_cooja/mtype257.a(cooja_mtarch.o)
 .debug_info    0x0000000000004b2c      0x16b obj_cooja/mtype257.a(rtimer-arch.o)
 .debug_info    0x0000000000004c97      0x1f3 obj_cooja/mtype257.a(beep.o)
 .debug_info    0x0000000000004e8a      0x257 obj_cooja/mtype257.a(button-sensor.o)