Archive member included to satisfy reference by file (symbol)

obj_cooja/mtype959.a(simEnvChange.o)
                              obj_cooja/mtype959.o (simDontFallAsleep)
obj_cooja/mtype959.a(cooja_mt.o)
                              obj_cooja/mtype959.o (cooja_mt_start)
obj_cooja/mtype959.a(cooja_mtarch.o)
                              obj_cooja/mtype959.a(cooja_mt.o) (cooja_mtarch_init)
obj_cooja/mtype959.a(rtimer-arch.o)
                              obj_cooja/mtype959.o (rtimer_arch_next)
obj_cooja/mtype959.a(beep.o)  obj_cooja/mtype959.o (beep_interface)
obj_cooja/mtype959.a(button-sensor.o)
                              obj_cooja/mtype959.o (button_interface)
obj_cooja/mtype959.a(leds-arch.o)
                              obj_cooja/mtype959.o (leds_interface)
obj_cooja/mtype959.a(moteid.o)
                              obj_cooja/mtype959.o (moteid_interface)
obj_cooja/mtype959.a(pir-sensor.o)
                              obj_cooja/mtype959.o (pir_interface)
obj_cooja/mtype959.a(rs232.o)
                              obj_cooja/mtype959.o (rs232_interface)
obj_cooja/mtype959.a(vib-sensor.o)
                              obj_cooja/mtype959.o (vib_interface)
obj_cooja/mtype959.a(clock.o)
                              obj_cooja/mtype959.o (clock_interface)
obj_cooja/mtype959.a(log.o)   obj_cooja/mtype959.o (simlog_interface)
obj_cooja/mtype959.a(cfs-cooja.o)
                              obj_cooja/mtype959.o (cfs_interface)
obj_cooja/mtype959.a(cooja-radio.o)
                              obj_cooja/mtype959.o (radio_interface)
obj_cooja/mtype959.a(eeprom.o)
                              obj_cooja/mtype959.o (eeprom_interface)
obj_cooja/mtype959.a(random.o)
                              obj_cooja/mtype959.a(moteid.o) (random_init)
obj_cooja/mtype959.a(sensors.o)
                              udp-server.co (sensors_event)
obj_cooja/mtype959.a(dual_conf.o)
                              obj_cooja/mtype959.a(cooja-radio.o) (long_range_radio)
obj_cooja/mtype959.a(autostart.o)
                              obj_cooja/mtype959.o (autostart_start)
obj_cooja/mtype959.a(ctimer.o)
                              obj_cooja/mtype959.o (ctimer_init)
obj_cooja/mtype959.a(etimer.o)
                              obj_cooja/mtype959.o (etimer_process)
obj_cooja/mtype959.a(log_message.o)
                              obj_cooja/mtype959.o (log_initialization)
obj_cooja/mtype959.a(process.o)
                              udp-server.co (process_current)
obj_cooja/mtype959.a(residual.o)
                              obj_cooja/mtype959.o (get_residual_energy)
obj_cooja/mtype959.a(rtimer.o)
                              obj_cooja/mtype959.a(rtimer-arch.o) (rtimer_run_next)
obj_cooja/mtype959.a(timer.o)
                              obj_cooja/mtype959.a(button-sensor.o) (timer_set)
obj_cooja/mtype959.a(serial-line.o)
                              obj_cooja/mtype959.a(rs232.o) (serial_line_input_byte)
obj_cooja/mtype959.a(list.o)  obj_cooja/mtype959.a(ctimer.o) (list_init)
obj_cooja/mtype959.a(ringbuf.o)
                              obj_cooja/mtype959.a(serial-line.o) (ringbuf_init)
obj_cooja/mtype959.a(sicslowpan.o)
                              obj_cooja/mtype959.o (sicslowpan_driver)
obj_cooja/mtype959.a(uip-ds6-nbr.o)
                              obj_cooja/mtype959.a(sicslowpan.o) (uip_ds6_link_neighbor_callback)
obj_cooja/mtype959.a(uip-ds6.o)
                              udp-server.co (uip_ds6_if)
obj_cooja/mtype959.a(uip6.o)  obj_cooja/mtype959.o (uip_lladdr)
obj_cooja/mtype959.a(tcpip.o)
                              udp-server.co (tcpip_event)
obj_cooja/mtype959.a(uip-debug.o)
                              udp-server.co (uip_debug_ipaddr_print)
obj_cooja/mtype959.a(uip-packetqueue)
                              obj_cooja/mtype959.a(uip-ds6-nbr.o) (uip_packetqueue_new)
obj_cooja/mtype959.a(rpl-dag.o)
                              udp-server.co (rpl_set_root)
obj_cooja/mtype959.a(rpl-ext-header.)
                              obj_cooja/mtype959.a(uip6.o) (rpl_verify_header)
obj_cooja/mtype959.a(rpl-icmp6.o)
                              obj_cooja/mtype959.a(rpl-dag.o) (rpl_icmp6_update_nbr_table)
obj_cooja/mtype959.a(rpl-of0.o)
                              obj_cooja/mtype959.a(rpl-dag.o) (rpl_of0)
obj_cooja/mtype959.a(rpl-timers.o)
                              obj_cooja/mtype959.a(rpl-dag.o) (rpl_reset_dio_timer)
obj_cooja/mtype959.a(rpl.o)   obj_cooja/mtype959.a(rpl-icmp6.o) (rpl_get_mode)
obj_cooja/mtype959.a(framer-802154.o)
                              obj_cooja/mtype959.a(sicslowpan.o) (framer_802154)
obj_cooja/mtype959.a(nullmac.o)
                              udp-server.co (nullmac_driver)
obj_cooja/mtype959.a(cxmac.o)
                              obj_cooja/mtype959.o (cxmac_driver)
obj_cooja/mtype959.a(linkaddr.o)
                              obj_cooja/mtype959.o (linkaddr_node_addr)
obj_cooja/mtype959.a(nbr-table.o)
                              obj_cooja/mtype959.a(rpl-of0.o) (long_ip_from_lladdr_map)
[...]
Memory Configuration

Name             Origin             Length             Attributes
*default*        0x0000000000000000 0xffffffffffffffff

Linker script and memory map

LOAD /usr/lib/gcc/i686-linux-gnu/4.8/../../../i386-linux-gnu/crti.o
LOAD /usr/lib/gcc/i686-linux-gnu/4.8/crtbeginS.o
LOAD udp-server.co
LOAD obj_cooja/mtype959.o
LOAD obj_cooja/mtype959.a
LOAD /usr/lib/gcc/i686-linux-gnu/4.8/libgcc.a
LOAD /usr/lib/gcc/i686-linux-gnu/4.8/libgcc_s.so
LOAD /usr/lib/gcc/i686-linux-gnu/4.8/../../../i386-linux-gnu/libc.so
START GROUP
LOAD /lib/i386-linux-gnu/libc.so.6
LOAD /usr/lib/i386-linux-gnu/libc_nonshared.a
LOAD /lib/i386-linux-gnu/ld-linux.so.2
END GROUP
LOAD /usr/lib/gcc/i686-linux-gnu/4.8/libgcc.a
LOAD /usr/lib/gcc/i686-linux-gnu/4.8/libgcc_s.so
LOAD /usr/lib/gcc/i686-linux-gnu/4.8/crtendS.o
LOAD /usr/lib/gcc/i686-linux-gnu/4.8/../../../i386-linux-gnu/crtn.o
                0x0000000000000114                . = (0x0 + SIZEOF_HEADERS)

.note.gnu.build-id
                0x0000000000000114       0x24
 *(.note.gnu.build-id)
 .note.gnu.build-id
                0x0000000000000114       0x24 /usr/lib/gcc/i686-linux-gnu/4.8/../../../i386-linux-gnu/crti.o

.hash
 *(.hash)

.gnu.hash       0x0000000000000138     0x1330
 *(.gnu.hash)
 .gnu.hash      0x0000000000000138     0x1330 /usr/lib/gcc/i686-linux-gnu/4.8/../../../i386-linux-gnu/crti.o

.dynsym         0x0000000000001468     0x2520
 *(.dynsym)
 .dynsym        0x0000000000001468     0x2520 /usr/lib/gcc/i686-linux-gnu/4.8/../../../i386-linux-gnu/crti.o

.dynstr         0x0000000000003988     0x2633
 *(.dynstr)
 .dynstr        0x0000000000003988     0x2633 /usr/lib/gcc/i686-linux-gnu/4.8/../../../i386-linux-gnu/crti.o

.gnu.version    0x0000000000005fbc      0x4a4
 *(.gnu.version)
 .gnu.version   0x0000000000005fbc      0x4a4 /usr/lib/gcc/i686-linux-gnu/4.8/../../../i386-linux-gnu/crti.o

.gnu.version_d  0x0000000000006460        0x0
 *(.gnu.version_d)
 .gnu.version_d
                0x0000000000000000        0x0 /usr/lib/gcc/i686-linux-gnu/4.8/../../../i386-linux-gnu/crti.o

.gnu.version_r  0x0000000000006460       0x50
 *(.gnu.version_r)
 .gnu.version_r
                0x0000000000006460       0x50 /usr/lib/gcc/i686-linux-gnu/4.8/../../../i386-linux-gnu/crti.o

.rel.dyn        0x00000000000064b0     0x8ce8
 *(.rel.init)
 .rel.init      0x0000000000000000        0x0 /usr/lib/gcc/i686-linux-gnu/4.8/../../../i386-linux-gnu/crti.o
 *(.rel.text .rel.text.* .rel.gnu.linkonce.t.*)
 .rel.text      0x00000000000064b0     0x8560 /usr/lib/gcc/i686-linux-gnu/4.8/../../../i386-linux-gnu/crti.o
 *(.rel.fini)
 .rel.fini      0x0000000000000000        0x0 /usr/lib/gcc/i686-linux-gnu/4.8/../../../i386-linux-gnu/crti.o
 *(.rel.rodata .rel.rodata.* .rel.gnu.linkonce.r.*)
 .rel.rodata    0x000000000000ea10      0x4e0 /usr/lib/gcc/i686-linux-gnu/4.8/../../../i386-linux-gnu/crti.o
 *(.rel.data.rel.ro .rel.data.rel.ro.* .rel.gnu.linkonce.d.rel.ro.*)
 *(.rel.data .rel.data.* .rel.gnu.linkonce.d.*)
 .rel.data.rel  0x000000000000eef0        0x8 /usr/lib/gcc/i686-linux-gnu/4.8/../../../i386-linux-gnu/crti.o
 .rel.data      0x000000000000eef8      0x268 /usr/lib/gcc/i686-linux-gnu/4.8/../../../i386-linux-gnu/crti.o
 *(.rel.tdata .rel.tdata.* .rel.gnu.linkonce.td.*)
 *(.rel.tbss .rel.tbss.* .rel.gnu.linkonce.tb.*)
 *(.rel.ctors)
 *(.rel.dtors)
 *(.rel.got)
 .rel.got       0x000000000000f160       0x28 /usr/lib/gcc/i686-linux-gnu/4.8/../../../i386-linux-gnu/crti.o
 *(.rel.bss .rel.bss.* .rel.gnu.linkonce.b.*)
 *(.rel.ifunc)
 .rel.ifunc     0x0000000000000000        0x0 /usr/lib/gcc/i686-linux-gnu/4.8/../../../i386-linux-gnu/crti.o
 .rel.fini_array
                0x000000000000f188        0x8 /usr/lib/gcc/i686-linux-gnu/4.8/../../../i386-linux-gnu/crti.o
 .rel.init_array
                0x000000000000f190        0x8 /usr/lib/gcc/i686-linux-gnu/4.8/../../../i386-linux-gnu/crti.o

.rel.plt        0x000000000000f198       0x10
 *(.rel.plt)
 .rel.plt       0x000000000000f198       0x10 /usr/lib/gcc/i686-linux-gnu/4.8/../../../i386-linux-gnu/crti.o
 *(.rel.iplt)

.init           0x000000000000f1a8       0x23
 *(SORT(.init))
 .init          0x000000000000f1a8       0x1e /usr/lib/gcc/i686-linux-gnu/4.8/../../../i386-linux-gnu/crti.o
                0x000000000000f1a8                _init
 .init          0x000000000000f1c6        0x5 /usr/lib/gcc/i686-linux-gnu/4.8/../../../i386-linux-gnu/crtn.o

.plt            0x000000000000f1d0       0x30
 *(.plt)
 .plt           0x000000000000f1d0       0x30 /usr/lib/gcc/i686-linux-gnu/4.8/../../../i386-linux-gnu/crti.o
 *(.iplt)

.text           0x000000000000f200    0x157c0
 *(.text.unlikely .text.*_unlikely .text.unlikely.*)
 *(.text.exit .text.exit.*)
 *(.text.startup .text.startup.*)
 *(.text.hot .text.hot.*)
 *(.text .stub .text.* .gnu.linkonce.t.*)
 .text          0x000000000000f200        0x0 /usr/lib/gcc/i686-linux-gnu/4.8/../../../i386-linux-gnu/crti.o
 .gnu.linkonce.t.__x86.get_pc_thunk.bx
                0x000000000000f200        0x4 /usr/lib/gcc/i686-linux-gnu/4.8/../../../i386-linux-gnu/crti.o
                0x000000000000f200                __x86.get_pc_thunk.bx
 *fill*         0x000000000000f204        0xc 
 .text          0x000000000000f210      0x11b /usr/lib/gcc/i686-linux-gnu/4.8/crtbeginS.o
 .text          0x000000000000f32b      0x3ce udp-server.co
 .text          0x000000000000f6f9      0x96a obj_cooja/mtype959.o
                0x000000000000f8a7                contiki_init
                0x000000000000fe7a                Java_org_contikios_cooja_corecomm_Lib1_init
                0x000000000000feba                Java_org_contikios_cooja_corecomm_Lib1_getMemory
                0x000000000000fefa                Java_org_contikios_cooja_corecomm_Lib1_setMemory
                0x000000000000ff71                Java_org_contikios_cooja_corecomm_Lib1_tick
                0x0000000000010051                Java_org_contikios_cooja_corecomm_Lib1_setReferenceAddress
 .text          0x0000000000010063       0x63 obj_cooja/mtype959.a(simEnvChange.o)
                0x0000000000010063                doActionsBeforeTick
                0x0000000000010094                doActionsAfterTick
 .text          0x00000000000100c6       0xbc obj_cooja/mtype959.a(cooja_mt.o)
                0x00000000000100c6                cooja_mt_init
                0x00000000000100d3                cooja_mt_remove
                0x00000000000100e0                cooja_mt_start
                0x000000000001010d                cooja_mt_exec
                0x000000000001013e                cooja_mt_exit
                0x0000000000010160                cooja_mt_yield
 .text          0x0000000000010182      0x115 obj_cooja/mtype959.a(cooja_mtarch.o)
                0x0000000000010182                cooja_mtarch_init
                0x0000000000010187                cooja_mtarch_start
                0x0000000000010202                cooja_sw
                0x0000000000010224                cooja_mtarch_exec
                0x0000000000010240                cooja_mtarch_remove
                0x0000000000010245                cooja_mtarch_yield
                0x000000000001024f                cooja_mtarch_pstop
                0x0000000000010254                cooja_mtarch_pstart
                0x0000000000010259                cooja_mtarch_stack_usage
 .text          0x0000000000010297       0xc2 obj_cooja/mtype959.a(rtimer-arch.o)
                0x0000000000010297                rtimer_arch_init
                0x00000000000102ba                rtimer_arch_schedule
                0x00000000000102d1                rtimer_arch_next
                0x00000000000102db                rtimer_arch_pending
                0x00000000000102e5                rtimer_arch_check
                0x0000000000010317                rtimer_arch_now
 .text          0x0000000000010359       0x76 obj_cooja/mtype959.a(beep.o)
                0x0000000000010359                beep_alarm
                0x0000000000010365                beep_beep
                0x0000000000010371                beep
                0x000000000001037d                beep_down
                0x0000000000010389                beep_on
                0x0000000000010395                beep_off
                0x00000000000103a1                beep_spinup
                0x00000000000103ad                beep_quick
                0x00000000000103b9                beep_long
 .text          0x00000000000103cf      0x103 obj_cooja/mtype959.a(button-sensor.o)
 .text          0x00000000000104d2       0x45 obj_cooja/mtype959.a(leds-arch.o)
                0x00000000000104d2                leds_arch_init
                0x00000000000104de                leds_arch_get
                0x00000000000104ea                leds_arch_set
 .text          0x0000000000010517       0x2f obj_cooja/mtype959.a(moteid.o)
 .text          0x0000000000010546       0xb1 obj_cooja/mtype959.a(pir-sensor.o)
 .text          0x00000000000105f7      0x131 obj_cooja/mtype959.a(rs232.o)
                0x00000000000105f7                rs232_init
                0x00000000000105fc                rs232_set_speed
                0x000000000001060a                rs232_set_input
                0x0000000000010617                rs232_send
                0x0000000000010639                rs232_print
                0x0000000000010654                slip_arch_writeb
 .text          0x0000000000010728       0xb1 obj_cooja/mtype959.a(vib-sensor.o)
 .text          0x00000000000107d9       0x34 obj_cooja/mtype959.a(clock.o)
                0x00000000000107d9                clock_init
                0x00000000000107de                clock_time
                0x00000000000107e8                clock_seconds
                0x00000000000107fe                clock_delay
 .text          0x000000000001080d      0x1ed obj_cooja/mtype959.a(log.o)
                0x000000000001080d                simlog_char
                0x000000000001084f                simlog
                0x00000000000108bc                log_message
                0x00000000000108e4                log_set_putchar_with_slip
                0x00000000000108f1                log_putchar
                0x0000000000010975                log_puts
                0x0000000000010999                log_printf
 .text          0x00000000000109fa      0x2c4 obj_cooja/mtype959.a(cfs-cooja.o)
                0x00000000000109fa                cfs_open
                0x0000000000010a63                cfs_close
                0x0000000000010a6f                cfs_read
                0x0000000000010b0d                cfs_write
                0x0000000000010bea                cfs_seek
                0x0000000000010c72                cfs_remove
                0x0000000000010c9b                cfs_opendir
                0x0000000000010ca5                cfs_readdir
                0x0000000000010caf                cfs_closedir
 .text          0x0000000000010cbe      0x687 obj_cooja/mtype959.a(cooja-radio.o)
                0x0000000000010ce8                radio_set_channel
                0x0000000000010cfd                radio_set_txpower
                0x0000000000010d1d                radio_signal_strength_last
                0x0000000000010d27                radio_signal_strength_current
                0x0000000000010d31                radio_LQI
 .text          0x0000000000011345       0xef obj_cooja/mtype959.a(eeprom.o)
                0x0000000000011345                eeprom_init
                0x000000000001134a                eeprom_read
                0x00000000000113ba                eeprom_write
 .text          0x0000000000011434       0x28 obj_cooja/mtype959.a(random.o)
                0x0000000000011434                random_init
                0x000000000001144f                random_rand
 .text          0x000000000001145c      0x2a1 obj_cooja/mtype959.a(sensors.o)
                0x0000000000011497                sensors_first
                0x00000000000114a1                sensors_next
                0x00000000000114be                sensors_changed
                0x00000000000114ed                sensors_find
 .text          0x00000000000116fd      0x348 obj_cooja/mtype959.a(dual_conf.o)
                0x00000000000116fd                dual_radio_switch
                0x000000000001173d                dual_radio_change
                0x0000000000011777                sending_in_LR
                0x00000000000117a2                dual_radio_received
                0x00000000000117da                radio_received_is_longrange
                0x00000000000117f5                dual_radio_turn_on
                0x0000000000011818                dual_radio_turn_off
                0x00000000000119fb                dio_broadcast
                0x0000000000011a24                dis_broadcast
 .text          0x0000000000011a45       0x8e obj_cooja/mtype959.a(autostart.o)
                0x0000000000011a45                autostart_start
                0x0000000000011a90                autostart_exit
 .text          0x0000000000011ad3      0x334 obj_cooja/mtype959.a(ctimer.o)
                0x0000000000011bea                ctimer_init
                0x0000000000011c1a                ctimer_set
                0x0000000000011c4b                ctimer_set_with_process
                0x0000000000011cc7                ctimer_reset
                0x0000000000011d16                ctimer_restart
                0x0000000000011d65                ctimer_stop
                0x0000000000011db0                ctimer_expired
 .text          0x0000000000011e07      0x40b obj_cooja/mtype959.a(etimer.o)
                0x000000000001201a                etimer_request_poll
                0x000000000001209e                etimer_set
                0x00000000000120c3                etimer_reset_with_new_interval
                0x00000000000120ea                etimer_reset
                0x0000000000012108                etimer_restart
                0x0000000000012126                etimer_adjust
                0x0000000000012142                etimer_expired
                0x0000000000012155                etimer_expiration_time
                0x0000000000012167                etimer_start_time
                0x0000000000012171                etimer_pending
                0x0000000000012183                etimer_next_expiration_time
                0x000000000001219d                etimer_stop
 .text          0x0000000000012212       0xdd obj_cooja/mtype959.a(log_message.o)
                0x0000000000012212                log_initialization
                0x00000000000122ce                log_finisher
 .text          0x00000000000122ef      0x560 obj_cooja/mtype959.a(process.o)
                0x00000000000122ef                process_alloc_event
                0x0000000000012304                process_start
                0x00000000000124ed                process_exit
                0x0000000000012509                process_init
                0x00000000000126da                process_run
                0x000000000001270d                process_nevents
                0x0000000000012728                process_post
                0x00000000000127d4                process_post_synch
                0x000000000001280c                process_poll
                0x000000000001283b                process_is_running
 .text          0x000000000001284f       0xd3 obj_cooja/mtype959.a(residual.o)
                0x000000000001284f                get_residual_energy
 .text          0x0000000000012922       0xba obj_cooja/mtype959.a(rtimer.o)
                0x0000000000012922                rtimer_init
                0x000000000001292f                rtimer_set
                0x0000000000012986                rtimer_run_next
 .text          0x00000000000129dc       0x91 obj_cooja/mtype959.a(timer.o)
                0x00000000000129dc                timer_set
                0x00000000000129f7                timer_reset
                0x0000000000012a0e                timer_restart
                0x0000000000012a20                timer_expired
                0x0000000000012a49                timer_remaining
 .text          0x0000000000012a6d      0x1fb obj_cooja/mtype959.a(serial-line.o)
                0x0000000000012a6d                serial_line_input_byte
                0x0000000000012c30                serial_line_init
 .text          0x0000000000012c68      0x244 obj_cooja/mtype959.a(list.o)
                0x0000000000012c68                list_init
                0x0000000000012c76                list_head
                0x0000000000012c80                list_copy
                0x0000000000012c8f                list_tail
                0x0000000000012cc5                list_add
                0x0000000000012d0e                list_push
                0x0000000000012d3a                list_chop
                0x0000000000012da4                list_pop
                0x0000000000012dcc                list_remove
                0x0000000000012e33                list_length
                0x0000000000012e61                list_insert
                0x0000000000012e95                list_item_next
 .text          0x0000000000012eac      0x155 obj_cooja/mtype959.a(ringbuf.o)
                0x0000000000012eac                ringbuf_init
                0x0000000000012edd                ringbuf_put
                0x0000000000012f5b                ringbuf_get
                0x0000000000012fc8                ringbuf_size
                0x0000000000012fda                ringbuf_elements
 .text          0x0000000000013001     0x258b obj_cooja/mtype959.a(sicslowpan.o)
                0x000000000001358b                rime_sniffer_add
                0x0000000000013598                rime_sniffer_remove
                0x000000000001552b                sicslowpan_init
                0x0000000000015582                sicslowpan_get_last_rssi
 .text          0x000000000001558c      0x2dc obj_cooja/mtype959.a(uip-ds6-nbr.o)
                0x00000000000155a9                uip_ds6_neighbors_init
                0x00000000000155c6                uip_ds6_nbr_add
                0x0000000000015677                uip_ds6_nbr_rm
                0x00000000000156d4                uip_ds6_nbr_get_ipaddr
                0x00000000000156e9                uip_ds6_nbr_get_ll
                0x0000000000015705                uip_ds6_nbr_num
                0x000000000001574a                uip_ds6_nbr_lookup
                0x00000000000157af                uip_ds6_nbr_ll_lookup
                0x00000000000157cb                uip_ds6_nbr_ipaddr_from_lladdr
                0x00000000000157f1                uip_ds6_nbr_lladdr_from_ipaddr
                0x000000000001581f                uip_ds6_link_neighbor_callback
 .text          0x0000000000015868     0x12ad obj_cooja/mtype959.a(uip-ds6.o)
                0x0000000000015868                uip_ds6_init
                0x0000000000015bbd                uip_ds6_periodic
                0x0000000000015c95                uip_ds6_list_loop
                0x0000000000015d3c                uip_ds6_prefix_add
                0x0000000000015dfa                uip_ds6_prefix_rm
                0x0000000000015e0c                uip_ds6_prefix_lookup
                0x0000000000015e5d                uip_ds6_is_addr_onlink
                0x0000000000015ed1                uip_ds6_addr_add
                0x0000000000015fff                uip_ds6_long_addr_add
                0x000000000001612d                uip_ds6_addr_rm
                0x00000000000161cd                uip_ds6_addr_lookup
                0x0000000000016218                uip_ds6_long_addr_lookup
                0x0000000000016263                uip_ds6_get_link_local
                0x00000000000162e2                uip_ds6_long_get_link_local
                0x0000000000016361                uip_ds6_get_global
                0x00000000000163e0                uip_ds6_long_get_global
                0x000000000001645f                uip_ds6_maddr_add
                0x00000000000164d1                uip_ds6_long_maddr_add
                0x0000000000016543                uip_ds6_maddr_rm
                0x0000000000016555                uip_ds6_maddr_lookup
                0x00000000000165a0                uip_ds6_long_maddr_lookup
                0x00000000000165eb                uip_ds6_aaddr_add
                0x000000000001665d                uip_ds6_long_aaddr_add
                0x00000000000166cf                uip_ds6_aaddr_rm
                0x00000000000166e1                uip_ds6_aaddr_lookup
                0x000000000001672c                uip_ds6_long_aaddr_lookup
                0x0000000000016777                uip_ds6_select_src
                0x0000000000016a00                uip_ds6_set_addr_iid
                0x0000000000016a37                get_match_length
                0x0000000000016ac9                uip_ds6_compute_reachable_time
 .text          0x0000000000016b15     0x29f3 obj_cooja/mtype959.a(uip6.o)
                0x0000000000016b15                uip_add32
                0x0000000000016cae                uip_chksum
                0x0000000000016d9c                uip_icmp6chksum
                0x0000000000016db0                uip_tcpchksum
                0x0000000000016dc4                uip_udpchksum
                0x0000000000016dd8                uip_init
                0x0000000000016ea8                uip_connect
                0x0000000000017057                remove_ext_hdr
                0x000000000001712c                uip_udp_new
                0x0000000000017288                uip_unlisten
                0x00000000000172e8                uip_listen
                0x00000000000175aa                uip_process
                0x00000000000193fc                uip_htons
                0x000000000001941e                uip_htonl
                0x000000000001945e                uip_send
 .text          0x0000000000019508      0xb43 obj_cooja/mtype959.a(tcpip.o)
                0x0000000000019508                tcpip_output
                0x0000000000019536                tcpip_set_outputfunc
                0x00000000000195ca                tcp_connect
                0x000000000001961f                tcp_unlisten
                0x000000000001967a                tcp_listen
                0x00000000000196d3                tcp_attach
                0x00000000000196f8                udp_attach
                0x000000000001971d                udp_new
                0x000000000001976f                udp_broadcast_new
                0x00000000000199e3                tcpip_input
                0x0000000000019a17                tcpip_ipv6_output
                0x0000000000019e91                tcpip_poll_udp
                0x0000000000019eb4                tcpip_poll_tcp
                0x0000000000019ed7                tcpip_uipcall
 .text          0x000000000001a04b      0x1c1 obj_cooja/mtype959.a(uip-debug.o)
                0x000000000001a04b                uip_debug_ipaddr_print
                0x000000000001a1ad                uip_debug_lladdr_print
 .text          0x000000000001a20c      0x141 obj_cooja/mtype959.a(uip-packetqueue)
                0x000000000001a238                uip_packetqueue_new
                0x000000000001a246                uip_packetqueue_alloc
                0x000000000001a2a6                uip_packetqueue_free
                0x000000000001a2e7                uip_packetqueue_buf
                0x000000000001a304                uip_packetqueue_buflen
                0x000000000001a325                uip_packetqueue_set_buflen
 .text          0x000000000001a34d     0x2281 obj_cooja/mtype959.a(rpl-dag.o)
                0x000000000001a34d                rpl_print_neighbor_list
                0x000000000001a3f6                rpl_get_nbr
                0x000000000001a450                rpl_dag_init
                0x000000000001a46d                rpl_get_parent
                0x000000000001a48f                rpl_get_parent_rank
                0x000000000001a4c2                rpl_get_parent_link_metric
                0x000000000001a4f5                rpl_get_parent_ipaddr
                0x000000000001a809                rpl_set_root
                0x000000000001aa30                rpl_repair_root
                0x000000000001ac6c                rpl_set_prefix
                0x000000000001ad6b                rpl_set_default_route
                0x000000000001adf7                rpl_alloc_instance
                0x000000000001ae8a                rpl_alloc_dag
                0x000000000001af3b                rpl_set_default_instance
                0x000000000001af48                rpl_get_default_instance
                0x000000000001af52                rpl_free_instance
                0x000000000001b001                rpl_free_dag
                0x000000000001b067                rpl_add_parent
                0x000000000001b13d                rpl_find_parent
                0x000000000001b195                rpl_find_parent_any_dag
                0x000000000001b1d1                rpl_select_dag
                0x000000000001b575                rpl_select_parent
                0x000000000001b5d7                rpl_remove_parent
                0x000000000001b5fe                rpl_nullify_parent
                0x000000000001b69c                rpl_move_parent
                0x000000000001b739                rpl_has_downward_route
                0x000000000001b78c                rpl_get_any_dag
                0x000000000001b7ee                rpl_get_instance
                0x000000000001b851                rpl_find_of
                0x000000000001b88e                rpl_join_instance
                0x000000000001bb09                rpl_add_dag
                0x000000000001bef8                rpl_local_repair
                0x000000000001bfbc                rpl_recalculate_ranks
                0x000000000001c042                rpl_process_parent_event
                0x000000000001c0f4                rpl_process_dio
 .text          0x000000000001c5ce      0xbf3 obj_cooja/mtype959.a(rpl-ext-header.)
                0x000000000001c5eb                rpl_verify_header
                0x000000000001ca65                rpl_update_header_empty
                0x000000000001cd7c                rpl_update_header_final
                0x000000000001cf0b                rpl_remove_header
                0x000000000001d015                rpl_invert_header
                0x000000000001d19f                rpl_insert_header
 .text          0x000000000001d1c1     0x1d98 obj_cooja/mtype959.a(rpl-icmp6.o)
                0x000000000001d420                rpl_icmp6_update_nbr_table
                0x000000000001d510                dis_output
                0x000000000001db5b                dio_output
                0x000000000001eac4                dao_output
                0x000000000001eb8c                dao_output_target
                0x000000000001ef0d                dao_ack_output
                0x000000000001ef21                rpl_icmp6_register_handlers
 .text          0x000000000001ef59      0x21e obj_cooja/mtype959.a(rpl-of0.o)
 .text          0x000000000001f177      0x7b3 obj_cooja/mtype959.a(rpl-timers.o)
                0x000000000001f3bd                rpl_reset_periodic_timer
                0x000000000001f412                rpl_reset_dio_timer
                0x000000000001f64c                rpl_schedule_dao
                0x000000000001f667                rpl_schedule_dao_immediately
                0x000000000001f682                rpl_cancel_dao
                0x000000000001f6e4                rpl_schedule_unicast_dio_immediately
                0x000000000001f8d2                rpl_schedule_probing
 .text          0x000000000001f92a      0x59b obj_cooja/mtype959.a(rpl.o)
                0x000000000001f92a                rpl_get_mode
                0x000000000001f934                rpl_set_mode
                0x000000000001f9c2                rpl_purge_routes
                0x000000000001fabc                rpl_remove_routes
                0x000000000001fb02                rpl_remove_routes_by_nexthop
                0x000000000001fb6e                rpl_add_route
                0x000000000001fbe9                rpl_link_neighbor_callback
                0x000000000001fcee                rpl_ipv6_neighbor_callback
                0x000000000001fd5d                rpl_purge_dags
                0x000000000001fe3f                rpl_init
 .text          0x000000000001fec5      0x3f5 obj_cooja/mtype959.a(framer-802154.o)
 .text          0x00000000000202ba       0x5e obj_cooja/mtype959.a(nullmac.o)
 .text          0x0000000000020318      0xf71 obj_cooja/mtype959.a(cxmac.o)
                0x00000000000211cb                cxmac_set_announcement_radio_txpower
                0x00000000000211d0                cxmac_init
 .text          0x0000000000021289       0x82 obj_cooja/mtype959.a(linkaddr.o)
                0x0000000000021289                linkaddr_copy
                0x00000000000212ab                linkaddr_cmp
                0x00000000000212d5                linkaddr_set_node_addr
                0x00000000000212f0                linkaddr_set_node_long_addr
 .text          0x000000000002130b      0x915 obj_cooja/mtype959.a(nbr-table.o)
                0x000000000002130b                long_ip_from_lladdr_map
                0x0000000000021394                lladdr_map_add_lr
                0x0000000000021451                lladdr_map_rm_lr
                0x0000000000021916                nbr_table_register
                0x000000000002195e                nbr_table_head
                0x00000000000219ba                nbr_table_next
                0x0000000000021a21                nbr_table_add_lladdr
                0x0000000000021afd                nbr_table_get_from_lladdr
                0x0000000000021b4a                nbr_table_remove
                0x0000000000021b9c                nbr_table_lock
                0x0000000000021bc6                nbr_table_unlock
                0x0000000000021bf0                nbr_table_get_lladdr
 .text          0x0000000000021c20       0x2b obj_cooja/mtype959.a(netstack.o)
                0x0000000000021c20                netstack_init
 .text          0x0000000000021c4b      0x3cd obj_cooja/mtype959.a(packetbuf.o)
                0x0000000000021c4b                packetbuf_clear
                0x0000000000021c75                packetbuf_copyfrom
                0x0000000000021cc7                packetbuf_compact
                0x0000000000021d44                packetbuf_copyto
                0x0000000000021ddb                packetbuf_hdralloc
                0x0000000000021e58                packetbuf_hdrreduce
                0x0000000000021ea0                packetbuf_set_datalen
                0x0000000000021eb9                packetbuf_dataptr
                0x0000000000021ed6                packetbuf_hdrptr
                0x0000000000021ee0                packetbuf_datalen
                0x0000000000021eec                packetbuf_hdrlen
                0x0000000000021f03                packetbuf_totlen
                0x0000000000021f19                packetbuf_attr_clear
                0x0000000000021f6b                packetbuf_attr_copyto
                0x0000000000021fb4                packetbuf_attr_copyfrom
                0x0000000000021ffc                packetbuf_holds_broadcast
 .text          0x0000000000022018      0x2b4 obj_cooja/mtype959.a(queuebuf.o)
                0x0000000000022022                queuebuf_init
                0x0000000000022042                queuebuf_numfree
                0x0000000000022056                queuebuf_new_from_packetbuf
                0x00000000000220e6                queuebuf_update_attr_from_packetbuf
                0x0000000000022119                queuebuf_update_from_packetbuf
                0x0000000000022163                queuebuf_free
                0x00000000000221aa                queuebuf_to_packetbuf
                0x0000000000022210                queuebuf_dataptr
                0x0000000000022247                queuebuf_datalen
                0x000000000002226a                queuebuf_addr
                0x000000000002229c                queuebuf_attr
                0x00000000000222c7                queuebuf_debug_print
 .text          0x00000000000222cc       0x6e obj_cooja/mtype959.a(nullsec.o)
 .text          0x000000000002233a       0x19 obj_cooja/mtype959.a(watchdog.o)
                0x000000000002233a                watchdog_init
                0x000000000002233f                watchdog_start
                0x0000000000022344                watchdog_periodic
                0x0000000000022349                watchdog_stop
                0x000000000002234e                watchdog_reboot
 .text          0x0000000000022353        0x0 obj_cooja/mtype959.a(rimestats.o)
 .text          0x0000000000022353       0xa3 obj_cooja/mtype959.a(stimer.o)
                0x0000000000022353                stimer_set
                0x000000000002236e                stimer_reset
                0x0000000000022385                stimer_restart
                0x0000000000022397                stimer_expired
                0x00000000000223be                stimer_remaining
                0x00000000000223e2                stimer_elapsed
 .text          0x00000000000223f6      0x1c1 obj_cooja/mtype959.a(memb.o)
                0x00000000000223f6                memb_init
                0x0000000000022454                memb_alloc
                0x00000000000224b9                memb_free
                0x0000000000022534                memb_inmemb
                0x0000000000022573                memb_numfree
 .text          0x00000000000225b7      0x916 obj_cooja/mtype959.a(uip-ds6-route.o)
                0x000000000002262e                uip_ds6_notification_add
                0x000000000002265f                uip_ds6_notification_rm
                0x000000000002267b                uip_ds6_route_init
                0x0000000000022703                uip_ds6_route_nexthop
                0x000000000002272b                uip_ds6_route_head
                0x0000000000022740                uip_ds6_route_next
                0x0000000000022766                uip_ds6_route_is_nexthop
                0x00000000000227a5                uip_ds6_route_num_routes
                0x00000000000227af                uip_ds6_route_lookup
                0x0000000000022871                uip_ds6_route_add
                0x0000000000022aa5                uip_ds6_route_rm
                0x0000000000022c39                uip_ds6_route_rm_by_nexthop
                0x0000000000022c71                uip_ds6_defrt_add
                0x0000000000022d22                uip_ds6_defrt_rm
                0x0000000000022da1                uip_ds6_defrt_lookup
                0x0000000000022dfa                uip_ds6_defrt_choose
                0x0000000000022e65                uip_ds6_defrt_periodic
 .text          0x0000000000022ecd      0xab2 obj_cooja/mtype959.a(uip-icmp6.o)
                0x0000000000022f3b                uip_icmp6_input
                0x0000000000022f91                uip_icmp6_register_input_handler
                0x0000000000023259                uip_icmp6_error_output
                0x000000000002359e                uip_icmp6_send
                0x0000000000023912                uip_icmp6_echo_reply_callback_add
                0x0000000000023943                uip_icmp6_echo_reply_callback_rm
                0x000000000002395f                uip_icmp6_init
 .text          0x000000000002397f      0x358 obj_cooja/mtype959.a(uip-nd6.o)
                0x00000000000239d3                uip_nd6_ns_output
                0x0000000000023cd2                uip_nd6_init
 .text          0x0000000000023cd7      0x331 obj_cooja/mtype959.a(rpl-nbr-policy.)
                0x0000000000023eaf                find_removable_dis
                0x0000000000023ed2                find_removable_dio
                0x0000000000023f61                find_removable_dao
                0x0000000000023fb1                rpl_nbr_policy_find_removable
 .text          0x0000000000024008      0x97c obj_cooja/mtype959.a(frame802154.o)
                0x0000000000024039                frame802154_get_pan_id
                0x0000000000024045                frame802154_set_pan_id
                0x000000000002405e                frame802154_has_panid
                0x000000000002414a                frame802154_check_dest_panid
                0x00000000000241b2                frame802154_is_broadcast_addr
                0x00000000000241ff                frame802154_extract_linkaddr
                0x000000000002443f                frame802154_hdrlen
                0x0000000000024490                frame802154_create
                0x000000000002467b                frame802154_parse
 .text          0x0000000000024984       0x3c obj_cooja/mtype959.a(mac.o)
                0x0000000000024984                mac_call_sent_callback
 .text          0x00000000000249c0        0x0 /usr/lib/gcc/i686-linux-gnu/4.8/crtendS.o
 .text          0x00000000000249c0        0x0 /usr/lib/gcc/i686-linux-gnu/4.8/../../../i386-linux-gnu/crtn.o
 *(.gnu.warning)

.fini           0x00000000000249c0       0x14
 *(SORT(.fini))
 .fini          0x00000000000249c0        0xf /usr/lib/gcc/i686-linux-gnu/4.8/../../../i386-linux-gnu/crti.o
                0x00000000000249c0                _fini
 .fini          0x00000000000249cf        0x5 /usr/lib/gcc/i686-linux-gnu/4.8/../../../i386-linux-gnu/crtn.o
                0x00000000000249d4                PROVIDE (__etext, .)
                0x00000000000249d4                PROVIDE (_etext, .)
                0x00000000000249d4                PROVIDE (etext, .)

.rodata         0x00000000000249e0      0x7e0
 *(.rodata .rodata.* .gnu.linkonce.r.*)
 .rodata        0x00000000000249e0      0x148 udp-server.co
                0x00000000000249f4                autostart_processes
 .rodata        0x0000000000024b28      0x1e6 obj_cooja/mtype959.o
 *fill*         0x0000000000024d0e        0x2 
 .rodata        0x0000000000024d10        0x8 obj_cooja/mtype959.a(beep.o)
                0x0000000000024d10                beep_interface
 .rodata        0x0000000000024d18       0x20 obj_cooja/mtype959.a(button-sensor.o)
                0x0000000000024d18                button_interface
                0x0000000000024d28                button_sensor
 .rodata        0x0000000000024d38        0x8 obj_cooja/mtype959.a(leds-arch.o)
                0x0000000000024d38                leds_interface
 .rodata        0x0000000000024d40        0x8 obj_cooja/mtype959.a(moteid.o)
                0x0000000000024d40                moteid_interface
 .rodata        0x0000000000024d48       0x1c obj_cooja/mtype959.a(pir-sensor.o)
                0x0000000000024d48                pir_interface
                0x0000000000024d54                pir_sensor
 .rodata        0x0000000000024d64        0xe obj_cooja/mtype959.a(rs232.o)
                0x0000000000024d64                rs232_interface
 *fill*         0x0000000000024d72        0x2 
 .rodata        0x0000000000024d74       0x24 obj_cooja/mtype959.a(vib-sensor.o)
                0x0000000000024d74                vib_interface
                0x0000000000024d88                vib_sensor
 .rodata        0x0000000000024d98        0x8 obj_cooja/mtype959.a(clock.o)
                0x0000000000024d98                clock_interface
 .rodata        0x0000000000024da0        0x8 obj_cooja/mtype959.a(log.o)
                0x0000000000024da0                simlog_interface
 .rodata        0x0000000000024da8       0x2f obj_cooja/mtype959.a(cfs-cooja.o)
                0x0000000000024da8                cfs_interface
 *fill*         0x0000000000024dd7        0x9 
 .rodata        0x0000000000024de0       0x60 obj_cooja/mtype959.a(cooja-radio.o)
                0x0000000000024e00                cooja_radio_driver
                0x0000000000024e38                radio_interface
 .rodata        0x0000000000024e40        0x8 obj_cooja/mtype959.a(eeprom.o)
                0x0000000000024e40                eeprom_interface
 .rodata        0x0000000000024e48        0x8 obj_cooja/mtype959.a(sensors.o)
 .rodata        0x0000000000024e50       0x1c obj_cooja/mtype959.a(dual_conf.o)
 .rodata        0x0000000000024e6c        0xf obj_cooja/mtype959.a(ctimer.o)
 .rodata        0x0000000000024e7b        0xc obj_cooja/mtype959.a(etimer.o)
 *fill*         0x0000000000024e87        0x1 
 .rodata        0x0000000000024e88       0x73 obj_cooja/mtype959.a(log_message.o)
 *fill*         0x0000000000024efb        0x1 
 .rodata        0x0000000000024efc       0x20 obj_cooja/mtype959.a(residual.o)
 .rodata        0x0000000000024f1c        0xe obj_cooja/mtype959.a(serial-line.o)
 *fill*         0x0000000000024f2a        0x2 
 .rodata        0x0000000000024f2c       0x2c obj_cooja/mtype959.a(sicslowpan.o)
                0x0000000000024f2c                unc_llconf
                0x0000000000024f30                unc_ctxconf
                0x0000000000024f34                unc_mxconf
                0x0000000000024f38                llprefix
                0x0000000000024f4c                sicslowpan_driver
 .rodata        0x0000000000024f58      0x13c obj_cooja/mtype959.a(uip6.o)
 .rodata        0x0000000000025094       0x49 obj_cooja/mtype959.a(tcpip.o)
 .rodata        0x00000000000250dd       0x3e obj_cooja/mtype959.a(uip-debug.o)
 *fill*         0x000000000002511b        0x1 
 .rodata        0x000000000002511c        0x4 obj_cooja/mtype959.a(rpl-dag.o)
 .rodata        0x0000000000025120        0xc obj_cooja/mtype959.a(framer-802154.o)
                0x0000000000025120                framer_802154
 .rodata        0x000000000002512c       0x24 obj_cooja/mtype959.a(nullmac.o)
                0x0000000000025134                nullmac_driver
 *fill*         0x0000000000025150       0x10 
 .rodata        0x0000000000025160       0x40 obj_cooja/mtype959.a(cxmac.o)
                0x0000000000025180                cxmac_driver
 .rodata        0x00000000000251a0        0x8 obj_cooja/mtype959.a(linkaddr.o)
                0x00000000000251a0                linkaddr_null
 .rodata        0x00000000000251a8       0x18 obj_cooja/mtype959.a(nullsec.o)
                0x00000000000251b0                nullsec_driver

.rodata1
 *(.rodata1)

.eh_frame_hdr   0x00000000000251c0     0x12fc
 *(.eh_frame_hdr)
 .eh_frame_hdr  0x00000000000251c0     0x12fc udp-server.co

.eh_frame       0x00000000000264bc     0x4d38
 *(.eh_frame)
 .eh_frame      0x00000000000264bc       0x3c /usr/lib/gcc/i686-linux-gnu/4.8/../../../i386-linux-gnu/crti.o
                                         0x40 (size before relaxing)
 .eh_frame      0x00000000000264f8       0x68 udp-server.co
                                         0x80 (size before relaxing)
 .eh_frame      0x0000000000026560      0x148 obj_cooja/mtype959.o
                                        0x160 (size before relaxing)
 .eh_frame      0x00000000000266a8       0x40 obj_cooja/mtype959.a(simEnvChange.o)
                                         0x58 (size before relaxing)
 .eh_frame      0x00000000000266e8       0xc0 obj_cooja/mtype959.a(cooja_mt.o)
                                         0xd8 (size before relaxing)
 .eh_frame      0x00000000000267a8      0x120 obj_cooja/mtype959.a(cooja_mtarch.o)
                                        0x138 (size before relaxing)
 .eh_frame      0x00000000000268c8       0xc0 obj_cooja/mtype959.a(rtimer-arch.o)
                                         0xd8 (size before relaxing)
 .eh_frame      0x0000000000026988      0x160 obj_cooja/mtype959.a(beep.o)
                                        0x178 (size before relaxing)
 .eh_frame      0x0000000000026ae8       0xa0 obj_cooja/mtype959.a(button-sensor.o)
                                         0xb8 (size before relaxing)
 .eh_frame      0x0000000000026b88       0xa0 obj_cooja/mtype959.a(leds-arch.o)
                                         0xb8 (size before relaxing)
 .eh_frame      0x0000000000026c28       0x40 obj_cooja/mtype959.a(moteid.o)
                                         0x58 (size before relaxing)
 .eh_frame      0x0000000000026c68       0xa0 obj_cooja/mtype959.a(pir-sensor.o)
                                         0xb8 (size before relaxing)
 .eh_frame      0x0000000000026d08      0x100 obj_cooja/mtype959.a(rs232.o)
                                        0x118 (size before relaxing)
 .eh_frame      0x0000000000026e08       0xa0 obj_cooja/mtype959.a(vib-sensor.o)
                                         0xb8 (size before relaxing)
 .eh_frame      0x0000000000026ea8       0xc0 obj_cooja/mtype959.a(clock.o)
                                         0xd8 (size before relaxing)
 .eh_frame      0x0000000000026f68      0x120 obj_cooja/mtype959.a(log.o)
                                        0x138 (size before relaxing)
 .eh_frame      0x0000000000027088      0x160 obj_cooja/mtype959.a(cfs-cooja.o)
                                        0x178 (size before relaxing)
 .eh_frame      0x00000000000271e8      0x2e0 obj_cooja/mtype959.a(cooja-radio.o)
                                        0x2f8 (size before relaxing)
 .eh_frame      0x00000000000274c8       0xa0 obj_cooja/mtype959.a(eeprom.o)
                                         0xb8 (size before relaxing)
 .eh_frame      0x0000000000027568       0x40 obj_cooja/mtype959.a(random.o)
                                         0x58 (size before relaxing)
 .eh_frame      0x00000000000275a8       0xc0 obj_cooja/mtype959.a(sensors.o)
                                         0xd8 (size before relaxing)
 .eh_frame      0x0000000000027668      0x160 obj_cooja/mtype959.a(dual_conf.o)
                                        0x178 (size before relaxing)
 .eh_frame      0x00000000000277c8       0x40 obj_cooja/mtype959.a(autostart.o)
                                         0x58 (size before relaxing)
 .eh_frame      0x0000000000027808      0x100 obj_cooja/mtype959.a(ctimer.o)
                                        0x118 (size before relaxing)
 .eh_frame      0x0000000000027908      0x1e0 obj_cooja/mtype959.a(etimer.o)
                                        0x1f8 (size before relaxing)
 .eh_frame      0x0000000000027ae8       0x40 obj_cooja/mtype959.a(log_message.o)
                                         0x58 (size before relaxing)
 .eh_frame      0x0000000000027b28      0x1c8 obj_cooja/mtype959.a(process.o)
                                        0x1e0 (size before relaxing)
 .eh_frame      0x0000000000027cf0       0x2c obj_cooja/mtype959.a(residual.o)
                                         0x44 (size before relaxing)
 .eh_frame      0x0000000000027d1c       0x60 obj_cooja/mtype959.a(rtimer.o)
                                         0x78 (size before relaxing)
 .eh_frame      0x0000000000027d7c       0xa4 obj_cooja/mtype959.a(timer.o)
                                         0xbc (size before relaxing)
 .eh_frame      0x0000000000027e20       0x60 obj_cooja/mtype959.a(serial-line.o)
                                         0x78 (size before relaxing)
 .eh_frame      0x0000000000027e80      0x180 obj_cooja/mtype959.a(list.o)
                                        0x198 (size before relaxing)
 .eh_frame      0x0000000000028000       0xa0 obj_cooja/mtype959.a(ringbuf.o)
                                         0xb8 (size before relaxing)
 .eh_frame      0x00000000000280a0      0x350 obj_cooja/mtype959.a(sicslowpan.o)
                                        0x368 (size before relaxing)
 .eh_frame      0x00000000000283f0      0x180 obj_cooja/mtype959.a(uip-ds6-nbr.o)
                                        0x198 (size before relaxing)
 .eh_frame      0x0000000000028570      0x3c8 obj_cooja/mtype959.a(uip-ds6.o)
                                        0x3e0 (size before relaxing)
 .eh_frame      0x0000000000028938      0x27c obj_cooja/mtype959.a(uip6.o)
                                        0x294 (size before relaxing)
 .eh_frame      0x0000000000028bb4      0x270 obj_cooja/mtype959.a(tcpip.o)
                                        0x288 (size before relaxing)
 .eh_frame      0x0000000000028e24       0x48 obj_cooja/mtype959.a(uip-debug.o)
                                         0x60 (size before relaxing)
 .eh_frame      0x0000000000028e6c       0xe0 obj_cooja/mtype959.a(uip-packetqueue)
                                         0xf8 (size before relaxing)
 .eh_frame      0x0000000000028f4c      0x64c obj_cooja/mtype959.a(rpl-dag.o)
                                        0x664 (size before relaxing)
 .eh_frame      0x0000000000029598      0x10c obj_cooja/mtype959.a(rpl-ext-header.)
                                        0x124 (size before relaxing)
 .eh_frame      0x00000000000296a4      0x278 obj_cooja/mtype959.a(rpl-icmp6.o)
                                        0x290 (size before relaxing)
 .eh_frame      0x000000000002991c       0xb0 obj_cooja/mtype959.a(rpl-of0.o)
                                         0xc8 (size before relaxing)
 .eh_frame      0x00000000000299cc      0x20c obj_cooja/mtype959.a(rpl-timers.o)
                                        0x224 (size before relaxing)
 .eh_frame      0x0000000000029bd8      0x140 obj_cooja/mtype959.a(rpl.o)
                                        0x158 (size before relaxing)
 .eh_frame      0x0000000000029d18      0x108 obj_cooja/mtype959.a(framer-802154.o)
                                        0x120 (size before relaxing)
 .eh_frame      0x0000000000029e20       0xc0 obj_cooja/mtype959.a(nullmac.o)
                                         0xd8 (size before relaxing)
 .eh_frame      0x0000000000029ee0      0x2bc obj_cooja/mtype959.a(cxmac.o)
                                        0x2d4 (size before relaxing)
 .eh_frame      0x000000000002a19c       0x80 obj_cooja/mtype959.a(linkaddr.o)
                                         0x98 (size before relaxing)
 .eh_frame      0x000000000002a21c      0x2cc obj_cooja/mtype959.a(nbr-table.o)
                                        0x2e4 (size before relaxing)
 .eh_frame      0x000000000002a4e8       0x20 obj_cooja/mtype959.a(netstack.o)
                                         0x38 (size before relaxing)
 .eh_frame      0x000000000002a508      0x214 obj_cooja/mtype959.a(packetbuf.o)
                                        0x22c (size before relaxing)
 .eh_frame      0x000000000002a71c      0x1a0 obj_cooja/mtype959.a(queuebuf.o)
                                        0x1b8 (size before relaxing)
 .eh_frame      0x000000000002a8bc       0x80 obj_cooja/mtype959.a(nullsec.o)
                                         0x98 (size before relaxing)
 .eh_frame      0x000000000002a93c       0xa0 obj_cooja/mtype959.a(watchdog.o)
                                         0xb8 (size before relaxing)
 .eh_frame      0x000000000002a9dc       0xc4 obj_cooja/mtype959.a(stimer.o)
                                         0xdc (size before relaxing)
 .eh_frame      0x000000000002aaa0       0xa0 obj_cooja/mtype959.a(memb.o)
                                         0xb8 (size before relaxing)
 .eh_frame      0x000000000002ab40      0x2a0 obj_cooja/mtype959.a(uip-ds6-route.o)
                                        0x2b8 (size before relaxing)
 .eh_frame      0x000000000002ade0      0x164 obj_cooja/mtype959.a(uip-icmp6.o)
                                        0x17c (size before relaxing)
 .eh_frame      0x000000000002af44       0x68 obj_cooja/mtype959.a(uip-nd6.o)
                                         0x80 (size before relaxing)
 .eh_frame      0x000000000002afac       0xc0 obj_cooja/mtype959.a(rpl-nbr-policy.)
                                         0xd8 (size before relaxing)
 .eh_frame      0x000000000002b06c      0x164 obj_cooja/mtype959.a(frame802154.o)
                                        0x17c (size before relaxing)
 .eh_frame      0x000000000002b1d0       0x20 obj_cooja/mtype959.a(mac.o)
                                         0x38 (size before relaxing)
 .eh_frame      0x000000000002b1f0        0x4 /usr/lib/gcc/i686-linux-gnu/4.8/crtendS.o

.gcc_except_table
 *(.gcc_except_table .gcc_except_table.*)

.exception_ranges
 *(.exception_ranges .exception_ranges*)
                0x000000000002b1f4                . = (ALIGN (0x1000) - ((0x1000 - .) & 0xfff))
                0x000000000002cef8                . = DATA_SEGMENT_ALIGN (0x1000, 0x1000)

.eh_frame
 *(.eh_frame)

.gcc_except_table
 *(.gcc_except_table .gcc_except_table.*)

.exception_ranges
 *(.exception_ranges .exception_ranges*)

.tdata
 *(.tdata .tdata.* .gnu.linkonce.td.*)

.tbss
 *(.tbss .tbss.* .gnu.linkonce.tb.*)
 *(.tcommon)

.preinit_array
 *(.preinit_array)

.init_array     0x000000000002cef8        0x4
 *(SORT(.init_array.*) SORT(.ctors.*))
 *(.init_array EXCLUDE_FILE(*crtend?.o *crtend.o *crtbegin?.o *crtbegin.o) .ctors)
 .init_array    0x000000000002cef8        0x4 /usr/lib/gcc/i686-linux-gnu/4.8/crtbeginS.o

.fini_array     0x000000000002cefc        0x4
 *(SORT(.fini_array.*) SORT(.dtors.*))
 *(.fini_array EXCLUDE_FILE(*crtend?.o *crtend.o *crtbegin?.o *crtbegin.o) .dtors)
 .fini_array    0x000000000002cefc        0x4 /usr/lib/gcc/i686-linux-gnu/4.8/crtbeginS.o

.ctors
 *crtbegin.o(.ctors)
 *crtbegin?.o(.ctors)
 *(EXCLUDE_FILE(*crtend?.o *crtend.o) .ctors)
 *(SORT(.ctors.*))
 *(.ctors)

.dtors
 *crtbegin.o(.dtors)
 *crtbegin?.o(.dtors)
 *(EXCLUDE_FILE(*crtend?.o *crtend.o) .dtors)
 *(SORT(.dtors.*))
 *(.dtors)

.jcr            0x000000000002cf00        0x4
 *(.jcr)
 .jcr           0x000000000002cf00        0x0 /usr/lib/gcc/i686-linux-gnu/4.8/crtbeginS.o
 .jcr           0x000000000002cf00        0x4 /usr/lib/gcc/i686-linux-gnu/4.8/crtendS.o

.data.rel.ro
 *(.data.rel.ro.local* .gnu.linkonce.d.rel.ro.local.*)
 *(.data.rel.ro .data.rel.ro.* .gnu.linkonce.d.rel.ro.*)

.dynamic        0x000000000002cf04       0xe8
 *(.dynamic)
 .dynamic       0x000000000002cf04       0xe8 /usr/lib/gcc/i686-linux-gnu/4.8/../../../i386-linux-gnu/crti.o
                0x000000000002cf04                _DYNAMIC

.got            0x000000000002cfec       0x14
 *(.got)
 .got           0x000000000002cfec       0x14 /usr/lib/gcc/i686-linux-gnu/4.8/../../../i386-linux-gnu/crti.o
 *(.igot)
                0x000000000002dff4                . = DATA_SEGMENT_RELRO_END (., (SIZEOF (.got.plt) >= 0xc)?0xc:0x0)

.got.plt        0x000000000002d000       0x14
 *(.got.plt)
 .got.plt       0x000000000002d000       0x14 /usr/lib/gcc/i686-linux-gnu/4.8/../../../i386-linux-gnu/crti.o
                0x000000000002d000                _GLOBAL_OFFSET_TABLE_
 *(.igot.plt)

.data           0x000000000002d020      0x266
 *(.data .data.* .gnu.linkonce.d.*)
 .data          0x000000000002d020        0x0 /usr/lib/gcc/i686-linux-gnu/4.8/../../../i386-linux-gnu/crti.o
 .data          0x000000000002d020        0x0 /usr/lib/gcc/i686-linux-gnu/4.8/crtbeginS.o
 .data.rel      0x000000000002d020        0x4 /usr/lib/gcc/i686-linux-gnu/4.8/crtbeginS.o
                0x000000000002d020                __dso_handle
 .data          0x000000000002d024       0x10 udp-server.co
                0x000000000002d024                udp_server_process
 *fill*         0x000000000002d034        0xc 
 .data          0x000000000002d040       0x44 obj_cooja/mtype959.o
                0x000000000002d040                simInterfaces
                0x000000000002d074                sensors
 .data          0x000000000002d084        0x0 obj_cooja/mtype959.a(simEnvChange.o)
 .data          0x000000000002d084        0x0 obj_cooja/mtype959.a(cooja_mt.o)
 .data          0x000000000002d084        0x0 obj_cooja/mtype959.a(cooja_mtarch.o)
 .data          0x000000000002d084        0x0 obj_cooja/mtype959.a(rtimer-arch.o)
 .data          0x000000000002d084        0x0 obj_cooja/mtype959.a(beep.o)
 .data          0x000000000002d084        0x0 obj_cooja/mtype959.a(button-sensor.o)
 .data          0x000000000002d084        0x0 obj_cooja/mtype959.a(leds-arch.o)
 .data          0x000000000002d084        0x0 obj_cooja/mtype959.a(moteid.o)
 .data          0x000000000002d084        0x0 obj_cooja/mtype959.a(pir-sensor.o)
 .data          0x000000000002d084        0x0 obj_cooja/mtype959.a(rs232.o)
 .data          0x000000000002d084        0x0 obj_cooja/mtype959.a(vib-sensor.o)
 .data          0x000000000002d084        0x0 obj_cooja/mtype959.a(clock.o)
 .data          0x000000000002d084        0x0 obj_cooja/mtype959.a(log.o)
 .data          0x000000000002d084        0x0 obj_cooja/mtype959.a(cfs-cooja.o)
 .data          0x000000000002d084       0x40 obj_cooja/mtype959.a(cooja-radio.o)
                0x000000000002d084                simRadioChannelLR
                0x000000000002d088                simRadioHWOnLR
                0x000000000002d08c                simSignalStrengthLR
                0x000000000002d090                simLastSignalStrengthLR
                0x000000000002d094                simPowerLR
                0x000000000002d098                simLQILR
                0x000000000002d09c                simRadioChannel
                0x000000000002d0a0                simRadioHWOn
                0x000000000002d0a4                simSignalStrength
                0x000000000002d0a8                simLastSignalStrength
                0x000000000002d0ac                simPower
                0x000000000002d0b0                simLQI
                0x000000000002d0b4                cooja_radio_process
 .data          0x000000000002d0c4        0x0 obj_cooja/mtype959.a(eeprom.o)
 .data          0x000000000002d0c4        0x0 obj_cooja/mtype959.a(random.o)
 .data          0x000000000002d0c4       0x10 obj_cooja/mtype959.a(sensors.o)
                0x000000000002d0c4                sensors_process
 .data          0x000000000002d0d4       0x28 obj_cooja/mtype959.a(dual_conf.o)
                0x000000000002d0d4                radio_received
                0x000000000002d0d8                dual_dio_broadcast
                0x000000000002d0e8                dual_dis_broadcast
 .data          0x000000000002d0fc        0x0 obj_cooja/mtype959.a(autostart.o)
 .data          0x000000000002d0fc       0x14 obj_cooja/mtype959.a(ctimer.o)
                0x000000000002d100                ctimer_process
 .data          0x000000000002d110       0x10 obj_cooja/mtype959.a(etimer.o)
                0x000000000002d110                etimer_process
 .data          0x000000000002d120        0x0 obj_cooja/mtype959.a(log_message.o)
 .data          0x000000000002d120        0x0 obj_cooja/mtype959.a(process.o)
 .data          0x000000000002d120        0x0 obj_cooja/mtype959.a(residual.o)
 .data          0x000000000002d120        0x0 obj_cooja/mtype959.a(rtimer.o)
 .data          0x000000000002d120        0x0 obj_cooja/mtype959.a(timer.o)
 .data          0x000000000002d120       0x10 obj_cooja/mtype959.a(serial-line.o)
                0x000000000002d120                serial_line_process
 .data          0x000000000002d130        0x0 obj_cooja/mtype959.a(list.o)
 .data          0x000000000002d130        0x0 obj_cooja/mtype959.a(ringbuf.o)
 .data          0x000000000002d130        0x0 obj_cooja/mtype959.a(sicslowpan.o)
 .data          0x000000000002d130       0x14 obj_cooja/mtype959.a(uip-ds6-nbr.o)
                0x000000000002d140                ds6_neighbors
 .data          0x000000000002d144        0x0 obj_cooja/mtype959.a(uip-ds6.o)
 .data          0x000000000002d144        0x0 obj_cooja/mtype959.a(uip6.o)
 .data          0x000000000002d144       0x10 obj_cooja/mtype959.a(tcpip.o)
                0x000000000002d144                tcpip_process
 .data          0x000000000002d154        0x0 obj_cooja/mtype959.a(uip-debug.o)
 .data          0x000000000002d154        0xc obj_cooja/mtype959.a(uip-packetqueue)
 .data          0x000000000002d160       0x14 obj_cooja/mtype959.a(rpl-dag.o)
                0x000000000002d170                rpl_parents
 .data          0x000000000002d174        0x0 obj_cooja/mtype959.a(rpl-ext-header.)
 .data          0x000000000002d174       0x34 obj_cooja/mtype959.a(rpl-icmp6.o)
 .data          0x000000000002d1a8       0x1c obj_cooja/mtype959.a(rpl-of0.o)
                0x000000000002d1a8                rpl_of0
 .data          0x000000000002d1c4        0x0 obj_cooja/mtype959.a(rpl-timers.o)
 .data          0x000000000002d1c4        0x0 obj_cooja/mtype959.a(rpl.o)
 .data          0x000000000002d1c4        0x0 obj_cooja/mtype959.a(framer-802154.o)
 .data          0x000000000002d1c4        0x0 obj_cooja/mtype959.a(nullmac.o)
 .data          0x000000000002d1c4       0x30 obj_cooja/mtype959.a(cxmac.o)
                0x000000000002d1c4                cxmac_config
                0x000000000002d1d4                strobe_wait
 .data          0x000000000002d1f4        0x0 obj_cooja/mtype959.a(linkaddr.o)
 .data          0x000000000002d1f4       0x10 obj_cooja/mtype959.a(nbr-table.o)
 .data          0x000000000002d204        0x0 obj_cooja/mtype959.a(netstack.o)
 .data          0x000000000002d204        0x4 obj_cooja/mtype959.a(packetbuf.o)
 .data          0x000000000002d208       0x18 obj_cooja/mtype959.a(queuebuf.o)
 .data          0x000000000002d220        0x0 obj_cooja/mtype959.a(nullsec.o)
 .data          0x000000000002d220        0x0 obj_cooja/mtype959.a(watchdog.o)
 .data          0x000000000002d220        0x0 obj_cooja/mtype959.a(rimestats.o)
 .data          0x000000000002d220        0x0 obj_cooja/mtype959.a(stimer.o)
 .data          0x000000000002d220        0x0 obj_cooja/mtype959.a(memb.o)
 .data          0x000000000002d220       0x44 obj_cooja/mtype959.a(uip-ds6-route.o)
                0x000000000002d230                nbr_routes
 .data          0x000000000002d264       0x20 obj_cooja/mtype959.a(uip-icmp6.o)
 .data          0x000000000002d284        0x0 obj_cooja/mtype959.a(uip-nd6.o)
 .data          0x000000000002d284        0x0 obj_cooja/mtype959.a(rpl-nbr-policy.)
 .data          0x000000000002d284        0x2 obj_cooja/mtype959.a(frame802154.o)
 .data          0x000000000002d286        0x0 obj_cooja/mtype959.a(mac.o)
 .data          0x000000000002d286        0x0 /usr/lib/gcc/i686-linux-gnu/4.8/crtendS.o
 .data          0x000000000002d286        0x0 /usr/lib/gcc/i686-linux-gnu/4.8/../../../i386-linux-gnu/crtn.o

.tm_clone_table
                0x000000000002d288        0x0
 .tm_clone_table
                0x000000000002d288        0x0 /usr/lib/gcc/i686-linux-gnu/4.8/crtbeginS.o
 .tm_clone_table
                0x000000000002d288        0x0 /usr/lib/gcc/i686-linux-gnu/4.8/crtendS.o

.data1
 *(.data1)
                0x000000000002d288                _edata = .
                0x000000000002d288                PROVIDE (edata, .)
                0x000000000002d288                . = .
                0x000000000002d288                __bss_start = .

.bss            0x000000000002d2a0     0x8248
 *(.dynbss)
 .dynbss        0x0000000000000000        0x0 /usr/lib/gcc/i686-linux-gnu/4.8/../../../i386-linux-gnu/crti.o
 *(.bss .bss.* .gnu.linkonce.b.*)
 .bss           0x000000000002d2a0        0x0 /usr/lib/gcc/i686-linux-gnu/4.8/../../../i386-linux-gnu/crti.o
 .bss           0x000000000002d2a0        0x1 /usr/lib/gcc/i686-linux-gnu/4.8/crtbeginS.o
 *fill*         0x000000000002d2a1        0x3 
 .bss           0x000000000002d2a4        0x4 udp-server.co
 *fill*         0x000000000002d2a8       0x18 
 .bss           0x000000000002d2c0     0x2030 obj_cooja/mtype959.o
 .bss           0x000000000002f2f0        0x1 obj_cooja/mtype959.a(simEnvChange.o)
                0x000000000002f2f0                simDontFallAsleep
 *fill*         0x000000000002f2f1        0x3 
 .bss           0x000000000002f2f4        0x4 obj_cooja/mtype959.a(cooja_mt.o)
 .bss           0x000000000002f2f8        0x4 obj_cooja/mtype959.a(cooja_mtarch.o)
 .bss           0x000000000002f2fc        0xc obj_cooja/mtype959.a(rtimer-arch.o)
 .bss           0x000000000002f308        0x0 obj_cooja/mtype959.a(beep.o)
 .bss           0x000000000002f308        0x8 obj_cooja/mtype959.a(button-sensor.o)
 .bss           0x000000000002f310        0x0 obj_cooja/mtype959.a(leds-arch.o)
 .bss           0x000000000002f310        0x0 obj_cooja/mtype959.a(moteid.o)
 .bss           0x000000000002f310        0x1 obj_cooja/mtype959.a(pir-sensor.o)
                0x000000000002f310                simPirValue
 *fill*         0x000000000002f311        0x3 
 .bss           0x000000000002f314        0x4 obj_cooja/mtype959.a(rs232.o)
 .bss           0x000000000002f318        0x1 obj_cooja/mtype959.a(vib-sensor.o)
                0x000000000002f318                simVibValue
 .bss           0x000000000002f319        0x0 obj_cooja/mtype959.a(clock.o)
 *fill*         0x000000000002f319        0x7 
 .bss           0x000000000002f320      0x420 obj_cooja/mtype959.a(log.o)
 .bss           0x000000000002f740      0xfc0 obj_cooja/mtype959.a(cfs-cooja.o)
                0x000000000002f740                simCFSData
                0x00000000000306e0                simCFSSize
                0x00000000000306e4                simCFSChanged
                0x00000000000306e8                simCFSRead
                0x00000000000306ec                simCFSWritten
 .bss           0x0000000000030700       0x24 obj_cooja/mtype959.a(cooja-radio.o)
                0x0000000000030700                simReceivingLR
                0x0000000000030704                simInSizeLR
                0x0000000000030708                simOutSizeLR
                0x000000000003070c                simReceiving
                0x0000000000030710                simInSize
                0x0000000000030714                simOutSize
                0x0000000000030718                LongRangeTransmit
                0x000000000003071c                LongRangeReceiving
 .bss           0x0000000000030724        0xc obj_cooja/mtype959.a(eeprom.o)
                0x0000000000030724                simEEPROMChanged
                0x0000000000030728                simEEPROMRead
                0x000000000003072c                simEEPROMWritten
 .bss           0x0000000000030730        0x0 obj_cooja/mtype959.a(random.o)
 .bss           0x0000000000030730        0xc obj_cooja/mtype959.a(sensors.o)
 .bss           0x000000000003073c       0x28 obj_cooja/mtype959.a(dual_conf.o)
                0x000000000003073c                long_range_radio
 .bss           0x0000000000030764        0x0 obj_cooja/mtype959.a(autostart.o)
 .bss           0x0000000000030764        0x5 obj_cooja/mtype959.a(ctimer.o)
 *fill*         0x0000000000030769        0x3 
 .bss           0x000000000003076c        0x8 obj_cooja/mtype959.a(etimer.o)
 .bss           0x0000000000030774        0x0 obj_cooja/mtype959.a(log_message.o)
 *fill*         0x0000000000030774        0xc 
 .bss           0x0000000000030780      0x1b1 obj_cooja/mtype959.a(process.o)
                0x0000000000030780                process_list
                0x0000000000030784                process_current
 .bss           0x0000000000030931        0x0 obj_cooja/mtype959.a(residual.o)
 *fill*         0x0000000000030931        0x3 
 .bss           0x0000000000030934        0x4 obj_cooja/mtype959.a(rtimer.o)
 .bss           0x0000000000030938        0x0 obj_cooja/mtype959.a(timer.o)
 *fill*         0x0000000000030938        0x8 
 .bss           0x0000000000030940      0x140 obj_cooja/mtype959.a(serial-line.o)
 .bss           0x0000000000030a80        0x0 obj_cooja/mtype959.a(list.o)
 .bss           0x0000000000030a80        0x0 obj_cooja/mtype959.a(ringbuf.o)
 .bss           0x0000000000030a80      0x70c obj_cooja/mtype959.a(sicslowpan.o)
 *fill*         0x000000000003118c       0x14 
 .bss           0x00000000000311a0       0xc0 obj_cooja/mtype959.a(uip-ds6-nbr.o)
 .bss           0x0000000000031260       0x30 obj_cooja/mtype959.a(uip-ds6.o)
 .bss           0x0000000000031290        0xe obj_cooja/mtype959.a(uip6.o)
                0x0000000000031290                uip_ext_bitmap
                0x0000000000031291                uip_ext_len
                0x0000000000031292                uip_ext_opt_offset
 *fill*         0x000000000003129e        0x2 
 .bss           0x00000000000312a0       0x6b obj_cooja/mtype959.a(tcpip.o)
 .bss           0x000000000003130b        0x0 obj_cooja/mtype959.a(uip-debug.o)
 *fill*         0x000000000003130b       0x15 
 .bss           0x0000000000031320      0xcf8 obj_cooja/mtype959.a(uip-packetqueue)
 *fill*         0x0000000000032018        0x8 
 .bss           0x0000000000032020       0x80 obj_cooja/mtype959.a(rpl-dag.o)
 .bss           0x00000000000320a0        0x0 obj_cooja/mtype959.a(rpl-ext-header.)
 .bss           0x00000000000320a0        0x0 obj_cooja/mtype959.a(rpl-icmp6.o)
 .bss           0x00000000000320a0        0x0 obj_cooja/mtype959.a(rpl-of0.o)
 .bss           0x00000000000320a0       0x23 obj_cooja/mtype959.a(rpl-timers.o)
 *fill*         0x00000000000320c3        0x1 
 .bss           0x00000000000320c4        0x4 obj_cooja/mtype959.a(rpl.o)
 .bss           0x00000000000320c8        0x2 obj_cooja/mtype959.a(framer-802154.o)
 .bss           0x00000000000320ca        0x0 obj_cooja/mtype959.a(nullmac.o)
 *fill*         0x00000000000320ca       0x16 
 .bss           0x00000000000320e0       0xb0 obj_cooja/mtype959.a(cxmac.o)
 .bss           0x0000000000032190        0x0 obj_cooja/mtype959.a(linkaddr.o)
 *fill*         0x0000000000032190       0x10 
 .bss           0x00000000000321a0       0xc4 obj_cooja/mtype959.a(nbr-table.o)
 .bss           0x0000000000032264        0x0 obj_cooja/mtype959.a(netstack.o)
 *fill*         0x0000000000032264       0x1c 
 .bss           0x0000000000032280       0xa0 obj_cooja/mtype959.a(packetbuf.o)
 .bss           0x0000000000032320      0xb80 obj_cooja/mtype959.a(queuebuf.o)
 .bss           0x0000000000032ea0        0x0 obj_cooja/mtype959.a(nullsec.o)
 .bss           0x0000000000032ea0        0x0 obj_cooja/mtype959.a(watchdog.o)
 .bss           0x0000000000032ea0        0x0 obj_cooja/mtype959.a(rimestats.o)
 .bss           0x0000000000032ea0        0x0 obj_cooja/mtype959.a(stimer.o)
 .bss           0x0000000000032ea0        0x0 obj_cooja/mtype959.a(memb.o)
 .bss           0x0000000000032ea0      0x4a8 obj_cooja/mtype959.a(uip-ds6-route.o)
 .bss           0x0000000000033348       0x18 obj_cooja/mtype959.a(uip-icmp6.o)
 .bss           0x0000000000033360        0x0 obj_cooja/mtype959.a(uip-nd6.o)
 .bss           0x0000000000033360       0x44 obj_cooja/mtype959.a(rpl-nbr-policy.)
 .bss           0x00000000000333a4        0x0 obj_cooja/mtype959.a(frame802154.o)
 .bss           0x00000000000333a4        0x0 obj_cooja/mtype959.a(mac.o)
 .bss           0x00000000000333a4        0x0 /usr/lib/gcc/i686-linux-gnu/4.8/crtendS.o
 .bss           0x00000000000333a4        0x0 /usr/lib/gcc/i686-linux-gnu/4.8/../../../i386-linux-gnu/crtn.o
 *(COMMON)
 COMMON         0x00000000000333a4        0x2 udp-server.co
                0x00000000000333a4                long_duty_on
                0x00000000000333a5                short_duty_on
 *fill*         0x00000000000333a6        0x2 
 COMMON         0x00000000000333a8       0x4c obj_cooja/mtype959.o
                0x00000000000333a8                dio_count
                0x00000000000333ac                dis_count
                0x00000000000333b0                collision_count
                0x00000000000333b4                transmission_count
                0x00000000000333b8                COOJA_radioRxLong
                0x00000000000333bc                control_message_count
                0x00000000000333c0                dao_count
                0x00000000000333c4                COOJA_radioTx
                0x00000000000333c8                referenceVar
                0x00000000000333cc                data_relay_count
                0x00000000000333d0                data_message_count
                0x00000000000333d4                COOJA_radioTxLong
                0x00000000000333d8                COOJA_radioRx
                0x00000000000333dc                debugfp
                0x00000000000333e0                COOJA_radioOn
                0x00000000000333e4                COOJA_duration
                0x00000000000333e8                dio_ack_count
                0x00000000000333ec                COOJA_radioOnLong
                0x00000000000333f0                sensors_flags
 COMMON         0x00000000000333f4        0xc obj_cooja/mtype959.a(simEnvChange.o)
                0x00000000000333f4                simEtimerPending
                0x00000000000333f8                simProcessRunValue
                0x00000000000333fc                simNextExpirationTime
 COMMON         0x0000000000033400        0x1 obj_cooja/mtype959.a(beep.o)
                0x0000000000033400                simBeeped
 COMMON         0x0000000000033401        0x3 obj_cooja/mtype959.a(button-sensor.o)
                0x0000000000033401                simButtonIsActive
                0x0000000000033402                simButtonIsDown
                0x0000000000033403                simButtonChanged
 COMMON         0x0000000000033404        0x1 obj_cooja/mtype959.a(leds-arch.o)
                0x0000000000033404                simLedsValue
 *fill*         0x0000000000033405        0x3 
 COMMON         0x0000000000033408        0xc obj_cooja/mtype959.a(moteid.o)
                0x0000000000033408                simRandomSeed
                0x000000000003340c                simMoteIDChanged
                0x0000000000033410                simMoteID
 COMMON         0x0000000000033414        0x2 obj_cooja/mtype959.a(pir-sensor.o)
                0x0000000000033414                simPirIsActive
                0x0000000000033415                simPirChanged
 *fill*         0x0000000000033416        0xa 
 COMMON         0x0000000000033420      0x820 obj_cooja/mtype959.a(rs232.o)
                0x0000000000033420                simSerialReceivingFlag
                0x0000000000033424                simSerialReceivingLength
                0x0000000000033440                simSerialReceivingData
 COMMON         0x0000000000033c40        0x2 obj_cooja/mtype959.a(vib-sensor.o)
                0x0000000000033c40                simVibChanged
                0x0000000000033c41                simVibIsActive
 *fill*         0x0000000000033c42        0x2 
 COMMON         0x0000000000033c44        0x4 obj_cooja/mtype959.a(clock.o)
                0x0000000000033c44                simCurrentTime
 *fill*         0x0000000000033c48       0x18 
 COMMON         0x0000000000033c60      0x420 obj_cooja/mtype959.a(log.o)
                0x0000000000033c60                simLoggedLength
                0x0000000000033c64                simLoggedFlag
                0x0000000000033c80                simLoggedData
 COMMON         0x0000000000034080      0x240 obj_cooja/mtype959.a(cooja-radio.o)
                0x0000000000034080                simOutDataBuffer
                0x0000000000034100                simRadioTarget
                0x0000000000034120                simInDataBufferLR
                0x00000000000341a0                simOutDataBufferLR
                0x0000000000034220                dual_duty_cycle_count
                0x0000000000034240                simInDataBuffer
 COMMON         0x00000000000342c0      0x400 obj_cooja/mtype959.a(eeprom.o)
                0x00000000000342c0                simEEPROMData
 COMMON         0x00000000000346c0        0x1 obj_cooja/mtype959.a(sensors.o)
                0x00000000000346c0                sensors_event
 *fill*         0x00000000000346c1        0x3 
 COMMON         0x00000000000346c4        0x4 obj_cooja/mtype959.a(log_message.o)
                0x00000000000346c4                log_fp
 COMMON         0x00000000000346c8        0x1 obj_cooja/mtype959.a(serial-line.o)
                0x00000000000346c8                serial_line_event_message
 *fill*         0x00000000000346c9       0x17 
 COMMON         0x00000000000346e0       0x50 obj_cooja/mtype959.a(uip-ds6-nbr.o)
                0x00000000000346e0                ds6_lr_addrmap
 *fill*         0x0000000000034730       0x10 
 COMMON         0x0000000000034740      0x298 obj_cooja/mtype959.a(uip-ds6.o)
                0x0000000000034740                uip_ds6_prefix_list
                0x00000000000347a0                uip_ds6_timer_periodic
                0x00000000000347b0                uip_ds6_netif_addr_list_offset
                0x00000000000347c0                uip_ds6_if
                0x00000000000348b8                uip_ds6_timer_ra
                0x00000000000348c0                uip_ds6_addr_size
                0x00000000000348e0                long_uip_ds6_if
 *fill*         0x00000000000349d8        0x8 
 COMMON         0x00000000000349e0      0x8ec obj_cooja/mtype959.a(uip6.o)
                0x00000000000349e0                uip_slen
                0x00000000000349e2                uip_acc32
                0x0000000000034a00                uip_conns
                0x0000000000034ac0                uip_lladdr
                0x0000000000034ac8                uip_appdata
                0x0000000000034acc                uip_flags
                0x0000000000034ae0                uip_aligned_buf
                0x0000000000035120                uip_listenports
                0x0000000000035130                uip_len
                0x0000000000035132                uip_long_lladdr
                0x000000000003513c                uip_sappdata
                0x0000000000035140                uip_udp_conns
                0x00000000000352c0                uip_udp_conn
                0x00000000000352c4                uip_next_hdr
                0x00000000000352c8                uip_conn
 COMMON         0x00000000000352cc        0x1 obj_cooja/mtype959.a(tcpip.o)
                0x00000000000352cc                tcpip_event
 *fill*         0x00000000000352cd       0x13 
 COMMON         0x00000000000352e0      0x170 obj_cooja/mtype959.a(rpl-dag.o)
                0x00000000000352e0                default_instance
                0x0000000000035300                instance_table
 COMMON         0x0000000000035450        0x3 obj_cooja/mtype959.a(cxmac.o)
                0x0000000000035450                my_weight
                0x0000000000035451                my_sink_reachability
                0x0000000000035452                my_parent_number
 COMMON         0x0000000000035453       0x10 obj_cooja/mtype959.a(linkaddr.o)
                0x0000000000035453                linkaddr_node_addr
                0x000000000003545b                long_linkaddr_node_addr
 *fill*         0x0000000000035463        0x1 
 COMMON         0x0000000000035464       0x2e obj_cooja/mtype959.a(packetbuf.o)
                0x0000000000035464                packetbuf_attrs
                0x0000000000035482                packetbuf_addrs
 *fill*         0x0000000000035492        0xe 
 COMMON         0x00000000000354a0       0x48 obj_cooja/mtype959.a(rimestats.o)
                0x00000000000354a0                rimestats
                0x00000000000354e8                . = ALIGN ((. != 0x0)?0x4:0x1)
                0x00000000000354e8                . = ALIGN (0x4)
                0x00000000000354e8                . = SEGMENT_START ("ldata-segment", .)
                0x00000000000354e8                . = ALIGN (0x4)
                0x00000000000354e8                _end = .
                0x00000000000354e8                PROVIDE (end, .)
                0x00000000000354e8                . = DATA_SEGMENT_END (.)

.stab
 *(.stab)

.stabstr
 *(.stabstr)

.stab.excl
 *(.stab.excl)

.stab.exclstr
 *(.stab.exclstr)

.stab.index
 *(.stab.index)

.stab.indexstr
 *(.stab.indexstr)

.comment        0x0000000000000000       0x29
 *(.comment)
 .comment       0x0000000000000000       0x29 /usr/lib/gcc/i686-linux-gnu/4.8/crtbeginS.o
                                         0x2a (size before relaxing)
 .comment       0x0000000000000000       0x2a udp-server.co
 .comment       0x0000000000000000       0x2a obj_cooja/mtype959.o
 .comment       0x0000000000000000       0x2a obj_cooja/mtype959.a(simEnvChange.o)
 .comment       0x0000000000000000       0x2a obj_cooja/mtype959.a(cooja_mt.o)
 .comment       0x0000000000000000       0x2a obj_cooja/mtype959.a(cooja_mtarch.o)
 .comment       0x0000000000000000       0x2a obj_cooja/mtype959.a(rtimer-arch.o)
 .comment       0x0000000000000000       0x2a obj_cooja/mtype959.a(beep.o)
 .comment       0x0000000000000000       0x2a obj_cooja/mtype959.a(button-sensor.o)
 .comment       0x0000000000000000       0x2a obj_cooja/mtype959.a(leds-arch.o)
 .comment       0x0000000000000000       0x2a obj_cooja/mtype959.a(moteid.o)
 .comment       0x0000000000000000       0x2a obj_cooja/mtype959.a(pir-sensor.o)
 .comment       0x0000000000000000       0x2a obj_cooja/mtype959.a(rs232.o)
 .comment       0x0000000000000000       0x2a obj_cooja/mtype959.a(vib-sensor.o)
 .comment       0x0000000000000000       0x2a obj_cooja/mtype959.a(clock.o)
 .comment       0x0000000000000000       0x2a obj_cooja/mtype959.a(log.o)
 .comment       0x0000000000000000       0x2a obj_cooja/mtype959.a(cfs-cooja.o)
 .comment       0x0000000000000000       0x2a obj_cooja/mtype959.a(cooja-radio.o)
 .comment       0x0000000000000000       0x2a obj_cooja/mtype959.a(eeprom.o)
 .comment       0x0000000000000000       0x2a obj_cooja/mtype959.a(random.o)
 .comment       0x0000000000000000       0x2a obj_cooja/mtype959.a(sensors.o)
 .comment       0x0000000000000000       0x2a obj_cooja/mtype959.a(dual_conf.o)
 .comment       0x0000000000000000       0x2a obj_cooja/mtype959.a(autostart.o)
 .comment       0x0000000000000000       0x2a obj_cooja/mtype959.a(ctimer.o)
 .comment       0x0000000000000000       0x2a obj_cooja/mtype959.a(etimer.o)
 .comment       0x0000000000000000       0x2a obj_cooja/mtype959.a(log_message.o)
 .comment       0x0000000000000000       0x2a obj_cooja/mtype959.a(process.o)
 .comment       0x0000000000000000       0x2a obj_cooja/mtype959.a(residual.o)
 .comment       0x0000000000000000       0x2a obj_cooja/mtype959.a(rtimer.o)
 .comment       0x0000000000000000       0x2a obj_cooja/mtype959.a(timer.o)
 .comment       0x0000000000000000       0x2a obj_cooja/mtype959.a(serial-line.o)
 .comment       0x0000000000000000       0x2a obj_cooja/mtype959.a(list.o)
 .comment       0x0000000000000000       0x2a obj_cooja/mtype959.a(ringbuf.o)
 .comment       0x0000000000000000       0x2a obj_cooja/mtype959.a(sicslowpan.o)
 .comment       0x0000000000000000       0x2a obj_cooja/mtype959.a(uip-ds6-nbr.o)
 .comment       0x0000000000000000       0x2a obj_cooja/mtype959.a(uip-ds6.o)
 .comment       0x0000000000000000       0x2a obj_cooja/mtype959.a(uip6.o)
 .comment       0x0000000000000000       0x2a obj_cooja/mtype959.a(tcpip.o)
 .comment       0x0000000000000000       0x2a obj_cooja/mtype959.a(uip-debug.o)
 .comment       0x0000000000000000       0x2a obj_cooja/mtype959.a(uip-packetqueue)
 .comment       0x0000000000000000       0x2a obj_cooja/mtype959.a(rpl-dag.o)
 .comment       0x0000000000000000       0x2a obj_cooja/mtype959.a(rpl-ext-header.)
 .comment       0x0000000000000000       0x2a obj_cooja/mtype959.a(rpl-icmp6.o)
 .comment       0x0000000000000000       0x2a obj_cooja/mtype959.a(rpl-of0.o)
 .comment       0x0000000000000000       0x2a obj_cooja/mtype959.a(rpl-timers.o)
 .comment       0x0000000000000000       0x2a obj_cooja/mtype959.a(rpl.o)
 .comment       0x0000000000000000       0x2a obj_cooja/mtype959.a(framer-802154.o)
 .comment       0x0000000000000000       0x2a obj_cooja/mtype959.a(nullmac.o)
 .comment       0x0000000000000000       0x2a obj_cooja/mtype959.a(cxmac.o)
 .comment       0x0000000000000000       0x2a obj_cooja/mtype959.a(linkaddr.o)
 .comment       0x0000000000000000       0x2a obj_cooja/mtype959.a(nbr-table.o)
 .comment       0x0000000000000000       0x2a obj_cooja/mtype959.a(netstack.o)
 .comment       0x0000000000000000       0x2a obj_cooja/mtype959.a(packetbuf.o)
 .comment       0x0000000000000000       0x2a obj_cooja/mtype959.a(queuebuf.o)
 .comment       0x0000000000000000       0x2a obj_cooja/mtype959.a(nullsec.o)
 .comment       0x0000000000000000       0x2a obj_cooja/mtype959.a(watchdog.o)
 .comment       0x0000000000000000       0x2a obj_cooja/mtype959.a(rimestats.o)
 .comment       0x0000000000000000       0x2a obj_cooja/mtype959.a(stimer.o)
 .comment       0x0000000000000000       0x2a obj_cooja/mtype959.a(memb.o)
 .comment       0x0000000000000000       0x2a obj_cooja/mtype959.a(uip-ds6-route.o)
 .comment       0x0000000000000000       0x2a obj_cooja/mtype959.a(uip-icmp6.o)
 .comment       0x0000000000000000       0x2a obj_cooja/mtype959.a(uip-nd6.o)
 .comment       0x0000000000000000       0x2a obj_cooja/mtype959.a(rpl-nbr-policy.)
 .comment       0x0000000000000000       0x2a obj_cooja/mtype959.a(frame802154.o)
 .comment       0x0000000000000000       0x2a obj_cooja/mtype959.a(mac.o)
 .comment       0x0000000000000000       0x2a /usr/lib/gcc/i686-linux-gnu/4.8/crtendS.o

.debug
 *(.debug)

.line
 *(.line)

.debug_srcinfo
 *(.debug_srcinfo)

.debug_sfnames
 *(.debug_sfnames)

.debug_aranges  0x0000000000000000      0x7f8
 *(.debug_aranges)
 .debug_aranges
                0x0000000000000000       0x20 udp-server.co
 .debug_aranges
                0x0000000000000020       0x20 obj_cooja/mtype959.o
 .debug_aranges
                0x0000000000000040       0x20 obj_cooja/mtype959.a(simEnvChange.o)
 .debug_aranges
                0x0000000000000060       0x20 obj_cooja/mtype959.a(cooja_mt.o)
 .debug_aranges
                0x0000000000000080       0x20 obj_cooja/mtype959.a(cooja_mtarch.o)
 .debug_aranges
                0x00000000000000a0       0x20 obj_cooja/mtype959.a(rtimer-arch.o)
 .debug_aranges
                0x00000000000000c0       0x20 obj_cooja/mtype959.a(beep.o)
 .debug_aranges
                0x00000000000000e0       0x20 obj_cooja/mtype959.a(button-sensor.o)
 .debug_aranges
                0x0000000000000100       0x20 obj_cooja/mtype959.a(leds-arch.o)
 .debug_aranges
                0x0000000000000120       0x20 obj_cooja/mtype959.a(moteid.o)
 .debug_aranges
                0x0000000000000140       0x20 obj_cooja/mtype959.a(pir-sensor.o)
 .debug_aranges
                0x0000000000000160       0x20 obj_cooja/mtype959.a(rs232.o)
 .debug_aranges
                0x0000000000000180       0x20 obj_cooja/mtype959.a(vib-sensor.o)
 .debug_aranges
                0x00000000000001a0       0x20 obj_cooja/mtype959.a(clock.o)
 .debug_aranges
                0x00000000000001c0       0x20 obj_cooja/mtype959.a(log.o)
 .debug_aranges
                0x00000000000001e0       0x20 obj_cooja/mtype959.a(cfs-cooja.o)
 .debug_aranges
                0x0000000000000200       0x20 obj_cooja/mtype959.a(cooja-radio.o)
 .debug_aranges
                0x0000000000000220       0x20 obj_cooja/mtype959.a(eeprom.o)
 .debug_aranges
                0x0000000000000240       0x20 obj_cooja/mtype959.a(random.o)
 .debug_aranges
                0x0000000000000260       0x20 obj_cooja/mtype959.a(sensors.o)
 .debug_aranges
                0x0000000000000280       0x20 obj_cooja/mtype959.a(dual_conf.o)
 .debug_aranges
                0x00000000000002a0       0x20 obj_cooja/mtype959.a(autostart.o)
 .debug_aranges
                0x00000000000002c0       0x20 obj_cooja/mtype959.a(ctimer.o)
 .debug_aranges
                0x00000000000002e0       0x20 obj_cooja/mtype959.a(etimer.o)
 .debug_aranges
                0x0000000000000300       0x20 obj_cooja/mtype959.a(log_message.o)
 .debug_aranges
                0x0000000000000320       0x20 obj_cooja/mtype959.a(process.o)
 .debug_aranges
                0x0000000000000340       0x20 obj_cooja/mtype959.a(residual.o)
 .debug_aranges
                0x0000000000000360       0x20 obj_cooja/mtype959.a(rtimer.o)
 .debug_aranges
                0x0000000000000380       0x20 obj_cooja/mtype959.a(timer.o)
 .debug_aranges
                0x00000000000003a0       0x20 obj_cooja/mtype959.a(serial-line.o)
 .debug_aranges
                0x00000000000003c0       0x20 obj_cooja/mtype959.a(list.o)
 .debug_aranges
                0x00000000000003e0       0x20 obj_cooja/mtype959.a(ringbuf.o)
 .debug_aranges
                0x0000000000000400       0x20 obj_cooja/mtype959.a(sicslowpan.o)
 .debug_aranges
                0x0000000000000420       0x20 obj_cooja/mtype959.a(uip-ds6-nbr.o)
 .debug_aranges
                0x0000000000000440       0x20 obj_cooja/mtype959.a(uip-ds6.o)
 .debug_aranges
                0x0000000000000460       0x20 obj_cooja/mtype959.a(uip6.o)
 .debug_aranges
                0x0000000000000480       0x20 obj_cooja/mtype959.a(tcpip.o)
 .debug_aranges
                0x00000000000004a0       0x20 obj_cooja/mtype959.a(uip-debug.o)
 .debug_aranges
                0x00000000000004c0       0x20 obj_cooja/mtype959.a(uip-packetqueue)
 .debug_aranges
                0x00000000000004e0       0x20 obj_cooja/mtype959.a(rpl-dag.o)
 .debug_aranges
                0x0000000000000500       0x20 obj_cooja/mtype959.a(rpl-ext-header.)
 .debug_aranges
                0x0000000000000520       0x20 obj_cooja/mtype959.a(rpl-icmp6.o)
 .debug_aranges
                0x0000000000000540       0x20 obj_cooja/mtype959.a(rpl-of0.o)
 .debug_aranges
                0x0000000000000560       0x20 obj_cooja/mtype959.a(rpl-timers.o)
 .debug_aranges
                0x0000000000000580       0x20 obj_cooja/mtype959.a(rpl.o)
 .debug_aranges
                0x00000000000005a0       0x20 obj_cooja/mtype959.a(framer-802154.o)
 .debug_aranges
                0x00000000000005c0       0x20 obj_cooja/mtype959.a(nullmac.o)
 .debug_aranges
                0x00000000000005e0       0x20 obj_cooja/mtype959.a(cxmac.o)
 .debug_aranges
                0x0000000000000600       0x20 obj_cooja/mtype959.a(linkaddr.o)
 .debug_aranges
                0x0000000000000620       0x20 obj_cooja/mtype959.a(nbr-table.o)
 .debug_aranges
                0x0000000000000640       0x20 obj_cooja/mtype959.a(netstack.o)
 .debug_aranges
                0x0000000000000660       0x20 obj_cooja/mtype959.a(packetbuf.o)
 .debug_aranges
                0x0000000000000680       0x20 obj_cooja/mtype959.a(queuebuf.o)
 .debug_aranges
                0x00000000000006a0       0x20 obj_cooja/mtype959.a(nullsec.o)
 .debug_aranges
                0x00000000000006c0       0x20 obj_cooja/mtype959.a(watchdog.o)
 .debug_aranges
                0x00000000000006e0       0x18 obj_cooja/mtype959.a(rimestats.o)
 .debug_aranges
                0x00000000000006f8       0x20 obj_cooja/mtype959.a(stimer.o)
 .debug_aranges
                0x0000000000000718       0x20 obj_cooja/mtype959.a(memb.o)
 .debug_aranges
                0x0000000000000738       0x20 obj_cooja/mtype959.a(uip-ds6-route.o)
 .debug_aranges
                0x0000000000000758       0x20 obj_cooja/mtype959.a(uip-icmp6.o)
 .debug_aranges
                0x0000000000000778       0x20 obj_cooja/mtype959.a(uip-nd6.o)
 .debug_aranges
                0x0000000000000798       0x20 obj_cooja/mtype959.a(rpl-nbr-policy.)
 .debug_aranges
                0x00000000000007b8       0x20 obj_cooja/mtype959.a(frame802154.o)
 .debug_aranges
                0x00000000000007d8       0x20 obj_cooja/mtype959.a(mac.o)

.debug_pubnames
 *(.debug_pubnames)

.debug_info     0x0000000000000000    0x1c69b
 *(.debug_info .gnu.linkonce.wi.*)
 .debug_info    0x0000000000000000      0xe08 udp-server.co
 .debug_info    0x0000000000000e08     0x3ac4 obj_cooja/mtype959.o
 .debug_info    0x00000000000048cc      0x15a obj_cooja/mtype959.a(simEnvChange.o)
 .debug_info    0x0000000000004a26      0x1e2 obj_cooja/mtype959.a(cooja_mt.o)
 .debug_info    0x0000000000004c08      0x2e7 obj_cooja/mtype959.a(cooja_mtarch.o)
 .debug_info    0x0000000000004eef      0x16b obj_cooja/mtype959.a(rtimer-arch.o)
 .debug_info    0x000000000000505a      0x1f3 obj_cooja/mtype959.a(beep.o)
 .debug_info    0x000000000000524d      0x257 obj_cooja/mtype959.a(button-sensor.o)
 .debug_info    0x00000000000054a4      0x132 obj_cooja/mtype959.a(leds-arch.o)
 .debug_info    0x00000000000055d6      0x10a obj_cooja/mtype959.a(moteid.o)
 .debug_info    0x00000000000056e0      0x216 obj_cooja/mtype959.a(pir-sensor.o)
 .debug_info    0x00000000000058f6      0x21e obj_cooja/mtype959.a(rs232.o)
 .debug_info    0x0000000000005b14      0x216 obj_cooja/mtype959.a(vib-sensor.o)
 .debug_info    0x0000000000005d2a      0x152 obj_cooja/mtype959.a(clock.o)
 .debug_info    0x0000000000005e7c      0x2bb obj_cooja/mtype959.a(log.o)
 .debug_info    0x0000000000006137      0x3cf obj_cooja/mtype959.a(cfs-cooja.o)
 .debug_info    0x0000000000006506      0xd1f obj_cooja/mtype959.a(cooja-radio.o)
 .debug_info    0x0000000000007225      0x1d5 obj_cooja/mtype959.a(eeprom.o)
 .debug_info    0x00000000000073fa       0xb3 obj_cooja/mtype959.a(random.o)
 .debug_info    0x00000000000074ad      0x36d obj_cooja/mtype959.a(sensors.o)
 .debug_info    0x000000000000781a      0xc69 obj_cooja/mtype959.a(dual_conf.o)
 .debug_info    0x0000000000008483      0x1a5 obj_cooja/mtype959.a(autostart.o)
 .debug_info    0x0000000000008628      0x46c obj_cooja/mtype959.a(ctimer.o)
 .debug_info    0x0000000000008a94      0x49c obj_cooja/mtype959.a(etimer.o)
 .debug_info    0x0000000000008f30      0x3d2 obj_cooja/mtype959.a(log_message.o)
 .debug_info    0x0000000000009302      0x4ba obj_cooja/mtype959.a(process.o)
 .debug_info    0x00000000000097bc      0x164 obj_cooja/mtype959.a(residual.o)
 .debug_info    0x0000000000009920      0x1ab obj_cooja/mtype959.a(rtimer.o)
 .debug_info    0x0000000000009acb      0x16c obj_cooja/mtype959.a(timer.o)
 .debug_info    0x0000000000009c37      0x2de obj_cooja/mtype959.a(serial-line.o)
 .debug_info    0x0000000000009f15      0x2ed obj_cooja/mtype959.a(list.o)
 .debug_info    0x000000000000a202      0x1aa obj_cooja/mtype959.a(ringbuf.o)
 .debug_info    0x000000000000a3ac     0x105e obj_cooja/mtype959.a(sicslowpan.o)
 .debug_info    0x000000000000b40a      0x8c9 obj_cooja/mtype959.a(uip-ds6-nbr.o)
 .debug_info    0x000000000000bcd3      0xc5d obj_cooja/mtype959.a(uip-ds6.o)
 .debug_info    0x000000000000c930      0xee4 obj_cooja/mtype959.a(uip6.o)
 .debug_info    0x000000000000d814     0x152e obj_cooja/mtype959.a(tcpip.o)
 .debug_info    0x000000000000ed42      0x1b5 obj_cooja/mtype959.a(uip-debug.o)