Archive member included to satisfy reference by file (symbol)

obj_cooja/mtype689.a(simEnvChange.o)
                              obj_cooja/mtype689.o (simDontFallAsleep)
obj_cooja/mtype689.a(cooja_mt.o)
                              obj_cooja/mtype689.o (cooja_mt_start)
obj_cooja/mtype689.a(cooja_mtarch.o)
                              obj_cooja/mtype689.a(cooja_mt.o) (cooja_mtarch_init)
obj_cooja/mtype689.a(rtimer-arch.o)
                              obj_cooja/mtype689.o (rtimer_arch_next)
obj_cooja/mtype689.a(beep.o)  obj_cooja/mtype689.o (beep_interface)
obj_cooja/mtype689.a(button-sensor.o)
                              obj_cooja/mtype689.o (button_interface)
obj_cooja/mtype689.a(leds-arch.o)
                              obj_cooja/mtype689.o (leds_interface)
obj_cooja/mtype689.a(moteid.o)
                              obj_cooja/mtype689.o (moteid_interface)
obj_cooja/mtype689.a(pir-sensor.o)
                              obj_cooja/mtype689.o (pir_interface)
obj_cooja/mtype689.a(rs232.o)
                              obj_cooja/mtype689.o (rs232_interface)
obj_cooja/mtype689.a(vib-sensor.o)
                              obj_cooja/mtype689.o (vib_interface)
obj_cooja/mtype689.a(clock.o)
                              obj_cooja/mtype689.o (clock_interface)
obj_cooja/mtype689.a(log.o)   obj_cooja/mtype689.o (simlog_interface)
obj_cooja/mtype689.a(cfs-cooja.o)
                              obj_cooja/mtype689.o (cfs_interface)
obj_cooja/mtype689.a(cooja-radio.o)
                              obj_cooja/mtype689.o (radio_interface)
obj_cooja/mtype689.a(eeprom.o)
                              obj_cooja/mtype689.o (eeprom_interface)
obj_cooja/mtype689.a(random.o)
                              obj_cooja/mtype689.a(moteid.o) (random_init)
obj_cooja/mtype689.a(sensors.o)
                              udp-server.co (sensors_event)
obj_cooja/mtype689.a(dual_conf.o)
                              obj_cooja/mtype689.a(cooja-radio.o) (long_range_radio)
obj_cooja/mtype689.a(autostart.o)
                              obj_cooja/mtype689.o (autostart_start)
obj_cooja/mtype689.a(ctimer.o)
                              obj_cooja/mtype689.o (ctimer_init)
obj_cooja/mtype689.a(etimer.o)
                              obj_cooja/mtype689.o (etimer_process)
obj_cooja/mtype689.a(log_message.o)
                              obj_cooja/mtype689.o (log_initialization)
obj_cooja/mtype689.a(process.o)
                              udp-server.co (process_current)
obj_cooja/mtype689.a(residual.o)
                              obj_cooja/mtype689.o (get_residual_energy)
obj_cooja/mtype689.a(rtimer.o)
                              obj_cooja/mtype689.a(rtimer-arch.o) (rtimer_run_next)
obj_cooja/mtype689.a(timer.o)
                              obj_cooja/mtype689.a(button-sensor.o) (timer_set)
obj_cooja/mtype689.a(serial-line.o)
                              obj_cooja/mtype689.a(rs232.o) (serial_line_input_byte)
obj_cooja/mtype689.a(list.o)  obj_cooja/mtype689.a(ctimer.o) (list_init)
obj_cooja/mtype689.a(ringbuf.o)
                              obj_cooja/mtype689.a(serial-line.o) (ringbuf_init)
obj_cooja/mtype689.a(sicslowpan.o)
                              obj_cooja/mtype689.o (sicslowpan_driver)
obj_cooja/mtype689.a(uip-ds6-nbr.o)
                              obj_cooja/mtype689.a(sicslowpan.o) (uip_ds6_link_neighbor_callback)
obj_cooja/mtype689.a(uip-ds6.o)
                              udp-server.co (uip_ds6_if)
obj_cooja/mtype689.a(uip6.o)  obj_cooja/mtype689.o (uip_lladdr)
obj_cooja/mtype689.a(tcpip.o)
                              udp-server.co (tcpip_event)
obj_cooja/mtype689.a(uip-debug.o)
                              udp-server.co (uip_debug_ipaddr_print)
obj_cooja/mtype689.a(uip-packetqueue)
                              obj_cooja/mtype689.a(uip-ds6-nbr.o) (uip_packetqueue_new)
obj_cooja/mtype689.a(rpl-dag.o)
                              udp-server.co (rpl_set_root)
obj_cooja/mtype689.a(rpl-ext-header.)
                              obj_cooja/mtype689.a(uip6.o) (rpl_verify_header)
obj_cooja/mtype689.a(rpl-icmp6.o)
                              obj_cooja/mtype689.a(rpl-dag.o) (rpl_icmp6_update_nbr_table)
obj_cooja/mtype689.a(rpl-ltmax.o)
                              obj_cooja/mtype689.a(rpl-dag.o) (rpl_ltmax_of)
obj_cooja/mtype689.a(rpl-timers.o)
                              obj_cooja/mtype689.a(rpl-icmp6.o) (rpl_LSA_convergence_timer)
obj_cooja/mtype689.a(rpl.o)   obj_cooja/mtype689.a(rpl-icmp6.o) (rpl_get_mode)
obj_cooja/mtype689.a(framer-802154.o)
                              obj_cooja/mtype689.a(sicslowpan.o) (framer_802154)
obj_cooja/mtype689.a(nullmac.o)
                              udp-server.co (nullmac_driver)
obj_cooja/mtype689.a(cxmac.o)
                              obj_cooja/mtype689.o (cxmac_driver)
obj_cooja/mtype689.a(linkaddr.o)
                              obj_cooja/mtype689.o (linkaddr_node_addr)
obj_cooja/mtype689.a(nbr-table.o)
[...]
Memory Configuration

Name             Origin             Length             Attributes
*default*        0x0000000000000000 0xffffffffffffffff

Linker script and memory map

LOAD /usr/lib/gcc/i686-linux-gnu/4.8/../../../i386-linux-gnu/crti.o
LOAD /usr/lib/gcc/i686-linux-gnu/4.8/crtbeginS.o
LOAD udp-server.co
LOAD obj_cooja/mtype689.o
LOAD obj_cooja/mtype689.a
LOAD /usr/lib/gcc/i686-linux-gnu/4.8/libgcc.a
LOAD /usr/lib/gcc/i686-linux-gnu/4.8/libgcc_s.so
LOAD /usr/lib/gcc/i686-linux-gnu/4.8/../../../i386-linux-gnu/libc.so
START GROUP
LOAD /lib/i386-linux-gnu/libc.so.6
LOAD /usr/lib/i386-linux-gnu/libc_nonshared.a
LOAD /lib/i386-linux-gnu/ld-linux.so.2
END GROUP
LOAD /usr/lib/gcc/i686-linux-gnu/4.8/libgcc.a
LOAD /usr/lib/gcc/i686-linux-gnu/4.8/libgcc_s.so
LOAD /usr/lib/gcc/i686-linux-gnu/4.8/crtendS.o
LOAD /usr/lib/gcc/i686-linux-gnu/4.8/../../../i386-linux-gnu/crtn.o
                0x0000000000000114                . = (0x0 + SIZEOF_HEADERS)

.note.gnu.build-id
                0x0000000000000114       0x24
 *(.note.gnu.build-id)
 .note.gnu.build-id
                0x0000000000000114       0x24 /usr/lib/gcc/i686-linux-gnu/4.8/../../../i386-linux-gnu/crti.o

.hash
 *(.hash)

.gnu.hash       0x0000000000000138     0x1384
 *(.gnu.hash)
 .gnu.hash      0x0000000000000138     0x1384 /usr/lib/gcc/i686-linux-gnu/4.8/../../../i386-linux-gnu/crti.o

.dynsym         0x00000000000014bc     0x2670
 *(.dynsym)
 .dynsym        0x00000000000014bc     0x2670 /usr/lib/gcc/i686-linux-gnu/4.8/../../../i386-linux-gnu/crti.o

.dynstr         0x0000000000003b2c     0x277d
 *(.dynstr)
 .dynstr        0x0000000000003b2c     0x277d /usr/lib/gcc/i686-linux-gnu/4.8/../../../i386-linux-gnu/crti.o

.gnu.version    0x00000000000062aa      0x4ce
 *(.gnu.version)
 .gnu.version   0x00000000000062aa      0x4ce /usr/lib/gcc/i686-linux-gnu/4.8/../../../i386-linux-gnu/crti.o

.gnu.version_d  0x0000000000006778        0x0
 *(.gnu.version_d)
 .gnu.version_d
                0x0000000000000000        0x0 /usr/lib/gcc/i686-linux-gnu/4.8/../../../i386-linux-gnu/crti.o

.gnu.version_r  0x0000000000006778       0x50
 *(.gnu.version_r)
 .gnu.version_r
                0x0000000000006778       0x50 /usr/lib/gcc/i686-linux-gnu/4.8/../../../i386-linux-gnu/crti.o

.rel.dyn        0x00000000000067c8     0x9d40
 *(.rel.init)
 .rel.init      0x0000000000000000        0x0 /usr/lib/gcc/i686-linux-gnu/4.8/../../../i386-linux-gnu/crti.o
 *(.rel.text .rel.text.* .rel.gnu.linkonce.t.*)
 .rel.text      0x00000000000067c8     0x9588 /usr/lib/gcc/i686-linux-gnu/4.8/../../../i386-linux-gnu/crti.o
 *(.rel.fini)
 .rel.fini      0x0000000000000000        0x0 /usr/lib/gcc/i686-linux-gnu/4.8/../../../i386-linux-gnu/crti.o
 *(.rel.rodata .rel.rodata.* .rel.gnu.linkonce.r.*)
 .rel.rodata    0x000000000000fd50      0x4e0 /usr/lib/gcc/i686-linux-gnu/4.8/../../../i386-linux-gnu/crti.o
 *(.rel.data.rel.ro .rel.data.rel.ro.* .rel.gnu.linkonce.d.rel.ro.*)
 *(.rel.data .rel.data.* .rel.gnu.linkonce.d.*)
 .rel.data.rel  0x0000000000010230        0x8 /usr/lib/gcc/i686-linux-gnu/4.8/../../../i386-linux-gnu/crti.o
 .rel.data      0x0000000000010238      0x298 /usr/lib/gcc/i686-linux-gnu/4.8/../../../i386-linux-gnu/crti.o
 *(.rel.tdata .rel.tdata.* .rel.gnu.linkonce.td.*)
 *(.rel.tbss .rel.tbss.* .rel.gnu.linkonce.tb.*)
 *(.rel.ctors)
 *(.rel.dtors)
 *(.rel.got)
 .rel.got       0x00000000000104d0       0x28 /usr/lib/gcc/i686-linux-gnu/4.8/../../../i386-linux-gnu/crti.o
 *(.rel.bss .rel.bss.* .rel.gnu.linkonce.b.*)
 *(.rel.ifunc)
 .rel.ifunc     0x0000000000000000        0x0 /usr/lib/gcc/i686-linux-gnu/4.8/../../../i386-linux-gnu/crti.o
 .rel.fini_array
                0x00000000000104f8        0x8 /usr/lib/gcc/i686-linux-gnu/4.8/../../../i386-linux-gnu/crti.o
 .rel.init_array
                0x0000000000010500        0x8 /usr/lib/gcc/i686-linux-gnu/4.8/../../../i386-linux-gnu/crti.o

.rel.plt        0x0000000000010508       0x10
 *(.rel.plt)
 .rel.plt       0x0000000000010508       0x10 /usr/lib/gcc/i686-linux-gnu/4.8/../../../i386-linux-gnu/crti.o
 *(.rel.iplt)

.init           0x0000000000010518       0x23
 *(SORT(.init))
 .init          0x0000000000010518       0x1e /usr/lib/gcc/i686-linux-gnu/4.8/../../../i386-linux-gnu/crti.o
                0x0000000000010518                _init
 .init          0x0000000000010536        0x5 /usr/lib/gcc/i686-linux-gnu/4.8/../../../i386-linux-gnu/crtn.o

.plt            0x0000000000010540       0x30
 *(.plt)
 .plt           0x0000000000010540       0x30 /usr/lib/gcc/i686-linux-gnu/4.8/../../../i386-linux-gnu/crti.o
 *(.iplt)

.text           0x0000000000010570    0x175e1
 *(.text.unlikely .text.*_unlikely .text.unlikely.*)
 *(.text.exit .text.exit.*)
 *(.text.startup .text.startup.*)
 *(.text.hot .text.hot.*)
 *(.text .stub .text.* .gnu.linkonce.t.*)
 .text          0x0000000000010570        0x0 /usr/lib/gcc/i686-linux-gnu/4.8/../../../i386-linux-gnu/crti.o
 .gnu.linkonce.t.__x86.get_pc_thunk.bx
                0x0000000000010570        0x4 /usr/lib/gcc/i686-linux-gnu/4.8/../../../i386-linux-gnu/crti.o
                0x0000000000010570                __x86.get_pc_thunk.bx
 *fill*         0x0000000000010574        0xc 
 .text          0x0000000000010580      0x11b /usr/lib/gcc/i686-linux-gnu/4.8/crtbeginS.o
 .text          0x000000000001069b      0x3ce udp-server.co
 .text          0x0000000000010a69      0x96a obj_cooja/mtype689.o
                0x0000000000010c17                contiki_init
                0x00000000000111ea                Java_org_contikios_cooja_corecomm_Lib43_init
                0x000000000001122a                Java_org_contikios_cooja_corecomm_Lib43_getMemory
                0x000000000001126a                Java_org_contikios_cooja_corecomm_Lib43_setMemory
                0x00000000000112e1                Java_org_contikios_cooja_corecomm_Lib43_tick
                0x00000000000113c1                Java_org_contikios_cooja_corecomm_Lib43_setReferenceAddress
 .text          0x00000000000113d3       0x63 obj_cooja/mtype689.a(simEnvChange.o)
                0x00000000000113d3                doActionsBeforeTick
                0x0000000000011404                doActionsAfterTick
 .text          0x0000000000011436       0xbc obj_cooja/mtype689.a(cooja_mt.o)
                0x0000000000011436                cooja_mt_init
                0x0000000000011443                cooja_mt_remove
                0x0000000000011450                cooja_mt_start
                0x000000000001147d                cooja_mt_exec
                0x00000000000114ae                cooja_mt_exit
                0x00000000000114d0                cooja_mt_yield
 .text          0x00000000000114f2      0x115 obj_cooja/mtype689.a(cooja_mtarch.o)
                0x00000000000114f2                cooja_mtarch_init
                0x00000000000114f7                cooja_mtarch_start
                0x0000000000011572                cooja_sw
                0x0000000000011594                cooja_mtarch_exec
                0x00000000000115b0                cooja_mtarch_remove
                0x00000000000115b5                cooja_mtarch_yield
                0x00000000000115bf                cooja_mtarch_pstop
                0x00000000000115c4                cooja_mtarch_pstart
                0x00000000000115c9                cooja_mtarch_stack_usage
 .text          0x0000000000011607       0xc2 obj_cooja/mtype689.a(rtimer-arch.o)
                0x0000000000011607                rtimer_arch_init
                0x000000000001162a                rtimer_arch_schedule
                0x0000000000011641                rtimer_arch_next
                0x000000000001164b                rtimer_arch_pending
                0x0000000000011655                rtimer_arch_check
                0x0000000000011687                rtimer_arch_now
 .text          0x00000000000116c9       0x76 obj_cooja/mtype689.a(beep.o)
                0x00000000000116c9                beep_alarm
                0x00000000000116d5                beep_beep
                0x00000000000116e1                beep
                0x00000000000116ed                beep_down
                0x00000000000116f9                beep_on
                0x0000000000011705                beep_off
                0x0000000000011711                beep_spinup
                0x000000000001171d                beep_quick
                0x0000000000011729                beep_long
 .text          0x000000000001173f      0x103 obj_cooja/mtype689.a(button-sensor.o)
 .text          0x0000000000011842       0x45 obj_cooja/mtype689.a(leds-arch.o)
                0x0000000000011842                leds_arch_init
                0x000000000001184e                leds_arch_get
                0x000000000001185a                leds_arch_set
 .text          0x0000000000011887       0x2f obj_cooja/mtype689.a(moteid.o)
 .text          0x00000000000118b6       0xb1 obj_cooja/mtype689.a(pir-sensor.o)
 .text          0x0000000000011967      0x131 obj_cooja/mtype689.a(rs232.o)
                0x0000000000011967                rs232_init
                0x000000000001196c                rs232_set_speed
                0x000000000001197a                rs232_set_input
                0x0000000000011987                rs232_send
                0x00000000000119a9                rs232_print
                0x00000000000119c4                slip_arch_writeb
 .text          0x0000000000011a98       0xb1 obj_cooja/mtype689.a(vib-sensor.o)
 .text          0x0000000000011b49       0x34 obj_cooja/mtype689.a(clock.o)
                0x0000000000011b49                clock_init
                0x0000000000011b4e                clock_time
                0x0000000000011b58                clock_seconds
                0x0000000000011b6e                clock_delay
 .text          0x0000000000011b7d      0x1ed obj_cooja/mtype689.a(log.o)
                0x0000000000011b7d                simlog_char
                0x0000000000011bbf                simlog
                0x0000000000011c2c                log_message
                0x0000000000011c54                log_set_putchar_with_slip
                0x0000000000011c61                log_putchar
                0x0000000000011ce5                log_puts
                0x0000000000011d09                log_printf
 .text          0x0000000000011d6a      0x2c4 obj_cooja/mtype689.a(cfs-cooja.o)
                0x0000000000011d6a                cfs_open
                0x0000000000011dd3                cfs_close
                0x0000000000011ddf                cfs_read
                0x0000000000011e7d                cfs_write
                0x0000000000011f5a                cfs_seek
                0x0000000000011fe2                cfs_remove
                0x000000000001200b                cfs_opendir
                0x0000000000012015                cfs_readdir
                0x000000000001201f                cfs_closedir
 .text          0x000000000001202e      0x6ab obj_cooja/mtype689.a(cooja-radio.o)
                0x0000000000012058                radio_set_channel
                0x000000000001206d                radio_set_txpower
                0x000000000001208d                radio_signal_strength_last
                0x0000000000012097                radio_signal_strength_current
                0x00000000000120a1                radio_LQI
 .text          0x00000000000126d9       0xef obj_cooja/mtype689.a(eeprom.o)
                0x00000000000126d9                eeprom_init
                0x00000000000126de                eeprom_read
                0x000000000001274e                eeprom_write
 .text          0x00000000000127c8       0x28 obj_cooja/mtype689.a(random.o)
                0x00000000000127c8                random_init
                0x00000000000127e3                random_rand
 .text          0x00000000000127f0      0x2a1 obj_cooja/mtype689.a(sensors.o)
                0x000000000001282b                sensors_first
                0x0000000000012835                sensors_next
                0x0000000000012852                sensors_changed
                0x0000000000012881                sensors_find
 .text          0x0000000000012a91      0x452 obj_cooja/mtype689.a(dual_conf.o)
                0x0000000000012a91                dual_radio_switch
                0x0000000000012ad1                dual_radio_change
                0x0000000000012b0b                sending_in_LR
                0x0000000000012b36                dual_radio_received
                0x0000000000012b89                radio_received_is_longrange
                0x0000000000012ba4                dual_radio_turn_on
                0x0000000000012bc7                dual_radio_turn_off
                0x0000000000012e69                dio_broadcast
                0x0000000000012e92                dis_broadcast
                0x0000000000012eb3                LSA_converge_broadcast
 .text          0x0000000000012ee3       0x8e obj_cooja/mtype689.a(autostart.o)
                0x0000000000012ee3                autostart_start
                0x0000000000012f2e                autostart_exit
 .text          0x0000000000012f71      0x334 obj_cooja/mtype689.a(ctimer.o)
                0x0000000000013088                ctimer_init
                0x00000000000130b8                ctimer_set
                0x00000000000130e9                ctimer_set_with_process
                0x0000000000013165                ctimer_reset
                0x00000000000131b4                ctimer_restart
                0x0000000000013203                ctimer_stop
                0x000000000001324e                ctimer_expired
 .text          0x00000000000132a5      0x40b obj_cooja/mtype689.a(etimer.o)
                0x00000000000134b8                etimer_request_poll
                0x000000000001353c                etimer_set
                0x0000000000013561                etimer_reset_with_new_interval
                0x0000000000013588                etimer_reset
                0x00000000000135a6                etimer_restart
                0x00000000000135c4                etimer_adjust
                0x00000000000135e0                etimer_expired
                0x00000000000135f3                etimer_expiration_time
                0x0000000000013605                etimer_start_time
                0x000000000001360f                etimer_pending
                0x0000000000013621                etimer_next_expiration_time
                0x000000000001363b                etimer_stop
 .text          0x00000000000136b0       0xdd obj_cooja/mtype689.a(log_message.o)
                0x00000000000136b0                log_initialization
                0x000000000001376c                log_finisher
 .text          0x000000000001378d      0x560 obj_cooja/mtype689.a(process.o)
                0x000000000001378d                process_alloc_event
                0x00000000000137a2                process_start
                0x000000000001398b                process_exit
                0x00000000000139a7                process_init
                0x0000000000013b78                process_run
                0x0000000000013bab                process_nevents
                0x0000000000013bc6                process_post
                0x0000000000013c72                process_post_synch
                0x0000000000013caa                process_poll
                0x0000000000013cd9                process_is_running
 .text          0x0000000000013ced       0xd3 obj_cooja/mtype689.a(residual.o)
                0x0000000000013ced                get_residual_energy
 .text          0x0000000000013dc0       0xba obj_cooja/mtype689.a(rtimer.o)
                0x0000000000013dc0                rtimer_init
                0x0000000000013dcd                rtimer_set
                0x0000000000013e24                rtimer_run_next
 .text          0x0000000000013e7a       0x91 obj_cooja/mtype689.a(timer.o)
                0x0000000000013e7a                timer_set
                0x0000000000013e95                timer_reset
                0x0000000000013eac                timer_restart
                0x0000000000013ebe                timer_expired
                0x0000000000013ee7                timer_remaining
 .text          0x0000000000013f0b      0x1fb obj_cooja/mtype689.a(serial-line.o)
                0x0000000000013f0b                serial_line_input_byte
                0x00000000000140ce                serial_line_init
 .text          0x0000000000014106      0x244 obj_cooja/mtype689.a(list.o)
                0x0000000000014106                list_init
                0x0000000000014114                list_head
                0x000000000001411e                list_copy
                0x000000000001412d                list_tail
                0x0000000000014163                list_add
                0x00000000000141ac                list_push
                0x00000000000141d8                list_chop
                0x0000000000014242                list_pop
                0x000000000001426a                list_remove
                0x00000000000142d1                list_length
                0x00000000000142ff                list_insert
                0x0000000000014333                list_item_next
 .text          0x000000000001434a      0x155 obj_cooja/mtype689.a(ringbuf.o)
                0x000000000001434a                ringbuf_init
                0x000000000001437b                ringbuf_put
                0x00000000000143f9                ringbuf_get
                0x0000000000014466                ringbuf_size
                0x0000000000014478                ringbuf_elements
 .text          0x000000000001449f     0x2c69 obj_cooja/mtype689.a(sicslowpan.o)
                0x0000000000014a9f                rime_sniffer_add
                0x0000000000014aac                rime_sniffer_remove
                0x00000000000170a7                sicslowpan_init
                0x00000000000170fe                sicslowpan_get_last_rssi
 .text          0x0000000000017108      0x2dc obj_cooja/mtype689.a(uip-ds6-nbr.o)
                0x0000000000017125                uip_ds6_neighbors_init
                0x0000000000017142                uip_ds6_nbr_add
                0x00000000000171f3                uip_ds6_nbr_rm
                0x0000000000017250                uip_ds6_nbr_get_ipaddr
                0x0000000000017265                uip_ds6_nbr_get_ll
                0x0000000000017281                uip_ds6_nbr_num
                0x00000000000172c6                uip_ds6_nbr_lookup
                0x000000000001732b                uip_ds6_nbr_ll_lookup
                0x0000000000017347                uip_ds6_nbr_ipaddr_from_lladdr
                0x000000000001736d                uip_ds6_nbr_lladdr_from_ipaddr
                0x000000000001739b                uip_ds6_link_neighbor_callback
 .text          0x00000000000173e4     0x12ad obj_cooja/mtype689.a(uip-ds6.o)
                0x00000000000173e4                uip_ds6_init
                0x0000000000017739                uip_ds6_periodic
                0x0000000000017811                uip_ds6_list_loop
                0x00000000000178b8                uip_ds6_prefix_add
                0x0000000000017976                uip_ds6_prefix_rm
                0x0000000000017988                uip_ds6_prefix_lookup
                0x00000000000179d9                uip_ds6_is_addr_onlink
                0x0000000000017a4d                uip_ds6_addr_add
                0x0000000000017b7b                uip_ds6_long_addr_add
                0x0000000000017ca9                uip_ds6_addr_rm
                0x0000000000017d49                uip_ds6_addr_lookup
                0x0000000000017d94                uip_ds6_long_addr_lookup
                0x0000000000017ddf                uip_ds6_get_link_local
                0x0000000000017e5e                uip_ds6_long_get_link_local
                0x0000000000017edd                uip_ds6_get_global
                0x0000000000017f5c                uip_ds6_long_get_global
                0x0000000000017fdb                uip_ds6_maddr_add
                0x000000000001804d                uip_ds6_long_maddr_add
                0x00000000000180bf                uip_ds6_maddr_rm
                0x00000000000180d1                uip_ds6_maddr_lookup
                0x000000000001811c                uip_ds6_long_maddr_lookup
                0x0000000000018167                uip_ds6_aaddr_add
                0x00000000000181d9                uip_ds6_long_aaddr_add
                0x000000000001824b                uip_ds6_aaddr_rm
                0x000000000001825d                uip_ds6_aaddr_lookup
                0x00000000000182a8                uip_ds6_long_aaddr_lookup
                0x00000000000182f3                uip_ds6_select_src
                0x000000000001857c                uip_ds6_set_addr_iid
                0x00000000000185b3                get_match_length
                0x0000000000018645                uip_ds6_compute_reachable_time
 .text          0x0000000000018691     0x2d3b obj_cooja/mtype689.a(uip6.o)
                0x0000000000018691                uip_add32
                0x000000000001882a                uip_chksum
                0x0000000000018940                uip_icmp6chksum
                0x0000000000018954                uip_tcpchksum
                0x0000000000018968                uip_udpchksum
                0x000000000001897c                uip_init
                0x0000000000018a4c                uip_connect
                0x0000000000018bfb                remove_ext_hdr
                0x0000000000018d04                uip_udp_new
                0x0000000000018e60                uip_unlisten
                0x0000000000018ec0                uip_listen
                0x00000000000191e6                uip_process
                0x000000000001b2c0                uip_htons
                0x000000000001b2e2                uip_htonl
                0x000000000001b322                uip_send
 .text          0x000000000001b3cc      0xc2e obj_cooja/mtype689.a(tcpip.o)
                0x000000000001b3cc                tcpip_output
                0x000000000001b41d                tcpip_set_outputfunc
                0x000000000001b4bd                tcp_connect
                0x000000000001b512                tcp_unlisten
                0x000000000001b56d                tcp_listen
                0x000000000001b5c6                tcp_attach
                0x000000000001b5eb                udp_attach
                0x000000000001b610                udp_new
                0x000000000001b662                udp_broadcast_new
                0x000000000001b8d6                tcpip_input
                0x000000000001b90a                tcpip_ipv6_output
                0x000000000001be40                tcpip_poll_udp
                0x000000000001be63                tcpip_poll_tcp
                0x000000000001be86                tcpip_uipcall
 .text          0x000000000001bffa      0x1c1 obj_cooja/mtype689.a(uip-debug.o)
                0x000000000001bffa                uip_debug_ipaddr_print
                0x000000000001c15c                uip_debug_lladdr_print
 .text          0x000000000001c1bb      0x141 obj_cooja/mtype689.a(uip-packetqueue)
                0x000000000001c1e7                uip_packetqueue_new
                0x000000000001c1f5                uip_packetqueue_alloc
                0x000000000001c255                uip_packetqueue_free
                0x000000000001c296                uip_packetqueue_buf
                0x000000000001c2b3                uip_packetqueue_buflen
                0x000000000001c2d4                uip_packetqueue_set_buflen
 .text          0x000000000001c2fc     0x26b3 obj_cooja/mtype689.a(rpl-dag.o)
                0x000000000001c2fc                rpl_lr_in_child
                0x000000000001c3b4                rpl_print_neighbor_list
                0x000000000001c45d                rpl_print_child_neighbor_list
                0x000000000001c4d2                rpl_get_nbr
                0x000000000001c52c                rpl_get_nbr_child
                0x000000000001c586                rpl_dag_init
                0x000000000001c5b8                rpl_get_parent
                0x000000000001c5da                rpl_get_parent_rank
                0x000000000001c60d                rpl_get_parent_link_metric
                0x000000000001c640                rpl_get_parent_ipaddr
                0x000000000001c66a                rpl_get_child_ipaddr
                0x000000000001c985                rpl_set_root
                0x000000000001cbb3                rpl_repair_root
                0x000000000001cdef                rpl_set_prefix
                0x000000000001ceee                rpl_set_default_route
                0x000000000001cf7a                rpl_alloc_instance
                0x000000000001d00d                rpl_alloc_dag
                0x000000000001d0c0                rpl_set_default_instance
                0x000000000001d0cd                rpl_get_default_instance
                0x000000000001d0d7                rpl_free_instance
                0x000000000001d188                rpl_free_dag
                0x000000000001d1ee                rpl_add_parent
                0x000000000001d2d7                rpl_find_parent
                0x000000000001d307                rpl_add_child
                0x000000000001d3ab                rpl_find_child
                0x000000000001d3f9                rpl_find_parent_any_dag
                0x000000000001d435                rpl_select_dag
                0x000000000001d858                rpl_select_parent
                0x000000000001d8ba                rpl_remove_parent
                0x000000000001d8f0                rpl_remove_child
                0x000000000001d90c                rpl_nullify_parent
                0x000000000001d9aa                rpl_move_parent
                0x000000000001da47                rpl_has_downward_route
                0x000000000001da9a                rpl_get_any_dag
                0x000000000001dafc                rpl_get_instance
                0x000000000001db5f                rpl_find_of
                0x000000000001db9c                rpl_join_instance
                0x000000000001de38                rpl_add_dag
                0x000000000001e227                rpl_local_repair
                0x000000000001e300                rpl_recalculate_ranks
                0x000000000001e386                rpl_process_parent_event
                0x000000000001e438                rpl_process_dio
 .text          0x000000000001e9af      0xbf3 obj_cooja/mtype689.a(rpl-ext-header.)
                0x000000000001e9cc                rpl_verify_header
                0x000000000001ee46                rpl_update_header_empty
                0x000000000001f15d                rpl_update_header_final
                0x000000000001f2ec                rpl_remove_header
                0x000000000001f3f6                rpl_invert_header
                0x000000000001f580                rpl_insert_header
 .text          0x000000000001f5a2     0x24b5 obj_cooja/mtype689.a(rpl-icmp6.o)
                0x000000000001f86b                rpl_icmp6_update_nbr_table
                0x000000000001f95b                dis_output
                0x0000000000020293                dio_output
                0x0000000000020af0                LSA_converge_output
                0x00000000000215b6                dao_output
                0x000000000002167e                dao_output_target
                0x00000000000219ff                dao_ack_output
                0x0000000000021a13                rpl_icmp6_register_handlers
 .text          0x0000000000021a57      0x3dc obj_cooja/mtype689.a(rpl-ltmax.o)
 .text          0x0000000000021e33      0x836 obj_cooja/mtype689.a(rpl-timers.o)
                0x0000000000021e33                rpl_LSA_convergence_timer
                0x0000000000021e5f                rpl_reset_LSA_convergence_timer
                0x00000000000220fc                rpl_reset_periodic_timer
                0x0000000000022151                rpl_reset_dio_timer
                0x000000000002238b                rpl_schedule_dao
                0x00000000000223a6                rpl_schedule_dao_immediately
                0x00000000000223c1                rpl_cancel_dao
                0x0000000000022423                rpl_schedule_unicast_dio_immediately
                0x0000000000022611                rpl_schedule_probing
 .text          0x0000000000022669      0x5d5 obj_cooja/mtype689.a(rpl.o)
                0x0000000000022669                rpl_get_mode
                0x0000000000022673                rpl_set_mode
                0x0000000000022701                rpl_purge_routes
                0x00000000000227fb                rpl_remove_routes
                0x0000000000022841                rpl_remove_routes_by_nexthop
                0x00000000000228ad                rpl_add_route
                0x0000000000022928                rpl_link_neighbor_callback
                0x0000000000022a2d                rpl_ipv6_neighbor_callback
                0x0000000000022a9c                rpl_purge_dags
                0x0000000000022ba8                rpl_init
 .text          0x0000000000022c3e      0x3f5 obj_cooja/mtype689.a(framer-802154.o)
 .text          0x0000000000023033       0x5e obj_cooja/mtype689.a(nullmac.o)
 .text          0x0000000000023091     0x123b obj_cooja/mtype689.a(cxmac.o)
                0x000000000002420e                cxmac_set_announcement_radio_txpower
                0x0000000000024213                cxmac_init
 .text          0x00000000000242cc       0x82 obj_cooja/mtype689.a(linkaddr.o)
                0x00000000000242cc                linkaddr_copy
                0x00000000000242ee                linkaddr_cmp
                0x0000000000024318                linkaddr_set_node_addr
                0x0000000000024333                linkaddr_set_node_long_addr
 .text          0x000000000002434e      0x915 obj_cooja/mtype689.a(nbr-table.o)
                0x000000000002434e                long_ip_from_lladdr_map
                0x00000000000243d7                lladdr_map_add_lr
                0x0000000000024494                lladdr_map_rm_lr
                0x0000000000024959                nbr_table_register
                0x00000000000249a1                nbr_table_head
                0x00000000000249fd                nbr_table_next
                0x0000000000024a64                nbr_table_add_lladdr
                0x0000000000024b40                nbr_table_get_from_lladdr
                0x0000000000024b8d                nbr_table_remove
                0x0000000000024bdf                nbr_table_lock
                0x0000000000024c09                nbr_table_unlock
                0x0000000000024c33                nbr_table_get_lladdr
 .text          0x0000000000024c63       0x2b obj_cooja/mtype689.a(netstack.o)
                0x0000000000024c63                netstack_init
 .text          0x0000000000024c8e      0x3cd obj_cooja/mtype689.a(packetbuf.o)
                0x0000000000024c8e                packetbuf_clear
                0x0000000000024cb8                packetbuf_copyfrom
                0x0000000000024d0a                packetbuf_compact
                0x0000000000024d87                packetbuf_copyto
                0x0000000000024e1e                packetbuf_hdralloc
                0x0000000000024e9b                packetbuf_hdrreduce
                0x0000000000024ee3                packetbuf_set_datalen
                0x0000000000024efc                packetbuf_dataptr
                0x0000000000024f19                packetbuf_hdrptr
                0x0000000000024f23                packetbuf_datalen
                0x0000000000024f2f                packetbuf_hdrlen
                0x0000000000024f46                packetbuf_totlen
                0x0000000000024f5c                packetbuf_attr_clear
                0x0000000000024fae                packetbuf_attr_copyto
                0x0000000000024ff7                packetbuf_attr_copyfrom
                0x000000000002503f                packetbuf_holds_broadcast
 .text          0x000000000002505b      0x2b4 obj_cooja/mtype689.a(queuebuf.o)
                0x0000000000025065                queuebuf_init
                0x0000000000025085                queuebuf_numfree
                0x0000000000025099                queuebuf_new_from_packetbuf
                0x0000000000025129                queuebuf_update_attr_from_packetbuf
                0x000000000002515c                queuebuf_update_from_packetbuf
                0x00000000000251a6                queuebuf_free
                0x00000000000251ed                queuebuf_to_packetbuf
                0x0000000000025253                queuebuf_dataptr
                0x000000000002528a                queuebuf_datalen
                0x00000000000252ad                queuebuf_addr
                0x00000000000252df                queuebuf_attr
                0x000000000002530a                queuebuf_debug_print
 .text          0x000000000002530f       0x6e obj_cooja/mtype689.a(nullsec.o)
 .text          0x000000000002537d       0x19 obj_cooja/mtype689.a(watchdog.o)
                0x000000000002537d                watchdog_init
                0x0000000000025382                watchdog_start
                0x0000000000025387                watchdog_periodic
                0x000000000002538c                watchdog_stop
                0x0000000000025391                watchdog_reboot
 .text          0x0000000000025396        0x0 obj_cooja/mtype689.a(rimestats.o)
 .text          0x0000000000025396      0x134 obj_cooja/mtype689.a(leds.o)
                0x00000000000253e7                leds_init
                0x00000000000253fb                leds_blink
                0x0000000000025433                leds_get
                0x0000000000025440                leds_set
                0x000000000002545a                leds_on
                0x000000000002547d                leds_off
                0x00000000000254a7                leds_toggle
 .text          0x00000000000254ca       0xa3 obj_cooja/mtype689.a(stimer.o)
                0x00000000000254ca                stimer_set
                0x00000000000254e5                stimer_reset
                0x00000000000254fc                stimer_restart
                0x000000000002550e                stimer_expired
                0x0000000000025535                stimer_remaining
                0x0000000000025559                stimer_elapsed
 .text          0x000000000002556d      0x1c1 obj_cooja/mtype689.a(memb.o)
                0x000000000002556d                memb_init
                0x00000000000255cb                memb_alloc
                0x0000000000025630                memb_free
                0x00000000000256ab                memb_inmemb
                0x00000000000256ea                memb_numfree
 .text          0x000000000002572e      0x916 obj_cooja/mtype689.a(uip-ds6-route.o)
                0x00000000000257a5                uip_ds6_notification_add
                0x00000000000257d6                uip_ds6_notification_rm
                0x00000000000257f2                uip_ds6_route_init
                0x000000000002587a                uip_ds6_route_nexthop
                0x00000000000258a2                uip_ds6_route_head
                0x00000000000258b7                uip_ds6_route_next
                0x00000000000258dd                uip_ds6_route_is_nexthop
                0x000000000002591c                uip_ds6_route_num_routes
                0x0000000000025926                uip_ds6_route_lookup
                0x00000000000259e8                uip_ds6_route_add
                0x0000000000025c1c                uip_ds6_route_rm
                0x0000000000025db0                uip_ds6_route_rm_by_nexthop
                0x0000000000025de8                uip_ds6_defrt_add
                0x0000000000025e99                uip_ds6_defrt_rm
                0x0000000000025f18                uip_ds6_defrt_lookup
                0x0000000000025f71                uip_ds6_defrt_choose
                0x0000000000025fdc                uip_ds6_defrt_periodic
 .text          0x0000000000026044      0xacc obj_cooja/mtype689.a(uip-icmp6.o)
                0x00000000000260b2                uip_icmp6_input
                0x0000000000026122                uip_icmp6_register_input_handler
                0x00000000000263ea                uip_icmp6_error_output
                0x000000000002672f                uip_icmp6_send
                0x0000000000026aa3                uip_icmp6_echo_reply_callback_add
                0x0000000000026ad4                uip_icmp6_echo_reply_callback_rm
                0x0000000000026af0                uip_icmp6_init
 .text          0x0000000000026b10      0x358 obj_cooja/mtype689.a(uip-nd6.o)
                0x0000000000026b64                uip_nd6_ns_output
                0x0000000000026e63                uip_nd6_init
 .text          0x0000000000026e68      0x331 obj_cooja/mtype689.a(rpl-nbr-policy.)
                0x0000000000027040                find_removable_dis
                0x0000000000027063                find_removable_dio
                0x00000000000270f2                find_removable_dao
                0x0000000000027142                rpl_nbr_policy_find_removable
 .text          0x0000000000027199      0x97c obj_cooja/mtype689.a(frame802154.o)
                0x00000000000271ca                frame802154_get_pan_id
                0x00000000000271d6                frame802154_set_pan_id
                0x00000000000271ef                frame802154_has_panid
                0x00000000000272db                frame802154_check_dest_panid
                0x0000000000027343                frame802154_is_broadcast_addr
                0x0000000000027390                frame802154_extract_linkaddr
                0x00000000000275d0                frame802154_hdrlen
                0x0000000000027621                frame802154_create
                0x000000000002780c                frame802154_parse
 .text          0x0000000000027b15       0x3c obj_cooja/mtype689.a(mac.o)
                0x0000000000027b15                mac_call_sent_callback
 .text          0x0000000000027b51        0x0 /usr/lib/gcc/i686-linux-gnu/4.8/crtendS.o
 .text          0x0000000000027b51        0x0 /usr/lib/gcc/i686-linux-gnu/4.8/../../../i386-linux-gnu/crtn.o
 *(.gnu.warning)

.fini           0x0000000000027b54       0x14
 *(SORT(.fini))
 .fini          0x0000000000027b54        0xf /usr/lib/gcc/i686-linux-gnu/4.8/../../../i386-linux-gnu/crti.o
                0x0000000000027b54                _fini
 .fini          0x0000000000027b63        0x5 /usr/lib/gcc/i686-linux-gnu/4.8/../../../i386-linux-gnu/crtn.o
                0x0000000000027b68                PROVIDE (__etext, .)
                0x0000000000027b68                PROVIDE (_etext, .)
                0x0000000000027b68                PROVIDE (etext, .)

.rodata         0x0000000000027b80     0x1bd7
 *(.rodata .rodata.* .gnu.linkonce.r.*)
 .rodata        0x0000000000027b80      0x148 udp-server.co
                0x0000000000027b94                autostart_processes
 .rodata        0x0000000000027cc8      0x1e6 obj_cooja/mtype689.o
 *fill*         0x0000000000027eae        0x2 
 .rodata        0x0000000000027eb0        0x8 obj_cooja/mtype689.a(beep.o)
                0x0000000000027eb0                beep_interface
 .rodata        0x0000000000027eb8       0x20 obj_cooja/mtype689.a(button-sensor.o)
                0x0000000000027eb8                button_interface
                0x0000000000027ec8                button_sensor
 .rodata        0x0000000000027ed8        0x8 obj_cooja/mtype689.a(leds-arch.o)
                0x0000000000027ed8                leds_interface
 .rodata        0x0000000000027ee0        0x8 obj_cooja/mtype689.a(moteid.o)
                0x0000000000027ee0                moteid_interface
 .rodata        0x0000000000027ee8       0x1c obj_cooja/mtype689.a(pir-sensor.o)
                0x0000000000027ee8                pir_interface
                0x0000000000027ef4                pir_sensor
 .rodata        0x0000000000027f04        0xe obj_cooja/mtype689.a(rs232.o)
                0x0000000000027f04                rs232_interface
 *fill*         0x0000000000027f12        0x2 
 .rodata        0x0000000000027f14       0x24 obj_cooja/mtype689.a(vib-sensor.o)
                0x0000000000027f14                vib_interface
                0x0000000000027f28                vib_sensor
 .rodata        0x0000000000027f38        0x8 obj_cooja/mtype689.a(clock.o)
                0x0000000000027f38                clock_interface
 .rodata        0x0000000000027f40        0x8 obj_cooja/mtype689.a(log.o)
                0x0000000000027f40                simlog_interface
 .rodata        0x0000000000027f48       0x2f obj_cooja/mtype689.a(cfs-cooja.o)
                0x0000000000027f48                cfs_interface
 *fill*         0x0000000000027f77        0x9 
 .rodata        0x0000000000027f80      0x100 obj_cooja/mtype689.a(cooja-radio.o)
                0x0000000000028040                cooja_radio_driver
                0x0000000000028078                radio_interface
 .rodata        0x0000000000028080        0x8 obj_cooja/mtype689.a(eeprom.o)
                0x0000000000028080                eeprom_interface
 .rodata        0x0000000000028088        0x8 obj_cooja/mtype689.a(sensors.o)
 .rodata        0x0000000000028090      0x1fe obj_cooja/mtype689.a(dual_conf.o)
 .rodata        0x000000000002828e        0xf obj_cooja/mtype689.a(ctimer.o)
 .rodata        0x000000000002829d        0xc obj_cooja/mtype689.a(etimer.o)
 *fill*         0x00000000000282a9        0x3 
 .rodata        0x00000000000282ac       0x73 obj_cooja/mtype689.a(log_message.o)
 *fill*         0x000000000002831f        0x1 
 .rodata        0x0000000000028320       0x20 obj_cooja/mtype689.a(residual.o)
 .rodata        0x0000000000028340        0xe obj_cooja/mtype689.a(serial-line.o)
 *fill*         0x000000000002834e        0x2 
 .rodata        0x0000000000028350      0x900 obj_cooja/mtype689.a(sicslowpan.o)
                0x0000000000028429                unc_llconf
                0x000000000002842d                unc_ctxconf
                0x0000000000028431                unc_mxconf
                0x0000000000028435                llprefix
                0x0000000000028c44                sicslowpan_driver
 .rodata        0x0000000000028c50      0x590 obj_cooja/mtype689.a(uip6.o)
 .rodata        0x00000000000291e0      0x15a obj_cooja/mtype689.a(tcpip.o)
 .rodata        0x000000000002933a       0x3e obj_cooja/mtype689.a(uip-debug.o)
 .rodata        0x0000000000029378        0x4 obj_cooja/mtype689.a(rpl-dag.o)
 .rodata        0x000000000002937c       0x1c obj_cooja/mtype689.a(rpl-icmp6.o)
 .rodata        0x0000000000029398       0x86 obj_cooja/mtype689.a(rpl-timers.o)
 *fill*         0x000000000002941e        0x2 
 .rodata        0x0000000000029420        0xc obj_cooja/mtype689.a(framer-802154.o)
                0x0000000000029420                framer_802154
 .rodata        0x000000000002942c       0x24 obj_cooja/mtype689.a(nullmac.o)
                0x0000000000029434                nullmac_driver
 *fill*         0x0000000000029450       0x10 
 .rodata        0x0000000000029460      0x2c0 obj_cooja/mtype689.a(cxmac.o)
                0x0000000000029700                cxmac_driver
 .rodata        0x0000000000029720        0x8 obj_cooja/mtype689.a(linkaddr.o)
                0x0000000000029720                linkaddr_null
 .rodata        0x0000000000029728       0x18 obj_cooja/mtype689.a(nullsec.o)
                0x0000000000029730                nullsec_driver
 .rodata        0x0000000000029740       0x17 obj_cooja/mtype689.a(uip-icmp6.o)

.rodata1
 *(.rodata1)

.eh_frame_hdr   0x0000000000029758     0x13dc
 *(.eh_frame_hdr)
 .eh_frame_hdr  0x0000000000029758     0x13dc udp-server.co

.eh_frame       0x000000000002ab34     0x50b4
 *(.eh_frame)
 .eh_frame      0x000000000002ab34       0x3c /usr/lib/gcc/i686-linux-gnu/4.8/../../../i386-linux-gnu/crti.o
                                         0x40 (size before relaxing)
 .eh_frame      0x000000000002ab70       0x68 udp-server.co
                                         0x80 (size before relaxing)
 .eh_frame      0x000000000002abd8      0x148 obj_cooja/mtype689.o
                                        0x160 (size before relaxing)
 .eh_frame      0x000000000002ad20       0x40 obj_cooja/mtype689.a(simEnvChange.o)
                                         0x58 (size before relaxing)
 .eh_frame      0x000000000002ad60       0xc0 obj_cooja/mtype689.a(cooja_mt.o)
                                         0xd8 (size before relaxing)
 .eh_frame      0x000000000002ae20      0x120 obj_cooja/mtype689.a(cooja_mtarch.o)
                                        0x138 (size before relaxing)
 .eh_frame      0x000000000002af40       0xc0 obj_cooja/mtype689.a(rtimer-arch.o)
                                         0xd8 (size before relaxing)
 .eh_frame      0x000000000002b000      0x160 obj_cooja/mtype689.a(beep.o)
                                        0x178 (size before relaxing)
 .eh_frame      0x000000000002b160       0xa0 obj_cooja/mtype689.a(button-sensor.o)
                                         0xb8 (size before relaxing)
 .eh_frame      0x000000000002b200       0xa0 obj_cooja/mtype689.a(leds-arch.o)
                                         0xb8 (size before relaxing)
 .eh_frame      0x000000000002b2a0       0x40 obj_cooja/mtype689.a(moteid.o)
                                         0x58 (size before relaxing)
 .eh_frame      0x000000000002b2e0       0xa0 obj_cooja/mtype689.a(pir-sensor.o)
                                         0xb8 (size before relaxing)
 .eh_frame      0x000000000002b380      0x100 obj_cooja/mtype689.a(rs232.o)
                                        0x118 (size before relaxing)
 .eh_frame      0x000000000002b480       0xa0 obj_cooja/mtype689.a(vib-sensor.o)
                                         0xb8 (size before relaxing)
 .eh_frame      0x000000000002b520       0xc0 obj_cooja/mtype689.a(clock.o)
                                         0xd8 (size before relaxing)
 .eh_frame      0x000000000002b5e0      0x120 obj_cooja/mtype689.a(log.o)
                                        0x138 (size before relaxing)
 .eh_frame      0x000000000002b700      0x160 obj_cooja/mtype689.a(cfs-cooja.o)
                                        0x178 (size before relaxing)
 .eh_frame      0x000000000002b860      0x2e0 obj_cooja/mtype689.a(cooja-radio.o)
                                        0x2f8 (size before relaxing)
 .eh_frame      0x000000000002bb40       0xa0 obj_cooja/mtype689.a(eeprom.o)
                                         0xb8 (size before relaxing)
 .eh_frame      0x000000000002bbe0       0x40 obj_cooja/mtype689.a(random.o)
                                         0x58 (size before relaxing)
 .eh_frame      0x000000000002bc20       0xc0 obj_cooja/mtype689.a(sensors.o)
                                         0xd8 (size before relaxing)
 .eh_frame      0x000000000002bce0      0x1a0 obj_cooja/mtype689.a(dual_conf.o)
                                        0x1b8 (size before relaxing)
 .eh_frame      0x000000000002be80       0x40 obj_cooja/mtype689.a(autostart.o)
                                         0x58 (size before relaxing)
 .eh_frame      0x000000000002bec0      0x100 obj_cooja/mtype689.a(ctimer.o)
                                        0x118 (size before relaxing)
 .eh_frame      0x000000000002bfc0      0x1e0 obj_cooja/mtype689.a(etimer.o)
                                        0x1f8 (size before relaxing)
 .eh_frame      0x000000000002c1a0       0x40 obj_cooja/mtype689.a(log_message.o)
                                         0x58 (size before relaxing)
 .eh_frame      0x000000000002c1e0      0x1c8 obj_cooja/mtype689.a(process.o)
                                        0x1e0 (size before relaxing)
 .eh_frame      0x000000000002c3a8       0x2c obj_cooja/mtype689.a(residual.o)
                                         0x44 (size before relaxing)
 .eh_frame      0x000000000002c3d4       0x60 obj_cooja/mtype689.a(rtimer.o)
                                         0x78 (size before relaxing)
 .eh_frame      0x000000000002c434       0xa4 obj_cooja/mtype689.a(timer.o)
                                         0xbc (size before relaxing)
 .eh_frame      0x000000000002c4d8       0x60 obj_cooja/mtype689.a(serial-line.o)
                                         0x78 (size before relaxing)
 .eh_frame      0x000000000002c538      0x180 obj_cooja/mtype689.a(list.o)
                                        0x198 (size before relaxing)
 .eh_frame      0x000000000002c6b8       0xa0 obj_cooja/mtype689.a(ringbuf.o)
                                         0xb8 (size before relaxing)
 .eh_frame      0x000000000002c758      0x350 obj_cooja/mtype689.a(sicslowpan.o)
                                        0x368 (size before relaxing)
 .eh_frame      0x000000000002caa8      0x180 obj_cooja/mtype689.a(uip-ds6-nbr.o)
                                        0x198 (size before relaxing)
 .eh_frame      0x000000000002cc28      0x3c8 obj_cooja/mtype689.a(uip-ds6.o)
                                        0x3e0 (size before relaxing)
 .eh_frame      0x000000000002cff0      0x27c obj_cooja/mtype689.a(uip6.o)
                                        0x294 (size before relaxing)
 .eh_frame      0x000000000002d26c      0x270 obj_cooja/mtype689.a(tcpip.o)
                                        0x288 (size before relaxing)
 .eh_frame      0x000000000002d4dc       0x48 obj_cooja/mtype689.a(uip-debug.o)
                                         0x60 (size before relaxing)
 .eh_frame      0x000000000002d524       0xe0 obj_cooja/mtype689.a(uip-packetqueue)
                                         0xf8 (size before relaxing)
 .eh_frame      0x000000000002d604      0x76c obj_cooja/mtype689.a(rpl-dag.o)
                                        0x784 (size before relaxing)
 .eh_frame      0x000000000002dd70      0x10c obj_cooja/mtype689.a(rpl-ext-header.)
                                        0x124 (size before relaxing)
 .eh_frame      0x000000000002de7c      0x2f8 obj_cooja/mtype689.a(rpl-icmp6.o)
                                        0x310 (size before relaxing)
 .eh_frame      0x000000000002e174       0xe0 obj_cooja/mtype689.a(rpl-ltmax.o)
                                         0xf8 (size before relaxing)
 .eh_frame      0x000000000002e254      0x26c obj_cooja/mtype689.a(rpl-timers.o)
                                        0x284 (size before relaxing)
 .eh_frame      0x000000000002e4c0      0x148 obj_cooja/mtype689.a(rpl.o)
                                        0x160 (size before relaxing)
 .eh_frame      0x000000000002e608      0x108 obj_cooja/mtype689.a(framer-802154.o)
                                        0x120 (size before relaxing)
 .eh_frame      0x000000000002e710       0xc0 obj_cooja/mtype689.a(nullmac.o)
                                         0xd8 (size before relaxing)
 .eh_frame      0x000000000002e7d0      0x2c0 obj_cooja/mtype689.a(cxmac.o)
                                        0x2d8 (size before relaxing)
 .eh_frame      0x000000000002ea90       0x80 obj_cooja/mtype689.a(linkaddr.o)
                                         0x98 (size before relaxing)
 .eh_frame      0x000000000002eb10      0x2cc obj_cooja/mtype689.a(nbr-table.o)
                                        0x2e4 (size before relaxing)
 .eh_frame      0x000000000002eddc       0x20 obj_cooja/mtype689.a(netstack.o)
                                         0x38 (size before relaxing)
 .eh_frame      0x000000000002edfc      0x214 obj_cooja/mtype689.a(packetbuf.o)
                                        0x22c (size before relaxing)
 .eh_frame      0x000000000002f010      0x1a0 obj_cooja/mtype689.a(queuebuf.o)
                                        0x1b8 (size before relaxing)
 .eh_frame      0x000000000002f1b0       0x80 obj_cooja/mtype689.a(nullsec.o)
                                         0x98 (size before relaxing)
 .eh_frame      0x000000000002f230       0xa0 obj_cooja/mtype689.a(watchdog.o)
                                         0xb8 (size before relaxing)
 .eh_frame      0x000000000002f2d0      0x100 obj_cooja/mtype689.a(leds.o)
                                        0x118 (size before relaxing)
 .eh_frame      0x000000000002f3d0       0xc4 obj_cooja/mtype689.a(stimer.o)
                                         0xdc (size before relaxing)
 .eh_frame      0x000000000002f494       0xa0 obj_cooja/mtype689.a(memb.o)
                                         0xb8 (size before relaxing)
 .eh_frame      0x000000000002f534      0x2a0 obj_cooja/mtype689.a(uip-ds6-route.o)
                                        0x2b8 (size before relaxing)
 .eh_frame      0x000000000002f7d4      0x164 obj_cooja/mtype689.a(uip-icmp6.o)
                                        0x17c (size before relaxing)
 .eh_frame      0x000000000002f938       0x68 obj_cooja/mtype689.a(uip-nd6.o)
                                         0x80 (size before relaxing)
 .eh_frame      0x000000000002f9a0       0xc0 obj_cooja/mtype689.a(rpl-nbr-policy.)
                                         0xd8 (size before relaxing)
 .eh_frame      0x000000000002fa60      0x164 obj_cooja/mtype689.a(frame802154.o)
                                        0x17c (size before relaxing)
 .eh_frame      0x000000000002fbc4       0x20 obj_cooja/mtype689.a(mac.o)
                                         0x38 (size before relaxing)
 .eh_frame      0x000000000002fbe4        0x4 /usr/lib/gcc/i686-linux-gnu/4.8/crtendS.o

.gcc_except_table
 *(.gcc_except_table .gcc_except_table.*)

.exception_ranges
 *(.exception_ranges .exception_ranges*)
                0x000000000002fbe8                . = (ALIGN (0x1000) - ((0x1000 - .) & 0xfff))
                0x0000000000030ef8                . = DATA_SEGMENT_ALIGN (0x1000, 0x1000)

.eh_frame
 *(.eh_frame)

.gcc_except_table
 *(.gcc_except_table .gcc_except_table.*)

.exception_ranges
 *(.exception_ranges .exception_ranges*)

.tdata
 *(.tdata .tdata.* .gnu.linkonce.td.*)

.tbss
 *(.tbss .tbss.* .gnu.linkonce.tb.*)
 *(.tcommon)

.preinit_array
 *(.preinit_array)

.init_array     0x0000000000030ef8        0x4
 *(SORT(.init_array.*) SORT(.ctors.*))
 *(.init_array EXCLUDE_FILE(*crtend?.o *crtend.o *crtbegin?.o *crtbegin.o) .ctors)
 .init_array    0x0000000000030ef8        0x4 /usr/lib/gcc/i686-linux-gnu/4.8/crtbeginS.o

.fini_array     0x0000000000030efc        0x4
 *(SORT(.fini_array.*) SORT(.dtors.*))
 *(.fini_array EXCLUDE_FILE(*crtend?.o *crtend.o *crtbegin?.o *crtbegin.o) .dtors)
 .fini_array    0x0000000000030efc        0x4 /usr/lib/gcc/i686-linux-gnu/4.8/crtbeginS.o

.ctors
 *crtbegin.o(.ctors)
 *crtbegin?.o(.ctors)
 *(EXCLUDE_FILE(*crtend?.o *crtend.o) .ctors)
 *(SORT(.ctors.*))
 *(.ctors)

.dtors
 *crtbegin.o(.dtors)
 *crtbegin?.o(.dtors)
 *(EXCLUDE_FILE(*crtend?.o *crtend.o) .dtors)
 *(SORT(.dtors.*))
 *(.dtors)

.jcr            0x0000000000030f00        0x4
 *(.jcr)
 .jcr           0x0000000000030f00        0x0 /usr/lib/gcc/i686-linux-gnu/4.8/crtbeginS.o
 .jcr           0x0000000000030f00        0x4 /usr/lib/gcc/i686-linux-gnu/4.8/crtendS.o

.data.rel.ro
 *(.data.rel.ro.local* .gnu.linkonce.d.rel.ro.local.*)
 *(.data.rel.ro .data.rel.ro.* .gnu.linkonce.d.rel.ro.*)

.dynamic        0x0000000000030f04       0xe8
 *(.dynamic)
 .dynamic       0x0000000000030f04       0xe8 /usr/lib/gcc/i686-linux-gnu/4.8/../../../i386-linux-gnu/crti.o
                0x0000000000030f04                _DYNAMIC

.got            0x0000000000030fec       0x14
 *(.got)
 .got           0x0000000000030fec       0x14 /usr/lib/gcc/i686-linux-gnu/4.8/../../../i386-linux-gnu/crti.o
 *(.igot)
                0x0000000000031ff4                . = DATA_SEGMENT_RELRO_END (., (SIZEOF (.got.plt) >= 0xc)?0xc:0x0)

.got.plt        0x0000000000031000       0x14
 *(.got.plt)
 .got.plt       0x0000000000031000       0x14 /usr/lib/gcc/i686-linux-gnu/4.8/../../../i386-linux-gnu/crti.o
                0x0000000000031000                _GLOBAL_OFFSET_TABLE_
 *(.igot.plt)

.data           0x0000000000031020      0x29a
 *(.data .data.* .gnu.linkonce.d.*)
 .data          0x0000000000031020        0x0 /usr/lib/gcc/i686-linux-gnu/4.8/../../../i386-linux-gnu/crti.o
 .data          0x0000000000031020        0x0 /usr/lib/gcc/i686-linux-gnu/4.8/crtbeginS.o
 .data.rel      0x0000000000031020        0x4 /usr/lib/gcc/i686-linux-gnu/4.8/crtbeginS.o
                0x0000000000031020                __dso_handle
 .data          0x0000000000031024       0x10 udp-server.co
                0x0000000000031024                udp_server_process
 *fill*         0x0000000000031034        0xc 
 .data          0x0000000000031040       0x44 obj_cooja/mtype689.o
                0x0000000000031040                simInterfaces
                0x0000000000031074                sensors
 .data          0x0000000000031084        0x0 obj_cooja/mtype689.a(simEnvChange.o)
 .data          0x0000000000031084        0x0 obj_cooja/mtype689.a(cooja_mt.o)
 .data          0x0000000000031084        0x0 obj_cooja/mtype689.a(cooja_mtarch.o)
 .data          0x0000000000031084        0x0 obj_cooja/mtype689.a(rtimer-arch.o)
 .data          0x0000000000031084        0x0 obj_cooja/mtype689.a(beep.o)
 .data          0x0000000000031084        0x0 obj_cooja/mtype689.a(button-sensor.o)
 .data          0x0000000000031084        0x0 obj_cooja/mtype689.a(leds-arch.o)
 .data          0x0000000000031084        0x0 obj_cooja/mtype689.a(moteid.o)
 .data          0x0000000000031084        0x0 obj_cooja/mtype689.a(pir-sensor.o)
 .data          0x0000000000031084        0x0 obj_cooja/mtype689.a(rs232.o)
 .data          0x0000000000031084        0x0 obj_cooja/mtype689.a(vib-sensor.o)
 .data          0x0000000000031084        0x0 obj_cooja/mtype689.a(clock.o)
 .data          0x0000000000031084        0x0 obj_cooja/mtype689.a(log.o)
 .data          0x0000000000031084        0x0 obj_cooja/mtype689.a(cfs-cooja.o)
 .data          0x0000000000031084       0x40 obj_cooja/mtype689.a(cooja-radio.o)
                0x0000000000031084                simRadioChannelLR
                0x0000000000031088                simRadioHWOnLR
                0x000000000003108c                simSignalStrengthLR
                0x0000000000031090                simLastSignalStrengthLR
                0x0000000000031094                simPowerLR
                0x0000000000031098                simLQILR
                0x000000000003109c                simRadioChannel
                0x00000000000310a0                simRadioHWOn
                0x00000000000310a4                simSignalStrength
                0x00000000000310a8                simLastSignalStrength
                0x00000000000310ac                simPower
                0x00000000000310b0                simLQI
                0x00000000000310b4                cooja_radio_process
 .data          0x00000000000310c4        0x0 obj_cooja/mtype689.a(eeprom.o)
 .data          0x00000000000310c4        0x0 obj_cooja/mtype689.a(random.o)
 .data          0x00000000000310c4       0x10 obj_cooja/mtype689.a(sensors.o)
                0x00000000000310c4                sensors_process
 .data          0x00000000000310d4       0x3a obj_cooja/mtype689.a(dual_conf.o)
                0x00000000000310d4                radio_received
                0x00000000000310d8                dual_dio_broadcast
                0x00000000000310e8                dual_dis_broadcast
                0x00000000000310f8                dual_LSA_converge_broadcast
 .data          0x000000000003110e        0x0 obj_cooja/mtype689.a(autostart.o)
 *fill*         0x000000000003110e        0x2 
 .data          0x0000000000031110       0x14 obj_cooja/mtype689.a(ctimer.o)
                0x0000000000031114                ctimer_process
 .data          0x0000000000031124       0x10 obj_cooja/mtype689.a(etimer.o)
                0x0000000000031124                etimer_process
 .data          0x0000000000031134        0x0 obj_cooja/mtype689.a(log_message.o)
 .data          0x0000000000031134        0x0 obj_cooja/mtype689.a(process.o)
 .data          0x0000000000031134        0x0 obj_cooja/mtype689.a(residual.o)
 .data          0x0000000000031134        0x0 obj_cooja/mtype689.a(rtimer.o)
 .data          0x0000000000031134        0x0 obj_cooja/mtype689.a(timer.o)
 .data          0x0000000000031134       0x10 obj_cooja/mtype689.a(serial-line.o)
                0x0000000000031134                serial_line_process
 .data          0x0000000000031144        0x0 obj_cooja/mtype689.a(list.o)
 .data          0x0000000000031144        0x0 obj_cooja/mtype689.a(ringbuf.o)
 .data          0x0000000000031144        0x0 obj_cooja/mtype689.a(sicslowpan.o)
 .data          0x0000000000031144       0x14 obj_cooja/mtype689.a(uip-ds6-nbr.o)
                0x0000000000031154                ds6_neighbors
 .data          0x0000000000031158        0x0 obj_cooja/mtype689.a(uip-ds6.o)
 .data          0x0000000000031158        0x0 obj_cooja/mtype689.a(uip6.o)
 .data          0x0000000000031158       0x10 obj_cooja/mtype689.a(tcpip.o)
                0x0000000000031158                tcpip_process
 .data          0x0000000000031168        0x0 obj_cooja/mtype689.a(uip-debug.o)
 .data          0x0000000000031168        0xc obj_cooja/mtype689.a(uip-packetqueue)
 .data          0x0000000000031174       0x28 obj_cooja/mtype689.a(rpl-dag.o)
                0x0000000000031184                rpl_parents
                0x0000000000031198                rpl_children
 .data          0x000000000003119c        0x0 obj_cooja/mtype689.a(rpl-ext-header.)
 .data          0x000000000003119c       0x40 obj_cooja/mtype689.a(rpl-icmp6.o)
 .data          0x00000000000311dc       0x1c obj_cooja/mtype689.a(rpl-ltmax.o)
                0x00000000000311dc                rpl_ltmax_of
 .data          0x00000000000311f8        0x0 obj_cooja/mtype689.a(rpl-timers.o)
 .data          0x00000000000311f8        0x0 obj_cooja/mtype689.a(rpl.o)
 .data          0x00000000000311f8        0x0 obj_cooja/mtype689.a(framer-802154.o)
 .data          0x00000000000311f8        0x0 obj_cooja/mtype689.a(nullmac.o)
 .data          0x00000000000311f8       0x30 obj_cooja/mtype689.a(cxmac.o)
                0x00000000000311f8                cxmac_config
                0x0000000000031208                strobe_wait
 .data          0x0000000000031228        0x0 obj_cooja/mtype689.a(linkaddr.o)
 .data          0x0000000000031228       0x10 obj_cooja/mtype689.a(nbr-table.o)
 .data          0x0000000000031238        0x0 obj_cooja/mtype689.a(netstack.o)
 .data          0x0000000000031238        0x4 obj_cooja/mtype689.a(packetbuf.o)
 .data          0x000000000003123c       0x18 obj_cooja/mtype689.a(queuebuf.o)
 .data          0x0000000000031254        0x0 obj_cooja/mtype689.a(nullsec.o)
 .data          0x0000000000031254        0x0 obj_cooja/mtype689.a(watchdog.o)
 .data          0x0000000000031254        0x0 obj_cooja/mtype689.a(rimestats.o)
 .data          0x0000000000031254        0x0 obj_cooja/mtype689.a(leds.o)
 .data          0x0000000000031254        0x0 obj_cooja/mtype689.a(stimer.o)
 .data          0x0000000000031254        0x0 obj_cooja/mtype689.a(memb.o)
 .data          0x0000000000031254       0x44 obj_cooja/mtype689.a(uip-ds6-route.o)
                0x0000000000031264                nbr_routes
 .data          0x0000000000031298       0x20 obj_cooja/mtype689.a(uip-icmp6.o)
 .data          0x00000000000312b8        0x0 obj_cooja/mtype689.a(uip-nd6.o)
 .data          0x00000000000312b8        0x0 obj_cooja/mtype689.a(rpl-nbr-policy.)
 .data          0x00000000000312b8        0x2 obj_cooja/mtype689.a(frame802154.o)
 .data          0x00000000000312ba        0x0 obj_cooja/mtype689.a(mac.o)
 .data          0x00000000000312ba        0x0 /usr/lib/gcc/i686-linux-gnu/4.8/crtendS.o
 .data          0x00000000000312ba        0x0 /usr/lib/gcc/i686-linux-gnu/4.8/../../../i386-linux-gnu/crtn.o

.tm_clone_table
                0x00000000000312bc        0x0
 .tm_clone_table
                0x00000000000312bc        0x0 /usr/lib/gcc/i686-linux-gnu/4.8/crtbeginS.o
 .tm_clone_table
                0x00000000000312bc        0x0 /usr/lib/gcc/i686-linux-gnu/4.8/crtendS.o

.data1
 *(.data1)
                0x00000000000312bc                _edata = .
                0x00000000000312bc                PROVIDE (edata, .)
                0x00000000000312bc                . = .
                0x00000000000312bc                __bss_start = .

.bss            0x00000000000312c0     0x8308
 *(.dynbss)
 .dynbss        0x0000000000000000        0x0 /usr/lib/gcc/i686-linux-gnu/4.8/../../../i386-linux-gnu/crti.o
 *(.bss .bss.* .gnu.linkonce.b.*)
 .bss           0x00000000000312c0        0x0 /usr/lib/gcc/i686-linux-gnu/4.8/../../../i386-linux-gnu/crti.o
 .bss           0x00000000000312c0        0x1 /usr/lib/gcc/i686-linux-gnu/4.8/crtbeginS.o
 *fill*         0x00000000000312c1        0x3 
 .bss           0x00000000000312c4        0x8 udp-server.co
                0x00000000000312c4                my_weight
 *fill*         0x00000000000312cc       0x14 
 .bss           0x00000000000312e0     0x2030 obj_cooja/mtype689.o
 .bss           0x0000000000033310        0x1 obj_cooja/mtype689.a(simEnvChange.o)
                0x0000000000033310                simDontFallAsleep
 *fill*         0x0000000000033311        0x3 
 .bss           0x0000000000033314        0x4 obj_cooja/mtype689.a(cooja_mt.o)
 .bss           0x0000000000033318        0x4 obj_cooja/mtype689.a(cooja_mtarch.o)
 .bss           0x000000000003331c        0xc obj_cooja/mtype689.a(rtimer-arch.o)
 .bss           0x0000000000033328        0x0 obj_cooja/mtype689.a(beep.o)
 .bss           0x0000000000033328        0x8 obj_cooja/mtype689.a(button-sensor.o)
 .bss           0x0000000000033330        0x0 obj_cooja/mtype689.a(leds-arch.o)
 .bss           0x0000000000033330        0x0 obj_cooja/mtype689.a(moteid.o)
 .bss           0x0000000000033330        0x1 obj_cooja/mtype689.a(pir-sensor.o)
                0x0000000000033330                simPirValue
 *fill*         0x0000000000033331        0x3 
 .bss           0x0000000000033334        0x4 obj_cooja/mtype689.a(rs232.o)
 .bss           0x0000000000033338        0x1 obj_cooja/mtype689.a(vib-sensor.o)
                0x0000000000033338                simVibValue
 .bss           0x0000000000033339        0x0 obj_cooja/mtype689.a(clock.o)
 *fill*         0x0000000000033339        0x7 
 .bss           0x0000000000033340      0x420 obj_cooja/mtype689.a(log.o)
 .bss           0x0000000000033760      0xfc0 obj_cooja/mtype689.a(cfs-cooja.o)
                0x0000000000033760                simCFSData
                0x0000000000034700                simCFSSize
                0x0000000000034704                simCFSChanged
                0x0000000000034708                simCFSRead
                0x000000000003470c                simCFSWritten
 .bss           0x0000000000034720       0x24 obj_cooja/mtype689.a(cooja-radio.o)
                0x0000000000034720                simReceivingLR
                0x0000000000034724                simInSizeLR
                0x0000000000034728                simOutSizeLR
                0x000000000003472c                simReceiving
                0x0000000000034730                simInSize
                0x0000000000034734                simOutSize
                0x0000000000034738                LongRangeTransmit
                0x000000000003473c                LongRangeReceiving
 .bss           0x0000000000034744        0xc obj_cooja/mtype689.a(eeprom.o)
                0x0000000000034744                simEEPROMChanged
                0x0000000000034748                simEEPROMRead
                0x000000000003474c                simEEPROMWritten
 .bss           0x0000000000034750        0x0 obj_cooja/mtype689.a(random.o)
 .bss           0x0000000000034750        0xc obj_cooja/mtype689.a(sensors.o)
 .bss           0x000000000003475c       0x3c obj_cooja/mtype689.a(dual_conf.o)
                0x000000000003475c                long_range_radio
 .bss           0x0000000000034798        0x0 obj_cooja/mtype689.a(autostart.o)
 .bss           0x0000000000034798        0x5 obj_cooja/mtype689.a(ctimer.o)
 *fill*         0x000000000003479d        0x3 
 .bss           0x00000000000347a0        0x8 obj_cooja/mtype689.a(etimer.o)
 .bss           0x00000000000347a8        0x0 obj_cooja/mtype689.a(log_message.o)
 *fill*         0x00000000000347a8       0x18 
 .bss           0x00000000000347c0      0x1b1 obj_cooja/mtype689.a(process.o)
                0x00000000000347c0                process_list
                0x00000000000347c4                process_current
 .bss           0x0000000000034971        0x0 obj_cooja/mtype689.a(residual.o)
 *fill*         0x0000000000034971        0x3 
 .bss           0x0000000000034974        0x4 obj_cooja/mtype689.a(rtimer.o)
 .bss           0x0000000000034978        0x0 obj_cooja/mtype689.a(timer.o)
 *fill*         0x0000000000034978        0x8 
 .bss           0x0000000000034980      0x140 obj_cooja/mtype689.a(serial-line.o)
 .bss           0x0000000000034ac0        0x0 obj_cooja/mtype689.a(list.o)
 .bss           0x0000000000034ac0        0x0 obj_cooja/mtype689.a(ringbuf.o)
 .bss           0x0000000000034ac0      0x70c obj_cooja/mtype689.a(sicslowpan.o)
 *fill*         0x00000000000351cc       0x14 
 .bss           0x00000000000351e0       0xc0 obj_cooja/mtype689.a(uip-ds6-nbr.o)
 .bss           0x00000000000352a0       0x30 obj_cooja/mtype689.a(uip-ds6.o)
 .bss           0x00000000000352d0        0xe obj_cooja/mtype689.a(uip6.o)
                0x00000000000352d0                uip_ext_bitmap
                0x00000000000352d1                uip_ext_len
                0x00000000000352d2                uip_ext_opt_offset
 *fill*         0x00000000000352de        0x2 
 .bss           0x00000000000352e0       0x6b obj_cooja/mtype689.a(tcpip.o)
 .bss           0x000000000003534b        0x0 obj_cooja/mtype689.a(uip-debug.o)
 *fill*         0x000000000003534b       0x15 
 .bss           0x0000000000035360      0xcf8 obj_cooja/mtype689.a(uip-packetqueue)
 *fill*         0x0000000000036058        0x8 
 .bss           0x0000000000036060       0x88 obj_cooja/mtype689.a(rpl-dag.o)
 .bss           0x00000000000360e8        0x0 obj_cooja/mtype689.a(rpl-ext-header.)
 .bss           0x00000000000360e8        0x0 obj_cooja/mtype689.a(rpl-icmp6.o)
 .bss           0x00000000000360e8        0x0 obj_cooja/mtype689.a(rpl-ltmax.o)
 *fill*         0x00000000000360e8       0x18 
 .bss           0x0000000000036100       0x60 obj_cooja/mtype689.a(rpl-timers.o)
 .bss           0x0000000000036160        0x4 obj_cooja/mtype689.a(rpl.o)
 .bss           0x0000000000036164        0x2 obj_cooja/mtype689.a(framer-802154.o)
 .bss           0x0000000000036166        0x0 obj_cooja/mtype689.a(nullmac.o)
 *fill*         0x0000000000036166       0x1a 
 .bss           0x0000000000036180       0xb0 obj_cooja/mtype689.a(cxmac.o)
 .bss           0x0000000000036230        0x0 obj_cooja/mtype689.a(linkaddr.o)
 *fill*         0x0000000000036230       0x10 
 .bss           0x0000000000036240       0xc4 obj_cooja/mtype689.a(nbr-table.o)
 .bss           0x0000000000036304        0x0 obj_cooja/mtype689.a(netstack.o)
 *fill*         0x0000000000036304       0x1c 
 .bss           0x0000000000036320       0xa0 obj_cooja/mtype689.a(packetbuf.o)
 .bss           0x00000000000363c0      0xb80 obj_cooja/mtype689.a(queuebuf.o)
 .bss           0x0000000000036f40        0x0 obj_cooja/mtype689.a(nullsec.o)
 .bss           0x0000000000036f40        0x0 obj_cooja/mtype689.a(watchdog.o)
 .bss           0x0000000000036f40        0x0 obj_cooja/mtype689.a(rimestats.o)
 .bss           0x0000000000036f40        0x1 obj_cooja/mtype689.a(leds.o)
 .bss           0x0000000000036f41        0x0 obj_cooja/mtype689.a(stimer.o)
 .bss           0x0000000000036f41        0x0 obj_cooja/mtype689.a(memb.o)
 *fill*         0x0000000000036f41       0x1f 
 .bss           0x0000000000036f60      0x4a8 obj_cooja/mtype689.a(uip-ds6-route.o)
 .bss           0x0000000000037408       0x18 obj_cooja/mtype689.a(uip-icmp6.o)
 .bss           0x0000000000037420        0x0 obj_cooja/mtype689.a(uip-nd6.o)
 .bss           0x0000000000037420       0x44 obj_cooja/mtype689.a(rpl-nbr-policy.)
 .bss           0x0000000000037464        0x0 obj_cooja/mtype689.a(frame802154.o)
 .bss           0x0000000000037464        0x0 obj_cooja/mtype689.a(mac.o)
 .bss           0x0000000000037464        0x0 /usr/lib/gcc/i686-linux-gnu/4.8/crtendS.o
 .bss           0x0000000000037464        0x0 /usr/lib/gcc/i686-linux-gnu/4.8/../../../i386-linux-gnu/crtn.o
 *(COMMON)
 COMMON         0x0000000000037464        0x4 udp-server.co
                0x0000000000037464                LSA_SR_preamble
                0x0000000000037465                LSA_converge
                0x0000000000037466                my_sink_reachability
                0x0000000000037467                my_parent_number
 COMMON         0x0000000000037468       0x4c obj_cooja/mtype689.o
                0x0000000000037468                dio_count
                0x000000000003746c                dis_count
                0x0000000000037470                collision_count
                0x0000000000037474                transmission_count
                0x0000000000037478                COOJA_radioRxLong
                0x000000000003747c                control_message_count
                0x0000000000037480                dao_count
                0x0000000000037484                COOJA_radioTx
                0x0000000000037488                referenceVar
                0x000000000003748c                data_relay_count
                0x0000000000037490                data_message_count
                0x0000000000037494                COOJA_radioTxLong
                0x0000000000037498                COOJA_radioRx
                0x000000000003749c                debugfp
                0x00000000000374a0                COOJA_radioOn
                0x00000000000374a4                COOJA_duration
                0x00000000000374a8                dio_ack_count
                0x00000000000374ac                COOJA_radioOnLong
                0x00000000000374b0                sensors_flags
 COMMON         0x00000000000374b4        0xc obj_cooja/mtype689.a(simEnvChange.o)
                0x00000000000374b4                simEtimerPending
                0x00000000000374b8                simProcessRunValue
                0x00000000000374bc                simNextExpirationTime
 COMMON         0x00000000000374c0        0x1 obj_cooja/mtype689.a(beep.o)
                0x00000000000374c0                simBeeped
 COMMON         0x00000000000374c1        0x3 obj_cooja/mtype689.a(button-sensor.o)
                0x00000000000374c1                simButtonIsActive
                0x00000000000374c2                simButtonIsDown
                0x00000000000374c3                simButtonChanged
 COMMON         0x00000000000374c4        0x1 obj_cooja/mtype689.a(leds-arch.o)
                0x00000000000374c4                simLedsValue
 *fill*         0x00000000000374c5        0x3 
 COMMON         0x00000000000374c8        0xc obj_cooja/mtype689.a(moteid.o)
                0x00000000000374c8                simRandomSeed
                0x00000000000374cc                simMoteIDChanged
                0x00000000000374d0                simMoteID
 COMMON         0x00000000000374d4        0x2 obj_cooja/mtype689.a(pir-sensor.o)
                0x00000000000374d4                simPirIsActive
                0x00000000000374d5                simPirChanged
 *fill*         0x00000000000374d6        0xa 
 COMMON         0x00000000000374e0      0x820 obj_cooja/mtype689.a(rs232.o)
                0x00000000000374e0                simSerialReceivingFlag
                0x00000000000374e4                simSerialReceivingLength
                0x0000000000037500                simSerialReceivingData
 COMMON         0x0000000000037d00        0x2 obj_cooja/mtype689.a(vib-sensor.o)
                0x0000000000037d00                simVibChanged
                0x0000000000037d01                simVibIsActive
 *fill*         0x0000000000037d02        0x2 
 COMMON         0x0000000000037d04        0x4 obj_cooja/mtype689.a(clock.o)
                0x0000000000037d04                simCurrentTime
 *fill*         0x0000000000037d08       0x18 
 COMMON         0x0000000000037d20      0x420 obj_cooja/mtype689.a(log.o)
                0x0000000000037d20                simLoggedLength
                0x0000000000037d24                simLoggedFlag
                0x0000000000037d40                simLoggedData
 COMMON         0x0000000000038140      0x240 obj_cooja/mtype689.a(cooja-radio.o)
                0x0000000000038140                simOutDataBuffer
                0x00000000000381c0                simRadioTarget
                0x00000000000381e0                simInDataBufferLR
                0x0000000000038260                simOutDataBufferLR
                0x00000000000382e0                dual_duty_cycle_count
                0x0000000000038300                simInDataBuffer
 COMMON         0x0000000000038380      0x400 obj_cooja/mtype689.a(eeprom.o)
                0x0000000000038380                simEEPROMData
 COMMON         0x0000000000038780        0x1 obj_cooja/mtype689.a(sensors.o)
                0x0000000000038780                sensors_event
 *fill*         0x0000000000038781        0x3 
 COMMON         0x0000000000038784        0x4 obj_cooja/mtype689.a(log_message.o)
                0x0000000000038784                log_fp
 COMMON         0x0000000000038788        0x1 obj_cooja/mtype689.a(serial-line.o)
                0x0000000000038788                serial_line_event_message
 COMMON         0x0000000000038789        0x1 obj_cooja/mtype689.a(sicslowpan.o)
                0x0000000000038789                p
 *fill*         0x000000000003878a       0x16 
 COMMON         0x00000000000387a0       0x50 obj_cooja/mtype689.a(uip-ds6-nbr.o)
                0x00000000000387a0                ds6_lr_addrmap
 *fill*         0x00000000000387f0       0x10 
 COMMON         0x0000000000038800      0x298 obj_cooja/mtype689.a(uip-ds6.o)
                0x0000000000038800                uip_ds6_prefix_list
                0x0000000000038860                uip_ds6_timer_periodic
                0x0000000000038870                uip_ds6_netif_addr_list_offset
                0x0000000000038880                uip_ds6_if
                0x0000000000038978                uip_ds6_timer_ra
                0x0000000000038980                uip_ds6_addr_size
                0x00000000000389a0                long_uip_ds6_if
 *fill*         0x0000000000038a98        0x8 
 COMMON         0x0000000000038aa0      0x8ec obj_cooja/mtype689.a(uip6.o)
                0x0000000000038aa0                uip_slen
                0x0000000000038aa2                uip_acc32
                0x0000000000038ac0                uip_conns
                0x0000000000038b80                uip_lladdr
                0x0000000000038b88                uip_appdata
                0x0000000000038b8c                uip_flags
                0x0000000000038ba0                uip_aligned_buf
                0x00000000000391e0                uip_listenports
                0x00000000000391f0                uip_len
                0x00000000000391f2                uip_long_lladdr
                0x00000000000391fc                uip_sappdata
                0x0000000000039200                uip_udp_conns
                0x0000000000039380                uip_udp_conn
                0x0000000000039384                uip_next_hdr
                0x0000000000039388                uip_conn
 COMMON         0x000000000003938c        0x1 obj_cooja/mtype689.a(tcpip.o)
                0x000000000003938c                tcpip_event
 *fill*         0x000000000003938d       0x13 
 COMMON         0x00000000000393a0      0x198 obj_cooja/mtype689.a(rpl-dag.o)
                0x00000000000393a0                default_instance
                0x00000000000393c0                instance_table
 COMMON         0x0000000000039538       0x10 obj_cooja/mtype689.a(linkaddr.o)
                0x0000000000039538                linkaddr_node_addr
                0x0000000000039540                long_linkaddr_node_addr
 COMMON         0x0000000000039548       0x2e obj_cooja/mtype689.a(packetbuf.o)
                0x0000000000039548                packetbuf_attrs
                0x0000000000039566                packetbuf_addrs
 *fill*         0x0000000000039576        0xa 
 COMMON         0x0000000000039580       0x48 obj_cooja/mtype689.a(rimestats.o)
                0x0000000000039580                rimestats
                0x00000000000395c8                . = ALIGN ((. != 0x0)?0x4:0x1)
                0x00000000000395c8                . = ALIGN (0x4)
                0x00000000000395c8                . = SEGMENT_START ("ldata-segment", .)
                0x00000000000395c8                . = ALIGN (0x4)
                0x00000000000395c8                _end = .
                0x00000000000395c8                PROVIDE (end, .)
                0x00000000000395c8                . = DATA_SEGMENT_END (.)

.stab
 *(.stab)

.stabstr
 *(.stabstr)

.stab.excl
 *(.stab.excl)

.stab.exclstr
 *(.stab.exclstr)

.stab.index
 *(.stab.index)

.stab.indexstr
 *(.stab.indexstr)

.comment        0x0000000000000000       0x29
 *(.comment)
 .comment       0x0000000000000000       0x29 /usr/lib/gcc/i686-linux-gnu/4.8/crtbeginS.o
                                         0x2a (size before relaxing)
 .comment       0x0000000000000000       0x2a udp-server.co
 .comment       0x0000000000000000       0x2a obj_cooja/mtype689.o
 .comment       0x0000000000000000       0x2a obj_cooja/mtype689.a(simEnvChange.o)
 .comment       0x0000000000000000       0x2a obj_cooja/mtype689.a(cooja_mt.o)
 .comment       0x0000000000000000       0x2a obj_cooja/mtype689.a(cooja_mtarch.o)
 .comment       0x0000000000000000       0x2a obj_cooja/mtype689.a(rtimer-arch.o)
 .comment       0x0000000000000000       0x2a obj_cooja/mtype689.a(beep.o)
 .comment       0x0000000000000000       0x2a obj_cooja/mtype689.a(button-sensor.o)
 .comment       0x0000000000000000       0x2a obj_cooja/mtype689.a(leds-arch.o)
 .comment       0x0000000000000000       0x2a obj_cooja/mtype689.a(moteid.o)
 .comment       0x0000000000000000       0x2a obj_cooja/mtype689.a(pir-sensor.o)
 .comment       0x0000000000000000       0x2a obj_cooja/mtype689.a(rs232.o)
 .comment       0x0000000000000000       0x2a obj_cooja/mtype689.a(vib-sensor.o)
 .comment       0x0000000000000000       0x2a obj_cooja/mtype689.a(clock.o)
 .comment       0x0000000000000000       0x2a obj_cooja/mtype689.a(log.o)
 .comment       0x0000000000000000       0x2a obj_cooja/mtype689.a(cfs-cooja.o)
 .comment       0x0000000000000000       0x2a obj_cooja/mtype689.a(cooja-radio.o)
 .comment       0x0000000000000000       0x2a obj_cooja/mtype689.a(eeprom.o)
 .comment       0x0000000000000000       0x2a obj_cooja/mtype689.a(random.o)
 .comment       0x0000000000000000       0x2a obj_cooja/mtype689.a(sensors.o)
 .comment       0x0000000000000000       0x2a obj_cooja/mtype689.a(dual_conf.o)
 .comment       0x0000000000000000       0x2a obj_cooja/mtype689.a(autostart.o)
 .comment       0x0000000000000000       0x2a obj_cooja/mtype689.a(ctimer.o)
 .comment       0x0000000000000000       0x2a obj_cooja/mtype689.a(etimer.o)
 .comment       0x0000000000000000       0x2a obj_cooja/mtype689.a(log_message.o)
 .comment       0x0000000000000000       0x2a obj_cooja/mtype689.a(process.o)
 .comment       0x0000000000000000       0x2a obj_cooja/mtype689.a(residual.o)
 .comment       0x0000000000000000       0x2a obj_cooja/mtype689.a(rtimer.o)
 .comment       0x0000000000000000       0x2a obj_cooja/mtype689.a(timer.o)
 .comment       0x0000000000000000       0x2a obj_cooja/mtype689.a(serial-line.o)
 .comment       0x0000000000000000       0x2a obj_cooja/mtype689.a(list.o)
 .comment       0x0000000000000000       0x2a obj_cooja/mtype689.a(ringbuf.o)
 .comment       0x0000000000000000       0x2a obj_cooja/mtype689.a(sicslowpan.o)
 .comment       0x0000000000000000       0x2a obj_cooja/mtype689.a(uip-ds6-nbr.o)
 .comment       0x0000000000000000       0x2a obj_cooja/mtype689.a(uip-ds6.o)
 .comment       0x0000000000000000       0x2a obj_cooja/mtype689.a(uip6.o)
 .comment       0x0000000000000000       0x2a obj_cooja/mtype689.a(tcpip.o)
 .comment       0x0000000000000000       0x2a obj_cooja/mtype689.a(uip-debug.o)
 .comment       0x0000000000000000       0x2a obj_cooja/mtype689.a(uip-packetqueue)
 .comment       0x0000000000000000       0x2a obj_cooja/mtype689.a(rpl-dag.o)
 .comment       0x0000000000000000       0x2a obj_cooja/mtype689.a(rpl-ext-header.)
 .comment       0x0000000000000000       0x2a obj_cooja/mtype689.a(rpl-icmp6.o)
 .comment       0x0000000000000000       0x2a obj_cooja/mtype689.a(rpl-ltmax.o)
 .comment       0x0000000000000000       0x2a obj_cooja/mtype689.a(rpl-timers.o)
 .comment       0x0000000000000000       0x2a obj_cooja/mtype689.a(rpl.o)
 .comment       0x0000000000000000       0x2a obj_cooja/mtype689.a(framer-802154.o)
 .comment       0x0000000000000000       0x2a obj_cooja/mtype689.a(nullmac.o)
 .comment       0x0000000000000000       0x2a obj_cooja/mtype689.a(cxmac.o)
 .comment       0x0000000000000000       0x2a obj_cooja/mtype689.a(linkaddr.o)
 .comment       0x0000000000000000       0x2a obj_cooja/mtype689.a(nbr-table.o)
 .comment       0x0000000000000000       0x2a obj_cooja/mtype689.a(netstack.o)
 .comment       0x0000000000000000       0x2a obj_cooja/mtype689.a(packetbuf.o)
 .comment       0x0000000000000000       0x2a obj_cooja/mtype689.a(queuebuf.o)
 .comment       0x0000000000000000       0x2a obj_cooja/mtype689.a(nullsec.o)
 .comment       0x0000000000000000       0x2a obj_cooja/mtype689.a(watchdog.o)
 .comment       0x0000000000000000       0x2a obj_cooja/mtype689.a(rimestats.o)
 .comment       0x0000000000000000       0x2a obj_cooja/mtype689.a(leds.o)
 .comment       0x0000000000000000       0x2a obj_cooja/mtype689.a(stimer.o)
 .comment       0x0000000000000000       0x2a obj_cooja/mtype689.a(memb.o)
 .comment       0x0000000000000000       0x2a obj_cooja/mtype689.a(uip-ds6-route.o)
 .comment       0x0000000000000000       0x2a obj_cooja/mtype689.a(uip-icmp6.o)
 .comment       0x0000000000000000       0x2a obj_cooja/mtype689.a(uip-nd6.o)
 .comment       0x0000000000000000       0x2a obj_cooja/mtype689.a(rpl-nbr-policy.)
 .comment       0x0000000000000000       0x2a obj_cooja/mtype689.a(frame802154.o)
 .comment       0x0000000000000000       0x2a obj_cooja/mtype689.a(mac.o)
 .comment       0x0000000000000000       0x2a /usr/lib/gcc/i686-linux-gnu/4.8/crtendS.o

.debug
 *(.debug)

.line
 *(.line)

.debug_srcinfo
 *(.debug_srcinfo)

.debug_sfnames
 *(.debug_sfnames)

.debug_aranges  0x0000000000000000      0x818
 *(.debug_aranges)
 .debug_aranges
                0x0000000000000000       0x20 udp-server.co
 .debug_aranges
                0x0000000000000020       0x20 obj_cooja/mtype689.o
 .debug_aranges
                0x0000000000000040       0x20 obj_cooja/mtype689.a(simEnvChange.o)
 .debug_aranges
                0x0000000000000060       0x20 obj_cooja/mtype689.a(cooja_mt.o)
 .debug_aranges
                0x0000000000000080       0x20 obj_cooja/mtype689.a(cooja_mtarch.o)
 .debug_aranges
                0x00000000000000a0       0x20 obj_cooja/mtype689.a(rtimer-arch.o)
 .debug_aranges
                0x00000000000000c0       0x20 obj_cooja/mtype689.a(beep.o)
 .debug_aranges
                0x00000000000000e0       0x20 obj_cooja/mtype689.a(button-sensor.o)
 .debug_aranges
                0x0000000000000100       0x20 obj_cooja/mtype689.a(leds-arch.o)
 .debug_aranges
                0x0000000000000120       0x20 obj_cooja/mtype689.a(moteid.o)
 .debug_aranges
                0x0000000000000140       0x20 obj_cooja/mtype689.a(pir-sensor.o)
 .debug_aranges
                0x0000000000000160       0x20 obj_cooja/mtype689.a(rs232.o)
 .debug_aranges
                0x0000000000000180       0x20 obj_cooja/mtype689.a(vib-sensor.o)
 .debug_aranges
                0x00000000000001a0       0x20 obj_cooja/mtype689.a(clock.o)
 .debug_aranges
                0x00000000000001c0       0x20 obj_cooja/mtype689.a(log.o)
 .debug_aranges
                0x00000000000001e0       0x20 obj_cooja/mtype689.a(cfs-cooja.o)
 .debug_aranges
                0x0000000000000200       0x20 obj_cooja/mtype689.a(cooja-radio.o)
 .debug_aranges
                0x0000000000000220       0x20 obj_cooja/mtype689.a(eeprom.o)
 .debug_aranges
                0x0000000000000240       0x20 obj_cooja/mtype689.a(random.o)
 .debug_aranges
                0x0000000000000260       0x20 obj_cooja/mtype689.a(sensors.o)
 .debug_aranges
                0x0000000000000280       0x20 obj_cooja/mtype689.a(dual_conf.o)
 .debug_aranges
                0x00000000000002a0       0x20 obj_cooja/mtype689.a(autostart.o)
 .debug_aranges
                0x00000000000002c0       0x20 obj_cooja/mtype689.a(ctimer.o)
 .debug_aranges
                0x00000000000002e0       0x20 obj_cooja/mtype689.a(etimer.o)
 .debug_aranges
                0x0000000000000300       0x20 obj_cooja/mtype689.a(log_message.o)
 .debug_aranges
                0x0000000000000320       0x20 obj_cooja/mtype689.a(process.o)
 .debug_aranges
                0x0000000000000340       0x20 obj_cooja/mtype689.a(residual.o)
 .debug_aranges
                0x0000000000000360       0x20 obj_cooja/mtype689.a(rtimer.o)
 .debug_aranges
                0x0000000000000380       0x20 obj_cooja/mtype689.a(timer.o)
 .debug_aranges
                0x00000000000003a0       0x20 obj_cooja/mtype689.a(serial-line.o)
 .debug_aranges
                0x00000000000003c0       0x20 obj_cooja/mtype689.a(list.o)
 .debug_aranges
                0x00000000000003e0       0x20 obj_cooja/mtype689.a(ringbuf.o)
 .debug_aranges
                0x0000000000000400       0x20 obj_cooja/mtype689.a(sicslowpan.o)
 .debug_aranges
                0x0000000000000420       0x20 obj_cooja/mtype689.a(uip-ds6-nbr.o)
 .debug_aranges
                0x0000000000000440       0x20 obj_cooja/mtype689.a(uip-ds6.o)
 .debug_aranges
                0x0000000000000460       0x20 obj_cooja/mtype689.a(uip6.o)
 .debug_aranges
                0x0000000000000480       0x20 obj_cooja/mtype689.a(tcpip.o)
 .debug_aranges
                0x00000000000004a0       0x20 obj_cooja/mtype689.a(uip-debug.o)
 .debug_aranges
                0x00000000000004c0       0x20 obj_cooja/mtype689.a(uip-packetqueue)
 .debug_aranges
                0x00000000000004e0       0x20 obj_cooja/mtype689.a(rpl-dag.o)
 .debug_aranges
                0x0000000000000500       0x20 obj_cooja/mtype689.a(rpl-ext-header.)
 .debug_aranges
                0x0000000000000520       0x20 obj_cooja/mtype689.a(rpl-icmp6.o)
 .debug_aranges
                0x0000000000000540       0x20 obj_cooja/mtype689.a(rpl-ltmax.o)
 .debug_aranges
                0x0000000000000560       0x20 obj_cooja/mtype689.a(rpl-timers.o)
 .debug_aranges
                0x0000000000000580       0x20 obj_cooja/mtype689.a(rpl.o)
 .debug_aranges
                0x00000000000005a0       0x20 obj_cooja/mtype689.a(framer-802154.o)
 .debug_aranges
                0x00000000000005c0       0x20 obj_cooja/mtype689.a(nullmac.o)
 .debug_aranges
                0x00000000000005e0       0x20 obj_cooja/mtype689.a(cxmac.o)
 .debug_aranges
                0x0000000000000600       0x20 obj_cooja/mtype689.a(linkaddr.o)
 .debug_aranges
                0x0000000000000620       0x20 obj_cooja/mtype689.a(nbr-table.o)
 .debug_aranges
                0x0000000000000640       0x20 obj_cooja/mtype689.a(netstack.o)
 .debug_aranges
                0x0000000000000660       0x20 obj_cooja/mtype689.a(packetbuf.o)
 .debug_aranges
                0x0000000000000680       0x20 obj_cooja/mtype689.a(queuebuf.o)
 .debug_aranges
                0x00000000000006a0       0x20 obj_cooja/mtype689.a(nullsec.o)
 .debug_aranges
                0x00000000000006c0       0x20 obj_cooja/mtype689.a(watchdog.o)
 .debug_aranges
                0x00000000000006e0       0x18 obj_cooja/mtype689.a(rimestats.o)
 .debug_aranges
                0x00000000000006f8       0x20 obj_cooja/mtype689.a(leds.o)
 .debug_aranges
                0x0000000000000718       0x20 obj_cooja/mtype689.a(stimer.o)
 .debug_aranges
                0x0000000000000738       0x20 obj_cooja/mtype689.a(memb.o)
 .debug_aranges
                0x0000000000000758       0x20 obj_cooja/mtype689.a(uip-ds6-route.o)
 .debug_aranges
                0x0000000000000778       0x20 obj_cooja/mtype689.a(uip-icmp6.o)
 .debug_aranges
                0x0000000000000798       0x20 obj_cooja/mtype689.a(uip-nd6.o)
 .debug_aranges
                0x00000000000007b8       0x20 obj_cooja/mtype689.a(rpl-nbr-policy.)
 .debug_aranges
                0x00000000000007d8       0x20 obj_cooja/mtype689.a(frame802154.o)
 .debug_aranges
                0x00000000000007f8       0x20 obj_cooja/mtype689.a(mac.o)

.debug_pubnames
 *(.debug_pubnames)

.debug_info     0x0000000000000000    0x1d645
 *(.debug_info .gnu.linkonce.wi.*)
 .debug_info    0x0000000000000000      0xe6d udp-server.co
 .debug_info    0x0000000000000e6d     0x3ac4 obj_cooja/mtype689.o
 .debug_info    0x0000000000004931      0x15a obj_cooja/mtype689.a(simEnvChange.o)
 .debug_info    0x0000000000004a8b      0x1e2 obj_cooja/mtype689.a(cooja_mt.o)
 .debug_info    0x0000000000004c6d      0x2e7 obj_cooja/mtype689.a(cooja_mtarch.o)
 .debug_info    0x0000000000004f54      0x16b obj_cooja/mtype689.a(rtimer-arch.o)
 .debug_info    0x00000000000050bf      0x1f3 obj_cooja/mtype689.a(beep.o)
 .debug_info    0x00000000000052b2      0x257 obj_cooja/mtype689.a(button-sensor.o)
 .debug_info    0x0000000000005509      0x132 obj_cooja/mtype689.a(leds-arch.o)
 .debug_info    0x000000000000563b      0x10a obj_cooja/mtype689.a(moteid.o)