Archive member included to satisfy reference by file (symbol)

obj_cooja/mtype839.a(simEnvChange.o)
                              obj_cooja/mtype839.o (simDontFallAsleep)
obj_cooja/mtype839.a(cooja_mt.o)
                              obj_cooja/mtype839.o (cooja_mt_start)
obj_cooja/mtype839.a(cooja_mtarch.o)
                              obj_cooja/mtype839.a(cooja_mt.o) (cooja_mtarch_init)
obj_cooja/mtype839.a(rtimer-arch.o)
                              obj_cooja/mtype839.o (rtimer_arch_next)
obj_cooja/mtype839.a(beep.o)  obj_cooja/mtype839.o (beep_interface)
obj_cooja/mtype839.a(button-sensor.o)
                              obj_cooja/mtype839.o (button_interface)
obj_cooja/mtype839.a(leds-arch.o)
                              obj_cooja/mtype839.o (leds_interface)
obj_cooja/mtype839.a(moteid.o)
                              obj_cooja/mtype839.o (moteid_interface)
obj_cooja/mtype839.a(pir-sensor.o)
                              obj_cooja/mtype839.o (pir_interface)
obj_cooja/mtype839.a(rs232.o)
                              obj_cooja/mtype839.o (rs232_interface)
obj_cooja/mtype839.a(vib-sensor.o)
                              obj_cooja/mtype839.o (vib_interface)
obj_cooja/mtype839.a(clock.o)
                              obj_cooja/mtype839.o (clock_interface)
obj_cooja/mtype839.a(log.o)   obj_cooja/mtype839.o (simlog_interface)
obj_cooja/mtype839.a(cfs-cooja.o)
                              obj_cooja/mtype839.o (cfs_interface)
obj_cooja/mtype839.a(cooja-radio.o)
                              obj_cooja/mtype839.o (radio_interface)
obj_cooja/mtype839.a(eeprom.o)
                              obj_cooja/mtype839.o (eeprom_interface)
obj_cooja/mtype839.a(random.o)
                              obj_cooja/mtype839.a(moteid.o) (random_init)
obj_cooja/mtype839.a(sensors.o)
                              obj_cooja/mtype839.o (sensors_process)
obj_cooja/mtype839.a(dual_conf.o)
                              obj_cooja/mtype839.a(cooja-radio.o) (long_range_radio)
obj_cooja/mtype839.a(autostart.o)
                              obj_cooja/mtype839.o (autostart_start)
obj_cooja/mtype839.a(ctimer.o)
                              obj_cooja/mtype839.o (ctimer_init)
obj_cooja/mtype839.a(etimer.o)
                              obj_cooja/mtype839.o (etimer_process)
obj_cooja/mtype839.a(log_message.o)
                              obj_cooja/mtype839.o (log_initialization)
obj_cooja/mtype839.a(process.o)
                              udp-client.co (process_current)
obj_cooja/mtype839.a(residual.o)
                              udp-client.co (get_residual_energy)
obj_cooja/mtype839.a(rtimer.o)
                              obj_cooja/mtype839.a(rtimer-arch.o) (rtimer_run_next)
obj_cooja/mtype839.a(stimer.o)
                              udp-client.co (stimer_remaining)
obj_cooja/mtype839.a(timer.o)
                              obj_cooja/mtype839.a(button-sensor.o) (timer_set)
obj_cooja/mtype839.a(serial-line.o)
                              udp-client.co (serial_line_event_message)
obj_cooja/mtype839.a(list.o)  obj_cooja/mtype839.a(ctimer.o) (list_init)
obj_cooja/mtype839.a(ringbuf.o)
                              obj_cooja/mtype839.a(serial-line.o) (ringbuf_init)
obj_cooja/mtype839.a(sicslowpan.o)
                              obj_cooja/mtype839.o (sicslowpan_driver)
obj_cooja/mtype839.a(uip-ds6-nbr.o)
                              obj_cooja/mtype839.a(sicslowpan.o) (uip_ds6_link_neighbor_callback)
obj_cooja/mtype839.a(uip-ds6-route.o)
                              udp-client.co (uip_ds6_route_nexthop)
obj_cooja/mtype839.a(uip-ds6.o)
                              udp-client.co (uip_ds6_if)
obj_cooja/mtype839.a(uip6.o)  udp-client.co (uip_lladdr)
obj_cooja/mtype839.a(tcpip.o)
                              udp-client.co (tcpip_event)
obj_cooja/mtype839.a(uip-debug.o)
                              udp-client.co (uip_debug_ipaddr_print)
obj_cooja/mtype839.a(uip-packetqueue)
                              obj_cooja/mtype839.a(uip-ds6-nbr.o) (uip_packetqueue_new)
obj_cooja/mtype839.a(uip-udp-packet.)
                              udp-client.co (uip_udp_packet_sendto)
obj_cooja/mtype839.a(rpl-dag.o)
                              obj_cooja/mtype839.a(tcpip.o) (rpl_repair_root)
obj_cooja/mtype839.a(rpl-ext-header.)
                              obj_cooja/mtype839.a(uip6.o) (rpl_verify_header)
obj_cooja/mtype839.a(rpl-icmp6.o)
                              obj_cooja/mtype839.a(rpl-dag.o) (rpl_icmp6_update_nbr_table)
obj_cooja/mtype839.a(rpl-ltmax.o)
                              obj_cooja/mtype839.a(rpl-dag.o) (rpl_ltmax_of)
obj_cooja/mtype839.a(rpl-timers.o)
                              obj_cooja/mtype839.a(rpl-dag.o) (rpl_reset_dio_timer)
obj_cooja/mtype839.a(rpl.o)   obj_cooja/mtype839.a(rpl-icmp6.o) (rpl_get_mode)
obj_cooja/mtype839.a(framer-802154.o)
                              obj_cooja/mtype839.a(sicslowpan.o) (framer_802154)
obj_cooja/mtype839.a(nullmac.o)
                              obj_cooja/mtype839.o (nullmac_driver)
[...]
Memory Configuration

Name             Origin             Length             Attributes
*default*        0x0000000000000000 0xffffffffffffffff

Linker script and memory map

LOAD /usr/lib/gcc/i686-linux-gnu/4.8/../../../i386-linux-gnu/crti.o
LOAD /usr/lib/gcc/i686-linux-gnu/4.8/crtbeginS.o
LOAD udp-client.co
LOAD obj_cooja/mtype839.o
LOAD obj_cooja/mtype839.a
LOAD /usr/lib/gcc/i686-linux-gnu/4.8/libgcc.a
LOAD /usr/lib/gcc/i686-linux-gnu/4.8/libgcc_s.so
LOAD /usr/lib/gcc/i686-linux-gnu/4.8/../../../i386-linux-gnu/libc.so
START GROUP
LOAD /lib/i386-linux-gnu/libc.so.6
LOAD /usr/lib/i386-linux-gnu/libc_nonshared.a
LOAD /lib/i386-linux-gnu/ld-linux.so.2
END GROUP
LOAD /usr/lib/gcc/i686-linux-gnu/4.8/libgcc.a
LOAD /usr/lib/gcc/i686-linux-gnu/4.8/libgcc_s.so
LOAD /usr/lib/gcc/i686-linux-gnu/4.8/crtendS.o
LOAD /usr/lib/gcc/i686-linux-gnu/4.8/../../../i386-linux-gnu/crtn.o
                0x0000000000000114                . = (0x0 + SIZEOF_HEADERS)

.note.gnu.build-id
                0x0000000000000114       0x24
 *(.note.gnu.build-id)
 .note.gnu.build-id
                0x0000000000000114       0x24 /usr/lib/gcc/i686-linux-gnu/4.8/../../../i386-linux-gnu/crti.o

.hash
 *(.hash)

.gnu.hash       0x0000000000000138     0x1374
 *(.gnu.hash)
 .gnu.hash      0x0000000000000138     0x1374 /usr/lib/gcc/i686-linux-gnu/4.8/../../../i386-linux-gnu/crti.o

.dynsym         0x00000000000014ac     0x2630
 *(.dynsym)
 .dynsym        0x00000000000014ac     0x2630 /usr/lib/gcc/i686-linux-gnu/4.8/../../../i386-linux-gnu/crti.o

.dynstr         0x0000000000003adc     0x275a
 *(.dynstr)
 .dynstr        0x0000000000003adc     0x275a /usr/lib/gcc/i686-linux-gnu/4.8/../../../i386-linux-gnu/crti.o

.gnu.version    0x0000000000006236      0x4c6
 *(.gnu.version)
 .gnu.version   0x0000000000006236      0x4c6 /usr/lib/gcc/i686-linux-gnu/4.8/../../../i386-linux-gnu/crti.o

.gnu.version_d  0x00000000000066fc        0x0
 *(.gnu.version_d)
 .gnu.version_d
                0x0000000000000000        0x0 /usr/lib/gcc/i686-linux-gnu/4.8/../../../i386-linux-gnu/crti.o

.gnu.version_r  0x00000000000066fc       0x50
 *(.gnu.version_r)
 .gnu.version_r
                0x00000000000066fc       0x50 /usr/lib/gcc/i686-linux-gnu/4.8/../../../i386-linux-gnu/crti.o

.rel.dyn        0x000000000000674c     0x9408
 *(.rel.init)
 .rel.init      0x0000000000000000        0x0 /usr/lib/gcc/i686-linux-gnu/4.8/../../../i386-linux-gnu/crti.o
 *(.rel.text .rel.text.* .rel.gnu.linkonce.t.*)
 .rel.text      0x000000000000674c     0x8c68 /usr/lib/gcc/i686-linux-gnu/4.8/../../../i386-linux-gnu/crti.o
 *(.rel.fini)
 .rel.fini      0x0000000000000000        0x0 /usr/lib/gcc/i686-linux-gnu/4.8/../../../i386-linux-gnu/crti.o
 *(.rel.rodata .rel.rodata.* .rel.gnu.linkonce.r.*)
 .rel.rodata    0x000000000000f3b4      0x4e0 /usr/lib/gcc/i686-linux-gnu/4.8/../../../i386-linux-gnu/crti.o
 *(.rel.data.rel.ro .rel.data.rel.ro.* .rel.gnu.linkonce.d.rel.ro.*)
 *(.rel.data .rel.data.* .rel.gnu.linkonce.d.*)
 .rel.data.rel  0x000000000000f894        0x8 /usr/lib/gcc/i686-linux-gnu/4.8/../../../i386-linux-gnu/crti.o
 .rel.data      0x000000000000f89c      0x280 /usr/lib/gcc/i686-linux-gnu/4.8/../../../i386-linux-gnu/crti.o
 *(.rel.tdata .rel.tdata.* .rel.gnu.linkonce.td.*)
 *(.rel.tbss .rel.tbss.* .rel.gnu.linkonce.tb.*)
 *(.rel.ctors)
 *(.rel.dtors)
 *(.rel.got)
 .rel.got       0x000000000000fb1c       0x28 /usr/lib/gcc/i686-linux-gnu/4.8/../../../i386-linux-gnu/crti.o
 *(.rel.bss .rel.bss.* .rel.gnu.linkonce.b.*)
 *(.rel.ifunc)
 .rel.ifunc     0x0000000000000000        0x0 /usr/lib/gcc/i686-linux-gnu/4.8/../../../i386-linux-gnu/crti.o
 .rel.fini_array
                0x000000000000fb44        0x8 /usr/lib/gcc/i686-linux-gnu/4.8/../../../i386-linux-gnu/crti.o
 .rel.init_array
                0x000000000000fb4c        0x8 /usr/lib/gcc/i686-linux-gnu/4.8/../../../i386-linux-gnu/crti.o

.rel.plt        0x000000000000fb54       0x10
 *(.rel.plt)
 .rel.plt       0x000000000000fb54       0x10 /usr/lib/gcc/i686-linux-gnu/4.8/../../../i386-linux-gnu/crti.o
 *(.rel.iplt)

.init           0x000000000000fb64       0x23
 *(SORT(.init))
 .init          0x000000000000fb64       0x1e /usr/lib/gcc/i686-linux-gnu/4.8/../../../i386-linux-gnu/crti.o
                0x000000000000fb64                _init
 .init          0x000000000000fb82        0x5 /usr/lib/gcc/i686-linux-gnu/4.8/../../../i386-linux-gnu/crtn.o

.plt            0x000000000000fb90       0x30
 *(.plt)
 .plt           0x000000000000fb90       0x30 /usr/lib/gcc/i686-linux-gnu/4.8/../../../i386-linux-gnu/crti.o
 *(.iplt)

.text           0x000000000000fbc0    0x169e3
 *(.text.unlikely .text.*_unlikely .text.unlikely.*)
 *(.text.exit .text.exit.*)
 *(.text.startup .text.startup.*)
 *(.text.hot .text.hot.*)
 *(.text .stub .text.* .gnu.linkonce.t.*)
 .text          0x000000000000fbc0        0x0 /usr/lib/gcc/i686-linux-gnu/4.8/../../../i386-linux-gnu/crti.o
 .gnu.linkonce.t.__x86.get_pc_thunk.bx
                0x000000000000fbc0        0x4 /usr/lib/gcc/i686-linux-gnu/4.8/../../../i386-linux-gnu/crti.o
                0x000000000000fbc0                __x86.get_pc_thunk.bx
 *fill*         0x000000000000fbc4        0xc 
 .text          0x000000000000fbd0      0x11b /usr/lib/gcc/i686-linux-gnu/4.8/crtbeginS.o
 .text          0x000000000000fceb      0x790 udp-client.co
 .text          0x000000000001047b      0x96a obj_cooja/mtype839.o
                0x0000000000010629                contiki_init
                0x0000000000010bfc                Java_org_contikios_cooja_corecomm_Lib21_init
                0x0000000000010c3c                Java_org_contikios_cooja_corecomm_Lib21_getMemory
                0x0000000000010c7c                Java_org_contikios_cooja_corecomm_Lib21_setMemory
                0x0000000000010cf3                Java_org_contikios_cooja_corecomm_Lib21_tick
                0x0000000000010dd3                Java_org_contikios_cooja_corecomm_Lib21_setReferenceAddress
 .text          0x0000000000010de5       0x63 obj_cooja/mtype839.a(simEnvChange.o)
                0x0000000000010de5                doActionsBeforeTick
                0x0000000000010e16                doActionsAfterTick
 .text          0x0000000000010e48       0xbc obj_cooja/mtype839.a(cooja_mt.o)
                0x0000000000010e48                cooja_mt_init
                0x0000000000010e55                cooja_mt_remove
                0x0000000000010e62                cooja_mt_start
                0x0000000000010e8f                cooja_mt_exec
                0x0000000000010ec0                cooja_mt_exit
                0x0000000000010ee2                cooja_mt_yield
 .text          0x0000000000010f04      0x115 obj_cooja/mtype839.a(cooja_mtarch.o)
                0x0000000000010f04                cooja_mtarch_init
                0x0000000000010f09                cooja_mtarch_start
                0x0000000000010f84                cooja_sw
                0x0000000000010fa6                cooja_mtarch_exec
                0x0000000000010fc2                cooja_mtarch_remove
                0x0000000000010fc7                cooja_mtarch_yield
                0x0000000000010fd1                cooja_mtarch_pstop
                0x0000000000010fd6                cooja_mtarch_pstart
                0x0000000000010fdb                cooja_mtarch_stack_usage
 .text          0x0000000000011019       0xc2 obj_cooja/mtype839.a(rtimer-arch.o)
                0x0000000000011019                rtimer_arch_init
                0x000000000001103c                rtimer_arch_schedule
                0x0000000000011053                rtimer_arch_next
                0x000000000001105d                rtimer_arch_pending
                0x0000000000011067                rtimer_arch_check
                0x0000000000011099                rtimer_arch_now
 .text          0x00000000000110db       0x76 obj_cooja/mtype839.a(beep.o)
                0x00000000000110db                beep_alarm
                0x00000000000110e7                beep_beep
                0x00000000000110f3                beep
                0x00000000000110ff                beep_down
                0x000000000001110b                beep_on
                0x0000000000011117                beep_off
                0x0000000000011123                beep_spinup
                0x000000000001112f                beep_quick
                0x000000000001113b                beep_long
 .text          0x0000000000011151      0x103 obj_cooja/mtype839.a(button-sensor.o)
 .text          0x0000000000011254       0x45 obj_cooja/mtype839.a(leds-arch.o)
                0x0000000000011254                leds_arch_init
                0x0000000000011260                leds_arch_get
                0x000000000001126c                leds_arch_set
 .text          0x0000000000011299       0x2f obj_cooja/mtype839.a(moteid.o)
 .text          0x00000000000112c8       0xb1 obj_cooja/mtype839.a(pir-sensor.o)
 .text          0x0000000000011379      0x131 obj_cooja/mtype839.a(rs232.o)
                0x0000000000011379                rs232_init
                0x000000000001137e                rs232_set_speed
                0x000000000001138c                rs232_set_input
                0x0000000000011399                rs232_send
                0x00000000000113bb                rs232_print
                0x00000000000113d6                slip_arch_writeb
 .text          0x00000000000114aa       0xb1 obj_cooja/mtype839.a(vib-sensor.o)
 .text          0x000000000001155b       0x34 obj_cooja/mtype839.a(clock.o)
                0x000000000001155b                clock_init
                0x0000000000011560                clock_time
                0x000000000001156a                clock_seconds
                0x0000000000011580                clock_delay
 .text          0x000000000001158f      0x1ed obj_cooja/mtype839.a(log.o)
                0x000000000001158f                simlog_char
                0x00000000000115d1                simlog
                0x000000000001163e                log_message
                0x0000000000011666                log_set_putchar_with_slip
                0x0000000000011673                log_putchar
                0x00000000000116f7                log_puts
                0x000000000001171b                log_printf
 .text          0x000000000001177c      0x2c4 obj_cooja/mtype839.a(cfs-cooja.o)
                0x000000000001177c                cfs_open
                0x00000000000117e5                cfs_close
                0x00000000000117f1                cfs_read
                0x000000000001188f                cfs_write
                0x000000000001196c                cfs_seek
                0x00000000000119f4                cfs_remove
                0x0000000000011a1d                cfs_opendir
                0x0000000000011a27                cfs_readdir
                0x0000000000011a31                cfs_closedir
 .text          0x0000000000011a40      0x687 obj_cooja/mtype839.a(cooja-radio.o)
                0x0000000000011a6a                radio_set_channel
                0x0000000000011a7f                radio_set_txpower
                0x0000000000011a9f                radio_signal_strength_last
                0x0000000000011aa9                radio_signal_strength_current
                0x0000000000011ab3                radio_LQI
 .text          0x00000000000120c7       0xef obj_cooja/mtype839.a(eeprom.o)
                0x00000000000120c7                eeprom_init
                0x00000000000120cc                eeprom_read
                0x000000000001213c                eeprom_write
 .text          0x00000000000121b6       0x28 obj_cooja/mtype839.a(random.o)
                0x00000000000121b6                random_init
                0x00000000000121d1                random_rand
 .text          0x00000000000121de      0x2a1 obj_cooja/mtype839.a(sensors.o)
                0x0000000000012219                sensors_first
                0x0000000000012223                sensors_next
                0x0000000000012240                sensors_changed
                0x000000000001226f                sensors_find
 .text          0x000000000001247f      0x34b obj_cooja/mtype839.a(dual_conf.o)
                0x000000000001247f                dual_radio_switch
                0x00000000000124bf                dual_radio_change
                0x00000000000124f9                sending_in_LR
                0x0000000000012524                dual_radio_received
                0x0000000000012577                radio_received_is_longrange
                0x0000000000012592                dual_radio_turn_on
                0x00000000000125b5                dual_radio_turn_off
                0x0000000000012780                dio_broadcast
                0x00000000000127a9                dis_broadcast
 .text          0x00000000000127ca       0x8e obj_cooja/mtype839.a(autostart.o)
                0x00000000000127ca                autostart_start
                0x0000000000012815                autostart_exit
 .text          0x0000000000012858      0x334 obj_cooja/mtype839.a(ctimer.o)
                0x000000000001296f                ctimer_init
                0x000000000001299f                ctimer_set
                0x00000000000129d0                ctimer_set_with_process
                0x0000000000012a4c                ctimer_reset
                0x0000000000012a9b                ctimer_restart
                0x0000000000012aea                ctimer_stop
                0x0000000000012b35                ctimer_expired
 .text          0x0000000000012b8c      0x40b obj_cooja/mtype839.a(etimer.o)
                0x0000000000012d9f                etimer_request_poll
                0x0000000000012e23                etimer_set
                0x0000000000012e48                etimer_reset_with_new_interval
                0x0000000000012e6f                etimer_reset
                0x0000000000012e8d                etimer_restart
                0x0000000000012eab                etimer_adjust
                0x0000000000012ec7                etimer_expired
                0x0000000000012eda                etimer_expiration_time
                0x0000000000012eec                etimer_start_time
                0x0000000000012ef6                etimer_pending
                0x0000000000012f08                etimer_next_expiration_time
                0x0000000000012f22                etimer_stop
 .text          0x0000000000012f97       0xdd obj_cooja/mtype839.a(log_message.o)
                0x0000000000012f97                log_initialization
                0x0000000000013053                log_finisher
 .text          0x0000000000013074      0x560 obj_cooja/mtype839.a(process.o)
                0x0000000000013074                process_alloc_event
                0x0000000000013089                process_start
                0x0000000000013272                process_exit
                0x000000000001328e                process_init
                0x000000000001345f                process_run
                0x0000000000013492                process_nevents
                0x00000000000134ad                process_post
                0x0000000000013559                process_post_synch
                0x0000000000013591                process_poll
                0x00000000000135c0                process_is_running
 .text          0x00000000000135d4       0xd3 obj_cooja/mtype839.a(residual.o)
                0x00000000000135d4                get_residual_energy
 .text          0x00000000000136a7       0xba obj_cooja/mtype839.a(rtimer.o)
                0x00000000000136a7                rtimer_init
                0x00000000000136b4                rtimer_set
                0x000000000001370b                rtimer_run_next
 .text          0x0000000000013761       0xa3 obj_cooja/mtype839.a(stimer.o)
                0x0000000000013761                stimer_set
                0x000000000001377c                stimer_reset
                0x0000000000013793                stimer_restart
                0x00000000000137a5                stimer_expired
                0x00000000000137cc                stimer_remaining
                0x00000000000137f0                stimer_elapsed
 .text          0x0000000000013804       0x91 obj_cooja/mtype839.a(timer.o)
                0x0000000000013804                timer_set
                0x000000000001381f                timer_reset
                0x0000000000013836                timer_restart
                0x0000000000013848                timer_expired
                0x0000000000013871                timer_remaining
 .text          0x0000000000013895      0x1fb obj_cooja/mtype839.a(serial-line.o)
                0x0000000000013895                serial_line_input_byte
                0x0000000000013a58                serial_line_init
 .text          0x0000000000013a90      0x244 obj_cooja/mtype839.a(list.o)
                0x0000000000013a90                list_init
                0x0000000000013a9e                list_head
                0x0000000000013aa8                list_copy
                0x0000000000013ab7                list_tail
                0x0000000000013aed                list_add
                0x0000000000013b36                list_push
                0x0000000000013b62                list_chop
                0x0000000000013bcc                list_pop
                0x0000000000013bf4                list_remove
                0x0000000000013c5b                list_length
                0x0000000000013c89                list_insert
                0x0000000000013cbd                list_item_next
 .text          0x0000000000013cd4      0x155 obj_cooja/mtype839.a(ringbuf.o)
                0x0000000000013cd4                ringbuf_init
                0x0000000000013d05                ringbuf_put
                0x0000000000013d83                ringbuf_get
                0x0000000000013df0                ringbuf_size
                0x0000000000013e02                ringbuf_elements
 .text          0x0000000000013e29     0x258b obj_cooja/mtype839.a(sicslowpan.o)
                0x00000000000143b3                rime_sniffer_add
                0x00000000000143c0                rime_sniffer_remove
                0x0000000000016353                sicslowpan_init
                0x00000000000163aa                sicslowpan_get_last_rssi
 .text          0x00000000000163b4      0x2dc obj_cooja/mtype839.a(uip-ds6-nbr.o)
                0x00000000000163d1                uip_ds6_neighbors_init
                0x00000000000163ee                uip_ds6_nbr_add
                0x000000000001649f                uip_ds6_nbr_rm
                0x00000000000164fc                uip_ds6_nbr_get_ipaddr
                0x0000000000016511                uip_ds6_nbr_get_ll
                0x000000000001652d                uip_ds6_nbr_num
                0x0000000000016572                uip_ds6_nbr_lookup
                0x00000000000165d7                uip_ds6_nbr_ll_lookup
                0x00000000000165f3                uip_ds6_nbr_ipaddr_from_lladdr
                0x0000000000016619                uip_ds6_nbr_lladdr_from_ipaddr
                0x0000000000016647                uip_ds6_link_neighbor_callback
 .text          0x0000000000016690      0x916 obj_cooja/mtype839.a(uip-ds6-route.o)
                0x0000000000016707                uip_ds6_notification_add
                0x0000000000016738                uip_ds6_notification_rm
                0x0000000000016754                uip_ds6_route_init
                0x00000000000167dc                uip_ds6_route_nexthop
                0x0000000000016804                uip_ds6_route_head
                0x0000000000016819                uip_ds6_route_next
                0x000000000001683f                uip_ds6_route_is_nexthop
                0x000000000001687e                uip_ds6_route_num_routes
                0x0000000000016888                uip_ds6_route_lookup
                0x000000000001694a                uip_ds6_route_add
                0x0000000000016b7e                uip_ds6_route_rm
                0x0000000000016d12                uip_ds6_route_rm_by_nexthop
                0x0000000000016d4a                uip_ds6_defrt_add
                0x0000000000016dfb                uip_ds6_defrt_rm
                0x0000000000016e7a                uip_ds6_defrt_lookup
                0x0000000000016ed3                uip_ds6_defrt_choose
                0x0000000000016f3e                uip_ds6_defrt_periodic
 .text          0x0000000000016fa6     0x12ad obj_cooja/mtype839.a(uip-ds6.o)
                0x0000000000016fa6                uip_ds6_init
                0x00000000000172fb                uip_ds6_periodic
                0x00000000000173d3                uip_ds6_list_loop
                0x000000000001747a                uip_ds6_prefix_add
                0x0000000000017538                uip_ds6_prefix_rm
                0x000000000001754a                uip_ds6_prefix_lookup
                0x000000000001759b                uip_ds6_is_addr_onlink
                0x000000000001760f                uip_ds6_addr_add
                0x000000000001773d                uip_ds6_long_addr_add
                0x000000000001786b                uip_ds6_addr_rm
                0x000000000001790b                uip_ds6_addr_lookup
                0x0000000000017956                uip_ds6_long_addr_lookup
                0x00000000000179a1                uip_ds6_get_link_local
                0x0000000000017a20                uip_ds6_long_get_link_local
                0x0000000000017a9f                uip_ds6_get_global
                0x0000000000017b1e                uip_ds6_long_get_global
                0x0000000000017b9d                uip_ds6_maddr_add
                0x0000000000017c0f                uip_ds6_long_maddr_add
                0x0000000000017c81                uip_ds6_maddr_rm
                0x0000000000017c93                uip_ds6_maddr_lookup
                0x0000000000017cde                uip_ds6_long_maddr_lookup
                0x0000000000017d29                uip_ds6_aaddr_add
                0x0000000000017d9b                uip_ds6_long_aaddr_add
                0x0000000000017e0d                uip_ds6_aaddr_rm
                0x0000000000017e1f                uip_ds6_aaddr_lookup
                0x0000000000017e6a                uip_ds6_long_aaddr_lookup
                0x0000000000017eb5                uip_ds6_select_src
                0x000000000001813e                uip_ds6_set_addr_iid
                0x0000000000018175                get_match_length
                0x0000000000018207                uip_ds6_compute_reachable_time
 .text          0x0000000000018253     0x29f3 obj_cooja/mtype839.a(uip6.o)
                0x0000000000018253                uip_add32
                0x00000000000183ec                uip_chksum
                0x00000000000184da                uip_icmp6chksum
                0x00000000000184ee                uip_tcpchksum
                0x0000000000018502                uip_udpchksum
                0x0000000000018516                uip_init
                0x00000000000185e6                uip_connect
                0x0000000000018795                remove_ext_hdr
                0x000000000001886a                uip_udp_new
                0x00000000000189c6                uip_unlisten
                0x0000000000018a26                uip_listen
                0x0000000000018ce8                uip_process
                0x000000000001ab3a                uip_htons
                0x000000000001ab5c                uip_htonl
                0x000000000001ab9c                uip_send
 .text          0x000000000001ac46      0xb43 obj_cooja/mtype839.a(tcpip.o)
                0x000000000001ac46                tcpip_output
                0x000000000001ac74                tcpip_set_outputfunc
                0x000000000001ad08                tcp_connect
                0x000000000001ad5d                tcp_unlisten
                0x000000000001adb8                tcp_listen
                0x000000000001ae11                tcp_attach
                0x000000000001ae36                udp_attach
                0x000000000001ae5b                udp_new
                0x000000000001aead                udp_broadcast_new
                0x000000000001b121                tcpip_input
                0x000000000001b155                tcpip_ipv6_output
                0x000000000001b5cf                tcpip_poll_udp
                0x000000000001b5f2                tcpip_poll_tcp
                0x000000000001b615                tcpip_uipcall
 .text          0x000000000001b789      0x1c1 obj_cooja/mtype839.a(uip-debug.o)
                0x000000000001b789                uip_debug_ipaddr_print
                0x000000000001b8eb                uip_debug_lladdr_print
 .text          0x000000000001b94a      0x141 obj_cooja/mtype839.a(uip-packetqueue)
                0x000000000001b976                uip_packetqueue_new
                0x000000000001b984                uip_packetqueue_alloc
                0x000000000001b9e4                uip_packetqueue_free
                0x000000000001ba25                uip_packetqueue_buf
                0x000000000001ba42                uip_packetqueue_buflen
                0x000000000001ba63                uip_packetqueue_set_buflen
 .text          0x000000000001ba8b      0x131 obj_cooja/mtype839.a(uip-udp-packet.)
                0x000000000001ba8b                uip_udp_packet_send
                0x000000000001baeb                uip_udp_packet_sendto
 .text          0x000000000001bbbc     0x26b3 obj_cooja/mtype839.a(rpl-dag.o)
                0x000000000001bbbc                rpl_lr_in_child
                0x000000000001bc74                rpl_print_neighbor_list
                0x000000000001bd1d                rpl_print_child_neighbor_list
                0x000000000001bd92                rpl_get_nbr
                0x000000000001bdec                rpl_get_nbr_child
                0x000000000001be46                rpl_dag_init
                0x000000000001be78                rpl_get_parent
                0x000000000001be9a                rpl_get_parent_rank
                0x000000000001becd                rpl_get_parent_link_metric
                0x000000000001bf00                rpl_get_parent_ipaddr
                0x000000000001bf2a                rpl_get_child_ipaddr
                0x000000000001c245                rpl_set_root
                0x000000000001c473                rpl_repair_root
                0x000000000001c6af                rpl_set_prefix
                0x000000000001c7ae                rpl_set_default_route
                0x000000000001c83a                rpl_alloc_instance
                0x000000000001c8cd                rpl_alloc_dag
                0x000000000001c980                rpl_set_default_instance
                0x000000000001c98d                rpl_get_default_instance
                0x000000000001c997                rpl_free_instance
                0x000000000001ca48                rpl_free_dag
                0x000000000001caae                rpl_add_parent
                0x000000000001cb97                rpl_find_parent
                0x000000000001cbc7                rpl_add_child
                0x000000000001cc6b                rpl_find_child
                0x000000000001ccb9                rpl_find_parent_any_dag
                0x000000000001ccf5                rpl_select_dag
                0x000000000001d118                rpl_select_parent
                0x000000000001d17a                rpl_remove_parent
                0x000000000001d1b0                rpl_remove_child
                0x000000000001d1cc                rpl_nullify_parent
                0x000000000001d26a                rpl_move_parent
                0x000000000001d307                rpl_has_downward_route
                0x000000000001d35a                rpl_get_any_dag
                0x000000000001d3bc                rpl_get_instance
                0x000000000001d41f                rpl_find_of
                0x000000000001d45c                rpl_join_instance
                0x000000000001d6f8                rpl_add_dag
                0x000000000001dae7                rpl_local_repair
                0x000000000001dbc0                rpl_recalculate_ranks
                0x000000000001dc46                rpl_process_parent_event
                0x000000000001dcf8                rpl_process_dio
 .text          0x000000000001e26f      0xbf3 obj_cooja/mtype839.a(rpl-ext-header.)
                0x000000000001e28c                rpl_verify_header
                0x000000000001e706                rpl_update_header_empty
                0x000000000001ea1d                rpl_update_header_final
                0x000000000001ebac                rpl_remove_header
                0x000000000001ecb6                rpl_invert_header
                0x000000000001ee40                rpl_insert_header
 .text          0x000000000001ee62     0x22e1 obj_cooja/mtype839.a(rpl-icmp6.o)
                0x000000000001f12b                rpl_icmp6_update_nbr_table
                0x000000000001f21b                dis_output
                0x000000000001fb53                dio_output
                0x0000000000020cae                dao_output
                0x0000000000020d76                dao_output_target
                0x00000000000210f7                dao_ack_output
                0x000000000002110b                rpl_icmp6_register_handlers
 .text          0x0000000000021143      0x3dc obj_cooja/mtype839.a(rpl-ltmax.o)
 .text          0x000000000002151f      0x81b obj_cooja/mtype839.a(rpl-timers.o)
                0x000000000002151f                rpl_LSA_convergence_timer
                0x000000000002154b                rpl_reset_LSA_convergence_timer
                0x00000000000217cd                rpl_reset_periodic_timer
                0x0000000000021822                rpl_reset_dio_timer
                0x0000000000021a5c                rpl_schedule_dao
                0x0000000000021a77                rpl_schedule_dao_immediately
                0x0000000000021a92                rpl_cancel_dao
                0x0000000000021af4                rpl_schedule_unicast_dio_immediately
                0x0000000000021ce2                rpl_schedule_probing
 .text          0x0000000000021d3a      0x5d1 obj_cooja/mtype839.a(rpl.o)
                0x0000000000021d3a                rpl_get_mode
                0x0000000000021d44                rpl_set_mode
                0x0000000000021dd2                rpl_purge_routes
                0x0000000000021ecc                rpl_remove_routes
                0x0000000000021f12                rpl_remove_routes_by_nexthop
                0x0000000000021f7e                rpl_add_route
                0x0000000000021ff9                rpl_link_neighbor_callback
                0x00000000000220fe                rpl_ipv6_neighbor_callback
                0x000000000002216d                rpl_purge_dags
                0x0000000000022279                rpl_init
 .text          0x000000000002230b      0x3f5 obj_cooja/mtype839.a(framer-802154.o)
 .text          0x0000000000022700       0x5e obj_cooja/mtype839.a(nullmac.o)
 .text          0x000000000002275e      0xf93 obj_cooja/mtype839.a(cxmac.o)
                0x0000000000023641                cxmac_set_announcement_radio_txpower
                0x0000000000023646                cxmac_init
 .text          0x00000000000236f1       0x82 obj_cooja/mtype839.a(linkaddr.o)
                0x00000000000236f1                linkaddr_copy
                0x0000000000023713                linkaddr_cmp
                0x000000000002373d                linkaddr_set_node_addr
                0x0000000000023758                linkaddr_set_node_long_addr
 .text          0x0000000000023773      0x915 obj_cooja/mtype839.a(nbr-table.o)
                0x0000000000023773                long_ip_from_lladdr_map
                0x00000000000237fc                lladdr_map_add_lr
                0x00000000000238b9                lladdr_map_rm_lr
                0x0000000000023d7e                nbr_table_register
                0x0000000000023dc6                nbr_table_head
                0x0000000000023e22                nbr_table_next
                0x0000000000023e89                nbr_table_add_lladdr
                0x0000000000023f65                nbr_table_get_from_lladdr
                0x0000000000023fb2                nbr_table_remove
                0x0000000000024004                nbr_table_lock
                0x000000000002402e                nbr_table_unlock
                0x0000000000024058                nbr_table_get_lladdr
 .text          0x0000000000024088       0x2b obj_cooja/mtype839.a(netstack.o)
                0x0000000000024088                netstack_init
 .text          0x00000000000240b3      0x3cd obj_cooja/mtype839.a(packetbuf.o)
                0x00000000000240b3                packetbuf_clear
                0x00000000000240dd                packetbuf_copyfrom
                0x000000000002412f                packetbuf_compact
                0x00000000000241ac                packetbuf_copyto
                0x0000000000024243                packetbuf_hdralloc
                0x00000000000242c0                packetbuf_hdrreduce
                0x0000000000024308                packetbuf_set_datalen
                0x0000000000024321                packetbuf_dataptr
                0x000000000002433e                packetbuf_hdrptr
                0x0000000000024348                packetbuf_datalen
                0x0000000000024354                packetbuf_hdrlen
                0x000000000002436b                packetbuf_totlen
                0x0000000000024381                packetbuf_attr_clear
                0x00000000000243d3                packetbuf_attr_copyto
                0x000000000002441c                packetbuf_attr_copyfrom
                0x0000000000024464                packetbuf_holds_broadcast
 .text          0x0000000000024480      0x2b4 obj_cooja/mtype839.a(queuebuf.o)
                0x000000000002448a                queuebuf_init
                0x00000000000244aa                queuebuf_numfree
                0x00000000000244be                queuebuf_new_from_packetbuf
                0x000000000002454e                queuebuf_update_attr_from_packetbuf
                0x0000000000024581                queuebuf_update_from_packetbuf
                0x00000000000245cb                queuebuf_free
                0x0000000000024612                queuebuf_to_packetbuf
                0x0000000000024678                queuebuf_dataptr
                0x00000000000246af                queuebuf_datalen
                0x00000000000246d2                queuebuf_addr
                0x0000000000024704                queuebuf_attr
                0x000000000002472f                queuebuf_debug_print
 .text          0x0000000000024734       0x6e obj_cooja/mtype839.a(nullsec.o)
 .text          0x00000000000247a2       0x19 obj_cooja/mtype839.a(watchdog.o)
                0x00000000000247a2                watchdog_init
                0x00000000000247a7                watchdog_start
                0x00000000000247ac                watchdog_periodic
                0x00000000000247b1                watchdog_stop
                0x00000000000247b6                watchdog_reboot
 .text          0x00000000000247bb        0x0 obj_cooja/mtype839.a(rimestats.o)
 .text          0x00000000000247bb      0x134 obj_cooja/mtype839.a(leds.o)
                0x000000000002480c                leds_init
                0x0000000000024820                leds_blink
                0x0000000000024858                leds_get
                0x0000000000024865                leds_set
                0x000000000002487f                leds_on
                0x00000000000248a2                leds_off
                0x00000000000248cc                leds_toggle
 .text          0x00000000000248ef      0x1c1 obj_cooja/mtype839.a(memb.o)
                0x00000000000248ef                memb_init
                0x000000000002494d                memb_alloc
                0x00000000000249b2                memb_free
                0x0000000000024a2d                memb_inmemb
                0x0000000000024a6c                memb_numfree
 .text          0x0000000000024ab0      0xab2 obj_cooja/mtype839.a(uip-icmp6.o)
                0x0000000000024b1e                uip_icmp6_input
                0x0000000000024b74                uip_icmp6_register_input_handler
                0x0000000000024e3c                uip_icmp6_error_output
                0x0000000000025181                uip_icmp6_send
                0x00000000000254f5                uip_icmp6_echo_reply_callback_add
                0x0000000000025526                uip_icmp6_echo_reply_callback_rm
                0x0000000000025542                uip_icmp6_init
 .text          0x0000000000025562      0x358 obj_cooja/mtype839.a(uip-nd6.o)
                0x00000000000255b6                uip_nd6_ns_output
                0x00000000000258b5                uip_nd6_init
 .text          0x00000000000258ba      0x331 obj_cooja/mtype839.a(rpl-nbr-policy.)
                0x0000000000025a92                find_removable_dis
                0x0000000000025ab5                find_removable_dio
                0x0000000000025b44                find_removable_dao
                0x0000000000025b94                rpl_nbr_policy_find_removable
 .text          0x0000000000025beb      0x97c obj_cooja/mtype839.a(frame802154.o)
                0x0000000000025c1c                frame802154_get_pan_id
                0x0000000000025c28                frame802154_set_pan_id
                0x0000000000025c41                frame802154_has_panid
                0x0000000000025d2d                frame802154_check_dest_panid
                0x0000000000025d95                frame802154_is_broadcast_addr
                0x0000000000025de2                frame802154_extract_linkaddr
                0x0000000000026022                frame802154_hdrlen
                0x0000000000026073                frame802154_create
                0x000000000002625e                frame802154_parse
 .text          0x0000000000026567       0x3c obj_cooja/mtype839.a(mac.o)
                0x0000000000026567                mac_call_sent_callback
 .text          0x00000000000265a3        0x0 /usr/lib/gcc/i686-linux-gnu/4.8/crtendS.o
 .text          0x00000000000265a3        0x0 /usr/lib/gcc/i686-linux-gnu/4.8/../../../i386-linux-gnu/crtn.o
 *(.gnu.warning)

.fini           0x00000000000265a4       0x14
 *(SORT(.fini))
 .fini          0x00000000000265a4        0xf /usr/lib/gcc/i686-linux-gnu/4.8/../../../i386-linux-gnu/crti.o
                0x00000000000265a4                _fini
 .fini          0x00000000000265b3        0x5 /usr/lib/gcc/i686-linux-gnu/4.8/../../../i386-linux-gnu/crtn.o
                0x00000000000265b8                PROVIDE (__etext, .)
                0x00000000000265b8                PROVIDE (_etext, .)
                0x00000000000265b8                PROVIDE (etext, .)

.rodata         0x00000000000265c0      0xb60
 *(.rodata .rodata.* .gnu.linkonce.r.*)
 .rodata        0x00000000000265c0      0x2da udp-client.co
                0x00000000000265d4                autostart_processes
 *fill*         0x000000000002689a        0x2 
 .rodata        0x000000000002689c      0x1e6 obj_cooja/mtype839.o
 *fill*         0x0000000000026a82        0x2 
 .rodata        0x0000000000026a84        0x8 obj_cooja/mtype839.a(beep.o)
                0x0000000000026a84                beep_interface
 .rodata        0x0000000000026a8c       0x20 obj_cooja/mtype839.a(button-sensor.o)
                0x0000000000026a8c                button_interface
                0x0000000000026a9c                button_sensor
 .rodata        0x0000000000026aac        0x8 obj_cooja/mtype839.a(leds-arch.o)
                0x0000000000026aac                leds_interface
 .rodata        0x0000000000026ab4        0x8 obj_cooja/mtype839.a(moteid.o)
                0x0000000000026ab4                moteid_interface
 .rodata        0x0000000000026abc       0x1c obj_cooja/mtype839.a(pir-sensor.o)
                0x0000000000026abc                pir_interface
                0x0000000000026ac8                pir_sensor
 .rodata        0x0000000000026ad8        0xe obj_cooja/mtype839.a(rs232.o)
                0x0000000000026ad8                rs232_interface
 *fill*         0x0000000000026ae6        0x2 
 .rodata        0x0000000000026ae8       0x24 obj_cooja/mtype839.a(vib-sensor.o)
                0x0000000000026ae8                vib_interface
                0x0000000000026afc                vib_sensor
 .rodata        0x0000000000026b0c        0x8 obj_cooja/mtype839.a(clock.o)
                0x0000000000026b0c                clock_interface
 .rodata        0x0000000000026b14        0x8 obj_cooja/mtype839.a(log.o)
                0x0000000000026b14                simlog_interface
 .rodata        0x0000000000026b1c       0x2f obj_cooja/mtype839.a(cfs-cooja.o)
                0x0000000000026b1c                cfs_interface
 *fill*         0x0000000000026b4b       0x15 
 .rodata        0x0000000000026b60       0x60 obj_cooja/mtype839.a(cooja-radio.o)
                0x0000000000026b80                cooja_radio_driver
                0x0000000000026bb8                radio_interface
 .rodata        0x0000000000026bc0        0x8 obj_cooja/mtype839.a(eeprom.o)
                0x0000000000026bc0                eeprom_interface
 .rodata        0x0000000000026bc8        0x8 obj_cooja/mtype839.a(sensors.o)
 .rodata        0x0000000000026bd0      0x169 obj_cooja/mtype839.a(dual_conf.o)
 .rodata        0x0000000000026d39        0xf obj_cooja/mtype839.a(ctimer.o)
 .rodata        0x0000000000026d48        0xc obj_cooja/mtype839.a(etimer.o)
 .rodata        0x0000000000026d54       0x73 obj_cooja/mtype839.a(log_message.o)
 *fill*         0x0000000000026dc7        0x1 
 .rodata        0x0000000000026dc8       0x20 obj_cooja/mtype839.a(residual.o)
 .rodata        0x0000000000026de8        0xe obj_cooja/mtype839.a(serial-line.o)
 *fill*         0x0000000000026df6        0x2 
 .rodata        0x0000000000026df8       0x2c obj_cooja/mtype839.a(sicslowpan.o)
                0x0000000000026df8                unc_llconf
                0x0000000000026dfc                unc_ctxconf
                0x0000000000026e00                unc_mxconf
                0x0000000000026e04                llprefix
                0x0000000000026e18                sicslowpan_driver
 .rodata        0x0000000000026e24      0x13c obj_cooja/mtype839.a(uip6.o)
 .rodata        0x0000000000026f60       0x49 obj_cooja/mtype839.a(tcpip.o)
 .rodata        0x0000000000026fa9       0x3e obj_cooja/mtype839.a(uip-debug.o)
 *fill*         0x0000000000026fe7        0x1 
 .rodata        0x0000000000026fe8        0x4 obj_cooja/mtype839.a(rpl-dag.o)
 .rodata        0x0000000000026fec       0x8c obj_cooja/mtype839.a(rpl-timers.o)
 .rodata        0x0000000000027078        0xc obj_cooja/mtype839.a(framer-802154.o)
                0x0000000000027078                framer_802154
 .rodata        0x0000000000027084       0x24 obj_cooja/mtype839.a(nullmac.o)
                0x000000000002708c                nullmac_driver
 *fill*         0x00000000000270a8       0x18 
 .rodata        0x00000000000270c0       0x40 obj_cooja/mtype839.a(cxmac.o)
                0x00000000000270e0                cxmac_driver
 .rodata        0x0000000000027100        0x8 obj_cooja/mtype839.a(linkaddr.o)
                0x0000000000027100                linkaddr_null
 .rodata        0x0000000000027108       0x18 obj_cooja/mtype839.a(nullsec.o)
                0x0000000000027110                nullsec_driver

.rodata1
 *(.rodata1)

.eh_frame_hdr   0x0000000000027120     0x13dc
 *(.eh_frame_hdr)
 .eh_frame_hdr  0x0000000000027120     0x13dc udp-client.co

.eh_frame       0x00000000000284fc     0x50bc
 *(.eh_frame)
 .eh_frame      0x00000000000284fc       0x3c /usr/lib/gcc/i686-linux-gnu/4.8/../../../i386-linux-gnu/crti.o
                                         0x40 (size before relaxing)
 .eh_frame      0x0000000000028538       0xb4 udp-client.co
                                         0xcc (size before relaxing)
 .eh_frame      0x00000000000285ec      0x148 obj_cooja/mtype839.o
                                        0x160 (size before relaxing)
 .eh_frame      0x0000000000028734       0x40 obj_cooja/mtype839.a(simEnvChange.o)
                                         0x58 (size before relaxing)
 .eh_frame      0x0000000000028774       0xc0 obj_cooja/mtype839.a(cooja_mt.o)
                                         0xd8 (size before relaxing)
 .eh_frame      0x0000000000028834      0x120 obj_cooja/mtype839.a(cooja_mtarch.o)
                                        0x138 (size before relaxing)
 .eh_frame      0x0000000000028954       0xc0 obj_cooja/mtype839.a(rtimer-arch.o)
                                         0xd8 (size before relaxing)
 .eh_frame      0x0000000000028a14      0x160 obj_cooja/mtype839.a(beep.o)
                                        0x178 (size before relaxing)
 .eh_frame      0x0000000000028b74       0xa0 obj_cooja/mtype839.a(button-sensor.o)
                                         0xb8 (size before relaxing)
 .eh_frame      0x0000000000028c14       0xa0 obj_cooja/mtype839.a(leds-arch.o)
                                         0xb8 (size before relaxing)
 .eh_frame      0x0000000000028cb4       0x40 obj_cooja/mtype839.a(moteid.o)
                                         0x58 (size before relaxing)
 .eh_frame      0x0000000000028cf4       0xa0 obj_cooja/mtype839.a(pir-sensor.o)
                                         0xb8 (size before relaxing)
 .eh_frame      0x0000000000028d94      0x100 obj_cooja/mtype839.a(rs232.o)
                                        0x118 (size before relaxing)
 .eh_frame      0x0000000000028e94       0xa0 obj_cooja/mtype839.a(vib-sensor.o)
                                         0xb8 (size before relaxing)
 .eh_frame      0x0000000000028f34       0xc0 obj_cooja/mtype839.a(clock.o)
                                         0xd8 (size before relaxing)
 .eh_frame      0x0000000000028ff4      0x120 obj_cooja/mtype839.a(log.o)
                                        0x138 (size before relaxing)
 .eh_frame      0x0000000000029114      0x160 obj_cooja/mtype839.a(cfs-cooja.o)
                                        0x178 (size before relaxing)
 .eh_frame      0x0000000000029274      0x2e0 obj_cooja/mtype839.a(cooja-radio.o)
                                        0x2f8 (size before relaxing)
 .eh_frame      0x0000000000029554       0xa0 obj_cooja/mtype839.a(eeprom.o)
                                         0xb8 (size before relaxing)
 .eh_frame      0x00000000000295f4       0x40 obj_cooja/mtype839.a(random.o)
                                         0x58 (size before relaxing)
 .eh_frame      0x0000000000029634       0xc0 obj_cooja/mtype839.a(sensors.o)
                                         0xd8 (size before relaxing)
 .eh_frame      0x00000000000296f4      0x160 obj_cooja/mtype839.a(dual_conf.o)
                                        0x178 (size before relaxing)
 .eh_frame      0x0000000000029854       0x40 obj_cooja/mtype839.a(autostart.o)
                                         0x58 (size before relaxing)
 .eh_frame      0x0000000000029894      0x100 obj_cooja/mtype839.a(ctimer.o)
                                        0x118 (size before relaxing)
 .eh_frame      0x0000000000029994      0x1e0 obj_cooja/mtype839.a(etimer.o)
                                        0x1f8 (size before relaxing)
 .eh_frame      0x0000000000029b74       0x40 obj_cooja/mtype839.a(log_message.o)
                                         0x58 (size before relaxing)
 .eh_frame      0x0000000000029bb4      0x1c8 obj_cooja/mtype839.a(process.o)
                                        0x1e0 (size before relaxing)
 .eh_frame      0x0000000000029d7c       0x2c obj_cooja/mtype839.a(residual.o)
                                         0x44 (size before relaxing)
 .eh_frame      0x0000000000029da8       0x60 obj_cooja/mtype839.a(rtimer.o)
                                         0x78 (size before relaxing)
 .eh_frame      0x0000000000029e08       0xc4 obj_cooja/mtype839.a(stimer.o)
                                         0xdc (size before relaxing)
 .eh_frame      0x0000000000029ecc       0xa4 obj_cooja/mtype839.a(timer.o)
                                         0xbc (size before relaxing)
 .eh_frame      0x0000000000029f70       0x60 obj_cooja/mtype839.a(serial-line.o)
                                         0x78 (size before relaxing)
 .eh_frame      0x0000000000029fd0      0x180 obj_cooja/mtype839.a(list.o)
                                        0x198 (size before relaxing)
 .eh_frame      0x000000000002a150       0xa0 obj_cooja/mtype839.a(ringbuf.o)
                                         0xb8 (size before relaxing)
 .eh_frame      0x000000000002a1f0      0x350 obj_cooja/mtype839.a(sicslowpan.o)
                                        0x368 (size before relaxing)
 .eh_frame      0x000000000002a540      0x180 obj_cooja/mtype839.a(uip-ds6-nbr.o)
                                        0x198 (size before relaxing)
 .eh_frame      0x000000000002a6c0      0x2a0 obj_cooja/mtype839.a(uip-ds6-route.o)
                                        0x2b8 (size before relaxing)
 .eh_frame      0x000000000002a960      0x3c8 obj_cooja/mtype839.a(uip-ds6.o)
                                        0x3e0 (size before relaxing)
 .eh_frame      0x000000000002ad28      0x27c obj_cooja/mtype839.a(uip6.o)
                                        0x294 (size before relaxing)
 .eh_frame      0x000000000002afa4      0x270 obj_cooja/mtype839.a(tcpip.o)
                                        0x288 (size before relaxing)
 .eh_frame      0x000000000002b214       0x48 obj_cooja/mtype839.a(uip-debug.o)
                                         0x60 (size before relaxing)
 .eh_frame      0x000000000002b25c       0xe0 obj_cooja/mtype839.a(uip-packetqueue)
                                         0xf8 (size before relaxing)
 .eh_frame      0x000000000002b33c       0x40 obj_cooja/mtype839.a(uip-udp-packet.)
                                         0x58 (size before relaxing)
 .eh_frame      0x000000000002b37c      0x76c obj_cooja/mtype839.a(rpl-dag.o)
                                        0x784 (size before relaxing)
 .eh_frame      0x000000000002bae8      0x10c obj_cooja/mtype839.a(rpl-ext-header.)
                                        0x124 (size before relaxing)
 .eh_frame      0x000000000002bbf4      0x2b8 obj_cooja/mtype839.a(rpl-icmp6.o)
                                        0x2d0 (size before relaxing)
 .eh_frame      0x000000000002beac       0xe0 obj_cooja/mtype839.a(rpl-ltmax.o)
                                         0xf8 (size before relaxing)
 .eh_frame      0x000000000002bf8c      0x26c obj_cooja/mtype839.a(rpl-timers.o)
                                        0x284 (size before relaxing)
 .eh_frame      0x000000000002c1f8      0x148 obj_cooja/mtype839.a(rpl.o)
                                        0x160 (size before relaxing)
 .eh_frame      0x000000000002c340      0x108 obj_cooja/mtype839.a(framer-802154.o)
                                        0x120 (size before relaxing)
 .eh_frame      0x000000000002c448       0xc0 obj_cooja/mtype839.a(nullmac.o)
                                         0xd8 (size before relaxing)
 .eh_frame      0x000000000002c508      0x2bc obj_cooja/mtype839.a(cxmac.o)
                                        0x2d4 (size before relaxing)
 .eh_frame      0x000000000002c7c4       0x80 obj_cooja/mtype839.a(linkaddr.o)
                                         0x98 (size before relaxing)
 .eh_frame      0x000000000002c844      0x2cc obj_cooja/mtype839.a(nbr-table.o)
                                        0x2e4 (size before relaxing)
 .eh_frame      0x000000000002cb10       0x20 obj_cooja/mtype839.a(netstack.o)
                                         0x38 (size before relaxing)
 .eh_frame      0x000000000002cb30      0x214 obj_cooja/mtype839.a(packetbuf.o)
                                        0x22c (size before relaxing)
 .eh_frame      0x000000000002cd44      0x1a0 obj_cooja/mtype839.a(queuebuf.o)
                                        0x1b8 (size before relaxing)
 .eh_frame      0x000000000002cee4       0x80 obj_cooja/mtype839.a(nullsec.o)
                                         0x98 (size before relaxing)
 .eh_frame      0x000000000002cf64       0xa0 obj_cooja/mtype839.a(watchdog.o)
                                         0xb8 (size before relaxing)
 .eh_frame      0x000000000002d004      0x100 obj_cooja/mtype839.a(leds.o)
                                        0x118 (size before relaxing)
 .eh_frame      0x000000000002d104       0xa0 obj_cooja/mtype839.a(memb.o)
                                         0xb8 (size before relaxing)
 .eh_frame      0x000000000002d1a4      0x164 obj_cooja/mtype839.a(uip-icmp6.o)
                                        0x17c (size before relaxing)
 .eh_frame      0x000000000002d308       0x68 obj_cooja/mtype839.a(uip-nd6.o)
                                         0x80 (size before relaxing)
 .eh_frame      0x000000000002d370       0xc0 obj_cooja/mtype839.a(rpl-nbr-policy.)
                                         0xd8 (size before relaxing)
 .eh_frame      0x000000000002d430      0x164 obj_cooja/mtype839.a(frame802154.o)
                                        0x17c (size before relaxing)
 .eh_frame      0x000000000002d594       0x20 obj_cooja/mtype839.a(mac.o)
                                         0x38 (size before relaxing)
 .eh_frame      0x000000000002d5b4        0x4 /usr/lib/gcc/i686-linux-gnu/4.8/crtendS.o

.gcc_except_table
 *(.gcc_except_table .gcc_except_table.*)

.exception_ranges
 *(.exception_ranges .exception_ranges*)
                0x000000000002d5b8                . = (ALIGN (0x1000) - ((0x1000 - .) & 0xfff))
                0x000000000002eef8                . = DATA_SEGMENT_ALIGN (0x1000, 0x1000)

.eh_frame
 *(.eh_frame)

.gcc_except_table
 *(.gcc_except_table .gcc_except_table.*)

.exception_ranges
 *(.exception_ranges .exception_ranges*)

.tdata
 *(.tdata .tdata.* .gnu.linkonce.td.*)

.tbss
 *(.tbss .tbss.* .gnu.linkonce.tb.*)
 *(.tcommon)

.preinit_array
 *(.preinit_array)

.init_array     0x000000000002eef8        0x4
 *(SORT(.init_array.*) SORT(.ctors.*))
 *(.init_array EXCLUDE_FILE(*crtend?.o *crtend.o *crtbegin?.o *crtbegin.o) .ctors)
 .init_array    0x000000000002eef8        0x4 /usr/lib/gcc/i686-linux-gnu/4.8/crtbeginS.o

.fini_array     0x000000000002eefc        0x4
 *(SORT(.fini_array.*) SORT(.dtors.*))
 *(.fini_array EXCLUDE_FILE(*crtend?.o *crtend.o *crtbegin?.o *crtbegin.o) .dtors)
 .fini_array    0x000000000002eefc        0x4 /usr/lib/gcc/i686-linux-gnu/4.8/crtbeginS.o

.ctors
 *crtbegin.o(.ctors)
 *crtbegin?.o(.ctors)
 *(EXCLUDE_FILE(*crtend?.o *crtend.o) .ctors)
 *(SORT(.ctors.*))
 *(.ctors)

.dtors
 *crtbegin.o(.dtors)
 *crtbegin?.o(.dtors)
 *(EXCLUDE_FILE(*crtend?.o *crtend.o) .dtors)
 *(SORT(.dtors.*))
 *(.dtors)

.jcr            0x000000000002ef00        0x4
 *(.jcr)
 .jcr           0x000000000002ef00        0x0 /usr/lib/gcc/i686-linux-gnu/4.8/crtbeginS.o
 .jcr           0x000000000002ef00        0x4 /usr/lib/gcc/i686-linux-gnu/4.8/crtendS.o

.data.rel.ro
 *(.data.rel.ro.local* .gnu.linkonce.d.rel.ro.local.*)
 *(.data.rel.ro .data.rel.ro.* .gnu.linkonce.d.rel.ro.*)

.dynamic        0x000000000002ef04       0xe8
 *(.dynamic)
 .dynamic       0x000000000002ef04       0xe8 /usr/lib/gcc/i686-linux-gnu/4.8/../../../i386-linux-gnu/crti.o
                0x000000000002ef04                _DYNAMIC

.got            0x000000000002efec       0x14
 *(.got)
 .got           0x000000000002efec       0x14 /usr/lib/gcc/i686-linux-gnu/4.8/../../../i386-linux-gnu/crti.o
 *(.igot)
                0x000000000002fff4                . = DATA_SEGMENT_RELRO_END (., (SIZEOF (.got.plt) >= 0xc)?0xc:0x0)

.got.plt        0x000000000002f000       0x14
 *(.got.plt)
 .got.plt       0x000000000002f000       0x14 /usr/lib/gcc/i686-linux-gnu/4.8/../../../i386-linux-gnu/crti.o
                0x000000000002f000                _GLOBAL_OFFSET_TABLE_
 *(.igot.plt)

.data           0x000000000002f020      0x27a
 *(.data .data.* .gnu.linkonce.d.*)
 .data          0x000000000002f020        0x0 /usr/lib/gcc/i686-linux-gnu/4.8/../../../i386-linux-gnu/crti.o
 .data          0x000000000002f020        0x0 /usr/lib/gcc/i686-linux-gnu/4.8/crtbeginS.o
 .data.rel      0x000000000002f020        0x4 /usr/lib/gcc/i686-linux-gnu/4.8/crtbeginS.o
                0x000000000002f020                __dso_handle
 .data          0x000000000002f024       0x10 udp-client.co
                0x000000000002f024                udp_client_process
 *fill*         0x000000000002f034        0xc 
 .data          0x000000000002f040       0x44 obj_cooja/mtype839.o
                0x000000000002f040                simInterfaces
                0x000000000002f074                sensors
 .data          0x000000000002f084        0x0 obj_cooja/mtype839.a(simEnvChange.o)
 .data          0x000000000002f084        0x0 obj_cooja/mtype839.a(cooja_mt.o)
 .data          0x000000000002f084        0x0 obj_cooja/mtype839.a(cooja_mtarch.o)
 .data          0x000000000002f084        0x0 obj_cooja/mtype839.a(rtimer-arch.o)
 .data          0x000000000002f084        0x0 obj_cooja/mtype839.a(beep.o)
 .data          0x000000000002f084        0x0 obj_cooja/mtype839.a(button-sensor.o)
 .data          0x000000000002f084        0x0 obj_cooja/mtype839.a(leds-arch.o)
 .data          0x000000000002f084        0x0 obj_cooja/mtype839.a(moteid.o)
 .data          0x000000000002f084        0x0 obj_cooja/mtype839.a(pir-sensor.o)
 .data          0x000000000002f084        0x0 obj_cooja/mtype839.a(rs232.o)
 .data          0x000000000002f084        0x0 obj_cooja/mtype839.a(vib-sensor.o)
 .data          0x000000000002f084        0x0 obj_cooja/mtype839.a(clock.o)
 .data          0x000000000002f084        0x0 obj_cooja/mtype839.a(log.o)
 .data          0x000000000002f084        0x0 obj_cooja/mtype839.a(cfs-cooja.o)
 .data          0x000000000002f084       0x40 obj_cooja/mtype839.a(cooja-radio.o)
                0x000000000002f084                simRadioChannelLR
                0x000000000002f088                simRadioHWOnLR
                0x000000000002f08c                simSignalStrengthLR
                0x000000000002f090                simLastSignalStrengthLR
                0x000000000002f094                simPowerLR
                0x000000000002f098                simLQILR
                0x000000000002f09c                simRadioChannel
                0x000000000002f0a0                simRadioHWOn
                0x000000000002f0a4                simSignalStrength
                0x000000000002f0a8                simLastSignalStrength
                0x000000000002f0ac                simPower
                0x000000000002f0b0                simLQI
                0x000000000002f0b4                cooja_radio_process
 .data          0x000000000002f0c4        0x0 obj_cooja/mtype839.a(eeprom.o)
 .data          0x000000000002f0c4        0x0 obj_cooja/mtype839.a(random.o)
 .data          0x000000000002f0c4       0x10 obj_cooja/mtype839.a(sensors.o)
                0x000000000002f0c4                sensors_process
 .data          0x000000000002f0d4       0x28 obj_cooja/mtype839.a(dual_conf.o)
                0x000000000002f0d4                radio_received
                0x000000000002f0d8                dual_dio_broadcast
                0x000000000002f0e8                dual_dis_broadcast
 .data          0x000000000002f0fc        0x0 obj_cooja/mtype839.a(autostart.o)
 .data          0x000000000002f0fc       0x14 obj_cooja/mtype839.a(ctimer.o)
                0x000000000002f100                ctimer_process
 .data          0x000000000002f110       0x10 obj_cooja/mtype839.a(etimer.o)
                0x000000000002f110                etimer_process
 .data          0x000000000002f120        0x0 obj_cooja/mtype839.a(log_message.o)
 .data          0x000000000002f120        0x0 obj_cooja/mtype839.a(process.o)
 .data          0x000000000002f120        0x0 obj_cooja/mtype839.a(residual.o)
 .data          0x000000000002f120        0x0 obj_cooja/mtype839.a(rtimer.o)
 .data          0x000000000002f120        0x0 obj_cooja/mtype839.a(stimer.o)
 .data          0x000000000002f120        0x0 obj_cooja/mtype839.a(timer.o)
 .data          0x000000000002f120       0x10 obj_cooja/mtype839.a(serial-line.o)
                0x000000000002f120                serial_line_process
 .data          0x000000000002f130        0x0 obj_cooja/mtype839.a(list.o)
 .data          0x000000000002f130        0x0 obj_cooja/mtype839.a(ringbuf.o)
 .data          0x000000000002f130        0x0 obj_cooja/mtype839.a(sicslowpan.o)
 .data          0x000000000002f130       0x14 obj_cooja/mtype839.a(uip-ds6-nbr.o)
                0x000000000002f140                ds6_neighbors
 .data          0x000000000002f144       0x44 obj_cooja/mtype839.a(uip-ds6-route.o)
                0x000000000002f154                nbr_routes
 .data          0x000000000002f188        0x0 obj_cooja/mtype839.a(uip-ds6.o)
 .data          0x000000000002f188        0x0 obj_cooja/mtype839.a(uip6.o)
 .data          0x000000000002f188       0x10 obj_cooja/mtype839.a(tcpip.o)
                0x000000000002f188                tcpip_process
 .data          0x000000000002f198        0x0 obj_cooja/mtype839.a(uip-debug.o)
 .data          0x000000000002f198        0xc obj_cooja/mtype839.a(uip-packetqueue)
 .data          0x000000000002f1a4        0x0 obj_cooja/mtype839.a(uip-udp-packet.)
 .data          0x000000000002f1a4       0x28 obj_cooja/mtype839.a(rpl-dag.o)
                0x000000000002f1b4                rpl_parents
                0x000000000002f1c8                rpl_children
 .data          0x000000000002f1cc        0x0 obj_cooja/mtype839.a(rpl-ext-header.)
 .data          0x000000000002f1cc       0x34 obj_cooja/mtype839.a(rpl-icmp6.o)
 .data          0x000000000002f200       0x1c obj_cooja/mtype839.a(rpl-ltmax.o)
                0x000000000002f200                rpl_ltmax_of
 .data          0x000000000002f21c        0x0 obj_cooja/mtype839.a(rpl-timers.o)
 .data          0x000000000002f21c        0x0 obj_cooja/mtype839.a(rpl.o)
 .data          0x000000000002f21c        0x0 obj_cooja/mtype839.a(framer-802154.o)
 .data          0x000000000002f21c        0x0 obj_cooja/mtype839.a(nullmac.o)
 .data          0x000000000002f21c       0x30 obj_cooja/mtype839.a(cxmac.o)
                0x000000000002f21c                cxmac_config
                0x000000000002f22c                strobe_wait
 .data          0x000000000002f24c        0x0 obj_cooja/mtype839.a(linkaddr.o)
 .data          0x000000000002f24c       0x10 obj_cooja/mtype839.a(nbr-table.o)
 .data          0x000000000002f25c        0x0 obj_cooja/mtype839.a(netstack.o)
 .data          0x000000000002f25c        0x4 obj_cooja/mtype839.a(packetbuf.o)
 .data          0x000000000002f260       0x18 obj_cooja/mtype839.a(queuebuf.o)
 .data          0x000000000002f278        0x0 obj_cooja/mtype839.a(nullsec.o)
 .data          0x000000000002f278        0x0 obj_cooja/mtype839.a(watchdog.o)
 .data          0x000000000002f278        0x0 obj_cooja/mtype839.a(rimestats.o)
 .data          0x000000000002f278        0x0 obj_cooja/mtype839.a(leds.o)
 .data          0x000000000002f278        0x0 obj_cooja/mtype839.a(memb.o)
 .data          0x000000000002f278       0x20 obj_cooja/mtype839.a(uip-icmp6.o)
 .data          0x000000000002f298        0x0 obj_cooja/mtype839.a(uip-nd6.o)
 .data          0x000000000002f298        0x0 obj_cooja/mtype839.a(rpl-nbr-policy.)
 .data          0x000000000002f298        0x2 obj_cooja/mtype839.a(frame802154.o)
 .data          0x000000000002f29a        0x0 obj_cooja/mtype839.a(mac.o)
 .data          0x000000000002f29a        0x0 /usr/lib/gcc/i686-linux-gnu/4.8/crtendS.o
 .data          0x000000000002f29a        0x0 /usr/lib/gcc/i686-linux-gnu/4.8/../../../i386-linux-gnu/crtn.o

.tm_clone_table
                0x000000000002f29c        0x0
 .tm_clone_table
                0x000000000002f29c        0x0 /usr/lib/gcc/i686-linux-gnu/4.8/crtbeginS.o
 .tm_clone_table
                0x000000000002f29c        0x0 /usr/lib/gcc/i686-linux-gnu/4.8/crtendS.o

.data1
 *(.data1)
                0x000000000002f29c                _edata = .
                0x000000000002f29c                PROVIDE (edata, .)
                0x000000000002f29c                . = .
                0x000000000002f29c                __bss_start = .

.bss            0x000000000002f2a0     0x8348
 *(.dynbss)
 .dynbss        0x0000000000000000        0x0 /usr/lib/gcc/i686-linux-gnu/4.8/../../../i386-linux-gnu/crti.o
 *(.bss .bss.* .gnu.linkonce.b.*)
 .bss           0x000000000002f2a0        0x0 /usr/lib/gcc/i686-linux-gnu/4.8/../../../i386-linux-gnu/crti.o
 .bss           0x000000000002f2a0        0x1 /usr/lib/gcc/i686-linux-gnu/4.8/crtbeginS.o
 *fill*         0x000000000002f2a1       0x1f 
 .bss           0x000000000002f2c0       0x60 udp-client.co
                0x000000000002f2c0                my_weight
 .bss           0x000000000002f320     0x2030 obj_cooja/mtype839.o
 .bss           0x0000000000031350        0x1 obj_cooja/mtype839.a(simEnvChange.o)
                0x0000000000031350                simDontFallAsleep
 *fill*         0x0000000000031351        0x3 
 .bss           0x0000000000031354        0x4 obj_cooja/mtype839.a(cooja_mt.o)
 .bss           0x0000000000031358        0x4 obj_cooja/mtype839.a(cooja_mtarch.o)
 .bss           0x000000000003135c        0xc obj_cooja/mtype839.a(rtimer-arch.o)
 .bss           0x0000000000031368        0x0 obj_cooja/mtype839.a(beep.o)
 .bss           0x0000000000031368        0x8 obj_cooja/mtype839.a(button-sensor.o)
 .bss           0x0000000000031370        0x0 obj_cooja/mtype839.a(leds-arch.o)
 .bss           0x0000000000031370        0x0 obj_cooja/mtype839.a(moteid.o)
 .bss           0x0000000000031370        0x1 obj_cooja/mtype839.a(pir-sensor.o)
                0x0000000000031370                simPirValue
 *fill*         0x0000000000031371        0x3 
 .bss           0x0000000000031374        0x4 obj_cooja/mtype839.a(rs232.o)
 .bss           0x0000000000031378        0x1 obj_cooja/mtype839.a(vib-sensor.o)
                0x0000000000031378                simVibValue
 .bss           0x0000000000031379        0x0 obj_cooja/mtype839.a(clock.o)
 *fill*         0x0000000000031379        0x7 
 .bss           0x0000000000031380      0x420 obj_cooja/mtype839.a(log.o)
 .bss           0x00000000000317a0      0xfc0 obj_cooja/mtype839.a(cfs-cooja.o)
                0x00000000000317a0                simCFSData
                0x0000000000032740                simCFSSize
                0x0000000000032744                simCFSChanged
                0x0000000000032748                simCFSRead
                0x000000000003274c                simCFSWritten
 .bss           0x0000000000032760       0x24 obj_cooja/mtype839.a(cooja-radio.o)
                0x0000000000032760                simReceivingLR
                0x0000000000032764                simInSizeLR
                0x0000000000032768                simOutSizeLR
                0x000000000003276c                simReceiving
                0x0000000000032770                simInSize
                0x0000000000032774                simOutSize
                0x0000000000032778                LongRangeTransmit
                0x000000000003277c                LongRangeReceiving
 .bss           0x0000000000032784        0xc obj_cooja/mtype839.a(eeprom.o)
                0x0000000000032784                simEEPROMChanged
                0x0000000000032788                simEEPROMRead
                0x000000000003278c                simEEPROMWritten
 .bss           0x0000000000032790        0x0 obj_cooja/mtype839.a(random.o)
 .bss           0x0000000000032790        0xc obj_cooja/mtype839.a(sensors.o)
 .bss           0x000000000003279c       0x28 obj_cooja/mtype839.a(dual_conf.o)
                0x000000000003279c                long_range_radio
 .bss           0x00000000000327c4        0x0 obj_cooja/mtype839.a(autostart.o)
 .bss           0x00000000000327c4        0x5 obj_cooja/mtype839.a(ctimer.o)
 *fill*         0x00000000000327c9        0x3 
 .bss           0x00000000000327cc        0x8 obj_cooja/mtype839.a(etimer.o)
 .bss           0x00000000000327d4        0x0 obj_cooja/mtype839.a(log_message.o)
 *fill*         0x00000000000327d4        0xc 
 .bss           0x00000000000327e0      0x1b1 obj_cooja/mtype839.a(process.o)
                0x00000000000327e0                process_list
                0x00000000000327e4                process_current
 .bss           0x0000000000032991        0x0 obj_cooja/mtype839.a(residual.o)
 *fill*         0x0000000000032991        0x3 
 .bss           0x0000000000032994        0x4 obj_cooja/mtype839.a(rtimer.o)
 .bss           0x0000000000032998        0x0 obj_cooja/mtype839.a(stimer.o)
 .bss           0x0000000000032998        0x0 obj_cooja/mtype839.a(timer.o)
 *fill*         0x0000000000032998        0x8 
 .bss           0x00000000000329a0      0x140 obj_cooja/mtype839.a(serial-line.o)
 .bss           0x0000000000032ae0        0x0 obj_cooja/mtype839.a(list.o)
 .bss           0x0000000000032ae0        0x0 obj_cooja/mtype839.a(ringbuf.o)
 .bss           0x0000000000032ae0      0x70c obj_cooja/mtype839.a(sicslowpan.o)
 *fill*         0x00000000000331ec       0x14 
 .bss           0x0000000000033200       0xc0 obj_cooja/mtype839.a(uip-ds6-nbr.o)
 .bss           0x00000000000332c0      0x4a8 obj_cooja/mtype839.a(uip-ds6-route.o)
 .bss           0x0000000000033768       0x30 obj_cooja/mtype839.a(uip-ds6.o)
 .bss           0x0000000000033798        0xe obj_cooja/mtype839.a(uip6.o)
                0x0000000000033798                uip_ext_bitmap
                0x0000000000033799                uip_ext_len
                0x000000000003379a                uip_ext_opt_offset
 *fill*         0x00000000000337a6       0x1a 
 .bss           0x00000000000337c0       0x6b obj_cooja/mtype839.a(tcpip.o)
 .bss           0x000000000003382b        0x0 obj_cooja/mtype839.a(uip-debug.o)
 *fill*         0x000000000003382b       0x15 
 .bss           0x0000000000033840      0xcf8 obj_cooja/mtype839.a(uip-packetqueue)
 .bss           0x0000000000034538        0x0 obj_cooja/mtype839.a(uip-udp-packet.)
 *fill*         0x0000000000034538        0x8 
 .bss           0x0000000000034540       0x88 obj_cooja/mtype839.a(rpl-dag.o)
 .bss           0x00000000000345c8        0x0 obj_cooja/mtype839.a(rpl-ext-header.)
 .bss           0x00000000000345c8        0x0 obj_cooja/mtype839.a(rpl-icmp6.o)
 .bss           0x00000000000345c8        0x0 obj_cooja/mtype839.a(rpl-ltmax.o)
 *fill*         0x00000000000345c8       0x18 
 .bss           0x00000000000345e0       0x60 obj_cooja/mtype839.a(rpl-timers.o)
 .bss           0x0000000000034640        0x4 obj_cooja/mtype839.a(rpl.o)
 .bss           0x0000000000034644        0x2 obj_cooja/mtype839.a(framer-802154.o)
 .bss           0x0000000000034646        0x0 obj_cooja/mtype839.a(nullmac.o)
 *fill*         0x0000000000034646       0x1a 
 .bss           0x0000000000034660       0xb0 obj_cooja/mtype839.a(cxmac.o)
 .bss           0x0000000000034710        0x0 obj_cooja/mtype839.a(linkaddr.o)
 *fill*         0x0000000000034710       0x10 
 .bss           0x0000000000034720       0xc4 obj_cooja/mtype839.a(nbr-table.o)
 .bss           0x00000000000347e4        0x0 obj_cooja/mtype839.a(netstack.o)
 *fill*         0x00000000000347e4       0x1c 
 .bss           0x0000000000034800       0xa0 obj_cooja/mtype839.a(packetbuf.o)
 .bss           0x00000000000348a0      0xb80 obj_cooja/mtype839.a(queuebuf.o)
 .bss           0x0000000000035420        0x0 obj_cooja/mtype839.a(nullsec.o)
 .bss           0x0000000000035420        0x0 obj_cooja/mtype839.a(watchdog.o)
 .bss           0x0000000000035420        0x0 obj_cooja/mtype839.a(rimestats.o)
 .bss           0x0000000000035420        0x1 obj_cooja/mtype839.a(leds.o)
 .bss           0x0000000000035421        0x0 obj_cooja/mtype839.a(memb.o)
 *fill*         0x0000000000035421        0x3 
 .bss           0x0000000000035424       0x18 obj_cooja/mtype839.a(uip-icmp6.o)
 .bss           0x000000000003543c        0x0 obj_cooja/mtype839.a(uip-nd6.o)
 *fill*         0x000000000003543c        0x4 
 .bss           0x0000000000035440       0x44 obj_cooja/mtype839.a(rpl-nbr-policy.)
 .bss           0x0000000000035484        0x0 obj_cooja/mtype839.a(frame802154.o)
 .bss           0x0000000000035484        0x0 obj_cooja/mtype839.a(mac.o)
 .bss           0x0000000000035484        0x0 /usr/lib/gcc/i686-linux-gnu/4.8/crtendS.o
 .bss           0x0000000000035484        0x0 /usr/lib/gcc/i686-linux-gnu/4.8/../../../i386-linux-gnu/crtn.o
 *(COMMON)
 COMMON         0x0000000000035484       0x48 udp-client.co
                0x0000000000035484                dio_count
                0x0000000000035488                dis_count
                0x000000000003548c                collision_count
                0x0000000000035490                transmission_count
                0x0000000000035494                COOJA_radioRxLong
                0x0000000000035498                control_message_count
                0x000000000003549c                dao_count
                0x00000000000354a0                COOJA_radioTx
                0x00000000000354a4                data_relay_count
                0x00000000000354a8                data_message_count
                0x00000000000354ac                my_sink_reachability
                0x00000000000354b0                COOJA_radioTxLong
                0x00000000000354b4                COOJA_radioRx
                0x00000000000354b8                my_parent_number
                0x00000000000354bc                COOJA_radioOn
                0x00000000000354c0                COOJA_duration
                0x00000000000354c4                dio_ack_count
                0x00000000000354c8                COOJA_radioOnLong
 COMMON         0x00000000000354cc        0xc obj_cooja/mtype839.o
                0x00000000000354cc                referenceVar
                0x00000000000354d0                debugfp
                0x00000000000354d4                sensors_flags
 COMMON         0x00000000000354d8        0xc obj_cooja/mtype839.a(simEnvChange.o)
                0x00000000000354d8                simEtimerPending
                0x00000000000354dc                simProcessRunValue
                0x00000000000354e0                simNextExpirationTime
 COMMON         0x00000000000354e4        0x1 obj_cooja/mtype839.a(beep.o)
                0x00000000000354e4                simBeeped
 COMMON         0x00000000000354e5        0x3 obj_cooja/mtype839.a(button-sensor.o)
                0x00000000000354e5                simButtonIsActive
                0x00000000000354e6                simButtonIsDown
                0x00000000000354e7                simButtonChanged
 COMMON         0x00000000000354e8        0x1 obj_cooja/mtype839.a(leds-arch.o)
                0x00000000000354e8                simLedsValue
 *fill*         0x00000000000354e9        0x3 
 COMMON         0x00000000000354ec        0xc obj_cooja/mtype839.a(moteid.o)
                0x00000000000354ec                simRandomSeed
                0x00000000000354f0                simMoteIDChanged
                0x00000000000354f4                simMoteID
 COMMON         0x00000000000354f8        0x2 obj_cooja/mtype839.a(pir-sensor.o)
                0x00000000000354f8                simPirIsActive
                0x00000000000354f9                simPirChanged
 *fill*         0x00000000000354fa        0x6 
 COMMON         0x0000000000035500      0x820 obj_cooja/mtype839.a(rs232.o)
                0x0000000000035500                simSerialReceivingFlag
                0x0000000000035504                simSerialReceivingLength
                0x0000000000035520                simSerialReceivingData
 COMMON         0x0000000000035d20        0x2 obj_cooja/mtype839.a(vib-sensor.o)
                0x0000000000035d20                simVibChanged
                0x0000000000035d21                simVibIsActive
 *fill*         0x0000000000035d22        0x2 
 COMMON         0x0000000000035d24        0x4 obj_cooja/mtype839.a(clock.o)
                0x0000000000035d24                simCurrentTime
 *fill*         0x0000000000035d28       0x18 
 COMMON         0x0000000000035d40      0x420 obj_cooja/mtype839.a(log.o)
                0x0000000000035d40                simLoggedLength
                0x0000000000035d44                simLoggedFlag
                0x0000000000035d60                simLoggedData
 COMMON         0x0000000000036160      0x240 obj_cooja/mtype839.a(cooja-radio.o)
                0x0000000000036160                simOutDataBuffer
                0x00000000000361e0                simRadioTarget
                0x0000000000036200                simInDataBufferLR
                0x0000000000036280                simOutDataBufferLR
                0x0000000000036300                dual_duty_cycle_count
                0x0000000000036320                simInDataBuffer
 COMMON         0x00000000000363a0      0x400 obj_cooja/mtype839.a(eeprom.o)
                0x00000000000363a0                simEEPROMData
 COMMON         0x00000000000367a0        0x1 obj_cooja/mtype839.a(sensors.o)
                0x00000000000367a0                sensors_event
 *fill*         0x00000000000367a1        0x3 
 COMMON         0x00000000000367a4        0x4 obj_cooja/mtype839.a(log_message.o)
                0x00000000000367a4                log_fp
 COMMON         0x00000000000367a8        0x1 obj_cooja/mtype839.a(serial-line.o)
                0x00000000000367a8                serial_line_event_message
 *fill*         0x00000000000367a9       0x17 
 COMMON         0x00000000000367c0       0x50 obj_cooja/mtype839.a(uip-ds6-nbr.o)
                0x00000000000367c0                ds6_lr_addrmap
 *fill*         0x0000000000036810       0x10 
 COMMON         0x0000000000036820      0x298 obj_cooja/mtype839.a(uip-ds6.o)
                0x0000000000036820                uip_ds6_prefix_list
                0x0000000000036880                uip_ds6_timer_periodic
                0x0000000000036890                uip_ds6_netif_addr_list_offset
                0x00000000000368a0                uip_ds6_if
                0x0000000000036998                uip_ds6_timer_ra
                0x00000000000369a0                uip_ds6_addr_size
                0x00000000000369c0                long_uip_ds6_if
 *fill*         0x0000000000036ab8        0x8 
 COMMON         0x0000000000036ac0      0x8ec obj_cooja/mtype839.a(uip6.o)
                0x0000000000036ac0                uip_slen
                0x0000000000036ac2                uip_acc32
                0x0000000000036ae0                uip_conns
                0x0000000000036ba0                uip_lladdr
                0x0000000000036ba8                uip_appdata
                0x0000000000036bac                uip_flags
                0x0000000000036bc0                uip_aligned_buf
                0x0000000000037200                uip_listenports
                0x0000000000037210                uip_len
                0x0000000000037212                uip_long_lladdr
                0x000000000003721c                uip_sappdata
                0x0000000000037220                uip_udp_conns
                0x00000000000373a0                uip_udp_conn
                0x00000000000373a4                uip_next_hdr
                0x00000000000373a8                uip_conn
 COMMON         0x00000000000373ac        0x1 obj_cooja/mtype839.a(tcpip.o)
                0x00000000000373ac                tcpip_event
 *fill*         0x00000000000373ad       0x13 
 COMMON         0x00000000000373c0      0x198 obj_cooja/mtype839.a(rpl-dag.o)
                0x00000000000373c0                default_instance
                0x00000000000373e0                instance_table
 COMMON         0x0000000000037558       0x10 obj_cooja/mtype839.a(linkaddr.o)
                0x0000000000037558                linkaddr_node_addr
                0x0000000000037560                long_linkaddr_node_addr
 COMMON         0x0000000000037568       0x2e obj_cooja/mtype839.a(packetbuf.o)
                0x0000000000037568                packetbuf_attrs
                0x0000000000037586                packetbuf_addrs
 *fill*         0x0000000000037596        0xa 
 COMMON         0x00000000000375a0       0x48 obj_cooja/mtype839.a(rimestats.o)
                0x00000000000375a0                rimestats
                0x00000000000375e8                . = ALIGN ((. != 0x0)?0x4:0x1)
                0x00000000000375e8                . = ALIGN (0x4)
                0x00000000000375e8                . = SEGMENT_START ("ldata-segment", .)
                0x00000000000375e8                . = ALIGN (0x4)
                0x00000000000375e8                _end = .
                0x00000000000375e8                PROVIDE (end, .)
                0x00000000000375e8                . = DATA_SEGMENT_END (.)

.stab
 *(.stab)

.stabstr
 *(.stabstr)

.stab.excl
 *(.stab.excl)

.stab.exclstr
 *(.stab.exclstr)

.stab.index
 *(.stab.index)

.stab.indexstr
 *(.stab.indexstr)

.comment        0x0000000000000000       0x29
 *(.comment)
 .comment       0x0000000000000000       0x29 /usr/lib/gcc/i686-linux-gnu/4.8/crtbeginS.o
                                         0x2a (size before relaxing)
 .comment       0x0000000000000000       0x2a udp-client.co
 .comment       0x0000000000000000       0x2a obj_cooja/mtype839.o
 .comment       0x0000000000000000       0x2a obj_cooja/mtype839.a(simEnvChange.o)
 .comment       0x0000000000000000       0x2a obj_cooja/mtype839.a(cooja_mt.o)
 .comment       0x0000000000000000       0x2a obj_cooja/mtype839.a(cooja_mtarch.o)
 .comment       0x0000000000000000       0x2a obj_cooja/mtype839.a(rtimer-arch.o)
 .comment       0x0000000000000000       0x2a obj_cooja/mtype839.a(beep.o)
 .comment       0x0000000000000000       0x2a obj_cooja/mtype839.a(button-sensor.o)
 .comment       0x0000000000000000       0x2a obj_cooja/mtype839.a(leds-arch.o)
 .comment       0x0000000000000000       0x2a obj_cooja/mtype839.a(moteid.o)
 .comment       0x0000000000000000       0x2a obj_cooja/mtype839.a(pir-sensor.o)
 .comment       0x0000000000000000       0x2a obj_cooja/mtype839.a(rs232.o)
 .comment       0x0000000000000000       0x2a obj_cooja/mtype839.a(vib-sensor.o)
 .comment       0x0000000000000000       0x2a obj_cooja/mtype839.a(clock.o)
 .comment       0x0000000000000000       0x2a obj_cooja/mtype839.a(log.o)
 .comment       0x0000000000000000       0x2a obj_cooja/mtype839.a(cfs-cooja.o)
 .comment       0x0000000000000000       0x2a obj_cooja/mtype839.a(cooja-radio.o)
 .comment       0x0000000000000000       0x2a obj_cooja/mtype839.a(eeprom.o)
 .comment       0x0000000000000000       0x2a obj_cooja/mtype839.a(random.o)
 .comment       0x0000000000000000       0x2a obj_cooja/mtype839.a(sensors.o)
 .comment       0x0000000000000000       0x2a obj_cooja/mtype839.a(dual_conf.o)
 .comment       0x0000000000000000       0x2a obj_cooja/mtype839.a(autostart.o)
 .comment       0x0000000000000000       0x2a obj_cooja/mtype839.a(ctimer.o)
 .comment       0x0000000000000000       0x2a obj_cooja/mtype839.a(etimer.o)
 .comment       0x0000000000000000       0x2a obj_cooja/mtype839.a(log_message.o)
 .comment       0x0000000000000000       0x2a obj_cooja/mtype839.a(process.o)
 .comment       0x0000000000000000       0x2a obj_cooja/mtype839.a(residual.o)
 .comment       0x0000000000000000       0x2a obj_cooja/mtype839.a(rtimer.o)
 .comment       0x0000000000000000       0x2a obj_cooja/mtype839.a(stimer.o)
 .comment       0x0000000000000000       0x2a obj_cooja/mtype839.a(timer.o)
 .comment       0x0000000000000000       0x2a obj_cooja/mtype839.a(serial-line.o)
 .comment       0x0000000000000000       0x2a obj_cooja/mtype839.a(list.o)
 .comment       0x0000000000000000       0x2a obj_cooja/mtype839.a(ringbuf.o)
 .comment       0x0000000000000000       0x2a obj_cooja/mtype839.a(sicslowpan.o)
 .comment       0x0000000000000000       0x2a obj_cooja/mtype839.a(uip-ds6-nbr.o)
 .comment       0x0000000000000000       0x2a obj_cooja/mtype839.a(uip-ds6-route.o)
 .comment       0x0000000000000000       0x2a obj_cooja/mtype839.a(uip-ds6.o)
 .comment       0x0000000000000000       0x2a obj_cooja/mtype839.a(uip6.o)
 .comment       0x0000000000000000       0x2a obj_cooja/mtype839.a(tcpip.o)
 .comment       0x0000000000000000       0x2a obj_cooja/mtype839.a(uip-debug.o)
 .comment       0x0000000000000000       0x2a obj_cooja/mtype839.a(uip-packetqueue)
 .comment       0x0000000000000000       0x2a obj_cooja/mtype839.a(uip-udp-packet.)
 .comment       0x0000000000000000       0x2a obj_cooja/mtype839.a(rpl-dag.o)
 .comment       0x0000000000000000       0x2a obj_cooja/mtype839.a(rpl-ext-header.)
 .comment       0x0000000000000000       0x2a obj_cooja/mtype839.a(rpl-icmp6.o)
 .comment       0x0000000000000000       0x2a obj_cooja/mtype839.a(rpl-ltmax.o)
 .comment       0x0000000000000000       0x2a obj_cooja/mtype839.a(rpl-timers.o)
 .comment       0x0000000000000000       0x2a obj_cooja/mtype839.a(rpl.o)
 .comment       0x0000000000000000       0x2a obj_cooja/mtype839.a(framer-802154.o)
 .comment       0x0000000000000000       0x2a obj_cooja/mtype839.a(nullmac.o)
 .comment       0x0000000000000000       0x2a obj_cooja/mtype839.a(cxmac.o)
 .comment       0x0000000000000000       0x2a obj_cooja/mtype839.a(linkaddr.o)
 .comment       0x0000000000000000       0x2a obj_cooja/mtype839.a(nbr-table.o)
 .comment       0x0000000000000000       0x2a obj_cooja/mtype839.a(netstack.o)
 .comment       0x0000000000000000       0x2a obj_cooja/mtype839.a(packetbuf.o)
 .comment       0x0000000000000000       0x2a obj_cooja/mtype839.a(queuebuf.o)
 .comment       0x0000000000000000       0x2a obj_cooja/mtype839.a(nullsec.o)
 .comment       0x0000000000000000       0x2a obj_cooja/mtype839.a(watchdog.o)
 .comment       0x0000000000000000       0x2a obj_cooja/mtype839.a(rimestats.o)
 .comment       0x0000000000000000       0x2a obj_cooja/mtype839.a(leds.o)
 .comment       0x0000000000000000       0x2a obj_cooja/mtype839.a(memb.o)
 .comment       0x0000000000000000       0x2a obj_cooja/mtype839.a(uip-icmp6.o)
 .comment       0x0000000000000000       0x2a obj_cooja/mtype839.a(uip-nd6.o)
 .comment       0x0000000000000000       0x2a obj_cooja/mtype839.a(rpl-nbr-policy.)
 .comment       0x0000000000000000       0x2a obj_cooja/mtype839.a(frame802154.o)
 .comment       0x0000000000000000       0x2a obj_cooja/mtype839.a(mac.o)
 .comment       0x0000000000000000       0x2a /usr/lib/gcc/i686-linux-gnu/4.8/crtendS.o

.debug
 *(.debug)

.line
 *(.line)

.debug_srcinfo
 *(.debug_srcinfo)

.debug_sfnames
 *(.debug_sfnames)

.debug_aranges  0x0000000000000000      0x838
 *(.debug_aranges)
 .debug_aranges
                0x0000000000000000       0x20 udp-client.co
 .debug_aranges
                0x0000000000000020       0x20 obj_cooja/mtype839.o
 .debug_aranges
                0x0000000000000040       0x20 obj_cooja/mtype839.a(simEnvChange.o)
 .debug_aranges
                0x0000000000000060       0x20 obj_cooja/mtype839.a(cooja_mt.o)
 .debug_aranges
                0x0000000000000080       0x20 obj_cooja/mtype839.a(cooja_mtarch.o)
 .debug_aranges
                0x00000000000000a0       0x20 obj_cooja/mtype839.a(rtimer-arch.o)
 .debug_aranges
                0x00000000000000c0       0x20 obj_cooja/mtype839.a(beep.o)
 .debug_aranges
                0x00000000000000e0       0x20 obj_cooja/mtype839.a(button-sensor.o)
 .debug_aranges
                0x0000000000000100       0x20 obj_cooja/mtype839.a(leds-arch.o)
 .debug_aranges
                0x0000000000000120       0x20 obj_cooja/mtype839.a(moteid.o)
 .debug_aranges
                0x0000000000000140       0x20 obj_cooja/mtype839.a(pir-sensor.o)
 .debug_aranges
                0x0000000000000160       0x20 obj_cooja/mtype839.a(rs232.o)
 .debug_aranges
                0x0000000000000180       0x20 obj_cooja/mtype839.a(vib-sensor.o)
 .debug_aranges
                0x00000000000001a0       0x20 obj_cooja/mtype839.a(clock.o)
 .debug_aranges
                0x00000000000001c0       0x20 obj_cooja/mtype839.a(log.o)
 .debug_aranges
                0x00000000000001e0       0x20 obj_cooja/mtype839.a(cfs-cooja.o)
 .debug_aranges
                0x0000000000000200       0x20 obj_cooja/mtype839.a(cooja-radio.o)
 .debug_aranges
                0x0000000000000220       0x20 obj_cooja/mtype839.a(eeprom.o)
 .debug_aranges
                0x0000000000000240       0x20 obj_cooja/mtype839.a(random.o)
 .debug_aranges
                0x0000000000000260       0x20 obj_cooja/mtype839.a(sensors.o)
 .debug_aranges
                0x0000000000000280       0x20 obj_cooja/mtype839.a(dual_conf.o)
 .debug_aranges
                0x00000000000002a0       0x20 obj_cooja/mtype839.a(autostart.o)
 .debug_aranges
                0x00000000000002c0       0x20 obj_cooja/mtype839.a(ctimer.o)
 .debug_aranges
                0x00000000000002e0       0x20 obj_cooja/mtype839.a(etimer.o)
 .debug_aranges
                0x0000000000000300       0x20 obj_cooja/mtype839.a(log_message.o)
 .debug_aranges
                0x0000000000000320       0x20 obj_cooja/mtype839.a(process.o)
 .debug_aranges
                0x0000000000000340       0x20 obj_cooja/mtype839.a(residual.o)
 .debug_aranges
                0x0000000000000360       0x20 obj_cooja/mtype839.a(rtimer.o)
 .debug_aranges
                0x0000000000000380       0x20 obj_cooja/mtype839.a(stimer.o)
 .debug_aranges
                0x00000000000003a0       0x20 obj_cooja/mtype839.a(timer.o)
 .debug_aranges
                0x00000000000003c0       0x20 obj_cooja/mtype839.a(serial-line.o)
 .debug_aranges
                0x00000000000003e0       0x20 obj_cooja/mtype839.a(list.o)
 .debug_aranges
                0x0000000000000400       0x20 obj_cooja/mtype839.a(ringbuf.o)
 .debug_aranges
                0x0000000000000420       0x20 obj_cooja/mtype839.a(sicslowpan.o)
 .debug_aranges
                0x0000000000000440       0x20 obj_cooja/mtype839.a(uip-ds6-nbr.o)
 .debug_aranges
                0x0000000000000460       0x20 obj_cooja/mtype839.a(uip-ds6-route.o)
 .debug_aranges
                0x0000000000000480       0x20 obj_cooja/mtype839.a(uip-ds6.o)
 .debug_aranges
                0x00000000000004a0       0x20 obj_cooja/mtype839.a(uip6.o)
 .debug_aranges
                0x00000000000004c0       0x20 obj_cooja/mtype839.a(tcpip.o)
 .debug_aranges
                0x00000000000004e0       0x20 obj_cooja/mtype839.a(uip-debug.o)
 .debug_aranges
                0x0000000000000500       0x20 obj_cooja/mtype839.a(uip-packetqueue)
 .debug_aranges
                0x0000000000000520       0x20 obj_cooja/mtype839.a(uip-udp-packet.)
 .debug_aranges
                0x0000000000000540       0x20 obj_cooja/mtype839.a(rpl-dag.o)
 .debug_aranges
                0x0000000000000560       0x20 obj_cooja/mtype839.a(rpl-ext-header.)
 .debug_aranges
                0x0000000000000580       0x20 obj_cooja/mtype839.a(rpl-icmp6.o)
 .debug_aranges
                0x00000000000005a0       0x20 obj_cooja/mtype839.a(rpl-ltmax.o)
 .debug_aranges
                0x00000000000005c0       0x20 obj_cooja/mtype839.a(rpl-timers.o)
 .debug_aranges
                0x00000000000005e0       0x20 obj_cooja/mtype839.a(rpl.o)
 .debug_aranges
                0x0000000000000600       0x20 obj_cooja/mtype839.a(framer-802154.o)
 .debug_aranges
                0x0000000000000620       0x20 obj_cooja/mtype839.a(nullmac.o)
 .debug_aranges
                0x0000000000000640       0x20 obj_cooja/mtype839.a(cxmac.o)
 .debug_aranges
                0x0000000000000660       0x20 obj_cooja/mtype839.a(linkaddr.o)
 .debug_aranges
                0x0000000000000680       0x20 obj_cooja/mtype839.a(nbr-table.o)
 .debug_aranges
                0x00000000000006a0       0x20 obj_cooja/mtype839.a(netstack.o)
 .debug_aranges
                0x00000000000006c0       0x20 obj_cooja/mtype839.a(packetbuf.o)
 .debug_aranges
                0x00000000000006e0       0x20 obj_cooja/mtype839.a(queuebuf.o)
 .debug_aranges
                0x0000000000000700       0x20 obj_cooja/mtype839.a(nullsec.o)
 .debug_aranges
                0x0000000000000720       0x20 obj_cooja/mtype839.a(watchdog.o)
 .debug_aranges
                0x0000000000000740       0x18 obj_cooja/mtype839.a(rimestats.o)
 .debug_aranges
                0x0000000000000758       0x20 obj_cooja/mtype839.a(leds.o)
 .debug_aranges
                0x0000000000000778       0x20 obj_cooja/mtype839.a(memb.o)
 .debug_aranges
                0x0000000000000798       0x20 obj_cooja/mtype839.a(uip-icmp6.o)
 .debug_aranges
                0x00000000000007b8       0x20 obj_cooja/mtype839.a(uip-nd6.o)
 .debug_aranges
                0x00000000000007d8       0x20 obj_cooja/mtype839.a(rpl-nbr-policy.)
 .debug_aranges
                0x00000000000007f8       0x20 obj_cooja/mtype839.a(frame802154.o)
 .debug_aranges
                0x0000000000000818       0x20 obj_cooja/mtype839.a(mac.o)

.debug_pubnames
 *(.debug_pubnames)

.debug_info     0x0000000000000000    0x1d07b
 *(.debug_info .gnu.linkonce.wi.*)
 .debug_info    0x0000000000000000      0xa23 udp-client.co
 .debug_info    0x0000000000000a23     0x3ac4 obj_cooja/mtype839.o
 .debug_info    0x00000000000044e7      0x15a obj_cooja/mtype839.a(simEnvChange.o)
 .debug_info    0x0000000000004641      0x1e2 obj_cooja/mtype839.a(cooja_mt.o)
 .debug_info    0x0000000000004823      0x2e7 obj_cooja/mtype839.a(cooja_mtarch.o)
 .debug_info    0x0000000000004b0a      0x16b obj_cooja/mtype839.a(rtimer-arch.o)
 .debug_info    0x0000000000004c75      0x1f3 obj_cooja/mtype839.a(beep.o)
 .debug_info    0x0000000000004e68      0x257 obj_cooja/mtype839.a(button-sensor.o)
 .debug_info    0x00000000000050bf      0x132 obj_cooja/mtype839.a(leds-arch.o)
 .debug_info    0x00000000000051f1      0x10a obj_cooja/mtype839.a(moteid.o)