Archive member included to satisfy reference by file (symbol)

obj_cooja/mtype630.a(simEnvChange.o)
                              obj_cooja/mtype630.o (simDontFallAsleep)
obj_cooja/mtype630.a(cooja_mt.o)
                              obj_cooja/mtype630.o (cooja_mt_start)
obj_cooja/mtype630.a(cooja_mtarch.o)
                              obj_cooja/mtype630.a(cooja_mt.o) (cooja_mtarch_init)
obj_cooja/mtype630.a(rtimer-arch.o)
                              obj_cooja/mtype630.o (rtimer_arch_next)
obj_cooja/mtype630.a(beep.o)  obj_cooja/mtype630.o (beep_interface)
obj_cooja/mtype630.a(button-sensor.o)
                              obj_cooja/mtype630.o (button_interface)
obj_cooja/mtype630.a(leds-arch.o)
                              obj_cooja/mtype630.o (leds_interface)
obj_cooja/mtype630.a(moteid.o)
                              obj_cooja/mtype630.o (moteid_interface)
obj_cooja/mtype630.a(pir-sensor.o)
                              obj_cooja/mtype630.o (pir_interface)
obj_cooja/mtype630.a(rs232.o)
                              obj_cooja/mtype630.o (rs232_interface)
obj_cooja/mtype630.a(vib-sensor.o)
                              obj_cooja/mtype630.o (vib_interface)
obj_cooja/mtype630.a(clock.o)
                              obj_cooja/mtype630.o (clock_interface)
obj_cooja/mtype630.a(log.o)   obj_cooja/mtype630.o (simlog_interface)
obj_cooja/mtype630.a(cfs-cooja.o)
                              obj_cooja/mtype630.o (cfs_interface)
obj_cooja/mtype630.a(cooja-radio.o)
                              obj_cooja/mtype630.o (radio_interface)
obj_cooja/mtype630.a(eeprom.o)
                              obj_cooja/mtype630.o (eeprom_interface)
obj_cooja/mtype630.a(random.o)
                              obj_cooja/mtype630.a(moteid.o) (random_init)
obj_cooja/mtype630.a(sensors.o)
                              udp-server.co (sensors_event)
obj_cooja/mtype630.a(leds.o)  obj_cooja/mtype630.a(cooja-radio.o) (leds_on)
obj_cooja/mtype630.a(dual_conf.o)
                              obj_cooja/mtype630.a(cooja-radio.o) (long_range_radio)
obj_cooja/mtype630.a(autostart.o)
                              obj_cooja/mtype630.o (autostart_start)
obj_cooja/mtype630.a(ctimer.o)
                              obj_cooja/mtype630.o (ctimer_init)
obj_cooja/mtype630.a(etimer.o)
                              obj_cooja/mtype630.o (etimer_process)
obj_cooja/mtype630.a(log_message.o)
                              obj_cooja/mtype630.o (log_initialization)
obj_cooja/mtype630.a(process.o)
                              udp-server.co (process_current)
obj_cooja/mtype630.a(residual.o)
                              obj_cooja/mtype630.o (DISSIPATION_RATE)
obj_cooja/mtype630.a(rtimer.o)
                              obj_cooja/mtype630.a(rtimer-arch.o) (rtimer_run_next)
obj_cooja/mtype630.a(timer.o)
                              obj_cooja/mtype630.a(button-sensor.o) (timer_set)
obj_cooja/mtype630.a(serial-line.o)
                              obj_cooja/mtype630.a(rs232.o) (serial_line_input_byte)
obj_cooja/mtype630.a(list.o)  obj_cooja/mtype630.a(ctimer.o) (list_init)
obj_cooja/mtype630.a(ringbuf.o)
                              obj_cooja/mtype630.a(serial-line.o) (ringbuf_init)
obj_cooja/mtype630.a(sicslowpan.o)
                              obj_cooja/mtype630.o (sicslowpan_driver)
obj_cooja/mtype630.a(uip-ds6-nbr.o)
                              obj_cooja/mtype630.a(sicslowpan.o) (uip_ds6_link_neighbor_callback)
obj_cooja/mtype630.a(uip-ds6.o)
                              udp-server.co (uip_ds6_if)
obj_cooja/mtype630.a(uip6.o)  obj_cooja/mtype630.o (uip_lladdr)
obj_cooja/mtype630.a(tcpip.o)
                              udp-server.co (tcpip_event)
obj_cooja/mtype630.a(uip-debug.o)
                              udp-server.co (uip_debug_ipaddr_print)
obj_cooja/mtype630.a(uip-packetqueue)
                              obj_cooja/mtype630.a(uip-ds6-nbr.o) (uip_packetqueue_new)
obj_cooja/mtype630.a(rpl-dag.o)
                              udp-server.co (rpl_set_root)
obj_cooja/mtype630.a(rpl-ext-header.)
                              obj_cooja/mtype630.a(uip6.o) (rpl_verify_header)
obj_cooja/mtype630.a(rpl-icmp6.o)
                              obj_cooja/mtype630.a(rpl-dag.o) (rpl_icmp6_update_nbr_table)
obj_cooja/mtype630.a(rpl-ltmax.o)
                              obj_cooja/mtype630.a(rpl-dag.o) (rpl_ltmax_of)
obj_cooja/mtype630.a(rpl-timers.o)
                              obj_cooja/mtype630.a(rpl-icmp6.o) (rpl_LSA_convergence_timer)
obj_cooja/mtype630.a(rpl.o)   obj_cooja/mtype630.a(rpl-icmp6.o) (rpl_get_mode)
obj_cooja/mtype630.a(csma.o)  udp-server.co (csma_driver)
obj_cooja/mtype630.a(framer-802154.o)
                              obj_cooja/mtype630.a(sicslowpan.o) (framer_802154)
obj_cooja/mtype630.a(mac.o)   obj_cooja/mtype630.a(csma.o) (mac_call_sent_callback)
obj_cooja/mtype630.a(cxmac.o)
                              obj_cooja/mtype630.o (cxmac_driver)
obj_cooja/mtype630.a(linkaddr.o)
[...]
Memory Configuration

Name             Origin             Length             Attributes
*default*        0x0000000000000000 0xffffffffffffffff

Linker script and memory map

LOAD /usr/lib/gcc/i686-linux-gnu/4.8/../../../i386-linux-gnu/crti.o
LOAD /usr/lib/gcc/i686-linux-gnu/4.8/crtbeginS.o
LOAD udp-server.co
LOAD obj_cooja/mtype630.o
LOAD obj_cooja/mtype630.a
LOAD /usr/lib/gcc/i686-linux-gnu/4.8/libgcc.a
LOAD /usr/lib/gcc/i686-linux-gnu/4.8/libgcc_s.so
LOAD /usr/lib/gcc/i686-linux-gnu/4.8/../../../i386-linux-gnu/libc.so
START GROUP
LOAD /lib/i386-linux-gnu/libc.so.6
LOAD /usr/lib/i386-linux-gnu/libc_nonshared.a
LOAD /lib/i386-linux-gnu/ld-linux.so.2
END GROUP
LOAD /usr/lib/gcc/i686-linux-gnu/4.8/libgcc.a
LOAD /usr/lib/gcc/i686-linux-gnu/4.8/libgcc_s.so
LOAD /usr/lib/gcc/i686-linux-gnu/4.8/crtendS.o
LOAD /usr/lib/gcc/i686-linux-gnu/4.8/../../../i386-linux-gnu/crtn.o
                0x0000000000000114                . = (0x0 + SIZEOF_HEADERS)

.note.gnu.build-id
                0x0000000000000114       0x24
 *(.note.gnu.build-id)
 .note.gnu.build-id
                0x0000000000000114       0x24 /usr/lib/gcc/i686-linux-gnu/4.8/../../../i386-linux-gnu/crti.o

.hash
 *(.hash)

.gnu.hash       0x0000000000000138     0x13b0
 *(.gnu.hash)
 .gnu.hash      0x0000000000000138     0x13b0 /usr/lib/gcc/i686-linux-gnu/4.8/../../../i386-linux-gnu/crti.o

.dynsym         0x00000000000014e8     0x2720
 *(.dynsym)
 .dynsym        0x00000000000014e8     0x2720 /usr/lib/gcc/i686-linux-gnu/4.8/../../../i386-linux-gnu/crti.o

.dynstr         0x0000000000003c08     0x283d
 *(.dynstr)
 .dynstr        0x0000000000003c08     0x283d /usr/lib/gcc/i686-linux-gnu/4.8/../../../i386-linux-gnu/crti.o

.gnu.version    0x0000000000006446      0x4e4
 *(.gnu.version)
 .gnu.version   0x0000000000006446      0x4e4 /usr/lib/gcc/i686-linux-gnu/4.8/../../../i386-linux-gnu/crti.o

.gnu.version_d  0x000000000000692c        0x0
 *(.gnu.version_d)
 .gnu.version_d
                0x0000000000000000        0x0 /usr/lib/gcc/i686-linux-gnu/4.8/../../../i386-linux-gnu/crti.o

.gnu.version_r  0x000000000000692c       0x50
 *(.gnu.version_r)
 .gnu.version_r
                0x000000000000692c       0x50 /usr/lib/gcc/i686-linux-gnu/4.8/../../../i386-linux-gnu/crti.o

.rel.dyn        0x000000000000697c     0x95e8
 *(.rel.init)
 .rel.init      0x0000000000000000        0x0 /usr/lib/gcc/i686-linux-gnu/4.8/../../../i386-linux-gnu/crti.o
 *(.rel.text .rel.text.* .rel.gnu.linkonce.t.*)
 .rel.text      0x000000000000697c     0x8df8 /usr/lib/gcc/i686-linux-gnu/4.8/../../../i386-linux-gnu/crti.o
 *(.rel.fini)
 .rel.fini      0x0000000000000000        0x0 /usr/lib/gcc/i686-linux-gnu/4.8/../../../i386-linux-gnu/crti.o
 *(.rel.rodata .rel.rodata.* .rel.gnu.linkonce.r.*)
 .rel.rodata    0x000000000000f774      0x4e0 /usr/lib/gcc/i686-linux-gnu/4.8/../../../i386-linux-gnu/crti.o
 *(.rel.data.rel.ro .rel.data.rel.ro.* .rel.gnu.linkonce.d.rel.ro.*)
 *(.rel.data .rel.data.* .rel.gnu.linkonce.d.*)
 .rel.data.rel  0x000000000000fc54        0x8 /usr/lib/gcc/i686-linux-gnu/4.8/../../../i386-linux-gnu/crti.o
 .rel.data      0x000000000000fc5c      0x2d0 /usr/lib/gcc/i686-linux-gnu/4.8/../../../i386-linux-gnu/crti.o
 *(.rel.tdata .rel.tdata.* .rel.gnu.linkonce.td.*)
 *(.rel.tbss .rel.tbss.* .rel.gnu.linkonce.tb.*)
 *(.rel.ctors)
 *(.rel.dtors)
 *(.rel.got)
 .rel.got       0x000000000000ff2c       0x28 /usr/lib/gcc/i686-linux-gnu/4.8/../../../i386-linux-gnu/crti.o
 *(.rel.bss .rel.bss.* .rel.gnu.linkonce.b.*)
 *(.rel.ifunc)
 .rel.ifunc     0x0000000000000000        0x0 /usr/lib/gcc/i686-linux-gnu/4.8/../../../i386-linux-gnu/crti.o
 .rel.fini_array
                0x000000000000ff54        0x8 /usr/lib/gcc/i686-linux-gnu/4.8/../../../i386-linux-gnu/crti.o
 .rel.init_array
                0x000000000000ff5c        0x8 /usr/lib/gcc/i686-linux-gnu/4.8/../../../i386-linux-gnu/crti.o

.rel.plt        0x000000000000ff64       0x10
 *(.rel.plt)
 .rel.plt       0x000000000000ff64       0x10 /usr/lib/gcc/i686-linux-gnu/4.8/../../../i386-linux-gnu/crti.o
 *(.rel.iplt)

.init           0x000000000000ff74       0x23
 *(SORT(.init))
 .init          0x000000000000ff74       0x1e /usr/lib/gcc/i686-linux-gnu/4.8/../../../i386-linux-gnu/crti.o
                0x000000000000ff74                _init
 .init          0x000000000000ff92        0x5 /usr/lib/gcc/i686-linux-gnu/4.8/../../../i386-linux-gnu/crtn.o

.plt            0x000000000000ffa0       0x30
 *(.plt)
 .plt           0x000000000000ffa0       0x30 /usr/lib/gcc/i686-linux-gnu/4.8/../../../i386-linux-gnu/crti.o
 *(.iplt)

.text           0x000000000000ffd0    0x17044
 *(.text.unlikely .text.*_unlikely .text.unlikely.*)
 *(.text.exit .text.exit.*)
 *(.text.startup .text.startup.*)
 *(.text.hot .text.hot.*)
 *(.text .stub .text.* .gnu.linkonce.t.*)
 .text          0x000000000000ffd0        0x0 /usr/lib/gcc/i686-linux-gnu/4.8/../../../i386-linux-gnu/crti.o
 .gnu.linkonce.t.__x86.get_pc_thunk.bx
                0x000000000000ffd0        0x4 /usr/lib/gcc/i686-linux-gnu/4.8/../../../i386-linux-gnu/crti.o
                0x000000000000ffd0                __x86.get_pc_thunk.bx
 *fill*         0x000000000000ffd4        0xc 
 .text          0x000000000000ffe0      0x11b /usr/lib/gcc/i686-linux-gnu/4.8/crtbeginS.o
 .text          0x00000000000100fb      0x3ce udp-server.co
 .text          0x00000000000104c9      0x96a obj_cooja/mtype630.o
                0x0000000000010677                contiki_init
                0x0000000000010c4a                Java_org_contikios_cooja_corecomm_Lib1_init
                0x0000000000010c8a                Java_org_contikios_cooja_corecomm_Lib1_getMemory
                0x0000000000010cca                Java_org_contikios_cooja_corecomm_Lib1_setMemory
                0x0000000000010d41                Java_org_contikios_cooja_corecomm_Lib1_tick
                0x0000000000010e21                Java_org_contikios_cooja_corecomm_Lib1_setReferenceAddress
 .text          0x0000000000010e33       0x63 obj_cooja/mtype630.a(simEnvChange.o)
                0x0000000000010e33                doActionsBeforeTick
                0x0000000000010e64                doActionsAfterTick
 .text          0x0000000000010e96       0xbc obj_cooja/mtype630.a(cooja_mt.o)
                0x0000000000010e96                cooja_mt_init
                0x0000000000010ea3                cooja_mt_remove
                0x0000000000010eb0                cooja_mt_start
                0x0000000000010edd                cooja_mt_exec
                0x0000000000010f0e                cooja_mt_exit
                0x0000000000010f30                cooja_mt_yield
 .text          0x0000000000010f52      0x115 obj_cooja/mtype630.a(cooja_mtarch.o)
                0x0000000000010f52                cooja_mtarch_init
                0x0000000000010f57                cooja_mtarch_start
                0x0000000000010fd2                cooja_sw
                0x0000000000010ff4                cooja_mtarch_exec
                0x0000000000011010                cooja_mtarch_remove
                0x0000000000011015                cooja_mtarch_yield
                0x000000000001101f                cooja_mtarch_pstop
                0x0000000000011024                cooja_mtarch_pstart
                0x0000000000011029                cooja_mtarch_stack_usage
 .text          0x0000000000011067       0xc2 obj_cooja/mtype630.a(rtimer-arch.o)
                0x0000000000011067                rtimer_arch_init
                0x000000000001108a                rtimer_arch_schedule
                0x00000000000110a1                rtimer_arch_next
                0x00000000000110ab                rtimer_arch_pending
                0x00000000000110b5                rtimer_arch_check
                0x00000000000110e7                rtimer_arch_now
 .text          0x0000000000011129       0x76 obj_cooja/mtype630.a(beep.o)
                0x0000000000011129                beep_alarm
                0x0000000000011135                beep_beep
                0x0000000000011141                beep
                0x000000000001114d                beep_down
                0x0000000000011159                beep_on
                0x0000000000011165                beep_off
                0x0000000000011171                beep_spinup
                0x000000000001117d                beep_quick
                0x0000000000011189                beep_long
 .text          0x000000000001119f      0x103 obj_cooja/mtype630.a(button-sensor.o)
 .text          0x00000000000112a2       0x45 obj_cooja/mtype630.a(leds-arch.o)
                0x00000000000112a2                leds_arch_init
                0x00000000000112ae                leds_arch_get
                0x00000000000112ba                leds_arch_set
 .text          0x00000000000112e7       0x2f obj_cooja/mtype630.a(moteid.o)
 .text          0x0000000000011316       0xb1 obj_cooja/mtype630.a(pir-sensor.o)
 .text          0x00000000000113c7      0x131 obj_cooja/mtype630.a(rs232.o)
                0x00000000000113c7                rs232_init
                0x00000000000113cc                rs232_set_speed
                0x00000000000113da                rs232_set_input
                0x00000000000113e7                rs232_send
                0x0000000000011409                rs232_print
                0x0000000000011424                slip_arch_writeb
 .text          0x00000000000114f8       0xb1 obj_cooja/mtype630.a(vib-sensor.o)
 .text          0x00000000000115a9       0x34 obj_cooja/mtype630.a(clock.o)
                0x00000000000115a9                clock_init
                0x00000000000115ae                clock_time
                0x00000000000115b8                clock_seconds
                0x00000000000115ce                clock_delay
 .text          0x00000000000115dd      0x1ed obj_cooja/mtype630.a(log.o)
                0x00000000000115dd                simlog_char
                0x000000000001161f                simlog
                0x000000000001168c                log_message
                0x00000000000116b4                log_set_putchar_with_slip
                0x00000000000116c1                log_putchar
                0x0000000000011745                log_puts
                0x0000000000011769                log_printf
 .text          0x00000000000117ca      0x2c4 obj_cooja/mtype630.a(cfs-cooja.o)
                0x00000000000117ca                cfs_open
                0x0000000000011833                cfs_close
                0x000000000001183f                cfs_read
                0x00000000000118dd                cfs_write
                0x00000000000119ba                cfs_seek
                0x0000000000011a42                cfs_remove
                0x0000000000011a6b                cfs_opendir
                0x0000000000011a75                cfs_readdir
                0x0000000000011a7f                cfs_closedir
 .text          0x0000000000011a8e      0x69f obj_cooja/mtype630.a(cooja-radio.o)
                0x0000000000011ab8                radio_set_channel
                0x0000000000011acd                radio_set_txpower
                0x0000000000011aed                radio_signal_strength_last
                0x0000000000011af7                radio_signal_strength_current
                0x0000000000011b01                radio_LQI
 .text          0x000000000001212d       0xef obj_cooja/mtype630.a(eeprom.o)
                0x000000000001212d                eeprom_init
                0x0000000000012132                eeprom_read
                0x00000000000121a2                eeprom_write
 .text          0x000000000001221c       0x28 obj_cooja/mtype630.a(random.o)
                0x000000000001221c                random_init
                0x0000000000012237                random_rand
 .text          0x0000000000012244      0x2a1 obj_cooja/mtype630.a(sensors.o)
                0x000000000001227f                sensors_first
                0x0000000000012289                sensors_next
                0x00000000000122a6                sensors_changed
                0x00000000000122d5                sensors_find
 .text          0x00000000000124e5      0x134 obj_cooja/mtype630.a(leds.o)
                0x0000000000012536                leds_init
                0x000000000001254a                leds_blink
                0x0000000000012582                leds_get
                0x000000000001258f                leds_set
                0x00000000000125a9                leds_on
                0x00000000000125cc                leds_off
                0x00000000000125f6                leds_toggle
 .text          0x0000000000012619      0x432 obj_cooja/mtype630.a(dual_conf.o)
                0x0000000000012619                dual_radio_switch
                0x0000000000012659                dual_radio_change
                0x0000000000012693                sending_in_LR
                0x00000000000126be                dual_radio_received
                0x00000000000126f6                radio_received_is_longrange
                0x0000000000012711                dual_radio_turn_on
                0x0000000000012734                dual_radio_turn_off
                0x00000000000129d1                dio_broadcast
                0x00000000000129fa                dis_broadcast
                0x0000000000012a1b                LSA_converge_broadcast
 .text          0x0000000000012a4b       0x8e obj_cooja/mtype630.a(autostart.o)
                0x0000000000012a4b                autostart_start
                0x0000000000012a96                autostart_exit
 .text          0x0000000000012ad9      0x334 obj_cooja/mtype630.a(ctimer.o)
                0x0000000000012bf0                ctimer_init
                0x0000000000012c20                ctimer_set
                0x0000000000012c51                ctimer_set_with_process
                0x0000000000012ccd                ctimer_reset
                0x0000000000012d1c                ctimer_restart
                0x0000000000012d6b                ctimer_stop
                0x0000000000012db6                ctimer_expired
 .text          0x0000000000012e0d      0x40b obj_cooja/mtype630.a(etimer.o)
                0x0000000000013020                etimer_request_poll
                0x00000000000130a4                etimer_set
                0x00000000000130c9                etimer_reset_with_new_interval
                0x00000000000130f0                etimer_reset
                0x000000000001310e                etimer_restart
                0x000000000001312c                etimer_adjust
                0x0000000000013148                etimer_expired
                0x000000000001315b                etimer_expiration_time
                0x000000000001316d                etimer_start_time
                0x0000000000013177                etimer_pending
                0x0000000000013189                etimer_next_expiration_time
                0x00000000000131a3                etimer_stop
 .text          0x0000000000013218      0x22c obj_cooja/mtype630.a(log_message.o)
                0x0000000000013218                log_initialization
                0x0000000000013423                log_finisher
 .text          0x0000000000013444      0x560 obj_cooja/mtype630.a(process.o)
                0x0000000000013444                process_alloc_event
                0x0000000000013459                process_start
                0x0000000000013642                process_exit
                0x000000000001365e                process_init
                0x000000000001382f                process_run
                0x0000000000013862                process_nevents
                0x000000000001387d                process_post
                0x0000000000013929                process_post_synch
                0x0000000000013961                process_poll
                0x0000000000013990                process_is_running
 .text          0x00000000000139a4       0xd3 obj_cooja/mtype630.a(residual.o)
                0x00000000000139a4                get_residual_energy
 .text          0x0000000000013a77       0xba obj_cooja/mtype630.a(rtimer.o)
                0x0000000000013a77                rtimer_init
                0x0000000000013a84                rtimer_set
                0x0000000000013adb                rtimer_run_next
 .text          0x0000000000013b31       0x91 obj_cooja/mtype630.a(timer.o)
                0x0000000000013b31                timer_set
                0x0000000000013b4c                timer_reset
                0x0000000000013b63                timer_restart
                0x0000000000013b75                timer_expired
                0x0000000000013b9e                timer_remaining
 .text          0x0000000000013bc2      0x1fb obj_cooja/mtype630.a(serial-line.o)
                0x0000000000013bc2                serial_line_input_byte
                0x0000000000013d85                serial_line_init
 .text          0x0000000000013dbd      0x244 obj_cooja/mtype630.a(list.o)
                0x0000000000013dbd                list_init
                0x0000000000013dcb                list_head
                0x0000000000013dd5                list_copy
                0x0000000000013de4                list_tail
                0x0000000000013e1a                list_add
                0x0000000000013e63                list_push
                0x0000000000013e8f                list_chop
                0x0000000000013ef9                list_pop
                0x0000000000013f21                list_remove
                0x0000000000013f88                list_length
                0x0000000000013fb6                list_insert
                0x0000000000013fea                list_item_next
 .text          0x0000000000014001      0x155 obj_cooja/mtype630.a(ringbuf.o)
                0x0000000000014001                ringbuf_init
                0x0000000000014032                ringbuf_put
                0x00000000000140b0                ringbuf_get
                0x000000000001411d                ringbuf_size
                0x000000000001412f                ringbuf_elements
 .text          0x0000000000014156     0x258b obj_cooja/mtype630.a(sicslowpan.o)
                0x00000000000146e0                rime_sniffer_add
                0x00000000000146ed                rime_sniffer_remove
                0x0000000000016680                sicslowpan_init
                0x00000000000166d7                sicslowpan_get_last_rssi
 .text          0x00000000000166e1      0x2dc obj_cooja/mtype630.a(uip-ds6-nbr.o)
                0x00000000000166fe                uip_ds6_neighbors_init
                0x000000000001671b                uip_ds6_nbr_add
                0x00000000000167cc                uip_ds6_nbr_rm
                0x0000000000016829                uip_ds6_nbr_get_ipaddr
                0x000000000001683e                uip_ds6_nbr_get_ll
                0x000000000001685a                uip_ds6_nbr_num
                0x000000000001689f                uip_ds6_nbr_lookup
                0x0000000000016904                uip_ds6_nbr_ll_lookup
                0x0000000000016920                uip_ds6_nbr_ipaddr_from_lladdr
                0x0000000000016946                uip_ds6_nbr_lladdr_from_ipaddr
                0x0000000000016974                uip_ds6_link_neighbor_callback
 .text          0x00000000000169bd     0x12ad obj_cooja/mtype630.a(uip-ds6.o)
                0x00000000000169bd                uip_ds6_init
                0x0000000000016d12                uip_ds6_periodic
                0x0000000000016dea                uip_ds6_list_loop
                0x0000000000016e91                uip_ds6_prefix_add
                0x0000000000016f4f                uip_ds6_prefix_rm
                0x0000000000016f61                uip_ds6_prefix_lookup
                0x0000000000016fb2                uip_ds6_is_addr_onlink
                0x0000000000017026                uip_ds6_addr_add
                0x0000000000017154                uip_ds6_long_addr_add
                0x0000000000017282                uip_ds6_addr_rm
                0x0000000000017322                uip_ds6_addr_lookup
                0x000000000001736d                uip_ds6_long_addr_lookup
                0x00000000000173b8                uip_ds6_get_link_local
                0x0000000000017437                uip_ds6_long_get_link_local
                0x00000000000174b6                uip_ds6_get_global
                0x0000000000017535                uip_ds6_long_get_global
                0x00000000000175b4                uip_ds6_maddr_add
                0x0000000000017626                uip_ds6_long_maddr_add
                0x0000000000017698                uip_ds6_maddr_rm
                0x00000000000176aa                uip_ds6_maddr_lookup
                0x00000000000176f5                uip_ds6_long_maddr_lookup
                0x0000000000017740                uip_ds6_aaddr_add
                0x00000000000177b2                uip_ds6_long_aaddr_add
                0x0000000000017824                uip_ds6_aaddr_rm
                0x0000000000017836                uip_ds6_aaddr_lookup
                0x0000000000017881                uip_ds6_long_aaddr_lookup
                0x00000000000178cc                uip_ds6_select_src
                0x0000000000017b55                uip_ds6_set_addr_iid
                0x0000000000017b8c                get_match_length
                0x0000000000017c1e                uip_ds6_compute_reachable_time
 .text          0x0000000000017c6a     0x2a07 obj_cooja/mtype630.a(uip6.o)
                0x0000000000017c6a                uip_add32
                0x0000000000017e03                uip_chksum
                0x0000000000017ef1                uip_icmp6chksum
                0x0000000000017f05                uip_tcpchksum
                0x0000000000017f19                uip_udpchksum
                0x0000000000017f2d                uip_init
                0x0000000000017ffd                uip_connect
                0x00000000000181ac                remove_ext_hdr
                0x0000000000018281                uip_udp_new
                0x00000000000183dd                uip_unlisten
                0x000000000001843d                uip_listen
                0x00000000000186ff                uip_process
                0x000000000001a565                uip_htons
                0x000000000001a587                uip_htonl
                0x000000000001a5c7                uip_send
 .text          0x000000000001a671      0xa53 obj_cooja/mtype630.a(tcpip.o)
                0x000000000001a671                tcpip_output
                0x000000000001a6ac                tcpip_set_outputfunc
                0x000000000001a740                tcp_connect
                0x000000000001a795                tcp_unlisten
                0x000000000001a7f0                tcp_listen
                0x000000000001a849                tcp_attach
                0x000000000001a86e                udp_attach
                0x000000000001a893                udp_new
                0x000000000001a8e5                udp_broadcast_new
                0x000000000001ab59                tcpip_input
                0x000000000001ab8d                tcpip_ipv6_output
                0x000000000001af00                tcpip_poll_udp
                0x000000000001af23                tcpip_poll_tcp
                0x000000000001af46                tcpip_uipcall
 .text          0x000000000001b0c4      0x1c1 obj_cooja/mtype630.a(uip-debug.o)
                0x000000000001b0c4                uip_debug_ipaddr_print
                0x000000000001b226                uip_debug_lladdr_print
 .text          0x000000000001b285      0x141 obj_cooja/mtype630.a(uip-packetqueue)
                0x000000000001b2b1                uip_packetqueue_new
                0x000000000001b2bf                uip_packetqueue_alloc
                0x000000000001b31f                uip_packetqueue_free
                0x000000000001b360                uip_packetqueue_buf
                0x000000000001b37d                uip_packetqueue_buflen
                0x000000000001b39e                uip_packetqueue_set_buflen
 .text          0x000000000001b3c6     0x26ab obj_cooja/mtype630.a(rpl-dag.o)
                0x000000000001b3c6                rpl_lr_in_child
                0x000000000001b47e                rpl_print_neighbor_list
                0x000000000001b527                rpl_print_child_neighbor_list
                0x000000000001b59c                rpl_get_nbr
                0x000000000001b5f6                rpl_get_nbr_child
                0x000000000001b650                rpl_dag_init
                0x000000000001b682                rpl_get_parent
                0x000000000001b6a4                rpl_get_parent_rank
                0x000000000001b6d7                rpl_get_parent_link_metric
                0x000000000001b70a                rpl_get_parent_ipaddr
                0x000000000001b734                rpl_get_child_ipaddr
                0x000000000001ba4f                rpl_set_root
                0x000000000001bc7d                rpl_repair_root
                0x000000000001beb9                rpl_set_prefix
                0x000000000001bfb8                rpl_set_default_route
                0x000000000001c044                rpl_alloc_instance
                0x000000000001c0cc                rpl_alloc_dag
                0x000000000001c17f                rpl_set_default_instance
                0x000000000001c18c                rpl_get_default_instance
                0x000000000001c196                rpl_free_instance
                0x000000000001c237                rpl_free_dag
                0x000000000001c29d                rpl_add_parent
                0x000000000001c386                rpl_find_parent
                0x000000000001c3b6                rpl_add_child
                0x000000000001c45a                rpl_find_child
                0x000000000001c4a8                rpl_find_parent_any_dag
                0x000000000001c4e4                rpl_select_dag
                0x000000000001c91a                rpl_select_parent
                0x000000000001c97c                rpl_remove_parent
                0x000000000001c9b2                rpl_remove_child
                0x000000000001c9ce                rpl_nullify_parent
                0x000000000001ca6c                rpl_move_parent
                0x000000000001cb09                rpl_has_downward_route
                0x000000000001cb5c                rpl_get_any_dag
                0x000000000001cbbe                rpl_get_instance
                0x000000000001cc21                rpl_find_of
                0x000000000001cc5e                rpl_join_instance
                0x000000000001cefa                rpl_add_dag
                0x000000000001d2e9                rpl_local_repair
                0x000000000001d3c2                rpl_recalculate_ranks
                0x000000000001d448                rpl_process_parent_event
                0x000000000001d4fa                rpl_process_dio
 .text          0x000000000001da71      0xbf3 obj_cooja/mtype630.a(rpl-ext-header.)
                0x000000000001da8e                rpl_verify_header
                0x000000000001df08                rpl_update_header_empty
                0x000000000001e21f                rpl_update_header_final
                0x000000000001e3ae                rpl_remove_header
                0x000000000001e4b8                rpl_invert_header
                0x000000000001e642                rpl_insert_header
 .text          0x000000000001e664     0x24ea obj_cooja/mtype630.a(rpl-icmp6.o)
                0x000000000001e92d                rpl_icmp6_update_nbr_table
                0x000000000001ea1d                dis_output
                0x000000000001f355                dio_output
                0x000000000001fbc0                LSA_converge_output
                0x00000000000206ad                dao_output
                0x0000000000020775                dao_output_target
                0x0000000000020af6                dao_ack_output
                0x0000000000020b0a                rpl_icmp6_register_handlers
 .text          0x0000000000020b4e      0x3dc obj_cooja/mtype630.a(rpl-ltmax.o)
 .text          0x0000000000020f2a      0x748 obj_cooja/mtype630.a(rpl-timers.o)
                0x0000000000020f2a                rpl_LSA_convergence_timer
                0x0000000000021023                rpl_reset_LSA_convergence_timer
                0x000000000002131b                rpl_reset_periodic_timer
                0x0000000000021370                rpl_reset_dio_timer
                0x00000000000215aa                rpl_schedule_dao
                0x00000000000215c5                rpl_schedule_dao_immediately
                0x00000000000215e0                rpl_cancel_dao
                0x0000000000021642                rpl_schedule_unicast_dio_immediately
 .text          0x0000000000021672      0x5dc obj_cooja/mtype630.a(rpl.o)
                0x0000000000021672                rpl_get_mode
                0x000000000002167c                rpl_set_mode
                0x000000000002170a                rpl_purge_routes
                0x0000000000021804                rpl_remove_routes
                0x000000000002184a                rpl_remove_routes_by_nexthop
                0x00000000000218b6                rpl_add_route
                0x0000000000021931                rpl_link_neighbor_callback
                0x0000000000021a36                rpl_ipv6_neighbor_callback
                0x0000000000021aa5                rpl_purge_dags
                0x0000000000021bb1                rpl_init
 .text          0x0000000000021c4e      0x87b obj_cooja/mtype630.a(csma.o)
 .text          0x00000000000224c9      0x3f5 obj_cooja/mtype630.a(framer-802154.o)
 .text          0x00000000000228be       0x3c obj_cooja/mtype630.a(mac.o)
                0x00000000000228be                mac_call_sent_callback
 .text          0x00000000000228fa     0x1012 obj_cooja/mtype630.a(cxmac.o)
                0x0000000000023840                cxmac_set_announcement_radio_txpower
                0x0000000000023845                cxmac_init
 .text          0x000000000002390c       0x82 obj_cooja/mtype630.a(linkaddr.o)
                0x000000000002390c                linkaddr_copy
                0x000000000002392e                linkaddr_cmp
                0x0000000000023958                linkaddr_set_node_addr
                0x0000000000023973                linkaddr_set_node_long_addr
 .text          0x000000000002398e      0x915 obj_cooja/mtype630.a(nbr-table.o)
                0x000000000002398e                long_ip_from_lladdr_map
                0x0000000000023a17                lladdr_map_add_lr
                0x0000000000023ad4                lladdr_map_rm_lr
                0x0000000000023f99                nbr_table_register
                0x0000000000023fe1                nbr_table_head
                0x000000000002403d                nbr_table_next
                0x00000000000240a4                nbr_table_add_lladdr
                0x0000000000024180                nbr_table_get_from_lladdr
                0x00000000000241cd                nbr_table_remove
                0x000000000002421f                nbr_table_lock
                0x0000000000024249                nbr_table_unlock
                0x0000000000024273                nbr_table_get_lladdr
 .text          0x00000000000242a3       0x2b obj_cooja/mtype630.a(netstack.o)
                0x00000000000242a3                netstack_init
 .text          0x00000000000242ce      0x3cd obj_cooja/mtype630.a(packetbuf.o)
                0x00000000000242ce                packetbuf_clear
                0x00000000000242f8                packetbuf_copyfrom
                0x000000000002434a                packetbuf_compact
                0x00000000000243c7                packetbuf_copyto
                0x000000000002445e                packetbuf_hdralloc
                0x00000000000244db                packetbuf_hdrreduce
                0x0000000000024523                packetbuf_set_datalen
                0x000000000002453c                packetbuf_dataptr
                0x0000000000024559                packetbuf_hdrptr
                0x0000000000024563                packetbuf_datalen
                0x000000000002456f                packetbuf_hdrlen
                0x0000000000024586                packetbuf_totlen
                0x000000000002459c                packetbuf_attr_clear
                0x00000000000245ee                packetbuf_attr_copyto
                0x0000000000024637                packetbuf_attr_copyfrom
                0x000000000002467f                packetbuf_holds_broadcast
 .text          0x000000000002469b      0x2b4 obj_cooja/mtype630.a(queuebuf.o)
                0x00000000000246a5                queuebuf_init
                0x00000000000246c5                queuebuf_numfree
                0x00000000000246d9                queuebuf_new_from_packetbuf
                0x0000000000024769                queuebuf_update_attr_from_packetbuf
                0x000000000002479c                queuebuf_update_from_packetbuf
                0x00000000000247e6                queuebuf_free
                0x000000000002482d                queuebuf_to_packetbuf
                0x0000000000024893                queuebuf_dataptr
                0x00000000000248ca                queuebuf_datalen
                0x00000000000248ed                queuebuf_addr
                0x000000000002491f                queuebuf_attr
                0x000000000002494a                queuebuf_debug_print
 .text          0x000000000002494f       0x6e obj_cooja/mtype630.a(nullsec.o)
 .text          0x00000000000249bd       0x19 obj_cooja/mtype630.a(watchdog.o)
                0x00000000000249bd                watchdog_init
                0x00000000000249c2                watchdog_start
                0x00000000000249c7                watchdog_periodic
                0x00000000000249cc                watchdog_stop
                0x00000000000249d1                watchdog_reboot
 .text          0x00000000000249d6        0x0 obj_cooja/mtype630.a(rimestats.o)
 .text          0x00000000000249d6       0xa3 obj_cooja/mtype630.a(stimer.o)
                0x00000000000249d6                stimer_set
                0x00000000000249f1                stimer_reset
                0x0000000000024a08                stimer_restart
                0x0000000000024a1a                stimer_expired
                0x0000000000024a41                stimer_remaining
                0x0000000000024a65                stimer_elapsed
 .text          0x0000000000024a79      0x1c1 obj_cooja/mtype630.a(memb.o)
                0x0000000000024a79                memb_init
                0x0000000000024ad7                memb_alloc
                0x0000000000024b3c                memb_free
                0x0000000000024bb7                memb_inmemb
                0x0000000000024bf6                memb_numfree
 .text          0x0000000000024c3a      0x916 obj_cooja/mtype630.a(uip-ds6-route.o)
                0x0000000000024cb1                uip_ds6_notification_add
                0x0000000000024ce2                uip_ds6_notification_rm
                0x0000000000024cfe                uip_ds6_route_init
                0x0000000000024d86                uip_ds6_route_nexthop
                0x0000000000024dae                uip_ds6_route_head
                0x0000000000024dc3                uip_ds6_route_next
                0x0000000000024de9                uip_ds6_route_is_nexthop
                0x0000000000024e28                uip_ds6_route_num_routes
                0x0000000000024e32                uip_ds6_route_lookup
                0x0000000000024ef4                uip_ds6_route_add
                0x0000000000025128                uip_ds6_route_rm
                0x00000000000252bc                uip_ds6_route_rm_by_nexthop
                0x00000000000252f4                uip_ds6_defrt_add
                0x00000000000253a5                uip_ds6_defrt_rm
                0x0000000000025424                uip_ds6_defrt_lookup
                0x000000000002547d                uip_ds6_defrt_choose
                0x00000000000254e8                uip_ds6_defrt_periodic
 .text          0x0000000000025550      0xabf obj_cooja/mtype630.a(uip-icmp6.o)
                0x00000000000255be                uip_icmp6_input
                0x0000000000025614                uip_icmp6_register_input_handler
                0x00000000000258dc                uip_icmp6_error_output
                0x0000000000025c21                uip_icmp6_send
                0x0000000000025fa2                uip_icmp6_echo_reply_callback_add
                0x0000000000025fd3                uip_icmp6_echo_reply_callback_rm
                0x0000000000025fef                uip_icmp6_init
 .text          0x000000000002600f      0x358 obj_cooja/mtype630.a(uip-nd6.o)
                0x0000000000026063                uip_nd6_ns_output
                0x0000000000026362                uip_nd6_init
 .text          0x0000000000026367      0x331 obj_cooja/mtype630.a(rpl-nbr-policy.)
                0x000000000002653f                find_removable_dis
                0x0000000000026562                find_removable_dio
                0x00000000000265f1                find_removable_dao
                0x0000000000026641                rpl_nbr_policy_find_removable
 .text          0x0000000000026698      0x97c obj_cooja/mtype630.a(frame802154.o)
                0x00000000000266c9                frame802154_get_pan_id
                0x00000000000266d5                frame802154_set_pan_id
                0x00000000000266ee                frame802154_has_panid
                0x00000000000267da                frame802154_check_dest_panid
                0x0000000000026842                frame802154_is_broadcast_addr
                0x000000000002688f                frame802154_extract_linkaddr
                0x0000000000026acf                frame802154_hdrlen
                0x0000000000026b20                frame802154_create
                0x0000000000026d0b                frame802154_parse
 .text          0x0000000000027014        0x0 /usr/lib/gcc/i686-linux-gnu/4.8/crtendS.o
 .text          0x0000000000027014        0x0 /usr/lib/gcc/i686-linux-gnu/4.8/../../../i386-linux-gnu/crtn.o
 *(.gnu.warning)

.fini           0x0000000000027014       0x14
 *(SORT(.fini))
 .fini          0x0000000000027014        0xf /usr/lib/gcc/i686-linux-gnu/4.8/../../../i386-linux-gnu/crti.o
                0x0000000000027014                _fini
 .fini          0x0000000000027023        0x5 /usr/lib/gcc/i686-linux-gnu/4.8/../../../i386-linux-gnu/crtn.o
                0x0000000000027028                PROVIDE (__etext, .)
                0x0000000000027028                PROVIDE (_etext, .)
                0x0000000000027028                PROVIDE (etext, .)

.rodata         0x0000000000027040      0x9c0
 *(.rodata .rodata.* .gnu.linkonce.r.*)
 .rodata        0x0000000000027040      0x148 udp-server.co
                0x0000000000027054                autostart_processes
 .rodata        0x0000000000027188      0x1e6 obj_cooja/mtype630.o
 *fill*         0x000000000002736e        0x2 
 .rodata        0x0000000000027370        0x8 obj_cooja/mtype630.a(beep.o)
                0x0000000000027370                beep_interface
 .rodata        0x0000000000027378       0x20 obj_cooja/mtype630.a(button-sensor.o)
                0x0000000000027378                button_interface
                0x0000000000027388                button_sensor
 .rodata        0x0000000000027398        0x8 obj_cooja/mtype630.a(leds-arch.o)
                0x0000000000027398                leds_interface
 .rodata        0x00000000000273a0        0x8 obj_cooja/mtype630.a(moteid.o)
                0x00000000000273a0                moteid_interface
 .rodata        0x00000000000273a8       0x1c obj_cooja/mtype630.a(pir-sensor.o)
                0x00000000000273a8                pir_interface
                0x00000000000273b4                pir_sensor
 .rodata        0x00000000000273c4        0xe obj_cooja/mtype630.a(rs232.o)
                0x00000000000273c4                rs232_interface
 *fill*         0x00000000000273d2        0x2 
 .rodata        0x00000000000273d4       0x24 obj_cooja/mtype630.a(vib-sensor.o)
                0x00000000000273d4                vib_interface
                0x00000000000273e8                vib_sensor
 .rodata        0x00000000000273f8        0x8 obj_cooja/mtype630.a(clock.o)
                0x00000000000273f8                clock_interface
 .rodata        0x0000000000027400        0x8 obj_cooja/mtype630.a(log.o)
                0x0000000000027400                simlog_interface
 .rodata        0x0000000000027408       0x2f obj_cooja/mtype630.a(cfs-cooja.o)
                0x0000000000027408                cfs_interface
 *fill*         0x0000000000027437        0x9 
 .rodata        0x0000000000027440       0x60 obj_cooja/mtype630.a(cooja-radio.o)
                0x0000000000027460                cooja_radio_driver
                0x0000000000027498                radio_interface
 .rodata        0x00000000000274a0        0x8 obj_cooja/mtype630.a(eeprom.o)
                0x00000000000274a0                eeprom_interface
 .rodata        0x00000000000274a8        0x8 obj_cooja/mtype630.a(sensors.o)
 .rodata        0x00000000000274b0       0x33 obj_cooja/mtype630.a(dual_conf.o)
 .rodata        0x00000000000274e3        0xf obj_cooja/mtype630.a(ctimer.o)
 .rodata        0x00000000000274f2        0xc obj_cooja/mtype630.a(etimer.o)
 *fill*         0x00000000000274fe        0x2 
 .rodata        0x0000000000027500      0x1c9 obj_cooja/mtype630.a(log_message.o)
 *fill*         0x00000000000276c9        0x3 
 .rodata        0x00000000000276cc       0x20 obj_cooja/mtype630.a(residual.o)
                0x00000000000276cc                DISSIPATION_RATE
 .rodata        0x00000000000276ec        0xe obj_cooja/mtype630.a(serial-line.o)
 *fill*         0x00000000000276fa        0x2 
 .rodata        0x00000000000276fc       0x2c obj_cooja/mtype630.a(sicslowpan.o)
                0x00000000000276fc                unc_llconf
                0x0000000000027700                unc_ctxconf
                0x0000000000027704                unc_mxconf
                0x0000000000027708                llprefix
                0x000000000002771c                sicslowpan_driver
 .rodata        0x0000000000027728      0x13c obj_cooja/mtype630.a(uip6.o)
 .rodata        0x0000000000027864        0xd obj_cooja/mtype630.a(tcpip.o)
 .rodata        0x0000000000027871       0x3e obj_cooja/mtype630.a(uip-debug.o)
 *fill*         0x00000000000278af        0x1 
 .rodata        0x00000000000278b0        0x4 obj_cooja/mtype630.a(rpl-dag.o)
 .rodata        0x00000000000278b4       0x1c obj_cooja/mtype630.a(rpl-icmp6.o)
 .rodata        0x00000000000278d0       0x8a obj_cooja/mtype630.a(rpl-timers.o)
 *fill*         0x000000000002795a        0x2 
 .rodata        0x000000000002795c       0x24 obj_cooja/mtype630.a(csma.o)
                0x0000000000027964                csma_driver
 .rodata        0x0000000000027980        0xc obj_cooja/mtype630.a(framer-802154.o)
                0x0000000000027980                framer_802154
 *fill*         0x000000000002798c       0x14 
 .rodata        0x00000000000279a0       0x40 obj_cooja/mtype630.a(cxmac.o)
                0x00000000000279c0                cxmac_driver
 .rodata        0x00000000000279e0        0x8 obj_cooja/mtype630.a(linkaddr.o)
                0x00000000000279e0                linkaddr_null
 .rodata        0x00000000000279e8       0x18 obj_cooja/mtype630.a(nullsec.o)
                0x00000000000279f0                nullsec_driver

.rodata1
 *(.rodata1)

.eh_frame_hdr   0x0000000000027a00     0x1434
 *(.eh_frame_hdr)
 .eh_frame_hdr  0x0000000000027a00     0x1434 udp-server.co

.eh_frame       0x0000000000028e34     0x5230
 *(.eh_frame)
 .eh_frame      0x0000000000028e34       0x3c /usr/lib/gcc/i686-linux-gnu/4.8/../../../i386-linux-gnu/crti.o
                                         0x40 (size before relaxing)
 .eh_frame      0x0000000000028e70       0x68 udp-server.co
                                         0x80 (size before relaxing)
 .eh_frame      0x0000000000028ed8      0x148 obj_cooja/mtype630.o
                                        0x160 (size before relaxing)
 .eh_frame      0x0000000000029020       0x40 obj_cooja/mtype630.a(simEnvChange.o)
                                         0x58 (size before relaxing)
 .eh_frame      0x0000000000029060       0xc0 obj_cooja/mtype630.a(cooja_mt.o)
                                         0xd8 (size before relaxing)
 .eh_frame      0x0000000000029120      0x120 obj_cooja/mtype630.a(cooja_mtarch.o)
                                        0x138 (size before relaxing)
 .eh_frame      0x0000000000029240       0xc0 obj_cooja/mtype630.a(rtimer-arch.o)
                                         0xd8 (size before relaxing)
 .eh_frame      0x0000000000029300      0x160 obj_cooja/mtype630.a(beep.o)
                                        0x178 (size before relaxing)
 .eh_frame      0x0000000000029460       0xa0 obj_cooja/mtype630.a(button-sensor.o)
                                         0xb8 (size before relaxing)
 .eh_frame      0x0000000000029500       0xa0 obj_cooja/mtype630.a(leds-arch.o)
                                         0xb8 (size before relaxing)
 .eh_frame      0x00000000000295a0       0x40 obj_cooja/mtype630.a(moteid.o)
                                         0x58 (size before relaxing)
 .eh_frame      0x00000000000295e0       0xa0 obj_cooja/mtype630.a(pir-sensor.o)
                                         0xb8 (size before relaxing)
 .eh_frame      0x0000000000029680      0x100 obj_cooja/mtype630.a(rs232.o)
                                        0x118 (size before relaxing)
 .eh_frame      0x0000000000029780       0xa0 obj_cooja/mtype630.a(vib-sensor.o)
                                         0xb8 (size before relaxing)
 .eh_frame      0x0000000000029820       0xc0 obj_cooja/mtype630.a(clock.o)
                                         0xd8 (size before relaxing)
 .eh_frame      0x00000000000298e0      0x120 obj_cooja/mtype630.a(log.o)
                                        0x138 (size before relaxing)
 .eh_frame      0x0000000000029a00      0x160 obj_cooja/mtype630.a(cfs-cooja.o)
                                        0x178 (size before relaxing)
 .eh_frame      0x0000000000029b60      0x2e0 obj_cooja/mtype630.a(cooja-radio.o)
                                        0x2f8 (size before relaxing)
 .eh_frame      0x0000000000029e40       0xa0 obj_cooja/mtype630.a(eeprom.o)
                                         0xb8 (size before relaxing)
 .eh_frame      0x0000000000029ee0       0x40 obj_cooja/mtype630.a(random.o)
                                         0x58 (size before relaxing)
 .eh_frame      0x0000000000029f20       0xc0 obj_cooja/mtype630.a(sensors.o)
                                         0xd8 (size before relaxing)
 .eh_frame      0x0000000000029fe0      0x100 obj_cooja/mtype630.a(leds.o)
                                        0x118 (size before relaxing)
 .eh_frame      0x000000000002a0e0      0x1a0 obj_cooja/mtype630.a(dual_conf.o)
                                        0x1b8 (size before relaxing)
 .eh_frame      0x000000000002a280       0x40 obj_cooja/mtype630.a(autostart.o)
                                         0x58 (size before relaxing)
 .eh_frame      0x000000000002a2c0      0x100 obj_cooja/mtype630.a(ctimer.o)
                                        0x118 (size before relaxing)
 .eh_frame      0x000000000002a3c0      0x1e0 obj_cooja/mtype630.a(etimer.o)
                                        0x1f8 (size before relaxing)
 .eh_frame      0x000000000002a5a0       0x50 obj_cooja/mtype630.a(log_message.o)
                                         0x68 (size before relaxing)
 .eh_frame      0x000000000002a5f0      0x1c8 obj_cooja/mtype630.a(process.o)
                                        0x1e0 (size before relaxing)
 .eh_frame      0x000000000002a7b8       0x2c obj_cooja/mtype630.a(residual.o)
                                         0x44 (size before relaxing)
 .eh_frame      0x000000000002a7e4       0x60 obj_cooja/mtype630.a(rtimer.o)
                                         0x78 (size before relaxing)
 .eh_frame      0x000000000002a844       0xa4 obj_cooja/mtype630.a(timer.o)
                                         0xbc (size before relaxing)
 .eh_frame      0x000000000002a8e8       0x60 obj_cooja/mtype630.a(serial-line.o)
                                         0x78 (size before relaxing)
 .eh_frame      0x000000000002a948      0x180 obj_cooja/mtype630.a(list.o)
                                        0x198 (size before relaxing)
 .eh_frame      0x000000000002aac8       0xa0 obj_cooja/mtype630.a(ringbuf.o)
                                         0xb8 (size before relaxing)
 .eh_frame      0x000000000002ab68      0x350 obj_cooja/mtype630.a(sicslowpan.o)
                                        0x368 (size before relaxing)
 .eh_frame      0x000000000002aeb8      0x180 obj_cooja/mtype630.a(uip-ds6-nbr.o)
                                        0x198 (size before relaxing)
 .eh_frame      0x000000000002b038      0x3c8 obj_cooja/mtype630.a(uip-ds6.o)
                                        0x3e0 (size before relaxing)
 .eh_frame      0x000000000002b400      0x27c obj_cooja/mtype630.a(uip6.o)
                                        0x294 (size before relaxing)
 .eh_frame      0x000000000002b67c      0x270 obj_cooja/mtype630.a(tcpip.o)
                                        0x288 (size before relaxing)
 .eh_frame      0x000000000002b8ec       0x48 obj_cooja/mtype630.a(uip-debug.o)
                                         0x60 (size before relaxing)
 .eh_frame      0x000000000002b934       0xe0 obj_cooja/mtype630.a(uip-packetqueue)
                                         0xf8 (size before relaxing)
 .eh_frame      0x000000000002ba14      0x76c obj_cooja/mtype630.a(rpl-dag.o)
                                        0x784 (size before relaxing)
 .eh_frame      0x000000000002c180      0x10c obj_cooja/mtype630.a(rpl-ext-header.)
                                        0x124 (size before relaxing)
 .eh_frame      0x000000000002c28c      0x2f8 obj_cooja/mtype630.a(rpl-icmp6.o)
                                        0x310 (size before relaxing)
 .eh_frame      0x000000000002c584       0xe0 obj_cooja/mtype630.a(rpl-ltmax.o)
                                         0xf8 (size before relaxing)
 .eh_frame      0x000000000002c664      0x20c obj_cooja/mtype630.a(rpl-timers.o)
                                        0x224 (size before relaxing)
 .eh_frame      0x000000000002c870      0x148 obj_cooja/mtype630.a(rpl.o)
                                        0x160 (size before relaxing)
 .eh_frame      0x000000000002c9b8      0x28c obj_cooja/mtype630.a(csma.o)
                                        0x2a4 (size before relaxing)
 .eh_frame      0x000000000002cc44      0x108 obj_cooja/mtype630.a(framer-802154.o)
                                        0x120 (size before relaxing)
 .eh_frame      0x000000000002cd4c       0x20 obj_cooja/mtype630.a(mac.o)
                                         0x38 (size before relaxing)
 .eh_frame      0x000000000002cd6c      0x2bc obj_cooja/mtype630.a(cxmac.o)
                                        0x2d4 (size before relaxing)
 .eh_frame      0x000000000002d028       0x80 obj_cooja/mtype630.a(linkaddr.o)
                                         0x98 (size before relaxing)
 .eh_frame      0x000000000002d0a8      0x2cc obj_cooja/mtype630.a(nbr-table.o)
                                        0x2e4 (size before relaxing)
 .eh_frame      0x000000000002d374       0x20 obj_cooja/mtype630.a(netstack.o)
                                         0x38 (size before relaxing)
 .eh_frame      0x000000000002d394      0x214 obj_cooja/mtype630.a(packetbuf.o)
                                        0x22c (size before relaxing)
 .eh_frame      0x000000000002d5a8      0x1a0 obj_cooja/mtype630.a(queuebuf.o)
                                        0x1b8 (size before relaxing)
 .eh_frame      0x000000000002d748       0x80 obj_cooja/mtype630.a(nullsec.o)
                                         0x98 (size before relaxing)
 .eh_frame      0x000000000002d7c8       0xa0 obj_cooja/mtype630.a(watchdog.o)
                                         0xb8 (size before relaxing)
 .eh_frame      0x000000000002d868       0xc4 obj_cooja/mtype630.a(stimer.o)
                                         0xdc (size before relaxing)
 .eh_frame      0x000000000002d92c       0xa0 obj_cooja/mtype630.a(memb.o)
                                         0xb8 (size before relaxing)
 .eh_frame      0x000000000002d9cc      0x2a0 obj_cooja/mtype630.a(uip-ds6-route.o)
                                        0x2b8 (size before relaxing)
 .eh_frame      0x000000000002dc6c      0x168 obj_cooja/mtype630.a(uip-icmp6.o)
                                        0x180 (size before relaxing)
 .eh_frame      0x000000000002ddd4       0x68 obj_cooja/mtype630.a(uip-nd6.o)
                                         0x80 (size before relaxing)
 .eh_frame      0x000000000002de3c       0xc0 obj_cooja/mtype630.a(rpl-nbr-policy.)
                                         0xd8 (size before relaxing)
 .eh_frame      0x000000000002defc      0x164 obj_cooja/mtype630.a(frame802154.o)
                                        0x17c (size before relaxing)
 .eh_frame      0x000000000002e060        0x4 /usr/lib/gcc/i686-linux-gnu/4.8/crtendS.o

.gcc_except_table
 *(.gcc_except_table .gcc_except_table.*)

.exception_ranges
 *(.exception_ranges .exception_ranges*)
                0x000000000002e064                . = (ALIGN (0x1000) - ((0x1000 - .) & 0xfff))
                0x000000000002fef8                . = DATA_SEGMENT_ALIGN (0x1000, 0x1000)

.eh_frame
 *(.eh_frame)

.gcc_except_table
 *(.gcc_except_table .gcc_except_table.*)

.exception_ranges
 *(.exception_ranges .exception_ranges*)

.tdata
 *(.tdata .tdata.* .gnu.linkonce.td.*)

.tbss
 *(.tbss .tbss.* .gnu.linkonce.tb.*)
 *(.tcommon)

.preinit_array
 *(.preinit_array)

.init_array     0x000000000002fef8        0x4
 *(SORT(.init_array.*) SORT(.ctors.*))
 *(.init_array EXCLUDE_FILE(*crtend?.o *crtend.o *crtbegin?.o *crtbegin.o) .ctors)
 .init_array    0x000000000002fef8        0x4 /usr/lib/gcc/i686-linux-gnu/4.8/crtbeginS.o

.fini_array     0x000000000002fefc        0x4
 *(SORT(.fini_array.*) SORT(.dtors.*))
 *(.fini_array EXCLUDE_FILE(*crtend?.o *crtend.o *crtbegin?.o *crtbegin.o) .dtors)
 .fini_array    0x000000000002fefc        0x4 /usr/lib/gcc/i686-linux-gnu/4.8/crtbeginS.o

.ctors
 *crtbegin.o(.ctors)
 *crtbegin?.o(.ctors)
 *(EXCLUDE_FILE(*crtend?.o *crtend.o) .ctors)
 *(SORT(.ctors.*))
 *(.ctors)

.dtors
 *crtbegin.o(.dtors)
 *crtbegin?.o(.dtors)
 *(EXCLUDE_FILE(*crtend?.o *crtend.o) .dtors)
 *(SORT(.dtors.*))
 *(.dtors)

.jcr            0x000000000002ff00        0x4
 *(.jcr)
 .jcr           0x000000000002ff00        0x0 /usr/lib/gcc/i686-linux-gnu/4.8/crtbeginS.o
 .jcr           0x000000000002ff00        0x4 /usr/lib/gcc/i686-linux-gnu/4.8/crtendS.o

.data.rel.ro
 *(.data.rel.ro.local* .gnu.linkonce.d.rel.ro.local.*)
 *(.data.rel.ro .data.rel.ro.* .gnu.linkonce.d.rel.ro.*)

.dynamic        0x000000000002ff04       0xe8
 *(.dynamic)
 .dynamic       0x000000000002ff04       0xe8 /usr/lib/gcc/i686-linux-gnu/4.8/../../../i386-linux-gnu/crti.o
                0x000000000002ff04                _DYNAMIC

.got            0x000000000002ffec       0x14
 *(.got)
 .got           0x000000000002ffec       0x14 /usr/lib/gcc/i686-linux-gnu/4.8/../../../i386-linux-gnu/crti.o
 *(.igot)
                0x0000000000030ff4                . = DATA_SEGMENT_RELRO_END (., (SIZEOF (.got.plt) >= 0xc)?0xc:0x0)

.got.plt        0x0000000000030000       0x14
 *(.got.plt)
 .got.plt       0x0000000000030000       0x14 /usr/lib/gcc/i686-linux-gnu/4.8/../../../i386-linux-gnu/crti.o
                0x0000000000030000                _GLOBAL_OFFSET_TABLE_
 *(.igot.plt)

.data           0x0000000000030020      0x2c2
 *(.data .data.* .gnu.linkonce.d.*)
 .data          0x0000000000030020        0x0 /usr/lib/gcc/i686-linux-gnu/4.8/../../../i386-linux-gnu/crti.o
 .data          0x0000000000030020        0x0 /usr/lib/gcc/i686-linux-gnu/4.8/crtbeginS.o
 .data.rel      0x0000000000030020        0x4 /usr/lib/gcc/i686-linux-gnu/4.8/crtbeginS.o
                0x0000000000030020                __dso_handle
 .data          0x0000000000030024       0x10 udp-server.co
                0x0000000000030024                udp_server_process
 *fill*         0x0000000000030034        0xc 
 .data          0x0000000000030040       0x44 obj_cooja/mtype630.o
                0x0000000000030040                simInterfaces
                0x0000000000030074                sensors
 .data          0x0000000000030084        0x0 obj_cooja/mtype630.a(simEnvChange.o)
 .data          0x0000000000030084        0x0 obj_cooja/mtype630.a(cooja_mt.o)
 .data          0x0000000000030084        0x0 obj_cooja/mtype630.a(cooja_mtarch.o)
 .data          0x0000000000030084        0x0 obj_cooja/mtype630.a(rtimer-arch.o)
 .data          0x0000000000030084        0x0 obj_cooja/mtype630.a(beep.o)
 .data          0x0000000000030084        0x0 obj_cooja/mtype630.a(button-sensor.o)
 .data          0x0000000000030084        0x0 obj_cooja/mtype630.a(leds-arch.o)
 .data          0x0000000000030084        0x0 obj_cooja/mtype630.a(moteid.o)
 .data          0x0000000000030084        0x0 obj_cooja/mtype630.a(pir-sensor.o)
 .data          0x0000000000030084        0x0 obj_cooja/mtype630.a(rs232.o)
 .data          0x0000000000030084        0x0 obj_cooja/mtype630.a(vib-sensor.o)
 .data          0x0000000000030084        0x0 obj_cooja/mtype630.a(clock.o)
 .data          0x0000000000030084        0x0 obj_cooja/mtype630.a(log.o)
 .data          0x0000000000030084        0x0 obj_cooja/mtype630.a(cfs-cooja.o)
 .data          0x0000000000030084       0x40 obj_cooja/mtype630.a(cooja-radio.o)
                0x0000000000030084                simRadioChannelLR
                0x0000000000030088                simRadioHWOnLR
                0x000000000003008c                simSignalStrengthLR
                0x0000000000030090                simLastSignalStrengthLR
                0x0000000000030094                simPowerLR
                0x0000000000030098                simLQILR
                0x000000000003009c                simRadioChannel
                0x00000000000300a0                simRadioHWOn
                0x00000000000300a4                simSignalStrength
                0x00000000000300a8                simLastSignalStrength
                0x00000000000300ac                simPower
                0x00000000000300b0                simLQI
                0x00000000000300b4                cooja_radio_process
 .data          0x00000000000300c4        0x0 obj_cooja/mtype630.a(eeprom.o)
 .data          0x00000000000300c4        0x0 obj_cooja/mtype630.a(random.o)
 .data          0x00000000000300c4       0x10 obj_cooja/mtype630.a(sensors.o)
                0x00000000000300c4                sensors_process
 .data          0x00000000000300d4        0x0 obj_cooja/mtype630.a(leds.o)
 .data          0x00000000000300d4       0x3a obj_cooja/mtype630.a(dual_conf.o)
                0x00000000000300d4                radio_received
                0x00000000000300d8                dual_dio_broadcast
                0x00000000000300e8                dual_dis_broadcast
                0x00000000000300f8                dual_LSA_converge_broadcast
 .data          0x000000000003010e        0x0 obj_cooja/mtype630.a(autostart.o)
 *fill*         0x000000000003010e        0x2 
 .data          0x0000000000030110       0x14 obj_cooja/mtype630.a(ctimer.o)
                0x0000000000030114                ctimer_process
 .data          0x0000000000030124       0x10 obj_cooja/mtype630.a(etimer.o)
                0x0000000000030124                etimer_process
 .data          0x0000000000030134        0x0 obj_cooja/mtype630.a(log_message.o)
 .data          0x0000000000030134        0x0 obj_cooja/mtype630.a(process.o)
 .data          0x0000000000030134        0x0 obj_cooja/mtype630.a(residual.o)
 .data          0x0000000000030134        0x0 obj_cooja/mtype630.a(rtimer.o)
 .data          0x0000000000030134        0x0 obj_cooja/mtype630.a(timer.o)
 .data          0x0000000000030134       0x10 obj_cooja/mtype630.a(serial-line.o)
                0x0000000000030134                serial_line_process
 .data          0x0000000000030144        0x0 obj_cooja/mtype630.a(list.o)
 .data          0x0000000000030144        0x0 obj_cooja/mtype630.a(ringbuf.o)
 .data          0x0000000000030144        0x0 obj_cooja/mtype630.a(sicslowpan.o)
 .data          0x0000000000030144       0x14 obj_cooja/mtype630.a(uip-ds6-nbr.o)
                0x0000000000030154                ds6_neighbors
 .data          0x0000000000030158        0x0 obj_cooja/mtype630.a(uip-ds6.o)
 .data          0x0000000000030158        0x0 obj_cooja/mtype630.a(uip6.o)
 .data          0x0000000000030158       0x10 obj_cooja/mtype630.a(tcpip.o)
                0x0000000000030158                tcpip_process
 .data          0x0000000000030168        0x0 obj_cooja/mtype630.a(uip-debug.o)
 .data          0x0000000000030168        0xc obj_cooja/mtype630.a(uip-packetqueue)
 .data          0x0000000000030174       0x28 obj_cooja/mtype630.a(rpl-dag.o)
                0x0000000000030184                rpl_parents
                0x0000000000030198                rpl_children
 .data          0x000000000003019c        0x0 obj_cooja/mtype630.a(rpl-ext-header.)
 .data          0x000000000003019c       0x40 obj_cooja/mtype630.a(rpl-icmp6.o)
 .data          0x00000000000301dc       0x1c obj_cooja/mtype630.a(rpl-ltmax.o)
                0x00000000000301dc                rpl_ltmax_of
 .data          0x00000000000301f8        0x0 obj_cooja/mtype630.a(rpl-timers.o)
 .data          0x00000000000301f8        0x0 obj_cooja/mtype630.a(rpl.o)
 .data          0x00000000000301f8       0x28 obj_cooja/mtype630.a(csma.o)
 .data          0x0000000000030220        0x0 obj_cooja/mtype630.a(framer-802154.o)
 .data          0x0000000000030220        0x0 obj_cooja/mtype630.a(mac.o)
 .data          0x0000000000030220       0x30 obj_cooja/mtype630.a(cxmac.o)
                0x0000000000030220                cxmac_config
                0x0000000000030230                strobe_wait
 .data          0x0000000000030250        0x0 obj_cooja/mtype630.a(linkaddr.o)
 .data          0x0000000000030250       0x10 obj_cooja/mtype630.a(nbr-table.o)
 .data          0x0000000000030260        0x0 obj_cooja/mtype630.a(netstack.o)
 .data          0x0000000000030260        0x4 obj_cooja/mtype630.a(packetbuf.o)
 .data          0x0000000000030264       0x18 obj_cooja/mtype630.a(queuebuf.o)
 .data          0x000000000003027c        0x0 obj_cooja/mtype630.a(nullsec.o)
 .data          0x000000000003027c        0x0 obj_cooja/mtype630.a(watchdog.o)
 .data          0x000000000003027c        0x0 obj_cooja/mtype630.a(rimestats.o)
 .data          0x000000000003027c        0x0 obj_cooja/mtype630.a(stimer.o)
 .data          0x000000000003027c        0x0 obj_cooja/mtype630.a(memb.o)
 .data          0x000000000003027c       0x44 obj_cooja/mtype630.a(uip-ds6-route.o)
                0x000000000003028c                nbr_routes
 .data          0x00000000000302c0       0x20 obj_cooja/mtype630.a(uip-icmp6.o)
 .data          0x00000000000302e0        0x0 obj_cooja/mtype630.a(uip-nd6.o)
 .data          0x00000000000302e0        0x0 obj_cooja/mtype630.a(rpl-nbr-policy.)
 .data          0x00000000000302e0        0x2 obj_cooja/mtype630.a(frame802154.o)
 .data          0x00000000000302e2        0x0 /usr/lib/gcc/i686-linux-gnu/4.8/crtendS.o
 .data          0x00000000000302e2        0x0 /usr/lib/gcc/i686-linux-gnu/4.8/../../../i386-linux-gnu/crtn.o

.tm_clone_table
                0x00000000000302e4        0x0
 .tm_clone_table
                0x00000000000302e4        0x0 /usr/lib/gcc/i686-linux-gnu/4.8/crtbeginS.o
 .tm_clone_table
                0x00000000000302e4        0x0 /usr/lib/gcc/i686-linux-gnu/4.8/crtendS.o

.data1
 *(.data1)
                0x00000000000302e4                _edata = .
                0x00000000000302e4                PROVIDE (edata, .)
                0x00000000000302e4                . = .
                0x00000000000302e4                __bss_start = .

.bss            0x0000000000030300     0x85a8
 *(.dynbss)
 .dynbss        0x0000000000000000        0x0 /usr/lib/gcc/i686-linux-gnu/4.8/../../../i386-linux-gnu/crti.o
 *(.bss .bss.* .gnu.linkonce.b.*)
 .bss           0x0000000000030300        0x0 /usr/lib/gcc/i686-linux-gnu/4.8/../../../i386-linux-gnu/crti.o
 .bss           0x0000000000030300        0x1 /usr/lib/gcc/i686-linux-gnu/4.8/crtbeginS.o
 *fill*         0x0000000000030301        0x3 
 .bss           0x0000000000030304        0x8 udp-server.co
                0x0000000000030304                my_weight
 *fill*         0x000000000003030c       0x14 
 .bss           0x0000000000030320     0x2030 obj_cooja/mtype630.o
 .bss           0x0000000000032350        0x1 obj_cooja/mtype630.a(simEnvChange.o)
                0x0000000000032350                simDontFallAsleep
 *fill*         0x0000000000032351        0x3 
 .bss           0x0000000000032354        0x4 obj_cooja/mtype630.a(cooja_mt.o)
 .bss           0x0000000000032358        0x4 obj_cooja/mtype630.a(cooja_mtarch.o)
 .bss           0x000000000003235c        0xc obj_cooja/mtype630.a(rtimer-arch.o)
 .bss           0x0000000000032368        0x0 obj_cooja/mtype630.a(beep.o)
 .bss           0x0000000000032368        0x8 obj_cooja/mtype630.a(button-sensor.o)
 .bss           0x0000000000032370        0x0 obj_cooja/mtype630.a(leds-arch.o)
 .bss           0x0000000000032370        0x0 obj_cooja/mtype630.a(moteid.o)
 .bss           0x0000000000032370        0x1 obj_cooja/mtype630.a(pir-sensor.o)
                0x0000000000032370                simPirValue
 *fill*         0x0000000000032371        0x3 
 .bss           0x0000000000032374        0x4 obj_cooja/mtype630.a(rs232.o)
 .bss           0x0000000000032378        0x1 obj_cooja/mtype630.a(vib-sensor.o)
                0x0000000000032378                simVibValue
 .bss           0x0000000000032379        0x0 obj_cooja/mtype630.a(clock.o)
 *fill*         0x0000000000032379        0x7 
 .bss           0x0000000000032380      0x420 obj_cooja/mtype630.a(log.o)
 .bss           0x00000000000327a0      0xfc0 obj_cooja/mtype630.a(cfs-cooja.o)
                0x00000000000327a0                simCFSData
                0x0000000000033740                simCFSSize
                0x0000000000033744                simCFSChanged
                0x0000000000033748                simCFSRead
                0x000000000003374c                simCFSWritten
 .bss           0x0000000000033760       0x24 obj_cooja/mtype630.a(cooja-radio.o)
                0x0000000000033760                simReceivingLR
                0x0000000000033764                simInSizeLR
                0x0000000000033768                simOutSizeLR
                0x000000000003376c                simReceiving
                0x0000000000033770                simInSize
                0x0000000000033774                simOutSize
                0x0000000000033778                LongRangeTransmit
                0x000000000003377c                LongRangeReceiving
 .bss           0x0000000000033784        0xc obj_cooja/mtype630.a(eeprom.o)
                0x0000000000033784                simEEPROMChanged
                0x0000000000033788                simEEPROMRead
                0x000000000003378c                simEEPROMWritten
 .bss           0x0000000000033790        0x0 obj_cooja/mtype630.a(random.o)
 .bss           0x0000000000033790        0xc obj_cooja/mtype630.a(sensors.o)
 .bss           0x000000000003379c        0x1 obj_cooja/mtype630.a(leds.o)
 *fill*         0x000000000003379d        0x3 
 .bss           0x00000000000337a0       0x40 obj_cooja/mtype630.a(dual_conf.o)
                0x00000000000337a0                long_range_radio
 .bss           0x00000000000337e0        0x0 obj_cooja/mtype630.a(autostart.o)
 .bss           0x00000000000337e0        0x5 obj_cooja/mtype630.a(ctimer.o)
 *fill*         0x00000000000337e5        0x3 
 .bss           0x00000000000337e8        0x8 obj_cooja/mtype630.a(etimer.o)
 .bss           0x00000000000337f0        0x0 obj_cooja/mtype630.a(log_message.o)
 *fill*         0x00000000000337f0       0x10 
 .bss           0x0000000000033800      0x1b1 obj_cooja/mtype630.a(process.o)
                0x0000000000033800                process_list
                0x0000000000033804                process_current
 .bss           0x00000000000339b1        0x0 obj_cooja/mtype630.a(residual.o)
 *fill*         0x00000000000339b1        0x3 
 .bss           0x00000000000339b4        0x4 obj_cooja/mtype630.a(rtimer.o)
 .bss           0x00000000000339b8        0x0 obj_cooja/mtype630.a(timer.o)
 *fill*         0x00000000000339b8        0x8 
 .bss           0x00000000000339c0      0x140 obj_cooja/mtype630.a(serial-line.o)
 .bss           0x0000000000033b00        0x0 obj_cooja/mtype630.a(list.o)
 .bss           0x0000000000033b00        0x0 obj_cooja/mtype630.a(ringbuf.o)
 .bss           0x0000000000033b00      0x70c obj_cooja/mtype630.a(sicslowpan.o)
 *fill*         0x000000000003420c       0x14 
 .bss           0x0000000000034220       0xc0 obj_cooja/mtype630.a(uip-ds6-nbr.o)
 .bss           0x00000000000342e0       0x30 obj_cooja/mtype630.a(uip-ds6.o)
 .bss           0x0000000000034310        0xe obj_cooja/mtype630.a(uip6.o)
                0x0000000000034310                uip_ext_bitmap
                0x0000000000034311                uip_ext_len
                0x0000000000034312                uip_ext_opt_offset
 *fill*         0x000000000003431e        0x2 
 .bss           0x0000000000034320       0x68 obj_cooja/mtype630.a(tcpip.o)
 .bss           0x0000000000034388        0x0 obj_cooja/mtype630.a(uip-debug.o)
 *fill*         0x0000000000034388       0x18 
 .bss           0x00000000000343a0      0xcf8 obj_cooja/mtype630.a(uip-packetqueue)
 *fill*         0x0000000000035098        0x8 
 .bss           0x00000000000350a0       0x88 obj_cooja/mtype630.a(rpl-dag.o)
 .bss           0x0000000000035128        0x0 obj_cooja/mtype630.a(rpl-ext-header.)
 .bss           0x0000000000035128        0x0 obj_cooja/mtype630.a(rpl-icmp6.o)
 .bss           0x0000000000035128        0x0 obj_cooja/mtype630.a(rpl-ltmax.o)
 *fill*         0x0000000000035128       0x18 
 .bss           0x0000000000035140       0x60 obj_cooja/mtype630.a(rpl-timers.o)
 .bss           0x00000000000351a0        0x4 obj_cooja/mtype630.a(rpl.o)
 *fill*         0x00000000000351a4       0x1c 
 .bss           0x00000000000351c0      0x288 obj_cooja/mtype630.a(csma.o)
 .bss           0x0000000000035448        0x2 obj_cooja/mtype630.a(framer-802154.o)
 .bss           0x000000000003544a        0x0 obj_cooja/mtype630.a(mac.o)
 *fill*         0x000000000003544a       0x16 
 .bss           0x0000000000035460       0xb1 obj_cooja/mtype630.a(cxmac.o)
 .bss           0x0000000000035511        0x0 obj_cooja/mtype630.a(linkaddr.o)
 *fill*         0x0000000000035511        0xf 
 .bss           0x0000000000035520       0xc4 obj_cooja/mtype630.a(nbr-table.o)
 .bss           0x00000000000355e4        0x0 obj_cooja/mtype630.a(netstack.o)
 *fill*         0x00000000000355e4       0x1c 
 .bss           0x0000000000035600       0xa0 obj_cooja/mtype630.a(packetbuf.o)
 .bss           0x00000000000356a0      0xb80 obj_cooja/mtype630.a(queuebuf.o)
 .bss           0x0000000000036220        0x0 obj_cooja/mtype630.a(nullsec.o)
 .bss           0x0000000000036220        0x0 obj_cooja/mtype630.a(watchdog.o)
 .bss           0x0000000000036220        0x0 obj_cooja/mtype630.a(rimestats.o)
 .bss           0x0000000000036220        0x0 obj_cooja/mtype630.a(stimer.o)
 .bss           0x0000000000036220        0x0 obj_cooja/mtype630.a(memb.o)
 .bss           0x0000000000036220      0x4a8 obj_cooja/mtype630.a(uip-ds6-route.o)
 .bss           0x00000000000366c8       0x18 obj_cooja/mtype630.a(uip-icmp6.o)
 .bss           0x00000000000366e0        0x0 obj_cooja/mtype630.a(uip-nd6.o)
 .bss           0x00000000000366e0       0x44 obj_cooja/mtype630.a(rpl-nbr-policy.)
 .bss           0x0000000000036724        0x0 obj_cooja/mtype630.a(frame802154.o)
 .bss           0x0000000000036724        0x0 /usr/lib/gcc/i686-linux-gnu/4.8/crtendS.o
 .bss           0x0000000000036724        0x0 /usr/lib/gcc/i686-linux-gnu/4.8/../../../i386-linux-gnu/crtn.o
 *(COMMON)
 COMMON         0x0000000000036724        0x8 udp-server.co
                0x0000000000036724                LSA_message_input
                0x0000000000036725                LSA_SR_preamble
                0x0000000000036726                LSA_lr_child
                0x0000000000036727                LSA_converge
                0x0000000000036728                my_sink_reachability
                0x0000000000036729                my_parent_number
                0x000000000003672a                LSA_broadcast_count
                0x000000000003672b                LSA_message_flag
 COMMON         0x000000000003672c       0x68 obj_cooja/mtype630.o
                0x000000000003672c                dio_count
                0x0000000000036730                dis_count
                0x0000000000036734                tcp_output_count
                0x0000000000036738                csma_transmission_count
                0x000000000003673c                dao_ack_fwd_count
                0x0000000000036740                COOJA_radioRxLong
                0x0000000000036744                cxmac_collision_count
                0x0000000000036748                control_message_count
                0x000000000003674c                dao_count
                0x0000000000036750                icmp_count
                0x0000000000036754                COOJA_radioTx
                0x0000000000036758                referenceVar
                0x000000000003675c                cxmac_transmission_count
                0x0000000000036760                dao_ack_count
                0x0000000000036764                data_message_count
                0x0000000000036768                COOJA_radioTxLong
                0x000000000003676c                COOJA_radioRx
                0x0000000000036770                debugfp
                0x0000000000036774                COOJA_radioOn
                0x0000000000036778                LSA_count
                0x000000000003677c                dao_fwd_count
                0x0000000000036780                COOJA_duration
                0x0000000000036784                dio_ack_count
                0x0000000000036788                COOJA_radioOnLong
                0x000000000003678c                sensors_flags
                0x0000000000036790                data_fwd_count
 COMMON         0x0000000000036794        0xc obj_cooja/mtype630.a(simEnvChange.o)
                0x0000000000036794                simEtimerPending
                0x0000000000036798                simProcessRunValue
                0x000000000003679c                simNextExpirationTime
 COMMON         0x00000000000367a0        0x1 obj_cooja/mtype630.a(beep.o)
                0x00000000000367a0                simBeeped
 COMMON         0x00000000000367a1        0x3 obj_cooja/mtype630.a(button-sensor.o)
                0x00000000000367a1                simButtonIsActive
                0x00000000000367a2                simButtonIsDown
                0x00000000000367a3                simButtonChanged
 COMMON         0x00000000000367a4        0x1 obj_cooja/mtype630.a(leds-arch.o)
                0x00000000000367a4                simLedsValue
 *fill*         0x00000000000367a5        0x3 
 COMMON         0x00000000000367a8        0xc obj_cooja/mtype630.a(moteid.o)
                0x00000000000367a8                simRandomSeed
                0x00000000000367ac                simMoteIDChanged
                0x00000000000367b0                simMoteID
 COMMON         0x00000000000367b4        0x2 obj_cooja/mtype630.a(pir-sensor.o)
                0x00000000000367b4                simPirIsActive
                0x00000000000367b5                simPirChanged
 *fill*         0x00000000000367b6        0xa 
 COMMON         0x00000000000367c0      0x820 obj_cooja/mtype630.a(rs232.o)
                0x00000000000367c0                simSerialReceivingFlag
                0x00000000000367c4                simSerialReceivingLength
                0x00000000000367e0                simSerialReceivingData
 COMMON         0x0000000000036fe0        0x2 obj_cooja/mtype630.a(vib-sensor.o)
                0x0000000000036fe0                simVibChanged
                0x0000000000036fe1                simVibIsActive
 *fill*         0x0000000000036fe2        0x2 
 COMMON         0x0000000000036fe4        0x4 obj_cooja/mtype630.a(clock.o)
                0x0000000000036fe4                simCurrentTime
 *fill*         0x0000000000036fe8       0x18 
 COMMON         0x0000000000037000      0x420 obj_cooja/mtype630.a(log.o)
                0x0000000000037000                simLoggedLength
                0x0000000000037004                simLoggedFlag
                0x0000000000037020                simLoggedData
 COMMON         0x0000000000037420      0x260 obj_cooja/mtype630.a(cooja-radio.o)
                0x0000000000037420                simOutDataBuffer
                0x00000000000374a0                simRadioTarget
                0x00000000000374c0                simInDataBufferLR
                0x0000000000037540                packet_forwarding
                0x0000000000037560                simOutDataBufferLR
                0x00000000000375e0                dual_duty_cycle_count
                0x0000000000037600                simInDataBuffer
 COMMON         0x0000000000037680      0x400 obj_cooja/mtype630.a(eeprom.o)
                0x0000000000037680                simEEPROMData
 COMMON         0x0000000000037a80        0x1 obj_cooja/mtype630.a(sensors.o)
                0x0000000000037a80                sensors_event
 *fill*         0x0000000000037a81        0x3 
 COMMON         0x0000000000037a84        0x4 obj_cooja/mtype630.a(log_message.o)
                0x0000000000037a84                log_fp
 COMMON         0x0000000000037a88        0x1 obj_cooja/mtype630.a(serial-line.o)
                0x0000000000037a88                serial_line_event_message
 *fill*         0x0000000000037a89       0x17 
 COMMON         0x0000000000037aa0       0x50 obj_cooja/mtype630.a(uip-ds6-nbr.o)
                0x0000000000037aa0                ds6_lr_addrmap
 *fill*         0x0000000000037af0       0x10 
 COMMON         0x0000000000037b00      0x298 obj_cooja/mtype630.a(uip-ds6.o)
                0x0000000000037b00                uip_ds6_prefix_list
                0x0000000000037b60                uip_ds6_timer_periodic
                0x0000000000037b70                uip_ds6_netif_addr_list_offset
                0x0000000000037b80                uip_ds6_if
                0x0000000000037c78                uip_ds6_timer_ra
                0x0000000000037c80                uip_ds6_addr_size
                0x0000000000037ca0                long_uip_ds6_if
 *fill*         0x0000000000037d98        0x8 
 COMMON         0x0000000000037da0      0x8ec obj_cooja/mtype630.a(uip6.o)
                0x0000000000037da0                uip_slen
                0x0000000000037da2                uip_acc32
                0x0000000000037dc0                uip_conns
                0x0000000000037e80                uip_lladdr
                0x0000000000037e88                uip_appdata
                0x0000000000037e8c                uip_flags
                0x0000000000037ea0                uip_aligned_buf
                0x00000000000384e0                uip_listenports
                0x00000000000384f0                uip_len
                0x00000000000384f2                uip_long_lladdr
                0x00000000000384fc                uip_sappdata
                0x0000000000038500                uip_udp_conns
                0x0000000000038680                uip_udp_conn
                0x0000000000038684                uip_next_hdr
                0x0000000000038688                uip_conn
 COMMON         0x000000000003868c        0x1 obj_cooja/mtype630.a(tcpip.o)
                0x000000000003868c                tcpip_event
 *fill*         0x000000000003868d       0x13 
 COMMON         0x00000000000386a0      0x178 obj_cooja/mtype630.a(rpl-dag.o)
                0x00000000000386a0                default_instance
                0x00000000000386c0                instance_table
 COMMON         0x0000000000038818       0x10 obj_cooja/mtype630.a(linkaddr.o)
                0x0000000000038818                linkaddr_node_addr
                0x0000000000038820                long_linkaddr_node_addr
 COMMON         0x0000000000038828       0x2e obj_cooja/mtype630.a(packetbuf.o)
                0x0000000000038828                packetbuf_attrs
                0x0000000000038846                packetbuf_addrs
 *fill*         0x0000000000038856        0xa 
 COMMON         0x0000000000038860       0x48 obj_cooja/mtype630.a(rimestats.o)
                0x0000000000038860                rimestats
                0x00000000000388a8                . = ALIGN ((. != 0x0)?0x4:0x1)
                0x00000000000388a8                . = ALIGN (0x4)
                0x00000000000388a8                . = SEGMENT_START ("ldata-segment", .)
                0x00000000000388a8                . = ALIGN (0x4)
                0x00000000000388a8                _end = .
                0x00000000000388a8                PROVIDE (end, .)
                0x00000000000388a8                . = DATA_SEGMENT_END (.)

.stab
 *(.stab)

.stabstr
 *(.stabstr)

.stab.excl
 *(.stab.excl)

.stab.exclstr
 *(.stab.exclstr)

.stab.index
 *(.stab.index)

.stab.indexstr
 *(.stab.indexstr)

.comment        0x0000000000000000       0x29
 *(.comment)
 .comment       0x0000000000000000       0x29 /usr/lib/gcc/i686-linux-gnu/4.8/crtbeginS.o
                                         0x2a (size before relaxing)
 .comment       0x0000000000000000       0x2a udp-server.co
 .comment       0x0000000000000000       0x2a obj_cooja/mtype630.o
 .comment       0x0000000000000000       0x2a obj_cooja/mtype630.a(simEnvChange.o)
 .comment       0x0000000000000000       0x2a obj_cooja/mtype630.a(cooja_mt.o)
 .comment       0x0000000000000000       0x2a obj_cooja/mtype630.a(cooja_mtarch.o)
 .comment       0x0000000000000000       0x2a obj_cooja/mtype630.a(rtimer-arch.o)
 .comment       0x0000000000000000       0x2a obj_cooja/mtype630.a(beep.o)
 .comment       0x0000000000000000       0x2a obj_cooja/mtype630.a(button-sensor.o)
 .comment       0x0000000000000000       0x2a obj_cooja/mtype630.a(leds-arch.o)
 .comment       0x0000000000000000       0x2a obj_cooja/mtype630.a(moteid.o)
 .comment       0x0000000000000000       0x2a obj_cooja/mtype630.a(pir-sensor.o)
 .comment       0x0000000000000000       0x2a obj_cooja/mtype630.a(rs232.o)
 .comment       0x0000000000000000       0x2a obj_cooja/mtype630.a(vib-sensor.o)
 .comment       0x0000000000000000       0x2a obj_cooja/mtype630.a(clock.o)
 .comment       0x0000000000000000       0x2a obj_cooja/mtype630.a(log.o)
 .comment       0x0000000000000000       0x2a obj_cooja/mtype630.a(cfs-cooja.o)
 .comment       0x0000000000000000       0x2a obj_cooja/mtype630.a(cooja-radio.o)
 .comment       0x0000000000000000       0x2a obj_cooja/mtype630.a(eeprom.o)
 .comment       0x0000000000000000       0x2a obj_cooja/mtype630.a(random.o)
 .comment       0x0000000000000000       0x2a obj_cooja/mtype630.a(sensors.o)
 .comment       0x0000000000000000       0x2a obj_cooja/mtype630.a(leds.o)
 .comment       0x0000000000000000       0x2a obj_cooja/mtype630.a(dual_conf.o)
 .comment       0x0000000000000000       0x2a obj_cooja/mtype630.a(autostart.o)
 .comment       0x0000000000000000       0x2a obj_cooja/mtype630.a(ctimer.o)
 .comment       0x0000000000000000       0x2a obj_cooja/mtype630.a(etimer.o)
 .comment       0x0000000000000000       0x2a obj_cooja/mtype630.a(log_message.o)
 .comment       0x0000000000000000       0x2a obj_cooja/mtype630.a(process.o)
 .comment       0x0000000000000000       0x2a obj_cooja/mtype630.a(residual.o)
 .comment       0x0000000000000000       0x2a obj_cooja/mtype630.a(rtimer.o)
 .comment       0x0000000000000000       0x2a obj_cooja/mtype630.a(timer.o)
 .comment       0x0000000000000000       0x2a obj_cooja/mtype630.a(serial-line.o)
 .comment       0x0000000000000000       0x2a obj_cooja/mtype630.a(list.o)
 .comment       0x0000000000000000       0x2a obj_cooja/mtype630.a(ringbuf.o)
 .comment       0x0000000000000000       0x2a obj_cooja/mtype630.a(sicslowpan.o)
 .comment       0x0000000000000000       0x2a obj_cooja/mtype630.a(uip-ds6-nbr.o)
 .comment       0x0000000000000000       0x2a obj_cooja/mtype630.a(uip-ds6.o)
 .comment       0x0000000000000000       0x2a obj_cooja/mtype630.a(uip6.o)
 .comment       0x0000000000000000       0x2a obj_cooja/mtype630.a(tcpip.o)
 .comment       0x0000000000000000       0x2a obj_cooja/mtype630.a(uip-debug.o)
 .comment       0x0000000000000000       0x2a obj_cooja/mtype630.a(uip-packetqueue)
 .comment       0x0000000000000000       0x2a obj_cooja/mtype630.a(rpl-dag.o)
 .comment       0x0000000000000000       0x2a obj_cooja/mtype630.a(rpl-ext-header.)
 .comment       0x0000000000000000       0x2a obj_cooja/mtype630.a(rpl-icmp6.o)
 .comment       0x0000000000000000       0x2a obj_cooja/mtype630.a(rpl-ltmax.o)
 .comment       0x0000000000000000       0x2a obj_cooja/mtype630.a(rpl-timers.o)
 .comment       0x0000000000000000       0x2a obj_cooja/mtype630.a(rpl.o)
 .comment       0x0000000000000000       0x2a obj_cooja/mtype630.a(csma.o)
 .comment       0x0000000000000000       0x2a obj_cooja/mtype630.a(framer-802154.o)
 .comment       0x0000000000000000       0x2a obj_cooja/mtype630.a(mac.o)
 .comment       0x0000000000000000       0x2a obj_cooja/mtype630.a(cxmac.o)
 .comment       0x0000000000000000       0x2a obj_cooja/mtype630.a(linkaddr.o)
 .comment       0x0000000000000000       0x2a obj_cooja/mtype630.a(nbr-table.o)
 .comment       0x0000000000000000       0x2a obj_cooja/mtype630.a(netstack.o)
 .comment       0x0000000000000000       0x2a obj_cooja/mtype630.a(packetbuf.o)
 .comment       0x0000000000000000       0x2a obj_cooja/mtype630.a(queuebuf.o)
 .comment       0x0000000000000000       0x2a obj_cooja/mtype630.a(nullsec.o)
 .comment       0x0000000000000000       0x2a obj_cooja/mtype630.a(watchdog.o)
 .comment       0x0000000000000000       0x2a obj_cooja/mtype630.a(rimestats.o)
 .comment       0x0000000000000000       0x2a obj_cooja/mtype630.a(stimer.o)
 .comment       0x0000000000000000       0x2a obj_cooja/mtype630.a(memb.o)
 .comment       0x0000000000000000       0x2a obj_cooja/mtype630.a(uip-ds6-route.o)
 .comment       0x0000000000000000       0x2a obj_cooja/mtype630.a(uip-icmp6.o)
 .comment       0x0000000000000000       0x2a obj_cooja/mtype630.a(uip-nd6.o)
 .comment       0x0000000000000000       0x2a obj_cooja/mtype630.a(rpl-nbr-policy.)
 .comment       0x0000000000000000       0x2a obj_cooja/mtype630.a(frame802154.o)
 .comment       0x0000000000000000       0x2a /usr/lib/gcc/i686-linux-gnu/4.8/crtendS.o

.debug
 *(.debug)

.line
 *(.line)

.debug_srcinfo
 *(.debug_srcinfo)

.debug_sfnames
 *(.debug_sfnames)

.debug_aranges  0x0000000000000000      0x818
 *(.debug_aranges)
 .debug_aranges
                0x0000000000000000       0x20 udp-server.co
 .debug_aranges
                0x0000000000000020       0x20 obj_cooja/mtype630.o
 .debug_aranges
                0x0000000000000040       0x20 obj_cooja/mtype630.a(simEnvChange.o)
 .debug_aranges
                0x0000000000000060       0x20 obj_cooja/mtype630.a(cooja_mt.o)
 .debug_aranges
                0x0000000000000080       0x20 obj_cooja/mtype630.a(cooja_mtarch.o)
 .debug_aranges
                0x00000000000000a0       0x20 obj_cooja/mtype630.a(rtimer-arch.o)
 .debug_aranges
                0x00000000000000c0       0x20 obj_cooja/mtype630.a(beep.o)
 .debug_aranges
                0x00000000000000e0       0x20 obj_cooja/mtype630.a(button-sensor.o)
 .debug_aranges
                0x0000000000000100       0x20 obj_cooja/mtype630.a(leds-arch.o)
 .debug_aranges
                0x0000000000000120       0x20 obj_cooja/mtype630.a(moteid.o)
 .debug_aranges
                0x0000000000000140       0x20 obj_cooja/mtype630.a(pir-sensor.o)
 .debug_aranges
                0x0000000000000160       0x20 obj_cooja/mtype630.a(rs232.o)
 .debug_aranges
                0x0000000000000180       0x20 obj_cooja/mtype630.a(vib-sensor.o)
 .debug_aranges
                0x00000000000001a0       0x20 obj_cooja/mtype630.a(clock.o)
 .debug_aranges
                0x00000000000001c0       0x20 obj_cooja/mtype630.a(log.o)
 .debug_aranges
                0x00000000000001e0       0x20 obj_cooja/mtype630.a(cfs-cooja.o)
 .debug_aranges
                0x0000000000000200       0x20 obj_cooja/mtype630.a(cooja-radio.o)
 .debug_aranges
                0x0000000000000220       0x20 obj_cooja/mtype630.a(eeprom.o)
 .debug_aranges
                0x0000000000000240       0x20 obj_cooja/mtype630.a(random.o)
 .debug_aranges
                0x0000000000000260       0x20 obj_cooja/mtype630.a(sensors.o)
 .debug_aranges
                0x0000000000000280       0x20 obj_cooja/mtype630.a(leds.o)
 .debug_aranges
                0x00000000000002a0       0x20 obj_cooja/mtype630.a(dual_conf.o)
 .debug_aranges
                0x00000000000002c0       0x20 obj_cooja/mtype630.a(autostart.o)
 .debug_aranges
                0x00000000000002e0       0x20 obj_cooja/mtype630.a(ctimer.o)
 .debug_aranges
                0x0000000000000300       0x20 obj_cooja/mtype630.a(etimer.o)
 .debug_aranges
                0x0000000000000320       0x20 obj_cooja/mtype630.a(log_message.o)
 .debug_aranges
                0x0000000000000340       0x20 obj_cooja/mtype630.a(process.o)
 .debug_aranges
                0x0000000000000360       0x20 obj_cooja/mtype630.a(residual.o)
 .debug_aranges
                0x0000000000000380       0x20 obj_cooja/mtype630.a(rtimer.o)
 .debug_aranges
                0x00000000000003a0       0x20 obj_cooja/mtype630.a(timer.o)
 .debug_aranges
                0x00000000000003c0       0x20 obj_cooja/mtype630.a(serial-line.o)
 .debug_aranges
                0x00000000000003e0       0x20 obj_cooja/mtype630.a(list.o)
 .debug_aranges
                0x0000000000000400       0x20 obj_cooja/mtype630.a(ringbuf.o)
 .debug_aranges
                0x0000000000000420       0x20 obj_cooja/mtype630.a(sicslowpan.o)
 .debug_aranges
                0x0000000000000440       0x20 obj_cooja/mtype630.a(uip-ds6-nbr.o)
 .debug_aranges
                0x0000000000000460       0x20 obj_cooja/mtype630.a(uip-ds6.o)
 .debug_aranges
                0x0000000000000480       0x20 obj_cooja/mtype630.a(uip6.o)
 .debug_aranges
                0x00000000000004a0       0x20 obj_cooja/mtype630.a(tcpip.o)
 .debug_aranges
                0x00000000000004c0       0x20 obj_cooja/mtype630.a(uip-debug.o)
 .debug_aranges
                0x00000000000004e0       0x20 obj_cooja/mtype630.a(uip-packetqueue)
 .debug_aranges
                0x0000000000000500       0x20 obj_cooja/mtype630.a(rpl-dag.o)
 .debug_aranges
                0x0000000000000520       0x20 obj_cooja/mtype630.a(rpl-ext-header.)
 .debug_aranges
                0x0000000000000540       0x20 obj_cooja/mtype630.a(rpl-icmp6.o)
 .debug_aranges
                0x0000000000000560       0x20 obj_cooja/mtype630.a(rpl-ltmax.o)
 .debug_aranges
                0x0000000000000580       0x20 obj_cooja/mtype630.a(rpl-timers.o)
 .debug_aranges
                0x00000000000005a0       0x20 obj_cooja/mtype630.a(rpl.o)
 .debug_aranges
                0x00000000000005c0       0x20 obj_cooja/mtype630.a(csma.o)
 .debug_aranges
                0x00000000000005e0       0x20 obj_cooja/mtype630.a(framer-802154.o)
 .debug_aranges
                0x0000000000000600       0x20 obj_cooja/mtype630.a(mac.o)
 .debug_aranges
                0x0000000000000620       0x20 obj_cooja/mtype630.a(cxmac.o)
 .debug_aranges
                0x0000000000000640       0x20 obj_cooja/mtype630.a(linkaddr.o)
 .debug_aranges
                0x0000000000000660       0x20 obj_cooja/mtype630.a(nbr-table.o)
 .debug_aranges
                0x0000000000000680       0x20 obj_cooja/mtype630.a(netstack.o)
 .debug_aranges
                0x00000000000006a0       0x20 obj_cooja/mtype630.a(packetbuf.o)
 .debug_aranges
                0x00000000000006c0       0x20 obj_cooja/mtype630.a(queuebuf.o)
 .debug_aranges
                0x00000000000006e0       0x20 obj_cooja/mtype630.a(nullsec.o)
 .debug_aranges
                0x0000000000000700       0x20 obj_cooja/mtype630.a(watchdog.o)
 .debug_aranges
                0x0000000000000720       0x18 obj_cooja/mtype630.a(rimestats.o)
 .debug_aranges
                0x0000000000000738       0x20 obj_cooja/mtype630.a(stimer.o)
 .debug_aranges
                0x0000000000000758       0x20 obj_cooja/mtype630.a(memb.o)
 .debug_aranges
                0x0000000000000778       0x20 obj_cooja/mtype630.a(uip-ds6-route.o)
 .debug_aranges
                0x0000000000000798       0x20 obj_cooja/mtype630.a(uip-icmp6.o)
 .debug_aranges
                0x00000000000007b8       0x20 obj_cooja/mtype630.a(uip-nd6.o)
 .debug_aranges
                0x00000000000007d8       0x20 obj_cooja/mtype630.a(rpl-nbr-policy.)
 .debug_aranges
                0x00000000000007f8       0x20 obj_cooja/mtype630.a(frame802154.o)

.debug_pubnames
 *(.debug_pubnames)

.debug_info     0x0000000000000000    0x1ea03
 *(.debug_info .gnu.linkonce.wi.*)
 .debug_info    0x0000000000000000      0xea7 udp-server.co
 .debug_info    0x0000000000000ea7     0x3b6d obj_cooja/mtype630.o