Archive member included to satisfy reference by file (symbol)

obj_cooja/mtype249.a(simEnvChange.o)
                              obj_cooja/mtype249.o (simDontFallAsleep)
obj_cooja/mtype249.a(cooja_mt.o)
                              obj_cooja/mtype249.o (cooja_mt_start)
obj_cooja/mtype249.a(cooja_mtarch.o)
                              obj_cooja/mtype249.a(cooja_mt.o) (cooja_mtarch_init)
obj_cooja/mtype249.a(rtimer-arch.o)
                              obj_cooja/mtype249.o (rtimer_arch_next)
obj_cooja/mtype249.a(beep.o)  obj_cooja/mtype249.o (beep_interface)
obj_cooja/mtype249.a(button-sensor.o)
                              obj_cooja/mtype249.o (button_interface)
obj_cooja/mtype249.a(leds-arch.o)
                              obj_cooja/mtype249.o (leds_interface)
obj_cooja/mtype249.a(moteid.o)
                              obj_cooja/mtype249.o (moteid_interface)
obj_cooja/mtype249.a(pir-sensor.o)
                              obj_cooja/mtype249.o (pir_interface)
obj_cooja/mtype249.a(rs232.o)
                              obj_cooja/mtype249.o (rs232_interface)
obj_cooja/mtype249.a(vib-sensor.o)
                              obj_cooja/mtype249.o (vib_interface)
obj_cooja/mtype249.a(clock.o)
                              obj_cooja/mtype249.o (clock_interface)
obj_cooja/mtype249.a(log.o)   obj_cooja/mtype249.o (simlog_interface)
obj_cooja/mtype249.a(cfs-cooja.o)
                              obj_cooja/mtype249.o (cfs_interface)
obj_cooja/mtype249.a(cooja-radio.o)
                              obj_cooja/mtype249.o (radio_interface)
obj_cooja/mtype249.a(eeprom.o)
                              obj_cooja/mtype249.o (eeprom_interface)
obj_cooja/mtype249.a(random.o)
                              obj_cooja/mtype249.a(moteid.o) (random_init)
obj_cooja/mtype249.a(sensors.o)
                              udp-server.co (sensors_event)
obj_cooja/mtype249.a(dual_conf.o)
                              obj_cooja/mtype249.a(cooja-radio.o) (long_range_radio)
obj_cooja/mtype249.a(autostart.o)
                              obj_cooja/mtype249.o (autostart_start)
obj_cooja/mtype249.a(ctimer.o)
                              obj_cooja/mtype249.o (ctimer_init)
obj_cooja/mtype249.a(etimer.o)
                              obj_cooja/mtype249.o (etimer_process)
obj_cooja/mtype249.a(process.o)
                              udp-server.co (process_current)
obj_cooja/mtype249.a(rtimer.o)
                              obj_cooja/mtype249.a(rtimer-arch.o) (rtimer_run_next)
obj_cooja/mtype249.a(timer.o)
                              obj_cooja/mtype249.a(button-sensor.o) (timer_set)
obj_cooja/mtype249.a(serial-line.o)
                              obj_cooja/mtype249.a(rs232.o) (serial_line_input_byte)
obj_cooja/mtype249.a(list.o)  obj_cooja/mtype249.a(ctimer.o) (list_init)
obj_cooja/mtype249.a(ringbuf.o)
                              obj_cooja/mtype249.a(serial-line.o) (ringbuf_init)
obj_cooja/mtype249.a(sicslowpan.o)
                              obj_cooja/mtype249.o (sicslowpan_driver)
obj_cooja/mtype249.a(uip-ds6-nbr.o)
                              obj_cooja/mtype249.a(sicslowpan.o) (uip_ds6_link_neighbor_callback)
obj_cooja/mtype249.a(uip-ds6.o)
                              udp-server.co (uip_ds6_if)
obj_cooja/mtype249.a(uip6.o)  obj_cooja/mtype249.o (uip_lladdr)
obj_cooja/mtype249.a(tcpip.o)
                              udp-server.co (tcpip_event)
obj_cooja/mtype249.a(uip-debug.o)
                              udp-server.co (uip_debug_ipaddr_print)
obj_cooja/mtype249.a(uip-packetqueue)
                              obj_cooja/mtype249.a(uip-ds6-nbr.o) (uip_packetqueue_new)
obj_cooja/mtype249.a(rpl-dag.o)
                              udp-server.co (rpl_set_root)
obj_cooja/mtype249.a(rpl-ext-header.)
                              obj_cooja/mtype249.a(uip6.o) (rpl_verify_header)
obj_cooja/mtype249.a(rpl-icmp6.o)
                              obj_cooja/mtype249.a(rpl-dag.o) (rpl_icmp6_update_nbr_table)
obj_cooja/mtype249.a(rpl-jkof.o)
                              obj_cooja/mtype249.a(rpl-dag.o) (rpl_jkof)
obj_cooja/mtype249.a(rpl-timers.o)
                              obj_cooja/mtype249.a(rpl-dag.o) (rpl_reset_dio_timer)
obj_cooja/mtype249.a(rpl.o)   obj_cooja/mtype249.a(rpl-icmp6.o) (rpl_get_mode)
obj_cooja/mtype249.a(framer-802154.o)
                              obj_cooja/mtype249.a(sicslowpan.o) (framer_802154)
obj_cooja/mtype249.a(nullmac.o)
                              udp-server.co (nullmac_driver)
obj_cooja/mtype249.a(nullrdc.o)
                              obj_cooja/mtype249.o (nullrdc_driver)
obj_cooja/mtype249.a(linkaddr.o)
                              obj_cooja/mtype249.o (linkaddr_node_addr)
obj_cooja/mtype249.a(nbr-table.o)
                              obj_cooja/mtype249.a(uip-ds6-nbr.o) (lladdr_map_add_lr)
obj_cooja/mtype249.a(netstack.o)
                              obj_cooja/mtype249.o (netstack_init)
obj_cooja/mtype249.a(packetbuf.o)
                              obj_cooja/mtype249.a(cooja-radio.o) (packetbuf_attrs)
[...]
Memory Configuration

Name             Origin             Length             Attributes
*default*        0x0000000000000000 0xffffffffffffffff

Linker script and memory map

LOAD /usr/lib/gcc/i686-linux-gnu/4.8/../../../i386-linux-gnu/crti.o
LOAD /usr/lib/gcc/i686-linux-gnu/4.8/crtbeginS.o
LOAD udp-server.co
LOAD obj_cooja/mtype249.o
LOAD obj_cooja/mtype249.a
LOAD /usr/lib/gcc/i686-linux-gnu/4.8/libgcc.a
LOAD /usr/lib/gcc/i686-linux-gnu/4.8/libgcc_s.so
LOAD /usr/lib/gcc/i686-linux-gnu/4.8/../../../i386-linux-gnu/libc.so
START GROUP
LOAD /lib/i386-linux-gnu/libc.so.6
LOAD /usr/lib/i386-linux-gnu/libc_nonshared.a
LOAD /lib/i386-linux-gnu/ld-linux.so.2
END GROUP
LOAD /usr/lib/gcc/i686-linux-gnu/4.8/libgcc.a
LOAD /usr/lib/gcc/i686-linux-gnu/4.8/libgcc_s.so
LOAD /usr/lib/gcc/i686-linux-gnu/4.8/crtendS.o
LOAD /usr/lib/gcc/i686-linux-gnu/4.8/../../../i386-linux-gnu/crtn.o
                0x0000000000000114                . = (0x0 + SIZEOF_HEADERS)

.note.gnu.build-id
                0x0000000000000114       0x24
 *(.note.gnu.build-id)
 .note.gnu.build-id
                0x0000000000000114       0x24 /usr/lib/gcc/i686-linux-gnu/4.8/../../../i386-linux-gnu/crti.o

.hash
 *(.hash)

.gnu.hash       0x0000000000000138     0x12b4
 *(.gnu.hash)
 .gnu.hash      0x0000000000000138     0x12b4 /usr/lib/gcc/i686-linux-gnu/4.8/../../../i386-linux-gnu/crti.o

.dynsym         0x00000000000013ec     0x2300
 *(.dynsym)
 .dynsym        0x00000000000013ec     0x2300 /usr/lib/gcc/i686-linux-gnu/4.8/../../../i386-linux-gnu/crti.o

.dynstr         0x00000000000036ec     0x2436
 *(.dynstr)
 .dynstr        0x00000000000036ec     0x2436 /usr/lib/gcc/i686-linux-gnu/4.8/../../../i386-linux-gnu/crti.o

.gnu.version    0x0000000000005b22      0x460
 *(.gnu.version)
 .gnu.version   0x0000000000005b22      0x460 /usr/lib/gcc/i686-linux-gnu/4.8/../../../i386-linux-gnu/crti.o

.gnu.version_d  0x0000000000005f84        0x0
 *(.gnu.version_d)
 .gnu.version_d
                0x0000000000000000        0x0 /usr/lib/gcc/i686-linux-gnu/4.8/../../../i386-linux-gnu/crti.o

.gnu.version_r  0x0000000000005f84       0x40
 *(.gnu.version_r)
 .gnu.version_r
                0x0000000000005f84       0x40 /usr/lib/gcc/i686-linux-gnu/4.8/../../../i386-linux-gnu/crti.o

.rel.dyn        0x0000000000005fc4     0x8ab8
 *(.rel.init)
 .rel.init      0x0000000000000000        0x0 /usr/lib/gcc/i686-linux-gnu/4.8/../../../i386-linux-gnu/crti.o
 *(.rel.text .rel.text.* .rel.gnu.linkonce.t.*)
 .rel.text      0x0000000000005fc4     0x8350 /usr/lib/gcc/i686-linux-gnu/4.8/../../../i386-linux-gnu/crti.o
 *(.rel.fini)
 .rel.fini      0x0000000000000000        0x0 /usr/lib/gcc/i686-linux-gnu/4.8/../../../i386-linux-gnu/crti.o
 *(.rel.rodata .rel.rodata.* .rel.gnu.linkonce.r.*)
 .rel.rodata    0x000000000000e314      0x4e0 /usr/lib/gcc/i686-linux-gnu/4.8/../../../i386-linux-gnu/crti.o
 *(.rel.data.rel.ro .rel.data.rel.ro.* .rel.gnu.linkonce.d.rel.ro.*)
 *(.rel.data .rel.data.* .rel.gnu.linkonce.d.*)
 .rel.data.rel  0x000000000000e7f4        0x8 /usr/lib/gcc/i686-linux-gnu/4.8/../../../i386-linux-gnu/crti.o
 .rel.data      0x000000000000e7fc      0x248 /usr/lib/gcc/i686-linux-gnu/4.8/../../../i386-linux-gnu/crti.o
 *(.rel.tdata .rel.tdata.* .rel.gnu.linkonce.td.*)
 *(.rel.tbss .rel.tbss.* .rel.gnu.linkonce.tb.*)
 *(.rel.ctors)
 *(.rel.dtors)
 *(.rel.got)
 .rel.got       0x000000000000ea44       0x28 /usr/lib/gcc/i686-linux-gnu/4.8/../../../i386-linux-gnu/crti.o
 *(.rel.bss .rel.bss.* .rel.gnu.linkonce.b.*)
 *(.rel.ifunc)
 .rel.ifunc     0x0000000000000000        0x0 /usr/lib/gcc/i686-linux-gnu/4.8/../../../i386-linux-gnu/crti.o
 .rel.fini_array
                0x000000000000ea6c        0x8 /usr/lib/gcc/i686-linux-gnu/4.8/../../../i386-linux-gnu/crti.o
 .rel.init_array
                0x000000000000ea74        0x8 /usr/lib/gcc/i686-linux-gnu/4.8/../../../i386-linux-gnu/crti.o

.rel.plt        0x000000000000ea7c       0x10
 *(.rel.plt)
 .rel.plt       0x000000000000ea7c       0x10 /usr/lib/gcc/i686-linux-gnu/4.8/../../../i386-linux-gnu/crti.o
 *(.rel.iplt)

.init           0x000000000000ea8c       0x23
 *(SORT(.init))
 .init          0x000000000000ea8c       0x1e /usr/lib/gcc/i686-linux-gnu/4.8/../../../i386-linux-gnu/crti.o
                0x000000000000ea8c                _init
 .init          0x000000000000eaaa        0x5 /usr/lib/gcc/i686-linux-gnu/4.8/../../../i386-linux-gnu/crtn.o

.plt            0x000000000000eab0       0x30
 *(.plt)
 .plt           0x000000000000eab0       0x30 /usr/lib/gcc/i686-linux-gnu/4.8/../../../i386-linux-gnu/crti.o
 *(.iplt)

.text           0x000000000000eae0    0x1523a
 *(.text.unlikely .text.*_unlikely .text.unlikely.*)
 *(.text.exit .text.exit.*)
 *(.text.startup .text.startup.*)
 *(.text.hot .text.hot.*)
 *(.text .stub .text.* .gnu.linkonce.t.*)
 .text          0x000000000000eae0        0x0 /usr/lib/gcc/i686-linux-gnu/4.8/../../../i386-linux-gnu/crti.o
 .gnu.linkonce.t.__x86.get_pc_thunk.bx
                0x000000000000eae0        0x4 /usr/lib/gcc/i686-linux-gnu/4.8/../../../i386-linux-gnu/crti.o
                0x000000000000eae0                __x86.get_pc_thunk.bx
 *fill*         0x000000000000eae4        0xc 
 .text          0x000000000000eaf0      0x11b /usr/lib/gcc/i686-linux-gnu/4.8/crtbeginS.o
 .text          0x000000000000ec0b      0x3ce udp-server.co
 .text          0x000000000000efd9      0x944 obj_cooja/mtype249.o
                0x000000000000f187                contiki_init
                0x000000000000f734                Java_org_contikios_cooja_corecomm_Lib12_init
                0x000000000000f774                Java_org_contikios_cooja_corecomm_Lib12_getMemory
                0x000000000000f7b4                Java_org_contikios_cooja_corecomm_Lib12_setMemory
                0x000000000000f82b                Java_org_contikios_cooja_corecomm_Lib12_tick
                0x000000000000f90b                Java_org_contikios_cooja_corecomm_Lib12_setReferenceAddress
 .text          0x000000000000f91d       0x63 obj_cooja/mtype249.a(simEnvChange.o)
                0x000000000000f91d                doActionsBeforeTick
                0x000000000000f94e                doActionsAfterTick
 .text          0x000000000000f980       0xbc obj_cooja/mtype249.a(cooja_mt.o)
                0x000000000000f980                cooja_mt_init
                0x000000000000f98d                cooja_mt_remove
                0x000000000000f99a                cooja_mt_start
                0x000000000000f9c7                cooja_mt_exec
                0x000000000000f9f8                cooja_mt_exit
                0x000000000000fa1a                cooja_mt_yield
 .text          0x000000000000fa3c      0x115 obj_cooja/mtype249.a(cooja_mtarch.o)
                0x000000000000fa3c                cooja_mtarch_init
                0x000000000000fa41                cooja_mtarch_start
                0x000000000000fabc                cooja_sw
                0x000000000000fade                cooja_mtarch_exec
                0x000000000000fafa                cooja_mtarch_remove
                0x000000000000faff                cooja_mtarch_yield
                0x000000000000fb09                cooja_mtarch_pstop
                0x000000000000fb0e                cooja_mtarch_pstart
                0x000000000000fb13                cooja_mtarch_stack_usage
 .text          0x000000000000fb51       0xc2 obj_cooja/mtype249.a(rtimer-arch.o)
                0x000000000000fb51                rtimer_arch_init
                0x000000000000fb74                rtimer_arch_schedule
                0x000000000000fb8b                rtimer_arch_next
                0x000000000000fb95                rtimer_arch_pending
                0x000000000000fb9f                rtimer_arch_check
                0x000000000000fbd1                rtimer_arch_now
 .text          0x000000000000fc13       0x76 obj_cooja/mtype249.a(beep.o)
                0x000000000000fc13                beep_alarm
                0x000000000000fc1f                beep_beep
                0x000000000000fc2b                beep
                0x000000000000fc37                beep_down
                0x000000000000fc43                beep_on
                0x000000000000fc4f                beep_off
                0x000000000000fc5b                beep_spinup
                0x000000000000fc67                beep_quick
                0x000000000000fc73                beep_long
 .text          0x000000000000fc89      0x103 obj_cooja/mtype249.a(button-sensor.o)
 .text          0x000000000000fd8c       0x45 obj_cooja/mtype249.a(leds-arch.o)
                0x000000000000fd8c                leds_arch_init
                0x000000000000fd98                leds_arch_get
                0x000000000000fda4                leds_arch_set
 .text          0x000000000000fdd1       0x2f obj_cooja/mtype249.a(moteid.o)
 .text          0x000000000000fe00       0xb1 obj_cooja/mtype249.a(pir-sensor.o)
 .text          0x000000000000feb1      0x131 obj_cooja/mtype249.a(rs232.o)
                0x000000000000feb1                rs232_init
                0x000000000000feb6                rs232_set_speed
                0x000000000000fec4                rs232_set_input
                0x000000000000fed1                rs232_send
                0x000000000000fef3                rs232_print
                0x000000000000ff0e                slip_arch_writeb
 .text          0x000000000000ffe2       0xb1 obj_cooja/mtype249.a(vib-sensor.o)
 .text          0x0000000000010093       0x34 obj_cooja/mtype249.a(clock.o)
                0x0000000000010093                clock_init
                0x0000000000010098                clock_time
                0x00000000000100a2                clock_seconds
                0x00000000000100b8                clock_delay
 .text          0x00000000000100c7      0x1ed obj_cooja/mtype249.a(log.o)
                0x00000000000100c7                simlog_char
                0x0000000000010109                simlog
                0x0000000000010176                log_message
                0x000000000001019e                log_set_putchar_with_slip
                0x00000000000101ab                log_putchar
                0x000000000001022f                log_puts
                0x0000000000010253                log_printf
 .text          0x00000000000102b4      0x2c4 obj_cooja/mtype249.a(cfs-cooja.o)
                0x00000000000102b4                cfs_open
                0x000000000001031d                cfs_close
                0x0000000000010329                cfs_read
                0x00000000000103c7                cfs_write
                0x00000000000104a4                cfs_seek
                0x000000000001052c                cfs_remove
                0x0000000000010555                cfs_opendir
                0x000000000001055f                cfs_readdir
                0x0000000000010569                cfs_closedir
 .text          0x0000000000010578      0x5c5 obj_cooja/mtype249.a(cooja-radio.o)
                0x00000000000105a2                radio_set_channel
                0x00000000000105b7                radio_set_txpower
                0x00000000000105d7                radio_signal_strength_last
                0x00000000000105e1                radio_signal_strength_current
                0x00000000000105eb                radio_LQI
 .text          0x0000000000010b3d       0xef obj_cooja/mtype249.a(eeprom.o)
                0x0000000000010b3d                eeprom_init
                0x0000000000010b42                eeprom_read
                0x0000000000010bb2                eeprom_write
 .text          0x0000000000010c2c       0x28 obj_cooja/mtype249.a(random.o)
                0x0000000000010c2c                random_init
                0x0000000000010c47                random_rand
 .text          0x0000000000010c54      0x2a1 obj_cooja/mtype249.a(sensors.o)
                0x0000000000010c8f                sensors_first
                0x0000000000010c99                sensors_next
                0x0000000000010cb6                sensors_changed
                0x0000000000010ce5                sensors_find
 .text          0x0000000000010ef5      0x2d2 obj_cooja/mtype249.a(dual_conf.o)
                0x0000000000010ef5                dual_radio_switch
                0x0000000000010f35                dual_radio_change
                0x0000000000010f6f                sending_in_LR
                0x0000000000010f9a                dual_radio_received
                0x0000000000010fed                radio_received_is_longrange
                0x000000000001117d                dio_broadcast
                0x00000000000111a6                dis_broadcast
 .text          0x00000000000111c7       0x8e obj_cooja/mtype249.a(autostart.o)
                0x00000000000111c7                autostart_start
                0x0000000000011212                autostart_exit
 .text          0x0000000000011255      0x334 obj_cooja/mtype249.a(ctimer.o)
                0x000000000001136c                ctimer_init
                0x000000000001139c                ctimer_set
                0x00000000000113cd                ctimer_set_with_process
                0x0000000000011449                ctimer_reset
                0x0000000000011498                ctimer_restart
                0x00000000000114e7                ctimer_stop
                0x0000000000011532                ctimer_expired
 .text          0x0000000000011589      0x40b obj_cooja/mtype249.a(etimer.o)
                0x000000000001179c                etimer_request_poll
                0x0000000000011820                etimer_set
                0x0000000000011845                etimer_reset_with_new_interval
                0x000000000001186c                etimer_reset
                0x000000000001188a                etimer_restart
                0x00000000000118a8                etimer_adjust
                0x00000000000118c4                etimer_expired
                0x00000000000118d7                etimer_expiration_time
                0x00000000000118e9                etimer_start_time
                0x00000000000118f3                etimer_pending
                0x0000000000011905                etimer_next_expiration_time
                0x000000000001191f                etimer_stop
 .text          0x0000000000011994      0x560 obj_cooja/mtype249.a(process.o)
                0x0000000000011994                process_alloc_event
                0x00000000000119a9                process_start
                0x0000000000011b92                process_exit
                0x0000000000011bae                process_init
                0x0000000000011d7f                process_run
                0x0000000000011db2                process_nevents
                0x0000000000011dcd                process_post
                0x0000000000011e79                process_post_synch
                0x0000000000011eb1                process_poll
                0x0000000000011ee0                process_is_running
 .text          0x0000000000011ef4       0xba obj_cooja/mtype249.a(rtimer.o)
                0x0000000000011ef4                rtimer_init
                0x0000000000011f01                rtimer_set
                0x0000000000011f58                rtimer_run_next
 .text          0x0000000000011fae       0x91 obj_cooja/mtype249.a(timer.o)
                0x0000000000011fae                timer_set
                0x0000000000011fc9                timer_reset
                0x0000000000011fe0                timer_restart
                0x0000000000011ff2                timer_expired
                0x000000000001201b                timer_remaining
 .text          0x000000000001203f      0x1fb obj_cooja/mtype249.a(serial-line.o)
                0x000000000001203f                serial_line_input_byte
                0x0000000000012202                serial_line_init
 .text          0x000000000001223a      0x244 obj_cooja/mtype249.a(list.o)
                0x000000000001223a                list_init
                0x0000000000012248                list_head
                0x0000000000012252                list_copy
                0x0000000000012261                list_tail
                0x0000000000012297                list_add
                0x00000000000122e0                list_push
                0x000000000001230c                list_chop
                0x0000000000012376                list_pop
                0x000000000001239e                list_remove
                0x0000000000012405                list_length
                0x0000000000012433                list_insert
                0x0000000000012467                list_item_next
 .text          0x000000000001247e      0x155 obj_cooja/mtype249.a(ringbuf.o)
                0x000000000001247e                ringbuf_init
                0x00000000000124af                ringbuf_put
                0x000000000001252d                ringbuf_get
                0x000000000001259a                ringbuf_size
                0x00000000000125ac                ringbuf_elements
 .text          0x00000000000125d3     0x258b obj_cooja/mtype249.a(sicslowpan.o)
                0x0000000000012b5d                rime_sniffer_add
                0x0000000000012b6a                rime_sniffer_remove
                0x0000000000014afd                sicslowpan_init
                0x0000000000014b54                sicslowpan_get_last_rssi
 .text          0x0000000000014b5e      0x2dc obj_cooja/mtype249.a(uip-ds6-nbr.o)
                0x0000000000014b7b                uip_ds6_neighbors_init
                0x0000000000014b98                uip_ds6_nbr_add
                0x0000000000014c49                uip_ds6_nbr_rm
                0x0000000000014ca6                uip_ds6_nbr_get_ipaddr
                0x0000000000014cbb                uip_ds6_nbr_get_ll
                0x0000000000014cd7                uip_ds6_nbr_num
                0x0000000000014d1c                uip_ds6_nbr_lookup
                0x0000000000014d81                uip_ds6_nbr_ll_lookup
                0x0000000000014d9d                uip_ds6_nbr_ipaddr_from_lladdr
                0x0000000000014dc3                uip_ds6_nbr_lladdr_from_ipaddr
                0x0000000000014df1                uip_ds6_link_neighbor_callback
 .text          0x0000000000014e3a     0x12ad obj_cooja/mtype249.a(uip-ds6.o)
                0x0000000000014e3a                uip_ds6_init
                0x000000000001518f                uip_ds6_periodic
                0x0000000000015267                uip_ds6_list_loop
                0x000000000001530e                uip_ds6_prefix_add
                0x00000000000153cc                uip_ds6_prefix_rm
                0x00000000000153de                uip_ds6_prefix_lookup
                0x000000000001542f                uip_ds6_is_addr_onlink
                0x00000000000154a3                uip_ds6_addr_add
                0x00000000000155d1                uip_ds6_long_addr_add
                0x00000000000156ff                uip_ds6_addr_rm
                0x000000000001579f                uip_ds6_addr_lookup
                0x00000000000157ea                uip_ds6_long_addr_lookup
                0x0000000000015835                uip_ds6_get_link_local
                0x00000000000158b4                uip_ds6_long_get_link_local
                0x0000000000015933                uip_ds6_get_global
                0x00000000000159b2                uip_ds6_long_get_global
                0x0000000000015a31                uip_ds6_maddr_add
                0x0000000000015aa3                uip_ds6_long_maddr_add
                0x0000000000015b15                uip_ds6_maddr_rm
                0x0000000000015b27                uip_ds6_maddr_lookup
                0x0000000000015b72                uip_ds6_long_maddr_lookup
                0x0000000000015bbd                uip_ds6_aaddr_add
                0x0000000000015c2f                uip_ds6_long_aaddr_add
                0x0000000000015ca1                uip_ds6_aaddr_rm
                0x0000000000015cb3                uip_ds6_aaddr_lookup
                0x0000000000015cfe                uip_ds6_long_aaddr_lookup
                0x0000000000015d49                uip_ds6_select_src
                0x0000000000015fd2                uip_ds6_set_addr_iid
                0x0000000000016009                get_match_length
                0x000000000001609b                uip_ds6_compute_reachable_time
 .text          0x00000000000160e7     0x29f3 obj_cooja/mtype249.a(uip6.o)
                0x00000000000160e7                uip_add32
                0x0000000000016280                uip_chksum
                0x000000000001636e                uip_icmp6chksum
                0x0000000000016382                uip_tcpchksum
                0x0000000000016396                uip_udpchksum
                0x00000000000163aa                uip_init
                0x000000000001647a                uip_connect
                0x0000000000016629                remove_ext_hdr
                0x00000000000166fe                uip_udp_new
                0x000000000001685a                uip_unlisten
                0x00000000000168ba                uip_listen
                0x0000000000016b7c                uip_process
                0x00000000000189ce                uip_htons
                0x00000000000189f0                uip_htonl
                0x0000000000018a30                uip_send
 .text          0x0000000000018ada      0xa66 obj_cooja/mtype249.a(tcpip.o)
                0x0000000000018ada                tcpip_output
                0x0000000000018b08                tcpip_set_outputfunc
                0x0000000000018b9c                tcp_connect
                0x0000000000018bf1                tcp_unlisten
                0x0000000000018c4c                tcp_listen
                0x0000000000018ca5                tcp_attach
                0x0000000000018cca                udp_attach
                0x0000000000018cef                udp_new
                0x0000000000018d41                udp_broadcast_new
                0x0000000000018fb5                tcpip_input
                0x0000000000018fe9                tcpip_ipv6_output
                0x0000000000019386                tcpip_poll_udp
                0x00000000000193a9                tcpip_poll_tcp
                0x00000000000193cc                tcpip_uipcall
 .text          0x0000000000019540      0x1c1 obj_cooja/mtype249.a(uip-debug.o)
                0x0000000000019540                uip_debug_ipaddr_print
                0x00000000000196a2                uip_debug_lladdr_print
 .text          0x0000000000019701      0x141 obj_cooja/mtype249.a(uip-packetqueue)
                0x000000000001972d                uip_packetqueue_new
                0x000000000001973b                uip_packetqueue_alloc
                0x000000000001979b                uip_packetqueue_free
                0x00000000000197dc                uip_packetqueue_buf
                0x00000000000197f9                uip_packetqueue_buflen
                0x000000000001981a                uip_packetqueue_set_buflen
 .text          0x0000000000019842     0x239b obj_cooja/mtype249.a(rpl-dag.o)
                0x0000000000019842                rpl_print_neighbor_list
                0x0000000000019a17                rpl_get_nbr
                0x0000000000019a71                rpl_dag_init
                0x0000000000019a8e                rpl_get_parent
                0x0000000000019ab0                rpl_get_parent_rank
                0x0000000000019ae3                rpl_get_parent_link_metric
                0x0000000000019b16                rpl_get_parent_ipaddr
                0x0000000000019e19                rpl_set_root
                0x000000000001a040                rpl_repair_root
                0x000000000001a27c                rpl_set_prefix
                0x000000000001a37b                rpl_set_default_route
                0x000000000001a407                rpl_alloc_instance
                0x000000000001a49a                rpl_alloc_dag
                0x000000000001a54b                rpl_set_default_instance
                0x000000000001a558                rpl_get_default_instance
                0x000000000001a562                rpl_free_instance
                0x000000000001a611                rpl_free_dag
                0x000000000001a677                rpl_add_parent
                0x000000000001a74d                rpl_find_parent
                0x000000000001a7a5                rpl_find_parent_any_dag
                0x000000000001a7e1                rpl_select_dag
                0x000000000001ab77                rpl_select_parent
                0x000000000001abd9                rpl_remove_parent
                0x000000000001ac00                rpl_nullify_parent
                0x000000000001ac9e                rpl_move_parent
                0x000000000001ad3b                rpl_has_downward_route
                0x000000000001ad8e                rpl_get_any_dag
                0x000000000001adf0                rpl_get_instance
                0x000000000001ae53                rpl_find_of
                0x000000000001ae90                rpl_join_instance
                0x000000000001b10b                rpl_add_dag
                0x000000000001b4fa                rpl_local_repair
                0x000000000001b5be                rpl_recalculate_ranks
                0x000000000001b644                rpl_process_parent_event
                0x000000000001b6f6                rpl_process_dio
 .text          0x000000000001bbdd      0xbf3 obj_cooja/mtype249.a(rpl-ext-header.)
                0x000000000001bbfa                rpl_verify_header
                0x000000000001c074                rpl_update_header_empty
                0x000000000001c38b                rpl_update_header_final
                0x000000000001c51a                rpl_remove_header
                0x000000000001c624                rpl_invert_header
                0x000000000001c7ae                rpl_insert_header
 .text          0x000000000001c7d0     0x1dae obj_cooja/mtype249.a(rpl-icmp6.o)
                0x000000000001ca2f                rpl_icmp6_update_nbr_table
                0x000000000001cb1f                dis_output
                0x000000000001d194                dio_output
                0x000000000001e0f6                dao_output
                0x000000000001e1b1                dao_output_target
                0x000000000001e532                dao_ack_output
                0x000000000001e546                rpl_icmp6_register_handlers
 .text          0x000000000001e57e      0x44b obj_cooja/mtype249.a(rpl-jkof.o)
 .text          0x000000000001e9c9      0x7b3 obj_cooja/mtype249.a(rpl-timers.o)
                0x000000000001ec0f                rpl_reset_periodic_timer
                0x000000000001ec64                rpl_reset_dio_timer
                0x000000000001ee9e                rpl_schedule_dao
                0x000000000001eeb9                rpl_schedule_dao_immediately
                0x000000000001eed4                rpl_cancel_dao
                0x000000000001ef36                rpl_schedule_unicast_dio_immediately
                0x000000000001f124                rpl_schedule_probing
 .text          0x000000000001f17c      0x6e0 obj_cooja/mtype249.a(rpl.o)
                0x000000000001f17c                rpl_get_mode
                0x000000000001f186                rpl_set_mode
                0x000000000001f24a                rpl_purge_routes
                0x000000000001f379                rpl_remove_routes
                0x000000000001f3bf                rpl_remove_routes_by_nexthop
                0x000000000001f42b                rpl_add_route
                0x000000000001f4f6                rpl_link_neighbor_callback
                0x000000000001f60a                rpl_ipv6_neighbor_callback
                0x000000000001f6b6                rpl_purge_dags
                0x000000000001f7ca                rpl_init
 .text          0x000000000001f85c      0x3f5 obj_cooja/mtype249.a(framer-802154.o)
 .text          0x000000000001fc51       0x5e obj_cooja/mtype249.a(nullmac.o)
 .text          0x000000000001fcaf      0x74e obj_cooja/mtype249.a(nullrdc.o)
 .text          0x00000000000203fd       0x82 obj_cooja/mtype249.a(linkaddr.o)
                0x00000000000203fd                linkaddr_copy
                0x000000000002041f                linkaddr_cmp
                0x0000000000020449                linkaddr_set_node_addr
                0x0000000000020464                linkaddr_set_node_long_addr
 .text          0x000000000002047f      0x88c obj_cooja/mtype249.a(nbr-table.o)
                0x000000000002047f                lladdr_map_add_lr
                0x000000000002053c                lladdr_map_rm_lr
                0x0000000000020a01                nbr_table_register
                0x0000000000020a49                nbr_table_head
                0x0000000000020aa5                nbr_table_next
                0x0000000000020b0c                nbr_table_add_lladdr
                0x0000000000020be8                nbr_table_get_from_lladdr
                0x0000000000020c35                nbr_table_remove
                0x0000000000020c87                nbr_table_lock
                0x0000000000020cb1                nbr_table_unlock
                0x0000000000020cdb                nbr_table_get_lladdr
 .text          0x0000000000020d0b       0x2b obj_cooja/mtype249.a(netstack.o)
                0x0000000000020d0b                netstack_init
 .text          0x0000000000020d36      0x3cd obj_cooja/mtype249.a(packetbuf.o)
                0x0000000000020d36                packetbuf_clear
                0x0000000000020d60                packetbuf_copyfrom
                0x0000000000020db2                packetbuf_compact
                0x0000000000020e2f                packetbuf_copyto
                0x0000000000020ec6                packetbuf_hdralloc
                0x0000000000020f43                packetbuf_hdrreduce
                0x0000000000020f8b                packetbuf_set_datalen
                0x0000000000020fa4                packetbuf_dataptr
                0x0000000000020fc1                packetbuf_hdrptr
                0x0000000000020fcb                packetbuf_datalen
                0x0000000000020fd7                packetbuf_hdrlen
                0x0000000000020fee                packetbuf_totlen
                0x0000000000021004                packetbuf_attr_clear
                0x0000000000021056                packetbuf_attr_copyto
                0x000000000002109f                packetbuf_attr_copyfrom
                0x00000000000210e7                packetbuf_holds_broadcast
 .text          0x0000000000021103      0x2b4 obj_cooja/mtype249.a(queuebuf.o)
                0x000000000002110d                queuebuf_init
                0x000000000002112d                queuebuf_numfree
                0x0000000000021141                queuebuf_new_from_packetbuf
                0x00000000000211d1                queuebuf_update_attr_from_packetbuf
                0x0000000000021204                queuebuf_update_from_packetbuf
                0x000000000002124e                queuebuf_free
                0x0000000000021295                queuebuf_to_packetbuf
                0x00000000000212fb                queuebuf_dataptr
                0x0000000000021332                queuebuf_datalen
                0x0000000000021355                queuebuf_addr
                0x0000000000021387                queuebuf_attr
                0x00000000000213b2                queuebuf_debug_print
 .text          0x00000000000213b7       0x6e obj_cooja/mtype249.a(nullsec.o)
 .text          0x0000000000021425       0x19 obj_cooja/mtype249.a(watchdog.o)
                0x0000000000021425                watchdog_init
                0x000000000002142a                watchdog_start
                0x000000000002142f                watchdog_periodic
                0x0000000000021434                watchdog_stop
                0x0000000000021439                watchdog_reboot
 .text          0x000000000002143e        0x0 obj_cooja/mtype249.a(rimestats.o)
 .text          0x000000000002143e       0xa3 obj_cooja/mtype249.a(stimer.o)
                0x000000000002143e                stimer_set
                0x0000000000021459                stimer_reset
                0x0000000000021470                stimer_restart
                0x0000000000021482                stimer_expired
                0x00000000000214a9                stimer_remaining
                0x00000000000214cd                stimer_elapsed
 .text          0x00000000000214e1      0x1c1 obj_cooja/mtype249.a(memb.o)
                0x00000000000214e1                memb_init
                0x000000000002153f                memb_alloc
                0x00000000000215a4                memb_free
                0x000000000002161f                memb_inmemb
                0x000000000002165e                memb_numfree
 .text          0x00000000000216a2      0x916 obj_cooja/mtype249.a(uip-ds6-route.o)
                0x0000000000021719                uip_ds6_notification_add
                0x000000000002174a                uip_ds6_notification_rm
                0x0000000000021766                uip_ds6_route_init
                0x00000000000217ee                uip_ds6_route_nexthop
                0x0000000000021816                uip_ds6_route_head
                0x000000000002182b                uip_ds6_route_next
                0x0000000000021851                uip_ds6_route_is_nexthop
                0x0000000000021890                uip_ds6_route_num_routes
                0x000000000002189a                uip_ds6_route_lookup
                0x000000000002195c                uip_ds6_route_add
                0x0000000000021b90                uip_ds6_route_rm
                0x0000000000021d24                uip_ds6_route_rm_by_nexthop
                0x0000000000021d5c                uip_ds6_defrt_add
                0x0000000000021e0d                uip_ds6_defrt_rm
                0x0000000000021e8c                uip_ds6_defrt_lookup
                0x0000000000021ee5                uip_ds6_defrt_choose
                0x0000000000021f50                uip_ds6_defrt_periodic
 .text          0x0000000000021fb8      0xab2 obj_cooja/mtype249.a(uip-icmp6.o)
                0x0000000000022026                uip_icmp6_input
                0x000000000002207c                uip_icmp6_register_input_handler
                0x0000000000022344                uip_icmp6_error_output
                0x0000000000022689                uip_icmp6_send
                0x00000000000229fd                uip_icmp6_echo_reply_callback_add
                0x0000000000022a2e                uip_icmp6_echo_reply_callback_rm
                0x0000000000022a4a                uip_icmp6_init
 .text          0x0000000000022a6a      0x358 obj_cooja/mtype249.a(uip-nd6.o)
                0x0000000000022abe                uip_nd6_ns_output
                0x0000000000022dbd                uip_nd6_init
 .text          0x0000000000022dc2      0x41f obj_cooja/mtype249.a(rpl-nbr-policy.)
                0x0000000000022ffd                find_removable_dis
                0x000000000002303e                find_removable_dio
                0x000000000002312e                find_removable_dao
                0x000000000002318a                rpl_nbr_policy_find_removable
 .text          0x00000000000231e1      0x97c obj_cooja/mtype249.a(frame802154.o)
                0x0000000000023212                frame802154_get_pan_id
                0x000000000002321e                frame802154_set_pan_id
                0x0000000000023237                frame802154_has_panid
                0x0000000000023323                frame802154_check_dest_panid
                0x000000000002338b                frame802154_is_broadcast_addr
                0x00000000000233d8                frame802154_extract_linkaddr
                0x0000000000023618                frame802154_hdrlen
                0x0000000000023669                frame802154_create
                0x0000000000023854                frame802154_parse
 .text          0x0000000000023b5d      0x181 obj_cooja/mtype249.a(mac-sequence.o)
                0x0000000000023b94                mac_sequence_is_duplicate
                0x0000000000023c17                mac_sequence_register_seqno
 .text          0x0000000000023cde       0x3c obj_cooja/mtype249.a(mac.o)
                0x0000000000023cde                mac_call_sent_callback
 .text          0x0000000000023d1a        0x0 /usr/lib/gcc/i686-linux-gnu/4.8/crtendS.o
 .text          0x0000000000023d1a        0x0 /usr/lib/gcc/i686-linux-gnu/4.8/../../../i386-linux-gnu/crtn.o
 *(.gnu.warning)

.fini           0x0000000000023d1c       0x14
 *(SORT(.fini))
 .fini          0x0000000000023d1c        0xf /usr/lib/gcc/i686-linux-gnu/4.8/../../../i386-linux-gnu/crti.o
                0x0000000000023d1c                _fini
 .fini          0x0000000000023d2b        0x5 /usr/lib/gcc/i686-linux-gnu/4.8/../../../i386-linux-gnu/crtn.o
                0x0000000000023d30                PROVIDE (__etext, .)
                0x0000000000023d30                PROVIDE (_etext, .)
                0x0000000000023d30                PROVIDE (etext, .)

.rodata         0x0000000000023d40      0xec1
 *(.rodata .rodata.* .gnu.linkonce.r.*)
 .rodata        0x0000000000023d40      0x148 udp-server.co
                0x0000000000023d54                autostart_processes
 .rodata        0x0000000000023e88      0x1b6 obj_cooja/mtype249.o
 *fill*         0x000000000002403e        0x2 
 .rodata        0x0000000000024040        0x8 obj_cooja/mtype249.a(beep.o)
                0x0000000000024040                beep_interface
 .rodata        0x0000000000024048       0x20 obj_cooja/mtype249.a(button-sensor.o)
                0x0000000000024048                button_interface
                0x0000000000024058                button_sensor
 .rodata        0x0000000000024068        0x8 obj_cooja/mtype249.a(leds-arch.o)
                0x0000000000024068                leds_interface
 .rodata        0x0000000000024070        0x8 obj_cooja/mtype249.a(moteid.o)
                0x0000000000024070                moteid_interface
 .rodata        0x0000000000024078       0x1c obj_cooja/mtype249.a(pir-sensor.o)
                0x0000000000024078                pir_interface
                0x0000000000024084                pir_sensor
 .rodata        0x0000000000024094        0xe obj_cooja/mtype249.a(rs232.o)
                0x0000000000024094                rs232_interface
 *fill*         0x00000000000240a2        0x2 
 .rodata        0x00000000000240a4       0x24 obj_cooja/mtype249.a(vib-sensor.o)
                0x00000000000240a4                vib_interface
                0x00000000000240b8                vib_sensor
 .rodata        0x00000000000240c8        0x8 obj_cooja/mtype249.a(clock.o)
                0x00000000000240c8                clock_interface
 .rodata        0x00000000000240d0        0x8 obj_cooja/mtype249.a(log.o)
                0x00000000000240d0                simlog_interface
 .rodata        0x00000000000240d8       0x2f obj_cooja/mtype249.a(cfs-cooja.o)
                0x00000000000240d8                cfs_interface
 *fill*         0x0000000000024107       0x19 
 .rodata        0x0000000000024120      0x100 obj_cooja/mtype249.a(cooja-radio.o)
                0x00000000000241e0                cooja_radio_driver
                0x0000000000024218                radio_interface
 .rodata        0x0000000000024220        0x8 obj_cooja/mtype249.a(eeprom.o)
                0x0000000000024220                eeprom_interface
 .rodata        0x0000000000024228        0x8 obj_cooja/mtype249.a(sensors.o)
 .rodata        0x0000000000024230      0x169 obj_cooja/mtype249.a(dual_conf.o)
 .rodata        0x0000000000024399        0xf obj_cooja/mtype249.a(ctimer.o)
 .rodata        0x00000000000243a8        0xc obj_cooja/mtype249.a(etimer.o)
 .rodata        0x00000000000243b4        0xe obj_cooja/mtype249.a(serial-line.o)
 *fill*         0x00000000000243c2        0x2 
 .rodata        0x00000000000243c4       0x2c obj_cooja/mtype249.a(sicslowpan.o)
                0x00000000000243c4                unc_llconf
                0x00000000000243c8                unc_ctxconf
                0x00000000000243cc                unc_mxconf
                0x00000000000243d0                llprefix
                0x00000000000243e4                sicslowpan_driver
 .rodata        0x00000000000243f0      0x13c obj_cooja/mtype249.a(uip6.o)
 .rodata        0x000000000002452c       0x29 obj_cooja/mtype249.a(tcpip.o)
 .rodata        0x0000000000024555       0x3e obj_cooja/mtype249.a(uip-debug.o)
 *fill*         0x0000000000024593        0x1 
 .rodata        0x0000000000024594       0x72 obj_cooja/mtype249.a(rpl-dag.o)
 *fill*         0x0000000000024606        0x2 
 .rodata        0x0000000000024608      0x103 obj_cooja/mtype249.a(rpl-jkof.o)
 *fill*         0x000000000002470b        0x1 
 .rodata        0x000000000002470c      0x1be obj_cooja/mtype249.a(rpl.o)
 *fill*         0x00000000000248ca        0x2 
 .rodata        0x00000000000248cc        0xc obj_cooja/mtype249.a(framer-802154.o)
                0x00000000000248cc                framer_802154
 .rodata        0x00000000000248d8       0x24 obj_cooja/mtype249.a(nullmac.o)
                0x00000000000248e0                nullmac_driver
 *fill*         0x00000000000248fc        0x4 
 .rodata        0x0000000000024900      0x160 obj_cooja/mtype249.a(nullrdc.o)
                0x0000000000024a40                nullrdc_driver
 .rodata        0x0000000000024a60        0x8 obj_cooja/mtype249.a(linkaddr.o)
                0x0000000000024a60                linkaddr_null
 .rodata        0x0000000000024a68       0x18 obj_cooja/mtype249.a(nullsec.o)
                0x0000000000024a70                nullsec_driver
 .rodata        0x0000000000024a80      0x181 obj_cooja/mtype249.a(rpl-nbr-policy.)

.rodata1
 *(.rodata1)

.eh_frame_hdr   0x0000000000024c04     0x12b4
 *(.eh_frame_hdr)
 .eh_frame_hdr  0x0000000000024c04     0x12b4 udp-server.co

.eh_frame       0x0000000000025eb8     0x4c30
 *(.eh_frame)
 .eh_frame      0x0000000000025eb8       0x3c /usr/lib/gcc/i686-linux-gnu/4.8/../../../i386-linux-gnu/crti.o
                                         0x40 (size before relaxing)
 .eh_frame      0x0000000000025ef4       0x68 udp-server.co
                                         0x80 (size before relaxing)
 .eh_frame      0x0000000000025f5c      0x148 obj_cooja/mtype249.o
                                        0x160 (size before relaxing)
 .eh_frame      0x00000000000260a4       0x40 obj_cooja/mtype249.a(simEnvChange.o)
                                         0x58 (size before relaxing)
 .eh_frame      0x00000000000260e4       0xc0 obj_cooja/mtype249.a(cooja_mt.o)
                                         0xd8 (size before relaxing)
 .eh_frame      0x00000000000261a4      0x120 obj_cooja/mtype249.a(cooja_mtarch.o)
                                        0x138 (size before relaxing)
 .eh_frame      0x00000000000262c4       0xc0 obj_cooja/mtype249.a(rtimer-arch.o)
                                         0xd8 (size before relaxing)
 .eh_frame      0x0000000000026384      0x160 obj_cooja/mtype249.a(beep.o)
                                        0x178 (size before relaxing)
 .eh_frame      0x00000000000264e4       0xa0 obj_cooja/mtype249.a(button-sensor.o)
                                         0xb8 (size before relaxing)
 .eh_frame      0x0000000000026584       0xa0 obj_cooja/mtype249.a(leds-arch.o)
                                         0xb8 (size before relaxing)
 .eh_frame      0x0000000000026624       0x40 obj_cooja/mtype249.a(moteid.o)
                                         0x58 (size before relaxing)
 .eh_frame      0x0000000000026664       0xa0 obj_cooja/mtype249.a(pir-sensor.o)
                                         0xb8 (size before relaxing)
 .eh_frame      0x0000000000026704      0x100 obj_cooja/mtype249.a(rs232.o)
                                        0x118 (size before relaxing)
 .eh_frame      0x0000000000026804       0xa0 obj_cooja/mtype249.a(vib-sensor.o)
                                         0xb8 (size before relaxing)
 .eh_frame      0x00000000000268a4       0xc0 obj_cooja/mtype249.a(clock.o)
                                         0xd8 (size before relaxing)
 .eh_frame      0x0000000000026964      0x120 obj_cooja/mtype249.a(log.o)
                                        0x138 (size before relaxing)
 .eh_frame      0x0000000000026a84      0x160 obj_cooja/mtype249.a(cfs-cooja.o)
                                        0x178 (size before relaxing)
 .eh_frame      0x0000000000026be4      0x2e0 obj_cooja/mtype249.a(cooja-radio.o)
                                        0x2f8 (size before relaxing)
 .eh_frame      0x0000000000026ec4       0xa0 obj_cooja/mtype249.a(eeprom.o)
                                         0xb8 (size before relaxing)
 .eh_frame      0x0000000000026f64       0x40 obj_cooja/mtype249.a(random.o)
                                         0x58 (size before relaxing)
 .eh_frame      0x0000000000026fa4       0xc0 obj_cooja/mtype249.a(sensors.o)
                                         0xd8 (size before relaxing)
 .eh_frame      0x0000000000027064      0x120 obj_cooja/mtype249.a(dual_conf.o)
                                        0x138 (size before relaxing)
 .eh_frame      0x0000000000027184       0x40 obj_cooja/mtype249.a(autostart.o)
                                         0x58 (size before relaxing)
 .eh_frame      0x00000000000271c4      0x100 obj_cooja/mtype249.a(ctimer.o)
                                        0x118 (size before relaxing)
 .eh_frame      0x00000000000272c4      0x1e0 obj_cooja/mtype249.a(etimer.o)
                                        0x1f8 (size before relaxing)
 .eh_frame      0x00000000000274a4      0x1c8 obj_cooja/mtype249.a(process.o)
                                        0x1e0 (size before relaxing)
 .eh_frame      0x000000000002766c       0x60 obj_cooja/mtype249.a(rtimer.o)
                                         0x78 (size before relaxing)
 .eh_frame      0x00000000000276cc       0xa4 obj_cooja/mtype249.a(timer.o)
                                         0xbc (size before relaxing)
 .eh_frame      0x0000000000027770       0x60 obj_cooja/mtype249.a(serial-line.o)
                                         0x78 (size before relaxing)
 .eh_frame      0x00000000000277d0      0x180 obj_cooja/mtype249.a(list.o)
                                        0x198 (size before relaxing)
 .eh_frame      0x0000000000027950       0xa0 obj_cooja/mtype249.a(ringbuf.o)
                                         0xb8 (size before relaxing)
 .eh_frame      0x00000000000279f0      0x350 obj_cooja/mtype249.a(sicslowpan.o)
                                        0x368 (size before relaxing)
 .eh_frame      0x0000000000027d40      0x180 obj_cooja/mtype249.a(uip-ds6-nbr.o)
                                        0x198 (size before relaxing)
 .eh_frame      0x0000000000027ec0      0x3c8 obj_cooja/mtype249.a(uip-ds6.o)
                                        0x3e0 (size before relaxing)
 .eh_frame      0x0000000000028288      0x27c obj_cooja/mtype249.a(uip6.o)
                                        0x294 (size before relaxing)
 .eh_frame      0x0000000000028504      0x270 obj_cooja/mtype249.a(tcpip.o)
                                        0x288 (size before relaxing)
 .eh_frame      0x0000000000028774       0x48 obj_cooja/mtype249.a(uip-debug.o)
                                         0x60 (size before relaxing)
 .eh_frame      0x00000000000287bc       0xe0 obj_cooja/mtype249.a(uip-packetqueue)
                                         0xf8 (size before relaxing)
 .eh_frame      0x000000000002889c      0x65c obj_cooja/mtype249.a(rpl-dag.o)
                                        0x674 (size before relaxing)
 .eh_frame      0x0000000000028ef8      0x10c obj_cooja/mtype249.a(rpl-ext-header.)
                                        0x124 (size before relaxing)
 .eh_frame      0x0000000000029004      0x278 obj_cooja/mtype249.a(rpl-icmp6.o)
                                        0x290 (size before relaxing)
 .eh_frame      0x000000000002927c       0xf4 obj_cooja/mtype249.a(rpl-jkof.o)
                                        0x10c (size before relaxing)
 .eh_frame      0x0000000000029370      0x20c obj_cooja/mtype249.a(rpl-timers.o)
                                        0x224 (size before relaxing)
 .eh_frame      0x000000000002957c      0x140 obj_cooja/mtype249.a(rpl.o)
                                        0x158 (size before relaxing)
 .eh_frame      0x00000000000296bc      0x108 obj_cooja/mtype249.a(framer-802154.o)
                                        0x120 (size before relaxing)
 .eh_frame      0x00000000000297c4       0xc0 obj_cooja/mtype249.a(nullmac.o)
                                         0xd8 (size before relaxing)
 .eh_frame      0x0000000000029884      0x19c obj_cooja/mtype249.a(nullrdc.o)
                                        0x1b4 (size before relaxing)
 .eh_frame      0x0000000000029a20       0x80 obj_cooja/mtype249.a(linkaddr.o)
                                         0x98 (size before relaxing)
 .eh_frame      0x0000000000029aa0      0x2ac obj_cooja/mtype249.a(nbr-table.o)
                                        0x2c4 (size before relaxing)
 .eh_frame      0x0000000000029d4c       0x20 obj_cooja/mtype249.a(netstack.o)
                                         0x38 (size before relaxing)
 .eh_frame      0x0000000000029d6c      0x214 obj_cooja/mtype249.a(packetbuf.o)
                                        0x22c (size before relaxing)
 .eh_frame      0x0000000000029f80      0x1a0 obj_cooja/mtype249.a(queuebuf.o)
                                        0x1b8 (size before relaxing)
 .eh_frame      0x000000000002a120       0x80 obj_cooja/mtype249.a(nullsec.o)
                                         0x98 (size before relaxing)
 .eh_frame      0x000000000002a1a0       0xa0 obj_cooja/mtype249.a(watchdog.o)
                                         0xb8 (size before relaxing)
 .eh_frame      0x000000000002a240       0xc4 obj_cooja/mtype249.a(stimer.o)
                                         0xdc (size before relaxing)
 .eh_frame      0x000000000002a304       0xa0 obj_cooja/mtype249.a(memb.o)
                                         0xb8 (size before relaxing)
 .eh_frame      0x000000000002a3a4      0x2a0 obj_cooja/mtype249.a(uip-ds6-route.o)
                                        0x2b8 (size before relaxing)
 .eh_frame      0x000000000002a644      0x164 obj_cooja/mtype249.a(uip-icmp6.o)
                                        0x17c (size before relaxing)
 .eh_frame      0x000000000002a7a8       0x68 obj_cooja/mtype249.a(uip-nd6.o)
                                         0x80 (size before relaxing)
 .eh_frame      0x000000000002a810       0xc8 obj_cooja/mtype249.a(rpl-nbr-policy.)
                                         0xe0 (size before relaxing)
 .eh_frame      0x000000000002a8d8      0x164 obj_cooja/mtype249.a(frame802154.o)
                                        0x17c (size before relaxing)
 .eh_frame      0x000000000002aa3c       0x88 obj_cooja/mtype249.a(mac-sequence.o)
                                         0xa0 (size before relaxing)
 .eh_frame      0x000000000002aac4       0x20 obj_cooja/mtype249.a(mac.o)
                                         0x38 (size before relaxing)
 .eh_frame      0x000000000002aae4        0x4 /usr/lib/gcc/i686-linux-gnu/4.8/crtendS.o

.gcc_except_table
 *(.gcc_except_table .gcc_except_table.*)

.exception_ranges
 *(.exception_ranges .exception_ranges*)
                0x000000000002aae8                . = (ALIGN (0x1000) - ((0x1000 - .) & 0xfff))
                0x000000000002bef8                . = DATA_SEGMENT_ALIGN (0x1000, 0x1000)

.eh_frame
 *(.eh_frame)

.gcc_except_table
 *(.gcc_except_table .gcc_except_table.*)

.exception_ranges
 *(.exception_ranges .exception_ranges*)

.tdata
 *(.tdata .tdata.* .gnu.linkonce.td.*)

.tbss
 *(.tbss .tbss.* .gnu.linkonce.tb.*)
 *(.tcommon)

.preinit_array
 *(.preinit_array)

.init_array     0x000000000002bef8        0x4
 *(SORT(.init_array.*) SORT(.ctors.*))
 *(.init_array EXCLUDE_FILE(*crtend?.o *crtend.o *crtbegin?.o *crtbegin.o) .ctors)
 .init_array    0x000000000002bef8        0x4 /usr/lib/gcc/i686-linux-gnu/4.8/crtbeginS.o

.fini_array     0x000000000002befc        0x4
 *(SORT(.fini_array.*) SORT(.dtors.*))
 *(.fini_array EXCLUDE_FILE(*crtend?.o *crtend.o *crtbegin?.o *crtbegin.o) .dtors)
 .fini_array    0x000000000002befc        0x4 /usr/lib/gcc/i686-linux-gnu/4.8/crtbeginS.o

.ctors
 *crtbegin.o(.ctors)
 *crtbegin?.o(.ctors)
 *(EXCLUDE_FILE(*crtend?.o *crtend.o) .ctors)
 *(SORT(.ctors.*))
 *(.ctors)

.dtors
 *crtbegin.o(.dtors)
 *crtbegin?.o(.dtors)
 *(EXCLUDE_FILE(*crtend?.o *crtend.o) .dtors)
 *(SORT(.dtors.*))
 *(.dtors)

.jcr            0x000000000002bf00        0x4
 *(.jcr)
 .jcr           0x000000000002bf00        0x0 /usr/lib/gcc/i686-linux-gnu/4.8/crtbeginS.o
 .jcr           0x000000000002bf00        0x4 /usr/lib/gcc/i686-linux-gnu/4.8/crtendS.o

.data.rel.ro
 *(.data.rel.ro.local* .gnu.linkonce.d.rel.ro.local.*)
 *(.data.rel.ro .data.rel.ro.* .gnu.linkonce.d.rel.ro.*)

.dynamic        0x000000000002bf04       0xe8
 *(.dynamic)
 .dynamic       0x000000000002bf04       0xe8 /usr/lib/gcc/i686-linux-gnu/4.8/../../../i386-linux-gnu/crti.o
                0x000000000002bf04                _DYNAMIC

.got            0x000000000002bfec       0x14
 *(.got)
 .got           0x000000000002bfec       0x14 /usr/lib/gcc/i686-linux-gnu/4.8/../../../i386-linux-gnu/crti.o
 *(.igot)
                0x000000000002cff4                . = DATA_SEGMENT_RELRO_END (., (SIZEOF (.got.plt) >= 0xc)?0xc:0x0)

.got.plt        0x000000000002c000       0x14
 *(.got.plt)
 .got.plt       0x000000000002c000       0x14 /usr/lib/gcc/i686-linux-gnu/4.8/../../../i386-linux-gnu/crti.o
                0x000000000002c000                _GLOBAL_OFFSET_TABLE_
 *(.igot.plt)

.data           0x000000000002c020      0x22a
 *(.data .data.* .gnu.linkonce.d.*)
 .data          0x000000000002c020        0x0 /usr/lib/gcc/i686-linux-gnu/4.8/../../../i386-linux-gnu/crti.o
 .data          0x000000000002c020        0x0 /usr/lib/gcc/i686-linux-gnu/4.8/crtbeginS.o
 .data.rel      0x000000000002c020        0x4 /usr/lib/gcc/i686-linux-gnu/4.8/crtbeginS.o
                0x000000000002c020                __dso_handle
 .data          0x000000000002c024       0x14 udp-server.co
                0x000000000002c024                remaining_energy
                0x000000000002c025                alpha
                0x000000000002c028                udp_server_process
 *fill*         0x000000000002c038        0x8 
 .data          0x000000000002c040       0x44 obj_cooja/mtype249.o
                0x000000000002c040                simInterfaces
                0x000000000002c074                sensors
 .data          0x000000000002c084        0x0 obj_cooja/mtype249.a(simEnvChange.o)
 .data          0x000000000002c084        0x0 obj_cooja/mtype249.a(cooja_mt.o)
 .data          0x000000000002c084        0x0 obj_cooja/mtype249.a(cooja_mtarch.o)
 .data          0x000000000002c084        0x0 obj_cooja/mtype249.a(rtimer-arch.o)
 .data          0x000000000002c084        0x0 obj_cooja/mtype249.a(beep.o)
 .data          0x000000000002c084        0x0 obj_cooja/mtype249.a(button-sensor.o)
 .data          0x000000000002c084        0x0 obj_cooja/mtype249.a(leds-arch.o)
 .data          0x000000000002c084        0x0 obj_cooja/mtype249.a(moteid.o)
 .data          0x000000000002c084        0x0 obj_cooja/mtype249.a(pir-sensor.o)
 .data          0x000000000002c084        0x0 obj_cooja/mtype249.a(rs232.o)
 .data          0x000000000002c084        0x0 obj_cooja/mtype249.a(vib-sensor.o)
 .data          0x000000000002c084        0x0 obj_cooja/mtype249.a(clock.o)
 .data          0x000000000002c084        0x0 obj_cooja/mtype249.a(log.o)
 .data          0x000000000002c084        0x0 obj_cooja/mtype249.a(cfs-cooja.o)
 .data          0x000000000002c084       0x38 obj_cooja/mtype249.a(cooja-radio.o)
                0x000000000002c084                simRadioChannel
                0x000000000002c088                simRadioChannelLR
                0x000000000002c08c                simRadioHWOn
                0x000000000002c08d                simRadioHWOnLR
                0x000000000002c090                simSignalStrength
                0x000000000002c094                simSignalStrengthLR
                0x000000000002c098                simLastSignalStrength
                0x000000000002c09c                simLastSignalStrengthLR
                0x000000000002c0a0                simPower
                0x000000000002c0a1                simPowerLR
                0x000000000002c0a4                simLQI
                0x000000000002c0a8                simLQILR
                0x000000000002c0ac                cooja_radio_process
 .data          0x000000000002c0bc        0x0 obj_cooja/mtype249.a(eeprom.o)
 .data          0x000000000002c0bc        0x0 obj_cooja/mtype249.a(random.o)
 .data          0x000000000002c0bc       0x10 obj_cooja/mtype249.a(sensors.o)
                0x000000000002c0bc                sensors_process
 .data          0x000000000002c0cc       0x24 obj_cooja/mtype249.a(dual_conf.o)
                0x000000000002c0cc                radio_received
                0x000000000002c0d0                dual_dio_broadcast
                0x000000000002c0e0                dual_dis_broadcast
 .data          0x000000000002c0f0        0x0 obj_cooja/mtype249.a(autostart.o)
 .data          0x000000000002c0f0       0x14 obj_cooja/mtype249.a(ctimer.o)
                0x000000000002c0f4                ctimer_process
 .data          0x000000000002c104       0x10 obj_cooja/mtype249.a(etimer.o)
                0x000000000002c104                etimer_process
 .data          0x000000000002c114        0x0 obj_cooja/mtype249.a(process.o)
 .data          0x000000000002c114        0x0 obj_cooja/mtype249.a(rtimer.o)
 .data          0x000000000002c114        0x0 obj_cooja/mtype249.a(timer.o)
 .data          0x000000000002c114       0x10 obj_cooja/mtype249.a(serial-line.o)
                0x000000000002c114                serial_line_process
 .data          0x000000000002c124        0x0 obj_cooja/mtype249.a(list.o)
 .data          0x000000000002c124        0x0 obj_cooja/mtype249.a(ringbuf.o)
 .data          0x000000000002c124        0x0 obj_cooja/mtype249.a(sicslowpan.o)
 .data          0x000000000002c124       0x14 obj_cooja/mtype249.a(uip-ds6-nbr.o)
                0x000000000002c134                ds6_neighbors
 .data          0x000000000002c138        0x0 obj_cooja/mtype249.a(uip-ds6.o)
 .data          0x000000000002c138        0x0 obj_cooja/mtype249.a(uip6.o)
 .data          0x000000000002c138       0x10 obj_cooja/mtype249.a(tcpip.o)
                0x000000000002c138                tcpip_process
 .data          0x000000000002c148        0x0 obj_cooja/mtype249.a(uip-debug.o)
 .data          0x000000000002c148        0xc obj_cooja/mtype249.a(uip-packetqueue)
 .data          0x000000000002c154       0x14 obj_cooja/mtype249.a(rpl-dag.o)
                0x000000000002c164                rpl_parents
 .data          0x000000000002c168        0x0 obj_cooja/mtype249.a(rpl-ext-header.)
 .data          0x000000000002c168       0x34 obj_cooja/mtype249.a(rpl-icmp6.o)
 .data          0x000000000002c19c       0x1c obj_cooja/mtype249.a(rpl-jkof.o)
                0x000000000002c19c                rpl_jkof
 .data          0x000000000002c1b8        0x0 obj_cooja/mtype249.a(rpl-timers.o)
 .data          0x000000000002c1b8        0x0 obj_cooja/mtype249.a(rpl.o)
 .data          0x000000000002c1b8        0x0 obj_cooja/mtype249.a(framer-802154.o)
 .data          0x000000000002c1b8        0x0 obj_cooja/mtype249.a(nullmac.o)
 .data          0x000000000002c1b8        0x0 obj_cooja/mtype249.a(nullrdc.o)
 .data          0x000000000002c1b8        0x0 obj_cooja/mtype249.a(linkaddr.o)
 .data          0x000000000002c1b8       0x10 obj_cooja/mtype249.a(nbr-table.o)
 .data          0x000000000002c1c8        0x0 obj_cooja/mtype249.a(netstack.o)
 .data          0x000000000002c1c8        0x4 obj_cooja/mtype249.a(packetbuf.o)
 .data          0x000000000002c1cc       0x18 obj_cooja/mtype249.a(queuebuf.o)
 .data          0x000000000002c1e4        0x0 obj_cooja/mtype249.a(nullsec.o)
 .data          0x000000000002c1e4        0x0 obj_cooja/mtype249.a(watchdog.o)
 .data          0x000000000002c1e4        0x0 obj_cooja/mtype249.a(rimestats.o)
 .data          0x000000000002c1e4        0x0 obj_cooja/mtype249.a(stimer.o)
 .data          0x000000000002c1e4        0x0 obj_cooja/mtype249.a(memb.o)
 .data          0x000000000002c1e4       0x44 obj_cooja/mtype249.a(uip-ds6-route.o)
                0x000000000002c1f4                nbr_routes
 .data          0x000000000002c228       0x20 obj_cooja/mtype249.a(uip-icmp6.o)
 .data          0x000000000002c248        0x0 obj_cooja/mtype249.a(uip-nd6.o)
 .data          0x000000000002c248        0x0 obj_cooja/mtype249.a(rpl-nbr-policy.)
 .data          0x000000000002c248        0x2 obj_cooja/mtype249.a(frame802154.o)
 .data          0x000000000002c24a        0x0 obj_cooja/mtype249.a(mac-sequence.o)
 .data          0x000000000002c24a        0x0 obj_cooja/mtype249.a(mac.o)
 .data          0x000000000002c24a        0x0 /usr/lib/gcc/i686-linux-gnu/4.8/crtendS.o
 .data          0x000000000002c24a        0x0 /usr/lib/gcc/i686-linux-gnu/4.8/../../../i386-linux-gnu/crtn.o

.tm_clone_table
                0x000000000002c24c        0x0
 .tm_clone_table
                0x000000000002c24c        0x0 /usr/lib/gcc/i686-linux-gnu/4.8/crtbeginS.o
 .tm_clone_table
                0x000000000002c24c        0x0 /usr/lib/gcc/i686-linux-gnu/4.8/crtendS.o

.data1
 *(.data1)
                0x000000000002c24c                _edata = .
                0x000000000002c24c                PROVIDE (edata, .)
                0x000000000002c24c                . = .
                0x000000000002c24c                __bss_start = .

.bss            0x000000000002c260     0x8308
 *(.dynbss)
 .dynbss        0x0000000000000000        0x0 /usr/lib/gcc/i686-linux-gnu/4.8/../../../i386-linux-gnu/crti.o
 *(.bss .bss.* .gnu.linkonce.b.*)
 .bss           0x000000000002c260        0x0 /usr/lib/gcc/i686-linux-gnu/4.8/../../../i386-linux-gnu/crti.o
 .bss           0x000000000002c260        0x1 /usr/lib/gcc/i686-linux-gnu/4.8/crtbeginS.o
 *fill*         0x000000000002c261        0x3 
 .bss           0x000000000002c264        0x4 udp-server.co
 *fill*         0x000000000002c268       0x18 
 .bss           0x000000000002c280     0x2030 obj_cooja/mtype249.o
 .bss           0x000000000002e2b0        0x1 obj_cooja/mtype249.a(simEnvChange.o)
                0x000000000002e2b0                simDontFallAsleep
 *fill*         0x000000000002e2b1        0x3 
 .bss           0x000000000002e2b4        0x4 obj_cooja/mtype249.a(cooja_mt.o)
 .bss           0x000000000002e2b8        0x4 obj_cooja/mtype249.a(cooja_mtarch.o)
 .bss           0x000000000002e2bc        0xc obj_cooja/mtype249.a(rtimer-arch.o)
 .bss           0x000000000002e2c8        0x0 obj_cooja/mtype249.a(beep.o)
 .bss           0x000000000002e2c8        0x8 obj_cooja/mtype249.a(button-sensor.o)
 .bss           0x000000000002e2d0        0x0 obj_cooja/mtype249.a(leds-arch.o)
 .bss           0x000000000002e2d0        0x0 obj_cooja/mtype249.a(moteid.o)
 .bss           0x000000000002e2d0        0x1 obj_cooja/mtype249.a(pir-sensor.o)
                0x000000000002e2d0                simPirValue
 *fill*         0x000000000002e2d1        0x3 
 .bss           0x000000000002e2d4        0x4 obj_cooja/mtype249.a(rs232.o)
 .bss           0x000000000002e2d8        0x1 obj_cooja/mtype249.a(vib-sensor.o)
                0x000000000002e2d8                simVibValue
 .bss           0x000000000002e2d9        0x0 obj_cooja/mtype249.a(clock.o)
 *fill*         0x000000000002e2d9        0x7 
 .bss           0x000000000002e2e0      0x420 obj_cooja/mtype249.a(log.o)
 .bss           0x000000000002e700      0xfc0 obj_cooja/mtype249.a(cfs-cooja.o)
                0x000000000002e700                simCFSData
                0x000000000002f6a0                simCFSSize
                0x000000000002f6a4                simCFSChanged
                0x000000000002f6a8                simCFSRead
                0x000000000002f6ac                simCFSWritten
 .bss           0x000000000002f6c0       0x20 obj_cooja/mtype249.a(cooja-radio.o)
                0x000000000002f6c0                simReceiving
                0x000000000002f6c1                simReceivingLR
                0x000000000002f6c4                simInSize
                0x000000000002f6c8                simInSizeLR
                0x000000000002f6cc                simOutSize
                0x000000000002f6d0                simOutSizeLR
                0x000000000002f6d4                LongRangeTransmit
                0x000000000002f6d8                LongRangeReceiving
 .bss           0x000000000002f6e0        0xc obj_cooja/mtype249.a(eeprom.o)
                0x000000000002f6e0                simEEPROMChanged
                0x000000000002f6e4                simEEPROMRead
                0x000000000002f6e8                simEEPROMWritten
 .bss           0x000000000002f6ec        0x0 obj_cooja/mtype249.a(random.o)
 .bss           0x000000000002f6ec        0xc obj_cooja/mtype249.a(sensors.o)
 .bss           0x000000000002f6f8       0x28 obj_cooja/mtype249.a(dual_conf.o)
                0x000000000002f6f8                long_range_radio
 .bss           0x000000000002f720        0x0 obj_cooja/mtype249.a(autostart.o)
 .bss           0x000000000002f720        0x5 obj_cooja/mtype249.a(ctimer.o)
 *fill*         0x000000000002f725        0x3 
 .bss           0x000000000002f728        0x8 obj_cooja/mtype249.a(etimer.o)
 *fill*         0x000000000002f730       0x10 
 .bss           0x000000000002f740      0x1b1 obj_cooja/mtype249.a(process.o)
                0x000000000002f740                process_list
                0x000000000002f744                process_current
 *fill*         0x000000000002f8f1        0x3 
 .bss           0x000000000002f8f4        0x4 obj_cooja/mtype249.a(rtimer.o)
 .bss           0x000000000002f8f8        0x0 obj_cooja/mtype249.a(timer.o)
 *fill*         0x000000000002f8f8        0x8 
 .bss           0x000000000002f900      0x140 obj_cooja/mtype249.a(serial-line.o)
 .bss           0x000000000002fa40        0x0 obj_cooja/mtype249.a(list.o)
 .bss           0x000000000002fa40        0x0 obj_cooja/mtype249.a(ringbuf.o)
 .bss           0x000000000002fa40      0x70c obj_cooja/mtype249.a(sicslowpan.o)
 *fill*         0x000000000003014c       0x14 
 .bss           0x0000000000030160      0x1e0 obj_cooja/mtype249.a(uip-ds6-nbr.o)
 .bss           0x0000000000030340       0x30 obj_cooja/mtype249.a(uip-ds6.o)
 .bss           0x0000000000030370        0xe obj_cooja/mtype249.a(uip6.o)
                0x0000000000030370                uip_ext_bitmap
                0x0000000000030371                uip_ext_len
                0x0000000000030372                uip_ext_opt_offset
 *fill*         0x000000000003037e        0x2 
 .bss           0x0000000000030380       0x6a obj_cooja/mtype249.a(tcpip.o)
 .bss           0x00000000000303ea        0x0 obj_cooja/mtype249.a(uip-debug.o)
 *fill*         0x00000000000303ea       0x16 
 .bss           0x0000000000030400      0xcf8 obj_cooja/mtype249.a(uip-packetqueue)
 *fill*         0x00000000000310f8        0x8 
 .bss           0x0000000000031100      0x140 obj_cooja/mtype249.a(rpl-dag.o)
 .bss           0x0000000000031240        0x0 obj_cooja/mtype249.a(rpl-ext-header.)
 .bss           0x0000000000031240        0x0 obj_cooja/mtype249.a(rpl-icmp6.o)
 .bss           0x0000000000031240        0x0 obj_cooja/mtype249.a(rpl-jkof.o)
 .bss           0x0000000000031240       0x23 obj_cooja/mtype249.a(rpl-timers.o)
 *fill*         0x0000000000031263        0x1 
 .bss           0x0000000000031264        0x4 obj_cooja/mtype249.a(rpl.o)
 .bss           0x0000000000031268        0x2 obj_cooja/mtype249.a(framer-802154.o)
 .bss           0x000000000003126a        0x0 obj_cooja/mtype249.a(nullmac.o)
 .bss           0x000000000003126a        0x0 obj_cooja/mtype249.a(nullrdc.o)
 .bss           0x000000000003126a        0x0 obj_cooja/mtype249.a(linkaddr.o)
 *fill*         0x000000000003126a       0x16 
 .bss           0x0000000000031280      0x174 obj_cooja/mtype249.a(nbr-table.o)
 .bss           0x00000000000313f4        0x0 obj_cooja/mtype249.a(netstack.o)
 *fill*         0x00000000000313f4        0xc 
 .bss           0x0000000000031400       0xa0 obj_cooja/mtype249.a(packetbuf.o)
 .bss           0x00000000000314a0      0xb80 obj_cooja/mtype249.a(queuebuf.o)
 .bss           0x0000000000032020        0x0 obj_cooja/mtype249.a(nullsec.o)
 .bss           0x0000000000032020        0x0 obj_cooja/mtype249.a(watchdog.o)
 .bss           0x0000000000032020        0x0 obj_cooja/mtype249.a(rimestats.o)
 .bss           0x0000000000032020        0x0 obj_cooja/mtype249.a(stimer.o)
 .bss           0x0000000000032020        0x0 obj_cooja/mtype249.a(memb.o)
 .bss           0x0000000000032020      0x308 obj_cooja/mtype249.a(uip-ds6-route.o)
 .bss           0x0000000000032328       0x18 obj_cooja/mtype249.a(uip-icmp6.o)
 .bss           0x0000000000032340        0x0 obj_cooja/mtype249.a(uip-nd6.o)
 .bss           0x0000000000032340       0x44 obj_cooja/mtype249.a(rpl-nbr-policy.)
 .bss           0x0000000000032384        0x0 obj_cooja/mtype249.a(frame802154.o)
 *fill*         0x0000000000032384       0x1c 
 .bss           0x00000000000323a0       0x90 obj_cooja/mtype249.a(mac-sequence.o)
 .bss           0x0000000000032430        0x0 obj_cooja/mtype249.a(mac.o)
 .bss           0x0000000000032430        0x0 /usr/lib/gcc/i686-linux-gnu/4.8/crtendS.o
 .bss           0x0000000000032430        0x0 /usr/lib/gcc/i686-linux-gnu/4.8/../../../i386-linux-gnu/crtn.o
 *(COMMON)
 COMMON         0x0000000000032430        0x8 obj_cooja/mtype249.o
                0x0000000000032430                referenceVar
                0x0000000000032434                sensors_flags
 COMMON         0x0000000000032438        0xc obj_cooja/mtype249.a(simEnvChange.o)
                0x0000000000032438                simEtimerPending
                0x000000000003243c                simProcessRunValue
                0x0000000000032440                simNextExpirationTime
 COMMON         0x0000000000032444        0x1 obj_cooja/mtype249.a(beep.o)
                0x0000000000032444                simBeeped
 COMMON         0x0000000000032445        0x3 obj_cooja/mtype249.a(button-sensor.o)
                0x0000000000032445                simButtonIsActive
                0x0000000000032446                simButtonIsDown
                0x0000000000032447                simButtonChanged
 COMMON         0x0000000000032448        0x1 obj_cooja/mtype249.a(leds-arch.o)
                0x0000000000032448                simLedsValue
 *fill*         0x0000000000032449        0x3 
 COMMON         0x000000000003244c        0xc obj_cooja/mtype249.a(moteid.o)
                0x000000000003244c                simRandomSeed
                0x0000000000032450                simMoteIDChanged
                0x0000000000032454                simMoteID
 COMMON         0x0000000000032458        0x2 obj_cooja/mtype249.a(pir-sensor.o)
                0x0000000000032458                simPirIsActive
                0x0000000000032459                simPirChanged
 *fill*         0x000000000003245a        0x6 
 COMMON         0x0000000000032460      0x820 obj_cooja/mtype249.a(rs232.o)
                0x0000000000032460                simSerialReceivingFlag
                0x0000000000032464                simSerialReceivingLength
                0x0000000000032480                simSerialReceivingData
 COMMON         0x0000000000032c80        0x2 obj_cooja/mtype249.a(vib-sensor.o)
                0x0000000000032c80                simVibChanged
                0x0000000000032c81                simVibIsActive
 *fill*         0x0000000000032c82        0x2 
 COMMON         0x0000000000032c84        0x4 obj_cooja/mtype249.a(clock.o)
                0x0000000000032c84                simCurrentTime
 *fill*         0x0000000000032c88       0x18 
 COMMON         0x0000000000032ca0      0x420 obj_cooja/mtype249.a(log.o)
                0x0000000000032ca0                simLoggedLength
                0x0000000000032ca4                simLoggedFlag
                0x0000000000032cc0                simLoggedData
 COMMON         0x00000000000330c0      0x200 obj_cooja/mtype249.a(cooja-radio.o)
                0x00000000000330c0                simOutDataBuffer
                0x0000000000033140                simInDataBufferLR
                0x00000000000331c0                simOutDataBufferLR
                0x0000000000033240                simInDataBuffer
 COMMON         0x00000000000332c0      0x400 obj_cooja/mtype249.a(eeprom.o)
                0x00000000000332c0                simEEPROMData
 COMMON         0x00000000000336c0        0x1 obj_cooja/mtype249.a(sensors.o)
                0x00000000000336c0                sensors_event
 COMMON         0x00000000000336c1        0x1 obj_cooja/mtype249.a(serial-line.o)
                0x00000000000336c1                serial_line_event_message
 *fill*         0x00000000000336c2       0x1e 
 COMMON         0x00000000000336e0       0xc8 obj_cooja/mtype249.a(uip-ds6-nbr.o)
                0x00000000000336e0                ds6_lr_addrmap
 *fill*         0x00000000000337a8       0x18 
 COMMON         0x00000000000337c0      0x298 obj_cooja/mtype249.a(uip-ds6.o)
                0x00000000000337c0                uip_ds6_prefix_list
                0x0000000000033820                uip_ds6_timer_periodic
                0x0000000000033830                uip_ds6_netif_addr_list_offset
                0x0000000000033840                uip_ds6_if
                0x0000000000033938                uip_ds6_timer_ra
                0x0000000000033940                uip_ds6_addr_size
                0x0000000000033960                long_uip_ds6_if
 *fill*         0x0000000000033a58        0x8 
 COMMON         0x0000000000033a60      0x8ec obj_cooja/mtype249.a(uip6.o)
                0x0000000000033a60                uip_slen
                0x0000000000033a62                uip_acc32
                0x0000000000033a80                uip_conns
                0x0000000000033b40                uip_lladdr
                0x0000000000033b48                uip_appdata
                0x0000000000033b4c                uip_flags
                0x0000000000033b60                uip_aligned_buf
                0x00000000000341a0                uip_listenports
                0x00000000000341b0                uip_len
                0x00000000000341b2                uip_long_lladdr
                0x00000000000341bc                uip_sappdata
                0x00000000000341c0                uip_udp_conns
                0x0000000000034340                uip_udp_conn
                0x0000000000034344                uip_next_hdr
                0x0000000000034348                uip_conn
 COMMON         0x000000000003434c        0x1 obj_cooja/mtype249.a(tcpip.o)
                0x000000000003434c                tcpip_event
 *fill*         0x000000000003434d       0x13 
 COMMON         0x0000000000034360      0x170 obj_cooja/mtype249.a(rpl-dag.o)
                0x0000000000034360                default_instance
                0x0000000000034380                instance_table
 COMMON         0x00000000000344d0       0x10 obj_cooja/mtype249.a(linkaddr.o)
                0x00000000000344d0                linkaddr_node_addr
                0x00000000000344d8                long_linkaddr_node_addr
 COMMON         0x00000000000344e0       0x2e obj_cooja/mtype249.a(packetbuf.o)
                0x00000000000344e0                packetbuf_attrs
                0x00000000000344fe                packetbuf_addrs
 *fill*         0x000000000003450e       0x12 
 COMMON         0x0000000000034520       0x48 obj_cooja/mtype249.a(rimestats.o)
                0x0000000000034520                rimestats
                0x0000000000034568                . = ALIGN ((. != 0x0)?0x4:0x1)
                0x0000000000034568                . = ALIGN (0x4)
                0x0000000000034568                . = SEGMENT_START ("ldata-segment", .)
                0x0000000000034568                . = ALIGN (0x4)
                0x0000000000034568                _end = .
                0x0000000000034568                PROVIDE (end, .)
                0x0000000000034568                . = DATA_SEGMENT_END (.)

.stab
 *(.stab)

.stabstr
 *(.stabstr)

.stab.excl
 *(.stab.excl)

.stab.exclstr
 *(.stab.exclstr)

.stab.index
 *(.stab.index)

.stab.indexstr
 *(.stab.indexstr)

.comment        0x0000000000000000       0x2b
 *(.comment)
 .comment       0x0000000000000000       0x2b /usr/lib/gcc/i686-linux-gnu/4.8/crtbeginS.o
                                         0x2c (size before relaxing)
 .comment       0x0000000000000000       0x2c udp-server.co
 .comment       0x0000000000000000       0x2c obj_cooja/mtype249.o
 .comment       0x0000000000000000       0x2c obj_cooja/mtype249.a(simEnvChange.o)
 .comment       0x0000000000000000       0x2c obj_cooja/mtype249.a(cooja_mt.o)
 .comment       0x0000000000000000       0x2c obj_cooja/mtype249.a(cooja_mtarch.o)
 .comment       0x0000000000000000       0x2c obj_cooja/mtype249.a(rtimer-arch.o)
 .comment       0x0000000000000000       0x2c obj_cooja/mtype249.a(beep.o)
 .comment       0x0000000000000000       0x2c obj_cooja/mtype249.a(button-sensor.o)
 .comment       0x0000000000000000       0x2c obj_cooja/mtype249.a(leds-arch.o)
 .comment       0x0000000000000000       0x2c obj_cooja/mtype249.a(moteid.o)
 .comment       0x0000000000000000       0x2c obj_cooja/mtype249.a(pir-sensor.o)
 .comment       0x0000000000000000       0x2c obj_cooja/mtype249.a(rs232.o)
 .comment       0x0000000000000000       0x2c obj_cooja/mtype249.a(vib-sensor.o)
 .comment       0x0000000000000000       0x2c obj_cooja/mtype249.a(clock.o)
 .comment       0x0000000000000000       0x2c obj_cooja/mtype249.a(log.o)
 .comment       0x0000000000000000       0x2c obj_cooja/mtype249.a(cfs-cooja.o)
 .comment       0x0000000000000000       0x2c obj_cooja/mtype249.a(cooja-radio.o)
 .comment       0x0000000000000000       0x2c obj_cooja/mtype249.a(eeprom.o)
 .comment       0x0000000000000000       0x2c obj_cooja/mtype249.a(random.o)
 .comment       0x0000000000000000       0x2c obj_cooja/mtype249.a(sensors.o)
 .comment       0x0000000000000000       0x2c obj_cooja/mtype249.a(dual_conf.o)
 .comment       0x0000000000000000       0x2c obj_cooja/mtype249.a(autostart.o)
 .comment       0x0000000000000000       0x2c obj_cooja/mtype249.a(ctimer.o)
 .comment       0x0000000000000000       0x2c obj_cooja/mtype249.a(etimer.o)
 .comment       0x0000000000000000       0x2c obj_cooja/mtype249.a(process.o)
 .comment       0x0000000000000000       0x2c obj_cooja/mtype249.a(rtimer.o)
 .comment       0x0000000000000000       0x2c obj_cooja/mtype249.a(timer.o)
 .comment       0x0000000000000000       0x2c obj_cooja/mtype249.a(serial-line.o)
 .comment       0x0000000000000000       0x2c obj_cooja/mtype249.a(list.o)
 .comment       0x0000000000000000       0x2c obj_cooja/mtype249.a(ringbuf.o)
 .comment       0x0000000000000000       0x2c obj_cooja/mtype249.a(sicslowpan.o)
 .comment       0x0000000000000000       0x2c obj_cooja/mtype249.a(uip-ds6-nbr.o)
 .comment       0x0000000000000000       0x2c obj_cooja/mtype249.a(uip-ds6.o)
 .comment       0x0000000000000000       0x2c obj_cooja/mtype249.a(uip6.o)
 .comment       0x0000000000000000       0x2c obj_cooja/mtype249.a(tcpip.o)
 .comment       0x0000000000000000       0x2c obj_cooja/mtype249.a(uip-debug.o)
 .comment       0x0000000000000000       0x2c obj_cooja/mtype249.a(uip-packetqueue)
 .comment       0x0000000000000000       0x2c obj_cooja/mtype249.a(rpl-dag.o)
 .comment       0x0000000000000000       0x2c obj_cooja/mtype249.a(rpl-ext-header.)
 .comment       0x0000000000000000       0x2c obj_cooja/mtype249.a(rpl-icmp6.o)
 .comment       0x0000000000000000       0x2c obj_cooja/mtype249.a(rpl-jkof.o)
 .comment       0x0000000000000000       0x2c obj_cooja/mtype249.a(rpl-timers.o)
 .comment       0x0000000000000000       0x2c obj_cooja/mtype249.a(rpl.o)
 .comment       0x0000000000000000       0x2c obj_cooja/mtype249.a(framer-802154.o)
 .comment       0x0000000000000000       0x2c obj_cooja/mtype249.a(nullmac.o)
 .comment       0x0000000000000000       0x2c obj_cooja/mtype249.a(nullrdc.o)
 .comment       0x0000000000000000       0x2c obj_cooja/mtype249.a(linkaddr.o)
 .comment       0x0000000000000000       0x2c obj_cooja/mtype249.a(nbr-table.o)
 .comment       0x0000000000000000       0x2c obj_cooja/mtype249.a(netstack.o)
 .comment       0x0000000000000000       0x2c obj_cooja/mtype249.a(packetbuf.o)
 .comment       0x0000000000000000       0x2c obj_cooja/mtype249.a(queuebuf.o)
 .comment       0x0000000000000000       0x2c obj_cooja/mtype249.a(nullsec.o)
 .comment       0x0000000000000000       0x2c obj_cooja/mtype249.a(watchdog.o)
 .comment       0x0000000000000000       0x2c obj_cooja/mtype249.a(rimestats.o)
 .comment       0x0000000000000000       0x2c obj_cooja/mtype249.a(stimer.o)
 .comment       0x0000000000000000       0x2c obj_cooja/mtype249.a(memb.o)
 .comment       0x0000000000000000       0x2c obj_cooja/mtype249.a(uip-ds6-route.o)
 .comment       0x0000000000000000       0x2c obj_cooja/mtype249.a(uip-icmp6.o)
 .comment       0x0000000000000000       0x2c obj_cooja/mtype249.a(uip-nd6.o)
 .comment       0x0000000000000000       0x2c obj_cooja/mtype249.a(rpl-nbr-policy.)
 .comment       0x0000000000000000       0x2c obj_cooja/mtype249.a(frame802154.o)
 .comment       0x0000000000000000       0x2c obj_cooja/mtype249.a(mac-sequence.o)
 .comment       0x0000000000000000       0x2c obj_cooja/mtype249.a(mac.o)
 .comment       0x0000000000000000       0x2c /usr/lib/gcc/i686-linux-gnu/4.8/crtendS.o

.debug
 *(.debug)

.line
 *(.line)

.debug_srcinfo
 *(.debug_srcinfo)

.debug_sfnames
 *(.debug_sfnames)

.debug_aranges  0x0000000000000000      0x7d8
 *(.debug_aranges)
 .debug_aranges
                0x0000000000000000       0x20 udp-server.co
 .debug_aranges
                0x0000000000000020       0x20 obj_cooja/mtype249.o
 .debug_aranges
                0x0000000000000040       0x20 obj_cooja/mtype249.a(simEnvChange.o)
 .debug_aranges
                0x0000000000000060       0x20 obj_cooja/mtype249.a(cooja_mt.o)
 .debug_aranges
                0x0000000000000080       0x20 obj_cooja/mtype249.a(cooja_mtarch.o)
 .debug_aranges
                0x00000000000000a0       0x20 obj_cooja/mtype249.a(rtimer-arch.o)
 .debug_aranges
                0x00000000000000c0       0x20 obj_cooja/mtype249.a(beep.o)
 .debug_aranges
                0x00000000000000e0       0x20 obj_cooja/mtype249.a(button-sensor.o)
 .debug_aranges
                0x0000000000000100       0x20 obj_cooja/mtype249.a(leds-arch.o)
 .debug_aranges
                0x0000000000000120       0x20 obj_cooja/mtype249.a(moteid.o)
 .debug_aranges
                0x0000000000000140       0x20 obj_cooja/mtype249.a(pir-sensor.o)
 .debug_aranges
                0x0000000000000160       0x20 obj_cooja/mtype249.a(rs232.o)
 .debug_aranges
                0x0000000000000180       0x20 obj_cooja/mtype249.a(vib-sensor.o)
 .debug_aranges
                0x00000000000001a0       0x20 obj_cooja/mtype249.a(clock.o)
 .debug_aranges
                0x00000000000001c0       0x20 obj_cooja/mtype249.a(log.o)
 .debug_aranges
                0x00000000000001e0       0x20 obj_cooja/mtype249.a(cfs-cooja.o)
 .debug_aranges
                0x0000000000000200       0x20 obj_cooja/mtype249.a(cooja-radio.o)
 .debug_aranges
                0x0000000000000220       0x20 obj_cooja/mtype249.a(eeprom.o)
 .debug_aranges
                0x0000000000000240       0x20 obj_cooja/mtype249.a(random.o)
 .debug_aranges
                0x0000000000000260       0x20 obj_cooja/mtype249.a(sensors.o)
 .debug_aranges
                0x0000000000000280       0x20 obj_cooja/mtype249.a(dual_conf.o)
 .debug_aranges
                0x00000000000002a0       0x20 obj_cooja/mtype249.a(autostart.o)
 .debug_aranges
                0x00000000000002c0       0x20 obj_cooja/mtype249.a(ctimer.o)
 .debug_aranges
                0x00000000000002e0       0x20 obj_cooja/mtype249.a(etimer.o)
 .debug_aranges
                0x0000000000000300       0x20 obj_cooja/mtype249.a(process.o)
 .debug_aranges
                0x0000000000000320       0x20 obj_cooja/mtype249.a(rtimer.o)
 .debug_aranges
                0x0000000000000340       0x20 obj_cooja/mtype249.a(timer.o)
 .debug_aranges
                0x0000000000000360       0x20 obj_cooja/mtype249.a(serial-line.o)
 .debug_aranges
                0x0000000000000380       0x20 obj_cooja/mtype249.a(list.o)
 .debug_aranges
                0x00000000000003a0       0x20 obj_cooja/mtype249.a(ringbuf.o)
 .debug_aranges
                0x00000000000003c0       0x20 obj_cooja/mtype249.a(sicslowpan.o)
 .debug_aranges
                0x00000000000003e0       0x20 obj_cooja/mtype249.a(uip-ds6-nbr.o)
 .debug_aranges
                0x0000000000000400       0x20 obj_cooja/mtype249.a(uip-ds6.o)
 .debug_aranges
                0x0000000000000420       0x20 obj_cooja/mtype249.a(uip6.o)
 .debug_aranges
                0x0000000000000440       0x20 obj_cooja/mtype249.a(tcpip.o)
 .debug_aranges
                0x0000000000000460       0x20 obj_cooja/mtype249.a(uip-debug.o)
 .debug_aranges
                0x0000000000000480       0x20 obj_cooja/mtype249.a(uip-packetqueue)
 .debug_aranges
                0x00000000000004a0       0x20 obj_cooja/mtype249.a(rpl-dag.o)
 .debug_aranges
                0x00000000000004c0       0x20 obj_cooja/mtype249.a(rpl-ext-header.)
 .debug_aranges
                0x00000000000004e0       0x20 obj_cooja/mtype249.a(rpl-icmp6.o)
 .debug_aranges
                0x0000000000000500       0x20 obj_cooja/mtype249.a(rpl-jkof.o)
 .debug_aranges
                0x0000000000000520       0x20 obj_cooja/mtype249.a(rpl-timers.o)
 .debug_aranges
                0x0000000000000540       0x20 obj_cooja/mtype249.a(rpl.o)
 .debug_aranges
                0x0000000000000560       0x20 obj_cooja/mtype249.a(framer-802154.o)
 .debug_aranges
                0x0000000000000580       0x20 obj_cooja/mtype249.a(nullmac.o)
 .debug_aranges
                0x00000000000005a0       0x20 obj_cooja/mtype249.a(nullrdc.o)
 .debug_aranges
                0x00000000000005c0       0x20 obj_cooja/mtype249.a(linkaddr.o)
 .debug_aranges
                0x00000000000005e0       0x20 obj_cooja/mtype249.a(nbr-table.o)
 .debug_aranges
                0x0000000000000600       0x20 obj_cooja/mtype249.a(netstack.o)
 .debug_aranges
                0x0000000000000620       0x20 obj_cooja/mtype249.a(packetbuf.o)
 .debug_aranges
                0x0000000000000640       0x20 obj_cooja/mtype249.a(queuebuf.o)
 .debug_aranges
                0x0000000000000660       0x20 obj_cooja/mtype249.a(nullsec.o)
 .debug_aranges
                0x0000000000000680       0x20 obj_cooja/mtype249.a(watchdog.o)
 .debug_aranges
                0x00000000000006a0       0x18 obj_cooja/mtype249.a(rimestats.o)
 .debug_aranges
                0x00000000000006b8       0x20 obj_cooja/mtype249.a(stimer.o)
 .debug_aranges
                0x00000000000006d8       0x20 obj_cooja/mtype249.a(memb.o)
 .debug_aranges
                0x00000000000006f8       0x20 obj_cooja/mtype249.a(uip-ds6-route.o)
 .debug_aranges
                0x0000000000000718       0x20 obj_cooja/mtype249.a(uip-icmp6.o)
 .debug_aranges
                0x0000000000000738       0x20 obj_cooja/mtype249.a(uip-nd6.o)
 .debug_aranges
                0x0000000000000758       0x20 obj_cooja/mtype249.a(rpl-nbr-policy.)
 .debug_aranges
                0x0000000000000778       0x20 obj_cooja/mtype249.a(frame802154.o)
 .debug_aranges
                0x0000000000000798       0x20 obj_cooja/mtype249.a(mac-sequence.o)
 .debug_aranges
                0x00000000000007b8       0x20 obj_cooja/mtype249.a(mac.o)

.debug_pubnames
 *(.debug_pubnames)

.debug_info     0x0000000000000000    0x1b29f
 *(.debug_info .gnu.linkonce.wi.*)
 .debug_info    0x0000000000000000      0xe0d udp-server.co
 .debug_info    0x0000000000000e0d     0x3771 obj_cooja/mtype249.o
 .debug_info    0x000000000000457e      0x15a obj_cooja/mtype249.a(simEnvChange.o)
 .debug_info    0x00000000000046d8      0x1e2 obj_cooja/mtype249.a(cooja_mt.o)
 .debug_info    0x00000000000048ba      0x2e7 obj_cooja/mtype249.a(cooja_mtarch.o)
 .debug_info    0x0000000000004ba1      0x16b obj_cooja/mtype249.a(rtimer-arch.o)
 .debug_info    0x0000000000004d0c      0x1f3 obj_cooja/mtype249.a(beep.o)
 .debug_info    0x0000000000004eff      0x257 obj_cooja/mtype249.a(button-sensor.o)
 .debug_info    0x0000000000005156      0x132 obj_cooja/mtype249.a(leds-arch.o)
 .debug_info    0x0000000000005288      0x10a obj_cooja/mtype249.a(moteid.o)
 .debug_info    0x0000000000005392      0x216 obj_cooja/mtype249.a(pir-sensor.o)
 .debug_info    0x00000000000055a8      0x21e obj_cooja/mtype249.a(rs232.o)
 .debug_info    0x00000000000057c6      0x216 obj_cooja/mtype249.a(vib-sensor.o)
 .debug_info    0x00000000000059dc      0x152 obj_cooja/mtype249.a(clock.o)
 .debug_info    0x0000000000005b2e      0x2bb obj_cooja/mtype249.a(log.o)
 .debug_info    0x0000000000005de9      0x3cf obj_cooja/mtype249.a(cfs-cooja.o)
 .debug_info    0x00000000000061b8      0xcb4 obj_cooja/mtype249.a(cooja-radio.o)
 .debug_info    0x0000000000006e6c      0x1d5 obj_cooja/mtype249.a(eeprom.o)
 .debug_info    0x0000000000007041       0xb3 obj_cooja/mtype249.a(random.o)
 .debug_info    0x00000000000070f4      0x36d obj_cooja/mtype249.a(sensors.o)
 .debug_info    0x0000000000007461      0x9a9 obj_cooja/mtype249.a(dual_conf.o)
 .debug_info    0x0000000000007e0a      0x1a5 obj_cooja/mtype249.a(autostart.o)
 .debug_info    0x0000000000007faf      0x46c obj_cooja/mtype249.a(ctimer.o)
 .debug_info    0x000000000000841b      0x49c obj_cooja/mtype249.a(etimer.o)
 .debug_info    0x00000000000088b7      0x4ba obj_cooja/mtype249.a(process.o)
 .debug_info    0x0000000000008d71      0x1ab obj_cooja/mtype249.a(rtimer.o)
 .debug_info    0x0000000000008f1c      0x16c obj_cooja/mtype249.a(timer.o)
 .debug_info    0x0000000000009088      0x2de obj_cooja/mtype249.a(serial-line.o)
 .debug_info    0x0000000000009366      0x2ed obj_cooja/mtype249.a(list.o)
 .debug_info    0x0000000000009653      0x1aa obj_cooja/mtype249.a(ringbuf.o)
 .debug_info    0x00000000000097fd     0x105e obj_cooja/mtype249.a(sicslowpan.o)
 .debug_info    0x000000000000a85b      0x8c7 obj_cooja/mtype249.a(uip-ds6-nbr.o)
 .debug_info    0x000000000000b122      0xc19 obj_cooja/mtype249.a(uip-ds6.o)
 .debug_info    0x000000000000bd3b      0xea0 obj_cooja/mtype249.a(uip6.o)
 .debug_info    0x000000000000cbdb     0x14bf obj_cooja/mtype249.a(tcpip.o)
 .debug_info    0x000000000000e09a      0x1b5 obj_cooja/mtype249.a(uip-debug.o)
 .debug_info    0x000000000000e24f      0x470 obj_cooja/mtype249.a(uip-packetqueue)
 .debug_info    0x000000000000e6bf     0x190c obj_cooja/mtype249.a(rpl-dag.o)
 .debug_info    0x000000000000ffcb      0xe37 obj_cooja/mtype249.a(rpl-ext-header.)
 .debug_info    0x0000000000010e02     0x1769 obj_cooja/mtype249.a(rpl-icmp6.o)
 .debug_info    0x000000000001256b      0xb0f obj_cooja/mtype249.a(rpl-jkof.o)
 .debug_info    0x000000000001307a      0xbf7 obj_cooja/mtype249.a(rpl-timers.o)
 .debug_info    0x0000000000013c71      0xcea obj_cooja/mtype249.a(rpl.o)
 .debug_info    0x000000000001495b      0x5ed obj_cooja/mtype249.a(framer-802154.o)
 .debug_info    0x0000000000014f48      0x3d5 obj_cooja/mtype249.a(nullmac.o)
 .debug_info    0x000000000001531d      0xcee obj_cooja/mtype249.a(nullrdc.o)
 .debug_info    0x000000000001600b      0x198 obj_cooja/mtype249.a(linkaddr.o)
 .debug_info    0x00000000000161a3      0x9c3 obj_cooja/mtype249.a(nbr-table.o)
 .debug_info    0x0000000000016b66      0x4ba obj_cooja/mtype249.a(netstack.o)
 .debug_info    0x0000000000017020      0x478 obj_cooja/mtype249.a(packetbuf.o)
 .debug_info    0x0000000000017498      0x57d obj_cooja/mtype249.a(queuebuf.o)
 .debug_info    0x0000000000017a15      0x3aa obj_cooja/mtype249.a(nullsec.o)
 .debug_info    0x0000000000017dbf       0x7b obj_cooja/mtype249.a(watchdog.o)
 .debug_info    0x0000000000017e3a      0x119 obj_cooja/mtype249.a(rimestats.o)
 .debug_info    0x0000000000017f53      0x179 obj_cooja/mtype249.a(stimer.o)
 .debug_info    0x00000000000180cc      0x1d7 obj_cooja/mtype249.a(memb.o)
 .debug_info    0x00000000000182a3      0xd30 obj_cooja/mtype249.a(uip-ds6-route.o)
 .debug_info    0x0000000000018fd3      0x784 obj_cooja/mtype249.a(uip-icmp6.o)
 .debug_info    0x0000000000019757      0x331 obj_cooja/mtype249.a(uip-nd6.o)
 .debug_info    0x0000000000019a88      0xdba obj_cooja/mtype249.a(rpl-nbr-policy.)
 .debug_info    0x000000000001a842      0x6b4 obj_cooja/mtype249.a(frame802154.o)
 .debug_info    0x000000000001aef6      0x297 obj_cooja/mtype249.a(mac-sequence.o)
 .debug_info    0x000000000001b18d      0x112 obj_cooja/mtype249.a(mac.o)

.debug_abbrev   0x0000000000000000     0x65ba
 *(.debug_abbrev)
 .debug_abbrev  0x0000000000000000      0x227 udp-server.co
 .debug_abbrev  0x0000000000000227      0x2b3 obj_cooja/mtype249.o
 .debug_abbrev  0x00000000000004da       0xc3 obj_cooja/mtype249.a(simEnvChange.o)
 .debug_abbrev  0x000000000000059d       0xe6 obj_cooja/mtype249.a(cooja_mt.o)
 .debug_abbrev  0x0000000000000683      0x147 obj_cooja/mtype249.a(cooja_mtarch.o)
 .debug_abbrev  0x00000000000007ca       0xcc obj_cooja/mtype249.a(rtimer-arch.o)
 .debug_abbrev  0x0000000000000896       0xe3 obj_cooja/mtype249.a(beep.o)
 .debug_abbrev  0x0000000000000979      0x11c obj_cooja/mtype249.a(button-sensor.o)
 .debug_abbrev  0x0000000000000a95       0xe1 obj_cooja/mtype249.a(leds-arch.o)
 .debug_abbrev  0x0000000000000b76       0x9c obj_cooja/mtype249.a(moteid.o)