Archive member included to satisfy reference by file (symbol)

obj_cooja/mtype106.a(simEnvChange.o)
                              obj_cooja/mtype106.o (simDontFallAsleep)
obj_cooja/mtype106.a(cooja_mt.o)
                              obj_cooja/mtype106.o (cooja_mt_start)
obj_cooja/mtype106.a(cooja_mtarch.o)
                              obj_cooja/mtype106.a(cooja_mt.o) (cooja_mtarch_init)
obj_cooja/mtype106.a(rtimer-arch.o)
                              obj_cooja/mtype106.o (rtimer_arch_next)
obj_cooja/mtype106.a(beep.o)  obj_cooja/mtype106.o (beep_interface)
obj_cooja/mtype106.a(button-sensor.o)
                              obj_cooja/mtype106.o (button_interface)
obj_cooja/mtype106.a(leds-arch.o)
                              obj_cooja/mtype106.o (leds_interface)
obj_cooja/mtype106.a(moteid.o)
                              obj_cooja/mtype106.o (moteid_interface)
obj_cooja/mtype106.a(pir-sensor.o)
                              obj_cooja/mtype106.o (pir_interface)
obj_cooja/mtype106.a(rs232.o)
                              obj_cooja/mtype106.o (rs232_interface)
obj_cooja/mtype106.a(vib-sensor.o)
                              obj_cooja/mtype106.o (vib_interface)
obj_cooja/mtype106.a(clock.o)
                              obj_cooja/mtype106.o (clock_interface)
obj_cooja/mtype106.a(log.o)   obj_cooja/mtype106.o (simlog_interface)
obj_cooja/mtype106.a(cfs-cooja.o)
                              obj_cooja/mtype106.o (cfs_interface)
obj_cooja/mtype106.a(cooja-radio.o)
                              obj_cooja/mtype106.o (radio_interface)
obj_cooja/mtype106.a(eeprom.o)
                              obj_cooja/mtype106.o (eeprom_interface)
obj_cooja/mtype106.a(random.o)
                              obj_cooja/mtype106.a(moteid.o) (random_init)
obj_cooja/mtype106.a(sensors.o)
                              udp-server.co (sensors_event)
obj_cooja/mtype106.a(autostart.o)
                              obj_cooja/mtype106.o (autostart_start)
obj_cooja/mtype106.a(ctimer.o)
                              obj_cooja/mtype106.o (ctimer_init)
obj_cooja/mtype106.a(etimer.o)
                              obj_cooja/mtype106.o (etimer_process)
obj_cooja/mtype106.a(log_message.o)
                              obj_cooja/mtype106.o (log_initialization)
obj_cooja/mtype106.a(process.o)
                              udp-server.co (process_current)
obj_cooja/mtype106.a(residual.o)
                              obj_cooja/mtype106.o (get_residual_energy)
obj_cooja/mtype106.a(rtimer.o)
                              obj_cooja/mtype106.a(rtimer-arch.o) (rtimer_run_next)
obj_cooja/mtype106.a(timer.o)
                              obj_cooja/mtype106.a(button-sensor.o) (timer_set)
obj_cooja/mtype106.a(serial-line.o)
                              obj_cooja/mtype106.a(rs232.o) (serial_line_input_byte)
obj_cooja/mtype106.a(list.o)  obj_cooja/mtype106.a(ctimer.o) (list_init)
obj_cooja/mtype106.a(ringbuf.o)
                              obj_cooja/mtype106.a(serial-line.o) (ringbuf_init)
obj_cooja/mtype106.a(sicslowpan.o)
                              obj_cooja/mtype106.o (sicslowpan_driver)
obj_cooja/mtype106.a(uip-ds6-nbr.o)
                              obj_cooja/mtype106.a(sicslowpan.o) (uip_ds6_link_neighbor_callback)
obj_cooja/mtype106.a(uip-ds6.o)
                              udp-server.co (uip_ds6_if)
obj_cooja/mtype106.a(uip6.o)  obj_cooja/mtype106.o (uip_lladdr)
obj_cooja/mtype106.a(tcpip.o)
                              udp-server.co (tcpip_event)
obj_cooja/mtype106.a(uip-debug.o)
                              udp-server.co (uip_debug_ipaddr_print)
obj_cooja/mtype106.a(uip-packetqueue)
                              obj_cooja/mtype106.a(uip-ds6-nbr.o) (uip_packetqueue_new)
obj_cooja/mtype106.a(rpl-dag.o)
                              udp-server.co (rpl_set_root)
obj_cooja/mtype106.a(rpl-ext-header.)
                              obj_cooja/mtype106.a(uip6.o) (rpl_verify_header)
obj_cooja/mtype106.a(rpl-icmp6.o)
                              obj_cooja/mtype106.a(rpl-dag.o) (rpl_icmp6_update_nbr_table)
obj_cooja/mtype106.a(rpl-mrhof.o)
                              obj_cooja/mtype106.a(rpl-dag.o) (rpl_mrhof)
obj_cooja/mtype106.a(rpl-timers.o)
                              obj_cooja/mtype106.a(rpl-dag.o) (rpl_reset_dio_timer)
obj_cooja/mtype106.a(rpl.o)   obj_cooja/mtype106.a(rpl-icmp6.o) (rpl_get_mode)
obj_cooja/mtype106.a(framer-802154.o)
                              obj_cooja/mtype106.a(sicslowpan.o) (framer_802154)
obj_cooja/mtype106.a(nullmac.o)
                              udp-server.co (nullmac_driver)
obj_cooja/mtype106.a(cxmac.o)
                              obj_cooja/mtype106.o (cxmac_driver)
obj_cooja/mtype106.a(linkaddr.o)
                              obj_cooja/mtype106.o (linkaddr_node_addr)
obj_cooja/mtype106.a(nbr-table.o)
                              obj_cooja/mtype106.a(uip-ds6-nbr.o) (nbr_table_register)
obj_cooja/mtype106.a(netstack.o)
                              obj_cooja/mtype106.o (netstack_init)
[...]
Memory Configuration

Name             Origin             Length             Attributes
*default*        0x0000000000000000 0xffffffffffffffff

Linker script and memory map

LOAD /usr/lib/gcc/i686-linux-gnu/4.8/../../../i386-linux-gnu/crti.o
LOAD /usr/lib/gcc/i686-linux-gnu/4.8/crtbeginS.o
LOAD udp-server.co
LOAD obj_cooja/mtype106.o
LOAD obj_cooja/mtype106.a
LOAD /usr/lib/gcc/i686-linux-gnu/4.8/libgcc.a
LOAD /usr/lib/gcc/i686-linux-gnu/4.8/libgcc_s.so
LOAD /usr/lib/gcc/i686-linux-gnu/4.8/../../../i386-linux-gnu/libc.so
START GROUP
LOAD /lib/i386-linux-gnu/libc.so.6
LOAD /usr/lib/i386-linux-gnu/libc_nonshared.a
LOAD /lib/i386-linux-gnu/ld-linux.so.2
END GROUP
LOAD /usr/lib/gcc/i686-linux-gnu/4.8/libgcc.a
LOAD /usr/lib/gcc/i686-linux-gnu/4.8/libgcc_s.so
LOAD /usr/lib/gcc/i686-linux-gnu/4.8/crtendS.o
LOAD /usr/lib/gcc/i686-linux-gnu/4.8/../../../i386-linux-gnu/crtn.o
                0x0000000000000114                . = (0x0 + SIZEOF_HEADERS)

.note.gnu.build-id
                0x0000000000000114       0x24
 *(.note.gnu.build-id)
 .note.gnu.build-id
                0x0000000000000114       0x24 /usr/lib/gcc/i686-linux-gnu/4.8/../../../i386-linux-gnu/crti.o

.hash
 *(.hash)

.gnu.hash       0x0000000000000138     0x12c4
 *(.gnu.hash)
 .gnu.hash      0x0000000000000138     0x12c4 /usr/lib/gcc/i686-linux-gnu/4.8/../../../i386-linux-gnu/crti.o

.dynsym         0x00000000000013fc     0x2370
 *(.dynsym)
 .dynsym        0x00000000000013fc     0x2370 /usr/lib/gcc/i686-linux-gnu/4.8/../../../i386-linux-gnu/crti.o

.dynstr         0x000000000000376c     0x2469
 *(.dynstr)
 .dynstr        0x000000000000376c     0x2469 /usr/lib/gcc/i686-linux-gnu/4.8/../../../i386-linux-gnu/crti.o

.gnu.version    0x0000000000005bd6      0x46e
 *(.gnu.version)
 .gnu.version   0x0000000000005bd6      0x46e /usr/lib/gcc/i686-linux-gnu/4.8/../../../i386-linux-gnu/crti.o

.gnu.version_d  0x0000000000006044        0x0
 *(.gnu.version_d)
 .gnu.version_d
                0x0000000000000000        0x0 /usr/lib/gcc/i686-linux-gnu/4.8/../../../i386-linux-gnu/crti.o

.gnu.version_r  0x0000000000006044       0x50
 *(.gnu.version_r)
 .gnu.version_r
                0x0000000000006044       0x50 /usr/lib/gcc/i686-linux-gnu/4.8/../../../i386-linux-gnu/crti.o

.rel.dyn        0x0000000000006094     0x82a0
 *(.rel.init)
 .rel.init      0x0000000000000000        0x0 /usr/lib/gcc/i686-linux-gnu/4.8/../../../i386-linux-gnu/crti.o
 *(.rel.text .rel.text.* .rel.gnu.linkonce.t.*)
 .rel.text      0x0000000000006094     0x7b30 /usr/lib/gcc/i686-linux-gnu/4.8/../../../i386-linux-gnu/crti.o
 *(.rel.fini)
 .rel.fini      0x0000000000000000        0x0 /usr/lib/gcc/i686-linux-gnu/4.8/../../../i386-linux-gnu/crti.o
 *(.rel.rodata .rel.rodata.* .rel.gnu.linkonce.r.*)
 .rel.rodata    0x000000000000dbc4      0x4e0 /usr/lib/gcc/i686-linux-gnu/4.8/../../../i386-linux-gnu/crti.o
 *(.rel.data.rel.ro .rel.data.rel.ro.* .rel.gnu.linkonce.d.rel.ro.*)
 *(.rel.data .rel.data.* .rel.gnu.linkonce.d.*)
 .rel.data.rel  0x000000000000e0a4        0x8 /usr/lib/gcc/i686-linux-gnu/4.8/../../../i386-linux-gnu/crti.o
 .rel.data      0x000000000000e0ac      0x250 /usr/lib/gcc/i686-linux-gnu/4.8/../../../i386-linux-gnu/crti.o
 *(.rel.tdata .rel.tdata.* .rel.gnu.linkonce.td.*)
 *(.rel.tbss .rel.tbss.* .rel.gnu.linkonce.tb.*)
 *(.rel.ctors)
 *(.rel.dtors)
 *(.rel.got)
 .rel.got       0x000000000000e2fc       0x28 /usr/lib/gcc/i686-linux-gnu/4.8/../../../i386-linux-gnu/crti.o
 *(.rel.bss .rel.bss.* .rel.gnu.linkonce.b.*)
 *(.rel.ifunc)
 .rel.ifunc     0x0000000000000000        0x0 /usr/lib/gcc/i686-linux-gnu/4.8/../../../i386-linux-gnu/crti.o
 .rel.fini_array
                0x000000000000e324        0x8 /usr/lib/gcc/i686-linux-gnu/4.8/../../../i386-linux-gnu/crti.o
 .rel.init_array
                0x000000000000e32c        0x8 /usr/lib/gcc/i686-linux-gnu/4.8/../../../i386-linux-gnu/crti.o

.rel.plt        0x000000000000e334       0x10
 *(.rel.plt)
 .rel.plt       0x000000000000e334       0x10 /usr/lib/gcc/i686-linux-gnu/4.8/../../../i386-linux-gnu/crti.o
 *(.rel.iplt)

.init           0x000000000000e344       0x23
 *(SORT(.init))
 .init          0x000000000000e344       0x1e /usr/lib/gcc/i686-linux-gnu/4.8/../../../i386-linux-gnu/crti.o
                0x000000000000e344                _init
 .init          0x000000000000e362        0x5 /usr/lib/gcc/i686-linux-gnu/4.8/../../../i386-linux-gnu/crtn.o

.plt            0x000000000000e370       0x30
 *(.plt)
 .plt           0x000000000000e370       0x30 /usr/lib/gcc/i686-linux-gnu/4.8/../../../i386-linux-gnu/crti.o
 *(.iplt)

.text           0x000000000000e3a0    0x1465c
 *(.text.unlikely .text.*_unlikely .text.unlikely.*)
 *(.text.exit .text.exit.*)
 *(.text.startup .text.startup.*)
 *(.text.hot .text.hot.*)
 *(.text .stub .text.* .gnu.linkonce.t.*)
 .text          0x000000000000e3a0        0x0 /usr/lib/gcc/i686-linux-gnu/4.8/../../../i386-linux-gnu/crti.o
 .gnu.linkonce.t.__x86.get_pc_thunk.bx
                0x000000000000e3a0        0x4 /usr/lib/gcc/i686-linux-gnu/4.8/../../../i386-linux-gnu/crti.o
                0x000000000000e3a0                __x86.get_pc_thunk.bx
 *fill*         0x000000000000e3a4        0xc 
 .text          0x000000000000e3b0      0x11b /usr/lib/gcc/i686-linux-gnu/4.8/crtbeginS.o
 .text          0x000000000000e4cb      0x3ce udp-server.co
 .text          0x000000000000e899      0x734 obj_cooja/mtype106.o
                0x000000000000e9cf                contiki_init
                0x000000000000ede4                Java_org_contikios_cooja_corecomm_Lib15_init
                0x000000000000ee24                Java_org_contikios_cooja_corecomm_Lib15_getMemory
                0x000000000000ee64                Java_org_contikios_cooja_corecomm_Lib15_setMemory
                0x000000000000eedb                Java_org_contikios_cooja_corecomm_Lib15_tick
                0x000000000000efbb                Java_org_contikios_cooja_corecomm_Lib15_setReferenceAddress
 .text          0x000000000000efcd       0x63 obj_cooja/mtype106.a(simEnvChange.o)
                0x000000000000efcd                doActionsBeforeTick
                0x000000000000effe                doActionsAfterTick
 .text          0x000000000000f030       0xbc obj_cooja/mtype106.a(cooja_mt.o)
                0x000000000000f030                cooja_mt_init
                0x000000000000f03d                cooja_mt_remove
                0x000000000000f04a                cooja_mt_start
                0x000000000000f077                cooja_mt_exec
                0x000000000000f0a8                cooja_mt_exit
                0x000000000000f0ca                cooja_mt_yield
 .text          0x000000000000f0ec      0x115 obj_cooja/mtype106.a(cooja_mtarch.o)
                0x000000000000f0ec                cooja_mtarch_init
                0x000000000000f0f1                cooja_mtarch_start
                0x000000000000f16c                cooja_sw
                0x000000000000f18e                cooja_mtarch_exec
                0x000000000000f1aa                cooja_mtarch_remove
                0x000000000000f1af                cooja_mtarch_yield
                0x000000000000f1b9                cooja_mtarch_pstop
                0x000000000000f1be                cooja_mtarch_pstart
                0x000000000000f1c3                cooja_mtarch_stack_usage
 .text          0x000000000000f201       0xc2 obj_cooja/mtype106.a(rtimer-arch.o)
                0x000000000000f201                rtimer_arch_init
                0x000000000000f224                rtimer_arch_schedule
                0x000000000000f23b                rtimer_arch_next
                0x000000000000f245                rtimer_arch_pending
                0x000000000000f24f                rtimer_arch_check
                0x000000000000f281                rtimer_arch_now
 .text          0x000000000000f2c3       0x76 obj_cooja/mtype106.a(beep.o)
                0x000000000000f2c3                beep_alarm
                0x000000000000f2cf                beep_beep
                0x000000000000f2db                beep
                0x000000000000f2e7                beep_down
                0x000000000000f2f3                beep_on
                0x000000000000f2ff                beep_off
                0x000000000000f30b                beep_spinup
                0x000000000000f317                beep_quick
                0x000000000000f323                beep_long
 .text          0x000000000000f339      0x103 obj_cooja/mtype106.a(button-sensor.o)
 .text          0x000000000000f43c       0x45 obj_cooja/mtype106.a(leds-arch.o)
                0x000000000000f43c                leds_arch_init
                0x000000000000f448                leds_arch_get
                0x000000000000f454                leds_arch_set
 .text          0x000000000000f481       0x2f obj_cooja/mtype106.a(moteid.o)
 .text          0x000000000000f4b0       0xb1 obj_cooja/mtype106.a(pir-sensor.o)
 .text          0x000000000000f561      0x131 obj_cooja/mtype106.a(rs232.o)
                0x000000000000f561                rs232_init
                0x000000000000f566                rs232_set_speed
                0x000000000000f574                rs232_set_input
                0x000000000000f581                rs232_send
                0x000000000000f5a3                rs232_print
                0x000000000000f5be                slip_arch_writeb
 .text          0x000000000000f692       0xb1 obj_cooja/mtype106.a(vib-sensor.o)
 .text          0x000000000000f743       0x34 obj_cooja/mtype106.a(clock.o)
                0x000000000000f743                clock_init
                0x000000000000f748                clock_time
                0x000000000000f752                clock_seconds
                0x000000000000f768                clock_delay
 .text          0x000000000000f777      0x1ed obj_cooja/mtype106.a(log.o)
                0x000000000000f777                simlog_char
                0x000000000000f7b9                simlog
                0x000000000000f826                log_message
                0x000000000000f84e                log_set_putchar_with_slip
                0x000000000000f85b                log_putchar
                0x000000000000f8df                log_puts
                0x000000000000f903                log_printf
 .text          0x000000000000f964      0x2c4 obj_cooja/mtype106.a(cfs-cooja.o)
                0x000000000000f964                cfs_open
                0x000000000000f9cd                cfs_close
                0x000000000000f9d9                cfs_read
                0x000000000000fa77                cfs_write
                0x000000000000fb54                cfs_seek
                0x000000000000fbdc                cfs_remove
                0x000000000000fc05                cfs_opendir
                0x000000000000fc0f                cfs_readdir
                0x000000000000fc19                cfs_closedir
 .text          0x000000000000fc28      0x3e8 obj_cooja/mtype106.a(cooja-radio.o)
                0x000000000000fc52                radio_set_channel
                0x000000000000fc5f                radio_set_txpower
                0x000000000000fc76                radio_signal_strength_last
                0x000000000000fc80                radio_signal_strength_current
                0x000000000000fc8a                radio_LQI
 .text          0x0000000000010010       0xef obj_cooja/mtype106.a(eeprom.o)
                0x0000000000010010                eeprom_init
                0x0000000000010015                eeprom_read
                0x0000000000010085                eeprom_write
 .text          0x00000000000100ff       0x28 obj_cooja/mtype106.a(random.o)
                0x00000000000100ff                random_init
                0x000000000001011a                random_rand
 .text          0x0000000000010127      0x2a1 obj_cooja/mtype106.a(sensors.o)
                0x0000000000010162                sensors_first
                0x000000000001016c                sensors_next
                0x0000000000010189                sensors_changed
                0x00000000000101b8                sensors_find
 .text          0x00000000000103c8       0x8e obj_cooja/mtype106.a(autostart.o)
                0x00000000000103c8                autostart_start
                0x0000000000010413                autostart_exit
 .text          0x0000000000010456      0x334 obj_cooja/mtype106.a(ctimer.o)
                0x000000000001056d                ctimer_init
                0x000000000001059d                ctimer_set
                0x00000000000105ce                ctimer_set_with_process
                0x000000000001064a                ctimer_reset
                0x0000000000010699                ctimer_restart
                0x00000000000106e8                ctimer_stop
                0x0000000000010733                ctimer_expired
 .text          0x000000000001078a      0x40b obj_cooja/mtype106.a(etimer.o)
                0x000000000001099d                etimer_request_poll
                0x0000000000010a21                etimer_set
                0x0000000000010a46                etimer_reset_with_new_interval
                0x0000000000010a6d                etimer_reset
                0x0000000000010a8b                etimer_restart
                0x0000000000010aa9                etimer_adjust
                0x0000000000010ac5                etimer_expired
                0x0000000000010ad8                etimer_expiration_time
                0x0000000000010aea                etimer_start_time
                0x0000000000010af4                etimer_pending
                0x0000000000010b06                etimer_next_expiration_time
                0x0000000000010b20                etimer_stop
 .text          0x0000000000010b95       0xdd obj_cooja/mtype106.a(log_message.o)
                0x0000000000010b95                log_initialization
                0x0000000000010c51                log_finisher
 .text          0x0000000000010c72      0x560 obj_cooja/mtype106.a(process.o)
                0x0000000000010c72                process_alloc_event
                0x0000000000010c87                process_start
                0x0000000000010e70                process_exit
                0x0000000000010e8c                process_init
                0x000000000001105d                process_run
                0x0000000000011090                process_nevents
                0x00000000000110ab                process_post
                0x0000000000011157                process_post_synch
                0x000000000001118f                process_poll
                0x00000000000111be                process_is_running
 .text          0x00000000000111d2       0x8b obj_cooja/mtype106.a(residual.o)
                0x00000000000111d2                get_residual_energy
 .text          0x000000000001125d       0xba obj_cooja/mtype106.a(rtimer.o)
                0x000000000001125d                rtimer_init
                0x000000000001126a                rtimer_set
                0x00000000000112c1                rtimer_run_next
 .text          0x0000000000011317       0x91 obj_cooja/mtype106.a(timer.o)
                0x0000000000011317                timer_set
                0x0000000000011332                timer_reset
                0x0000000000011349                timer_restart
                0x000000000001135b                timer_expired
                0x0000000000011384                timer_remaining
 .text          0x00000000000113a8      0x1fb obj_cooja/mtype106.a(serial-line.o)
                0x00000000000113a8                serial_line_input_byte
                0x000000000001156b                serial_line_init
 .text          0x00000000000115a3      0x244 obj_cooja/mtype106.a(list.o)
                0x00000000000115a3                list_init
                0x00000000000115b1                list_head
                0x00000000000115bb                list_copy
                0x00000000000115ca                list_tail
                0x0000000000011600                list_add
                0x0000000000011649                list_push
                0x0000000000011675                list_chop
                0x00000000000116df                list_pop
                0x0000000000011707                list_remove
                0x000000000001176e                list_length
                0x000000000001179c                list_insert
                0x00000000000117d0                list_item_next
 .text          0x00000000000117e7      0x155 obj_cooja/mtype106.a(ringbuf.o)
                0x00000000000117e7                ringbuf_init
                0x0000000000011818                ringbuf_put
                0x0000000000011896                ringbuf_get
                0x0000000000011903                ringbuf_size
                0x0000000000011915                ringbuf_elements
 .text          0x000000000001193c     0x258b obj_cooja/mtype106.a(sicslowpan.o)
                0x0000000000011ec6                rime_sniffer_add
                0x0000000000011ed3                rime_sniffer_remove
                0x0000000000013e66                sicslowpan_init
                0x0000000000013ebd                sicslowpan_get_last_rssi
 .text          0x0000000000013ec7      0x298 obj_cooja/mtype106.a(uip-ds6-nbr.o)
                0x0000000000013ee4                uip_ds6_neighbors_init
                0x0000000000013f01                uip_ds6_nbr_add
                0x0000000000013f89                uip_ds6_nbr_rm
                0x0000000000013fcb                uip_ds6_nbr_get_ipaddr
                0x0000000000013fe0                uip_ds6_nbr_get_ll
                0x0000000000013ffc                uip_ds6_nbr_num
                0x0000000000014041                uip_ds6_nbr_lookup
                0x00000000000140a6                uip_ds6_nbr_ll_lookup
                0x00000000000140c2                uip_ds6_nbr_ipaddr_from_lladdr
                0x00000000000140e8                uip_ds6_nbr_lladdr_from_ipaddr
                0x0000000000014116                uip_ds6_link_neighbor_callback
 .text          0x000000000001415f      0xb97 obj_cooja/mtype106.a(uip-ds6.o)
                0x000000000001415f                uip_ds6_init
                0x0000000000014332                uip_ds6_periodic
                0x00000000000143ab                uip_ds6_list_loop
                0x0000000000014452                uip_ds6_prefix_add
                0x0000000000014510                uip_ds6_prefix_rm
                0x0000000000014522                uip_ds6_prefix_lookup
                0x0000000000014573                uip_ds6_is_addr_onlink
                0x00000000000145e7                uip_ds6_addr_add
                0x0000000000014715                uip_ds6_addr_rm
                0x00000000000147b5                uip_ds6_addr_lookup
                0x0000000000014800                uip_ds6_get_link_local
                0x000000000001487f                uip_ds6_get_global
                0x00000000000148fe                uip_ds6_maddr_add
                0x0000000000014970                uip_ds6_maddr_rm
                0x0000000000014982                uip_ds6_maddr_lookup
                0x00000000000149cd                uip_ds6_aaddr_add
                0x0000000000014a3f                uip_ds6_aaddr_rm
                0x0000000000014a51                uip_ds6_aaddr_lookup
                0x0000000000014a9c                uip_ds6_select_src
                0x0000000000014be1                uip_ds6_set_addr_iid
                0x0000000000014c18                get_match_length
                0x0000000000014caa                uip_ds6_compute_reachable_time
 .text          0x0000000000014cf6     0x29cb obj_cooja/mtype106.a(uip6.o)
                0x0000000000014cf6                uip_add32
                0x0000000000014e8f                uip_chksum
                0x0000000000014f7d                uip_icmp6chksum
                0x0000000000014f91                uip_tcpchksum
                0x0000000000014fa5                uip_udpchksum
                0x0000000000014fb9                uip_init
                0x0000000000015089                uip_connect
                0x0000000000015238                remove_ext_hdr
                0x000000000001530d                uip_udp_new
                0x0000000000015469                uip_unlisten
                0x00000000000154c9                uip_listen
                0x000000000001578b                uip_process
                0x00000000000175b5                uip_htons
                0x00000000000175d7                uip_htonl
                0x0000000000017617                uip_send
 .text          0x00000000000176c1      0xa2b obj_cooja/mtype106.a(tcpip.o)
                0x00000000000176c1                tcpip_output
                0x00000000000176ef                tcpip_set_outputfunc
                0x0000000000017783                tcp_connect
                0x00000000000177d8                tcp_unlisten
                0x0000000000017833                tcp_listen
                0x000000000001788c                tcp_attach
                0x00000000000178b1                udp_attach
                0x00000000000178d6                udp_new
                0x0000000000017928                udp_broadcast_new
                0x0000000000017b9c                tcpip_input
                0x0000000000017bd0                tcpip_ipv6_output
                0x0000000000017f32                tcpip_poll_udp
                0x0000000000017f55                tcpip_poll_tcp
                0x0000000000017f78                tcpip_uipcall
 .text          0x00000000000180ec      0x1c1 obj_cooja/mtype106.a(uip-debug.o)
                0x00000000000180ec                uip_debug_ipaddr_print
                0x000000000001824e                uip_debug_lladdr_print
 .text          0x00000000000182ad      0x141 obj_cooja/mtype106.a(uip-packetqueue)
                0x00000000000182d9                uip_packetqueue_new
                0x00000000000182e7                uip_packetqueue_alloc
                0x0000000000018347                uip_packetqueue_free
                0x0000000000018388                uip_packetqueue_buf
                0x00000000000183a5                uip_packetqueue_buflen
                0x00000000000183c6                uip_packetqueue_set_buflen
 .text          0x00000000000183ee     0x25bb obj_cooja/mtype106.a(rpl-dag.o)
                0x00000000000183ee                rpl_print_neighbor_list
                0x0000000000018497                rpl_print_child_neighbor_list
                0x000000000001850c                rpl_get_nbr
                0x0000000000018566                rpl_get_nbr_child
                0x00000000000185c0                rpl_dag_init
                0x00000000000185f2                rpl_get_parent
                0x0000000000018614                rpl_get_parent_rank
                0x0000000000018647                rpl_get_parent_link_metric
                0x000000000001867a                rpl_get_parent_ipaddr
                0x00000000000186a4                rpl_get_child_ipaddr
                0x00000000000189bf                rpl_set_root
                0x0000000000018bed                rpl_repair_root
                0x0000000000018e29                rpl_set_prefix
                0x0000000000018f28                rpl_set_default_route
                0x0000000000018fb4                rpl_alloc_instance
                0x0000000000019047                rpl_alloc_dag
                0x00000000000190fa                rpl_set_default_instance
                0x0000000000019107                rpl_get_default_instance
                0x0000000000019111                rpl_free_instance
                0x00000000000191c2                rpl_free_dag
                0x0000000000019228                rpl_add_parent
                0x000000000001931e                rpl_find_parent
                0x000000000001934e                rpl_add_child
                0x00000000000193f2                rpl_find_child
                0x0000000000019440                rpl_find_parent_any_dag
                0x000000000001947c                rpl_select_dag
                0x000000000001989f                rpl_select_parent
                0x0000000000019901                rpl_remove_parent
                0x0000000000019937                rpl_remove_child
                0x0000000000019953                rpl_nullify_parent
                0x00000000000199f1                rpl_move_parent
                0x0000000000019a8e                rpl_has_downward_route
                0x0000000000019ae1                rpl_get_any_dag
                0x0000000000019b43                rpl_get_instance
                0x0000000000019ba6                rpl_find_of
                0x0000000000019be3                rpl_join_instance
                0x0000000000019e5e                rpl_add_dag
                0x000000000001a24d                rpl_local_repair
                0x000000000001a326                rpl_recalculate_ranks
                0x000000000001a3ac                rpl_process_parent_event
                0x000000000001a45e                rpl_process_dio
 .text          0x000000000001a9a9      0xbf3 obj_cooja/mtype106.a(rpl-ext-header.)
                0x000000000001a9c6                rpl_verify_header
                0x000000000001ae40                rpl_update_header_empty
                0x000000000001b157                rpl_update_header_final
                0x000000000001b2e6                rpl_remove_header
                0x000000000001b3f0                rpl_invert_header
                0x000000000001b57a                rpl_insert_header
 .text          0x000000000001b59c     0x1f89 obj_cooja/mtype106.a(rpl-icmp6.o)
                0x000000000001b865                rpl_icmp6_update_nbr_table
                0x000000000001b955                dis_output
                0x000000000001c201                dio_output
                0x000000000001d11d                dao_output
                0x000000000001d1e5                dao_output_target
                0x000000000001d4d9                dao_ack_output
                0x000000000001d4ed                rpl_icmp6_register_handlers
 .text          0x000000000001d525      0x299 obj_cooja/mtype106.a(rpl-mrhof.o)
 .text          0x000000000001d7be      0x7c2 obj_cooja/mtype106.a(rpl-timers.o)
                0x000000000001da13                rpl_reset_periodic_timer
                0x000000000001da68                rpl_reset_dio_timer
                0x000000000001dca2                rpl_schedule_dao
                0x000000000001dcbd                rpl_schedule_dao_immediately
                0x000000000001dcd8                rpl_cancel_dao
                0x000000000001dd3a                rpl_schedule_unicast_dio_immediately
                0x000000000001df28                rpl_schedule_probing
 .text          0x000000000001df80      0x5c5 obj_cooja/mtype106.a(rpl.o)
                0x000000000001df80                rpl_get_mode
                0x000000000001df8a                rpl_set_mode
                0x000000000001e018                rpl_purge_routes
                0x000000000001e112                rpl_remove_routes
                0x000000000001e158                rpl_remove_routes_by_nexthop
                0x000000000001e1c4                rpl_add_route
                0x000000000001e23f                rpl_link_neighbor_callback
                0x000000000001e344                rpl_ipv6_neighbor_callback
                0x000000000001e3b3                rpl_purge_dags
                0x000000000001e4bf                rpl_init
 .text          0x000000000001e545      0x3f5 obj_cooja/mtype106.a(framer-802154.o)
 .text          0x000000000001e93a       0x5e obj_cooja/mtype106.a(nullmac.o)
 .text          0x000000000001e998      0xaf4 obj_cooja/mtype106.a(cxmac.o)
                0x000000000001f3ed                cxmac_set_announcement_radio_txpower
                0x000000000001f3f2                cxmac_init
 .text          0x000000000001f48c       0x67 obj_cooja/mtype106.a(linkaddr.o)
                0x000000000001f48c                linkaddr_copy
                0x000000000001f4ae                linkaddr_cmp
                0x000000000001f4d8                linkaddr_set_node_addr
 .text          0x000000000001f4f3      0x769 obj_cooja/mtype106.a(nbr-table.o)
                0x000000000001f952                nbr_table_register
                0x000000000001f99a                nbr_table_head
                0x000000000001f9f6                nbr_table_next
                0x000000000001fa5d                nbr_table_add_lladdr
                0x000000000001fb39                nbr_table_get_from_lladdr
                0x000000000001fb86                nbr_table_remove
                0x000000000001fbd8                nbr_table_lock
                0x000000000001fc02                nbr_table_unlock
                0x000000000001fc2c                nbr_table_get_lladdr
 .text          0x000000000001fc5c       0x2b obj_cooja/mtype106.a(netstack.o)
                0x000000000001fc5c                netstack_init
 .text          0x000000000001fc87      0x3cd obj_cooja/mtype106.a(packetbuf.o)
                0x000000000001fc87                packetbuf_clear
                0x000000000001fcb1                packetbuf_copyfrom
                0x000000000001fd03                packetbuf_compact
                0x000000000001fd80                packetbuf_copyto
                0x000000000001fe17                packetbuf_hdralloc
                0x000000000001fe94                packetbuf_hdrreduce
                0x000000000001fedc                packetbuf_set_datalen
                0x000000000001fef5                packetbuf_dataptr
                0x000000000001ff12                packetbuf_hdrptr
                0x000000000001ff1c                packetbuf_datalen
                0x000000000001ff28                packetbuf_hdrlen
                0x000000000001ff3f                packetbuf_totlen
                0x000000000001ff55                packetbuf_attr_clear
                0x000000000001ffa7                packetbuf_attr_copyto
                0x000000000001fff0                packetbuf_attr_copyfrom
                0x0000000000020038                packetbuf_holds_broadcast
 .text          0x0000000000020054      0x2b4 obj_cooja/mtype106.a(queuebuf.o)
                0x000000000002005e                queuebuf_init
                0x000000000002007e                queuebuf_numfree
                0x0000000000020092                queuebuf_new_from_packetbuf
                0x0000000000020122                queuebuf_update_attr_from_packetbuf
                0x0000000000020155                queuebuf_update_from_packetbuf
                0x000000000002019f                queuebuf_free
                0x00000000000201e6                queuebuf_to_packetbuf
                0x000000000002024c                queuebuf_dataptr
                0x0000000000020283                queuebuf_datalen
                0x00000000000202a6                queuebuf_addr
                0x00000000000202d8                queuebuf_attr
                0x0000000000020303                queuebuf_debug_print
 .text          0x0000000000020308       0x6e obj_cooja/mtype106.a(nullsec.o)
 .text          0x0000000000020376       0x19 obj_cooja/mtype106.a(watchdog.o)
                0x0000000000020376                watchdog_init
                0x000000000002037b                watchdog_start
                0x0000000000020380                watchdog_periodic
                0x0000000000020385                watchdog_stop
                0x000000000002038a                watchdog_reboot
 .text          0x000000000002038f        0x0 obj_cooja/mtype106.a(rimestats.o)
 .text          0x000000000002038f       0xa3 obj_cooja/mtype106.a(stimer.o)
                0x000000000002038f                stimer_set
                0x00000000000203aa                stimer_reset
                0x00000000000203c1                stimer_restart
                0x00000000000203d3                stimer_expired
                0x00000000000203fa                stimer_remaining
                0x000000000002041e                stimer_elapsed
 .text          0x0000000000020432      0x1c1 obj_cooja/mtype106.a(memb.o)
                0x0000000000020432                memb_init
                0x0000000000020490                memb_alloc
                0x00000000000204f5                memb_free
                0x0000000000020570                memb_inmemb
                0x00000000000205af                memb_numfree
 .text          0x00000000000205f3      0x916 obj_cooja/mtype106.a(uip-ds6-route.o)
                0x000000000002066a                uip_ds6_notification_add
                0x000000000002069b                uip_ds6_notification_rm
                0x00000000000206b7                uip_ds6_route_init
                0x000000000002073f                uip_ds6_route_nexthop
                0x0000000000020767                uip_ds6_route_head
                0x000000000002077c                uip_ds6_route_next
                0x00000000000207a2                uip_ds6_route_is_nexthop
                0x00000000000207e1                uip_ds6_route_num_routes
                0x00000000000207eb                uip_ds6_route_lookup
                0x00000000000208ad                uip_ds6_route_add
                0x0000000000020ae1                uip_ds6_route_rm
                0x0000000000020c75                uip_ds6_route_rm_by_nexthop
                0x0000000000020cad                uip_ds6_defrt_add
                0x0000000000020d5e                uip_ds6_defrt_rm
                0x0000000000020ddd                uip_ds6_defrt_lookup
                0x0000000000020e36                uip_ds6_defrt_choose
                0x0000000000020ea1                uip_ds6_defrt_periodic
 .text          0x0000000000020f09      0xab2 obj_cooja/mtype106.a(uip-icmp6.o)
                0x0000000000020f77                uip_icmp6_input
                0x0000000000020fcd                uip_icmp6_register_input_handler
                0x0000000000021295                uip_icmp6_error_output
                0x00000000000215da                uip_icmp6_send
                0x000000000002194e                uip_icmp6_echo_reply_callback_add
                0x000000000002197f                uip_icmp6_echo_reply_callback_rm
                0x000000000002199b                uip_icmp6_init
 .text          0x00000000000219bb      0x358 obj_cooja/mtype106.a(uip-nd6.o)
                0x0000000000021a0f                uip_nd6_ns_output
                0x0000000000021d0e                uip_nd6_init
 .text          0x0000000000021d13      0x331 obj_cooja/mtype106.a(rpl-nbr-policy.)
                0x0000000000021eeb                find_removable_dis
                0x0000000000021f0e                find_removable_dio
                0x0000000000021f9d                find_removable_dao
                0x0000000000021fed                rpl_nbr_policy_find_removable
 .text          0x0000000000022044      0x97c obj_cooja/mtype106.a(frame802154.o)
                0x0000000000022075                frame802154_get_pan_id
                0x0000000000022081                frame802154_set_pan_id
                0x000000000002209a                frame802154_has_panid
                0x0000000000022186                frame802154_check_dest_panid
                0x00000000000221ee                frame802154_is_broadcast_addr
                0x000000000002223b                frame802154_extract_linkaddr
                0x000000000002247b                frame802154_hdrlen
                0x00000000000224cc                frame802154_create
                0x00000000000226b7                frame802154_parse
 .text          0x00000000000229c0       0x3c obj_cooja/mtype106.a(mac.o)
                0x00000000000229c0                mac_call_sent_callback
 .text          0x00000000000229fc        0x0 /usr/lib/gcc/i686-linux-gnu/4.8/crtendS.o
 .text          0x00000000000229fc        0x0 /usr/lib/gcc/i686-linux-gnu/4.8/../../../i386-linux-gnu/crtn.o
 *(.gnu.warning)

.fini           0x00000000000229fc       0x14
 *(SORT(.fini))
 .fini          0x00000000000229fc        0xf /usr/lib/gcc/i686-linux-gnu/4.8/../../../i386-linux-gnu/crti.o
                0x00000000000229fc                _fini
 .fini          0x0000000000022a0b        0x5 /usr/lib/gcc/i686-linux-gnu/4.8/../../../i386-linux-gnu/crtn.o
                0x0000000000022a10                PROVIDE (__etext, .)
                0x0000000000022a10                PROVIDE (_etext, .)
                0x0000000000022a10                PROVIDE (etext, .)

.rodata         0x0000000000022a20      0x740
 *(.rodata .rodata.* .gnu.linkonce.r.*)
 .rodata        0x0000000000022a20      0x148 udp-server.co
                0x0000000000022a34                autostart_processes
 .rodata        0x0000000000022b68      0x157 obj_cooja/mtype106.o
 *fill*         0x0000000000022cbf        0x1 
 .rodata        0x0000000000022cc0        0x8 obj_cooja/mtype106.a(beep.o)
                0x0000000000022cc0                beep_interface
 .rodata        0x0000000000022cc8       0x20 obj_cooja/mtype106.a(button-sensor.o)
                0x0000000000022cc8                button_interface
                0x0000000000022cd8                button_sensor
 .rodata        0x0000000000022ce8        0x8 obj_cooja/mtype106.a(leds-arch.o)
                0x0000000000022ce8                leds_interface
 .rodata        0x0000000000022cf0        0x8 obj_cooja/mtype106.a(moteid.o)
                0x0000000000022cf0                moteid_interface
 .rodata        0x0000000000022cf8       0x1c obj_cooja/mtype106.a(pir-sensor.o)
                0x0000000000022cf8                pir_interface
                0x0000000000022d04                pir_sensor
 .rodata        0x0000000000022d14        0xe obj_cooja/mtype106.a(rs232.o)
                0x0000000000022d14                rs232_interface
 *fill*         0x0000000000022d22        0x2 
 .rodata        0x0000000000022d24       0x24 obj_cooja/mtype106.a(vib-sensor.o)
                0x0000000000022d24                vib_interface
                0x0000000000022d38                vib_sensor
 .rodata        0x0000000000022d48        0x8 obj_cooja/mtype106.a(clock.o)
                0x0000000000022d48                clock_interface
 .rodata        0x0000000000022d50        0x8 obj_cooja/mtype106.a(log.o)
                0x0000000000022d50                simlog_interface
 .rodata        0x0000000000022d58       0x2f obj_cooja/mtype106.a(cfs-cooja.o)
                0x0000000000022d58                cfs_interface
 *fill*         0x0000000000022d87       0x19 
 .rodata        0x0000000000022da0       0x60 obj_cooja/mtype106.a(cooja-radio.o)
                0x0000000000022dc0                cooja_radio_driver
                0x0000000000022df8                radio_interface
 .rodata        0x0000000000022e00        0x8 obj_cooja/mtype106.a(eeprom.o)
                0x0000000000022e00                eeprom_interface
 .rodata        0x0000000000022e08        0x8 obj_cooja/mtype106.a(sensors.o)
 .rodata        0x0000000000022e10        0xf obj_cooja/mtype106.a(ctimer.o)
 .rodata        0x0000000000022e1f        0xc obj_cooja/mtype106.a(etimer.o)
 *fill*         0x0000000000022e2b        0x1 
 .rodata        0x0000000000022e2c       0x73 obj_cooja/mtype106.a(log_message.o)
 *fill*         0x0000000000022e9f        0x1 
 .rodata        0x0000000000022ea0       0x20 obj_cooja/mtype106.a(residual.o)
 .rodata        0x0000000000022ec0        0xe obj_cooja/mtype106.a(serial-line.o)
 *fill*         0x0000000000022ece        0x2 
 .rodata        0x0000000000022ed0       0x2c obj_cooja/mtype106.a(sicslowpan.o)
                0x0000000000022ed0                unc_llconf
                0x0000000000022ed4                unc_ctxconf
                0x0000000000022ed8                unc_mxconf
                0x0000000000022edc                llprefix
                0x0000000000022ef0                sicslowpan_driver
 .rodata        0x0000000000022efc      0x13c obj_cooja/mtype106.a(uip6.o)
 .rodata        0x0000000000023038       0x49 obj_cooja/mtype106.a(tcpip.o)
 .rodata        0x0000000000023081       0x3e obj_cooja/mtype106.a(uip-debug.o)
 *fill*         0x00000000000230bf        0x1 
 .rodata        0x00000000000230c0        0x4 obj_cooja/mtype106.a(rpl-dag.o)
 .rodata        0x00000000000230c4        0xc obj_cooja/mtype106.a(framer-802154.o)
                0x00000000000230c4                framer_802154
 .rodata        0x00000000000230d0       0x24 obj_cooja/mtype106.a(nullmac.o)
                0x00000000000230d8                nullmac_driver
 *fill*         0x00000000000230f4        0xc 
 .rodata        0x0000000000023100       0x40 obj_cooja/mtype106.a(cxmac.o)
                0x0000000000023120                cxmac_driver
 .rodata        0x0000000000023140        0x8 obj_cooja/mtype106.a(linkaddr.o)
                0x0000000000023140                linkaddr_null
 .rodata        0x0000000000023148       0x18 obj_cooja/mtype106.a(nullsec.o)
                0x0000000000023150                nullsec_driver

.rodata1
 *(.rodata1)

.eh_frame_hdr   0x0000000000023160     0x128c
 *(.eh_frame_hdr)
 .eh_frame_hdr  0x0000000000023160     0x128c udp-server.co

.eh_frame       0x00000000000243ec     0x4b70
 *(.eh_frame)
 .eh_frame      0x00000000000243ec       0x3c /usr/lib/gcc/i686-linux-gnu/4.8/../../../i386-linux-gnu/crti.o
                                         0x40 (size before relaxing)
 .eh_frame      0x0000000000024428       0x68 udp-server.co
                                         0x80 (size before relaxing)
 .eh_frame      0x0000000000024490      0x148 obj_cooja/mtype106.o
                                        0x160 (size before relaxing)
 .eh_frame      0x00000000000245d8       0x40 obj_cooja/mtype106.a(simEnvChange.o)
                                         0x58 (size before relaxing)
 .eh_frame      0x0000000000024618       0xc0 obj_cooja/mtype106.a(cooja_mt.o)
                                         0xd8 (size before relaxing)
 .eh_frame      0x00000000000246d8      0x120 obj_cooja/mtype106.a(cooja_mtarch.o)
                                        0x138 (size before relaxing)
 .eh_frame      0x00000000000247f8       0xc0 obj_cooja/mtype106.a(rtimer-arch.o)
                                         0xd8 (size before relaxing)
 .eh_frame      0x00000000000248b8      0x160 obj_cooja/mtype106.a(beep.o)
                                        0x178 (size before relaxing)
 .eh_frame      0x0000000000024a18       0xa0 obj_cooja/mtype106.a(button-sensor.o)
                                         0xb8 (size before relaxing)
 .eh_frame      0x0000000000024ab8       0xa0 obj_cooja/mtype106.a(leds-arch.o)
                                         0xb8 (size before relaxing)
 .eh_frame      0x0000000000024b58       0x40 obj_cooja/mtype106.a(moteid.o)
                                         0x58 (size before relaxing)
 .eh_frame      0x0000000000024b98       0xa0 obj_cooja/mtype106.a(pir-sensor.o)
                                         0xb8 (size before relaxing)
 .eh_frame      0x0000000000024c38      0x100 obj_cooja/mtype106.a(rs232.o)
                                        0x118 (size before relaxing)
 .eh_frame      0x0000000000024d38       0xa0 obj_cooja/mtype106.a(vib-sensor.o)
                                         0xb8 (size before relaxing)
 .eh_frame      0x0000000000024dd8       0xc0 obj_cooja/mtype106.a(clock.o)
                                         0xd8 (size before relaxing)
 .eh_frame      0x0000000000024e98      0x120 obj_cooja/mtype106.a(log.o)
                                        0x138 (size before relaxing)
 .eh_frame      0x0000000000024fb8      0x160 obj_cooja/mtype106.a(cfs-cooja.o)
                                        0x178 (size before relaxing)
 .eh_frame      0x0000000000025118      0x2e0 obj_cooja/mtype106.a(cooja-radio.o)
                                        0x2f8 (size before relaxing)
 .eh_frame      0x00000000000253f8       0xa0 obj_cooja/mtype106.a(eeprom.o)
                                         0xb8 (size before relaxing)
 .eh_frame      0x0000000000025498       0x40 obj_cooja/mtype106.a(random.o)
                                         0x58 (size before relaxing)
 .eh_frame      0x00000000000254d8       0xc0 obj_cooja/mtype106.a(sensors.o)
                                         0xd8 (size before relaxing)
 .eh_frame      0x0000000000025598       0x40 obj_cooja/mtype106.a(autostart.o)
                                         0x58 (size before relaxing)
 .eh_frame      0x00000000000255d8      0x100 obj_cooja/mtype106.a(ctimer.o)
                                        0x118 (size before relaxing)
 .eh_frame      0x00000000000256d8      0x1e0 obj_cooja/mtype106.a(etimer.o)
                                        0x1f8 (size before relaxing)
 .eh_frame      0x00000000000258b8       0x40 obj_cooja/mtype106.a(log_message.o)
                                         0x58 (size before relaxing)
 .eh_frame      0x00000000000258f8      0x1c8 obj_cooja/mtype106.a(process.o)
                                        0x1e0 (size before relaxing)
 .eh_frame      0x0000000000025ac0       0x2c obj_cooja/mtype106.a(residual.o)
                                         0x44 (size before relaxing)
 .eh_frame      0x0000000000025aec       0x60 obj_cooja/mtype106.a(rtimer.o)
                                         0x78 (size before relaxing)
 .eh_frame      0x0000000000025b4c       0xa4 obj_cooja/mtype106.a(timer.o)
                                         0xbc (size before relaxing)
 .eh_frame      0x0000000000025bf0       0x60 obj_cooja/mtype106.a(serial-line.o)
                                         0x78 (size before relaxing)
 .eh_frame      0x0000000000025c50      0x180 obj_cooja/mtype106.a(list.o)
                                        0x198 (size before relaxing)
 .eh_frame      0x0000000000025dd0       0xa0 obj_cooja/mtype106.a(ringbuf.o)
                                         0xb8 (size before relaxing)
 .eh_frame      0x0000000000025e70      0x350 obj_cooja/mtype106.a(sicslowpan.o)
                                        0x368 (size before relaxing)
 .eh_frame      0x00000000000261c0      0x180 obj_cooja/mtype106.a(uip-ds6-nbr.o)
                                        0x198 (size before relaxing)
 .eh_frame      0x0000000000026340      0x2c8 obj_cooja/mtype106.a(uip-ds6.o)
                                        0x2e0 (size before relaxing)
 .eh_frame      0x0000000000026608      0x27c obj_cooja/mtype106.a(uip6.o)
                                        0x294 (size before relaxing)
 .eh_frame      0x0000000000026884      0x270 obj_cooja/mtype106.a(tcpip.o)
                                        0x288 (size before relaxing)
 .eh_frame      0x0000000000026af4       0x48 obj_cooja/mtype106.a(uip-debug.o)
                                         0x60 (size before relaxing)
 .eh_frame      0x0000000000026b3c       0xe0 obj_cooja/mtype106.a(uip-packetqueue)
                                         0xf8 (size before relaxing)
 .eh_frame      0x0000000000026c1c      0x74c obj_cooja/mtype106.a(rpl-dag.o)
                                        0x764 (size before relaxing)
 .eh_frame      0x0000000000027368      0x10c obj_cooja/mtype106.a(rpl-ext-header.)
                                        0x124 (size before relaxing)
 .eh_frame      0x0000000000027474      0x2b8 obj_cooja/mtype106.a(rpl-icmp6.o)
                                        0x2d0 (size before relaxing)
 .eh_frame      0x000000000002772c       0xe0 obj_cooja/mtype106.a(rpl-mrhof.o)
                                         0xf8 (size before relaxing)
 .eh_frame      0x000000000002780c      0x20c obj_cooja/mtype106.a(rpl-timers.o)
                                        0x224 (size before relaxing)
 .eh_frame      0x0000000000027a18      0x148 obj_cooja/mtype106.a(rpl.o)
                                        0x160 (size before relaxing)
 .eh_frame      0x0000000000027b60      0x108 obj_cooja/mtype106.a(framer-802154.o)
                                        0x120 (size before relaxing)
 .eh_frame      0x0000000000027c68       0xc0 obj_cooja/mtype106.a(nullmac.o)
                                         0xd8 (size before relaxing)
 .eh_frame      0x0000000000027d28      0x25c obj_cooja/mtype106.a(cxmac.o)
                                        0x274 (size before relaxing)
 .eh_frame      0x0000000000027f84       0x60 obj_cooja/mtype106.a(linkaddr.o)
                                         0x78 (size before relaxing)
 .eh_frame      0x0000000000027fe4      0x26c obj_cooja/mtype106.a(nbr-table.o)
                                        0x284 (size before relaxing)
 .eh_frame      0x0000000000028250       0x20 obj_cooja/mtype106.a(netstack.o)
                                         0x38 (size before relaxing)
 .eh_frame      0x0000000000028270      0x214 obj_cooja/mtype106.a(packetbuf.o)
                                        0x22c (size before relaxing)
 .eh_frame      0x0000000000028484      0x1a0 obj_cooja/mtype106.a(queuebuf.o)
                                        0x1b8 (size before relaxing)
 .eh_frame      0x0000000000028624       0x80 obj_cooja/mtype106.a(nullsec.o)
                                         0x98 (size before relaxing)
 .eh_frame      0x00000000000286a4       0xa0 obj_cooja/mtype106.a(watchdog.o)
                                         0xb8 (size before relaxing)
 .eh_frame      0x0000000000028744       0xc4 obj_cooja/mtype106.a(stimer.o)
                                         0xdc (size before relaxing)
 .eh_frame      0x0000000000028808       0xa0 obj_cooja/mtype106.a(memb.o)
                                         0xb8 (size before relaxing)
 .eh_frame      0x00000000000288a8      0x2a0 obj_cooja/mtype106.a(uip-ds6-route.o)
                                        0x2b8 (size before relaxing)
 .eh_frame      0x0000000000028b48      0x164 obj_cooja/mtype106.a(uip-icmp6.o)
                                        0x17c (size before relaxing)
 .eh_frame      0x0000000000028cac       0x68 obj_cooja/mtype106.a(uip-nd6.o)
                                         0x80 (size before relaxing)
 .eh_frame      0x0000000000028d14       0xc0 obj_cooja/mtype106.a(rpl-nbr-policy.)
                                         0xd8 (size before relaxing)
 .eh_frame      0x0000000000028dd4      0x164 obj_cooja/mtype106.a(frame802154.o)
                                        0x17c (size before relaxing)
 .eh_frame      0x0000000000028f38       0x20 obj_cooja/mtype106.a(mac.o)
                                         0x38 (size before relaxing)
 .eh_frame      0x0000000000028f58        0x4 /usr/lib/gcc/i686-linux-gnu/4.8/crtendS.o

.gcc_except_table
 *(.gcc_except_table .gcc_except_table.*)

.exception_ranges
 *(.exception_ranges .exception_ranges*)
                0x0000000000028f5c                . = (ALIGN (0x1000) - ((0x1000 - .) & 0xfff))
                0x0000000000029ef8                . = DATA_SEGMENT_ALIGN (0x1000, 0x1000)

.eh_frame
 *(.eh_frame)

.gcc_except_table
 *(.gcc_except_table .gcc_except_table.*)

.exception_ranges
 *(.exception_ranges .exception_ranges*)

.tdata
 *(.tdata .tdata.* .gnu.linkonce.td.*)

.tbss
 *(.tbss .tbss.* .gnu.linkonce.tb.*)
 *(.tcommon)

.preinit_array
 *(.preinit_array)

.init_array     0x0000000000029ef8        0x4
 *(SORT(.init_array.*) SORT(.ctors.*))
 *(.init_array EXCLUDE_FILE(*crtend?.o *crtend.o *crtbegin?.o *crtbegin.o) .ctors)
 .init_array    0x0000000000029ef8        0x4 /usr/lib/gcc/i686-linux-gnu/4.8/crtbeginS.o

.fini_array     0x0000000000029efc        0x4
 *(SORT(.fini_array.*) SORT(.dtors.*))
 *(.fini_array EXCLUDE_FILE(*crtend?.o *crtend.o *crtbegin?.o *crtbegin.o) .dtors)
 .fini_array    0x0000000000029efc        0x4 /usr/lib/gcc/i686-linux-gnu/4.8/crtbeginS.o

.ctors
 *crtbegin.o(.ctors)
 *crtbegin?.o(.ctors)
 *(EXCLUDE_FILE(*crtend?.o *crtend.o) .ctors)
 *(SORT(.ctors.*))
 *(.ctors)

.dtors
 *crtbegin.o(.dtors)
 *crtbegin?.o(.dtors)
 *(EXCLUDE_FILE(*crtend?.o *crtend.o) .dtors)
 *(SORT(.dtors.*))
 *(.dtors)

.jcr            0x0000000000029f00        0x4
 *(.jcr)
 .jcr           0x0000000000029f00        0x0 /usr/lib/gcc/i686-linux-gnu/4.8/crtbeginS.o
 .jcr           0x0000000000029f00        0x4 /usr/lib/gcc/i686-linux-gnu/4.8/crtendS.o

.data.rel.ro
 *(.data.rel.ro.local* .gnu.linkonce.d.rel.ro.local.*)
 *(.data.rel.ro .data.rel.ro.* .gnu.linkonce.d.rel.ro.*)

.dynamic        0x0000000000029f04       0xe8
 *(.dynamic)
 .dynamic       0x0000000000029f04       0xe8 /usr/lib/gcc/i686-linux-gnu/4.8/../../../i386-linux-gnu/crti.o
                0x0000000000029f04                _DYNAMIC

.got            0x0000000000029fec       0x14
 *(.got)
 .got           0x0000000000029fec       0x14 /usr/lib/gcc/i686-linux-gnu/4.8/../../../i386-linux-gnu/crti.o
 *(.igot)
                0x000000000002aff4                . = DATA_SEGMENT_RELRO_END (., (SIZEOF (.got.plt) >= 0xc)?0xc:0x0)

.got.plt        0x000000000002a000       0x14
 *(.got.plt)
 .got.plt       0x000000000002a000       0x14 /usr/lib/gcc/i686-linux-gnu/4.8/../../../i386-linux-gnu/crti.o
                0x000000000002a000                _GLOBAL_OFFSET_TABLE_
 *(.igot.plt)

.data           0x000000000002a020      0x242
 *(.data .data.* .gnu.linkonce.d.*)
 .data          0x000000000002a020        0x0 /usr/lib/gcc/i686-linux-gnu/4.8/../../../i386-linux-gnu/crti.o
 .data          0x000000000002a020        0x0 /usr/lib/gcc/i686-linux-gnu/4.8/crtbeginS.o
 .data.rel      0x000000000002a020        0x4 /usr/lib/gcc/i686-linux-gnu/4.8/crtbeginS.o
                0x000000000002a020                __dso_handle
 .data          0x000000000002a024       0x10 udp-server.co
                0x000000000002a024                udp_server_process
 *fill*         0x000000000002a034        0xc 
 .data          0x000000000002a040       0x44 obj_cooja/mtype106.o
                0x000000000002a040                simInterfaces
                0x000000000002a074                sensors
 .data          0x000000000002a084        0x0 obj_cooja/mtype106.a(simEnvChange.o)
 .data          0x000000000002a084        0x0 obj_cooja/mtype106.a(cooja_mt.o)
 .data          0x000000000002a084        0x0 obj_cooja/mtype106.a(cooja_mtarch.o)
 .data          0x000000000002a084        0x0 obj_cooja/mtype106.a(rtimer-arch.o)
 .data          0x000000000002a084        0x0 obj_cooja/mtype106.a(beep.o)
 .data          0x000000000002a084        0x0 obj_cooja/mtype106.a(button-sensor.o)
 .data          0x000000000002a084        0x0 obj_cooja/mtype106.a(leds-arch.o)
 .data          0x000000000002a084        0x0 obj_cooja/mtype106.a(moteid.o)
 .data          0x000000000002a084        0x0 obj_cooja/mtype106.a(pir-sensor.o)
 .data          0x000000000002a084        0x0 obj_cooja/mtype106.a(rs232.o)
 .data          0x000000000002a084        0x0 obj_cooja/mtype106.a(vib-sensor.o)
 .data          0x000000000002a084        0x0 obj_cooja/mtype106.a(clock.o)
 .data          0x000000000002a084        0x0 obj_cooja/mtype106.a(log.o)
 .data          0x000000000002a084        0x0 obj_cooja/mtype106.a(cfs-cooja.o)
 .data          0x000000000002a084       0x40 obj_cooja/mtype106.a(cooja-radio.o)
                0x000000000002a084                simRadioChannelLR
                0x000000000002a088                simRadioHWOnLR
                0x000000000002a08c                simSignalStrengthLR
                0x000000000002a090                simLastSignalStrengthLR
                0x000000000002a094                simPowerLR
                0x000000000002a098                simLQILR
                0x000000000002a09c                simRadioChannel
                0x000000000002a0a0                simRadioHWOn
                0x000000000002a0a4                simSignalStrength
                0x000000000002a0a8                simLastSignalStrength
                0x000000000002a0ac                simPower
                0x000000000002a0b0                simLQI
                0x000000000002a0b4                cooja_radio_process
 .data          0x000000000002a0c4        0x0 obj_cooja/mtype106.a(eeprom.o)
 .data          0x000000000002a0c4        0x0 obj_cooja/mtype106.a(random.o)
 .data          0x000000000002a0c4       0x10 obj_cooja/mtype106.a(sensors.o)
                0x000000000002a0c4                sensors_process
 .data          0x000000000002a0d4        0x0 obj_cooja/mtype106.a(autostart.o)
 .data          0x000000000002a0d4       0x14 obj_cooja/mtype106.a(ctimer.o)
                0x000000000002a0d8                ctimer_process
 .data          0x000000000002a0e8       0x10 obj_cooja/mtype106.a(etimer.o)
                0x000000000002a0e8                etimer_process
 .data          0x000000000002a0f8        0x0 obj_cooja/mtype106.a(log_message.o)
 .data          0x000000000002a0f8        0x0 obj_cooja/mtype106.a(process.o)
 .data          0x000000000002a0f8        0x0 obj_cooja/mtype106.a(residual.o)
 .data          0x000000000002a0f8        0x0 obj_cooja/mtype106.a(rtimer.o)
 .data          0x000000000002a0f8        0x0 obj_cooja/mtype106.a(timer.o)
 .data          0x000000000002a0f8       0x10 obj_cooja/mtype106.a(serial-line.o)
                0x000000000002a0f8                serial_line_process
 .data          0x000000000002a108        0x0 obj_cooja/mtype106.a(list.o)
 .data          0x000000000002a108        0x0 obj_cooja/mtype106.a(ringbuf.o)
 .data          0x000000000002a108        0x0 obj_cooja/mtype106.a(sicslowpan.o)
 .data          0x000000000002a108       0x14 obj_cooja/mtype106.a(uip-ds6-nbr.o)
                0x000000000002a118                ds6_neighbors
 .data          0x000000000002a11c        0x0 obj_cooja/mtype106.a(uip-ds6.o)
 .data          0x000000000002a11c        0x0 obj_cooja/mtype106.a(uip6.o)
 .data          0x000000000002a11c       0x10 obj_cooja/mtype106.a(tcpip.o)
                0x000000000002a11c                tcpip_process
 .data          0x000000000002a12c        0x0 obj_cooja/mtype106.a(uip-debug.o)
 .data          0x000000000002a12c        0xc obj_cooja/mtype106.a(uip-packetqueue)
 .data          0x000000000002a138       0x28 obj_cooja/mtype106.a(rpl-dag.o)
                0x000000000002a148                rpl_parents
                0x000000000002a15c                rpl_children
 .data          0x000000000002a160        0x0 obj_cooja/mtype106.a(rpl-ext-header.)
 .data          0x000000000002a160       0x34 obj_cooja/mtype106.a(rpl-icmp6.o)
 .data          0x000000000002a194       0x1c obj_cooja/mtype106.a(rpl-mrhof.o)
                0x000000000002a194                rpl_mrhof
 .data          0x000000000002a1b0        0x0 obj_cooja/mtype106.a(rpl-timers.o)
 .data          0x000000000002a1b0        0x0 obj_cooja/mtype106.a(rpl.o)
 .data          0x000000000002a1b0        0x0 obj_cooja/mtype106.a(framer-802154.o)
 .data          0x000000000002a1b0        0x0 obj_cooja/mtype106.a(nullmac.o)
 .data          0x000000000002a1b0       0x20 obj_cooja/mtype106.a(cxmac.o)
                0x000000000002a1b0                cxmac_config
 .data          0x000000000002a1d0        0x0 obj_cooja/mtype106.a(linkaddr.o)
 .data          0x000000000002a1d0       0x10 obj_cooja/mtype106.a(nbr-table.o)
 .data          0x000000000002a1e0        0x0 obj_cooja/mtype106.a(netstack.o)
 .data          0x000000000002a1e0        0x4 obj_cooja/mtype106.a(packetbuf.o)
 .data          0x000000000002a1e4       0x18 obj_cooja/mtype106.a(queuebuf.o)
 .data          0x000000000002a1fc        0x0 obj_cooja/mtype106.a(nullsec.o)
 .data          0x000000000002a1fc        0x0 obj_cooja/mtype106.a(watchdog.o)
 .data          0x000000000002a1fc        0x0 obj_cooja/mtype106.a(rimestats.o)
 .data          0x000000000002a1fc        0x0 obj_cooja/mtype106.a(stimer.o)
 .data          0x000000000002a1fc        0x0 obj_cooja/mtype106.a(memb.o)
 .data          0x000000000002a1fc       0x44 obj_cooja/mtype106.a(uip-ds6-route.o)
                0x000000000002a20c                nbr_routes
 .data          0x000000000002a240       0x20 obj_cooja/mtype106.a(uip-icmp6.o)
 .data          0x000000000002a260        0x0 obj_cooja/mtype106.a(uip-nd6.o)
 .data          0x000000000002a260        0x0 obj_cooja/mtype106.a(rpl-nbr-policy.)
 .data          0x000000000002a260        0x2 obj_cooja/mtype106.a(frame802154.o)
 .data          0x000000000002a262        0x0 obj_cooja/mtype106.a(mac.o)
 .data          0x000000000002a262        0x0 /usr/lib/gcc/i686-linux-gnu/4.8/crtendS.o
 .data          0x000000000002a262        0x0 /usr/lib/gcc/i686-linux-gnu/4.8/../../../i386-linux-gnu/crtn.o

.tm_clone_table
                0x000000000002a264        0x0
 .tm_clone_table
                0x000000000002a264        0x0 /usr/lib/gcc/i686-linux-gnu/4.8/crtbeginS.o
 .tm_clone_table
                0x000000000002a264        0x0 /usr/lib/gcc/i686-linux-gnu/4.8/crtendS.o

.data1
 *(.data1)
                0x000000000002a264                _edata = .
                0x000000000002a264                PROVIDE (edata, .)
                0x000000000002a264                . = .
                0x000000000002a264                __bss_start = .

.bss            0x000000000002a280     0x8608
 *(.dynbss)
 .dynbss        0x0000000000000000        0x0 /usr/lib/gcc/i686-linux-gnu/4.8/../../../i386-linux-gnu/crti.o
 *(.bss .bss.* .gnu.linkonce.b.*)
 .bss           0x000000000002a280        0x0 /usr/lib/gcc/i686-linux-gnu/4.8/../../../i386-linux-gnu/crti.o
 .bss           0x000000000002a280        0x1 /usr/lib/gcc/i686-linux-gnu/4.8/crtbeginS.o
 *fill*         0x000000000002a281        0x3 
 .bss           0x000000000002a284        0x8 udp-server.co
                0x000000000002a284                my_weight
 *fill*         0x000000000002a28c       0x14 
 .bss           0x000000000002a2a0     0x2030 obj_cooja/mtype106.o
 .bss           0x000000000002c2d0        0x1 obj_cooja/mtype106.a(simEnvChange.o)
                0x000000000002c2d0                simDontFallAsleep
 *fill*         0x000000000002c2d1        0x3 
 .bss           0x000000000002c2d4        0x4 obj_cooja/mtype106.a(cooja_mt.o)
 .bss           0x000000000002c2d8        0x4 obj_cooja/mtype106.a(cooja_mtarch.o)
 .bss           0x000000000002c2dc        0xc obj_cooja/mtype106.a(rtimer-arch.o)
 .bss           0x000000000002c2e8        0x0 obj_cooja/mtype106.a(beep.o)
 .bss           0x000000000002c2e8        0x8 obj_cooja/mtype106.a(button-sensor.o)
 .bss           0x000000000002c2f0        0x0 obj_cooja/mtype106.a(leds-arch.o)
 .bss           0x000000000002c2f0        0x0 obj_cooja/mtype106.a(moteid.o)
 .bss           0x000000000002c2f0        0x1 obj_cooja/mtype106.a(pir-sensor.o)
                0x000000000002c2f0                simPirValue
 *fill*         0x000000000002c2f1        0x3 
 .bss           0x000000000002c2f4        0x4 obj_cooja/mtype106.a(rs232.o)
 .bss           0x000000000002c2f8        0x1 obj_cooja/mtype106.a(vib-sensor.o)
                0x000000000002c2f8                simVibValue
 .bss           0x000000000002c2f9        0x0 obj_cooja/mtype106.a(clock.o)
 *fill*         0x000000000002c2f9        0x7 
 .bss           0x000000000002c300      0x420 obj_cooja/mtype106.a(log.o)
 .bss           0x000000000002c720      0xfc0 obj_cooja/mtype106.a(cfs-cooja.o)
                0x000000000002c720                simCFSData
                0x000000000002d6c0                simCFSSize
                0x000000000002d6c4                simCFSChanged
                0x000000000002d6c8                simCFSRead
                0x000000000002d6cc                simCFSWritten
 .bss           0x000000000002d6e0       0x24 obj_cooja/mtype106.a(cooja-radio.o)
                0x000000000002d6e0                simReceivingLR
                0x000000000002d6e4                simInSizeLR
                0x000000000002d6e8                simOutSizeLR
                0x000000000002d6ec                simReceiving
                0x000000000002d6f0                simInSize
                0x000000000002d6f4                simOutSize
                0x000000000002d6f8                LongRangeTransmit
                0x000000000002d6fc                LongRangeReceiving
 .bss           0x000000000002d704        0xc obj_cooja/mtype106.a(eeprom.o)
                0x000000000002d704                simEEPROMChanged
                0x000000000002d708                simEEPROMRead
                0x000000000002d70c                simEEPROMWritten
 .bss           0x000000000002d710        0x0 obj_cooja/mtype106.a(random.o)
 .bss           0x000000000002d710        0xc obj_cooja/mtype106.a(sensors.o)
 .bss           0x000000000002d71c        0x0 obj_cooja/mtype106.a(autostart.o)
 .bss           0x000000000002d71c        0x5 obj_cooja/mtype106.a(ctimer.o)
 *fill*         0x000000000002d721        0x3 
 .bss           0x000000000002d724        0x8 obj_cooja/mtype106.a(etimer.o)
 .bss           0x000000000002d72c        0x0 obj_cooja/mtype106.a(log_message.o)
 *fill*         0x000000000002d72c       0x14 
 .bss           0x000000000002d740      0x1b1 obj_cooja/mtype106.a(process.o)
                0x000000000002d740                process_list
                0x000000000002d744                process_current
 .bss           0x000000000002d8f1        0x0 obj_cooja/mtype106.a(residual.o)
 *fill*         0x000000000002d8f1        0x3 
 .bss           0x000000000002d8f4        0x4 obj_cooja/mtype106.a(rtimer.o)
 .bss           0x000000000002d8f8        0x0 obj_cooja/mtype106.a(timer.o)
 *fill*         0x000000000002d8f8        0x8 
 .bss           0x000000000002d900      0x140 obj_cooja/mtype106.a(serial-line.o)
 .bss           0x000000000002da40        0x0 obj_cooja/mtype106.a(list.o)
 .bss           0x000000000002da40        0x0 obj_cooja/mtype106.a(ringbuf.o)
 .bss           0x000000000002da40      0x70c obj_cooja/mtype106.a(sicslowpan.o)
 *fill*         0x000000000002e14c       0x14 
 .bss           0x000000000002e160      0x2d0 obj_cooja/mtype106.a(uip-ds6-nbr.o)
 .bss           0x000000000002e430       0x20 obj_cooja/mtype106.a(uip-ds6.o)
 .bss           0x000000000002e450        0xe obj_cooja/mtype106.a(uip6.o)
                0x000000000002e450                uip_ext_bitmap
                0x000000000002e451                uip_ext_len
                0x000000000002e452                uip_ext_opt_offset
 *fill*         0x000000000002e45e        0x2 
 .bss           0x000000000002e460       0x6b obj_cooja/mtype106.a(tcpip.o)
 .bss           0x000000000002e4cb        0x0 obj_cooja/mtype106.a(uip-debug.o)
 *fill*         0x000000000002e4cb       0x15 
 .bss           0x000000000002e4e0      0xcf8 obj_cooja/mtype106.a(uip-packetqueue)
 *fill*         0x000000000002f1d8        0x8 
 .bss           0x000000000002f1e0      0x1fe obj_cooja/mtype106.a(rpl-dag.o)
 .bss           0x000000000002f3de        0x0 obj_cooja/mtype106.a(rpl-ext-header.)
 .bss           0x000000000002f3de        0x0 obj_cooja/mtype106.a(rpl-icmp6.o)
 .bss           0x000000000002f3de        0x0 obj_cooja/mtype106.a(rpl-mrhof.o)
 *fill*         0x000000000002f3de        0x2 
 .bss           0x000000000002f3e0       0x23 obj_cooja/mtype106.a(rpl-timers.o)
 *fill*         0x000000000002f403        0x1 
 .bss           0x000000000002f404        0x4 obj_cooja/mtype106.a(rpl.o)
 .bss           0x000000000002f408        0x2 obj_cooja/mtype106.a(framer-802154.o)
 .bss           0x000000000002f40a        0x0 obj_cooja/mtype106.a(nullmac.o)
 *fill*         0x000000000002f40a       0x16 
 .bss           0x000000000002f420       0xa0 obj_cooja/mtype106.a(cxmac.o)
 .bss           0x000000000002f4c0        0x0 obj_cooja/mtype106.a(linkaddr.o)
 .bss           0x000000000002f4c0      0x20c obj_cooja/mtype106.a(nbr-table.o)
 .bss           0x000000000002f6cc        0x0 obj_cooja/mtype106.a(netstack.o)
 *fill*         0x000000000002f6cc       0x14 
 .bss           0x000000000002f6e0       0xa0 obj_cooja/mtype106.a(packetbuf.o)
 .bss           0x000000000002f780      0xb80 obj_cooja/mtype106.a(queuebuf.o)
 .bss           0x0000000000030300        0x0 obj_cooja/mtype106.a(nullsec.o)
 .bss           0x0000000000030300        0x0 obj_cooja/mtype106.a(watchdog.o)
 .bss           0x0000000000030300        0x0 obj_cooja/mtype106.a(rimestats.o)
 .bss           0x0000000000030300        0x0 obj_cooja/mtype106.a(stimer.o)
 .bss           0x0000000000030300        0x0 obj_cooja/mtype106.a(memb.o)
 .bss           0x0000000000030300      0x568 obj_cooja/mtype106.a(uip-ds6-route.o)
 .bss           0x0000000000030868       0x18 obj_cooja/mtype106.a(uip-icmp6.o)
 .bss           0x0000000000030880        0x0 obj_cooja/mtype106.a(uip-nd6.o)
 .bss           0x0000000000030880       0x44 obj_cooja/mtype106.a(rpl-nbr-policy.)
 .bss           0x00000000000308c4        0x0 obj_cooja/mtype106.a(frame802154.o)
 .bss           0x00000000000308c4        0x0 obj_cooja/mtype106.a(mac.o)
 .bss           0x00000000000308c4        0x0 /usr/lib/gcc/i686-linux-gnu/4.8/crtendS.o
 .bss           0x00000000000308c4        0x0 /usr/lib/gcc/i686-linux-gnu/4.8/../../../i386-linux-gnu/crtn.o
 *(COMMON)
 COMMON         0x00000000000308c4        0x2 udp-server.co
                0x00000000000308c4                my_sink_reachability
                0x00000000000308c5                my_parent_number
 *fill*         0x00000000000308c6        0x2 
 COMMON         0x00000000000308c8       0x4c obj_cooja/mtype106.o
                0x00000000000308c8                dio_count
                0x00000000000308cc                dis_count
                0x00000000000308d0                collision_count
                0x00000000000308d4                transmission_count
                0x00000000000308d8                COOJA_radioRxLong
                0x00000000000308dc                control_message_count
                0x00000000000308e0                dao_count
                0x00000000000308e4                COOJA_radioTx
                0x00000000000308e8                referenceVar
                0x00000000000308ec                data_relay_count
                0x00000000000308f0                data_message_count
                0x00000000000308f4                COOJA_radioTxLong
                0x00000000000308f8                COOJA_radioRx
                0x00000000000308fc                debugfp
                0x0000000000030900                COOJA_radioOn
                0x0000000000030904                COOJA_duration
                0x0000000000030908                dio_ack_count
                0x000000000003090c                COOJA_radioOnLong
                0x0000000000030910                sensors_flags
 COMMON         0x0000000000030914        0xc obj_cooja/mtype106.a(simEnvChange.o)
                0x0000000000030914                simEtimerPending
                0x0000000000030918                simProcessRunValue
                0x000000000003091c                simNextExpirationTime
 COMMON         0x0000000000030920        0x1 obj_cooja/mtype106.a(beep.o)
                0x0000000000030920                simBeeped
 COMMON         0x0000000000030921        0x3 obj_cooja/mtype106.a(button-sensor.o)
                0x0000000000030921                simButtonIsActive
                0x0000000000030922                simButtonIsDown
                0x0000000000030923                simButtonChanged
 COMMON         0x0000000000030924        0x1 obj_cooja/mtype106.a(leds-arch.o)
                0x0000000000030924                simLedsValue
 *fill*         0x0000000000030925        0x3 
 COMMON         0x0000000000030928        0xc obj_cooja/mtype106.a(moteid.o)
                0x0000000000030928                simRandomSeed
                0x000000000003092c                simMoteIDChanged
                0x0000000000030930                simMoteID
 COMMON         0x0000000000030934        0x2 obj_cooja/mtype106.a(pir-sensor.o)
                0x0000000000030934                simPirIsActive
                0x0000000000030935                simPirChanged
 *fill*         0x0000000000030936        0xa 
 COMMON         0x0000000000030940      0x820 obj_cooja/mtype106.a(rs232.o)
                0x0000000000030940                simSerialReceivingFlag
                0x0000000000030944                simSerialReceivingLength
                0x0000000000030960                simSerialReceivingData
 COMMON         0x0000000000031160        0x2 obj_cooja/mtype106.a(vib-sensor.o)
                0x0000000000031160                simVibChanged
                0x0000000000031161                simVibIsActive
 *fill*         0x0000000000031162        0x2 
 COMMON         0x0000000000031164        0x4 obj_cooja/mtype106.a(clock.o)
                0x0000000000031164                simCurrentTime
 *fill*         0x0000000000031168       0x18 
 COMMON         0x0000000000031180      0x420 obj_cooja/mtype106.a(log.o)
                0x0000000000031180                simLoggedLength
                0x0000000000031184                simLoggedFlag
                0x00000000000311a0                simLoggedData
 COMMON         0x00000000000315a0      0x200 obj_cooja/mtype106.a(cooja-radio.o)
                0x00000000000315a0                simOutDataBuffer
                0x0000000000031620                simInDataBufferLR
                0x00000000000316a0                simOutDataBufferLR
                0x0000000000031720                simInDataBuffer
 COMMON         0x00000000000317a0      0x400 obj_cooja/mtype106.a(eeprom.o)
                0x00000000000317a0                simEEPROMData
 COMMON         0x0000000000031ba0        0x1 obj_cooja/mtype106.a(sensors.o)
                0x0000000000031ba0                sensors_event
 *fill*         0x0000000000031ba1        0x3 
 COMMON         0x0000000000031ba4        0x4 obj_cooja/mtype106.a(log_message.o)
                0x0000000000031ba4                log_fp
 COMMON         0x0000000000031ba8        0x1 obj_cooja/mtype106.a(serial-line.o)
                0x0000000000031ba8                serial_line_event_message
 *fill*         0x0000000000031ba9       0x17 
 COMMON         0x0000000000031bc0      0x181 obj_cooja/mtype106.a(uip-ds6.o)
                0x0000000000031bc0                uip_ds6_prefix_list
                0x0000000000031c20                uip_ds6_timer_periodic
                0x0000000000031c30                uip_ds6_netif_addr_list_offset
                0x0000000000031c40                uip_ds6_if
                0x0000000000031d38                uip_ds6_timer_ra
                0x0000000000031d40                uip_ds6_addr_size
 *fill*         0x0000000000031d41       0x1f 
 COMMON         0x0000000000031d60      0x8ec obj_cooja/mtype106.a(uip6.o)
                0x0000000000031d60                uip_slen
                0x0000000000031d62                uip_acc32
                0x0000000000031d80                uip_conns
                0x0000000000031e40                uip_lladdr
                0x0000000000031e48                uip_appdata
                0x0000000000031e4c                uip_flags
                0x0000000000031e60                uip_aligned_buf
                0x00000000000324a0                uip_listenports
                0x00000000000324b0                uip_len
                0x00000000000324b4                uip_sappdata
                0x00000000000324c0                uip_udp_conns
                0x0000000000032640                uip_udp_conn
                0x0000000000032644                uip_next_hdr
                0x0000000000032648                uip_conn
 COMMON         0x000000000003264c        0x1 obj_cooja/mtype106.a(tcpip.o)
                0x000000000003264c                tcpip_event
 *fill*         0x000000000003264d       0x13 
 COMMON         0x0000000000032660      0x198 obj_cooja/mtype106.a(rpl-dag.o)
                0x0000000000032660                default_instance
                0x0000000000032680                instance_table
 COMMON         0x00000000000327f8        0x8 obj_cooja/mtype106.a(linkaddr.o)
                0x00000000000327f8                linkaddr_node_addr
 COMMON         0x0000000000032800       0x2e obj_cooja/mtype106.a(packetbuf.o)
                0x0000000000032800                packetbuf_attrs
                0x000000000003281e                packetbuf_addrs
 *fill*         0x000000000003282e       0x12 
 COMMON         0x0000000000032840       0x48 obj_cooja/mtype106.a(rimestats.o)
                0x0000000000032840                rimestats
                0x0000000000032888                . = ALIGN ((. != 0x0)?0x4:0x1)
                0x0000000000032888                . = ALIGN (0x4)
                0x0000000000032888                . = SEGMENT_START ("ldata-segment", .)
                0x0000000000032888                . = ALIGN (0x4)
                0x0000000000032888                _end = .
                0x0000000000032888                PROVIDE (end, .)
                0x0000000000032888                . = DATA_SEGMENT_END (.)

.stab
 *(.stab)

.stabstr
 *(.stabstr)

.stab.excl
 *(.stab.excl)

.stab.exclstr
 *(.stab.exclstr)

.stab.index
 *(.stab.index)

.stab.indexstr
 *(.stab.indexstr)

.comment        0x0000000000000000       0x54
 *(.comment)
 .comment       0x0000000000000000       0x29 /usr/lib/gcc/i686-linux-gnu/4.8/crtbeginS.o
                                         0x2a (size before relaxing)
 .comment       0x0000000000000000       0x2a udp-server.co
 .comment       0x0000000000000000       0x2a obj_cooja/mtype106.o
 .comment       0x0000000000000000       0x2a obj_cooja/mtype106.a(simEnvChange.o)
 .comment       0x0000000000000000       0x2a obj_cooja/mtype106.a(cooja_mt.o)
 .comment       0x0000000000000000       0x2a obj_cooja/mtype106.a(cooja_mtarch.o)
 .comment       0x0000000000000000       0x2a obj_cooja/mtype106.a(rtimer-arch.o)
 .comment       0x0000000000000000       0x2a obj_cooja/mtype106.a(beep.o)
 .comment       0x0000000000000000       0x2a obj_cooja/mtype106.a(button-sensor.o)
 .comment       0x0000000000000000       0x2a obj_cooja/mtype106.a(leds-arch.o)
 .comment       0x0000000000000000       0x2a obj_cooja/mtype106.a(moteid.o)
 .comment       0x0000000000000000       0x2a obj_cooja/mtype106.a(pir-sensor.o)
 .comment       0x0000000000000000       0x2a obj_cooja/mtype106.a(rs232.o)
 .comment       0x0000000000000000       0x2a obj_cooja/mtype106.a(vib-sensor.o)
 .comment       0x0000000000000000       0x2a obj_cooja/mtype106.a(clock.o)
 .comment       0x0000000000000000       0x2a obj_cooja/mtype106.a(log.o)
 .comment       0x0000000000000000       0x2a obj_cooja/mtype106.a(cfs-cooja.o)
 .comment       0x0000000000000000       0x2a obj_cooja/mtype106.a(cooja-radio.o)
 .comment       0x0000000000000000       0x2a obj_cooja/mtype106.a(eeprom.o)
 .comment       0x0000000000000000       0x2a obj_cooja/mtype106.a(random.o)
 .comment       0x0000000000000000       0x2a obj_cooja/mtype106.a(sensors.o)
 .comment       0x0000000000000000       0x2a obj_cooja/mtype106.a(autostart.o)
 .comment       0x0000000000000000       0x2a obj_cooja/mtype106.a(ctimer.o)
 .comment       0x0000000000000000       0x2a obj_cooja/mtype106.a(etimer.o)
 .comment       0x0000000000000000       0x2a obj_cooja/mtype106.a(log_message.o)
 .comment       0x0000000000000000       0x2a obj_cooja/mtype106.a(process.o)
 .comment       0x0000000000000000       0x2a obj_cooja/mtype106.a(residual.o)
 .comment       0x0000000000000000       0x2a obj_cooja/mtype106.a(rtimer.o)
 .comment       0x0000000000000000       0x2a obj_cooja/mtype106.a(timer.o)
 .comment       0x0000000000000000       0x2a obj_cooja/mtype106.a(serial-line.o)
 .comment       0x0000000000000029       0x2b obj_cooja/mtype106.a(list.o)
                                         0x2c (size before relaxing)
 .comment       0x0000000000000000       0x2a obj_cooja/mtype106.a(ringbuf.o)
 .comment       0x0000000000000000       0x2a obj_cooja/mtype106.a(sicslowpan.o)
 .comment       0x0000000000000000       0x2a obj_cooja/mtype106.a(uip-ds6-nbr.o)
 .comment       0x0000000000000000       0x2a obj_cooja/mtype106.a(uip-ds6.o)
 .comment       0x0000000000000000       0x2a obj_cooja/mtype106.a(uip6.o)
 .comment       0x0000000000000000       0x2a obj_cooja/mtype106.a(tcpip.o)
 .comment       0x0000000000000000       0x2a obj_cooja/mtype106.a(uip-debug.o)
 .comment       0x0000000000000000       0x2a obj_cooja/mtype106.a(uip-packetqueue)
 .comment       0x0000000000000000       0x2a obj_cooja/mtype106.a(rpl-dag.o)
 .comment       0x0000000000000000       0x2a obj_cooja/mtype106.a(rpl-ext-header.)
 .comment       0x0000000000000000       0x2a obj_cooja/mtype106.a(rpl-icmp6.o)
 .comment       0x0000000000000000       0x2a obj_cooja/mtype106.a(rpl-mrhof.o)
 .comment       0x0000000000000000       0x2a obj_cooja/mtype106.a(rpl-timers.o)
 .comment       0x0000000000000000       0x2a obj_cooja/mtype106.a(rpl.o)
 .comment       0x0000000000000000       0x2a obj_cooja/mtype106.a(framer-802154.o)
 .comment       0x0000000000000000       0x2a obj_cooja/mtype106.a(nullmac.o)
 .comment       0x0000000000000000       0x2a obj_cooja/mtype106.a(cxmac.o)
 .comment       0x0000000000000000       0x2a obj_cooja/mtype106.a(linkaddr.o)
 .comment       0x0000000000000000       0x2a obj_cooja/mtype106.a(nbr-table.o)
 .comment       0x0000000000000000       0x2a obj_cooja/mtype106.a(netstack.o)
 .comment       0x0000000000000000       0x2a obj_cooja/mtype106.a(packetbuf.o)
 .comment       0x0000000000000000       0x2a obj_cooja/mtype106.a(queuebuf.o)
 .comment       0x0000000000000000       0x2a obj_cooja/mtype106.a(nullsec.o)
 .comment       0x0000000000000000       0x2a obj_cooja/mtype106.a(watchdog.o)
 .comment       0x0000000000000000       0x2c obj_cooja/mtype106.a(rimestats.o)
 .comment       0x0000000000000000       0x2a obj_cooja/mtype106.a(stimer.o)
 .comment       0x0000000000000000       0x2a obj_cooja/mtype106.a(memb.o)
 .comment       0x0000000000000000       0x2a obj_cooja/mtype106.a(uip-ds6-route.o)
 .comment       0x0000000000000000       0x2a obj_cooja/mtype106.a(uip-icmp6.o)
 .comment       0x0000000000000000       0x2a obj_cooja/mtype106.a(uip-nd6.o)
 .comment       0x0000000000000000       0x2a obj_cooja/mtype106.a(rpl-nbr-policy.)
 .comment       0x0000000000000000       0x2a obj_cooja/mtype106.a(frame802154.o)
 .comment       0x0000000000000000       0x2a obj_cooja/mtype106.a(mac.o)
 .comment       0x0000000000000000       0x2a /usr/lib/gcc/i686-linux-gnu/4.8/crtendS.o

.debug
 *(.debug)

.line
 *(.line)

.debug_srcinfo
 *(.debug_srcinfo)

.debug_sfnames
 *(.debug_sfnames)

.debug_aranges  0x0000000000000000      0x7d8
 *(.debug_aranges)
 .debug_aranges
                0x0000000000000000       0x20 udp-server.co
 .debug_aranges
                0x0000000000000020       0x20 obj_cooja/mtype106.o
 .debug_aranges
                0x0000000000000040       0x20 obj_cooja/mtype106.a(simEnvChange.o)
 .debug_aranges
                0x0000000000000060       0x20 obj_cooja/mtype106.a(cooja_mt.o)
 .debug_aranges
                0x0000000000000080       0x20 obj_cooja/mtype106.a(cooja_mtarch.o)
 .debug_aranges
                0x00000000000000a0       0x20 obj_cooja/mtype106.a(rtimer-arch.o)
 .debug_aranges
                0x00000000000000c0       0x20 obj_cooja/mtype106.a(beep.o)
 .debug_aranges
                0x00000000000000e0       0x20 obj_cooja/mtype106.a(button-sensor.o)
 .debug_aranges
                0x0000000000000100       0x20 obj_cooja/mtype106.a(leds-arch.o)
 .debug_aranges
                0x0000000000000120       0x20 obj_cooja/mtype106.a(moteid.o)
 .debug_aranges
                0x0000000000000140       0x20 obj_cooja/mtype106.a(pir-sensor.o)
 .debug_aranges
                0x0000000000000160       0x20 obj_cooja/mtype106.a(rs232.o)
 .debug_aranges
                0x0000000000000180       0x20 obj_cooja/mtype106.a(vib-sensor.o)
 .debug_aranges
                0x00000000000001a0       0x20 obj_cooja/mtype106.a(clock.o)
 .debug_aranges
                0x00000000000001c0       0x20 obj_cooja/mtype106.a(log.o)
 .debug_aranges
                0x00000000000001e0       0x20 obj_cooja/mtype106.a(cfs-cooja.o)
 .debug_aranges
                0x0000000000000200       0x20 obj_cooja/mtype106.a(cooja-radio.o)
 .debug_aranges
                0x0000000000000220       0x20 obj_cooja/mtype106.a(eeprom.o)
 .debug_aranges
                0x0000000000000240       0x20 obj_cooja/mtype106.a(random.o)
 .debug_aranges
                0x0000000000000260       0x20 obj_cooja/mtype106.a(sensors.o)
 .debug_aranges
                0x0000000000000280       0x20 obj_cooja/mtype106.a(autostart.o)
 .debug_aranges
                0x00000000000002a0       0x20 obj_cooja/mtype106.a(ctimer.o)
 .debug_aranges
                0x00000000000002c0       0x20 obj_cooja/mtype106.a(etimer.o)
 .debug_aranges
                0x00000000000002e0       0x20 obj_cooja/mtype106.a(log_message.o)
 .debug_aranges
                0x0000000000000300       0x20 obj_cooja/mtype106.a(process.o)
 .debug_aranges
                0x0000000000000320       0x20 obj_cooja/mtype106.a(residual.o)
 .debug_aranges
                0x0000000000000340       0x20 obj_cooja/mtype106.a(rtimer.o)
 .debug_aranges
                0x0000000000000360       0x20 obj_cooja/mtype106.a(timer.o)
 .debug_aranges
                0x0000000000000380       0x20 obj_cooja/mtype106.a(serial-line.o)
 .debug_aranges
                0x00000000000003a0       0x20 obj_cooja/mtype106.a(list.o)
 .debug_aranges
                0x00000000000003c0       0x20 obj_cooja/mtype106.a(ringbuf.o)
 .debug_aranges
                0x00000000000003e0       0x20 obj_cooja/mtype106.a(sicslowpan.o)
 .debug_aranges
                0x0000000000000400       0x20 obj_cooja/mtype106.a(uip-ds6-nbr.o)
 .debug_aranges
                0x0000000000000420       0x20 obj_cooja/mtype106.a(uip-ds6.o)
 .debug_aranges
                0x0000000000000440       0x20 obj_cooja/mtype106.a(uip6.o)
 .debug_aranges
                0x0000000000000460       0x20 obj_cooja/mtype106.a(tcpip.o)
 .debug_aranges
                0x0000000000000480       0x20 obj_cooja/mtype106.a(uip-debug.o)
 .debug_aranges
                0x00000000000004a0       0x20 obj_cooja/mtype106.a(uip-packetqueue)
 .debug_aranges
                0x00000000000004c0       0x20 obj_cooja/mtype106.a(rpl-dag.o)
 .debug_aranges
                0x00000000000004e0       0x20 obj_cooja/mtype106.a(rpl-ext-header.)
 .debug_aranges
                0x0000000000000500       0x20 obj_cooja/mtype106.a(rpl-icmp6.o)
 .debug_aranges
                0x0000000000000520       0x20 obj_cooja/mtype106.a(rpl-mrhof.o)
 .debug_aranges
                0x0000000000000540       0x20 obj_cooja/mtype106.a(rpl-timers.o)
 .debug_aranges
                0x0000000000000560       0x20 obj_cooja/mtype106.a(rpl.o)
 .debug_aranges
                0x0000000000000580       0x20 obj_cooja/mtype106.a(framer-802154.o)
 .debug_aranges
                0x00000000000005a0       0x20 obj_cooja/mtype106.a(nullmac.o)
 .debug_aranges
                0x00000000000005c0       0x20 obj_cooja/mtype106.a(cxmac.o)
 .debug_aranges
                0x00000000000005e0       0x20 obj_cooja/mtype106.a(linkaddr.o)
 .debug_aranges
                0x0000000000000600       0x20 obj_cooja/mtype106.a(nbr-table.o)
 .debug_aranges
                0x0000000000000620       0x20 obj_cooja/mtype106.a(netstack.o)
 .debug_aranges
                0x0000000000000640       0x20 obj_cooja/mtype106.a(packetbuf.o)
 .debug_aranges
                0x0000000000000660       0x20 obj_cooja/mtype106.a(queuebuf.o)
 .debug_aranges
                0x0000000000000680       0x20 obj_cooja/mtype106.a(nullsec.o)
 .debug_aranges
                0x00000000000006a0       0x20 obj_cooja/mtype106.a(watchdog.o)
 .debug_aranges
                0x00000000000006c0       0x18 obj_cooja/mtype106.a(rimestats.o)
 .debug_aranges
                0x00000000000006d8       0x20 obj_cooja/mtype106.a(stimer.o)
 .debug_aranges
                0x00000000000006f8       0x20 obj_cooja/mtype106.a(memb.o)
 .debug_aranges
                0x0000000000000718       0x20 obj_cooja/mtype106.a(uip-ds6-route.o)
 .debug_aranges
                0x0000000000000738       0x20 obj_cooja/mtype106.a(uip-icmp6.o)
 .debug_aranges
                0x0000000000000758       0x20 obj_cooja/mtype106.a(uip-nd6.o)
 .debug_aranges
                0x0000000000000778       0x20 obj_cooja/mtype106.a(rpl-nbr-policy.)
 .debug_aranges
                0x0000000000000798       0x20 obj_cooja/mtype106.a(frame802154.o)
 .debug_aranges
                0x00000000000007b8       0x20 obj_cooja/mtype106.a(mac.o)

.debug_pubnames
 *(.debug_pubnames)

.debug_info     0x0000000000000000    0x1b4ce
 *(.debug_info .gnu.linkonce.wi.*)
 .debug_info    0x0000000000000000      0xe4b udp-server.co
 .debug_info    0x0000000000000e4b     0x3a5f obj_cooja/mtype106.o
 .debug_info    0x00000000000048aa      0x15a obj_cooja/mtype106.a(simEnvChange.o)
 .debug_info    0x0000000000004a04      0x1e2 obj_cooja/mtype106.a(cooja_mt.o)
 .debug_info    0x0000000000004be6      0x2e7 obj_cooja/mtype106.a(cooja_mtarch.o)
 .debug_info    0x0000000000004ecd      0x16b obj_cooja/mtype106.a(rtimer-arch.o)
 .debug_info    0x0000000000005038      0x1f3 obj_cooja/mtype106.a(beep.o)
 .debug_info    0x000000000000522b      0x257 obj_cooja/mtype106.a(button-sensor.o)
 .debug_info    0x0000000000005482      0x132 obj_cooja/mtype106.a(leds-arch.o)
 .debug_info    0x00000000000055b4      0x10a obj_cooja/mtype106.a(moteid.o)
 .debug_info    0x00000000000056be      0x216 obj_cooja/mtype106.a(pir-sensor.o)
 .debug_info    0x00000000000058d4      0x21e obj_cooja/mtype106.a(rs232.o)
 .debug_info    0x0000000000005af2      0x216 obj_cooja/mtype106.a(vib-sensor.o)
 .debug_info    0x0000000000005d08      0x152 obj_cooja/mtype106.a(clock.o)
 .debug_info    0x0000000000005e5a      0x2bb obj_cooja/mtype106.a(log.o)
 .debug_info    0x0000000000006115      0x3cf obj_cooja/mtype106.a(cfs-cooja.o)
 .debug_info    0x00000000000064e4      0xc9b obj_cooja/mtype106.a(cooja-radio.o)
 .debug_info    0x000000000000717f      0x1d5 obj_cooja/mtype106.a(eeprom.o)
 .debug_info    0x0000000000007354       0xb3 obj_cooja/mtype106.a(random.o)
 .debug_info    0x0000000000007407      0x36d obj_cooja/mtype106.a(sensors.o)
 .debug_info    0x0000000000007774      0x1a5 obj_cooja/mtype106.a(autostart.o)
 .debug_info    0x0000000000007919      0x46c obj_cooja/mtype106.a(ctimer.o)
 .debug_info    0x0000000000007d85      0x49c obj_cooja/mtype106.a(etimer.o)
 .debug_info    0x0000000000008221      0x3d2 obj_cooja/mtype106.a(log_message.o)
 .debug_info    0x00000000000085f3      0x4ba obj_cooja/mtype106.a(process.o)
 .debug_info    0x0000000000008aad      0x164 obj_cooja/mtype106.a(residual.o)
 .debug_info    0x0000000000008c11      0x1ab obj_cooja/mtype106.a(rtimer.o)
 .debug_info    0x0000000000008dbc      0x16c obj_cooja/mtype106.a(timer.o)
 .debug_info    0x0000000000008f28      0x2de obj_cooja/mtype106.a(serial-line.o)
 .debug_info    0x0000000000009206      0x2ed obj_cooja/mtype106.a(list.o)
 .debug_info    0x00000000000094f3      0x1aa obj_cooja/mtype106.a(ringbuf.o)
 .debug_info    0x000000000000969d     0x105e obj_cooja/mtype106.a(sicslowpan.o)
 .debug_info    0x000000000000a6fb      0x853 obj_cooja/mtype106.a(uip-ds6-nbr.o)
 .debug_info    0x000000000000af4e      0xa5b obj_cooja/mtype106.a(uip-ds6.o)
 .debug_info    0x000000000000b9a9      0xea0 obj_cooja/mtype106.a(uip6.o)
 .debug_info    0x000000000000c849     0x1493 obj_cooja/mtype106.a(tcpip.o)
 .debug_info    0x000000000000dcdc      0x1b5 obj_cooja/mtype106.a(uip-debug.o)
 .debug_info    0x000000000000de91      0x470 obj_cooja/mtype106.a(uip-packetqueue)
 .debug_info    0x000000000000e301     0x1c3e obj_cooja/mtype106.a(rpl-dag.o)
 .debug_info    0x000000000000ff3f      0xe97 obj_cooja/mtype106.a(rpl-ext-header.)
 .debug_info    0x0000000000010dd6     0x18fa obj_cooja/mtype106.a(rpl-icmp6.o)
 .debug_info    0x00000000000126d0      0xb38 obj_cooja/mtype106.a(rpl-mrhof.o)
 .debug_info    0x0000000000013208      0xc36 obj_cooja/mtype106.a(rpl-timers.o)
 .debug_info    0x0000000000013e3e      0xd4a obj_cooja/mtype106.a(rpl.o)
 .debug_info    0x0000000000014b88      0x5ed obj_cooja/mtype106.a(framer-802154.o)
 .debug_info    0x0000000000015175      0x3d5 obj_cooja/mtype106.a(nullmac.o)
 .debug_info    0x000000000001554a      0xfe8 obj_cooja/mtype106.a(cxmac.o)
 .debug_info    0x0000000000016532      0x165 obj_cooja/mtype106.a(linkaddr.o)
 .debug_info    0x0000000000016697      0x8e4 obj_cooja/mtype106.a(nbr-table.o)
 .debug_info    0x0000000000016f7b      0x4ba obj_cooja/mtype106.a(netstack.o)
 .debug_info    0x0000000000017435      0x478 obj_cooja/mtype106.a(packetbuf.o)
 .debug_info    0x00000000000178ad      0x57d obj_cooja/mtype106.a(queuebuf.o)
 .debug_info    0x0000000000017e2a      0x3aa obj_cooja/mtype106.a(nullsec.o)
 .debug_info    0x00000000000181d4       0x7b obj_cooja/mtype106.a(watchdog.o)
 .debug_info    0x000000000001824f      0x119 obj_cooja/mtype106.a(rimestats.o)
 .debug_info    0x0000000000018368      0x179 obj_cooja/mtype106.a(stimer.o)
 .debug_info    0x00000000000184e1      0x1d7 obj_cooja/mtype106.a(memb.o)
 .debug_info    0x00000000000186b8      0xd30 obj_cooja/mtype106.a(uip-ds6-route.o)
 .debug_info    0x00000000000193e8      0x7b7 obj_cooja/mtype106.a(uip-icmp6.o)
 .debug_info    0x0000000000019b9f      0x331 obj_cooja/mtype106.a(uip-nd6.o)
 .debug_info    0x0000000000019ed0      0xe38 obj_cooja/mtype106.a(rpl-nbr-policy.)
 .debug_info    0x000000000001ad08      0x6b4 obj_cooja/mtype106.a(frame802154.o)
 .debug_info    0x000000000001b3bc      0x112 obj_cooja/mtype106.a(mac.o)

.debug_abbrev   0x0000000000000000     0x6419
 *(.debug_abbrev)
 .debug_abbrev  0x0000000000000000      0x227 udp-server.co
 .debug_abbrev  0x0000000000000227      0x2be obj_cooja/mtype106.o
 .debug_abbrev  0x00000000000004e5       0xc3 obj_cooja/mtype106.a(simEnvChange.o)
 .debug_abbrev  0x00000000000005a8       0xe6 obj_cooja/mtype106.a(cooja_mt.o)
 .debug_abbrev  0x000000000000068e      0x147 obj_cooja/mtype106.a(cooja_mtarch.o)
 .debug_abbrev  0x00000000000007d5       0xcc obj_cooja/mtype106.a(rtimer-arch.o)
 .debug_abbrev  0x00000000000008a1       0xe3 obj_cooja/mtype106.a(beep.o)
 .debug_abbrev  0x0000000000000984      0x11c obj_cooja/mtype106.a(button-sensor.o)
 .debug_abbrev  0x0000000000000aa0       0xe1 obj_cooja/mtype106.a(leds-arch.o)