Archive member included to satisfy reference by file (symbol)

obj_cooja/mtype164.a(simEnvChange.o)
                              obj_cooja/mtype164.o (simDontFallAsleep)
obj_cooja/mtype164.a(cooja_mt.o)
                              obj_cooja/mtype164.o (cooja_mt_start)
obj_cooja/mtype164.a(cooja_mtarch.o)
                              obj_cooja/mtype164.a(cooja_mt.o) (cooja_mtarch_init)
obj_cooja/mtype164.a(rtimer-arch.o)
                              obj_cooja/mtype164.o (rtimer_arch_next)
obj_cooja/mtype164.a(beep.o)  obj_cooja/mtype164.o (beep_interface)
obj_cooja/mtype164.a(button-sensor.o)
                              obj_cooja/mtype164.o (button_interface)
obj_cooja/mtype164.a(leds-arch.o)
                              obj_cooja/mtype164.o (leds_interface)
obj_cooja/mtype164.a(moteid.o)
                              obj_cooja/mtype164.o (moteid_interface)
obj_cooja/mtype164.a(pir-sensor.o)
                              obj_cooja/mtype164.o (pir_interface)
obj_cooja/mtype164.a(rs232.o)
                              obj_cooja/mtype164.o (rs232_interface)
obj_cooja/mtype164.a(vib-sensor.o)
                              obj_cooja/mtype164.o (vib_interface)
obj_cooja/mtype164.a(clock.o)
                              obj_cooja/mtype164.o (clock_interface)
obj_cooja/mtype164.a(log.o)   obj_cooja/mtype164.o (simlog_interface)
obj_cooja/mtype164.a(cfs-cooja.o)
                              obj_cooja/mtype164.o (cfs_interface)
obj_cooja/mtype164.a(cooja-radio.o)
                              obj_cooja/mtype164.o (radio_interface)
obj_cooja/mtype164.a(eeprom.o)
                              obj_cooja/mtype164.o (eeprom_interface)
obj_cooja/mtype164.a(random.o)
                              obj_cooja/mtype164.a(moteid.o) (random_init)
obj_cooja/mtype164.a(sensors.o)
                              udp-server.co (sensors_event)
obj_cooja/mtype164.a(dual_conf.o)
                              obj_cooja/mtype164.a(cooja-radio.o) (long_range_radio)
obj_cooja/mtype164.a(autostart.o)
                              obj_cooja/mtype164.o (autostart_start)
obj_cooja/mtype164.a(ctimer.o)
                              obj_cooja/mtype164.o (ctimer_init)
obj_cooja/mtype164.a(etimer.o)
                              obj_cooja/mtype164.o (etimer_process)
obj_cooja/mtype164.a(log_message.o)
                              obj_cooja/mtype164.o (log_initialization)
obj_cooja/mtype164.a(process.o)
                              udp-server.co (process_current)
obj_cooja/mtype164.a(residual.o)
                              obj_cooja/mtype164.o (get_residual_energy)
obj_cooja/mtype164.a(rtimer.o)
                              obj_cooja/mtype164.a(rtimer-arch.o) (rtimer_run_next)
obj_cooja/mtype164.a(timer.o)
                              obj_cooja/mtype164.a(button-sensor.o) (timer_set)
obj_cooja/mtype164.a(serial-line.o)
                              obj_cooja/mtype164.a(rs232.o) (serial_line_input_byte)
obj_cooja/mtype164.a(list.o)  obj_cooja/mtype164.a(ctimer.o) (list_init)
obj_cooja/mtype164.a(ringbuf.o)
                              obj_cooja/mtype164.a(serial-line.o) (ringbuf_init)
obj_cooja/mtype164.a(sicslowpan.o)
                              obj_cooja/mtype164.o (sicslowpan_driver)
obj_cooja/mtype164.a(uip-ds6-nbr.o)
                              obj_cooja/mtype164.a(sicslowpan.o) (uip_ds6_link_neighbor_callback)
obj_cooja/mtype164.a(uip-ds6.o)
                              udp-server.co (uip_ds6_if)
obj_cooja/mtype164.a(uip6.o)  obj_cooja/mtype164.o (uip_lladdr)
obj_cooja/mtype164.a(tcpip.o)
                              udp-server.co (tcpip_event)
obj_cooja/mtype164.a(uip-debug.o)
                              udp-server.co (uip_debug_ipaddr_print)
obj_cooja/mtype164.a(uip-packetqueue)
                              obj_cooja/mtype164.a(uip-ds6-nbr.o) (uip_packetqueue_new)
obj_cooja/mtype164.a(rpl-dag.o)
                              udp-server.co (rpl_set_root)
obj_cooja/mtype164.a(rpl-ext-header.)
                              obj_cooja/mtype164.a(uip6.o) (rpl_verify_header)
obj_cooja/mtype164.a(rpl-icmp6.o)
                              obj_cooja/mtype164.a(rpl-dag.o) (rpl_icmp6_update_nbr_table)
obj_cooja/mtype164.a(rpl-ltmax.o)
                              obj_cooja/mtype164.a(rpl-dag.o) (rpl_ltmax_of)
obj_cooja/mtype164.a(rpl-timers.o)
                              obj_cooja/mtype164.a(rpl-dag.o) (rpl_reset_dio_timer)
obj_cooja/mtype164.a(rpl.o)   obj_cooja/mtype164.a(rpl-icmp6.o) (rpl_get_mode)
obj_cooja/mtype164.a(framer-802154.o)
                              obj_cooja/mtype164.a(sicslowpan.o) (framer_802154)
obj_cooja/mtype164.a(nullmac.o)
                              udp-server.co (nullmac_driver)
obj_cooja/mtype164.a(cxmac.o)
                              obj_cooja/mtype164.o (cxmac_driver)
obj_cooja/mtype164.a(linkaddr.o)
                              obj_cooja/mtype164.o (linkaddr_node_addr)
obj_cooja/mtype164.a(nbr-table.o)
                              obj_cooja/mtype164.a(rpl-dag.o) (long_ip_from_lladdr_map)
[...]
Memory Configuration

Name             Origin             Length             Attributes
*default*        0x0000000000000000 0xffffffffffffffff

Linker script and memory map

LOAD /usr/lib/gcc/i686-linux-gnu/4.8/../../../i386-linux-gnu/crti.o
LOAD /usr/lib/gcc/i686-linux-gnu/4.8/crtbeginS.o
LOAD udp-server.co
LOAD obj_cooja/mtype164.o
LOAD obj_cooja/mtype164.a
LOAD /usr/lib/gcc/i686-linux-gnu/4.8/libgcc.a
LOAD /usr/lib/gcc/i686-linux-gnu/4.8/libgcc_s.so
LOAD /usr/lib/gcc/i686-linux-gnu/4.8/../../../i386-linux-gnu/libc.so
START GROUP
LOAD /lib/i386-linux-gnu/libc.so.6
LOAD /usr/lib/i386-linux-gnu/libc_nonshared.a
LOAD /lib/i386-linux-gnu/ld-linux.so.2
END GROUP
LOAD /usr/lib/gcc/i686-linux-gnu/4.8/libgcc.a
LOAD /usr/lib/gcc/i686-linux-gnu/4.8/libgcc_s.so
LOAD /usr/lib/gcc/i686-linux-gnu/4.8/crtendS.o
LOAD /usr/lib/gcc/i686-linux-gnu/4.8/../../../i386-linux-gnu/crtn.o
                0x0000000000000114                . = (0x0 + SIZEOF_HEADERS)

.note.gnu.build-id
                0x0000000000000114       0x24
 *(.note.gnu.build-id)
 .note.gnu.build-id
                0x0000000000000114       0x24 /usr/lib/gcc/i686-linux-gnu/4.8/../../../i386-linux-gnu/crti.o

.hash
 *(.hash)

.gnu.hash       0x0000000000000138     0x1370
 *(.gnu.hash)
 .gnu.hash      0x0000000000000138     0x1370 /usr/lib/gcc/i686-linux-gnu/4.8/../../../i386-linux-gnu/crti.o

.dynsym         0x00000000000014a8     0x2630
 *(.dynsym)
 .dynsym        0x00000000000014a8     0x2630 /usr/lib/gcc/i686-linux-gnu/4.8/../../../i386-linux-gnu/crti.o

.dynstr         0x0000000000003ad8     0x275d
 *(.dynstr)
 .dynstr        0x0000000000003ad8     0x275d /usr/lib/gcc/i686-linux-gnu/4.8/../../../i386-linux-gnu/crti.o

.gnu.version    0x0000000000006236      0x4c6
 *(.gnu.version)
 .gnu.version   0x0000000000006236      0x4c6 /usr/lib/gcc/i686-linux-gnu/4.8/../../../i386-linux-gnu/crti.o

.gnu.version_d  0x00000000000066fc        0x0
 *(.gnu.version_d)
 .gnu.version_d
                0x0000000000000000        0x0 /usr/lib/gcc/i686-linux-gnu/4.8/../../../i386-linux-gnu/crti.o

.gnu.version_r  0x00000000000066fc       0x50
 *(.gnu.version_r)
 .gnu.version_r
                0x00000000000066fc       0x50 /usr/lib/gcc/i686-linux-gnu/4.8/../../../i386-linux-gnu/crti.o

.rel.dyn        0x000000000000674c     0x91a8
 *(.rel.init)
 .rel.init      0x0000000000000000        0x0 /usr/lib/gcc/i686-linux-gnu/4.8/../../../i386-linux-gnu/crti.o
 *(.rel.text .rel.text.* .rel.gnu.linkonce.t.*)
 .rel.text      0x000000000000674c     0x8a18 /usr/lib/gcc/i686-linux-gnu/4.8/../../../i386-linux-gnu/crti.o
 *(.rel.fini)
 .rel.fini      0x0000000000000000        0x0 /usr/lib/gcc/i686-linux-gnu/4.8/../../../i386-linux-gnu/crti.o
 *(.rel.rodata .rel.rodata.* .rel.gnu.linkonce.r.*)
 .rel.rodata    0x000000000000f164      0x4e0 /usr/lib/gcc/i686-linux-gnu/4.8/../../../i386-linux-gnu/crti.o
 *(.rel.data.rel.ro .rel.data.rel.ro.* .rel.gnu.linkonce.d.rel.ro.*)
 *(.rel.data .rel.data.* .rel.gnu.linkonce.d.*)
 .rel.data.rel  0x000000000000f644        0x8 /usr/lib/gcc/i686-linux-gnu/4.8/../../../i386-linux-gnu/crti.o
 .rel.data      0x000000000000f64c      0x270 /usr/lib/gcc/i686-linux-gnu/4.8/../../../i386-linux-gnu/crti.o
 *(.rel.tdata .rel.tdata.* .rel.gnu.linkonce.td.*)
 *(.rel.tbss .rel.tbss.* .rel.gnu.linkonce.tb.*)
 *(.rel.ctors)
 *(.rel.dtors)
 *(.rel.got)
 .rel.got       0x000000000000f8bc       0x28 /usr/lib/gcc/i686-linux-gnu/4.8/../../../i386-linux-gnu/crti.o
 *(.rel.bss .rel.bss.* .rel.gnu.linkonce.b.*)
 *(.rel.ifunc)
 .rel.ifunc     0x0000000000000000        0x0 /usr/lib/gcc/i686-linux-gnu/4.8/../../../i386-linux-gnu/crti.o
 .rel.fini_array
                0x000000000000f8e4        0x8 /usr/lib/gcc/i686-linux-gnu/4.8/../../../i386-linux-gnu/crti.o
 .rel.init_array
                0x000000000000f8ec        0x8 /usr/lib/gcc/i686-linux-gnu/4.8/../../../i386-linux-gnu/crti.o

.rel.plt        0x000000000000f8f4       0x10
 *(.rel.plt)
 .rel.plt       0x000000000000f8f4       0x10 /usr/lib/gcc/i686-linux-gnu/4.8/../../../i386-linux-gnu/crti.o
 *(.rel.iplt)

.init           0x000000000000f904       0x23
 *(SORT(.init))
 .init          0x000000000000f904       0x1e /usr/lib/gcc/i686-linux-gnu/4.8/../../../i386-linux-gnu/crti.o
                0x000000000000f904                _init
 .init          0x000000000000f922        0x5 /usr/lib/gcc/i686-linux-gnu/4.8/../../../i386-linux-gnu/crtn.o

.plt            0x000000000000f930       0x30
 *(.plt)
 .plt           0x000000000000f930       0x30 /usr/lib/gcc/i686-linux-gnu/4.8/../../../i386-linux-gnu/crti.o
 *(.iplt)

.text           0x000000000000f960    0x1655a
 *(.text.unlikely .text.*_unlikely .text.unlikely.*)
 *(.text.exit .text.exit.*)
 *(.text.startup .text.startup.*)
 *(.text.hot .text.hot.*)
 *(.text .stub .text.* .gnu.linkonce.t.*)
 .text          0x000000000000f960        0x0 /usr/lib/gcc/i686-linux-gnu/4.8/../../../i386-linux-gnu/crti.o
 .gnu.linkonce.t.__x86.get_pc_thunk.bx
                0x000000000000f960        0x4 /usr/lib/gcc/i686-linux-gnu/4.8/../../../i386-linux-gnu/crti.o
                0x000000000000f960                __x86.get_pc_thunk.bx
 *fill*         0x000000000000f964        0xc 
 .text          0x000000000000f970      0x11b /usr/lib/gcc/i686-linux-gnu/4.8/crtbeginS.o
 .text          0x000000000000fa8b      0x3ce udp-server.co
 .text          0x000000000000fe59      0x96a obj_cooja/mtype164.o
                0x0000000000010007                contiki_init
                0x00000000000105da                Java_org_contikios_cooja_corecomm_Lib17_init
                0x000000000001061a                Java_org_contikios_cooja_corecomm_Lib17_getMemory
                0x000000000001065a                Java_org_contikios_cooja_corecomm_Lib17_setMemory
                0x00000000000106d1                Java_org_contikios_cooja_corecomm_Lib17_tick
                0x00000000000107b1                Java_org_contikios_cooja_corecomm_Lib17_setReferenceAddress
 .text          0x00000000000107c3       0x63 obj_cooja/mtype164.a(simEnvChange.o)
                0x00000000000107c3                doActionsBeforeTick
                0x00000000000107f4                doActionsAfterTick
 .text          0x0000000000010826       0xbc obj_cooja/mtype164.a(cooja_mt.o)
                0x0000000000010826                cooja_mt_init
                0x0000000000010833                cooja_mt_remove
                0x0000000000010840                cooja_mt_start
                0x000000000001086d                cooja_mt_exec
                0x000000000001089e                cooja_mt_exit
                0x00000000000108c0                cooja_mt_yield
 .text          0x00000000000108e2      0x115 obj_cooja/mtype164.a(cooja_mtarch.o)
                0x00000000000108e2                cooja_mtarch_init
                0x00000000000108e7                cooja_mtarch_start
                0x0000000000010962                cooja_sw
                0x0000000000010984                cooja_mtarch_exec
                0x00000000000109a0                cooja_mtarch_remove
                0x00000000000109a5                cooja_mtarch_yield
                0x00000000000109af                cooja_mtarch_pstop
                0x00000000000109b4                cooja_mtarch_pstart
                0x00000000000109b9                cooja_mtarch_stack_usage
 .text          0x00000000000109f7       0xc2 obj_cooja/mtype164.a(rtimer-arch.o)
                0x00000000000109f7                rtimer_arch_init
                0x0000000000010a1a                rtimer_arch_schedule
                0x0000000000010a31                rtimer_arch_next
                0x0000000000010a3b                rtimer_arch_pending
                0x0000000000010a45                rtimer_arch_check
                0x0000000000010a77                rtimer_arch_now
 .text          0x0000000000010ab9       0x76 obj_cooja/mtype164.a(beep.o)
                0x0000000000010ab9                beep_alarm
                0x0000000000010ac5                beep_beep
                0x0000000000010ad1                beep
                0x0000000000010add                beep_down
                0x0000000000010ae9                beep_on
                0x0000000000010af5                beep_off
                0x0000000000010b01                beep_spinup
                0x0000000000010b0d                beep_quick
                0x0000000000010b19                beep_long
 .text          0x0000000000010b2f      0x103 obj_cooja/mtype164.a(button-sensor.o)
 .text          0x0000000000010c32       0x45 obj_cooja/mtype164.a(leds-arch.o)
                0x0000000000010c32                leds_arch_init
                0x0000000000010c3e                leds_arch_get
                0x0000000000010c4a                leds_arch_set
 .text          0x0000000000010c77       0x2f obj_cooja/mtype164.a(moteid.o)
 .text          0x0000000000010ca6       0xb1 obj_cooja/mtype164.a(pir-sensor.o)
 .text          0x0000000000010d57      0x131 obj_cooja/mtype164.a(rs232.o)
                0x0000000000010d57                rs232_init
                0x0000000000010d5c                rs232_set_speed
                0x0000000000010d6a                rs232_set_input
                0x0000000000010d77                rs232_send
                0x0000000000010d99                rs232_print
                0x0000000000010db4                slip_arch_writeb
 .text          0x0000000000010e88       0xb1 obj_cooja/mtype164.a(vib-sensor.o)
 .text          0x0000000000010f39       0x34 obj_cooja/mtype164.a(clock.o)
                0x0000000000010f39                clock_init
                0x0000000000010f3e                clock_time
                0x0000000000010f48                clock_seconds
                0x0000000000010f5e                clock_delay
 .text          0x0000000000010f6d      0x1ed obj_cooja/mtype164.a(log.o)
                0x0000000000010f6d                simlog_char
                0x0000000000010faf                simlog
                0x000000000001101c                log_message
                0x0000000000011044                log_set_putchar_with_slip
                0x0000000000011051                log_putchar
                0x00000000000110d5                log_puts
                0x00000000000110f9                log_printf
 .text          0x000000000001115a      0x2c4 obj_cooja/mtype164.a(cfs-cooja.o)
                0x000000000001115a                cfs_open
                0x00000000000111c3                cfs_close
                0x00000000000111cf                cfs_read
                0x000000000001126d                cfs_write
                0x000000000001134a                cfs_seek
                0x00000000000113d2                cfs_remove
                0x00000000000113fb                cfs_opendir
                0x0000000000011405                cfs_readdir
                0x000000000001140f                cfs_closedir
 .text          0x000000000001141e      0x671 obj_cooja/mtype164.a(cooja-radio.o)
                0x0000000000011448                radio_set_channel
                0x000000000001145d                radio_set_txpower
                0x000000000001147d                radio_signal_strength_last
                0x0000000000011487                radio_signal_strength_current
                0x0000000000011491                radio_LQI
 .text          0x0000000000011a8f       0xef obj_cooja/mtype164.a(eeprom.o)
                0x0000000000011a8f                eeprom_init
                0x0000000000011a94                eeprom_read
                0x0000000000011b04                eeprom_write
 .text          0x0000000000011b7e       0x28 obj_cooja/mtype164.a(random.o)
                0x0000000000011b7e                random_init
                0x0000000000011b99                random_rand
 .text          0x0000000000011ba6      0x2a1 obj_cooja/mtype164.a(sensors.o)
                0x0000000000011be1                sensors_first
                0x0000000000011beb                sensors_next
                0x0000000000011c08                sensors_changed
                0x0000000000011c37                sensors_find
 .text          0x0000000000011e47      0x348 obj_cooja/mtype164.a(dual_conf.o)
                0x0000000000011e47                dual_radio_switch
                0x0000000000011e87                dual_radio_change
                0x0000000000011ec1                sending_in_LR
                0x0000000000011eec                dual_radio_received
                0x0000000000011f24                radio_received_is_longrange
                0x0000000000011f3f                dual_radio_turn_on
                0x0000000000011f62                dual_radio_turn_off
                0x0000000000012145                dio_broadcast
                0x000000000001216e                dis_broadcast
 .text          0x000000000001218f       0x8e obj_cooja/mtype164.a(autostart.o)
                0x000000000001218f                autostart_start
                0x00000000000121da                autostart_exit
 .text          0x000000000001221d      0x334 obj_cooja/mtype164.a(ctimer.o)
                0x0000000000012334                ctimer_init
                0x0000000000012364                ctimer_set
                0x0000000000012395                ctimer_set_with_process
                0x0000000000012411                ctimer_reset
                0x0000000000012460                ctimer_restart
                0x00000000000124af                ctimer_stop
                0x00000000000124fa                ctimer_expired
 .text          0x0000000000012551      0x40b obj_cooja/mtype164.a(etimer.o)
                0x0000000000012764                etimer_request_poll
                0x00000000000127e8                etimer_set
                0x000000000001280d                etimer_reset_with_new_interval
                0x0000000000012834                etimer_reset
                0x0000000000012852                etimer_restart
                0x0000000000012870                etimer_adjust
                0x000000000001288c                etimer_expired
                0x000000000001289f                etimer_expiration_time
                0x00000000000128b1                etimer_start_time
                0x00000000000128bb                etimer_pending
                0x00000000000128cd                etimer_next_expiration_time
                0x00000000000128e7                etimer_stop
 .text          0x000000000001295c       0xdd obj_cooja/mtype164.a(log_message.o)
                0x000000000001295c                log_initialization
                0x0000000000012a18                log_finisher
 .text          0x0000000000012a39      0x560 obj_cooja/mtype164.a(process.o)
                0x0000000000012a39                process_alloc_event
                0x0000000000012a4e                process_start
                0x0000000000012c37                process_exit
                0x0000000000012c53                process_init
                0x0000000000012e24                process_run
                0x0000000000012e57                process_nevents
                0x0000000000012e72                process_post
                0x0000000000012f1e                process_post_synch
                0x0000000000012f56                process_poll
                0x0000000000012f85                process_is_running
 .text          0x0000000000012f99       0xd3 obj_cooja/mtype164.a(residual.o)
                0x0000000000012f99                get_residual_energy
 .text          0x000000000001306c       0xba obj_cooja/mtype164.a(rtimer.o)
                0x000000000001306c                rtimer_init
                0x0000000000013079                rtimer_set
                0x00000000000130d0                rtimer_run_next
 .text          0x0000000000013126       0x91 obj_cooja/mtype164.a(timer.o)
                0x0000000000013126                timer_set
                0x0000000000013141                timer_reset
                0x0000000000013158                timer_restart
                0x000000000001316a                timer_expired
                0x0000000000013193                timer_remaining
 .text          0x00000000000131b7      0x1fb obj_cooja/mtype164.a(serial-line.o)
                0x00000000000131b7                serial_line_input_byte
                0x000000000001337a                serial_line_init
 .text          0x00000000000133b2      0x244 obj_cooja/mtype164.a(list.o)
                0x00000000000133b2                list_init
                0x00000000000133c0                list_head
                0x00000000000133ca                list_copy
                0x00000000000133d9                list_tail
                0x000000000001340f                list_add
                0x0000000000013458                list_push
                0x0000000000013484                list_chop
                0x00000000000134ee                list_pop
                0x0000000000013516                list_remove
                0x000000000001357d                list_length
                0x00000000000135ab                list_insert
                0x00000000000135df                list_item_next
 .text          0x00000000000135f6      0x155 obj_cooja/mtype164.a(ringbuf.o)
                0x00000000000135f6                ringbuf_init
                0x0000000000013627                ringbuf_put
                0x00000000000136a5                ringbuf_get
                0x0000000000013712                ringbuf_size
                0x0000000000013724                ringbuf_elements
 .text          0x000000000001374b     0x258b obj_cooja/mtype164.a(sicslowpan.o)
                0x0000000000013cd5                rime_sniffer_add
                0x0000000000013ce2                rime_sniffer_remove
                0x0000000000015c75                sicslowpan_init
                0x0000000000015ccc                sicslowpan_get_last_rssi
 .text          0x0000000000015cd6      0x2dc obj_cooja/mtype164.a(uip-ds6-nbr.o)
                0x0000000000015cf3                uip_ds6_neighbors_init
                0x0000000000015d10                uip_ds6_nbr_add
                0x0000000000015dc1                uip_ds6_nbr_rm
                0x0000000000015e1e                uip_ds6_nbr_get_ipaddr
                0x0000000000015e33                uip_ds6_nbr_get_ll
                0x0000000000015e4f                uip_ds6_nbr_num
                0x0000000000015e94                uip_ds6_nbr_lookup
                0x0000000000015ef9                uip_ds6_nbr_ll_lookup
                0x0000000000015f15                uip_ds6_nbr_ipaddr_from_lladdr
                0x0000000000015f3b                uip_ds6_nbr_lladdr_from_ipaddr
                0x0000000000015f69                uip_ds6_link_neighbor_callback
 .text          0x0000000000015fb2     0x12ad obj_cooja/mtype164.a(uip-ds6.o)
                0x0000000000015fb2                uip_ds6_init
                0x0000000000016307                uip_ds6_periodic
                0x00000000000163df                uip_ds6_list_loop
                0x0000000000016486                uip_ds6_prefix_add
                0x0000000000016544                uip_ds6_prefix_rm
                0x0000000000016556                uip_ds6_prefix_lookup
                0x00000000000165a7                uip_ds6_is_addr_onlink
                0x000000000001661b                uip_ds6_addr_add
                0x0000000000016749                uip_ds6_long_addr_add
                0x0000000000016877                uip_ds6_addr_rm
                0x0000000000016917                uip_ds6_addr_lookup
                0x0000000000016962                uip_ds6_long_addr_lookup
                0x00000000000169ad                uip_ds6_get_link_local
                0x0000000000016a2c                uip_ds6_long_get_link_local
                0x0000000000016aab                uip_ds6_get_global
                0x0000000000016b2a                uip_ds6_long_get_global
                0x0000000000016ba9                uip_ds6_maddr_add
                0x0000000000016c1b                uip_ds6_long_maddr_add
                0x0000000000016c8d                uip_ds6_maddr_rm
                0x0000000000016c9f                uip_ds6_maddr_lookup
                0x0000000000016cea                uip_ds6_long_maddr_lookup
                0x0000000000016d35                uip_ds6_aaddr_add
                0x0000000000016da7                uip_ds6_long_aaddr_add
                0x0000000000016e19                uip_ds6_aaddr_rm
                0x0000000000016e2b                uip_ds6_aaddr_lookup
                0x0000000000016e76                uip_ds6_long_aaddr_lookup
                0x0000000000016ec1                uip_ds6_select_src
                0x000000000001714a                uip_ds6_set_addr_iid
                0x0000000000017181                get_match_length
                0x0000000000017213                uip_ds6_compute_reachable_time
 .text          0x000000000001725f     0x29f3 obj_cooja/mtype164.a(uip6.o)
                0x000000000001725f                uip_add32
                0x00000000000173f8                uip_chksum
                0x00000000000174e6                uip_icmp6chksum
                0x00000000000174fa                uip_tcpchksum
                0x000000000001750e                uip_udpchksum
                0x0000000000017522                uip_init
                0x00000000000175f2                uip_connect
                0x00000000000177a1                remove_ext_hdr
                0x0000000000017876                uip_udp_new
                0x00000000000179d2                uip_unlisten
                0x0000000000017a32                uip_listen
                0x0000000000017cf4                uip_process
                0x0000000000019b46                uip_htons
                0x0000000000019b68                uip_htonl
                0x0000000000019ba8                uip_send
 .text          0x0000000000019c52      0xb43 obj_cooja/mtype164.a(tcpip.o)
                0x0000000000019c52                tcpip_output
                0x0000000000019c80                tcpip_set_outputfunc
                0x0000000000019d14                tcp_connect
                0x0000000000019d69                tcp_unlisten
                0x0000000000019dc4                tcp_listen
                0x0000000000019e1d                tcp_attach
                0x0000000000019e42                udp_attach
                0x0000000000019e67                udp_new
                0x0000000000019eb9                udp_broadcast_new
                0x000000000001a12d                tcpip_input
                0x000000000001a161                tcpip_ipv6_output
                0x000000000001a5db                tcpip_poll_udp
                0x000000000001a5fe                tcpip_poll_tcp
                0x000000000001a621                tcpip_uipcall
 .text          0x000000000001a795      0x1c1 obj_cooja/mtype164.a(uip-debug.o)
                0x000000000001a795                uip_debug_ipaddr_print
                0x000000000001a8f7                uip_debug_lladdr_print
 .text          0x000000000001a956      0x141 obj_cooja/mtype164.a(uip-packetqueue)
                0x000000000001a982                uip_packetqueue_new
                0x000000000001a990                uip_packetqueue_alloc
                0x000000000001a9f0                uip_packetqueue_free
                0x000000000001aa31                uip_packetqueue_buf
                0x000000000001aa4e                uip_packetqueue_buflen
                0x000000000001aa6f                uip_packetqueue_set_buflen
 .text          0x000000000001aa97     0x2713 obj_cooja/mtype164.a(rpl-dag.o)
                0x000000000001aa97                rpl_lr_in_neighbor_tree
                0x000000000001abef                rpl_print_neighbor_list
                0x000000000001ac98                rpl_print_child_neighbor_list
                0x000000000001ad0d                rpl_get_nbr
                0x000000000001ad67                rpl_get_nbr_child
                0x000000000001adc1                rpl_dag_init
                0x000000000001adf3                rpl_get_parent
                0x000000000001ae15                rpl_get_parent_rank
                0x000000000001ae48                rpl_get_parent_link_metric
                0x000000000001ae7b                rpl_get_parent_ipaddr
                0x000000000001aea5                rpl_get_child_ipaddr
                0x000000000001b1c0                rpl_set_root
                0x000000000001b3ee                rpl_repair_root
                0x000000000001b62a                rpl_set_prefix
                0x000000000001b729                rpl_set_default_route
                0x000000000001b7b5                rpl_alloc_instance
                0x000000000001b848                rpl_alloc_dag
                0x000000000001b8fb                rpl_set_default_instance
                0x000000000001b908                rpl_get_default_instance
                0x000000000001b912                rpl_free_instance
                0x000000000001b9c3                rpl_free_dag
                0x000000000001ba29                rpl_add_parent
                0x000000000001bb1f                rpl_find_parent
                0x000000000001bb4f                rpl_add_child
                0x000000000001bbf3                rpl_find_child
                0x000000000001bc41                rpl_find_parent_any_dag
                0x000000000001bc7d                rpl_select_dag
                0x000000000001c0a0                rpl_select_parent
                0x000000000001c102                rpl_remove_parent
                0x000000000001c138                rpl_remove_child
                0x000000000001c154                rpl_nullify_parent
                0x000000000001c1f2                rpl_move_parent
                0x000000000001c28f                rpl_has_downward_route
                0x000000000001c2e2                rpl_get_any_dag
                0x000000000001c344                rpl_get_instance
                0x000000000001c3a7                rpl_find_of
                0x000000000001c3e4                rpl_join_instance
                0x000000000001c65f                rpl_add_dag
                0x000000000001ca4e                rpl_local_repair
                0x000000000001cb27                rpl_recalculate_ranks
                0x000000000001cbad                rpl_process_parent_event
                0x000000000001cc5f                rpl_process_dio
 .text          0x000000000001d1aa      0xbf3 obj_cooja/mtype164.a(rpl-ext-header.)
                0x000000000001d1c7                rpl_verify_header
                0x000000000001d641                rpl_update_header_empty
                0x000000000001d958                rpl_update_header_final
                0x000000000001dae7                rpl_remove_header
                0x000000000001dbf1                rpl_invert_header
                0x000000000001dd7b                rpl_insert_header
 .text          0x000000000001dd9d     0x22e6 obj_cooja/mtype164.a(rpl-icmp6.o)
                0x000000000001e066                rpl_icmp6_update_nbr_table
                0x000000000001e156                dis_output
                0x000000000001ea93                dio_output
                0x000000000001fbee                dao_output
                0x000000000001fcb6                dao_output_target
                0x0000000000020037                dao_ack_output
                0x000000000002004b                rpl_icmp6_register_handlers
 .text          0x0000000000020083      0x370 obj_cooja/mtype164.a(rpl-ltmax.o)
 .text          0x00000000000203f3      0x807 obj_cooja/mtype164.a(rpl-timers.o)
                0x00000000000203f3                rpl_convergence_timer
                0x000000000002041f                rpl_reset_convergence_timer
                0x000000000002068d                rpl_reset_periodic_timer
                0x00000000000206e2                rpl_reset_dio_timer
                0x000000000002091c                rpl_schedule_dao
                0x0000000000020937                rpl_schedule_dao_immediately
                0x0000000000020952                rpl_cancel_dao
                0x00000000000209b4                rpl_schedule_unicast_dio_immediately
                0x0000000000020ba2                rpl_schedule_probing
 .text          0x0000000000020bfa      0x5c5 obj_cooja/mtype164.a(rpl.o)
                0x0000000000020bfa                rpl_get_mode
                0x0000000000020c04                rpl_set_mode
                0x0000000000020c92                rpl_purge_routes
                0x0000000000020d8c                rpl_remove_routes
                0x0000000000020dd2                rpl_remove_routes_by_nexthop
                0x0000000000020e3e                rpl_add_route
                0x0000000000020eb9                rpl_link_neighbor_callback
                0x0000000000020fbe                rpl_ipv6_neighbor_callback
                0x000000000002102d                rpl_purge_dags
                0x0000000000021139                rpl_init
 .text          0x00000000000211bf      0x3f5 obj_cooja/mtype164.a(framer-802154.o)
 .text          0x00000000000215b4       0x5e obj_cooja/mtype164.a(nullmac.o)
 .text          0x0000000000021612     0x103d obj_cooja/mtype164.a(cxmac.o)
                0x0000000000022591                cxmac_set_announcement_radio_txpower
                0x0000000000022596                cxmac_init
 .text          0x000000000002264f       0x82 obj_cooja/mtype164.a(linkaddr.o)
                0x000000000002264f                linkaddr_copy
                0x0000000000022671                linkaddr_cmp
                0x000000000002269b                linkaddr_set_node_addr
                0x00000000000226b6                linkaddr_set_node_long_addr
 .text          0x00000000000226d1      0x915 obj_cooja/mtype164.a(nbr-table.o)
                0x00000000000226d1                long_ip_from_lladdr_map
                0x000000000002275a                lladdr_map_add_lr
                0x0000000000022817                lladdr_map_rm_lr
                0x0000000000022cdc                nbr_table_register
                0x0000000000022d24                nbr_table_head
                0x0000000000022d80                nbr_table_next
                0x0000000000022de7                nbr_table_add_lladdr
                0x0000000000022ec3                nbr_table_get_from_lladdr
                0x0000000000022f10                nbr_table_remove
                0x0000000000022f62                nbr_table_lock
                0x0000000000022f8c                nbr_table_unlock
                0x0000000000022fb6                nbr_table_get_lladdr
 .text          0x0000000000022fe6       0x2b obj_cooja/mtype164.a(netstack.o)
                0x0000000000022fe6                netstack_init
 .text          0x0000000000023011      0x3cd obj_cooja/mtype164.a(packetbuf.o)
                0x0000000000023011                packetbuf_clear
                0x000000000002303b                packetbuf_copyfrom
                0x000000000002308d                packetbuf_compact
                0x000000000002310a                packetbuf_copyto
                0x00000000000231a1                packetbuf_hdralloc
                0x000000000002321e                packetbuf_hdrreduce
                0x0000000000023266                packetbuf_set_datalen
                0x000000000002327f                packetbuf_dataptr
                0x000000000002329c                packetbuf_hdrptr
                0x00000000000232a6                packetbuf_datalen
                0x00000000000232b2                packetbuf_hdrlen
                0x00000000000232c9                packetbuf_totlen
                0x00000000000232df                packetbuf_attr_clear
                0x0000000000023331                packetbuf_attr_copyto
                0x000000000002337a                packetbuf_attr_copyfrom
                0x00000000000233c2                packetbuf_holds_broadcast
 .text          0x00000000000233de      0x2b4 obj_cooja/mtype164.a(queuebuf.o)
                0x00000000000233e8                queuebuf_init
                0x0000000000023408                queuebuf_numfree
                0x000000000002341c                queuebuf_new_from_packetbuf
                0x00000000000234ac                queuebuf_update_attr_from_packetbuf
                0x00000000000234df                queuebuf_update_from_packetbuf
                0x0000000000023529                queuebuf_free
                0x0000000000023570                queuebuf_to_packetbuf
                0x00000000000235d6                queuebuf_dataptr
                0x000000000002360d                queuebuf_datalen
                0x0000000000023630                queuebuf_addr
                0x0000000000023662                queuebuf_attr
                0x000000000002368d                queuebuf_debug_print
 .text          0x0000000000023692       0x6e obj_cooja/mtype164.a(nullsec.o)
 .text          0x0000000000023700       0x19 obj_cooja/mtype164.a(watchdog.o)
                0x0000000000023700                watchdog_init
                0x0000000000023705                watchdog_start
                0x000000000002370a                watchdog_periodic
                0x000000000002370f                watchdog_stop
                0x0000000000023714                watchdog_reboot
 .text          0x0000000000023719        0x0 obj_cooja/mtype164.a(rimestats.o)
 .text          0x0000000000023719      0x134 obj_cooja/mtype164.a(leds.o)
                0x000000000002376a                leds_init
                0x000000000002377e                leds_blink
                0x00000000000237b6                leds_get
                0x00000000000237c3                leds_set
                0x00000000000237dd                leds_on
                0x0000000000023800                leds_off
                0x000000000002382a                leds_toggle
 .text          0x000000000002384d       0xa3 obj_cooja/mtype164.a(stimer.o)
                0x000000000002384d                stimer_set
                0x0000000000023868                stimer_reset
                0x000000000002387f                stimer_restart
                0x0000000000023891                stimer_expired
                0x00000000000238b8                stimer_remaining
                0x00000000000238dc                stimer_elapsed
 .text          0x00000000000238f0      0x1c1 obj_cooja/mtype164.a(memb.o)
                0x00000000000238f0                memb_init
                0x000000000002394e                memb_alloc
                0x00000000000239b3                memb_free
                0x0000000000023a2e                memb_inmemb
                0x0000000000023a6d                memb_numfree
 .text          0x0000000000023ab1      0x916 obj_cooja/mtype164.a(uip-ds6-route.o)
                0x0000000000023b28                uip_ds6_notification_add
                0x0000000000023b59                uip_ds6_notification_rm
                0x0000000000023b75                uip_ds6_route_init
                0x0000000000023bfd                uip_ds6_route_nexthop
                0x0000000000023c25                uip_ds6_route_head
                0x0000000000023c3a                uip_ds6_route_next
                0x0000000000023c60                uip_ds6_route_is_nexthop
                0x0000000000023c9f                uip_ds6_route_num_routes
                0x0000000000023ca9                uip_ds6_route_lookup
                0x0000000000023d6b                uip_ds6_route_add
                0x0000000000023f9f                uip_ds6_route_rm
                0x0000000000024133                uip_ds6_route_rm_by_nexthop
                0x000000000002416b                uip_ds6_defrt_add
                0x000000000002421c                uip_ds6_defrt_rm
                0x000000000002429b                uip_ds6_defrt_lookup
                0x00000000000242f4                uip_ds6_defrt_choose
                0x000000000002435f                uip_ds6_defrt_periodic
 .text          0x00000000000243c7      0xab2 obj_cooja/mtype164.a(uip-icmp6.o)
                0x0000000000024435                uip_icmp6_input
                0x000000000002448b                uip_icmp6_register_input_handler
                0x0000000000024753                uip_icmp6_error_output
                0x0000000000024a98                uip_icmp6_send
                0x0000000000024e0c                uip_icmp6_echo_reply_callback_add
                0x0000000000024e3d                uip_icmp6_echo_reply_callback_rm
                0x0000000000024e59                uip_icmp6_init
 .text          0x0000000000024e79      0x358 obj_cooja/mtype164.a(uip-nd6.o)
                0x0000000000024ecd                uip_nd6_ns_output
                0x00000000000251cc                uip_nd6_init
 .text          0x00000000000251d1      0x331 obj_cooja/mtype164.a(rpl-nbr-policy.)
                0x00000000000253a9                find_removable_dis
                0x00000000000253cc                find_removable_dio
                0x000000000002545b                find_removable_dao
                0x00000000000254ab                rpl_nbr_policy_find_removable
 .text          0x0000000000025502      0x97c obj_cooja/mtype164.a(frame802154.o)
                0x0000000000025533                frame802154_get_pan_id
                0x000000000002553f                frame802154_set_pan_id
                0x0000000000025558                frame802154_has_panid
                0x0000000000025644                frame802154_check_dest_panid
                0x00000000000256ac                frame802154_is_broadcast_addr
                0x00000000000256f9                frame802154_extract_linkaddr
                0x0000000000025939                frame802154_hdrlen
                0x000000000002598a                frame802154_create
                0x0000000000025b75                frame802154_parse
 .text          0x0000000000025e7e       0x3c obj_cooja/mtype164.a(mac.o)
                0x0000000000025e7e                mac_call_sent_callback
 .text          0x0000000000025eba        0x0 /usr/lib/gcc/i686-linux-gnu/4.8/crtendS.o
 .text          0x0000000000025eba        0x0 /usr/lib/gcc/i686-linux-gnu/4.8/../../../i386-linux-gnu/crtn.o
 *(.gnu.warning)

.fini           0x0000000000025ebc       0x14
 *(SORT(.fini))
 .fini          0x0000000000025ebc        0xf /usr/lib/gcc/i686-linux-gnu/4.8/../../../i386-linux-gnu/crti.o
                0x0000000000025ebc                _fini
 .fini          0x0000000000025ecb        0x5 /usr/lib/gcc/i686-linux-gnu/4.8/../../../i386-linux-gnu/crtn.o
                0x0000000000025ed0                PROVIDE (__etext, .)
                0x0000000000025ed0                PROVIDE (_etext, .)
                0x0000000000025ed0                PROVIDE (etext, .)

.rodata         0x0000000000025ee0      0xa80
 *(.rodata .rodata.* .gnu.linkonce.r.*)
 .rodata        0x0000000000025ee0      0x148 udp-server.co
                0x0000000000025ef4                autostart_processes
 .rodata        0x0000000000026028      0x1e6 obj_cooja/mtype164.o
 *fill*         0x000000000002620e        0x2 
 .rodata        0x0000000000026210        0x8 obj_cooja/mtype164.a(beep.o)
                0x0000000000026210                beep_interface
 .rodata        0x0000000000026218       0x20 obj_cooja/mtype164.a(button-sensor.o)
                0x0000000000026218                button_interface
                0x0000000000026228                button_sensor
 .rodata        0x0000000000026238        0x8 obj_cooja/mtype164.a(leds-arch.o)
                0x0000000000026238                leds_interface
 .rodata        0x0000000000026240        0x8 obj_cooja/mtype164.a(moteid.o)
                0x0000000000026240                moteid_interface
 .rodata        0x0000000000026248       0x1c obj_cooja/mtype164.a(pir-sensor.o)
                0x0000000000026248                pir_interface
                0x0000000000026254                pir_sensor
 .rodata        0x0000000000026264        0xe obj_cooja/mtype164.a(rs232.o)
                0x0000000000026264                rs232_interface
 *fill*         0x0000000000026272        0x2 
 .rodata        0x0000000000026274       0x24 obj_cooja/mtype164.a(vib-sensor.o)
                0x0000000000026274                vib_interface
                0x0000000000026288                vib_sensor
 .rodata        0x0000000000026298        0x8 obj_cooja/mtype164.a(clock.o)
                0x0000000000026298                clock_interface
 .rodata        0x00000000000262a0        0x8 obj_cooja/mtype164.a(log.o)
                0x00000000000262a0                simlog_interface
 .rodata        0x00000000000262a8       0x2f obj_cooja/mtype164.a(cfs-cooja.o)
                0x00000000000262a8                cfs_interface
 *fill*         0x00000000000262d7        0x9 
 .rodata        0x00000000000262e0       0x60 obj_cooja/mtype164.a(cooja-radio.o)
                0x0000000000026300                cooja_radio_driver
                0x0000000000026338                radio_interface
 .rodata        0x0000000000026340        0x8 obj_cooja/mtype164.a(eeprom.o)
                0x0000000000026340                eeprom_interface
 .rodata        0x0000000000026348        0x8 obj_cooja/mtype164.a(sensors.o)
 .rodata        0x0000000000026350       0x1c obj_cooja/mtype164.a(dual_conf.o)
 .rodata        0x000000000002636c        0xf obj_cooja/mtype164.a(ctimer.o)
 .rodata        0x000000000002637b        0xc obj_cooja/mtype164.a(etimer.o)
 *fill*         0x0000000000026387        0x1 
 .rodata        0x0000000000026388       0x73 obj_cooja/mtype164.a(log_message.o)
 *fill*         0x00000000000263fb        0x1 
 .rodata        0x00000000000263fc       0x20 obj_cooja/mtype164.a(residual.o)
 .rodata        0x000000000002641c        0xe obj_cooja/mtype164.a(serial-line.o)
 *fill*         0x000000000002642a        0x2 
 .rodata        0x000000000002642c       0x2c obj_cooja/mtype164.a(sicslowpan.o)
                0x000000000002642c                unc_llconf
                0x0000000000026430                unc_ctxconf
                0x0000000000026434                unc_mxconf
                0x0000000000026438                llprefix
                0x000000000002644c                sicslowpan_driver
 .rodata        0x0000000000026458      0x13c obj_cooja/mtype164.a(uip6.o)
 .rodata        0x0000000000026594       0x49 obj_cooja/mtype164.a(tcpip.o)
 .rodata        0x00000000000265dd       0x3e obj_cooja/mtype164.a(uip-debug.o)
 *fill*         0x000000000002661b        0x1 
 .rodata        0x000000000002661c        0x4 obj_cooja/mtype164.a(rpl-dag.o)
 .rodata        0x0000000000026620       0x17 obj_cooja/mtype164.a(rpl-timers.o)
 *fill*         0x0000000000026637        0x1 
 .rodata        0x0000000000026638        0xc obj_cooja/mtype164.a(framer-802154.o)
                0x0000000000026638                framer_802154
 .rodata        0x0000000000026644       0x24 obj_cooja/mtype164.a(nullmac.o)
                0x000000000002664c                nullmac_driver
 *fill*         0x0000000000026668       0x18 
 .rodata        0x0000000000026680      0x2c0 obj_cooja/mtype164.a(cxmac.o)
                0x0000000000026920                cxmac_driver
 .rodata        0x0000000000026940        0x8 obj_cooja/mtype164.a(linkaddr.o)
                0x0000000000026940                linkaddr_null
 .rodata        0x0000000000026948       0x18 obj_cooja/mtype164.a(nullsec.o)
                0x0000000000026950                nullsec_driver

.rodata1
 *(.rodata1)

.eh_frame_hdr   0x0000000000026960     0x13b4
 *(.eh_frame_hdr)
 .eh_frame_hdr  0x0000000000026960     0x13b4 udp-server.co

.eh_frame       0x0000000000027d14     0x5014
 *(.eh_frame)
 .eh_frame      0x0000000000027d14       0x3c /usr/lib/gcc/i686-linux-gnu/4.8/../../../i386-linux-gnu/crti.o
                                         0x40 (size before relaxing)
 .eh_frame      0x0000000000027d50       0x68 udp-server.co
                                         0x80 (size before relaxing)
 .eh_frame      0x0000000000027db8      0x148 obj_cooja/mtype164.o
                                        0x160 (size before relaxing)
 .eh_frame      0x0000000000027f00       0x40 obj_cooja/mtype164.a(simEnvChange.o)
                                         0x58 (size before relaxing)
 .eh_frame      0x0000000000027f40       0xc0 obj_cooja/mtype164.a(cooja_mt.o)
                                         0xd8 (size before relaxing)
 .eh_frame      0x0000000000028000      0x120 obj_cooja/mtype164.a(cooja_mtarch.o)
                                        0x138 (size before relaxing)
 .eh_frame      0x0000000000028120       0xc0 obj_cooja/mtype164.a(rtimer-arch.o)
                                         0xd8 (size before relaxing)
 .eh_frame      0x00000000000281e0      0x160 obj_cooja/mtype164.a(beep.o)
                                        0x178 (size before relaxing)
 .eh_frame      0x0000000000028340       0xa0 obj_cooja/mtype164.a(button-sensor.o)
                                         0xb8 (size before relaxing)
 .eh_frame      0x00000000000283e0       0xa0 obj_cooja/mtype164.a(leds-arch.o)
                                         0xb8 (size before relaxing)
 .eh_frame      0x0000000000028480       0x40 obj_cooja/mtype164.a(moteid.o)
                                         0x58 (size before relaxing)
 .eh_frame      0x00000000000284c0       0xa0 obj_cooja/mtype164.a(pir-sensor.o)
                                         0xb8 (size before relaxing)
 .eh_frame      0x0000000000028560      0x100 obj_cooja/mtype164.a(rs232.o)
                                        0x118 (size before relaxing)
 .eh_frame      0x0000000000028660       0xa0 obj_cooja/mtype164.a(vib-sensor.o)
                                         0xb8 (size before relaxing)
 .eh_frame      0x0000000000028700       0xc0 obj_cooja/mtype164.a(clock.o)
                                         0xd8 (size before relaxing)
 .eh_frame      0x00000000000287c0      0x120 obj_cooja/mtype164.a(log.o)
                                        0x138 (size before relaxing)
 .eh_frame      0x00000000000288e0      0x160 obj_cooja/mtype164.a(cfs-cooja.o)
                                        0x178 (size before relaxing)
 .eh_frame      0x0000000000028a40      0x2e0 obj_cooja/mtype164.a(cooja-radio.o)
                                        0x2f8 (size before relaxing)
 .eh_frame      0x0000000000028d20       0xa0 obj_cooja/mtype164.a(eeprom.o)
                                         0xb8 (size before relaxing)
 .eh_frame      0x0000000000028dc0       0x40 obj_cooja/mtype164.a(random.o)
                                         0x58 (size before relaxing)
 .eh_frame      0x0000000000028e00       0xc0 obj_cooja/mtype164.a(sensors.o)
                                         0xd8 (size before relaxing)
 .eh_frame      0x0000000000028ec0      0x160 obj_cooja/mtype164.a(dual_conf.o)
                                        0x178 (size before relaxing)
 .eh_frame      0x0000000000029020       0x40 obj_cooja/mtype164.a(autostart.o)
                                         0x58 (size before relaxing)
 .eh_frame      0x0000000000029060      0x100 obj_cooja/mtype164.a(ctimer.o)
                                        0x118 (size before relaxing)
 .eh_frame      0x0000000000029160      0x1e0 obj_cooja/mtype164.a(etimer.o)
                                        0x1f8 (size before relaxing)
 .eh_frame      0x0000000000029340       0x40 obj_cooja/mtype164.a(log_message.o)
                                         0x58 (size before relaxing)
 .eh_frame      0x0000000000029380      0x1c8 obj_cooja/mtype164.a(process.o)
                                        0x1e0 (size before relaxing)
 .eh_frame      0x0000000000029548       0x2c obj_cooja/mtype164.a(residual.o)
                                         0x44 (size before relaxing)
 .eh_frame      0x0000000000029574       0x60 obj_cooja/mtype164.a(rtimer.o)
                                         0x78 (size before relaxing)
 .eh_frame      0x00000000000295d4       0xa4 obj_cooja/mtype164.a(timer.o)
                                         0xbc (size before relaxing)
 .eh_frame      0x0000000000029678       0x60 obj_cooja/mtype164.a(serial-line.o)
                                         0x78 (size before relaxing)
 .eh_frame      0x00000000000296d8      0x180 obj_cooja/mtype164.a(list.o)
                                        0x198 (size before relaxing)
 .eh_frame      0x0000000000029858       0xa0 obj_cooja/mtype164.a(ringbuf.o)
                                         0xb8 (size before relaxing)
 .eh_frame      0x00000000000298f8      0x350 obj_cooja/mtype164.a(sicslowpan.o)
                                        0x368 (size before relaxing)
 .eh_frame      0x0000000000029c48      0x180 obj_cooja/mtype164.a(uip-ds6-nbr.o)
                                        0x198 (size before relaxing)
 .eh_frame      0x0000000000029dc8      0x3c8 obj_cooja/mtype164.a(uip-ds6.o)
                                        0x3e0 (size before relaxing)
 .eh_frame      0x000000000002a190      0x27c obj_cooja/mtype164.a(uip6.o)
                                        0x294 (size before relaxing)
 .eh_frame      0x000000000002a40c      0x270 obj_cooja/mtype164.a(tcpip.o)
                                        0x288 (size before relaxing)
 .eh_frame      0x000000000002a67c       0x48 obj_cooja/mtype164.a(uip-debug.o)
                                         0x60 (size before relaxing)
 .eh_frame      0x000000000002a6c4       0xe0 obj_cooja/mtype164.a(uip-packetqueue)
                                         0xf8 (size before relaxing)
 .eh_frame      0x000000000002a7a4      0x76c obj_cooja/mtype164.a(rpl-dag.o)
                                        0x784 (size before relaxing)
 .eh_frame      0x000000000002af10      0x10c obj_cooja/mtype164.a(rpl-ext-header.)
                                        0x124 (size before relaxing)
 .eh_frame      0x000000000002b01c      0x2b8 obj_cooja/mtype164.a(rpl-icmp6.o)
                                        0x2d0 (size before relaxing)
 .eh_frame      0x000000000002b2d4       0xe0 obj_cooja/mtype164.a(rpl-ltmax.o)
                                         0xf8 (size before relaxing)
 .eh_frame      0x000000000002b3b4      0x26c obj_cooja/mtype164.a(rpl-timers.o)
                                        0x284 (size before relaxing)
 .eh_frame      0x000000000002b620      0x148 obj_cooja/mtype164.a(rpl.o)
                                        0x160 (size before relaxing)
 .eh_frame      0x000000000002b768      0x108 obj_cooja/mtype164.a(framer-802154.o)
                                        0x120 (size before relaxing)
 .eh_frame      0x000000000002b870       0xc0 obj_cooja/mtype164.a(nullmac.o)
                                         0xd8 (size before relaxing)
 .eh_frame      0x000000000002b930      0x2a0 obj_cooja/mtype164.a(cxmac.o)
                                        0x2b8 (size before relaxing)
 .eh_frame      0x000000000002bbd0       0x80 obj_cooja/mtype164.a(linkaddr.o)
                                         0x98 (size before relaxing)
 .eh_frame      0x000000000002bc50      0x2cc obj_cooja/mtype164.a(nbr-table.o)
                                        0x2e4 (size before relaxing)
 .eh_frame      0x000000000002bf1c       0x20 obj_cooja/mtype164.a(netstack.o)
                                         0x38 (size before relaxing)
 .eh_frame      0x000000000002bf3c      0x214 obj_cooja/mtype164.a(packetbuf.o)
                                        0x22c (size before relaxing)
 .eh_frame      0x000000000002c150      0x1a0 obj_cooja/mtype164.a(queuebuf.o)
                                        0x1b8 (size before relaxing)
 .eh_frame      0x000000000002c2f0       0x80 obj_cooja/mtype164.a(nullsec.o)
                                         0x98 (size before relaxing)
 .eh_frame      0x000000000002c370       0xa0 obj_cooja/mtype164.a(watchdog.o)
                                         0xb8 (size before relaxing)
 .eh_frame      0x000000000002c410      0x100 obj_cooja/mtype164.a(leds.o)
                                        0x118 (size before relaxing)
 .eh_frame      0x000000000002c510       0xc4 obj_cooja/mtype164.a(stimer.o)
                                         0xdc (size before relaxing)
 .eh_frame      0x000000000002c5d4       0xa0 obj_cooja/mtype164.a(memb.o)
                                         0xb8 (size before relaxing)
 .eh_frame      0x000000000002c674      0x2a0 obj_cooja/mtype164.a(uip-ds6-route.o)
                                        0x2b8 (size before relaxing)
 .eh_frame      0x000000000002c914      0x164 obj_cooja/mtype164.a(uip-icmp6.o)
                                        0x17c (size before relaxing)
 .eh_frame      0x000000000002ca78       0x68 obj_cooja/mtype164.a(uip-nd6.o)
                                         0x80 (size before relaxing)
 .eh_frame      0x000000000002cae0       0xc0 obj_cooja/mtype164.a(rpl-nbr-policy.)
                                         0xd8 (size before relaxing)
 .eh_frame      0x000000000002cba0      0x164 obj_cooja/mtype164.a(frame802154.o)
                                        0x17c (size before relaxing)
 .eh_frame      0x000000000002cd04       0x20 obj_cooja/mtype164.a(mac.o)
                                         0x38 (size before relaxing)
 .eh_frame      0x000000000002cd24        0x4 /usr/lib/gcc/i686-linux-gnu/4.8/crtendS.o

.gcc_except_table
 *(.gcc_except_table .gcc_except_table.*)

.exception_ranges
 *(.exception_ranges .exception_ranges*)
                0x000000000002cd28                . = (ALIGN (0x1000) - ((0x1000 - .) & 0xfff))
                0x000000000002def8                . = DATA_SEGMENT_ALIGN (0x1000, 0x1000)

.eh_frame
 *(.eh_frame)

.gcc_except_table
 *(.gcc_except_table .gcc_except_table.*)

.exception_ranges
 *(.exception_ranges .exception_ranges*)

.tdata
 *(.tdata .tdata.* .gnu.linkonce.td.*)

.tbss
 *(.tbss .tbss.* .gnu.linkonce.tb.*)
 *(.tcommon)

.preinit_array
 *(.preinit_array)

.init_array     0x000000000002def8        0x4
 *(SORT(.init_array.*) SORT(.ctors.*))
 *(.init_array EXCLUDE_FILE(*crtend?.o *crtend.o *crtbegin?.o *crtbegin.o) .ctors)
 .init_array    0x000000000002def8        0x4 /usr/lib/gcc/i686-linux-gnu/4.8/crtbeginS.o

.fini_array     0x000000000002defc        0x4
 *(SORT(.fini_array.*) SORT(.dtors.*))
 *(.fini_array EXCLUDE_FILE(*crtend?.o *crtend.o *crtbegin?.o *crtbegin.o) .dtors)
 .fini_array    0x000000000002defc        0x4 /usr/lib/gcc/i686-linux-gnu/4.8/crtbeginS.o

.ctors
 *crtbegin.o(.ctors)
 *crtbegin?.o(.ctors)
 *(EXCLUDE_FILE(*crtend?.o *crtend.o) .ctors)
 *(SORT(.ctors.*))
 *(.ctors)

.dtors
 *crtbegin.o(.dtors)
 *crtbegin?.o(.dtors)
 *(EXCLUDE_FILE(*crtend?.o *crtend.o) .dtors)
 *(SORT(.dtors.*))
 *(.dtors)

.jcr            0x000000000002df00        0x4
 *(.jcr)
 .jcr           0x000000000002df00        0x0 /usr/lib/gcc/i686-linux-gnu/4.8/crtbeginS.o
 .jcr           0x000000000002df00        0x4 /usr/lib/gcc/i686-linux-gnu/4.8/crtendS.o

.data.rel.ro
 *(.data.rel.ro.local* .gnu.linkonce.d.rel.ro.local.*)
 *(.data.rel.ro .data.rel.ro.* .gnu.linkonce.d.rel.ro.*)

.dynamic        0x000000000002df04       0xe8
 *(.dynamic)
 .dynamic       0x000000000002df04       0xe8 /usr/lib/gcc/i686-linux-gnu/4.8/../../../i386-linux-gnu/crti.o
                0x000000000002df04                _DYNAMIC

.got            0x000000000002dfec       0x14
 *(.got)
 .got           0x000000000002dfec       0x14 /usr/lib/gcc/i686-linux-gnu/4.8/../../../i386-linux-gnu/crti.o
 *(.igot)
                0x000000000002eff4                . = DATA_SEGMENT_RELRO_END (., (SIZEOF (.got.plt) >= 0xc)?0xc:0x0)

.got.plt        0x000000000002e000       0x14
 *(.got.plt)
 .got.plt       0x000000000002e000       0x14 /usr/lib/gcc/i686-linux-gnu/4.8/../../../i386-linux-gnu/crti.o
                0x000000000002e000                _GLOBAL_OFFSET_TABLE_
 *(.igot.plt)

.data           0x000000000002e020      0x26a
 *(.data .data.* .gnu.linkonce.d.*)
 .data          0x000000000002e020        0x0 /usr/lib/gcc/i686-linux-gnu/4.8/../../../i386-linux-gnu/crti.o
 .data          0x000000000002e020        0x0 /usr/lib/gcc/i686-linux-gnu/4.8/crtbeginS.o
 .data.rel      0x000000000002e020        0x4 /usr/lib/gcc/i686-linux-gnu/4.8/crtbeginS.o
                0x000000000002e020                __dso_handle
 .data          0x000000000002e024       0x10 udp-server.co
                0x000000000002e024                udp_server_process
 *fill*         0x000000000002e034        0xc 
 .data          0x000000000002e040       0x44 obj_cooja/mtype164.o
                0x000000000002e040                simInterfaces
                0x000000000002e074                sensors
 .data          0x000000000002e084        0x0 obj_cooja/mtype164.a(simEnvChange.o)
 .data          0x000000000002e084        0x0 obj_cooja/mtype164.a(cooja_mt.o)
 .data          0x000000000002e084        0x0 obj_cooja/mtype164.a(cooja_mtarch.o)
 .data          0x000000000002e084        0x0 obj_cooja/mtype164.a(rtimer-arch.o)
 .data          0x000000000002e084        0x0 obj_cooja/mtype164.a(beep.o)
 .data          0x000000000002e084        0x0 obj_cooja/mtype164.a(button-sensor.o)
 .data          0x000000000002e084        0x0 obj_cooja/mtype164.a(leds-arch.o)
 .data          0x000000000002e084        0x0 obj_cooja/mtype164.a(moteid.o)
 .data          0x000000000002e084        0x0 obj_cooja/mtype164.a(pir-sensor.o)
 .data          0x000000000002e084        0x0 obj_cooja/mtype164.a(rs232.o)
 .data          0x000000000002e084        0x0 obj_cooja/mtype164.a(vib-sensor.o)
 .data          0x000000000002e084        0x0 obj_cooja/mtype164.a(clock.o)
 .data          0x000000000002e084        0x0 obj_cooja/mtype164.a(log.o)
 .data          0x000000000002e084        0x0 obj_cooja/mtype164.a(cfs-cooja.o)
 .data          0x000000000002e084       0x40 obj_cooja/mtype164.a(cooja-radio.o)
                0x000000000002e084                simRadioChannelLR
                0x000000000002e088                simRadioHWOnLR
                0x000000000002e08c                simSignalStrengthLR
                0x000000000002e090                simLastSignalStrengthLR
                0x000000000002e094                simPowerLR
                0x000000000002e098                simLQILR
                0x000000000002e09c                simRadioChannel
                0x000000000002e0a0                simRadioHWOn
                0x000000000002e0a4                simSignalStrength
                0x000000000002e0a8                simLastSignalStrength
                0x000000000002e0ac                simPower
                0x000000000002e0b0                simLQI
                0x000000000002e0b4                cooja_radio_process
 .data          0x000000000002e0c4        0x0 obj_cooja/mtype164.a(eeprom.o)
 .data          0x000000000002e0c4        0x0 obj_cooja/mtype164.a(random.o)
 .data          0x000000000002e0c4       0x10 obj_cooja/mtype164.a(sensors.o)
                0x000000000002e0c4                sensors_process
 .data          0x000000000002e0d4       0x28 obj_cooja/mtype164.a(dual_conf.o)
                0x000000000002e0d4                radio_received
                0x000000000002e0d8                dual_dio_broadcast
                0x000000000002e0e8                dual_dis_broadcast
 .data          0x000000000002e0fc        0x0 obj_cooja/mtype164.a(autostart.o)
 .data          0x000000000002e0fc       0x14 obj_cooja/mtype164.a(ctimer.o)
                0x000000000002e100                ctimer_process
 .data          0x000000000002e110       0x10 obj_cooja/mtype164.a(etimer.o)
                0x000000000002e110                etimer_process
 .data          0x000000000002e120        0x0 obj_cooja/mtype164.a(log_message.o)
 .data          0x000000000002e120        0x0 obj_cooja/mtype164.a(process.o)
 .data          0x000000000002e120        0x0 obj_cooja/mtype164.a(residual.o)
 .data          0x000000000002e120        0x0 obj_cooja/mtype164.a(rtimer.o)
 .data          0x000000000002e120        0x0 obj_cooja/mtype164.a(timer.o)
 .data          0x000000000002e120       0x10 obj_cooja/mtype164.a(serial-line.o)
                0x000000000002e120                serial_line_process
 .data          0x000000000002e130        0x0 obj_cooja/mtype164.a(list.o)
 .data          0x000000000002e130        0x0 obj_cooja/mtype164.a(ringbuf.o)
 .data          0x000000000002e130        0x0 obj_cooja/mtype164.a(sicslowpan.o)
 .data          0x000000000002e130       0x14 obj_cooja/mtype164.a(uip-ds6-nbr.o)
                0x000000000002e140                ds6_neighbors
 .data          0x000000000002e144        0x0 obj_cooja/mtype164.a(uip-ds6.o)
 .data          0x000000000002e144        0x0 obj_cooja/mtype164.a(uip6.o)
 .data          0x000000000002e144       0x10 obj_cooja/mtype164.a(tcpip.o)
                0x000000000002e144                tcpip_process
 .data          0x000000000002e154        0x0 obj_cooja/mtype164.a(uip-debug.o)
 .data          0x000000000002e154        0xc obj_cooja/mtype164.a(uip-packetqueue)
 .data          0x000000000002e160       0x28 obj_cooja/mtype164.a(rpl-dag.o)
                0x000000000002e170                rpl_parents
                0x000000000002e184                rpl_children
 .data          0x000000000002e188        0x0 obj_cooja/mtype164.a(rpl-ext-header.)
 .data          0x000000000002e188       0x34 obj_cooja/mtype164.a(rpl-icmp6.o)
 .data          0x000000000002e1bc       0x1c obj_cooja/mtype164.a(rpl-ltmax.o)
                0x000000000002e1bc                rpl_ltmax_of
 .data          0x000000000002e1d8        0x0 obj_cooja/mtype164.a(rpl-timers.o)
 .data          0x000000000002e1d8        0x0 obj_cooja/mtype164.a(rpl.o)
 .data          0x000000000002e1d8        0x0 obj_cooja/mtype164.a(framer-802154.o)
 .data          0x000000000002e1d8        0x0 obj_cooja/mtype164.a(nullmac.o)
 .data          0x000000000002e1d8       0x20 obj_cooja/mtype164.a(cxmac.o)
                0x000000000002e1d8                cxmac_config
 .data          0x000000000002e1f8        0x0 obj_cooja/mtype164.a(linkaddr.o)
 .data          0x000000000002e1f8       0x10 obj_cooja/mtype164.a(nbr-table.o)
 .data          0x000000000002e208        0x0 obj_cooja/mtype164.a(netstack.o)
 .data          0x000000000002e208        0x4 obj_cooja/mtype164.a(packetbuf.o)
 .data          0x000000000002e20c       0x18 obj_cooja/mtype164.a(queuebuf.o)
 .data          0x000000000002e224        0x0 obj_cooja/mtype164.a(nullsec.o)
 .data          0x000000000002e224        0x0 obj_cooja/mtype164.a(watchdog.o)
 .data          0x000000000002e224        0x0 obj_cooja/mtype164.a(rimestats.o)
 .data          0x000000000002e224        0x0 obj_cooja/mtype164.a(leds.o)
 .data          0x000000000002e224        0x0 obj_cooja/mtype164.a(stimer.o)
 .data          0x000000000002e224        0x0 obj_cooja/mtype164.a(memb.o)
 .data          0x000000000002e224       0x44 obj_cooja/mtype164.a(uip-ds6-route.o)
                0x000000000002e234                nbr_routes
 .data          0x000000000002e268       0x20 obj_cooja/mtype164.a(uip-icmp6.o)
 .data          0x000000000002e288        0x0 obj_cooja/mtype164.a(uip-nd6.o)
 .data          0x000000000002e288        0x0 obj_cooja/mtype164.a(rpl-nbr-policy.)
 .data          0x000000000002e288        0x2 obj_cooja/mtype164.a(frame802154.o)
 .data          0x000000000002e28a        0x0 obj_cooja/mtype164.a(mac.o)
 .data          0x000000000002e28a        0x0 /usr/lib/gcc/i686-linux-gnu/4.8/crtendS.o
 .data          0x000000000002e28a        0x0 /usr/lib/gcc/i686-linux-gnu/4.8/../../../i386-linux-gnu/crtn.o

.tm_clone_table
                0x000000000002e28c        0x0
 .tm_clone_table
                0x000000000002e28c        0x0 /usr/lib/gcc/i686-linux-gnu/4.8/crtbeginS.o
 .tm_clone_table
                0x000000000002e28c        0x0 /usr/lib/gcc/i686-linux-gnu/4.8/crtendS.o

.data1
 *(.data1)
                0x000000000002e28c                _edata = .
                0x000000000002e28c                PROVIDE (edata, .)
                0x000000000002e28c                . = .
                0x000000000002e28c                __bss_start = .

.bss            0x000000000002e2a0     0x82c8
 *(.dynbss)
 .dynbss        0x0000000000000000        0x0 /usr/lib/gcc/i686-linux-gnu/4.8/../../../i386-linux-gnu/crti.o
 *(.bss .bss.* .gnu.linkonce.b.*)
 .bss           0x000000000002e2a0        0x0 /usr/lib/gcc/i686-linux-gnu/4.8/../../../i386-linux-gnu/crti.o
 .bss           0x000000000002e2a0        0x1 /usr/lib/gcc/i686-linux-gnu/4.8/crtbeginS.o
 *fill*         0x000000000002e2a1        0x3 
 .bss           0x000000000002e2a4        0x8 udp-server.co
                0x000000000002e2a4                my_weight
 *fill*         0x000000000002e2ac       0x14 
 .bss           0x000000000002e2c0     0x2030 obj_cooja/mtype164.o
 .bss           0x00000000000302f0        0x1 obj_cooja/mtype164.a(simEnvChange.o)
                0x00000000000302f0                simDontFallAsleep
 *fill*         0x00000000000302f1        0x3 
 .bss           0x00000000000302f4        0x4 obj_cooja/mtype164.a(cooja_mt.o)
 .bss           0x00000000000302f8        0x4 obj_cooja/mtype164.a(cooja_mtarch.o)
 .bss           0x00000000000302fc        0xc obj_cooja/mtype164.a(rtimer-arch.o)
 .bss           0x0000000000030308        0x0 obj_cooja/mtype164.a(beep.o)
 .bss           0x0000000000030308        0x8 obj_cooja/mtype164.a(button-sensor.o)
 .bss           0x0000000000030310        0x0 obj_cooja/mtype164.a(leds-arch.o)
 .bss           0x0000000000030310        0x0 obj_cooja/mtype164.a(moteid.o)
 .bss           0x0000000000030310        0x1 obj_cooja/mtype164.a(pir-sensor.o)
                0x0000000000030310                simPirValue
 *fill*         0x0000000000030311        0x3 
 .bss           0x0000000000030314        0x4 obj_cooja/mtype164.a(rs232.o)
 .bss           0x0000000000030318        0x1 obj_cooja/mtype164.a(vib-sensor.o)
                0x0000000000030318                simVibValue
 .bss           0x0000000000030319        0x0 obj_cooja/mtype164.a(clock.o)
 *fill*         0x0000000000030319        0x7 
 .bss           0x0000000000030320      0x420 obj_cooja/mtype164.a(log.o)
 .bss           0x0000000000030740      0xfc0 obj_cooja/mtype164.a(cfs-cooja.o)
                0x0000000000030740                simCFSData
                0x00000000000316e0                simCFSSize
                0x00000000000316e4                simCFSChanged
                0x00000000000316e8                simCFSRead
                0x00000000000316ec                simCFSWritten
 .bss           0x0000000000031700       0x24 obj_cooja/mtype164.a(cooja-radio.o)
                0x0000000000031700                simReceivingLR
                0x0000000000031704                simInSizeLR
                0x0000000000031708                simOutSizeLR
                0x000000000003170c                simReceiving
                0x0000000000031710                simInSize
                0x0000000000031714                simOutSize
                0x0000000000031718                LongRangeTransmit
                0x000000000003171c                LongRangeReceiving
 .bss           0x0000000000031724        0xc obj_cooja/mtype164.a(eeprom.o)
                0x0000000000031724                simEEPROMChanged
                0x0000000000031728                simEEPROMRead
                0x000000000003172c                simEEPROMWritten
 .bss           0x0000000000031730        0x0 obj_cooja/mtype164.a(random.o)
 .bss           0x0000000000031730        0xc obj_cooja/mtype164.a(sensors.o)
 .bss           0x000000000003173c       0x28 obj_cooja/mtype164.a(dual_conf.o)
                0x000000000003173c                long_range_radio
 .bss           0x0000000000031764        0x0 obj_cooja/mtype164.a(autostart.o)
 .bss           0x0000000000031764        0x5 obj_cooja/mtype164.a(ctimer.o)
 *fill*         0x0000000000031769        0x3 
 .bss           0x000000000003176c        0x8 obj_cooja/mtype164.a(etimer.o)
 .bss           0x0000000000031774        0x0 obj_cooja/mtype164.a(log_message.o)
 *fill*         0x0000000000031774        0xc 
 .bss           0x0000000000031780      0x1b1 obj_cooja/mtype164.a(process.o)
                0x0000000000031780                process_list
                0x0000000000031784                process_current
 .bss           0x0000000000031931        0x0 obj_cooja/mtype164.a(residual.o)
 *fill*         0x0000000000031931        0x3 
 .bss           0x0000000000031934        0x4 obj_cooja/mtype164.a(rtimer.o)
 .bss           0x0000000000031938        0x0 obj_cooja/mtype164.a(timer.o)
 *fill*         0x0000000000031938        0x8 
 .bss           0x0000000000031940      0x140 obj_cooja/mtype164.a(serial-line.o)
 .bss           0x0000000000031a80        0x0 obj_cooja/mtype164.a(list.o)
 .bss           0x0000000000031a80        0x0 obj_cooja/mtype164.a(ringbuf.o)
 .bss           0x0000000000031a80      0x70c obj_cooja/mtype164.a(sicslowpan.o)
 *fill*         0x000000000003218c       0x14 
 .bss           0x00000000000321a0       0xc0 obj_cooja/mtype164.a(uip-ds6-nbr.o)
 .bss           0x0000000000032260       0x30 obj_cooja/mtype164.a(uip-ds6.o)
 .bss           0x0000000000032290        0xe obj_cooja/mtype164.a(uip6.o)
                0x0000000000032290                uip_ext_bitmap
                0x0000000000032291                uip_ext_len
                0x0000000000032292                uip_ext_opt_offset
 *fill*         0x000000000003229e        0x2 
 .bss           0x00000000000322a0       0x6b obj_cooja/mtype164.a(tcpip.o)
 .bss           0x000000000003230b        0x0 obj_cooja/mtype164.a(uip-debug.o)
 *fill*         0x000000000003230b       0x15 
 .bss           0x0000000000032320      0xcf8 obj_cooja/mtype164.a(uip-packetqueue)
 *fill*         0x0000000000033018        0x8 
 .bss           0x0000000000033020       0x88 obj_cooja/mtype164.a(rpl-dag.o)
 .bss           0x00000000000330a8        0x0 obj_cooja/mtype164.a(rpl-ext-header.)
 .bss           0x00000000000330a8        0x0 obj_cooja/mtype164.a(rpl-icmp6.o)
 .bss           0x00000000000330a8        0x0 obj_cooja/mtype164.a(rpl-ltmax.o)
 *fill*         0x00000000000330a8       0x18 
 .bss           0x00000000000330c0       0x60 obj_cooja/mtype164.a(rpl-timers.o)
 .bss           0x0000000000033120        0x4 obj_cooja/mtype164.a(rpl.o)
 .bss           0x0000000000033124        0x2 obj_cooja/mtype164.a(framer-802154.o)
 .bss           0x0000000000033126        0x0 obj_cooja/mtype164.a(nullmac.o)
 *fill*         0x0000000000033126       0x1a 
 .bss           0x0000000000033140       0xa0 obj_cooja/mtype164.a(cxmac.o)
 .bss           0x00000000000331e0        0x0 obj_cooja/mtype164.a(linkaddr.o)
 .bss           0x00000000000331e0       0xc4 obj_cooja/mtype164.a(nbr-table.o)
 .bss           0x00000000000332a4        0x0 obj_cooja/mtype164.a(netstack.o)
 *fill*         0x00000000000332a4       0x1c 
 .bss           0x00000000000332c0       0xa0 obj_cooja/mtype164.a(packetbuf.o)
 .bss           0x0000000000033360      0xb80 obj_cooja/mtype164.a(queuebuf.o)
 .bss           0x0000000000033ee0        0x0 obj_cooja/mtype164.a(nullsec.o)
 .bss           0x0000000000033ee0        0x0 obj_cooja/mtype164.a(watchdog.o)
 .bss           0x0000000000033ee0        0x0 obj_cooja/mtype164.a(rimestats.o)
 .bss           0x0000000000033ee0        0x1 obj_cooja/mtype164.a(leds.o)
 .bss           0x0000000000033ee1        0x0 obj_cooja/mtype164.a(stimer.o)
 .bss           0x0000000000033ee1        0x0 obj_cooja/mtype164.a(memb.o)
 *fill*         0x0000000000033ee1       0x1f 
 .bss           0x0000000000033f00      0x4a8 obj_cooja/mtype164.a(uip-ds6-route.o)
 .bss           0x00000000000343a8       0x18 obj_cooja/mtype164.a(uip-icmp6.o)
 .bss           0x00000000000343c0        0x0 obj_cooja/mtype164.a(uip-nd6.o)
 .bss           0x00000000000343c0       0x44 obj_cooja/mtype164.a(rpl-nbr-policy.)
 .bss           0x0000000000034404        0x0 obj_cooja/mtype164.a(frame802154.o)
 .bss           0x0000000000034404        0x0 obj_cooja/mtype164.a(mac.o)
 .bss           0x0000000000034404        0x0 /usr/lib/gcc/i686-linux-gnu/4.8/crtendS.o
 .bss           0x0000000000034404        0x0 /usr/lib/gcc/i686-linux-gnu/4.8/../../../i386-linux-gnu/crtn.o
 *(COMMON)
 COMMON         0x0000000000034404        0x4 udp-server.co
                0x0000000000034404                my_sink_reachability
                0x0000000000034405                long_duty_on
                0x0000000000034406                my_parent_number
                0x0000000000034407                short_duty_on
 COMMON         0x0000000000034408       0x4c obj_cooja/mtype164.o
                0x0000000000034408                dio_count
                0x000000000003440c                dis_count
                0x0000000000034410                collision_count
                0x0000000000034414                transmission_count
                0x0000000000034418                COOJA_radioRxLong
                0x000000000003441c                control_message_count
                0x0000000000034420                dao_count
                0x0000000000034424                COOJA_radioTx
                0x0000000000034428                referenceVar
                0x000000000003442c                data_relay_count
                0x0000000000034430                data_message_count
                0x0000000000034434                COOJA_radioTxLong
                0x0000000000034438                COOJA_radioRx
                0x000000000003443c                debugfp
                0x0000000000034440                COOJA_radioOn
                0x0000000000034444                COOJA_duration
                0x0000000000034448                dio_ack_count
                0x000000000003444c                COOJA_radioOnLong
                0x0000000000034450                sensors_flags
 COMMON         0x0000000000034454        0xc obj_cooja/mtype164.a(simEnvChange.o)
                0x0000000000034454                simEtimerPending
                0x0000000000034458                simProcessRunValue
                0x000000000003445c                simNextExpirationTime
 COMMON         0x0000000000034460        0x1 obj_cooja/mtype164.a(beep.o)
                0x0000000000034460                simBeeped
 COMMON         0x0000000000034461        0x3 obj_cooja/mtype164.a(button-sensor.o)
                0x0000000000034461                simButtonIsActive
                0x0000000000034462                simButtonIsDown
                0x0000000000034463                simButtonChanged
 COMMON         0x0000000000034464        0x1 obj_cooja/mtype164.a(leds-arch.o)
                0x0000000000034464                simLedsValue
 *fill*         0x0000000000034465        0x3 
 COMMON         0x0000000000034468        0xc obj_cooja/mtype164.a(moteid.o)
                0x0000000000034468                simRandomSeed
                0x000000000003446c                simMoteIDChanged
                0x0000000000034470                simMoteID
 COMMON         0x0000000000034474        0x2 obj_cooja/mtype164.a(pir-sensor.o)
                0x0000000000034474                simPirIsActive
                0x0000000000034475                simPirChanged
 *fill*         0x0000000000034476        0xa 
 COMMON         0x0000000000034480      0x820 obj_cooja/mtype164.a(rs232.o)
                0x0000000000034480                simSerialReceivingFlag
                0x0000000000034484                simSerialReceivingLength
                0x00000000000344a0                simSerialReceivingData
 COMMON         0x0000000000034ca0        0x2 obj_cooja/mtype164.a(vib-sensor.o)
                0x0000000000034ca0                simVibChanged
                0x0000000000034ca1                simVibIsActive
 *fill*         0x0000000000034ca2        0x2 
 COMMON         0x0000000000034ca4        0x4 obj_cooja/mtype164.a(clock.o)
                0x0000000000034ca4                simCurrentTime
 *fill*         0x0000000000034ca8       0x18 
 COMMON         0x0000000000034cc0      0x420 obj_cooja/mtype164.a(log.o)
                0x0000000000034cc0                simLoggedLength
                0x0000000000034cc4                simLoggedFlag
                0x0000000000034ce0                simLoggedData
 COMMON         0x00000000000350e0      0x240 obj_cooja/mtype164.a(cooja-radio.o)
                0x00000000000350e0                simOutDataBuffer
                0x0000000000035160                simRadioTarget
                0x0000000000035180                simInDataBufferLR
                0x0000000000035200                simOutDataBufferLR
                0x0000000000035280                dual_duty_cycle_count
                0x00000000000352a0                simInDataBuffer
 COMMON         0x0000000000035320      0x400 obj_cooja/mtype164.a(eeprom.o)
                0x0000000000035320                simEEPROMData
 COMMON         0x0000000000035720        0x1 obj_cooja/mtype164.a(sensors.o)
                0x0000000000035720                sensors_event
 *fill*         0x0000000000035721        0x3 
 COMMON         0x0000000000035724        0x4 obj_cooja/mtype164.a(log_message.o)
                0x0000000000035724                log_fp
 COMMON         0x0000000000035728        0x1 obj_cooja/mtype164.a(serial-line.o)
                0x0000000000035728                serial_line_event_message
 *fill*         0x0000000000035729       0x17 
 COMMON         0x0000000000035740       0x50 obj_cooja/mtype164.a(uip-ds6-nbr.o)
                0x0000000000035740                ds6_lr_addrmap
 *fill*         0x0000000000035790       0x10 
 COMMON         0x00000000000357a0      0x298 obj_cooja/mtype164.a(uip-ds6.o)
                0x00000000000357a0                uip_ds6_prefix_list
                0x0000000000035800                uip_ds6_timer_periodic
                0x0000000000035810                uip_ds6_netif_addr_list_offset
                0x0000000000035820                uip_ds6_if
                0x0000000000035918                uip_ds6_timer_ra
                0x0000000000035920                uip_ds6_addr_size
                0x0000000000035940                long_uip_ds6_if
 *fill*         0x0000000000035a38        0x8 
 COMMON         0x0000000000035a40      0x8ec obj_cooja/mtype164.a(uip6.o)
                0x0000000000035a40                uip_slen
                0x0000000000035a42                uip_acc32
                0x0000000000035a60                uip_conns
                0x0000000000035b20                uip_lladdr
                0x0000000000035b28                uip_appdata
                0x0000000000035b2c                uip_flags
                0x0000000000035b40                uip_aligned_buf
                0x0000000000036180                uip_listenports
                0x0000000000036190                uip_len
                0x0000000000036192                uip_long_lladdr
                0x000000000003619c                uip_sappdata
                0x00000000000361a0                uip_udp_conns
                0x0000000000036320                uip_udp_conn
                0x0000000000036324                uip_next_hdr
                0x0000000000036328                uip_conn
 COMMON         0x000000000003632c        0x1 obj_cooja/mtype164.a(tcpip.o)
                0x000000000003632c                tcpip_event
 *fill*         0x000000000003632d       0x13 
 COMMON         0x0000000000036340      0x198 obj_cooja/mtype164.a(rpl-dag.o)
                0x0000000000036340                default_instance
                0x0000000000036360                instance_table
 COMMON         0x00000000000364d8       0x10 obj_cooja/mtype164.a(linkaddr.o)
                0x00000000000364d8                linkaddr_node_addr
                0x00000000000364e0                long_linkaddr_node_addr
 COMMON         0x00000000000364e8       0x2e obj_cooja/mtype164.a(packetbuf.o)
                0x00000000000364e8                packetbuf_attrs
                0x0000000000036506                packetbuf_addrs
 *fill*         0x0000000000036516        0xa 
 COMMON         0x0000000000036520       0x48 obj_cooja/mtype164.a(rimestats.o)
                0x0000000000036520                rimestats
                0x0000000000036568                . = ALIGN ((. != 0x0)?0x4:0x1)
                0x0000000000036568                . = ALIGN (0x4)
                0x0000000000036568                . = SEGMENT_START ("ldata-segment", .)
                0x0000000000036568                . = ALIGN (0x4)
                0x0000000000036568                _end = .
                0x0000000000036568                PROVIDE (end, .)
                0x0000000000036568                . = DATA_SEGMENT_END (.)

.stab
 *(.stab)

.stabstr
 *(.stabstr)

.stab.excl
 *(.stab.excl)

.stab.exclstr
 *(.stab.exclstr)

.stab.index
 *(.stab.index)

.stab.indexstr
 *(.stab.indexstr)

.comment        0x0000000000000000       0x29
 *(.comment)
 .comment       0x0000000000000000       0x29 /usr/lib/gcc/i686-linux-gnu/4.8/crtbeginS.o
                                         0x2a (size before relaxing)
 .comment       0x0000000000000000       0x2a udp-server.co
 .comment       0x0000000000000000       0x2a obj_cooja/mtype164.o
 .comment       0x0000000000000000       0x2a obj_cooja/mtype164.a(simEnvChange.o)
 .comment       0x0000000000000000       0x2a obj_cooja/mtype164.a(cooja_mt.o)
 .comment       0x0000000000000000       0x2a obj_cooja/mtype164.a(cooja_mtarch.o)
 .comment       0x0000000000000000       0x2a obj_cooja/mtype164.a(rtimer-arch.o)
 .comment       0x0000000000000000       0x2a obj_cooja/mtype164.a(beep.o)
 .comment       0x0000000000000000       0x2a obj_cooja/mtype164.a(button-sensor.o)
 .comment       0x0000000000000000       0x2a obj_cooja/mtype164.a(leds-arch.o)
 .comment       0x0000000000000000       0x2a obj_cooja/mtype164.a(moteid.o)
 .comment       0x0000000000000000       0x2a obj_cooja/mtype164.a(pir-sensor.o)
 .comment       0x0000000000000000       0x2a obj_cooja/mtype164.a(rs232.o)
 .comment       0x0000000000000000       0x2a obj_cooja/mtype164.a(vib-sensor.o)
 .comment       0x0000000000000000       0x2a obj_cooja/mtype164.a(clock.o)
 .comment       0x0000000000000000       0x2a obj_cooja/mtype164.a(log.o)
 .comment       0x0000000000000000       0x2a obj_cooja/mtype164.a(cfs-cooja.o)
 .comment       0x0000000000000000       0x2a obj_cooja/mtype164.a(cooja-radio.o)
 .comment       0x0000000000000000       0x2a obj_cooja/mtype164.a(eeprom.o)
 .comment       0x0000000000000000       0x2a obj_cooja/mtype164.a(random.o)
 .comment       0x0000000000000000       0x2a obj_cooja/mtype164.a(sensors.o)
 .comment       0x0000000000000000       0x2a obj_cooja/mtype164.a(dual_conf.o)
 .comment       0x0000000000000000       0x2a obj_cooja/mtype164.a(autostart.o)
 .comment       0x0000000000000000       0x2a obj_cooja/mtype164.a(ctimer.o)
 .comment       0x0000000000000000       0x2a obj_cooja/mtype164.a(etimer.o)
 .comment       0x0000000000000000       0x2a obj_cooja/mtype164.a(log_message.o)
 .comment       0x0000000000000000       0x2a obj_cooja/mtype164.a(process.o)
 .comment       0x0000000000000000       0x2a obj_cooja/mtype164.a(residual.o)
 .comment       0x0000000000000000       0x2a obj_cooja/mtype164.a(rtimer.o)
 .comment       0x0000000000000000       0x2a obj_cooja/mtype164.a(timer.o)
 .comment       0x0000000000000000       0x2a obj_cooja/mtype164.a(serial-line.o)
 .comment       0x0000000000000000       0x2a obj_cooja/mtype164.a(list.o)
 .comment       0x0000000000000000       0x2a obj_cooja/mtype164.a(ringbuf.o)
 .comment       0x0000000000000000       0x2a obj_cooja/mtype164.a(sicslowpan.o)
 .comment       0x0000000000000000       0x2a obj_cooja/mtype164.a(uip-ds6-nbr.o)
 .comment       0x0000000000000000       0x2a obj_cooja/mtype164.a(uip-ds6.o)
 .comment       0x0000000000000000       0x2a obj_cooja/mtype164.a(uip6.o)
 .comment       0x0000000000000000       0x2a obj_cooja/mtype164.a(tcpip.o)
 .comment       0x0000000000000000       0x2a obj_cooja/mtype164.a(uip-debug.o)
 .comment       0x0000000000000000       0x2a obj_cooja/mtype164.a(uip-packetqueue)
 .comment       0x0000000000000000       0x2a obj_cooja/mtype164.a(rpl-dag.o)
 .comment       0x0000000000000000       0x2a obj_cooja/mtype164.a(rpl-ext-header.)
 .comment       0x0000000000000000       0x2a obj_cooja/mtype164.a(rpl-icmp6.o)
 .comment       0x0000000000000000       0x2a obj_cooja/mtype164.a(rpl-ltmax.o)
 .comment       0x0000000000000000       0x2a obj_cooja/mtype164.a(rpl-timers.o)
 .comment       0x0000000000000000       0x2a obj_cooja/mtype164.a(rpl.o)
 .comment       0x0000000000000000       0x2a obj_cooja/mtype164.a(framer-802154.o)
 .comment       0x0000000000000000       0x2a obj_cooja/mtype164.a(nullmac.o)
 .comment       0x0000000000000000       0x2a obj_cooja/mtype164.a(cxmac.o)
 .comment       0x0000000000000000       0x2a obj_cooja/mtype164.a(linkaddr.o)
 .comment       0x0000000000000000       0x2a obj_cooja/mtype164.a(nbr-table.o)
 .comment       0x0000000000000000       0x2a obj_cooja/mtype164.a(netstack.o)
 .comment       0x0000000000000000       0x2a obj_cooja/mtype164.a(packetbuf.o)
 .comment       0x0000000000000000       0x2a obj_cooja/mtype164.a(queuebuf.o)
 .comment       0x0000000000000000       0x2a obj_cooja/mtype164.a(nullsec.o)
 .comment       0x0000000000000000       0x2a obj_cooja/mtype164.a(watchdog.o)
 .comment       0x0000000000000000       0x2a obj_cooja/mtype164.a(rimestats.o)
 .comment       0x0000000000000000       0x2a obj_cooja/mtype164.a(leds.o)
 .comment       0x0000000000000000       0x2a obj_cooja/mtype164.a(stimer.o)
 .comment       0x0000000000000000       0x2a obj_cooja/mtype164.a(memb.o)
 .comment       0x0000000000000000       0x2a obj_cooja/mtype164.a(uip-ds6-route.o)
 .comment       0x0000000000000000       0x2a obj_cooja/mtype164.a(uip-icmp6.o)
 .comment       0x0000000000000000       0x2a obj_cooja/mtype164.a(uip-nd6.o)
 .comment       0x0000000000000000       0x2a obj_cooja/mtype164.a(rpl-nbr-policy.)
 .comment       0x0000000000000000       0x2a obj_cooja/mtype164.a(frame802154.o)
 .comment       0x0000000000000000       0x2a obj_cooja/mtype164.a(mac.o)
 .comment       0x0000000000000000       0x2a /usr/lib/gcc/i686-linux-gnu/4.8/crtendS.o

.debug
 *(.debug)

.line
 *(.line)

.debug_srcinfo
 *(.debug_srcinfo)

.debug_sfnames
 *(.debug_sfnames)

.debug_aranges  0x0000000000000000      0x818
 *(.debug_aranges)
 .debug_aranges
                0x0000000000000000       0x20 udp-server.co
 .debug_aranges
                0x0000000000000020       0x20 obj_cooja/mtype164.o
 .debug_aranges
                0x0000000000000040       0x20 obj_cooja/mtype164.a(simEnvChange.o)
 .debug_aranges
                0x0000000000000060       0x20 obj_cooja/mtype164.a(cooja_mt.o)
 .debug_aranges
                0x0000000000000080       0x20 obj_cooja/mtype164.a(cooja_mtarch.o)
 .debug_aranges
                0x00000000000000a0       0x20 obj_cooja/mtype164.a(rtimer-arch.o)
 .debug_aranges
                0x00000000000000c0       0x20 obj_cooja/mtype164.a(beep.o)
 .debug_aranges
                0x00000000000000e0       0x20 obj_cooja/mtype164.a(button-sensor.o)
 .debug_aranges
                0x0000000000000100       0x20 obj_cooja/mtype164.a(leds-arch.o)
 .debug_aranges
                0x0000000000000120       0x20 obj_cooja/mtype164.a(moteid.o)
 .debug_aranges
                0x0000000000000140       0x20 obj_cooja/mtype164.a(pir-sensor.o)
 .debug_aranges
                0x0000000000000160       0x20 obj_cooja/mtype164.a(rs232.o)
 .debug_aranges
                0x0000000000000180       0x20 obj_cooja/mtype164.a(vib-sensor.o)
 .debug_aranges
                0x00000000000001a0       0x20 obj_cooja/mtype164.a(clock.o)
 .debug_aranges
                0x00000000000001c0       0x20 obj_cooja/mtype164.a(log.o)
 .debug_aranges
                0x00000000000001e0       0x20 obj_cooja/mtype164.a(cfs-cooja.o)
 .debug_aranges
                0x0000000000000200       0x20 obj_cooja/mtype164.a(cooja-radio.o)
 .debug_aranges
                0x0000000000000220       0x20 obj_cooja/mtype164.a(eeprom.o)
 .debug_aranges
                0x0000000000000240       0x20 obj_cooja/mtype164.a(random.o)
 .debug_aranges
                0x0000000000000260       0x20 obj_cooja/mtype164.a(sensors.o)
 .debug_aranges
                0x0000000000000280       0x20 obj_cooja/mtype164.a(dual_conf.o)
 .debug_aranges
                0x00000000000002a0       0x20 obj_cooja/mtype164.a(autostart.o)
 .debug_aranges
                0x00000000000002c0       0x20 obj_cooja/mtype164.a(ctimer.o)
 .debug_aranges
                0x00000000000002e0       0x20 obj_cooja/mtype164.a(etimer.o)
 .debug_aranges
                0x0000000000000300       0x20 obj_cooja/mtype164.a(log_message.o)
 .debug_aranges
                0x0000000000000320       0x20 obj_cooja/mtype164.a(process.o)
 .debug_aranges
                0x0000000000000340       0x20 obj_cooja/mtype164.a(residual.o)
 .debug_aranges
                0x0000000000000360       0x20 obj_cooja/mtype164.a(rtimer.o)
 .debug_aranges
                0x0000000000000380       0x20 obj_cooja/mtype164.a(timer.o)
 .debug_aranges
                0x00000000000003a0       0x20 obj_cooja/mtype164.a(serial-line.o)
 .debug_aranges
                0x00000000000003c0       0x20 obj_cooja/mtype164.a(list.o)
 .debug_aranges
                0x00000000000003e0       0x20 obj_cooja/mtype164.a(ringbuf.o)
 .debug_aranges
                0x0000000000000400       0x20 obj_cooja/mtype164.a(sicslowpan.o)
 .debug_aranges
                0x0000000000000420       0x20 obj_cooja/mtype164.a(uip-ds6-nbr.o)
 .debug_aranges
                0x0000000000000440       0x20 obj_cooja/mtype164.a(uip-ds6.o)
 .debug_aranges
                0x0000000000000460       0x20 obj_cooja/mtype164.a(uip6.o)
 .debug_aranges
                0x0000000000000480       0x20 obj_cooja/mtype164.a(tcpip.o)
 .debug_aranges
                0x00000000000004a0       0x20 obj_cooja/mtype164.a(uip-debug.o)
 .debug_aranges
                0x00000000000004c0       0x20 obj_cooja/mtype164.a(uip-packetqueue)
 .debug_aranges
                0x00000000000004e0       0x20 obj_cooja/mtype164.a(rpl-dag.o)
 .debug_aranges
                0x0000000000000500       0x20 obj_cooja/mtype164.a(rpl-ext-header.)
 .debug_aranges
                0x0000000000000520       0x20 obj_cooja/mtype164.a(rpl-icmp6.o)
 .debug_aranges
                0x0000000000000540       0x20 obj_cooja/mtype164.a(rpl-ltmax.o)
 .debug_aranges
                0x0000000000000560       0x20 obj_cooja/mtype164.a(rpl-timers.o)
 .debug_aranges
                0x0000000000000580       0x20 obj_cooja/mtype164.a(rpl.o)
 .debug_aranges
                0x00000000000005a0       0x20 obj_cooja/mtype164.a(framer-802154.o)
 .debug_aranges
                0x00000000000005c0       0x20 obj_cooja/mtype164.a(nullmac.o)
 .debug_aranges
                0x00000000000005e0       0x20 obj_cooja/mtype164.a(cxmac.o)
 .debug_aranges
                0x0000000000000600       0x20 obj_cooja/mtype164.a(linkaddr.o)
 .debug_aranges
                0x0000000000000620       0x20 obj_cooja/mtype164.a(nbr-table.o)
 .debug_aranges
                0x0000000000000640       0x20 obj_cooja/mtype164.a(netstack.o)
 .debug_aranges
                0x0000000000000660       0x20 obj_cooja/mtype164.a(packetbuf.o)
 .debug_aranges
                0x0000000000000680       0x20 obj_cooja/mtype164.a(queuebuf.o)
 .debug_aranges
                0x00000000000006a0       0x20 obj_cooja/mtype164.a(nullsec.o)
 .debug_aranges
                0x00000000000006c0       0x20 obj_cooja/mtype164.a(watchdog.o)
 .debug_aranges
                0x00000000000006e0       0x18 obj_cooja/mtype164.a(rimestats.o)
 .debug_aranges
                0x00000000000006f8       0x20 obj_cooja/mtype164.a(leds.o)
 .debug_aranges
                0x0000000000000718       0x20 obj_cooja/mtype164.a(stimer.o)
 .debug_aranges
                0x0000000000000738       0x20 obj_cooja/mtype164.a(memb.o)
 .debug_aranges
                0x0000000000000758       0x20 obj_cooja/mtype164.a(uip-ds6-route.o)
 .debug_aranges
                0x0000000000000778       0x20 obj_cooja/mtype164.a(uip-icmp6.o)
 .debug_aranges
                0x0000000000000798       0x20 obj_cooja/mtype164.a(uip-nd6.o)
 .debug_aranges
                0x00000000000007b8       0x20 obj_cooja/mtype164.a(rpl-nbr-policy.)
 .debug_aranges
                0x00000000000007d8       0x20 obj_cooja/mtype164.a(frame802154.o)
 .debug_aranges
                0x00000000000007f8       0x20 obj_cooja/mtype164.a(mac.o)

.debug_pubnames
 *(.debug_pubnames)

.debug_info     0x0000000000000000    0x1d255
 *(.debug_info .gnu.linkonce.wi.*)
 .debug_info    0x0000000000000000      0xe6d udp-server.co
 .debug_info    0x0000000000000e6d     0x3ac4 obj_cooja/mtype164.o
 .debug_info    0x0000000000004931      0x15a obj_cooja/mtype164.a(simEnvChange.o)
 .debug_info    0x0000000000004a8b      0x1e2 obj_cooja/mtype164.a(cooja_mt.o)
 .debug_info    0x0000000000004c6d      0x2e7 obj_cooja/mtype164.a(cooja_mtarch.o)
 .debug_info    0x0000000000004f54      0x16b obj_cooja/mtype164.a(rtimer-arch.o)
 .debug_info    0x00000000000050bf      0x1f3 obj_cooja/mtype164.a(beep.o)
 .debug_info    0x00000000000052b2      0x257 obj_cooja/mtype164.a(button-sensor.o)
 .debug_info    0x0000000000005509      0x132 obj_cooja/mtype164.a(leds-arch.o)
 .debug_info    0x000000000000563b      0x10a obj_cooja/mtype164.a(moteid.o)
 .debug_info    0x0000000000005745      0x216 obj_cooja/mtype164.a(pir-sensor.o)
 .debug_info    0x000000000000595b      0x21e obj_cooja/mtype164.a(rs232.o)
 .debug_info    0x0000000000005b79      0x216 obj_cooja/mtype164.a(vib-sensor.o)
 .debug_info    0x0000000000005d8f      0x152 obj_cooja/mtype164.a(clock.o)
 .debug_info    0x0000000000005ee1      0x2bb obj_cooja/mtype164.a(log.o)
 .debug_info    0x000000000000619c      0x3cf obj_cooja/mtype164.a(cfs-cooja.o)
 .debug_info    0x000000000000656b      0xd52 obj_cooja/mtype164.a(cooja-radio.o)
 .debug_info    0x00000000000072bd      0x1d5 obj_cooja/mtype164.a(eeprom.o)