Archive member included to satisfy reference by file (symbol)

obj_cooja/mtype34.a(simEnvChange.o)
                              obj_cooja/mtype34.o (simDontFallAsleep)
obj_cooja/mtype34.a(cooja_mt.o)
                              obj_cooja/mtype34.o (cooja_mt_start)
obj_cooja/mtype34.a(cooja_mtarch.o)
                              obj_cooja/mtype34.a(cooja_mt.o) (cooja_mtarch_init)
obj_cooja/mtype34.a(rtimer-arch.o)
                              obj_cooja/mtype34.o (rtimer_arch_next)
obj_cooja/mtype34.a(beep.o)   obj_cooja/mtype34.o (beep_interface)
obj_cooja/mtype34.a(button-sensor.o)
                              obj_cooja/mtype34.o (button_interface)
obj_cooja/mtype34.a(leds-arch.o)
                              obj_cooja/mtype34.o (leds_interface)
obj_cooja/mtype34.a(moteid.o)
                              obj_cooja/mtype34.o (moteid_interface)
obj_cooja/mtype34.a(pir-sensor.o)
                              obj_cooja/mtype34.o (pir_interface)
obj_cooja/mtype34.a(rs232.o)  obj_cooja/mtype34.o (rs232_interface)
obj_cooja/mtype34.a(vib-sensor.o)
                              obj_cooja/mtype34.o (vib_interface)
obj_cooja/mtype34.a(clock.o)  obj_cooja/mtype34.o (clock_interface)
obj_cooja/mtype34.a(log.o)    obj_cooja/mtype34.o (simlog_interface)
obj_cooja/mtype34.a(cfs-cooja.o)
                              obj_cooja/mtype34.o (cfs_interface)
obj_cooja/mtype34.a(cooja-radio.o)
                              obj_cooja/mtype34.o (radio_interface)
obj_cooja/mtype34.a(eeprom.o)
                              obj_cooja/mtype34.o (eeprom_interface)
obj_cooja/mtype34.a(random.o)
                              obj_cooja/mtype34.a(moteid.o) (random_init)
obj_cooja/mtype34.a(sensors.o)
                              obj_cooja/mtype34.o (sensors_process)
obj_cooja/mtype34.a(leds.o)   obj_cooja/mtype34.a(cooja-radio.o) (leds_on)
obj_cooja/mtype34.a(dual_conf.o)
                              obj_cooja/mtype34.a(cooja-radio.o) (long_range_radio)
obj_cooja/mtype34.a(autostart.o)
                              obj_cooja/mtype34.o (autostart_start)
obj_cooja/mtype34.a(ctimer.o)
                              obj_cooja/mtype34.o (ctimer_init)
obj_cooja/mtype34.a(etimer.o)
                              obj_cooja/mtype34.o (etimer_process)
obj_cooja/mtype34.a(log_message.o)
                              obj_cooja/mtype34.o (log_initialization)
obj_cooja/mtype34.a(process.o)
                              udp-client.co (process_current)
obj_cooja/mtype34.a(residual.o)
                              udp-client.co (get_residual_energy)
obj_cooja/mtype34.a(rtimer.o)
                              obj_cooja/mtype34.a(rtimer-arch.o) (rtimer_run_next)
obj_cooja/mtype34.a(stimer.o)
                              udp-client.co (stimer_remaining)
obj_cooja/mtype34.a(timer.o)  obj_cooja/mtype34.a(button-sensor.o) (timer_set)
obj_cooja/mtype34.a(serial-line.o)
                              udp-client.co (serial_line_event_message)
obj_cooja/mtype34.a(list.o)   obj_cooja/mtype34.a(ctimer.o) (list_init)
obj_cooja/mtype34.a(ringbuf.o)
                              obj_cooja/mtype34.a(serial-line.o) (ringbuf_init)
obj_cooja/mtype34.a(sicslowpan.o)
                              obj_cooja/mtype34.o (sicslowpan_driver)
obj_cooja/mtype34.a(uip-ds6-nbr.o)
                              obj_cooja/mtype34.a(sicslowpan.o) (uip_ds6_link_neighbor_callback)
obj_cooja/mtype34.a(uip-ds6-route.o)
                              udp-client.co (uip_ds6_route_nexthop)
obj_cooja/mtype34.a(uip-ds6.o)
                              udp-client.co (uip_ds6_if)
obj_cooja/mtype34.a(uip6.o)   udp-client.co (uip_lladdr)
obj_cooja/mtype34.a(tcpip.o)  udp-client.co (tcpip_event)
obj_cooja/mtype34.a(uip-debug.o)
                              udp-client.co (uip_debug_ipaddr_print)
obj_cooja/mtype34.a(uip-packetqueue)
                              obj_cooja/mtype34.a(uip-ds6-nbr.o) (uip_packetqueue_new)
obj_cooja/mtype34.a(uip-udp-packet.)
                              udp-client.co (uip_udp_packet_sendto)
obj_cooja/mtype34.a(rpl-dag.o)
                              obj_cooja/mtype34.a(tcpip.o) (rpl_repair_root)
obj_cooja/mtype34.a(rpl-ext-header.)
                              obj_cooja/mtype34.a(uip6.o) (rpl_verify_header)
obj_cooja/mtype34.a(rpl-icmp6.o)
                              obj_cooja/mtype34.a(rpl-dag.o) (rpl_icmp6_update_nbr_table)
obj_cooja/mtype34.a(rpl-ltmax.o)
                              obj_cooja/mtype34.a(rpl-dag.o) (rpl_ltmax_of)
obj_cooja/mtype34.a(rpl-timers.o)
                              obj_cooja/mtype34.a(rpl-icmp6.o) (rpl_LSA_convergence_timer)
obj_cooja/mtype34.a(rpl.o)    obj_cooja/mtype34.a(rpl-icmp6.o) (rpl_get_mode)
obj_cooja/mtype34.a(framer-802154.o)
                              obj_cooja/mtype34.a(sicslowpan.o) (framer_802154)
obj_cooja/mtype34.a(nullmac.o)
                              obj_cooja/mtype34.o (nullmac_driver)
obj_cooja/mtype34.a(cxmac.o)  obj_cooja/mtype34.o (cxmac_driver)
obj_cooja/mtype34.a(linkaddr.o)
[...]
Memory Configuration

Name             Origin             Length             Attributes
*default*        0x0000000000000000 0xffffffffffffffff

Linker script and memory map

LOAD /usr/lib/gcc/i686-linux-gnu/4.8/../../../i386-linux-gnu/crti.o
LOAD /usr/lib/gcc/i686-linux-gnu/4.8/crtbeginS.o
LOAD udp-client.co
LOAD obj_cooja/mtype34.o
LOAD obj_cooja/mtype34.a
LOAD /usr/lib/gcc/i686-linux-gnu/4.8/libgcc.a
LOAD /usr/lib/gcc/i686-linux-gnu/4.8/libgcc_s.so
LOAD /usr/lib/gcc/i686-linux-gnu/4.8/../../../i386-linux-gnu/libc.so
START GROUP
LOAD /lib/i386-linux-gnu/libc.so.6
LOAD /usr/lib/i386-linux-gnu/libc_nonshared.a
LOAD /lib/i386-linux-gnu/ld-linux.so.2
END GROUP
LOAD /usr/lib/gcc/i686-linux-gnu/4.8/libgcc.a
LOAD /usr/lib/gcc/i686-linux-gnu/4.8/libgcc_s.so
LOAD /usr/lib/gcc/i686-linux-gnu/4.8/crtendS.o
LOAD /usr/lib/gcc/i686-linux-gnu/4.8/../../../i386-linux-gnu/crtn.o
                0x0000000000000114                . = (0x0 + SIZEOF_HEADERS)

.note.gnu.build-id
                0x0000000000000114       0x24
 *(.note.gnu.build-id)
 .note.gnu.build-id
                0x0000000000000114       0x24 /usr/lib/gcc/i686-linux-gnu/4.8/../../../i386-linux-gnu/crti.o

.hash
 *(.hash)

.gnu.hash       0x0000000000000138     0x1390
 *(.gnu.hash)
 .gnu.hash      0x0000000000000138     0x1390 /usr/lib/gcc/i686-linux-gnu/4.8/../../../i386-linux-gnu/crti.o

.dynsym         0x00000000000014c8     0x26a0
 *(.dynsym)
 .dynsym        0x00000000000014c8     0x26a0 /usr/lib/gcc/i686-linux-gnu/4.8/../../../i386-linux-gnu/crti.o

.dynstr         0x0000000000003b68     0x27c6
 *(.dynstr)
 .dynstr        0x0000000000003b68     0x27c6 /usr/lib/gcc/i686-linux-gnu/4.8/../../../i386-linux-gnu/crti.o

.gnu.version    0x000000000000632e      0x4d4
 *(.gnu.version)
 .gnu.version   0x000000000000632e      0x4d4 /usr/lib/gcc/i686-linux-gnu/4.8/../../../i386-linux-gnu/crti.o

.gnu.version_d  0x0000000000006804        0x0
 *(.gnu.version_d)
 .gnu.version_d
                0x0000000000000000        0x0 /usr/lib/gcc/i686-linux-gnu/4.8/../../../i386-linux-gnu/crti.o

.gnu.version_r  0x0000000000006804       0x50
 *(.gnu.version_r)
 .gnu.version_r
                0x0000000000006804       0x50 /usr/lib/gcc/i686-linux-gnu/4.8/../../../i386-linux-gnu/crti.o

.rel.dyn        0x0000000000006854     0x9e40
 *(.rel.init)
 .rel.init      0x0000000000000000        0x0 /usr/lib/gcc/i686-linux-gnu/4.8/../../../i386-linux-gnu/crti.o
 *(.rel.text .rel.text.* .rel.gnu.linkonce.t.*)
 .rel.text      0x0000000000006854     0x9688 /usr/lib/gcc/i686-linux-gnu/4.8/../../../i386-linux-gnu/crti.o
 *(.rel.fini)
 .rel.fini      0x0000000000000000        0x0 /usr/lib/gcc/i686-linux-gnu/4.8/../../../i386-linux-gnu/crti.o
 *(.rel.rodata .rel.rodata.* .rel.gnu.linkonce.r.*)
 .rel.rodata    0x000000000000fedc      0x4e0 /usr/lib/gcc/i686-linux-gnu/4.8/../../../i386-linux-gnu/crti.o
 *(.rel.data.rel.ro .rel.data.rel.ro.* .rel.gnu.linkonce.d.rel.ro.*)
 *(.rel.data .rel.data.* .rel.gnu.linkonce.d.*)
 .rel.data.rel  0x00000000000103bc        0x8 /usr/lib/gcc/i686-linux-gnu/4.8/../../../i386-linux-gnu/crti.o
 .rel.data      0x00000000000103c4      0x298 /usr/lib/gcc/i686-linux-gnu/4.8/../../../i386-linux-gnu/crti.o
 *(.rel.tdata .rel.tdata.* .rel.gnu.linkonce.td.*)
 *(.rel.tbss .rel.tbss.* .rel.gnu.linkonce.tb.*)
 *(.rel.ctors)
 *(.rel.dtors)
 *(.rel.got)
 .rel.got       0x000000000001065c       0x28 /usr/lib/gcc/i686-linux-gnu/4.8/../../../i386-linux-gnu/crti.o
 *(.rel.bss .rel.bss.* .rel.gnu.linkonce.b.*)
 *(.rel.ifunc)
 .rel.ifunc     0x0000000000000000        0x0 /usr/lib/gcc/i686-linux-gnu/4.8/../../../i386-linux-gnu/crti.o
 .rel.fini_array
                0x0000000000010684        0x8 /usr/lib/gcc/i686-linux-gnu/4.8/../../../i386-linux-gnu/crti.o
 .rel.init_array
                0x000000000001068c        0x8 /usr/lib/gcc/i686-linux-gnu/4.8/../../../i386-linux-gnu/crti.o

.rel.plt        0x0000000000010694       0x10
 *(.rel.plt)
 .rel.plt       0x0000000000010694       0x10 /usr/lib/gcc/i686-linux-gnu/4.8/../../../i386-linux-gnu/crti.o
 *(.rel.iplt)

.init           0x00000000000106a4       0x23
 *(SORT(.init))
 .init          0x00000000000106a4       0x1e /usr/lib/gcc/i686-linux-gnu/4.8/../../../i386-linux-gnu/crti.o
                0x00000000000106a4                _init
 .init          0x00000000000106c2        0x5 /usr/lib/gcc/i686-linux-gnu/4.8/../../../i386-linux-gnu/crtn.o

.plt            0x00000000000106d0       0x30
 *(.plt)
 .plt           0x00000000000106d0       0x30 /usr/lib/gcc/i686-linux-gnu/4.8/../../../i386-linux-gnu/crti.o
 *(.iplt)

.text           0x0000000000010700    0x17811
 *(.text.unlikely .text.*_unlikely .text.unlikely.*)
 *(.text.exit .text.exit.*)
 *(.text.startup .text.startup.*)
 *(.text.hot .text.hot.*)
 *(.text .stub .text.* .gnu.linkonce.t.*)
 .text          0x0000000000010700        0x0 /usr/lib/gcc/i686-linux-gnu/4.8/../../../i386-linux-gnu/crti.o
 .gnu.linkonce.t.__x86.get_pc_thunk.bx
                0x0000000000010700        0x4 /usr/lib/gcc/i686-linux-gnu/4.8/../../../i386-linux-gnu/crti.o
                0x0000000000010700                __x86.get_pc_thunk.bx
 *fill*         0x0000000000010704        0xc 
 .text          0x0000000000010710      0x11b /usr/lib/gcc/i686-linux-gnu/4.8/crtbeginS.o
 .text          0x000000000001082b      0x790 udp-client.co
 .text          0x0000000000010fbb      0x96a obj_cooja/mtype34.o
                0x0000000000011169                contiki_init
                0x000000000001173c                Java_org_contikios_cooja_corecomm_Lib28_init
                0x000000000001177c                Java_org_contikios_cooja_corecomm_Lib28_getMemory
                0x00000000000117bc                Java_org_contikios_cooja_corecomm_Lib28_setMemory
                0x0000000000011833                Java_org_contikios_cooja_corecomm_Lib28_tick
                0x0000000000011913                Java_org_contikios_cooja_corecomm_Lib28_setReferenceAddress
 .text          0x0000000000011925       0x63 obj_cooja/mtype34.a(simEnvChange.o)
                0x0000000000011925                doActionsBeforeTick
                0x0000000000011956                doActionsAfterTick
 .text          0x0000000000011988       0xbc obj_cooja/mtype34.a(cooja_mt.o)
                0x0000000000011988                cooja_mt_init
                0x0000000000011995                cooja_mt_remove
                0x00000000000119a2                cooja_mt_start
                0x00000000000119cf                cooja_mt_exec
                0x0000000000011a00                cooja_mt_exit
                0x0000000000011a22                cooja_mt_yield
 .text          0x0000000000011a44      0x115 obj_cooja/mtype34.a(cooja_mtarch.o)
                0x0000000000011a44                cooja_mtarch_init
                0x0000000000011a49                cooja_mtarch_start
                0x0000000000011ac4                cooja_sw
                0x0000000000011ae6                cooja_mtarch_exec
                0x0000000000011b02                cooja_mtarch_remove
                0x0000000000011b07                cooja_mtarch_yield
                0x0000000000011b11                cooja_mtarch_pstop
                0x0000000000011b16                cooja_mtarch_pstart
                0x0000000000011b1b                cooja_mtarch_stack_usage
 .text          0x0000000000011b59       0xc2 obj_cooja/mtype34.a(rtimer-arch.o)
                0x0000000000011b59                rtimer_arch_init
                0x0000000000011b7c                rtimer_arch_schedule
                0x0000000000011b93                rtimer_arch_next
                0x0000000000011b9d                rtimer_arch_pending
                0x0000000000011ba7                rtimer_arch_check
                0x0000000000011bd9                rtimer_arch_now
 .text          0x0000000000011c1b       0x76 obj_cooja/mtype34.a(beep.o)
                0x0000000000011c1b                beep_alarm
                0x0000000000011c27                beep_beep
                0x0000000000011c33                beep
                0x0000000000011c3f                beep_down
                0x0000000000011c4b                beep_on
                0x0000000000011c57                beep_off
                0x0000000000011c63                beep_spinup
                0x0000000000011c6f                beep_quick
                0x0000000000011c7b                beep_long
 .text          0x0000000000011c91      0x103 obj_cooja/mtype34.a(button-sensor.o)
 .text          0x0000000000011d94       0x45 obj_cooja/mtype34.a(leds-arch.o)
                0x0000000000011d94                leds_arch_init
                0x0000000000011da0                leds_arch_get
                0x0000000000011dac                leds_arch_set
 .text          0x0000000000011dd9       0x2f obj_cooja/mtype34.a(moteid.o)
 .text          0x0000000000011e08       0xb1 obj_cooja/mtype34.a(pir-sensor.o)
 .text          0x0000000000011eb9      0x131 obj_cooja/mtype34.a(rs232.o)
                0x0000000000011eb9                rs232_init
                0x0000000000011ebe                rs232_set_speed
                0x0000000000011ecc                rs232_set_input
                0x0000000000011ed9                rs232_send
                0x0000000000011efb                rs232_print
                0x0000000000011f16                slip_arch_writeb
 .text          0x0000000000011fea       0xb1 obj_cooja/mtype34.a(vib-sensor.o)
 .text          0x000000000001209b       0x34 obj_cooja/mtype34.a(clock.o)
                0x000000000001209b                clock_init
                0x00000000000120a0                clock_time
                0x00000000000120aa                clock_seconds
                0x00000000000120c0                clock_delay
 .text          0x00000000000120cf      0x1ed obj_cooja/mtype34.a(log.o)
                0x00000000000120cf                simlog_char
                0x0000000000012111                simlog
                0x000000000001217e                log_message
                0x00000000000121a6                log_set_putchar_with_slip
                0x00000000000121b3                log_putchar
                0x0000000000012237                log_puts
                0x000000000001225b                log_printf
 .text          0x00000000000122bc      0x2c4 obj_cooja/mtype34.a(cfs-cooja.o)
                0x00000000000122bc                cfs_open
                0x0000000000012325                cfs_close
                0x0000000000012331                cfs_read
                0x00000000000123cf                cfs_write
                0x00000000000124ac                cfs_seek
                0x0000000000012534                cfs_remove
                0x000000000001255d                cfs_opendir
                0x0000000000012567                cfs_readdir
                0x0000000000012571                cfs_closedir
 .text          0x0000000000012580      0x69f obj_cooja/mtype34.a(cooja-radio.o)
                0x00000000000125aa                radio_set_channel
                0x00000000000125bf                radio_set_txpower
                0x00000000000125df                radio_signal_strength_last
                0x00000000000125e9                radio_signal_strength_current
                0x00000000000125f3                radio_LQI
 .text          0x0000000000012c1f       0xef obj_cooja/mtype34.a(eeprom.o)
                0x0000000000012c1f                eeprom_init
                0x0000000000012c24                eeprom_read
                0x0000000000012c94                eeprom_write
 .text          0x0000000000012d0e       0x28 obj_cooja/mtype34.a(random.o)
                0x0000000000012d0e                random_init
                0x0000000000012d29                random_rand
 .text          0x0000000000012d36      0x2a1 obj_cooja/mtype34.a(sensors.o)
                0x0000000000012d71                sensors_first
                0x0000000000012d7b                sensors_next
                0x0000000000012d98                sensors_changed
                0x0000000000012dc7                sensors_find
 .text          0x0000000000012fd7      0x134 obj_cooja/mtype34.a(leds.o)
                0x0000000000013028                leds_init
                0x000000000001303c                leds_blink
                0x0000000000013074                leds_get
                0x0000000000013081                leds_set
                0x000000000001309b                leds_on
                0x00000000000130be                leds_off
                0x00000000000130e8                leds_toggle
 .text          0x000000000001310b      0x471 obj_cooja/mtype34.a(dual_conf.o)
                0x000000000001310b                dual_radio_switch
                0x000000000001314b                dual_radio_change
                0x0000000000013185                sending_in_LR
                0x00000000000131b0                dual_radio_received
                0x0000000000013203                radio_received_is_longrange
                0x000000000001321e                dual_radio_turn_on
                0x0000000000013241                dual_radio_turn_off
                0x0000000000013502                dio_broadcast
                0x000000000001352b                dis_broadcast
                0x000000000001354c                LSA_converge_broadcast
 .text          0x000000000001357c       0x8e obj_cooja/mtype34.a(autostart.o)
                0x000000000001357c                autostart_start
                0x00000000000135c7                autostart_exit
 .text          0x000000000001360a      0x334 obj_cooja/mtype34.a(ctimer.o)
                0x0000000000013721                ctimer_init
                0x0000000000013751                ctimer_set
                0x0000000000013782                ctimer_set_with_process
                0x00000000000137fe                ctimer_reset
                0x000000000001384d                ctimer_restart
                0x000000000001389c                ctimer_stop
                0x00000000000138e7                ctimer_expired
 .text          0x000000000001393e      0x40b obj_cooja/mtype34.a(etimer.o)
                0x0000000000013b51                etimer_request_poll
                0x0000000000013bd5                etimer_set
                0x0000000000013bfa                etimer_reset_with_new_interval
                0x0000000000013c21                etimer_reset
                0x0000000000013c3f                etimer_restart
                0x0000000000013c5d                etimer_adjust
                0x0000000000013c79                etimer_expired
                0x0000000000013c8c                etimer_expiration_time
                0x0000000000013c9e                etimer_start_time
                0x0000000000013ca8                etimer_pending
                0x0000000000013cba                etimer_next_expiration_time
                0x0000000000013cd4                etimer_stop
 .text          0x0000000000013d49       0xdd obj_cooja/mtype34.a(log_message.o)
                0x0000000000013d49                log_initialization
                0x0000000000013e05                log_finisher
 .text          0x0000000000013e26      0x560 obj_cooja/mtype34.a(process.o)
                0x0000000000013e26                process_alloc_event
                0x0000000000013e3b                process_start
                0x0000000000014024                process_exit
                0x0000000000014040                process_init
                0x0000000000014211                process_run
                0x0000000000014244                process_nevents
                0x000000000001425f                process_post
                0x000000000001430b                process_post_synch
                0x0000000000014343                process_poll
                0x0000000000014372                process_is_running
 .text          0x0000000000014386       0xd3 obj_cooja/mtype34.a(residual.o)
                0x0000000000014386                get_residual_energy
 .text          0x0000000000014459       0xba obj_cooja/mtype34.a(rtimer.o)
                0x0000000000014459                rtimer_init
                0x0000000000014466                rtimer_set
                0x00000000000144bd                rtimer_run_next
 .text          0x0000000000014513       0xa3 obj_cooja/mtype34.a(stimer.o)
                0x0000000000014513                stimer_set
                0x000000000001452e                stimer_reset
                0x0000000000014545                stimer_restart
                0x0000000000014557                stimer_expired
                0x000000000001457e                stimer_remaining
                0x00000000000145a2                stimer_elapsed
 .text          0x00000000000145b6       0x91 obj_cooja/mtype34.a(timer.o)
                0x00000000000145b6                timer_set
                0x00000000000145d1                timer_reset
                0x00000000000145e8                timer_restart
                0x00000000000145fa                timer_expired
                0x0000000000014623                timer_remaining
 .text          0x0000000000014647      0x1fb obj_cooja/mtype34.a(serial-line.o)
                0x0000000000014647                serial_line_input_byte
                0x000000000001480a                serial_line_init
 .text          0x0000000000014842      0x244 obj_cooja/mtype34.a(list.o)
                0x0000000000014842                list_init
                0x0000000000014850                list_head
                0x000000000001485a                list_copy
                0x0000000000014869                list_tail
                0x000000000001489f                list_add
                0x00000000000148e8                list_push
                0x0000000000014914                list_chop
                0x000000000001497e                list_pop
                0x00000000000149a6                list_remove
                0x0000000000014a0d                list_length
                0x0000000000014a3b                list_insert
                0x0000000000014a6f                list_item_next
 .text          0x0000000000014a86      0x155 obj_cooja/mtype34.a(ringbuf.o)
                0x0000000000014a86                ringbuf_init
                0x0000000000014ab7                ringbuf_put
                0x0000000000014b35                ringbuf_get
                0x0000000000014ba2                ringbuf_size
                0x0000000000014bb4                ringbuf_elements
 .text          0x0000000000014bdb     0x258b obj_cooja/mtype34.a(sicslowpan.o)
                0x0000000000015165                rime_sniffer_add
                0x0000000000015172                rime_sniffer_remove
                0x0000000000017105                sicslowpan_init
                0x000000000001715c                sicslowpan_get_last_rssi
 .text          0x0000000000017166      0x2dc obj_cooja/mtype34.a(uip-ds6-nbr.o)
                0x0000000000017183                uip_ds6_neighbors_init
                0x00000000000171a0                uip_ds6_nbr_add
                0x0000000000017251                uip_ds6_nbr_rm
                0x00000000000172ae                uip_ds6_nbr_get_ipaddr
                0x00000000000172c3                uip_ds6_nbr_get_ll
                0x00000000000172df                uip_ds6_nbr_num
                0x0000000000017324                uip_ds6_nbr_lookup
                0x0000000000017389                uip_ds6_nbr_ll_lookup
                0x00000000000173a5                uip_ds6_nbr_ipaddr_from_lladdr
                0x00000000000173cb                uip_ds6_nbr_lladdr_from_ipaddr
                0x00000000000173f9                uip_ds6_link_neighbor_callback
 .text          0x0000000000017442      0x916 obj_cooja/mtype34.a(uip-ds6-route.o)
                0x00000000000174b9                uip_ds6_notification_add
                0x00000000000174ea                uip_ds6_notification_rm
                0x0000000000017506                uip_ds6_route_init
                0x000000000001758e                uip_ds6_route_nexthop
                0x00000000000175b6                uip_ds6_route_head
                0x00000000000175cb                uip_ds6_route_next
                0x00000000000175f1                uip_ds6_route_is_nexthop
                0x0000000000017630                uip_ds6_route_num_routes
                0x000000000001763a                uip_ds6_route_lookup
                0x00000000000176fc                uip_ds6_route_add
                0x0000000000017930                uip_ds6_route_rm
                0x0000000000017ac4                uip_ds6_route_rm_by_nexthop
                0x0000000000017afc                uip_ds6_defrt_add
                0x0000000000017bad                uip_ds6_defrt_rm
                0x0000000000017c2c                uip_ds6_defrt_lookup
                0x0000000000017c85                uip_ds6_defrt_choose
                0x0000000000017cf0                uip_ds6_defrt_periodic
 .text          0x0000000000017d58     0x12ad obj_cooja/mtype34.a(uip-ds6.o)
                0x0000000000017d58                uip_ds6_init
                0x00000000000180ad                uip_ds6_periodic
                0x0000000000018185                uip_ds6_list_loop
                0x000000000001822c                uip_ds6_prefix_add
                0x00000000000182ea                uip_ds6_prefix_rm
                0x00000000000182fc                uip_ds6_prefix_lookup
                0x000000000001834d                uip_ds6_is_addr_onlink
                0x00000000000183c1                uip_ds6_addr_add
                0x00000000000184ef                uip_ds6_long_addr_add
                0x000000000001861d                uip_ds6_addr_rm
                0x00000000000186bd                uip_ds6_addr_lookup
                0x0000000000018708                uip_ds6_long_addr_lookup
                0x0000000000018753                uip_ds6_get_link_local
                0x00000000000187d2                uip_ds6_long_get_link_local
                0x0000000000018851                uip_ds6_get_global
                0x00000000000188d0                uip_ds6_long_get_global
                0x000000000001894f                uip_ds6_maddr_add
                0x00000000000189c1                uip_ds6_long_maddr_add
                0x0000000000018a33                uip_ds6_maddr_rm
                0x0000000000018a45                uip_ds6_maddr_lookup
                0x0000000000018a90                uip_ds6_long_maddr_lookup
                0x0000000000018adb                uip_ds6_aaddr_add
                0x0000000000018b4d                uip_ds6_long_aaddr_add
                0x0000000000018bbf                uip_ds6_aaddr_rm
                0x0000000000018bd1                uip_ds6_aaddr_lookup
                0x0000000000018c1c                uip_ds6_long_aaddr_lookup
                0x0000000000018c67                uip_ds6_select_src
                0x0000000000018ef0                uip_ds6_set_addr_iid
                0x0000000000018f27                get_match_length
                0x0000000000018fb9                uip_ds6_compute_reachable_time
 .text          0x0000000000019005     0x29f3 obj_cooja/mtype34.a(uip6.o)
                0x0000000000019005                uip_add32
                0x000000000001919e                uip_chksum
                0x000000000001928c                uip_icmp6chksum
                0x00000000000192a0                uip_tcpchksum
                0x00000000000192b4                uip_udpchksum
                0x00000000000192c8                uip_init
                0x0000000000019398                uip_connect
                0x0000000000019547                remove_ext_hdr
                0x000000000001961c                uip_udp_new
                0x0000000000019778                uip_unlisten
                0x00000000000197d8                uip_listen
                0x0000000000019a9a                uip_process
                0x000000000001b8ec                uip_htons
                0x000000000001b90e                uip_htonl
                0x000000000001b94e                uip_send
 .text          0x000000000001b9f8      0xb43 obj_cooja/mtype34.a(tcpip.o)
                0x000000000001b9f8                tcpip_output
                0x000000000001ba26                tcpip_set_outputfunc
                0x000000000001baba                tcp_connect
                0x000000000001bb0f                tcp_unlisten
                0x000000000001bb6a                tcp_listen
                0x000000000001bbc3                tcp_attach
                0x000000000001bbe8                udp_attach
                0x000000000001bc0d                udp_new
                0x000000000001bc5f                udp_broadcast_new
                0x000000000001bed3                tcpip_input
                0x000000000001bf07                tcpip_ipv6_output
                0x000000000001c381                tcpip_poll_udp
                0x000000000001c3a4                tcpip_poll_tcp
                0x000000000001c3c7                tcpip_uipcall
 .text          0x000000000001c53b      0x1c1 obj_cooja/mtype34.a(uip-debug.o)
                0x000000000001c53b                uip_debug_ipaddr_print
                0x000000000001c69d                uip_debug_lladdr_print
 .text          0x000000000001c6fc      0x141 obj_cooja/mtype34.a(uip-packetqueue)
                0x000000000001c728                uip_packetqueue_new
                0x000000000001c736                uip_packetqueue_alloc
                0x000000000001c796                uip_packetqueue_free
                0x000000000001c7d7                uip_packetqueue_buf
                0x000000000001c7f4                uip_packetqueue_buflen
                0x000000000001c815                uip_packetqueue_set_buflen
 .text          0x000000000001c83d      0x131 obj_cooja/mtype34.a(uip-udp-packet.)
                0x000000000001c83d                uip_udp_packet_send
                0x000000000001c89d                uip_udp_packet_sendto
 .text          0x000000000001c96e     0x26c6 obj_cooja/mtype34.a(rpl-dag.o)
                0x000000000001c96e                rpl_lr_in_child
                0x000000000001ca26                rpl_print_neighbor_list
                0x000000000001cacf                rpl_print_child_neighbor_list
                0x000000000001cb44                rpl_get_nbr
                0x000000000001cb9e                rpl_get_nbr_child
                0x000000000001cbf8                rpl_dag_init
                0x000000000001cc2a                rpl_get_parent
                0x000000000001cc4c                rpl_get_parent_rank
                0x000000000001cc7f                rpl_get_parent_link_metric
                0x000000000001ccb2                rpl_get_parent_ipaddr
                0x000000000001ccdc                rpl_get_child_ipaddr
                0x000000000001cff7                rpl_set_root
                0x000000000001d225                rpl_repair_root
                0x000000000001d461                rpl_set_prefix
                0x000000000001d560                rpl_set_default_route
                0x000000000001d5ec                rpl_alloc_instance
                0x000000000001d67f                rpl_alloc_dag
                0x000000000001d732                rpl_set_default_instance
                0x000000000001d73f                rpl_get_default_instance
                0x000000000001d749                rpl_free_instance
                0x000000000001d7fa                rpl_free_dag
                0x000000000001d860                rpl_add_parent
                0x000000000001d949                rpl_find_parent
                0x000000000001d979                rpl_add_child
                0x000000000001da1d                rpl_find_child
                0x000000000001da6b                rpl_find_parent_any_dag
                0x000000000001daa7                rpl_select_dag
                0x000000000001dedd                rpl_select_parent
                0x000000000001df3f                rpl_remove_parent
                0x000000000001df75                rpl_remove_child
                0x000000000001df91                rpl_nullify_parent
                0x000000000001e02f                rpl_move_parent
                0x000000000001e0cc                rpl_has_downward_route
                0x000000000001e11f                rpl_get_any_dag
                0x000000000001e181                rpl_get_instance
                0x000000000001e1e4                rpl_find_of
                0x000000000001e221                rpl_join_instance
                0x000000000001e4bd                rpl_add_dag
                0x000000000001e8ac                rpl_local_repair
                0x000000000001e985                rpl_recalculate_ranks
                0x000000000001ea0b                rpl_process_parent_event
                0x000000000001eabd                rpl_process_dio
 .text          0x000000000001f034      0xbf3 obj_cooja/mtype34.a(rpl-ext-header.)
                0x000000000001f051                rpl_verify_header
                0x000000000001f4cb                rpl_update_header_empty
                0x000000000001f7e2                rpl_update_header_final
                0x000000000001f971                rpl_remove_header
                0x000000000001fa7b                rpl_invert_header
                0x000000000001fc05                rpl_insert_header
 .text          0x000000000001fc27     0x2e94 obj_cooja/mtype34.a(rpl-icmp6.o)
                0x000000000001ff36                rpl_icmp6_update_nbr_table
                0x0000000000020103                dis_output
                0x0000000000020e31                dio_output
                0x0000000000021823                LSA_converge_output
                0x0000000000022572                dao_output
                0x0000000000022646                dao_output_target
                0x0000000000022a63                dao_ack_output
                0x0000000000022a77                rpl_icmp6_register_handlers
 .text          0x0000000000022abb      0x3dc obj_cooja/mtype34.a(rpl-ltmax.o)
 .text          0x0000000000022e97      0x8d8 obj_cooja/mtype34.a(rpl-timers.o)
                0x0000000000022e97                rpl_LSA_convergence_timer
                0x0000000000022f3e                rpl_reset_LSA_convergence_timer
                0x0000000000023202                rpl_reset_periodic_timer
                0x0000000000023257                rpl_reset_dio_timer
                0x0000000000023491                rpl_schedule_dao
                0x00000000000234ac                rpl_schedule_dao_immediately
                0x00000000000234c7                rpl_cancel_dao
                0x0000000000023529                rpl_schedule_unicast_dio_immediately
                0x0000000000023717                rpl_schedule_probing
 .text          0x000000000002376f      0x5dc obj_cooja/mtype34.a(rpl.o)
                0x000000000002376f                rpl_get_mode
                0x0000000000023779                rpl_set_mode
                0x0000000000023807                rpl_purge_routes
                0x0000000000023901                rpl_remove_routes
                0x0000000000023947                rpl_remove_routes_by_nexthop
                0x00000000000239b3                rpl_add_route
                0x0000000000023a2e                rpl_link_neighbor_callback
                0x0000000000023b33                rpl_ipv6_neighbor_callback
                0x0000000000023ba2                rpl_purge_dags
                0x0000000000023cae                rpl_init
 .text          0x0000000000023d4b      0x3f5 obj_cooja/mtype34.a(framer-802154.o)
 .text          0x0000000000024140       0x5e obj_cooja/mtype34.a(nullmac.o)
 .text          0x000000000002419e      0xff5 obj_cooja/mtype34.a(cxmac.o)
                0x00000000000250ce                cxmac_set_announcement_radio_txpower
                0x00000000000250d3                cxmac_init
 .text          0x0000000000025193       0x82 obj_cooja/mtype34.a(linkaddr.o)
                0x0000000000025193                linkaddr_copy
                0x00000000000251b5                linkaddr_cmp
                0x00000000000251df                linkaddr_set_node_addr
                0x00000000000251fa                linkaddr_set_node_long_addr
 .text          0x0000000000025215      0x915 obj_cooja/mtype34.a(nbr-table.o)
                0x0000000000025215                long_ip_from_lladdr_map
                0x000000000002529e                lladdr_map_add_lr
                0x000000000002535b                lladdr_map_rm_lr
                0x0000000000025820                nbr_table_register
                0x0000000000025868                nbr_table_head
                0x00000000000258c4                nbr_table_next
                0x000000000002592b                nbr_table_add_lladdr
                0x0000000000025a07                nbr_table_get_from_lladdr
                0x0000000000025a54                nbr_table_remove
                0x0000000000025aa6                nbr_table_lock
                0x0000000000025ad0                nbr_table_unlock
                0x0000000000025afa                nbr_table_get_lladdr
 .text          0x0000000000025b2a       0x2b obj_cooja/mtype34.a(netstack.o)
                0x0000000000025b2a                netstack_init
 .text          0x0000000000025b55      0x3cd obj_cooja/mtype34.a(packetbuf.o)
                0x0000000000025b55                packetbuf_clear
                0x0000000000025b7f                packetbuf_copyfrom
                0x0000000000025bd1                packetbuf_compact
                0x0000000000025c4e                packetbuf_copyto
                0x0000000000025ce5                packetbuf_hdralloc
                0x0000000000025d62                packetbuf_hdrreduce
                0x0000000000025daa                packetbuf_set_datalen
                0x0000000000025dc3                packetbuf_dataptr
                0x0000000000025de0                packetbuf_hdrptr
                0x0000000000025dea                packetbuf_datalen
                0x0000000000025df6                packetbuf_hdrlen
                0x0000000000025e0d                packetbuf_totlen
                0x0000000000025e23                packetbuf_attr_clear
                0x0000000000025e75                packetbuf_attr_copyto
                0x0000000000025ebe                packetbuf_attr_copyfrom
                0x0000000000025f06                packetbuf_holds_broadcast
 .text          0x0000000000025f22      0x2b4 obj_cooja/mtype34.a(queuebuf.o)
                0x0000000000025f2c                queuebuf_init
                0x0000000000025f4c                queuebuf_numfree
                0x0000000000025f60                queuebuf_new_from_packetbuf
                0x0000000000025ff0                queuebuf_update_attr_from_packetbuf
                0x0000000000026023                queuebuf_update_from_packetbuf
                0x000000000002606d                queuebuf_free
                0x00000000000260b4                queuebuf_to_packetbuf
                0x000000000002611a                queuebuf_dataptr
                0x0000000000026151                queuebuf_datalen
                0x0000000000026174                queuebuf_addr
                0x00000000000261a6                queuebuf_attr
                0x00000000000261d1                queuebuf_debug_print
 .text          0x00000000000261d6       0x6e obj_cooja/mtype34.a(nullsec.o)
 .text          0x0000000000026244       0x19 obj_cooja/mtype34.a(watchdog.o)
                0x0000000000026244                watchdog_init
                0x0000000000026249                watchdog_start
                0x000000000002624e                watchdog_periodic
                0x0000000000026253                watchdog_stop
                0x0000000000026258                watchdog_reboot
 .text          0x000000000002625d        0x0 obj_cooja/mtype34.a(rimestats.o)
 .text          0x000000000002625d      0x1c1 obj_cooja/mtype34.a(memb.o)
                0x000000000002625d                memb_init
                0x00000000000262bb                memb_alloc
                0x0000000000026320                memb_free
                0x000000000002639b                memb_inmemb
                0x00000000000263da                memb_numfree
 .text          0x000000000002641e      0xab2 obj_cooja/mtype34.a(uip-icmp6.o)
                0x000000000002648c                uip_icmp6_input
                0x00000000000264e2                uip_icmp6_register_input_handler
                0x00000000000267aa                uip_icmp6_error_output
                0x0000000000026aef                uip_icmp6_send
                0x0000000000026e63                uip_icmp6_echo_reply_callback_add
                0x0000000000026e94                uip_icmp6_echo_reply_callback_rm
                0x0000000000026eb0                uip_icmp6_init
 .text          0x0000000000026ed0      0x358 obj_cooja/mtype34.a(uip-nd6.o)
                0x0000000000026f24                uip_nd6_ns_output
                0x0000000000027223                uip_nd6_init
 .text          0x0000000000027228      0x331 obj_cooja/mtype34.a(rpl-nbr-policy.)
                0x0000000000027400                find_removable_dis
                0x0000000000027423                find_removable_dio
                0x00000000000274b2                find_removable_dao
                0x0000000000027502                rpl_nbr_policy_find_removable
 .text          0x0000000000027559      0x97c obj_cooja/mtype34.a(frame802154.o)
                0x000000000002758a                frame802154_get_pan_id
                0x0000000000027596                frame802154_set_pan_id
                0x00000000000275af                frame802154_has_panid
                0x000000000002769b                frame802154_check_dest_panid
                0x0000000000027703                frame802154_is_broadcast_addr
                0x0000000000027750                frame802154_extract_linkaddr
                0x0000000000027990                frame802154_hdrlen
                0x00000000000279e1                frame802154_create
                0x0000000000027bcc                frame802154_parse
 .text          0x0000000000027ed5       0x3c obj_cooja/mtype34.a(mac.o)
                0x0000000000027ed5                mac_call_sent_callback
 .text          0x0000000000027f11        0x0 /usr/lib/gcc/i686-linux-gnu/4.8/crtendS.o
 .text          0x0000000000027f11        0x0 /usr/lib/gcc/i686-linux-gnu/4.8/../../../i386-linux-gnu/crtn.o
 *(.gnu.warning)

.fini           0x0000000000027f14       0x14
 *(SORT(.fini))
 .fini          0x0000000000027f14        0xf /usr/lib/gcc/i686-linux-gnu/4.8/../../../i386-linux-gnu/crti.o
                0x0000000000027f14                _fini
 .fini          0x0000000000027f23        0x5 /usr/lib/gcc/i686-linux-gnu/4.8/../../../i386-linux-gnu/crtn.o
                0x0000000000027f28                PROVIDE (__etext, .)
                0x0000000000027f28                PROVIDE (_etext, .)
                0x0000000000027f28                PROVIDE (etext, .)

.rodata         0x0000000000027f40     0x17e0
 *(.rodata .rodata.* .gnu.linkonce.r.*)
 .rodata        0x0000000000027f40      0x2da udp-client.co
                0x0000000000027f54                autostart_processes
 *fill*         0x000000000002821a        0x2 
 .rodata        0x000000000002821c      0x1e6 obj_cooja/mtype34.o
 *fill*         0x0000000000028402        0x2 
 .rodata        0x0000000000028404        0x8 obj_cooja/mtype34.a(beep.o)
                0x0000000000028404                beep_interface
 .rodata        0x000000000002840c       0x20 obj_cooja/mtype34.a(button-sensor.o)
                0x000000000002840c                button_interface
                0x000000000002841c                button_sensor
 .rodata        0x000000000002842c        0x8 obj_cooja/mtype34.a(leds-arch.o)
                0x000000000002842c                leds_interface
 .rodata        0x0000000000028434        0x8 obj_cooja/mtype34.a(moteid.o)
                0x0000000000028434                moteid_interface
 .rodata        0x000000000002843c       0x1c obj_cooja/mtype34.a(pir-sensor.o)
                0x000000000002843c                pir_interface
                0x0000000000028448                pir_sensor
 .rodata        0x0000000000028458        0xe obj_cooja/mtype34.a(rs232.o)
                0x0000000000028458                rs232_interface
 *fill*         0x0000000000028466        0x2 
 .rodata        0x0000000000028468       0x24 obj_cooja/mtype34.a(vib-sensor.o)
                0x0000000000028468                vib_interface
                0x000000000002847c                vib_sensor
 .rodata        0x000000000002848c        0x8 obj_cooja/mtype34.a(clock.o)
                0x000000000002848c                clock_interface
 .rodata        0x0000000000028494        0x8 obj_cooja/mtype34.a(log.o)
                0x0000000000028494                simlog_interface
 .rodata        0x000000000002849c       0x2f obj_cooja/mtype34.a(cfs-cooja.o)
                0x000000000002849c                cfs_interface
 *fill*         0x00000000000284cb       0x15 
 .rodata        0x00000000000284e0       0x60 obj_cooja/mtype34.a(cooja-radio.o)
                0x0000000000028500                cooja_radio_driver
                0x0000000000028538                radio_interface
 .rodata        0x0000000000028540        0x8 obj_cooja/mtype34.a(eeprom.o)
                0x0000000000028540                eeprom_interface
 .rodata        0x0000000000028548        0x8 obj_cooja/mtype34.a(sensors.o)
 .rodata        0x0000000000028550      0x1fe obj_cooja/mtype34.a(dual_conf.o)
 .rodata        0x000000000002874e        0xf obj_cooja/mtype34.a(ctimer.o)
 .rodata        0x000000000002875d        0xc obj_cooja/mtype34.a(etimer.o)
 *fill*         0x0000000000028769        0x3 
 .rodata        0x000000000002876c       0x73 obj_cooja/mtype34.a(log_message.o)
 *fill*         0x00000000000287df        0x1 
 .rodata        0x00000000000287e0       0x20 obj_cooja/mtype34.a(residual.o)
 .rodata        0x0000000000028800        0xe obj_cooja/mtype34.a(serial-line.o)
 *fill*         0x000000000002880e        0x2 
 .rodata        0x0000000000028810       0x2c obj_cooja/mtype34.a(sicslowpan.o)
                0x0000000000028810                unc_llconf
                0x0000000000028814                unc_ctxconf
                0x0000000000028818                unc_mxconf
                0x000000000002881c                llprefix
                0x0000000000028830                sicslowpan_driver
 .rodata        0x000000000002883c      0x13c obj_cooja/mtype34.a(uip6.o)
 .rodata        0x0000000000028978       0x49 obj_cooja/mtype34.a(tcpip.o)
 .rodata        0x00000000000289c1       0x3e obj_cooja/mtype34.a(uip-debug.o)
 *fill*         0x00000000000289ff        0x1 
 .rodata        0x0000000000028a00        0x4 obj_cooja/mtype34.a(rpl-dag.o)
 .rodata        0x0000000000028a04      0xbe8 obj_cooja/mtype34.a(rpl-icmp6.o)
 .rodata        0x00000000000295ec       0x86 obj_cooja/mtype34.a(rpl-timers.o)
 *fill*         0x0000000000029672        0x2 
 .rodata        0x0000000000029674        0xc obj_cooja/mtype34.a(framer-802154.o)
                0x0000000000029674                framer_802154
 .rodata        0x0000000000029680       0x24 obj_cooja/mtype34.a(nullmac.o)
                0x0000000000029688                nullmac_driver
 *fill*         0x00000000000296a4       0x1c 
 .rodata        0x00000000000296c0       0x40 obj_cooja/mtype34.a(cxmac.o)
                0x00000000000296e0                cxmac_driver
 .rodata        0x0000000000029700        0x8 obj_cooja/mtype34.a(linkaddr.o)
                0x0000000000029700                linkaddr_null
 .rodata        0x0000000000029708       0x18 obj_cooja/mtype34.a(nullsec.o)
                0x0000000000029710                nullsec_driver

.rodata1
 *(.rodata1)

.eh_frame_hdr   0x0000000000029720     0x13fc
 *(.eh_frame_hdr)
 .eh_frame_hdr  0x0000000000029720     0x13fc udp-client.co

.eh_frame       0x000000000002ab1c     0x514c
 *(.eh_frame)
 .eh_frame      0x000000000002ab1c       0x3c /usr/lib/gcc/i686-linux-gnu/4.8/../../../i386-linux-gnu/crti.o
                                         0x40 (size before relaxing)
 .eh_frame      0x000000000002ab58       0xb4 udp-client.co
                                         0xcc (size before relaxing)
 .eh_frame      0x000000000002ac0c      0x148 obj_cooja/mtype34.o
                                        0x160 (size before relaxing)
 .eh_frame      0x000000000002ad54       0x40 obj_cooja/mtype34.a(simEnvChange.o)
                                         0x58 (size before relaxing)
 .eh_frame      0x000000000002ad94       0xc0 obj_cooja/mtype34.a(cooja_mt.o)
                                         0xd8 (size before relaxing)
 .eh_frame      0x000000000002ae54      0x120 obj_cooja/mtype34.a(cooja_mtarch.o)
                                        0x138 (size before relaxing)
 .eh_frame      0x000000000002af74       0xc0 obj_cooja/mtype34.a(rtimer-arch.o)
                                         0xd8 (size before relaxing)
 .eh_frame      0x000000000002b034      0x160 obj_cooja/mtype34.a(beep.o)
                                        0x178 (size before relaxing)
 .eh_frame      0x000000000002b194       0xa0 obj_cooja/mtype34.a(button-sensor.o)
                                         0xb8 (size before relaxing)
 .eh_frame      0x000000000002b234       0xa0 obj_cooja/mtype34.a(leds-arch.o)
                                         0xb8 (size before relaxing)
 .eh_frame      0x000000000002b2d4       0x40 obj_cooja/mtype34.a(moteid.o)
                                         0x58 (size before relaxing)
 .eh_frame      0x000000000002b314       0xa0 obj_cooja/mtype34.a(pir-sensor.o)
                                         0xb8 (size before relaxing)
 .eh_frame      0x000000000002b3b4      0x100 obj_cooja/mtype34.a(rs232.o)
                                        0x118 (size before relaxing)
 .eh_frame      0x000000000002b4b4       0xa0 obj_cooja/mtype34.a(vib-sensor.o)
                                         0xb8 (size before relaxing)
 .eh_frame      0x000000000002b554       0xc0 obj_cooja/mtype34.a(clock.o)
                                         0xd8 (size before relaxing)
 .eh_frame      0x000000000002b614      0x120 obj_cooja/mtype34.a(log.o)
                                        0x138 (size before relaxing)
 .eh_frame      0x000000000002b734      0x160 obj_cooja/mtype34.a(cfs-cooja.o)
                                        0x178 (size before relaxing)
 .eh_frame      0x000000000002b894      0x2e0 obj_cooja/mtype34.a(cooja-radio.o)
                                        0x2f8 (size before relaxing)
 .eh_frame      0x000000000002bb74       0xa0 obj_cooja/mtype34.a(eeprom.o)
                                         0xb8 (size before relaxing)
 .eh_frame      0x000000000002bc14       0x40 obj_cooja/mtype34.a(random.o)
                                         0x58 (size before relaxing)
 .eh_frame      0x000000000002bc54       0xc0 obj_cooja/mtype34.a(sensors.o)
                                         0xd8 (size before relaxing)
 .eh_frame      0x000000000002bd14      0x100 obj_cooja/mtype34.a(leds.o)
                                        0x118 (size before relaxing)
 .eh_frame      0x000000000002be14      0x1a0 obj_cooja/mtype34.a(dual_conf.o)
                                        0x1b8 (size before relaxing)
 .eh_frame      0x000000000002bfb4       0x40 obj_cooja/mtype34.a(autostart.o)
                                         0x58 (size before relaxing)
 .eh_frame      0x000000000002bff4      0x100 obj_cooja/mtype34.a(ctimer.o)
                                        0x118 (size before relaxing)
 .eh_frame      0x000000000002c0f4      0x1e0 obj_cooja/mtype34.a(etimer.o)
                                        0x1f8 (size before relaxing)
 .eh_frame      0x000000000002c2d4       0x40 obj_cooja/mtype34.a(log_message.o)
                                         0x58 (size before relaxing)
 .eh_frame      0x000000000002c314      0x1c8 obj_cooja/mtype34.a(process.o)
                                        0x1e0 (size before relaxing)
 .eh_frame      0x000000000002c4dc       0x2c obj_cooja/mtype34.a(residual.o)
                                         0x44 (size before relaxing)
 .eh_frame      0x000000000002c508       0x60 obj_cooja/mtype34.a(rtimer.o)
                                         0x78 (size before relaxing)
 .eh_frame      0x000000000002c568       0xc4 obj_cooja/mtype34.a(stimer.o)
                                         0xdc (size before relaxing)
 .eh_frame      0x000000000002c62c       0xa4 obj_cooja/mtype34.a(timer.o)
                                         0xbc (size before relaxing)
 .eh_frame      0x000000000002c6d0       0x60 obj_cooja/mtype34.a(serial-line.o)
                                         0x78 (size before relaxing)
 .eh_frame      0x000000000002c730      0x180 obj_cooja/mtype34.a(list.o)
                                        0x198 (size before relaxing)
 .eh_frame      0x000000000002c8b0       0xa0 obj_cooja/mtype34.a(ringbuf.o)
                                         0xb8 (size before relaxing)
 .eh_frame      0x000000000002c950      0x350 obj_cooja/mtype34.a(sicslowpan.o)
                                        0x368 (size before relaxing)
 .eh_frame      0x000000000002cca0      0x180 obj_cooja/mtype34.a(uip-ds6-nbr.o)
                                        0x198 (size before relaxing)
 .eh_frame      0x000000000002ce20      0x2a0 obj_cooja/mtype34.a(uip-ds6-route.o)
                                        0x2b8 (size before relaxing)
 .eh_frame      0x000000000002d0c0      0x3c8 obj_cooja/mtype34.a(uip-ds6.o)
                                        0x3e0 (size before relaxing)
 .eh_frame      0x000000000002d488      0x27c obj_cooja/mtype34.a(uip6.o)
                                        0x294 (size before relaxing)
 .eh_frame      0x000000000002d704      0x270 obj_cooja/mtype34.a(tcpip.o)
                                        0x288 (size before relaxing)
 .eh_frame      0x000000000002d974       0x48 obj_cooja/mtype34.a(uip-debug.o)
                                         0x60 (size before relaxing)
 .eh_frame      0x000000000002d9bc       0xe0 obj_cooja/mtype34.a(uip-packetqueue)
                                         0xf8 (size before relaxing)
 .eh_frame      0x000000000002da9c       0x40 obj_cooja/mtype34.a(uip-udp-packet.)
                                         0x58 (size before relaxing)
 .eh_frame      0x000000000002dadc      0x76c obj_cooja/mtype34.a(rpl-dag.o)
                                        0x784 (size before relaxing)
 .eh_frame      0x000000000002e248      0x10c obj_cooja/mtype34.a(rpl-ext-header.)
                                        0x124 (size before relaxing)
 .eh_frame      0x000000000002e354      0x308 obj_cooja/mtype34.a(rpl-icmp6.o)
                                        0x320 (size before relaxing)
 .eh_frame      0x000000000002e65c       0xe0 obj_cooja/mtype34.a(rpl-ltmax.o)
                                         0xf8 (size before relaxing)
 .eh_frame      0x000000000002e73c      0x26c obj_cooja/mtype34.a(rpl-timers.o)
                                        0x284 (size before relaxing)
 .eh_frame      0x000000000002e9a8      0x148 obj_cooja/mtype34.a(rpl.o)
                                        0x160 (size before relaxing)
 .eh_frame      0x000000000002eaf0      0x108 obj_cooja/mtype34.a(framer-802154.o)
                                        0x120 (size before relaxing)
 .eh_frame      0x000000000002ebf8       0xc0 obj_cooja/mtype34.a(nullmac.o)
                                         0xd8 (size before relaxing)
 .eh_frame      0x000000000002ecb8      0x2bc obj_cooja/mtype34.a(cxmac.o)
                                        0x2d4 (size before relaxing)
 .eh_frame      0x000000000002ef74       0x80 obj_cooja/mtype34.a(linkaddr.o)
                                         0x98 (size before relaxing)
 .eh_frame      0x000000000002eff4      0x2cc obj_cooja/mtype34.a(nbr-table.o)
                                        0x2e4 (size before relaxing)
 .eh_frame      0x000000000002f2c0       0x20 obj_cooja/mtype34.a(netstack.o)
                                         0x38 (size before relaxing)
 .eh_frame      0x000000000002f2e0      0x214 obj_cooja/mtype34.a(packetbuf.o)
                                        0x22c (size before relaxing)
 .eh_frame      0x000000000002f4f4      0x1a0 obj_cooja/mtype34.a(queuebuf.o)
                                        0x1b8 (size before relaxing)
 .eh_frame      0x000000000002f694       0x80 obj_cooja/mtype34.a(nullsec.o)
                                         0x98 (size before relaxing)
 .eh_frame      0x000000000002f714       0xa0 obj_cooja/mtype34.a(watchdog.o)
                                         0xb8 (size before relaxing)
 .eh_frame      0x000000000002f7b4       0xa0 obj_cooja/mtype34.a(memb.o)
                                         0xb8 (size before relaxing)
 .eh_frame      0x000000000002f854      0x164 obj_cooja/mtype34.a(uip-icmp6.o)
                                        0x17c (size before relaxing)
 .eh_frame      0x000000000002f9b8       0x68 obj_cooja/mtype34.a(uip-nd6.o)
                                         0x80 (size before relaxing)
 .eh_frame      0x000000000002fa20       0xc0 obj_cooja/mtype34.a(rpl-nbr-policy.)
                                         0xd8 (size before relaxing)
 .eh_frame      0x000000000002fae0      0x164 obj_cooja/mtype34.a(frame802154.o)
                                        0x17c (size before relaxing)
 .eh_frame      0x000000000002fc44       0x20 obj_cooja/mtype34.a(mac.o)
                                         0x38 (size before relaxing)
 .eh_frame      0x000000000002fc64        0x4 /usr/lib/gcc/i686-linux-gnu/4.8/crtendS.o

.gcc_except_table
 *(.gcc_except_table .gcc_except_table.*)

.exception_ranges
 *(.exception_ranges .exception_ranges*)
                0x000000000002fc68                . = (ALIGN (0x1000) - ((0x1000 - .) & 0xfff))
                0x0000000000030ef8                . = DATA_SEGMENT_ALIGN (0x1000, 0x1000)

.eh_frame
 *(.eh_frame)

.gcc_except_table
 *(.gcc_except_table .gcc_except_table.*)

.exception_ranges
 *(.exception_ranges .exception_ranges*)

.tdata
 *(.tdata .tdata.* .gnu.linkonce.td.*)

.tbss
 *(.tbss .tbss.* .gnu.linkonce.tb.*)
 *(.tcommon)

.preinit_array
 *(.preinit_array)

.init_array     0x0000000000030ef8        0x4
 *(SORT(.init_array.*) SORT(.ctors.*))
 *(.init_array EXCLUDE_FILE(*crtend?.o *crtend.o *crtbegin?.o *crtbegin.o) .ctors)
 .init_array    0x0000000000030ef8        0x4 /usr/lib/gcc/i686-linux-gnu/4.8/crtbeginS.o

.fini_array     0x0000000000030efc        0x4
 *(SORT(.fini_array.*) SORT(.dtors.*))
 *(.fini_array EXCLUDE_FILE(*crtend?.o *crtend.o *crtbegin?.o *crtbegin.o) .dtors)
 .fini_array    0x0000000000030efc        0x4 /usr/lib/gcc/i686-linux-gnu/4.8/crtbeginS.o

.ctors
 *crtbegin.o(.ctors)
 *crtbegin?.o(.ctors)
 *(EXCLUDE_FILE(*crtend?.o *crtend.o) .ctors)
 *(SORT(.ctors.*))
 *(.ctors)

.dtors
 *crtbegin.o(.dtors)
 *crtbegin?.o(.dtors)
 *(EXCLUDE_FILE(*crtend?.o *crtend.o) .dtors)
 *(SORT(.dtors.*))
 *(.dtors)

.jcr            0x0000000000030f00        0x4
 *(.jcr)
 .jcr           0x0000000000030f00        0x0 /usr/lib/gcc/i686-linux-gnu/4.8/crtbeginS.o
 .jcr           0x0000000000030f00        0x4 /usr/lib/gcc/i686-linux-gnu/4.8/crtendS.o

.data.rel.ro
 *(.data.rel.ro.local* .gnu.linkonce.d.rel.ro.local.*)
 *(.data.rel.ro .data.rel.ro.* .gnu.linkonce.d.rel.ro.*)

.dynamic        0x0000000000030f04       0xe8
 *(.dynamic)
 .dynamic       0x0000000000030f04       0xe8 /usr/lib/gcc/i686-linux-gnu/4.8/../../../i386-linux-gnu/crti.o
                0x0000000000030f04                _DYNAMIC

.got            0x0000000000030fec       0x14
 *(.got)
 .got           0x0000000000030fec       0x14 /usr/lib/gcc/i686-linux-gnu/4.8/../../../i386-linux-gnu/crti.o
 *(.igot)
                0x0000000000031ff4                . = DATA_SEGMENT_RELRO_END (., (SIZEOF (.got.plt) >= 0xc)?0xc:0x0)

.got.plt        0x0000000000031000       0x14
 *(.got.plt)
 .got.plt       0x0000000000031000       0x14 /usr/lib/gcc/i686-linux-gnu/4.8/../../../i386-linux-gnu/crti.o
                0x0000000000031000                _GLOBAL_OFFSET_TABLE_
 *(.igot.plt)

.data           0x0000000000031020      0x29a
 *(.data .data.* .gnu.linkonce.d.*)
 .data          0x0000000000031020        0x0 /usr/lib/gcc/i686-linux-gnu/4.8/../../../i386-linux-gnu/crti.o
 .data          0x0000000000031020        0x0 /usr/lib/gcc/i686-linux-gnu/4.8/crtbeginS.o
 .data.rel      0x0000000000031020        0x4 /usr/lib/gcc/i686-linux-gnu/4.8/crtbeginS.o
                0x0000000000031020                __dso_handle
 .data          0x0000000000031024       0x10 udp-client.co
                0x0000000000031024                udp_client_process
 *fill*         0x0000000000031034        0xc 
 .data          0x0000000000031040       0x44 obj_cooja/mtype34.o
                0x0000000000031040                simInterfaces
                0x0000000000031074                sensors
 .data          0x0000000000031084        0x0 obj_cooja/mtype34.a(simEnvChange.o)
 .data          0x0000000000031084        0x0 obj_cooja/mtype34.a(cooja_mt.o)
 .data          0x0000000000031084        0x0 obj_cooja/mtype34.a(cooja_mtarch.o)
 .data          0x0000000000031084        0x0 obj_cooja/mtype34.a(rtimer-arch.o)
 .data          0x0000000000031084        0x0 obj_cooja/mtype34.a(beep.o)
 .data          0x0000000000031084        0x0 obj_cooja/mtype34.a(button-sensor.o)
 .data          0x0000000000031084        0x0 obj_cooja/mtype34.a(leds-arch.o)
 .data          0x0000000000031084        0x0 obj_cooja/mtype34.a(moteid.o)
 .data          0x0000000000031084        0x0 obj_cooja/mtype34.a(pir-sensor.o)
 .data          0x0000000000031084        0x0 obj_cooja/mtype34.a(rs232.o)
 .data          0x0000000000031084        0x0 obj_cooja/mtype34.a(vib-sensor.o)
 .data          0x0000000000031084        0x0 obj_cooja/mtype34.a(clock.o)
 .data          0x0000000000031084        0x0 obj_cooja/mtype34.a(log.o)
 .data          0x0000000000031084        0x0 obj_cooja/mtype34.a(cfs-cooja.o)
 .data          0x0000000000031084       0x40 obj_cooja/mtype34.a(cooja-radio.o)
                0x0000000000031084                simRadioChannelLR
                0x0000000000031088                simRadioHWOnLR
                0x000000000003108c                simSignalStrengthLR
                0x0000000000031090                simLastSignalStrengthLR
                0x0000000000031094                simPowerLR
                0x0000000000031098                simLQILR
                0x000000000003109c                simRadioChannel
                0x00000000000310a0                simRadioHWOn
                0x00000000000310a4                simSignalStrength
                0x00000000000310a8                simLastSignalStrength
                0x00000000000310ac                simPower
                0x00000000000310b0                simLQI
                0x00000000000310b4                cooja_radio_process
 .data          0x00000000000310c4        0x0 obj_cooja/mtype34.a(eeprom.o)
 .data          0x00000000000310c4        0x0 obj_cooja/mtype34.a(random.o)
 .data          0x00000000000310c4       0x10 obj_cooja/mtype34.a(sensors.o)
                0x00000000000310c4                sensors_process
 .data          0x00000000000310d4        0x0 obj_cooja/mtype34.a(leds.o)
 .data          0x00000000000310d4       0x3a obj_cooja/mtype34.a(dual_conf.o)
                0x00000000000310d4                radio_received
                0x00000000000310d8                dual_dio_broadcast
                0x00000000000310e8                dual_dis_broadcast
                0x00000000000310f8                dual_LSA_converge_broadcast
 .data          0x000000000003110e        0x0 obj_cooja/mtype34.a(autostart.o)
 *fill*         0x000000000003110e        0x2 
 .data          0x0000000000031110       0x14 obj_cooja/mtype34.a(ctimer.o)
                0x0000000000031114                ctimer_process
 .data          0x0000000000031124       0x10 obj_cooja/mtype34.a(etimer.o)
                0x0000000000031124                etimer_process
 .data          0x0000000000031134        0x0 obj_cooja/mtype34.a(log_message.o)
 .data          0x0000000000031134        0x0 obj_cooja/mtype34.a(process.o)
 .data          0x0000000000031134        0x0 obj_cooja/mtype34.a(residual.o)
 .data          0x0000000000031134        0x0 obj_cooja/mtype34.a(rtimer.o)
 .data          0x0000000000031134        0x0 obj_cooja/mtype34.a(stimer.o)
 .data          0x0000000000031134        0x0 obj_cooja/mtype34.a(timer.o)
 .data          0x0000000000031134       0x10 obj_cooja/mtype34.a(serial-line.o)
                0x0000000000031134                serial_line_process
 .data          0x0000000000031144        0x0 obj_cooja/mtype34.a(list.o)
 .data          0x0000000000031144        0x0 obj_cooja/mtype34.a(ringbuf.o)
 .data          0x0000000000031144        0x0 obj_cooja/mtype34.a(sicslowpan.o)
 .data          0x0000000000031144       0x14 obj_cooja/mtype34.a(uip-ds6-nbr.o)
                0x0000000000031154                ds6_neighbors
 .data          0x0000000000031158       0x44 obj_cooja/mtype34.a(uip-ds6-route.o)
                0x0000000000031168                nbr_routes
 .data          0x000000000003119c        0x0 obj_cooja/mtype34.a(uip-ds6.o)
 .data          0x000000000003119c        0x0 obj_cooja/mtype34.a(uip6.o)
 .data          0x000000000003119c       0x10 obj_cooja/mtype34.a(tcpip.o)
                0x000000000003119c                tcpip_process
 .data          0x00000000000311ac        0x0 obj_cooja/mtype34.a(uip-debug.o)
 .data          0x00000000000311ac        0xc obj_cooja/mtype34.a(uip-packetqueue)
 .data          0x00000000000311b8        0x0 obj_cooja/mtype34.a(uip-udp-packet.)
 .data          0x00000000000311b8       0x28 obj_cooja/mtype34.a(rpl-dag.o)
                0x00000000000311c8                rpl_parents
                0x00000000000311dc                rpl_children
 .data          0x00000000000311e0        0x0 obj_cooja/mtype34.a(rpl-ext-header.)
 .data          0x00000000000311e0       0x40 obj_cooja/mtype34.a(rpl-icmp6.o)
 .data          0x0000000000031220       0x1c obj_cooja/mtype34.a(rpl-ltmax.o)
                0x0000000000031220                rpl_ltmax_of
 .data          0x000000000003123c        0x0 obj_cooja/mtype34.a(rpl-timers.o)
 .data          0x000000000003123c        0x0 obj_cooja/mtype34.a(rpl.o)
 .data          0x000000000003123c        0x0 obj_cooja/mtype34.a(framer-802154.o)
 .data          0x000000000003123c        0x0 obj_cooja/mtype34.a(nullmac.o)
 .data          0x000000000003123c       0x30 obj_cooja/mtype34.a(cxmac.o)
                0x000000000003123c                cxmac_config
                0x000000000003124c                strobe_wait
 .data          0x000000000003126c        0x0 obj_cooja/mtype34.a(linkaddr.o)
 .data          0x000000000003126c       0x10 obj_cooja/mtype34.a(nbr-table.o)
 .data          0x000000000003127c        0x0 obj_cooja/mtype34.a(netstack.o)
 .data          0x000000000003127c        0x4 obj_cooja/mtype34.a(packetbuf.o)
 .data          0x0000000000031280       0x18 obj_cooja/mtype34.a(queuebuf.o)
 .data          0x0000000000031298        0x0 obj_cooja/mtype34.a(nullsec.o)
 .data          0x0000000000031298        0x0 obj_cooja/mtype34.a(watchdog.o)
 .data          0x0000000000031298        0x0 obj_cooja/mtype34.a(rimestats.o)
 .data          0x0000000000031298        0x0 obj_cooja/mtype34.a(memb.o)
 .data          0x0000000000031298       0x20 obj_cooja/mtype34.a(uip-icmp6.o)
 .data          0x00000000000312b8        0x0 obj_cooja/mtype34.a(uip-nd6.o)
 .data          0x00000000000312b8        0x0 obj_cooja/mtype34.a(rpl-nbr-policy.)
 .data          0x00000000000312b8        0x2 obj_cooja/mtype34.a(frame802154.o)
 .data          0x00000000000312ba        0x0 obj_cooja/mtype34.a(mac.o)
 .data          0x00000000000312ba        0x0 /usr/lib/gcc/i686-linux-gnu/4.8/crtendS.o
 .data          0x00000000000312ba        0x0 /usr/lib/gcc/i686-linux-gnu/4.8/../../../i386-linux-gnu/crtn.o

.tm_clone_table
                0x00000000000312bc        0x0
 .tm_clone_table
                0x00000000000312bc        0x0 /usr/lib/gcc/i686-linux-gnu/4.8/crtbeginS.o
 .tm_clone_table
                0x00000000000312bc        0x0 /usr/lib/gcc/i686-linux-gnu/4.8/crtendS.o

.data1
 *(.data1)
                0x00000000000312bc                _edata = .
                0x00000000000312bc                PROVIDE (edata, .)
                0x00000000000312bc                . = .
                0x00000000000312bc                __bss_start = .

.bss            0x00000000000312c0     0x8388
 *(.dynbss)
 .dynbss        0x0000000000000000        0x0 /usr/lib/gcc/i686-linux-gnu/4.8/../../../i386-linux-gnu/crti.o
 *(.bss .bss.* .gnu.linkonce.b.*)
 .bss           0x00000000000312c0        0x0 /usr/lib/gcc/i686-linux-gnu/4.8/../../../i386-linux-gnu/crti.o
 .bss           0x00000000000312c0        0x1 /usr/lib/gcc/i686-linux-gnu/4.8/crtbeginS.o
 *fill*         0x00000000000312c1       0x1f 
 .bss           0x00000000000312e0       0x60 udp-client.co
                0x00000000000312e0                my_weight
 .bss           0x0000000000031340     0x2030 obj_cooja/mtype34.o
 .bss           0x0000000000033370        0x1 obj_cooja/mtype34.a(simEnvChange.o)
                0x0000000000033370                simDontFallAsleep
 *fill*         0x0000000000033371        0x3 
 .bss           0x0000000000033374        0x4 obj_cooja/mtype34.a(cooja_mt.o)
 .bss           0x0000000000033378        0x4 obj_cooja/mtype34.a(cooja_mtarch.o)
 .bss           0x000000000003337c        0xc obj_cooja/mtype34.a(rtimer-arch.o)
 .bss           0x0000000000033388        0x0 obj_cooja/mtype34.a(beep.o)
 .bss           0x0000000000033388        0x8 obj_cooja/mtype34.a(button-sensor.o)
 .bss           0x0000000000033390        0x0 obj_cooja/mtype34.a(leds-arch.o)
 .bss           0x0000000000033390        0x0 obj_cooja/mtype34.a(moteid.o)
 .bss           0x0000000000033390        0x1 obj_cooja/mtype34.a(pir-sensor.o)
                0x0000000000033390                simPirValue
 *fill*         0x0000000000033391        0x3 
 .bss           0x0000000000033394        0x4 obj_cooja/mtype34.a(rs232.o)
 .bss           0x0000000000033398        0x1 obj_cooja/mtype34.a(vib-sensor.o)
                0x0000000000033398                simVibValue
 .bss           0x0000000000033399        0x0 obj_cooja/mtype34.a(clock.o)
 *fill*         0x0000000000033399        0x7 
 .bss           0x00000000000333a0      0x420 obj_cooja/mtype34.a(log.o)
 .bss           0x00000000000337c0      0xfc0 obj_cooja/mtype34.a(cfs-cooja.o)
                0x00000000000337c0                simCFSData
                0x0000000000034760                simCFSSize
                0x0000000000034764                simCFSChanged
                0x0000000000034768                simCFSRead
                0x000000000003476c                simCFSWritten
 .bss           0x0000000000034780       0x24 obj_cooja/mtype34.a(cooja-radio.o)
                0x0000000000034780                simReceivingLR
                0x0000000000034784                simInSizeLR
                0x0000000000034788                simOutSizeLR
                0x000000000003478c                simReceiving
                0x0000000000034790                simInSize
                0x0000000000034794                simOutSize
                0x0000000000034798                LongRangeTransmit
                0x000000000003479c                LongRangeReceiving
 .bss           0x00000000000347a4        0xc obj_cooja/mtype34.a(eeprom.o)
                0x00000000000347a4                simEEPROMChanged
                0x00000000000347a8                simEEPROMRead
                0x00000000000347ac                simEEPROMWritten
 .bss           0x00000000000347b0        0x0 obj_cooja/mtype34.a(random.o)
 .bss           0x00000000000347b0        0xc obj_cooja/mtype34.a(sensors.o)
 .bss           0x00000000000347bc        0x1 obj_cooja/mtype34.a(leds.o)
 *fill*         0x00000000000347bd        0x3 
 .bss           0x00000000000347c0       0x40 obj_cooja/mtype34.a(dual_conf.o)
                0x00000000000347c0                long_range_radio
 .bss           0x0000000000034800        0x0 obj_cooja/mtype34.a(autostart.o)
 .bss           0x0000000000034800        0x5 obj_cooja/mtype34.a(ctimer.o)
 *fill*         0x0000000000034805        0x3 
 .bss           0x0000000000034808        0x8 obj_cooja/mtype34.a(etimer.o)
 .bss           0x0000000000034810        0x0 obj_cooja/mtype34.a(log_message.o)
 *fill*         0x0000000000034810       0x10 
 .bss           0x0000000000034820      0x1b1 obj_cooja/mtype34.a(process.o)
                0x0000000000034820                process_list
                0x0000000000034824                process_current
 .bss           0x00000000000349d1        0x0 obj_cooja/mtype34.a(residual.o)
 *fill*         0x00000000000349d1        0x3 
 .bss           0x00000000000349d4        0x4 obj_cooja/mtype34.a(rtimer.o)
 .bss           0x00000000000349d8        0x0 obj_cooja/mtype34.a(stimer.o)
 .bss           0x00000000000349d8        0x0 obj_cooja/mtype34.a(timer.o)
 *fill*         0x00000000000349d8        0x8 
 .bss           0x00000000000349e0      0x140 obj_cooja/mtype34.a(serial-line.o)
 .bss           0x0000000000034b20        0x0 obj_cooja/mtype34.a(list.o)
 .bss           0x0000000000034b20        0x0 obj_cooja/mtype34.a(ringbuf.o)
 .bss           0x0000000000034b20      0x70c obj_cooja/mtype34.a(sicslowpan.o)
 *fill*         0x000000000003522c       0x14 
 .bss           0x0000000000035240       0xc0 obj_cooja/mtype34.a(uip-ds6-nbr.o)
 .bss           0x0000000000035300      0x4a8 obj_cooja/mtype34.a(uip-ds6-route.o)
 .bss           0x00000000000357a8       0x30 obj_cooja/mtype34.a(uip-ds6.o)
 .bss           0x00000000000357d8        0xe obj_cooja/mtype34.a(uip6.o)
                0x00000000000357d8                uip_ext_bitmap
                0x00000000000357d9                uip_ext_len
                0x00000000000357da                uip_ext_opt_offset
 *fill*         0x00000000000357e6       0x1a 
 .bss           0x0000000000035800       0x6b obj_cooja/mtype34.a(tcpip.o)
 .bss           0x000000000003586b        0x0 obj_cooja/mtype34.a(uip-debug.o)
 *fill*         0x000000000003586b       0x15 
 .bss           0x0000000000035880      0xcf8 obj_cooja/mtype34.a(uip-packetqueue)
 .bss           0x0000000000036578        0x0 obj_cooja/mtype34.a(uip-udp-packet.)
 *fill*         0x0000000000036578        0x8 
 .bss           0x0000000000036580       0x88 obj_cooja/mtype34.a(rpl-dag.o)
 .bss           0x0000000000036608        0x0 obj_cooja/mtype34.a(rpl-ext-header.)
 .bss           0x0000000000036608        0x0 obj_cooja/mtype34.a(rpl-icmp6.o)
 .bss           0x0000000000036608        0x0 obj_cooja/mtype34.a(rpl-ltmax.o)
 *fill*         0x0000000000036608       0x18 
 .bss           0x0000000000036620       0x60 obj_cooja/mtype34.a(rpl-timers.o)
 .bss           0x0000000000036680        0x4 obj_cooja/mtype34.a(rpl.o)
 .bss           0x0000000000036684        0x2 obj_cooja/mtype34.a(framer-802154.o)
 .bss           0x0000000000036686        0x0 obj_cooja/mtype34.a(nullmac.o)
 *fill*         0x0000000000036686       0x1a 
 .bss           0x00000000000366a0       0xb0 obj_cooja/mtype34.a(cxmac.o)
 .bss           0x0000000000036750        0x0 obj_cooja/mtype34.a(linkaddr.o)
 *fill*         0x0000000000036750       0x10 
 .bss           0x0000000000036760       0xc4 obj_cooja/mtype34.a(nbr-table.o)
 .bss           0x0000000000036824        0x0 obj_cooja/mtype34.a(netstack.o)
 *fill*         0x0000000000036824       0x1c 
 .bss           0x0000000000036840       0xa0 obj_cooja/mtype34.a(packetbuf.o)
 .bss           0x00000000000368e0      0xb80 obj_cooja/mtype34.a(queuebuf.o)
 .bss           0x0000000000037460        0x0 obj_cooja/mtype34.a(nullsec.o)
 .bss           0x0000000000037460        0x0 obj_cooja/mtype34.a(watchdog.o)
 .bss           0x0000000000037460        0x0 obj_cooja/mtype34.a(rimestats.o)
 .bss           0x0000000000037460        0x0 obj_cooja/mtype34.a(memb.o)
 .bss           0x0000000000037460       0x18 obj_cooja/mtype34.a(uip-icmp6.o)
 .bss           0x0000000000037478        0x0 obj_cooja/mtype34.a(uip-nd6.o)
 *fill*         0x0000000000037478        0x8 
 .bss           0x0000000000037480       0x44 obj_cooja/mtype34.a(rpl-nbr-policy.)
 .bss           0x00000000000374c4        0x0 obj_cooja/mtype34.a(frame802154.o)
 .bss           0x00000000000374c4        0x0 obj_cooja/mtype34.a(mac.o)
 .bss           0x00000000000374c4        0x0 /usr/lib/gcc/i686-linux-gnu/4.8/crtendS.o
 .bss           0x00000000000374c4        0x0 /usr/lib/gcc/i686-linux-gnu/4.8/../../../i386-linux-gnu/crtn.o
 *(COMMON)
 COMMON         0x00000000000374c4       0x54 udp-client.co
                0x00000000000374c4                dio_count
                0x00000000000374c8                dis_count
                0x00000000000374cc                collision_count
                0x00000000000374d0                transmission_count
                0x00000000000374d4                COOJA_radioRxLong
                0x00000000000374d8                LSA_message_input
                0x00000000000374dc                control_message_count
                0x00000000000374e0                dao_count
                0x00000000000374e4                COOJA_radioTx
                0x00000000000374e8                LSA_SR_preamble
                0x00000000000374ec                data_relay_count
                0x00000000000374f0                LSA_lr_child
                0x00000000000374f4                data_message_count
                0x00000000000374f8                LSA_converge
                0x00000000000374f9                my_sink_reachability
                0x00000000000374fc                COOJA_radioTxLong
                0x0000000000037500                COOJA_radioRx
                0x0000000000037504                my_parent_number
                0x0000000000037508                COOJA_radioOn
                0x000000000003750c                COOJA_duration
                0x0000000000037510                dio_ack_count
                0x0000000000037514                COOJA_radioOnLong
 COMMON         0x0000000000037518        0xc obj_cooja/mtype34.o
                0x0000000000037518                referenceVar
                0x000000000003751c                debugfp
                0x0000000000037520                sensors_flags
 COMMON         0x0000000000037524        0xc obj_cooja/mtype34.a(simEnvChange.o)
                0x0000000000037524                simEtimerPending
                0x0000000000037528                simProcessRunValue
                0x000000000003752c                simNextExpirationTime
 COMMON         0x0000000000037530        0x1 obj_cooja/mtype34.a(beep.o)
                0x0000000000037530                simBeeped
 COMMON         0x0000000000037531        0x3 obj_cooja/mtype34.a(button-sensor.o)
                0x0000000000037531                simButtonIsActive
                0x0000000000037532                simButtonIsDown
                0x0000000000037533                simButtonChanged
 COMMON         0x0000000000037534        0x1 obj_cooja/mtype34.a(leds-arch.o)
                0x0000000000037534                simLedsValue
 *fill*         0x0000000000037535        0x3 
 COMMON         0x0000000000037538        0xc obj_cooja/mtype34.a(moteid.o)
                0x0000000000037538                simRandomSeed
                0x000000000003753c                simMoteIDChanged
                0x0000000000037540                simMoteID
 COMMON         0x0000000000037544        0x2 obj_cooja/mtype34.a(pir-sensor.o)
                0x0000000000037544                simPirIsActive
                0x0000000000037545                simPirChanged
 *fill*         0x0000000000037546       0x1a 
 COMMON         0x0000000000037560      0x820 obj_cooja/mtype34.a(rs232.o)
                0x0000000000037560                simSerialReceivingFlag
                0x0000000000037564                simSerialReceivingLength
                0x0000000000037580                simSerialReceivingData
 COMMON         0x0000000000037d80        0x2 obj_cooja/mtype34.a(vib-sensor.o)
                0x0000000000037d80                simVibChanged
                0x0000000000037d81                simVibIsActive
 *fill*         0x0000000000037d82        0x2 
 COMMON         0x0000000000037d84        0x4 obj_cooja/mtype34.a(clock.o)
                0x0000000000037d84                simCurrentTime
 *fill*         0x0000000000037d88       0x18 
 COMMON         0x0000000000037da0      0x420 obj_cooja/mtype34.a(log.o)
                0x0000000000037da0                simLoggedLength
                0x0000000000037da4                simLoggedFlag
                0x0000000000037dc0                simLoggedData
 COMMON         0x00000000000381c0      0x240 obj_cooja/mtype34.a(cooja-radio.o)
                0x00000000000381c0                simOutDataBuffer
                0x0000000000038240                simRadioTarget
                0x0000000000038260                simInDataBufferLR
                0x00000000000382e0                simOutDataBufferLR
                0x0000000000038360                dual_duty_cycle_count
                0x0000000000038380                simInDataBuffer
 COMMON         0x0000000000038400      0x400 obj_cooja/mtype34.a(eeprom.o)
                0x0000000000038400                simEEPROMData
 COMMON         0x0000000000038800        0x1 obj_cooja/mtype34.a(sensors.o)
                0x0000000000038800                sensors_event
 *fill*         0x0000000000038801        0x3 
 COMMON         0x0000000000038804        0x4 obj_cooja/mtype34.a(log_message.o)
                0x0000000000038804                log_fp
 COMMON         0x0000000000038808        0x1 obj_cooja/mtype34.a(serial-line.o)
                0x0000000000038808                serial_line_event_message
 *fill*         0x0000000000038809       0x17 
 COMMON         0x0000000000038820       0x50 obj_cooja/mtype34.a(uip-ds6-nbr.o)
                0x0000000000038820                ds6_lr_addrmap
 *fill*         0x0000000000038870       0x10 
 COMMON         0x0000000000038880      0x298 obj_cooja/mtype34.a(uip-ds6.o)
                0x0000000000038880                uip_ds6_prefix_list
                0x00000000000388e0                uip_ds6_timer_periodic
                0x00000000000388f0                uip_ds6_netif_addr_list_offset
                0x0000000000038900                uip_ds6_if
                0x00000000000389f8                uip_ds6_timer_ra
                0x0000000000038a00                uip_ds6_addr_size
                0x0000000000038a20                long_uip_ds6_if
 *fill*         0x0000000000038b18        0x8 
 COMMON         0x0000000000038b20      0x8ec obj_cooja/mtype34.a(uip6.o)
                0x0000000000038b20                uip_slen
                0x0000000000038b22                uip_acc32
                0x0000000000038b40                uip_conns
                0x0000000000038c00                uip_lladdr
                0x0000000000038c08                uip_appdata
                0x0000000000038c0c                uip_flags
                0x0000000000038c20                uip_aligned_buf
                0x0000000000039260                uip_listenports
                0x0000000000039270                uip_len
                0x0000000000039272                uip_long_lladdr
                0x000000000003927c                uip_sappdata
                0x0000000000039280                uip_udp_conns
                0x0000000000039400                uip_udp_conn
                0x0000000000039404                uip_next_hdr
                0x0000000000039408                uip_conn
 COMMON         0x000000000003940c        0x1 obj_cooja/mtype34.a(tcpip.o)
                0x000000000003940c                tcpip_event
 *fill*         0x000000000003940d       0x13 
 COMMON         0x0000000000039420      0x198 obj_cooja/mtype34.a(rpl-dag.o)
                0x0000000000039420                default_instance
                0x0000000000039440                instance_table
 COMMON         0x00000000000395b8       0x10 obj_cooja/mtype34.a(linkaddr.o)
                0x00000000000395b8                linkaddr_node_addr
                0x00000000000395c0                long_linkaddr_node_addr
 COMMON         0x00000000000395c8       0x2e obj_cooja/mtype34.a(packetbuf.o)
                0x00000000000395c8                packetbuf_attrs
                0x00000000000395e6                packetbuf_addrs
 *fill*         0x00000000000395f6        0xa 
 COMMON         0x0000000000039600       0x48 obj_cooja/mtype34.a(rimestats.o)
                0x0000000000039600                rimestats
                0x0000000000039648                . = ALIGN ((. != 0x0)?0x4:0x1)
                0x0000000000039648                . = ALIGN (0x4)
                0x0000000000039648                . = SEGMENT_START ("ldata-segment", .)
                0x0000000000039648                . = ALIGN (0x4)
                0x0000000000039648                _end = .
                0x0000000000039648                PROVIDE (end, .)
                0x0000000000039648                . = DATA_SEGMENT_END (.)

.stab
 *(.stab)

.stabstr
 *(.stabstr)

.stab.excl
 *(.stab.excl)

.stab.exclstr
 *(.stab.exclstr)

.stab.index
 *(.stab.index)

.stab.indexstr
 *(.stab.indexstr)

.comment        0x0000000000000000       0x29
 *(.comment)
 .comment       0x0000000000000000       0x29 /usr/lib/gcc/i686-linux-gnu/4.8/crtbeginS.o
                                         0x2a (size before relaxing)
 .comment       0x0000000000000000       0x2a udp-client.co
 .comment       0x0000000000000000       0x2a obj_cooja/mtype34.o
 .comment       0x0000000000000000       0x2a obj_cooja/mtype34.a(simEnvChange.o)
 .comment       0x0000000000000000       0x2a obj_cooja/mtype34.a(cooja_mt.o)
 .comment       0x0000000000000000       0x2a obj_cooja/mtype34.a(cooja_mtarch.o)
 .comment       0x0000000000000000       0x2a obj_cooja/mtype34.a(rtimer-arch.o)
 .comment       0x0000000000000000       0x2a obj_cooja/mtype34.a(beep.o)
 .comment       0x0000000000000000       0x2a obj_cooja/mtype34.a(button-sensor.o)
 .comment       0x0000000000000000       0x2a obj_cooja/mtype34.a(leds-arch.o)
 .comment       0x0000000000000000       0x2a obj_cooja/mtype34.a(moteid.o)
 .comment       0x0000000000000000       0x2a obj_cooja/mtype34.a(pir-sensor.o)
 .comment       0x0000000000000000       0x2a obj_cooja/mtype34.a(rs232.o)
 .comment       0x0000000000000000       0x2a obj_cooja/mtype34.a(vib-sensor.o)
 .comment       0x0000000000000000       0x2a obj_cooja/mtype34.a(clock.o)
 .comment       0x0000000000000000       0x2a obj_cooja/mtype34.a(log.o)
 .comment       0x0000000000000000       0x2a obj_cooja/mtype34.a(cfs-cooja.o)
 .comment       0x0000000000000000       0x2a obj_cooja/mtype34.a(cooja-radio.o)
 .comment       0x0000000000000000       0x2a obj_cooja/mtype34.a(eeprom.o)
 .comment       0x0000000000000000       0x2a obj_cooja/mtype34.a(random.o)
 .comment       0x0000000000000000       0x2a obj_cooja/mtype34.a(sensors.o)
 .comment       0x0000000000000000       0x2a obj_cooja/mtype34.a(leds.o)
 .comment       0x0000000000000000       0x2a obj_cooja/mtype34.a(dual_conf.o)
 .comment       0x0000000000000000       0x2a obj_cooja/mtype34.a(autostart.o)
 .comment       0x0000000000000000       0x2a obj_cooja/mtype34.a(ctimer.o)
 .comment       0x0000000000000000       0x2a obj_cooja/mtype34.a(etimer.o)
 .comment       0x0000000000000000       0x2a obj_cooja/mtype34.a(log_message.o)
 .comment       0x0000000000000000       0x2a obj_cooja/mtype34.a(process.o)
 .comment       0x0000000000000000       0x2a obj_cooja/mtype34.a(residual.o)
 .comment       0x0000000000000000       0x2a obj_cooja/mtype34.a(rtimer.o)
 .comment       0x0000000000000000       0x2a obj_cooja/mtype34.a(stimer.o)
 .comment       0x0000000000000000       0x2a obj_cooja/mtype34.a(timer.o)
 .comment       0x0000000000000000       0x2a obj_cooja/mtype34.a(serial-line.o)
 .comment       0x0000000000000000       0x2a obj_cooja/mtype34.a(list.o)
 .comment       0x0000000000000000       0x2a obj_cooja/mtype34.a(ringbuf.o)
 .comment       0x0000000000000000       0x2a obj_cooja/mtype34.a(sicslowpan.o)
 .comment       0x0000000000000000       0x2a obj_cooja/mtype34.a(uip-ds6-nbr.o)
 .comment       0x0000000000000000       0x2a obj_cooja/mtype34.a(uip-ds6-route.o)
 .comment       0x0000000000000000       0x2a obj_cooja/mtype34.a(uip-ds6.o)
 .comment       0x0000000000000000       0x2a obj_cooja/mtype34.a(uip6.o)
 .comment       0x0000000000000000       0x2a obj_cooja/mtype34.a(tcpip.o)
 .comment       0x0000000000000000       0x2a obj_cooja/mtype34.a(uip-debug.o)
 .comment       0x0000000000000000       0x2a obj_cooja/mtype34.a(uip-packetqueue)
 .comment       0x0000000000000000       0x2a obj_cooja/mtype34.a(uip-udp-packet.)
 .comment       0x0000000000000000       0x2a obj_cooja/mtype34.a(rpl-dag.o)
 .comment       0x0000000000000000       0x2a obj_cooja/mtype34.a(rpl-ext-header.)
 .comment       0x0000000000000000       0x2a obj_cooja/mtype34.a(rpl-icmp6.o)
 .comment       0x0000000000000000       0x2a obj_cooja/mtype34.a(rpl-ltmax.o)
 .comment       0x0000000000000000       0x2a obj_cooja/mtype34.a(rpl-timers.o)
 .comment       0x0000000000000000       0x2a obj_cooja/mtype34.a(rpl.o)
 .comment       0x0000000000000000       0x2a obj_cooja/mtype34.a(framer-802154.o)
 .comment       0x0000000000000000       0x2a obj_cooja/mtype34.a(nullmac.o)
 .comment       0x0000000000000000       0x2a obj_cooja/mtype34.a(cxmac.o)
 .comment       0x0000000000000000       0x2a obj_cooja/mtype34.a(linkaddr.o)
 .comment       0x0000000000000000       0x2a obj_cooja/mtype34.a(nbr-table.o)
 .comment       0x0000000000000000       0x2a obj_cooja/mtype34.a(netstack.o)
 .comment       0x0000000000000000       0x2a obj_cooja/mtype34.a(packetbuf.o)
 .comment       0x0000000000000000       0x2a obj_cooja/mtype34.a(queuebuf.o)
 .comment       0x0000000000000000       0x2a obj_cooja/mtype34.a(nullsec.o)
 .comment       0x0000000000000000       0x2a obj_cooja/mtype34.a(watchdog.o)
 .comment       0x0000000000000000       0x2a obj_cooja/mtype34.a(rimestats.o)
 .comment       0x0000000000000000       0x2a obj_cooja/mtype34.a(memb.o)
 .comment       0x0000000000000000       0x2a obj_cooja/mtype34.a(uip-icmp6.o)
 .comment       0x0000000000000000       0x2a obj_cooja/mtype34.a(uip-nd6.o)
 .comment       0x0000000000000000       0x2a obj_cooja/mtype34.a(rpl-nbr-policy.)
 .comment       0x0000000000000000       0x2a obj_cooja/mtype34.a(frame802154.o)
 .comment       0x0000000000000000       0x2a obj_cooja/mtype34.a(mac.o)
 .comment       0x0000000000000000       0x2a /usr/lib/gcc/i686-linux-gnu/4.8/crtendS.o

.debug
 *(.debug)

.line
 *(.line)

.debug_srcinfo
 *(.debug_srcinfo)

.debug_sfnames
 *(.debug_sfnames)

.debug_aranges  0x0000000000000000      0x838
 *(.debug_aranges)
 .debug_aranges
                0x0000000000000000       0x20 udp-client.co
 .debug_aranges
                0x0000000000000020       0x20 obj_cooja/mtype34.o
 .debug_aranges
                0x0000000000000040       0x20 obj_cooja/mtype34.a(simEnvChange.o)
 .debug_aranges
                0x0000000000000060       0x20 obj_cooja/mtype34.a(cooja_mt.o)
 .debug_aranges
                0x0000000000000080       0x20 obj_cooja/mtype34.a(cooja_mtarch.o)
 .debug_aranges
                0x00000000000000a0       0x20 obj_cooja/mtype34.a(rtimer-arch.o)
 .debug_aranges
                0x00000000000000c0       0x20 obj_cooja/mtype34.a(beep.o)
 .debug_aranges
                0x00000000000000e0       0x20 obj_cooja/mtype34.a(button-sensor.o)
 .debug_aranges
                0x0000000000000100       0x20 obj_cooja/mtype34.a(leds-arch.o)
 .debug_aranges
                0x0000000000000120       0x20 obj_cooja/mtype34.a(moteid.o)
 .debug_aranges
                0x0000000000000140       0x20 obj_cooja/mtype34.a(pir-sensor.o)
 .debug_aranges
                0x0000000000000160       0x20 obj_cooja/mtype34.a(rs232.o)
 .debug_aranges
                0x0000000000000180       0x20 obj_cooja/mtype34.a(vib-sensor.o)
 .debug_aranges
                0x00000000000001a0       0x20 obj_cooja/mtype34.a(clock.o)
 .debug_aranges
                0x00000000000001c0       0x20 obj_cooja/mtype34.a(log.o)
 .debug_aranges
                0x00000000000001e0       0x20 obj_cooja/mtype34.a(cfs-cooja.o)
 .debug_aranges
                0x0000000000000200       0x20 obj_cooja/mtype34.a(cooja-radio.o)
 .debug_aranges
                0x0000000000000220       0x20 obj_cooja/mtype34.a(eeprom.o)
 .debug_aranges
                0x0000000000000240       0x20 obj_cooja/mtype34.a(random.o)
 .debug_aranges
                0x0000000000000260       0x20 obj_cooja/mtype34.a(sensors.o)
 .debug_aranges
                0x0000000000000280       0x20 obj_cooja/mtype34.a(leds.o)
 .debug_aranges
                0x00000000000002a0       0x20 obj_cooja/mtype34.a(dual_conf.o)
 .debug_aranges
                0x00000000000002c0       0x20 obj_cooja/mtype34.a(autostart.o)
 .debug_aranges
                0x00000000000002e0       0x20 obj_cooja/mtype34.a(ctimer.o)
 .debug_aranges
                0x0000000000000300       0x20 obj_cooja/mtype34.a(etimer.o)
 .debug_aranges
                0x0000000000000320       0x20 obj_cooja/mtype34.a(log_message.o)
 .debug_aranges
                0x0000000000000340       0x20 obj_cooja/mtype34.a(process.o)
 .debug_aranges
                0x0000000000000360       0x20 obj_cooja/mtype34.a(residual.o)
 .debug_aranges
                0x0000000000000380       0x20 obj_cooja/mtype34.a(rtimer.o)
 .debug_aranges
                0x00000000000003a0       0x20 obj_cooja/mtype34.a(stimer.o)
 .debug_aranges
                0x00000000000003c0       0x20 obj_cooja/mtype34.a(timer.o)
 .debug_aranges
                0x00000000000003e0       0x20 obj_cooja/mtype34.a(serial-line.o)
 .debug_aranges
                0x0000000000000400       0x20 obj_cooja/mtype34.a(list.o)
 .debug_aranges
                0x0000000000000420       0x20 obj_cooja/mtype34.a(ringbuf.o)
 .debug_aranges
                0x0000000000000440       0x20 obj_cooja/mtype34.a(sicslowpan.o)
 .debug_aranges
                0x0000000000000460       0x20 obj_cooja/mtype34.a(uip-ds6-nbr.o)
 .debug_aranges
                0x0000000000000480       0x20 obj_cooja/mtype34.a(uip-ds6-route.o)
 .debug_aranges
                0x00000000000004a0       0x20 obj_cooja/mtype34.a(uip-ds6.o)
 .debug_aranges
                0x00000000000004c0       0x20 obj_cooja/mtype34.a(uip6.o)
 .debug_aranges
                0x00000000000004e0       0x20 obj_cooja/mtype34.a(tcpip.o)
 .debug_aranges
                0x0000000000000500       0x20 obj_cooja/mtype34.a(uip-debug.o)
 .debug_aranges
                0x0000000000000520       0x20 obj_cooja/mtype34.a(uip-packetqueue)
 .debug_aranges
                0x0000000000000540       0x20 obj_cooja/mtype34.a(uip-udp-packet.)
 .debug_aranges
                0x0000000000000560       0x20 obj_cooja/mtype34.a(rpl-dag.o)
 .debug_aranges
                0x0000000000000580       0x20 obj_cooja/mtype34.a(rpl-ext-header.)
 .debug_aranges
                0x00000000000005a0       0x20 obj_cooja/mtype34.a(rpl-icmp6.o)
 .debug_aranges
                0x00000000000005c0       0x20 obj_cooja/mtype34.a(rpl-ltmax.o)
 .debug_aranges
                0x00000000000005e0       0x20 obj_cooja/mtype34.a(rpl-timers.o)
 .debug_aranges
                0x0000000000000600       0x20 obj_cooja/mtype34.a(rpl.o)
 .debug_aranges
                0x0000000000000620       0x20 obj_cooja/mtype34.a(framer-802154.o)
 .debug_aranges
                0x0000000000000640       0x20 obj_cooja/mtype34.a(nullmac.o)
 .debug_aranges
                0x0000000000000660       0x20 obj_cooja/mtype34.a(cxmac.o)
 .debug_aranges
                0x0000000000000680       0x20 obj_cooja/mtype34.a(linkaddr.o)
 .debug_aranges
                0x00000000000006a0       0x20 obj_cooja/mtype34.a(nbr-table.o)
 .debug_aranges
                0x00000000000006c0       0x20 obj_cooja/mtype34.a(netstack.o)
 .debug_aranges
                0x00000000000006e0       0x20 obj_cooja/mtype34.a(packetbuf.o)
 .debug_aranges
                0x0000000000000700       0x20 obj_cooja/mtype34.a(queuebuf.o)
 .debug_aranges
                0x0000000000000720       0x20 obj_cooja/mtype34.a(nullsec.o)
 .debug_aranges
                0x0000000000000740       0x20 obj_cooja/mtype34.a(watchdog.o)
 .debug_aranges
                0x0000000000000760       0x18 obj_cooja/mtype34.a(rimestats.o)
 .debug_aranges
                0x0000000000000778       0x20 obj_cooja/mtype34.a(memb.o)
 .debug_aranges
                0x0000000000000798       0x20 obj_cooja/mtype34.a(uip-icmp6.o)
 .debug_aranges
                0x00000000000007b8       0x20 obj_cooja/mtype34.a(uip-nd6.o)
 .debug_aranges
                0x00000000000007d8       0x20 obj_cooja/mtype34.a(rpl-nbr-policy.)
 .debug_aranges
                0x00000000000007f8       0x20 obj_cooja/mtype34.a(frame802154.o)
 .debug_aranges
                0x0000000000000818       0x20 obj_cooja/mtype34.a(mac.o)

.debug_pubnames
 *(.debug_pubnames)

.debug_info     0x0000000000000000    0x1d7a6
 *(.debug_info .gnu.linkonce.wi.*)
 .debug_info    0x0000000000000000      0xa67 udp-client.co
 .debug_info    0x0000000000000a67     0x3ac4 obj_cooja/mtype34.o
 .debug_info    0x000000000000452b      0x15a obj_cooja/mtype34.a(simEnvChange.o)
 .debug_info    0x0000000000004685      0x1e2 obj_cooja/mtype34.a(cooja_mt.o)
 .debug_info    0x0000000000004867      0x2e7 obj_cooja/mtype34.a(cooja_mtarch.o)
 .debug_info    0x0000000000004b4e      0x16b obj_cooja/mtype34.a(rtimer-arch.o)