Archive member included to satisfy reference by file (symbol)

obj_cooja/mtype680.a(simEnvChange.o)
                              obj_cooja/mtype680.o (simDontFallAsleep)
obj_cooja/mtype680.a(cooja_mt.o)
                              obj_cooja/mtype680.o (cooja_mt_start)
obj_cooja/mtype680.a(cooja_mtarch.o)
                              obj_cooja/mtype680.a(cooja_mt.o) (cooja_mtarch_init)
obj_cooja/mtype680.a(rtimer-arch.o)
                              obj_cooja/mtype680.o (rtimer_arch_next)
obj_cooja/mtype680.a(beep.o)  obj_cooja/mtype680.o (beep_interface)
obj_cooja/mtype680.a(button-sensor.o)
                              obj_cooja/mtype680.o (button_interface)
obj_cooja/mtype680.a(leds-arch.o)
                              obj_cooja/mtype680.o (leds_interface)
obj_cooja/mtype680.a(moteid.o)
                              obj_cooja/mtype680.o (moteid_interface)
obj_cooja/mtype680.a(pir-sensor.o)
                              obj_cooja/mtype680.o (pir_interface)
obj_cooja/mtype680.a(rs232.o)
                              obj_cooja/mtype680.o (rs232_interface)
obj_cooja/mtype680.a(vib-sensor.o)
                              obj_cooja/mtype680.o (vib_interface)
obj_cooja/mtype680.a(clock.o)
                              obj_cooja/mtype680.o (clock_interface)
obj_cooja/mtype680.a(log.o)   obj_cooja/mtype680.o (simlog_interface)
obj_cooja/mtype680.a(cfs-cooja.o)
                              obj_cooja/mtype680.o (cfs_interface)
obj_cooja/mtype680.a(cooja-radio.o)
                              obj_cooja/mtype680.o (radio_interface)
obj_cooja/mtype680.a(eeprom.o)
                              obj_cooja/mtype680.o (eeprom_interface)
obj_cooja/mtype680.a(random.o)
                              obj_cooja/mtype680.a(moteid.o) (random_init)
obj_cooja/mtype680.a(sensors.o)
                              udp-server.co (sensors_event)
obj_cooja/mtype680.a(dual_conf.o)
                              obj_cooja/mtype680.a(cooja-radio.o) (long_range_radio)
obj_cooja/mtype680.a(autostart.o)
                              obj_cooja/mtype680.o (autostart_start)
obj_cooja/mtype680.a(ctimer.o)
                              obj_cooja/mtype680.o (ctimer_init)
obj_cooja/mtype680.a(etimer.o)
                              obj_cooja/mtype680.o (etimer_process)
obj_cooja/mtype680.a(log_message.o)
                              obj_cooja/mtype680.o (log_fp)
obj_cooja/mtype680.a(process.o)
                              udp-server.co (process_current)
obj_cooja/mtype680.a(residual.o)
                              obj_cooja/mtype680.o (get_residual_energy)
obj_cooja/mtype680.a(rtimer.o)
                              obj_cooja/mtype680.a(rtimer-arch.o) (rtimer_run_next)
obj_cooja/mtype680.a(timer.o)
                              obj_cooja/mtype680.a(button-sensor.o) (timer_set)
obj_cooja/mtype680.a(serial-line.o)
                              obj_cooja/mtype680.a(rs232.o) (serial_line_input_byte)
obj_cooja/mtype680.a(list.o)  obj_cooja/mtype680.a(ctimer.o) (list_init)
obj_cooja/mtype680.a(ringbuf.o)
                              obj_cooja/mtype680.a(serial-line.o) (ringbuf_init)
obj_cooja/mtype680.a(sicslowpan.o)
                              obj_cooja/mtype680.o (sicslowpan_driver)
obj_cooja/mtype680.a(uip-ds6-nbr.o)
                              obj_cooja/mtype680.a(sicslowpan.o) (uip_ds6_link_neighbor_callback)
obj_cooja/mtype680.a(uip-ds6.o)
                              udp-server.co (uip_ds6_if)
obj_cooja/mtype680.a(uip6.o)  obj_cooja/mtype680.o (uip_lladdr)
obj_cooja/mtype680.a(tcpip.o)
                              udp-server.co (tcpip_event)
obj_cooja/mtype680.a(uip-debug.o)
                              udp-server.co (uip_debug_ipaddr_print)
obj_cooja/mtype680.a(uip-packetqueue)
                              obj_cooja/mtype680.a(uip-ds6-nbr.o) (uip_packetqueue_new)
obj_cooja/mtype680.a(rpl-dag.o)
                              udp-server.co (rpl_set_root)
obj_cooja/mtype680.a(rpl-ext-header.)
                              obj_cooja/mtype680.a(uip6.o) (rpl_verify_header)
obj_cooja/mtype680.a(rpl-icmp6.o)
                              obj_cooja/mtype680.a(rpl-dag.o) (rpl_icmp6_update_nbr_table)
obj_cooja/mtype680.a(rpl-ltmax-of.o)
                              obj_cooja/mtype680.a(rpl-dag.o) (rpl_ltmax_of)
obj_cooja/mtype680.a(rpl-timers.o)
                              obj_cooja/mtype680.a(rpl-dag.o) (rpl_reset_dio_timer)
obj_cooja/mtype680.a(rpl.o)   obj_cooja/mtype680.a(rpl-icmp6.o) (rpl_get_mode)
obj_cooja/mtype680.a(framer-802154.o)
                              obj_cooja/mtype680.a(sicslowpan.o) (framer_802154)
obj_cooja/mtype680.a(nullmac.o)
                              udp-server.co (nullmac_driver)
obj_cooja/mtype680.a(nullrdc.o)
                              obj_cooja/mtype680.o (nullrdc_driver)
obj_cooja/mtype680.a(linkaddr.o)
                              obj_cooja/mtype680.o (linkaddr_node_addr)
obj_cooja/mtype680.a(nbr-table.o)
                              obj_cooja/mtype680.a(uip-ds6-nbr.o) (lladdr_map_add_lr)
[...]
Memory Configuration

Name             Origin             Length             Attributes
*default*        0x0000000000000000 0xffffffffffffffff

Linker script and memory map

LOAD /usr/lib/gcc/i686-linux-gnu/4.8/../../../i386-linux-gnu/crti.o
LOAD /usr/lib/gcc/i686-linux-gnu/4.8/crtbeginS.o
LOAD udp-server.co
LOAD obj_cooja/mtype680.o
LOAD obj_cooja/mtype680.a
LOAD /usr/lib/gcc/i686-linux-gnu/4.8/libgcc.a
LOAD /usr/lib/gcc/i686-linux-gnu/4.8/libgcc_s.so
LOAD /usr/lib/gcc/i686-linux-gnu/4.8/../../../i386-linux-gnu/libc.so
START GROUP
LOAD /lib/i386-linux-gnu/libc.so.6
LOAD /usr/lib/i386-linux-gnu/libc_nonshared.a
LOAD /lib/i386-linux-gnu/ld-linux.so.2
END GROUP
LOAD /usr/lib/gcc/i686-linux-gnu/4.8/libgcc.a
LOAD /usr/lib/gcc/i686-linux-gnu/4.8/libgcc_s.so
LOAD /usr/lib/gcc/i686-linux-gnu/4.8/crtendS.o
LOAD /usr/lib/gcc/i686-linux-gnu/4.8/../../../i386-linux-gnu/crtn.o
                0x0000000000000114                . = (0x0 + SIZEOF_HEADERS)

.note.gnu.build-id
                0x0000000000000114       0x24
 *(.note.gnu.build-id)
 .note.gnu.build-id
                0x0000000000000114       0x24 /usr/lib/gcc/i686-linux-gnu/4.8/../../../i386-linux-gnu/crti.o

.hash
 *(.hash)

.gnu.hash       0x0000000000000138     0x131c
 *(.gnu.hash)
 .gnu.hash      0x0000000000000138     0x131c /usr/lib/gcc/i686-linux-gnu/4.8/../../../i386-linux-gnu/crti.o

.dynsym         0x0000000000001454     0x2520
 *(.dynsym)
 .dynsym        0x0000000000001454     0x2520 /usr/lib/gcc/i686-linux-gnu/4.8/../../../i386-linux-gnu/crti.o

.dynstr         0x0000000000003974     0x262a
 *(.dynstr)
 .dynstr        0x0000000000003974     0x262a /usr/lib/gcc/i686-linux-gnu/4.8/../../../i386-linux-gnu/crti.o

.gnu.version    0x0000000000005f9e      0x4a4
 *(.gnu.version)
 .gnu.version   0x0000000000005f9e      0x4a4 /usr/lib/gcc/i686-linux-gnu/4.8/../../../i386-linux-gnu/crti.o

.gnu.version_d  0x0000000000006444        0x0
 *(.gnu.version_d)
 .gnu.version_d
                0x0000000000000000        0x0 /usr/lib/gcc/i686-linux-gnu/4.8/../../../i386-linux-gnu/crti.o

.gnu.version_r  0x0000000000006444       0x50
 *(.gnu.version_r)
 .gnu.version_r
                0x0000000000006444       0x50 /usr/lib/gcc/i686-linux-gnu/4.8/../../../i386-linux-gnu/crti.o

.rel.dyn        0x0000000000006494     0xa210
 *(.rel.init)
 .rel.init      0x0000000000000000        0x0 /usr/lib/gcc/i686-linux-gnu/4.8/../../../i386-linux-gnu/crti.o
 *(.rel.text .rel.text.* .rel.gnu.linkonce.t.*)
 .rel.text      0x0000000000006494     0x9a80 /usr/lib/gcc/i686-linux-gnu/4.8/../../../i386-linux-gnu/crti.o
 *(.rel.fini)
 .rel.fini      0x0000000000000000        0x0 /usr/lib/gcc/i686-linux-gnu/4.8/../../../i386-linux-gnu/crti.o
 *(.rel.rodata .rel.rodata.* .rel.gnu.linkonce.r.*)
 .rel.rodata    0x000000000000ff14      0x4e0 /usr/lib/gcc/i686-linux-gnu/4.8/../../../i386-linux-gnu/crti.o
 *(.rel.data.rel.ro .rel.data.rel.ro.* .rel.gnu.linkonce.d.rel.ro.*)
 *(.rel.data .rel.data.* .rel.gnu.linkonce.d.*)
 .rel.data.rel  0x00000000000103f4        0x8 /usr/lib/gcc/i686-linux-gnu/4.8/../../../i386-linux-gnu/crti.o
 .rel.data      0x00000000000103fc      0x270 /usr/lib/gcc/i686-linux-gnu/4.8/../../../i386-linux-gnu/crti.o
 *(.rel.tdata .rel.tdata.* .rel.gnu.linkonce.td.*)
 *(.rel.tbss .rel.tbss.* .rel.gnu.linkonce.tb.*)
 *(.rel.ctors)
 *(.rel.dtors)
 *(.rel.got)
 .rel.got       0x000000000001066c       0x28 /usr/lib/gcc/i686-linux-gnu/4.8/../../../i386-linux-gnu/crti.o
 *(.rel.bss .rel.bss.* .rel.gnu.linkonce.b.*)
 *(.rel.ifunc)
 .rel.ifunc     0x0000000000000000        0x0 /usr/lib/gcc/i686-linux-gnu/4.8/../../../i386-linux-gnu/crti.o
 .rel.fini_array
                0x0000000000010694        0x8 /usr/lib/gcc/i686-linux-gnu/4.8/../../../i386-linux-gnu/crti.o
 .rel.init_array
                0x000000000001069c        0x8 /usr/lib/gcc/i686-linux-gnu/4.8/../../../i386-linux-gnu/crti.o

.rel.plt        0x00000000000106a4       0x10
 *(.rel.plt)
 .rel.plt       0x00000000000106a4       0x10 /usr/lib/gcc/i686-linux-gnu/4.8/../../../i386-linux-gnu/crti.o
 *(.rel.iplt)

.init           0x00000000000106b4       0x23
 *(SORT(.init))
 .init          0x00000000000106b4       0x1e /usr/lib/gcc/i686-linux-gnu/4.8/../../../i386-linux-gnu/crti.o
                0x00000000000106b4                _init
 .init          0x00000000000106d2        0x5 /usr/lib/gcc/i686-linux-gnu/4.8/../../../i386-linux-gnu/crtn.o

.plt            0x00000000000106e0       0x30
 *(.plt)
 .plt           0x00000000000106e0       0x30 /usr/lib/gcc/i686-linux-gnu/4.8/../../../i386-linux-gnu/crti.o
 *(.iplt)

.text           0x0000000000010710    0x176bd
 *(.text.unlikely .text.*_unlikely .text.unlikely.*)
 *(.text.exit .text.exit.*)
 *(.text.startup .text.startup.*)
 *(.text.hot .text.hot.*)
 *(.text .stub .text.* .gnu.linkonce.t.*)
 .text          0x0000000000010710        0x0 /usr/lib/gcc/i686-linux-gnu/4.8/../../../i386-linux-gnu/crti.o
 .gnu.linkonce.t.__x86.get_pc_thunk.bx
                0x0000000000010710        0x4 /usr/lib/gcc/i686-linux-gnu/4.8/../../../i386-linux-gnu/crti.o
                0x0000000000010710                __x86.get_pc_thunk.bx
 *fill*         0x0000000000010714        0xc 
 .text          0x0000000000010720      0x11b /usr/lib/gcc/i686-linux-gnu/4.8/crtbeginS.o
 .text          0x000000000001083b      0x3ce udp-server.co
 .text          0x0000000000010c09      0x9c8 obj_cooja/mtype680.o
                0x0000000000010db7                contiki_init
                0x00000000000113e8                Java_org_contikios_cooja_corecomm_Lib7_init
                0x0000000000011428                Java_org_contikios_cooja_corecomm_Lib7_getMemory
                0x0000000000011468                Java_org_contikios_cooja_corecomm_Lib7_setMemory
                0x00000000000114df                Java_org_contikios_cooja_corecomm_Lib7_tick
                0x00000000000115bf                Java_org_contikios_cooja_corecomm_Lib7_setReferenceAddress
 .text          0x00000000000115d1       0x63 obj_cooja/mtype680.a(simEnvChange.o)
                0x00000000000115d1                doActionsBeforeTick
                0x0000000000011602                doActionsAfterTick
 .text          0x0000000000011634       0xbc obj_cooja/mtype680.a(cooja_mt.o)
                0x0000000000011634                cooja_mt_init
                0x0000000000011641                cooja_mt_remove
                0x000000000001164e                cooja_mt_start
                0x000000000001167b                cooja_mt_exec
                0x00000000000116ac                cooja_mt_exit
                0x00000000000116ce                cooja_mt_yield
 .text          0x00000000000116f0      0x115 obj_cooja/mtype680.a(cooja_mtarch.o)
                0x00000000000116f0                cooja_mtarch_init
                0x00000000000116f5                cooja_mtarch_start
                0x0000000000011770                cooja_sw
                0x0000000000011792                cooja_mtarch_exec
                0x00000000000117ae                cooja_mtarch_remove
                0x00000000000117b3                cooja_mtarch_yield
                0x00000000000117bd                cooja_mtarch_pstop
                0x00000000000117c2                cooja_mtarch_pstart
                0x00000000000117c7                cooja_mtarch_stack_usage
 .text          0x0000000000011805       0xc2 obj_cooja/mtype680.a(rtimer-arch.o)
                0x0000000000011805                rtimer_arch_init
                0x0000000000011828                rtimer_arch_schedule
                0x000000000001183f                rtimer_arch_next
                0x0000000000011849                rtimer_arch_pending
                0x0000000000011853                rtimer_arch_check
                0x0000000000011885                rtimer_arch_now
 .text          0x00000000000118c7       0x76 obj_cooja/mtype680.a(beep.o)
                0x00000000000118c7                beep_alarm
                0x00000000000118d3                beep_beep
                0x00000000000118df                beep
                0x00000000000118eb                beep_down
                0x00000000000118f7                beep_on
                0x0000000000011903                beep_off
                0x000000000001190f                beep_spinup
                0x000000000001191b                beep_quick
                0x0000000000011927                beep_long
 .text          0x000000000001193d      0x103 obj_cooja/mtype680.a(button-sensor.o)
 .text          0x0000000000011a40       0x45 obj_cooja/mtype680.a(leds-arch.o)
                0x0000000000011a40                leds_arch_init
                0x0000000000011a4c                leds_arch_get
                0x0000000000011a58                leds_arch_set
 .text          0x0000000000011a85       0x2f obj_cooja/mtype680.a(moteid.o)
 .text          0x0000000000011ab4       0xb1 obj_cooja/mtype680.a(pir-sensor.o)
 .text          0x0000000000011b65      0x131 obj_cooja/mtype680.a(rs232.o)
                0x0000000000011b65                rs232_init
                0x0000000000011b6a                rs232_set_speed
                0x0000000000011b78                rs232_set_input
                0x0000000000011b85                rs232_send
                0x0000000000011ba7                rs232_print
                0x0000000000011bc2                slip_arch_writeb
 .text          0x0000000000011c96       0xb1 obj_cooja/mtype680.a(vib-sensor.o)
 .text          0x0000000000011d47       0x34 obj_cooja/mtype680.a(clock.o)
                0x0000000000011d47                clock_init
                0x0000000000011d4c                clock_time
                0x0000000000011d56                clock_seconds
                0x0000000000011d6c                clock_delay
 .text          0x0000000000011d7b      0x1ed obj_cooja/mtype680.a(log.o)
                0x0000000000011d7b                simlog_char
                0x0000000000011dbd                simlog
                0x0000000000011e2a                log_message
                0x0000000000011e52                log_set_putchar_with_slip
                0x0000000000011e5f                log_putchar
                0x0000000000011ee3                log_puts
                0x0000000000011f07                log_printf
 .text          0x0000000000011f68      0x2c4 obj_cooja/mtype680.a(cfs-cooja.o)
                0x0000000000011f68                cfs_open
                0x0000000000011fd1                cfs_close
                0x0000000000011fdd                cfs_read
                0x000000000001207b                cfs_write
                0x0000000000012158                cfs_seek
                0x00000000000121e0                cfs_remove
                0x0000000000012209                cfs_opendir
                0x0000000000012213                cfs_readdir
                0x000000000001221d                cfs_closedir
 .text          0x000000000001222c      0x5b3 obj_cooja/mtype680.a(cooja-radio.o)
                0x0000000000012256                radio_set_channel
                0x000000000001226b                radio_set_txpower
                0x000000000001228b                radio_signal_strength_last
                0x0000000000012295                radio_signal_strength_current
                0x000000000001229f                radio_LQI
 .text          0x00000000000127df       0xef obj_cooja/mtype680.a(eeprom.o)
                0x00000000000127df                eeprom_init
                0x00000000000127e4                eeprom_read
                0x0000000000012854                eeprom_write
 .text          0x00000000000128ce       0x28 obj_cooja/mtype680.a(random.o)
                0x00000000000128ce                random_init
                0x00000000000128e9                random_rand
 .text          0x00000000000128f6      0x2a1 obj_cooja/mtype680.a(sensors.o)
                0x0000000000012931                sensors_first
                0x000000000001293b                sensors_next
                0x0000000000012958                sensors_changed
                0x0000000000012987                sensors_find
 .text          0x0000000000012b97      0x3c2 obj_cooja/mtype680.a(dual_conf.o)
                0x0000000000012b97                dual_radio_switch
                0x0000000000012bd7                dual_radio_change
                0x0000000000012c11                sending_in_LR
                0x0000000000012c3c                dual_radio_received
                0x0000000000012c8f                radio_received_is_longrange
                0x0000000000012ee6                dio_broadcast
                0x0000000000012f0f                dis_broadcast
                0x0000000000012f30                dio_ack_broadcast
 .text          0x0000000000012f59       0x8e obj_cooja/mtype680.a(autostart.o)
                0x0000000000012f59                autostart_start
                0x0000000000012fa4                autostart_exit
 .text          0x0000000000012fe7      0x334 obj_cooja/mtype680.a(ctimer.o)
                0x00000000000130fe                ctimer_init
                0x000000000001312e                ctimer_set
                0x000000000001315f                ctimer_set_with_process
                0x00000000000131db                ctimer_reset
                0x000000000001322a                ctimer_restart
                0x0000000000013279                ctimer_stop
                0x00000000000132c4                ctimer_expired
 .text          0x000000000001331b      0x40b obj_cooja/mtype680.a(etimer.o)
                0x000000000001352e                etimer_request_poll
                0x00000000000135b2                etimer_set
                0x00000000000135d7                etimer_reset_with_new_interval
                0x00000000000135fe                etimer_reset
                0x000000000001361c                etimer_restart
                0x000000000001363a                etimer_adjust
                0x0000000000013656                etimer_expired
                0x0000000000013669                etimer_expiration_time
                0x000000000001367b                etimer_start_time
                0x0000000000013685                etimer_pending
                0x0000000000013697                etimer_next_expiration_time
                0x00000000000136b1                etimer_stop
 .text          0x0000000000013726       0x8d obj_cooja/mtype680.a(log_message.o)
                0x0000000000013726                log_initialization
                0x0000000000013792                log_finisher
 .text          0x00000000000137b3      0x560 obj_cooja/mtype680.a(process.o)
                0x00000000000137b3                process_alloc_event
                0x00000000000137c8                process_start
                0x00000000000139b1                process_exit
                0x00000000000139cd                process_init
                0x0000000000013b9e                process_run
                0x0000000000013bd1                process_nevents
                0x0000000000013bec                process_post
                0x0000000000013c98                process_post_synch
                0x0000000000013cd0                process_poll
                0x0000000000013cff                process_is_running
 .text          0x0000000000013d13       0xd3 obj_cooja/mtype680.a(residual.o)
                0x0000000000013d13                get_residual_energy
 .text          0x0000000000013de6       0xba obj_cooja/mtype680.a(rtimer.o)
                0x0000000000013de6                rtimer_init
                0x0000000000013df3                rtimer_set
                0x0000000000013e4a                rtimer_run_next
 .text          0x0000000000013ea0       0x91 obj_cooja/mtype680.a(timer.o)
                0x0000000000013ea0                timer_set
                0x0000000000013ebb                timer_reset
                0x0000000000013ed2                timer_restart
                0x0000000000013ee4                timer_expired
                0x0000000000013f0d                timer_remaining
 .text          0x0000000000013f31      0x1fb obj_cooja/mtype680.a(serial-line.o)
                0x0000000000013f31                serial_line_input_byte
                0x00000000000140f4                serial_line_init
 .text          0x000000000001412c      0x244 obj_cooja/mtype680.a(list.o)
                0x000000000001412c                list_init
                0x000000000001413a                list_head
                0x0000000000014144                list_copy
                0x0000000000014153                list_tail
                0x0000000000014189                list_add
                0x00000000000141d2                list_push
                0x00000000000141fe                list_chop
                0x0000000000014268                list_pop
                0x0000000000014290                list_remove
                0x00000000000142f7                list_length
                0x0000000000014325                list_insert
                0x0000000000014359                list_item_next
 .text          0x0000000000014370      0x155 obj_cooja/mtype680.a(ringbuf.o)
                0x0000000000014370                ringbuf_init
                0x00000000000143a1                ringbuf_put
                0x000000000001441f                ringbuf_get
                0x000000000001448c                ringbuf_size
                0x000000000001449e                ringbuf_elements
 .text          0x00000000000144c5     0x258b obj_cooja/mtype680.a(sicslowpan.o)
                0x0000000000014a4f                rime_sniffer_add
                0x0000000000014a5c                rime_sniffer_remove
                0x00000000000169ef                sicslowpan_init
                0x0000000000016a46                sicslowpan_get_last_rssi
 .text          0x0000000000016a50      0x2dc obj_cooja/mtype680.a(uip-ds6-nbr.o)
                0x0000000000016a6d                uip_ds6_neighbors_init
                0x0000000000016a8a                uip_ds6_nbr_add
                0x0000000000016b3b                uip_ds6_nbr_rm
                0x0000000000016b98                uip_ds6_nbr_get_ipaddr
                0x0000000000016bad                uip_ds6_nbr_get_ll
                0x0000000000016bc9                uip_ds6_nbr_num
                0x0000000000016c0e                uip_ds6_nbr_lookup
                0x0000000000016c73                uip_ds6_nbr_ll_lookup
                0x0000000000016c8f                uip_ds6_nbr_ipaddr_from_lladdr
                0x0000000000016cb5                uip_ds6_nbr_lladdr_from_ipaddr
                0x0000000000016ce3                uip_ds6_link_neighbor_callback
 .text          0x0000000000016d2c     0x12ad obj_cooja/mtype680.a(uip-ds6.o)
                0x0000000000016d2c                uip_ds6_init
                0x0000000000017081                uip_ds6_periodic
                0x0000000000017159                uip_ds6_list_loop
                0x0000000000017200                uip_ds6_prefix_add
                0x00000000000172be                uip_ds6_prefix_rm
                0x00000000000172d0                uip_ds6_prefix_lookup
                0x0000000000017321                uip_ds6_is_addr_onlink
                0x0000000000017395                uip_ds6_addr_add
                0x00000000000174c3                uip_ds6_long_addr_add
                0x00000000000175f1                uip_ds6_addr_rm
                0x0000000000017691                uip_ds6_addr_lookup
                0x00000000000176dc                uip_ds6_long_addr_lookup
                0x0000000000017727                uip_ds6_get_link_local
                0x00000000000177a6                uip_ds6_long_get_link_local
                0x0000000000017825                uip_ds6_get_global
                0x00000000000178a4                uip_ds6_long_get_global
                0x0000000000017923                uip_ds6_maddr_add
                0x0000000000017995                uip_ds6_long_maddr_add
                0x0000000000017a07                uip_ds6_maddr_rm
                0x0000000000017a19                uip_ds6_maddr_lookup
                0x0000000000017a64                uip_ds6_long_maddr_lookup
                0x0000000000017aaf                uip_ds6_aaddr_add
                0x0000000000017b21                uip_ds6_long_aaddr_add
                0x0000000000017b93                uip_ds6_aaddr_rm
                0x0000000000017ba5                uip_ds6_aaddr_lookup
                0x0000000000017bf0                uip_ds6_long_aaddr_lookup
                0x0000000000017c3b                uip_ds6_select_src
                0x0000000000017ec4                uip_ds6_set_addr_iid
                0x0000000000017efb                get_match_length
                0x0000000000017f8d                uip_ds6_compute_reachable_time
 .text          0x0000000000017fd9     0x29f3 obj_cooja/mtype680.a(uip6.o)
                0x0000000000017fd9                uip_add32
                0x0000000000018172                uip_chksum
                0x0000000000018260                uip_icmp6chksum
                0x0000000000018274                uip_tcpchksum
                0x0000000000018288                uip_udpchksum
                0x000000000001829c                uip_init
                0x000000000001836c                uip_connect
                0x000000000001851b                remove_ext_hdr
                0x00000000000185f0                uip_udp_new
                0x000000000001874c                uip_unlisten
                0x00000000000187ac                uip_listen
                0x0000000000018a6e                uip_process
                0x000000000001a8c0                uip_htons
                0x000000000001a8e2                uip_htonl
                0x000000000001a922                uip_send
 .text          0x000000000001a9cc      0xa6e obj_cooja/mtype680.a(tcpip.o)
                0x000000000001a9cc                tcpip_output
                0x000000000001a9fa                tcpip_set_outputfunc
                0x000000000001aa8e                tcp_connect
                0x000000000001aae3                tcp_unlisten
                0x000000000001ab3e                tcp_listen
                0x000000000001ab97                tcp_attach
                0x000000000001abbc                udp_attach
                0x000000000001abe1                udp_new
                0x000000000001ac33                udp_broadcast_new
                0x000000000001aea7                tcpip_input
                0x000000000001aedb                tcpip_ipv6_output
                0x000000000001b280                tcpip_poll_udp
                0x000000000001b2a3                tcpip_poll_tcp
                0x000000000001b2c6                tcpip_uipcall
 .text          0x000000000001b43a      0x1c1 obj_cooja/mtype680.a(uip-debug.o)
                0x000000000001b43a                uip_debug_ipaddr_print
                0x000000000001b59c                uip_debug_lladdr_print
 .text          0x000000000001b5fb      0x141 obj_cooja/mtype680.a(uip-packetqueue)
                0x000000000001b627                uip_packetqueue_new
                0x000000000001b635                uip_packetqueue_alloc
                0x000000000001b695                uip_packetqueue_free
                0x000000000001b6d6                uip_packetqueue_buf
                0x000000000001b6f3                uip_packetqueue_buflen
                0x000000000001b714                uip_packetqueue_set_buflen
 .text          0x000000000001b73c     0x307e obj_cooja/mtype680.a(rpl-dag.o)
                0x000000000001b73c                rpl_print_neighbor_list
                0x000000000001b911                rpl_print_child_neighbor_list
                0x000000000001b9c9                rpl_get_nbr
                0x000000000001ba23                rpl_get_nbr_child
                0x000000000001ba7d                rpl_dag_init
                0x000000000001baaf                rpl_get_parent
                0x000000000001bad1                rpl_get_parent_rank
                0x000000000001bb04                rpl_get_parent_link_metric
                0x000000000001bb37                rpl_get_parent_ipaddr
                0x000000000001bb61                rpl_get_child_ipaddr
                0x000000000001bf1e                rpl_set_root
                0x000000000001c192                rpl_repair_root
                0x000000000001c441                rpl_set_prefix
                0x000000000001c564                rpl_set_default_route
                0x000000000001c659                rpl_alloc_instance
                0x000000000001c6ec                rpl_alloc_dag
                0x000000000001c79d                rpl_set_default_instance
                0x000000000001c7aa                rpl_get_default_instance
                0x000000000001c7b4                rpl_free_instance
                0x000000000001c880                rpl_free_dag
                0x000000000001c909                rpl_add_parent
                0x000000000001ca44                rpl_find_parent
                0x000000000001ca74                rpl_add_child
                0x000000000001cb6e                rpl_find_child
                0x000000000001cbbc                rpl_find_parent_any_dag
                0x000000000001cbf8                rpl_select_dag
                0x000000000001d07e                rpl_select_parent
                0x000000000001d0e0                rpl_remove_parent
                0x000000000001d132                rpl_remove_child
                0x000000000001d188                rpl_nullify_parent
                0x000000000001d284                rpl_move_parent
                0x000000000001d38f                rpl_has_downward_route
                0x000000000001d3e2                rpl_get_any_dag
                0x000000000001d444                rpl_get_instance
                0x000000000001d4a7                rpl_find_of
                0x000000000001d4e4                rpl_join_instance
                0x000000000001d81b                rpl_add_dag
                0x000000000001dcec                rpl_local_repair
                0x000000000001ddc8                rpl_recalculate_ranks
                0x000000000001de71                rpl_process_parent_event
                0x000000000001e087                rpl_process_dio
 .text          0x000000000001e7ba      0xbf3 obj_cooja/mtype680.a(rpl-ext-header.)
                0x000000000001e7d7                rpl_verify_header
                0x000000000001ec51                rpl_update_header_empty
                0x000000000001ef68                rpl_update_header_final
                0x000000000001f0f7                rpl_remove_header
                0x000000000001f201                rpl_invert_header
                0x000000000001f38b                rpl_insert_header
 .text          0x000000000001f3ad     0x31c4 obj_cooja/mtype680.a(rpl-icmp6.o)
                0x000000000001f6bc                rpl_icmp6_update_nbr_table
                0x000000000001f889                dis_output
                0x00000000000205ca                dio_output
                0x000000000002120d                dio_ack_output
                0x0000000000021fd3                dao_output
                0x00000000000220fc                dao_output_target
                0x0000000000022519                dao_ack_output
                0x000000000002252d                rpl_icmp6_register_handlers
 .text          0x0000000000022571      0x419 obj_cooja/mtype680.a(rpl-ltmax-of.o)
 .text          0x000000000002298a      0xaa1 obj_cooja/mtype680.a(rpl-timers.o)
                0x0000000000022c76                rpl_reset_periodic_timer
                0x0000000000022ccb                rpl_reset_dio_timer
                0x0000000000022f63                rpl_schedule_dao
                0x0000000000022f7e                rpl_schedule_dao_immediately
                0x0000000000022f99                rpl_cancel_dao
                0x000000000002310b                rpl_schedule_dio_ack
                0x0000000000023126                rpl_schedule_dio_ack_immediately
                0x0000000000023141                rpl_cancel_dio_ack
                0x0000000000023193                rpl_schedule_unicast_dio_immediately
                0x00000000000233d3                rpl_schedule_probing
 .text          0x000000000002342b      0x6e0 obj_cooja/mtype680.a(rpl.o)
                0x000000000002342b                rpl_get_mode
                0x0000000000023435                rpl_set_mode
                0x00000000000234f9                rpl_purge_routes
                0x0000000000023628                rpl_remove_routes
                0x000000000002366e                rpl_remove_routes_by_nexthop
                0x00000000000236da                rpl_add_route
                0x00000000000237a5                rpl_link_neighbor_callback
                0x00000000000238b9                rpl_ipv6_neighbor_callback
                0x0000000000023965                rpl_purge_dags
                0x0000000000023a79                rpl_init
 .text          0x0000000000023b0b      0x3f5 obj_cooja/mtype680.a(framer-802154.o)
 .text          0x0000000000023f00       0x5e obj_cooja/mtype680.a(nullmac.o)
 .text          0x0000000000023f5e      0x552 obj_cooja/mtype680.a(nullrdc.o)
 .text          0x00000000000244b0       0x82 obj_cooja/mtype680.a(linkaddr.o)
                0x00000000000244b0                linkaddr_copy
                0x00000000000244d2                linkaddr_cmp
                0x00000000000244fc                linkaddr_set_node_addr
                0x0000000000024517                linkaddr_set_node_long_addr
 .text          0x0000000000024532      0x88c obj_cooja/mtype680.a(nbr-table.o)
                0x0000000000024532                lladdr_map_add_lr
                0x00000000000245ef                lladdr_map_rm_lr
                0x0000000000024ab4                nbr_table_register
                0x0000000000024afc                nbr_table_head
                0x0000000000024b58                nbr_table_next
                0x0000000000024bbf                nbr_table_add_lladdr
                0x0000000000024c9b                nbr_table_get_from_lladdr
                0x0000000000024ce8                nbr_table_remove
                0x0000000000024d3a                nbr_table_lock
                0x0000000000024d64                nbr_table_unlock
                0x0000000000024d8e                nbr_table_get_lladdr
 .text          0x0000000000024dbe       0x2b obj_cooja/mtype680.a(netstack.o)
                0x0000000000024dbe                netstack_init
 .text          0x0000000000024de9      0x3cd obj_cooja/mtype680.a(packetbuf.o)
                0x0000000000024de9                packetbuf_clear
                0x0000000000024e13                packetbuf_copyfrom
                0x0000000000024e65                packetbuf_compact
                0x0000000000024ee2                packetbuf_copyto
                0x0000000000024f79                packetbuf_hdralloc
                0x0000000000024ff6                packetbuf_hdrreduce
                0x000000000002503e                packetbuf_set_datalen
                0x0000000000025057                packetbuf_dataptr
                0x0000000000025074                packetbuf_hdrptr
                0x000000000002507e                packetbuf_datalen
                0x000000000002508a                packetbuf_hdrlen
                0x00000000000250a1                packetbuf_totlen
                0x00000000000250b7                packetbuf_attr_clear
                0x0000000000025109                packetbuf_attr_copyto
                0x0000000000025152                packetbuf_attr_copyfrom
                0x000000000002519a                packetbuf_holds_broadcast
 .text          0x00000000000251b6      0x2b4 obj_cooja/mtype680.a(queuebuf.o)
                0x00000000000251c0                queuebuf_init
                0x00000000000251e0                queuebuf_numfree
                0x00000000000251f4                queuebuf_new_from_packetbuf
                0x0000000000025284                queuebuf_update_attr_from_packetbuf
                0x00000000000252b7                queuebuf_update_from_packetbuf
                0x0000000000025301                queuebuf_free
                0x0000000000025348                queuebuf_to_packetbuf
                0x00000000000253ae                queuebuf_dataptr
                0x00000000000253e5                queuebuf_datalen
                0x0000000000025408                queuebuf_addr
                0x000000000002543a                queuebuf_attr
                0x0000000000025465                queuebuf_debug_print
 .text          0x000000000002546a       0x6e obj_cooja/mtype680.a(nullsec.o)
 .text          0x00000000000254d8       0x19 obj_cooja/mtype680.a(watchdog.o)
                0x00000000000254d8                watchdog_init
                0x00000000000254dd                watchdog_start
                0x00000000000254e2                watchdog_periodic
                0x00000000000254e7                watchdog_stop
                0x00000000000254ec                watchdog_reboot
 .text          0x00000000000254f1        0x0 obj_cooja/mtype680.a(rimestats.o)
 .text          0x00000000000254f1       0xa3 obj_cooja/mtype680.a(stimer.o)
                0x00000000000254f1                stimer_set
                0x000000000002550c                stimer_reset
                0x0000000000025523                stimer_restart
                0x0000000000025535                stimer_expired
                0x000000000002555c                stimer_remaining
                0x0000000000025580                stimer_elapsed
 .text          0x0000000000025594      0x1c1 obj_cooja/mtype680.a(memb.o)
                0x0000000000025594                memb_init
                0x00000000000255f2                memb_alloc
                0x0000000000025657                memb_free
                0x00000000000256d2                memb_inmemb
                0x0000000000025711                memb_numfree
 .text          0x0000000000025755      0x916 obj_cooja/mtype680.a(uip-ds6-route.o)
                0x00000000000257cc                uip_ds6_notification_add
                0x00000000000257fd                uip_ds6_notification_rm
                0x0000000000025819                uip_ds6_route_init
                0x00000000000258a1                uip_ds6_route_nexthop
                0x00000000000258c9                uip_ds6_route_head
                0x00000000000258de                uip_ds6_route_next
                0x0000000000025904                uip_ds6_route_is_nexthop
                0x0000000000025943                uip_ds6_route_num_routes
                0x000000000002594d                uip_ds6_route_lookup
                0x0000000000025a0f                uip_ds6_route_add
                0x0000000000025c43                uip_ds6_route_rm
                0x0000000000025dd7                uip_ds6_route_rm_by_nexthop
                0x0000000000025e0f                uip_ds6_defrt_add
                0x0000000000025ec0                uip_ds6_defrt_rm
                0x0000000000025f3f                uip_ds6_defrt_lookup
                0x0000000000025f98                uip_ds6_defrt_choose
                0x0000000000026003                uip_ds6_defrt_periodic
 .text          0x000000000002606b      0xab2 obj_cooja/mtype680.a(uip-icmp6.o)
                0x00000000000260d9                uip_icmp6_input
                0x000000000002612f                uip_icmp6_register_input_handler
                0x00000000000263f7                uip_icmp6_error_output
                0x000000000002673c                uip_icmp6_send
                0x0000000000026ab0                uip_icmp6_echo_reply_callback_add
                0x0000000000026ae1                uip_icmp6_echo_reply_callback_rm
                0x0000000000026afd                uip_icmp6_init
 .text          0x0000000000026b1d      0x358 obj_cooja/mtype680.a(uip-nd6.o)
                0x0000000000026b71                uip_nd6_ns_output
                0x0000000000026e70                uip_nd6_init
 .text          0x0000000000026e75      0x41f obj_cooja/mtype680.a(rpl-nbr-policy.)
                0x00000000000270b0                find_removable_dis
                0x00000000000270f1                find_removable_dio
                0x00000000000271e1                find_removable_dao
                0x000000000002723d                rpl_nbr_policy_find_removable
 .text          0x0000000000027294      0x97c obj_cooja/mtype680.a(frame802154.o)
                0x00000000000272c5                frame802154_get_pan_id
                0x00000000000272d1                frame802154_set_pan_id
                0x00000000000272ea                frame802154_has_panid
                0x00000000000273d6                frame802154_check_dest_panid
                0x000000000002743e                frame802154_is_broadcast_addr
                0x000000000002748b                frame802154_extract_linkaddr
                0x00000000000276cb                frame802154_hdrlen
                0x000000000002771c                frame802154_create
                0x0000000000027907                frame802154_parse
 .text          0x0000000000027c10      0x181 obj_cooja/mtype680.a(mac-sequence.o)
                0x0000000000027c47                mac_sequence_is_duplicate
                0x0000000000027cca                mac_sequence_register_seqno
 .text          0x0000000000027d91       0x3c obj_cooja/mtype680.a(mac.o)
                0x0000000000027d91                mac_call_sent_callback
 .text          0x0000000000027dcd        0x0 /usr/lib/gcc/i686-linux-gnu/4.8/crtendS.o
 .text          0x0000000000027dcd        0x0 /usr/lib/gcc/i686-linux-gnu/4.8/../../../i386-linux-gnu/crtn.o
 *(.gnu.warning)

.fini           0x0000000000027dd0       0x14
 *(SORT(.fini))
 .fini          0x0000000000027dd0        0xf /usr/lib/gcc/i686-linux-gnu/4.8/../../../i386-linux-gnu/crti.o
                0x0000000000027dd0                _fini
 .fini          0x0000000000027ddf        0x5 /usr/lib/gcc/i686-linux-gnu/4.8/../../../i386-linux-gnu/crtn.o
                0x0000000000027de4                PROVIDE (__etext, .)
                0x0000000000027de4                PROVIDE (_etext, .)
                0x0000000000027de4                PROVIDE (etext, .)

.rodata         0x0000000000027e00     0x2b21
 *(.rodata .rodata.* .gnu.linkonce.r.*)
 .rodata        0x0000000000027e00      0x148 udp-server.co
                0x0000000000027e14                autostart_processes
 .rodata        0x0000000000027f48      0x1e6 obj_cooja/mtype680.o
 *fill*         0x000000000002812e        0x2 
 .rodata        0x0000000000028130        0x8 obj_cooja/mtype680.a(beep.o)
                0x0000000000028130                beep_interface
 .rodata        0x0000000000028138       0x20 obj_cooja/mtype680.a(button-sensor.o)
                0x0000000000028138                button_interface
                0x0000000000028148                button_sensor
 .rodata        0x0000000000028158        0x8 obj_cooja/mtype680.a(leds-arch.o)
                0x0000000000028158                leds_interface
 .rodata        0x0000000000028160        0x8 obj_cooja/mtype680.a(moteid.o)
                0x0000000000028160                moteid_interface
 .rodata        0x0000000000028168       0x1c obj_cooja/mtype680.a(pir-sensor.o)
                0x0000000000028168                pir_interface
                0x0000000000028174                pir_sensor
 .rodata        0x0000000000028184        0xe obj_cooja/mtype680.a(rs232.o)
                0x0000000000028184                rs232_interface
 *fill*         0x0000000000028192        0x2 
 .rodata        0x0000000000028194       0x24 obj_cooja/mtype680.a(vib-sensor.o)
                0x0000000000028194                vib_interface
                0x00000000000281a8                vib_sensor
 .rodata        0x00000000000281b8        0x8 obj_cooja/mtype680.a(clock.o)
                0x00000000000281b8                clock_interface
 .rodata        0x00000000000281c0        0x8 obj_cooja/mtype680.a(log.o)
                0x00000000000281c0                simlog_interface
 .rodata        0x00000000000281c8       0x2f obj_cooja/mtype680.a(cfs-cooja.o)
                0x00000000000281c8                cfs_interface
 *fill*         0x00000000000281f7        0x9 
 .rodata        0x0000000000028200      0x100 obj_cooja/mtype680.a(cooja-radio.o)
                0x00000000000282c0                cooja_radio_driver
                0x00000000000282f8                radio_interface
 .rodata        0x0000000000028300        0x8 obj_cooja/mtype680.a(eeprom.o)
                0x0000000000028300                eeprom_interface
 .rodata        0x0000000000028308        0x8 obj_cooja/mtype680.a(sensors.o)
 .rodata        0x0000000000028310      0x1f5 obj_cooja/mtype680.a(dual_conf.o)
 .rodata        0x0000000000028505        0xf obj_cooja/mtype680.a(ctimer.o)
 .rodata        0x0000000000028514        0xc obj_cooja/mtype680.a(etimer.o)
 .rodata        0x0000000000028520       0x73 obj_cooja/mtype680.a(log_message.o)
 *fill*         0x0000000000028593        0x1 
 .rodata        0x0000000000028594       0x20 obj_cooja/mtype680.a(residual.o)
 .rodata        0x00000000000285b4        0xe obj_cooja/mtype680.a(serial-line.o)
 *fill*         0x00000000000285c2        0x2 
 .rodata        0x00000000000285c4       0x2c obj_cooja/mtype680.a(sicslowpan.o)
                0x00000000000285c4                unc_llconf
                0x00000000000285c8                unc_ctxconf
                0x00000000000285cc                unc_mxconf
                0x00000000000285d0                llprefix
                0x00000000000285e4                sicslowpan_driver
 .rodata        0x00000000000285f0      0x13c obj_cooja/mtype680.a(uip6.o)
 .rodata        0x000000000002872c       0x29 obj_cooja/mtype680.a(tcpip.o)
 .rodata        0x0000000000028755       0x3e obj_cooja/mtype680.a(uip-debug.o)
 *fill*         0x0000000000028793        0x1 
 .rodata        0x0000000000028794      0xca7 obj_cooja/mtype680.a(rpl-dag.o)
 *fill*         0x000000000002943b        0x1 
 .rodata        0x000000000002943c      0xce0 obj_cooja/mtype680.a(rpl-icmp6.o)
 .rodata        0x000000000002a11c      0x338 obj_cooja/mtype680.a(rpl-timers.o)
 .rodata        0x000000000002a454      0x1be obj_cooja/mtype680.a(rpl.o)
 *fill*         0x000000000002a612        0x2 
 .rodata        0x000000000002a614        0xc obj_cooja/mtype680.a(framer-802154.o)
                0x000000000002a614                framer_802154
 .rodata        0x000000000002a620       0x24 obj_cooja/mtype680.a(nullmac.o)
                0x000000000002a628                nullmac_driver
 *fill*         0x000000000002a644       0x1c 
 .rodata        0x000000000002a660      0x120 obj_cooja/mtype680.a(nullrdc.o)
                0x000000000002a760                nullrdc_driver
 .rodata        0x000000000002a780        0x8 obj_cooja/mtype680.a(linkaddr.o)
                0x000000000002a780                linkaddr_null
 .rodata        0x000000000002a788       0x18 obj_cooja/mtype680.a(nullsec.o)
                0x000000000002a790                nullsec_driver
 .rodata        0x000000000002a7a0      0x181 obj_cooja/mtype680.a(rpl-nbr-policy.)

.rodata1
 *(.rodata1)

.eh_frame_hdr   0x000000000002a924     0x1364
 *(.eh_frame_hdr)
 .eh_frame_hdr  0x000000000002a924     0x1364 udp-server.co

.eh_frame       0x000000000002bc88     0x4f10
 *(.eh_frame)
 .eh_frame      0x000000000002bc88       0x3c /usr/lib/gcc/i686-linux-gnu/4.8/../../../i386-linux-gnu/crti.o
                                         0x40 (size before relaxing)
 .eh_frame      0x000000000002bcc4       0x68 udp-server.co
                                         0x80 (size before relaxing)
 .eh_frame      0x000000000002bd2c      0x148 obj_cooja/mtype680.o
                                        0x160 (size before relaxing)
 .eh_frame      0x000000000002be74       0x40 obj_cooja/mtype680.a(simEnvChange.o)
                                         0x58 (size before relaxing)
 .eh_frame      0x000000000002beb4       0xc0 obj_cooja/mtype680.a(cooja_mt.o)
                                         0xd8 (size before relaxing)
 .eh_frame      0x000000000002bf74      0x120 obj_cooja/mtype680.a(cooja_mtarch.o)
                                        0x138 (size before relaxing)
 .eh_frame      0x000000000002c094       0xc0 obj_cooja/mtype680.a(rtimer-arch.o)
                                         0xd8 (size before relaxing)
 .eh_frame      0x000000000002c154      0x160 obj_cooja/mtype680.a(beep.o)
                                        0x178 (size before relaxing)
 .eh_frame      0x000000000002c2b4       0xa0 obj_cooja/mtype680.a(button-sensor.o)
                                         0xb8 (size before relaxing)
 .eh_frame      0x000000000002c354       0xa0 obj_cooja/mtype680.a(leds-arch.o)
                                         0xb8 (size before relaxing)
 .eh_frame      0x000000000002c3f4       0x40 obj_cooja/mtype680.a(moteid.o)
                                         0x58 (size before relaxing)
 .eh_frame      0x000000000002c434       0xa0 obj_cooja/mtype680.a(pir-sensor.o)
                                         0xb8 (size before relaxing)
 .eh_frame      0x000000000002c4d4      0x100 obj_cooja/mtype680.a(rs232.o)
                                        0x118 (size before relaxing)
 .eh_frame      0x000000000002c5d4       0xa0 obj_cooja/mtype680.a(vib-sensor.o)
                                         0xb8 (size before relaxing)
 .eh_frame      0x000000000002c674       0xc0 obj_cooja/mtype680.a(clock.o)
                                         0xd8 (size before relaxing)
 .eh_frame      0x000000000002c734      0x120 obj_cooja/mtype680.a(log.o)
                                        0x138 (size before relaxing)
 .eh_frame      0x000000000002c854      0x160 obj_cooja/mtype680.a(cfs-cooja.o)
                                        0x178 (size before relaxing)
 .eh_frame      0x000000000002c9b4      0x2e0 obj_cooja/mtype680.a(cooja-radio.o)
                                        0x2f8 (size before relaxing)
 .eh_frame      0x000000000002cc94       0xa0 obj_cooja/mtype680.a(eeprom.o)
                                         0xb8 (size before relaxing)
 .eh_frame      0x000000000002cd34       0x40 obj_cooja/mtype680.a(random.o)
                                         0x58 (size before relaxing)
 .eh_frame      0x000000000002cd74       0xc0 obj_cooja/mtype680.a(sensors.o)
                                         0xd8 (size before relaxing)
 .eh_frame      0x000000000002ce34      0x160 obj_cooja/mtype680.a(dual_conf.o)
                                        0x178 (size before relaxing)
 .eh_frame      0x000000000002cf94       0x40 obj_cooja/mtype680.a(autostart.o)
                                         0x58 (size before relaxing)
 .eh_frame      0x000000000002cfd4      0x100 obj_cooja/mtype680.a(ctimer.o)
                                        0x118 (size before relaxing)
 .eh_frame      0x000000000002d0d4      0x1e0 obj_cooja/mtype680.a(etimer.o)
                                        0x1f8 (size before relaxing)
 .eh_frame      0x000000000002d2b4       0x40 obj_cooja/mtype680.a(log_message.o)
                                         0x58 (size before relaxing)
 .eh_frame      0x000000000002d2f4      0x1c8 obj_cooja/mtype680.a(process.o)
                                        0x1e0 (size before relaxing)
 .eh_frame      0x000000000002d4bc       0x2c obj_cooja/mtype680.a(residual.o)
                                         0x44 (size before relaxing)
 .eh_frame      0x000000000002d4e8       0x60 obj_cooja/mtype680.a(rtimer.o)
                                         0x78 (size before relaxing)
 .eh_frame      0x000000000002d548       0xa4 obj_cooja/mtype680.a(timer.o)
                                         0xbc (size before relaxing)
 .eh_frame      0x000000000002d5ec       0x60 obj_cooja/mtype680.a(serial-line.o)
                                         0x78 (size before relaxing)
 .eh_frame      0x000000000002d64c      0x180 obj_cooja/mtype680.a(list.o)
                                        0x198 (size before relaxing)
 .eh_frame      0x000000000002d7cc       0xa0 obj_cooja/mtype680.a(ringbuf.o)
                                         0xb8 (size before relaxing)
 .eh_frame      0x000000000002d86c      0x350 obj_cooja/mtype680.a(sicslowpan.o)
                                        0x368 (size before relaxing)
 .eh_frame      0x000000000002dbbc      0x180 obj_cooja/mtype680.a(uip-ds6-nbr.o)
                                        0x198 (size before relaxing)
 .eh_frame      0x000000000002dd3c      0x3c8 obj_cooja/mtype680.a(uip-ds6.o)
                                        0x3e0 (size before relaxing)
 .eh_frame      0x000000000002e104      0x27c obj_cooja/mtype680.a(uip6.o)
                                        0x294 (size before relaxing)
 .eh_frame      0x000000000002e380      0x270 obj_cooja/mtype680.a(tcpip.o)
                                        0x288 (size before relaxing)
 .eh_frame      0x000000000002e5f0       0x48 obj_cooja/mtype680.a(uip-debug.o)
                                         0x60 (size before relaxing)
 .eh_frame      0x000000000002e638       0xe0 obj_cooja/mtype680.a(uip-packetqueue)
                                         0xf8 (size before relaxing)
 .eh_frame      0x000000000002e718      0x774 obj_cooja/mtype680.a(rpl-dag.o)
                                        0x78c (size before relaxing)
 .eh_frame      0x000000000002ee8c      0x10c obj_cooja/mtype680.a(rpl-ext-header.)
                                        0x124 (size before relaxing)
 .eh_frame      0x000000000002ef98      0x308 obj_cooja/mtype680.a(rpl-icmp6.o)
                                        0x320 (size before relaxing)
 .eh_frame      0x000000000002f2a0       0xe8 obj_cooja/mtype680.a(rpl-ltmax-of.o)
                                        0x100 (size before relaxing)
 .eh_frame      0x000000000002f388      0x2b4 obj_cooja/mtype680.a(rpl-timers.o)
                                        0x2cc (size before relaxing)
 .eh_frame      0x000000000002f63c      0x140 obj_cooja/mtype680.a(rpl.o)
                                        0x158 (size before relaxing)
 .eh_frame      0x000000000002f77c      0x108 obj_cooja/mtype680.a(framer-802154.o)
                                        0x120 (size before relaxing)
 .eh_frame      0x000000000002f884       0xc0 obj_cooja/mtype680.a(nullmac.o)
                                         0xd8 (size before relaxing)
 .eh_frame      0x000000000002f944      0x18c obj_cooja/mtype680.a(nullrdc.o)
                                        0x1a4 (size before relaxing)
 .eh_frame      0x000000000002fad0       0x80 obj_cooja/mtype680.a(linkaddr.o)
                                         0x98 (size before relaxing)
 .eh_frame      0x000000000002fb50      0x2ac obj_cooja/mtype680.a(nbr-table.o)
                                        0x2c4 (size before relaxing)
 .eh_frame      0x000000000002fdfc       0x20 obj_cooja/mtype680.a(netstack.o)
                                         0x38 (size before relaxing)
 .eh_frame      0x000000000002fe1c      0x214 obj_cooja/mtype680.a(packetbuf.o)
                                        0x22c (size before relaxing)
 .eh_frame      0x0000000000030030      0x1a0 obj_cooja/mtype680.a(queuebuf.o)
                                        0x1b8 (size before relaxing)
 .eh_frame      0x00000000000301d0       0x80 obj_cooja/mtype680.a(nullsec.o)
                                         0x98 (size before relaxing)
 .eh_frame      0x0000000000030250       0xa0 obj_cooja/mtype680.a(watchdog.o)
                                         0xb8 (size before relaxing)
 .eh_frame      0x00000000000302f0       0xc4 obj_cooja/mtype680.a(stimer.o)
                                         0xdc (size before relaxing)
 .eh_frame      0x00000000000303b4       0xa0 obj_cooja/mtype680.a(memb.o)
                                         0xb8 (size before relaxing)
 .eh_frame      0x0000000000030454      0x2a0 obj_cooja/mtype680.a(uip-ds6-route.o)
                                        0x2b8 (size before relaxing)
 .eh_frame      0x00000000000306f4      0x164 obj_cooja/mtype680.a(uip-icmp6.o)
                                        0x17c (size before relaxing)
 .eh_frame      0x0000000000030858       0x68 obj_cooja/mtype680.a(uip-nd6.o)
                                         0x80 (size before relaxing)
 .eh_frame      0x00000000000308c0       0xc8 obj_cooja/mtype680.a(rpl-nbr-policy.)
                                         0xe0 (size before relaxing)
 .eh_frame      0x0000000000030988      0x164 obj_cooja/mtype680.a(frame802154.o)
                                        0x17c (size before relaxing)
 .eh_frame      0x0000000000030aec       0x88 obj_cooja/mtype680.a(mac-sequence.o)
                                         0xa0 (size before relaxing)
 .eh_frame      0x0000000000030b74       0x20 obj_cooja/mtype680.a(mac.o)
                                         0x38 (size before relaxing)
 .eh_frame      0x0000000000030b94        0x4 /usr/lib/gcc/i686-linux-gnu/4.8/crtendS.o

.gcc_except_table
 *(.gcc_except_table .gcc_except_table.*)

.exception_ranges
 *(.exception_ranges .exception_ranges*)
                0x0000000000030b98                . = (ALIGN (0x1000) - ((0x1000 - .) & 0xfff))
                0x0000000000031ef8                . = DATA_SEGMENT_ALIGN (0x1000, 0x1000)

.eh_frame
 *(.eh_frame)

.gcc_except_table
 *(.gcc_except_table .gcc_except_table.*)

.exception_ranges
 *(.exception_ranges .exception_ranges*)

.tdata
 *(.tdata .tdata.* .gnu.linkonce.td.*)

.tbss
 *(.tbss .tbss.* .gnu.linkonce.tb.*)
 *(.tcommon)

.preinit_array
 *(.preinit_array)

.init_array     0x0000000000031ef8        0x4
 *(SORT(.init_array.*) SORT(.ctors.*))
 *(.init_array EXCLUDE_FILE(*crtend?.o *crtend.o *crtbegin?.o *crtbegin.o) .ctors)
 .init_array    0x0000000000031ef8        0x4 /usr/lib/gcc/i686-linux-gnu/4.8/crtbeginS.o

.fini_array     0x0000000000031efc        0x4
 *(SORT(.fini_array.*) SORT(.dtors.*))
 *(.fini_array EXCLUDE_FILE(*crtend?.o *crtend.o *crtbegin?.o *crtbegin.o) .dtors)
 .fini_array    0x0000000000031efc        0x4 /usr/lib/gcc/i686-linux-gnu/4.8/crtbeginS.o

.ctors
 *crtbegin.o(.ctors)
 *crtbegin?.o(.ctors)
 *(EXCLUDE_FILE(*crtend?.o *crtend.o) .ctors)
 *(SORT(.ctors.*))
 *(.ctors)

.dtors
 *crtbegin.o(.dtors)
 *crtbegin?.o(.dtors)
 *(EXCLUDE_FILE(*crtend?.o *crtend.o) .dtors)
 *(SORT(.dtors.*))
 *(.dtors)

.jcr            0x0000000000031f00        0x4
 *(.jcr)
 .jcr           0x0000000000031f00        0x0 /usr/lib/gcc/i686-linux-gnu/4.8/crtbeginS.o
 .jcr           0x0000000000031f00        0x4 /usr/lib/gcc/i686-linux-gnu/4.8/crtendS.o

.data.rel.ro
 *(.data.rel.ro.local* .gnu.linkonce.d.rel.ro.local.*)
 *(.data.rel.ro .data.rel.ro.* .gnu.linkonce.d.rel.ro.*)

.dynamic        0x0000000000031f04       0xe8
 *(.dynamic)
 .dynamic       0x0000000000031f04       0xe8 /usr/lib/gcc/i686-linux-gnu/4.8/../../../i386-linux-gnu/crti.o
                0x0000000000031f04                _DYNAMIC

.got            0x0000000000031fec       0x14
 *(.got)
 .got           0x0000000000031fec       0x14 /usr/lib/gcc/i686-linux-gnu/4.8/../../../i386-linux-gnu/crti.o
 *(.igot)
                0x0000000000032ff4                . = DATA_SEGMENT_RELRO_END (., (SIZEOF (.got.plt) >= 0xc)?0xc:0x0)

.got.plt        0x0000000000032000       0x14
 *(.got.plt)
 .got.plt       0x0000000000032000       0x14 /usr/lib/gcc/i686-linux-gnu/4.8/../../../i386-linux-gnu/crti.o
                0x0000000000032000                _GLOBAL_OFFSET_TABLE_
 *(.igot.plt)

.data           0x0000000000032020      0x25a
 *(.data .data.* .gnu.linkonce.d.*)
 .data          0x0000000000032020        0x0 /usr/lib/gcc/i686-linux-gnu/4.8/../../../i386-linux-gnu/crti.o
 .data          0x0000000000032020        0x0 /usr/lib/gcc/i686-linux-gnu/4.8/crtbeginS.o
 .data.rel      0x0000000000032020        0x4 /usr/lib/gcc/i686-linux-gnu/4.8/crtbeginS.o
                0x0000000000032020                __dso_handle
 .data          0x0000000000032024       0x10 udp-server.co
                0x0000000000032024                udp_server_process
 *fill*         0x0000000000032034        0xc 
 .data          0x0000000000032040       0x44 obj_cooja/mtype680.o
                0x0000000000032040                simInterfaces
                0x0000000000032074                sensors
 .data          0x0000000000032084        0x0 obj_cooja/mtype680.a(simEnvChange.o)
 .data          0x0000000000032084        0x0 obj_cooja/mtype680.a(cooja_mt.o)
 .data          0x0000000000032084        0x0 obj_cooja/mtype680.a(cooja_mtarch.o)
 .data          0x0000000000032084        0x0 obj_cooja/mtype680.a(rtimer-arch.o)
 .data          0x0000000000032084        0x0 obj_cooja/mtype680.a(beep.o)
 .data          0x0000000000032084        0x0 obj_cooja/mtype680.a(button-sensor.o)
 .data          0x0000000000032084        0x0 obj_cooja/mtype680.a(leds-arch.o)
 .data          0x0000000000032084        0x0 obj_cooja/mtype680.a(moteid.o)
 .data          0x0000000000032084        0x0 obj_cooja/mtype680.a(pir-sensor.o)
 .data          0x0000000000032084        0x0 obj_cooja/mtype680.a(rs232.o)
 .data          0x0000000000032084        0x0 obj_cooja/mtype680.a(vib-sensor.o)
 .data          0x0000000000032084        0x0 obj_cooja/mtype680.a(clock.o)
 .data          0x0000000000032084        0x0 obj_cooja/mtype680.a(log.o)
 .data          0x0000000000032084        0x0 obj_cooja/mtype680.a(cfs-cooja.o)
 .data          0x0000000000032084       0x38 obj_cooja/mtype680.a(cooja-radio.o)
                0x0000000000032084                simRadioChannel
                0x0000000000032088                simRadioChannelLR
                0x000000000003208c                simRadioHWOn
                0x000000000003208d                simRadioHWOnLR
                0x0000000000032090                simSignalStrength
                0x0000000000032094                simSignalStrengthLR
                0x0000000000032098                simLastSignalStrength
                0x000000000003209c                simLastSignalStrengthLR
                0x00000000000320a0                simPower
                0x00000000000320a1                simPowerLR
                0x00000000000320a4                simLQI
                0x00000000000320a8                simLQILR
                0x00000000000320ac                cooja_radio_process
 .data          0x00000000000320bc        0x0 obj_cooja/mtype680.a(eeprom.o)
 .data          0x00000000000320bc        0x0 obj_cooja/mtype680.a(random.o)
 .data          0x00000000000320bc       0x10 obj_cooja/mtype680.a(sensors.o)
                0x00000000000320bc                sensors_process
 .data          0x00000000000320cc       0x34 obj_cooja/mtype680.a(dual_conf.o)
                0x00000000000320cc                radio_received
                0x00000000000320d0                dual_dio_broadcast
                0x00000000000320e0                dual_dis_broadcast
                0x00000000000320f0                dual_dio_ack_broadcast
 .data          0x0000000000032100        0x0 obj_cooja/mtype680.a(autostart.o)
 .data          0x0000000000032100       0x14 obj_cooja/mtype680.a(ctimer.o)
                0x0000000000032104                ctimer_process
 .data          0x0000000000032114       0x10 obj_cooja/mtype680.a(etimer.o)
                0x0000000000032114                etimer_process
 .data          0x0000000000032124        0x0 obj_cooja/mtype680.a(log_message.o)
 .data          0x0000000000032124        0x0 obj_cooja/mtype680.a(process.o)
 .data          0x0000000000032124        0x0 obj_cooja/mtype680.a(residual.o)
 .data          0x0000000000032124        0x0 obj_cooja/mtype680.a(rtimer.o)
 .data          0x0000000000032124        0x0 obj_cooja/mtype680.a(timer.o)
 .data          0x0000000000032124       0x10 obj_cooja/mtype680.a(serial-line.o)
                0x0000000000032124                serial_line_process
 .data          0x0000000000032134        0x0 obj_cooja/mtype680.a(list.o)
 .data          0x0000000000032134        0x0 obj_cooja/mtype680.a(ringbuf.o)
 .data          0x0000000000032134        0x0 obj_cooja/mtype680.a(sicslowpan.o)
 .data          0x0000000000032134       0x14 obj_cooja/mtype680.a(uip-ds6-nbr.o)
                0x0000000000032144                ds6_neighbors
 .data          0x0000000000032148        0x0 obj_cooja/mtype680.a(uip-ds6.o)
 .data          0x0000000000032148        0x0 obj_cooja/mtype680.a(uip6.o)
 .data          0x0000000000032148       0x10 obj_cooja/mtype680.a(tcpip.o)
                0x0000000000032148                tcpip_process
 .data          0x0000000000032158        0x0 obj_cooja/mtype680.a(uip-debug.o)
 .data          0x0000000000032158        0xc obj_cooja/mtype680.a(uip-packetqueue)
 .data          0x0000000000032164       0x28 obj_cooja/mtype680.a(rpl-dag.o)
                0x0000000000032174                rpl_parents
                0x0000000000032188                rpl_children
 .data          0x000000000003218c        0x0 obj_cooja/mtype680.a(rpl-ext-header.)
 .data          0x000000000003218c       0x40 obj_cooja/mtype680.a(rpl-icmp6.o)
 .data          0x00000000000321cc       0x1c obj_cooja/mtype680.a(rpl-ltmax-of.o)
                0x00000000000321cc                rpl_ltmax_of
 .data          0x00000000000321e8        0x0 obj_cooja/mtype680.a(rpl-timers.o)
 .data          0x00000000000321e8        0x0 obj_cooja/mtype680.a(rpl.o)
 .data          0x00000000000321e8        0x0 obj_cooja/mtype680.a(framer-802154.o)
 .data          0x00000000000321e8        0x0 obj_cooja/mtype680.a(nullmac.o)
 .data          0x00000000000321e8        0x0 obj_cooja/mtype680.a(nullrdc.o)
 .data          0x00000000000321e8        0x0 obj_cooja/mtype680.a(linkaddr.o)
 .data          0x00000000000321e8       0x10 obj_cooja/mtype680.a(nbr-table.o)
 .data          0x00000000000321f8        0x0 obj_cooja/mtype680.a(netstack.o)
 .data          0x00000000000321f8        0x4 obj_cooja/mtype680.a(packetbuf.o)
 .data          0x00000000000321fc       0x18 obj_cooja/mtype680.a(queuebuf.o)
 .data          0x0000000000032214        0x0 obj_cooja/mtype680.a(nullsec.o)
 .data          0x0000000000032214        0x0 obj_cooja/mtype680.a(watchdog.o)
 .data          0x0000000000032214        0x0 obj_cooja/mtype680.a(rimestats.o)
 .data          0x0000000000032214        0x0 obj_cooja/mtype680.a(stimer.o)
 .data          0x0000000000032214        0x0 obj_cooja/mtype680.a(memb.o)
 .data          0x0000000000032214       0x44 obj_cooja/mtype680.a(uip-ds6-route.o)
                0x0000000000032224                nbr_routes
 .data          0x0000000000032258       0x20 obj_cooja/mtype680.a(uip-icmp6.o)
 .data          0x0000000000032278        0x0 obj_cooja/mtype680.a(uip-nd6.o)
 .data          0x0000000000032278        0x0 obj_cooja/mtype680.a(rpl-nbr-policy.)
 .data          0x0000000000032278        0x2 obj_cooja/mtype680.a(frame802154.o)
 .data          0x000000000003227a        0x0 obj_cooja/mtype680.a(mac-sequence.o)
 .data          0x000000000003227a        0x0 obj_cooja/mtype680.a(mac.o)
 .data          0x000000000003227a        0x0 /usr/lib/gcc/i686-linux-gnu/4.8/crtendS.o
 .data          0x000000000003227a        0x0 /usr/lib/gcc/i686-linux-gnu/4.8/../../../i386-linux-gnu/crtn.o

.tm_clone_table
                0x000000000003227c        0x0
 .tm_clone_table
                0x000000000003227c        0x0 /usr/lib/gcc/i686-linux-gnu/4.8/crtbeginS.o
 .tm_clone_table
                0x000000000003227c        0x0 /usr/lib/gcc/i686-linux-gnu/4.8/crtendS.o

.data1
 *(.data1)
                0x000000000003227c                _edata = .
                0x000000000003227c                PROVIDE (edata, .)
                0x000000000003227c                . = .
                0x000000000003227c                __bss_start = .

.bss            0x0000000000032280     0x83c8
 *(.dynbss)
 .dynbss        0x0000000000000000        0x0 /usr/lib/gcc/i686-linux-gnu/4.8/../../../i386-linux-gnu/crti.o
 *(.bss .bss.* .gnu.linkonce.b.*)
 .bss           0x0000000000032280        0x0 /usr/lib/gcc/i686-linux-gnu/4.8/../../../i386-linux-gnu/crti.o
 .bss           0x0000000000032280        0x1 /usr/lib/gcc/i686-linux-gnu/4.8/crtbeginS.o
 *fill*         0x0000000000032281        0x3 
 .bss           0x0000000000032284        0x8 udp-server.co
                0x0000000000032284                my_weight
 *fill*         0x000000000003228c       0x14 
 .bss           0x00000000000322a0     0x2030 obj_cooja/mtype680.o
 .bss           0x00000000000342d0        0x1 obj_cooja/mtype680.a(simEnvChange.o)
                0x00000000000342d0                simDontFallAsleep
 *fill*         0x00000000000342d1        0x3 
 .bss           0x00000000000342d4        0x4 obj_cooja/mtype680.a(cooja_mt.o)
 .bss           0x00000000000342d8        0x4 obj_cooja/mtype680.a(cooja_mtarch.o)
 .bss           0x00000000000342dc        0xc obj_cooja/mtype680.a(rtimer-arch.o)
 .bss           0x00000000000342e8        0x0 obj_cooja/mtype680.a(beep.o)
 .bss           0x00000000000342e8        0x8 obj_cooja/mtype680.a(button-sensor.o)
 .bss           0x00000000000342f0        0x0 obj_cooja/mtype680.a(leds-arch.o)
 .bss           0x00000000000342f0        0x0 obj_cooja/mtype680.a(moteid.o)
 .bss           0x00000000000342f0        0x1 obj_cooja/mtype680.a(pir-sensor.o)
                0x00000000000342f0                simPirValue
 *fill*         0x00000000000342f1        0x3 
 .bss           0x00000000000342f4        0x4 obj_cooja/mtype680.a(rs232.o)
 .bss           0x00000000000342f8        0x1 obj_cooja/mtype680.a(vib-sensor.o)
                0x00000000000342f8                simVibValue
 .bss           0x00000000000342f9        0x0 obj_cooja/mtype680.a(clock.o)
 *fill*         0x00000000000342f9        0x7 
 .bss           0x0000000000034300      0x420 obj_cooja/mtype680.a(log.o)
 .bss           0x0000000000034720      0xfc0 obj_cooja/mtype680.a(cfs-cooja.o)
                0x0000000000034720                simCFSData
                0x00000000000356c0                simCFSSize
                0x00000000000356c4                simCFSChanged
                0x00000000000356c8                simCFSRead
                0x00000000000356cc                simCFSWritten
 .bss           0x00000000000356e0       0x20 obj_cooja/mtype680.a(cooja-radio.o)
                0x00000000000356e0                simReceiving
                0x00000000000356e1                simReceivingLR
                0x00000000000356e4                simInSize
                0x00000000000356e8                simInSizeLR
                0x00000000000356ec                simOutSize
                0x00000000000356f0                simOutSizeLR
                0x00000000000356f4                LongRangeTransmit
                0x00000000000356f8                LongRangeReceiving
 .bss           0x0000000000035700        0xc obj_cooja/mtype680.a(eeprom.o)
                0x0000000000035700                simEEPROMChanged
                0x0000000000035704                simEEPROMRead
                0x0000000000035708                simEEPROMWritten
 .bss           0x000000000003570c        0x0 obj_cooja/mtype680.a(random.o)
 .bss           0x000000000003570c        0xc obj_cooja/mtype680.a(sensors.o)
 .bss           0x0000000000035718       0x38 obj_cooja/mtype680.a(dual_conf.o)
                0x0000000000035718                long_range_radio
 .bss           0x0000000000035750        0x0 obj_cooja/mtype680.a(autostart.o)
 .bss           0x0000000000035750        0x5 obj_cooja/mtype680.a(ctimer.o)
 *fill*         0x0000000000035755        0x3 
 .bss           0x0000000000035758        0x8 obj_cooja/mtype680.a(etimer.o)
 .bss           0x0000000000035760        0x0 obj_cooja/mtype680.a(log_message.o)
 .bss           0x0000000000035760      0x1b1 obj_cooja/mtype680.a(process.o)
                0x0000000000035760                process_list
                0x0000000000035764                process_current
 .bss           0x0000000000035911        0x0 obj_cooja/mtype680.a(residual.o)
 *fill*         0x0000000000035911        0x3 
 .bss           0x0000000000035914        0x4 obj_cooja/mtype680.a(rtimer.o)
 .bss           0x0000000000035918        0x0 obj_cooja/mtype680.a(timer.o)
 *fill*         0x0000000000035918        0x8 
 .bss           0x0000000000035920      0x140 obj_cooja/mtype680.a(serial-line.o)
 .bss           0x0000000000035a60        0x0 obj_cooja/mtype680.a(list.o)
 .bss           0x0000000000035a60        0x0 obj_cooja/mtype680.a(ringbuf.o)
 .bss           0x0000000000035a60      0x70c obj_cooja/mtype680.a(sicslowpan.o)
 *fill*         0x000000000003616c       0x14 
 .bss           0x0000000000036180      0x1e0 obj_cooja/mtype680.a(uip-ds6-nbr.o)
 .bss           0x0000000000036360       0x30 obj_cooja/mtype680.a(uip-ds6.o)
 .bss           0x0000000000036390        0xe obj_cooja/mtype680.a(uip6.o)
                0x0000000000036390                uip_ext_bitmap
                0x0000000000036391                uip_ext_len
                0x0000000000036392                uip_ext_opt_offset
 *fill*         0x000000000003639e        0x2 
 .bss           0x00000000000363a0       0x6a obj_cooja/mtype680.a(tcpip.o)
 .bss           0x000000000003640a        0x0 obj_cooja/mtype680.a(uip-debug.o)
 *fill*         0x000000000003640a       0x16 
 .bss           0x0000000000036420      0xcf8 obj_cooja/mtype680.a(uip-packetqueue)
 *fill*         0x0000000000037118        0x8 
 .bss           0x0000000000037120      0x1a4 obj_cooja/mtype680.a(rpl-dag.o)
 .bss           0x00000000000372c4        0x0 obj_cooja/mtype680.a(rpl-ext-header.)
 .bss           0x00000000000372c4        0x0 obj_cooja/mtype680.a(rpl-icmp6.o)
 .bss           0x00000000000372c4        0x0 obj_cooja/mtype680.a(rpl-ltmax-of.o)
 *fill*         0x00000000000372c4       0x1c 
 .bss           0x00000000000372e0       0x23 obj_cooja/mtype680.a(rpl-timers.o)
 *fill*         0x0000000000037303        0x1 
 .bss           0x0000000000037304        0x4 obj_cooja/mtype680.a(rpl.o)
 .bss           0x0000000000037308        0x2 obj_cooja/mtype680.a(framer-802154.o)
 .bss           0x000000000003730a        0x0 obj_cooja/mtype680.a(nullmac.o)
 .bss           0x000000000003730a        0x0 obj_cooja/mtype680.a(nullrdc.o)
 .bss           0x000000000003730a        0x0 obj_cooja/mtype680.a(linkaddr.o)
 *fill*         0x000000000003730a       0x16 
 .bss           0x0000000000037320      0x174 obj_cooja/mtype680.a(nbr-table.o)
 .bss           0x0000000000037494        0x0 obj_cooja/mtype680.a(netstack.o)
 *fill*         0x0000000000037494        0xc 
 .bss           0x00000000000374a0       0xa0 obj_cooja/mtype680.a(packetbuf.o)
 .bss           0x0000000000037540      0xb80 obj_cooja/mtype680.a(queuebuf.o)
 .bss           0x00000000000380c0        0x0 obj_cooja/mtype680.a(nullsec.o)
 .bss           0x00000000000380c0        0x0 obj_cooja/mtype680.a(watchdog.o)
 .bss           0x00000000000380c0        0x0 obj_cooja/mtype680.a(rimestats.o)
 .bss           0x00000000000380c0        0x0 obj_cooja/mtype680.a(stimer.o)
 .bss           0x00000000000380c0        0x0 obj_cooja/mtype680.a(memb.o)
 .bss           0x00000000000380c0      0x308 obj_cooja/mtype680.a(uip-ds6-route.o)
 .bss           0x00000000000383c8       0x18 obj_cooja/mtype680.a(uip-icmp6.o)
 .bss           0x00000000000383e0        0x0 obj_cooja/mtype680.a(uip-nd6.o)
 .bss           0x00000000000383e0       0x44 obj_cooja/mtype680.a(rpl-nbr-policy.)
 .bss           0x0000000000038424        0x0 obj_cooja/mtype680.a(frame802154.o)
 *fill*         0x0000000000038424       0x1c 
 .bss           0x0000000000038440       0x90 obj_cooja/mtype680.a(mac-sequence.o)
 .bss           0x00000000000384d0        0x0 obj_cooja/mtype680.a(mac.o)
 .bss           0x00000000000384d0        0x0 /usr/lib/gcc/i686-linux-gnu/4.8/crtendS.o
 .bss           0x00000000000384d0        0x0 /usr/lib/gcc/i686-linux-gnu/4.8/../../../i386-linux-gnu/crtn.o
 *(COMMON)
 COMMON         0x00000000000384d0        0x2 udp-server.co
                0x00000000000384d0                my_sink_reachability
                0x00000000000384d1                my_child_number
 *fill*         0x00000000000384d2        0x2 
 COMMON         0x00000000000384d4       0x28 obj_cooja/mtype680.o
                0x00000000000384d4                COOJA_radioRxLong
                0x00000000000384d8                COOJA_radioTx
                0x00000000000384dc                referenceVar
                0x00000000000384e0                COOJA_radioTxLong
                0x00000000000384e4                COOJA_radioRx
                0x00000000000384e8                debugfp
                0x00000000000384ec                COOJA_radioOn
                0x00000000000384f0                COOJA_duration
                0x00000000000384f4                COOJA_radioOnLong
                0x00000000000384f8                sensors_flags
 COMMON         0x00000000000384fc        0xc obj_cooja/mtype680.a(simEnvChange.o)
                0x00000000000384fc                simEtimerPending
                0x0000000000038500                simProcessRunValue
                0x0000000000038504                simNextExpirationTime
 COMMON         0x0000000000038508        0x1 obj_cooja/mtype680.a(beep.o)
                0x0000000000038508                simBeeped
 COMMON         0x0000000000038509        0x3 obj_cooja/mtype680.a(button-sensor.o)
                0x0000000000038509                simButtonIsActive
                0x000000000003850a                simButtonIsDown
                0x000000000003850b                simButtonChanged
 COMMON         0x000000000003850c        0x1 obj_cooja/mtype680.a(leds-arch.o)
                0x000000000003850c                simLedsValue
 *fill*         0x000000000003850d        0x3 
 COMMON         0x0000000000038510        0xc obj_cooja/mtype680.a(moteid.o)
                0x0000000000038510                simRandomSeed
                0x0000000000038514                simMoteIDChanged
                0x0000000000038518                simMoteID
 COMMON         0x000000000003851c        0x2 obj_cooja/mtype680.a(pir-sensor.o)
                0x000000000003851c                simPirIsActive
                0x000000000003851d                simPirChanged
 *fill*         0x000000000003851e        0x2 
 COMMON         0x0000000000038520      0x820 obj_cooja/mtype680.a(rs232.o)
                0x0000000000038520                simSerialReceivingFlag
                0x0000000000038524                simSerialReceivingLength
                0x0000000000038540                simSerialReceivingData
 COMMON         0x0000000000038d40        0x2 obj_cooja/mtype680.a(vib-sensor.o)
                0x0000000000038d40                simVibChanged
                0x0000000000038d41                simVibIsActive
 *fill*         0x0000000000038d42        0x2 
 COMMON         0x0000000000038d44        0x4 obj_cooja/mtype680.a(clock.o)
                0x0000000000038d44                simCurrentTime
 *fill*         0x0000000000038d48       0x18 
 COMMON         0x0000000000038d60      0x420 obj_cooja/mtype680.a(log.o)
                0x0000000000038d60                simLoggedLength
                0x0000000000038d64                simLoggedFlag
                0x0000000000038d80                simLoggedData
 COMMON         0x0000000000039180      0x200 obj_cooja/mtype680.a(cooja-radio.o)
                0x0000000000039180                simOutDataBuffer
                0x0000000000039200                simInDataBufferLR
                0x0000000000039280                simOutDataBufferLR
                0x0000000000039300                simInDataBuffer
 COMMON         0x0000000000039380      0x400 obj_cooja/mtype680.a(eeprom.o)
                0x0000000000039380                simEEPROMData
 COMMON         0x0000000000039780        0x1 obj_cooja/mtype680.a(sensors.o)
                0x0000000000039780                sensors_event
 *fill*         0x0000000000039781        0x3 
 COMMON         0x0000000000039784        0x4 obj_cooja/mtype680.a(log_message.o)
                0x0000000000039784                log_fp
 COMMON         0x0000000000039788        0x1 obj_cooja/mtype680.a(serial-line.o)
                0x0000000000039788                serial_line_event_message
 *fill*         0x0000000000039789       0x17 
 COMMON         0x00000000000397a0       0xc8 obj_cooja/mtype680.a(uip-ds6-nbr.o)
                0x00000000000397a0                ds6_lr_addrmap
 *fill*         0x0000000000039868       0x18 
 COMMON         0x0000000000039880      0x298 obj_cooja/mtype680.a(uip-ds6.o)
                0x0000000000039880                uip_ds6_prefix_list
                0x00000000000398e0                uip_ds6_timer_periodic
                0x00000000000398f0                uip_ds6_netif_addr_list_offset
                0x0000000000039900                uip_ds6_if
                0x00000000000399f8                uip_ds6_timer_ra
                0x0000000000039a00                uip_ds6_addr_size
                0x0000000000039a20                long_uip_ds6_if
 *fill*         0x0000000000039b18        0x8 
 COMMON         0x0000000000039b20      0x8ec obj_cooja/mtype680.a(uip6.o)
                0x0000000000039b20                uip_slen
                0x0000000000039b22                uip_acc32
                0x0000000000039b40                uip_conns
                0x0000000000039c00                uip_lladdr
                0x0000000000039c08                uip_appdata
                0x0000000000039c0c                uip_flags
                0x0000000000039c20                uip_aligned_buf
                0x000000000003a260                uip_listenports
                0x000000000003a270                uip_len
                0x000000000003a272                uip_long_lladdr
                0x000000000003a27c                uip_sappdata
                0x000000000003a280                uip_udp_conns
                0x000000000003a400                uip_udp_conn
                0x000000000003a404                uip_next_hdr
                0x000000000003a408                uip_conn
 COMMON         0x000000000003a40c        0x1 obj_cooja/mtype680.a(tcpip.o)
                0x000000000003a40c                tcpip_event
 *fill*         0x000000000003a40d       0x13 
 COMMON         0x000000000003a420      0x190 obj_cooja/mtype680.a(rpl-dag.o)
                0x000000000003a420                default_instance
                0x000000000003a440                instance_table
 COMMON         0x000000000003a5b0       0x10 obj_cooja/mtype680.a(linkaddr.o)
                0x000000000003a5b0                linkaddr_node_addr
                0x000000000003a5b8                long_linkaddr_node_addr
 COMMON         0x000000000003a5c0       0x2e obj_cooja/mtype680.a(packetbuf.o)
                0x000000000003a5c0                packetbuf_attrs
                0x000000000003a5de                packetbuf_addrs
 *fill*         0x000000000003a5ee       0x12 
 COMMON         0x000000000003a600       0x48 obj_cooja/mtype680.a(rimestats.o)
                0x000000000003a600                rimestats
                0x000000000003a648                . = ALIGN ((. != 0x0)?0x4:0x1)
                0x000000000003a648                . = ALIGN (0x4)
                0x000000000003a648                . = SEGMENT_START ("ldata-segment", .)
                0x000000000003a648                . = ALIGN (0x4)
                0x000000000003a648                _end = .
                0x000000000003a648                PROVIDE (end, .)
                0x000000000003a648                . = DATA_SEGMENT_END (.)

.stab
 *(.stab)

.stabstr
 *(.stabstr)

.stab.excl
 *(.stab.excl)

.stab.exclstr
 *(.stab.exclstr)

.stab.index
 *(.stab.index)

.stab.indexstr
 *(.stab.indexstr)

.comment        0x0000000000000000       0x2b
 *(.comment)
 .comment       0x0000000000000000       0x2b /usr/lib/gcc/i686-linux-gnu/4.8/crtbeginS.o
                                         0x2c (size before relaxing)
 .comment       0x0000000000000000       0x2c udp-server.co
 .comment       0x0000000000000000       0x2c obj_cooja/mtype680.o
 .comment       0x0000000000000000       0x2c obj_cooja/mtype680.a(simEnvChange.o)
 .comment       0x0000000000000000       0x2c obj_cooja/mtype680.a(cooja_mt.o)
 .comment       0x0000000000000000       0x2c obj_cooja/mtype680.a(cooja_mtarch.o)
 .comment       0x0000000000000000       0x2c obj_cooja/mtype680.a(rtimer-arch.o)
 .comment       0x0000000000000000       0x2c obj_cooja/mtype680.a(beep.o)
 .comment       0x0000000000000000       0x2c obj_cooja/mtype680.a(button-sensor.o)
 .comment       0x0000000000000000       0x2c obj_cooja/mtype680.a(leds-arch.o)
 .comment       0x0000000000000000       0x2c obj_cooja/mtype680.a(moteid.o)
 .comment       0x0000000000000000       0x2c obj_cooja/mtype680.a(pir-sensor.o)
 .comment       0x0000000000000000       0x2c obj_cooja/mtype680.a(rs232.o)
 .comment       0x0000000000000000       0x2c obj_cooja/mtype680.a(vib-sensor.o)
 .comment       0x0000000000000000       0x2c obj_cooja/mtype680.a(clock.o)
 .comment       0x0000000000000000       0x2c obj_cooja/mtype680.a(log.o)
 .comment       0x0000000000000000       0x2c obj_cooja/mtype680.a(cfs-cooja.o)
 .comment       0x0000000000000000       0x2c obj_cooja/mtype680.a(cooja-radio.o)
 .comment       0x0000000000000000       0x2c obj_cooja/mtype680.a(eeprom.o)
 .comment       0x0000000000000000       0x2c obj_cooja/mtype680.a(random.o)
 .comment       0x0000000000000000       0x2c obj_cooja/mtype680.a(sensors.o)
 .comment       0x0000000000000000       0x2c obj_cooja/mtype680.a(dual_conf.o)
 .comment       0x0000000000000000       0x2c obj_cooja/mtype680.a(autostart.o)
 .comment       0x0000000000000000       0x2c obj_cooja/mtype680.a(ctimer.o)
 .comment       0x0000000000000000       0x2c obj_cooja/mtype680.a(etimer.o)
 .comment       0x0000000000000000       0x2c obj_cooja/mtype680.a(log_message.o)
 .comment       0x0000000000000000       0x2c obj_cooja/mtype680.a(process.o)
 .comment       0x0000000000000000       0x2c obj_cooja/mtype680.a(residual.o)
 .comment       0x0000000000000000       0x2c obj_cooja/mtype680.a(rtimer.o)
 .comment       0x0000000000000000       0x2c obj_cooja/mtype680.a(timer.o)
 .comment       0x0000000000000000       0x2c obj_cooja/mtype680.a(serial-line.o)
 .comment       0x0000000000000000       0x2c obj_cooja/mtype680.a(list.o)
 .comment       0x0000000000000000       0x2c obj_cooja/mtype680.a(ringbuf.o)
 .comment       0x0000000000000000       0x2c obj_cooja/mtype680.a(sicslowpan.o)
 .comment       0x0000000000000000       0x2c obj_cooja/mtype680.a(uip-ds6-nbr.o)
 .comment       0x0000000000000000       0x2c obj_cooja/mtype680.a(uip-ds6.o)
 .comment       0x0000000000000000       0x2c obj_cooja/mtype680.a(uip6.o)
 .comment       0x0000000000000000       0x2c obj_cooja/mtype680.a(tcpip.o)
 .comment       0x0000000000000000       0x2c obj_cooja/mtype680.a(uip-debug.o)
 .comment       0x0000000000000000       0x2c obj_cooja/mtype680.a(uip-packetqueue)
 .comment       0x0000000000000000       0x2c obj_cooja/mtype680.a(rpl-dag.o)
 .comment       0x0000000000000000       0x2c obj_cooja/mtype680.a(rpl-ext-header.)
 .comment       0x0000000000000000       0x2c obj_cooja/mtype680.a(rpl-icmp6.o)
 .comment       0x0000000000000000       0x2c obj_cooja/mtype680.a(rpl-ltmax-of.o)
 .comment       0x0000000000000000       0x2c obj_cooja/mtype680.a(rpl-timers.o)
 .comment       0x0000000000000000       0x2c obj_cooja/mtype680.a(rpl.o)
 .comment       0x0000000000000000       0x2c obj_cooja/mtype680.a(framer-802154.o)
 .comment       0x0000000000000000       0x2c obj_cooja/mtype680.a(nullmac.o)
 .comment       0x0000000000000000       0x2c obj_cooja/mtype680.a(nullrdc.o)
 .comment       0x0000000000000000       0x2c obj_cooja/mtype680.a(linkaddr.o)
 .comment       0x0000000000000000       0x2c obj_cooja/mtype680.a(nbr-table.o)
 .comment       0x0000000000000000       0x2c obj_cooja/mtype680.a(netstack.o)
 .comment       0x0000000000000000       0x2c obj_cooja/mtype680.a(packetbuf.o)
 .comment       0x0000000000000000       0x2c obj_cooja/mtype680.a(queuebuf.o)
 .comment       0x0000000000000000       0x2c obj_cooja/mtype680.a(nullsec.o)
 .comment       0x0000000000000000       0x2c obj_cooja/mtype680.a(watchdog.o)
 .comment       0x0000000000000000       0x2c obj_cooja/mtype680.a(rimestats.o)
 .comment       0x0000000000000000       0x2c obj_cooja/mtype680.a(stimer.o)
 .comment       0x0000000000000000       0x2c obj_cooja/mtype680.a(memb.o)
 .comment       0x0000000000000000       0x2c obj_cooja/mtype680.a(uip-ds6-route.o)
 .comment       0x0000000000000000       0x2c obj_cooja/mtype680.a(uip-icmp6.o)
 .comment       0x0000000000000000       0x2c obj_cooja/mtype680.a(uip-nd6.o)
 .comment       0x0000000000000000       0x2c obj_cooja/mtype680.a(rpl-nbr-policy.)
 .comment       0x0000000000000000       0x2c obj_cooja/mtype680.a(frame802154.o)
 .comment       0x0000000000000000       0x2c obj_cooja/mtype680.a(mac-sequence.o)
 .comment       0x0000000000000000       0x2c obj_cooja/mtype680.a(mac.o)
 .comment       0x0000000000000000       0x2c /usr/lib/gcc/i686-linux-gnu/4.8/crtendS.o

.debug
 *(.debug)

.line
 *(.line)

.debug_srcinfo
 *(.debug_srcinfo)

.debug_sfnames
 *(.debug_sfnames)

.debug_aranges  0x0000000000000000      0x818
 *(.debug_aranges)
 .debug_aranges
                0x0000000000000000       0x20 udp-server.co
 .debug_aranges
                0x0000000000000020       0x20 obj_cooja/mtype680.o
 .debug_aranges
                0x0000000000000040       0x20 obj_cooja/mtype680.a(simEnvChange.o)
 .debug_aranges
                0x0000000000000060       0x20 obj_cooja/mtype680.a(cooja_mt.o)
 .debug_aranges
                0x0000000000000080       0x20 obj_cooja/mtype680.a(cooja_mtarch.o)
 .debug_aranges
                0x00000000000000a0       0x20 obj_cooja/mtype680.a(rtimer-arch.o)
 .debug_aranges
                0x00000000000000c0       0x20 obj_cooja/mtype680.a(beep.o)
 .debug_aranges
                0x00000000000000e0       0x20 obj_cooja/mtype680.a(button-sensor.o)
 .debug_aranges
                0x0000000000000100       0x20 obj_cooja/mtype680.a(leds-arch.o)
 .debug_aranges
                0x0000000000000120       0x20 obj_cooja/mtype680.a(moteid.o)
 .debug_aranges
                0x0000000000000140       0x20 obj_cooja/mtype680.a(pir-sensor.o)
 .debug_aranges
                0x0000000000000160       0x20 obj_cooja/mtype680.a(rs232.o)
 .debug_aranges
                0x0000000000000180       0x20 obj_cooja/mtype680.a(vib-sensor.o)
 .debug_aranges
                0x00000000000001a0       0x20 obj_cooja/mtype680.a(clock.o)
 .debug_aranges
                0x00000000000001c0       0x20 obj_cooja/mtype680.a(log.o)
 .debug_aranges
                0x00000000000001e0       0x20 obj_cooja/mtype680.a(cfs-cooja.o)
 .debug_aranges
                0x0000000000000200       0x20 obj_cooja/mtype680.a(cooja-radio.o)
 .debug_aranges
                0x0000000000000220       0x20 obj_cooja/mtype680.a(eeprom.o)
 .debug_aranges
                0x0000000000000240       0x20 obj_cooja/mtype680.a(random.o)
 .debug_aranges
                0x0000000000000260       0x20 obj_cooja/mtype680.a(sensors.o)
 .debug_aranges
                0x0000000000000280       0x20 obj_cooja/mtype680.a(dual_conf.o)
 .debug_aranges
                0x00000000000002a0       0x20 obj_cooja/mtype680.a(autostart.o)
 .debug_aranges
                0x00000000000002c0       0x20 obj_cooja/mtype680.a(ctimer.o)
 .debug_aranges
                0x00000000000002e0       0x20 obj_cooja/mtype680.a(etimer.o)
 .debug_aranges
                0x0000000000000300       0x20 obj_cooja/mtype680.a(log_message.o)
 .debug_aranges
                0x0000000000000320       0x20 obj_cooja/mtype680.a(process.o)
 .debug_aranges
                0x0000000000000340       0x20 obj_cooja/mtype680.a(residual.o)
 .debug_aranges
                0x0000000000000360       0x20 obj_cooja/mtype680.a(rtimer.o)
 .debug_aranges
                0x0000000000000380       0x20 obj_cooja/mtype680.a(timer.o)
 .debug_aranges
                0x00000000000003a0       0x20 obj_cooja/mtype680.a(serial-line.o)
 .debug_aranges
                0x00000000000003c0       0x20 obj_cooja/mtype680.a(list.o)
 .debug_aranges
                0x00000000000003e0       0x20 obj_cooja/mtype680.a(ringbuf.o)
 .debug_aranges
                0x0000000000000400       0x20 obj_cooja/mtype680.a(sicslowpan.o)
 .debug_aranges
                0x0000000000000420       0x20 obj_cooja/mtype680.a(uip-ds6-nbr.o)
 .debug_aranges
                0x0000000000000440       0x20 obj_cooja/mtype680.a(uip-ds6.o)
 .debug_aranges
                0x0000000000000460       0x20 obj_cooja/mtype680.a(uip6.o)
 .debug_aranges
                0x0000000000000480       0x20 obj_cooja/mtype680.a(tcpip.o)
 .debug_aranges
                0x00000000000004a0       0x20 obj_cooja/mtype680.a(uip-debug.o)
 .debug_aranges
                0x00000000000004c0       0x20 obj_cooja/mtype680.a(uip-packetqueue)
 .debug_aranges
                0x00000000000004e0       0x20 obj_cooja/mtype680.a(rpl-dag.o)
 .debug_aranges
                0x0000000000000500       0x20 obj_cooja/mtype680.a(rpl-ext-header.)
 .debug_aranges
                0x0000000000000520       0x20 obj_cooja/mtype680.a(rpl-icmp6.o)
 .debug_aranges
                0x0000000000000540       0x20 obj_cooja/mtype680.a(rpl-ltmax-of.o)
 .debug_aranges
                0x0000000000000560       0x20 obj_cooja/mtype680.a(rpl-timers.o)
 .debug_aranges
                0x0000000000000580       0x20 obj_cooja/mtype680.a(rpl.o)
 .debug_aranges
                0x00000000000005a0       0x20 obj_cooja/mtype680.a(framer-802154.o)
 .debug_aranges
                0x00000000000005c0       0x20 obj_cooja/mtype680.a(nullmac.o)
 .debug_aranges
                0x00000000000005e0       0x20 obj_cooja/mtype680.a(nullrdc.o)
 .debug_aranges
                0x0000000000000600       0x20 obj_cooja/mtype680.a(linkaddr.o)
 .debug_aranges
                0x0000000000000620       0x20 obj_cooja/mtype680.a(nbr-table.o)
 .debug_aranges
                0x0000000000000640       0x20 obj_cooja/mtype680.a(netstack.o)
 .debug_aranges
                0x0000000000000660       0x20 obj_cooja/mtype680.a(packetbuf.o)
 .debug_aranges
                0x0000000000000680       0x20 obj_cooja/mtype680.a(queuebuf.o)
 .debug_aranges
                0x00000000000006a0       0x20 obj_cooja/mtype680.a(nullsec.o)
 .debug_aranges
                0x00000000000006c0       0x20 obj_cooja/mtype680.a(watchdog.o)
 .debug_aranges
                0x00000000000006e0       0x18 obj_cooja/mtype680.a(rimestats.o)
 .debug_aranges
                0x00000000000006f8       0x20 obj_cooja/mtype680.a(stimer.o)
 .debug_aranges
                0x0000000000000718       0x20 obj_cooja/mtype680.a(memb.o)
 .debug_aranges
                0x0000000000000738       0x20 obj_cooja/mtype680.a(uip-ds6-route.o)
 .debug_aranges
                0x0000000000000758       0x20 obj_cooja/mtype680.a(uip-icmp6.o)
 .debug_aranges
                0x0000000000000778       0x20 obj_cooja/mtype680.a(uip-nd6.o)
 .debug_aranges
                0x0000000000000798       0x20 obj_cooja/mtype680.a(rpl-nbr-policy.)
 .debug_aranges
                0x00000000000007b8       0x20 obj_cooja/mtype680.a(frame802154.o)
 .debug_aranges
                0x00000000000007d8       0x20 obj_cooja/mtype680.a(mac-sequence.o)
 .debug_aranges
                0x00000000000007f8       0x20 obj_cooja/mtype680.a(mac.o)

.debug_pubnames
 *(.debug_pubnames)

.debug_info     0x0000000000000000    0x1c82f
 *(.debug_info .gnu.linkonce.wi.*)
 .debug_info    0x0000000000000000      0xe4b udp-server.co
 .debug_info    0x0000000000000e4b     0x3a36 obj_cooja/mtype680.o
 .debug_info    0x0000000000004881      0x15a obj_cooja/mtype680.a(simEnvChange.o)
 .debug_info    0x00000000000049db      0x1e2 obj_cooja/mtype680.a(cooja_mt.o)
 .debug_info    0x0000000000004bbd      0x2e7 obj_cooja/mtype680.a(cooja_mtarch.o)
 .debug_info    0x0000000000004ea4      0x16b obj_cooja/mtype680.a(rtimer-arch.o)
 .debug_info    0x000000000000500f      0x1f3 obj_cooja/mtype680.a(beep.o)
 .debug_info    0x0000000000005202      0x257 obj_cooja/mtype680.a(button-sensor.o)
 .debug_info    0x0000000000005459      0x132 obj_cooja/mtype680.a(leds-arch.o)
 .debug_info    0x000000000000558b      0x10a obj_cooja/mtype680.a(moteid.o)
 .debug_info    0x0000000000005695      0x216 obj_cooja/mtype680.a(pir-sensor.o)
 .debug_info    0x00000000000058ab      0x21e obj_cooja/mtype680.a(rs232.o)
 .debug_info    0x0000000000005ac9      0x216 obj_cooja/mtype680.a(vib-sensor.o)
 .debug_info    0x0000000000005cdf      0x152 obj_cooja/mtype680.a(clock.o)
 .debug_info    0x0000000000005e31      0x2bb obj_cooja/mtype680.a(log.o)
 .debug_info    0x00000000000060ec      0x3cf obj_cooja/mtype680.a(cfs-cooja.o)
 .debug_info    0x00000000000064bb      0xceb obj_cooja/mtype680.a(cooja-radio.o)
 .debug_info    0x00000000000071a6      0x1d5 obj_cooja/mtype680.a(eeprom.o)
 .debug_info    0x000000000000737b       0xb3 obj_cooja/mtype680.a(random.o)
 .debug_info    0x000000000000742e      0x36d obj_cooja/mtype680.a(sensors.o)
 .debug_info    0x000000000000779b      0xaad obj_cooja/mtype680.a(dual_conf.o)
 .debug_info    0x0000000000008248      0x1a5 obj_cooja/mtype680.a(autostart.o)
 .debug_info    0x00000000000083ed      0x46c obj_cooja/mtype680.a(ctimer.o)
 .debug_info    0x0000000000008859      0x49c obj_cooja/mtype680.a(etimer.o)
 .debug_info    0x0000000000008cf5      0x339 obj_cooja/mtype680.a(log_message.o)
 .debug_info    0x000000000000902e      0x4ba obj_cooja/mtype680.a(process.o)
 .debug_info    0x00000000000094e8      0x164 obj_cooja/mtype680.a(residual.o)
 .debug_info    0x000000000000964c      0x1ab obj_cooja/mtype680.a(rtimer.o)
 .debug_info    0x00000000000097f7      0x16c obj_cooja/mtype680.a(timer.o)
 .debug_info    0x0000000000009963      0x2de obj_cooja/mtype680.a(serial-line.o)
 .debug_info    0x0000000000009c41      0x2ed obj_cooja/mtype680.a(list.o)