Archive member included to satisfy reference by file (symbol)

obj_cooja/mtype207.a(simEnvChange.o)
                              obj_cooja/mtype207.o (simDontFallAsleep)
obj_cooja/mtype207.a(cooja_mt.o)
                              obj_cooja/mtype207.o (cooja_mt_start)
obj_cooja/mtype207.a(cooja_mtarch.o)
                              obj_cooja/mtype207.a(cooja_mt.o) (cooja_mtarch_init)
obj_cooja/mtype207.a(rtimer-arch.o)
                              obj_cooja/mtype207.o (rtimer_arch_next)
obj_cooja/mtype207.a(beep.o)  obj_cooja/mtype207.o (beep_interface)
obj_cooja/mtype207.a(button-sensor.o)
                              obj_cooja/mtype207.o (button_interface)
obj_cooja/mtype207.a(leds-arch.o)
                              obj_cooja/mtype207.o (leds_interface)
obj_cooja/mtype207.a(moteid.o)
                              obj_cooja/mtype207.o (moteid_interface)
obj_cooja/mtype207.a(pir-sensor.o)
                              obj_cooja/mtype207.o (pir_interface)
obj_cooja/mtype207.a(rs232.o)
                              obj_cooja/mtype207.o (rs232_interface)
obj_cooja/mtype207.a(vib-sensor.o)
                              obj_cooja/mtype207.o (vib_interface)
obj_cooja/mtype207.a(clock.o)
                              obj_cooja/mtype207.o (clock_interface)
obj_cooja/mtype207.a(log.o)   obj_cooja/mtype207.o (simlog_interface)
obj_cooja/mtype207.a(cfs-cooja.o)
                              obj_cooja/mtype207.o (cfs_interface)
obj_cooja/mtype207.a(cooja-radio.o)
                              obj_cooja/mtype207.o (radio_interface)
obj_cooja/mtype207.a(eeprom.o)
                              obj_cooja/mtype207.o (eeprom_interface)
obj_cooja/mtype207.a(random.o)
                              obj_cooja/mtype207.a(moteid.o) (random_init)
obj_cooja/mtype207.a(sensors.o)
                              obj_cooja/mtype207.o (sensors_process)
obj_cooja/mtype207.a(autostart.o)
                              obj_cooja/mtype207.o (autostart_start)
obj_cooja/mtype207.a(ctimer.o)
                              obj_cooja/mtype207.o (ctimer_init)
obj_cooja/mtype207.a(etimer.o)
                              obj_cooja/mtype207.o (etimer_process)
obj_cooja/mtype207.a(log_message.o)
                              obj_cooja/mtype207.o (log_initialization)
obj_cooja/mtype207.a(process.o)
                              udp-client.co (process_current)
obj_cooja/mtype207.a(residual.o)
                              udp-client.co (get_residual_energy)
obj_cooja/mtype207.a(rtimer.o)
                              obj_cooja/mtype207.a(rtimer-arch.o) (rtimer_run_next)
obj_cooja/mtype207.a(stimer.o)
                              udp-client.co (stimer_remaining)
obj_cooja/mtype207.a(timer.o)
                              obj_cooja/mtype207.a(button-sensor.o) (timer_set)
obj_cooja/mtype207.a(serial-line.o)
                              udp-client.co (serial_line_event_message)
obj_cooja/mtype207.a(list.o)  obj_cooja/mtype207.a(ctimer.o) (list_init)
obj_cooja/mtype207.a(ringbuf.o)
                              obj_cooja/mtype207.a(serial-line.o) (ringbuf_init)
obj_cooja/mtype207.a(sicslowpan.o)
                              obj_cooja/mtype207.o (sicslowpan_driver)
obj_cooja/mtype207.a(uip-ds6-nbr.o)
                              obj_cooja/mtype207.a(sicslowpan.o) (uip_ds6_link_neighbor_callback)
obj_cooja/mtype207.a(uip-ds6-route.o)
                              udp-client.co (uip_ds6_route_nexthop)
obj_cooja/mtype207.a(uip-ds6.o)
                              udp-client.co (uip_ds6_if)
obj_cooja/mtype207.a(uip6.o)  udp-client.co (uip_lladdr)
obj_cooja/mtype207.a(tcpip.o)
                              udp-client.co (tcpip_event)
obj_cooja/mtype207.a(uip-debug.o)
                              udp-client.co (uip_debug_ipaddr_print)
obj_cooja/mtype207.a(uip-packetqueue)
                              obj_cooja/mtype207.a(uip-ds6-nbr.o) (uip_packetqueue_new)
obj_cooja/mtype207.a(uip-udp-packet.)
                              udp-client.co (uip_udp_packet_sendto)
obj_cooja/mtype207.a(rpl-dag.o)
                              obj_cooja/mtype207.a(tcpip.o) (rpl_repair_root)
obj_cooja/mtype207.a(rpl-ext-header.)
                              obj_cooja/mtype207.a(uip6.o) (rpl_verify_header)
obj_cooja/mtype207.a(rpl-icmp6.o)
                              obj_cooja/mtype207.a(rpl-dag.o) (rpl_icmp6_update_nbr_table)
obj_cooja/mtype207.a(rpl-ltmax.o)
                              obj_cooja/mtype207.a(rpl-dag.o) (rpl_ltmax_of)
obj_cooja/mtype207.a(rpl-timers.o)
                              obj_cooja/mtype207.a(rpl-dag.o) (rpl_reset_dio_timer)
obj_cooja/mtype207.a(rpl.o)   obj_cooja/mtype207.a(rpl-icmp6.o) (rpl_get_mode)
obj_cooja/mtype207.a(framer-802154.o)
                              obj_cooja/mtype207.a(sicslowpan.o) (framer_802154)
obj_cooja/mtype207.a(nullmac.o)
                              obj_cooja/mtype207.o (nullmac_driver)
obj_cooja/mtype207.a(cxmac.o)
                              obj_cooja/mtype207.o (cxmac_driver)
obj_cooja/mtype207.a(linkaddr.o)
[...]
Memory Configuration

Name             Origin             Length             Attributes
*default*        0x0000000000000000 0xffffffffffffffff

Linker script and memory map

LOAD /usr/lib/gcc/i686-linux-gnu/4.8/../../../i386-linux-gnu/crti.o
LOAD /usr/lib/gcc/i686-linux-gnu/4.8/crtbeginS.o
LOAD udp-client.co
LOAD obj_cooja/mtype207.o
LOAD obj_cooja/mtype207.a
LOAD /usr/lib/gcc/i686-linux-gnu/4.8/libgcc.a
LOAD /usr/lib/gcc/i686-linux-gnu/4.8/libgcc_s.so
LOAD /usr/lib/gcc/i686-linux-gnu/4.8/../../../i386-linux-gnu/libc.so
START GROUP
LOAD /lib/i386-linux-gnu/libc.so.6
LOAD /usr/lib/i386-linux-gnu/libc_nonshared.a
LOAD /lib/i386-linux-gnu/ld-linux.so.2
END GROUP
LOAD /usr/lib/gcc/i686-linux-gnu/4.8/libgcc.a
LOAD /usr/lib/gcc/i686-linux-gnu/4.8/libgcc_s.so
LOAD /usr/lib/gcc/i686-linux-gnu/4.8/crtendS.o
LOAD /usr/lib/gcc/i686-linux-gnu/4.8/../../../i386-linux-gnu/crtn.o
                0x0000000000000114                . = (0x0 + SIZEOF_HEADERS)

.note.gnu.build-id
                0x0000000000000114       0x24
 *(.note.gnu.build-id)
 .note.gnu.build-id
                0x0000000000000114       0x24 /usr/lib/gcc/i686-linux-gnu/4.8/../../../i386-linux-gnu/crti.o

.hash
 *(.hash)

.gnu.hash       0x0000000000000138     0x12ec
 *(.gnu.hash)
 .gnu.hash      0x0000000000000138     0x12ec /usr/lib/gcc/i686-linux-gnu/4.8/../../../i386-linux-gnu/crti.o

.dynsym         0x0000000000001424     0x2410
 *(.dynsym)
 .dynsym        0x0000000000001424     0x2410 /usr/lib/gcc/i686-linux-gnu/4.8/../../../i386-linux-gnu/crti.o

.dynstr         0x0000000000003834     0x24e6
 *(.dynstr)
 .dynstr        0x0000000000003834     0x24e6 /usr/lib/gcc/i686-linux-gnu/4.8/../../../i386-linux-gnu/crti.o

.gnu.version    0x0000000000005d1a      0x482
 *(.gnu.version)
 .gnu.version   0x0000000000005d1a      0x482 /usr/lib/gcc/i686-linux-gnu/4.8/../../../i386-linux-gnu/crti.o

.gnu.version_d  0x000000000000619c        0x0
 *(.gnu.version_d)
 .gnu.version_d
                0x0000000000000000        0x0 /usr/lib/gcc/i686-linux-gnu/4.8/../../../i386-linux-gnu/crti.o

.gnu.version_r  0x000000000000619c       0x50
 *(.gnu.version_r)
 .gnu.version_r
                0x000000000000619c       0x50 /usr/lib/gcc/i686-linux-gnu/4.8/../../../i386-linux-gnu/crti.o

.rel.dyn        0x00000000000061ec     0x9070
 *(.rel.init)
 .rel.init      0x0000000000000000        0x0 /usr/lib/gcc/i686-linux-gnu/4.8/../../../i386-linux-gnu/crti.o
 *(.rel.text .rel.text.* .rel.gnu.linkonce.t.*)
 .rel.text      0x00000000000061ec     0x88f0 /usr/lib/gcc/i686-linux-gnu/4.8/../../../i386-linux-gnu/crti.o
 *(.rel.fini)
 .rel.fini      0x0000000000000000        0x0 /usr/lib/gcc/i686-linux-gnu/4.8/../../../i386-linux-gnu/crti.o
 *(.rel.rodata .rel.rodata.* .rel.gnu.linkonce.r.*)
 .rel.rodata    0x000000000000eadc      0x4e0 /usr/lib/gcc/i686-linux-gnu/4.8/../../../i386-linux-gnu/crti.o
 *(.rel.data.rel.ro .rel.data.rel.ro.* .rel.gnu.linkonce.d.rel.ro.*)
 *(.rel.data .rel.data.* .rel.gnu.linkonce.d.*)
 .rel.data.rel  0x000000000000efbc        0x8 /usr/lib/gcc/i686-linux-gnu/4.8/../../../i386-linux-gnu/crti.o
 .rel.data      0x000000000000efc4      0x260 /usr/lib/gcc/i686-linux-gnu/4.8/../../../i386-linux-gnu/crti.o
 *(.rel.tdata .rel.tdata.* .rel.gnu.linkonce.td.*)
 *(.rel.tbss .rel.tbss.* .rel.gnu.linkonce.tb.*)
 *(.rel.ctors)
 *(.rel.dtors)
 *(.rel.got)
 .rel.got       0x000000000000f224       0x28 /usr/lib/gcc/i686-linux-gnu/4.8/../../../i386-linux-gnu/crti.o
 *(.rel.bss .rel.bss.* .rel.gnu.linkonce.b.*)
 *(.rel.ifunc)
 .rel.ifunc     0x0000000000000000        0x0 /usr/lib/gcc/i686-linux-gnu/4.8/../../../i386-linux-gnu/crti.o
 .rel.fini_array
                0x000000000000f24c        0x8 /usr/lib/gcc/i686-linux-gnu/4.8/../../../i386-linux-gnu/crti.o
 .rel.init_array
                0x000000000000f254        0x8 /usr/lib/gcc/i686-linux-gnu/4.8/../../../i386-linux-gnu/crti.o

.rel.plt        0x000000000000f25c       0x10
 *(.rel.plt)
 .rel.plt       0x000000000000f25c       0x10 /usr/lib/gcc/i686-linux-gnu/4.8/../../../i386-linux-gnu/crti.o
 *(.rel.iplt)

.init           0x000000000000f26c       0x23
 *(SORT(.init))
 .init          0x000000000000f26c       0x1e /usr/lib/gcc/i686-linux-gnu/4.8/../../../i386-linux-gnu/crti.o
                0x000000000000f26c                _init
 .init          0x000000000000f28a        0x5 /usr/lib/gcc/i686-linux-gnu/4.8/../../../i386-linux-gnu/crtn.o

.plt            0x000000000000f290       0x30
 *(.plt)
 .plt           0x000000000000f290       0x30 /usr/lib/gcc/i686-linux-gnu/4.8/../../../i386-linux-gnu/crti.o
 *(.iplt)

.text           0x000000000000f2c0    0x15abc
 *(.text.unlikely .text.*_unlikely .text.unlikely.*)
 *(.text.exit .text.exit.*)
 *(.text.startup .text.startup.*)
 *(.text.hot .text.hot.*)
 *(.text .stub .text.* .gnu.linkonce.t.*)
 .text          0x000000000000f2c0        0x0 /usr/lib/gcc/i686-linux-gnu/4.8/../../../i386-linux-gnu/crti.o
 .gnu.linkonce.t.__x86.get_pc_thunk.bx
                0x000000000000f2c0        0x4 /usr/lib/gcc/i686-linux-gnu/4.8/../../../i386-linux-gnu/crti.o
                0x000000000000f2c0                __x86.get_pc_thunk.bx
 *fill*         0x000000000000f2c4        0xc 
 .text          0x000000000000f2d0      0x11b /usr/lib/gcc/i686-linux-gnu/4.8/crtbeginS.o
 .text          0x000000000000f3eb      0x785 udp-client.co
 .text          0x000000000000fb70      0x734 obj_cooja/mtype207.o
                0x000000000000fca6                contiki_init
                0x00000000000100bb                Java_org_contikios_cooja_corecomm_Lib42_init
                0x00000000000100fb                Java_org_contikios_cooja_corecomm_Lib42_getMemory
                0x000000000001013b                Java_org_contikios_cooja_corecomm_Lib42_setMemory
                0x00000000000101b2                Java_org_contikios_cooja_corecomm_Lib42_tick
                0x0000000000010292                Java_org_contikios_cooja_corecomm_Lib42_setReferenceAddress
 .text          0x00000000000102a4       0x63 obj_cooja/mtype207.a(simEnvChange.o)
                0x00000000000102a4                doActionsBeforeTick
                0x00000000000102d5                doActionsAfterTick
 .text          0x0000000000010307       0xbc obj_cooja/mtype207.a(cooja_mt.o)
                0x0000000000010307                cooja_mt_init
                0x0000000000010314                cooja_mt_remove
                0x0000000000010321                cooja_mt_start
                0x000000000001034e                cooja_mt_exec
                0x000000000001037f                cooja_mt_exit
                0x00000000000103a1                cooja_mt_yield
 .text          0x00000000000103c3      0x115 obj_cooja/mtype207.a(cooja_mtarch.o)
                0x00000000000103c3                cooja_mtarch_init
                0x00000000000103c8                cooja_mtarch_start
                0x0000000000010443                cooja_sw
                0x0000000000010465                cooja_mtarch_exec
                0x0000000000010481                cooja_mtarch_remove
                0x0000000000010486                cooja_mtarch_yield
                0x0000000000010490                cooja_mtarch_pstop
                0x0000000000010495                cooja_mtarch_pstart
                0x000000000001049a                cooja_mtarch_stack_usage
 .text          0x00000000000104d8       0xc2 obj_cooja/mtype207.a(rtimer-arch.o)
                0x00000000000104d8                rtimer_arch_init
                0x00000000000104fb                rtimer_arch_schedule
                0x0000000000010512                rtimer_arch_next
                0x000000000001051c                rtimer_arch_pending
                0x0000000000010526                rtimer_arch_check
                0x0000000000010558                rtimer_arch_now
 .text          0x000000000001059a       0x76 obj_cooja/mtype207.a(beep.o)
                0x000000000001059a                beep_alarm
                0x00000000000105a6                beep_beep
                0x00000000000105b2                beep
                0x00000000000105be                beep_down
                0x00000000000105ca                beep_on
                0x00000000000105d6                beep_off
                0x00000000000105e2                beep_spinup
                0x00000000000105ee                beep_quick
                0x00000000000105fa                beep_long
 .text          0x0000000000010610      0x103 obj_cooja/mtype207.a(button-sensor.o)
 .text          0x0000000000010713       0x45 obj_cooja/mtype207.a(leds-arch.o)
                0x0000000000010713                leds_arch_init
                0x000000000001071f                leds_arch_get
                0x000000000001072b                leds_arch_set
 .text          0x0000000000010758       0x2f obj_cooja/mtype207.a(moteid.o)
 .text          0x0000000000010787       0xb1 obj_cooja/mtype207.a(pir-sensor.o)
 .text          0x0000000000010838      0x131 obj_cooja/mtype207.a(rs232.o)
                0x0000000000010838                rs232_init
                0x000000000001083d                rs232_set_speed
                0x000000000001084b                rs232_set_input
                0x0000000000010858                rs232_send
                0x000000000001087a                rs232_print
                0x0000000000010895                slip_arch_writeb
 .text          0x0000000000010969       0xb1 obj_cooja/mtype207.a(vib-sensor.o)
 .text          0x0000000000010a1a       0x34 obj_cooja/mtype207.a(clock.o)
                0x0000000000010a1a                clock_init
                0x0000000000010a1f                clock_time
                0x0000000000010a29                clock_seconds
                0x0000000000010a3f                clock_delay
 .text          0x0000000000010a4e      0x1ed obj_cooja/mtype207.a(log.o)
                0x0000000000010a4e                simlog_char
                0x0000000000010a90                simlog
                0x0000000000010afd                log_message
                0x0000000000010b25                log_set_putchar_with_slip
                0x0000000000010b32                log_putchar
                0x0000000000010bb6                log_puts
                0x0000000000010bda                log_printf
 .text          0x0000000000010c3b      0x2c4 obj_cooja/mtype207.a(cfs-cooja.o)
                0x0000000000010c3b                cfs_open
                0x0000000000010ca4                cfs_close
                0x0000000000010cb0                cfs_read
                0x0000000000010d4e                cfs_write
                0x0000000000010e2b                cfs_seek
                0x0000000000010eb3                cfs_remove
                0x0000000000010edc                cfs_opendir
                0x0000000000010ee6                cfs_readdir
                0x0000000000010ef0                cfs_closedir
 .text          0x0000000000010eff      0x3e8 obj_cooja/mtype207.a(cooja-radio.o)
                0x0000000000010f29                radio_set_channel
                0x0000000000010f36                radio_set_txpower
                0x0000000000010f4d                radio_signal_strength_last
                0x0000000000010f57                radio_signal_strength_current
                0x0000000000010f61                radio_LQI
 .text          0x00000000000112e7       0xef obj_cooja/mtype207.a(eeprom.o)
                0x00000000000112e7                eeprom_init
                0x00000000000112ec                eeprom_read
                0x000000000001135c                eeprom_write
 .text          0x00000000000113d6       0x28 obj_cooja/mtype207.a(random.o)
                0x00000000000113d6                random_init
                0x00000000000113f1                random_rand
 .text          0x00000000000113fe      0x2a1 obj_cooja/mtype207.a(sensors.o)
                0x0000000000011439                sensors_first
                0x0000000000011443                sensors_next
                0x0000000000011460                sensors_changed
                0x000000000001148f                sensors_find
 .text          0x000000000001169f       0x8e obj_cooja/mtype207.a(autostart.o)
                0x000000000001169f                autostart_start
                0x00000000000116ea                autostart_exit
 .text          0x000000000001172d      0x334 obj_cooja/mtype207.a(ctimer.o)
                0x0000000000011844                ctimer_init
                0x0000000000011874                ctimer_set
                0x00000000000118a5                ctimer_set_with_process
                0x0000000000011921                ctimer_reset
                0x0000000000011970                ctimer_restart
                0x00000000000119bf                ctimer_stop
                0x0000000000011a0a                ctimer_expired
 .text          0x0000000000011a61      0x40b obj_cooja/mtype207.a(etimer.o)
                0x0000000000011c74                etimer_request_poll
                0x0000000000011cf8                etimer_set
                0x0000000000011d1d                etimer_reset_with_new_interval
                0x0000000000011d44                etimer_reset
                0x0000000000011d62                etimer_restart
                0x0000000000011d80                etimer_adjust
                0x0000000000011d9c                etimer_expired
                0x0000000000011daf                etimer_expiration_time
                0x0000000000011dc1                etimer_start_time
                0x0000000000011dcb                etimer_pending
                0x0000000000011ddd                etimer_next_expiration_time
                0x0000000000011df7                etimer_stop
 .text          0x0000000000011e6c       0xdd obj_cooja/mtype207.a(log_message.o)
                0x0000000000011e6c                log_initialization
                0x0000000000011f28                log_finisher
 .text          0x0000000000011f49      0x560 obj_cooja/mtype207.a(process.o)
                0x0000000000011f49                process_alloc_event
                0x0000000000011f5e                process_start
                0x0000000000012147                process_exit
                0x0000000000012163                process_init
                0x0000000000012334                process_run
                0x0000000000012367                process_nevents
                0x0000000000012382                process_post
                0x000000000001242e                process_post_synch
                0x0000000000012466                process_poll
                0x0000000000012495                process_is_running
 .text          0x00000000000124a9       0x8b obj_cooja/mtype207.a(residual.o)
                0x00000000000124a9                get_residual_energy
 .text          0x0000000000012534       0xba obj_cooja/mtype207.a(rtimer.o)
                0x0000000000012534                rtimer_init
                0x0000000000012541                rtimer_set
                0x0000000000012598                rtimer_run_next
 .text          0x00000000000125ee       0xa3 obj_cooja/mtype207.a(stimer.o)
                0x00000000000125ee                stimer_set
                0x0000000000012609                stimer_reset
                0x0000000000012620                stimer_restart
                0x0000000000012632                stimer_expired
                0x0000000000012659                stimer_remaining
                0x000000000001267d                stimer_elapsed
 .text          0x0000000000012691       0x91 obj_cooja/mtype207.a(timer.o)
                0x0000000000012691                timer_set
                0x00000000000126ac                timer_reset
                0x00000000000126c3                timer_restart
                0x00000000000126d5                timer_expired
                0x00000000000126fe                timer_remaining
 .text          0x0000000000012722      0x1fb obj_cooja/mtype207.a(serial-line.o)
                0x0000000000012722                serial_line_input_byte
                0x00000000000128e5                serial_line_init
 .text          0x000000000001291d      0x244 obj_cooja/mtype207.a(list.o)
                0x000000000001291d                list_init
                0x000000000001292b                list_head
                0x0000000000012935                list_copy
                0x0000000000012944                list_tail
                0x000000000001297a                list_add
                0x00000000000129c3                list_push
                0x00000000000129ef                list_chop
                0x0000000000012a59                list_pop
                0x0000000000012a81                list_remove
                0x0000000000012ae8                list_length
                0x0000000000012b16                list_insert
                0x0000000000012b4a                list_item_next
 .text          0x0000000000012b61      0x155 obj_cooja/mtype207.a(ringbuf.o)
                0x0000000000012b61                ringbuf_init
                0x0000000000012b92                ringbuf_put
                0x0000000000012c10                ringbuf_get
                0x0000000000012c7d                ringbuf_size
                0x0000000000012c8f                ringbuf_elements
 .text          0x0000000000012cb6     0x258b obj_cooja/mtype207.a(sicslowpan.o)
                0x0000000000013240                rime_sniffer_add
                0x000000000001324d                rime_sniffer_remove
                0x00000000000151e0                sicslowpan_init
                0x0000000000015237                sicslowpan_get_last_rssi
 .text          0x0000000000015241      0x298 obj_cooja/mtype207.a(uip-ds6-nbr.o)
                0x000000000001525e                uip_ds6_neighbors_init
                0x000000000001527b                uip_ds6_nbr_add
                0x0000000000015303                uip_ds6_nbr_rm
                0x0000000000015345                uip_ds6_nbr_get_ipaddr
                0x000000000001535a                uip_ds6_nbr_get_ll
                0x0000000000015376                uip_ds6_nbr_num
                0x00000000000153bb                uip_ds6_nbr_lookup
                0x0000000000015420                uip_ds6_nbr_ll_lookup
                0x000000000001543c                uip_ds6_nbr_ipaddr_from_lladdr
                0x0000000000015462                uip_ds6_nbr_lladdr_from_ipaddr
                0x0000000000015490                uip_ds6_link_neighbor_callback
 .text          0x00000000000154d9      0x916 obj_cooja/mtype207.a(uip-ds6-route.o)
                0x0000000000015550                uip_ds6_notification_add
                0x0000000000015581                uip_ds6_notification_rm
                0x000000000001559d                uip_ds6_route_init
                0x0000000000015625                uip_ds6_route_nexthop
                0x000000000001564d                uip_ds6_route_head
                0x0000000000015662                uip_ds6_route_next
                0x0000000000015688                uip_ds6_route_is_nexthop
                0x00000000000156c7                uip_ds6_route_num_routes
                0x00000000000156d1                uip_ds6_route_lookup
                0x0000000000015793                uip_ds6_route_add
                0x00000000000159c7                uip_ds6_route_rm
                0x0000000000015b5b                uip_ds6_route_rm_by_nexthop
                0x0000000000015b93                uip_ds6_defrt_add
                0x0000000000015c44                uip_ds6_defrt_rm
                0x0000000000015cc3                uip_ds6_defrt_lookup
                0x0000000000015d1c                uip_ds6_defrt_choose
                0x0000000000015d87                uip_ds6_defrt_periodic
 .text          0x0000000000015def      0xb97 obj_cooja/mtype207.a(uip-ds6.o)
                0x0000000000015def                uip_ds6_init
                0x0000000000015fc2                uip_ds6_periodic
                0x000000000001603b                uip_ds6_list_loop
                0x00000000000160e2                uip_ds6_prefix_add
                0x00000000000161a0                uip_ds6_prefix_rm
                0x00000000000161b2                uip_ds6_prefix_lookup
                0x0000000000016203                uip_ds6_is_addr_onlink
                0x0000000000016277                uip_ds6_addr_add
                0x00000000000163a5                uip_ds6_addr_rm
                0x0000000000016445                uip_ds6_addr_lookup
                0x0000000000016490                uip_ds6_get_link_local
                0x000000000001650f                uip_ds6_get_global
                0x000000000001658e                uip_ds6_maddr_add
                0x0000000000016600                uip_ds6_maddr_rm
                0x0000000000016612                uip_ds6_maddr_lookup
                0x000000000001665d                uip_ds6_aaddr_add
                0x00000000000166cf                uip_ds6_aaddr_rm
                0x00000000000166e1                uip_ds6_aaddr_lookup
                0x000000000001672c                uip_ds6_select_src
                0x0000000000016871                uip_ds6_set_addr_iid
                0x00000000000168a8                get_match_length
                0x000000000001693a                uip_ds6_compute_reachable_time
 .text          0x0000000000016986     0x29cb obj_cooja/mtype207.a(uip6.o)
                0x0000000000016986                uip_add32
                0x0000000000016b1f                uip_chksum
                0x0000000000016c0d                uip_icmp6chksum
                0x0000000000016c21                uip_tcpchksum
                0x0000000000016c35                uip_udpchksum
                0x0000000000016c49                uip_init
                0x0000000000016d19                uip_connect
                0x0000000000016ec8                remove_ext_hdr
                0x0000000000016f9d                uip_udp_new
                0x00000000000170f9                uip_unlisten
                0x0000000000017159                uip_listen
                0x000000000001741b                uip_process
                0x0000000000019245                uip_htons
                0x0000000000019267                uip_htonl
                0x00000000000192a7                uip_send
 .text          0x0000000000019351      0xaad obj_cooja/mtype207.a(tcpip.o)
                0x0000000000019351                tcpip_output
                0x00000000000193a2                tcpip_set_outputfunc
                0x0000000000019442                tcp_connect
                0x0000000000019497                tcp_unlisten
                0x00000000000194f2                tcp_listen
                0x000000000001954b                tcp_attach
                0x0000000000019570                udp_attach
                0x0000000000019595                udp_new
                0x00000000000195e7                udp_broadcast_new
                0x000000000001985b                tcpip_input
                0x000000000001988f                tcpip_ipv6_output
                0x0000000000019c44                tcpip_poll_udp
                0x0000000000019c67                tcpip_poll_tcp
                0x0000000000019c8a                tcpip_uipcall
 .text          0x0000000000019dfe      0x1c1 obj_cooja/mtype207.a(uip-debug.o)
                0x0000000000019dfe                uip_debug_ipaddr_print
                0x0000000000019f60                uip_debug_lladdr_print
 .text          0x0000000000019fbf      0x141 obj_cooja/mtype207.a(uip-packetqueue)
                0x0000000000019feb                uip_packetqueue_new
                0x0000000000019ff9                uip_packetqueue_alloc
                0x000000000001a059                uip_packetqueue_free
                0x000000000001a09a                uip_packetqueue_buf
                0x000000000001a0b7                uip_packetqueue_buflen
                0x000000000001a0d8                uip_packetqueue_set_buflen
 .text          0x000000000001a100      0x131 obj_cooja/mtype207.a(uip-udp-packet.)
                0x000000000001a100                uip_udp_packet_send
                0x000000000001a160                uip_udp_packet_sendto
 .text          0x000000000001a231     0x25c7 obj_cooja/mtype207.a(rpl-dag.o)
                0x000000000001a231                rpl_print_neighbor_list
                0x000000000001a2da                rpl_print_child_neighbor_list
                0x000000000001a34f                rpl_get_nbr
                0x000000000001a3a9                rpl_get_nbr_child
                0x000000000001a403                rpl_dag_init
                0x000000000001a435                rpl_get_parent
                0x000000000001a457                rpl_get_parent_rank
                0x000000000001a48a                rpl_get_parent_link_metric
                0x000000000001a4bd                rpl_get_parent_ipaddr
                0x000000000001a4e7                rpl_get_child_ipaddr
                0x000000000001a802                rpl_set_root
                0x000000000001aa30                rpl_repair_root
                0x000000000001ac6c                rpl_set_prefix
                0x000000000001ad6b                rpl_set_default_route
                0x000000000001adf7                rpl_alloc_instance
                0x000000000001ae8a                rpl_alloc_dag
                0x000000000001af3d                rpl_set_default_instance
                0x000000000001af4a                rpl_get_default_instance
                0x000000000001af54                rpl_free_instance
                0x000000000001b005                rpl_free_dag
                0x000000000001b06b                rpl_add_parent
                0x000000000001b154                rpl_find_parent
                0x000000000001b184                rpl_add_child
                0x000000000001b228                rpl_find_child
                0x000000000001b276                rpl_find_parent_any_dag
                0x000000000001b2b2                rpl_select_dag
                0x000000000001b6d5                rpl_select_parent
                0x000000000001b737                rpl_remove_parent
                0x000000000001b76d                rpl_remove_child
                0x000000000001b789                rpl_nullify_parent
                0x000000000001b827                rpl_move_parent
                0x000000000001b8c4                rpl_has_downward_route
                0x000000000001b917                rpl_get_any_dag
                0x000000000001b979                rpl_get_instance
                0x000000000001b9dc                rpl_find_of
                0x000000000001ba19                rpl_join_instance
                0x000000000001bc9b                rpl_add_dag
                0x000000000001c08a                rpl_local_repair
                0x000000000001c163                rpl_recalculate_ranks
                0x000000000001c1e9                rpl_process_parent_event
                0x000000000001c29b                rpl_process_dio
 .text          0x000000000001c7f8      0xbf3 obj_cooja/mtype207.a(rpl-ext-header.)
                0x000000000001c815                rpl_verify_header
                0x000000000001cc8f                rpl_update_header_empty
                0x000000000001cfa6                rpl_update_header_final
                0x000000000001d135                rpl_remove_header
                0x000000000001d23f                rpl_invert_header
                0x000000000001d3c9                rpl_insert_header
 .text          0x000000000001d3eb     0x28e4 obj_cooja/mtype207.a(rpl-icmp6.o)
                0x000000000001d6fa                rpl_icmp6_update_nbr_table
                0x000000000001d8c7                dis_output
                0x000000000001e547                dio_output
                0x000000000001f81f                dao_output
                0x000000000001f8f3                dao_output_target
                0x000000000001fc83                dao_ack_output
                0x000000000001fc97                rpl_icmp6_register_handlers
 .text          0x000000000001fccf      0x334 obj_cooja/mtype207.a(rpl-ltmax.o)
 .text          0x0000000000020003      0x7c2 obj_cooja/mtype207.a(rpl-timers.o)
                0x0000000000020258                rpl_reset_periodic_timer
                0x00000000000202ad                rpl_reset_dio_timer
                0x00000000000204e7                rpl_schedule_dao
                0x0000000000020502                rpl_schedule_dao_immediately
                0x000000000002051d                rpl_cancel_dao
                0x000000000002057f                rpl_schedule_unicast_dio_immediately
                0x000000000002076d                rpl_schedule_probing
 .text          0x00000000000207c5      0x5c5 obj_cooja/mtype207.a(rpl.o)
                0x00000000000207c5                rpl_get_mode
                0x00000000000207cf                rpl_set_mode
                0x000000000002085d                rpl_purge_routes
                0x0000000000020957                rpl_remove_routes
                0x000000000002099d                rpl_remove_routes_by_nexthop
                0x0000000000020a09                rpl_add_route
                0x0000000000020a84                rpl_link_neighbor_callback
                0x0000000000020b89                rpl_ipv6_neighbor_callback
                0x0000000000020bf8                rpl_purge_dags
                0x0000000000020d04                rpl_init
 .text          0x0000000000020d8a      0x3f5 obj_cooja/mtype207.a(framer-802154.o)
 .text          0x000000000002117f       0x5e obj_cooja/mtype207.a(nullmac.o)
 .text          0x00000000000211dd      0xeb4 obj_cooja/mtype207.a(cxmac.o)
                0x0000000000021ff2                cxmac_set_announcement_radio_txpower
                0x0000000000021ff7                cxmac_init
 .text          0x0000000000022091       0x67 obj_cooja/mtype207.a(linkaddr.o)
                0x0000000000022091                linkaddr_copy
                0x00000000000220b3                linkaddr_cmp
                0x00000000000220dd                linkaddr_set_node_addr
 .text          0x00000000000220f8      0x769 obj_cooja/mtype207.a(nbr-table.o)
                0x0000000000022557                nbr_table_register
                0x000000000002259f                nbr_table_head
                0x00000000000225fb                nbr_table_next
                0x0000000000022662                nbr_table_add_lladdr
                0x000000000002273e                nbr_table_get_from_lladdr
                0x000000000002278b                nbr_table_remove
                0x00000000000227dd                nbr_table_lock
                0x0000000000022807                nbr_table_unlock
                0x0000000000022831                nbr_table_get_lladdr
 .text          0x0000000000022861       0x2b obj_cooja/mtype207.a(netstack.o)
                0x0000000000022861                netstack_init
 .text          0x000000000002288c      0x3cd obj_cooja/mtype207.a(packetbuf.o)
                0x000000000002288c                packetbuf_clear
                0x00000000000228b6                packetbuf_copyfrom
                0x0000000000022908                packetbuf_compact
                0x0000000000022985                packetbuf_copyto
                0x0000000000022a1c                packetbuf_hdralloc
                0x0000000000022a99                packetbuf_hdrreduce
                0x0000000000022ae1                packetbuf_set_datalen
                0x0000000000022afa                packetbuf_dataptr
                0x0000000000022b17                packetbuf_hdrptr
                0x0000000000022b21                packetbuf_datalen
                0x0000000000022b2d                packetbuf_hdrlen
                0x0000000000022b44                packetbuf_totlen
                0x0000000000022b5a                packetbuf_attr_clear
                0x0000000000022bac                packetbuf_attr_copyto
                0x0000000000022bf5                packetbuf_attr_copyfrom
                0x0000000000022c3d                packetbuf_holds_broadcast
 .text          0x0000000000022c59      0x2b4 obj_cooja/mtype207.a(queuebuf.o)
                0x0000000000022c63                queuebuf_init
                0x0000000000022c83                queuebuf_numfree
                0x0000000000022c97                queuebuf_new_from_packetbuf
                0x0000000000022d27                queuebuf_update_attr_from_packetbuf
                0x0000000000022d5a                queuebuf_update_from_packetbuf
                0x0000000000022da4                queuebuf_free
                0x0000000000022deb                queuebuf_to_packetbuf
                0x0000000000022e51                queuebuf_dataptr
                0x0000000000022e88                queuebuf_datalen
                0x0000000000022eab                queuebuf_addr
                0x0000000000022edd                queuebuf_attr
                0x0000000000022f08                queuebuf_debug_print
 .text          0x0000000000022f0d       0x6e obj_cooja/mtype207.a(nullsec.o)
 .text          0x0000000000022f7b       0x19 obj_cooja/mtype207.a(watchdog.o)
                0x0000000000022f7b                watchdog_init
                0x0000000000022f80                watchdog_start
                0x0000000000022f85                watchdog_periodic
                0x0000000000022f8a                watchdog_stop
                0x0000000000022f8f                watchdog_reboot
 .text          0x0000000000022f94        0x0 obj_cooja/mtype207.a(rimestats.o)
 .text          0x0000000000022f94      0x134 obj_cooja/mtype207.a(leds.o)
                0x0000000000022fe5                leds_init
                0x0000000000022ff9                leds_blink
                0x0000000000023031                leds_get
                0x000000000002303e                leds_set
                0x0000000000023058                leds_on
                0x000000000002307b                leds_off
                0x00000000000230a5                leds_toggle
 .text          0x00000000000230c8      0x1c1 obj_cooja/mtype207.a(memb.o)
                0x00000000000230c8                memb_init
                0x0000000000023126                memb_alloc
                0x000000000002318b                memb_free
                0x0000000000023206                memb_inmemb
                0x0000000000023245                memb_numfree
 .text          0x0000000000023289      0xab2 obj_cooja/mtype207.a(uip-icmp6.o)
                0x00000000000232f7                uip_icmp6_input
                0x000000000002334d                uip_icmp6_register_input_handler
                0x0000000000023615                uip_icmp6_error_output
                0x000000000002395a                uip_icmp6_send
                0x0000000000023cce                uip_icmp6_echo_reply_callback_add
                0x0000000000023cff                uip_icmp6_echo_reply_callback_rm
                0x0000000000023d1b                uip_icmp6_init
 .text          0x0000000000023d3b      0x358 obj_cooja/mtype207.a(uip-nd6.o)
                0x0000000000023d8f                uip_nd6_ns_output
                0x000000000002408e                uip_nd6_init
 .text          0x0000000000024093      0x331 obj_cooja/mtype207.a(rpl-nbr-policy.)
                0x000000000002426b                find_removable_dis
                0x000000000002428e                find_removable_dio
                0x000000000002431d                find_removable_dao
                0x000000000002436d                rpl_nbr_policy_find_removable
 .text          0x00000000000243c4      0x97c obj_cooja/mtype207.a(frame802154.o)
                0x00000000000243f5                frame802154_get_pan_id
                0x0000000000024401                frame802154_set_pan_id
                0x000000000002441a                frame802154_has_panid
                0x0000000000024506                frame802154_check_dest_panid
                0x000000000002456e                frame802154_is_broadcast_addr
                0x00000000000245bb                frame802154_extract_linkaddr
                0x00000000000247fb                frame802154_hdrlen
                0x000000000002484c                frame802154_create
                0x0000000000024a37                frame802154_parse
 .text          0x0000000000024d40       0x3c obj_cooja/mtype207.a(mac.o)
                0x0000000000024d40                mac_call_sent_callback
 .text          0x0000000000024d7c        0x0 /usr/lib/gcc/i686-linux-gnu/4.8/crtendS.o
 .text          0x0000000000024d7c        0x0 /usr/lib/gcc/i686-linux-gnu/4.8/../../../i386-linux-gnu/crtn.o
 *(.gnu.warning)

.fini           0x0000000000024d7c       0x14
 *(SORT(.fini))
 .fini          0x0000000000024d7c        0xf /usr/lib/gcc/i686-linux-gnu/4.8/../../../i386-linux-gnu/crti.o
                0x0000000000024d7c                _fini
 .fini          0x0000000000024d8b        0x5 /usr/lib/gcc/i686-linux-gnu/4.8/../../../i386-linux-gnu/crtn.o
                0x0000000000024d90                PROVIDE (__etext, .)
                0x0000000000024d90                PROVIDE (_etext, .)
                0x0000000000024d90                PROVIDE (etext, .)

.rodata         0x0000000000024da0     0x1780
 *(.rodata .rodata.* .gnu.linkonce.r.*)
 .rodata        0x0000000000024da0      0x2da udp-client.co
                0x0000000000024db4                autostart_processes
 *fill*         0x000000000002507a        0x2 
 .rodata        0x000000000002507c      0x157 obj_cooja/mtype207.o
 *fill*         0x00000000000251d3        0x1 
 .rodata        0x00000000000251d4        0x8 obj_cooja/mtype207.a(beep.o)
                0x00000000000251d4                beep_interface
 .rodata        0x00000000000251dc       0x20 obj_cooja/mtype207.a(button-sensor.o)
                0x00000000000251dc                button_interface
                0x00000000000251ec                button_sensor
 .rodata        0x00000000000251fc        0x8 obj_cooja/mtype207.a(leds-arch.o)
                0x00000000000251fc                leds_interface
 .rodata        0x0000000000025204        0x8 obj_cooja/mtype207.a(moteid.o)
                0x0000000000025204                moteid_interface
 .rodata        0x000000000002520c       0x1c obj_cooja/mtype207.a(pir-sensor.o)
                0x000000000002520c                pir_interface
                0x0000000000025218                pir_sensor
 .rodata        0x0000000000025228        0xe obj_cooja/mtype207.a(rs232.o)
                0x0000000000025228                rs232_interface
 *fill*         0x0000000000025236        0x2 
 .rodata        0x0000000000025238       0x24 obj_cooja/mtype207.a(vib-sensor.o)
                0x0000000000025238                vib_interface
                0x000000000002524c                vib_sensor
 .rodata        0x000000000002525c        0x8 obj_cooja/mtype207.a(clock.o)
                0x000000000002525c                clock_interface
 .rodata        0x0000000000025264        0x8 obj_cooja/mtype207.a(log.o)
                0x0000000000025264                simlog_interface
 .rodata        0x000000000002526c       0x2f obj_cooja/mtype207.a(cfs-cooja.o)
                0x000000000002526c                cfs_interface
 *fill*         0x000000000002529b        0x5 
 .rodata        0x00000000000252a0       0x60 obj_cooja/mtype207.a(cooja-radio.o)
                0x00000000000252c0                cooja_radio_driver
                0x00000000000252f8                radio_interface
 .rodata        0x0000000000025300        0x8 obj_cooja/mtype207.a(eeprom.o)
                0x0000000000025300                eeprom_interface
 .rodata        0x0000000000025308        0x8 obj_cooja/mtype207.a(sensors.o)
 .rodata        0x0000000000025310        0xf obj_cooja/mtype207.a(ctimer.o)
 .rodata        0x000000000002531f        0xc obj_cooja/mtype207.a(etimer.o)
 *fill*         0x000000000002532b        0x1 
 .rodata        0x000000000002532c       0x73 obj_cooja/mtype207.a(log_message.o)
 *fill*         0x000000000002539f        0x1 
 .rodata        0x00000000000253a0       0x20 obj_cooja/mtype207.a(residual.o)
 .rodata        0x00000000000253c0        0xe obj_cooja/mtype207.a(serial-line.o)
 *fill*         0x00000000000253ce        0x2 
 .rodata        0x00000000000253d0       0x2c obj_cooja/mtype207.a(sicslowpan.o)
                0x00000000000253d0                unc_llconf
                0x00000000000253d4                unc_ctxconf
                0x00000000000253d8                unc_mxconf
                0x00000000000253dc                llprefix
                0x00000000000253f0                sicslowpan_driver
 .rodata        0x00000000000253fc      0x13c obj_cooja/mtype207.a(uip6.o)
 .rodata        0x0000000000025538      0x133 obj_cooja/mtype207.a(tcpip.o)
 .rodata        0x000000000002566b       0x3e obj_cooja/mtype207.a(uip-debug.o)
 *fill*         0x00000000000256a9        0x3 
 .rodata        0x00000000000256ac        0x4 obj_cooja/mtype207.a(rpl-dag.o)
 .rodata        0x00000000000256b0      0xb58 obj_cooja/mtype207.a(rpl-icmp6.o)
 .rodata        0x0000000000026208        0xc obj_cooja/mtype207.a(framer-802154.o)
                0x0000000000026208                framer_802154
 .rodata        0x0000000000026214       0x24 obj_cooja/mtype207.a(nullmac.o)
                0x000000000002621c                nullmac_driver
 *fill*         0x0000000000026238        0x8 
 .rodata        0x0000000000026240      0x2c0 obj_cooja/mtype207.a(cxmac.o)
                0x00000000000264e0                cxmac_driver
 .rodata        0x0000000000026500        0x8 obj_cooja/mtype207.a(linkaddr.o)
                0x0000000000026500                linkaddr_null
 .rodata        0x0000000000026508       0x18 obj_cooja/mtype207.a(nullsec.o)
                0x0000000000026510                nullsec_driver

.rodata1
 *(.rodata1)

.eh_frame_hdr   0x0000000000026520     0x12f4
 *(.eh_frame_hdr)
 .eh_frame_hdr  0x0000000000026520     0x12f4 udp-client.co

.eh_frame       0x0000000000027814     0x4d30
 *(.eh_frame)
 .eh_frame      0x0000000000027814       0x3c /usr/lib/gcc/i686-linux-gnu/4.8/../../../i386-linux-gnu/crti.o
                                         0x40 (size before relaxing)
 .eh_frame      0x0000000000027850       0xb4 udp-client.co
                                         0xcc (size before relaxing)
 .eh_frame      0x0000000000027904      0x148 obj_cooja/mtype207.o
                                        0x160 (size before relaxing)
 .eh_frame      0x0000000000027a4c       0x40 obj_cooja/mtype207.a(simEnvChange.o)
                                         0x58 (size before relaxing)
 .eh_frame      0x0000000000027a8c       0xc0 obj_cooja/mtype207.a(cooja_mt.o)
                                         0xd8 (size before relaxing)
 .eh_frame      0x0000000000027b4c      0x120 obj_cooja/mtype207.a(cooja_mtarch.o)
                                        0x138 (size before relaxing)
 .eh_frame      0x0000000000027c6c       0xc0 obj_cooja/mtype207.a(rtimer-arch.o)
                                         0xd8 (size before relaxing)
 .eh_frame      0x0000000000027d2c      0x160 obj_cooja/mtype207.a(beep.o)
                                        0x178 (size before relaxing)
 .eh_frame      0x0000000000027e8c       0xa0 obj_cooja/mtype207.a(button-sensor.o)
                                         0xb8 (size before relaxing)
 .eh_frame      0x0000000000027f2c       0xa0 obj_cooja/mtype207.a(leds-arch.o)
                                         0xb8 (size before relaxing)
 .eh_frame      0x0000000000027fcc       0x40 obj_cooja/mtype207.a(moteid.o)
                                         0x58 (size before relaxing)
 .eh_frame      0x000000000002800c       0xa0 obj_cooja/mtype207.a(pir-sensor.o)
                                         0xb8 (size before relaxing)
 .eh_frame      0x00000000000280ac      0x100 obj_cooja/mtype207.a(rs232.o)
                                        0x118 (size before relaxing)
 .eh_frame      0x00000000000281ac       0xa0 obj_cooja/mtype207.a(vib-sensor.o)
                                         0xb8 (size before relaxing)
 .eh_frame      0x000000000002824c       0xc0 obj_cooja/mtype207.a(clock.o)
                                         0xd8 (size before relaxing)
 .eh_frame      0x000000000002830c      0x120 obj_cooja/mtype207.a(log.o)
                                        0x138 (size before relaxing)
 .eh_frame      0x000000000002842c      0x160 obj_cooja/mtype207.a(cfs-cooja.o)
                                        0x178 (size before relaxing)
 .eh_frame      0x000000000002858c      0x2e0 obj_cooja/mtype207.a(cooja-radio.o)
                                        0x2f8 (size before relaxing)
 .eh_frame      0x000000000002886c       0xa0 obj_cooja/mtype207.a(eeprom.o)
                                         0xb8 (size before relaxing)
 .eh_frame      0x000000000002890c       0x40 obj_cooja/mtype207.a(random.o)
                                         0x58 (size before relaxing)
 .eh_frame      0x000000000002894c       0xc0 obj_cooja/mtype207.a(sensors.o)
                                         0xd8 (size before relaxing)
 .eh_frame      0x0000000000028a0c       0x40 obj_cooja/mtype207.a(autostart.o)
                                         0x58 (size before relaxing)
 .eh_frame      0x0000000000028a4c      0x100 obj_cooja/mtype207.a(ctimer.o)
                                        0x118 (size before relaxing)
 .eh_frame      0x0000000000028b4c      0x1e0 obj_cooja/mtype207.a(etimer.o)
                                        0x1f8 (size before relaxing)
 .eh_frame      0x0000000000028d2c       0x40 obj_cooja/mtype207.a(log_message.o)
                                         0x58 (size before relaxing)
 .eh_frame      0x0000000000028d6c      0x1c8 obj_cooja/mtype207.a(process.o)
                                        0x1e0 (size before relaxing)
 .eh_frame      0x0000000000028f34       0x2c obj_cooja/mtype207.a(residual.o)
                                         0x44 (size before relaxing)
 .eh_frame      0x0000000000028f60       0x60 obj_cooja/mtype207.a(rtimer.o)
                                         0x78 (size before relaxing)
 .eh_frame      0x0000000000028fc0       0xc4 obj_cooja/mtype207.a(stimer.o)
                                         0xdc (size before relaxing)
 .eh_frame      0x0000000000029084       0xa4 obj_cooja/mtype207.a(timer.o)
                                         0xbc (size before relaxing)
 .eh_frame      0x0000000000029128       0x60 obj_cooja/mtype207.a(serial-line.o)
                                         0x78 (size before relaxing)
 .eh_frame      0x0000000000029188      0x180 obj_cooja/mtype207.a(list.o)
                                        0x198 (size before relaxing)
 .eh_frame      0x0000000000029308       0xa0 obj_cooja/mtype207.a(ringbuf.o)
                                         0xb8 (size before relaxing)
 .eh_frame      0x00000000000293a8      0x350 obj_cooja/mtype207.a(sicslowpan.o)
                                        0x368 (size before relaxing)
 .eh_frame      0x00000000000296f8      0x180 obj_cooja/mtype207.a(uip-ds6-nbr.o)
                                        0x198 (size before relaxing)
 .eh_frame      0x0000000000029878      0x2a0 obj_cooja/mtype207.a(uip-ds6-route.o)
                                        0x2b8 (size before relaxing)
 .eh_frame      0x0000000000029b18      0x2c8 obj_cooja/mtype207.a(uip-ds6.o)
                                        0x2e0 (size before relaxing)
 .eh_frame      0x0000000000029de0      0x27c obj_cooja/mtype207.a(uip6.o)
                                        0x294 (size before relaxing)
 .eh_frame      0x000000000002a05c      0x270 obj_cooja/mtype207.a(tcpip.o)
                                        0x288 (size before relaxing)
 .eh_frame      0x000000000002a2cc       0x48 obj_cooja/mtype207.a(uip-debug.o)
                                         0x60 (size before relaxing)
 .eh_frame      0x000000000002a314       0xe0 obj_cooja/mtype207.a(uip-packetqueue)
                                         0xf8 (size before relaxing)
 .eh_frame      0x000000000002a3f4       0x40 obj_cooja/mtype207.a(uip-udp-packet.)
                                         0x58 (size before relaxing)
 .eh_frame      0x000000000002a434      0x74c obj_cooja/mtype207.a(rpl-dag.o)
                                        0x764 (size before relaxing)
 .eh_frame      0x000000000002ab80      0x10c obj_cooja/mtype207.a(rpl-ext-header.)
                                        0x124 (size before relaxing)
 .eh_frame      0x000000000002ac8c      0x2c8 obj_cooja/mtype207.a(rpl-icmp6.o)
                                        0x2e0 (size before relaxing)
 .eh_frame      0x000000000002af54       0xe0 obj_cooja/mtype207.a(rpl-ltmax.o)
                                         0xf8 (size before relaxing)
 .eh_frame      0x000000000002b034      0x20c obj_cooja/mtype207.a(rpl-timers.o)
                                        0x224 (size before relaxing)
 .eh_frame      0x000000000002b240      0x148 obj_cooja/mtype207.a(rpl.o)
                                        0x160 (size before relaxing)
 .eh_frame      0x000000000002b388      0x108 obj_cooja/mtype207.a(framer-802154.o)
                                        0x120 (size before relaxing)
 .eh_frame      0x000000000002b490       0xc0 obj_cooja/mtype207.a(nullmac.o)
                                         0xd8 (size before relaxing)
 .eh_frame      0x000000000002b550      0x280 obj_cooja/mtype207.a(cxmac.o)
                                        0x298 (size before relaxing)
 .eh_frame      0x000000000002b7d0       0x60 obj_cooja/mtype207.a(linkaddr.o)
                                         0x78 (size before relaxing)
 .eh_frame      0x000000000002b830      0x26c obj_cooja/mtype207.a(nbr-table.o)
                                        0x284 (size before relaxing)
 .eh_frame      0x000000000002ba9c       0x20 obj_cooja/mtype207.a(netstack.o)
                                         0x38 (size before relaxing)
 .eh_frame      0x000000000002babc      0x214 obj_cooja/mtype207.a(packetbuf.o)
                                        0x22c (size before relaxing)
 .eh_frame      0x000000000002bcd0      0x1a0 obj_cooja/mtype207.a(queuebuf.o)
                                        0x1b8 (size before relaxing)
 .eh_frame      0x000000000002be70       0x80 obj_cooja/mtype207.a(nullsec.o)
                                         0x98 (size before relaxing)
 .eh_frame      0x000000000002bef0       0xa0 obj_cooja/mtype207.a(watchdog.o)
                                         0xb8 (size before relaxing)
 .eh_frame      0x000000000002bf90      0x100 obj_cooja/mtype207.a(leds.o)
                                        0x118 (size before relaxing)
 .eh_frame      0x000000000002c090       0xa0 obj_cooja/mtype207.a(memb.o)
                                         0xb8 (size before relaxing)
 .eh_frame      0x000000000002c130      0x164 obj_cooja/mtype207.a(uip-icmp6.o)
                                        0x17c (size before relaxing)
 .eh_frame      0x000000000002c294       0x68 obj_cooja/mtype207.a(uip-nd6.o)
                                         0x80 (size before relaxing)
 .eh_frame      0x000000000002c2fc       0xc0 obj_cooja/mtype207.a(rpl-nbr-policy.)
                                         0xd8 (size before relaxing)
 .eh_frame      0x000000000002c3bc      0x164 obj_cooja/mtype207.a(frame802154.o)
                                        0x17c (size before relaxing)
 .eh_frame      0x000000000002c520       0x20 obj_cooja/mtype207.a(mac.o)
                                         0x38 (size before relaxing)
 .eh_frame      0x000000000002c540        0x4 /usr/lib/gcc/i686-linux-gnu/4.8/crtendS.o

.gcc_except_table
 *(.gcc_except_table .gcc_except_table.*)

.exception_ranges
 *(.exception_ranges .exception_ranges*)
                0x000000000002c544                . = (ALIGN (0x1000) - ((0x1000 - .) & 0xfff))
                0x000000000002def8                . = DATA_SEGMENT_ALIGN (0x1000, 0x1000)

.eh_frame
 *(.eh_frame)

.gcc_except_table
 *(.gcc_except_table .gcc_except_table.*)

.exception_ranges
 *(.exception_ranges .exception_ranges*)

.tdata
 *(.tdata .tdata.* .gnu.linkonce.td.*)

.tbss
 *(.tbss .tbss.* .gnu.linkonce.tb.*)
 *(.tcommon)

.preinit_array
 *(.preinit_array)

.init_array     0x000000000002def8        0x4
 *(SORT(.init_array.*) SORT(.ctors.*))
 *(.init_array EXCLUDE_FILE(*crtend?.o *crtend.o *crtbegin?.o *crtbegin.o) .ctors)
 .init_array    0x000000000002def8        0x4 /usr/lib/gcc/i686-linux-gnu/4.8/crtbeginS.o

.fini_array     0x000000000002defc        0x4
 *(SORT(.fini_array.*) SORT(.dtors.*))
 *(.fini_array EXCLUDE_FILE(*crtend?.o *crtend.o *crtbegin?.o *crtbegin.o) .dtors)
 .fini_array    0x000000000002defc        0x4 /usr/lib/gcc/i686-linux-gnu/4.8/crtbeginS.o

.ctors
 *crtbegin.o(.ctors)
 *crtbegin?.o(.ctors)
 *(EXCLUDE_FILE(*crtend?.o *crtend.o) .ctors)
 *(SORT(.ctors.*))
 *(.ctors)

.dtors
 *crtbegin.o(.dtors)
 *crtbegin?.o(.dtors)
 *(EXCLUDE_FILE(*crtend?.o *crtend.o) .dtors)
 *(SORT(.dtors.*))
 *(.dtors)

.jcr            0x000000000002df00        0x4
 *(.jcr)
 .jcr           0x000000000002df00        0x0 /usr/lib/gcc/i686-linux-gnu/4.8/crtbeginS.o
 .jcr           0x000000000002df00        0x4 /usr/lib/gcc/i686-linux-gnu/4.8/crtendS.o

.data.rel.ro
 *(.data.rel.ro.local* .gnu.linkonce.d.rel.ro.local.*)
 *(.data.rel.ro .data.rel.ro.* .gnu.linkonce.d.rel.ro.*)

.dynamic        0x000000000002df04       0xe8
 *(.dynamic)
 .dynamic       0x000000000002df04       0xe8 /usr/lib/gcc/i686-linux-gnu/4.8/../../../i386-linux-gnu/crti.o
                0x000000000002df04                _DYNAMIC

.got            0x000000000002dfec       0x14
 *(.got)
 .got           0x000000000002dfec       0x14 /usr/lib/gcc/i686-linux-gnu/4.8/../../../i386-linux-gnu/crti.o
 *(.igot)
                0x000000000002eff4                . = DATA_SEGMENT_RELRO_END (., (SIZEOF (.got.plt) >= 0xc)?0xc:0x0)

.got.plt        0x000000000002e000       0x14
 *(.got.plt)
 .got.plt       0x000000000002e000       0x14 /usr/lib/gcc/i686-linux-gnu/4.8/../../../i386-linux-gnu/crti.o
                0x000000000002e000                _GLOBAL_OFFSET_TABLE_
 *(.igot.plt)

.data           0x000000000002e020      0x252
 *(.data .data.* .gnu.linkonce.d.*)
 .data          0x000000000002e020        0x0 /usr/lib/gcc/i686-linux-gnu/4.8/../../../i386-linux-gnu/crti.o
 .data          0x000000000002e020        0x0 /usr/lib/gcc/i686-linux-gnu/4.8/crtbeginS.o
 .data.rel      0x000000000002e020        0x4 /usr/lib/gcc/i686-linux-gnu/4.8/crtbeginS.o
                0x000000000002e020                __dso_handle
 .data          0x000000000002e024       0x10 udp-client.co
                0x000000000002e024                udp_client_process
 *fill*         0x000000000002e034        0xc 
 .data          0x000000000002e040       0x44 obj_cooja/mtype207.o
                0x000000000002e040                simInterfaces
                0x000000000002e074                sensors
 .data          0x000000000002e084        0x0 obj_cooja/mtype207.a(simEnvChange.o)
 .data          0x000000000002e084        0x0 obj_cooja/mtype207.a(cooja_mt.o)
 .data          0x000000000002e084        0x0 obj_cooja/mtype207.a(cooja_mtarch.o)
 .data          0x000000000002e084        0x0 obj_cooja/mtype207.a(rtimer-arch.o)
 .data          0x000000000002e084        0x0 obj_cooja/mtype207.a(beep.o)
 .data          0x000000000002e084        0x0 obj_cooja/mtype207.a(button-sensor.o)
 .data          0x000000000002e084        0x0 obj_cooja/mtype207.a(leds-arch.o)
 .data          0x000000000002e084        0x0 obj_cooja/mtype207.a(moteid.o)
 .data          0x000000000002e084        0x0 obj_cooja/mtype207.a(pir-sensor.o)
 .data          0x000000000002e084        0x0 obj_cooja/mtype207.a(rs232.o)
 .data          0x000000000002e084        0x0 obj_cooja/mtype207.a(vib-sensor.o)
 .data          0x000000000002e084        0x0 obj_cooja/mtype207.a(clock.o)
 .data          0x000000000002e084        0x0 obj_cooja/mtype207.a(log.o)
 .data          0x000000000002e084        0x0 obj_cooja/mtype207.a(cfs-cooja.o)
 .data          0x000000000002e084       0x40 obj_cooja/mtype207.a(cooja-radio.o)
                0x000000000002e084                simRadioChannelLR
                0x000000000002e088                simRadioHWOnLR
                0x000000000002e08c                simSignalStrengthLR
                0x000000000002e090                simLastSignalStrengthLR
                0x000000000002e094                simPowerLR
                0x000000000002e098                simLQILR
                0x000000000002e09c                simRadioChannel
                0x000000000002e0a0                simRadioHWOn
                0x000000000002e0a4                simSignalStrength
                0x000000000002e0a8                simLastSignalStrength
                0x000000000002e0ac                simPower
                0x000000000002e0b0                simLQI
                0x000000000002e0b4                cooja_radio_process
 .data          0x000000000002e0c4        0x0 obj_cooja/mtype207.a(eeprom.o)
 .data          0x000000000002e0c4        0x0 obj_cooja/mtype207.a(random.o)
 .data          0x000000000002e0c4       0x10 obj_cooja/mtype207.a(sensors.o)
                0x000000000002e0c4                sensors_process
 .data          0x000000000002e0d4        0x0 obj_cooja/mtype207.a(autostart.o)
 .data          0x000000000002e0d4       0x14 obj_cooja/mtype207.a(ctimer.o)
                0x000000000002e0d8                ctimer_process
 .data          0x000000000002e0e8       0x10 obj_cooja/mtype207.a(etimer.o)
                0x000000000002e0e8                etimer_process
 .data          0x000000000002e0f8        0x0 obj_cooja/mtype207.a(log_message.o)
 .data          0x000000000002e0f8        0x0 obj_cooja/mtype207.a(process.o)
 .data          0x000000000002e0f8        0x0 obj_cooja/mtype207.a(residual.o)
 .data          0x000000000002e0f8        0x0 obj_cooja/mtype207.a(rtimer.o)
 .data          0x000000000002e0f8        0x0 obj_cooja/mtype207.a(stimer.o)
 .data          0x000000000002e0f8        0x0 obj_cooja/mtype207.a(timer.o)
 .data          0x000000000002e0f8       0x10 obj_cooja/mtype207.a(serial-line.o)
                0x000000000002e0f8                serial_line_process
 .data          0x000000000002e108        0x0 obj_cooja/mtype207.a(list.o)
 .data          0x000000000002e108        0x0 obj_cooja/mtype207.a(ringbuf.o)
 .data          0x000000000002e108        0x0 obj_cooja/mtype207.a(sicslowpan.o)
 .data          0x000000000002e108       0x14 obj_cooja/mtype207.a(uip-ds6-nbr.o)
                0x000000000002e118                ds6_neighbors
 .data          0x000000000002e11c       0x44 obj_cooja/mtype207.a(uip-ds6-route.o)
                0x000000000002e12c                nbr_routes
 .data          0x000000000002e160        0x0 obj_cooja/mtype207.a(uip-ds6.o)
 .data          0x000000000002e160        0x0 obj_cooja/mtype207.a(uip6.o)
 .data          0x000000000002e160       0x10 obj_cooja/mtype207.a(tcpip.o)
                0x000000000002e160                tcpip_process
 .data          0x000000000002e170        0x0 obj_cooja/mtype207.a(uip-debug.o)
 .data          0x000000000002e170        0xc obj_cooja/mtype207.a(uip-packetqueue)
 .data          0x000000000002e17c        0x0 obj_cooja/mtype207.a(uip-udp-packet.)
 .data          0x000000000002e17c       0x28 obj_cooja/mtype207.a(rpl-dag.o)
                0x000000000002e18c                rpl_parents
                0x000000000002e1a0                rpl_children
 .data          0x000000000002e1a4        0x0 obj_cooja/mtype207.a(rpl-ext-header.)
 .data          0x000000000002e1a4       0x34 obj_cooja/mtype207.a(rpl-icmp6.o)
 .data          0x000000000002e1d8       0x1c obj_cooja/mtype207.a(rpl-ltmax.o)
                0x000000000002e1d8                rpl_ltmax_of
 .data          0x000000000002e1f4        0x0 obj_cooja/mtype207.a(rpl-timers.o)
 .data          0x000000000002e1f4        0x0 obj_cooja/mtype207.a(rpl.o)
 .data          0x000000000002e1f4        0x0 obj_cooja/mtype207.a(framer-802154.o)
 .data          0x000000000002e1f4        0x0 obj_cooja/mtype207.a(nullmac.o)
 .data          0x000000000002e1f4       0x30 obj_cooja/mtype207.a(cxmac.o)
                0x000000000002e1f4                cxmac_config
                0x000000000002e204                strobe_wait
 .data          0x000000000002e224        0x0 obj_cooja/mtype207.a(linkaddr.o)
 .data          0x000000000002e224       0x10 obj_cooja/mtype207.a(nbr-table.o)
 .data          0x000000000002e234        0x0 obj_cooja/mtype207.a(netstack.o)
 .data          0x000000000002e234        0x4 obj_cooja/mtype207.a(packetbuf.o)
 .data          0x000000000002e238       0x18 obj_cooja/mtype207.a(queuebuf.o)
 .data          0x000000000002e250        0x0 obj_cooja/mtype207.a(nullsec.o)
 .data          0x000000000002e250        0x0 obj_cooja/mtype207.a(watchdog.o)
 .data          0x000000000002e250        0x0 obj_cooja/mtype207.a(rimestats.o)
 .data          0x000000000002e250        0x0 obj_cooja/mtype207.a(leds.o)
 .data          0x000000000002e250        0x0 obj_cooja/mtype207.a(memb.o)
 .data          0x000000000002e250       0x20 obj_cooja/mtype207.a(uip-icmp6.o)
 .data          0x000000000002e270        0x0 obj_cooja/mtype207.a(uip-nd6.o)
 .data          0x000000000002e270        0x0 obj_cooja/mtype207.a(rpl-nbr-policy.)
 .data          0x000000000002e270        0x2 obj_cooja/mtype207.a(frame802154.o)
 .data          0x000000000002e272        0x0 obj_cooja/mtype207.a(mac.o)
 .data          0x000000000002e272        0x0 /usr/lib/gcc/i686-linux-gnu/4.8/crtendS.o
 .data          0x000000000002e272        0x0 /usr/lib/gcc/i686-linux-gnu/4.8/../../../i386-linux-gnu/crtn.o

.tm_clone_table
                0x000000000002e274        0x0
 .tm_clone_table
                0x000000000002e274        0x0 /usr/lib/gcc/i686-linux-gnu/4.8/crtbeginS.o
 .tm_clone_table
                0x000000000002e274        0x0 /usr/lib/gcc/i686-linux-gnu/4.8/crtendS.o

.data1
 *(.data1)
                0x000000000002e274                _edata = .
                0x000000000002e274                PROVIDE (edata, .)
                0x000000000002e274                . = .
                0x000000000002e274                __bss_start = .

.bss            0x000000000002e280     0x8128
 *(.dynbss)
 .dynbss        0x0000000000000000        0x0 /usr/lib/gcc/i686-linux-gnu/4.8/../../../i386-linux-gnu/crti.o
 *(.bss .bss.* .gnu.linkonce.b.*)
 .bss           0x000000000002e280        0x0 /usr/lib/gcc/i686-linux-gnu/4.8/../../../i386-linux-gnu/crti.o
 .bss           0x000000000002e280        0x1 /usr/lib/gcc/i686-linux-gnu/4.8/crtbeginS.o
 *fill*         0x000000000002e281       0x1f 
 .bss           0x000000000002e2a0       0x60 udp-client.co
                0x000000000002e2a0                my_weight
 .bss           0x000000000002e300     0x2030 obj_cooja/mtype207.o
 .bss           0x0000000000030330        0x1 obj_cooja/mtype207.a(simEnvChange.o)
                0x0000000000030330                simDontFallAsleep
 *fill*         0x0000000000030331        0x3 
 .bss           0x0000000000030334        0x4 obj_cooja/mtype207.a(cooja_mt.o)
 .bss           0x0000000000030338        0x4 obj_cooja/mtype207.a(cooja_mtarch.o)
 .bss           0x000000000003033c        0xc obj_cooja/mtype207.a(rtimer-arch.o)
 .bss           0x0000000000030348        0x0 obj_cooja/mtype207.a(beep.o)
 .bss           0x0000000000030348        0x8 obj_cooja/mtype207.a(button-sensor.o)
 .bss           0x0000000000030350        0x0 obj_cooja/mtype207.a(leds-arch.o)
 .bss           0x0000000000030350        0x0 obj_cooja/mtype207.a(moteid.o)
 .bss           0x0000000000030350        0x1 obj_cooja/mtype207.a(pir-sensor.o)
                0x0000000000030350                simPirValue
 *fill*         0x0000000000030351        0x3 
 .bss           0x0000000000030354        0x4 obj_cooja/mtype207.a(rs232.o)
 .bss           0x0000000000030358        0x1 obj_cooja/mtype207.a(vib-sensor.o)
                0x0000000000030358                simVibValue
 .bss           0x0000000000030359        0x0 obj_cooja/mtype207.a(clock.o)
 *fill*         0x0000000000030359        0x7 
 .bss           0x0000000000030360      0x420 obj_cooja/mtype207.a(log.o)
 .bss           0x0000000000030780      0xfc0 obj_cooja/mtype207.a(cfs-cooja.o)
                0x0000000000030780                simCFSData
                0x0000000000031720                simCFSSize
                0x0000000000031724                simCFSChanged
                0x0000000000031728                simCFSRead
                0x000000000003172c                simCFSWritten
 .bss           0x0000000000031740       0x24 obj_cooja/mtype207.a(cooja-radio.o)
                0x0000000000031740                simReceivingLR
                0x0000000000031744                simInSizeLR
                0x0000000000031748                simOutSizeLR
                0x000000000003174c                simReceiving
                0x0000000000031750                simInSize
                0x0000000000031754                simOutSize
                0x0000000000031758                LongRangeTransmit
                0x000000000003175c                LongRangeReceiving
 .bss           0x0000000000031764        0xc obj_cooja/mtype207.a(eeprom.o)
                0x0000000000031764                simEEPROMChanged
                0x0000000000031768                simEEPROMRead
                0x000000000003176c                simEEPROMWritten
 .bss           0x0000000000031770        0x0 obj_cooja/mtype207.a(random.o)
 .bss           0x0000000000031770        0xc obj_cooja/mtype207.a(sensors.o)
 .bss           0x000000000003177c        0x0 obj_cooja/mtype207.a(autostart.o)
 .bss           0x000000000003177c        0x5 obj_cooja/mtype207.a(ctimer.o)
 *fill*         0x0000000000031781        0x3 
 .bss           0x0000000000031784        0x8 obj_cooja/mtype207.a(etimer.o)
 .bss           0x000000000003178c        0x0 obj_cooja/mtype207.a(log_message.o)
 *fill*         0x000000000003178c       0x14 
 .bss           0x00000000000317a0      0x1b1 obj_cooja/mtype207.a(process.o)
                0x00000000000317a0                process_list
                0x00000000000317a4                process_current
 .bss           0x0000000000031951        0x0 obj_cooja/mtype207.a(residual.o)
 *fill*         0x0000000000031951        0x3 
 .bss           0x0000000000031954        0x4 obj_cooja/mtype207.a(rtimer.o)
 .bss           0x0000000000031958        0x0 obj_cooja/mtype207.a(stimer.o)
 .bss           0x0000000000031958        0x0 obj_cooja/mtype207.a(timer.o)
 *fill*         0x0000000000031958        0x8 
 .bss           0x0000000000031960      0x140 obj_cooja/mtype207.a(serial-line.o)
 .bss           0x0000000000031aa0        0x0 obj_cooja/mtype207.a(list.o)
 .bss           0x0000000000031aa0        0x0 obj_cooja/mtype207.a(ringbuf.o)
 .bss           0x0000000000031aa0      0x70c obj_cooja/mtype207.a(sicslowpan.o)
 *fill*         0x00000000000321ac       0x14 
 .bss           0x00000000000321c0       0xc0 obj_cooja/mtype207.a(uip-ds6-nbr.o)
 .bss           0x0000000000032280      0x4a8 obj_cooja/mtype207.a(uip-ds6-route.o)
 .bss           0x0000000000032728       0x20 obj_cooja/mtype207.a(uip-ds6.o)
 .bss           0x0000000000032748        0xe obj_cooja/mtype207.a(uip6.o)
                0x0000000000032748                uip_ext_bitmap
                0x0000000000032749                uip_ext_len
                0x000000000003274a                uip_ext_opt_offset
 *fill*         0x0000000000032756        0xa 
 .bss           0x0000000000032760       0x6b obj_cooja/mtype207.a(tcpip.o)
 .bss           0x00000000000327cb        0x0 obj_cooja/mtype207.a(uip-debug.o)
 *fill*         0x00000000000327cb       0x15 
 .bss           0x00000000000327e0      0xcf8 obj_cooja/mtype207.a(uip-packetqueue)
 .bss           0x00000000000334d8        0x0 obj_cooja/mtype207.a(uip-udp-packet.)
 *fill*         0x00000000000334d8        0x8 
 .bss           0x00000000000334e0       0x88 obj_cooja/mtype207.a(rpl-dag.o)
 .bss           0x0000000000033568        0x0 obj_cooja/mtype207.a(rpl-ext-header.)
 .bss           0x0000000000033568        0x0 obj_cooja/mtype207.a(rpl-icmp6.o)
 .bss           0x0000000000033568        0x0 obj_cooja/mtype207.a(rpl-ltmax.o)
 *fill*         0x0000000000033568       0x18 
 .bss           0x0000000000033580       0x23 obj_cooja/mtype207.a(rpl-timers.o)
 *fill*         0x00000000000335a3        0x1 
 .bss           0x00000000000335a4        0x4 obj_cooja/mtype207.a(rpl.o)
 .bss           0x00000000000335a8        0x2 obj_cooja/mtype207.a(framer-802154.o)
 .bss           0x00000000000335aa        0x0 obj_cooja/mtype207.a(nullmac.o)
 *fill*         0x00000000000335aa       0x16 
 .bss           0x00000000000335c0       0xb0 obj_cooja/mtype207.a(cxmac.o)
 .bss           0x0000000000033670        0x0 obj_cooja/mtype207.a(linkaddr.o)
 *fill*         0x0000000000033670       0x10 
 .bss           0x0000000000033680       0xc4 obj_cooja/mtype207.a(nbr-table.o)
 .bss           0x0000000000033744        0x0 obj_cooja/mtype207.a(netstack.o)
 *fill*         0x0000000000033744       0x1c 
 .bss           0x0000000000033760       0xa0 obj_cooja/mtype207.a(packetbuf.o)
 .bss           0x0000000000033800      0xb80 obj_cooja/mtype207.a(queuebuf.o)
 .bss           0x0000000000034380        0x0 obj_cooja/mtype207.a(nullsec.o)
 .bss           0x0000000000034380        0x0 obj_cooja/mtype207.a(watchdog.o)
 .bss           0x0000000000034380        0x0 obj_cooja/mtype207.a(rimestats.o)
 .bss           0x0000000000034380        0x1 obj_cooja/mtype207.a(leds.o)
 .bss           0x0000000000034381        0x0 obj_cooja/mtype207.a(memb.o)
 *fill*         0x0000000000034381        0x3 
 .bss           0x0000000000034384       0x18 obj_cooja/mtype207.a(uip-icmp6.o)
 .bss           0x000000000003439c        0x0 obj_cooja/mtype207.a(uip-nd6.o)
 *fill*         0x000000000003439c        0x4 
 .bss           0x00000000000343a0       0x44 obj_cooja/mtype207.a(rpl-nbr-policy.)
 .bss           0x00000000000343e4        0x0 obj_cooja/mtype207.a(frame802154.o)
 .bss           0x00000000000343e4        0x0 obj_cooja/mtype207.a(mac.o)
 .bss           0x00000000000343e4        0x0 /usr/lib/gcc/i686-linux-gnu/4.8/crtendS.o
 .bss           0x00000000000343e4        0x0 /usr/lib/gcc/i686-linux-gnu/4.8/../../../i386-linux-gnu/crtn.o
 *(COMMON)
 COMMON         0x00000000000343e4       0x48 udp-client.co
                0x00000000000343e4                dio_count
                0x00000000000343e8                dis_count
                0x00000000000343ec                collision_count
                0x00000000000343f0                transmission_count
                0x00000000000343f4                COOJA_radioRxLong
                0x00000000000343f8                control_message_count
                0x00000000000343fc                dao_count
                0x0000000000034400                COOJA_radioTx
                0x0000000000034404                data_relay_count
                0x0000000000034408                data_message_count
                0x000000000003440c                my_sink_reachability
                0x0000000000034410                COOJA_radioTxLong
                0x0000000000034414                COOJA_radioRx
                0x0000000000034418                my_parent_number
                0x000000000003441c                COOJA_radioOn
                0x0000000000034420                COOJA_duration
                0x0000000000034424                dio_ack_count
                0x0000000000034428                COOJA_radioOnLong
 COMMON         0x000000000003442c        0xc obj_cooja/mtype207.o
                0x000000000003442c                referenceVar
                0x0000000000034430                debugfp
                0x0000000000034434                sensors_flags
 COMMON         0x0000000000034438        0xc obj_cooja/mtype207.a(simEnvChange.o)
                0x0000000000034438                simEtimerPending
                0x000000000003443c                simProcessRunValue
                0x0000000000034440                simNextExpirationTime
 COMMON         0x0000000000034444        0x1 obj_cooja/mtype207.a(beep.o)
                0x0000000000034444                simBeeped
 COMMON         0x0000000000034445        0x3 obj_cooja/mtype207.a(button-sensor.o)
                0x0000000000034445                simButtonIsActive
                0x0000000000034446                simButtonIsDown
                0x0000000000034447                simButtonChanged
 COMMON         0x0000000000034448        0x1 obj_cooja/mtype207.a(leds-arch.o)
                0x0000000000034448                simLedsValue
 *fill*         0x0000000000034449        0x3 
 COMMON         0x000000000003444c        0xc obj_cooja/mtype207.a(moteid.o)
                0x000000000003444c                simRandomSeed
                0x0000000000034450                simMoteIDChanged
                0x0000000000034454                simMoteID
 COMMON         0x0000000000034458        0x2 obj_cooja/mtype207.a(pir-sensor.o)
                0x0000000000034458                simPirIsActive
                0x0000000000034459                simPirChanged
 *fill*         0x000000000003445a        0x6 
 COMMON         0x0000000000034460      0x820 obj_cooja/mtype207.a(rs232.o)
                0x0000000000034460                simSerialReceivingFlag
                0x0000000000034464                simSerialReceivingLength
                0x0000000000034480                simSerialReceivingData
 COMMON         0x0000000000034c80        0x2 obj_cooja/mtype207.a(vib-sensor.o)
                0x0000000000034c80                simVibChanged
                0x0000000000034c81                simVibIsActive
 *fill*         0x0000000000034c82        0x2 
 COMMON         0x0000000000034c84        0x4 obj_cooja/mtype207.a(clock.o)
                0x0000000000034c84                simCurrentTime
 *fill*         0x0000000000034c88       0x18 
 COMMON         0x0000000000034ca0      0x420 obj_cooja/mtype207.a(log.o)
                0x0000000000034ca0                simLoggedLength
                0x0000000000034ca4                simLoggedFlag
                0x0000000000034cc0                simLoggedData
 COMMON         0x00000000000350c0      0x200 obj_cooja/mtype207.a(cooja-radio.o)
                0x00000000000350c0                simOutDataBuffer
                0x0000000000035140                simInDataBufferLR
                0x00000000000351c0                simOutDataBufferLR
                0x0000000000035240                simInDataBuffer
 COMMON         0x00000000000352c0      0x400 obj_cooja/mtype207.a(eeprom.o)
                0x00000000000352c0                simEEPROMData
 COMMON         0x00000000000356c0        0x1 obj_cooja/mtype207.a(sensors.o)
                0x00000000000356c0                sensors_event
 *fill*         0x00000000000356c1        0x3 
 COMMON         0x00000000000356c4        0x4 obj_cooja/mtype207.a(log_message.o)
                0x00000000000356c4                log_fp
 COMMON         0x00000000000356c8        0x1 obj_cooja/mtype207.a(serial-line.o)
                0x00000000000356c8                serial_line_event_message
 *fill*         0x00000000000356c9       0x17 
 COMMON         0x00000000000356e0      0x181 obj_cooja/mtype207.a(uip-ds6.o)
                0x00000000000356e0                uip_ds6_prefix_list
                0x0000000000035740                uip_ds6_timer_periodic
                0x0000000000035750                uip_ds6_netif_addr_list_offset
                0x0000000000035760                uip_ds6_if
                0x0000000000035858                uip_ds6_timer_ra
                0x0000000000035860                uip_ds6_addr_size
 *fill*         0x0000000000035861       0x1f 
 COMMON         0x0000000000035880      0x8ec obj_cooja/mtype207.a(uip6.o)
                0x0000000000035880                uip_slen
                0x0000000000035882                uip_acc32
                0x00000000000358a0                uip_conns
                0x0000000000035960                uip_lladdr
                0x0000000000035968                uip_appdata
                0x000000000003596c                uip_flags
                0x0000000000035980                uip_aligned_buf
                0x0000000000035fc0                uip_listenports
                0x0000000000035fd0                uip_len
                0x0000000000035fd4                uip_sappdata
                0x0000000000035fe0                uip_udp_conns
                0x0000000000036160                uip_udp_conn
                0x0000000000036164                uip_next_hdr
                0x0000000000036168                uip_conn
 COMMON         0x000000000003616c        0x1 obj_cooja/mtype207.a(tcpip.o)
                0x000000000003616c                tcpip_event
 *fill*         0x000000000003616d       0x13 
 COMMON         0x0000000000036180      0x198 obj_cooja/mtype207.a(rpl-dag.o)
                0x0000000000036180                default_instance
                0x00000000000361a0                instance_table
 COMMON         0x0000000000036318        0x8 obj_cooja/mtype207.a(linkaddr.o)
                0x0000000000036318                linkaddr_node_addr
 COMMON         0x0000000000036320       0x2e obj_cooja/mtype207.a(packetbuf.o)
                0x0000000000036320                packetbuf_attrs
                0x000000000003633e                packetbuf_addrs
 *fill*         0x000000000003634e       0x12 
 COMMON         0x0000000000036360       0x48 obj_cooja/mtype207.a(rimestats.o)
                0x0000000000036360                rimestats
                0x00000000000363a8                . = ALIGN ((. != 0x0)?0x4:0x1)
                0x00000000000363a8                . = ALIGN (0x4)
                0x00000000000363a8                . = SEGMENT_START ("ldata-segment", .)
                0x00000000000363a8                . = ALIGN (0x4)
                0x00000000000363a8                _end = .
                0x00000000000363a8                PROVIDE (end, .)
                0x00000000000363a8                . = DATA_SEGMENT_END (.)

.stab
 *(.stab)

.stabstr
 *(.stabstr)

.stab.excl
 *(.stab.excl)

.stab.exclstr
 *(.stab.exclstr)

.stab.index
 *(.stab.index)

.stab.indexstr
 *(.stab.indexstr)

.comment        0x0000000000000000       0x29
 *(.comment)
 .comment       0x0000000000000000       0x29 /usr/lib/gcc/i686-linux-gnu/4.8/crtbeginS.o
                                         0x2a (size before relaxing)
 .comment       0x0000000000000000       0x2a udp-client.co
 .comment       0x0000000000000000       0x2a obj_cooja/mtype207.o
 .comment       0x0000000000000000       0x2a obj_cooja/mtype207.a(simEnvChange.o)
 .comment       0x0000000000000000       0x2a obj_cooja/mtype207.a(cooja_mt.o)
 .comment       0x0000000000000000       0x2a obj_cooja/mtype207.a(cooja_mtarch.o)
 .comment       0x0000000000000000       0x2a obj_cooja/mtype207.a(rtimer-arch.o)
 .comment       0x0000000000000000       0x2a obj_cooja/mtype207.a(beep.o)
 .comment       0x0000000000000000       0x2a obj_cooja/mtype207.a(button-sensor.o)
 .comment       0x0000000000000000       0x2a obj_cooja/mtype207.a(leds-arch.o)
 .comment       0x0000000000000000       0x2a obj_cooja/mtype207.a(moteid.o)
 .comment       0x0000000000000000       0x2a obj_cooja/mtype207.a(pir-sensor.o)
 .comment       0x0000000000000000       0x2a obj_cooja/mtype207.a(rs232.o)
 .comment       0x0000000000000000       0x2a obj_cooja/mtype207.a(vib-sensor.o)
 .comment       0x0000000000000000       0x2a obj_cooja/mtype207.a(clock.o)
 .comment       0x0000000000000000       0x2a obj_cooja/mtype207.a(log.o)
 .comment       0x0000000000000000       0x2a obj_cooja/mtype207.a(cfs-cooja.o)
 .comment       0x0000000000000000       0x2a obj_cooja/mtype207.a(cooja-radio.o)
 .comment       0x0000000000000000       0x2a obj_cooja/mtype207.a(eeprom.o)
 .comment       0x0000000000000000       0x2a obj_cooja/mtype207.a(random.o)
 .comment       0x0000000000000000       0x2a obj_cooja/mtype207.a(sensors.o)
 .comment       0x0000000000000000       0x2a obj_cooja/mtype207.a(autostart.o)
 .comment       0x0000000000000000       0x2a obj_cooja/mtype207.a(ctimer.o)
 .comment       0x0000000000000000       0x2a obj_cooja/mtype207.a(etimer.o)
 .comment       0x0000000000000000       0x2a obj_cooja/mtype207.a(log_message.o)
 .comment       0x0000000000000000       0x2a obj_cooja/mtype207.a(process.o)
 .comment       0x0000000000000000       0x2a obj_cooja/mtype207.a(residual.o)
 .comment       0x0000000000000000       0x2a obj_cooja/mtype207.a(rtimer.o)
 .comment       0x0000000000000000       0x2a obj_cooja/mtype207.a(stimer.o)
 .comment       0x0000000000000000       0x2a obj_cooja/mtype207.a(timer.o)
 .comment       0x0000000000000000       0x2a obj_cooja/mtype207.a(serial-line.o)
 .comment       0x0000000000000000       0x2a obj_cooja/mtype207.a(list.o)
 .comment       0x0000000000000000       0x2a obj_cooja/mtype207.a(ringbuf.o)
 .comment       0x0000000000000000       0x2a obj_cooja/mtype207.a(sicslowpan.o)
 .comment       0x0000000000000000       0x2a obj_cooja/mtype207.a(uip-ds6-nbr.o)
 .comment       0x0000000000000000       0x2a obj_cooja/mtype207.a(uip-ds6-route.o)
 .comment       0x0000000000000000       0x2a obj_cooja/mtype207.a(uip-ds6.o)
 .comment       0x0000000000000000       0x2a obj_cooja/mtype207.a(uip6.o)
 .comment       0x0000000000000000       0x2a obj_cooja/mtype207.a(tcpip.o)
 .comment       0x0000000000000000       0x2a obj_cooja/mtype207.a(uip-debug.o)
 .comment       0x0000000000000000       0x2a obj_cooja/mtype207.a(uip-packetqueue)
 .comment       0x0000000000000000       0x2a obj_cooja/mtype207.a(uip-udp-packet.)
 .comment       0x0000000000000000       0x2a obj_cooja/mtype207.a(rpl-dag.o)
 .comment       0x0000000000000000       0x2a obj_cooja/mtype207.a(rpl-ext-header.)
 .comment       0x0000000000000000       0x2a obj_cooja/mtype207.a(rpl-icmp6.o)
 .comment       0x0000000000000000       0x2a obj_cooja/mtype207.a(rpl-ltmax.o)
 .comment       0x0000000000000000       0x2a obj_cooja/mtype207.a(rpl-timers.o)
 .comment       0x0000000000000000       0x2a obj_cooja/mtype207.a(rpl.o)
 .comment       0x0000000000000000       0x2a obj_cooja/mtype207.a(framer-802154.o)
 .comment       0x0000000000000000       0x2a obj_cooja/mtype207.a(nullmac.o)
 .comment       0x0000000000000000       0x2a obj_cooja/mtype207.a(cxmac.o)
 .comment       0x0000000000000000       0x2a obj_cooja/mtype207.a(linkaddr.o)
 .comment       0x0000000000000000       0x2a obj_cooja/mtype207.a(nbr-table.o)
 .comment       0x0000000000000000       0x2a obj_cooja/mtype207.a(netstack.o)
 .comment       0x0000000000000000       0x2a obj_cooja/mtype207.a(packetbuf.o)
 .comment       0x0000000000000000       0x2a obj_cooja/mtype207.a(queuebuf.o)
 .comment       0x0000000000000000       0x2a obj_cooja/mtype207.a(nullsec.o)
 .comment       0x0000000000000000       0x2a obj_cooja/mtype207.a(watchdog.o)
 .comment       0x0000000000000000       0x2a obj_cooja/mtype207.a(rimestats.o)
 .comment       0x0000000000000000       0x2a obj_cooja/mtype207.a(leds.o)
 .comment       0x0000000000000000       0x2a obj_cooja/mtype207.a(memb.o)
 .comment       0x0000000000000000       0x2a obj_cooja/mtype207.a(uip-icmp6.o)
 .comment       0x0000000000000000       0x2a obj_cooja/mtype207.a(uip-nd6.o)
 .comment       0x0000000000000000       0x2a obj_cooja/mtype207.a(rpl-nbr-policy.)
 .comment       0x0000000000000000       0x2a obj_cooja/mtype207.a(frame802154.o)
 .comment       0x0000000000000000       0x2a obj_cooja/mtype207.a(mac.o)
 .comment       0x0000000000000000       0x2a /usr/lib/gcc/i686-linux-gnu/4.8/crtendS.o

.debug
 *(.debug)

.line
 *(.line)

.debug_srcinfo
 *(.debug_srcinfo)

.debug_sfnames
 *(.debug_sfnames)

.debug_aranges  0x0000000000000000      0x818
 *(.debug_aranges)
 .debug_aranges
                0x0000000000000000       0x20 udp-client.co
 .debug_aranges
                0x0000000000000020       0x20 obj_cooja/mtype207.o
 .debug_aranges
                0x0000000000000040       0x20 obj_cooja/mtype207.a(simEnvChange.o)
 .debug_aranges
                0x0000000000000060       0x20 obj_cooja/mtype207.a(cooja_mt.o)
 .debug_aranges
                0x0000000000000080       0x20 obj_cooja/mtype207.a(cooja_mtarch.o)
 .debug_aranges
                0x00000000000000a0       0x20 obj_cooja/mtype207.a(rtimer-arch.o)
 .debug_aranges
                0x00000000000000c0       0x20 obj_cooja/mtype207.a(beep.o)
 .debug_aranges
                0x00000000000000e0       0x20 obj_cooja/mtype207.a(button-sensor.o)
 .debug_aranges
                0x0000000000000100       0x20 obj_cooja/mtype207.a(leds-arch.o)
 .debug_aranges
                0x0000000000000120       0x20 obj_cooja/mtype207.a(moteid.o)
 .debug_aranges
                0x0000000000000140       0x20 obj_cooja/mtype207.a(pir-sensor.o)
 .debug_aranges
                0x0000000000000160       0x20 obj_cooja/mtype207.a(rs232.o)
 .debug_aranges
                0x0000000000000180       0x20 obj_cooja/mtype207.a(vib-sensor.o)
 .debug_aranges
                0x00000000000001a0       0x20 obj_cooja/mtype207.a(clock.o)
 .debug_aranges
                0x00000000000001c0       0x20 obj_cooja/mtype207.a(log.o)
 .debug_aranges
                0x00000000000001e0       0x20 obj_cooja/mtype207.a(cfs-cooja.o)
 .debug_aranges
                0x0000000000000200       0x20 obj_cooja/mtype207.a(cooja-radio.o)
 .debug_aranges
                0x0000000000000220       0x20 obj_cooja/mtype207.a(eeprom.o)
 .debug_aranges
                0x0000000000000240       0x20 obj_cooja/mtype207.a(random.o)
 .debug_aranges
                0x0000000000000260       0x20 obj_cooja/mtype207.a(sensors.o)
 .debug_aranges
                0x0000000000000280       0x20 obj_cooja/mtype207.a(autostart.o)
 .debug_aranges
                0x00000000000002a0       0x20 obj_cooja/mtype207.a(ctimer.o)
 .debug_aranges
                0x00000000000002c0       0x20 obj_cooja/mtype207.a(etimer.o)
 .debug_aranges
                0x00000000000002e0       0x20 obj_cooja/mtype207.a(log_message.o)
 .debug_aranges
                0x0000000000000300       0x20 obj_cooja/mtype207.a(process.o)
 .debug_aranges
                0x0000000000000320       0x20 obj_cooja/mtype207.a(residual.o)
 .debug_aranges
                0x0000000000000340       0x20 obj_cooja/mtype207.a(rtimer.o)
 .debug_aranges
                0x0000000000000360       0x20 obj_cooja/mtype207.a(stimer.o)
 .debug_aranges
                0x0000000000000380       0x20 obj_cooja/mtype207.a(timer.o)
 .debug_aranges
                0x00000000000003a0       0x20 obj_cooja/mtype207.a(serial-line.o)
 .debug_aranges
                0x00000000000003c0       0x20 obj_cooja/mtype207.a(list.o)
 .debug_aranges
                0x00000000000003e0       0x20 obj_cooja/mtype207.a(ringbuf.o)
 .debug_aranges
                0x0000000000000400       0x20 obj_cooja/mtype207.a(sicslowpan.o)
 .debug_aranges
                0x0000000000000420       0x20 obj_cooja/mtype207.a(uip-ds6-nbr.o)
 .debug_aranges
                0x0000000000000440       0x20 obj_cooja/mtype207.a(uip-ds6-route.o)
 .debug_aranges
                0x0000000000000460       0x20 obj_cooja/mtype207.a(uip-ds6.o)
 .debug_aranges
                0x0000000000000480       0x20 obj_cooja/mtype207.a(uip6.o)
 .debug_aranges
                0x00000000000004a0       0x20 obj_cooja/mtype207.a(tcpip.o)
 .debug_aranges
                0x00000000000004c0       0x20 obj_cooja/mtype207.a(uip-debug.o)
 .debug_aranges
                0x00000000000004e0       0x20 obj_cooja/mtype207.a(uip-packetqueue)
 .debug_aranges
                0x0000000000000500       0x20 obj_cooja/mtype207.a(uip-udp-packet.)
 .debug_aranges
                0x0000000000000520       0x20 obj_cooja/mtype207.a(rpl-dag.o)
 .debug_aranges
                0x0000000000000540       0x20 obj_cooja/mtype207.a(rpl-ext-header.)
 .debug_aranges
                0x0000000000000560       0x20 obj_cooja/mtype207.a(rpl-icmp6.o)
 .debug_aranges
                0x0000000000000580       0x20 obj_cooja/mtype207.a(rpl-ltmax.o)
 .debug_aranges
                0x00000000000005a0       0x20 obj_cooja/mtype207.a(rpl-timers.o)
 .debug_aranges
                0x00000000000005c0       0x20 obj_cooja/mtype207.a(rpl.o)
 .debug_aranges
                0x00000000000005e0       0x20 obj_cooja/mtype207.a(framer-802154.o)
 .debug_aranges
                0x0000000000000600       0x20 obj_cooja/mtype207.a(nullmac.o)
 .debug_aranges
                0x0000000000000620       0x20 obj_cooja/mtype207.a(cxmac.o)
 .debug_aranges
                0x0000000000000640       0x20 obj_cooja/mtype207.a(linkaddr.o)
 .debug_aranges
                0x0000000000000660       0x20 obj_cooja/mtype207.a(nbr-table.o)
 .debug_aranges
                0x0000000000000680       0x20 obj_cooja/mtype207.a(netstack.o)
 .debug_aranges
                0x00000000000006a0       0x20 obj_cooja/mtype207.a(packetbuf.o)
 .debug_aranges
                0x00000000000006c0       0x20 obj_cooja/mtype207.a(queuebuf.o)
 .debug_aranges
                0x00000000000006e0       0x20 obj_cooja/mtype207.a(nullsec.o)
 .debug_aranges
                0x0000000000000700       0x20 obj_cooja/mtype207.a(watchdog.o)
 .debug_aranges
                0x0000000000000720       0x18 obj_cooja/mtype207.a(rimestats.o)
 .debug_aranges
                0x0000000000000738       0x20 obj_cooja/mtype207.a(leds.o)
 .debug_aranges
                0x0000000000000758       0x20 obj_cooja/mtype207.a(memb.o)
 .debug_aranges
                0x0000000000000778       0x20 obj_cooja/mtype207.a(uip-icmp6.o)
 .debug_aranges
                0x0000000000000798       0x20 obj_cooja/mtype207.a(uip-nd6.o)
 .debug_aranges
                0x00000000000007b8       0x20 obj_cooja/mtype207.a(rpl-nbr-policy.)
 .debug_aranges
                0x00000000000007d8       0x20 obj_cooja/mtype207.a(frame802154.o)
 .debug_aranges
                0x00000000000007f8       0x20 obj_cooja/mtype207.a(mac.o)

.debug_pubnames
 *(.debug_pubnames)

.debug_info     0x0000000000000000    0x1b6eb
 *(.debug_info .gnu.linkonce.wi.*)
 .debug_info    0x0000000000000000      0xa23 udp-client.co
 .debug_info    0x0000000000000a23     0x3a5f obj_cooja/mtype207.o
 .debug_info    0x0000000000004482      0x15a obj_cooja/mtype207.a(simEnvChange.o)
 .debug_info    0x00000000000045dc      0x1e2 obj_cooja/mtype207.a(cooja_mt.o)
 .debug_info    0x00000000000047be      0x2e7 obj_cooja/mtype207.a(cooja_mtarch.o)
 .debug_info    0x0000000000004aa5      0x16b obj_cooja/mtype207.a(rtimer-arch.o)
 .debug_info    0x0000000000004c10      0x1f3 obj_cooja/mtype207.a(beep.o)
 .debug_info    0x0000000000004e03      0x257 obj_cooja/mtype207.a(button-sensor.o)
 .debug_info    0x000000000000505a      0x132 obj_cooja/mtype207.a(leds-arch.o)
 .debug_info    0x000000000000518c      0x10a obj_cooja/mtype207.a(moteid.o)
 .debug_info    0x0000000000005296      0x216 obj_cooja/mtype207.a(pir-sensor.o)
 .debug_info    0x00000000000054ac      0x21e obj_cooja/mtype207.a(rs232.o)
 .debug_info    0x00000000000056ca      0x216 obj_cooja/mtype207.a(vib-sensor.o)
 .debug_info    0x00000000000058e0      0x152 obj_cooja/mtype207.a(clock.o)
 .debug_info    0x0000000000005a32      0x2bb obj_cooja/mtype207.a(log.o)
 .debug_info    0x0000000000005ced      0x3cf obj_cooja/mtype207.a(cfs-cooja.o)
 .debug_info    0x00000000000060bc      0xc9b obj_cooja/mtype207.a(cooja-radio.o)
 .debug_info    0x0000000000006d57      0x1d5 obj_cooja/mtype207.a(eeprom.o)
 .debug_info    0x0000000000006f2c       0xb3 obj_cooja/mtype207.a(random.o)
 .debug_info    0x0000000000006fdf      0x36d obj_cooja/mtype207.a(sensors.o)
 .debug_info    0x000000000000734c      0x1a5 obj_cooja/mtype207.a(autostart.o)
 .debug_info    0x00000000000074f1      0x46c obj_cooja/mtype207.a(ctimer.o)
 .debug_info    0x000000000000795d      0x49c obj_cooja/mtype207.a(etimer.o)
 .debug_info    0x0000000000007df9      0x3d2 obj_cooja/mtype207.a(log_message.o)
 .debug_info    0x00000000000081cb      0x4ba obj_cooja/mtype207.a(process.o)
 .debug_info    0x0000000000008685      0x164 obj_cooja/mtype207.a(residual.o)
 .debug_info    0x00000000000087e9      0x1ab obj_cooja/mtype207.a(rtimer.o)
 .debug_info    0x0000000000008994      0x179 obj_cooja/mtype207.a(stimer.o)
 .debug_info    0x0000000000008b0d      0x16c obj_cooja/mtype207.a(timer.o)
 .debug_info    0x0000000000008c79      0x2de obj_cooja/mtype207.a(serial-line.o)
 .debug_info    0x0000000000008f57      0x2ed obj_cooja/mtype207.a(list.o)
 .debug_info    0x0000000000009244      0x1aa obj_cooja/mtype207.a(ringbuf.o)
 .debug_info    0x00000000000093ee     0x105e obj_cooja/mtype207.a(sicslowpan.o)
 .debug_info    0x000000000000a44c      0x853 obj_cooja/mtype207.a(uip-ds6-nbr.o)
 .debug_info    0x000000000000ac9f      0xd30 obj_cooja/mtype207.a(uip-ds6-route.o)
 .debug_info    0x000000000000b9cf      0xa5b obj_cooja/mtype207.a(uip-ds6.o)
 .debug_info    0x000000000000c42a      0xea0 obj_cooja/mtype207.a(uip6.o)
 .debug_info    0x000000000000d2ca     0x1493 obj_cooja/mtype207.a(tcpip.o)
 .debug_info    0x000000000000e75d      0x1b5 obj_cooja/mtype207.a(uip-debug.o)
 .debug_info    0x000000000000e912      0x470 obj_cooja/mtype207.a(uip-packetqueue)
 .debug_info    0x000000000000ed82      0x37a obj_cooja/mtype207.a(uip-udp-packet.)
 .debug_info    0x000000000000f0fc     0x1c3e obj_cooja/mtype207.a(rpl-dag.o)
 .debug_info    0x0000000000010d3a      0xe97 obj_cooja/mtype207.a(rpl-ext-header.)
 .debug_info    0x0000000000011bd1     0x18fa obj_cooja/mtype207.a(rpl-icmp6.o)
 .debug_info    0x00000000000134cb      0xb66 obj_cooja/mtype207.a(rpl-ltmax.o)
 .debug_info    0x0000000000014031      0xc3b obj_cooja/mtype207.a(rpl-timers.o)
 .debug_info    0x0000000000014c6c      0xd4a obj_cooja/mtype207.a(rpl.o)
 .debug_info    0x00000000000159b6      0x5ed obj_cooja/mtype207.a(framer-802154.o)
 .debug_info    0x0000000000015fa3      0x3d5 obj_cooja/mtype207.a(nullmac.o)