Archive member included to satisfy reference by file (symbol)

obj_cooja/mtype871.a(simEnvChange.o)
                              obj_cooja/mtype871.o (simDontFallAsleep)
obj_cooja/mtype871.a(cooja_mt.o)
                              obj_cooja/mtype871.o (cooja_mt_start)
obj_cooja/mtype871.a(cooja_mtarch.o)
                              obj_cooja/mtype871.a(cooja_mt.o) (cooja_mtarch_init)
obj_cooja/mtype871.a(rtimer-arch.o)
                              obj_cooja/mtype871.o (rtimer_arch_next)
obj_cooja/mtype871.a(beep.o)  obj_cooja/mtype871.o (beep_interface)
obj_cooja/mtype871.a(button-sensor.o)
                              obj_cooja/mtype871.o (button_interface)
obj_cooja/mtype871.a(leds-arch.o)
                              obj_cooja/mtype871.o (leds_interface)
obj_cooja/mtype871.a(moteid.o)
                              obj_cooja/mtype871.o (moteid_interface)
obj_cooja/mtype871.a(pir-sensor.o)
                              obj_cooja/mtype871.o (pir_interface)
obj_cooja/mtype871.a(rs232.o)
                              obj_cooja/mtype871.o (rs232_interface)
obj_cooja/mtype871.a(vib-sensor.o)
                              obj_cooja/mtype871.o (vib_interface)
obj_cooja/mtype871.a(clock.o)
                              obj_cooja/mtype871.o (clock_interface)
obj_cooja/mtype871.a(log.o)   obj_cooja/mtype871.o (simlog_interface)
obj_cooja/mtype871.a(cfs-cooja.o)
                              obj_cooja/mtype871.o (cfs_interface)
obj_cooja/mtype871.a(cooja-radio.o)
                              obj_cooja/mtype871.o (radio_interface)
obj_cooja/mtype871.a(eeprom.o)
                              obj_cooja/mtype871.o (eeprom_interface)
obj_cooja/mtype871.a(random.o)
                              obj_cooja/mtype871.a(moteid.o) (random_init)
obj_cooja/mtype871.a(sensors.o)
                              udp-server.co (sensors_event)
obj_cooja/mtype871.a(dual_conf.o)
                              obj_cooja/mtype871.a(cooja-radio.o) (long_range_radio)
obj_cooja/mtype871.a(autostart.o)
                              obj_cooja/mtype871.o (autostart_start)
obj_cooja/mtype871.a(ctimer.o)
                              obj_cooja/mtype871.o (ctimer_init)
obj_cooja/mtype871.a(etimer.o)
                              obj_cooja/mtype871.o (etimer_process)
obj_cooja/mtype871.a(log_message.o)
                              obj_cooja/mtype871.o (log_initialization)
obj_cooja/mtype871.a(process.o)
                              udp-server.co (process_current)
obj_cooja/mtype871.a(residual.o)
                              obj_cooja/mtype871.o (get_residual_energy)
obj_cooja/mtype871.a(rtimer.o)
                              obj_cooja/mtype871.a(rtimer-arch.o) (rtimer_run_next)
obj_cooja/mtype871.a(timer.o)
                              obj_cooja/mtype871.a(button-sensor.o) (timer_set)
obj_cooja/mtype871.a(serial-line.o)
                              obj_cooja/mtype871.a(rs232.o) (serial_line_input_byte)
obj_cooja/mtype871.a(list.o)  obj_cooja/mtype871.a(ctimer.o) (list_init)
obj_cooja/mtype871.a(ringbuf.o)
                              obj_cooja/mtype871.a(serial-line.o) (ringbuf_init)
obj_cooja/mtype871.a(sicslowpan.o)
                              obj_cooja/mtype871.o (sicslowpan_driver)
obj_cooja/mtype871.a(uip-ds6-nbr.o)
                              obj_cooja/mtype871.a(sicslowpan.o) (uip_ds6_link_neighbor_callback)
obj_cooja/mtype871.a(uip-ds6.o)
                              udp-server.co (uip_ds6_if)
obj_cooja/mtype871.a(uip6.o)  obj_cooja/mtype871.o (uip_lladdr)
obj_cooja/mtype871.a(tcpip.o)
                              udp-server.co (tcpip_event)
obj_cooja/mtype871.a(uip-debug.o)
                              udp-server.co (uip_debug_ipaddr_print)
obj_cooja/mtype871.a(uip-packetqueue)
                              obj_cooja/mtype871.a(uip-ds6-nbr.o) (uip_packetqueue_new)
obj_cooja/mtype871.a(rpl-dag.o)
                              udp-server.co (rpl_set_root)
obj_cooja/mtype871.a(rpl-ext-header.)
                              obj_cooja/mtype871.a(uip6.o) (rpl_verify_header)
obj_cooja/mtype871.a(rpl-icmp6.o)
                              obj_cooja/mtype871.a(rpl-dag.o) (rpl_icmp6_update_nbr_table)
obj_cooja/mtype871.a(rpl-ltmax.o)
                              obj_cooja/mtype871.a(rpl-dag.o) (rpl_ltmax_of)
obj_cooja/mtype871.a(rpl-timers.o)
                              obj_cooja/mtype871.a(rpl-dag.o) (rpl_reset_dio_timer)
obj_cooja/mtype871.a(rpl.o)   obj_cooja/mtype871.a(rpl-icmp6.o) (rpl_get_mode)
obj_cooja/mtype871.a(framer-802154.o)
                              obj_cooja/mtype871.a(sicslowpan.o) (framer_802154)
obj_cooja/mtype871.a(nullmac.o)
                              udp-server.co (nullmac_driver)
obj_cooja/mtype871.a(cxmac.o)
                              obj_cooja/mtype871.o (cxmac_driver)
obj_cooja/mtype871.a(linkaddr.o)
                              obj_cooja/mtype871.o (linkaddr_node_addr)
obj_cooja/mtype871.a(nbr-table.o)
                              obj_cooja/mtype871.a(rpl-dag.o) (long_ip_from_lladdr_map)
[...]
Memory Configuration

Name             Origin             Length             Attributes
*default*        0x0000000000000000 0xffffffffffffffff

Linker script and memory map

LOAD /usr/lib/gcc/i686-linux-gnu/4.8/../../../i386-linux-gnu/crti.o
LOAD /usr/lib/gcc/i686-linux-gnu/4.8/crtbeginS.o
LOAD udp-server.co
LOAD obj_cooja/mtype871.o
LOAD obj_cooja/mtype871.a
LOAD /usr/lib/gcc/i686-linux-gnu/4.8/libgcc.a
LOAD /usr/lib/gcc/i686-linux-gnu/4.8/libgcc_s.so
LOAD /usr/lib/gcc/i686-linux-gnu/4.8/../../../i386-linux-gnu/libc.so
START GROUP
LOAD /lib/i386-linux-gnu/libc.so.6
LOAD /usr/lib/i386-linux-gnu/libc_nonshared.a
LOAD /lib/i386-linux-gnu/ld-linux.so.2
END GROUP
LOAD /usr/lib/gcc/i686-linux-gnu/4.8/libgcc.a
LOAD /usr/lib/gcc/i686-linux-gnu/4.8/libgcc_s.so
LOAD /usr/lib/gcc/i686-linux-gnu/4.8/crtendS.o
LOAD /usr/lib/gcc/i686-linux-gnu/4.8/../../../i386-linux-gnu/crtn.o
                0x0000000000000114                . = (0x0 + SIZEOF_HEADERS)

.note.gnu.build-id
                0x0000000000000114       0x24
 *(.note.gnu.build-id)
 .note.gnu.build-id
                0x0000000000000114       0x24 /usr/lib/gcc/i686-linux-gnu/4.8/../../../i386-linux-gnu/crti.o

.hash
 *(.hash)

.gnu.hash       0x0000000000000138     0x1370
 *(.gnu.hash)
 .gnu.hash      0x0000000000000138     0x1370 /usr/lib/gcc/i686-linux-gnu/4.8/../../../i386-linux-gnu/crti.o

.dynsym         0x00000000000014a8     0x2620
 *(.dynsym)
 .dynsym        0x00000000000014a8     0x2620 /usr/lib/gcc/i686-linux-gnu/4.8/../../../i386-linux-gnu/crti.o

.dynstr         0x0000000000003ac8     0x273f
 *(.dynstr)
 .dynstr        0x0000000000003ac8     0x273f /usr/lib/gcc/i686-linux-gnu/4.8/../../../i386-linux-gnu/crti.o

.gnu.version    0x0000000000006208      0x4c4
 *(.gnu.version)
 .gnu.version   0x0000000000006208      0x4c4 /usr/lib/gcc/i686-linux-gnu/4.8/../../../i386-linux-gnu/crti.o

.gnu.version_d  0x00000000000066cc        0x0
 *(.gnu.version_d)
 .gnu.version_d
                0x0000000000000000        0x0 /usr/lib/gcc/i686-linux-gnu/4.8/../../../i386-linux-gnu/crti.o

.gnu.version_r  0x00000000000066cc       0x50
 *(.gnu.version_r)
 .gnu.version_r
                0x00000000000066cc       0x50 /usr/lib/gcc/i686-linux-gnu/4.8/../../../i386-linux-gnu/crti.o

.rel.dyn        0x000000000000671c     0x9100
 *(.rel.init)
 .rel.init      0x0000000000000000        0x0 /usr/lib/gcc/i686-linux-gnu/4.8/../../../i386-linux-gnu/crti.o
 *(.rel.text .rel.text.* .rel.gnu.linkonce.t.*)
 .rel.text      0x000000000000671c     0x8970 /usr/lib/gcc/i686-linux-gnu/4.8/../../../i386-linux-gnu/crti.o
 *(.rel.fini)
 .rel.fini      0x0000000000000000        0x0 /usr/lib/gcc/i686-linux-gnu/4.8/../../../i386-linux-gnu/crti.o
 *(.rel.rodata .rel.rodata.* .rel.gnu.linkonce.r.*)
 .rel.rodata    0x000000000000f08c      0x4e0 /usr/lib/gcc/i686-linux-gnu/4.8/../../../i386-linux-gnu/crti.o
 *(.rel.data.rel.ro .rel.data.rel.ro.* .rel.gnu.linkonce.d.rel.ro.*)
 *(.rel.data .rel.data.* .rel.gnu.linkonce.d.*)
 .rel.data.rel  0x000000000000f56c        0x8 /usr/lib/gcc/i686-linux-gnu/4.8/../../../i386-linux-gnu/crti.o
 .rel.data      0x000000000000f574      0x270 /usr/lib/gcc/i686-linux-gnu/4.8/../../../i386-linux-gnu/crti.o
 *(.rel.tdata .rel.tdata.* .rel.gnu.linkonce.td.*)
 *(.rel.tbss .rel.tbss.* .rel.gnu.linkonce.tb.*)
 *(.rel.ctors)
 *(.rel.dtors)
 *(.rel.got)
 .rel.got       0x000000000000f7e4       0x28 /usr/lib/gcc/i686-linux-gnu/4.8/../../../i386-linux-gnu/crti.o
 *(.rel.bss .rel.bss.* .rel.gnu.linkonce.b.*)
 *(.rel.ifunc)
 .rel.ifunc     0x0000000000000000        0x0 /usr/lib/gcc/i686-linux-gnu/4.8/../../../i386-linux-gnu/crti.o
 .rel.fini_array
                0x000000000000f80c        0x8 /usr/lib/gcc/i686-linux-gnu/4.8/../../../i386-linux-gnu/crti.o
 .rel.init_array
                0x000000000000f814        0x8 /usr/lib/gcc/i686-linux-gnu/4.8/../../../i386-linux-gnu/crti.o

.rel.plt        0x000000000000f81c       0x10
 *(.rel.plt)
 .rel.plt       0x000000000000f81c       0x10 /usr/lib/gcc/i686-linux-gnu/4.8/../../../i386-linux-gnu/crti.o
 *(.rel.iplt)

.init           0x000000000000f82c       0x23
 *(SORT(.init))
 .init          0x000000000000f82c       0x1e /usr/lib/gcc/i686-linux-gnu/4.8/../../../i386-linux-gnu/crti.o
                0x000000000000f82c                _init
 .init          0x000000000000f84a        0x5 /usr/lib/gcc/i686-linux-gnu/4.8/../../../i386-linux-gnu/crtn.o

.plt            0x000000000000f850       0x30
 *(.plt)
 .plt           0x000000000000f850       0x30 /usr/lib/gcc/i686-linux-gnu/4.8/../../../i386-linux-gnu/crti.o
 *(.iplt)

.text           0x000000000000f880    0x1643a
 *(.text.unlikely .text.*_unlikely .text.unlikely.*)
 *(.text.exit .text.exit.*)
 *(.text.startup .text.startup.*)
 *(.text.hot .text.hot.*)
 *(.text .stub .text.* .gnu.linkonce.t.*)
 .text          0x000000000000f880        0x0 /usr/lib/gcc/i686-linux-gnu/4.8/../../../i386-linux-gnu/crti.o
 .gnu.linkonce.t.__x86.get_pc_thunk.bx
                0x000000000000f880        0x4 /usr/lib/gcc/i686-linux-gnu/4.8/../../../i386-linux-gnu/crti.o
                0x000000000000f880                __x86.get_pc_thunk.bx
 *fill*         0x000000000000f884        0xc 
 .text          0x000000000000f890      0x11b /usr/lib/gcc/i686-linux-gnu/4.8/crtbeginS.o
 .text          0x000000000000f9ab      0x3ce udp-server.co
 .text          0x000000000000fd79      0x96a obj_cooja/mtype871.o
                0x000000000000ff27                contiki_init
                0x00000000000104fa                Java_org_contikios_cooja_corecomm_Lib16_init
                0x000000000001053a                Java_org_contikios_cooja_corecomm_Lib16_getMemory
                0x000000000001057a                Java_org_contikios_cooja_corecomm_Lib16_setMemory
                0x00000000000105f1                Java_org_contikios_cooja_corecomm_Lib16_tick
                0x00000000000106d1                Java_org_contikios_cooja_corecomm_Lib16_setReferenceAddress
 .text          0x00000000000106e3       0x63 obj_cooja/mtype871.a(simEnvChange.o)
                0x00000000000106e3                doActionsBeforeTick
                0x0000000000010714                doActionsAfterTick
 .text          0x0000000000010746       0xbc obj_cooja/mtype871.a(cooja_mt.o)
                0x0000000000010746                cooja_mt_init
                0x0000000000010753                cooja_mt_remove
                0x0000000000010760                cooja_mt_start
                0x000000000001078d                cooja_mt_exec
                0x00000000000107be                cooja_mt_exit
                0x00000000000107e0                cooja_mt_yield
 .text          0x0000000000010802      0x115 obj_cooja/mtype871.a(cooja_mtarch.o)
                0x0000000000010802                cooja_mtarch_init
                0x0000000000010807                cooja_mtarch_start
                0x0000000000010882                cooja_sw
                0x00000000000108a4                cooja_mtarch_exec
                0x00000000000108c0                cooja_mtarch_remove
                0x00000000000108c5                cooja_mtarch_yield
                0x00000000000108cf                cooja_mtarch_pstop
                0x00000000000108d4                cooja_mtarch_pstart
                0x00000000000108d9                cooja_mtarch_stack_usage
 .text          0x0000000000010917       0xc2 obj_cooja/mtype871.a(rtimer-arch.o)
                0x0000000000010917                rtimer_arch_init
                0x000000000001093a                rtimer_arch_schedule
                0x0000000000010951                rtimer_arch_next
                0x000000000001095b                rtimer_arch_pending
                0x0000000000010965                rtimer_arch_check
                0x0000000000010997                rtimer_arch_now
 .text          0x00000000000109d9       0x76 obj_cooja/mtype871.a(beep.o)
                0x00000000000109d9                beep_alarm
                0x00000000000109e5                beep_beep
                0x00000000000109f1                beep
                0x00000000000109fd                beep_down
                0x0000000000010a09                beep_on
                0x0000000000010a15                beep_off
                0x0000000000010a21                beep_spinup
                0x0000000000010a2d                beep_quick
                0x0000000000010a39                beep_long
 .text          0x0000000000010a4f      0x103 obj_cooja/mtype871.a(button-sensor.o)
 .text          0x0000000000010b52       0x45 obj_cooja/mtype871.a(leds-arch.o)
                0x0000000000010b52                leds_arch_init
                0x0000000000010b5e                leds_arch_get
                0x0000000000010b6a                leds_arch_set
 .text          0x0000000000010b97       0x2f obj_cooja/mtype871.a(moteid.o)
 .text          0x0000000000010bc6       0xb1 obj_cooja/mtype871.a(pir-sensor.o)
 .text          0x0000000000010c77      0x131 obj_cooja/mtype871.a(rs232.o)
                0x0000000000010c77                rs232_init
                0x0000000000010c7c                rs232_set_speed
                0x0000000000010c8a                rs232_set_input
                0x0000000000010c97                rs232_send
                0x0000000000010cb9                rs232_print
                0x0000000000010cd4                slip_arch_writeb
 .text          0x0000000000010da8       0xb1 obj_cooja/mtype871.a(vib-sensor.o)
 .text          0x0000000000010e59       0x34 obj_cooja/mtype871.a(clock.o)
                0x0000000000010e59                clock_init
                0x0000000000010e5e                clock_time
                0x0000000000010e68                clock_seconds
                0x0000000000010e7e                clock_delay
 .text          0x0000000000010e8d      0x1ed obj_cooja/mtype871.a(log.o)
                0x0000000000010e8d                simlog_char
                0x0000000000010ecf                simlog
                0x0000000000010f3c                log_message
                0x0000000000010f64                log_set_putchar_with_slip
                0x0000000000010f71                log_putchar
                0x0000000000010ff5                log_puts
                0x0000000000011019                log_printf
 .text          0x000000000001107a      0x2c4 obj_cooja/mtype871.a(cfs-cooja.o)
                0x000000000001107a                cfs_open
                0x00000000000110e3                cfs_close
                0x00000000000110ef                cfs_read
                0x000000000001118d                cfs_write
                0x000000000001126a                cfs_seek
                0x00000000000112f2                cfs_remove
                0x000000000001131b                cfs_opendir
                0x0000000000011325                cfs_readdir
                0x000000000001132f                cfs_closedir
 .text          0x000000000001133e      0x687 obj_cooja/mtype871.a(cooja-radio.o)
                0x0000000000011368                radio_set_channel
                0x000000000001137d                radio_set_txpower
                0x000000000001139d                radio_signal_strength_last
                0x00000000000113a7                radio_signal_strength_current
                0x00000000000113b1                radio_LQI
 .text          0x00000000000119c5       0xef obj_cooja/mtype871.a(eeprom.o)
                0x00000000000119c5                eeprom_init
                0x00000000000119ca                eeprom_read
                0x0000000000011a3a                eeprom_write
 .text          0x0000000000011ab4       0x28 obj_cooja/mtype871.a(random.o)
                0x0000000000011ab4                random_init
                0x0000000000011acf                random_rand
 .text          0x0000000000011adc      0x2a1 obj_cooja/mtype871.a(sensors.o)
                0x0000000000011b17                sensors_first
                0x0000000000011b21                sensors_next
                0x0000000000011b3e                sensors_changed
                0x0000000000011b6d                sensors_find
 .text          0x0000000000011d7d      0x37b obj_cooja/mtype871.a(dual_conf.o)
                0x0000000000011d7d                dual_radio_switch
                0x0000000000011dbd                dual_radio_change
                0x0000000000011df7                sending_in_LR
                0x0000000000011e22                dual_radio_received
                0x0000000000011e75                radio_received_is_longrange
                0x0000000000011e90                dual_radio_turn_on
                0x0000000000011eb3                dual_radio_turn_off
                0x00000000000120ae                dio_broadcast
                0x00000000000120d7                dis_broadcast
 .text          0x00000000000120f8       0x8e obj_cooja/mtype871.a(autostart.o)
                0x00000000000120f8                autostart_start
                0x0000000000012143                autostart_exit
 .text          0x0000000000012186      0x334 obj_cooja/mtype871.a(ctimer.o)
                0x000000000001229d                ctimer_init
                0x00000000000122cd                ctimer_set
                0x00000000000122fe                ctimer_set_with_process
                0x000000000001237a                ctimer_reset
                0x00000000000123c9                ctimer_restart
                0x0000000000012418                ctimer_stop
                0x0000000000012463                ctimer_expired
 .text          0x00000000000124ba      0x40b obj_cooja/mtype871.a(etimer.o)
                0x00000000000126cd                etimer_request_poll
                0x0000000000012751                etimer_set
                0x0000000000012776                etimer_reset_with_new_interval
                0x000000000001279d                etimer_reset
                0x00000000000127bb                etimer_restart
                0x00000000000127d9                etimer_adjust
                0x00000000000127f5                etimer_expired
                0x0000000000012808                etimer_expiration_time
                0x000000000001281a                etimer_start_time
                0x0000000000012824                etimer_pending
                0x0000000000012836                etimer_next_expiration_time
                0x0000000000012850                etimer_stop
 .text          0x00000000000128c5       0xdd obj_cooja/mtype871.a(log_message.o)
                0x00000000000128c5                log_initialization
                0x0000000000012981                log_finisher
 .text          0x00000000000129a2      0x560 obj_cooja/mtype871.a(process.o)
                0x00000000000129a2                process_alloc_event
                0x00000000000129b7                process_start
                0x0000000000012ba0                process_exit
                0x0000000000012bbc                process_init
                0x0000000000012d8d                process_run
                0x0000000000012dc0                process_nevents
                0x0000000000012ddb                process_post
                0x0000000000012e87                process_post_synch
                0x0000000000012ebf                process_poll
                0x0000000000012eee                process_is_running
 .text          0x0000000000012f02       0xd3 obj_cooja/mtype871.a(residual.o)
                0x0000000000012f02                get_residual_energy
 .text          0x0000000000012fd5       0xba obj_cooja/mtype871.a(rtimer.o)
                0x0000000000012fd5                rtimer_init
                0x0000000000012fe2                rtimer_set
                0x0000000000013039                rtimer_run_next
 .text          0x000000000001308f       0x91 obj_cooja/mtype871.a(timer.o)
                0x000000000001308f                timer_set
                0x00000000000130aa                timer_reset
                0x00000000000130c1                timer_restart
                0x00000000000130d3                timer_expired
                0x00000000000130fc                timer_remaining
 .text          0x0000000000013120      0x1fb obj_cooja/mtype871.a(serial-line.o)
                0x0000000000013120                serial_line_input_byte
                0x00000000000132e3                serial_line_init
 .text          0x000000000001331b      0x244 obj_cooja/mtype871.a(list.o)
                0x000000000001331b                list_init
                0x0000000000013329                list_head
                0x0000000000013333                list_copy
                0x0000000000013342                list_tail
                0x0000000000013378                list_add
                0x00000000000133c1                list_push
                0x00000000000133ed                list_chop
                0x0000000000013457                list_pop
                0x000000000001347f                list_remove
                0x00000000000134e6                list_length
                0x0000000000013514                list_insert
                0x0000000000013548                list_item_next
 .text          0x000000000001355f      0x155 obj_cooja/mtype871.a(ringbuf.o)
                0x000000000001355f                ringbuf_init
                0x0000000000013590                ringbuf_put
                0x000000000001360e                ringbuf_get
                0x000000000001367b                ringbuf_size
                0x000000000001368d                ringbuf_elements
 .text          0x00000000000136b4     0x258b obj_cooja/mtype871.a(sicslowpan.o)
                0x0000000000013c3e                rime_sniffer_add
                0x0000000000013c4b                rime_sniffer_remove
                0x0000000000015bde                sicslowpan_init
                0x0000000000015c35                sicslowpan_get_last_rssi
 .text          0x0000000000015c3f      0x2dc obj_cooja/mtype871.a(uip-ds6-nbr.o)
                0x0000000000015c5c                uip_ds6_neighbors_init
                0x0000000000015c79                uip_ds6_nbr_add
                0x0000000000015d2a                uip_ds6_nbr_rm
                0x0000000000015d87                uip_ds6_nbr_get_ipaddr
                0x0000000000015d9c                uip_ds6_nbr_get_ll
                0x0000000000015db8                uip_ds6_nbr_num
                0x0000000000015dfd                uip_ds6_nbr_lookup
                0x0000000000015e62                uip_ds6_nbr_ll_lookup
                0x0000000000015e7e                uip_ds6_nbr_ipaddr_from_lladdr
                0x0000000000015ea4                uip_ds6_nbr_lladdr_from_ipaddr
                0x0000000000015ed2                uip_ds6_link_neighbor_callback
 .text          0x0000000000015f1b     0x12ad obj_cooja/mtype871.a(uip-ds6.o)
                0x0000000000015f1b                uip_ds6_init
                0x0000000000016270                uip_ds6_periodic
                0x0000000000016348                uip_ds6_list_loop
                0x00000000000163ef                uip_ds6_prefix_add
                0x00000000000164ad                uip_ds6_prefix_rm
                0x00000000000164bf                uip_ds6_prefix_lookup
                0x0000000000016510                uip_ds6_is_addr_onlink
                0x0000000000016584                uip_ds6_addr_add
                0x00000000000166b2                uip_ds6_long_addr_add
                0x00000000000167e0                uip_ds6_addr_rm
                0x0000000000016880                uip_ds6_addr_lookup
                0x00000000000168cb                uip_ds6_long_addr_lookup
                0x0000000000016916                uip_ds6_get_link_local
                0x0000000000016995                uip_ds6_long_get_link_local
                0x0000000000016a14                uip_ds6_get_global
                0x0000000000016a93                uip_ds6_long_get_global
                0x0000000000016b12                uip_ds6_maddr_add
                0x0000000000016b84                uip_ds6_long_maddr_add
                0x0000000000016bf6                uip_ds6_maddr_rm
                0x0000000000016c08                uip_ds6_maddr_lookup
                0x0000000000016c53                uip_ds6_long_maddr_lookup
                0x0000000000016c9e                uip_ds6_aaddr_add
                0x0000000000016d10                uip_ds6_long_aaddr_add
                0x0000000000016d82                uip_ds6_aaddr_rm
                0x0000000000016d94                uip_ds6_aaddr_lookup
                0x0000000000016ddf                uip_ds6_long_aaddr_lookup
                0x0000000000016e2a                uip_ds6_select_src
                0x00000000000170b3                uip_ds6_set_addr_iid
                0x00000000000170ea                get_match_length
                0x000000000001717c                uip_ds6_compute_reachable_time
 .text          0x00000000000171c8     0x29f3 obj_cooja/mtype871.a(uip6.o)
                0x00000000000171c8                uip_add32
                0x0000000000017361                uip_chksum
                0x000000000001744f                uip_icmp6chksum
                0x0000000000017463                uip_tcpchksum
                0x0000000000017477                uip_udpchksum
                0x000000000001748b                uip_init
                0x000000000001755b                uip_connect
                0x000000000001770a                remove_ext_hdr
                0x00000000000177df                uip_udp_new
                0x000000000001793b                uip_unlisten
                0x000000000001799b                uip_listen
                0x0000000000017c5d                uip_process
                0x0000000000019aaf                uip_htons
                0x0000000000019ad1                uip_htonl
                0x0000000000019b11                uip_send
 .text          0x0000000000019bbb      0xb43 obj_cooja/mtype871.a(tcpip.o)
                0x0000000000019bbb                tcpip_output
                0x0000000000019be9                tcpip_set_outputfunc
                0x0000000000019c7d                tcp_connect
                0x0000000000019cd2                tcp_unlisten
                0x0000000000019d2d                tcp_listen
                0x0000000000019d86                tcp_attach
                0x0000000000019dab                udp_attach
                0x0000000000019dd0                udp_new
                0x0000000000019e22                udp_broadcast_new
                0x000000000001a096                tcpip_input
                0x000000000001a0ca                tcpip_ipv6_output
                0x000000000001a544                tcpip_poll_udp
                0x000000000001a567                tcpip_poll_tcp
                0x000000000001a58a                tcpip_uipcall
 .text          0x000000000001a6fe      0x1c1 obj_cooja/mtype871.a(uip-debug.o)
                0x000000000001a6fe                uip_debug_ipaddr_print
                0x000000000001a860                uip_debug_lladdr_print
 .text          0x000000000001a8bf      0x141 obj_cooja/mtype871.a(uip-packetqueue)
                0x000000000001a8eb                uip_packetqueue_new
                0x000000000001a8f9                uip_packetqueue_alloc
                0x000000000001a959                uip_packetqueue_free
                0x000000000001a99a                uip_packetqueue_buf
                0x000000000001a9b7                uip_packetqueue_buflen
                0x000000000001a9d8                uip_packetqueue_set_buflen
 .text          0x000000000001aa00     0x2759 obj_cooja/mtype871.a(rpl-dag.o)
                0x000000000001aa00                rpl_lr_in_neighbor_tree
                0x000000000001ab5e                rpl_print_neighbor_list
                0x000000000001ac07                rpl_print_child_neighbor_list
                0x000000000001ac7c                rpl_get_nbr
                0x000000000001acd6                rpl_get_nbr_child
                0x000000000001ad30                rpl_dag_init
                0x000000000001ad62                rpl_get_parent
                0x000000000001ad84                rpl_get_parent_rank
                0x000000000001adb7                rpl_get_parent_link_metric
                0x000000000001adea                rpl_get_parent_ipaddr
                0x000000000001ae14                rpl_get_child_ipaddr
                0x000000000001b12f                rpl_set_root
                0x000000000001b35d                rpl_repair_root
                0x000000000001b599                rpl_set_prefix
                0x000000000001b698                rpl_set_default_route
                0x000000000001b724                rpl_alloc_instance
                0x000000000001b7b7                rpl_alloc_dag
                0x000000000001b86a                rpl_set_default_instance
                0x000000000001b877                rpl_get_default_instance
                0x000000000001b881                rpl_free_instance
                0x000000000001b932                rpl_free_dag
                0x000000000001b998                rpl_add_parent
                0x000000000001ba81                rpl_find_parent
                0x000000000001bab1                rpl_add_child
                0x000000000001bb55                rpl_find_child
                0x000000000001bba3                rpl_find_parent_any_dag
                0x000000000001bbdf                rpl_select_dag
                0x000000000001c002                rpl_select_parent
                0x000000000001c064                rpl_remove_parent
                0x000000000001c09a                rpl_remove_child
                0x000000000001c0b6                rpl_nullify_parent
                0x000000000001c154                rpl_move_parent
                0x000000000001c1f1                rpl_has_downward_route
                0x000000000001c244                rpl_get_any_dag
                0x000000000001c2a6                rpl_get_instance
                0x000000000001c309                rpl_find_of
                0x000000000001c346                rpl_join_instance
                0x000000000001c5e2                rpl_add_dag
                0x000000000001c9d1                rpl_local_repair
                0x000000000001caaa                rpl_recalculate_ranks
                0x000000000001cb30                rpl_process_parent_event
                0x000000000001cbe2                rpl_process_dio
 .text          0x000000000001d159      0xbf3 obj_cooja/mtype871.a(rpl-ext-header.)
                0x000000000001d176                rpl_verify_header
                0x000000000001d5f0                rpl_update_header_empty
                0x000000000001d907                rpl_update_header_final
                0x000000000001da96                rpl_remove_header
                0x000000000001dba0                rpl_invert_header
                0x000000000001dd2a                rpl_insert_header
 .text          0x000000000001dd4c     0x22e1 obj_cooja/mtype871.a(rpl-icmp6.o)
                0x000000000001e015                rpl_icmp6_update_nbr_table
                0x000000000001e105                dis_output
                0x000000000001ea3d                dio_output
                0x000000000001fb98                dao_output
                0x000000000001fc60                dao_output_target
                0x000000000001ffe1                dao_ack_output
                0x000000000001fff5                rpl_icmp6_register_handlers
 .text          0x000000000002002d      0x3dc obj_cooja/mtype871.a(rpl-ltmax.o)
 .text          0x0000000000020409      0x882 obj_cooja/mtype871.a(rpl-timers.o)
                0x0000000000020409                rpl_convergence_timer
                0x0000000000020435                rpl_reset_convergence_timer
                0x000000000002071e                rpl_reset_periodic_timer
                0x0000000000020773                rpl_reset_dio_timer
                0x00000000000209ad                rpl_schedule_dao
                0x00000000000209c8                rpl_schedule_dao_immediately
                0x00000000000209e3                rpl_cancel_dao
                0x0000000000020a45                rpl_schedule_unicast_dio_immediately
                0x0000000000020c33                rpl_schedule_probing
 .text          0x0000000000020c8b      0x5ca obj_cooja/mtype871.a(rpl.o)
                0x0000000000020c8b                rpl_get_mode
                0x0000000000020c95                rpl_set_mode
                0x0000000000020d23                rpl_purge_routes
                0x0000000000020e1d                rpl_remove_routes
                0x0000000000020e63                rpl_remove_routes_by_nexthop
                0x0000000000020ecf                rpl_add_route
                0x0000000000020f4a                rpl_link_neighbor_callback
                0x000000000002104f                rpl_ipv6_neighbor_callback
                0x00000000000210be                rpl_purge_dags
                0x00000000000211ca                rpl_init
 .text          0x0000000000021255      0x3f5 obj_cooja/mtype871.a(framer-802154.o)
 .text          0x000000000002164a       0x5e obj_cooja/mtype871.a(nullmac.o)
 .text          0x00000000000216a8      0xda7 obj_cooja/mtype871.a(cxmac.o)
                0x0000000000022391                cxmac_set_announcement_radio_txpower
                0x0000000000022396                cxmac_init
 .text          0x000000000002244f       0x82 obj_cooja/mtype871.a(linkaddr.o)
                0x000000000002244f                linkaddr_copy
                0x0000000000022471                linkaddr_cmp
                0x000000000002249b                linkaddr_set_node_addr
                0x00000000000224b6                linkaddr_set_node_long_addr
 .text          0x00000000000224d1      0x915 obj_cooja/mtype871.a(nbr-table.o)
                0x00000000000224d1                long_ip_from_lladdr_map
                0x000000000002255a                lladdr_map_add_lr
                0x0000000000022617                lladdr_map_rm_lr
                0x0000000000022adc                nbr_table_register
                0x0000000000022b24                nbr_table_head
                0x0000000000022b80                nbr_table_next
                0x0000000000022be7                nbr_table_add_lladdr
                0x0000000000022cc3                nbr_table_get_from_lladdr
                0x0000000000022d10                nbr_table_remove
                0x0000000000022d62                nbr_table_lock
                0x0000000000022d8c                nbr_table_unlock
                0x0000000000022db6                nbr_table_get_lladdr
 .text          0x0000000000022de6       0x2b obj_cooja/mtype871.a(netstack.o)
                0x0000000000022de6                netstack_init
 .text          0x0000000000022e11      0x3cd obj_cooja/mtype871.a(packetbuf.o)
                0x0000000000022e11                packetbuf_clear
                0x0000000000022e3b                packetbuf_copyfrom
                0x0000000000022e8d                packetbuf_compact
                0x0000000000022f0a                packetbuf_copyto
                0x0000000000022fa1                packetbuf_hdralloc
                0x000000000002301e                packetbuf_hdrreduce
                0x0000000000023066                packetbuf_set_datalen
                0x000000000002307f                packetbuf_dataptr
                0x000000000002309c                packetbuf_hdrptr
                0x00000000000230a6                packetbuf_datalen
                0x00000000000230b2                packetbuf_hdrlen
                0x00000000000230c9                packetbuf_totlen
                0x00000000000230df                packetbuf_attr_clear
                0x0000000000023131                packetbuf_attr_copyto
                0x000000000002317a                packetbuf_attr_copyfrom
                0x00000000000231c2                packetbuf_holds_broadcast
 .text          0x00000000000231de      0x2b4 obj_cooja/mtype871.a(queuebuf.o)
                0x00000000000231e8                queuebuf_init
                0x0000000000023208                queuebuf_numfree
                0x000000000002321c                queuebuf_new_from_packetbuf
                0x00000000000232ac                queuebuf_update_attr_from_packetbuf
                0x00000000000232df                queuebuf_update_from_packetbuf
                0x0000000000023329                queuebuf_free
                0x0000000000023370                queuebuf_to_packetbuf
                0x00000000000233d6                queuebuf_dataptr
                0x000000000002340d                queuebuf_datalen
                0x0000000000023430                queuebuf_addr
                0x0000000000023462                queuebuf_attr
                0x000000000002348d                queuebuf_debug_print
 .text          0x0000000000023492       0x6e obj_cooja/mtype871.a(nullsec.o)
 .text          0x0000000000023500       0x19 obj_cooja/mtype871.a(watchdog.o)
                0x0000000000023500                watchdog_init
                0x0000000000023505                watchdog_start
                0x000000000002350a                watchdog_periodic
                0x000000000002350f                watchdog_stop
                0x0000000000023514                watchdog_reboot
 .text          0x0000000000023519        0x0 obj_cooja/mtype871.a(rimestats.o)
 .text          0x0000000000023519      0x134 obj_cooja/mtype871.a(leds.o)
                0x000000000002356a                leds_init
                0x000000000002357e                leds_blink
                0x00000000000235b6                leds_get
                0x00000000000235c3                leds_set
                0x00000000000235dd                leds_on
                0x0000000000023600                leds_off
                0x000000000002362a                leds_toggle
 .text          0x000000000002364d       0xa3 obj_cooja/mtype871.a(stimer.o)
                0x000000000002364d                stimer_set
                0x0000000000023668                stimer_reset
                0x000000000002367f                stimer_restart
                0x0000000000023691                stimer_expired
                0x00000000000236b8                stimer_remaining
                0x00000000000236dc                stimer_elapsed
 .text          0x00000000000236f0      0x1c1 obj_cooja/mtype871.a(memb.o)
                0x00000000000236f0                memb_init
                0x000000000002374e                memb_alloc
                0x00000000000237b3                memb_free
                0x000000000002382e                memb_inmemb
                0x000000000002386d                memb_numfree
 .text          0x00000000000238b1      0x916 obj_cooja/mtype871.a(uip-ds6-route.o)
                0x0000000000023928                uip_ds6_notification_add
                0x0000000000023959                uip_ds6_notification_rm
                0x0000000000023975                uip_ds6_route_init
                0x00000000000239fd                uip_ds6_route_nexthop
                0x0000000000023a25                uip_ds6_route_head
                0x0000000000023a3a                uip_ds6_route_next
                0x0000000000023a60                uip_ds6_route_is_nexthop
                0x0000000000023a9f                uip_ds6_route_num_routes
                0x0000000000023aa9                uip_ds6_route_lookup
                0x0000000000023b6b                uip_ds6_route_add
                0x0000000000023d9f                uip_ds6_route_rm
                0x0000000000023f33                uip_ds6_route_rm_by_nexthop
                0x0000000000023f6b                uip_ds6_defrt_add
                0x000000000002401c                uip_ds6_defrt_rm
                0x000000000002409b                uip_ds6_defrt_lookup
                0x00000000000240f4                uip_ds6_defrt_choose
                0x000000000002415f                uip_ds6_defrt_periodic
 .text          0x00000000000241c7      0xab2 obj_cooja/mtype871.a(uip-icmp6.o)
                0x0000000000024235                uip_icmp6_input
                0x000000000002428b                uip_icmp6_register_input_handler
                0x0000000000024553                uip_icmp6_error_output
                0x0000000000024898                uip_icmp6_send
                0x0000000000024c0c                uip_icmp6_echo_reply_callback_add
                0x0000000000024c3d                uip_icmp6_echo_reply_callback_rm
                0x0000000000024c59                uip_icmp6_init
 .text          0x0000000000024c79      0x358 obj_cooja/mtype871.a(uip-nd6.o)
                0x0000000000024ccd                uip_nd6_ns_output
                0x0000000000024fcc                uip_nd6_init
 .text          0x0000000000024fd1      0x331 obj_cooja/mtype871.a(rpl-nbr-policy.)
                0x00000000000251a9                find_removable_dis
                0x00000000000251cc                find_removable_dio
                0x000000000002525b                find_removable_dao
                0x00000000000252ab                rpl_nbr_policy_find_removable
 .text          0x0000000000025302      0x97c obj_cooja/mtype871.a(frame802154.o)
                0x0000000000025333                frame802154_get_pan_id
                0x000000000002533f                frame802154_set_pan_id
                0x0000000000025358                frame802154_has_panid
                0x0000000000025444                frame802154_check_dest_panid
                0x00000000000254ac                frame802154_is_broadcast_addr
                0x00000000000254f9                frame802154_extract_linkaddr
                0x0000000000025739                frame802154_hdrlen
                0x000000000002578a                frame802154_create
                0x0000000000025975                frame802154_parse
 .text          0x0000000000025c7e       0x3c obj_cooja/mtype871.a(mac.o)
                0x0000000000025c7e                mac_call_sent_callback
 .text          0x0000000000025cba        0x0 /usr/lib/gcc/i686-linux-gnu/4.8/crtendS.o
 .text          0x0000000000025cba        0x0 /usr/lib/gcc/i686-linux-gnu/4.8/../../../i386-linux-gnu/crtn.o
 *(.gnu.warning)

.fini           0x0000000000025cbc       0x14
 *(SORT(.fini))
 .fini          0x0000000000025cbc        0xf /usr/lib/gcc/i686-linux-gnu/4.8/../../../i386-linux-gnu/crti.o
                0x0000000000025cbc                _fini
 .fini          0x0000000000025ccb        0x5 /usr/lib/gcc/i686-linux-gnu/4.8/../../../i386-linux-gnu/crtn.o
                0x0000000000025cd0                PROVIDE (__etext, .)
                0x0000000000025cd0                PROVIDE (_etext, .)
                0x0000000000025cd0                PROVIDE (etext, .)

.rodata         0x0000000000025ce0      0x9a0
 *(.rodata .rodata.* .gnu.linkonce.r.*)
 .rodata        0x0000000000025ce0      0x148 udp-server.co
                0x0000000000025cf4                autostart_processes
 .rodata        0x0000000000025e28      0x1e6 obj_cooja/mtype871.o
 *fill*         0x000000000002600e        0x2 
 .rodata        0x0000000000026010        0x8 obj_cooja/mtype871.a(beep.o)
                0x0000000000026010                beep_interface
 .rodata        0x0000000000026018       0x20 obj_cooja/mtype871.a(button-sensor.o)
                0x0000000000026018                button_interface
                0x0000000000026028                button_sensor
 .rodata        0x0000000000026038        0x8 obj_cooja/mtype871.a(leds-arch.o)
                0x0000000000026038                leds_interface
 .rodata        0x0000000000026040        0x8 obj_cooja/mtype871.a(moteid.o)
                0x0000000000026040                moteid_interface
 .rodata        0x0000000000026048       0x1c obj_cooja/mtype871.a(pir-sensor.o)
                0x0000000000026048                pir_interface
                0x0000000000026054                pir_sensor
 .rodata        0x0000000000026064        0xe obj_cooja/mtype871.a(rs232.o)
                0x0000000000026064                rs232_interface
 *fill*         0x0000000000026072        0x2 
 .rodata        0x0000000000026074       0x24 obj_cooja/mtype871.a(vib-sensor.o)
                0x0000000000026074                vib_interface
                0x0000000000026088                vib_sensor
 .rodata        0x0000000000026098        0x8 obj_cooja/mtype871.a(clock.o)
                0x0000000000026098                clock_interface
 .rodata        0x00000000000260a0        0x8 obj_cooja/mtype871.a(log.o)
                0x00000000000260a0                simlog_interface
 .rodata        0x00000000000260a8       0x2f obj_cooja/mtype871.a(cfs-cooja.o)
                0x00000000000260a8                cfs_interface
 *fill*         0x00000000000260d7        0x9 
 .rodata        0x00000000000260e0       0x60 obj_cooja/mtype871.a(cooja-radio.o)
                0x0000000000026100                cooja_radio_driver
                0x0000000000026138                radio_interface
 .rodata        0x0000000000026140        0x8 obj_cooja/mtype871.a(eeprom.o)
                0x0000000000026140                eeprom_interface
 .rodata        0x0000000000026148        0x8 obj_cooja/mtype871.a(sensors.o)
 .rodata        0x0000000000026150      0x169 obj_cooja/mtype871.a(dual_conf.o)
 .rodata        0x00000000000262b9        0xf obj_cooja/mtype871.a(ctimer.o)
 .rodata        0x00000000000262c8        0xc obj_cooja/mtype871.a(etimer.o)
 .rodata        0x00000000000262d4       0x73 obj_cooja/mtype871.a(log_message.o)
 *fill*         0x0000000000026347        0x1 
 .rodata        0x0000000000026348       0x20 obj_cooja/mtype871.a(residual.o)
 .rodata        0x0000000000026368        0xe obj_cooja/mtype871.a(serial-line.o)
 *fill*         0x0000000000026376        0x2 
 .rodata        0x0000000000026378       0x2c obj_cooja/mtype871.a(sicslowpan.o)
                0x0000000000026378                unc_llconf
                0x000000000002637c                unc_ctxconf
                0x0000000000026380                unc_mxconf
                0x0000000000026384                llprefix
                0x0000000000026398                sicslowpan_driver
 .rodata        0x00000000000263a4      0x13c obj_cooja/mtype871.a(uip6.o)
 .rodata        0x00000000000264e0       0x49 obj_cooja/mtype871.a(tcpip.o)
 .rodata        0x0000000000026529       0x3e obj_cooja/mtype871.a(uip-debug.o)
 *fill*         0x0000000000026567        0x1 
 .rodata        0x0000000000026568        0x4 obj_cooja/mtype871.a(rpl-dag.o)
 .rodata        0x000000000002656c       0x75 obj_cooja/mtype871.a(rpl-timers.o)
 *fill*         0x00000000000265e1        0x3 
 .rodata        0x00000000000265e4        0xc obj_cooja/mtype871.a(framer-802154.o)
                0x00000000000265e4                framer_802154
 .rodata        0x00000000000265f0       0x24 obj_cooja/mtype871.a(nullmac.o)
                0x00000000000265f8                nullmac_driver
 *fill*         0x0000000000026614        0xc 
 .rodata        0x0000000000026620       0x40 obj_cooja/mtype871.a(cxmac.o)
                0x0000000000026640                cxmac_driver
 .rodata        0x0000000000026660        0x8 obj_cooja/mtype871.a(linkaddr.o)
                0x0000000000026660                linkaddr_null
 .rodata        0x0000000000026668       0x18 obj_cooja/mtype871.a(nullsec.o)
                0x0000000000026670                nullsec_driver

.rodata1
 *(.rodata1)

.eh_frame_hdr   0x0000000000026680     0x13b4
 *(.eh_frame_hdr)
 .eh_frame_hdr  0x0000000000026680     0x13b4 udp-server.co

.eh_frame       0x0000000000027a34     0x5010
 *(.eh_frame)
 .eh_frame      0x0000000000027a34       0x3c /usr/lib/gcc/i686-linux-gnu/4.8/../../../i386-linux-gnu/crti.o
                                         0x40 (size before relaxing)
 .eh_frame      0x0000000000027a70       0x68 udp-server.co
                                         0x80 (size before relaxing)
 .eh_frame      0x0000000000027ad8      0x148 obj_cooja/mtype871.o
                                        0x160 (size before relaxing)
 .eh_frame      0x0000000000027c20       0x40 obj_cooja/mtype871.a(simEnvChange.o)
                                         0x58 (size before relaxing)
 .eh_frame      0x0000000000027c60       0xc0 obj_cooja/mtype871.a(cooja_mt.o)
                                         0xd8 (size before relaxing)
 .eh_frame      0x0000000000027d20      0x120 obj_cooja/mtype871.a(cooja_mtarch.o)
                                        0x138 (size before relaxing)
 .eh_frame      0x0000000000027e40       0xc0 obj_cooja/mtype871.a(rtimer-arch.o)
                                         0xd8 (size before relaxing)
 .eh_frame      0x0000000000027f00      0x160 obj_cooja/mtype871.a(beep.o)
                                        0x178 (size before relaxing)
 .eh_frame      0x0000000000028060       0xa0 obj_cooja/mtype871.a(button-sensor.o)
                                         0xb8 (size before relaxing)
 .eh_frame      0x0000000000028100       0xa0 obj_cooja/mtype871.a(leds-arch.o)
                                         0xb8 (size before relaxing)
 .eh_frame      0x00000000000281a0       0x40 obj_cooja/mtype871.a(moteid.o)
                                         0x58 (size before relaxing)
 .eh_frame      0x00000000000281e0       0xa0 obj_cooja/mtype871.a(pir-sensor.o)
                                         0xb8 (size before relaxing)
 .eh_frame      0x0000000000028280      0x100 obj_cooja/mtype871.a(rs232.o)
                                        0x118 (size before relaxing)
 .eh_frame      0x0000000000028380       0xa0 obj_cooja/mtype871.a(vib-sensor.o)
                                         0xb8 (size before relaxing)
 .eh_frame      0x0000000000028420       0xc0 obj_cooja/mtype871.a(clock.o)
                                         0xd8 (size before relaxing)
 .eh_frame      0x00000000000284e0      0x120 obj_cooja/mtype871.a(log.o)
                                        0x138 (size before relaxing)
 .eh_frame      0x0000000000028600      0x160 obj_cooja/mtype871.a(cfs-cooja.o)
                                        0x178 (size before relaxing)
 .eh_frame      0x0000000000028760      0x2e0 obj_cooja/mtype871.a(cooja-radio.o)
                                        0x2f8 (size before relaxing)
 .eh_frame      0x0000000000028a40       0xa0 obj_cooja/mtype871.a(eeprom.o)
                                         0xb8 (size before relaxing)
 .eh_frame      0x0000000000028ae0       0x40 obj_cooja/mtype871.a(random.o)
                                         0x58 (size before relaxing)
 .eh_frame      0x0000000000028b20       0xc0 obj_cooja/mtype871.a(sensors.o)
                                         0xd8 (size before relaxing)
 .eh_frame      0x0000000000028be0      0x160 obj_cooja/mtype871.a(dual_conf.o)
                                        0x178 (size before relaxing)
 .eh_frame      0x0000000000028d40       0x40 obj_cooja/mtype871.a(autostart.o)
                                         0x58 (size before relaxing)
 .eh_frame      0x0000000000028d80      0x100 obj_cooja/mtype871.a(ctimer.o)
                                        0x118 (size before relaxing)
 .eh_frame      0x0000000000028e80      0x1e0 obj_cooja/mtype871.a(etimer.o)
                                        0x1f8 (size before relaxing)
 .eh_frame      0x0000000000029060       0x40 obj_cooja/mtype871.a(log_message.o)
                                         0x58 (size before relaxing)
 .eh_frame      0x00000000000290a0      0x1c8 obj_cooja/mtype871.a(process.o)
                                        0x1e0 (size before relaxing)
 .eh_frame      0x0000000000029268       0x2c obj_cooja/mtype871.a(residual.o)
                                         0x44 (size before relaxing)
 .eh_frame      0x0000000000029294       0x60 obj_cooja/mtype871.a(rtimer.o)
                                         0x78 (size before relaxing)
 .eh_frame      0x00000000000292f4       0xa4 obj_cooja/mtype871.a(timer.o)
                                         0xbc (size before relaxing)
 .eh_frame      0x0000000000029398       0x60 obj_cooja/mtype871.a(serial-line.o)
                                         0x78 (size before relaxing)
 .eh_frame      0x00000000000293f8      0x180 obj_cooja/mtype871.a(list.o)
                                        0x198 (size before relaxing)
 .eh_frame      0x0000000000029578       0xa0 obj_cooja/mtype871.a(ringbuf.o)
                                         0xb8 (size before relaxing)
 .eh_frame      0x0000000000029618      0x350 obj_cooja/mtype871.a(sicslowpan.o)
                                        0x368 (size before relaxing)
 .eh_frame      0x0000000000029968      0x180 obj_cooja/mtype871.a(uip-ds6-nbr.o)
                                        0x198 (size before relaxing)
 .eh_frame      0x0000000000029ae8      0x3c8 obj_cooja/mtype871.a(uip-ds6.o)
                                        0x3e0 (size before relaxing)
 .eh_frame      0x0000000000029eb0      0x27c obj_cooja/mtype871.a(uip6.o)
                                        0x294 (size before relaxing)
 .eh_frame      0x000000000002a12c      0x270 obj_cooja/mtype871.a(tcpip.o)
                                        0x288 (size before relaxing)
 .eh_frame      0x000000000002a39c       0x48 obj_cooja/mtype871.a(uip-debug.o)
                                         0x60 (size before relaxing)
 .eh_frame      0x000000000002a3e4       0xe0 obj_cooja/mtype871.a(uip-packetqueue)
                                         0xf8 (size before relaxing)
 .eh_frame      0x000000000002a4c4      0x76c obj_cooja/mtype871.a(rpl-dag.o)
                                        0x784 (size before relaxing)
 .eh_frame      0x000000000002ac30      0x10c obj_cooja/mtype871.a(rpl-ext-header.)
                                        0x124 (size before relaxing)
 .eh_frame      0x000000000002ad3c      0x2b8 obj_cooja/mtype871.a(rpl-icmp6.o)
                                        0x2d0 (size before relaxing)
 .eh_frame      0x000000000002aff4       0xe0 obj_cooja/mtype871.a(rpl-ltmax.o)
                                         0xf8 (size before relaxing)
 .eh_frame      0x000000000002b0d4      0x26c obj_cooja/mtype871.a(rpl-timers.o)
                                        0x284 (size before relaxing)
 .eh_frame      0x000000000002b340      0x148 obj_cooja/mtype871.a(rpl.o)
                                        0x160 (size before relaxing)
 .eh_frame      0x000000000002b488      0x108 obj_cooja/mtype871.a(framer-802154.o)
                                        0x120 (size before relaxing)
 .eh_frame      0x000000000002b590       0xc0 obj_cooja/mtype871.a(nullmac.o)
                                         0xd8 (size before relaxing)
 .eh_frame      0x000000000002b650      0x29c obj_cooja/mtype871.a(cxmac.o)
                                        0x2b4 (size before relaxing)
 .eh_frame      0x000000000002b8ec       0x80 obj_cooja/mtype871.a(linkaddr.o)
                                         0x98 (size before relaxing)
 .eh_frame      0x000000000002b96c      0x2cc obj_cooja/mtype871.a(nbr-table.o)
                                        0x2e4 (size before relaxing)
 .eh_frame      0x000000000002bc38       0x20 obj_cooja/mtype871.a(netstack.o)
                                         0x38 (size before relaxing)
 .eh_frame      0x000000000002bc58      0x214 obj_cooja/mtype871.a(packetbuf.o)
                                        0x22c (size before relaxing)
 .eh_frame      0x000000000002be6c      0x1a0 obj_cooja/mtype871.a(queuebuf.o)
                                        0x1b8 (size before relaxing)
 .eh_frame      0x000000000002c00c       0x80 obj_cooja/mtype871.a(nullsec.o)
                                         0x98 (size before relaxing)
 .eh_frame      0x000000000002c08c       0xa0 obj_cooja/mtype871.a(watchdog.o)
                                         0xb8 (size before relaxing)
 .eh_frame      0x000000000002c12c      0x100 obj_cooja/mtype871.a(leds.o)
                                        0x118 (size before relaxing)
 .eh_frame      0x000000000002c22c       0xc4 obj_cooja/mtype871.a(stimer.o)
                                         0xdc (size before relaxing)
 .eh_frame      0x000000000002c2f0       0xa0 obj_cooja/mtype871.a(memb.o)
                                         0xb8 (size before relaxing)
 .eh_frame      0x000000000002c390      0x2a0 obj_cooja/mtype871.a(uip-ds6-route.o)
                                        0x2b8 (size before relaxing)
 .eh_frame      0x000000000002c630      0x164 obj_cooja/mtype871.a(uip-icmp6.o)
                                        0x17c (size before relaxing)
 .eh_frame      0x000000000002c794       0x68 obj_cooja/mtype871.a(uip-nd6.o)
                                         0x80 (size before relaxing)
 .eh_frame      0x000000000002c7fc       0xc0 obj_cooja/mtype871.a(rpl-nbr-policy.)
                                         0xd8 (size before relaxing)
 .eh_frame      0x000000000002c8bc      0x164 obj_cooja/mtype871.a(frame802154.o)
                                        0x17c (size before relaxing)
 .eh_frame      0x000000000002ca20       0x20 obj_cooja/mtype871.a(mac.o)
                                         0x38 (size before relaxing)
 .eh_frame      0x000000000002ca40        0x4 /usr/lib/gcc/i686-linux-gnu/4.8/crtendS.o

.gcc_except_table
 *(.gcc_except_table .gcc_except_table.*)

.exception_ranges
 *(.exception_ranges .exception_ranges*)
                0x000000000002ca44                . = (ALIGN (0x1000) - ((0x1000 - .) & 0xfff))
                0x000000000002def8                . = DATA_SEGMENT_ALIGN (0x1000, 0x1000)

.eh_frame
 *(.eh_frame)

.gcc_except_table
 *(.gcc_except_table .gcc_except_table.*)

.exception_ranges
 *(.exception_ranges .exception_ranges*)

.tdata
 *(.tdata .tdata.* .gnu.linkonce.td.*)

.tbss
 *(.tbss .tbss.* .gnu.linkonce.tb.*)
 *(.tcommon)

.preinit_array
 *(.preinit_array)

.init_array     0x000000000002def8        0x4
 *(SORT(.init_array.*) SORT(.ctors.*))
 *(.init_array EXCLUDE_FILE(*crtend?.o *crtend.o *crtbegin?.o *crtbegin.o) .ctors)
 .init_array    0x000000000002def8        0x4 /usr/lib/gcc/i686-linux-gnu/4.8/crtbeginS.o

.fini_array     0x000000000002defc        0x4
 *(SORT(.fini_array.*) SORT(.dtors.*))
 *(.fini_array EXCLUDE_FILE(*crtend?.o *crtend.o *crtbegin?.o *crtbegin.o) .dtors)
 .fini_array    0x000000000002defc        0x4 /usr/lib/gcc/i686-linux-gnu/4.8/crtbeginS.o

.ctors
 *crtbegin.o(.ctors)
 *crtbegin?.o(.ctors)
 *(EXCLUDE_FILE(*crtend?.o *crtend.o) .ctors)
 *(SORT(.ctors.*))
 *(.ctors)

.dtors
 *crtbegin.o(.dtors)
 *crtbegin?.o(.dtors)
 *(EXCLUDE_FILE(*crtend?.o *crtend.o) .dtors)
 *(SORT(.dtors.*))
 *(.dtors)

.jcr            0x000000000002df00        0x4
 *(.jcr)
 .jcr           0x000000000002df00        0x0 /usr/lib/gcc/i686-linux-gnu/4.8/crtbeginS.o
 .jcr           0x000000000002df00        0x4 /usr/lib/gcc/i686-linux-gnu/4.8/crtendS.o

.data.rel.ro
 *(.data.rel.ro.local* .gnu.linkonce.d.rel.ro.local.*)
 *(.data.rel.ro .data.rel.ro.* .gnu.linkonce.d.rel.ro.*)

.dynamic        0x000000000002df04       0xe8
 *(.dynamic)
 .dynamic       0x000000000002df04       0xe8 /usr/lib/gcc/i686-linux-gnu/4.8/../../../i386-linux-gnu/crti.o
                0x000000000002df04                _DYNAMIC

.got            0x000000000002dfec       0x14
 *(.got)
 .got           0x000000000002dfec       0x14 /usr/lib/gcc/i686-linux-gnu/4.8/../../../i386-linux-gnu/crti.o
 *(.igot)
                0x000000000002eff4                . = DATA_SEGMENT_RELRO_END (., (SIZEOF (.got.plt) >= 0xc)?0xc:0x0)

.got.plt        0x000000000002e000       0x14
 *(.got.plt)
 .got.plt       0x000000000002e000       0x14 /usr/lib/gcc/i686-linux-gnu/4.8/../../../i386-linux-gnu/crti.o
                0x000000000002e000                _GLOBAL_OFFSET_TABLE_
 *(.igot.plt)

.data           0x000000000002e020      0x26a
 *(.data .data.* .gnu.linkonce.d.*)
 .data          0x000000000002e020        0x0 /usr/lib/gcc/i686-linux-gnu/4.8/../../../i386-linux-gnu/crti.o
 .data          0x000000000002e020        0x0 /usr/lib/gcc/i686-linux-gnu/4.8/crtbeginS.o
 .data.rel      0x000000000002e020        0x4 /usr/lib/gcc/i686-linux-gnu/4.8/crtbeginS.o
                0x000000000002e020                __dso_handle
 .data          0x000000000002e024       0x10 udp-server.co
                0x000000000002e024                udp_server_process
 *fill*         0x000000000002e034        0xc 
 .data          0x000000000002e040       0x44 obj_cooja/mtype871.o
                0x000000000002e040                simInterfaces
                0x000000000002e074                sensors
 .data          0x000000000002e084        0x0 obj_cooja/mtype871.a(simEnvChange.o)
 .data          0x000000000002e084        0x0 obj_cooja/mtype871.a(cooja_mt.o)
 .data          0x000000000002e084        0x0 obj_cooja/mtype871.a(cooja_mtarch.o)
 .data          0x000000000002e084        0x0 obj_cooja/mtype871.a(rtimer-arch.o)
 .data          0x000000000002e084        0x0 obj_cooja/mtype871.a(beep.o)
 .data          0x000000000002e084        0x0 obj_cooja/mtype871.a(button-sensor.o)
 .data          0x000000000002e084        0x0 obj_cooja/mtype871.a(leds-arch.o)
 .data          0x000000000002e084        0x0 obj_cooja/mtype871.a(moteid.o)
 .data          0x000000000002e084        0x0 obj_cooja/mtype871.a(pir-sensor.o)
 .data          0x000000000002e084        0x0 obj_cooja/mtype871.a(rs232.o)
 .data          0x000000000002e084        0x0 obj_cooja/mtype871.a(vib-sensor.o)
 .data          0x000000000002e084        0x0 obj_cooja/mtype871.a(clock.o)
 .data          0x000000000002e084        0x0 obj_cooja/mtype871.a(log.o)
 .data          0x000000000002e084        0x0 obj_cooja/mtype871.a(cfs-cooja.o)
 .data          0x000000000002e084       0x40 obj_cooja/mtype871.a(cooja-radio.o)
                0x000000000002e084                simRadioChannelLR
                0x000000000002e088                simRadioHWOnLR
                0x000000000002e08c                simSignalStrengthLR
                0x000000000002e090                simLastSignalStrengthLR
                0x000000000002e094                simPowerLR
                0x000000000002e098                simLQILR
                0x000000000002e09c                simRadioChannel
                0x000000000002e0a0                simRadioHWOn
                0x000000000002e0a4                simSignalStrength
                0x000000000002e0a8                simLastSignalStrength
                0x000000000002e0ac                simPower
                0x000000000002e0b0                simLQI
                0x000000000002e0b4                cooja_radio_process
 .data          0x000000000002e0c4        0x0 obj_cooja/mtype871.a(eeprom.o)
 .data          0x000000000002e0c4        0x0 obj_cooja/mtype871.a(random.o)
 .data          0x000000000002e0c4       0x10 obj_cooja/mtype871.a(sensors.o)
                0x000000000002e0c4                sensors_process
 .data          0x000000000002e0d4       0x28 obj_cooja/mtype871.a(dual_conf.o)
                0x000000000002e0d4                radio_received
                0x000000000002e0d8                dual_dio_broadcast
                0x000000000002e0e8                dual_dis_broadcast
 .data          0x000000000002e0fc        0x0 obj_cooja/mtype871.a(autostart.o)
 .data          0x000000000002e0fc       0x14 obj_cooja/mtype871.a(ctimer.o)
                0x000000000002e100                ctimer_process
 .data          0x000000000002e110       0x10 obj_cooja/mtype871.a(etimer.o)
                0x000000000002e110                etimer_process
 .data          0x000000000002e120        0x0 obj_cooja/mtype871.a(log_message.o)
 .data          0x000000000002e120        0x0 obj_cooja/mtype871.a(process.o)
 .data          0x000000000002e120        0x0 obj_cooja/mtype871.a(residual.o)
 .data          0x000000000002e120        0x0 obj_cooja/mtype871.a(rtimer.o)
 .data          0x000000000002e120        0x0 obj_cooja/mtype871.a(timer.o)
 .data          0x000000000002e120       0x10 obj_cooja/mtype871.a(serial-line.o)
                0x000000000002e120                serial_line_process
 .data          0x000000000002e130        0x0 obj_cooja/mtype871.a(list.o)
 .data          0x000000000002e130        0x0 obj_cooja/mtype871.a(ringbuf.o)
 .data          0x000000000002e130        0x0 obj_cooja/mtype871.a(sicslowpan.o)
 .data          0x000000000002e130       0x14 obj_cooja/mtype871.a(uip-ds6-nbr.o)
                0x000000000002e140                ds6_neighbors
 .data          0x000000000002e144        0x0 obj_cooja/mtype871.a(uip-ds6.o)
 .data          0x000000000002e144        0x0 obj_cooja/mtype871.a(uip6.o)
 .data          0x000000000002e144       0x10 obj_cooja/mtype871.a(tcpip.o)
                0x000000000002e144                tcpip_process
 .data          0x000000000002e154        0x0 obj_cooja/mtype871.a(uip-debug.o)
 .data          0x000000000002e154        0xc obj_cooja/mtype871.a(uip-packetqueue)
 .data          0x000000000002e160       0x28 obj_cooja/mtype871.a(rpl-dag.o)
                0x000000000002e170                rpl_parents
                0x000000000002e184                rpl_children
 .data          0x000000000002e188        0x0 obj_cooja/mtype871.a(rpl-ext-header.)
 .data          0x000000000002e188       0x34 obj_cooja/mtype871.a(rpl-icmp6.o)
 .data          0x000000000002e1bc       0x1c obj_cooja/mtype871.a(rpl-ltmax.o)
                0x000000000002e1bc                rpl_ltmax_of
 .data          0x000000000002e1d8        0x0 obj_cooja/mtype871.a(rpl-timers.o)
 .data          0x000000000002e1d8        0x0 obj_cooja/mtype871.a(rpl.o)
 .data          0x000000000002e1d8        0x0 obj_cooja/mtype871.a(framer-802154.o)
 .data          0x000000000002e1d8        0x0 obj_cooja/mtype871.a(nullmac.o)
 .data          0x000000000002e1d8       0x20 obj_cooja/mtype871.a(cxmac.o)
                0x000000000002e1d8                cxmac_config
 .data          0x000000000002e1f8        0x0 obj_cooja/mtype871.a(linkaddr.o)
 .data          0x000000000002e1f8       0x10 obj_cooja/mtype871.a(nbr-table.o)
 .data          0x000000000002e208        0x0 obj_cooja/mtype871.a(netstack.o)
 .data          0x000000000002e208        0x4 obj_cooja/mtype871.a(packetbuf.o)
 .data          0x000000000002e20c       0x18 obj_cooja/mtype871.a(queuebuf.o)
 .data          0x000000000002e224        0x0 obj_cooja/mtype871.a(nullsec.o)
 .data          0x000000000002e224        0x0 obj_cooja/mtype871.a(watchdog.o)
 .data          0x000000000002e224        0x0 obj_cooja/mtype871.a(rimestats.o)
 .data          0x000000000002e224        0x0 obj_cooja/mtype871.a(leds.o)
 .data          0x000000000002e224        0x0 obj_cooja/mtype871.a(stimer.o)
 .data          0x000000000002e224        0x0 obj_cooja/mtype871.a(memb.o)
 .data          0x000000000002e224       0x44 obj_cooja/mtype871.a(uip-ds6-route.o)
                0x000000000002e234                nbr_routes
 .data          0x000000000002e268       0x20 obj_cooja/mtype871.a(uip-icmp6.o)
 .data          0x000000000002e288        0x0 obj_cooja/mtype871.a(uip-nd6.o)
 .data          0x000000000002e288        0x0 obj_cooja/mtype871.a(rpl-nbr-policy.)
 .data          0x000000000002e288        0x2 obj_cooja/mtype871.a(frame802154.o)
 .data          0x000000000002e28a        0x0 obj_cooja/mtype871.a(mac.o)
 .data          0x000000000002e28a        0x0 /usr/lib/gcc/i686-linux-gnu/4.8/crtendS.o
 .data          0x000000000002e28a        0x0 /usr/lib/gcc/i686-linux-gnu/4.8/../../../i386-linux-gnu/crtn.o

.tm_clone_table
                0x000000000002e28c        0x0
 .tm_clone_table
                0x000000000002e28c        0x0 /usr/lib/gcc/i686-linux-gnu/4.8/crtbeginS.o
 .tm_clone_table
                0x000000000002e28c        0x0 /usr/lib/gcc/i686-linux-gnu/4.8/crtendS.o

.data1
 *(.data1)
                0x000000000002e28c                _edata = .
                0x000000000002e28c                PROVIDE (edata, .)
                0x000000000002e28c                . = .
                0x000000000002e28c                __bss_start = .

.bss            0x000000000002e2a0     0x82c8
 *(.dynbss)
 .dynbss        0x0000000000000000        0x0 /usr/lib/gcc/i686-linux-gnu/4.8/../../../i386-linux-gnu/crti.o
 *(.bss .bss.* .gnu.linkonce.b.*)
 .bss           0x000000000002e2a0        0x0 /usr/lib/gcc/i686-linux-gnu/4.8/../../../i386-linux-gnu/crti.o
 .bss           0x000000000002e2a0        0x1 /usr/lib/gcc/i686-linux-gnu/4.8/crtbeginS.o
 *fill*         0x000000000002e2a1        0x3 
 .bss           0x000000000002e2a4        0x8 udp-server.co
                0x000000000002e2a4                my_weight
 *fill*         0x000000000002e2ac       0x14 
 .bss           0x000000000002e2c0     0x2030 obj_cooja/mtype871.o
 .bss           0x00000000000302f0        0x1 obj_cooja/mtype871.a(simEnvChange.o)
                0x00000000000302f0                simDontFallAsleep
 *fill*         0x00000000000302f1        0x3 
 .bss           0x00000000000302f4        0x4 obj_cooja/mtype871.a(cooja_mt.o)
 .bss           0x00000000000302f8        0x4 obj_cooja/mtype871.a(cooja_mtarch.o)
 .bss           0x00000000000302fc        0xc obj_cooja/mtype871.a(rtimer-arch.o)
 .bss           0x0000000000030308        0x0 obj_cooja/mtype871.a(beep.o)
 .bss           0x0000000000030308        0x8 obj_cooja/mtype871.a(button-sensor.o)
 .bss           0x0000000000030310        0x0 obj_cooja/mtype871.a(leds-arch.o)
 .bss           0x0000000000030310        0x0 obj_cooja/mtype871.a(moteid.o)
 .bss           0x0000000000030310        0x1 obj_cooja/mtype871.a(pir-sensor.o)
                0x0000000000030310                simPirValue
 *fill*         0x0000000000030311        0x3 
 .bss           0x0000000000030314        0x4 obj_cooja/mtype871.a(rs232.o)
 .bss           0x0000000000030318        0x1 obj_cooja/mtype871.a(vib-sensor.o)
                0x0000000000030318                simVibValue
 .bss           0x0000000000030319        0x0 obj_cooja/mtype871.a(clock.o)
 *fill*         0x0000000000030319        0x7 
 .bss           0x0000000000030320      0x420 obj_cooja/mtype871.a(log.o)
 .bss           0x0000000000030740      0xfc0 obj_cooja/mtype871.a(cfs-cooja.o)
                0x0000000000030740                simCFSData
                0x00000000000316e0                simCFSSize
                0x00000000000316e4                simCFSChanged
                0x00000000000316e8                simCFSRead
                0x00000000000316ec                simCFSWritten
 .bss           0x0000000000031700       0x24 obj_cooja/mtype871.a(cooja-radio.o)
                0x0000000000031700                simReceivingLR
                0x0000000000031704                simInSizeLR
                0x0000000000031708                simOutSizeLR
                0x000000000003170c                simReceiving
                0x0000000000031710                simInSize
                0x0000000000031714                simOutSize
                0x0000000000031718                LongRangeTransmit
                0x000000000003171c                LongRangeReceiving
 .bss           0x0000000000031724        0xc obj_cooja/mtype871.a(eeprom.o)
                0x0000000000031724                simEEPROMChanged
                0x0000000000031728                simEEPROMRead
                0x000000000003172c                simEEPROMWritten
 .bss           0x0000000000031730        0x0 obj_cooja/mtype871.a(random.o)
 .bss           0x0000000000031730        0xc obj_cooja/mtype871.a(sensors.o)
 .bss           0x000000000003173c       0x28 obj_cooja/mtype871.a(dual_conf.o)
                0x000000000003173c                long_range_radio
 .bss           0x0000000000031764        0x0 obj_cooja/mtype871.a(autostart.o)
 .bss           0x0000000000031764        0x5 obj_cooja/mtype871.a(ctimer.o)
 *fill*         0x0000000000031769        0x3 
 .bss           0x000000000003176c        0x8 obj_cooja/mtype871.a(etimer.o)
 .bss           0x0000000000031774        0x0 obj_cooja/mtype871.a(log_message.o)
 *fill*         0x0000000000031774        0xc 
 .bss           0x0000000000031780      0x1b1 obj_cooja/mtype871.a(process.o)
                0x0000000000031780                process_list
                0x0000000000031784                process_current
 .bss           0x0000000000031931        0x0 obj_cooja/mtype871.a(residual.o)
 *fill*         0x0000000000031931        0x3 
 .bss           0x0000000000031934        0x4 obj_cooja/mtype871.a(rtimer.o)
 .bss           0x0000000000031938        0x0 obj_cooja/mtype871.a(timer.o)
 *fill*         0x0000000000031938        0x8 
 .bss           0x0000000000031940      0x140 obj_cooja/mtype871.a(serial-line.o)
 .bss           0x0000000000031a80        0x0 obj_cooja/mtype871.a(list.o)
 .bss           0x0000000000031a80        0x0 obj_cooja/mtype871.a(ringbuf.o)
 .bss           0x0000000000031a80      0x70c obj_cooja/mtype871.a(sicslowpan.o)
 *fill*         0x000000000003218c       0x14 
 .bss           0x00000000000321a0       0xc0 obj_cooja/mtype871.a(uip-ds6-nbr.o)
 .bss           0x0000000000032260       0x30 obj_cooja/mtype871.a(uip-ds6.o)
 .bss           0x0000000000032290        0xe obj_cooja/mtype871.a(uip6.o)
                0x0000000000032290                uip_ext_bitmap
                0x0000000000032291                uip_ext_len
                0x0000000000032292                uip_ext_opt_offset
 *fill*         0x000000000003229e        0x2 
 .bss           0x00000000000322a0       0x6b obj_cooja/mtype871.a(tcpip.o)
 .bss           0x000000000003230b        0x0 obj_cooja/mtype871.a(uip-debug.o)
 *fill*         0x000000000003230b       0x15 
 .bss           0x0000000000032320      0xcf8 obj_cooja/mtype871.a(uip-packetqueue)
 *fill*         0x0000000000033018        0x8 
 .bss           0x0000000000033020       0x88 obj_cooja/mtype871.a(rpl-dag.o)
 .bss           0x00000000000330a8        0x0 obj_cooja/mtype871.a(rpl-ext-header.)
 .bss           0x00000000000330a8        0x0 obj_cooja/mtype871.a(rpl-icmp6.o)
 .bss           0x00000000000330a8        0x0 obj_cooja/mtype871.a(rpl-ltmax.o)
 *fill*         0x00000000000330a8       0x18 
 .bss           0x00000000000330c0       0x60 obj_cooja/mtype871.a(rpl-timers.o)
 .bss           0x0000000000033120        0x4 obj_cooja/mtype871.a(rpl.o)
 .bss           0x0000000000033124        0x2 obj_cooja/mtype871.a(framer-802154.o)
 .bss           0x0000000000033126        0x0 obj_cooja/mtype871.a(nullmac.o)
 *fill*         0x0000000000033126       0x1a 
 .bss           0x0000000000033140       0xa0 obj_cooja/mtype871.a(cxmac.o)
 .bss           0x00000000000331e0        0x0 obj_cooja/mtype871.a(linkaddr.o)
 .bss           0x00000000000331e0       0xc4 obj_cooja/mtype871.a(nbr-table.o)
 .bss           0x00000000000332a4        0x0 obj_cooja/mtype871.a(netstack.o)
 *fill*         0x00000000000332a4       0x1c 
 .bss           0x00000000000332c0       0xa0 obj_cooja/mtype871.a(packetbuf.o)
 .bss           0x0000000000033360      0xb80 obj_cooja/mtype871.a(queuebuf.o)
 .bss           0x0000000000033ee0        0x0 obj_cooja/mtype871.a(nullsec.o)
 .bss           0x0000000000033ee0        0x0 obj_cooja/mtype871.a(watchdog.o)
 .bss           0x0000000000033ee0        0x0 obj_cooja/mtype871.a(rimestats.o)
 .bss           0x0000000000033ee0        0x1 obj_cooja/mtype871.a(leds.o)
 .bss           0x0000000000033ee1        0x0 obj_cooja/mtype871.a(stimer.o)
 .bss           0x0000000000033ee1        0x0 obj_cooja/mtype871.a(memb.o)
 *fill*         0x0000000000033ee1       0x1f 
 .bss           0x0000000000033f00      0x4a8 obj_cooja/mtype871.a(uip-ds6-route.o)
 .bss           0x00000000000343a8       0x18 obj_cooja/mtype871.a(uip-icmp6.o)
 .bss           0x00000000000343c0        0x0 obj_cooja/mtype871.a(uip-nd6.o)
 .bss           0x00000000000343c0       0x44 obj_cooja/mtype871.a(rpl-nbr-policy.)
 .bss           0x0000000000034404        0x0 obj_cooja/mtype871.a(frame802154.o)
 .bss           0x0000000000034404        0x0 obj_cooja/mtype871.a(mac.o)
 .bss           0x0000000000034404        0x0 /usr/lib/gcc/i686-linux-gnu/4.8/crtendS.o
 .bss           0x0000000000034404        0x0 /usr/lib/gcc/i686-linux-gnu/4.8/../../../i386-linux-gnu/crtn.o
 *(COMMON)
 COMMON         0x0000000000034404        0x4 udp-server.co
                0x0000000000034404                my_sink_reachability
                0x0000000000034405                long_duty_on
                0x0000000000034406                my_parent_number
                0x0000000000034407                short_duty_on
 COMMON         0x0000000000034408       0x4c obj_cooja/mtype871.o
                0x0000000000034408                dio_count
                0x000000000003440c                dis_count
                0x0000000000034410                collision_count
                0x0000000000034414                transmission_count
                0x0000000000034418                COOJA_radioRxLong
                0x000000000003441c                control_message_count
                0x0000000000034420                dao_count
                0x0000000000034424                COOJA_radioTx
                0x0000000000034428                referenceVar
                0x000000000003442c                data_relay_count
                0x0000000000034430                data_message_count
                0x0000000000034434                COOJA_radioTxLong
                0x0000000000034438                COOJA_radioRx
                0x000000000003443c                debugfp
                0x0000000000034440                COOJA_radioOn
                0x0000000000034444                COOJA_duration
                0x0000000000034448                dio_ack_count
                0x000000000003444c                COOJA_radioOnLong
                0x0000000000034450                sensors_flags
 COMMON         0x0000000000034454        0xc obj_cooja/mtype871.a(simEnvChange.o)
                0x0000000000034454                simEtimerPending
                0x0000000000034458                simProcessRunValue
                0x000000000003445c                simNextExpirationTime
 COMMON         0x0000000000034460        0x1 obj_cooja/mtype871.a(beep.o)
                0x0000000000034460                simBeeped
 COMMON         0x0000000000034461        0x3 obj_cooja/mtype871.a(button-sensor.o)
                0x0000000000034461                simButtonIsActive
                0x0000000000034462                simButtonIsDown
                0x0000000000034463                simButtonChanged
 COMMON         0x0000000000034464        0x1 obj_cooja/mtype871.a(leds-arch.o)
                0x0000000000034464                simLedsValue
 *fill*         0x0000000000034465        0x3 
 COMMON         0x0000000000034468        0xc obj_cooja/mtype871.a(moteid.o)
                0x0000000000034468                simRandomSeed
                0x000000000003446c                simMoteIDChanged
                0x0000000000034470                simMoteID
 COMMON         0x0000000000034474        0x2 obj_cooja/mtype871.a(pir-sensor.o)
                0x0000000000034474                simPirIsActive
                0x0000000000034475                simPirChanged
 *fill*         0x0000000000034476        0xa 
 COMMON         0x0000000000034480      0x820 obj_cooja/mtype871.a(rs232.o)
                0x0000000000034480                simSerialReceivingFlag
                0x0000000000034484                simSerialReceivingLength
                0x00000000000344a0                simSerialReceivingData
 COMMON         0x0000000000034ca0        0x2 obj_cooja/mtype871.a(vib-sensor.o)
                0x0000000000034ca0                simVibChanged
                0x0000000000034ca1                simVibIsActive
 *fill*         0x0000000000034ca2        0x2 
 COMMON         0x0000000000034ca4        0x4 obj_cooja/mtype871.a(clock.o)
                0x0000000000034ca4                simCurrentTime
 *fill*         0x0000000000034ca8       0x18 
 COMMON         0x0000000000034cc0      0x420 obj_cooja/mtype871.a(log.o)
                0x0000000000034cc0                simLoggedLength
                0x0000000000034cc4                simLoggedFlag
                0x0000000000034ce0                simLoggedData
 COMMON         0x00000000000350e0      0x240 obj_cooja/mtype871.a(cooja-radio.o)
                0x00000000000350e0                simOutDataBuffer
                0x0000000000035160                simRadioTarget
                0x0000000000035180                simInDataBufferLR
                0x0000000000035200                simOutDataBufferLR
                0x0000000000035280                dual_duty_cycle_count
                0x00000000000352a0                simInDataBuffer
 COMMON         0x0000000000035320      0x400 obj_cooja/mtype871.a(eeprom.o)
                0x0000000000035320                simEEPROMData
 COMMON         0x0000000000035720        0x1 obj_cooja/mtype871.a(sensors.o)
                0x0000000000035720                sensors_event
 *fill*         0x0000000000035721        0x3 
 COMMON         0x0000000000035724        0x4 obj_cooja/mtype871.a(log_message.o)
                0x0000000000035724                log_fp
 COMMON         0x0000000000035728        0x1 obj_cooja/mtype871.a(serial-line.o)
                0x0000000000035728                serial_line_event_message
 *fill*         0x0000000000035729       0x17 
 COMMON         0x0000000000035740       0x50 obj_cooja/mtype871.a(uip-ds6-nbr.o)
                0x0000000000035740                ds6_lr_addrmap
 *fill*         0x0000000000035790       0x10 
 COMMON         0x00000000000357a0      0x298 obj_cooja/mtype871.a(uip-ds6.o)
                0x00000000000357a0                uip_ds6_prefix_list
                0x0000000000035800                uip_ds6_timer_periodic
                0x0000000000035810                uip_ds6_netif_addr_list_offset
                0x0000000000035820                uip_ds6_if
                0x0000000000035918                uip_ds6_timer_ra
                0x0000000000035920                uip_ds6_addr_size
                0x0000000000035940                long_uip_ds6_if
 *fill*         0x0000000000035a38        0x8 
 COMMON         0x0000000000035a40      0x8ec obj_cooja/mtype871.a(uip6.o)
                0x0000000000035a40                uip_slen
                0x0000000000035a42                uip_acc32
                0x0000000000035a60                uip_conns
                0x0000000000035b20                uip_lladdr
                0x0000000000035b28                uip_appdata
                0x0000000000035b2c                uip_flags
                0x0000000000035b40                uip_aligned_buf
                0x0000000000036180                uip_listenports
                0x0000000000036190                uip_len
                0x0000000000036192                uip_long_lladdr
                0x000000000003619c                uip_sappdata
                0x00000000000361a0                uip_udp_conns
                0x0000000000036320                uip_udp_conn
                0x0000000000036324                uip_next_hdr
                0x0000000000036328                uip_conn
 COMMON         0x000000000003632c        0x1 obj_cooja/mtype871.a(tcpip.o)
                0x000000000003632c                tcpip_event
 *fill*         0x000000000003632d       0x13 
 COMMON         0x0000000000036340      0x198 obj_cooja/mtype871.a(rpl-dag.o)
                0x0000000000036340                default_instance
                0x0000000000036360                instance_table
 COMMON         0x00000000000364d8       0x10 obj_cooja/mtype871.a(linkaddr.o)
                0x00000000000364d8                linkaddr_node_addr
                0x00000000000364e0                long_linkaddr_node_addr
 COMMON         0x00000000000364e8       0x2e obj_cooja/mtype871.a(packetbuf.o)
                0x00000000000364e8                packetbuf_attrs
                0x0000000000036506                packetbuf_addrs
 *fill*         0x0000000000036516        0xa 
 COMMON         0x0000000000036520       0x48 obj_cooja/mtype871.a(rimestats.o)
                0x0000000000036520                rimestats
                0x0000000000036568                . = ALIGN ((. != 0x0)?0x4:0x1)
                0x0000000000036568                . = ALIGN (0x4)
                0x0000000000036568                . = SEGMENT_START ("ldata-segment", .)
                0x0000000000036568                . = ALIGN (0x4)
                0x0000000000036568                _end = .
                0x0000000000036568                PROVIDE (end, .)
                0x0000000000036568                . = DATA_SEGMENT_END (.)

.stab
 *(.stab)

.stabstr
 *(.stabstr)

.stab.excl
 *(.stab.excl)

.stab.exclstr
 *(.stab.exclstr)

.stab.index
 *(.stab.index)

.stab.indexstr
 *(.stab.indexstr)

.comment        0x0000000000000000       0x29
 *(.comment)
 .comment       0x0000000000000000       0x29 /usr/lib/gcc/i686-linux-gnu/4.8/crtbeginS.o
                                         0x2a (size before relaxing)
 .comment       0x0000000000000000       0x2a udp-server.co
 .comment       0x0000000000000000       0x2a obj_cooja/mtype871.o
 .comment       0x0000000000000000       0x2a obj_cooja/mtype871.a(simEnvChange.o)
 .comment       0x0000000000000000       0x2a obj_cooja/mtype871.a(cooja_mt.o)
 .comment       0x0000000000000000       0x2a obj_cooja/mtype871.a(cooja_mtarch.o)
 .comment       0x0000000000000000       0x2a obj_cooja/mtype871.a(rtimer-arch.o)
 .comment       0x0000000000000000       0x2a obj_cooja/mtype871.a(beep.o)
 .comment       0x0000000000000000       0x2a obj_cooja/mtype871.a(button-sensor.o)
 .comment       0x0000000000000000       0x2a obj_cooja/mtype871.a(leds-arch.o)
 .comment       0x0000000000000000       0x2a obj_cooja/mtype871.a(moteid.o)
 .comment       0x0000000000000000       0x2a obj_cooja/mtype871.a(pir-sensor.o)
 .comment       0x0000000000000000       0x2a obj_cooja/mtype871.a(rs232.o)
 .comment       0x0000000000000000       0x2a obj_cooja/mtype871.a(vib-sensor.o)
 .comment       0x0000000000000000       0x2a obj_cooja/mtype871.a(clock.o)
 .comment       0x0000000000000000       0x2a obj_cooja/mtype871.a(log.o)
 .comment       0x0000000000000000       0x2a obj_cooja/mtype871.a(cfs-cooja.o)
 .comment       0x0000000000000000       0x2a obj_cooja/mtype871.a(cooja-radio.o)
 .comment       0x0000000000000000       0x2a obj_cooja/mtype871.a(eeprom.o)
 .comment       0x0000000000000000       0x2a obj_cooja/mtype871.a(random.o)
 .comment       0x0000000000000000       0x2a obj_cooja/mtype871.a(sensors.o)
 .comment       0x0000000000000000       0x2a obj_cooja/mtype871.a(dual_conf.o)
 .comment       0x0000000000000000       0x2a obj_cooja/mtype871.a(autostart.o)
 .comment       0x0000000000000000       0x2a obj_cooja/mtype871.a(ctimer.o)
 .comment       0x0000000000000000       0x2a obj_cooja/mtype871.a(etimer.o)
 .comment       0x0000000000000000       0x2a obj_cooja/mtype871.a(log_message.o)
 .comment       0x0000000000000000       0x2a obj_cooja/mtype871.a(process.o)
 .comment       0x0000000000000000       0x2a obj_cooja/mtype871.a(residual.o)
 .comment       0x0000000000000000       0x2a obj_cooja/mtype871.a(rtimer.o)
 .comment       0x0000000000000000       0x2a obj_cooja/mtype871.a(timer.o)
 .comment       0x0000000000000000       0x2a obj_cooja/mtype871.a(serial-line.o)
 .comment       0x0000000000000000       0x2a obj_cooja/mtype871.a(list.o)
 .comment       0x0000000000000000       0x2a obj_cooja/mtype871.a(ringbuf.o)
 .comment       0x0000000000000000       0x2a obj_cooja/mtype871.a(sicslowpan.o)
 .comment       0x0000000000000000       0x2a obj_cooja/mtype871.a(uip-ds6-nbr.o)
 .comment       0x0000000000000000       0x2a obj_cooja/mtype871.a(uip-ds6.o)
 .comment       0x0000000000000000       0x2a obj_cooja/mtype871.a(uip6.o)
 .comment       0x0000000000000000       0x2a obj_cooja/mtype871.a(tcpip.o)
 .comment       0x0000000000000000       0x2a obj_cooja/mtype871.a(uip-debug.o)
 .comment       0x0000000000000000       0x2a obj_cooja/mtype871.a(uip-packetqueue)
 .comment       0x0000000000000000       0x2a obj_cooja/mtype871.a(rpl-dag.o)
 .comment       0x0000000000000000       0x2a obj_cooja/mtype871.a(rpl-ext-header.)
 .comment       0x0000000000000000       0x2a obj_cooja/mtype871.a(rpl-icmp6.o)
 .comment       0x0000000000000000       0x2a obj_cooja/mtype871.a(rpl-ltmax.o)
 .comment       0x0000000000000000       0x2a obj_cooja/mtype871.a(rpl-timers.o)
 .comment       0x0000000000000000       0x2a obj_cooja/mtype871.a(rpl.o)
 .comment       0x0000000000000000       0x2a obj_cooja/mtype871.a(framer-802154.o)
 .comment       0x0000000000000000       0x2a obj_cooja/mtype871.a(nullmac.o)
 .comment       0x0000000000000000       0x2a obj_cooja/mtype871.a(cxmac.o)
 .comment       0x0000000000000000       0x2a obj_cooja/mtype871.a(linkaddr.o)
 .comment       0x0000000000000000       0x2a obj_cooja/mtype871.a(nbr-table.o)
 .comment       0x0000000000000000       0x2a obj_cooja/mtype871.a(netstack.o)
 .comment       0x0000000000000000       0x2a obj_cooja/mtype871.a(packetbuf.o)
 .comment       0x0000000000000000       0x2a obj_cooja/mtype871.a(queuebuf.o)
 .comment       0x0000000000000000       0x2a obj_cooja/mtype871.a(nullsec.o)
 .comment       0x0000000000000000       0x2a obj_cooja/mtype871.a(watchdog.o)
 .comment       0x0000000000000000       0x2a obj_cooja/mtype871.a(rimestats.o)
 .comment       0x0000000000000000       0x2a obj_cooja/mtype871.a(leds.o)
 .comment       0x0000000000000000       0x2a obj_cooja/mtype871.a(stimer.o)
 .comment       0x0000000000000000       0x2a obj_cooja/mtype871.a(memb.o)
 .comment       0x0000000000000000       0x2a obj_cooja/mtype871.a(uip-ds6-route.o)
 .comment       0x0000000000000000       0x2a obj_cooja/mtype871.a(uip-icmp6.o)
 .comment       0x0000000000000000       0x2a obj_cooja/mtype871.a(uip-nd6.o)
 .comment       0x0000000000000000       0x2a obj_cooja/mtype871.a(rpl-nbr-policy.)
 .comment       0x0000000000000000       0x2a obj_cooja/mtype871.a(frame802154.o)
 .comment       0x0000000000000000       0x2a obj_cooja/mtype871.a(mac.o)
 .comment       0x0000000000000000       0x2a /usr/lib/gcc/i686-linux-gnu/4.8/crtendS.o

.debug
 *(.debug)

.line
 *(.line)

.debug_srcinfo
 *(.debug_srcinfo)

.debug_sfnames
 *(.debug_sfnames)

.debug_aranges  0x0000000000000000      0x818
 *(.debug_aranges)
 .debug_aranges
                0x0000000000000000       0x20 udp-server.co
 .debug_aranges
                0x0000000000000020       0x20 obj_cooja/mtype871.o
 .debug_aranges
                0x0000000000000040       0x20 obj_cooja/mtype871.a(simEnvChange.o)
 .debug_aranges
                0x0000000000000060       0x20 obj_cooja/mtype871.a(cooja_mt.o)
 .debug_aranges
                0x0000000000000080       0x20 obj_cooja/mtype871.a(cooja_mtarch.o)
 .debug_aranges
                0x00000000000000a0       0x20 obj_cooja/mtype871.a(rtimer-arch.o)
 .debug_aranges
                0x00000000000000c0       0x20 obj_cooja/mtype871.a(beep.o)
 .debug_aranges
                0x00000000000000e0       0x20 obj_cooja/mtype871.a(button-sensor.o)
 .debug_aranges
                0x0000000000000100       0x20 obj_cooja/mtype871.a(leds-arch.o)
 .debug_aranges
                0x0000000000000120       0x20 obj_cooja/mtype871.a(moteid.o)
 .debug_aranges
                0x0000000000000140       0x20 obj_cooja/mtype871.a(pir-sensor.o)
 .debug_aranges
                0x0000000000000160       0x20 obj_cooja/mtype871.a(rs232.o)
 .debug_aranges
                0x0000000000000180       0x20 obj_cooja/mtype871.a(vib-sensor.o)
 .debug_aranges
                0x00000000000001a0       0x20 obj_cooja/mtype871.a(clock.o)
 .debug_aranges
                0x00000000000001c0       0x20 obj_cooja/mtype871.a(log.o)
 .debug_aranges
                0x00000000000001e0       0x20 obj_cooja/mtype871.a(cfs-cooja.o)
 .debug_aranges
                0x0000000000000200       0x20 obj_cooja/mtype871.a(cooja-radio.o)
 .debug_aranges
                0x0000000000000220       0x20 obj_cooja/mtype871.a(eeprom.o)
 .debug_aranges
                0x0000000000000240       0x20 obj_cooja/mtype871.a(random.o)
 .debug_aranges
                0x0000000000000260       0x20 obj_cooja/mtype871.a(sensors.o)
 .debug_aranges
                0x0000000000000280       0x20 obj_cooja/mtype871.a(dual_conf.o)
 .debug_aranges
                0x00000000000002a0       0x20 obj_cooja/mtype871.a(autostart.o)
 .debug_aranges
                0x00000000000002c0       0x20 obj_cooja/mtype871.a(ctimer.o)
 .debug_aranges
                0x00000000000002e0       0x20 obj_cooja/mtype871.a(etimer.o)
 .debug_aranges
                0x0000000000000300       0x20 obj_cooja/mtype871.a(log_message.o)
 .debug_aranges
                0x0000000000000320       0x20 obj_cooja/mtype871.a(process.o)
 .debug_aranges
                0x0000000000000340       0x20 obj_cooja/mtype871.a(residual.o)
 .debug_aranges
                0x0000000000000360       0x20 obj_cooja/mtype871.a(rtimer.o)
 .debug_aranges
                0x0000000000000380       0x20 obj_cooja/mtype871.a(timer.o)
 .debug_aranges
                0x00000000000003a0       0x20 obj_cooja/mtype871.a(serial-line.o)
 .debug_aranges
                0x00000000000003c0       0x20 obj_cooja/mtype871.a(list.o)
 .debug_aranges
                0x00000000000003e0       0x20 obj_cooja/mtype871.a(ringbuf.o)
 .debug_aranges
                0x0000000000000400       0x20 obj_cooja/mtype871.a(sicslowpan.o)
 .debug_aranges
                0x0000000000000420       0x20 obj_cooja/mtype871.a(uip-ds6-nbr.o)
 .debug_aranges
                0x0000000000000440       0x20 obj_cooja/mtype871.a(uip-ds6.o)
 .debug_aranges
                0x0000000000000460       0x20 obj_cooja/mtype871.a(uip6.o)
 .debug_aranges
                0x0000000000000480       0x20 obj_cooja/mtype871.a(tcpip.o)
 .debug_aranges
                0x00000000000004a0       0x20 obj_cooja/mtype871.a(uip-debug.o)
 .debug_aranges
                0x00000000000004c0       0x20 obj_cooja/mtype871.a(uip-packetqueue)
 .debug_aranges
                0x00000000000004e0       0x20 obj_cooja/mtype871.a(rpl-dag.o)
 .debug_aranges
                0x0000000000000500       0x20 obj_cooja/mtype871.a(rpl-ext-header.)
 .debug_aranges
                0x0000000000000520       0x20 obj_cooja/mtype871.a(rpl-icmp6.o)
 .debug_aranges
                0x0000000000000540       0x20 obj_cooja/mtype871.a(rpl-ltmax.o)
 .debug_aranges
                0x0000000000000560       0x20 obj_cooja/mtype871.a(rpl-timers.o)
 .debug_aranges
                0x0000000000000580       0x20 obj_cooja/mtype871.a(rpl.o)
 .debug_aranges
                0x00000000000005a0       0x20 obj_cooja/mtype871.a(framer-802154.o)
 .debug_aranges
                0x00000000000005c0       0x20 obj_cooja/mtype871.a(nullmac.o)
 .debug_aranges
                0x00000000000005e0       0x20 obj_cooja/mtype871.a(cxmac.o)
 .debug_aranges
                0x0000000000000600       0x20 obj_cooja/mtype871.a(linkaddr.o)
 .debug_aranges
                0x0000000000000620       0x20 obj_cooja/mtype871.a(nbr-table.o)
 .debug_aranges
                0x0000000000000640       0x20 obj_cooja/mtype871.a(netstack.o)
 .debug_aranges
                0x0000000000000660       0x20 obj_cooja/mtype871.a(packetbuf.o)
 .debug_aranges
                0x0000000000000680       0x20 obj_cooja/mtype871.a(queuebuf.o)
 .debug_aranges
                0x00000000000006a0       0x20 obj_cooja/mtype871.a(nullsec.o)
 .debug_aranges
                0x00000000000006c0       0x20 obj_cooja/mtype871.a(watchdog.o)
 .debug_aranges
                0x00000000000006e0       0x18 obj_cooja/mtype871.a(rimestats.o)
 .debug_aranges
                0x00000000000006f8       0x20 obj_cooja/mtype871.a(leds.o)
 .debug_aranges
                0x0000000000000718       0x20 obj_cooja/mtype871.a(stimer.o)
 .debug_aranges
                0x0000000000000738       0x20 obj_cooja/mtype871.a(memb.o)
 .debug_aranges
                0x0000000000000758       0x20 obj_cooja/mtype871.a(uip-ds6-route.o)
 .debug_aranges
                0x0000000000000778       0x20 obj_cooja/mtype871.a(uip-icmp6.o)
 .debug_aranges
                0x0000000000000798       0x20 obj_cooja/mtype871.a(uip-nd6.o)
 .debug_aranges
                0x00000000000007b8       0x20 obj_cooja/mtype871.a(rpl-nbr-policy.)
 .debug_aranges
                0x00000000000007d8       0x20 obj_cooja/mtype871.a(frame802154.o)
 .debug_aranges
                0x00000000000007f8       0x20 obj_cooja/mtype871.a(mac.o)

.debug_pubnames
 *(.debug_pubnames)

.debug_info     0x0000000000000000    0x1d288
 *(.debug_info .gnu.linkonce.wi.*)
 .debug_info    0x0000000000000000      0xe6d udp-server.co
 .debug_info    0x0000000000000e6d     0x3ac4 obj_cooja/mtype871.o
 .debug_info    0x0000000000004931      0x15a obj_cooja/mtype871.a(simEnvChange.o)
 .debug_info    0x0000000000004a8b      0x1e2 obj_cooja/mtype871.a(cooja_mt.o)
 .debug_info    0x0000000000004c6d      0x2e7 obj_cooja/mtype871.a(cooja_mtarch.o)
 .debug_info    0x0000000000004f54      0x16b obj_cooja/mtype871.a(rtimer-arch.o)
 .debug_info    0x00000000000050bf      0x1f3 obj_cooja/mtype871.a(beep.o)
 .debug_info    0x00000000000052b2      0x257 obj_cooja/mtype871.a(button-sensor.o)
 .debug_info    0x0000000000005509      0x132 obj_cooja/mtype871.a(leds-arch.o)
 .debug_info    0x000000000000563b      0x10a obj_cooja/mtype871.a(moteid.o)
 .debug_info    0x0000000000005745      0x216 obj_cooja/mtype871.a(pir-sensor.o)
 .debug_info    0x000000000000595b      0x21e obj_cooja/mtype871.a(rs232.o)
 .debug_info    0x0000000000005b79      0x216 obj_cooja/mtype871.a(vib-sensor.o)
 .debug_info    0x0000000000005d8f      0x152 obj_cooja/mtype871.a(clock.o)
 .debug_info    0x0000000000005ee1      0x2bb obj_cooja/mtype871.a(log.o)
 .debug_info    0x000000000000619c      0x3cf obj_cooja/mtype871.a(cfs-cooja.o)
 .debug_info    0x000000000000656b      0xd52 obj_cooja/mtype871.a(cooja-radio.o)
 .debug_info    0x00000000000072bd      0x1d5 obj_cooja/mtype871.a(eeprom.o)
 .debug_info    0x0000000000007492       0xb3 obj_cooja/mtype871.a(random.o)