Archive member included to satisfy reference by file (symbol)

obj_cooja/mtype983.a(simEnvChange.o)
                              obj_cooja/mtype983.o (simDontFallAsleep)
obj_cooja/mtype983.a(cooja_mt.o)
                              obj_cooja/mtype983.o (cooja_mt_start)
obj_cooja/mtype983.a(cooja_mtarch.o)
                              obj_cooja/mtype983.a(cooja_mt.o) (cooja_mtarch_init)
obj_cooja/mtype983.a(rtimer-arch.o)
                              obj_cooja/mtype983.o (rtimer_arch_next)
obj_cooja/mtype983.a(beep.o)  obj_cooja/mtype983.o (beep_interface)
obj_cooja/mtype983.a(button-sensor.o)
                              obj_cooja/mtype983.o (button_interface)
obj_cooja/mtype983.a(leds-arch.o)
                              obj_cooja/mtype983.o (leds_interface)
obj_cooja/mtype983.a(moteid.o)
                              obj_cooja/mtype983.o (moteid_interface)
obj_cooja/mtype983.a(pir-sensor.o)
                              obj_cooja/mtype983.o (pir_interface)
obj_cooja/mtype983.a(rs232.o)
                              obj_cooja/mtype983.o (rs232_interface)
obj_cooja/mtype983.a(vib-sensor.o)
                              obj_cooja/mtype983.o (vib_interface)
obj_cooja/mtype983.a(clock.o)
                              obj_cooja/mtype983.o (clock_interface)
obj_cooja/mtype983.a(log.o)   obj_cooja/mtype983.o (simlog_interface)
obj_cooja/mtype983.a(cfs-cooja.o)
                              obj_cooja/mtype983.o (cfs_interface)
obj_cooja/mtype983.a(cooja-radio.o)
                              obj_cooja/mtype983.o (radio_interface)
obj_cooja/mtype983.a(eeprom.o)
                              obj_cooja/mtype983.o (eeprom_interface)
obj_cooja/mtype983.a(random.o)
                              obj_cooja/mtype983.a(moteid.o) (random_init)
obj_cooja/mtype983.a(sensors.o)
                              udp-server.co (sensors_event)
obj_cooja/mtype983.a(dual_conf.o)
                              obj_cooja/mtype983.a(cooja-radio.o) (long_range_radio)
obj_cooja/mtype983.a(autostart.o)
                              obj_cooja/mtype983.o (autostart_start)
obj_cooja/mtype983.a(ctimer.o)
                              obj_cooja/mtype983.o (ctimer_init)
obj_cooja/mtype983.a(etimer.o)
                              obj_cooja/mtype983.o (etimer_process)
obj_cooja/mtype983.a(log_message.o)
                              obj_cooja/mtype983.o (log_initialization)
obj_cooja/mtype983.a(process.o)
                              udp-server.co (process_current)
obj_cooja/mtype983.a(residual.o)
                              obj_cooja/mtype983.o (get_residual_energy)
obj_cooja/mtype983.a(rtimer.o)
                              obj_cooja/mtype983.a(rtimer-arch.o) (rtimer_run_next)
obj_cooja/mtype983.a(timer.o)
                              obj_cooja/mtype983.a(button-sensor.o) (timer_set)
obj_cooja/mtype983.a(serial-line.o)
                              obj_cooja/mtype983.a(rs232.o) (serial_line_input_byte)
obj_cooja/mtype983.a(list.o)  obj_cooja/mtype983.a(ctimer.o) (list_init)
obj_cooja/mtype983.a(ringbuf.o)
                              obj_cooja/mtype983.a(serial-line.o) (ringbuf_init)
obj_cooja/mtype983.a(sicslowpan.o)
                              obj_cooja/mtype983.o (sicslowpan_driver)
obj_cooja/mtype983.a(uip-ds6-nbr.o)
                              obj_cooja/mtype983.a(sicslowpan.o) (uip_ds6_link_neighbor_callback)
obj_cooja/mtype983.a(uip-ds6.o)
                              udp-server.co (uip_ds6_if)
obj_cooja/mtype983.a(uip6.o)  obj_cooja/mtype983.o (uip_lladdr)
obj_cooja/mtype983.a(tcpip.o)
                              udp-server.co (tcpip_event)
obj_cooja/mtype983.a(uip-debug.o)
                              udp-server.co (uip_debug_ipaddr_print)
obj_cooja/mtype983.a(uip-packetqueue)
                              obj_cooja/mtype983.a(uip-ds6-nbr.o) (uip_packetqueue_new)
obj_cooja/mtype983.a(rpl-dag.o)
                              udp-server.co (rpl_set_root)
obj_cooja/mtype983.a(rpl-ext-header.)
                              obj_cooja/mtype983.a(uip6.o) (rpl_verify_header)
obj_cooja/mtype983.a(rpl-icmp6.o)
                              obj_cooja/mtype983.a(rpl-dag.o) (rpl_icmp6_update_nbr_table)
obj_cooja/mtype983.a(rpl-of0.o)
                              obj_cooja/mtype983.a(rpl-dag.o) (rpl_of0)
obj_cooja/mtype983.a(rpl-timers.o)
                              obj_cooja/mtype983.a(rpl-dag.o) (rpl_reset_dio_timer)
obj_cooja/mtype983.a(rpl.o)   obj_cooja/mtype983.a(rpl-icmp6.o) (rpl_get_mode)
obj_cooja/mtype983.a(framer-802154.o)
                              obj_cooja/mtype983.a(sicslowpan.o) (framer_802154)
obj_cooja/mtype983.a(nullmac.o)
                              udp-server.co (nullmac_driver)
obj_cooja/mtype983.a(cxmac.o)
                              obj_cooja/mtype983.o (cxmac_driver)
obj_cooja/mtype983.a(linkaddr.o)
                              obj_cooja/mtype983.o (linkaddr_node_addr)
obj_cooja/mtype983.a(nbr-table.o)
                              obj_cooja/mtype983.a(rpl-dag.o) (long_ip_from_lladdr_map)
[...]
Memory Configuration

Name             Origin             Length             Attributes
*default*        0x0000000000000000 0xffffffffffffffff

Linker script and memory map

LOAD /usr/lib/gcc/i686-linux-gnu/4.8/../../../i386-linux-gnu/crti.o
LOAD /usr/lib/gcc/i686-linux-gnu/4.8/crtbeginS.o
LOAD udp-server.co
LOAD obj_cooja/mtype983.o
LOAD obj_cooja/mtype983.a
LOAD /usr/lib/gcc/i686-linux-gnu/4.8/libgcc.a
LOAD /usr/lib/gcc/i686-linux-gnu/4.8/libgcc_s.so
LOAD /usr/lib/gcc/i686-linux-gnu/4.8/../../../i386-linux-gnu/libc.so
START GROUP
LOAD /lib/i386-linux-gnu/libc.so.6
LOAD /usr/lib/i386-linux-gnu/libc_nonshared.a
LOAD /lib/i386-linux-gnu/ld-linux.so.2
END GROUP
LOAD /usr/lib/gcc/i686-linux-gnu/4.8/libgcc.a
LOAD /usr/lib/gcc/i686-linux-gnu/4.8/libgcc_s.so
LOAD /usr/lib/gcc/i686-linux-gnu/4.8/crtendS.o
LOAD /usr/lib/gcc/i686-linux-gnu/4.8/../../../i386-linux-gnu/crtn.o
                0x0000000000000114                . = (0x0 + SIZEOF_HEADERS)

.note.gnu.build-id
                0x0000000000000114       0x24
 *(.note.gnu.build-id)
 .note.gnu.build-id
                0x0000000000000114       0x24 /usr/lib/gcc/i686-linux-gnu/4.8/../../../i386-linux-gnu/crti.o

.hash
 *(.hash)

.gnu.hash       0x0000000000000138     0x1374
 *(.gnu.hash)
 .gnu.hash      0x0000000000000138     0x1374 /usr/lib/gcc/i686-linux-gnu/4.8/../../../i386-linux-gnu/crti.o

.dynsym         0x00000000000014ac     0x2630
 *(.dynsym)
 .dynsym        0x00000000000014ac     0x2630 /usr/lib/gcc/i686-linux-gnu/4.8/../../../i386-linux-gnu/crti.o

.dynstr         0x0000000000003adc     0x2741
 *(.dynstr)
 .dynstr        0x0000000000003adc     0x2741 /usr/lib/gcc/i686-linux-gnu/4.8/../../../i386-linux-gnu/crti.o

.gnu.version    0x000000000000621e      0x4c6
 *(.gnu.version)
 .gnu.version   0x000000000000621e      0x4c6 /usr/lib/gcc/i686-linux-gnu/4.8/../../../i386-linux-gnu/crti.o

.gnu.version_d  0x00000000000066e4        0x0
 *(.gnu.version_d)
 .gnu.version_d
                0x0000000000000000        0x0 /usr/lib/gcc/i686-linux-gnu/4.8/../../../i386-linux-gnu/crti.o

.gnu.version_r  0x00000000000066e4       0x50
 *(.gnu.version_r)
 .gnu.version_r
                0x00000000000066e4       0x50 /usr/lib/gcc/i686-linux-gnu/4.8/../../../i386-linux-gnu/crti.o

.rel.dyn        0x0000000000006734     0x92a8
 *(.rel.init)
 .rel.init      0x0000000000000000        0x0 /usr/lib/gcc/i686-linux-gnu/4.8/../../../i386-linux-gnu/crti.o
 *(.rel.text .rel.text.* .rel.gnu.linkonce.t.*)
 .rel.text      0x0000000000006734     0x8b10 /usr/lib/gcc/i686-linux-gnu/4.8/../../../i386-linux-gnu/crti.o
 *(.rel.fini)
 .rel.fini      0x0000000000000000        0x0 /usr/lib/gcc/i686-linux-gnu/4.8/../../../i386-linux-gnu/crti.o
 *(.rel.rodata .rel.rodata.* .rel.gnu.linkonce.r.*)
 .rel.rodata    0x000000000000f244      0x4e0 /usr/lib/gcc/i686-linux-gnu/4.8/../../../i386-linux-gnu/crti.o
 *(.rel.data.rel.ro .rel.data.rel.ro.* .rel.gnu.linkonce.d.rel.ro.*)
 *(.rel.data .rel.data.* .rel.gnu.linkonce.d.*)
 .rel.data.rel  0x000000000000f724        0x8 /usr/lib/gcc/i686-linux-gnu/4.8/../../../i386-linux-gnu/crti.o
 .rel.data      0x000000000000f72c      0x278 /usr/lib/gcc/i686-linux-gnu/4.8/../../../i386-linux-gnu/crti.o
 *(.rel.tdata .rel.tdata.* .rel.gnu.linkonce.td.*)
 *(.rel.tbss .rel.tbss.* .rel.gnu.linkonce.tb.*)
 *(.rel.ctors)
 *(.rel.dtors)
 *(.rel.got)
 .rel.got       0x000000000000f9a4       0x28 /usr/lib/gcc/i686-linux-gnu/4.8/../../../i386-linux-gnu/crti.o
 *(.rel.bss .rel.bss.* .rel.gnu.linkonce.b.*)
 *(.rel.ifunc)
 .rel.ifunc     0x0000000000000000        0x0 /usr/lib/gcc/i686-linux-gnu/4.8/../../../i386-linux-gnu/crti.o
 .rel.fini_array
                0x000000000000f9cc        0x8 /usr/lib/gcc/i686-linux-gnu/4.8/../../../i386-linux-gnu/crti.o
 .rel.init_array
                0x000000000000f9d4        0x8 /usr/lib/gcc/i686-linux-gnu/4.8/../../../i386-linux-gnu/crti.o

.rel.plt        0x000000000000f9dc       0x10
 *(.rel.plt)
 .rel.plt       0x000000000000f9dc       0x10 /usr/lib/gcc/i686-linux-gnu/4.8/../../../i386-linux-gnu/crti.o
 *(.rel.iplt)

.init           0x000000000000f9ec       0x23
 *(SORT(.init))
 .init          0x000000000000f9ec       0x1e /usr/lib/gcc/i686-linux-gnu/4.8/../../../i386-linux-gnu/crti.o
                0x000000000000f9ec                _init
 .init          0x000000000000fa0a        0x5 /usr/lib/gcc/i686-linux-gnu/4.8/../../../i386-linux-gnu/crtn.o

.plt            0x000000000000fa10       0x30
 *(.plt)
 .plt           0x000000000000fa10       0x30 /usr/lib/gcc/i686-linux-gnu/4.8/../../../i386-linux-gnu/crti.o
 *(.iplt)

.text           0x000000000000fa40    0x165fd
 *(.text.unlikely .text.*_unlikely .text.unlikely.*)
 *(.text.exit .text.exit.*)
 *(.text.startup .text.startup.*)
 *(.text.hot .text.hot.*)
 *(.text .stub .text.* .gnu.linkonce.t.*)
 .text          0x000000000000fa40        0x0 /usr/lib/gcc/i686-linux-gnu/4.8/../../../i386-linux-gnu/crti.o
 .gnu.linkonce.t.__x86.get_pc_thunk.bx
                0x000000000000fa40        0x4 /usr/lib/gcc/i686-linux-gnu/4.8/../../../i386-linux-gnu/crti.o
                0x000000000000fa40                __x86.get_pc_thunk.bx
 *fill*         0x000000000000fa44        0xc 
 .text          0x000000000000fa50      0x11b /usr/lib/gcc/i686-linux-gnu/4.8/crtbeginS.o
 .text          0x000000000000fb6b      0x3ce udp-server.co
 .text          0x000000000000ff39      0x734 obj_cooja/mtype983.o
                0x000000000001006f                contiki_init
                0x0000000000010484                Java_org_contikios_cooja_corecomm_Lib1_init
                0x00000000000104c4                Java_org_contikios_cooja_corecomm_Lib1_getMemory
                0x0000000000010504                Java_org_contikios_cooja_corecomm_Lib1_setMemory
                0x000000000001057b                Java_org_contikios_cooja_corecomm_Lib1_tick
                0x000000000001065b                Java_org_contikios_cooja_corecomm_Lib1_setReferenceAddress
 .text          0x000000000001066d       0x63 obj_cooja/mtype983.a(simEnvChange.o)
                0x000000000001066d                doActionsBeforeTick
                0x000000000001069e                doActionsAfterTick
 .text          0x00000000000106d0       0xbc obj_cooja/mtype983.a(cooja_mt.o)
                0x00000000000106d0                cooja_mt_init
                0x00000000000106dd                cooja_mt_remove
                0x00000000000106ea                cooja_mt_start
                0x0000000000010717                cooja_mt_exec
                0x0000000000010748                cooja_mt_exit
                0x000000000001076a                cooja_mt_yield
 .text          0x000000000001078c      0x115 obj_cooja/mtype983.a(cooja_mtarch.o)
                0x000000000001078c                cooja_mtarch_init
                0x0000000000010791                cooja_mtarch_start
                0x000000000001080c                cooja_sw
                0x000000000001082e                cooja_mtarch_exec
                0x000000000001084a                cooja_mtarch_remove
                0x000000000001084f                cooja_mtarch_yield
                0x0000000000010859                cooja_mtarch_pstop
                0x000000000001085e                cooja_mtarch_pstart
                0x0000000000010863                cooja_mtarch_stack_usage
 .text          0x00000000000108a1       0xc2 obj_cooja/mtype983.a(rtimer-arch.o)
                0x00000000000108a1                rtimer_arch_init
                0x00000000000108c4                rtimer_arch_schedule
                0x00000000000108db                rtimer_arch_next
                0x00000000000108e5                rtimer_arch_pending
                0x00000000000108ef                rtimer_arch_check
                0x0000000000010921                rtimer_arch_now
 .text          0x0000000000010963       0x76 obj_cooja/mtype983.a(beep.o)
                0x0000000000010963                beep_alarm
                0x000000000001096f                beep_beep
                0x000000000001097b                beep
                0x0000000000010987                beep_down
                0x0000000000010993                beep_on
                0x000000000001099f                beep_off
                0x00000000000109ab                beep_spinup
                0x00000000000109b7                beep_quick
                0x00000000000109c3                beep_long
 .text          0x00000000000109d9      0x103 obj_cooja/mtype983.a(button-sensor.o)
 .text          0x0000000000010adc       0x45 obj_cooja/mtype983.a(leds-arch.o)
                0x0000000000010adc                leds_arch_init
                0x0000000000010ae8                leds_arch_get
                0x0000000000010af4                leds_arch_set
 .text          0x0000000000010b21       0x2f obj_cooja/mtype983.a(moteid.o)
 .text          0x0000000000010b50       0xb1 obj_cooja/mtype983.a(pir-sensor.o)
 .text          0x0000000000010c01      0x131 obj_cooja/mtype983.a(rs232.o)
                0x0000000000010c01                rs232_init
                0x0000000000010c06                rs232_set_speed
                0x0000000000010c14                rs232_set_input
                0x0000000000010c21                rs232_send
                0x0000000000010c43                rs232_print
                0x0000000000010c5e                slip_arch_writeb
 .text          0x0000000000010d32       0xb1 obj_cooja/mtype983.a(vib-sensor.o)
 .text          0x0000000000010de3       0x34 obj_cooja/mtype983.a(clock.o)
                0x0000000000010de3                clock_init
                0x0000000000010de8                clock_time
                0x0000000000010df2                clock_seconds
                0x0000000000010e08                clock_delay
 .text          0x0000000000010e17      0x1ed obj_cooja/mtype983.a(log.o)
                0x0000000000010e17                simlog_char
                0x0000000000010e59                simlog
                0x0000000000010ec6                log_message
                0x0000000000010eee                log_set_putchar_with_slip
                0x0000000000010efb                log_putchar
                0x0000000000010f7f                log_puts
                0x0000000000010fa3                log_printf
 .text          0x0000000000011004      0x2c4 obj_cooja/mtype983.a(cfs-cooja.o)
                0x0000000000011004                cfs_open
                0x000000000001106d                cfs_close
                0x0000000000011079                cfs_read
                0x0000000000011117                cfs_write
                0x00000000000111f4                cfs_seek
                0x000000000001127c                cfs_remove
                0x00000000000112a5                cfs_opendir
                0x00000000000112af                cfs_readdir
                0x00000000000112b9                cfs_closedir
 .text          0x00000000000112c8      0x687 obj_cooja/mtype983.a(cooja-radio.o)
                0x00000000000112f2                radio_set_channel
                0x0000000000011307                radio_set_txpower
                0x0000000000011327                radio_signal_strength_last
                0x0000000000011331                radio_signal_strength_current
                0x000000000001133b                radio_LQI
 .text          0x000000000001194f       0xef obj_cooja/mtype983.a(eeprom.o)
                0x000000000001194f                eeprom_init
                0x0000000000011954                eeprom_read
                0x00000000000119c4                eeprom_write
 .text          0x0000000000011a3e       0x28 obj_cooja/mtype983.a(random.o)
                0x0000000000011a3e                random_init
                0x0000000000011a59                random_rand
 .text          0x0000000000011a66      0x2a1 obj_cooja/mtype983.a(sensors.o)
                0x0000000000011aa1                sensors_first
                0x0000000000011aab                sensors_next
                0x0000000000011ac8                sensors_changed
                0x0000000000011af7                sensors_find
 .text          0x0000000000011d07      0x348 obj_cooja/mtype983.a(dual_conf.o)
                0x0000000000011d07                dual_radio_switch
                0x0000000000011d47                dual_radio_change
                0x0000000000011d81                sending_in_LR
                0x0000000000011dac                dual_radio_received
                0x0000000000011de4                radio_received_is_longrange
                0x0000000000011dff                dual_radio_turn_on
                0x0000000000011e22                dual_radio_turn_off
                0x0000000000012005                dio_broadcast
                0x000000000001202e                dis_broadcast
 .text          0x000000000001204f       0x8e obj_cooja/mtype983.a(autostart.o)
                0x000000000001204f                autostart_start
                0x000000000001209a                autostart_exit
 .text          0x00000000000120dd      0x334 obj_cooja/mtype983.a(ctimer.o)
                0x00000000000121f4                ctimer_init
                0x0000000000012224                ctimer_set
                0x0000000000012255                ctimer_set_with_process
                0x00000000000122d1                ctimer_reset
                0x0000000000012320                ctimer_restart
                0x000000000001236f                ctimer_stop
                0x00000000000123ba                ctimer_expired
 .text          0x0000000000012411      0x40b obj_cooja/mtype983.a(etimer.o)
                0x0000000000012624                etimer_request_poll
                0x00000000000126a8                etimer_set
                0x00000000000126cd                etimer_reset_with_new_interval
                0x00000000000126f4                etimer_reset
                0x0000000000012712                etimer_restart
                0x0000000000012730                etimer_adjust
                0x000000000001274c                etimer_expired
                0x000000000001275f                etimer_expiration_time
                0x0000000000012771                etimer_start_time
                0x000000000001277b                etimer_pending
                0x000000000001278d                etimer_next_expiration_time
                0x00000000000127a7                etimer_stop
 .text          0x000000000001281c       0xdd obj_cooja/mtype983.a(log_message.o)
                0x000000000001281c                log_initialization
                0x00000000000128d8                log_finisher
 .text          0x00000000000128f9      0x560 obj_cooja/mtype983.a(process.o)
                0x00000000000128f9                process_alloc_event
                0x000000000001290e                process_start
                0x0000000000012af7                process_exit
                0x0000000000012b13                process_init
                0x0000000000012ce4                process_run
                0x0000000000012d17                process_nevents
                0x0000000000012d32                process_post
                0x0000000000012dde                process_post_synch
                0x0000000000012e16                process_poll
                0x0000000000012e45                process_is_running
 .text          0x0000000000012e59       0xd3 obj_cooja/mtype983.a(residual.o)
                0x0000000000012e59                get_residual_energy
 .text          0x0000000000012f2c       0xba obj_cooja/mtype983.a(rtimer.o)
                0x0000000000012f2c                rtimer_init
                0x0000000000012f39                rtimer_set
                0x0000000000012f90                rtimer_run_next
 .text          0x0000000000012fe6       0x91 obj_cooja/mtype983.a(timer.o)
                0x0000000000012fe6                timer_set
                0x0000000000013001                timer_reset
                0x0000000000013018                timer_restart
                0x000000000001302a                timer_expired
                0x0000000000013053                timer_remaining
 .text          0x0000000000013077      0x1fb obj_cooja/mtype983.a(serial-line.o)
                0x0000000000013077                serial_line_input_byte
                0x000000000001323a                serial_line_init
 .text          0x0000000000013272      0x244 obj_cooja/mtype983.a(list.o)
                0x0000000000013272                list_init
                0x0000000000013280                list_head
                0x000000000001328a                list_copy
                0x0000000000013299                list_tail
                0x00000000000132cf                list_add
                0x0000000000013318                list_push
                0x0000000000013344                list_chop
                0x00000000000133ae                list_pop
                0x00000000000133d6                list_remove
                0x000000000001343d                list_length
                0x000000000001346b                list_insert
                0x000000000001349f                list_item_next
 .text          0x00000000000134b6      0x155 obj_cooja/mtype983.a(ringbuf.o)
                0x00000000000134b6                ringbuf_init
                0x00000000000134e7                ringbuf_put
                0x0000000000013565                ringbuf_get
                0x00000000000135d2                ringbuf_size
                0x00000000000135e4                ringbuf_elements
 .text          0x000000000001360b     0x258b obj_cooja/mtype983.a(sicslowpan.o)
                0x0000000000013b95                rime_sniffer_add
                0x0000000000013ba2                rime_sniffer_remove
                0x0000000000015b35                sicslowpan_init
                0x0000000000015b8c                sicslowpan_get_last_rssi
 .text          0x0000000000015b96      0x2dc obj_cooja/mtype983.a(uip-ds6-nbr.o)
                0x0000000000015bb3                uip_ds6_neighbors_init
                0x0000000000015bd0                uip_ds6_nbr_add
                0x0000000000015c81                uip_ds6_nbr_rm
                0x0000000000015cde                uip_ds6_nbr_get_ipaddr
                0x0000000000015cf3                uip_ds6_nbr_get_ll
                0x0000000000015d0f                uip_ds6_nbr_num
                0x0000000000015d54                uip_ds6_nbr_lookup
                0x0000000000015db9                uip_ds6_nbr_ll_lookup
                0x0000000000015dd5                uip_ds6_nbr_ipaddr_from_lladdr
                0x0000000000015dfb                uip_ds6_nbr_lladdr_from_ipaddr
                0x0000000000015e29                uip_ds6_link_neighbor_callback
 .text          0x0000000000015e72     0x12ad obj_cooja/mtype983.a(uip-ds6.o)
                0x0000000000015e72                uip_ds6_init
                0x00000000000161c7                uip_ds6_periodic
                0x000000000001629f                uip_ds6_list_loop
                0x0000000000016346                uip_ds6_prefix_add
                0x0000000000016404                uip_ds6_prefix_rm
                0x0000000000016416                uip_ds6_prefix_lookup
                0x0000000000016467                uip_ds6_is_addr_onlink
                0x00000000000164db                uip_ds6_addr_add
                0x0000000000016609                uip_ds6_long_addr_add
                0x0000000000016737                uip_ds6_addr_rm
                0x00000000000167d7                uip_ds6_addr_lookup
                0x0000000000016822                uip_ds6_long_addr_lookup
                0x000000000001686d                uip_ds6_get_link_local
                0x00000000000168ec                uip_ds6_long_get_link_local
                0x000000000001696b                uip_ds6_get_global
                0x00000000000169ea                uip_ds6_long_get_global
                0x0000000000016a69                uip_ds6_maddr_add
                0x0000000000016adb                uip_ds6_long_maddr_add
                0x0000000000016b4d                uip_ds6_maddr_rm
                0x0000000000016b5f                uip_ds6_maddr_lookup
                0x0000000000016baa                uip_ds6_long_maddr_lookup
                0x0000000000016bf5                uip_ds6_aaddr_add
                0x0000000000016c67                uip_ds6_long_aaddr_add
                0x0000000000016cd9                uip_ds6_aaddr_rm
                0x0000000000016ceb                uip_ds6_aaddr_lookup
                0x0000000000016d36                uip_ds6_long_aaddr_lookup
                0x0000000000016d81                uip_ds6_select_src
                0x000000000001700a                uip_ds6_set_addr_iid
                0x0000000000017041                get_match_length
                0x00000000000170d3                uip_ds6_compute_reachable_time
 .text          0x000000000001711f     0x29f3 obj_cooja/mtype983.a(uip6.o)
                0x000000000001711f                uip_add32
                0x00000000000172b8                uip_chksum
                0x00000000000173a6                uip_icmp6chksum
                0x00000000000173ba                uip_tcpchksum
                0x00000000000173ce                uip_udpchksum
                0x00000000000173e2                uip_init
                0x00000000000174b2                uip_connect
                0x0000000000017661                remove_ext_hdr
                0x0000000000017736                uip_udp_new
                0x0000000000017892                uip_unlisten
                0x00000000000178f2                uip_listen
                0x0000000000017bb4                uip_process
                0x0000000000019a06                uip_htons
                0x0000000000019a28                uip_htonl
                0x0000000000019a68                uip_send
 .text          0x0000000000019b12      0xb43 obj_cooja/mtype983.a(tcpip.o)
                0x0000000000019b12                tcpip_output
                0x0000000000019b40                tcpip_set_outputfunc
                0x0000000000019bd4                tcp_connect
                0x0000000000019c29                tcp_unlisten
                0x0000000000019c84                tcp_listen
                0x0000000000019cdd                tcp_attach
                0x0000000000019d02                udp_attach
                0x0000000000019d27                udp_new
                0x0000000000019d79                udp_broadcast_new
                0x0000000000019fed                tcpip_input
                0x000000000001a021                tcpip_ipv6_output
                0x000000000001a49b                tcpip_poll_udp
                0x000000000001a4be                tcpip_poll_tcp
                0x000000000001a4e1                tcpip_uipcall
 .text          0x000000000001a655      0x1c1 obj_cooja/mtype983.a(uip-debug.o)
                0x000000000001a655                uip_debug_ipaddr_print
                0x000000000001a7b7                uip_debug_lladdr_print
 .text          0x000000000001a816      0x141 obj_cooja/mtype983.a(uip-packetqueue)
                0x000000000001a842                uip_packetqueue_new
                0x000000000001a850                uip_packetqueue_alloc
                0x000000000001a8b0                uip_packetqueue_free
                0x000000000001a8f1                uip_packetqueue_buf
                0x000000000001a90e                uip_packetqueue_buflen
                0x000000000001a92f                uip_packetqueue_set_buflen
 .text          0x000000000001a957     0x2759 obj_cooja/mtype983.a(rpl-dag.o)
                0x000000000001a957                rpl_lr_in_neighbor_tree
                0x000000000001aab5                rpl_print_neighbor_list
                0x000000000001ab5e                rpl_print_child_neighbor_list
                0x000000000001abd3                rpl_get_nbr
                0x000000000001ac2d                rpl_get_nbr_child
                0x000000000001ac87                rpl_dag_init
                0x000000000001acb9                rpl_get_parent
                0x000000000001acdb                rpl_get_parent_rank
                0x000000000001ad0e                rpl_get_parent_link_metric
                0x000000000001ad41                rpl_get_parent_ipaddr
                0x000000000001ad6b                rpl_get_child_ipaddr
                0x000000000001b086                rpl_set_root
                0x000000000001b2b4                rpl_repair_root
                0x000000000001b4f0                rpl_set_prefix
                0x000000000001b5ef                rpl_set_default_route
                0x000000000001b67b                rpl_alloc_instance
                0x000000000001b70e                rpl_alloc_dag
                0x000000000001b7c1                rpl_set_default_instance
                0x000000000001b7ce                rpl_get_default_instance
                0x000000000001b7d8                rpl_free_instance
                0x000000000001b889                rpl_free_dag
                0x000000000001b8ef                rpl_add_parent
                0x000000000001b9d8                rpl_find_parent
                0x000000000001ba08                rpl_add_child
                0x000000000001baac                rpl_find_child
                0x000000000001bafa                rpl_find_parent_any_dag
                0x000000000001bb36                rpl_select_dag
                0x000000000001bf59                rpl_select_parent
                0x000000000001bfbb                rpl_remove_parent
                0x000000000001bff1                rpl_remove_child
                0x000000000001c00d                rpl_nullify_parent
                0x000000000001c0ab                rpl_move_parent
                0x000000000001c148                rpl_has_downward_route
                0x000000000001c19b                rpl_get_any_dag
                0x000000000001c1fd                rpl_get_instance
                0x000000000001c260                rpl_find_of
                0x000000000001c29d                rpl_join_instance
                0x000000000001c539                rpl_add_dag
                0x000000000001c928                rpl_local_repair
                0x000000000001ca01                rpl_recalculate_ranks
                0x000000000001ca87                rpl_process_parent_event
                0x000000000001cb39                rpl_process_dio
 .text          0x000000000001d0b0      0xbf3 obj_cooja/mtype983.a(rpl-ext-header.)
                0x000000000001d0cd                rpl_verify_header
                0x000000000001d547                rpl_update_header_empty
                0x000000000001d85e                rpl_update_header_final
                0x000000000001d9ed                rpl_remove_header
                0x000000000001daf7                rpl_invert_header
                0x000000000001dc81                rpl_insert_header
 .text          0x000000000001dca3     0x22e6 obj_cooja/mtype983.a(rpl-icmp6.o)
                0x000000000001df6c                rpl_icmp6_update_nbr_table
                0x000000000001e05c                dis_output
                0x000000000001e999                dio_output
                0x000000000001faf4                dao_output
                0x000000000001fbbc                dao_output_target
                0x000000000001ff3d                dao_ack_output
                0x000000000001ff51                rpl_icmp6_register_handlers
 .text          0x000000000001ff89      0x2ff obj_cooja/mtype983.a(rpl-of0.o)
 .text          0x0000000000020288      0x882 obj_cooja/mtype983.a(rpl-timers.o)
                0x0000000000020288                rpl_convergence_timer
                0x00000000000202b4                rpl_reset_convergence_timer
                0x000000000002059d                rpl_reset_periodic_timer
                0x00000000000205f2                rpl_reset_dio_timer
                0x000000000002082c                rpl_schedule_dao
                0x0000000000020847                rpl_schedule_dao_immediately
                0x0000000000020862                rpl_cancel_dao
                0x00000000000208c4                rpl_schedule_unicast_dio_immediately
                0x0000000000020ab2                rpl_schedule_probing
 .text          0x0000000000020b0a      0x5ca obj_cooja/mtype983.a(rpl.o)
                0x0000000000020b0a                rpl_get_mode
                0x0000000000020b14                rpl_set_mode
                0x0000000000020ba2                rpl_purge_routes
                0x0000000000020c9c                rpl_remove_routes
                0x0000000000020ce2                rpl_remove_routes_by_nexthop
                0x0000000000020d4e                rpl_add_route
                0x0000000000020dc9                rpl_link_neighbor_callback
                0x0000000000020ece                rpl_ipv6_neighbor_callback
                0x0000000000020f3d                rpl_purge_dags
                0x0000000000021049                rpl_init
 .text          0x00000000000210d4      0x3f5 obj_cooja/mtype983.a(framer-802154.o)
 .text          0x00000000000214c9       0x5e obj_cooja/mtype983.a(nullmac.o)
 .text          0x0000000000021527     0x12ab obj_cooja/mtype983.a(cxmac.o)
                0x0000000000022714                cxmac_set_announcement_radio_txpower
                0x0000000000022719                cxmac_init
 .text          0x00000000000227d2       0x82 obj_cooja/mtype983.a(linkaddr.o)
                0x00000000000227d2                linkaddr_copy
                0x00000000000227f4                linkaddr_cmp
                0x000000000002281e                linkaddr_set_node_addr
                0x0000000000022839                linkaddr_set_node_long_addr
 .text          0x0000000000022854      0x915 obj_cooja/mtype983.a(nbr-table.o)
                0x0000000000022854                long_ip_from_lladdr_map
                0x00000000000228dd                lladdr_map_add_lr
                0x000000000002299a                lladdr_map_rm_lr
                0x0000000000022e5f                nbr_table_register
                0x0000000000022ea7                nbr_table_head
                0x0000000000022f03                nbr_table_next
                0x0000000000022f6a                nbr_table_add_lladdr
                0x0000000000023046                nbr_table_get_from_lladdr
                0x0000000000023093                nbr_table_remove
                0x00000000000230e5                nbr_table_lock
                0x000000000002310f                nbr_table_unlock
                0x0000000000023139                nbr_table_get_lladdr
 .text          0x0000000000023169       0x2b obj_cooja/mtype983.a(netstack.o)
                0x0000000000023169                netstack_init
 .text          0x0000000000023194      0x3cd obj_cooja/mtype983.a(packetbuf.o)
                0x0000000000023194                packetbuf_clear
                0x00000000000231be                packetbuf_copyfrom
                0x0000000000023210                packetbuf_compact
                0x000000000002328d                packetbuf_copyto
                0x0000000000023324                packetbuf_hdralloc
                0x00000000000233a1                packetbuf_hdrreduce
                0x00000000000233e9                packetbuf_set_datalen
                0x0000000000023402                packetbuf_dataptr
                0x000000000002341f                packetbuf_hdrptr
                0x0000000000023429                packetbuf_datalen
                0x0000000000023435                packetbuf_hdrlen
                0x000000000002344c                packetbuf_totlen
                0x0000000000023462                packetbuf_attr_clear
                0x00000000000234b4                packetbuf_attr_copyto
                0x00000000000234fd                packetbuf_attr_copyfrom
                0x0000000000023545                packetbuf_holds_broadcast
 .text          0x0000000000023561      0x2b4 obj_cooja/mtype983.a(queuebuf.o)
                0x000000000002356b                queuebuf_init
                0x000000000002358b                queuebuf_numfree
                0x000000000002359f                queuebuf_new_from_packetbuf
                0x000000000002362f                queuebuf_update_attr_from_packetbuf
                0x0000000000023662                queuebuf_update_from_packetbuf
                0x00000000000236ac                queuebuf_free
                0x00000000000236f3                queuebuf_to_packetbuf
                0x0000000000023759                queuebuf_dataptr
                0x0000000000023790                queuebuf_datalen
                0x00000000000237b3                queuebuf_addr
                0x00000000000237e5                queuebuf_attr
                0x0000000000023810                queuebuf_debug_print
 .text          0x0000000000023815       0x6e obj_cooja/mtype983.a(nullsec.o)
 .text          0x0000000000023883       0x19 obj_cooja/mtype983.a(watchdog.o)
                0x0000000000023883                watchdog_init
                0x0000000000023888                watchdog_start
                0x000000000002388d                watchdog_periodic
                0x0000000000023892                watchdog_stop
                0x0000000000023897                watchdog_reboot
 .text          0x000000000002389c        0x0 obj_cooja/mtype983.a(rimestats.o)
 .text          0x000000000002389c      0x134 obj_cooja/mtype983.a(leds.o)
                0x00000000000238ed                leds_init
                0x0000000000023901                leds_blink
                0x0000000000023939                leds_get
                0x0000000000023946                leds_set
                0x0000000000023960                leds_on
                0x0000000000023983                leds_off
                0x00000000000239ad                leds_toggle
 .text          0x00000000000239d0       0xa3 obj_cooja/mtype983.a(stimer.o)
                0x00000000000239d0                stimer_set
                0x00000000000239eb                stimer_reset
                0x0000000000023a02                stimer_restart
                0x0000000000023a14                stimer_expired
                0x0000000000023a3b                stimer_remaining
                0x0000000000023a5f                stimer_elapsed
 .text          0x0000000000023a73      0x1c1 obj_cooja/mtype983.a(memb.o)
                0x0000000000023a73                memb_init
                0x0000000000023ad1                memb_alloc
                0x0000000000023b36                memb_free
                0x0000000000023bb1                memb_inmemb
                0x0000000000023bf0                memb_numfree
 .text          0x0000000000023c34      0x916 obj_cooja/mtype983.a(uip-ds6-route.o)
                0x0000000000023cab                uip_ds6_notification_add
                0x0000000000023cdc                uip_ds6_notification_rm
                0x0000000000023cf8                uip_ds6_route_init
                0x0000000000023d80                uip_ds6_route_nexthop
                0x0000000000023da8                uip_ds6_route_head
                0x0000000000023dbd                uip_ds6_route_next
                0x0000000000023de3                uip_ds6_route_is_nexthop
                0x0000000000023e22                uip_ds6_route_num_routes
                0x0000000000023e2c                uip_ds6_route_lookup
                0x0000000000023eee                uip_ds6_route_add
                0x0000000000024122                uip_ds6_route_rm
                0x00000000000242b6                uip_ds6_route_rm_by_nexthop
                0x00000000000242ee                uip_ds6_defrt_add
                0x000000000002439f                uip_ds6_defrt_rm
                0x000000000002441e                uip_ds6_defrt_lookup
                0x0000000000024477                uip_ds6_defrt_choose
                0x00000000000244e2                uip_ds6_defrt_periodic
 .text          0x000000000002454a      0xab2 obj_cooja/mtype983.a(uip-icmp6.o)
                0x00000000000245b8                uip_icmp6_input
                0x000000000002460e                uip_icmp6_register_input_handler
                0x00000000000248d6                uip_icmp6_error_output
                0x0000000000024c1b                uip_icmp6_send
                0x0000000000024f8f                uip_icmp6_echo_reply_callback_add
                0x0000000000024fc0                uip_icmp6_echo_reply_callback_rm
                0x0000000000024fdc                uip_icmp6_init
 .text          0x0000000000024ffc      0x358 obj_cooja/mtype983.a(uip-nd6.o)
                0x0000000000025050                uip_nd6_ns_output
                0x000000000002534f                uip_nd6_init
 .text          0x0000000000025354      0x331 obj_cooja/mtype983.a(rpl-nbr-policy.)
                0x000000000002552c                find_removable_dis
                0x000000000002554f                find_removable_dio
                0x00000000000255de                find_removable_dao
                0x000000000002562e                rpl_nbr_policy_find_removable
 .text          0x0000000000025685      0x97c obj_cooja/mtype983.a(frame802154.o)
                0x00000000000256b6                frame802154_get_pan_id
                0x00000000000256c2                frame802154_set_pan_id
                0x00000000000256db                frame802154_has_panid
                0x00000000000257c7                frame802154_check_dest_panid
                0x000000000002582f                frame802154_is_broadcast_addr
                0x000000000002587c                frame802154_extract_linkaddr
                0x0000000000025abc                frame802154_hdrlen
                0x0000000000025b0d                frame802154_create
                0x0000000000025cf8                frame802154_parse
 .text          0x0000000000026001       0x3c obj_cooja/mtype983.a(mac.o)
                0x0000000000026001                mac_call_sent_callback
 .text          0x000000000002603d        0x0 /usr/lib/gcc/i686-linux-gnu/4.8/crtendS.o
 .text          0x000000000002603d        0x0 /usr/lib/gcc/i686-linux-gnu/4.8/../../../i386-linux-gnu/crtn.o
 *(.gnu.warning)

.fini           0x0000000000026040       0x14
 *(SORT(.fini))
 .fini          0x0000000000026040        0xf /usr/lib/gcc/i686-linux-gnu/4.8/../../../i386-linux-gnu/crti.o
                0x0000000000026040                _fini
 .fini          0x000000000002604f        0x5 /usr/lib/gcc/i686-linux-gnu/4.8/../../../i386-linux-gnu/crtn.o
                0x0000000000026054                PROVIDE (__etext, .)
                0x0000000000026054                PROVIDE (_etext, .)
                0x0000000000026054                PROVIDE (etext, .)

.rodata         0x0000000000026060      0xb00
 *(.rodata .rodata.* .gnu.linkonce.r.*)
 .rodata        0x0000000000026060      0x148 udp-server.co
                0x0000000000026074                autostart_processes
 .rodata        0x00000000000261a8      0x157 obj_cooja/mtype983.o
 *fill*         0x00000000000262ff        0x1 
 .rodata        0x0000000000026300        0x8 obj_cooja/mtype983.a(beep.o)
                0x0000000000026300                beep_interface
 .rodata        0x0000000000026308       0x20 obj_cooja/mtype983.a(button-sensor.o)
                0x0000000000026308                button_interface
                0x0000000000026318                button_sensor
 .rodata        0x0000000000026328        0x8 obj_cooja/mtype983.a(leds-arch.o)
                0x0000000000026328                leds_interface
 .rodata        0x0000000000026330        0x8 obj_cooja/mtype983.a(moteid.o)
                0x0000000000026330                moteid_interface
 .rodata        0x0000000000026338       0x1c obj_cooja/mtype983.a(pir-sensor.o)
                0x0000000000026338                pir_interface
                0x0000000000026344                pir_sensor
 .rodata        0x0000000000026354        0xe obj_cooja/mtype983.a(rs232.o)
                0x0000000000026354                rs232_interface
 *fill*         0x0000000000026362        0x2 
 .rodata        0x0000000000026364       0x24 obj_cooja/mtype983.a(vib-sensor.o)
                0x0000000000026364                vib_interface
                0x0000000000026378                vib_sensor
 .rodata        0x0000000000026388        0x8 obj_cooja/mtype983.a(clock.o)
                0x0000000000026388                clock_interface
 .rodata        0x0000000000026390        0x8 obj_cooja/mtype983.a(log.o)
                0x0000000000026390                simlog_interface
 .rodata        0x0000000000026398       0x2f obj_cooja/mtype983.a(cfs-cooja.o)
                0x0000000000026398                cfs_interface
 *fill*         0x00000000000263c7       0x19 
 .rodata        0x00000000000263e0       0x60 obj_cooja/mtype983.a(cooja-radio.o)
                0x0000000000026400                cooja_radio_driver
                0x0000000000026438                radio_interface
 .rodata        0x0000000000026440        0x8 obj_cooja/mtype983.a(eeprom.o)
                0x0000000000026440                eeprom_interface
 .rodata        0x0000000000026448        0x8 obj_cooja/mtype983.a(sensors.o)
 .rodata        0x0000000000026450       0x1c obj_cooja/mtype983.a(dual_conf.o)
 .rodata        0x000000000002646c        0xf obj_cooja/mtype983.a(ctimer.o)
 .rodata        0x000000000002647b        0xc obj_cooja/mtype983.a(etimer.o)
 *fill*         0x0000000000026487        0x1 
 .rodata        0x0000000000026488       0x73 obj_cooja/mtype983.a(log_message.o)
 *fill*         0x00000000000264fb        0x1 
 .rodata        0x00000000000264fc       0x20 obj_cooja/mtype983.a(residual.o)
 .rodata        0x000000000002651c        0xe obj_cooja/mtype983.a(serial-line.o)
 *fill*         0x000000000002652a        0x2 
 .rodata        0x000000000002652c       0x2c obj_cooja/mtype983.a(sicslowpan.o)
                0x000000000002652c                unc_llconf
                0x0000000000026530                unc_ctxconf
                0x0000000000026534                unc_mxconf
                0x0000000000026538                llprefix
                0x000000000002654c                sicslowpan_driver
 .rodata        0x0000000000026558      0x13c obj_cooja/mtype983.a(uip6.o)
 .rodata        0x0000000000026694       0x49 obj_cooja/mtype983.a(tcpip.o)
 .rodata        0x00000000000266dd       0x3e obj_cooja/mtype983.a(uip-debug.o)
 *fill*         0x000000000002671b        0x1 
 .rodata        0x000000000002671c        0x4 obj_cooja/mtype983.a(rpl-dag.o)
 .rodata        0x0000000000026720       0xae obj_cooja/mtype983.a(rpl-of0.o)
 .rodata        0x00000000000267ce       0x75 obj_cooja/mtype983.a(rpl-timers.o)
 *fill*         0x0000000000026843        0x1 
 .rodata        0x0000000000026844        0xc obj_cooja/mtype983.a(framer-802154.o)
                0x0000000000026844                framer_802154
 .rodata        0x0000000000026850       0x24 obj_cooja/mtype983.a(nullmac.o)
                0x0000000000026858                nullmac_driver
 *fill*         0x0000000000026874        0xc 
 .rodata        0x0000000000026880      0x2c0 obj_cooja/mtype983.a(cxmac.o)
                0x0000000000026b20                cxmac_driver
 .rodata        0x0000000000026b40        0x8 obj_cooja/mtype983.a(linkaddr.o)
                0x0000000000026b40                linkaddr_null
 .rodata        0x0000000000026b48       0x18 obj_cooja/mtype983.a(nullsec.o)
                0x0000000000026b50                nullsec_driver

.rodata1
 *(.rodata1)

.eh_frame_hdr   0x0000000000026b60     0x13ac
 *(.eh_frame_hdr)
 .eh_frame_hdr  0x0000000000026b60     0x13ac udp-server.co

.eh_frame       0x0000000000027f0c     0x5004
 *(.eh_frame)
 .eh_frame      0x0000000000027f0c       0x3c /usr/lib/gcc/i686-linux-gnu/4.8/../../../i386-linux-gnu/crti.o
                                         0x40 (size before relaxing)
 .eh_frame      0x0000000000027f48       0x68 udp-server.co
                                         0x80 (size before relaxing)
 .eh_frame      0x0000000000027fb0      0x148 obj_cooja/mtype983.o
                                        0x160 (size before relaxing)
 .eh_frame      0x00000000000280f8       0x40 obj_cooja/mtype983.a(simEnvChange.o)
                                         0x58 (size before relaxing)
 .eh_frame      0x0000000000028138       0xc0 obj_cooja/mtype983.a(cooja_mt.o)
                                         0xd8 (size before relaxing)
 .eh_frame      0x00000000000281f8      0x120 obj_cooja/mtype983.a(cooja_mtarch.o)
                                        0x138 (size before relaxing)
 .eh_frame      0x0000000000028318       0xc0 obj_cooja/mtype983.a(rtimer-arch.o)
                                         0xd8 (size before relaxing)
 .eh_frame      0x00000000000283d8      0x160 obj_cooja/mtype983.a(beep.o)
                                        0x178 (size before relaxing)
 .eh_frame      0x0000000000028538       0xa0 obj_cooja/mtype983.a(button-sensor.o)
                                         0xb8 (size before relaxing)
 .eh_frame      0x00000000000285d8       0xa0 obj_cooja/mtype983.a(leds-arch.o)
                                         0xb8 (size before relaxing)
 .eh_frame      0x0000000000028678       0x40 obj_cooja/mtype983.a(moteid.o)
                                         0x58 (size before relaxing)
 .eh_frame      0x00000000000286b8       0xa0 obj_cooja/mtype983.a(pir-sensor.o)
                                         0xb8 (size before relaxing)
 .eh_frame      0x0000000000028758      0x100 obj_cooja/mtype983.a(rs232.o)
                                        0x118 (size before relaxing)
 .eh_frame      0x0000000000028858       0xa0 obj_cooja/mtype983.a(vib-sensor.o)
                                         0xb8 (size before relaxing)
 .eh_frame      0x00000000000288f8       0xc0 obj_cooja/mtype983.a(clock.o)
                                         0xd8 (size before relaxing)
 .eh_frame      0x00000000000289b8      0x120 obj_cooja/mtype983.a(log.o)
                                        0x138 (size before relaxing)
 .eh_frame      0x0000000000028ad8      0x160 obj_cooja/mtype983.a(cfs-cooja.o)
                                        0x178 (size before relaxing)
 .eh_frame      0x0000000000028c38      0x2e0 obj_cooja/mtype983.a(cooja-radio.o)
                                        0x2f8 (size before relaxing)
 .eh_frame      0x0000000000028f18       0xa0 obj_cooja/mtype983.a(eeprom.o)
                                         0xb8 (size before relaxing)
 .eh_frame      0x0000000000028fb8       0x40 obj_cooja/mtype983.a(random.o)
                                         0x58 (size before relaxing)
 .eh_frame      0x0000000000028ff8       0xc0 obj_cooja/mtype983.a(sensors.o)
                                         0xd8 (size before relaxing)
 .eh_frame      0x00000000000290b8      0x160 obj_cooja/mtype983.a(dual_conf.o)
                                        0x178 (size before relaxing)
 .eh_frame      0x0000000000029218       0x40 obj_cooja/mtype983.a(autostart.o)
                                         0x58 (size before relaxing)
 .eh_frame      0x0000000000029258      0x100 obj_cooja/mtype983.a(ctimer.o)
                                        0x118 (size before relaxing)
 .eh_frame      0x0000000000029358      0x1e0 obj_cooja/mtype983.a(etimer.o)
                                        0x1f8 (size before relaxing)
 .eh_frame      0x0000000000029538       0x40 obj_cooja/mtype983.a(log_message.o)
                                         0x58 (size before relaxing)
 .eh_frame      0x0000000000029578      0x1c8 obj_cooja/mtype983.a(process.o)
                                        0x1e0 (size before relaxing)
 .eh_frame      0x0000000000029740       0x2c obj_cooja/mtype983.a(residual.o)
                                         0x44 (size before relaxing)
 .eh_frame      0x000000000002976c       0x60 obj_cooja/mtype983.a(rtimer.o)
                                         0x78 (size before relaxing)
 .eh_frame      0x00000000000297cc       0xa4 obj_cooja/mtype983.a(timer.o)
                                         0xbc (size before relaxing)
 .eh_frame      0x0000000000029870       0x60 obj_cooja/mtype983.a(serial-line.o)
                                         0x78 (size before relaxing)
 .eh_frame      0x00000000000298d0      0x180 obj_cooja/mtype983.a(list.o)
                                        0x198 (size before relaxing)
 .eh_frame      0x0000000000029a50       0xa0 obj_cooja/mtype983.a(ringbuf.o)
                                         0xb8 (size before relaxing)
 .eh_frame      0x0000000000029af0      0x350 obj_cooja/mtype983.a(sicslowpan.o)
                                        0x368 (size before relaxing)
 .eh_frame      0x0000000000029e40      0x180 obj_cooja/mtype983.a(uip-ds6-nbr.o)
                                        0x198 (size before relaxing)
 .eh_frame      0x0000000000029fc0      0x3c8 obj_cooja/mtype983.a(uip-ds6.o)
                                        0x3e0 (size before relaxing)
 .eh_frame      0x000000000002a388      0x27c obj_cooja/mtype983.a(uip6.o)
                                        0x294 (size before relaxing)
 .eh_frame      0x000000000002a604      0x270 obj_cooja/mtype983.a(tcpip.o)
                                        0x288 (size before relaxing)
 .eh_frame      0x000000000002a874       0x48 obj_cooja/mtype983.a(uip-debug.o)
                                         0x60 (size before relaxing)
 .eh_frame      0x000000000002a8bc       0xe0 obj_cooja/mtype983.a(uip-packetqueue)
                                         0xf8 (size before relaxing)
 .eh_frame      0x000000000002a99c      0x76c obj_cooja/mtype983.a(rpl-dag.o)
                                        0x784 (size before relaxing)
 .eh_frame      0x000000000002b108      0x10c obj_cooja/mtype983.a(rpl-ext-header.)
                                        0x124 (size before relaxing)
 .eh_frame      0x000000000002b214      0x2b8 obj_cooja/mtype983.a(rpl-icmp6.o)
                                        0x2d0 (size before relaxing)
 .eh_frame      0x000000000002b4cc       0xb0 obj_cooja/mtype983.a(rpl-of0.o)
                                         0xc8 (size before relaxing)
 .eh_frame      0x000000000002b57c      0x26c obj_cooja/mtype983.a(rpl-timers.o)
                                        0x284 (size before relaxing)
 .eh_frame      0x000000000002b7e8      0x148 obj_cooja/mtype983.a(rpl.o)
                                        0x160 (size before relaxing)
 .eh_frame      0x000000000002b930      0x108 obj_cooja/mtype983.a(framer-802154.o)
                                        0x120 (size before relaxing)
 .eh_frame      0x000000000002ba38       0xc0 obj_cooja/mtype983.a(nullmac.o)
                                         0xd8 (size before relaxing)
 .eh_frame      0x000000000002baf8      0x2c0 obj_cooja/mtype983.a(cxmac.o)
                                        0x2d8 (size before relaxing)
 .eh_frame      0x000000000002bdb8       0x80 obj_cooja/mtype983.a(linkaddr.o)
                                         0x98 (size before relaxing)
 .eh_frame      0x000000000002be38      0x2cc obj_cooja/mtype983.a(nbr-table.o)
                                        0x2e4 (size before relaxing)
 .eh_frame      0x000000000002c104       0x20 obj_cooja/mtype983.a(netstack.o)
                                         0x38 (size before relaxing)
 .eh_frame      0x000000000002c124      0x214 obj_cooja/mtype983.a(packetbuf.o)
                                        0x22c (size before relaxing)
 .eh_frame      0x000000000002c338      0x1a0 obj_cooja/mtype983.a(queuebuf.o)
                                        0x1b8 (size before relaxing)
 .eh_frame      0x000000000002c4d8       0x80 obj_cooja/mtype983.a(nullsec.o)
                                         0x98 (size before relaxing)
 .eh_frame      0x000000000002c558       0xa0 obj_cooja/mtype983.a(watchdog.o)
                                         0xb8 (size before relaxing)
 .eh_frame      0x000000000002c5f8      0x100 obj_cooja/mtype983.a(leds.o)
                                        0x118 (size before relaxing)
 .eh_frame      0x000000000002c6f8       0xc4 obj_cooja/mtype983.a(stimer.o)
                                         0xdc (size before relaxing)
 .eh_frame      0x000000000002c7bc       0xa0 obj_cooja/mtype983.a(memb.o)
                                         0xb8 (size before relaxing)
 .eh_frame      0x000000000002c85c      0x2a0 obj_cooja/mtype983.a(uip-ds6-route.o)
                                        0x2b8 (size before relaxing)
 .eh_frame      0x000000000002cafc      0x164 obj_cooja/mtype983.a(uip-icmp6.o)
                                        0x17c (size before relaxing)
 .eh_frame      0x000000000002cc60       0x68 obj_cooja/mtype983.a(uip-nd6.o)
                                         0x80 (size before relaxing)
 .eh_frame      0x000000000002ccc8       0xc0 obj_cooja/mtype983.a(rpl-nbr-policy.)
                                         0xd8 (size before relaxing)
 .eh_frame      0x000000000002cd88      0x164 obj_cooja/mtype983.a(frame802154.o)
                                        0x17c (size before relaxing)
 .eh_frame      0x000000000002ceec       0x20 obj_cooja/mtype983.a(mac.o)
                                         0x38 (size before relaxing)
 .eh_frame      0x000000000002cf0c        0x4 /usr/lib/gcc/i686-linux-gnu/4.8/crtendS.o

.gcc_except_table
 *(.gcc_except_table .gcc_except_table.*)

.exception_ranges
 *(.exception_ranges .exception_ranges*)
                0x000000000002cf10                . = (ALIGN (0x1000) - ((0x1000 - .) & 0xfff))
                0x000000000002def8                . = DATA_SEGMENT_ALIGN (0x1000, 0x1000)

.eh_frame
 *(.eh_frame)

.gcc_except_table
 *(.gcc_except_table .gcc_except_table.*)

.exception_ranges
 *(.exception_ranges .exception_ranges*)

.tdata
 *(.tdata .tdata.* .gnu.linkonce.td.*)

.tbss
 *(.tbss .tbss.* .gnu.linkonce.tb.*)
 *(.tcommon)

.preinit_array
 *(.preinit_array)

.init_array     0x000000000002def8        0x4
 *(SORT(.init_array.*) SORT(.ctors.*))
 *(.init_array EXCLUDE_FILE(*crtend?.o *crtend.o *crtbegin?.o *crtbegin.o) .ctors)
 .init_array    0x000000000002def8        0x4 /usr/lib/gcc/i686-linux-gnu/4.8/crtbeginS.o

.fini_array     0x000000000002defc        0x4
 *(SORT(.fini_array.*) SORT(.dtors.*))
 *(.fini_array EXCLUDE_FILE(*crtend?.o *crtend.o *crtbegin?.o *crtbegin.o) .dtors)
 .fini_array    0x000000000002defc        0x4 /usr/lib/gcc/i686-linux-gnu/4.8/crtbeginS.o

.ctors
 *crtbegin.o(.ctors)
 *crtbegin?.o(.ctors)
 *(EXCLUDE_FILE(*crtend?.o *crtend.o) .ctors)
 *(SORT(.ctors.*))
 *(.ctors)

.dtors
 *crtbegin.o(.dtors)
 *crtbegin?.o(.dtors)
 *(EXCLUDE_FILE(*crtend?.o *crtend.o) .dtors)
 *(SORT(.dtors.*))
 *(.dtors)

.jcr            0x000000000002df00        0x4
 *(.jcr)
 .jcr           0x000000000002df00        0x0 /usr/lib/gcc/i686-linux-gnu/4.8/crtbeginS.o
 .jcr           0x000000000002df00        0x4 /usr/lib/gcc/i686-linux-gnu/4.8/crtendS.o

.data.rel.ro
 *(.data.rel.ro.local* .gnu.linkonce.d.rel.ro.local.*)
 *(.data.rel.ro .data.rel.ro.* .gnu.linkonce.d.rel.ro.*)

.dynamic        0x000000000002df04       0xe8
 *(.dynamic)
 .dynamic       0x000000000002df04       0xe8 /usr/lib/gcc/i686-linux-gnu/4.8/../../../i386-linux-gnu/crti.o
                0x000000000002df04                _DYNAMIC

.got            0x000000000002dfec       0x14
 *(.got)
 .got           0x000000000002dfec       0x14 /usr/lib/gcc/i686-linux-gnu/4.8/../../../i386-linux-gnu/crti.o
 *(.igot)
                0x000000000002eff4                . = DATA_SEGMENT_RELRO_END (., (SIZEOF (.got.plt) >= 0xc)?0xc:0x0)

.got.plt        0x000000000002e000       0x14
 *(.got.plt)
 .got.plt       0x000000000002e000       0x14 /usr/lib/gcc/i686-linux-gnu/4.8/../../../i386-linux-gnu/crti.o
                0x000000000002e000                _GLOBAL_OFFSET_TABLE_
 *(.igot.plt)

.data           0x000000000002e020      0x27a
 *(.data .data.* .gnu.linkonce.d.*)
 .data          0x000000000002e020        0x0 /usr/lib/gcc/i686-linux-gnu/4.8/../../../i386-linux-gnu/crti.o
 .data          0x000000000002e020        0x0 /usr/lib/gcc/i686-linux-gnu/4.8/crtbeginS.o
 .data.rel      0x000000000002e020        0x4 /usr/lib/gcc/i686-linux-gnu/4.8/crtbeginS.o
                0x000000000002e020                __dso_handle
 .data          0x000000000002e024       0x10 udp-server.co
                0x000000000002e024                udp_server_process
 *fill*         0x000000000002e034        0xc 
 .data          0x000000000002e040       0x44 obj_cooja/mtype983.o
                0x000000000002e040                simInterfaces
                0x000000000002e074                sensors
 .data          0x000000000002e084        0x0 obj_cooja/mtype983.a(simEnvChange.o)
 .data          0x000000000002e084        0x0 obj_cooja/mtype983.a(cooja_mt.o)
 .data          0x000000000002e084        0x0 obj_cooja/mtype983.a(cooja_mtarch.o)
 .data          0x000000000002e084        0x0 obj_cooja/mtype983.a(rtimer-arch.o)
 .data          0x000000000002e084        0x0 obj_cooja/mtype983.a(beep.o)
 .data          0x000000000002e084        0x0 obj_cooja/mtype983.a(button-sensor.o)
 .data          0x000000000002e084        0x0 obj_cooja/mtype983.a(leds-arch.o)
 .data          0x000000000002e084        0x0 obj_cooja/mtype983.a(moteid.o)
 .data          0x000000000002e084        0x0 obj_cooja/mtype983.a(pir-sensor.o)
 .data          0x000000000002e084        0x0 obj_cooja/mtype983.a(rs232.o)
 .data          0x000000000002e084        0x0 obj_cooja/mtype983.a(vib-sensor.o)
 .data          0x000000000002e084        0x0 obj_cooja/mtype983.a(clock.o)
 .data          0x000000000002e084        0x0 obj_cooja/mtype983.a(log.o)
 .data          0x000000000002e084        0x0 obj_cooja/mtype983.a(cfs-cooja.o)
 .data          0x000000000002e084       0x40 obj_cooja/mtype983.a(cooja-radio.o)
                0x000000000002e084                simRadioChannelLR
                0x000000000002e088                simRadioHWOnLR
                0x000000000002e08c                simSignalStrengthLR
                0x000000000002e090                simLastSignalStrengthLR
                0x000000000002e094                simPowerLR
                0x000000000002e098                simLQILR
                0x000000000002e09c                simRadioChannel
                0x000000000002e0a0                simRadioHWOn
                0x000000000002e0a4                simSignalStrength
                0x000000000002e0a8                simLastSignalStrength
                0x000000000002e0ac                simPower
                0x000000000002e0b0                simLQI
                0x000000000002e0b4                cooja_radio_process
 .data          0x000000000002e0c4        0x0 obj_cooja/mtype983.a(eeprom.o)
 .data          0x000000000002e0c4        0x0 obj_cooja/mtype983.a(random.o)
 .data          0x000000000002e0c4       0x10 obj_cooja/mtype983.a(sensors.o)
                0x000000000002e0c4                sensors_process
 .data          0x000000000002e0d4       0x28 obj_cooja/mtype983.a(dual_conf.o)
                0x000000000002e0d4                radio_received
                0x000000000002e0d8                dual_dio_broadcast
                0x000000000002e0e8                dual_dis_broadcast
 .data          0x000000000002e0fc        0x0 obj_cooja/mtype983.a(autostart.o)
 .data          0x000000000002e0fc       0x14 obj_cooja/mtype983.a(ctimer.o)
                0x000000000002e100                ctimer_process
 .data          0x000000000002e110       0x10 obj_cooja/mtype983.a(etimer.o)
                0x000000000002e110                etimer_process
 .data          0x000000000002e120        0x0 obj_cooja/mtype983.a(log_message.o)
 .data          0x000000000002e120        0x0 obj_cooja/mtype983.a(process.o)
 .data          0x000000000002e120        0x0 obj_cooja/mtype983.a(residual.o)
 .data          0x000000000002e120        0x0 obj_cooja/mtype983.a(rtimer.o)
 .data          0x000000000002e120        0x0 obj_cooja/mtype983.a(timer.o)
 .data          0x000000000002e120       0x10 obj_cooja/mtype983.a(serial-line.o)
                0x000000000002e120                serial_line_process
 .data          0x000000000002e130        0x0 obj_cooja/mtype983.a(list.o)
 .data          0x000000000002e130        0x0 obj_cooja/mtype983.a(ringbuf.o)
 .data          0x000000000002e130        0x0 obj_cooja/mtype983.a(sicslowpan.o)
 .data          0x000000000002e130       0x14 obj_cooja/mtype983.a(uip-ds6-nbr.o)
                0x000000000002e140                ds6_neighbors
 .data          0x000000000002e144        0x0 obj_cooja/mtype983.a(uip-ds6.o)
 .data          0x000000000002e144        0x0 obj_cooja/mtype983.a(uip6.o)
 .data          0x000000000002e144       0x10 obj_cooja/mtype983.a(tcpip.o)
                0x000000000002e144                tcpip_process
 .data          0x000000000002e154        0x0 obj_cooja/mtype983.a(uip-debug.o)
 .data          0x000000000002e154        0xc obj_cooja/mtype983.a(uip-packetqueue)
 .data          0x000000000002e160       0x28 obj_cooja/mtype983.a(rpl-dag.o)
                0x000000000002e170                rpl_parents
                0x000000000002e184                rpl_children
 .data          0x000000000002e188        0x0 obj_cooja/mtype983.a(rpl-ext-header.)
 .data          0x000000000002e188       0x34 obj_cooja/mtype983.a(rpl-icmp6.o)
 .data          0x000000000002e1bc       0x1c obj_cooja/mtype983.a(rpl-of0.o)
                0x000000000002e1bc                rpl_of0
 .data          0x000000000002e1d8        0x0 obj_cooja/mtype983.a(rpl-timers.o)
 .data          0x000000000002e1d8        0x0 obj_cooja/mtype983.a(rpl.o)
 .data          0x000000000002e1d8        0x0 obj_cooja/mtype983.a(framer-802154.o)
 .data          0x000000000002e1d8        0x0 obj_cooja/mtype983.a(nullmac.o)
 .data          0x000000000002e1d8       0x30 obj_cooja/mtype983.a(cxmac.o)
                0x000000000002e1d8                cxmac_config
                0x000000000002e1e8                strobe_wait
 .data          0x000000000002e208        0x0 obj_cooja/mtype983.a(linkaddr.o)
 .data          0x000000000002e208       0x10 obj_cooja/mtype983.a(nbr-table.o)
 .data          0x000000000002e218        0x0 obj_cooja/mtype983.a(netstack.o)
 .data          0x000000000002e218        0x4 obj_cooja/mtype983.a(packetbuf.o)
 .data          0x000000000002e21c       0x18 obj_cooja/mtype983.a(queuebuf.o)
 .data          0x000000000002e234        0x0 obj_cooja/mtype983.a(nullsec.o)
 .data          0x000000000002e234        0x0 obj_cooja/mtype983.a(watchdog.o)
 .data          0x000000000002e234        0x0 obj_cooja/mtype983.a(rimestats.o)
 .data          0x000000000002e234        0x0 obj_cooja/mtype983.a(leds.o)
 .data          0x000000000002e234        0x0 obj_cooja/mtype983.a(stimer.o)
 .data          0x000000000002e234        0x0 obj_cooja/mtype983.a(memb.o)
 .data          0x000000000002e234       0x44 obj_cooja/mtype983.a(uip-ds6-route.o)
                0x000000000002e244                nbr_routes
 .data          0x000000000002e278       0x20 obj_cooja/mtype983.a(uip-icmp6.o)
 .data          0x000000000002e298        0x0 obj_cooja/mtype983.a(uip-nd6.o)
 .data          0x000000000002e298        0x0 obj_cooja/mtype983.a(rpl-nbr-policy.)
 .data          0x000000000002e298        0x2 obj_cooja/mtype983.a(frame802154.o)
 .data          0x000000000002e29a        0x0 obj_cooja/mtype983.a(mac.o)
 .data          0x000000000002e29a        0x0 /usr/lib/gcc/i686-linux-gnu/4.8/crtendS.o
 .data          0x000000000002e29a        0x0 /usr/lib/gcc/i686-linux-gnu/4.8/../../../i386-linux-gnu/crtn.o

.tm_clone_table
                0x000000000002e29c        0x0
 .tm_clone_table
                0x000000000002e29c        0x0 /usr/lib/gcc/i686-linux-gnu/4.8/crtbeginS.o
 .tm_clone_table
                0x000000000002e29c        0x0 /usr/lib/gcc/i686-linux-gnu/4.8/crtendS.o

.data1
 *(.data1)
                0x000000000002e29c                _edata = .
                0x000000000002e29c                PROVIDE (edata, .)
                0x000000000002e29c                . = .
                0x000000000002e29c                __bss_start = .

.bss            0x000000000002e2a0     0x82e8
 *(.dynbss)
 .dynbss        0x0000000000000000        0x0 /usr/lib/gcc/i686-linux-gnu/4.8/../../../i386-linux-gnu/crti.o
 *(.bss .bss.* .gnu.linkonce.b.*)
 .bss           0x000000000002e2a0        0x0 /usr/lib/gcc/i686-linux-gnu/4.8/../../../i386-linux-gnu/crti.o
 .bss           0x000000000002e2a0        0x1 /usr/lib/gcc/i686-linux-gnu/4.8/crtbeginS.o
 *fill*         0x000000000002e2a1        0x3 
 .bss           0x000000000002e2a4        0x8 udp-server.co
                0x000000000002e2a4                my_weight
 *fill*         0x000000000002e2ac       0x14 
 .bss           0x000000000002e2c0     0x2030 obj_cooja/mtype983.o
 .bss           0x00000000000302f0        0x1 obj_cooja/mtype983.a(simEnvChange.o)
                0x00000000000302f0                simDontFallAsleep
 *fill*         0x00000000000302f1        0x3 
 .bss           0x00000000000302f4        0x4 obj_cooja/mtype983.a(cooja_mt.o)
 .bss           0x00000000000302f8        0x4 obj_cooja/mtype983.a(cooja_mtarch.o)
 .bss           0x00000000000302fc        0xc obj_cooja/mtype983.a(rtimer-arch.o)
 .bss           0x0000000000030308        0x0 obj_cooja/mtype983.a(beep.o)
 .bss           0x0000000000030308        0x8 obj_cooja/mtype983.a(button-sensor.o)
 .bss           0x0000000000030310        0x0 obj_cooja/mtype983.a(leds-arch.o)
 .bss           0x0000000000030310        0x0 obj_cooja/mtype983.a(moteid.o)
 .bss           0x0000000000030310        0x1 obj_cooja/mtype983.a(pir-sensor.o)
                0x0000000000030310                simPirValue
 *fill*         0x0000000000030311        0x3 
 .bss           0x0000000000030314        0x4 obj_cooja/mtype983.a(rs232.o)
 .bss           0x0000000000030318        0x1 obj_cooja/mtype983.a(vib-sensor.o)
                0x0000000000030318                simVibValue
 .bss           0x0000000000030319        0x0 obj_cooja/mtype983.a(clock.o)
 *fill*         0x0000000000030319        0x7 
 .bss           0x0000000000030320      0x420 obj_cooja/mtype983.a(log.o)
 .bss           0x0000000000030740      0xfc0 obj_cooja/mtype983.a(cfs-cooja.o)
                0x0000000000030740                simCFSData
                0x00000000000316e0                simCFSSize
                0x00000000000316e4                simCFSChanged
                0x00000000000316e8                simCFSRead
                0x00000000000316ec                simCFSWritten
 .bss           0x0000000000031700       0x24 obj_cooja/mtype983.a(cooja-radio.o)
                0x0000000000031700                simReceivingLR
                0x0000000000031704                simInSizeLR
                0x0000000000031708                simOutSizeLR
                0x000000000003170c                simReceiving
                0x0000000000031710                simInSize
                0x0000000000031714                simOutSize
                0x0000000000031718                LongRangeTransmit
                0x000000000003171c                LongRangeReceiving
 .bss           0x0000000000031724        0xc obj_cooja/mtype983.a(eeprom.o)
                0x0000000000031724                simEEPROMChanged
                0x0000000000031728                simEEPROMRead
                0x000000000003172c                simEEPROMWritten
 .bss           0x0000000000031730        0x0 obj_cooja/mtype983.a(random.o)
 .bss           0x0000000000031730        0xc obj_cooja/mtype983.a(sensors.o)
 .bss           0x000000000003173c       0x28 obj_cooja/mtype983.a(dual_conf.o)
                0x000000000003173c                long_range_radio
 .bss           0x0000000000031764        0x0 obj_cooja/mtype983.a(autostart.o)
 .bss           0x0000000000031764        0x5 obj_cooja/mtype983.a(ctimer.o)
 *fill*         0x0000000000031769        0x3 
 .bss           0x000000000003176c        0x8 obj_cooja/mtype983.a(etimer.o)
 .bss           0x0000000000031774        0x0 obj_cooja/mtype983.a(log_message.o)
 *fill*         0x0000000000031774        0xc 
 .bss           0x0000000000031780      0x1b1 obj_cooja/mtype983.a(process.o)
                0x0000000000031780                process_list
                0x0000000000031784                process_current
 .bss           0x0000000000031931        0x0 obj_cooja/mtype983.a(residual.o)
 *fill*         0x0000000000031931        0x3 
 .bss           0x0000000000031934        0x4 obj_cooja/mtype983.a(rtimer.o)
 .bss           0x0000000000031938        0x0 obj_cooja/mtype983.a(timer.o)
 *fill*         0x0000000000031938        0x8 
 .bss           0x0000000000031940      0x140 obj_cooja/mtype983.a(serial-line.o)
 .bss           0x0000000000031a80        0x0 obj_cooja/mtype983.a(list.o)
 .bss           0x0000000000031a80        0x0 obj_cooja/mtype983.a(ringbuf.o)
 .bss           0x0000000000031a80      0x70c obj_cooja/mtype983.a(sicslowpan.o)
 *fill*         0x000000000003218c       0x14 
 .bss           0x00000000000321a0       0xc0 obj_cooja/mtype983.a(uip-ds6-nbr.o)
 .bss           0x0000000000032260       0x30 obj_cooja/mtype983.a(uip-ds6.o)
 .bss           0x0000000000032290        0xe obj_cooja/mtype983.a(uip6.o)
                0x0000000000032290                uip_ext_bitmap
                0x0000000000032291                uip_ext_len
                0x0000000000032292                uip_ext_opt_offset
 *fill*         0x000000000003229e        0x2 
 .bss           0x00000000000322a0       0x6b obj_cooja/mtype983.a(tcpip.o)
 .bss           0x000000000003230b        0x0 obj_cooja/mtype983.a(uip-debug.o)
 *fill*         0x000000000003230b       0x15 
 .bss           0x0000000000032320      0xcf8 obj_cooja/mtype983.a(uip-packetqueue)
 *fill*         0x0000000000033018        0x8 
 .bss           0x0000000000033020       0x88 obj_cooja/mtype983.a(rpl-dag.o)
 .bss           0x00000000000330a8        0x0 obj_cooja/mtype983.a(rpl-ext-header.)
 .bss           0x00000000000330a8        0x0 obj_cooja/mtype983.a(rpl-icmp6.o)
 .bss           0x00000000000330a8        0x0 obj_cooja/mtype983.a(rpl-of0.o)
 *fill*         0x00000000000330a8       0x18 
 .bss           0x00000000000330c0       0x60 obj_cooja/mtype983.a(rpl-timers.o)
 .bss           0x0000000000033120        0x4 obj_cooja/mtype983.a(rpl.o)
 .bss           0x0000000000033124        0x2 obj_cooja/mtype983.a(framer-802154.o)
 .bss           0x0000000000033126        0x0 obj_cooja/mtype983.a(nullmac.o)
 *fill*         0x0000000000033126       0x1a 
 .bss           0x0000000000033140       0xb0 obj_cooja/mtype983.a(cxmac.o)
 .bss           0x00000000000331f0        0x0 obj_cooja/mtype983.a(linkaddr.o)
 *fill*         0x00000000000331f0       0x10 
 .bss           0x0000000000033200       0xc4 obj_cooja/mtype983.a(nbr-table.o)
 .bss           0x00000000000332c4        0x0 obj_cooja/mtype983.a(netstack.o)
 *fill*         0x00000000000332c4       0x1c 
 .bss           0x00000000000332e0       0xa0 obj_cooja/mtype983.a(packetbuf.o)
 .bss           0x0000000000033380      0xb80 obj_cooja/mtype983.a(queuebuf.o)
 .bss           0x0000000000033f00        0x0 obj_cooja/mtype983.a(nullsec.o)
 .bss           0x0000000000033f00        0x0 obj_cooja/mtype983.a(watchdog.o)
 .bss           0x0000000000033f00        0x0 obj_cooja/mtype983.a(rimestats.o)
 .bss           0x0000000000033f00        0x1 obj_cooja/mtype983.a(leds.o)
 .bss           0x0000000000033f01        0x0 obj_cooja/mtype983.a(stimer.o)
 .bss           0x0000000000033f01        0x0 obj_cooja/mtype983.a(memb.o)
 *fill*         0x0000000000033f01       0x1f 
 .bss           0x0000000000033f20      0x4a8 obj_cooja/mtype983.a(uip-ds6-route.o)
 .bss           0x00000000000343c8       0x18 obj_cooja/mtype983.a(uip-icmp6.o)
 .bss           0x00000000000343e0        0x0 obj_cooja/mtype983.a(uip-nd6.o)
 .bss           0x00000000000343e0       0x44 obj_cooja/mtype983.a(rpl-nbr-policy.)
 .bss           0x0000000000034424        0x0 obj_cooja/mtype983.a(frame802154.o)
 .bss           0x0000000000034424        0x0 obj_cooja/mtype983.a(mac.o)
 .bss           0x0000000000034424        0x0 /usr/lib/gcc/i686-linux-gnu/4.8/crtendS.o
 .bss           0x0000000000034424        0x0 /usr/lib/gcc/i686-linux-gnu/4.8/../../../i386-linux-gnu/crtn.o
 *(COMMON)
 COMMON         0x0000000000034424        0x4 udp-server.co
                0x0000000000034424                my_sink_reachability
                0x0000000000034425                long_duty_on
                0x0000000000034426                my_parent_number
                0x0000000000034427                short_duty_on
 COMMON         0x0000000000034428       0x4c obj_cooja/mtype983.o
                0x0000000000034428                dio_count
                0x000000000003442c                dis_count
                0x0000000000034430                collision_count
                0x0000000000034434                transmission_count
                0x0000000000034438                COOJA_radioRxLong
                0x000000000003443c                control_message_count
                0x0000000000034440                dao_count
                0x0000000000034444                COOJA_radioTx
                0x0000000000034448                referenceVar
                0x000000000003444c                data_relay_count
                0x0000000000034450                data_message_count
                0x0000000000034454                COOJA_radioTxLong
                0x0000000000034458                COOJA_radioRx
                0x000000000003445c                debugfp
                0x0000000000034460                COOJA_radioOn
                0x0000000000034464                COOJA_duration
                0x0000000000034468                dio_ack_count
                0x000000000003446c                COOJA_radioOnLong
                0x0000000000034470                sensors_flags
 COMMON         0x0000000000034474        0xc obj_cooja/mtype983.a(simEnvChange.o)
                0x0000000000034474                simEtimerPending
                0x0000000000034478                simProcessRunValue
                0x000000000003447c                simNextExpirationTime
 COMMON         0x0000000000034480        0x1 obj_cooja/mtype983.a(beep.o)
                0x0000000000034480                simBeeped
 COMMON         0x0000000000034481        0x3 obj_cooja/mtype983.a(button-sensor.o)
                0x0000000000034481                simButtonIsActive
                0x0000000000034482                simButtonIsDown
                0x0000000000034483                simButtonChanged
 COMMON         0x0000000000034484        0x1 obj_cooja/mtype983.a(leds-arch.o)
                0x0000000000034484                simLedsValue
 *fill*         0x0000000000034485        0x3 
 COMMON         0x0000000000034488        0xc obj_cooja/mtype983.a(moteid.o)
                0x0000000000034488                simRandomSeed
                0x000000000003448c                simMoteIDChanged
                0x0000000000034490                simMoteID
 COMMON         0x0000000000034494        0x2 obj_cooja/mtype983.a(pir-sensor.o)
                0x0000000000034494                simPirIsActive
                0x0000000000034495                simPirChanged
 *fill*         0x0000000000034496        0xa 
 COMMON         0x00000000000344a0      0x820 obj_cooja/mtype983.a(rs232.o)
                0x00000000000344a0                simSerialReceivingFlag
                0x00000000000344a4                simSerialReceivingLength
                0x00000000000344c0                simSerialReceivingData
 COMMON         0x0000000000034cc0        0x2 obj_cooja/mtype983.a(vib-sensor.o)
                0x0000000000034cc0                simVibChanged
                0x0000000000034cc1                simVibIsActive
 *fill*         0x0000000000034cc2        0x2 
 COMMON         0x0000000000034cc4        0x4 obj_cooja/mtype983.a(clock.o)
                0x0000000000034cc4                simCurrentTime
 *fill*         0x0000000000034cc8       0x18 
 COMMON         0x0000000000034ce0      0x420 obj_cooja/mtype983.a(log.o)
                0x0000000000034ce0                simLoggedLength
                0x0000000000034ce4                simLoggedFlag
                0x0000000000034d00                simLoggedData
 COMMON         0x0000000000035100      0x240 obj_cooja/mtype983.a(cooja-radio.o)
                0x0000000000035100                simOutDataBuffer
                0x0000000000035180                simRadioTarget
                0x00000000000351a0                simInDataBufferLR
                0x0000000000035220                simOutDataBufferLR
                0x00000000000352a0                dual_duty_cycle_count
                0x00000000000352c0                simInDataBuffer
 COMMON         0x0000000000035340      0x400 obj_cooja/mtype983.a(eeprom.o)
                0x0000000000035340                simEEPROMData
 COMMON         0x0000000000035740        0x1 obj_cooja/mtype983.a(sensors.o)
                0x0000000000035740                sensors_event
 *fill*         0x0000000000035741        0x3 
 COMMON         0x0000000000035744        0x4 obj_cooja/mtype983.a(log_message.o)
                0x0000000000035744                log_fp
 COMMON         0x0000000000035748        0x1 obj_cooja/mtype983.a(serial-line.o)
                0x0000000000035748                serial_line_event_message
 *fill*         0x0000000000035749       0x17 
 COMMON         0x0000000000035760       0x50 obj_cooja/mtype983.a(uip-ds6-nbr.o)
                0x0000000000035760                ds6_lr_addrmap
 *fill*         0x00000000000357b0       0x10 
 COMMON         0x00000000000357c0      0x298 obj_cooja/mtype983.a(uip-ds6.o)
                0x00000000000357c0                uip_ds6_prefix_list
                0x0000000000035820                uip_ds6_timer_periodic
                0x0000000000035830                uip_ds6_netif_addr_list_offset
                0x0000000000035840                uip_ds6_if
                0x0000000000035938                uip_ds6_timer_ra
                0x0000000000035940                uip_ds6_addr_size
                0x0000000000035960                long_uip_ds6_if
 *fill*         0x0000000000035a58        0x8 
 COMMON         0x0000000000035a60      0x8ec obj_cooja/mtype983.a(uip6.o)
                0x0000000000035a60                uip_slen
                0x0000000000035a62                uip_acc32
                0x0000000000035a80                uip_conns
                0x0000000000035b40                uip_lladdr
                0x0000000000035b48                uip_appdata
                0x0000000000035b4c                uip_flags
                0x0000000000035b60                uip_aligned_buf
                0x00000000000361a0                uip_listenports
                0x00000000000361b0                uip_len
                0x00000000000361b2                uip_long_lladdr
                0x00000000000361bc                uip_sappdata
                0x00000000000361c0                uip_udp_conns
                0x0000000000036340                uip_udp_conn
                0x0000000000036344                uip_next_hdr
                0x0000000000036348                uip_conn
 COMMON         0x000000000003634c        0x1 obj_cooja/mtype983.a(tcpip.o)
                0x000000000003634c                tcpip_event
 *fill*         0x000000000003634d       0x13 
 COMMON         0x0000000000036360      0x198 obj_cooja/mtype983.a(rpl-dag.o)
                0x0000000000036360                default_instance
                0x0000000000036380                instance_table
 COMMON         0x00000000000364f8       0x10 obj_cooja/mtype983.a(linkaddr.o)
                0x00000000000364f8                linkaddr_node_addr
                0x0000000000036500                long_linkaddr_node_addr
 COMMON         0x0000000000036508       0x2e obj_cooja/mtype983.a(packetbuf.o)
                0x0000000000036508                packetbuf_attrs
                0x0000000000036526                packetbuf_addrs
 *fill*         0x0000000000036536        0xa 
 COMMON         0x0000000000036540       0x48 obj_cooja/mtype983.a(rimestats.o)
                0x0000000000036540                rimestats
                0x0000000000036588                . = ALIGN ((. != 0x0)?0x4:0x1)
                0x0000000000036588                . = ALIGN (0x4)
                0x0000000000036588                . = SEGMENT_START ("ldata-segment", .)
                0x0000000000036588                . = ALIGN (0x4)
                0x0000000000036588                _end = .
                0x0000000000036588                PROVIDE (end, .)
                0x0000000000036588                . = DATA_SEGMENT_END (.)

.stab
 *(.stab)

.stabstr
 *(.stabstr)

.stab.excl
 *(.stab.excl)

.stab.exclstr
 *(.stab.exclstr)

.stab.index
 *(.stab.index)

.stab.indexstr
 *(.stab.indexstr)

.comment        0x0000000000000000       0x29
 *(.comment)
 .comment       0x0000000000000000       0x29 /usr/lib/gcc/i686-linux-gnu/4.8/crtbeginS.o
                                         0x2a (size before relaxing)
 .comment       0x0000000000000000       0x2a udp-server.co
 .comment       0x0000000000000000       0x2a obj_cooja/mtype983.o
 .comment       0x0000000000000000       0x2a obj_cooja/mtype983.a(simEnvChange.o)
 .comment       0x0000000000000000       0x2a obj_cooja/mtype983.a(cooja_mt.o)
 .comment       0x0000000000000000       0x2a obj_cooja/mtype983.a(cooja_mtarch.o)
 .comment       0x0000000000000000       0x2a obj_cooja/mtype983.a(rtimer-arch.o)
 .comment       0x0000000000000000       0x2a obj_cooja/mtype983.a(beep.o)
 .comment       0x0000000000000000       0x2a obj_cooja/mtype983.a(button-sensor.o)
 .comment       0x0000000000000000       0x2a obj_cooja/mtype983.a(leds-arch.o)
 .comment       0x0000000000000000       0x2a obj_cooja/mtype983.a(moteid.o)
 .comment       0x0000000000000000       0x2a obj_cooja/mtype983.a(pir-sensor.o)
 .comment       0x0000000000000000       0x2a obj_cooja/mtype983.a(rs232.o)
 .comment       0x0000000000000000       0x2a obj_cooja/mtype983.a(vib-sensor.o)
 .comment       0x0000000000000000       0x2a obj_cooja/mtype983.a(clock.o)
 .comment       0x0000000000000000       0x2a obj_cooja/mtype983.a(log.o)
 .comment       0x0000000000000000       0x2a obj_cooja/mtype983.a(cfs-cooja.o)
 .comment       0x0000000000000000       0x2a obj_cooja/mtype983.a(cooja-radio.o)
 .comment       0x0000000000000000       0x2a obj_cooja/mtype983.a(eeprom.o)
 .comment       0x0000000000000000       0x2a obj_cooja/mtype983.a(random.o)
 .comment       0x0000000000000000       0x2a obj_cooja/mtype983.a(sensors.o)
 .comment       0x0000000000000000       0x2a obj_cooja/mtype983.a(dual_conf.o)
 .comment       0x0000000000000000       0x2a obj_cooja/mtype983.a(autostart.o)
 .comment       0x0000000000000000       0x2a obj_cooja/mtype983.a(ctimer.o)
 .comment       0x0000000000000000       0x2a obj_cooja/mtype983.a(etimer.o)
 .comment       0x0000000000000000       0x2a obj_cooja/mtype983.a(log_message.o)
 .comment       0x0000000000000000       0x2a obj_cooja/mtype983.a(process.o)
 .comment       0x0000000000000000       0x2a obj_cooja/mtype983.a(residual.o)
 .comment       0x0000000000000000       0x2a obj_cooja/mtype983.a(rtimer.o)
 .comment       0x0000000000000000       0x2a obj_cooja/mtype983.a(timer.o)
 .comment       0x0000000000000000       0x2a obj_cooja/mtype983.a(serial-line.o)
 .comment       0x0000000000000000       0x2a obj_cooja/mtype983.a(list.o)
 .comment       0x0000000000000000       0x2a obj_cooja/mtype983.a(ringbuf.o)
 .comment       0x0000000000000000       0x2a obj_cooja/mtype983.a(sicslowpan.o)
 .comment       0x0000000000000000       0x2a obj_cooja/mtype983.a(uip-ds6-nbr.o)
 .comment       0x0000000000000000       0x2a obj_cooja/mtype983.a(uip-ds6.o)
 .comment       0x0000000000000000       0x2a obj_cooja/mtype983.a(uip6.o)
 .comment       0x0000000000000000       0x2a obj_cooja/mtype983.a(tcpip.o)
 .comment       0x0000000000000000       0x2a obj_cooja/mtype983.a(uip-debug.o)
 .comment       0x0000000000000000       0x2a obj_cooja/mtype983.a(uip-packetqueue)
 .comment       0x0000000000000000       0x2a obj_cooja/mtype983.a(rpl-dag.o)
 .comment       0x0000000000000000       0x2a obj_cooja/mtype983.a(rpl-ext-header.)
 .comment       0x0000000000000000       0x2a obj_cooja/mtype983.a(rpl-icmp6.o)
 .comment       0x0000000000000000       0x2a obj_cooja/mtype983.a(rpl-of0.o)
 .comment       0x0000000000000000       0x2a obj_cooja/mtype983.a(rpl-timers.o)
 .comment       0x0000000000000000       0x2a obj_cooja/mtype983.a(rpl.o)
 .comment       0x0000000000000000       0x2a obj_cooja/mtype983.a(framer-802154.o)
 .comment       0x0000000000000000       0x2a obj_cooja/mtype983.a(nullmac.o)
 .comment       0x0000000000000000       0x2a obj_cooja/mtype983.a(cxmac.o)
 .comment       0x0000000000000000       0x2a obj_cooja/mtype983.a(linkaddr.o)
 .comment       0x0000000000000000       0x2a obj_cooja/mtype983.a(nbr-table.o)
 .comment       0x0000000000000000       0x2a obj_cooja/mtype983.a(netstack.o)
 .comment       0x0000000000000000       0x2a obj_cooja/mtype983.a(packetbuf.o)
 .comment       0x0000000000000000       0x2a obj_cooja/mtype983.a(queuebuf.o)
 .comment       0x0000000000000000       0x2a obj_cooja/mtype983.a(nullsec.o)
 .comment       0x0000000000000000       0x2a obj_cooja/mtype983.a(watchdog.o)
 .comment       0x0000000000000000       0x2a obj_cooja/mtype983.a(rimestats.o)
 .comment       0x0000000000000000       0x2a obj_cooja/mtype983.a(leds.o)
 .comment       0x0000000000000000       0x2a obj_cooja/mtype983.a(stimer.o)
 .comment       0x0000000000000000       0x2a obj_cooja/mtype983.a(memb.o)
 .comment       0x0000000000000000       0x2a obj_cooja/mtype983.a(uip-ds6-route.o)
 .comment       0x0000000000000000       0x2a obj_cooja/mtype983.a(uip-icmp6.o)
 .comment       0x0000000000000000       0x2a obj_cooja/mtype983.a(uip-nd6.o)
 .comment       0x0000000000000000       0x2a obj_cooja/mtype983.a(rpl-nbr-policy.)
 .comment       0x0000000000000000       0x2a obj_cooja/mtype983.a(frame802154.o)
 .comment       0x0000000000000000       0x2a obj_cooja/mtype983.a(mac.o)
 .comment       0x0000000000000000       0x2a /usr/lib/gcc/i686-linux-gnu/4.8/crtendS.o

.debug
 *(.debug)

.line
 *(.line)

.debug_srcinfo
 *(.debug_srcinfo)

.debug_sfnames
 *(.debug_sfnames)

.debug_aranges  0x0000000000000000      0x818
 *(.debug_aranges)
 .debug_aranges
                0x0000000000000000       0x20 udp-server.co
 .debug_aranges
                0x0000000000000020       0x20 obj_cooja/mtype983.o
 .debug_aranges
                0x0000000000000040       0x20 obj_cooja/mtype983.a(simEnvChange.o)
 .debug_aranges
                0x0000000000000060       0x20 obj_cooja/mtype983.a(cooja_mt.o)
 .debug_aranges
                0x0000000000000080       0x20 obj_cooja/mtype983.a(cooja_mtarch.o)
 .debug_aranges
                0x00000000000000a0       0x20 obj_cooja/mtype983.a(rtimer-arch.o)
 .debug_aranges
                0x00000000000000c0       0x20 obj_cooja/mtype983.a(beep.o)
 .debug_aranges
                0x00000000000000e0       0x20 obj_cooja/mtype983.a(button-sensor.o)
 .debug_aranges
                0x0000000000000100       0x20 obj_cooja/mtype983.a(leds-arch.o)
 .debug_aranges
                0x0000000000000120       0x20 obj_cooja/mtype983.a(moteid.o)
 .debug_aranges
                0x0000000000000140       0x20 obj_cooja/mtype983.a(pir-sensor.o)
 .debug_aranges
                0x0000000000000160       0x20 obj_cooja/mtype983.a(rs232.o)
 .debug_aranges
                0x0000000000000180       0x20 obj_cooja/mtype983.a(vib-sensor.o)
 .debug_aranges
                0x00000000000001a0       0x20 obj_cooja/mtype983.a(clock.o)
 .debug_aranges
                0x00000000000001c0       0x20 obj_cooja/mtype983.a(log.o)
 .debug_aranges
                0x00000000000001e0       0x20 obj_cooja/mtype983.a(cfs-cooja.o)
 .debug_aranges
                0x0000000000000200       0x20 obj_cooja/mtype983.a(cooja-radio.o)
 .debug_aranges
                0x0000000000000220       0x20 obj_cooja/mtype983.a(eeprom.o)
 .debug_aranges
                0x0000000000000240       0x20 obj_cooja/mtype983.a(random.o)
 .debug_aranges
                0x0000000000000260       0x20 obj_cooja/mtype983.a(sensors.o)
 .debug_aranges
                0x0000000000000280       0x20 obj_cooja/mtype983.a(dual_conf.o)
 .debug_aranges
                0x00000000000002a0       0x20 obj_cooja/mtype983.a(autostart.o)
 .debug_aranges
                0x00000000000002c0       0x20 obj_cooja/mtype983.a(ctimer.o)
 .debug_aranges
                0x00000000000002e0       0x20 obj_cooja/mtype983.a(etimer.o)
 .debug_aranges
                0x0000000000000300       0x20 obj_cooja/mtype983.a(log_message.o)
 .debug_aranges
                0x0000000000000320       0x20 obj_cooja/mtype983.a(process.o)
 .debug_aranges
                0x0000000000000340       0x20 obj_cooja/mtype983.a(residual.o)
 .debug_aranges
                0x0000000000000360       0x20 obj_cooja/mtype983.a(rtimer.o)
 .debug_aranges
                0x0000000000000380       0x20 obj_cooja/mtype983.a(timer.o)
 .debug_aranges
                0x00000000000003a0       0x20 obj_cooja/mtype983.a(serial-line.o)
 .debug_aranges
                0x00000000000003c0       0x20 obj_cooja/mtype983.a(list.o)
 .debug_aranges
                0x00000000000003e0       0x20 obj_cooja/mtype983.a(ringbuf.o)
 .debug_aranges
                0x0000000000000400       0x20 obj_cooja/mtype983.a(sicslowpan.o)
 .debug_aranges
                0x0000000000000420       0x20 obj_cooja/mtype983.a(uip-ds6-nbr.o)
 .debug_aranges
                0x0000000000000440       0x20 obj_cooja/mtype983.a(uip-ds6.o)
 .debug_aranges
                0x0000000000000460       0x20 obj_cooja/mtype983.a(uip6.o)
 .debug_aranges
                0x0000000000000480       0x20 obj_cooja/mtype983.a(tcpip.o)
 .debug_aranges
                0x00000000000004a0       0x20 obj_cooja/mtype983.a(uip-debug.o)
 .debug_aranges
                0x00000000000004c0       0x20 obj_cooja/mtype983.a(uip-packetqueue)
 .debug_aranges
                0x00000000000004e0       0x20 obj_cooja/mtype983.a(rpl-dag.o)
 .debug_aranges
                0x0000000000000500       0x20 obj_cooja/mtype983.a(rpl-ext-header.)
 .debug_aranges
                0x0000000000000520       0x20 obj_cooja/mtype983.a(rpl-icmp6.o)
 .debug_aranges
                0x0000000000000540       0x20 obj_cooja/mtype983.a(rpl-of0.o)
 .debug_aranges
                0x0000000000000560       0x20 obj_cooja/mtype983.a(rpl-timers.o)
 .debug_aranges
                0x0000000000000580       0x20 obj_cooja/mtype983.a(rpl.o)
 .debug_aranges
                0x00000000000005a0       0x20 obj_cooja/mtype983.a(framer-802154.o)
 .debug_aranges
                0x00000000000005c0       0x20 obj_cooja/mtype983.a(nullmac.o)
 .debug_aranges
                0x00000000000005e0       0x20 obj_cooja/mtype983.a(cxmac.o)
 .debug_aranges
                0x0000000000000600       0x20 obj_cooja/mtype983.a(linkaddr.o)
 .debug_aranges
                0x0000000000000620       0x20 obj_cooja/mtype983.a(nbr-table.o)
 .debug_aranges
                0x0000000000000640       0x20 obj_cooja/mtype983.a(netstack.o)
 .debug_aranges
                0x0000000000000660       0x20 obj_cooja/mtype983.a(packetbuf.o)
 .debug_aranges
                0x0000000000000680       0x20 obj_cooja/mtype983.a(queuebuf.o)
 .debug_aranges
                0x00000000000006a0       0x20 obj_cooja/mtype983.a(nullsec.o)
 .debug_aranges
                0x00000000000006c0       0x20 obj_cooja/mtype983.a(watchdog.o)
 .debug_aranges
                0x00000000000006e0       0x18 obj_cooja/mtype983.a(rimestats.o)
 .debug_aranges
                0x00000000000006f8       0x20 obj_cooja/mtype983.a(leds.o)
 .debug_aranges
                0x0000000000000718       0x20 obj_cooja/mtype983.a(stimer.o)
 .debug_aranges
                0x0000000000000738       0x20 obj_cooja/mtype983.a(memb.o)
 .debug_aranges
                0x0000000000000758       0x20 obj_cooja/mtype983.a(uip-ds6-route.o)
 .debug_aranges
                0x0000000000000778       0x20 obj_cooja/mtype983.a(uip-icmp6.o)
 .debug_aranges
                0x0000000000000798       0x20 obj_cooja/mtype983.a(uip-nd6.o)
 .debug_aranges
                0x00000000000007b8       0x20 obj_cooja/mtype983.a(rpl-nbr-policy.)
 .debug_aranges
                0x00000000000007d8       0x20 obj_cooja/mtype983.a(frame802154.o)
 .debug_aranges
                0x00000000000007f8       0x20 obj_cooja/mtype983.a(mac.o)

.debug_pubnames
 *(.debug_pubnames)

.debug_info     0x0000000000000000    0x1d1b3
 *(.debug_info .gnu.linkonce.wi.*)
 .debug_info    0x0000000000000000      0xe6d udp-server.co
 .debug_info    0x0000000000000e6d     0x3a5f obj_cooja/mtype983.o
 .debug_info    0x00000000000048cc      0x15a obj_cooja/mtype983.a(simEnvChange.o)
 .debug_info    0x0000000000004a26      0x1e2 obj_cooja/mtype983.a(cooja_mt.o)
 .debug_info    0x0000000000004c08      0x2e7 obj_cooja/mtype983.a(cooja_mtarch.o)
 .debug_info    0x0000000000004eef      0x16b obj_cooja/mtype983.a(rtimer-arch.o)
 .debug_info    0x000000000000505a      0x1f3 obj_cooja/mtype983.a(beep.o)
 .debug_info    0x000000000000524d      0x257 obj_cooja/mtype983.a(button-sensor.o)
 .debug_info    0x00000000000054a4      0x132 obj_cooja/mtype983.a(leds-arch.o)
 .debug_info    0x00000000000055d6      0x10a obj_cooja/mtype983.a(moteid.o)
 .debug_info    0x00000000000056e0      0x216 obj_cooja/mtype983.a(pir-sensor.o)
 .debug_info    0x00000000000058f6      0x21e obj_cooja/mtype983.a(rs232.o)
 .debug_info    0x0000000000005b14      0x216 obj_cooja/mtype983.a(vib-sensor.o)
 .debug_info    0x0000000000005d2a      0x152 obj_cooja/mtype983.a(clock.o)
 .debug_info    0x0000000000005e7c      0x2bb obj_cooja/mtype983.a(log.o)
 .debug_info    0x0000000000006137      0x3cf obj_cooja/mtype983.a(cfs-cooja.o)