Archive member included to satisfy reference by file (symbol)

obj_cooja/mtype498.a(simEnvChange.o)
                              obj_cooja/mtype498.o (simDontFallAsleep)
obj_cooja/mtype498.a(cooja_mt.o)
                              obj_cooja/mtype498.o (cooja_mt_start)
obj_cooja/mtype498.a(cooja_mtarch.o)
                              obj_cooja/mtype498.a(cooja_mt.o) (cooja_mtarch_init)
obj_cooja/mtype498.a(rtimer-arch.o)
                              obj_cooja/mtype498.o (rtimer_arch_next)
obj_cooja/mtype498.a(beep.o)  obj_cooja/mtype498.o (beep_interface)
obj_cooja/mtype498.a(button-sensor.o)
                              obj_cooja/mtype498.o (button_interface)
obj_cooja/mtype498.a(leds-arch.o)
                              obj_cooja/mtype498.o (leds_interface)
obj_cooja/mtype498.a(moteid.o)
                              obj_cooja/mtype498.o (moteid_interface)
obj_cooja/mtype498.a(pir-sensor.o)
                              obj_cooja/mtype498.o (pir_interface)
obj_cooja/mtype498.a(rs232.o)
                              obj_cooja/mtype498.o (rs232_interface)
obj_cooja/mtype498.a(vib-sensor.o)
                              obj_cooja/mtype498.o (vib_interface)
obj_cooja/mtype498.a(clock.o)
                              obj_cooja/mtype498.o (clock_interface)
obj_cooja/mtype498.a(log.o)   obj_cooja/mtype498.o (simlog_interface)
obj_cooja/mtype498.a(cfs-cooja.o)
                              obj_cooja/mtype498.o (cfs_interface)
obj_cooja/mtype498.a(cooja-radio.o)
                              obj_cooja/mtype498.o (radio_interface)
obj_cooja/mtype498.a(eeprom.o)
                              obj_cooja/mtype498.o (eeprom_interface)
obj_cooja/mtype498.a(random.o)
                              obj_cooja/mtype498.a(moteid.o) (random_init)
obj_cooja/mtype498.a(sensors.o)
                              obj_cooja/mtype498.o (sensors_process)
obj_cooja/mtype498.a(dual_conf.o)
                              obj_cooja/mtype498.a(cooja-radio.o) (long_range_radio)
obj_cooja/mtype498.a(autostart.o)
                              obj_cooja/mtype498.o (autostart_start)
obj_cooja/mtype498.a(ctimer.o)
                              obj_cooja/mtype498.o (ctimer_init)
obj_cooja/mtype498.a(etimer.o)
                              obj_cooja/mtype498.o (etimer_process)
obj_cooja/mtype498.a(log_message.o)
                              obj_cooja/mtype498.o (log_initialization)
obj_cooja/mtype498.a(process.o)
                              udp-client.co (process_current)
obj_cooja/mtype498.a(residual.o)
                              udp-client.co (get_residual_energy)
obj_cooja/mtype498.a(rtimer.o)
                              obj_cooja/mtype498.a(rtimer-arch.o) (rtimer_run_next)
obj_cooja/mtype498.a(stimer.o)
                              udp-client.co (stimer_remaining)
obj_cooja/mtype498.a(timer.o)
                              obj_cooja/mtype498.a(button-sensor.o) (timer_set)
obj_cooja/mtype498.a(serial-line.o)
                              udp-client.co (serial_line_event_message)
obj_cooja/mtype498.a(list.o)  obj_cooja/mtype498.a(ctimer.o) (list_init)
obj_cooja/mtype498.a(ringbuf.o)
                              obj_cooja/mtype498.a(serial-line.o) (ringbuf_init)
obj_cooja/mtype498.a(sicslowpan.o)
                              obj_cooja/mtype498.o (sicslowpan_driver)
obj_cooja/mtype498.a(uip-ds6-nbr.o)
                              obj_cooja/mtype498.a(sicslowpan.o) (uip_ds6_link_neighbor_callback)
obj_cooja/mtype498.a(uip-ds6-route.o)
                              udp-client.co (uip_ds6_route_nexthop)
obj_cooja/mtype498.a(uip-ds6.o)
                              udp-client.co (uip_ds6_if)
obj_cooja/mtype498.a(uip6.o)  udp-client.co (uip_lladdr)
obj_cooja/mtype498.a(tcpip.o)
                              udp-client.co (tcpip_event)
obj_cooja/mtype498.a(uip-debug.o)
                              udp-client.co (uip_debug_ipaddr_print)
obj_cooja/mtype498.a(uip-packetqueue)
                              obj_cooja/mtype498.a(uip-ds6-nbr.o) (uip_packetqueue_new)
obj_cooja/mtype498.a(uip-udp-packet.)
                              udp-client.co (uip_udp_packet_sendto)
obj_cooja/mtype498.a(rpl-dag.o)
                              obj_cooja/mtype498.a(tcpip.o) (rpl_repair_root)
obj_cooja/mtype498.a(rpl-ext-header.)
                              obj_cooja/mtype498.a(uip6.o) (rpl_verify_header)
obj_cooja/mtype498.a(rpl-icmp6.o)
                              obj_cooja/mtype498.a(rpl-dag.o) (rpl_icmp6_update_nbr_table)
obj_cooja/mtype498.a(rpl-ltmax.o)
                              obj_cooja/mtype498.a(rpl-dag.o) (rpl_ltmax_of)
obj_cooja/mtype498.a(rpl-timers.o)
                              obj_cooja/mtype498.a(rpl-icmp6.o) (rpl_LSA_convergence_timer)
obj_cooja/mtype498.a(rpl.o)   obj_cooja/mtype498.a(rpl-icmp6.o) (rpl_get_mode)
obj_cooja/mtype498.a(framer-802154.o)
                              obj_cooja/mtype498.a(sicslowpan.o) (framer_802154)
obj_cooja/mtype498.a(nullmac.o)
                              obj_cooja/mtype498.o (nullmac_driver)
[...]
Memory Configuration

Name             Origin             Length             Attributes
*default*        0x0000000000000000 0xffffffffffffffff

Linker script and memory map

LOAD /usr/lib/gcc/i686-linux-gnu/4.8/../../../i386-linux-gnu/crti.o
LOAD /usr/lib/gcc/i686-linux-gnu/4.8/crtbeginS.o
LOAD udp-client.co
LOAD obj_cooja/mtype498.o
LOAD obj_cooja/mtype498.a
LOAD /usr/lib/gcc/i686-linux-gnu/4.8/libgcc.a
LOAD /usr/lib/gcc/i686-linux-gnu/4.8/libgcc_s.so
LOAD /usr/lib/gcc/i686-linux-gnu/4.8/../../../i386-linux-gnu/libc.so
START GROUP
LOAD /lib/i386-linux-gnu/libc.so.6
LOAD /usr/lib/i386-linux-gnu/libc_nonshared.a
LOAD /lib/i386-linux-gnu/ld-linux.so.2
END GROUP
LOAD /usr/lib/gcc/i686-linux-gnu/4.8/libgcc.a
LOAD /usr/lib/gcc/i686-linux-gnu/4.8/libgcc_s.so
LOAD /usr/lib/gcc/i686-linux-gnu/4.8/crtendS.o
LOAD /usr/lib/gcc/i686-linux-gnu/4.8/../../../i386-linux-gnu/crtn.o
                0x0000000000000114                . = (0x0 + SIZEOF_HEADERS)

.note.gnu.build-id
                0x0000000000000114       0x24
 *(.note.gnu.build-id)
 .note.gnu.build-id
                0x0000000000000114       0x24 /usr/lib/gcc/i686-linux-gnu/4.8/../../../i386-linux-gnu/crti.o

.hash
 *(.hash)

.gnu.hash       0x0000000000000138     0x138c
 *(.gnu.hash)
 .gnu.hash      0x0000000000000138     0x138c /usr/lib/gcc/i686-linux-gnu/4.8/../../../i386-linux-gnu/crti.o

.dynsym         0x00000000000014c4     0x2690
 *(.dynsym)
 .dynsym        0x00000000000014c4     0x2690 /usr/lib/gcc/i686-linux-gnu/4.8/../../../i386-linux-gnu/crti.o

.dynstr         0x0000000000003b54     0x27a7
 *(.dynstr)
 .dynstr        0x0000000000003b54     0x27a7 /usr/lib/gcc/i686-linux-gnu/4.8/../../../i386-linux-gnu/crti.o

.gnu.version    0x00000000000062fc      0x4d2
 *(.gnu.version)
 .gnu.version   0x00000000000062fc      0x4d2 /usr/lib/gcc/i686-linux-gnu/4.8/../../../i386-linux-gnu/crti.o

.gnu.version_d  0x00000000000067d0        0x0
 *(.gnu.version_d)
 .gnu.version_d
                0x0000000000000000        0x0 /usr/lib/gcc/i686-linux-gnu/4.8/../../../i386-linux-gnu/crti.o

.gnu.version_r  0x00000000000067d0       0x50
 *(.gnu.version_r)
 .gnu.version_r
                0x00000000000067d0       0x50 /usr/lib/gcc/i686-linux-gnu/4.8/../../../i386-linux-gnu/crti.o

.rel.dyn        0x0000000000006820     0xa850
 *(.rel.init)
 .rel.init      0x0000000000000000        0x0 /usr/lib/gcc/i686-linux-gnu/4.8/../../../i386-linux-gnu/crti.o
 *(.rel.text .rel.text.* .rel.gnu.linkonce.t.*)
 .rel.text      0x0000000000006820     0xa098 /usr/lib/gcc/i686-linux-gnu/4.8/../../../i386-linux-gnu/crti.o
 *(.rel.fini)
 .rel.fini      0x0000000000000000        0x0 /usr/lib/gcc/i686-linux-gnu/4.8/../../../i386-linux-gnu/crti.o
 *(.rel.rodata .rel.rodata.* .rel.gnu.linkonce.r.*)
 .rel.rodata    0x00000000000108b8      0x4e0 /usr/lib/gcc/i686-linux-gnu/4.8/../../../i386-linux-gnu/crti.o
 *(.rel.data.rel.ro .rel.data.rel.ro.* .rel.gnu.linkonce.d.rel.ro.*)
 *(.rel.data .rel.data.* .rel.gnu.linkonce.d.*)
 .rel.data.rel  0x0000000000010d98        0x8 /usr/lib/gcc/i686-linux-gnu/4.8/../../../i386-linux-gnu/crti.o
 .rel.data      0x0000000000010da0      0x298 /usr/lib/gcc/i686-linux-gnu/4.8/../../../i386-linux-gnu/crti.o
 *(.rel.tdata .rel.tdata.* .rel.gnu.linkonce.td.*)
 *(.rel.tbss .rel.tbss.* .rel.gnu.linkonce.tb.*)
 *(.rel.ctors)
 *(.rel.dtors)
 *(.rel.got)
 .rel.got       0x0000000000011038       0x28 /usr/lib/gcc/i686-linux-gnu/4.8/../../../i386-linux-gnu/crti.o
 *(.rel.bss .rel.bss.* .rel.gnu.linkonce.b.*)
 *(.rel.ifunc)
 .rel.ifunc     0x0000000000000000        0x0 /usr/lib/gcc/i686-linux-gnu/4.8/../../../i386-linux-gnu/crti.o
 .rel.fini_array
                0x0000000000011060        0x8 /usr/lib/gcc/i686-linux-gnu/4.8/../../../i386-linux-gnu/crti.o
 .rel.init_array
                0x0000000000011068        0x8 /usr/lib/gcc/i686-linux-gnu/4.8/../../../i386-linux-gnu/crti.o

.rel.plt        0x0000000000011070       0x10
 *(.rel.plt)
 .rel.plt       0x0000000000011070       0x10 /usr/lib/gcc/i686-linux-gnu/4.8/../../../i386-linux-gnu/crti.o
 *(.rel.iplt)

.init           0x0000000000011080       0x23
 *(SORT(.init))
 .init          0x0000000000011080       0x1e /usr/lib/gcc/i686-linux-gnu/4.8/../../../i386-linux-gnu/crti.o
                0x0000000000011080                _init
 .init          0x000000000001109e        0x5 /usr/lib/gcc/i686-linux-gnu/4.8/../../../i386-linux-gnu/crtn.o

.plt            0x00000000000110b0       0x30
 *(.plt)
 .plt           0x00000000000110b0       0x30 /usr/lib/gcc/i686-linux-gnu/4.8/../../../i386-linux-gnu/crti.o
 *(.iplt)

.text           0x00000000000110e0    0x18495
 *(.text.unlikely .text.*_unlikely .text.unlikely.*)
 *(.text.exit .text.exit.*)
 *(.text.startup .text.startup.*)
 *(.text.hot .text.hot.*)
 *(.text .stub .text.* .gnu.linkonce.t.*)
 .text          0x00000000000110e0        0x0 /usr/lib/gcc/i686-linux-gnu/4.8/../../../i386-linux-gnu/crti.o
 .gnu.linkonce.t.__x86.get_pc_thunk.bx
                0x00000000000110e0        0x4 /usr/lib/gcc/i686-linux-gnu/4.8/../../../i386-linux-gnu/crti.o
                0x00000000000110e0                __x86.get_pc_thunk.bx
 *fill*         0x00000000000110e4        0xc 
 .text          0x00000000000110f0      0x11b /usr/lib/gcc/i686-linux-gnu/4.8/crtbeginS.o
 .text          0x000000000001120b      0x790 udp-client.co
 .text          0x000000000001199b      0x96a obj_cooja/mtype498.o
                0x0000000000011b49                contiki_init
                0x000000000001211c                Java_org_contikios_cooja_corecomm_Lib26_init
                0x000000000001215c                Java_org_contikios_cooja_corecomm_Lib26_getMemory
                0x000000000001219c                Java_org_contikios_cooja_corecomm_Lib26_setMemory
                0x0000000000012213                Java_org_contikios_cooja_corecomm_Lib26_tick
                0x00000000000122f3                Java_org_contikios_cooja_corecomm_Lib26_setReferenceAddress
 .text          0x0000000000012305       0x63 obj_cooja/mtype498.a(simEnvChange.o)
                0x0000000000012305                doActionsBeforeTick
                0x0000000000012336                doActionsAfterTick
 .text          0x0000000000012368       0xbc obj_cooja/mtype498.a(cooja_mt.o)
                0x0000000000012368                cooja_mt_init
                0x0000000000012375                cooja_mt_remove
                0x0000000000012382                cooja_mt_start
                0x00000000000123af                cooja_mt_exec
                0x00000000000123e0                cooja_mt_exit
                0x0000000000012402                cooja_mt_yield
 .text          0x0000000000012424      0x115 obj_cooja/mtype498.a(cooja_mtarch.o)
                0x0000000000012424                cooja_mtarch_init
                0x0000000000012429                cooja_mtarch_start
                0x00000000000124a4                cooja_sw
                0x00000000000124c6                cooja_mtarch_exec
                0x00000000000124e2                cooja_mtarch_remove
                0x00000000000124e7                cooja_mtarch_yield
                0x00000000000124f1                cooja_mtarch_pstop
                0x00000000000124f6                cooja_mtarch_pstart
                0x00000000000124fb                cooja_mtarch_stack_usage
 .text          0x0000000000012539       0xc2 obj_cooja/mtype498.a(rtimer-arch.o)
                0x0000000000012539                rtimer_arch_init
                0x000000000001255c                rtimer_arch_schedule
                0x0000000000012573                rtimer_arch_next
                0x000000000001257d                rtimer_arch_pending
                0x0000000000012587                rtimer_arch_check
                0x00000000000125b9                rtimer_arch_now
 .text          0x00000000000125fb       0x76 obj_cooja/mtype498.a(beep.o)
                0x00000000000125fb                beep_alarm
                0x0000000000012607                beep_beep
                0x0000000000012613                beep
                0x000000000001261f                beep_down
                0x000000000001262b                beep_on
                0x0000000000012637                beep_off
                0x0000000000012643                beep_spinup
                0x000000000001264f                beep_quick
                0x000000000001265b                beep_long
 .text          0x0000000000012671      0x103 obj_cooja/mtype498.a(button-sensor.o)
 .text          0x0000000000012774       0x45 obj_cooja/mtype498.a(leds-arch.o)
                0x0000000000012774                leds_arch_init
                0x0000000000012780                leds_arch_get
                0x000000000001278c                leds_arch_set
 .text          0x00000000000127b9       0x2f obj_cooja/mtype498.a(moteid.o)
 .text          0x00000000000127e8       0xb1 obj_cooja/mtype498.a(pir-sensor.o)
 .text          0x0000000000012899      0x131 obj_cooja/mtype498.a(rs232.o)
                0x0000000000012899                rs232_init
                0x000000000001289e                rs232_set_speed
                0x00000000000128ac                rs232_set_input
                0x00000000000128b9                rs232_send
                0x00000000000128db                rs232_print
                0x00000000000128f6                slip_arch_writeb
 .text          0x00000000000129ca       0xb1 obj_cooja/mtype498.a(vib-sensor.o)
 .text          0x0000000000012a7b       0x34 obj_cooja/mtype498.a(clock.o)
                0x0000000000012a7b                clock_init
                0x0000000000012a80                clock_time
                0x0000000000012a8a                clock_seconds
                0x0000000000012aa0                clock_delay
 .text          0x0000000000012aaf      0x1ed obj_cooja/mtype498.a(log.o)
                0x0000000000012aaf                simlog_char
                0x0000000000012af1                simlog
                0x0000000000012b5e                log_message
                0x0000000000012b86                log_set_putchar_with_slip
                0x0000000000012b93                log_putchar
                0x0000000000012c17                log_puts
                0x0000000000012c3b                log_printf
 .text          0x0000000000012c9c      0x2c4 obj_cooja/mtype498.a(cfs-cooja.o)
                0x0000000000012c9c                cfs_open
                0x0000000000012d05                cfs_close
                0x0000000000012d11                cfs_read
                0x0000000000012daf                cfs_write
                0x0000000000012e8c                cfs_seek
                0x0000000000012f14                cfs_remove
                0x0000000000012f3d                cfs_opendir
                0x0000000000012f47                cfs_readdir
                0x0000000000012f51                cfs_closedir
 .text          0x0000000000012f60      0x6ab obj_cooja/mtype498.a(cooja-radio.o)
                0x0000000000012f8a                radio_set_channel
                0x0000000000012f9f                radio_set_txpower
                0x0000000000012fbf                radio_signal_strength_last
                0x0000000000012fc9                radio_signal_strength_current
                0x0000000000012fd3                radio_LQI
 .text          0x000000000001360b       0xef obj_cooja/mtype498.a(eeprom.o)
                0x000000000001360b                eeprom_init
                0x0000000000013610                eeprom_read
                0x0000000000013680                eeprom_write
 .text          0x00000000000136fa       0x28 obj_cooja/mtype498.a(random.o)
                0x00000000000136fa                random_init
                0x0000000000013715                random_rand
 .text          0x0000000000013722      0x2a1 obj_cooja/mtype498.a(sensors.o)
                0x000000000001375d                sensors_first
                0x0000000000013767                sensors_next
                0x0000000000013784                sensors_changed
                0x00000000000137b3                sensors_find
 .text          0x00000000000139c3      0x452 obj_cooja/mtype498.a(dual_conf.o)
                0x00000000000139c3                dual_radio_switch
                0x0000000000013a03                dual_radio_change
                0x0000000000013a3d                sending_in_LR
                0x0000000000013a68                dual_radio_received
                0x0000000000013abb                radio_received_is_longrange
                0x0000000000013ad6                dual_radio_turn_on
                0x0000000000013af9                dual_radio_turn_off
                0x0000000000013d9b                dio_broadcast
                0x0000000000013dc4                dis_broadcast
                0x0000000000013de5                LSA_converge_broadcast
 .text          0x0000000000013e15       0x8e obj_cooja/mtype498.a(autostart.o)
                0x0000000000013e15                autostart_start
                0x0000000000013e60                autostart_exit
 .text          0x0000000000013ea3      0x334 obj_cooja/mtype498.a(ctimer.o)
                0x0000000000013fba                ctimer_init
                0x0000000000013fea                ctimer_set
                0x000000000001401b                ctimer_set_with_process
                0x0000000000014097                ctimer_reset
                0x00000000000140e6                ctimer_restart
                0x0000000000014135                ctimer_stop
                0x0000000000014180                ctimer_expired
 .text          0x00000000000141d7      0x40b obj_cooja/mtype498.a(etimer.o)
                0x00000000000143ea                etimer_request_poll
                0x000000000001446e                etimer_set
                0x0000000000014493                etimer_reset_with_new_interval
                0x00000000000144ba                etimer_reset
                0x00000000000144d8                etimer_restart
                0x00000000000144f6                etimer_adjust
                0x0000000000014512                etimer_expired
                0x0000000000014525                etimer_expiration_time
                0x0000000000014537                etimer_start_time
                0x0000000000014541                etimer_pending
                0x0000000000014553                etimer_next_expiration_time
                0x000000000001456d                etimer_stop
 .text          0x00000000000145e2       0xdd obj_cooja/mtype498.a(log_message.o)
                0x00000000000145e2                log_initialization
                0x000000000001469e                log_finisher
 .text          0x00000000000146bf      0x560 obj_cooja/mtype498.a(process.o)
                0x00000000000146bf                process_alloc_event
                0x00000000000146d4                process_start
                0x00000000000148bd                process_exit
                0x00000000000148d9                process_init
                0x0000000000014aaa                process_run
                0x0000000000014add                process_nevents
                0x0000000000014af8                process_post
                0x0000000000014ba4                process_post_synch
                0x0000000000014bdc                process_poll
                0x0000000000014c0b                process_is_running
 .text          0x0000000000014c1f       0xd3 obj_cooja/mtype498.a(residual.o)
                0x0000000000014c1f                get_residual_energy
 .text          0x0000000000014cf2       0xba obj_cooja/mtype498.a(rtimer.o)
                0x0000000000014cf2                rtimer_init
                0x0000000000014cff                rtimer_set
                0x0000000000014d56                rtimer_run_next
 .text          0x0000000000014dac       0xa3 obj_cooja/mtype498.a(stimer.o)
                0x0000000000014dac                stimer_set
                0x0000000000014dc7                stimer_reset
                0x0000000000014dde                stimer_restart
                0x0000000000014df0                stimer_expired
                0x0000000000014e17                stimer_remaining
                0x0000000000014e3b                stimer_elapsed
 .text          0x0000000000014e4f       0x91 obj_cooja/mtype498.a(timer.o)
                0x0000000000014e4f                timer_set
                0x0000000000014e6a                timer_reset
                0x0000000000014e81                timer_restart
                0x0000000000014e93                timer_expired
                0x0000000000014ebc                timer_remaining
 .text          0x0000000000014ee0      0x1fb obj_cooja/mtype498.a(serial-line.o)
                0x0000000000014ee0                serial_line_input_byte
                0x00000000000150a3                serial_line_init
 .text          0x00000000000150db      0x244 obj_cooja/mtype498.a(list.o)
                0x00000000000150db                list_init
                0x00000000000150e9                list_head
                0x00000000000150f3                list_copy
                0x0000000000015102                list_tail
                0x0000000000015138                list_add
                0x0000000000015181                list_push
                0x00000000000151ad                list_chop
                0x0000000000015217                list_pop
                0x000000000001523f                list_remove
                0x00000000000152a6                list_length
                0x00000000000152d4                list_insert
                0x0000000000015308                list_item_next
 .text          0x000000000001531f      0x155 obj_cooja/mtype498.a(ringbuf.o)
                0x000000000001531f                ringbuf_init
                0x0000000000015350                ringbuf_put
                0x00000000000153ce                ringbuf_get
                0x000000000001543b                ringbuf_size
                0x000000000001544d                ringbuf_elements
 .text          0x0000000000015474     0x2c69 obj_cooja/mtype498.a(sicslowpan.o)
                0x0000000000015a74                rime_sniffer_add
                0x0000000000015a81                rime_sniffer_remove
                0x000000000001807c                sicslowpan_init
                0x00000000000180d3                sicslowpan_get_last_rssi
 .text          0x00000000000180dd      0x2dc obj_cooja/mtype498.a(uip-ds6-nbr.o)
                0x00000000000180fa                uip_ds6_neighbors_init
                0x0000000000018117                uip_ds6_nbr_add
                0x00000000000181c8                uip_ds6_nbr_rm
                0x0000000000018225                uip_ds6_nbr_get_ipaddr
                0x000000000001823a                uip_ds6_nbr_get_ll
                0x0000000000018256                uip_ds6_nbr_num
                0x000000000001829b                uip_ds6_nbr_lookup
                0x0000000000018300                uip_ds6_nbr_ll_lookup
                0x000000000001831c                uip_ds6_nbr_ipaddr_from_lladdr
                0x0000000000018342                uip_ds6_nbr_lladdr_from_ipaddr
                0x0000000000018370                uip_ds6_link_neighbor_callback
 .text          0x00000000000183b9      0x916 obj_cooja/mtype498.a(uip-ds6-route.o)
                0x0000000000018430                uip_ds6_notification_add
                0x0000000000018461                uip_ds6_notification_rm
                0x000000000001847d                uip_ds6_route_init
                0x0000000000018505                uip_ds6_route_nexthop
                0x000000000001852d                uip_ds6_route_head
                0x0000000000018542                uip_ds6_route_next
                0x0000000000018568                uip_ds6_route_is_nexthop
                0x00000000000185a7                uip_ds6_route_num_routes
                0x00000000000185b1                uip_ds6_route_lookup
                0x0000000000018673                uip_ds6_route_add
                0x00000000000188a7                uip_ds6_route_rm
                0x0000000000018a3b                uip_ds6_route_rm_by_nexthop
                0x0000000000018a73                uip_ds6_defrt_add
                0x0000000000018b24                uip_ds6_defrt_rm
                0x0000000000018ba3                uip_ds6_defrt_lookup
                0x0000000000018bfc                uip_ds6_defrt_choose
                0x0000000000018c67                uip_ds6_defrt_periodic
 .text          0x0000000000018ccf     0x12ad obj_cooja/mtype498.a(uip-ds6.o)
                0x0000000000018ccf                uip_ds6_init
                0x0000000000019024                uip_ds6_periodic
                0x00000000000190fc                uip_ds6_list_loop
                0x00000000000191a3                uip_ds6_prefix_add
                0x0000000000019261                uip_ds6_prefix_rm
                0x0000000000019273                uip_ds6_prefix_lookup
                0x00000000000192c4                uip_ds6_is_addr_onlink
                0x0000000000019338                uip_ds6_addr_add
                0x0000000000019466                uip_ds6_long_addr_add
                0x0000000000019594                uip_ds6_addr_rm
                0x0000000000019634                uip_ds6_addr_lookup
                0x000000000001967f                uip_ds6_long_addr_lookup
                0x00000000000196ca                uip_ds6_get_link_local
                0x0000000000019749                uip_ds6_long_get_link_local
                0x00000000000197c8                uip_ds6_get_global
                0x0000000000019847                uip_ds6_long_get_global
                0x00000000000198c6                uip_ds6_maddr_add
                0x0000000000019938                uip_ds6_long_maddr_add
                0x00000000000199aa                uip_ds6_maddr_rm
                0x00000000000199bc                uip_ds6_maddr_lookup
                0x0000000000019a07                uip_ds6_long_maddr_lookup
                0x0000000000019a52                uip_ds6_aaddr_add
                0x0000000000019ac4                uip_ds6_long_aaddr_add
                0x0000000000019b36                uip_ds6_aaddr_rm
                0x0000000000019b48                uip_ds6_aaddr_lookup
                0x0000000000019b93                uip_ds6_long_aaddr_lookup
                0x0000000000019bde                uip_ds6_select_src
                0x0000000000019e67                uip_ds6_set_addr_iid
                0x0000000000019e9e                get_match_length
                0x0000000000019f30                uip_ds6_compute_reachable_time
 .text          0x0000000000019f7c     0x2d3b obj_cooja/mtype498.a(uip6.o)
                0x0000000000019f7c                uip_add32
                0x000000000001a115                uip_chksum
                0x000000000001a22b                uip_icmp6chksum
                0x000000000001a23f                uip_tcpchksum
                0x000000000001a253                uip_udpchksum
                0x000000000001a267                uip_init
                0x000000000001a337                uip_connect
                0x000000000001a4e6                remove_ext_hdr
                0x000000000001a5ef                uip_udp_new
                0x000000000001a74b                uip_unlisten
                0x000000000001a7ab                uip_listen
                0x000000000001aad1                uip_process
                0x000000000001cbab                uip_htons
                0x000000000001cbcd                uip_htonl
                0x000000000001cc0d                uip_send
 .text          0x000000000001ccb7      0xc2e obj_cooja/mtype498.a(tcpip.o)
                0x000000000001ccb7                tcpip_output
                0x000000000001cd08                tcpip_set_outputfunc
                0x000000000001cda8                tcp_connect
                0x000000000001cdfd                tcp_unlisten
                0x000000000001ce58                tcp_listen
                0x000000000001ceb1                tcp_attach
                0x000000000001ced6                udp_attach
                0x000000000001cefb                udp_new
                0x000000000001cf4d                udp_broadcast_new
                0x000000000001d1c1                tcpip_input
                0x000000000001d1f5                tcpip_ipv6_output
                0x000000000001d72b                tcpip_poll_udp
                0x000000000001d74e                tcpip_poll_tcp
                0x000000000001d771                tcpip_uipcall
 .text          0x000000000001d8e5      0x1c1 obj_cooja/mtype498.a(uip-debug.o)
                0x000000000001d8e5                uip_debug_ipaddr_print
                0x000000000001da47                uip_debug_lladdr_print
 .text          0x000000000001daa6      0x141 obj_cooja/mtype498.a(uip-packetqueue)
                0x000000000001dad2                uip_packetqueue_new
                0x000000000001dae0                uip_packetqueue_alloc
                0x000000000001db40                uip_packetqueue_free
                0x000000000001db81                uip_packetqueue_buf
                0x000000000001db9e                uip_packetqueue_buflen
                0x000000000001dbbf                uip_packetqueue_set_buflen
 .text          0x000000000001dbe7      0x131 obj_cooja/mtype498.a(uip-udp-packet.)
                0x000000000001dbe7                uip_udp_packet_send
                0x000000000001dc47                uip_udp_packet_sendto
 .text          0x000000000001dd18     0x26b3 obj_cooja/mtype498.a(rpl-dag.o)
                0x000000000001dd18                rpl_lr_in_child
                0x000000000001ddd0                rpl_print_neighbor_list
                0x000000000001de79                rpl_print_child_neighbor_list
                0x000000000001deee                rpl_get_nbr
                0x000000000001df48                rpl_get_nbr_child
                0x000000000001dfa2                rpl_dag_init
                0x000000000001dfd4                rpl_get_parent
                0x000000000001dff6                rpl_get_parent_rank
                0x000000000001e029                rpl_get_parent_link_metric
                0x000000000001e05c                rpl_get_parent_ipaddr
                0x000000000001e086                rpl_get_child_ipaddr
                0x000000000001e3a1                rpl_set_root
                0x000000000001e5cf                rpl_repair_root
                0x000000000001e80b                rpl_set_prefix
                0x000000000001e90a                rpl_set_default_route
                0x000000000001e996                rpl_alloc_instance
                0x000000000001ea29                rpl_alloc_dag
                0x000000000001eadc                rpl_set_default_instance
                0x000000000001eae9                rpl_get_default_instance
                0x000000000001eaf3                rpl_free_instance
                0x000000000001eba4                rpl_free_dag
                0x000000000001ec0a                rpl_add_parent
                0x000000000001ecf3                rpl_find_parent
                0x000000000001ed23                rpl_add_child
                0x000000000001edc7                rpl_find_child
                0x000000000001ee15                rpl_find_parent_any_dag
                0x000000000001ee51                rpl_select_dag
                0x000000000001f274                rpl_select_parent
                0x000000000001f2d6                rpl_remove_parent
                0x000000000001f30c                rpl_remove_child
                0x000000000001f328                rpl_nullify_parent
                0x000000000001f3c6                rpl_move_parent
                0x000000000001f463                rpl_has_downward_route
                0x000000000001f4b6                rpl_get_any_dag
                0x000000000001f518                rpl_get_instance
                0x000000000001f57b                rpl_find_of
                0x000000000001f5b8                rpl_join_instance
                0x000000000001f854                rpl_add_dag
                0x000000000001fc43                rpl_local_repair
                0x000000000001fd1c                rpl_recalculate_ranks
                0x000000000001fda2                rpl_process_parent_event
                0x000000000001fe54                rpl_process_dio
 .text          0x00000000000203cb      0xbf3 obj_cooja/mtype498.a(rpl-ext-header.)
                0x00000000000203e8                rpl_verify_header
                0x0000000000020862                rpl_update_header_empty
                0x0000000000020b79                rpl_update_header_final
                0x0000000000020d08                rpl_remove_header
                0x0000000000020e12                rpl_invert_header
                0x0000000000020f9c                rpl_insert_header
 .text          0x0000000000020fbe     0x2e76 obj_cooja/mtype498.a(rpl-icmp6.o)
                0x00000000000212cd                rpl_icmp6_update_nbr_table
                0x000000000002149a                dis_output
                0x00000000000221c8                dio_output
                0x0000000000022b9c                LSA_converge_output
                0x00000000000238eb                dao_output
                0x00000000000239bf                dao_output_target
                0x0000000000023ddc                dao_ack_output
                0x0000000000023df0                rpl_icmp6_register_handlers
 .text          0x0000000000023e34      0x3dc obj_cooja/mtype498.a(rpl-ltmax.o)
 .text          0x0000000000024210      0x836 obj_cooja/mtype498.a(rpl-timers.o)
                0x0000000000024210                rpl_LSA_convergence_timer
                0x000000000002423c                rpl_reset_LSA_convergence_timer
                0x00000000000244d9                rpl_reset_periodic_timer
                0x000000000002452e                rpl_reset_dio_timer
                0x0000000000024768                rpl_schedule_dao
                0x0000000000024783                rpl_schedule_dao_immediately
                0x000000000002479e                rpl_cancel_dao
                0x0000000000024800                rpl_schedule_unicast_dio_immediately
                0x00000000000249ee                rpl_schedule_probing
 .text          0x0000000000024a46      0x5d5 obj_cooja/mtype498.a(rpl.o)
                0x0000000000024a46                rpl_get_mode
                0x0000000000024a50                rpl_set_mode
                0x0000000000024ade                rpl_purge_routes
                0x0000000000024bd8                rpl_remove_routes
                0x0000000000024c1e                rpl_remove_routes_by_nexthop
                0x0000000000024c8a                rpl_add_route
                0x0000000000024d05                rpl_link_neighbor_callback
                0x0000000000024e0a                rpl_ipv6_neighbor_callback
                0x0000000000024e79                rpl_purge_dags
                0x0000000000024f85                rpl_init
 .text          0x000000000002501b      0x3f5 obj_cooja/mtype498.a(framer-802154.o)
 .text          0x0000000000025410       0x5e obj_cooja/mtype498.a(nullmac.o)
 .text          0x000000000002546e     0x123b obj_cooja/mtype498.a(cxmac.o)
                0x00000000000265eb                cxmac_set_announcement_radio_txpower
                0x00000000000265f0                cxmac_init
 .text          0x00000000000266a9       0x82 obj_cooja/mtype498.a(linkaddr.o)
                0x00000000000266a9                linkaddr_copy
                0x00000000000266cb                linkaddr_cmp
                0x00000000000266f5                linkaddr_set_node_addr
                0x0000000000026710                linkaddr_set_node_long_addr
 .text          0x000000000002672b      0x915 obj_cooja/mtype498.a(nbr-table.o)
                0x000000000002672b                long_ip_from_lladdr_map
                0x00000000000267b4                lladdr_map_add_lr
                0x0000000000026871                lladdr_map_rm_lr
                0x0000000000026d36                nbr_table_register
                0x0000000000026d7e                nbr_table_head
                0x0000000000026dda                nbr_table_next
                0x0000000000026e41                nbr_table_add_lladdr
                0x0000000000026f1d                nbr_table_get_from_lladdr
                0x0000000000026f6a                nbr_table_remove
                0x0000000000026fbc                nbr_table_lock
                0x0000000000026fe6                nbr_table_unlock
                0x0000000000027010                nbr_table_get_lladdr
 .text          0x0000000000027040       0x2b obj_cooja/mtype498.a(netstack.o)
                0x0000000000027040                netstack_init
 .text          0x000000000002706b      0x3cd obj_cooja/mtype498.a(packetbuf.o)
                0x000000000002706b                packetbuf_clear
                0x0000000000027095                packetbuf_copyfrom
                0x00000000000270e7                packetbuf_compact
                0x0000000000027164                packetbuf_copyto
                0x00000000000271fb                packetbuf_hdralloc
                0x0000000000027278                packetbuf_hdrreduce
                0x00000000000272c0                packetbuf_set_datalen
                0x00000000000272d9                packetbuf_dataptr
                0x00000000000272f6                packetbuf_hdrptr
                0x0000000000027300                packetbuf_datalen
                0x000000000002730c                packetbuf_hdrlen
                0x0000000000027323                packetbuf_totlen
                0x0000000000027339                packetbuf_attr_clear
                0x000000000002738b                packetbuf_attr_copyto
                0x00000000000273d4                packetbuf_attr_copyfrom
                0x000000000002741c                packetbuf_holds_broadcast
 .text          0x0000000000027438      0x2b4 obj_cooja/mtype498.a(queuebuf.o)
                0x0000000000027442                queuebuf_init
                0x0000000000027462                queuebuf_numfree
                0x0000000000027476                queuebuf_new_from_packetbuf
                0x0000000000027506                queuebuf_update_attr_from_packetbuf
                0x0000000000027539                queuebuf_update_from_packetbuf
                0x0000000000027583                queuebuf_free
                0x00000000000275ca                queuebuf_to_packetbuf
                0x0000000000027630                queuebuf_dataptr
                0x0000000000027667                queuebuf_datalen
                0x000000000002768a                queuebuf_addr
                0x00000000000276bc                queuebuf_attr
                0x00000000000276e7                queuebuf_debug_print
 .text          0x00000000000276ec       0x6e obj_cooja/mtype498.a(nullsec.o)
 .text          0x000000000002775a       0x19 obj_cooja/mtype498.a(watchdog.o)
                0x000000000002775a                watchdog_init
                0x000000000002775f                watchdog_start
                0x0000000000027764                watchdog_periodic
                0x0000000000027769                watchdog_stop
                0x000000000002776e                watchdog_reboot
 .text          0x0000000000027773        0x0 obj_cooja/mtype498.a(rimestats.o)
 .text          0x0000000000027773      0x134 obj_cooja/mtype498.a(leds.o)
                0x00000000000277c4                leds_init
                0x00000000000277d8                leds_blink
                0x0000000000027810                leds_get
                0x000000000002781d                leds_set
                0x0000000000027837                leds_on
                0x000000000002785a                leds_off
                0x0000000000027884                leds_toggle
 .text          0x00000000000278a7      0x1c1 obj_cooja/mtype498.a(memb.o)
                0x00000000000278a7                memb_init
                0x0000000000027905                memb_alloc
                0x000000000002796a                memb_free
                0x00000000000279e5                memb_inmemb
                0x0000000000027a24                memb_numfree
 .text          0x0000000000027a68      0xacc obj_cooja/mtype498.a(uip-icmp6.o)
                0x0000000000027ad6                uip_icmp6_input
                0x0000000000027b46                uip_icmp6_register_input_handler
                0x0000000000027e0e                uip_icmp6_error_output
                0x0000000000028153                uip_icmp6_send
                0x00000000000284c7                uip_icmp6_echo_reply_callback_add
                0x00000000000284f8                uip_icmp6_echo_reply_callback_rm
                0x0000000000028514                uip_icmp6_init
 .text          0x0000000000028534      0x358 obj_cooja/mtype498.a(uip-nd6.o)
                0x0000000000028588                uip_nd6_ns_output
                0x0000000000028887                uip_nd6_init
 .text          0x000000000002888c      0x331 obj_cooja/mtype498.a(rpl-nbr-policy.)
                0x0000000000028a64                find_removable_dis
                0x0000000000028a87                find_removable_dio
                0x0000000000028b16                find_removable_dao
                0x0000000000028b66                rpl_nbr_policy_find_removable
 .text          0x0000000000028bbd      0x97c obj_cooja/mtype498.a(frame802154.o)
                0x0000000000028bee                frame802154_get_pan_id
                0x0000000000028bfa                frame802154_set_pan_id
                0x0000000000028c13                frame802154_has_panid
                0x0000000000028cff                frame802154_check_dest_panid
                0x0000000000028d67                frame802154_is_broadcast_addr
                0x0000000000028db4                frame802154_extract_linkaddr
                0x0000000000028ff4                frame802154_hdrlen
                0x0000000000029045                frame802154_create
                0x0000000000029230                frame802154_parse
 .text          0x0000000000029539       0x3c obj_cooja/mtype498.a(mac.o)
                0x0000000000029539                mac_call_sent_callback
 .text          0x0000000000029575        0x0 /usr/lib/gcc/i686-linux-gnu/4.8/crtendS.o
 .text          0x0000000000029575        0x0 /usr/lib/gcc/i686-linux-gnu/4.8/../../../i386-linux-gnu/crtn.o
 *(.gnu.warning)

.fini           0x0000000000029578       0x14
 *(SORT(.fini))
 .fini          0x0000000000029578        0xf /usr/lib/gcc/i686-linux-gnu/4.8/../../../i386-linux-gnu/crti.o
                0x0000000000029578                _fini
 .fini          0x0000000000029587        0x5 /usr/lib/gcc/i686-linux-gnu/4.8/../../../i386-linux-gnu/crtn.o
                0x000000000002958c                PROVIDE (__etext, .)
                0x000000000002958c                PROVIDE (_etext, .)
                0x000000000002958c                PROVIDE (etext, .)

.rodata         0x00000000000295a0     0x2934
 *(.rodata .rodata.* .gnu.linkonce.r.*)
 .rodata        0x00000000000295a0      0x2da udp-client.co
                0x00000000000295b4                autostart_processes
 *fill*         0x000000000002987a        0x2 
 .rodata        0x000000000002987c      0x1e6 obj_cooja/mtype498.o
 *fill*         0x0000000000029a62        0x2 
 .rodata        0x0000000000029a64        0x8 obj_cooja/mtype498.a(beep.o)
                0x0000000000029a64                beep_interface
 .rodata        0x0000000000029a6c       0x20 obj_cooja/mtype498.a(button-sensor.o)
                0x0000000000029a6c                button_interface
                0x0000000000029a7c                button_sensor
 .rodata        0x0000000000029a8c        0x8 obj_cooja/mtype498.a(leds-arch.o)
                0x0000000000029a8c                leds_interface
 .rodata        0x0000000000029a94        0x8 obj_cooja/mtype498.a(moteid.o)
                0x0000000000029a94                moteid_interface
 .rodata        0x0000000000029a9c       0x1c obj_cooja/mtype498.a(pir-sensor.o)
                0x0000000000029a9c                pir_interface
                0x0000000000029aa8                pir_sensor
 .rodata        0x0000000000029ab8        0xe obj_cooja/mtype498.a(rs232.o)
                0x0000000000029ab8                rs232_interface
 *fill*         0x0000000000029ac6        0x2 
 .rodata        0x0000000000029ac8       0x24 obj_cooja/mtype498.a(vib-sensor.o)
                0x0000000000029ac8                vib_interface
                0x0000000000029adc                vib_sensor
 .rodata        0x0000000000029aec        0x8 obj_cooja/mtype498.a(clock.o)
                0x0000000000029aec                clock_interface
 .rodata        0x0000000000029af4        0x8 obj_cooja/mtype498.a(log.o)
                0x0000000000029af4                simlog_interface
 .rodata        0x0000000000029afc       0x2f obj_cooja/mtype498.a(cfs-cooja.o)
                0x0000000000029afc                cfs_interface
 *fill*         0x0000000000029b2b       0x15 
 .rodata        0x0000000000029b40      0x100 obj_cooja/mtype498.a(cooja-radio.o)
                0x0000000000029c00                cooja_radio_driver
                0x0000000000029c38                radio_interface
 .rodata        0x0000000000029c40        0x8 obj_cooja/mtype498.a(eeprom.o)
                0x0000000000029c40                eeprom_interface
 .rodata        0x0000000000029c48        0x8 obj_cooja/mtype498.a(sensors.o)
 .rodata        0x0000000000029c50      0x1fe obj_cooja/mtype498.a(dual_conf.o)
 .rodata        0x0000000000029e4e        0xf obj_cooja/mtype498.a(ctimer.o)
 .rodata        0x0000000000029e5d        0xc obj_cooja/mtype498.a(etimer.o)
 *fill*         0x0000000000029e69        0x3 
 .rodata        0x0000000000029e6c       0x73 obj_cooja/mtype498.a(log_message.o)
 *fill*         0x0000000000029edf        0x1 
 .rodata        0x0000000000029ee0       0x20 obj_cooja/mtype498.a(residual.o)
 .rodata        0x0000000000029f00        0xe obj_cooja/mtype498.a(serial-line.o)
 *fill*         0x0000000000029f0e        0x2 
 .rodata        0x0000000000029f10      0x900 obj_cooja/mtype498.a(sicslowpan.o)
                0x0000000000029fe9                unc_llconf
                0x0000000000029fed                unc_ctxconf
                0x0000000000029ff1                unc_mxconf
                0x0000000000029ff5                llprefix
                0x000000000002a804                sicslowpan_driver
 .rodata        0x000000000002a810      0x590 obj_cooja/mtype498.a(uip6.o)
 .rodata        0x000000000002ada0      0x15a obj_cooja/mtype498.a(tcpip.o)
 .rodata        0x000000000002aefa       0x3e obj_cooja/mtype498.a(uip-debug.o)
 .rodata        0x000000000002af38        0x4 obj_cooja/mtype498.a(rpl-dag.o)
 .rodata        0x000000000002af3c      0xbe8 obj_cooja/mtype498.a(rpl-icmp6.o)
 .rodata        0x000000000002bb24       0x86 obj_cooja/mtype498.a(rpl-timers.o)
 *fill*         0x000000000002bbaa        0x2 
 .rodata        0x000000000002bbac        0xc obj_cooja/mtype498.a(framer-802154.o)
                0x000000000002bbac                framer_802154
 .rodata        0x000000000002bbb8       0x24 obj_cooja/mtype498.a(nullmac.o)
                0x000000000002bbc0                nullmac_driver
 *fill*         0x000000000002bbdc        0x4 
 .rodata        0x000000000002bbe0      0x2c0 obj_cooja/mtype498.a(cxmac.o)
                0x000000000002be80                cxmac_driver
 .rodata        0x000000000002bea0        0x8 obj_cooja/mtype498.a(linkaddr.o)
                0x000000000002bea0                linkaddr_null
 .rodata        0x000000000002bea8       0x18 obj_cooja/mtype498.a(nullsec.o)
                0x000000000002beb0                nullsec_driver
 .rodata        0x000000000002bec0       0x14 obj_cooja/mtype498.a(uip-icmp6.o)

.rodata1
 *(.rodata1)

.eh_frame_hdr   0x000000000002bed4     0x13fc
 *(.eh_frame_hdr)
 .eh_frame_hdr  0x000000000002bed4     0x13fc udp-client.co

.eh_frame       0x000000000002d2d0     0x5150
 *(.eh_frame)
 .eh_frame      0x000000000002d2d0       0x3c /usr/lib/gcc/i686-linux-gnu/4.8/../../../i386-linux-gnu/crti.o
                                         0x40 (size before relaxing)
 .eh_frame      0x000000000002d30c       0xb4 udp-client.co
                                         0xcc (size before relaxing)
 .eh_frame      0x000000000002d3c0      0x148 obj_cooja/mtype498.o
                                        0x160 (size before relaxing)
 .eh_frame      0x000000000002d508       0x40 obj_cooja/mtype498.a(simEnvChange.o)
                                         0x58 (size before relaxing)
 .eh_frame      0x000000000002d548       0xc0 obj_cooja/mtype498.a(cooja_mt.o)
                                         0xd8 (size before relaxing)
 .eh_frame      0x000000000002d608      0x120 obj_cooja/mtype498.a(cooja_mtarch.o)
                                        0x138 (size before relaxing)
 .eh_frame      0x000000000002d728       0xc0 obj_cooja/mtype498.a(rtimer-arch.o)
                                         0xd8 (size before relaxing)
 .eh_frame      0x000000000002d7e8      0x160 obj_cooja/mtype498.a(beep.o)
                                        0x178 (size before relaxing)
 .eh_frame      0x000000000002d948       0xa0 obj_cooja/mtype498.a(button-sensor.o)
                                         0xb8 (size before relaxing)
 .eh_frame      0x000000000002d9e8       0xa0 obj_cooja/mtype498.a(leds-arch.o)
                                         0xb8 (size before relaxing)
 .eh_frame      0x000000000002da88       0x40 obj_cooja/mtype498.a(moteid.o)
                                         0x58 (size before relaxing)
 .eh_frame      0x000000000002dac8       0xa0 obj_cooja/mtype498.a(pir-sensor.o)
                                         0xb8 (size before relaxing)
 .eh_frame      0x000000000002db68      0x100 obj_cooja/mtype498.a(rs232.o)
                                        0x118 (size before relaxing)
 .eh_frame      0x000000000002dc68       0xa0 obj_cooja/mtype498.a(vib-sensor.o)
                                         0xb8 (size before relaxing)
 .eh_frame      0x000000000002dd08       0xc0 obj_cooja/mtype498.a(clock.o)
                                         0xd8 (size before relaxing)
 .eh_frame      0x000000000002ddc8      0x120 obj_cooja/mtype498.a(log.o)
                                        0x138 (size before relaxing)
 .eh_frame      0x000000000002dee8      0x160 obj_cooja/mtype498.a(cfs-cooja.o)
                                        0x178 (size before relaxing)
 .eh_frame      0x000000000002e048      0x2e0 obj_cooja/mtype498.a(cooja-radio.o)
                                        0x2f8 (size before relaxing)
 .eh_frame      0x000000000002e328       0xa0 obj_cooja/mtype498.a(eeprom.o)
                                         0xb8 (size before relaxing)
 .eh_frame      0x000000000002e3c8       0x40 obj_cooja/mtype498.a(random.o)
                                         0x58 (size before relaxing)
 .eh_frame      0x000000000002e408       0xc0 obj_cooja/mtype498.a(sensors.o)
                                         0xd8 (size before relaxing)
 .eh_frame      0x000000000002e4c8      0x1a0 obj_cooja/mtype498.a(dual_conf.o)
                                        0x1b8 (size before relaxing)
 .eh_frame      0x000000000002e668       0x40 obj_cooja/mtype498.a(autostart.o)
                                         0x58 (size before relaxing)
 .eh_frame      0x000000000002e6a8      0x100 obj_cooja/mtype498.a(ctimer.o)
                                        0x118 (size before relaxing)
 .eh_frame      0x000000000002e7a8      0x1e0 obj_cooja/mtype498.a(etimer.o)
                                        0x1f8 (size before relaxing)
 .eh_frame      0x000000000002e988       0x40 obj_cooja/mtype498.a(log_message.o)
                                         0x58 (size before relaxing)
 .eh_frame      0x000000000002e9c8      0x1c8 obj_cooja/mtype498.a(process.o)
                                        0x1e0 (size before relaxing)
 .eh_frame      0x000000000002eb90       0x2c obj_cooja/mtype498.a(residual.o)
                                         0x44 (size before relaxing)
 .eh_frame      0x000000000002ebbc       0x60 obj_cooja/mtype498.a(rtimer.o)
                                         0x78 (size before relaxing)
 .eh_frame      0x000000000002ec1c       0xc4 obj_cooja/mtype498.a(stimer.o)
                                         0xdc (size before relaxing)
 .eh_frame      0x000000000002ece0       0xa4 obj_cooja/mtype498.a(timer.o)
                                         0xbc (size before relaxing)
 .eh_frame      0x000000000002ed84       0x60 obj_cooja/mtype498.a(serial-line.o)
                                         0x78 (size before relaxing)
 .eh_frame      0x000000000002ede4      0x180 obj_cooja/mtype498.a(list.o)
                                        0x198 (size before relaxing)
 .eh_frame      0x000000000002ef64       0xa0 obj_cooja/mtype498.a(ringbuf.o)
                                         0xb8 (size before relaxing)
 .eh_frame      0x000000000002f004      0x350 obj_cooja/mtype498.a(sicslowpan.o)
                                        0x368 (size before relaxing)
 .eh_frame      0x000000000002f354      0x180 obj_cooja/mtype498.a(uip-ds6-nbr.o)
                                        0x198 (size before relaxing)
 .eh_frame      0x000000000002f4d4      0x2a0 obj_cooja/mtype498.a(uip-ds6-route.o)
                                        0x2b8 (size before relaxing)
 .eh_frame      0x000000000002f774      0x3c8 obj_cooja/mtype498.a(uip-ds6.o)
                                        0x3e0 (size before relaxing)
 .eh_frame      0x000000000002fb3c      0x27c obj_cooja/mtype498.a(uip6.o)
                                        0x294 (size before relaxing)
 .eh_frame      0x000000000002fdb8      0x270 obj_cooja/mtype498.a(tcpip.o)
                                        0x288 (size before relaxing)
 .eh_frame      0x0000000000030028       0x48 obj_cooja/mtype498.a(uip-debug.o)
                                         0x60 (size before relaxing)
 .eh_frame      0x0000000000030070       0xe0 obj_cooja/mtype498.a(uip-packetqueue)
                                         0xf8 (size before relaxing)
 .eh_frame      0x0000000000030150       0x40 obj_cooja/mtype498.a(uip-udp-packet.)
                                         0x58 (size before relaxing)
 .eh_frame      0x0000000000030190      0x76c obj_cooja/mtype498.a(rpl-dag.o)
                                        0x784 (size before relaxing)
 .eh_frame      0x00000000000308fc      0x10c obj_cooja/mtype498.a(rpl-ext-header.)
                                        0x124 (size before relaxing)
 .eh_frame      0x0000000000030a08      0x308 obj_cooja/mtype498.a(rpl-icmp6.o)
                                        0x320 (size before relaxing)
 .eh_frame      0x0000000000030d10       0xe0 obj_cooja/mtype498.a(rpl-ltmax.o)
                                         0xf8 (size before relaxing)
 .eh_frame      0x0000000000030df0      0x26c obj_cooja/mtype498.a(rpl-timers.o)
                                        0x284 (size before relaxing)
 .eh_frame      0x000000000003105c      0x148 obj_cooja/mtype498.a(rpl.o)
                                        0x160 (size before relaxing)
 .eh_frame      0x00000000000311a4      0x108 obj_cooja/mtype498.a(framer-802154.o)
                                        0x120 (size before relaxing)
 .eh_frame      0x00000000000312ac       0xc0 obj_cooja/mtype498.a(nullmac.o)
                                         0xd8 (size before relaxing)
 .eh_frame      0x000000000003136c      0x2c0 obj_cooja/mtype498.a(cxmac.o)
                                        0x2d8 (size before relaxing)
 .eh_frame      0x000000000003162c       0x80 obj_cooja/mtype498.a(linkaddr.o)
                                         0x98 (size before relaxing)
 .eh_frame      0x00000000000316ac      0x2cc obj_cooja/mtype498.a(nbr-table.o)
                                        0x2e4 (size before relaxing)
 .eh_frame      0x0000000000031978       0x20 obj_cooja/mtype498.a(netstack.o)
                                         0x38 (size before relaxing)
 .eh_frame      0x0000000000031998      0x214 obj_cooja/mtype498.a(packetbuf.o)
                                        0x22c (size before relaxing)
 .eh_frame      0x0000000000031bac      0x1a0 obj_cooja/mtype498.a(queuebuf.o)
                                        0x1b8 (size before relaxing)
 .eh_frame      0x0000000000031d4c       0x80 obj_cooja/mtype498.a(nullsec.o)
                                         0x98 (size before relaxing)
 .eh_frame      0x0000000000031dcc       0xa0 obj_cooja/mtype498.a(watchdog.o)
                                         0xb8 (size before relaxing)
 .eh_frame      0x0000000000031e6c      0x100 obj_cooja/mtype498.a(leds.o)
                                        0x118 (size before relaxing)
 .eh_frame      0x0000000000031f6c       0xa0 obj_cooja/mtype498.a(memb.o)
                                         0xb8 (size before relaxing)
 .eh_frame      0x000000000003200c      0x164 obj_cooja/mtype498.a(uip-icmp6.o)
                                        0x17c (size before relaxing)
 .eh_frame      0x0000000000032170       0x68 obj_cooja/mtype498.a(uip-nd6.o)
                                         0x80 (size before relaxing)
 .eh_frame      0x00000000000321d8       0xc0 obj_cooja/mtype498.a(rpl-nbr-policy.)
                                         0xd8 (size before relaxing)
 .eh_frame      0x0000000000032298      0x164 obj_cooja/mtype498.a(frame802154.o)
                                        0x17c (size before relaxing)
 .eh_frame      0x00000000000323fc       0x20 obj_cooja/mtype498.a(mac.o)
                                         0x38 (size before relaxing)
 .eh_frame      0x000000000003241c        0x4 /usr/lib/gcc/i686-linux-gnu/4.8/crtendS.o

.gcc_except_table
 *(.gcc_except_table .gcc_except_table.*)

.exception_ranges
 *(.exception_ranges .exception_ranges*)
                0x0000000000032420                . = (ALIGN (0x1000) - ((0x1000 - .) & 0xfff))
                0x0000000000033ef8                . = DATA_SEGMENT_ALIGN (0x1000, 0x1000)

.eh_frame
 *(.eh_frame)

.gcc_except_table
 *(.gcc_except_table .gcc_except_table.*)

.exception_ranges
 *(.exception_ranges .exception_ranges*)

.tdata
 *(.tdata .tdata.* .gnu.linkonce.td.*)

.tbss
 *(.tbss .tbss.* .gnu.linkonce.tb.*)
 *(.tcommon)

.preinit_array
 *(.preinit_array)

.init_array     0x0000000000033ef8        0x4
 *(SORT(.init_array.*) SORT(.ctors.*))
 *(.init_array EXCLUDE_FILE(*crtend?.o *crtend.o *crtbegin?.o *crtbegin.o) .ctors)
 .init_array    0x0000000000033ef8        0x4 /usr/lib/gcc/i686-linux-gnu/4.8/crtbeginS.o

.fini_array     0x0000000000033efc        0x4
 *(SORT(.fini_array.*) SORT(.dtors.*))
 *(.fini_array EXCLUDE_FILE(*crtend?.o *crtend.o *crtbegin?.o *crtbegin.o) .dtors)
 .fini_array    0x0000000000033efc        0x4 /usr/lib/gcc/i686-linux-gnu/4.8/crtbeginS.o

.ctors
 *crtbegin.o(.ctors)
 *crtbegin?.o(.ctors)
 *(EXCLUDE_FILE(*crtend?.o *crtend.o) .ctors)
 *(SORT(.ctors.*))
 *(.ctors)

.dtors
 *crtbegin.o(.dtors)
 *crtbegin?.o(.dtors)
 *(EXCLUDE_FILE(*crtend?.o *crtend.o) .dtors)
 *(SORT(.dtors.*))
 *(.dtors)

.jcr            0x0000000000033f00        0x4
 *(.jcr)
 .jcr           0x0000000000033f00        0x0 /usr/lib/gcc/i686-linux-gnu/4.8/crtbeginS.o
 .jcr           0x0000000000033f00        0x4 /usr/lib/gcc/i686-linux-gnu/4.8/crtendS.o

.data.rel.ro
 *(.data.rel.ro.local* .gnu.linkonce.d.rel.ro.local.*)
 *(.data.rel.ro .data.rel.ro.* .gnu.linkonce.d.rel.ro.*)

.dynamic        0x0000000000033f04       0xe8
 *(.dynamic)
 .dynamic       0x0000000000033f04       0xe8 /usr/lib/gcc/i686-linux-gnu/4.8/../../../i386-linux-gnu/crti.o
                0x0000000000033f04                _DYNAMIC

.got            0x0000000000033fec       0x14
 *(.got)
 .got           0x0000000000033fec       0x14 /usr/lib/gcc/i686-linux-gnu/4.8/../../../i386-linux-gnu/crti.o
 *(.igot)
                0x0000000000034ff4                . = DATA_SEGMENT_RELRO_END (., (SIZEOF (.got.plt) >= 0xc)?0xc:0x0)

.got.plt        0x0000000000034000       0x14
 *(.got.plt)
 .got.plt       0x0000000000034000       0x14 /usr/lib/gcc/i686-linux-gnu/4.8/../../../i386-linux-gnu/crti.o
                0x0000000000034000                _GLOBAL_OFFSET_TABLE_
 *(.igot.plt)

.data           0x0000000000034020      0x29a
 *(.data .data.* .gnu.linkonce.d.*)
 .data          0x0000000000034020        0x0 /usr/lib/gcc/i686-linux-gnu/4.8/../../../i386-linux-gnu/crti.o
 .data          0x0000000000034020        0x0 /usr/lib/gcc/i686-linux-gnu/4.8/crtbeginS.o
 .data.rel      0x0000000000034020        0x4 /usr/lib/gcc/i686-linux-gnu/4.8/crtbeginS.o
                0x0000000000034020                __dso_handle
 .data          0x0000000000034024       0x10 udp-client.co
                0x0000000000034024                udp_client_process
 *fill*         0x0000000000034034        0xc 
 .data          0x0000000000034040       0x44 obj_cooja/mtype498.o
                0x0000000000034040                simInterfaces
                0x0000000000034074                sensors
 .data          0x0000000000034084        0x0 obj_cooja/mtype498.a(simEnvChange.o)
 .data          0x0000000000034084        0x0 obj_cooja/mtype498.a(cooja_mt.o)
 .data          0x0000000000034084        0x0 obj_cooja/mtype498.a(cooja_mtarch.o)
 .data          0x0000000000034084        0x0 obj_cooja/mtype498.a(rtimer-arch.o)
 .data          0x0000000000034084        0x0 obj_cooja/mtype498.a(beep.o)
 .data          0x0000000000034084        0x0 obj_cooja/mtype498.a(button-sensor.o)
 .data          0x0000000000034084        0x0 obj_cooja/mtype498.a(leds-arch.o)
 .data          0x0000000000034084        0x0 obj_cooja/mtype498.a(moteid.o)
 .data          0x0000000000034084        0x0 obj_cooja/mtype498.a(pir-sensor.o)
 .data          0x0000000000034084        0x0 obj_cooja/mtype498.a(rs232.o)
 .data          0x0000000000034084        0x0 obj_cooja/mtype498.a(vib-sensor.o)
 .data          0x0000000000034084        0x0 obj_cooja/mtype498.a(clock.o)
 .data          0x0000000000034084        0x0 obj_cooja/mtype498.a(log.o)
 .data          0x0000000000034084        0x0 obj_cooja/mtype498.a(cfs-cooja.o)
 .data          0x0000000000034084       0x40 obj_cooja/mtype498.a(cooja-radio.o)
                0x0000000000034084                simRadioChannelLR
                0x0000000000034088                simRadioHWOnLR
                0x000000000003408c                simSignalStrengthLR
                0x0000000000034090                simLastSignalStrengthLR
                0x0000000000034094                simPowerLR
                0x0000000000034098                simLQILR
                0x000000000003409c                simRadioChannel
                0x00000000000340a0                simRadioHWOn
                0x00000000000340a4                simSignalStrength
                0x00000000000340a8                simLastSignalStrength
                0x00000000000340ac                simPower
                0x00000000000340b0                simLQI
                0x00000000000340b4                cooja_radio_process
 .data          0x00000000000340c4        0x0 obj_cooja/mtype498.a(eeprom.o)
 .data          0x00000000000340c4        0x0 obj_cooja/mtype498.a(random.o)
 .data          0x00000000000340c4       0x10 obj_cooja/mtype498.a(sensors.o)
                0x00000000000340c4                sensors_process
 .data          0x00000000000340d4       0x3a obj_cooja/mtype498.a(dual_conf.o)
                0x00000000000340d4                radio_received
                0x00000000000340d8                dual_dio_broadcast
                0x00000000000340e8                dual_dis_broadcast
                0x00000000000340f8                dual_LSA_converge_broadcast
 .data          0x000000000003410e        0x0 obj_cooja/mtype498.a(autostart.o)
 *fill*         0x000000000003410e        0x2 
 .data          0x0000000000034110       0x14 obj_cooja/mtype498.a(ctimer.o)
                0x0000000000034114                ctimer_process
 .data          0x0000000000034124       0x10 obj_cooja/mtype498.a(etimer.o)
                0x0000000000034124                etimer_process
 .data          0x0000000000034134        0x0 obj_cooja/mtype498.a(log_message.o)
 .data          0x0000000000034134        0x0 obj_cooja/mtype498.a(process.o)
 .data          0x0000000000034134        0x0 obj_cooja/mtype498.a(residual.o)
 .data          0x0000000000034134        0x0 obj_cooja/mtype498.a(rtimer.o)
 .data          0x0000000000034134        0x0 obj_cooja/mtype498.a(stimer.o)
 .data          0x0000000000034134        0x0 obj_cooja/mtype498.a(timer.o)
 .data          0x0000000000034134       0x10 obj_cooja/mtype498.a(serial-line.o)
                0x0000000000034134                serial_line_process
 .data          0x0000000000034144        0x0 obj_cooja/mtype498.a(list.o)
 .data          0x0000000000034144        0x0 obj_cooja/mtype498.a(ringbuf.o)
 .data          0x0000000000034144        0x0 obj_cooja/mtype498.a(sicslowpan.o)
 .data          0x0000000000034144       0x14 obj_cooja/mtype498.a(uip-ds6-nbr.o)
                0x0000000000034154                ds6_neighbors
 .data          0x0000000000034158       0x44 obj_cooja/mtype498.a(uip-ds6-route.o)
                0x0000000000034168                nbr_routes
 .data          0x000000000003419c        0x0 obj_cooja/mtype498.a(uip-ds6.o)
 .data          0x000000000003419c        0x0 obj_cooja/mtype498.a(uip6.o)
 .data          0x000000000003419c       0x10 obj_cooja/mtype498.a(tcpip.o)
                0x000000000003419c                tcpip_process
 .data          0x00000000000341ac        0x0 obj_cooja/mtype498.a(uip-debug.o)
 .data          0x00000000000341ac        0xc obj_cooja/mtype498.a(uip-packetqueue)
 .data          0x00000000000341b8        0x0 obj_cooja/mtype498.a(uip-udp-packet.)
 .data          0x00000000000341b8       0x28 obj_cooja/mtype498.a(rpl-dag.o)
                0x00000000000341c8                rpl_parents
                0x00000000000341dc                rpl_children
 .data          0x00000000000341e0        0x0 obj_cooja/mtype498.a(rpl-ext-header.)
 .data          0x00000000000341e0       0x40 obj_cooja/mtype498.a(rpl-icmp6.o)
 .data          0x0000000000034220       0x1c obj_cooja/mtype498.a(rpl-ltmax.o)
                0x0000000000034220                rpl_ltmax_of
 .data          0x000000000003423c        0x0 obj_cooja/mtype498.a(rpl-timers.o)
 .data          0x000000000003423c        0x0 obj_cooja/mtype498.a(rpl.o)
 .data          0x000000000003423c        0x0 obj_cooja/mtype498.a(framer-802154.o)
 .data          0x000000000003423c        0x0 obj_cooja/mtype498.a(nullmac.o)
 .data          0x000000000003423c       0x30 obj_cooja/mtype498.a(cxmac.o)
                0x000000000003423c                cxmac_config
                0x000000000003424c                strobe_wait
 .data          0x000000000003426c        0x0 obj_cooja/mtype498.a(linkaddr.o)
 .data          0x000000000003426c       0x10 obj_cooja/mtype498.a(nbr-table.o)
 .data          0x000000000003427c        0x0 obj_cooja/mtype498.a(netstack.o)
 .data          0x000000000003427c        0x4 obj_cooja/mtype498.a(packetbuf.o)
 .data          0x0000000000034280       0x18 obj_cooja/mtype498.a(queuebuf.o)
 .data          0x0000000000034298        0x0 obj_cooja/mtype498.a(nullsec.o)
 .data          0x0000000000034298        0x0 obj_cooja/mtype498.a(watchdog.o)
 .data          0x0000000000034298        0x0 obj_cooja/mtype498.a(rimestats.o)
 .data          0x0000000000034298        0x0 obj_cooja/mtype498.a(leds.o)
 .data          0x0000000000034298        0x0 obj_cooja/mtype498.a(memb.o)
 .data          0x0000000000034298       0x20 obj_cooja/mtype498.a(uip-icmp6.o)
 .data          0x00000000000342b8        0x0 obj_cooja/mtype498.a(uip-nd6.o)
 .data          0x00000000000342b8        0x0 obj_cooja/mtype498.a(rpl-nbr-policy.)
 .data          0x00000000000342b8        0x2 obj_cooja/mtype498.a(frame802154.o)
 .data          0x00000000000342ba        0x0 obj_cooja/mtype498.a(mac.o)
 .data          0x00000000000342ba        0x0 /usr/lib/gcc/i686-linux-gnu/4.8/crtendS.o
 .data          0x00000000000342ba        0x0 /usr/lib/gcc/i686-linux-gnu/4.8/../../../i386-linux-gnu/crtn.o

.tm_clone_table
                0x00000000000342bc        0x0
 .tm_clone_table
                0x00000000000342bc        0x0 /usr/lib/gcc/i686-linux-gnu/4.8/crtbeginS.o
 .tm_clone_table
                0x00000000000342bc        0x0 /usr/lib/gcc/i686-linux-gnu/4.8/crtendS.o

.data1
 *(.data1)
                0x00000000000342bc                _edata = .
                0x00000000000342bc                PROVIDE (edata, .)
                0x00000000000342bc                . = .
                0x00000000000342bc                __bss_start = .

.bss            0x00000000000342c0     0x8368
 *(.dynbss)
 .dynbss        0x0000000000000000        0x0 /usr/lib/gcc/i686-linux-gnu/4.8/../../../i386-linux-gnu/crti.o
 *(.bss .bss.* .gnu.linkonce.b.*)
 .bss           0x00000000000342c0        0x0 /usr/lib/gcc/i686-linux-gnu/4.8/../../../i386-linux-gnu/crti.o
 .bss           0x00000000000342c0        0x1 /usr/lib/gcc/i686-linux-gnu/4.8/crtbeginS.o
 *fill*         0x00000000000342c1       0x1f 
 .bss           0x00000000000342e0       0x60 udp-client.co
                0x00000000000342e0                my_weight
 .bss           0x0000000000034340     0x2030 obj_cooja/mtype498.o
 .bss           0x0000000000036370        0x1 obj_cooja/mtype498.a(simEnvChange.o)
                0x0000000000036370                simDontFallAsleep
 *fill*         0x0000000000036371        0x3 
 .bss           0x0000000000036374        0x4 obj_cooja/mtype498.a(cooja_mt.o)
 .bss           0x0000000000036378        0x4 obj_cooja/mtype498.a(cooja_mtarch.o)
 .bss           0x000000000003637c        0xc obj_cooja/mtype498.a(rtimer-arch.o)
 .bss           0x0000000000036388        0x0 obj_cooja/mtype498.a(beep.o)
 .bss           0x0000000000036388        0x8 obj_cooja/mtype498.a(button-sensor.o)
 .bss           0x0000000000036390        0x0 obj_cooja/mtype498.a(leds-arch.o)
 .bss           0x0000000000036390        0x0 obj_cooja/mtype498.a(moteid.o)
 .bss           0x0000000000036390        0x1 obj_cooja/mtype498.a(pir-sensor.o)
                0x0000000000036390                simPirValue
 *fill*         0x0000000000036391        0x3 
 .bss           0x0000000000036394        0x4 obj_cooja/mtype498.a(rs232.o)
 .bss           0x0000000000036398        0x1 obj_cooja/mtype498.a(vib-sensor.o)
                0x0000000000036398                simVibValue
 .bss           0x0000000000036399        0x0 obj_cooja/mtype498.a(clock.o)
 *fill*         0x0000000000036399        0x7 
 .bss           0x00000000000363a0      0x420 obj_cooja/mtype498.a(log.o)
 .bss           0x00000000000367c0      0xfc0 obj_cooja/mtype498.a(cfs-cooja.o)
                0x00000000000367c0                simCFSData
                0x0000000000037760                simCFSSize
                0x0000000000037764                simCFSChanged
                0x0000000000037768                simCFSRead
                0x000000000003776c                simCFSWritten
 .bss           0x0000000000037780       0x24 obj_cooja/mtype498.a(cooja-radio.o)
                0x0000000000037780                simReceivingLR
                0x0000000000037784                simInSizeLR
                0x0000000000037788                simOutSizeLR
                0x000000000003778c                simReceiving
                0x0000000000037790                simInSize
                0x0000000000037794                simOutSize
                0x0000000000037798                LongRangeTransmit
                0x000000000003779c                LongRangeReceiving
 .bss           0x00000000000377a4        0xc obj_cooja/mtype498.a(eeprom.o)
                0x00000000000377a4                simEEPROMChanged
                0x00000000000377a8                simEEPROMRead
                0x00000000000377ac                simEEPROMWritten
 .bss           0x00000000000377b0        0x0 obj_cooja/mtype498.a(random.o)
 .bss           0x00000000000377b0        0xc obj_cooja/mtype498.a(sensors.o)
 .bss           0x00000000000377bc       0x3c obj_cooja/mtype498.a(dual_conf.o)
                0x00000000000377bc                long_range_radio
 .bss           0x00000000000377f8        0x0 obj_cooja/mtype498.a(autostart.o)
 .bss           0x00000000000377f8        0x5 obj_cooja/mtype498.a(ctimer.o)
 *fill*         0x00000000000377fd        0x3 
 .bss           0x0000000000037800        0x8 obj_cooja/mtype498.a(etimer.o)
 .bss           0x0000000000037808        0x0 obj_cooja/mtype498.a(log_message.o)
 *fill*         0x0000000000037808       0x18 
 .bss           0x0000000000037820      0x1b1 obj_cooja/mtype498.a(process.o)
                0x0000000000037820                process_list
                0x0000000000037824                process_current
 .bss           0x00000000000379d1        0x0 obj_cooja/mtype498.a(residual.o)
 *fill*         0x00000000000379d1        0x3 
 .bss           0x00000000000379d4        0x4 obj_cooja/mtype498.a(rtimer.o)
 .bss           0x00000000000379d8        0x0 obj_cooja/mtype498.a(stimer.o)
 .bss           0x00000000000379d8        0x0 obj_cooja/mtype498.a(timer.o)
 *fill*         0x00000000000379d8        0x8 
 .bss           0x00000000000379e0      0x140 obj_cooja/mtype498.a(serial-line.o)
 .bss           0x0000000000037b20        0x0 obj_cooja/mtype498.a(list.o)
 .bss           0x0000000000037b20        0x0 obj_cooja/mtype498.a(ringbuf.o)
 .bss           0x0000000000037b20      0x70c obj_cooja/mtype498.a(sicslowpan.o)
 *fill*         0x000000000003822c       0x14 
 .bss           0x0000000000038240       0xc0 obj_cooja/mtype498.a(uip-ds6-nbr.o)
 .bss           0x0000000000038300      0x4a8 obj_cooja/mtype498.a(uip-ds6-route.o)
 .bss           0x00000000000387a8       0x30 obj_cooja/mtype498.a(uip-ds6.o)
 .bss           0x00000000000387d8        0xe obj_cooja/mtype498.a(uip6.o)
                0x00000000000387d8                uip_ext_bitmap
                0x00000000000387d9                uip_ext_len
                0x00000000000387da                uip_ext_opt_offset
 *fill*         0x00000000000387e6       0x1a 
 .bss           0x0000000000038800       0x6b obj_cooja/mtype498.a(tcpip.o)
 .bss           0x000000000003886b        0x0 obj_cooja/mtype498.a(uip-debug.o)
 *fill*         0x000000000003886b       0x15 
 .bss           0x0000000000038880      0xcf8 obj_cooja/mtype498.a(uip-packetqueue)
 .bss           0x0000000000039578        0x0 obj_cooja/mtype498.a(uip-udp-packet.)
 *fill*         0x0000000000039578        0x8 
 .bss           0x0000000000039580       0x88 obj_cooja/mtype498.a(rpl-dag.o)
 .bss           0x0000000000039608        0x0 obj_cooja/mtype498.a(rpl-ext-header.)
 .bss           0x0000000000039608        0x0 obj_cooja/mtype498.a(rpl-icmp6.o)
 .bss           0x0000000000039608        0x0 obj_cooja/mtype498.a(rpl-ltmax.o)
 *fill*         0x0000000000039608       0x18 
 .bss           0x0000000000039620       0x60 obj_cooja/mtype498.a(rpl-timers.o)
 .bss           0x0000000000039680        0x4 obj_cooja/mtype498.a(rpl.o)
 .bss           0x0000000000039684        0x2 obj_cooja/mtype498.a(framer-802154.o)
 .bss           0x0000000000039686        0x0 obj_cooja/mtype498.a(nullmac.o)
 *fill*         0x0000000000039686       0x1a 
 .bss           0x00000000000396a0       0xb0 obj_cooja/mtype498.a(cxmac.o)
 .bss           0x0000000000039750        0x0 obj_cooja/mtype498.a(linkaddr.o)
 *fill*         0x0000000000039750       0x10 
 .bss           0x0000000000039760       0xc4 obj_cooja/mtype498.a(nbr-table.o)
 .bss           0x0000000000039824        0x0 obj_cooja/mtype498.a(netstack.o)
 *fill*         0x0000000000039824       0x1c 
 .bss           0x0000000000039840       0xa0 obj_cooja/mtype498.a(packetbuf.o)
 .bss           0x00000000000398e0      0xb80 obj_cooja/mtype498.a(queuebuf.o)
 .bss           0x000000000003a460        0x0 obj_cooja/mtype498.a(nullsec.o)
 .bss           0x000000000003a460        0x0 obj_cooja/mtype498.a(watchdog.o)
 .bss           0x000000000003a460        0x0 obj_cooja/mtype498.a(rimestats.o)
 .bss           0x000000000003a460        0x1 obj_cooja/mtype498.a(leds.o)
 .bss           0x000000000003a461        0x0 obj_cooja/mtype498.a(memb.o)
 *fill*         0x000000000003a461        0x3 
 .bss           0x000000000003a464       0x18 obj_cooja/mtype498.a(uip-icmp6.o)
 .bss           0x000000000003a47c        0x0 obj_cooja/mtype498.a(uip-nd6.o)
 *fill*         0x000000000003a47c        0x4 
 .bss           0x000000000003a480       0x44 obj_cooja/mtype498.a(rpl-nbr-policy.)
 .bss           0x000000000003a4c4        0x0 obj_cooja/mtype498.a(frame802154.o)
 .bss           0x000000000003a4c4        0x0 obj_cooja/mtype498.a(mac.o)
 .bss           0x000000000003a4c4        0x0 /usr/lib/gcc/i686-linux-gnu/4.8/crtendS.o
 .bss           0x000000000003a4c4        0x0 /usr/lib/gcc/i686-linux-gnu/4.8/../../../i386-linux-gnu/crtn.o
 *(COMMON)
 COMMON         0x000000000003a4c4       0x4c udp-client.co
                0x000000000003a4c4                dio_count
                0x000000000003a4c8                dis_count
                0x000000000003a4cc                collision_count
                0x000000000003a4d0                transmission_count
                0x000000000003a4d4                COOJA_radioRxLong
                0x000000000003a4d8                control_message_count
                0x000000000003a4dc                dao_count
                0x000000000003a4e0                COOJA_radioTx
                0x000000000003a4e4                LSA_SR_preamble
                0x000000000003a4e8                data_relay_count
                0x000000000003a4ec                data_message_count
                0x000000000003a4f0                LSA_converge
                0x000000000003a4f1                my_sink_reachability
                0x000000000003a4f4                COOJA_radioTxLong
                0x000000000003a4f8                COOJA_radioRx
                0x000000000003a4fc                my_parent_number
                0x000000000003a500                COOJA_radioOn
                0x000000000003a504                COOJA_duration
                0x000000000003a508                dio_ack_count
                0x000000000003a50c                COOJA_radioOnLong
 COMMON         0x000000000003a510        0xc obj_cooja/mtype498.o
                0x000000000003a510                referenceVar
                0x000000000003a514                debugfp
                0x000000000003a518                sensors_flags
 COMMON         0x000000000003a51c        0xc obj_cooja/mtype498.a(simEnvChange.o)
                0x000000000003a51c                simEtimerPending
                0x000000000003a520                simProcessRunValue
                0x000000000003a524                simNextExpirationTime
 COMMON         0x000000000003a528        0x1 obj_cooja/mtype498.a(beep.o)
                0x000000000003a528                simBeeped
 COMMON         0x000000000003a529        0x3 obj_cooja/mtype498.a(button-sensor.o)
                0x000000000003a529                simButtonIsActive
                0x000000000003a52a                simButtonIsDown
                0x000000000003a52b                simButtonChanged
 COMMON         0x000000000003a52c        0x1 obj_cooja/mtype498.a(leds-arch.o)
                0x000000000003a52c                simLedsValue
 *fill*         0x000000000003a52d        0x3 
 COMMON         0x000000000003a530        0xc obj_cooja/mtype498.a(moteid.o)
                0x000000000003a530                simRandomSeed
                0x000000000003a534                simMoteIDChanged
                0x000000000003a538                simMoteID
 COMMON         0x000000000003a53c        0x2 obj_cooja/mtype498.a(pir-sensor.o)
                0x000000000003a53c                simPirIsActive
                0x000000000003a53d                simPirChanged
 *fill*         0x000000000003a53e        0x2 
 COMMON         0x000000000003a540      0x820 obj_cooja/mtype498.a(rs232.o)
                0x000000000003a540                simSerialReceivingFlag
                0x000000000003a544                simSerialReceivingLength
                0x000000000003a560                simSerialReceivingData
 COMMON         0x000000000003ad60        0x2 obj_cooja/mtype498.a(vib-sensor.o)
                0x000000000003ad60                simVibChanged
                0x000000000003ad61                simVibIsActive
 *fill*         0x000000000003ad62        0x2 
 COMMON         0x000000000003ad64        0x4 obj_cooja/mtype498.a(clock.o)
                0x000000000003ad64                simCurrentTime
 *fill*         0x000000000003ad68       0x18 
 COMMON         0x000000000003ad80      0x420 obj_cooja/mtype498.a(log.o)
                0x000000000003ad80                simLoggedLength
                0x000000000003ad84                simLoggedFlag
                0x000000000003ada0                simLoggedData
 COMMON         0x000000000003b1a0      0x240 obj_cooja/mtype498.a(cooja-radio.o)
                0x000000000003b1a0                simOutDataBuffer
                0x000000000003b220                simRadioTarget
                0x000000000003b240                simInDataBufferLR
                0x000000000003b2c0                simOutDataBufferLR
                0x000000000003b340                dual_duty_cycle_count
                0x000000000003b360                simInDataBuffer
 COMMON         0x000000000003b3e0      0x400 obj_cooja/mtype498.a(eeprom.o)
                0x000000000003b3e0                simEEPROMData
 COMMON         0x000000000003b7e0        0x1 obj_cooja/mtype498.a(sensors.o)
                0x000000000003b7e0                sensors_event
 *fill*         0x000000000003b7e1        0x3 
 COMMON         0x000000000003b7e4        0x4 obj_cooja/mtype498.a(log_message.o)
                0x000000000003b7e4                log_fp
 COMMON         0x000000000003b7e8        0x1 obj_cooja/mtype498.a(serial-line.o)
                0x000000000003b7e8                serial_line_event_message
 COMMON         0x000000000003b7e9        0x1 obj_cooja/mtype498.a(sicslowpan.o)
                0x000000000003b7e9                p
 *fill*         0x000000000003b7ea       0x16 
 COMMON         0x000000000003b800       0x50 obj_cooja/mtype498.a(uip-ds6-nbr.o)
                0x000000000003b800                ds6_lr_addrmap
 *fill*         0x000000000003b850       0x10 
 COMMON         0x000000000003b860      0x298 obj_cooja/mtype498.a(uip-ds6.o)
                0x000000000003b860                uip_ds6_prefix_list
                0x000000000003b8c0                uip_ds6_timer_periodic
                0x000000000003b8d0                uip_ds6_netif_addr_list_offset
                0x000000000003b8e0                uip_ds6_if
                0x000000000003b9d8                uip_ds6_timer_ra
                0x000000000003b9e0                uip_ds6_addr_size
                0x000000000003ba00                long_uip_ds6_if
 *fill*         0x000000000003baf8        0x8 
 COMMON         0x000000000003bb00      0x8ec obj_cooja/mtype498.a(uip6.o)
                0x000000000003bb00                uip_slen
                0x000000000003bb02                uip_acc32
                0x000000000003bb20                uip_conns
                0x000000000003bbe0                uip_lladdr
                0x000000000003bbe8                uip_appdata
                0x000000000003bbec                uip_flags
                0x000000000003bc00                uip_aligned_buf
                0x000000000003c240                uip_listenports
                0x000000000003c250                uip_len
                0x000000000003c252                uip_long_lladdr
                0x000000000003c25c                uip_sappdata
                0x000000000003c260                uip_udp_conns
                0x000000000003c3e0                uip_udp_conn
                0x000000000003c3e4                uip_next_hdr
                0x000000000003c3e8                uip_conn
 COMMON         0x000000000003c3ec        0x1 obj_cooja/mtype498.a(tcpip.o)
                0x000000000003c3ec                tcpip_event
 *fill*         0x000000000003c3ed       0x13 
 COMMON         0x000000000003c400      0x198 obj_cooja/mtype498.a(rpl-dag.o)
                0x000000000003c400                default_instance
                0x000000000003c420                instance_table
 COMMON         0x000000000003c598       0x10 obj_cooja/mtype498.a(linkaddr.o)
                0x000000000003c598                linkaddr_node_addr
                0x000000000003c5a0                long_linkaddr_node_addr
 COMMON         0x000000000003c5a8       0x2e obj_cooja/mtype498.a(packetbuf.o)
                0x000000000003c5a8                packetbuf_attrs
                0x000000000003c5c6                packetbuf_addrs
 *fill*         0x000000000003c5d6        0xa 
 COMMON         0x000000000003c5e0       0x48 obj_cooja/mtype498.a(rimestats.o)
                0x000000000003c5e0                rimestats
                0x000000000003c628                . = ALIGN ((. != 0x0)?0x4:0x1)
                0x000000000003c628                . = ALIGN (0x4)
                0x000000000003c628                . = SEGMENT_START ("ldata-segment", .)
                0x000000000003c628                . = ALIGN (0x4)
                0x000000000003c628                _end = .
                0x000000000003c628                PROVIDE (end, .)
                0x000000000003c628                . = DATA_SEGMENT_END (.)

.stab
 *(.stab)

.stabstr
 *(.stabstr)

.stab.excl
 *(.stab.excl)

.stab.exclstr
 *(.stab.exclstr)

.stab.index
 *(.stab.index)

.stab.indexstr
 *(.stab.indexstr)

.comment        0x0000000000000000       0x29
 *(.comment)
 .comment       0x0000000000000000       0x29 /usr/lib/gcc/i686-linux-gnu/4.8/crtbeginS.o
                                         0x2a (size before relaxing)
 .comment       0x0000000000000000       0x2a udp-client.co
 .comment       0x0000000000000000       0x2a obj_cooja/mtype498.o
 .comment       0x0000000000000000       0x2a obj_cooja/mtype498.a(simEnvChange.o)
 .comment       0x0000000000000000       0x2a obj_cooja/mtype498.a(cooja_mt.o)
 .comment       0x0000000000000000       0x2a obj_cooja/mtype498.a(cooja_mtarch.o)
 .comment       0x0000000000000000       0x2a obj_cooja/mtype498.a(rtimer-arch.o)
 .comment       0x0000000000000000       0x2a obj_cooja/mtype498.a(beep.o)
 .comment       0x0000000000000000       0x2a obj_cooja/mtype498.a(button-sensor.o)
 .comment       0x0000000000000000       0x2a obj_cooja/mtype498.a(leds-arch.o)
 .comment       0x0000000000000000       0x2a obj_cooja/mtype498.a(moteid.o)
 .comment       0x0000000000000000       0x2a obj_cooja/mtype498.a(pir-sensor.o)
 .comment       0x0000000000000000       0x2a obj_cooja/mtype498.a(rs232.o)
 .comment       0x0000000000000000       0x2a obj_cooja/mtype498.a(vib-sensor.o)
 .comment       0x0000000000000000       0x2a obj_cooja/mtype498.a(clock.o)
 .comment       0x0000000000000000       0x2a obj_cooja/mtype498.a(log.o)
 .comment       0x0000000000000000       0x2a obj_cooja/mtype498.a(cfs-cooja.o)
 .comment       0x0000000000000000       0x2a obj_cooja/mtype498.a(cooja-radio.o)
 .comment       0x0000000000000000       0x2a obj_cooja/mtype498.a(eeprom.o)
 .comment       0x0000000000000000       0x2a obj_cooja/mtype498.a(random.o)
 .comment       0x0000000000000000       0x2a obj_cooja/mtype498.a(sensors.o)
 .comment       0x0000000000000000       0x2a obj_cooja/mtype498.a(dual_conf.o)
 .comment       0x0000000000000000       0x2a obj_cooja/mtype498.a(autostart.o)
 .comment       0x0000000000000000       0x2a obj_cooja/mtype498.a(ctimer.o)
 .comment       0x0000000000000000       0x2a obj_cooja/mtype498.a(etimer.o)
 .comment       0x0000000000000000       0x2a obj_cooja/mtype498.a(log_message.o)
 .comment       0x0000000000000000       0x2a obj_cooja/mtype498.a(process.o)
 .comment       0x0000000000000000       0x2a obj_cooja/mtype498.a(residual.o)
 .comment       0x0000000000000000       0x2a obj_cooja/mtype498.a(rtimer.o)
 .comment       0x0000000000000000       0x2a obj_cooja/mtype498.a(stimer.o)
 .comment       0x0000000000000000       0x2a obj_cooja/mtype498.a(timer.o)
 .comment       0x0000000000000000       0x2a obj_cooja/mtype498.a(serial-line.o)
 .comment       0x0000000000000000       0x2a obj_cooja/mtype498.a(list.o)
 .comment       0x0000000000000000       0x2a obj_cooja/mtype498.a(ringbuf.o)
 .comment       0x0000000000000000       0x2a obj_cooja/mtype498.a(sicslowpan.o)
 .comment       0x0000000000000000       0x2a obj_cooja/mtype498.a(uip-ds6-nbr.o)
 .comment       0x0000000000000000       0x2a obj_cooja/mtype498.a(uip-ds6-route.o)
 .comment       0x0000000000000000       0x2a obj_cooja/mtype498.a(uip-ds6.o)
 .comment       0x0000000000000000       0x2a obj_cooja/mtype498.a(uip6.o)
 .comment       0x0000000000000000       0x2a obj_cooja/mtype498.a(tcpip.o)
 .comment       0x0000000000000000       0x2a obj_cooja/mtype498.a(uip-debug.o)
 .comment       0x0000000000000000       0x2a obj_cooja/mtype498.a(uip-packetqueue)
 .comment       0x0000000000000000       0x2a obj_cooja/mtype498.a(uip-udp-packet.)
 .comment       0x0000000000000000       0x2a obj_cooja/mtype498.a(rpl-dag.o)
 .comment       0x0000000000000000       0x2a obj_cooja/mtype498.a(rpl-ext-header.)
 .comment       0x0000000000000000       0x2a obj_cooja/mtype498.a(rpl-icmp6.o)
 .comment       0x0000000000000000       0x2a obj_cooja/mtype498.a(rpl-ltmax.o)
 .comment       0x0000000000000000       0x2a obj_cooja/mtype498.a(rpl-timers.o)
 .comment       0x0000000000000000       0x2a obj_cooja/mtype498.a(rpl.o)
 .comment       0x0000000000000000       0x2a obj_cooja/mtype498.a(framer-802154.o)
 .comment       0x0000000000000000       0x2a obj_cooja/mtype498.a(nullmac.o)
 .comment       0x0000000000000000       0x2a obj_cooja/mtype498.a(cxmac.o)
 .comment       0x0000000000000000       0x2a obj_cooja/mtype498.a(linkaddr.o)
 .comment       0x0000000000000000       0x2a obj_cooja/mtype498.a(nbr-table.o)
 .comment       0x0000000000000000       0x2a obj_cooja/mtype498.a(netstack.o)
 .comment       0x0000000000000000       0x2a obj_cooja/mtype498.a(packetbuf.o)
 .comment       0x0000000000000000       0x2a obj_cooja/mtype498.a(queuebuf.o)
 .comment       0x0000000000000000       0x2a obj_cooja/mtype498.a(nullsec.o)
 .comment       0x0000000000000000       0x2a obj_cooja/mtype498.a(watchdog.o)
 .comment       0x0000000000000000       0x2a obj_cooja/mtype498.a(rimestats.o)
 .comment       0x0000000000000000       0x2a obj_cooja/mtype498.a(leds.o)
 .comment       0x0000000000000000       0x2a obj_cooja/mtype498.a(memb.o)
 .comment       0x0000000000000000       0x2a obj_cooja/mtype498.a(uip-icmp6.o)
 .comment       0x0000000000000000       0x2a obj_cooja/mtype498.a(uip-nd6.o)
 .comment       0x0000000000000000       0x2a obj_cooja/mtype498.a(rpl-nbr-policy.)
 .comment       0x0000000000000000       0x2a obj_cooja/mtype498.a(frame802154.o)
 .comment       0x0000000000000000       0x2a obj_cooja/mtype498.a(mac.o)
 .comment       0x0000000000000000       0x2a /usr/lib/gcc/i686-linux-gnu/4.8/crtendS.o

.debug
 *(.debug)

.line
 *(.line)

.debug_srcinfo
 *(.debug_srcinfo)

.debug_sfnames
 *(.debug_sfnames)

.debug_aranges  0x0000000000000000      0x838
 *(.debug_aranges)
 .debug_aranges
                0x0000000000000000       0x20 udp-client.co
 .debug_aranges
                0x0000000000000020       0x20 obj_cooja/mtype498.o
 .debug_aranges
                0x0000000000000040       0x20 obj_cooja/mtype498.a(simEnvChange.o)
 .debug_aranges
                0x0000000000000060       0x20 obj_cooja/mtype498.a(cooja_mt.o)
 .debug_aranges
                0x0000000000000080       0x20 obj_cooja/mtype498.a(cooja_mtarch.o)
 .debug_aranges
                0x00000000000000a0       0x20 obj_cooja/mtype498.a(rtimer-arch.o)
 .debug_aranges
                0x00000000000000c0       0x20 obj_cooja/mtype498.a(beep.o)
 .debug_aranges
                0x00000000000000e0       0x20 obj_cooja/mtype498.a(button-sensor.o)
 .debug_aranges
                0x0000000000000100       0x20 obj_cooja/mtype498.a(leds-arch.o)
 .debug_aranges
                0x0000000000000120       0x20 obj_cooja/mtype498.a(moteid.o)
 .debug_aranges
                0x0000000000000140       0x20 obj_cooja/mtype498.a(pir-sensor.o)
 .debug_aranges
                0x0000000000000160       0x20 obj_cooja/mtype498.a(rs232.o)
 .debug_aranges
                0x0000000000000180       0x20 obj_cooja/mtype498.a(vib-sensor.o)
 .debug_aranges
                0x00000000000001a0       0x20 obj_cooja/mtype498.a(clock.o)
 .debug_aranges
                0x00000000000001c0       0x20 obj_cooja/mtype498.a(log.o)
 .debug_aranges
                0x00000000000001e0       0x20 obj_cooja/mtype498.a(cfs-cooja.o)
 .debug_aranges
                0x0000000000000200       0x20 obj_cooja/mtype498.a(cooja-radio.o)
 .debug_aranges
                0x0000000000000220       0x20 obj_cooja/mtype498.a(eeprom.o)
 .debug_aranges
                0x0000000000000240       0x20 obj_cooja/mtype498.a(random.o)
 .debug_aranges
                0x0000000000000260       0x20 obj_cooja/mtype498.a(sensors.o)
 .debug_aranges
                0x0000000000000280       0x20 obj_cooja/mtype498.a(dual_conf.o)
 .debug_aranges
                0x00000000000002a0       0x20 obj_cooja/mtype498.a(autostart.o)
 .debug_aranges
                0x00000000000002c0       0x20 obj_cooja/mtype498.a(ctimer.o)
 .debug_aranges
                0x00000000000002e0       0x20 obj_cooja/mtype498.a(etimer.o)
 .debug_aranges
                0x0000000000000300       0x20 obj_cooja/mtype498.a(log_message.o)
 .debug_aranges
                0x0000000000000320       0x20 obj_cooja/mtype498.a(process.o)
 .debug_aranges
                0x0000000000000340       0x20 obj_cooja/mtype498.a(residual.o)
 .debug_aranges
                0x0000000000000360       0x20 obj_cooja/mtype498.a(rtimer.o)
 .debug_aranges
                0x0000000000000380       0x20 obj_cooja/mtype498.a(stimer.o)
 .debug_aranges
                0x00000000000003a0       0x20 obj_cooja/mtype498.a(timer.o)
 .debug_aranges
                0x00000000000003c0       0x20 obj_cooja/mtype498.a(serial-line.o)
 .debug_aranges
                0x00000000000003e0       0x20 obj_cooja/mtype498.a(list.o)
 .debug_aranges
                0x0000000000000400       0x20 obj_cooja/mtype498.a(ringbuf.o)
 .debug_aranges
                0x0000000000000420       0x20 obj_cooja/mtype498.a(sicslowpan.o)
 .debug_aranges
                0x0000000000000440       0x20 obj_cooja/mtype498.a(uip-ds6-nbr.o)
 .debug_aranges
                0x0000000000000460       0x20 obj_cooja/mtype498.a(uip-ds6-route.o)
 .debug_aranges
                0x0000000000000480       0x20 obj_cooja/mtype498.a(uip-ds6.o)
 .debug_aranges
                0x00000000000004a0       0x20 obj_cooja/mtype498.a(uip6.o)
 .debug_aranges
                0x00000000000004c0       0x20 obj_cooja/mtype498.a(tcpip.o)
 .debug_aranges
                0x00000000000004e0       0x20 obj_cooja/mtype498.a(uip-debug.o)
 .debug_aranges
                0x0000000000000500       0x20 obj_cooja/mtype498.a(uip-packetqueue)
 .debug_aranges
                0x0000000000000520       0x20 obj_cooja/mtype498.a(uip-udp-packet.)
 .debug_aranges
                0x0000000000000540       0x20 obj_cooja/mtype498.a(rpl-dag.o)
 .debug_aranges
                0x0000000000000560       0x20 obj_cooja/mtype498.a(rpl-ext-header.)
 .debug_aranges
                0x0000000000000580       0x20 obj_cooja/mtype498.a(rpl-icmp6.o)
 .debug_aranges
                0x00000000000005a0       0x20 obj_cooja/mtype498.a(rpl-ltmax.o)
 .debug_aranges
                0x00000000000005c0       0x20 obj_cooja/mtype498.a(rpl-timers.o)
 .debug_aranges
                0x00000000000005e0       0x20 obj_cooja/mtype498.a(rpl.o)
 .debug_aranges
                0x0000000000000600       0x20 obj_cooja/mtype498.a(framer-802154.o)
 .debug_aranges
                0x0000000000000620       0x20 obj_cooja/mtype498.a(nullmac.o)
 .debug_aranges
                0x0000000000000640       0x20 obj_cooja/mtype498.a(cxmac.o)
 .debug_aranges
                0x0000000000000660       0x20 obj_cooja/mtype498.a(linkaddr.o)
 .debug_aranges
                0x0000000000000680       0x20 obj_cooja/mtype498.a(nbr-table.o)
 .debug_aranges
                0x00000000000006a0       0x20 obj_cooja/mtype498.a(netstack.o)
 .debug_aranges
                0x00000000000006c0       0x20 obj_cooja/mtype498.a(packetbuf.o)
 .debug_aranges
                0x00000000000006e0       0x20 obj_cooja/mtype498.a(queuebuf.o)
 .debug_aranges
                0x0000000000000700       0x20 obj_cooja/mtype498.a(nullsec.o)
 .debug_aranges
                0x0000000000000720       0x20 obj_cooja/mtype498.a(watchdog.o)
 .debug_aranges
                0x0000000000000740       0x18 obj_cooja/mtype498.a(rimestats.o)
 .debug_aranges
                0x0000000000000758       0x20 obj_cooja/mtype498.a(leds.o)
 .debug_aranges
                0x0000000000000778       0x20 obj_cooja/mtype498.a(memb.o)
 .debug_aranges
                0x0000000000000798       0x20 obj_cooja/mtype498.a(uip-icmp6.o)
 .debug_aranges
                0x00000000000007b8       0x20 obj_cooja/mtype498.a(uip-nd6.o)
 .debug_aranges
                0x00000000000007d8       0x20 obj_cooja/mtype498.a(rpl-nbr-policy.)
 .debug_aranges
                0x00000000000007f8       0x20 obj_cooja/mtype498.a(frame802154.o)
 .debug_aranges
                0x0000000000000818       0x20 obj_cooja/mtype498.a(mac.o)

.debug_pubnames
 *(.debug_pubnames)

.debug_info     0x0000000000000000    0x1d597
 *(.debug_info .gnu.linkonce.wi.*)