Archive member included to satisfy reference by file (symbol)

obj_cooja/mtype935.a(simEnvChange.o)
                              obj_cooja/mtype935.o (simDontFallAsleep)
obj_cooja/mtype935.a(cooja_mt.o)
                              obj_cooja/mtype935.o (cooja_mt_start)
obj_cooja/mtype935.a(cooja_mtarch.o)
                              obj_cooja/mtype935.a(cooja_mt.o) (cooja_mtarch_init)
obj_cooja/mtype935.a(rtimer-arch.o)
                              obj_cooja/mtype935.o (rtimer_arch_next)
obj_cooja/mtype935.a(beep.o)  obj_cooja/mtype935.o (beep_interface)
obj_cooja/mtype935.a(button-sensor.o)
                              obj_cooja/mtype935.o (button_interface)
obj_cooja/mtype935.a(leds-arch.o)
                              obj_cooja/mtype935.o (leds_interface)
obj_cooja/mtype935.a(moteid.o)
                              obj_cooja/mtype935.o (moteid_interface)
obj_cooja/mtype935.a(pir-sensor.o)
                              obj_cooja/mtype935.o (pir_interface)
obj_cooja/mtype935.a(rs232.o)
                              obj_cooja/mtype935.o (rs232_interface)
obj_cooja/mtype935.a(vib-sensor.o)
                              obj_cooja/mtype935.o (vib_interface)
obj_cooja/mtype935.a(clock.o)
                              obj_cooja/mtype935.o (clock_interface)
obj_cooja/mtype935.a(log.o)   obj_cooja/mtype935.o (simlog_interface)
obj_cooja/mtype935.a(cfs-cooja.o)
                              obj_cooja/mtype935.o (cfs_interface)
obj_cooja/mtype935.a(cooja-radio.o)
                              obj_cooja/mtype935.o (radio_interface)
obj_cooja/mtype935.a(eeprom.o)
                              obj_cooja/mtype935.o (eeprom_interface)
obj_cooja/mtype935.a(random.o)
                              obj_cooja/mtype935.a(moteid.o) (random_init)
obj_cooja/mtype935.a(sensors.o)
                              udp-server.co (sensors_event)
obj_cooja/mtype935.a(dual_conf.o)
                              obj_cooja/mtype935.a(cooja-radio.o) (long_range_radio)
obj_cooja/mtype935.a(autostart.o)
                              obj_cooja/mtype935.o (autostart_start)
obj_cooja/mtype935.a(ctimer.o)
                              obj_cooja/mtype935.o (ctimer_init)
obj_cooja/mtype935.a(etimer.o)
                              obj_cooja/mtype935.o (etimer_process)
obj_cooja/mtype935.a(log_message.o)
                              obj_cooja/mtype935.o (log_initialization)
obj_cooja/mtype935.a(process.o)
                              udp-server.co (process_current)
obj_cooja/mtype935.a(residual.o)
                              obj_cooja/mtype935.o (get_residual_energy)
obj_cooja/mtype935.a(rtimer.o)
                              obj_cooja/mtype935.a(rtimer-arch.o) (rtimer_run_next)
obj_cooja/mtype935.a(timer.o)
                              obj_cooja/mtype935.a(button-sensor.o) (timer_set)
obj_cooja/mtype935.a(serial-line.o)
                              obj_cooja/mtype935.a(rs232.o) (serial_line_input_byte)
obj_cooja/mtype935.a(list.o)  obj_cooja/mtype935.a(ctimer.o) (list_init)
obj_cooja/mtype935.a(ringbuf.o)
                              obj_cooja/mtype935.a(serial-line.o) (ringbuf_init)
obj_cooja/mtype935.a(sicslowpan.o)
                              obj_cooja/mtype935.o (sicslowpan_driver)
obj_cooja/mtype935.a(uip-ds6-nbr.o)
                              obj_cooja/mtype935.a(sicslowpan.o) (uip_ds6_link_neighbor_callback)
obj_cooja/mtype935.a(uip-ds6.o)
                              udp-server.co (uip_ds6_if)
obj_cooja/mtype935.a(uip6.o)  obj_cooja/mtype935.o (uip_lladdr)
obj_cooja/mtype935.a(tcpip.o)
                              udp-server.co (tcpip_event)
obj_cooja/mtype935.a(uip-debug.o)
                              udp-server.co (uip_debug_ipaddr_print)
obj_cooja/mtype935.a(uip-packetqueue)
                              obj_cooja/mtype935.a(uip-ds6-nbr.o) (uip_packetqueue_new)
obj_cooja/mtype935.a(rpl-dag.o)
                              udp-server.co (rpl_set_root)
obj_cooja/mtype935.a(rpl-ext-header.)
                              obj_cooja/mtype935.a(uip6.o) (rpl_verify_header)
obj_cooja/mtype935.a(rpl-icmp6.o)
                              obj_cooja/mtype935.a(rpl-dag.o) (rpl_icmp6_update_nbr_table)
obj_cooja/mtype935.a(rpl-ltmax.o)
                              obj_cooja/mtype935.a(rpl-dag.o) (rpl_ltmax_of)
obj_cooja/mtype935.a(rpl-timers.o)
                              obj_cooja/mtype935.a(rpl-dag.o) (rpl_reset_dio_timer)
obj_cooja/mtype935.a(rpl.o)   obj_cooja/mtype935.a(rpl-icmp6.o) (rpl_get_mode)
obj_cooja/mtype935.a(framer-802154.o)
                              obj_cooja/mtype935.a(sicslowpan.o) (framer_802154)
obj_cooja/mtype935.a(nullmac.o)
                              udp-server.co (nullmac_driver)
obj_cooja/mtype935.a(cxmac.o)
                              obj_cooja/mtype935.a(rpl-dag.o) (lr_count)
obj_cooja/mtype935.a(linkaddr.o)
                              obj_cooja/mtype935.o (linkaddr_node_addr)
obj_cooja/mtype935.a(nbr-table.o)
[...]
Memory Configuration

Name             Origin             Length             Attributes
*default*        0x0000000000000000 0xffffffffffffffff

Linker script and memory map

LOAD /usr/lib/gcc/i686-linux-gnu/4.8/../../../i386-linux-gnu/crti.o
LOAD /usr/lib/gcc/i686-linux-gnu/4.8/crtbeginS.o
LOAD udp-server.co
LOAD obj_cooja/mtype935.o
LOAD obj_cooja/mtype935.a
LOAD /usr/lib/gcc/i686-linux-gnu/4.8/libgcc.a
LOAD /usr/lib/gcc/i686-linux-gnu/4.8/libgcc_s.so
LOAD /usr/lib/gcc/i686-linux-gnu/4.8/../../../i386-linux-gnu/libc.so
START GROUP
LOAD /lib/i386-linux-gnu/libc.so.6
LOAD /usr/lib/i386-linux-gnu/libc_nonshared.a
LOAD /lib/i386-linux-gnu/ld-linux.so.2
END GROUP
LOAD /usr/lib/gcc/i686-linux-gnu/4.8/libgcc.a
LOAD /usr/lib/gcc/i686-linux-gnu/4.8/libgcc_s.so
LOAD /usr/lib/gcc/i686-linux-gnu/4.8/crtendS.o
LOAD /usr/lib/gcc/i686-linux-gnu/4.8/../../../i386-linux-gnu/crtn.o
                0x0000000000000114                . = (0x0 + SIZEOF_HEADERS)

.note.gnu.build-id
                0x0000000000000114       0x24
 *(.note.gnu.build-id)
 .note.gnu.build-id
                0x0000000000000114       0x24 /usr/lib/gcc/i686-linux-gnu/4.8/../../../i386-linux-gnu/crti.o

.hash
 *(.hash)

.gnu.hash       0x0000000000000138     0x1368
 *(.gnu.hash)
 .gnu.hash      0x0000000000000138     0x1368 /usr/lib/gcc/i686-linux-gnu/4.8/../../../i386-linux-gnu/crti.o

.dynsym         0x00000000000014a0     0x2600
 *(.dynsym)
 .dynsym        0x00000000000014a0     0x2600 /usr/lib/gcc/i686-linux-gnu/4.8/../../../i386-linux-gnu/crti.o

.dynstr         0x0000000000003aa0     0x2704
 *(.dynstr)
 .dynstr        0x0000000000003aa0     0x2704 /usr/lib/gcc/i686-linux-gnu/4.8/../../../i386-linux-gnu/crti.o

.gnu.version    0x00000000000061a4      0x4c0
 *(.gnu.version)
 .gnu.version   0x00000000000061a4      0x4c0 /usr/lib/gcc/i686-linux-gnu/4.8/../../../i386-linux-gnu/crti.o

.gnu.version_d  0x0000000000006664        0x0
 *(.gnu.version_d)
 .gnu.version_d
                0x0000000000000000        0x0 /usr/lib/gcc/i686-linux-gnu/4.8/../../../i386-linux-gnu/crti.o

.gnu.version_r  0x0000000000006664       0x50
 *(.gnu.version_r)
 .gnu.version_r
                0x0000000000006664       0x50 /usr/lib/gcc/i686-linux-gnu/4.8/../../../i386-linux-gnu/crti.o

.rel.dyn        0x00000000000066b4     0xa308
 *(.rel.init)
 .rel.init      0x0000000000000000        0x0 /usr/lib/gcc/i686-linux-gnu/4.8/../../../i386-linux-gnu/crti.o
 *(.rel.text .rel.text.* .rel.gnu.linkonce.t.*)
 .rel.text      0x00000000000066b4     0x9b78 /usr/lib/gcc/i686-linux-gnu/4.8/../../../i386-linux-gnu/crti.o
 *(.rel.fini)
 .rel.fini      0x0000000000000000        0x0 /usr/lib/gcc/i686-linux-gnu/4.8/../../../i386-linux-gnu/crti.o
 *(.rel.rodata .rel.rodata.* .rel.gnu.linkonce.r.*)
 .rel.rodata    0x000000000001022c      0x4e0 /usr/lib/gcc/i686-linux-gnu/4.8/../../../i386-linux-gnu/crti.o
 *(.rel.data.rel.ro .rel.data.rel.ro.* .rel.gnu.linkonce.d.rel.ro.*)
 *(.rel.data .rel.data.* .rel.gnu.linkonce.d.*)
 .rel.data.rel  0x000000000001070c        0x8 /usr/lib/gcc/i686-linux-gnu/4.8/../../../i386-linux-gnu/crti.o
 .rel.data      0x0000000000010714      0x270 /usr/lib/gcc/i686-linux-gnu/4.8/../../../i386-linux-gnu/crti.o
 *(.rel.tdata .rel.tdata.* .rel.gnu.linkonce.td.*)
 *(.rel.tbss .rel.tbss.* .rel.gnu.linkonce.tb.*)
 *(.rel.ctors)
 *(.rel.dtors)
 *(.rel.got)
 .rel.got       0x0000000000010984       0x28 /usr/lib/gcc/i686-linux-gnu/4.8/../../../i386-linux-gnu/crti.o
 *(.rel.bss .rel.bss.* .rel.gnu.linkonce.b.*)
 *(.rel.ifunc)
 .rel.ifunc     0x0000000000000000        0x0 /usr/lib/gcc/i686-linux-gnu/4.8/../../../i386-linux-gnu/crti.o
 .rel.fini_array
                0x00000000000109ac        0x8 /usr/lib/gcc/i686-linux-gnu/4.8/../../../i386-linux-gnu/crti.o
 .rel.init_array
                0x00000000000109b4        0x8 /usr/lib/gcc/i686-linux-gnu/4.8/../../../i386-linux-gnu/crti.o

.rel.plt        0x00000000000109bc       0x10
 *(.rel.plt)
 .rel.plt       0x00000000000109bc       0x10 /usr/lib/gcc/i686-linux-gnu/4.8/../../../i386-linux-gnu/crti.o
 *(.rel.iplt)

.init           0x00000000000109cc       0x23
 *(SORT(.init))
 .init          0x00000000000109cc       0x1e /usr/lib/gcc/i686-linux-gnu/4.8/../../../i386-linux-gnu/crti.o
                0x00000000000109cc                _init
 .init          0x00000000000109ea        0x5 /usr/lib/gcc/i686-linux-gnu/4.8/../../../i386-linux-gnu/crtn.o

.plt            0x00000000000109f0       0x30
 *(.plt)
 .plt           0x00000000000109f0       0x30 /usr/lib/gcc/i686-linux-gnu/4.8/../../../i386-linux-gnu/crti.o
 *(.iplt)

.text           0x0000000000010a20    0x17bc0
 *(.text.unlikely .text.*_unlikely .text.unlikely.*)
 *(.text.exit .text.exit.*)
 *(.text.startup .text.startup.*)
 *(.text.hot .text.hot.*)
 *(.text .stub .text.* .gnu.linkonce.t.*)
 .text          0x0000000000010a20        0x0 /usr/lib/gcc/i686-linux-gnu/4.8/../../../i386-linux-gnu/crti.o
 .gnu.linkonce.t.__x86.get_pc_thunk.bx
                0x0000000000010a20        0x4 /usr/lib/gcc/i686-linux-gnu/4.8/../../../i386-linux-gnu/crti.o
                0x0000000000010a20                __x86.get_pc_thunk.bx
 *fill*         0x0000000000010a24        0xc 
 .text          0x0000000000010a30      0x11b /usr/lib/gcc/i686-linux-gnu/4.8/crtbeginS.o
 .text          0x0000000000010b4b      0x3ce udp-server.co
 .text          0x0000000000010f19      0x96a obj_cooja/mtype935.o
                0x00000000000110c7                contiki_init
                0x000000000001169a                Java_org_contikios_cooja_corecomm_Lib34_init
                0x00000000000116da                Java_org_contikios_cooja_corecomm_Lib34_getMemory
                0x000000000001171a                Java_org_contikios_cooja_corecomm_Lib34_setMemory
                0x0000000000011791                Java_org_contikios_cooja_corecomm_Lib34_tick
                0x0000000000011871                Java_org_contikios_cooja_corecomm_Lib34_setReferenceAddress
 .text          0x0000000000011883       0x63 obj_cooja/mtype935.a(simEnvChange.o)
                0x0000000000011883                doActionsBeforeTick
                0x00000000000118b4                doActionsAfterTick
 .text          0x00000000000118e6       0xbc obj_cooja/mtype935.a(cooja_mt.o)
                0x00000000000118e6                cooja_mt_init
                0x00000000000118f3                cooja_mt_remove
                0x0000000000011900                cooja_mt_start
                0x000000000001192d                cooja_mt_exec
                0x000000000001195e                cooja_mt_exit
                0x0000000000011980                cooja_mt_yield
 .text          0x00000000000119a2      0x115 obj_cooja/mtype935.a(cooja_mtarch.o)
                0x00000000000119a2                cooja_mtarch_init
                0x00000000000119a7                cooja_mtarch_start
                0x0000000000011a22                cooja_sw
                0x0000000000011a44                cooja_mtarch_exec
                0x0000000000011a60                cooja_mtarch_remove
                0x0000000000011a65                cooja_mtarch_yield
                0x0000000000011a6f                cooja_mtarch_pstop
                0x0000000000011a74                cooja_mtarch_pstart
                0x0000000000011a79                cooja_mtarch_stack_usage
 .text          0x0000000000011ab7       0xc2 obj_cooja/mtype935.a(rtimer-arch.o)
                0x0000000000011ab7                rtimer_arch_init
                0x0000000000011ada                rtimer_arch_schedule
                0x0000000000011af1                rtimer_arch_next
                0x0000000000011afb                rtimer_arch_pending
                0x0000000000011b05                rtimer_arch_check
                0x0000000000011b37                rtimer_arch_now
 .text          0x0000000000011b79       0x76 obj_cooja/mtype935.a(beep.o)
                0x0000000000011b79                beep_alarm
                0x0000000000011b85                beep_beep
                0x0000000000011b91                beep
                0x0000000000011b9d                beep_down
                0x0000000000011ba9                beep_on
                0x0000000000011bb5                beep_off
                0x0000000000011bc1                beep_spinup
                0x0000000000011bcd                beep_quick
                0x0000000000011bd9                beep_long
 .text          0x0000000000011bef      0x103 obj_cooja/mtype935.a(button-sensor.o)
 .text          0x0000000000011cf2       0x45 obj_cooja/mtype935.a(leds-arch.o)
                0x0000000000011cf2                leds_arch_init
                0x0000000000011cfe                leds_arch_get
                0x0000000000011d0a                leds_arch_set
 .text          0x0000000000011d37       0x2f obj_cooja/mtype935.a(moteid.o)
 .text          0x0000000000011d66       0xb1 obj_cooja/mtype935.a(pir-sensor.o)
 .text          0x0000000000011e17      0x131 obj_cooja/mtype935.a(rs232.o)
                0x0000000000011e17                rs232_init
                0x0000000000011e1c                rs232_set_speed
                0x0000000000011e2a                rs232_set_input
                0x0000000000011e37                rs232_send
                0x0000000000011e59                rs232_print
                0x0000000000011e74                slip_arch_writeb
 .text          0x0000000000011f48       0xb1 obj_cooja/mtype935.a(vib-sensor.o)
 .text          0x0000000000011ff9       0x34 obj_cooja/mtype935.a(clock.o)
                0x0000000000011ff9                clock_init
                0x0000000000011ffe                clock_time
                0x0000000000012008                clock_seconds
                0x000000000001201e                clock_delay
 .text          0x000000000001202d      0x1ed obj_cooja/mtype935.a(log.o)
                0x000000000001202d                simlog_char
                0x000000000001206f                simlog
                0x00000000000120dc                log_message
                0x0000000000012104                log_set_putchar_with_slip
                0x0000000000012111                log_putchar
                0x0000000000012195                log_puts
                0x00000000000121b9                log_printf
 .text          0x000000000001221a      0x2c4 obj_cooja/mtype935.a(cfs-cooja.o)
                0x000000000001221a                cfs_open
                0x0000000000012283                cfs_close
                0x000000000001228f                cfs_read
                0x000000000001232d                cfs_write
                0x000000000001240a                cfs_seek
                0x0000000000012492                cfs_remove
                0x00000000000124bb                cfs_opendir
                0x00000000000124c5                cfs_readdir
                0x00000000000124cf                cfs_closedir
 .text          0x00000000000124de      0x690 obj_cooja/mtype935.a(cooja-radio.o)
                0x0000000000012508                radio_set_channel
                0x000000000001251d                radio_set_txpower
                0x000000000001253d                radio_signal_strength_last
                0x0000000000012547                radio_signal_strength_current
                0x0000000000012551                radio_LQI
 .text          0x0000000000012b6e       0xef obj_cooja/mtype935.a(eeprom.o)
                0x0000000000012b6e                eeprom_init
                0x0000000000012b73                eeprom_read
                0x0000000000012be3                eeprom_write
 .text          0x0000000000012c5d       0x28 obj_cooja/mtype935.a(random.o)
                0x0000000000012c5d                random_init
                0x0000000000012c78                random_rand
 .text          0x0000000000012c85      0x2a1 obj_cooja/mtype935.a(sensors.o)
                0x0000000000012cc0                sensors_first
                0x0000000000012cca                sensors_next
                0x0000000000012ce7                sensors_changed
                0x0000000000012d16                sensors_find
 .text          0x0000000000012f26      0x31a obj_cooja/mtype935.a(dual_conf.o)
                0x0000000000012f26                dual_radio_switch
                0x0000000000012f66                dual_radio_change
                0x0000000000012fa0                sending_in_LR
                0x0000000000012fcb                dual_radio_received
                0x000000000001301e                radio_received_is_longrange
                0x0000000000013039                dual_radio_turn_on
                0x000000000001305c                dual_radio_turn_off
                0x00000000000131f6                dio_broadcast
                0x000000000001321f                dis_broadcast
 .text          0x0000000000013240       0x8e obj_cooja/mtype935.a(autostart.o)
                0x0000000000013240                autostart_start
                0x000000000001328b                autostart_exit
 .text          0x00000000000132ce      0x334 obj_cooja/mtype935.a(ctimer.o)
                0x00000000000133e5                ctimer_init
                0x0000000000013415                ctimer_set
                0x0000000000013446                ctimer_set_with_process
                0x00000000000134c2                ctimer_reset
                0x0000000000013511                ctimer_restart
                0x0000000000013560                ctimer_stop
                0x00000000000135ab                ctimer_expired
 .text          0x0000000000013602      0x40b obj_cooja/mtype935.a(etimer.o)
                0x0000000000013815                etimer_request_poll
                0x0000000000013899                etimer_set
                0x00000000000138be                etimer_reset_with_new_interval
                0x00000000000138e5                etimer_reset
                0x0000000000013903                etimer_restart
                0x0000000000013921                etimer_adjust
                0x000000000001393d                etimer_expired
                0x0000000000013950                etimer_expiration_time
                0x0000000000013962                etimer_start_time
                0x000000000001396c                etimer_pending
                0x000000000001397e                etimer_next_expiration_time
                0x0000000000013998                etimer_stop
 .text          0x0000000000013a0d       0xdd obj_cooja/mtype935.a(log_message.o)
                0x0000000000013a0d                log_initialization
                0x0000000000013ac9                log_finisher
 .text          0x0000000000013aea      0x560 obj_cooja/mtype935.a(process.o)
                0x0000000000013aea                process_alloc_event
                0x0000000000013aff                process_start
                0x0000000000013ce8                process_exit
                0x0000000000013d04                process_init
                0x0000000000013ed5                process_run
                0x0000000000013f08                process_nevents
                0x0000000000013f23                process_post
                0x0000000000013fcf                process_post_synch
                0x0000000000014007                process_poll
                0x0000000000014036                process_is_running
 .text          0x000000000001404a       0xd3 obj_cooja/mtype935.a(residual.o)
                0x000000000001404a                get_residual_energy
 .text          0x000000000001411d       0xba obj_cooja/mtype935.a(rtimer.o)
                0x000000000001411d                rtimer_init
                0x000000000001412a                rtimer_set
                0x0000000000014181                rtimer_run_next
 .text          0x00000000000141d7       0x91 obj_cooja/mtype935.a(timer.o)
                0x00000000000141d7                timer_set
                0x00000000000141f2                timer_reset
                0x0000000000014209                timer_restart
                0x000000000001421b                timer_expired
                0x0000000000014244                timer_remaining
 .text          0x0000000000014268      0x1fb obj_cooja/mtype935.a(serial-line.o)
                0x0000000000014268                serial_line_input_byte
                0x000000000001442b                serial_line_init
 .text          0x0000000000014463      0x244 obj_cooja/mtype935.a(list.o)
                0x0000000000014463                list_init
                0x0000000000014471                list_head
                0x000000000001447b                list_copy
                0x000000000001448a                list_tail
                0x00000000000144c0                list_add
                0x0000000000014509                list_push
                0x0000000000014535                list_chop
                0x000000000001459f                list_pop
                0x00000000000145c7                list_remove
                0x000000000001462e                list_length
                0x000000000001465c                list_insert
                0x0000000000014690                list_item_next
 .text          0x00000000000146a7      0x155 obj_cooja/mtype935.a(ringbuf.o)
                0x00000000000146a7                ringbuf_init
                0x00000000000146d8                ringbuf_put
                0x0000000000014756                ringbuf_get
                0x00000000000147c3                ringbuf_size
                0x00000000000147d5                ringbuf_elements
 .text          0x00000000000147fc     0x258b obj_cooja/mtype935.a(sicslowpan.o)
                0x0000000000014d86                rime_sniffer_add
                0x0000000000014d93                rime_sniffer_remove
                0x0000000000016d26                sicslowpan_init
                0x0000000000016d7d                sicslowpan_get_last_rssi
 .text          0x0000000000016d87      0x2dc obj_cooja/mtype935.a(uip-ds6-nbr.o)
                0x0000000000016da4                uip_ds6_neighbors_init
                0x0000000000016dc1                uip_ds6_nbr_add
                0x0000000000016e72                uip_ds6_nbr_rm
                0x0000000000016ecf                uip_ds6_nbr_get_ipaddr
                0x0000000000016ee4                uip_ds6_nbr_get_ll
                0x0000000000016f00                uip_ds6_nbr_num
                0x0000000000016f45                uip_ds6_nbr_lookup
                0x0000000000016faa                uip_ds6_nbr_ll_lookup
                0x0000000000016fc6                uip_ds6_nbr_ipaddr_from_lladdr
                0x0000000000016fec                uip_ds6_nbr_lladdr_from_ipaddr
                0x000000000001701a                uip_ds6_link_neighbor_callback
 .text          0x0000000000017063     0x12ad obj_cooja/mtype935.a(uip-ds6.o)
                0x0000000000017063                uip_ds6_init
                0x00000000000173b8                uip_ds6_periodic
                0x0000000000017490                uip_ds6_list_loop
                0x0000000000017537                uip_ds6_prefix_add
                0x00000000000175f5                uip_ds6_prefix_rm
                0x0000000000017607                uip_ds6_prefix_lookup
                0x0000000000017658                uip_ds6_is_addr_onlink
                0x00000000000176cc                uip_ds6_addr_add
                0x00000000000177fa                uip_ds6_long_addr_add
                0x0000000000017928                uip_ds6_addr_rm
                0x00000000000179c8                uip_ds6_addr_lookup
                0x0000000000017a13                uip_ds6_long_addr_lookup
                0x0000000000017a5e                uip_ds6_get_link_local
                0x0000000000017add                uip_ds6_long_get_link_local
                0x0000000000017b5c                uip_ds6_get_global
                0x0000000000017bdb                uip_ds6_long_get_global
                0x0000000000017c5a                uip_ds6_maddr_add
                0x0000000000017ccc                uip_ds6_long_maddr_add
                0x0000000000017d3e                uip_ds6_maddr_rm
                0x0000000000017d50                uip_ds6_maddr_lookup
                0x0000000000017d9b                uip_ds6_long_maddr_lookup
                0x0000000000017de6                uip_ds6_aaddr_add
                0x0000000000017e58                uip_ds6_long_aaddr_add
                0x0000000000017eca                uip_ds6_aaddr_rm
                0x0000000000017edc                uip_ds6_aaddr_lookup
                0x0000000000017f27                uip_ds6_long_aaddr_lookup
                0x0000000000017f72                uip_ds6_select_src
                0x00000000000181fb                uip_ds6_set_addr_iid
                0x0000000000018232                get_match_length
                0x00000000000182c4                uip_ds6_compute_reachable_time
 .text          0x0000000000018310     0x29f3 obj_cooja/mtype935.a(uip6.o)
                0x0000000000018310                uip_add32
                0x00000000000184a9                uip_chksum
                0x0000000000018597                uip_icmp6chksum
                0x00000000000185ab                uip_tcpchksum
                0x00000000000185bf                uip_udpchksum
                0x00000000000185d3                uip_init
                0x00000000000186a3                uip_connect
                0x0000000000018852                remove_ext_hdr
                0x0000000000018927                uip_udp_new
                0x0000000000018a83                uip_unlisten
                0x0000000000018ae3                uip_listen
                0x0000000000018da5                uip_process
                0x000000000001abf7                uip_htons
                0x000000000001ac19                uip_htonl
                0x000000000001ac59                uip_send
 .text          0x000000000001ad03      0xb43 obj_cooja/mtype935.a(tcpip.o)
                0x000000000001ad03                tcpip_output
                0x000000000001ad31                tcpip_set_outputfunc
                0x000000000001adc5                tcp_connect
                0x000000000001ae1a                tcp_unlisten
                0x000000000001ae75                tcp_listen
                0x000000000001aece                tcp_attach
                0x000000000001aef3                udp_attach
                0x000000000001af18                udp_new
                0x000000000001af6a                udp_broadcast_new
                0x000000000001b1de                tcpip_input
                0x000000000001b212                tcpip_ipv6_output
                0x000000000001b68c                tcpip_poll_udp
                0x000000000001b6af                tcpip_poll_tcp
                0x000000000001b6d2                tcpip_uipcall
 .text          0x000000000001b846      0x1c1 obj_cooja/mtype935.a(uip-debug.o)
                0x000000000001b846                uip_debug_ipaddr_print
                0x000000000001b9a8                uip_debug_lladdr_print
 .text          0x000000000001ba07      0x141 obj_cooja/mtype935.a(uip-packetqueue)
                0x000000000001ba33                uip_packetqueue_new
                0x000000000001ba41                uip_packetqueue_alloc
                0x000000000001baa1                uip_packetqueue_free
                0x000000000001bae2                uip_packetqueue_buf
                0x000000000001baff                uip_packetqueue_buflen
                0x000000000001bb20                uip_packetqueue_set_buflen
 .text          0x000000000001bb48     0x332e obj_cooja/mtype935.a(rpl-dag.o)
                0x000000000001bb48                rpl_lr_in_neighbor_tree
                0x000000000001bd50                rpl_print_neighbor_list
                0x000000000001bf47                rpl_print_child_neighbor_list
                0x000000000001bfff                rpl_get_nbr
                0x000000000001c059                rpl_get_nbr_child
                0x000000000001c0b3                rpl_dag_init
                0x000000000001c0e5                rpl_get_parent
                0x000000000001c107                rpl_get_parent_rank
                0x000000000001c13a                rpl_get_parent_link_metric
                0x000000000001c16d                rpl_get_parent_ipaddr
                0x000000000001c197                rpl_get_child_ipaddr
                0x000000000001c55b                rpl_set_root
                0x000000000001c7d6                rpl_repair_root
                0x000000000001ca85                rpl_set_prefix
                0x000000000001cba8                rpl_set_default_route
                0x000000000001cc9d                rpl_alloc_instance
                0x000000000001cd30                rpl_alloc_dag
                0x000000000001cde3                rpl_set_default_instance
                0x000000000001cdf0                rpl_get_default_instance
                0x000000000001cdfa                rpl_free_instance
                0x000000000001cec8                rpl_free_dag
                0x000000000001cf51                rpl_add_parent
                0x000000000001d07f                rpl_find_parent
                0x000000000001d0af                rpl_add_child
                0x000000000001d197                rpl_find_child
                0x000000000001d1e5                rpl_find_parent_any_dag
                0x000000000001d221                rpl_select_dag
                0x000000000001d6e8                rpl_select_parent
                0x000000000001d74a                rpl_remove_parent
                0x000000000001d7ab                rpl_remove_child
                0x000000000001d7f2                rpl_nullify_parent
                0x000000000001d8ee                rpl_move_parent
                0x000000000001d9f9                rpl_has_downward_route
                0x000000000001da4c                rpl_get_any_dag
                0x000000000001daae                rpl_get_instance
                0x000000000001db11                rpl_find_of
                0x000000000001db4e                rpl_join_instance
                0x000000000001de85                rpl_add_dag
                0x000000000001e356                rpl_local_repair
                0x000000000001e447                rpl_recalculate_ranks
                0x000000000001e4f0                rpl_process_parent_event
                0x000000000001e706                rpl_process_dio
 .text          0x000000000001ee76      0xbf3 obj_cooja/mtype935.a(rpl-ext-header.)
                0x000000000001ee93                rpl_verify_header
                0x000000000001f30d                rpl_update_header_empty
                0x000000000001f624                rpl_update_header_final
                0x000000000001f7b3                rpl_remove_header
                0x000000000001f8bd                rpl_invert_header
                0x000000000001fa47                rpl_insert_header
 .text          0x000000000001fa69     0x2c7c obj_cooja/mtype935.a(rpl-icmp6.o)
                0x000000000001fd78                rpl_icmp6_update_nbr_table
                0x000000000001ff45                dis_output
                0x0000000000020c78                dio_output
                0x00000000000221a8                dao_output
                0x000000000002227c                dao_output_target
                0x0000000000022699                dao_ack_output
                0x00000000000226ad                rpl_icmp6_register_handlers
 .text          0x00000000000226e5      0x392 obj_cooja/mtype935.a(rpl-ltmax.o)
 .text          0x0000000000022a77      0x7b3 obj_cooja/mtype935.a(rpl-timers.o)
                0x0000000000022cbd                rpl_reset_periodic_timer
                0x0000000000022d12                rpl_reset_dio_timer
                0x0000000000022f4c                rpl_schedule_dao
                0x0000000000022f67                rpl_schedule_dao_immediately
                0x0000000000022f82                rpl_cancel_dao
                0x0000000000022fe4                rpl_schedule_unicast_dio_immediately
                0x00000000000231d2                rpl_schedule_probing
 .text          0x000000000002322a      0x5c5 obj_cooja/mtype935.a(rpl.o)
                0x000000000002322a                rpl_get_mode
                0x0000000000023234                rpl_set_mode
                0x00000000000232c2                rpl_purge_routes
                0x00000000000233bc                rpl_remove_routes
                0x0000000000023402                rpl_remove_routes_by_nexthop
                0x000000000002346e                rpl_add_route
                0x00000000000234e9                rpl_link_neighbor_callback
                0x00000000000235ee                rpl_ipv6_neighbor_callback
                0x000000000002365d                rpl_purge_dags
                0x0000000000023769                rpl_init
 .text          0x00000000000237ef      0x3f5 obj_cooja/mtype935.a(framer-802154.o)
 .text          0x0000000000023be4       0x5e obj_cooja/mtype935.a(nullmac.o)
 .text          0x0000000000023c42     0x1133 obj_cooja/mtype935.a(cxmac.o)
                0x0000000000024cb1                cxmac_set_announcement_radio_txpower
                0x0000000000024cb6                cxmac_init
 .text          0x0000000000024d75       0x82 obj_cooja/mtype935.a(linkaddr.o)
                0x0000000000024d75                linkaddr_copy
                0x0000000000024d97                linkaddr_cmp
                0x0000000000024dc1                linkaddr_set_node_addr
                0x0000000000024ddc                linkaddr_set_node_long_addr
 .text          0x0000000000024df7      0x915 obj_cooja/mtype935.a(nbr-table.o)
                0x0000000000024df7                long_ip_from_lladdr_map
                0x0000000000024e80                lladdr_map_add_lr
                0x0000000000024f3d                lladdr_map_rm_lr
                0x0000000000025402                nbr_table_register
                0x000000000002544a                nbr_table_head
                0x00000000000254a6                nbr_table_next
                0x000000000002550d                nbr_table_add_lladdr
                0x00000000000255e9                nbr_table_get_from_lladdr
                0x0000000000025636                nbr_table_remove
                0x0000000000025688                nbr_table_lock
                0x00000000000256b2                nbr_table_unlock
                0x00000000000256dc                nbr_table_get_lladdr
 .text          0x000000000002570c       0x2b obj_cooja/mtype935.a(netstack.o)
                0x000000000002570c                netstack_init
 .text          0x0000000000025737      0x3cd obj_cooja/mtype935.a(packetbuf.o)
                0x0000000000025737                packetbuf_clear
                0x0000000000025761                packetbuf_copyfrom
                0x00000000000257b3                packetbuf_compact
                0x0000000000025830                packetbuf_copyto
                0x00000000000258c7                packetbuf_hdralloc
                0x0000000000025944                packetbuf_hdrreduce
                0x000000000002598c                packetbuf_set_datalen
                0x00000000000259a5                packetbuf_dataptr
                0x00000000000259c2                packetbuf_hdrptr
                0x00000000000259cc                packetbuf_datalen
                0x00000000000259d8                packetbuf_hdrlen
                0x00000000000259ef                packetbuf_totlen
                0x0000000000025a05                packetbuf_attr_clear
                0x0000000000025a57                packetbuf_attr_copyto
                0x0000000000025aa0                packetbuf_attr_copyfrom
                0x0000000000025ae8                packetbuf_holds_broadcast
 .text          0x0000000000025b04      0x2b4 obj_cooja/mtype935.a(queuebuf.o)
                0x0000000000025b0e                queuebuf_init
                0x0000000000025b2e                queuebuf_numfree
                0x0000000000025b42                queuebuf_new_from_packetbuf
                0x0000000000025bd2                queuebuf_update_attr_from_packetbuf
                0x0000000000025c05                queuebuf_update_from_packetbuf
                0x0000000000025c4f                queuebuf_free
                0x0000000000025c96                queuebuf_to_packetbuf
                0x0000000000025cfc                queuebuf_dataptr
                0x0000000000025d33                queuebuf_datalen
                0x0000000000025d56                queuebuf_addr
                0x0000000000025d88                queuebuf_attr
                0x0000000000025db3                queuebuf_debug_print
 .text          0x0000000000025db8       0x6e obj_cooja/mtype935.a(nullsec.o)
 .text          0x0000000000025e26       0x19 obj_cooja/mtype935.a(watchdog.o)
                0x0000000000025e26                watchdog_init
                0x0000000000025e2b                watchdog_start
                0x0000000000025e30                watchdog_periodic
                0x0000000000025e35                watchdog_stop
                0x0000000000025e3a                watchdog_reboot
 .text          0x0000000000025e3f        0x0 obj_cooja/mtype935.a(rimestats.o)
 .text          0x0000000000025e3f      0x134 obj_cooja/mtype935.a(leds.o)
                0x0000000000025e90                leds_init
                0x0000000000025ea4                leds_blink
                0x0000000000025edc                leds_get
                0x0000000000025ee9                leds_set
                0x0000000000025f03                leds_on
                0x0000000000025f26                leds_off
                0x0000000000025f50                leds_toggle
 .text          0x0000000000025f73       0xa3 obj_cooja/mtype935.a(stimer.o)
                0x0000000000025f73                stimer_set
                0x0000000000025f8e                stimer_reset
                0x0000000000025fa5                stimer_restart
                0x0000000000025fb7                stimer_expired
                0x0000000000025fde                stimer_remaining
                0x0000000000026002                stimer_elapsed
 .text          0x0000000000026016      0x1c1 obj_cooja/mtype935.a(memb.o)
                0x0000000000026016                memb_init
                0x0000000000026074                memb_alloc
                0x00000000000260d9                memb_free
                0x0000000000026154                memb_inmemb
                0x0000000000026193                memb_numfree
 .text          0x00000000000261d7      0x916 obj_cooja/mtype935.a(uip-ds6-route.o)
                0x000000000002624e                uip_ds6_notification_add
                0x000000000002627f                uip_ds6_notification_rm
                0x000000000002629b                uip_ds6_route_init
                0x0000000000026323                uip_ds6_route_nexthop
                0x000000000002634b                uip_ds6_route_head
                0x0000000000026360                uip_ds6_route_next
                0x0000000000026386                uip_ds6_route_is_nexthop
                0x00000000000263c5                uip_ds6_route_num_routes
                0x00000000000263cf                uip_ds6_route_lookup
                0x0000000000026491                uip_ds6_route_add
                0x00000000000266c5                uip_ds6_route_rm
                0x0000000000026859                uip_ds6_route_rm_by_nexthop
                0x0000000000026891                uip_ds6_defrt_add
                0x0000000000026942                uip_ds6_defrt_rm
                0x00000000000269c1                uip_ds6_defrt_lookup
                0x0000000000026a1a                uip_ds6_defrt_choose
                0x0000000000026a85                uip_ds6_defrt_periodic
 .text          0x0000000000026aed      0xab2 obj_cooja/mtype935.a(uip-icmp6.o)
                0x0000000000026b5b                uip_icmp6_input
                0x0000000000026bb1                uip_icmp6_register_input_handler
                0x0000000000026e79                uip_icmp6_error_output
                0x00000000000271be                uip_icmp6_send
                0x0000000000027532                uip_icmp6_echo_reply_callback_add
                0x0000000000027563                uip_icmp6_echo_reply_callback_rm
                0x000000000002757f                uip_icmp6_init
 .text          0x000000000002759f      0x358 obj_cooja/mtype935.a(uip-nd6.o)
                0x00000000000275f3                uip_nd6_ns_output
                0x00000000000278f2                uip_nd6_init
 .text          0x00000000000278f7      0x331 obj_cooja/mtype935.a(rpl-nbr-policy.)
                0x0000000000027acf                find_removable_dis
                0x0000000000027af2                find_removable_dio
                0x0000000000027b81                find_removable_dao
                0x0000000000027bd1                rpl_nbr_policy_find_removable
 .text          0x0000000000027c28      0x97c obj_cooja/mtype935.a(frame802154.o)
                0x0000000000027c59                frame802154_get_pan_id
                0x0000000000027c65                frame802154_set_pan_id
                0x0000000000027c7e                frame802154_has_panid
                0x0000000000027d6a                frame802154_check_dest_panid
                0x0000000000027dd2                frame802154_is_broadcast_addr
                0x0000000000027e1f                frame802154_extract_linkaddr
                0x000000000002805f                frame802154_hdrlen
                0x00000000000280b0                frame802154_create
                0x000000000002829b                frame802154_parse
 .text          0x00000000000285a4       0x3c obj_cooja/mtype935.a(mac.o)
                0x00000000000285a4                mac_call_sent_callback
 .text          0x00000000000285e0        0x0 /usr/lib/gcc/i686-linux-gnu/4.8/crtendS.o
 .text          0x00000000000285e0        0x0 /usr/lib/gcc/i686-linux-gnu/4.8/../../../i386-linux-gnu/crtn.o
 *(.gnu.warning)

.fini           0x00000000000285e0       0x14
 *(SORT(.fini))
 .fini          0x00000000000285e0        0xf /usr/lib/gcc/i686-linux-gnu/4.8/../../../i386-linux-gnu/crti.o
                0x00000000000285e0                _fini
 .fini          0x00000000000285ef        0x5 /usr/lib/gcc/i686-linux-gnu/4.8/../../../i386-linux-gnu/crtn.o
                0x00000000000285f4                PROVIDE (__etext, .)
                0x00000000000285f4                PROVIDE (_etext, .)
                0x00000000000285f4                PROVIDE (etext, .)

.rodata         0x0000000000028600     0x2460
 *(.rodata .rodata.* .gnu.linkonce.r.*)
 .rodata        0x0000000000028600      0x148 udp-server.co
                0x0000000000028614                autostart_processes
 .rodata        0x0000000000028748      0x1e6 obj_cooja/mtype935.o
 *fill*         0x000000000002892e        0x2 
 .rodata        0x0000000000028930        0x8 obj_cooja/mtype935.a(beep.o)
                0x0000000000028930                beep_interface
 .rodata        0x0000000000028938       0x20 obj_cooja/mtype935.a(button-sensor.o)
                0x0000000000028938                button_interface
                0x0000000000028948                button_sensor
 .rodata        0x0000000000028958        0x8 obj_cooja/mtype935.a(leds-arch.o)
                0x0000000000028958                leds_interface
 .rodata        0x0000000000028960        0x8 obj_cooja/mtype935.a(moteid.o)
                0x0000000000028960                moteid_interface
 .rodata        0x0000000000028968       0x1c obj_cooja/mtype935.a(pir-sensor.o)
                0x0000000000028968                pir_interface
                0x0000000000028974                pir_sensor
 .rodata        0x0000000000028984        0xe obj_cooja/mtype935.a(rs232.o)
                0x0000000000028984                rs232_interface
 *fill*         0x0000000000028992        0x2 
 .rodata        0x0000000000028994       0x24 obj_cooja/mtype935.a(vib-sensor.o)
                0x0000000000028994                vib_interface
                0x00000000000289a8                vib_sensor
 .rodata        0x00000000000289b8        0x8 obj_cooja/mtype935.a(clock.o)
                0x00000000000289b8                clock_interface
 .rodata        0x00000000000289c0        0x8 obj_cooja/mtype935.a(log.o)
                0x00000000000289c0                simlog_interface
 .rodata        0x00000000000289c8       0x2f obj_cooja/mtype935.a(cfs-cooja.o)
                0x00000000000289c8                cfs_interface
 *fill*         0x00000000000289f7        0x9 
 .rodata        0x0000000000028a00       0x80 obj_cooja/mtype935.a(cooja-radio.o)
                0x0000000000028a40                cooja_radio_driver
                0x0000000000028a78                radio_interface
 .rodata        0x0000000000028a80        0x8 obj_cooja/mtype935.a(eeprom.o)
                0x0000000000028a80                eeprom_interface
 .rodata        0x0000000000028a88        0x8 obj_cooja/mtype935.a(sensors.o)
 .rodata        0x0000000000028a90      0x169 obj_cooja/mtype935.a(dual_conf.o)
 .rodata        0x0000000000028bf9        0xf obj_cooja/mtype935.a(ctimer.o)
 .rodata        0x0000000000028c08        0xc obj_cooja/mtype935.a(etimer.o)
 .rodata        0x0000000000028c14       0x73 obj_cooja/mtype935.a(log_message.o)
 *fill*         0x0000000000028c87        0x1 
 .rodata        0x0000000000028c88       0x20 obj_cooja/mtype935.a(residual.o)
 .rodata        0x0000000000028ca8        0xe obj_cooja/mtype935.a(serial-line.o)
 *fill*         0x0000000000028cb6        0x2 
 .rodata        0x0000000000028cb8       0x2c obj_cooja/mtype935.a(sicslowpan.o)
                0x0000000000028cb8                unc_llconf
                0x0000000000028cbc                unc_ctxconf
                0x0000000000028cc0                unc_mxconf
                0x0000000000028cc4                llprefix
                0x0000000000028cd8                sicslowpan_driver
 .rodata        0x0000000000028ce4      0x13c obj_cooja/mtype935.a(uip6.o)
 .rodata        0x0000000000028e20       0x49 obj_cooja/mtype935.a(tcpip.o)
 .rodata        0x0000000000028e69       0x3e obj_cooja/mtype935.a(uip-debug.o)
 *fill*         0x0000000000028ea7        0x1 
 .rodata        0x0000000000028ea8      0xd33 obj_cooja/mtype935.a(rpl-dag.o)
 *fill*         0x0000000000029bdb        0x1 
 .rodata        0x0000000000029bdc      0xb70 obj_cooja/mtype935.a(rpl-icmp6.o)
 .rodata        0x000000000002a74c        0xc obj_cooja/mtype935.a(framer-802154.o)
                0x000000000002a74c                framer_802154
 .rodata        0x000000000002a758       0x24 obj_cooja/mtype935.a(nullmac.o)
                0x000000000002a760                nullmac_driver
 *fill*         0x000000000002a77c        0x4 
 .rodata        0x000000000002a780      0x2c0 obj_cooja/mtype935.a(cxmac.o)
                0x000000000002aa20                cxmac_driver
 .rodata        0x000000000002aa40        0x8 obj_cooja/mtype935.a(linkaddr.o)
                0x000000000002aa40                linkaddr_null
 .rodata        0x000000000002aa48       0x18 obj_cooja/mtype935.a(nullsec.o)
                0x000000000002aa50                nullsec_driver

.rodata1
 *(.rodata1)

.eh_frame_hdr   0x000000000002aa60     0x139c
 *(.eh_frame_hdr)
 .eh_frame_hdr  0x000000000002aa60     0x139c udp-server.co

.eh_frame       0x000000000002bdfc     0x4fec
 *(.eh_frame)
 .eh_frame      0x000000000002bdfc       0x3c /usr/lib/gcc/i686-linux-gnu/4.8/../../../i386-linux-gnu/crti.o
                                         0x40 (size before relaxing)
 .eh_frame      0x000000000002be38       0x68 udp-server.co
                                         0x80 (size before relaxing)
 .eh_frame      0x000000000002bea0      0x148 obj_cooja/mtype935.o
                                        0x160 (size before relaxing)
 .eh_frame      0x000000000002bfe8       0x40 obj_cooja/mtype935.a(simEnvChange.o)
                                         0x58 (size before relaxing)
 .eh_frame      0x000000000002c028       0xc0 obj_cooja/mtype935.a(cooja_mt.o)
                                         0xd8 (size before relaxing)
 .eh_frame      0x000000000002c0e8      0x120 obj_cooja/mtype935.a(cooja_mtarch.o)
                                        0x138 (size before relaxing)
 .eh_frame      0x000000000002c208       0xc0 obj_cooja/mtype935.a(rtimer-arch.o)
                                         0xd8 (size before relaxing)
 .eh_frame      0x000000000002c2c8      0x160 obj_cooja/mtype935.a(beep.o)
                                        0x178 (size before relaxing)
 .eh_frame      0x000000000002c428       0xa0 obj_cooja/mtype935.a(button-sensor.o)
                                         0xb8 (size before relaxing)
 .eh_frame      0x000000000002c4c8       0xa0 obj_cooja/mtype935.a(leds-arch.o)
                                         0xb8 (size before relaxing)
 .eh_frame      0x000000000002c568       0x40 obj_cooja/mtype935.a(moteid.o)
                                         0x58 (size before relaxing)
 .eh_frame      0x000000000002c5a8       0xa0 obj_cooja/mtype935.a(pir-sensor.o)
                                         0xb8 (size before relaxing)
 .eh_frame      0x000000000002c648      0x100 obj_cooja/mtype935.a(rs232.o)
                                        0x118 (size before relaxing)
 .eh_frame      0x000000000002c748       0xa0 obj_cooja/mtype935.a(vib-sensor.o)
                                         0xb8 (size before relaxing)
 .eh_frame      0x000000000002c7e8       0xc0 obj_cooja/mtype935.a(clock.o)
                                         0xd8 (size before relaxing)
 .eh_frame      0x000000000002c8a8      0x120 obj_cooja/mtype935.a(log.o)
                                        0x138 (size before relaxing)
 .eh_frame      0x000000000002c9c8      0x160 obj_cooja/mtype935.a(cfs-cooja.o)
                                        0x178 (size before relaxing)
 .eh_frame      0x000000000002cb28      0x2e0 obj_cooja/mtype935.a(cooja-radio.o)
                                        0x2f8 (size before relaxing)
 .eh_frame      0x000000000002ce08       0xa0 obj_cooja/mtype935.a(eeprom.o)
                                         0xb8 (size before relaxing)
 .eh_frame      0x000000000002cea8       0x40 obj_cooja/mtype935.a(random.o)
                                         0x58 (size before relaxing)
 .eh_frame      0x000000000002cee8       0xc0 obj_cooja/mtype935.a(sensors.o)
                                         0xd8 (size before relaxing)
 .eh_frame      0x000000000002cfa8      0x160 obj_cooja/mtype935.a(dual_conf.o)
                                        0x178 (size before relaxing)
 .eh_frame      0x000000000002d108       0x40 obj_cooja/mtype935.a(autostart.o)
                                         0x58 (size before relaxing)
 .eh_frame      0x000000000002d148      0x100 obj_cooja/mtype935.a(ctimer.o)
                                        0x118 (size before relaxing)
 .eh_frame      0x000000000002d248      0x1e0 obj_cooja/mtype935.a(etimer.o)
                                        0x1f8 (size before relaxing)
 .eh_frame      0x000000000002d428       0x40 obj_cooja/mtype935.a(log_message.o)
                                         0x58 (size before relaxing)
 .eh_frame      0x000000000002d468      0x1c8 obj_cooja/mtype935.a(process.o)
                                        0x1e0 (size before relaxing)
 .eh_frame      0x000000000002d630       0x2c obj_cooja/mtype935.a(residual.o)
                                         0x44 (size before relaxing)
 .eh_frame      0x000000000002d65c       0x60 obj_cooja/mtype935.a(rtimer.o)
                                         0x78 (size before relaxing)
 .eh_frame      0x000000000002d6bc       0xa4 obj_cooja/mtype935.a(timer.o)
                                         0xbc (size before relaxing)
 .eh_frame      0x000000000002d760       0x60 obj_cooja/mtype935.a(serial-line.o)
                                         0x78 (size before relaxing)
 .eh_frame      0x000000000002d7c0      0x180 obj_cooja/mtype935.a(list.o)
                                        0x198 (size before relaxing)
 .eh_frame      0x000000000002d940       0xa0 obj_cooja/mtype935.a(ringbuf.o)
                                         0xb8 (size before relaxing)
 .eh_frame      0x000000000002d9e0      0x350 obj_cooja/mtype935.a(sicslowpan.o)
                                        0x368 (size before relaxing)
 .eh_frame      0x000000000002dd30      0x180 obj_cooja/mtype935.a(uip-ds6-nbr.o)
                                        0x198 (size before relaxing)
 .eh_frame      0x000000000002deb0      0x3c8 obj_cooja/mtype935.a(uip-ds6.o)
                                        0x3e0 (size before relaxing)
 .eh_frame      0x000000000002e278      0x27c obj_cooja/mtype935.a(uip6.o)
                                        0x294 (size before relaxing)
 .eh_frame      0x000000000002e4f4      0x270 obj_cooja/mtype935.a(tcpip.o)
                                        0x288 (size before relaxing)
 .eh_frame      0x000000000002e764       0x48 obj_cooja/mtype935.a(uip-debug.o)
                                         0x60 (size before relaxing)
 .eh_frame      0x000000000002e7ac       0xe0 obj_cooja/mtype935.a(uip-packetqueue)
                                         0xf8 (size before relaxing)
 .eh_frame      0x000000000002e88c      0x794 obj_cooja/mtype935.a(rpl-dag.o)
                                        0x7ac (size before relaxing)
 .eh_frame      0x000000000002f020      0x10c obj_cooja/mtype935.a(rpl-ext-header.)
                                        0x124 (size before relaxing)
 .eh_frame      0x000000000002f12c      0x2c8 obj_cooja/mtype935.a(rpl-icmp6.o)
                                        0x2e0 (size before relaxing)
 .eh_frame      0x000000000002f3f4       0xe0 obj_cooja/mtype935.a(rpl-ltmax.o)
                                         0xf8 (size before relaxing)
 .eh_frame      0x000000000002f4d4      0x20c obj_cooja/mtype935.a(rpl-timers.o)
                                        0x224 (size before relaxing)
 .eh_frame      0x000000000002f6e0      0x148 obj_cooja/mtype935.a(rpl.o)
                                        0x160 (size before relaxing)
 .eh_frame      0x000000000002f828      0x108 obj_cooja/mtype935.a(framer-802154.o)
                                        0x120 (size before relaxing)
 .eh_frame      0x000000000002f930       0xc0 obj_cooja/mtype935.a(nullmac.o)
                                         0xd8 (size before relaxing)
 .eh_frame      0x000000000002f9f0      0x2a0 obj_cooja/mtype935.a(cxmac.o)
                                        0x2b8 (size before relaxing)
 .eh_frame      0x000000000002fc90       0x80 obj_cooja/mtype935.a(linkaddr.o)
                                         0x98 (size before relaxing)
 .eh_frame      0x000000000002fd10      0x2cc obj_cooja/mtype935.a(nbr-table.o)
                                        0x2e4 (size before relaxing)
 .eh_frame      0x000000000002ffdc       0x20 obj_cooja/mtype935.a(netstack.o)
                                         0x38 (size before relaxing)
 .eh_frame      0x000000000002fffc      0x214 obj_cooja/mtype935.a(packetbuf.o)
                                        0x22c (size before relaxing)
 .eh_frame      0x0000000000030210      0x1a0 obj_cooja/mtype935.a(queuebuf.o)
                                        0x1b8 (size before relaxing)
 .eh_frame      0x00000000000303b0       0x80 obj_cooja/mtype935.a(nullsec.o)
                                         0x98 (size before relaxing)
 .eh_frame      0x0000000000030430       0xa0 obj_cooja/mtype935.a(watchdog.o)
                                         0xb8 (size before relaxing)
 .eh_frame      0x00000000000304d0      0x100 obj_cooja/mtype935.a(leds.o)
                                        0x118 (size before relaxing)
 .eh_frame      0x00000000000305d0       0xc4 obj_cooja/mtype935.a(stimer.o)
                                         0xdc (size before relaxing)
 .eh_frame      0x0000000000030694       0xa0 obj_cooja/mtype935.a(memb.o)
                                         0xb8 (size before relaxing)
 .eh_frame      0x0000000000030734      0x2a0 obj_cooja/mtype935.a(uip-ds6-route.o)
                                        0x2b8 (size before relaxing)
 .eh_frame      0x00000000000309d4      0x164 obj_cooja/mtype935.a(uip-icmp6.o)
                                        0x17c (size before relaxing)
 .eh_frame      0x0000000000030b38       0x68 obj_cooja/mtype935.a(uip-nd6.o)
                                         0x80 (size before relaxing)
 .eh_frame      0x0000000000030ba0       0xc0 obj_cooja/mtype935.a(rpl-nbr-policy.)
                                         0xd8 (size before relaxing)
 .eh_frame      0x0000000000030c60      0x164 obj_cooja/mtype935.a(frame802154.o)
                                        0x17c (size before relaxing)
 .eh_frame      0x0000000000030dc4       0x20 obj_cooja/mtype935.a(mac.o)
                                         0x38 (size before relaxing)
 .eh_frame      0x0000000000030de4        0x4 /usr/lib/gcc/i686-linux-gnu/4.8/crtendS.o

.gcc_except_table
 *(.gcc_except_table .gcc_except_table.*)

.exception_ranges
 *(.exception_ranges .exception_ranges*)
                0x0000000000030de8                . = (ALIGN (0x1000) - ((0x1000 - .) & 0xfff))
                0x0000000000031ef8                . = DATA_SEGMENT_ALIGN (0x1000, 0x1000)

.eh_frame
 *(.eh_frame)

.gcc_except_table
 *(.gcc_except_table .gcc_except_table.*)

.exception_ranges
 *(.exception_ranges .exception_ranges*)

.tdata
 *(.tdata .tdata.* .gnu.linkonce.td.*)

.tbss
 *(.tbss .tbss.* .gnu.linkonce.tb.*)
 *(.tcommon)

.preinit_array
 *(.preinit_array)

.init_array     0x0000000000031ef8        0x4
 *(SORT(.init_array.*) SORT(.ctors.*))
 *(.init_array EXCLUDE_FILE(*crtend?.o *crtend.o *crtbegin?.o *crtbegin.o) .ctors)
 .init_array    0x0000000000031ef8        0x4 /usr/lib/gcc/i686-linux-gnu/4.8/crtbeginS.o

.fini_array     0x0000000000031efc        0x4
 *(SORT(.fini_array.*) SORT(.dtors.*))
 *(.fini_array EXCLUDE_FILE(*crtend?.o *crtend.o *crtbegin?.o *crtbegin.o) .dtors)
 .fini_array    0x0000000000031efc        0x4 /usr/lib/gcc/i686-linux-gnu/4.8/crtbeginS.o

.ctors
 *crtbegin.o(.ctors)
 *crtbegin?.o(.ctors)
 *(EXCLUDE_FILE(*crtend?.o *crtend.o) .ctors)
 *(SORT(.ctors.*))
 *(.ctors)

.dtors
 *crtbegin.o(.dtors)
 *crtbegin?.o(.dtors)
 *(EXCLUDE_FILE(*crtend?.o *crtend.o) .dtors)
 *(SORT(.dtors.*))
 *(.dtors)

.jcr            0x0000000000031f00        0x4
 *(.jcr)
 .jcr           0x0000000000031f00        0x0 /usr/lib/gcc/i686-linux-gnu/4.8/crtbeginS.o
 .jcr           0x0000000000031f00        0x4 /usr/lib/gcc/i686-linux-gnu/4.8/crtendS.o

.data.rel.ro
 *(.data.rel.ro.local* .gnu.linkonce.d.rel.ro.local.*)
 *(.data.rel.ro .data.rel.ro.* .gnu.linkonce.d.rel.ro.*)

.dynamic        0x0000000000031f04       0xe8
 *(.dynamic)
 .dynamic       0x0000000000031f04       0xe8 /usr/lib/gcc/i686-linux-gnu/4.8/../../../i386-linux-gnu/crti.o
                0x0000000000031f04                _DYNAMIC

.got            0x0000000000031fec       0x14
 *(.got)
 .got           0x0000000000031fec       0x14 /usr/lib/gcc/i686-linux-gnu/4.8/../../../i386-linux-gnu/crti.o
 *(.igot)
                0x0000000000032ff4                . = DATA_SEGMENT_RELRO_END (., (SIZEOF (.got.plt) >= 0xc)?0xc:0x0)

.got.plt        0x0000000000032000       0x14
 *(.got.plt)
 .got.plt       0x0000000000032000       0x14 /usr/lib/gcc/i686-linux-gnu/4.8/../../../i386-linux-gnu/crti.o
                0x0000000000032000                _GLOBAL_OFFSET_TABLE_
 *(.igot.plt)

.data           0x0000000000032020      0x266
 *(.data .data.* .gnu.linkonce.d.*)
 .data          0x0000000000032020        0x0 /usr/lib/gcc/i686-linux-gnu/4.8/../../../i386-linux-gnu/crti.o
 .data          0x0000000000032020        0x0 /usr/lib/gcc/i686-linux-gnu/4.8/crtbeginS.o
 .data.rel      0x0000000000032020        0x4 /usr/lib/gcc/i686-linux-gnu/4.8/crtbeginS.o
                0x0000000000032020                __dso_handle
 .data          0x0000000000032024       0x10 udp-server.co
                0x0000000000032024                udp_server_process
 *fill*         0x0000000000032034        0xc 
 .data          0x0000000000032040       0x44 obj_cooja/mtype935.o
                0x0000000000032040                simInterfaces
                0x0000000000032074                sensors
 .data          0x0000000000032084        0x0 obj_cooja/mtype935.a(simEnvChange.o)
 .data          0x0000000000032084        0x0 obj_cooja/mtype935.a(cooja_mt.o)
 .data          0x0000000000032084        0x0 obj_cooja/mtype935.a(cooja_mtarch.o)
 .data          0x0000000000032084        0x0 obj_cooja/mtype935.a(rtimer-arch.o)
 .data          0x0000000000032084        0x0 obj_cooja/mtype935.a(beep.o)
 .data          0x0000000000032084        0x0 obj_cooja/mtype935.a(button-sensor.o)
 .data          0x0000000000032084        0x0 obj_cooja/mtype935.a(leds-arch.o)
 .data          0x0000000000032084        0x0 obj_cooja/mtype935.a(moteid.o)
 .data          0x0000000000032084        0x0 obj_cooja/mtype935.a(pir-sensor.o)
 .data          0x0000000000032084        0x0 obj_cooja/mtype935.a(rs232.o)
 .data          0x0000000000032084        0x0 obj_cooja/mtype935.a(vib-sensor.o)
 .data          0x0000000000032084        0x0 obj_cooja/mtype935.a(clock.o)
 .data          0x0000000000032084        0x0 obj_cooja/mtype935.a(log.o)
 .data          0x0000000000032084        0x0 obj_cooja/mtype935.a(cfs-cooja.o)
 .data          0x0000000000032084       0x40 obj_cooja/mtype935.a(cooja-radio.o)
                0x0000000000032084                simRadioChannelLR
                0x0000000000032088                simRadioHWOnLR
                0x000000000003208c                simSignalStrengthLR
                0x0000000000032090                simLastSignalStrengthLR
                0x0000000000032094                simPowerLR
                0x0000000000032098                simLQILR
                0x000000000003209c                simRadioChannel
                0x00000000000320a0                simRadioHWOn
                0x00000000000320a4                simSignalStrength
                0x00000000000320a8                simLastSignalStrength
                0x00000000000320ac                simPower
                0x00000000000320b0                simLQI
                0x00000000000320b4                cooja_radio_process
 .data          0x00000000000320c4        0x0 obj_cooja/mtype935.a(eeprom.o)
 .data          0x00000000000320c4        0x0 obj_cooja/mtype935.a(random.o)
 .data          0x00000000000320c4       0x10 obj_cooja/mtype935.a(sensors.o)
                0x00000000000320c4                sensors_process
 .data          0x00000000000320d4       0x24 obj_cooja/mtype935.a(dual_conf.o)
                0x00000000000320d4                radio_received
                0x00000000000320d8                dual_dio_broadcast
                0x00000000000320e8                dual_dis_broadcast
 .data          0x00000000000320f8        0x0 obj_cooja/mtype935.a(autostart.o)
 .data          0x00000000000320f8       0x14 obj_cooja/mtype935.a(ctimer.o)
                0x00000000000320fc                ctimer_process
 .data          0x000000000003210c       0x10 obj_cooja/mtype935.a(etimer.o)
                0x000000000003210c                etimer_process
 .data          0x000000000003211c        0x0 obj_cooja/mtype935.a(log_message.o)
 .data          0x000000000003211c        0x0 obj_cooja/mtype935.a(process.o)
 .data          0x000000000003211c        0x0 obj_cooja/mtype935.a(residual.o)
 .data          0x000000000003211c        0x0 obj_cooja/mtype935.a(rtimer.o)
 .data          0x000000000003211c        0x0 obj_cooja/mtype935.a(timer.o)
 .data          0x000000000003211c       0x10 obj_cooja/mtype935.a(serial-line.o)
                0x000000000003211c                serial_line_process
 .data          0x000000000003212c        0x0 obj_cooja/mtype935.a(list.o)
 .data          0x000000000003212c        0x0 obj_cooja/mtype935.a(ringbuf.o)
 .data          0x000000000003212c        0x0 obj_cooja/mtype935.a(sicslowpan.o)
 .data          0x000000000003212c       0x14 obj_cooja/mtype935.a(uip-ds6-nbr.o)
                0x000000000003213c                ds6_neighbors
 .data          0x0000000000032140        0x0 obj_cooja/mtype935.a(uip-ds6.o)
 .data          0x0000000000032140        0x0 obj_cooja/mtype935.a(uip6.o)
 .data          0x0000000000032140       0x10 obj_cooja/mtype935.a(tcpip.o)
                0x0000000000032140                tcpip_process
 .data          0x0000000000032150        0x0 obj_cooja/mtype935.a(uip-debug.o)
 .data          0x0000000000032150        0xc obj_cooja/mtype935.a(uip-packetqueue)
 .data          0x000000000003215c       0x28 obj_cooja/mtype935.a(rpl-dag.o)
                0x000000000003216c                rpl_parents
                0x0000000000032180                rpl_children
 .data          0x0000000000032184        0x0 obj_cooja/mtype935.a(rpl-ext-header.)
 .data          0x0000000000032184       0x34 obj_cooja/mtype935.a(rpl-icmp6.o)
 .data          0x00000000000321b8       0x1c obj_cooja/mtype935.a(rpl-ltmax.o)
                0x00000000000321b8                rpl_ltmax_of
 .data          0x00000000000321d4        0x0 obj_cooja/mtype935.a(rpl-timers.o)
 .data          0x00000000000321d4        0x0 obj_cooja/mtype935.a(rpl.o)
 .data          0x00000000000321d4        0x0 obj_cooja/mtype935.a(framer-802154.o)
 .data          0x00000000000321d4        0x0 obj_cooja/mtype935.a(nullmac.o)
 .data          0x00000000000321d4       0x20 obj_cooja/mtype935.a(cxmac.o)
                0x00000000000321d4                cxmac_config
 .data          0x00000000000321f4        0x0 obj_cooja/mtype935.a(linkaddr.o)
 .data          0x00000000000321f4       0x10 obj_cooja/mtype935.a(nbr-table.o)
 .data          0x0000000000032204        0x0 obj_cooja/mtype935.a(netstack.o)
 .data          0x0000000000032204        0x4 obj_cooja/mtype935.a(packetbuf.o)
 .data          0x0000000000032208       0x18 obj_cooja/mtype935.a(queuebuf.o)
 .data          0x0000000000032220        0x0 obj_cooja/mtype935.a(nullsec.o)
 .data          0x0000000000032220        0x0 obj_cooja/mtype935.a(watchdog.o)
 .data          0x0000000000032220        0x0 obj_cooja/mtype935.a(rimestats.o)
 .data          0x0000000000032220        0x0 obj_cooja/mtype935.a(leds.o)
 .data          0x0000000000032220        0x0 obj_cooja/mtype935.a(stimer.o)
 .data          0x0000000000032220        0x0 obj_cooja/mtype935.a(memb.o)
 .data          0x0000000000032220       0x44 obj_cooja/mtype935.a(uip-ds6-route.o)
                0x0000000000032230                nbr_routes
 .data          0x0000000000032264       0x20 obj_cooja/mtype935.a(uip-icmp6.o)
 .data          0x0000000000032284        0x0 obj_cooja/mtype935.a(uip-nd6.o)
 .data          0x0000000000032284        0x0 obj_cooja/mtype935.a(rpl-nbr-policy.)
 .data          0x0000000000032284        0x2 obj_cooja/mtype935.a(frame802154.o)
 .data          0x0000000000032286        0x0 obj_cooja/mtype935.a(mac.o)
 .data          0x0000000000032286        0x0 /usr/lib/gcc/i686-linux-gnu/4.8/crtendS.o
 .data          0x0000000000032286        0x0 /usr/lib/gcc/i686-linux-gnu/4.8/../../../i386-linux-gnu/crtn.o

.tm_clone_table
                0x0000000000032288        0x0
 .tm_clone_table
                0x0000000000032288        0x0 /usr/lib/gcc/i686-linux-gnu/4.8/crtbeginS.o
 .tm_clone_table
                0x0000000000032288        0x0 /usr/lib/gcc/i686-linux-gnu/4.8/crtendS.o

.data1
 *(.data1)
                0x0000000000032288                _edata = .
                0x0000000000032288                PROVIDE (edata, .)
                0x0000000000032288                . = .
                0x0000000000032288                __bss_start = .

.bss            0x00000000000322a0     0x88e8
 *(.dynbss)
 .dynbss        0x0000000000000000        0x0 /usr/lib/gcc/i686-linux-gnu/4.8/../../../i386-linux-gnu/crti.o
 *(.bss .bss.* .gnu.linkonce.b.*)
 .bss           0x00000000000322a0        0x0 /usr/lib/gcc/i686-linux-gnu/4.8/../../../i386-linux-gnu/crti.o
 .bss           0x00000000000322a0        0x1 /usr/lib/gcc/i686-linux-gnu/4.8/crtbeginS.o
 *fill*         0x00000000000322a1        0x3 
 .bss           0x00000000000322a4        0x8 udp-server.co
                0x00000000000322a4                my_weight
 *fill*         0x00000000000322ac       0x14 
 .bss           0x00000000000322c0     0x2030 obj_cooja/mtype935.o
 .bss           0x00000000000342f0        0x1 obj_cooja/mtype935.a(simEnvChange.o)
                0x00000000000342f0                simDontFallAsleep
 *fill*         0x00000000000342f1        0x3 
 .bss           0x00000000000342f4        0x4 obj_cooja/mtype935.a(cooja_mt.o)
 .bss           0x00000000000342f8        0x4 obj_cooja/mtype935.a(cooja_mtarch.o)
 .bss           0x00000000000342fc        0xc obj_cooja/mtype935.a(rtimer-arch.o)
 .bss           0x0000000000034308        0x0 obj_cooja/mtype935.a(beep.o)
 .bss           0x0000000000034308        0x8 obj_cooja/mtype935.a(button-sensor.o)
 .bss           0x0000000000034310        0x0 obj_cooja/mtype935.a(leds-arch.o)
 .bss           0x0000000000034310        0x0 obj_cooja/mtype935.a(moteid.o)
 .bss           0x0000000000034310        0x1 obj_cooja/mtype935.a(pir-sensor.o)
                0x0000000000034310                simPirValue
 *fill*         0x0000000000034311        0x3 
 .bss           0x0000000000034314        0x4 obj_cooja/mtype935.a(rs232.o)
 .bss           0x0000000000034318        0x1 obj_cooja/mtype935.a(vib-sensor.o)
                0x0000000000034318                simVibValue
 .bss           0x0000000000034319        0x0 obj_cooja/mtype935.a(clock.o)
 *fill*         0x0000000000034319        0x7 
 .bss           0x0000000000034320      0x420 obj_cooja/mtype935.a(log.o)
 .bss           0x0000000000034740      0xfc0 obj_cooja/mtype935.a(cfs-cooja.o)
                0x0000000000034740                simCFSData
                0x00000000000356e0                simCFSSize
                0x00000000000356e4                simCFSChanged
                0x00000000000356e8                simCFSRead
                0x00000000000356ec                simCFSWritten
 .bss           0x0000000000035700       0x24 obj_cooja/mtype935.a(cooja-radio.o)
                0x0000000000035700                simReceivingLR
                0x0000000000035704                simInSizeLR
                0x0000000000035708                simOutSizeLR
                0x000000000003570c                simReceiving
                0x0000000000035710                simInSize
                0x0000000000035714                simOutSize
                0x0000000000035718                LongRangeTransmit
                0x000000000003571c                LongRangeReceiving
 .bss           0x0000000000035724        0xc obj_cooja/mtype935.a(eeprom.o)
                0x0000000000035724                simEEPROMChanged
                0x0000000000035728                simEEPROMRead
                0x000000000003572c                simEEPROMWritten
 .bss           0x0000000000035730        0x0 obj_cooja/mtype935.a(random.o)
 .bss           0x0000000000035730        0xc obj_cooja/mtype935.a(sensors.o)
 .bss           0x000000000003573c       0x28 obj_cooja/mtype935.a(dual_conf.o)
                0x000000000003573c                long_range_radio
 .bss           0x0000000000035764        0x0 obj_cooja/mtype935.a(autostart.o)
 .bss           0x0000000000035764        0x5 obj_cooja/mtype935.a(ctimer.o)
 *fill*         0x0000000000035769        0x3 
 .bss           0x000000000003576c        0x8 obj_cooja/mtype935.a(etimer.o)
 .bss           0x0000000000035774        0x0 obj_cooja/mtype935.a(log_message.o)
 *fill*         0x0000000000035774        0xc 
 .bss           0x0000000000035780      0x1b1 obj_cooja/mtype935.a(process.o)
                0x0000000000035780                process_list
                0x0000000000035784                process_current
 .bss           0x0000000000035931        0x0 obj_cooja/mtype935.a(residual.o)
 *fill*         0x0000000000035931        0x3 
 .bss           0x0000000000035934        0x4 obj_cooja/mtype935.a(rtimer.o)
 .bss           0x0000000000035938        0x0 obj_cooja/mtype935.a(timer.o)
 *fill*         0x0000000000035938        0x8 
 .bss           0x0000000000035940      0x140 obj_cooja/mtype935.a(serial-line.o)
 .bss           0x0000000000035a80        0x0 obj_cooja/mtype935.a(list.o)
 .bss           0x0000000000035a80        0x0 obj_cooja/mtype935.a(ringbuf.o)
 .bss           0x0000000000035a80      0x70c obj_cooja/mtype935.a(sicslowpan.o)
 *fill*         0x000000000003618c       0x14 
 .bss           0x00000000000361a0      0x2d0 obj_cooja/mtype935.a(uip-ds6-nbr.o)
 .bss           0x0000000000036470       0x30 obj_cooja/mtype935.a(uip-ds6.o)
 .bss           0x00000000000364a0        0xe obj_cooja/mtype935.a(uip6.o)
                0x00000000000364a0                uip_ext_bitmap
                0x00000000000364a1                uip_ext_len
                0x00000000000364a2                uip_ext_opt_offset
 *fill*         0x00000000000364ae       0x12 
 .bss           0x00000000000364c0       0x6b obj_cooja/mtype935.a(tcpip.o)
 .bss           0x000000000003652b        0x0 obj_cooja/mtype935.a(uip-debug.o)
 *fill*         0x000000000003652b       0x15 
 .bss           0x0000000000036540      0xcf8 obj_cooja/mtype935.a(uip-packetqueue)
 *fill*         0x0000000000037238        0x8 
 .bss           0x0000000000037240      0x1fe obj_cooja/mtype935.a(rpl-dag.o)
 .bss           0x000000000003743e        0x0 obj_cooja/mtype935.a(rpl-ext-header.)
 .bss           0x000000000003743e        0x0 obj_cooja/mtype935.a(rpl-icmp6.o)
 .bss           0x000000000003743e        0x0 obj_cooja/mtype935.a(rpl-ltmax.o)
 *fill*         0x000000000003743e        0x2 
 .bss           0x0000000000037440       0x23 obj_cooja/mtype935.a(rpl-timers.o)
 *fill*         0x0000000000037463        0x1 
 .bss           0x0000000000037464        0x4 obj_cooja/mtype935.a(rpl.o)
 .bss           0x0000000000037468        0x2 obj_cooja/mtype935.a(framer-802154.o)
 .bss           0x000000000003746a        0x0 obj_cooja/mtype935.a(nullmac.o)
 *fill*         0x000000000003746a       0x16 
 .bss           0x0000000000037480       0xa0 obj_cooja/mtype935.a(cxmac.o)
 .bss           0x0000000000037520        0x0 obj_cooja/mtype935.a(linkaddr.o)
 .bss           0x0000000000037520      0x20c obj_cooja/mtype935.a(nbr-table.o)
 .bss           0x000000000003772c        0x0 obj_cooja/mtype935.a(netstack.o)
 *fill*         0x000000000003772c       0x14 
 .bss           0x0000000000037740       0xa0 obj_cooja/mtype935.a(packetbuf.o)
 .bss           0x00000000000377e0      0xb80 obj_cooja/mtype935.a(queuebuf.o)
 .bss           0x0000000000038360        0x0 obj_cooja/mtype935.a(nullsec.o)
 .bss           0x0000000000038360        0x0 obj_cooja/mtype935.a(watchdog.o)
 .bss           0x0000000000038360        0x0 obj_cooja/mtype935.a(rimestats.o)
 .bss           0x0000000000038360        0x1 obj_cooja/mtype935.a(leds.o)
 .bss           0x0000000000038361        0x0 obj_cooja/mtype935.a(stimer.o)
 .bss           0x0000000000038361        0x0 obj_cooja/mtype935.a(memb.o)
 *fill*         0x0000000000038361       0x1f 
 .bss           0x0000000000038380      0x568 obj_cooja/mtype935.a(uip-ds6-route.o)
 .bss           0x00000000000388e8       0x18 obj_cooja/mtype935.a(uip-icmp6.o)
 .bss           0x0000000000038900        0x0 obj_cooja/mtype935.a(uip-nd6.o)
 .bss           0x0000000000038900       0x44 obj_cooja/mtype935.a(rpl-nbr-policy.)
 .bss           0x0000000000038944        0x0 obj_cooja/mtype935.a(frame802154.o)
 .bss           0x0000000000038944        0x0 obj_cooja/mtype935.a(mac.o)
 .bss           0x0000000000038944        0x0 /usr/lib/gcc/i686-linux-gnu/4.8/crtendS.o
 .bss           0x0000000000038944        0x0 /usr/lib/gcc/i686-linux-gnu/4.8/../../../i386-linux-gnu/crtn.o
 *(COMMON)
 COMMON         0x0000000000038944        0x2 udp-server.co
                0x0000000000038944                my_sink_reachability
                0x0000000000038945                my_parent_number
 *fill*         0x0000000000038946        0x2 
 COMMON         0x0000000000038948       0x4c obj_cooja/mtype935.o
                0x0000000000038948                dio_count
                0x000000000003894c                dis_count
                0x0000000000038950                collision_count
                0x0000000000038954                transmission_count
                0x0000000000038958                COOJA_radioRxLong
                0x000000000003895c                control_message_count
                0x0000000000038960                dao_count
                0x0000000000038964                COOJA_radioTx
                0x0000000000038968                referenceVar
                0x000000000003896c                data_relay_count
                0x0000000000038970                data_message_count
                0x0000000000038974                COOJA_radioTxLong
                0x0000000000038978                COOJA_radioRx
                0x000000000003897c                debugfp
                0x0000000000038980                COOJA_radioOn
                0x0000000000038984                COOJA_duration
                0x0000000000038988                dio_ack_count
                0x000000000003898c                COOJA_radioOnLong
                0x0000000000038990                sensors_flags
 COMMON         0x0000000000038994        0xc obj_cooja/mtype935.a(simEnvChange.o)
                0x0000000000038994                simEtimerPending
                0x0000000000038998                simProcessRunValue
                0x000000000003899c                simNextExpirationTime
 COMMON         0x00000000000389a0        0x1 obj_cooja/mtype935.a(beep.o)
                0x00000000000389a0                simBeeped
 COMMON         0x00000000000389a1        0x3 obj_cooja/mtype935.a(button-sensor.o)
                0x00000000000389a1                simButtonIsActive
                0x00000000000389a2                simButtonIsDown
                0x00000000000389a3                simButtonChanged
 COMMON         0x00000000000389a4        0x1 obj_cooja/mtype935.a(leds-arch.o)
                0x00000000000389a4                simLedsValue
 *fill*         0x00000000000389a5        0x3 
 COMMON         0x00000000000389a8        0xc obj_cooja/mtype935.a(moteid.o)
                0x00000000000389a8                simRandomSeed
                0x00000000000389ac                simMoteIDChanged
                0x00000000000389b0                simMoteID
 COMMON         0x00000000000389b4        0x2 obj_cooja/mtype935.a(pir-sensor.o)
                0x00000000000389b4                simPirIsActive
                0x00000000000389b5                simPirChanged
 *fill*         0x00000000000389b6        0xa 
 COMMON         0x00000000000389c0      0x820 obj_cooja/mtype935.a(rs232.o)
                0x00000000000389c0                simSerialReceivingFlag
                0x00000000000389c4                simSerialReceivingLength
                0x00000000000389e0                simSerialReceivingData
 COMMON         0x00000000000391e0        0x2 obj_cooja/mtype935.a(vib-sensor.o)
                0x00000000000391e0                simVibChanged
                0x00000000000391e1                simVibIsActive
 *fill*         0x00000000000391e2        0x2 
 COMMON         0x00000000000391e4        0x4 obj_cooja/mtype935.a(clock.o)
                0x00000000000391e4                simCurrentTime
 *fill*         0x00000000000391e8       0x18 
 COMMON         0x0000000000039200      0x420 obj_cooja/mtype935.a(log.o)
                0x0000000000039200                simLoggedLength
                0x0000000000039204                simLoggedFlag
                0x0000000000039220                simLoggedData
 COMMON         0x0000000000039620      0x240 obj_cooja/mtype935.a(cooja-radio.o)
                0x0000000000039620                simOutDataBuffer
                0x00000000000396a0                simRadioTarget
                0x00000000000396c0                simInDataBufferLR
                0x0000000000039740                simOutDataBufferLR
                0x00000000000397c0                dual_duty_cycle_count
                0x00000000000397e0                simInDataBuffer
 COMMON         0x0000000000039860      0x400 obj_cooja/mtype935.a(eeprom.o)
                0x0000000000039860                simEEPROMData
 COMMON         0x0000000000039c60        0x1 obj_cooja/mtype935.a(sensors.o)
                0x0000000000039c60                sensors_event
 *fill*         0x0000000000039c61        0x3 
 COMMON         0x0000000000039c64        0x4 obj_cooja/mtype935.a(log_message.o)
                0x0000000000039c64                log_fp
 COMMON         0x0000000000039c68        0x1 obj_cooja/mtype935.a(serial-line.o)
                0x0000000000039c68                serial_line_event_message
 *fill*         0x0000000000039c69       0x17 
 COMMON         0x0000000000039c80      0x12c obj_cooja/mtype935.a(uip-ds6-nbr.o)
                0x0000000000039c80                ds6_lr_addrmap
 *fill*         0x0000000000039dac       0x14 
 COMMON         0x0000000000039dc0      0x298 obj_cooja/mtype935.a(uip-ds6.o)
                0x0000000000039dc0                uip_ds6_prefix_list
                0x0000000000039e20                uip_ds6_timer_periodic
                0x0000000000039e30                uip_ds6_netif_addr_list_offset
                0x0000000000039e40                uip_ds6_if
                0x0000000000039f38                uip_ds6_timer_ra
                0x0000000000039f40                uip_ds6_addr_size
                0x0000000000039f60                long_uip_ds6_if
 *fill*         0x000000000003a058        0x8 
 COMMON         0x000000000003a060      0x8ec obj_cooja/mtype935.a(uip6.o)
                0x000000000003a060                uip_slen
                0x000000000003a062                uip_acc32
                0x000000000003a080                uip_conns
                0x000000000003a140                uip_lladdr
                0x000000000003a148                uip_appdata
                0x000000000003a14c                uip_flags
                0x000000000003a160                uip_aligned_buf
                0x000000000003a7a0                uip_listenports
                0x000000000003a7b0                uip_len
                0x000000000003a7b2                uip_long_lladdr
                0x000000000003a7bc                uip_sappdata
                0x000000000003a7c0                uip_udp_conns
                0x000000000003a940                uip_udp_conn
                0x000000000003a944                uip_next_hdr
                0x000000000003a948                uip_conn
 COMMON         0x000000000003a94c        0x1 obj_cooja/mtype935.a(tcpip.o)
                0x000000000003a94c                tcpip_event
 *fill*         0x000000000003a94d       0x13 
 COMMON         0x000000000003a960      0x198 obj_cooja/mtype935.a(rpl-dag.o)
                0x000000000003a960                default_instance
                0x000000000003a980                instance_table
 COMMON         0x000000000003aaf8        0x8 obj_cooja/mtype935.a(cxmac.o)
                0x000000000003aaf8                lr_count
                0x000000000003aafc                sr_count
 COMMON         0x000000000003ab00       0x10 obj_cooja/mtype935.a(linkaddr.o)
                0x000000000003ab00                linkaddr_node_addr
                0x000000000003ab08                long_linkaddr_node_addr
 COMMON         0x000000000003ab10       0x2e obj_cooja/mtype935.a(packetbuf.o)
                0x000000000003ab10                packetbuf_attrs
                0x000000000003ab2e                packetbuf_addrs
 *fill*         0x000000000003ab3e        0x2 
 COMMON         0x000000000003ab40       0x48 obj_cooja/mtype935.a(rimestats.o)
                0x000000000003ab40                rimestats
                0x000000000003ab88                . = ALIGN ((. != 0x0)?0x4:0x1)
                0x000000000003ab88                . = ALIGN (0x4)
                0x000000000003ab88                . = SEGMENT_START ("ldata-segment", .)
                0x000000000003ab88                . = ALIGN (0x4)
                0x000000000003ab88                _end = .
                0x000000000003ab88                PROVIDE (end, .)
                0x000000000003ab88                . = DATA_SEGMENT_END (.)

.stab
 *(.stab)

.stabstr
 *(.stabstr)

.stab.excl
 *(.stab.excl)

.stab.exclstr
 *(.stab.exclstr)

.stab.index
 *(.stab.index)

.stab.indexstr
 *(.stab.indexstr)

.comment        0x0000000000000000       0x54
 *(.comment)
 .comment       0x0000000000000000       0x29 /usr/lib/gcc/i686-linux-gnu/4.8/crtbeginS.o
                                         0x2a (size before relaxing)
 .comment       0x0000000000000000       0x2a udp-server.co
 .comment       0x0000000000000000       0x2a obj_cooja/mtype935.o
 .comment       0x0000000000000000       0x2a obj_cooja/mtype935.a(simEnvChange.o)
 .comment       0x0000000000000000       0x2a obj_cooja/mtype935.a(cooja_mt.o)
 .comment       0x0000000000000000       0x2a obj_cooja/mtype935.a(cooja_mtarch.o)
 .comment       0x0000000000000000       0x2a obj_cooja/mtype935.a(rtimer-arch.o)
 .comment       0x0000000000000000       0x2a obj_cooja/mtype935.a(beep.o)
 .comment       0x0000000000000000       0x2a obj_cooja/mtype935.a(button-sensor.o)
 .comment       0x0000000000000000       0x2a obj_cooja/mtype935.a(leds-arch.o)
 .comment       0x0000000000000000       0x2a obj_cooja/mtype935.a(moteid.o)
 .comment       0x0000000000000000       0x2a obj_cooja/mtype935.a(pir-sensor.o)
 .comment       0x0000000000000000       0x2a obj_cooja/mtype935.a(rs232.o)
 .comment       0x0000000000000000       0x2a obj_cooja/mtype935.a(vib-sensor.o)
 .comment       0x0000000000000000       0x2a obj_cooja/mtype935.a(clock.o)
 .comment       0x0000000000000000       0x2a obj_cooja/mtype935.a(log.o)
 .comment       0x0000000000000000       0x2a obj_cooja/mtype935.a(cfs-cooja.o)
 .comment       0x0000000000000000       0x2a obj_cooja/mtype935.a(cooja-radio.o)
 .comment       0x0000000000000000       0x2a obj_cooja/mtype935.a(eeprom.o)
 .comment       0x0000000000000000       0x2a obj_cooja/mtype935.a(random.o)
 .comment       0x0000000000000000       0x2a obj_cooja/mtype935.a(sensors.o)
 .comment       0x0000000000000000       0x2a obj_cooja/mtype935.a(dual_conf.o)
 .comment       0x0000000000000000       0x2a obj_cooja/mtype935.a(autostart.o)
 .comment       0x0000000000000000       0x2a obj_cooja/mtype935.a(ctimer.o)
 .comment       0x0000000000000000       0x2a obj_cooja/mtype935.a(etimer.o)
 .comment       0x0000000000000000       0x2a obj_cooja/mtype935.a(log_message.o)
 .comment       0x0000000000000000       0x2a obj_cooja/mtype935.a(process.o)
 .comment       0x0000000000000000       0x2a obj_cooja/mtype935.a(residual.o)
 .comment       0x0000000000000000       0x2a obj_cooja/mtype935.a(rtimer.o)
 .comment       0x0000000000000000       0x2a obj_cooja/mtype935.a(timer.o)
 .comment       0x0000000000000000       0x2a obj_cooja/mtype935.a(serial-line.o)
 .comment       0x0000000000000029       0x2b obj_cooja/mtype935.a(list.o)
                                         0x2c (size before relaxing)
 .comment       0x0000000000000000       0x2a obj_cooja/mtype935.a(ringbuf.o)
 .comment       0x0000000000000000       0x2a obj_cooja/mtype935.a(sicslowpan.o)
 .comment       0x0000000000000000       0x2a obj_cooja/mtype935.a(uip-ds6-nbr.o)
 .comment       0x0000000000000000       0x2a obj_cooja/mtype935.a(uip-ds6.o)
 .comment       0x0000000000000000       0x2a obj_cooja/mtype935.a(uip6.o)
 .comment       0x0000000000000000       0x2a obj_cooja/mtype935.a(tcpip.o)
 .comment       0x0000000000000000       0x2a obj_cooja/mtype935.a(uip-debug.o)
 .comment       0x0000000000000000       0x2a obj_cooja/mtype935.a(uip-packetqueue)
 .comment       0x0000000000000000       0x2a obj_cooja/mtype935.a(rpl-dag.o)
 .comment       0x0000000000000000       0x2a obj_cooja/mtype935.a(rpl-ext-header.)
 .comment       0x0000000000000000       0x2a obj_cooja/mtype935.a(rpl-icmp6.o)
 .comment       0x0000000000000000       0x2a obj_cooja/mtype935.a(rpl-ltmax.o)
 .comment       0x0000000000000000       0x2a obj_cooja/mtype935.a(rpl-timers.o)
 .comment       0x0000000000000000       0x2a obj_cooja/mtype935.a(rpl.o)
 .comment       0x0000000000000000       0x2a obj_cooja/mtype935.a(framer-802154.o)
 .comment       0x0000000000000000       0x2a obj_cooja/mtype935.a(nullmac.o)
 .comment       0x0000000000000000       0x2a obj_cooja/mtype935.a(cxmac.o)
 .comment       0x0000000000000000       0x2a obj_cooja/mtype935.a(linkaddr.o)
 .comment       0x0000000000000000       0x2a obj_cooja/mtype935.a(nbr-table.o)
 .comment       0x0000000000000000       0x2a obj_cooja/mtype935.a(netstack.o)
 .comment       0x0000000000000000       0x2a obj_cooja/mtype935.a(packetbuf.o)
 .comment       0x0000000000000000       0x2a obj_cooja/mtype935.a(queuebuf.o)
 .comment       0x0000000000000000       0x2a obj_cooja/mtype935.a(nullsec.o)
 .comment       0x0000000000000000       0x2a obj_cooja/mtype935.a(watchdog.o)
 .comment       0x0000000000000000       0x2c obj_cooja/mtype935.a(rimestats.o)
 .comment       0x0000000000000000       0x2a obj_cooja/mtype935.a(leds.o)
 .comment       0x0000000000000000       0x2a obj_cooja/mtype935.a(stimer.o)
 .comment       0x0000000000000000       0x2a obj_cooja/mtype935.a(memb.o)
 .comment       0x0000000000000000       0x2a obj_cooja/mtype935.a(uip-ds6-route.o)
 .comment       0x0000000000000000       0x2a obj_cooja/mtype935.a(uip-icmp6.o)
 .comment       0x0000000000000000       0x2a obj_cooja/mtype935.a(uip-nd6.o)
 .comment       0x0000000000000000       0x2a obj_cooja/mtype935.a(rpl-nbr-policy.)
 .comment       0x0000000000000000       0x2a obj_cooja/mtype935.a(frame802154.o)
 .comment       0x0000000000000000       0x2a obj_cooja/mtype935.a(mac.o)
 .comment       0x0000000000000000       0x2a /usr/lib/gcc/i686-linux-gnu/4.8/crtendS.o

.debug
 *(.debug)

.line
 *(.line)

.debug_srcinfo
 *(.debug_srcinfo)

.debug_sfnames
 *(.debug_sfnames)

.debug_aranges  0x0000000000000000      0x818
 *(.debug_aranges)
 .debug_aranges
                0x0000000000000000       0x20 udp-server.co
 .debug_aranges
                0x0000000000000020       0x20 obj_cooja/mtype935.o
 .debug_aranges
                0x0000000000000040       0x20 obj_cooja/mtype935.a(simEnvChange.o)
 .debug_aranges
                0x0000000000000060       0x20 obj_cooja/mtype935.a(cooja_mt.o)
 .debug_aranges
                0x0000000000000080       0x20 obj_cooja/mtype935.a(cooja_mtarch.o)
 .debug_aranges
                0x00000000000000a0       0x20 obj_cooja/mtype935.a(rtimer-arch.o)
 .debug_aranges
                0x00000000000000c0       0x20 obj_cooja/mtype935.a(beep.o)
 .debug_aranges
                0x00000000000000e0       0x20 obj_cooja/mtype935.a(button-sensor.o)
 .debug_aranges
                0x0000000000000100       0x20 obj_cooja/mtype935.a(leds-arch.o)
 .debug_aranges
                0x0000000000000120       0x20 obj_cooja/mtype935.a(moteid.o)
 .debug_aranges
                0x0000000000000140       0x20 obj_cooja/mtype935.a(pir-sensor.o)
 .debug_aranges
                0x0000000000000160       0x20 obj_cooja/mtype935.a(rs232.o)
 .debug_aranges
                0x0000000000000180       0x20 obj_cooja/mtype935.a(vib-sensor.o)
 .debug_aranges
                0x00000000000001a0       0x20 obj_cooja/mtype935.a(clock.o)
 .debug_aranges
                0x00000000000001c0       0x20 obj_cooja/mtype935.a(log.o)
 .debug_aranges
                0x00000000000001e0       0x20 obj_cooja/mtype935.a(cfs-cooja.o)
 .debug_aranges
                0x0000000000000200       0x20 obj_cooja/mtype935.a(cooja-radio.o)
 .debug_aranges
                0x0000000000000220       0x20 obj_cooja/mtype935.a(eeprom.o)
 .debug_aranges
                0x0000000000000240       0x20 obj_cooja/mtype935.a(random.o)
 .debug_aranges
                0x0000000000000260       0x20 obj_cooja/mtype935.a(sensors.o)
 .debug_aranges
                0x0000000000000280       0x20 obj_cooja/mtype935.a(dual_conf.o)
 .debug_aranges
                0x00000000000002a0       0x20 obj_cooja/mtype935.a(autostart.o)
 .debug_aranges
                0x00000000000002c0       0x20 obj_cooja/mtype935.a(ctimer.o)
 .debug_aranges
                0x00000000000002e0       0x20 obj_cooja/mtype935.a(etimer.o)
 .debug_aranges
                0x0000000000000300       0x20 obj_cooja/mtype935.a(log_message.o)
 .debug_aranges
                0x0000000000000320       0x20 obj_cooja/mtype935.a(process.o)
 .debug_aranges
                0x0000000000000340       0x20 obj_cooja/mtype935.a(residual.o)
 .debug_aranges
                0x0000000000000360       0x20 obj_cooja/mtype935.a(rtimer.o)
 .debug_aranges
                0x0000000000000380       0x20 obj_cooja/mtype935.a(timer.o)
 .debug_aranges
                0x00000000000003a0       0x20 obj_cooja/mtype935.a(serial-line.o)
 .debug_aranges
                0x00000000000003c0       0x20 obj_cooja/mtype935.a(list.o)
 .debug_aranges
                0x00000000000003e0       0x20 obj_cooja/mtype935.a(ringbuf.o)
 .debug_aranges
                0x0000000000000400       0x20 obj_cooja/mtype935.a(sicslowpan.o)
 .debug_aranges
                0x0000000000000420       0x20 obj_cooja/mtype935.a(uip-ds6-nbr.o)
 .debug_aranges
                0x0000000000000440       0x20 obj_cooja/mtype935.a(uip-ds6.o)
 .debug_aranges
                0x0000000000000460       0x20 obj_cooja/mtype935.a(uip6.o)
 .debug_aranges
                0x0000000000000480       0x20 obj_cooja/mtype935.a(tcpip.o)
 .debug_aranges
                0x00000000000004a0       0x20 obj_cooja/mtype935.a(uip-debug.o)
 .debug_aranges
                0x00000000000004c0       0x20 obj_cooja/mtype935.a(uip-packetqueue)
 .debug_aranges
                0x00000000000004e0       0x20 obj_cooja/mtype935.a(rpl-dag.o)
 .debug_aranges
                0x0000000000000500       0x20 obj_cooja/mtype935.a(rpl-ext-header.)
 .debug_aranges
                0x0000000000000520       0x20 obj_cooja/mtype935.a(rpl-icmp6.o)
 .debug_aranges
                0x0000000000000540       0x20 obj_cooja/mtype935.a(rpl-ltmax.o)
 .debug_aranges
                0x0000000000000560       0x20 obj_cooja/mtype935.a(rpl-timers.o)
 .debug_aranges
                0x0000000000000580       0x20 obj_cooja/mtype935.a(rpl.o)
 .debug_aranges
                0x00000000000005a0       0x20 obj_cooja/mtype935.a(framer-802154.o)
 .debug_aranges
                0x00000000000005c0       0x20 obj_cooja/mtype935.a(nullmac.o)
 .debug_aranges
                0x00000000000005e0       0x20 obj_cooja/mtype935.a(cxmac.o)
 .debug_aranges
                0x0000000000000600       0x20 obj_cooja/mtype935.a(linkaddr.o)
 .debug_aranges
                0x0000000000000620       0x20 obj_cooja/mtype935.a(nbr-table.o)
 .debug_aranges
                0x0000000000000640       0x20 obj_cooja/mtype935.a(netstack.o)
 .debug_aranges
                0x0000000000000660       0x20 obj_cooja/mtype935.a(packetbuf.o)
 .debug_aranges
                0x0000000000000680       0x20 obj_cooja/mtype935.a(queuebuf.o)
 .debug_aranges
                0x00000000000006a0       0x20 obj_cooja/mtype935.a(nullsec.o)
 .debug_aranges
                0x00000000000006c0       0x20 obj_cooja/mtype935.a(watchdog.o)
 .debug_aranges
                0x00000000000006e0       0x18 obj_cooja/mtype935.a(rimestats.o)
 .debug_aranges
                0x00000000000006f8       0x20 obj_cooja/mtype935.a(leds.o)
 .debug_aranges
                0x0000000000000718       0x20 obj_cooja/mtype935.a(stimer.o)
 .debug_aranges
                0x0000000000000738       0x20 obj_cooja/mtype935.a(memb.o)
 .debug_aranges
                0x0000000000000758       0x20 obj_cooja/mtype935.a(uip-ds6-route.o)
 .debug_aranges
                0x0000000000000778       0x20 obj_cooja/mtype935.a(uip-icmp6.o)
 .debug_aranges
                0x0000000000000798       0x20 obj_cooja/mtype935.a(uip-nd6.o)
 .debug_aranges
                0x00000000000007b8       0x20 obj_cooja/mtype935.a(rpl-nbr-policy.)
 .debug_aranges
                0x00000000000007d8       0x20 obj_cooja/mtype935.a(frame802154.o)
 .debug_aranges
                0x00000000000007f8       0x20 obj_cooja/mtype935.a(mac.o)

.debug_pubnames
 *(.debug_pubnames)

.debug_info     0x0000000000000000    0x1d016
 *(.debug_info .gnu.linkonce.wi.*)
 .debug_info    0x0000000000000000      0xe4b udp-server.co
 .debug_info    0x0000000000000e4b     0x3ac4 obj_cooja/mtype935.o
 .debug_info    0x000000000000490f      0x15a obj_cooja/mtype935.a(simEnvChange.o)
 .debug_info    0x0000000000004a69      0x1e2 obj_cooja/mtype935.a(cooja_mt.o)
 .debug_info    0x0000000000004c4b      0x2e7 obj_cooja/mtype935.a(cooja_mtarch.o)
 .debug_info    0x0000000000004f32      0x16b obj_cooja/mtype935.a(rtimer-arch.o)
 .debug_info    0x000000000000509d      0x1f3 obj_cooja/mtype935.a(beep.o)
 .debug_info    0x0000000000005290      0x257 obj_cooja/mtype935.a(button-sensor.o)
 .debug_info    0x00000000000054e7      0x132 obj_cooja/mtype935.a(leds-arch.o)
 .debug_info    0x0000000000005619      0x10a obj_cooja/mtype935.a(moteid.o)
 .debug_info    0x0000000000005723      0x216 obj_cooja/mtype935.a(pir-sensor.o)
 .debug_info    0x0000000000005939      0x21e obj_cooja/mtype935.a(rs232.o)
 .debug_info    0x0000000000005b57      0x216 obj_cooja/mtype935.a(vib-sensor.o)
 .debug_info    0x0000000000005d6d      0x152 obj_cooja/mtype935.a(clock.o)
 .debug_info    0x0000000000005ebf      0x2bb obj_cooja/mtype935.a(log.o)
 .debug_info    0x000000000000617a      0x3cf obj_cooja/mtype935.a(cfs-cooja.o)
 .debug_info    0x0000000000006549      0xd30 obj_cooja/mtype935.a(cooja-radio.o)
 .debug_info    0x0000000000007279      0x1d5 obj_cooja/mtype935.a(eeprom.o)