Archive member included to satisfy reference by file (symbol)

obj_cooja/mtype84.a(simEnvChange.o)
                              obj_cooja/mtype84.o (simDontFallAsleep)
obj_cooja/mtype84.a(cooja_mt.o)
                              obj_cooja/mtype84.o (cooja_mt_start)
obj_cooja/mtype84.a(cooja_mtarch.o)
                              obj_cooja/mtype84.a(cooja_mt.o) (cooja_mtarch_init)
obj_cooja/mtype84.a(rtimer-arch.o)
                              obj_cooja/mtype84.o (rtimer_arch_next)
obj_cooja/mtype84.a(beep.o)   obj_cooja/mtype84.o (beep_interface)
obj_cooja/mtype84.a(button-sensor.o)
                              obj_cooja/mtype84.o (button_interface)
obj_cooja/mtype84.a(leds-arch.o)
                              obj_cooja/mtype84.o (leds_interface)
obj_cooja/mtype84.a(moteid.o)
                              obj_cooja/mtype84.o (moteid_interface)
obj_cooja/mtype84.a(pir-sensor.o)
                              obj_cooja/mtype84.o (pir_interface)
obj_cooja/mtype84.a(rs232.o)  obj_cooja/mtype84.o (rs232_interface)
obj_cooja/mtype84.a(vib-sensor.o)
                              obj_cooja/mtype84.o (vib_interface)
obj_cooja/mtype84.a(clock.o)  obj_cooja/mtype84.o (clock_interface)
obj_cooja/mtype84.a(log.o)    obj_cooja/mtype84.o (simlog_interface)
obj_cooja/mtype84.a(cfs-cooja.o)
                              obj_cooja/mtype84.o (cfs_interface)
obj_cooja/mtype84.a(cooja-radio.o)
                              obj_cooja/mtype84.o (radio_interface)
obj_cooja/mtype84.a(eeprom.o)
                              obj_cooja/mtype84.o (eeprom_interface)
obj_cooja/mtype84.a(random.o)
                              obj_cooja/mtype84.a(moteid.o) (random_init)
obj_cooja/mtype84.a(sensors.o)
                              udp-server.co (sensors_event)
obj_cooja/mtype84.a(autostart.o)
                              obj_cooja/mtype84.o (autostart_start)
obj_cooja/mtype84.a(ctimer.o)
                              obj_cooja/mtype84.o (ctimer_init)
obj_cooja/mtype84.a(etimer.o)
                              obj_cooja/mtype84.o (etimer_process)
obj_cooja/mtype84.a(log_message.o)
                              obj_cooja/mtype84.o (log_initialization)
obj_cooja/mtype84.a(process.o)
                              udp-server.co (process_current)
obj_cooja/mtype84.a(rtimer.o)
                              obj_cooja/mtype84.a(rtimer-arch.o) (rtimer_run_next)
obj_cooja/mtype84.a(timer.o)  obj_cooja/mtype84.a(button-sensor.o) (timer_set)
obj_cooja/mtype84.a(serial-line.o)
                              obj_cooja/mtype84.a(rs232.o) (serial_line_input_byte)
obj_cooja/mtype84.a(list.o)   obj_cooja/mtype84.a(ctimer.o) (list_init)
obj_cooja/mtype84.a(ringbuf.o)
                              obj_cooja/mtype84.a(serial-line.o) (ringbuf_init)
obj_cooja/mtype84.a(sicslowpan.o)
                              obj_cooja/mtype84.o (sicslowpan_driver)
obj_cooja/mtype84.a(uip-ds6-nbr.o)
                              obj_cooja/mtype84.a(sicslowpan.o) (uip_ds6_link_neighbor_callback)
obj_cooja/mtype84.a(uip-ds6.o)
                              udp-server.co (uip_ds6_if)
obj_cooja/mtype84.a(uip6.o)   obj_cooja/mtype84.o (uip_lladdr)
obj_cooja/mtype84.a(tcpip.o)  udp-server.co (tcpip_event)
obj_cooja/mtype84.a(uip-debug.o)
                              udp-server.co (uip_debug_ipaddr_print)
obj_cooja/mtype84.a(uip-packetqueue)
                              obj_cooja/mtype84.a(uip-ds6-nbr.o) (uip_packetqueue_new)
obj_cooja/mtype84.a(rpl-dag.o)
                              udp-server.co (rpl_set_root)
obj_cooja/mtype84.a(rpl-ext-header.)
                              obj_cooja/mtype84.a(uip6.o) (rpl_verify_header)
obj_cooja/mtype84.a(rpl-icmp6.o)
                              obj_cooja/mtype84.a(rpl-dag.o) (rpl_icmp6_update_nbr_table)
obj_cooja/mtype84.a(rpl-ltmax.o)
                              obj_cooja/mtype84.a(rpl-dag.o) (rpl_ltmax_of)
obj_cooja/mtype84.a(rpl-timers.o)
                              obj_cooja/mtype84.a(rpl-dag.o) (rpl_reset_dio_timer)
obj_cooja/mtype84.a(rpl.o)    obj_cooja/mtype84.a(rpl-icmp6.o) (rpl_get_mode)
obj_cooja/mtype84.a(framer-802154.o)
                              obj_cooja/mtype84.a(sicslowpan.o) (framer_802154)
obj_cooja/mtype84.a(nullmac.o)
                              udp-server.co (nullmac_driver)
obj_cooja/mtype84.a(nullrdc.o)
                              obj_cooja/mtype84.o (nullrdc_driver)
obj_cooja/mtype84.a(linkaddr.o)
                              obj_cooja/mtype84.o (linkaddr_node_addr)
obj_cooja/mtype84.a(nbr-table.o)
                              obj_cooja/mtype84.a(uip-ds6-nbr.o) (nbr_table_register)
obj_cooja/mtype84.a(netstack.o)
                              obj_cooja/mtype84.o (netstack_init)
obj_cooja/mtype84.a(packetbuf.o)
                              obj_cooja/mtype84.a(cooja-radio.o) (packetbuf_attrs)
obj_cooja/mtype84.a(queuebuf.o)
                              obj_cooja/mtype84.o (queuebuf_init)
obj_cooja/mtype84.a(nullsec.o)
[...]
Memory Configuration

Name             Origin             Length             Attributes
*default*        0x0000000000000000 0xffffffffffffffff

Linker script and memory map

LOAD /usr/lib/gcc/i686-linux-gnu/4.8/../../../i386-linux-gnu/crti.o
LOAD /usr/lib/gcc/i686-linux-gnu/4.8/crtbeginS.o
LOAD udp-server.co
LOAD obj_cooja/mtype84.o
LOAD obj_cooja/mtype84.a
LOAD /usr/lib/gcc/i686-linux-gnu/4.8/libgcc.a
LOAD /usr/lib/gcc/i686-linux-gnu/4.8/libgcc_s.so
LOAD /usr/lib/gcc/i686-linux-gnu/4.8/../../../i386-linux-gnu/libc.so
START GROUP
LOAD /lib/i386-linux-gnu/libc.so.6
LOAD /usr/lib/i386-linux-gnu/libc_nonshared.a
LOAD /lib/i386-linux-gnu/ld-linux.so.2
END GROUP
LOAD /usr/lib/gcc/i686-linux-gnu/4.8/libgcc.a
LOAD /usr/lib/gcc/i686-linux-gnu/4.8/libgcc_s.so
LOAD /usr/lib/gcc/i686-linux-gnu/4.8/crtendS.o
LOAD /usr/lib/gcc/i686-linux-gnu/4.8/../../../i386-linux-gnu/crtn.o
                0x0000000000000114                . = (0x0 + SIZEOF_HEADERS)

.note.gnu.build-id
                0x0000000000000114       0x24
 *(.note.gnu.build-id)
 .note.gnu.build-id
                0x0000000000000114       0x24 /usr/lib/gcc/i686-linux-gnu/4.8/../../../i386-linux-gnu/crti.o

.hash
 *(.hash)

.gnu.hash       0x0000000000000138     0x12bc
 *(.gnu.hash)
 .gnu.hash      0x0000000000000138     0x12bc /usr/lib/gcc/i686-linux-gnu/4.8/../../../i386-linux-gnu/crti.o

.dynsym         0x00000000000013f4     0x2370
 *(.dynsym)
 .dynsym        0x00000000000013f4     0x2370 /usr/lib/gcc/i686-linux-gnu/4.8/../../../i386-linux-gnu/crti.o

.dynstr         0x0000000000003764     0x2457
 *(.dynstr)
 .dynstr        0x0000000000003764     0x2457 /usr/lib/gcc/i686-linux-gnu/4.8/../../../i386-linux-gnu/crti.o

.gnu.version    0x0000000000005bbc      0x46e
 *(.gnu.version)
 .gnu.version   0x0000000000005bbc      0x46e /usr/lib/gcc/i686-linux-gnu/4.8/../../../i386-linux-gnu/crti.o

.gnu.version_d  0x000000000000602c        0x0
 *(.gnu.version_d)
 .gnu.version_d
                0x0000000000000000        0x0 /usr/lib/gcc/i686-linux-gnu/4.8/../../../i386-linux-gnu/crti.o

.gnu.version_r  0x000000000000602c       0x50
 *(.gnu.version_r)
 .gnu.version_r
                0x000000000000602c       0x50 /usr/lib/gcc/i686-linux-gnu/4.8/../../../i386-linux-gnu/crti.o

.rel.dyn        0x000000000000607c     0x8128
 *(.rel.init)
 .rel.init      0x0000000000000000        0x0 /usr/lib/gcc/i686-linux-gnu/4.8/../../../i386-linux-gnu/crti.o
 *(.rel.text .rel.text.* .rel.gnu.linkonce.t.*)
 .rel.text      0x000000000000607c     0x79d0 /usr/lib/gcc/i686-linux-gnu/4.8/../../../i386-linux-gnu/crti.o
 *(.rel.fini)
 .rel.fini      0x0000000000000000        0x0 /usr/lib/gcc/i686-linux-gnu/4.8/../../../i386-linux-gnu/crti.o
 *(.rel.rodata .rel.rodata.* .rel.gnu.linkonce.r.*)
 .rel.rodata    0x000000000000da4c      0x4e0 /usr/lib/gcc/i686-linux-gnu/4.8/../../../i386-linux-gnu/crti.o
 *(.rel.data.rel.ro .rel.data.rel.ro.* .rel.gnu.linkonce.d.rel.ro.*)
 *(.rel.data .rel.data.* .rel.gnu.linkonce.d.*)
 .rel.data.rel  0x000000000000df2c        0x8 /usr/lib/gcc/i686-linux-gnu/4.8/../../../i386-linux-gnu/crti.o
 .rel.data      0x000000000000df34      0x238 /usr/lib/gcc/i686-linux-gnu/4.8/../../../i386-linux-gnu/crti.o
 *(.rel.tdata .rel.tdata.* .rel.gnu.linkonce.td.*)
 *(.rel.tbss .rel.tbss.* .rel.gnu.linkonce.tb.*)
 *(.rel.ctors)
 *(.rel.dtors)
 *(.rel.got)
 .rel.got       0x000000000000e16c       0x28 /usr/lib/gcc/i686-linux-gnu/4.8/../../../i386-linux-gnu/crti.o
 *(.rel.bss .rel.bss.* .rel.gnu.linkonce.b.*)
 *(.rel.ifunc)
 .rel.ifunc     0x0000000000000000        0x0 /usr/lib/gcc/i686-linux-gnu/4.8/../../../i386-linux-gnu/crti.o
 .rel.fini_array
                0x000000000000e194        0x8 /usr/lib/gcc/i686-linux-gnu/4.8/../../../i386-linux-gnu/crti.o
 .rel.init_array
                0x000000000000e19c        0x8 /usr/lib/gcc/i686-linux-gnu/4.8/../../../i386-linux-gnu/crti.o

.rel.plt        0x000000000000e1a4       0x10
 *(.rel.plt)
 .rel.plt       0x000000000000e1a4       0x10 /usr/lib/gcc/i686-linux-gnu/4.8/../../../i386-linux-gnu/crti.o
 *(.rel.iplt)

.init           0x000000000000e1b4       0x23
 *(SORT(.init))
 .init          0x000000000000e1b4       0x1e /usr/lib/gcc/i686-linux-gnu/4.8/../../../i386-linux-gnu/crti.o
                0x000000000000e1b4                _init
 .init          0x000000000000e1d2        0x5 /usr/lib/gcc/i686-linux-gnu/4.8/../../../i386-linux-gnu/crtn.o

.plt            0x000000000000e1e0       0x30
 *(.plt)
 .plt           0x000000000000e1e0       0x30 /usr/lib/gcc/i686-linux-gnu/4.8/../../../i386-linux-gnu/crti.o
 *(.iplt)

.text           0x000000000000e210    0x1434c
 *(.text.unlikely .text.*_unlikely .text.unlikely.*)
 *(.text.exit .text.exit.*)
 *(.text.startup .text.startup.*)
 *(.text.hot .text.hot.*)
 *(.text .stub .text.* .gnu.linkonce.t.*)
 .text          0x000000000000e210        0x0 /usr/lib/gcc/i686-linux-gnu/4.8/../../../i386-linux-gnu/crti.o
 .gnu.linkonce.t.__x86.get_pc_thunk.bx
                0x000000000000e210        0x4 /usr/lib/gcc/i686-linux-gnu/4.8/../../../i386-linux-gnu/crti.o
                0x000000000000e210                __x86.get_pc_thunk.bx
 *fill*         0x000000000000e214        0xc 
 .text          0x000000000000e220      0x11b /usr/lib/gcc/i686-linux-gnu/4.8/crtbeginS.o
 .text          0x000000000000e33b      0x3ce udp-server.co
 .text          0x000000000000e709      0x713 obj_cooja/mtype84.o
                0x000000000000e83f                contiki_init
                0x000000000000ec33                Java_org_contikios_cooja_corecomm_Lib1_init
                0x000000000000ec73                Java_org_contikios_cooja_corecomm_Lib1_getMemory
                0x000000000000ecb3                Java_org_contikios_cooja_corecomm_Lib1_setMemory
                0x000000000000ed2a                Java_org_contikios_cooja_corecomm_Lib1_tick
                0x000000000000ee0a                Java_org_contikios_cooja_corecomm_Lib1_setReferenceAddress
 .text          0x000000000000ee1c       0x63 obj_cooja/mtype84.a(simEnvChange.o)
                0x000000000000ee1c                doActionsBeforeTick
                0x000000000000ee4d                doActionsAfterTick
 .text          0x000000000000ee7f       0xbc obj_cooja/mtype84.a(cooja_mt.o)
                0x000000000000ee7f                cooja_mt_init
                0x000000000000ee8c                cooja_mt_remove
                0x000000000000ee99                cooja_mt_start
                0x000000000000eec6                cooja_mt_exec
                0x000000000000eef7                cooja_mt_exit
                0x000000000000ef19                cooja_mt_yield
 .text          0x000000000000ef3b      0x115 obj_cooja/mtype84.a(cooja_mtarch.o)
                0x000000000000ef3b                cooja_mtarch_init
                0x000000000000ef40                cooja_mtarch_start
                0x000000000000efbb                cooja_sw
                0x000000000000efdd                cooja_mtarch_exec
                0x000000000000eff9                cooja_mtarch_remove
                0x000000000000effe                cooja_mtarch_yield
                0x000000000000f008                cooja_mtarch_pstop
                0x000000000000f00d                cooja_mtarch_pstart
                0x000000000000f012                cooja_mtarch_stack_usage
 .text          0x000000000000f050       0xc2 obj_cooja/mtype84.a(rtimer-arch.o)
                0x000000000000f050                rtimer_arch_init
                0x000000000000f073                rtimer_arch_schedule
                0x000000000000f08a                rtimer_arch_next
                0x000000000000f094                rtimer_arch_pending
                0x000000000000f09e                rtimer_arch_check
                0x000000000000f0d0                rtimer_arch_now
 .text          0x000000000000f112       0x76 obj_cooja/mtype84.a(beep.o)
                0x000000000000f112                beep_alarm
                0x000000000000f11e                beep_beep
                0x000000000000f12a                beep
                0x000000000000f136                beep_down
                0x000000000000f142                beep_on
                0x000000000000f14e                beep_off
                0x000000000000f15a                beep_spinup
                0x000000000000f166                beep_quick
                0x000000000000f172                beep_long
 .text          0x000000000000f188      0x103 obj_cooja/mtype84.a(button-sensor.o)
 .text          0x000000000000f28b       0x45 obj_cooja/mtype84.a(leds-arch.o)
                0x000000000000f28b                leds_arch_init
                0x000000000000f297                leds_arch_get
                0x000000000000f2a3                leds_arch_set
 .text          0x000000000000f2d0       0x2f obj_cooja/mtype84.a(moteid.o)
 .text          0x000000000000f2ff       0xb1 obj_cooja/mtype84.a(pir-sensor.o)
 .text          0x000000000000f3b0      0x131 obj_cooja/mtype84.a(rs232.o)
                0x000000000000f3b0                rs232_init
                0x000000000000f3b5                rs232_set_speed
                0x000000000000f3c3                rs232_set_input
                0x000000000000f3d0                rs232_send
                0x000000000000f3f2                rs232_print
                0x000000000000f40d                slip_arch_writeb
 .text          0x000000000000f4e1       0xb1 obj_cooja/mtype84.a(vib-sensor.o)
 .text          0x000000000000f592       0x34 obj_cooja/mtype84.a(clock.o)
                0x000000000000f592                clock_init
                0x000000000000f597                clock_time
                0x000000000000f5a1                clock_seconds
                0x000000000000f5b7                clock_delay
 .text          0x000000000000f5c6      0x1ed obj_cooja/mtype84.a(log.o)
                0x000000000000f5c6                simlog_char
                0x000000000000f608                simlog
                0x000000000000f675                log_message
                0x000000000000f69d                log_set_putchar_with_slip
                0x000000000000f6aa                log_putchar
                0x000000000000f72e                log_puts
                0x000000000000f752                log_printf
 .text          0x000000000000f7b3      0x2c4 obj_cooja/mtype84.a(cfs-cooja.o)
                0x000000000000f7b3                cfs_open
                0x000000000000f81c                cfs_close
                0x000000000000f828                cfs_read
                0x000000000000f8c6                cfs_write
                0x000000000000f9a3                cfs_seek
                0x000000000000fa2b                cfs_remove
                0x000000000000fa54                cfs_opendir
                0x000000000000fa5e                cfs_readdir
                0x000000000000fa68                cfs_closedir
 .text          0x000000000000fa77      0x3e8 obj_cooja/mtype84.a(cooja-radio.o)
                0x000000000000faa1                radio_set_channel
                0x000000000000faae                radio_set_txpower
                0x000000000000fac5                radio_signal_strength_last
                0x000000000000facf                radio_signal_strength_current
                0x000000000000fad9                radio_LQI
 .text          0x000000000000fe5f       0xef obj_cooja/mtype84.a(eeprom.o)
                0x000000000000fe5f                eeprom_init
                0x000000000000fe64                eeprom_read
                0x000000000000fed4                eeprom_write
 .text          0x000000000000ff4e       0x28 obj_cooja/mtype84.a(random.o)
                0x000000000000ff4e                random_init
                0x000000000000ff69                random_rand
 .text          0x000000000000ff76      0x2a1 obj_cooja/mtype84.a(sensors.o)
                0x000000000000ffb1                sensors_first
                0x000000000000ffbb                sensors_next
                0x000000000000ffd8                sensors_changed
                0x0000000000010007                sensors_find
 .text          0x0000000000010217       0x8e obj_cooja/mtype84.a(autostart.o)
                0x0000000000010217                autostart_start
                0x0000000000010262                autostart_exit
 .text          0x00000000000102a5      0x334 obj_cooja/mtype84.a(ctimer.o)
                0x00000000000103bc                ctimer_init
                0x00000000000103ec                ctimer_set
                0x000000000001041d                ctimer_set_with_process
                0x0000000000010499                ctimer_reset
                0x00000000000104e8                ctimer_restart
                0x0000000000010537                ctimer_stop
                0x0000000000010582                ctimer_expired
 .text          0x00000000000105d9      0x40b obj_cooja/mtype84.a(etimer.o)
                0x00000000000107ec                etimer_request_poll
                0x0000000000010870                etimer_set
                0x0000000000010895                etimer_reset_with_new_interval
                0x00000000000108bc                etimer_reset
                0x00000000000108da                etimer_restart
                0x00000000000108f8                etimer_adjust
                0x0000000000010914                etimer_expired
                0x0000000000010927                etimer_expiration_time
                0x0000000000010939                etimer_start_time
                0x0000000000010943                etimer_pending
                0x0000000000010955                etimer_next_expiration_time
                0x000000000001096f                etimer_stop
 .text          0x00000000000109e4       0xdd obj_cooja/mtype84.a(log_message.o)
                0x00000000000109e4                log_initialization
                0x0000000000010aa0                log_finisher
 .text          0x0000000000010ac1      0x560 obj_cooja/mtype84.a(process.o)
                0x0000000000010ac1                process_alloc_event
                0x0000000000010ad6                process_start
                0x0000000000010cbf                process_exit
                0x0000000000010cdb                process_init
                0x0000000000010eac                process_run
                0x0000000000010edf                process_nevents
                0x0000000000010efa                process_post
                0x0000000000010fa6                process_post_synch
                0x0000000000010fde                process_poll
                0x000000000001100d                process_is_running
 .text          0x0000000000011021       0xba obj_cooja/mtype84.a(rtimer.o)
                0x0000000000011021                rtimer_init
                0x000000000001102e                rtimer_set
                0x0000000000011085                rtimer_run_next
 .text          0x00000000000110db       0x91 obj_cooja/mtype84.a(timer.o)
                0x00000000000110db                timer_set
                0x00000000000110f6                timer_reset
                0x000000000001110d                timer_restart
                0x000000000001111f                timer_expired
                0x0000000000011148                timer_remaining
 .text          0x000000000001116c      0x1fb obj_cooja/mtype84.a(serial-line.o)
                0x000000000001116c                serial_line_input_byte
                0x000000000001132f                serial_line_init
 .text          0x0000000000011367      0x244 obj_cooja/mtype84.a(list.o)
                0x0000000000011367                list_init
                0x0000000000011375                list_head
                0x000000000001137f                list_copy
                0x000000000001138e                list_tail
                0x00000000000113c4                list_add
                0x000000000001140d                list_push
                0x0000000000011439                list_chop
                0x00000000000114a3                list_pop
                0x00000000000114cb                list_remove
                0x0000000000011532                list_length
                0x0000000000011560                list_insert
                0x0000000000011594                list_item_next
 .text          0x00000000000115ab      0x155 obj_cooja/mtype84.a(ringbuf.o)
                0x00000000000115ab                ringbuf_init
                0x00000000000115dc                ringbuf_put
                0x000000000001165a                ringbuf_get
                0x00000000000116c7                ringbuf_size
                0x00000000000116d9                ringbuf_elements
 .text          0x0000000000011700     0x258b obj_cooja/mtype84.a(sicslowpan.o)
                0x0000000000011c8a                rime_sniffer_add
                0x0000000000011c97                rime_sniffer_remove
                0x0000000000013c2a                sicslowpan_init
                0x0000000000013c81                sicslowpan_get_last_rssi
 .text          0x0000000000013c8b      0x298 obj_cooja/mtype84.a(uip-ds6-nbr.o)
                0x0000000000013ca8                uip_ds6_neighbors_init
                0x0000000000013cc5                uip_ds6_nbr_add
                0x0000000000013d4d                uip_ds6_nbr_rm
                0x0000000000013d8f                uip_ds6_nbr_get_ipaddr
                0x0000000000013da4                uip_ds6_nbr_get_ll
                0x0000000000013dc0                uip_ds6_nbr_num
                0x0000000000013e05                uip_ds6_nbr_lookup
                0x0000000000013e6a                uip_ds6_nbr_ll_lookup
                0x0000000000013e86                uip_ds6_nbr_ipaddr_from_lladdr
                0x0000000000013eac                uip_ds6_nbr_lladdr_from_ipaddr
                0x0000000000013eda                uip_ds6_link_neighbor_callback
 .text          0x0000000000013f23      0xb97 obj_cooja/mtype84.a(uip-ds6.o)
                0x0000000000013f23                uip_ds6_init
                0x00000000000140f6                uip_ds6_periodic
                0x000000000001416f                uip_ds6_list_loop
                0x0000000000014216                uip_ds6_prefix_add
                0x00000000000142d4                uip_ds6_prefix_rm
                0x00000000000142e6                uip_ds6_prefix_lookup
                0x0000000000014337                uip_ds6_is_addr_onlink
                0x00000000000143ab                uip_ds6_addr_add
                0x00000000000144d9                uip_ds6_addr_rm
                0x0000000000014579                uip_ds6_addr_lookup
                0x00000000000145c4                uip_ds6_get_link_local
                0x0000000000014643                uip_ds6_get_global
                0x00000000000146c2                uip_ds6_maddr_add
                0x0000000000014734                uip_ds6_maddr_rm
                0x0000000000014746                uip_ds6_maddr_lookup
                0x0000000000014791                uip_ds6_aaddr_add
                0x0000000000014803                uip_ds6_aaddr_rm
                0x0000000000014815                uip_ds6_aaddr_lookup
                0x0000000000014860                uip_ds6_select_src
                0x00000000000149a5                uip_ds6_set_addr_iid
                0x00000000000149dc                get_match_length
                0x0000000000014a6e                uip_ds6_compute_reachable_time
 .text          0x0000000000014aba     0x29cb obj_cooja/mtype84.a(uip6.o)
                0x0000000000014aba                uip_add32
                0x0000000000014c53                uip_chksum
                0x0000000000014d41                uip_icmp6chksum
                0x0000000000014d55                uip_tcpchksum
                0x0000000000014d69                uip_udpchksum
                0x0000000000014d7d                uip_init
                0x0000000000014e4d                uip_connect
                0x0000000000014ffc                remove_ext_hdr
                0x00000000000150d1                uip_udp_new
                0x000000000001522d                uip_unlisten
                0x000000000001528d                uip_listen
                0x000000000001554f                uip_process
                0x0000000000017379                uip_htons
                0x000000000001739b                uip_htonl
                0x00000000000173db                uip_send
 .text          0x0000000000017485      0x9d9 obj_cooja/mtype84.a(tcpip.o)
                0x0000000000017485                tcpip_output
                0x00000000000174b3                tcpip_set_outputfunc
                0x0000000000017547                tcp_connect
                0x000000000001759c                tcp_unlisten
                0x00000000000175f7                tcp_listen
                0x0000000000017650                tcp_attach
                0x0000000000017675                udp_attach
                0x000000000001769a                udp_new
                0x00000000000176ec                udp_broadcast_new
                0x0000000000017960                tcpip_input
                0x0000000000017994                tcpip_ipv6_output
                0x0000000000017ca4                tcpip_poll_udp
                0x0000000000017cc7                tcpip_poll_tcp
                0x0000000000017cea                tcpip_uipcall
 .text          0x0000000000017e5e      0x1c1 obj_cooja/mtype84.a(uip-debug.o)
                0x0000000000017e5e                uip_debug_ipaddr_print
                0x0000000000017fc0                uip_debug_lladdr_print
 .text          0x000000000001801f      0x141 obj_cooja/mtype84.a(uip-packetqueue)
                0x000000000001804b                uip_packetqueue_new
                0x0000000000018059                uip_packetqueue_alloc
                0x00000000000180b9                uip_packetqueue_free
                0x00000000000180fa                uip_packetqueue_buf
                0x0000000000018117                uip_packetqueue_buflen
                0x0000000000018138                uip_packetqueue_set_buflen
 .text          0x0000000000018160     0x25ba obj_cooja/mtype84.a(rpl-dag.o)
                0x0000000000018160                rpl_print_neighbor_list
                0x0000000000018209                rpl_print_child_neighbor_list
                0x00000000000182c1                rpl_get_nbr
                0x000000000001831b                rpl_get_nbr_child
                0x0000000000018375                rpl_dag_init
                0x00000000000183a7                rpl_get_parent
                0x00000000000183c9                rpl_get_parent_rank
                0x00000000000183fc                rpl_get_parent_link_metric
                0x000000000001842f                rpl_get_parent_ipaddr
                0x0000000000018459                rpl_get_child_ipaddr
                0x0000000000018774                rpl_set_root
                0x00000000000189a2                rpl_repair_root
                0x0000000000018bde                rpl_set_prefix
                0x0000000000018cdd                rpl_set_default_route
                0x0000000000018d69                rpl_alloc_instance
                0x0000000000018dfc                rpl_alloc_dag
                0x0000000000018eaf                rpl_set_default_instance
                0x0000000000018ebc                rpl_get_default_instance
                0x0000000000018ec6                rpl_free_instance
                0x0000000000018f77                rpl_free_dag
                0x0000000000018fdd                rpl_add_parent
                0x00000000000190c4                rpl_find_parent
                0x00000000000190f4                rpl_add_child
                0x00000000000191a7                rpl_find_child
                0x00000000000191f5                rpl_find_parent_any_dag
                0x0000000000019231                rpl_select_dag
                0x0000000000019610                rpl_select_parent
                0x0000000000019672                rpl_remove_parent
                0x0000000000019699                rpl_remove_child
                0x00000000000196c4                rpl_nullify_parent
                0x0000000000019762                rpl_move_parent
                0x00000000000197ff                rpl_has_downward_route
                0x0000000000019852                rpl_get_any_dag
                0x00000000000198b4                rpl_get_instance
                0x0000000000019917                rpl_find_of
                0x0000000000019954                rpl_join_instance
                0x0000000000019bcf                rpl_add_dag
                0x0000000000019fbe                rpl_local_repair
                0x000000000001a097                rpl_recalculate_ranks
                0x000000000001a11d                rpl_process_parent_event
                0x000000000001a1cf                rpl_process_dio
 .text          0x000000000001a71a      0xbf3 obj_cooja/mtype84.a(rpl-ext-header.)
                0x000000000001a737                rpl_verify_header
                0x000000000001abb1                rpl_update_header_empty
                0x000000000001aec8                rpl_update_header_final
                0x000000000001b057                rpl_remove_header
                0x000000000001b161                rpl_invert_header
                0x000000000001b2eb                rpl_insert_header
 .text          0x000000000001b30d     0x2002 obj_cooja/mtype84.a(rpl-icmp6.o)
                0x000000000001b5d6                rpl_icmp6_update_nbr_table
                0x000000000001b6c6                dis_output
                0x000000000001bfa8                dio_output
                0x000000000001ced1                dao_output
                0x000000000001cfcf                dao_output_target
                0x000000000001d2c3                dao_ack_output
                0x000000000001d2d7                rpl_icmp6_register_handlers
 .text          0x000000000001d30f      0x46e obj_cooja/mtype84.a(rpl-ltmax.o)
 .text          0x000000000001d77d      0x7c2 obj_cooja/mtype84.a(rpl-timers.o)
                0x000000000001d9d2                rpl_reset_periodic_timer
                0x000000000001da27                rpl_reset_dio_timer
                0x000000000001dc61                rpl_schedule_dao
                0x000000000001dc7c                rpl_schedule_dao_immediately
                0x000000000001dc97                rpl_cancel_dao
                0x000000000001dcf9                rpl_schedule_unicast_dio_immediately
                0x000000000001dee7                rpl_schedule_probing
 .text          0x000000000001df3f      0x5c5 obj_cooja/mtype84.a(rpl.o)
                0x000000000001df3f                rpl_get_mode
                0x000000000001df49                rpl_set_mode
                0x000000000001dfd7                rpl_purge_routes
                0x000000000001e0d1                rpl_remove_routes
                0x000000000001e117                rpl_remove_routes_by_nexthop
                0x000000000001e183                rpl_add_route
                0x000000000001e1fe                rpl_link_neighbor_callback
                0x000000000001e303                rpl_ipv6_neighbor_callback
                0x000000000001e372                rpl_purge_dags
                0x000000000001e47e                rpl_init
 .text          0x000000000001e504      0x3f5 obj_cooja/mtype84.a(framer-802154.o)
 .text          0x000000000001e8f9       0x5e obj_cooja/mtype84.a(nullmac.o)
 .text          0x000000000001e957      0x441 obj_cooja/mtype84.a(nullrdc.o)
 .text          0x000000000001ed98       0x67 obj_cooja/mtype84.a(linkaddr.o)
                0x000000000001ed98                linkaddr_copy
                0x000000000001edba                linkaddr_cmp
                0x000000000001ede4                linkaddr_set_node_addr
 .text          0x000000000001edff      0x769 obj_cooja/mtype84.a(nbr-table.o)
                0x000000000001f25e                nbr_table_register
                0x000000000001f2a6                nbr_table_head
                0x000000000001f302                nbr_table_next
                0x000000000001f369                nbr_table_add_lladdr
                0x000000000001f445                nbr_table_get_from_lladdr
                0x000000000001f492                nbr_table_remove
                0x000000000001f4e4                nbr_table_lock
                0x000000000001f50e                nbr_table_unlock
                0x000000000001f538                nbr_table_get_lladdr
 .text          0x000000000001f568       0x2b obj_cooja/mtype84.a(netstack.o)
                0x000000000001f568                netstack_init
 .text          0x000000000001f593      0x3cd obj_cooja/mtype84.a(packetbuf.o)
                0x000000000001f593                packetbuf_clear
                0x000000000001f5bd                packetbuf_copyfrom
                0x000000000001f60f                packetbuf_compact
                0x000000000001f68c                packetbuf_copyto
                0x000000000001f723                packetbuf_hdralloc
                0x000000000001f7a0                packetbuf_hdrreduce
                0x000000000001f7e8                packetbuf_set_datalen
                0x000000000001f801                packetbuf_dataptr
                0x000000000001f81e                packetbuf_hdrptr
                0x000000000001f828                packetbuf_datalen
                0x000000000001f834                packetbuf_hdrlen
                0x000000000001f84b                packetbuf_totlen
                0x000000000001f861                packetbuf_attr_clear
                0x000000000001f8b3                packetbuf_attr_copyto
                0x000000000001f8fc                packetbuf_attr_copyfrom
                0x000000000001f944                packetbuf_holds_broadcast
 .text          0x000000000001f960      0x2b4 obj_cooja/mtype84.a(queuebuf.o)
                0x000000000001f96a                queuebuf_init
                0x000000000001f98a                queuebuf_numfree
                0x000000000001f99e                queuebuf_new_from_packetbuf
                0x000000000001fa2e                queuebuf_update_attr_from_packetbuf
                0x000000000001fa61                queuebuf_update_from_packetbuf
                0x000000000001faab                queuebuf_free
                0x000000000001faf2                queuebuf_to_packetbuf
                0x000000000001fb58                queuebuf_dataptr
                0x000000000001fb8f                queuebuf_datalen
                0x000000000001fbb2                queuebuf_addr
                0x000000000001fbe4                queuebuf_attr
                0x000000000001fc0f                queuebuf_debug_print
 .text          0x000000000001fc14       0x6e obj_cooja/mtype84.a(nullsec.o)
 .text          0x000000000001fc82       0x19 obj_cooja/mtype84.a(watchdog.o)
                0x000000000001fc82                watchdog_init
                0x000000000001fc87                watchdog_start
                0x000000000001fc8c                watchdog_periodic
                0x000000000001fc91                watchdog_stop
                0x000000000001fc96                watchdog_reboot
 .text          0x000000000001fc9b        0x0 obj_cooja/mtype84.a(rimestats.o)
 .text          0x000000000001fc9b       0xd3 obj_cooja/mtype84.a(residual.o)
                0x000000000001fc9b                get_residual_energy
 .text          0x000000000001fd6e       0xa3 obj_cooja/mtype84.a(stimer.o)
                0x000000000001fd6e                stimer_set
                0x000000000001fd89                stimer_reset
                0x000000000001fda0                stimer_restart
                0x000000000001fdb2                stimer_expired
                0x000000000001fdd9                stimer_remaining
                0x000000000001fdfd                stimer_elapsed
 .text          0x000000000001fe11      0x1c1 obj_cooja/mtype84.a(memb.o)
                0x000000000001fe11                memb_init
                0x000000000001fe6f                memb_alloc
                0x000000000001fed4                memb_free
                0x000000000001ff4f                memb_inmemb
                0x000000000001ff8e                memb_numfree
 .text          0x000000000001ffd2      0x916 obj_cooja/mtype84.a(uip-ds6-route.o)
                0x0000000000020049                uip_ds6_notification_add
                0x000000000002007a                uip_ds6_notification_rm
                0x0000000000020096                uip_ds6_route_init
                0x000000000002011e                uip_ds6_route_nexthop
                0x0000000000020146                uip_ds6_route_head
                0x000000000002015b                uip_ds6_route_next
                0x0000000000020181                uip_ds6_route_is_nexthop
                0x00000000000201c0                uip_ds6_route_num_routes
                0x00000000000201ca                uip_ds6_route_lookup
                0x000000000002028c                uip_ds6_route_add
                0x00000000000204c0                uip_ds6_route_rm
                0x0000000000020654                uip_ds6_route_rm_by_nexthop
                0x000000000002068c                uip_ds6_defrt_add
                0x000000000002073d                uip_ds6_defrt_rm
                0x00000000000207bc                uip_ds6_defrt_lookup
                0x0000000000020815                uip_ds6_defrt_choose
                0x0000000000020880                uip_ds6_defrt_periodic
 .text          0x00000000000208e8      0xab2 obj_cooja/mtype84.a(uip-icmp6.o)
                0x0000000000020956                uip_icmp6_input
                0x00000000000209ac                uip_icmp6_register_input_handler
                0x0000000000020c74                uip_icmp6_error_output
                0x0000000000020fb9                uip_icmp6_send
                0x000000000002132d                uip_icmp6_echo_reply_callback_add
                0x000000000002135e                uip_icmp6_echo_reply_callback_rm
                0x000000000002137a                uip_icmp6_init
 .text          0x000000000002139a      0x358 obj_cooja/mtype84.a(uip-nd6.o)
                0x00000000000213ee                uip_nd6_ns_output
                0x00000000000216ed                uip_nd6_init
 .text          0x00000000000216f2      0x331 obj_cooja/mtype84.a(rpl-nbr-policy.)
                0x00000000000218ca                find_removable_dis
                0x00000000000218ed                find_removable_dio
                0x000000000002197c                find_removable_dao
                0x00000000000219cc                rpl_nbr_policy_find_removable
 .text          0x0000000000021a23      0x97c obj_cooja/mtype84.a(frame802154.o)
                0x0000000000021a54                frame802154_get_pan_id
                0x0000000000021a60                frame802154_set_pan_id
                0x0000000000021a79                frame802154_has_panid
                0x0000000000021b65                frame802154_check_dest_panid
                0x0000000000021bcd                frame802154_is_broadcast_addr
                0x0000000000021c1a                frame802154_extract_linkaddr
                0x0000000000021e5a                frame802154_hdrlen
                0x0000000000021eab                frame802154_create
                0x0000000000022096                frame802154_parse
 .text          0x000000000002239f      0x181 obj_cooja/mtype84.a(mac-sequence.o)
                0x00000000000223d6                mac_sequence_is_duplicate
                0x0000000000022459                mac_sequence_register_seqno
 .text          0x0000000000022520       0x3c obj_cooja/mtype84.a(mac.o)
                0x0000000000022520                mac_call_sent_callback
 .text          0x000000000002255c        0x0 /usr/lib/gcc/i686-linux-gnu/4.8/crtendS.o
 .text          0x000000000002255c        0x0 /usr/lib/gcc/i686-linux-gnu/4.8/../../../i386-linux-gnu/crtn.o
 *(.gnu.warning)

.fini           0x000000000002255c       0x14
 *(SORT(.fini))
 .fini          0x000000000002255c        0xf /usr/lib/gcc/i686-linux-gnu/4.8/../../../i386-linux-gnu/crti.o
                0x000000000002255c                _fini
 .fini          0x000000000002256b        0x5 /usr/lib/gcc/i686-linux-gnu/4.8/../../../i386-linux-gnu/crtn.o
                0x0000000000022570                PROVIDE (__etext, .)
                0x0000000000022570                PROVIDE (_etext, .)
                0x0000000000022570                PROVIDE (etext, .)

.rodata         0x0000000000022580      0x8a0
 *(.rodata .rodata.* .gnu.linkonce.r.*)
 .rodata        0x0000000000022580      0x148 udp-server.co
                0x0000000000022594                autostart_processes
 .rodata        0x00000000000226c8      0x127 obj_cooja/mtype84.o
 *fill*         0x00000000000227ef        0x1 
 .rodata        0x00000000000227f0        0x8 obj_cooja/mtype84.a(beep.o)
                0x00000000000227f0                beep_interface
 .rodata        0x00000000000227f8       0x20 obj_cooja/mtype84.a(button-sensor.o)
                0x00000000000227f8                button_interface
                0x0000000000022808                button_sensor
 .rodata        0x0000000000022818        0x8 obj_cooja/mtype84.a(leds-arch.o)
                0x0000000000022818                leds_interface
 .rodata        0x0000000000022820        0x8 obj_cooja/mtype84.a(moteid.o)
                0x0000000000022820                moteid_interface
 .rodata        0x0000000000022828       0x1c obj_cooja/mtype84.a(pir-sensor.o)
                0x0000000000022828                pir_interface
                0x0000000000022834                pir_sensor
 .rodata        0x0000000000022844        0xe obj_cooja/mtype84.a(rs232.o)
                0x0000000000022844                rs232_interface
 *fill*         0x0000000000022852        0x2 
 .rodata        0x0000000000022854       0x24 obj_cooja/mtype84.a(vib-sensor.o)
                0x0000000000022854                vib_interface
                0x0000000000022868                vib_sensor
 .rodata        0x0000000000022878        0x8 obj_cooja/mtype84.a(clock.o)
                0x0000000000022878                clock_interface
 .rodata        0x0000000000022880        0x8 obj_cooja/mtype84.a(log.o)
                0x0000000000022880                simlog_interface
 .rodata        0x0000000000022888       0x2f obj_cooja/mtype84.a(cfs-cooja.o)
                0x0000000000022888                cfs_interface
 *fill*         0x00000000000228b7        0x9 
 .rodata        0x00000000000228c0       0x60 obj_cooja/mtype84.a(cooja-radio.o)
                0x00000000000228e0                cooja_radio_driver
                0x0000000000022918                radio_interface
 .rodata        0x0000000000022920        0x8 obj_cooja/mtype84.a(eeprom.o)
                0x0000000000022920                eeprom_interface
 .rodata        0x0000000000022928        0x8 obj_cooja/mtype84.a(sensors.o)
 .rodata        0x0000000000022930        0xf obj_cooja/mtype84.a(ctimer.o)
 .rodata        0x000000000002293f        0xc obj_cooja/mtype84.a(etimer.o)
 *fill*         0x000000000002294b        0x1 
 .rodata        0x000000000002294c       0x73 obj_cooja/mtype84.a(log_message.o)
 .rodata        0x00000000000229bf        0xe obj_cooja/mtype84.a(serial-line.o)
 *fill*         0x00000000000229cd        0x3 
 .rodata        0x00000000000229d0       0x2c obj_cooja/mtype84.a(sicslowpan.o)
                0x00000000000229d0                unc_llconf
                0x00000000000229d4                unc_ctxconf
                0x00000000000229d8                unc_mxconf
                0x00000000000229dc                llprefix
                0x00000000000229f0                sicslowpan_driver
 .rodata        0x00000000000229fc      0x13c obj_cooja/mtype84.a(uip6.o)
 .rodata        0x0000000000022b38       0x29 obj_cooja/mtype84.a(tcpip.o)
 .rodata        0x0000000000022b61       0x3e obj_cooja/mtype84.a(uip-debug.o)
 *fill*         0x0000000000022b9f        0x1 
 .rodata        0x0000000000022ba0       0x2a obj_cooja/mtype84.a(rpl-dag.o)
 .rodata        0x0000000000022bca       0x48 obj_cooja/mtype84.a(rpl-icmp6.o)
 *fill*         0x0000000000022c12        0x2 
 .rodata        0x0000000000022c14      0x14c obj_cooja/mtype84.a(rpl-ltmax.o)
 .rodata        0x0000000000022d60        0xc obj_cooja/mtype84.a(framer-802154.o)
                0x0000000000022d60                framer_802154
 .rodata        0x0000000000022d6c       0x24 obj_cooja/mtype84.a(nullmac.o)
                0x0000000000022d74                nullmac_driver
 *fill*         0x0000000000022d90       0x10 
 .rodata        0x0000000000022da0       0x40 obj_cooja/mtype84.a(nullrdc.o)
                0x0000000000022dc0                nullrdc_driver
 .rodata        0x0000000000022de0        0x8 obj_cooja/mtype84.a(linkaddr.o)
                0x0000000000022de0                linkaddr_null
 .rodata        0x0000000000022de8       0x18 obj_cooja/mtype84.a(nullsec.o)
                0x0000000000022df0                nullsec_driver
 .rodata        0x0000000000022e00       0x20 obj_cooja/mtype84.a(residual.o)

.rodata1
 *(.rodata1)

.eh_frame_hdr   0x0000000000022e20     0x1274
 *(.eh_frame_hdr)
 .eh_frame_hdr  0x0000000000022e20     0x1274 udp-server.co

.eh_frame       0x0000000000024094     0x4b14
 *(.eh_frame)
 .eh_frame      0x0000000000024094       0x3c /usr/lib/gcc/i686-linux-gnu/4.8/../../../i386-linux-gnu/crti.o
                                         0x40 (size before relaxing)
 .eh_frame      0x00000000000240d0       0x68 udp-server.co
                                         0x80 (size before relaxing)
 .eh_frame      0x0000000000024138      0x148 obj_cooja/mtype84.o
                                        0x160 (size before relaxing)
 .eh_frame      0x0000000000024280       0x40 obj_cooja/mtype84.a(simEnvChange.o)
                                         0x58 (size before relaxing)
 .eh_frame      0x00000000000242c0       0xc0 obj_cooja/mtype84.a(cooja_mt.o)
                                         0xd8 (size before relaxing)
 .eh_frame      0x0000000000024380      0x120 obj_cooja/mtype84.a(cooja_mtarch.o)
                                        0x138 (size before relaxing)
 .eh_frame      0x00000000000244a0       0xc0 obj_cooja/mtype84.a(rtimer-arch.o)
                                         0xd8 (size before relaxing)
 .eh_frame      0x0000000000024560      0x160 obj_cooja/mtype84.a(beep.o)
                                        0x178 (size before relaxing)
 .eh_frame      0x00000000000246c0       0xa0 obj_cooja/mtype84.a(button-sensor.o)
                                         0xb8 (size before relaxing)
 .eh_frame      0x0000000000024760       0xa0 obj_cooja/mtype84.a(leds-arch.o)
                                         0xb8 (size before relaxing)
 .eh_frame      0x0000000000024800       0x40 obj_cooja/mtype84.a(moteid.o)
                                         0x58 (size before relaxing)
 .eh_frame      0x0000000000024840       0xa0 obj_cooja/mtype84.a(pir-sensor.o)
                                         0xb8 (size before relaxing)
 .eh_frame      0x00000000000248e0      0x100 obj_cooja/mtype84.a(rs232.o)
                                        0x118 (size before relaxing)
 .eh_frame      0x00000000000249e0       0xa0 obj_cooja/mtype84.a(vib-sensor.o)
                                         0xb8 (size before relaxing)
 .eh_frame      0x0000000000024a80       0xc0 obj_cooja/mtype84.a(clock.o)
                                         0xd8 (size before relaxing)
 .eh_frame      0x0000000000024b40      0x120 obj_cooja/mtype84.a(log.o)
                                        0x138 (size before relaxing)
 .eh_frame      0x0000000000024c60      0x160 obj_cooja/mtype84.a(cfs-cooja.o)
                                        0x178 (size before relaxing)
 .eh_frame      0x0000000000024dc0      0x2e0 obj_cooja/mtype84.a(cooja-radio.o)
                                        0x2f8 (size before relaxing)
 .eh_frame      0x00000000000250a0       0xa0 obj_cooja/mtype84.a(eeprom.o)
                                         0xb8 (size before relaxing)
 .eh_frame      0x0000000000025140       0x40 obj_cooja/mtype84.a(random.o)
                                         0x58 (size before relaxing)
 .eh_frame      0x0000000000025180       0xc0 obj_cooja/mtype84.a(sensors.o)
                                         0xd8 (size before relaxing)
 .eh_frame      0x0000000000025240       0x40 obj_cooja/mtype84.a(autostart.o)
                                         0x58 (size before relaxing)
 .eh_frame      0x0000000000025280      0x100 obj_cooja/mtype84.a(ctimer.o)
                                        0x118 (size before relaxing)
 .eh_frame      0x0000000000025380      0x1e0 obj_cooja/mtype84.a(etimer.o)
                                        0x1f8 (size before relaxing)
 .eh_frame      0x0000000000025560       0x40 obj_cooja/mtype84.a(log_message.o)
                                         0x58 (size before relaxing)
 .eh_frame      0x00000000000255a0      0x1c8 obj_cooja/mtype84.a(process.o)
                                        0x1e0 (size before relaxing)
 .eh_frame      0x0000000000025768       0x60 obj_cooja/mtype84.a(rtimer.o)
                                         0x78 (size before relaxing)
 .eh_frame      0x00000000000257c8       0xa4 obj_cooja/mtype84.a(timer.o)
                                         0xbc (size before relaxing)
 .eh_frame      0x000000000002586c       0x60 obj_cooja/mtype84.a(serial-line.o)
                                         0x78 (size before relaxing)
 .eh_frame      0x00000000000258cc      0x180 obj_cooja/mtype84.a(list.o)
                                        0x198 (size before relaxing)
 .eh_frame      0x0000000000025a4c       0xa0 obj_cooja/mtype84.a(ringbuf.o)
                                         0xb8 (size before relaxing)
 .eh_frame      0x0000000000025aec      0x350 obj_cooja/mtype84.a(sicslowpan.o)
                                        0x368 (size before relaxing)
 .eh_frame      0x0000000000025e3c      0x180 obj_cooja/mtype84.a(uip-ds6-nbr.o)
                                        0x198 (size before relaxing)
 .eh_frame      0x0000000000025fbc      0x2c8 obj_cooja/mtype84.a(uip-ds6.o)
                                        0x2e0 (size before relaxing)
 .eh_frame      0x0000000000026284      0x27c obj_cooja/mtype84.a(uip6.o)
                                        0x294 (size before relaxing)
 .eh_frame      0x0000000000026500      0x270 obj_cooja/mtype84.a(tcpip.o)
                                        0x288 (size before relaxing)
 .eh_frame      0x0000000000026770       0x48 obj_cooja/mtype84.a(uip-debug.o)
                                         0x60 (size before relaxing)
 .eh_frame      0x00000000000267b8       0xe0 obj_cooja/mtype84.a(uip-packetqueue)
                                         0xf8 (size before relaxing)
 .eh_frame      0x0000000000026898      0x74c obj_cooja/mtype84.a(rpl-dag.o)
                                        0x764 (size before relaxing)
 .eh_frame      0x0000000000026fe4      0x10c obj_cooja/mtype84.a(rpl-ext-header.)
                                        0x124 (size before relaxing)
 .eh_frame      0x00000000000270f0      0x2b8 obj_cooja/mtype84.a(rpl-icmp6.o)
                                        0x2d0 (size before relaxing)
 .eh_frame      0x00000000000273a8       0xec obj_cooja/mtype84.a(rpl-ltmax.o)
                                        0x104 (size before relaxing)
 .eh_frame      0x0000000000027494      0x20c obj_cooja/mtype84.a(rpl-timers.o)
                                        0x224 (size before relaxing)
 .eh_frame      0x00000000000276a0      0x148 obj_cooja/mtype84.a(rpl.o)
                                        0x160 (size before relaxing)
 .eh_frame      0x00000000000277e8      0x108 obj_cooja/mtype84.a(framer-802154.o)
                                        0x120 (size before relaxing)
 .eh_frame      0x00000000000278f0       0xc0 obj_cooja/mtype84.a(nullmac.o)
                                         0xd8 (size before relaxing)
 .eh_frame      0x00000000000279b0      0x16c obj_cooja/mtype84.a(nullrdc.o)
                                        0x184 (size before relaxing)
 .eh_frame      0x0000000000027b1c       0x60 obj_cooja/mtype84.a(linkaddr.o)
                                         0x78 (size before relaxing)
 .eh_frame      0x0000000000027b7c      0x26c obj_cooja/mtype84.a(nbr-table.o)
                                        0x284 (size before relaxing)
 .eh_frame      0x0000000000027de8       0x20 obj_cooja/mtype84.a(netstack.o)
                                         0x38 (size before relaxing)
 .eh_frame      0x0000000000027e08      0x214 obj_cooja/mtype84.a(packetbuf.o)
                                        0x22c (size before relaxing)
 .eh_frame      0x000000000002801c      0x1a0 obj_cooja/mtype84.a(queuebuf.o)
                                        0x1b8 (size before relaxing)
 .eh_frame      0x00000000000281bc       0x80 obj_cooja/mtype84.a(nullsec.o)
                                         0x98 (size before relaxing)
 .eh_frame      0x000000000002823c       0xa0 obj_cooja/mtype84.a(watchdog.o)
                                         0xb8 (size before relaxing)
 .eh_frame      0x00000000000282dc       0x2c obj_cooja/mtype84.a(residual.o)
                                         0x44 (size before relaxing)
 .eh_frame      0x0000000000028308       0xc4 obj_cooja/mtype84.a(stimer.o)
                                         0xdc (size before relaxing)
 .eh_frame      0x00000000000283cc       0xa0 obj_cooja/mtype84.a(memb.o)
                                         0xb8 (size before relaxing)
 .eh_frame      0x000000000002846c      0x2a0 obj_cooja/mtype84.a(uip-ds6-route.o)
                                        0x2b8 (size before relaxing)
 .eh_frame      0x000000000002870c      0x164 obj_cooja/mtype84.a(uip-icmp6.o)
                                        0x17c (size before relaxing)
 .eh_frame      0x0000000000028870       0x68 obj_cooja/mtype84.a(uip-nd6.o)
                                         0x80 (size before relaxing)
 .eh_frame      0x00000000000288d8       0xc0 obj_cooja/mtype84.a(rpl-nbr-policy.)
                                         0xd8 (size before relaxing)
 .eh_frame      0x0000000000028998      0x164 obj_cooja/mtype84.a(frame802154.o)
                                        0x17c (size before relaxing)
 .eh_frame      0x0000000000028afc       0x88 obj_cooja/mtype84.a(mac-sequence.o)
                                         0xa0 (size before relaxing)
 .eh_frame      0x0000000000028b84       0x20 obj_cooja/mtype84.a(mac.o)
                                         0x38 (size before relaxing)
 .eh_frame      0x0000000000028ba4        0x4 /usr/lib/gcc/i686-linux-gnu/4.8/crtendS.o

.gcc_except_table
 *(.gcc_except_table .gcc_except_table.*)

.exception_ranges
 *(.exception_ranges .exception_ranges*)
                0x0000000000028ba8                . = (ALIGN (0x1000) - ((0x1000 - .) & 0xfff))
                0x0000000000029ef8                . = DATA_SEGMENT_ALIGN (0x1000, 0x1000)

.eh_frame
 *(.eh_frame)

.gcc_except_table
 *(.gcc_except_table .gcc_except_table.*)

.exception_ranges
 *(.exception_ranges .exception_ranges*)

.tdata
 *(.tdata .tdata.* .gnu.linkonce.td.*)

.tbss
 *(.tbss .tbss.* .gnu.linkonce.tb.*)
 *(.tcommon)

.preinit_array
 *(.preinit_array)

.init_array     0x0000000000029ef8        0x4
 *(SORT(.init_array.*) SORT(.ctors.*))
 *(.init_array EXCLUDE_FILE(*crtend?.o *crtend.o *crtbegin?.o *crtbegin.o) .ctors)
 .init_array    0x0000000000029ef8        0x4 /usr/lib/gcc/i686-linux-gnu/4.8/crtbeginS.o

.fini_array     0x0000000000029efc        0x4
 *(SORT(.fini_array.*) SORT(.dtors.*))
 *(.fini_array EXCLUDE_FILE(*crtend?.o *crtend.o *crtbegin?.o *crtbegin.o) .dtors)
 .fini_array    0x0000000000029efc        0x4 /usr/lib/gcc/i686-linux-gnu/4.8/crtbeginS.o

.ctors
 *crtbegin.o(.ctors)
 *crtbegin?.o(.ctors)
 *(EXCLUDE_FILE(*crtend?.o *crtend.o) .ctors)
 *(SORT(.ctors.*))
 *(.ctors)

.dtors
 *crtbegin.o(.dtors)
 *crtbegin?.o(.dtors)
 *(EXCLUDE_FILE(*crtend?.o *crtend.o) .dtors)
 *(SORT(.dtors.*))
 *(.dtors)

.jcr            0x0000000000029f00        0x4
 *(.jcr)
 .jcr           0x0000000000029f00        0x0 /usr/lib/gcc/i686-linux-gnu/4.8/crtbeginS.o
 .jcr           0x0000000000029f00        0x4 /usr/lib/gcc/i686-linux-gnu/4.8/crtendS.o

.data.rel.ro
 *(.data.rel.ro.local* .gnu.linkonce.d.rel.ro.local.*)
 *(.data.rel.ro .data.rel.ro.* .gnu.linkonce.d.rel.ro.*)

.dynamic        0x0000000000029f04       0xe8
 *(.dynamic)
 .dynamic       0x0000000000029f04       0xe8 /usr/lib/gcc/i686-linux-gnu/4.8/../../../i386-linux-gnu/crti.o
                0x0000000000029f04                _DYNAMIC

.got            0x0000000000029fec       0x14
 *(.got)
 .got           0x0000000000029fec       0x14 /usr/lib/gcc/i686-linux-gnu/4.8/../../../i386-linux-gnu/crti.o
 *(.igot)
                0x000000000002aff4                . = DATA_SEGMENT_RELRO_END (., (SIZEOF (.got.plt) >= 0xc)?0xc:0x0)

.got.plt        0x000000000002a000       0x14
 *(.got.plt)
 .got.plt       0x000000000002a000       0x14 /usr/lib/gcc/i686-linux-gnu/4.8/../../../i386-linux-gnu/crti.o
                0x000000000002a000                _GLOBAL_OFFSET_TABLE_
 *(.igot.plt)

.data           0x000000000002a020      0x222
 *(.data .data.* .gnu.linkonce.d.*)
 .data          0x000000000002a020        0x0 /usr/lib/gcc/i686-linux-gnu/4.8/../../../i386-linux-gnu/crti.o
 .data          0x000000000002a020        0x0 /usr/lib/gcc/i686-linux-gnu/4.8/crtbeginS.o
 .data.rel      0x000000000002a020        0x4 /usr/lib/gcc/i686-linux-gnu/4.8/crtbeginS.o
                0x000000000002a020                __dso_handle
 .data          0x000000000002a024       0x10 udp-server.co
                0x000000000002a024                udp_server_process
 *fill*         0x000000000002a034        0xc 
 .data          0x000000000002a040       0x44 obj_cooja/mtype84.o
                0x000000000002a040                simInterfaces
                0x000000000002a074                sensors
 .data          0x000000000002a084        0x0 obj_cooja/mtype84.a(simEnvChange.o)
 .data          0x000000000002a084        0x0 obj_cooja/mtype84.a(cooja_mt.o)
 .data          0x000000000002a084        0x0 obj_cooja/mtype84.a(cooja_mtarch.o)
 .data          0x000000000002a084        0x0 obj_cooja/mtype84.a(rtimer-arch.o)
 .data          0x000000000002a084        0x0 obj_cooja/mtype84.a(beep.o)
 .data          0x000000000002a084        0x0 obj_cooja/mtype84.a(button-sensor.o)
 .data          0x000000000002a084        0x0 obj_cooja/mtype84.a(leds-arch.o)
 .data          0x000000000002a084        0x0 obj_cooja/mtype84.a(moteid.o)
 .data          0x000000000002a084        0x0 obj_cooja/mtype84.a(pir-sensor.o)
 .data          0x000000000002a084        0x0 obj_cooja/mtype84.a(rs232.o)
 .data          0x000000000002a084        0x0 obj_cooja/mtype84.a(vib-sensor.o)
 .data          0x000000000002a084        0x0 obj_cooja/mtype84.a(clock.o)
 .data          0x000000000002a084        0x0 obj_cooja/mtype84.a(log.o)
 .data          0x000000000002a084        0x0 obj_cooja/mtype84.a(cfs-cooja.o)
 .data          0x000000000002a084       0x40 obj_cooja/mtype84.a(cooja-radio.o)
                0x000000000002a084                simRadioChannelLR
                0x000000000002a088                simRadioHWOnLR
                0x000000000002a08c                simSignalStrengthLR
                0x000000000002a090                simLastSignalStrengthLR
                0x000000000002a094                simPowerLR
                0x000000000002a098                simLQILR
                0x000000000002a09c                simRadioChannel
                0x000000000002a0a0                simRadioHWOn
                0x000000000002a0a4                simSignalStrength
                0x000000000002a0a8                simLastSignalStrength
                0x000000000002a0ac                simPower
                0x000000000002a0b0                simLQI
                0x000000000002a0b4                cooja_radio_process
 .data          0x000000000002a0c4        0x0 obj_cooja/mtype84.a(eeprom.o)
 .data          0x000000000002a0c4        0x0 obj_cooja/mtype84.a(random.o)
 .data          0x000000000002a0c4       0x10 obj_cooja/mtype84.a(sensors.o)
                0x000000000002a0c4                sensors_process
 .data          0x000000000002a0d4        0x0 obj_cooja/mtype84.a(autostart.o)
 .data          0x000000000002a0d4       0x14 obj_cooja/mtype84.a(ctimer.o)
                0x000000000002a0d8                ctimer_process
 .data          0x000000000002a0e8       0x10 obj_cooja/mtype84.a(etimer.o)
                0x000000000002a0e8                etimer_process
 .data          0x000000000002a0f8        0x0 obj_cooja/mtype84.a(log_message.o)
 .data          0x000000000002a0f8        0x0 obj_cooja/mtype84.a(process.o)
 .data          0x000000000002a0f8        0x0 obj_cooja/mtype84.a(rtimer.o)
 .data          0x000000000002a0f8        0x0 obj_cooja/mtype84.a(timer.o)
 .data          0x000000000002a0f8       0x10 obj_cooja/mtype84.a(serial-line.o)
                0x000000000002a0f8                serial_line_process
 .data          0x000000000002a108        0x0 obj_cooja/mtype84.a(list.o)
 .data          0x000000000002a108        0x0 obj_cooja/mtype84.a(ringbuf.o)
 .data          0x000000000002a108        0x0 obj_cooja/mtype84.a(sicslowpan.o)
 .data          0x000000000002a108       0x14 obj_cooja/mtype84.a(uip-ds6-nbr.o)
                0x000000000002a118                ds6_neighbors
 .data          0x000000000002a11c        0x0 obj_cooja/mtype84.a(uip-ds6.o)
 .data          0x000000000002a11c        0x0 obj_cooja/mtype84.a(uip6.o)
 .data          0x000000000002a11c       0x10 obj_cooja/mtype84.a(tcpip.o)
                0x000000000002a11c                tcpip_process
 .data          0x000000000002a12c        0x0 obj_cooja/mtype84.a(uip-debug.o)
 .data          0x000000000002a12c        0xc obj_cooja/mtype84.a(uip-packetqueue)
 .data          0x000000000002a138       0x28 obj_cooja/mtype84.a(rpl-dag.o)
                0x000000000002a148                rpl_parents
                0x000000000002a15c                rpl_children
 .data          0x000000000002a160        0x0 obj_cooja/mtype84.a(rpl-ext-header.)
 .data          0x000000000002a160       0x34 obj_cooja/mtype84.a(rpl-icmp6.o)
 .data          0x000000000002a194       0x1c obj_cooja/mtype84.a(rpl-ltmax.o)
                0x000000000002a194                rpl_ltmax_of
 .data          0x000000000002a1b0        0x0 obj_cooja/mtype84.a(rpl-timers.o)
 .data          0x000000000002a1b0        0x0 obj_cooja/mtype84.a(rpl.o)
 .data          0x000000000002a1b0        0x0 obj_cooja/mtype84.a(framer-802154.o)
 .data          0x000000000002a1b0        0x0 obj_cooja/mtype84.a(nullmac.o)
 .data          0x000000000002a1b0        0x0 obj_cooja/mtype84.a(nullrdc.o)
 .data          0x000000000002a1b0        0x0 obj_cooja/mtype84.a(linkaddr.o)
 .data          0x000000000002a1b0       0x10 obj_cooja/mtype84.a(nbr-table.o)
 .data          0x000000000002a1c0        0x0 obj_cooja/mtype84.a(netstack.o)
 .data          0x000000000002a1c0        0x4 obj_cooja/mtype84.a(packetbuf.o)
 .data          0x000000000002a1c4       0x18 obj_cooja/mtype84.a(queuebuf.o)
 .data          0x000000000002a1dc        0x0 obj_cooja/mtype84.a(nullsec.o)
 .data          0x000000000002a1dc        0x0 obj_cooja/mtype84.a(watchdog.o)
 .data          0x000000000002a1dc        0x0 obj_cooja/mtype84.a(rimestats.o)
 .data          0x000000000002a1dc        0x0 obj_cooja/mtype84.a(residual.o)
 .data          0x000000000002a1dc        0x0 obj_cooja/mtype84.a(stimer.o)
 .data          0x000000000002a1dc        0x0 obj_cooja/mtype84.a(memb.o)
 .data          0x000000000002a1dc       0x44 obj_cooja/mtype84.a(uip-ds6-route.o)
                0x000000000002a1ec                nbr_routes
 .data          0x000000000002a220       0x20 obj_cooja/mtype84.a(uip-icmp6.o)
 .data          0x000000000002a240        0x0 obj_cooja/mtype84.a(uip-nd6.o)
 .data          0x000000000002a240        0x0 obj_cooja/mtype84.a(rpl-nbr-policy.)
 .data          0x000000000002a240        0x2 obj_cooja/mtype84.a(frame802154.o)
 .data          0x000000000002a242        0x0 obj_cooja/mtype84.a(mac-sequence.o)
 .data          0x000000000002a242        0x0 obj_cooja/mtype84.a(mac.o)
 .data          0x000000000002a242        0x0 /usr/lib/gcc/i686-linux-gnu/4.8/crtendS.o
 .data          0x000000000002a242        0x0 /usr/lib/gcc/i686-linux-gnu/4.8/../../../i386-linux-gnu/crtn.o

.tm_clone_table
                0x000000000002a244        0x0
 .tm_clone_table
                0x000000000002a244        0x0 /usr/lib/gcc/i686-linux-gnu/4.8/crtbeginS.o
 .tm_clone_table
                0x000000000002a244        0x0 /usr/lib/gcc/i686-linux-gnu/4.8/crtendS.o

.data1
 *(.data1)
                0x000000000002a244                _edata = .
                0x000000000002a244                PROVIDE (edata, .)
                0x000000000002a244                . = .
                0x000000000002a244                __bss_start = .

.bss            0x000000000002a260     0x8608
 *(.dynbss)
 .dynbss        0x0000000000000000        0x0 /usr/lib/gcc/i686-linux-gnu/4.8/../../../i386-linux-gnu/crti.o
 *(.bss .bss.* .gnu.linkonce.b.*)
 .bss           0x000000000002a260        0x0 /usr/lib/gcc/i686-linux-gnu/4.8/../../../i386-linux-gnu/crti.o
 .bss           0x000000000002a260        0x1 /usr/lib/gcc/i686-linux-gnu/4.8/crtbeginS.o
 *fill*         0x000000000002a261        0x3 
 .bss           0x000000000002a264        0x8 udp-server.co
                0x000000000002a264                my_weight
 *fill*         0x000000000002a26c       0x14 
 .bss           0x000000000002a280     0x2030 obj_cooja/mtype84.o
 .bss           0x000000000002c2b0        0x1 obj_cooja/mtype84.a(simEnvChange.o)
                0x000000000002c2b0                simDontFallAsleep
 *fill*         0x000000000002c2b1        0x3 
 .bss           0x000000000002c2b4        0x4 obj_cooja/mtype84.a(cooja_mt.o)
 .bss           0x000000000002c2b8        0x4 obj_cooja/mtype84.a(cooja_mtarch.o)
 .bss           0x000000000002c2bc        0xc obj_cooja/mtype84.a(rtimer-arch.o)
 .bss           0x000000000002c2c8        0x0 obj_cooja/mtype84.a(beep.o)
 .bss           0x000000000002c2c8        0x8 obj_cooja/mtype84.a(button-sensor.o)
 .bss           0x000000000002c2d0        0x0 obj_cooja/mtype84.a(leds-arch.o)
 .bss           0x000000000002c2d0        0x0 obj_cooja/mtype84.a(moteid.o)
 .bss           0x000000000002c2d0        0x1 obj_cooja/mtype84.a(pir-sensor.o)
                0x000000000002c2d0                simPirValue
 *fill*         0x000000000002c2d1        0x3 
 .bss           0x000000000002c2d4        0x4 obj_cooja/mtype84.a(rs232.o)
 .bss           0x000000000002c2d8        0x1 obj_cooja/mtype84.a(vib-sensor.o)
                0x000000000002c2d8                simVibValue
 .bss           0x000000000002c2d9        0x0 obj_cooja/mtype84.a(clock.o)
 *fill*         0x000000000002c2d9        0x7 
 .bss           0x000000000002c2e0      0x420 obj_cooja/mtype84.a(log.o)
 .bss           0x000000000002c700      0xfc0 obj_cooja/mtype84.a(cfs-cooja.o)
                0x000000000002c700                simCFSData
                0x000000000002d6a0                simCFSSize
                0x000000000002d6a4                simCFSChanged
                0x000000000002d6a8                simCFSRead
                0x000000000002d6ac                simCFSWritten
 .bss           0x000000000002d6c0       0x24 obj_cooja/mtype84.a(cooja-radio.o)
                0x000000000002d6c0                simReceivingLR
                0x000000000002d6c4                simInSizeLR
                0x000000000002d6c8                simOutSizeLR
                0x000000000002d6cc                simReceiving
                0x000000000002d6d0                simInSize
                0x000000000002d6d4                simOutSize
                0x000000000002d6d8                LongRangeTransmit
                0x000000000002d6dc                LongRangeReceiving
 .bss           0x000000000002d6e4        0xc obj_cooja/mtype84.a(eeprom.o)
                0x000000000002d6e4                simEEPROMChanged
                0x000000000002d6e8                simEEPROMRead
                0x000000000002d6ec                simEEPROMWritten
 .bss           0x000000000002d6f0        0x0 obj_cooja/mtype84.a(random.o)
 .bss           0x000000000002d6f0        0xc obj_cooja/mtype84.a(sensors.o)
 .bss           0x000000000002d6fc        0x0 obj_cooja/mtype84.a(autostart.o)
 .bss           0x000000000002d6fc        0x5 obj_cooja/mtype84.a(ctimer.o)
 *fill*         0x000000000002d701        0x3 
 .bss           0x000000000002d704        0x8 obj_cooja/mtype84.a(etimer.o)
 .bss           0x000000000002d70c        0x0 obj_cooja/mtype84.a(log_message.o)
 *fill*         0x000000000002d70c       0x14 
 .bss           0x000000000002d720      0x1b1 obj_cooja/mtype84.a(process.o)
                0x000000000002d720                process_list
                0x000000000002d724                process_current
 *fill*         0x000000000002d8d1        0x3 
 .bss           0x000000000002d8d4        0x4 obj_cooja/mtype84.a(rtimer.o)
 .bss           0x000000000002d8d8        0x0 obj_cooja/mtype84.a(timer.o)
 *fill*         0x000000000002d8d8        0x8 
 .bss           0x000000000002d8e0      0x140 obj_cooja/mtype84.a(serial-line.o)
 .bss           0x000000000002da20        0x0 obj_cooja/mtype84.a(list.o)
 .bss           0x000000000002da20        0x0 obj_cooja/mtype84.a(ringbuf.o)
 .bss           0x000000000002da20      0x70c obj_cooja/mtype84.a(sicslowpan.o)
 *fill*         0x000000000002e12c       0x14 
 .bss           0x000000000002e140      0x2d0 obj_cooja/mtype84.a(uip-ds6-nbr.o)
 .bss           0x000000000002e410       0x20 obj_cooja/mtype84.a(uip-ds6.o)
 .bss           0x000000000002e430        0xe obj_cooja/mtype84.a(uip6.o)
                0x000000000002e430                uip_ext_bitmap
                0x000000000002e431                uip_ext_len
                0x000000000002e432                uip_ext_opt_offset
 *fill*         0x000000000002e43e        0x2 
 .bss           0x000000000002e440       0x6a obj_cooja/mtype84.a(tcpip.o)
 .bss           0x000000000002e4aa        0x0 obj_cooja/mtype84.a(uip-debug.o)
 *fill*         0x000000000002e4aa       0x16 
 .bss           0x000000000002e4c0      0xcf8 obj_cooja/mtype84.a(uip-packetqueue)
 *fill*         0x000000000002f1b8        0x8 
 .bss           0x000000000002f1c0      0x1fe obj_cooja/mtype84.a(rpl-dag.o)
 .bss           0x000000000002f3be        0x0 obj_cooja/mtype84.a(rpl-ext-header.)
 .bss           0x000000000002f3be        0x0 obj_cooja/mtype84.a(rpl-icmp6.o)
 .bss           0x000000000002f3be        0x0 obj_cooja/mtype84.a(rpl-ltmax.o)
 *fill*         0x000000000002f3be        0x2 
 .bss           0x000000000002f3c0       0x23 obj_cooja/mtype84.a(rpl-timers.o)
 *fill*         0x000000000002f3e3        0x1 
 .bss           0x000000000002f3e4        0x4 obj_cooja/mtype84.a(rpl.o)
 .bss           0x000000000002f3e8        0x2 obj_cooja/mtype84.a(framer-802154.o)
 .bss           0x000000000002f3ea        0x0 obj_cooja/mtype84.a(nullmac.o)
 .bss           0x000000000002f3ea        0x0 obj_cooja/mtype84.a(nullrdc.o)
 .bss           0x000000000002f3ea        0x0 obj_cooja/mtype84.a(linkaddr.o)
 *fill*         0x000000000002f3ea       0x16 
 .bss           0x000000000002f400      0x20c obj_cooja/mtype84.a(nbr-table.o)
 .bss           0x000000000002f60c        0x0 obj_cooja/mtype84.a(netstack.o)
 *fill*         0x000000000002f60c       0x14 
 .bss           0x000000000002f620       0xa0 obj_cooja/mtype84.a(packetbuf.o)
 .bss           0x000000000002f6c0      0xb80 obj_cooja/mtype84.a(queuebuf.o)
 .bss           0x0000000000030240        0x0 obj_cooja/mtype84.a(nullsec.o)
 .bss           0x0000000000030240        0x0 obj_cooja/mtype84.a(watchdog.o)
 .bss           0x0000000000030240        0x0 obj_cooja/mtype84.a(rimestats.o)
 .bss           0x0000000000030240        0x0 obj_cooja/mtype84.a(residual.o)
 .bss           0x0000000000030240        0x0 obj_cooja/mtype84.a(stimer.o)
 .bss           0x0000000000030240        0x0 obj_cooja/mtype84.a(memb.o)
 .bss           0x0000000000030240      0x568 obj_cooja/mtype84.a(uip-ds6-route.o)
 .bss           0x00000000000307a8       0x18 obj_cooja/mtype84.a(uip-icmp6.o)
 .bss           0x00000000000307c0        0x0 obj_cooja/mtype84.a(uip-nd6.o)
 .bss           0x00000000000307c0       0x44 obj_cooja/mtype84.a(rpl-nbr-policy.)
 .bss           0x0000000000030804        0x0 obj_cooja/mtype84.a(frame802154.o)
 *fill*         0x0000000000030804       0x1c 
 .bss           0x0000000000030820       0x90 obj_cooja/mtype84.a(mac-sequence.o)
 .bss           0x00000000000308b0        0x0 obj_cooja/mtype84.a(mac.o)
 .bss           0x00000000000308b0        0x0 /usr/lib/gcc/i686-linux-gnu/4.8/crtendS.o
 .bss           0x00000000000308b0        0x0 /usr/lib/gcc/i686-linux-gnu/4.8/../../../i386-linux-gnu/crtn.o
 *(COMMON)
 COMMON         0x00000000000308b0        0x2 udp-server.co
                0x00000000000308b0                my_sink_reachability
                0x00000000000308b1                my_child_number
 *fill*         0x00000000000308b2        0x2 
 COMMON         0x00000000000308b4       0x48 obj_cooja/mtype84.o
                0x00000000000308b4                dio_count
                0x00000000000308b8                dis_count
                0x00000000000308bc                collision_count
                0x00000000000308c0                transmission_count
                0x00000000000308c4                COOJA_radioRxLong
                0x00000000000308c8                control_message_count
                0x00000000000308cc                dao_count
                0x00000000000308d0                COOJA_radioTx
                0x00000000000308d4                referenceVar
                0x00000000000308d8                data_message_count
                0x00000000000308dc                COOJA_radioTxLong
                0x00000000000308e0                COOJA_radioRx
                0x00000000000308e4                debugfp
                0x00000000000308e8                COOJA_radioOn
                0x00000000000308ec                COOJA_duration
                0x00000000000308f0                dio_ack_count
                0x00000000000308f4                COOJA_radioOnLong
                0x00000000000308f8                sensors_flags
 COMMON         0x00000000000308fc        0xc obj_cooja/mtype84.a(simEnvChange.o)
                0x00000000000308fc                simEtimerPending
                0x0000000000030900                simProcessRunValue
                0x0000000000030904                simNextExpirationTime
 COMMON         0x0000000000030908        0x1 obj_cooja/mtype84.a(beep.o)
                0x0000000000030908                simBeeped
 COMMON         0x0000000000030909        0x3 obj_cooja/mtype84.a(button-sensor.o)
                0x0000000000030909                simButtonIsActive
                0x000000000003090a                simButtonIsDown
                0x000000000003090b                simButtonChanged
 COMMON         0x000000000003090c        0x1 obj_cooja/mtype84.a(leds-arch.o)
                0x000000000003090c                simLedsValue
 *fill*         0x000000000003090d        0x3 
 COMMON         0x0000000000030910        0xc obj_cooja/mtype84.a(moteid.o)
                0x0000000000030910                simRandomSeed
                0x0000000000030914                simMoteIDChanged
                0x0000000000030918                simMoteID
 COMMON         0x000000000003091c        0x2 obj_cooja/mtype84.a(pir-sensor.o)
                0x000000000003091c                simPirIsActive
                0x000000000003091d                simPirChanged
 *fill*         0x000000000003091e        0x2 
 COMMON         0x0000000000030920      0x820 obj_cooja/mtype84.a(rs232.o)
                0x0000000000030920                simSerialReceivingFlag
                0x0000000000030924                simSerialReceivingLength
                0x0000000000030940                simSerialReceivingData
 COMMON         0x0000000000031140        0x2 obj_cooja/mtype84.a(vib-sensor.o)
                0x0000000000031140                simVibChanged
                0x0000000000031141                simVibIsActive
 *fill*         0x0000000000031142        0x2 
 COMMON         0x0000000000031144        0x4 obj_cooja/mtype84.a(clock.o)
                0x0000000000031144                simCurrentTime
 *fill*         0x0000000000031148       0x18 
 COMMON         0x0000000000031160      0x420 obj_cooja/mtype84.a(log.o)
                0x0000000000031160                simLoggedLength
                0x0000000000031164                simLoggedFlag
                0x0000000000031180                simLoggedData
 COMMON         0x0000000000031580      0x200 obj_cooja/mtype84.a(cooja-radio.o)
                0x0000000000031580                simOutDataBuffer
                0x0000000000031600                simInDataBufferLR
                0x0000000000031680                simOutDataBufferLR
                0x0000000000031700                simInDataBuffer
 COMMON         0x0000000000031780      0x400 obj_cooja/mtype84.a(eeprom.o)
                0x0000000000031780                simEEPROMData
 COMMON         0x0000000000031b80        0x1 obj_cooja/mtype84.a(sensors.o)
                0x0000000000031b80                sensors_event
 *fill*         0x0000000000031b81        0x3 
 COMMON         0x0000000000031b84        0x4 obj_cooja/mtype84.a(log_message.o)
                0x0000000000031b84                log_fp
 COMMON         0x0000000000031b88        0x1 obj_cooja/mtype84.a(serial-line.o)
                0x0000000000031b88                serial_line_event_message
 *fill*         0x0000000000031b89       0x17 
 COMMON         0x0000000000031ba0      0x181 obj_cooja/mtype84.a(uip-ds6.o)
                0x0000000000031ba0                uip_ds6_prefix_list
                0x0000000000031c00                uip_ds6_timer_periodic
                0x0000000000031c10                uip_ds6_netif_addr_list_offset
                0x0000000000031c20                uip_ds6_if
                0x0000000000031d18                uip_ds6_timer_ra
                0x0000000000031d20                uip_ds6_addr_size
 *fill*         0x0000000000031d21       0x1f 
 COMMON         0x0000000000031d40      0x8ec obj_cooja/mtype84.a(uip6.o)
                0x0000000000031d40                uip_slen
                0x0000000000031d42                uip_acc32
                0x0000000000031d60                uip_conns
                0x0000000000031e20                uip_lladdr
                0x0000000000031e28                uip_appdata
                0x0000000000031e2c                uip_flags
                0x0000000000031e40                uip_aligned_buf
                0x0000000000032480                uip_listenports
                0x0000000000032490                uip_len
                0x0000000000032494                uip_sappdata
                0x00000000000324a0                uip_udp_conns
                0x0000000000032620                uip_udp_conn
                0x0000000000032624                uip_next_hdr
                0x0000000000032628                uip_conn
 COMMON         0x000000000003262c        0x1 obj_cooja/mtype84.a(tcpip.o)
                0x000000000003262c                tcpip_event
 *fill*         0x000000000003262d       0x13 
 COMMON         0x0000000000032640      0x198 obj_cooja/mtype84.a(rpl-dag.o)
                0x0000000000032640                default_instance
                0x0000000000032660                instance_table
 COMMON         0x00000000000327d8        0x8 obj_cooja/mtype84.a(linkaddr.o)
                0x00000000000327d8                linkaddr_node_addr
 COMMON         0x00000000000327e0       0x2e obj_cooja/mtype84.a(packetbuf.o)
                0x00000000000327e0                packetbuf_attrs
                0x00000000000327fe                packetbuf_addrs
 *fill*         0x000000000003280e       0x12 
 COMMON         0x0000000000032820       0x48 obj_cooja/mtype84.a(rimestats.o)
                0x0000000000032820                rimestats
                0x0000000000032868                . = ALIGN ((. != 0x0)?0x4:0x1)
                0x0000000000032868                . = ALIGN (0x4)
                0x0000000000032868                . = SEGMENT_START ("ldata-segment", .)
                0x0000000000032868                . = ALIGN (0x4)
                0x0000000000032868                _end = .
                0x0000000000032868                PROVIDE (end, .)
                0x0000000000032868                . = DATA_SEGMENT_END (.)

.stab
 *(.stab)

.stabstr
 *(.stabstr)

.stab.excl
 *(.stab.excl)

.stab.exclstr
 *(.stab.exclstr)

.stab.index
 *(.stab.index)

.stab.indexstr
 *(.stab.indexstr)

.comment        0x0000000000000000       0x2b
 *(.comment)
 .comment       0x0000000000000000       0x2b /usr/lib/gcc/i686-linux-gnu/4.8/crtbeginS.o
                                         0x2c (size before relaxing)
 .comment       0x0000000000000000       0x2c udp-server.co
 .comment       0x0000000000000000       0x2c obj_cooja/mtype84.o
 .comment       0x0000000000000000       0x2c obj_cooja/mtype84.a(simEnvChange.o)
 .comment       0x0000000000000000       0x2c obj_cooja/mtype84.a(cooja_mt.o)
 .comment       0x0000000000000000       0x2c obj_cooja/mtype84.a(cooja_mtarch.o)
 .comment       0x0000000000000000       0x2c obj_cooja/mtype84.a(rtimer-arch.o)
 .comment       0x0000000000000000       0x2c obj_cooja/mtype84.a(beep.o)
 .comment       0x0000000000000000       0x2c obj_cooja/mtype84.a(button-sensor.o)
 .comment       0x0000000000000000       0x2c obj_cooja/mtype84.a(leds-arch.o)
 .comment       0x0000000000000000       0x2c obj_cooja/mtype84.a(moteid.o)
 .comment       0x0000000000000000       0x2c obj_cooja/mtype84.a(pir-sensor.o)
 .comment       0x0000000000000000       0x2c obj_cooja/mtype84.a(rs232.o)
 .comment       0x0000000000000000       0x2c obj_cooja/mtype84.a(vib-sensor.o)
 .comment       0x0000000000000000       0x2c obj_cooja/mtype84.a(clock.o)
 .comment       0x0000000000000000       0x2c obj_cooja/mtype84.a(log.o)
 .comment       0x0000000000000000       0x2c obj_cooja/mtype84.a(cfs-cooja.o)
 .comment       0x0000000000000000       0x2c obj_cooja/mtype84.a(cooja-radio.o)
 .comment       0x0000000000000000       0x2c obj_cooja/mtype84.a(eeprom.o)
 .comment       0x0000000000000000       0x2c obj_cooja/mtype84.a(random.o)
 .comment       0x0000000000000000       0x2c obj_cooja/mtype84.a(sensors.o)
 .comment       0x0000000000000000       0x2c obj_cooja/mtype84.a(autostart.o)
 .comment       0x0000000000000000       0x2c obj_cooja/mtype84.a(ctimer.o)
 .comment       0x0000000000000000       0x2c obj_cooja/mtype84.a(etimer.o)
 .comment       0x0000000000000000       0x2c obj_cooja/mtype84.a(log_message.o)
 .comment       0x0000000000000000       0x2c obj_cooja/mtype84.a(process.o)
 .comment       0x0000000000000000       0x2c obj_cooja/mtype84.a(rtimer.o)
 .comment       0x0000000000000000       0x2c obj_cooja/mtype84.a(timer.o)
 .comment       0x0000000000000000       0x2c obj_cooja/mtype84.a(serial-line.o)
 .comment       0x0000000000000000       0x2c obj_cooja/mtype84.a(list.o)
 .comment       0x0000000000000000       0x2c obj_cooja/mtype84.a(ringbuf.o)
 .comment       0x0000000000000000       0x2c obj_cooja/mtype84.a(sicslowpan.o)
 .comment       0x0000000000000000       0x2c obj_cooja/mtype84.a(uip-ds6-nbr.o)
 .comment       0x0000000000000000       0x2c obj_cooja/mtype84.a(uip-ds6.o)
 .comment       0x0000000000000000       0x2c obj_cooja/mtype84.a(uip6.o)
 .comment       0x0000000000000000       0x2c obj_cooja/mtype84.a(tcpip.o)
 .comment       0x0000000000000000       0x2c obj_cooja/mtype84.a(uip-debug.o)
 .comment       0x0000000000000000       0x2c obj_cooja/mtype84.a(uip-packetqueue)
 .comment       0x0000000000000000       0x2c obj_cooja/mtype84.a(rpl-dag.o)
 .comment       0x0000000000000000       0x2c obj_cooja/mtype84.a(rpl-ext-header.)
 .comment       0x0000000000000000       0x2c obj_cooja/mtype84.a(rpl-icmp6.o)
 .comment       0x0000000000000000       0x2c obj_cooja/mtype84.a(rpl-ltmax.o)
 .comment       0x0000000000000000       0x2c obj_cooja/mtype84.a(rpl-timers.o)
 .comment       0x0000000000000000       0x2c obj_cooja/mtype84.a(rpl.o)
 .comment       0x0000000000000000       0x2c obj_cooja/mtype84.a(framer-802154.o)
 .comment       0x0000000000000000       0x2c obj_cooja/mtype84.a(nullmac.o)
 .comment       0x0000000000000000       0x2c obj_cooja/mtype84.a(nullrdc.o)
 .comment       0x0000000000000000       0x2c obj_cooja/mtype84.a(linkaddr.o)
 .comment       0x0000000000000000       0x2c obj_cooja/mtype84.a(nbr-table.o)
 .comment       0x0000000000000000       0x2c obj_cooja/mtype84.a(netstack.o)
 .comment       0x0000000000000000       0x2c obj_cooja/mtype84.a(packetbuf.o)
 .comment       0x0000000000000000       0x2c obj_cooja/mtype84.a(queuebuf.o)
 .comment       0x0000000000000000       0x2c obj_cooja/mtype84.a(nullsec.o)
 .comment       0x0000000000000000       0x2c obj_cooja/mtype84.a(watchdog.o)
 .comment       0x0000000000000000       0x2c obj_cooja/mtype84.a(rimestats.o)
 .comment       0x0000000000000000       0x2c obj_cooja/mtype84.a(residual.o)
 .comment       0x0000000000000000       0x2c obj_cooja/mtype84.a(stimer.o)
 .comment       0x0000000000000000       0x2c obj_cooja/mtype84.a(memb.o)
 .comment       0x0000000000000000       0x2c obj_cooja/mtype84.a(uip-ds6-route.o)
 .comment       0x0000000000000000       0x2c obj_cooja/mtype84.a(uip-icmp6.o)
 .comment       0x0000000000000000       0x2c obj_cooja/mtype84.a(uip-nd6.o)
 .comment       0x0000000000000000       0x2c obj_cooja/mtype84.a(rpl-nbr-policy.)
 .comment       0x0000000000000000       0x2c obj_cooja/mtype84.a(frame802154.o)
 .comment       0x0000000000000000       0x2c obj_cooja/mtype84.a(mac-sequence.o)
 .comment       0x0000000000000000       0x2c obj_cooja/mtype84.a(mac.o)
 .comment       0x0000000000000000       0x2c /usr/lib/gcc/i686-linux-gnu/4.8/crtendS.o

.debug
 *(.debug)

.line
 *(.line)

.debug_srcinfo
 *(.debug_srcinfo)

.debug_sfnames
 *(.debug_sfnames)

.debug_aranges  0x0000000000000000      0x7f8
 *(.debug_aranges)
 .debug_aranges
                0x0000000000000000       0x20 udp-server.co
 .debug_aranges
                0x0000000000000020       0x20 obj_cooja/mtype84.o
 .debug_aranges
                0x0000000000000040       0x20 obj_cooja/mtype84.a(simEnvChange.o)
 .debug_aranges
                0x0000000000000060       0x20 obj_cooja/mtype84.a(cooja_mt.o)
 .debug_aranges
                0x0000000000000080       0x20 obj_cooja/mtype84.a(cooja_mtarch.o)
 .debug_aranges
                0x00000000000000a0       0x20 obj_cooja/mtype84.a(rtimer-arch.o)
 .debug_aranges
                0x00000000000000c0       0x20 obj_cooja/mtype84.a(beep.o)
 .debug_aranges
                0x00000000000000e0       0x20 obj_cooja/mtype84.a(button-sensor.o)
 .debug_aranges
                0x0000000000000100       0x20 obj_cooja/mtype84.a(leds-arch.o)
 .debug_aranges
                0x0000000000000120       0x20 obj_cooja/mtype84.a(moteid.o)
 .debug_aranges
                0x0000000000000140       0x20 obj_cooja/mtype84.a(pir-sensor.o)
 .debug_aranges
                0x0000000000000160       0x20 obj_cooja/mtype84.a(rs232.o)
 .debug_aranges
                0x0000000000000180       0x20 obj_cooja/mtype84.a(vib-sensor.o)
 .debug_aranges
                0x00000000000001a0       0x20 obj_cooja/mtype84.a(clock.o)
 .debug_aranges
                0x00000000000001c0       0x20 obj_cooja/mtype84.a(log.o)
 .debug_aranges
                0x00000000000001e0       0x20 obj_cooja/mtype84.a(cfs-cooja.o)
 .debug_aranges
                0x0000000000000200       0x20 obj_cooja/mtype84.a(cooja-radio.o)
 .debug_aranges
                0x0000000000000220       0x20 obj_cooja/mtype84.a(eeprom.o)
 .debug_aranges
                0x0000000000000240       0x20 obj_cooja/mtype84.a(random.o)
 .debug_aranges
                0x0000000000000260       0x20 obj_cooja/mtype84.a(sensors.o)
 .debug_aranges
                0x0000000000000280       0x20 obj_cooja/mtype84.a(autostart.o)
 .debug_aranges
                0x00000000000002a0       0x20 obj_cooja/mtype84.a(ctimer.o)
 .debug_aranges
                0x00000000000002c0       0x20 obj_cooja/mtype84.a(etimer.o)
 .debug_aranges
                0x00000000000002e0       0x20 obj_cooja/mtype84.a(log_message.o)
 .debug_aranges
                0x0000000000000300       0x20 obj_cooja/mtype84.a(process.o)
 .debug_aranges
                0x0000000000000320       0x20 obj_cooja/mtype84.a(rtimer.o)
 .debug_aranges
                0x0000000000000340       0x20 obj_cooja/mtype84.a(timer.o)
 .debug_aranges
                0x0000000000000360       0x20 obj_cooja/mtype84.a(serial-line.o)
 .debug_aranges
                0x0000000000000380       0x20 obj_cooja/mtype84.a(list.o)
 .debug_aranges
                0x00000000000003a0       0x20 obj_cooja/mtype84.a(ringbuf.o)
 .debug_aranges
                0x00000000000003c0       0x20 obj_cooja/mtype84.a(sicslowpan.o)
 .debug_aranges
                0x00000000000003e0       0x20 obj_cooja/mtype84.a(uip-ds6-nbr.o)
 .debug_aranges
                0x0000000000000400       0x20 obj_cooja/mtype84.a(uip-ds6.o)
 .debug_aranges
                0x0000000000000420       0x20 obj_cooja/mtype84.a(uip6.o)
 .debug_aranges
                0x0000000000000440       0x20 obj_cooja/mtype84.a(tcpip.o)
 .debug_aranges
                0x0000000000000460       0x20 obj_cooja/mtype84.a(uip-debug.o)
 .debug_aranges
                0x0000000000000480       0x20 obj_cooja/mtype84.a(uip-packetqueue)
 .debug_aranges
                0x00000000000004a0       0x20 obj_cooja/mtype84.a(rpl-dag.o)
 .debug_aranges
                0x00000000000004c0       0x20 obj_cooja/mtype84.a(rpl-ext-header.)
 .debug_aranges
                0x00000000000004e0       0x20 obj_cooja/mtype84.a(rpl-icmp6.o)
 .debug_aranges
                0x0000000000000500       0x20 obj_cooja/mtype84.a(rpl-ltmax.o)
 .debug_aranges
                0x0000000000000520       0x20 obj_cooja/mtype84.a(rpl-timers.o)
 .debug_aranges
                0x0000000000000540       0x20 obj_cooja/mtype84.a(rpl.o)
 .debug_aranges
                0x0000000000000560       0x20 obj_cooja/mtype84.a(framer-802154.o)
 .debug_aranges
                0x0000000000000580       0x20 obj_cooja/mtype84.a(nullmac.o)
 .debug_aranges
                0x00000000000005a0       0x20 obj_cooja/mtype84.a(nullrdc.o)
 .debug_aranges
                0x00000000000005c0       0x20 obj_cooja/mtype84.a(linkaddr.o)
 .debug_aranges
                0x00000000000005e0       0x20 obj_cooja/mtype84.a(nbr-table.o)
 .debug_aranges
                0x0000000000000600       0x20 obj_cooja/mtype84.a(netstack.o)
 .debug_aranges
                0x0000000000000620       0x20 obj_cooja/mtype84.a(packetbuf.o)
 .debug_aranges
                0x0000000000000640       0x20 obj_cooja/mtype84.a(queuebuf.o)
 .debug_aranges
                0x0000000000000660       0x20 obj_cooja/mtype84.a(nullsec.o)
 .debug_aranges
                0x0000000000000680       0x20 obj_cooja/mtype84.a(watchdog.o)
 .debug_aranges
                0x00000000000006a0       0x18 obj_cooja/mtype84.a(rimestats.o)
 .debug_aranges
                0x00000000000006b8       0x20 obj_cooja/mtype84.a(residual.o)
 .debug_aranges
                0x00000000000006d8       0x20 obj_cooja/mtype84.a(stimer.o)
 .debug_aranges
                0x00000000000006f8       0x20 obj_cooja/mtype84.a(memb.o)
 .debug_aranges
                0x0000000000000718       0x20 obj_cooja/mtype84.a(uip-ds6-route.o)
 .debug_aranges
                0x0000000000000738       0x20 obj_cooja/mtype84.a(uip-icmp6.o)
 .debug_aranges
                0x0000000000000758       0x20 obj_cooja/mtype84.a(uip-nd6.o)
 .debug_aranges
                0x0000000000000778       0x20 obj_cooja/mtype84.a(rpl-nbr-policy.)
 .debug_aranges
                0x0000000000000798       0x20 obj_cooja/mtype84.a(frame802154.o)
 .debug_aranges
                0x00000000000007b8       0x20 obj_cooja/mtype84.a(mac-sequence.o)
 .debug_aranges
                0x00000000000007d8       0x20 obj_cooja/mtype84.a(mac.o)

.debug_pubnames
 *(.debug_pubnames)

.debug_info     0x0000000000000000    0x1b466
 *(.debug_info .gnu.linkonce.wi.*)
 .debug_info    0x0000000000000000      0xe4b udp-server.co
 .debug_info    0x0000000000000e4b     0x3a4e obj_cooja/mtype84.o
 .debug_info    0x0000000000004899      0x15a obj_cooja/mtype84.a(simEnvChange.o)
 .debug_info    0x00000000000049f3      0x1e2 obj_cooja/mtype84.a(cooja_mt.o)
 .debug_info    0x0000000000004bd5      0x2e7 obj_cooja/mtype84.a(cooja_mtarch.o)
 .debug_info    0x0000000000004ebc      0x16b obj_cooja/mtype84.a(rtimer-arch.o)
 .debug_info    0x0000000000005027      0x1f3 obj_cooja/mtype84.a(beep.o)
 .debug_info    0x000000000000521a      0x257 obj_cooja/mtype84.a(button-sensor.o)
 .debug_info    0x0000000000005471      0x132 obj_cooja/mtype84.a(leds-arch.o)
 .debug_info    0x00000000000055a3      0x10a obj_cooja/mtype84.a(moteid.o)
 .debug_info    0x00000000000056ad      0x216 obj_cooja/mtype84.a(pir-sensor.o)
 .debug_info    0x00000000000058c3      0x21e obj_cooja/mtype84.a(rs232.o)
 .debug_info    0x0000000000005ae1      0x216 obj_cooja/mtype84.a(vib-sensor.o)
 .debug_info    0x0000000000005cf7      0x152 obj_cooja/mtype84.a(clock.o)
 .debug_info    0x0000000000005e49      0x2bb obj_cooja/mtype84.a(log.o)
 .debug_info    0x0000000000006104      0x3cf obj_cooja/mtype84.a(cfs-cooja.o)
 .debug_info    0x00000000000064d3      0xc9b obj_cooja/mtype84.a(cooja-radio.o)
 .debug_info    0x000000000000716e      0x1d5 obj_cooja/mtype84.a(eeprom.o)
 .debug_info    0x0000000000007343       0xb3 obj_cooja/mtype84.a(random.o)
 .debug_info    0x00000000000073f6      0x36d obj_cooja/mtype84.a(sensors.o)
 .debug_info    0x0000000000007763      0x1a5 obj_cooja/mtype84.a(autostart.o)
 .debug_info    0x0000000000007908      0x46c obj_cooja/mtype84.a(ctimer.o)
 .debug_info    0x0000000000007d74      0x49c obj_cooja/mtype84.a(etimer.o)
 .debug_info    0x0000000000008210      0x3c1 obj_cooja/mtype84.a(log_message.o)
 .debug_info    0x00000000000085d1      0x4ba obj_cooja/mtype84.a(process.o)
 .debug_info    0x0000000000008a8b      0x1ab obj_cooja/mtype84.a(rtimer.o)
 .debug_info    0x0000000000008c36      0x16c obj_cooja/mtype84.a(timer.o)
 .debug_info    0x0000000000008da2      0x2de obj_cooja/mtype84.a(serial-line.o)
 .debug_info    0x0000000000009080      0x2ed obj_cooja/mtype84.a(list.o)
 .debug_info    0x000000000000936d      0x1aa obj_cooja/mtype84.a(ringbuf.o)
 .debug_info    0x0000000000009517     0x105e obj_cooja/mtype84.a(sicslowpan.o)
 .debug_info    0x000000000000a575      0x853 obj_cooja/mtype84.a(uip-ds6-nbr.o)
 .debug_info    0x000000000000adc8      0xa5b obj_cooja/mtype84.a(uip-ds6.o)
 .debug_info    0x000000000000b823      0xea0 obj_cooja/mtype84.a(uip6.o)
 .debug_info    0x000000000000c6c3     0x1481 obj_cooja/mtype84.a(tcpip.o)
 .debug_info    0x000000000000db44      0x1b5 obj_cooja/mtype84.a(uip-debug.o)
 .debug_info    0x000000000000dcf9      0x470 obj_cooja/mtype84.a(uip-packetqueue)
 .debug_info    0x000000000000e169     0x1c14 obj_cooja/mtype84.a(rpl-dag.o)
 .debug_info    0x000000000000fd7d      0xe97 obj_cooja/mtype84.a(rpl-ext-header.)
 .debug_info    0x0000000000010c14     0x191e obj_cooja/mtype84.a(rpl-icmp6.o)
 .debug_info    0x0000000000012532      0xb66 obj_cooja/mtype84.a(rpl-ltmax.o)
 .debug_info    0x0000000000013098      0xc36 obj_cooja/mtype84.a(rpl-timers.o)
 .debug_info    0x0000000000013cce      0xd4a obj_cooja/mtype84.a(rpl.o)
 .debug_info    0x0000000000014a18      0x5ed obj_cooja/mtype84.a(framer-802154.o)
 .debug_info    0x0000000000015005      0x3d5 obj_cooja/mtype84.a(nullmac.o)
 .debug_info    0x00000000000153da      0xcfc obj_cooja/mtype84.a(nullrdc.o)
 .debug_info    0x00000000000160d6      0x165 obj_cooja/mtype84.a(linkaddr.o)
 .debug_info    0x000000000001623b      0x8dd obj_cooja/mtype84.a(nbr-table.o)
 .debug_info    0x0000000000016b18      0x4ba obj_cooja/mtype84.a(netstack.o)
 .debug_info    0x0000000000016fd2      0x478 obj_cooja/mtype84.a(packetbuf.o)
 .debug_info    0x000000000001744a      0x57d obj_cooja/mtype84.a(queuebuf.o)
 .debug_info    0x00000000000179c7      0x3aa obj_cooja/mtype84.a(nullsec.o)
 .debug_info    0x0000000000017d71       0x7b obj_cooja/mtype84.a(watchdog.o)
 .debug_info    0x0000000000017dec      0x119 obj_cooja/mtype84.a(rimestats.o)
 .debug_info    0x0000000000017f05      0x164 obj_cooja/mtype84.a(residual.o)
 .debug_info    0x0000000000018069      0x179 obj_cooja/mtype84.a(stimer.o)
 .debug_info    0x00000000000181e2      0x1d7 obj_cooja/mtype84.a(memb.o)
 .debug_info    0x00000000000183b9      0xd30 obj_cooja/mtype84.a(uip-ds6-route.o)
 .debug_info    0x00000000000190e9      0x7b7 obj_cooja/mtype84.a(uip-icmp6.o)
 .debug_info    0x00000000000198a0      0x331 obj_cooja/mtype84.a(uip-nd6.o)
 .debug_info    0x0000000000019bd1      0xe38 obj_cooja/mtype84.a(rpl-nbr-policy.)
 .debug_info    0x000000000001aa09      0x6b4 obj_cooja/mtype84.a(frame802154.o)
 .debug_info    0x000000000001b0bd      0x297 obj_cooja/mtype84.a(mac-sequence.o)
 .debug_info    0x000000000001b354      0x112 obj_cooja/mtype84.a(mac.o)

.debug_abbrev   0x0000000000000000     0x6539
 *(.debug_abbrev)
 .debug_abbrev  0x0000000000000000      0x227 udp-server.co
 .debug_abbrev  0x0000000000000227      0x2be obj_cooja/mtype84.o
 .debug_abbrev  0x00000000000004e5       0xc3 obj_cooja/mtype84.a(simEnvChange.o)
 .debug_abbrev  0x00000000000005a8       0xe6 obj_cooja/mtype84.a(cooja_mt.o)
 .debug_abbrev  0x000000000000068e      0x147 obj_cooja/mtype84.a(cooja_mtarch.o)
 .debug_abbrev  0x00000000000007d5       0xcc obj_cooja/mtype84.a(rtimer-arch.o)