Archive member included to satisfy reference by file (symbol)

obj_cooja/mtype164.a(simEnvChange.o)
                              obj_cooja/mtype164.o (simDontFallAsleep)
obj_cooja/mtype164.a(cooja_mt.o)
                              obj_cooja/mtype164.o (cooja_mt_start)
obj_cooja/mtype164.a(cooja_mtarch.o)
                              obj_cooja/mtype164.a(cooja_mt.o) (cooja_mtarch_init)
obj_cooja/mtype164.a(rtimer-arch.o)
                              obj_cooja/mtype164.o (rtimer_arch_next)
obj_cooja/mtype164.a(beep.o)  obj_cooja/mtype164.o (beep_interface)
obj_cooja/mtype164.a(button-sensor.o)
                              obj_cooja/mtype164.o (button_interface)
obj_cooja/mtype164.a(leds-arch.o)
                              obj_cooja/mtype164.o (leds_interface)
obj_cooja/mtype164.a(moteid.o)
                              obj_cooja/mtype164.o (moteid_interface)
obj_cooja/mtype164.a(pir-sensor.o)
                              obj_cooja/mtype164.o (pir_interface)
obj_cooja/mtype164.a(rs232.o)
                              obj_cooja/mtype164.o (rs232_interface)
obj_cooja/mtype164.a(vib-sensor.o)
                              obj_cooja/mtype164.o (vib_interface)
obj_cooja/mtype164.a(clock.o)
                              obj_cooja/mtype164.o (clock_interface)
obj_cooja/mtype164.a(log.o)   obj_cooja/mtype164.o (simlog_interface)
obj_cooja/mtype164.a(cfs-cooja.o)
                              obj_cooja/mtype164.o (cfs_interface)
obj_cooja/mtype164.a(cooja-radio.o)
                              obj_cooja/mtype164.o (radio_interface)
obj_cooja/mtype164.a(eeprom.o)
                              obj_cooja/mtype164.o (eeprom_interface)
obj_cooja/mtype164.a(random.o)
                              obj_cooja/mtype164.a(moteid.o) (random_init)
obj_cooja/mtype164.a(sensors.o)
                              obj_cooja/mtype164.o (sensors_process)
obj_cooja/mtype164.a(leds.o)  obj_cooja/mtype164.a(cooja-radio.o) (leds_on)
obj_cooja/mtype164.a(dual_conf.o)
                              obj_cooja/mtype164.a(cooja-radio.o) (long_range_radio)
obj_cooja/mtype164.a(autostart.o)
                              obj_cooja/mtype164.o (autostart_start)
obj_cooja/mtype164.a(ctimer.o)
                              obj_cooja/mtype164.o (ctimer_init)
obj_cooja/mtype164.a(etimer.o)
                              obj_cooja/mtype164.o (etimer_process)
obj_cooja/mtype164.a(log_message.o)
                              obj_cooja/mtype164.o (log_initialization)
obj_cooja/mtype164.a(process.o)
                              udp-client.co (process_current)
obj_cooja/mtype164.a(residual.o)
                              udp-client.co (get_residual_energy)
obj_cooja/mtype164.a(rtimer.o)
                              obj_cooja/mtype164.a(rtimer-arch.o) (rtimer_run_next)
obj_cooja/mtype164.a(stimer.o)
                              udp-client.co (stimer_remaining)
obj_cooja/mtype164.a(timer.o)
                              obj_cooja/mtype164.a(button-sensor.o) (timer_set)
obj_cooja/mtype164.a(serial-line.o)
                              udp-client.co (serial_line_event_message)
obj_cooja/mtype164.a(list.o)  obj_cooja/mtype164.a(ctimer.o) (list_init)
obj_cooja/mtype164.a(ringbuf.o)
                              obj_cooja/mtype164.a(serial-line.o) (ringbuf_init)
obj_cooja/mtype164.a(sicslowpan.o)
                              obj_cooja/mtype164.o (sicslowpan_driver)
obj_cooja/mtype164.a(uip-ds6-nbr.o)
                              obj_cooja/mtype164.a(sicslowpan.o) (uip_ds6_link_neighbor_callback)
obj_cooja/mtype164.a(uip-ds6-route.o)
                              udp-client.co (uip_ds6_route_nexthop)
obj_cooja/mtype164.a(uip-ds6.o)
                              udp-client.co (uip_ds6_if)
obj_cooja/mtype164.a(uip6.o)  udp-client.co (uip_lladdr)
obj_cooja/mtype164.a(tcpip.o)
                              udp-client.co (tcpip_event)
obj_cooja/mtype164.a(uip-debug.o)
                              udp-client.co (uip_debug_ipaddr_print)
obj_cooja/mtype164.a(uip-packetqueue)
                              obj_cooja/mtype164.a(uip-ds6-nbr.o) (uip_packetqueue_new)
obj_cooja/mtype164.a(uip-udp-packet.)
                              udp-client.co (uip_udp_packet_sendto)
obj_cooja/mtype164.a(rpl-dag.o)
                              obj_cooja/mtype164.a(tcpip.o) (rpl_repair_root)
obj_cooja/mtype164.a(rpl-ext-header.)
                              obj_cooja/mtype164.a(uip6.o) (rpl_verify_header)
obj_cooja/mtype164.a(rpl-icmp6.o)
                              obj_cooja/mtype164.a(rpl-dag.o) (rpl_icmp6_update_nbr_table)
obj_cooja/mtype164.a(rpl-ltmax.o)
                              obj_cooja/mtype164.a(rpl-dag.o) (rpl_ltmax_of)
obj_cooja/mtype164.a(rpl-timers.o)
                              obj_cooja/mtype164.a(rpl-icmp6.o) (rpl_LSA_convergence_timer)
obj_cooja/mtype164.a(rpl.o)   obj_cooja/mtype164.a(rpl-icmp6.o) (rpl_get_mode)
obj_cooja/mtype164.a(framer-802154.o)
                              obj_cooja/mtype164.a(sicslowpan.o) (framer_802154)
[...]
Memory Configuration

Name             Origin             Length             Attributes
*default*        0x0000000000000000 0xffffffffffffffff

Linker script and memory map

LOAD /usr/lib/gcc/i686-linux-gnu/4.8/../../../i386-linux-gnu/crti.o
LOAD /usr/lib/gcc/i686-linux-gnu/4.8/crtbeginS.o
LOAD udp-client.co
LOAD obj_cooja/mtype164.o
LOAD obj_cooja/mtype164.a
LOAD /usr/lib/gcc/i686-linux-gnu/4.8/libgcc.a
LOAD /usr/lib/gcc/i686-linux-gnu/4.8/libgcc_s.so
LOAD /usr/lib/gcc/i686-linux-gnu/4.8/../../../i386-linux-gnu/libc.so
START GROUP
LOAD /lib/i386-linux-gnu/libc.so.6
LOAD /usr/lib/i386-linux-gnu/libc_nonshared.a
LOAD /lib/i386-linux-gnu/ld-linux.so.2
END GROUP
LOAD /usr/lib/gcc/i686-linux-gnu/4.8/libgcc.a
LOAD /usr/lib/gcc/i686-linux-gnu/4.8/libgcc_s.so
LOAD /usr/lib/gcc/i686-linux-gnu/4.8/crtendS.o
LOAD /usr/lib/gcc/i686-linux-gnu/4.8/../../../i386-linux-gnu/crtn.o
                0x0000000000000114                . = (0x0 + SIZEOF_HEADERS)

.note.gnu.build-id
                0x0000000000000114       0x24
 *(.note.gnu.build-id)
 .note.gnu.build-id
                0x0000000000000114       0x24 /usr/lib/gcc/i686-linux-gnu/4.8/../../../i386-linux-gnu/crti.o

.hash
 *(.hash)

.gnu.hash       0x0000000000000138     0x13a8
 *(.gnu.hash)
 .gnu.hash      0x0000000000000138     0x13a8 /usr/lib/gcc/i686-linux-gnu/4.8/../../../i386-linux-gnu/crti.o

.dynsym         0x00000000000014e0     0x2720
 *(.dynsym)
 .dynsym        0x00000000000014e0     0x2720 /usr/lib/gcc/i686-linux-gnu/4.8/../../../i386-linux-gnu/crti.o

.dynstr         0x0000000000003c00     0x281b
 *(.dynstr)
 .dynstr        0x0000000000003c00     0x281b /usr/lib/gcc/i686-linux-gnu/4.8/../../../i386-linux-gnu/crti.o

.gnu.version    0x000000000000641c      0x4e4
 *(.gnu.version)
 .gnu.version   0x000000000000641c      0x4e4 /usr/lib/gcc/i686-linux-gnu/4.8/../../../i386-linux-gnu/crti.o

.gnu.version_d  0x0000000000006900        0x0
 *(.gnu.version_d)
 .gnu.version_d
                0x0000000000000000        0x0 /usr/lib/gcc/i686-linux-gnu/4.8/../../../i386-linux-gnu/crti.o

.gnu.version_r  0x0000000000006900       0x50
 *(.gnu.version_r)
 .gnu.version_r
                0x0000000000006900       0x50 /usr/lib/gcc/i686-linux-gnu/4.8/../../../i386-linux-gnu/crti.o

.rel.dyn        0x0000000000006950     0xa528
 *(.rel.init)
 .rel.init      0x0000000000000000        0x0 /usr/lib/gcc/i686-linux-gnu/4.8/../../../i386-linux-gnu/crti.o
 *(.rel.text .rel.text.* .rel.gnu.linkonce.t.*)
 .rel.text      0x0000000000006950     0x9d70 /usr/lib/gcc/i686-linux-gnu/4.8/../../../i386-linux-gnu/crti.o
 *(.rel.fini)
 .rel.fini      0x0000000000000000        0x0 /usr/lib/gcc/i686-linux-gnu/4.8/../../../i386-linux-gnu/crti.o
 *(.rel.rodata .rel.rodata.* .rel.gnu.linkonce.r.*)
 .rel.rodata    0x00000000000106c0      0x4e0 /usr/lib/gcc/i686-linux-gnu/4.8/../../../i386-linux-gnu/crti.o
 *(.rel.data.rel.ro .rel.data.rel.ro.* .rel.gnu.linkonce.d.rel.ro.*)
 *(.rel.data .rel.data.* .rel.gnu.linkonce.d.*)
 .rel.data.rel  0x0000000000010ba0        0x8 /usr/lib/gcc/i686-linux-gnu/4.8/../../../i386-linux-gnu/crti.o
 .rel.data      0x0000000000010ba8      0x298 /usr/lib/gcc/i686-linux-gnu/4.8/../../../i386-linux-gnu/crti.o
 *(.rel.tdata .rel.tdata.* .rel.gnu.linkonce.td.*)
 *(.rel.tbss .rel.tbss.* .rel.gnu.linkonce.tb.*)
 *(.rel.ctors)
 *(.rel.dtors)
 *(.rel.got)
 .rel.got       0x0000000000010e40       0x28 /usr/lib/gcc/i686-linux-gnu/4.8/../../../i386-linux-gnu/crti.o
 *(.rel.bss .rel.bss.* .rel.gnu.linkonce.b.*)
 *(.rel.ifunc)
 .rel.ifunc     0x0000000000000000        0x0 /usr/lib/gcc/i686-linux-gnu/4.8/../../../i386-linux-gnu/crti.o
 .rel.fini_array
                0x0000000000010e68        0x8 /usr/lib/gcc/i686-linux-gnu/4.8/../../../i386-linux-gnu/crti.o
 .rel.init_array
                0x0000000000010e70        0x8 /usr/lib/gcc/i686-linux-gnu/4.8/../../../i386-linux-gnu/crti.o

.rel.plt        0x0000000000010e78       0x10
 *(.rel.plt)
 .rel.plt       0x0000000000010e78       0x10 /usr/lib/gcc/i686-linux-gnu/4.8/../../../i386-linux-gnu/crti.o
 *(.rel.iplt)

.init           0x0000000000010e88       0x23
 *(SORT(.init))
 .init          0x0000000000010e88       0x1e /usr/lib/gcc/i686-linux-gnu/4.8/../../../i386-linux-gnu/crti.o
                0x0000000000010e88                _init
 .init          0x0000000000010ea6        0x5 /usr/lib/gcc/i686-linux-gnu/4.8/../../../i386-linux-gnu/crtn.o

.plt            0x0000000000010eb0       0x30
 *(.plt)
 .plt           0x0000000000010eb0       0x30 /usr/lib/gcc/i686-linux-gnu/4.8/../../../i386-linux-gnu/crti.o
 *(.iplt)

.text           0x0000000000010ee0    0x17f8d
 *(.text.unlikely .text.*_unlikely .text.unlikely.*)
 *(.text.exit .text.exit.*)
 *(.text.startup .text.startup.*)
 *(.text.hot .text.hot.*)
 *(.text .stub .text.* .gnu.linkonce.t.*)
 .text          0x0000000000010ee0        0x0 /usr/lib/gcc/i686-linux-gnu/4.8/../../../i386-linux-gnu/crti.o
 .gnu.linkonce.t.__x86.get_pc_thunk.bx
                0x0000000000010ee0        0x4 /usr/lib/gcc/i686-linux-gnu/4.8/../../../i386-linux-gnu/crti.o
                0x0000000000010ee0                __x86.get_pc_thunk.bx
 *fill*         0x0000000000010ee4        0xc 
 .text          0x0000000000010ef0      0x11b /usr/lib/gcc/i686-linux-gnu/4.8/crtbeginS.o
 .text          0x000000000001100b      0x857 udp-client.co
 .text          0x0000000000011862      0x96a obj_cooja/mtype164.o
                0x0000000000011a10                contiki_init
                0x0000000000011fe3                Java_org_contikios_cooja_corecomm_Lib14_init
                0x0000000000012023                Java_org_contikios_cooja_corecomm_Lib14_getMemory
                0x0000000000012063                Java_org_contikios_cooja_corecomm_Lib14_setMemory
                0x00000000000120da                Java_org_contikios_cooja_corecomm_Lib14_tick
                0x00000000000121ba                Java_org_contikios_cooja_corecomm_Lib14_setReferenceAddress
 .text          0x00000000000121cc       0x63 obj_cooja/mtype164.a(simEnvChange.o)
                0x00000000000121cc                doActionsBeforeTick
                0x00000000000121fd                doActionsAfterTick
 .text          0x000000000001222f       0xbc obj_cooja/mtype164.a(cooja_mt.o)
                0x000000000001222f                cooja_mt_init
                0x000000000001223c                cooja_mt_remove
                0x0000000000012249                cooja_mt_start
                0x0000000000012276                cooja_mt_exec
                0x00000000000122a7                cooja_mt_exit
                0x00000000000122c9                cooja_mt_yield
 .text          0x00000000000122eb      0x115 obj_cooja/mtype164.a(cooja_mtarch.o)
                0x00000000000122eb                cooja_mtarch_init
                0x00000000000122f0                cooja_mtarch_start
                0x000000000001236b                cooja_sw
                0x000000000001238d                cooja_mtarch_exec
                0x00000000000123a9                cooja_mtarch_remove
                0x00000000000123ae                cooja_mtarch_yield
                0x00000000000123b8                cooja_mtarch_pstop
                0x00000000000123bd                cooja_mtarch_pstart
                0x00000000000123c2                cooja_mtarch_stack_usage
 .text          0x0000000000012400       0xc2 obj_cooja/mtype164.a(rtimer-arch.o)
                0x0000000000012400                rtimer_arch_init
                0x0000000000012423                rtimer_arch_schedule
                0x000000000001243a                rtimer_arch_next
                0x0000000000012444                rtimer_arch_pending
                0x000000000001244e                rtimer_arch_check
                0x0000000000012480                rtimer_arch_now
 .text          0x00000000000124c2       0x76 obj_cooja/mtype164.a(beep.o)
                0x00000000000124c2                beep_alarm
                0x00000000000124ce                beep_beep
                0x00000000000124da                beep
                0x00000000000124e6                beep_down
                0x00000000000124f2                beep_on
                0x00000000000124fe                beep_off
                0x000000000001250a                beep_spinup
                0x0000000000012516                beep_quick
                0x0000000000012522                beep_long
 .text          0x0000000000012538      0x103 obj_cooja/mtype164.a(button-sensor.o)
 .text          0x000000000001263b       0x45 obj_cooja/mtype164.a(leds-arch.o)
                0x000000000001263b                leds_arch_init
                0x0000000000012647                leds_arch_get
                0x0000000000012653                leds_arch_set
 .text          0x0000000000012680       0x2f obj_cooja/mtype164.a(moteid.o)
 .text          0x00000000000126af       0xb1 obj_cooja/mtype164.a(pir-sensor.o)
 .text          0x0000000000012760      0x131 obj_cooja/mtype164.a(rs232.o)
                0x0000000000012760                rs232_init
                0x0000000000012765                rs232_set_speed
                0x0000000000012773                rs232_set_input
                0x0000000000012780                rs232_send
                0x00000000000127a2                rs232_print
                0x00000000000127bd                slip_arch_writeb
 .text          0x0000000000012891       0xb1 obj_cooja/mtype164.a(vib-sensor.o)
 .text          0x0000000000012942       0x34 obj_cooja/mtype164.a(clock.o)
                0x0000000000012942                clock_init
                0x0000000000012947                clock_time
                0x0000000000012951                clock_seconds
                0x0000000000012967                clock_delay
 .text          0x0000000000012976      0x1ed obj_cooja/mtype164.a(log.o)
                0x0000000000012976                simlog_char
                0x00000000000129b8                simlog
                0x0000000000012a25                log_message
                0x0000000000012a4d                log_set_putchar_with_slip
                0x0000000000012a5a                log_putchar
                0x0000000000012ade                log_puts
                0x0000000000012b02                log_printf
 .text          0x0000000000012b63      0x2c4 obj_cooja/mtype164.a(cfs-cooja.o)
                0x0000000000012b63                cfs_open
                0x0000000000012bcc                cfs_close
                0x0000000000012bd8                cfs_read
                0x0000000000012c76                cfs_write
                0x0000000000012d53                cfs_seek
                0x0000000000012ddb                cfs_remove
                0x0000000000012e04                cfs_opendir
                0x0000000000012e0e                cfs_readdir
                0x0000000000012e18                cfs_closedir
 .text          0x0000000000012e27      0x6b7 obj_cooja/mtype164.a(cooja-radio.o)
                0x0000000000012e51                radio_set_channel
                0x0000000000012e66                radio_set_txpower
                0x0000000000012e86                radio_signal_strength_last
                0x0000000000012e90                radio_signal_strength_current
                0x0000000000012e9a                radio_LQI
 .text          0x00000000000134de       0xef obj_cooja/mtype164.a(eeprom.o)
                0x00000000000134de                eeprom_init
                0x00000000000134e3                eeprom_read
                0x0000000000013553                eeprom_write
 .text          0x00000000000135cd       0x28 obj_cooja/mtype164.a(random.o)
                0x00000000000135cd                random_init
                0x00000000000135e8                random_rand
 .text          0x00000000000135f5      0x2a1 obj_cooja/mtype164.a(sensors.o)
                0x0000000000013630                sensors_first
                0x000000000001363a                sensors_next
                0x0000000000013657                sensors_changed
                0x0000000000013686                sensors_find
 .text          0x0000000000013896      0x134 obj_cooja/mtype164.a(leds.o)
                0x00000000000138e7                leds_init
                0x00000000000138fb                leds_blink
                0x0000000000013933                leds_get
                0x0000000000013940                leds_set
                0x000000000001395a                leds_on
                0x000000000001397d                leds_off
                0x00000000000139a7                leds_toggle
 .text          0x00000000000139ca      0x471 obj_cooja/mtype164.a(dual_conf.o)
                0x00000000000139ca                dual_radio_switch
                0x0000000000013a0a                dual_radio_change
                0x0000000000013a44                sending_in_LR
                0x0000000000013a6f                dual_radio_received
                0x0000000000013ac2                radio_received_is_longrange
                0x0000000000013add                dual_radio_turn_on
                0x0000000000013b00                dual_radio_turn_off
                0x0000000000013dc1                dio_broadcast
                0x0000000000013dea                dis_broadcast
                0x0000000000013e0b                LSA_converge_broadcast
 .text          0x0000000000013e3b       0x8e obj_cooja/mtype164.a(autostart.o)
                0x0000000000013e3b                autostart_start
                0x0000000000013e86                autostart_exit
 .text          0x0000000000013ec9      0x334 obj_cooja/mtype164.a(ctimer.o)
                0x0000000000013fe0                ctimer_init
                0x0000000000014010                ctimer_set
                0x0000000000014041                ctimer_set_with_process
                0x00000000000140bd                ctimer_reset
                0x000000000001410c                ctimer_restart
                0x000000000001415b                ctimer_stop
                0x00000000000141a6                ctimer_expired
 .text          0x00000000000141fd      0x40b obj_cooja/mtype164.a(etimer.o)
                0x0000000000014410                etimer_request_poll
                0x0000000000014494                etimer_set
                0x00000000000144b9                etimer_reset_with_new_interval
                0x00000000000144e0                etimer_reset
                0x00000000000144fe                etimer_restart
                0x000000000001451c                etimer_adjust
                0x0000000000014538                etimer_expired
                0x000000000001454b                etimer_expiration_time
                0x000000000001455d                etimer_start_time
                0x0000000000014567                etimer_pending
                0x0000000000014579                etimer_next_expiration_time
                0x0000000000014593                etimer_stop
 .text          0x0000000000014608      0x123 obj_cooja/mtype164.a(log_message.o)
                0x0000000000014608                log_initialization
                0x000000000001470a                log_finisher
 .text          0x000000000001472b      0x560 obj_cooja/mtype164.a(process.o)
                0x000000000001472b                process_alloc_event
                0x0000000000014740                process_start
                0x0000000000014929                process_exit
                0x0000000000014945                process_init
                0x0000000000014b16                process_run
                0x0000000000014b49                process_nevents
                0x0000000000014b64                process_post
                0x0000000000014c10                process_post_synch
                0x0000000000014c48                process_poll
                0x0000000000014c77                process_is_running
 .text          0x0000000000014c8b       0xd3 obj_cooja/mtype164.a(residual.o)
                0x0000000000014c8b                get_residual_energy
 .text          0x0000000000014d5e       0xba obj_cooja/mtype164.a(rtimer.o)
                0x0000000000014d5e                rtimer_init
                0x0000000000014d6b                rtimer_set
                0x0000000000014dc2                rtimer_run_next
 .text          0x0000000000014e18       0xa3 obj_cooja/mtype164.a(stimer.o)
                0x0000000000014e18                stimer_set
                0x0000000000014e33                stimer_reset
                0x0000000000014e4a                stimer_restart
                0x0000000000014e5c                stimer_expired
                0x0000000000014e83                stimer_remaining
                0x0000000000014ea7                stimer_elapsed
 .text          0x0000000000014ebb       0x91 obj_cooja/mtype164.a(timer.o)
                0x0000000000014ebb                timer_set
                0x0000000000014ed6                timer_reset
                0x0000000000014eed                timer_restart
                0x0000000000014eff                timer_expired
                0x0000000000014f28                timer_remaining
 .text          0x0000000000014f4c      0x1fb obj_cooja/mtype164.a(serial-line.o)
                0x0000000000014f4c                serial_line_input_byte
                0x000000000001510f                serial_line_init
 .text          0x0000000000015147      0x244 obj_cooja/mtype164.a(list.o)
                0x0000000000015147                list_init
                0x0000000000015155                list_head
                0x000000000001515f                list_copy
                0x000000000001516e                list_tail
                0x00000000000151a4                list_add
                0x00000000000151ed                list_push
                0x0000000000015219                list_chop
                0x0000000000015283                list_pop
                0x00000000000152ab                list_remove
                0x0000000000015312                list_length
                0x0000000000015340                list_insert
                0x0000000000015374                list_item_next
 .text          0x000000000001538b      0x155 obj_cooja/mtype164.a(ringbuf.o)
                0x000000000001538b                ringbuf_init
                0x00000000000153bc                ringbuf_put
                0x000000000001543a                ringbuf_get
                0x00000000000154a7                ringbuf_size
                0x00000000000154b9                ringbuf_elements
 .text          0x00000000000154e0     0x258b obj_cooja/mtype164.a(sicslowpan.o)
                0x0000000000015a6a                rime_sniffer_add
                0x0000000000015a77                rime_sniffer_remove
                0x0000000000017a0a                sicslowpan_init
                0x0000000000017a61                sicslowpan_get_last_rssi
 .text          0x0000000000017a6b      0x2dc obj_cooja/mtype164.a(uip-ds6-nbr.o)
                0x0000000000017a88                uip_ds6_neighbors_init
                0x0000000000017aa5                uip_ds6_nbr_add
                0x0000000000017b56                uip_ds6_nbr_rm
                0x0000000000017bb3                uip_ds6_nbr_get_ipaddr
                0x0000000000017bc8                uip_ds6_nbr_get_ll
                0x0000000000017be4                uip_ds6_nbr_num
                0x0000000000017c29                uip_ds6_nbr_lookup
                0x0000000000017c8e                uip_ds6_nbr_ll_lookup
                0x0000000000017caa                uip_ds6_nbr_ipaddr_from_lladdr
                0x0000000000017cd0                uip_ds6_nbr_lladdr_from_ipaddr
                0x0000000000017cfe                uip_ds6_link_neighbor_callback
 .text          0x0000000000017d47      0x916 obj_cooja/mtype164.a(uip-ds6-route.o)
                0x0000000000017dbe                uip_ds6_notification_add
                0x0000000000017def                uip_ds6_notification_rm
                0x0000000000017e0b                uip_ds6_route_init
                0x0000000000017e93                uip_ds6_route_nexthop
                0x0000000000017ebb                uip_ds6_route_head
                0x0000000000017ed0                uip_ds6_route_next
                0x0000000000017ef6                uip_ds6_route_is_nexthop
                0x0000000000017f35                uip_ds6_route_num_routes
                0x0000000000017f3f                uip_ds6_route_lookup
                0x0000000000018001                uip_ds6_route_add
                0x0000000000018235                uip_ds6_route_rm
                0x00000000000183c9                uip_ds6_route_rm_by_nexthop
                0x0000000000018401                uip_ds6_defrt_add
                0x00000000000184b2                uip_ds6_defrt_rm
                0x0000000000018531                uip_ds6_defrt_lookup
                0x000000000001858a                uip_ds6_defrt_choose
                0x00000000000185f5                uip_ds6_defrt_periodic
 .text          0x000000000001865d     0x12ad obj_cooja/mtype164.a(uip-ds6.o)
                0x000000000001865d                uip_ds6_init
                0x00000000000189b2                uip_ds6_periodic
                0x0000000000018a8a                uip_ds6_list_loop
                0x0000000000018b31                uip_ds6_prefix_add
                0x0000000000018bef                uip_ds6_prefix_rm
                0x0000000000018c01                uip_ds6_prefix_lookup
                0x0000000000018c52                uip_ds6_is_addr_onlink
                0x0000000000018cc6                uip_ds6_addr_add
                0x0000000000018df4                uip_ds6_long_addr_add
                0x0000000000018f22                uip_ds6_addr_rm
                0x0000000000018fc2                uip_ds6_addr_lookup
                0x000000000001900d                uip_ds6_long_addr_lookup
                0x0000000000019058                uip_ds6_get_link_local
                0x00000000000190d7                uip_ds6_long_get_link_local
                0x0000000000019156                uip_ds6_get_global
                0x00000000000191d5                uip_ds6_long_get_global
                0x0000000000019254                uip_ds6_maddr_add
                0x00000000000192c6                uip_ds6_long_maddr_add
                0x0000000000019338                uip_ds6_maddr_rm
                0x000000000001934a                uip_ds6_maddr_lookup
                0x0000000000019395                uip_ds6_long_maddr_lookup
                0x00000000000193e0                uip_ds6_aaddr_add
                0x0000000000019452                uip_ds6_long_aaddr_add
                0x00000000000194c4                uip_ds6_aaddr_rm
                0x00000000000194d6                uip_ds6_aaddr_lookup
                0x0000000000019521                uip_ds6_long_aaddr_lookup
                0x000000000001956c                uip_ds6_select_src
                0x00000000000197f5                uip_ds6_set_addr_iid
                0x000000000001982c                get_match_length
                0x00000000000198be                uip_ds6_compute_reachable_time
 .text          0x000000000001990a     0x29f3 obj_cooja/mtype164.a(uip6.o)
                0x000000000001990a                uip_add32
                0x0000000000019aa3                uip_chksum
                0x0000000000019b91                uip_icmp6chksum
                0x0000000000019ba5                uip_tcpchksum
                0x0000000000019bb9                uip_udpchksum
                0x0000000000019bcd                uip_init
                0x0000000000019c9d                uip_connect
                0x0000000000019e4c                remove_ext_hdr
                0x0000000000019f21                uip_udp_new
                0x000000000001a07d                uip_unlisten
                0x000000000001a0dd                uip_listen
                0x000000000001a39f                uip_process
                0x000000000001c1f1                uip_htons
                0x000000000001c213                uip_htonl
                0x000000000001c253                uip_send
 .text          0x000000000001c2fd      0xb91 obj_cooja/mtype164.a(tcpip.o)
                0x000000000001c2fd                tcpip_output
                0x000000000001c32b                tcpip_set_outputfunc
                0x000000000001c3bf                tcp_connect
                0x000000000001c414                tcp_unlisten
                0x000000000001c46f                tcp_listen
                0x000000000001c4c8                tcp_attach
                0x000000000001c4ed                udp_attach
                0x000000000001c512                udp_new
                0x000000000001c564                udp_broadcast_new
                0x000000000001c7d8                tcpip_input
                0x000000000001c80c                tcpip_ipv6_output
                0x000000000001ccd4                tcpip_poll_udp
                0x000000000001ccf7                tcpip_poll_tcp
                0x000000000001cd1a                tcpip_uipcall
 .text          0x000000000001ce8e      0x1c1 obj_cooja/mtype164.a(uip-debug.o)
                0x000000000001ce8e                uip_debug_ipaddr_print
                0x000000000001cff0                uip_debug_lladdr_print
 .text          0x000000000001d04f      0x141 obj_cooja/mtype164.a(uip-packetqueue)
                0x000000000001d07b                uip_packetqueue_new
                0x000000000001d089                uip_packetqueue_alloc
                0x000000000001d0e9                uip_packetqueue_free
                0x000000000001d12a                uip_packetqueue_buf
                0x000000000001d147                uip_packetqueue_buflen
                0x000000000001d168                uip_packetqueue_set_buflen
 .text          0x000000000001d190      0x131 obj_cooja/mtype164.a(uip-udp-packet.)
                0x000000000001d190                uip_udp_packet_send
                0x000000000001d1f0                uip_udp_packet_sendto
 .text          0x000000000001d2c1     0x26ab obj_cooja/mtype164.a(rpl-dag.o)
                0x000000000001d2c1                rpl_lr_in_child
                0x000000000001d379                rpl_print_neighbor_list
                0x000000000001d422                rpl_print_child_neighbor_list
                0x000000000001d497                rpl_get_nbr
                0x000000000001d4f1                rpl_get_nbr_child
                0x000000000001d54b                rpl_dag_init
                0x000000000001d57d                rpl_get_parent
                0x000000000001d59f                rpl_get_parent_rank
                0x000000000001d5d2                rpl_get_parent_link_metric
                0x000000000001d605                rpl_get_parent_ipaddr
                0x000000000001d62f                rpl_get_child_ipaddr
                0x000000000001d94a                rpl_set_root
                0x000000000001db78                rpl_repair_root
                0x000000000001ddb4                rpl_set_prefix
                0x000000000001deb3                rpl_set_default_route
                0x000000000001df3f                rpl_alloc_instance
                0x000000000001dfc7                rpl_alloc_dag
                0x000000000001e07a                rpl_set_default_instance
                0x000000000001e087                rpl_get_default_instance
                0x000000000001e091                rpl_free_instance
                0x000000000001e132                rpl_free_dag
                0x000000000001e198                rpl_add_parent
                0x000000000001e281                rpl_find_parent
                0x000000000001e2b1                rpl_add_child
                0x000000000001e355                rpl_find_child
                0x000000000001e3a3                rpl_find_parent_any_dag
                0x000000000001e3df                rpl_select_dag
                0x000000000001e815                rpl_select_parent
                0x000000000001e877                rpl_remove_parent
                0x000000000001e8ad                rpl_remove_child
                0x000000000001e8c9                rpl_nullify_parent
                0x000000000001e967                rpl_move_parent
                0x000000000001ea04                rpl_has_downward_route
                0x000000000001ea57                rpl_get_any_dag
                0x000000000001eab9                rpl_get_instance
                0x000000000001eb1c                rpl_find_of
                0x000000000001eb59                rpl_join_instance
                0x000000000001edf5                rpl_add_dag
                0x000000000001f1e4                rpl_local_repair
                0x000000000001f2bd                rpl_recalculate_ranks
                0x000000000001f343                rpl_process_parent_event
                0x000000000001f3f5                rpl_process_dio
 .text          0x000000000001f96c      0xe0b obj_cooja/mtype164.a(rpl-ext-header.)
                0x000000000001f989                rpl_verify_header
                0x000000000001ff06                rpl_update_header_empty
                0x00000000000202b9                rpl_update_header_final
                0x000000000002046c                rpl_remove_header
                0x000000000002059b                rpl_invert_header
                0x0000000000020755                rpl_insert_header
 .text          0x0000000000020777     0x309e obj_cooja/mtype164.a(rpl-icmp6.o)
                0x0000000000020a86                rpl_icmp6_update_nbr_table
                0x0000000000020c53                dis_output
                0x00000000000219c2                dio_output
                0x00000000000223f5                LSA_converge_output
                0x000000000002328b                dao_output
                0x00000000000233a0                dao_output_target
                0x00000000000237bd                dao_ack_output
                0x00000000000237d1                rpl_icmp6_register_handlers
 .text          0x0000000000023815      0x3dc obj_cooja/mtype164.a(rpl-ltmax.o)
 .text          0x0000000000023bf1      0x7c6 obj_cooja/mtype164.a(rpl-timers.o)
                0x0000000000023bf1                rpl_LSA_convergence_timer
                0x0000000000023c98                rpl_reset_LSA_convergence_timer
                0x0000000000024002                rpl_reset_periodic_timer
                0x0000000000024057                rpl_reset_dio_timer
                0x00000000000242ef                rpl_schedule_dao
                0x000000000002430a                rpl_schedule_dao_immediately
                0x0000000000024325                rpl_cancel_dao
                0x0000000000024387                rpl_schedule_unicast_dio_immediately
 .text          0x00000000000243b7      0x5dc obj_cooja/mtype164.a(rpl.o)
                0x00000000000243b7                rpl_get_mode
                0x00000000000243c1                rpl_set_mode
                0x000000000002444f                rpl_purge_routes
                0x0000000000024549                rpl_remove_routes
                0x000000000002458f                rpl_remove_routes_by_nexthop
                0x00000000000245fb                rpl_add_route
                0x0000000000024676                rpl_link_neighbor_callback
                0x000000000002477b                rpl_ipv6_neighbor_callback
                0x00000000000247ea                rpl_purge_dags
                0x00000000000248f6                rpl_init
 .text          0x0000000000024993      0x3f5 obj_cooja/mtype164.a(framer-802154.o)
 .text          0x0000000000024d88       0x5e obj_cooja/mtype164.a(nullmac.o)
 .text          0x0000000000024de6     0x12bb obj_cooja/mtype164.a(cxmac.o)
                0x0000000000025fdc                cxmac_set_announcement_radio_txpower
                0x0000000000025fe1                cxmac_init
 .text          0x00000000000260a1       0x82 obj_cooja/mtype164.a(linkaddr.o)
                0x00000000000260a1                linkaddr_copy
                0x00000000000260c3                linkaddr_cmp
                0x00000000000260ed                linkaddr_set_node_addr
                0x0000000000026108                linkaddr_set_node_long_addr
 .text          0x0000000000026123      0x915 obj_cooja/mtype164.a(nbr-table.o)
                0x0000000000026123                long_ip_from_lladdr_map
                0x00000000000261ac                lladdr_map_add_lr
                0x0000000000026269                lladdr_map_rm_lr
                0x000000000002672e                nbr_table_register
                0x0000000000026776                nbr_table_head
                0x00000000000267d2                nbr_table_next
                0x0000000000026839                nbr_table_add_lladdr
                0x0000000000026915                nbr_table_get_from_lladdr
                0x0000000000026962                nbr_table_remove
                0x00000000000269b4                nbr_table_lock
                0x00000000000269de                nbr_table_unlock
                0x0000000000026a08                nbr_table_get_lladdr
 .text          0x0000000000026a38       0x2b obj_cooja/mtype164.a(netstack.o)
                0x0000000000026a38                netstack_init
 .text          0x0000000000026a63      0x3cd obj_cooja/mtype164.a(packetbuf.o)
                0x0000000000026a63                packetbuf_clear
                0x0000000000026a8d                packetbuf_copyfrom
                0x0000000000026adf                packetbuf_compact
                0x0000000000026b5c                packetbuf_copyto
                0x0000000000026bf3                packetbuf_hdralloc
                0x0000000000026c70                packetbuf_hdrreduce
                0x0000000000026cb8                packetbuf_set_datalen
                0x0000000000026cd1                packetbuf_dataptr
                0x0000000000026cee                packetbuf_hdrptr
                0x0000000000026cf8                packetbuf_datalen
                0x0000000000026d04                packetbuf_hdrlen
                0x0000000000026d1b                packetbuf_totlen
                0x0000000000026d31                packetbuf_attr_clear
                0x0000000000026d83                packetbuf_attr_copyto
                0x0000000000026dcc                packetbuf_attr_copyfrom
                0x0000000000026e14                packetbuf_holds_broadcast
 .text          0x0000000000026e30      0x2b4 obj_cooja/mtype164.a(queuebuf.o)
                0x0000000000026e3a                queuebuf_init
                0x0000000000026e5a                queuebuf_numfree
                0x0000000000026e6e                queuebuf_new_from_packetbuf
                0x0000000000026efe                queuebuf_update_attr_from_packetbuf
                0x0000000000026f31                queuebuf_update_from_packetbuf
                0x0000000000026f7b                queuebuf_free
                0x0000000000026fc2                queuebuf_to_packetbuf
                0x0000000000027028                queuebuf_dataptr
                0x000000000002705f                queuebuf_datalen
                0x0000000000027082                queuebuf_addr
                0x00000000000270b4                queuebuf_attr
                0x00000000000270df                queuebuf_debug_print
 .text          0x00000000000270e4       0x6e obj_cooja/mtype164.a(nullsec.o)
 .text          0x0000000000027152       0x19 obj_cooja/mtype164.a(watchdog.o)
                0x0000000000027152                watchdog_init
                0x0000000000027157                watchdog_start
                0x000000000002715c                watchdog_periodic
                0x0000000000027161                watchdog_stop
                0x0000000000027166                watchdog_reboot
 .text          0x000000000002716b        0x0 obj_cooja/mtype164.a(rimestats.o)
 .text          0x000000000002716b      0x1c1 obj_cooja/mtype164.a(memb.o)
                0x000000000002716b                memb_init
                0x00000000000271c9                memb_alloc
                0x000000000002722e                memb_free
                0x00000000000272a9                memb_inmemb
                0x00000000000272e8                memb_numfree
 .text          0x000000000002732c      0xb00 obj_cooja/mtype164.a(uip-icmp6.o)
                0x000000000002739a                uip_icmp6_input
                0x00000000000273f0                uip_icmp6_register_input_handler
                0x00000000000276b8                uip_icmp6_error_output
                0x00000000000279fd                uip_icmp6_send
                0x0000000000027dbf                uip_icmp6_echo_reply_callback_add
                0x0000000000027df0                uip_icmp6_echo_reply_callback_rm
                0x0000000000027e0c                uip_icmp6_init
 .text          0x0000000000027e2c      0x358 obj_cooja/mtype164.a(uip-nd6.o)
                0x0000000000027e80                uip_nd6_ns_output
                0x000000000002817f                uip_nd6_init
 .text          0x0000000000028184      0x331 obj_cooja/mtype164.a(rpl-nbr-policy.)
                0x000000000002835c                find_removable_dis
                0x000000000002837f                find_removable_dio
                0x000000000002840e                find_removable_dao
                0x000000000002845e                rpl_nbr_policy_find_removable
 .text          0x00000000000284b5      0x97c obj_cooja/mtype164.a(frame802154.o)
                0x00000000000284e6                frame802154_get_pan_id
                0x00000000000284f2                frame802154_set_pan_id
                0x000000000002850b                frame802154_has_panid
                0x00000000000285f7                frame802154_check_dest_panid
                0x000000000002865f                frame802154_is_broadcast_addr
                0x00000000000286ac                frame802154_extract_linkaddr
                0x00000000000288ec                frame802154_hdrlen
                0x000000000002893d                frame802154_create
                0x0000000000028b28                frame802154_parse
 .text          0x0000000000028e31       0x3c obj_cooja/mtype164.a(mac.o)
                0x0000000000028e31                mac_call_sent_callback
 .text          0x0000000000028e6d        0x0 /usr/lib/gcc/i686-linux-gnu/4.8/crtendS.o
 .text          0x0000000000028e6d        0x0 /usr/lib/gcc/i686-linux-gnu/4.8/../../../i386-linux-gnu/crtn.o
 *(.gnu.warning)

.fini           0x0000000000028e70       0x14
 *(SORT(.fini))
 .fini          0x0000000000028e70        0xf /usr/lib/gcc/i686-linux-gnu/4.8/../../../i386-linux-gnu/crti.o
                0x0000000000028e70                _fini
 .fini          0x0000000000028e7f        0x5 /usr/lib/gcc/i686-linux-gnu/4.8/../../../i386-linux-gnu/crtn.o
                0x0000000000028e84                PROVIDE (__etext, .)
                0x0000000000028e84                PROVIDE (_etext, .)
                0x0000000000028e84                PROVIDE (etext, .)

.rodata         0x0000000000028ea0     0x22f9
 *(.rodata .rodata.* .gnu.linkonce.r.*)
 .rodata        0x0000000000028ea0      0x366 udp-client.co
                0x0000000000028eb4                autostart_processes
 *fill*         0x0000000000029206        0x2 
 .rodata        0x0000000000029208      0x1e6 obj_cooja/mtype164.o
 *fill*         0x00000000000293ee        0x2 
 .rodata        0x00000000000293f0        0x8 obj_cooja/mtype164.a(beep.o)
                0x00000000000293f0                beep_interface
 .rodata        0x00000000000293f8       0x20 obj_cooja/mtype164.a(button-sensor.o)
                0x00000000000293f8                button_interface
                0x0000000000029408                button_sensor
 .rodata        0x0000000000029418        0x8 obj_cooja/mtype164.a(leds-arch.o)
                0x0000000000029418                leds_interface
 .rodata        0x0000000000029420        0x8 obj_cooja/mtype164.a(moteid.o)
                0x0000000000029420                moteid_interface
 .rodata        0x0000000000029428       0x1c obj_cooja/mtype164.a(pir-sensor.o)
                0x0000000000029428                pir_interface
                0x0000000000029434                pir_sensor
 .rodata        0x0000000000029444        0xe obj_cooja/mtype164.a(rs232.o)
                0x0000000000029444                rs232_interface
 *fill*         0x0000000000029452        0x2 
 .rodata        0x0000000000029454       0x24 obj_cooja/mtype164.a(vib-sensor.o)
                0x0000000000029454                vib_interface
                0x0000000000029468                vib_sensor
 .rodata        0x0000000000029478        0x8 obj_cooja/mtype164.a(clock.o)
                0x0000000000029478                clock_interface
 .rodata        0x0000000000029480        0x8 obj_cooja/mtype164.a(log.o)
                0x0000000000029480                simlog_interface
 .rodata        0x0000000000029488       0x2f obj_cooja/mtype164.a(cfs-cooja.o)
                0x0000000000029488                cfs_interface
 *fill*         0x00000000000294b7        0x9 
 .rodata        0x00000000000294c0       0xc0 obj_cooja/mtype164.a(cooja-radio.o)
                0x0000000000029540                cooja_radio_driver
                0x0000000000029578                radio_interface
 .rodata        0x0000000000029580        0x8 obj_cooja/mtype164.a(eeprom.o)
                0x0000000000029580                eeprom_interface
 .rodata        0x0000000000029588        0x8 obj_cooja/mtype164.a(sensors.o)
 .rodata        0x0000000000029590      0x1fe obj_cooja/mtype164.a(dual_conf.o)
 .rodata        0x000000000002978e        0xf obj_cooja/mtype164.a(ctimer.o)
 .rodata        0x000000000002979d        0xc obj_cooja/mtype164.a(etimer.o)
 *fill*         0x00000000000297a9        0x3 
 .rodata        0x00000000000297ac       0x73 obj_cooja/mtype164.a(log_message.o)
 *fill*         0x000000000002981f        0x1 
 .rodata        0x0000000000029820       0x20 obj_cooja/mtype164.a(residual.o)
 .rodata        0x0000000000029840        0xe obj_cooja/mtype164.a(serial-line.o)
 *fill*         0x000000000002984e        0x2 
 .rodata        0x0000000000029850       0x2c obj_cooja/mtype164.a(sicslowpan.o)
                0x0000000000029850                unc_llconf
                0x0000000000029854                unc_ctxconf
                0x0000000000029858                unc_mxconf
                0x000000000002985c                llprefix
                0x0000000000029870                sicslowpan_driver
 .rodata        0x000000000002987c      0x13c obj_cooja/mtype164.a(uip6.o)
 .rodata        0x00000000000299b8       0x61 obj_cooja/mtype164.a(tcpip.o)
 .rodata        0x0000000000029a19       0x3e obj_cooja/mtype164.a(uip-debug.o)
 *fill*         0x0000000000029a57        0x1 
 .rodata        0x0000000000029a58        0x4 obj_cooja/mtype164.a(rpl-dag.o)
 .rodata        0x0000000000029a5c      0x4a0 obj_cooja/mtype164.a(rpl-ext-header.)
 .rodata        0x0000000000029efc      0xc88 obj_cooja/mtype164.a(rpl-icmp6.o)
 .rodata        0x000000000002ab84      0x2be obj_cooja/mtype164.a(rpl-timers.o)
 *fill*         0x000000000002ae42        0x2 
 .rodata        0x000000000002ae44        0xc obj_cooja/mtype164.a(framer-802154.o)
                0x000000000002ae44                framer_802154
 .rodata        0x000000000002ae50       0x24 obj_cooja/mtype164.a(nullmac.o)
                0x000000000002ae58                nullmac_driver
 *fill*         0x000000000002ae74        0xc 
 .rodata        0x000000000002ae80      0x2e0 obj_cooja/mtype164.a(cxmac.o)
                0x000000000002b140                cxmac_driver
 .rodata        0x000000000002b160        0x8 obj_cooja/mtype164.a(linkaddr.o)
                0x000000000002b160                linkaddr_null
 .rodata        0x000000000002b168       0x18 obj_cooja/mtype164.a(nullsec.o)
                0x000000000002b170                nullsec_driver
 .rodata        0x000000000002b180       0x19 obj_cooja/mtype164.a(uip-icmp6.o)

.rodata1
 *(.rodata1)

.eh_frame_hdr   0x000000000002b19c     0x13e4
 *(.eh_frame_hdr)
 .eh_frame_hdr  0x000000000002b19c     0x13e4 udp-client.co

.eh_frame       0x000000000002c580     0x50fc
 *(.eh_frame)
 .eh_frame      0x000000000002c580       0x3c /usr/lib/gcc/i686-linux-gnu/4.8/../../../i386-linux-gnu/crti.o
                                         0x40 (size before relaxing)
 .eh_frame      0x000000000002c5bc       0xb4 udp-client.co
                                         0xcc (size before relaxing)
 .eh_frame      0x000000000002c670      0x148 obj_cooja/mtype164.o
                                        0x160 (size before relaxing)
 .eh_frame      0x000000000002c7b8       0x40 obj_cooja/mtype164.a(simEnvChange.o)
                                         0x58 (size before relaxing)
 .eh_frame      0x000000000002c7f8       0xc0 obj_cooja/mtype164.a(cooja_mt.o)
                                         0xd8 (size before relaxing)
 .eh_frame      0x000000000002c8b8      0x120 obj_cooja/mtype164.a(cooja_mtarch.o)
                                        0x138 (size before relaxing)
 .eh_frame      0x000000000002c9d8       0xc0 obj_cooja/mtype164.a(rtimer-arch.o)
                                         0xd8 (size before relaxing)
 .eh_frame      0x000000000002ca98      0x160 obj_cooja/mtype164.a(beep.o)
                                        0x178 (size before relaxing)
 .eh_frame      0x000000000002cbf8       0xa0 obj_cooja/mtype164.a(button-sensor.o)
                                         0xb8 (size before relaxing)
 .eh_frame      0x000000000002cc98       0xa0 obj_cooja/mtype164.a(leds-arch.o)
                                         0xb8 (size before relaxing)
 .eh_frame      0x000000000002cd38       0x40 obj_cooja/mtype164.a(moteid.o)
                                         0x58 (size before relaxing)
 .eh_frame      0x000000000002cd78       0xa0 obj_cooja/mtype164.a(pir-sensor.o)
                                         0xb8 (size before relaxing)
 .eh_frame      0x000000000002ce18      0x100 obj_cooja/mtype164.a(rs232.o)
                                        0x118 (size before relaxing)
 .eh_frame      0x000000000002cf18       0xa0 obj_cooja/mtype164.a(vib-sensor.o)
                                         0xb8 (size before relaxing)
 .eh_frame      0x000000000002cfb8       0xc0 obj_cooja/mtype164.a(clock.o)
                                         0xd8 (size before relaxing)
 .eh_frame      0x000000000002d078      0x120 obj_cooja/mtype164.a(log.o)
                                        0x138 (size before relaxing)
 .eh_frame      0x000000000002d198      0x160 obj_cooja/mtype164.a(cfs-cooja.o)
                                        0x178 (size before relaxing)
 .eh_frame      0x000000000002d2f8      0x2e0 obj_cooja/mtype164.a(cooja-radio.o)
                                        0x2f8 (size before relaxing)
 .eh_frame      0x000000000002d5d8       0xa0 obj_cooja/mtype164.a(eeprom.o)
                                         0xb8 (size before relaxing)
 .eh_frame      0x000000000002d678       0x40 obj_cooja/mtype164.a(random.o)
                                         0x58 (size before relaxing)
 .eh_frame      0x000000000002d6b8       0xc0 obj_cooja/mtype164.a(sensors.o)
                                         0xd8 (size before relaxing)
 .eh_frame      0x000000000002d778      0x100 obj_cooja/mtype164.a(leds.o)
                                        0x118 (size before relaxing)
 .eh_frame      0x000000000002d878      0x1a0 obj_cooja/mtype164.a(dual_conf.o)
                                        0x1b8 (size before relaxing)
 .eh_frame      0x000000000002da18       0x40 obj_cooja/mtype164.a(autostart.o)
                                         0x58 (size before relaxing)
 .eh_frame      0x000000000002da58      0x100 obj_cooja/mtype164.a(ctimer.o)
                                        0x118 (size before relaxing)
 .eh_frame      0x000000000002db58      0x1e0 obj_cooja/mtype164.a(etimer.o)
                                        0x1f8 (size before relaxing)
 .eh_frame      0x000000000002dd38       0x40 obj_cooja/mtype164.a(log_message.o)
                                         0x58 (size before relaxing)
 .eh_frame      0x000000000002dd78      0x1c8 obj_cooja/mtype164.a(process.o)
                                        0x1e0 (size before relaxing)
 .eh_frame      0x000000000002df40       0x2c obj_cooja/mtype164.a(residual.o)
                                         0x44 (size before relaxing)
 .eh_frame      0x000000000002df6c       0x60 obj_cooja/mtype164.a(rtimer.o)
                                         0x78 (size before relaxing)
 .eh_frame      0x000000000002dfcc       0xc4 obj_cooja/mtype164.a(stimer.o)
                                         0xdc (size before relaxing)
 .eh_frame      0x000000000002e090       0xa4 obj_cooja/mtype164.a(timer.o)
                                         0xbc (size before relaxing)
 .eh_frame      0x000000000002e134       0x60 obj_cooja/mtype164.a(serial-line.o)
                                         0x78 (size before relaxing)
 .eh_frame      0x000000000002e194      0x180 obj_cooja/mtype164.a(list.o)
                                        0x198 (size before relaxing)
 .eh_frame      0x000000000002e314       0xa0 obj_cooja/mtype164.a(ringbuf.o)
                                         0xb8 (size before relaxing)
 .eh_frame      0x000000000002e3b4      0x350 obj_cooja/mtype164.a(sicslowpan.o)
                                        0x368 (size before relaxing)
 .eh_frame      0x000000000002e704      0x180 obj_cooja/mtype164.a(uip-ds6-nbr.o)
                                        0x198 (size before relaxing)
 .eh_frame      0x000000000002e884      0x2a0 obj_cooja/mtype164.a(uip-ds6-route.o)
                                        0x2b8 (size before relaxing)
 .eh_frame      0x000000000002eb24      0x3c8 obj_cooja/mtype164.a(uip-ds6.o)
                                        0x3e0 (size before relaxing)
 .eh_frame      0x000000000002eeec      0x27c obj_cooja/mtype164.a(uip6.o)
                                        0x294 (size before relaxing)
 .eh_frame      0x000000000002f168      0x270 obj_cooja/mtype164.a(tcpip.o)
                                        0x288 (size before relaxing)
 .eh_frame      0x000000000002f3d8       0x48 obj_cooja/mtype164.a(uip-debug.o)
                                         0x60 (size before relaxing)
 .eh_frame      0x000000000002f420       0xe0 obj_cooja/mtype164.a(uip-packetqueue)
                                         0xf8 (size before relaxing)
 .eh_frame      0x000000000002f500       0x40 obj_cooja/mtype164.a(uip-udp-packet.)
                                         0x58 (size before relaxing)
 .eh_frame      0x000000000002f540      0x76c obj_cooja/mtype164.a(rpl-dag.o)
                                        0x784 (size before relaxing)
 .eh_frame      0x000000000002fcac      0x114 obj_cooja/mtype164.a(rpl-ext-header.)
                                        0x12c (size before relaxing)
 .eh_frame      0x000000000002fdc0      0x308 obj_cooja/mtype164.a(rpl-icmp6.o)
                                        0x320 (size before relaxing)
 .eh_frame      0x00000000000300c8       0xe0 obj_cooja/mtype164.a(rpl-ltmax.o)
                                         0xf8 (size before relaxing)
 .eh_frame      0x00000000000301a8      0x20c obj_cooja/mtype164.a(rpl-timers.o)
                                        0x224 (size before relaxing)
 .eh_frame      0x00000000000303b4      0x148 obj_cooja/mtype164.a(rpl.o)
                                        0x160 (size before relaxing)
 .eh_frame      0x00000000000304fc      0x108 obj_cooja/mtype164.a(framer-802154.o)
                                        0x120 (size before relaxing)
 .eh_frame      0x0000000000030604       0xc0 obj_cooja/mtype164.a(nullmac.o)
                                         0xd8 (size before relaxing)
 .eh_frame      0x00000000000306c4      0x2c0 obj_cooja/mtype164.a(cxmac.o)
                                        0x2d8 (size before relaxing)
 .eh_frame      0x0000000000030984       0x80 obj_cooja/mtype164.a(linkaddr.o)
                                         0x98 (size before relaxing)
 .eh_frame      0x0000000000030a04      0x2cc obj_cooja/mtype164.a(nbr-table.o)
                                        0x2e4 (size before relaxing)
 .eh_frame      0x0000000000030cd0       0x20 obj_cooja/mtype164.a(netstack.o)
                                         0x38 (size before relaxing)
 .eh_frame      0x0000000000030cf0      0x214 obj_cooja/mtype164.a(packetbuf.o)
                                        0x22c (size before relaxing)
 .eh_frame      0x0000000000030f04      0x1a0 obj_cooja/mtype164.a(queuebuf.o)
                                        0x1b8 (size before relaxing)
 .eh_frame      0x00000000000310a4       0x80 obj_cooja/mtype164.a(nullsec.o)
                                         0x98 (size before relaxing)
 .eh_frame      0x0000000000031124       0xa0 obj_cooja/mtype164.a(watchdog.o)
                                         0xb8 (size before relaxing)
 .eh_frame      0x00000000000311c4       0xa0 obj_cooja/mtype164.a(memb.o)
                                         0xb8 (size before relaxing)
 .eh_frame      0x0000000000031264      0x168 obj_cooja/mtype164.a(uip-icmp6.o)
                                        0x180 (size before relaxing)
 .eh_frame      0x00000000000313cc       0x68 obj_cooja/mtype164.a(uip-nd6.o)
                                         0x80 (size before relaxing)
 .eh_frame      0x0000000000031434       0xc0 obj_cooja/mtype164.a(rpl-nbr-policy.)
                                         0xd8 (size before relaxing)
 .eh_frame      0x00000000000314f4      0x164 obj_cooja/mtype164.a(frame802154.o)
                                        0x17c (size before relaxing)
 .eh_frame      0x0000000000031658       0x20 obj_cooja/mtype164.a(mac.o)
                                         0x38 (size before relaxing)
 .eh_frame      0x0000000000031678        0x4 /usr/lib/gcc/i686-linux-gnu/4.8/crtendS.o

.gcc_except_table
 *(.gcc_except_table .gcc_except_table.*)

.exception_ranges
 *(.exception_ranges .exception_ranges*)
                0x000000000003167c                . = (ALIGN (0x1000) - ((0x1000 - .) & 0xfff))
                0x0000000000032ef8                . = DATA_SEGMENT_ALIGN (0x1000, 0x1000)

.eh_frame
 *(.eh_frame)

.gcc_except_table
 *(.gcc_except_table .gcc_except_table.*)

.exception_ranges
 *(.exception_ranges .exception_ranges*)

.tdata
 *(.tdata .tdata.* .gnu.linkonce.td.*)

.tbss
 *(.tbss .tbss.* .gnu.linkonce.tb.*)
 *(.tcommon)

.preinit_array
 *(.preinit_array)

.init_array     0x0000000000032ef8        0x4
 *(SORT(.init_array.*) SORT(.ctors.*))
 *(.init_array EXCLUDE_FILE(*crtend?.o *crtend.o *crtbegin?.o *crtbegin.o) .ctors)
 .init_array    0x0000000000032ef8        0x4 /usr/lib/gcc/i686-linux-gnu/4.8/crtbeginS.o

.fini_array     0x0000000000032efc        0x4
 *(SORT(.fini_array.*) SORT(.dtors.*))
 *(.fini_array EXCLUDE_FILE(*crtend?.o *crtend.o *crtbegin?.o *crtbegin.o) .dtors)
 .fini_array    0x0000000000032efc        0x4 /usr/lib/gcc/i686-linux-gnu/4.8/crtbeginS.o

.ctors
 *crtbegin.o(.ctors)
 *crtbegin?.o(.ctors)
 *(EXCLUDE_FILE(*crtend?.o *crtend.o) .ctors)
 *(SORT(.ctors.*))
 *(.ctors)

.dtors
 *crtbegin.o(.dtors)
 *crtbegin?.o(.dtors)
 *(EXCLUDE_FILE(*crtend?.o *crtend.o) .dtors)
 *(SORT(.dtors.*))
 *(.dtors)

.jcr            0x0000000000032f00        0x4
 *(.jcr)
 .jcr           0x0000000000032f00        0x0 /usr/lib/gcc/i686-linux-gnu/4.8/crtbeginS.o
 .jcr           0x0000000000032f00        0x4 /usr/lib/gcc/i686-linux-gnu/4.8/crtendS.o

.data.rel.ro
 *(.data.rel.ro.local* .gnu.linkonce.d.rel.ro.local.*)
 *(.data.rel.ro .data.rel.ro.* .gnu.linkonce.d.rel.ro.*)

.dynamic        0x0000000000032f04       0xe8
 *(.dynamic)
 .dynamic       0x0000000000032f04       0xe8 /usr/lib/gcc/i686-linux-gnu/4.8/../../../i386-linux-gnu/crti.o
                0x0000000000032f04                _DYNAMIC

.got            0x0000000000032fec       0x14
 *(.got)
 .got           0x0000000000032fec       0x14 /usr/lib/gcc/i686-linux-gnu/4.8/../../../i386-linux-gnu/crti.o
 *(.igot)
                0x0000000000033ff4                . = DATA_SEGMENT_RELRO_END (., (SIZEOF (.got.plt) >= 0xc)?0xc:0x0)

.got.plt        0x0000000000033000       0x14
 *(.got.plt)
 .got.plt       0x0000000000033000       0x14 /usr/lib/gcc/i686-linux-gnu/4.8/../../../i386-linux-gnu/crti.o
                0x0000000000033000                _GLOBAL_OFFSET_TABLE_
 *(.igot.plt)

.data           0x0000000000033020      0x29a
 *(.data .data.* .gnu.linkonce.d.*)
 .data          0x0000000000033020        0x0 /usr/lib/gcc/i686-linux-gnu/4.8/../../../i386-linux-gnu/crti.o
 .data          0x0000000000033020        0x0 /usr/lib/gcc/i686-linux-gnu/4.8/crtbeginS.o
 .data.rel      0x0000000000033020        0x4 /usr/lib/gcc/i686-linux-gnu/4.8/crtbeginS.o
                0x0000000000033020                __dso_handle
 .data          0x0000000000033024       0x10 udp-client.co
                0x0000000000033024                udp_client_process
 *fill*         0x0000000000033034        0xc 
 .data          0x0000000000033040       0x44 obj_cooja/mtype164.o
                0x0000000000033040                simInterfaces
                0x0000000000033074                sensors
 .data          0x0000000000033084        0x0 obj_cooja/mtype164.a(simEnvChange.o)
 .data          0x0000000000033084        0x0 obj_cooja/mtype164.a(cooja_mt.o)
 .data          0x0000000000033084        0x0 obj_cooja/mtype164.a(cooja_mtarch.o)
 .data          0x0000000000033084        0x0 obj_cooja/mtype164.a(rtimer-arch.o)
 .data          0x0000000000033084        0x0 obj_cooja/mtype164.a(beep.o)
 .data          0x0000000000033084        0x0 obj_cooja/mtype164.a(button-sensor.o)
 .data          0x0000000000033084        0x0 obj_cooja/mtype164.a(leds-arch.o)
 .data          0x0000000000033084        0x0 obj_cooja/mtype164.a(moteid.o)
 .data          0x0000000000033084        0x0 obj_cooja/mtype164.a(pir-sensor.o)
 .data          0x0000000000033084        0x0 obj_cooja/mtype164.a(rs232.o)
 .data          0x0000000000033084        0x0 obj_cooja/mtype164.a(vib-sensor.o)
 .data          0x0000000000033084        0x0 obj_cooja/mtype164.a(clock.o)
 .data          0x0000000000033084        0x0 obj_cooja/mtype164.a(log.o)
 .data          0x0000000000033084        0x0 obj_cooja/mtype164.a(cfs-cooja.o)
 .data          0x0000000000033084       0x40 obj_cooja/mtype164.a(cooja-radio.o)
                0x0000000000033084                simRadioChannelLR
                0x0000000000033088                simRadioHWOnLR
                0x000000000003308c                simSignalStrengthLR
                0x0000000000033090                simLastSignalStrengthLR
                0x0000000000033094                simPowerLR
                0x0000000000033098                simLQILR
                0x000000000003309c                simRadioChannel
                0x00000000000330a0                simRadioHWOn
                0x00000000000330a4                simSignalStrength
                0x00000000000330a8                simLastSignalStrength
                0x00000000000330ac                simPower
                0x00000000000330b0                simLQI
                0x00000000000330b4                cooja_radio_process
 .data          0x00000000000330c4        0x0 obj_cooja/mtype164.a(eeprom.o)
 .data          0x00000000000330c4        0x0 obj_cooja/mtype164.a(random.o)
 .data          0x00000000000330c4       0x10 obj_cooja/mtype164.a(sensors.o)
                0x00000000000330c4                sensors_process
 .data          0x00000000000330d4        0x0 obj_cooja/mtype164.a(leds.o)
 .data          0x00000000000330d4       0x3a obj_cooja/mtype164.a(dual_conf.o)
                0x00000000000330d4                radio_received
                0x00000000000330d8                dual_dio_broadcast
                0x00000000000330e8                dual_dis_broadcast
                0x00000000000330f8                dual_LSA_converge_broadcast
 .data          0x000000000003310e        0x0 obj_cooja/mtype164.a(autostart.o)
 *fill*         0x000000000003310e        0x2 
 .data          0x0000000000033110       0x14 obj_cooja/mtype164.a(ctimer.o)
                0x0000000000033114                ctimer_process
 .data          0x0000000000033124       0x10 obj_cooja/mtype164.a(etimer.o)
                0x0000000000033124                etimer_process
 .data          0x0000000000033134        0x0 obj_cooja/mtype164.a(log_message.o)
 .data          0x0000000000033134        0x0 obj_cooja/mtype164.a(process.o)
 .data          0x0000000000033134        0x0 obj_cooja/mtype164.a(residual.o)
 .data          0x0000000000033134        0x0 obj_cooja/mtype164.a(rtimer.o)
 .data          0x0000000000033134        0x0 obj_cooja/mtype164.a(stimer.o)
 .data          0x0000000000033134        0x0 obj_cooja/mtype164.a(timer.o)
 .data          0x0000000000033134       0x10 obj_cooja/mtype164.a(serial-line.o)
                0x0000000000033134                serial_line_process
 .data          0x0000000000033144        0x0 obj_cooja/mtype164.a(list.o)
 .data          0x0000000000033144        0x0 obj_cooja/mtype164.a(ringbuf.o)
 .data          0x0000000000033144        0x0 obj_cooja/mtype164.a(sicslowpan.o)
 .data          0x0000000000033144       0x14 obj_cooja/mtype164.a(uip-ds6-nbr.o)
                0x0000000000033154                ds6_neighbors
 .data          0x0000000000033158       0x44 obj_cooja/mtype164.a(uip-ds6-route.o)
                0x0000000000033168                nbr_routes
 .data          0x000000000003319c        0x0 obj_cooja/mtype164.a(uip-ds6.o)
 .data          0x000000000003319c        0x0 obj_cooja/mtype164.a(uip6.o)
 .data          0x000000000003319c       0x10 obj_cooja/mtype164.a(tcpip.o)
                0x000000000003319c                tcpip_process
 .data          0x00000000000331ac        0x0 obj_cooja/mtype164.a(uip-debug.o)
 .data          0x00000000000331ac        0xc obj_cooja/mtype164.a(uip-packetqueue)
 .data          0x00000000000331b8        0x0 obj_cooja/mtype164.a(uip-udp-packet.)
 .data          0x00000000000331b8       0x28 obj_cooja/mtype164.a(rpl-dag.o)
                0x00000000000331c8                rpl_parents
                0x00000000000331dc                rpl_children
 .data          0x00000000000331e0        0x0 obj_cooja/mtype164.a(rpl-ext-header.)
 .data          0x00000000000331e0       0x40 obj_cooja/mtype164.a(rpl-icmp6.o)
 .data          0x0000000000033220       0x1c obj_cooja/mtype164.a(rpl-ltmax.o)
                0x0000000000033220                rpl_ltmax_of
 .data          0x000000000003323c        0x0 obj_cooja/mtype164.a(rpl-timers.o)
 .data          0x000000000003323c        0x0 obj_cooja/mtype164.a(rpl.o)
 .data          0x000000000003323c        0x0 obj_cooja/mtype164.a(framer-802154.o)
 .data          0x000000000003323c        0x0 obj_cooja/mtype164.a(nullmac.o)
 .data          0x000000000003323c       0x30 obj_cooja/mtype164.a(cxmac.o)
                0x000000000003323c                cxmac_config
                0x000000000003324c                strobe_wait
 .data          0x000000000003326c        0x0 obj_cooja/mtype164.a(linkaddr.o)
 .data          0x000000000003326c       0x10 obj_cooja/mtype164.a(nbr-table.o)
 .data          0x000000000003327c        0x0 obj_cooja/mtype164.a(netstack.o)
 .data          0x000000000003327c        0x4 obj_cooja/mtype164.a(packetbuf.o)
 .data          0x0000000000033280       0x18 obj_cooja/mtype164.a(queuebuf.o)
 .data          0x0000000000033298        0x0 obj_cooja/mtype164.a(nullsec.o)
 .data          0x0000000000033298        0x0 obj_cooja/mtype164.a(watchdog.o)
 .data          0x0000000000033298        0x0 obj_cooja/mtype164.a(rimestats.o)
 .data          0x0000000000033298        0x0 obj_cooja/mtype164.a(memb.o)
 .data          0x0000000000033298       0x20 obj_cooja/mtype164.a(uip-icmp6.o)
 .data          0x00000000000332b8        0x0 obj_cooja/mtype164.a(uip-nd6.o)
 .data          0x00000000000332b8        0x0 obj_cooja/mtype164.a(rpl-nbr-policy.)
 .data          0x00000000000332b8        0x2 obj_cooja/mtype164.a(frame802154.o)
 .data          0x00000000000332ba        0x0 obj_cooja/mtype164.a(mac.o)
 .data          0x00000000000332ba        0x0 /usr/lib/gcc/i686-linux-gnu/4.8/crtendS.o
 .data          0x00000000000332ba        0x0 /usr/lib/gcc/i686-linux-gnu/4.8/../../../i386-linux-gnu/crtn.o

.tm_clone_table
                0x00000000000332bc        0x0
 .tm_clone_table
                0x00000000000332bc        0x0 /usr/lib/gcc/i686-linux-gnu/4.8/crtbeginS.o
 .tm_clone_table
                0x00000000000332bc        0x0 /usr/lib/gcc/i686-linux-gnu/4.8/crtendS.o

.data1
 *(.data1)
                0x00000000000332bc                _edata = .
                0x00000000000332bc                PROVIDE (edata, .)
                0x00000000000332bc                . = .
                0x00000000000332bc                __bss_start = .

.bss            0x00000000000332c0     0x8388
 *(.dynbss)
 .dynbss        0x0000000000000000        0x0 /usr/lib/gcc/i686-linux-gnu/4.8/../../../i386-linux-gnu/crti.o
 *(.bss .bss.* .gnu.linkonce.b.*)
 .bss           0x00000000000332c0        0x0 /usr/lib/gcc/i686-linux-gnu/4.8/../../../i386-linux-gnu/crti.o
 .bss           0x00000000000332c0        0x1 /usr/lib/gcc/i686-linux-gnu/4.8/crtbeginS.o
 *fill*         0x00000000000332c1       0x1f 
 .bss           0x00000000000332e0       0x60 udp-client.co
                0x00000000000332e0                my_weight
 .bss           0x0000000000033340     0x2030 obj_cooja/mtype164.o
 .bss           0x0000000000035370        0x1 obj_cooja/mtype164.a(simEnvChange.o)
                0x0000000000035370                simDontFallAsleep
 *fill*         0x0000000000035371        0x3 
 .bss           0x0000000000035374        0x4 obj_cooja/mtype164.a(cooja_mt.o)
 .bss           0x0000000000035378        0x4 obj_cooja/mtype164.a(cooja_mtarch.o)
 .bss           0x000000000003537c        0xc obj_cooja/mtype164.a(rtimer-arch.o)
 .bss           0x0000000000035388        0x0 obj_cooja/mtype164.a(beep.o)
 .bss           0x0000000000035388        0x8 obj_cooja/mtype164.a(button-sensor.o)
 .bss           0x0000000000035390        0x0 obj_cooja/mtype164.a(leds-arch.o)
 .bss           0x0000000000035390        0x0 obj_cooja/mtype164.a(moteid.o)
 .bss           0x0000000000035390        0x1 obj_cooja/mtype164.a(pir-sensor.o)
                0x0000000000035390                simPirValue
 *fill*         0x0000000000035391        0x3 
 .bss           0x0000000000035394        0x4 obj_cooja/mtype164.a(rs232.o)
 .bss           0x0000000000035398        0x1 obj_cooja/mtype164.a(vib-sensor.o)
                0x0000000000035398                simVibValue
 .bss           0x0000000000035399        0x0 obj_cooja/mtype164.a(clock.o)
 *fill*         0x0000000000035399        0x7 
 .bss           0x00000000000353a0      0x420 obj_cooja/mtype164.a(log.o)
 .bss           0x00000000000357c0      0xfc0 obj_cooja/mtype164.a(cfs-cooja.o)
                0x00000000000357c0                simCFSData
                0x0000000000036760                simCFSSize
                0x0000000000036764                simCFSChanged
                0x0000000000036768                simCFSRead
                0x000000000003676c                simCFSWritten
 .bss           0x0000000000036780       0x24 obj_cooja/mtype164.a(cooja-radio.o)
                0x0000000000036780                simReceivingLR
                0x0000000000036784                simInSizeLR
                0x0000000000036788                simOutSizeLR
                0x000000000003678c                simReceiving
                0x0000000000036790                simInSize
                0x0000000000036794                simOutSize
                0x0000000000036798                LongRangeTransmit
                0x000000000003679c                LongRangeReceiving
 .bss           0x00000000000367a4        0xc obj_cooja/mtype164.a(eeprom.o)
                0x00000000000367a4                simEEPROMChanged
                0x00000000000367a8                simEEPROMRead
                0x00000000000367ac                simEEPROMWritten
 .bss           0x00000000000367b0        0x0 obj_cooja/mtype164.a(random.o)
 .bss           0x00000000000367b0        0xc obj_cooja/mtype164.a(sensors.o)
 .bss           0x00000000000367bc        0x1 obj_cooja/mtype164.a(leds.o)
 *fill*         0x00000000000367bd        0x3 
 .bss           0x00000000000367c0       0x40 obj_cooja/mtype164.a(dual_conf.o)
                0x00000000000367c0                long_range_radio
 .bss           0x0000000000036800        0x0 obj_cooja/mtype164.a(autostart.o)
 .bss           0x0000000000036800        0x5 obj_cooja/mtype164.a(ctimer.o)
 *fill*         0x0000000000036805        0x3 
 .bss           0x0000000000036808        0x8 obj_cooja/mtype164.a(etimer.o)
 .bss           0x0000000000036810        0x0 obj_cooja/mtype164.a(log_message.o)
 *fill*         0x0000000000036810       0x10 
 .bss           0x0000000000036820      0x1b1 obj_cooja/mtype164.a(process.o)
                0x0000000000036820                process_list
                0x0000000000036824                process_current
 .bss           0x00000000000369d1        0x0 obj_cooja/mtype164.a(residual.o)
 *fill*         0x00000000000369d1        0x3 
 .bss           0x00000000000369d4        0x4 obj_cooja/mtype164.a(rtimer.o)
 .bss           0x00000000000369d8        0x0 obj_cooja/mtype164.a(stimer.o)
 .bss           0x00000000000369d8        0x0 obj_cooja/mtype164.a(timer.o)
 *fill*         0x00000000000369d8        0x8 
 .bss           0x00000000000369e0      0x140 obj_cooja/mtype164.a(serial-line.o)
 .bss           0x0000000000036b20        0x0 obj_cooja/mtype164.a(list.o)
 .bss           0x0000000000036b20        0x0 obj_cooja/mtype164.a(ringbuf.o)
 .bss           0x0000000000036b20      0x70c obj_cooja/mtype164.a(sicslowpan.o)
 *fill*         0x000000000003722c       0x14 
 .bss           0x0000000000037240       0xc0 obj_cooja/mtype164.a(uip-ds6-nbr.o)
 .bss           0x0000000000037300      0x4a8 obj_cooja/mtype164.a(uip-ds6-route.o)
 .bss           0x00000000000377a8       0x30 obj_cooja/mtype164.a(uip-ds6.o)
 .bss           0x00000000000377d8        0xe obj_cooja/mtype164.a(uip6.o)
                0x00000000000377d8                uip_ext_bitmap
                0x00000000000377d9                uip_ext_len
                0x00000000000377da                uip_ext_opt_offset
 *fill*         0x00000000000377e6       0x1a 
 .bss           0x0000000000037800       0x6b obj_cooja/mtype164.a(tcpip.o)
 .bss           0x000000000003786b        0x0 obj_cooja/mtype164.a(uip-debug.o)
 *fill*         0x000000000003786b       0x15 
 .bss           0x0000000000037880      0xcf8 obj_cooja/mtype164.a(uip-packetqueue)
 .bss           0x0000000000038578        0x0 obj_cooja/mtype164.a(uip-udp-packet.)
 *fill*         0x0000000000038578        0x8 
 .bss           0x0000000000038580       0x88 obj_cooja/mtype164.a(rpl-dag.o)
 .bss           0x0000000000038608        0x0 obj_cooja/mtype164.a(rpl-ext-header.)
 .bss           0x0000000000038608        0x0 obj_cooja/mtype164.a(rpl-icmp6.o)
 .bss           0x0000000000038608        0x0 obj_cooja/mtype164.a(rpl-ltmax.o)
 *fill*         0x0000000000038608       0x18 
 .bss           0x0000000000038620       0x60 obj_cooja/mtype164.a(rpl-timers.o)
 .bss           0x0000000000038680        0x4 obj_cooja/mtype164.a(rpl.o)
 .bss           0x0000000000038684        0x2 obj_cooja/mtype164.a(framer-802154.o)
 .bss           0x0000000000038686        0x0 obj_cooja/mtype164.a(nullmac.o)
 *fill*         0x0000000000038686       0x1a 
 .bss           0x00000000000386a0       0xb0 obj_cooja/mtype164.a(cxmac.o)
 .bss           0x0000000000038750        0x0 obj_cooja/mtype164.a(linkaddr.o)
 *fill*         0x0000000000038750       0x10 
 .bss           0x0000000000038760       0xc4 obj_cooja/mtype164.a(nbr-table.o)
 .bss           0x0000000000038824        0x0 obj_cooja/mtype164.a(netstack.o)
 *fill*         0x0000000000038824       0x1c 
 .bss           0x0000000000038840       0xa0 obj_cooja/mtype164.a(packetbuf.o)
 .bss           0x00000000000388e0      0xb80 obj_cooja/mtype164.a(queuebuf.o)
 .bss           0x0000000000039460        0x0 obj_cooja/mtype164.a(nullsec.o)
 .bss           0x0000000000039460        0x0 obj_cooja/mtype164.a(watchdog.o)
 .bss           0x0000000000039460        0x0 obj_cooja/mtype164.a(rimestats.o)
 .bss           0x0000000000039460        0x0 obj_cooja/mtype164.a(memb.o)
 .bss           0x0000000000039460       0x18 obj_cooja/mtype164.a(uip-icmp6.o)
 .bss           0x0000000000039478        0x0 obj_cooja/mtype164.a(uip-nd6.o)
 *fill*         0x0000000000039478        0x8 
 .bss           0x0000000000039480       0x44 obj_cooja/mtype164.a(rpl-nbr-policy.)
 .bss           0x00000000000394c4        0x0 obj_cooja/mtype164.a(frame802154.o)
 .bss           0x00000000000394c4        0x0 obj_cooja/mtype164.a(mac.o)
 .bss           0x00000000000394c4        0x0 /usr/lib/gcc/i686-linux-gnu/4.8/crtendS.o
 .bss           0x00000000000394c4        0x0 /usr/lib/gcc/i686-linux-gnu/4.8/../../../i386-linux-gnu/crtn.o
 *(COMMON)
 COMMON         0x00000000000394c4       0x6d udp-client.co
                0x00000000000394c4                dio_count
                0x00000000000394c8                dis_count
                0x00000000000394cc                collision_count
                0x00000000000394d0                tcp_output_count
                0x00000000000394d4                transmission_count
                0x00000000000394d8                dao_ack_fwd_count
                0x00000000000394dc                COOJA_radioRxLong
                0x00000000000394e0                LSA_message_input
                0x00000000000394e4                control_message_count
                0x00000000000394e8                dao_count
                0x00000000000394ec                icmp_count
                0x00000000000394f0                COOJA_radioTx
                0x00000000000394f4                LSA_SR_preamble
                0x00000000000394f8                dao_ack_count
                0x00000000000394fc                LSA_lr_child
                0x0000000000039500                data_message_count
                0x0000000000039504                LSA_converge
                0x0000000000039505                my_sink_reachability
                0x0000000000039508                COOJA_radioTxLong
                0x000000000003950c                COOJA_radioRx
                0x0000000000039510                my_parent_number
                0x0000000000039514                COOJA_radioOn
                0x0000000000039518                LSA_count
                0x000000000003951c                dao_fwd_count
                0x0000000000039520                COOJA_duration
                0x0000000000039524                dio_ack_count
                0x0000000000039528                COOJA_radioOnLong
                0x000000000003952c                data_fwd_count
                0x0000000000039530                LSA_message_flag
 *fill*         0x0000000000039531        0x3 
 COMMON         0x0000000000039534        0xc obj_cooja/mtype164.o
                0x0000000000039534                referenceVar
                0x0000000000039538                debugfp
                0x000000000003953c                sensors_flags
 COMMON         0x0000000000039540        0xc obj_cooja/mtype164.a(simEnvChange.o)
                0x0000000000039540                simEtimerPending
                0x0000000000039544                simProcessRunValue
                0x0000000000039548                simNextExpirationTime
 COMMON         0x000000000003954c        0x1 obj_cooja/mtype164.a(beep.o)
                0x000000000003954c                simBeeped
 COMMON         0x000000000003954d        0x3 obj_cooja/mtype164.a(button-sensor.o)
                0x000000000003954d                simButtonIsActive
                0x000000000003954e                simButtonIsDown
                0x000000000003954f                simButtonChanged
 COMMON         0x0000000000039550        0x1 obj_cooja/mtype164.a(leds-arch.o)
                0x0000000000039550                simLedsValue
 *fill*         0x0000000000039551        0x3 
 COMMON         0x0000000000039554        0xc obj_cooja/mtype164.a(moteid.o)
                0x0000000000039554                simRandomSeed
                0x0000000000039558                simMoteIDChanged
                0x000000000003955c                simMoteID
 COMMON         0x0000000000039560        0x2 obj_cooja/mtype164.a(pir-sensor.o)
                0x0000000000039560                simPirIsActive
                0x0000000000039561                simPirChanged
 *fill*         0x0000000000039562       0x1e 
 COMMON         0x0000000000039580      0x820 obj_cooja/mtype164.a(rs232.o)
                0x0000000000039580                simSerialReceivingFlag
                0x0000000000039584                simSerialReceivingLength
                0x00000000000395a0                simSerialReceivingData
 COMMON         0x0000000000039da0        0x2 obj_cooja/mtype164.a(vib-sensor.o)
                0x0000000000039da0                simVibChanged
                0x0000000000039da1                simVibIsActive
 *fill*         0x0000000000039da2        0x2 
 COMMON         0x0000000000039da4        0x4 obj_cooja/mtype164.a(clock.o)
                0x0000000000039da4                simCurrentTime
 *fill*         0x0000000000039da8       0x18 
 COMMON         0x0000000000039dc0      0x420 obj_cooja/mtype164.a(log.o)
                0x0000000000039dc0                simLoggedLength
                0x0000000000039dc4                simLoggedFlag
                0x0000000000039de0                simLoggedData
 COMMON         0x000000000003a1e0      0x240 obj_cooja/mtype164.a(cooja-radio.o)
                0x000000000003a1e0                simOutDataBuffer
                0x000000000003a260                simRadioTarget
                0x000000000003a280                simInDataBufferLR
                0x000000000003a300                simOutDataBufferLR
                0x000000000003a380                dual_duty_cycle_count
                0x000000000003a3a0                simInDataBuffer
 COMMON         0x000000000003a420      0x400 obj_cooja/mtype164.a(eeprom.o)
                0x000000000003a420                simEEPROMData
 COMMON         0x000000000003a820        0x1 obj_cooja/mtype164.a(sensors.o)
                0x000000000003a820                sensors_event
 *fill*         0x000000000003a821        0x3 
 COMMON         0x000000000003a824        0x4 obj_cooja/mtype164.a(log_message.o)
                0x000000000003a824                log_fp
 COMMON         0x000000000003a828        0x1 obj_cooja/mtype164.a(serial-line.o)
                0x000000000003a828                serial_line_event_message
 *fill*         0x000000000003a829       0x17 
 COMMON         0x000000000003a840       0x50 obj_cooja/mtype164.a(uip-ds6-nbr.o)
                0x000000000003a840                ds6_lr_addrmap
 *fill*         0x000000000003a890       0x10 
 COMMON         0x000000000003a8a0      0x298 obj_cooja/mtype164.a(uip-ds6.o)
                0x000000000003a8a0                uip_ds6_prefix_list
                0x000000000003a900                uip_ds6_timer_periodic
                0x000000000003a910                uip_ds6_netif_addr_list_offset
                0x000000000003a920                uip_ds6_if
                0x000000000003aa18                uip_ds6_timer_ra
                0x000000000003aa20                uip_ds6_addr_size
                0x000000000003aa40                long_uip_ds6_if
 *fill*         0x000000000003ab38        0x8 
 COMMON         0x000000000003ab40      0x8ec obj_cooja/mtype164.a(uip6.o)
                0x000000000003ab40                uip_slen
                0x000000000003ab42                uip_acc32
                0x000000000003ab60                uip_conns
                0x000000000003ac20                uip_lladdr
                0x000000000003ac28                uip_appdata
                0x000000000003ac2c                uip_flags
                0x000000000003ac40                uip_aligned_buf
                0x000000000003b280                uip_listenports
                0x000000000003b290                uip_len
                0x000000000003b292                uip_long_lladdr
                0x000000000003b29c                uip_sappdata
                0x000000000003b2a0                uip_udp_conns
                0x000000000003b420                uip_udp_conn
                0x000000000003b424                uip_next_hdr
                0x000000000003b428                uip_conn
 COMMON         0x000000000003b42c        0x1 obj_cooja/mtype164.a(tcpip.o)
                0x000000000003b42c                tcpip_event
 *fill*         0x000000000003b42d       0x13 
 COMMON         0x000000000003b440      0x178 obj_cooja/mtype164.a(rpl-dag.o)
                0x000000000003b440                default_instance
                0x000000000003b460                instance_table
 COMMON         0x000000000003b5b8       0x10 obj_cooja/mtype164.a(linkaddr.o)
                0x000000000003b5b8                linkaddr_node_addr
                0x000000000003b5c0                long_linkaddr_node_addr
 COMMON         0x000000000003b5c8       0x2e obj_cooja/mtype164.a(packetbuf.o)
                0x000000000003b5c8                packetbuf_attrs
                0x000000000003b5e6                packetbuf_addrs
 *fill*         0x000000000003b5f6        0xa 
 COMMON         0x000000000003b600       0x48 obj_cooja/mtype164.a(rimestats.o)
                0x000000000003b600                rimestats
                0x000000000003b648                . = ALIGN ((. != 0x0)?0x4:0x1)
                0x000000000003b648                . = ALIGN (0x4)
                0x000000000003b648                . = SEGMENT_START ("ldata-segment", .)
                0x000000000003b648                . = ALIGN (0x4)
                0x000000000003b648                _end = .
                0x000000000003b648                PROVIDE (end, .)
                0x000000000003b648                . = DATA_SEGMENT_END (.)

.stab
 *(.stab)

.stabstr
 *(.stabstr)

.stab.excl
 *(.stab.excl)

.stab.exclstr
 *(.stab.exclstr)

.stab.index
 *(.stab.index)

.stab.indexstr
 *(.stab.indexstr)

.comment        0x0000000000000000       0x29
 *(.comment)
 .comment       0x0000000000000000       0x29 /usr/lib/gcc/i686-linux-gnu/4.8/crtbeginS.o
                                         0x2a (size before relaxing)
 .comment       0x0000000000000000       0x2a udp-client.co
 .comment       0x0000000000000000       0x2a obj_cooja/mtype164.o
 .comment       0x0000000000000000       0x2a obj_cooja/mtype164.a(simEnvChange.o)
 .comment       0x0000000000000000       0x2a obj_cooja/mtype164.a(cooja_mt.o)
 .comment       0x0000000000000000       0x2a obj_cooja/mtype164.a(cooja_mtarch.o)
 .comment       0x0000000000000000       0x2a obj_cooja/mtype164.a(rtimer-arch.o)
 .comment       0x0000000000000000       0x2a obj_cooja/mtype164.a(beep.o)
 .comment       0x0000000000000000       0x2a obj_cooja/mtype164.a(button-sensor.o)
 .comment       0x0000000000000000       0x2a obj_cooja/mtype164.a(leds-arch.o)
 .comment       0x0000000000000000       0x2a obj_cooja/mtype164.a(moteid.o)
 .comment       0x0000000000000000       0x2a obj_cooja/mtype164.a(pir-sensor.o)
 .comment       0x0000000000000000       0x2a obj_cooja/mtype164.a(rs232.o)
 .comment       0x0000000000000000       0x2a obj_cooja/mtype164.a(vib-sensor.o)
 .comment       0x0000000000000000       0x2a obj_cooja/mtype164.a(clock.o)
 .comment       0x0000000000000000       0x2a obj_cooja/mtype164.a(log.o)
 .comment       0x0000000000000000       0x2a obj_cooja/mtype164.a(cfs-cooja.o)
 .comment       0x0000000000000000       0x2a obj_cooja/mtype164.a(cooja-radio.o)
 .comment       0x0000000000000000       0x2a obj_cooja/mtype164.a(eeprom.o)
 .comment       0x0000000000000000       0x2a obj_cooja/mtype164.a(random.o)
 .comment       0x0000000000000000       0x2a obj_cooja/mtype164.a(sensors.o)
 .comment       0x0000000000000000       0x2a obj_cooja/mtype164.a(leds.o)
 .comment       0x0000000000000000       0x2a obj_cooja/mtype164.a(dual_conf.o)
 .comment       0x0000000000000000       0x2a obj_cooja/mtype164.a(autostart.o)
 .comment       0x0000000000000000       0x2a obj_cooja/mtype164.a(ctimer.o)
 .comment       0x0000000000000000       0x2a obj_cooja/mtype164.a(etimer.o)
 .comment       0x0000000000000000       0x2a obj_cooja/mtype164.a(log_message.o)
 .comment       0x0000000000000000       0x2a obj_cooja/mtype164.a(process.o)
 .comment       0x0000000000000000       0x2a obj_cooja/mtype164.a(residual.o)
 .comment       0x0000000000000000       0x2a obj_cooja/mtype164.a(rtimer.o)
 .comment       0x0000000000000000       0x2a obj_cooja/mtype164.a(stimer.o)
 .comment       0x0000000000000000       0x2a obj_cooja/mtype164.a(timer.o)
 .comment       0x0000000000000000       0x2a obj_cooja/mtype164.a(serial-line.o)
 .comment       0x0000000000000000       0x2a obj_cooja/mtype164.a(list.o)
 .comment       0x0000000000000000       0x2a obj_cooja/mtype164.a(ringbuf.o)
 .comment       0x0000000000000000       0x2a obj_cooja/mtype164.a(sicslowpan.o)
 .comment       0x0000000000000000       0x2a obj_cooja/mtype164.a(uip-ds6-nbr.o)
 .comment       0x0000000000000000       0x2a obj_cooja/mtype164.a(uip-ds6-route.o)
 .comment       0x0000000000000000       0x2a obj_cooja/mtype164.a(uip-ds6.o)
 .comment       0x0000000000000000       0x2a obj_cooja/mtype164.a(uip6.o)
 .comment       0x0000000000000000       0x2a obj_cooja/mtype164.a(tcpip.o)
 .comment       0x0000000000000000       0x2a obj_cooja/mtype164.a(uip-debug.o)
 .comment       0x0000000000000000       0x2a obj_cooja/mtype164.a(uip-packetqueue)
 .comment       0x0000000000000000       0x2a obj_cooja/mtype164.a(uip-udp-packet.)
 .comment       0x0000000000000000       0x2a obj_cooja/mtype164.a(rpl-dag.o)
 .comment       0x0000000000000000       0x2a obj_cooja/mtype164.a(rpl-ext-header.)
 .comment       0x0000000000000000       0x2a obj_cooja/mtype164.a(rpl-icmp6.o)
 .comment       0x0000000000000000       0x2a obj_cooja/mtype164.a(rpl-ltmax.o)
 .comment       0x0000000000000000       0x2a obj_cooja/mtype164.a(rpl-timers.o)
 .comment       0x0000000000000000       0x2a obj_cooja/mtype164.a(rpl.o)
 .comment       0x0000000000000000       0x2a obj_cooja/mtype164.a(framer-802154.o)
 .comment       0x0000000000000000       0x2a obj_cooja/mtype164.a(nullmac.o)
 .comment       0x0000000000000000       0x2a obj_cooja/mtype164.a(cxmac.o)
 .comment       0x0000000000000000       0x2a obj_cooja/mtype164.a(linkaddr.o)
 .comment       0x0000000000000000       0x2a obj_cooja/mtype164.a(nbr-table.o)
 .comment       0x0000000000000000       0x2a obj_cooja/mtype164.a(netstack.o)
 .comment       0x0000000000000000       0x2a obj_cooja/mtype164.a(packetbuf.o)
 .comment       0x0000000000000000       0x2a obj_cooja/mtype164.a(queuebuf.o)
 .comment       0x0000000000000000       0x2a obj_cooja/mtype164.a(nullsec.o)
 .comment       0x0000000000000000       0x2a obj_cooja/mtype164.a(watchdog.o)
 .comment       0x0000000000000000       0x2a obj_cooja/mtype164.a(rimestats.o)
 .comment       0x0000000000000000       0x2a obj_cooja/mtype164.a(memb.o)
 .comment       0x0000000000000000       0x2a obj_cooja/mtype164.a(uip-icmp6.o)
 .comment       0x0000000000000000       0x2a obj_cooja/mtype164.a(uip-nd6.o)
 .comment       0x0000000000000000       0x2a obj_cooja/mtype164.a(rpl-nbr-policy.)
 .comment       0x0000000000000000       0x2a obj_cooja/mtype164.a(frame802154.o)
 .comment       0x0000000000000000       0x2a obj_cooja/mtype164.a(mac.o)
 .comment       0x0000000000000000       0x2a /usr/lib/gcc/i686-linux-gnu/4.8/crtendS.o

.debug
 *(.debug)

.line
 *(.line)

.debug_srcinfo
 *(.debug_srcinfo)

.debug_sfnames
 *(.debug_sfnames)

.debug_aranges  0x0000000000000000      0x838
 *(.debug_aranges)
 .debug_aranges
                0x0000000000000000       0x20 udp-client.co
 .debug_aranges
                0x0000000000000020       0x20 obj_cooja/mtype164.o
 .debug_aranges
                0x0000000000000040       0x20 obj_cooja/mtype164.a(simEnvChange.o)
 .debug_aranges
                0x0000000000000060       0x20 obj_cooja/mtype164.a(cooja_mt.o)
 .debug_aranges
                0x0000000000000080       0x20 obj_cooja/mtype164.a(cooja_mtarch.o)
 .debug_aranges
                0x00000000000000a0       0x20 obj_cooja/mtype164.a(rtimer-arch.o)
 .debug_aranges
                0x00000000000000c0       0x20 obj_cooja/mtype164.a(beep.o)
 .debug_aranges
                0x00000000000000e0       0x20 obj_cooja/mtype164.a(button-sensor.o)
 .debug_aranges
                0x0000000000000100       0x20 obj_cooja/mtype164.a(leds-arch.o)
 .debug_aranges
                0x0000000000000120       0x20 obj_cooja/mtype164.a(moteid.o)
 .debug_aranges
                0x0000000000000140       0x20 obj_cooja/mtype164.a(pir-sensor.o)
 .debug_aranges
                0x0000000000000160       0x20 obj_cooja/mtype164.a(rs232.o)
 .debug_aranges
                0x0000000000000180       0x20 obj_cooja/mtype164.a(vib-sensor.o)
 .debug_aranges
                0x00000000000001a0       0x20 obj_cooja/mtype164.a(clock.o)
 .debug_aranges
                0x00000000000001c0       0x20 obj_cooja/mtype164.a(log.o)
 .debug_aranges
                0x00000000000001e0       0x20 obj_cooja/mtype164.a(cfs-cooja.o)
 .debug_aranges
                0x0000000000000200       0x20 obj_cooja/mtype164.a(cooja-radio.o)
 .debug_aranges
                0x0000000000000220       0x20 obj_cooja/mtype164.a(eeprom.o)
 .debug_aranges
                0x0000000000000240       0x20 obj_cooja/mtype164.a(random.o)
 .debug_aranges
                0x0000000000000260       0x20 obj_cooja/mtype164.a(sensors.o)
 .debug_aranges
                0x0000000000000280       0x20 obj_cooja/mtype164.a(leds.o)
 .debug_aranges
                0x00000000000002a0       0x20 obj_cooja/mtype164.a(dual_conf.o)
 .debug_aranges
                0x00000000000002c0       0x20 obj_cooja/mtype164.a(autostart.o)
 .debug_aranges
                0x00000000000002e0       0x20 obj_cooja/mtype164.a(ctimer.o)
 .debug_aranges
                0x0000000000000300       0x20 obj_cooja/mtype164.a(etimer.o)
 .debug_aranges
                0x0000000000000320       0x20 obj_cooja/mtype164.a(log_message.o)
 .debug_aranges
                0x0000000000000340       0x20 obj_cooja/mtype164.a(process.o)
 .debug_aranges
                0x0000000000000360       0x20 obj_cooja/mtype164.a(residual.o)
 .debug_aranges
                0x0000000000000380       0x20 obj_cooja/mtype164.a(rtimer.o)
 .debug_aranges
                0x00000000000003a0       0x20 obj_cooja/mtype164.a(stimer.o)
 .debug_aranges
                0x00000000000003c0       0x20 obj_cooja/mtype164.a(timer.o)
 .debug_aranges
                0x00000000000003e0       0x20 obj_cooja/mtype164.a(serial-line.o)
 .debug_aranges
                0x0000000000000400       0x20 obj_cooja/mtype164.a(list.o)
 .debug_aranges
                0x0000000000000420       0x20 obj_cooja/mtype164.a(ringbuf.o)
 .debug_aranges
                0x0000000000000440       0x20 obj_cooja/mtype164.a(sicslowpan.o)
 .debug_aranges
                0x0000000000000460       0x20 obj_cooja/mtype164.a(uip-ds6-nbr.o)
 .debug_aranges
                0x0000000000000480       0x20 obj_cooja/mtype164.a(uip-ds6-route.o)
 .debug_aranges
                0x00000000000004a0       0x20 obj_cooja/mtype164.a(uip-ds6.o)
 .debug_aranges
                0x00000000000004c0       0x20 obj_cooja/mtype164.a(uip6.o)
 .debug_aranges
                0x00000000000004e0       0x20 obj_cooja/mtype164.a(tcpip.o)
 .debug_aranges
                0x0000000000000500       0x20 obj_cooja/mtype164.a(uip-debug.o)
 .debug_aranges
                0x0000000000000520       0x20 obj_cooja/mtype164.a(uip-packetqueue)
 .debug_aranges
                0x0000000000000540       0x20 obj_cooja/mtype164.a(uip-udp-packet.)
 .debug_aranges
                0x0000000000000560       0x20 obj_cooja/mtype164.a(rpl-dag.o)
 .debug_aranges
                0x0000000000000580       0x20 obj_cooja/mtype164.a(rpl-ext-header.)
 .debug_aranges
                0x00000000000005a0       0x20 obj_cooja/mtype164.a(rpl-icmp6.o)
 .debug_aranges
                0x00000000000005c0       0x20 obj_cooja/mtype164.a(rpl-ltmax.o)
 .debug_aranges
                0x00000000000005e0       0x20 obj_cooja/mtype164.a(rpl-timers.o)
 .debug_aranges
                0x0000000000000600       0x20 obj_cooja/mtype164.a(rpl.o)
 .debug_aranges
                0x0000000000000620       0x20 obj_cooja/mtype164.a(framer-802154.o)
 .debug_aranges
                0x0000000000000640       0x20 obj_cooja/mtype164.a(nullmac.o)
 .debug_aranges
                0x0000000000000660       0x20 obj_cooja/mtype164.a(cxmac.o)
 .debug_aranges
                0x0000000000000680       0x20 obj_cooja/mtype164.a(linkaddr.o)
 .debug_aranges
                0x00000000000006a0       0x20 obj_cooja/mtype164.a(nbr-table.o)
 .debug_aranges
                0x00000000000006c0       0x20 obj_cooja/mtype164.a(netstack.o)
 .debug_aranges
                0x00000000000006e0       0x20 obj_cooja/mtype164.a(packetbuf.o)
 .debug_aranges
                0x0000000000000700       0x20 obj_cooja/mtype164.a(queuebuf.o)
 .debug_aranges
                0x0000000000000720       0x20 obj_cooja/mtype164.a(nullsec.o)
 .debug_aranges
                0x0000000000000740       0x20 obj_cooja/mtype164.a(watchdog.o)
 .debug_aranges
                0x0000000000000760       0x18 obj_cooja/mtype164.a(rimestats.o)
 .debug_aranges
                0x0000000000000778       0x20 obj_cooja/mtype164.a(memb.o)
 .debug_aranges