Archive member included to satisfy reference by file (symbol)

obj_cooja/mtype851.a(simEnvChange.o)
                              obj_cooja/mtype851.o (simDontFallAsleep)
obj_cooja/mtype851.a(cooja_mt.o)
                              obj_cooja/mtype851.o (cooja_mt_start)
obj_cooja/mtype851.a(cooja_mtarch.o)
                              obj_cooja/mtype851.a(cooja_mt.o) (cooja_mtarch_init)
obj_cooja/mtype851.a(rtimer-arch.o)
                              obj_cooja/mtype851.o (rtimer_arch_next)
obj_cooja/mtype851.a(beep.o)  obj_cooja/mtype851.o (beep_interface)
obj_cooja/mtype851.a(button-sensor.o)
                              obj_cooja/mtype851.o (button_interface)
obj_cooja/mtype851.a(leds-arch.o)
                              obj_cooja/mtype851.o (leds_interface)
obj_cooja/mtype851.a(moteid.o)
                              obj_cooja/mtype851.o (moteid_interface)
obj_cooja/mtype851.a(pir-sensor.o)
                              obj_cooja/mtype851.o (pir_interface)
obj_cooja/mtype851.a(rs232.o)
                              obj_cooja/mtype851.o (rs232_interface)
obj_cooja/mtype851.a(vib-sensor.o)
                              obj_cooja/mtype851.o (vib_interface)
obj_cooja/mtype851.a(clock.o)
                              obj_cooja/mtype851.o (clock_interface)
obj_cooja/mtype851.a(log.o)   obj_cooja/mtype851.o (simlog_interface)
obj_cooja/mtype851.a(cfs-cooja.o)
                              obj_cooja/mtype851.o (cfs_interface)
obj_cooja/mtype851.a(cooja-radio.o)
                              obj_cooja/mtype851.o (radio_interface)
obj_cooja/mtype851.a(eeprom.o)
                              obj_cooja/mtype851.o (eeprom_interface)
obj_cooja/mtype851.a(random.o)
                              obj_cooja/mtype851.a(moteid.o) (random_init)
obj_cooja/mtype851.a(sensors.o)
                              obj_cooja/mtype851.o (sensors_process)
obj_cooja/mtype851.a(dual_conf.o)
                              obj_cooja/mtype851.a(cooja-radio.o) (long_range_radio)
obj_cooja/mtype851.a(autostart.o)
                              obj_cooja/mtype851.o (autostart_start)
obj_cooja/mtype851.a(ctimer.o)
                              obj_cooja/mtype851.o (ctimer_init)
obj_cooja/mtype851.a(etimer.o)
                              obj_cooja/mtype851.o (etimer_process)
obj_cooja/mtype851.a(log_message.o)
                              obj_cooja/mtype851.o (log_initialization)
obj_cooja/mtype851.a(process.o)
                              udp-client.co (process_current)
obj_cooja/mtype851.a(residual.o)
                              udp-client.co (get_residual_energy)
obj_cooja/mtype851.a(rtimer.o)
                              obj_cooja/mtype851.a(rtimer-arch.o) (rtimer_run_next)
obj_cooja/mtype851.a(stimer.o)
                              udp-client.co (stimer_remaining)
obj_cooja/mtype851.a(timer.o)
                              obj_cooja/mtype851.a(button-sensor.o) (timer_set)
obj_cooja/mtype851.a(serial-line.o)
                              udp-client.co (serial_line_event_message)
obj_cooja/mtype851.a(list.o)  obj_cooja/mtype851.a(ctimer.o) (list_init)
obj_cooja/mtype851.a(ringbuf.o)
                              obj_cooja/mtype851.a(serial-line.o) (ringbuf_init)
obj_cooja/mtype851.a(sicslowpan.o)
                              obj_cooja/mtype851.o (sicslowpan_driver)
obj_cooja/mtype851.a(uip-ds6-nbr.o)
                              obj_cooja/mtype851.a(sicslowpan.o) (uip_ds6_link_neighbor_callback)
obj_cooja/mtype851.a(uip-ds6-route.o)
                              udp-client.co (uip_ds6_route_nexthop)
obj_cooja/mtype851.a(uip-ds6.o)
                              udp-client.co (uip_ds6_if)
obj_cooja/mtype851.a(uip6.o)  udp-client.co (uip_lladdr)
obj_cooja/mtype851.a(tcpip.o)
                              udp-client.co (tcpip_event)
obj_cooja/mtype851.a(uip-debug.o)
                              udp-client.co (uip_debug_ipaddr_print)
obj_cooja/mtype851.a(uip-packetqueue)
                              obj_cooja/mtype851.a(uip-ds6-nbr.o) (uip_packetqueue_new)
obj_cooja/mtype851.a(uip-udp-packet.)
                              udp-client.co (uip_udp_packet_sendto)
obj_cooja/mtype851.a(rpl-dag.o)
                              obj_cooja/mtype851.a(tcpip.o) (rpl_repair_root)
obj_cooja/mtype851.a(rpl-ext-header.)
                              obj_cooja/mtype851.a(uip6.o) (rpl_verify_header)
obj_cooja/mtype851.a(rpl-icmp6.o)
                              obj_cooja/mtype851.a(rpl-dag.o) (rpl_icmp6_update_nbr_table)
obj_cooja/mtype851.a(rpl-ltmax.o)
                              obj_cooja/mtype851.a(rpl-dag.o) (rpl_ltmax_of)
obj_cooja/mtype851.a(rpl-timers.o)
                              obj_cooja/mtype851.a(rpl-dag.o) (rpl_reset_dio_timer)
obj_cooja/mtype851.a(rpl.o)   obj_cooja/mtype851.a(rpl-icmp6.o) (rpl_get_mode)
obj_cooja/mtype851.a(framer-802154.o)
                              obj_cooja/mtype851.a(sicslowpan.o) (framer_802154)
obj_cooja/mtype851.a(nullmac.o)
                              obj_cooja/mtype851.o (nullmac_driver)
[...]
Memory Configuration

Name             Origin             Length             Attributes
*default*        0x0000000000000000 0xffffffffffffffff

Linker script and memory map

LOAD /usr/lib/gcc/i686-linux-gnu/4.8/../../../i386-linux-gnu/crti.o
LOAD /usr/lib/gcc/i686-linux-gnu/4.8/crtbeginS.o
LOAD udp-client.co
LOAD obj_cooja/mtype851.o
LOAD obj_cooja/mtype851.a
LOAD /usr/lib/gcc/i686-linux-gnu/4.8/libgcc.a
LOAD /usr/lib/gcc/i686-linux-gnu/4.8/libgcc_s.so
LOAD /usr/lib/gcc/i686-linux-gnu/4.8/../../../i386-linux-gnu/libc.so
START GROUP
LOAD /lib/i386-linux-gnu/libc.so.6
LOAD /usr/lib/i386-linux-gnu/libc_nonshared.a
LOAD /lib/i386-linux-gnu/ld-linux.so.2
END GROUP
LOAD /usr/lib/gcc/i686-linux-gnu/4.8/libgcc.a
LOAD /usr/lib/gcc/i686-linux-gnu/4.8/libgcc_s.so
LOAD /usr/lib/gcc/i686-linux-gnu/4.8/crtendS.o
LOAD /usr/lib/gcc/i686-linux-gnu/4.8/../../../i386-linux-gnu/crtn.o
                0x0000000000000114                . = (0x0 + SIZEOF_HEADERS)

.note.gnu.build-id
                0x0000000000000114       0x24
 *(.note.gnu.build-id)
 .note.gnu.build-id
                0x0000000000000114       0x24 /usr/lib/gcc/i686-linux-gnu/4.8/../../../i386-linux-gnu/crti.o

.hash
 *(.hash)

.gnu.hash       0x0000000000000138     0x1374
 *(.gnu.hash)
 .gnu.hash      0x0000000000000138     0x1374 /usr/lib/gcc/i686-linux-gnu/4.8/../../../i386-linux-gnu/crti.o

.dynsym         0x00000000000014ac     0x2630
 *(.dynsym)
 .dynsym        0x00000000000014ac     0x2630 /usr/lib/gcc/i686-linux-gnu/4.8/../../../i386-linux-gnu/crti.o

.dynstr         0x0000000000003adc     0x273a
 *(.dynstr)
 .dynstr        0x0000000000003adc     0x273a /usr/lib/gcc/i686-linux-gnu/4.8/../../../i386-linux-gnu/crti.o

.gnu.version    0x0000000000006216      0x4c6
 *(.gnu.version)
 .gnu.version   0x0000000000006216      0x4c6 /usr/lib/gcc/i686-linux-gnu/4.8/../../../i386-linux-gnu/crti.o

.gnu.version_d  0x00000000000066dc        0x0
 *(.gnu.version_d)
 .gnu.version_d
                0x0000000000000000        0x0 /usr/lib/gcc/i686-linux-gnu/4.8/../../../i386-linux-gnu/crti.o

.gnu.version_r  0x00000000000066dc       0x50
 *(.gnu.version_r)
 .gnu.version_r
                0x00000000000066dc       0x50 /usr/lib/gcc/i686-linux-gnu/4.8/../../../i386-linux-gnu/crti.o

.rel.dyn        0x000000000000672c     0xa6b0
 *(.rel.init)
 .rel.init      0x0000000000000000        0x0 /usr/lib/gcc/i686-linux-gnu/4.8/../../../i386-linux-gnu/crti.o
 *(.rel.text .rel.text.* .rel.gnu.linkonce.t.*)
 .rel.text      0x000000000000672c     0x9f10 /usr/lib/gcc/i686-linux-gnu/4.8/../../../i386-linux-gnu/crti.o
 *(.rel.fini)
 .rel.fini      0x0000000000000000        0x0 /usr/lib/gcc/i686-linux-gnu/4.8/../../../i386-linux-gnu/crti.o
 *(.rel.rodata .rel.rodata.* .rel.gnu.linkonce.r.*)
 .rel.rodata    0x000000000001063c      0x4e0 /usr/lib/gcc/i686-linux-gnu/4.8/../../../i386-linux-gnu/crti.o
 *(.rel.data.rel.ro .rel.data.rel.ro.* .rel.gnu.linkonce.d.rel.ro.*)
 *(.rel.data .rel.data.* .rel.gnu.linkonce.d.*)
 .rel.data.rel  0x0000000000010b1c        0x8 /usr/lib/gcc/i686-linux-gnu/4.8/../../../i386-linux-gnu/crti.o
 .rel.data      0x0000000000010b24      0x280 /usr/lib/gcc/i686-linux-gnu/4.8/../../../i386-linux-gnu/crti.o
 *(.rel.tdata .rel.tdata.* .rel.gnu.linkonce.td.*)
 *(.rel.tbss .rel.tbss.* .rel.gnu.linkonce.tb.*)
 *(.rel.ctors)
 *(.rel.dtors)
 *(.rel.got)
 .rel.got       0x0000000000010da4       0x28 /usr/lib/gcc/i686-linux-gnu/4.8/../../../i386-linux-gnu/crti.o
 *(.rel.bss .rel.bss.* .rel.gnu.linkonce.b.*)
 *(.rel.ifunc)
 .rel.ifunc     0x0000000000000000        0x0 /usr/lib/gcc/i686-linux-gnu/4.8/../../../i386-linux-gnu/crti.o
 .rel.fini_array
                0x0000000000010dcc        0x8 /usr/lib/gcc/i686-linux-gnu/4.8/../../../i386-linux-gnu/crti.o
 .rel.init_array
                0x0000000000010dd4        0x8 /usr/lib/gcc/i686-linux-gnu/4.8/../../../i386-linux-gnu/crti.o

.rel.plt        0x0000000000010ddc       0x10
 *(.rel.plt)
 .rel.plt       0x0000000000010ddc       0x10 /usr/lib/gcc/i686-linux-gnu/4.8/../../../i386-linux-gnu/crti.o
 *(.rel.iplt)

.init           0x0000000000010dec       0x23
 *(SORT(.init))
 .init          0x0000000000010dec       0x1e /usr/lib/gcc/i686-linux-gnu/4.8/../../../i386-linux-gnu/crti.o
                0x0000000000010dec                _init
 .init          0x0000000000010e0a        0x5 /usr/lib/gcc/i686-linux-gnu/4.8/../../../i386-linux-gnu/crtn.o

.plt            0x0000000000010e10       0x30
 *(.plt)
 .plt           0x0000000000010e10       0x30 /usr/lib/gcc/i686-linux-gnu/4.8/../../../i386-linux-gnu/crti.o
 *(.iplt)

.text           0x0000000000010e40    0x18197
 *(.text.unlikely .text.*_unlikely .text.unlikely.*)
 *(.text.exit .text.exit.*)
 *(.text.startup .text.startup.*)
 *(.text.hot .text.hot.*)
 *(.text .stub .text.* .gnu.linkonce.t.*)
 .text          0x0000000000010e40        0x0 /usr/lib/gcc/i686-linux-gnu/4.8/../../../i386-linux-gnu/crti.o
 .gnu.linkonce.t.__x86.get_pc_thunk.bx
                0x0000000000010e40        0x4 /usr/lib/gcc/i686-linux-gnu/4.8/../../../i386-linux-gnu/crti.o
                0x0000000000010e40                __x86.get_pc_thunk.bx
 *fill*         0x0000000000010e44        0xc 
 .text          0x0000000000010e50      0x11b /usr/lib/gcc/i686-linux-gnu/4.8/crtbeginS.o
 .text          0x0000000000010f6b      0x784 udp-client.co
 .text          0x00000000000116ef      0x96a obj_cooja/mtype851.o
                0x000000000001189d                contiki_init
                0x0000000000011e70                Java_org_contikios_cooja_corecomm_Lib38_init
                0x0000000000011eb0                Java_org_contikios_cooja_corecomm_Lib38_getMemory
                0x0000000000011ef0                Java_org_contikios_cooja_corecomm_Lib38_setMemory
                0x0000000000011f67                Java_org_contikios_cooja_corecomm_Lib38_tick
                0x0000000000012047                Java_org_contikios_cooja_corecomm_Lib38_setReferenceAddress
 .text          0x0000000000012059       0x63 obj_cooja/mtype851.a(simEnvChange.o)
                0x0000000000012059                doActionsBeforeTick
                0x000000000001208a                doActionsAfterTick
 .text          0x00000000000120bc       0xbc obj_cooja/mtype851.a(cooja_mt.o)
                0x00000000000120bc                cooja_mt_init
                0x00000000000120c9                cooja_mt_remove
                0x00000000000120d6                cooja_mt_start
                0x0000000000012103                cooja_mt_exec
                0x0000000000012134                cooja_mt_exit
                0x0000000000012156                cooja_mt_yield
 .text          0x0000000000012178      0x115 obj_cooja/mtype851.a(cooja_mtarch.o)
                0x0000000000012178                cooja_mtarch_init
                0x000000000001217d                cooja_mtarch_start
                0x00000000000121f8                cooja_sw
                0x000000000001221a                cooja_mtarch_exec
                0x0000000000012236                cooja_mtarch_remove
                0x000000000001223b                cooja_mtarch_yield
                0x0000000000012245                cooja_mtarch_pstop
                0x000000000001224a                cooja_mtarch_pstart
                0x000000000001224f                cooja_mtarch_stack_usage
 .text          0x000000000001228d       0xc2 obj_cooja/mtype851.a(rtimer-arch.o)
                0x000000000001228d                rtimer_arch_init
                0x00000000000122b0                rtimer_arch_schedule
                0x00000000000122c7                rtimer_arch_next
                0x00000000000122d1                rtimer_arch_pending
                0x00000000000122db                rtimer_arch_check
                0x000000000001230d                rtimer_arch_now
 .text          0x000000000001234f       0x76 obj_cooja/mtype851.a(beep.o)
                0x000000000001234f                beep_alarm
                0x000000000001235b                beep_beep
                0x0000000000012367                beep
                0x0000000000012373                beep_down
                0x000000000001237f                beep_on
                0x000000000001238b                beep_off
                0x0000000000012397                beep_spinup
                0x00000000000123a3                beep_quick
                0x00000000000123af                beep_long
 .text          0x00000000000123c5      0x103 obj_cooja/mtype851.a(button-sensor.o)
 .text          0x00000000000124c8       0x45 obj_cooja/mtype851.a(leds-arch.o)
                0x00000000000124c8                leds_arch_init
                0x00000000000124d4                leds_arch_get
                0x00000000000124e0                leds_arch_set
 .text          0x000000000001250d       0x2f obj_cooja/mtype851.a(moteid.o)
 .text          0x000000000001253c       0xb1 obj_cooja/mtype851.a(pir-sensor.o)
 .text          0x00000000000125ed      0x131 obj_cooja/mtype851.a(rs232.o)
                0x00000000000125ed                rs232_init
                0x00000000000125f2                rs232_set_speed
                0x0000000000012600                rs232_set_input
                0x000000000001260d                rs232_send
                0x000000000001262f                rs232_print
                0x000000000001264a                slip_arch_writeb
 .text          0x000000000001271e       0xb1 obj_cooja/mtype851.a(vib-sensor.o)
 .text          0x00000000000127cf       0x34 obj_cooja/mtype851.a(clock.o)
                0x00000000000127cf                clock_init
                0x00000000000127d4                clock_time
                0x00000000000127de                clock_seconds
                0x00000000000127f4                clock_delay
 .text          0x0000000000012803      0x1ed obj_cooja/mtype851.a(log.o)
                0x0000000000012803                simlog_char
                0x0000000000012845                simlog
                0x00000000000128b2                log_message
                0x00000000000128da                log_set_putchar_with_slip
                0x00000000000128e7                log_putchar
                0x000000000001296b                log_puts
                0x000000000001298f                log_printf
 .text          0x00000000000129f0      0x2c4 obj_cooja/mtype851.a(cfs-cooja.o)
                0x00000000000129f0                cfs_open
                0x0000000000012a59                cfs_close
                0x0000000000012a65                cfs_read
                0x0000000000012b03                cfs_write
                0x0000000000012be0                cfs_seek
                0x0000000000012c68                cfs_remove
                0x0000000000012c91                cfs_opendir
                0x0000000000012c9b                cfs_readdir
                0x0000000000012ca5                cfs_closedir
 .text          0x0000000000012cb4      0x690 obj_cooja/mtype851.a(cooja-radio.o)
                0x0000000000012cde                radio_set_channel
                0x0000000000012cf3                radio_set_txpower
                0x0000000000012d13                radio_signal_strength_last
                0x0000000000012d1d                radio_signal_strength_current
                0x0000000000012d27                radio_LQI
 .text          0x0000000000013344       0xef obj_cooja/mtype851.a(eeprom.o)
                0x0000000000013344                eeprom_init
                0x0000000000013349                eeprom_read
                0x00000000000133b9                eeprom_write
 .text          0x0000000000013433       0x28 obj_cooja/mtype851.a(random.o)
                0x0000000000013433                random_init
                0x000000000001344e                random_rand
 .text          0x000000000001345b      0x2a1 obj_cooja/mtype851.a(sensors.o)
                0x0000000000013496                sensors_first
                0x00000000000134a0                sensors_next
                0x00000000000134bd                sensors_changed
                0x00000000000134ec                sensors_find
 .text          0x00000000000136fc      0x31a obj_cooja/mtype851.a(dual_conf.o)
                0x00000000000136fc                dual_radio_switch
                0x000000000001373c                dual_radio_change
                0x0000000000013776                sending_in_LR
                0x00000000000137a1                dual_radio_received
                0x00000000000137f4                radio_received_is_longrange
                0x000000000001380f                dual_radio_turn_on
                0x0000000000013832                dual_radio_turn_off
                0x00000000000139cc                dio_broadcast
                0x00000000000139f5                dis_broadcast
 .text          0x0000000000013a16       0x8e obj_cooja/mtype851.a(autostart.o)
                0x0000000000013a16                autostart_start
                0x0000000000013a61                autostart_exit
 .text          0x0000000000013aa4      0x334 obj_cooja/mtype851.a(ctimer.o)
                0x0000000000013bbb                ctimer_init
                0x0000000000013beb                ctimer_set
                0x0000000000013c1c                ctimer_set_with_process
                0x0000000000013c98                ctimer_reset
                0x0000000000013ce7                ctimer_restart
                0x0000000000013d36                ctimer_stop
                0x0000000000013d81                ctimer_expired
 .text          0x0000000000013dd8      0x40b obj_cooja/mtype851.a(etimer.o)
                0x0000000000013feb                etimer_request_poll
                0x000000000001406f                etimer_set
                0x0000000000014094                etimer_reset_with_new_interval
                0x00000000000140bb                etimer_reset
                0x00000000000140d9                etimer_restart
                0x00000000000140f7                etimer_adjust
                0x0000000000014113                etimer_expired
                0x0000000000014126                etimer_expiration_time
                0x0000000000014138                etimer_start_time
                0x0000000000014142                etimer_pending
                0x0000000000014154                etimer_next_expiration_time
                0x000000000001416e                etimer_stop
 .text          0x00000000000141e3       0xdd obj_cooja/mtype851.a(log_message.o)
                0x00000000000141e3                log_initialization
                0x000000000001429f                log_finisher
 .text          0x00000000000142c0      0x560 obj_cooja/mtype851.a(process.o)
                0x00000000000142c0                process_alloc_event
                0x00000000000142d5                process_start
                0x00000000000144be                process_exit
                0x00000000000144da                process_init
                0x00000000000146ab                process_run
                0x00000000000146de                process_nevents
                0x00000000000146f9                process_post
                0x00000000000147a5                process_post_synch
                0x00000000000147dd                process_poll
                0x000000000001480c                process_is_running
 .text          0x0000000000014820       0xd3 obj_cooja/mtype851.a(residual.o)
                0x0000000000014820                get_residual_energy
 .text          0x00000000000148f3       0xba obj_cooja/mtype851.a(rtimer.o)
                0x00000000000148f3                rtimer_init
                0x0000000000014900                rtimer_set
                0x0000000000014957                rtimer_run_next
 .text          0x00000000000149ad       0xa3 obj_cooja/mtype851.a(stimer.o)
                0x00000000000149ad                stimer_set
                0x00000000000149c8                stimer_reset
                0x00000000000149df                stimer_restart
                0x00000000000149f1                stimer_expired
                0x0000000000014a18                stimer_remaining
                0x0000000000014a3c                stimer_elapsed
 .text          0x0000000000014a50       0x91 obj_cooja/mtype851.a(timer.o)
                0x0000000000014a50                timer_set
                0x0000000000014a6b                timer_reset
                0x0000000000014a82                timer_restart
                0x0000000000014a94                timer_expired
                0x0000000000014abd                timer_remaining
 .text          0x0000000000014ae1      0x1fb obj_cooja/mtype851.a(serial-line.o)
                0x0000000000014ae1                serial_line_input_byte
                0x0000000000014ca4                serial_line_init
 .text          0x0000000000014cdc      0x244 obj_cooja/mtype851.a(list.o)
                0x0000000000014cdc                list_init
                0x0000000000014cea                list_head
                0x0000000000014cf4                list_copy
                0x0000000000014d03                list_tail
                0x0000000000014d39                list_add
                0x0000000000014d82                list_push
                0x0000000000014dae                list_chop
                0x0000000000014e18                list_pop
                0x0000000000014e40                list_remove
                0x0000000000014ea7                list_length
                0x0000000000014ed5                list_insert
                0x0000000000014f09                list_item_next
 .text          0x0000000000014f20      0x155 obj_cooja/mtype851.a(ringbuf.o)
                0x0000000000014f20                ringbuf_init
                0x0000000000014f51                ringbuf_put
                0x0000000000014fcf                ringbuf_get
                0x000000000001503c                ringbuf_size
                0x000000000001504e                ringbuf_elements
 .text          0x0000000000015075     0x258b obj_cooja/mtype851.a(sicslowpan.o)
                0x00000000000155ff                rime_sniffer_add
                0x000000000001560c                rime_sniffer_remove
                0x000000000001759f                sicslowpan_init
                0x00000000000175f6                sicslowpan_get_last_rssi
 .text          0x0000000000017600      0x2dc obj_cooja/mtype851.a(uip-ds6-nbr.o)
                0x000000000001761d                uip_ds6_neighbors_init
                0x000000000001763a                uip_ds6_nbr_add
                0x00000000000176eb                uip_ds6_nbr_rm
                0x0000000000017748                uip_ds6_nbr_get_ipaddr
                0x000000000001775d                uip_ds6_nbr_get_ll
                0x0000000000017779                uip_ds6_nbr_num
                0x00000000000177be                uip_ds6_nbr_lookup
                0x0000000000017823                uip_ds6_nbr_ll_lookup
                0x000000000001783f                uip_ds6_nbr_ipaddr_from_lladdr
                0x0000000000017865                uip_ds6_nbr_lladdr_from_ipaddr
                0x0000000000017893                uip_ds6_link_neighbor_callback
 .text          0x00000000000178dc      0x916 obj_cooja/mtype851.a(uip-ds6-route.o)
                0x0000000000017953                uip_ds6_notification_add
                0x0000000000017984                uip_ds6_notification_rm
                0x00000000000179a0                uip_ds6_route_init
                0x0000000000017a28                uip_ds6_route_nexthop
                0x0000000000017a50                uip_ds6_route_head
                0x0000000000017a65                uip_ds6_route_next
                0x0000000000017a8b                uip_ds6_route_is_nexthop
                0x0000000000017aca                uip_ds6_route_num_routes
                0x0000000000017ad4                uip_ds6_route_lookup
                0x0000000000017b96                uip_ds6_route_add
                0x0000000000017dca                uip_ds6_route_rm
                0x0000000000017f5e                uip_ds6_route_rm_by_nexthop
                0x0000000000017f96                uip_ds6_defrt_add
                0x0000000000018047                uip_ds6_defrt_rm
                0x00000000000180c6                uip_ds6_defrt_lookup
                0x000000000001811f                uip_ds6_defrt_choose
                0x000000000001818a                uip_ds6_defrt_periodic
 .text          0x00000000000181f2     0x12ad obj_cooja/mtype851.a(uip-ds6.o)
                0x00000000000181f2                uip_ds6_init
                0x0000000000018547                uip_ds6_periodic
                0x000000000001861f                uip_ds6_list_loop
                0x00000000000186c6                uip_ds6_prefix_add
                0x0000000000018784                uip_ds6_prefix_rm
                0x0000000000018796                uip_ds6_prefix_lookup
                0x00000000000187e7                uip_ds6_is_addr_onlink
                0x000000000001885b                uip_ds6_addr_add
                0x0000000000018989                uip_ds6_long_addr_add
                0x0000000000018ab7                uip_ds6_addr_rm
                0x0000000000018b57                uip_ds6_addr_lookup
                0x0000000000018ba2                uip_ds6_long_addr_lookup
                0x0000000000018bed                uip_ds6_get_link_local
                0x0000000000018c6c                uip_ds6_long_get_link_local
                0x0000000000018ceb                uip_ds6_get_global
                0x0000000000018d6a                uip_ds6_long_get_global
                0x0000000000018de9                uip_ds6_maddr_add
                0x0000000000018e5b                uip_ds6_long_maddr_add
                0x0000000000018ecd                uip_ds6_maddr_rm
                0x0000000000018edf                uip_ds6_maddr_lookup
                0x0000000000018f2a                uip_ds6_long_maddr_lookup
                0x0000000000018f75                uip_ds6_aaddr_add
                0x0000000000018fe7                uip_ds6_long_aaddr_add
                0x0000000000019059                uip_ds6_aaddr_rm
                0x000000000001906b                uip_ds6_aaddr_lookup
                0x00000000000190b6                uip_ds6_long_aaddr_lookup
                0x0000000000019101                uip_ds6_select_src
                0x000000000001938a                uip_ds6_set_addr_iid
                0x00000000000193c1                get_match_length
                0x0000000000019453                uip_ds6_compute_reachable_time
 .text          0x000000000001949f     0x29f3 obj_cooja/mtype851.a(uip6.o)
                0x000000000001949f                uip_add32
                0x0000000000019638                uip_chksum
                0x0000000000019726                uip_icmp6chksum
                0x000000000001973a                uip_tcpchksum
                0x000000000001974e                uip_udpchksum
                0x0000000000019762                uip_init
                0x0000000000019832                uip_connect
                0x00000000000199e1                remove_ext_hdr
                0x0000000000019ab6                uip_udp_new
                0x0000000000019c12                uip_unlisten
                0x0000000000019c72                uip_listen
                0x0000000000019f34                uip_process
                0x000000000001bd86                uip_htons
                0x000000000001bda8                uip_htonl
                0x000000000001bde8                uip_send
 .text          0x000000000001be92      0xb43 obj_cooja/mtype851.a(tcpip.o)
                0x000000000001be92                tcpip_output
                0x000000000001bec0                tcpip_set_outputfunc
                0x000000000001bf54                tcp_connect
                0x000000000001bfa9                tcp_unlisten
                0x000000000001c004                tcp_listen
                0x000000000001c05d                tcp_attach
                0x000000000001c082                udp_attach
                0x000000000001c0a7                udp_new
                0x000000000001c0f9                udp_broadcast_new
                0x000000000001c36d                tcpip_input
                0x000000000001c3a1                tcpip_ipv6_output
                0x000000000001c81b                tcpip_poll_udp
                0x000000000001c83e                tcpip_poll_tcp
                0x000000000001c861                tcpip_uipcall
 .text          0x000000000001c9d5      0x1c1 obj_cooja/mtype851.a(uip-debug.o)
                0x000000000001c9d5                uip_debug_ipaddr_print
                0x000000000001cb37                uip_debug_lladdr_print
 .text          0x000000000001cb96      0x141 obj_cooja/mtype851.a(uip-packetqueue)
                0x000000000001cbc2                uip_packetqueue_new
                0x000000000001cbd0                uip_packetqueue_alloc
                0x000000000001cc30                uip_packetqueue_free
                0x000000000001cc71                uip_packetqueue_buf
                0x000000000001cc8e                uip_packetqueue_buflen
                0x000000000001ccaf                uip_packetqueue_set_buflen
 .text          0x000000000001ccd7      0x131 obj_cooja/mtype851.a(uip-udp-packet.)
                0x000000000001ccd7                uip_udp_packet_send
                0x000000000001cd37                uip_udp_packet_sendto
 .text          0x000000000001ce08     0x332e obj_cooja/mtype851.a(rpl-dag.o)
                0x000000000001ce08                rpl_lr_in_neighbor_tree
                0x000000000001d010                rpl_print_neighbor_list
                0x000000000001d207                rpl_print_child_neighbor_list
                0x000000000001d2bf                rpl_get_nbr
                0x000000000001d319                rpl_get_nbr_child
                0x000000000001d373                rpl_dag_init
                0x000000000001d3a5                rpl_get_parent
                0x000000000001d3c7                rpl_get_parent_rank
                0x000000000001d3fa                rpl_get_parent_link_metric
                0x000000000001d42d                rpl_get_parent_ipaddr
                0x000000000001d457                rpl_get_child_ipaddr
                0x000000000001d81b                rpl_set_root
                0x000000000001da96                rpl_repair_root
                0x000000000001dd45                rpl_set_prefix
                0x000000000001de68                rpl_set_default_route
                0x000000000001df5d                rpl_alloc_instance
                0x000000000001dff0                rpl_alloc_dag
                0x000000000001e0a3                rpl_set_default_instance
                0x000000000001e0b0                rpl_get_default_instance
                0x000000000001e0ba                rpl_free_instance
                0x000000000001e188                rpl_free_dag
                0x000000000001e211                rpl_add_parent
                0x000000000001e33f                rpl_find_parent
                0x000000000001e36f                rpl_add_child
                0x000000000001e457                rpl_find_child
                0x000000000001e4a5                rpl_find_parent_any_dag
                0x000000000001e4e1                rpl_select_dag
                0x000000000001e9a8                rpl_select_parent
                0x000000000001ea0a                rpl_remove_parent
                0x000000000001ea6b                rpl_remove_child
                0x000000000001eab2                rpl_nullify_parent
                0x000000000001ebae                rpl_move_parent
                0x000000000001ecb9                rpl_has_downward_route
                0x000000000001ed0c                rpl_get_any_dag
                0x000000000001ed6e                rpl_get_instance
                0x000000000001edd1                rpl_find_of
                0x000000000001ee0e                rpl_join_instance
                0x000000000001f145                rpl_add_dag
                0x000000000001f616                rpl_local_repair
                0x000000000001f707                rpl_recalculate_ranks
                0x000000000001f7b0                rpl_process_parent_event
                0x000000000001f9c6                rpl_process_dio
 .text          0x0000000000020136      0xbf3 obj_cooja/mtype851.a(rpl-ext-header.)
                0x0000000000020153                rpl_verify_header
                0x00000000000205cd                rpl_update_header_empty
                0x00000000000208e4                rpl_update_header_final
                0x0000000000020a73                rpl_remove_header
                0x0000000000020b7d                rpl_invert_header
                0x0000000000020d07                rpl_insert_header
 .text          0x0000000000020d29     0x2c7c obj_cooja/mtype851.a(rpl-icmp6.o)
                0x0000000000021038                rpl_icmp6_update_nbr_table
                0x0000000000021205                dis_output
                0x0000000000021f38                dio_output
                0x0000000000023468                dao_output
                0x000000000002353c                dao_output_target
                0x0000000000023959                dao_ack_output
                0x000000000002396d                rpl_icmp6_register_handlers
 .text          0x00000000000239a5      0x392 obj_cooja/mtype851.a(rpl-ltmax.o)
 .text          0x0000000000023d37      0x7b3 obj_cooja/mtype851.a(rpl-timers.o)
                0x0000000000023f7d                rpl_reset_periodic_timer
                0x0000000000023fd2                rpl_reset_dio_timer
                0x000000000002420c                rpl_schedule_dao
                0x0000000000024227                rpl_schedule_dao_immediately
                0x0000000000024242                rpl_cancel_dao
                0x00000000000242a4                rpl_schedule_unicast_dio_immediately
                0x0000000000024492                rpl_schedule_probing
 .text          0x00000000000244ea      0x5c5 obj_cooja/mtype851.a(rpl.o)
                0x00000000000244ea                rpl_get_mode
                0x00000000000244f4                rpl_set_mode
                0x0000000000024582                rpl_purge_routes
                0x000000000002467c                rpl_remove_routes
                0x00000000000246c2                rpl_remove_routes_by_nexthop
                0x000000000002472e                rpl_add_route
                0x00000000000247a9                rpl_link_neighbor_callback
                0x00000000000248ae                rpl_ipv6_neighbor_callback
                0x000000000002491d                rpl_purge_dags
                0x0000000000024a29                rpl_init
 .text          0x0000000000024aaf      0x3f5 obj_cooja/mtype851.a(framer-802154.o)
 .text          0x0000000000024ea4       0x5e obj_cooja/mtype851.a(nullmac.o)
 .text          0x0000000000024f02     0x1223 obj_cooja/mtype851.a(cxmac.o)
                0x0000000000026061                cxmac_set_announcement_radio_txpower
                0x0000000000026066                cxmac_init
 .text          0x0000000000026125       0x82 obj_cooja/mtype851.a(linkaddr.o)
                0x0000000000026125                linkaddr_copy
                0x0000000000026147                linkaddr_cmp
                0x0000000000026171                linkaddr_set_node_addr
                0x000000000002618c                linkaddr_set_node_long_addr
 .text          0x00000000000261a7      0x915 obj_cooja/mtype851.a(nbr-table.o)
                0x00000000000261a7                long_ip_from_lladdr_map
                0x0000000000026230                lladdr_map_add_lr
                0x00000000000262ed                lladdr_map_rm_lr
                0x00000000000267b2                nbr_table_register
                0x00000000000267fa                nbr_table_head
                0x0000000000026856                nbr_table_next
                0x00000000000268bd                nbr_table_add_lladdr
                0x0000000000026999                nbr_table_get_from_lladdr
                0x00000000000269e6                nbr_table_remove
                0x0000000000026a38                nbr_table_lock
                0x0000000000026a62                nbr_table_unlock
                0x0000000000026a8c                nbr_table_get_lladdr
 .text          0x0000000000026abc       0x2b obj_cooja/mtype851.a(netstack.o)
                0x0000000000026abc                netstack_init
 .text          0x0000000000026ae7      0x3cd obj_cooja/mtype851.a(packetbuf.o)
                0x0000000000026ae7                packetbuf_clear
                0x0000000000026b11                packetbuf_copyfrom
                0x0000000000026b63                packetbuf_compact
                0x0000000000026be0                packetbuf_copyto
                0x0000000000026c77                packetbuf_hdralloc
                0x0000000000026cf4                packetbuf_hdrreduce
                0x0000000000026d3c                packetbuf_set_datalen
                0x0000000000026d55                packetbuf_dataptr
                0x0000000000026d72                packetbuf_hdrptr
                0x0000000000026d7c                packetbuf_datalen
                0x0000000000026d88                packetbuf_hdrlen
                0x0000000000026d9f                packetbuf_totlen
                0x0000000000026db5                packetbuf_attr_clear
                0x0000000000026e07                packetbuf_attr_copyto
                0x0000000000026e50                packetbuf_attr_copyfrom
                0x0000000000026e98                packetbuf_holds_broadcast
 .text          0x0000000000026eb4      0x2b4 obj_cooja/mtype851.a(queuebuf.o)
                0x0000000000026ebe                queuebuf_init
                0x0000000000026ede                queuebuf_numfree
                0x0000000000026ef2                queuebuf_new_from_packetbuf
                0x0000000000026f82                queuebuf_update_attr_from_packetbuf
                0x0000000000026fb5                queuebuf_update_from_packetbuf
                0x0000000000026fff                queuebuf_free
                0x0000000000027046                queuebuf_to_packetbuf
                0x00000000000270ac                queuebuf_dataptr
                0x00000000000270e3                queuebuf_datalen
                0x0000000000027106                queuebuf_addr
                0x0000000000027138                queuebuf_attr
                0x0000000000027163                queuebuf_debug_print
 .text          0x0000000000027168       0x6e obj_cooja/mtype851.a(nullsec.o)
 .text          0x00000000000271d6       0x19 obj_cooja/mtype851.a(watchdog.o)
                0x00000000000271d6                watchdog_init
                0x00000000000271db                watchdog_start
                0x00000000000271e0                watchdog_periodic
                0x00000000000271e5                watchdog_stop
                0x00000000000271ea                watchdog_reboot
 .text          0x00000000000271ef        0x0 obj_cooja/mtype851.a(rimestats.o)
 .text          0x00000000000271ef      0x134 obj_cooja/mtype851.a(leds.o)
                0x0000000000027240                leds_init
                0x0000000000027254                leds_blink
                0x000000000002728c                leds_get
                0x0000000000027299                leds_set
                0x00000000000272b3                leds_on
                0x00000000000272d6                leds_off
                0x0000000000027300                leds_toggle
 .text          0x0000000000027323      0x1c1 obj_cooja/mtype851.a(memb.o)
                0x0000000000027323                memb_init
                0x0000000000027381                memb_alloc
                0x00000000000273e6                memb_free
                0x0000000000027461                memb_inmemb
                0x00000000000274a0                memb_numfree
 .text          0x00000000000274e4      0xab2 obj_cooja/mtype851.a(uip-icmp6.o)
                0x0000000000027552                uip_icmp6_input
                0x00000000000275a8                uip_icmp6_register_input_handler
                0x0000000000027870                uip_icmp6_error_output
                0x0000000000027bb5                uip_icmp6_send
                0x0000000000027f29                uip_icmp6_echo_reply_callback_add
                0x0000000000027f5a                uip_icmp6_echo_reply_callback_rm
                0x0000000000027f76                uip_icmp6_init
 .text          0x0000000000027f96      0x358 obj_cooja/mtype851.a(uip-nd6.o)
                0x0000000000027fea                uip_nd6_ns_output
                0x00000000000282e9                uip_nd6_init
 .text          0x00000000000282ee      0x331 obj_cooja/mtype851.a(rpl-nbr-policy.)
                0x00000000000284c6                find_removable_dis
                0x00000000000284e9                find_removable_dio
                0x0000000000028578                find_removable_dao
                0x00000000000285c8                rpl_nbr_policy_find_removable
 .text          0x000000000002861f      0x97c obj_cooja/mtype851.a(frame802154.o)
                0x0000000000028650                frame802154_get_pan_id
                0x000000000002865c                frame802154_set_pan_id
                0x0000000000028675                frame802154_has_panid
                0x0000000000028761                frame802154_check_dest_panid
                0x00000000000287c9                frame802154_is_broadcast_addr
                0x0000000000028816                frame802154_extract_linkaddr
                0x0000000000028a56                frame802154_hdrlen
                0x0000000000028aa7                frame802154_create
                0x0000000000028c92                frame802154_parse
 .text          0x0000000000028f9b       0x3c obj_cooja/mtype851.a(mac.o)
                0x0000000000028f9b                mac_call_sent_callback
 .text          0x0000000000028fd7        0x0 /usr/lib/gcc/i686-linux-gnu/4.8/crtendS.o
 .text          0x0000000000028fd7        0x0 /usr/lib/gcc/i686-linux-gnu/4.8/../../../i386-linux-gnu/crtn.o
 *(.gnu.warning)

.fini           0x0000000000028fd8       0x14
 *(SORT(.fini))
 .fini          0x0000000000028fd8        0xf /usr/lib/gcc/i686-linux-gnu/4.8/../../../i386-linux-gnu/crti.o
                0x0000000000028fd8                _fini
 .fini          0x0000000000028fe7        0x5 /usr/lib/gcc/i686-linux-gnu/4.8/../../../i386-linux-gnu/crtn.o
                0x0000000000028fec                PROVIDE (__etext, .)
                0x0000000000028fec                PROVIDE (_etext, .)
                0x0000000000028fec                PROVIDE (etext, .)

.rodata         0x0000000000029000     0x2620
 *(.rodata .rodata.* .gnu.linkonce.r.*)
 .rodata        0x0000000000029000      0x2ae udp-client.co
                0x0000000000029014                autostart_processes
 *fill*         0x00000000000292ae        0x2 
 .rodata        0x00000000000292b0      0x1e6 obj_cooja/mtype851.o
 *fill*         0x0000000000029496        0x2 
 .rodata        0x0000000000029498        0x8 obj_cooja/mtype851.a(beep.o)
                0x0000000000029498                beep_interface
 .rodata        0x00000000000294a0       0x20 obj_cooja/mtype851.a(button-sensor.o)
                0x00000000000294a0                button_interface
                0x00000000000294b0                button_sensor
 .rodata        0x00000000000294c0        0x8 obj_cooja/mtype851.a(leds-arch.o)
                0x00000000000294c0                leds_interface
 .rodata        0x00000000000294c8        0x8 obj_cooja/mtype851.a(moteid.o)
                0x00000000000294c8                moteid_interface
 .rodata        0x00000000000294d0       0x1c obj_cooja/mtype851.a(pir-sensor.o)
                0x00000000000294d0                pir_interface
                0x00000000000294dc                pir_sensor
 .rodata        0x00000000000294ec        0xe obj_cooja/mtype851.a(rs232.o)
                0x00000000000294ec                rs232_interface
 *fill*         0x00000000000294fa        0x2 
 .rodata        0x00000000000294fc       0x24 obj_cooja/mtype851.a(vib-sensor.o)
                0x00000000000294fc                vib_interface
                0x0000000000029510                vib_sensor
 .rodata        0x0000000000029520        0x8 obj_cooja/mtype851.a(clock.o)
                0x0000000000029520                clock_interface
 .rodata        0x0000000000029528        0x8 obj_cooja/mtype851.a(log.o)
                0x0000000000029528                simlog_interface
 .rodata        0x0000000000029530       0x2f obj_cooja/mtype851.a(cfs-cooja.o)
                0x0000000000029530                cfs_interface
 *fill*         0x000000000002955f        0x1 
 .rodata        0x0000000000029560       0x80 obj_cooja/mtype851.a(cooja-radio.o)
                0x00000000000295a0                cooja_radio_driver
                0x00000000000295d8                radio_interface
 .rodata        0x00000000000295e0        0x8 obj_cooja/mtype851.a(eeprom.o)
                0x00000000000295e0                eeprom_interface
 .rodata        0x00000000000295e8        0x8 obj_cooja/mtype851.a(sensors.o)
 .rodata        0x00000000000295f0      0x169 obj_cooja/mtype851.a(dual_conf.o)
 .rodata        0x0000000000029759        0xf obj_cooja/mtype851.a(ctimer.o)
 .rodata        0x0000000000029768        0xc obj_cooja/mtype851.a(etimer.o)
 .rodata        0x0000000000029774       0x73 obj_cooja/mtype851.a(log_message.o)
 *fill*         0x00000000000297e7        0x1 
 .rodata        0x00000000000297e8       0x20 obj_cooja/mtype851.a(residual.o)
 .rodata        0x0000000000029808        0xe obj_cooja/mtype851.a(serial-line.o)
 *fill*         0x0000000000029816        0x2 
 .rodata        0x0000000000029818       0x2c obj_cooja/mtype851.a(sicslowpan.o)
                0x0000000000029818                unc_llconf
                0x000000000002981c                unc_ctxconf
                0x0000000000029820                unc_mxconf
                0x0000000000029824                llprefix
                0x0000000000029838                sicslowpan_driver
 .rodata        0x0000000000029844      0x13c obj_cooja/mtype851.a(uip6.o)
 .rodata        0x0000000000029980       0x49 obj_cooja/mtype851.a(tcpip.o)
 .rodata        0x00000000000299c9       0x3e obj_cooja/mtype851.a(uip-debug.o)
 *fill*         0x0000000000029a07        0x1 
 .rodata        0x0000000000029a08      0xd33 obj_cooja/mtype851.a(rpl-dag.o)
 *fill*         0x000000000002a73b        0x1 
 .rodata        0x000000000002a73c      0xb70 obj_cooja/mtype851.a(rpl-icmp6.o)
 .rodata        0x000000000002b2ac        0xc obj_cooja/mtype851.a(framer-802154.o)
                0x000000000002b2ac                framer_802154
 .rodata        0x000000000002b2b8       0x24 obj_cooja/mtype851.a(nullmac.o)
                0x000000000002b2c0                nullmac_driver
 *fill*         0x000000000002b2dc        0x4 
 .rodata        0x000000000002b2e0      0x320 obj_cooja/mtype851.a(cxmac.o)
                0x000000000002b5e0                cxmac_driver
 .rodata        0x000000000002b600        0x8 obj_cooja/mtype851.a(linkaddr.o)
                0x000000000002b600                linkaddr_null
 .rodata        0x000000000002b608       0x18 obj_cooja/mtype851.a(nullsec.o)
                0x000000000002b610                nullsec_driver

.rodata1
 *(.rodata1)

.eh_frame_hdr   0x000000000002b620     0x13c4
 *(.eh_frame_hdr)
 .eh_frame_hdr  0x000000000002b620     0x13c4 udp-client.co

.eh_frame       0x000000000002c9e4     0x5098
 *(.eh_frame)
 .eh_frame      0x000000000002c9e4       0x3c /usr/lib/gcc/i686-linux-gnu/4.8/../../../i386-linux-gnu/crti.o
                                         0x40 (size before relaxing)
 .eh_frame      0x000000000002ca20       0xb4 udp-client.co
                                         0xcc (size before relaxing)
 .eh_frame      0x000000000002cad4      0x148 obj_cooja/mtype851.o
                                        0x160 (size before relaxing)
 .eh_frame      0x000000000002cc1c       0x40 obj_cooja/mtype851.a(simEnvChange.o)
                                         0x58 (size before relaxing)
 .eh_frame      0x000000000002cc5c       0xc0 obj_cooja/mtype851.a(cooja_mt.o)
                                         0xd8 (size before relaxing)
 .eh_frame      0x000000000002cd1c      0x120 obj_cooja/mtype851.a(cooja_mtarch.o)
                                        0x138 (size before relaxing)
 .eh_frame      0x000000000002ce3c       0xc0 obj_cooja/mtype851.a(rtimer-arch.o)
                                         0xd8 (size before relaxing)
 .eh_frame      0x000000000002cefc      0x160 obj_cooja/mtype851.a(beep.o)
                                        0x178 (size before relaxing)
 .eh_frame      0x000000000002d05c       0xa0 obj_cooja/mtype851.a(button-sensor.o)
                                         0xb8 (size before relaxing)
 .eh_frame      0x000000000002d0fc       0xa0 obj_cooja/mtype851.a(leds-arch.o)
                                         0xb8 (size before relaxing)
 .eh_frame      0x000000000002d19c       0x40 obj_cooja/mtype851.a(moteid.o)
                                         0x58 (size before relaxing)
 .eh_frame      0x000000000002d1dc       0xa0 obj_cooja/mtype851.a(pir-sensor.o)
                                         0xb8 (size before relaxing)
 .eh_frame      0x000000000002d27c      0x100 obj_cooja/mtype851.a(rs232.o)
                                        0x118 (size before relaxing)
 .eh_frame      0x000000000002d37c       0xa0 obj_cooja/mtype851.a(vib-sensor.o)
                                         0xb8 (size before relaxing)
 .eh_frame      0x000000000002d41c       0xc0 obj_cooja/mtype851.a(clock.o)
                                         0xd8 (size before relaxing)
 .eh_frame      0x000000000002d4dc      0x120 obj_cooja/mtype851.a(log.o)
                                        0x138 (size before relaxing)
 .eh_frame      0x000000000002d5fc      0x160 obj_cooja/mtype851.a(cfs-cooja.o)
                                        0x178 (size before relaxing)
 .eh_frame      0x000000000002d75c      0x2e0 obj_cooja/mtype851.a(cooja-radio.o)
                                        0x2f8 (size before relaxing)
 .eh_frame      0x000000000002da3c       0xa0 obj_cooja/mtype851.a(eeprom.o)
                                         0xb8 (size before relaxing)
 .eh_frame      0x000000000002dadc       0x40 obj_cooja/mtype851.a(random.o)
                                         0x58 (size before relaxing)
 .eh_frame      0x000000000002db1c       0xc0 obj_cooja/mtype851.a(sensors.o)
                                         0xd8 (size before relaxing)
 .eh_frame      0x000000000002dbdc      0x160 obj_cooja/mtype851.a(dual_conf.o)
                                        0x178 (size before relaxing)
 .eh_frame      0x000000000002dd3c       0x40 obj_cooja/mtype851.a(autostart.o)
                                         0x58 (size before relaxing)
 .eh_frame      0x000000000002dd7c      0x100 obj_cooja/mtype851.a(ctimer.o)
                                        0x118 (size before relaxing)
 .eh_frame      0x000000000002de7c      0x1e0 obj_cooja/mtype851.a(etimer.o)
                                        0x1f8 (size before relaxing)
 .eh_frame      0x000000000002e05c       0x40 obj_cooja/mtype851.a(log_message.o)
                                         0x58 (size before relaxing)
 .eh_frame      0x000000000002e09c      0x1c8 obj_cooja/mtype851.a(process.o)
                                        0x1e0 (size before relaxing)
 .eh_frame      0x000000000002e264       0x2c obj_cooja/mtype851.a(residual.o)
                                         0x44 (size before relaxing)
 .eh_frame      0x000000000002e290       0x60 obj_cooja/mtype851.a(rtimer.o)
                                         0x78 (size before relaxing)
 .eh_frame      0x000000000002e2f0       0xc4 obj_cooja/mtype851.a(stimer.o)
                                         0xdc (size before relaxing)
 .eh_frame      0x000000000002e3b4       0xa4 obj_cooja/mtype851.a(timer.o)
                                         0xbc (size before relaxing)
 .eh_frame      0x000000000002e458       0x60 obj_cooja/mtype851.a(serial-line.o)
                                         0x78 (size before relaxing)
 .eh_frame      0x000000000002e4b8      0x180 obj_cooja/mtype851.a(list.o)
                                        0x198 (size before relaxing)
 .eh_frame      0x000000000002e638       0xa0 obj_cooja/mtype851.a(ringbuf.o)
                                         0xb8 (size before relaxing)
 .eh_frame      0x000000000002e6d8      0x350 obj_cooja/mtype851.a(sicslowpan.o)
                                        0x368 (size before relaxing)
 .eh_frame      0x000000000002ea28      0x180 obj_cooja/mtype851.a(uip-ds6-nbr.o)
                                        0x198 (size before relaxing)
 .eh_frame      0x000000000002eba8      0x2a0 obj_cooja/mtype851.a(uip-ds6-route.o)
                                        0x2b8 (size before relaxing)
 .eh_frame      0x000000000002ee48      0x3c8 obj_cooja/mtype851.a(uip-ds6.o)
                                        0x3e0 (size before relaxing)
 .eh_frame      0x000000000002f210      0x27c obj_cooja/mtype851.a(uip6.o)
                                        0x294 (size before relaxing)
 .eh_frame      0x000000000002f48c      0x270 obj_cooja/mtype851.a(tcpip.o)
                                        0x288 (size before relaxing)
 .eh_frame      0x000000000002f6fc       0x48 obj_cooja/mtype851.a(uip-debug.o)
                                         0x60 (size before relaxing)
 .eh_frame      0x000000000002f744       0xe0 obj_cooja/mtype851.a(uip-packetqueue)
                                         0xf8 (size before relaxing)
 .eh_frame      0x000000000002f824       0x40 obj_cooja/mtype851.a(uip-udp-packet.)
                                         0x58 (size before relaxing)
 .eh_frame      0x000000000002f864      0x794 obj_cooja/mtype851.a(rpl-dag.o)
                                        0x7ac (size before relaxing)
 .eh_frame      0x000000000002fff8      0x10c obj_cooja/mtype851.a(rpl-ext-header.)
                                        0x124 (size before relaxing)
 .eh_frame      0x0000000000030104      0x2c8 obj_cooja/mtype851.a(rpl-icmp6.o)
                                        0x2e0 (size before relaxing)
 .eh_frame      0x00000000000303cc       0xe0 obj_cooja/mtype851.a(rpl-ltmax.o)
                                         0xf8 (size before relaxing)
 .eh_frame      0x00000000000304ac      0x20c obj_cooja/mtype851.a(rpl-timers.o)
                                        0x224 (size before relaxing)
 .eh_frame      0x00000000000306b8      0x148 obj_cooja/mtype851.a(rpl.o)
                                        0x160 (size before relaxing)
 .eh_frame      0x0000000000030800      0x108 obj_cooja/mtype851.a(framer-802154.o)
                                        0x120 (size before relaxing)
 .eh_frame      0x0000000000030908       0xc0 obj_cooja/mtype851.a(nullmac.o)
                                         0xd8 (size before relaxing)
 .eh_frame      0x00000000000309c8      0x2c0 obj_cooja/mtype851.a(cxmac.o)
                                        0x2d8 (size before relaxing)
 .eh_frame      0x0000000000030c88       0x80 obj_cooja/mtype851.a(linkaddr.o)
                                         0x98 (size before relaxing)
 .eh_frame      0x0000000000030d08      0x2cc obj_cooja/mtype851.a(nbr-table.o)
                                        0x2e4 (size before relaxing)
 .eh_frame      0x0000000000030fd4       0x20 obj_cooja/mtype851.a(netstack.o)
                                         0x38 (size before relaxing)
 .eh_frame      0x0000000000030ff4      0x214 obj_cooja/mtype851.a(packetbuf.o)
                                        0x22c (size before relaxing)
 .eh_frame      0x0000000000031208      0x1a0 obj_cooja/mtype851.a(queuebuf.o)
                                        0x1b8 (size before relaxing)
 .eh_frame      0x00000000000313a8       0x80 obj_cooja/mtype851.a(nullsec.o)
                                         0x98 (size before relaxing)
 .eh_frame      0x0000000000031428       0xa0 obj_cooja/mtype851.a(watchdog.o)
                                         0xb8 (size before relaxing)
 .eh_frame      0x00000000000314c8      0x100 obj_cooja/mtype851.a(leds.o)
                                        0x118 (size before relaxing)
 .eh_frame      0x00000000000315c8       0xa0 obj_cooja/mtype851.a(memb.o)
                                         0xb8 (size before relaxing)
 .eh_frame      0x0000000000031668      0x164 obj_cooja/mtype851.a(uip-icmp6.o)
                                        0x17c (size before relaxing)
 .eh_frame      0x00000000000317cc       0x68 obj_cooja/mtype851.a(uip-nd6.o)
                                         0x80 (size before relaxing)
 .eh_frame      0x0000000000031834       0xc0 obj_cooja/mtype851.a(rpl-nbr-policy.)
                                         0xd8 (size before relaxing)
 .eh_frame      0x00000000000318f4      0x164 obj_cooja/mtype851.a(frame802154.o)
                                        0x17c (size before relaxing)
 .eh_frame      0x0000000000031a58       0x20 obj_cooja/mtype851.a(mac.o)
                                         0x38 (size before relaxing)
 .eh_frame      0x0000000000031a78        0x4 /usr/lib/gcc/i686-linux-gnu/4.8/crtendS.o

.gcc_except_table
 *(.gcc_except_table .gcc_except_table.*)

.exception_ranges
 *(.exception_ranges .exception_ranges*)
                0x0000000000031a7c                . = (ALIGN (0x1000) - ((0x1000 - .) & 0xfff))
                0x0000000000032ef8                . = DATA_SEGMENT_ALIGN (0x1000, 0x1000)

.eh_frame
 *(.eh_frame)

.gcc_except_table
 *(.gcc_except_table .gcc_except_table.*)

.exception_ranges
 *(.exception_ranges .exception_ranges*)

.tdata
 *(.tdata .tdata.* .gnu.linkonce.td.*)

.tbss
 *(.tbss .tbss.* .gnu.linkonce.tb.*)
 *(.tcommon)

.preinit_array
 *(.preinit_array)

.init_array     0x0000000000032ef8        0x4
 *(SORT(.init_array.*) SORT(.ctors.*))
 *(.init_array EXCLUDE_FILE(*crtend?.o *crtend.o *crtbegin?.o *crtbegin.o) .ctors)
 .init_array    0x0000000000032ef8        0x4 /usr/lib/gcc/i686-linux-gnu/4.8/crtbeginS.o

.fini_array     0x0000000000032efc        0x4
 *(SORT(.fini_array.*) SORT(.dtors.*))
 *(.fini_array EXCLUDE_FILE(*crtend?.o *crtend.o *crtbegin?.o *crtbegin.o) .dtors)
 .fini_array    0x0000000000032efc        0x4 /usr/lib/gcc/i686-linux-gnu/4.8/crtbeginS.o

.ctors
 *crtbegin.o(.ctors)
 *crtbegin?.o(.ctors)
 *(EXCLUDE_FILE(*crtend?.o *crtend.o) .ctors)
 *(SORT(.ctors.*))
 *(.ctors)

.dtors
 *crtbegin.o(.dtors)
 *crtbegin?.o(.dtors)
 *(EXCLUDE_FILE(*crtend?.o *crtend.o) .dtors)
 *(SORT(.dtors.*))
 *(.dtors)

.jcr            0x0000000000032f00        0x4
 *(.jcr)
 .jcr           0x0000000000032f00        0x0 /usr/lib/gcc/i686-linux-gnu/4.8/crtbeginS.o
 .jcr           0x0000000000032f00        0x4 /usr/lib/gcc/i686-linux-gnu/4.8/crtendS.o

.data.rel.ro
 *(.data.rel.ro.local* .gnu.linkonce.d.rel.ro.local.*)
 *(.data.rel.ro .data.rel.ro.* .gnu.linkonce.d.rel.ro.*)

.dynamic        0x0000000000032f04       0xe8
 *(.dynamic)
 .dynamic       0x0000000000032f04       0xe8 /usr/lib/gcc/i686-linux-gnu/4.8/../../../i386-linux-gnu/crti.o
                0x0000000000032f04                _DYNAMIC

.got            0x0000000000032fec       0x14
 *(.got)
 .got           0x0000000000032fec       0x14 /usr/lib/gcc/i686-linux-gnu/4.8/../../../i386-linux-gnu/crti.o
 *(.igot)
                0x0000000000033ff4                . = DATA_SEGMENT_RELRO_END (., (SIZEOF (.got.plt) >= 0xc)?0xc:0x0)

.got.plt        0x0000000000033000       0x14
 *(.got.plt)
 .got.plt       0x0000000000033000       0x14 /usr/lib/gcc/i686-linux-gnu/4.8/../../../i386-linux-gnu/crti.o
                0x0000000000033000                _GLOBAL_OFFSET_TABLE_
 *(.igot.plt)

.data           0x0000000000033020      0x276
 *(.data .data.* .gnu.linkonce.d.*)
 .data          0x0000000000033020        0x0 /usr/lib/gcc/i686-linux-gnu/4.8/../../../i386-linux-gnu/crti.o
 .data          0x0000000000033020        0x0 /usr/lib/gcc/i686-linux-gnu/4.8/crtbeginS.o
 .data.rel      0x0000000000033020        0x4 /usr/lib/gcc/i686-linux-gnu/4.8/crtbeginS.o
                0x0000000000033020                __dso_handle
 .data          0x0000000000033024       0x10 udp-client.co
                0x0000000000033024                udp_client_process
 *fill*         0x0000000000033034        0xc 
 .data          0x0000000000033040       0x44 obj_cooja/mtype851.o
                0x0000000000033040                simInterfaces
                0x0000000000033074                sensors
 .data          0x0000000000033084        0x0 obj_cooja/mtype851.a(simEnvChange.o)
 .data          0x0000000000033084        0x0 obj_cooja/mtype851.a(cooja_mt.o)
 .data          0x0000000000033084        0x0 obj_cooja/mtype851.a(cooja_mtarch.o)
 .data          0x0000000000033084        0x0 obj_cooja/mtype851.a(rtimer-arch.o)
 .data          0x0000000000033084        0x0 obj_cooja/mtype851.a(beep.o)
 .data          0x0000000000033084        0x0 obj_cooja/mtype851.a(button-sensor.o)
 .data          0x0000000000033084        0x0 obj_cooja/mtype851.a(leds-arch.o)
 .data          0x0000000000033084        0x0 obj_cooja/mtype851.a(moteid.o)
 .data          0x0000000000033084        0x0 obj_cooja/mtype851.a(pir-sensor.o)
 .data          0x0000000000033084        0x0 obj_cooja/mtype851.a(rs232.o)
 .data          0x0000000000033084        0x0 obj_cooja/mtype851.a(vib-sensor.o)
 .data          0x0000000000033084        0x0 obj_cooja/mtype851.a(clock.o)
 .data          0x0000000000033084        0x0 obj_cooja/mtype851.a(log.o)
 .data          0x0000000000033084        0x0 obj_cooja/mtype851.a(cfs-cooja.o)
 .data          0x0000000000033084       0x40 obj_cooja/mtype851.a(cooja-radio.o)
                0x0000000000033084                simRadioChannelLR
                0x0000000000033088                simRadioHWOnLR
                0x000000000003308c                simSignalStrengthLR
                0x0000000000033090                simLastSignalStrengthLR
                0x0000000000033094                simPowerLR
                0x0000000000033098                simLQILR
                0x000000000003309c                simRadioChannel
                0x00000000000330a0                simRadioHWOn
                0x00000000000330a4                simSignalStrength
                0x00000000000330a8                simLastSignalStrength
                0x00000000000330ac                simPower
                0x00000000000330b0                simLQI
                0x00000000000330b4                cooja_radio_process
 .data          0x00000000000330c4        0x0 obj_cooja/mtype851.a(eeprom.o)
 .data          0x00000000000330c4        0x0 obj_cooja/mtype851.a(random.o)
 .data          0x00000000000330c4       0x10 obj_cooja/mtype851.a(sensors.o)
                0x00000000000330c4                sensors_process
 .data          0x00000000000330d4       0x24 obj_cooja/mtype851.a(dual_conf.o)
                0x00000000000330d4                radio_received
                0x00000000000330d8                dual_dio_broadcast
                0x00000000000330e8                dual_dis_broadcast
 .data          0x00000000000330f8        0x0 obj_cooja/mtype851.a(autostart.o)
 .data          0x00000000000330f8       0x14 obj_cooja/mtype851.a(ctimer.o)
                0x00000000000330fc                ctimer_process
 .data          0x000000000003310c       0x10 obj_cooja/mtype851.a(etimer.o)
                0x000000000003310c                etimer_process
 .data          0x000000000003311c        0x0 obj_cooja/mtype851.a(log_message.o)
 .data          0x000000000003311c        0x0 obj_cooja/mtype851.a(process.o)
 .data          0x000000000003311c        0x0 obj_cooja/mtype851.a(residual.o)
 .data          0x000000000003311c        0x0 obj_cooja/mtype851.a(rtimer.o)
 .data          0x000000000003311c        0x0 obj_cooja/mtype851.a(stimer.o)
 .data          0x000000000003311c        0x0 obj_cooja/mtype851.a(timer.o)
 .data          0x000000000003311c       0x10 obj_cooja/mtype851.a(serial-line.o)
                0x000000000003311c                serial_line_process
 .data          0x000000000003312c        0x0 obj_cooja/mtype851.a(list.o)
 .data          0x000000000003312c        0x0 obj_cooja/mtype851.a(ringbuf.o)
 .data          0x000000000003312c        0x0 obj_cooja/mtype851.a(sicslowpan.o)
 .data          0x000000000003312c       0x14 obj_cooja/mtype851.a(uip-ds6-nbr.o)
                0x000000000003313c                ds6_neighbors
 .data          0x0000000000033140       0x44 obj_cooja/mtype851.a(uip-ds6-route.o)
                0x0000000000033150                nbr_routes
 .data          0x0000000000033184        0x0 obj_cooja/mtype851.a(uip-ds6.o)
 .data          0x0000000000033184        0x0 obj_cooja/mtype851.a(uip6.o)
 .data          0x0000000000033184       0x10 obj_cooja/mtype851.a(tcpip.o)
                0x0000000000033184                tcpip_process
 .data          0x0000000000033194        0x0 obj_cooja/mtype851.a(uip-debug.o)
 .data          0x0000000000033194        0xc obj_cooja/mtype851.a(uip-packetqueue)
 .data          0x00000000000331a0        0x0 obj_cooja/mtype851.a(uip-udp-packet.)
 .data          0x00000000000331a0       0x28 obj_cooja/mtype851.a(rpl-dag.o)
                0x00000000000331b0                rpl_parents
                0x00000000000331c4                rpl_children
 .data          0x00000000000331c8        0x0 obj_cooja/mtype851.a(rpl-ext-header.)
 .data          0x00000000000331c8       0x34 obj_cooja/mtype851.a(rpl-icmp6.o)
 .data          0x00000000000331fc       0x1c obj_cooja/mtype851.a(rpl-ltmax.o)
                0x00000000000331fc                rpl_ltmax_of
 .data          0x0000000000033218        0x0 obj_cooja/mtype851.a(rpl-timers.o)
 .data          0x0000000000033218        0x0 obj_cooja/mtype851.a(rpl.o)
 .data          0x0000000000033218        0x0 obj_cooja/mtype851.a(framer-802154.o)
 .data          0x0000000000033218        0x0 obj_cooja/mtype851.a(nullmac.o)
 .data          0x0000000000033218       0x30 obj_cooja/mtype851.a(cxmac.o)
                0x0000000000033218                cxmac_config
                0x0000000000033228                strobe_wait
 .data          0x0000000000033248        0x0 obj_cooja/mtype851.a(linkaddr.o)
 .data          0x0000000000033248       0x10 obj_cooja/mtype851.a(nbr-table.o)
 .data          0x0000000000033258        0x0 obj_cooja/mtype851.a(netstack.o)
 .data          0x0000000000033258        0x4 obj_cooja/mtype851.a(packetbuf.o)
 .data          0x000000000003325c       0x18 obj_cooja/mtype851.a(queuebuf.o)
 .data          0x0000000000033274        0x0 obj_cooja/mtype851.a(nullsec.o)
 .data          0x0000000000033274        0x0 obj_cooja/mtype851.a(watchdog.o)
 .data          0x0000000000033274        0x0 obj_cooja/mtype851.a(rimestats.o)
 .data          0x0000000000033274        0x0 obj_cooja/mtype851.a(leds.o)
 .data          0x0000000000033274        0x0 obj_cooja/mtype851.a(memb.o)
 .data          0x0000000000033274       0x20 obj_cooja/mtype851.a(uip-icmp6.o)
 .data          0x0000000000033294        0x0 obj_cooja/mtype851.a(uip-nd6.o)
 .data          0x0000000000033294        0x0 obj_cooja/mtype851.a(rpl-nbr-policy.)
 .data          0x0000000000033294        0x2 obj_cooja/mtype851.a(frame802154.o)
 .data          0x0000000000033296        0x0 obj_cooja/mtype851.a(mac.o)
 .data          0x0000000000033296        0x0 /usr/lib/gcc/i686-linux-gnu/4.8/crtendS.o
 .data          0x0000000000033296        0x0 /usr/lib/gcc/i686-linux-gnu/4.8/../../../i386-linux-gnu/crtn.o

.tm_clone_table
                0x0000000000033298        0x0
 .tm_clone_table
                0x0000000000033298        0x0 /usr/lib/gcc/i686-linux-gnu/4.8/crtbeginS.o
 .tm_clone_table
                0x0000000000033298        0x0 /usr/lib/gcc/i686-linux-gnu/4.8/crtendS.o

.data1
 *(.data1)
                0x0000000000033298                _edata = .
                0x0000000000033298                PROVIDE (edata, .)
                0x0000000000033298                . = .
                0x0000000000033298                __bss_start = .

.bss            0x00000000000332a0     0x8968
 *(.dynbss)
 .dynbss        0x0000000000000000        0x0 /usr/lib/gcc/i686-linux-gnu/4.8/../../../i386-linux-gnu/crti.o
 *(.bss .bss.* .gnu.linkonce.b.*)
 .bss           0x00000000000332a0        0x0 /usr/lib/gcc/i686-linux-gnu/4.8/../../../i386-linux-gnu/crti.o
 .bss           0x00000000000332a0        0x1 /usr/lib/gcc/i686-linux-gnu/4.8/crtbeginS.o
 *fill*         0x00000000000332a1       0x1f 
 .bss           0x00000000000332c0       0x60 udp-client.co
                0x00000000000332c0                my_weight
 .bss           0x0000000000033320     0x2030 obj_cooja/mtype851.o
 .bss           0x0000000000035350        0x1 obj_cooja/mtype851.a(simEnvChange.o)
                0x0000000000035350                simDontFallAsleep
 *fill*         0x0000000000035351        0x3 
 .bss           0x0000000000035354        0x4 obj_cooja/mtype851.a(cooja_mt.o)
 .bss           0x0000000000035358        0x4 obj_cooja/mtype851.a(cooja_mtarch.o)
 .bss           0x000000000003535c        0xc obj_cooja/mtype851.a(rtimer-arch.o)
 .bss           0x0000000000035368        0x0 obj_cooja/mtype851.a(beep.o)
 .bss           0x0000000000035368        0x8 obj_cooja/mtype851.a(button-sensor.o)
 .bss           0x0000000000035370        0x0 obj_cooja/mtype851.a(leds-arch.o)
 .bss           0x0000000000035370        0x0 obj_cooja/mtype851.a(moteid.o)
 .bss           0x0000000000035370        0x1 obj_cooja/mtype851.a(pir-sensor.o)
                0x0000000000035370                simPirValue
 *fill*         0x0000000000035371        0x3 
 .bss           0x0000000000035374        0x4 obj_cooja/mtype851.a(rs232.o)
 .bss           0x0000000000035378        0x1 obj_cooja/mtype851.a(vib-sensor.o)
                0x0000000000035378                simVibValue
 .bss           0x0000000000035379        0x0 obj_cooja/mtype851.a(clock.o)
 *fill*         0x0000000000035379        0x7 
 .bss           0x0000000000035380      0x420 obj_cooja/mtype851.a(log.o)
 .bss           0x00000000000357a0      0xfc0 obj_cooja/mtype851.a(cfs-cooja.o)
                0x00000000000357a0                simCFSData
                0x0000000000036740                simCFSSize
                0x0000000000036744                simCFSChanged
                0x0000000000036748                simCFSRead
                0x000000000003674c                simCFSWritten
 .bss           0x0000000000036760       0x24 obj_cooja/mtype851.a(cooja-radio.o)
                0x0000000000036760                simReceivingLR
                0x0000000000036764                simInSizeLR
                0x0000000000036768                simOutSizeLR
                0x000000000003676c                simReceiving
                0x0000000000036770                simInSize
                0x0000000000036774                simOutSize
                0x0000000000036778                LongRangeTransmit
                0x000000000003677c                LongRangeReceiving
 .bss           0x0000000000036784        0xc obj_cooja/mtype851.a(eeprom.o)
                0x0000000000036784                simEEPROMChanged
                0x0000000000036788                simEEPROMRead
                0x000000000003678c                simEEPROMWritten
 .bss           0x0000000000036790        0x0 obj_cooja/mtype851.a(random.o)
 .bss           0x0000000000036790        0xc obj_cooja/mtype851.a(sensors.o)
 .bss           0x000000000003679c       0x28 obj_cooja/mtype851.a(dual_conf.o)
                0x000000000003679c                long_range_radio
 .bss           0x00000000000367c4        0x0 obj_cooja/mtype851.a(autostart.o)
 .bss           0x00000000000367c4        0x5 obj_cooja/mtype851.a(ctimer.o)
 *fill*         0x00000000000367c9        0x3 
 .bss           0x00000000000367cc        0x8 obj_cooja/mtype851.a(etimer.o)
 .bss           0x00000000000367d4        0x0 obj_cooja/mtype851.a(log_message.o)
 *fill*         0x00000000000367d4        0xc 
 .bss           0x00000000000367e0      0x1b1 obj_cooja/mtype851.a(process.o)
                0x00000000000367e0                process_list
                0x00000000000367e4                process_current
 .bss           0x0000000000036991        0x0 obj_cooja/mtype851.a(residual.o)
 *fill*         0x0000000000036991        0x3 
 .bss           0x0000000000036994        0x4 obj_cooja/mtype851.a(rtimer.o)
 .bss           0x0000000000036998        0x0 obj_cooja/mtype851.a(stimer.o)
 .bss           0x0000000000036998        0x0 obj_cooja/mtype851.a(timer.o)
 *fill*         0x0000000000036998        0x8 
 .bss           0x00000000000369a0      0x140 obj_cooja/mtype851.a(serial-line.o)
 .bss           0x0000000000036ae0        0x0 obj_cooja/mtype851.a(list.o)
 .bss           0x0000000000036ae0        0x0 obj_cooja/mtype851.a(ringbuf.o)
 .bss           0x0000000000036ae0      0x70c obj_cooja/mtype851.a(sicslowpan.o)
 *fill*         0x00000000000371ec       0x14 
 .bss           0x0000000000037200      0x2d0 obj_cooja/mtype851.a(uip-ds6-nbr.o)
 *fill*         0x00000000000374d0       0x10 
 .bss           0x00000000000374e0      0x568 obj_cooja/mtype851.a(uip-ds6-route.o)
 .bss           0x0000000000037a48       0x30 obj_cooja/mtype851.a(uip-ds6.o)
 .bss           0x0000000000037a78        0xe obj_cooja/mtype851.a(uip6.o)
                0x0000000000037a78                uip_ext_bitmap
                0x0000000000037a79                uip_ext_len
                0x0000000000037a7a                uip_ext_opt_offset
 *fill*         0x0000000000037a86       0x1a 
 .bss           0x0000000000037aa0       0x6b obj_cooja/mtype851.a(tcpip.o)
 .bss           0x0000000000037b0b        0x0 obj_cooja/mtype851.a(uip-debug.o)
 *fill*         0x0000000000037b0b       0x15 
 .bss           0x0000000000037b20      0xcf8 obj_cooja/mtype851.a(uip-packetqueue)
 .bss           0x0000000000038818        0x0 obj_cooja/mtype851.a(uip-udp-packet.)
 *fill*         0x0000000000038818        0x8 
 .bss           0x0000000000038820      0x1fe obj_cooja/mtype851.a(rpl-dag.o)
 .bss           0x0000000000038a1e        0x0 obj_cooja/mtype851.a(rpl-ext-header.)
 .bss           0x0000000000038a1e        0x0 obj_cooja/mtype851.a(rpl-icmp6.o)
 .bss           0x0000000000038a1e        0x0 obj_cooja/mtype851.a(rpl-ltmax.o)
 *fill*         0x0000000000038a1e        0x2 
 .bss           0x0000000000038a20       0x23 obj_cooja/mtype851.a(rpl-timers.o)
 *fill*         0x0000000000038a43        0x1 
 .bss           0x0000000000038a44        0x4 obj_cooja/mtype851.a(rpl.o)
 .bss           0x0000000000038a48        0x2 obj_cooja/mtype851.a(framer-802154.o)
 .bss           0x0000000000038a4a        0x0 obj_cooja/mtype851.a(nullmac.o)
 *fill*         0x0000000000038a4a       0x16 
 .bss           0x0000000000038a60       0xb0 obj_cooja/mtype851.a(cxmac.o)
 .bss           0x0000000000038b10        0x0 obj_cooja/mtype851.a(linkaddr.o)
 *fill*         0x0000000000038b10       0x10 
 .bss           0x0000000000038b20      0x20c obj_cooja/mtype851.a(nbr-table.o)
 .bss           0x0000000000038d2c        0x0 obj_cooja/mtype851.a(netstack.o)
 *fill*         0x0000000000038d2c       0x14 
 .bss           0x0000000000038d40       0xa0 obj_cooja/mtype851.a(packetbuf.o)
 .bss           0x0000000000038de0      0xb80 obj_cooja/mtype851.a(queuebuf.o)
 .bss           0x0000000000039960        0x0 obj_cooja/mtype851.a(nullsec.o)
 .bss           0x0000000000039960        0x0 obj_cooja/mtype851.a(watchdog.o)
 .bss           0x0000000000039960        0x0 obj_cooja/mtype851.a(rimestats.o)
 .bss           0x0000000000039960        0x1 obj_cooja/mtype851.a(leds.o)
 .bss           0x0000000000039961        0x0 obj_cooja/mtype851.a(memb.o)
 *fill*         0x0000000000039961        0x3 
 .bss           0x0000000000039964       0x18 obj_cooja/mtype851.a(uip-icmp6.o)
 .bss           0x000000000003997c        0x0 obj_cooja/mtype851.a(uip-nd6.o)
 *fill*         0x000000000003997c        0x4 
 .bss           0x0000000000039980       0x44 obj_cooja/mtype851.a(rpl-nbr-policy.)
 .bss           0x00000000000399c4        0x0 obj_cooja/mtype851.a(frame802154.o)
 .bss           0x00000000000399c4        0x0 obj_cooja/mtype851.a(mac.o)
 .bss           0x00000000000399c4        0x0 /usr/lib/gcc/i686-linux-gnu/4.8/crtendS.o
 .bss           0x00000000000399c4        0x0 /usr/lib/gcc/i686-linux-gnu/4.8/../../../i386-linux-gnu/crtn.o
 *(COMMON)
 COMMON         0x00000000000399c4       0x48 udp-client.co
                0x00000000000399c4                dio_count
                0x00000000000399c8                dis_count
                0x00000000000399cc                collision_count
                0x00000000000399d0                transmission_count
                0x00000000000399d4                COOJA_radioRxLong
                0x00000000000399d8                control_message_count
                0x00000000000399dc                dao_count
                0x00000000000399e0                COOJA_radioTx
                0x00000000000399e4                data_relay_count
                0x00000000000399e8                data_message_count
                0x00000000000399ec                my_sink_reachability
                0x00000000000399f0                COOJA_radioTxLong
                0x00000000000399f4                COOJA_radioRx
                0x00000000000399f8                my_parent_number
                0x00000000000399fc                COOJA_radioOn
                0x0000000000039a00                COOJA_duration
                0x0000000000039a04                dio_ack_count
                0x0000000000039a08                COOJA_radioOnLong
 COMMON         0x0000000000039a0c        0xc obj_cooja/mtype851.o
                0x0000000000039a0c                referenceVar
                0x0000000000039a10                debugfp
                0x0000000000039a14                sensors_flags
 COMMON         0x0000000000039a18        0xc obj_cooja/mtype851.a(simEnvChange.o)
                0x0000000000039a18                simEtimerPending
                0x0000000000039a1c                simProcessRunValue
                0x0000000000039a20                simNextExpirationTime
 COMMON         0x0000000000039a24        0x1 obj_cooja/mtype851.a(beep.o)
                0x0000000000039a24                simBeeped
 COMMON         0x0000000000039a25        0x3 obj_cooja/mtype851.a(button-sensor.o)
                0x0000000000039a25                simButtonIsActive
                0x0000000000039a26                simButtonIsDown
                0x0000000000039a27                simButtonChanged
 COMMON         0x0000000000039a28        0x1 obj_cooja/mtype851.a(leds-arch.o)
                0x0000000000039a28                simLedsValue
 *fill*         0x0000000000039a29        0x3 
 COMMON         0x0000000000039a2c        0xc obj_cooja/mtype851.a(moteid.o)
                0x0000000000039a2c                simRandomSeed
                0x0000000000039a30                simMoteIDChanged
                0x0000000000039a34                simMoteID
 COMMON         0x0000000000039a38        0x2 obj_cooja/mtype851.a(pir-sensor.o)
                0x0000000000039a38                simPirIsActive
                0x0000000000039a39                simPirChanged
 *fill*         0x0000000000039a3a        0x6 
 COMMON         0x0000000000039a40      0x820 obj_cooja/mtype851.a(rs232.o)
                0x0000000000039a40                simSerialReceivingFlag
                0x0000000000039a44                simSerialReceivingLength
                0x0000000000039a60                simSerialReceivingData
 COMMON         0x000000000003a260        0x2 obj_cooja/mtype851.a(vib-sensor.o)
                0x000000000003a260                simVibChanged
                0x000000000003a261                simVibIsActive
 *fill*         0x000000000003a262        0x2 
 COMMON         0x000000000003a264        0x4 obj_cooja/mtype851.a(clock.o)
                0x000000000003a264                simCurrentTime
 *fill*         0x000000000003a268       0x18 
 COMMON         0x000000000003a280      0x420 obj_cooja/mtype851.a(log.o)
                0x000000000003a280                simLoggedLength
                0x000000000003a284                simLoggedFlag
                0x000000000003a2a0                simLoggedData
 COMMON         0x000000000003a6a0      0x240 obj_cooja/mtype851.a(cooja-radio.o)
                0x000000000003a6a0                simOutDataBuffer
                0x000000000003a720                simRadioTarget
                0x000000000003a740                simInDataBufferLR
                0x000000000003a7c0                simOutDataBufferLR
                0x000000000003a840                dual_duty_cycle_count
                0x000000000003a860                simInDataBuffer
 COMMON         0x000000000003a8e0      0x400 obj_cooja/mtype851.a(eeprom.o)
                0x000000000003a8e0                simEEPROMData
 COMMON         0x000000000003ace0        0x1 obj_cooja/mtype851.a(sensors.o)
                0x000000000003ace0                sensors_event
 *fill*         0x000000000003ace1        0x3 
 COMMON         0x000000000003ace4        0x4 obj_cooja/mtype851.a(log_message.o)
                0x000000000003ace4                log_fp
 COMMON         0x000000000003ace8        0x1 obj_cooja/mtype851.a(serial-line.o)
                0x000000000003ace8                serial_line_event_message
 *fill*         0x000000000003ace9       0x17 
 COMMON         0x000000000003ad00      0x12c obj_cooja/mtype851.a(uip-ds6-nbr.o)
                0x000000000003ad00                ds6_lr_addrmap
 *fill*         0x000000000003ae2c       0x14 
 COMMON         0x000000000003ae40      0x298 obj_cooja/mtype851.a(uip-ds6.o)
                0x000000000003ae40                uip_ds6_prefix_list
                0x000000000003aea0                uip_ds6_timer_periodic
                0x000000000003aeb0                uip_ds6_netif_addr_list_offset
                0x000000000003aec0                uip_ds6_if
                0x000000000003afb8                uip_ds6_timer_ra
                0x000000000003afc0                uip_ds6_addr_size
                0x000000000003afe0                long_uip_ds6_if
 *fill*         0x000000000003b0d8        0x8 
 COMMON         0x000000000003b0e0      0x8ec obj_cooja/mtype851.a(uip6.o)
                0x000000000003b0e0                uip_slen
                0x000000000003b0e2                uip_acc32
                0x000000000003b100                uip_conns
                0x000000000003b1c0                uip_lladdr
                0x000000000003b1c8                uip_appdata
                0x000000000003b1cc                uip_flags
                0x000000000003b1e0                uip_aligned_buf
                0x000000000003b820                uip_listenports
                0x000000000003b830                uip_len
                0x000000000003b832                uip_long_lladdr
                0x000000000003b83c                uip_sappdata
                0x000000000003b840                uip_udp_conns
                0x000000000003b9c0                uip_udp_conn
                0x000000000003b9c4                uip_next_hdr
                0x000000000003b9c8                uip_conn
 COMMON         0x000000000003b9cc        0x1 obj_cooja/mtype851.a(tcpip.o)
                0x000000000003b9cc                tcpip_event
 *fill*         0x000000000003b9cd       0x13 
 COMMON         0x000000000003b9e0      0x198 obj_cooja/mtype851.a(rpl-dag.o)
                0x000000000003b9e0                default_instance
                0x000000000003ba00                instance_table
 COMMON         0x000000000003bb78        0x8 obj_cooja/mtype851.a(cxmac.o)
                0x000000000003bb78                lr_count
                0x000000000003bb7c                sr_count
 COMMON         0x000000000003bb80       0x10 obj_cooja/mtype851.a(linkaddr.o)
                0x000000000003bb80                linkaddr_node_addr
                0x000000000003bb88                long_linkaddr_node_addr
 COMMON         0x000000000003bb90       0x2e obj_cooja/mtype851.a(packetbuf.o)
                0x000000000003bb90                packetbuf_attrs
                0x000000000003bbae                packetbuf_addrs
 *fill*         0x000000000003bbbe        0x2 
 COMMON         0x000000000003bbc0       0x48 obj_cooja/mtype851.a(rimestats.o)
                0x000000000003bbc0                rimestats
                0x000000000003bc08                . = ALIGN ((. != 0x0)?0x4:0x1)
                0x000000000003bc08                . = ALIGN (0x4)
                0x000000000003bc08                . = SEGMENT_START ("ldata-segment", .)
                0x000000000003bc08                . = ALIGN (0x4)
                0x000000000003bc08                _end = .
                0x000000000003bc08                PROVIDE (end, .)
                0x000000000003bc08                . = DATA_SEGMENT_END (.)

.stab
 *(.stab)

.stabstr
 *(.stabstr)

.stab.excl
 *(.stab.excl)

.stab.exclstr
 *(.stab.exclstr)

.stab.index
 *(.stab.index)

.stab.indexstr
 *(.stab.indexstr)

.comment        0x0000000000000000       0x54
 *(.comment)
 .comment       0x0000000000000000       0x29 /usr/lib/gcc/i686-linux-gnu/4.8/crtbeginS.o
                                         0x2a (size before relaxing)
 .comment       0x0000000000000000       0x2a udp-client.co
 .comment       0x0000000000000000       0x2a obj_cooja/mtype851.o
 .comment       0x0000000000000000       0x2a obj_cooja/mtype851.a(simEnvChange.o)
 .comment       0x0000000000000000       0x2a obj_cooja/mtype851.a(cooja_mt.o)
 .comment       0x0000000000000000       0x2a obj_cooja/mtype851.a(cooja_mtarch.o)
 .comment       0x0000000000000000       0x2a obj_cooja/mtype851.a(rtimer-arch.o)
 .comment       0x0000000000000000       0x2a obj_cooja/mtype851.a(beep.o)
 .comment       0x0000000000000000       0x2a obj_cooja/mtype851.a(button-sensor.o)
 .comment       0x0000000000000000       0x2a obj_cooja/mtype851.a(leds-arch.o)
 .comment       0x0000000000000000       0x2a obj_cooja/mtype851.a(moteid.o)
 .comment       0x0000000000000000       0x2a obj_cooja/mtype851.a(pir-sensor.o)
 .comment       0x0000000000000000       0x2a obj_cooja/mtype851.a(rs232.o)
 .comment       0x0000000000000000       0x2a obj_cooja/mtype851.a(vib-sensor.o)
 .comment       0x0000000000000000       0x2a obj_cooja/mtype851.a(clock.o)
 .comment       0x0000000000000000       0x2a obj_cooja/mtype851.a(log.o)
 .comment       0x0000000000000000       0x2a obj_cooja/mtype851.a(cfs-cooja.o)
 .comment       0x0000000000000000       0x2a obj_cooja/mtype851.a(cooja-radio.o)
 .comment       0x0000000000000000       0x2a obj_cooja/mtype851.a(eeprom.o)
 .comment       0x0000000000000000       0x2a obj_cooja/mtype851.a(random.o)
 .comment       0x0000000000000000       0x2a obj_cooja/mtype851.a(sensors.o)
 .comment       0x0000000000000000       0x2a obj_cooja/mtype851.a(dual_conf.o)
 .comment       0x0000000000000000       0x2a obj_cooja/mtype851.a(autostart.o)
 .comment       0x0000000000000000       0x2a obj_cooja/mtype851.a(ctimer.o)
 .comment       0x0000000000000000       0x2a obj_cooja/mtype851.a(etimer.o)
 .comment       0x0000000000000000       0x2a obj_cooja/mtype851.a(log_message.o)
 .comment       0x0000000000000000       0x2a obj_cooja/mtype851.a(process.o)
 .comment       0x0000000000000000       0x2a obj_cooja/mtype851.a(residual.o)
 .comment       0x0000000000000000       0x2a obj_cooja/mtype851.a(rtimer.o)
 .comment       0x0000000000000000       0x2a obj_cooja/mtype851.a(stimer.o)
 .comment       0x0000000000000000       0x2a obj_cooja/mtype851.a(timer.o)
 .comment       0x0000000000000000       0x2a obj_cooja/mtype851.a(serial-line.o)
 .comment       0x0000000000000029       0x2b obj_cooja/mtype851.a(list.o)
                                         0x2c (size before relaxing)
 .comment       0x0000000000000000       0x2a obj_cooja/mtype851.a(ringbuf.o)
 .comment       0x0000000000000000       0x2a obj_cooja/mtype851.a(sicslowpan.o)
 .comment       0x0000000000000000       0x2a obj_cooja/mtype851.a(uip-ds6-nbr.o)
 .comment       0x0000000000000000       0x2a obj_cooja/mtype851.a(uip-ds6-route.o)
 .comment       0x0000000000000000       0x2a obj_cooja/mtype851.a(uip-ds6.o)
 .comment       0x0000000000000000       0x2a obj_cooja/mtype851.a(uip6.o)
 .comment       0x0000000000000000       0x2a obj_cooja/mtype851.a(tcpip.o)
 .comment       0x0000000000000000       0x2a obj_cooja/mtype851.a(uip-debug.o)
 .comment       0x0000000000000000       0x2a obj_cooja/mtype851.a(uip-packetqueue)
 .comment       0x0000000000000000       0x2a obj_cooja/mtype851.a(uip-udp-packet.)
 .comment       0x0000000000000000       0x2a obj_cooja/mtype851.a(rpl-dag.o)
 .comment       0x0000000000000000       0x2a obj_cooja/mtype851.a(rpl-ext-header.)
 .comment       0x0000000000000000       0x2a obj_cooja/mtype851.a(rpl-icmp6.o)
 .comment       0x0000000000000000       0x2a obj_cooja/mtype851.a(rpl-ltmax.o)
 .comment       0x0000000000000000       0x2a obj_cooja/mtype851.a(rpl-timers.o)
 .comment       0x0000000000000000       0x2a obj_cooja/mtype851.a(rpl.o)
 .comment       0x0000000000000000       0x2a obj_cooja/mtype851.a(framer-802154.o)
 .comment       0x0000000000000000       0x2a obj_cooja/mtype851.a(nullmac.o)
 .comment       0x0000000000000000       0x2a obj_cooja/mtype851.a(cxmac.o)
 .comment       0x0000000000000000       0x2a obj_cooja/mtype851.a(linkaddr.o)
 .comment       0x0000000000000000       0x2a obj_cooja/mtype851.a(nbr-table.o)
 .comment       0x0000000000000000       0x2a obj_cooja/mtype851.a(netstack.o)
 .comment       0x0000000000000000       0x2a obj_cooja/mtype851.a(packetbuf.o)
 .comment       0x0000000000000000       0x2a obj_cooja/mtype851.a(queuebuf.o)
 .comment       0x0000000000000000       0x2a obj_cooja/mtype851.a(nullsec.o)
 .comment       0x0000000000000000       0x2a obj_cooja/mtype851.a(watchdog.o)
 .comment       0x0000000000000000       0x2c obj_cooja/mtype851.a(rimestats.o)
 .comment       0x0000000000000000       0x2a obj_cooja/mtype851.a(leds.o)
 .comment       0x0000000000000000       0x2a obj_cooja/mtype851.a(memb.o)
 .comment       0x0000000000000000       0x2a obj_cooja/mtype851.a(uip-icmp6.o)
 .comment       0x0000000000000000       0x2a obj_cooja/mtype851.a(uip-nd6.o)
 .comment       0x0000000000000000       0x2a obj_cooja/mtype851.a(rpl-nbr-policy.)
 .comment       0x0000000000000000       0x2a obj_cooja/mtype851.a(frame802154.o)
 .comment       0x0000000000000000       0x2a obj_cooja/mtype851.a(mac.o)
 .comment       0x0000000000000000       0x2a /usr/lib/gcc/i686-linux-gnu/4.8/crtendS.o

.debug
 *(.debug)

.line
 *(.line)

.debug_srcinfo
 *(.debug_srcinfo)

.debug_sfnames
 *(.debug_sfnames)

.debug_aranges  0x0000000000000000      0x838
 *(.debug_aranges)
 .debug_aranges
                0x0000000000000000       0x20 udp-client.co
 .debug_aranges
                0x0000000000000020       0x20 obj_cooja/mtype851.o
 .debug_aranges
                0x0000000000000040       0x20 obj_cooja/mtype851.a(simEnvChange.o)
 .debug_aranges
                0x0000000000000060       0x20 obj_cooja/mtype851.a(cooja_mt.o)
 .debug_aranges
                0x0000000000000080       0x20 obj_cooja/mtype851.a(cooja_mtarch.o)
 .debug_aranges
                0x00000000000000a0       0x20 obj_cooja/mtype851.a(rtimer-arch.o)
 .debug_aranges
                0x00000000000000c0       0x20 obj_cooja/mtype851.a(beep.o)
 .debug_aranges
                0x00000000000000e0       0x20 obj_cooja/mtype851.a(button-sensor.o)
 .debug_aranges
                0x0000000000000100       0x20 obj_cooja/mtype851.a(leds-arch.o)
 .debug_aranges
                0x0000000000000120       0x20 obj_cooja/mtype851.a(moteid.o)
 .debug_aranges
                0x0000000000000140       0x20 obj_cooja/mtype851.a(pir-sensor.o)
 .debug_aranges
                0x0000000000000160       0x20 obj_cooja/mtype851.a(rs232.o)
 .debug_aranges
                0x0000000000000180       0x20 obj_cooja/mtype851.a(vib-sensor.o)
 .debug_aranges
                0x00000000000001a0       0x20 obj_cooja/mtype851.a(clock.o)
 .debug_aranges
                0x00000000000001c0       0x20 obj_cooja/mtype851.a(log.o)
 .debug_aranges
                0x00000000000001e0       0x20 obj_cooja/mtype851.a(cfs-cooja.o)
 .debug_aranges
                0x0000000000000200       0x20 obj_cooja/mtype851.a(cooja-radio.o)
 .debug_aranges
                0x0000000000000220       0x20 obj_cooja/mtype851.a(eeprom.o)
 .debug_aranges
                0x0000000000000240       0x20 obj_cooja/mtype851.a(random.o)
 .debug_aranges
                0x0000000000000260       0x20 obj_cooja/mtype851.a(sensors.o)
 .debug_aranges
                0x0000000000000280       0x20 obj_cooja/mtype851.a(dual_conf.o)
 .debug_aranges
                0x00000000000002a0       0x20 obj_cooja/mtype851.a(autostart.o)
 .debug_aranges
                0x00000000000002c0       0x20 obj_cooja/mtype851.a(ctimer.o)
 .debug_aranges
                0x00000000000002e0       0x20 obj_cooja/mtype851.a(etimer.o)
 .debug_aranges
                0x0000000000000300       0x20 obj_cooja/mtype851.a(log_message.o)
 .debug_aranges
                0x0000000000000320       0x20 obj_cooja/mtype851.a(process.o)
 .debug_aranges
                0x0000000000000340       0x20 obj_cooja/mtype851.a(residual.o)
 .debug_aranges
                0x0000000000000360       0x20 obj_cooja/mtype851.a(rtimer.o)
 .debug_aranges
                0x0000000000000380       0x20 obj_cooja/mtype851.a(stimer.o)
 .debug_aranges
                0x00000000000003a0       0x20 obj_cooja/mtype851.a(timer.o)
 .debug_aranges
                0x00000000000003c0       0x20 obj_cooja/mtype851.a(serial-line.o)
 .debug_aranges
                0x00000000000003e0       0x20 obj_cooja/mtype851.a(list.o)
 .debug_aranges
                0x0000000000000400       0x20 obj_cooja/mtype851.a(ringbuf.o)
 .debug_aranges
                0x0000000000000420       0x20 obj_cooja/mtype851.a(sicslowpan.o)
 .debug_aranges
                0x0000000000000440       0x20 obj_cooja/mtype851.a(uip-ds6-nbr.o)
 .debug_aranges
                0x0000000000000460       0x20 obj_cooja/mtype851.a(uip-ds6-route.o)
 .debug_aranges
                0x0000000000000480       0x20 obj_cooja/mtype851.a(uip-ds6.o)
 .debug_aranges
                0x00000000000004a0       0x20 obj_cooja/mtype851.a(uip6.o)
 .debug_aranges
                0x00000000000004c0       0x20 obj_cooja/mtype851.a(tcpip.o)
 .debug_aranges
                0x00000000000004e0       0x20 obj_cooja/mtype851.a(uip-debug.o)
 .debug_aranges
                0x0000000000000500       0x20 obj_cooja/mtype851.a(uip-packetqueue)
 .debug_aranges
                0x0000000000000520       0x20 obj_cooja/mtype851.a(uip-udp-packet.)
 .debug_aranges
                0x0000000000000540       0x20 obj_cooja/mtype851.a(rpl-dag.o)
 .debug_aranges
                0x0000000000000560       0x20 obj_cooja/mtype851.a(rpl-ext-header.)
 .debug_aranges
                0x0000000000000580       0x20 obj_cooja/mtype851.a(rpl-icmp6.o)
 .debug_aranges
                0x00000000000005a0       0x20 obj_cooja/mtype851.a(rpl-ltmax.o)
 .debug_aranges
                0x00000000000005c0       0x20 obj_cooja/mtype851.a(rpl-timers.o)
 .debug_aranges
                0x00000000000005e0       0x20 obj_cooja/mtype851.a(rpl.o)
 .debug_aranges
                0x0000000000000600       0x20 obj_cooja/mtype851.a(framer-802154.o)
 .debug_aranges
                0x0000000000000620       0x20 obj_cooja/mtype851.a(nullmac.o)
 .debug_aranges
                0x0000000000000640       0x20 obj_cooja/mtype851.a(cxmac.o)
 .debug_aranges
                0x0000000000000660       0x20 obj_cooja/mtype851.a(linkaddr.o)
 .debug_aranges
                0x0000000000000680       0x20 obj_cooja/mtype851.a(nbr-table.o)
 .debug_aranges
                0x00000000000006a0       0x20 obj_cooja/mtype851.a(netstack.o)
 .debug_aranges
                0x00000000000006c0       0x20 obj_cooja/mtype851.a(packetbuf.o)
 .debug_aranges
                0x00000000000006e0       0x20 obj_cooja/mtype851.a(queuebuf.o)
 .debug_aranges
                0x0000000000000700       0x20 obj_cooja/mtype851.a(nullsec.o)
 .debug_aranges
                0x0000000000000720       0x20 obj_cooja/mtype851.a(watchdog.o)
 .debug_aranges
                0x0000000000000740       0x18 obj_cooja/mtype851.a(rimestats.o)
 .debug_aranges
                0x0000000000000758       0x20 obj_cooja/mtype851.a(leds.o)
 .debug_aranges
                0x0000000000000778       0x20 obj_cooja/mtype851.a(memb.o)
 .debug_aranges
                0x0000000000000798       0x20 obj_cooja/mtype851.a(uip-icmp6.o)
 .debug_aranges
                0x00000000000007b8       0x20 obj_cooja/mtype851.a(uip-nd6.o)
 .debug_aranges
                0x00000000000007d8       0x20 obj_cooja/mtype851.a(rpl-nbr-policy.)
 .debug_aranges
                0x00000000000007f8       0x20 obj_cooja/mtype851.a(frame802154.o)
 .debug_aranges
                0x0000000000000818       0x20 obj_cooja/mtype851.a(mac.o)

.debug_pubnames
 *(.debug_pubnames)

.debug_info     0x0000000000000000    0x1d019
 *(.debug_info .gnu.linkonce.wi.*)
 .debug_info    0x0000000000000000      0xa22 udp-client.co
 .debug_info    0x0000000000000a22     0x3ac4 obj_cooja/mtype851.o
 .debug_info    0x00000000000044e6      0x15a obj_cooja/mtype851.a(simEnvChange.o)
 .debug_info    0x0000000000004640      0x1e2 obj_cooja/mtype851.a(cooja_mt.o)
 .debug_info    0x0000000000004822      0x2e7 obj_cooja/mtype851.a(cooja_mtarch.o)
 .debug_info    0x0000000000004b09      0x16b obj_cooja/mtype851.a(rtimer-arch.o)