Archive member included to satisfy reference by file (symbol)

obj_cooja/mtype983.a(simEnvChange.o)
                              obj_cooja/mtype983.o (simDontFallAsleep)
obj_cooja/mtype983.a(cooja_mt.o)
                              obj_cooja/mtype983.o (cooja_mt_start)
obj_cooja/mtype983.a(cooja_mtarch.o)
                              obj_cooja/mtype983.a(cooja_mt.o) (cooja_mtarch_init)
obj_cooja/mtype983.a(rtimer-arch.o)
                              obj_cooja/mtype983.o (rtimer_arch_next)
obj_cooja/mtype983.a(beep.o)  obj_cooja/mtype983.o (beep_interface)
obj_cooja/mtype983.a(button-sensor.o)
                              obj_cooja/mtype983.o (button_interface)
obj_cooja/mtype983.a(leds-arch.o)
                              obj_cooja/mtype983.o (leds_interface)
obj_cooja/mtype983.a(moteid.o)
                              obj_cooja/mtype983.o (moteid_interface)
obj_cooja/mtype983.a(pir-sensor.o)
                              obj_cooja/mtype983.o (pir_interface)
obj_cooja/mtype983.a(rs232.o)
                              obj_cooja/mtype983.o (rs232_interface)
obj_cooja/mtype983.a(vib-sensor.o)
                              obj_cooja/mtype983.o (vib_interface)
obj_cooja/mtype983.a(clock.o)
                              obj_cooja/mtype983.o (clock_interface)
obj_cooja/mtype983.a(log.o)   obj_cooja/mtype983.o (simlog_interface)
obj_cooja/mtype983.a(cfs-cooja.o)
                              obj_cooja/mtype983.o (cfs_interface)
obj_cooja/mtype983.a(cooja-radio.o)
                              obj_cooja/mtype983.o (radio_interface)
obj_cooja/mtype983.a(eeprom.o)
                              obj_cooja/mtype983.o (eeprom_interface)
obj_cooja/mtype983.a(random.o)
                              obj_cooja/mtype983.a(moteid.o) (random_init)
obj_cooja/mtype983.a(sensors.o)
                              obj_cooja/mtype983.o (sensors_process)
obj_cooja/mtype983.a(dual_conf.o)
                              obj_cooja/mtype983.a(cooja-radio.o) (long_range_radio)
obj_cooja/mtype983.a(autostart.o)
                              obj_cooja/mtype983.o (autostart_start)
obj_cooja/mtype983.a(ctimer.o)
                              obj_cooja/mtype983.o (ctimer_init)
obj_cooja/mtype983.a(etimer.o)
                              obj_cooja/mtype983.o (etimer_process)
obj_cooja/mtype983.a(log_message.o)
                              obj_cooja/mtype983.o (log_fp)
obj_cooja/mtype983.a(process.o)
                              udp-client.co (process_current)
obj_cooja/mtype983.a(residual.o)
                              udp-client.co (get_residual_energy)
obj_cooja/mtype983.a(rtimer.o)
                              obj_cooja/mtype983.a(rtimer-arch.o) (rtimer_run_next)
obj_cooja/mtype983.a(stimer.o)
                              udp-client.co (stimer_remaining)
obj_cooja/mtype983.a(timer.o)
                              obj_cooja/mtype983.a(button-sensor.o) (timer_set)
obj_cooja/mtype983.a(serial-line.o)
                              udp-client.co (serial_line_event_message)
obj_cooja/mtype983.a(list.o)  obj_cooja/mtype983.a(ctimer.o) (list_init)
obj_cooja/mtype983.a(ringbuf.o)
                              obj_cooja/mtype983.a(serial-line.o) (ringbuf_init)
obj_cooja/mtype983.a(sicslowpan.o)
                              obj_cooja/mtype983.o (sicslowpan_driver)
obj_cooja/mtype983.a(uip-ds6-nbr.o)
                              obj_cooja/mtype983.a(sicslowpan.o) (uip_ds6_link_neighbor_callback)
obj_cooja/mtype983.a(uip-ds6-route.o)
                              udp-client.co (uip_ds6_route_nexthop)
obj_cooja/mtype983.a(uip-ds6.o)
                              udp-client.co (uip_ds6_if)
obj_cooja/mtype983.a(uip6.o)  udp-client.co (uip_lladdr)
obj_cooja/mtype983.a(tcpip.o)
                              udp-client.co (tcpip_event)
obj_cooja/mtype983.a(uip-debug.o)
                              udp-client.co (uip_debug_ipaddr_print)
obj_cooja/mtype983.a(uip-packetqueue)
                              obj_cooja/mtype983.a(uip-ds6-nbr.o) (uip_packetqueue_new)
obj_cooja/mtype983.a(uip-udp-packet.)
                              udp-client.co (uip_udp_packet_sendto)
obj_cooja/mtype983.a(rpl-dag.o)
                              obj_cooja/mtype983.a(tcpip.o) (rpl_repair_root)
obj_cooja/mtype983.a(rpl-ext-header.)
                              obj_cooja/mtype983.a(uip6.o) (rpl_verify_header)
obj_cooja/mtype983.a(rpl-icmp6.o)
                              obj_cooja/mtype983.a(rpl-dag.o) (rpl_icmp6_update_nbr_table)
obj_cooja/mtype983.a(rpl-ltmax-of.o)
                              obj_cooja/mtype983.a(rpl-dag.o) (rpl_ltmax_of)
obj_cooja/mtype983.a(rpl-timers.o)
                              obj_cooja/mtype983.a(rpl-dag.o) (rpl_reset_dio_timer)
obj_cooja/mtype983.a(rpl.o)   obj_cooja/mtype983.a(rpl-icmp6.o) (rpl_get_mode)
obj_cooja/mtype983.a(framer-802154.o)
                              obj_cooja/mtype983.a(sicslowpan.o) (framer_802154)
obj_cooja/mtype983.a(nullmac.o)
                              obj_cooja/mtype983.o (nullmac_driver)
[...]
Memory Configuration

Name             Origin             Length             Attributes
*default*        0x0000000000000000 0xffffffffffffffff

Linker script and memory map

LOAD /usr/lib/gcc/i686-linux-gnu/4.8/../../../i386-linux-gnu/crti.o
LOAD /usr/lib/gcc/i686-linux-gnu/4.8/crtbeginS.o
LOAD udp-client.co
LOAD obj_cooja/mtype983.o
LOAD obj_cooja/mtype983.a
LOAD /usr/lib/gcc/i686-linux-gnu/4.8/libgcc.a
LOAD /usr/lib/gcc/i686-linux-gnu/4.8/libgcc_s.so
LOAD /usr/lib/gcc/i686-linux-gnu/4.8/../../../i386-linux-gnu/libc.so
START GROUP
LOAD /lib/i386-linux-gnu/libc.so.6
LOAD /usr/lib/i386-linux-gnu/libc_nonshared.a
LOAD /lib/i386-linux-gnu/ld-linux.so.2
END GROUP
LOAD /usr/lib/gcc/i686-linux-gnu/4.8/libgcc.a
LOAD /usr/lib/gcc/i686-linux-gnu/4.8/libgcc_s.so
LOAD /usr/lib/gcc/i686-linux-gnu/4.8/crtendS.o
LOAD /usr/lib/gcc/i686-linux-gnu/4.8/../../../i386-linux-gnu/crtn.o
                0x0000000000000114                . = (0x0 + SIZEOF_HEADERS)

.note.gnu.build-id
                0x0000000000000114       0x24
 *(.note.gnu.build-id)
 .note.gnu.build-id
                0x0000000000000114       0x24 /usr/lib/gcc/i686-linux-gnu/4.8/../../../i386-linux-gnu/crti.o

.hash
 *(.hash)

.gnu.hash       0x0000000000000138     0x1324
 *(.gnu.hash)
 .gnu.hash      0x0000000000000138     0x1324 /usr/lib/gcc/i686-linux-gnu/4.8/../../../i386-linux-gnu/crti.o

.dynsym         0x000000000000145c     0x2540
 *(.dynsym)
 .dynsym        0x000000000000145c     0x2540 /usr/lib/gcc/i686-linux-gnu/4.8/../../../i386-linux-gnu/crti.o

.dynstr         0x000000000000399c     0x2659
 *(.dynstr)
 .dynstr        0x000000000000399c     0x2659 /usr/lib/gcc/i686-linux-gnu/4.8/../../../i386-linux-gnu/crti.o

.gnu.version    0x0000000000005ff6      0x4a8
 *(.gnu.version)
 .gnu.version   0x0000000000005ff6      0x4a8 /usr/lib/gcc/i686-linux-gnu/4.8/../../../i386-linux-gnu/crti.o

.gnu.version_d  0x00000000000064a0        0x0
 *(.gnu.version_d)
 .gnu.version_d
                0x0000000000000000        0x0 /usr/lib/gcc/i686-linux-gnu/4.8/../../../i386-linux-gnu/crti.o

.gnu.version_r  0x00000000000064a0       0x50
 *(.gnu.version_r)
 .gnu.version_r
                0x00000000000064a0       0x50 /usr/lib/gcc/i686-linux-gnu/4.8/../../../i386-linux-gnu/crti.o

.rel.dyn        0x00000000000064f0     0x8ec8
 *(.rel.init)
 .rel.init      0x0000000000000000        0x0 /usr/lib/gcc/i686-linux-gnu/4.8/../../../i386-linux-gnu/crti.o
 *(.rel.text .rel.text.* .rel.gnu.linkonce.t.*)
 .rel.text      0x00000000000064f0     0x8738 /usr/lib/gcc/i686-linux-gnu/4.8/../../../i386-linux-gnu/crti.o
 *(.rel.fini)
 .rel.fini      0x0000000000000000        0x0 /usr/lib/gcc/i686-linux-gnu/4.8/../../../i386-linux-gnu/crti.o
 *(.rel.rodata .rel.rodata.* .rel.gnu.linkonce.r.*)
 .rel.rodata    0x000000000000ec28      0x4e0 /usr/lib/gcc/i686-linux-gnu/4.8/../../../i386-linux-gnu/crti.o
 *(.rel.data.rel.ro .rel.data.rel.ro.* .rel.gnu.linkonce.d.rel.ro.*)
 *(.rel.data .rel.data.* .rel.gnu.linkonce.d.*)
 .rel.data.rel  0x000000000000f108        0x8 /usr/lib/gcc/i686-linux-gnu/4.8/../../../i386-linux-gnu/crti.o
 .rel.data      0x000000000000f110      0x270 /usr/lib/gcc/i686-linux-gnu/4.8/../../../i386-linux-gnu/crti.o
 *(.rel.tdata .rel.tdata.* .rel.gnu.linkonce.td.*)
 *(.rel.tbss .rel.tbss.* .rel.gnu.linkonce.tb.*)
 *(.rel.ctors)
 *(.rel.dtors)
 *(.rel.got)
 .rel.got       0x000000000000f380       0x28 /usr/lib/gcc/i686-linux-gnu/4.8/../../../i386-linux-gnu/crti.o
 *(.rel.bss .rel.bss.* .rel.gnu.linkonce.b.*)
 *(.rel.ifunc)
 .rel.ifunc     0x0000000000000000        0x0 /usr/lib/gcc/i686-linux-gnu/4.8/../../../i386-linux-gnu/crti.o
 .rel.fini_array
                0x000000000000f3a8        0x8 /usr/lib/gcc/i686-linux-gnu/4.8/../../../i386-linux-gnu/crti.o
 .rel.init_array
                0x000000000000f3b0        0x8 /usr/lib/gcc/i686-linux-gnu/4.8/../../../i386-linux-gnu/crti.o

.rel.plt        0x000000000000f3b8       0x10
 *(.rel.plt)
 .rel.plt       0x000000000000f3b8       0x10 /usr/lib/gcc/i686-linux-gnu/4.8/../../../i386-linux-gnu/crti.o
 *(.rel.iplt)

.init           0x000000000000f3c8       0x23
 *(SORT(.init))
 .init          0x000000000000f3c8       0x1e /usr/lib/gcc/i686-linux-gnu/4.8/../../../i386-linux-gnu/crti.o
                0x000000000000f3c8                _init
 .init          0x000000000000f3e6        0x5 /usr/lib/gcc/i686-linux-gnu/4.8/../../../i386-linux-gnu/crtn.o

.plt            0x000000000000f3f0       0x30
 *(.plt)
 .plt           0x000000000000f3f0       0x30 /usr/lib/gcc/i686-linux-gnu/4.8/../../../i386-linux-gnu/crti.o
 *(.iplt)

.text           0x000000000000f420    0x16086
 *(.text.unlikely .text.*_unlikely .text.unlikely.*)
 *(.text.exit .text.exit.*)
 *(.text.startup .text.startup.*)
 *(.text.hot .text.hot.*)
 *(.text .stub .text.* .gnu.linkonce.t.*)
 .text          0x000000000000f420        0x0 /usr/lib/gcc/i686-linux-gnu/4.8/../../../i386-linux-gnu/crti.o
 .gnu.linkonce.t.__x86.get_pc_thunk.bx
                0x000000000000f420        0x4 /usr/lib/gcc/i686-linux-gnu/4.8/../../../i386-linux-gnu/crti.o
                0x000000000000f420                __x86.get_pc_thunk.bx
 *fill*         0x000000000000f424        0xc 
 .text          0x000000000000f430      0x11b /usr/lib/gcc/i686-linux-gnu/4.8/crtbeginS.o
 .text          0x000000000000f54b      0x5e1 udp-client.co
 .text          0x000000000000fb2c      0x9c8 obj_cooja/mtype983.o
                0x000000000000fcda                contiki_init
                0x000000000001030b                Java_org_contikios_cooja_corecomm_Lib10_init
                0x000000000001034b                Java_org_contikios_cooja_corecomm_Lib10_getMemory
                0x000000000001038b                Java_org_contikios_cooja_corecomm_Lib10_setMemory
                0x0000000000010402                Java_org_contikios_cooja_corecomm_Lib10_tick
                0x00000000000104e2                Java_org_contikios_cooja_corecomm_Lib10_setReferenceAddress
 .text          0x00000000000104f4       0x63 obj_cooja/mtype983.a(simEnvChange.o)
                0x00000000000104f4                doActionsBeforeTick
                0x0000000000010525                doActionsAfterTick
 .text          0x0000000000010557       0xbc obj_cooja/mtype983.a(cooja_mt.o)
                0x0000000000010557                cooja_mt_init
                0x0000000000010564                cooja_mt_remove
                0x0000000000010571                cooja_mt_start
                0x000000000001059e                cooja_mt_exec
                0x00000000000105cf                cooja_mt_exit
                0x00000000000105f1                cooja_mt_yield
 .text          0x0000000000010613      0x115 obj_cooja/mtype983.a(cooja_mtarch.o)
                0x0000000000010613                cooja_mtarch_init
                0x0000000000010618                cooja_mtarch_start
                0x0000000000010693                cooja_sw
                0x00000000000106b5                cooja_mtarch_exec
                0x00000000000106d1                cooja_mtarch_remove
                0x00000000000106d6                cooja_mtarch_yield
                0x00000000000106e0                cooja_mtarch_pstop
                0x00000000000106e5                cooja_mtarch_pstart
                0x00000000000106ea                cooja_mtarch_stack_usage
 .text          0x0000000000010728       0xc2 obj_cooja/mtype983.a(rtimer-arch.o)
                0x0000000000010728                rtimer_arch_init
                0x000000000001074b                rtimer_arch_schedule
                0x0000000000010762                rtimer_arch_next
                0x000000000001076c                rtimer_arch_pending
                0x0000000000010776                rtimer_arch_check
                0x00000000000107a8                rtimer_arch_now
 .text          0x00000000000107ea       0x76 obj_cooja/mtype983.a(beep.o)
                0x00000000000107ea                beep_alarm
                0x00000000000107f6                beep_beep
                0x0000000000010802                beep
                0x000000000001080e                beep_down
                0x000000000001081a                beep_on
                0x0000000000010826                beep_off
                0x0000000000010832                beep_spinup
                0x000000000001083e                beep_quick
                0x000000000001084a                beep_long
 .text          0x0000000000010860      0x103 obj_cooja/mtype983.a(button-sensor.o)
 .text          0x0000000000010963       0x45 obj_cooja/mtype983.a(leds-arch.o)
                0x0000000000010963                leds_arch_init
                0x000000000001096f                leds_arch_get
                0x000000000001097b                leds_arch_set
 .text          0x00000000000109a8       0x2f obj_cooja/mtype983.a(moteid.o)
 .text          0x00000000000109d7       0xb1 obj_cooja/mtype983.a(pir-sensor.o)
 .text          0x0000000000010a88      0x131 obj_cooja/mtype983.a(rs232.o)
                0x0000000000010a88                rs232_init
                0x0000000000010a8d                rs232_set_speed
                0x0000000000010a9b                rs232_set_input
                0x0000000000010aa8                rs232_send
                0x0000000000010aca                rs232_print
                0x0000000000010ae5                slip_arch_writeb
 .text          0x0000000000010bb9       0xb1 obj_cooja/mtype983.a(vib-sensor.o)
 .text          0x0000000000010c6a       0x34 obj_cooja/mtype983.a(clock.o)
                0x0000000000010c6a                clock_init
                0x0000000000010c6f                clock_time
                0x0000000000010c79                clock_seconds
                0x0000000000010c8f                clock_delay
 .text          0x0000000000010c9e      0x1ed obj_cooja/mtype983.a(log.o)
                0x0000000000010c9e                simlog_char
                0x0000000000010ce0                simlog
                0x0000000000010d4d                log_message
                0x0000000000010d75                log_set_putchar_with_slip
                0x0000000000010d82                log_putchar
                0x0000000000010e06                log_puts
                0x0000000000010e2a                log_printf
 .text          0x0000000000010e8b      0x2c4 obj_cooja/mtype983.a(cfs-cooja.o)
                0x0000000000010e8b                cfs_open
                0x0000000000010ef4                cfs_close
                0x0000000000010f00                cfs_read
                0x0000000000010f9e                cfs_write
                0x000000000001107b                cfs_seek
                0x0000000000011103                cfs_remove
                0x000000000001112c                cfs_opendir
                0x0000000000011136                cfs_readdir
                0x0000000000011140                cfs_closedir
 .text          0x000000000001114f      0x58f obj_cooja/mtype983.a(cooja-radio.o)
                0x0000000000011179                radio_set_channel
                0x000000000001118e                radio_set_txpower
                0x00000000000111ae                radio_signal_strength_last
                0x00000000000111b8                radio_signal_strength_current
                0x00000000000111c2                radio_LQI
 .text          0x00000000000116de       0xef obj_cooja/mtype983.a(eeprom.o)
                0x00000000000116de                eeprom_init
                0x00000000000116e3                eeprom_read
                0x0000000000011753                eeprom_write
 .text          0x00000000000117cd       0x28 obj_cooja/mtype983.a(random.o)
                0x00000000000117cd                random_init
                0x00000000000117e8                random_rand
 .text          0x00000000000117f5      0x2a1 obj_cooja/mtype983.a(sensors.o)
                0x0000000000011830                sensors_first
                0x000000000001183a                sensors_next
                0x0000000000011857                sensors_changed
                0x0000000000011886                sensors_find
 .text          0x0000000000011a96      0x37d obj_cooja/mtype983.a(dual_conf.o)
                0x0000000000011a96                dual_radio_switch
                0x0000000000011ad6                dual_radio_change
                0x0000000000011b10                sending_in_LR
                0x0000000000011b3b                dual_radio_received
                0x0000000000011b73                radio_received_is_longrange
                0x0000000000011da0                dio_broadcast
                0x0000000000011dc9                dis_broadcast
                0x0000000000011dea                dio_ack_broadcast
 .text          0x0000000000011e13       0x8e obj_cooja/mtype983.a(autostart.o)
                0x0000000000011e13                autostart_start
                0x0000000000011e5e                autostart_exit
 .text          0x0000000000011ea1      0x334 obj_cooja/mtype983.a(ctimer.o)
                0x0000000000011fb8                ctimer_init
                0x0000000000011fe8                ctimer_set
                0x0000000000012019                ctimer_set_with_process
                0x0000000000012095                ctimer_reset
                0x00000000000120e4                ctimer_restart
                0x0000000000012133                ctimer_stop
                0x000000000001217e                ctimer_expired
 .text          0x00000000000121d5      0x40b obj_cooja/mtype983.a(etimer.o)
                0x00000000000123e8                etimer_request_poll
                0x000000000001246c                etimer_set
                0x0000000000012491                etimer_reset_with_new_interval
                0x00000000000124b8                etimer_reset
                0x00000000000124d6                etimer_restart
                0x00000000000124f4                etimer_adjust
                0x0000000000012510                etimer_expired
                0x0000000000012523                etimer_expiration_time
                0x0000000000012535                etimer_start_time
                0x000000000001253f                etimer_pending
                0x0000000000012551                etimer_next_expiration_time
                0x000000000001256b                etimer_stop
 .text          0x00000000000125e0       0x8d obj_cooja/mtype983.a(log_message.o)
                0x00000000000125e0                log_initialization
                0x000000000001264c                log_finisher
 .text          0x000000000001266d      0x560 obj_cooja/mtype983.a(process.o)
                0x000000000001266d                process_alloc_event
                0x0000000000012682                process_start
                0x000000000001286b                process_exit
                0x0000000000012887                process_init
                0x0000000000012a58                process_run
                0x0000000000012a8b                process_nevents
                0x0000000000012aa6                process_post
                0x0000000000012b52                process_post_synch
                0x0000000000012b8a                process_poll
                0x0000000000012bb9                process_is_running
 .text          0x0000000000012bcd       0xd3 obj_cooja/mtype983.a(residual.o)
                0x0000000000012bcd                get_residual_energy
 .text          0x0000000000012ca0       0xba obj_cooja/mtype983.a(rtimer.o)
                0x0000000000012ca0                rtimer_init
                0x0000000000012cad                rtimer_set
                0x0000000000012d04                rtimer_run_next
 .text          0x0000000000012d5a       0xa3 obj_cooja/mtype983.a(stimer.o)
                0x0000000000012d5a                stimer_set
                0x0000000000012d75                stimer_reset
                0x0000000000012d8c                stimer_restart
                0x0000000000012d9e                stimer_expired
                0x0000000000012dc5                stimer_remaining
                0x0000000000012de9                stimer_elapsed
 .text          0x0000000000012dfd       0x91 obj_cooja/mtype983.a(timer.o)
                0x0000000000012dfd                timer_set
                0x0000000000012e18                timer_reset
                0x0000000000012e2f                timer_restart
                0x0000000000012e41                timer_expired
                0x0000000000012e6a                timer_remaining
 .text          0x0000000000012e8e      0x1fb obj_cooja/mtype983.a(serial-line.o)
                0x0000000000012e8e                serial_line_input_byte
                0x0000000000013051                serial_line_init
 .text          0x0000000000013089      0x244 obj_cooja/mtype983.a(list.o)
                0x0000000000013089                list_init
                0x0000000000013097                list_head
                0x00000000000130a1                list_copy
                0x00000000000130b0                list_tail
                0x00000000000130e6                list_add
                0x000000000001312f                list_push
                0x000000000001315b                list_chop
                0x00000000000131c5                list_pop
                0x00000000000131ed                list_remove
                0x0000000000013254                list_length
                0x0000000000013282                list_insert
                0x00000000000132b6                list_item_next
 .text          0x00000000000132cd      0x155 obj_cooja/mtype983.a(ringbuf.o)
                0x00000000000132cd                ringbuf_init
                0x00000000000132fe                ringbuf_put
                0x000000000001337c                ringbuf_get
                0x00000000000133e9                ringbuf_size
                0x00000000000133fb                ringbuf_elements
 .text          0x0000000000013422     0x258b obj_cooja/mtype983.a(sicslowpan.o)
                0x00000000000139ac                rime_sniffer_add
                0x00000000000139b9                rime_sniffer_remove
                0x000000000001594c                sicslowpan_init
                0x00000000000159a3                sicslowpan_get_last_rssi
 .text          0x00000000000159ad      0x2dc obj_cooja/mtype983.a(uip-ds6-nbr.o)
                0x00000000000159ca                uip_ds6_neighbors_init
                0x00000000000159e7                uip_ds6_nbr_add
                0x0000000000015a98                uip_ds6_nbr_rm
                0x0000000000015af5                uip_ds6_nbr_get_ipaddr
                0x0000000000015b0a                uip_ds6_nbr_get_ll
                0x0000000000015b26                uip_ds6_nbr_num
                0x0000000000015b6b                uip_ds6_nbr_lookup
                0x0000000000015bd0                uip_ds6_nbr_ll_lookup
                0x0000000000015bec                uip_ds6_nbr_ipaddr_from_lladdr
                0x0000000000015c12                uip_ds6_nbr_lladdr_from_ipaddr
                0x0000000000015c40                uip_ds6_link_neighbor_callback
 .text          0x0000000000015c89      0x916 obj_cooja/mtype983.a(uip-ds6-route.o)
                0x0000000000015d00                uip_ds6_notification_add
                0x0000000000015d31                uip_ds6_notification_rm
                0x0000000000015d4d                uip_ds6_route_init
                0x0000000000015dd5                uip_ds6_route_nexthop
                0x0000000000015dfd                uip_ds6_route_head
                0x0000000000015e12                uip_ds6_route_next
                0x0000000000015e38                uip_ds6_route_is_nexthop
                0x0000000000015e77                uip_ds6_route_num_routes
                0x0000000000015e81                uip_ds6_route_lookup
                0x0000000000015f43                uip_ds6_route_add
                0x0000000000016177                uip_ds6_route_rm
                0x000000000001630b                uip_ds6_route_rm_by_nexthop
                0x0000000000016343                uip_ds6_defrt_add
                0x00000000000163f4                uip_ds6_defrt_rm
                0x0000000000016473                uip_ds6_defrt_lookup
                0x00000000000164cc                uip_ds6_defrt_choose
                0x0000000000016537                uip_ds6_defrt_periodic
 .text          0x000000000001659f     0x12ad obj_cooja/mtype983.a(uip-ds6.o)
                0x000000000001659f                uip_ds6_init
                0x00000000000168f4                uip_ds6_periodic
                0x00000000000169cc                uip_ds6_list_loop
                0x0000000000016a73                uip_ds6_prefix_add
                0x0000000000016b31                uip_ds6_prefix_rm
                0x0000000000016b43                uip_ds6_prefix_lookup
                0x0000000000016b94                uip_ds6_is_addr_onlink
                0x0000000000016c08                uip_ds6_addr_add
                0x0000000000016d36                uip_ds6_long_addr_add
                0x0000000000016e64                uip_ds6_addr_rm
                0x0000000000016f04                uip_ds6_addr_lookup
                0x0000000000016f4f                uip_ds6_long_addr_lookup
                0x0000000000016f9a                uip_ds6_get_link_local
                0x0000000000017019                uip_ds6_long_get_link_local
                0x0000000000017098                uip_ds6_get_global
                0x0000000000017117                uip_ds6_long_get_global
                0x0000000000017196                uip_ds6_maddr_add
                0x0000000000017208                uip_ds6_long_maddr_add
                0x000000000001727a                uip_ds6_maddr_rm
                0x000000000001728c                uip_ds6_maddr_lookup
                0x00000000000172d7                uip_ds6_long_maddr_lookup
                0x0000000000017322                uip_ds6_aaddr_add
                0x0000000000017394                uip_ds6_long_aaddr_add
                0x0000000000017406                uip_ds6_aaddr_rm
                0x0000000000017418                uip_ds6_aaddr_lookup
                0x0000000000017463                uip_ds6_long_aaddr_lookup
                0x00000000000174ae                uip_ds6_select_src
                0x0000000000017737                uip_ds6_set_addr_iid
                0x000000000001776e                get_match_length
                0x0000000000017800                uip_ds6_compute_reachable_time
 .text          0x000000000001784c     0x29f3 obj_cooja/mtype983.a(uip6.o)
                0x000000000001784c                uip_add32
                0x00000000000179e5                uip_chksum
                0x0000000000017ad3                uip_icmp6chksum
                0x0000000000017ae7                uip_tcpchksum
                0x0000000000017afb                uip_udpchksum
                0x0000000000017b0f                uip_init
                0x0000000000017bdf                uip_connect
                0x0000000000017d8e                remove_ext_hdr
                0x0000000000017e63                uip_udp_new
                0x0000000000017fbf                uip_unlisten
                0x000000000001801f                uip_listen
                0x00000000000182e1                uip_process
                0x000000000001a133                uip_htons
                0x000000000001a155                uip_htonl
                0x000000000001a195                uip_send
 .text          0x000000000001a23f      0xa6e obj_cooja/mtype983.a(tcpip.o)
                0x000000000001a23f                tcpip_output
                0x000000000001a26d                tcpip_set_outputfunc
                0x000000000001a301                tcp_connect
                0x000000000001a356                tcp_unlisten
                0x000000000001a3b1                tcp_listen
                0x000000000001a40a                tcp_attach
                0x000000000001a42f                udp_attach
                0x000000000001a454                udp_new
                0x000000000001a4a6                udp_broadcast_new
                0x000000000001a71a                tcpip_input
                0x000000000001a74e                tcpip_ipv6_output
                0x000000000001aaf3                tcpip_poll_udp
                0x000000000001ab16                tcpip_poll_tcp
                0x000000000001ab39                tcpip_uipcall
 .text          0x000000000001acad      0x1c1 obj_cooja/mtype983.a(uip-debug.o)
                0x000000000001acad                uip_debug_ipaddr_print
                0x000000000001ae0f                uip_debug_lladdr_print
 .text          0x000000000001ae6e      0x141 obj_cooja/mtype983.a(uip-packetqueue)
                0x000000000001ae9a                uip_packetqueue_new
                0x000000000001aea8                uip_packetqueue_alloc
                0x000000000001af08                uip_packetqueue_free
                0x000000000001af49                uip_packetqueue_buf
                0x000000000001af66                uip_packetqueue_buflen
                0x000000000001af87                uip_packetqueue_set_buflen
 .text          0x000000000001afaf      0x131 obj_cooja/mtype983.a(uip-udp-packet.)
                0x000000000001afaf                uip_udp_packet_send
                0x000000000001b00f                uip_udp_packet_sendto
 .text          0x000000000001b0e0     0x2513 obj_cooja/mtype983.a(rpl-dag.o)
                0x000000000001b0e0                rpl_print_neighbor_list
                0x000000000001b189                rpl_print_child_neighbor_list
                0x000000000001b1fe                rpl_get_nbr
                0x000000000001b258                rpl_get_nbr_child
                0x000000000001b2b2                rpl_dag_init
                0x000000000001b2e4                rpl_get_parent
                0x000000000001b306                rpl_get_parent_rank
                0x000000000001b339                rpl_get_parent_link_metric
                0x000000000001b36c                rpl_get_parent_ipaddr
                0x000000000001b396                rpl_get_child_ipaddr
                0x000000000001b6aa                rpl_set_root
                0x000000000001b8d1                rpl_repair_root
                0x000000000001bb0d                rpl_set_prefix
                0x000000000001bc0c                rpl_set_default_route
                0x000000000001bc98                rpl_alloc_instance
                0x000000000001bd2b                rpl_alloc_dag
                0x000000000001bddc                rpl_set_default_instance
                0x000000000001bde9                rpl_get_default_instance
                0x000000000001bdf3                rpl_free_instance
                0x000000000001bea2                rpl_free_dag
                0x000000000001bf08                rpl_add_parent
                0x000000000001c00b                rpl_find_parent
                0x000000000001c03b                rpl_add_child
                0x000000000001c0ee                rpl_find_child
                0x000000000001c13c                rpl_find_parent_any_dag
                0x000000000001c178                rpl_select_dag
                0x000000000001c555                rpl_select_parent
                0x000000000001c5b7                rpl_remove_parent
                0x000000000001c5de                rpl_remove_child
                0x000000000001c609                rpl_nullify_parent
                0x000000000001c6a7                rpl_move_parent
                0x000000000001c744                rpl_has_downward_route
                0x000000000001c797                rpl_get_any_dag
                0x000000000001c7f9                rpl_get_instance
                0x000000000001c85c                rpl_find_of
                0x000000000001c899                rpl_join_instance
                0x000000000001cb14                rpl_add_dag
                0x000000000001cf03                rpl_local_repair
                0x000000000001cfc7                rpl_recalculate_ranks
                0x000000000001d04d                rpl_process_parent_event
                0x000000000001d0ff                rpl_process_dio
 .text          0x000000000001d5f3      0xbf3 obj_cooja/mtype983.a(rpl-ext-header.)
                0x000000000001d610                rpl_verify_header
                0x000000000001da8a                rpl_update_header_empty
                0x000000000001dda1                rpl_update_header_final
                0x000000000001df30                rpl_remove_header
                0x000000000001e03a                rpl_invert_header
                0x000000000001e1c4                rpl_insert_header
 .text          0x000000000001e1e6     0x27a1 obj_cooja/mtype983.a(rpl-icmp6.o)
                0x000000000001e4af                rpl_icmp6_update_nbr_table
                0x000000000001e59f                dis_output
                0x000000000001ef37                dio_output
                0x000000000001f952                dio_ack_output
                0x0000000000020491                dao_output
                0x00000000000205ae                dao_output_target
                0x000000000002092f                dao_ack_output
                0x0000000000020943                rpl_icmp6_register_handlers
 .text          0x0000000000020987      0x419 obj_cooja/mtype983.a(rpl-ltmax-of.o)
 .text          0x0000000000020da0      0x904 obj_cooja/mtype983.a(rpl-timers.o)
                0x0000000000020fe6                rpl_reset_periodic_timer
                0x000000000002103b                rpl_reset_dio_timer
                0x0000000000021275                rpl_schedule_dao
                0x0000000000021290                rpl_schedule_dao_immediately
                0x00000000000212ab                rpl_cancel_dao
                0x00000000000213d6                rpl_schedule_dio_ack
                0x00000000000213f1                rpl_schedule_dio_ack_immediately
                0x000000000002140c                rpl_cancel_dio_ack
                0x000000000002145e                rpl_schedule_unicast_dio_immediately
                0x000000000002164c                rpl_schedule_probing
 .text          0x00000000000216a4      0x59b obj_cooja/mtype983.a(rpl.o)
                0x00000000000216a4                rpl_get_mode
                0x00000000000216ae                rpl_set_mode
                0x000000000002173c                rpl_purge_routes
                0x0000000000021836                rpl_remove_routes
                0x000000000002187c                rpl_remove_routes_by_nexthop
                0x00000000000218e8                rpl_add_route
                0x0000000000021963                rpl_link_neighbor_callback
                0x0000000000021a68                rpl_ipv6_neighbor_callback
                0x0000000000021ad7                rpl_purge_dags
                0x0000000000021bb9                rpl_init
 .text          0x0000000000021c3f      0x3f5 obj_cooja/mtype983.a(framer-802154.o)
 .text          0x0000000000022034       0x5e obj_cooja/mtype983.a(nullmac.o)
 .text          0x0000000000022092      0x4b0 obj_cooja/mtype983.a(nullrdc.o)
 .text          0x0000000000022542       0x82 obj_cooja/mtype983.a(linkaddr.o)
                0x0000000000022542                linkaddr_copy
                0x0000000000022564                linkaddr_cmp
                0x000000000002258e                linkaddr_set_node_addr
                0x00000000000225a9                linkaddr_set_node_long_addr
 .text          0x00000000000225c4      0x88c obj_cooja/mtype983.a(nbr-table.o)
                0x00000000000225c4                lladdr_map_add_lr
                0x0000000000022681                lladdr_map_rm_lr
                0x0000000000022b46                nbr_table_register
                0x0000000000022b8e                nbr_table_head
                0x0000000000022bea                nbr_table_next
                0x0000000000022c51                nbr_table_add_lladdr
                0x0000000000022d2d                nbr_table_get_from_lladdr
                0x0000000000022d7a                nbr_table_remove
                0x0000000000022dcc                nbr_table_lock
                0x0000000000022df6                nbr_table_unlock
                0x0000000000022e20                nbr_table_get_lladdr
 .text          0x0000000000022e50       0x2b obj_cooja/mtype983.a(netstack.o)
                0x0000000000022e50                netstack_init
 .text          0x0000000000022e7b      0x3cd obj_cooja/mtype983.a(packetbuf.o)
                0x0000000000022e7b                packetbuf_clear
                0x0000000000022ea5                packetbuf_copyfrom
                0x0000000000022ef7                packetbuf_compact
                0x0000000000022f74                packetbuf_copyto
                0x000000000002300b                packetbuf_hdralloc
                0x0000000000023088                packetbuf_hdrreduce
                0x00000000000230d0                packetbuf_set_datalen
                0x00000000000230e9                packetbuf_dataptr
                0x0000000000023106                packetbuf_hdrptr
                0x0000000000023110                packetbuf_datalen
                0x000000000002311c                packetbuf_hdrlen
                0x0000000000023133                packetbuf_totlen
                0x0000000000023149                packetbuf_attr_clear
                0x000000000002319b                packetbuf_attr_copyto
                0x00000000000231e4                packetbuf_attr_copyfrom
                0x000000000002322c                packetbuf_holds_broadcast
 .text          0x0000000000023248      0x2b4 obj_cooja/mtype983.a(queuebuf.o)
                0x0000000000023252                queuebuf_init
                0x0000000000023272                queuebuf_numfree
                0x0000000000023286                queuebuf_new_from_packetbuf
                0x0000000000023316                queuebuf_update_attr_from_packetbuf
                0x0000000000023349                queuebuf_update_from_packetbuf
                0x0000000000023393                queuebuf_free
                0x00000000000233da                queuebuf_to_packetbuf
                0x0000000000023440                queuebuf_dataptr
                0x0000000000023477                queuebuf_datalen
                0x000000000002349a                queuebuf_addr
                0x00000000000234cc                queuebuf_attr
                0x00000000000234f7                queuebuf_debug_print
 .text          0x00000000000234fc       0x6e obj_cooja/mtype983.a(nullsec.o)
 .text          0x000000000002356a       0x19 obj_cooja/mtype983.a(watchdog.o)
                0x000000000002356a                watchdog_init
                0x000000000002356f                watchdog_start
                0x0000000000023574                watchdog_periodic
                0x0000000000023579                watchdog_stop
                0x000000000002357e                watchdog_reboot
 .text          0x0000000000023583        0x0 obj_cooja/mtype983.a(rimestats.o)
 .text          0x0000000000023583      0x1c1 obj_cooja/mtype983.a(memb.o)
                0x0000000000023583                memb_init
                0x00000000000235e1                memb_alloc
                0x0000000000023646                memb_free
                0x00000000000236c1                memb_inmemb
                0x0000000000023700                memb_numfree
 .text          0x0000000000023744      0xab2 obj_cooja/mtype983.a(uip-icmp6.o)
                0x00000000000237b2                uip_icmp6_input
                0x0000000000023808                uip_icmp6_register_input_handler
                0x0000000000023ad0                uip_icmp6_error_output
                0x0000000000023e15                uip_icmp6_send
                0x0000000000024189                uip_icmp6_echo_reply_callback_add
                0x00000000000241ba                uip_icmp6_echo_reply_callback_rm
                0x00000000000241d6                uip_icmp6_init
 .text          0x00000000000241f6      0x358 obj_cooja/mtype983.a(uip-nd6.o)
                0x000000000002424a                uip_nd6_ns_output
                0x0000000000024549                uip_nd6_init
 .text          0x000000000002454e      0x41f obj_cooja/mtype983.a(rpl-nbr-policy.)
                0x0000000000024789                find_removable_dis
                0x00000000000247ca                find_removable_dio
                0x00000000000248ba                find_removable_dao
                0x0000000000024916                rpl_nbr_policy_find_removable
 .text          0x000000000002496d      0x97c obj_cooja/mtype983.a(frame802154.o)
                0x000000000002499e                frame802154_get_pan_id
                0x00000000000249aa                frame802154_set_pan_id
                0x00000000000249c3                frame802154_has_panid
                0x0000000000024aaf                frame802154_check_dest_panid
                0x0000000000024b17                frame802154_is_broadcast_addr
                0x0000000000024b64                frame802154_extract_linkaddr
                0x0000000000024da4                frame802154_hdrlen
                0x0000000000024df5                frame802154_create
                0x0000000000024fe0                frame802154_parse
 .text          0x00000000000252e9      0x181 obj_cooja/mtype983.a(mac-sequence.o)
                0x0000000000025320                mac_sequence_is_duplicate
                0x00000000000253a3                mac_sequence_register_seqno
 .text          0x000000000002546a       0x3c obj_cooja/mtype983.a(mac.o)
                0x000000000002546a                mac_call_sent_callback
 .text          0x00000000000254a6        0x0 /usr/lib/gcc/i686-linux-gnu/4.8/crtendS.o
 .text          0x00000000000254a6        0x0 /usr/lib/gcc/i686-linux-gnu/4.8/../../../i386-linux-gnu/crtn.o
 *(.gnu.warning)

.fini           0x00000000000254a8       0x14
 *(SORT(.fini))
 .fini          0x00000000000254a8        0xf /usr/lib/gcc/i686-linux-gnu/4.8/../../../i386-linux-gnu/crti.o
                0x00000000000254a8                _fini
 .fini          0x00000000000254b7        0x5 /usr/lib/gcc/i686-linux-gnu/4.8/../../../i386-linux-gnu/crtn.o
                0x00000000000254bc                PROVIDE (__etext, .)
                0x00000000000254bc                PROVIDE (_etext, .)
                0x00000000000254bc                PROVIDE (etext, .)

.rodata         0x00000000000254c0      0xa21
 *(.rodata .rodata.* .gnu.linkonce.r.*)
 .rodata        0x00000000000254c0      0x196 udp-client.co
                0x00000000000254d4                autostart_processes
 *fill*         0x0000000000025656        0x2 
 .rodata        0x0000000000025658      0x1e6 obj_cooja/mtype983.o
 *fill*         0x000000000002583e        0x2 
 .rodata        0x0000000000025840        0x8 obj_cooja/mtype983.a(beep.o)
                0x0000000000025840                beep_interface
 .rodata        0x0000000000025848       0x20 obj_cooja/mtype983.a(button-sensor.o)
                0x0000000000025848                button_interface
                0x0000000000025858                button_sensor
 .rodata        0x0000000000025868        0x8 obj_cooja/mtype983.a(leds-arch.o)
                0x0000000000025868                leds_interface
 .rodata        0x0000000000025870        0x8 obj_cooja/mtype983.a(moteid.o)
                0x0000000000025870                moteid_interface
 .rodata        0x0000000000025878       0x1c obj_cooja/mtype983.a(pir-sensor.o)
                0x0000000000025878                pir_interface
                0x0000000000025884                pir_sensor
 .rodata        0x0000000000025894        0xe obj_cooja/mtype983.a(rs232.o)
                0x0000000000025894                rs232_interface
 *fill*         0x00000000000258a2        0x2 
 .rodata        0x00000000000258a4       0x24 obj_cooja/mtype983.a(vib-sensor.o)
                0x00000000000258a4                vib_interface
                0x00000000000258b8                vib_sensor
 .rodata        0x00000000000258c8        0x8 obj_cooja/mtype983.a(clock.o)
                0x00000000000258c8                clock_interface
 .rodata        0x00000000000258d0        0x8 obj_cooja/mtype983.a(log.o)
                0x00000000000258d0                simlog_interface
 .rodata        0x00000000000258d8       0x2f obj_cooja/mtype983.a(cfs-cooja.o)
                0x00000000000258d8                cfs_interface
 *fill*         0x0000000000025907       0x19 
 .rodata        0x0000000000025920       0x60 obj_cooja/mtype983.a(cooja-radio.o)
                0x0000000000025940                cooja_radio_driver
                0x0000000000025978                radio_interface
 .rodata        0x0000000000025980        0x8 obj_cooja/mtype983.a(eeprom.o)
                0x0000000000025980                eeprom_interface
 .rodata        0x0000000000025988        0x8 obj_cooja/mtype983.a(sensors.o)
 .rodata        0x0000000000025990       0x2e obj_cooja/mtype983.a(dual_conf.o)
 .rodata        0x00000000000259be        0xf obj_cooja/mtype983.a(ctimer.o)
 .rodata        0x00000000000259cd        0xc obj_cooja/mtype983.a(etimer.o)
 *fill*         0x00000000000259d9        0x3 
 .rodata        0x00000000000259dc       0x73 obj_cooja/mtype983.a(log_message.o)
 *fill*         0x0000000000025a4f        0x1 
 .rodata        0x0000000000025a50       0x20 obj_cooja/mtype983.a(residual.o)
 .rodata        0x0000000000025a70        0xe obj_cooja/mtype983.a(serial-line.o)
 *fill*         0x0000000000025a7e        0x2 
 .rodata        0x0000000000025a80       0x2c obj_cooja/mtype983.a(sicslowpan.o)
                0x0000000000025a80                unc_llconf
                0x0000000000025a84                unc_ctxconf
                0x0000000000025a88                unc_mxconf
                0x0000000000025a8c                llprefix
                0x0000000000025aa0                sicslowpan_driver
 .rodata        0x0000000000025aac      0x13c obj_cooja/mtype983.a(uip6.o)
 .rodata        0x0000000000025be8       0x29 obj_cooja/mtype983.a(tcpip.o)
 .rodata        0x0000000000025c11       0x3e obj_cooja/mtype983.a(uip-debug.o)
 *fill*         0x0000000000025c4f        0x1 
 .rodata        0x0000000000025c50        0x4 obj_cooja/mtype983.a(rpl-dag.o)
 .rodata        0x0000000000025c54       0x64 obj_cooja/mtype983.a(rpl-icmp6.o)
 .rodata        0x0000000000025cb8        0xc obj_cooja/mtype983.a(framer-802154.o)
                0x0000000000025cb8                framer_802154
 .rodata        0x0000000000025cc4       0x24 obj_cooja/mtype983.a(nullmac.o)
                0x0000000000025ccc                nullmac_driver
 *fill*         0x0000000000025ce8       0x18 
 .rodata        0x0000000000025d00       0x40 obj_cooja/mtype983.a(nullrdc.o)
                0x0000000000025d20                nullrdc_driver
 .rodata        0x0000000000025d40        0x8 obj_cooja/mtype983.a(linkaddr.o)
                0x0000000000025d40                linkaddr_null
 .rodata        0x0000000000025d48       0x18 obj_cooja/mtype983.a(nullsec.o)
                0x0000000000025d50                nullsec_driver
 .rodata        0x0000000000025d60      0x181 obj_cooja/mtype983.a(rpl-nbr-policy.)

.rodata1
 *(.rodata1)

.eh_frame_hdr   0x0000000000025ee4     0x137c
 *(.eh_frame_hdr)
 .eh_frame_hdr  0x0000000000025ee4     0x137c udp-client.co

.eh_frame       0x0000000000027260     0x4f34
 *(.eh_frame)
 .eh_frame      0x0000000000027260       0x3c /usr/lib/gcc/i686-linux-gnu/4.8/../../../i386-linux-gnu/crti.o
                                         0x40 (size before relaxing)
 .eh_frame      0x000000000002729c       0xa8 udp-client.co
                                         0xc0 (size before relaxing)
 .eh_frame      0x0000000000027344      0x148 obj_cooja/mtype983.o
                                        0x160 (size before relaxing)
 .eh_frame      0x000000000002748c       0x40 obj_cooja/mtype983.a(simEnvChange.o)
                                         0x58 (size before relaxing)
 .eh_frame      0x00000000000274cc       0xc0 obj_cooja/mtype983.a(cooja_mt.o)
                                         0xd8 (size before relaxing)
 .eh_frame      0x000000000002758c      0x120 obj_cooja/mtype983.a(cooja_mtarch.o)
                                        0x138 (size before relaxing)
 .eh_frame      0x00000000000276ac       0xc0 obj_cooja/mtype983.a(rtimer-arch.o)
                                         0xd8 (size before relaxing)
 .eh_frame      0x000000000002776c      0x160 obj_cooja/mtype983.a(beep.o)
                                        0x178 (size before relaxing)
 .eh_frame      0x00000000000278cc       0xa0 obj_cooja/mtype983.a(button-sensor.o)
                                         0xb8 (size before relaxing)
 .eh_frame      0x000000000002796c       0xa0 obj_cooja/mtype983.a(leds-arch.o)
                                         0xb8 (size before relaxing)
 .eh_frame      0x0000000000027a0c       0x40 obj_cooja/mtype983.a(moteid.o)
                                         0x58 (size before relaxing)
 .eh_frame      0x0000000000027a4c       0xa0 obj_cooja/mtype983.a(pir-sensor.o)
                                         0xb8 (size before relaxing)
 .eh_frame      0x0000000000027aec      0x100 obj_cooja/mtype983.a(rs232.o)
                                        0x118 (size before relaxing)
 .eh_frame      0x0000000000027bec       0xa0 obj_cooja/mtype983.a(vib-sensor.o)
                                         0xb8 (size before relaxing)
 .eh_frame      0x0000000000027c8c       0xc0 obj_cooja/mtype983.a(clock.o)
                                         0xd8 (size before relaxing)
 .eh_frame      0x0000000000027d4c      0x120 obj_cooja/mtype983.a(log.o)
                                        0x138 (size before relaxing)
 .eh_frame      0x0000000000027e6c      0x160 obj_cooja/mtype983.a(cfs-cooja.o)
                                        0x178 (size before relaxing)
 .eh_frame      0x0000000000027fcc      0x2e0 obj_cooja/mtype983.a(cooja-radio.o)
                                        0x2f8 (size before relaxing)
 .eh_frame      0x00000000000282ac       0xa0 obj_cooja/mtype983.a(eeprom.o)
                                         0xb8 (size before relaxing)
 .eh_frame      0x000000000002834c       0x40 obj_cooja/mtype983.a(random.o)
                                         0x58 (size before relaxing)
 .eh_frame      0x000000000002838c       0xc0 obj_cooja/mtype983.a(sensors.o)
                                         0xd8 (size before relaxing)
 .eh_frame      0x000000000002844c      0x160 obj_cooja/mtype983.a(dual_conf.o)
                                        0x178 (size before relaxing)
 .eh_frame      0x00000000000285ac       0x40 obj_cooja/mtype983.a(autostart.o)
                                         0x58 (size before relaxing)
 .eh_frame      0x00000000000285ec      0x100 obj_cooja/mtype983.a(ctimer.o)
                                        0x118 (size before relaxing)
 .eh_frame      0x00000000000286ec      0x1e0 obj_cooja/mtype983.a(etimer.o)
                                        0x1f8 (size before relaxing)
 .eh_frame      0x00000000000288cc       0x40 obj_cooja/mtype983.a(log_message.o)
                                         0x58 (size before relaxing)
 .eh_frame      0x000000000002890c      0x1c8 obj_cooja/mtype983.a(process.o)
                                        0x1e0 (size before relaxing)
 .eh_frame      0x0000000000028ad4       0x2c obj_cooja/mtype983.a(residual.o)
                                         0x44 (size before relaxing)
 .eh_frame      0x0000000000028b00       0x60 obj_cooja/mtype983.a(rtimer.o)
                                         0x78 (size before relaxing)
 .eh_frame      0x0000000000028b60       0xc4 obj_cooja/mtype983.a(stimer.o)
                                         0xdc (size before relaxing)
 .eh_frame      0x0000000000028c24       0xa4 obj_cooja/mtype983.a(timer.o)
                                         0xbc (size before relaxing)
 .eh_frame      0x0000000000028cc8       0x60 obj_cooja/mtype983.a(serial-line.o)
                                         0x78 (size before relaxing)
 .eh_frame      0x0000000000028d28      0x180 obj_cooja/mtype983.a(list.o)
                                        0x198 (size before relaxing)
 .eh_frame      0x0000000000028ea8       0xa0 obj_cooja/mtype983.a(ringbuf.o)
                                         0xb8 (size before relaxing)
 .eh_frame      0x0000000000028f48      0x350 obj_cooja/mtype983.a(sicslowpan.o)
                                        0x368 (size before relaxing)
 .eh_frame      0x0000000000029298      0x180 obj_cooja/mtype983.a(uip-ds6-nbr.o)
                                        0x198 (size before relaxing)
 .eh_frame      0x0000000000029418      0x2a0 obj_cooja/mtype983.a(uip-ds6-route.o)
                                        0x2b8 (size before relaxing)
 .eh_frame      0x00000000000296b8      0x3c8 obj_cooja/mtype983.a(uip-ds6.o)
                                        0x3e0 (size before relaxing)
 .eh_frame      0x0000000000029a80      0x27c obj_cooja/mtype983.a(uip6.o)
                                        0x294 (size before relaxing)
 .eh_frame      0x0000000000029cfc      0x270 obj_cooja/mtype983.a(tcpip.o)
                                        0x288 (size before relaxing)
 .eh_frame      0x0000000000029f6c       0x48 obj_cooja/mtype983.a(uip-debug.o)
                                         0x60 (size before relaxing)
 .eh_frame      0x0000000000029fb4       0xe0 obj_cooja/mtype983.a(uip-packetqueue)
                                         0xf8 (size before relaxing)
 .eh_frame      0x000000000002a094       0x40 obj_cooja/mtype983.a(uip-udp-packet.)
                                         0x58 (size before relaxing)
 .eh_frame      0x000000000002a0d4      0x74c obj_cooja/mtype983.a(rpl-dag.o)
                                        0x764 (size before relaxing)
 .eh_frame      0x000000000002a820      0x10c obj_cooja/mtype983.a(rpl-ext-header.)
                                        0x124 (size before relaxing)
 .eh_frame      0x000000000002a92c      0x2f8 obj_cooja/mtype983.a(rpl-icmp6.o)
                                        0x310 (size before relaxing)
 .eh_frame      0x000000000002ac24       0xe8 obj_cooja/mtype983.a(rpl-ltmax-of.o)
                                        0x100 (size before relaxing)
 .eh_frame      0x000000000002ad0c      0x2b0 obj_cooja/mtype983.a(rpl-timers.o)
                                        0x2c8 (size before relaxing)
 .eh_frame      0x000000000002afbc      0x140 obj_cooja/mtype983.a(rpl.o)
                                        0x158 (size before relaxing)
 .eh_frame      0x000000000002b0fc      0x108 obj_cooja/mtype983.a(framer-802154.o)
                                        0x120 (size before relaxing)
 .eh_frame      0x000000000002b204       0xc0 obj_cooja/mtype983.a(nullmac.o)
                                         0xd8 (size before relaxing)
 .eh_frame      0x000000000002b2c4      0x16c obj_cooja/mtype983.a(nullrdc.o)
                                        0x184 (size before relaxing)
 .eh_frame      0x000000000002b430       0x80 obj_cooja/mtype983.a(linkaddr.o)
                                         0x98 (size before relaxing)
 .eh_frame      0x000000000002b4b0      0x2ac obj_cooja/mtype983.a(nbr-table.o)
                                        0x2c4 (size before relaxing)
 .eh_frame      0x000000000002b75c       0x20 obj_cooja/mtype983.a(netstack.o)
                                         0x38 (size before relaxing)
 .eh_frame      0x000000000002b77c      0x214 obj_cooja/mtype983.a(packetbuf.o)
                                        0x22c (size before relaxing)
 .eh_frame      0x000000000002b990      0x1a0 obj_cooja/mtype983.a(queuebuf.o)
                                        0x1b8 (size before relaxing)
 .eh_frame      0x000000000002bb30       0x80 obj_cooja/mtype983.a(nullsec.o)
                                         0x98 (size before relaxing)
 .eh_frame      0x000000000002bbb0       0xa0 obj_cooja/mtype983.a(watchdog.o)
                                         0xb8 (size before relaxing)
 .eh_frame      0x000000000002bc50       0xa0 obj_cooja/mtype983.a(memb.o)
                                         0xb8 (size before relaxing)
 .eh_frame      0x000000000002bcf0      0x164 obj_cooja/mtype983.a(uip-icmp6.o)
                                        0x17c (size before relaxing)
 .eh_frame      0x000000000002be54       0x68 obj_cooja/mtype983.a(uip-nd6.o)
                                         0x80 (size before relaxing)
 .eh_frame      0x000000000002bebc       0xc8 obj_cooja/mtype983.a(rpl-nbr-policy.)
                                         0xe0 (size before relaxing)
 .eh_frame      0x000000000002bf84      0x164 obj_cooja/mtype983.a(frame802154.o)
                                        0x17c (size before relaxing)
 .eh_frame      0x000000000002c0e8       0x88 obj_cooja/mtype983.a(mac-sequence.o)
                                         0xa0 (size before relaxing)
 .eh_frame      0x000000000002c170       0x20 obj_cooja/mtype983.a(mac.o)
                                         0x38 (size before relaxing)
 .eh_frame      0x000000000002c190        0x4 /usr/lib/gcc/i686-linux-gnu/4.8/crtendS.o

.gcc_except_table
 *(.gcc_except_table .gcc_except_table.*)

.exception_ranges
 *(.exception_ranges .exception_ranges*)
                0x000000000002c194                . = (ALIGN (0x1000) - ((0x1000 - .) & 0xfff))
                0x000000000002def8                . = DATA_SEGMENT_ALIGN (0x1000, 0x1000)

.eh_frame
 *(.eh_frame)

.gcc_except_table
 *(.gcc_except_table .gcc_except_table.*)

.exception_ranges
 *(.exception_ranges .exception_ranges*)

.tdata
 *(.tdata .tdata.* .gnu.linkonce.td.*)

.tbss
 *(.tbss .tbss.* .gnu.linkonce.tb.*)
 *(.tcommon)

.preinit_array
 *(.preinit_array)

.init_array     0x000000000002def8        0x4
 *(SORT(.init_array.*) SORT(.ctors.*))
 *(.init_array EXCLUDE_FILE(*crtend?.o *crtend.o *crtbegin?.o *crtbegin.o) .ctors)
 .init_array    0x000000000002def8        0x4 /usr/lib/gcc/i686-linux-gnu/4.8/crtbeginS.o

.fini_array     0x000000000002defc        0x4
 *(SORT(.fini_array.*) SORT(.dtors.*))
 *(.fini_array EXCLUDE_FILE(*crtend?.o *crtend.o *crtbegin?.o *crtbegin.o) .dtors)
 .fini_array    0x000000000002defc        0x4 /usr/lib/gcc/i686-linux-gnu/4.8/crtbeginS.o

.ctors
 *crtbegin.o(.ctors)
 *crtbegin?.o(.ctors)
 *(EXCLUDE_FILE(*crtend?.o *crtend.o) .ctors)
 *(SORT(.ctors.*))
 *(.ctors)

.dtors
 *crtbegin.o(.dtors)
 *crtbegin?.o(.dtors)
 *(EXCLUDE_FILE(*crtend?.o *crtend.o) .dtors)
 *(SORT(.dtors.*))
 *(.dtors)

.jcr            0x000000000002df00        0x4
 *(.jcr)
 .jcr           0x000000000002df00        0x0 /usr/lib/gcc/i686-linux-gnu/4.8/crtbeginS.o
 .jcr           0x000000000002df00        0x4 /usr/lib/gcc/i686-linux-gnu/4.8/crtendS.o

.data.rel.ro
 *(.data.rel.ro.local* .gnu.linkonce.d.rel.ro.local.*)
 *(.data.rel.ro .data.rel.ro.* .gnu.linkonce.d.rel.ro.*)

.dynamic        0x000000000002df04       0xe8
 *(.dynamic)
 .dynamic       0x000000000002df04       0xe8 /usr/lib/gcc/i686-linux-gnu/4.8/../../../i386-linux-gnu/crti.o
                0x000000000002df04                _DYNAMIC

.got            0x000000000002dfec       0x14
 *(.got)
 .got           0x000000000002dfec       0x14 /usr/lib/gcc/i686-linux-gnu/4.8/../../../i386-linux-gnu/crti.o
 *(.igot)
                0x000000000002eff4                . = DATA_SEGMENT_RELRO_END (., (SIZEOF (.got.plt) >= 0xc)?0xc:0x0)

.got.plt        0x000000000002e000       0x14
 *(.got.plt)
 .got.plt       0x000000000002e000       0x14 /usr/lib/gcc/i686-linux-gnu/4.8/../../../i386-linux-gnu/crti.o
                0x000000000002e000                _GLOBAL_OFFSET_TABLE_
 *(.igot.plt)

.data           0x000000000002e020      0x25a
 *(.data .data.* .gnu.linkonce.d.*)
 .data          0x000000000002e020        0x0 /usr/lib/gcc/i686-linux-gnu/4.8/../../../i386-linux-gnu/crti.o
 .data          0x000000000002e020        0x0 /usr/lib/gcc/i686-linux-gnu/4.8/crtbeginS.o
 .data.rel      0x000000000002e020        0x4 /usr/lib/gcc/i686-linux-gnu/4.8/crtbeginS.o
                0x000000000002e020                __dso_handle
 .data          0x000000000002e024       0x10 udp-client.co
                0x000000000002e024                udp_client_process
 *fill*         0x000000000002e034        0xc 
 .data          0x000000000002e040       0x44 obj_cooja/mtype983.o
                0x000000000002e040                simInterfaces
                0x000000000002e074                sensors
 .data          0x000000000002e084        0x0 obj_cooja/mtype983.a(simEnvChange.o)
 .data          0x000000000002e084        0x0 obj_cooja/mtype983.a(cooja_mt.o)
 .data          0x000000000002e084        0x0 obj_cooja/mtype983.a(cooja_mtarch.o)
 .data          0x000000000002e084        0x0 obj_cooja/mtype983.a(rtimer-arch.o)
 .data          0x000000000002e084        0x0 obj_cooja/mtype983.a(beep.o)
 .data          0x000000000002e084        0x0 obj_cooja/mtype983.a(button-sensor.o)
 .data          0x000000000002e084        0x0 obj_cooja/mtype983.a(leds-arch.o)
 .data          0x000000000002e084        0x0 obj_cooja/mtype983.a(moteid.o)
 .data          0x000000000002e084        0x0 obj_cooja/mtype983.a(pir-sensor.o)
 .data          0x000000000002e084        0x0 obj_cooja/mtype983.a(rs232.o)
 .data          0x000000000002e084        0x0 obj_cooja/mtype983.a(vib-sensor.o)
 .data          0x000000000002e084        0x0 obj_cooja/mtype983.a(clock.o)
 .data          0x000000000002e084        0x0 obj_cooja/mtype983.a(log.o)
 .data          0x000000000002e084        0x0 obj_cooja/mtype983.a(cfs-cooja.o)
 .data          0x000000000002e084       0x38 obj_cooja/mtype983.a(cooja-radio.o)
                0x000000000002e084                simRadioChannel
                0x000000000002e088                simRadioChannelLR
                0x000000000002e08c                simRadioHWOn
                0x000000000002e08d                simRadioHWOnLR
                0x000000000002e090                simSignalStrength
                0x000000000002e094                simSignalStrengthLR
                0x000000000002e098                simLastSignalStrength
                0x000000000002e09c                simLastSignalStrengthLR
                0x000000000002e0a0                simPower
                0x000000000002e0a1                simPowerLR
                0x000000000002e0a4                simLQI
                0x000000000002e0a8                simLQILR
                0x000000000002e0ac                cooja_radio_process
 .data          0x000000000002e0bc        0x0 obj_cooja/mtype983.a(eeprom.o)
 .data          0x000000000002e0bc        0x0 obj_cooja/mtype983.a(random.o)
 .data          0x000000000002e0bc       0x10 obj_cooja/mtype983.a(sensors.o)
                0x000000000002e0bc                sensors_process
 .data          0x000000000002e0cc       0x34 obj_cooja/mtype983.a(dual_conf.o)
                0x000000000002e0cc                radio_received
                0x000000000002e0d0                dual_dio_broadcast
                0x000000000002e0e0                dual_dis_broadcast
                0x000000000002e0f0                dual_dio_ack_broadcast
 .data          0x000000000002e100        0x0 obj_cooja/mtype983.a(autostart.o)
 .data          0x000000000002e100       0x14 obj_cooja/mtype983.a(ctimer.o)
                0x000000000002e104                ctimer_process
 .data          0x000000000002e114       0x10 obj_cooja/mtype983.a(etimer.o)
                0x000000000002e114                etimer_process
 .data          0x000000000002e124        0x0 obj_cooja/mtype983.a(log_message.o)
 .data          0x000000000002e124        0x0 obj_cooja/mtype983.a(process.o)
 .data          0x000000000002e124        0x0 obj_cooja/mtype983.a(residual.o)
 .data          0x000000000002e124        0x0 obj_cooja/mtype983.a(rtimer.o)
 .data          0x000000000002e124        0x0 obj_cooja/mtype983.a(stimer.o)
 .data          0x000000000002e124        0x0 obj_cooja/mtype983.a(timer.o)
 .data          0x000000000002e124       0x10 obj_cooja/mtype983.a(serial-line.o)
                0x000000000002e124                serial_line_process
 .data          0x000000000002e134        0x0 obj_cooja/mtype983.a(list.o)
 .data          0x000000000002e134        0x0 obj_cooja/mtype983.a(ringbuf.o)
 .data          0x000000000002e134        0x0 obj_cooja/mtype983.a(sicslowpan.o)
 .data          0x000000000002e134       0x14 obj_cooja/mtype983.a(uip-ds6-nbr.o)
                0x000000000002e144                ds6_neighbors
 .data          0x000000000002e148       0x44 obj_cooja/mtype983.a(uip-ds6-route.o)
                0x000000000002e158                nbr_routes
 .data          0x000000000002e18c        0x0 obj_cooja/mtype983.a(uip-ds6.o)
 .data          0x000000000002e18c        0x0 obj_cooja/mtype983.a(uip6.o)
 .data          0x000000000002e18c       0x10 obj_cooja/mtype983.a(tcpip.o)
                0x000000000002e18c                tcpip_process
 .data          0x000000000002e19c        0x0 obj_cooja/mtype983.a(uip-debug.o)
 .data          0x000000000002e19c        0xc obj_cooja/mtype983.a(uip-packetqueue)
 .data          0x000000000002e1a8        0x0 obj_cooja/mtype983.a(uip-udp-packet.)
 .data          0x000000000002e1a8       0x28 obj_cooja/mtype983.a(rpl-dag.o)
                0x000000000002e1b8                rpl_parents
                0x000000000002e1cc                rpl_children
 .data          0x000000000002e1d0        0x0 obj_cooja/mtype983.a(rpl-ext-header.)
 .data          0x000000000002e1d0       0x40 obj_cooja/mtype983.a(rpl-icmp6.o)
 .data          0x000000000002e210       0x1c obj_cooja/mtype983.a(rpl-ltmax-of.o)
                0x000000000002e210                rpl_ltmax_of
 .data          0x000000000002e22c        0x0 obj_cooja/mtype983.a(rpl-timers.o)
 .data          0x000000000002e22c        0x0 obj_cooja/mtype983.a(rpl.o)
 .data          0x000000000002e22c        0x0 obj_cooja/mtype983.a(framer-802154.o)
 .data          0x000000000002e22c        0x0 obj_cooja/mtype983.a(nullmac.o)
 .data          0x000000000002e22c        0x0 obj_cooja/mtype983.a(nullrdc.o)
 .data          0x000000000002e22c        0x0 obj_cooja/mtype983.a(linkaddr.o)
 .data          0x000000000002e22c       0x10 obj_cooja/mtype983.a(nbr-table.o)
 .data          0x000000000002e23c        0x0 obj_cooja/mtype983.a(netstack.o)
 .data          0x000000000002e23c        0x4 obj_cooja/mtype983.a(packetbuf.o)
 .data          0x000000000002e240       0x18 obj_cooja/mtype983.a(queuebuf.o)
 .data          0x000000000002e258        0x0 obj_cooja/mtype983.a(nullsec.o)
 .data          0x000000000002e258        0x0 obj_cooja/mtype983.a(watchdog.o)
 .data          0x000000000002e258        0x0 obj_cooja/mtype983.a(rimestats.o)
 .data          0x000000000002e258        0x0 obj_cooja/mtype983.a(memb.o)
 .data          0x000000000002e258       0x20 obj_cooja/mtype983.a(uip-icmp6.o)
 .data          0x000000000002e278        0x0 obj_cooja/mtype983.a(uip-nd6.o)
 .data          0x000000000002e278        0x0 obj_cooja/mtype983.a(rpl-nbr-policy.)
 .data          0x000000000002e278        0x2 obj_cooja/mtype983.a(frame802154.o)
 .data          0x000000000002e27a        0x0 obj_cooja/mtype983.a(mac-sequence.o)
 .data          0x000000000002e27a        0x0 obj_cooja/mtype983.a(mac.o)
 .data          0x000000000002e27a        0x0 /usr/lib/gcc/i686-linux-gnu/4.8/crtendS.o
 .data          0x000000000002e27a        0x0 /usr/lib/gcc/i686-linux-gnu/4.8/../../../i386-linux-gnu/crtn.o

.tm_clone_table
                0x000000000002e27c        0x0
 .tm_clone_table
                0x000000000002e27c        0x0 /usr/lib/gcc/i686-linux-gnu/4.8/crtbeginS.o
 .tm_clone_table
                0x000000000002e27c        0x0 /usr/lib/gcc/i686-linux-gnu/4.8/crtendS.o

.data1
 *(.data1)
                0x000000000002e27c                _edata = .
                0x000000000002e27c                PROVIDE (edata, .)
                0x000000000002e27c                . = .
                0x000000000002e27c                __bss_start = .

.bss            0x000000000002e280     0x8468
 *(.dynbss)
 .dynbss        0x0000000000000000        0x0 /usr/lib/gcc/i686-linux-gnu/4.8/../../../i386-linux-gnu/crti.o
 *(.bss .bss.* .gnu.linkonce.b.*)
 .bss           0x000000000002e280        0x0 /usr/lib/gcc/i686-linux-gnu/4.8/../../../i386-linux-gnu/crti.o
 .bss           0x000000000002e280        0x1 /usr/lib/gcc/i686-linux-gnu/4.8/crtbeginS.o
 *fill*         0x000000000002e281       0x1f 
 .bss           0x000000000002e2a0       0x60 udp-client.co
                0x000000000002e2a0                my_weight
 .bss           0x000000000002e300     0x2030 obj_cooja/mtype983.o
 .bss           0x0000000000030330        0x1 obj_cooja/mtype983.a(simEnvChange.o)
                0x0000000000030330                simDontFallAsleep
 *fill*         0x0000000000030331        0x3 
 .bss           0x0000000000030334        0x4 obj_cooja/mtype983.a(cooja_mt.o)
 .bss           0x0000000000030338        0x4 obj_cooja/mtype983.a(cooja_mtarch.o)
 .bss           0x000000000003033c        0xc obj_cooja/mtype983.a(rtimer-arch.o)
 .bss           0x0000000000030348        0x0 obj_cooja/mtype983.a(beep.o)
 .bss           0x0000000000030348        0x8 obj_cooja/mtype983.a(button-sensor.o)
 .bss           0x0000000000030350        0x0 obj_cooja/mtype983.a(leds-arch.o)
 .bss           0x0000000000030350        0x0 obj_cooja/mtype983.a(moteid.o)
 .bss           0x0000000000030350        0x1 obj_cooja/mtype983.a(pir-sensor.o)
                0x0000000000030350                simPirValue
 *fill*         0x0000000000030351        0x3 
 .bss           0x0000000000030354        0x4 obj_cooja/mtype983.a(rs232.o)
 .bss           0x0000000000030358        0x1 obj_cooja/mtype983.a(vib-sensor.o)
                0x0000000000030358                simVibValue
 .bss           0x0000000000030359        0x0 obj_cooja/mtype983.a(clock.o)
 *fill*         0x0000000000030359        0x7 
 .bss           0x0000000000030360      0x420 obj_cooja/mtype983.a(log.o)
 .bss           0x0000000000030780      0xfc0 obj_cooja/mtype983.a(cfs-cooja.o)
                0x0000000000030780                simCFSData
                0x0000000000031720                simCFSSize
                0x0000000000031724                simCFSChanged
                0x0000000000031728                simCFSRead
                0x000000000003172c                simCFSWritten
 .bss           0x0000000000031740       0x20 obj_cooja/mtype983.a(cooja-radio.o)
                0x0000000000031740                simReceiving
                0x0000000000031741                simReceivingLR
                0x0000000000031744                simInSize
                0x0000000000031748                simInSizeLR
                0x000000000003174c                simOutSize
                0x0000000000031750                simOutSizeLR
                0x0000000000031754                LongRangeTransmit
                0x0000000000031758                LongRangeReceiving
 .bss           0x0000000000031760        0xc obj_cooja/mtype983.a(eeprom.o)
                0x0000000000031760                simEEPROMChanged
                0x0000000000031764                simEEPROMRead
                0x0000000000031768                simEEPROMWritten
 .bss           0x000000000003176c        0x0 obj_cooja/mtype983.a(random.o)
 .bss           0x000000000003176c        0xc obj_cooja/mtype983.a(sensors.o)
 .bss           0x0000000000031778       0x38 obj_cooja/mtype983.a(dual_conf.o)
                0x0000000000031778                long_range_radio
 .bss           0x00000000000317b0        0x0 obj_cooja/mtype983.a(autostart.o)
 .bss           0x00000000000317b0        0x5 obj_cooja/mtype983.a(ctimer.o)
 *fill*         0x00000000000317b5        0x3 
 .bss           0x00000000000317b8        0x8 obj_cooja/mtype983.a(etimer.o)
 .bss           0x00000000000317c0        0x0 obj_cooja/mtype983.a(log_message.o)
 .bss           0x00000000000317c0      0x1b1 obj_cooja/mtype983.a(process.o)
                0x00000000000317c0                process_list
                0x00000000000317c4                process_current
 .bss           0x0000000000031971        0x0 obj_cooja/mtype983.a(residual.o)
 *fill*         0x0000000000031971        0x3 
 .bss           0x0000000000031974        0x4 obj_cooja/mtype983.a(rtimer.o)
 .bss           0x0000000000031978        0x0 obj_cooja/mtype983.a(stimer.o)
 .bss           0x0000000000031978        0x0 obj_cooja/mtype983.a(timer.o)
 *fill*         0x0000000000031978        0x8 
 .bss           0x0000000000031980      0x140 obj_cooja/mtype983.a(serial-line.o)
 .bss           0x0000000000031ac0        0x0 obj_cooja/mtype983.a(list.o)
 .bss           0x0000000000031ac0        0x0 obj_cooja/mtype983.a(ringbuf.o)
 .bss           0x0000000000031ac0      0x70c obj_cooja/mtype983.a(sicslowpan.o)
 *fill*         0x00000000000321cc       0x14 
 .bss           0x00000000000321e0      0x1e0 obj_cooja/mtype983.a(uip-ds6-nbr.o)
 .bss           0x00000000000323c0      0x308 obj_cooja/mtype983.a(uip-ds6-route.o)
 .bss           0x00000000000326c8       0x30 obj_cooja/mtype983.a(uip-ds6.o)
 .bss           0x00000000000326f8        0xe obj_cooja/mtype983.a(uip6.o)
                0x00000000000326f8                uip_ext_bitmap
                0x00000000000326f9                uip_ext_len
                0x00000000000326fa                uip_ext_opt_offset
 *fill*         0x0000000000032706       0x1a 
 .bss           0x0000000000032720       0x6a obj_cooja/mtype983.a(tcpip.o)
 .bss           0x000000000003278a        0x0 obj_cooja/mtype983.a(uip-debug.o)
 *fill*         0x000000000003278a       0x16 
 .bss           0x00000000000327a0      0xcf8 obj_cooja/mtype983.a(uip-packetqueue)
 .bss           0x0000000000033498        0x0 obj_cooja/mtype983.a(uip-udp-packet.)
 *fill*         0x0000000000033498        0x8 
 .bss           0x00000000000334a0      0x1a4 obj_cooja/mtype983.a(rpl-dag.o)
 .bss           0x0000000000033644        0x0 obj_cooja/mtype983.a(rpl-ext-header.)
 .bss           0x0000000000033644        0x0 obj_cooja/mtype983.a(rpl-icmp6.o)
 .bss           0x0000000000033644        0x0 obj_cooja/mtype983.a(rpl-ltmax-of.o)
 *fill*         0x0000000000033644       0x1c 
 .bss           0x0000000000033660       0x23 obj_cooja/mtype983.a(rpl-timers.o)
 *fill*         0x0000000000033683        0x1 
 .bss           0x0000000000033684        0x4 obj_cooja/mtype983.a(rpl.o)
 .bss           0x0000000000033688        0x2 obj_cooja/mtype983.a(framer-802154.o)
 .bss           0x000000000003368a        0x0 obj_cooja/mtype983.a(nullmac.o)
 .bss           0x000000000003368a        0x0 obj_cooja/mtype983.a(nullrdc.o)
 .bss           0x000000000003368a        0x0 obj_cooja/mtype983.a(linkaddr.o)
 *fill*         0x000000000003368a       0x16 
 .bss           0x00000000000336a0      0x174 obj_cooja/mtype983.a(nbr-table.o)
 .bss           0x0000000000033814        0x0 obj_cooja/mtype983.a(netstack.o)
 *fill*         0x0000000000033814        0xc 
 .bss           0x0000000000033820       0xa0 obj_cooja/mtype983.a(packetbuf.o)
 .bss           0x00000000000338c0      0xb80 obj_cooja/mtype983.a(queuebuf.o)
 .bss           0x0000000000034440        0x0 obj_cooja/mtype983.a(nullsec.o)
 .bss           0x0000000000034440        0x0 obj_cooja/mtype983.a(watchdog.o)
 .bss           0x0000000000034440        0x0 obj_cooja/mtype983.a(rimestats.o)
 .bss           0x0000000000034440        0x0 obj_cooja/mtype983.a(memb.o)
 .bss           0x0000000000034440       0x18 obj_cooja/mtype983.a(uip-icmp6.o)
 .bss           0x0000000000034458        0x0 obj_cooja/mtype983.a(uip-nd6.o)
 *fill*         0x0000000000034458        0x8 
 .bss           0x0000000000034460       0x44 obj_cooja/mtype983.a(rpl-nbr-policy.)
 .bss           0x00000000000344a4        0x0 obj_cooja/mtype983.a(frame802154.o)
 *fill*         0x00000000000344a4       0x1c 
 .bss           0x00000000000344c0       0x90 obj_cooja/mtype983.a(mac-sequence.o)
 .bss           0x0000000000034550        0x0 obj_cooja/mtype983.a(mac.o)
 .bss           0x0000000000034550        0x0 /usr/lib/gcc/i686-linux-gnu/4.8/crtendS.o
 .bss           0x0000000000034550        0x0 /usr/lib/gcc/i686-linux-gnu/4.8/../../../i386-linux-gnu/crtn.o
 *(COMMON)
 COMMON         0x0000000000034550       0x21 udp-client.co
                0x0000000000034550                COOJA_radioRxLong
                0x0000000000034554                COOJA_radioTx
                0x0000000000034558                my_sink_reachability
                0x000000000003455c                COOJA_radioTxLong
                0x0000000000034560                COOJA_radioRx
                0x0000000000034564                COOJA_radioOn
                0x0000000000034568                COOJA_duration
                0x000000000003456c                COOJA_radioOnLong
                0x0000000000034570                my_child_number
 *fill*         0x0000000000034571        0x3 
 COMMON         0x0000000000034574        0xc obj_cooja/mtype983.o
                0x0000000000034574                referenceVar
                0x0000000000034578                debugfp
                0x000000000003457c                sensors_flags
 COMMON         0x0000000000034580        0xc obj_cooja/mtype983.a(simEnvChange.o)
                0x0000000000034580                simEtimerPending
                0x0000000000034584                simProcessRunValue
                0x0000000000034588                simNextExpirationTime
 COMMON         0x000000000003458c        0x1 obj_cooja/mtype983.a(beep.o)
                0x000000000003458c                simBeeped
 COMMON         0x000000000003458d        0x3 obj_cooja/mtype983.a(button-sensor.o)
                0x000000000003458d                simButtonIsActive
                0x000000000003458e                simButtonIsDown
                0x000000000003458f                simButtonChanged
 COMMON         0x0000000000034590        0x1 obj_cooja/mtype983.a(leds-arch.o)
                0x0000000000034590                simLedsValue
 *fill*         0x0000000000034591        0x3 
 COMMON         0x0000000000034594        0xc obj_cooja/mtype983.a(moteid.o)
                0x0000000000034594                simRandomSeed
                0x0000000000034598                simMoteIDChanged
                0x000000000003459c                simMoteID
 COMMON         0x00000000000345a0        0x2 obj_cooja/mtype983.a(pir-sensor.o)
                0x00000000000345a0                simPirIsActive
                0x00000000000345a1                simPirChanged
 *fill*         0x00000000000345a2       0x1e 
 COMMON         0x00000000000345c0      0x820 obj_cooja/mtype983.a(rs232.o)
                0x00000000000345c0                simSerialReceivingFlag
                0x00000000000345c4                simSerialReceivingLength
                0x00000000000345e0                simSerialReceivingData
 COMMON         0x0000000000034de0        0x2 obj_cooja/mtype983.a(vib-sensor.o)
                0x0000000000034de0                simVibChanged
                0x0000000000034de1                simVibIsActive
 *fill*         0x0000000000034de2        0x2 
 COMMON         0x0000000000034de4        0x4 obj_cooja/mtype983.a(clock.o)
                0x0000000000034de4                simCurrentTime
 *fill*         0x0000000000034de8       0x18 
 COMMON         0x0000000000034e00      0x420 obj_cooja/mtype983.a(log.o)
                0x0000000000034e00                simLoggedLength
                0x0000000000034e04                simLoggedFlag
                0x0000000000034e20                simLoggedData
 COMMON         0x0000000000035220      0x200 obj_cooja/mtype983.a(cooja-radio.o)
                0x0000000000035220                simOutDataBuffer
                0x00000000000352a0                simInDataBufferLR
                0x0000000000035320                simOutDataBufferLR
                0x00000000000353a0                simInDataBuffer
 COMMON         0x0000000000035420      0x400 obj_cooja/mtype983.a(eeprom.o)
                0x0000000000035420                simEEPROMData
 COMMON         0x0000000000035820        0x1 obj_cooja/mtype983.a(sensors.o)
                0x0000000000035820                sensors_event
 *fill*         0x0000000000035821        0x3 
 COMMON         0x0000000000035824        0x4 obj_cooja/mtype983.a(log_message.o)
                0x0000000000035824                log_fp
 COMMON         0x0000000000035828        0x1 obj_cooja/mtype983.a(serial-line.o)
                0x0000000000035828                serial_line_event_message
 *fill*         0x0000000000035829       0x17 
 COMMON         0x0000000000035840       0xc8 obj_cooja/mtype983.a(uip-ds6-nbr.o)
                0x0000000000035840                ds6_lr_addrmap
 *fill*         0x0000000000035908       0x18 
 COMMON         0x0000000000035920      0x298 obj_cooja/mtype983.a(uip-ds6.o)
                0x0000000000035920                uip_ds6_prefix_list
                0x0000000000035980                uip_ds6_timer_periodic
                0x0000000000035990                uip_ds6_netif_addr_list_offset
                0x00000000000359a0                uip_ds6_if
                0x0000000000035a98                uip_ds6_timer_ra
                0x0000000000035aa0                uip_ds6_addr_size
                0x0000000000035ac0                long_uip_ds6_if
 *fill*         0x0000000000035bb8        0x8 
 COMMON         0x0000000000035bc0      0x8ec obj_cooja/mtype983.a(uip6.o)
                0x0000000000035bc0                uip_slen
                0x0000000000035bc2                uip_acc32
                0x0000000000035be0                uip_conns
                0x0000000000035ca0                uip_lladdr
                0x0000000000035ca8                uip_appdata
                0x0000000000035cac                uip_flags
                0x0000000000035cc0                uip_aligned_buf
                0x0000000000036300                uip_listenports
                0x0000000000036310                uip_len
                0x0000000000036312                uip_long_lladdr
                0x000000000003631c                uip_sappdata
                0x0000000000036320                uip_udp_conns
                0x00000000000364a0                uip_udp_conn
                0x00000000000364a4                uip_next_hdr
                0x00000000000364a8                uip_conn
 COMMON         0x00000000000364ac        0x1 obj_cooja/mtype983.a(tcpip.o)
                0x00000000000364ac                tcpip_event
 *fill*         0x00000000000364ad       0x13 
 COMMON         0x00000000000364c0      0x190 obj_cooja/mtype983.a(rpl-dag.o)
                0x00000000000364c0                default_instance
                0x00000000000364e0                instance_table
 COMMON         0x0000000000036650       0x10 obj_cooja/mtype983.a(linkaddr.o)
                0x0000000000036650                linkaddr_node_addr
                0x0000000000036658                long_linkaddr_node_addr
 COMMON         0x0000000000036660       0x2e obj_cooja/mtype983.a(packetbuf.o)
                0x0000000000036660                packetbuf_attrs
                0x000000000003667e                packetbuf_addrs
 *fill*         0x000000000003668e       0x12 
 COMMON         0x00000000000366a0       0x48 obj_cooja/mtype983.a(rimestats.o)
                0x00000000000366a0                rimestats
                0x00000000000366e8                . = ALIGN ((. != 0x0)?0x4:0x1)
                0x00000000000366e8                . = ALIGN (0x4)
                0x00000000000366e8                . = SEGMENT_START ("ldata-segment", .)
                0x00000000000366e8                . = ALIGN (0x4)
                0x00000000000366e8                _end = .
                0x00000000000366e8                PROVIDE (end, .)
                0x00000000000366e8                . = DATA_SEGMENT_END (.)

.stab
 *(.stab)

.stabstr
 *(.stabstr)

.stab.excl
 *(.stab.excl)

.stab.exclstr
 *(.stab.exclstr)

.stab.index
 *(.stab.index)

.stab.indexstr
 *(.stab.indexstr)

.comment        0x0000000000000000       0x2b
 *(.comment)
 .comment       0x0000000000000000       0x2b /usr/lib/gcc/i686-linux-gnu/4.8/crtbeginS.o
                                         0x2c (size before relaxing)
 .comment       0x0000000000000000       0x2c udp-client.co
 .comment       0x0000000000000000       0x2c obj_cooja/mtype983.o
 .comment       0x0000000000000000       0x2c obj_cooja/mtype983.a(simEnvChange.o)
 .comment       0x0000000000000000       0x2c obj_cooja/mtype983.a(cooja_mt.o)
 .comment       0x0000000000000000       0x2c obj_cooja/mtype983.a(cooja_mtarch.o)
 .comment       0x0000000000000000       0x2c obj_cooja/mtype983.a(rtimer-arch.o)
 .comment       0x0000000000000000       0x2c obj_cooja/mtype983.a(beep.o)
 .comment       0x0000000000000000       0x2c obj_cooja/mtype983.a(button-sensor.o)
 .comment       0x0000000000000000       0x2c obj_cooja/mtype983.a(leds-arch.o)
 .comment       0x0000000000000000       0x2c obj_cooja/mtype983.a(moteid.o)
 .comment       0x0000000000000000       0x2c obj_cooja/mtype983.a(pir-sensor.o)
 .comment       0x0000000000000000       0x2c obj_cooja/mtype983.a(rs232.o)
 .comment       0x0000000000000000       0x2c obj_cooja/mtype983.a(vib-sensor.o)
 .comment       0x0000000000000000       0x2c obj_cooja/mtype983.a(clock.o)
 .comment       0x0000000000000000       0x2c obj_cooja/mtype983.a(log.o)
 .comment       0x0000000000000000       0x2c obj_cooja/mtype983.a(cfs-cooja.o)
 .comment       0x0000000000000000       0x2c obj_cooja/mtype983.a(cooja-radio.o)
 .comment       0x0000000000000000       0x2c obj_cooja/mtype983.a(eeprom.o)
 .comment       0x0000000000000000       0x2c obj_cooja/mtype983.a(random.o)
 .comment       0x0000000000000000       0x2c obj_cooja/mtype983.a(sensors.o)
 .comment       0x0000000000000000       0x2c obj_cooja/mtype983.a(dual_conf.o)
 .comment       0x0000000000000000       0x2c obj_cooja/mtype983.a(autostart.o)
 .comment       0x0000000000000000       0x2c obj_cooja/mtype983.a(ctimer.o)
 .comment       0x0000000000000000       0x2c obj_cooja/mtype983.a(etimer.o)
 .comment       0x0000000000000000       0x2c obj_cooja/mtype983.a(log_message.o)
 .comment       0x0000000000000000       0x2c obj_cooja/mtype983.a(process.o)
 .comment       0x0000000000000000       0x2c obj_cooja/mtype983.a(residual.o)
 .comment       0x0000000000000000       0x2c obj_cooja/mtype983.a(rtimer.o)
 .comment       0x0000000000000000       0x2c obj_cooja/mtype983.a(stimer.o)
 .comment       0x0000000000000000       0x2c obj_cooja/mtype983.a(timer.o)
 .comment       0x0000000000000000       0x2c obj_cooja/mtype983.a(serial-line.o)
 .comment       0x0000000000000000       0x2c obj_cooja/mtype983.a(list.o)
 .comment       0x0000000000000000       0x2c obj_cooja/mtype983.a(ringbuf.o)
 .comment       0x0000000000000000       0x2c obj_cooja/mtype983.a(sicslowpan.o)
 .comment       0x0000000000000000       0x2c obj_cooja/mtype983.a(uip-ds6-nbr.o)
 .comment       0x0000000000000000       0x2c obj_cooja/mtype983.a(uip-ds6-route.o)
 .comment       0x0000000000000000       0x2c obj_cooja/mtype983.a(uip-ds6.o)
 .comment       0x0000000000000000       0x2c obj_cooja/mtype983.a(uip6.o)
 .comment       0x0000000000000000       0x2c obj_cooja/mtype983.a(tcpip.o)
 .comment       0x0000000000000000       0x2c obj_cooja/mtype983.a(uip-debug.o)
 .comment       0x0000000000000000       0x2c obj_cooja/mtype983.a(uip-packetqueue)
 .comment       0x0000000000000000       0x2c obj_cooja/mtype983.a(uip-udp-packet.)
 .comment       0x0000000000000000       0x2c obj_cooja/mtype983.a(rpl-dag.o)
 .comment       0x0000000000000000       0x2c obj_cooja/mtype983.a(rpl-ext-header.)
 .comment       0x0000000000000000       0x2c obj_cooja/mtype983.a(rpl-icmp6.o)
 .comment       0x0000000000000000       0x2c obj_cooja/mtype983.a(rpl-ltmax-of.o)
 .comment       0x0000000000000000       0x2c obj_cooja/mtype983.a(rpl-timers.o)
 .comment       0x0000000000000000       0x2c obj_cooja/mtype983.a(rpl.o)
 .comment       0x0000000000000000       0x2c obj_cooja/mtype983.a(framer-802154.o)
 .comment       0x0000000000000000       0x2c obj_cooja/mtype983.a(nullmac.o)
 .comment       0x0000000000000000       0x2c obj_cooja/mtype983.a(nullrdc.o)
 .comment       0x0000000000000000       0x2c obj_cooja/mtype983.a(linkaddr.o)
 .comment       0x0000000000000000       0x2c obj_cooja/mtype983.a(nbr-table.o)
 .comment       0x0000000000000000       0x2c obj_cooja/mtype983.a(netstack.o)
 .comment       0x0000000000000000       0x2c obj_cooja/mtype983.a(packetbuf.o)
 .comment       0x0000000000000000       0x2c obj_cooja/mtype983.a(queuebuf.o)
 .comment       0x0000000000000000       0x2c obj_cooja/mtype983.a(nullsec.o)
 .comment       0x0000000000000000       0x2c obj_cooja/mtype983.a(watchdog.o)
 .comment       0x0000000000000000       0x2c obj_cooja/mtype983.a(rimestats.o)
 .comment       0x0000000000000000       0x2c obj_cooja/mtype983.a(memb.o)
 .comment       0x0000000000000000       0x2c obj_cooja/mtype983.a(uip-icmp6.o)
 .comment       0x0000000000000000       0x2c obj_cooja/mtype983.a(uip-nd6.o)
 .comment       0x0000000000000000       0x2c obj_cooja/mtype983.a(rpl-nbr-policy.)
 .comment       0x0000000000000000       0x2c obj_cooja/mtype983.a(frame802154.o)
 .comment       0x0000000000000000       0x2c obj_cooja/mtype983.a(mac-sequence.o)
 .comment       0x0000000000000000       0x2c obj_cooja/mtype983.a(mac.o)
 .comment       0x0000000000000000       0x2c /usr/lib/gcc/i686-linux-gnu/4.8/crtendS.o

.debug
 *(.debug)

.line
 *(.line)

.debug_srcinfo
 *(.debug_srcinfo)

.debug_sfnames
 *(.debug_sfnames)

.debug_aranges  0x0000000000000000      0x838
 *(.debug_aranges)
 .debug_aranges
                0x0000000000000000       0x20 udp-client.co
 .debug_aranges
                0x0000000000000020       0x20 obj_cooja/mtype983.o
 .debug_aranges
                0x0000000000000040       0x20 obj_cooja/mtype983.a(simEnvChange.o)
 .debug_aranges
                0x0000000000000060       0x20 obj_cooja/mtype983.a(cooja_mt.o)
 .debug_aranges
                0x0000000000000080       0x20 obj_cooja/mtype983.a(cooja_mtarch.o)
 .debug_aranges
                0x00000000000000a0       0x20 obj_cooja/mtype983.a(rtimer-arch.o)
 .debug_aranges
                0x00000000000000c0       0x20 obj_cooja/mtype983.a(beep.o)
 .debug_aranges
                0x00000000000000e0       0x20 obj_cooja/mtype983.a(button-sensor.o)
 .debug_aranges
                0x0000000000000100       0x20 obj_cooja/mtype983.a(leds-arch.o)
 .debug_aranges
                0x0000000000000120       0x20 obj_cooja/mtype983.a(moteid.o)
 .debug_aranges
                0x0000000000000140       0x20 obj_cooja/mtype983.a(pir-sensor.o)
 .debug_aranges
                0x0000000000000160       0x20 obj_cooja/mtype983.a(rs232.o)
 .debug_aranges
                0x0000000000000180       0x20 obj_cooja/mtype983.a(vib-sensor.o)
 .debug_aranges
                0x00000000000001a0       0x20 obj_cooja/mtype983.a(clock.o)
 .debug_aranges
                0x00000000000001c0       0x20 obj_cooja/mtype983.a(log.o)
 .debug_aranges
                0x00000000000001e0       0x20 obj_cooja/mtype983.a(cfs-cooja.o)
 .debug_aranges
                0x0000000000000200       0x20 obj_cooja/mtype983.a(cooja-radio.o)
 .debug_aranges
                0x0000000000000220       0x20 obj_cooja/mtype983.a(eeprom.o)
 .debug_aranges
                0x0000000000000240       0x20 obj_cooja/mtype983.a(random.o)
 .debug_aranges
                0x0000000000000260       0x20 obj_cooja/mtype983.a(sensors.o)
 .debug_aranges
                0x0000000000000280       0x20 obj_cooja/mtype983.a(dual_conf.o)
 .debug_aranges
                0x00000000000002a0       0x20 obj_cooja/mtype983.a(autostart.o)
 .debug_aranges
                0x00000000000002c0       0x20 obj_cooja/mtype983.a(ctimer.o)
 .debug_aranges
                0x00000000000002e0       0x20 obj_cooja/mtype983.a(etimer.o)
 .debug_aranges
                0x0000000000000300       0x20 obj_cooja/mtype983.a(log_message.o)
 .debug_aranges
                0x0000000000000320       0x20 obj_cooja/mtype983.a(process.o)
 .debug_aranges
                0x0000000000000340       0x20 obj_cooja/mtype983.a(residual.o)
 .debug_aranges
                0x0000000000000360       0x20 obj_cooja/mtype983.a(rtimer.o)
 .debug_aranges
                0x0000000000000380       0x20 obj_cooja/mtype983.a(stimer.o)
 .debug_aranges
                0x00000000000003a0       0x20 obj_cooja/mtype983.a(timer.o)
 .debug_aranges
                0x00000000000003c0       0x20 obj_cooja/mtype983.a(serial-line.o)
 .debug_aranges
                0x00000000000003e0       0x20 obj_cooja/mtype983.a(list.o)
 .debug_aranges
                0x0000000000000400       0x20 obj_cooja/mtype983.a(ringbuf.o)
 .debug_aranges
                0x0000000000000420       0x20 obj_cooja/mtype983.a(sicslowpan.o)
 .debug_aranges
                0x0000000000000440       0x20 obj_cooja/mtype983.a(uip-ds6-nbr.o)
 .debug_aranges
                0x0000000000000460       0x20 obj_cooja/mtype983.a(uip-ds6-route.o)
 .debug_aranges
                0x0000000000000480       0x20 obj_cooja/mtype983.a(uip-ds6.o)
 .debug_aranges
                0x00000000000004a0       0x20 obj_cooja/mtype983.a(uip6.o)
 .debug_aranges
                0x00000000000004c0       0x20 obj_cooja/mtype983.a(tcpip.o)
 .debug_aranges
                0x00000000000004e0       0x20 obj_cooja/mtype983.a(uip-debug.o)
 .debug_aranges
                0x0000000000000500       0x20 obj_cooja/mtype983.a(uip-packetqueue)
 .debug_aranges
                0x0000000000000520       0x20 obj_cooja/mtype983.a(uip-udp-packet.)
 .debug_aranges
                0x0000000000000540       0x20 obj_cooja/mtype983.a(rpl-dag.o)
 .debug_aranges
                0x0000000000000560       0x20 obj_cooja/mtype983.a(rpl-ext-header.)
 .debug_aranges
                0x0000000000000580       0x20 obj_cooja/mtype983.a(rpl-icmp6.o)
 .debug_aranges
                0x00000000000005a0       0x20 obj_cooja/mtype983.a(rpl-ltmax-of.o)
 .debug_aranges
                0x00000000000005c0       0x20 obj_cooja/mtype983.a(rpl-timers.o)
 .debug_aranges
                0x00000000000005e0       0x20 obj_cooja/mtype983.a(rpl.o)
 .debug_aranges
                0x0000000000000600       0x20 obj_cooja/mtype983.a(framer-802154.o)
 .debug_aranges
                0x0000000000000620       0x20 obj_cooja/mtype983.a(nullmac.o)
 .debug_aranges
                0x0000000000000640       0x20 obj_cooja/mtype983.a(nullrdc.o)
 .debug_aranges
                0x0000000000000660       0x20 obj_cooja/mtype983.a(linkaddr.o)
 .debug_aranges
                0x0000000000000680       0x20 obj_cooja/mtype983.a(nbr-table.o)
 .debug_aranges
                0x00000000000006a0       0x20 obj_cooja/mtype983.a(netstack.o)
 .debug_aranges
                0x00000000000006c0       0x20 obj_cooja/mtype983.a(packetbuf.o)
 .debug_aranges
                0x00000000000006e0       0x20 obj_cooja/mtype983.a(queuebuf.o)
 .debug_aranges
                0x0000000000000700       0x20 obj_cooja/mtype983.a(nullsec.o)
 .debug_aranges
                0x0000000000000720       0x20 obj_cooja/mtype983.a(watchdog.o)
 .debug_aranges
                0x0000000000000740       0x18 obj_cooja/mtype983.a(rimestats.o)
 .debug_aranges
                0x0000000000000758       0x20 obj_cooja/mtype983.a(memb.o)
 .debug_aranges
                0x0000000000000778       0x20 obj_cooja/mtype983.a(uip-icmp6.o)
 .debug_aranges
                0x0000000000000798       0x20 obj_cooja/mtype983.a(uip-nd6.o)
 .debug_aranges
                0x00000000000007b8       0x20 obj_cooja/mtype983.a(rpl-nbr-policy.)
 .debug_aranges
                0x00000000000007d8       0x20 obj_cooja/mtype983.a(frame802154.o)
 .debug_aranges
                0x00000000000007f8       0x20 obj_cooja/mtype983.a(mac-sequence.o)
 .debug_aranges
                0x0000000000000818       0x20 obj_cooja/mtype983.a(mac.o)

.debug_pubnames
 *(.debug_pubnames)

.debug_info     0x0000000000000000    0x1c699
 *(.debug_info .gnu.linkonce.wi.*)
 .debug_info    0x0000000000000000      0x973 udp-client.co
 .debug_info    0x0000000000000973     0x3a36 obj_cooja/mtype983.o
 .debug_info    0x00000000000043a9      0x15a obj_cooja/mtype983.a(simEnvChange.o)
 .debug_info    0x0000000000004503      0x1e2 obj_cooja/mtype983.a(cooja_mt.o)
 .debug_info    0x00000000000046e5      0x2e7 obj_cooja/mtype983.a(cooja_mtarch.o)
 .debug_info    0x00000000000049cc      0x16b obj_cooja/mtype983.a(rtimer-arch.o)
 .debug_info    0x0000000000004b37      0x1f3 obj_cooja/mtype983.a(beep.o)
 .debug_info    0x0000000000004d2a      0x257 obj_cooja/mtype983.a(button-sensor.o)
 .debug_info    0x0000000000004f81      0x132 obj_cooja/mtype983.a(leds-arch.o)
 .debug_info    0x00000000000050b3      0x10a obj_cooja/mtype983.a(moteid.o)
 .debug_info    0x00000000000051bd      0x216 obj_cooja/mtype983.a(pir-sensor.o)
 .debug_info    0x00000000000053d3      0x21e obj_cooja/mtype983.a(rs232.o)
 .debug_info    0x00000000000055f1      0x216 obj_cooja/mtype983.a(vib-sensor.o)
 .debug_info    0x0000000000005807      0x152 obj_cooja/mtype983.a(clock.o)
 .debug_info    0x0000000000005959      0x2bb obj_cooja/mtype983.a(log.o)
 .debug_info    0x0000000000005c14      0x3cf obj_cooja/mtype983.a(cfs-cooja.o)
 .debug_info    0x0000000000005fe3      0xcec obj_cooja/mtype983.a(cooja-radio.o)
 .debug_info    0x0000000000006ccf      0x1d5 obj_cooja/mtype983.a(eeprom.o)
 .debug_info    0x0000000000006ea4       0xb3 obj_cooja/mtype983.a(random.o)
 .debug_info    0x0000000000006f57      0x36d obj_cooja/mtype983.a(sensors.o)
 .debug_info    0x00000000000072c4      0xaad obj_cooja/mtype983.a(dual_conf.o)
 .debug_info    0x0000000000007d71      0x1a5 obj_cooja/mtype983.a(autostart.o)
 .debug_info    0x0000000000007f16      0x46c obj_cooja/mtype983.a(ctimer.o)