Archive member included to satisfy reference by file (symbol)

obj_cooja/mtype767.a(simEnvChange.o)
                              obj_cooja/mtype767.o (simDontFallAsleep)
obj_cooja/mtype767.a(cooja_mt.o)
                              obj_cooja/mtype767.o (cooja_mt_start)
obj_cooja/mtype767.a(cooja_mtarch.o)
                              obj_cooja/mtype767.a(cooja_mt.o) (cooja_mtarch_init)
obj_cooja/mtype767.a(rtimer-arch.o)
                              obj_cooja/mtype767.o (rtimer_arch_next)
obj_cooja/mtype767.a(beep.o)  obj_cooja/mtype767.o (beep_interface)
obj_cooja/mtype767.a(button-sensor.o)
                              obj_cooja/mtype767.o (button_interface)
obj_cooja/mtype767.a(leds-arch.o)
                              obj_cooja/mtype767.o (leds_interface)
obj_cooja/mtype767.a(moteid.o)
                              obj_cooja/mtype767.o (moteid_interface)
obj_cooja/mtype767.a(pir-sensor.o)
                              obj_cooja/mtype767.o (pir_interface)
obj_cooja/mtype767.a(rs232.o)
                              obj_cooja/mtype767.o (rs232_interface)
obj_cooja/mtype767.a(vib-sensor.o)
                              obj_cooja/mtype767.o (vib_interface)
obj_cooja/mtype767.a(clock.o)
                              obj_cooja/mtype767.o (clock_interface)
obj_cooja/mtype767.a(log.o)   obj_cooja/mtype767.o (simlog_interface)
obj_cooja/mtype767.a(cfs-cooja.o)
                              obj_cooja/mtype767.o (cfs_interface)
obj_cooja/mtype767.a(cooja-radio.o)
                              obj_cooja/mtype767.o (radio_interface)
obj_cooja/mtype767.a(eeprom.o)
                              obj_cooja/mtype767.o (eeprom_interface)
obj_cooja/mtype767.a(random.o)
                              obj_cooja/mtype767.a(moteid.o) (random_init)
obj_cooja/mtype767.a(sensors.o)
                              udp-server.co (sensors_event)
obj_cooja/mtype767.a(autostart.o)
                              obj_cooja/mtype767.o (autostart_start)
obj_cooja/mtype767.a(ctimer.o)
                              obj_cooja/mtype767.o (ctimer_init)
obj_cooja/mtype767.a(etimer.o)
                              obj_cooja/mtype767.o (etimer_process)
obj_cooja/mtype767.a(log_message.o)
                              obj_cooja/mtype767.o (log_initialization)
obj_cooja/mtype767.a(process.o)
                              udp-server.co (process_current)
obj_cooja/mtype767.a(residual.o)
                              obj_cooja/mtype767.o (get_residual_energy)
obj_cooja/mtype767.a(rtimer.o)
                              obj_cooja/mtype767.a(rtimer-arch.o) (rtimer_run_next)
obj_cooja/mtype767.a(timer.o)
                              obj_cooja/mtype767.a(button-sensor.o) (timer_set)
obj_cooja/mtype767.a(serial-line.o)
                              obj_cooja/mtype767.a(rs232.o) (serial_line_input_byte)
obj_cooja/mtype767.a(list.o)  obj_cooja/mtype767.a(ctimer.o) (list_init)
obj_cooja/mtype767.a(ringbuf.o)
                              obj_cooja/mtype767.a(serial-line.o) (ringbuf_init)
obj_cooja/mtype767.a(sicslowpan.o)
                              obj_cooja/mtype767.o (sicslowpan_driver)
obj_cooja/mtype767.a(uip-ds6-nbr.o)
                              obj_cooja/mtype767.a(sicslowpan.o) (uip_ds6_link_neighbor_callback)
obj_cooja/mtype767.a(uip-ds6.o)
                              udp-server.co (uip_ds6_if)
obj_cooja/mtype767.a(uip6.o)  obj_cooja/mtype767.o (uip_lladdr)
obj_cooja/mtype767.a(tcpip.o)
                              udp-server.co (tcpip_event)
obj_cooja/mtype767.a(uip-debug.o)
                              udp-server.co (uip_debug_ipaddr_print)
obj_cooja/mtype767.a(uip-packetqueue)
                              obj_cooja/mtype767.a(uip-ds6-nbr.o) (uip_packetqueue_new)
obj_cooja/mtype767.a(rpl-dag.o)
                              udp-server.co (rpl_set_root)
obj_cooja/mtype767.a(rpl-ext-header.)
                              obj_cooja/mtype767.a(uip6.o) (rpl_verify_header)
obj_cooja/mtype767.a(rpl-icmp6.o)
                              obj_cooja/mtype767.a(rpl-dag.o) (rpl_icmp6_update_nbr_table)
obj_cooja/mtype767.a(rpl-of0.o)
                              obj_cooja/mtype767.a(rpl-dag.o) (rpl_of0)
obj_cooja/mtype767.a(rpl-timers.o)
                              obj_cooja/mtype767.a(rpl-dag.o) (rpl_reset_dio_timer)
obj_cooja/mtype767.a(rpl.o)   obj_cooja/mtype767.a(rpl-icmp6.o) (rpl_get_mode)
obj_cooja/mtype767.a(framer-802154.o)
                              obj_cooja/mtype767.a(sicslowpan.o) (framer_802154)
obj_cooja/mtype767.a(nullmac.o)
                              udp-server.co (nullmac_driver)
obj_cooja/mtype767.a(cxmac.o)
                              obj_cooja/mtype767.o (cxmac_driver)
obj_cooja/mtype767.a(linkaddr.o)
                              obj_cooja/mtype767.o (linkaddr_node_addr)
obj_cooja/mtype767.a(nbr-table.o)
                              obj_cooja/mtype767.a(uip-ds6-nbr.o) (nbr_table_register)
obj_cooja/mtype767.a(netstack.o)
                              obj_cooja/mtype767.o (netstack_init)
[...]
Memory Configuration

Name             Origin             Length             Attributes
*default*        0x0000000000000000 0xffffffffffffffff

Linker script and memory map

LOAD /usr/lib/gcc/i686-linux-gnu/4.8/../../../i386-linux-gnu/crti.o
LOAD /usr/lib/gcc/i686-linux-gnu/4.8/crtbeginS.o
LOAD udp-server.co
LOAD obj_cooja/mtype767.o
LOAD obj_cooja/mtype767.a
LOAD /usr/lib/gcc/i686-linux-gnu/4.8/libgcc.a
LOAD /usr/lib/gcc/i686-linux-gnu/4.8/libgcc_s.so
LOAD /usr/lib/gcc/i686-linux-gnu/4.8/../../../i386-linux-gnu/libc.so
START GROUP
LOAD /lib/i386-linux-gnu/libc.so.6
LOAD /usr/lib/i386-linux-gnu/libc_nonshared.a
LOAD /lib/i386-linux-gnu/ld-linux.so.2
END GROUP
LOAD /usr/lib/gcc/i686-linux-gnu/4.8/libgcc.a
LOAD /usr/lib/gcc/i686-linux-gnu/4.8/libgcc_s.so
LOAD /usr/lib/gcc/i686-linux-gnu/4.8/crtendS.o
LOAD /usr/lib/gcc/i686-linux-gnu/4.8/../../../i386-linux-gnu/crtn.o
                0x0000000000000114                . = (0x0 + SIZEOF_HEADERS)

.note.gnu.build-id
                0x0000000000000114       0x24
 *(.note.gnu.build-id)
 .note.gnu.build-id
                0x0000000000000114       0x24 /usr/lib/gcc/i686-linux-gnu/4.8/../../../i386-linux-gnu/crti.o

.hash
 *(.hash)

.gnu.hash       0x0000000000000138     0x12c4
 *(.gnu.hash)
 .gnu.hash      0x0000000000000138     0x12c4 /usr/lib/gcc/i686-linux-gnu/4.8/../../../i386-linux-gnu/crti.o

.dynsym         0x00000000000013fc     0x2370
 *(.dynsym)
 .dynsym        0x00000000000013fc     0x2370 /usr/lib/gcc/i686-linux-gnu/4.8/../../../i386-linux-gnu/crti.o

.dynstr         0x000000000000376c     0x2467
 *(.dynstr)
 .dynstr        0x000000000000376c     0x2467 /usr/lib/gcc/i686-linux-gnu/4.8/../../../i386-linux-gnu/crti.o

.gnu.version    0x0000000000005bd4      0x46e
 *(.gnu.version)
 .gnu.version   0x0000000000005bd4      0x46e /usr/lib/gcc/i686-linux-gnu/4.8/../../../i386-linux-gnu/crti.o

.gnu.version_d  0x0000000000006044        0x0
 *(.gnu.version_d)
 .gnu.version_d
                0x0000000000000000        0x0 /usr/lib/gcc/i686-linux-gnu/4.8/../../../i386-linux-gnu/crti.o

.gnu.version_r  0x0000000000006044       0x50
 *(.gnu.version_r)
 .gnu.version_r
                0x0000000000006044       0x50 /usr/lib/gcc/i686-linux-gnu/4.8/../../../i386-linux-gnu/crti.o

.rel.dyn        0x0000000000006094     0x8270
 *(.rel.init)
 .rel.init      0x0000000000000000        0x0 /usr/lib/gcc/i686-linux-gnu/4.8/../../../i386-linux-gnu/crti.o
 *(.rel.text .rel.text.* .rel.gnu.linkonce.t.*)
 .rel.text      0x0000000000006094     0x7b08 /usr/lib/gcc/i686-linux-gnu/4.8/../../../i386-linux-gnu/crti.o
 *(.rel.fini)
 .rel.fini      0x0000000000000000        0x0 /usr/lib/gcc/i686-linux-gnu/4.8/../../../i386-linux-gnu/crti.o
 *(.rel.rodata .rel.rodata.* .rel.gnu.linkonce.r.*)
 .rel.rodata    0x000000000000db9c      0x4e0 /usr/lib/gcc/i686-linux-gnu/4.8/../../../i386-linux-gnu/crti.o
 *(.rel.data.rel.ro .rel.data.rel.ro.* .rel.gnu.linkonce.d.rel.ro.*)
 *(.rel.data .rel.data.* .rel.gnu.linkonce.d.*)
 .rel.data.rel  0x000000000000e07c        0x8 /usr/lib/gcc/i686-linux-gnu/4.8/../../../i386-linux-gnu/crti.o
 .rel.data      0x000000000000e084      0x248 /usr/lib/gcc/i686-linux-gnu/4.8/../../../i386-linux-gnu/crti.o
 *(.rel.tdata .rel.tdata.* .rel.gnu.linkonce.td.*)
 *(.rel.tbss .rel.tbss.* .rel.gnu.linkonce.tb.*)
 *(.rel.ctors)
 *(.rel.dtors)
 *(.rel.got)
 .rel.got       0x000000000000e2cc       0x28 /usr/lib/gcc/i686-linux-gnu/4.8/../../../i386-linux-gnu/crti.o
 *(.rel.bss .rel.bss.* .rel.gnu.linkonce.b.*)
 *(.rel.ifunc)
 .rel.ifunc     0x0000000000000000        0x0 /usr/lib/gcc/i686-linux-gnu/4.8/../../../i386-linux-gnu/crti.o
 .rel.fini_array
                0x000000000000e2f4        0x8 /usr/lib/gcc/i686-linux-gnu/4.8/../../../i386-linux-gnu/crti.o
 .rel.init_array
                0x000000000000e2fc        0x8 /usr/lib/gcc/i686-linux-gnu/4.8/../../../i386-linux-gnu/crti.o

.rel.plt        0x000000000000e304       0x10
 *(.rel.plt)
 .rel.plt       0x000000000000e304       0x10 /usr/lib/gcc/i686-linux-gnu/4.8/../../../i386-linux-gnu/crti.o
 *(.rel.iplt)

.init           0x000000000000e314       0x23
 *(SORT(.init))
 .init          0x000000000000e314       0x1e /usr/lib/gcc/i686-linux-gnu/4.8/../../../i386-linux-gnu/crti.o
                0x000000000000e314                _init
 .init          0x000000000000e332        0x5 /usr/lib/gcc/i686-linux-gnu/4.8/../../../i386-linux-gnu/crtn.o

.plt            0x000000000000e340       0x30
 *(.plt)
 .plt           0x000000000000e340       0x30 /usr/lib/gcc/i686-linux-gnu/4.8/../../../i386-linux-gnu/crti.o
 *(.iplt)

.text           0x000000000000e370    0x144f7
 *(.text.unlikely .text.*_unlikely .text.unlikely.*)
 *(.text.exit .text.exit.*)
 *(.text.startup .text.startup.*)
 *(.text.hot .text.hot.*)
 *(.text .stub .text.* .gnu.linkonce.t.*)
 .text          0x000000000000e370        0x0 /usr/lib/gcc/i686-linux-gnu/4.8/../../../i386-linux-gnu/crti.o
 .gnu.linkonce.t.__x86.get_pc_thunk.bx
                0x000000000000e370        0x4 /usr/lib/gcc/i686-linux-gnu/4.8/../../../i386-linux-gnu/crti.o
                0x000000000000e370                __x86.get_pc_thunk.bx
 *fill*         0x000000000000e374        0xc 
 .text          0x000000000000e380      0x11b /usr/lib/gcc/i686-linux-gnu/4.8/crtbeginS.o
 .text          0x000000000000e49b      0x3ce udp-server.co
 .text          0x000000000000e869      0x734 obj_cooja/mtype767.o
                0x000000000000e99f                contiki_init
                0x000000000000edb4                Java_org_contikios_cooja_corecomm_Lib10_init
                0x000000000000edf4                Java_org_contikios_cooja_corecomm_Lib10_getMemory
                0x000000000000ee34                Java_org_contikios_cooja_corecomm_Lib10_setMemory
                0x000000000000eeab                Java_org_contikios_cooja_corecomm_Lib10_tick
                0x000000000000ef8b                Java_org_contikios_cooja_corecomm_Lib10_setReferenceAddress
 .text          0x000000000000ef9d       0x63 obj_cooja/mtype767.a(simEnvChange.o)
                0x000000000000ef9d                doActionsBeforeTick
                0x000000000000efce                doActionsAfterTick
 .text          0x000000000000f000       0xbc obj_cooja/mtype767.a(cooja_mt.o)
                0x000000000000f000                cooja_mt_init
                0x000000000000f00d                cooja_mt_remove
                0x000000000000f01a                cooja_mt_start
                0x000000000000f047                cooja_mt_exec
                0x000000000000f078                cooja_mt_exit
                0x000000000000f09a                cooja_mt_yield
 .text          0x000000000000f0bc      0x115 obj_cooja/mtype767.a(cooja_mtarch.o)
                0x000000000000f0bc                cooja_mtarch_init
                0x000000000000f0c1                cooja_mtarch_start
                0x000000000000f13c                cooja_sw
                0x000000000000f15e                cooja_mtarch_exec
                0x000000000000f17a                cooja_mtarch_remove
                0x000000000000f17f                cooja_mtarch_yield
                0x000000000000f189                cooja_mtarch_pstop
                0x000000000000f18e                cooja_mtarch_pstart
                0x000000000000f193                cooja_mtarch_stack_usage
 .text          0x000000000000f1d1       0xc2 obj_cooja/mtype767.a(rtimer-arch.o)
                0x000000000000f1d1                rtimer_arch_init
                0x000000000000f1f4                rtimer_arch_schedule
                0x000000000000f20b                rtimer_arch_next
                0x000000000000f215                rtimer_arch_pending
                0x000000000000f21f                rtimer_arch_check
                0x000000000000f251                rtimer_arch_now
 .text          0x000000000000f293       0x76 obj_cooja/mtype767.a(beep.o)
                0x000000000000f293                beep_alarm
                0x000000000000f29f                beep_beep
                0x000000000000f2ab                beep
                0x000000000000f2b7                beep_down
                0x000000000000f2c3                beep_on
                0x000000000000f2cf                beep_off
                0x000000000000f2db                beep_spinup
                0x000000000000f2e7                beep_quick
                0x000000000000f2f3                beep_long
 .text          0x000000000000f309      0x103 obj_cooja/mtype767.a(button-sensor.o)
 .text          0x000000000000f40c       0x45 obj_cooja/mtype767.a(leds-arch.o)
                0x000000000000f40c                leds_arch_init
                0x000000000000f418                leds_arch_get
                0x000000000000f424                leds_arch_set
 .text          0x000000000000f451       0x2f obj_cooja/mtype767.a(moteid.o)
 .text          0x000000000000f480       0xb1 obj_cooja/mtype767.a(pir-sensor.o)
 .text          0x000000000000f531      0x131 obj_cooja/mtype767.a(rs232.o)
                0x000000000000f531                rs232_init
                0x000000000000f536                rs232_set_speed
                0x000000000000f544                rs232_set_input
                0x000000000000f551                rs232_send
                0x000000000000f573                rs232_print
                0x000000000000f58e                slip_arch_writeb
 .text          0x000000000000f662       0xb1 obj_cooja/mtype767.a(vib-sensor.o)
 .text          0x000000000000f713       0x34 obj_cooja/mtype767.a(clock.o)
                0x000000000000f713                clock_init
                0x000000000000f718                clock_time
                0x000000000000f722                clock_seconds
                0x000000000000f738                clock_delay
 .text          0x000000000000f747      0x1ed obj_cooja/mtype767.a(log.o)
                0x000000000000f747                simlog_char
                0x000000000000f789                simlog
                0x000000000000f7f6                log_message
                0x000000000000f81e                log_set_putchar_with_slip
                0x000000000000f82b                log_putchar
                0x000000000000f8af                log_puts
                0x000000000000f8d3                log_printf
 .text          0x000000000000f934      0x2c4 obj_cooja/mtype767.a(cfs-cooja.o)
                0x000000000000f934                cfs_open
                0x000000000000f99d                cfs_close
                0x000000000000f9a9                cfs_read
                0x000000000000fa47                cfs_write
                0x000000000000fb24                cfs_seek
                0x000000000000fbac                cfs_remove
                0x000000000000fbd5                cfs_opendir
                0x000000000000fbdf                cfs_readdir
                0x000000000000fbe9                cfs_closedir
 .text          0x000000000000fbf8      0x3e8 obj_cooja/mtype767.a(cooja-radio.o)
                0x000000000000fc22                radio_set_channel
                0x000000000000fc2f                radio_set_txpower
                0x000000000000fc46                radio_signal_strength_last
                0x000000000000fc50                radio_signal_strength_current
                0x000000000000fc5a                radio_LQI
 .text          0x000000000000ffe0       0xef obj_cooja/mtype767.a(eeprom.o)
                0x000000000000ffe0                eeprom_init
                0x000000000000ffe5                eeprom_read
                0x0000000000010055                eeprom_write
 .text          0x00000000000100cf       0x28 obj_cooja/mtype767.a(random.o)
                0x00000000000100cf                random_init
                0x00000000000100ea                random_rand
 .text          0x00000000000100f7      0x2a1 obj_cooja/mtype767.a(sensors.o)
                0x0000000000010132                sensors_first
                0x000000000001013c                sensors_next
                0x0000000000010159                sensors_changed
                0x0000000000010188                sensors_find
 .text          0x0000000000010398       0x8e obj_cooja/mtype767.a(autostart.o)
                0x0000000000010398                autostart_start
                0x00000000000103e3                autostart_exit
 .text          0x0000000000010426      0x334 obj_cooja/mtype767.a(ctimer.o)
                0x000000000001053d                ctimer_init
                0x000000000001056d                ctimer_set
                0x000000000001059e                ctimer_set_with_process
                0x000000000001061a                ctimer_reset
                0x0000000000010669                ctimer_restart
                0x00000000000106b8                ctimer_stop
                0x0000000000010703                ctimer_expired
 .text          0x000000000001075a      0x40b obj_cooja/mtype767.a(etimer.o)
                0x000000000001096d                etimer_request_poll
                0x00000000000109f1                etimer_set
                0x0000000000010a16                etimer_reset_with_new_interval
                0x0000000000010a3d                etimer_reset
                0x0000000000010a5b                etimer_restart
                0x0000000000010a79                etimer_adjust
                0x0000000000010a95                etimer_expired
                0x0000000000010aa8                etimer_expiration_time
                0x0000000000010aba                etimer_start_time
                0x0000000000010ac4                etimer_pending
                0x0000000000010ad6                etimer_next_expiration_time
                0x0000000000010af0                etimer_stop
 .text          0x0000000000010b65       0xdd obj_cooja/mtype767.a(log_message.o)
                0x0000000000010b65                log_initialization
                0x0000000000010c21                log_finisher
 .text          0x0000000000010c42      0x560 obj_cooja/mtype767.a(process.o)
                0x0000000000010c42                process_alloc_event
                0x0000000000010c57                process_start
                0x0000000000010e40                process_exit
                0x0000000000010e5c                process_init
                0x000000000001102d                process_run
                0x0000000000011060                process_nevents
                0x000000000001107b                process_post
                0x0000000000011127                process_post_synch
                0x000000000001115f                process_poll
                0x000000000001118e                process_is_running
 .text          0x00000000000111a2       0x8b obj_cooja/mtype767.a(residual.o)
                0x00000000000111a2                get_residual_energy
 .text          0x000000000001122d       0xba obj_cooja/mtype767.a(rtimer.o)
                0x000000000001122d                rtimer_init
                0x000000000001123a                rtimer_set
                0x0000000000011291                rtimer_run_next
 .text          0x00000000000112e7       0x91 obj_cooja/mtype767.a(timer.o)
                0x00000000000112e7                timer_set
                0x0000000000011302                timer_reset
                0x0000000000011319                timer_restart
                0x000000000001132b                timer_expired
                0x0000000000011354                timer_remaining
 .text          0x0000000000011378      0x1fb obj_cooja/mtype767.a(serial-line.o)
                0x0000000000011378                serial_line_input_byte
                0x000000000001153b                serial_line_init
 .text          0x0000000000011573      0x244 obj_cooja/mtype767.a(list.o)
                0x0000000000011573                list_init
                0x0000000000011581                list_head
                0x000000000001158b                list_copy
                0x000000000001159a                list_tail
                0x00000000000115d0                list_add
                0x0000000000011619                list_push
                0x0000000000011645                list_chop
                0x00000000000116af                list_pop
                0x00000000000116d7                list_remove
                0x000000000001173e                list_length
                0x000000000001176c                list_insert
                0x00000000000117a0                list_item_next
 .text          0x00000000000117b7      0x155 obj_cooja/mtype767.a(ringbuf.o)
                0x00000000000117b7                ringbuf_init
                0x00000000000117e8                ringbuf_put
                0x0000000000011866                ringbuf_get
                0x00000000000118d3                ringbuf_size
                0x00000000000118e5                ringbuf_elements
 .text          0x000000000001190c     0x258b obj_cooja/mtype767.a(sicslowpan.o)
                0x0000000000011e96                rime_sniffer_add
                0x0000000000011ea3                rime_sniffer_remove
                0x0000000000013e36                sicslowpan_init
                0x0000000000013e8d                sicslowpan_get_last_rssi
 .text          0x0000000000013e97      0x298 obj_cooja/mtype767.a(uip-ds6-nbr.o)
                0x0000000000013eb4                uip_ds6_neighbors_init
                0x0000000000013ed1                uip_ds6_nbr_add
                0x0000000000013f59                uip_ds6_nbr_rm
                0x0000000000013f9b                uip_ds6_nbr_get_ipaddr
                0x0000000000013fb0                uip_ds6_nbr_get_ll
                0x0000000000013fcc                uip_ds6_nbr_num
                0x0000000000014011                uip_ds6_nbr_lookup
                0x0000000000014076                uip_ds6_nbr_ll_lookup
                0x0000000000014092                uip_ds6_nbr_ipaddr_from_lladdr
                0x00000000000140b8                uip_ds6_nbr_lladdr_from_ipaddr
                0x00000000000140e6                uip_ds6_link_neighbor_callback
 .text          0x000000000001412f      0xb97 obj_cooja/mtype767.a(uip-ds6.o)
                0x000000000001412f                uip_ds6_init
                0x0000000000014302                uip_ds6_periodic
                0x000000000001437b                uip_ds6_list_loop
                0x0000000000014422                uip_ds6_prefix_add
                0x00000000000144e0                uip_ds6_prefix_rm
                0x00000000000144f2                uip_ds6_prefix_lookup
                0x0000000000014543                uip_ds6_is_addr_onlink
                0x00000000000145b7                uip_ds6_addr_add
                0x00000000000146e5                uip_ds6_addr_rm
                0x0000000000014785                uip_ds6_addr_lookup
                0x00000000000147d0                uip_ds6_get_link_local
                0x000000000001484f                uip_ds6_get_global
                0x00000000000148ce                uip_ds6_maddr_add
                0x0000000000014940                uip_ds6_maddr_rm
                0x0000000000014952                uip_ds6_maddr_lookup
                0x000000000001499d                uip_ds6_aaddr_add
                0x0000000000014a0f                uip_ds6_aaddr_rm
                0x0000000000014a21                uip_ds6_aaddr_lookup
                0x0000000000014a6c                uip_ds6_select_src
                0x0000000000014bb1                uip_ds6_set_addr_iid
                0x0000000000014be8                get_match_length
                0x0000000000014c7a                uip_ds6_compute_reachable_time
 .text          0x0000000000014cc6     0x29cb obj_cooja/mtype767.a(uip6.o)
                0x0000000000014cc6                uip_add32
                0x0000000000014e5f                uip_chksum
                0x0000000000014f4d                uip_icmp6chksum
                0x0000000000014f61                uip_tcpchksum
                0x0000000000014f75                uip_udpchksum
                0x0000000000014f89                uip_init
                0x0000000000015059                uip_connect
                0x0000000000015208                remove_ext_hdr
                0x00000000000152dd                uip_udp_new
                0x0000000000015439                uip_unlisten
                0x0000000000015499                uip_listen
                0x000000000001575b                uip_process
                0x0000000000017585                uip_htons
                0x00000000000175a7                uip_htonl
                0x00000000000175e7                uip_send
 .text          0x0000000000017691      0xa2b obj_cooja/mtype767.a(tcpip.o)
                0x0000000000017691                tcpip_output
                0x00000000000176bf                tcpip_set_outputfunc
                0x0000000000017753                tcp_connect
                0x00000000000177a8                tcp_unlisten
                0x0000000000017803                tcp_listen
                0x000000000001785c                tcp_attach
                0x0000000000017881                udp_attach
                0x00000000000178a6                udp_new
                0x00000000000178f8                udp_broadcast_new
                0x0000000000017b6c                tcpip_input
                0x0000000000017ba0                tcpip_ipv6_output
                0x0000000000017f02                tcpip_poll_udp
                0x0000000000017f25                tcpip_poll_tcp
                0x0000000000017f48                tcpip_uipcall
 .text          0x00000000000180bc      0x1c1 obj_cooja/mtype767.a(uip-debug.o)
                0x00000000000180bc                uip_debug_ipaddr_print
                0x000000000001821e                uip_debug_lladdr_print
 .text          0x000000000001827d      0x141 obj_cooja/mtype767.a(uip-packetqueue)
                0x00000000000182a9                uip_packetqueue_new
                0x00000000000182b7                uip_packetqueue_alloc
                0x0000000000018317                uip_packetqueue_free
                0x0000000000018358                uip_packetqueue_buf
                0x0000000000018375                uip_packetqueue_buflen
                0x0000000000018396                uip_packetqueue_set_buflen
 .text          0x00000000000183be     0x25bb obj_cooja/mtype767.a(rpl-dag.o)
                0x00000000000183be                rpl_print_neighbor_list
                0x0000000000018467                rpl_print_child_neighbor_list
                0x00000000000184dc                rpl_get_nbr
                0x0000000000018536                rpl_get_nbr_child
                0x0000000000018590                rpl_dag_init
                0x00000000000185c2                rpl_get_parent
                0x00000000000185e4                rpl_get_parent_rank
                0x0000000000018617                rpl_get_parent_link_metric
                0x000000000001864a                rpl_get_parent_ipaddr
                0x0000000000018674                rpl_get_child_ipaddr
                0x000000000001898f                rpl_set_root
                0x0000000000018bbd                rpl_repair_root
                0x0000000000018df9                rpl_set_prefix
                0x0000000000018ef8                rpl_set_default_route
                0x0000000000018f84                rpl_alloc_instance
                0x0000000000019017                rpl_alloc_dag
                0x00000000000190ca                rpl_set_default_instance
                0x00000000000190d7                rpl_get_default_instance
                0x00000000000190e1                rpl_free_instance
                0x0000000000019192                rpl_free_dag
                0x00000000000191f8                rpl_add_parent
                0x00000000000192ee                rpl_find_parent
                0x000000000001931e                rpl_add_child
                0x00000000000193c2                rpl_find_child
                0x0000000000019410                rpl_find_parent_any_dag
                0x000000000001944c                rpl_select_dag
                0x000000000001986f                rpl_select_parent
                0x00000000000198d1                rpl_remove_parent
                0x0000000000019907                rpl_remove_child
                0x0000000000019923                rpl_nullify_parent
                0x00000000000199c1                rpl_move_parent
                0x0000000000019a5e                rpl_has_downward_route
                0x0000000000019ab1                rpl_get_any_dag
                0x0000000000019b13                rpl_get_instance
                0x0000000000019b76                rpl_find_of
                0x0000000000019bb3                rpl_join_instance
                0x0000000000019e2e                rpl_add_dag
                0x000000000001a21d                rpl_local_repair
                0x000000000001a2f6                rpl_recalculate_ranks
                0x000000000001a37c                rpl_process_parent_event
                0x000000000001a42e                rpl_process_dio
 .text          0x000000000001a979      0xbf3 obj_cooja/mtype767.a(rpl-ext-header.)
                0x000000000001a996                rpl_verify_header
                0x000000000001ae10                rpl_update_header_empty
                0x000000000001b127                rpl_update_header_final
                0x000000000001b2b6                rpl_remove_header
                0x000000000001b3c0                rpl_invert_header
                0x000000000001b54a                rpl_insert_header
 .text          0x000000000001b56c     0x1f89 obj_cooja/mtype767.a(rpl-icmp6.o)
                0x000000000001b835                rpl_icmp6_update_nbr_table
                0x000000000001b925                dis_output
                0x000000000001c1d1                dio_output
                0x000000000001d0ed                dao_output
                0x000000000001d1b5                dao_output_target
                0x000000000001d4a9                dao_ack_output
                0x000000000001d4bd                rpl_icmp6_register_handlers
 .text          0x000000000001d4f5      0x1de obj_cooja/mtype767.a(rpl-of0.o)
 .text          0x000000000001d6d3      0x7c2 obj_cooja/mtype767.a(rpl-timers.o)
                0x000000000001d928                rpl_reset_periodic_timer
                0x000000000001d97d                rpl_reset_dio_timer
                0x000000000001dbb7                rpl_schedule_dao
                0x000000000001dbd2                rpl_schedule_dao_immediately
                0x000000000001dbed                rpl_cancel_dao
                0x000000000001dc4f                rpl_schedule_unicast_dio_immediately
                0x000000000001de3d                rpl_schedule_probing
 .text          0x000000000001de95      0x5c5 obj_cooja/mtype767.a(rpl.o)
                0x000000000001de95                rpl_get_mode
                0x000000000001de9f                rpl_set_mode
                0x000000000001df2d                rpl_purge_routes
                0x000000000001e027                rpl_remove_routes
                0x000000000001e06d                rpl_remove_routes_by_nexthop
                0x000000000001e0d9                rpl_add_route
                0x000000000001e154                rpl_link_neighbor_callback
                0x000000000001e259                rpl_ipv6_neighbor_callback
                0x000000000001e2c8                rpl_purge_dags
                0x000000000001e3d4                rpl_init
 .text          0x000000000001e45a      0x3f5 obj_cooja/mtype767.a(framer-802154.o)
 .text          0x000000000001e84f       0x5e obj_cooja/mtype767.a(nullmac.o)
 .text          0x000000000001e8ad      0xa4a obj_cooja/mtype767.a(cxmac.o)
                0x000000000001f258                cxmac_set_announcement_radio_txpower
                0x000000000001f25d                cxmac_init
 .text          0x000000000001f2f7       0x67 obj_cooja/mtype767.a(linkaddr.o)
                0x000000000001f2f7                linkaddr_copy
                0x000000000001f319                linkaddr_cmp
                0x000000000001f343                linkaddr_set_node_addr
 .text          0x000000000001f35e      0x769 obj_cooja/mtype767.a(nbr-table.o)
                0x000000000001f7bd                nbr_table_register
                0x000000000001f805                nbr_table_head
                0x000000000001f861                nbr_table_next
                0x000000000001f8c8                nbr_table_add_lladdr
                0x000000000001f9a4                nbr_table_get_from_lladdr
                0x000000000001f9f1                nbr_table_remove
                0x000000000001fa43                nbr_table_lock
                0x000000000001fa6d                nbr_table_unlock
                0x000000000001fa97                nbr_table_get_lladdr
 .text          0x000000000001fac7       0x2b obj_cooja/mtype767.a(netstack.o)
                0x000000000001fac7                netstack_init
 .text          0x000000000001faf2      0x3cd obj_cooja/mtype767.a(packetbuf.o)
                0x000000000001faf2                packetbuf_clear
                0x000000000001fb1c                packetbuf_copyfrom
                0x000000000001fb6e                packetbuf_compact
                0x000000000001fbeb                packetbuf_copyto
                0x000000000001fc82                packetbuf_hdralloc
                0x000000000001fcff                packetbuf_hdrreduce
                0x000000000001fd47                packetbuf_set_datalen
                0x000000000001fd60                packetbuf_dataptr
                0x000000000001fd7d                packetbuf_hdrptr
                0x000000000001fd87                packetbuf_datalen
                0x000000000001fd93                packetbuf_hdrlen
                0x000000000001fdaa                packetbuf_totlen
                0x000000000001fdc0                packetbuf_attr_clear
                0x000000000001fe12                packetbuf_attr_copyto
                0x000000000001fe5b                packetbuf_attr_copyfrom
                0x000000000001fea3                packetbuf_holds_broadcast
 .text          0x000000000001febf      0x2b4 obj_cooja/mtype767.a(queuebuf.o)
                0x000000000001fec9                queuebuf_init
                0x000000000001fee9                queuebuf_numfree
                0x000000000001fefd                queuebuf_new_from_packetbuf
                0x000000000001ff8d                queuebuf_update_attr_from_packetbuf
                0x000000000001ffc0                queuebuf_update_from_packetbuf
                0x000000000002000a                queuebuf_free
                0x0000000000020051                queuebuf_to_packetbuf
                0x00000000000200b7                queuebuf_dataptr
                0x00000000000200ee                queuebuf_datalen
                0x0000000000020111                queuebuf_addr
                0x0000000000020143                queuebuf_attr
                0x000000000002016e                queuebuf_debug_print
 .text          0x0000000000020173       0x6e obj_cooja/mtype767.a(nullsec.o)
 .text          0x00000000000201e1       0x19 obj_cooja/mtype767.a(watchdog.o)
                0x00000000000201e1                watchdog_init
                0x00000000000201e6                watchdog_start
                0x00000000000201eb                watchdog_periodic
                0x00000000000201f0                watchdog_stop
                0x00000000000201f5                watchdog_reboot
 .text          0x00000000000201fa        0x0 obj_cooja/mtype767.a(rimestats.o)
 .text          0x00000000000201fa       0xa3 obj_cooja/mtype767.a(stimer.o)
                0x00000000000201fa                stimer_set
                0x0000000000020215                stimer_reset
                0x000000000002022c                stimer_restart
                0x000000000002023e                stimer_expired
                0x0000000000020265                stimer_remaining
                0x0000000000020289                stimer_elapsed
 .text          0x000000000002029d      0x1c1 obj_cooja/mtype767.a(memb.o)
                0x000000000002029d                memb_init
                0x00000000000202fb                memb_alloc
                0x0000000000020360                memb_free
                0x00000000000203db                memb_inmemb
                0x000000000002041a                memb_numfree
 .text          0x000000000002045e      0x916 obj_cooja/mtype767.a(uip-ds6-route.o)
                0x00000000000204d5                uip_ds6_notification_add
                0x0000000000020506                uip_ds6_notification_rm
                0x0000000000020522                uip_ds6_route_init
                0x00000000000205aa                uip_ds6_route_nexthop
                0x00000000000205d2                uip_ds6_route_head
                0x00000000000205e7                uip_ds6_route_next
                0x000000000002060d                uip_ds6_route_is_nexthop
                0x000000000002064c                uip_ds6_route_num_routes
                0x0000000000020656                uip_ds6_route_lookup
                0x0000000000020718                uip_ds6_route_add
                0x000000000002094c                uip_ds6_route_rm
                0x0000000000020ae0                uip_ds6_route_rm_by_nexthop
                0x0000000000020b18                uip_ds6_defrt_add
                0x0000000000020bc9                uip_ds6_defrt_rm
                0x0000000000020c48                uip_ds6_defrt_lookup
                0x0000000000020ca1                uip_ds6_defrt_choose
                0x0000000000020d0c                uip_ds6_defrt_periodic
 .text          0x0000000000020d74      0xab2 obj_cooja/mtype767.a(uip-icmp6.o)
                0x0000000000020de2                uip_icmp6_input
                0x0000000000020e38                uip_icmp6_register_input_handler
                0x0000000000021100                uip_icmp6_error_output
                0x0000000000021445                uip_icmp6_send
                0x00000000000217b9                uip_icmp6_echo_reply_callback_add
                0x00000000000217ea                uip_icmp6_echo_reply_callback_rm
                0x0000000000021806                uip_icmp6_init
 .text          0x0000000000021826      0x358 obj_cooja/mtype767.a(uip-nd6.o)
                0x000000000002187a                uip_nd6_ns_output
                0x0000000000021b79                uip_nd6_init
 .text          0x0000000000021b7e      0x331 obj_cooja/mtype767.a(rpl-nbr-policy.)
                0x0000000000021d56                find_removable_dis
                0x0000000000021d79                find_removable_dio
                0x0000000000021e08                find_removable_dao
                0x0000000000021e58                rpl_nbr_policy_find_removable
 .text          0x0000000000021eaf      0x97c obj_cooja/mtype767.a(frame802154.o)
                0x0000000000021ee0                frame802154_get_pan_id
                0x0000000000021eec                frame802154_set_pan_id
                0x0000000000021f05                frame802154_has_panid
                0x0000000000021ff1                frame802154_check_dest_panid
                0x0000000000022059                frame802154_is_broadcast_addr
                0x00000000000220a6                frame802154_extract_linkaddr
                0x00000000000222e6                frame802154_hdrlen
                0x0000000000022337                frame802154_create
                0x0000000000022522                frame802154_parse
 .text          0x000000000002282b       0x3c obj_cooja/mtype767.a(mac.o)
                0x000000000002282b                mac_call_sent_callback
 .text          0x0000000000022867        0x0 /usr/lib/gcc/i686-linux-gnu/4.8/crtendS.o
 .text          0x0000000000022867        0x0 /usr/lib/gcc/i686-linux-gnu/4.8/../../../i386-linux-gnu/crtn.o
 *(.gnu.warning)

.fini           0x0000000000022868       0x14
 *(SORT(.fini))
 .fini          0x0000000000022868        0xf /usr/lib/gcc/i686-linux-gnu/4.8/../../../i386-linux-gnu/crti.o
                0x0000000000022868                _fini
 .fini          0x0000000000022877        0x5 /usr/lib/gcc/i686-linux-gnu/4.8/../../../i386-linux-gnu/crtn.o
                0x000000000002287c                PROVIDE (__etext, .)
                0x000000000002287c                PROVIDE (_etext, .)
                0x000000000002287c                PROVIDE (etext, .)

.rodata         0x0000000000022880      0x740
 *(.rodata .rodata.* .gnu.linkonce.r.*)
 .rodata        0x0000000000022880      0x148 udp-server.co
                0x0000000000022894                autostart_processes
 .rodata        0x00000000000229c8      0x157 obj_cooja/mtype767.o
 *fill*         0x0000000000022b1f        0x1 
 .rodata        0x0000000000022b20        0x8 obj_cooja/mtype767.a(beep.o)
                0x0000000000022b20                beep_interface
 .rodata        0x0000000000022b28       0x20 obj_cooja/mtype767.a(button-sensor.o)
                0x0000000000022b28                button_interface
                0x0000000000022b38                button_sensor
 .rodata        0x0000000000022b48        0x8 obj_cooja/mtype767.a(leds-arch.o)
                0x0000000000022b48                leds_interface
 .rodata        0x0000000000022b50        0x8 obj_cooja/mtype767.a(moteid.o)
                0x0000000000022b50                moteid_interface
 .rodata        0x0000000000022b58       0x1c obj_cooja/mtype767.a(pir-sensor.o)
                0x0000000000022b58                pir_interface
                0x0000000000022b64                pir_sensor
 .rodata        0x0000000000022b74        0xe obj_cooja/mtype767.a(rs232.o)
                0x0000000000022b74                rs232_interface
 *fill*         0x0000000000022b82        0x2 
 .rodata        0x0000000000022b84       0x24 obj_cooja/mtype767.a(vib-sensor.o)
                0x0000000000022b84                vib_interface
                0x0000000000022b98                vib_sensor
 .rodata        0x0000000000022ba8        0x8 obj_cooja/mtype767.a(clock.o)
                0x0000000000022ba8                clock_interface
 .rodata        0x0000000000022bb0        0x8 obj_cooja/mtype767.a(log.o)
                0x0000000000022bb0                simlog_interface
 .rodata        0x0000000000022bb8       0x2f obj_cooja/mtype767.a(cfs-cooja.o)
                0x0000000000022bb8                cfs_interface
 *fill*         0x0000000000022be7       0x19 
 .rodata        0x0000000000022c00       0x60 obj_cooja/mtype767.a(cooja-radio.o)
                0x0000000000022c20                cooja_radio_driver
                0x0000000000022c58                radio_interface
 .rodata        0x0000000000022c60        0x8 obj_cooja/mtype767.a(eeprom.o)
                0x0000000000022c60                eeprom_interface
 .rodata        0x0000000000022c68        0x8 obj_cooja/mtype767.a(sensors.o)
 .rodata        0x0000000000022c70        0xf obj_cooja/mtype767.a(ctimer.o)
 .rodata        0x0000000000022c7f        0xc obj_cooja/mtype767.a(etimer.o)
 *fill*         0x0000000000022c8b        0x1 
 .rodata        0x0000000000022c8c       0x73 obj_cooja/mtype767.a(log_message.o)
 *fill*         0x0000000000022cff        0x1 
 .rodata        0x0000000000022d00       0x20 obj_cooja/mtype767.a(residual.o)
 .rodata        0x0000000000022d20        0xe obj_cooja/mtype767.a(serial-line.o)
 *fill*         0x0000000000022d2e        0x2 
 .rodata        0x0000000000022d30       0x2c obj_cooja/mtype767.a(sicslowpan.o)
                0x0000000000022d30                unc_llconf
                0x0000000000022d34                unc_ctxconf
                0x0000000000022d38                unc_mxconf
                0x0000000000022d3c                llprefix
                0x0000000000022d50                sicslowpan_driver
 .rodata        0x0000000000022d5c      0x13c obj_cooja/mtype767.a(uip6.o)
 .rodata        0x0000000000022e98       0x49 obj_cooja/mtype767.a(tcpip.o)
 .rodata        0x0000000000022ee1       0x3e obj_cooja/mtype767.a(uip-debug.o)
 *fill*         0x0000000000022f1f        0x1 
 .rodata        0x0000000000022f20        0x4 obj_cooja/mtype767.a(rpl-dag.o)
 .rodata        0x0000000000022f24        0xc obj_cooja/mtype767.a(framer-802154.o)
                0x0000000000022f24                framer_802154
 .rodata        0x0000000000022f30       0x24 obj_cooja/mtype767.a(nullmac.o)
                0x0000000000022f38                nullmac_driver
 *fill*         0x0000000000022f54        0xc 
 .rodata        0x0000000000022f60       0x40 obj_cooja/mtype767.a(cxmac.o)
                0x0000000000022f80                cxmac_driver
 .rodata        0x0000000000022fa0        0x8 obj_cooja/mtype767.a(linkaddr.o)
                0x0000000000022fa0                linkaddr_null
 .rodata        0x0000000000022fa8       0x18 obj_cooja/mtype767.a(nullsec.o)
                0x0000000000022fb0                nullsec_driver

.rodata1
 *(.rodata1)

.eh_frame_hdr   0x0000000000022fc0     0x127c
 *(.eh_frame_hdr)
 .eh_frame_hdr  0x0000000000022fc0     0x127c udp-server.co

.eh_frame       0x000000000002423c     0x4b34
 *(.eh_frame)
 .eh_frame      0x000000000002423c       0x3c /usr/lib/gcc/i686-linux-gnu/4.8/../../../i386-linux-gnu/crti.o
                                         0x40 (size before relaxing)
 .eh_frame      0x0000000000024278       0x68 udp-server.co
                                         0x80 (size before relaxing)
 .eh_frame      0x00000000000242e0      0x148 obj_cooja/mtype767.o
                                        0x160 (size before relaxing)
 .eh_frame      0x0000000000024428       0x40 obj_cooja/mtype767.a(simEnvChange.o)
                                         0x58 (size before relaxing)
 .eh_frame      0x0000000000024468       0xc0 obj_cooja/mtype767.a(cooja_mt.o)
                                         0xd8 (size before relaxing)
 .eh_frame      0x0000000000024528      0x120 obj_cooja/mtype767.a(cooja_mtarch.o)
                                        0x138 (size before relaxing)
 .eh_frame      0x0000000000024648       0xc0 obj_cooja/mtype767.a(rtimer-arch.o)
                                         0xd8 (size before relaxing)
 .eh_frame      0x0000000000024708      0x160 obj_cooja/mtype767.a(beep.o)
                                        0x178 (size before relaxing)
 .eh_frame      0x0000000000024868       0xa0 obj_cooja/mtype767.a(button-sensor.o)
                                         0xb8 (size before relaxing)
 .eh_frame      0x0000000000024908       0xa0 obj_cooja/mtype767.a(leds-arch.o)
                                         0xb8 (size before relaxing)
 .eh_frame      0x00000000000249a8       0x40 obj_cooja/mtype767.a(moteid.o)
                                         0x58 (size before relaxing)
 .eh_frame      0x00000000000249e8       0xa0 obj_cooja/mtype767.a(pir-sensor.o)
                                         0xb8 (size before relaxing)
 .eh_frame      0x0000000000024a88      0x100 obj_cooja/mtype767.a(rs232.o)
                                        0x118 (size before relaxing)
 .eh_frame      0x0000000000024b88       0xa0 obj_cooja/mtype767.a(vib-sensor.o)
                                         0xb8 (size before relaxing)
 .eh_frame      0x0000000000024c28       0xc0 obj_cooja/mtype767.a(clock.o)
                                         0xd8 (size before relaxing)
 .eh_frame      0x0000000000024ce8      0x120 obj_cooja/mtype767.a(log.o)
                                        0x138 (size before relaxing)
 .eh_frame      0x0000000000024e08      0x160 obj_cooja/mtype767.a(cfs-cooja.o)
                                        0x178 (size before relaxing)
 .eh_frame      0x0000000000024f68      0x2e0 obj_cooja/mtype767.a(cooja-radio.o)
                                        0x2f8 (size before relaxing)
 .eh_frame      0x0000000000025248       0xa0 obj_cooja/mtype767.a(eeprom.o)
                                         0xb8 (size before relaxing)
 .eh_frame      0x00000000000252e8       0x40 obj_cooja/mtype767.a(random.o)
                                         0x58 (size before relaxing)
 .eh_frame      0x0000000000025328       0xc0 obj_cooja/mtype767.a(sensors.o)
                                         0xd8 (size before relaxing)
 .eh_frame      0x00000000000253e8       0x40 obj_cooja/mtype767.a(autostart.o)
                                         0x58 (size before relaxing)
 .eh_frame      0x0000000000025428      0x100 obj_cooja/mtype767.a(ctimer.o)
                                        0x118 (size before relaxing)
 .eh_frame      0x0000000000025528      0x1e0 obj_cooja/mtype767.a(etimer.o)
                                        0x1f8 (size before relaxing)
 .eh_frame      0x0000000000025708       0x40 obj_cooja/mtype767.a(log_message.o)
                                         0x58 (size before relaxing)
 .eh_frame      0x0000000000025748      0x1c8 obj_cooja/mtype767.a(process.o)
                                        0x1e0 (size before relaxing)
 .eh_frame      0x0000000000025910       0x2c obj_cooja/mtype767.a(residual.o)
                                         0x44 (size before relaxing)
 .eh_frame      0x000000000002593c       0x60 obj_cooja/mtype767.a(rtimer.o)
                                         0x78 (size before relaxing)
 .eh_frame      0x000000000002599c       0xa4 obj_cooja/mtype767.a(timer.o)
                                         0xbc (size before relaxing)
 .eh_frame      0x0000000000025a40       0x60 obj_cooja/mtype767.a(serial-line.o)
                                         0x78 (size before relaxing)
 .eh_frame      0x0000000000025aa0      0x180 obj_cooja/mtype767.a(list.o)
                                        0x198 (size before relaxing)
 .eh_frame      0x0000000000025c20       0xa0 obj_cooja/mtype767.a(ringbuf.o)
                                         0xb8 (size before relaxing)
 .eh_frame      0x0000000000025cc0      0x350 obj_cooja/mtype767.a(sicslowpan.o)
                                        0x368 (size before relaxing)
 .eh_frame      0x0000000000026010      0x180 obj_cooja/mtype767.a(uip-ds6-nbr.o)
                                        0x198 (size before relaxing)
 .eh_frame      0x0000000000026190      0x2c8 obj_cooja/mtype767.a(uip-ds6.o)
                                        0x2e0 (size before relaxing)
 .eh_frame      0x0000000000026458      0x27c obj_cooja/mtype767.a(uip6.o)
                                        0x294 (size before relaxing)
 .eh_frame      0x00000000000266d4      0x270 obj_cooja/mtype767.a(tcpip.o)
                                        0x288 (size before relaxing)
 .eh_frame      0x0000000000026944       0x48 obj_cooja/mtype767.a(uip-debug.o)
                                         0x60 (size before relaxing)
 .eh_frame      0x000000000002698c       0xe0 obj_cooja/mtype767.a(uip-packetqueue)
                                         0xf8 (size before relaxing)
 .eh_frame      0x0000000000026a6c      0x74c obj_cooja/mtype767.a(rpl-dag.o)
                                        0x764 (size before relaxing)
 .eh_frame      0x00000000000271b8      0x10c obj_cooja/mtype767.a(rpl-ext-header.)
                                        0x124 (size before relaxing)
 .eh_frame      0x00000000000272c4      0x2b8 obj_cooja/mtype767.a(rpl-icmp6.o)
                                        0x2d0 (size before relaxing)
 .eh_frame      0x000000000002757c       0xa4 obj_cooja/mtype767.a(rpl-of0.o)
                                         0xbc (size before relaxing)
 .eh_frame      0x0000000000027620      0x20c obj_cooja/mtype767.a(rpl-timers.o)
                                        0x224 (size before relaxing)
 .eh_frame      0x000000000002782c      0x148 obj_cooja/mtype767.a(rpl.o)
                                        0x160 (size before relaxing)
 .eh_frame      0x0000000000027974      0x108 obj_cooja/mtype767.a(framer-802154.o)
                                        0x120 (size before relaxing)
 .eh_frame      0x0000000000027a7c       0xc0 obj_cooja/mtype767.a(nullmac.o)
                                         0xd8 (size before relaxing)
 .eh_frame      0x0000000000027b3c      0x25c obj_cooja/mtype767.a(cxmac.o)
                                        0x274 (size before relaxing)
 .eh_frame      0x0000000000027d98       0x60 obj_cooja/mtype767.a(linkaddr.o)
                                         0x78 (size before relaxing)
 .eh_frame      0x0000000000027df8      0x26c obj_cooja/mtype767.a(nbr-table.o)
                                        0x284 (size before relaxing)
 .eh_frame      0x0000000000028064       0x20 obj_cooja/mtype767.a(netstack.o)
                                         0x38 (size before relaxing)
 .eh_frame      0x0000000000028084      0x214 obj_cooja/mtype767.a(packetbuf.o)
                                        0x22c (size before relaxing)
 .eh_frame      0x0000000000028298      0x1a0 obj_cooja/mtype767.a(queuebuf.o)
                                        0x1b8 (size before relaxing)
 .eh_frame      0x0000000000028438       0x80 obj_cooja/mtype767.a(nullsec.o)
                                         0x98 (size before relaxing)
 .eh_frame      0x00000000000284b8       0xa0 obj_cooja/mtype767.a(watchdog.o)
                                         0xb8 (size before relaxing)
 .eh_frame      0x0000000000028558       0xc4 obj_cooja/mtype767.a(stimer.o)
                                         0xdc (size before relaxing)
 .eh_frame      0x000000000002861c       0xa0 obj_cooja/mtype767.a(memb.o)
                                         0xb8 (size before relaxing)
 .eh_frame      0x00000000000286bc      0x2a0 obj_cooja/mtype767.a(uip-ds6-route.o)
                                        0x2b8 (size before relaxing)
 .eh_frame      0x000000000002895c      0x164 obj_cooja/mtype767.a(uip-icmp6.o)
                                        0x17c (size before relaxing)
 .eh_frame      0x0000000000028ac0       0x68 obj_cooja/mtype767.a(uip-nd6.o)
                                         0x80 (size before relaxing)
 .eh_frame      0x0000000000028b28       0xc0 obj_cooja/mtype767.a(rpl-nbr-policy.)
                                         0xd8 (size before relaxing)
 .eh_frame      0x0000000000028be8      0x164 obj_cooja/mtype767.a(frame802154.o)
                                        0x17c (size before relaxing)
 .eh_frame      0x0000000000028d4c       0x20 obj_cooja/mtype767.a(mac.o)
                                         0x38 (size before relaxing)
 .eh_frame      0x0000000000028d6c        0x4 /usr/lib/gcc/i686-linux-gnu/4.8/crtendS.o

.gcc_except_table
 *(.gcc_except_table .gcc_except_table.*)

.exception_ranges
 *(.exception_ranges .exception_ranges*)
                0x0000000000028d70                . = (ALIGN (0x1000) - ((0x1000 - .) & 0xfff))
                0x0000000000029ef8                . = DATA_SEGMENT_ALIGN (0x1000, 0x1000)

.eh_frame
 *(.eh_frame)

.gcc_except_table
 *(.gcc_except_table .gcc_except_table.*)

.exception_ranges
 *(.exception_ranges .exception_ranges*)

.tdata
 *(.tdata .tdata.* .gnu.linkonce.td.*)

.tbss
 *(.tbss .tbss.* .gnu.linkonce.tb.*)
 *(.tcommon)

.preinit_array
 *(.preinit_array)

.init_array     0x0000000000029ef8        0x4
 *(SORT(.init_array.*) SORT(.ctors.*))
 *(.init_array EXCLUDE_FILE(*crtend?.o *crtend.o *crtbegin?.o *crtbegin.o) .ctors)
 .init_array    0x0000000000029ef8        0x4 /usr/lib/gcc/i686-linux-gnu/4.8/crtbeginS.o

.fini_array     0x0000000000029efc        0x4
 *(SORT(.fini_array.*) SORT(.dtors.*))
 *(.fini_array EXCLUDE_FILE(*crtend?.o *crtend.o *crtbegin?.o *crtbegin.o) .dtors)
 .fini_array    0x0000000000029efc        0x4 /usr/lib/gcc/i686-linux-gnu/4.8/crtbeginS.o

.ctors
 *crtbegin.o(.ctors)
 *crtbegin?.o(.ctors)
 *(EXCLUDE_FILE(*crtend?.o *crtend.o) .ctors)
 *(SORT(.ctors.*))
 *(.ctors)

.dtors
 *crtbegin.o(.dtors)
 *crtbegin?.o(.dtors)
 *(EXCLUDE_FILE(*crtend?.o *crtend.o) .dtors)
 *(SORT(.dtors.*))
 *(.dtors)

.jcr            0x0000000000029f00        0x4
 *(.jcr)
 .jcr           0x0000000000029f00        0x0 /usr/lib/gcc/i686-linux-gnu/4.8/crtbeginS.o
 .jcr           0x0000000000029f00        0x4 /usr/lib/gcc/i686-linux-gnu/4.8/crtendS.o

.data.rel.ro
 *(.data.rel.ro.local* .gnu.linkonce.d.rel.ro.local.*)
 *(.data.rel.ro .data.rel.ro.* .gnu.linkonce.d.rel.ro.*)

.dynamic        0x0000000000029f04       0xe8
 *(.dynamic)
 .dynamic       0x0000000000029f04       0xe8 /usr/lib/gcc/i686-linux-gnu/4.8/../../../i386-linux-gnu/crti.o
                0x0000000000029f04                _DYNAMIC

.got            0x0000000000029fec       0x14
 *(.got)
 .got           0x0000000000029fec       0x14 /usr/lib/gcc/i686-linux-gnu/4.8/../../../i386-linux-gnu/crti.o
 *(.igot)
                0x000000000002aff4                . = DATA_SEGMENT_RELRO_END (., (SIZEOF (.got.plt) >= 0xc)?0xc:0x0)

.got.plt        0x000000000002a000       0x14
 *(.got.plt)
 .got.plt       0x000000000002a000       0x14 /usr/lib/gcc/i686-linux-gnu/4.8/../../../i386-linux-gnu/crti.o
                0x000000000002a000                _GLOBAL_OFFSET_TABLE_
 *(.igot.plt)

.data           0x000000000002a020      0x242
 *(.data .data.* .gnu.linkonce.d.*)
 .data          0x000000000002a020        0x0 /usr/lib/gcc/i686-linux-gnu/4.8/../../../i386-linux-gnu/crti.o
 .data          0x000000000002a020        0x0 /usr/lib/gcc/i686-linux-gnu/4.8/crtbeginS.o
 .data.rel      0x000000000002a020        0x4 /usr/lib/gcc/i686-linux-gnu/4.8/crtbeginS.o
                0x000000000002a020                __dso_handle
 .data          0x000000000002a024       0x10 udp-server.co
                0x000000000002a024                udp_server_process
 *fill*         0x000000000002a034        0xc 
 .data          0x000000000002a040       0x44 obj_cooja/mtype767.o
                0x000000000002a040                simInterfaces
                0x000000000002a074                sensors
 .data          0x000000000002a084        0x0 obj_cooja/mtype767.a(simEnvChange.o)
 .data          0x000000000002a084        0x0 obj_cooja/mtype767.a(cooja_mt.o)
 .data          0x000000000002a084        0x0 obj_cooja/mtype767.a(cooja_mtarch.o)
 .data          0x000000000002a084        0x0 obj_cooja/mtype767.a(rtimer-arch.o)
 .data          0x000000000002a084        0x0 obj_cooja/mtype767.a(beep.o)
 .data          0x000000000002a084        0x0 obj_cooja/mtype767.a(button-sensor.o)
 .data          0x000000000002a084        0x0 obj_cooja/mtype767.a(leds-arch.o)
 .data          0x000000000002a084        0x0 obj_cooja/mtype767.a(moteid.o)
 .data          0x000000000002a084        0x0 obj_cooja/mtype767.a(pir-sensor.o)
 .data          0x000000000002a084        0x0 obj_cooja/mtype767.a(rs232.o)
 .data          0x000000000002a084        0x0 obj_cooja/mtype767.a(vib-sensor.o)
 .data          0x000000000002a084        0x0 obj_cooja/mtype767.a(clock.o)
 .data          0x000000000002a084        0x0 obj_cooja/mtype767.a(log.o)
 .data          0x000000000002a084        0x0 obj_cooja/mtype767.a(cfs-cooja.o)
 .data          0x000000000002a084       0x40 obj_cooja/mtype767.a(cooja-radio.o)
                0x000000000002a084                simRadioChannelLR
                0x000000000002a088                simRadioHWOnLR
                0x000000000002a08c                simSignalStrengthLR
                0x000000000002a090                simLastSignalStrengthLR
                0x000000000002a094                simPowerLR
                0x000000000002a098                simLQILR
                0x000000000002a09c                simRadioChannel
                0x000000000002a0a0                simRadioHWOn
                0x000000000002a0a4                simSignalStrength
                0x000000000002a0a8                simLastSignalStrength
                0x000000000002a0ac                simPower
                0x000000000002a0b0                simLQI
                0x000000000002a0b4                cooja_radio_process
 .data          0x000000000002a0c4        0x0 obj_cooja/mtype767.a(eeprom.o)
 .data          0x000000000002a0c4        0x0 obj_cooja/mtype767.a(random.o)
 .data          0x000000000002a0c4       0x10 obj_cooja/mtype767.a(sensors.o)
                0x000000000002a0c4                sensors_process
 .data          0x000000000002a0d4        0x0 obj_cooja/mtype767.a(autostart.o)
 .data          0x000000000002a0d4       0x14 obj_cooja/mtype767.a(ctimer.o)
                0x000000000002a0d8                ctimer_process
 .data          0x000000000002a0e8       0x10 obj_cooja/mtype767.a(etimer.o)
                0x000000000002a0e8                etimer_process
 .data          0x000000000002a0f8        0x0 obj_cooja/mtype767.a(log_message.o)
 .data          0x000000000002a0f8        0x0 obj_cooja/mtype767.a(process.o)
 .data          0x000000000002a0f8        0x0 obj_cooja/mtype767.a(residual.o)
 .data          0x000000000002a0f8        0x0 obj_cooja/mtype767.a(rtimer.o)
 .data          0x000000000002a0f8        0x0 obj_cooja/mtype767.a(timer.o)
 .data          0x000000000002a0f8       0x10 obj_cooja/mtype767.a(serial-line.o)
                0x000000000002a0f8                serial_line_process
 .data          0x000000000002a108        0x0 obj_cooja/mtype767.a(list.o)
 .data          0x000000000002a108        0x0 obj_cooja/mtype767.a(ringbuf.o)
 .data          0x000000000002a108        0x0 obj_cooja/mtype767.a(sicslowpan.o)
 .data          0x000000000002a108       0x14 obj_cooja/mtype767.a(uip-ds6-nbr.o)
                0x000000000002a118                ds6_neighbors
 .data          0x000000000002a11c        0x0 obj_cooja/mtype767.a(uip-ds6.o)
 .data          0x000000000002a11c        0x0 obj_cooja/mtype767.a(uip6.o)
 .data          0x000000000002a11c       0x10 obj_cooja/mtype767.a(tcpip.o)
                0x000000000002a11c                tcpip_process
 .data          0x000000000002a12c        0x0 obj_cooja/mtype767.a(uip-debug.o)
 .data          0x000000000002a12c        0xc obj_cooja/mtype767.a(uip-packetqueue)
 .data          0x000000000002a138       0x28 obj_cooja/mtype767.a(rpl-dag.o)
                0x000000000002a148                rpl_parents
                0x000000000002a15c                rpl_children
 .data          0x000000000002a160        0x0 obj_cooja/mtype767.a(rpl-ext-header.)
 .data          0x000000000002a160       0x34 obj_cooja/mtype767.a(rpl-icmp6.o)
 .data          0x000000000002a194       0x1c obj_cooja/mtype767.a(rpl-of0.o)
                0x000000000002a194                rpl_of0
 .data          0x000000000002a1b0        0x0 obj_cooja/mtype767.a(rpl-timers.o)
 .data          0x000000000002a1b0        0x0 obj_cooja/mtype767.a(rpl.o)
 .data          0x000000000002a1b0        0x0 obj_cooja/mtype767.a(framer-802154.o)
 .data          0x000000000002a1b0        0x0 obj_cooja/mtype767.a(nullmac.o)
 .data          0x000000000002a1b0       0x20 obj_cooja/mtype767.a(cxmac.o)
                0x000000000002a1b0                cxmac_config
 .data          0x000000000002a1d0        0x0 obj_cooja/mtype767.a(linkaddr.o)
 .data          0x000000000002a1d0       0x10 obj_cooja/mtype767.a(nbr-table.o)
 .data          0x000000000002a1e0        0x0 obj_cooja/mtype767.a(netstack.o)
 .data          0x000000000002a1e0        0x4 obj_cooja/mtype767.a(packetbuf.o)
 .data          0x000000000002a1e4       0x18 obj_cooja/mtype767.a(queuebuf.o)
 .data          0x000000000002a1fc        0x0 obj_cooja/mtype767.a(nullsec.o)
 .data          0x000000000002a1fc        0x0 obj_cooja/mtype767.a(watchdog.o)
 .data          0x000000000002a1fc        0x0 obj_cooja/mtype767.a(rimestats.o)
 .data          0x000000000002a1fc        0x0 obj_cooja/mtype767.a(stimer.o)
 .data          0x000000000002a1fc        0x0 obj_cooja/mtype767.a(memb.o)
 .data          0x000000000002a1fc       0x44 obj_cooja/mtype767.a(uip-ds6-route.o)
                0x000000000002a20c                nbr_routes
 .data          0x000000000002a240       0x20 obj_cooja/mtype767.a(uip-icmp6.o)
 .data          0x000000000002a260        0x0 obj_cooja/mtype767.a(uip-nd6.o)
 .data          0x000000000002a260        0x0 obj_cooja/mtype767.a(rpl-nbr-policy.)
 .data          0x000000000002a260        0x2 obj_cooja/mtype767.a(frame802154.o)
 .data          0x000000000002a262        0x0 obj_cooja/mtype767.a(mac.o)
 .data          0x000000000002a262        0x0 /usr/lib/gcc/i686-linux-gnu/4.8/crtendS.o
 .data          0x000000000002a262        0x0 /usr/lib/gcc/i686-linux-gnu/4.8/../../../i386-linux-gnu/crtn.o

.tm_clone_table
                0x000000000002a264        0x0
 .tm_clone_table
                0x000000000002a264        0x0 /usr/lib/gcc/i686-linux-gnu/4.8/crtbeginS.o
 .tm_clone_table
                0x000000000002a264        0x0 /usr/lib/gcc/i686-linux-gnu/4.8/crtendS.o

.data1
 *(.data1)
                0x000000000002a264                _edata = .
                0x000000000002a264                PROVIDE (edata, .)
                0x000000000002a264                . = .
                0x000000000002a264                __bss_start = .

.bss            0x000000000002a280     0x80a8
 *(.dynbss)
 .dynbss        0x0000000000000000        0x0 /usr/lib/gcc/i686-linux-gnu/4.8/../../../i386-linux-gnu/crti.o
 *(.bss .bss.* .gnu.linkonce.b.*)
 .bss           0x000000000002a280        0x0 /usr/lib/gcc/i686-linux-gnu/4.8/../../../i386-linux-gnu/crti.o
 .bss           0x000000000002a280        0x1 /usr/lib/gcc/i686-linux-gnu/4.8/crtbeginS.o
 *fill*         0x000000000002a281        0x3 
 .bss           0x000000000002a284        0x8 udp-server.co
                0x000000000002a284                my_weight
 *fill*         0x000000000002a28c       0x14 
 .bss           0x000000000002a2a0     0x2030 obj_cooja/mtype767.o
 .bss           0x000000000002c2d0        0x1 obj_cooja/mtype767.a(simEnvChange.o)
                0x000000000002c2d0                simDontFallAsleep
 *fill*         0x000000000002c2d1        0x3 
 .bss           0x000000000002c2d4        0x4 obj_cooja/mtype767.a(cooja_mt.o)
 .bss           0x000000000002c2d8        0x4 obj_cooja/mtype767.a(cooja_mtarch.o)
 .bss           0x000000000002c2dc        0xc obj_cooja/mtype767.a(rtimer-arch.o)
 .bss           0x000000000002c2e8        0x0 obj_cooja/mtype767.a(beep.o)
 .bss           0x000000000002c2e8        0x8 obj_cooja/mtype767.a(button-sensor.o)
 .bss           0x000000000002c2f0        0x0 obj_cooja/mtype767.a(leds-arch.o)
 .bss           0x000000000002c2f0        0x0 obj_cooja/mtype767.a(moteid.o)
 .bss           0x000000000002c2f0        0x1 obj_cooja/mtype767.a(pir-sensor.o)
                0x000000000002c2f0                simPirValue
 *fill*         0x000000000002c2f1        0x3 
 .bss           0x000000000002c2f4        0x4 obj_cooja/mtype767.a(rs232.o)
 .bss           0x000000000002c2f8        0x1 obj_cooja/mtype767.a(vib-sensor.o)
                0x000000000002c2f8                simVibValue
 .bss           0x000000000002c2f9        0x0 obj_cooja/mtype767.a(clock.o)
 *fill*         0x000000000002c2f9        0x7 
 .bss           0x000000000002c300      0x420 obj_cooja/mtype767.a(log.o)
 .bss           0x000000000002c720      0xfc0 obj_cooja/mtype767.a(cfs-cooja.o)
                0x000000000002c720                simCFSData
                0x000000000002d6c0                simCFSSize
                0x000000000002d6c4                simCFSChanged
                0x000000000002d6c8                simCFSRead
                0x000000000002d6cc                simCFSWritten
 .bss           0x000000000002d6e0       0x24 obj_cooja/mtype767.a(cooja-radio.o)
                0x000000000002d6e0                simReceivingLR
                0x000000000002d6e4                simInSizeLR
                0x000000000002d6e8                simOutSizeLR
                0x000000000002d6ec                simReceiving
                0x000000000002d6f0                simInSize
                0x000000000002d6f4                simOutSize
                0x000000000002d6f8                LongRangeTransmit
                0x000000000002d6fc                LongRangeReceiving
 .bss           0x000000000002d704        0xc obj_cooja/mtype767.a(eeprom.o)
                0x000000000002d704                simEEPROMChanged
                0x000000000002d708                simEEPROMRead
                0x000000000002d70c                simEEPROMWritten
 .bss           0x000000000002d710        0x0 obj_cooja/mtype767.a(random.o)
 .bss           0x000000000002d710        0xc obj_cooja/mtype767.a(sensors.o)
 .bss           0x000000000002d71c        0x0 obj_cooja/mtype767.a(autostart.o)
 .bss           0x000000000002d71c        0x5 obj_cooja/mtype767.a(ctimer.o)
 *fill*         0x000000000002d721        0x3 
 .bss           0x000000000002d724        0x8 obj_cooja/mtype767.a(etimer.o)
 .bss           0x000000000002d72c        0x0 obj_cooja/mtype767.a(log_message.o)
 *fill*         0x000000000002d72c       0x14 
 .bss           0x000000000002d740      0x1b1 obj_cooja/mtype767.a(process.o)
                0x000000000002d740                process_list
                0x000000000002d744                process_current
 .bss           0x000000000002d8f1        0x0 obj_cooja/mtype767.a(residual.o)
 *fill*         0x000000000002d8f1        0x3 
 .bss           0x000000000002d8f4        0x4 obj_cooja/mtype767.a(rtimer.o)
 .bss           0x000000000002d8f8        0x0 obj_cooja/mtype767.a(timer.o)
 *fill*         0x000000000002d8f8        0x8 
 .bss           0x000000000002d900      0x140 obj_cooja/mtype767.a(serial-line.o)
 .bss           0x000000000002da40        0x0 obj_cooja/mtype767.a(list.o)
 .bss           0x000000000002da40        0x0 obj_cooja/mtype767.a(ringbuf.o)
 .bss           0x000000000002da40      0x70c obj_cooja/mtype767.a(sicslowpan.o)
 *fill*         0x000000000002e14c       0x14 
 .bss           0x000000000002e160       0xc0 obj_cooja/mtype767.a(uip-ds6-nbr.o)
 .bss           0x000000000002e220       0x20 obj_cooja/mtype767.a(uip-ds6.o)
 .bss           0x000000000002e240        0xe obj_cooja/mtype767.a(uip6.o)
                0x000000000002e240                uip_ext_bitmap
                0x000000000002e241                uip_ext_len
                0x000000000002e242                uip_ext_opt_offset
 *fill*         0x000000000002e24e       0x12 
 .bss           0x000000000002e260       0x6b obj_cooja/mtype767.a(tcpip.o)
 .bss           0x000000000002e2cb        0x0 obj_cooja/mtype767.a(uip-debug.o)
 *fill*         0x000000000002e2cb       0x15 
 .bss           0x000000000002e2e0      0xcf8 obj_cooja/mtype767.a(uip-packetqueue)
 *fill*         0x000000000002efd8        0x8 
 .bss           0x000000000002efe0       0x88 obj_cooja/mtype767.a(rpl-dag.o)
 .bss           0x000000000002f068        0x0 obj_cooja/mtype767.a(rpl-ext-header.)
 .bss           0x000000000002f068        0x0 obj_cooja/mtype767.a(rpl-icmp6.o)
 .bss           0x000000000002f068        0x0 obj_cooja/mtype767.a(rpl-of0.o)
 *fill*         0x000000000002f068       0x18 
 .bss           0x000000000002f080       0x23 obj_cooja/mtype767.a(rpl-timers.o)
 *fill*         0x000000000002f0a3        0x1 
 .bss           0x000000000002f0a4        0x4 obj_cooja/mtype767.a(rpl.o)
 .bss           0x000000000002f0a8        0x2 obj_cooja/mtype767.a(framer-802154.o)
 .bss           0x000000000002f0aa        0x0 obj_cooja/mtype767.a(nullmac.o)
 *fill*         0x000000000002f0aa       0x16 
 .bss           0x000000000002f0c0       0xa0 obj_cooja/mtype767.a(cxmac.o)
 .bss           0x000000000002f160        0x0 obj_cooja/mtype767.a(linkaddr.o)
 .bss           0x000000000002f160       0xc4 obj_cooja/mtype767.a(nbr-table.o)
 .bss           0x000000000002f224        0x0 obj_cooja/mtype767.a(netstack.o)
 *fill*         0x000000000002f224       0x1c 
 .bss           0x000000000002f240       0xa0 obj_cooja/mtype767.a(packetbuf.o)
 .bss           0x000000000002f2e0      0xb80 obj_cooja/mtype767.a(queuebuf.o)
 .bss           0x000000000002fe60        0x0 obj_cooja/mtype767.a(nullsec.o)
 .bss           0x000000000002fe60        0x0 obj_cooja/mtype767.a(watchdog.o)
 .bss           0x000000000002fe60        0x0 obj_cooja/mtype767.a(rimestats.o)
 .bss           0x000000000002fe60        0x0 obj_cooja/mtype767.a(stimer.o)
 .bss           0x000000000002fe60        0x0 obj_cooja/mtype767.a(memb.o)
 .bss           0x000000000002fe60      0x4a8 obj_cooja/mtype767.a(uip-ds6-route.o)
 .bss           0x0000000000030308       0x18 obj_cooja/mtype767.a(uip-icmp6.o)
 .bss           0x0000000000030320        0x0 obj_cooja/mtype767.a(uip-nd6.o)
 .bss           0x0000000000030320       0x44 obj_cooja/mtype767.a(rpl-nbr-policy.)
 .bss           0x0000000000030364        0x0 obj_cooja/mtype767.a(frame802154.o)
 .bss           0x0000000000030364        0x0 obj_cooja/mtype767.a(mac.o)
 .bss           0x0000000000030364        0x0 /usr/lib/gcc/i686-linux-gnu/4.8/crtendS.o
 .bss           0x0000000000030364        0x0 /usr/lib/gcc/i686-linux-gnu/4.8/../../../i386-linux-gnu/crtn.o
 *(COMMON)
 COMMON         0x0000000000030364        0x2 udp-server.co
                0x0000000000030364                my_sink_reachability
                0x0000000000030365                my_parent_number
 *fill*         0x0000000000030366        0x2 
 COMMON         0x0000000000030368       0x4c obj_cooja/mtype767.o
                0x0000000000030368                dio_count
                0x000000000003036c                dis_count
                0x0000000000030370                collision_count
                0x0000000000030374                transmission_count
                0x0000000000030378                COOJA_radioRxLong
                0x000000000003037c                control_message_count
                0x0000000000030380                dao_count
                0x0000000000030384                COOJA_radioTx
                0x0000000000030388                referenceVar
                0x000000000003038c                data_relay_count
                0x0000000000030390                data_message_count
                0x0000000000030394                COOJA_radioTxLong
                0x0000000000030398                COOJA_radioRx
                0x000000000003039c                debugfp
                0x00000000000303a0                COOJA_radioOn
                0x00000000000303a4                COOJA_duration
                0x00000000000303a8                dio_ack_count
                0x00000000000303ac                COOJA_radioOnLong
                0x00000000000303b0                sensors_flags
 COMMON         0x00000000000303b4        0xc obj_cooja/mtype767.a(simEnvChange.o)
                0x00000000000303b4                simEtimerPending
                0x00000000000303b8                simProcessRunValue
                0x00000000000303bc                simNextExpirationTime
 COMMON         0x00000000000303c0        0x1 obj_cooja/mtype767.a(beep.o)
                0x00000000000303c0                simBeeped
 COMMON         0x00000000000303c1        0x3 obj_cooja/mtype767.a(button-sensor.o)
                0x00000000000303c1                simButtonIsActive
                0x00000000000303c2                simButtonIsDown
                0x00000000000303c3                simButtonChanged
 COMMON         0x00000000000303c4        0x1 obj_cooja/mtype767.a(leds-arch.o)
                0x00000000000303c4                simLedsValue
 *fill*         0x00000000000303c5        0x3 
 COMMON         0x00000000000303c8        0xc obj_cooja/mtype767.a(moteid.o)
                0x00000000000303c8                simRandomSeed
                0x00000000000303cc                simMoteIDChanged
                0x00000000000303d0                simMoteID
 COMMON         0x00000000000303d4        0x2 obj_cooja/mtype767.a(pir-sensor.o)
                0x00000000000303d4                simPirIsActive
                0x00000000000303d5                simPirChanged
 *fill*         0x00000000000303d6        0xa 
 COMMON         0x00000000000303e0      0x820 obj_cooja/mtype767.a(rs232.o)
                0x00000000000303e0                simSerialReceivingFlag
                0x00000000000303e4                simSerialReceivingLength
                0x0000000000030400                simSerialReceivingData
 COMMON         0x0000000000030c00        0x2 obj_cooja/mtype767.a(vib-sensor.o)
                0x0000000000030c00                simVibChanged
                0x0000000000030c01                simVibIsActive
 *fill*         0x0000000000030c02        0x2 
 COMMON         0x0000000000030c04        0x4 obj_cooja/mtype767.a(clock.o)
                0x0000000000030c04                simCurrentTime
 *fill*         0x0000000000030c08       0x18 
 COMMON         0x0000000000030c20      0x420 obj_cooja/mtype767.a(log.o)
                0x0000000000030c20                simLoggedLength
                0x0000000000030c24                simLoggedFlag
                0x0000000000030c40                simLoggedData
 COMMON         0x0000000000031040      0x200 obj_cooja/mtype767.a(cooja-radio.o)
                0x0000000000031040                simOutDataBuffer
                0x00000000000310c0                simInDataBufferLR
                0x0000000000031140                simOutDataBufferLR
                0x00000000000311c0                simInDataBuffer
 COMMON         0x0000000000031240      0x400 obj_cooja/mtype767.a(eeprom.o)
                0x0000000000031240                simEEPROMData
 COMMON         0x0000000000031640        0x1 obj_cooja/mtype767.a(sensors.o)
                0x0000000000031640                sensors_event
 *fill*         0x0000000000031641        0x3 
 COMMON         0x0000000000031644        0x4 obj_cooja/mtype767.a(log_message.o)
                0x0000000000031644                log_fp
 COMMON         0x0000000000031648        0x1 obj_cooja/mtype767.a(serial-line.o)
                0x0000000000031648                serial_line_event_message
 *fill*         0x0000000000031649       0x17 
 COMMON         0x0000000000031660      0x181 obj_cooja/mtype767.a(uip-ds6.o)
                0x0000000000031660                uip_ds6_prefix_list
                0x00000000000316c0                uip_ds6_timer_periodic
                0x00000000000316d0                uip_ds6_netif_addr_list_offset
                0x00000000000316e0                uip_ds6_if
                0x00000000000317d8                uip_ds6_timer_ra
                0x00000000000317e0                uip_ds6_addr_size
 *fill*         0x00000000000317e1       0x1f 
 COMMON         0x0000000000031800      0x8ec obj_cooja/mtype767.a(uip6.o)
                0x0000000000031800                uip_slen
                0x0000000000031802                uip_acc32
                0x0000000000031820                uip_conns
                0x00000000000318e0                uip_lladdr
                0x00000000000318e8                uip_appdata
                0x00000000000318ec                uip_flags
                0x0000000000031900                uip_aligned_buf
                0x0000000000031f40                uip_listenports
                0x0000000000031f50                uip_len
                0x0000000000031f54                uip_sappdata
                0x0000000000031f60                uip_udp_conns
                0x00000000000320e0                uip_udp_conn
                0x00000000000320e4                uip_next_hdr
                0x00000000000320e8                uip_conn
 COMMON         0x00000000000320ec        0x1 obj_cooja/mtype767.a(tcpip.o)
                0x00000000000320ec                tcpip_event
 *fill*         0x00000000000320ed       0x13 
 COMMON         0x0000000000032100      0x198 obj_cooja/mtype767.a(rpl-dag.o)
                0x0000000000032100                default_instance
                0x0000000000032120                instance_table
 COMMON         0x0000000000032298        0x8 obj_cooja/mtype767.a(linkaddr.o)
                0x0000000000032298                linkaddr_node_addr
 COMMON         0x00000000000322a0       0x2e obj_cooja/mtype767.a(packetbuf.o)
                0x00000000000322a0                packetbuf_attrs
                0x00000000000322be                packetbuf_addrs
 *fill*         0x00000000000322ce       0x12 
 COMMON         0x00000000000322e0       0x48 obj_cooja/mtype767.a(rimestats.o)
                0x00000000000322e0                rimestats
                0x0000000000032328                . = ALIGN ((. != 0x0)?0x4:0x1)
                0x0000000000032328                . = ALIGN (0x4)
                0x0000000000032328                . = SEGMENT_START ("ldata-segment", .)
                0x0000000000032328                . = ALIGN (0x4)
                0x0000000000032328                _end = .
                0x0000000000032328                PROVIDE (end, .)
                0x0000000000032328                . = DATA_SEGMENT_END (.)

.stab
 *(.stab)

.stabstr
 *(.stabstr)

.stab.excl
 *(.stab.excl)

.stab.exclstr
 *(.stab.exclstr)

.stab.index
 *(.stab.index)

.stab.indexstr
 *(.stab.indexstr)

.comment        0x0000000000000000       0x29
 *(.comment)
 .comment       0x0000000000000000       0x29 /usr/lib/gcc/i686-linux-gnu/4.8/crtbeginS.o
                                         0x2a (size before relaxing)
 .comment       0x0000000000000000       0x2a udp-server.co
 .comment       0x0000000000000000       0x2a obj_cooja/mtype767.o
 .comment       0x0000000000000000       0x2a obj_cooja/mtype767.a(simEnvChange.o)
 .comment       0x0000000000000000       0x2a obj_cooja/mtype767.a(cooja_mt.o)
 .comment       0x0000000000000000       0x2a obj_cooja/mtype767.a(cooja_mtarch.o)
 .comment       0x0000000000000000       0x2a obj_cooja/mtype767.a(rtimer-arch.o)
 .comment       0x0000000000000000       0x2a obj_cooja/mtype767.a(beep.o)
 .comment       0x0000000000000000       0x2a obj_cooja/mtype767.a(button-sensor.o)
 .comment       0x0000000000000000       0x2a obj_cooja/mtype767.a(leds-arch.o)
 .comment       0x0000000000000000       0x2a obj_cooja/mtype767.a(moteid.o)
 .comment       0x0000000000000000       0x2a obj_cooja/mtype767.a(pir-sensor.o)
 .comment       0x0000000000000000       0x2a obj_cooja/mtype767.a(rs232.o)
 .comment       0x0000000000000000       0x2a obj_cooja/mtype767.a(vib-sensor.o)
 .comment       0x0000000000000000       0x2a obj_cooja/mtype767.a(clock.o)
 .comment       0x0000000000000000       0x2a obj_cooja/mtype767.a(log.o)
 .comment       0x0000000000000000       0x2a obj_cooja/mtype767.a(cfs-cooja.o)
 .comment       0x0000000000000000       0x2a obj_cooja/mtype767.a(cooja-radio.o)
 .comment       0x0000000000000000       0x2a obj_cooja/mtype767.a(eeprom.o)
 .comment       0x0000000000000000       0x2a obj_cooja/mtype767.a(random.o)
 .comment       0x0000000000000000       0x2a obj_cooja/mtype767.a(sensors.o)
 .comment       0x0000000000000000       0x2a obj_cooja/mtype767.a(autostart.o)
 .comment       0x0000000000000000       0x2a obj_cooja/mtype767.a(ctimer.o)
 .comment       0x0000000000000000       0x2a obj_cooja/mtype767.a(etimer.o)
 .comment       0x0000000000000000       0x2a obj_cooja/mtype767.a(log_message.o)
 .comment       0x0000000000000000       0x2a obj_cooja/mtype767.a(process.o)
 .comment       0x0000000000000000       0x2a obj_cooja/mtype767.a(residual.o)
 .comment       0x0000000000000000       0x2a obj_cooja/mtype767.a(rtimer.o)
 .comment       0x0000000000000000       0x2a obj_cooja/mtype767.a(timer.o)
 .comment       0x0000000000000000       0x2a obj_cooja/mtype767.a(serial-line.o)
 .comment       0x0000000000000000       0x2a obj_cooja/mtype767.a(list.o)
 .comment       0x0000000000000000       0x2a obj_cooja/mtype767.a(ringbuf.o)
 .comment       0x0000000000000000       0x2a obj_cooja/mtype767.a(sicslowpan.o)
 .comment       0x0000000000000000       0x2a obj_cooja/mtype767.a(uip-ds6-nbr.o)
 .comment       0x0000000000000000       0x2a obj_cooja/mtype767.a(uip-ds6.o)
 .comment       0x0000000000000000       0x2a obj_cooja/mtype767.a(uip6.o)
 .comment       0x0000000000000000       0x2a obj_cooja/mtype767.a(tcpip.o)
 .comment       0x0000000000000000       0x2a obj_cooja/mtype767.a(uip-debug.o)
 .comment       0x0000000000000000       0x2a obj_cooja/mtype767.a(uip-packetqueue)
 .comment       0x0000000000000000       0x2a obj_cooja/mtype767.a(rpl-dag.o)
 .comment       0x0000000000000000       0x2a obj_cooja/mtype767.a(rpl-ext-header.)
 .comment       0x0000000000000000       0x2a obj_cooja/mtype767.a(rpl-icmp6.o)
 .comment       0x0000000000000000       0x2a obj_cooja/mtype767.a(rpl-of0.o)
 .comment       0x0000000000000000       0x2a obj_cooja/mtype767.a(rpl-timers.o)
 .comment       0x0000000000000000       0x2a obj_cooja/mtype767.a(rpl.o)
 .comment       0x0000000000000000       0x2a obj_cooja/mtype767.a(framer-802154.o)
 .comment       0x0000000000000000       0x2a obj_cooja/mtype767.a(nullmac.o)
 .comment       0x0000000000000000       0x2a obj_cooja/mtype767.a(cxmac.o)
 .comment       0x0000000000000000       0x2a obj_cooja/mtype767.a(linkaddr.o)
 .comment       0x0000000000000000       0x2a obj_cooja/mtype767.a(nbr-table.o)
 .comment       0x0000000000000000       0x2a obj_cooja/mtype767.a(netstack.o)
 .comment       0x0000000000000000       0x2a obj_cooja/mtype767.a(packetbuf.o)
 .comment       0x0000000000000000       0x2a obj_cooja/mtype767.a(queuebuf.o)
 .comment       0x0000000000000000       0x2a obj_cooja/mtype767.a(nullsec.o)
 .comment       0x0000000000000000       0x2a obj_cooja/mtype767.a(watchdog.o)
 .comment       0x0000000000000000       0x2a obj_cooja/mtype767.a(rimestats.o)
 .comment       0x0000000000000000       0x2a obj_cooja/mtype767.a(stimer.o)
 .comment       0x0000000000000000       0x2a obj_cooja/mtype767.a(memb.o)
 .comment       0x0000000000000000       0x2a obj_cooja/mtype767.a(uip-ds6-route.o)
 .comment       0x0000000000000000       0x2a obj_cooja/mtype767.a(uip-icmp6.o)
 .comment       0x0000000000000000       0x2a obj_cooja/mtype767.a(uip-nd6.o)
 .comment       0x0000000000000000       0x2a obj_cooja/mtype767.a(rpl-nbr-policy.)
 .comment       0x0000000000000000       0x2a obj_cooja/mtype767.a(frame802154.o)
 .comment       0x0000000000000000       0x2a obj_cooja/mtype767.a(mac.o)
 .comment       0x0000000000000000       0x2a /usr/lib/gcc/i686-linux-gnu/4.8/crtendS.o

.debug
 *(.debug)

.line
 *(.line)

.debug_srcinfo
 *(.debug_srcinfo)

.debug_sfnames
 *(.debug_sfnames)

.debug_aranges  0x0000000000000000      0x7d8
 *(.debug_aranges)
 .debug_aranges
                0x0000000000000000       0x20 udp-server.co
 .debug_aranges
                0x0000000000000020       0x20 obj_cooja/mtype767.o
 .debug_aranges
                0x0000000000000040       0x20 obj_cooja/mtype767.a(simEnvChange.o)
 .debug_aranges
                0x0000000000000060       0x20 obj_cooja/mtype767.a(cooja_mt.o)
 .debug_aranges
                0x0000000000000080       0x20 obj_cooja/mtype767.a(cooja_mtarch.o)
 .debug_aranges
                0x00000000000000a0       0x20 obj_cooja/mtype767.a(rtimer-arch.o)
 .debug_aranges
                0x00000000000000c0       0x20 obj_cooja/mtype767.a(beep.o)
 .debug_aranges
                0x00000000000000e0       0x20 obj_cooja/mtype767.a(button-sensor.o)
 .debug_aranges
                0x0000000000000100       0x20 obj_cooja/mtype767.a(leds-arch.o)
 .debug_aranges
                0x0000000000000120       0x20 obj_cooja/mtype767.a(moteid.o)
 .debug_aranges
                0x0000000000000140       0x20 obj_cooja/mtype767.a(pir-sensor.o)
 .debug_aranges
                0x0000000000000160       0x20 obj_cooja/mtype767.a(rs232.o)
 .debug_aranges
                0x0000000000000180       0x20 obj_cooja/mtype767.a(vib-sensor.o)
 .debug_aranges
                0x00000000000001a0       0x20 obj_cooja/mtype767.a(clock.o)
 .debug_aranges
                0x00000000000001c0       0x20 obj_cooja/mtype767.a(log.o)
 .debug_aranges
                0x00000000000001e0       0x20 obj_cooja/mtype767.a(cfs-cooja.o)
 .debug_aranges
                0x0000000000000200       0x20 obj_cooja/mtype767.a(cooja-radio.o)
 .debug_aranges
                0x0000000000000220       0x20 obj_cooja/mtype767.a(eeprom.o)
 .debug_aranges
                0x0000000000000240       0x20 obj_cooja/mtype767.a(random.o)
 .debug_aranges
                0x0000000000000260       0x20 obj_cooja/mtype767.a(sensors.o)
 .debug_aranges
                0x0000000000000280       0x20 obj_cooja/mtype767.a(autostart.o)
 .debug_aranges
                0x00000000000002a0       0x20 obj_cooja/mtype767.a(ctimer.o)
 .debug_aranges
                0x00000000000002c0       0x20 obj_cooja/mtype767.a(etimer.o)
 .debug_aranges
                0x00000000000002e0       0x20 obj_cooja/mtype767.a(log_message.o)
 .debug_aranges
                0x0000000000000300       0x20 obj_cooja/mtype767.a(process.o)
 .debug_aranges
                0x0000000000000320       0x20 obj_cooja/mtype767.a(residual.o)
 .debug_aranges
                0x0000000000000340       0x20 obj_cooja/mtype767.a(rtimer.o)
 .debug_aranges
                0x0000000000000360       0x20 obj_cooja/mtype767.a(timer.o)
 .debug_aranges
                0x0000000000000380       0x20 obj_cooja/mtype767.a(serial-line.o)
 .debug_aranges
                0x00000000000003a0       0x20 obj_cooja/mtype767.a(list.o)
 .debug_aranges
                0x00000000000003c0       0x20 obj_cooja/mtype767.a(ringbuf.o)
 .debug_aranges
                0x00000000000003e0       0x20 obj_cooja/mtype767.a(sicslowpan.o)
 .debug_aranges
                0x0000000000000400       0x20 obj_cooja/mtype767.a(uip-ds6-nbr.o)
 .debug_aranges
                0x0000000000000420       0x20 obj_cooja/mtype767.a(uip-ds6.o)
 .debug_aranges
                0x0000000000000440       0x20 obj_cooja/mtype767.a(uip6.o)
 .debug_aranges
                0x0000000000000460       0x20 obj_cooja/mtype767.a(tcpip.o)
 .debug_aranges
                0x0000000000000480       0x20 obj_cooja/mtype767.a(uip-debug.o)
 .debug_aranges
                0x00000000000004a0       0x20 obj_cooja/mtype767.a(uip-packetqueue)
 .debug_aranges
                0x00000000000004c0       0x20 obj_cooja/mtype767.a(rpl-dag.o)
 .debug_aranges
                0x00000000000004e0       0x20 obj_cooja/mtype767.a(rpl-ext-header.)
 .debug_aranges
                0x0000000000000500       0x20 obj_cooja/mtype767.a(rpl-icmp6.o)
 .debug_aranges
                0x0000000000000520       0x20 obj_cooja/mtype767.a(rpl-of0.o)
 .debug_aranges
                0x0000000000000540       0x20 obj_cooja/mtype767.a(rpl-timers.o)
 .debug_aranges
                0x0000000000000560       0x20 obj_cooja/mtype767.a(rpl.o)
 .debug_aranges
                0x0000000000000580       0x20 obj_cooja/mtype767.a(framer-802154.o)
 .debug_aranges
                0x00000000000005a0       0x20 obj_cooja/mtype767.a(nullmac.o)
 .debug_aranges
                0x00000000000005c0       0x20 obj_cooja/mtype767.a(cxmac.o)
 .debug_aranges
                0x00000000000005e0       0x20 obj_cooja/mtype767.a(linkaddr.o)
 .debug_aranges
                0x0000000000000600       0x20 obj_cooja/mtype767.a(nbr-table.o)
 .debug_aranges
                0x0000000000000620       0x20 obj_cooja/mtype767.a(netstack.o)
 .debug_aranges
                0x0000000000000640       0x20 obj_cooja/mtype767.a(packetbuf.o)
 .debug_aranges
                0x0000000000000660       0x20 obj_cooja/mtype767.a(queuebuf.o)
 .debug_aranges
                0x0000000000000680       0x20 obj_cooja/mtype767.a(nullsec.o)
 .debug_aranges
                0x00000000000006a0       0x20 obj_cooja/mtype767.a(watchdog.o)
 .debug_aranges
                0x00000000000006c0       0x18 obj_cooja/mtype767.a(rimestats.o)
 .debug_aranges
                0x00000000000006d8       0x20 obj_cooja/mtype767.a(stimer.o)
 .debug_aranges
                0x00000000000006f8       0x20 obj_cooja/mtype767.a(memb.o)
 .debug_aranges
                0x0000000000000718       0x20 obj_cooja/mtype767.a(uip-ds6-route.o)
 .debug_aranges
                0x0000000000000738       0x20 obj_cooja/mtype767.a(uip-icmp6.o)
 .debug_aranges
                0x0000000000000758       0x20 obj_cooja/mtype767.a(uip-nd6.o)
 .debug_aranges
                0x0000000000000778       0x20 obj_cooja/mtype767.a(rpl-nbr-policy.)
 .debug_aranges
                0x0000000000000798       0x20 obj_cooja/mtype767.a(frame802154.o)
 .debug_aranges
                0x00000000000007b8       0x20 obj_cooja/mtype767.a(mac.o)

.debug_pubnames
 *(.debug_pubnames)

.debug_info     0x0000000000000000    0x1b37a
 *(.debug_info .gnu.linkonce.wi.*)
 .debug_info    0x0000000000000000      0xe4b udp-server.co
 .debug_info    0x0000000000000e4b     0x3a5f obj_cooja/mtype767.o
 .debug_info    0x00000000000048aa      0x15a obj_cooja/mtype767.a(simEnvChange.o)
 .debug_info    0x0000000000004a04      0x1e2 obj_cooja/mtype767.a(cooja_mt.o)
 .debug_info    0x0000000000004be6      0x2e7 obj_cooja/mtype767.a(cooja_mtarch.o)
 .debug_info    0x0000000000004ecd      0x16b obj_cooja/mtype767.a(rtimer-arch.o)
 .debug_info    0x0000000000005038      0x1f3 obj_cooja/mtype767.a(beep.o)
 .debug_info    0x000000000000522b      0x257 obj_cooja/mtype767.a(button-sensor.o)
 .debug_info    0x0000000000005482      0x132 obj_cooja/mtype767.a(leds-arch.o)
 .debug_info    0x00000000000055b4      0x10a obj_cooja/mtype767.a(moteid.o)
 .debug_info    0x00000000000056be      0x216 obj_cooja/mtype767.a(pir-sensor.o)
 .debug_info    0x00000000000058d4      0x21e obj_cooja/mtype767.a(rs232.o)
 .debug_info    0x0000000000005af2      0x216 obj_cooja/mtype767.a(vib-sensor.o)
 .debug_info    0x0000000000005d08      0x152 obj_cooja/mtype767.a(clock.o)
 .debug_info    0x0000000000005e5a      0x2bb obj_cooja/mtype767.a(log.o)
 .debug_info    0x0000000000006115      0x3cf obj_cooja/mtype767.a(cfs-cooja.o)
 .debug_info    0x00000000000064e4      0xc9b obj_cooja/mtype767.a(cooja-radio.o)
 .debug_info    0x000000000000717f      0x1d5 obj_cooja/mtype767.a(eeprom.o)
 .debug_info    0x0000000000007354       0xb3 obj_cooja/mtype767.a(random.o)
 .debug_info    0x0000000000007407      0x36d obj_cooja/mtype767.a(sensors.o)
 .debug_info    0x0000000000007774      0x1a5 obj_cooja/mtype767.a(autostart.o)
 .debug_info    0x0000000000007919      0x46c obj_cooja/mtype767.a(ctimer.o)
 .debug_info    0x0000000000007d85      0x49c obj_cooja/mtype767.a(etimer.o)
 .debug_info    0x0000000000008221      0x3d2 obj_cooja/mtype767.a(log_message.o)
 .debug_info    0x00000000000085f3      0x4ba obj_cooja/mtype767.a(process.o)
 .debug_info    0x0000000000008aad      0x164 obj_cooja/mtype767.a(residual.o)
 .debug_info    0x0000000000008c11      0x1ab obj_cooja/mtype767.a(rtimer.o)
 .debug_info    0x0000000000008dbc      0x16c obj_cooja/mtype767.a(timer.o)
 .debug_info    0x0000000000008f28      0x2de obj_cooja/mtype767.a(serial-line.o)
 .debug_info    0x0000000000009206      0x2ed obj_cooja/mtype767.a(list.o)
 .debug_info    0x00000000000094f3      0x1aa obj_cooja/mtype767.a(ringbuf.o)
 .debug_info    0x000000000000969d     0x105e obj_cooja/mtype767.a(sicslowpan.o)
 .debug_info    0x000000000000a6fb      0x853 obj_cooja/mtype767.a(uip-ds6-nbr.o)
 .debug_info    0x000000000000af4e      0xa5b obj_cooja/mtype767.a(uip-ds6.o)
 .debug_info    0x000000000000b9a9      0xea0 obj_cooja/mtype767.a(uip6.o)
 .debug_info    0x000000000000c849     0x1493 obj_cooja/mtype767.a(tcpip.o)
 .debug_info    0x000000000000dcdc      0x1b5 obj_cooja/mtype767.a(uip-debug.o)
 .debug_info    0x000000000000de91      0x470 obj_cooja/mtype767.a(uip-packetqueue)
 .debug_info    0x000000000000e301     0x1c3e obj_cooja/mtype767.a(rpl-dag.o)
 .debug_info    0x000000000000ff3f      0xe97 obj_cooja/mtype767.a(rpl-ext-header.)
 .debug_info    0x0000000000010dd6     0x18fa obj_cooja/mtype767.a(rpl-icmp6.o)
 .debug_info    0x00000000000126d0      0xa36 obj_cooja/mtype767.a(rpl-of0.o)
 .debug_info    0x0000000000013106      0xc36 obj_cooja/mtype767.a(rpl-timers.o)
 .debug_info    0x0000000000013d3c      0xd4a obj_cooja/mtype767.a(rpl.o)
 .debug_info    0x0000000000014a86      0x5ed obj_cooja/mtype767.a(framer-802154.o)
 .debug_info    0x0000000000015073      0x3d5 obj_cooja/mtype767.a(nullmac.o)
 .debug_info    0x0000000000015448      0xf96 obj_cooja/mtype767.a(cxmac.o)
 .debug_info    0x00000000000163de      0x165 obj_cooja/mtype767.a(linkaddr.o)
 .debug_info    0x0000000000016543      0x8e4 obj_cooja/mtype767.a(nbr-table.o)
 .debug_info    0x0000000000016e27      0x4ba obj_cooja/mtype767.a(netstack.o)
 .debug_info    0x00000000000172e1      0x478 obj_cooja/mtype767.a(packetbuf.o)
 .debug_info    0x0000000000017759      0x57d obj_cooja/mtype767.a(queuebuf.o)
 .debug_info    0x0000000000017cd6      0x3aa obj_cooja/mtype767.a(nullsec.o)
 .debug_info    0x0000000000018080       0x7b obj_cooja/mtype767.a(watchdog.o)
 .debug_info    0x00000000000180fb      0x119 obj_cooja/mtype767.a(rimestats.o)
 .debug_info    0x0000000000018214      0x179 obj_cooja/mtype767.a(stimer.o)
 .debug_info    0x000000000001838d      0x1d7 obj_cooja/mtype767.a(memb.o)
 .debug_info    0x0000000000018564      0xd30 obj_cooja/mtype767.a(uip-ds6-route.o)
 .debug_info    0x0000000000019294      0x7b7 obj_cooja/mtype767.a(uip-icmp6.o)
 .debug_info    0x0000000000019a4b      0x331 obj_cooja/mtype767.a(uip-nd6.o)
 .debug_info    0x0000000000019d7c      0xe38 obj_cooja/mtype767.a(rpl-nbr-policy.)
 .debug_info    0x000000000001abb4      0x6b4 obj_cooja/mtype767.a(frame802154.o)
 .debug_info    0x000000000001b268      0x112 obj_cooja/mtype767.a(mac.o)

.debug_abbrev   0x0000000000000000     0x63c4
 *(.debug_abbrev)
 .debug_abbrev  0x0000000000000000      0x227 udp-server.co
 .debug_abbrev  0x0000000000000227      0x2be obj_cooja/mtype767.o
 .debug_abbrev  0x00000000000004e5       0xc3 obj_cooja/mtype767.a(simEnvChange.o)
 .debug_abbrev  0x00000000000005a8       0xe6 obj_cooja/mtype767.a(cooja_mt.o)
 .debug_abbrev  0x000000000000068e      0x147 obj_cooja/mtype767.a(cooja_mtarch.o)
 .debug_abbrev  0x00000000000007d5       0xcc obj_cooja/mtype767.a(rtimer-arch.o)
 .debug_abbrev  0x00000000000008a1       0xe3 obj_cooja/mtype767.a(beep.o)
 .debug_abbrev  0x0000000000000984      0x11c obj_cooja/mtype767.a(button-sensor.o)
 .debug_abbrev  0x0000000000000aa0       0xe1 obj_cooja/mtype767.a(leds-arch.o)
 .debug_abbrev  0x0000000000000b81       0x9c obj_cooja/mtype767.a(moteid.o)