Archive member included to satisfy reference by file (symbol)

obj_cooja/mtype876.a(simEnvChange.o)
                              obj_cooja/mtype876.o (simDontFallAsleep)
obj_cooja/mtype876.a(cooja_mt.o)
                              obj_cooja/mtype876.o (cooja_mt_start)
obj_cooja/mtype876.a(cooja_mtarch.o)
                              obj_cooja/mtype876.a(cooja_mt.o) (cooja_mtarch_init)
obj_cooja/mtype876.a(rtimer-arch.o)
                              obj_cooja/mtype876.o (rtimer_arch_next)
obj_cooja/mtype876.a(beep.o)  obj_cooja/mtype876.o (beep_interface)
obj_cooja/mtype876.a(button-sensor.o)
                              obj_cooja/mtype876.o (button_interface)
obj_cooja/mtype876.a(leds-arch.o)
                              obj_cooja/mtype876.o (leds_interface)
obj_cooja/mtype876.a(moteid.o)
                              obj_cooja/mtype876.o (moteid_interface)
obj_cooja/mtype876.a(pir-sensor.o)
                              obj_cooja/mtype876.o (pir_interface)
obj_cooja/mtype876.a(rs232.o)
                              obj_cooja/mtype876.o (rs232_interface)
obj_cooja/mtype876.a(vib-sensor.o)
                              obj_cooja/mtype876.o (vib_interface)
obj_cooja/mtype876.a(clock.o)
                              obj_cooja/mtype876.o (clock_interface)
obj_cooja/mtype876.a(log.o)   obj_cooja/mtype876.o (simlog_interface)
obj_cooja/mtype876.a(cfs-cooja.o)
                              obj_cooja/mtype876.o (cfs_interface)
obj_cooja/mtype876.a(cooja-radio.o)
                              obj_cooja/mtype876.o (radio_interface)
obj_cooja/mtype876.a(eeprom.o)
                              obj_cooja/mtype876.o (eeprom_interface)
obj_cooja/mtype876.a(random.o)
                              obj_cooja/mtype876.a(moteid.o) (random_init)
obj_cooja/mtype876.a(sensors.o)
                              obj_cooja/mtype876.o (sensors_process)
obj_cooja/mtype876.a(leds.o)  obj_cooja/mtype876.a(cooja-radio.o) (leds_on)
obj_cooja/mtype876.a(dual_conf.o)
                              obj_cooja/mtype876.a(cooja-radio.o) (long_range_radio)
obj_cooja/mtype876.a(autostart.o)
                              obj_cooja/mtype876.o (autostart_start)
obj_cooja/mtype876.a(ctimer.o)
                              obj_cooja/mtype876.o (ctimer_init)
obj_cooja/mtype876.a(etimer.o)
                              obj_cooja/mtype876.o (etimer_process)
obj_cooja/mtype876.a(log_message.o)
                              obj_cooja/mtype876.o (log_initialization)
obj_cooja/mtype876.a(process.o)
                              udp-client.co (process_current)
obj_cooja/mtype876.a(residual.o)
                              udp-client.co (DISSIPATION_RATE)
obj_cooja/mtype876.a(rtimer.o)
                              obj_cooja/mtype876.a(rtimer-arch.o) (rtimer_run_next)
obj_cooja/mtype876.a(stimer.o)
                              udp-client.co (stimer_remaining)
obj_cooja/mtype876.a(timer.o)
                              obj_cooja/mtype876.a(button-sensor.o) (timer_set)
obj_cooja/mtype876.a(serial-line.o)
                              udp-client.co (serial_line_event_message)
obj_cooja/mtype876.a(list.o)  obj_cooja/mtype876.a(ctimer.o) (list_init)
obj_cooja/mtype876.a(ringbuf.o)
                              obj_cooja/mtype876.a(serial-line.o) (ringbuf_init)
obj_cooja/mtype876.a(sicslowpan.o)
                              obj_cooja/mtype876.o (sicslowpan_driver)
obj_cooja/mtype876.a(uip-ds6-nbr.o)
                              obj_cooja/mtype876.a(sicslowpan.o) (uip_ds6_link_neighbor_callback)
obj_cooja/mtype876.a(uip-ds6-route.o)
                              udp-client.co (uip_ds6_route_nexthop)
obj_cooja/mtype876.a(uip-ds6.o)
                              udp-client.co (uip_ds6_if)
obj_cooja/mtype876.a(uip6.o)  udp-client.co (uip_lladdr)
obj_cooja/mtype876.a(tcpip.o)
                              udp-client.co (tcpip_event)
obj_cooja/mtype876.a(uip-debug.o)
                              udp-client.co (uip_debug_ipaddr_print)
obj_cooja/mtype876.a(uip-packetqueue)
                              obj_cooja/mtype876.a(uip-ds6-nbr.o) (uip_packetqueue_new)
obj_cooja/mtype876.a(uip-udp-packet.)
                              udp-client.co (uip_udp_packet_sendto)
obj_cooja/mtype876.a(rpl-dag.o)
                              obj_cooja/mtype876.a(tcpip.o) (rpl_repair_root)
obj_cooja/mtype876.a(rpl-ext-header.)
                              obj_cooja/mtype876.a(uip6.o) (rpl_verify_header)
obj_cooja/mtype876.a(rpl-icmp6.o)
                              obj_cooja/mtype876.a(rpl-dag.o) (rpl_icmp6_update_nbr_table)
obj_cooja/mtype876.a(rpl-ltmax.o)
                              obj_cooja/mtype876.a(rpl-dag.o) (rpl_ltmax_of)
obj_cooja/mtype876.a(rpl-timers.o)
                              obj_cooja/mtype876.a(rpl-icmp6.o) (rpl_LSA_convergence_timer)
obj_cooja/mtype876.a(rpl.o)   obj_cooja/mtype876.a(rpl-icmp6.o) (rpl_get_mode)
obj_cooja/mtype876.a(csma.o)  obj_cooja/mtype876.o (csma_driver)
obj_cooja/mtype876.a(framer-802154.o)
[...]
Memory Configuration

Name             Origin             Length             Attributes
*default*        0x0000000000000000 0xffffffffffffffff

Linker script and memory map

LOAD /usr/lib/gcc/i686-linux-gnu/4.8/../../../i386-linux-gnu/crti.o
LOAD /usr/lib/gcc/i686-linux-gnu/4.8/crtbeginS.o
LOAD udp-client.co
LOAD obj_cooja/mtype876.o
LOAD obj_cooja/mtype876.a
LOAD /usr/lib/gcc/i686-linux-gnu/4.8/libgcc.a
LOAD /usr/lib/gcc/i686-linux-gnu/4.8/libgcc_s.so
LOAD /usr/lib/gcc/i686-linux-gnu/4.8/../../../i386-linux-gnu/libc.so
START GROUP
LOAD /lib/i386-linux-gnu/libc.so.6
LOAD /usr/lib/i386-linux-gnu/libc_nonshared.a
LOAD /lib/i386-linux-gnu/ld-linux.so.2
END GROUP
LOAD /usr/lib/gcc/i686-linux-gnu/4.8/libgcc.a
LOAD /usr/lib/gcc/i686-linux-gnu/4.8/libgcc_s.so
LOAD /usr/lib/gcc/i686-linux-gnu/4.8/crtendS.o
LOAD /usr/lib/gcc/i686-linux-gnu/4.8/../../../i386-linux-gnu/crtn.o
                0x0000000000000114                . = (0x0 + SIZEOF_HEADERS)

.note.gnu.build-id
                0x0000000000000114       0x24
 *(.note.gnu.build-id)
 .note.gnu.build-id
                0x0000000000000114       0x24 /usr/lib/gcc/i686-linux-gnu/4.8/../../../i386-linux-gnu/crti.o

.hash
 *(.hash)

.gnu.hash       0x0000000000000138     0x13b8
 *(.gnu.hash)
 .gnu.hash      0x0000000000000138     0x13b8 /usr/lib/gcc/i686-linux-gnu/4.8/../../../i386-linux-gnu/crti.o

.dynsym         0x00000000000014f0     0x2740
 *(.dynsym)
 .dynsym        0x00000000000014f0     0x2740 /usr/lib/gcc/i686-linux-gnu/4.8/../../../i386-linux-gnu/crti.o

.dynstr         0x0000000000003c30     0x2867
 *(.dynstr)
 .dynstr        0x0000000000003c30     0x2867 /usr/lib/gcc/i686-linux-gnu/4.8/../../../i386-linux-gnu/crti.o

.gnu.version    0x0000000000006498      0x4e8
 *(.gnu.version)
 .gnu.version   0x0000000000006498      0x4e8 /usr/lib/gcc/i686-linux-gnu/4.8/../../../i386-linux-gnu/crti.o

.gnu.version_d  0x0000000000006980        0x0
 *(.gnu.version_d)
 .gnu.version_d
                0x0000000000000000        0x0 /usr/lib/gcc/i686-linux-gnu/4.8/../../../i386-linux-gnu/crti.o

.gnu.version_r  0x0000000000006980       0x50
 *(.gnu.version_r)
 .gnu.version_r
                0x0000000000006980       0x50 /usr/lib/gcc/i686-linux-gnu/4.8/../../../i386-linux-gnu/crti.o

.rel.dyn        0x00000000000069d0     0x99e0
 *(.rel.init)
 .rel.init      0x0000000000000000        0x0 /usr/lib/gcc/i686-linux-gnu/4.8/../../../i386-linux-gnu/crti.o
 *(.rel.text .rel.text.* .rel.gnu.linkonce.t.*)
 .rel.text      0x00000000000069d0     0x91f0 /usr/lib/gcc/i686-linux-gnu/4.8/../../../i386-linux-gnu/crti.o
 *(.rel.fini)
 .rel.fini      0x0000000000000000        0x0 /usr/lib/gcc/i686-linux-gnu/4.8/../../../i386-linux-gnu/crti.o
 *(.rel.rodata .rel.rodata.* .rel.gnu.linkonce.r.*)
 .rel.rodata    0x000000000000fbc0      0x4e0 /usr/lib/gcc/i686-linux-gnu/4.8/../../../i386-linux-gnu/crti.o
 *(.rel.data.rel.ro .rel.data.rel.ro.* .rel.gnu.linkonce.d.rel.ro.*)
 *(.rel.data .rel.data.* .rel.gnu.linkonce.d.*)
 .rel.data.rel  0x00000000000100a0        0x8 /usr/lib/gcc/i686-linux-gnu/4.8/../../../i386-linux-gnu/crti.o
 .rel.data      0x00000000000100a8      0x2d0 /usr/lib/gcc/i686-linux-gnu/4.8/../../../i386-linux-gnu/crti.o
 *(.rel.tdata .rel.tdata.* .rel.gnu.linkonce.td.*)
 *(.rel.tbss .rel.tbss.* .rel.gnu.linkonce.tb.*)
 *(.rel.ctors)
 *(.rel.dtors)
 *(.rel.got)
 .rel.got       0x0000000000010378       0x28 /usr/lib/gcc/i686-linux-gnu/4.8/../../../i386-linux-gnu/crti.o
 *(.rel.bss .rel.bss.* .rel.gnu.linkonce.b.*)
 *(.rel.ifunc)
 .rel.ifunc     0x0000000000000000        0x0 /usr/lib/gcc/i686-linux-gnu/4.8/../../../i386-linux-gnu/crti.o
 .rel.fini_array
                0x00000000000103a0        0x8 /usr/lib/gcc/i686-linux-gnu/4.8/../../../i386-linux-gnu/crti.o
 .rel.init_array
                0x00000000000103a8        0x8 /usr/lib/gcc/i686-linux-gnu/4.8/../../../i386-linux-gnu/crti.o

.rel.plt        0x00000000000103b0       0x10
 *(.rel.plt)
 .rel.plt       0x00000000000103b0       0x10 /usr/lib/gcc/i686-linux-gnu/4.8/../../../i386-linux-gnu/crti.o
 *(.rel.iplt)

.init           0x00000000000103c0       0x23
 *(SORT(.init))
 .init          0x00000000000103c0       0x1e /usr/lib/gcc/i686-linux-gnu/4.8/../../../i386-linux-gnu/crti.o
                0x00000000000103c0                _init
 .init          0x00000000000103de        0x5 /usr/lib/gcc/i686-linux-gnu/4.8/../../../i386-linux-gnu/crtn.o

.plt            0x00000000000103f0       0x30
 *(.plt)
 .plt           0x00000000000103f0       0x30 /usr/lib/gcc/i686-linux-gnu/4.8/../../../i386-linux-gnu/crti.o
 *(.iplt)

.text           0x0000000000010420    0x17628
 *(.text.unlikely .text.*_unlikely .text.unlikely.*)
 *(.text.exit .text.exit.*)
 *(.text.startup .text.startup.*)
 *(.text.hot .text.hot.*)
 *(.text .stub .text.* .gnu.linkonce.t.*)
 .text          0x0000000000010420        0x0 /usr/lib/gcc/i686-linux-gnu/4.8/../../../i386-linux-gnu/crti.o
 .gnu.linkonce.t.__x86.get_pc_thunk.bx
                0x0000000000010420        0x4 /usr/lib/gcc/i686-linux-gnu/4.8/../../../i386-linux-gnu/crti.o
                0x0000000000010420                __x86.get_pc_thunk.bx
 *fill*         0x0000000000010424        0xc 
 .text          0x0000000000010430      0x11b /usr/lib/gcc/i686-linux-gnu/4.8/crtbeginS.o
 .text          0x000000000001054b      0x881 udp-client.co
 .text          0x0000000000010dcc      0x96a obj_cooja/mtype876.o
                0x0000000000010f7a                contiki_init
                0x000000000001154d                Java_org_contikios_cooja_corecomm_Lib2_init
                0x000000000001158d                Java_org_contikios_cooja_corecomm_Lib2_getMemory
                0x00000000000115cd                Java_org_contikios_cooja_corecomm_Lib2_setMemory
                0x0000000000011644                Java_org_contikios_cooja_corecomm_Lib2_tick
                0x0000000000011724                Java_org_contikios_cooja_corecomm_Lib2_setReferenceAddress
 .text          0x0000000000011736       0x63 obj_cooja/mtype876.a(simEnvChange.o)
                0x0000000000011736                doActionsBeforeTick
                0x0000000000011767                doActionsAfterTick
 .text          0x0000000000011799       0xbc obj_cooja/mtype876.a(cooja_mt.o)
                0x0000000000011799                cooja_mt_init
                0x00000000000117a6                cooja_mt_remove
                0x00000000000117b3                cooja_mt_start
                0x00000000000117e0                cooja_mt_exec
                0x0000000000011811                cooja_mt_exit
                0x0000000000011833                cooja_mt_yield
 .text          0x0000000000011855      0x115 obj_cooja/mtype876.a(cooja_mtarch.o)
                0x0000000000011855                cooja_mtarch_init
                0x000000000001185a                cooja_mtarch_start
                0x00000000000118d5                cooja_sw
                0x00000000000118f7                cooja_mtarch_exec
                0x0000000000011913                cooja_mtarch_remove
                0x0000000000011918                cooja_mtarch_yield
                0x0000000000011922                cooja_mtarch_pstop
                0x0000000000011927                cooja_mtarch_pstart
                0x000000000001192c                cooja_mtarch_stack_usage
 .text          0x000000000001196a       0xc2 obj_cooja/mtype876.a(rtimer-arch.o)
                0x000000000001196a                rtimer_arch_init
                0x000000000001198d                rtimer_arch_schedule
                0x00000000000119a4                rtimer_arch_next
                0x00000000000119ae                rtimer_arch_pending
                0x00000000000119b8                rtimer_arch_check
                0x00000000000119ea                rtimer_arch_now
 .text          0x0000000000011a2c       0x76 obj_cooja/mtype876.a(beep.o)
                0x0000000000011a2c                beep_alarm
                0x0000000000011a38                beep_beep
                0x0000000000011a44                beep
                0x0000000000011a50                beep_down
                0x0000000000011a5c                beep_on
                0x0000000000011a68                beep_off
                0x0000000000011a74                beep_spinup
                0x0000000000011a80                beep_quick
                0x0000000000011a8c                beep_long
 .text          0x0000000000011aa2      0x103 obj_cooja/mtype876.a(button-sensor.o)
 .text          0x0000000000011ba5       0x45 obj_cooja/mtype876.a(leds-arch.o)
                0x0000000000011ba5                leds_arch_init
                0x0000000000011bb1                leds_arch_get
                0x0000000000011bbd                leds_arch_set
 .text          0x0000000000011bea       0x2f obj_cooja/mtype876.a(moteid.o)
 .text          0x0000000000011c19       0xb1 obj_cooja/mtype876.a(pir-sensor.o)
 .text          0x0000000000011cca      0x131 obj_cooja/mtype876.a(rs232.o)
                0x0000000000011cca                rs232_init
                0x0000000000011ccf                rs232_set_speed
                0x0000000000011cdd                rs232_set_input
                0x0000000000011cea                rs232_send
                0x0000000000011d0c                rs232_print
                0x0000000000011d27                slip_arch_writeb
 .text          0x0000000000011dfb       0xb1 obj_cooja/mtype876.a(vib-sensor.o)
 .text          0x0000000000011eac       0x34 obj_cooja/mtype876.a(clock.o)
                0x0000000000011eac                clock_init
                0x0000000000011eb1                clock_time
                0x0000000000011ebb                clock_seconds
                0x0000000000011ed1                clock_delay
 .text          0x0000000000011ee0      0x1ed obj_cooja/mtype876.a(log.o)
                0x0000000000011ee0                simlog_char
                0x0000000000011f22                simlog
                0x0000000000011f8f                log_message
                0x0000000000011fb7                log_set_putchar_with_slip
                0x0000000000011fc4                log_putchar
                0x0000000000012048                log_puts
                0x000000000001206c                log_printf
 .text          0x00000000000120cd      0x2c4 obj_cooja/mtype876.a(cfs-cooja.o)
                0x00000000000120cd                cfs_open
                0x0000000000012136                cfs_close
                0x0000000000012142                cfs_read
                0x00000000000121e0                cfs_write
                0x00000000000122bd                cfs_seek
                0x0000000000012345                cfs_remove
                0x000000000001236e                cfs_opendir
                0x0000000000012378                cfs_readdir
                0x0000000000012382                cfs_closedir
 .text          0x0000000000012391      0x69f obj_cooja/mtype876.a(cooja-radio.o)
                0x00000000000123bb                radio_set_channel
                0x00000000000123d0                radio_set_txpower
                0x00000000000123f0                radio_signal_strength_last
                0x00000000000123fa                radio_signal_strength_current
                0x0000000000012404                radio_LQI
 .text          0x0000000000012a30       0xef obj_cooja/mtype876.a(eeprom.o)
                0x0000000000012a30                eeprom_init
                0x0000000000012a35                eeprom_read
                0x0000000000012aa5                eeprom_write
 .text          0x0000000000012b1f       0x28 obj_cooja/mtype876.a(random.o)
                0x0000000000012b1f                random_init
                0x0000000000012b3a                random_rand
 .text          0x0000000000012b47      0x2a1 obj_cooja/mtype876.a(sensors.o)
                0x0000000000012b82                sensors_first
                0x0000000000012b8c                sensors_next
                0x0000000000012ba9                sensors_changed
                0x0000000000012bd8                sensors_find
 .text          0x0000000000012de8      0x134 obj_cooja/mtype876.a(leds.o)
                0x0000000000012e39                leds_init
                0x0000000000012e4d                leds_blink
                0x0000000000012e85                leds_get
                0x0000000000012e92                leds_set
                0x0000000000012eac                leds_on
                0x0000000000012ecf                leds_off
                0x0000000000012ef9                leds_toggle
 .text          0x0000000000012f1c      0x432 obj_cooja/mtype876.a(dual_conf.o)
                0x0000000000012f1c                dual_radio_switch
                0x0000000000012f5c                dual_radio_change
                0x0000000000012f96                sending_in_LR
                0x0000000000012fc1                dual_radio_received
                0x0000000000012ff9                radio_received_is_longrange
                0x0000000000013014                dual_radio_turn_on
                0x0000000000013037                dual_radio_turn_off
                0x00000000000132d4                dio_broadcast
                0x00000000000132fd                dis_broadcast
                0x000000000001331e                LSA_converge_broadcast
 .text          0x000000000001334e       0x8e obj_cooja/mtype876.a(autostart.o)
                0x000000000001334e                autostart_start
                0x0000000000013399                autostart_exit
 .text          0x00000000000133dc      0x334 obj_cooja/mtype876.a(ctimer.o)
                0x00000000000134f3                ctimer_init
                0x0000000000013523                ctimer_set
                0x0000000000013554                ctimer_set_with_process
                0x00000000000135d0                ctimer_reset
                0x000000000001361f                ctimer_restart
                0x000000000001366e                ctimer_stop
                0x00000000000136b9                ctimer_expired
 .text          0x0000000000013710      0x40b obj_cooja/mtype876.a(etimer.o)
                0x0000000000013923                etimer_request_poll
                0x00000000000139a7                etimer_set
                0x00000000000139cc                etimer_reset_with_new_interval
                0x00000000000139f3                etimer_reset
                0x0000000000013a11                etimer_restart
                0x0000000000013a2f                etimer_adjust
                0x0000000000013a4b                etimer_expired
                0x0000000000013a5e                etimer_expiration_time
                0x0000000000013a70                etimer_start_time
                0x0000000000013a7a                etimer_pending
                0x0000000000013a8c                etimer_next_expiration_time
                0x0000000000013aa6                etimer_stop
 .text          0x0000000000013b1b      0x22c obj_cooja/mtype876.a(log_message.o)
                0x0000000000013b1b                log_initialization
                0x0000000000013d26                log_finisher
 .text          0x0000000000013d47      0x560 obj_cooja/mtype876.a(process.o)
                0x0000000000013d47                process_alloc_event
                0x0000000000013d5c                process_start
                0x0000000000013f45                process_exit
                0x0000000000013f61                process_init
                0x0000000000014132                process_run
                0x0000000000014165                process_nevents
                0x0000000000014180                process_post
                0x000000000001422c                process_post_synch
                0x0000000000014264                process_poll
                0x0000000000014293                process_is_running
 .text          0x00000000000142a7       0xd3 obj_cooja/mtype876.a(residual.o)
                0x00000000000142a7                get_residual_energy
 .text          0x000000000001437a       0xba obj_cooja/mtype876.a(rtimer.o)
                0x000000000001437a                rtimer_init
                0x0000000000014387                rtimer_set
                0x00000000000143de                rtimer_run_next
 .text          0x0000000000014434       0xa3 obj_cooja/mtype876.a(stimer.o)
                0x0000000000014434                stimer_set
                0x000000000001444f                stimer_reset
                0x0000000000014466                stimer_restart
                0x0000000000014478                stimer_expired
                0x000000000001449f                stimer_remaining
                0x00000000000144c3                stimer_elapsed
 .text          0x00000000000144d7       0x91 obj_cooja/mtype876.a(timer.o)
                0x00000000000144d7                timer_set
                0x00000000000144f2                timer_reset
                0x0000000000014509                timer_restart
                0x000000000001451b                timer_expired
                0x0000000000014544                timer_remaining
 .text          0x0000000000014568      0x1fb obj_cooja/mtype876.a(serial-line.o)
                0x0000000000014568                serial_line_input_byte
                0x000000000001472b                serial_line_init
 .text          0x0000000000014763      0x244 obj_cooja/mtype876.a(list.o)
                0x0000000000014763                list_init
                0x0000000000014771                list_head
                0x000000000001477b                list_copy
                0x000000000001478a                list_tail
                0x00000000000147c0                list_add
                0x0000000000014809                list_push
                0x0000000000014835                list_chop
                0x000000000001489f                list_pop
                0x00000000000148c7                list_remove
                0x000000000001492e                list_length
                0x000000000001495c                list_insert
                0x0000000000014990                list_item_next
 .text          0x00000000000149a7      0x155 obj_cooja/mtype876.a(ringbuf.o)
                0x00000000000149a7                ringbuf_init
                0x00000000000149d8                ringbuf_put
                0x0000000000014a56                ringbuf_get
                0x0000000000014ac3                ringbuf_size
                0x0000000000014ad5                ringbuf_elements
 .text          0x0000000000014afc     0x258b obj_cooja/mtype876.a(sicslowpan.o)
                0x0000000000015086                rime_sniffer_add
                0x0000000000015093                rime_sniffer_remove
                0x0000000000017026                sicslowpan_init
                0x000000000001707d                sicslowpan_get_last_rssi
 .text          0x0000000000017087      0x2dc obj_cooja/mtype876.a(uip-ds6-nbr.o)
                0x00000000000170a4                uip_ds6_neighbors_init
                0x00000000000170c1                uip_ds6_nbr_add
                0x0000000000017172                uip_ds6_nbr_rm
                0x00000000000171cf                uip_ds6_nbr_get_ipaddr
                0x00000000000171e4                uip_ds6_nbr_get_ll
                0x0000000000017200                uip_ds6_nbr_num
                0x0000000000017245                uip_ds6_nbr_lookup
                0x00000000000172aa                uip_ds6_nbr_ll_lookup
                0x00000000000172c6                uip_ds6_nbr_ipaddr_from_lladdr
                0x00000000000172ec                uip_ds6_nbr_lladdr_from_ipaddr
                0x000000000001731a                uip_ds6_link_neighbor_callback
 .text          0x0000000000017363      0x916 obj_cooja/mtype876.a(uip-ds6-route.o)
                0x00000000000173da                uip_ds6_notification_add
                0x000000000001740b                uip_ds6_notification_rm
                0x0000000000017427                uip_ds6_route_init
                0x00000000000174af                uip_ds6_route_nexthop
                0x00000000000174d7                uip_ds6_route_head
                0x00000000000174ec                uip_ds6_route_next
                0x0000000000017512                uip_ds6_route_is_nexthop
                0x0000000000017551                uip_ds6_route_num_routes
                0x000000000001755b                uip_ds6_route_lookup
                0x000000000001761d                uip_ds6_route_add
                0x0000000000017851                uip_ds6_route_rm
                0x00000000000179e5                uip_ds6_route_rm_by_nexthop
                0x0000000000017a1d                uip_ds6_defrt_add
                0x0000000000017ace                uip_ds6_defrt_rm
                0x0000000000017b4d                uip_ds6_defrt_lookup
                0x0000000000017ba6                uip_ds6_defrt_choose
                0x0000000000017c11                uip_ds6_defrt_periodic
 .text          0x0000000000017c79     0x12ad obj_cooja/mtype876.a(uip-ds6.o)
                0x0000000000017c79                uip_ds6_init
                0x0000000000017fce                uip_ds6_periodic
                0x00000000000180a6                uip_ds6_list_loop
                0x000000000001814d                uip_ds6_prefix_add
                0x000000000001820b                uip_ds6_prefix_rm
                0x000000000001821d                uip_ds6_prefix_lookup
                0x000000000001826e                uip_ds6_is_addr_onlink
                0x00000000000182e2                uip_ds6_addr_add
                0x0000000000018410                uip_ds6_long_addr_add
                0x000000000001853e                uip_ds6_addr_rm
                0x00000000000185de                uip_ds6_addr_lookup
                0x0000000000018629                uip_ds6_long_addr_lookup
                0x0000000000018674                uip_ds6_get_link_local
                0x00000000000186f3                uip_ds6_long_get_link_local
                0x0000000000018772                uip_ds6_get_global
                0x00000000000187f1                uip_ds6_long_get_global
                0x0000000000018870                uip_ds6_maddr_add
                0x00000000000188e2                uip_ds6_long_maddr_add
                0x0000000000018954                uip_ds6_maddr_rm
                0x0000000000018966                uip_ds6_maddr_lookup
                0x00000000000189b1                uip_ds6_long_maddr_lookup
                0x00000000000189fc                uip_ds6_aaddr_add
                0x0000000000018a6e                uip_ds6_long_aaddr_add
                0x0000000000018ae0                uip_ds6_aaddr_rm
                0x0000000000018af2                uip_ds6_aaddr_lookup
                0x0000000000018b3d                uip_ds6_long_aaddr_lookup
                0x0000000000018b88                uip_ds6_select_src
                0x0000000000018e11                uip_ds6_set_addr_iid
                0x0000000000018e48                get_match_length
                0x0000000000018eda                uip_ds6_compute_reachable_time
 .text          0x0000000000018f26     0x2a07 obj_cooja/mtype876.a(uip6.o)
                0x0000000000018f26                uip_add32
                0x00000000000190bf                uip_chksum
                0x00000000000191ad                uip_icmp6chksum
                0x00000000000191c1                uip_tcpchksum
                0x00000000000191d5                uip_udpchksum
                0x00000000000191e9                uip_init
                0x00000000000192b9                uip_connect
                0x0000000000019468                remove_ext_hdr
                0x000000000001953d                uip_udp_new
                0x0000000000019699                uip_unlisten
                0x00000000000196f9                uip_listen
                0x00000000000199bb                uip_process
                0x000000000001b821                uip_htons
                0x000000000001b843                uip_htonl
                0x000000000001b883                uip_send
 .text          0x000000000001b92d      0xa53 obj_cooja/mtype876.a(tcpip.o)
                0x000000000001b92d                tcpip_output
                0x000000000001b968                tcpip_set_outputfunc
                0x000000000001b9fc                tcp_connect
                0x000000000001ba51                tcp_unlisten
                0x000000000001baac                tcp_listen
                0x000000000001bb05                tcp_attach
                0x000000000001bb2a                udp_attach
                0x000000000001bb4f                udp_new
                0x000000000001bba1                udp_broadcast_new
                0x000000000001be15                tcpip_input
                0x000000000001be49                tcpip_ipv6_output
                0x000000000001c1bc                tcpip_poll_udp
                0x000000000001c1df                tcpip_poll_tcp
                0x000000000001c202                tcpip_uipcall
 .text          0x000000000001c380      0x1c1 obj_cooja/mtype876.a(uip-debug.o)
                0x000000000001c380                uip_debug_ipaddr_print
                0x000000000001c4e2                uip_debug_lladdr_print
 .text          0x000000000001c541      0x141 obj_cooja/mtype876.a(uip-packetqueue)
                0x000000000001c56d                uip_packetqueue_new
                0x000000000001c57b                uip_packetqueue_alloc
                0x000000000001c5db                uip_packetqueue_free
                0x000000000001c61c                uip_packetqueue_buf
                0x000000000001c639                uip_packetqueue_buflen
                0x000000000001c65a                uip_packetqueue_set_buflen
 .text          0x000000000001c682      0x131 obj_cooja/mtype876.a(uip-udp-packet.)
                0x000000000001c682                uip_udp_packet_send
                0x000000000001c6e2                uip_udp_packet_sendto
 .text          0x000000000001c7b3     0x26ab obj_cooja/mtype876.a(rpl-dag.o)
                0x000000000001c7b3                rpl_lr_in_child
                0x000000000001c86b                rpl_print_neighbor_list
                0x000000000001c914                rpl_print_child_neighbor_list
                0x000000000001c989                rpl_get_nbr
                0x000000000001c9e3                rpl_get_nbr_child
                0x000000000001ca3d                rpl_dag_init
                0x000000000001ca6f                rpl_get_parent
                0x000000000001ca91                rpl_get_parent_rank
                0x000000000001cac4                rpl_get_parent_link_metric
                0x000000000001caf7                rpl_get_parent_ipaddr
                0x000000000001cb21                rpl_get_child_ipaddr
                0x000000000001ce3c                rpl_set_root
                0x000000000001d06a                rpl_repair_root
                0x000000000001d2a6                rpl_set_prefix
                0x000000000001d3a5                rpl_set_default_route
                0x000000000001d431                rpl_alloc_instance
                0x000000000001d4b9                rpl_alloc_dag
                0x000000000001d56c                rpl_set_default_instance
                0x000000000001d579                rpl_get_default_instance
                0x000000000001d583                rpl_free_instance
                0x000000000001d624                rpl_free_dag
                0x000000000001d68a                rpl_add_parent
                0x000000000001d773                rpl_find_parent
                0x000000000001d7a3                rpl_add_child
                0x000000000001d847                rpl_find_child
                0x000000000001d895                rpl_find_parent_any_dag
                0x000000000001d8d1                rpl_select_dag
                0x000000000001dd07                rpl_select_parent
                0x000000000001dd69                rpl_remove_parent
                0x000000000001dd9f                rpl_remove_child
                0x000000000001ddbb                rpl_nullify_parent
                0x000000000001de59                rpl_move_parent
                0x000000000001def6                rpl_has_downward_route
                0x000000000001df49                rpl_get_any_dag
                0x000000000001dfab                rpl_get_instance
                0x000000000001e00e                rpl_find_of
                0x000000000001e04b                rpl_join_instance
                0x000000000001e2e7                rpl_add_dag
                0x000000000001e6d6                rpl_local_repair
                0x000000000001e7af                rpl_recalculate_ranks
                0x000000000001e835                rpl_process_parent_event
                0x000000000001e8e7                rpl_process_dio
 .text          0x000000000001ee5e      0xbf3 obj_cooja/mtype876.a(rpl-ext-header.)
                0x000000000001ee7b                rpl_verify_header
                0x000000000001f2f5                rpl_update_header_empty
                0x000000000001f60c                rpl_update_header_final
                0x000000000001f79b                rpl_remove_header
                0x000000000001f8a5                rpl_invert_header
                0x000000000001fa2f                rpl_insert_header
 .text          0x000000000001fa51     0x24ea obj_cooja/mtype876.a(rpl-icmp6.o)
                0x000000000001fd1a                rpl_icmp6_update_nbr_table
                0x000000000001fe0a                dis_output
                0x0000000000020742                dio_output
                0x0000000000020fad                LSA_converge_output
                0x0000000000021a9a                dao_output
                0x0000000000021b62                dao_output_target
                0x0000000000021ee3                dao_ack_output
                0x0000000000021ef7                rpl_icmp6_register_handlers
 .text          0x0000000000021f3b      0x3dc obj_cooja/mtype876.a(rpl-ltmax.o)
 .text          0x0000000000022317      0x748 obj_cooja/mtype876.a(rpl-timers.o)
                0x0000000000022317                rpl_LSA_convergence_timer
                0x0000000000022410                rpl_reset_LSA_convergence_timer
                0x0000000000022708                rpl_reset_periodic_timer
                0x000000000002275d                rpl_reset_dio_timer
                0x0000000000022997                rpl_schedule_dao
                0x00000000000229b2                rpl_schedule_dao_immediately
                0x00000000000229cd                rpl_cancel_dao
                0x0000000000022a2f                rpl_schedule_unicast_dio_immediately
 .text          0x0000000000022a5f      0x5dc obj_cooja/mtype876.a(rpl.o)
                0x0000000000022a5f                rpl_get_mode
                0x0000000000022a69                rpl_set_mode
                0x0000000000022af7                rpl_purge_routes
                0x0000000000022bf1                rpl_remove_routes
                0x0000000000022c37                rpl_remove_routes_by_nexthop
                0x0000000000022ca3                rpl_add_route
                0x0000000000022d1e                rpl_link_neighbor_callback
                0x0000000000022e23                rpl_ipv6_neighbor_callback
                0x0000000000022e92                rpl_purge_dags
                0x0000000000022f9e                rpl_init
 .text          0x000000000002303b      0x87b obj_cooja/mtype876.a(csma.o)
 .text          0x00000000000238b6      0x3f5 obj_cooja/mtype876.a(framer-802154.o)
 .text          0x0000000000023cab       0x3c obj_cooja/mtype876.a(mac.o)
                0x0000000000023cab                mac_call_sent_callback
 .text          0x0000000000023ce7     0x1012 obj_cooja/mtype876.a(cxmac.o)
                0x0000000000024c2d                cxmac_set_announcement_radio_txpower
                0x0000000000024c32                cxmac_init
 .text          0x0000000000024cf9       0x82 obj_cooja/mtype876.a(linkaddr.o)
                0x0000000000024cf9                linkaddr_copy
                0x0000000000024d1b                linkaddr_cmp
                0x0000000000024d45                linkaddr_set_node_addr
                0x0000000000024d60                linkaddr_set_node_long_addr
 .text          0x0000000000024d7b      0x915 obj_cooja/mtype876.a(nbr-table.o)
                0x0000000000024d7b                long_ip_from_lladdr_map
                0x0000000000024e04                lladdr_map_add_lr
                0x0000000000024ec1                lladdr_map_rm_lr
                0x0000000000025386                nbr_table_register
                0x00000000000253ce                nbr_table_head
                0x000000000002542a                nbr_table_next
                0x0000000000025491                nbr_table_add_lladdr
                0x000000000002556d                nbr_table_get_from_lladdr
                0x00000000000255ba                nbr_table_remove
                0x000000000002560c                nbr_table_lock
                0x0000000000025636                nbr_table_unlock
                0x0000000000025660                nbr_table_get_lladdr
 .text          0x0000000000025690       0x2b obj_cooja/mtype876.a(netstack.o)
                0x0000000000025690                netstack_init
 .text          0x00000000000256bb      0x3cd obj_cooja/mtype876.a(packetbuf.o)
                0x00000000000256bb                packetbuf_clear
                0x00000000000256e5                packetbuf_copyfrom
                0x0000000000025737                packetbuf_compact
                0x00000000000257b4                packetbuf_copyto
                0x000000000002584b                packetbuf_hdralloc
                0x00000000000258c8                packetbuf_hdrreduce
                0x0000000000025910                packetbuf_set_datalen
                0x0000000000025929                packetbuf_dataptr
                0x0000000000025946                packetbuf_hdrptr
                0x0000000000025950                packetbuf_datalen
                0x000000000002595c                packetbuf_hdrlen
                0x0000000000025973                packetbuf_totlen
                0x0000000000025989                packetbuf_attr_clear
                0x00000000000259db                packetbuf_attr_copyto
                0x0000000000025a24                packetbuf_attr_copyfrom
                0x0000000000025a6c                packetbuf_holds_broadcast
 .text          0x0000000000025a88      0x2b4 obj_cooja/mtype876.a(queuebuf.o)
                0x0000000000025a92                queuebuf_init
                0x0000000000025ab2                queuebuf_numfree
                0x0000000000025ac6                queuebuf_new_from_packetbuf
                0x0000000000025b56                queuebuf_update_attr_from_packetbuf
                0x0000000000025b89                queuebuf_update_from_packetbuf
                0x0000000000025bd3                queuebuf_free
                0x0000000000025c1a                queuebuf_to_packetbuf
                0x0000000000025c80                queuebuf_dataptr
                0x0000000000025cb7                queuebuf_datalen
                0x0000000000025cda                queuebuf_addr
                0x0000000000025d0c                queuebuf_attr
                0x0000000000025d37                queuebuf_debug_print
 .text          0x0000000000025d3c       0x6e obj_cooja/mtype876.a(nullsec.o)
 .text          0x0000000000025daa       0x19 obj_cooja/mtype876.a(watchdog.o)
                0x0000000000025daa                watchdog_init
                0x0000000000025daf                watchdog_start
                0x0000000000025db4                watchdog_periodic
                0x0000000000025db9                watchdog_stop
                0x0000000000025dbe                watchdog_reboot
 .text          0x0000000000025dc3        0x0 obj_cooja/mtype876.a(rimestats.o)
 .text          0x0000000000025dc3      0x1c1 obj_cooja/mtype876.a(memb.o)
                0x0000000000025dc3                memb_init
                0x0000000000025e21                memb_alloc
                0x0000000000025e86                memb_free
                0x0000000000025f01                memb_inmemb
                0x0000000000025f40                memb_numfree
 .text          0x0000000000025f84      0xabf obj_cooja/mtype876.a(uip-icmp6.o)
                0x0000000000025ff2                uip_icmp6_input
                0x0000000000026048                uip_icmp6_register_input_handler
                0x0000000000026310                uip_icmp6_error_output
                0x0000000000026655                uip_icmp6_send
                0x00000000000269d6                uip_icmp6_echo_reply_callback_add
                0x0000000000026a07                uip_icmp6_echo_reply_callback_rm
                0x0000000000026a23                uip_icmp6_init
 .text          0x0000000000026a43      0x358 obj_cooja/mtype876.a(uip-nd6.o)
                0x0000000000026a97                uip_nd6_ns_output
                0x0000000000026d96                uip_nd6_init
 .text          0x0000000000026d9b      0x331 obj_cooja/mtype876.a(rpl-nbr-policy.)
                0x0000000000026f73                find_removable_dis
                0x0000000000026f96                find_removable_dio
                0x0000000000027025                find_removable_dao
                0x0000000000027075                rpl_nbr_policy_find_removable
 .text          0x00000000000270cc      0x97c obj_cooja/mtype876.a(frame802154.o)
                0x00000000000270fd                frame802154_get_pan_id
                0x0000000000027109                frame802154_set_pan_id
                0x0000000000027122                frame802154_has_panid
                0x000000000002720e                frame802154_check_dest_panid
                0x0000000000027276                frame802154_is_broadcast_addr
                0x00000000000272c3                frame802154_extract_linkaddr
                0x0000000000027503                frame802154_hdrlen
                0x0000000000027554                frame802154_create
                0x000000000002773f                frame802154_parse
 .text          0x0000000000027a48        0x0 /usr/lib/gcc/i686-linux-gnu/4.8/crtendS.o
 .text          0x0000000000027a48        0x0 /usr/lib/gcc/i686-linux-gnu/4.8/../../../i386-linux-gnu/crtn.o
 *(.gnu.warning)

.fini           0x0000000000027a48       0x14
 *(SORT(.fini))
 .fini          0x0000000000027a48        0xf /usr/lib/gcc/i686-linux-gnu/4.8/../../../i386-linux-gnu/crti.o
                0x0000000000027a48                _fini
 .fini          0x0000000000027a57        0x5 /usr/lib/gcc/i686-linux-gnu/4.8/../../../i386-linux-gnu/crtn.o
                0x0000000000027a5c                PROVIDE (__etext, .)
                0x0000000000027a5c                PROVIDE (_etext, .)
                0x0000000000027a5c                PROVIDE (etext, .)

.rodata         0x0000000000027a60      0xc80
 *(.rodata .rodata.* .gnu.linkonce.r.*)
 .rodata        0x0000000000027a60      0x40a udp-client.co
                0x0000000000027a74                autostart_processes
 *fill*         0x0000000000027e6a        0x2 
 .rodata        0x0000000000027e6c      0x1e6 obj_cooja/mtype876.o
 *fill*         0x0000000000028052        0x2 
 .rodata        0x0000000000028054        0x8 obj_cooja/mtype876.a(beep.o)
                0x0000000000028054                beep_interface
 .rodata        0x000000000002805c       0x20 obj_cooja/mtype876.a(button-sensor.o)
                0x000000000002805c                button_interface
                0x000000000002806c                button_sensor
 .rodata        0x000000000002807c        0x8 obj_cooja/mtype876.a(leds-arch.o)
                0x000000000002807c                leds_interface
 .rodata        0x0000000000028084        0x8 obj_cooja/mtype876.a(moteid.o)
                0x0000000000028084                moteid_interface
 .rodata        0x000000000002808c       0x1c obj_cooja/mtype876.a(pir-sensor.o)
                0x000000000002808c                pir_interface
                0x0000000000028098                pir_sensor
 .rodata        0x00000000000280a8        0xe obj_cooja/mtype876.a(rs232.o)
                0x00000000000280a8                rs232_interface
 *fill*         0x00000000000280b6        0x2 
 .rodata        0x00000000000280b8       0x24 obj_cooja/mtype876.a(vib-sensor.o)
                0x00000000000280b8                vib_interface
                0x00000000000280cc                vib_sensor
 .rodata        0x00000000000280dc        0x8 obj_cooja/mtype876.a(clock.o)
                0x00000000000280dc                clock_interface
 .rodata        0x00000000000280e4        0x8 obj_cooja/mtype876.a(log.o)
                0x00000000000280e4                simlog_interface
 .rodata        0x00000000000280ec       0x2f obj_cooja/mtype876.a(cfs-cooja.o)
                0x00000000000280ec                cfs_interface
 *fill*         0x000000000002811b        0x5 
 .rodata        0x0000000000028120       0x60 obj_cooja/mtype876.a(cooja-radio.o)
                0x0000000000028140                cooja_radio_driver
                0x0000000000028178                radio_interface
 .rodata        0x0000000000028180        0x8 obj_cooja/mtype876.a(eeprom.o)
                0x0000000000028180                eeprom_interface
 .rodata        0x0000000000028188        0x8 obj_cooja/mtype876.a(sensors.o)
 .rodata        0x0000000000028190       0x33 obj_cooja/mtype876.a(dual_conf.o)
 .rodata        0x00000000000281c3        0xf obj_cooja/mtype876.a(ctimer.o)
 .rodata        0x00000000000281d2        0xc obj_cooja/mtype876.a(etimer.o)
 *fill*         0x00000000000281de        0x2 
 .rodata        0x00000000000281e0      0x1c9 obj_cooja/mtype876.a(log_message.o)
 *fill*         0x00000000000283a9        0x3 
 .rodata        0x00000000000283ac       0x20 obj_cooja/mtype876.a(residual.o)
                0x00000000000283ac                DISSIPATION_RATE
 .rodata        0x00000000000283cc        0xe obj_cooja/mtype876.a(serial-line.o)
 *fill*         0x00000000000283da        0x2 
 .rodata        0x00000000000283dc       0x2c obj_cooja/mtype876.a(sicslowpan.o)
                0x00000000000283dc                unc_llconf
                0x00000000000283e0                unc_ctxconf
                0x00000000000283e4                unc_mxconf
                0x00000000000283e8                llprefix
                0x00000000000283fc                sicslowpan_driver
 .rodata        0x0000000000028408      0x13c obj_cooja/mtype876.a(uip6.o)
 .rodata        0x0000000000028544        0xd obj_cooja/mtype876.a(tcpip.o)
 .rodata        0x0000000000028551       0x3e obj_cooja/mtype876.a(uip-debug.o)
 *fill*         0x000000000002858f        0x1 
 .rodata        0x0000000000028590        0x4 obj_cooja/mtype876.a(rpl-dag.o)
 .rodata        0x0000000000028594       0x1c obj_cooja/mtype876.a(rpl-icmp6.o)
 .rodata        0x00000000000285b0       0x8a obj_cooja/mtype876.a(rpl-timers.o)
 *fill*         0x000000000002863a        0x2 
 .rodata        0x000000000002863c       0x24 obj_cooja/mtype876.a(csma.o)
                0x0000000000028644                csma_driver
 .rodata        0x0000000000028660        0xc obj_cooja/mtype876.a(framer-802154.o)
                0x0000000000028660                framer_802154
 *fill*         0x000000000002866c       0x14 
 .rodata        0x0000000000028680       0x40 obj_cooja/mtype876.a(cxmac.o)
                0x00000000000286a0                cxmac_driver
 .rodata        0x00000000000286c0        0x8 obj_cooja/mtype876.a(linkaddr.o)
                0x00000000000286c0                linkaddr_null
 .rodata        0x00000000000286c8       0x18 obj_cooja/mtype876.a(nullsec.o)
                0x00000000000286d0                nullsec_driver

.rodata1
 *(.rodata1)

.eh_frame_hdr   0x00000000000286e0     0x1454
 *(.eh_frame_hdr)
 .eh_frame_hdr  0x00000000000286e0     0x1454 udp-client.co

.eh_frame       0x0000000000029b34     0x52bc
 *(.eh_frame)
 .eh_frame      0x0000000000029b34       0x3c /usr/lib/gcc/i686-linux-gnu/4.8/../../../i386-linux-gnu/crti.o
                                         0x40 (size before relaxing)
 .eh_frame      0x0000000000029b70       0xb4 udp-client.co
                                         0xcc (size before relaxing)
 .eh_frame      0x0000000000029c24      0x148 obj_cooja/mtype876.o
                                        0x160 (size before relaxing)
 .eh_frame      0x0000000000029d6c       0x40 obj_cooja/mtype876.a(simEnvChange.o)
                                         0x58 (size before relaxing)
 .eh_frame      0x0000000000029dac       0xc0 obj_cooja/mtype876.a(cooja_mt.o)
                                         0xd8 (size before relaxing)
 .eh_frame      0x0000000000029e6c      0x120 obj_cooja/mtype876.a(cooja_mtarch.o)
                                        0x138 (size before relaxing)
 .eh_frame      0x0000000000029f8c       0xc0 obj_cooja/mtype876.a(rtimer-arch.o)
                                         0xd8 (size before relaxing)
 .eh_frame      0x000000000002a04c      0x160 obj_cooja/mtype876.a(beep.o)
                                        0x178 (size before relaxing)
 .eh_frame      0x000000000002a1ac       0xa0 obj_cooja/mtype876.a(button-sensor.o)
                                         0xb8 (size before relaxing)
 .eh_frame      0x000000000002a24c       0xa0 obj_cooja/mtype876.a(leds-arch.o)
                                         0xb8 (size before relaxing)
 .eh_frame      0x000000000002a2ec       0x40 obj_cooja/mtype876.a(moteid.o)
                                         0x58 (size before relaxing)
 .eh_frame      0x000000000002a32c       0xa0 obj_cooja/mtype876.a(pir-sensor.o)
                                         0xb8 (size before relaxing)
 .eh_frame      0x000000000002a3cc      0x100 obj_cooja/mtype876.a(rs232.o)
                                        0x118 (size before relaxing)
 .eh_frame      0x000000000002a4cc       0xa0 obj_cooja/mtype876.a(vib-sensor.o)
                                         0xb8 (size before relaxing)
 .eh_frame      0x000000000002a56c       0xc0 obj_cooja/mtype876.a(clock.o)
                                         0xd8 (size before relaxing)
 .eh_frame      0x000000000002a62c      0x120 obj_cooja/mtype876.a(log.o)
                                        0x138 (size before relaxing)
 .eh_frame      0x000000000002a74c      0x160 obj_cooja/mtype876.a(cfs-cooja.o)
                                        0x178 (size before relaxing)
 .eh_frame      0x000000000002a8ac      0x2e0 obj_cooja/mtype876.a(cooja-radio.o)
                                        0x2f8 (size before relaxing)
 .eh_frame      0x000000000002ab8c       0xa0 obj_cooja/mtype876.a(eeprom.o)
                                         0xb8 (size before relaxing)
 .eh_frame      0x000000000002ac2c       0x40 obj_cooja/mtype876.a(random.o)
                                         0x58 (size before relaxing)
 .eh_frame      0x000000000002ac6c       0xc0 obj_cooja/mtype876.a(sensors.o)
                                         0xd8 (size before relaxing)
 .eh_frame      0x000000000002ad2c      0x100 obj_cooja/mtype876.a(leds.o)
                                        0x118 (size before relaxing)
 .eh_frame      0x000000000002ae2c      0x1a0 obj_cooja/mtype876.a(dual_conf.o)
                                        0x1b8 (size before relaxing)
 .eh_frame      0x000000000002afcc       0x40 obj_cooja/mtype876.a(autostart.o)
                                         0x58 (size before relaxing)
 .eh_frame      0x000000000002b00c      0x100 obj_cooja/mtype876.a(ctimer.o)
                                        0x118 (size before relaxing)
 .eh_frame      0x000000000002b10c      0x1e0 obj_cooja/mtype876.a(etimer.o)
                                        0x1f8 (size before relaxing)
 .eh_frame      0x000000000002b2ec       0x50 obj_cooja/mtype876.a(log_message.o)
                                         0x68 (size before relaxing)
 .eh_frame      0x000000000002b33c      0x1c8 obj_cooja/mtype876.a(process.o)
                                        0x1e0 (size before relaxing)
 .eh_frame      0x000000000002b504       0x2c obj_cooja/mtype876.a(residual.o)
                                         0x44 (size before relaxing)
 .eh_frame      0x000000000002b530       0x60 obj_cooja/mtype876.a(rtimer.o)
                                         0x78 (size before relaxing)
 .eh_frame      0x000000000002b590       0xc4 obj_cooja/mtype876.a(stimer.o)
                                         0xdc (size before relaxing)
 .eh_frame      0x000000000002b654       0xa4 obj_cooja/mtype876.a(timer.o)
                                         0xbc (size before relaxing)
 .eh_frame      0x000000000002b6f8       0x60 obj_cooja/mtype876.a(serial-line.o)
                                         0x78 (size before relaxing)
 .eh_frame      0x000000000002b758      0x180 obj_cooja/mtype876.a(list.o)
                                        0x198 (size before relaxing)
 .eh_frame      0x000000000002b8d8       0xa0 obj_cooja/mtype876.a(ringbuf.o)
                                         0xb8 (size before relaxing)
 .eh_frame      0x000000000002b978      0x350 obj_cooja/mtype876.a(sicslowpan.o)
                                        0x368 (size before relaxing)
 .eh_frame      0x000000000002bcc8      0x180 obj_cooja/mtype876.a(uip-ds6-nbr.o)
                                        0x198 (size before relaxing)
 .eh_frame      0x000000000002be48      0x2a0 obj_cooja/mtype876.a(uip-ds6-route.o)
                                        0x2b8 (size before relaxing)
 .eh_frame      0x000000000002c0e8      0x3c8 obj_cooja/mtype876.a(uip-ds6.o)
                                        0x3e0 (size before relaxing)
 .eh_frame      0x000000000002c4b0      0x27c obj_cooja/mtype876.a(uip6.o)
                                        0x294 (size before relaxing)
 .eh_frame      0x000000000002c72c      0x270 obj_cooja/mtype876.a(tcpip.o)
                                        0x288 (size before relaxing)
 .eh_frame      0x000000000002c99c       0x48 obj_cooja/mtype876.a(uip-debug.o)
                                         0x60 (size before relaxing)
 .eh_frame      0x000000000002c9e4       0xe0 obj_cooja/mtype876.a(uip-packetqueue)
                                         0xf8 (size before relaxing)
 .eh_frame      0x000000000002cac4       0x40 obj_cooja/mtype876.a(uip-udp-packet.)
                                         0x58 (size before relaxing)
 .eh_frame      0x000000000002cb04      0x76c obj_cooja/mtype876.a(rpl-dag.o)
                                        0x784 (size before relaxing)
 .eh_frame      0x000000000002d270      0x10c obj_cooja/mtype876.a(rpl-ext-header.)
                                        0x124 (size before relaxing)
 .eh_frame      0x000000000002d37c      0x2f8 obj_cooja/mtype876.a(rpl-icmp6.o)
                                        0x310 (size before relaxing)
 .eh_frame      0x000000000002d674       0xe0 obj_cooja/mtype876.a(rpl-ltmax.o)
                                         0xf8 (size before relaxing)
 .eh_frame      0x000000000002d754      0x20c obj_cooja/mtype876.a(rpl-timers.o)
                                        0x224 (size before relaxing)
 .eh_frame      0x000000000002d960      0x148 obj_cooja/mtype876.a(rpl.o)
                                        0x160 (size before relaxing)
 .eh_frame      0x000000000002daa8      0x28c obj_cooja/mtype876.a(csma.o)
                                        0x2a4 (size before relaxing)
 .eh_frame      0x000000000002dd34      0x108 obj_cooja/mtype876.a(framer-802154.o)
                                        0x120 (size before relaxing)
 .eh_frame      0x000000000002de3c       0x20 obj_cooja/mtype876.a(mac.o)
                                         0x38 (size before relaxing)
 .eh_frame      0x000000000002de5c      0x2bc obj_cooja/mtype876.a(cxmac.o)
                                        0x2d4 (size before relaxing)
 .eh_frame      0x000000000002e118       0x80 obj_cooja/mtype876.a(linkaddr.o)
                                         0x98 (size before relaxing)
 .eh_frame      0x000000000002e198      0x2cc obj_cooja/mtype876.a(nbr-table.o)
                                        0x2e4 (size before relaxing)
 .eh_frame      0x000000000002e464       0x20 obj_cooja/mtype876.a(netstack.o)
                                         0x38 (size before relaxing)
 .eh_frame      0x000000000002e484      0x214 obj_cooja/mtype876.a(packetbuf.o)
                                        0x22c (size before relaxing)
 .eh_frame      0x000000000002e698      0x1a0 obj_cooja/mtype876.a(queuebuf.o)
                                        0x1b8 (size before relaxing)
 .eh_frame      0x000000000002e838       0x80 obj_cooja/mtype876.a(nullsec.o)
                                         0x98 (size before relaxing)
 .eh_frame      0x000000000002e8b8       0xa0 obj_cooja/mtype876.a(watchdog.o)
                                         0xb8 (size before relaxing)
 .eh_frame      0x000000000002e958       0xa0 obj_cooja/mtype876.a(memb.o)
                                         0xb8 (size before relaxing)
 .eh_frame      0x000000000002e9f8      0x168 obj_cooja/mtype876.a(uip-icmp6.o)
                                        0x180 (size before relaxing)
 .eh_frame      0x000000000002eb60       0x68 obj_cooja/mtype876.a(uip-nd6.o)
                                         0x80 (size before relaxing)
 .eh_frame      0x000000000002ebc8       0xc0 obj_cooja/mtype876.a(rpl-nbr-policy.)
                                         0xd8 (size before relaxing)
 .eh_frame      0x000000000002ec88      0x164 obj_cooja/mtype876.a(frame802154.o)
                                        0x17c (size before relaxing)
 .eh_frame      0x000000000002edec        0x4 /usr/lib/gcc/i686-linux-gnu/4.8/crtendS.o

.gcc_except_table
 *(.gcc_except_table .gcc_except_table.*)

.exception_ranges
 *(.exception_ranges .exception_ranges*)
                0x000000000002edf0                . = (ALIGN (0x1000) - ((0x1000 - .) & 0xfff))
                0x000000000002fef8                . = DATA_SEGMENT_ALIGN (0x1000, 0x1000)

.eh_frame
 *(.eh_frame)

.gcc_except_table
 *(.gcc_except_table .gcc_except_table.*)

.exception_ranges
 *(.exception_ranges .exception_ranges*)

.tdata
 *(.tdata .tdata.* .gnu.linkonce.td.*)

.tbss
 *(.tbss .tbss.* .gnu.linkonce.tb.*)
 *(.tcommon)

.preinit_array
 *(.preinit_array)

.init_array     0x000000000002fef8        0x4
 *(SORT(.init_array.*) SORT(.ctors.*))
 *(.init_array EXCLUDE_FILE(*crtend?.o *crtend.o *crtbegin?.o *crtbegin.o) .ctors)
 .init_array    0x000000000002fef8        0x4 /usr/lib/gcc/i686-linux-gnu/4.8/crtbeginS.o

.fini_array     0x000000000002fefc        0x4
 *(SORT(.fini_array.*) SORT(.dtors.*))
 *(.fini_array EXCLUDE_FILE(*crtend?.o *crtend.o *crtbegin?.o *crtbegin.o) .dtors)
 .fini_array    0x000000000002fefc        0x4 /usr/lib/gcc/i686-linux-gnu/4.8/crtbeginS.o

.ctors
 *crtbegin.o(.ctors)
 *crtbegin?.o(.ctors)
 *(EXCLUDE_FILE(*crtend?.o *crtend.o) .ctors)
 *(SORT(.ctors.*))
 *(.ctors)

.dtors
 *crtbegin.o(.dtors)
 *crtbegin?.o(.dtors)
 *(EXCLUDE_FILE(*crtend?.o *crtend.o) .dtors)
 *(SORT(.dtors.*))
 *(.dtors)

.jcr            0x000000000002ff00        0x4
 *(.jcr)
 .jcr           0x000000000002ff00        0x0 /usr/lib/gcc/i686-linux-gnu/4.8/crtbeginS.o
 .jcr           0x000000000002ff00        0x4 /usr/lib/gcc/i686-linux-gnu/4.8/crtendS.o

.data.rel.ro
 *(.data.rel.ro.local* .gnu.linkonce.d.rel.ro.local.*)
 *(.data.rel.ro .data.rel.ro.* .gnu.linkonce.d.rel.ro.*)

.dynamic        0x000000000002ff04       0xe8
 *(.dynamic)
 .dynamic       0x000000000002ff04       0xe8 /usr/lib/gcc/i686-linux-gnu/4.8/../../../i386-linux-gnu/crti.o
                0x000000000002ff04                _DYNAMIC

.got            0x000000000002ffec       0x14
 *(.got)
 .got           0x000000000002ffec       0x14 /usr/lib/gcc/i686-linux-gnu/4.8/../../../i386-linux-gnu/crti.o
 *(.igot)
                0x0000000000030ff4                . = DATA_SEGMENT_RELRO_END (., (SIZEOF (.got.plt) >= 0xc)?0xc:0x0)

.got.plt        0x0000000000030000       0x14
 *(.got.plt)
 .got.plt       0x0000000000030000       0x14 /usr/lib/gcc/i686-linux-gnu/4.8/../../../i386-linux-gnu/crti.o
                0x0000000000030000                _GLOBAL_OFFSET_TABLE_
 *(.igot.plt)

.data           0x0000000000030020      0x2c2
 *(.data .data.* .gnu.linkonce.d.*)
 .data          0x0000000000030020        0x0 /usr/lib/gcc/i686-linux-gnu/4.8/../../../i386-linux-gnu/crti.o
 .data          0x0000000000030020        0x0 /usr/lib/gcc/i686-linux-gnu/4.8/crtbeginS.o
 .data.rel      0x0000000000030020        0x4 /usr/lib/gcc/i686-linux-gnu/4.8/crtbeginS.o
                0x0000000000030020                __dso_handle
 .data          0x0000000000030024       0x10 udp-client.co
                0x0000000000030024                udp_client_process
 *fill*         0x0000000000030034        0xc 
 .data          0x0000000000030040       0x44 obj_cooja/mtype876.o
                0x0000000000030040                simInterfaces
                0x0000000000030074                sensors
 .data          0x0000000000030084        0x0 obj_cooja/mtype876.a(simEnvChange.o)
 .data          0x0000000000030084        0x0 obj_cooja/mtype876.a(cooja_mt.o)
 .data          0x0000000000030084        0x0 obj_cooja/mtype876.a(cooja_mtarch.o)
 .data          0x0000000000030084        0x0 obj_cooja/mtype876.a(rtimer-arch.o)
 .data          0x0000000000030084        0x0 obj_cooja/mtype876.a(beep.o)
 .data          0x0000000000030084        0x0 obj_cooja/mtype876.a(button-sensor.o)
 .data          0x0000000000030084        0x0 obj_cooja/mtype876.a(leds-arch.o)
 .data          0x0000000000030084        0x0 obj_cooja/mtype876.a(moteid.o)
 .data          0x0000000000030084        0x0 obj_cooja/mtype876.a(pir-sensor.o)
 .data          0x0000000000030084        0x0 obj_cooja/mtype876.a(rs232.o)
 .data          0x0000000000030084        0x0 obj_cooja/mtype876.a(vib-sensor.o)
 .data          0x0000000000030084        0x0 obj_cooja/mtype876.a(clock.o)
 .data          0x0000000000030084        0x0 obj_cooja/mtype876.a(log.o)
 .data          0x0000000000030084        0x0 obj_cooja/mtype876.a(cfs-cooja.o)
 .data          0x0000000000030084       0x40 obj_cooja/mtype876.a(cooja-radio.o)
                0x0000000000030084                simRadioChannelLR
                0x0000000000030088                simRadioHWOnLR
                0x000000000003008c                simSignalStrengthLR
                0x0000000000030090                simLastSignalStrengthLR
                0x0000000000030094                simPowerLR
                0x0000000000030098                simLQILR
                0x000000000003009c                simRadioChannel
                0x00000000000300a0                simRadioHWOn
                0x00000000000300a4                simSignalStrength
                0x00000000000300a8                simLastSignalStrength
                0x00000000000300ac                simPower
                0x00000000000300b0                simLQI
                0x00000000000300b4                cooja_radio_process
 .data          0x00000000000300c4        0x0 obj_cooja/mtype876.a(eeprom.o)
 .data          0x00000000000300c4        0x0 obj_cooja/mtype876.a(random.o)
 .data          0x00000000000300c4       0x10 obj_cooja/mtype876.a(sensors.o)
                0x00000000000300c4                sensors_process
 .data          0x00000000000300d4        0x0 obj_cooja/mtype876.a(leds.o)
 .data          0x00000000000300d4       0x3a obj_cooja/mtype876.a(dual_conf.o)
                0x00000000000300d4                radio_received
                0x00000000000300d8                dual_dio_broadcast
                0x00000000000300e8                dual_dis_broadcast
                0x00000000000300f8                dual_LSA_converge_broadcast
 .data          0x000000000003010e        0x0 obj_cooja/mtype876.a(autostart.o)
 *fill*         0x000000000003010e        0x2 
 .data          0x0000000000030110       0x14 obj_cooja/mtype876.a(ctimer.o)
                0x0000000000030114                ctimer_process
 .data          0x0000000000030124       0x10 obj_cooja/mtype876.a(etimer.o)
                0x0000000000030124                etimer_process
 .data          0x0000000000030134        0x0 obj_cooja/mtype876.a(log_message.o)
 .data          0x0000000000030134        0x0 obj_cooja/mtype876.a(process.o)
 .data          0x0000000000030134        0x0 obj_cooja/mtype876.a(residual.o)
 .data          0x0000000000030134        0x0 obj_cooja/mtype876.a(rtimer.o)
 .data          0x0000000000030134        0x0 obj_cooja/mtype876.a(stimer.o)
 .data          0x0000000000030134        0x0 obj_cooja/mtype876.a(timer.o)
 .data          0x0000000000030134       0x10 obj_cooja/mtype876.a(serial-line.o)
                0x0000000000030134                serial_line_process
 .data          0x0000000000030144        0x0 obj_cooja/mtype876.a(list.o)
 .data          0x0000000000030144        0x0 obj_cooja/mtype876.a(ringbuf.o)
 .data          0x0000000000030144        0x0 obj_cooja/mtype876.a(sicslowpan.o)
 .data          0x0000000000030144       0x14 obj_cooja/mtype876.a(uip-ds6-nbr.o)
                0x0000000000030154                ds6_neighbors
 .data          0x0000000000030158       0x44 obj_cooja/mtype876.a(uip-ds6-route.o)
                0x0000000000030168                nbr_routes
 .data          0x000000000003019c        0x0 obj_cooja/mtype876.a(uip-ds6.o)
 .data          0x000000000003019c        0x0 obj_cooja/mtype876.a(uip6.o)
 .data          0x000000000003019c       0x10 obj_cooja/mtype876.a(tcpip.o)
                0x000000000003019c                tcpip_process
 .data          0x00000000000301ac        0x0 obj_cooja/mtype876.a(uip-debug.o)
 .data          0x00000000000301ac        0xc obj_cooja/mtype876.a(uip-packetqueue)
 .data          0x00000000000301b8        0x0 obj_cooja/mtype876.a(uip-udp-packet.)
 .data          0x00000000000301b8       0x28 obj_cooja/mtype876.a(rpl-dag.o)
                0x00000000000301c8                rpl_parents
                0x00000000000301dc                rpl_children
 .data          0x00000000000301e0        0x0 obj_cooja/mtype876.a(rpl-ext-header.)
 .data          0x00000000000301e0       0x40 obj_cooja/mtype876.a(rpl-icmp6.o)
 .data          0x0000000000030220       0x1c obj_cooja/mtype876.a(rpl-ltmax.o)
                0x0000000000030220                rpl_ltmax_of
 .data          0x000000000003023c        0x0 obj_cooja/mtype876.a(rpl-timers.o)
 .data          0x000000000003023c        0x0 obj_cooja/mtype876.a(rpl.o)
 .data          0x000000000003023c       0x28 obj_cooja/mtype876.a(csma.o)
 .data          0x0000000000030264        0x0 obj_cooja/mtype876.a(framer-802154.o)
 .data          0x0000000000030264        0x0 obj_cooja/mtype876.a(mac.o)
 .data          0x0000000000030264       0x30 obj_cooja/mtype876.a(cxmac.o)
                0x0000000000030264                cxmac_config
                0x0000000000030274                strobe_wait
 .data          0x0000000000030294        0x0 obj_cooja/mtype876.a(linkaddr.o)
 .data          0x0000000000030294       0x10 obj_cooja/mtype876.a(nbr-table.o)
 .data          0x00000000000302a4        0x0 obj_cooja/mtype876.a(netstack.o)
 .data          0x00000000000302a4        0x4 obj_cooja/mtype876.a(packetbuf.o)
 .data          0x00000000000302a8       0x18 obj_cooja/mtype876.a(queuebuf.o)
 .data          0x00000000000302c0        0x0 obj_cooja/mtype876.a(nullsec.o)
 .data          0x00000000000302c0        0x0 obj_cooja/mtype876.a(watchdog.o)
 .data          0x00000000000302c0        0x0 obj_cooja/mtype876.a(rimestats.o)
 .data          0x00000000000302c0        0x0 obj_cooja/mtype876.a(memb.o)
 .data          0x00000000000302c0       0x20 obj_cooja/mtype876.a(uip-icmp6.o)
 .data          0x00000000000302e0        0x0 obj_cooja/mtype876.a(uip-nd6.o)
 .data          0x00000000000302e0        0x0 obj_cooja/mtype876.a(rpl-nbr-policy.)
 .data          0x00000000000302e0        0x2 obj_cooja/mtype876.a(frame802154.o)
 .data          0x00000000000302e2        0x0 /usr/lib/gcc/i686-linux-gnu/4.8/crtendS.o
 .data          0x00000000000302e2        0x0 /usr/lib/gcc/i686-linux-gnu/4.8/../../../i386-linux-gnu/crtn.o

.tm_clone_table
                0x00000000000302e4        0x0
 .tm_clone_table
                0x00000000000302e4        0x0 /usr/lib/gcc/i686-linux-gnu/4.8/crtbeginS.o
 .tm_clone_table
                0x00000000000302e4        0x0 /usr/lib/gcc/i686-linux-gnu/4.8/crtendS.o

.data1
 *(.data1)
                0x00000000000302e4                _edata = .
                0x00000000000302e4                PROVIDE (edata, .)
                0x00000000000302e4                . = .
                0x00000000000302e4                __bss_start = .

.bss            0x0000000000030300     0x8648
 *(.dynbss)
 .dynbss        0x0000000000000000        0x0 /usr/lib/gcc/i686-linux-gnu/4.8/../../../i386-linux-gnu/crti.o
 *(.bss .bss.* .gnu.linkonce.b.*)
 .bss           0x0000000000030300        0x0 /usr/lib/gcc/i686-linux-gnu/4.8/../../../i386-linux-gnu/crti.o
 .bss           0x0000000000030300        0x1 /usr/lib/gcc/i686-linux-gnu/4.8/crtbeginS.o
 *fill*         0x0000000000030301       0x1f 
 .bss           0x0000000000030320       0x60 udp-client.co
                0x0000000000030320                my_weight
 .bss           0x0000000000030380     0x2030 obj_cooja/mtype876.o
 .bss           0x00000000000323b0        0x1 obj_cooja/mtype876.a(simEnvChange.o)
                0x00000000000323b0                simDontFallAsleep
 *fill*         0x00000000000323b1        0x3 
 .bss           0x00000000000323b4        0x4 obj_cooja/mtype876.a(cooja_mt.o)
 .bss           0x00000000000323b8        0x4 obj_cooja/mtype876.a(cooja_mtarch.o)
 .bss           0x00000000000323bc        0xc obj_cooja/mtype876.a(rtimer-arch.o)
 .bss           0x00000000000323c8        0x0 obj_cooja/mtype876.a(beep.o)
 .bss           0x00000000000323c8        0x8 obj_cooja/mtype876.a(button-sensor.o)
 .bss           0x00000000000323d0        0x0 obj_cooja/mtype876.a(leds-arch.o)
 .bss           0x00000000000323d0        0x0 obj_cooja/mtype876.a(moteid.o)
 .bss           0x00000000000323d0        0x1 obj_cooja/mtype876.a(pir-sensor.o)
                0x00000000000323d0                simPirValue
 *fill*         0x00000000000323d1        0x3 
 .bss           0x00000000000323d4        0x4 obj_cooja/mtype876.a(rs232.o)
 .bss           0x00000000000323d8        0x1 obj_cooja/mtype876.a(vib-sensor.o)
                0x00000000000323d8                simVibValue
 .bss           0x00000000000323d9        0x0 obj_cooja/mtype876.a(clock.o)
 *fill*         0x00000000000323d9        0x7 
 .bss           0x00000000000323e0      0x420 obj_cooja/mtype876.a(log.o)
 .bss           0x0000000000032800      0xfc0 obj_cooja/mtype876.a(cfs-cooja.o)
                0x0000000000032800                simCFSData
                0x00000000000337a0                simCFSSize
                0x00000000000337a4                simCFSChanged
                0x00000000000337a8                simCFSRead
                0x00000000000337ac                simCFSWritten
 .bss           0x00000000000337c0       0x24 obj_cooja/mtype876.a(cooja-radio.o)
                0x00000000000337c0                simReceivingLR
                0x00000000000337c4                simInSizeLR
                0x00000000000337c8                simOutSizeLR
                0x00000000000337cc                simReceiving
                0x00000000000337d0                simInSize
                0x00000000000337d4                simOutSize
                0x00000000000337d8                LongRangeTransmit
                0x00000000000337dc                LongRangeReceiving
 .bss           0x00000000000337e4        0xc obj_cooja/mtype876.a(eeprom.o)
                0x00000000000337e4                simEEPROMChanged
                0x00000000000337e8                simEEPROMRead
                0x00000000000337ec                simEEPROMWritten
 .bss           0x00000000000337f0        0x0 obj_cooja/mtype876.a(random.o)
 .bss           0x00000000000337f0        0xc obj_cooja/mtype876.a(sensors.o)
 .bss           0x00000000000337fc        0x1 obj_cooja/mtype876.a(leds.o)
 *fill*         0x00000000000337fd        0x3 
 .bss           0x0000000000033800       0x40 obj_cooja/mtype876.a(dual_conf.o)
                0x0000000000033800                long_range_radio
 .bss           0x0000000000033840        0x0 obj_cooja/mtype876.a(autostart.o)
 .bss           0x0000000000033840        0x5 obj_cooja/mtype876.a(ctimer.o)
 *fill*         0x0000000000033845        0x3 
 .bss           0x0000000000033848        0x8 obj_cooja/mtype876.a(etimer.o)
 .bss           0x0000000000033850        0x0 obj_cooja/mtype876.a(log_message.o)
 *fill*         0x0000000000033850       0x10 
 .bss           0x0000000000033860      0x1b1 obj_cooja/mtype876.a(process.o)
                0x0000000000033860                process_list
                0x0000000000033864                process_current
 .bss           0x0000000000033a11        0x0 obj_cooja/mtype876.a(residual.o)
 *fill*         0x0000000000033a11        0x3 
 .bss           0x0000000000033a14        0x4 obj_cooja/mtype876.a(rtimer.o)
 .bss           0x0000000000033a18        0x0 obj_cooja/mtype876.a(stimer.o)
 .bss           0x0000000000033a18        0x0 obj_cooja/mtype876.a(timer.o)
 *fill*         0x0000000000033a18        0x8 
 .bss           0x0000000000033a20      0x140 obj_cooja/mtype876.a(serial-line.o)
 .bss           0x0000000000033b60        0x0 obj_cooja/mtype876.a(list.o)
 .bss           0x0000000000033b60        0x0 obj_cooja/mtype876.a(ringbuf.o)
 .bss           0x0000000000033b60      0x70c obj_cooja/mtype876.a(sicslowpan.o)
 *fill*         0x000000000003426c       0x14 
 .bss           0x0000000000034280       0xc0 obj_cooja/mtype876.a(uip-ds6-nbr.o)
 .bss           0x0000000000034340      0x4a8 obj_cooja/mtype876.a(uip-ds6-route.o)
 .bss           0x00000000000347e8       0x30 obj_cooja/mtype876.a(uip-ds6.o)
 .bss           0x0000000000034818        0xe obj_cooja/mtype876.a(uip6.o)
                0x0000000000034818                uip_ext_bitmap
                0x0000000000034819                uip_ext_len
                0x000000000003481a                uip_ext_opt_offset
 *fill*         0x0000000000034826       0x1a 
 .bss           0x0000000000034840       0x68 obj_cooja/mtype876.a(tcpip.o)
 .bss           0x00000000000348a8        0x0 obj_cooja/mtype876.a(uip-debug.o)
 *fill*         0x00000000000348a8       0x18 
 .bss           0x00000000000348c0      0xcf8 obj_cooja/mtype876.a(uip-packetqueue)
 .bss           0x00000000000355b8        0x0 obj_cooja/mtype876.a(uip-udp-packet.)
 *fill*         0x00000000000355b8        0x8 
 .bss           0x00000000000355c0       0x88 obj_cooja/mtype876.a(rpl-dag.o)
 .bss           0x0000000000035648        0x0 obj_cooja/mtype876.a(rpl-ext-header.)
 .bss           0x0000000000035648        0x0 obj_cooja/mtype876.a(rpl-icmp6.o)
 .bss           0x0000000000035648        0x0 obj_cooja/mtype876.a(rpl-ltmax.o)
 *fill*         0x0000000000035648       0x18 
 .bss           0x0000000000035660       0x60 obj_cooja/mtype876.a(rpl-timers.o)
 .bss           0x00000000000356c0        0x4 obj_cooja/mtype876.a(rpl.o)
 *fill*         0x00000000000356c4       0x1c 
 .bss           0x00000000000356e0      0x288 obj_cooja/mtype876.a(csma.o)
 .bss           0x0000000000035968        0x2 obj_cooja/mtype876.a(framer-802154.o)
 .bss           0x000000000003596a        0x0 obj_cooja/mtype876.a(mac.o)
 *fill*         0x000000000003596a       0x16 
 .bss           0x0000000000035980       0xb1 obj_cooja/mtype876.a(cxmac.o)
 .bss           0x0000000000035a31        0x0 obj_cooja/mtype876.a(linkaddr.o)
 *fill*         0x0000000000035a31        0xf 
 .bss           0x0000000000035a40       0xc4 obj_cooja/mtype876.a(nbr-table.o)
 .bss           0x0000000000035b04        0x0 obj_cooja/mtype876.a(netstack.o)
 *fill*         0x0000000000035b04       0x1c 
 .bss           0x0000000000035b20       0xa0 obj_cooja/mtype876.a(packetbuf.o)
 .bss           0x0000000000035bc0      0xb80 obj_cooja/mtype876.a(queuebuf.o)
 .bss           0x0000000000036740        0x0 obj_cooja/mtype876.a(nullsec.o)
 .bss           0x0000000000036740        0x0 obj_cooja/mtype876.a(watchdog.o)
 .bss           0x0000000000036740        0x0 obj_cooja/mtype876.a(rimestats.o)
 .bss           0x0000000000036740        0x0 obj_cooja/mtype876.a(memb.o)
 .bss           0x0000000000036740       0x18 obj_cooja/mtype876.a(uip-icmp6.o)
 .bss           0x0000000000036758        0x0 obj_cooja/mtype876.a(uip-nd6.o)
 *fill*         0x0000000000036758        0x8 
 .bss           0x0000000000036760       0x44 obj_cooja/mtype876.a(rpl-nbr-policy.)
 .bss           0x00000000000367a4        0x0 obj_cooja/mtype876.a(frame802154.o)
 .bss           0x00000000000367a4        0x0 /usr/lib/gcc/i686-linux-gnu/4.8/crtendS.o
 .bss           0x00000000000367a4        0x0 /usr/lib/gcc/i686-linux-gnu/4.8/../../../i386-linux-gnu/crtn.o
 *(COMMON)
 COMMON         0x00000000000367a4       0x75 udp-client.co
                0x00000000000367a4                dio_count
                0x00000000000367a8                dis_count
                0x00000000000367ac                tcp_output_count
                0x00000000000367b0                csma_transmission_count
                0x00000000000367b4                dao_ack_fwd_count
                0x00000000000367b8                COOJA_radioRxLong
                0x00000000000367bc                cxmac_collision_count
                0x00000000000367c0                LSA_message_input
                0x00000000000367c4                control_message_count
                0x00000000000367c8                dao_count
                0x00000000000367cc                icmp_count
                0x00000000000367d0                COOJA_radioTx
                0x00000000000367d4                LSA_SR_preamble
                0x00000000000367d8                cxmac_transmission_count
                0x00000000000367dc                dao_ack_count
                0x00000000000367e0                LSA_lr_child
                0x00000000000367e4                data_message_count
                0x00000000000367e8                LSA_converge
                0x00000000000367e9                my_sink_reachability
                0x00000000000367ec                COOJA_radioTxLong
                0x00000000000367f0                COOJA_radioRx
                0x00000000000367f4                my_parent_number
                0x00000000000367f8                COOJA_radioOn
                0x00000000000367fc                LSA_broadcast_count
                0x0000000000036800                LSA_count
                0x0000000000036804                dao_fwd_count
                0x0000000000036808                COOJA_duration
                0x000000000003680c                dio_ack_count
                0x0000000000036810                COOJA_radioOnLong
                0x0000000000036814                data_fwd_count
                0x0000000000036818                LSA_message_flag
 *fill*         0x0000000000036819        0x3 
 COMMON         0x000000000003681c        0xc obj_cooja/mtype876.o
                0x000000000003681c                referenceVar
                0x0000000000036820                debugfp
                0x0000000000036824                sensors_flags
 COMMON         0x0000000000036828        0xc obj_cooja/mtype876.a(simEnvChange.o)
                0x0000000000036828                simEtimerPending
                0x000000000003682c                simProcessRunValue
                0x0000000000036830                simNextExpirationTime
 COMMON         0x0000000000036834        0x1 obj_cooja/mtype876.a(beep.o)
                0x0000000000036834                simBeeped
 COMMON         0x0000000000036835        0x3 obj_cooja/mtype876.a(button-sensor.o)
                0x0000000000036835                simButtonIsActive
                0x0000000000036836                simButtonIsDown
                0x0000000000036837                simButtonChanged
 COMMON         0x0000000000036838        0x1 obj_cooja/mtype876.a(leds-arch.o)
                0x0000000000036838                simLedsValue
 *fill*         0x0000000000036839        0x3 
 COMMON         0x000000000003683c        0xc obj_cooja/mtype876.a(moteid.o)
                0x000000000003683c                simRandomSeed
                0x0000000000036840                simMoteIDChanged
                0x0000000000036844                simMoteID
 COMMON         0x0000000000036848        0x2 obj_cooja/mtype876.a(pir-sensor.o)
                0x0000000000036848                simPirIsActive
                0x0000000000036849                simPirChanged
 *fill*         0x000000000003684a       0x16 
 COMMON         0x0000000000036860      0x820 obj_cooja/mtype876.a(rs232.o)
                0x0000000000036860                simSerialReceivingFlag
                0x0000000000036864                simSerialReceivingLength
                0x0000000000036880                simSerialReceivingData
 COMMON         0x0000000000037080        0x2 obj_cooja/mtype876.a(vib-sensor.o)
                0x0000000000037080                simVibChanged
                0x0000000000037081                simVibIsActive
 *fill*         0x0000000000037082        0x2 
 COMMON         0x0000000000037084        0x4 obj_cooja/mtype876.a(clock.o)
                0x0000000000037084                simCurrentTime
 *fill*         0x0000000000037088       0x18 
 COMMON         0x00000000000370a0      0x420 obj_cooja/mtype876.a(log.o)
                0x00000000000370a0                simLoggedLength
                0x00000000000370a4                simLoggedFlag
                0x00000000000370c0                simLoggedData
 COMMON         0x00000000000374c0      0x260 obj_cooja/mtype876.a(cooja-radio.o)
                0x00000000000374c0                simOutDataBuffer
                0x0000000000037540                simRadioTarget
                0x0000000000037560                simInDataBufferLR
                0x00000000000375e0                packet_forwarding
                0x0000000000037600                simOutDataBufferLR
                0x0000000000037680                dual_duty_cycle_count
                0x00000000000376a0                simInDataBuffer
 COMMON         0x0000000000037720      0x400 obj_cooja/mtype876.a(eeprom.o)
                0x0000000000037720                simEEPROMData
 COMMON         0x0000000000037b20        0x1 obj_cooja/mtype876.a(sensors.o)
                0x0000000000037b20                sensors_event
 *fill*         0x0000000000037b21        0x3 
 COMMON         0x0000000000037b24        0x4 obj_cooja/mtype876.a(log_message.o)
                0x0000000000037b24                log_fp
 COMMON         0x0000000000037b28        0x1 obj_cooja/mtype876.a(serial-line.o)
                0x0000000000037b28                serial_line_event_message
 *fill*         0x0000000000037b29       0x17 
 COMMON         0x0000000000037b40       0x50 obj_cooja/mtype876.a(uip-ds6-nbr.o)
                0x0000000000037b40                ds6_lr_addrmap
 *fill*         0x0000000000037b90       0x10 
 COMMON         0x0000000000037ba0      0x298 obj_cooja/mtype876.a(uip-ds6.o)
                0x0000000000037ba0                uip_ds6_prefix_list
                0x0000000000037c00                uip_ds6_timer_periodic
                0x0000000000037c10                uip_ds6_netif_addr_list_offset
                0x0000000000037c20                uip_ds6_if
                0x0000000000037d18                uip_ds6_timer_ra
                0x0000000000037d20                uip_ds6_addr_size
                0x0000000000037d40                long_uip_ds6_if
 *fill*         0x0000000000037e38        0x8 
 COMMON         0x0000000000037e40      0x8ec obj_cooja/mtype876.a(uip6.o)
                0x0000000000037e40                uip_slen
                0x0000000000037e42                uip_acc32
                0x0000000000037e60                uip_conns
                0x0000000000037f20                uip_lladdr
                0x0000000000037f28                uip_appdata
                0x0000000000037f2c                uip_flags
                0x0000000000037f40                uip_aligned_buf
                0x0000000000038580                uip_listenports
                0x0000000000038590                uip_len
                0x0000000000038592                uip_long_lladdr
                0x000000000003859c                uip_sappdata
                0x00000000000385a0                uip_udp_conns
                0x0000000000038720                uip_udp_conn
                0x0000000000038724                uip_next_hdr
                0x0000000000038728                uip_conn
 COMMON         0x000000000003872c        0x1 obj_cooja/mtype876.a(tcpip.o)
                0x000000000003872c                tcpip_event
 *fill*         0x000000000003872d       0x13 
 COMMON         0x0000000000038740      0x178 obj_cooja/mtype876.a(rpl-dag.o)
                0x0000000000038740                default_instance
                0x0000000000038760                instance_table
 COMMON         0x00000000000388b8       0x10 obj_cooja/mtype876.a(linkaddr.o)
                0x00000000000388b8                linkaddr_node_addr
                0x00000000000388c0                long_linkaddr_node_addr
 COMMON         0x00000000000388c8       0x2e obj_cooja/mtype876.a(packetbuf.o)
                0x00000000000388c8                packetbuf_attrs
                0x00000000000388e6                packetbuf_addrs
 *fill*         0x00000000000388f6        0xa 
 COMMON         0x0000000000038900       0x48 obj_cooja/mtype876.a(rimestats.o)
                0x0000000000038900                rimestats
                0x0000000000038948                . = ALIGN ((. != 0x0)?0x4:0x1)
                0x0000000000038948                . = ALIGN (0x4)
                0x0000000000038948                . = SEGMENT_START ("ldata-segment", .)
                0x0000000000038948                . = ALIGN (0x4)
                0x0000000000038948                _end = .
                0x0000000000038948                PROVIDE (end, .)
                0x0000000000038948                . = DATA_SEGMENT_END (.)

.stab
 *(.stab)

.stabstr
 *(.stabstr)

.stab.excl
 *(.stab.excl)

.stab.exclstr
 *(.stab.exclstr)

.stab.index
 *(.stab.index)

.stab.indexstr
 *(.stab.indexstr)

.comment        0x0000000000000000       0x29
 *(.comment)
 .comment       0x0000000000000000       0x29 /usr/lib/gcc/i686-linux-gnu/4.8/crtbeginS.o
                                         0x2a (size before relaxing)
 .comment       0x0000000000000000       0x2a udp-client.co
 .comment       0x0000000000000000       0x2a obj_cooja/mtype876.o
 .comment       0x0000000000000000       0x2a obj_cooja/mtype876.a(simEnvChange.o)
 .comment       0x0000000000000000       0x2a obj_cooja/mtype876.a(cooja_mt.o)
 .comment       0x0000000000000000       0x2a obj_cooja/mtype876.a(cooja_mtarch.o)
 .comment       0x0000000000000000       0x2a obj_cooja/mtype876.a(rtimer-arch.o)
 .comment       0x0000000000000000       0x2a obj_cooja/mtype876.a(beep.o)
 .comment       0x0000000000000000       0x2a obj_cooja/mtype876.a(button-sensor.o)
 .comment       0x0000000000000000       0x2a obj_cooja/mtype876.a(leds-arch.o)
 .comment       0x0000000000000000       0x2a obj_cooja/mtype876.a(moteid.o)
 .comment       0x0000000000000000       0x2a obj_cooja/mtype876.a(pir-sensor.o)
 .comment       0x0000000000000000       0x2a obj_cooja/mtype876.a(rs232.o)
 .comment       0x0000000000000000       0x2a obj_cooja/mtype876.a(vib-sensor.o)
 .comment       0x0000000000000000       0x2a obj_cooja/mtype876.a(clock.o)
 .comment       0x0000000000000000       0x2a obj_cooja/mtype876.a(log.o)
 .comment       0x0000000000000000       0x2a obj_cooja/mtype876.a(cfs-cooja.o)
 .comment       0x0000000000000000       0x2a obj_cooja/mtype876.a(cooja-radio.o)
 .comment       0x0000000000000000       0x2a obj_cooja/mtype876.a(eeprom.o)
 .comment       0x0000000000000000       0x2a obj_cooja/mtype876.a(random.o)
 .comment       0x0000000000000000       0x2a obj_cooja/mtype876.a(sensors.o)
 .comment       0x0000000000000000       0x2a obj_cooja/mtype876.a(leds.o)
 .comment       0x0000000000000000       0x2a obj_cooja/mtype876.a(dual_conf.o)
 .comment       0x0000000000000000       0x2a obj_cooja/mtype876.a(autostart.o)
 .comment       0x0000000000000000       0x2a obj_cooja/mtype876.a(ctimer.o)
 .comment       0x0000000000000000       0x2a obj_cooja/mtype876.a(etimer.o)
 .comment       0x0000000000000000       0x2a obj_cooja/mtype876.a(log_message.o)
 .comment       0x0000000000000000       0x2a obj_cooja/mtype876.a(process.o)
 .comment       0x0000000000000000       0x2a obj_cooja/mtype876.a(residual.o)
 .comment       0x0000000000000000       0x2a obj_cooja/mtype876.a(rtimer.o)
 .comment       0x0000000000000000       0x2a obj_cooja/mtype876.a(stimer.o)
 .comment       0x0000000000000000       0x2a obj_cooja/mtype876.a(timer.o)
 .comment       0x0000000000000000       0x2a obj_cooja/mtype876.a(serial-line.o)
 .comment       0x0000000000000000       0x2a obj_cooja/mtype876.a(list.o)
 .comment       0x0000000000000000       0x2a obj_cooja/mtype876.a(ringbuf.o)
 .comment       0x0000000000000000       0x2a obj_cooja/mtype876.a(sicslowpan.o)
 .comment       0x0000000000000000       0x2a obj_cooja/mtype876.a(uip-ds6-nbr.o)
 .comment       0x0000000000000000       0x2a obj_cooja/mtype876.a(uip-ds6-route.o)
 .comment       0x0000000000000000       0x2a obj_cooja/mtype876.a(uip-ds6.o)
 .comment       0x0000000000000000       0x2a obj_cooja/mtype876.a(uip6.o)
 .comment       0x0000000000000000       0x2a obj_cooja/mtype876.a(tcpip.o)
 .comment       0x0000000000000000       0x2a obj_cooja/mtype876.a(uip-debug.o)
 .comment       0x0000000000000000       0x2a obj_cooja/mtype876.a(uip-packetqueue)
 .comment       0x0000000000000000       0x2a obj_cooja/mtype876.a(uip-udp-packet.)
 .comment       0x0000000000000000       0x2a obj_cooja/mtype876.a(rpl-dag.o)
 .comment       0x0000000000000000       0x2a obj_cooja/mtype876.a(rpl-ext-header.)
 .comment       0x0000000000000000       0x2a obj_cooja/mtype876.a(rpl-icmp6.o)
 .comment       0x0000000000000000       0x2a obj_cooja/mtype876.a(rpl-ltmax.o)
 .comment       0x0000000000000000       0x2a obj_cooja/mtype876.a(rpl-timers.o)
 .comment       0x0000000000000000       0x2a obj_cooja/mtype876.a(rpl.o)
 .comment       0x0000000000000000       0x2a obj_cooja/mtype876.a(csma.o)
 .comment       0x0000000000000000       0x2a obj_cooja/mtype876.a(framer-802154.o)
 .comment       0x0000000000000000       0x2a obj_cooja/mtype876.a(mac.o)
 .comment       0x0000000000000000       0x2a obj_cooja/mtype876.a(cxmac.o)
 .comment       0x0000000000000000       0x2a obj_cooja/mtype876.a(linkaddr.o)
 .comment       0x0000000000000000       0x2a obj_cooja/mtype876.a(nbr-table.o)
 .comment       0x0000000000000000       0x2a obj_cooja/mtype876.a(netstack.o)
 .comment       0x0000000000000000       0x2a obj_cooja/mtype876.a(packetbuf.o)
 .comment       0x0000000000000000       0x2a obj_cooja/mtype876.a(queuebuf.o)
 .comment       0x0000000000000000       0x2a obj_cooja/mtype876.a(nullsec.o)
 .comment       0x0000000000000000       0x2a obj_cooja/mtype876.a(watchdog.o)
 .comment       0x0000000000000000       0x2a obj_cooja/mtype876.a(rimestats.o)
 .comment       0x0000000000000000       0x2a obj_cooja/mtype876.a(memb.o)
 .comment       0x0000000000000000       0x2a obj_cooja/mtype876.a(uip-icmp6.o)
 .comment       0x0000000000000000       0x2a obj_cooja/mtype876.a(uip-nd6.o)
 .comment       0x0000000000000000       0x2a obj_cooja/mtype876.a(rpl-nbr-policy.)
 .comment       0x0000000000000000       0x2a obj_cooja/mtype876.a(frame802154.o)
 .comment       0x0000000000000000       0x2a /usr/lib/gcc/i686-linux-gnu/4.8/crtendS.o

.debug
 *(.debug)

.line
 *(.line)

.debug_srcinfo
 *(.debug_srcinfo)

.debug_sfnames
 *(.debug_sfnames)

.debug_aranges  0x0000000000000000      0x838
 *(.debug_aranges)
 .debug_aranges
                0x0000000000000000       0x20 udp-client.co
 .debug_aranges
                0x0000000000000020       0x20 obj_cooja/mtype876.o
 .debug_aranges
                0x0000000000000040       0x20 obj_cooja/mtype876.a(simEnvChange.o)
 .debug_aranges
                0x0000000000000060       0x20 obj_cooja/mtype876.a(cooja_mt.o)
 .debug_aranges
                0x0000000000000080       0x20 obj_cooja/mtype876.a(cooja_mtarch.o)
 .debug_aranges
                0x00000000000000a0       0x20 obj_cooja/mtype876.a(rtimer-arch.o)
 .debug_aranges
                0x00000000000000c0       0x20 obj_cooja/mtype876.a(beep.o)
 .debug_aranges
                0x00000000000000e0       0x20 obj_cooja/mtype876.a(button-sensor.o)
 .debug_aranges
                0x0000000000000100       0x20 obj_cooja/mtype876.a(leds-arch.o)
 .debug_aranges
                0x0000000000000120       0x20 obj_cooja/mtype876.a(moteid.o)
 .debug_aranges
                0x0000000000000140       0x20 obj_cooja/mtype876.a(pir-sensor.o)
 .debug_aranges
                0x0000000000000160       0x20 obj_cooja/mtype876.a(rs232.o)
 .debug_aranges
                0x0000000000000180       0x20 obj_cooja/mtype876.a(vib-sensor.o)
 .debug_aranges
                0x00000000000001a0       0x20 obj_cooja/mtype876.a(clock.o)
 .debug_aranges
                0x00000000000001c0       0x20 obj_cooja/mtype876.a(log.o)
 .debug_aranges
                0x00000000000001e0       0x20 obj_cooja/mtype876.a(cfs-cooja.o)
 .debug_aranges
                0x0000000000000200       0x20 obj_cooja/mtype876.a(cooja-radio.o)
 .debug_aranges
                0x0000000000000220       0x20 obj_cooja/mtype876.a(eeprom.o)
 .debug_aranges
                0x0000000000000240       0x20 obj_cooja/mtype876.a(random.o)
 .debug_aranges
                0x0000000000000260       0x20 obj_cooja/mtype876.a(sensors.o)
 .debug_aranges
                0x0000000000000280       0x20 obj_cooja/mtype876.a(leds.o)
 .debug_aranges
                0x00000000000002a0       0x20 obj_cooja/mtype876.a(dual_conf.o)
 .debug_aranges
                0x00000000000002c0       0x20 obj_cooja/mtype876.a(autostart.o)
 .debug_aranges
                0x00000000000002e0       0x20 obj_cooja/mtype876.a(ctimer.o)
 .debug_aranges
                0x0000000000000300       0x20 obj_cooja/mtype876.a(etimer.o)
 .debug_aranges
                0x0000000000000320       0x20 obj_cooja/mtype876.a(log_message.o)
 .debug_aranges
                0x0000000000000340       0x20 obj_cooja/mtype876.a(process.o)
 .debug_aranges
                0x0000000000000360       0x20 obj_cooja/mtype876.a(residual.o)
 .debug_aranges
                0x0000000000000380       0x20 obj_cooja/mtype876.a(rtimer.o)
 .debug_aranges
                0x00000000000003a0       0x20 obj_cooja/mtype876.a(stimer.o)
 .debug_aranges
                0x00000000000003c0       0x20 obj_cooja/mtype876.a(timer.o)
 .debug_aranges
                0x00000000000003e0       0x20 obj_cooja/mtype876.a(serial-line.o)
 .debug_aranges
                0x0000000000000400       0x20 obj_cooja/mtype876.a(list.o)
 .debug_aranges
                0x0000000000000420       0x20 obj_cooja/mtype876.a(ringbuf.o)
 .debug_aranges
                0x0000000000000440       0x20 obj_cooja/mtype876.a(sicslowpan.o)
 .debug_aranges
                0x0000000000000460       0x20 obj_cooja/mtype876.a(uip-ds6-nbr.o)
 .debug_aranges
                0x0000000000000480       0x20 obj_cooja/mtype876.a(uip-ds6-route.o)
 .debug_aranges
                0x00000000000004a0       0x20 obj_cooja/mtype876.a(uip-ds6.o)
 .debug_aranges
                0x00000000000004c0       0x20 obj_cooja/mtype876.a(uip6.o)
 .debug_aranges
                0x00000000000004e0       0x20 obj_cooja/mtype876.a(tcpip.o)
 .debug_aranges
                0x0000000000000500       0x20 obj_cooja/mtype876.a(uip-debug.o)
 .debug_aranges
                0x0000000000000520       0x20 obj_cooja/mtype876.a(uip-packetqueue)
 .debug_aranges
                0x0000000000000540       0x20 obj_cooja/mtype876.a(uip-udp-packet.)
 .debug_aranges
                0x0000000000000560       0x20 obj_cooja/mtype876.a(rpl-dag.o)
 .debug_aranges
                0x0000000000000580       0x20 obj_cooja/mtype876.a(rpl-ext-header.)
 .debug_aranges
                0x00000000000005a0       0x20 obj_cooja/mtype876.a(rpl-icmp6.o)
 .debug_aranges
                0x00000000000005c0       0x20 obj_cooja/mtype876.a(rpl-ltmax.o)
 .debug_aranges
                0x00000000000005e0       0x20 obj_cooja/mtype876.a(rpl-timers.o)
 .debug_aranges
                0x0000000000000600       0x20 obj_cooja/mtype876.a(rpl.o)
 .debug_aranges
                0x0000000000000620       0x20 obj_cooja/mtype876.a(csma.o)
 .debug_aranges
                0x0000000000000640       0x20 obj_cooja/mtype876.a(framer-802154.o)
 .debug_aranges
                0x0000000000000660       0x20 obj_cooja/mtype876.a(mac.o)
 .debug_aranges
                0x0000000000000680       0x20 obj_cooja/mtype876.a(cxmac.o)
 .debug_aranges
                0x00000000000006a0       0x20 obj_cooja/mtype876.a(linkaddr.o)
 .debug_aranges
                0x00000000000006c0       0x20 obj_cooja/mtype876.a(nbr-table.o)
 .debug_aranges
                0x00000000000006e0       0x20 obj_cooja/mtype876.a(netstack.o)
 .debug_aranges
                0x0000000000000700       0x20 obj_cooja/mtype876.a(packetbuf.o)
 .debug_aranges
                0x0000000000000720       0x20 obj_cooja/mtype876.a(queuebuf.o)
 .debug_aranges
                0x0000000000000740       0x20 obj_cooja/mtype876.a(nullsec.o)
 .debug_aranges
                0x0000000000000760       0x20 obj_cooja/mtype876.a(watchdog.o)
 .debug_aranges