Archive member included to satisfy reference by file (symbol)

obj_cooja/mtype613.a(simEnvChange.o)
                              obj_cooja/mtype613.o (simDontFallAsleep)
obj_cooja/mtype613.a(cooja_mt.o)
                              obj_cooja/mtype613.o (cooja_mt_start)
obj_cooja/mtype613.a(cooja_mtarch.o)
                              obj_cooja/mtype613.a(cooja_mt.o) (cooja_mtarch_init)
obj_cooja/mtype613.a(rtimer-arch.o)
                              obj_cooja/mtype613.o (rtimer_arch_next)
obj_cooja/mtype613.a(beep.o)  obj_cooja/mtype613.o (beep_interface)
obj_cooja/mtype613.a(button-sensor.o)
                              obj_cooja/mtype613.o (button_interface)
obj_cooja/mtype613.a(leds-arch.o)
                              obj_cooja/mtype613.o (leds_interface)
obj_cooja/mtype613.a(moteid.o)
                              obj_cooja/mtype613.o (moteid_interface)
obj_cooja/mtype613.a(pir-sensor.o)
                              obj_cooja/mtype613.o (pir_interface)
obj_cooja/mtype613.a(rs232.o)
                              obj_cooja/mtype613.o (rs232_interface)
obj_cooja/mtype613.a(vib-sensor.o)
                              obj_cooja/mtype613.o (vib_interface)
obj_cooja/mtype613.a(clock.o)
                              obj_cooja/mtype613.o (clock_interface)
obj_cooja/mtype613.a(log.o)   obj_cooja/mtype613.o (simlog_interface)
obj_cooja/mtype613.a(cfs-cooja.o)
                              obj_cooja/mtype613.o (cfs_interface)
obj_cooja/mtype613.a(cooja-radio.o)
                              obj_cooja/mtype613.o (radio_interface)
obj_cooja/mtype613.a(eeprom.o)
                              obj_cooja/mtype613.o (eeprom_interface)
obj_cooja/mtype613.a(random.o)
                              obj_cooja/mtype613.a(moteid.o) (random_init)
obj_cooja/mtype613.a(sensors.o)
                              obj_cooja/mtype613.o (sensors_process)
obj_cooja/mtype613.a(leds.o)  obj_cooja/mtype613.a(cooja-radio.o) (leds_on)
obj_cooja/mtype613.a(dual_conf.o)
                              obj_cooja/mtype613.a(cooja-radio.o) (long_range_radio)
obj_cooja/mtype613.a(autostart.o)
                              obj_cooja/mtype613.o (autostart_start)
obj_cooja/mtype613.a(ctimer.o)
                              obj_cooja/mtype613.o (ctimer_init)
obj_cooja/mtype613.a(etimer.o)
                              obj_cooja/mtype613.o (etimer_process)
obj_cooja/mtype613.a(log_message.o)
                              obj_cooja/mtype613.o (log_initialization)
obj_cooja/mtype613.a(process.o)
                              udp-client.co (process_current)
obj_cooja/mtype613.a(residual.o)
                              udp-client.co (get_residual_energy)
obj_cooja/mtype613.a(rtimer.o)
                              obj_cooja/mtype613.a(rtimer-arch.o) (rtimer_run_next)
obj_cooja/mtype613.a(stimer.o)
                              udp-client.co (stimer_remaining)
obj_cooja/mtype613.a(timer.o)
                              obj_cooja/mtype613.a(button-sensor.o) (timer_set)
obj_cooja/mtype613.a(serial-line.o)
                              udp-client.co (serial_line_event_message)
obj_cooja/mtype613.a(list.o)  obj_cooja/mtype613.a(ctimer.o) (list_init)
obj_cooja/mtype613.a(ringbuf.o)
                              obj_cooja/mtype613.a(serial-line.o) (ringbuf_init)
obj_cooja/mtype613.a(sicslowpan.o)
                              obj_cooja/mtype613.o (sicslowpan_driver)
obj_cooja/mtype613.a(uip-ds6-nbr.o)
                              obj_cooja/mtype613.a(sicslowpan.o) (uip_ds6_link_neighbor_callback)
obj_cooja/mtype613.a(uip-ds6-route.o)
                              udp-client.co (uip_ds6_route_nexthop)
obj_cooja/mtype613.a(uip-ds6.o)
                              udp-client.co (uip_ds6_if)
obj_cooja/mtype613.a(uip6.o)  udp-client.co (uip_lladdr)
obj_cooja/mtype613.a(tcpip.o)
                              udp-client.co (tcpip_event)
obj_cooja/mtype613.a(uip-debug.o)
                              udp-client.co (uip_debug_ipaddr_print)
obj_cooja/mtype613.a(uip-packetqueue)
                              obj_cooja/mtype613.a(uip-ds6-nbr.o) (uip_packetqueue_new)
obj_cooja/mtype613.a(uip-udp-packet.)
                              udp-client.co (uip_udp_packet_sendto)
obj_cooja/mtype613.a(rpl-dag.o)
                              obj_cooja/mtype613.a(tcpip.o) (rpl_repair_root)
obj_cooja/mtype613.a(rpl-ext-header.)
                              obj_cooja/mtype613.a(uip6.o) (rpl_verify_header)
obj_cooja/mtype613.a(rpl-icmp6.o)
                              obj_cooja/mtype613.a(rpl-dag.o) (rpl_icmp6_update_nbr_table)
obj_cooja/mtype613.a(rpl-ltmax.o)
                              obj_cooja/mtype613.a(rpl-dag.o) (rpl_ltmax_of)
obj_cooja/mtype613.a(rpl-timers.o)
                              obj_cooja/mtype613.a(rpl-icmp6.o) (rpl_LSA_convergence_timer)
obj_cooja/mtype613.a(rpl.o)   obj_cooja/mtype613.a(rpl-icmp6.o) (rpl_get_mode)
obj_cooja/mtype613.a(framer-802154.o)
                              obj_cooja/mtype613.a(sicslowpan.o) (framer_802154)
[...]
Memory Configuration

Name             Origin             Length             Attributes
*default*        0x0000000000000000 0xffffffffffffffff

Linker script and memory map

LOAD /usr/lib/gcc/i686-linux-gnu/4.8/../../../i386-linux-gnu/crti.o
LOAD /usr/lib/gcc/i686-linux-gnu/4.8/crtbeginS.o
LOAD udp-client.co
LOAD obj_cooja/mtype613.o
LOAD obj_cooja/mtype613.a
LOAD /usr/lib/gcc/i686-linux-gnu/4.8/libgcc.a
LOAD /usr/lib/gcc/i686-linux-gnu/4.8/libgcc_s.so
LOAD /usr/lib/gcc/i686-linux-gnu/4.8/../../../i386-linux-gnu/libc.so
START GROUP
LOAD /lib/i386-linux-gnu/libc.so.6
LOAD /usr/lib/i386-linux-gnu/libc_nonshared.a
LOAD /lib/i386-linux-gnu/ld-linux.so.2
END GROUP
LOAD /usr/lib/gcc/i686-linux-gnu/4.8/libgcc.a
LOAD /usr/lib/gcc/i686-linux-gnu/4.8/libgcc_s.so
LOAD /usr/lib/gcc/i686-linux-gnu/4.8/crtendS.o
LOAD /usr/lib/gcc/i686-linux-gnu/4.8/../../../i386-linux-gnu/crtn.o
                0x0000000000000114                . = (0x0 + SIZEOF_HEADERS)

.note.gnu.build-id
                0x0000000000000114       0x24
 *(.note.gnu.build-id)
 .note.gnu.build-id
                0x0000000000000114       0x24 /usr/lib/gcc/i686-linux-gnu/4.8/../../../i386-linux-gnu/crti.o

.hash
 *(.hash)

.gnu.hash       0x0000000000000138     0x1390
 *(.gnu.hash)
 .gnu.hash      0x0000000000000138     0x1390 /usr/lib/gcc/i686-linux-gnu/4.8/../../../i386-linux-gnu/crti.o

.dynsym         0x00000000000014c8     0x26a0
 *(.dynsym)
 .dynsym        0x00000000000014c8     0x26a0 /usr/lib/gcc/i686-linux-gnu/4.8/../../../i386-linux-gnu/crti.o

.dynstr         0x0000000000003b68     0x27c6
 *(.dynstr)
 .dynstr        0x0000000000003b68     0x27c6 /usr/lib/gcc/i686-linux-gnu/4.8/../../../i386-linux-gnu/crti.o

.gnu.version    0x000000000000632e      0x4d4
 *(.gnu.version)
 .gnu.version   0x000000000000632e      0x4d4 /usr/lib/gcc/i686-linux-gnu/4.8/../../../i386-linux-gnu/crti.o

.gnu.version_d  0x0000000000006804        0x0
 *(.gnu.version_d)
 .gnu.version_d
                0x0000000000000000        0x0 /usr/lib/gcc/i686-linux-gnu/4.8/../../../i386-linux-gnu/crti.o

.gnu.version_r  0x0000000000006804       0x50
 *(.gnu.version_r)
 .gnu.version_r
                0x0000000000006804       0x50 /usr/lib/gcc/i686-linux-gnu/4.8/../../../i386-linux-gnu/crti.o

.rel.dyn        0x0000000000006854     0x97a0
 *(.rel.init)
 .rel.init      0x0000000000000000        0x0 /usr/lib/gcc/i686-linux-gnu/4.8/../../../i386-linux-gnu/crti.o
 *(.rel.text .rel.text.* .rel.gnu.linkonce.t.*)
 .rel.text      0x0000000000006854     0x8fe8 /usr/lib/gcc/i686-linux-gnu/4.8/../../../i386-linux-gnu/crti.o
 *(.rel.fini)
 .rel.fini      0x0000000000000000        0x0 /usr/lib/gcc/i686-linux-gnu/4.8/../../../i386-linux-gnu/crti.o
 *(.rel.rodata .rel.rodata.* .rel.gnu.linkonce.r.*)
 .rel.rodata    0x000000000000f83c      0x4e0 /usr/lib/gcc/i686-linux-gnu/4.8/../../../i386-linux-gnu/crti.o
 *(.rel.data.rel.ro .rel.data.rel.ro.* .rel.gnu.linkonce.d.rel.ro.*)
 *(.rel.data .rel.data.* .rel.gnu.linkonce.d.*)
 .rel.data.rel  0x000000000000fd1c        0x8 /usr/lib/gcc/i686-linux-gnu/4.8/../../../i386-linux-gnu/crti.o
 .rel.data      0x000000000000fd24      0x298 /usr/lib/gcc/i686-linux-gnu/4.8/../../../i386-linux-gnu/crti.o
 *(.rel.tdata .rel.tdata.* .rel.gnu.linkonce.td.*)
 *(.rel.tbss .rel.tbss.* .rel.gnu.linkonce.tb.*)
 *(.rel.ctors)
 *(.rel.dtors)
 *(.rel.got)
 .rel.got       0x000000000000ffbc       0x28 /usr/lib/gcc/i686-linux-gnu/4.8/../../../i386-linux-gnu/crti.o
 *(.rel.bss .rel.bss.* .rel.gnu.linkonce.b.*)
 *(.rel.ifunc)
 .rel.ifunc     0x0000000000000000        0x0 /usr/lib/gcc/i686-linux-gnu/4.8/../../../i386-linux-gnu/crti.o
 .rel.fini_array
                0x000000000000ffe4        0x8 /usr/lib/gcc/i686-linux-gnu/4.8/../../../i386-linux-gnu/crti.o
 .rel.init_array
                0x000000000000ffec        0x8 /usr/lib/gcc/i686-linux-gnu/4.8/../../../i386-linux-gnu/crti.o

.rel.plt        0x000000000000fff4       0x10
 *(.rel.plt)
 .rel.plt       0x000000000000fff4       0x10 /usr/lib/gcc/i686-linux-gnu/4.8/../../../i386-linux-gnu/crti.o
 *(.rel.iplt)

.init           0x0000000000010004       0x23
 *(SORT(.init))
 .init          0x0000000000010004       0x1e /usr/lib/gcc/i686-linux-gnu/4.8/../../../i386-linux-gnu/crti.o
                0x0000000000010004                _init
 .init          0x0000000000010022        0x5 /usr/lib/gcc/i686-linux-gnu/4.8/../../../i386-linux-gnu/crtn.o

.plt            0x0000000000010030       0x30
 *(.plt)
 .plt           0x0000000000010030       0x30 /usr/lib/gcc/i686-linux-gnu/4.8/../../../i386-linux-gnu/crti.o
 *(.iplt)

.text           0x0000000000010060    0x170c8
 *(.text.unlikely .text.*_unlikely .text.unlikely.*)
 *(.text.exit .text.exit.*)
 *(.text.startup .text.startup.*)
 *(.text.hot .text.hot.*)
 *(.text .stub .text.* .gnu.linkonce.t.*)
 .text          0x0000000000010060        0x0 /usr/lib/gcc/i686-linux-gnu/4.8/../../../i386-linux-gnu/crti.o
 .gnu.linkonce.t.__x86.get_pc_thunk.bx
                0x0000000000010060        0x4 /usr/lib/gcc/i686-linux-gnu/4.8/../../../i386-linux-gnu/crti.o
                0x0000000000010060                __x86.get_pc_thunk.bx
 *fill*         0x0000000000010064        0xc 
 .text          0x0000000000010070      0x11b /usr/lib/gcc/i686-linux-gnu/4.8/crtbeginS.o
 .text          0x000000000001018b      0x790 udp-client.co
 .text          0x000000000001091b      0x96a obj_cooja/mtype613.o
                0x0000000000010ac9                contiki_init
                0x000000000001109c                Java_org_contikios_cooja_corecomm_Lib22_init
                0x00000000000110dc                Java_org_contikios_cooja_corecomm_Lib22_getMemory
                0x000000000001111c                Java_org_contikios_cooja_corecomm_Lib22_setMemory
                0x0000000000011193                Java_org_contikios_cooja_corecomm_Lib22_tick
                0x0000000000011273                Java_org_contikios_cooja_corecomm_Lib22_setReferenceAddress
 .text          0x0000000000011285       0x63 obj_cooja/mtype613.a(simEnvChange.o)
                0x0000000000011285                doActionsBeforeTick
                0x00000000000112b6                doActionsAfterTick
 .text          0x00000000000112e8       0xbc obj_cooja/mtype613.a(cooja_mt.o)
                0x00000000000112e8                cooja_mt_init
                0x00000000000112f5                cooja_mt_remove
                0x0000000000011302                cooja_mt_start
                0x000000000001132f                cooja_mt_exec
                0x0000000000011360                cooja_mt_exit
                0x0000000000011382                cooja_mt_yield
 .text          0x00000000000113a4      0x115 obj_cooja/mtype613.a(cooja_mtarch.o)
                0x00000000000113a4                cooja_mtarch_init
                0x00000000000113a9                cooja_mtarch_start
                0x0000000000011424                cooja_sw
                0x0000000000011446                cooja_mtarch_exec
                0x0000000000011462                cooja_mtarch_remove
                0x0000000000011467                cooja_mtarch_yield
                0x0000000000011471                cooja_mtarch_pstop
                0x0000000000011476                cooja_mtarch_pstart
                0x000000000001147b                cooja_mtarch_stack_usage
 .text          0x00000000000114b9       0xc2 obj_cooja/mtype613.a(rtimer-arch.o)
                0x00000000000114b9                rtimer_arch_init
                0x00000000000114dc                rtimer_arch_schedule
                0x00000000000114f3                rtimer_arch_next
                0x00000000000114fd                rtimer_arch_pending
                0x0000000000011507                rtimer_arch_check
                0x0000000000011539                rtimer_arch_now
 .text          0x000000000001157b       0x76 obj_cooja/mtype613.a(beep.o)
                0x000000000001157b                beep_alarm
                0x0000000000011587                beep_beep
                0x0000000000011593                beep
                0x000000000001159f                beep_down
                0x00000000000115ab                beep_on
                0x00000000000115b7                beep_off
                0x00000000000115c3                beep_spinup
                0x00000000000115cf                beep_quick
                0x00000000000115db                beep_long
 .text          0x00000000000115f1      0x103 obj_cooja/mtype613.a(button-sensor.o)
 .text          0x00000000000116f4       0x45 obj_cooja/mtype613.a(leds-arch.o)
                0x00000000000116f4                leds_arch_init
                0x0000000000011700                leds_arch_get
                0x000000000001170c                leds_arch_set
 .text          0x0000000000011739       0x2f obj_cooja/mtype613.a(moteid.o)
 .text          0x0000000000011768       0xb1 obj_cooja/mtype613.a(pir-sensor.o)
 .text          0x0000000000011819      0x131 obj_cooja/mtype613.a(rs232.o)
                0x0000000000011819                rs232_init
                0x000000000001181e                rs232_set_speed
                0x000000000001182c                rs232_set_input
                0x0000000000011839                rs232_send
                0x000000000001185b                rs232_print
                0x0000000000011876                slip_arch_writeb
 .text          0x000000000001194a       0xb1 obj_cooja/mtype613.a(vib-sensor.o)
 .text          0x00000000000119fb       0x34 obj_cooja/mtype613.a(clock.o)
                0x00000000000119fb                clock_init
                0x0000000000011a00                clock_time
                0x0000000000011a0a                clock_seconds
                0x0000000000011a20                clock_delay
 .text          0x0000000000011a2f      0x1ed obj_cooja/mtype613.a(log.o)
                0x0000000000011a2f                simlog_char
                0x0000000000011a71                simlog
                0x0000000000011ade                log_message
                0x0000000000011b06                log_set_putchar_with_slip
                0x0000000000011b13                log_putchar
                0x0000000000011b97                log_puts
                0x0000000000011bbb                log_printf
 .text          0x0000000000011c1c      0x2c4 obj_cooja/mtype613.a(cfs-cooja.o)
                0x0000000000011c1c                cfs_open
                0x0000000000011c85                cfs_close
                0x0000000000011c91                cfs_read
                0x0000000000011d2f                cfs_write
                0x0000000000011e0c                cfs_seek
                0x0000000000011e94                cfs_remove
                0x0000000000011ebd                cfs_opendir
                0x0000000000011ec7                cfs_readdir
                0x0000000000011ed1                cfs_closedir
 .text          0x0000000000011ee0      0x69f obj_cooja/mtype613.a(cooja-radio.o)
                0x0000000000011f0a                radio_set_channel
                0x0000000000011f1f                radio_set_txpower
                0x0000000000011f3f                radio_signal_strength_last
                0x0000000000011f49                radio_signal_strength_current
                0x0000000000011f53                radio_LQI
 .text          0x000000000001257f       0xef obj_cooja/mtype613.a(eeprom.o)
                0x000000000001257f                eeprom_init
                0x0000000000012584                eeprom_read
                0x00000000000125f4                eeprom_write
 .text          0x000000000001266e       0x28 obj_cooja/mtype613.a(random.o)
                0x000000000001266e                random_init
                0x0000000000012689                random_rand
 .text          0x0000000000012696      0x2a1 obj_cooja/mtype613.a(sensors.o)
                0x00000000000126d1                sensors_first
                0x00000000000126db                sensors_next
                0x00000000000126f8                sensors_changed
                0x0000000000012727                sensors_find
 .text          0x0000000000012937      0x134 obj_cooja/mtype613.a(leds.o)
                0x0000000000012988                leds_init
                0x000000000001299c                leds_blink
                0x00000000000129d4                leds_get
                0x00000000000129e1                leds_set
                0x00000000000129fb                leds_on
                0x0000000000012a1e                leds_off
                0x0000000000012a48                leds_toggle
 .text          0x0000000000012a6b      0x46c obj_cooja/mtype613.a(dual_conf.o)
                0x0000000000012a6b                dual_radio_switch
                0x0000000000012aab                dual_radio_change
                0x0000000000012ae5                sending_in_LR
                0x0000000000012b10                dual_radio_received
                0x0000000000012b63                radio_received_is_longrange
                0x0000000000012b7e                dual_radio_turn_on
                0x0000000000012ba1                dual_radio_turn_off
                0x0000000000012e5d                dio_broadcast
                0x0000000000012e86                dis_broadcast
                0x0000000000012ea7                LSA_converge_broadcast
 .text          0x0000000000012ed7       0x8e obj_cooja/mtype613.a(autostart.o)
                0x0000000000012ed7                autostart_start
                0x0000000000012f22                autostart_exit
 .text          0x0000000000012f65      0x334 obj_cooja/mtype613.a(ctimer.o)
                0x000000000001307c                ctimer_init
                0x00000000000130ac                ctimer_set
                0x00000000000130dd                ctimer_set_with_process
                0x0000000000013159                ctimer_reset
                0x00000000000131a8                ctimer_restart
                0x00000000000131f7                ctimer_stop
                0x0000000000013242                ctimer_expired
 .text          0x0000000000013299      0x40b obj_cooja/mtype613.a(etimer.o)
                0x00000000000134ac                etimer_request_poll
                0x0000000000013530                etimer_set
                0x0000000000013555                etimer_reset_with_new_interval
                0x000000000001357c                etimer_reset
                0x000000000001359a                etimer_restart
                0x00000000000135b8                etimer_adjust
                0x00000000000135d4                etimer_expired
                0x00000000000135e7                etimer_expiration_time
                0x00000000000135f9                etimer_start_time
                0x0000000000013603                etimer_pending
                0x0000000000013615                etimer_next_expiration_time
                0x000000000001362f                etimer_stop
 .text          0x00000000000136a4       0xdd obj_cooja/mtype613.a(log_message.o)
                0x00000000000136a4                log_initialization
                0x0000000000013760                log_finisher
 .text          0x0000000000013781      0x560 obj_cooja/mtype613.a(process.o)
                0x0000000000013781                process_alloc_event
                0x0000000000013796                process_start
                0x000000000001397f                process_exit
                0x000000000001399b                process_init
                0x0000000000013b6c                process_run
                0x0000000000013b9f                process_nevents
                0x0000000000013bba                process_post
                0x0000000000013c66                process_post_synch
                0x0000000000013c9e                process_poll
                0x0000000000013ccd                process_is_running
 .text          0x0000000000013ce1       0xd3 obj_cooja/mtype613.a(residual.o)
                0x0000000000013ce1                get_residual_energy
 .text          0x0000000000013db4       0xba obj_cooja/mtype613.a(rtimer.o)
                0x0000000000013db4                rtimer_init
                0x0000000000013dc1                rtimer_set
                0x0000000000013e18                rtimer_run_next
 .text          0x0000000000013e6e       0xa3 obj_cooja/mtype613.a(stimer.o)
                0x0000000000013e6e                stimer_set
                0x0000000000013e89                stimer_reset
                0x0000000000013ea0                stimer_restart
                0x0000000000013eb2                stimer_expired
                0x0000000000013ed9                stimer_remaining
                0x0000000000013efd                stimer_elapsed
 .text          0x0000000000013f11       0x91 obj_cooja/mtype613.a(timer.o)
                0x0000000000013f11                timer_set
                0x0000000000013f2c                timer_reset
                0x0000000000013f43                timer_restart
                0x0000000000013f55                timer_expired
                0x0000000000013f7e                timer_remaining
 .text          0x0000000000013fa2      0x1fb obj_cooja/mtype613.a(serial-line.o)
                0x0000000000013fa2                serial_line_input_byte
                0x0000000000014165                serial_line_init
 .text          0x000000000001419d      0x244 obj_cooja/mtype613.a(list.o)
                0x000000000001419d                list_init
                0x00000000000141ab                list_head
                0x00000000000141b5                list_copy
                0x00000000000141c4                list_tail
                0x00000000000141fa                list_add
                0x0000000000014243                list_push
                0x000000000001426f                list_chop
                0x00000000000142d9                list_pop
                0x0000000000014301                list_remove
                0x0000000000014368                list_length
                0x0000000000014396                list_insert
                0x00000000000143ca                list_item_next
 .text          0x00000000000143e1      0x155 obj_cooja/mtype613.a(ringbuf.o)
                0x00000000000143e1                ringbuf_init
                0x0000000000014412                ringbuf_put
                0x0000000000014490                ringbuf_get
                0x00000000000144fd                ringbuf_size
                0x000000000001450f                ringbuf_elements
 .text          0x0000000000014536     0x258b obj_cooja/mtype613.a(sicslowpan.o)
                0x0000000000014ac0                rime_sniffer_add
                0x0000000000014acd                rime_sniffer_remove
                0x0000000000016a60                sicslowpan_init
                0x0000000000016ab7                sicslowpan_get_last_rssi
 .text          0x0000000000016ac1      0x2dc obj_cooja/mtype613.a(uip-ds6-nbr.o)
                0x0000000000016ade                uip_ds6_neighbors_init
                0x0000000000016afb                uip_ds6_nbr_add
                0x0000000000016bac                uip_ds6_nbr_rm
                0x0000000000016c09                uip_ds6_nbr_get_ipaddr
                0x0000000000016c1e                uip_ds6_nbr_get_ll
                0x0000000000016c3a                uip_ds6_nbr_num
                0x0000000000016c7f                uip_ds6_nbr_lookup
                0x0000000000016ce4                uip_ds6_nbr_ll_lookup
                0x0000000000016d00                uip_ds6_nbr_ipaddr_from_lladdr
                0x0000000000016d26                uip_ds6_nbr_lladdr_from_ipaddr
                0x0000000000016d54                uip_ds6_link_neighbor_callback
 .text          0x0000000000016d9d      0x916 obj_cooja/mtype613.a(uip-ds6-route.o)
                0x0000000000016e14                uip_ds6_notification_add
                0x0000000000016e45                uip_ds6_notification_rm
                0x0000000000016e61                uip_ds6_route_init
                0x0000000000016ee9                uip_ds6_route_nexthop
                0x0000000000016f11                uip_ds6_route_head
                0x0000000000016f26                uip_ds6_route_next
                0x0000000000016f4c                uip_ds6_route_is_nexthop
                0x0000000000016f8b                uip_ds6_route_num_routes
                0x0000000000016f95                uip_ds6_route_lookup
                0x0000000000017057                uip_ds6_route_add
                0x000000000001728b                uip_ds6_route_rm
                0x000000000001741f                uip_ds6_route_rm_by_nexthop
                0x0000000000017457                uip_ds6_defrt_add
                0x0000000000017508                uip_ds6_defrt_rm
                0x0000000000017587                uip_ds6_defrt_lookup
                0x00000000000175e0                uip_ds6_defrt_choose
                0x000000000001764b                uip_ds6_defrt_periodic
 .text          0x00000000000176b3     0x12ad obj_cooja/mtype613.a(uip-ds6.o)
                0x00000000000176b3                uip_ds6_init
                0x0000000000017a08                uip_ds6_periodic
                0x0000000000017ae0                uip_ds6_list_loop
                0x0000000000017b87                uip_ds6_prefix_add
                0x0000000000017c45                uip_ds6_prefix_rm
                0x0000000000017c57                uip_ds6_prefix_lookup
                0x0000000000017ca8                uip_ds6_is_addr_onlink
                0x0000000000017d1c                uip_ds6_addr_add
                0x0000000000017e4a                uip_ds6_long_addr_add
                0x0000000000017f78                uip_ds6_addr_rm
                0x0000000000018018                uip_ds6_addr_lookup
                0x0000000000018063                uip_ds6_long_addr_lookup
                0x00000000000180ae                uip_ds6_get_link_local
                0x000000000001812d                uip_ds6_long_get_link_local
                0x00000000000181ac                uip_ds6_get_global
                0x000000000001822b                uip_ds6_long_get_global
                0x00000000000182aa                uip_ds6_maddr_add
                0x000000000001831c                uip_ds6_long_maddr_add
                0x000000000001838e                uip_ds6_maddr_rm
                0x00000000000183a0                uip_ds6_maddr_lookup
                0x00000000000183eb                uip_ds6_long_maddr_lookup
                0x0000000000018436                uip_ds6_aaddr_add
                0x00000000000184a8                uip_ds6_long_aaddr_add
                0x000000000001851a                uip_ds6_aaddr_rm
                0x000000000001852c                uip_ds6_aaddr_lookup
                0x0000000000018577                uip_ds6_long_aaddr_lookup
                0x00000000000185c2                uip_ds6_select_src
                0x000000000001884b                uip_ds6_set_addr_iid
                0x0000000000018882                get_match_length
                0x0000000000018914                uip_ds6_compute_reachable_time
 .text          0x0000000000018960     0x29f3 obj_cooja/mtype613.a(uip6.o)
                0x0000000000018960                uip_add32
                0x0000000000018af9                uip_chksum
                0x0000000000018be7                uip_icmp6chksum
                0x0000000000018bfb                uip_tcpchksum
                0x0000000000018c0f                uip_udpchksum
                0x0000000000018c23                uip_init
                0x0000000000018cf3                uip_connect
                0x0000000000018ea2                remove_ext_hdr
                0x0000000000018f77                uip_udp_new
                0x00000000000190d3                uip_unlisten
                0x0000000000019133                uip_listen
                0x00000000000193f5                uip_process
                0x000000000001b247                uip_htons
                0x000000000001b269                uip_htonl
                0x000000000001b2a9                uip_send
 .text          0x000000000001b353      0xb43 obj_cooja/mtype613.a(tcpip.o)
                0x000000000001b353                tcpip_output
                0x000000000001b381                tcpip_set_outputfunc
                0x000000000001b415                tcp_connect
                0x000000000001b46a                tcp_unlisten
                0x000000000001b4c5                tcp_listen
                0x000000000001b51e                tcp_attach
                0x000000000001b543                udp_attach
                0x000000000001b568                udp_new
                0x000000000001b5ba                udp_broadcast_new
                0x000000000001b82e                tcpip_input
                0x000000000001b862                tcpip_ipv6_output
                0x000000000001bcdc                tcpip_poll_udp
                0x000000000001bcff                tcpip_poll_tcp
                0x000000000001bd22                tcpip_uipcall
 .text          0x000000000001be96      0x1c1 obj_cooja/mtype613.a(uip-debug.o)
                0x000000000001be96                uip_debug_ipaddr_print
                0x000000000001bff8                uip_debug_lladdr_print
 .text          0x000000000001c057      0x141 obj_cooja/mtype613.a(uip-packetqueue)
                0x000000000001c083                uip_packetqueue_new
                0x000000000001c091                uip_packetqueue_alloc
                0x000000000001c0f1                uip_packetqueue_free
                0x000000000001c132                uip_packetqueue_buf
                0x000000000001c14f                uip_packetqueue_buflen
                0x000000000001c170                uip_packetqueue_set_buflen
 .text          0x000000000001c198      0x131 obj_cooja/mtype613.a(uip-udp-packet.)
                0x000000000001c198                uip_udp_packet_send
                0x000000000001c1f8                uip_udp_packet_sendto
 .text          0x000000000001c2c9     0x26c6 obj_cooja/mtype613.a(rpl-dag.o)
                0x000000000001c2c9                rpl_lr_in_child
                0x000000000001c381                rpl_print_neighbor_list
                0x000000000001c42a                rpl_print_child_neighbor_list
                0x000000000001c49f                rpl_get_nbr
                0x000000000001c4f9                rpl_get_nbr_child
                0x000000000001c553                rpl_dag_init
                0x000000000001c585                rpl_get_parent
                0x000000000001c5a7                rpl_get_parent_rank
                0x000000000001c5da                rpl_get_parent_link_metric
                0x000000000001c60d                rpl_get_parent_ipaddr
                0x000000000001c637                rpl_get_child_ipaddr
                0x000000000001c952                rpl_set_root
                0x000000000001cb80                rpl_repair_root
                0x000000000001cdbc                rpl_set_prefix
                0x000000000001cebb                rpl_set_default_route
                0x000000000001cf47                rpl_alloc_instance
                0x000000000001cfda                rpl_alloc_dag
                0x000000000001d08d                rpl_set_default_instance
                0x000000000001d09a                rpl_get_default_instance
                0x000000000001d0a4                rpl_free_instance
                0x000000000001d155                rpl_free_dag
                0x000000000001d1bb                rpl_add_parent
                0x000000000001d2a4                rpl_find_parent
                0x000000000001d2d4                rpl_add_child
                0x000000000001d378                rpl_find_child
                0x000000000001d3c6                rpl_find_parent_any_dag
                0x000000000001d402                rpl_select_dag
                0x000000000001d838                rpl_select_parent
                0x000000000001d89a                rpl_remove_parent
                0x000000000001d8d0                rpl_remove_child
                0x000000000001d8ec                rpl_nullify_parent
                0x000000000001d98a                rpl_move_parent
                0x000000000001da27                rpl_has_downward_route
                0x000000000001da7a                rpl_get_any_dag
                0x000000000001dadc                rpl_get_instance
                0x000000000001db3f                rpl_find_of
                0x000000000001db7c                rpl_join_instance
                0x000000000001de18                rpl_add_dag
                0x000000000001e207                rpl_local_repair
                0x000000000001e2e0                rpl_recalculate_ranks
                0x000000000001e366                rpl_process_parent_event
                0x000000000001e418                rpl_process_dio
 .text          0x000000000001e98f      0xbf3 obj_cooja/mtype613.a(rpl-ext-header.)
                0x000000000001e9ac                rpl_verify_header
                0x000000000001ee26                rpl_update_header_empty
                0x000000000001f13d                rpl_update_header_final
                0x000000000001f2cc                rpl_remove_header
                0x000000000001f3d6                rpl_invert_header
                0x000000000001f560                rpl_insert_header
 .text          0x000000000001f582     0x24c3 obj_cooja/mtype613.a(rpl-icmp6.o)
                0x000000000001f84b                rpl_icmp6_update_nbr_table
                0x000000000001f93b                dis_output
                0x0000000000020273                dio_output
                0x0000000000020ade                LSA_converge_output
                0x00000000000215a4                dao_output
                0x000000000002166c                dao_output_target
                0x00000000000219ed                dao_ack_output
                0x0000000000021a01                rpl_icmp6_register_handlers
 .text          0x0000000000021a45      0x3dc obj_cooja/mtype613.a(rpl-ltmax.o)
 .text          0x0000000000021e21      0x8d8 obj_cooja/mtype613.a(rpl-timers.o)
                0x0000000000021e21                rpl_LSA_convergence_timer
                0x0000000000021ec8                rpl_reset_LSA_convergence_timer
                0x000000000002218c                rpl_reset_periodic_timer
                0x00000000000221e1                rpl_reset_dio_timer
                0x000000000002241b                rpl_schedule_dao
                0x0000000000022436                rpl_schedule_dao_immediately
                0x0000000000022451                rpl_cancel_dao
                0x00000000000224b3                rpl_schedule_unicast_dio_immediately
                0x00000000000226a1                rpl_schedule_probing
 .text          0x00000000000226f9      0x5dc obj_cooja/mtype613.a(rpl.o)
                0x00000000000226f9                rpl_get_mode
                0x0000000000022703                rpl_set_mode
                0x0000000000022791                rpl_purge_routes
                0x000000000002288b                rpl_remove_routes
                0x00000000000228d1                rpl_remove_routes_by_nexthop
                0x000000000002293d                rpl_add_route
                0x00000000000229b8                rpl_link_neighbor_callback
                0x0000000000022abd                rpl_ipv6_neighbor_callback
                0x0000000000022b2c                rpl_purge_dags
                0x0000000000022c38                rpl_init
 .text          0x0000000000022cd5      0x3f5 obj_cooja/mtype613.a(framer-802154.o)
 .text          0x00000000000230ca       0x5e obj_cooja/mtype613.a(nullmac.o)
 .text          0x0000000000023128     0x1282 obj_cooja/mtype613.a(cxmac.o)
                0x00000000000242e5                cxmac_set_announcement_radio_txpower
                0x00000000000242ea                cxmac_init
 .text          0x00000000000243aa       0x82 obj_cooja/mtype613.a(linkaddr.o)
                0x00000000000243aa                linkaddr_copy
                0x00000000000243cc                linkaddr_cmp
                0x00000000000243f6                linkaddr_set_node_addr
                0x0000000000024411                linkaddr_set_node_long_addr
 .text          0x000000000002442c      0x915 obj_cooja/mtype613.a(nbr-table.o)
                0x000000000002442c                long_ip_from_lladdr_map
                0x00000000000244b5                lladdr_map_add_lr
                0x0000000000024572                lladdr_map_rm_lr
                0x0000000000024a37                nbr_table_register
                0x0000000000024a7f                nbr_table_head
                0x0000000000024adb                nbr_table_next
                0x0000000000024b42                nbr_table_add_lladdr
                0x0000000000024c1e                nbr_table_get_from_lladdr
                0x0000000000024c6b                nbr_table_remove
                0x0000000000024cbd                nbr_table_lock
                0x0000000000024ce7                nbr_table_unlock
                0x0000000000024d11                nbr_table_get_lladdr
 .text          0x0000000000024d41       0x2b obj_cooja/mtype613.a(netstack.o)
                0x0000000000024d41                netstack_init
 .text          0x0000000000024d6c      0x3cd obj_cooja/mtype613.a(packetbuf.o)
                0x0000000000024d6c                packetbuf_clear
                0x0000000000024d96                packetbuf_copyfrom
                0x0000000000024de8                packetbuf_compact
                0x0000000000024e65                packetbuf_copyto
                0x0000000000024efc                packetbuf_hdralloc
                0x0000000000024f79                packetbuf_hdrreduce
                0x0000000000024fc1                packetbuf_set_datalen
                0x0000000000024fda                packetbuf_dataptr
                0x0000000000024ff7                packetbuf_hdrptr
                0x0000000000025001                packetbuf_datalen
                0x000000000002500d                packetbuf_hdrlen
                0x0000000000025024                packetbuf_totlen
                0x000000000002503a                packetbuf_attr_clear
                0x000000000002508c                packetbuf_attr_copyto
                0x00000000000250d5                packetbuf_attr_copyfrom
                0x000000000002511d                packetbuf_holds_broadcast
 .text          0x0000000000025139      0x2b4 obj_cooja/mtype613.a(queuebuf.o)
                0x0000000000025143                queuebuf_init
                0x0000000000025163                queuebuf_numfree
                0x0000000000025177                queuebuf_new_from_packetbuf
                0x0000000000025207                queuebuf_update_attr_from_packetbuf
                0x000000000002523a                queuebuf_update_from_packetbuf
                0x0000000000025284                queuebuf_free
                0x00000000000252cb                queuebuf_to_packetbuf
                0x0000000000025331                queuebuf_dataptr
                0x0000000000025368                queuebuf_datalen
                0x000000000002538b                queuebuf_addr
                0x00000000000253bd                queuebuf_attr
                0x00000000000253e8                queuebuf_debug_print
 .text          0x00000000000253ed       0x6e obj_cooja/mtype613.a(nullsec.o)
 .text          0x000000000002545b       0x19 obj_cooja/mtype613.a(watchdog.o)
                0x000000000002545b                watchdog_init
                0x0000000000025460                watchdog_start
                0x0000000000025465                watchdog_periodic
                0x000000000002546a                watchdog_stop
                0x000000000002546f                watchdog_reboot
 .text          0x0000000000025474        0x0 obj_cooja/mtype613.a(rimestats.o)
 .text          0x0000000000025474      0x1c1 obj_cooja/mtype613.a(memb.o)
                0x0000000000025474                memb_init
                0x00000000000254d2                memb_alloc
                0x0000000000025537                memb_free
                0x00000000000255b2                memb_inmemb
                0x00000000000255f1                memb_numfree
 .text          0x0000000000025635      0xab2 obj_cooja/mtype613.a(uip-icmp6.o)
                0x00000000000256a3                uip_icmp6_input
                0x00000000000256f9                uip_icmp6_register_input_handler
                0x00000000000259c1                uip_icmp6_error_output
                0x0000000000025d06                uip_icmp6_send
                0x000000000002607a                uip_icmp6_echo_reply_callback_add
                0x00000000000260ab                uip_icmp6_echo_reply_callback_rm
                0x00000000000260c7                uip_icmp6_init
 .text          0x00000000000260e7      0x358 obj_cooja/mtype613.a(uip-nd6.o)
                0x000000000002613b                uip_nd6_ns_output
                0x000000000002643a                uip_nd6_init
 .text          0x000000000002643f      0x331 obj_cooja/mtype613.a(rpl-nbr-policy.)
                0x0000000000026617                find_removable_dis
                0x000000000002663a                find_removable_dio
                0x00000000000266c9                find_removable_dao
                0x0000000000026719                rpl_nbr_policy_find_removable
 .text          0x0000000000026770      0x97c obj_cooja/mtype613.a(frame802154.o)
                0x00000000000267a1                frame802154_get_pan_id
                0x00000000000267ad                frame802154_set_pan_id
                0x00000000000267c6                frame802154_has_panid
                0x00000000000268b2                frame802154_check_dest_panid
                0x000000000002691a                frame802154_is_broadcast_addr
                0x0000000000026967                frame802154_extract_linkaddr
                0x0000000000026ba7                frame802154_hdrlen
                0x0000000000026bf8                frame802154_create
                0x0000000000026de3                frame802154_parse
 .text          0x00000000000270ec       0x3c obj_cooja/mtype613.a(mac.o)
                0x00000000000270ec                mac_call_sent_callback
 .text          0x0000000000027128        0x0 /usr/lib/gcc/i686-linux-gnu/4.8/crtendS.o
 .text          0x0000000000027128        0x0 /usr/lib/gcc/i686-linux-gnu/4.8/../../../i386-linux-gnu/crtn.o
 *(.gnu.warning)

.fini           0x0000000000027128       0x14
 *(SORT(.fini))
 .fini          0x0000000000027128        0xf /usr/lib/gcc/i686-linux-gnu/4.8/../../../i386-linux-gnu/crti.o
                0x0000000000027128                _fini
 .fini          0x0000000000027137        0x5 /usr/lib/gcc/i686-linux-gnu/4.8/../../../i386-linux-gnu/crtn.o
                0x000000000002713c                PROVIDE (__etext, .)
                0x000000000002713c                PROVIDE (_etext, .)
                0x000000000002713c                PROVIDE (etext, .)

.rodata         0x0000000000027140      0xe80
 *(.rodata .rodata.* .gnu.linkonce.r.*)
 .rodata        0x0000000000027140      0x2da udp-client.co
                0x0000000000027154                autostart_processes
 *fill*         0x000000000002741a        0x2 
 .rodata        0x000000000002741c      0x1e6 obj_cooja/mtype613.o
 *fill*         0x0000000000027602        0x2 
 .rodata        0x0000000000027604        0x8 obj_cooja/mtype613.a(beep.o)
                0x0000000000027604                beep_interface
 .rodata        0x000000000002760c       0x20 obj_cooja/mtype613.a(button-sensor.o)
                0x000000000002760c                button_interface
                0x000000000002761c                button_sensor
 .rodata        0x000000000002762c        0x8 obj_cooja/mtype613.a(leds-arch.o)
                0x000000000002762c                leds_interface
 .rodata        0x0000000000027634        0x8 obj_cooja/mtype613.a(moteid.o)
                0x0000000000027634                moteid_interface
 .rodata        0x000000000002763c       0x1c obj_cooja/mtype613.a(pir-sensor.o)
                0x000000000002763c                pir_interface
                0x0000000000027648                pir_sensor
 .rodata        0x0000000000027658        0xe obj_cooja/mtype613.a(rs232.o)
                0x0000000000027658                rs232_interface
 *fill*         0x0000000000027666        0x2 
 .rodata        0x0000000000027668       0x24 obj_cooja/mtype613.a(vib-sensor.o)
                0x0000000000027668                vib_interface
                0x000000000002767c                vib_sensor
 .rodata        0x000000000002768c        0x8 obj_cooja/mtype613.a(clock.o)
                0x000000000002768c                clock_interface
 .rodata        0x0000000000027694        0x8 obj_cooja/mtype613.a(log.o)
                0x0000000000027694                simlog_interface
 .rodata        0x000000000002769c       0x2f obj_cooja/mtype613.a(cfs-cooja.o)
                0x000000000002769c                cfs_interface
 *fill*         0x00000000000276cb       0x15 
 .rodata        0x00000000000276e0       0x60 obj_cooja/mtype613.a(cooja-radio.o)
                0x0000000000027700                cooja_radio_driver
                0x0000000000027738                radio_interface
 .rodata        0x0000000000027740        0x8 obj_cooja/mtype613.a(eeprom.o)
                0x0000000000027740                eeprom_interface
 .rodata        0x0000000000027748        0x8 obj_cooja/mtype613.a(sensors.o)
 .rodata        0x0000000000027750      0x1fe obj_cooja/mtype613.a(dual_conf.o)
 .rodata        0x000000000002794e        0xf obj_cooja/mtype613.a(ctimer.o)
 .rodata        0x000000000002795d        0xc obj_cooja/mtype613.a(etimer.o)
 *fill*         0x0000000000027969        0x3 
 .rodata        0x000000000002796c       0x73 obj_cooja/mtype613.a(log_message.o)
 *fill*         0x00000000000279df        0x1 
 .rodata        0x00000000000279e0       0x20 obj_cooja/mtype613.a(residual.o)
 .rodata        0x0000000000027a00        0xe obj_cooja/mtype613.a(serial-line.o)
 *fill*         0x0000000000027a0e        0x2 
 .rodata        0x0000000000027a10       0x2c obj_cooja/mtype613.a(sicslowpan.o)
                0x0000000000027a10                unc_llconf
                0x0000000000027a14                unc_ctxconf
                0x0000000000027a18                unc_mxconf
                0x0000000000027a1c                llprefix
                0x0000000000027a30                sicslowpan_driver
 .rodata        0x0000000000027a3c      0x13c obj_cooja/mtype613.a(uip6.o)
 .rodata        0x0000000000027b78       0x49 obj_cooja/mtype613.a(tcpip.o)
 .rodata        0x0000000000027bc1       0x3e obj_cooja/mtype613.a(uip-debug.o)
 *fill*         0x0000000000027bff        0x1 
 .rodata        0x0000000000027c00        0x4 obj_cooja/mtype613.a(rpl-dag.o)
 .rodata        0x0000000000027c04       0x1c obj_cooja/mtype613.a(rpl-icmp6.o)
 .rodata        0x0000000000027c20       0x86 obj_cooja/mtype613.a(rpl-timers.o)
 *fill*         0x0000000000027ca6        0x2 
 .rodata        0x0000000000027ca8        0xc obj_cooja/mtype613.a(framer-802154.o)
                0x0000000000027ca8                framer_802154
 .rodata        0x0000000000027cb4       0x24 obj_cooja/mtype613.a(nullmac.o)
                0x0000000000027cbc                nullmac_driver
 *fill*         0x0000000000027cd8        0x8 
 .rodata        0x0000000000027ce0      0x2c0 obj_cooja/mtype613.a(cxmac.o)
                0x0000000000027f80                cxmac_driver
 .rodata        0x0000000000027fa0        0x8 obj_cooja/mtype613.a(linkaddr.o)
                0x0000000000027fa0                linkaddr_null
 .rodata        0x0000000000027fa8       0x18 obj_cooja/mtype613.a(nullsec.o)
                0x0000000000027fb0                nullsec_driver

.rodata1
 *(.rodata1)

.eh_frame_hdr   0x0000000000027fc0     0x13fc
 *(.eh_frame_hdr)
 .eh_frame_hdr  0x0000000000027fc0     0x13fc udp-client.co

.eh_frame       0x00000000000293bc     0x5140
 *(.eh_frame)
 .eh_frame      0x00000000000293bc       0x3c /usr/lib/gcc/i686-linux-gnu/4.8/../../../i386-linux-gnu/crti.o
                                         0x40 (size before relaxing)
 .eh_frame      0x00000000000293f8       0xb4 udp-client.co
                                         0xcc (size before relaxing)
 .eh_frame      0x00000000000294ac      0x148 obj_cooja/mtype613.o
                                        0x160 (size before relaxing)
 .eh_frame      0x00000000000295f4       0x40 obj_cooja/mtype613.a(simEnvChange.o)
                                         0x58 (size before relaxing)
 .eh_frame      0x0000000000029634       0xc0 obj_cooja/mtype613.a(cooja_mt.o)
                                         0xd8 (size before relaxing)
 .eh_frame      0x00000000000296f4      0x120 obj_cooja/mtype613.a(cooja_mtarch.o)
                                        0x138 (size before relaxing)
 .eh_frame      0x0000000000029814       0xc0 obj_cooja/mtype613.a(rtimer-arch.o)
                                         0xd8 (size before relaxing)
 .eh_frame      0x00000000000298d4      0x160 obj_cooja/mtype613.a(beep.o)
                                        0x178 (size before relaxing)
 .eh_frame      0x0000000000029a34       0xa0 obj_cooja/mtype613.a(button-sensor.o)
                                         0xb8 (size before relaxing)
 .eh_frame      0x0000000000029ad4       0xa0 obj_cooja/mtype613.a(leds-arch.o)
                                         0xb8 (size before relaxing)
 .eh_frame      0x0000000000029b74       0x40 obj_cooja/mtype613.a(moteid.o)
                                         0x58 (size before relaxing)
 .eh_frame      0x0000000000029bb4       0xa0 obj_cooja/mtype613.a(pir-sensor.o)
                                         0xb8 (size before relaxing)
 .eh_frame      0x0000000000029c54      0x100 obj_cooja/mtype613.a(rs232.o)
                                        0x118 (size before relaxing)
 .eh_frame      0x0000000000029d54       0xa0 obj_cooja/mtype613.a(vib-sensor.o)
                                         0xb8 (size before relaxing)
 .eh_frame      0x0000000000029df4       0xc0 obj_cooja/mtype613.a(clock.o)
                                         0xd8 (size before relaxing)
 .eh_frame      0x0000000000029eb4      0x120 obj_cooja/mtype613.a(log.o)
                                        0x138 (size before relaxing)
 .eh_frame      0x0000000000029fd4      0x160 obj_cooja/mtype613.a(cfs-cooja.o)
                                        0x178 (size before relaxing)
 .eh_frame      0x000000000002a134      0x2e0 obj_cooja/mtype613.a(cooja-radio.o)
                                        0x2f8 (size before relaxing)
 .eh_frame      0x000000000002a414       0xa0 obj_cooja/mtype613.a(eeprom.o)
                                         0xb8 (size before relaxing)
 .eh_frame      0x000000000002a4b4       0x40 obj_cooja/mtype613.a(random.o)
                                         0x58 (size before relaxing)
 .eh_frame      0x000000000002a4f4       0xc0 obj_cooja/mtype613.a(sensors.o)
                                         0xd8 (size before relaxing)
 .eh_frame      0x000000000002a5b4      0x100 obj_cooja/mtype613.a(leds.o)
                                        0x118 (size before relaxing)
 .eh_frame      0x000000000002a6b4      0x1a0 obj_cooja/mtype613.a(dual_conf.o)
                                        0x1b8 (size before relaxing)
 .eh_frame      0x000000000002a854       0x40 obj_cooja/mtype613.a(autostart.o)
                                         0x58 (size before relaxing)
 .eh_frame      0x000000000002a894      0x100 obj_cooja/mtype613.a(ctimer.o)
                                        0x118 (size before relaxing)
 .eh_frame      0x000000000002a994      0x1e0 obj_cooja/mtype613.a(etimer.o)
                                        0x1f8 (size before relaxing)
 .eh_frame      0x000000000002ab74       0x40 obj_cooja/mtype613.a(log_message.o)
                                         0x58 (size before relaxing)
 .eh_frame      0x000000000002abb4      0x1c8 obj_cooja/mtype613.a(process.o)
                                        0x1e0 (size before relaxing)
 .eh_frame      0x000000000002ad7c       0x2c obj_cooja/mtype613.a(residual.o)
                                         0x44 (size before relaxing)
 .eh_frame      0x000000000002ada8       0x60 obj_cooja/mtype613.a(rtimer.o)
                                         0x78 (size before relaxing)
 .eh_frame      0x000000000002ae08       0xc4 obj_cooja/mtype613.a(stimer.o)
                                         0xdc (size before relaxing)
 .eh_frame      0x000000000002aecc       0xa4 obj_cooja/mtype613.a(timer.o)
                                         0xbc (size before relaxing)
 .eh_frame      0x000000000002af70       0x60 obj_cooja/mtype613.a(serial-line.o)
                                         0x78 (size before relaxing)
 .eh_frame      0x000000000002afd0      0x180 obj_cooja/mtype613.a(list.o)
                                        0x198 (size before relaxing)
 .eh_frame      0x000000000002b150       0xa0 obj_cooja/mtype613.a(ringbuf.o)
                                         0xb8 (size before relaxing)
 .eh_frame      0x000000000002b1f0      0x350 obj_cooja/mtype613.a(sicslowpan.o)
                                        0x368 (size before relaxing)
 .eh_frame      0x000000000002b540      0x180 obj_cooja/mtype613.a(uip-ds6-nbr.o)
                                        0x198 (size before relaxing)
 .eh_frame      0x000000000002b6c0      0x2a0 obj_cooja/mtype613.a(uip-ds6-route.o)
                                        0x2b8 (size before relaxing)
 .eh_frame      0x000000000002b960      0x3c8 obj_cooja/mtype613.a(uip-ds6.o)
                                        0x3e0 (size before relaxing)
 .eh_frame      0x000000000002bd28      0x27c obj_cooja/mtype613.a(uip6.o)
                                        0x294 (size before relaxing)
 .eh_frame      0x000000000002bfa4      0x270 obj_cooja/mtype613.a(tcpip.o)
                                        0x288 (size before relaxing)
 .eh_frame      0x000000000002c214       0x48 obj_cooja/mtype613.a(uip-debug.o)
                                         0x60 (size before relaxing)
 .eh_frame      0x000000000002c25c       0xe0 obj_cooja/mtype613.a(uip-packetqueue)
                                         0xf8 (size before relaxing)
 .eh_frame      0x000000000002c33c       0x40 obj_cooja/mtype613.a(uip-udp-packet.)
                                         0x58 (size before relaxing)
 .eh_frame      0x000000000002c37c      0x76c obj_cooja/mtype613.a(rpl-dag.o)
                                        0x784 (size before relaxing)
 .eh_frame      0x000000000002cae8      0x10c obj_cooja/mtype613.a(rpl-ext-header.)
                                        0x124 (size before relaxing)
 .eh_frame      0x000000000002cbf4      0x2f8 obj_cooja/mtype613.a(rpl-icmp6.o)
                                        0x310 (size before relaxing)
 .eh_frame      0x000000000002ceec       0xe0 obj_cooja/mtype613.a(rpl-ltmax.o)
                                         0xf8 (size before relaxing)
 .eh_frame      0x000000000002cfcc      0x26c obj_cooja/mtype613.a(rpl-timers.o)
                                        0x284 (size before relaxing)
 .eh_frame      0x000000000002d238      0x148 obj_cooja/mtype613.a(rpl.o)
                                        0x160 (size before relaxing)
 .eh_frame      0x000000000002d380      0x108 obj_cooja/mtype613.a(framer-802154.o)
                                        0x120 (size before relaxing)
 .eh_frame      0x000000000002d488       0xc0 obj_cooja/mtype613.a(nullmac.o)
                                         0xd8 (size before relaxing)
 .eh_frame      0x000000000002d548      0x2c0 obj_cooja/mtype613.a(cxmac.o)
                                        0x2d8 (size before relaxing)
 .eh_frame      0x000000000002d808       0x80 obj_cooja/mtype613.a(linkaddr.o)
                                         0x98 (size before relaxing)
 .eh_frame      0x000000000002d888      0x2cc obj_cooja/mtype613.a(nbr-table.o)
                                        0x2e4 (size before relaxing)
 .eh_frame      0x000000000002db54       0x20 obj_cooja/mtype613.a(netstack.o)
                                         0x38 (size before relaxing)
 .eh_frame      0x000000000002db74      0x214 obj_cooja/mtype613.a(packetbuf.o)
                                        0x22c (size before relaxing)
 .eh_frame      0x000000000002dd88      0x1a0 obj_cooja/mtype613.a(queuebuf.o)
                                        0x1b8 (size before relaxing)
 .eh_frame      0x000000000002df28       0x80 obj_cooja/mtype613.a(nullsec.o)
                                         0x98 (size before relaxing)
 .eh_frame      0x000000000002dfa8       0xa0 obj_cooja/mtype613.a(watchdog.o)
                                         0xb8 (size before relaxing)
 .eh_frame      0x000000000002e048       0xa0 obj_cooja/mtype613.a(memb.o)
                                         0xb8 (size before relaxing)
 .eh_frame      0x000000000002e0e8      0x164 obj_cooja/mtype613.a(uip-icmp6.o)
                                        0x17c (size before relaxing)
 .eh_frame      0x000000000002e24c       0x68 obj_cooja/mtype613.a(uip-nd6.o)
                                         0x80 (size before relaxing)
 .eh_frame      0x000000000002e2b4       0xc0 obj_cooja/mtype613.a(rpl-nbr-policy.)
                                         0xd8 (size before relaxing)
 .eh_frame      0x000000000002e374      0x164 obj_cooja/mtype613.a(frame802154.o)
                                        0x17c (size before relaxing)
 .eh_frame      0x000000000002e4d8       0x20 obj_cooja/mtype613.a(mac.o)
                                         0x38 (size before relaxing)
 .eh_frame      0x000000000002e4f8        0x4 /usr/lib/gcc/i686-linux-gnu/4.8/crtendS.o

.gcc_except_table
 *(.gcc_except_table .gcc_except_table.*)

.exception_ranges
 *(.exception_ranges .exception_ranges*)
                0x000000000002e4fc                . = (ALIGN (0x1000) - ((0x1000 - .) & 0xfff))
                0x000000000002fef8                . = DATA_SEGMENT_ALIGN (0x1000, 0x1000)

.eh_frame
 *(.eh_frame)

.gcc_except_table
 *(.gcc_except_table .gcc_except_table.*)

.exception_ranges
 *(.exception_ranges .exception_ranges*)

.tdata
 *(.tdata .tdata.* .gnu.linkonce.td.*)

.tbss
 *(.tbss .tbss.* .gnu.linkonce.tb.*)
 *(.tcommon)

.preinit_array
 *(.preinit_array)

.init_array     0x000000000002fef8        0x4
 *(SORT(.init_array.*) SORT(.ctors.*))
 *(.init_array EXCLUDE_FILE(*crtend?.o *crtend.o *crtbegin?.o *crtbegin.o) .ctors)
 .init_array    0x000000000002fef8        0x4 /usr/lib/gcc/i686-linux-gnu/4.8/crtbeginS.o

.fini_array     0x000000000002fefc        0x4
 *(SORT(.fini_array.*) SORT(.dtors.*))
 *(.fini_array EXCLUDE_FILE(*crtend?.o *crtend.o *crtbegin?.o *crtbegin.o) .dtors)
 .fini_array    0x000000000002fefc        0x4 /usr/lib/gcc/i686-linux-gnu/4.8/crtbeginS.o

.ctors
 *crtbegin.o(.ctors)
 *crtbegin?.o(.ctors)
 *(EXCLUDE_FILE(*crtend?.o *crtend.o) .ctors)
 *(SORT(.ctors.*))
 *(.ctors)

.dtors
 *crtbegin.o(.dtors)
 *crtbegin?.o(.dtors)
 *(EXCLUDE_FILE(*crtend?.o *crtend.o) .dtors)
 *(SORT(.dtors.*))
 *(.dtors)

.jcr            0x000000000002ff00        0x4
 *(.jcr)
 .jcr           0x000000000002ff00        0x0 /usr/lib/gcc/i686-linux-gnu/4.8/crtbeginS.o
 .jcr           0x000000000002ff00        0x4 /usr/lib/gcc/i686-linux-gnu/4.8/crtendS.o

.data.rel.ro
 *(.data.rel.ro.local* .gnu.linkonce.d.rel.ro.local.*)
 *(.data.rel.ro .data.rel.ro.* .gnu.linkonce.d.rel.ro.*)

.dynamic        0x000000000002ff04       0xe8
 *(.dynamic)
 .dynamic       0x000000000002ff04       0xe8 /usr/lib/gcc/i686-linux-gnu/4.8/../../../i386-linux-gnu/crti.o
                0x000000000002ff04                _DYNAMIC

.got            0x000000000002ffec       0x14
 *(.got)
 .got           0x000000000002ffec       0x14 /usr/lib/gcc/i686-linux-gnu/4.8/../../../i386-linux-gnu/crti.o
 *(.igot)
                0x0000000000030ff4                . = DATA_SEGMENT_RELRO_END (., (SIZEOF (.got.plt) >= 0xc)?0xc:0x0)

.got.plt        0x0000000000030000       0x14
 *(.got.plt)
 .got.plt       0x0000000000030000       0x14 /usr/lib/gcc/i686-linux-gnu/4.8/../../../i386-linux-gnu/crti.o
                0x0000000000030000                _GLOBAL_OFFSET_TABLE_
 *(.igot.plt)

.data           0x0000000000030020      0x29a
 *(.data .data.* .gnu.linkonce.d.*)
 .data          0x0000000000030020        0x0 /usr/lib/gcc/i686-linux-gnu/4.8/../../../i386-linux-gnu/crti.o
 .data          0x0000000000030020        0x0 /usr/lib/gcc/i686-linux-gnu/4.8/crtbeginS.o
 .data.rel      0x0000000000030020        0x4 /usr/lib/gcc/i686-linux-gnu/4.8/crtbeginS.o
                0x0000000000030020                __dso_handle
 .data          0x0000000000030024       0x10 udp-client.co
                0x0000000000030024                udp_client_process
 *fill*         0x0000000000030034        0xc 
 .data          0x0000000000030040       0x44 obj_cooja/mtype613.o
                0x0000000000030040                simInterfaces
                0x0000000000030074                sensors
 .data          0x0000000000030084        0x0 obj_cooja/mtype613.a(simEnvChange.o)
 .data          0x0000000000030084        0x0 obj_cooja/mtype613.a(cooja_mt.o)
 .data          0x0000000000030084        0x0 obj_cooja/mtype613.a(cooja_mtarch.o)
 .data          0x0000000000030084        0x0 obj_cooja/mtype613.a(rtimer-arch.o)
 .data          0x0000000000030084        0x0 obj_cooja/mtype613.a(beep.o)
 .data          0x0000000000030084        0x0 obj_cooja/mtype613.a(button-sensor.o)
 .data          0x0000000000030084        0x0 obj_cooja/mtype613.a(leds-arch.o)
 .data          0x0000000000030084        0x0 obj_cooja/mtype613.a(moteid.o)
 .data          0x0000000000030084        0x0 obj_cooja/mtype613.a(pir-sensor.o)
 .data          0x0000000000030084        0x0 obj_cooja/mtype613.a(rs232.o)
 .data          0x0000000000030084        0x0 obj_cooja/mtype613.a(vib-sensor.o)
 .data          0x0000000000030084        0x0 obj_cooja/mtype613.a(clock.o)
 .data          0x0000000000030084        0x0 obj_cooja/mtype613.a(log.o)
 .data          0x0000000000030084        0x0 obj_cooja/mtype613.a(cfs-cooja.o)
 .data          0x0000000000030084       0x40 obj_cooja/mtype613.a(cooja-radio.o)
                0x0000000000030084                simRadioChannelLR
                0x0000000000030088                simRadioHWOnLR
                0x000000000003008c                simSignalStrengthLR
                0x0000000000030090                simLastSignalStrengthLR
                0x0000000000030094                simPowerLR
                0x0000000000030098                simLQILR
                0x000000000003009c                simRadioChannel
                0x00000000000300a0                simRadioHWOn
                0x00000000000300a4                simSignalStrength
                0x00000000000300a8                simLastSignalStrength
                0x00000000000300ac                simPower
                0x00000000000300b0                simLQI
                0x00000000000300b4                cooja_radio_process
 .data          0x00000000000300c4        0x0 obj_cooja/mtype613.a(eeprom.o)
 .data          0x00000000000300c4        0x0 obj_cooja/mtype613.a(random.o)
 .data          0x00000000000300c4       0x10 obj_cooja/mtype613.a(sensors.o)
                0x00000000000300c4                sensors_process
 .data          0x00000000000300d4        0x0 obj_cooja/mtype613.a(leds.o)
 .data          0x00000000000300d4       0x3a obj_cooja/mtype613.a(dual_conf.o)
                0x00000000000300d4                radio_received
                0x00000000000300d8                dual_dio_broadcast
                0x00000000000300e8                dual_dis_broadcast
                0x00000000000300f8                dual_LSA_converge_broadcast
 .data          0x000000000003010e        0x0 obj_cooja/mtype613.a(autostart.o)
 *fill*         0x000000000003010e        0x2 
 .data          0x0000000000030110       0x14 obj_cooja/mtype613.a(ctimer.o)
                0x0000000000030114                ctimer_process
 .data          0x0000000000030124       0x10 obj_cooja/mtype613.a(etimer.o)
                0x0000000000030124                etimer_process
 .data          0x0000000000030134        0x0 obj_cooja/mtype613.a(log_message.o)
 .data          0x0000000000030134        0x0 obj_cooja/mtype613.a(process.o)
 .data          0x0000000000030134        0x0 obj_cooja/mtype613.a(residual.o)
 .data          0x0000000000030134        0x0 obj_cooja/mtype613.a(rtimer.o)
 .data          0x0000000000030134        0x0 obj_cooja/mtype613.a(stimer.o)
 .data          0x0000000000030134        0x0 obj_cooja/mtype613.a(timer.o)
 .data          0x0000000000030134       0x10 obj_cooja/mtype613.a(serial-line.o)
                0x0000000000030134                serial_line_process
 .data          0x0000000000030144        0x0 obj_cooja/mtype613.a(list.o)
 .data          0x0000000000030144        0x0 obj_cooja/mtype613.a(ringbuf.o)
 .data          0x0000000000030144        0x0 obj_cooja/mtype613.a(sicslowpan.o)
 .data          0x0000000000030144       0x14 obj_cooja/mtype613.a(uip-ds6-nbr.o)
                0x0000000000030154                ds6_neighbors
 .data          0x0000000000030158       0x44 obj_cooja/mtype613.a(uip-ds6-route.o)
                0x0000000000030168                nbr_routes
 .data          0x000000000003019c        0x0 obj_cooja/mtype613.a(uip-ds6.o)
 .data          0x000000000003019c        0x0 obj_cooja/mtype613.a(uip6.o)
 .data          0x000000000003019c       0x10 obj_cooja/mtype613.a(tcpip.o)
                0x000000000003019c                tcpip_process
 .data          0x00000000000301ac        0x0 obj_cooja/mtype613.a(uip-debug.o)
 .data          0x00000000000301ac        0xc obj_cooja/mtype613.a(uip-packetqueue)
 .data          0x00000000000301b8        0x0 obj_cooja/mtype613.a(uip-udp-packet.)
 .data          0x00000000000301b8       0x28 obj_cooja/mtype613.a(rpl-dag.o)
                0x00000000000301c8                rpl_parents
                0x00000000000301dc                rpl_children
 .data          0x00000000000301e0        0x0 obj_cooja/mtype613.a(rpl-ext-header.)
 .data          0x00000000000301e0       0x40 obj_cooja/mtype613.a(rpl-icmp6.o)
 .data          0x0000000000030220       0x1c obj_cooja/mtype613.a(rpl-ltmax.o)
                0x0000000000030220                rpl_ltmax_of
 .data          0x000000000003023c        0x0 obj_cooja/mtype613.a(rpl-timers.o)
 .data          0x000000000003023c        0x0 obj_cooja/mtype613.a(rpl.o)
 .data          0x000000000003023c        0x0 obj_cooja/mtype613.a(framer-802154.o)
 .data          0x000000000003023c        0x0 obj_cooja/mtype613.a(nullmac.o)
 .data          0x000000000003023c       0x30 obj_cooja/mtype613.a(cxmac.o)
                0x000000000003023c                cxmac_config
                0x000000000003024c                strobe_wait
 .data          0x000000000003026c        0x0 obj_cooja/mtype613.a(linkaddr.o)
 .data          0x000000000003026c       0x10 obj_cooja/mtype613.a(nbr-table.o)
 .data          0x000000000003027c        0x0 obj_cooja/mtype613.a(netstack.o)
 .data          0x000000000003027c        0x4 obj_cooja/mtype613.a(packetbuf.o)
 .data          0x0000000000030280       0x18 obj_cooja/mtype613.a(queuebuf.o)
 .data          0x0000000000030298        0x0 obj_cooja/mtype613.a(nullsec.o)
 .data          0x0000000000030298        0x0 obj_cooja/mtype613.a(watchdog.o)
 .data          0x0000000000030298        0x0 obj_cooja/mtype613.a(rimestats.o)
 .data          0x0000000000030298        0x0 obj_cooja/mtype613.a(memb.o)
 .data          0x0000000000030298       0x20 obj_cooja/mtype613.a(uip-icmp6.o)
 .data          0x00000000000302b8        0x0 obj_cooja/mtype613.a(uip-nd6.o)
 .data          0x00000000000302b8        0x0 obj_cooja/mtype613.a(rpl-nbr-policy.)
 .data          0x00000000000302b8        0x2 obj_cooja/mtype613.a(frame802154.o)
 .data          0x00000000000302ba        0x0 obj_cooja/mtype613.a(mac.o)
 .data          0x00000000000302ba        0x0 /usr/lib/gcc/i686-linux-gnu/4.8/crtendS.o
 .data          0x00000000000302ba        0x0 /usr/lib/gcc/i686-linux-gnu/4.8/../../../i386-linux-gnu/crtn.o

.tm_clone_table
                0x00000000000302bc        0x0
 .tm_clone_table
                0x00000000000302bc        0x0 /usr/lib/gcc/i686-linux-gnu/4.8/crtbeginS.o
 .tm_clone_table
                0x00000000000302bc        0x0 /usr/lib/gcc/i686-linux-gnu/4.8/crtendS.o

.data1
 *(.data1)
                0x00000000000302bc                _edata = .
                0x00000000000302bc                PROVIDE (edata, .)
                0x00000000000302bc                . = .
                0x00000000000302bc                __bss_start = .

.bss            0x00000000000302c0     0x8388
 *(.dynbss)
 .dynbss        0x0000000000000000        0x0 /usr/lib/gcc/i686-linux-gnu/4.8/../../../i386-linux-gnu/crti.o
 *(.bss .bss.* .gnu.linkonce.b.*)
 .bss           0x00000000000302c0        0x0 /usr/lib/gcc/i686-linux-gnu/4.8/../../../i386-linux-gnu/crti.o
 .bss           0x00000000000302c0        0x1 /usr/lib/gcc/i686-linux-gnu/4.8/crtbeginS.o
 *fill*         0x00000000000302c1       0x1f 
 .bss           0x00000000000302e0       0x60 udp-client.co
                0x00000000000302e0                my_weight
 .bss           0x0000000000030340     0x2030 obj_cooja/mtype613.o
 .bss           0x0000000000032370        0x1 obj_cooja/mtype613.a(simEnvChange.o)
                0x0000000000032370                simDontFallAsleep
 *fill*         0x0000000000032371        0x3 
 .bss           0x0000000000032374        0x4 obj_cooja/mtype613.a(cooja_mt.o)
 .bss           0x0000000000032378        0x4 obj_cooja/mtype613.a(cooja_mtarch.o)
 .bss           0x000000000003237c        0xc obj_cooja/mtype613.a(rtimer-arch.o)
 .bss           0x0000000000032388        0x0 obj_cooja/mtype613.a(beep.o)
 .bss           0x0000000000032388        0x8 obj_cooja/mtype613.a(button-sensor.o)
 .bss           0x0000000000032390        0x0 obj_cooja/mtype613.a(leds-arch.o)
 .bss           0x0000000000032390        0x0 obj_cooja/mtype613.a(moteid.o)
 .bss           0x0000000000032390        0x1 obj_cooja/mtype613.a(pir-sensor.o)
                0x0000000000032390                simPirValue
 *fill*         0x0000000000032391        0x3 
 .bss           0x0000000000032394        0x4 obj_cooja/mtype613.a(rs232.o)
 .bss           0x0000000000032398        0x1 obj_cooja/mtype613.a(vib-sensor.o)
                0x0000000000032398                simVibValue
 .bss           0x0000000000032399        0x0 obj_cooja/mtype613.a(clock.o)
 *fill*         0x0000000000032399        0x7 
 .bss           0x00000000000323a0      0x420 obj_cooja/mtype613.a(log.o)
 .bss           0x00000000000327c0      0xfc0 obj_cooja/mtype613.a(cfs-cooja.o)
                0x00000000000327c0                simCFSData
                0x0000000000033760                simCFSSize
                0x0000000000033764                simCFSChanged
                0x0000000000033768                simCFSRead
                0x000000000003376c                simCFSWritten
 .bss           0x0000000000033780       0x24 obj_cooja/mtype613.a(cooja-radio.o)
                0x0000000000033780                simReceivingLR
                0x0000000000033784                simInSizeLR
                0x0000000000033788                simOutSizeLR
                0x000000000003378c                simReceiving
                0x0000000000033790                simInSize
                0x0000000000033794                simOutSize
                0x0000000000033798                LongRangeTransmit
                0x000000000003379c                LongRangeReceiving
 .bss           0x00000000000337a4        0xc obj_cooja/mtype613.a(eeprom.o)
                0x00000000000337a4                simEEPROMChanged
                0x00000000000337a8                simEEPROMRead
                0x00000000000337ac                simEEPROMWritten
 .bss           0x00000000000337b0        0x0 obj_cooja/mtype613.a(random.o)
 .bss           0x00000000000337b0        0xc obj_cooja/mtype613.a(sensors.o)
 .bss           0x00000000000337bc        0x1 obj_cooja/mtype613.a(leds.o)
 *fill*         0x00000000000337bd        0x3 
 .bss           0x00000000000337c0       0x3c obj_cooja/mtype613.a(dual_conf.o)
                0x00000000000337c0                long_range_radio
 .bss           0x00000000000337fc        0x0 obj_cooja/mtype613.a(autostart.o)
 .bss           0x00000000000337fc        0x5 obj_cooja/mtype613.a(ctimer.o)
 *fill*         0x0000000000033801        0x3 
 .bss           0x0000000000033804        0x8 obj_cooja/mtype613.a(etimer.o)
 .bss           0x000000000003380c        0x0 obj_cooja/mtype613.a(log_message.o)
 *fill*         0x000000000003380c       0x14 
 .bss           0x0000000000033820      0x1b1 obj_cooja/mtype613.a(process.o)
                0x0000000000033820                process_list
                0x0000000000033824                process_current
 .bss           0x00000000000339d1        0x0 obj_cooja/mtype613.a(residual.o)
 *fill*         0x00000000000339d1        0x3 
 .bss           0x00000000000339d4        0x4 obj_cooja/mtype613.a(rtimer.o)
 .bss           0x00000000000339d8        0x0 obj_cooja/mtype613.a(stimer.o)
 .bss           0x00000000000339d8        0x0 obj_cooja/mtype613.a(timer.o)
 *fill*         0x00000000000339d8        0x8 
 .bss           0x00000000000339e0      0x140 obj_cooja/mtype613.a(serial-line.o)
 .bss           0x0000000000033b20        0x0 obj_cooja/mtype613.a(list.o)
 .bss           0x0000000000033b20        0x0 obj_cooja/mtype613.a(ringbuf.o)
 .bss           0x0000000000033b20      0x70c obj_cooja/mtype613.a(sicslowpan.o)
 *fill*         0x000000000003422c       0x14 
 .bss           0x0000000000034240       0xc0 obj_cooja/mtype613.a(uip-ds6-nbr.o)
 .bss           0x0000000000034300      0x4a8 obj_cooja/mtype613.a(uip-ds6-route.o)
 .bss           0x00000000000347a8       0x30 obj_cooja/mtype613.a(uip-ds6.o)
 .bss           0x00000000000347d8        0xe obj_cooja/mtype613.a(uip6.o)
                0x00000000000347d8                uip_ext_bitmap
                0x00000000000347d9                uip_ext_len
                0x00000000000347da                uip_ext_opt_offset
 *fill*         0x00000000000347e6       0x1a 
 .bss           0x0000000000034800       0x6b obj_cooja/mtype613.a(tcpip.o)
 .bss           0x000000000003486b        0x0 obj_cooja/mtype613.a(uip-debug.o)
 *fill*         0x000000000003486b       0x15 
 .bss           0x0000000000034880      0xcf8 obj_cooja/mtype613.a(uip-packetqueue)
 .bss           0x0000000000035578        0x0 obj_cooja/mtype613.a(uip-udp-packet.)
 *fill*         0x0000000000035578        0x8 
 .bss           0x0000000000035580       0x88 obj_cooja/mtype613.a(rpl-dag.o)
 .bss           0x0000000000035608        0x0 obj_cooja/mtype613.a(rpl-ext-header.)
 .bss           0x0000000000035608        0x0 obj_cooja/mtype613.a(rpl-icmp6.o)
 .bss           0x0000000000035608        0x0 obj_cooja/mtype613.a(rpl-ltmax.o)
 *fill*         0x0000000000035608       0x18 
 .bss           0x0000000000035620       0x60 obj_cooja/mtype613.a(rpl-timers.o)
 .bss           0x0000000000035680        0x4 obj_cooja/mtype613.a(rpl.o)
 .bss           0x0000000000035684        0x2 obj_cooja/mtype613.a(framer-802154.o)
 .bss           0x0000000000035686        0x0 obj_cooja/mtype613.a(nullmac.o)
 *fill*         0x0000000000035686       0x1a 
 .bss           0x00000000000356a0       0xb0 obj_cooja/mtype613.a(cxmac.o)
 .bss           0x0000000000035750        0x0 obj_cooja/mtype613.a(linkaddr.o)
 *fill*         0x0000000000035750       0x10 
 .bss           0x0000000000035760       0xc4 obj_cooja/mtype613.a(nbr-table.o)
 .bss           0x0000000000035824        0x0 obj_cooja/mtype613.a(netstack.o)
 *fill*         0x0000000000035824       0x1c 
 .bss           0x0000000000035840       0xa0 obj_cooja/mtype613.a(packetbuf.o)
 .bss           0x00000000000358e0      0xb80 obj_cooja/mtype613.a(queuebuf.o)
 .bss           0x0000000000036460        0x0 obj_cooja/mtype613.a(nullsec.o)
 .bss           0x0000000000036460        0x0 obj_cooja/mtype613.a(watchdog.o)
 .bss           0x0000000000036460        0x0 obj_cooja/mtype613.a(rimestats.o)
 .bss           0x0000000000036460        0x0 obj_cooja/mtype613.a(memb.o)
 .bss           0x0000000000036460       0x18 obj_cooja/mtype613.a(uip-icmp6.o)
 .bss           0x0000000000036478        0x0 obj_cooja/mtype613.a(uip-nd6.o)
 *fill*         0x0000000000036478        0x8 
 .bss           0x0000000000036480       0x44 obj_cooja/mtype613.a(rpl-nbr-policy.)
 .bss           0x00000000000364c4        0x0 obj_cooja/mtype613.a(frame802154.o)
 .bss           0x00000000000364c4        0x0 obj_cooja/mtype613.a(mac.o)
 .bss           0x00000000000364c4        0x0 /usr/lib/gcc/i686-linux-gnu/4.8/crtendS.o
 .bss           0x00000000000364c4        0x0 /usr/lib/gcc/i686-linux-gnu/4.8/../../../i386-linux-gnu/crtn.o
 *(COMMON)
 COMMON         0x00000000000364c4       0x54 udp-client.co
                0x00000000000364c4                dio_count
                0x00000000000364c8                dis_count
                0x00000000000364cc                collision_count
                0x00000000000364d0                transmission_count
                0x00000000000364d4                COOJA_radioRxLong
                0x00000000000364d8                LSA_message_input
                0x00000000000364dc                control_message_count
                0x00000000000364e0                dao_count
                0x00000000000364e4                COOJA_radioTx
                0x00000000000364e8                LSA_SR_preamble
                0x00000000000364ec                data_relay_count
                0x00000000000364f0                LSA_lr_child
                0x00000000000364f4                data_message_count
                0x00000000000364f8                LSA_converge
                0x00000000000364f9                my_sink_reachability
                0x00000000000364fc                COOJA_radioTxLong
                0x0000000000036500                COOJA_radioRx
                0x0000000000036504                my_parent_number
                0x0000000000036508                COOJA_radioOn
                0x000000000003650c                COOJA_duration
                0x0000000000036510                dio_ack_count
                0x0000000000036514                COOJA_radioOnLong
 COMMON         0x0000000000036518        0xc obj_cooja/mtype613.o
                0x0000000000036518                referenceVar
                0x000000000003651c                debugfp
                0x0000000000036520                sensors_flags
 COMMON         0x0000000000036524        0xc obj_cooja/mtype613.a(simEnvChange.o)
                0x0000000000036524                simEtimerPending
                0x0000000000036528                simProcessRunValue
                0x000000000003652c                simNextExpirationTime
 COMMON         0x0000000000036530        0x1 obj_cooja/mtype613.a(beep.o)
                0x0000000000036530                simBeeped
 COMMON         0x0000000000036531        0x3 obj_cooja/mtype613.a(button-sensor.o)
                0x0000000000036531                simButtonIsActive
                0x0000000000036532                simButtonIsDown
                0x0000000000036533                simButtonChanged
 COMMON         0x0000000000036534        0x1 obj_cooja/mtype613.a(leds-arch.o)
                0x0000000000036534                simLedsValue
 *fill*         0x0000000000036535        0x3 
 COMMON         0x0000000000036538        0xc obj_cooja/mtype613.a(moteid.o)
                0x0000000000036538                simRandomSeed
                0x000000000003653c                simMoteIDChanged
                0x0000000000036540                simMoteID
 COMMON         0x0000000000036544        0x2 obj_cooja/mtype613.a(pir-sensor.o)
                0x0000000000036544                simPirIsActive
                0x0000000000036545                simPirChanged
 *fill*         0x0000000000036546       0x1a 
 COMMON         0x0000000000036560      0x820 obj_cooja/mtype613.a(rs232.o)
                0x0000000000036560                simSerialReceivingFlag
                0x0000000000036564                simSerialReceivingLength
                0x0000000000036580                simSerialReceivingData
 COMMON         0x0000000000036d80        0x2 obj_cooja/mtype613.a(vib-sensor.o)
                0x0000000000036d80                simVibChanged
                0x0000000000036d81                simVibIsActive
 *fill*         0x0000000000036d82        0x2 
 COMMON         0x0000000000036d84        0x4 obj_cooja/mtype613.a(clock.o)
                0x0000000000036d84                simCurrentTime
 *fill*         0x0000000000036d88       0x18 
 COMMON         0x0000000000036da0      0x420 obj_cooja/mtype613.a(log.o)
                0x0000000000036da0                simLoggedLength
                0x0000000000036da4                simLoggedFlag
                0x0000000000036dc0                simLoggedData
 COMMON         0x00000000000371c0      0x240 obj_cooja/mtype613.a(cooja-radio.o)
                0x00000000000371c0                simOutDataBuffer
                0x0000000000037240                simRadioTarget
                0x0000000000037260                simInDataBufferLR
                0x00000000000372e0                simOutDataBufferLR
                0x0000000000037360                dual_duty_cycle_count
                0x0000000000037380                simInDataBuffer
 COMMON         0x0000000000037400      0x400 obj_cooja/mtype613.a(eeprom.o)
                0x0000000000037400                simEEPROMData
 COMMON         0x0000000000037800        0x1 obj_cooja/mtype613.a(sensors.o)
                0x0000000000037800                sensors_event
 *fill*         0x0000000000037801        0x3 
 COMMON         0x0000000000037804        0x4 obj_cooja/mtype613.a(log_message.o)
                0x0000000000037804                log_fp
 COMMON         0x0000000000037808        0x1 obj_cooja/mtype613.a(serial-line.o)
                0x0000000000037808                serial_line_event_message
 *fill*         0x0000000000037809       0x17 
 COMMON         0x0000000000037820       0x50 obj_cooja/mtype613.a(uip-ds6-nbr.o)
                0x0000000000037820                ds6_lr_addrmap
 *fill*         0x0000000000037870       0x10 
 COMMON         0x0000000000037880      0x298 obj_cooja/mtype613.a(uip-ds6.o)
                0x0000000000037880                uip_ds6_prefix_list
                0x00000000000378e0                uip_ds6_timer_periodic
                0x00000000000378f0                uip_ds6_netif_addr_list_offset
                0x0000000000037900                uip_ds6_if
                0x00000000000379f8                uip_ds6_timer_ra
                0x0000000000037a00                uip_ds6_addr_size
                0x0000000000037a20                long_uip_ds6_if
 *fill*         0x0000000000037b18        0x8 
 COMMON         0x0000000000037b20      0x8ec obj_cooja/mtype613.a(uip6.o)
                0x0000000000037b20                uip_slen
                0x0000000000037b22                uip_acc32
                0x0000000000037b40                uip_conns
                0x0000000000037c00                uip_lladdr
                0x0000000000037c08                uip_appdata
                0x0000000000037c0c                uip_flags
                0x0000000000037c20                uip_aligned_buf
                0x0000000000038260                uip_listenports
                0x0000000000038270                uip_len
                0x0000000000038272                uip_long_lladdr
                0x000000000003827c                uip_sappdata
                0x0000000000038280                uip_udp_conns
                0x0000000000038400                uip_udp_conn
                0x0000000000038404                uip_next_hdr
                0x0000000000038408                uip_conn
 COMMON         0x000000000003840c        0x1 obj_cooja/mtype613.a(tcpip.o)
                0x000000000003840c                tcpip_event
 *fill*         0x000000000003840d       0x13 
 COMMON         0x0000000000038420      0x198 obj_cooja/mtype613.a(rpl-dag.o)
                0x0000000000038420                default_instance
                0x0000000000038440                instance_table
 COMMON         0x00000000000385b8       0x10 obj_cooja/mtype613.a(linkaddr.o)
                0x00000000000385b8                linkaddr_node_addr
                0x00000000000385c0                long_linkaddr_node_addr
 COMMON         0x00000000000385c8       0x2e obj_cooja/mtype613.a(packetbuf.o)
                0x00000000000385c8                packetbuf_attrs
                0x00000000000385e6                packetbuf_addrs
 *fill*         0x00000000000385f6        0xa 
 COMMON         0x0000000000038600       0x48 obj_cooja/mtype613.a(rimestats.o)
                0x0000000000038600                rimestats
                0x0000000000038648                . = ALIGN ((. != 0x0)?0x4:0x1)
                0x0000000000038648                . = ALIGN (0x4)
                0x0000000000038648                . = SEGMENT_START ("ldata-segment", .)
                0x0000000000038648                . = ALIGN (0x4)
                0x0000000000038648                _end = .
                0x0000000000038648                PROVIDE (end, .)
                0x0000000000038648                . = DATA_SEGMENT_END (.)

.stab
 *(.stab)

.stabstr
 *(.stabstr)

.stab.excl
 *(.stab.excl)

.stab.exclstr
 *(.stab.exclstr)

.stab.index
 *(.stab.index)

.stab.indexstr
 *(.stab.indexstr)

.comment        0x0000000000000000       0x29
 *(.comment)
 .comment       0x0000000000000000       0x29 /usr/lib/gcc/i686-linux-gnu/4.8/crtbeginS.o
                                         0x2a (size before relaxing)
 .comment       0x0000000000000000       0x2a udp-client.co
 .comment       0x0000000000000000       0x2a obj_cooja/mtype613.o
 .comment       0x0000000000000000       0x2a obj_cooja/mtype613.a(simEnvChange.o)
 .comment       0x0000000000000000       0x2a obj_cooja/mtype613.a(cooja_mt.o)
 .comment       0x0000000000000000       0x2a obj_cooja/mtype613.a(cooja_mtarch.o)
 .comment       0x0000000000000000       0x2a obj_cooja/mtype613.a(rtimer-arch.o)
 .comment       0x0000000000000000       0x2a obj_cooja/mtype613.a(beep.o)
 .comment       0x0000000000000000       0x2a obj_cooja/mtype613.a(button-sensor.o)
 .comment       0x0000000000000000       0x2a obj_cooja/mtype613.a(leds-arch.o)
 .comment       0x0000000000000000       0x2a obj_cooja/mtype613.a(moteid.o)
 .comment       0x0000000000000000       0x2a obj_cooja/mtype613.a(pir-sensor.o)
 .comment       0x0000000000000000       0x2a obj_cooja/mtype613.a(rs232.o)
 .comment       0x0000000000000000       0x2a obj_cooja/mtype613.a(vib-sensor.o)
 .comment       0x0000000000000000       0x2a obj_cooja/mtype613.a(clock.o)
 .comment       0x0000000000000000       0x2a obj_cooja/mtype613.a(log.o)
 .comment       0x0000000000000000       0x2a obj_cooja/mtype613.a(cfs-cooja.o)
 .comment       0x0000000000000000       0x2a obj_cooja/mtype613.a(cooja-radio.o)
 .comment       0x0000000000000000       0x2a obj_cooja/mtype613.a(eeprom.o)
 .comment       0x0000000000000000       0x2a obj_cooja/mtype613.a(random.o)
 .comment       0x0000000000000000       0x2a obj_cooja/mtype613.a(sensors.o)
 .comment       0x0000000000000000       0x2a obj_cooja/mtype613.a(leds.o)
 .comment       0x0000000000000000       0x2a obj_cooja/mtype613.a(dual_conf.o)
 .comment       0x0000000000000000       0x2a obj_cooja/mtype613.a(autostart.o)
 .comment       0x0000000000000000       0x2a obj_cooja/mtype613.a(ctimer.o)
 .comment       0x0000000000000000       0x2a obj_cooja/mtype613.a(etimer.o)
 .comment       0x0000000000000000       0x2a obj_cooja/mtype613.a(log_message.o)
 .comment       0x0000000000000000       0x2a obj_cooja/mtype613.a(process.o)
 .comment       0x0000000000000000       0x2a obj_cooja/mtype613.a(residual.o)
 .comment       0x0000000000000000       0x2a obj_cooja/mtype613.a(rtimer.o)
 .comment       0x0000000000000000       0x2a obj_cooja/mtype613.a(stimer.o)
 .comment       0x0000000000000000       0x2a obj_cooja/mtype613.a(timer.o)
 .comment       0x0000000000000000       0x2a obj_cooja/mtype613.a(serial-line.o)
 .comment       0x0000000000000000       0x2a obj_cooja/mtype613.a(list.o)
 .comment       0x0000000000000000       0x2a obj_cooja/mtype613.a(ringbuf.o)
 .comment       0x0000000000000000       0x2a obj_cooja/mtype613.a(sicslowpan.o)
 .comment       0x0000000000000000       0x2a obj_cooja/mtype613.a(uip-ds6-nbr.o)
 .comment       0x0000000000000000       0x2a obj_cooja/mtype613.a(uip-ds6-route.o)
 .comment       0x0000000000000000       0x2a obj_cooja/mtype613.a(uip-ds6.o)
 .comment       0x0000000000000000       0x2a obj_cooja/mtype613.a(uip6.o)
 .comment       0x0000000000000000       0x2a obj_cooja/mtype613.a(tcpip.o)
 .comment       0x0000000000000000       0x2a obj_cooja/mtype613.a(uip-debug.o)
 .comment       0x0000000000000000       0x2a obj_cooja/mtype613.a(uip-packetqueue)
 .comment       0x0000000000000000       0x2a obj_cooja/mtype613.a(uip-udp-packet.)
 .comment       0x0000000000000000       0x2a obj_cooja/mtype613.a(rpl-dag.o)
 .comment       0x0000000000000000       0x2a obj_cooja/mtype613.a(rpl-ext-header.)
 .comment       0x0000000000000000       0x2a obj_cooja/mtype613.a(rpl-icmp6.o)
 .comment       0x0000000000000000       0x2a obj_cooja/mtype613.a(rpl-ltmax.o)
 .comment       0x0000000000000000       0x2a obj_cooja/mtype613.a(rpl-timers.o)
 .comment       0x0000000000000000       0x2a obj_cooja/mtype613.a(rpl.o)
 .comment       0x0000000000000000       0x2a obj_cooja/mtype613.a(framer-802154.o)
 .comment       0x0000000000000000       0x2a obj_cooja/mtype613.a(nullmac.o)
 .comment       0x0000000000000000       0x2a obj_cooja/mtype613.a(cxmac.o)
 .comment       0x0000000000000000       0x2a obj_cooja/mtype613.a(linkaddr.o)
 .comment       0x0000000000000000       0x2a obj_cooja/mtype613.a(nbr-table.o)
 .comment       0x0000000000000000       0x2a obj_cooja/mtype613.a(netstack.o)
 .comment       0x0000000000000000       0x2a obj_cooja/mtype613.a(packetbuf.o)
 .comment       0x0000000000000000       0x2a obj_cooja/mtype613.a(queuebuf.o)
 .comment       0x0000000000000000       0x2a obj_cooja/mtype613.a(nullsec.o)
 .comment       0x0000000000000000       0x2a obj_cooja/mtype613.a(watchdog.o)
 .comment       0x0000000000000000       0x2a obj_cooja/mtype613.a(rimestats.o)
 .comment       0x0000000000000000       0x2a obj_cooja/mtype613.a(memb.o)
 .comment       0x0000000000000000       0x2a obj_cooja/mtype613.a(uip-icmp6.o)
 .comment       0x0000000000000000       0x2a obj_cooja/mtype613.a(uip-nd6.o)
 .comment       0x0000000000000000       0x2a obj_cooja/mtype613.a(rpl-nbr-policy.)
 .comment       0x0000000000000000       0x2a obj_cooja/mtype613.a(frame802154.o)
 .comment       0x0000000000000000       0x2a obj_cooja/mtype613.a(mac.o)
 .comment       0x0000000000000000       0x2a /usr/lib/gcc/i686-linux-gnu/4.8/crtendS.o

.debug
 *(.debug)

.line
 *(.line)

.debug_srcinfo
 *(.debug_srcinfo)

.debug_sfnames
 *(.debug_sfnames)

.debug_aranges  0x0000000000000000      0x838
 *(.debug_aranges)
 .debug_aranges
                0x0000000000000000       0x20 udp-client.co
 .debug_aranges
                0x0000000000000020       0x20 obj_cooja/mtype613.o
 .debug_aranges
                0x0000000000000040       0x20 obj_cooja/mtype613.a(simEnvChange.o)
 .debug_aranges
                0x0000000000000060       0x20 obj_cooja/mtype613.a(cooja_mt.o)
 .debug_aranges
                0x0000000000000080       0x20 obj_cooja/mtype613.a(cooja_mtarch.o)
 .debug_aranges
                0x00000000000000a0       0x20 obj_cooja/mtype613.a(rtimer-arch.o)
 .debug_aranges
                0x00000000000000c0       0x20 obj_cooja/mtype613.a(beep.o)
 .debug_aranges
                0x00000000000000e0       0x20 obj_cooja/mtype613.a(button-sensor.o)
 .debug_aranges
                0x0000000000000100       0x20 obj_cooja/mtype613.a(leds-arch.o)
 .debug_aranges
                0x0000000000000120       0x20 obj_cooja/mtype613.a(moteid.o)
 .debug_aranges
                0x0000000000000140       0x20 obj_cooja/mtype613.a(pir-sensor.o)
 .debug_aranges
                0x0000000000000160       0x20 obj_cooja/mtype613.a(rs232.o)
 .debug_aranges
                0x0000000000000180       0x20 obj_cooja/mtype613.a(vib-sensor.o)
 .debug_aranges
                0x00000000000001a0       0x20 obj_cooja/mtype613.a(clock.o)
 .debug_aranges
                0x00000000000001c0       0x20 obj_cooja/mtype613.a(log.o)
 .debug_aranges
                0x00000000000001e0       0x20 obj_cooja/mtype613.a(cfs-cooja.o)
 .debug_aranges
                0x0000000000000200       0x20 obj_cooja/mtype613.a(cooja-radio.o)
 .debug_aranges
                0x0000000000000220       0x20 obj_cooja/mtype613.a(eeprom.o)
 .debug_aranges
                0x0000000000000240       0x20 obj_cooja/mtype613.a(random.o)
 .debug_aranges
                0x0000000000000260       0x20 obj_cooja/mtype613.a(sensors.o)
 .debug_aranges
                0x0000000000000280       0x20 obj_cooja/mtype613.a(leds.o)
 .debug_aranges
                0x00000000000002a0       0x20 obj_cooja/mtype613.a(dual_conf.o)
 .debug_aranges
                0x00000000000002c0       0x20 obj_cooja/mtype613.a(autostart.o)
 .debug_aranges
                0x00000000000002e0       0x20 obj_cooja/mtype613.a(ctimer.o)
 .debug_aranges
                0x0000000000000300       0x20 obj_cooja/mtype613.a(etimer.o)
 .debug_aranges
                0x0000000000000320       0x20 obj_cooja/mtype613.a(log_message.o)
 .debug_aranges
                0x0000000000000340       0x20 obj_cooja/mtype613.a(process.o)
 .debug_aranges
                0x0000000000000360       0x20 obj_cooja/mtype613.a(residual.o)
 .debug_aranges
                0x0000000000000380       0x20 obj_cooja/mtype613.a(rtimer.o)
 .debug_aranges
                0x00000000000003a0       0x20 obj_cooja/mtype613.a(stimer.o)
 .debug_aranges
                0x00000000000003c0       0x20 obj_cooja/mtype613.a(timer.o)
 .debug_aranges
                0x00000000000003e0       0x20 obj_cooja/mtype613.a(serial-line.o)
 .debug_aranges
                0x0000000000000400       0x20 obj_cooja/mtype613.a(list.o)
 .debug_aranges
                0x0000000000000420       0x20 obj_cooja/mtype613.a(ringbuf.o)
 .debug_aranges
                0x0000000000000440       0x20 obj_cooja/mtype613.a(sicslowpan.o)
 .debug_aranges
                0x0000000000000460       0x20 obj_cooja/mtype613.a(uip-ds6-nbr.o)
 .debug_aranges
                0x0000000000000480       0x20 obj_cooja/mtype613.a(uip-ds6-route.o)
 .debug_aranges
                0x00000000000004a0       0x20 obj_cooja/mtype613.a(uip-ds6.o)
 .debug_aranges
                0x00000000000004c0       0x20 obj_cooja/mtype613.a(uip6.o)
 .debug_aranges
                0x00000000000004e0       0x20 obj_cooja/mtype613.a(tcpip.o)
 .debug_aranges
                0x0000000000000500       0x20 obj_cooja/mtype613.a(uip-debug.o)
 .debug_aranges
                0x0000000000000520       0x20 obj_cooja/mtype613.a(uip-packetqueue)
 .debug_aranges
                0x0000000000000540       0x20 obj_cooja/mtype613.a(uip-udp-packet.)
 .debug_aranges
                0x0000000000000560       0x20 obj_cooja/mtype613.a(rpl-dag.o)
 .debug_aranges
                0x0000000000000580       0x20 obj_cooja/mtype613.a(rpl-ext-header.)
 .debug_aranges
                0x00000000000005a0       0x20 obj_cooja/mtype613.a(rpl-icmp6.o)
 .debug_aranges
                0x00000000000005c0       0x20 obj_cooja/mtype613.a(rpl-ltmax.o)
 .debug_aranges
                0x00000000000005e0       0x20 obj_cooja/mtype613.a(rpl-timers.o)
 .debug_aranges
                0x0000000000000600       0x20 obj_cooja/mtype613.a(rpl.o)
 .debug_aranges
                0x0000000000000620       0x20 obj_cooja/mtype613.a(framer-802154.o)
 .debug_aranges
                0x0000000000000640       0x20 obj_cooja/mtype613.a(nullmac.o)
 .debug_aranges
                0x0000000000000660       0x20 obj_cooja/mtype613.a(cxmac.o)
 .debug_aranges
                0x0000000000000680       0x20 obj_cooja/mtype613.a(linkaddr.o)
 .debug_aranges
                0x00000000000006a0       0x20 obj_cooja/mtype613.a(nbr-table.o)
 .debug_aranges
                0x00000000000006c0       0x20 obj_cooja/mtype613.a(netstack.o)
 .debug_aranges
                0x00000000000006e0       0x20 obj_cooja/mtype613.a(packetbuf.o)
 .debug_aranges
                0x0000000000000700       0x20 obj_cooja/mtype613.a(queuebuf.o)
 .debug_aranges
                0x0000000000000720       0x20 obj_cooja/mtype613.a(nullsec.o)
 .debug_aranges
                0x0000000000000740       0x20 obj_cooja/mtype613.a(watchdog.o)
 .debug_aranges
                0x0000000000000760       0x18 obj_cooja/mtype613.a(rimestats.o)
 .debug_aranges
                0x0000000000000778       0x20 obj_cooja/mtype613.a(memb.o)
 .debug_aranges
                0x0000000000000798       0x20 obj_cooja/mtype613.a(uip-icmp6.o)
 .debug_aranges
                0x00000000000007b8       0x20 obj_cooja/mtype613.a(uip-nd6.o)
 .debug_aranges
                0x00000000000007d8       0x20 obj_cooja/mtype613.a(rpl-nbr-policy.)
 .debug_aranges
                0x00000000000007f8       0x20 obj_cooja/mtype613.a(frame802154.o)
 .debug_aranges
                0x0000000000000818       0x20 obj_cooja/mtype613.a(mac.o)

.debug_pubnames
 *(.debug_pubnames)

.debug_info     0x0000000000000000    0x1d7a3
 *(.debug_info .gnu.linkonce.wi.*)
 .debug_info    0x0000000000000000      0xa67 udp-client.co