Archive member included to satisfy reference by file (symbol)

obj_cooja/mtype272.a(simEnvChange.o)
                              obj_cooja/mtype272.o (simDontFallAsleep)
obj_cooja/mtype272.a(cooja_mt.o)
                              obj_cooja/mtype272.o (cooja_mt_start)
obj_cooja/mtype272.a(cooja_mtarch.o)
                              obj_cooja/mtype272.a(cooja_mt.o) (cooja_mtarch_init)
obj_cooja/mtype272.a(rtimer-arch.o)
                              obj_cooja/mtype272.o (rtimer_arch_next)
obj_cooja/mtype272.a(beep.o)  obj_cooja/mtype272.o (beep_interface)
obj_cooja/mtype272.a(button-sensor.o)
                              obj_cooja/mtype272.o (button_interface)
obj_cooja/mtype272.a(leds-arch.o)
                              obj_cooja/mtype272.o (leds_interface)
obj_cooja/mtype272.a(moteid.o)
                              obj_cooja/mtype272.o (moteid_interface)
obj_cooja/mtype272.a(pir-sensor.o)
                              obj_cooja/mtype272.o (pir_interface)
obj_cooja/mtype272.a(rs232.o)
                              obj_cooja/mtype272.o (rs232_interface)
obj_cooja/mtype272.a(vib-sensor.o)
                              obj_cooja/mtype272.o (vib_interface)
obj_cooja/mtype272.a(clock.o)
                              obj_cooja/mtype272.o (clock_interface)
obj_cooja/mtype272.a(log.o)   obj_cooja/mtype272.o (simlog_interface)
obj_cooja/mtype272.a(cfs-cooja.o)
                              obj_cooja/mtype272.o (cfs_interface)
obj_cooja/mtype272.a(cooja-radio.o)
                              obj_cooja/mtype272.o (radio_interface)
obj_cooja/mtype272.a(eeprom.o)
                              obj_cooja/mtype272.o (eeprom_interface)
obj_cooja/mtype272.a(random.o)
                              obj_cooja/mtype272.a(moteid.o) (random_init)
obj_cooja/mtype272.a(sensors.o)
                              obj_cooja/mtype272.o (sensors_process)
obj_cooja/mtype272.a(dual_conf.o)
                              obj_cooja/mtype272.a(cooja-radio.o) (long_range_radio)
obj_cooja/mtype272.a(autostart.o)
                              obj_cooja/mtype272.o (autostart_start)
obj_cooja/mtype272.a(ctimer.o)
                              obj_cooja/mtype272.o (ctimer_init)
obj_cooja/mtype272.a(etimer.o)
                              obj_cooja/mtype272.o (etimer_process)
obj_cooja/mtype272.a(log_message.o)
                              obj_cooja/mtype272.o (log_initialization)
obj_cooja/mtype272.a(process.o)
                              udp-client.co (process_current)
obj_cooja/mtype272.a(residual.o)
                              udp-client.co (get_residual_energy)
obj_cooja/mtype272.a(rtimer.o)
                              obj_cooja/mtype272.a(rtimer-arch.o) (rtimer_run_next)
obj_cooja/mtype272.a(stimer.o)
                              udp-client.co (stimer_remaining)
obj_cooja/mtype272.a(timer.o)
                              obj_cooja/mtype272.a(button-sensor.o) (timer_set)
obj_cooja/mtype272.a(serial-line.o)
                              udp-client.co (serial_line_event_message)
obj_cooja/mtype272.a(list.o)  obj_cooja/mtype272.a(ctimer.o) (list_init)
obj_cooja/mtype272.a(ringbuf.o)
                              obj_cooja/mtype272.a(serial-line.o) (ringbuf_init)
obj_cooja/mtype272.a(sicslowpan.o)
                              obj_cooja/mtype272.o (sicslowpan_driver)
obj_cooja/mtype272.a(uip-ds6-nbr.o)
                              obj_cooja/mtype272.a(sicslowpan.o) (uip_ds6_link_neighbor_callback)
obj_cooja/mtype272.a(uip-ds6-route.o)
                              udp-client.co (uip_ds6_route_nexthop)
obj_cooja/mtype272.a(uip-ds6.o)
                              udp-client.co (uip_ds6_if)
obj_cooja/mtype272.a(uip6.o)  udp-client.co (uip_lladdr)
obj_cooja/mtype272.a(tcpip.o)
                              udp-client.co (tcpip_event)
obj_cooja/mtype272.a(uip-debug.o)
                              udp-client.co (uip_debug_ipaddr_print)
obj_cooja/mtype272.a(uip-packetqueue)
                              obj_cooja/mtype272.a(uip-ds6-nbr.o) (uip_packetqueue_new)
obj_cooja/mtype272.a(uip-udp-packet.)
                              udp-client.co (uip_udp_packet_sendto)
obj_cooja/mtype272.a(rpl-dag.o)
                              obj_cooja/mtype272.a(tcpip.o) (rpl_repair_root)
obj_cooja/mtype272.a(rpl-ext-header.)
                              obj_cooja/mtype272.a(uip6.o) (rpl_verify_header)
obj_cooja/mtype272.a(rpl-icmp6.o)
                              obj_cooja/mtype272.a(rpl-dag.o) (rpl_icmp6_update_nbr_table)
obj_cooja/mtype272.a(rpl-ltmax.o)
                              obj_cooja/mtype272.a(rpl-dag.o) (rpl_ltmax_of)
obj_cooja/mtype272.a(rpl-timers.o)
                              obj_cooja/mtype272.a(rpl-dag.o) (rpl_reset_dio_timer)
obj_cooja/mtype272.a(rpl.o)   obj_cooja/mtype272.a(rpl-icmp6.o) (rpl_get_mode)
obj_cooja/mtype272.a(framer-802154.o)
                              obj_cooja/mtype272.a(sicslowpan.o) (framer_802154)
obj_cooja/mtype272.a(nullmac.o)
                              obj_cooja/mtype272.o (nullmac_driver)
[...]
Memory Configuration

Name             Origin             Length             Attributes
*default*        0x0000000000000000 0xffffffffffffffff

Linker script and memory map

LOAD /usr/lib/gcc/i686-linux-gnu/4.8/../../../i386-linux-gnu/crti.o
LOAD /usr/lib/gcc/i686-linux-gnu/4.8/crtbeginS.o
LOAD udp-client.co
LOAD obj_cooja/mtype272.o
LOAD obj_cooja/mtype272.a
LOAD /usr/lib/gcc/i686-linux-gnu/4.8/libgcc.a
LOAD /usr/lib/gcc/i686-linux-gnu/4.8/libgcc_s.so
LOAD /usr/lib/gcc/i686-linux-gnu/4.8/../../../i386-linux-gnu/libc.so
START GROUP
LOAD /lib/i386-linux-gnu/libc.so.6
LOAD /usr/lib/i386-linux-gnu/libc_nonshared.a
LOAD /lib/i386-linux-gnu/ld-linux.so.2
END GROUP
LOAD /usr/lib/gcc/i686-linux-gnu/4.8/libgcc.a
LOAD /usr/lib/gcc/i686-linux-gnu/4.8/libgcc_s.so
LOAD /usr/lib/gcc/i686-linux-gnu/4.8/crtendS.o
LOAD /usr/lib/gcc/i686-linux-gnu/4.8/../../../i386-linux-gnu/crtn.o
                0x0000000000000114                . = (0x0 + SIZEOF_HEADERS)

.note.gnu.build-id
                0x0000000000000114       0x24
 *(.note.gnu.build-id)
 .note.gnu.build-id
                0x0000000000000114       0x24 /usr/lib/gcc/i686-linux-gnu/4.8/../../../i386-linux-gnu/crti.o

.hash
 *(.hash)

.gnu.hash       0x0000000000000138     0x1370
 *(.gnu.hash)
 .gnu.hash      0x0000000000000138     0x1370 /usr/lib/gcc/i686-linux-gnu/4.8/../../../i386-linux-gnu/crti.o

.dynsym         0x00000000000014a8     0x2620
 *(.dynsym)
 .dynsym        0x00000000000014a8     0x2620 /usr/lib/gcc/i686-linux-gnu/4.8/../../../i386-linux-gnu/crti.o

.dynstr         0x0000000000003ac8     0x2726
 *(.dynstr)
 .dynstr        0x0000000000003ac8     0x2726 /usr/lib/gcc/i686-linux-gnu/4.8/../../../i386-linux-gnu/crti.o

.gnu.version    0x00000000000061ee      0x4c4
 *(.gnu.version)
 .gnu.version   0x00000000000061ee      0x4c4 /usr/lib/gcc/i686-linux-gnu/4.8/../../../i386-linux-gnu/crti.o

.gnu.version_d  0x00000000000066b4        0x0
 *(.gnu.version_d)
 .gnu.version_d
                0x0000000000000000        0x0 /usr/lib/gcc/i686-linux-gnu/4.8/../../../i386-linux-gnu/crti.o

.gnu.version_r  0x00000000000066b4       0x50
 *(.gnu.version_r)
 .gnu.version_r
                0x00000000000066b4       0x50 /usr/lib/gcc/i686-linux-gnu/4.8/../../../i386-linux-gnu/crti.o

.rel.dyn        0x0000000000006704     0x9b00
 *(.rel.init)
 .rel.init      0x0000000000000000        0x0 /usr/lib/gcc/i686-linux-gnu/4.8/../../../i386-linux-gnu/crti.o
 *(.rel.text .rel.text.* .rel.gnu.linkonce.t.*)
 .rel.text      0x0000000000006704     0x9360 /usr/lib/gcc/i686-linux-gnu/4.8/../../../i386-linux-gnu/crti.o
 *(.rel.fini)
 .rel.fini      0x0000000000000000        0x0 /usr/lib/gcc/i686-linux-gnu/4.8/../../../i386-linux-gnu/crti.o
 *(.rel.rodata .rel.rodata.* .rel.gnu.linkonce.r.*)
 .rel.rodata    0x000000000000fa64      0x4e0 /usr/lib/gcc/i686-linux-gnu/4.8/../../../i386-linux-gnu/crti.o
 *(.rel.data.rel.ro .rel.data.rel.ro.* .rel.gnu.linkonce.d.rel.ro.*)
 *(.rel.data .rel.data.* .rel.gnu.linkonce.d.*)
 .rel.data.rel  0x000000000000ff44        0x8 /usr/lib/gcc/i686-linux-gnu/4.8/../../../i386-linux-gnu/crti.o
 .rel.data      0x000000000000ff4c      0x280 /usr/lib/gcc/i686-linux-gnu/4.8/../../../i386-linux-gnu/crti.o
 *(.rel.tdata .rel.tdata.* .rel.gnu.linkonce.td.*)
 *(.rel.tbss .rel.tbss.* .rel.gnu.linkonce.tb.*)
 *(.rel.ctors)
 *(.rel.dtors)
 *(.rel.got)
 .rel.got       0x00000000000101cc       0x28 /usr/lib/gcc/i686-linux-gnu/4.8/../../../i386-linux-gnu/crti.o
 *(.rel.bss .rel.bss.* .rel.gnu.linkonce.b.*)
 *(.rel.ifunc)
 .rel.ifunc     0x0000000000000000        0x0 /usr/lib/gcc/i686-linux-gnu/4.8/../../../i386-linux-gnu/crti.o
 .rel.fini_array
                0x00000000000101f4        0x8 /usr/lib/gcc/i686-linux-gnu/4.8/../../../i386-linux-gnu/crti.o
 .rel.init_array
                0x00000000000101fc        0x8 /usr/lib/gcc/i686-linux-gnu/4.8/../../../i386-linux-gnu/crti.o

.rel.plt        0x0000000000010204       0x10
 *(.rel.plt)
 .rel.plt       0x0000000000010204       0x10 /usr/lib/gcc/i686-linux-gnu/4.8/../../../i386-linux-gnu/crti.o
 *(.rel.iplt)

.init           0x0000000000010214       0x23
 *(SORT(.init))
 .init          0x0000000000010214       0x1e /usr/lib/gcc/i686-linux-gnu/4.8/../../../i386-linux-gnu/crti.o
                0x0000000000010214                _init
 .init          0x0000000000010232        0x5 /usr/lib/gcc/i686-linux-gnu/4.8/../../../i386-linux-gnu/crtn.o

.plt            0x0000000000010240       0x30
 *(.plt)
 .plt           0x0000000000010240       0x30 /usr/lib/gcc/i686-linux-gnu/4.8/../../../i386-linux-gnu/crti.o
 *(.iplt)

.text           0x0000000000010270    0x17280
 *(.text.unlikely .text.*_unlikely .text.unlikely.*)
 *(.text.exit .text.exit.*)
 *(.text.startup .text.startup.*)
 *(.text.hot .text.hot.*)
 *(.text .stub .text.* .gnu.linkonce.t.*)
 .text          0x0000000000010270        0x0 /usr/lib/gcc/i686-linux-gnu/4.8/../../../i386-linux-gnu/crti.o
 .gnu.linkonce.t.__x86.get_pc_thunk.bx
                0x0000000000010270        0x4 /usr/lib/gcc/i686-linux-gnu/4.8/../../../i386-linux-gnu/crti.o
                0x0000000000010270                __x86.get_pc_thunk.bx
 *fill*         0x0000000000010274        0xc 
 .text          0x0000000000010280      0x11b /usr/lib/gcc/i686-linux-gnu/4.8/crtbeginS.o
 .text          0x000000000001039b      0x790 udp-client.co
 .text          0x0000000000010b2b      0x96a obj_cooja/mtype272.o
                0x0000000000010cd9                contiki_init
                0x00000000000112ac                Java_org_contikios_cooja_corecomm_Lib4_init
                0x00000000000112ec                Java_org_contikios_cooja_corecomm_Lib4_getMemory
                0x000000000001132c                Java_org_contikios_cooja_corecomm_Lib4_setMemory
                0x00000000000113a3                Java_org_contikios_cooja_corecomm_Lib4_tick
                0x0000000000011483                Java_org_contikios_cooja_corecomm_Lib4_setReferenceAddress
 .text          0x0000000000011495       0x63 obj_cooja/mtype272.a(simEnvChange.o)
                0x0000000000011495                doActionsBeforeTick
                0x00000000000114c6                doActionsAfterTick
 .text          0x00000000000114f8       0xbc obj_cooja/mtype272.a(cooja_mt.o)
                0x00000000000114f8                cooja_mt_init
                0x0000000000011505                cooja_mt_remove
                0x0000000000011512                cooja_mt_start
                0x000000000001153f                cooja_mt_exec
                0x0000000000011570                cooja_mt_exit
                0x0000000000011592                cooja_mt_yield
 .text          0x00000000000115b4      0x115 obj_cooja/mtype272.a(cooja_mtarch.o)
                0x00000000000115b4                cooja_mtarch_init
                0x00000000000115b9                cooja_mtarch_start
                0x0000000000011634                cooja_sw
                0x0000000000011656                cooja_mtarch_exec
                0x0000000000011672                cooja_mtarch_remove
                0x0000000000011677                cooja_mtarch_yield
                0x0000000000011681                cooja_mtarch_pstop
                0x0000000000011686                cooja_mtarch_pstart
                0x000000000001168b                cooja_mtarch_stack_usage
 .text          0x00000000000116c9       0xc2 obj_cooja/mtype272.a(rtimer-arch.o)
                0x00000000000116c9                rtimer_arch_init
                0x00000000000116ec                rtimer_arch_schedule
                0x0000000000011703                rtimer_arch_next
                0x000000000001170d                rtimer_arch_pending
                0x0000000000011717                rtimer_arch_check
                0x0000000000011749                rtimer_arch_now
 .text          0x000000000001178b       0x76 obj_cooja/mtype272.a(beep.o)
                0x000000000001178b                beep_alarm
                0x0000000000011797                beep_beep
                0x00000000000117a3                beep
                0x00000000000117af                beep_down
                0x00000000000117bb                beep_on
                0x00000000000117c7                beep_off
                0x00000000000117d3                beep_spinup
                0x00000000000117df                beep_quick
                0x00000000000117eb                beep_long
 .text          0x0000000000011801      0x103 obj_cooja/mtype272.a(button-sensor.o)
 .text          0x0000000000011904       0x45 obj_cooja/mtype272.a(leds-arch.o)
                0x0000000000011904                leds_arch_init
                0x0000000000011910                leds_arch_get
                0x000000000001191c                leds_arch_set
 .text          0x0000000000011949       0x2f obj_cooja/mtype272.a(moteid.o)
 .text          0x0000000000011978       0xb1 obj_cooja/mtype272.a(pir-sensor.o)
 .text          0x0000000000011a29      0x131 obj_cooja/mtype272.a(rs232.o)
                0x0000000000011a29                rs232_init
                0x0000000000011a2e                rs232_set_speed
                0x0000000000011a3c                rs232_set_input
                0x0000000000011a49                rs232_send
                0x0000000000011a6b                rs232_print
                0x0000000000011a86                slip_arch_writeb
 .text          0x0000000000011b5a       0xb1 obj_cooja/mtype272.a(vib-sensor.o)
 .text          0x0000000000011c0b       0x34 obj_cooja/mtype272.a(clock.o)
                0x0000000000011c0b                clock_init
                0x0000000000011c10                clock_time
                0x0000000000011c1a                clock_seconds
                0x0000000000011c30                clock_delay
 .text          0x0000000000011c3f      0x1ed obj_cooja/mtype272.a(log.o)
                0x0000000000011c3f                simlog_char
                0x0000000000011c81                simlog
                0x0000000000011cee                log_message
                0x0000000000011d16                log_set_putchar_with_slip
                0x0000000000011d23                log_putchar
                0x0000000000011da7                log_puts
                0x0000000000011dcb                log_printf
 .text          0x0000000000011e2c      0x2c4 obj_cooja/mtype272.a(cfs-cooja.o)
                0x0000000000011e2c                cfs_open
                0x0000000000011e95                cfs_close
                0x0000000000011ea1                cfs_read
                0x0000000000011f3f                cfs_write
                0x000000000001201c                cfs_seek
                0x00000000000120a4                cfs_remove
                0x00000000000120cd                cfs_opendir
                0x00000000000120d7                cfs_readdir
                0x00000000000120e1                cfs_closedir
 .text          0x00000000000120f0      0x687 obj_cooja/mtype272.a(cooja-radio.o)
                0x000000000001211a                radio_set_channel
                0x000000000001212f                radio_set_txpower
                0x000000000001214f                radio_signal_strength_last
                0x0000000000012159                radio_signal_strength_current
                0x0000000000012163                radio_LQI
 .text          0x0000000000012777       0xef obj_cooja/mtype272.a(eeprom.o)
                0x0000000000012777                eeprom_init
                0x000000000001277c                eeprom_read
                0x00000000000127ec                eeprom_write
 .text          0x0000000000012866       0x28 obj_cooja/mtype272.a(random.o)
                0x0000000000012866                random_init
                0x0000000000012881                random_rand
 .text          0x000000000001288e      0x2a1 obj_cooja/mtype272.a(sensors.o)
                0x00000000000128c9                sensors_first
                0x00000000000128d3                sensors_next
                0x00000000000128f0                sensors_changed
                0x000000000001291f                sensors_find
 .text          0x0000000000012b2f      0x34b obj_cooja/mtype272.a(dual_conf.o)
                0x0000000000012b2f                dual_radio_switch
                0x0000000000012b6f                dual_radio_change
                0x0000000000012ba9                sending_in_LR
                0x0000000000012bd4                dual_radio_received
                0x0000000000012c27                radio_received_is_longrange
                0x0000000000012c42                dual_radio_turn_on
                0x0000000000012c65                dual_radio_turn_off
                0x0000000000012e30                dio_broadcast
                0x0000000000012e59                dis_broadcast
 .text          0x0000000000012e7a       0x8e obj_cooja/mtype272.a(autostart.o)
                0x0000000000012e7a                autostart_start
                0x0000000000012ec5                autostart_exit
 .text          0x0000000000012f08      0x334 obj_cooja/mtype272.a(ctimer.o)
                0x000000000001301f                ctimer_init
                0x000000000001304f                ctimer_set
                0x0000000000013080                ctimer_set_with_process
                0x00000000000130fc                ctimer_reset
                0x000000000001314b                ctimer_restart
                0x000000000001319a                ctimer_stop
                0x00000000000131e5                ctimer_expired
 .text          0x000000000001323c      0x40b obj_cooja/mtype272.a(etimer.o)
                0x000000000001344f                etimer_request_poll
                0x00000000000134d3                etimer_set
                0x00000000000134f8                etimer_reset_with_new_interval
                0x000000000001351f                etimer_reset
                0x000000000001353d                etimer_restart
                0x000000000001355b                etimer_adjust
                0x0000000000013577                etimer_expired
                0x000000000001358a                etimer_expiration_time
                0x000000000001359c                etimer_start_time
                0x00000000000135a6                etimer_pending
                0x00000000000135b8                etimer_next_expiration_time
                0x00000000000135d2                etimer_stop
 .text          0x0000000000013647       0xdd obj_cooja/mtype272.a(log_message.o)
                0x0000000000013647                log_initialization
                0x0000000000013703                log_finisher
 .text          0x0000000000013724      0x560 obj_cooja/mtype272.a(process.o)
                0x0000000000013724                process_alloc_event
                0x0000000000013739                process_start
                0x0000000000013922                process_exit
                0x000000000001393e                process_init
                0x0000000000013b0f                process_run
                0x0000000000013b42                process_nevents
                0x0000000000013b5d                process_post
                0x0000000000013c09                process_post_synch
                0x0000000000013c41                process_poll
                0x0000000000013c70                process_is_running
 .text          0x0000000000013c84       0xd3 obj_cooja/mtype272.a(residual.o)
                0x0000000000013c84                get_residual_energy
 .text          0x0000000000013d57       0xba obj_cooja/mtype272.a(rtimer.o)
                0x0000000000013d57                rtimer_init
                0x0000000000013d64                rtimer_set
                0x0000000000013dbb                rtimer_run_next
 .text          0x0000000000013e11       0xa3 obj_cooja/mtype272.a(stimer.o)
                0x0000000000013e11                stimer_set
                0x0000000000013e2c                stimer_reset
                0x0000000000013e43                stimer_restart
                0x0000000000013e55                stimer_expired
                0x0000000000013e7c                stimer_remaining
                0x0000000000013ea0                stimer_elapsed
 .text          0x0000000000013eb4       0x91 obj_cooja/mtype272.a(timer.o)
                0x0000000000013eb4                timer_set
                0x0000000000013ecf                timer_reset
                0x0000000000013ee6                timer_restart
                0x0000000000013ef8                timer_expired
                0x0000000000013f21                timer_remaining
 .text          0x0000000000013f45      0x1fb obj_cooja/mtype272.a(serial-line.o)
                0x0000000000013f45                serial_line_input_byte
                0x0000000000014108                serial_line_init
 .text          0x0000000000014140      0x244 obj_cooja/mtype272.a(list.o)
                0x0000000000014140                list_init
                0x000000000001414e                list_head
                0x0000000000014158                list_copy
                0x0000000000014167                list_tail
                0x000000000001419d                list_add
                0x00000000000141e6                list_push
                0x0000000000014212                list_chop
                0x000000000001427c                list_pop
                0x00000000000142a4                list_remove
                0x000000000001430b                list_length
                0x0000000000014339                list_insert
                0x000000000001436d                list_item_next
 .text          0x0000000000014384      0x155 obj_cooja/mtype272.a(ringbuf.o)
                0x0000000000014384                ringbuf_init
                0x00000000000143b5                ringbuf_put
                0x0000000000014433                ringbuf_get
                0x00000000000144a0                ringbuf_size
                0x00000000000144b2                ringbuf_elements
 .text          0x00000000000144d9     0x258b obj_cooja/mtype272.a(sicslowpan.o)
                0x0000000000014a63                rime_sniffer_add
                0x0000000000014a70                rime_sniffer_remove
                0x0000000000016a03                sicslowpan_init
                0x0000000000016a5a                sicslowpan_get_last_rssi
 .text          0x0000000000016a64      0x2dc obj_cooja/mtype272.a(uip-ds6-nbr.o)
                0x0000000000016a81                uip_ds6_neighbors_init
                0x0000000000016a9e                uip_ds6_nbr_add
                0x0000000000016b4f                uip_ds6_nbr_rm
                0x0000000000016bac                uip_ds6_nbr_get_ipaddr
                0x0000000000016bc1                uip_ds6_nbr_get_ll
                0x0000000000016bdd                uip_ds6_nbr_num
                0x0000000000016c22                uip_ds6_nbr_lookup
                0x0000000000016c87                uip_ds6_nbr_ll_lookup
                0x0000000000016ca3                uip_ds6_nbr_ipaddr_from_lladdr
                0x0000000000016cc9                uip_ds6_nbr_lladdr_from_ipaddr
                0x0000000000016cf7                uip_ds6_link_neighbor_callback
 .text          0x0000000000016d40      0x916 obj_cooja/mtype272.a(uip-ds6-route.o)
                0x0000000000016db7                uip_ds6_notification_add
                0x0000000000016de8                uip_ds6_notification_rm
                0x0000000000016e04                uip_ds6_route_init
                0x0000000000016e8c                uip_ds6_route_nexthop
                0x0000000000016eb4                uip_ds6_route_head
                0x0000000000016ec9                uip_ds6_route_next
                0x0000000000016eef                uip_ds6_route_is_nexthop
                0x0000000000016f2e                uip_ds6_route_num_routes
                0x0000000000016f38                uip_ds6_route_lookup
                0x0000000000016ffa                uip_ds6_route_add
                0x000000000001722e                uip_ds6_route_rm
                0x00000000000173c2                uip_ds6_route_rm_by_nexthop
                0x00000000000173fa                uip_ds6_defrt_add
                0x00000000000174ab                uip_ds6_defrt_rm
                0x000000000001752a                uip_ds6_defrt_lookup
                0x0000000000017583                uip_ds6_defrt_choose
                0x00000000000175ee                uip_ds6_defrt_periodic
 .text          0x0000000000017656     0x12ad obj_cooja/mtype272.a(uip-ds6.o)
                0x0000000000017656                uip_ds6_init
                0x00000000000179ab                uip_ds6_periodic
                0x0000000000017a83                uip_ds6_list_loop
                0x0000000000017b2a                uip_ds6_prefix_add
                0x0000000000017be8                uip_ds6_prefix_rm
                0x0000000000017bfa                uip_ds6_prefix_lookup
                0x0000000000017c4b                uip_ds6_is_addr_onlink
                0x0000000000017cbf                uip_ds6_addr_add
                0x0000000000017ded                uip_ds6_long_addr_add
                0x0000000000017f1b                uip_ds6_addr_rm
                0x0000000000017fbb                uip_ds6_addr_lookup
                0x0000000000018006                uip_ds6_long_addr_lookup
                0x0000000000018051                uip_ds6_get_link_local
                0x00000000000180d0                uip_ds6_long_get_link_local
                0x000000000001814f                uip_ds6_get_global
                0x00000000000181ce                uip_ds6_long_get_global
                0x000000000001824d                uip_ds6_maddr_add
                0x00000000000182bf                uip_ds6_long_maddr_add
                0x0000000000018331                uip_ds6_maddr_rm
                0x0000000000018343                uip_ds6_maddr_lookup
                0x000000000001838e                uip_ds6_long_maddr_lookup
                0x00000000000183d9                uip_ds6_aaddr_add
                0x000000000001844b                uip_ds6_long_aaddr_add
                0x00000000000184bd                uip_ds6_aaddr_rm
                0x00000000000184cf                uip_ds6_aaddr_lookup
                0x000000000001851a                uip_ds6_long_aaddr_lookup
                0x0000000000018565                uip_ds6_select_src
                0x00000000000187ee                uip_ds6_set_addr_iid
                0x0000000000018825                get_match_length
                0x00000000000188b7                uip_ds6_compute_reachable_time
 .text          0x0000000000018903     0x29f3 obj_cooja/mtype272.a(uip6.o)
                0x0000000000018903                uip_add32
                0x0000000000018a9c                uip_chksum
                0x0000000000018b8a                uip_icmp6chksum
                0x0000000000018b9e                uip_tcpchksum
                0x0000000000018bb2                uip_udpchksum
                0x0000000000018bc6                uip_init
                0x0000000000018c96                uip_connect
                0x0000000000018e45                remove_ext_hdr
                0x0000000000018f1a                uip_udp_new
                0x0000000000019076                uip_unlisten
                0x00000000000190d6                uip_listen
                0x0000000000019398                uip_process
                0x000000000001b1ea                uip_htons
                0x000000000001b20c                uip_htonl
                0x000000000001b24c                uip_send
 .text          0x000000000001b2f6      0xb43 obj_cooja/mtype272.a(tcpip.o)
                0x000000000001b2f6                tcpip_output
                0x000000000001b324                tcpip_set_outputfunc
                0x000000000001b3b8                tcp_connect
                0x000000000001b40d                tcp_unlisten
                0x000000000001b468                tcp_listen
                0x000000000001b4c1                tcp_attach
                0x000000000001b4e6                udp_attach
                0x000000000001b50b                udp_new
                0x000000000001b55d                udp_broadcast_new
                0x000000000001b7d1                tcpip_input
                0x000000000001b805                tcpip_ipv6_output
                0x000000000001bc7f                tcpip_poll_udp
                0x000000000001bca2                tcpip_poll_tcp
                0x000000000001bcc5                tcpip_uipcall
 .text          0x000000000001be39      0x1c1 obj_cooja/mtype272.a(uip-debug.o)
                0x000000000001be39                uip_debug_ipaddr_print
                0x000000000001bf9b                uip_debug_lladdr_print
 .text          0x000000000001bffa      0x141 obj_cooja/mtype272.a(uip-packetqueue)
                0x000000000001c026                uip_packetqueue_new
                0x000000000001c034                uip_packetqueue_alloc
                0x000000000001c094                uip_packetqueue_free
                0x000000000001c0d5                uip_packetqueue_buf
                0x000000000001c0f2                uip_packetqueue_buflen
                0x000000000001c113                uip_packetqueue_set_buflen
 .text          0x000000000001c13b      0x131 obj_cooja/mtype272.a(uip-udp-packet.)
                0x000000000001c13b                uip_udp_packet_send
                0x000000000001c19b                uip_udp_packet_sendto
 .text          0x000000000001c26c     0x25fb obj_cooja/mtype272.a(rpl-dag.o)
                0x000000000001c26c                rpl_print_neighbor_list
                0x000000000001c315                rpl_print_child_neighbor_list
                0x000000000001c38a                rpl_get_nbr
                0x000000000001c3e4                rpl_get_nbr_child
                0x000000000001c43e                rpl_dag_init
                0x000000000001c470                rpl_get_parent
                0x000000000001c492                rpl_get_parent_rank
                0x000000000001c4c5                rpl_get_parent_link_metric
                0x000000000001c4f8                rpl_get_parent_ipaddr
                0x000000000001c522                rpl_get_child_ipaddr
                0x000000000001c83d                rpl_set_root
                0x000000000001ca6b                rpl_repair_root
                0x000000000001cca7                rpl_set_prefix
                0x000000000001cda6                rpl_set_default_route
                0x000000000001ce32                rpl_alloc_instance
                0x000000000001cec5                rpl_alloc_dag
                0x000000000001cf78                rpl_set_default_instance
                0x000000000001cf85                rpl_get_default_instance
                0x000000000001cf8f                rpl_free_instance
                0x000000000001d040                rpl_free_dag
                0x000000000001d0a6                rpl_add_parent
                0x000000000001d18f                rpl_find_parent
                0x000000000001d1bf                rpl_add_child
                0x000000000001d263                rpl_find_child
                0x000000000001d2b1                rpl_find_parent_any_dag
                0x000000000001d2ed                rpl_select_dag
                0x000000000001d710                rpl_select_parent
                0x000000000001d772                rpl_remove_parent
                0x000000000001d7a8                rpl_remove_child
                0x000000000001d7c4                rpl_nullify_parent
                0x000000000001d862                rpl_move_parent
                0x000000000001d8ff                rpl_has_downward_route
                0x000000000001d952                rpl_get_any_dag
                0x000000000001d9b4                rpl_get_instance
                0x000000000001da17                rpl_find_of
                0x000000000001da54                rpl_join_instance
                0x000000000001dcf0                rpl_add_dag
                0x000000000001e0df                rpl_local_repair
                0x000000000001e1b8                rpl_recalculate_ranks
                0x000000000001e23e                rpl_process_parent_event
                0x000000000001e2f0                rpl_process_dio
 .text          0x000000000001e867      0xbf3 obj_cooja/mtype272.a(rpl-ext-header.)
                0x000000000001e884                rpl_verify_header
                0x000000000001ecfe                rpl_update_header_empty
                0x000000000001f015                rpl_update_header_final
                0x000000000001f1a4                rpl_remove_header
                0x000000000001f2ae                rpl_invert_header
                0x000000000001f438                rpl_insert_header
 .text          0x000000000001f45a     0x2c77 obj_cooja/mtype272.a(rpl-icmp6.o)
                0x000000000001f769                rpl_icmp6_update_nbr_table
                0x000000000001f936                dis_output
                0x0000000000020664                dio_output
                0x0000000000021b94                dao_output
                0x0000000000021c68                dao_output_target
                0x0000000000022085                dao_ack_output
                0x0000000000022099                rpl_icmp6_register_handlers
 .text          0x00000000000220d1      0x3dc obj_cooja/mtype272.a(rpl-ltmax.o)
 .text          0x00000000000224ad      0x7b3 obj_cooja/mtype272.a(rpl-timers.o)
                0x00000000000226f3                rpl_reset_periodic_timer
                0x0000000000022748                rpl_reset_dio_timer
                0x0000000000022982                rpl_schedule_dao
                0x000000000002299d                rpl_schedule_dao_immediately
                0x00000000000229b8                rpl_cancel_dao
                0x0000000000022a1a                rpl_schedule_unicast_dio_immediately
                0x0000000000022c08                rpl_schedule_probing
 .text          0x0000000000022c60      0x5c5 obj_cooja/mtype272.a(rpl.o)
                0x0000000000022c60                rpl_get_mode
                0x0000000000022c6a                rpl_set_mode
                0x0000000000022cf8                rpl_purge_routes
                0x0000000000022df2                rpl_remove_routes
                0x0000000000022e38                rpl_remove_routes_by_nexthop
                0x0000000000022ea4                rpl_add_route
                0x0000000000022f1f                rpl_link_neighbor_callback
                0x0000000000023024                rpl_ipv6_neighbor_callback
                0x0000000000023093                rpl_purge_dags
                0x000000000002319f                rpl_init
 .text          0x0000000000023225      0x3f5 obj_cooja/mtype272.a(framer-802154.o)
 .text          0x000000000002361a       0x5e obj_cooja/mtype272.a(nullmac.o)
 .text          0x0000000000023678      0xfc6 obj_cooja/mtype272.a(cxmac.o)
                0x000000000002458e                cxmac_set_announcement_radio_txpower
                0x0000000000024593                cxmac_init
 .text          0x000000000002463e       0x82 obj_cooja/mtype272.a(linkaddr.o)
                0x000000000002463e                linkaddr_copy
                0x0000000000024660                linkaddr_cmp
                0x000000000002468a                linkaddr_set_node_addr
                0x00000000000246a5                linkaddr_set_node_long_addr
 .text          0x00000000000246c0      0x915 obj_cooja/mtype272.a(nbr-table.o)
                0x00000000000246c0                long_ip_from_lladdr_map
                0x0000000000024749                lladdr_map_add_lr
                0x0000000000024806                lladdr_map_rm_lr
                0x0000000000024ccb                nbr_table_register
                0x0000000000024d13                nbr_table_head
                0x0000000000024d6f                nbr_table_next
                0x0000000000024dd6                nbr_table_add_lladdr
                0x0000000000024eb2                nbr_table_get_from_lladdr
                0x0000000000024eff                nbr_table_remove
                0x0000000000024f51                nbr_table_lock
                0x0000000000024f7b                nbr_table_unlock
                0x0000000000024fa5                nbr_table_get_lladdr
 .text          0x0000000000024fd5       0x2b obj_cooja/mtype272.a(netstack.o)
                0x0000000000024fd5                netstack_init
 .text          0x0000000000025000      0x3cd obj_cooja/mtype272.a(packetbuf.o)
                0x0000000000025000                packetbuf_clear
                0x000000000002502a                packetbuf_copyfrom
                0x000000000002507c                packetbuf_compact
                0x00000000000250f9                packetbuf_copyto
                0x0000000000025190                packetbuf_hdralloc
                0x000000000002520d                packetbuf_hdrreduce
                0x0000000000025255                packetbuf_set_datalen
                0x000000000002526e                packetbuf_dataptr
                0x000000000002528b                packetbuf_hdrptr
                0x0000000000025295                packetbuf_datalen
                0x00000000000252a1                packetbuf_hdrlen
                0x00000000000252b8                packetbuf_totlen
                0x00000000000252ce                packetbuf_attr_clear
                0x0000000000025320                packetbuf_attr_copyto
                0x0000000000025369                packetbuf_attr_copyfrom
                0x00000000000253b1                packetbuf_holds_broadcast
 .text          0x00000000000253cd      0x2b4 obj_cooja/mtype272.a(queuebuf.o)
                0x00000000000253d7                queuebuf_init
                0x00000000000253f7                queuebuf_numfree
                0x000000000002540b                queuebuf_new_from_packetbuf
                0x000000000002549b                queuebuf_update_attr_from_packetbuf
                0x00000000000254ce                queuebuf_update_from_packetbuf
                0x0000000000025518                queuebuf_free
                0x000000000002555f                queuebuf_to_packetbuf
                0x00000000000255c5                queuebuf_dataptr
                0x00000000000255fc                queuebuf_datalen
                0x000000000002561f                queuebuf_addr
                0x0000000000025651                queuebuf_attr
                0x000000000002567c                queuebuf_debug_print
 .text          0x0000000000025681       0x6e obj_cooja/mtype272.a(nullsec.o)
 .text          0x00000000000256ef       0x19 obj_cooja/mtype272.a(watchdog.o)
                0x00000000000256ef                watchdog_init
                0x00000000000256f4                watchdog_start
                0x00000000000256f9                watchdog_periodic
                0x00000000000256fe                watchdog_stop
                0x0000000000025703                watchdog_reboot
 .text          0x0000000000025708        0x0 obj_cooja/mtype272.a(rimestats.o)
 .text          0x0000000000025708      0x134 obj_cooja/mtype272.a(leds.o)
                0x0000000000025759                leds_init
                0x000000000002576d                leds_blink
                0x00000000000257a5                leds_get
                0x00000000000257b2                leds_set
                0x00000000000257cc                leds_on
                0x00000000000257ef                leds_off
                0x0000000000025819                leds_toggle
 .text          0x000000000002583c      0x1c1 obj_cooja/mtype272.a(memb.o)
                0x000000000002583c                memb_init
                0x000000000002589a                memb_alloc
                0x00000000000258ff                memb_free
                0x000000000002597a                memb_inmemb
                0x00000000000259b9                memb_numfree
 .text          0x00000000000259fd      0xab2 obj_cooja/mtype272.a(uip-icmp6.o)
                0x0000000000025a6b                uip_icmp6_input
                0x0000000000025ac1                uip_icmp6_register_input_handler
                0x0000000000025d89                uip_icmp6_error_output
                0x00000000000260ce                uip_icmp6_send
                0x0000000000026442                uip_icmp6_echo_reply_callback_add
                0x0000000000026473                uip_icmp6_echo_reply_callback_rm
                0x000000000002648f                uip_icmp6_init
 .text          0x00000000000264af      0x358 obj_cooja/mtype272.a(uip-nd6.o)
                0x0000000000026503                uip_nd6_ns_output
                0x0000000000026802                uip_nd6_init
 .text          0x0000000000026807      0x331 obj_cooja/mtype272.a(rpl-nbr-policy.)
                0x00000000000269df                find_removable_dis
                0x0000000000026a02                find_removable_dio
                0x0000000000026a91                find_removable_dao
                0x0000000000026ae1                rpl_nbr_policy_find_removable
 .text          0x0000000000026b38      0x97c obj_cooja/mtype272.a(frame802154.o)
                0x0000000000026b69                frame802154_get_pan_id
                0x0000000000026b75                frame802154_set_pan_id
                0x0000000000026b8e                frame802154_has_panid
                0x0000000000026c7a                frame802154_check_dest_panid
                0x0000000000026ce2                frame802154_is_broadcast_addr
                0x0000000000026d2f                frame802154_extract_linkaddr
                0x0000000000026f6f                frame802154_hdrlen
                0x0000000000026fc0                frame802154_create
                0x00000000000271ab                frame802154_parse
 .text          0x00000000000274b4       0x3c obj_cooja/mtype272.a(mac.o)
                0x00000000000274b4                mac_call_sent_callback
 .text          0x00000000000274f0        0x0 /usr/lib/gcc/i686-linux-gnu/4.8/crtendS.o
 .text          0x00000000000274f0        0x0 /usr/lib/gcc/i686-linux-gnu/4.8/../../../i386-linux-gnu/crtn.o
 *(.gnu.warning)

.fini           0x00000000000274f0       0x14
 *(SORT(.fini))
 .fini          0x00000000000274f0        0xf /usr/lib/gcc/i686-linux-gnu/4.8/../../../i386-linux-gnu/crti.o
                0x00000000000274f0                _fini
 .fini          0x00000000000274ff        0x5 /usr/lib/gcc/i686-linux-gnu/4.8/../../../i386-linux-gnu/crtn.o
                0x0000000000027504                PROVIDE (__etext, .)
                0x0000000000027504                PROVIDE (_etext, .)
                0x0000000000027504                PROVIDE (etext, .)

.rodata         0x0000000000027520     0x1640
 *(.rodata .rodata.* .gnu.linkonce.r.*)
 .rodata        0x0000000000027520      0x2da udp-client.co
                0x0000000000027534                autostart_processes
 *fill*         0x00000000000277fa        0x2 
 .rodata        0x00000000000277fc      0x1e6 obj_cooja/mtype272.o
 *fill*         0x00000000000279e2        0x2 
 .rodata        0x00000000000279e4        0x8 obj_cooja/mtype272.a(beep.o)
                0x00000000000279e4                beep_interface
 .rodata        0x00000000000279ec       0x20 obj_cooja/mtype272.a(button-sensor.o)
                0x00000000000279ec                button_interface
                0x00000000000279fc                button_sensor
 .rodata        0x0000000000027a0c        0x8 obj_cooja/mtype272.a(leds-arch.o)
                0x0000000000027a0c                leds_interface
 .rodata        0x0000000000027a14        0x8 obj_cooja/mtype272.a(moteid.o)
                0x0000000000027a14                moteid_interface
 .rodata        0x0000000000027a1c       0x1c obj_cooja/mtype272.a(pir-sensor.o)
                0x0000000000027a1c                pir_interface
                0x0000000000027a28                pir_sensor
 .rodata        0x0000000000027a38        0xe obj_cooja/mtype272.a(rs232.o)
                0x0000000000027a38                rs232_interface
 *fill*         0x0000000000027a46        0x2 
 .rodata        0x0000000000027a48       0x24 obj_cooja/mtype272.a(vib-sensor.o)
                0x0000000000027a48                vib_interface
                0x0000000000027a5c                vib_sensor
 .rodata        0x0000000000027a6c        0x8 obj_cooja/mtype272.a(clock.o)
                0x0000000000027a6c                clock_interface
 .rodata        0x0000000000027a74        0x8 obj_cooja/mtype272.a(log.o)
                0x0000000000027a74                simlog_interface
 .rodata        0x0000000000027a7c       0x2f obj_cooja/mtype272.a(cfs-cooja.o)
                0x0000000000027a7c                cfs_interface
 *fill*         0x0000000000027aab       0x15 
 .rodata        0x0000000000027ac0       0x60 obj_cooja/mtype272.a(cooja-radio.o)
                0x0000000000027ae0                cooja_radio_driver
                0x0000000000027b18                radio_interface
 .rodata        0x0000000000027b20        0x8 obj_cooja/mtype272.a(eeprom.o)
                0x0000000000027b20                eeprom_interface
 .rodata        0x0000000000027b28        0x8 obj_cooja/mtype272.a(sensors.o)
 .rodata        0x0000000000027b30      0x169 obj_cooja/mtype272.a(dual_conf.o)
 .rodata        0x0000000000027c99        0xf obj_cooja/mtype272.a(ctimer.o)
 .rodata        0x0000000000027ca8        0xc obj_cooja/mtype272.a(etimer.o)
 .rodata        0x0000000000027cb4       0x73 obj_cooja/mtype272.a(log_message.o)
 *fill*         0x0000000000027d27        0x1 
 .rodata        0x0000000000027d28       0x20 obj_cooja/mtype272.a(residual.o)
 .rodata        0x0000000000027d48        0xe obj_cooja/mtype272.a(serial-line.o)
 *fill*         0x0000000000027d56        0x2 
 .rodata        0x0000000000027d58       0x2c obj_cooja/mtype272.a(sicslowpan.o)
                0x0000000000027d58                unc_llconf
                0x0000000000027d5c                unc_ctxconf
                0x0000000000027d60                unc_mxconf
                0x0000000000027d64                llprefix
                0x0000000000027d78                sicslowpan_driver
 .rodata        0x0000000000027d84      0x13c obj_cooja/mtype272.a(uip6.o)
 .rodata        0x0000000000027ec0       0x49 obj_cooja/mtype272.a(tcpip.o)
 .rodata        0x0000000000027f09       0x3e obj_cooja/mtype272.a(uip-debug.o)
 *fill*         0x0000000000027f47        0x1 
 .rodata        0x0000000000027f48        0x4 obj_cooja/mtype272.a(rpl-dag.o)
 .rodata        0x0000000000027f4c      0xb70 obj_cooja/mtype272.a(rpl-icmp6.o)
 .rodata        0x0000000000028abc        0xc obj_cooja/mtype272.a(framer-802154.o)
                0x0000000000028abc                framer_802154
 .rodata        0x0000000000028ac8       0x24 obj_cooja/mtype272.a(nullmac.o)
                0x0000000000028ad0                nullmac_driver
 *fill*         0x0000000000028aec       0x14 
 .rodata        0x0000000000028b00       0x40 obj_cooja/mtype272.a(cxmac.o)
                0x0000000000028b20                cxmac_driver
 .rodata        0x0000000000028b40        0x8 obj_cooja/mtype272.a(linkaddr.o)
                0x0000000000028b40                linkaddr_null
 .rodata        0x0000000000028b48       0x18 obj_cooja/mtype272.a(nullsec.o)
                0x0000000000028b50                nullsec_driver

.rodata1
 *(.rodata1)

.eh_frame_hdr   0x0000000000028b60     0x13bc
 *(.eh_frame_hdr)
 .eh_frame_hdr  0x0000000000028b60     0x13bc udp-client.co

.eh_frame       0x0000000000029f1c     0x504c
 *(.eh_frame)
 .eh_frame      0x0000000000029f1c       0x3c /usr/lib/gcc/i686-linux-gnu/4.8/../../../i386-linux-gnu/crti.o
                                         0x40 (size before relaxing)
 .eh_frame      0x0000000000029f58       0xb4 udp-client.co
                                         0xcc (size before relaxing)
 .eh_frame      0x000000000002a00c      0x148 obj_cooja/mtype272.o
                                        0x160 (size before relaxing)
 .eh_frame      0x000000000002a154       0x40 obj_cooja/mtype272.a(simEnvChange.o)
                                         0x58 (size before relaxing)
 .eh_frame      0x000000000002a194       0xc0 obj_cooja/mtype272.a(cooja_mt.o)
                                         0xd8 (size before relaxing)
 .eh_frame      0x000000000002a254      0x120 obj_cooja/mtype272.a(cooja_mtarch.o)
                                        0x138 (size before relaxing)
 .eh_frame      0x000000000002a374       0xc0 obj_cooja/mtype272.a(rtimer-arch.o)
                                         0xd8 (size before relaxing)
 .eh_frame      0x000000000002a434      0x160 obj_cooja/mtype272.a(beep.o)
                                        0x178 (size before relaxing)
 .eh_frame      0x000000000002a594       0xa0 obj_cooja/mtype272.a(button-sensor.o)
                                         0xb8 (size before relaxing)
 .eh_frame      0x000000000002a634       0xa0 obj_cooja/mtype272.a(leds-arch.o)
                                         0xb8 (size before relaxing)
 .eh_frame      0x000000000002a6d4       0x40 obj_cooja/mtype272.a(moteid.o)
                                         0x58 (size before relaxing)
 .eh_frame      0x000000000002a714       0xa0 obj_cooja/mtype272.a(pir-sensor.o)
                                         0xb8 (size before relaxing)
 .eh_frame      0x000000000002a7b4      0x100 obj_cooja/mtype272.a(rs232.o)
                                        0x118 (size before relaxing)
 .eh_frame      0x000000000002a8b4       0xa0 obj_cooja/mtype272.a(vib-sensor.o)
                                         0xb8 (size before relaxing)
 .eh_frame      0x000000000002a954       0xc0 obj_cooja/mtype272.a(clock.o)
                                         0xd8 (size before relaxing)
 .eh_frame      0x000000000002aa14      0x120 obj_cooja/mtype272.a(log.o)
                                        0x138 (size before relaxing)
 .eh_frame      0x000000000002ab34      0x160 obj_cooja/mtype272.a(cfs-cooja.o)
                                        0x178 (size before relaxing)
 .eh_frame      0x000000000002ac94      0x2e0 obj_cooja/mtype272.a(cooja-radio.o)
                                        0x2f8 (size before relaxing)
 .eh_frame      0x000000000002af74       0xa0 obj_cooja/mtype272.a(eeprom.o)
                                         0xb8 (size before relaxing)
 .eh_frame      0x000000000002b014       0x40 obj_cooja/mtype272.a(random.o)
                                         0x58 (size before relaxing)
 .eh_frame      0x000000000002b054       0xc0 obj_cooja/mtype272.a(sensors.o)
                                         0xd8 (size before relaxing)
 .eh_frame      0x000000000002b114      0x160 obj_cooja/mtype272.a(dual_conf.o)
                                        0x178 (size before relaxing)
 .eh_frame      0x000000000002b274       0x40 obj_cooja/mtype272.a(autostart.o)
                                         0x58 (size before relaxing)
 .eh_frame      0x000000000002b2b4      0x100 obj_cooja/mtype272.a(ctimer.o)
                                        0x118 (size before relaxing)
 .eh_frame      0x000000000002b3b4      0x1e0 obj_cooja/mtype272.a(etimer.o)
                                        0x1f8 (size before relaxing)
 .eh_frame      0x000000000002b594       0x40 obj_cooja/mtype272.a(log_message.o)
                                         0x58 (size before relaxing)
 .eh_frame      0x000000000002b5d4      0x1c8 obj_cooja/mtype272.a(process.o)
                                        0x1e0 (size before relaxing)
 .eh_frame      0x000000000002b79c       0x2c obj_cooja/mtype272.a(residual.o)
                                         0x44 (size before relaxing)
 .eh_frame      0x000000000002b7c8       0x60 obj_cooja/mtype272.a(rtimer.o)
                                         0x78 (size before relaxing)
 .eh_frame      0x000000000002b828       0xc4 obj_cooja/mtype272.a(stimer.o)
                                         0xdc (size before relaxing)
 .eh_frame      0x000000000002b8ec       0xa4 obj_cooja/mtype272.a(timer.o)
                                         0xbc (size before relaxing)
 .eh_frame      0x000000000002b990       0x60 obj_cooja/mtype272.a(serial-line.o)
                                         0x78 (size before relaxing)
 .eh_frame      0x000000000002b9f0      0x180 obj_cooja/mtype272.a(list.o)
                                        0x198 (size before relaxing)
 .eh_frame      0x000000000002bb70       0xa0 obj_cooja/mtype272.a(ringbuf.o)
                                         0xb8 (size before relaxing)
 .eh_frame      0x000000000002bc10      0x350 obj_cooja/mtype272.a(sicslowpan.o)
                                        0x368 (size before relaxing)
 .eh_frame      0x000000000002bf60      0x180 obj_cooja/mtype272.a(uip-ds6-nbr.o)
                                        0x198 (size before relaxing)
 .eh_frame      0x000000000002c0e0      0x2a0 obj_cooja/mtype272.a(uip-ds6-route.o)
                                        0x2b8 (size before relaxing)
 .eh_frame      0x000000000002c380      0x3c8 obj_cooja/mtype272.a(uip-ds6.o)
                                        0x3e0 (size before relaxing)
 .eh_frame      0x000000000002c748      0x27c obj_cooja/mtype272.a(uip6.o)
                                        0x294 (size before relaxing)
 .eh_frame      0x000000000002c9c4      0x270 obj_cooja/mtype272.a(tcpip.o)
                                        0x288 (size before relaxing)
 .eh_frame      0x000000000002cc34       0x48 obj_cooja/mtype272.a(uip-debug.o)
                                         0x60 (size before relaxing)
 .eh_frame      0x000000000002cc7c       0xe0 obj_cooja/mtype272.a(uip-packetqueue)
                                         0xf8 (size before relaxing)
 .eh_frame      0x000000000002cd5c       0x40 obj_cooja/mtype272.a(uip-udp-packet.)
                                         0x58 (size before relaxing)
 .eh_frame      0x000000000002cd9c      0x74c obj_cooja/mtype272.a(rpl-dag.o)
                                        0x764 (size before relaxing)
 .eh_frame      0x000000000002d4e8      0x10c obj_cooja/mtype272.a(rpl-ext-header.)
                                        0x124 (size before relaxing)
 .eh_frame      0x000000000002d5f4      0x2c8 obj_cooja/mtype272.a(rpl-icmp6.o)
                                        0x2e0 (size before relaxing)
 .eh_frame      0x000000000002d8bc       0xe0 obj_cooja/mtype272.a(rpl-ltmax.o)
                                         0xf8 (size before relaxing)
 .eh_frame      0x000000000002d99c      0x20c obj_cooja/mtype272.a(rpl-timers.o)
                                        0x224 (size before relaxing)
 .eh_frame      0x000000000002dba8      0x148 obj_cooja/mtype272.a(rpl.o)
                                        0x160 (size before relaxing)
 .eh_frame      0x000000000002dcf0      0x108 obj_cooja/mtype272.a(framer-802154.o)
                                        0x120 (size before relaxing)
 .eh_frame      0x000000000002ddf8       0xc0 obj_cooja/mtype272.a(nullmac.o)
                                         0xd8 (size before relaxing)
 .eh_frame      0x000000000002deb8      0x2bc obj_cooja/mtype272.a(cxmac.o)
                                        0x2d4 (size before relaxing)
 .eh_frame      0x000000000002e174       0x80 obj_cooja/mtype272.a(linkaddr.o)
                                         0x98 (size before relaxing)
 .eh_frame      0x000000000002e1f4      0x2cc obj_cooja/mtype272.a(nbr-table.o)
                                        0x2e4 (size before relaxing)
 .eh_frame      0x000000000002e4c0       0x20 obj_cooja/mtype272.a(netstack.o)
                                         0x38 (size before relaxing)
 .eh_frame      0x000000000002e4e0      0x214 obj_cooja/mtype272.a(packetbuf.o)
                                        0x22c (size before relaxing)
 .eh_frame      0x000000000002e6f4      0x1a0 obj_cooja/mtype272.a(queuebuf.o)
                                        0x1b8 (size before relaxing)
 .eh_frame      0x000000000002e894       0x80 obj_cooja/mtype272.a(nullsec.o)
                                         0x98 (size before relaxing)
 .eh_frame      0x000000000002e914       0xa0 obj_cooja/mtype272.a(watchdog.o)
                                         0xb8 (size before relaxing)
 .eh_frame      0x000000000002e9b4      0x100 obj_cooja/mtype272.a(leds.o)
                                        0x118 (size before relaxing)
 .eh_frame      0x000000000002eab4       0xa0 obj_cooja/mtype272.a(memb.o)
                                         0xb8 (size before relaxing)
 .eh_frame      0x000000000002eb54      0x164 obj_cooja/mtype272.a(uip-icmp6.o)
                                        0x17c (size before relaxing)
 .eh_frame      0x000000000002ecb8       0x68 obj_cooja/mtype272.a(uip-nd6.o)
                                         0x80 (size before relaxing)
 .eh_frame      0x000000000002ed20       0xc0 obj_cooja/mtype272.a(rpl-nbr-policy.)
                                         0xd8 (size before relaxing)
 .eh_frame      0x000000000002ede0      0x164 obj_cooja/mtype272.a(frame802154.o)
                                        0x17c (size before relaxing)
 .eh_frame      0x000000000002ef44       0x20 obj_cooja/mtype272.a(mac.o)
                                         0x38 (size before relaxing)
 .eh_frame      0x000000000002ef64        0x4 /usr/lib/gcc/i686-linux-gnu/4.8/crtendS.o

.gcc_except_table
 *(.gcc_except_table .gcc_except_table.*)

.exception_ranges
 *(.exception_ranges .exception_ranges*)
                0x000000000002ef68                . = (ALIGN (0x1000) - ((0x1000 - .) & 0xfff))
                0x000000000002fef8                . = DATA_SEGMENT_ALIGN (0x1000, 0x1000)

.eh_frame
 *(.eh_frame)

.gcc_except_table
 *(.gcc_except_table .gcc_except_table.*)

.exception_ranges
 *(.exception_ranges .exception_ranges*)

.tdata
 *(.tdata .tdata.* .gnu.linkonce.td.*)

.tbss
 *(.tbss .tbss.* .gnu.linkonce.tb.*)
 *(.tcommon)

.preinit_array
 *(.preinit_array)

.init_array     0x000000000002fef8        0x4
 *(SORT(.init_array.*) SORT(.ctors.*))
 *(.init_array EXCLUDE_FILE(*crtend?.o *crtend.o *crtbegin?.o *crtbegin.o) .ctors)
 .init_array    0x000000000002fef8        0x4 /usr/lib/gcc/i686-linux-gnu/4.8/crtbeginS.o

.fini_array     0x000000000002fefc        0x4
 *(SORT(.fini_array.*) SORT(.dtors.*))
 *(.fini_array EXCLUDE_FILE(*crtend?.o *crtend.o *crtbegin?.o *crtbegin.o) .dtors)
 .fini_array    0x000000000002fefc        0x4 /usr/lib/gcc/i686-linux-gnu/4.8/crtbeginS.o

.ctors
 *crtbegin.o(.ctors)
 *crtbegin?.o(.ctors)
 *(EXCLUDE_FILE(*crtend?.o *crtend.o) .ctors)
 *(SORT(.ctors.*))
 *(.ctors)

.dtors
 *crtbegin.o(.dtors)
 *crtbegin?.o(.dtors)
 *(EXCLUDE_FILE(*crtend?.o *crtend.o) .dtors)
 *(SORT(.dtors.*))
 *(.dtors)

.jcr            0x000000000002ff00        0x4
 *(.jcr)
 .jcr           0x000000000002ff00        0x0 /usr/lib/gcc/i686-linux-gnu/4.8/crtbeginS.o
 .jcr           0x000000000002ff00        0x4 /usr/lib/gcc/i686-linux-gnu/4.8/crtendS.o

.data.rel.ro
 *(.data.rel.ro.local* .gnu.linkonce.d.rel.ro.local.*)
 *(.data.rel.ro .data.rel.ro.* .gnu.linkonce.d.rel.ro.*)

.dynamic        0x000000000002ff04       0xe8
 *(.dynamic)
 .dynamic       0x000000000002ff04       0xe8 /usr/lib/gcc/i686-linux-gnu/4.8/../../../i386-linux-gnu/crti.o
                0x000000000002ff04                _DYNAMIC

.got            0x000000000002ffec       0x14
 *(.got)
 .got           0x000000000002ffec       0x14 /usr/lib/gcc/i686-linux-gnu/4.8/../../../i386-linux-gnu/crti.o
 *(.igot)
                0x0000000000030ff4                . = DATA_SEGMENT_RELRO_END (., (SIZEOF (.got.plt) >= 0xc)?0xc:0x0)

.got.plt        0x0000000000030000       0x14
 *(.got.plt)
 .got.plt       0x0000000000030000       0x14 /usr/lib/gcc/i686-linux-gnu/4.8/../../../i386-linux-gnu/crti.o
                0x0000000000030000                _GLOBAL_OFFSET_TABLE_
 *(.igot.plt)

.data           0x0000000000030020      0x27a
 *(.data .data.* .gnu.linkonce.d.*)
 .data          0x0000000000030020        0x0 /usr/lib/gcc/i686-linux-gnu/4.8/../../../i386-linux-gnu/crti.o
 .data          0x0000000000030020        0x0 /usr/lib/gcc/i686-linux-gnu/4.8/crtbeginS.o
 .data.rel      0x0000000000030020        0x4 /usr/lib/gcc/i686-linux-gnu/4.8/crtbeginS.o
                0x0000000000030020                __dso_handle
 .data          0x0000000000030024       0x10 udp-client.co
                0x0000000000030024                udp_client_process
 *fill*         0x0000000000030034        0xc 
 .data          0x0000000000030040       0x44 obj_cooja/mtype272.o
                0x0000000000030040                simInterfaces
                0x0000000000030074                sensors
 .data          0x0000000000030084        0x0 obj_cooja/mtype272.a(simEnvChange.o)
 .data          0x0000000000030084        0x0 obj_cooja/mtype272.a(cooja_mt.o)
 .data          0x0000000000030084        0x0 obj_cooja/mtype272.a(cooja_mtarch.o)
 .data          0x0000000000030084        0x0 obj_cooja/mtype272.a(rtimer-arch.o)
 .data          0x0000000000030084        0x0 obj_cooja/mtype272.a(beep.o)
 .data          0x0000000000030084        0x0 obj_cooja/mtype272.a(button-sensor.o)
 .data          0x0000000000030084        0x0 obj_cooja/mtype272.a(leds-arch.o)
 .data          0x0000000000030084        0x0 obj_cooja/mtype272.a(moteid.o)
 .data          0x0000000000030084        0x0 obj_cooja/mtype272.a(pir-sensor.o)
 .data          0x0000000000030084        0x0 obj_cooja/mtype272.a(rs232.o)
 .data          0x0000000000030084        0x0 obj_cooja/mtype272.a(vib-sensor.o)
 .data          0x0000000000030084        0x0 obj_cooja/mtype272.a(clock.o)
 .data          0x0000000000030084        0x0 obj_cooja/mtype272.a(log.o)
 .data          0x0000000000030084        0x0 obj_cooja/mtype272.a(cfs-cooja.o)
 .data          0x0000000000030084       0x40 obj_cooja/mtype272.a(cooja-radio.o)
                0x0000000000030084                simRadioChannelLR
                0x0000000000030088                simRadioHWOnLR
                0x000000000003008c                simSignalStrengthLR
                0x0000000000030090                simLastSignalStrengthLR
                0x0000000000030094                simPowerLR
                0x0000000000030098                simLQILR
                0x000000000003009c                simRadioChannel
                0x00000000000300a0                simRadioHWOn
                0x00000000000300a4                simSignalStrength
                0x00000000000300a8                simLastSignalStrength
                0x00000000000300ac                simPower
                0x00000000000300b0                simLQI
                0x00000000000300b4                cooja_radio_process
 .data          0x00000000000300c4        0x0 obj_cooja/mtype272.a(eeprom.o)
 .data          0x00000000000300c4        0x0 obj_cooja/mtype272.a(random.o)
 .data          0x00000000000300c4       0x10 obj_cooja/mtype272.a(sensors.o)
                0x00000000000300c4                sensors_process
 .data          0x00000000000300d4       0x28 obj_cooja/mtype272.a(dual_conf.o)
                0x00000000000300d4                radio_received
                0x00000000000300d8                dual_dio_broadcast
                0x00000000000300e8                dual_dis_broadcast
 .data          0x00000000000300fc        0x0 obj_cooja/mtype272.a(autostart.o)
 .data          0x00000000000300fc       0x14 obj_cooja/mtype272.a(ctimer.o)
                0x0000000000030100                ctimer_process
 .data          0x0000000000030110       0x10 obj_cooja/mtype272.a(etimer.o)
                0x0000000000030110                etimer_process
 .data          0x0000000000030120        0x0 obj_cooja/mtype272.a(log_message.o)
 .data          0x0000000000030120        0x0 obj_cooja/mtype272.a(process.o)
 .data          0x0000000000030120        0x0 obj_cooja/mtype272.a(residual.o)
 .data          0x0000000000030120        0x0 obj_cooja/mtype272.a(rtimer.o)
 .data          0x0000000000030120        0x0 obj_cooja/mtype272.a(stimer.o)
 .data          0x0000000000030120        0x0 obj_cooja/mtype272.a(timer.o)
 .data          0x0000000000030120       0x10 obj_cooja/mtype272.a(serial-line.o)
                0x0000000000030120                serial_line_process
 .data          0x0000000000030130        0x0 obj_cooja/mtype272.a(list.o)
 .data          0x0000000000030130        0x0 obj_cooja/mtype272.a(ringbuf.o)
 .data          0x0000000000030130        0x0 obj_cooja/mtype272.a(sicslowpan.o)
 .data          0x0000000000030130       0x14 obj_cooja/mtype272.a(uip-ds6-nbr.o)
                0x0000000000030140                ds6_neighbors
 .data          0x0000000000030144       0x44 obj_cooja/mtype272.a(uip-ds6-route.o)
                0x0000000000030154                nbr_routes
 .data          0x0000000000030188        0x0 obj_cooja/mtype272.a(uip-ds6.o)
 .data          0x0000000000030188        0x0 obj_cooja/mtype272.a(uip6.o)
 .data          0x0000000000030188       0x10 obj_cooja/mtype272.a(tcpip.o)
                0x0000000000030188                tcpip_process
 .data          0x0000000000030198        0x0 obj_cooja/mtype272.a(uip-debug.o)
 .data          0x0000000000030198        0xc obj_cooja/mtype272.a(uip-packetqueue)
 .data          0x00000000000301a4        0x0 obj_cooja/mtype272.a(uip-udp-packet.)
 .data          0x00000000000301a4       0x28 obj_cooja/mtype272.a(rpl-dag.o)
                0x00000000000301b4                rpl_parents
                0x00000000000301c8                rpl_children
 .data          0x00000000000301cc        0x0 obj_cooja/mtype272.a(rpl-ext-header.)
 .data          0x00000000000301cc       0x34 obj_cooja/mtype272.a(rpl-icmp6.o)
 .data          0x0000000000030200       0x1c obj_cooja/mtype272.a(rpl-ltmax.o)
                0x0000000000030200                rpl_ltmax_of
 .data          0x000000000003021c        0x0 obj_cooja/mtype272.a(rpl-timers.o)
 .data          0x000000000003021c        0x0 obj_cooja/mtype272.a(rpl.o)
 .data          0x000000000003021c        0x0 obj_cooja/mtype272.a(framer-802154.o)
 .data          0x000000000003021c        0x0 obj_cooja/mtype272.a(nullmac.o)
 .data          0x000000000003021c       0x30 obj_cooja/mtype272.a(cxmac.o)
                0x000000000003021c                cxmac_config
                0x000000000003022c                strobe_wait
 .data          0x000000000003024c        0x0 obj_cooja/mtype272.a(linkaddr.o)
 .data          0x000000000003024c       0x10 obj_cooja/mtype272.a(nbr-table.o)
 .data          0x000000000003025c        0x0 obj_cooja/mtype272.a(netstack.o)
 .data          0x000000000003025c        0x4 obj_cooja/mtype272.a(packetbuf.o)
 .data          0x0000000000030260       0x18 obj_cooja/mtype272.a(queuebuf.o)
 .data          0x0000000000030278        0x0 obj_cooja/mtype272.a(nullsec.o)
 .data          0x0000000000030278        0x0 obj_cooja/mtype272.a(watchdog.o)
 .data          0x0000000000030278        0x0 obj_cooja/mtype272.a(rimestats.o)
 .data          0x0000000000030278        0x0 obj_cooja/mtype272.a(leds.o)
 .data          0x0000000000030278        0x0 obj_cooja/mtype272.a(memb.o)
 .data          0x0000000000030278       0x20 obj_cooja/mtype272.a(uip-icmp6.o)
 .data          0x0000000000030298        0x0 obj_cooja/mtype272.a(uip-nd6.o)
 .data          0x0000000000030298        0x0 obj_cooja/mtype272.a(rpl-nbr-policy.)
 .data          0x0000000000030298        0x2 obj_cooja/mtype272.a(frame802154.o)
 .data          0x000000000003029a        0x0 obj_cooja/mtype272.a(mac.o)
 .data          0x000000000003029a        0x0 /usr/lib/gcc/i686-linux-gnu/4.8/crtendS.o
 .data          0x000000000003029a        0x0 /usr/lib/gcc/i686-linux-gnu/4.8/../../../i386-linux-gnu/crtn.o

.tm_clone_table
                0x000000000003029c        0x0
 .tm_clone_table
                0x000000000003029c        0x0 /usr/lib/gcc/i686-linux-gnu/4.8/crtbeginS.o
 .tm_clone_table
                0x000000000003029c        0x0 /usr/lib/gcc/i686-linux-gnu/4.8/crtendS.o

.data1
 *(.data1)
                0x000000000003029c                _edata = .
                0x000000000003029c                PROVIDE (edata, .)
                0x000000000003029c                . = .
                0x000000000003029c                __bss_start = .

.bss            0x00000000000302a0     0x8308
 *(.dynbss)
 .dynbss        0x0000000000000000        0x0 /usr/lib/gcc/i686-linux-gnu/4.8/../../../i386-linux-gnu/crti.o
 *(.bss .bss.* .gnu.linkonce.b.*)
 .bss           0x00000000000302a0        0x0 /usr/lib/gcc/i686-linux-gnu/4.8/../../../i386-linux-gnu/crti.o
 .bss           0x00000000000302a0        0x1 /usr/lib/gcc/i686-linux-gnu/4.8/crtbeginS.o
 *fill*         0x00000000000302a1       0x1f 
 .bss           0x00000000000302c0       0x60 udp-client.co
                0x00000000000302c0                my_weight
 .bss           0x0000000000030320     0x2030 obj_cooja/mtype272.o
 .bss           0x0000000000032350        0x1 obj_cooja/mtype272.a(simEnvChange.o)
                0x0000000000032350                simDontFallAsleep
 *fill*         0x0000000000032351        0x3 
 .bss           0x0000000000032354        0x4 obj_cooja/mtype272.a(cooja_mt.o)
 .bss           0x0000000000032358        0x4 obj_cooja/mtype272.a(cooja_mtarch.o)
 .bss           0x000000000003235c        0xc obj_cooja/mtype272.a(rtimer-arch.o)
 .bss           0x0000000000032368        0x0 obj_cooja/mtype272.a(beep.o)
 .bss           0x0000000000032368        0x8 obj_cooja/mtype272.a(button-sensor.o)
 .bss           0x0000000000032370        0x0 obj_cooja/mtype272.a(leds-arch.o)
 .bss           0x0000000000032370        0x0 obj_cooja/mtype272.a(moteid.o)
 .bss           0x0000000000032370        0x1 obj_cooja/mtype272.a(pir-sensor.o)
                0x0000000000032370                simPirValue
 *fill*         0x0000000000032371        0x3 
 .bss           0x0000000000032374        0x4 obj_cooja/mtype272.a(rs232.o)
 .bss           0x0000000000032378        0x1 obj_cooja/mtype272.a(vib-sensor.o)
                0x0000000000032378                simVibValue
 .bss           0x0000000000032379        0x0 obj_cooja/mtype272.a(clock.o)
 *fill*         0x0000000000032379        0x7 
 .bss           0x0000000000032380      0x420 obj_cooja/mtype272.a(log.o)
 .bss           0x00000000000327a0      0xfc0 obj_cooja/mtype272.a(cfs-cooja.o)
                0x00000000000327a0                simCFSData
                0x0000000000033740                simCFSSize
                0x0000000000033744                simCFSChanged
                0x0000000000033748                simCFSRead
                0x000000000003374c                simCFSWritten
 .bss           0x0000000000033760       0x24 obj_cooja/mtype272.a(cooja-radio.o)
                0x0000000000033760                simReceivingLR
                0x0000000000033764                simInSizeLR
                0x0000000000033768                simOutSizeLR
                0x000000000003376c                simReceiving
                0x0000000000033770                simInSize
                0x0000000000033774                simOutSize
                0x0000000000033778                LongRangeTransmit
                0x000000000003377c                LongRangeReceiving
 .bss           0x0000000000033784        0xc obj_cooja/mtype272.a(eeprom.o)
                0x0000000000033784                simEEPROMChanged
                0x0000000000033788                simEEPROMRead
                0x000000000003378c                simEEPROMWritten
 .bss           0x0000000000033790        0x0 obj_cooja/mtype272.a(random.o)
 .bss           0x0000000000033790        0xc obj_cooja/mtype272.a(sensors.o)
 .bss           0x000000000003379c       0x28 obj_cooja/mtype272.a(dual_conf.o)
                0x000000000003379c                long_range_radio
 .bss           0x00000000000337c4        0x0 obj_cooja/mtype272.a(autostart.o)
 .bss           0x00000000000337c4        0x5 obj_cooja/mtype272.a(ctimer.o)
 *fill*         0x00000000000337c9        0x3 
 .bss           0x00000000000337cc        0x8 obj_cooja/mtype272.a(etimer.o)
 .bss           0x00000000000337d4        0x0 obj_cooja/mtype272.a(log_message.o)
 *fill*         0x00000000000337d4        0xc 
 .bss           0x00000000000337e0      0x1b1 obj_cooja/mtype272.a(process.o)
                0x00000000000337e0                process_list
                0x00000000000337e4                process_current
 .bss           0x0000000000033991        0x0 obj_cooja/mtype272.a(residual.o)
 *fill*         0x0000000000033991        0x3 
 .bss           0x0000000000033994        0x4 obj_cooja/mtype272.a(rtimer.o)
 .bss           0x0000000000033998        0x0 obj_cooja/mtype272.a(stimer.o)
 .bss           0x0000000000033998        0x0 obj_cooja/mtype272.a(timer.o)
 *fill*         0x0000000000033998        0x8 
 .bss           0x00000000000339a0      0x140 obj_cooja/mtype272.a(serial-line.o)
 .bss           0x0000000000033ae0        0x0 obj_cooja/mtype272.a(list.o)
 .bss           0x0000000000033ae0        0x0 obj_cooja/mtype272.a(ringbuf.o)
 .bss           0x0000000000033ae0      0x70c obj_cooja/mtype272.a(sicslowpan.o)
 *fill*         0x00000000000341ec       0x14 
 .bss           0x0000000000034200       0xc0 obj_cooja/mtype272.a(uip-ds6-nbr.o)
 .bss           0x00000000000342c0      0x4a8 obj_cooja/mtype272.a(uip-ds6-route.o)
 .bss           0x0000000000034768       0x30 obj_cooja/mtype272.a(uip-ds6.o)
 .bss           0x0000000000034798        0xe obj_cooja/mtype272.a(uip6.o)
                0x0000000000034798                uip_ext_bitmap
                0x0000000000034799                uip_ext_len
                0x000000000003479a                uip_ext_opt_offset
 *fill*         0x00000000000347a6       0x1a 
 .bss           0x00000000000347c0       0x6b obj_cooja/mtype272.a(tcpip.o)
 .bss           0x000000000003482b        0x0 obj_cooja/mtype272.a(uip-debug.o)
 *fill*         0x000000000003482b       0x15 
 .bss           0x0000000000034840      0xcf8 obj_cooja/mtype272.a(uip-packetqueue)
 .bss           0x0000000000035538        0x0 obj_cooja/mtype272.a(uip-udp-packet.)
 *fill*         0x0000000000035538        0x8 
 .bss           0x0000000000035540       0x88 obj_cooja/mtype272.a(rpl-dag.o)
 .bss           0x00000000000355c8        0x0 obj_cooja/mtype272.a(rpl-ext-header.)
 .bss           0x00000000000355c8        0x0 obj_cooja/mtype272.a(rpl-icmp6.o)
 .bss           0x00000000000355c8        0x0 obj_cooja/mtype272.a(rpl-ltmax.o)
 *fill*         0x00000000000355c8       0x18 
 .bss           0x00000000000355e0       0x23 obj_cooja/mtype272.a(rpl-timers.o)
 *fill*         0x0000000000035603        0x1 
 .bss           0x0000000000035604        0x4 obj_cooja/mtype272.a(rpl.o)
 .bss           0x0000000000035608        0x2 obj_cooja/mtype272.a(framer-802154.o)
 .bss           0x000000000003560a        0x0 obj_cooja/mtype272.a(nullmac.o)
 *fill*         0x000000000003560a       0x16 
 .bss           0x0000000000035620       0xb0 obj_cooja/mtype272.a(cxmac.o)
 .bss           0x00000000000356d0        0x0 obj_cooja/mtype272.a(linkaddr.o)
 *fill*         0x00000000000356d0       0x10 
 .bss           0x00000000000356e0       0xc4 obj_cooja/mtype272.a(nbr-table.o)
 .bss           0x00000000000357a4        0x0 obj_cooja/mtype272.a(netstack.o)
 *fill*         0x00000000000357a4       0x1c 
 .bss           0x00000000000357c0       0xa0 obj_cooja/mtype272.a(packetbuf.o)
 .bss           0x0000000000035860      0xb80 obj_cooja/mtype272.a(queuebuf.o)
 .bss           0x00000000000363e0        0x0 obj_cooja/mtype272.a(nullsec.o)
 .bss           0x00000000000363e0        0x0 obj_cooja/mtype272.a(watchdog.o)
 .bss           0x00000000000363e0        0x0 obj_cooja/mtype272.a(rimestats.o)
 .bss           0x00000000000363e0        0x1 obj_cooja/mtype272.a(leds.o)
 .bss           0x00000000000363e1        0x0 obj_cooja/mtype272.a(memb.o)
 *fill*         0x00000000000363e1        0x3 
 .bss           0x00000000000363e4       0x18 obj_cooja/mtype272.a(uip-icmp6.o)
 .bss           0x00000000000363fc        0x0 obj_cooja/mtype272.a(uip-nd6.o)
 *fill*         0x00000000000363fc        0x4 
 .bss           0x0000000000036400       0x44 obj_cooja/mtype272.a(rpl-nbr-policy.)
 .bss           0x0000000000036444        0x0 obj_cooja/mtype272.a(frame802154.o)
 .bss           0x0000000000036444        0x0 obj_cooja/mtype272.a(mac.o)
 .bss           0x0000000000036444        0x0 /usr/lib/gcc/i686-linux-gnu/4.8/crtendS.o
 .bss           0x0000000000036444        0x0 /usr/lib/gcc/i686-linux-gnu/4.8/../../../i386-linux-gnu/crtn.o
 *(COMMON)
 COMMON         0x0000000000036444       0x48 udp-client.co
                0x0000000000036444                dio_count
                0x0000000000036448                dis_count
                0x000000000003644c                collision_count
                0x0000000000036450                transmission_count
                0x0000000000036454                COOJA_radioRxLong
                0x0000000000036458                control_message_count
                0x000000000003645c                dao_count
                0x0000000000036460                COOJA_radioTx
                0x0000000000036464                data_relay_count
                0x0000000000036468                data_message_count
                0x000000000003646c                my_sink_reachability
                0x0000000000036470                COOJA_radioTxLong
                0x0000000000036474                COOJA_radioRx
                0x0000000000036478                my_parent_number
                0x000000000003647c                COOJA_radioOn
                0x0000000000036480                COOJA_duration
                0x0000000000036484                dio_ack_count
                0x0000000000036488                COOJA_radioOnLong
 COMMON         0x000000000003648c        0xc obj_cooja/mtype272.o
                0x000000000003648c                referenceVar
                0x0000000000036490                debugfp
                0x0000000000036494                sensors_flags
 COMMON         0x0000000000036498        0xc obj_cooja/mtype272.a(simEnvChange.o)
                0x0000000000036498                simEtimerPending
                0x000000000003649c                simProcessRunValue
                0x00000000000364a0                simNextExpirationTime
 COMMON         0x00000000000364a4        0x1 obj_cooja/mtype272.a(beep.o)
                0x00000000000364a4                simBeeped
 COMMON         0x00000000000364a5        0x3 obj_cooja/mtype272.a(button-sensor.o)
                0x00000000000364a5                simButtonIsActive
                0x00000000000364a6                simButtonIsDown
                0x00000000000364a7                simButtonChanged
 COMMON         0x00000000000364a8        0x1 obj_cooja/mtype272.a(leds-arch.o)
                0x00000000000364a8                simLedsValue
 *fill*         0x00000000000364a9        0x3 
 COMMON         0x00000000000364ac        0xc obj_cooja/mtype272.a(moteid.o)
                0x00000000000364ac                simRandomSeed
                0x00000000000364b0                simMoteIDChanged
                0x00000000000364b4                simMoteID
 COMMON         0x00000000000364b8        0x2 obj_cooja/mtype272.a(pir-sensor.o)
                0x00000000000364b8                simPirIsActive
                0x00000000000364b9                simPirChanged
 *fill*         0x00000000000364ba        0x6 
 COMMON         0x00000000000364c0      0x820 obj_cooja/mtype272.a(rs232.o)
                0x00000000000364c0                simSerialReceivingFlag
                0x00000000000364c4                simSerialReceivingLength
                0x00000000000364e0                simSerialReceivingData
 COMMON         0x0000000000036ce0        0x2 obj_cooja/mtype272.a(vib-sensor.o)
                0x0000000000036ce0                simVibChanged
                0x0000000000036ce1                simVibIsActive
 *fill*         0x0000000000036ce2        0x2 
 COMMON         0x0000000000036ce4        0x4 obj_cooja/mtype272.a(clock.o)
                0x0000000000036ce4                simCurrentTime
 *fill*         0x0000000000036ce8       0x18 
 COMMON         0x0000000000036d00      0x420 obj_cooja/mtype272.a(log.o)
                0x0000000000036d00                simLoggedLength
                0x0000000000036d04                simLoggedFlag
                0x0000000000036d20                simLoggedData
 COMMON         0x0000000000037120      0x240 obj_cooja/mtype272.a(cooja-radio.o)
                0x0000000000037120                simOutDataBuffer
                0x00000000000371a0                simRadioTarget
                0x00000000000371c0                simInDataBufferLR
                0x0000000000037240                simOutDataBufferLR
                0x00000000000372c0                dual_duty_cycle_count
                0x00000000000372e0                simInDataBuffer
 COMMON         0x0000000000037360      0x400 obj_cooja/mtype272.a(eeprom.o)
                0x0000000000037360                simEEPROMData
 COMMON         0x0000000000037760        0x1 obj_cooja/mtype272.a(sensors.o)
                0x0000000000037760                sensors_event
 *fill*         0x0000000000037761        0x3 
 COMMON         0x0000000000037764        0x4 obj_cooja/mtype272.a(log_message.o)
                0x0000000000037764                log_fp
 COMMON         0x0000000000037768        0x1 obj_cooja/mtype272.a(serial-line.o)
                0x0000000000037768                serial_line_event_message
 *fill*         0x0000000000037769       0x17 
 COMMON         0x0000000000037780       0x50 obj_cooja/mtype272.a(uip-ds6-nbr.o)
                0x0000000000037780                ds6_lr_addrmap
 *fill*         0x00000000000377d0       0x10 
 COMMON         0x00000000000377e0      0x298 obj_cooja/mtype272.a(uip-ds6.o)
                0x00000000000377e0                uip_ds6_prefix_list
                0x0000000000037840                uip_ds6_timer_periodic
                0x0000000000037850                uip_ds6_netif_addr_list_offset
                0x0000000000037860                uip_ds6_if
                0x0000000000037958                uip_ds6_timer_ra
                0x0000000000037960                uip_ds6_addr_size
                0x0000000000037980                long_uip_ds6_if
 *fill*         0x0000000000037a78        0x8 
 COMMON         0x0000000000037a80      0x8ec obj_cooja/mtype272.a(uip6.o)
                0x0000000000037a80                uip_slen
                0x0000000000037a82                uip_acc32
                0x0000000000037aa0                uip_conns
                0x0000000000037b60                uip_lladdr
                0x0000000000037b68                uip_appdata
                0x0000000000037b6c                uip_flags
                0x0000000000037b80                uip_aligned_buf
                0x00000000000381c0                uip_listenports
                0x00000000000381d0                uip_len
                0x00000000000381d2                uip_long_lladdr
                0x00000000000381dc                uip_sappdata
                0x00000000000381e0                uip_udp_conns
                0x0000000000038360                uip_udp_conn
                0x0000000000038364                uip_next_hdr
                0x0000000000038368                uip_conn
 COMMON         0x000000000003836c        0x1 obj_cooja/mtype272.a(tcpip.o)
                0x000000000003836c                tcpip_event
 *fill*         0x000000000003836d       0x13 
 COMMON         0x0000000000038380      0x198 obj_cooja/mtype272.a(rpl-dag.o)
                0x0000000000038380                default_instance
                0x00000000000383a0                instance_table
 COMMON         0x0000000000038518        0x2 obj_cooja/mtype272.a(rpl-ltmax.o)
                0x0000000000038518                long_duty_on
                0x0000000000038519                short_duty_on
 COMMON         0x000000000003851a       0x10 obj_cooja/mtype272.a(linkaddr.o)
                0x000000000003851a                linkaddr_node_addr
                0x0000000000038522                long_linkaddr_node_addr
 COMMON         0x000000000003852a       0x2e obj_cooja/mtype272.a(packetbuf.o)
                0x000000000003852a                packetbuf_attrs
                0x0000000000038548                packetbuf_addrs
 *fill*         0x0000000000038558        0x8 
 COMMON         0x0000000000038560       0x48 obj_cooja/mtype272.a(rimestats.o)
                0x0000000000038560                rimestats
                0x00000000000385a8                . = ALIGN ((. != 0x0)?0x4:0x1)
                0x00000000000385a8                . = ALIGN (0x4)
                0x00000000000385a8                . = SEGMENT_START ("ldata-segment", .)
                0x00000000000385a8                . = ALIGN (0x4)
                0x00000000000385a8                _end = .
                0x00000000000385a8                PROVIDE (end, .)
                0x00000000000385a8                . = DATA_SEGMENT_END (.)

.stab
 *(.stab)

.stabstr
 *(.stabstr)

.stab.excl
 *(.stab.excl)

.stab.exclstr
 *(.stab.exclstr)

.stab.index
 *(.stab.index)

.stab.indexstr
 *(.stab.indexstr)

.comment        0x0000000000000000       0x29
 *(.comment)
 .comment       0x0000000000000000       0x29 /usr/lib/gcc/i686-linux-gnu/4.8/crtbeginS.o
                                         0x2a (size before relaxing)
 .comment       0x0000000000000000       0x2a udp-client.co
 .comment       0x0000000000000000       0x2a obj_cooja/mtype272.o
 .comment       0x0000000000000000       0x2a obj_cooja/mtype272.a(simEnvChange.o)
 .comment       0x0000000000000000       0x2a obj_cooja/mtype272.a(cooja_mt.o)
 .comment       0x0000000000000000       0x2a obj_cooja/mtype272.a(cooja_mtarch.o)
 .comment       0x0000000000000000       0x2a obj_cooja/mtype272.a(rtimer-arch.o)
 .comment       0x0000000000000000       0x2a obj_cooja/mtype272.a(beep.o)
 .comment       0x0000000000000000       0x2a obj_cooja/mtype272.a(button-sensor.o)
 .comment       0x0000000000000000       0x2a obj_cooja/mtype272.a(leds-arch.o)
 .comment       0x0000000000000000       0x2a obj_cooja/mtype272.a(moteid.o)
 .comment       0x0000000000000000       0x2a obj_cooja/mtype272.a(pir-sensor.o)
 .comment       0x0000000000000000       0x2a obj_cooja/mtype272.a(rs232.o)
 .comment       0x0000000000000000       0x2a obj_cooja/mtype272.a(vib-sensor.o)
 .comment       0x0000000000000000       0x2a obj_cooja/mtype272.a(clock.o)
 .comment       0x0000000000000000       0x2a obj_cooja/mtype272.a(log.o)
 .comment       0x0000000000000000       0x2a obj_cooja/mtype272.a(cfs-cooja.o)
 .comment       0x0000000000000000       0x2a obj_cooja/mtype272.a(cooja-radio.o)
 .comment       0x0000000000000000       0x2a obj_cooja/mtype272.a(eeprom.o)
 .comment       0x0000000000000000       0x2a obj_cooja/mtype272.a(random.o)
 .comment       0x0000000000000000       0x2a obj_cooja/mtype272.a(sensors.o)
 .comment       0x0000000000000000       0x2a obj_cooja/mtype272.a(dual_conf.o)
 .comment       0x0000000000000000       0x2a obj_cooja/mtype272.a(autostart.o)
 .comment       0x0000000000000000       0x2a obj_cooja/mtype272.a(ctimer.o)
 .comment       0x0000000000000000       0x2a obj_cooja/mtype272.a(etimer.o)
 .comment       0x0000000000000000       0x2a obj_cooja/mtype272.a(log_message.o)
 .comment       0x0000000000000000       0x2a obj_cooja/mtype272.a(process.o)
 .comment       0x0000000000000000       0x2a obj_cooja/mtype272.a(residual.o)
 .comment       0x0000000000000000       0x2a obj_cooja/mtype272.a(rtimer.o)
 .comment       0x0000000000000000       0x2a obj_cooja/mtype272.a(stimer.o)
 .comment       0x0000000000000000       0x2a obj_cooja/mtype272.a(timer.o)
 .comment       0x0000000000000000       0x2a obj_cooja/mtype272.a(serial-line.o)
 .comment       0x0000000000000000       0x2a obj_cooja/mtype272.a(list.o)
 .comment       0x0000000000000000       0x2a obj_cooja/mtype272.a(ringbuf.o)
 .comment       0x0000000000000000       0x2a obj_cooja/mtype272.a(sicslowpan.o)
 .comment       0x0000000000000000       0x2a obj_cooja/mtype272.a(uip-ds6-nbr.o)
 .comment       0x0000000000000000       0x2a obj_cooja/mtype272.a(uip-ds6-route.o)
 .comment       0x0000000000000000       0x2a obj_cooja/mtype272.a(uip-ds6.o)
 .comment       0x0000000000000000       0x2a obj_cooja/mtype272.a(uip6.o)
 .comment       0x0000000000000000       0x2a obj_cooja/mtype272.a(tcpip.o)
 .comment       0x0000000000000000       0x2a obj_cooja/mtype272.a(uip-debug.o)
 .comment       0x0000000000000000       0x2a obj_cooja/mtype272.a(uip-packetqueue)
 .comment       0x0000000000000000       0x2a obj_cooja/mtype272.a(uip-udp-packet.)
 .comment       0x0000000000000000       0x2a obj_cooja/mtype272.a(rpl-dag.o)
 .comment       0x0000000000000000       0x2a obj_cooja/mtype272.a(rpl-ext-header.)
 .comment       0x0000000000000000       0x2a obj_cooja/mtype272.a(rpl-icmp6.o)
 .comment       0x0000000000000000       0x2a obj_cooja/mtype272.a(rpl-ltmax.o)
 .comment       0x0000000000000000       0x2a obj_cooja/mtype272.a(rpl-timers.o)
 .comment       0x0000000000000000       0x2a obj_cooja/mtype272.a(rpl.o)
 .comment       0x0000000000000000       0x2a obj_cooja/mtype272.a(framer-802154.o)
 .comment       0x0000000000000000       0x2a obj_cooja/mtype272.a(nullmac.o)
 .comment       0x0000000000000000       0x2a obj_cooja/mtype272.a(cxmac.o)
 .comment       0x0000000000000000       0x2a obj_cooja/mtype272.a(linkaddr.o)
 .comment       0x0000000000000000       0x2a obj_cooja/mtype272.a(nbr-table.o)
 .comment       0x0000000000000000       0x2a obj_cooja/mtype272.a(netstack.o)
 .comment       0x0000000000000000       0x2a obj_cooja/mtype272.a(packetbuf.o)
 .comment       0x0000000000000000       0x2a obj_cooja/mtype272.a(queuebuf.o)
 .comment       0x0000000000000000       0x2a obj_cooja/mtype272.a(nullsec.o)
 .comment       0x0000000000000000       0x2a obj_cooja/mtype272.a(watchdog.o)
 .comment       0x0000000000000000       0x2a obj_cooja/mtype272.a(rimestats.o)
 .comment       0x0000000000000000       0x2a obj_cooja/mtype272.a(leds.o)
 .comment       0x0000000000000000       0x2a obj_cooja/mtype272.a(memb.o)
 .comment       0x0000000000000000       0x2a obj_cooja/mtype272.a(uip-icmp6.o)
 .comment       0x0000000000000000       0x2a obj_cooja/mtype272.a(uip-nd6.o)
 .comment       0x0000000000000000       0x2a obj_cooja/mtype272.a(rpl-nbr-policy.)
 .comment       0x0000000000000000       0x2a obj_cooja/mtype272.a(frame802154.o)
 .comment       0x0000000000000000       0x2a obj_cooja/mtype272.a(mac.o)
 .comment       0x0000000000000000       0x2a /usr/lib/gcc/i686-linux-gnu/4.8/crtendS.o

.debug
 *(.debug)

.line
 *(.line)

.debug_srcinfo
 *(.debug_srcinfo)

.debug_sfnames
 *(.debug_sfnames)

.debug_aranges  0x0000000000000000      0x838
 *(.debug_aranges)
 .debug_aranges
                0x0000000000000000       0x20 udp-client.co
 .debug_aranges
                0x0000000000000020       0x20 obj_cooja/mtype272.o
 .debug_aranges
                0x0000000000000040       0x20 obj_cooja/mtype272.a(simEnvChange.o)
 .debug_aranges
                0x0000000000000060       0x20 obj_cooja/mtype272.a(cooja_mt.o)
 .debug_aranges
                0x0000000000000080       0x20 obj_cooja/mtype272.a(cooja_mtarch.o)
 .debug_aranges
                0x00000000000000a0       0x20 obj_cooja/mtype272.a(rtimer-arch.o)
 .debug_aranges
                0x00000000000000c0       0x20 obj_cooja/mtype272.a(beep.o)
 .debug_aranges
                0x00000000000000e0       0x20 obj_cooja/mtype272.a(button-sensor.o)
 .debug_aranges
                0x0000000000000100       0x20 obj_cooja/mtype272.a(leds-arch.o)
 .debug_aranges
                0x0000000000000120       0x20 obj_cooja/mtype272.a(moteid.o)
 .debug_aranges
                0x0000000000000140       0x20 obj_cooja/mtype272.a(pir-sensor.o)
 .debug_aranges
                0x0000000000000160       0x20 obj_cooja/mtype272.a(rs232.o)
 .debug_aranges
                0x0000000000000180       0x20 obj_cooja/mtype272.a(vib-sensor.o)
 .debug_aranges
                0x00000000000001a0       0x20 obj_cooja/mtype272.a(clock.o)
 .debug_aranges
                0x00000000000001c0       0x20 obj_cooja/mtype272.a(log.o)
 .debug_aranges
                0x00000000000001e0       0x20 obj_cooja/mtype272.a(cfs-cooja.o)
 .debug_aranges
                0x0000000000000200       0x20 obj_cooja/mtype272.a(cooja-radio.o)
 .debug_aranges
                0x0000000000000220       0x20 obj_cooja/mtype272.a(eeprom.o)
 .debug_aranges
                0x0000000000000240       0x20 obj_cooja/mtype272.a(random.o)
 .debug_aranges
                0x0000000000000260       0x20 obj_cooja/mtype272.a(sensors.o)
 .debug_aranges
                0x0000000000000280       0x20 obj_cooja/mtype272.a(dual_conf.o)
 .debug_aranges
                0x00000000000002a0       0x20 obj_cooja/mtype272.a(autostart.o)
 .debug_aranges
                0x00000000000002c0       0x20 obj_cooja/mtype272.a(ctimer.o)
 .debug_aranges
                0x00000000000002e0       0x20 obj_cooja/mtype272.a(etimer.o)
 .debug_aranges
                0x0000000000000300       0x20 obj_cooja/mtype272.a(log_message.o)
 .debug_aranges
                0x0000000000000320       0x20 obj_cooja/mtype272.a(process.o)
 .debug_aranges
                0x0000000000000340       0x20 obj_cooja/mtype272.a(residual.o)
 .debug_aranges
                0x0000000000000360       0x20 obj_cooja/mtype272.a(rtimer.o)
 .debug_aranges
                0x0000000000000380       0x20 obj_cooja/mtype272.a(stimer.o)
 .debug_aranges
                0x00000000000003a0       0x20 obj_cooja/mtype272.a(timer.o)
 .debug_aranges
                0x00000000000003c0       0x20 obj_cooja/mtype272.a(serial-line.o)
 .debug_aranges
                0x00000000000003e0       0x20 obj_cooja/mtype272.a(list.o)
 .debug_aranges
                0x0000000000000400       0x20 obj_cooja/mtype272.a(ringbuf.o)
 .debug_aranges
                0x0000000000000420       0x20 obj_cooja/mtype272.a(sicslowpan.o)
 .debug_aranges
                0x0000000000000440       0x20 obj_cooja/mtype272.a(uip-ds6-nbr.o)
 .debug_aranges
                0x0000000000000460       0x20 obj_cooja/mtype272.a(uip-ds6-route.o)
 .debug_aranges
                0x0000000000000480       0x20 obj_cooja/mtype272.a(uip-ds6.o)
 .debug_aranges
                0x00000000000004a0       0x20 obj_cooja/mtype272.a(uip6.o)
 .debug_aranges
                0x00000000000004c0       0x20 obj_cooja/mtype272.a(tcpip.o)
 .debug_aranges
                0x00000000000004e0       0x20 obj_cooja/mtype272.a(uip-debug.o)
 .debug_aranges
                0x0000000000000500       0x20 obj_cooja/mtype272.a(uip-packetqueue)
 .debug_aranges
                0x0000000000000520       0x20 obj_cooja/mtype272.a(uip-udp-packet.)
 .debug_aranges
                0x0000000000000540       0x20 obj_cooja/mtype272.a(rpl-dag.o)
 .debug_aranges
                0x0000000000000560       0x20 obj_cooja/mtype272.a(rpl-ext-header.)
 .debug_aranges
                0x0000000000000580       0x20 obj_cooja/mtype272.a(rpl-icmp6.o)
 .debug_aranges
                0x00000000000005a0       0x20 obj_cooja/mtype272.a(rpl-ltmax.o)
 .debug_aranges
                0x00000000000005c0       0x20 obj_cooja/mtype272.a(rpl-timers.o)
 .debug_aranges
                0x00000000000005e0       0x20 obj_cooja/mtype272.a(rpl.o)
 .debug_aranges
                0x0000000000000600       0x20 obj_cooja/mtype272.a(framer-802154.o)
 .debug_aranges
                0x0000000000000620       0x20 obj_cooja/mtype272.a(nullmac.o)
 .debug_aranges
                0x0000000000000640       0x20 obj_cooja/mtype272.a(cxmac.o)
 .debug_aranges
                0x0000000000000660       0x20 obj_cooja/mtype272.a(linkaddr.o)
 .debug_aranges
                0x0000000000000680       0x20 obj_cooja/mtype272.a(nbr-table.o)
 .debug_aranges
                0x00000000000006a0       0x20 obj_cooja/mtype272.a(netstack.o)
 .debug_aranges
                0x00000000000006c0       0x20 obj_cooja/mtype272.a(packetbuf.o)
 .debug_aranges
                0x00000000000006e0       0x20 obj_cooja/mtype272.a(queuebuf.o)
 .debug_aranges
                0x0000000000000700       0x20 obj_cooja/mtype272.a(nullsec.o)
 .debug_aranges
                0x0000000000000720       0x20 obj_cooja/mtype272.a(watchdog.o)
 .debug_aranges
                0x0000000000000740       0x18 obj_cooja/mtype272.a(rimestats.o)
 .debug_aranges
                0x0000000000000758       0x20 obj_cooja/mtype272.a(leds.o)
 .debug_aranges
                0x0000000000000778       0x20 obj_cooja/mtype272.a(memb.o)
 .debug_aranges
                0x0000000000000798       0x20 obj_cooja/mtype272.a(uip-icmp6.o)
 .debug_aranges
                0x00000000000007b8       0x20 obj_cooja/mtype272.a(uip-nd6.o)
 .debug_aranges
                0x00000000000007d8       0x20 obj_cooja/mtype272.a(rpl-nbr-policy.)
 .debug_aranges
                0x00000000000007f8       0x20 obj_cooja/mtype272.a(frame802154.o)
 .debug_aranges
                0x0000000000000818       0x20 obj_cooja/mtype272.a(mac.o)

.debug_pubnames
 *(.debug_pubnames)

.debug_info     0x0000000000000000    0x1d011
 *(.debug_info .gnu.linkonce.wi.*)
 .debug_info    0x0000000000000000      0xa23 udp-client.co
 .debug_info    0x0000000000000a23     0x3ac4 obj_cooja/mtype272.o
 .debug_info    0x00000000000044e7      0x15a obj_cooja/mtype272.a(simEnvChange.o)
 .debug_info    0x0000000000004641      0x1e2 obj_cooja/mtype272.a(cooja_mt.o)
 .debug_info    0x0000000000004823      0x2e7 obj_cooja/mtype272.a(cooja_mtarch.o)
 .debug_info    0x0000000000004b0a      0x16b obj_cooja/mtype272.a(rtimer-arch.o)
 .debug_info    0x0000000000004c75      0x1f3 obj_cooja/mtype272.a(beep.o)
 .debug_info    0x0000000000004e68      0x257 obj_cooja/mtype272.a(button-sensor.o)
 .debug_info    0x00000000000050bf      0x132 obj_cooja/mtype272.a(leds-arch.o)