Archive member included to satisfy reference by file (symbol)

obj_cooja/mtype987.a(simEnvChange.o)
                              obj_cooja/mtype987.o (simDontFallAsleep)
obj_cooja/mtype987.a(cooja_mt.o)
                              obj_cooja/mtype987.o (cooja_mt_start)
obj_cooja/mtype987.a(cooja_mtarch.o)
                              obj_cooja/mtype987.a(cooja_mt.o) (cooja_mtarch_init)
obj_cooja/mtype987.a(rtimer-arch.o)
                              obj_cooja/mtype987.o (rtimer_arch_next)
obj_cooja/mtype987.a(beep.o)  obj_cooja/mtype987.o (beep_interface)
obj_cooja/mtype987.a(button-sensor.o)
                              obj_cooja/mtype987.o (button_interface)
obj_cooja/mtype987.a(leds-arch.o)
                              obj_cooja/mtype987.o (leds_interface)
obj_cooja/mtype987.a(moteid.o)
                              obj_cooja/mtype987.o (moteid_interface)
obj_cooja/mtype987.a(pir-sensor.o)
                              obj_cooja/mtype987.o (pir_interface)
obj_cooja/mtype987.a(rs232.o)
                              obj_cooja/mtype987.o (rs232_interface)
obj_cooja/mtype987.a(vib-sensor.o)
                              obj_cooja/mtype987.o (vib_interface)
obj_cooja/mtype987.a(clock.o)
                              obj_cooja/mtype987.o (clock_interface)
obj_cooja/mtype987.a(log.o)   obj_cooja/mtype987.o (simlog_interface)
obj_cooja/mtype987.a(cfs-cooja.o)
                              obj_cooja/mtype987.o (cfs_interface)
obj_cooja/mtype987.a(cooja-radio.o)
                              obj_cooja/mtype987.o (radio_interface)
obj_cooja/mtype987.a(eeprom.o)
                              obj_cooja/mtype987.o (eeprom_interface)
obj_cooja/mtype987.a(random.o)
                              obj_cooja/mtype987.a(moteid.o) (random_init)
obj_cooja/mtype987.a(sensors.o)
                              obj_cooja/mtype987.o (sensors_process)
obj_cooja/mtype987.a(dual_conf.o)
                              obj_cooja/mtype987.a(cooja-radio.o) (long_range_radio)
obj_cooja/mtype987.a(autostart.o)
                              obj_cooja/mtype987.o (autostart_start)
obj_cooja/mtype987.a(ctimer.o)
                              obj_cooja/mtype987.o (ctimer_init)
obj_cooja/mtype987.a(etimer.o)
                              obj_cooja/mtype987.o (etimer_process)
obj_cooja/mtype987.a(log_message.o)
                              obj_cooja/mtype987.o (log_initialization)
obj_cooja/mtype987.a(process.o)
                              udp-client.co (process_current)
obj_cooja/mtype987.a(residual.o)
                              udp-client.co (get_residual_energy)
obj_cooja/mtype987.a(rtimer.o)
                              obj_cooja/mtype987.a(rtimer-arch.o) (rtimer_run_next)
obj_cooja/mtype987.a(stimer.o)
                              udp-client.co (stimer_remaining)
obj_cooja/mtype987.a(timer.o)
                              obj_cooja/mtype987.a(button-sensor.o) (timer_set)
obj_cooja/mtype987.a(serial-line.o)
                              udp-client.co (serial_line_event_message)
obj_cooja/mtype987.a(list.o)  obj_cooja/mtype987.a(ctimer.o) (list_init)
obj_cooja/mtype987.a(ringbuf.o)
                              obj_cooja/mtype987.a(serial-line.o) (ringbuf_init)
obj_cooja/mtype987.a(sicslowpan.o)
                              obj_cooja/mtype987.o (sicslowpan_driver)
obj_cooja/mtype987.a(uip-ds6-nbr.o)
                              obj_cooja/mtype987.a(sicslowpan.o) (uip_ds6_link_neighbor_callback)
obj_cooja/mtype987.a(uip-ds6-route.o)
                              udp-client.co (uip_ds6_route_nexthop)
obj_cooja/mtype987.a(uip-ds6.o)
                              udp-client.co (uip_ds6_if)
obj_cooja/mtype987.a(uip6.o)  udp-client.co (uip_lladdr)
obj_cooja/mtype987.a(tcpip.o)
                              udp-client.co (tcpip_event)
obj_cooja/mtype987.a(uip-debug.o)
                              udp-client.co (uip_debug_ipaddr_print)
obj_cooja/mtype987.a(uip-packetqueue)
                              obj_cooja/mtype987.a(uip-ds6-nbr.o) (uip_packetqueue_new)
obj_cooja/mtype987.a(uip-udp-packet.)
                              udp-client.co (uip_udp_packet_sendto)
obj_cooja/mtype987.a(rpl-dag.o)
                              obj_cooja/mtype987.a(tcpip.o) (rpl_repair_root)
obj_cooja/mtype987.a(rpl-ext-header.)
                              obj_cooja/mtype987.a(uip6.o) (rpl_verify_header)
obj_cooja/mtype987.a(rpl-icmp6.o)
                              obj_cooja/mtype987.a(rpl-dag.o) (rpl_icmp6_update_nbr_table)
obj_cooja/mtype987.a(rpl-ltmax.o)
                              obj_cooja/mtype987.a(rpl-dag.o) (rpl_ltmax_of)
obj_cooja/mtype987.a(rpl-timers.o)
                              obj_cooja/mtype987.a(rpl-dag.o) (rpl_reset_dio_timer)
obj_cooja/mtype987.a(rpl.o)   obj_cooja/mtype987.a(rpl-icmp6.o) (rpl_get_mode)
obj_cooja/mtype987.a(framer-802154.o)
                              obj_cooja/mtype987.a(sicslowpan.o) (framer_802154)
obj_cooja/mtype987.a(nullmac.o)
                              obj_cooja/mtype987.o (nullmac_driver)
[...]
Memory Configuration

Name             Origin             Length             Attributes
*default*        0x0000000000000000 0xffffffffffffffff

Linker script and memory map

LOAD /usr/lib/gcc/i686-linux-gnu/4.8/../../../i386-linux-gnu/crti.o
LOAD /usr/lib/gcc/i686-linux-gnu/4.8/crtbeginS.o
LOAD udp-client.co
LOAD obj_cooja/mtype987.o
LOAD obj_cooja/mtype987.a
LOAD /usr/lib/gcc/i686-linux-gnu/4.8/libgcc.a
LOAD /usr/lib/gcc/i686-linux-gnu/4.8/libgcc_s.so
LOAD /usr/lib/gcc/i686-linux-gnu/4.8/../../../i386-linux-gnu/libc.so
START GROUP
LOAD /lib/i386-linux-gnu/libc.so.6
LOAD /usr/lib/i386-linux-gnu/libc_nonshared.a
LOAD /lib/i386-linux-gnu/ld-linux.so.2
END GROUP
LOAD /usr/lib/gcc/i686-linux-gnu/4.8/libgcc.a
LOAD /usr/lib/gcc/i686-linux-gnu/4.8/libgcc_s.so
LOAD /usr/lib/gcc/i686-linux-gnu/4.8/crtendS.o
LOAD /usr/lib/gcc/i686-linux-gnu/4.8/../../../i386-linux-gnu/crtn.o
                0x0000000000000114                . = (0x0 + SIZEOF_HEADERS)

.note.gnu.build-id
                0x0000000000000114       0x24
 *(.note.gnu.build-id)
 .note.gnu.build-id
                0x0000000000000114       0x24 /usr/lib/gcc/i686-linux-gnu/4.8/../../../i386-linux-gnu/crti.o

.hash
 *(.hash)

.gnu.hash       0x0000000000000138     0x1348
 *(.gnu.hash)
 .gnu.hash      0x0000000000000138     0x1348 /usr/lib/gcc/i686-linux-gnu/4.8/../../../i386-linux-gnu/crti.o

.dynsym         0x0000000000001480     0x2580
 *(.dynsym)
 .dynsym        0x0000000000001480     0x2580 /usr/lib/gcc/i686-linux-gnu/4.8/../../../i386-linux-gnu/crti.o

.dynstr         0x0000000000003a00     0x26bb
 *(.dynstr)
 .dynstr        0x0000000000003a00     0x26bb /usr/lib/gcc/i686-linux-gnu/4.8/../../../i386-linux-gnu/crti.o

.gnu.version    0x00000000000060bc      0x4b0
 *(.gnu.version)
 .gnu.version   0x00000000000060bc      0x4b0 /usr/lib/gcc/i686-linux-gnu/4.8/../../../i386-linux-gnu/crti.o

.gnu.version_d  0x000000000000656c        0x0
 *(.gnu.version_d)
 .gnu.version_d
                0x0000000000000000        0x0 /usr/lib/gcc/i686-linux-gnu/4.8/../../../i386-linux-gnu/crti.o

.gnu.version_r  0x000000000000656c       0x50
 *(.gnu.version_r)
 .gnu.version_r
                0x000000000000656c       0x50 /usr/lib/gcc/i686-linux-gnu/4.8/../../../i386-linux-gnu/crti.o

.rel.dyn        0x00000000000065bc     0x9130
 *(.rel.init)
 .rel.init      0x0000000000000000        0x0 /usr/lib/gcc/i686-linux-gnu/4.8/../../../i386-linux-gnu/crti.o
 *(.rel.text .rel.text.* .rel.gnu.linkonce.t.*)
 .rel.text      0x00000000000065bc     0x89a0 /usr/lib/gcc/i686-linux-gnu/4.8/../../../i386-linux-gnu/crti.o
 *(.rel.fini)
 .rel.fini      0x0000000000000000        0x0 /usr/lib/gcc/i686-linux-gnu/4.8/../../../i386-linux-gnu/crti.o
 *(.rel.rodata .rel.rodata.* .rel.gnu.linkonce.r.*)
 .rel.rodata    0x000000000000ef5c      0x4e0 /usr/lib/gcc/i686-linux-gnu/4.8/../../../i386-linux-gnu/crti.o
 *(.rel.data.rel.ro .rel.data.rel.ro.* .rel.gnu.linkonce.d.rel.ro.*)
 *(.rel.data .rel.data.* .rel.gnu.linkonce.d.*)
 .rel.data.rel  0x000000000000f43c        0x8 /usr/lib/gcc/i686-linux-gnu/4.8/../../../i386-linux-gnu/crti.o
 .rel.data      0x000000000000f444      0x270 /usr/lib/gcc/i686-linux-gnu/4.8/../../../i386-linux-gnu/crti.o
 *(.rel.tdata .rel.tdata.* .rel.gnu.linkonce.td.*)
 *(.rel.tbss .rel.tbss.* .rel.gnu.linkonce.tb.*)
 *(.rel.ctors)
 *(.rel.dtors)
 *(.rel.got)
 .rel.got       0x000000000000f6b4       0x28 /usr/lib/gcc/i686-linux-gnu/4.8/../../../i386-linux-gnu/crti.o
 *(.rel.bss .rel.bss.* .rel.gnu.linkonce.b.*)
 *(.rel.ifunc)
 .rel.ifunc     0x0000000000000000        0x0 /usr/lib/gcc/i686-linux-gnu/4.8/../../../i386-linux-gnu/crti.o
 .rel.fini_array
                0x000000000000f6dc        0x8 /usr/lib/gcc/i686-linux-gnu/4.8/../../../i386-linux-gnu/crti.o
 .rel.init_array
                0x000000000000f6e4        0x8 /usr/lib/gcc/i686-linux-gnu/4.8/../../../i386-linux-gnu/crti.o

.rel.plt        0x000000000000f6ec       0x10
 *(.rel.plt)
 .rel.plt       0x000000000000f6ec       0x10 /usr/lib/gcc/i686-linux-gnu/4.8/../../../i386-linux-gnu/crti.o
 *(.rel.iplt)

.init           0x000000000000f6fc       0x23
 *(SORT(.init))
 .init          0x000000000000f6fc       0x1e /usr/lib/gcc/i686-linux-gnu/4.8/../../../i386-linux-gnu/crti.o
                0x000000000000f6fc                _init
 .init          0x000000000000f71a        0x5 /usr/lib/gcc/i686-linux-gnu/4.8/../../../i386-linux-gnu/crtn.o

.plt            0x000000000000f720       0x30
 *(.plt)
 .plt           0x000000000000f720       0x30 /usr/lib/gcc/i686-linux-gnu/4.8/../../../i386-linux-gnu/crti.o
 *(.iplt)

.text           0x000000000000f750    0x16365
 *(.text.unlikely .text.*_unlikely .text.unlikely.*)
 *(.text.exit .text.exit.*)
 *(.text.startup .text.startup.*)
 *(.text.hot .text.hot.*)
 *(.text .stub .text.* .gnu.linkonce.t.*)
 .text          0x000000000000f750        0x0 /usr/lib/gcc/i686-linux-gnu/4.8/../../../i386-linux-gnu/crti.o
 .gnu.linkonce.t.__x86.get_pc_thunk.bx
                0x000000000000f750        0x4 /usr/lib/gcc/i686-linux-gnu/4.8/../../../i386-linux-gnu/crti.o
                0x000000000000f750                __x86.get_pc_thunk.bx
 *fill*         0x000000000000f754        0xc 
 .text          0x000000000000f760      0x11b /usr/lib/gcc/i686-linux-gnu/4.8/crtbeginS.o
 .text          0x000000000000f87b      0x784 udp-client.co
 .text          0x000000000000ffff      0x96a obj_cooja/mtype987.o
                0x00000000000101ad                contiki_init
                0x0000000000010780                Java_org_contikios_cooja_corecomm_Lib2_init
                0x00000000000107c0                Java_org_contikios_cooja_corecomm_Lib2_getMemory
                0x0000000000010800                Java_org_contikios_cooja_corecomm_Lib2_setMemory
                0x0000000000010877                Java_org_contikios_cooja_corecomm_Lib2_tick
                0x0000000000010957                Java_org_contikios_cooja_corecomm_Lib2_setReferenceAddress
 .text          0x0000000000010969       0x63 obj_cooja/mtype987.a(simEnvChange.o)
                0x0000000000010969                doActionsBeforeTick
                0x000000000001099a                doActionsAfterTick
 .text          0x00000000000109cc       0xbc obj_cooja/mtype987.a(cooja_mt.o)
                0x00000000000109cc                cooja_mt_init
                0x00000000000109d9                cooja_mt_remove
                0x00000000000109e6                cooja_mt_start
                0x0000000000010a13                cooja_mt_exec
                0x0000000000010a44                cooja_mt_exit
                0x0000000000010a66                cooja_mt_yield
 .text          0x0000000000010a88      0x115 obj_cooja/mtype987.a(cooja_mtarch.o)
                0x0000000000010a88                cooja_mtarch_init
                0x0000000000010a8d                cooja_mtarch_start
                0x0000000000010b08                cooja_sw
                0x0000000000010b2a                cooja_mtarch_exec
                0x0000000000010b46                cooja_mtarch_remove
                0x0000000000010b4b                cooja_mtarch_yield
                0x0000000000010b55                cooja_mtarch_pstop
                0x0000000000010b5a                cooja_mtarch_pstart
                0x0000000000010b5f                cooja_mtarch_stack_usage
 .text          0x0000000000010b9d       0xc2 obj_cooja/mtype987.a(rtimer-arch.o)
                0x0000000000010b9d                rtimer_arch_init
                0x0000000000010bc0                rtimer_arch_schedule
                0x0000000000010bd7                rtimer_arch_next
                0x0000000000010be1                rtimer_arch_pending
                0x0000000000010beb                rtimer_arch_check
                0x0000000000010c1d                rtimer_arch_now
 .text          0x0000000000010c5f       0x76 obj_cooja/mtype987.a(beep.o)
                0x0000000000010c5f                beep_alarm
                0x0000000000010c6b                beep_beep
                0x0000000000010c77                beep
                0x0000000000010c83                beep_down
                0x0000000000010c8f                beep_on
                0x0000000000010c9b                beep_off
                0x0000000000010ca7                beep_spinup
                0x0000000000010cb3                beep_quick
                0x0000000000010cbf                beep_long
 .text          0x0000000000010cd5      0x103 obj_cooja/mtype987.a(button-sensor.o)
 .text          0x0000000000010dd8       0x45 obj_cooja/mtype987.a(leds-arch.o)
                0x0000000000010dd8                leds_arch_init
                0x0000000000010de4                leds_arch_get
                0x0000000000010df0                leds_arch_set
 .text          0x0000000000010e1d       0x2f obj_cooja/mtype987.a(moteid.o)
 .text          0x0000000000010e4c       0xb1 obj_cooja/mtype987.a(pir-sensor.o)
 .text          0x0000000000010efd      0x131 obj_cooja/mtype987.a(rs232.o)
                0x0000000000010efd                rs232_init
                0x0000000000010f02                rs232_set_speed
                0x0000000000010f10                rs232_set_input
                0x0000000000010f1d                rs232_send
                0x0000000000010f3f                rs232_print
                0x0000000000010f5a                slip_arch_writeb
 .text          0x000000000001102e       0xb1 obj_cooja/mtype987.a(vib-sensor.o)
 .text          0x00000000000110df       0x34 obj_cooja/mtype987.a(clock.o)
                0x00000000000110df                clock_init
                0x00000000000110e4                clock_time
                0x00000000000110ee                clock_seconds
                0x0000000000011104                clock_delay
 .text          0x0000000000011113      0x1ed obj_cooja/mtype987.a(log.o)
                0x0000000000011113                simlog_char
                0x0000000000011155                simlog
                0x00000000000111c2                log_message
                0x00000000000111ea                log_set_putchar_with_slip
                0x00000000000111f7                log_putchar
                0x000000000001127b                log_puts
                0x000000000001129f                log_printf
 .text          0x0000000000011300      0x2c4 obj_cooja/mtype987.a(cfs-cooja.o)
                0x0000000000011300                cfs_open
                0x0000000000011369                cfs_close
                0x0000000000011375                cfs_read
                0x0000000000011413                cfs_write
                0x00000000000114f0                cfs_seek
                0x0000000000011578                cfs_remove
                0x00000000000115a1                cfs_opendir
                0x00000000000115ab                cfs_readdir
                0x00000000000115b5                cfs_closedir
 .text          0x00000000000115c4      0x671 obj_cooja/mtype987.a(cooja-radio.o)
                0x00000000000115ee                radio_set_channel
                0x0000000000011603                radio_set_txpower
                0x0000000000011623                radio_signal_strength_last
                0x000000000001162d                radio_signal_strength_current
                0x0000000000011637                radio_LQI
 .text          0x0000000000011c35       0xef obj_cooja/mtype987.a(eeprom.o)
                0x0000000000011c35                eeprom_init
                0x0000000000011c3a                eeprom_read
                0x0000000000011caa                eeprom_write
 .text          0x0000000000011d24       0x28 obj_cooja/mtype987.a(random.o)
                0x0000000000011d24                random_init
                0x0000000000011d3f                random_rand
 .text          0x0000000000011d4c      0x2a1 obj_cooja/mtype987.a(sensors.o)
                0x0000000000011d87                sensors_first
                0x0000000000011d91                sensors_next
                0x0000000000011dae                sensors_changed
                0x0000000000011ddd                sensors_find
 .text          0x0000000000011fed      0x2e4 obj_cooja/mtype987.a(dual_conf.o)
                0x0000000000011fed                dual_radio_switch
                0x000000000001202d                dual_radio_change
                0x0000000000012067                sending_in_LR
                0x0000000000012092                dual_radio_received
                0x00000000000120ca                radio_received_is_longrange
                0x00000000000120e5                dual_radio_turn_on
                0x0000000000012108                dual_radio_turn_off
                0x0000000000012287                dio_broadcast
                0x00000000000122b0                dis_broadcast
 .text          0x00000000000122d1       0x8e obj_cooja/mtype987.a(autostart.o)
                0x00000000000122d1                autostart_start
                0x000000000001231c                autostart_exit
 .text          0x000000000001235f      0x334 obj_cooja/mtype987.a(ctimer.o)
                0x0000000000012476                ctimer_init
                0x00000000000124a6                ctimer_set
                0x00000000000124d7                ctimer_set_with_process
                0x0000000000012553                ctimer_reset
                0x00000000000125a2                ctimer_restart
                0x00000000000125f1                ctimer_stop
                0x000000000001263c                ctimer_expired
 .text          0x0000000000012693      0x40b obj_cooja/mtype987.a(etimer.o)
                0x00000000000128a6                etimer_request_poll
                0x000000000001292a                etimer_set
                0x000000000001294f                etimer_reset_with_new_interval
                0x0000000000012976                etimer_reset
                0x0000000000012994                etimer_restart
                0x00000000000129b2                etimer_adjust
                0x00000000000129ce                etimer_expired
                0x00000000000129e1                etimer_expiration_time
                0x00000000000129f3                etimer_start_time
                0x00000000000129fd                etimer_pending
                0x0000000000012a0f                etimer_next_expiration_time
                0x0000000000012a29                etimer_stop
 .text          0x0000000000012a9e       0xdd obj_cooja/mtype987.a(log_message.o)
                0x0000000000012a9e                log_initialization
                0x0000000000012b5a                log_finisher
 .text          0x0000000000012b7b      0x560 obj_cooja/mtype987.a(process.o)
                0x0000000000012b7b                process_alloc_event
                0x0000000000012b90                process_start
                0x0000000000012d79                process_exit
                0x0000000000012d95                process_init
                0x0000000000012f66                process_run
                0x0000000000012f99                process_nevents
                0x0000000000012fb4                process_post
                0x0000000000013060                process_post_synch
                0x0000000000013098                process_poll
                0x00000000000130c7                process_is_running
 .text          0x00000000000130db       0xd3 obj_cooja/mtype987.a(residual.o)
                0x00000000000130db                get_residual_energy
 .text          0x00000000000131ae       0xba obj_cooja/mtype987.a(rtimer.o)
                0x00000000000131ae                rtimer_init
                0x00000000000131bb                rtimer_set
                0x0000000000013212                rtimer_run_next
 .text          0x0000000000013268       0xa3 obj_cooja/mtype987.a(stimer.o)
                0x0000000000013268                stimer_set
                0x0000000000013283                stimer_reset
                0x000000000001329a                stimer_restart
                0x00000000000132ac                stimer_expired
                0x00000000000132d3                stimer_remaining
                0x00000000000132f7                stimer_elapsed
 .text          0x000000000001330b       0x91 obj_cooja/mtype987.a(timer.o)
                0x000000000001330b                timer_set
                0x0000000000013326                timer_reset
                0x000000000001333d                timer_restart
                0x000000000001334f                timer_expired
                0x0000000000013378                timer_remaining
 .text          0x000000000001339c      0x1fb obj_cooja/mtype987.a(serial-line.o)
                0x000000000001339c                serial_line_input_byte
                0x000000000001355f                serial_line_init
 .text          0x0000000000013597      0x244 obj_cooja/mtype987.a(list.o)
                0x0000000000013597                list_init
                0x00000000000135a5                list_head
                0x00000000000135af                list_copy
                0x00000000000135be                list_tail
                0x00000000000135f4                list_add
                0x000000000001363d                list_push
                0x0000000000013669                list_chop
                0x00000000000136d3                list_pop
                0x00000000000136fb                list_remove
                0x0000000000013762                list_length
                0x0000000000013790                list_insert
                0x00000000000137c4                list_item_next
 .text          0x00000000000137db      0x155 obj_cooja/mtype987.a(ringbuf.o)
                0x00000000000137db                ringbuf_init
                0x000000000001380c                ringbuf_put
                0x000000000001388a                ringbuf_get
                0x00000000000138f7                ringbuf_size
                0x0000000000013909                ringbuf_elements
 .text          0x0000000000013930     0x258b obj_cooja/mtype987.a(sicslowpan.o)
                0x0000000000013eba                rime_sniffer_add
                0x0000000000013ec7                rime_sniffer_remove
                0x0000000000015e5a                sicslowpan_init
                0x0000000000015eb1                sicslowpan_get_last_rssi
 .text          0x0000000000015ebb      0x2dc obj_cooja/mtype987.a(uip-ds6-nbr.o)
                0x0000000000015ed8                uip_ds6_neighbors_init
                0x0000000000015ef5                uip_ds6_nbr_add
                0x0000000000015fa6                uip_ds6_nbr_rm
                0x0000000000016003                uip_ds6_nbr_get_ipaddr
                0x0000000000016018                uip_ds6_nbr_get_ll
                0x0000000000016034                uip_ds6_nbr_num
                0x0000000000016079                uip_ds6_nbr_lookup
                0x00000000000160de                uip_ds6_nbr_ll_lookup
                0x00000000000160fa                uip_ds6_nbr_ipaddr_from_lladdr
                0x0000000000016120                uip_ds6_nbr_lladdr_from_ipaddr
                0x000000000001614e                uip_ds6_link_neighbor_callback
 .text          0x0000000000016197      0x916 obj_cooja/mtype987.a(uip-ds6-route.o)
                0x000000000001620e                uip_ds6_notification_add
                0x000000000001623f                uip_ds6_notification_rm
                0x000000000001625b                uip_ds6_route_init
                0x00000000000162e3                uip_ds6_route_nexthop
                0x000000000001630b                uip_ds6_route_head
                0x0000000000016320                uip_ds6_route_next
                0x0000000000016346                uip_ds6_route_is_nexthop
                0x0000000000016385                uip_ds6_route_num_routes
                0x000000000001638f                uip_ds6_route_lookup
                0x0000000000016451                uip_ds6_route_add
                0x0000000000016685                uip_ds6_route_rm
                0x0000000000016819                uip_ds6_route_rm_by_nexthop
                0x0000000000016851                uip_ds6_defrt_add
                0x0000000000016902                uip_ds6_defrt_rm
                0x0000000000016981                uip_ds6_defrt_lookup
                0x00000000000169da                uip_ds6_defrt_choose
                0x0000000000016a45                uip_ds6_defrt_periodic
 .text          0x0000000000016aad     0x12ad obj_cooja/mtype987.a(uip-ds6.o)
                0x0000000000016aad                uip_ds6_init
                0x0000000000016e02                uip_ds6_periodic
                0x0000000000016eda                uip_ds6_list_loop
                0x0000000000016f81                uip_ds6_prefix_add
                0x000000000001703f                uip_ds6_prefix_rm
                0x0000000000017051                uip_ds6_prefix_lookup
                0x00000000000170a2                uip_ds6_is_addr_onlink
                0x0000000000017116                uip_ds6_addr_add
                0x0000000000017244                uip_ds6_long_addr_add
                0x0000000000017372                uip_ds6_addr_rm
                0x0000000000017412                uip_ds6_addr_lookup
                0x000000000001745d                uip_ds6_long_addr_lookup
                0x00000000000174a8                uip_ds6_get_link_local
                0x0000000000017527                uip_ds6_long_get_link_local
                0x00000000000175a6                uip_ds6_get_global
                0x0000000000017625                uip_ds6_long_get_global
                0x00000000000176a4                uip_ds6_maddr_add
                0x0000000000017716                uip_ds6_long_maddr_add
                0x0000000000017788                uip_ds6_maddr_rm
                0x000000000001779a                uip_ds6_maddr_lookup
                0x00000000000177e5                uip_ds6_long_maddr_lookup
                0x0000000000017830                uip_ds6_aaddr_add
                0x00000000000178a2                uip_ds6_long_aaddr_add
                0x0000000000017914                uip_ds6_aaddr_rm
                0x0000000000017926                uip_ds6_aaddr_lookup
                0x0000000000017971                uip_ds6_long_aaddr_lookup
                0x00000000000179bc                uip_ds6_select_src
                0x0000000000017c45                uip_ds6_set_addr_iid
                0x0000000000017c7c                get_match_length
                0x0000000000017d0e                uip_ds6_compute_reachable_time
 .text          0x0000000000017d5a     0x29f3 obj_cooja/mtype987.a(uip6.o)
                0x0000000000017d5a                uip_add32
                0x0000000000017ef3                uip_chksum
                0x0000000000017fe1                uip_icmp6chksum
                0x0000000000017ff5                uip_tcpchksum
                0x0000000000018009                uip_udpchksum
                0x000000000001801d                uip_init
                0x00000000000180ed                uip_connect
                0x000000000001829c                remove_ext_hdr
                0x0000000000018371                uip_udp_new
                0x00000000000184cd                uip_unlisten
                0x000000000001852d                uip_listen
                0x00000000000187ef                uip_process
                0x000000000001a641                uip_htons
                0x000000000001a663                uip_htonl
                0x000000000001a6a3                uip_send
 .text          0x000000000001a74d      0xb43 obj_cooja/mtype987.a(tcpip.o)
                0x000000000001a74d                tcpip_output
                0x000000000001a77b                tcpip_set_outputfunc
                0x000000000001a80f                tcp_connect
                0x000000000001a864                tcp_unlisten
                0x000000000001a8bf                tcp_listen
                0x000000000001a918                tcp_attach
                0x000000000001a93d                udp_attach
                0x000000000001a962                udp_new
                0x000000000001a9b4                udp_broadcast_new
                0x000000000001ac28                tcpip_input
                0x000000000001ac5c                tcpip_ipv6_output
                0x000000000001b0d6                tcpip_poll_udp
                0x000000000001b0f9                tcpip_poll_tcp
                0x000000000001b11c                tcpip_uipcall
 .text          0x000000000001b290      0x1c1 obj_cooja/mtype987.a(uip-debug.o)
                0x000000000001b290                uip_debug_ipaddr_print
                0x000000000001b3f2                uip_debug_lladdr_print
 .text          0x000000000001b451      0x141 obj_cooja/mtype987.a(uip-packetqueue)
                0x000000000001b47d                uip_packetqueue_new
                0x000000000001b48b                uip_packetqueue_alloc
                0x000000000001b4eb                uip_packetqueue_free
                0x000000000001b52c                uip_packetqueue_buf
                0x000000000001b549                uip_packetqueue_buflen
                0x000000000001b56a                uip_packetqueue_set_buflen
 .text          0x000000000001b592      0x131 obj_cooja/mtype987.a(uip-udp-packet.)
                0x000000000001b592                uip_udp_packet_send
                0x000000000001b5f2                uip_udp_packet_sendto
 .text          0x000000000001b6c3     0x25bb obj_cooja/mtype987.a(rpl-dag.o)
                0x000000000001b6c3                rpl_print_neighbor_list
                0x000000000001b76c                rpl_print_child_neighbor_list
                0x000000000001b7e1                rpl_get_nbr
                0x000000000001b83b                rpl_get_nbr_child
                0x000000000001b895                rpl_dag_init
                0x000000000001b8c7                rpl_get_parent
                0x000000000001b8e9                rpl_get_parent_rank
                0x000000000001b91c                rpl_get_parent_link_metric
                0x000000000001b94f                rpl_get_parent_ipaddr
                0x000000000001b979                rpl_get_child_ipaddr
                0x000000000001bc94                rpl_set_root
                0x000000000001bec2                rpl_repair_root
                0x000000000001c0fe                rpl_set_prefix
                0x000000000001c1fd                rpl_set_default_route
                0x000000000001c289                rpl_alloc_instance
                0x000000000001c31c                rpl_alloc_dag
                0x000000000001c3cf                rpl_set_default_instance
                0x000000000001c3dc                rpl_get_default_instance
                0x000000000001c3e6                rpl_free_instance
                0x000000000001c497                rpl_free_dag
                0x000000000001c4fd                rpl_add_parent
                0x000000000001c5f3                rpl_find_parent
                0x000000000001c623                rpl_add_child
                0x000000000001c6c7                rpl_find_child
                0x000000000001c715                rpl_find_parent_any_dag
                0x000000000001c751                rpl_select_dag
                0x000000000001cb74                rpl_select_parent
                0x000000000001cbd6                rpl_remove_parent
                0x000000000001cc0c                rpl_remove_child
                0x000000000001cc28                rpl_nullify_parent
                0x000000000001ccc6                rpl_move_parent
                0x000000000001cd63                rpl_has_downward_route
                0x000000000001cdb6                rpl_get_any_dag
                0x000000000001ce18                rpl_get_instance
                0x000000000001ce7b                rpl_find_of
                0x000000000001ceb8                rpl_join_instance
                0x000000000001d133                rpl_add_dag
                0x000000000001d522                rpl_local_repair
                0x000000000001d5fb                rpl_recalculate_ranks
                0x000000000001d681                rpl_process_parent_event
                0x000000000001d733                rpl_process_dio
 .text          0x000000000001dc7e      0xbf3 obj_cooja/mtype987.a(rpl-ext-header.)
                0x000000000001dc9b                rpl_verify_header
                0x000000000001e115                rpl_update_header_empty
                0x000000000001e42c                rpl_update_header_final
                0x000000000001e5bb                rpl_remove_header
                0x000000000001e6c5                rpl_invert_header
                0x000000000001e84f                rpl_insert_header
 .text          0x000000000001e871     0x22e1 obj_cooja/mtype987.a(rpl-icmp6.o)
                0x000000000001eb3a                rpl_icmp6_update_nbr_table
                0x000000000001ec2a                dis_output
                0x000000000001f562                dio_output
                0x00000000000206bd                dao_output
                0x0000000000020785                dao_output_target
                0x0000000000020b06                dao_ack_output
                0x0000000000020b1a                rpl_icmp6_register_handlers
 .text          0x0000000000020b52      0x370 obj_cooja/mtype987.a(rpl-ltmax.o)
 .text          0x0000000000020ec2      0x7b3 obj_cooja/mtype987.a(rpl-timers.o)
                0x0000000000021108                rpl_reset_periodic_timer
                0x000000000002115d                rpl_reset_dio_timer
                0x0000000000021397                rpl_schedule_dao
                0x00000000000213b2                rpl_schedule_dao_immediately
                0x00000000000213cd                rpl_cancel_dao
                0x000000000002142f                rpl_schedule_unicast_dio_immediately
                0x000000000002161d                rpl_schedule_probing
 .text          0x0000000000021675      0x5c5 obj_cooja/mtype987.a(rpl.o)
                0x0000000000021675                rpl_get_mode
                0x000000000002167f                rpl_set_mode
                0x000000000002170d                rpl_purge_routes
                0x0000000000021807                rpl_remove_routes
                0x000000000002184d                rpl_remove_routes_by_nexthop
                0x00000000000218b9                rpl_add_route
                0x0000000000021934                rpl_link_neighbor_callback
                0x0000000000021a39                rpl_ipv6_neighbor_callback
                0x0000000000021aa8                rpl_purge_dags
                0x0000000000021bb4                rpl_init
 .text          0x0000000000021c3a      0x3f5 obj_cooja/mtype987.a(framer-802154.o)
 .text          0x000000000002202f       0x5e obj_cooja/mtype987.a(nullmac.o)
 .text          0x000000000002208d      0xcaa obj_cooja/mtype987.a(cxmac.o)
                0x0000000000022c87                cxmac_set_announcement_radio_txpower
                0x0000000000022c8c                cxmac_init
 .text          0x0000000000022d37       0x82 obj_cooja/mtype987.a(linkaddr.o)
                0x0000000000022d37                linkaddr_copy
                0x0000000000022d59                linkaddr_cmp
                0x0000000000022d83                linkaddr_set_node_addr
                0x0000000000022d9e                linkaddr_set_node_long_addr
 .text          0x0000000000022db9      0x915 obj_cooja/mtype987.a(nbr-table.o)
                0x0000000000022db9                long_ip_from_lladdr_map
                0x0000000000022e42                lladdr_map_add_lr
                0x0000000000022eff                lladdr_map_rm_lr
                0x00000000000233c4                nbr_table_register
                0x000000000002340c                nbr_table_head
                0x0000000000023468                nbr_table_next
                0x00000000000234cf                nbr_table_add_lladdr
                0x00000000000235ab                nbr_table_get_from_lladdr
                0x00000000000235f8                nbr_table_remove
                0x000000000002364a                nbr_table_lock
                0x0000000000023674                nbr_table_unlock
                0x000000000002369e                nbr_table_get_lladdr
 .text          0x00000000000236ce       0x2b obj_cooja/mtype987.a(netstack.o)
                0x00000000000236ce                netstack_init
 .text          0x00000000000236f9      0x3cd obj_cooja/mtype987.a(packetbuf.o)
                0x00000000000236f9                packetbuf_clear
                0x0000000000023723                packetbuf_copyfrom
                0x0000000000023775                packetbuf_compact
                0x00000000000237f2                packetbuf_copyto
                0x0000000000023889                packetbuf_hdralloc
                0x0000000000023906                packetbuf_hdrreduce
                0x000000000002394e                packetbuf_set_datalen
                0x0000000000023967                packetbuf_dataptr
                0x0000000000023984                packetbuf_hdrptr
                0x000000000002398e                packetbuf_datalen
                0x000000000002399a                packetbuf_hdrlen
                0x00000000000239b1                packetbuf_totlen
                0x00000000000239c7                packetbuf_attr_clear
                0x0000000000023a19                packetbuf_attr_copyto
                0x0000000000023a62                packetbuf_attr_copyfrom
                0x0000000000023aaa                packetbuf_holds_broadcast
 .text          0x0000000000023ac6      0x2b4 obj_cooja/mtype987.a(queuebuf.o)
                0x0000000000023ad0                queuebuf_init
                0x0000000000023af0                queuebuf_numfree
                0x0000000000023b04                queuebuf_new_from_packetbuf
                0x0000000000023b94                queuebuf_update_attr_from_packetbuf
                0x0000000000023bc7                queuebuf_update_from_packetbuf
                0x0000000000023c11                queuebuf_free
                0x0000000000023c58                queuebuf_to_packetbuf
                0x0000000000023cbe                queuebuf_dataptr
                0x0000000000023cf5                queuebuf_datalen
                0x0000000000023d18                queuebuf_addr
                0x0000000000023d4a                queuebuf_attr
                0x0000000000023d75                queuebuf_debug_print
 .text          0x0000000000023d7a       0x6e obj_cooja/mtype987.a(nullsec.o)
 .text          0x0000000000023de8       0x19 obj_cooja/mtype987.a(watchdog.o)
                0x0000000000023de8                watchdog_init
                0x0000000000023ded                watchdog_start
                0x0000000000023df2                watchdog_periodic
                0x0000000000023df7                watchdog_stop
                0x0000000000023dfc                watchdog_reboot
 .text          0x0000000000023e01        0x0 obj_cooja/mtype987.a(rimestats.o)
 .text          0x0000000000023e01      0x1c1 obj_cooja/mtype987.a(memb.o)
                0x0000000000023e01                memb_init
                0x0000000000023e5f                memb_alloc
                0x0000000000023ec4                memb_free
                0x0000000000023f3f                memb_inmemb
                0x0000000000023f7e                memb_numfree
 .text          0x0000000000023fc2      0xab2 obj_cooja/mtype987.a(uip-icmp6.o)
                0x0000000000024030                uip_icmp6_input
                0x0000000000024086                uip_icmp6_register_input_handler
                0x000000000002434e                uip_icmp6_error_output
                0x0000000000024693                uip_icmp6_send
                0x0000000000024a07                uip_icmp6_echo_reply_callback_add
                0x0000000000024a38                uip_icmp6_echo_reply_callback_rm
                0x0000000000024a54                uip_icmp6_init
 .text          0x0000000000024a74      0x358 obj_cooja/mtype987.a(uip-nd6.o)
                0x0000000000024ac8                uip_nd6_ns_output
                0x0000000000024dc7                uip_nd6_init
 .text          0x0000000000024dcc      0x331 obj_cooja/mtype987.a(rpl-nbr-policy.)
                0x0000000000024fa4                find_removable_dis
                0x0000000000024fc7                find_removable_dio
                0x0000000000025056                find_removable_dao
                0x00000000000250a6                rpl_nbr_policy_find_removable
 .text          0x00000000000250fd      0x97c obj_cooja/mtype987.a(frame802154.o)
                0x000000000002512e                frame802154_get_pan_id
                0x000000000002513a                frame802154_set_pan_id
                0x0000000000025153                frame802154_has_panid
                0x000000000002523f                frame802154_check_dest_panid
                0x00000000000252a7                frame802154_is_broadcast_addr
                0x00000000000252f4                frame802154_extract_linkaddr
                0x0000000000025534                frame802154_hdrlen
                0x0000000000025585                frame802154_create
                0x0000000000025770                frame802154_parse
 .text          0x0000000000025a79       0x3c obj_cooja/mtype987.a(mac.o)
                0x0000000000025a79                mac_call_sent_callback
 .text          0x0000000000025ab5        0x0 /usr/lib/gcc/i686-linux-gnu/4.8/crtendS.o
 .text          0x0000000000025ab5        0x0 /usr/lib/gcc/i686-linux-gnu/4.8/../../../i386-linux-gnu/crtn.o
 *(.gnu.warning)

.fini           0x0000000000025ab8       0x14
 *(SORT(.fini))
 .fini          0x0000000000025ab8        0xf /usr/lib/gcc/i686-linux-gnu/4.8/../../../i386-linux-gnu/crti.o
                0x0000000000025ab8                _fini
 .fini          0x0000000000025ac7        0x5 /usr/lib/gcc/i686-linux-gnu/4.8/../../../i386-linux-gnu/crtn.o
                0x0000000000025acc                PROVIDE (__etext, .)
                0x0000000000025acc                PROVIDE (_etext, .)
                0x0000000000025acc                PROVIDE (etext, .)

.rodata         0x0000000000025ae0      0x940
 *(.rodata .rodata.* .gnu.linkonce.r.*)
 .rodata        0x0000000000025ae0      0x2ae udp-client.co
                0x0000000000025af4                autostart_processes
 *fill*         0x0000000000025d8e        0x2 
 .rodata        0x0000000000025d90      0x1e6 obj_cooja/mtype987.o
 *fill*         0x0000000000025f76        0x2 
 .rodata        0x0000000000025f78        0x8 obj_cooja/mtype987.a(beep.o)
                0x0000000000025f78                beep_interface
 .rodata        0x0000000000025f80       0x20 obj_cooja/mtype987.a(button-sensor.o)
                0x0000000000025f80                button_interface
                0x0000000000025f90                button_sensor
 .rodata        0x0000000000025fa0        0x8 obj_cooja/mtype987.a(leds-arch.o)
                0x0000000000025fa0                leds_interface
 .rodata        0x0000000000025fa8        0x8 obj_cooja/mtype987.a(moteid.o)
                0x0000000000025fa8                moteid_interface
 .rodata        0x0000000000025fb0       0x1c obj_cooja/mtype987.a(pir-sensor.o)
                0x0000000000025fb0                pir_interface
                0x0000000000025fbc                pir_sensor
 .rodata        0x0000000000025fcc        0xe obj_cooja/mtype987.a(rs232.o)
                0x0000000000025fcc                rs232_interface
 *fill*         0x0000000000025fda        0x2 
 .rodata        0x0000000000025fdc       0x24 obj_cooja/mtype987.a(vib-sensor.o)
                0x0000000000025fdc                vib_interface
                0x0000000000025ff0                vib_sensor
 .rodata        0x0000000000026000        0x8 obj_cooja/mtype987.a(clock.o)
                0x0000000000026000                clock_interface
 .rodata        0x0000000000026008        0x8 obj_cooja/mtype987.a(log.o)
                0x0000000000026008                simlog_interface
 .rodata        0x0000000000026010       0x2f obj_cooja/mtype987.a(cfs-cooja.o)
                0x0000000000026010                cfs_interface
 *fill*         0x000000000002603f        0x1 
 .rodata        0x0000000000026040       0x60 obj_cooja/mtype987.a(cooja-radio.o)
                0x0000000000026060                cooja_radio_driver
                0x0000000000026098                radio_interface
 .rodata        0x00000000000260a0        0x8 obj_cooja/mtype987.a(eeprom.o)
                0x00000000000260a0                eeprom_interface
 .rodata        0x00000000000260a8        0x8 obj_cooja/mtype987.a(sensors.o)
 .rodata        0x00000000000260b0       0x1c obj_cooja/mtype987.a(dual_conf.o)
 .rodata        0x00000000000260cc        0xf obj_cooja/mtype987.a(ctimer.o)
 .rodata        0x00000000000260db        0xc obj_cooja/mtype987.a(etimer.o)
 *fill*         0x00000000000260e7        0x1 
 .rodata        0x00000000000260e8       0x73 obj_cooja/mtype987.a(log_message.o)
 *fill*         0x000000000002615b        0x1 
 .rodata        0x000000000002615c       0x20 obj_cooja/mtype987.a(residual.o)
 .rodata        0x000000000002617c        0xe obj_cooja/mtype987.a(serial-line.o)
 *fill*         0x000000000002618a        0x2 
 .rodata        0x000000000002618c       0x2c obj_cooja/mtype987.a(sicslowpan.o)
                0x000000000002618c                unc_llconf
                0x0000000000026190                unc_ctxconf
                0x0000000000026194                unc_mxconf
                0x0000000000026198                llprefix
                0x00000000000261ac                sicslowpan_driver
 .rodata        0x00000000000261b8      0x13c obj_cooja/mtype987.a(uip6.o)
 .rodata        0x00000000000262f4       0x49 obj_cooja/mtype987.a(tcpip.o)
 .rodata        0x000000000002633d       0x3e obj_cooja/mtype987.a(uip-debug.o)
 *fill*         0x000000000002637b        0x1 
 .rodata        0x000000000002637c        0x4 obj_cooja/mtype987.a(rpl-dag.o)
 .rodata        0x0000000000026380        0xc obj_cooja/mtype987.a(framer-802154.o)
                0x0000000000026380                framer_802154
 .rodata        0x000000000002638c       0x24 obj_cooja/mtype987.a(nullmac.o)
                0x0000000000026394                nullmac_driver
 *fill*         0x00000000000263b0       0x10 
 .rodata        0x00000000000263c0       0x40 obj_cooja/mtype987.a(cxmac.o)
                0x00000000000263e0                cxmac_driver
 .rodata        0x0000000000026400        0x8 obj_cooja/mtype987.a(linkaddr.o)
                0x0000000000026400                linkaddr_null
 .rodata        0x0000000000026408       0x18 obj_cooja/mtype987.a(nullsec.o)
                0x0000000000026410                nullsec_driver

.rodata1
 *(.rodata1)

.eh_frame_hdr   0x0000000000026420     0x1374
 *(.eh_frame_hdr)
 .eh_frame_hdr  0x0000000000026420     0x1374 udp-client.co

.eh_frame       0x0000000000027794     0x4f1c
 *(.eh_frame)
 .eh_frame      0x0000000000027794       0x3c /usr/lib/gcc/i686-linux-gnu/4.8/../../../i386-linux-gnu/crti.o
                                         0x40 (size before relaxing)
 .eh_frame      0x00000000000277d0       0xb4 udp-client.co
                                         0xcc (size before relaxing)
 .eh_frame      0x0000000000027884      0x148 obj_cooja/mtype987.o
                                        0x160 (size before relaxing)
 .eh_frame      0x00000000000279cc       0x40 obj_cooja/mtype987.a(simEnvChange.o)
                                         0x58 (size before relaxing)
 .eh_frame      0x0000000000027a0c       0xc0 obj_cooja/mtype987.a(cooja_mt.o)
                                         0xd8 (size before relaxing)
 .eh_frame      0x0000000000027acc      0x120 obj_cooja/mtype987.a(cooja_mtarch.o)
                                        0x138 (size before relaxing)
 .eh_frame      0x0000000000027bec       0xc0 obj_cooja/mtype987.a(rtimer-arch.o)
                                         0xd8 (size before relaxing)
 .eh_frame      0x0000000000027cac      0x160 obj_cooja/mtype987.a(beep.o)
                                        0x178 (size before relaxing)
 .eh_frame      0x0000000000027e0c       0xa0 obj_cooja/mtype987.a(button-sensor.o)
                                         0xb8 (size before relaxing)
 .eh_frame      0x0000000000027eac       0xa0 obj_cooja/mtype987.a(leds-arch.o)
                                         0xb8 (size before relaxing)
 .eh_frame      0x0000000000027f4c       0x40 obj_cooja/mtype987.a(moteid.o)
                                         0x58 (size before relaxing)
 .eh_frame      0x0000000000027f8c       0xa0 obj_cooja/mtype987.a(pir-sensor.o)
                                         0xb8 (size before relaxing)
 .eh_frame      0x000000000002802c      0x100 obj_cooja/mtype987.a(rs232.o)
                                        0x118 (size before relaxing)
 .eh_frame      0x000000000002812c       0xa0 obj_cooja/mtype987.a(vib-sensor.o)
                                         0xb8 (size before relaxing)
 .eh_frame      0x00000000000281cc       0xc0 obj_cooja/mtype987.a(clock.o)
                                         0xd8 (size before relaxing)
 .eh_frame      0x000000000002828c      0x120 obj_cooja/mtype987.a(log.o)
                                        0x138 (size before relaxing)
 .eh_frame      0x00000000000283ac      0x160 obj_cooja/mtype987.a(cfs-cooja.o)
                                        0x178 (size before relaxing)
 .eh_frame      0x000000000002850c      0x2e0 obj_cooja/mtype987.a(cooja-radio.o)
                                        0x2f8 (size before relaxing)
 .eh_frame      0x00000000000287ec       0xa0 obj_cooja/mtype987.a(eeprom.o)
                                         0xb8 (size before relaxing)
 .eh_frame      0x000000000002888c       0x40 obj_cooja/mtype987.a(random.o)
                                         0x58 (size before relaxing)
 .eh_frame      0x00000000000288cc       0xc0 obj_cooja/mtype987.a(sensors.o)
                                         0xd8 (size before relaxing)
 .eh_frame      0x000000000002898c      0x160 obj_cooja/mtype987.a(dual_conf.o)
                                        0x178 (size before relaxing)
 .eh_frame      0x0000000000028aec       0x40 obj_cooja/mtype987.a(autostart.o)
                                         0x58 (size before relaxing)
 .eh_frame      0x0000000000028b2c      0x100 obj_cooja/mtype987.a(ctimer.o)
                                        0x118 (size before relaxing)
 .eh_frame      0x0000000000028c2c      0x1e0 obj_cooja/mtype987.a(etimer.o)
                                        0x1f8 (size before relaxing)
 .eh_frame      0x0000000000028e0c       0x40 obj_cooja/mtype987.a(log_message.o)
                                         0x58 (size before relaxing)
 .eh_frame      0x0000000000028e4c      0x1c8 obj_cooja/mtype987.a(process.o)
                                        0x1e0 (size before relaxing)
 .eh_frame      0x0000000000029014       0x2c obj_cooja/mtype987.a(residual.o)
                                         0x44 (size before relaxing)
 .eh_frame      0x0000000000029040       0x60 obj_cooja/mtype987.a(rtimer.o)
                                         0x78 (size before relaxing)
 .eh_frame      0x00000000000290a0       0xc4 obj_cooja/mtype987.a(stimer.o)
                                         0xdc (size before relaxing)
 .eh_frame      0x0000000000029164       0xa4 obj_cooja/mtype987.a(timer.o)
                                         0xbc (size before relaxing)
 .eh_frame      0x0000000000029208       0x60 obj_cooja/mtype987.a(serial-line.o)
                                         0x78 (size before relaxing)
 .eh_frame      0x0000000000029268      0x180 obj_cooja/mtype987.a(list.o)
                                        0x198 (size before relaxing)
 .eh_frame      0x00000000000293e8       0xa0 obj_cooja/mtype987.a(ringbuf.o)
                                         0xb8 (size before relaxing)
 .eh_frame      0x0000000000029488      0x350 obj_cooja/mtype987.a(sicslowpan.o)
                                        0x368 (size before relaxing)
 .eh_frame      0x00000000000297d8      0x180 obj_cooja/mtype987.a(uip-ds6-nbr.o)
                                        0x198 (size before relaxing)
 .eh_frame      0x0000000000029958      0x2a0 obj_cooja/mtype987.a(uip-ds6-route.o)
                                        0x2b8 (size before relaxing)
 .eh_frame      0x0000000000029bf8      0x3c8 obj_cooja/mtype987.a(uip-ds6.o)
                                        0x3e0 (size before relaxing)
 .eh_frame      0x0000000000029fc0      0x27c obj_cooja/mtype987.a(uip6.o)
                                        0x294 (size before relaxing)
 .eh_frame      0x000000000002a23c      0x270 obj_cooja/mtype987.a(tcpip.o)
                                        0x288 (size before relaxing)
 .eh_frame      0x000000000002a4ac       0x48 obj_cooja/mtype987.a(uip-debug.o)
                                         0x60 (size before relaxing)
 .eh_frame      0x000000000002a4f4       0xe0 obj_cooja/mtype987.a(uip-packetqueue)
                                         0xf8 (size before relaxing)
 .eh_frame      0x000000000002a5d4       0x40 obj_cooja/mtype987.a(uip-udp-packet.)
                                         0x58 (size before relaxing)
 .eh_frame      0x000000000002a614      0x74c obj_cooja/mtype987.a(rpl-dag.o)
                                        0x764 (size before relaxing)
 .eh_frame      0x000000000002ad60      0x10c obj_cooja/mtype987.a(rpl-ext-header.)
                                        0x124 (size before relaxing)
 .eh_frame      0x000000000002ae6c      0x2b8 obj_cooja/mtype987.a(rpl-icmp6.o)
                                        0x2d0 (size before relaxing)
 .eh_frame      0x000000000002b124       0xe0 obj_cooja/mtype987.a(rpl-ltmax.o)
                                         0xf8 (size before relaxing)
 .eh_frame      0x000000000002b204      0x20c obj_cooja/mtype987.a(rpl-timers.o)
                                        0x224 (size before relaxing)
 .eh_frame      0x000000000002b410      0x148 obj_cooja/mtype987.a(rpl.o)
                                        0x160 (size before relaxing)
 .eh_frame      0x000000000002b558      0x108 obj_cooja/mtype987.a(framer-802154.o)
                                        0x120 (size before relaxing)
 .eh_frame      0x000000000002b660       0xc0 obj_cooja/mtype987.a(nullmac.o)
                                         0xd8 (size before relaxing)
 .eh_frame      0x000000000002b720      0x29c obj_cooja/mtype987.a(cxmac.o)
                                        0x2b4 (size before relaxing)
 .eh_frame      0x000000000002b9bc       0x80 obj_cooja/mtype987.a(linkaddr.o)
                                         0x98 (size before relaxing)
 .eh_frame      0x000000000002ba3c      0x2cc obj_cooja/mtype987.a(nbr-table.o)
                                        0x2e4 (size before relaxing)
 .eh_frame      0x000000000002bd08       0x20 obj_cooja/mtype987.a(netstack.o)
                                         0x38 (size before relaxing)
 .eh_frame      0x000000000002bd28      0x214 obj_cooja/mtype987.a(packetbuf.o)
                                        0x22c (size before relaxing)
 .eh_frame      0x000000000002bf3c      0x1a0 obj_cooja/mtype987.a(queuebuf.o)
                                        0x1b8 (size before relaxing)
 .eh_frame      0x000000000002c0dc       0x80 obj_cooja/mtype987.a(nullsec.o)
                                         0x98 (size before relaxing)
 .eh_frame      0x000000000002c15c       0xa0 obj_cooja/mtype987.a(watchdog.o)
                                         0xb8 (size before relaxing)
 .eh_frame      0x000000000002c1fc       0xa0 obj_cooja/mtype987.a(memb.o)
                                         0xb8 (size before relaxing)
 .eh_frame      0x000000000002c29c      0x164 obj_cooja/mtype987.a(uip-icmp6.o)
                                        0x17c (size before relaxing)
 .eh_frame      0x000000000002c400       0x68 obj_cooja/mtype987.a(uip-nd6.o)
                                         0x80 (size before relaxing)
 .eh_frame      0x000000000002c468       0xc0 obj_cooja/mtype987.a(rpl-nbr-policy.)
                                         0xd8 (size before relaxing)
 .eh_frame      0x000000000002c528      0x164 obj_cooja/mtype987.a(frame802154.o)
                                        0x17c (size before relaxing)
 .eh_frame      0x000000000002c68c       0x20 obj_cooja/mtype987.a(mac.o)
                                         0x38 (size before relaxing)
 .eh_frame      0x000000000002c6ac        0x4 /usr/lib/gcc/i686-linux-gnu/4.8/crtendS.o

.gcc_except_table
 *(.gcc_except_table .gcc_except_table.*)

.exception_ranges
 *(.exception_ranges .exception_ranges*)
                0x000000000002c6b0                . = (ALIGN (0x1000) - ((0x1000 - .) & 0xfff))
                0x000000000002def8                . = DATA_SEGMENT_ALIGN (0x1000, 0x1000)

.eh_frame
 *(.eh_frame)

.gcc_except_table
 *(.gcc_except_table .gcc_except_table.*)

.exception_ranges
 *(.exception_ranges .exception_ranges*)

.tdata
 *(.tdata .tdata.* .gnu.linkonce.td.*)

.tbss
 *(.tbss .tbss.* .gnu.linkonce.tb.*)
 *(.tcommon)

.preinit_array
 *(.preinit_array)

.init_array     0x000000000002def8        0x4
 *(SORT(.init_array.*) SORT(.ctors.*))
 *(.init_array EXCLUDE_FILE(*crtend?.o *crtend.o *crtbegin?.o *crtbegin.o) .ctors)
 .init_array    0x000000000002def8        0x4 /usr/lib/gcc/i686-linux-gnu/4.8/crtbeginS.o

.fini_array     0x000000000002defc        0x4
 *(SORT(.fini_array.*) SORT(.dtors.*))
 *(.fini_array EXCLUDE_FILE(*crtend?.o *crtend.o *crtbegin?.o *crtbegin.o) .dtors)
 .fini_array    0x000000000002defc        0x4 /usr/lib/gcc/i686-linux-gnu/4.8/crtbeginS.o

.ctors
 *crtbegin.o(.ctors)
 *crtbegin?.o(.ctors)
 *(EXCLUDE_FILE(*crtend?.o *crtend.o) .ctors)
 *(SORT(.ctors.*))
 *(.ctors)

.dtors
 *crtbegin.o(.dtors)
 *crtbegin?.o(.dtors)
 *(EXCLUDE_FILE(*crtend?.o *crtend.o) .dtors)
 *(SORT(.dtors.*))
 *(.dtors)

.jcr            0x000000000002df00        0x4
 *(.jcr)
 .jcr           0x000000000002df00        0x0 /usr/lib/gcc/i686-linux-gnu/4.8/crtbeginS.o
 .jcr           0x000000000002df00        0x4 /usr/lib/gcc/i686-linux-gnu/4.8/crtendS.o

.data.rel.ro
 *(.data.rel.ro.local* .gnu.linkonce.d.rel.ro.local.*)
 *(.data.rel.ro .data.rel.ro.* .gnu.linkonce.d.rel.ro.*)

.dynamic        0x000000000002df04       0xe8
 *(.dynamic)
 .dynamic       0x000000000002df04       0xe8 /usr/lib/gcc/i686-linux-gnu/4.8/../../../i386-linux-gnu/crti.o
                0x000000000002df04                _DYNAMIC

.got            0x000000000002dfec       0x14
 *(.got)
 .got           0x000000000002dfec       0x14 /usr/lib/gcc/i686-linux-gnu/4.8/../../../i386-linux-gnu/crti.o
 *(.igot)
                0x000000000002eff4                . = DATA_SEGMENT_RELRO_END (., (SIZEOF (.got.plt) >= 0xc)?0xc:0x0)

.got.plt        0x000000000002e000       0x14
 *(.got.plt)
 .got.plt       0x000000000002e000       0x14 /usr/lib/gcc/i686-linux-gnu/4.8/../../../i386-linux-gnu/crti.o
                0x000000000002e000                _GLOBAL_OFFSET_TABLE_
 *(.igot.plt)

.data           0x000000000002e020      0x266
 *(.data .data.* .gnu.linkonce.d.*)
 .data          0x000000000002e020        0x0 /usr/lib/gcc/i686-linux-gnu/4.8/../../../i386-linux-gnu/crti.o
 .data          0x000000000002e020        0x0 /usr/lib/gcc/i686-linux-gnu/4.8/crtbeginS.o
 .data.rel      0x000000000002e020        0x4 /usr/lib/gcc/i686-linux-gnu/4.8/crtbeginS.o
                0x000000000002e020                __dso_handle
 .data          0x000000000002e024       0x10 udp-client.co
                0x000000000002e024                udp_client_process
 *fill*         0x000000000002e034        0xc 
 .data          0x000000000002e040       0x44 obj_cooja/mtype987.o
                0x000000000002e040                simInterfaces
                0x000000000002e074                sensors
 .data          0x000000000002e084        0x0 obj_cooja/mtype987.a(simEnvChange.o)
 .data          0x000000000002e084        0x0 obj_cooja/mtype987.a(cooja_mt.o)
 .data          0x000000000002e084        0x0 obj_cooja/mtype987.a(cooja_mtarch.o)
 .data          0x000000000002e084        0x0 obj_cooja/mtype987.a(rtimer-arch.o)
 .data          0x000000000002e084        0x0 obj_cooja/mtype987.a(beep.o)
 .data          0x000000000002e084        0x0 obj_cooja/mtype987.a(button-sensor.o)
 .data          0x000000000002e084        0x0 obj_cooja/mtype987.a(leds-arch.o)
 .data          0x000000000002e084        0x0 obj_cooja/mtype987.a(moteid.o)
 .data          0x000000000002e084        0x0 obj_cooja/mtype987.a(pir-sensor.o)
 .data          0x000000000002e084        0x0 obj_cooja/mtype987.a(rs232.o)
 .data          0x000000000002e084        0x0 obj_cooja/mtype987.a(vib-sensor.o)
 .data          0x000000000002e084        0x0 obj_cooja/mtype987.a(clock.o)
 .data          0x000000000002e084        0x0 obj_cooja/mtype987.a(log.o)
 .data          0x000000000002e084        0x0 obj_cooja/mtype987.a(cfs-cooja.o)
 .data          0x000000000002e084       0x40 obj_cooja/mtype987.a(cooja-radio.o)
                0x000000000002e084                simRadioChannelLR
                0x000000000002e088                simRadioHWOnLR
                0x000000000002e08c                simSignalStrengthLR
                0x000000000002e090                simLastSignalStrengthLR
                0x000000000002e094                simPowerLR
                0x000000000002e098                simLQILR
                0x000000000002e09c                simRadioChannel
                0x000000000002e0a0                simRadioHWOn
                0x000000000002e0a4                simSignalStrength
                0x000000000002e0a8                simLastSignalStrength
                0x000000000002e0ac                simPower
                0x000000000002e0b0                simLQI
                0x000000000002e0b4                cooja_radio_process
 .data          0x000000000002e0c4        0x0 obj_cooja/mtype987.a(eeprom.o)
 .data          0x000000000002e0c4        0x0 obj_cooja/mtype987.a(random.o)
 .data          0x000000000002e0c4       0x10 obj_cooja/mtype987.a(sensors.o)
                0x000000000002e0c4                sensors_process
 .data          0x000000000002e0d4       0x24 obj_cooja/mtype987.a(dual_conf.o)
                0x000000000002e0d4                radio_received
                0x000000000002e0d8                dual_dio_broadcast
                0x000000000002e0e8                dual_dis_broadcast
 .data          0x000000000002e0f8        0x0 obj_cooja/mtype987.a(autostart.o)
 .data          0x000000000002e0f8       0x14 obj_cooja/mtype987.a(ctimer.o)
                0x000000000002e0fc                ctimer_process
 .data          0x000000000002e10c       0x10 obj_cooja/mtype987.a(etimer.o)
                0x000000000002e10c                etimer_process
 .data          0x000000000002e11c        0x0 obj_cooja/mtype987.a(log_message.o)
 .data          0x000000000002e11c        0x0 obj_cooja/mtype987.a(process.o)
 .data          0x000000000002e11c        0x0 obj_cooja/mtype987.a(residual.o)
 .data          0x000000000002e11c        0x0 obj_cooja/mtype987.a(rtimer.o)
 .data          0x000000000002e11c        0x0 obj_cooja/mtype987.a(stimer.o)
 .data          0x000000000002e11c        0x0 obj_cooja/mtype987.a(timer.o)
 .data          0x000000000002e11c       0x10 obj_cooja/mtype987.a(serial-line.o)
                0x000000000002e11c                serial_line_process
 .data          0x000000000002e12c        0x0 obj_cooja/mtype987.a(list.o)
 .data          0x000000000002e12c        0x0 obj_cooja/mtype987.a(ringbuf.o)
 .data          0x000000000002e12c        0x0 obj_cooja/mtype987.a(sicslowpan.o)
 .data          0x000000000002e12c       0x14 obj_cooja/mtype987.a(uip-ds6-nbr.o)
                0x000000000002e13c                ds6_neighbors
 .data          0x000000000002e140       0x44 obj_cooja/mtype987.a(uip-ds6-route.o)
                0x000000000002e150                nbr_routes
 .data          0x000000000002e184        0x0 obj_cooja/mtype987.a(uip-ds6.o)
 .data          0x000000000002e184        0x0 obj_cooja/mtype987.a(uip6.o)
 .data          0x000000000002e184       0x10 obj_cooja/mtype987.a(tcpip.o)
                0x000000000002e184                tcpip_process
 .data          0x000000000002e194        0x0 obj_cooja/mtype987.a(uip-debug.o)
 .data          0x000000000002e194        0xc obj_cooja/mtype987.a(uip-packetqueue)
 .data          0x000000000002e1a0        0x0 obj_cooja/mtype987.a(uip-udp-packet.)
 .data          0x000000000002e1a0       0x28 obj_cooja/mtype987.a(rpl-dag.o)
                0x000000000002e1b0                rpl_parents
                0x000000000002e1c4                rpl_children
 .data          0x000000000002e1c8        0x0 obj_cooja/mtype987.a(rpl-ext-header.)
 .data          0x000000000002e1c8       0x34 obj_cooja/mtype987.a(rpl-icmp6.o)
 .data          0x000000000002e1fc       0x1c obj_cooja/mtype987.a(rpl-ltmax.o)
                0x000000000002e1fc                rpl_ltmax_of
 .data          0x000000000002e218        0x0 obj_cooja/mtype987.a(rpl-timers.o)
 .data          0x000000000002e218        0x0 obj_cooja/mtype987.a(rpl.o)
 .data          0x000000000002e218        0x0 obj_cooja/mtype987.a(framer-802154.o)
 .data          0x000000000002e218        0x0 obj_cooja/mtype987.a(nullmac.o)
 .data          0x000000000002e218       0x20 obj_cooja/mtype987.a(cxmac.o)
                0x000000000002e218                cxmac_config
 .data          0x000000000002e238        0x0 obj_cooja/mtype987.a(linkaddr.o)
 .data          0x000000000002e238       0x10 obj_cooja/mtype987.a(nbr-table.o)
 .data          0x000000000002e248        0x0 obj_cooja/mtype987.a(netstack.o)
 .data          0x000000000002e248        0x4 obj_cooja/mtype987.a(packetbuf.o)
 .data          0x000000000002e24c       0x18 obj_cooja/mtype987.a(queuebuf.o)
 .data          0x000000000002e264        0x0 obj_cooja/mtype987.a(nullsec.o)
 .data          0x000000000002e264        0x0 obj_cooja/mtype987.a(watchdog.o)
 .data          0x000000000002e264        0x0 obj_cooja/mtype987.a(rimestats.o)
 .data          0x000000000002e264        0x0 obj_cooja/mtype987.a(memb.o)
 .data          0x000000000002e264       0x20 obj_cooja/mtype987.a(uip-icmp6.o)
 .data          0x000000000002e284        0x0 obj_cooja/mtype987.a(uip-nd6.o)
 .data          0x000000000002e284        0x0 obj_cooja/mtype987.a(rpl-nbr-policy.)
 .data          0x000000000002e284        0x2 obj_cooja/mtype987.a(frame802154.o)
 .data          0x000000000002e286        0x0 obj_cooja/mtype987.a(mac.o)
 .data          0x000000000002e286        0x0 /usr/lib/gcc/i686-linux-gnu/4.8/crtendS.o
 .data          0x000000000002e286        0x0 /usr/lib/gcc/i686-linux-gnu/4.8/../../../i386-linux-gnu/crtn.o

.tm_clone_table
                0x000000000002e288        0x0
 .tm_clone_table
                0x000000000002e288        0x0 /usr/lib/gcc/i686-linux-gnu/4.8/crtbeginS.o
 .tm_clone_table
                0x000000000002e288        0x0 /usr/lib/gcc/i686-linux-gnu/4.8/crtendS.o

.data1
 *(.data1)
                0x000000000002e288                _edata = .
                0x000000000002e288                PROVIDE (edata, .)
                0x000000000002e288                . = .
                0x000000000002e288                __bss_start = .

.bss            0x000000000002e2a0     0x82e8
 *(.dynbss)
 .dynbss        0x0000000000000000        0x0 /usr/lib/gcc/i686-linux-gnu/4.8/../../../i386-linux-gnu/crti.o
 *(.bss .bss.* .gnu.linkonce.b.*)
 .bss           0x000000000002e2a0        0x0 /usr/lib/gcc/i686-linux-gnu/4.8/../../../i386-linux-gnu/crti.o
 .bss           0x000000000002e2a0        0x1 /usr/lib/gcc/i686-linux-gnu/4.8/crtbeginS.o
 *fill*         0x000000000002e2a1       0x1f 
 .bss           0x000000000002e2c0       0x60 udp-client.co
                0x000000000002e2c0                my_weight
 .bss           0x000000000002e320     0x2030 obj_cooja/mtype987.o
 .bss           0x0000000000030350        0x1 obj_cooja/mtype987.a(simEnvChange.o)
                0x0000000000030350                simDontFallAsleep
 *fill*         0x0000000000030351        0x3 
 .bss           0x0000000000030354        0x4 obj_cooja/mtype987.a(cooja_mt.o)
 .bss           0x0000000000030358        0x4 obj_cooja/mtype987.a(cooja_mtarch.o)
 .bss           0x000000000003035c        0xc obj_cooja/mtype987.a(rtimer-arch.o)
 .bss           0x0000000000030368        0x0 obj_cooja/mtype987.a(beep.o)
 .bss           0x0000000000030368        0x8 obj_cooja/mtype987.a(button-sensor.o)
 .bss           0x0000000000030370        0x0 obj_cooja/mtype987.a(leds-arch.o)
 .bss           0x0000000000030370        0x0 obj_cooja/mtype987.a(moteid.o)
 .bss           0x0000000000030370        0x1 obj_cooja/mtype987.a(pir-sensor.o)
                0x0000000000030370                simPirValue
 *fill*         0x0000000000030371        0x3 
 .bss           0x0000000000030374        0x4 obj_cooja/mtype987.a(rs232.o)
 .bss           0x0000000000030378        0x1 obj_cooja/mtype987.a(vib-sensor.o)
                0x0000000000030378                simVibValue
 .bss           0x0000000000030379        0x0 obj_cooja/mtype987.a(clock.o)
 *fill*         0x0000000000030379        0x7 
 .bss           0x0000000000030380      0x420 obj_cooja/mtype987.a(log.o)
 .bss           0x00000000000307a0      0xfc0 obj_cooja/mtype987.a(cfs-cooja.o)
                0x00000000000307a0                simCFSData
                0x0000000000031740                simCFSSize
                0x0000000000031744                simCFSChanged
                0x0000000000031748                simCFSRead
                0x000000000003174c                simCFSWritten
 .bss           0x0000000000031760       0x24 obj_cooja/mtype987.a(cooja-radio.o)
                0x0000000000031760                simReceivingLR
                0x0000000000031764                simInSizeLR
                0x0000000000031768                simOutSizeLR
                0x000000000003176c                simReceiving
                0x0000000000031770                simInSize
                0x0000000000031774                simOutSize
                0x0000000000031778                LongRangeTransmit
                0x000000000003177c                LongRangeReceiving
 .bss           0x0000000000031784        0xc obj_cooja/mtype987.a(eeprom.o)
                0x0000000000031784                simEEPROMChanged
                0x0000000000031788                simEEPROMRead
                0x000000000003178c                simEEPROMWritten
 .bss           0x0000000000031790        0x0 obj_cooja/mtype987.a(random.o)
 .bss           0x0000000000031790        0xc obj_cooja/mtype987.a(sensors.o)
 .bss           0x000000000003179c       0x28 obj_cooja/mtype987.a(dual_conf.o)
                0x000000000003179c                long_range_radio
 .bss           0x00000000000317c4        0x0 obj_cooja/mtype987.a(autostart.o)
 .bss           0x00000000000317c4        0x5 obj_cooja/mtype987.a(ctimer.o)
 *fill*         0x00000000000317c9        0x3 
 .bss           0x00000000000317cc        0x8 obj_cooja/mtype987.a(etimer.o)
 .bss           0x00000000000317d4        0x0 obj_cooja/mtype987.a(log_message.o)
 *fill*         0x00000000000317d4        0xc 
 .bss           0x00000000000317e0      0x1b1 obj_cooja/mtype987.a(process.o)
                0x00000000000317e0                process_list
                0x00000000000317e4                process_current
 .bss           0x0000000000031991        0x0 obj_cooja/mtype987.a(residual.o)
 *fill*         0x0000000000031991        0x3 
 .bss           0x0000000000031994        0x4 obj_cooja/mtype987.a(rtimer.o)
 .bss           0x0000000000031998        0x0 obj_cooja/mtype987.a(stimer.o)
 .bss           0x0000000000031998        0x0 obj_cooja/mtype987.a(timer.o)
 *fill*         0x0000000000031998        0x8 
 .bss           0x00000000000319a0      0x140 obj_cooja/mtype987.a(serial-line.o)
 .bss           0x0000000000031ae0        0x0 obj_cooja/mtype987.a(list.o)
 .bss           0x0000000000031ae0        0x0 obj_cooja/mtype987.a(ringbuf.o)
 .bss           0x0000000000031ae0      0x70c obj_cooja/mtype987.a(sicslowpan.o)
 *fill*         0x00000000000321ec       0x14 
 .bss           0x0000000000032200       0xc0 obj_cooja/mtype987.a(uip-ds6-nbr.o)
 .bss           0x00000000000322c0      0x4a8 obj_cooja/mtype987.a(uip-ds6-route.o)
 .bss           0x0000000000032768       0x30 obj_cooja/mtype987.a(uip-ds6.o)
 .bss           0x0000000000032798        0xe obj_cooja/mtype987.a(uip6.o)
                0x0000000000032798                uip_ext_bitmap
                0x0000000000032799                uip_ext_len
                0x000000000003279a                uip_ext_opt_offset
 *fill*         0x00000000000327a6       0x1a 
 .bss           0x00000000000327c0       0x6b obj_cooja/mtype987.a(tcpip.o)
 .bss           0x000000000003282b        0x0 obj_cooja/mtype987.a(uip-debug.o)
 *fill*         0x000000000003282b       0x15 
 .bss           0x0000000000032840      0xcf8 obj_cooja/mtype987.a(uip-packetqueue)
 .bss           0x0000000000033538        0x0 obj_cooja/mtype987.a(uip-udp-packet.)
 *fill*         0x0000000000033538        0x8 
 .bss           0x0000000000033540       0x88 obj_cooja/mtype987.a(rpl-dag.o)
 .bss           0x00000000000335c8        0x0 obj_cooja/mtype987.a(rpl-ext-header.)
 .bss           0x00000000000335c8        0x0 obj_cooja/mtype987.a(rpl-icmp6.o)
 .bss           0x00000000000335c8        0x0 obj_cooja/mtype987.a(rpl-ltmax.o)
 *fill*         0x00000000000335c8       0x18 
 .bss           0x00000000000335e0       0x23 obj_cooja/mtype987.a(rpl-timers.o)
 *fill*         0x0000000000033603        0x1 
 .bss           0x0000000000033604        0x4 obj_cooja/mtype987.a(rpl.o)
 .bss           0x0000000000033608        0x2 obj_cooja/mtype987.a(framer-802154.o)
 .bss           0x000000000003360a        0x0 obj_cooja/mtype987.a(nullmac.o)
 *fill*         0x000000000003360a       0x16 
 .bss           0x0000000000033620       0xa0 obj_cooja/mtype987.a(cxmac.o)
 .bss           0x00000000000336c0        0x0 obj_cooja/mtype987.a(linkaddr.o)
 .bss           0x00000000000336c0       0xc4 obj_cooja/mtype987.a(nbr-table.o)
 .bss           0x0000000000033784        0x0 obj_cooja/mtype987.a(netstack.o)
 *fill*         0x0000000000033784       0x1c 
 .bss           0x00000000000337a0       0xa0 obj_cooja/mtype987.a(packetbuf.o)
 .bss           0x0000000000033840      0xb80 obj_cooja/mtype987.a(queuebuf.o)
 .bss           0x00000000000343c0        0x0 obj_cooja/mtype987.a(nullsec.o)
 .bss           0x00000000000343c0        0x0 obj_cooja/mtype987.a(watchdog.o)
 .bss           0x00000000000343c0        0x0 obj_cooja/mtype987.a(rimestats.o)
 .bss           0x00000000000343c0        0x0 obj_cooja/mtype987.a(memb.o)
 .bss           0x00000000000343c0       0x18 obj_cooja/mtype987.a(uip-icmp6.o)
 .bss           0x00000000000343d8        0x0 obj_cooja/mtype987.a(uip-nd6.o)
 *fill*         0x00000000000343d8        0x8 
 .bss           0x00000000000343e0       0x44 obj_cooja/mtype987.a(rpl-nbr-policy.)
 .bss           0x0000000000034424        0x0 obj_cooja/mtype987.a(frame802154.o)
 .bss           0x0000000000034424        0x0 obj_cooja/mtype987.a(mac.o)
 .bss           0x0000000000034424        0x0 /usr/lib/gcc/i686-linux-gnu/4.8/crtendS.o
 .bss           0x0000000000034424        0x0 /usr/lib/gcc/i686-linux-gnu/4.8/../../../i386-linux-gnu/crtn.o
 *(COMMON)
 COMMON         0x0000000000034424       0x48 udp-client.co
                0x0000000000034424                dio_count
                0x0000000000034428                dis_count
                0x000000000003442c                collision_count
                0x0000000000034430                transmission_count
                0x0000000000034434                COOJA_radioRxLong
                0x0000000000034438                control_message_count
                0x000000000003443c                dao_count
                0x0000000000034440                COOJA_radioTx
                0x0000000000034444                data_relay_count
                0x0000000000034448                data_message_count
                0x000000000003444c                my_sink_reachability
                0x0000000000034450                COOJA_radioTxLong
                0x0000000000034454                COOJA_radioRx
                0x0000000000034458                my_parent_number
                0x000000000003445c                COOJA_radioOn
                0x0000000000034460                COOJA_duration
                0x0000000000034464                dio_ack_count
                0x0000000000034468                COOJA_radioOnLong
 COMMON         0x000000000003446c        0xc obj_cooja/mtype987.o
                0x000000000003446c                referenceVar
                0x0000000000034470                debugfp
                0x0000000000034474                sensors_flags
 COMMON         0x0000000000034478        0xc obj_cooja/mtype987.a(simEnvChange.o)
                0x0000000000034478                simEtimerPending
                0x000000000003447c                simProcessRunValue
                0x0000000000034480                simNextExpirationTime
 COMMON         0x0000000000034484        0x1 obj_cooja/mtype987.a(beep.o)
                0x0000000000034484                simBeeped
 COMMON         0x0000000000034485        0x3 obj_cooja/mtype987.a(button-sensor.o)
                0x0000000000034485                simButtonIsActive
                0x0000000000034486                simButtonIsDown
                0x0000000000034487                simButtonChanged
 COMMON         0x0000000000034488        0x1 obj_cooja/mtype987.a(leds-arch.o)
                0x0000000000034488                simLedsValue
 *fill*         0x0000000000034489        0x3 
 COMMON         0x000000000003448c        0xc obj_cooja/mtype987.a(moteid.o)
                0x000000000003448c                simRandomSeed
                0x0000000000034490                simMoteIDChanged
                0x0000000000034494                simMoteID
 COMMON         0x0000000000034498        0x2 obj_cooja/mtype987.a(pir-sensor.o)
                0x0000000000034498                simPirIsActive
                0x0000000000034499                simPirChanged
 *fill*         0x000000000003449a        0x6 
 COMMON         0x00000000000344a0      0x820 obj_cooja/mtype987.a(rs232.o)
                0x00000000000344a0                simSerialReceivingFlag
                0x00000000000344a4                simSerialReceivingLength
                0x00000000000344c0                simSerialReceivingData
 COMMON         0x0000000000034cc0        0x2 obj_cooja/mtype987.a(vib-sensor.o)
                0x0000000000034cc0                simVibChanged
                0x0000000000034cc1                simVibIsActive
 *fill*         0x0000000000034cc2        0x2 
 COMMON         0x0000000000034cc4        0x4 obj_cooja/mtype987.a(clock.o)
                0x0000000000034cc4                simCurrentTime
 *fill*         0x0000000000034cc8       0x18 
 COMMON         0x0000000000034ce0      0x420 obj_cooja/mtype987.a(log.o)
                0x0000000000034ce0                simLoggedLength
                0x0000000000034ce4                simLoggedFlag
                0x0000000000034d00                simLoggedData
 COMMON         0x0000000000035100      0x240 obj_cooja/mtype987.a(cooja-radio.o)
                0x0000000000035100                simOutDataBuffer
                0x0000000000035180                simRadioTarget
                0x00000000000351a0                simInDataBufferLR
                0x0000000000035220                simOutDataBufferLR
                0x00000000000352a0                dual_duty_cycle_count
                0x00000000000352c0                simInDataBuffer
 COMMON         0x0000000000035340      0x400 obj_cooja/mtype987.a(eeprom.o)
                0x0000000000035340                simEEPROMData
 COMMON         0x0000000000035740        0x1 obj_cooja/mtype987.a(sensors.o)
                0x0000000000035740                sensors_event
 *fill*         0x0000000000035741        0x3 
 COMMON         0x0000000000035744        0x4 obj_cooja/mtype987.a(log_message.o)
                0x0000000000035744                log_fp
 COMMON         0x0000000000035748        0x1 obj_cooja/mtype987.a(serial-line.o)
                0x0000000000035748                serial_line_event_message
 *fill*         0x0000000000035749       0x17 
 COMMON         0x0000000000035760       0x50 obj_cooja/mtype987.a(uip-ds6-nbr.o)
                0x0000000000035760                ds6_lr_addrmap
 *fill*         0x00000000000357b0       0x10 
 COMMON         0x00000000000357c0      0x298 obj_cooja/mtype987.a(uip-ds6.o)
                0x00000000000357c0                uip_ds6_prefix_list
                0x0000000000035820                uip_ds6_timer_periodic
                0x0000000000035830                uip_ds6_netif_addr_list_offset
                0x0000000000035840                uip_ds6_if
                0x0000000000035938                uip_ds6_timer_ra
                0x0000000000035940                uip_ds6_addr_size
                0x0000000000035960                long_uip_ds6_if
 *fill*         0x0000000000035a58        0x8 
 COMMON         0x0000000000035a60      0x8ec obj_cooja/mtype987.a(uip6.o)
                0x0000000000035a60                uip_slen
                0x0000000000035a62                uip_acc32
                0x0000000000035a80                uip_conns
                0x0000000000035b40                uip_lladdr
                0x0000000000035b48                uip_appdata
                0x0000000000035b4c                uip_flags
                0x0000000000035b60                uip_aligned_buf
                0x00000000000361a0                uip_listenports
                0x00000000000361b0                uip_len
                0x00000000000361b2                uip_long_lladdr
                0x00000000000361bc                uip_sappdata
                0x00000000000361c0                uip_udp_conns
                0x0000000000036340                uip_udp_conn
                0x0000000000036344                uip_next_hdr
                0x0000000000036348                uip_conn
 COMMON         0x000000000003634c        0x1 obj_cooja/mtype987.a(tcpip.o)
                0x000000000003634c                tcpip_event
 *fill*         0x000000000003634d       0x13 
 COMMON         0x0000000000036360      0x198 obj_cooja/mtype987.a(rpl-dag.o)
                0x0000000000036360                default_instance
                0x0000000000036380                instance_table
 COMMON         0x00000000000364f8       0x10 obj_cooja/mtype987.a(linkaddr.o)
                0x00000000000364f8                linkaddr_node_addr
                0x0000000000036500                long_linkaddr_node_addr
 COMMON         0x0000000000036508       0x2e obj_cooja/mtype987.a(packetbuf.o)
                0x0000000000036508                packetbuf_attrs
                0x0000000000036526                packetbuf_addrs
 *fill*         0x0000000000036536        0xa 
 COMMON         0x0000000000036540       0x48 obj_cooja/mtype987.a(rimestats.o)
                0x0000000000036540                rimestats
                0x0000000000036588                . = ALIGN ((. != 0x0)?0x4:0x1)
                0x0000000000036588                . = ALIGN (0x4)
                0x0000000000036588                . = SEGMENT_START ("ldata-segment", .)
                0x0000000000036588                . = ALIGN (0x4)
                0x0000000000036588                _end = .
                0x0000000000036588                PROVIDE (end, .)
                0x0000000000036588                . = DATA_SEGMENT_END (.)

.stab
 *(.stab)

.stabstr
 *(.stabstr)

.stab.excl
 *(.stab.excl)

.stab.exclstr
 *(.stab.exclstr)

.stab.index
 *(.stab.index)

.stab.indexstr
 *(.stab.indexstr)

.comment        0x0000000000000000       0x29
 *(.comment)
 .comment       0x0000000000000000       0x29 /usr/lib/gcc/i686-linux-gnu/4.8/crtbeginS.o
                                         0x2a (size before relaxing)
 .comment       0x0000000000000000       0x2a udp-client.co
 .comment       0x0000000000000000       0x2a obj_cooja/mtype987.o
 .comment       0x0000000000000000       0x2a obj_cooja/mtype987.a(simEnvChange.o)
 .comment       0x0000000000000000       0x2a obj_cooja/mtype987.a(cooja_mt.o)
 .comment       0x0000000000000000       0x2a obj_cooja/mtype987.a(cooja_mtarch.o)
 .comment       0x0000000000000000       0x2a obj_cooja/mtype987.a(rtimer-arch.o)
 .comment       0x0000000000000000       0x2a obj_cooja/mtype987.a(beep.o)
 .comment       0x0000000000000000       0x2a obj_cooja/mtype987.a(button-sensor.o)
 .comment       0x0000000000000000       0x2a obj_cooja/mtype987.a(leds-arch.o)
 .comment       0x0000000000000000       0x2a obj_cooja/mtype987.a(moteid.o)
 .comment       0x0000000000000000       0x2a obj_cooja/mtype987.a(pir-sensor.o)
 .comment       0x0000000000000000       0x2a obj_cooja/mtype987.a(rs232.o)
 .comment       0x0000000000000000       0x2a obj_cooja/mtype987.a(vib-sensor.o)
 .comment       0x0000000000000000       0x2a obj_cooja/mtype987.a(clock.o)
 .comment       0x0000000000000000       0x2a obj_cooja/mtype987.a(log.o)
 .comment       0x0000000000000000       0x2a obj_cooja/mtype987.a(cfs-cooja.o)
 .comment       0x0000000000000000       0x2a obj_cooja/mtype987.a(cooja-radio.o)
 .comment       0x0000000000000000       0x2a obj_cooja/mtype987.a(eeprom.o)
 .comment       0x0000000000000000       0x2a obj_cooja/mtype987.a(random.o)
 .comment       0x0000000000000000       0x2a obj_cooja/mtype987.a(sensors.o)
 .comment       0x0000000000000000       0x2a obj_cooja/mtype987.a(dual_conf.o)
 .comment       0x0000000000000000       0x2a obj_cooja/mtype987.a(autostart.o)
 .comment       0x0000000000000000       0x2a obj_cooja/mtype987.a(ctimer.o)
 .comment       0x0000000000000000       0x2a obj_cooja/mtype987.a(etimer.o)
 .comment       0x0000000000000000       0x2a obj_cooja/mtype987.a(log_message.o)
 .comment       0x0000000000000000       0x2a obj_cooja/mtype987.a(process.o)
 .comment       0x0000000000000000       0x2a obj_cooja/mtype987.a(residual.o)
 .comment       0x0000000000000000       0x2a obj_cooja/mtype987.a(rtimer.o)
 .comment       0x0000000000000000       0x2a obj_cooja/mtype987.a(stimer.o)
 .comment       0x0000000000000000       0x2a obj_cooja/mtype987.a(timer.o)
 .comment       0x0000000000000000       0x2a obj_cooja/mtype987.a(serial-line.o)
 .comment       0x0000000000000000       0x2a obj_cooja/mtype987.a(list.o)
 .comment       0x0000000000000000       0x2a obj_cooja/mtype987.a(ringbuf.o)
 .comment       0x0000000000000000       0x2a obj_cooja/mtype987.a(sicslowpan.o)
 .comment       0x0000000000000000       0x2a obj_cooja/mtype987.a(uip-ds6-nbr.o)
 .comment       0x0000000000000000       0x2a obj_cooja/mtype987.a(uip-ds6-route.o)
 .comment       0x0000000000000000       0x2a obj_cooja/mtype987.a(uip-ds6.o)
 .comment       0x0000000000000000       0x2a obj_cooja/mtype987.a(uip6.o)
 .comment       0x0000000000000000       0x2a obj_cooja/mtype987.a(tcpip.o)
 .comment       0x0000000000000000       0x2a obj_cooja/mtype987.a(uip-debug.o)
 .comment       0x0000000000000000       0x2a obj_cooja/mtype987.a(uip-packetqueue)
 .comment       0x0000000000000000       0x2a obj_cooja/mtype987.a(uip-udp-packet.)
 .comment       0x0000000000000000       0x2a obj_cooja/mtype987.a(rpl-dag.o)
 .comment       0x0000000000000000       0x2a obj_cooja/mtype987.a(rpl-ext-header.)
 .comment       0x0000000000000000       0x2a obj_cooja/mtype987.a(rpl-icmp6.o)
 .comment       0x0000000000000000       0x2a obj_cooja/mtype987.a(rpl-ltmax.o)
 .comment       0x0000000000000000       0x2a obj_cooja/mtype987.a(rpl-timers.o)
 .comment       0x0000000000000000       0x2a obj_cooja/mtype987.a(rpl.o)
 .comment       0x0000000000000000       0x2a obj_cooja/mtype987.a(framer-802154.o)
 .comment       0x0000000000000000       0x2a obj_cooja/mtype987.a(nullmac.o)
 .comment       0x0000000000000000       0x2a obj_cooja/mtype987.a(cxmac.o)
 .comment       0x0000000000000000       0x2a obj_cooja/mtype987.a(linkaddr.o)
 .comment       0x0000000000000000       0x2a obj_cooja/mtype987.a(nbr-table.o)
 .comment       0x0000000000000000       0x2a obj_cooja/mtype987.a(netstack.o)
 .comment       0x0000000000000000       0x2a obj_cooja/mtype987.a(packetbuf.o)
 .comment       0x0000000000000000       0x2a obj_cooja/mtype987.a(queuebuf.o)
 .comment       0x0000000000000000       0x2a obj_cooja/mtype987.a(nullsec.o)
 .comment       0x0000000000000000       0x2a obj_cooja/mtype987.a(watchdog.o)
 .comment       0x0000000000000000       0x2a obj_cooja/mtype987.a(rimestats.o)
 .comment       0x0000000000000000       0x2a obj_cooja/mtype987.a(memb.o)
 .comment       0x0000000000000000       0x2a obj_cooja/mtype987.a(uip-icmp6.o)
 .comment       0x0000000000000000       0x2a obj_cooja/mtype987.a(uip-nd6.o)
 .comment       0x0000000000000000       0x2a obj_cooja/mtype987.a(rpl-nbr-policy.)
 .comment       0x0000000000000000       0x2a obj_cooja/mtype987.a(frame802154.o)
 .comment       0x0000000000000000       0x2a obj_cooja/mtype987.a(mac.o)
 .comment       0x0000000000000000       0x2a /usr/lib/gcc/i686-linux-gnu/4.8/crtendS.o

.debug
 *(.debug)

.line
 *(.line)

.debug_srcinfo
 *(.debug_srcinfo)

.debug_sfnames
 *(.debug_sfnames)

.debug_aranges  0x0000000000000000      0x818
 *(.debug_aranges)
 .debug_aranges
                0x0000000000000000       0x20 udp-client.co
 .debug_aranges
                0x0000000000000020       0x20 obj_cooja/mtype987.o
 .debug_aranges
                0x0000000000000040       0x20 obj_cooja/mtype987.a(simEnvChange.o)
 .debug_aranges
                0x0000000000000060       0x20 obj_cooja/mtype987.a(cooja_mt.o)
 .debug_aranges
                0x0000000000000080       0x20 obj_cooja/mtype987.a(cooja_mtarch.o)
 .debug_aranges
                0x00000000000000a0       0x20 obj_cooja/mtype987.a(rtimer-arch.o)
 .debug_aranges
                0x00000000000000c0       0x20 obj_cooja/mtype987.a(beep.o)
 .debug_aranges
                0x00000000000000e0       0x20 obj_cooja/mtype987.a(button-sensor.o)
 .debug_aranges
                0x0000000000000100       0x20 obj_cooja/mtype987.a(leds-arch.o)
 .debug_aranges
                0x0000000000000120       0x20 obj_cooja/mtype987.a(moteid.o)
 .debug_aranges
                0x0000000000000140       0x20 obj_cooja/mtype987.a(pir-sensor.o)
 .debug_aranges
                0x0000000000000160       0x20 obj_cooja/mtype987.a(rs232.o)
 .debug_aranges
                0x0000000000000180       0x20 obj_cooja/mtype987.a(vib-sensor.o)
 .debug_aranges
                0x00000000000001a0       0x20 obj_cooja/mtype987.a(clock.o)
 .debug_aranges
                0x00000000000001c0       0x20 obj_cooja/mtype987.a(log.o)
 .debug_aranges
                0x00000000000001e0       0x20 obj_cooja/mtype987.a(cfs-cooja.o)
 .debug_aranges
                0x0000000000000200       0x20 obj_cooja/mtype987.a(cooja-radio.o)
 .debug_aranges
                0x0000000000000220       0x20 obj_cooja/mtype987.a(eeprom.o)
 .debug_aranges
                0x0000000000000240       0x20 obj_cooja/mtype987.a(random.o)
 .debug_aranges
                0x0000000000000260       0x20 obj_cooja/mtype987.a(sensors.o)
 .debug_aranges
                0x0000000000000280       0x20 obj_cooja/mtype987.a(dual_conf.o)
 .debug_aranges
                0x00000000000002a0       0x20 obj_cooja/mtype987.a(autostart.o)
 .debug_aranges
                0x00000000000002c0       0x20 obj_cooja/mtype987.a(ctimer.o)
 .debug_aranges
                0x00000000000002e0       0x20 obj_cooja/mtype987.a(etimer.o)
 .debug_aranges
                0x0000000000000300       0x20 obj_cooja/mtype987.a(log_message.o)
 .debug_aranges
                0x0000000000000320       0x20 obj_cooja/mtype987.a(process.o)
 .debug_aranges
                0x0000000000000340       0x20 obj_cooja/mtype987.a(residual.o)
 .debug_aranges
                0x0000000000000360       0x20 obj_cooja/mtype987.a(rtimer.o)
 .debug_aranges
                0x0000000000000380       0x20 obj_cooja/mtype987.a(stimer.o)
 .debug_aranges
                0x00000000000003a0       0x20 obj_cooja/mtype987.a(timer.o)
 .debug_aranges
                0x00000000000003c0       0x20 obj_cooja/mtype987.a(serial-line.o)
 .debug_aranges
                0x00000000000003e0       0x20 obj_cooja/mtype987.a(list.o)
 .debug_aranges
                0x0000000000000400       0x20 obj_cooja/mtype987.a(ringbuf.o)
 .debug_aranges
                0x0000000000000420       0x20 obj_cooja/mtype987.a(sicslowpan.o)
 .debug_aranges
                0x0000000000000440       0x20 obj_cooja/mtype987.a(uip-ds6-nbr.o)
 .debug_aranges
                0x0000000000000460       0x20 obj_cooja/mtype987.a(uip-ds6-route.o)
 .debug_aranges
                0x0000000000000480       0x20 obj_cooja/mtype987.a(uip-ds6.o)
 .debug_aranges
                0x00000000000004a0       0x20 obj_cooja/mtype987.a(uip6.o)
 .debug_aranges
                0x00000000000004c0       0x20 obj_cooja/mtype987.a(tcpip.o)
 .debug_aranges
                0x00000000000004e0       0x20 obj_cooja/mtype987.a(uip-debug.o)
 .debug_aranges
                0x0000000000000500       0x20 obj_cooja/mtype987.a(uip-packetqueue)
 .debug_aranges
                0x0000000000000520       0x20 obj_cooja/mtype987.a(uip-udp-packet.)
 .debug_aranges
                0x0000000000000540       0x20 obj_cooja/mtype987.a(rpl-dag.o)
 .debug_aranges
                0x0000000000000560       0x20 obj_cooja/mtype987.a(rpl-ext-header.)
 .debug_aranges
                0x0000000000000580       0x20 obj_cooja/mtype987.a(rpl-icmp6.o)
 .debug_aranges
                0x00000000000005a0       0x20 obj_cooja/mtype987.a(rpl-ltmax.o)
 .debug_aranges
                0x00000000000005c0       0x20 obj_cooja/mtype987.a(rpl-timers.o)
 .debug_aranges
                0x00000000000005e0       0x20 obj_cooja/mtype987.a(rpl.o)
 .debug_aranges
                0x0000000000000600       0x20 obj_cooja/mtype987.a(framer-802154.o)
 .debug_aranges
                0x0000000000000620       0x20 obj_cooja/mtype987.a(nullmac.o)
 .debug_aranges
                0x0000000000000640       0x20 obj_cooja/mtype987.a(cxmac.o)
 .debug_aranges
                0x0000000000000660       0x20 obj_cooja/mtype987.a(linkaddr.o)
 .debug_aranges
                0x0000000000000680       0x20 obj_cooja/mtype987.a(nbr-table.o)
 .debug_aranges
                0x00000000000006a0       0x20 obj_cooja/mtype987.a(netstack.o)
 .debug_aranges
                0x00000000000006c0       0x20 obj_cooja/mtype987.a(packetbuf.o)
 .debug_aranges
                0x00000000000006e0       0x20 obj_cooja/mtype987.a(queuebuf.o)
 .debug_aranges
                0x0000000000000700       0x20 obj_cooja/mtype987.a(nullsec.o)
 .debug_aranges
                0x0000000000000720       0x20 obj_cooja/mtype987.a(watchdog.o)
 .debug_aranges
                0x0000000000000740       0x18 obj_cooja/mtype987.a(rimestats.o)
 .debug_aranges
                0x0000000000000758       0x20 obj_cooja/mtype987.a(memb.o)
 .debug_aranges
                0x0000000000000778       0x20 obj_cooja/mtype987.a(uip-icmp6.o)
 .debug_aranges
                0x0000000000000798       0x20 obj_cooja/mtype987.a(uip-nd6.o)
 .debug_aranges
                0x00000000000007b8       0x20 obj_cooja/mtype987.a(rpl-nbr-policy.)
 .debug_aranges
                0x00000000000007d8       0x20 obj_cooja/mtype987.a(frame802154.o)
 .debug_aranges
                0x00000000000007f8       0x20 obj_cooja/mtype987.a(mac.o)

.debug_pubnames
 *(.debug_pubnames)

.debug_info     0x0000000000000000    0x1cca8
 *(.debug_info .gnu.linkonce.wi.*)
 .debug_info    0x0000000000000000      0xa22 udp-client.co
 .debug_info    0x0000000000000a22     0x3ac4 obj_cooja/mtype987.o
 .debug_info    0x00000000000044e6      0x15a obj_cooja/mtype987.a(simEnvChange.o)
 .debug_info    0x0000000000004640      0x1e2 obj_cooja/mtype987.a(cooja_mt.o)
 .debug_info    0x0000000000004822      0x2e7 obj_cooja/mtype987.a(cooja_mtarch.o)
 .debug_info    0x0000000000004b09      0x16b obj_cooja/mtype987.a(rtimer-arch.o)
 .debug_info    0x0000000000004c74      0x1f3 obj_cooja/mtype987.a(beep.o)
 .debug_info    0x0000000000004e67      0x257 obj_cooja/mtype987.a(button-sensor.o)
 .debug_info    0x00000000000050be      0x132 obj_cooja/mtype987.a(leds-arch.o)
 .debug_info    0x00000000000051f0      0x10a obj_cooja/mtype987.a(moteid.o)
 .debug_info    0x00000000000052fa      0x216 obj_cooja/mtype987.a(pir-sensor.o)
 .debug_info    0x0000000000005510      0x21e obj_cooja/mtype987.a(rs232.o)
 .debug_info    0x000000000000572e      0x216 obj_cooja/mtype987.a(vib-sensor.o)
 .debug_info    0x0000000000005944      0x152 obj_cooja/mtype987.a(clock.o)
 .debug_info    0x0000000000005a96      0x2bb obj_cooja/mtype987.a(log.o)
 .debug_info    0x0000000000005d51      0x3cf obj_cooja/mtype987.a(cfs-cooja.o)
 .debug_info    0x0000000000006120      0xd30 obj_cooja/mtype987.a(cooja-radio.o)
 .debug_info    0x0000000000006e50      0x1d5 obj_cooja/mtype987.a(eeprom.o)
 .debug_info    0x0000000000007025       0xb3 obj_cooja/mtype987.a(random.o)
 .debug_info    0x00000000000070d8      0x36d obj_cooja/mtype987.a(sensors.o)
 .debug_info    0x0000000000007445      0xc68 obj_cooja/mtype987.a(dual_conf.o)
 .debug_info    0x00000000000080ad      0x1a5 obj_cooja/mtype987.a(autostart.o)
 .debug_info    0x0000000000008252      0x46c obj_cooja/mtype987.a(ctimer.o)
 .debug_info    0x00000000000086be      0x49c obj_cooja/mtype987.a(etimer.o)
 .debug_info    0x0000000000008b5a      0x3d2 obj_cooja/mtype987.a(log_message.o)
 .debug_info    0x0000000000008f2c      0x4ba obj_cooja/mtype987.a(process.o)