Archive member included to satisfy reference by file (symbol)

obj_cooja/mtype278.a(simEnvChange.o)
                              obj_cooja/mtype278.o (simDontFallAsleep)
obj_cooja/mtype278.a(cooja_mt.o)
                              obj_cooja/mtype278.o (cooja_mt_start)
obj_cooja/mtype278.a(cooja_mtarch.o)
                              obj_cooja/mtype278.a(cooja_mt.o) (cooja_mtarch_init)
obj_cooja/mtype278.a(rtimer-arch.o)
                              obj_cooja/mtype278.o (rtimer_arch_next)
obj_cooja/mtype278.a(beep.o)  obj_cooja/mtype278.o (beep_interface)
obj_cooja/mtype278.a(button-sensor.o)
                              obj_cooja/mtype278.o (button_interface)
obj_cooja/mtype278.a(leds-arch.o)
                              obj_cooja/mtype278.o (leds_interface)
obj_cooja/mtype278.a(moteid.o)
                              obj_cooja/mtype278.o (moteid_interface)
obj_cooja/mtype278.a(pir-sensor.o)
                              obj_cooja/mtype278.o (pir_interface)
obj_cooja/mtype278.a(rs232.o)
                              obj_cooja/mtype278.o (rs232_interface)
obj_cooja/mtype278.a(vib-sensor.o)
                              obj_cooja/mtype278.o (vib_interface)
obj_cooja/mtype278.a(clock.o)
                              obj_cooja/mtype278.o (clock_interface)
obj_cooja/mtype278.a(log.o)   obj_cooja/mtype278.o (simlog_interface)
obj_cooja/mtype278.a(cfs-cooja.o)
                              obj_cooja/mtype278.o (cfs_interface)
obj_cooja/mtype278.a(cooja-radio.o)
                              obj_cooja/mtype278.o (radio_interface)
obj_cooja/mtype278.a(eeprom.o)
                              obj_cooja/mtype278.o (eeprom_interface)
obj_cooja/mtype278.a(random.o)
                              obj_cooja/mtype278.a(moteid.o) (random_init)
obj_cooja/mtype278.a(sensors.o)
                              udp-server.co (sensors_event)
obj_cooja/mtype278.a(leds.o)  obj_cooja/mtype278.a(cooja-radio.o) (leds_on)
obj_cooja/mtype278.a(dual_conf.o)
                              obj_cooja/mtype278.a(cooja-radio.o) (long_range_radio)
obj_cooja/mtype278.a(autostart.o)
                              obj_cooja/mtype278.o (autostart_start)
obj_cooja/mtype278.a(ctimer.o)
                              obj_cooja/mtype278.o (ctimer_init)
obj_cooja/mtype278.a(etimer.o)
                              obj_cooja/mtype278.o (etimer_process)
obj_cooja/mtype278.a(log_message.o)
                              obj_cooja/mtype278.o (log_initialization)
obj_cooja/mtype278.a(process.o)
                              udp-server.co (process_current)
obj_cooja/mtype278.a(residual.o)
                              obj_cooja/mtype278.o (get_residual_energy)
obj_cooja/mtype278.a(rtimer.o)
                              obj_cooja/mtype278.a(rtimer-arch.o) (rtimer_run_next)
obj_cooja/mtype278.a(timer.o)
                              obj_cooja/mtype278.a(button-sensor.o) (timer_set)
obj_cooja/mtype278.a(serial-line.o)
                              obj_cooja/mtype278.a(rs232.o) (serial_line_input_byte)
obj_cooja/mtype278.a(list.o)  obj_cooja/mtype278.a(ctimer.o) (list_init)
obj_cooja/mtype278.a(ringbuf.o)
                              obj_cooja/mtype278.a(serial-line.o) (ringbuf_init)
obj_cooja/mtype278.a(sicslowpan.o)
                              obj_cooja/mtype278.o (sicslowpan_driver)
obj_cooja/mtype278.a(uip-ds6-nbr.o)
                              obj_cooja/mtype278.a(sicslowpan.o) (uip_ds6_link_neighbor_callback)
obj_cooja/mtype278.a(uip-ds6.o)
                              udp-server.co (uip_ds6_if)
obj_cooja/mtype278.a(uip6.o)  obj_cooja/mtype278.o (uip_lladdr)
obj_cooja/mtype278.a(tcpip.o)
                              udp-server.co (tcpip_event)
obj_cooja/mtype278.a(uip-debug.o)
                              udp-server.co (uip_debug_ipaddr_print)
obj_cooja/mtype278.a(uip-packetqueue)
                              obj_cooja/mtype278.a(uip-ds6-nbr.o) (uip_packetqueue_new)
obj_cooja/mtype278.a(rpl-dag.o)
                              udp-server.co (rpl_set_root)
obj_cooja/mtype278.a(rpl-ext-header.)
                              obj_cooja/mtype278.a(uip6.o) (rpl_verify_header)
obj_cooja/mtype278.a(rpl-icmp6.o)
                              obj_cooja/mtype278.a(rpl-dag.o) (rpl_icmp6_update_nbr_table)
obj_cooja/mtype278.a(rpl-ltmax.o)
                              obj_cooja/mtype278.a(rpl-dag.o) (rpl_ltmax_of)
obj_cooja/mtype278.a(rpl-timers.o)
                              obj_cooja/mtype278.a(rpl-icmp6.o) (rpl_LSA_convergence_timer)
obj_cooja/mtype278.a(rpl.o)   obj_cooja/mtype278.a(rpl-icmp6.o) (rpl_get_mode)
obj_cooja/mtype278.a(framer-802154.o)
                              obj_cooja/mtype278.a(sicslowpan.o) (framer_802154)
obj_cooja/mtype278.a(nullmac.o)
                              udp-server.co (nullmac_driver)
obj_cooja/mtype278.a(cxmac.o)
                              obj_cooja/mtype278.o (cxmac_driver)
obj_cooja/mtype278.a(linkaddr.o)
                              obj_cooja/mtype278.o (linkaddr_node_addr)
obj_cooja/mtype278.a(nbr-table.o)
[...]
Memory Configuration

Name             Origin             Length             Attributes
*default*        0x0000000000000000 0xffffffffffffffff

Linker script and memory map

LOAD /usr/lib/gcc/i686-linux-gnu/4.8/../../../i386-linux-gnu/crti.o
LOAD /usr/lib/gcc/i686-linux-gnu/4.8/crtbeginS.o
LOAD udp-server.co
LOAD obj_cooja/mtype278.o
LOAD obj_cooja/mtype278.a
LOAD /usr/lib/gcc/i686-linux-gnu/4.8/libgcc.a
LOAD /usr/lib/gcc/i686-linux-gnu/4.8/libgcc_s.so
LOAD /usr/lib/gcc/i686-linux-gnu/4.8/../../../i386-linux-gnu/libc.so
START GROUP
LOAD /lib/i386-linux-gnu/libc.so.6
LOAD /usr/lib/i386-linux-gnu/libc_nonshared.a
LOAD /lib/i386-linux-gnu/ld-linux.so.2
END GROUP
LOAD /usr/lib/gcc/i686-linux-gnu/4.8/libgcc.a
LOAD /usr/lib/gcc/i686-linux-gnu/4.8/libgcc_s.so
LOAD /usr/lib/gcc/i686-linux-gnu/4.8/crtendS.o
LOAD /usr/lib/gcc/i686-linux-gnu/4.8/../../../i386-linux-gnu/crtn.o
                0x0000000000000114                . = (0x0 + SIZEOF_HEADERS)

.note.gnu.build-id
                0x0000000000000114       0x24
 *(.note.gnu.build-id)
 .note.gnu.build-id
                0x0000000000000114       0x24 /usr/lib/gcc/i686-linux-gnu/4.8/../../../i386-linux-gnu/crti.o

.hash
 *(.hash)

.gnu.hash       0x0000000000000138     0x1388
 *(.gnu.hash)
 .gnu.hash      0x0000000000000138     0x1388 /usr/lib/gcc/i686-linux-gnu/4.8/../../../i386-linux-gnu/crti.o

.dynsym         0x00000000000014c0     0x2680
 *(.dynsym)
 .dynsym        0x00000000000014c0     0x2680 /usr/lib/gcc/i686-linux-gnu/4.8/../../../i386-linux-gnu/crti.o

.dynstr         0x0000000000003b40     0x279c
 *(.dynstr)
 .dynstr        0x0000000000003b40     0x279c /usr/lib/gcc/i686-linux-gnu/4.8/../../../i386-linux-gnu/crti.o

.gnu.version    0x00000000000062dc      0x4d0
 *(.gnu.version)
 .gnu.version   0x00000000000062dc      0x4d0 /usr/lib/gcc/i686-linux-gnu/4.8/../../../i386-linux-gnu/crti.o

.gnu.version_d  0x00000000000067ac        0x0
 *(.gnu.version_d)
 .gnu.version_d
                0x0000000000000000        0x0 /usr/lib/gcc/i686-linux-gnu/4.8/../../../i386-linux-gnu/crti.o

.gnu.version_r  0x00000000000067ac       0x50
 *(.gnu.version_r)
 .gnu.version_r
                0x00000000000067ac       0x50 /usr/lib/gcc/i686-linux-gnu/4.8/../../../i386-linux-gnu/crti.o

.rel.dyn        0x00000000000067fc     0x9478
 *(.rel.init)
 .rel.init      0x0000000000000000        0x0 /usr/lib/gcc/i686-linux-gnu/4.8/../../../i386-linux-gnu/crti.o
 *(.rel.text .rel.text.* .rel.gnu.linkonce.t.*)
 .rel.text      0x00000000000067fc     0x8cc0 /usr/lib/gcc/i686-linux-gnu/4.8/../../../i386-linux-gnu/crti.o
 *(.rel.fini)
 .rel.fini      0x0000000000000000        0x0 /usr/lib/gcc/i686-linux-gnu/4.8/../../../i386-linux-gnu/crti.o
 *(.rel.rodata .rel.rodata.* .rel.gnu.linkonce.r.*)
 .rel.rodata    0x000000000000f4bc      0x4e0 /usr/lib/gcc/i686-linux-gnu/4.8/../../../i386-linux-gnu/crti.o
 *(.rel.data.rel.ro .rel.data.rel.ro.* .rel.gnu.linkonce.d.rel.ro.*)
 *(.rel.data .rel.data.* .rel.gnu.linkonce.d.*)
 .rel.data.rel  0x000000000000f99c        0x8 /usr/lib/gcc/i686-linux-gnu/4.8/../../../i386-linux-gnu/crti.o
 .rel.data      0x000000000000f9a4      0x298 /usr/lib/gcc/i686-linux-gnu/4.8/../../../i386-linux-gnu/crti.o
 *(.rel.tdata .rel.tdata.* .rel.gnu.linkonce.td.*)
 *(.rel.tbss .rel.tbss.* .rel.gnu.linkonce.tb.*)
 *(.rel.ctors)
 *(.rel.dtors)
 *(.rel.got)
 .rel.got       0x000000000000fc3c       0x28 /usr/lib/gcc/i686-linux-gnu/4.8/../../../i386-linux-gnu/crti.o
 *(.rel.bss .rel.bss.* .rel.gnu.linkonce.b.*)
 *(.rel.ifunc)
 .rel.ifunc     0x0000000000000000        0x0 /usr/lib/gcc/i686-linux-gnu/4.8/../../../i386-linux-gnu/crti.o
 .rel.fini_array
                0x000000000000fc64        0x8 /usr/lib/gcc/i686-linux-gnu/4.8/../../../i386-linux-gnu/crti.o
 .rel.init_array
                0x000000000000fc6c        0x8 /usr/lib/gcc/i686-linux-gnu/4.8/../../../i386-linux-gnu/crti.o

.rel.plt        0x000000000000fc74       0x10
 *(.rel.plt)
 .rel.plt       0x000000000000fc74       0x10 /usr/lib/gcc/i686-linux-gnu/4.8/../../../i386-linux-gnu/crti.o
 *(.rel.iplt)

.init           0x000000000000fc84       0x23
 *(SORT(.init))
 .init          0x000000000000fc84       0x1e /usr/lib/gcc/i686-linux-gnu/4.8/../../../i386-linux-gnu/crti.o
                0x000000000000fc84                _init
 .init          0x000000000000fca2        0x5 /usr/lib/gcc/i686-linux-gnu/4.8/../../../i386-linux-gnu/crtn.o

.plt            0x000000000000fcb0       0x30
 *(.plt)
 .plt           0x000000000000fcb0       0x30 /usr/lib/gcc/i686-linux-gnu/4.8/../../../i386-linux-gnu/crti.o
 *(.iplt)

.text           0x000000000000fce0    0x16bd5
 *(.text.unlikely .text.*_unlikely .text.unlikely.*)
 *(.text.exit .text.exit.*)
 *(.text.startup .text.startup.*)
 *(.text.hot .text.hot.*)
 *(.text .stub .text.* .gnu.linkonce.t.*)
 .text          0x000000000000fce0        0x0 /usr/lib/gcc/i686-linux-gnu/4.8/../../../i386-linux-gnu/crti.o
 .gnu.linkonce.t.__x86.get_pc_thunk.bx
                0x000000000000fce0        0x4 /usr/lib/gcc/i686-linux-gnu/4.8/../../../i386-linux-gnu/crti.o
                0x000000000000fce0                __x86.get_pc_thunk.bx
 *fill*         0x000000000000fce4        0xc 
 .text          0x000000000000fcf0      0x11b /usr/lib/gcc/i686-linux-gnu/4.8/crtbeginS.o
 .text          0x000000000000fe0b      0x3ce udp-server.co
 .text          0x00000000000101d9      0x96a obj_cooja/mtype278.o
                0x0000000000010387                contiki_init
                0x000000000001095a                Java_org_contikios_cooja_corecomm_Lib39_init
                0x000000000001099a                Java_org_contikios_cooja_corecomm_Lib39_getMemory
                0x00000000000109da                Java_org_contikios_cooja_corecomm_Lib39_setMemory
                0x0000000000010a51                Java_org_contikios_cooja_corecomm_Lib39_tick
                0x0000000000010b31                Java_org_contikios_cooja_corecomm_Lib39_setReferenceAddress
 .text          0x0000000000010b43       0x63 obj_cooja/mtype278.a(simEnvChange.o)
                0x0000000000010b43                doActionsBeforeTick
                0x0000000000010b74                doActionsAfterTick
 .text          0x0000000000010ba6       0xbc obj_cooja/mtype278.a(cooja_mt.o)
                0x0000000000010ba6                cooja_mt_init
                0x0000000000010bb3                cooja_mt_remove
                0x0000000000010bc0                cooja_mt_start
                0x0000000000010bed                cooja_mt_exec
                0x0000000000010c1e                cooja_mt_exit
                0x0000000000010c40                cooja_mt_yield
 .text          0x0000000000010c62      0x115 obj_cooja/mtype278.a(cooja_mtarch.o)
                0x0000000000010c62                cooja_mtarch_init
                0x0000000000010c67                cooja_mtarch_start
                0x0000000000010ce2                cooja_sw
                0x0000000000010d04                cooja_mtarch_exec
                0x0000000000010d20                cooja_mtarch_remove
                0x0000000000010d25                cooja_mtarch_yield
                0x0000000000010d2f                cooja_mtarch_pstop
                0x0000000000010d34                cooja_mtarch_pstart
                0x0000000000010d39                cooja_mtarch_stack_usage
 .text          0x0000000000010d77       0xc2 obj_cooja/mtype278.a(rtimer-arch.o)
                0x0000000000010d77                rtimer_arch_init
                0x0000000000010d9a                rtimer_arch_schedule
                0x0000000000010db1                rtimer_arch_next
                0x0000000000010dbb                rtimer_arch_pending
                0x0000000000010dc5                rtimer_arch_check
                0x0000000000010df7                rtimer_arch_now
 .text          0x0000000000010e39       0x76 obj_cooja/mtype278.a(beep.o)
                0x0000000000010e39                beep_alarm
                0x0000000000010e45                beep_beep
                0x0000000000010e51                beep
                0x0000000000010e5d                beep_down
                0x0000000000010e69                beep_on
                0x0000000000010e75                beep_off
                0x0000000000010e81                beep_spinup
                0x0000000000010e8d                beep_quick
                0x0000000000010e99                beep_long
 .text          0x0000000000010eaf      0x103 obj_cooja/mtype278.a(button-sensor.o)
 .text          0x0000000000010fb2       0x45 obj_cooja/mtype278.a(leds-arch.o)
                0x0000000000010fb2                leds_arch_init
                0x0000000000010fbe                leds_arch_get
                0x0000000000010fca                leds_arch_set
 .text          0x0000000000010ff7       0x2f obj_cooja/mtype278.a(moteid.o)
 .text          0x0000000000011026       0xb1 obj_cooja/mtype278.a(pir-sensor.o)
 .text          0x00000000000110d7      0x131 obj_cooja/mtype278.a(rs232.o)
                0x00000000000110d7                rs232_init
                0x00000000000110dc                rs232_set_speed
                0x00000000000110ea                rs232_set_input
                0x00000000000110f7                rs232_send
                0x0000000000011119                rs232_print
                0x0000000000011134                slip_arch_writeb
 .text          0x0000000000011208       0xb1 obj_cooja/mtype278.a(vib-sensor.o)
 .text          0x00000000000112b9       0x34 obj_cooja/mtype278.a(clock.o)
                0x00000000000112b9                clock_init
                0x00000000000112be                clock_time
                0x00000000000112c8                clock_seconds
                0x00000000000112de                clock_delay
 .text          0x00000000000112ed      0x1ed obj_cooja/mtype278.a(log.o)
                0x00000000000112ed                simlog_char
                0x000000000001132f                simlog
                0x000000000001139c                log_message
                0x00000000000113c4                log_set_putchar_with_slip
                0x00000000000113d1                log_putchar
                0x0000000000011455                log_puts
                0x0000000000011479                log_printf
 .text          0x00000000000114da      0x2c4 obj_cooja/mtype278.a(cfs-cooja.o)
                0x00000000000114da                cfs_open
                0x0000000000011543                cfs_close
                0x000000000001154f                cfs_read
                0x00000000000115ed                cfs_write
                0x00000000000116ca                cfs_seek
                0x0000000000011752                cfs_remove
                0x000000000001177b                cfs_opendir
                0x0000000000011785                cfs_readdir
                0x000000000001178f                cfs_closedir
 .text          0x000000000001179e      0x69f obj_cooja/mtype278.a(cooja-radio.o)
                0x00000000000117c8                radio_set_channel
                0x00000000000117dd                radio_set_txpower
                0x00000000000117fd                radio_signal_strength_last
                0x0000000000011807                radio_signal_strength_current
                0x0000000000011811                radio_LQI
 .text          0x0000000000011e3d       0xef obj_cooja/mtype278.a(eeprom.o)
                0x0000000000011e3d                eeprom_init
                0x0000000000011e42                eeprom_read
                0x0000000000011eb2                eeprom_write
 .text          0x0000000000011f2c       0x28 obj_cooja/mtype278.a(random.o)
                0x0000000000011f2c                random_init
                0x0000000000011f47                random_rand
 .text          0x0000000000011f54      0x2a1 obj_cooja/mtype278.a(sensors.o)
                0x0000000000011f8f                sensors_first
                0x0000000000011f99                sensors_next
                0x0000000000011fb6                sensors_changed
                0x0000000000011fe5                sensors_find
 .text          0x00000000000121f5      0x134 obj_cooja/mtype278.a(leds.o)
                0x0000000000012246                leds_init
                0x000000000001225a                leds_blink
                0x0000000000012292                leds_get
                0x000000000001229f                leds_set
                0x00000000000122b9                leds_on
                0x00000000000122dc                leds_off
                0x0000000000012306                leds_toggle
 .text          0x0000000000012329      0x46c obj_cooja/mtype278.a(dual_conf.o)
                0x0000000000012329                dual_radio_switch
                0x0000000000012369                dual_radio_change
                0x00000000000123a3                sending_in_LR
                0x00000000000123ce                dual_radio_received
                0x0000000000012421                radio_received_is_longrange
                0x000000000001243c                dual_radio_turn_on
                0x000000000001245f                dual_radio_turn_off
                0x000000000001271b                dio_broadcast
                0x0000000000012744                dis_broadcast
                0x0000000000012765                LSA_converge_broadcast
 .text          0x0000000000012795       0x8e obj_cooja/mtype278.a(autostart.o)
                0x0000000000012795                autostart_start
                0x00000000000127e0                autostart_exit
 .text          0x0000000000012823      0x334 obj_cooja/mtype278.a(ctimer.o)
                0x000000000001293a                ctimer_init
                0x000000000001296a                ctimer_set
                0x000000000001299b                ctimer_set_with_process
                0x0000000000012a17                ctimer_reset
                0x0000000000012a66                ctimer_restart
                0x0000000000012ab5                ctimer_stop
                0x0000000000012b00                ctimer_expired
 .text          0x0000000000012b57      0x40b obj_cooja/mtype278.a(etimer.o)
                0x0000000000012d6a                etimer_request_poll
                0x0000000000012dee                etimer_set
                0x0000000000012e13                etimer_reset_with_new_interval
                0x0000000000012e3a                etimer_reset
                0x0000000000012e58                etimer_restart
                0x0000000000012e76                etimer_adjust
                0x0000000000012e92                etimer_expired
                0x0000000000012ea5                etimer_expiration_time
                0x0000000000012eb7                etimer_start_time
                0x0000000000012ec1                etimer_pending
                0x0000000000012ed3                etimer_next_expiration_time
                0x0000000000012eed                etimer_stop
 .text          0x0000000000012f62       0xdd obj_cooja/mtype278.a(log_message.o)
                0x0000000000012f62                log_initialization
                0x000000000001301e                log_finisher
 .text          0x000000000001303f      0x560 obj_cooja/mtype278.a(process.o)
                0x000000000001303f                process_alloc_event
                0x0000000000013054                process_start
                0x000000000001323d                process_exit
                0x0000000000013259                process_init
                0x000000000001342a                process_run
                0x000000000001345d                process_nevents
                0x0000000000013478                process_post
                0x0000000000013524                process_post_synch
                0x000000000001355c                process_poll
                0x000000000001358b                process_is_running
 .text          0x000000000001359f       0xd3 obj_cooja/mtype278.a(residual.o)
                0x000000000001359f                get_residual_energy
 .text          0x0000000000013672       0xba obj_cooja/mtype278.a(rtimer.o)
                0x0000000000013672                rtimer_init
                0x000000000001367f                rtimer_set
                0x00000000000136d6                rtimer_run_next
 .text          0x000000000001372c       0x91 obj_cooja/mtype278.a(timer.o)
                0x000000000001372c                timer_set
                0x0000000000013747                timer_reset
                0x000000000001375e                timer_restart
                0x0000000000013770                timer_expired
                0x0000000000013799                timer_remaining
 .text          0x00000000000137bd      0x1fb obj_cooja/mtype278.a(serial-line.o)
                0x00000000000137bd                serial_line_input_byte
                0x0000000000013980                serial_line_init
 .text          0x00000000000139b8      0x244 obj_cooja/mtype278.a(list.o)
                0x00000000000139b8                list_init
                0x00000000000139c6                list_head
                0x00000000000139d0                list_copy
                0x00000000000139df                list_tail
                0x0000000000013a15                list_add
                0x0000000000013a5e                list_push
                0x0000000000013a8a                list_chop
                0x0000000000013af4                list_pop
                0x0000000000013b1c                list_remove
                0x0000000000013b83                list_length
                0x0000000000013bb1                list_insert
                0x0000000000013be5                list_item_next
 .text          0x0000000000013bfc      0x155 obj_cooja/mtype278.a(ringbuf.o)
                0x0000000000013bfc                ringbuf_init
                0x0000000000013c2d                ringbuf_put
                0x0000000000013cab                ringbuf_get
                0x0000000000013d18                ringbuf_size
                0x0000000000013d2a                ringbuf_elements
 .text          0x0000000000013d51     0x258b obj_cooja/mtype278.a(sicslowpan.o)
                0x00000000000142db                rime_sniffer_add
                0x00000000000142e8                rime_sniffer_remove
                0x000000000001627b                sicslowpan_init
                0x00000000000162d2                sicslowpan_get_last_rssi
 .text          0x00000000000162dc      0x2dc obj_cooja/mtype278.a(uip-ds6-nbr.o)
                0x00000000000162f9                uip_ds6_neighbors_init
                0x0000000000016316                uip_ds6_nbr_add
                0x00000000000163c7                uip_ds6_nbr_rm
                0x0000000000016424                uip_ds6_nbr_get_ipaddr
                0x0000000000016439                uip_ds6_nbr_get_ll
                0x0000000000016455                uip_ds6_nbr_num
                0x000000000001649a                uip_ds6_nbr_lookup
                0x00000000000164ff                uip_ds6_nbr_ll_lookup
                0x000000000001651b                uip_ds6_nbr_ipaddr_from_lladdr
                0x0000000000016541                uip_ds6_nbr_lladdr_from_ipaddr
                0x000000000001656f                uip_ds6_link_neighbor_callback
 .text          0x00000000000165b8     0x12ad obj_cooja/mtype278.a(uip-ds6.o)
                0x00000000000165b8                uip_ds6_init
                0x000000000001690d                uip_ds6_periodic
                0x00000000000169e5                uip_ds6_list_loop
                0x0000000000016a8c                uip_ds6_prefix_add
                0x0000000000016b4a                uip_ds6_prefix_rm
                0x0000000000016b5c                uip_ds6_prefix_lookup
                0x0000000000016bad                uip_ds6_is_addr_onlink
                0x0000000000016c21                uip_ds6_addr_add
                0x0000000000016d4f                uip_ds6_long_addr_add
                0x0000000000016e7d                uip_ds6_addr_rm
                0x0000000000016f1d                uip_ds6_addr_lookup
                0x0000000000016f68                uip_ds6_long_addr_lookup
                0x0000000000016fb3                uip_ds6_get_link_local
                0x0000000000017032                uip_ds6_long_get_link_local
                0x00000000000170b1                uip_ds6_get_global
                0x0000000000017130                uip_ds6_long_get_global
                0x00000000000171af                uip_ds6_maddr_add
                0x0000000000017221                uip_ds6_long_maddr_add
                0x0000000000017293                uip_ds6_maddr_rm
                0x00000000000172a5                uip_ds6_maddr_lookup
                0x00000000000172f0                uip_ds6_long_maddr_lookup
                0x000000000001733b                uip_ds6_aaddr_add
                0x00000000000173ad                uip_ds6_long_aaddr_add
                0x000000000001741f                uip_ds6_aaddr_rm
                0x0000000000017431                uip_ds6_aaddr_lookup
                0x000000000001747c                uip_ds6_long_aaddr_lookup
                0x00000000000174c7                uip_ds6_select_src
                0x0000000000017750                uip_ds6_set_addr_iid
                0x0000000000017787                get_match_length
                0x0000000000017819                uip_ds6_compute_reachable_time
 .text          0x0000000000017865     0x29f3 obj_cooja/mtype278.a(uip6.o)
                0x0000000000017865                uip_add32
                0x00000000000179fe                uip_chksum
                0x0000000000017aec                uip_icmp6chksum
                0x0000000000017b00                uip_tcpchksum
                0x0000000000017b14                uip_udpchksum
                0x0000000000017b28                uip_init
                0x0000000000017bf8                uip_connect
                0x0000000000017da7                remove_ext_hdr
                0x0000000000017e7c                uip_udp_new
                0x0000000000017fd8                uip_unlisten
                0x0000000000018038                uip_listen
                0x00000000000182fa                uip_process
                0x000000000001a14c                uip_htons
                0x000000000001a16e                uip_htonl
                0x000000000001a1ae                uip_send
 .text          0x000000000001a258      0xb43 obj_cooja/mtype278.a(tcpip.o)
                0x000000000001a258                tcpip_output
                0x000000000001a286                tcpip_set_outputfunc
                0x000000000001a31a                tcp_connect
                0x000000000001a36f                tcp_unlisten
                0x000000000001a3ca                tcp_listen
                0x000000000001a423                tcp_attach
                0x000000000001a448                udp_attach
                0x000000000001a46d                udp_new
                0x000000000001a4bf                udp_broadcast_new
                0x000000000001a733                tcpip_input
                0x000000000001a767                tcpip_ipv6_output
                0x000000000001abe1                tcpip_poll_udp
                0x000000000001ac04                tcpip_poll_tcp
                0x000000000001ac27                tcpip_uipcall
 .text          0x000000000001ad9b      0x1c1 obj_cooja/mtype278.a(uip-debug.o)
                0x000000000001ad9b                uip_debug_ipaddr_print
                0x000000000001aefd                uip_debug_lladdr_print
 .text          0x000000000001af5c      0x141 obj_cooja/mtype278.a(uip-packetqueue)
                0x000000000001af88                uip_packetqueue_new
                0x000000000001af96                uip_packetqueue_alloc
                0x000000000001aff6                uip_packetqueue_free
                0x000000000001b037                uip_packetqueue_buf
                0x000000000001b054                uip_packetqueue_buflen
                0x000000000001b075                uip_packetqueue_set_buflen
 .text          0x000000000001b09d     0x26c6 obj_cooja/mtype278.a(rpl-dag.o)
                0x000000000001b09d                rpl_lr_in_child
                0x000000000001b155                rpl_print_neighbor_list
                0x000000000001b1fe                rpl_print_child_neighbor_list
                0x000000000001b273                rpl_get_nbr
                0x000000000001b2cd                rpl_get_nbr_child
                0x000000000001b327                rpl_dag_init
                0x000000000001b359                rpl_get_parent
                0x000000000001b37b                rpl_get_parent_rank
                0x000000000001b3ae                rpl_get_parent_link_metric
                0x000000000001b3e1                rpl_get_parent_ipaddr
                0x000000000001b40b                rpl_get_child_ipaddr
                0x000000000001b726                rpl_set_root
                0x000000000001b954                rpl_repair_root
                0x000000000001bb90                rpl_set_prefix
                0x000000000001bc8f                rpl_set_default_route
                0x000000000001bd1b                rpl_alloc_instance
                0x000000000001bdae                rpl_alloc_dag
                0x000000000001be61                rpl_set_default_instance
                0x000000000001be6e                rpl_get_default_instance
                0x000000000001be78                rpl_free_instance
                0x000000000001bf29                rpl_free_dag
                0x000000000001bf8f                rpl_add_parent
                0x000000000001c078                rpl_find_parent
                0x000000000001c0a8                rpl_add_child
                0x000000000001c14c                rpl_find_child
                0x000000000001c19a                rpl_find_parent_any_dag
                0x000000000001c1d6                rpl_select_dag
                0x000000000001c60c                rpl_select_parent
                0x000000000001c66e                rpl_remove_parent
                0x000000000001c6a4                rpl_remove_child
                0x000000000001c6c0                rpl_nullify_parent
                0x000000000001c75e                rpl_move_parent
                0x000000000001c7fb                rpl_has_downward_route
                0x000000000001c84e                rpl_get_any_dag
                0x000000000001c8b0                rpl_get_instance
                0x000000000001c913                rpl_find_of
                0x000000000001c950                rpl_join_instance
                0x000000000001cbec                rpl_add_dag
                0x000000000001cfdb                rpl_local_repair
                0x000000000001d0b4                rpl_recalculate_ranks
                0x000000000001d13a                rpl_process_parent_event
                0x000000000001d1ec                rpl_process_dio
 .text          0x000000000001d763      0xbf3 obj_cooja/mtype278.a(rpl-ext-header.)
                0x000000000001d780                rpl_verify_header
                0x000000000001dbfa                rpl_update_header_empty
                0x000000000001df11                rpl_update_header_final
                0x000000000001e0a0                rpl_remove_header
                0x000000000001e1aa                rpl_invert_header
                0x000000000001e334                rpl_insert_header
 .text          0x000000000001e356     0x24c3 obj_cooja/mtype278.a(rpl-icmp6.o)
                0x000000000001e61f                rpl_icmp6_update_nbr_table
                0x000000000001e70f                dis_output
                0x000000000001f047                dio_output
                0x000000000001f8b2                LSA_converge_output
                0x0000000000020378                dao_output
                0x0000000000020440                dao_output_target
                0x00000000000207c1                dao_ack_output
                0x00000000000207d5                rpl_icmp6_register_handlers
 .text          0x0000000000020819      0x3dc obj_cooja/mtype278.a(rpl-ltmax.o)
 .text          0x0000000000020bf5      0x8d8 obj_cooja/mtype278.a(rpl-timers.o)
                0x0000000000020bf5                rpl_LSA_convergence_timer
                0x0000000000020c9c                rpl_reset_LSA_convergence_timer
                0x0000000000020f60                rpl_reset_periodic_timer
                0x0000000000020fb5                rpl_reset_dio_timer
                0x00000000000211ef                rpl_schedule_dao
                0x000000000002120a                rpl_schedule_dao_immediately
                0x0000000000021225                rpl_cancel_dao
                0x0000000000021287                rpl_schedule_unicast_dio_immediately
                0x0000000000021475                rpl_schedule_probing
 .text          0x00000000000214cd      0x5dc obj_cooja/mtype278.a(rpl.o)
                0x00000000000214cd                rpl_get_mode
                0x00000000000214d7                rpl_set_mode
                0x0000000000021565                rpl_purge_routes
                0x000000000002165f                rpl_remove_routes
                0x00000000000216a5                rpl_remove_routes_by_nexthop
                0x0000000000021711                rpl_add_route
                0x000000000002178c                rpl_link_neighbor_callback
                0x0000000000021891                rpl_ipv6_neighbor_callback
                0x0000000000021900                rpl_purge_dags
                0x0000000000021a0c                rpl_init
 .text          0x0000000000021aa9      0x3f5 obj_cooja/mtype278.a(framer-802154.o)
 .text          0x0000000000021e9e       0x5e obj_cooja/mtype278.a(nullmac.o)
 .text          0x0000000000021efc     0x1282 obj_cooja/mtype278.a(cxmac.o)
                0x00000000000230b9                cxmac_set_announcement_radio_txpower
                0x00000000000230be                cxmac_init
 .text          0x000000000002317e       0x82 obj_cooja/mtype278.a(linkaddr.o)
                0x000000000002317e                linkaddr_copy
                0x00000000000231a0                linkaddr_cmp
                0x00000000000231ca                linkaddr_set_node_addr
                0x00000000000231e5                linkaddr_set_node_long_addr
 .text          0x0000000000023200      0x915 obj_cooja/mtype278.a(nbr-table.o)
                0x0000000000023200                long_ip_from_lladdr_map
                0x0000000000023289                lladdr_map_add_lr
                0x0000000000023346                lladdr_map_rm_lr
                0x000000000002380b                nbr_table_register
                0x0000000000023853                nbr_table_head
                0x00000000000238af                nbr_table_next
                0x0000000000023916                nbr_table_add_lladdr
                0x00000000000239f2                nbr_table_get_from_lladdr
                0x0000000000023a3f                nbr_table_remove
                0x0000000000023a91                nbr_table_lock
                0x0000000000023abb                nbr_table_unlock
                0x0000000000023ae5                nbr_table_get_lladdr
 .text          0x0000000000023b15       0x2b obj_cooja/mtype278.a(netstack.o)
                0x0000000000023b15                netstack_init
 .text          0x0000000000023b40      0x3cd obj_cooja/mtype278.a(packetbuf.o)
                0x0000000000023b40                packetbuf_clear
                0x0000000000023b6a                packetbuf_copyfrom
                0x0000000000023bbc                packetbuf_compact
                0x0000000000023c39                packetbuf_copyto
                0x0000000000023cd0                packetbuf_hdralloc
                0x0000000000023d4d                packetbuf_hdrreduce
                0x0000000000023d95                packetbuf_set_datalen
                0x0000000000023dae                packetbuf_dataptr
                0x0000000000023dcb                packetbuf_hdrptr
                0x0000000000023dd5                packetbuf_datalen
                0x0000000000023de1                packetbuf_hdrlen
                0x0000000000023df8                packetbuf_totlen
                0x0000000000023e0e                packetbuf_attr_clear
                0x0000000000023e60                packetbuf_attr_copyto
                0x0000000000023ea9                packetbuf_attr_copyfrom
                0x0000000000023ef1                packetbuf_holds_broadcast
 .text          0x0000000000023f0d      0x2b4 obj_cooja/mtype278.a(queuebuf.o)
                0x0000000000023f17                queuebuf_init
                0x0000000000023f37                queuebuf_numfree
                0x0000000000023f4b                queuebuf_new_from_packetbuf
                0x0000000000023fdb                queuebuf_update_attr_from_packetbuf
                0x000000000002400e                queuebuf_update_from_packetbuf
                0x0000000000024058                queuebuf_free
                0x000000000002409f                queuebuf_to_packetbuf
                0x0000000000024105                queuebuf_dataptr
                0x000000000002413c                queuebuf_datalen
                0x000000000002415f                queuebuf_addr
                0x0000000000024191                queuebuf_attr
                0x00000000000241bc                queuebuf_debug_print
 .text          0x00000000000241c1       0x6e obj_cooja/mtype278.a(nullsec.o)
 .text          0x000000000002422f       0x19 obj_cooja/mtype278.a(watchdog.o)
                0x000000000002422f                watchdog_init
                0x0000000000024234                watchdog_start
                0x0000000000024239                watchdog_periodic
                0x000000000002423e                watchdog_stop
                0x0000000000024243                watchdog_reboot
 .text          0x0000000000024248        0x0 obj_cooja/mtype278.a(rimestats.o)
 .text          0x0000000000024248       0xa3 obj_cooja/mtype278.a(stimer.o)
                0x0000000000024248                stimer_set
                0x0000000000024263                stimer_reset
                0x000000000002427a                stimer_restart
                0x000000000002428c                stimer_expired
                0x00000000000242b3                stimer_remaining
                0x00000000000242d7                stimer_elapsed
 .text          0x00000000000242eb      0x1c1 obj_cooja/mtype278.a(memb.o)
                0x00000000000242eb                memb_init
                0x0000000000024349                memb_alloc
                0x00000000000243ae                memb_free
                0x0000000000024429                memb_inmemb
                0x0000000000024468                memb_numfree
 .text          0x00000000000244ac      0x916 obj_cooja/mtype278.a(uip-ds6-route.o)
                0x0000000000024523                uip_ds6_notification_add
                0x0000000000024554                uip_ds6_notification_rm
                0x0000000000024570                uip_ds6_route_init
                0x00000000000245f8                uip_ds6_route_nexthop
                0x0000000000024620                uip_ds6_route_head
                0x0000000000024635                uip_ds6_route_next
                0x000000000002465b                uip_ds6_route_is_nexthop
                0x000000000002469a                uip_ds6_route_num_routes
                0x00000000000246a4                uip_ds6_route_lookup
                0x0000000000024766                uip_ds6_route_add
                0x000000000002499a                uip_ds6_route_rm
                0x0000000000024b2e                uip_ds6_route_rm_by_nexthop
                0x0000000000024b66                uip_ds6_defrt_add
                0x0000000000024c17                uip_ds6_defrt_rm
                0x0000000000024c96                uip_ds6_defrt_lookup
                0x0000000000024cef                uip_ds6_defrt_choose
                0x0000000000024d5a                uip_ds6_defrt_periodic
 .text          0x0000000000024dc2      0xab2 obj_cooja/mtype278.a(uip-icmp6.o)
                0x0000000000024e30                uip_icmp6_input
                0x0000000000024e86                uip_icmp6_register_input_handler
                0x000000000002514e                uip_icmp6_error_output
                0x0000000000025493                uip_icmp6_send
                0x0000000000025807                uip_icmp6_echo_reply_callback_add
                0x0000000000025838                uip_icmp6_echo_reply_callback_rm
                0x0000000000025854                uip_icmp6_init
 .text          0x0000000000025874      0x358 obj_cooja/mtype278.a(uip-nd6.o)
                0x00000000000258c8                uip_nd6_ns_output
                0x0000000000025bc7                uip_nd6_init
 .text          0x0000000000025bcc      0x331 obj_cooja/mtype278.a(rpl-nbr-policy.)
                0x0000000000025da4                find_removable_dis
                0x0000000000025dc7                find_removable_dio
                0x0000000000025e56                find_removable_dao
                0x0000000000025ea6                rpl_nbr_policy_find_removable
 .text          0x0000000000025efd      0x97c obj_cooja/mtype278.a(frame802154.o)
                0x0000000000025f2e                frame802154_get_pan_id
                0x0000000000025f3a                frame802154_set_pan_id
                0x0000000000025f53                frame802154_has_panid
                0x000000000002603f                frame802154_check_dest_panid
                0x00000000000260a7                frame802154_is_broadcast_addr
                0x00000000000260f4                frame802154_extract_linkaddr
                0x0000000000026334                frame802154_hdrlen
                0x0000000000026385                frame802154_create
                0x0000000000026570                frame802154_parse
 .text          0x0000000000026879       0x3c obj_cooja/mtype278.a(mac.o)
                0x0000000000026879                mac_call_sent_callback
 .text          0x00000000000268b5        0x0 /usr/lib/gcc/i686-linux-gnu/4.8/crtendS.o
 .text          0x00000000000268b5        0x0 /usr/lib/gcc/i686-linux-gnu/4.8/../../../i386-linux-gnu/crtn.o
 *(.gnu.warning)

.fini           0x00000000000268b8       0x14
 *(SORT(.fini))
 .fini          0x00000000000268b8        0xf /usr/lib/gcc/i686-linux-gnu/4.8/../../../i386-linux-gnu/crti.o
                0x00000000000268b8                _fini
 .fini          0x00000000000268c7        0x5 /usr/lib/gcc/i686-linux-gnu/4.8/../../../i386-linux-gnu/crtn.o
                0x00000000000268cc                PROVIDE (__etext, .)
                0x00000000000268cc                PROVIDE (_etext, .)
                0x00000000000268cc                PROVIDE (etext, .)

.rodata         0x00000000000268e0      0xce0
 *(.rodata .rodata.* .gnu.linkonce.r.*)
 .rodata        0x00000000000268e0      0x148 udp-server.co
                0x00000000000268f4                autostart_processes
 .rodata        0x0000000000026a28      0x1e6 obj_cooja/mtype278.o
 *fill*         0x0000000000026c0e        0x2 
 .rodata        0x0000000000026c10        0x8 obj_cooja/mtype278.a(beep.o)
                0x0000000000026c10                beep_interface
 .rodata        0x0000000000026c18       0x20 obj_cooja/mtype278.a(button-sensor.o)
                0x0000000000026c18                button_interface
                0x0000000000026c28                button_sensor
 .rodata        0x0000000000026c38        0x8 obj_cooja/mtype278.a(leds-arch.o)
                0x0000000000026c38                leds_interface
 .rodata        0x0000000000026c40        0x8 obj_cooja/mtype278.a(moteid.o)
                0x0000000000026c40                moteid_interface
 .rodata        0x0000000000026c48       0x1c obj_cooja/mtype278.a(pir-sensor.o)
                0x0000000000026c48                pir_interface
                0x0000000000026c54                pir_sensor
 .rodata        0x0000000000026c64        0xe obj_cooja/mtype278.a(rs232.o)
                0x0000000000026c64                rs232_interface
 *fill*         0x0000000000026c72        0x2 
 .rodata        0x0000000000026c74       0x24 obj_cooja/mtype278.a(vib-sensor.o)
                0x0000000000026c74                vib_interface
                0x0000000000026c88                vib_sensor
 .rodata        0x0000000000026c98        0x8 obj_cooja/mtype278.a(clock.o)
                0x0000000000026c98                clock_interface
 .rodata        0x0000000000026ca0        0x8 obj_cooja/mtype278.a(log.o)
                0x0000000000026ca0                simlog_interface
 .rodata        0x0000000000026ca8       0x2f obj_cooja/mtype278.a(cfs-cooja.o)
                0x0000000000026ca8                cfs_interface
 *fill*         0x0000000000026cd7        0x9 
 .rodata        0x0000000000026ce0       0x60 obj_cooja/mtype278.a(cooja-radio.o)
                0x0000000000026d00                cooja_radio_driver
                0x0000000000026d38                radio_interface
 .rodata        0x0000000000026d40        0x8 obj_cooja/mtype278.a(eeprom.o)
                0x0000000000026d40                eeprom_interface
 .rodata        0x0000000000026d48        0x8 obj_cooja/mtype278.a(sensors.o)
 .rodata        0x0000000000026d50      0x1fe obj_cooja/mtype278.a(dual_conf.o)
 .rodata        0x0000000000026f4e        0xf obj_cooja/mtype278.a(ctimer.o)
 .rodata        0x0000000000026f5d        0xc obj_cooja/mtype278.a(etimer.o)
 *fill*         0x0000000000026f69        0x3 
 .rodata        0x0000000000026f6c       0x73 obj_cooja/mtype278.a(log_message.o)
 *fill*         0x0000000000026fdf        0x1 
 .rodata        0x0000000000026fe0       0x20 obj_cooja/mtype278.a(residual.o)
 .rodata        0x0000000000027000        0xe obj_cooja/mtype278.a(serial-line.o)
 *fill*         0x000000000002700e        0x2 
 .rodata        0x0000000000027010       0x2c obj_cooja/mtype278.a(sicslowpan.o)
                0x0000000000027010                unc_llconf
                0x0000000000027014                unc_ctxconf
                0x0000000000027018                unc_mxconf
                0x000000000002701c                llprefix
                0x0000000000027030                sicslowpan_driver
 .rodata        0x000000000002703c      0x13c obj_cooja/mtype278.a(uip6.o)
 .rodata        0x0000000000027178       0x49 obj_cooja/mtype278.a(tcpip.o)
 .rodata        0x00000000000271c1       0x3e obj_cooja/mtype278.a(uip-debug.o)
 *fill*         0x00000000000271ff        0x1 
 .rodata        0x0000000000027200        0x4 obj_cooja/mtype278.a(rpl-dag.o)
 .rodata        0x0000000000027204       0x1c obj_cooja/mtype278.a(rpl-icmp6.o)
 .rodata        0x0000000000027220       0x86 obj_cooja/mtype278.a(rpl-timers.o)
 *fill*         0x00000000000272a6        0x2 
 .rodata        0x00000000000272a8        0xc obj_cooja/mtype278.a(framer-802154.o)
                0x00000000000272a8                framer_802154
 .rodata        0x00000000000272b4       0x24 obj_cooja/mtype278.a(nullmac.o)
                0x00000000000272bc                nullmac_driver
 *fill*         0x00000000000272d8        0x8 
 .rodata        0x00000000000272e0      0x2c0 obj_cooja/mtype278.a(cxmac.o)
                0x0000000000027580                cxmac_driver
 .rodata        0x00000000000275a0        0x8 obj_cooja/mtype278.a(linkaddr.o)
                0x00000000000275a0                linkaddr_null
 .rodata        0x00000000000275a8       0x18 obj_cooja/mtype278.a(nullsec.o)
                0x00000000000275b0                nullsec_driver

.rodata1
 *(.rodata1)

.eh_frame_hdr   0x00000000000275c0     0x13dc
 *(.eh_frame_hdr)
 .eh_frame_hdr  0x00000000000275c0     0x13dc udp-server.co

.eh_frame       0x000000000002899c     0x50b4
 *(.eh_frame)
 .eh_frame      0x000000000002899c       0x3c /usr/lib/gcc/i686-linux-gnu/4.8/../../../i386-linux-gnu/crti.o
                                         0x40 (size before relaxing)
 .eh_frame      0x00000000000289d8       0x68 udp-server.co
                                         0x80 (size before relaxing)
 .eh_frame      0x0000000000028a40      0x148 obj_cooja/mtype278.o
                                        0x160 (size before relaxing)
 .eh_frame      0x0000000000028b88       0x40 obj_cooja/mtype278.a(simEnvChange.o)
                                         0x58 (size before relaxing)
 .eh_frame      0x0000000000028bc8       0xc0 obj_cooja/mtype278.a(cooja_mt.o)
                                         0xd8 (size before relaxing)
 .eh_frame      0x0000000000028c88      0x120 obj_cooja/mtype278.a(cooja_mtarch.o)
                                        0x138 (size before relaxing)
 .eh_frame      0x0000000000028da8       0xc0 obj_cooja/mtype278.a(rtimer-arch.o)
                                         0xd8 (size before relaxing)
 .eh_frame      0x0000000000028e68      0x160 obj_cooja/mtype278.a(beep.o)
                                        0x178 (size before relaxing)
 .eh_frame      0x0000000000028fc8       0xa0 obj_cooja/mtype278.a(button-sensor.o)
                                         0xb8 (size before relaxing)
 .eh_frame      0x0000000000029068       0xa0 obj_cooja/mtype278.a(leds-arch.o)
                                         0xb8 (size before relaxing)
 .eh_frame      0x0000000000029108       0x40 obj_cooja/mtype278.a(moteid.o)
                                         0x58 (size before relaxing)
 .eh_frame      0x0000000000029148       0xa0 obj_cooja/mtype278.a(pir-sensor.o)
                                         0xb8 (size before relaxing)
 .eh_frame      0x00000000000291e8      0x100 obj_cooja/mtype278.a(rs232.o)
                                        0x118 (size before relaxing)
 .eh_frame      0x00000000000292e8       0xa0 obj_cooja/mtype278.a(vib-sensor.o)
                                         0xb8 (size before relaxing)
 .eh_frame      0x0000000000029388       0xc0 obj_cooja/mtype278.a(clock.o)
                                         0xd8 (size before relaxing)
 .eh_frame      0x0000000000029448      0x120 obj_cooja/mtype278.a(log.o)
                                        0x138 (size before relaxing)
 .eh_frame      0x0000000000029568      0x160 obj_cooja/mtype278.a(cfs-cooja.o)
                                        0x178 (size before relaxing)
 .eh_frame      0x00000000000296c8      0x2e0 obj_cooja/mtype278.a(cooja-radio.o)
                                        0x2f8 (size before relaxing)
 .eh_frame      0x00000000000299a8       0xa0 obj_cooja/mtype278.a(eeprom.o)
                                         0xb8 (size before relaxing)
 .eh_frame      0x0000000000029a48       0x40 obj_cooja/mtype278.a(random.o)
                                         0x58 (size before relaxing)
 .eh_frame      0x0000000000029a88       0xc0 obj_cooja/mtype278.a(sensors.o)
                                         0xd8 (size before relaxing)
 .eh_frame      0x0000000000029b48      0x100 obj_cooja/mtype278.a(leds.o)
                                        0x118 (size before relaxing)
 .eh_frame      0x0000000000029c48      0x1a0 obj_cooja/mtype278.a(dual_conf.o)
                                        0x1b8 (size before relaxing)
 .eh_frame      0x0000000000029de8       0x40 obj_cooja/mtype278.a(autostart.o)
                                         0x58 (size before relaxing)
 .eh_frame      0x0000000000029e28      0x100 obj_cooja/mtype278.a(ctimer.o)
                                        0x118 (size before relaxing)
 .eh_frame      0x0000000000029f28      0x1e0 obj_cooja/mtype278.a(etimer.o)
                                        0x1f8 (size before relaxing)
 .eh_frame      0x000000000002a108       0x40 obj_cooja/mtype278.a(log_message.o)
                                         0x58 (size before relaxing)
 .eh_frame      0x000000000002a148      0x1c8 obj_cooja/mtype278.a(process.o)
                                        0x1e0 (size before relaxing)
 .eh_frame      0x000000000002a310       0x2c obj_cooja/mtype278.a(residual.o)
                                         0x44 (size before relaxing)
 .eh_frame      0x000000000002a33c       0x60 obj_cooja/mtype278.a(rtimer.o)
                                         0x78 (size before relaxing)
 .eh_frame      0x000000000002a39c       0xa4 obj_cooja/mtype278.a(timer.o)
                                         0xbc (size before relaxing)
 .eh_frame      0x000000000002a440       0x60 obj_cooja/mtype278.a(serial-line.o)
                                         0x78 (size before relaxing)
 .eh_frame      0x000000000002a4a0      0x180 obj_cooja/mtype278.a(list.o)
                                        0x198 (size before relaxing)
 .eh_frame      0x000000000002a620       0xa0 obj_cooja/mtype278.a(ringbuf.o)
                                         0xb8 (size before relaxing)
 .eh_frame      0x000000000002a6c0      0x350 obj_cooja/mtype278.a(sicslowpan.o)
                                        0x368 (size before relaxing)
 .eh_frame      0x000000000002aa10      0x180 obj_cooja/mtype278.a(uip-ds6-nbr.o)
                                        0x198 (size before relaxing)
 .eh_frame      0x000000000002ab90      0x3c8 obj_cooja/mtype278.a(uip-ds6.o)
                                        0x3e0 (size before relaxing)
 .eh_frame      0x000000000002af58      0x27c obj_cooja/mtype278.a(uip6.o)
                                        0x294 (size before relaxing)
 .eh_frame      0x000000000002b1d4      0x270 obj_cooja/mtype278.a(tcpip.o)
                                        0x288 (size before relaxing)
 .eh_frame      0x000000000002b444       0x48 obj_cooja/mtype278.a(uip-debug.o)
                                         0x60 (size before relaxing)
 .eh_frame      0x000000000002b48c       0xe0 obj_cooja/mtype278.a(uip-packetqueue)
                                         0xf8 (size before relaxing)
 .eh_frame      0x000000000002b56c      0x76c obj_cooja/mtype278.a(rpl-dag.o)
                                        0x784 (size before relaxing)
 .eh_frame      0x000000000002bcd8      0x10c obj_cooja/mtype278.a(rpl-ext-header.)
                                        0x124 (size before relaxing)
 .eh_frame      0x000000000002bde4      0x2f8 obj_cooja/mtype278.a(rpl-icmp6.o)
                                        0x310 (size before relaxing)
 .eh_frame      0x000000000002c0dc       0xe0 obj_cooja/mtype278.a(rpl-ltmax.o)
                                         0xf8 (size before relaxing)
 .eh_frame      0x000000000002c1bc      0x26c obj_cooja/mtype278.a(rpl-timers.o)
                                        0x284 (size before relaxing)
 .eh_frame      0x000000000002c428      0x148 obj_cooja/mtype278.a(rpl.o)
                                        0x160 (size before relaxing)
 .eh_frame      0x000000000002c570      0x108 obj_cooja/mtype278.a(framer-802154.o)
                                        0x120 (size before relaxing)
 .eh_frame      0x000000000002c678       0xc0 obj_cooja/mtype278.a(nullmac.o)
                                         0xd8 (size before relaxing)
 .eh_frame      0x000000000002c738      0x2c0 obj_cooja/mtype278.a(cxmac.o)
                                        0x2d8 (size before relaxing)
 .eh_frame      0x000000000002c9f8       0x80 obj_cooja/mtype278.a(linkaddr.o)
                                         0x98 (size before relaxing)
 .eh_frame      0x000000000002ca78      0x2cc obj_cooja/mtype278.a(nbr-table.o)
                                        0x2e4 (size before relaxing)
 .eh_frame      0x000000000002cd44       0x20 obj_cooja/mtype278.a(netstack.o)
                                         0x38 (size before relaxing)
 .eh_frame      0x000000000002cd64      0x214 obj_cooja/mtype278.a(packetbuf.o)
                                        0x22c (size before relaxing)
 .eh_frame      0x000000000002cf78      0x1a0 obj_cooja/mtype278.a(queuebuf.o)
                                        0x1b8 (size before relaxing)
 .eh_frame      0x000000000002d118       0x80 obj_cooja/mtype278.a(nullsec.o)
                                         0x98 (size before relaxing)
 .eh_frame      0x000000000002d198       0xa0 obj_cooja/mtype278.a(watchdog.o)
                                         0xb8 (size before relaxing)
 .eh_frame      0x000000000002d238       0xc4 obj_cooja/mtype278.a(stimer.o)
                                         0xdc (size before relaxing)
 .eh_frame      0x000000000002d2fc       0xa0 obj_cooja/mtype278.a(memb.o)
                                         0xb8 (size before relaxing)
 .eh_frame      0x000000000002d39c      0x2a0 obj_cooja/mtype278.a(uip-ds6-route.o)
                                        0x2b8 (size before relaxing)
 .eh_frame      0x000000000002d63c      0x164 obj_cooja/mtype278.a(uip-icmp6.o)
                                        0x17c (size before relaxing)
 .eh_frame      0x000000000002d7a0       0x68 obj_cooja/mtype278.a(uip-nd6.o)
                                         0x80 (size before relaxing)
 .eh_frame      0x000000000002d808       0xc0 obj_cooja/mtype278.a(rpl-nbr-policy.)
                                         0xd8 (size before relaxing)
 .eh_frame      0x000000000002d8c8      0x164 obj_cooja/mtype278.a(frame802154.o)
                                        0x17c (size before relaxing)
 .eh_frame      0x000000000002da2c       0x20 obj_cooja/mtype278.a(mac.o)
                                         0x38 (size before relaxing)
 .eh_frame      0x000000000002da4c        0x4 /usr/lib/gcc/i686-linux-gnu/4.8/crtendS.o

.gcc_except_table
 *(.gcc_except_table .gcc_except_table.*)

.exception_ranges
 *(.exception_ranges .exception_ranges*)
                0x000000000002da50                . = (ALIGN (0x1000) - ((0x1000 - .) & 0xfff))
                0x000000000002eef8                . = DATA_SEGMENT_ALIGN (0x1000, 0x1000)

.eh_frame
 *(.eh_frame)

.gcc_except_table
 *(.gcc_except_table .gcc_except_table.*)

.exception_ranges
 *(.exception_ranges .exception_ranges*)

.tdata
 *(.tdata .tdata.* .gnu.linkonce.td.*)

.tbss
 *(.tbss .tbss.* .gnu.linkonce.tb.*)
 *(.tcommon)

.preinit_array
 *(.preinit_array)

.init_array     0x000000000002eef8        0x4
 *(SORT(.init_array.*) SORT(.ctors.*))
 *(.init_array EXCLUDE_FILE(*crtend?.o *crtend.o *crtbegin?.o *crtbegin.o) .ctors)
 .init_array    0x000000000002eef8        0x4 /usr/lib/gcc/i686-linux-gnu/4.8/crtbeginS.o

.fini_array     0x000000000002eefc        0x4
 *(SORT(.fini_array.*) SORT(.dtors.*))
 *(.fini_array EXCLUDE_FILE(*crtend?.o *crtend.o *crtbegin?.o *crtbegin.o) .dtors)
 .fini_array    0x000000000002eefc        0x4 /usr/lib/gcc/i686-linux-gnu/4.8/crtbeginS.o

.ctors
 *crtbegin.o(.ctors)
 *crtbegin?.o(.ctors)
 *(EXCLUDE_FILE(*crtend?.o *crtend.o) .ctors)
 *(SORT(.ctors.*))
 *(.ctors)

.dtors
 *crtbegin.o(.dtors)
 *crtbegin?.o(.dtors)
 *(EXCLUDE_FILE(*crtend?.o *crtend.o) .dtors)
 *(SORT(.dtors.*))
 *(.dtors)

.jcr            0x000000000002ef00        0x4
 *(.jcr)
 .jcr           0x000000000002ef00        0x0 /usr/lib/gcc/i686-linux-gnu/4.8/crtbeginS.o
 .jcr           0x000000000002ef00        0x4 /usr/lib/gcc/i686-linux-gnu/4.8/crtendS.o

.data.rel.ro
 *(.data.rel.ro.local* .gnu.linkonce.d.rel.ro.local.*)
 *(.data.rel.ro .data.rel.ro.* .gnu.linkonce.d.rel.ro.*)

.dynamic        0x000000000002ef04       0xe8
 *(.dynamic)
 .dynamic       0x000000000002ef04       0xe8 /usr/lib/gcc/i686-linux-gnu/4.8/../../../i386-linux-gnu/crti.o
                0x000000000002ef04                _DYNAMIC

.got            0x000000000002efec       0x14
 *(.got)
 .got           0x000000000002efec       0x14 /usr/lib/gcc/i686-linux-gnu/4.8/../../../i386-linux-gnu/crti.o
 *(.igot)
                0x000000000002fff4                . = DATA_SEGMENT_RELRO_END (., (SIZEOF (.got.plt) >= 0xc)?0xc:0x0)

.got.plt        0x000000000002f000       0x14
 *(.got.plt)
 .got.plt       0x000000000002f000       0x14 /usr/lib/gcc/i686-linux-gnu/4.8/../../../i386-linux-gnu/crti.o
                0x000000000002f000                _GLOBAL_OFFSET_TABLE_
 *(.igot.plt)

.data           0x000000000002f020      0x29a
 *(.data .data.* .gnu.linkonce.d.*)
 .data          0x000000000002f020        0x0 /usr/lib/gcc/i686-linux-gnu/4.8/../../../i386-linux-gnu/crti.o
 .data          0x000000000002f020        0x0 /usr/lib/gcc/i686-linux-gnu/4.8/crtbeginS.o
 .data.rel      0x000000000002f020        0x4 /usr/lib/gcc/i686-linux-gnu/4.8/crtbeginS.o
                0x000000000002f020                __dso_handle
 .data          0x000000000002f024       0x10 udp-server.co
                0x000000000002f024                udp_server_process
 *fill*         0x000000000002f034        0xc 
 .data          0x000000000002f040       0x44 obj_cooja/mtype278.o
                0x000000000002f040                simInterfaces
                0x000000000002f074                sensors
 .data          0x000000000002f084        0x0 obj_cooja/mtype278.a(simEnvChange.o)
 .data          0x000000000002f084        0x0 obj_cooja/mtype278.a(cooja_mt.o)
 .data          0x000000000002f084        0x0 obj_cooja/mtype278.a(cooja_mtarch.o)
 .data          0x000000000002f084        0x0 obj_cooja/mtype278.a(rtimer-arch.o)
 .data          0x000000000002f084        0x0 obj_cooja/mtype278.a(beep.o)
 .data          0x000000000002f084        0x0 obj_cooja/mtype278.a(button-sensor.o)
 .data          0x000000000002f084        0x0 obj_cooja/mtype278.a(leds-arch.o)
 .data          0x000000000002f084        0x0 obj_cooja/mtype278.a(moteid.o)
 .data          0x000000000002f084        0x0 obj_cooja/mtype278.a(pir-sensor.o)
 .data          0x000000000002f084        0x0 obj_cooja/mtype278.a(rs232.o)
 .data          0x000000000002f084        0x0 obj_cooja/mtype278.a(vib-sensor.o)
 .data          0x000000000002f084        0x0 obj_cooja/mtype278.a(clock.o)
 .data          0x000000000002f084        0x0 obj_cooja/mtype278.a(log.o)
 .data          0x000000000002f084        0x0 obj_cooja/mtype278.a(cfs-cooja.o)
 .data          0x000000000002f084       0x40 obj_cooja/mtype278.a(cooja-radio.o)
                0x000000000002f084                simRadioChannelLR
                0x000000000002f088                simRadioHWOnLR
                0x000000000002f08c                simSignalStrengthLR
                0x000000000002f090                simLastSignalStrengthLR
                0x000000000002f094                simPowerLR
                0x000000000002f098                simLQILR
                0x000000000002f09c                simRadioChannel
                0x000000000002f0a0                simRadioHWOn
                0x000000000002f0a4                simSignalStrength
                0x000000000002f0a8                simLastSignalStrength
                0x000000000002f0ac                simPower
                0x000000000002f0b0                simLQI
                0x000000000002f0b4                cooja_radio_process
 .data          0x000000000002f0c4        0x0 obj_cooja/mtype278.a(eeprom.o)
 .data          0x000000000002f0c4        0x0 obj_cooja/mtype278.a(random.o)
 .data          0x000000000002f0c4       0x10 obj_cooja/mtype278.a(sensors.o)
                0x000000000002f0c4                sensors_process
 .data          0x000000000002f0d4        0x0 obj_cooja/mtype278.a(leds.o)
 .data          0x000000000002f0d4       0x3a obj_cooja/mtype278.a(dual_conf.o)
                0x000000000002f0d4                radio_received
                0x000000000002f0d8                dual_dio_broadcast
                0x000000000002f0e8                dual_dis_broadcast
                0x000000000002f0f8                dual_LSA_converge_broadcast
 .data          0x000000000002f10e        0x0 obj_cooja/mtype278.a(autostart.o)
 *fill*         0x000000000002f10e        0x2 
 .data          0x000000000002f110       0x14 obj_cooja/mtype278.a(ctimer.o)
                0x000000000002f114                ctimer_process
 .data          0x000000000002f124       0x10 obj_cooja/mtype278.a(etimer.o)
                0x000000000002f124                etimer_process
 .data          0x000000000002f134        0x0 obj_cooja/mtype278.a(log_message.o)
 .data          0x000000000002f134        0x0 obj_cooja/mtype278.a(process.o)
 .data          0x000000000002f134        0x0 obj_cooja/mtype278.a(residual.o)
 .data          0x000000000002f134        0x0 obj_cooja/mtype278.a(rtimer.o)
 .data          0x000000000002f134        0x0 obj_cooja/mtype278.a(timer.o)
 .data          0x000000000002f134       0x10 obj_cooja/mtype278.a(serial-line.o)
                0x000000000002f134                serial_line_process
 .data          0x000000000002f144        0x0 obj_cooja/mtype278.a(list.o)
 .data          0x000000000002f144        0x0 obj_cooja/mtype278.a(ringbuf.o)
 .data          0x000000000002f144        0x0 obj_cooja/mtype278.a(sicslowpan.o)
 .data          0x000000000002f144       0x14 obj_cooja/mtype278.a(uip-ds6-nbr.o)
                0x000000000002f154                ds6_neighbors
 .data          0x000000000002f158        0x0 obj_cooja/mtype278.a(uip-ds6.o)
 .data          0x000000000002f158        0x0 obj_cooja/mtype278.a(uip6.o)
 .data          0x000000000002f158       0x10 obj_cooja/mtype278.a(tcpip.o)
                0x000000000002f158                tcpip_process
 .data          0x000000000002f168        0x0 obj_cooja/mtype278.a(uip-debug.o)
 .data          0x000000000002f168        0xc obj_cooja/mtype278.a(uip-packetqueue)
 .data          0x000000000002f174       0x28 obj_cooja/mtype278.a(rpl-dag.o)
                0x000000000002f184                rpl_parents
                0x000000000002f198                rpl_children
 .data          0x000000000002f19c        0x0 obj_cooja/mtype278.a(rpl-ext-header.)
 .data          0x000000000002f19c       0x40 obj_cooja/mtype278.a(rpl-icmp6.o)
 .data          0x000000000002f1dc       0x1c obj_cooja/mtype278.a(rpl-ltmax.o)
                0x000000000002f1dc                rpl_ltmax_of
 .data          0x000000000002f1f8        0x0 obj_cooja/mtype278.a(rpl-timers.o)
 .data          0x000000000002f1f8        0x0 obj_cooja/mtype278.a(rpl.o)
 .data          0x000000000002f1f8        0x0 obj_cooja/mtype278.a(framer-802154.o)
 .data          0x000000000002f1f8        0x0 obj_cooja/mtype278.a(nullmac.o)
 .data          0x000000000002f1f8       0x30 obj_cooja/mtype278.a(cxmac.o)
                0x000000000002f1f8                cxmac_config
                0x000000000002f208                strobe_wait
 .data          0x000000000002f228        0x0 obj_cooja/mtype278.a(linkaddr.o)
 .data          0x000000000002f228       0x10 obj_cooja/mtype278.a(nbr-table.o)
 .data          0x000000000002f238        0x0 obj_cooja/mtype278.a(netstack.o)
 .data          0x000000000002f238        0x4 obj_cooja/mtype278.a(packetbuf.o)
 .data          0x000000000002f23c       0x18 obj_cooja/mtype278.a(queuebuf.o)
 .data          0x000000000002f254        0x0 obj_cooja/mtype278.a(nullsec.o)
 .data          0x000000000002f254        0x0 obj_cooja/mtype278.a(watchdog.o)
 .data          0x000000000002f254        0x0 obj_cooja/mtype278.a(rimestats.o)
 .data          0x000000000002f254        0x0 obj_cooja/mtype278.a(stimer.o)
 .data          0x000000000002f254        0x0 obj_cooja/mtype278.a(memb.o)
 .data          0x000000000002f254       0x44 obj_cooja/mtype278.a(uip-ds6-route.o)
                0x000000000002f264                nbr_routes
 .data          0x000000000002f298       0x20 obj_cooja/mtype278.a(uip-icmp6.o)
 .data          0x000000000002f2b8        0x0 obj_cooja/mtype278.a(uip-nd6.o)
 .data          0x000000000002f2b8        0x0 obj_cooja/mtype278.a(rpl-nbr-policy.)
 .data          0x000000000002f2b8        0x2 obj_cooja/mtype278.a(frame802154.o)
 .data          0x000000000002f2ba        0x0 obj_cooja/mtype278.a(mac.o)
 .data          0x000000000002f2ba        0x0 /usr/lib/gcc/i686-linux-gnu/4.8/crtendS.o
 .data          0x000000000002f2ba        0x0 /usr/lib/gcc/i686-linux-gnu/4.8/../../../i386-linux-gnu/crtn.o

.tm_clone_table
                0x000000000002f2bc        0x0
 .tm_clone_table
                0x000000000002f2bc        0x0 /usr/lib/gcc/i686-linux-gnu/4.8/crtbeginS.o
 .tm_clone_table
                0x000000000002f2bc        0x0 /usr/lib/gcc/i686-linux-gnu/4.8/crtendS.o

.data1
 *(.data1)
                0x000000000002f2bc                _edata = .
                0x000000000002f2bc                PROVIDE (edata, .)
                0x000000000002f2bc                . = .
                0x000000000002f2bc                __bss_start = .

.bss            0x000000000002f2c0     0x82e8
 *(.dynbss)
 .dynbss        0x0000000000000000        0x0 /usr/lib/gcc/i686-linux-gnu/4.8/../../../i386-linux-gnu/crti.o
 *(.bss .bss.* .gnu.linkonce.b.*)
 .bss           0x000000000002f2c0        0x0 /usr/lib/gcc/i686-linux-gnu/4.8/../../../i386-linux-gnu/crti.o
 .bss           0x000000000002f2c0        0x1 /usr/lib/gcc/i686-linux-gnu/4.8/crtbeginS.o
 *fill*         0x000000000002f2c1        0x3 
 .bss           0x000000000002f2c4        0x8 udp-server.co
                0x000000000002f2c4                my_weight
 *fill*         0x000000000002f2cc       0x14 
 .bss           0x000000000002f2e0     0x2030 obj_cooja/mtype278.o
 .bss           0x0000000000031310        0x1 obj_cooja/mtype278.a(simEnvChange.o)
                0x0000000000031310                simDontFallAsleep
 *fill*         0x0000000000031311        0x3 
 .bss           0x0000000000031314        0x4 obj_cooja/mtype278.a(cooja_mt.o)
 .bss           0x0000000000031318        0x4 obj_cooja/mtype278.a(cooja_mtarch.o)
 .bss           0x000000000003131c        0xc obj_cooja/mtype278.a(rtimer-arch.o)
 .bss           0x0000000000031328        0x0 obj_cooja/mtype278.a(beep.o)
 .bss           0x0000000000031328        0x8 obj_cooja/mtype278.a(button-sensor.o)
 .bss           0x0000000000031330        0x0 obj_cooja/mtype278.a(leds-arch.o)
 .bss           0x0000000000031330        0x0 obj_cooja/mtype278.a(moteid.o)
 .bss           0x0000000000031330        0x1 obj_cooja/mtype278.a(pir-sensor.o)
                0x0000000000031330                simPirValue
 *fill*         0x0000000000031331        0x3 
 .bss           0x0000000000031334        0x4 obj_cooja/mtype278.a(rs232.o)
 .bss           0x0000000000031338        0x1 obj_cooja/mtype278.a(vib-sensor.o)
                0x0000000000031338                simVibValue
 .bss           0x0000000000031339        0x0 obj_cooja/mtype278.a(clock.o)
 *fill*         0x0000000000031339        0x7 
 .bss           0x0000000000031340      0x420 obj_cooja/mtype278.a(log.o)
 .bss           0x0000000000031760      0xfc0 obj_cooja/mtype278.a(cfs-cooja.o)
                0x0000000000031760                simCFSData
                0x0000000000032700                simCFSSize
                0x0000000000032704                simCFSChanged
                0x0000000000032708                simCFSRead
                0x000000000003270c                simCFSWritten
 .bss           0x0000000000032720       0x24 obj_cooja/mtype278.a(cooja-radio.o)
                0x0000000000032720                simReceivingLR
                0x0000000000032724                simInSizeLR
                0x0000000000032728                simOutSizeLR
                0x000000000003272c                simReceiving
                0x0000000000032730                simInSize
                0x0000000000032734                simOutSize
                0x0000000000032738                LongRangeTransmit
                0x000000000003273c                LongRangeReceiving
 .bss           0x0000000000032744        0xc obj_cooja/mtype278.a(eeprom.o)
                0x0000000000032744                simEEPROMChanged
                0x0000000000032748                simEEPROMRead
                0x000000000003274c                simEEPROMWritten
 .bss           0x0000000000032750        0x0 obj_cooja/mtype278.a(random.o)
 .bss           0x0000000000032750        0xc obj_cooja/mtype278.a(sensors.o)
 .bss           0x000000000003275c        0x1 obj_cooja/mtype278.a(leds.o)
 *fill*         0x000000000003275d        0x3 
 .bss           0x0000000000032760       0x3c obj_cooja/mtype278.a(dual_conf.o)
                0x0000000000032760                long_range_radio
 .bss           0x000000000003279c        0x0 obj_cooja/mtype278.a(autostart.o)
 .bss           0x000000000003279c        0x5 obj_cooja/mtype278.a(ctimer.o)
 *fill*         0x00000000000327a1        0x3 
 .bss           0x00000000000327a4        0x8 obj_cooja/mtype278.a(etimer.o)
 .bss           0x00000000000327ac        0x0 obj_cooja/mtype278.a(log_message.o)
 *fill*         0x00000000000327ac       0x14 
 .bss           0x00000000000327c0      0x1b1 obj_cooja/mtype278.a(process.o)
                0x00000000000327c0                process_list
                0x00000000000327c4                process_current
 .bss           0x0000000000032971        0x0 obj_cooja/mtype278.a(residual.o)
 *fill*         0x0000000000032971        0x3 
 .bss           0x0000000000032974        0x4 obj_cooja/mtype278.a(rtimer.o)
 .bss           0x0000000000032978        0x0 obj_cooja/mtype278.a(timer.o)
 *fill*         0x0000000000032978        0x8 
 .bss           0x0000000000032980      0x140 obj_cooja/mtype278.a(serial-line.o)
 .bss           0x0000000000032ac0        0x0 obj_cooja/mtype278.a(list.o)
 .bss           0x0000000000032ac0        0x0 obj_cooja/mtype278.a(ringbuf.o)
 .bss           0x0000000000032ac0      0x70c obj_cooja/mtype278.a(sicslowpan.o)
 *fill*         0x00000000000331cc       0x14 
 .bss           0x00000000000331e0       0xc0 obj_cooja/mtype278.a(uip-ds6-nbr.o)
 .bss           0x00000000000332a0       0x30 obj_cooja/mtype278.a(uip-ds6.o)
 .bss           0x00000000000332d0        0xe obj_cooja/mtype278.a(uip6.o)
                0x00000000000332d0                uip_ext_bitmap
                0x00000000000332d1                uip_ext_len
                0x00000000000332d2                uip_ext_opt_offset
 *fill*         0x00000000000332de        0x2 
 .bss           0x00000000000332e0       0x6b obj_cooja/mtype278.a(tcpip.o)
 .bss           0x000000000003334b        0x0 obj_cooja/mtype278.a(uip-debug.o)
 *fill*         0x000000000003334b       0x15 
 .bss           0x0000000000033360      0xcf8 obj_cooja/mtype278.a(uip-packetqueue)
 *fill*         0x0000000000034058        0x8 
 .bss           0x0000000000034060       0x88 obj_cooja/mtype278.a(rpl-dag.o)
 .bss           0x00000000000340e8        0x0 obj_cooja/mtype278.a(rpl-ext-header.)
 .bss           0x00000000000340e8        0x0 obj_cooja/mtype278.a(rpl-icmp6.o)
 .bss           0x00000000000340e8        0x0 obj_cooja/mtype278.a(rpl-ltmax.o)
 *fill*         0x00000000000340e8       0x18 
 .bss           0x0000000000034100       0x60 obj_cooja/mtype278.a(rpl-timers.o)
 .bss           0x0000000000034160        0x4 obj_cooja/mtype278.a(rpl.o)
 .bss           0x0000000000034164        0x2 obj_cooja/mtype278.a(framer-802154.o)
 .bss           0x0000000000034166        0x0 obj_cooja/mtype278.a(nullmac.o)
 *fill*         0x0000000000034166       0x1a 
 .bss           0x0000000000034180       0xb0 obj_cooja/mtype278.a(cxmac.o)
 .bss           0x0000000000034230        0x0 obj_cooja/mtype278.a(linkaddr.o)
 *fill*         0x0000000000034230       0x10 
 .bss           0x0000000000034240       0xc4 obj_cooja/mtype278.a(nbr-table.o)
 .bss           0x0000000000034304        0x0 obj_cooja/mtype278.a(netstack.o)
 *fill*         0x0000000000034304       0x1c 
 .bss           0x0000000000034320       0xa0 obj_cooja/mtype278.a(packetbuf.o)
 .bss           0x00000000000343c0      0xb80 obj_cooja/mtype278.a(queuebuf.o)
 .bss           0x0000000000034f40        0x0 obj_cooja/mtype278.a(nullsec.o)
 .bss           0x0000000000034f40        0x0 obj_cooja/mtype278.a(watchdog.o)
 .bss           0x0000000000034f40        0x0 obj_cooja/mtype278.a(rimestats.o)
 .bss           0x0000000000034f40        0x0 obj_cooja/mtype278.a(stimer.o)
 .bss           0x0000000000034f40        0x0 obj_cooja/mtype278.a(memb.o)
 .bss           0x0000000000034f40      0x4a8 obj_cooja/mtype278.a(uip-ds6-route.o)
 .bss           0x00000000000353e8       0x18 obj_cooja/mtype278.a(uip-icmp6.o)
 .bss           0x0000000000035400        0x0 obj_cooja/mtype278.a(uip-nd6.o)
 .bss           0x0000000000035400       0x44 obj_cooja/mtype278.a(rpl-nbr-policy.)
 .bss           0x0000000000035444        0x0 obj_cooja/mtype278.a(frame802154.o)
 .bss           0x0000000000035444        0x0 obj_cooja/mtype278.a(mac.o)
 .bss           0x0000000000035444        0x0 /usr/lib/gcc/i686-linux-gnu/4.8/crtendS.o
 .bss           0x0000000000035444        0x0 /usr/lib/gcc/i686-linux-gnu/4.8/../../../i386-linux-gnu/crtn.o
 *(COMMON)
 COMMON         0x0000000000035444        0x6 udp-server.co
                0x0000000000035444                LSA_message_input
                0x0000000000035445                LSA_SR_preamble
                0x0000000000035446                LSA_lr_child
                0x0000000000035447                LSA_converge
                0x0000000000035448                my_sink_reachability
                0x0000000000035449                my_parent_number
 *fill*         0x000000000003544a        0x2 
 COMMON         0x000000000003544c       0x4c obj_cooja/mtype278.o
                0x000000000003544c                dio_count
                0x0000000000035450                dis_count
                0x0000000000035454                collision_count
                0x0000000000035458                transmission_count
                0x000000000003545c                COOJA_radioRxLong
                0x0000000000035460                control_message_count
                0x0000000000035464                dao_count
                0x0000000000035468                COOJA_radioTx
                0x000000000003546c                referenceVar
                0x0000000000035470                data_relay_count
                0x0000000000035474                data_message_count
                0x0000000000035478                COOJA_radioTxLong
                0x000000000003547c                COOJA_radioRx
                0x0000000000035480                debugfp
                0x0000000000035484                COOJA_radioOn
                0x0000000000035488                COOJA_duration
                0x000000000003548c                dio_ack_count
                0x0000000000035490                COOJA_radioOnLong
                0x0000000000035494                sensors_flags
 COMMON         0x0000000000035498        0xc obj_cooja/mtype278.a(simEnvChange.o)
                0x0000000000035498                simEtimerPending
                0x000000000003549c                simProcessRunValue
                0x00000000000354a0                simNextExpirationTime
 COMMON         0x00000000000354a4        0x1 obj_cooja/mtype278.a(beep.o)
                0x00000000000354a4                simBeeped
 COMMON         0x00000000000354a5        0x3 obj_cooja/mtype278.a(button-sensor.o)
                0x00000000000354a5                simButtonIsActive
                0x00000000000354a6                simButtonIsDown
                0x00000000000354a7                simButtonChanged
 COMMON         0x00000000000354a8        0x1 obj_cooja/mtype278.a(leds-arch.o)
                0x00000000000354a8                simLedsValue
 *fill*         0x00000000000354a9        0x3 
 COMMON         0x00000000000354ac        0xc obj_cooja/mtype278.a(moteid.o)
                0x00000000000354ac                simRandomSeed
                0x00000000000354b0                simMoteIDChanged
                0x00000000000354b4                simMoteID
 COMMON         0x00000000000354b8        0x2 obj_cooja/mtype278.a(pir-sensor.o)
                0x00000000000354b8                simPirIsActive
                0x00000000000354b9                simPirChanged
 *fill*         0x00000000000354ba        0x6 
 COMMON         0x00000000000354c0      0x820 obj_cooja/mtype278.a(rs232.o)
                0x00000000000354c0                simSerialReceivingFlag
                0x00000000000354c4                simSerialReceivingLength
                0x00000000000354e0                simSerialReceivingData
 COMMON         0x0000000000035ce0        0x2 obj_cooja/mtype278.a(vib-sensor.o)
                0x0000000000035ce0                simVibChanged
                0x0000000000035ce1                simVibIsActive
 *fill*         0x0000000000035ce2        0x2 
 COMMON         0x0000000000035ce4        0x4 obj_cooja/mtype278.a(clock.o)
                0x0000000000035ce4                simCurrentTime
 *fill*         0x0000000000035ce8       0x18 
 COMMON         0x0000000000035d00      0x420 obj_cooja/mtype278.a(log.o)
                0x0000000000035d00                simLoggedLength
                0x0000000000035d04                simLoggedFlag
                0x0000000000035d20                simLoggedData
 COMMON         0x0000000000036120      0x240 obj_cooja/mtype278.a(cooja-radio.o)
                0x0000000000036120                simOutDataBuffer
                0x00000000000361a0                simRadioTarget
                0x00000000000361c0                simInDataBufferLR
                0x0000000000036240                simOutDataBufferLR
                0x00000000000362c0                dual_duty_cycle_count
                0x00000000000362e0                simInDataBuffer
 COMMON         0x0000000000036360      0x400 obj_cooja/mtype278.a(eeprom.o)
                0x0000000000036360                simEEPROMData
 COMMON         0x0000000000036760        0x1 obj_cooja/mtype278.a(sensors.o)
                0x0000000000036760                sensors_event
 *fill*         0x0000000000036761        0x3 
 COMMON         0x0000000000036764        0x4 obj_cooja/mtype278.a(log_message.o)
                0x0000000000036764                log_fp
 COMMON         0x0000000000036768        0x1 obj_cooja/mtype278.a(serial-line.o)
                0x0000000000036768                serial_line_event_message
 *fill*         0x0000000000036769       0x17 
 COMMON         0x0000000000036780       0x50 obj_cooja/mtype278.a(uip-ds6-nbr.o)
                0x0000000000036780                ds6_lr_addrmap
 *fill*         0x00000000000367d0       0x10 
 COMMON         0x00000000000367e0      0x298 obj_cooja/mtype278.a(uip-ds6.o)
                0x00000000000367e0                uip_ds6_prefix_list
                0x0000000000036840                uip_ds6_timer_periodic
                0x0000000000036850                uip_ds6_netif_addr_list_offset
                0x0000000000036860                uip_ds6_if
                0x0000000000036958                uip_ds6_timer_ra
                0x0000000000036960                uip_ds6_addr_size
                0x0000000000036980                long_uip_ds6_if
 *fill*         0x0000000000036a78        0x8 
 COMMON         0x0000000000036a80      0x8ec obj_cooja/mtype278.a(uip6.o)
                0x0000000000036a80                uip_slen
                0x0000000000036a82                uip_acc32
                0x0000000000036aa0                uip_conns
                0x0000000000036b60                uip_lladdr
                0x0000000000036b68                uip_appdata
                0x0000000000036b6c                uip_flags
                0x0000000000036b80                uip_aligned_buf
                0x00000000000371c0                uip_listenports
                0x00000000000371d0                uip_len
                0x00000000000371d2                uip_long_lladdr
                0x00000000000371dc                uip_sappdata
                0x00000000000371e0                uip_udp_conns
                0x0000000000037360                uip_udp_conn
                0x0000000000037364                uip_next_hdr
                0x0000000000037368                uip_conn
 COMMON         0x000000000003736c        0x1 obj_cooja/mtype278.a(tcpip.o)
                0x000000000003736c                tcpip_event
 *fill*         0x000000000003736d       0x13 
 COMMON         0x0000000000037380      0x198 obj_cooja/mtype278.a(rpl-dag.o)
                0x0000000000037380                default_instance
                0x00000000000373a0                instance_table
 COMMON         0x0000000000037518       0x10 obj_cooja/mtype278.a(linkaddr.o)
                0x0000000000037518                linkaddr_node_addr
                0x0000000000037520                long_linkaddr_node_addr
 COMMON         0x0000000000037528       0x2e obj_cooja/mtype278.a(packetbuf.o)
                0x0000000000037528                packetbuf_attrs
                0x0000000000037546                packetbuf_addrs
 *fill*         0x0000000000037556        0xa 
 COMMON         0x0000000000037560       0x48 obj_cooja/mtype278.a(rimestats.o)
                0x0000000000037560                rimestats
                0x00000000000375a8                . = ALIGN ((. != 0x0)?0x4:0x1)
                0x00000000000375a8                . = ALIGN (0x4)
                0x00000000000375a8                . = SEGMENT_START ("ldata-segment", .)
                0x00000000000375a8                . = ALIGN (0x4)
                0x00000000000375a8                _end = .
                0x00000000000375a8                PROVIDE (end, .)
                0x00000000000375a8                . = DATA_SEGMENT_END (.)

.stab
 *(.stab)

.stabstr
 *(.stabstr)

.stab.excl
 *(.stab.excl)

.stab.exclstr
 *(.stab.exclstr)

.stab.index
 *(.stab.index)

.stab.indexstr
 *(.stab.indexstr)

.comment        0x0000000000000000       0x29
 *(.comment)
 .comment       0x0000000000000000       0x29 /usr/lib/gcc/i686-linux-gnu/4.8/crtbeginS.o
                                         0x2a (size before relaxing)
 .comment       0x0000000000000000       0x2a udp-server.co
 .comment       0x0000000000000000       0x2a obj_cooja/mtype278.o
 .comment       0x0000000000000000       0x2a obj_cooja/mtype278.a(simEnvChange.o)
 .comment       0x0000000000000000       0x2a obj_cooja/mtype278.a(cooja_mt.o)
 .comment       0x0000000000000000       0x2a obj_cooja/mtype278.a(cooja_mtarch.o)
 .comment       0x0000000000000000       0x2a obj_cooja/mtype278.a(rtimer-arch.o)
 .comment       0x0000000000000000       0x2a obj_cooja/mtype278.a(beep.o)
 .comment       0x0000000000000000       0x2a obj_cooja/mtype278.a(button-sensor.o)
 .comment       0x0000000000000000       0x2a obj_cooja/mtype278.a(leds-arch.o)
 .comment       0x0000000000000000       0x2a obj_cooja/mtype278.a(moteid.o)
 .comment       0x0000000000000000       0x2a obj_cooja/mtype278.a(pir-sensor.o)
 .comment       0x0000000000000000       0x2a obj_cooja/mtype278.a(rs232.o)
 .comment       0x0000000000000000       0x2a obj_cooja/mtype278.a(vib-sensor.o)
 .comment       0x0000000000000000       0x2a obj_cooja/mtype278.a(clock.o)
 .comment       0x0000000000000000       0x2a obj_cooja/mtype278.a(log.o)
 .comment       0x0000000000000000       0x2a obj_cooja/mtype278.a(cfs-cooja.o)
 .comment       0x0000000000000000       0x2a obj_cooja/mtype278.a(cooja-radio.o)
 .comment       0x0000000000000000       0x2a obj_cooja/mtype278.a(eeprom.o)
 .comment       0x0000000000000000       0x2a obj_cooja/mtype278.a(random.o)
 .comment       0x0000000000000000       0x2a obj_cooja/mtype278.a(sensors.o)
 .comment       0x0000000000000000       0x2a obj_cooja/mtype278.a(leds.o)
 .comment       0x0000000000000000       0x2a obj_cooja/mtype278.a(dual_conf.o)
 .comment       0x0000000000000000       0x2a obj_cooja/mtype278.a(autostart.o)
 .comment       0x0000000000000000       0x2a obj_cooja/mtype278.a(ctimer.o)
 .comment       0x0000000000000000       0x2a obj_cooja/mtype278.a(etimer.o)
 .comment       0x0000000000000000       0x2a obj_cooja/mtype278.a(log_message.o)
 .comment       0x0000000000000000       0x2a obj_cooja/mtype278.a(process.o)
 .comment       0x0000000000000000       0x2a obj_cooja/mtype278.a(residual.o)
 .comment       0x0000000000000000       0x2a obj_cooja/mtype278.a(rtimer.o)
 .comment       0x0000000000000000       0x2a obj_cooja/mtype278.a(timer.o)
 .comment       0x0000000000000000       0x2a obj_cooja/mtype278.a(serial-line.o)
 .comment       0x0000000000000000       0x2a obj_cooja/mtype278.a(list.o)
 .comment       0x0000000000000000       0x2a obj_cooja/mtype278.a(ringbuf.o)
 .comment       0x0000000000000000       0x2a obj_cooja/mtype278.a(sicslowpan.o)
 .comment       0x0000000000000000       0x2a obj_cooja/mtype278.a(uip-ds6-nbr.o)
 .comment       0x0000000000000000       0x2a obj_cooja/mtype278.a(uip-ds6.o)
 .comment       0x0000000000000000       0x2a obj_cooja/mtype278.a(uip6.o)
 .comment       0x0000000000000000       0x2a obj_cooja/mtype278.a(tcpip.o)
 .comment       0x0000000000000000       0x2a obj_cooja/mtype278.a(uip-debug.o)
 .comment       0x0000000000000000       0x2a obj_cooja/mtype278.a(uip-packetqueue)
 .comment       0x0000000000000000       0x2a obj_cooja/mtype278.a(rpl-dag.o)
 .comment       0x0000000000000000       0x2a obj_cooja/mtype278.a(rpl-ext-header.)
 .comment       0x0000000000000000       0x2a obj_cooja/mtype278.a(rpl-icmp6.o)
 .comment       0x0000000000000000       0x2a obj_cooja/mtype278.a(rpl-ltmax.o)
 .comment       0x0000000000000000       0x2a obj_cooja/mtype278.a(rpl-timers.o)
 .comment       0x0000000000000000       0x2a obj_cooja/mtype278.a(rpl.o)
 .comment       0x0000000000000000       0x2a obj_cooja/mtype278.a(framer-802154.o)
 .comment       0x0000000000000000       0x2a obj_cooja/mtype278.a(nullmac.o)
 .comment       0x0000000000000000       0x2a obj_cooja/mtype278.a(cxmac.o)
 .comment       0x0000000000000000       0x2a obj_cooja/mtype278.a(linkaddr.o)
 .comment       0x0000000000000000       0x2a obj_cooja/mtype278.a(nbr-table.o)
 .comment       0x0000000000000000       0x2a obj_cooja/mtype278.a(netstack.o)
 .comment       0x0000000000000000       0x2a obj_cooja/mtype278.a(packetbuf.o)
 .comment       0x0000000000000000       0x2a obj_cooja/mtype278.a(queuebuf.o)
 .comment       0x0000000000000000       0x2a obj_cooja/mtype278.a(nullsec.o)
 .comment       0x0000000000000000       0x2a obj_cooja/mtype278.a(watchdog.o)
 .comment       0x0000000000000000       0x2a obj_cooja/mtype278.a(rimestats.o)
 .comment       0x0000000000000000       0x2a obj_cooja/mtype278.a(stimer.o)
 .comment       0x0000000000000000       0x2a obj_cooja/mtype278.a(memb.o)
 .comment       0x0000000000000000       0x2a obj_cooja/mtype278.a(uip-ds6-route.o)
 .comment       0x0000000000000000       0x2a obj_cooja/mtype278.a(uip-icmp6.o)
 .comment       0x0000000000000000       0x2a obj_cooja/mtype278.a(uip-nd6.o)
 .comment       0x0000000000000000       0x2a obj_cooja/mtype278.a(rpl-nbr-policy.)
 .comment       0x0000000000000000       0x2a obj_cooja/mtype278.a(frame802154.o)
 .comment       0x0000000000000000       0x2a obj_cooja/mtype278.a(mac.o)
 .comment       0x0000000000000000       0x2a /usr/lib/gcc/i686-linux-gnu/4.8/crtendS.o

.debug
 *(.debug)

.line
 *(.line)

.debug_srcinfo
 *(.debug_srcinfo)

.debug_sfnames
 *(.debug_sfnames)

.debug_aranges  0x0000000000000000      0x818
 *(.debug_aranges)
 .debug_aranges
                0x0000000000000000       0x20 udp-server.co
 .debug_aranges
                0x0000000000000020       0x20 obj_cooja/mtype278.o
 .debug_aranges
                0x0000000000000040       0x20 obj_cooja/mtype278.a(simEnvChange.o)
 .debug_aranges
                0x0000000000000060       0x20 obj_cooja/mtype278.a(cooja_mt.o)
 .debug_aranges
                0x0000000000000080       0x20 obj_cooja/mtype278.a(cooja_mtarch.o)
 .debug_aranges
                0x00000000000000a0       0x20 obj_cooja/mtype278.a(rtimer-arch.o)
 .debug_aranges
                0x00000000000000c0       0x20 obj_cooja/mtype278.a(beep.o)
 .debug_aranges
                0x00000000000000e0       0x20 obj_cooja/mtype278.a(button-sensor.o)
 .debug_aranges
                0x0000000000000100       0x20 obj_cooja/mtype278.a(leds-arch.o)
 .debug_aranges
                0x0000000000000120       0x20 obj_cooja/mtype278.a(moteid.o)
 .debug_aranges
                0x0000000000000140       0x20 obj_cooja/mtype278.a(pir-sensor.o)
 .debug_aranges
                0x0000000000000160       0x20 obj_cooja/mtype278.a(rs232.o)
 .debug_aranges
                0x0000000000000180       0x20 obj_cooja/mtype278.a(vib-sensor.o)
 .debug_aranges
                0x00000000000001a0       0x20 obj_cooja/mtype278.a(clock.o)
 .debug_aranges
                0x00000000000001c0       0x20 obj_cooja/mtype278.a(log.o)
 .debug_aranges
                0x00000000000001e0       0x20 obj_cooja/mtype278.a(cfs-cooja.o)
 .debug_aranges
                0x0000000000000200       0x20 obj_cooja/mtype278.a(cooja-radio.o)
 .debug_aranges
                0x0000000000000220       0x20 obj_cooja/mtype278.a(eeprom.o)
 .debug_aranges
                0x0000000000000240       0x20 obj_cooja/mtype278.a(random.o)
 .debug_aranges
                0x0000000000000260       0x20 obj_cooja/mtype278.a(sensors.o)
 .debug_aranges
                0x0000000000000280       0x20 obj_cooja/mtype278.a(leds.o)
 .debug_aranges
                0x00000000000002a0       0x20 obj_cooja/mtype278.a(dual_conf.o)
 .debug_aranges
                0x00000000000002c0       0x20 obj_cooja/mtype278.a(autostart.o)
 .debug_aranges
                0x00000000000002e0       0x20 obj_cooja/mtype278.a(ctimer.o)
 .debug_aranges
                0x0000000000000300       0x20 obj_cooja/mtype278.a(etimer.o)
 .debug_aranges
                0x0000000000000320       0x20 obj_cooja/mtype278.a(log_message.o)
 .debug_aranges
                0x0000000000000340       0x20 obj_cooja/mtype278.a(process.o)
 .debug_aranges
                0x0000000000000360       0x20 obj_cooja/mtype278.a(residual.o)
 .debug_aranges
                0x0000000000000380       0x20 obj_cooja/mtype278.a(rtimer.o)
 .debug_aranges
                0x00000000000003a0       0x20 obj_cooja/mtype278.a(timer.o)
 .debug_aranges
                0x00000000000003c0       0x20 obj_cooja/mtype278.a(serial-line.o)
 .debug_aranges
                0x00000000000003e0       0x20 obj_cooja/mtype278.a(list.o)
 .debug_aranges
                0x0000000000000400       0x20 obj_cooja/mtype278.a(ringbuf.o)
 .debug_aranges
                0x0000000000000420       0x20 obj_cooja/mtype278.a(sicslowpan.o)
 .debug_aranges
                0x0000000000000440       0x20 obj_cooja/mtype278.a(uip-ds6-nbr.o)
 .debug_aranges
                0x0000000000000460       0x20 obj_cooja/mtype278.a(uip-ds6.o)
 .debug_aranges
                0x0000000000000480       0x20 obj_cooja/mtype278.a(uip6.o)
 .debug_aranges
                0x00000000000004a0       0x20 obj_cooja/mtype278.a(tcpip.o)
 .debug_aranges
                0x00000000000004c0       0x20 obj_cooja/mtype278.a(uip-debug.o)
 .debug_aranges
                0x00000000000004e0       0x20 obj_cooja/mtype278.a(uip-packetqueue)
 .debug_aranges
                0x0000000000000500       0x20 obj_cooja/mtype278.a(rpl-dag.o)
 .debug_aranges
                0x0000000000000520       0x20 obj_cooja/mtype278.a(rpl-ext-header.)
 .debug_aranges
                0x0000000000000540       0x20 obj_cooja/mtype278.a(rpl-icmp6.o)
 .debug_aranges
                0x0000000000000560       0x20 obj_cooja/mtype278.a(rpl-ltmax.o)
 .debug_aranges
                0x0000000000000580       0x20 obj_cooja/mtype278.a(rpl-timers.o)
 .debug_aranges
                0x00000000000005a0       0x20 obj_cooja/mtype278.a(rpl.o)
 .debug_aranges
                0x00000000000005c0       0x20 obj_cooja/mtype278.a(framer-802154.o)
 .debug_aranges
                0x00000000000005e0       0x20 obj_cooja/mtype278.a(nullmac.o)
 .debug_aranges
                0x0000000000000600       0x20 obj_cooja/mtype278.a(cxmac.o)
 .debug_aranges
                0x0000000000000620       0x20 obj_cooja/mtype278.a(linkaddr.o)
 .debug_aranges
                0x0000000000000640       0x20 obj_cooja/mtype278.a(nbr-table.o)
 .debug_aranges
                0x0000000000000660       0x20 obj_cooja/mtype278.a(netstack.o)
 .debug_aranges
                0x0000000000000680       0x20 obj_cooja/mtype278.a(packetbuf.o)
 .debug_aranges
                0x00000000000006a0       0x20 obj_cooja/mtype278.a(queuebuf.o)
 .debug_aranges
                0x00000000000006c0       0x20 obj_cooja/mtype278.a(nullsec.o)
 .debug_aranges
                0x00000000000006e0       0x20 obj_cooja/mtype278.a(watchdog.o)
 .debug_aranges
                0x0000000000000700       0x18 obj_cooja/mtype278.a(rimestats.o)
 .debug_aranges
                0x0000000000000718       0x20 obj_cooja/mtype278.a(stimer.o)
 .debug_aranges
                0x0000000000000738       0x20 obj_cooja/mtype278.a(memb.o)
 .debug_aranges
                0x0000000000000758       0x20 obj_cooja/mtype278.a(uip-ds6-route.o)
 .debug_aranges
                0x0000000000000778       0x20 obj_cooja/mtype278.a(uip-icmp6.o)
 .debug_aranges
                0x0000000000000798       0x20 obj_cooja/mtype278.a(uip-nd6.o)
 .debug_aranges
                0x00000000000007b8       0x20 obj_cooja/mtype278.a(rpl-nbr-policy.)
 .debug_aranges
                0x00000000000007d8       0x20 obj_cooja/mtype278.a(frame802154.o)
 .debug_aranges
                0x00000000000007f8       0x20 obj_cooja/mtype278.a(mac.o)

.debug_pubnames
 *(.debug_pubnames)

.debug_info     0x0000000000000000    0x1d855
 *(.debug_info .gnu.linkonce.wi.*)
 .debug_info    0x0000000000000000      0xe93 udp-server.co
 .debug_info    0x0000000000000e93     0x3ac4 obj_cooja/mtype278.o
 .debug_info    0x0000000000004957      0x15a obj_cooja/mtype278.a(simEnvChange.o)
 .debug_info    0x0000000000004ab1      0x1e2 obj_cooja/mtype278.a(cooja_mt.o)
 .debug_info    0x0000000000004c93      0x2e7 obj_cooja/mtype278.a(cooja_mtarch.o)
 .debug_info    0x0000000000004f7a      0x16b obj_cooja/mtype278.a(rtimer-arch.o)
 .debug_info    0x00000000000050e5      0x1f3 obj_cooja/mtype278.a(beep.o)
 .debug_info    0x00000000000052d8      0x257 obj_cooja/mtype278.a(button-sensor.o)
 .debug_info    0x000000000000552f      0x132 obj_cooja/mtype278.a(leds-arch.o)
 .debug_info    0x0000000000005661      0x10a obj_cooja/mtype278.a(moteid.o)