Archive member included to satisfy reference by file (symbol)

obj_cooja/mtype328.a(simEnvChange.o)
                              obj_cooja/mtype328.o (simDontFallAsleep)
obj_cooja/mtype328.a(cooja_mt.o)
                              obj_cooja/mtype328.o (cooja_mt_start)
obj_cooja/mtype328.a(cooja_mtarch.o)
                              obj_cooja/mtype328.a(cooja_mt.o) (cooja_mtarch_init)
obj_cooja/mtype328.a(rtimer-arch.o)
                              obj_cooja/mtype328.o (rtimer_arch_next)
obj_cooja/mtype328.a(beep.o)  obj_cooja/mtype328.o (beep_interface)
obj_cooja/mtype328.a(button-sensor.o)
                              obj_cooja/mtype328.o (button_interface)
obj_cooja/mtype328.a(leds-arch.o)
                              obj_cooja/mtype328.o (leds_interface)
obj_cooja/mtype328.a(moteid.o)
                              obj_cooja/mtype328.o (moteid_interface)
obj_cooja/mtype328.a(pir-sensor.o)
                              obj_cooja/mtype328.o (pir_interface)
obj_cooja/mtype328.a(rs232.o)
                              obj_cooja/mtype328.o (rs232_interface)
obj_cooja/mtype328.a(vib-sensor.o)
                              obj_cooja/mtype328.o (vib_interface)
obj_cooja/mtype328.a(clock.o)
                              obj_cooja/mtype328.o (clock_interface)
obj_cooja/mtype328.a(log.o)   obj_cooja/mtype328.o (simlog_interface)
obj_cooja/mtype328.a(cfs-cooja.o)
                              obj_cooja/mtype328.o (cfs_interface)
obj_cooja/mtype328.a(cooja-radio.o)
                              obj_cooja/mtype328.o (radio_interface)
obj_cooja/mtype328.a(eeprom.o)
                              obj_cooja/mtype328.o (eeprom_interface)
obj_cooja/mtype328.a(random.o)
                              obj_cooja/mtype328.a(moteid.o) (random_init)
obj_cooja/mtype328.a(sensors.o)
                              obj_cooja/mtype328.o (sensors_process)
obj_cooja/mtype328.a(autostart.o)
                              obj_cooja/mtype328.o (autostart_start)
obj_cooja/mtype328.a(ctimer.o)
                              obj_cooja/mtype328.o (ctimer_init)
obj_cooja/mtype328.a(etimer.o)
                              obj_cooja/mtype328.o (etimer_process)
obj_cooja/mtype328.a(log_message.o)
                              obj_cooja/mtype328.o (log_initialization)
obj_cooja/mtype328.a(process.o)
                              udp-client.co (process_current)
obj_cooja/mtype328.a(residual.o)
                              udp-client.co (get_residual_energy)
obj_cooja/mtype328.a(rtimer.o)
                              obj_cooja/mtype328.a(rtimer-arch.o) (rtimer_run_next)
obj_cooja/mtype328.a(stimer.o)
                              udp-client.co (stimer_remaining)
obj_cooja/mtype328.a(timer.o)
                              obj_cooja/mtype328.a(button-sensor.o) (timer_set)
obj_cooja/mtype328.a(serial-line.o)
                              udp-client.co (serial_line_event_message)
obj_cooja/mtype328.a(list.o)  obj_cooja/mtype328.a(ctimer.o) (list_init)
obj_cooja/mtype328.a(ringbuf.o)
                              obj_cooja/mtype328.a(serial-line.o) (ringbuf_init)
obj_cooja/mtype328.a(sicslowpan.o)
                              obj_cooja/mtype328.o (sicslowpan_driver)
obj_cooja/mtype328.a(uip-ds6-nbr.o)
                              obj_cooja/mtype328.a(sicslowpan.o) (uip_ds6_link_neighbor_callback)
obj_cooja/mtype328.a(uip-ds6-route.o)
                              udp-client.co (uip_ds6_route_nexthop)
obj_cooja/mtype328.a(uip-ds6.o)
                              udp-client.co (uip_ds6_if)
obj_cooja/mtype328.a(uip6.o)  udp-client.co (uip_lladdr)
obj_cooja/mtype328.a(tcpip.o)
                              udp-client.co (tcpip_event)
obj_cooja/mtype328.a(uip-debug.o)
                              udp-client.co (uip_debug_ipaddr_print)
obj_cooja/mtype328.a(uip-packetqueue)
                              obj_cooja/mtype328.a(uip-ds6-nbr.o) (uip_packetqueue_new)
obj_cooja/mtype328.a(uip-udp-packet.)
                              udp-client.co (uip_udp_packet_sendto)
obj_cooja/mtype328.a(rpl-dag.o)
                              obj_cooja/mtype328.a(tcpip.o) (rpl_repair_root)
obj_cooja/mtype328.a(rpl-ext-header.)
                              obj_cooja/mtype328.a(uip6.o) (rpl_verify_header)
obj_cooja/mtype328.a(rpl-icmp6.o)
                              obj_cooja/mtype328.a(rpl-dag.o) (rpl_icmp6_update_nbr_table)
obj_cooja/mtype328.a(rpl-of0.o)
                              obj_cooja/mtype328.a(rpl-dag.o) (rpl_of0)
obj_cooja/mtype328.a(rpl-timers.o)
                              obj_cooja/mtype328.a(rpl-dag.o) (rpl_reset_dio_timer)
obj_cooja/mtype328.a(rpl.o)   obj_cooja/mtype328.a(rpl-icmp6.o) (rpl_get_mode)
obj_cooja/mtype328.a(framer-802154.o)
                              obj_cooja/mtype328.a(sicslowpan.o) (framer_802154)
obj_cooja/mtype328.a(nullmac.o)
                              obj_cooja/mtype328.o (nullmac_driver)
obj_cooja/mtype328.a(cxmac.o)
                              obj_cooja/mtype328.o (cxmac_driver)
obj_cooja/mtype328.a(linkaddr.o)
[...]
Memory Configuration

Name             Origin             Length             Attributes
*default*        0x0000000000000000 0xffffffffffffffff

Linker script and memory map

LOAD /usr/lib/gcc/i686-linux-gnu/4.8/../../../i386-linux-gnu/crti.o
LOAD /usr/lib/gcc/i686-linux-gnu/4.8/crtbeginS.o
LOAD udp-client.co
LOAD obj_cooja/mtype328.o
LOAD obj_cooja/mtype328.a
LOAD /usr/lib/gcc/i686-linux-gnu/4.8/libgcc.a
LOAD /usr/lib/gcc/i686-linux-gnu/4.8/libgcc_s.so
LOAD /usr/lib/gcc/i686-linux-gnu/4.8/../../../i386-linux-gnu/libc.so
START GROUP
LOAD /lib/i386-linux-gnu/libc.so.6
LOAD /usr/lib/i386-linux-gnu/libc_nonshared.a
LOAD /lib/i386-linux-gnu/ld-linux.so.2
END GROUP
LOAD /usr/lib/gcc/i686-linux-gnu/4.8/libgcc.a
LOAD /usr/lib/gcc/i686-linux-gnu/4.8/libgcc_s.so
LOAD /usr/lib/gcc/i686-linux-gnu/4.8/crtendS.o
LOAD /usr/lib/gcc/i686-linux-gnu/4.8/../../../i386-linux-gnu/crtn.o
                0x0000000000000114                . = (0x0 + SIZEOF_HEADERS)

.note.gnu.build-id
                0x0000000000000114       0x24
 *(.note.gnu.build-id)
 .note.gnu.build-id
                0x0000000000000114       0x24 /usr/lib/gcc/i686-linux-gnu/4.8/../../../i386-linux-gnu/crti.o

.hash
 *(.hash)

.gnu.hash       0x0000000000000138     0x12cc
 *(.gnu.hash)
 .gnu.hash      0x0000000000000138     0x12cc /usr/lib/gcc/i686-linux-gnu/4.8/../../../i386-linux-gnu/crti.o

.dynsym         0x0000000000001404     0x2390
 *(.dynsym)
 .dynsym        0x0000000000001404     0x2390 /usr/lib/gcc/i686-linux-gnu/4.8/../../../i386-linux-gnu/crti.o

.dynstr         0x0000000000003794     0x2491
 *(.dynstr)
 .dynstr        0x0000000000003794     0x2491 /usr/lib/gcc/i686-linux-gnu/4.8/../../../i386-linux-gnu/crti.o

.gnu.version    0x0000000000005c26      0x472
 *(.gnu.version)
 .gnu.version   0x0000000000005c26      0x472 /usr/lib/gcc/i686-linux-gnu/4.8/../../../i386-linux-gnu/crti.o

.gnu.version_d  0x0000000000006098        0x0
 *(.gnu.version_d)
 .gnu.version_d
                0x0000000000000000        0x0 /usr/lib/gcc/i686-linux-gnu/4.8/../../../i386-linux-gnu/crti.o

.gnu.version_r  0x0000000000006098       0x50
 *(.gnu.version_r)
 .gnu.version_r
                0x0000000000006098       0x50 /usr/lib/gcc/i686-linux-gnu/4.8/../../../i386-linux-gnu/crti.o

.rel.dyn        0x00000000000060e8     0x85f8
 *(.rel.init)
 .rel.init      0x0000000000000000        0x0 /usr/lib/gcc/i686-linux-gnu/4.8/../../../i386-linux-gnu/crti.o
 *(.rel.text .rel.text.* .rel.gnu.linkonce.t.*)
 .rel.text      0x00000000000060e8     0x7e90 /usr/lib/gcc/i686-linux-gnu/4.8/../../../i386-linux-gnu/crti.o
 *(.rel.fini)
 .rel.fini      0x0000000000000000        0x0 /usr/lib/gcc/i686-linux-gnu/4.8/../../../i386-linux-gnu/crti.o
 *(.rel.rodata .rel.rodata.* .rel.gnu.linkonce.r.*)
 .rel.rodata    0x000000000000df78      0x4e0 /usr/lib/gcc/i686-linux-gnu/4.8/../../../i386-linux-gnu/crti.o
 *(.rel.data.rel.ro .rel.data.rel.ro.* .rel.gnu.linkonce.d.rel.ro.*)
 *(.rel.data .rel.data.* .rel.gnu.linkonce.d.*)
 .rel.data.rel  0x000000000000e458        0x8 /usr/lib/gcc/i686-linux-gnu/4.8/../../../i386-linux-gnu/crti.o
 .rel.data      0x000000000000e460      0x248 /usr/lib/gcc/i686-linux-gnu/4.8/../../../i386-linux-gnu/crti.o
 *(.rel.tdata .rel.tdata.* .rel.gnu.linkonce.td.*)
 *(.rel.tbss .rel.tbss.* .rel.gnu.linkonce.tb.*)
 *(.rel.ctors)
 *(.rel.dtors)
 *(.rel.got)
 .rel.got       0x000000000000e6a8       0x28 /usr/lib/gcc/i686-linux-gnu/4.8/../../../i386-linux-gnu/crti.o
 *(.rel.bss .rel.bss.* .rel.gnu.linkonce.b.*)
 *(.rel.ifunc)
 .rel.ifunc     0x0000000000000000        0x0 /usr/lib/gcc/i686-linux-gnu/4.8/../../../i386-linux-gnu/crti.o
 .rel.fini_array
                0x000000000000e6d0        0x8 /usr/lib/gcc/i686-linux-gnu/4.8/../../../i386-linux-gnu/crti.o
 .rel.init_array
                0x000000000000e6d8        0x8 /usr/lib/gcc/i686-linux-gnu/4.8/../../../i386-linux-gnu/crti.o

.rel.plt        0x000000000000e6e0       0x10
 *(.rel.plt)
 .rel.plt       0x000000000000e6e0       0x10 /usr/lib/gcc/i686-linux-gnu/4.8/../../../i386-linux-gnu/crti.o
 *(.rel.iplt)

.init           0x000000000000e6f0       0x23
 *(SORT(.init))
 .init          0x000000000000e6f0       0x1e /usr/lib/gcc/i686-linux-gnu/4.8/../../../i386-linux-gnu/crti.o
                0x000000000000e6f0                _init
 .init          0x000000000000e70e        0x5 /usr/lib/gcc/i686-linux-gnu/4.8/../../../i386-linux-gnu/crtn.o

.plt            0x000000000000e720       0x30
 *(.plt)
 .plt           0x000000000000e720       0x30 /usr/lib/gcc/i686-linux-gnu/4.8/../../../i386-linux-gnu/crti.o
 *(.iplt)

.text           0x000000000000e750    0x14a83
 *(.text.unlikely .text.*_unlikely .text.unlikely.*)
 *(.text.exit .text.exit.*)
 *(.text.startup .text.startup.*)
 *(.text.hot .text.hot.*)
 *(.text .stub .text.* .gnu.linkonce.t.*)
 .text          0x000000000000e750        0x0 /usr/lib/gcc/i686-linux-gnu/4.8/../../../i386-linux-gnu/crti.o
 .gnu.linkonce.t.__x86.get_pc_thunk.bx
                0x000000000000e750        0x4 /usr/lib/gcc/i686-linux-gnu/4.8/../../../i386-linux-gnu/crti.o
                0x000000000000e750                __x86.get_pc_thunk.bx
 *fill*         0x000000000000e754        0xc 
 .text          0x000000000000e760      0x11b /usr/lib/gcc/i686-linux-gnu/4.8/crtbeginS.o
 .text          0x000000000000e87b      0x784 udp-client.co
 .text          0x000000000000efff      0x734 obj_cooja/mtype328.o
                0x000000000000f135                contiki_init
                0x000000000000f54a                Java_org_contikios_cooja_corecomm_Lib28_init
                0x000000000000f58a                Java_org_contikios_cooja_corecomm_Lib28_getMemory
                0x000000000000f5ca                Java_org_contikios_cooja_corecomm_Lib28_setMemory
                0x000000000000f641                Java_org_contikios_cooja_corecomm_Lib28_tick
                0x000000000000f721                Java_org_contikios_cooja_corecomm_Lib28_setReferenceAddress
 .text          0x000000000000f733       0x63 obj_cooja/mtype328.a(simEnvChange.o)
                0x000000000000f733                doActionsBeforeTick
                0x000000000000f764                doActionsAfterTick
 .text          0x000000000000f796       0xbc obj_cooja/mtype328.a(cooja_mt.o)
                0x000000000000f796                cooja_mt_init
                0x000000000000f7a3                cooja_mt_remove
                0x000000000000f7b0                cooja_mt_start
                0x000000000000f7dd                cooja_mt_exec
                0x000000000000f80e                cooja_mt_exit
                0x000000000000f830                cooja_mt_yield
 .text          0x000000000000f852      0x115 obj_cooja/mtype328.a(cooja_mtarch.o)
                0x000000000000f852                cooja_mtarch_init
                0x000000000000f857                cooja_mtarch_start
                0x000000000000f8d2                cooja_sw
                0x000000000000f8f4                cooja_mtarch_exec
                0x000000000000f910                cooja_mtarch_remove
                0x000000000000f915                cooja_mtarch_yield
                0x000000000000f91f                cooja_mtarch_pstop
                0x000000000000f924                cooja_mtarch_pstart
                0x000000000000f929                cooja_mtarch_stack_usage
 .text          0x000000000000f967       0xc2 obj_cooja/mtype328.a(rtimer-arch.o)
                0x000000000000f967                rtimer_arch_init
                0x000000000000f98a                rtimer_arch_schedule
                0x000000000000f9a1                rtimer_arch_next
                0x000000000000f9ab                rtimer_arch_pending
                0x000000000000f9b5                rtimer_arch_check
                0x000000000000f9e7                rtimer_arch_now
 .text          0x000000000000fa29       0x76 obj_cooja/mtype328.a(beep.o)
                0x000000000000fa29                beep_alarm
                0x000000000000fa35                beep_beep
                0x000000000000fa41                beep
                0x000000000000fa4d                beep_down
                0x000000000000fa59                beep_on
                0x000000000000fa65                beep_off
                0x000000000000fa71                beep_spinup
                0x000000000000fa7d                beep_quick
                0x000000000000fa89                beep_long
 .text          0x000000000000fa9f      0x103 obj_cooja/mtype328.a(button-sensor.o)
 .text          0x000000000000fba2       0x45 obj_cooja/mtype328.a(leds-arch.o)
                0x000000000000fba2                leds_arch_init
                0x000000000000fbae                leds_arch_get
                0x000000000000fbba                leds_arch_set
 .text          0x000000000000fbe7       0x2f obj_cooja/mtype328.a(moteid.o)
 .text          0x000000000000fc16       0xb1 obj_cooja/mtype328.a(pir-sensor.o)
 .text          0x000000000000fcc7      0x131 obj_cooja/mtype328.a(rs232.o)
                0x000000000000fcc7                rs232_init
                0x000000000000fccc                rs232_set_speed
                0x000000000000fcda                rs232_set_input
                0x000000000000fce7                rs232_send
                0x000000000000fd09                rs232_print
                0x000000000000fd24                slip_arch_writeb
 .text          0x000000000000fdf8       0xb1 obj_cooja/mtype328.a(vib-sensor.o)
 .text          0x000000000000fea9       0x34 obj_cooja/mtype328.a(clock.o)
                0x000000000000fea9                clock_init
                0x000000000000feae                clock_time
                0x000000000000feb8                clock_seconds
                0x000000000000fece                clock_delay
 .text          0x000000000000fedd      0x1ed obj_cooja/mtype328.a(log.o)
                0x000000000000fedd                simlog_char
                0x000000000000ff1f                simlog
                0x000000000000ff8c                log_message
                0x000000000000ffb4                log_set_putchar_with_slip
                0x000000000000ffc1                log_putchar
                0x0000000000010045                log_puts
                0x0000000000010069                log_printf
 .text          0x00000000000100ca      0x2c4 obj_cooja/mtype328.a(cfs-cooja.o)
                0x00000000000100ca                cfs_open
                0x0000000000010133                cfs_close
                0x000000000001013f                cfs_read
                0x00000000000101dd                cfs_write
                0x00000000000102ba                cfs_seek
                0x0000000000010342                cfs_remove
                0x000000000001036b                cfs_opendir
                0x0000000000010375                cfs_readdir
                0x000000000001037f                cfs_closedir
 .text          0x000000000001038e      0x3e8 obj_cooja/mtype328.a(cooja-radio.o)
                0x00000000000103b8                radio_set_channel
                0x00000000000103c5                radio_set_txpower
                0x00000000000103dc                radio_signal_strength_last
                0x00000000000103e6                radio_signal_strength_current
                0x00000000000103f0                radio_LQI
 .text          0x0000000000010776       0xef obj_cooja/mtype328.a(eeprom.o)
                0x0000000000010776                eeprom_init
                0x000000000001077b                eeprom_read
                0x00000000000107eb                eeprom_write
 .text          0x0000000000010865       0x28 obj_cooja/mtype328.a(random.o)
                0x0000000000010865                random_init
                0x0000000000010880                random_rand
 .text          0x000000000001088d      0x2a1 obj_cooja/mtype328.a(sensors.o)
                0x00000000000108c8                sensors_first
                0x00000000000108d2                sensors_next
                0x00000000000108ef                sensors_changed
                0x000000000001091e                sensors_find
 .text          0x0000000000010b2e       0x8e obj_cooja/mtype328.a(autostart.o)
                0x0000000000010b2e                autostart_start
                0x0000000000010b79                autostart_exit
 .text          0x0000000000010bbc      0x334 obj_cooja/mtype328.a(ctimer.o)
                0x0000000000010cd3                ctimer_init
                0x0000000000010d03                ctimer_set
                0x0000000000010d34                ctimer_set_with_process
                0x0000000000010db0                ctimer_reset
                0x0000000000010dff                ctimer_restart
                0x0000000000010e4e                ctimer_stop
                0x0000000000010e99                ctimer_expired
 .text          0x0000000000010ef0      0x40b obj_cooja/mtype328.a(etimer.o)
                0x0000000000011103                etimer_request_poll
                0x0000000000011187                etimer_set
                0x00000000000111ac                etimer_reset_with_new_interval
                0x00000000000111d3                etimer_reset
                0x00000000000111f1                etimer_restart
                0x000000000001120f                etimer_adjust
                0x000000000001122b                etimer_expired
                0x000000000001123e                etimer_expiration_time
                0x0000000000011250                etimer_start_time
                0x000000000001125a                etimer_pending
                0x000000000001126c                etimer_next_expiration_time
                0x0000000000011286                etimer_stop
 .text          0x00000000000112fb       0xdd obj_cooja/mtype328.a(log_message.o)
                0x00000000000112fb                log_initialization
                0x00000000000113b7                log_finisher
 .text          0x00000000000113d8      0x560 obj_cooja/mtype328.a(process.o)
                0x00000000000113d8                process_alloc_event
                0x00000000000113ed                process_start
                0x00000000000115d6                process_exit
                0x00000000000115f2                process_init
                0x00000000000117c3                process_run
                0x00000000000117f6                process_nevents
                0x0000000000011811                process_post
                0x00000000000118bd                process_post_synch
                0x00000000000118f5                process_poll
                0x0000000000011924                process_is_running
 .text          0x0000000000011938       0x8b obj_cooja/mtype328.a(residual.o)
                0x0000000000011938                get_residual_energy
 .text          0x00000000000119c3       0xba obj_cooja/mtype328.a(rtimer.o)
                0x00000000000119c3                rtimer_init
                0x00000000000119d0                rtimer_set
                0x0000000000011a27                rtimer_run_next
 .text          0x0000000000011a7d       0xa3 obj_cooja/mtype328.a(stimer.o)
                0x0000000000011a7d                stimer_set
                0x0000000000011a98                stimer_reset
                0x0000000000011aaf                stimer_restart
                0x0000000000011ac1                stimer_expired
                0x0000000000011ae8                stimer_remaining
                0x0000000000011b0c                stimer_elapsed
 .text          0x0000000000011b20       0x91 obj_cooja/mtype328.a(timer.o)
                0x0000000000011b20                timer_set
                0x0000000000011b3b                timer_reset
                0x0000000000011b52                timer_restart
                0x0000000000011b64                timer_expired
                0x0000000000011b8d                timer_remaining
 .text          0x0000000000011bb1      0x1fb obj_cooja/mtype328.a(serial-line.o)
                0x0000000000011bb1                serial_line_input_byte
                0x0000000000011d74                serial_line_init
 .text          0x0000000000011dac      0x244 obj_cooja/mtype328.a(list.o)
                0x0000000000011dac                list_init
                0x0000000000011dba                list_head
                0x0000000000011dc4                list_copy
                0x0000000000011dd3                list_tail
                0x0000000000011e09                list_add
                0x0000000000011e52                list_push
                0x0000000000011e7e                list_chop
                0x0000000000011ee8                list_pop
                0x0000000000011f10                list_remove
                0x0000000000011f77                list_length
                0x0000000000011fa5                list_insert
                0x0000000000011fd9                list_item_next
 .text          0x0000000000011ff0      0x155 obj_cooja/mtype328.a(ringbuf.o)
                0x0000000000011ff0                ringbuf_init
                0x0000000000012021                ringbuf_put
                0x000000000001209f                ringbuf_get
                0x000000000001210c                ringbuf_size
                0x000000000001211e                ringbuf_elements
 .text          0x0000000000012145     0x258b obj_cooja/mtype328.a(sicslowpan.o)
                0x00000000000126cf                rime_sniffer_add
                0x00000000000126dc                rime_sniffer_remove
                0x000000000001466f                sicslowpan_init
                0x00000000000146c6                sicslowpan_get_last_rssi
 .text          0x00000000000146d0      0x298 obj_cooja/mtype328.a(uip-ds6-nbr.o)
                0x00000000000146ed                uip_ds6_neighbors_init
                0x000000000001470a                uip_ds6_nbr_add
                0x0000000000014792                uip_ds6_nbr_rm
                0x00000000000147d4                uip_ds6_nbr_get_ipaddr
                0x00000000000147e9                uip_ds6_nbr_get_ll
                0x0000000000014805                uip_ds6_nbr_num
                0x000000000001484a                uip_ds6_nbr_lookup
                0x00000000000148af                uip_ds6_nbr_ll_lookup
                0x00000000000148cb                uip_ds6_nbr_ipaddr_from_lladdr
                0x00000000000148f1                uip_ds6_nbr_lladdr_from_ipaddr
                0x000000000001491f                uip_ds6_link_neighbor_callback
 .text          0x0000000000014968      0x916 obj_cooja/mtype328.a(uip-ds6-route.o)
                0x00000000000149df                uip_ds6_notification_add
                0x0000000000014a10                uip_ds6_notification_rm
                0x0000000000014a2c                uip_ds6_route_init
                0x0000000000014ab4                uip_ds6_route_nexthop
                0x0000000000014adc                uip_ds6_route_head
                0x0000000000014af1                uip_ds6_route_next
                0x0000000000014b17                uip_ds6_route_is_nexthop
                0x0000000000014b56                uip_ds6_route_num_routes
                0x0000000000014b60                uip_ds6_route_lookup
                0x0000000000014c22                uip_ds6_route_add
                0x0000000000014e56                uip_ds6_route_rm
                0x0000000000014fea                uip_ds6_route_rm_by_nexthop
                0x0000000000015022                uip_ds6_defrt_add
                0x00000000000150d3                uip_ds6_defrt_rm
                0x0000000000015152                uip_ds6_defrt_lookup
                0x00000000000151ab                uip_ds6_defrt_choose
                0x0000000000015216                uip_ds6_defrt_periodic
 .text          0x000000000001527e      0xb97 obj_cooja/mtype328.a(uip-ds6.o)
                0x000000000001527e                uip_ds6_init
                0x0000000000015451                uip_ds6_periodic
                0x00000000000154ca                uip_ds6_list_loop
                0x0000000000015571                uip_ds6_prefix_add
                0x000000000001562f                uip_ds6_prefix_rm
                0x0000000000015641                uip_ds6_prefix_lookup
                0x0000000000015692                uip_ds6_is_addr_onlink
                0x0000000000015706                uip_ds6_addr_add
                0x0000000000015834                uip_ds6_addr_rm
                0x00000000000158d4                uip_ds6_addr_lookup
                0x000000000001591f                uip_ds6_get_link_local
                0x000000000001599e                uip_ds6_get_global
                0x0000000000015a1d                uip_ds6_maddr_add
                0x0000000000015a8f                uip_ds6_maddr_rm
                0x0000000000015aa1                uip_ds6_maddr_lookup
                0x0000000000015aec                uip_ds6_aaddr_add
                0x0000000000015b5e                uip_ds6_aaddr_rm
                0x0000000000015b70                uip_ds6_aaddr_lookup
                0x0000000000015bbb                uip_ds6_select_src
                0x0000000000015d00                uip_ds6_set_addr_iid
                0x0000000000015d37                get_match_length
                0x0000000000015dc9                uip_ds6_compute_reachable_time
 .text          0x0000000000015e15     0x29cb obj_cooja/mtype328.a(uip6.o)
                0x0000000000015e15                uip_add32
                0x0000000000015fae                uip_chksum
                0x000000000001609c                uip_icmp6chksum
                0x00000000000160b0                uip_tcpchksum
                0x00000000000160c4                uip_udpchksum
                0x00000000000160d8                uip_init
                0x00000000000161a8                uip_connect
                0x0000000000016357                remove_ext_hdr
                0x000000000001642c                uip_udp_new
                0x0000000000016588                uip_unlisten
                0x00000000000165e8                uip_listen
                0x00000000000168aa                uip_process
                0x00000000000186d4                uip_htons
                0x00000000000186f6                uip_htonl
                0x0000000000018736                uip_send
 .text          0x00000000000187e0      0xa2b obj_cooja/mtype328.a(tcpip.o)
                0x00000000000187e0                tcpip_output
                0x000000000001880e                tcpip_set_outputfunc
                0x00000000000188a2                tcp_connect
                0x00000000000188f7                tcp_unlisten
                0x0000000000018952                tcp_listen
                0x00000000000189ab                tcp_attach
                0x00000000000189d0                udp_attach
                0x00000000000189f5                udp_new
                0x0000000000018a47                udp_broadcast_new
                0x0000000000018cbb                tcpip_input
                0x0000000000018cef                tcpip_ipv6_output
                0x0000000000019051                tcpip_poll_udp
                0x0000000000019074                tcpip_poll_tcp
                0x0000000000019097                tcpip_uipcall
 .text          0x000000000001920b      0x1c1 obj_cooja/mtype328.a(uip-debug.o)
                0x000000000001920b                uip_debug_ipaddr_print
                0x000000000001936d                uip_debug_lladdr_print
 .text          0x00000000000193cc      0x141 obj_cooja/mtype328.a(uip-packetqueue)
                0x00000000000193f8                uip_packetqueue_new
                0x0000000000019406                uip_packetqueue_alloc
                0x0000000000019466                uip_packetqueue_free
                0x00000000000194a7                uip_packetqueue_buf
                0x00000000000194c4                uip_packetqueue_buflen
                0x00000000000194e5                uip_packetqueue_set_buflen
 .text          0x000000000001950d      0x131 obj_cooja/mtype328.a(uip-udp-packet.)
                0x000000000001950d                uip_udp_packet_send
                0x000000000001956d                uip_udp_packet_sendto
 .text          0x000000000001963e     0x25bb obj_cooja/mtype328.a(rpl-dag.o)
                0x000000000001963e                rpl_print_neighbor_list
                0x00000000000196e7                rpl_print_child_neighbor_list
                0x000000000001975c                rpl_get_nbr
                0x00000000000197b6                rpl_get_nbr_child
                0x0000000000019810                rpl_dag_init
                0x0000000000019842                rpl_get_parent
                0x0000000000019864                rpl_get_parent_rank
                0x0000000000019897                rpl_get_parent_link_metric
                0x00000000000198ca                rpl_get_parent_ipaddr
                0x00000000000198f4                rpl_get_child_ipaddr
                0x0000000000019c0f                rpl_set_root
                0x0000000000019e3d                rpl_repair_root
                0x000000000001a079                rpl_set_prefix
                0x000000000001a178                rpl_set_default_route
                0x000000000001a204                rpl_alloc_instance
                0x000000000001a297                rpl_alloc_dag
                0x000000000001a34a                rpl_set_default_instance
                0x000000000001a357                rpl_get_default_instance
                0x000000000001a361                rpl_free_instance
                0x000000000001a412                rpl_free_dag
                0x000000000001a478                rpl_add_parent
                0x000000000001a56e                rpl_find_parent
                0x000000000001a59e                rpl_add_child
                0x000000000001a642                rpl_find_child
                0x000000000001a690                rpl_find_parent_any_dag
                0x000000000001a6cc                rpl_select_dag
                0x000000000001aaef                rpl_select_parent
                0x000000000001ab51                rpl_remove_parent
                0x000000000001ab87                rpl_remove_child
                0x000000000001aba3                rpl_nullify_parent
                0x000000000001ac41                rpl_move_parent
                0x000000000001acde                rpl_has_downward_route
                0x000000000001ad31                rpl_get_any_dag
                0x000000000001ad93                rpl_get_instance
                0x000000000001adf6                rpl_find_of
                0x000000000001ae33                rpl_join_instance
                0x000000000001b0ae                rpl_add_dag
                0x000000000001b49d                rpl_local_repair
                0x000000000001b576                rpl_recalculate_ranks
                0x000000000001b5fc                rpl_process_parent_event
                0x000000000001b6ae                rpl_process_dio
 .text          0x000000000001bbf9      0xbf3 obj_cooja/mtype328.a(rpl-ext-header.)
                0x000000000001bc16                rpl_verify_header
                0x000000000001c090                rpl_update_header_empty
                0x000000000001c3a7                rpl_update_header_final
                0x000000000001c536                rpl_remove_header
                0x000000000001c640                rpl_invert_header
                0x000000000001c7ca                rpl_insert_header
 .text          0x000000000001c7ec     0x1f89 obj_cooja/mtype328.a(rpl-icmp6.o)
                0x000000000001cab5                rpl_icmp6_update_nbr_table
                0x000000000001cba5                dis_output
                0x000000000001d451                dio_output
                0x000000000001e36d                dao_output
                0x000000000001e435                dao_output_target
                0x000000000001e729                dao_ack_output
                0x000000000001e73d                rpl_icmp6_register_handlers
 .text          0x000000000001e775      0x283 obj_cooja/mtype328.a(rpl-of0.o)
 .text          0x000000000001e9f8      0x7c2 obj_cooja/mtype328.a(rpl-timers.o)
                0x000000000001ec4d                rpl_reset_periodic_timer
                0x000000000001eca2                rpl_reset_dio_timer
                0x000000000001eedc                rpl_schedule_dao
                0x000000000001eef7                rpl_schedule_dao_immediately
                0x000000000001ef12                rpl_cancel_dao
                0x000000000001ef74                rpl_schedule_unicast_dio_immediately
                0x000000000001f162                rpl_schedule_probing
 .text          0x000000000001f1ba      0x5c5 obj_cooja/mtype328.a(rpl.o)
                0x000000000001f1ba                rpl_get_mode
                0x000000000001f1c4                rpl_set_mode
                0x000000000001f252                rpl_purge_routes
                0x000000000001f34c                rpl_remove_routes
                0x000000000001f392                rpl_remove_routes_by_nexthop
                0x000000000001f3fe                rpl_add_route
                0x000000000001f479                rpl_link_neighbor_callback
                0x000000000001f57e                rpl_ipv6_neighbor_callback
                0x000000000001f5ed                rpl_purge_dags
                0x000000000001f6f9                rpl_init
 .text          0x000000000001f77f      0x3f5 obj_cooja/mtype328.a(framer-802154.o)
 .text          0x000000000001fb74       0x5e obj_cooja/mtype328.a(nullmac.o)
 .text          0x000000000001fbd2      0xa4a obj_cooja/mtype328.a(cxmac.o)
                0x000000000002057d                cxmac_set_announcement_radio_txpower
                0x0000000000020582                cxmac_init
 .text          0x000000000002061c       0x67 obj_cooja/mtype328.a(linkaddr.o)
                0x000000000002061c                linkaddr_copy
                0x000000000002063e                linkaddr_cmp
                0x0000000000020668                linkaddr_set_node_addr
 .text          0x0000000000020683      0x769 obj_cooja/mtype328.a(nbr-table.o)
                0x0000000000020ae2                nbr_table_register
                0x0000000000020b2a                nbr_table_head
                0x0000000000020b86                nbr_table_next
                0x0000000000020bed                nbr_table_add_lladdr
                0x0000000000020cc9                nbr_table_get_from_lladdr
                0x0000000000020d16                nbr_table_remove
                0x0000000000020d68                nbr_table_lock
                0x0000000000020d92                nbr_table_unlock
                0x0000000000020dbc                nbr_table_get_lladdr
 .text          0x0000000000020dec       0x2b obj_cooja/mtype328.a(netstack.o)
                0x0000000000020dec                netstack_init
 .text          0x0000000000020e17      0x3cd obj_cooja/mtype328.a(packetbuf.o)
                0x0000000000020e17                packetbuf_clear
                0x0000000000020e41                packetbuf_copyfrom
                0x0000000000020e93                packetbuf_compact
                0x0000000000020f10                packetbuf_copyto
                0x0000000000020fa7                packetbuf_hdralloc
                0x0000000000021024                packetbuf_hdrreduce
                0x000000000002106c                packetbuf_set_datalen
                0x0000000000021085                packetbuf_dataptr
                0x00000000000210a2                packetbuf_hdrptr
                0x00000000000210ac                packetbuf_datalen
                0x00000000000210b8                packetbuf_hdrlen
                0x00000000000210cf                packetbuf_totlen
                0x00000000000210e5                packetbuf_attr_clear
                0x0000000000021137                packetbuf_attr_copyto
                0x0000000000021180                packetbuf_attr_copyfrom
                0x00000000000211c8                packetbuf_holds_broadcast
 .text          0x00000000000211e4      0x2b4 obj_cooja/mtype328.a(queuebuf.o)
                0x00000000000211ee                queuebuf_init
                0x000000000002120e                queuebuf_numfree
                0x0000000000021222                queuebuf_new_from_packetbuf
                0x00000000000212b2                queuebuf_update_attr_from_packetbuf
                0x00000000000212e5                queuebuf_update_from_packetbuf
                0x000000000002132f                queuebuf_free
                0x0000000000021376                queuebuf_to_packetbuf
                0x00000000000213dc                queuebuf_dataptr
                0x0000000000021413                queuebuf_datalen
                0x0000000000021436                queuebuf_addr
                0x0000000000021468                queuebuf_attr
                0x0000000000021493                queuebuf_debug_print
 .text          0x0000000000021498       0x6e obj_cooja/mtype328.a(nullsec.o)
 .text          0x0000000000021506       0x19 obj_cooja/mtype328.a(watchdog.o)
                0x0000000000021506                watchdog_init
                0x000000000002150b                watchdog_start
                0x0000000000021510                watchdog_periodic
                0x0000000000021515                watchdog_stop
                0x000000000002151a                watchdog_reboot
 .text          0x000000000002151f        0x0 obj_cooja/mtype328.a(rimestats.o)
 .text          0x000000000002151f      0x1c1 obj_cooja/mtype328.a(memb.o)
                0x000000000002151f                memb_init
                0x000000000002157d                memb_alloc
                0x00000000000215e2                memb_free
                0x000000000002165d                memb_inmemb
                0x000000000002169c                memb_numfree
 .text          0x00000000000216e0      0xab2 obj_cooja/mtype328.a(uip-icmp6.o)
                0x000000000002174e                uip_icmp6_input
                0x00000000000217a4                uip_icmp6_register_input_handler
                0x0000000000021a6c                uip_icmp6_error_output
                0x0000000000021db1                uip_icmp6_send
                0x0000000000022125                uip_icmp6_echo_reply_callback_add
                0x0000000000022156                uip_icmp6_echo_reply_callback_rm
                0x0000000000022172                uip_icmp6_init
 .text          0x0000000000022192      0x358 obj_cooja/mtype328.a(uip-nd6.o)
                0x00000000000221e6                uip_nd6_ns_output
                0x00000000000224e5                uip_nd6_init
 .text          0x00000000000224ea      0x331 obj_cooja/mtype328.a(rpl-nbr-policy.)
                0x00000000000226c2                find_removable_dis
                0x00000000000226e5                find_removable_dio
                0x0000000000022774                find_removable_dao
                0x00000000000227c4                rpl_nbr_policy_find_removable
 .text          0x000000000002281b      0x97c obj_cooja/mtype328.a(frame802154.o)
                0x000000000002284c                frame802154_get_pan_id
                0x0000000000022858                frame802154_set_pan_id
                0x0000000000022871                frame802154_has_panid
                0x000000000002295d                frame802154_check_dest_panid
                0x00000000000229c5                frame802154_is_broadcast_addr
                0x0000000000022a12                frame802154_extract_linkaddr
                0x0000000000022c52                frame802154_hdrlen
                0x0000000000022ca3                frame802154_create
                0x0000000000022e8e                frame802154_parse
 .text          0x0000000000023197       0x3c obj_cooja/mtype328.a(mac.o)
                0x0000000000023197                mac_call_sent_callback
 .text          0x00000000000231d3        0x0 /usr/lib/gcc/i686-linux-gnu/4.8/crtendS.o
 .text          0x00000000000231d3        0x0 /usr/lib/gcc/i686-linux-gnu/4.8/../../../i386-linux-gnu/crtn.o
 *(.gnu.warning)

.fini           0x00000000000231d4       0x14
 *(SORT(.fini))
 .fini          0x00000000000231d4        0xf /usr/lib/gcc/i686-linux-gnu/4.8/../../../i386-linux-gnu/crti.o
                0x00000000000231d4                _fini
 .fini          0x00000000000231e3        0x5 /usr/lib/gcc/i686-linux-gnu/4.8/../../../i386-linux-gnu/crtn.o
                0x00000000000231e8                PROVIDE (__etext, .)
                0x00000000000231e8                PROVIDE (_etext, .)
                0x00000000000231e8                PROVIDE (etext, .)

.rodata         0x0000000000023200      0x960
 *(.rodata .rodata.* .gnu.linkonce.r.*)
 .rodata        0x0000000000023200      0x2ae udp-client.co
                0x0000000000023214                autostart_processes
 *fill*         0x00000000000234ae        0x2 
 .rodata        0x00000000000234b0      0x157 obj_cooja/mtype328.o
 *fill*         0x0000000000023607        0x1 
 .rodata        0x0000000000023608        0x8 obj_cooja/mtype328.a(beep.o)
                0x0000000000023608                beep_interface
 .rodata        0x0000000000023610       0x20 obj_cooja/mtype328.a(button-sensor.o)
                0x0000000000023610                button_interface
                0x0000000000023620                button_sensor
 .rodata        0x0000000000023630        0x8 obj_cooja/mtype328.a(leds-arch.o)
                0x0000000000023630                leds_interface
 .rodata        0x0000000000023638        0x8 obj_cooja/mtype328.a(moteid.o)
                0x0000000000023638                moteid_interface
 .rodata        0x0000000000023640       0x1c obj_cooja/mtype328.a(pir-sensor.o)
                0x0000000000023640                pir_interface
                0x000000000002364c                pir_sensor
 .rodata        0x000000000002365c        0xe obj_cooja/mtype328.a(rs232.o)
                0x000000000002365c                rs232_interface
 *fill*         0x000000000002366a        0x2 
 .rodata        0x000000000002366c       0x24 obj_cooja/mtype328.a(vib-sensor.o)
                0x000000000002366c                vib_interface
                0x0000000000023680                vib_sensor
 .rodata        0x0000000000023690        0x8 obj_cooja/mtype328.a(clock.o)
                0x0000000000023690                clock_interface
 .rodata        0x0000000000023698        0x8 obj_cooja/mtype328.a(log.o)
                0x0000000000023698                simlog_interface
 .rodata        0x00000000000236a0       0x2f obj_cooja/mtype328.a(cfs-cooja.o)
                0x00000000000236a0                cfs_interface
 *fill*         0x00000000000236cf       0x11 
 .rodata        0x00000000000236e0       0x60 obj_cooja/mtype328.a(cooja-radio.o)
                0x0000000000023700                cooja_radio_driver
                0x0000000000023738                radio_interface
 .rodata        0x0000000000023740        0x8 obj_cooja/mtype328.a(eeprom.o)
                0x0000000000023740                eeprom_interface
 .rodata        0x0000000000023748        0x8 obj_cooja/mtype328.a(sensors.o)
 .rodata        0x0000000000023750        0xf obj_cooja/mtype328.a(ctimer.o)
 .rodata        0x000000000002375f        0xc obj_cooja/mtype328.a(etimer.o)
 *fill*         0x000000000002376b        0x1 
 .rodata        0x000000000002376c       0x73 obj_cooja/mtype328.a(log_message.o)
 *fill*         0x00000000000237df        0x1 
 .rodata        0x00000000000237e0       0x20 obj_cooja/mtype328.a(residual.o)
 .rodata        0x0000000000023800        0xe obj_cooja/mtype328.a(serial-line.o)
 *fill*         0x000000000002380e        0x2 
 .rodata        0x0000000000023810       0x2c obj_cooja/mtype328.a(sicslowpan.o)
                0x0000000000023810                unc_llconf
                0x0000000000023814                unc_ctxconf
                0x0000000000023818                unc_mxconf
                0x000000000002381c                llprefix
                0x0000000000023830                sicslowpan_driver
 .rodata        0x000000000002383c      0x13c obj_cooja/mtype328.a(uip6.o)
 .rodata        0x0000000000023978       0x49 obj_cooja/mtype328.a(tcpip.o)
 .rodata        0x00000000000239c1       0x3e obj_cooja/mtype328.a(uip-debug.o)
 *fill*         0x00000000000239ff        0x1 
 .rodata        0x0000000000023a00        0x4 obj_cooja/mtype328.a(rpl-dag.o)
 .rodata        0x0000000000023a04       0xae obj_cooja/mtype328.a(rpl-of0.o)
 *fill*         0x0000000000023ab2        0x2 
 .rodata        0x0000000000023ab4        0xc obj_cooja/mtype328.a(framer-802154.o)
                0x0000000000023ab4                framer_802154
 .rodata        0x0000000000023ac0       0x24 obj_cooja/mtype328.a(nullmac.o)
                0x0000000000023ac8                nullmac_driver
 *fill*         0x0000000000023ae4       0x1c 
 .rodata        0x0000000000023b00       0x40 obj_cooja/mtype328.a(cxmac.o)
                0x0000000000023b20                cxmac_driver
 .rodata        0x0000000000023b40        0x8 obj_cooja/mtype328.a(linkaddr.o)
                0x0000000000023b40                linkaddr_null
 .rodata        0x0000000000023b48       0x18 obj_cooja/mtype328.a(nullsec.o)
                0x0000000000023b50                nullsec_driver

.rodata1
 *(.rodata1)

.eh_frame_hdr   0x0000000000023b60     0x129c
 *(.eh_frame_hdr)
 .eh_frame_hdr  0x0000000000023b60     0x129c udp-client.co

.eh_frame       0x0000000000024dfc     0x4bc4
 *(.eh_frame)
 .eh_frame      0x0000000000024dfc       0x3c /usr/lib/gcc/i686-linux-gnu/4.8/../../../i386-linux-gnu/crti.o
                                         0x40 (size before relaxing)
 .eh_frame      0x0000000000024e38       0xb4 udp-client.co
                                         0xcc (size before relaxing)
 .eh_frame      0x0000000000024eec      0x148 obj_cooja/mtype328.o
                                        0x160 (size before relaxing)
 .eh_frame      0x0000000000025034       0x40 obj_cooja/mtype328.a(simEnvChange.o)
                                         0x58 (size before relaxing)
 .eh_frame      0x0000000000025074       0xc0 obj_cooja/mtype328.a(cooja_mt.o)
                                         0xd8 (size before relaxing)
 .eh_frame      0x0000000000025134      0x120 obj_cooja/mtype328.a(cooja_mtarch.o)
                                        0x138 (size before relaxing)
 .eh_frame      0x0000000000025254       0xc0 obj_cooja/mtype328.a(rtimer-arch.o)
                                         0xd8 (size before relaxing)
 .eh_frame      0x0000000000025314      0x160 obj_cooja/mtype328.a(beep.o)
                                        0x178 (size before relaxing)
 .eh_frame      0x0000000000025474       0xa0 obj_cooja/mtype328.a(button-sensor.o)
                                         0xb8 (size before relaxing)
 .eh_frame      0x0000000000025514       0xa0 obj_cooja/mtype328.a(leds-arch.o)
                                         0xb8 (size before relaxing)
 .eh_frame      0x00000000000255b4       0x40 obj_cooja/mtype328.a(moteid.o)
                                         0x58 (size before relaxing)
 .eh_frame      0x00000000000255f4       0xa0 obj_cooja/mtype328.a(pir-sensor.o)
                                         0xb8 (size before relaxing)
 .eh_frame      0x0000000000025694      0x100 obj_cooja/mtype328.a(rs232.o)
                                        0x118 (size before relaxing)
 .eh_frame      0x0000000000025794       0xa0 obj_cooja/mtype328.a(vib-sensor.o)
                                         0xb8 (size before relaxing)
 .eh_frame      0x0000000000025834       0xc0 obj_cooja/mtype328.a(clock.o)
                                         0xd8 (size before relaxing)
 .eh_frame      0x00000000000258f4      0x120 obj_cooja/mtype328.a(log.o)
                                        0x138 (size before relaxing)
 .eh_frame      0x0000000000025a14      0x160 obj_cooja/mtype328.a(cfs-cooja.o)
                                        0x178 (size before relaxing)
 .eh_frame      0x0000000000025b74      0x2e0 obj_cooja/mtype328.a(cooja-radio.o)
                                        0x2f8 (size before relaxing)
 .eh_frame      0x0000000000025e54       0xa0 obj_cooja/mtype328.a(eeprom.o)
                                         0xb8 (size before relaxing)
 .eh_frame      0x0000000000025ef4       0x40 obj_cooja/mtype328.a(random.o)
                                         0x58 (size before relaxing)
 .eh_frame      0x0000000000025f34       0xc0 obj_cooja/mtype328.a(sensors.o)
                                         0xd8 (size before relaxing)
 .eh_frame      0x0000000000025ff4       0x40 obj_cooja/mtype328.a(autostart.o)
                                         0x58 (size before relaxing)
 .eh_frame      0x0000000000026034      0x100 obj_cooja/mtype328.a(ctimer.o)
                                        0x118 (size before relaxing)
 .eh_frame      0x0000000000026134      0x1e0 obj_cooja/mtype328.a(etimer.o)
                                        0x1f8 (size before relaxing)
 .eh_frame      0x0000000000026314       0x40 obj_cooja/mtype328.a(log_message.o)
                                         0x58 (size before relaxing)
 .eh_frame      0x0000000000026354      0x1c8 obj_cooja/mtype328.a(process.o)
                                        0x1e0 (size before relaxing)
 .eh_frame      0x000000000002651c       0x2c obj_cooja/mtype328.a(residual.o)
                                         0x44 (size before relaxing)
 .eh_frame      0x0000000000026548       0x60 obj_cooja/mtype328.a(rtimer.o)
                                         0x78 (size before relaxing)
 .eh_frame      0x00000000000265a8       0xc4 obj_cooja/mtype328.a(stimer.o)
                                         0xdc (size before relaxing)
 .eh_frame      0x000000000002666c       0xa4 obj_cooja/mtype328.a(timer.o)
                                         0xbc (size before relaxing)
 .eh_frame      0x0000000000026710       0x60 obj_cooja/mtype328.a(serial-line.o)
                                         0x78 (size before relaxing)
 .eh_frame      0x0000000000026770      0x180 obj_cooja/mtype328.a(list.o)
                                        0x198 (size before relaxing)
 .eh_frame      0x00000000000268f0       0xa0 obj_cooja/mtype328.a(ringbuf.o)
                                         0xb8 (size before relaxing)
 .eh_frame      0x0000000000026990      0x350 obj_cooja/mtype328.a(sicslowpan.o)
                                        0x368 (size before relaxing)
 .eh_frame      0x0000000000026ce0      0x180 obj_cooja/mtype328.a(uip-ds6-nbr.o)
                                        0x198 (size before relaxing)
 .eh_frame      0x0000000000026e60      0x2a0 obj_cooja/mtype328.a(uip-ds6-route.o)
                                        0x2b8 (size before relaxing)
 .eh_frame      0x0000000000027100      0x2c8 obj_cooja/mtype328.a(uip-ds6.o)
                                        0x2e0 (size before relaxing)
 .eh_frame      0x00000000000273c8      0x27c obj_cooja/mtype328.a(uip6.o)
                                        0x294 (size before relaxing)
 .eh_frame      0x0000000000027644      0x270 obj_cooja/mtype328.a(tcpip.o)
                                        0x288 (size before relaxing)
 .eh_frame      0x00000000000278b4       0x48 obj_cooja/mtype328.a(uip-debug.o)
                                         0x60 (size before relaxing)
 .eh_frame      0x00000000000278fc       0xe0 obj_cooja/mtype328.a(uip-packetqueue)
                                         0xf8 (size before relaxing)
 .eh_frame      0x00000000000279dc       0x40 obj_cooja/mtype328.a(uip-udp-packet.)
                                         0x58 (size before relaxing)
 .eh_frame      0x0000000000027a1c      0x74c obj_cooja/mtype328.a(rpl-dag.o)
                                        0x764 (size before relaxing)
 .eh_frame      0x0000000000028168      0x10c obj_cooja/mtype328.a(rpl-ext-header.)
                                        0x124 (size before relaxing)
 .eh_frame      0x0000000000028274      0x2b8 obj_cooja/mtype328.a(rpl-icmp6.o)
                                        0x2d0 (size before relaxing)
 .eh_frame      0x000000000002852c       0xa8 obj_cooja/mtype328.a(rpl-of0.o)
                                         0xc0 (size before relaxing)
 .eh_frame      0x00000000000285d4      0x20c obj_cooja/mtype328.a(rpl-timers.o)
                                        0x224 (size before relaxing)
 .eh_frame      0x00000000000287e0      0x148 obj_cooja/mtype328.a(rpl.o)
                                        0x160 (size before relaxing)
 .eh_frame      0x0000000000028928      0x108 obj_cooja/mtype328.a(framer-802154.o)
                                        0x120 (size before relaxing)
 .eh_frame      0x0000000000028a30       0xc0 obj_cooja/mtype328.a(nullmac.o)
                                         0xd8 (size before relaxing)
 .eh_frame      0x0000000000028af0      0x25c obj_cooja/mtype328.a(cxmac.o)
                                        0x274 (size before relaxing)
 .eh_frame      0x0000000000028d4c       0x60 obj_cooja/mtype328.a(linkaddr.o)
                                         0x78 (size before relaxing)
 .eh_frame      0x0000000000028dac      0x26c obj_cooja/mtype328.a(nbr-table.o)
                                        0x284 (size before relaxing)
 .eh_frame      0x0000000000029018       0x20 obj_cooja/mtype328.a(netstack.o)
                                         0x38 (size before relaxing)
 .eh_frame      0x0000000000029038      0x214 obj_cooja/mtype328.a(packetbuf.o)
                                        0x22c (size before relaxing)
 .eh_frame      0x000000000002924c      0x1a0 obj_cooja/mtype328.a(queuebuf.o)
                                        0x1b8 (size before relaxing)
 .eh_frame      0x00000000000293ec       0x80 obj_cooja/mtype328.a(nullsec.o)
                                         0x98 (size before relaxing)
 .eh_frame      0x000000000002946c       0xa0 obj_cooja/mtype328.a(watchdog.o)
                                         0xb8 (size before relaxing)
 .eh_frame      0x000000000002950c       0xa0 obj_cooja/mtype328.a(memb.o)
                                         0xb8 (size before relaxing)
 .eh_frame      0x00000000000295ac      0x164 obj_cooja/mtype328.a(uip-icmp6.o)
                                        0x17c (size before relaxing)
 .eh_frame      0x0000000000029710       0x68 obj_cooja/mtype328.a(uip-nd6.o)
                                         0x80 (size before relaxing)
 .eh_frame      0x0000000000029778       0xc0 obj_cooja/mtype328.a(rpl-nbr-policy.)
                                         0xd8 (size before relaxing)
 .eh_frame      0x0000000000029838      0x164 obj_cooja/mtype328.a(frame802154.o)
                                        0x17c (size before relaxing)
 .eh_frame      0x000000000002999c       0x20 obj_cooja/mtype328.a(mac.o)
                                         0x38 (size before relaxing)
 .eh_frame      0x00000000000299bc        0x4 /usr/lib/gcc/i686-linux-gnu/4.8/crtendS.o

.gcc_except_table
 *(.gcc_except_table .gcc_except_table.*)

.exception_ranges
 *(.exception_ranges .exception_ranges*)
                0x00000000000299c0                . = (ALIGN (0x1000) - ((0x1000 - .) & 0xfff))
                0x000000000002aef8                . = DATA_SEGMENT_ALIGN (0x1000, 0x1000)

.eh_frame
 *(.eh_frame)

.gcc_except_table
 *(.gcc_except_table .gcc_except_table.*)

.exception_ranges
 *(.exception_ranges .exception_ranges*)

.tdata
 *(.tdata .tdata.* .gnu.linkonce.td.*)

.tbss
 *(.tbss .tbss.* .gnu.linkonce.tb.*)
 *(.tcommon)

.preinit_array
 *(.preinit_array)

.init_array     0x000000000002aef8        0x4
 *(SORT(.init_array.*) SORT(.ctors.*))
 *(.init_array EXCLUDE_FILE(*crtend?.o *crtend.o *crtbegin?.o *crtbegin.o) .ctors)
 .init_array    0x000000000002aef8        0x4 /usr/lib/gcc/i686-linux-gnu/4.8/crtbeginS.o

.fini_array     0x000000000002aefc        0x4
 *(SORT(.fini_array.*) SORT(.dtors.*))
 *(.fini_array EXCLUDE_FILE(*crtend?.o *crtend.o *crtbegin?.o *crtbegin.o) .dtors)
 .fini_array    0x000000000002aefc        0x4 /usr/lib/gcc/i686-linux-gnu/4.8/crtbeginS.o

.ctors
 *crtbegin.o(.ctors)
 *crtbegin?.o(.ctors)
 *(EXCLUDE_FILE(*crtend?.o *crtend.o) .ctors)
 *(SORT(.ctors.*))
 *(.ctors)

.dtors
 *crtbegin.o(.dtors)
 *crtbegin?.o(.dtors)
 *(EXCLUDE_FILE(*crtend?.o *crtend.o) .dtors)
 *(SORT(.dtors.*))
 *(.dtors)

.jcr            0x000000000002af00        0x4
 *(.jcr)
 .jcr           0x000000000002af00        0x0 /usr/lib/gcc/i686-linux-gnu/4.8/crtbeginS.o
 .jcr           0x000000000002af00        0x4 /usr/lib/gcc/i686-linux-gnu/4.8/crtendS.o

.data.rel.ro
 *(.data.rel.ro.local* .gnu.linkonce.d.rel.ro.local.*)
 *(.data.rel.ro .data.rel.ro.* .gnu.linkonce.d.rel.ro.*)

.dynamic        0x000000000002af04       0xe8
 *(.dynamic)
 .dynamic       0x000000000002af04       0xe8 /usr/lib/gcc/i686-linux-gnu/4.8/../../../i386-linux-gnu/crti.o
                0x000000000002af04                _DYNAMIC

.got            0x000000000002afec       0x14
 *(.got)
 .got           0x000000000002afec       0x14 /usr/lib/gcc/i686-linux-gnu/4.8/../../../i386-linux-gnu/crti.o
 *(.igot)
                0x000000000002bff4                . = DATA_SEGMENT_RELRO_END (., (SIZEOF (.got.plt) >= 0xc)?0xc:0x0)

.got.plt        0x000000000002b000       0x14
 *(.got.plt)
 .got.plt       0x000000000002b000       0x14 /usr/lib/gcc/i686-linux-gnu/4.8/../../../i386-linux-gnu/crti.o
                0x000000000002b000                _GLOBAL_OFFSET_TABLE_
 *(.igot.plt)

.data           0x000000000002b020      0x242
 *(.data .data.* .gnu.linkonce.d.*)
 .data          0x000000000002b020        0x0 /usr/lib/gcc/i686-linux-gnu/4.8/../../../i386-linux-gnu/crti.o
 .data          0x000000000002b020        0x0 /usr/lib/gcc/i686-linux-gnu/4.8/crtbeginS.o
 .data.rel      0x000000000002b020        0x4 /usr/lib/gcc/i686-linux-gnu/4.8/crtbeginS.o
                0x000000000002b020                __dso_handle
 .data          0x000000000002b024       0x10 udp-client.co
                0x000000000002b024                udp_client_process
 *fill*         0x000000000002b034        0xc 
 .data          0x000000000002b040       0x44 obj_cooja/mtype328.o
                0x000000000002b040                simInterfaces
                0x000000000002b074                sensors
 .data          0x000000000002b084        0x0 obj_cooja/mtype328.a(simEnvChange.o)
 .data          0x000000000002b084        0x0 obj_cooja/mtype328.a(cooja_mt.o)
 .data          0x000000000002b084        0x0 obj_cooja/mtype328.a(cooja_mtarch.o)
 .data          0x000000000002b084        0x0 obj_cooja/mtype328.a(rtimer-arch.o)
 .data          0x000000000002b084        0x0 obj_cooja/mtype328.a(beep.o)
 .data          0x000000000002b084        0x0 obj_cooja/mtype328.a(button-sensor.o)
 .data          0x000000000002b084        0x0 obj_cooja/mtype328.a(leds-arch.o)
 .data          0x000000000002b084        0x0 obj_cooja/mtype328.a(moteid.o)
 .data          0x000000000002b084        0x0 obj_cooja/mtype328.a(pir-sensor.o)
 .data          0x000000000002b084        0x0 obj_cooja/mtype328.a(rs232.o)
 .data          0x000000000002b084        0x0 obj_cooja/mtype328.a(vib-sensor.o)
 .data          0x000000000002b084        0x0 obj_cooja/mtype328.a(clock.o)
 .data          0x000000000002b084        0x0 obj_cooja/mtype328.a(log.o)
 .data          0x000000000002b084        0x0 obj_cooja/mtype328.a(cfs-cooja.o)
 .data          0x000000000002b084       0x40 obj_cooja/mtype328.a(cooja-radio.o)
                0x000000000002b084                simRadioChannelLR
                0x000000000002b088                simRadioHWOnLR
                0x000000000002b08c                simSignalStrengthLR
                0x000000000002b090                simLastSignalStrengthLR
                0x000000000002b094                simPowerLR
                0x000000000002b098                simLQILR
                0x000000000002b09c                simRadioChannel
                0x000000000002b0a0                simRadioHWOn
                0x000000000002b0a4                simSignalStrength
                0x000000000002b0a8                simLastSignalStrength
                0x000000000002b0ac                simPower
                0x000000000002b0b0                simLQI
                0x000000000002b0b4                cooja_radio_process
 .data          0x000000000002b0c4        0x0 obj_cooja/mtype328.a(eeprom.o)
 .data          0x000000000002b0c4        0x0 obj_cooja/mtype328.a(random.o)
 .data          0x000000000002b0c4       0x10 obj_cooja/mtype328.a(sensors.o)
                0x000000000002b0c4                sensors_process
 .data          0x000000000002b0d4        0x0 obj_cooja/mtype328.a(autostart.o)
 .data          0x000000000002b0d4       0x14 obj_cooja/mtype328.a(ctimer.o)
                0x000000000002b0d8                ctimer_process
 .data          0x000000000002b0e8       0x10 obj_cooja/mtype328.a(etimer.o)
                0x000000000002b0e8                etimer_process
 .data          0x000000000002b0f8        0x0 obj_cooja/mtype328.a(log_message.o)
 .data          0x000000000002b0f8        0x0 obj_cooja/mtype328.a(process.o)
 .data          0x000000000002b0f8        0x0 obj_cooja/mtype328.a(residual.o)
 .data          0x000000000002b0f8        0x0 obj_cooja/mtype328.a(rtimer.o)
 .data          0x000000000002b0f8        0x0 obj_cooja/mtype328.a(stimer.o)
 .data          0x000000000002b0f8        0x0 obj_cooja/mtype328.a(timer.o)
 .data          0x000000000002b0f8       0x10 obj_cooja/mtype328.a(serial-line.o)
                0x000000000002b0f8                serial_line_process
 .data          0x000000000002b108        0x0 obj_cooja/mtype328.a(list.o)
 .data          0x000000000002b108        0x0 obj_cooja/mtype328.a(ringbuf.o)
 .data          0x000000000002b108        0x0 obj_cooja/mtype328.a(sicslowpan.o)
 .data          0x000000000002b108       0x14 obj_cooja/mtype328.a(uip-ds6-nbr.o)
                0x000000000002b118                ds6_neighbors
 .data          0x000000000002b11c       0x44 obj_cooja/mtype328.a(uip-ds6-route.o)
                0x000000000002b12c                nbr_routes
 .data          0x000000000002b160        0x0 obj_cooja/mtype328.a(uip-ds6.o)
 .data          0x000000000002b160        0x0 obj_cooja/mtype328.a(uip6.o)
 .data          0x000000000002b160       0x10 obj_cooja/mtype328.a(tcpip.o)
                0x000000000002b160                tcpip_process
 .data          0x000000000002b170        0x0 obj_cooja/mtype328.a(uip-debug.o)
 .data          0x000000000002b170        0xc obj_cooja/mtype328.a(uip-packetqueue)
 .data          0x000000000002b17c        0x0 obj_cooja/mtype328.a(uip-udp-packet.)
 .data          0x000000000002b17c       0x28 obj_cooja/mtype328.a(rpl-dag.o)
                0x000000000002b18c                rpl_parents
                0x000000000002b1a0                rpl_children
 .data          0x000000000002b1a4        0x0 obj_cooja/mtype328.a(rpl-ext-header.)
 .data          0x000000000002b1a4       0x34 obj_cooja/mtype328.a(rpl-icmp6.o)
 .data          0x000000000002b1d8       0x1c obj_cooja/mtype328.a(rpl-of0.o)
                0x000000000002b1d8                rpl_of0
 .data          0x000000000002b1f4        0x0 obj_cooja/mtype328.a(rpl-timers.o)
 .data          0x000000000002b1f4        0x0 obj_cooja/mtype328.a(rpl.o)
 .data          0x000000000002b1f4        0x0 obj_cooja/mtype328.a(framer-802154.o)
 .data          0x000000000002b1f4        0x0 obj_cooja/mtype328.a(nullmac.o)
 .data          0x000000000002b1f4       0x20 obj_cooja/mtype328.a(cxmac.o)
                0x000000000002b1f4                cxmac_config
 .data          0x000000000002b214        0x0 obj_cooja/mtype328.a(linkaddr.o)
 .data          0x000000000002b214       0x10 obj_cooja/mtype328.a(nbr-table.o)
 .data          0x000000000002b224        0x0 obj_cooja/mtype328.a(netstack.o)
 .data          0x000000000002b224        0x4 obj_cooja/mtype328.a(packetbuf.o)
 .data          0x000000000002b228       0x18 obj_cooja/mtype328.a(queuebuf.o)
 .data          0x000000000002b240        0x0 obj_cooja/mtype328.a(nullsec.o)
 .data          0x000000000002b240        0x0 obj_cooja/mtype328.a(watchdog.o)
 .data          0x000000000002b240        0x0 obj_cooja/mtype328.a(rimestats.o)
 .data          0x000000000002b240        0x0 obj_cooja/mtype328.a(memb.o)
 .data          0x000000000002b240       0x20 obj_cooja/mtype328.a(uip-icmp6.o)
 .data          0x000000000002b260        0x0 obj_cooja/mtype328.a(uip-nd6.o)
 .data          0x000000000002b260        0x0 obj_cooja/mtype328.a(rpl-nbr-policy.)
 .data          0x000000000002b260        0x2 obj_cooja/mtype328.a(frame802154.o)
 .data          0x000000000002b262        0x0 obj_cooja/mtype328.a(mac.o)
 .data          0x000000000002b262        0x0 /usr/lib/gcc/i686-linux-gnu/4.8/crtendS.o
 .data          0x000000000002b262        0x0 /usr/lib/gcc/i686-linux-gnu/4.8/../../../i386-linux-gnu/crtn.o

.tm_clone_table
                0x000000000002b264        0x0
 .tm_clone_table
                0x000000000002b264        0x0 /usr/lib/gcc/i686-linux-gnu/4.8/crtbeginS.o
 .tm_clone_table
                0x000000000002b264        0x0 /usr/lib/gcc/i686-linux-gnu/4.8/crtendS.o

.data1
 *(.data1)
                0x000000000002b264                _edata = .
                0x000000000002b264                PROVIDE (edata, .)
                0x000000000002b264                . = .
                0x000000000002b264                __bss_start = .

.bss            0x000000000002b280     0x8108
 *(.dynbss)
 .dynbss        0x0000000000000000        0x0 /usr/lib/gcc/i686-linux-gnu/4.8/../../../i386-linux-gnu/crti.o
 *(.bss .bss.* .gnu.linkonce.b.*)
 .bss           0x000000000002b280        0x0 /usr/lib/gcc/i686-linux-gnu/4.8/../../../i386-linux-gnu/crti.o
 .bss           0x000000000002b280        0x1 /usr/lib/gcc/i686-linux-gnu/4.8/crtbeginS.o
 *fill*         0x000000000002b281       0x1f 
 .bss           0x000000000002b2a0       0x60 udp-client.co
                0x000000000002b2a0                my_weight
 .bss           0x000000000002b300     0x2030 obj_cooja/mtype328.o
 .bss           0x000000000002d330        0x1 obj_cooja/mtype328.a(simEnvChange.o)
                0x000000000002d330                simDontFallAsleep
 *fill*         0x000000000002d331        0x3 
 .bss           0x000000000002d334        0x4 obj_cooja/mtype328.a(cooja_mt.o)
 .bss           0x000000000002d338        0x4 obj_cooja/mtype328.a(cooja_mtarch.o)
 .bss           0x000000000002d33c        0xc obj_cooja/mtype328.a(rtimer-arch.o)
 .bss           0x000000000002d348        0x0 obj_cooja/mtype328.a(beep.o)
 .bss           0x000000000002d348        0x8 obj_cooja/mtype328.a(button-sensor.o)
 .bss           0x000000000002d350        0x0 obj_cooja/mtype328.a(leds-arch.o)
 .bss           0x000000000002d350        0x0 obj_cooja/mtype328.a(moteid.o)
 .bss           0x000000000002d350        0x1 obj_cooja/mtype328.a(pir-sensor.o)
                0x000000000002d350                simPirValue
 *fill*         0x000000000002d351        0x3 
 .bss           0x000000000002d354        0x4 obj_cooja/mtype328.a(rs232.o)
 .bss           0x000000000002d358        0x1 obj_cooja/mtype328.a(vib-sensor.o)
                0x000000000002d358                simVibValue
 .bss           0x000000000002d359        0x0 obj_cooja/mtype328.a(clock.o)
 *fill*         0x000000000002d359        0x7 
 .bss           0x000000000002d360      0x420 obj_cooja/mtype328.a(log.o)
 .bss           0x000000000002d780      0xfc0 obj_cooja/mtype328.a(cfs-cooja.o)
                0x000000000002d780                simCFSData
                0x000000000002e720                simCFSSize
                0x000000000002e724                simCFSChanged
                0x000000000002e728                simCFSRead
                0x000000000002e72c                simCFSWritten
 .bss           0x000000000002e740       0x24 obj_cooja/mtype328.a(cooja-radio.o)
                0x000000000002e740                simReceivingLR
                0x000000000002e744                simInSizeLR
                0x000000000002e748                simOutSizeLR
                0x000000000002e74c                simReceiving
                0x000000000002e750                simInSize
                0x000000000002e754                simOutSize
                0x000000000002e758                LongRangeTransmit
                0x000000000002e75c                LongRangeReceiving
 .bss           0x000000000002e764        0xc obj_cooja/mtype328.a(eeprom.o)
                0x000000000002e764                simEEPROMChanged
                0x000000000002e768                simEEPROMRead
                0x000000000002e76c                simEEPROMWritten
 .bss           0x000000000002e770        0x0 obj_cooja/mtype328.a(random.o)
 .bss           0x000000000002e770        0xc obj_cooja/mtype328.a(sensors.o)
 .bss           0x000000000002e77c        0x0 obj_cooja/mtype328.a(autostart.o)
 .bss           0x000000000002e77c        0x5 obj_cooja/mtype328.a(ctimer.o)
 *fill*         0x000000000002e781        0x3 
 .bss           0x000000000002e784        0x8 obj_cooja/mtype328.a(etimer.o)
 .bss           0x000000000002e78c        0x0 obj_cooja/mtype328.a(log_message.o)
 *fill*         0x000000000002e78c       0x14 
 .bss           0x000000000002e7a0      0x1b1 obj_cooja/mtype328.a(process.o)
                0x000000000002e7a0                process_list
                0x000000000002e7a4                process_current
 .bss           0x000000000002e951        0x0 obj_cooja/mtype328.a(residual.o)
 *fill*         0x000000000002e951        0x3 
 .bss           0x000000000002e954        0x4 obj_cooja/mtype328.a(rtimer.o)
 .bss           0x000000000002e958        0x0 obj_cooja/mtype328.a(stimer.o)
 .bss           0x000000000002e958        0x0 obj_cooja/mtype328.a(timer.o)
 *fill*         0x000000000002e958        0x8 
 .bss           0x000000000002e960      0x140 obj_cooja/mtype328.a(serial-line.o)
 .bss           0x000000000002eaa0        0x0 obj_cooja/mtype328.a(list.o)
 .bss           0x000000000002eaa0        0x0 obj_cooja/mtype328.a(ringbuf.o)
 .bss           0x000000000002eaa0      0x70c obj_cooja/mtype328.a(sicslowpan.o)
 *fill*         0x000000000002f1ac       0x14 
 .bss           0x000000000002f1c0       0xc0 obj_cooja/mtype328.a(uip-ds6-nbr.o)
 .bss           0x000000000002f280      0x4a8 obj_cooja/mtype328.a(uip-ds6-route.o)
 .bss           0x000000000002f728       0x20 obj_cooja/mtype328.a(uip-ds6.o)
 .bss           0x000000000002f748        0xe obj_cooja/mtype328.a(uip6.o)
                0x000000000002f748                uip_ext_bitmap
                0x000000000002f749                uip_ext_len
                0x000000000002f74a                uip_ext_opt_offset
 *fill*         0x000000000002f756        0xa 
 .bss           0x000000000002f760       0x6b obj_cooja/mtype328.a(tcpip.o)
 .bss           0x000000000002f7cb        0x0 obj_cooja/mtype328.a(uip-debug.o)
 *fill*         0x000000000002f7cb       0x15 
 .bss           0x000000000002f7e0      0xcf8 obj_cooja/mtype328.a(uip-packetqueue)
 .bss           0x00000000000304d8        0x0 obj_cooja/mtype328.a(uip-udp-packet.)
 *fill*         0x00000000000304d8        0x8 
 .bss           0x00000000000304e0       0x88 obj_cooja/mtype328.a(rpl-dag.o)
 .bss           0x0000000000030568        0x0 obj_cooja/mtype328.a(rpl-ext-header.)
 .bss           0x0000000000030568        0x0 obj_cooja/mtype328.a(rpl-icmp6.o)
 .bss           0x0000000000030568        0x0 obj_cooja/mtype328.a(rpl-of0.o)
 *fill*         0x0000000000030568       0x18 
 .bss           0x0000000000030580       0x23 obj_cooja/mtype328.a(rpl-timers.o)
 *fill*         0x00000000000305a3        0x1 
 .bss           0x00000000000305a4        0x4 obj_cooja/mtype328.a(rpl.o)
 .bss           0x00000000000305a8        0x2 obj_cooja/mtype328.a(framer-802154.o)
 .bss           0x00000000000305aa        0x0 obj_cooja/mtype328.a(nullmac.o)
 *fill*         0x00000000000305aa       0x16 
 .bss           0x00000000000305c0       0xa0 obj_cooja/mtype328.a(cxmac.o)
 .bss           0x0000000000030660        0x0 obj_cooja/mtype328.a(linkaddr.o)
 .bss           0x0000000000030660       0xc4 obj_cooja/mtype328.a(nbr-table.o)
 .bss           0x0000000000030724        0x0 obj_cooja/mtype328.a(netstack.o)
 *fill*         0x0000000000030724       0x1c 
 .bss           0x0000000000030740       0xa0 obj_cooja/mtype328.a(packetbuf.o)
 .bss           0x00000000000307e0      0xb80 obj_cooja/mtype328.a(queuebuf.o)
 .bss           0x0000000000031360        0x0 obj_cooja/mtype328.a(nullsec.o)
 .bss           0x0000000000031360        0x0 obj_cooja/mtype328.a(watchdog.o)
 .bss           0x0000000000031360        0x0 obj_cooja/mtype328.a(rimestats.o)
 .bss           0x0000000000031360        0x0 obj_cooja/mtype328.a(memb.o)
 .bss           0x0000000000031360       0x18 obj_cooja/mtype328.a(uip-icmp6.o)
 .bss           0x0000000000031378        0x0 obj_cooja/mtype328.a(uip-nd6.o)
 *fill*         0x0000000000031378        0x8 
 .bss           0x0000000000031380       0x44 obj_cooja/mtype328.a(rpl-nbr-policy.)
 .bss           0x00000000000313c4        0x0 obj_cooja/mtype328.a(frame802154.o)
 .bss           0x00000000000313c4        0x0 obj_cooja/mtype328.a(mac.o)
 .bss           0x00000000000313c4        0x0 /usr/lib/gcc/i686-linux-gnu/4.8/crtendS.o
 .bss           0x00000000000313c4        0x0 /usr/lib/gcc/i686-linux-gnu/4.8/../../../i386-linux-gnu/crtn.o
 *(COMMON)
 COMMON         0x00000000000313c4       0x48 udp-client.co
                0x00000000000313c4                dio_count
                0x00000000000313c8                dis_count
                0x00000000000313cc                collision_count
                0x00000000000313d0                transmission_count
                0x00000000000313d4                COOJA_radioRxLong
                0x00000000000313d8                control_message_count
                0x00000000000313dc                dao_count
                0x00000000000313e0                COOJA_radioTx
                0x00000000000313e4                data_relay_count
                0x00000000000313e8                data_message_count
                0x00000000000313ec                my_sink_reachability
                0x00000000000313f0                COOJA_radioTxLong
                0x00000000000313f4                COOJA_radioRx
                0x00000000000313f8                my_parent_number
                0x00000000000313fc                COOJA_radioOn
                0x0000000000031400                COOJA_duration
                0x0000000000031404                dio_ack_count
                0x0000000000031408                COOJA_radioOnLong
 COMMON         0x000000000003140c        0xc obj_cooja/mtype328.o
                0x000000000003140c                referenceVar
                0x0000000000031410                debugfp
                0x0000000000031414                sensors_flags
 COMMON         0x0000000000031418        0xc obj_cooja/mtype328.a(simEnvChange.o)
                0x0000000000031418                simEtimerPending
                0x000000000003141c                simProcessRunValue
                0x0000000000031420                simNextExpirationTime
 COMMON         0x0000000000031424        0x1 obj_cooja/mtype328.a(beep.o)
                0x0000000000031424                simBeeped
 COMMON         0x0000000000031425        0x3 obj_cooja/mtype328.a(button-sensor.o)
                0x0000000000031425                simButtonIsActive
                0x0000000000031426                simButtonIsDown
                0x0000000000031427                simButtonChanged
 COMMON         0x0000000000031428        0x1 obj_cooja/mtype328.a(leds-arch.o)
                0x0000000000031428                simLedsValue
 *fill*         0x0000000000031429        0x3 
 COMMON         0x000000000003142c        0xc obj_cooja/mtype328.a(moteid.o)
                0x000000000003142c                simRandomSeed
                0x0000000000031430                simMoteIDChanged
                0x0000000000031434                simMoteID
 COMMON         0x0000000000031438        0x2 obj_cooja/mtype328.a(pir-sensor.o)
                0x0000000000031438                simPirIsActive
                0x0000000000031439                simPirChanged
 *fill*         0x000000000003143a        0x6 
 COMMON         0x0000000000031440      0x820 obj_cooja/mtype328.a(rs232.o)
                0x0000000000031440                simSerialReceivingFlag
                0x0000000000031444                simSerialReceivingLength
                0x0000000000031460                simSerialReceivingData
 COMMON         0x0000000000031c60        0x2 obj_cooja/mtype328.a(vib-sensor.o)
                0x0000000000031c60                simVibChanged
                0x0000000000031c61                simVibIsActive
 *fill*         0x0000000000031c62        0x2 
 COMMON         0x0000000000031c64        0x4 obj_cooja/mtype328.a(clock.o)
                0x0000000000031c64                simCurrentTime
 *fill*         0x0000000000031c68       0x18 
 COMMON         0x0000000000031c80      0x420 obj_cooja/mtype328.a(log.o)
                0x0000000000031c80                simLoggedLength
                0x0000000000031c84                simLoggedFlag
                0x0000000000031ca0                simLoggedData
 COMMON         0x00000000000320a0      0x200 obj_cooja/mtype328.a(cooja-radio.o)
                0x00000000000320a0                simOutDataBuffer
                0x0000000000032120                simInDataBufferLR
                0x00000000000321a0                simOutDataBufferLR
                0x0000000000032220                simInDataBuffer
 COMMON         0x00000000000322a0      0x400 obj_cooja/mtype328.a(eeprom.o)
                0x00000000000322a0                simEEPROMData
 COMMON         0x00000000000326a0        0x1 obj_cooja/mtype328.a(sensors.o)
                0x00000000000326a0                sensors_event
 *fill*         0x00000000000326a1        0x3 
 COMMON         0x00000000000326a4        0x4 obj_cooja/mtype328.a(log_message.o)
                0x00000000000326a4                log_fp
 COMMON         0x00000000000326a8        0x1 obj_cooja/mtype328.a(serial-line.o)
                0x00000000000326a8                serial_line_event_message
 *fill*         0x00000000000326a9       0x17 
 COMMON         0x00000000000326c0      0x181 obj_cooja/mtype328.a(uip-ds6.o)
                0x00000000000326c0                uip_ds6_prefix_list
                0x0000000000032720                uip_ds6_timer_periodic
                0x0000000000032730                uip_ds6_netif_addr_list_offset
                0x0000000000032740                uip_ds6_if
                0x0000000000032838                uip_ds6_timer_ra
                0x0000000000032840                uip_ds6_addr_size
 *fill*         0x0000000000032841       0x1f 
 COMMON         0x0000000000032860      0x8ec obj_cooja/mtype328.a(uip6.o)
                0x0000000000032860                uip_slen
                0x0000000000032862                uip_acc32
                0x0000000000032880                uip_conns
                0x0000000000032940                uip_lladdr
                0x0000000000032948                uip_appdata
                0x000000000003294c                uip_flags
                0x0000000000032960                uip_aligned_buf
                0x0000000000032fa0                uip_listenports
                0x0000000000032fb0                uip_len
                0x0000000000032fb4                uip_sappdata
                0x0000000000032fc0                uip_udp_conns
                0x0000000000033140                uip_udp_conn
                0x0000000000033144                uip_next_hdr
                0x0000000000033148                uip_conn
 COMMON         0x000000000003314c        0x1 obj_cooja/mtype328.a(tcpip.o)
                0x000000000003314c                tcpip_event
 *fill*         0x000000000003314d       0x13 
 COMMON         0x0000000000033160      0x198 obj_cooja/mtype328.a(rpl-dag.o)
                0x0000000000033160                default_instance
                0x0000000000033180                instance_table
 COMMON         0x00000000000332f8        0x8 obj_cooja/mtype328.a(linkaddr.o)
                0x00000000000332f8                linkaddr_node_addr
 COMMON         0x0000000000033300       0x2e obj_cooja/mtype328.a(packetbuf.o)
                0x0000000000033300                packetbuf_attrs
                0x000000000003331e                packetbuf_addrs
 *fill*         0x000000000003332e       0x12 
 COMMON         0x0000000000033340       0x48 obj_cooja/mtype328.a(rimestats.o)
                0x0000000000033340                rimestats
                0x0000000000033388                . = ALIGN ((. != 0x0)?0x4:0x1)
                0x0000000000033388                . = ALIGN (0x4)
                0x0000000000033388                . = SEGMENT_START ("ldata-segment", .)
                0x0000000000033388                . = ALIGN (0x4)
                0x0000000000033388                _end = .
                0x0000000000033388                PROVIDE (end, .)
                0x0000000000033388                . = DATA_SEGMENT_END (.)

.stab
 *(.stab)

.stabstr
 *(.stabstr)

.stab.excl
 *(.stab.excl)

.stab.exclstr
 *(.stab.exclstr)

.stab.index
 *(.stab.index)

.stab.indexstr
 *(.stab.indexstr)

.comment        0x0000000000000000       0x29
 *(.comment)
 .comment       0x0000000000000000       0x29 /usr/lib/gcc/i686-linux-gnu/4.8/crtbeginS.o
                                         0x2a (size before relaxing)
 .comment       0x0000000000000000       0x2a udp-client.co
 .comment       0x0000000000000000       0x2a obj_cooja/mtype328.o
 .comment       0x0000000000000000       0x2a obj_cooja/mtype328.a(simEnvChange.o)
 .comment       0x0000000000000000       0x2a obj_cooja/mtype328.a(cooja_mt.o)
 .comment       0x0000000000000000       0x2a obj_cooja/mtype328.a(cooja_mtarch.o)
 .comment       0x0000000000000000       0x2a obj_cooja/mtype328.a(rtimer-arch.o)
 .comment       0x0000000000000000       0x2a obj_cooja/mtype328.a(beep.o)
 .comment       0x0000000000000000       0x2a obj_cooja/mtype328.a(button-sensor.o)
 .comment       0x0000000000000000       0x2a obj_cooja/mtype328.a(leds-arch.o)
 .comment       0x0000000000000000       0x2a obj_cooja/mtype328.a(moteid.o)
 .comment       0x0000000000000000       0x2a obj_cooja/mtype328.a(pir-sensor.o)
 .comment       0x0000000000000000       0x2a obj_cooja/mtype328.a(rs232.o)
 .comment       0x0000000000000000       0x2a obj_cooja/mtype328.a(vib-sensor.o)
 .comment       0x0000000000000000       0x2a obj_cooja/mtype328.a(clock.o)
 .comment       0x0000000000000000       0x2a obj_cooja/mtype328.a(log.o)
 .comment       0x0000000000000000       0x2a obj_cooja/mtype328.a(cfs-cooja.o)
 .comment       0x0000000000000000       0x2a obj_cooja/mtype328.a(cooja-radio.o)
 .comment       0x0000000000000000       0x2a obj_cooja/mtype328.a(eeprom.o)
 .comment       0x0000000000000000       0x2a obj_cooja/mtype328.a(random.o)
 .comment       0x0000000000000000       0x2a obj_cooja/mtype328.a(sensors.o)
 .comment       0x0000000000000000       0x2a obj_cooja/mtype328.a(autostart.o)
 .comment       0x0000000000000000       0x2a obj_cooja/mtype328.a(ctimer.o)
 .comment       0x0000000000000000       0x2a obj_cooja/mtype328.a(etimer.o)
 .comment       0x0000000000000000       0x2a obj_cooja/mtype328.a(log_message.o)
 .comment       0x0000000000000000       0x2a obj_cooja/mtype328.a(process.o)
 .comment       0x0000000000000000       0x2a obj_cooja/mtype328.a(residual.o)
 .comment       0x0000000000000000       0x2a obj_cooja/mtype328.a(rtimer.o)
 .comment       0x0000000000000000       0x2a obj_cooja/mtype328.a(stimer.o)
 .comment       0x0000000000000000       0x2a obj_cooja/mtype328.a(timer.o)
 .comment       0x0000000000000000       0x2a obj_cooja/mtype328.a(serial-line.o)
 .comment       0x0000000000000000       0x2a obj_cooja/mtype328.a(list.o)
 .comment       0x0000000000000000       0x2a obj_cooja/mtype328.a(ringbuf.o)
 .comment       0x0000000000000000       0x2a obj_cooja/mtype328.a(sicslowpan.o)
 .comment       0x0000000000000000       0x2a obj_cooja/mtype328.a(uip-ds6-nbr.o)
 .comment       0x0000000000000000       0x2a obj_cooja/mtype328.a(uip-ds6-route.o)
 .comment       0x0000000000000000       0x2a obj_cooja/mtype328.a(uip-ds6.o)
 .comment       0x0000000000000000       0x2a obj_cooja/mtype328.a(uip6.o)
 .comment       0x0000000000000000       0x2a obj_cooja/mtype328.a(tcpip.o)
 .comment       0x0000000000000000       0x2a obj_cooja/mtype328.a(uip-debug.o)
 .comment       0x0000000000000000       0x2a obj_cooja/mtype328.a(uip-packetqueue)
 .comment       0x0000000000000000       0x2a obj_cooja/mtype328.a(uip-udp-packet.)
 .comment       0x0000000000000000       0x2a obj_cooja/mtype328.a(rpl-dag.o)
 .comment       0x0000000000000000       0x2a obj_cooja/mtype328.a(rpl-ext-header.)
 .comment       0x0000000000000000       0x2a obj_cooja/mtype328.a(rpl-icmp6.o)
 .comment       0x0000000000000000       0x2a obj_cooja/mtype328.a(rpl-of0.o)
 .comment       0x0000000000000000       0x2a obj_cooja/mtype328.a(rpl-timers.o)
 .comment       0x0000000000000000       0x2a obj_cooja/mtype328.a(rpl.o)
 .comment       0x0000000000000000       0x2a obj_cooja/mtype328.a(framer-802154.o)
 .comment       0x0000000000000000       0x2a obj_cooja/mtype328.a(nullmac.o)
 .comment       0x0000000000000000       0x2a obj_cooja/mtype328.a(cxmac.o)
 .comment       0x0000000000000000       0x2a obj_cooja/mtype328.a(linkaddr.o)
 .comment       0x0000000000000000       0x2a obj_cooja/mtype328.a(nbr-table.o)
 .comment       0x0000000000000000       0x2a obj_cooja/mtype328.a(netstack.o)
 .comment       0x0000000000000000       0x2a obj_cooja/mtype328.a(packetbuf.o)
 .comment       0x0000000000000000       0x2a obj_cooja/mtype328.a(queuebuf.o)
 .comment       0x0000000000000000       0x2a obj_cooja/mtype328.a(nullsec.o)
 .comment       0x0000000000000000       0x2a obj_cooja/mtype328.a(watchdog.o)
 .comment       0x0000000000000000       0x2a obj_cooja/mtype328.a(rimestats.o)
 .comment       0x0000000000000000       0x2a obj_cooja/mtype328.a(memb.o)
 .comment       0x0000000000000000       0x2a obj_cooja/mtype328.a(uip-icmp6.o)
 .comment       0x0000000000000000       0x2a obj_cooja/mtype328.a(uip-nd6.o)
 .comment       0x0000000000000000       0x2a obj_cooja/mtype328.a(rpl-nbr-policy.)
 .comment       0x0000000000000000       0x2a obj_cooja/mtype328.a(frame802154.o)
 .comment       0x0000000000000000       0x2a obj_cooja/mtype328.a(mac.o)
 .comment       0x0000000000000000       0x2a /usr/lib/gcc/i686-linux-gnu/4.8/crtendS.o

.debug
 *(.debug)

.line
 *(.line)

.debug_srcinfo
 *(.debug_srcinfo)

.debug_sfnames
 *(.debug_sfnames)

.debug_aranges  0x0000000000000000      0x7f8
 *(.debug_aranges)
 .debug_aranges
                0x0000000000000000       0x20 udp-client.co
 .debug_aranges
                0x0000000000000020       0x20 obj_cooja/mtype328.o
 .debug_aranges
                0x0000000000000040       0x20 obj_cooja/mtype328.a(simEnvChange.o)
 .debug_aranges
                0x0000000000000060       0x20 obj_cooja/mtype328.a(cooja_mt.o)
 .debug_aranges
                0x0000000000000080       0x20 obj_cooja/mtype328.a(cooja_mtarch.o)
 .debug_aranges
                0x00000000000000a0       0x20 obj_cooja/mtype328.a(rtimer-arch.o)
 .debug_aranges
                0x00000000000000c0       0x20 obj_cooja/mtype328.a(beep.o)
 .debug_aranges
                0x00000000000000e0       0x20 obj_cooja/mtype328.a(button-sensor.o)
 .debug_aranges
                0x0000000000000100       0x20 obj_cooja/mtype328.a(leds-arch.o)
 .debug_aranges
                0x0000000000000120       0x20 obj_cooja/mtype328.a(moteid.o)
 .debug_aranges
                0x0000000000000140       0x20 obj_cooja/mtype328.a(pir-sensor.o)
 .debug_aranges
                0x0000000000000160       0x20 obj_cooja/mtype328.a(rs232.o)
 .debug_aranges
                0x0000000000000180       0x20 obj_cooja/mtype328.a(vib-sensor.o)
 .debug_aranges
                0x00000000000001a0       0x20 obj_cooja/mtype328.a(clock.o)
 .debug_aranges
                0x00000000000001c0       0x20 obj_cooja/mtype328.a(log.o)
 .debug_aranges
                0x00000000000001e0       0x20 obj_cooja/mtype328.a(cfs-cooja.o)
 .debug_aranges
                0x0000000000000200       0x20 obj_cooja/mtype328.a(cooja-radio.o)
 .debug_aranges
                0x0000000000000220       0x20 obj_cooja/mtype328.a(eeprom.o)
 .debug_aranges
                0x0000000000000240       0x20 obj_cooja/mtype328.a(random.o)
 .debug_aranges
                0x0000000000000260       0x20 obj_cooja/mtype328.a(sensors.o)
 .debug_aranges
                0x0000000000000280       0x20 obj_cooja/mtype328.a(autostart.o)
 .debug_aranges
                0x00000000000002a0       0x20 obj_cooja/mtype328.a(ctimer.o)
 .debug_aranges
                0x00000000000002c0       0x20 obj_cooja/mtype328.a(etimer.o)
 .debug_aranges
                0x00000000000002e0       0x20 obj_cooja/mtype328.a(log_message.o)
 .debug_aranges
                0x0000000000000300       0x20 obj_cooja/mtype328.a(process.o)
 .debug_aranges
                0x0000000000000320       0x20 obj_cooja/mtype328.a(residual.o)
 .debug_aranges
                0x0000000000000340       0x20 obj_cooja/mtype328.a(rtimer.o)
 .debug_aranges
                0x0000000000000360       0x20 obj_cooja/mtype328.a(stimer.o)
 .debug_aranges
                0x0000000000000380       0x20 obj_cooja/mtype328.a(timer.o)
 .debug_aranges
                0x00000000000003a0       0x20 obj_cooja/mtype328.a(serial-line.o)
 .debug_aranges
                0x00000000000003c0       0x20 obj_cooja/mtype328.a(list.o)
 .debug_aranges
                0x00000000000003e0       0x20 obj_cooja/mtype328.a(ringbuf.o)
 .debug_aranges
                0x0000000000000400       0x20 obj_cooja/mtype328.a(sicslowpan.o)
 .debug_aranges
                0x0000000000000420       0x20 obj_cooja/mtype328.a(uip-ds6-nbr.o)
 .debug_aranges
                0x0000000000000440       0x20 obj_cooja/mtype328.a(uip-ds6-route.o)
 .debug_aranges
                0x0000000000000460       0x20 obj_cooja/mtype328.a(uip-ds6.o)
 .debug_aranges
                0x0000000000000480       0x20 obj_cooja/mtype328.a(uip6.o)
 .debug_aranges
                0x00000000000004a0       0x20 obj_cooja/mtype328.a(tcpip.o)
 .debug_aranges
                0x00000000000004c0       0x20 obj_cooja/mtype328.a(uip-debug.o)
 .debug_aranges
                0x00000000000004e0       0x20 obj_cooja/mtype328.a(uip-packetqueue)
 .debug_aranges
                0x0000000000000500       0x20 obj_cooja/mtype328.a(uip-udp-packet.)
 .debug_aranges
                0x0000000000000520       0x20 obj_cooja/mtype328.a(rpl-dag.o)
 .debug_aranges
                0x0000000000000540       0x20 obj_cooja/mtype328.a(rpl-ext-header.)
 .debug_aranges
                0x0000000000000560       0x20 obj_cooja/mtype328.a(rpl-icmp6.o)
 .debug_aranges
                0x0000000000000580       0x20 obj_cooja/mtype328.a(rpl-of0.o)
 .debug_aranges
                0x00000000000005a0       0x20 obj_cooja/mtype328.a(rpl-timers.o)
 .debug_aranges
                0x00000000000005c0       0x20 obj_cooja/mtype328.a(rpl.o)
 .debug_aranges
                0x00000000000005e0       0x20 obj_cooja/mtype328.a(framer-802154.o)
 .debug_aranges
                0x0000000000000600       0x20 obj_cooja/mtype328.a(nullmac.o)
 .debug_aranges
                0x0000000000000620       0x20 obj_cooja/mtype328.a(cxmac.o)
 .debug_aranges
                0x0000000000000640       0x20 obj_cooja/mtype328.a(linkaddr.o)
 .debug_aranges
                0x0000000000000660       0x20 obj_cooja/mtype328.a(nbr-table.o)
 .debug_aranges
                0x0000000000000680       0x20 obj_cooja/mtype328.a(netstack.o)
 .debug_aranges
                0x00000000000006a0       0x20 obj_cooja/mtype328.a(packetbuf.o)
 .debug_aranges
                0x00000000000006c0       0x20 obj_cooja/mtype328.a(queuebuf.o)
 .debug_aranges
                0x00000000000006e0       0x20 obj_cooja/mtype328.a(nullsec.o)
 .debug_aranges
                0x0000000000000700       0x20 obj_cooja/mtype328.a(watchdog.o)
 .debug_aranges
                0x0000000000000720       0x18 obj_cooja/mtype328.a(rimestats.o)
 .debug_aranges
                0x0000000000000738       0x20 obj_cooja/mtype328.a(memb.o)
 .debug_aranges
                0x0000000000000758       0x20 obj_cooja/mtype328.a(uip-icmp6.o)
 .debug_aranges
                0x0000000000000778       0x20 obj_cooja/mtype328.a(uip-nd6.o)
 .debug_aranges
                0x0000000000000798       0x20 obj_cooja/mtype328.a(rpl-nbr-policy.)
 .debug_aranges
                0x00000000000007b8       0x20 obj_cooja/mtype328.a(frame802154.o)
 .debug_aranges
                0x00000000000007d8       0x20 obj_cooja/mtype328.a(mac.o)

.debug_pubnames
 *(.debug_pubnames)

.debug_info     0x0000000000000000    0x1b2cb
 *(.debug_info .gnu.linkonce.wi.*)
 .debug_info    0x0000000000000000      0xa22 udp-client.co
 .debug_info    0x0000000000000a22     0x3a5f obj_cooja/mtype328.o
 .debug_info    0x0000000000004481      0x15a obj_cooja/mtype328.a(simEnvChange.o)
 .debug_info    0x00000000000045db      0x1e2 obj_cooja/mtype328.a(cooja_mt.o)
 .debug_info    0x00000000000047bd      0x2e7 obj_cooja/mtype328.a(cooja_mtarch.o)
 .debug_info    0x0000000000004aa4      0x16b obj_cooja/mtype328.a(rtimer-arch.o)
 .debug_info    0x0000000000004c0f      0x1f3 obj_cooja/mtype328.a(beep.o)
 .debug_info    0x0000000000004e02      0x257 obj_cooja/mtype328.a(button-sensor.o)
 .debug_info    0x0000000000005059      0x132 obj_cooja/mtype328.a(leds-arch.o)
 .debug_info    0x000000000000518b      0x10a obj_cooja/mtype328.a(moteid.o)
 .debug_info    0x0000000000005295      0x216 obj_cooja/mtype328.a(pir-sensor.o)
 .debug_info    0x00000000000054ab      0x21e obj_cooja/mtype328.a(rs232.o)
 .debug_info    0x00000000000056c9      0x216 obj_cooja/mtype328.a(vib-sensor.o)
 .debug_info    0x00000000000058df      0x152 obj_cooja/mtype328.a(clock.o)
 .debug_info    0x0000000000005a31      0x2bb obj_cooja/mtype328.a(log.o)
 .debug_info    0x0000000000005cec      0x3cf obj_cooja/mtype328.a(cfs-cooja.o)
 .debug_info    0x00000000000060bb      0xc9b obj_cooja/mtype328.a(cooja-radio.o)
 .debug_info    0x0000000000006d56      0x1d5 obj_cooja/mtype328.a(eeprom.o)
 .debug_info    0x0000000000006f2b       0xb3 obj_cooja/mtype328.a(random.o)
 .debug_info    0x0000000000006fde      0x36d obj_cooja/mtype328.a(sensors.o)
 .debug_info    0x000000000000734b      0x1a5 obj_cooja/mtype328.a(autostart.o)
 .debug_info    0x00000000000074f0      0x46c obj_cooja/mtype328.a(ctimer.o)
 .debug_info    0x000000000000795c      0x49c obj_cooja/mtype328.a(etimer.o)
 .debug_info    0x0000000000007df8      0x3d2 obj_cooja/mtype328.a(log_message.o)
 .debug_info    0x00000000000081ca      0x4ba obj_cooja/mtype328.a(process.o)
 .debug_info    0x0000000000008684      0x164 obj_cooja/mtype328.a(residual.o)
 .debug_info    0x00000000000087e8      0x1ab obj_cooja/mtype328.a(rtimer.o)
 .debug_info    0x0000000000008993      0x179 obj_cooja/mtype328.a(stimer.o)
 .debug_info    0x0000000000008b0c      0x16c obj_cooja/mtype328.a(timer.o)
 .debug_info    0x0000000000008c78      0x2de obj_cooja/mtype328.a(serial-line.o)
 .debug_info    0x0000000000008f56      0x2ed obj_cooja/mtype328.a(list.o)
 .debug_info    0x0000000000009243      0x1aa obj_cooja/mtype328.a(ringbuf.o)
 .debug_info    0x00000000000093ed     0x105e obj_cooja/mtype328.a(sicslowpan.o)
 .debug_info    0x000000000000a44b      0x853 obj_cooja/mtype328.a(uip-ds6-nbr.o)
 .debug_info    0x000000000000ac9e      0xd30 obj_cooja/mtype328.a(uip-ds6-route.o)
 .debug_info    0x000000000000b9ce      0xa5b obj_cooja/mtype328.a(uip-ds6.o)
 .debug_info    0x000000000000c429      0xea0 obj_cooja/mtype328.a(uip6.o)
 .debug_info    0x000000000000d2c9     0x1493 obj_cooja/mtype328.a(tcpip.o)
 .debug_info    0x000000000000e75c      0x1b5 obj_cooja/mtype328.a(uip-debug.o)
 .debug_info    0x000000000000e911      0x470 obj_cooja/mtype328.a(uip-packetqueue)
 .debug_info    0x000000000000ed81      0x37a obj_cooja/mtype328.a(uip-udp-packet.)
 .debug_info    0x000000000000f0fb     0x1c3e obj_cooja/mtype328.a(rpl-dag.o)
 .debug_info    0x0000000000010d39      0xe97 obj_cooja/mtype328.a(rpl-ext-header.)
 .debug_info    0x0000000000011bd0     0x18fa obj_cooja/mtype328.a(rpl-icmp6.o)
 .debug_info    0x00000000000134ca      0xa36 obj_cooja/mtype328.a(rpl-of0.o)
 .debug_info    0x0000000000013f00      0xc36 obj_cooja/mtype328.a(rpl-timers.o)
 .debug_info    0x0000000000014b36      0xd4a obj_cooja/mtype328.a(rpl.o)
 .debug_info    0x0000000000015880      0x5ed obj_cooja/mtype328.a(framer-802154.o)
 .debug_info    0x0000000000015e6d      0x3d5 obj_cooja/mtype328.a(nullmac.o)
 .debug_info    0x0000000000016242      0xf96 obj_cooja/mtype328.a(cxmac.o)
 .debug_info    0x00000000000171d8      0x165 obj_cooja/mtype328.a(linkaddr.o)
 .debug_info    0x000000000001733d      0x8e4 obj_cooja/mtype328.a(nbr-table.o)
 .debug_info    0x0000000000017c21      0x4ba obj_cooja/mtype328.a(netstack.o)
 .debug_info    0x00000000000180db      0x478 obj_cooja/mtype328.a(packetbuf.o)
 .debug_info    0x0000000000018553      0x57d obj_cooja/mtype328.a(queuebuf.o)
 .debug_info    0x0000000000018ad0      0x3aa obj_cooja/mtype328.a(nullsec.o)
 .debug_info    0x0000000000018e7a       0x7b obj_cooja/mtype328.a(watchdog.o)
 .debug_info    0x0000000000018ef5      0x119 obj_cooja/mtype328.a(rimestats.o)
 .debug_info    0x000000000001900e      0x1d7 obj_cooja/mtype328.a(memb.o)
 .debug_info    0x00000000000191e5      0x7b7 obj_cooja/mtype328.a(uip-icmp6.o)
 .debug_info    0x000000000001999c      0x331 obj_cooja/mtype328.a(uip-nd6.o)
 .debug_info    0x0000000000019ccd      0xe38 obj_cooja/mtype328.a(rpl-nbr-policy.)