Archive member included to satisfy reference by file (symbol)

obj_cooja/mtype871.a(simEnvChange.o)
                              obj_cooja/mtype871.o (simDontFallAsleep)
obj_cooja/mtype871.a(cooja_mt.o)
                              obj_cooja/mtype871.o (cooja_mt_start)
obj_cooja/mtype871.a(cooja_mtarch.o)
                              obj_cooja/mtype871.a(cooja_mt.o) (cooja_mtarch_init)
obj_cooja/mtype871.a(rtimer-arch.o)
                              obj_cooja/mtype871.o (rtimer_arch_next)
obj_cooja/mtype871.a(beep.o)  obj_cooja/mtype871.o (beep_interface)
obj_cooja/mtype871.a(button-sensor.o)
                              obj_cooja/mtype871.o (button_interface)
obj_cooja/mtype871.a(leds-arch.o)
                              obj_cooja/mtype871.o (leds_interface)
obj_cooja/mtype871.a(moteid.o)
                              obj_cooja/mtype871.o (moteid_interface)
obj_cooja/mtype871.a(pir-sensor.o)
                              obj_cooja/mtype871.o (pir_interface)
obj_cooja/mtype871.a(rs232.o)
                              obj_cooja/mtype871.o (rs232_interface)
obj_cooja/mtype871.a(vib-sensor.o)
                              obj_cooja/mtype871.o (vib_interface)
obj_cooja/mtype871.a(clock.o)
                              obj_cooja/mtype871.o (clock_interface)
obj_cooja/mtype871.a(log.o)   obj_cooja/mtype871.o (simlog_interface)
obj_cooja/mtype871.a(cfs-cooja.o)
                              obj_cooja/mtype871.o (cfs_interface)
obj_cooja/mtype871.a(cooja-radio.o)
                              obj_cooja/mtype871.o (radio_interface)
obj_cooja/mtype871.a(eeprom.o)
                              obj_cooja/mtype871.o (eeprom_interface)
obj_cooja/mtype871.a(random.o)
                              obj_cooja/mtype871.a(moteid.o) (random_init)
obj_cooja/mtype871.a(sensors.o)
                              obj_cooja/mtype871.o (sensors_process)
obj_cooja/mtype871.a(dual_conf.o)
                              obj_cooja/mtype871.a(cooja-radio.o) (long_range_radio)
obj_cooja/mtype871.a(autostart.o)
                              obj_cooja/mtype871.o (autostart_start)
obj_cooja/mtype871.a(ctimer.o)
                              obj_cooja/mtype871.o (ctimer_init)
obj_cooja/mtype871.a(etimer.o)
                              obj_cooja/mtype871.o (etimer_process)
obj_cooja/mtype871.a(process.o)
                              udp-client.co (process_current)
obj_cooja/mtype871.a(residual.o)
                              udp-client.co (get_residual_energy)
obj_cooja/mtype871.a(rtimer.o)
                              obj_cooja/mtype871.a(rtimer-arch.o) (rtimer_run_next)
obj_cooja/mtype871.a(stimer.o)
                              udp-client.co (stimer_remaining)
obj_cooja/mtype871.a(timer.o)
                              obj_cooja/mtype871.a(button-sensor.o) (timer_set)
obj_cooja/mtype871.a(serial-line.o)
                              udp-client.co (serial_line_event_message)
obj_cooja/mtype871.a(list.o)  obj_cooja/mtype871.a(ctimer.o) (list_init)
obj_cooja/mtype871.a(ringbuf.o)
                              obj_cooja/mtype871.a(serial-line.o) (ringbuf_init)
obj_cooja/mtype871.a(sicslowpan.o)
                              obj_cooja/mtype871.o (sicslowpan_driver)
obj_cooja/mtype871.a(uip-ds6-nbr.o)
                              obj_cooja/mtype871.a(sicslowpan.o) (uip_ds6_link_neighbor_callback)
obj_cooja/mtype871.a(uip-ds6-route.o)
                              udp-client.co (uip_ds6_route_nexthop)
obj_cooja/mtype871.a(uip-ds6.o)
                              udp-client.co (uip_ds6_if)
obj_cooja/mtype871.a(uip6.o)  udp-client.co (uip_lladdr)
obj_cooja/mtype871.a(tcpip.o)
                              udp-client.co (tcpip_event)
obj_cooja/mtype871.a(uip-debug.o)
                              udp-client.co (uip_debug_ipaddr_print)
obj_cooja/mtype871.a(uip-packetqueue)
                              obj_cooja/mtype871.a(uip-ds6-nbr.o) (uip_packetqueue_new)
obj_cooja/mtype871.a(uip-udp-packet.)
                              udp-client.co (uip_udp_packet_sendto)
obj_cooja/mtype871.a(rpl-dag.o)
                              obj_cooja/mtype871.a(tcpip.o) (rpl_repair_root)
obj_cooja/mtype871.a(rpl-ext-header.)
                              obj_cooja/mtype871.a(uip6.o) (rpl_verify_header)
obj_cooja/mtype871.a(rpl-icmp6.o)
                              obj_cooja/mtype871.a(rpl-dag.o) (rpl_icmp6_update_nbr_table)
obj_cooja/mtype871.a(rpl-ltmax-of.o)
                              obj_cooja/mtype871.a(rpl-dag.o) (rpl_ltmax_of)
obj_cooja/mtype871.a(rpl-timers.o)
                              obj_cooja/mtype871.a(rpl-dag.o) (rpl_reset_dio_timer)
obj_cooja/mtype871.a(rpl.o)   obj_cooja/mtype871.a(rpl-icmp6.o) (rpl_get_mode)
obj_cooja/mtype871.a(framer-802154.o)
                              obj_cooja/mtype871.a(sicslowpan.o) (framer_802154)
obj_cooja/mtype871.a(nullmac.o)
                              obj_cooja/mtype871.o (nullmac_driver)
obj_cooja/mtype871.a(nullrdc.o)
                              obj_cooja/mtype871.o (nullrdc_driver)
[...]
Memory Configuration

Name             Origin             Length             Attributes
*default*        0x0000000000000000 0xffffffffffffffff

Linker script and memory map

LOAD /usr/lib/gcc/i686-linux-gnu/4.8/../../../i386-linux-gnu/crti.o
LOAD /usr/lib/gcc/i686-linux-gnu/4.8/crtbeginS.o
LOAD udp-client.co
LOAD obj_cooja/mtype871.o
LOAD obj_cooja/mtype871.a
LOAD /usr/lib/gcc/i686-linux-gnu/4.8/libgcc.a
LOAD /usr/lib/gcc/i686-linux-gnu/4.8/libgcc_s.so
LOAD /usr/lib/gcc/i686-linux-gnu/4.8/../../../i386-linux-gnu/libc.so
START GROUP
LOAD /lib/i386-linux-gnu/libc.so.6
LOAD /usr/lib/i386-linux-gnu/libc_nonshared.a
LOAD /lib/i386-linux-gnu/ld-linux.so.2
END GROUP
LOAD /usr/lib/gcc/i686-linux-gnu/4.8/libgcc.a
LOAD /usr/lib/gcc/i686-linux-gnu/4.8/libgcc_s.so
LOAD /usr/lib/gcc/i686-linux-gnu/4.8/crtendS.o
LOAD /usr/lib/gcc/i686-linux-gnu/4.8/../../../i386-linux-gnu/crtn.o
                0x0000000000000114                . = (0x0 + SIZEOF_HEADERS)

.note.gnu.build-id
                0x0000000000000114       0x24
 *(.note.gnu.build-id)
 .note.gnu.build-id
                0x0000000000000114       0x24 /usr/lib/gcc/i686-linux-gnu/4.8/../../../i386-linux-gnu/crti.o

.hash
 *(.hash)

.gnu.hash       0x0000000000000138     0x1308
 *(.gnu.hash)
 .gnu.hash      0x0000000000000138     0x1308 /usr/lib/gcc/i686-linux-gnu/4.8/../../../i386-linux-gnu/crti.o

.dynsym         0x0000000000001440     0x2490
 *(.dynsym)
 .dynsym        0x0000000000001440     0x2490 /usr/lib/gcc/i686-linux-gnu/4.8/../../../i386-linux-gnu/crti.o

.dynstr         0x00000000000038d0     0x25e1
 *(.dynstr)
 .dynstr        0x00000000000038d0     0x25e1 /usr/lib/gcc/i686-linux-gnu/4.8/../../../i386-linux-gnu/crti.o

.gnu.version    0x0000000000005eb2      0x492
 *(.gnu.version)
 .gnu.version   0x0000000000005eb2      0x492 /usr/lib/gcc/i686-linux-gnu/4.8/../../../i386-linux-gnu/crti.o

.gnu.version_d  0x0000000000006344        0x0
 *(.gnu.version_d)
 .gnu.version_d
                0x0000000000000000        0x0 /usr/lib/gcc/i686-linux-gnu/4.8/../../../i386-linux-gnu/crti.o

.gnu.version_r  0x0000000000006344       0x50
 *(.gnu.version_r)
 .gnu.version_r
                0x0000000000006344       0x50 /usr/lib/gcc/i686-linux-gnu/4.8/../../../i386-linux-gnu/crti.o

.rel.dyn        0x0000000000006394     0x9ea0
 *(.rel.init)
 .rel.init      0x0000000000000000        0x0 /usr/lib/gcc/i686-linux-gnu/4.8/../../../i386-linux-gnu/crti.o
 *(.rel.text .rel.text.* .rel.gnu.linkonce.t.*)
 .rel.text      0x0000000000006394     0x9720 /usr/lib/gcc/i686-linux-gnu/4.8/../../../i386-linux-gnu/crti.o
 *(.rel.fini)
 .rel.fini      0x0000000000000000        0x0 /usr/lib/gcc/i686-linux-gnu/4.8/../../../i386-linux-gnu/crti.o
 *(.rel.rodata .rel.rodata.* .rel.gnu.linkonce.r.*)
 .rel.rodata    0x000000000000fab4      0x4e0 /usr/lib/gcc/i686-linux-gnu/4.8/../../../i386-linux-gnu/crti.o
 *(.rel.data.rel.ro .rel.data.rel.ro.* .rel.gnu.linkonce.d.rel.ro.*)
 *(.rel.data .rel.data.* .rel.gnu.linkonce.d.*)
 .rel.data.rel  0x000000000000ff94        0x8 /usr/lib/gcc/i686-linux-gnu/4.8/../../../i386-linux-gnu/crti.o
 .rel.data      0x000000000000ff9c      0x260 /usr/lib/gcc/i686-linux-gnu/4.8/../../../i386-linux-gnu/crti.o
 *(.rel.tdata .rel.tdata.* .rel.gnu.linkonce.td.*)
 *(.rel.tbss .rel.tbss.* .rel.gnu.linkonce.tb.*)
 *(.rel.ctors)
 *(.rel.dtors)
 *(.rel.got)
 .rel.got       0x00000000000101fc       0x28 /usr/lib/gcc/i686-linux-gnu/4.8/../../../i386-linux-gnu/crti.o
 *(.rel.bss .rel.bss.* .rel.gnu.linkonce.b.*)
 *(.rel.ifunc)
 .rel.ifunc     0x0000000000000000        0x0 /usr/lib/gcc/i686-linux-gnu/4.8/../../../i386-linux-gnu/crti.o
 .rel.fini_array
                0x0000000000010224        0x8 /usr/lib/gcc/i686-linux-gnu/4.8/../../../i386-linux-gnu/crti.o
 .rel.init_array
                0x000000000001022c        0x8 /usr/lib/gcc/i686-linux-gnu/4.8/../../../i386-linux-gnu/crti.o

.rel.plt        0x0000000000010234       0x10
 *(.rel.plt)
 .rel.plt       0x0000000000010234       0x10 /usr/lib/gcc/i686-linux-gnu/4.8/../../../i386-linux-gnu/crti.o
 *(.rel.iplt)

.init           0x0000000000010244       0x23
 *(SORT(.init))
 .init          0x0000000000010244       0x1e /usr/lib/gcc/i686-linux-gnu/4.8/../../../i386-linux-gnu/crti.o
                0x0000000000010244                _init
 .init          0x0000000000010262        0x5 /usr/lib/gcc/i686-linux-gnu/4.8/../../../i386-linux-gnu/crtn.o

.plt            0x0000000000010270       0x30
 *(.plt)
 .plt           0x0000000000010270       0x30 /usr/lib/gcc/i686-linux-gnu/4.8/../../../i386-linux-gnu/crti.o
 *(.iplt)

.text           0x00000000000102a0    0x172fb
 *(.text.unlikely .text.*_unlikely .text.unlikely.*)
 *(.text.exit .text.exit.*)
 *(.text.startup .text.startup.*)
 *(.text.hot .text.hot.*)
 *(.text .stub .text.* .gnu.linkonce.t.*)
 .text          0x00000000000102a0        0x0 /usr/lib/gcc/i686-linux-gnu/4.8/../../../i386-linux-gnu/crti.o
 .gnu.linkonce.t.__x86.get_pc_thunk.bx
                0x00000000000102a0        0x4 /usr/lib/gcc/i686-linux-gnu/4.8/../../../i386-linux-gnu/crti.o
                0x00000000000102a0                __x86.get_pc_thunk.bx
 *fill*         0x00000000000102a4        0xc 
 .text          0x00000000000102b0      0x11b /usr/lib/gcc/i686-linux-gnu/4.8/crtbeginS.o
 .text          0x00000000000103cb      0x5e1 udp-client.co
 .text          0x00000000000109ac      0xa73 obj_cooja/mtype871.o
                0x0000000000010b5a                contiki_init
                0x0000000000011236                Java_org_contikios_cooja_corecomm_Lib16_init
                0x0000000000011276                Java_org_contikios_cooja_corecomm_Lib16_getMemory
                0x00000000000112b6                Java_org_contikios_cooja_corecomm_Lib16_setMemory
                0x000000000001132d                Java_org_contikios_cooja_corecomm_Lib16_tick
                0x000000000001140d                Java_org_contikios_cooja_corecomm_Lib16_setReferenceAddress
 .text          0x000000000001141f       0x63 obj_cooja/mtype871.a(simEnvChange.o)
                0x000000000001141f                doActionsBeforeTick
                0x0000000000011450                doActionsAfterTick
 .text          0x0000000000011482       0xbc obj_cooja/mtype871.a(cooja_mt.o)
                0x0000000000011482                cooja_mt_init
                0x000000000001148f                cooja_mt_remove
                0x000000000001149c                cooja_mt_start
                0x00000000000114c9                cooja_mt_exec
                0x00000000000114fa                cooja_mt_exit
                0x000000000001151c                cooja_mt_yield
 .text          0x000000000001153e      0x115 obj_cooja/mtype871.a(cooja_mtarch.o)
                0x000000000001153e                cooja_mtarch_init
                0x0000000000011543                cooja_mtarch_start
                0x00000000000115be                cooja_sw
                0x00000000000115e0                cooja_mtarch_exec
                0x00000000000115fc                cooja_mtarch_remove
                0x0000000000011601                cooja_mtarch_yield
                0x000000000001160b                cooja_mtarch_pstop
                0x0000000000011610                cooja_mtarch_pstart
                0x0000000000011615                cooja_mtarch_stack_usage
 .text          0x0000000000011653       0xc2 obj_cooja/mtype871.a(rtimer-arch.o)
                0x0000000000011653                rtimer_arch_init
                0x0000000000011676                rtimer_arch_schedule
                0x000000000001168d                rtimer_arch_next
                0x0000000000011697                rtimer_arch_pending
                0x00000000000116a1                rtimer_arch_check
                0x00000000000116d3                rtimer_arch_now
 .text          0x0000000000011715       0x76 obj_cooja/mtype871.a(beep.o)
                0x0000000000011715                beep_alarm
                0x0000000000011721                beep_beep
                0x000000000001172d                beep
                0x0000000000011739                beep_down
                0x0000000000011745                beep_on
                0x0000000000011751                beep_off
                0x000000000001175d                beep_spinup
                0x0000000000011769                beep_quick
                0x0000000000011775                beep_long
 .text          0x000000000001178b      0x103 obj_cooja/mtype871.a(button-sensor.o)
 .text          0x000000000001188e       0x45 obj_cooja/mtype871.a(leds-arch.o)
                0x000000000001188e                leds_arch_init
                0x000000000001189a                leds_arch_get
                0x00000000000118a6                leds_arch_set
 .text          0x00000000000118d3       0x2f obj_cooja/mtype871.a(moteid.o)
 .text          0x0000000000011902       0xb1 obj_cooja/mtype871.a(pir-sensor.o)
 .text          0x00000000000119b3      0x131 obj_cooja/mtype871.a(rs232.o)
                0x00000000000119b3                rs232_init
                0x00000000000119b8                rs232_set_speed
                0x00000000000119c6                rs232_set_input
                0x00000000000119d3                rs232_send
                0x00000000000119f5                rs232_print
                0x0000000000011a10                slip_arch_writeb
 .text          0x0000000000011ae4       0xb1 obj_cooja/mtype871.a(vib-sensor.o)
 .text          0x0000000000011b95       0x34 obj_cooja/mtype871.a(clock.o)
                0x0000000000011b95                clock_init
                0x0000000000011b9a                clock_time
                0x0000000000011ba4                clock_seconds
                0x0000000000011bba                clock_delay
 .text          0x0000000000011bc9      0x1ed obj_cooja/mtype871.a(log.o)
                0x0000000000011bc9                simlog_char
                0x0000000000011c0b                simlog
                0x0000000000011c78                log_message
                0x0000000000011ca0                log_set_putchar_with_slip
                0x0000000000011cad                log_putchar
                0x0000000000011d31                log_puts
                0x0000000000011d55                log_printf
 .text          0x0000000000011db6      0x2c4 obj_cooja/mtype871.a(cfs-cooja.o)
                0x0000000000011db6                cfs_open
                0x0000000000011e1f                cfs_close
                0x0000000000011e2b                cfs_read
                0x0000000000011ec9                cfs_write
                0x0000000000011fa6                cfs_seek
                0x000000000001202e                cfs_remove
                0x0000000000012057                cfs_opendir
                0x0000000000012061                cfs_readdir
                0x000000000001206b                cfs_closedir
 .text          0x000000000001207a      0x5b3 obj_cooja/mtype871.a(cooja-radio.o)
                0x00000000000120a4                radio_set_channel
                0x00000000000120b9                radio_set_txpower
                0x00000000000120d9                radio_signal_strength_last
                0x00000000000120e3                radio_signal_strength_current
                0x00000000000120ed                radio_LQI
 .text          0x000000000001262d       0xef obj_cooja/mtype871.a(eeprom.o)
                0x000000000001262d                eeprom_init
                0x0000000000012632                eeprom_read
                0x00000000000126a2                eeprom_write
 .text          0x000000000001271c       0x28 obj_cooja/mtype871.a(random.o)
                0x000000000001271c                random_init
                0x0000000000012737                random_rand
 .text          0x0000000000012744      0x2a1 obj_cooja/mtype871.a(sensors.o)
                0x000000000001277f                sensors_first
                0x0000000000012789                sensors_next
                0x00000000000127a6                sensors_changed
                0x00000000000127d5                sensors_find
 .text          0x00000000000129e5      0x2d2 obj_cooja/mtype871.a(dual_conf.o)
                0x00000000000129e5                dual_radio_switch
                0x0000000000012a25                dual_radio_change
                0x0000000000012a5f                sending_in_LR
                0x0000000000012a8a                dual_radio_received
                0x0000000000012add                radio_received_is_longrange
                0x0000000000012c6d                dio_broadcast
                0x0000000000012c96                dis_broadcast
 .text          0x0000000000012cb7       0x8e obj_cooja/mtype871.a(autostart.o)
                0x0000000000012cb7                autostart_start
                0x0000000000012d02                autostart_exit
 .text          0x0000000000012d45      0x334 obj_cooja/mtype871.a(ctimer.o)
                0x0000000000012e5c                ctimer_init
                0x0000000000012e8c                ctimer_set
                0x0000000000012ebd                ctimer_set_with_process
                0x0000000000012f39                ctimer_reset
                0x0000000000012f88                ctimer_restart
                0x0000000000012fd7                ctimer_stop
                0x0000000000013022                ctimer_expired
 .text          0x0000000000013079      0x40b obj_cooja/mtype871.a(etimer.o)
                0x000000000001328c                etimer_request_poll
                0x0000000000013310                etimer_set
                0x0000000000013335                etimer_reset_with_new_interval
                0x000000000001335c                etimer_reset
                0x000000000001337a                etimer_restart
                0x0000000000013398                etimer_adjust
                0x00000000000133b4                etimer_expired
                0x00000000000133c7                etimer_expiration_time
                0x00000000000133d9                etimer_start_time
                0x00000000000133e3                etimer_pending
                0x00000000000133f5                etimer_next_expiration_time
                0x000000000001340f                etimer_stop
 .text          0x0000000000013484      0x560 obj_cooja/mtype871.a(process.o)
                0x0000000000013484                process_alloc_event
                0x0000000000013499                process_start
                0x0000000000013682                process_exit
                0x000000000001369e                process_init
                0x000000000001386f                process_run
                0x00000000000138a2                process_nevents
                0x00000000000138bd                process_post
                0x0000000000013969                process_post_synch
                0x00000000000139a1                process_poll
                0x00000000000139d0                process_is_running
 .text          0x00000000000139e4       0xd3 obj_cooja/mtype871.a(residual.o)
                0x00000000000139e4                get_residual_energy
 .text          0x0000000000013ab7       0xba obj_cooja/mtype871.a(rtimer.o)
                0x0000000000013ab7                rtimer_init
                0x0000000000013ac4                rtimer_set
                0x0000000000013b1b                rtimer_run_next
 .text          0x0000000000013b71       0xa3 obj_cooja/mtype871.a(stimer.o)
                0x0000000000013b71                stimer_set
                0x0000000000013b8c                stimer_reset
                0x0000000000013ba3                stimer_restart
                0x0000000000013bb5                stimer_expired
                0x0000000000013bdc                stimer_remaining
                0x0000000000013c00                stimer_elapsed
 .text          0x0000000000013c14       0x91 obj_cooja/mtype871.a(timer.o)
                0x0000000000013c14                timer_set
                0x0000000000013c2f                timer_reset
                0x0000000000013c46                timer_restart
                0x0000000000013c58                timer_expired
                0x0000000000013c81                timer_remaining
 .text          0x0000000000013ca5      0x1fb obj_cooja/mtype871.a(serial-line.o)
                0x0000000000013ca5                serial_line_input_byte
                0x0000000000013e68                serial_line_init
 .text          0x0000000000013ea0      0x244 obj_cooja/mtype871.a(list.o)
                0x0000000000013ea0                list_init
                0x0000000000013eae                list_head
                0x0000000000013eb8                list_copy
                0x0000000000013ec7                list_tail
                0x0000000000013efd                list_add
                0x0000000000013f46                list_push
                0x0000000000013f72                list_chop
                0x0000000000013fdc                list_pop
                0x0000000000014004                list_remove
                0x000000000001406b                list_length
                0x0000000000014099                list_insert
                0x00000000000140cd                list_item_next
 .text          0x00000000000140e4      0x155 obj_cooja/mtype871.a(ringbuf.o)
                0x00000000000140e4                ringbuf_init
                0x0000000000014115                ringbuf_put
                0x0000000000014193                ringbuf_get
                0x0000000000014200                ringbuf_size
                0x0000000000014212                ringbuf_elements
 .text          0x0000000000014239     0x258b obj_cooja/mtype871.a(sicslowpan.o)
                0x00000000000147c3                rime_sniffer_add
                0x00000000000147d0                rime_sniffer_remove
                0x0000000000016763                sicslowpan_init
                0x00000000000167ba                sicslowpan_get_last_rssi
 .text          0x00000000000167c4      0x2dc obj_cooja/mtype871.a(uip-ds6-nbr.o)
                0x00000000000167e1                uip_ds6_neighbors_init
                0x00000000000167fe                uip_ds6_nbr_add
                0x00000000000168af                uip_ds6_nbr_rm
                0x000000000001690c                uip_ds6_nbr_get_ipaddr
                0x0000000000016921                uip_ds6_nbr_get_ll
                0x000000000001693d                uip_ds6_nbr_num
                0x0000000000016982                uip_ds6_nbr_lookup
                0x00000000000169e7                uip_ds6_nbr_ll_lookup
                0x0000000000016a03                uip_ds6_nbr_ipaddr_from_lladdr
                0x0000000000016a29                uip_ds6_nbr_lladdr_from_ipaddr
                0x0000000000016a57                uip_ds6_link_neighbor_callback
 .text          0x0000000000016aa0      0x916 obj_cooja/mtype871.a(uip-ds6-route.o)
                0x0000000000016b17                uip_ds6_notification_add
                0x0000000000016b48                uip_ds6_notification_rm
                0x0000000000016b64                uip_ds6_route_init
                0x0000000000016bec                uip_ds6_route_nexthop
                0x0000000000016c14                uip_ds6_route_head
                0x0000000000016c29                uip_ds6_route_next
                0x0000000000016c4f                uip_ds6_route_is_nexthop
                0x0000000000016c8e                uip_ds6_route_num_routes
                0x0000000000016c98                uip_ds6_route_lookup
                0x0000000000016d5a                uip_ds6_route_add
                0x0000000000016f8e                uip_ds6_route_rm
                0x0000000000017122                uip_ds6_route_rm_by_nexthop
                0x000000000001715a                uip_ds6_defrt_add
                0x000000000001720b                uip_ds6_defrt_rm
                0x000000000001728a                uip_ds6_defrt_lookup
                0x00000000000172e3                uip_ds6_defrt_choose
                0x000000000001734e                uip_ds6_defrt_periodic
 .text          0x00000000000173b6     0x12ad obj_cooja/mtype871.a(uip-ds6.o)
                0x00000000000173b6                uip_ds6_init
                0x000000000001770b                uip_ds6_periodic
                0x00000000000177e3                uip_ds6_list_loop
                0x000000000001788a                uip_ds6_prefix_add
                0x0000000000017948                uip_ds6_prefix_rm
                0x000000000001795a                uip_ds6_prefix_lookup
                0x00000000000179ab                uip_ds6_is_addr_onlink
                0x0000000000017a1f                uip_ds6_addr_add
                0x0000000000017b4d                uip_ds6_long_addr_add
                0x0000000000017c7b                uip_ds6_addr_rm
                0x0000000000017d1b                uip_ds6_addr_lookup
                0x0000000000017d66                uip_ds6_long_addr_lookup
                0x0000000000017db1                uip_ds6_get_link_local
                0x0000000000017e30                uip_ds6_long_get_link_local
                0x0000000000017eaf                uip_ds6_get_global
                0x0000000000017f2e                uip_ds6_long_get_global
                0x0000000000017fad                uip_ds6_maddr_add
                0x000000000001801f                uip_ds6_long_maddr_add
                0x0000000000018091                uip_ds6_maddr_rm
                0x00000000000180a3                uip_ds6_maddr_lookup
                0x00000000000180ee                uip_ds6_long_maddr_lookup
                0x0000000000018139                uip_ds6_aaddr_add
                0x00000000000181ab                uip_ds6_long_aaddr_add
                0x000000000001821d                uip_ds6_aaddr_rm
                0x000000000001822f                uip_ds6_aaddr_lookup
                0x000000000001827a                uip_ds6_long_aaddr_lookup
                0x00000000000182c5                uip_ds6_select_src
                0x000000000001854e                uip_ds6_set_addr_iid
                0x0000000000018585                get_match_length
                0x0000000000018617                uip_ds6_compute_reachable_time
 .text          0x0000000000018663     0x29f3 obj_cooja/mtype871.a(uip6.o)
                0x0000000000018663                uip_add32
                0x00000000000187fc                uip_chksum
                0x00000000000188ea                uip_icmp6chksum
                0x00000000000188fe                uip_tcpchksum
                0x0000000000018912                uip_udpchksum
                0x0000000000018926                uip_init
                0x00000000000189f6                uip_connect
                0x0000000000018ba5                remove_ext_hdr
                0x0000000000018c7a                uip_udp_new
                0x0000000000018dd6                uip_unlisten
                0x0000000000018e36                uip_listen
                0x00000000000190f8                uip_process
                0x000000000001af4a                uip_htons
                0x000000000001af6c                uip_htonl
                0x000000000001afac                uip_send
 .text          0x000000000001b056      0xa66 obj_cooja/mtype871.a(tcpip.o)
                0x000000000001b056                tcpip_output
                0x000000000001b084                tcpip_set_outputfunc
                0x000000000001b118                tcp_connect
                0x000000000001b16d                tcp_unlisten
                0x000000000001b1c8                tcp_listen
                0x000000000001b221                tcp_attach
                0x000000000001b246                udp_attach
                0x000000000001b26b                udp_new
                0x000000000001b2bd                udp_broadcast_new
                0x000000000001b531                tcpip_input
                0x000000000001b565                tcpip_ipv6_output
                0x000000000001b902                tcpip_poll_udp
                0x000000000001b925                tcpip_poll_tcp
                0x000000000001b948                tcpip_uipcall
 .text          0x000000000001babc      0x1c1 obj_cooja/mtype871.a(uip-debug.o)
                0x000000000001babc                uip_debug_ipaddr_print
                0x000000000001bc1e                uip_debug_lladdr_print
 .text          0x000000000001bc7d      0x141 obj_cooja/mtype871.a(uip-packetqueue)
                0x000000000001bca9                uip_packetqueue_new
                0x000000000001bcb7                uip_packetqueue_alloc
                0x000000000001bd17                uip_packetqueue_free
                0x000000000001bd58                uip_packetqueue_buf
                0x000000000001bd75                uip_packetqueue_buflen
                0x000000000001bd96                uip_packetqueue_set_buflen
 .text          0x000000000001bdbe      0x131 obj_cooja/mtype871.a(uip-udp-packet.)
                0x000000000001bdbe                uip_udp_packet_send
                0x000000000001be1e                uip_udp_packet_sendto
 .text          0x000000000001beef     0x302d obj_cooja/mtype871.a(rpl-dag.o)
                0x000000000001beef                rpl_print_neighbor_list
                0x000000000001c0c4                rpl_print_child_neighbor_list
                0x000000000001c17c                rpl_get_nbr
                0x000000000001c1d6                rpl_get_nbr_child
                0x000000000001c230                rpl_dag_init
                0x000000000001c262                rpl_get_parent
                0x000000000001c284                rpl_get_parent_rank
                0x000000000001c2b7                rpl_get_parent_link_metric
                0x000000000001c2ea                rpl_get_parent_ipaddr
                0x000000000001c314                rpl_get_child_ipaddr
                0x000000000001c71c                rpl_set_root
                0x000000000001c990                rpl_repair_root
                0x000000000001cc3f                rpl_set_prefix
                0x000000000001cd62                rpl_set_default_route
                0x000000000001ce57                rpl_alloc_instance
                0x000000000001ceea                rpl_alloc_dag
                0x000000000001cf9b                rpl_set_default_instance
                0x000000000001cfa8                rpl_get_default_instance
                0x000000000001cfb2                rpl_free_instance
                0x000000000001d07e                rpl_free_dag
                0x000000000001d107                rpl_add_parent
                0x000000000001d226                rpl_find_parent
                0x000000000001d256                rpl_add_child
                0x000000000001d33e                rpl_find_child
                0x000000000001d38c                rpl_find_parent_any_dag
                0x000000000001d3c8                rpl_select_dag
                0x000000000001d809                rpl_select_parent
                0x000000000001d86b                rpl_remove_parent
                0x000000000001d8bd                rpl_remove_child
                0x000000000001d904                rpl_nullify_parent
                0x000000000001da00                rpl_move_parent
                0x000000000001db0b                rpl_has_downward_route
                0x000000000001db5e                rpl_get_any_dag
                0x000000000001dbc0                rpl_get_instance
                0x000000000001dc23                rpl_find_of
                0x000000000001dc60                rpl_join_instance
                0x000000000001df97                rpl_add_dag
                0x000000000001e468                rpl_local_repair
                0x000000000001e544                rpl_recalculate_ranks
                0x000000000001e5ed                rpl_process_parent_event
                0x000000000001e803                rpl_process_dio
 .text          0x000000000001ef1c      0xbf3 obj_cooja/mtype871.a(rpl-ext-header.)
                0x000000000001ef39                rpl_verify_header
                0x000000000001f3b3                rpl_update_header_empty
                0x000000000001f6ca                rpl_update_header_final
                0x000000000001f859                rpl_remove_header
                0x000000000001f963                rpl_invert_header
                0x000000000001faed                rpl_insert_header
 .text          0x000000000001fb0f     0x2c4c obj_cooja/mtype871.a(rpl-icmp6.o)
                0x000000000001fdc9                rpl_icmp6_update_nbr_table
                0x000000000001ff96                dis_output
                0x0000000000020c31                dio_output
                0x00000000000215d0                dio_ack_output
                0x000000000002221f                dao_output
                0x00000000000222e6                dao_output_target
                0x0000000000022703                dao_ack_output
                0x0000000000022717                rpl_icmp6_register_handlers
 .text          0x000000000002275b      0x4ed obj_cooja/mtype871.a(rpl-ltmax-of.o)
 .text          0x0000000000022c48      0xaaf obj_cooja/mtype871.a(rpl-timers.o)
                0x0000000000022f34                rpl_reset_periodic_timer
                0x0000000000022f89                rpl_reset_dio_timer
                0x0000000000023221                rpl_schedule_dao
                0x000000000002323c                rpl_schedule_dao_immediately
                0x0000000000023257                rpl_cancel_dao
                0x00000000000233d7                rpl_schedule_dio_ack
                0x00000000000233f2                rpl_schedule_dio_ack_immediately
                0x000000000002340d                rpl_cancel_dio_ack
                0x000000000002345f                rpl_schedule_unicast_dio_immediately
                0x000000000002369f                rpl_schedule_probing
 .text          0x00000000000236f7      0x59b obj_cooja/mtype871.a(rpl.o)
                0x00000000000236f7                rpl_get_mode
                0x0000000000023701                rpl_set_mode
                0x000000000002378f                rpl_purge_routes
                0x0000000000023889                rpl_remove_routes
                0x00000000000238cf                rpl_remove_routes_by_nexthop
                0x000000000002393b                rpl_add_route
                0x00000000000239b6                rpl_link_neighbor_callback
                0x0000000000023abb                rpl_ipv6_neighbor_callback
                0x0000000000023b2a                rpl_purge_dags
                0x0000000000023c0c                rpl_init
 .text          0x0000000000023c92      0x3f5 obj_cooja/mtype871.a(framer-802154.o)
 .text          0x0000000000024087       0x5e obj_cooja/mtype871.a(nullmac.o)
 .text          0x00000000000240e5      0x552 obj_cooja/mtype871.a(nullrdc.o)
 .text          0x0000000000024637       0x82 obj_cooja/mtype871.a(linkaddr.o)
                0x0000000000024637                linkaddr_copy
                0x0000000000024659                linkaddr_cmp
                0x0000000000024683                linkaddr_set_node_addr
                0x000000000002469e                linkaddr_set_node_long_addr
 .text          0x00000000000246b9      0x88c obj_cooja/mtype871.a(nbr-table.o)
                0x00000000000246b9                lladdr_map_add_lr
                0x0000000000024776                lladdr_map_rm_lr
                0x0000000000024c3b                nbr_table_register
                0x0000000000024c83                nbr_table_head
                0x0000000000024cdf                nbr_table_next
                0x0000000000024d46                nbr_table_add_lladdr
                0x0000000000024e22                nbr_table_get_from_lladdr
                0x0000000000024e6f                nbr_table_remove
                0x0000000000024ec1                nbr_table_lock
                0x0000000000024eeb                nbr_table_unlock
                0x0000000000024f15                nbr_table_get_lladdr
 .text          0x0000000000024f45       0x2b obj_cooja/mtype871.a(netstack.o)
                0x0000000000024f45                netstack_init
 .text          0x0000000000024f70      0x3cd obj_cooja/mtype871.a(packetbuf.o)
                0x0000000000024f70                packetbuf_clear
                0x0000000000024f9a                packetbuf_copyfrom
                0x0000000000024fec                packetbuf_compact
                0x0000000000025069                packetbuf_copyto
                0x0000000000025100                packetbuf_hdralloc
                0x000000000002517d                packetbuf_hdrreduce
                0x00000000000251c5                packetbuf_set_datalen
                0x00000000000251de                packetbuf_dataptr
                0x00000000000251fb                packetbuf_hdrptr
                0x0000000000025205                packetbuf_datalen
                0x0000000000025211                packetbuf_hdrlen
                0x0000000000025228                packetbuf_totlen
                0x000000000002523e                packetbuf_attr_clear
                0x0000000000025290                packetbuf_attr_copyto
                0x00000000000252d9                packetbuf_attr_copyfrom
                0x0000000000025321                packetbuf_holds_broadcast
 .text          0x000000000002533d      0x2b4 obj_cooja/mtype871.a(queuebuf.o)
                0x0000000000025347                queuebuf_init
                0x0000000000025367                queuebuf_numfree
                0x000000000002537b                queuebuf_new_from_packetbuf
                0x000000000002540b                queuebuf_update_attr_from_packetbuf
                0x000000000002543e                queuebuf_update_from_packetbuf
                0x0000000000025488                queuebuf_free
                0x00000000000254cf                queuebuf_to_packetbuf
                0x0000000000025535                queuebuf_dataptr
                0x000000000002556c                queuebuf_datalen
                0x000000000002558f                queuebuf_addr
                0x00000000000255c1                queuebuf_attr
                0x00000000000255ec                queuebuf_debug_print
 .text          0x00000000000255f1       0x6e obj_cooja/mtype871.a(nullsec.o)
 .text          0x000000000002565f       0x19 obj_cooja/mtype871.a(watchdog.o)
                0x000000000002565f                watchdog_init
                0x0000000000025664                watchdog_start
                0x0000000000025669                watchdog_periodic
                0x000000000002566e                watchdog_stop
                0x0000000000025673                watchdog_reboot
 .text          0x0000000000025678        0x0 obj_cooja/mtype871.a(rimestats.o)
 .text          0x0000000000025678      0x1c1 obj_cooja/mtype871.a(memb.o)
                0x0000000000025678                memb_init
                0x00000000000256d6                memb_alloc
                0x000000000002573b                memb_free
                0x00000000000257b6                memb_inmemb
                0x00000000000257f5                memb_numfree
 .text          0x0000000000025839      0xab2 obj_cooja/mtype871.a(uip-icmp6.o)
                0x00000000000258a7                uip_icmp6_input
                0x00000000000258fd                uip_icmp6_register_input_handler
                0x0000000000025bc5                uip_icmp6_error_output
                0x0000000000025f0a                uip_icmp6_send
                0x000000000002627e                uip_icmp6_echo_reply_callback_add
                0x00000000000262af                uip_icmp6_echo_reply_callback_rm
                0x00000000000262cb                uip_icmp6_init
 .text          0x00000000000262eb      0x358 obj_cooja/mtype871.a(uip-nd6.o)
                0x000000000002633f                uip_nd6_ns_output
                0x000000000002663e                uip_nd6_init
 .text          0x0000000000026643      0x41f obj_cooja/mtype871.a(rpl-nbr-policy.)
                0x000000000002687e                find_removable_dis
                0x00000000000268bf                find_removable_dio
                0x00000000000269af                find_removable_dao
                0x0000000000026a0b                rpl_nbr_policy_find_removable
 .text          0x0000000000026a62      0x97c obj_cooja/mtype871.a(frame802154.o)
                0x0000000000026a93                frame802154_get_pan_id
                0x0000000000026a9f                frame802154_set_pan_id
                0x0000000000026ab8                frame802154_has_panid
                0x0000000000026ba4                frame802154_check_dest_panid
                0x0000000000026c0c                frame802154_is_broadcast_addr
                0x0000000000026c59                frame802154_extract_linkaddr
                0x0000000000026e99                frame802154_hdrlen
                0x0000000000026eea                frame802154_create
                0x00000000000270d5                frame802154_parse
 .text          0x00000000000273de      0x181 obj_cooja/mtype871.a(mac-sequence.o)
                0x0000000000027415                mac_sequence_is_duplicate
                0x0000000000027498                mac_sequence_register_seqno
 .text          0x000000000002755f       0x3c obj_cooja/mtype871.a(mac.o)
                0x000000000002755f                mac_call_sent_callback
 .text          0x000000000002759b        0x0 /usr/lib/gcc/i686-linux-gnu/4.8/crtendS.o
 .text          0x000000000002759b        0x0 /usr/lib/gcc/i686-linux-gnu/4.8/../../../i386-linux-gnu/crtn.o
 *(.gnu.warning)

.fini           0x000000000002759c       0x14
 *(SORT(.fini))
 .fini          0x000000000002759c        0xf /usr/lib/gcc/i686-linux-gnu/4.8/../../../i386-linux-gnu/crti.o
                0x000000000002759c                _fini
 .fini          0x00000000000275ab        0x5 /usr/lib/gcc/i686-linux-gnu/4.8/../../../i386-linux-gnu/crtn.o
                0x00000000000275b0                PROVIDE (__etext, .)
                0x00000000000275b0                PROVIDE (_etext, .)
                0x00000000000275b0                PROVIDE (etext, .)

.rodata         0x00000000000275c0     0x2821
 *(.rodata .rodata.* .gnu.linkonce.r.*)
 .rodata        0x00000000000275c0      0x196 udp-client.co
                0x00000000000275d4                autostart_processes
 *fill*         0x0000000000027756        0x2 
 .rodata        0x0000000000027758      0x1e2 obj_cooja/mtype871.o
 *fill*         0x000000000002793a        0x2 
 .rodata        0x000000000002793c        0x8 obj_cooja/mtype871.a(beep.o)
                0x000000000002793c                beep_interface
 .rodata        0x0000000000027944       0x20 obj_cooja/mtype871.a(button-sensor.o)
                0x0000000000027944                button_interface
                0x0000000000027954                button_sensor
 .rodata        0x0000000000027964        0x8 obj_cooja/mtype871.a(leds-arch.o)
                0x0000000000027964                leds_interface
 .rodata        0x000000000002796c        0x8 obj_cooja/mtype871.a(moteid.o)
                0x000000000002796c                moteid_interface
 .rodata        0x0000000000027974       0x1c obj_cooja/mtype871.a(pir-sensor.o)
                0x0000000000027974                pir_interface
                0x0000000000027980                pir_sensor
 .rodata        0x0000000000027990        0xe obj_cooja/mtype871.a(rs232.o)
                0x0000000000027990                rs232_interface
 *fill*         0x000000000002799e        0x2 
 .rodata        0x00000000000279a0       0x24 obj_cooja/mtype871.a(vib-sensor.o)
                0x00000000000279a0                vib_interface
                0x00000000000279b4                vib_sensor
 .rodata        0x00000000000279c4        0x8 obj_cooja/mtype871.a(clock.o)
                0x00000000000279c4                clock_interface
 .rodata        0x00000000000279cc        0x8 obj_cooja/mtype871.a(log.o)
                0x00000000000279cc                simlog_interface
 .rodata        0x00000000000279d4       0x2f obj_cooja/mtype871.a(cfs-cooja.o)
                0x00000000000279d4                cfs_interface
 *fill*         0x0000000000027a03       0x1d 
 .rodata        0x0000000000027a20      0x100 obj_cooja/mtype871.a(cooja-radio.o)
                0x0000000000027ae0                cooja_radio_driver
                0x0000000000027b18                radio_interface
 .rodata        0x0000000000027b20        0x8 obj_cooja/mtype871.a(eeprom.o)
                0x0000000000027b20                eeprom_interface
 .rodata        0x0000000000027b28        0x8 obj_cooja/mtype871.a(sensors.o)
 .rodata        0x0000000000027b30      0x169 obj_cooja/mtype871.a(dual_conf.o)
 .rodata        0x0000000000027c99        0xf obj_cooja/mtype871.a(ctimer.o)
 .rodata        0x0000000000027ca8        0xc obj_cooja/mtype871.a(etimer.o)
 .rodata        0x0000000000027cb4       0x20 obj_cooja/mtype871.a(residual.o)
 .rodata        0x0000000000027cd4        0xe obj_cooja/mtype871.a(serial-line.o)
 *fill*         0x0000000000027ce2        0x2 
 .rodata        0x0000000000027ce4       0x2c obj_cooja/mtype871.a(sicslowpan.o)
                0x0000000000027ce4                unc_llconf
                0x0000000000027ce8                unc_ctxconf
                0x0000000000027cec                unc_mxconf
                0x0000000000027cf0                llprefix
                0x0000000000027d04                sicslowpan_driver
 .rodata        0x0000000000027d10      0x13c obj_cooja/mtype871.a(uip6.o)
 .rodata        0x0000000000027e4c       0x29 obj_cooja/mtype871.a(tcpip.o)
 .rodata        0x0000000000027e75       0x3e obj_cooja/mtype871.a(uip-debug.o)
 *fill*         0x0000000000027eb3        0x1 
 .rodata        0x0000000000027eb4      0xcb7 obj_cooja/mtype871.a(rpl-dag.o)
 *fill*         0x0000000000028b6b        0x1 
 .rodata        0x0000000000028b6c      0xb34 obj_cooja/mtype871.a(rpl-icmp6.o)
 .rodata        0x00000000000296a0      0x118 obj_cooja/mtype871.a(rpl-ltmax-of.o)
 .rodata        0x00000000000297b8      0x338 obj_cooja/mtype871.a(rpl-timers.o)
 .rodata        0x0000000000029af0        0xc obj_cooja/mtype871.a(framer-802154.o)
                0x0000000000029af0                framer_802154
 .rodata        0x0000000000029afc       0x24 obj_cooja/mtype871.a(nullmac.o)
                0x0000000000029b04                nullmac_driver
 .rodata        0x0000000000029b20      0x120 obj_cooja/mtype871.a(nullrdc.o)
                0x0000000000029c20                nullrdc_driver
 .rodata        0x0000000000029c40        0x8 obj_cooja/mtype871.a(linkaddr.o)
                0x0000000000029c40                linkaddr_null
 .rodata        0x0000000000029c48       0x18 obj_cooja/mtype871.a(nullsec.o)
                0x0000000000029c50                nullsec_driver
 .rodata        0x0000000000029c60      0x181 obj_cooja/mtype871.a(rpl-nbr-policy.)

.rodata1
 *(.rodata1)

.eh_frame_hdr   0x0000000000029de4     0x135c
 *(.eh_frame_hdr)
 .eh_frame_hdr  0x0000000000029de4     0x135c udp-client.co

.eh_frame       0x000000000002b140     0x4ee8
 *(.eh_frame)
 .eh_frame      0x000000000002b140       0x3c /usr/lib/gcc/i686-linux-gnu/4.8/../../../i386-linux-gnu/crti.o
                                         0x40 (size before relaxing)
 .eh_frame      0x000000000002b17c       0xa8 udp-client.co
                                         0xc0 (size before relaxing)
 .eh_frame      0x000000000002b224      0x148 obj_cooja/mtype871.o
                                        0x160 (size before relaxing)
 .eh_frame      0x000000000002b36c       0x40 obj_cooja/mtype871.a(simEnvChange.o)
                                         0x58 (size before relaxing)
 .eh_frame      0x000000000002b3ac       0xc0 obj_cooja/mtype871.a(cooja_mt.o)
                                         0xd8 (size before relaxing)
 .eh_frame      0x000000000002b46c      0x120 obj_cooja/mtype871.a(cooja_mtarch.o)
                                        0x138 (size before relaxing)
 .eh_frame      0x000000000002b58c       0xc0 obj_cooja/mtype871.a(rtimer-arch.o)
                                         0xd8 (size before relaxing)
 .eh_frame      0x000000000002b64c      0x160 obj_cooja/mtype871.a(beep.o)
                                        0x178 (size before relaxing)
 .eh_frame      0x000000000002b7ac       0xa0 obj_cooja/mtype871.a(button-sensor.o)
                                         0xb8 (size before relaxing)
 .eh_frame      0x000000000002b84c       0xa0 obj_cooja/mtype871.a(leds-arch.o)
                                         0xb8 (size before relaxing)
 .eh_frame      0x000000000002b8ec       0x40 obj_cooja/mtype871.a(moteid.o)
                                         0x58 (size before relaxing)
 .eh_frame      0x000000000002b92c       0xa0 obj_cooja/mtype871.a(pir-sensor.o)
                                         0xb8 (size before relaxing)
 .eh_frame      0x000000000002b9cc      0x100 obj_cooja/mtype871.a(rs232.o)
                                        0x118 (size before relaxing)
 .eh_frame      0x000000000002bacc       0xa0 obj_cooja/mtype871.a(vib-sensor.o)
                                         0xb8 (size before relaxing)
 .eh_frame      0x000000000002bb6c       0xc0 obj_cooja/mtype871.a(clock.o)
                                         0xd8 (size before relaxing)
 .eh_frame      0x000000000002bc2c      0x120 obj_cooja/mtype871.a(log.o)
                                        0x138 (size before relaxing)
 .eh_frame      0x000000000002bd4c      0x160 obj_cooja/mtype871.a(cfs-cooja.o)
                                        0x178 (size before relaxing)
 .eh_frame      0x000000000002beac      0x2e0 obj_cooja/mtype871.a(cooja-radio.o)
                                        0x2f8 (size before relaxing)
 .eh_frame      0x000000000002c18c       0xa0 obj_cooja/mtype871.a(eeprom.o)
                                         0xb8 (size before relaxing)
 .eh_frame      0x000000000002c22c       0x40 obj_cooja/mtype871.a(random.o)
                                         0x58 (size before relaxing)
 .eh_frame      0x000000000002c26c       0xc0 obj_cooja/mtype871.a(sensors.o)
                                         0xd8 (size before relaxing)
 .eh_frame      0x000000000002c32c      0x120 obj_cooja/mtype871.a(dual_conf.o)
                                        0x138 (size before relaxing)
 .eh_frame      0x000000000002c44c       0x40 obj_cooja/mtype871.a(autostart.o)
                                         0x58 (size before relaxing)
 .eh_frame      0x000000000002c48c      0x100 obj_cooja/mtype871.a(ctimer.o)
                                        0x118 (size before relaxing)
 .eh_frame      0x000000000002c58c      0x1e0 obj_cooja/mtype871.a(etimer.o)
                                        0x1f8 (size before relaxing)
 .eh_frame      0x000000000002c76c      0x1c8 obj_cooja/mtype871.a(process.o)
                                        0x1e0 (size before relaxing)
 .eh_frame      0x000000000002c934       0x2c obj_cooja/mtype871.a(residual.o)
                                         0x44 (size before relaxing)
 .eh_frame      0x000000000002c960       0x60 obj_cooja/mtype871.a(rtimer.o)
                                         0x78 (size before relaxing)
 .eh_frame      0x000000000002c9c0       0xc4 obj_cooja/mtype871.a(stimer.o)
                                         0xdc (size before relaxing)
 .eh_frame      0x000000000002ca84       0xa4 obj_cooja/mtype871.a(timer.o)
                                         0xbc (size before relaxing)
 .eh_frame      0x000000000002cb28       0x60 obj_cooja/mtype871.a(serial-line.o)
                                         0x78 (size before relaxing)
 .eh_frame      0x000000000002cb88      0x180 obj_cooja/mtype871.a(list.o)
                                        0x198 (size before relaxing)
 .eh_frame      0x000000000002cd08       0xa0 obj_cooja/mtype871.a(ringbuf.o)
                                         0xb8 (size before relaxing)
 .eh_frame      0x000000000002cda8      0x350 obj_cooja/mtype871.a(sicslowpan.o)
                                        0x368 (size before relaxing)
 .eh_frame      0x000000000002d0f8      0x180 obj_cooja/mtype871.a(uip-ds6-nbr.o)
                                        0x198 (size before relaxing)
 .eh_frame      0x000000000002d278      0x2a0 obj_cooja/mtype871.a(uip-ds6-route.o)
                                        0x2b8 (size before relaxing)
 .eh_frame      0x000000000002d518      0x3c8 obj_cooja/mtype871.a(uip-ds6.o)
                                        0x3e0 (size before relaxing)
 .eh_frame      0x000000000002d8e0      0x27c obj_cooja/mtype871.a(uip6.o)
                                        0x294 (size before relaxing)
 .eh_frame      0x000000000002db5c      0x270 obj_cooja/mtype871.a(tcpip.o)
                                        0x288 (size before relaxing)
 .eh_frame      0x000000000002ddcc       0x48 obj_cooja/mtype871.a(uip-debug.o)
                                         0x60 (size before relaxing)
 .eh_frame      0x000000000002de14       0xe0 obj_cooja/mtype871.a(uip-packetqueue)
                                         0xf8 (size before relaxing)
 .eh_frame      0x000000000002def4       0x40 obj_cooja/mtype871.a(uip-udp-packet.)
                                         0x58 (size before relaxing)
 .eh_frame      0x000000000002df34      0x774 obj_cooja/mtype871.a(rpl-dag.o)
                                        0x78c (size before relaxing)
 .eh_frame      0x000000000002e6a8      0x10c obj_cooja/mtype871.a(rpl-ext-header.)
                                        0x124 (size before relaxing)
 .eh_frame      0x000000000002e7b4      0x2e8 obj_cooja/mtype871.a(rpl-icmp6.o)
                                        0x300 (size before relaxing)
 .eh_frame      0x000000000002ea9c       0xe0 obj_cooja/mtype871.a(rpl-ltmax-of.o)
                                         0xf8 (size before relaxing)
 .eh_frame      0x000000000002eb7c      0x2b4 obj_cooja/mtype871.a(rpl-timers.o)
                                        0x2cc (size before relaxing)
 .eh_frame      0x000000000002ee30      0x140 obj_cooja/mtype871.a(rpl.o)
                                        0x158 (size before relaxing)
 .eh_frame      0x000000000002ef70      0x108 obj_cooja/mtype871.a(framer-802154.o)
                                        0x120 (size before relaxing)
 .eh_frame      0x000000000002f078       0xc0 obj_cooja/mtype871.a(nullmac.o)
                                         0xd8 (size before relaxing)
 .eh_frame      0x000000000002f138      0x18c obj_cooja/mtype871.a(nullrdc.o)
                                        0x1a4 (size before relaxing)
 .eh_frame      0x000000000002f2c4       0x80 obj_cooja/mtype871.a(linkaddr.o)
                                         0x98 (size before relaxing)
 .eh_frame      0x000000000002f344      0x2ac obj_cooja/mtype871.a(nbr-table.o)
                                        0x2c4 (size before relaxing)
 .eh_frame      0x000000000002f5f0       0x20 obj_cooja/mtype871.a(netstack.o)
                                         0x38 (size before relaxing)
 .eh_frame      0x000000000002f610      0x214 obj_cooja/mtype871.a(packetbuf.o)
                                        0x22c (size before relaxing)
 .eh_frame      0x000000000002f824      0x1a0 obj_cooja/mtype871.a(queuebuf.o)
                                        0x1b8 (size before relaxing)
 .eh_frame      0x000000000002f9c4       0x80 obj_cooja/mtype871.a(nullsec.o)
                                         0x98 (size before relaxing)
 .eh_frame      0x000000000002fa44       0xa0 obj_cooja/mtype871.a(watchdog.o)
                                         0xb8 (size before relaxing)
 .eh_frame      0x000000000002fae4       0xa0 obj_cooja/mtype871.a(memb.o)
                                         0xb8 (size before relaxing)
 .eh_frame      0x000000000002fb84      0x164 obj_cooja/mtype871.a(uip-icmp6.o)
                                        0x17c (size before relaxing)
 .eh_frame      0x000000000002fce8       0x68 obj_cooja/mtype871.a(uip-nd6.o)
                                         0x80 (size before relaxing)
 .eh_frame      0x000000000002fd50       0xc8 obj_cooja/mtype871.a(rpl-nbr-policy.)
                                         0xe0 (size before relaxing)
 .eh_frame      0x000000000002fe18      0x164 obj_cooja/mtype871.a(frame802154.o)
                                        0x17c (size before relaxing)
 .eh_frame      0x000000000002ff7c       0x88 obj_cooja/mtype871.a(mac-sequence.o)
                                         0xa0 (size before relaxing)
 .eh_frame      0x0000000000030004       0x20 obj_cooja/mtype871.a(mac.o)
                                         0x38 (size before relaxing)
 .eh_frame      0x0000000000030024        0x4 /usr/lib/gcc/i686-linux-gnu/4.8/crtendS.o

.gcc_except_table
 *(.gcc_except_table .gcc_except_table.*)

.exception_ranges
 *(.exception_ranges .exception_ranges*)
                0x0000000000030028                . = (ALIGN (0x1000) - ((0x1000 - .) & 0xfff))
                0x0000000000031ef8                . = DATA_SEGMENT_ALIGN (0x1000, 0x1000)

.eh_frame
 *(.eh_frame)

.gcc_except_table
 *(.gcc_except_table .gcc_except_table.*)

.exception_ranges
 *(.exception_ranges .exception_ranges*)

.tdata
 *(.tdata .tdata.* .gnu.linkonce.td.*)

.tbss
 *(.tbss .tbss.* .gnu.linkonce.tb.*)
 *(.tcommon)

.preinit_array
 *(.preinit_array)

.init_array     0x0000000000031ef8        0x4
 *(SORT(.init_array.*) SORT(.ctors.*))
 *(.init_array EXCLUDE_FILE(*crtend?.o *crtend.o *crtbegin?.o *crtbegin.o) .ctors)
 .init_array    0x0000000000031ef8        0x4 /usr/lib/gcc/i686-linux-gnu/4.8/crtbeginS.o

.fini_array     0x0000000000031efc        0x4
 *(SORT(.fini_array.*) SORT(.dtors.*))
 *(.fini_array EXCLUDE_FILE(*crtend?.o *crtend.o *crtbegin?.o *crtbegin.o) .dtors)
 .fini_array    0x0000000000031efc        0x4 /usr/lib/gcc/i686-linux-gnu/4.8/crtbeginS.o

.ctors
 *crtbegin.o(.ctors)
 *crtbegin?.o(.ctors)
 *(EXCLUDE_FILE(*crtend?.o *crtend.o) .ctors)
 *(SORT(.ctors.*))
 *(.ctors)

.dtors
 *crtbegin.o(.dtors)
 *crtbegin?.o(.dtors)
 *(EXCLUDE_FILE(*crtend?.o *crtend.o) .dtors)
 *(SORT(.dtors.*))
 *(.dtors)

.jcr            0x0000000000031f00        0x4
 *(.jcr)
 .jcr           0x0000000000031f00        0x0 /usr/lib/gcc/i686-linux-gnu/4.8/crtbeginS.o
 .jcr           0x0000000000031f00        0x4 /usr/lib/gcc/i686-linux-gnu/4.8/crtendS.o

.data.rel.ro
 *(.data.rel.ro.local* .gnu.linkonce.d.rel.ro.local.*)
 *(.data.rel.ro .data.rel.ro.* .gnu.linkonce.d.rel.ro.*)

.dynamic        0x0000000000031f04       0xe8
 *(.dynamic)
 .dynamic       0x0000000000031f04       0xe8 /usr/lib/gcc/i686-linux-gnu/4.8/../../../i386-linux-gnu/crti.o
                0x0000000000031f04                _DYNAMIC

.got            0x0000000000031fec       0x14
 *(.got)
 .got           0x0000000000031fec       0x14 /usr/lib/gcc/i686-linux-gnu/4.8/../../../i386-linux-gnu/crti.o
 *(.igot)
                0x0000000000032ff4                . = DATA_SEGMENT_RELRO_END (., (SIZEOF (.got.plt) >= 0xc)?0xc:0x0)

.got.plt        0x0000000000032000       0x14
 *(.got.plt)
 .got.plt       0x0000000000032000       0x14 /usr/lib/gcc/i686-linux-gnu/4.8/../../../i386-linux-gnu/crti.o
                0x0000000000032000                _GLOBAL_OFFSET_TABLE_
 *(.igot.plt)

.data           0x0000000000032020      0x24a
 *(.data .data.* .gnu.linkonce.d.*)
 .data          0x0000000000032020        0x0 /usr/lib/gcc/i686-linux-gnu/4.8/../../../i386-linux-gnu/crti.o
 .data          0x0000000000032020        0x0 /usr/lib/gcc/i686-linux-gnu/4.8/crtbeginS.o
 .data.rel      0x0000000000032020        0x4 /usr/lib/gcc/i686-linux-gnu/4.8/crtbeginS.o
                0x0000000000032020                __dso_handle
 .data          0x0000000000032024       0x10 udp-client.co
                0x0000000000032024                udp_client_process
 *fill*         0x0000000000032034        0xc 
 .data          0x0000000000032040       0x44 obj_cooja/mtype871.o
                0x0000000000032040                simInterfaces
                0x0000000000032074                sensors
 .data          0x0000000000032084        0x0 obj_cooja/mtype871.a(simEnvChange.o)
 .data          0x0000000000032084        0x0 obj_cooja/mtype871.a(cooja_mt.o)
 .data          0x0000000000032084        0x0 obj_cooja/mtype871.a(cooja_mtarch.o)
 .data          0x0000000000032084        0x0 obj_cooja/mtype871.a(rtimer-arch.o)
 .data          0x0000000000032084        0x0 obj_cooja/mtype871.a(beep.o)
 .data          0x0000000000032084        0x0 obj_cooja/mtype871.a(button-sensor.o)
 .data          0x0000000000032084        0x0 obj_cooja/mtype871.a(leds-arch.o)
 .data          0x0000000000032084        0x0 obj_cooja/mtype871.a(moteid.o)
 .data          0x0000000000032084        0x0 obj_cooja/mtype871.a(pir-sensor.o)
 .data          0x0000000000032084        0x0 obj_cooja/mtype871.a(rs232.o)
 .data          0x0000000000032084        0x0 obj_cooja/mtype871.a(vib-sensor.o)
 .data          0x0000000000032084        0x0 obj_cooja/mtype871.a(clock.o)
 .data          0x0000000000032084        0x0 obj_cooja/mtype871.a(log.o)
 .data          0x0000000000032084        0x0 obj_cooja/mtype871.a(cfs-cooja.o)
 .data          0x0000000000032084       0x38 obj_cooja/mtype871.a(cooja-radio.o)
                0x0000000000032084                simRadioChannel
                0x0000000000032088                simRadioChannelLR
                0x000000000003208c                simRadioHWOn
                0x000000000003208d                simRadioHWOnLR
                0x0000000000032090                simSignalStrength
                0x0000000000032094                simSignalStrengthLR
                0x0000000000032098                simLastSignalStrength
                0x000000000003209c                simLastSignalStrengthLR
                0x00000000000320a0                simPower
                0x00000000000320a1                simPowerLR
                0x00000000000320a4                simLQI
                0x00000000000320a8                simLQILR
                0x00000000000320ac                cooja_radio_process
 .data          0x00000000000320bc        0x0 obj_cooja/mtype871.a(eeprom.o)
 .data          0x00000000000320bc        0x0 obj_cooja/mtype871.a(random.o)
 .data          0x00000000000320bc       0x10 obj_cooja/mtype871.a(sensors.o)
                0x00000000000320bc                sensors_process
 .data          0x00000000000320cc       0x24 obj_cooja/mtype871.a(dual_conf.o)
                0x00000000000320cc                radio_received
                0x00000000000320d0                dual_dio_broadcast
                0x00000000000320e0                dual_dis_broadcast
 .data          0x00000000000320f0        0x0 obj_cooja/mtype871.a(autostart.o)
 .data          0x00000000000320f0       0x14 obj_cooja/mtype871.a(ctimer.o)
                0x00000000000320f4                ctimer_process
 .data          0x0000000000032104       0x10 obj_cooja/mtype871.a(etimer.o)
                0x0000000000032104                etimer_process
 .data          0x0000000000032114        0x0 obj_cooja/mtype871.a(process.o)
 .data          0x0000000000032114        0x0 obj_cooja/mtype871.a(residual.o)
 .data          0x0000000000032114        0x0 obj_cooja/mtype871.a(rtimer.o)
 .data          0x0000000000032114        0x0 obj_cooja/mtype871.a(stimer.o)
 .data          0x0000000000032114        0x0 obj_cooja/mtype871.a(timer.o)
 .data          0x0000000000032114       0x10 obj_cooja/mtype871.a(serial-line.o)
                0x0000000000032114                serial_line_process
 .data          0x0000000000032124        0x0 obj_cooja/mtype871.a(list.o)
 .data          0x0000000000032124        0x0 obj_cooja/mtype871.a(ringbuf.o)
 .data          0x0000000000032124        0x0 obj_cooja/mtype871.a(sicslowpan.o)
 .data          0x0000000000032124       0x14 obj_cooja/mtype871.a(uip-ds6-nbr.o)
                0x0000000000032134                ds6_neighbors
 .data          0x0000000000032138       0x44 obj_cooja/mtype871.a(uip-ds6-route.o)
                0x0000000000032148                nbr_routes
 .data          0x000000000003217c        0x0 obj_cooja/mtype871.a(uip-ds6.o)
 .data          0x000000000003217c        0x0 obj_cooja/mtype871.a(uip6.o)
 .data          0x000000000003217c       0x10 obj_cooja/mtype871.a(tcpip.o)
                0x000000000003217c                tcpip_process
 .data          0x000000000003218c        0x0 obj_cooja/mtype871.a(uip-debug.o)
 .data          0x000000000003218c        0xc obj_cooja/mtype871.a(uip-packetqueue)
 .data          0x0000000000032198        0x0 obj_cooja/mtype871.a(uip-udp-packet.)
 .data          0x0000000000032198       0x28 obj_cooja/mtype871.a(rpl-dag.o)
                0x00000000000321a8                rpl_parents
                0x00000000000321bc                rpl_children
 .data          0x00000000000321c0        0x0 obj_cooja/mtype871.a(rpl-ext-header.)
 .data          0x00000000000321c0       0x40 obj_cooja/mtype871.a(rpl-icmp6.o)
 .data          0x0000000000032200       0x1c obj_cooja/mtype871.a(rpl-ltmax-of.o)
                0x0000000000032200                rpl_ltmax_of
 .data          0x000000000003221c        0x0 obj_cooja/mtype871.a(rpl-timers.o)
 .data          0x000000000003221c        0x0 obj_cooja/mtype871.a(rpl.o)
 .data          0x000000000003221c        0x0 obj_cooja/mtype871.a(framer-802154.o)
 .data          0x000000000003221c        0x0 obj_cooja/mtype871.a(nullmac.o)
 .data          0x000000000003221c        0x0 obj_cooja/mtype871.a(nullrdc.o)
 .data          0x000000000003221c        0x0 obj_cooja/mtype871.a(linkaddr.o)
 .data          0x000000000003221c       0x10 obj_cooja/mtype871.a(nbr-table.o)
 .data          0x000000000003222c        0x0 obj_cooja/mtype871.a(netstack.o)
 .data          0x000000000003222c        0x4 obj_cooja/mtype871.a(packetbuf.o)
 .data          0x0000000000032230       0x18 obj_cooja/mtype871.a(queuebuf.o)
 .data          0x0000000000032248        0x0 obj_cooja/mtype871.a(nullsec.o)
 .data          0x0000000000032248        0x0 obj_cooja/mtype871.a(watchdog.o)
 .data          0x0000000000032248        0x0 obj_cooja/mtype871.a(rimestats.o)
 .data          0x0000000000032248        0x0 obj_cooja/mtype871.a(memb.o)
 .data          0x0000000000032248       0x20 obj_cooja/mtype871.a(uip-icmp6.o)
 .data          0x0000000000032268        0x0 obj_cooja/mtype871.a(uip-nd6.o)
 .data          0x0000000000032268        0x0 obj_cooja/mtype871.a(rpl-nbr-policy.)
 .data          0x0000000000032268        0x2 obj_cooja/mtype871.a(frame802154.o)
 .data          0x000000000003226a        0x0 obj_cooja/mtype871.a(mac-sequence.o)
 .data          0x000000000003226a        0x0 obj_cooja/mtype871.a(mac.o)
 .data          0x000000000003226a        0x0 /usr/lib/gcc/i686-linux-gnu/4.8/crtendS.o
 .data          0x000000000003226a        0x0 /usr/lib/gcc/i686-linux-gnu/4.8/../../../i386-linux-gnu/crtn.o

.tm_clone_table
                0x000000000003226c        0x0
 .tm_clone_table
                0x000000000003226c        0x0 /usr/lib/gcc/i686-linux-gnu/4.8/crtbeginS.o
 .tm_clone_table
                0x000000000003226c        0x0 /usr/lib/gcc/i686-linux-gnu/4.8/crtendS.o

.data1
 *(.data1)
                0x000000000003226c                _edata = .
                0x000000000003226c                PROVIDE (edata, .)
                0x000000000003226c                . = .
                0x000000000003226c                __bss_start = .

.bss            0x0000000000032280     0x83e8
 *(.dynbss)
 .dynbss        0x0000000000000000        0x0 /usr/lib/gcc/i686-linux-gnu/4.8/../../../i386-linux-gnu/crti.o
 *(.bss .bss.* .gnu.linkonce.b.*)
 .bss           0x0000000000032280        0x0 /usr/lib/gcc/i686-linux-gnu/4.8/../../../i386-linux-gnu/crti.o
 .bss           0x0000000000032280        0x1 /usr/lib/gcc/i686-linux-gnu/4.8/crtbeginS.o
 *fill*         0x0000000000032281       0x1f 
 .bss           0x00000000000322a0       0x60 udp-client.co
                0x00000000000322a0                my_weight
 .bss           0x0000000000032300     0x2030 obj_cooja/mtype871.o
 .bss           0x0000000000034330        0x1 obj_cooja/mtype871.a(simEnvChange.o)
                0x0000000000034330                simDontFallAsleep
 *fill*         0x0000000000034331        0x3 
 .bss           0x0000000000034334        0x4 obj_cooja/mtype871.a(cooja_mt.o)
 .bss           0x0000000000034338        0x4 obj_cooja/mtype871.a(cooja_mtarch.o)
 .bss           0x000000000003433c        0xc obj_cooja/mtype871.a(rtimer-arch.o)
 .bss           0x0000000000034348        0x0 obj_cooja/mtype871.a(beep.o)
 .bss           0x0000000000034348        0x8 obj_cooja/mtype871.a(button-sensor.o)
 .bss           0x0000000000034350        0x0 obj_cooja/mtype871.a(leds-arch.o)
 .bss           0x0000000000034350        0x0 obj_cooja/mtype871.a(moteid.o)
 .bss           0x0000000000034350        0x1 obj_cooja/mtype871.a(pir-sensor.o)
                0x0000000000034350                simPirValue
 *fill*         0x0000000000034351        0x3 
 .bss           0x0000000000034354        0x4 obj_cooja/mtype871.a(rs232.o)
 .bss           0x0000000000034358        0x1 obj_cooja/mtype871.a(vib-sensor.o)
                0x0000000000034358                simVibValue
 .bss           0x0000000000034359        0x0 obj_cooja/mtype871.a(clock.o)
 *fill*         0x0000000000034359        0x7 
 .bss           0x0000000000034360      0x420 obj_cooja/mtype871.a(log.o)
 .bss           0x0000000000034780      0xfc0 obj_cooja/mtype871.a(cfs-cooja.o)
                0x0000000000034780                simCFSData
                0x0000000000035720                simCFSSize
                0x0000000000035724                simCFSChanged
                0x0000000000035728                simCFSRead
                0x000000000003572c                simCFSWritten
 .bss           0x0000000000035740       0x20 obj_cooja/mtype871.a(cooja-radio.o)
                0x0000000000035740                simReceiving
                0x0000000000035741                simReceivingLR
                0x0000000000035744                simInSize
                0x0000000000035748                simInSizeLR
                0x000000000003574c                simOutSize
                0x0000000000035750                simOutSizeLR
                0x0000000000035754                LongRangeTransmit
                0x0000000000035758                LongRangeReceiving
 .bss           0x0000000000035760        0xc obj_cooja/mtype871.a(eeprom.o)
                0x0000000000035760                simEEPROMChanged
                0x0000000000035764                simEEPROMRead
                0x0000000000035768                simEEPROMWritten
 .bss           0x000000000003576c        0x0 obj_cooja/mtype871.a(random.o)
 .bss           0x000000000003576c        0xc obj_cooja/mtype871.a(sensors.o)
 .bss           0x0000000000035778       0x28 obj_cooja/mtype871.a(dual_conf.o)
                0x0000000000035778                long_range_radio
 .bss           0x00000000000357a0        0x0 obj_cooja/mtype871.a(autostart.o)
 .bss           0x00000000000357a0        0x5 obj_cooja/mtype871.a(ctimer.o)
 *fill*         0x00000000000357a5        0x3 
 .bss           0x00000000000357a8        0x8 obj_cooja/mtype871.a(etimer.o)
 *fill*         0x00000000000357b0       0x10 
 .bss           0x00000000000357c0      0x1b1 obj_cooja/mtype871.a(process.o)
                0x00000000000357c0                process_list
                0x00000000000357c4                process_current
 .bss           0x0000000000035971        0x0 obj_cooja/mtype871.a(residual.o)
 *fill*         0x0000000000035971        0x3 
 .bss           0x0000000000035974        0x4 obj_cooja/mtype871.a(rtimer.o)
 .bss           0x0000000000035978        0x0 obj_cooja/mtype871.a(stimer.o)
 .bss           0x0000000000035978        0x0 obj_cooja/mtype871.a(timer.o)
 *fill*         0x0000000000035978        0x8 
 .bss           0x0000000000035980      0x140 obj_cooja/mtype871.a(serial-line.o)
 .bss           0x0000000000035ac0        0x0 obj_cooja/mtype871.a(list.o)
 .bss           0x0000000000035ac0        0x0 obj_cooja/mtype871.a(ringbuf.o)
 .bss           0x0000000000035ac0      0x70c obj_cooja/mtype871.a(sicslowpan.o)
 *fill*         0x00000000000361cc       0x14 
 .bss           0x00000000000361e0      0x1e0 obj_cooja/mtype871.a(uip-ds6-nbr.o)
 .bss           0x00000000000363c0      0x308 obj_cooja/mtype871.a(uip-ds6-route.o)
 .bss           0x00000000000366c8       0x30 obj_cooja/mtype871.a(uip-ds6.o)
 .bss           0x00000000000366f8        0xe obj_cooja/mtype871.a(uip6.o)
                0x00000000000366f8                uip_ext_bitmap
                0x00000000000366f9                uip_ext_len
                0x00000000000366fa                uip_ext_opt_offset
 *fill*         0x0000000000036706       0x1a 
 .bss           0x0000000000036720       0x6a obj_cooja/mtype871.a(tcpip.o)
 .bss           0x000000000003678a        0x0 obj_cooja/mtype871.a(uip-debug.o)
 *fill*         0x000000000003678a       0x16 
 .bss           0x00000000000367a0      0xcf8 obj_cooja/mtype871.a(uip-packetqueue)
 .bss           0x0000000000037498        0x0 obj_cooja/mtype871.a(uip-udp-packet.)
 *fill*         0x0000000000037498        0x8 
 .bss           0x00000000000374a0      0x154 obj_cooja/mtype871.a(rpl-dag.o)
 .bss           0x00000000000375f4        0x0 obj_cooja/mtype871.a(rpl-ext-header.)
 .bss           0x00000000000375f4        0x0 obj_cooja/mtype871.a(rpl-icmp6.o)
 .bss           0x00000000000375f4        0x0 obj_cooja/mtype871.a(rpl-ltmax-of.o)
 *fill*         0x00000000000375f4        0xc 
 .bss           0x0000000000037600       0x23 obj_cooja/mtype871.a(rpl-timers.o)
 *fill*         0x0000000000037623        0x1 
 .bss           0x0000000000037624        0x4 obj_cooja/mtype871.a(rpl.o)
 .bss           0x0000000000037628        0x2 obj_cooja/mtype871.a(framer-802154.o)
 .bss           0x000000000003762a        0x0 obj_cooja/mtype871.a(nullmac.o)
 .bss           0x000000000003762a        0x0 obj_cooja/mtype871.a(nullrdc.o)
 .bss           0x000000000003762a        0x0 obj_cooja/mtype871.a(linkaddr.o)
 *fill*         0x000000000003762a       0x16 
 .bss           0x0000000000037640      0x174 obj_cooja/mtype871.a(nbr-table.o)
 .bss           0x00000000000377b4        0x0 obj_cooja/mtype871.a(netstack.o)
 *fill*         0x00000000000377b4        0xc 
 .bss           0x00000000000377c0       0xa0 obj_cooja/mtype871.a(packetbuf.o)
 .bss           0x0000000000037860      0xb80 obj_cooja/mtype871.a(queuebuf.o)
 .bss           0x00000000000383e0        0x0 obj_cooja/mtype871.a(nullsec.o)
 .bss           0x00000000000383e0        0x0 obj_cooja/mtype871.a(watchdog.o)
 .bss           0x00000000000383e0        0x0 obj_cooja/mtype871.a(rimestats.o)
 .bss           0x00000000000383e0        0x0 obj_cooja/mtype871.a(memb.o)
 .bss           0x00000000000383e0       0x18 obj_cooja/mtype871.a(uip-icmp6.o)
 .bss           0x00000000000383f8        0x0 obj_cooja/mtype871.a(uip-nd6.o)
 *fill*         0x00000000000383f8        0x8 
 .bss           0x0000000000038400       0x44 obj_cooja/mtype871.a(rpl-nbr-policy.)
 .bss           0x0000000000038444        0x0 obj_cooja/mtype871.a(frame802154.o)
 *fill*         0x0000000000038444       0x1c 
 .bss           0x0000000000038460       0x90 obj_cooja/mtype871.a(mac-sequence.o)
 .bss           0x00000000000384f0        0x0 obj_cooja/mtype871.a(mac.o)
 .bss           0x00000000000384f0        0x0 /usr/lib/gcc/i686-linux-gnu/4.8/crtendS.o
 .bss           0x00000000000384f0        0x0 /usr/lib/gcc/i686-linux-gnu/4.8/../../../i386-linux-gnu/crtn.o
 *(COMMON)
 COMMON         0x00000000000384f0       0x1c udp-client.co
                0x00000000000384f0                COOJA_radioRxLong
                0x00000000000384f4                COOJA_radioTx
                0x00000000000384f8                COOJA_radioTxLong
                0x00000000000384fc                COOJA_radioRx
                0x0000000000038500                COOJA_radioOn
                0x0000000000038504                COOJA_duration
                0x0000000000038508                COOJA_radioOnLong
 COMMON         0x000000000003850c        0xc obj_cooja/mtype871.o
                0x000000000003850c                referenceVar
                0x0000000000038510                debugfp
                0x0000000000038514                sensors_flags
 COMMON         0x0000000000038518        0xc obj_cooja/mtype871.a(simEnvChange.o)
                0x0000000000038518                simEtimerPending
                0x000000000003851c                simProcessRunValue
                0x0000000000038520                simNextExpirationTime
 COMMON         0x0000000000038524        0x1 obj_cooja/mtype871.a(beep.o)
                0x0000000000038524                simBeeped
 COMMON         0x0000000000038525        0x3 obj_cooja/mtype871.a(button-sensor.o)
                0x0000000000038525                simButtonIsActive
                0x0000000000038526                simButtonIsDown
                0x0000000000038527                simButtonChanged
 COMMON         0x0000000000038528        0x1 obj_cooja/mtype871.a(leds-arch.o)
                0x0000000000038528                simLedsValue
 *fill*         0x0000000000038529        0x3 
 COMMON         0x000000000003852c        0xc obj_cooja/mtype871.a(moteid.o)
                0x000000000003852c                simRandomSeed
                0x0000000000038530                simMoteIDChanged
                0x0000000000038534                simMoteID
 COMMON         0x0000000000038538        0x2 obj_cooja/mtype871.a(pir-sensor.o)
                0x0000000000038538                simPirIsActive
                0x0000000000038539                simPirChanged
 *fill*         0x000000000003853a        0x6 
 COMMON         0x0000000000038540      0x820 obj_cooja/mtype871.a(rs232.o)
                0x0000000000038540                simSerialReceivingFlag
                0x0000000000038544                simSerialReceivingLength
                0x0000000000038560                simSerialReceivingData
 COMMON         0x0000000000038d60        0x2 obj_cooja/mtype871.a(vib-sensor.o)
                0x0000000000038d60                simVibChanged
                0x0000000000038d61                simVibIsActive
 *fill*         0x0000000000038d62        0x2 
 COMMON         0x0000000000038d64        0x4 obj_cooja/mtype871.a(clock.o)
                0x0000000000038d64                simCurrentTime
 *fill*         0x0000000000038d68       0x18 
 COMMON         0x0000000000038d80      0x420 obj_cooja/mtype871.a(log.o)
                0x0000000000038d80                simLoggedLength
                0x0000000000038d84                simLoggedFlag
                0x0000000000038da0                simLoggedData
 COMMON         0x00000000000391a0      0x200 obj_cooja/mtype871.a(cooja-radio.o)
                0x00000000000391a0                simOutDataBuffer
                0x0000000000039220                simInDataBufferLR
                0x00000000000392a0                simOutDataBufferLR
                0x0000000000039320                simInDataBuffer
 COMMON         0x00000000000393a0      0x400 obj_cooja/mtype871.a(eeprom.o)
                0x00000000000393a0                simEEPROMData
 COMMON         0x00000000000397a0        0x1 obj_cooja/mtype871.a(sensors.o)
                0x00000000000397a0                sensors_event
 COMMON         0x00000000000397a1        0x1 obj_cooja/mtype871.a(serial-line.o)
                0x00000000000397a1                serial_line_event_message
 *fill*         0x00000000000397a2       0x1e 
 COMMON         0x00000000000397c0       0xc8 obj_cooja/mtype871.a(uip-ds6-nbr.o)
                0x00000000000397c0                ds6_lr_addrmap
 *fill*         0x0000000000039888       0x18 
 COMMON         0x00000000000398a0      0x298 obj_cooja/mtype871.a(uip-ds6.o)
                0x00000000000398a0                uip_ds6_prefix_list
                0x0000000000039900                uip_ds6_timer_periodic
                0x0000000000039910                uip_ds6_netif_addr_list_offset
                0x0000000000039920                uip_ds6_if
                0x0000000000039a18                uip_ds6_timer_ra
                0x0000000000039a20                uip_ds6_addr_size
                0x0000000000039a40                long_uip_ds6_if
 *fill*         0x0000000000039b38        0x8 
 COMMON         0x0000000000039b40      0x8ec obj_cooja/mtype871.a(uip6.o)
                0x0000000000039b40                uip_slen
                0x0000000000039b42                uip_acc32
                0x0000000000039b60                uip_conns
                0x0000000000039c20                uip_lladdr
                0x0000000000039c28                uip_appdata
                0x0000000000039c2c                uip_flags
                0x0000000000039c40                uip_aligned_buf
                0x000000000003a280                uip_listenports
                0x000000000003a290                uip_len
                0x000000000003a292                uip_long_lladdr
                0x000000000003a29c                uip_sappdata
                0x000000000003a2a0                uip_udp_conns
                0x000000000003a420                uip_udp_conn
                0x000000000003a424                uip_next_hdr
                0x000000000003a428                uip_conn
 COMMON         0x000000000003a42c        0x1 obj_cooja/mtype871.a(tcpip.o)
                0x000000000003a42c                tcpip_event
 *fill*         0x000000000003a42d       0x13 
 COMMON         0x000000000003a440      0x190 obj_cooja/mtype871.a(rpl-dag.o)
                0x000000000003a440                default_instance
                0x000000000003a460                instance_table
 COMMON         0x000000000003a5d0       0x10 obj_cooja/mtype871.a(linkaddr.o)
                0x000000000003a5d0                linkaddr_node_addr
                0x000000000003a5d8                long_linkaddr_node_addr
 COMMON         0x000000000003a5e0       0x2e obj_cooja/mtype871.a(packetbuf.o)
                0x000000000003a5e0                packetbuf_attrs
                0x000000000003a5fe                packetbuf_addrs
 *fill*         0x000000000003a60e       0x12 
 COMMON         0x000000000003a620       0x48 obj_cooja/mtype871.a(rimestats.o)
                0x000000000003a620                rimestats
                0x000000000003a668                . = ALIGN ((. != 0x0)?0x4:0x1)
                0x000000000003a668                . = ALIGN (0x4)
                0x000000000003a668                . = SEGMENT_START ("ldata-segment", .)
                0x000000000003a668                . = ALIGN (0x4)
                0x000000000003a668                _end = .
                0x000000000003a668                PROVIDE (end, .)
                0x000000000003a668                . = DATA_SEGMENT_END (.)

.stab
 *(.stab)

.stabstr
 *(.stabstr)

.stab.excl
 *(.stab.excl)

.stab.exclstr
 *(.stab.exclstr)

.stab.index
 *(.stab.index)

.stab.indexstr
 *(.stab.indexstr)

.comment        0x0000000000000000       0x29
 *(.comment)
 .comment       0x0000000000000000       0x29 /usr/lib/gcc/i686-linux-gnu/4.8/crtbeginS.o
                                         0x2a (size before relaxing)
 .comment       0x0000000000000000       0x2a udp-client.co
 .comment       0x0000000000000000       0x2a obj_cooja/mtype871.o
 .comment       0x0000000000000000       0x2a obj_cooja/mtype871.a(simEnvChange.o)
 .comment       0x0000000000000000       0x2a obj_cooja/mtype871.a(cooja_mt.o)
 .comment       0x0000000000000000       0x2a obj_cooja/mtype871.a(cooja_mtarch.o)
 .comment       0x0000000000000000       0x2a obj_cooja/mtype871.a(rtimer-arch.o)
 .comment       0x0000000000000000       0x2a obj_cooja/mtype871.a(beep.o)
 .comment       0x0000000000000000       0x2a obj_cooja/mtype871.a(button-sensor.o)
 .comment       0x0000000000000000       0x2a obj_cooja/mtype871.a(leds-arch.o)
 .comment       0x0000000000000000       0x2a obj_cooja/mtype871.a(moteid.o)
 .comment       0x0000000000000000       0x2a obj_cooja/mtype871.a(pir-sensor.o)
 .comment       0x0000000000000000       0x2a obj_cooja/mtype871.a(rs232.o)
 .comment       0x0000000000000000       0x2a obj_cooja/mtype871.a(vib-sensor.o)
 .comment       0x0000000000000000       0x2a obj_cooja/mtype871.a(clock.o)
 .comment       0x0000000000000000       0x2a obj_cooja/mtype871.a(log.o)
 .comment       0x0000000000000000       0x2a obj_cooja/mtype871.a(cfs-cooja.o)
 .comment       0x0000000000000000       0x2a obj_cooja/mtype871.a(cooja-radio.o)
 .comment       0x0000000000000000       0x2a obj_cooja/mtype871.a(eeprom.o)
 .comment       0x0000000000000000       0x2a obj_cooja/mtype871.a(random.o)
 .comment       0x0000000000000000       0x2a obj_cooja/mtype871.a(sensors.o)
 .comment       0x0000000000000000       0x2a obj_cooja/mtype871.a(dual_conf.o)
 .comment       0x0000000000000000       0x2a obj_cooja/mtype871.a(autostart.o)
 .comment       0x0000000000000000       0x2a obj_cooja/mtype871.a(ctimer.o)
 .comment       0x0000000000000000       0x2a obj_cooja/mtype871.a(etimer.o)
 .comment       0x0000000000000000       0x2a obj_cooja/mtype871.a(process.o)
 .comment       0x0000000000000000       0x2a obj_cooja/mtype871.a(residual.o)
 .comment       0x0000000000000000       0x2a obj_cooja/mtype871.a(rtimer.o)
 .comment       0x0000000000000000       0x2a obj_cooja/mtype871.a(stimer.o)
 .comment       0x0000000000000000       0x2a obj_cooja/mtype871.a(timer.o)
 .comment       0x0000000000000000       0x2a obj_cooja/mtype871.a(serial-line.o)
 .comment       0x0000000000000000       0x2a obj_cooja/mtype871.a(list.o)
 .comment       0x0000000000000000       0x2a obj_cooja/mtype871.a(ringbuf.o)
 .comment       0x0000000000000000       0x2a obj_cooja/mtype871.a(sicslowpan.o)
 .comment       0x0000000000000000       0x2a obj_cooja/mtype871.a(uip-ds6-nbr.o)
 .comment       0x0000000000000000       0x2a obj_cooja/mtype871.a(uip-ds6-route.o)
 .comment       0x0000000000000000       0x2a obj_cooja/mtype871.a(uip-ds6.o)
 .comment       0x0000000000000000       0x2a obj_cooja/mtype871.a(uip6.o)
 .comment       0x0000000000000000       0x2a obj_cooja/mtype871.a(tcpip.o)
 .comment       0x0000000000000000       0x2a obj_cooja/mtype871.a(uip-debug.o)
 .comment       0x0000000000000000       0x2a obj_cooja/mtype871.a(uip-packetqueue)
 .comment       0x0000000000000000       0x2a obj_cooja/mtype871.a(uip-udp-packet.)
 .comment       0x0000000000000000       0x2a obj_cooja/mtype871.a(rpl-dag.o)
 .comment       0x0000000000000000       0x2a obj_cooja/mtype871.a(rpl-ext-header.)
 .comment       0x0000000000000000       0x2a obj_cooja/mtype871.a(rpl-icmp6.o)
 .comment       0x0000000000000000       0x2a obj_cooja/mtype871.a(rpl-ltmax-of.o)
 .comment       0x0000000000000000       0x2a obj_cooja/mtype871.a(rpl-timers.o)
 .comment       0x0000000000000000       0x2a obj_cooja/mtype871.a(rpl.o)
 .comment       0x0000000000000000       0x2a obj_cooja/mtype871.a(framer-802154.o)
 .comment       0x0000000000000000       0x2a obj_cooja/mtype871.a(nullmac.o)
 .comment       0x0000000000000000       0x2a obj_cooja/mtype871.a(nullrdc.o)
 .comment       0x0000000000000000       0x2a obj_cooja/mtype871.a(linkaddr.o)
 .comment       0x0000000000000000       0x2a obj_cooja/mtype871.a(nbr-table.o)
 .comment       0x0000000000000000       0x2a obj_cooja/mtype871.a(netstack.o)
 .comment       0x0000000000000000       0x2a obj_cooja/mtype871.a(packetbuf.o)
 .comment       0x0000000000000000       0x2a obj_cooja/mtype871.a(queuebuf.o)
 .comment       0x0000000000000000       0x2a obj_cooja/mtype871.a(nullsec.o)
 .comment       0x0000000000000000       0x2a obj_cooja/mtype871.a(watchdog.o)
 .comment       0x0000000000000000       0x2a obj_cooja/mtype871.a(rimestats.o)
 .comment       0x0000000000000000       0x2a obj_cooja/mtype871.a(memb.o)
 .comment       0x0000000000000000       0x2a obj_cooja/mtype871.a(uip-icmp6.o)
 .comment       0x0000000000000000       0x2a obj_cooja/mtype871.a(uip-nd6.o)
 .comment       0x0000000000000000       0x2a obj_cooja/mtype871.a(rpl-nbr-policy.)
 .comment       0x0000000000000000       0x2a obj_cooja/mtype871.a(frame802154.o)
 .comment       0x0000000000000000       0x2a obj_cooja/mtype871.a(mac-sequence.o)
 .comment       0x0000000000000000       0x2a obj_cooja/mtype871.a(mac.o)
 .comment       0x0000000000000000       0x2a /usr/lib/gcc/i686-linux-gnu/4.8/crtendS.o

.debug
 *(.debug)

.line
 *(.line)

.debug_srcinfo
 *(.debug_srcinfo)

.debug_sfnames
 *(.debug_sfnames)

.debug_aranges  0x0000000000000000      0x818
 *(.debug_aranges)
 .debug_aranges
                0x0000000000000000       0x20 udp-client.co
 .debug_aranges
                0x0000000000000020       0x20 obj_cooja/mtype871.o
 .debug_aranges
                0x0000000000000040       0x20 obj_cooja/mtype871.a(simEnvChange.o)
 .debug_aranges
                0x0000000000000060       0x20 obj_cooja/mtype871.a(cooja_mt.o)
 .debug_aranges
                0x0000000000000080       0x20 obj_cooja/mtype871.a(cooja_mtarch.o)
 .debug_aranges
                0x00000000000000a0       0x20 obj_cooja/mtype871.a(rtimer-arch.o)
 .debug_aranges
                0x00000000000000c0       0x20 obj_cooja/mtype871.a(beep.o)
 .debug_aranges
                0x00000000000000e0       0x20 obj_cooja/mtype871.a(button-sensor.o)
 .debug_aranges
                0x0000000000000100       0x20 obj_cooja/mtype871.a(leds-arch.o)
 .debug_aranges
                0x0000000000000120       0x20 obj_cooja/mtype871.a(moteid.o)
 .debug_aranges
                0x0000000000000140       0x20 obj_cooja/mtype871.a(pir-sensor.o)
 .debug_aranges
                0x0000000000000160       0x20 obj_cooja/mtype871.a(rs232.o)
 .debug_aranges
                0x0000000000000180       0x20 obj_cooja/mtype871.a(vib-sensor.o)
 .debug_aranges
                0x00000000000001a0       0x20 obj_cooja/mtype871.a(clock.o)
 .debug_aranges
                0x00000000000001c0       0x20 obj_cooja/mtype871.a(log.o)
 .debug_aranges
                0x00000000000001e0       0x20 obj_cooja/mtype871.a(cfs-cooja.o)
 .debug_aranges
                0x0000000000000200       0x20 obj_cooja/mtype871.a(cooja-radio.o)
 .debug_aranges
                0x0000000000000220       0x20 obj_cooja/mtype871.a(eeprom.o)
 .debug_aranges
                0x0000000000000240       0x20 obj_cooja/mtype871.a(random.o)
 .debug_aranges
                0x0000000000000260       0x20 obj_cooja/mtype871.a(sensors.o)
 .debug_aranges
                0x0000000000000280       0x20 obj_cooja/mtype871.a(dual_conf.o)
 .debug_aranges
                0x00000000000002a0       0x20 obj_cooja/mtype871.a(autostart.o)
 .debug_aranges
                0x00000000000002c0       0x20 obj_cooja/mtype871.a(ctimer.o)
 .debug_aranges
                0x00000000000002e0       0x20 obj_cooja/mtype871.a(etimer.o)
 .debug_aranges
                0x0000000000000300       0x20 obj_cooja/mtype871.a(process.o)
 .debug_aranges
                0x0000000000000320       0x20 obj_cooja/mtype871.a(residual.o)
 .debug_aranges
                0x0000000000000340       0x20 obj_cooja/mtype871.a(rtimer.o)
 .debug_aranges
                0x0000000000000360       0x20 obj_cooja/mtype871.a(stimer.o)
 .debug_aranges
                0x0000000000000380       0x20 obj_cooja/mtype871.a(timer.o)
 .debug_aranges
                0x00000000000003a0       0x20 obj_cooja/mtype871.a(serial-line.o)
 .debug_aranges
                0x00000000000003c0       0x20 obj_cooja/mtype871.a(list.o)
 .debug_aranges
                0x00000000000003e0       0x20 obj_cooja/mtype871.a(ringbuf.o)
 .debug_aranges
                0x0000000000000400       0x20 obj_cooja/mtype871.a(sicslowpan.o)
 .debug_aranges
                0x0000000000000420       0x20 obj_cooja/mtype871.a(uip-ds6-nbr.o)
 .debug_aranges
                0x0000000000000440       0x20 obj_cooja/mtype871.a(uip-ds6-route.o)
 .debug_aranges
                0x0000000000000460       0x20 obj_cooja/mtype871.a(uip-ds6.o)
 .debug_aranges
                0x0000000000000480       0x20 obj_cooja/mtype871.a(uip6.o)
 .debug_aranges
                0x00000000000004a0       0x20 obj_cooja/mtype871.a(tcpip.o)
 .debug_aranges
                0x00000000000004c0       0x20 obj_cooja/mtype871.a(uip-debug.o)
 .debug_aranges
                0x00000000000004e0       0x20 obj_cooja/mtype871.a(uip-packetqueue)
 .debug_aranges
                0x0000000000000500       0x20 obj_cooja/mtype871.a(uip-udp-packet.)
 .debug_aranges
                0x0000000000000520       0x20 obj_cooja/mtype871.a(rpl-dag.o)
 .debug_aranges
                0x0000000000000540       0x20 obj_cooja/mtype871.a(rpl-ext-header.)
 .debug_aranges
                0x0000000000000560       0x20 obj_cooja/mtype871.a(rpl-icmp6.o)
 .debug_aranges
                0x0000000000000580       0x20 obj_cooja/mtype871.a(rpl-ltmax-of.o)
 .debug_aranges
                0x00000000000005a0       0x20 obj_cooja/mtype871.a(rpl-timers.o)
 .debug_aranges
                0x00000000000005c0       0x20 obj_cooja/mtype871.a(rpl.o)
 .debug_aranges
                0x00000000000005e0       0x20 obj_cooja/mtype871.a(framer-802154.o)
 .debug_aranges
                0x0000000000000600       0x20 obj_cooja/mtype871.a(nullmac.o)
 .debug_aranges
                0x0000000000000620       0x20 obj_cooja/mtype871.a(nullrdc.o)
 .debug_aranges
                0x0000000000000640       0x20 obj_cooja/mtype871.a(linkaddr.o)
 .debug_aranges
                0x0000000000000660       0x20 obj_cooja/mtype871.a(nbr-table.o)
 .debug_aranges
                0x0000000000000680       0x20 obj_cooja/mtype871.a(netstack.o)
 .debug_aranges
                0x00000000000006a0       0x20 obj_cooja/mtype871.a(packetbuf.o)
 .debug_aranges
                0x00000000000006c0       0x20 obj_cooja/mtype871.a(queuebuf.o)
 .debug_aranges
                0x00000000000006e0       0x20 obj_cooja/mtype871.a(nullsec.o)
 .debug_aranges
                0x0000000000000700       0x20 obj_cooja/mtype871.a(watchdog.o)
 .debug_aranges
                0x0000000000000720       0x18 obj_cooja/mtype871.a(rimestats.o)
 .debug_aranges
                0x0000000000000738       0x20 obj_cooja/mtype871.a(memb.o)
 .debug_aranges
                0x0000000000000758       0x20 obj_cooja/mtype871.a(uip-icmp6.o)
 .debug_aranges
                0x0000000000000778       0x20 obj_cooja/mtype871.a(uip-nd6.o)
 .debug_aranges
                0x0000000000000798       0x20 obj_cooja/mtype871.a(rpl-nbr-policy.)
 .debug_aranges
                0x00000000000007b8       0x20 obj_cooja/mtype871.a(frame802154.o)
 .debug_aranges
                0x00000000000007d8       0x20 obj_cooja/mtype871.a(mac-sequence.o)
 .debug_aranges
                0x00000000000007f8       0x20 obj_cooja/mtype871.a(mac.o)

.debug_pubnames
 *(.debug_pubnames)

.debug_info     0x0000000000000000    0x1bea5
 *(.debug_info .gnu.linkonce.wi.*)
 .debug_info    0x0000000000000000      0x951 udp-client.co
 .debug_info    0x0000000000000951     0x3a4d obj_cooja/mtype871.o
 .debug_info    0x000000000000439e      0x15a obj_cooja/mtype871.a(simEnvChange.o)
 .debug_info    0x00000000000044f8      0x1e2 obj_cooja/mtype871.a(cooja_mt.o)
 .debug_info    0x00000000000046da      0x2e7 obj_cooja/mtype871.a(cooja_mtarch.o)
 .debug_info    0x00000000000049c1      0x16b obj_cooja/mtype871.a(rtimer-arch.o)
 .debug_info    0x0000000000004b2c      0x1f3 obj_cooja/mtype871.a(beep.o)
 .debug_info    0x0000000000004d1f      0x257 obj_cooja/mtype871.a(button-sensor.o)
 .debug_info    0x0000000000004f76      0x132 obj_cooja/mtype871.a(leds-arch.o)
 .debug_info    0x00000000000050a8      0x10a obj_cooja/mtype871.a(moteid.o)
 .debug_info    0x00000000000051b2      0x216 obj_cooja/mtype871.a(pir-sensor.o)
 .debug_info    0x00000000000053c8      0x21e obj_cooja/mtype871.a(rs232.o)
 .debug_info    0x00000000000055e6      0x216 obj_cooja/mtype871.a(vib-sensor.o)
 .debug_info    0x00000000000057fc      0x152 obj_cooja/mtype871.a(clock.o)
 .debug_info    0x000000000000594e      0x2bb obj_cooja/mtype871.a(log.o)
 .debug_info    0x0000000000005c09      0x3cf obj_cooja/mtype871.a(cfs-cooja.o)
 .debug_info    0x0000000000005fd8      0xcc9 obj_cooja/mtype871.a(cooja-radio.o)
 .debug_info    0x0000000000006ca1      0x1d5 obj_cooja/mtype871.a(eeprom.o)
 .debug_info    0x0000000000006e76       0xb3 obj_cooja/mtype871.a(random.o)
 .debug_info    0x0000000000006f29      0x36d obj_cooja/mtype871.a(sensors.o)
 .debug_info    0x0000000000007296      0x9db obj_cooja/mtype871.a(dual_conf.o)
 .debug_info    0x0000000000007c71      0x1a5 obj_cooja/mtype871.a(autostart.o)
 .debug_info    0x0000000000007e16      0x46c obj_cooja/mtype871.a(ctimer.o)
 .debug_info    0x0000000000008282      0x49c obj_cooja/mtype871.a(etimer.o)
 .debug_info    0x000000000000871e      0x4ba obj_cooja/mtype871.a(process.o)
 .debug_info    0x0000000000008bd8      0x164 obj_cooja/mtype871.a(residual.o)
 .debug_info    0x0000000000008d3c      0x1ab obj_cooja/mtype871.a(rtimer.o)
 .debug_info    0x0000000000008ee7      0x179 obj_cooja/mtype871.a(stimer.o)
 .debug_info    0x0000000000009060      0x16c obj_cooja/mtype871.a(timer.o)
 .debug_info    0x00000000000091cc      0x2de obj_cooja/mtype871.a(serial-line.o)
 .debug_info    0x00000000000094aa      0x2ed obj_cooja/mtype871.a(list.o)
 .debug_info    0x0000000000009797      0x1aa obj_cooja/mtype871.a(ringbuf.o)
 .debug_info    0x0000000000009941     0x105e obj_cooja/mtype871.a(sicslowpan.o)
 .debug_info    0x000000000000a99f      0x8c7 obj_cooja/mtype871.a(uip-ds6-nbr.o)
 .debug_info    0x000000000000b266      0xd30 obj_cooja/mtype871.a(uip-ds6-route.o)
 .debug_info    0x000000000000bf96      0xc2a obj_cooja/mtype871.a(uip-ds6.o)
 .debug_info    0x000000000000cbc0      0xeb1 obj_cooja/mtype871.a(uip6.o)
 .debug_info    0x000000000000da71     0x14f1 obj_cooja/mtype871.a(tcpip.o)