Archive member included to satisfy reference by file (symbol)

obj_cooja/mtype644.a(simEnvChange.o)
                              obj_cooja/mtype644.o (simDontFallAsleep)
obj_cooja/mtype644.a(cooja_mt.o)
                              obj_cooja/mtype644.o (cooja_mt_start)
obj_cooja/mtype644.a(cooja_mtarch.o)
                              obj_cooja/mtype644.a(cooja_mt.o) (cooja_mtarch_init)
obj_cooja/mtype644.a(rtimer-arch.o)
                              obj_cooja/mtype644.o (rtimer_arch_next)
obj_cooja/mtype644.a(beep.o)  obj_cooja/mtype644.o (beep_interface)
obj_cooja/mtype644.a(button-sensor.o)
                              obj_cooja/mtype644.o (button_interface)
obj_cooja/mtype644.a(leds-arch.o)
                              obj_cooja/mtype644.o (leds_interface)
obj_cooja/mtype644.a(moteid.o)
                              obj_cooja/mtype644.o (moteid_interface)
obj_cooja/mtype644.a(pir-sensor.o)
                              obj_cooja/mtype644.o (pir_interface)
obj_cooja/mtype644.a(rs232.o)
                              obj_cooja/mtype644.o (rs232_interface)
obj_cooja/mtype644.a(vib-sensor.o)
                              obj_cooja/mtype644.o (vib_interface)
obj_cooja/mtype644.a(clock.o)
                              obj_cooja/mtype644.o (clock_interface)
obj_cooja/mtype644.a(log.o)   obj_cooja/mtype644.o (simlog_interface)
obj_cooja/mtype644.a(cfs-cooja.o)
                              obj_cooja/mtype644.o (cfs_interface)
obj_cooja/mtype644.a(cooja-radio.o)
                              obj_cooja/mtype644.o (radio_interface)
obj_cooja/mtype644.a(eeprom.o)
                              obj_cooja/mtype644.o (eeprom_interface)
obj_cooja/mtype644.a(random.o)
                              obj_cooja/mtype644.a(moteid.o) (random_init)
obj_cooja/mtype644.a(sensors.o)
                              udp-server.co (sensors_event)
obj_cooja/mtype644.a(dual_conf.o)
                              obj_cooja/mtype644.a(cooja-radio.o) (long_range_radio)
obj_cooja/mtype644.a(autostart.o)
                              obj_cooja/mtype644.o (autostart_start)
obj_cooja/mtype644.a(ctimer.o)
                              obj_cooja/mtype644.o (ctimer_init)
obj_cooja/mtype644.a(etimer.o)
                              obj_cooja/mtype644.o (etimer_process)
obj_cooja/mtype644.a(log_message.o)
                              obj_cooja/mtype644.o (log_initialization)
obj_cooja/mtype644.a(process.o)
                              udp-server.co (process_current)
obj_cooja/mtype644.a(residual.o)
                              obj_cooja/mtype644.o (get_residual_energy)
obj_cooja/mtype644.a(rtimer.o)
                              obj_cooja/mtype644.a(rtimer-arch.o) (rtimer_run_next)
obj_cooja/mtype644.a(timer.o)
                              obj_cooja/mtype644.a(button-sensor.o) (timer_set)
obj_cooja/mtype644.a(serial-line.o)
                              obj_cooja/mtype644.a(rs232.o) (serial_line_input_byte)
obj_cooja/mtype644.a(list.o)  obj_cooja/mtype644.a(ctimer.o) (list_init)
obj_cooja/mtype644.a(ringbuf.o)
                              obj_cooja/mtype644.a(serial-line.o) (ringbuf_init)
obj_cooja/mtype644.a(sicslowpan.o)
                              obj_cooja/mtype644.o (sicslowpan_driver)
obj_cooja/mtype644.a(uip-ds6-nbr.o)
                              obj_cooja/mtype644.a(sicslowpan.o) (uip_ds6_link_neighbor_callback)
obj_cooja/mtype644.a(uip-ds6.o)
                              udp-server.co (uip_ds6_if)
obj_cooja/mtype644.a(uip6.o)  obj_cooja/mtype644.o (uip_lladdr)
obj_cooja/mtype644.a(tcpip.o)
                              udp-server.co (tcpip_event)
obj_cooja/mtype644.a(uip-debug.o)
                              udp-server.co (uip_debug_ipaddr_print)
obj_cooja/mtype644.a(uip-packetqueue)
                              obj_cooja/mtype644.a(uip-ds6-nbr.o) (uip_packetqueue_new)
obj_cooja/mtype644.a(rpl-dag.o)
                              udp-server.co (rpl_set_root)
obj_cooja/mtype644.a(rpl-ext-header.)
                              obj_cooja/mtype644.a(uip6.o) (rpl_verify_header)
obj_cooja/mtype644.a(rpl-icmp6.o)
                              obj_cooja/mtype644.a(rpl-dag.o) (rpl_icmp6_update_nbr_table)
obj_cooja/mtype644.a(rpl-ltmax.o)
                              obj_cooja/mtype644.a(rpl-dag.o) (rpl_ltmax_of)
obj_cooja/mtype644.a(rpl-timers.o)
                              obj_cooja/mtype644.a(rpl-dag.o) (rpl_reset_dio_timer)
obj_cooja/mtype644.a(rpl.o)   obj_cooja/mtype644.a(rpl-icmp6.o) (rpl_get_mode)
obj_cooja/mtype644.a(framer-802154.o)
                              obj_cooja/mtype644.a(sicslowpan.o) (framer_802154)
obj_cooja/mtype644.a(nullmac.o)
                              udp-server.co (nullmac_driver)
obj_cooja/mtype644.a(cxmac.o)
                              obj_cooja/mtype644.o (cxmac_driver)
obj_cooja/mtype644.a(linkaddr.o)
                              obj_cooja/mtype644.o (linkaddr_node_addr)
obj_cooja/mtype644.a(nbr-table.o)
                              obj_cooja/mtype644.a(rpl-dag.o) (long_ip_from_lladdr_map)
[...]
Memory Configuration

Name             Origin             Length             Attributes
*default*        0x0000000000000000 0xffffffffffffffff

Linker script and memory map

LOAD /usr/lib/gcc/i686-linux-gnu/4.8/../../../i386-linux-gnu/crti.o
LOAD /usr/lib/gcc/i686-linux-gnu/4.8/crtbeginS.o
LOAD udp-server.co
LOAD obj_cooja/mtype644.o
LOAD obj_cooja/mtype644.a
LOAD /usr/lib/gcc/i686-linux-gnu/4.8/libgcc.a
LOAD /usr/lib/gcc/i686-linux-gnu/4.8/libgcc_s.so
LOAD /usr/lib/gcc/i686-linux-gnu/4.8/../../../i386-linux-gnu/libc.so
START GROUP
LOAD /lib/i386-linux-gnu/libc.so.6
LOAD /usr/lib/i386-linux-gnu/libc_nonshared.a
LOAD /lib/i386-linux-gnu/ld-linux.so.2
END GROUP
LOAD /usr/lib/gcc/i686-linux-gnu/4.8/libgcc.a
LOAD /usr/lib/gcc/i686-linux-gnu/4.8/libgcc_s.so
LOAD /usr/lib/gcc/i686-linux-gnu/4.8/crtendS.o
LOAD /usr/lib/gcc/i686-linux-gnu/4.8/../../../i386-linux-gnu/crtn.o
                0x0000000000000114                . = (0x0 + SIZEOF_HEADERS)

.note.gnu.build-id
                0x0000000000000114       0x24
 *(.note.gnu.build-id)
 .note.gnu.build-id
                0x0000000000000114       0x24 /usr/lib/gcc/i686-linux-gnu/4.8/../../../i386-linux-gnu/crti.o

.hash
 *(.hash)

.gnu.hash       0x0000000000000138     0x1360
 *(.gnu.hash)
 .gnu.hash      0x0000000000000138     0x1360 /usr/lib/gcc/i686-linux-gnu/4.8/../../../i386-linux-gnu/crti.o

.dynsym         0x0000000000001498     0x25f0
 *(.dynsym)
 .dynsym        0x0000000000001498     0x25f0 /usr/lib/gcc/i686-linux-gnu/4.8/../../../i386-linux-gnu/crti.o

.dynstr         0x0000000000003a88     0x26f7
 *(.dynstr)
 .dynstr        0x0000000000003a88     0x26f7 /usr/lib/gcc/i686-linux-gnu/4.8/../../../i386-linux-gnu/crti.o

.gnu.version    0x0000000000006180      0x4be
 *(.gnu.version)
 .gnu.version   0x0000000000006180      0x4be /usr/lib/gcc/i686-linux-gnu/4.8/../../../i386-linux-gnu/crti.o

.gnu.version_d  0x0000000000006640        0x0
 *(.gnu.version_d)
 .gnu.version_d
                0x0000000000000000        0x0 /usr/lib/gcc/i686-linux-gnu/4.8/../../../i386-linux-gnu/crti.o

.gnu.version_r  0x0000000000006640       0x50
 *(.gnu.version_r)
 .gnu.version_r
                0x0000000000006640       0x50 /usr/lib/gcc/i686-linux-gnu/4.8/../../../i386-linux-gnu/crti.o

.rel.dyn        0x0000000000006690     0x9048
 *(.rel.init)
 .rel.init      0x0000000000000000        0x0 /usr/lib/gcc/i686-linux-gnu/4.8/../../../i386-linux-gnu/crti.o
 *(.rel.text .rel.text.* .rel.gnu.linkonce.t.*)
 .rel.text      0x0000000000006690     0x88a8 /usr/lib/gcc/i686-linux-gnu/4.8/../../../i386-linux-gnu/crti.o
 *(.rel.fini)
 .rel.fini      0x0000000000000000        0x0 /usr/lib/gcc/i686-linux-gnu/4.8/../../../i386-linux-gnu/crti.o
 *(.rel.rodata .rel.rodata.* .rel.gnu.linkonce.r.*)
 .rel.rodata    0x000000000000ef38      0x4e0 /usr/lib/gcc/i686-linux-gnu/4.8/../../../i386-linux-gnu/crti.o
 *(.rel.data.rel.ro .rel.data.rel.ro.* .rel.gnu.linkonce.d.rel.ro.*)
 *(.rel.data .rel.data.* .rel.gnu.linkonce.d.*)
 .rel.data.rel  0x000000000000f418        0x8 /usr/lib/gcc/i686-linux-gnu/4.8/../../../i386-linux-gnu/crti.o
 .rel.data      0x000000000000f420      0x280 /usr/lib/gcc/i686-linux-gnu/4.8/../../../i386-linux-gnu/crti.o
 *(.rel.tdata .rel.tdata.* .rel.gnu.linkonce.td.*)
 *(.rel.tbss .rel.tbss.* .rel.gnu.linkonce.tb.*)
 *(.rel.ctors)
 *(.rel.dtors)
 *(.rel.got)
 .rel.got       0x000000000000f6a0       0x28 /usr/lib/gcc/i686-linux-gnu/4.8/../../../i386-linux-gnu/crti.o
 *(.rel.bss .rel.bss.* .rel.gnu.linkonce.b.*)
 *(.rel.ifunc)
 .rel.ifunc     0x0000000000000000        0x0 /usr/lib/gcc/i686-linux-gnu/4.8/../../../i386-linux-gnu/crti.o
 .rel.fini_array
                0x000000000000f6c8        0x8 /usr/lib/gcc/i686-linux-gnu/4.8/../../../i386-linux-gnu/crti.o
 .rel.init_array
                0x000000000000f6d0        0x8 /usr/lib/gcc/i686-linux-gnu/4.8/../../../i386-linux-gnu/crti.o

.rel.plt        0x000000000000f6d8       0x10
 *(.rel.plt)
 .rel.plt       0x000000000000f6d8       0x10 /usr/lib/gcc/i686-linux-gnu/4.8/../../../i386-linux-gnu/crti.o
 *(.rel.iplt)

.init           0x000000000000f6e8       0x23
 *(SORT(.init))
 .init          0x000000000000f6e8       0x1e /usr/lib/gcc/i686-linux-gnu/4.8/../../../i386-linux-gnu/crti.o
                0x000000000000f6e8                _init
 .init          0x000000000000f706        0x5 /usr/lib/gcc/i686-linux-gnu/4.8/../../../i386-linux-gnu/crtn.o

.plt            0x000000000000f710       0x30
 *(.plt)
 .plt           0x000000000000f710       0x30 /usr/lib/gcc/i686-linux-gnu/4.8/../../../i386-linux-gnu/crti.o
 *(.iplt)

.text           0x000000000000f740    0x163e8
 *(.text.unlikely .text.*_unlikely .text.unlikely.*)
 *(.text.exit .text.exit.*)
 *(.text.startup .text.startup.*)
 *(.text.hot .text.hot.*)
 *(.text .stub .text.* .gnu.linkonce.t.*)
 .text          0x000000000000f740        0x0 /usr/lib/gcc/i686-linux-gnu/4.8/../../../i386-linux-gnu/crti.o
 .gnu.linkonce.t.__x86.get_pc_thunk.bx
                0x000000000000f740        0x4 /usr/lib/gcc/i686-linux-gnu/4.8/../../../i386-linux-gnu/crti.o
                0x000000000000f740                __x86.get_pc_thunk.bx
 *fill*         0x000000000000f744        0xc 
 .text          0x000000000000f750      0x11b /usr/lib/gcc/i686-linux-gnu/4.8/crtbeginS.o
 .text          0x000000000000f86b      0x3ce udp-server.co
 .text          0x000000000000fc39      0x96a obj_cooja/mtype644.o
                0x000000000000fde7                contiki_init
                0x00000000000103ba                Java_org_contikios_cooja_corecomm_Lib6_init
                0x00000000000103fa                Java_org_contikios_cooja_corecomm_Lib6_getMemory
                0x000000000001043a                Java_org_contikios_cooja_corecomm_Lib6_setMemory
                0x00000000000104b1                Java_org_contikios_cooja_corecomm_Lib6_tick
                0x0000000000010591                Java_org_contikios_cooja_corecomm_Lib6_setReferenceAddress
 .text          0x00000000000105a3       0x63 obj_cooja/mtype644.a(simEnvChange.o)
                0x00000000000105a3                doActionsBeforeTick
                0x00000000000105d4                doActionsAfterTick
 .text          0x0000000000010606       0xbc obj_cooja/mtype644.a(cooja_mt.o)
                0x0000000000010606                cooja_mt_init
                0x0000000000010613                cooja_mt_remove
                0x0000000000010620                cooja_mt_start
                0x000000000001064d                cooja_mt_exec
                0x000000000001067e                cooja_mt_exit
                0x00000000000106a0                cooja_mt_yield
 .text          0x00000000000106c2      0x115 obj_cooja/mtype644.a(cooja_mtarch.o)
                0x00000000000106c2                cooja_mtarch_init
                0x00000000000106c7                cooja_mtarch_start
                0x0000000000010742                cooja_sw
                0x0000000000010764                cooja_mtarch_exec
                0x0000000000010780                cooja_mtarch_remove
                0x0000000000010785                cooja_mtarch_yield
                0x000000000001078f                cooja_mtarch_pstop
                0x0000000000010794                cooja_mtarch_pstart
                0x0000000000010799                cooja_mtarch_stack_usage
 .text          0x00000000000107d7       0xc2 obj_cooja/mtype644.a(rtimer-arch.o)
                0x00000000000107d7                rtimer_arch_init
                0x00000000000107fa                rtimer_arch_schedule
                0x0000000000010811                rtimer_arch_next
                0x000000000001081b                rtimer_arch_pending
                0x0000000000010825                rtimer_arch_check
                0x0000000000010857                rtimer_arch_now
 .text          0x0000000000010899       0x76 obj_cooja/mtype644.a(beep.o)
                0x0000000000010899                beep_alarm
                0x00000000000108a5                beep_beep
                0x00000000000108b1                beep
                0x00000000000108bd                beep_down
                0x00000000000108c9                beep_on
                0x00000000000108d5                beep_off
                0x00000000000108e1                beep_spinup
                0x00000000000108ed                beep_quick
                0x00000000000108f9                beep_long
 .text          0x000000000001090f      0x103 obj_cooja/mtype644.a(button-sensor.o)
 .text          0x0000000000010a12       0x45 obj_cooja/mtype644.a(leds-arch.o)
                0x0000000000010a12                leds_arch_init
                0x0000000000010a1e                leds_arch_get
                0x0000000000010a2a                leds_arch_set
 .text          0x0000000000010a57       0x2f obj_cooja/mtype644.a(moteid.o)
 .text          0x0000000000010a86       0xb1 obj_cooja/mtype644.a(pir-sensor.o)
 .text          0x0000000000010b37      0x131 obj_cooja/mtype644.a(rs232.o)
                0x0000000000010b37                rs232_init
                0x0000000000010b3c                rs232_set_speed
                0x0000000000010b4a                rs232_set_input
                0x0000000000010b57                rs232_send
                0x0000000000010b79                rs232_print
                0x0000000000010b94                slip_arch_writeb
 .text          0x0000000000010c68       0xb1 obj_cooja/mtype644.a(vib-sensor.o)
 .text          0x0000000000010d19       0x34 obj_cooja/mtype644.a(clock.o)
                0x0000000000010d19                clock_init
                0x0000000000010d1e                clock_time
                0x0000000000010d28                clock_seconds
                0x0000000000010d3e                clock_delay
 .text          0x0000000000010d4d      0x1ed obj_cooja/mtype644.a(log.o)
                0x0000000000010d4d                simlog_char
                0x0000000000010d8f                simlog
                0x0000000000010dfc                log_message
                0x0000000000010e24                log_set_putchar_with_slip
                0x0000000000010e31                log_putchar
                0x0000000000010eb5                log_puts
                0x0000000000010ed9                log_printf
 .text          0x0000000000010f3a      0x2c4 obj_cooja/mtype644.a(cfs-cooja.o)
                0x0000000000010f3a                cfs_open
                0x0000000000010fa3                cfs_close
                0x0000000000010faf                cfs_read
                0x000000000001104d                cfs_write
                0x000000000001112a                cfs_seek
                0x00000000000111b2                cfs_remove
                0x00000000000111db                cfs_opendir
                0x00000000000111e5                cfs_readdir
                0x00000000000111ef                cfs_closedir
 .text          0x00000000000111fe      0x687 obj_cooja/mtype644.a(cooja-radio.o)
                0x0000000000011228                radio_set_channel
                0x000000000001123d                radio_set_txpower
                0x000000000001125d                radio_signal_strength_last
                0x0000000000011267                radio_signal_strength_current
                0x0000000000011271                radio_LQI
 .text          0x0000000000011885       0xef obj_cooja/mtype644.a(eeprom.o)
                0x0000000000011885                eeprom_init
                0x000000000001188a                eeprom_read
                0x00000000000118fa                eeprom_write
 .text          0x0000000000011974       0x28 obj_cooja/mtype644.a(random.o)
                0x0000000000011974                random_init
                0x000000000001198f                random_rand
 .text          0x000000000001199c      0x2a1 obj_cooja/mtype644.a(sensors.o)
                0x00000000000119d7                sensors_first
                0x00000000000119e1                sensors_next
                0x00000000000119fe                sensors_changed
                0x0000000000011a2d                sensors_find
 .text          0x0000000000011c3d      0x34b obj_cooja/mtype644.a(dual_conf.o)
                0x0000000000011c3d                dual_radio_switch
                0x0000000000011c7d                dual_radio_change
                0x0000000000011cb7                sending_in_LR
                0x0000000000011ce2                dual_radio_received
                0x0000000000011d35                radio_received_is_longrange
                0x0000000000011d50                dual_radio_turn_on
                0x0000000000011d73                dual_radio_turn_off
                0x0000000000011f3e                dio_broadcast
                0x0000000000011f67                dis_broadcast
 .text          0x0000000000011f88       0x8e obj_cooja/mtype644.a(autostart.o)
                0x0000000000011f88                autostart_start
                0x0000000000011fd3                autostart_exit
 .text          0x0000000000012016      0x334 obj_cooja/mtype644.a(ctimer.o)
                0x000000000001212d                ctimer_init
                0x000000000001215d                ctimer_set
                0x000000000001218e                ctimer_set_with_process
                0x000000000001220a                ctimer_reset
                0x0000000000012259                ctimer_restart
                0x00000000000122a8                ctimer_stop
                0x00000000000122f3                ctimer_expired
 .text          0x000000000001234a      0x40b obj_cooja/mtype644.a(etimer.o)
                0x000000000001255d                etimer_request_poll
                0x00000000000125e1                etimer_set
                0x0000000000012606                etimer_reset_with_new_interval
                0x000000000001262d                etimer_reset
                0x000000000001264b                etimer_restart
                0x0000000000012669                etimer_adjust
                0x0000000000012685                etimer_expired
                0x0000000000012698                etimer_expiration_time
                0x00000000000126aa                etimer_start_time
                0x00000000000126b4                etimer_pending
                0x00000000000126c6                etimer_next_expiration_time
                0x00000000000126e0                etimer_stop
 .text          0x0000000000012755       0xdd obj_cooja/mtype644.a(log_message.o)
                0x0000000000012755                log_initialization
                0x0000000000012811                log_finisher
 .text          0x0000000000012832      0x560 obj_cooja/mtype644.a(process.o)
                0x0000000000012832                process_alloc_event
                0x0000000000012847                process_start
                0x0000000000012a30                process_exit
                0x0000000000012a4c                process_init
                0x0000000000012c1d                process_run
                0x0000000000012c50                process_nevents
                0x0000000000012c6b                process_post
                0x0000000000012d17                process_post_synch
                0x0000000000012d4f                process_poll
                0x0000000000012d7e                process_is_running
 .text          0x0000000000012d92       0xd3 obj_cooja/mtype644.a(residual.o)
                0x0000000000012d92                get_residual_energy
 .text          0x0000000000012e65       0xba obj_cooja/mtype644.a(rtimer.o)
                0x0000000000012e65                rtimer_init
                0x0000000000012e72                rtimer_set
                0x0000000000012ec9                rtimer_run_next
 .text          0x0000000000012f1f       0x91 obj_cooja/mtype644.a(timer.o)
                0x0000000000012f1f                timer_set
                0x0000000000012f3a                timer_reset
                0x0000000000012f51                timer_restart
                0x0000000000012f63                timer_expired
                0x0000000000012f8c                timer_remaining
 .text          0x0000000000012fb0      0x1fb obj_cooja/mtype644.a(serial-line.o)
                0x0000000000012fb0                serial_line_input_byte
                0x0000000000013173                serial_line_init
 .text          0x00000000000131ab      0x244 obj_cooja/mtype644.a(list.o)
                0x00000000000131ab                list_init
                0x00000000000131b9                list_head
                0x00000000000131c3                list_copy
                0x00000000000131d2                list_tail
                0x0000000000013208                list_add
                0x0000000000013251                list_push
                0x000000000001327d                list_chop
                0x00000000000132e7                list_pop
                0x000000000001330f                list_remove
                0x0000000000013376                list_length
                0x00000000000133a4                list_insert
                0x00000000000133d8                list_item_next
 .text          0x00000000000133ef      0x155 obj_cooja/mtype644.a(ringbuf.o)
                0x00000000000133ef                ringbuf_init
                0x0000000000013420                ringbuf_put
                0x000000000001349e                ringbuf_get
                0x000000000001350b                ringbuf_size
                0x000000000001351d                ringbuf_elements
 .text          0x0000000000013544     0x258b obj_cooja/mtype644.a(sicslowpan.o)
                0x0000000000013ace                rime_sniffer_add
                0x0000000000013adb                rime_sniffer_remove
                0x0000000000015a6e                sicslowpan_init
                0x0000000000015ac5                sicslowpan_get_last_rssi
 .text          0x0000000000015acf      0x2dc obj_cooja/mtype644.a(uip-ds6-nbr.o)
                0x0000000000015aec                uip_ds6_neighbors_init
                0x0000000000015b09                uip_ds6_nbr_add
                0x0000000000015bba                uip_ds6_nbr_rm
                0x0000000000015c17                uip_ds6_nbr_get_ipaddr
                0x0000000000015c2c                uip_ds6_nbr_get_ll
                0x0000000000015c48                uip_ds6_nbr_num
                0x0000000000015c8d                uip_ds6_nbr_lookup
                0x0000000000015cf2                uip_ds6_nbr_ll_lookup
                0x0000000000015d0e                uip_ds6_nbr_ipaddr_from_lladdr
                0x0000000000015d34                uip_ds6_nbr_lladdr_from_ipaddr
                0x0000000000015d62                uip_ds6_link_neighbor_callback
 .text          0x0000000000015dab     0x12ad obj_cooja/mtype644.a(uip-ds6.o)
                0x0000000000015dab                uip_ds6_init
                0x0000000000016100                uip_ds6_periodic
                0x00000000000161d8                uip_ds6_list_loop
                0x000000000001627f                uip_ds6_prefix_add
                0x000000000001633d                uip_ds6_prefix_rm
                0x000000000001634f                uip_ds6_prefix_lookup
                0x00000000000163a0                uip_ds6_is_addr_onlink
                0x0000000000016414                uip_ds6_addr_add
                0x0000000000016542                uip_ds6_long_addr_add
                0x0000000000016670                uip_ds6_addr_rm
                0x0000000000016710                uip_ds6_addr_lookup
                0x000000000001675b                uip_ds6_long_addr_lookup
                0x00000000000167a6                uip_ds6_get_link_local
                0x0000000000016825                uip_ds6_long_get_link_local
                0x00000000000168a4                uip_ds6_get_global
                0x0000000000016923                uip_ds6_long_get_global
                0x00000000000169a2                uip_ds6_maddr_add
                0x0000000000016a14                uip_ds6_long_maddr_add
                0x0000000000016a86                uip_ds6_maddr_rm
                0x0000000000016a98                uip_ds6_maddr_lookup
                0x0000000000016ae3                uip_ds6_long_maddr_lookup
                0x0000000000016b2e                uip_ds6_aaddr_add
                0x0000000000016ba0                uip_ds6_long_aaddr_add
                0x0000000000016c12                uip_ds6_aaddr_rm
                0x0000000000016c24                uip_ds6_aaddr_lookup
                0x0000000000016c6f                uip_ds6_long_aaddr_lookup
                0x0000000000016cba                uip_ds6_select_src
                0x0000000000016f43                uip_ds6_set_addr_iid
                0x0000000000016f7a                get_match_length
                0x000000000001700c                uip_ds6_compute_reachable_time
 .text          0x0000000000017058     0x29f3 obj_cooja/mtype644.a(uip6.o)
                0x0000000000017058                uip_add32
                0x00000000000171f1                uip_chksum
                0x00000000000172df                uip_icmp6chksum
                0x00000000000172f3                uip_tcpchksum
                0x0000000000017307                uip_udpchksum
                0x000000000001731b                uip_init
                0x00000000000173eb                uip_connect
                0x000000000001759a                remove_ext_hdr
                0x000000000001766f                uip_udp_new
                0x00000000000177cb                uip_unlisten
                0x000000000001782b                uip_listen
                0x0000000000017aed                uip_process
                0x000000000001993f                uip_htons
                0x0000000000019961                uip_htonl
                0x00000000000199a1                uip_send
 .text          0x0000000000019a4b      0xb43 obj_cooja/mtype644.a(tcpip.o)
                0x0000000000019a4b                tcpip_output
                0x0000000000019a79                tcpip_set_outputfunc
                0x0000000000019b0d                tcp_connect
                0x0000000000019b62                tcp_unlisten
                0x0000000000019bbd                tcp_listen
                0x0000000000019c16                tcp_attach
                0x0000000000019c3b                udp_attach
                0x0000000000019c60                udp_new
                0x0000000000019cb2                udp_broadcast_new
                0x0000000000019f26                tcpip_input
                0x0000000000019f5a                tcpip_ipv6_output
                0x000000000001a3d4                tcpip_poll_udp
                0x000000000001a3f7                tcpip_poll_tcp
                0x000000000001a41a                tcpip_uipcall
 .text          0x000000000001a58e      0x1c1 obj_cooja/mtype644.a(uip-debug.o)
                0x000000000001a58e                uip_debug_ipaddr_print
                0x000000000001a6f0                uip_debug_lladdr_print
 .text          0x000000000001a74f      0x141 obj_cooja/mtype644.a(uip-packetqueue)
                0x000000000001a77b                uip_packetqueue_new
                0x000000000001a789                uip_packetqueue_alloc
                0x000000000001a7e9                uip_packetqueue_free
                0x000000000001a82a                uip_packetqueue_buf
                0x000000000001a847                uip_packetqueue_buflen
                0x000000000001a868                uip_packetqueue_set_buflen
 .text          0x000000000001a890     0x25fb obj_cooja/mtype644.a(rpl-dag.o)
                0x000000000001a890                rpl_print_neighbor_list
                0x000000000001a939                rpl_print_child_neighbor_list
                0x000000000001a9ae                rpl_get_nbr
                0x000000000001aa08                rpl_get_nbr_child
                0x000000000001aa62                rpl_dag_init
                0x000000000001aa94                rpl_get_parent
                0x000000000001aab6                rpl_get_parent_rank
                0x000000000001aae9                rpl_get_parent_link_metric
                0x000000000001ab1c                rpl_get_parent_ipaddr
                0x000000000001ab46                rpl_get_child_ipaddr
                0x000000000001ae61                rpl_set_root
                0x000000000001b08f                rpl_repair_root
                0x000000000001b2cb                rpl_set_prefix
                0x000000000001b3ca                rpl_set_default_route
                0x000000000001b456                rpl_alloc_instance
                0x000000000001b4e9                rpl_alloc_dag
                0x000000000001b59c                rpl_set_default_instance
                0x000000000001b5a9                rpl_get_default_instance
                0x000000000001b5b3                rpl_free_instance
                0x000000000001b664                rpl_free_dag
                0x000000000001b6ca                rpl_add_parent
                0x000000000001b7b3                rpl_find_parent
                0x000000000001b7e3                rpl_add_child
                0x000000000001b887                rpl_find_child
                0x000000000001b8d5                rpl_find_parent_any_dag
                0x000000000001b911                rpl_select_dag
                0x000000000001bd34                rpl_select_parent
                0x000000000001bd96                rpl_remove_parent
                0x000000000001bdcc                rpl_remove_child
                0x000000000001bde8                rpl_nullify_parent
                0x000000000001be86                rpl_move_parent
                0x000000000001bf23                rpl_has_downward_route
                0x000000000001bf76                rpl_get_any_dag
                0x000000000001bfd8                rpl_get_instance
                0x000000000001c03b                rpl_find_of
                0x000000000001c078                rpl_join_instance
                0x000000000001c314                rpl_add_dag
                0x000000000001c703                rpl_local_repair
                0x000000000001c7dc                rpl_recalculate_ranks
                0x000000000001c862                rpl_process_parent_event
                0x000000000001c914                rpl_process_dio
 .text          0x000000000001ce8b      0xbf3 obj_cooja/mtype644.a(rpl-ext-header.)
                0x000000000001cea8                rpl_verify_header
                0x000000000001d322                rpl_update_header_empty
                0x000000000001d639                rpl_update_header_final
                0x000000000001d7c8                rpl_remove_header
                0x000000000001d8d2                rpl_invert_header
                0x000000000001da5c                rpl_insert_header
 .text          0x000000000001da7e     0x22e1 obj_cooja/mtype644.a(rpl-icmp6.o)
                0x000000000001dd47                rpl_icmp6_update_nbr_table
                0x000000000001de37                dis_output
                0x000000000001e76f                dio_output
                0x000000000001f8ca                dao_output
                0x000000000001f992                dao_output_target
                0x000000000001fd13                dao_ack_output
                0x000000000001fd27                rpl_icmp6_register_handlers
 .text          0x000000000001fd5f      0x3dc obj_cooja/mtype644.a(rpl-ltmax.o)
 .text          0x000000000002013b      0x7b3 obj_cooja/mtype644.a(rpl-timers.o)
                0x0000000000020381                rpl_reset_periodic_timer
                0x00000000000203d6                rpl_reset_dio_timer
                0x0000000000020610                rpl_schedule_dao
                0x000000000002062b                rpl_schedule_dao_immediately
                0x0000000000020646                rpl_cancel_dao
                0x00000000000206a8                rpl_schedule_unicast_dio_immediately
                0x0000000000020896                rpl_schedule_probing
 .text          0x00000000000208ee      0x5e9 obj_cooja/mtype644.a(rpl.o)
                0x00000000000208ee                rpl_get_mode
                0x00000000000208f8                rpl_set_mode
                0x0000000000020986                rpl_purge_routes
                0x0000000000020a80                rpl_remove_routes
                0x0000000000020ac6                rpl_remove_routes_by_nexthop
                0x0000000000020b32                rpl_add_route
                0x0000000000020bad                rpl_link_neighbor_callback
                0x0000000000020cb2                rpl_ipv6_neighbor_callback
                0x0000000000020d21                rpl_purge_dags
                0x0000000000020e2d                rpl_init
 .text          0x0000000000020ed7      0x3f5 obj_cooja/mtype644.a(framer-802154.o)
 .text          0x00000000000212cc       0x5e obj_cooja/mtype644.a(nullmac.o)
 .text          0x000000000002132a      0xf93 obj_cooja/mtype644.a(cxmac.o)
                0x000000000002220d                cxmac_set_announcement_radio_txpower
                0x0000000000022212                cxmac_init
 .text          0x00000000000222bd       0x82 obj_cooja/mtype644.a(linkaddr.o)
                0x00000000000222bd                linkaddr_copy
                0x00000000000222df                linkaddr_cmp
                0x0000000000022309                linkaddr_set_node_addr
                0x0000000000022324                linkaddr_set_node_long_addr
 .text          0x000000000002233f      0x915 obj_cooja/mtype644.a(nbr-table.o)
                0x000000000002233f                long_ip_from_lladdr_map
                0x00000000000223c8                lladdr_map_add_lr
                0x0000000000022485                lladdr_map_rm_lr
                0x000000000002294a                nbr_table_register
                0x0000000000022992                nbr_table_head
                0x00000000000229ee                nbr_table_next
                0x0000000000022a55                nbr_table_add_lladdr
                0x0000000000022b31                nbr_table_get_from_lladdr
                0x0000000000022b7e                nbr_table_remove
                0x0000000000022bd0                nbr_table_lock
                0x0000000000022bfa                nbr_table_unlock
                0x0000000000022c24                nbr_table_get_lladdr
 .text          0x0000000000022c54       0x2b obj_cooja/mtype644.a(netstack.o)
                0x0000000000022c54                netstack_init
 .text          0x0000000000022c7f      0x3cd obj_cooja/mtype644.a(packetbuf.o)
                0x0000000000022c7f                packetbuf_clear
                0x0000000000022ca9                packetbuf_copyfrom
                0x0000000000022cfb                packetbuf_compact
                0x0000000000022d78                packetbuf_copyto
                0x0000000000022e0f                packetbuf_hdralloc
                0x0000000000022e8c                packetbuf_hdrreduce
                0x0000000000022ed4                packetbuf_set_datalen
                0x0000000000022eed                packetbuf_dataptr
                0x0000000000022f0a                packetbuf_hdrptr
                0x0000000000022f14                packetbuf_datalen
                0x0000000000022f20                packetbuf_hdrlen
                0x0000000000022f37                packetbuf_totlen
                0x0000000000022f4d                packetbuf_attr_clear
                0x0000000000022f9f                packetbuf_attr_copyto
                0x0000000000022fe8                packetbuf_attr_copyfrom
                0x0000000000023030                packetbuf_holds_broadcast
 .text          0x000000000002304c      0x2b4 obj_cooja/mtype644.a(queuebuf.o)
                0x0000000000023056                queuebuf_init
                0x0000000000023076                queuebuf_numfree
                0x000000000002308a                queuebuf_new_from_packetbuf
                0x000000000002311a                queuebuf_update_attr_from_packetbuf
                0x000000000002314d                queuebuf_update_from_packetbuf
                0x0000000000023197                queuebuf_free
                0x00000000000231de                queuebuf_to_packetbuf
                0x0000000000023244                queuebuf_dataptr
                0x000000000002327b                queuebuf_datalen
                0x000000000002329e                queuebuf_addr
                0x00000000000232d0                queuebuf_attr
                0x00000000000232fb                queuebuf_debug_print
 .text          0x0000000000023300       0x6e obj_cooja/mtype644.a(nullsec.o)
 .text          0x000000000002336e       0x19 obj_cooja/mtype644.a(watchdog.o)
                0x000000000002336e                watchdog_init
                0x0000000000023373                watchdog_start
                0x0000000000023378                watchdog_periodic
                0x000000000002337d                watchdog_stop
                0x0000000000023382                watchdog_reboot
 .text          0x0000000000023387        0x0 obj_cooja/mtype644.a(rimestats.o)
 .text          0x0000000000023387      0x134 obj_cooja/mtype644.a(leds.o)
                0x00000000000233d8                leds_init
                0x00000000000233ec                leds_blink
                0x0000000000023424                leds_get
                0x0000000000023431                leds_set
                0x000000000002344b                leds_on
                0x000000000002346e                leds_off
                0x0000000000023498                leds_toggle
 .text          0x00000000000234bb       0xa3 obj_cooja/mtype644.a(stimer.o)
                0x00000000000234bb                stimer_set
                0x00000000000234d6                stimer_reset
                0x00000000000234ed                stimer_restart
                0x00000000000234ff                stimer_expired
                0x0000000000023526                stimer_remaining
                0x000000000002354a                stimer_elapsed
 .text          0x000000000002355e      0x1c1 obj_cooja/mtype644.a(memb.o)
                0x000000000002355e                memb_init
                0x00000000000235bc                memb_alloc
                0x0000000000023621                memb_free
                0x000000000002369c                memb_inmemb
                0x00000000000236db                memb_numfree
 .text          0x000000000002371f      0x916 obj_cooja/mtype644.a(uip-ds6-route.o)
                0x0000000000023796                uip_ds6_notification_add
                0x00000000000237c7                uip_ds6_notification_rm
                0x00000000000237e3                uip_ds6_route_init
                0x000000000002386b                uip_ds6_route_nexthop
                0x0000000000023893                uip_ds6_route_head
                0x00000000000238a8                uip_ds6_route_next
                0x00000000000238ce                uip_ds6_route_is_nexthop
                0x000000000002390d                uip_ds6_route_num_routes
                0x0000000000023917                uip_ds6_route_lookup
                0x00000000000239d9                uip_ds6_route_add
                0x0000000000023c0d                uip_ds6_route_rm
                0x0000000000023da1                uip_ds6_route_rm_by_nexthop
                0x0000000000023dd9                uip_ds6_defrt_add
                0x0000000000023e8a                uip_ds6_defrt_rm
                0x0000000000023f09                uip_ds6_defrt_lookup
                0x0000000000023f62                uip_ds6_defrt_choose
                0x0000000000023fcd                uip_ds6_defrt_periodic
 .text          0x0000000000024035      0xab2 obj_cooja/mtype644.a(uip-icmp6.o)
                0x00000000000240a3                uip_icmp6_input
                0x00000000000240f9                uip_icmp6_register_input_handler
                0x00000000000243c1                uip_icmp6_error_output
                0x0000000000024706                uip_icmp6_send
                0x0000000000024a7a                uip_icmp6_echo_reply_callback_add
                0x0000000000024aab                uip_icmp6_echo_reply_callback_rm
                0x0000000000024ac7                uip_icmp6_init
 .text          0x0000000000024ae7      0x358 obj_cooja/mtype644.a(uip-nd6.o)
                0x0000000000024b3b                uip_nd6_ns_output
                0x0000000000024e3a                uip_nd6_init
 .text          0x0000000000024e3f      0x331 obj_cooja/mtype644.a(rpl-nbr-policy.)
                0x0000000000025017                find_removable_dis
                0x000000000002503a                find_removable_dio
                0x00000000000250c9                find_removable_dao
                0x0000000000025119                rpl_nbr_policy_find_removable
 .text          0x0000000000025170      0x97c obj_cooja/mtype644.a(frame802154.o)
                0x00000000000251a1                frame802154_get_pan_id
                0x00000000000251ad                frame802154_set_pan_id
                0x00000000000251c6                frame802154_has_panid
                0x00000000000252b2                frame802154_check_dest_panid
                0x000000000002531a                frame802154_is_broadcast_addr
                0x0000000000025367                frame802154_extract_linkaddr
                0x00000000000255a7                frame802154_hdrlen
                0x00000000000255f8                frame802154_create
                0x00000000000257e3                frame802154_parse
 .text          0x0000000000025aec       0x3c obj_cooja/mtype644.a(mac.o)
                0x0000000000025aec                mac_call_sent_callback
 .text          0x0000000000025b28        0x0 /usr/lib/gcc/i686-linux-gnu/4.8/crtendS.o
 .text          0x0000000000025b28        0x0 /usr/lib/gcc/i686-linux-gnu/4.8/../../../i386-linux-gnu/crtn.o
 *(.gnu.warning)

.fini           0x0000000000025b28       0x14
 *(SORT(.fini))
 .fini          0x0000000000025b28        0xf /usr/lib/gcc/i686-linux-gnu/4.8/../../../i386-linux-gnu/crti.o
                0x0000000000025b28                _fini
 .fini          0x0000000000025b37        0x5 /usr/lib/gcc/i686-linux-gnu/4.8/../../../i386-linux-gnu/crtn.o
                0x0000000000025b3c                PROVIDE (__etext, .)
                0x0000000000025b3c                PROVIDE (_etext, .)
                0x0000000000025b3c                PROVIDE (etext, .)

.rodata         0x0000000000025b40      0x920
 *(.rodata .rodata.* .gnu.linkonce.r.*)
 .rodata        0x0000000000025b40      0x148 udp-server.co
                0x0000000000025b54                autostart_processes
 .rodata        0x0000000000025c88      0x1e6 obj_cooja/mtype644.o
 *fill*         0x0000000000025e6e        0x2 
 .rodata        0x0000000000025e70        0x8 obj_cooja/mtype644.a(beep.o)
                0x0000000000025e70                beep_interface
 .rodata        0x0000000000025e78       0x20 obj_cooja/mtype644.a(button-sensor.o)
                0x0000000000025e78                button_interface
                0x0000000000025e88                button_sensor
 .rodata        0x0000000000025e98        0x8 obj_cooja/mtype644.a(leds-arch.o)
                0x0000000000025e98                leds_interface
 .rodata        0x0000000000025ea0        0x8 obj_cooja/mtype644.a(moteid.o)
                0x0000000000025ea0                moteid_interface
 .rodata        0x0000000000025ea8       0x1c obj_cooja/mtype644.a(pir-sensor.o)
                0x0000000000025ea8                pir_interface
                0x0000000000025eb4                pir_sensor
 .rodata        0x0000000000025ec4        0xe obj_cooja/mtype644.a(rs232.o)
                0x0000000000025ec4                rs232_interface
 *fill*         0x0000000000025ed2        0x2 
 .rodata        0x0000000000025ed4       0x24 obj_cooja/mtype644.a(vib-sensor.o)
                0x0000000000025ed4                vib_interface
                0x0000000000025ee8                vib_sensor
 .rodata        0x0000000000025ef8        0x8 obj_cooja/mtype644.a(clock.o)
                0x0000000000025ef8                clock_interface
 .rodata        0x0000000000025f00        0x8 obj_cooja/mtype644.a(log.o)
                0x0000000000025f00                simlog_interface
 .rodata        0x0000000000025f08       0x2f obj_cooja/mtype644.a(cfs-cooja.o)
                0x0000000000025f08                cfs_interface
 *fill*         0x0000000000025f37        0x9 
 .rodata        0x0000000000025f40       0x60 obj_cooja/mtype644.a(cooja-radio.o)
                0x0000000000025f60                cooja_radio_driver
                0x0000000000025f98                radio_interface
 .rodata        0x0000000000025fa0        0x8 obj_cooja/mtype644.a(eeprom.o)
                0x0000000000025fa0                eeprom_interface
 .rodata        0x0000000000025fa8        0x8 obj_cooja/mtype644.a(sensors.o)
 .rodata        0x0000000000025fb0      0x169 obj_cooja/mtype644.a(dual_conf.o)
 .rodata        0x0000000000026119        0xf obj_cooja/mtype644.a(ctimer.o)
 .rodata        0x0000000000026128        0xc obj_cooja/mtype644.a(etimer.o)
 .rodata        0x0000000000026134       0x73 obj_cooja/mtype644.a(log_message.o)
 *fill*         0x00000000000261a7        0x1 
 .rodata        0x00000000000261a8       0x20 obj_cooja/mtype644.a(residual.o)
 .rodata        0x00000000000261c8        0xe obj_cooja/mtype644.a(serial-line.o)
 *fill*         0x00000000000261d6        0x2 
 .rodata        0x00000000000261d8       0x2c obj_cooja/mtype644.a(sicslowpan.o)
                0x00000000000261d8                unc_llconf
                0x00000000000261dc                unc_ctxconf
                0x00000000000261e0                unc_mxconf
                0x00000000000261e4                llprefix
                0x00000000000261f8                sicslowpan_driver
 .rodata        0x0000000000026204      0x13c obj_cooja/mtype644.a(uip6.o)
 .rodata        0x0000000000026340       0x49 obj_cooja/mtype644.a(tcpip.o)
 .rodata        0x0000000000026389       0x3e obj_cooja/mtype644.a(uip-debug.o)
 *fill*         0x00000000000263c7        0x1 
 .rodata        0x00000000000263c8        0x4 obj_cooja/mtype644.a(rpl-dag.o)
 .rodata        0x00000000000263cc        0xc obj_cooja/mtype644.a(framer-802154.o)
                0x00000000000263cc                framer_802154
 .rodata        0x00000000000263d8       0x24 obj_cooja/mtype644.a(nullmac.o)
                0x00000000000263e0                nullmac_driver
 *fill*         0x00000000000263fc        0x4 
 .rodata        0x0000000000026400       0x40 obj_cooja/mtype644.a(cxmac.o)
                0x0000000000026420                cxmac_driver
 .rodata        0x0000000000026440        0x8 obj_cooja/mtype644.a(linkaddr.o)
                0x0000000000026440                linkaddr_null
 .rodata        0x0000000000026448       0x18 obj_cooja/mtype644.a(nullsec.o)
                0x0000000000026450                nullsec_driver

.rodata1
 *(.rodata1)

.eh_frame_hdr   0x0000000000026460     0x139c
 *(.eh_frame_hdr)
 .eh_frame_hdr  0x0000000000026460     0x139c udp-server.co

.eh_frame       0x00000000000277fc     0x4fb0
 *(.eh_frame)
 .eh_frame      0x00000000000277fc       0x3c /usr/lib/gcc/i686-linux-gnu/4.8/../../../i386-linux-gnu/crti.o
                                         0x40 (size before relaxing)
 .eh_frame      0x0000000000027838       0x68 udp-server.co
                                         0x80 (size before relaxing)
 .eh_frame      0x00000000000278a0      0x148 obj_cooja/mtype644.o
                                        0x160 (size before relaxing)
 .eh_frame      0x00000000000279e8       0x40 obj_cooja/mtype644.a(simEnvChange.o)
                                         0x58 (size before relaxing)
 .eh_frame      0x0000000000027a28       0xc0 obj_cooja/mtype644.a(cooja_mt.o)
                                         0xd8 (size before relaxing)
 .eh_frame      0x0000000000027ae8      0x120 obj_cooja/mtype644.a(cooja_mtarch.o)
                                        0x138 (size before relaxing)
 .eh_frame      0x0000000000027c08       0xc0 obj_cooja/mtype644.a(rtimer-arch.o)
                                         0xd8 (size before relaxing)
 .eh_frame      0x0000000000027cc8      0x160 obj_cooja/mtype644.a(beep.o)
                                        0x178 (size before relaxing)
 .eh_frame      0x0000000000027e28       0xa0 obj_cooja/mtype644.a(button-sensor.o)
                                         0xb8 (size before relaxing)
 .eh_frame      0x0000000000027ec8       0xa0 obj_cooja/mtype644.a(leds-arch.o)
                                         0xb8 (size before relaxing)
 .eh_frame      0x0000000000027f68       0x40 obj_cooja/mtype644.a(moteid.o)
                                         0x58 (size before relaxing)
 .eh_frame      0x0000000000027fa8       0xa0 obj_cooja/mtype644.a(pir-sensor.o)
                                         0xb8 (size before relaxing)
 .eh_frame      0x0000000000028048      0x100 obj_cooja/mtype644.a(rs232.o)
                                        0x118 (size before relaxing)
 .eh_frame      0x0000000000028148       0xa0 obj_cooja/mtype644.a(vib-sensor.o)
                                         0xb8 (size before relaxing)
 .eh_frame      0x00000000000281e8       0xc0 obj_cooja/mtype644.a(clock.o)
                                         0xd8 (size before relaxing)
 .eh_frame      0x00000000000282a8      0x120 obj_cooja/mtype644.a(log.o)
                                        0x138 (size before relaxing)
 .eh_frame      0x00000000000283c8      0x160 obj_cooja/mtype644.a(cfs-cooja.o)
                                        0x178 (size before relaxing)
 .eh_frame      0x0000000000028528      0x2e0 obj_cooja/mtype644.a(cooja-radio.o)
                                        0x2f8 (size before relaxing)
 .eh_frame      0x0000000000028808       0xa0 obj_cooja/mtype644.a(eeprom.o)
                                         0xb8 (size before relaxing)
 .eh_frame      0x00000000000288a8       0x40 obj_cooja/mtype644.a(random.o)
                                         0x58 (size before relaxing)
 .eh_frame      0x00000000000288e8       0xc0 obj_cooja/mtype644.a(sensors.o)
                                         0xd8 (size before relaxing)
 .eh_frame      0x00000000000289a8      0x160 obj_cooja/mtype644.a(dual_conf.o)
                                        0x178 (size before relaxing)
 .eh_frame      0x0000000000028b08       0x40 obj_cooja/mtype644.a(autostart.o)
                                         0x58 (size before relaxing)
 .eh_frame      0x0000000000028b48      0x100 obj_cooja/mtype644.a(ctimer.o)
                                        0x118 (size before relaxing)
 .eh_frame      0x0000000000028c48      0x1e0 obj_cooja/mtype644.a(etimer.o)
                                        0x1f8 (size before relaxing)
 .eh_frame      0x0000000000028e28       0x40 obj_cooja/mtype644.a(log_message.o)
                                         0x58 (size before relaxing)
 .eh_frame      0x0000000000028e68      0x1c8 obj_cooja/mtype644.a(process.o)
                                        0x1e0 (size before relaxing)
 .eh_frame      0x0000000000029030       0x2c obj_cooja/mtype644.a(residual.o)
                                         0x44 (size before relaxing)
 .eh_frame      0x000000000002905c       0x60 obj_cooja/mtype644.a(rtimer.o)
                                         0x78 (size before relaxing)
 .eh_frame      0x00000000000290bc       0xa4 obj_cooja/mtype644.a(timer.o)
                                         0xbc (size before relaxing)
 .eh_frame      0x0000000000029160       0x60 obj_cooja/mtype644.a(serial-line.o)
                                         0x78 (size before relaxing)
 .eh_frame      0x00000000000291c0      0x180 obj_cooja/mtype644.a(list.o)
                                        0x198 (size before relaxing)
 .eh_frame      0x0000000000029340       0xa0 obj_cooja/mtype644.a(ringbuf.o)
                                         0xb8 (size before relaxing)
 .eh_frame      0x00000000000293e0      0x350 obj_cooja/mtype644.a(sicslowpan.o)
                                        0x368 (size before relaxing)
 .eh_frame      0x0000000000029730      0x180 obj_cooja/mtype644.a(uip-ds6-nbr.o)
                                        0x198 (size before relaxing)
 .eh_frame      0x00000000000298b0      0x3c8 obj_cooja/mtype644.a(uip-ds6.o)
                                        0x3e0 (size before relaxing)
 .eh_frame      0x0000000000029c78      0x27c obj_cooja/mtype644.a(uip6.o)
                                        0x294 (size before relaxing)
 .eh_frame      0x0000000000029ef4      0x270 obj_cooja/mtype644.a(tcpip.o)
                                        0x288 (size before relaxing)
 .eh_frame      0x000000000002a164       0x48 obj_cooja/mtype644.a(uip-debug.o)
                                         0x60 (size before relaxing)
 .eh_frame      0x000000000002a1ac       0xe0 obj_cooja/mtype644.a(uip-packetqueue)
                                         0xf8 (size before relaxing)
 .eh_frame      0x000000000002a28c      0x74c obj_cooja/mtype644.a(rpl-dag.o)
                                        0x764 (size before relaxing)
 .eh_frame      0x000000000002a9d8      0x10c obj_cooja/mtype644.a(rpl-ext-header.)
                                        0x124 (size before relaxing)
 .eh_frame      0x000000000002aae4      0x2b8 obj_cooja/mtype644.a(rpl-icmp6.o)
                                        0x2d0 (size before relaxing)
 .eh_frame      0x000000000002ad9c       0xe0 obj_cooja/mtype644.a(rpl-ltmax.o)
                                         0xf8 (size before relaxing)
 .eh_frame      0x000000000002ae7c      0x20c obj_cooja/mtype644.a(rpl-timers.o)
                                        0x224 (size before relaxing)
 .eh_frame      0x000000000002b088      0x148 obj_cooja/mtype644.a(rpl.o)
                                        0x160 (size before relaxing)
 .eh_frame      0x000000000002b1d0      0x108 obj_cooja/mtype644.a(framer-802154.o)
                                        0x120 (size before relaxing)
 .eh_frame      0x000000000002b2d8       0xc0 obj_cooja/mtype644.a(nullmac.o)
                                         0xd8 (size before relaxing)
 .eh_frame      0x000000000002b398      0x2bc obj_cooja/mtype644.a(cxmac.o)
                                        0x2d4 (size before relaxing)
 .eh_frame      0x000000000002b654       0x80 obj_cooja/mtype644.a(linkaddr.o)
                                         0x98 (size before relaxing)
 .eh_frame      0x000000000002b6d4      0x2cc obj_cooja/mtype644.a(nbr-table.o)
                                        0x2e4 (size before relaxing)
 .eh_frame      0x000000000002b9a0       0x20 obj_cooja/mtype644.a(netstack.o)
                                         0x38 (size before relaxing)
 .eh_frame      0x000000000002b9c0      0x214 obj_cooja/mtype644.a(packetbuf.o)
                                        0x22c (size before relaxing)
 .eh_frame      0x000000000002bbd4      0x1a0 obj_cooja/mtype644.a(queuebuf.o)
                                        0x1b8 (size before relaxing)
 .eh_frame      0x000000000002bd74       0x80 obj_cooja/mtype644.a(nullsec.o)
                                         0x98 (size before relaxing)
 .eh_frame      0x000000000002bdf4       0xa0 obj_cooja/mtype644.a(watchdog.o)
                                         0xb8 (size before relaxing)
 .eh_frame      0x000000000002be94      0x100 obj_cooja/mtype644.a(leds.o)
                                        0x118 (size before relaxing)
 .eh_frame      0x000000000002bf94       0xc4 obj_cooja/mtype644.a(stimer.o)
                                         0xdc (size before relaxing)
 .eh_frame      0x000000000002c058       0xa0 obj_cooja/mtype644.a(memb.o)
                                         0xb8 (size before relaxing)
 .eh_frame      0x000000000002c0f8      0x2a0 obj_cooja/mtype644.a(uip-ds6-route.o)
                                        0x2b8 (size before relaxing)
 .eh_frame      0x000000000002c398      0x164 obj_cooja/mtype644.a(uip-icmp6.o)
                                        0x17c (size before relaxing)
 .eh_frame      0x000000000002c4fc       0x68 obj_cooja/mtype644.a(uip-nd6.o)
                                         0x80 (size before relaxing)
 .eh_frame      0x000000000002c564       0xc0 obj_cooja/mtype644.a(rpl-nbr-policy.)
                                         0xd8 (size before relaxing)
 .eh_frame      0x000000000002c624      0x164 obj_cooja/mtype644.a(frame802154.o)
                                        0x17c (size before relaxing)
 .eh_frame      0x000000000002c788       0x20 obj_cooja/mtype644.a(mac.o)
                                         0x38 (size before relaxing)
 .eh_frame      0x000000000002c7a8        0x4 /usr/lib/gcc/i686-linux-gnu/4.8/crtendS.o

.gcc_except_table
 *(.gcc_except_table .gcc_except_table.*)

.exception_ranges
 *(.exception_ranges .exception_ranges*)
                0x000000000002c7ac                . = (ALIGN (0x1000) - ((0x1000 - .) & 0xfff))
                0x000000000002def8                . = DATA_SEGMENT_ALIGN (0x1000, 0x1000)

.eh_frame
 *(.eh_frame)

.gcc_except_table
 *(.gcc_except_table .gcc_except_table.*)

.exception_ranges
 *(.exception_ranges .exception_ranges*)

.tdata
 *(.tdata .tdata.* .gnu.linkonce.td.*)

.tbss
 *(.tbss .tbss.* .gnu.linkonce.tb.*)
 *(.tcommon)

.preinit_array
 *(.preinit_array)

.init_array     0x000000000002def8        0x4
 *(SORT(.init_array.*) SORT(.ctors.*))
 *(.init_array EXCLUDE_FILE(*crtend?.o *crtend.o *crtbegin?.o *crtbegin.o) .ctors)
 .init_array    0x000000000002def8        0x4 /usr/lib/gcc/i686-linux-gnu/4.8/crtbeginS.o

.fini_array     0x000000000002defc        0x4
 *(SORT(.fini_array.*) SORT(.dtors.*))
 *(.fini_array EXCLUDE_FILE(*crtend?.o *crtend.o *crtbegin?.o *crtbegin.o) .dtors)
 .fini_array    0x000000000002defc        0x4 /usr/lib/gcc/i686-linux-gnu/4.8/crtbeginS.o

.ctors
 *crtbegin.o(.ctors)
 *crtbegin?.o(.ctors)
 *(EXCLUDE_FILE(*crtend?.o *crtend.o) .ctors)
 *(SORT(.ctors.*))
 *(.ctors)

.dtors
 *crtbegin.o(.dtors)
 *crtbegin?.o(.dtors)
 *(EXCLUDE_FILE(*crtend?.o *crtend.o) .dtors)
 *(SORT(.dtors.*))
 *(.dtors)

.jcr            0x000000000002df00        0x4
 *(.jcr)
 .jcr           0x000000000002df00        0x0 /usr/lib/gcc/i686-linux-gnu/4.8/crtbeginS.o
 .jcr           0x000000000002df00        0x4 /usr/lib/gcc/i686-linux-gnu/4.8/crtendS.o

.data.rel.ro
 *(.data.rel.ro.local* .gnu.linkonce.d.rel.ro.local.*)
 *(.data.rel.ro .data.rel.ro.* .gnu.linkonce.d.rel.ro.*)

.dynamic        0x000000000002df04       0xe8
 *(.dynamic)
 .dynamic       0x000000000002df04       0xe8 /usr/lib/gcc/i686-linux-gnu/4.8/../../../i386-linux-gnu/crti.o
                0x000000000002df04                _DYNAMIC

.got            0x000000000002dfec       0x14
 *(.got)
 .got           0x000000000002dfec       0x14 /usr/lib/gcc/i686-linux-gnu/4.8/../../../i386-linux-gnu/crti.o
 *(.igot)
                0x000000000002eff4                . = DATA_SEGMENT_RELRO_END (., (SIZEOF (.got.plt) >= 0xc)?0xc:0x0)

.got.plt        0x000000000002e000       0x14
 *(.got.plt)
 .got.plt       0x000000000002e000       0x14 /usr/lib/gcc/i686-linux-gnu/4.8/../../../i386-linux-gnu/crti.o
                0x000000000002e000                _GLOBAL_OFFSET_TABLE_
 *(.igot.plt)

.data           0x000000000002e020      0x27a
 *(.data .data.* .gnu.linkonce.d.*)
 .data          0x000000000002e020        0x0 /usr/lib/gcc/i686-linux-gnu/4.8/../../../i386-linux-gnu/crti.o
 .data          0x000000000002e020        0x0 /usr/lib/gcc/i686-linux-gnu/4.8/crtbeginS.o
 .data.rel      0x000000000002e020        0x4 /usr/lib/gcc/i686-linux-gnu/4.8/crtbeginS.o
                0x000000000002e020                __dso_handle
 .data          0x000000000002e024       0x10 udp-server.co
                0x000000000002e024                udp_server_process
 *fill*         0x000000000002e034        0xc 
 .data          0x000000000002e040       0x44 obj_cooja/mtype644.o
                0x000000000002e040                simInterfaces
                0x000000000002e074                sensors
 .data          0x000000000002e084        0x0 obj_cooja/mtype644.a(simEnvChange.o)
 .data          0x000000000002e084        0x0 obj_cooja/mtype644.a(cooja_mt.o)
 .data          0x000000000002e084        0x0 obj_cooja/mtype644.a(cooja_mtarch.o)
 .data          0x000000000002e084        0x0 obj_cooja/mtype644.a(rtimer-arch.o)
 .data          0x000000000002e084        0x0 obj_cooja/mtype644.a(beep.o)
 .data          0x000000000002e084        0x0 obj_cooja/mtype644.a(button-sensor.o)
 .data          0x000000000002e084        0x0 obj_cooja/mtype644.a(leds-arch.o)
 .data          0x000000000002e084        0x0 obj_cooja/mtype644.a(moteid.o)
 .data          0x000000000002e084        0x0 obj_cooja/mtype644.a(pir-sensor.o)
 .data          0x000000000002e084        0x0 obj_cooja/mtype644.a(rs232.o)
 .data          0x000000000002e084        0x0 obj_cooja/mtype644.a(vib-sensor.o)
 .data          0x000000000002e084        0x0 obj_cooja/mtype644.a(clock.o)
 .data          0x000000000002e084        0x0 obj_cooja/mtype644.a(log.o)
 .data          0x000000000002e084        0x0 obj_cooja/mtype644.a(cfs-cooja.o)
 .data          0x000000000002e084       0x40 obj_cooja/mtype644.a(cooja-radio.o)
                0x000000000002e084                simRadioChannelLR
                0x000000000002e088                simRadioHWOnLR
                0x000000000002e08c                simSignalStrengthLR
                0x000000000002e090                simLastSignalStrengthLR
                0x000000000002e094                simPowerLR
                0x000000000002e098                simLQILR
                0x000000000002e09c                simRadioChannel
                0x000000000002e0a0                simRadioHWOn
                0x000000000002e0a4                simSignalStrength
                0x000000000002e0a8                simLastSignalStrength
                0x000000000002e0ac                simPower
                0x000000000002e0b0                simLQI
                0x000000000002e0b4                cooja_radio_process
 .data          0x000000000002e0c4        0x0 obj_cooja/mtype644.a(eeprom.o)
 .data          0x000000000002e0c4        0x0 obj_cooja/mtype644.a(random.o)
 .data          0x000000000002e0c4       0x10 obj_cooja/mtype644.a(sensors.o)
                0x000000000002e0c4                sensors_process
 .data          0x000000000002e0d4       0x28 obj_cooja/mtype644.a(dual_conf.o)
                0x000000000002e0d4                radio_received
                0x000000000002e0d8                dual_dio_broadcast
                0x000000000002e0e8                dual_dis_broadcast
 .data          0x000000000002e0fc        0x0 obj_cooja/mtype644.a(autostart.o)
 .data          0x000000000002e0fc       0x14 obj_cooja/mtype644.a(ctimer.o)
                0x000000000002e100                ctimer_process
 .data          0x000000000002e110       0x10 obj_cooja/mtype644.a(etimer.o)
                0x000000000002e110                etimer_process
 .data          0x000000000002e120        0x0 obj_cooja/mtype644.a(log_message.o)
 .data          0x000000000002e120        0x0 obj_cooja/mtype644.a(process.o)
 .data          0x000000000002e120        0x0 obj_cooja/mtype644.a(residual.o)
 .data          0x000000000002e120        0x0 obj_cooja/mtype644.a(rtimer.o)
 .data          0x000000000002e120        0x0 obj_cooja/mtype644.a(timer.o)
 .data          0x000000000002e120       0x10 obj_cooja/mtype644.a(serial-line.o)
                0x000000000002e120                serial_line_process
 .data          0x000000000002e130        0x0 obj_cooja/mtype644.a(list.o)
 .data          0x000000000002e130        0x0 obj_cooja/mtype644.a(ringbuf.o)
 .data          0x000000000002e130        0x0 obj_cooja/mtype644.a(sicslowpan.o)
 .data          0x000000000002e130       0x14 obj_cooja/mtype644.a(uip-ds6-nbr.o)
                0x000000000002e140                ds6_neighbors
 .data          0x000000000002e144        0x0 obj_cooja/mtype644.a(uip-ds6.o)
 .data          0x000000000002e144        0x0 obj_cooja/mtype644.a(uip6.o)
 .data          0x000000000002e144       0x10 obj_cooja/mtype644.a(tcpip.o)
                0x000000000002e144                tcpip_process
 .data          0x000000000002e154        0x0 obj_cooja/mtype644.a(uip-debug.o)
 .data          0x000000000002e154        0xc obj_cooja/mtype644.a(uip-packetqueue)
 .data          0x000000000002e160       0x28 obj_cooja/mtype644.a(rpl-dag.o)
                0x000000000002e170                rpl_parents
                0x000000000002e184                rpl_children
 .data          0x000000000002e188        0x0 obj_cooja/mtype644.a(rpl-ext-header.)
 .data          0x000000000002e188       0x34 obj_cooja/mtype644.a(rpl-icmp6.o)
 .data          0x000000000002e1bc       0x1c obj_cooja/mtype644.a(rpl-ltmax.o)
                0x000000000002e1bc                rpl_ltmax_of
 .data          0x000000000002e1d8        0x0 obj_cooja/mtype644.a(rpl-timers.o)
 .data          0x000000000002e1d8        0x0 obj_cooja/mtype644.a(rpl.o)
 .data          0x000000000002e1d8        0x0 obj_cooja/mtype644.a(framer-802154.o)
 .data          0x000000000002e1d8        0x0 obj_cooja/mtype644.a(nullmac.o)
 .data          0x000000000002e1d8       0x30 obj_cooja/mtype644.a(cxmac.o)
                0x000000000002e1d8                cxmac_config
                0x000000000002e1e8                strobe_wait
 .data          0x000000000002e208        0x0 obj_cooja/mtype644.a(linkaddr.o)
 .data          0x000000000002e208       0x10 obj_cooja/mtype644.a(nbr-table.o)
 .data          0x000000000002e218        0x0 obj_cooja/mtype644.a(netstack.o)
 .data          0x000000000002e218        0x4 obj_cooja/mtype644.a(packetbuf.o)
 .data          0x000000000002e21c       0x18 obj_cooja/mtype644.a(queuebuf.o)
 .data          0x000000000002e234        0x0 obj_cooja/mtype644.a(nullsec.o)
 .data          0x000000000002e234        0x0 obj_cooja/mtype644.a(watchdog.o)
 .data          0x000000000002e234        0x0 obj_cooja/mtype644.a(rimestats.o)
 .data          0x000000000002e234        0x0 obj_cooja/mtype644.a(leds.o)
 .data          0x000000000002e234        0x0 obj_cooja/mtype644.a(stimer.o)
 .data          0x000000000002e234        0x0 obj_cooja/mtype644.a(memb.o)
 .data          0x000000000002e234       0x44 obj_cooja/mtype644.a(uip-ds6-route.o)
                0x000000000002e244                nbr_routes
 .data          0x000000000002e278       0x20 obj_cooja/mtype644.a(uip-icmp6.o)
 .data          0x000000000002e298        0x0 obj_cooja/mtype644.a(uip-nd6.o)
 .data          0x000000000002e298        0x0 obj_cooja/mtype644.a(rpl-nbr-policy.)
 .data          0x000000000002e298        0x2 obj_cooja/mtype644.a(frame802154.o)
 .data          0x000000000002e29a        0x0 obj_cooja/mtype644.a(mac.o)
 .data          0x000000000002e29a        0x0 /usr/lib/gcc/i686-linux-gnu/4.8/crtendS.o
 .data          0x000000000002e29a        0x0 /usr/lib/gcc/i686-linux-gnu/4.8/../../../i386-linux-gnu/crtn.o

.tm_clone_table
                0x000000000002e29c        0x0
 .tm_clone_table
                0x000000000002e29c        0x0 /usr/lib/gcc/i686-linux-gnu/4.8/crtbeginS.o
 .tm_clone_table
                0x000000000002e29c        0x0 /usr/lib/gcc/i686-linux-gnu/4.8/crtendS.o

.data1
 *(.data1)
                0x000000000002e29c                _edata = .
                0x000000000002e29c                PROVIDE (edata, .)
                0x000000000002e29c                . = .
                0x000000000002e29c                __bss_start = .

.bss            0x000000000002e2a0     0x82a8
 *(.dynbss)
 .dynbss        0x0000000000000000        0x0 /usr/lib/gcc/i686-linux-gnu/4.8/../../../i386-linux-gnu/crti.o
 *(.bss .bss.* .gnu.linkonce.b.*)
 .bss           0x000000000002e2a0        0x0 /usr/lib/gcc/i686-linux-gnu/4.8/../../../i386-linux-gnu/crti.o
 .bss           0x000000000002e2a0        0x1 /usr/lib/gcc/i686-linux-gnu/4.8/crtbeginS.o
 *fill*         0x000000000002e2a1        0x3 
 .bss           0x000000000002e2a4        0x8 udp-server.co
                0x000000000002e2a4                my_weight
 *fill*         0x000000000002e2ac       0x14 
 .bss           0x000000000002e2c0     0x2030 obj_cooja/mtype644.o
 .bss           0x00000000000302f0        0x1 obj_cooja/mtype644.a(simEnvChange.o)
                0x00000000000302f0                simDontFallAsleep
 *fill*         0x00000000000302f1        0x3 
 .bss           0x00000000000302f4        0x4 obj_cooja/mtype644.a(cooja_mt.o)
 .bss           0x00000000000302f8        0x4 obj_cooja/mtype644.a(cooja_mtarch.o)
 .bss           0x00000000000302fc        0xc obj_cooja/mtype644.a(rtimer-arch.o)
 .bss           0x0000000000030308        0x0 obj_cooja/mtype644.a(beep.o)
 .bss           0x0000000000030308        0x8 obj_cooja/mtype644.a(button-sensor.o)
 .bss           0x0000000000030310        0x0 obj_cooja/mtype644.a(leds-arch.o)
 .bss           0x0000000000030310        0x0 obj_cooja/mtype644.a(moteid.o)
 .bss           0x0000000000030310        0x1 obj_cooja/mtype644.a(pir-sensor.o)
                0x0000000000030310                simPirValue
 *fill*         0x0000000000030311        0x3 
 .bss           0x0000000000030314        0x4 obj_cooja/mtype644.a(rs232.o)
 .bss           0x0000000000030318        0x1 obj_cooja/mtype644.a(vib-sensor.o)
                0x0000000000030318                simVibValue
 .bss           0x0000000000030319        0x0 obj_cooja/mtype644.a(clock.o)
 *fill*         0x0000000000030319        0x7 
 .bss           0x0000000000030320      0x420 obj_cooja/mtype644.a(log.o)
 .bss           0x0000000000030740      0xfc0 obj_cooja/mtype644.a(cfs-cooja.o)
                0x0000000000030740                simCFSData
                0x00000000000316e0                simCFSSize
                0x00000000000316e4                simCFSChanged
                0x00000000000316e8                simCFSRead
                0x00000000000316ec                simCFSWritten
 .bss           0x0000000000031700       0x24 obj_cooja/mtype644.a(cooja-radio.o)
                0x0000000000031700                simReceivingLR
                0x0000000000031704                simInSizeLR
                0x0000000000031708                simOutSizeLR
                0x000000000003170c                simReceiving
                0x0000000000031710                simInSize
                0x0000000000031714                simOutSize
                0x0000000000031718                LongRangeTransmit
                0x000000000003171c                LongRangeReceiving
 .bss           0x0000000000031724        0xc obj_cooja/mtype644.a(eeprom.o)
                0x0000000000031724                simEEPROMChanged
                0x0000000000031728                simEEPROMRead
                0x000000000003172c                simEEPROMWritten
 .bss           0x0000000000031730        0x0 obj_cooja/mtype644.a(random.o)
 .bss           0x0000000000031730        0xc obj_cooja/mtype644.a(sensors.o)
 .bss           0x000000000003173c       0x28 obj_cooja/mtype644.a(dual_conf.o)
                0x000000000003173c                long_range_radio
 .bss           0x0000000000031764        0x0 obj_cooja/mtype644.a(autostart.o)
 .bss           0x0000000000031764        0x5 obj_cooja/mtype644.a(ctimer.o)
 *fill*         0x0000000000031769        0x3 
 .bss           0x000000000003176c        0x8 obj_cooja/mtype644.a(etimer.o)
 .bss           0x0000000000031774        0x0 obj_cooja/mtype644.a(log_message.o)
 *fill*         0x0000000000031774        0xc 
 .bss           0x0000000000031780      0x1b1 obj_cooja/mtype644.a(process.o)
                0x0000000000031780                process_list
                0x0000000000031784                process_current
 .bss           0x0000000000031931        0x0 obj_cooja/mtype644.a(residual.o)
 *fill*         0x0000000000031931        0x3 
 .bss           0x0000000000031934        0x4 obj_cooja/mtype644.a(rtimer.o)
 .bss           0x0000000000031938        0x0 obj_cooja/mtype644.a(timer.o)
 *fill*         0x0000000000031938        0x8 
 .bss           0x0000000000031940      0x140 obj_cooja/mtype644.a(serial-line.o)
 .bss           0x0000000000031a80        0x0 obj_cooja/mtype644.a(list.o)
 .bss           0x0000000000031a80        0x0 obj_cooja/mtype644.a(ringbuf.o)
 .bss           0x0000000000031a80      0x70c obj_cooja/mtype644.a(sicslowpan.o)
 *fill*         0x000000000003218c       0x14 
 .bss           0x00000000000321a0       0xc0 obj_cooja/mtype644.a(uip-ds6-nbr.o)
 .bss           0x0000000000032260       0x30 obj_cooja/mtype644.a(uip-ds6.o)
 .bss           0x0000000000032290        0xe obj_cooja/mtype644.a(uip6.o)
                0x0000000000032290                uip_ext_bitmap
                0x0000000000032291                uip_ext_len
                0x0000000000032292                uip_ext_opt_offset
 *fill*         0x000000000003229e        0x2 
 .bss           0x00000000000322a0       0x6b obj_cooja/mtype644.a(tcpip.o)
 .bss           0x000000000003230b        0x0 obj_cooja/mtype644.a(uip-debug.o)
 *fill*         0x000000000003230b       0x15 
 .bss           0x0000000000032320      0xcf8 obj_cooja/mtype644.a(uip-packetqueue)
 *fill*         0x0000000000033018        0x8 
 .bss           0x0000000000033020       0x88 obj_cooja/mtype644.a(rpl-dag.o)
 .bss           0x00000000000330a8        0x0 obj_cooja/mtype644.a(rpl-ext-header.)
 .bss           0x00000000000330a8        0x0 obj_cooja/mtype644.a(rpl-icmp6.o)
 .bss           0x00000000000330a8        0x0 obj_cooja/mtype644.a(rpl-ltmax.o)
 *fill*         0x00000000000330a8       0x18 
 .bss           0x00000000000330c0       0x23 obj_cooja/mtype644.a(rpl-timers.o)
 *fill*         0x00000000000330e3        0x1 
 .bss           0x00000000000330e4        0x4 obj_cooja/mtype644.a(rpl.o)
 .bss           0x00000000000330e8        0x2 obj_cooja/mtype644.a(framer-802154.o)
 .bss           0x00000000000330ea        0x0 obj_cooja/mtype644.a(nullmac.o)
 *fill*         0x00000000000330ea       0x16 
 .bss           0x0000000000033100       0xb0 obj_cooja/mtype644.a(cxmac.o)
 .bss           0x00000000000331b0        0x0 obj_cooja/mtype644.a(linkaddr.o)
 *fill*         0x00000000000331b0       0x10 
 .bss           0x00000000000331c0       0xc4 obj_cooja/mtype644.a(nbr-table.o)
 .bss           0x0000000000033284        0x0 obj_cooja/mtype644.a(netstack.o)
 *fill*         0x0000000000033284       0x1c 
 .bss           0x00000000000332a0       0xa0 obj_cooja/mtype644.a(packetbuf.o)
 .bss           0x0000000000033340      0xb80 obj_cooja/mtype644.a(queuebuf.o)
 .bss           0x0000000000033ec0        0x0 obj_cooja/mtype644.a(nullsec.o)
 .bss           0x0000000000033ec0        0x0 obj_cooja/mtype644.a(watchdog.o)
 .bss           0x0000000000033ec0        0x0 obj_cooja/mtype644.a(rimestats.o)
 .bss           0x0000000000033ec0        0x1 obj_cooja/mtype644.a(leds.o)
 .bss           0x0000000000033ec1        0x0 obj_cooja/mtype644.a(stimer.o)
 .bss           0x0000000000033ec1        0x0 obj_cooja/mtype644.a(memb.o)
 *fill*         0x0000000000033ec1       0x1f 
 .bss           0x0000000000033ee0      0x4a8 obj_cooja/mtype644.a(uip-ds6-route.o)
 .bss           0x0000000000034388       0x18 obj_cooja/mtype644.a(uip-icmp6.o)
 .bss           0x00000000000343a0        0x0 obj_cooja/mtype644.a(uip-nd6.o)
 .bss           0x00000000000343a0       0x44 obj_cooja/mtype644.a(rpl-nbr-policy.)
 .bss           0x00000000000343e4        0x0 obj_cooja/mtype644.a(frame802154.o)
 .bss           0x00000000000343e4        0x0 obj_cooja/mtype644.a(mac.o)
 .bss           0x00000000000343e4        0x0 /usr/lib/gcc/i686-linux-gnu/4.8/crtendS.o
 .bss           0x00000000000343e4        0x0 /usr/lib/gcc/i686-linux-gnu/4.8/../../../i386-linux-gnu/crtn.o
 *(COMMON)
 COMMON         0x00000000000343e4        0x2 udp-server.co
                0x00000000000343e4                my_sink_reachability
                0x00000000000343e5                my_parent_number
 *fill*         0x00000000000343e6        0x2 
 COMMON         0x00000000000343e8       0x4c obj_cooja/mtype644.o
                0x00000000000343e8                dio_count
                0x00000000000343ec                dis_count
                0x00000000000343f0                collision_count
                0x00000000000343f4                transmission_count
                0x00000000000343f8                COOJA_radioRxLong
                0x00000000000343fc                control_message_count
                0x0000000000034400                dao_count
                0x0000000000034404                COOJA_radioTx
                0x0000000000034408                referenceVar
                0x000000000003440c                data_relay_count
                0x0000000000034410                data_message_count
                0x0000000000034414                COOJA_radioTxLong
                0x0000000000034418                COOJA_radioRx
                0x000000000003441c                debugfp
                0x0000000000034420                COOJA_radioOn
                0x0000000000034424                COOJA_duration
                0x0000000000034428                dio_ack_count
                0x000000000003442c                COOJA_radioOnLong
                0x0000000000034430                sensors_flags
 COMMON         0x0000000000034434        0xc obj_cooja/mtype644.a(simEnvChange.o)
                0x0000000000034434                simEtimerPending
                0x0000000000034438                simProcessRunValue
                0x000000000003443c                simNextExpirationTime
 COMMON         0x0000000000034440        0x1 obj_cooja/mtype644.a(beep.o)
                0x0000000000034440                simBeeped
 COMMON         0x0000000000034441        0x3 obj_cooja/mtype644.a(button-sensor.o)
                0x0000000000034441                simButtonIsActive
                0x0000000000034442                simButtonIsDown
                0x0000000000034443                simButtonChanged
 COMMON         0x0000000000034444        0x1 obj_cooja/mtype644.a(leds-arch.o)
                0x0000000000034444                simLedsValue
 *fill*         0x0000000000034445        0x3 
 COMMON         0x0000000000034448        0xc obj_cooja/mtype644.a(moteid.o)
                0x0000000000034448                simRandomSeed
                0x000000000003444c                simMoteIDChanged
                0x0000000000034450                simMoteID
 COMMON         0x0000000000034454        0x2 obj_cooja/mtype644.a(pir-sensor.o)
                0x0000000000034454                simPirIsActive
                0x0000000000034455                simPirChanged
 *fill*         0x0000000000034456        0xa 
 COMMON         0x0000000000034460      0x820 obj_cooja/mtype644.a(rs232.o)
                0x0000000000034460                simSerialReceivingFlag
                0x0000000000034464                simSerialReceivingLength
                0x0000000000034480                simSerialReceivingData
 COMMON         0x0000000000034c80        0x2 obj_cooja/mtype644.a(vib-sensor.o)
                0x0000000000034c80                simVibChanged
                0x0000000000034c81                simVibIsActive
 *fill*         0x0000000000034c82        0x2 
 COMMON         0x0000000000034c84        0x4 obj_cooja/mtype644.a(clock.o)
                0x0000000000034c84                simCurrentTime
 *fill*         0x0000000000034c88       0x18 
 COMMON         0x0000000000034ca0      0x420 obj_cooja/mtype644.a(log.o)
                0x0000000000034ca0                simLoggedLength
                0x0000000000034ca4                simLoggedFlag
                0x0000000000034cc0                simLoggedData
 COMMON         0x00000000000350c0      0x240 obj_cooja/mtype644.a(cooja-radio.o)
                0x00000000000350c0                simOutDataBuffer
                0x0000000000035140                simRadioTarget
                0x0000000000035160                simInDataBufferLR
                0x00000000000351e0                simOutDataBufferLR
                0x0000000000035260                dual_duty_cycle_count
                0x0000000000035280                simInDataBuffer
 COMMON         0x0000000000035300      0x400 obj_cooja/mtype644.a(eeprom.o)
                0x0000000000035300                simEEPROMData
 COMMON         0x0000000000035700        0x1 obj_cooja/mtype644.a(sensors.o)
                0x0000000000035700                sensors_event
 *fill*         0x0000000000035701        0x3 
 COMMON         0x0000000000035704        0x4 obj_cooja/mtype644.a(log_message.o)
                0x0000000000035704                log_fp
 COMMON         0x0000000000035708        0x1 obj_cooja/mtype644.a(serial-line.o)
                0x0000000000035708                serial_line_event_message
 *fill*         0x0000000000035709       0x17 
 COMMON         0x0000000000035720       0x50 obj_cooja/mtype644.a(uip-ds6-nbr.o)
                0x0000000000035720                ds6_lr_addrmap
 *fill*         0x0000000000035770       0x10 
 COMMON         0x0000000000035780      0x298 obj_cooja/mtype644.a(uip-ds6.o)
                0x0000000000035780                uip_ds6_prefix_list
                0x00000000000357e0                uip_ds6_timer_periodic
                0x00000000000357f0                uip_ds6_netif_addr_list_offset
                0x0000000000035800                uip_ds6_if
                0x00000000000358f8                uip_ds6_timer_ra
                0x0000000000035900                uip_ds6_addr_size
                0x0000000000035920                long_uip_ds6_if
 *fill*         0x0000000000035a18        0x8 
 COMMON         0x0000000000035a20      0x8ec obj_cooja/mtype644.a(uip6.o)
                0x0000000000035a20                uip_slen
                0x0000000000035a22                uip_acc32
                0x0000000000035a40                uip_conns
                0x0000000000035b00                uip_lladdr
                0x0000000000035b08                uip_appdata
                0x0000000000035b0c                uip_flags
                0x0000000000035b20                uip_aligned_buf
                0x0000000000036160                uip_listenports
                0x0000000000036170                uip_len
                0x0000000000036172                uip_long_lladdr
                0x000000000003617c                uip_sappdata
                0x0000000000036180                uip_udp_conns
                0x0000000000036300                uip_udp_conn
                0x0000000000036304                uip_next_hdr
                0x0000000000036308                uip_conn
 COMMON         0x000000000003630c        0x1 obj_cooja/mtype644.a(tcpip.o)
                0x000000000003630c                tcpip_event
 *fill*         0x000000000003630d       0x13 
 COMMON         0x0000000000036320      0x198 obj_cooja/mtype644.a(rpl-dag.o)
                0x0000000000036320                default_instance
                0x0000000000036340                instance_table
 COMMON         0x00000000000364b8       0x10 obj_cooja/mtype644.a(linkaddr.o)
                0x00000000000364b8                linkaddr_node_addr
                0x00000000000364c0                long_linkaddr_node_addr
 COMMON         0x00000000000364c8       0x2e obj_cooja/mtype644.a(packetbuf.o)
                0x00000000000364c8                packetbuf_attrs
                0x00000000000364e6                packetbuf_addrs
 *fill*         0x00000000000364f6        0xa 
 COMMON         0x0000000000036500       0x48 obj_cooja/mtype644.a(rimestats.o)
                0x0000000000036500                rimestats
                0x0000000000036548                . = ALIGN ((. != 0x0)?0x4:0x1)
                0x0000000000036548                . = ALIGN (0x4)
                0x0000000000036548                . = SEGMENT_START ("ldata-segment", .)
                0x0000000000036548                . = ALIGN (0x4)
                0x0000000000036548                _end = .
                0x0000000000036548                PROVIDE (end, .)
                0x0000000000036548                . = DATA_SEGMENT_END (.)

.stab
 *(.stab)

.stabstr
 *(.stabstr)

.stab.excl
 *(.stab.excl)

.stab.exclstr
 *(.stab.exclstr)

.stab.index
 *(.stab.index)

.stab.indexstr
 *(.stab.indexstr)

.comment        0x0000000000000000       0x29
 *(.comment)
 .comment       0x0000000000000000       0x29 /usr/lib/gcc/i686-linux-gnu/4.8/crtbeginS.o
                                         0x2a (size before relaxing)
 .comment       0x0000000000000000       0x2a udp-server.co
 .comment       0x0000000000000000       0x2a obj_cooja/mtype644.o
 .comment       0x0000000000000000       0x2a obj_cooja/mtype644.a(simEnvChange.o)
 .comment       0x0000000000000000       0x2a obj_cooja/mtype644.a(cooja_mt.o)
 .comment       0x0000000000000000       0x2a obj_cooja/mtype644.a(cooja_mtarch.o)
 .comment       0x0000000000000000       0x2a obj_cooja/mtype644.a(rtimer-arch.o)
 .comment       0x0000000000000000       0x2a obj_cooja/mtype644.a(beep.o)
 .comment       0x0000000000000000       0x2a obj_cooja/mtype644.a(button-sensor.o)
 .comment       0x0000000000000000       0x2a obj_cooja/mtype644.a(leds-arch.o)
 .comment       0x0000000000000000       0x2a obj_cooja/mtype644.a(moteid.o)
 .comment       0x0000000000000000       0x2a obj_cooja/mtype644.a(pir-sensor.o)
 .comment       0x0000000000000000       0x2a obj_cooja/mtype644.a(rs232.o)
 .comment       0x0000000000000000       0x2a obj_cooja/mtype644.a(vib-sensor.o)
 .comment       0x0000000000000000       0x2a obj_cooja/mtype644.a(clock.o)
 .comment       0x0000000000000000       0x2a obj_cooja/mtype644.a(log.o)
 .comment       0x0000000000000000       0x2a obj_cooja/mtype644.a(cfs-cooja.o)
 .comment       0x0000000000000000       0x2a obj_cooja/mtype644.a(cooja-radio.o)
 .comment       0x0000000000000000       0x2a obj_cooja/mtype644.a(eeprom.o)
 .comment       0x0000000000000000       0x2a obj_cooja/mtype644.a(random.o)
 .comment       0x0000000000000000       0x2a obj_cooja/mtype644.a(sensors.o)
 .comment       0x0000000000000000       0x2a obj_cooja/mtype644.a(dual_conf.o)
 .comment       0x0000000000000000       0x2a obj_cooja/mtype644.a(autostart.o)
 .comment       0x0000000000000000       0x2a obj_cooja/mtype644.a(ctimer.o)
 .comment       0x0000000000000000       0x2a obj_cooja/mtype644.a(etimer.o)
 .comment       0x0000000000000000       0x2a obj_cooja/mtype644.a(log_message.o)
 .comment       0x0000000000000000       0x2a obj_cooja/mtype644.a(process.o)
 .comment       0x0000000000000000       0x2a obj_cooja/mtype644.a(residual.o)
 .comment       0x0000000000000000       0x2a obj_cooja/mtype644.a(rtimer.o)
 .comment       0x0000000000000000       0x2a obj_cooja/mtype644.a(timer.o)
 .comment       0x0000000000000000       0x2a obj_cooja/mtype644.a(serial-line.o)
 .comment       0x0000000000000000       0x2a obj_cooja/mtype644.a(list.o)
 .comment       0x0000000000000000       0x2a obj_cooja/mtype644.a(ringbuf.o)
 .comment       0x0000000000000000       0x2a obj_cooja/mtype644.a(sicslowpan.o)
 .comment       0x0000000000000000       0x2a obj_cooja/mtype644.a(uip-ds6-nbr.o)
 .comment       0x0000000000000000       0x2a obj_cooja/mtype644.a(uip-ds6.o)
 .comment       0x0000000000000000       0x2a obj_cooja/mtype644.a(uip6.o)
 .comment       0x0000000000000000       0x2a obj_cooja/mtype644.a(tcpip.o)
 .comment       0x0000000000000000       0x2a obj_cooja/mtype644.a(uip-debug.o)
 .comment       0x0000000000000000       0x2a obj_cooja/mtype644.a(uip-packetqueue)
 .comment       0x0000000000000000       0x2a obj_cooja/mtype644.a(rpl-dag.o)
 .comment       0x0000000000000000       0x2a obj_cooja/mtype644.a(rpl-ext-header.)
 .comment       0x0000000000000000       0x2a obj_cooja/mtype644.a(rpl-icmp6.o)
 .comment       0x0000000000000000       0x2a obj_cooja/mtype644.a(rpl-ltmax.o)
 .comment       0x0000000000000000       0x2a obj_cooja/mtype644.a(rpl-timers.o)
 .comment       0x0000000000000000       0x2a obj_cooja/mtype644.a(rpl.o)
 .comment       0x0000000000000000       0x2a obj_cooja/mtype644.a(framer-802154.o)
 .comment       0x0000000000000000       0x2a obj_cooja/mtype644.a(nullmac.o)
 .comment       0x0000000000000000       0x2a obj_cooja/mtype644.a(cxmac.o)
 .comment       0x0000000000000000       0x2a obj_cooja/mtype644.a(linkaddr.o)
 .comment       0x0000000000000000       0x2a obj_cooja/mtype644.a(nbr-table.o)
 .comment       0x0000000000000000       0x2a obj_cooja/mtype644.a(netstack.o)
 .comment       0x0000000000000000       0x2a obj_cooja/mtype644.a(packetbuf.o)
 .comment       0x0000000000000000       0x2a obj_cooja/mtype644.a(queuebuf.o)
 .comment       0x0000000000000000       0x2a obj_cooja/mtype644.a(nullsec.o)
 .comment       0x0000000000000000       0x2a obj_cooja/mtype644.a(watchdog.o)
 .comment       0x0000000000000000       0x2a obj_cooja/mtype644.a(rimestats.o)
 .comment       0x0000000000000000       0x2a obj_cooja/mtype644.a(leds.o)
 .comment       0x0000000000000000       0x2a obj_cooja/mtype644.a(stimer.o)
 .comment       0x0000000000000000       0x2a obj_cooja/mtype644.a(memb.o)
 .comment       0x0000000000000000       0x2a obj_cooja/mtype644.a(uip-ds6-route.o)
 .comment       0x0000000000000000       0x2a obj_cooja/mtype644.a(uip-icmp6.o)
 .comment       0x0000000000000000       0x2a obj_cooja/mtype644.a(uip-nd6.o)
 .comment       0x0000000000000000       0x2a obj_cooja/mtype644.a(rpl-nbr-policy.)
 .comment       0x0000000000000000       0x2a obj_cooja/mtype644.a(frame802154.o)
 .comment       0x0000000000000000       0x2a obj_cooja/mtype644.a(mac.o)
 .comment       0x0000000000000000       0x2a /usr/lib/gcc/i686-linux-gnu/4.8/crtendS.o

.debug
 *(.debug)

.line
 *(.line)

.debug_srcinfo
 *(.debug_srcinfo)

.debug_sfnames
 *(.debug_sfnames)

.debug_aranges  0x0000000000000000      0x818
 *(.debug_aranges)
 .debug_aranges
                0x0000000000000000       0x20 udp-server.co
 .debug_aranges
                0x0000000000000020       0x20 obj_cooja/mtype644.o
 .debug_aranges
                0x0000000000000040       0x20 obj_cooja/mtype644.a(simEnvChange.o)
 .debug_aranges
                0x0000000000000060       0x20 obj_cooja/mtype644.a(cooja_mt.o)
 .debug_aranges
                0x0000000000000080       0x20 obj_cooja/mtype644.a(cooja_mtarch.o)
 .debug_aranges
                0x00000000000000a0       0x20 obj_cooja/mtype644.a(rtimer-arch.o)
 .debug_aranges
                0x00000000000000c0       0x20 obj_cooja/mtype644.a(beep.o)
 .debug_aranges
                0x00000000000000e0       0x20 obj_cooja/mtype644.a(button-sensor.o)
 .debug_aranges
                0x0000000000000100       0x20 obj_cooja/mtype644.a(leds-arch.o)
 .debug_aranges
                0x0000000000000120       0x20 obj_cooja/mtype644.a(moteid.o)
 .debug_aranges
                0x0000000000000140       0x20 obj_cooja/mtype644.a(pir-sensor.o)
 .debug_aranges
                0x0000000000000160       0x20 obj_cooja/mtype644.a(rs232.o)
 .debug_aranges
                0x0000000000000180       0x20 obj_cooja/mtype644.a(vib-sensor.o)
 .debug_aranges
                0x00000000000001a0       0x20 obj_cooja/mtype644.a(clock.o)
 .debug_aranges
                0x00000000000001c0       0x20 obj_cooja/mtype644.a(log.o)
 .debug_aranges
                0x00000000000001e0       0x20 obj_cooja/mtype644.a(cfs-cooja.o)
 .debug_aranges
                0x0000000000000200       0x20 obj_cooja/mtype644.a(cooja-radio.o)
 .debug_aranges
                0x0000000000000220       0x20 obj_cooja/mtype644.a(eeprom.o)
 .debug_aranges
                0x0000000000000240       0x20 obj_cooja/mtype644.a(random.o)
 .debug_aranges
                0x0000000000000260       0x20 obj_cooja/mtype644.a(sensors.o)
 .debug_aranges
                0x0000000000000280       0x20 obj_cooja/mtype644.a(dual_conf.o)
 .debug_aranges
                0x00000000000002a0       0x20 obj_cooja/mtype644.a(autostart.o)
 .debug_aranges
                0x00000000000002c0       0x20 obj_cooja/mtype644.a(ctimer.o)
 .debug_aranges
                0x00000000000002e0       0x20 obj_cooja/mtype644.a(etimer.o)
 .debug_aranges
                0x0000000000000300       0x20 obj_cooja/mtype644.a(log_message.o)
 .debug_aranges
                0x0000000000000320       0x20 obj_cooja/mtype644.a(process.o)
 .debug_aranges
                0x0000000000000340       0x20 obj_cooja/mtype644.a(residual.o)
 .debug_aranges
                0x0000000000000360       0x20 obj_cooja/mtype644.a(rtimer.o)
 .debug_aranges
                0x0000000000000380       0x20 obj_cooja/mtype644.a(timer.o)
 .debug_aranges
                0x00000000000003a0       0x20 obj_cooja/mtype644.a(serial-line.o)
 .debug_aranges
                0x00000000000003c0       0x20 obj_cooja/mtype644.a(list.o)
 .debug_aranges
                0x00000000000003e0       0x20 obj_cooja/mtype644.a(ringbuf.o)
 .debug_aranges
                0x0000000000000400       0x20 obj_cooja/mtype644.a(sicslowpan.o)
 .debug_aranges
                0x0000000000000420       0x20 obj_cooja/mtype644.a(uip-ds6-nbr.o)
 .debug_aranges
                0x0000000000000440       0x20 obj_cooja/mtype644.a(uip-ds6.o)
 .debug_aranges
                0x0000000000000460       0x20 obj_cooja/mtype644.a(uip6.o)
 .debug_aranges
                0x0000000000000480       0x20 obj_cooja/mtype644.a(tcpip.o)
 .debug_aranges
                0x00000000000004a0       0x20 obj_cooja/mtype644.a(uip-debug.o)
 .debug_aranges
                0x00000000000004c0       0x20 obj_cooja/mtype644.a(uip-packetqueue)
 .debug_aranges
                0x00000000000004e0       0x20 obj_cooja/mtype644.a(rpl-dag.o)
 .debug_aranges
                0x0000000000000500       0x20 obj_cooja/mtype644.a(rpl-ext-header.)
 .debug_aranges
                0x0000000000000520       0x20 obj_cooja/mtype644.a(rpl-icmp6.o)
 .debug_aranges
                0x0000000000000540       0x20 obj_cooja/mtype644.a(rpl-ltmax.o)
 .debug_aranges
                0x0000000000000560       0x20 obj_cooja/mtype644.a(rpl-timers.o)
 .debug_aranges
                0x0000000000000580       0x20 obj_cooja/mtype644.a(rpl.o)
 .debug_aranges
                0x00000000000005a0       0x20 obj_cooja/mtype644.a(framer-802154.o)
 .debug_aranges
                0x00000000000005c0       0x20 obj_cooja/mtype644.a(nullmac.o)
 .debug_aranges
                0x00000000000005e0       0x20 obj_cooja/mtype644.a(cxmac.o)
 .debug_aranges
                0x0000000000000600       0x20 obj_cooja/mtype644.a(linkaddr.o)
 .debug_aranges
                0x0000000000000620       0x20 obj_cooja/mtype644.a(nbr-table.o)
 .debug_aranges
                0x0000000000000640       0x20 obj_cooja/mtype644.a(netstack.o)
 .debug_aranges
                0x0000000000000660       0x20 obj_cooja/mtype644.a(packetbuf.o)
 .debug_aranges
                0x0000000000000680       0x20 obj_cooja/mtype644.a(queuebuf.o)
 .debug_aranges
                0x00000000000006a0       0x20 obj_cooja/mtype644.a(nullsec.o)
 .debug_aranges
                0x00000000000006c0       0x20 obj_cooja/mtype644.a(watchdog.o)
 .debug_aranges
                0x00000000000006e0       0x18 obj_cooja/mtype644.a(rimestats.o)
 .debug_aranges
                0x00000000000006f8       0x20 obj_cooja/mtype644.a(leds.o)
 .debug_aranges
                0x0000000000000718       0x20 obj_cooja/mtype644.a(stimer.o)
 .debug_aranges
                0x0000000000000738       0x20 obj_cooja/mtype644.a(memb.o)
 .debug_aranges
                0x0000000000000758       0x20 obj_cooja/mtype644.a(uip-ds6-route.o)
 .debug_aranges
                0x0000000000000778       0x20 obj_cooja/mtype644.a(uip-icmp6.o)
 .debug_aranges
                0x0000000000000798       0x20 obj_cooja/mtype644.a(uip-nd6.o)
 .debug_aranges
                0x00000000000007b8       0x20 obj_cooja/mtype644.a(rpl-nbr-policy.)
 .debug_aranges
                0x00000000000007d8       0x20 obj_cooja/mtype644.a(frame802154.o)
 .debug_aranges
                0x00000000000007f8       0x20 obj_cooja/mtype644.a(mac.o)

.debug_pubnames
 *(.debug_pubnames)

.debug_info     0x0000000000000000    0x1d063
 *(.debug_info .gnu.linkonce.wi.*)
 .debug_info    0x0000000000000000      0xe4b udp-server.co
 .debug_info    0x0000000000000e4b     0x3ac4 obj_cooja/mtype644.o
 .debug_info    0x000000000000490f      0x15a obj_cooja/mtype644.a(simEnvChange.o)
 .debug_info    0x0000000000004a69      0x1e2 obj_cooja/mtype644.a(cooja_mt.o)
 .debug_info    0x0000000000004c4b      0x2e7 obj_cooja/mtype644.a(cooja_mtarch.o)
 .debug_info    0x0000000000004f32      0x16b obj_cooja/mtype644.a(rtimer-arch.o)
 .debug_info    0x000000000000509d      0x1f3 obj_cooja/mtype644.a(beep.o)
 .debug_info    0x0000000000005290      0x257 obj_cooja/mtype644.a(button-sensor.o)
 .debug_info    0x00000000000054e7      0x132 obj_cooja/mtype644.a(leds-arch.o)
 .debug_info    0x0000000000005619      0x10a obj_cooja/mtype644.a(moteid.o)
 .debug_info    0x0000000000005723      0x216 obj_cooja/mtype644.a(pir-sensor.o)
 .debug_info    0x0000000000005939      0x21e obj_cooja/mtype644.a(rs232.o)
 .debug_info    0x0000000000005b57      0x216 obj_cooja/mtype644.a(vib-sensor.o)
 .debug_info    0x0000000000005d6d      0x152 obj_cooja/mtype644.a(clock.o)
 .debug_info    0x0000000000005ebf      0x2bb obj_cooja/mtype644.a(log.o)
 .debug_info    0x000000000000617a      0x3cf obj_cooja/mtype644.a(cfs-cooja.o)
 .debug_info    0x0000000000006549      0xd30 obj_cooja/mtype644.a(cooja-radio.o)
 .debug_info    0x0000000000007279      0x1d5 obj_cooja/mtype644.a(eeprom.o)
 .debug_info    0x000000000000744e       0xb3 obj_cooja/mtype644.a(random.o)
 .debug_info    0x0000000000007501      0x36d obj_cooja/mtype644.a(sensors.o)
 .debug_info    0x000000000000786e      0xcac obj_cooja/mtype644.a(dual_conf.o)
 .debug_info    0x000000000000851a      0x1a5 obj_cooja/mtype644.a(autostart.o)