Archive member included to satisfy reference by file (symbol)

obj_cooja/mtype207.a(simEnvChange.o)
                              obj_cooja/mtype207.o (simDontFallAsleep)
obj_cooja/mtype207.a(cooja_mt.o)
                              obj_cooja/mtype207.o (cooja_mt_start)
obj_cooja/mtype207.a(cooja_mtarch.o)
                              obj_cooja/mtype207.a(cooja_mt.o) (cooja_mtarch_init)
obj_cooja/mtype207.a(rtimer-arch.o)
                              obj_cooja/mtype207.o (rtimer_arch_next)
obj_cooja/mtype207.a(beep.o)  obj_cooja/mtype207.o (beep_interface)
obj_cooja/mtype207.a(button-sensor.o)
                              obj_cooja/mtype207.o (button_interface)
obj_cooja/mtype207.a(leds-arch.o)
                              obj_cooja/mtype207.o (leds_interface)
obj_cooja/mtype207.a(moteid.o)
                              obj_cooja/mtype207.o (moteid_interface)
obj_cooja/mtype207.a(pir-sensor.o)
                              obj_cooja/mtype207.o (pir_interface)
obj_cooja/mtype207.a(rs232.o)
                              obj_cooja/mtype207.o (rs232_interface)
obj_cooja/mtype207.a(vib-sensor.o)
                              obj_cooja/mtype207.o (vib_interface)
obj_cooja/mtype207.a(clock.o)
                              obj_cooja/mtype207.o (clock_interface)
obj_cooja/mtype207.a(log.o)   obj_cooja/mtype207.o (simlog_interface)
obj_cooja/mtype207.a(cfs-cooja.o)
                              obj_cooja/mtype207.o (cfs_interface)
obj_cooja/mtype207.a(cooja-radio.o)
                              obj_cooja/mtype207.o (radio_interface)
obj_cooja/mtype207.a(eeprom.o)
                              obj_cooja/mtype207.o (eeprom_interface)
obj_cooja/mtype207.a(random.o)
                              obj_cooja/mtype207.a(moteid.o) (random_init)
obj_cooja/mtype207.a(sensors.o)
                              obj_cooja/mtype207.o (sensors_process)
obj_cooja/mtype207.a(dual_conf.o)
                              obj_cooja/mtype207.a(cooja-radio.o) (long_range_radio)
obj_cooja/mtype207.a(autostart.o)
                              obj_cooja/mtype207.o (autostart_start)
obj_cooja/mtype207.a(ctimer.o)
                              obj_cooja/mtype207.o (ctimer_init)
obj_cooja/mtype207.a(etimer.o)
                              obj_cooja/mtype207.o (etimer_process)
obj_cooja/mtype207.a(log_message.o)
                              obj_cooja/mtype207.o (log_initialization)
obj_cooja/mtype207.a(process.o)
                              udp-client.co (process_current)
obj_cooja/mtype207.a(residual.o)
                              udp-client.co (get_residual_energy)
obj_cooja/mtype207.a(rtimer.o)
                              obj_cooja/mtype207.a(rtimer-arch.o) (rtimer_run_next)
obj_cooja/mtype207.a(stimer.o)
                              udp-client.co (stimer_remaining)
obj_cooja/mtype207.a(timer.o)
                              obj_cooja/mtype207.a(button-sensor.o) (timer_set)
obj_cooja/mtype207.a(serial-line.o)
                              udp-client.co (serial_line_event_message)
obj_cooja/mtype207.a(list.o)  obj_cooja/mtype207.a(ctimer.o) (list_init)
obj_cooja/mtype207.a(ringbuf.o)
                              obj_cooja/mtype207.a(serial-line.o) (ringbuf_init)
obj_cooja/mtype207.a(sicslowpan.o)
                              obj_cooja/mtype207.o (sicslowpan_driver)
obj_cooja/mtype207.a(uip-ds6-nbr.o)
                              obj_cooja/mtype207.a(sicslowpan.o) (uip_ds6_link_neighbor_callback)
obj_cooja/mtype207.a(uip-ds6-route.o)
                              udp-client.co (uip_ds6_route_nexthop)
obj_cooja/mtype207.a(uip-ds6.o)
                              udp-client.co (uip_ds6_if)
obj_cooja/mtype207.a(uip6.o)  udp-client.co (uip_lladdr)
obj_cooja/mtype207.a(tcpip.o)
                              udp-client.co (tcpip_event)
obj_cooja/mtype207.a(uip-debug.o)
                              udp-client.co (uip_debug_ipaddr_print)
obj_cooja/mtype207.a(uip-packetqueue)
                              obj_cooja/mtype207.a(uip-ds6-nbr.o) (uip_packetqueue_new)
obj_cooja/mtype207.a(uip-udp-packet.)
                              udp-client.co (uip_udp_packet_sendto)
obj_cooja/mtype207.a(rpl-dag.o)
                              obj_cooja/mtype207.a(tcpip.o) (rpl_repair_root)
obj_cooja/mtype207.a(rpl-ext-header.)
                              obj_cooja/mtype207.a(uip6.o) (rpl_verify_header)
obj_cooja/mtype207.a(rpl-icmp6.o)
                              obj_cooja/mtype207.a(rpl-dag.o) (rpl_icmp6_update_nbr_table)
obj_cooja/mtype207.a(rpl-of0.o)
                              obj_cooja/mtype207.a(rpl-dag.o) (rpl_of0)
obj_cooja/mtype207.a(rpl-timers.o)
                              obj_cooja/mtype207.a(rpl-dag.o) (rpl_reset_dio_timer)
obj_cooja/mtype207.a(rpl.o)   obj_cooja/mtype207.a(rpl-icmp6.o) (rpl_get_mode)
obj_cooja/mtype207.a(framer-802154.o)
                              obj_cooja/mtype207.a(sicslowpan.o) (framer_802154)
obj_cooja/mtype207.a(nullmac.o)
                              obj_cooja/mtype207.o (nullmac_driver)
[...]
Memory Configuration

Name             Origin             Length             Attributes
*default*        0x0000000000000000 0xffffffffffffffff

Linker script and memory map

LOAD /usr/lib/gcc/i686-linux-gnu/4.8/../../../i386-linux-gnu/crti.o
LOAD /usr/lib/gcc/i686-linux-gnu/4.8/crtbeginS.o
LOAD udp-client.co
LOAD obj_cooja/mtype207.o
LOAD obj_cooja/mtype207.a
LOAD /usr/lib/gcc/i686-linux-gnu/4.8/libgcc.a
LOAD /usr/lib/gcc/i686-linux-gnu/4.8/libgcc_s.so
LOAD /usr/lib/gcc/i686-linux-gnu/4.8/../../../i386-linux-gnu/libc.so
START GROUP
LOAD /lib/i386-linux-gnu/libc.so.6
LOAD /usr/lib/i386-linux-gnu/libc_nonshared.a
LOAD /lib/i386-linux-gnu/ld-linux.so.2
END GROUP
LOAD /usr/lib/gcc/i686-linux-gnu/4.8/libgcc.a
LOAD /usr/lib/gcc/i686-linux-gnu/4.8/libgcc_s.so
LOAD /usr/lib/gcc/i686-linux-gnu/4.8/crtendS.o
LOAD /usr/lib/gcc/i686-linux-gnu/4.8/../../../i386-linux-gnu/crtn.o
                0x0000000000000114                . = (0x0 + SIZEOF_HEADERS)

.note.gnu.build-id
                0x0000000000000114       0x24
 *(.note.gnu.build-id)
 .note.gnu.build-id
                0x0000000000000114       0x24 /usr/lib/gcc/i686-linux-gnu/4.8/../../../i386-linux-gnu/crti.o

.hash
 *(.hash)

.gnu.hash       0x0000000000000138     0x1338
 *(.gnu.hash)
 .gnu.hash      0x0000000000000138     0x1338 /usr/lib/gcc/i686-linux-gnu/4.8/../../../i386-linux-gnu/crti.o

.dynsym         0x0000000000001470     0x2540
 *(.dynsym)
 .dynsym        0x0000000000001470     0x2540 /usr/lib/gcc/i686-linux-gnu/4.8/../../../i386-linux-gnu/crti.o

.dynstr         0x00000000000039b0     0x265d
 *(.dynstr)
 .dynstr        0x00000000000039b0     0x265d /usr/lib/gcc/i686-linux-gnu/4.8/../../../i386-linux-gnu/crti.o

.gnu.version    0x000000000000600e      0x4a8
 *(.gnu.version)
 .gnu.version   0x000000000000600e      0x4a8 /usr/lib/gcc/i686-linux-gnu/4.8/../../../i386-linux-gnu/crti.o

.gnu.version_d  0x00000000000064b8        0x0
 *(.gnu.version_d)
 .gnu.version_d
                0x0000000000000000        0x0 /usr/lib/gcc/i686-linux-gnu/4.8/../../../i386-linux-gnu/crti.o

.gnu.version_r  0x00000000000064b8       0x50
 *(.gnu.version_r)
 .gnu.version_r
                0x00000000000064b8       0x50 /usr/lib/gcc/i686-linux-gnu/4.8/../../../i386-linux-gnu/crti.o

.rel.dyn        0x0000000000006508     0x9010
 *(.rel.init)
 .rel.init      0x0000000000000000        0x0 /usr/lib/gcc/i686-linux-gnu/4.8/../../../i386-linux-gnu/crti.o
 *(.rel.text .rel.text.* .rel.gnu.linkonce.t.*)
 .rel.text      0x0000000000006508     0x8888 /usr/lib/gcc/i686-linux-gnu/4.8/../../../i386-linux-gnu/crti.o
 *(.rel.fini)
 .rel.fini      0x0000000000000000        0x0 /usr/lib/gcc/i686-linux-gnu/4.8/../../../i386-linux-gnu/crti.o
 *(.rel.rodata .rel.rodata.* .rel.gnu.linkonce.r.*)
 .rel.rodata    0x000000000000ed90      0x4e0 /usr/lib/gcc/i686-linux-gnu/4.8/../../../i386-linux-gnu/crti.o
 *(.rel.data.rel.ro .rel.data.rel.ro.* .rel.gnu.linkonce.d.rel.ro.*)
 *(.rel.data .rel.data.* .rel.gnu.linkonce.d.*)
 .rel.data.rel  0x000000000000f270        0x8 /usr/lib/gcc/i686-linux-gnu/4.8/../../../i386-linux-gnu/crti.o
 .rel.data      0x000000000000f278      0x268 /usr/lib/gcc/i686-linux-gnu/4.8/../../../i386-linux-gnu/crti.o
 *(.rel.tdata .rel.tdata.* .rel.gnu.linkonce.td.*)
 *(.rel.tbss .rel.tbss.* .rel.gnu.linkonce.tb.*)
 *(.rel.ctors)
 *(.rel.dtors)
 *(.rel.got)
 .rel.got       0x000000000000f4e0       0x28 /usr/lib/gcc/i686-linux-gnu/4.8/../../../i386-linux-gnu/crti.o
 *(.rel.bss .rel.bss.* .rel.gnu.linkonce.b.*)
 *(.rel.ifunc)
 .rel.ifunc     0x0000000000000000        0x0 /usr/lib/gcc/i686-linux-gnu/4.8/../../../i386-linux-gnu/crti.o
 .rel.fini_array
                0x000000000000f508        0x8 /usr/lib/gcc/i686-linux-gnu/4.8/../../../i386-linux-gnu/crti.o
 .rel.init_array
                0x000000000000f510        0x8 /usr/lib/gcc/i686-linux-gnu/4.8/../../../i386-linux-gnu/crti.o

.rel.plt        0x000000000000f518       0x10
 *(.rel.plt)
 .rel.plt       0x000000000000f518       0x10 /usr/lib/gcc/i686-linux-gnu/4.8/../../../i386-linux-gnu/crti.o
 *(.rel.iplt)

.init           0x000000000000f528       0x23
 *(SORT(.init))
 .init          0x000000000000f528       0x1e /usr/lib/gcc/i686-linux-gnu/4.8/../../../i386-linux-gnu/crti.o
                0x000000000000f528                _init
 .init          0x000000000000f546        0x5 /usr/lib/gcc/i686-linux-gnu/4.8/../../../i386-linux-gnu/crtn.o

.plt            0x000000000000f550       0x30
 *(.plt)
 .plt           0x000000000000f550       0x30 /usr/lib/gcc/i686-linux-gnu/4.8/../../../i386-linux-gnu/crti.o
 *(.iplt)

.text           0x000000000000f580    0x15cb3
 *(.text.unlikely .text.*_unlikely .text.unlikely.*)
 *(.text.exit .text.exit.*)
 *(.text.startup .text.startup.*)
 *(.text.hot .text.hot.*)
 *(.text .stub .text.* .gnu.linkonce.t.*)
 .text          0x000000000000f580        0x0 /usr/lib/gcc/i686-linux-gnu/4.8/../../../i386-linux-gnu/crti.o
 .gnu.linkonce.t.__x86.get_pc_thunk.bx
                0x000000000000f580        0x4 /usr/lib/gcc/i686-linux-gnu/4.8/../../../i386-linux-gnu/crti.o
                0x000000000000f580                __x86.get_pc_thunk.bx
 *fill*         0x000000000000f584        0xc 
 .text          0x000000000000f590      0x11b /usr/lib/gcc/i686-linux-gnu/4.8/crtbeginS.o
 .text          0x000000000000f6ab      0x790 udp-client.co
 .text          0x000000000000fe3b      0x96a obj_cooja/mtype207.o
                0x000000000000ffe9                contiki_init
                0x00000000000105bc                Java_org_contikios_cooja_corecomm_Lib2_init
                0x00000000000105fc                Java_org_contikios_cooja_corecomm_Lib2_getMemory
                0x000000000001063c                Java_org_contikios_cooja_corecomm_Lib2_setMemory
                0x00000000000106b3                Java_org_contikios_cooja_corecomm_Lib2_tick
                0x0000000000010793                Java_org_contikios_cooja_corecomm_Lib2_setReferenceAddress
 .text          0x00000000000107a5       0x63 obj_cooja/mtype207.a(simEnvChange.o)
                0x00000000000107a5                doActionsBeforeTick
                0x00000000000107d6                doActionsAfterTick
 .text          0x0000000000010808       0xbc obj_cooja/mtype207.a(cooja_mt.o)
                0x0000000000010808                cooja_mt_init
                0x0000000000010815                cooja_mt_remove
                0x0000000000010822                cooja_mt_start
                0x000000000001084f                cooja_mt_exec
                0x0000000000010880                cooja_mt_exit
                0x00000000000108a2                cooja_mt_yield
 .text          0x00000000000108c4      0x115 obj_cooja/mtype207.a(cooja_mtarch.o)
                0x00000000000108c4                cooja_mtarch_init
                0x00000000000108c9                cooja_mtarch_start
                0x0000000000010944                cooja_sw
                0x0000000000010966                cooja_mtarch_exec
                0x0000000000010982                cooja_mtarch_remove
                0x0000000000010987                cooja_mtarch_yield
                0x0000000000010991                cooja_mtarch_pstop
                0x0000000000010996                cooja_mtarch_pstart
                0x000000000001099b                cooja_mtarch_stack_usage
 .text          0x00000000000109d9       0xc2 obj_cooja/mtype207.a(rtimer-arch.o)
                0x00000000000109d9                rtimer_arch_init
                0x00000000000109fc                rtimer_arch_schedule
                0x0000000000010a13                rtimer_arch_next
                0x0000000000010a1d                rtimer_arch_pending
                0x0000000000010a27                rtimer_arch_check
                0x0000000000010a59                rtimer_arch_now
 .text          0x0000000000010a9b       0x76 obj_cooja/mtype207.a(beep.o)
                0x0000000000010a9b                beep_alarm
                0x0000000000010aa7                beep_beep
                0x0000000000010ab3                beep
                0x0000000000010abf                beep_down
                0x0000000000010acb                beep_on
                0x0000000000010ad7                beep_off
                0x0000000000010ae3                beep_spinup
                0x0000000000010aef                beep_quick
                0x0000000000010afb                beep_long
 .text          0x0000000000010b11      0x103 obj_cooja/mtype207.a(button-sensor.o)
 .text          0x0000000000010c14       0x45 obj_cooja/mtype207.a(leds-arch.o)
                0x0000000000010c14                leds_arch_init
                0x0000000000010c20                leds_arch_get
                0x0000000000010c2c                leds_arch_set
 .text          0x0000000000010c59       0x2f obj_cooja/mtype207.a(moteid.o)
 .text          0x0000000000010c88       0xb1 obj_cooja/mtype207.a(pir-sensor.o)
 .text          0x0000000000010d39      0x131 obj_cooja/mtype207.a(rs232.o)
                0x0000000000010d39                rs232_init
                0x0000000000010d3e                rs232_set_speed
                0x0000000000010d4c                rs232_set_input
                0x0000000000010d59                rs232_send
                0x0000000000010d7b                rs232_print
                0x0000000000010d96                slip_arch_writeb
 .text          0x0000000000010e6a       0xb1 obj_cooja/mtype207.a(vib-sensor.o)
 .text          0x0000000000010f1b       0x34 obj_cooja/mtype207.a(clock.o)
                0x0000000000010f1b                clock_init
                0x0000000000010f20                clock_time
                0x0000000000010f2a                clock_seconds
                0x0000000000010f40                clock_delay
 .text          0x0000000000010f4f      0x1ed obj_cooja/mtype207.a(log.o)
                0x0000000000010f4f                simlog_char
                0x0000000000010f91                simlog
                0x0000000000010ffe                log_message
                0x0000000000011026                log_set_putchar_with_slip
                0x0000000000011033                log_putchar
                0x00000000000110b7                log_puts
                0x00000000000110db                log_printf
 .text          0x000000000001113c      0x2c4 obj_cooja/mtype207.a(cfs-cooja.o)
                0x000000000001113c                cfs_open
                0x00000000000111a5                cfs_close
                0x00000000000111b1                cfs_read
                0x000000000001124f                cfs_write
                0x000000000001132c                cfs_seek
                0x00000000000113b4                cfs_remove
                0x00000000000113dd                cfs_opendir
                0x00000000000113e7                cfs_readdir
                0x00000000000113f1                cfs_closedir
 .text          0x0000000000011400      0x687 obj_cooja/mtype207.a(cooja-radio.o)
                0x000000000001142a                radio_set_channel
                0x000000000001143f                radio_set_txpower
                0x000000000001145f                radio_signal_strength_last
                0x0000000000011469                radio_signal_strength_current
                0x0000000000011473                radio_LQI
 .text          0x0000000000011a87       0xef obj_cooja/mtype207.a(eeprom.o)
                0x0000000000011a87                eeprom_init
                0x0000000000011a8c                eeprom_read
                0x0000000000011afc                eeprom_write
 .text          0x0000000000011b76       0x28 obj_cooja/mtype207.a(random.o)
                0x0000000000011b76                random_init
                0x0000000000011b91                random_rand
 .text          0x0000000000011b9e      0x2a1 obj_cooja/mtype207.a(sensors.o)
                0x0000000000011bd9                sensors_first
                0x0000000000011be3                sensors_next
                0x0000000000011c00                sensors_changed
                0x0000000000011c2f                sensors_find
 .text          0x0000000000011e3f      0x348 obj_cooja/mtype207.a(dual_conf.o)
                0x0000000000011e3f                dual_radio_switch
                0x0000000000011e7f                dual_radio_change
                0x0000000000011eb9                sending_in_LR
                0x0000000000011ee4                dual_radio_received
                0x0000000000011f1c                radio_received_is_longrange
                0x0000000000011f37                dual_radio_turn_on
                0x0000000000011f5a                dual_radio_turn_off
                0x000000000001213d                dio_broadcast
                0x0000000000012166                dis_broadcast
 .text          0x0000000000012187       0x8e obj_cooja/mtype207.a(autostart.o)
                0x0000000000012187                autostart_start
                0x00000000000121d2                autostart_exit
 .text          0x0000000000012215      0x334 obj_cooja/mtype207.a(ctimer.o)
                0x000000000001232c                ctimer_init
                0x000000000001235c                ctimer_set
                0x000000000001238d                ctimer_set_with_process
                0x0000000000012409                ctimer_reset
                0x0000000000012458                ctimer_restart
                0x00000000000124a7                ctimer_stop
                0x00000000000124f2                ctimer_expired
 .text          0x0000000000012549      0x40b obj_cooja/mtype207.a(etimer.o)
                0x000000000001275c                etimer_request_poll
                0x00000000000127e0                etimer_set
                0x0000000000012805                etimer_reset_with_new_interval
                0x000000000001282c                etimer_reset
                0x000000000001284a                etimer_restart
                0x0000000000012868                etimer_adjust
                0x0000000000012884                etimer_expired
                0x0000000000012897                etimer_expiration_time
                0x00000000000128a9                etimer_start_time
                0x00000000000128b3                etimer_pending
                0x00000000000128c5                etimer_next_expiration_time
                0x00000000000128df                etimer_stop
 .text          0x0000000000012954       0xdd obj_cooja/mtype207.a(log_message.o)
                0x0000000000012954                log_initialization
                0x0000000000012a10                log_finisher
 .text          0x0000000000012a31      0x560 obj_cooja/mtype207.a(process.o)
                0x0000000000012a31                process_alloc_event
                0x0000000000012a46                process_start
                0x0000000000012c2f                process_exit
                0x0000000000012c4b                process_init
                0x0000000000012e1c                process_run
                0x0000000000012e4f                process_nevents
                0x0000000000012e6a                process_post
                0x0000000000012f16                process_post_synch
                0x0000000000012f4e                process_poll
                0x0000000000012f7d                process_is_running
 .text          0x0000000000012f91       0xd3 obj_cooja/mtype207.a(residual.o)
                0x0000000000012f91                get_residual_energy
 .text          0x0000000000013064       0xba obj_cooja/mtype207.a(rtimer.o)
                0x0000000000013064                rtimer_init
                0x0000000000013071                rtimer_set
                0x00000000000130c8                rtimer_run_next
 .text          0x000000000001311e       0xa3 obj_cooja/mtype207.a(stimer.o)
                0x000000000001311e                stimer_set
                0x0000000000013139                stimer_reset
                0x0000000000013150                stimer_restart
                0x0000000000013162                stimer_expired
                0x0000000000013189                stimer_remaining
                0x00000000000131ad                stimer_elapsed
 .text          0x00000000000131c1       0x91 obj_cooja/mtype207.a(timer.o)
                0x00000000000131c1                timer_set
                0x00000000000131dc                timer_reset
                0x00000000000131f3                timer_restart
                0x0000000000013205                timer_expired
                0x000000000001322e                timer_remaining
 .text          0x0000000000013252      0x1fb obj_cooja/mtype207.a(serial-line.o)
                0x0000000000013252                serial_line_input_byte
                0x0000000000013415                serial_line_init
 .text          0x000000000001344d      0x244 obj_cooja/mtype207.a(list.o)
                0x000000000001344d                list_init
                0x000000000001345b                list_head
                0x0000000000013465                list_copy
                0x0000000000013474                list_tail
                0x00000000000134aa                list_add
                0x00000000000134f3                list_push
                0x000000000001351f                list_chop
                0x0000000000013589                list_pop
                0x00000000000135b1                list_remove
                0x0000000000013618                list_length
                0x0000000000013646                list_insert
                0x000000000001367a                list_item_next
 .text          0x0000000000013691      0x155 obj_cooja/mtype207.a(ringbuf.o)
                0x0000000000013691                ringbuf_init
                0x00000000000136c2                ringbuf_put
                0x0000000000013740                ringbuf_get
                0x00000000000137ad                ringbuf_size
                0x00000000000137bf                ringbuf_elements
 .text          0x00000000000137e6     0x258b obj_cooja/mtype207.a(sicslowpan.o)
                0x0000000000013d70                rime_sniffer_add
                0x0000000000013d7d                rime_sniffer_remove
                0x0000000000015d10                sicslowpan_init
                0x0000000000015d67                sicslowpan_get_last_rssi
 .text          0x0000000000015d71      0x2dc obj_cooja/mtype207.a(uip-ds6-nbr.o)
                0x0000000000015d8e                uip_ds6_neighbors_init
                0x0000000000015dab                uip_ds6_nbr_add
                0x0000000000015e5c                uip_ds6_nbr_rm
                0x0000000000015eb9                uip_ds6_nbr_get_ipaddr
                0x0000000000015ece                uip_ds6_nbr_get_ll
                0x0000000000015eea                uip_ds6_nbr_num
                0x0000000000015f2f                uip_ds6_nbr_lookup
                0x0000000000015f94                uip_ds6_nbr_ll_lookup
                0x0000000000015fb0                uip_ds6_nbr_ipaddr_from_lladdr
                0x0000000000015fd6                uip_ds6_nbr_lladdr_from_ipaddr
                0x0000000000016004                uip_ds6_link_neighbor_callback
 .text          0x000000000001604d      0x916 obj_cooja/mtype207.a(uip-ds6-route.o)
                0x00000000000160c4                uip_ds6_notification_add
                0x00000000000160f5                uip_ds6_notification_rm
                0x0000000000016111                uip_ds6_route_init
                0x0000000000016199                uip_ds6_route_nexthop
                0x00000000000161c1                uip_ds6_route_head
                0x00000000000161d6                uip_ds6_route_next
                0x00000000000161fc                uip_ds6_route_is_nexthop
                0x000000000001623b                uip_ds6_route_num_routes
                0x0000000000016245                uip_ds6_route_lookup
                0x0000000000016307                uip_ds6_route_add
                0x000000000001653b                uip_ds6_route_rm
                0x00000000000166cf                uip_ds6_route_rm_by_nexthop
                0x0000000000016707                uip_ds6_defrt_add
                0x00000000000167b8                uip_ds6_defrt_rm
                0x0000000000016837                uip_ds6_defrt_lookup
                0x0000000000016890                uip_ds6_defrt_choose
                0x00000000000168fb                uip_ds6_defrt_periodic
 .text          0x0000000000016963     0x12ad obj_cooja/mtype207.a(uip-ds6.o)
                0x0000000000016963                uip_ds6_init
                0x0000000000016cb8                uip_ds6_periodic
                0x0000000000016d90                uip_ds6_list_loop
                0x0000000000016e37                uip_ds6_prefix_add
                0x0000000000016ef5                uip_ds6_prefix_rm
                0x0000000000016f07                uip_ds6_prefix_lookup
                0x0000000000016f58                uip_ds6_is_addr_onlink
                0x0000000000016fcc                uip_ds6_addr_add
                0x00000000000170fa                uip_ds6_long_addr_add
                0x0000000000017228                uip_ds6_addr_rm
                0x00000000000172c8                uip_ds6_addr_lookup
                0x0000000000017313                uip_ds6_long_addr_lookup
                0x000000000001735e                uip_ds6_get_link_local
                0x00000000000173dd                uip_ds6_long_get_link_local
                0x000000000001745c                uip_ds6_get_global
                0x00000000000174db                uip_ds6_long_get_global
                0x000000000001755a                uip_ds6_maddr_add
                0x00000000000175cc                uip_ds6_long_maddr_add
                0x000000000001763e                uip_ds6_maddr_rm
                0x0000000000017650                uip_ds6_maddr_lookup
                0x000000000001769b                uip_ds6_long_maddr_lookup
                0x00000000000176e6                uip_ds6_aaddr_add
                0x0000000000017758                uip_ds6_long_aaddr_add
                0x00000000000177ca                uip_ds6_aaddr_rm
                0x00000000000177dc                uip_ds6_aaddr_lookup
                0x0000000000017827                uip_ds6_long_aaddr_lookup
                0x0000000000017872                uip_ds6_select_src
                0x0000000000017afb                uip_ds6_set_addr_iid
                0x0000000000017b32                get_match_length
                0x0000000000017bc4                uip_ds6_compute_reachable_time
 .text          0x0000000000017c10     0x29f3 obj_cooja/mtype207.a(uip6.o)
                0x0000000000017c10                uip_add32
                0x0000000000017da9                uip_chksum
                0x0000000000017e97                uip_icmp6chksum
                0x0000000000017eab                uip_tcpchksum
                0x0000000000017ebf                uip_udpchksum
                0x0000000000017ed3                uip_init
                0x0000000000017fa3                uip_connect
                0x0000000000018152                remove_ext_hdr
                0x0000000000018227                uip_udp_new
                0x0000000000018383                uip_unlisten
                0x00000000000183e3                uip_listen
                0x00000000000186a5                uip_process
                0x000000000001a4f7                uip_htons
                0x000000000001a519                uip_htonl
                0x000000000001a559                uip_send
 .text          0x000000000001a603      0xb43 obj_cooja/mtype207.a(tcpip.o)
                0x000000000001a603                tcpip_output
                0x000000000001a631                tcpip_set_outputfunc
                0x000000000001a6c5                tcp_connect
                0x000000000001a71a                tcp_unlisten
                0x000000000001a775                tcp_listen
                0x000000000001a7ce                tcp_attach
                0x000000000001a7f3                udp_attach
                0x000000000001a818                udp_new
                0x000000000001a86a                udp_broadcast_new
                0x000000000001aade                tcpip_input
                0x000000000001ab12                tcpip_ipv6_output
                0x000000000001af8c                tcpip_poll_udp
                0x000000000001afaf                tcpip_poll_tcp
                0x000000000001afd2                tcpip_uipcall
 .text          0x000000000001b146      0x1c1 obj_cooja/mtype207.a(uip-debug.o)
                0x000000000001b146                uip_debug_ipaddr_print
                0x000000000001b2a8                uip_debug_lladdr_print
 .text          0x000000000001b307      0x141 obj_cooja/mtype207.a(uip-packetqueue)
                0x000000000001b333                uip_packetqueue_new
                0x000000000001b341                uip_packetqueue_alloc
                0x000000000001b3a1                uip_packetqueue_free
                0x000000000001b3e2                uip_packetqueue_buf
                0x000000000001b3ff                uip_packetqueue_buflen
                0x000000000001b420                uip_packetqueue_set_buflen
 .text          0x000000000001b448      0x131 obj_cooja/mtype207.a(uip-udp-packet.)
                0x000000000001b448                uip_udp_packet_send
                0x000000000001b4a8                uip_udp_packet_sendto
 .text          0x000000000001b579     0x2281 obj_cooja/mtype207.a(rpl-dag.o)
                0x000000000001b579                rpl_print_neighbor_list
                0x000000000001b622                rpl_get_nbr
                0x000000000001b67c                rpl_dag_init
                0x000000000001b699                rpl_get_parent
                0x000000000001b6bb                rpl_get_parent_rank
                0x000000000001b6ee                rpl_get_parent_link_metric
                0x000000000001b721                rpl_get_parent_ipaddr
                0x000000000001ba35                rpl_set_root
                0x000000000001bc5c                rpl_repair_root
                0x000000000001be98                rpl_set_prefix
                0x000000000001bf97                rpl_set_default_route
                0x000000000001c023                rpl_alloc_instance
                0x000000000001c0b6                rpl_alloc_dag
                0x000000000001c167                rpl_set_default_instance
                0x000000000001c174                rpl_get_default_instance
                0x000000000001c17e                rpl_free_instance
                0x000000000001c22d                rpl_free_dag
                0x000000000001c293                rpl_add_parent
                0x000000000001c369                rpl_find_parent
                0x000000000001c3c1                rpl_find_parent_any_dag
                0x000000000001c3fd                rpl_select_dag
                0x000000000001c7a1                rpl_select_parent
                0x000000000001c803                rpl_remove_parent
                0x000000000001c82a                rpl_nullify_parent
                0x000000000001c8c8                rpl_move_parent
                0x000000000001c965                rpl_has_downward_route
                0x000000000001c9b8                rpl_get_any_dag
                0x000000000001ca1a                rpl_get_instance
                0x000000000001ca7d                rpl_find_of
                0x000000000001caba                rpl_join_instance
                0x000000000001cd35                rpl_add_dag
                0x000000000001d124                rpl_local_repair
                0x000000000001d1e8                rpl_recalculate_ranks
                0x000000000001d26e                rpl_process_parent_event
                0x000000000001d320                rpl_process_dio
 .text          0x000000000001d7fa      0xbf3 obj_cooja/mtype207.a(rpl-ext-header.)
                0x000000000001d817                rpl_verify_header
                0x000000000001dc91                rpl_update_header_empty
                0x000000000001dfa8                rpl_update_header_final
                0x000000000001e137                rpl_remove_header
                0x000000000001e241                rpl_invert_header
                0x000000000001e3cb                rpl_insert_header
 .text          0x000000000001e3ed     0x1d98 obj_cooja/mtype207.a(rpl-icmp6.o)
                0x000000000001e64c                rpl_icmp6_update_nbr_table
                0x000000000001e73c                dis_output
                0x000000000001ed87                dio_output
                0x000000000001fcf0                dao_output
                0x000000000001fdb8                dao_output_target
                0x0000000000020139                dao_ack_output
                0x000000000002014d                rpl_icmp6_register_handlers
 .text          0x0000000000020185      0x21e obj_cooja/mtype207.a(rpl-of0.o)
 .text          0x00000000000203a3      0x7b3 obj_cooja/mtype207.a(rpl-timers.o)
                0x00000000000205e9                rpl_reset_periodic_timer
                0x000000000002063e                rpl_reset_dio_timer
                0x0000000000020878                rpl_schedule_dao
                0x0000000000020893                rpl_schedule_dao_immediately
                0x00000000000208ae                rpl_cancel_dao
                0x0000000000020910                rpl_schedule_unicast_dio_immediately
                0x0000000000020afe                rpl_schedule_probing
 .text          0x0000000000020b56      0x59b obj_cooja/mtype207.a(rpl.o)
                0x0000000000020b56                rpl_get_mode
                0x0000000000020b60                rpl_set_mode
                0x0000000000020bee                rpl_purge_routes
                0x0000000000020ce8                rpl_remove_routes
                0x0000000000020d2e                rpl_remove_routes_by_nexthop
                0x0000000000020d9a                rpl_add_route
                0x0000000000020e15                rpl_link_neighbor_callback
                0x0000000000020f1a                rpl_ipv6_neighbor_callback
                0x0000000000020f89                rpl_purge_dags
                0x000000000002106b                rpl_init
 .text          0x00000000000210f1      0x3f5 obj_cooja/mtype207.a(framer-802154.o)
 .text          0x00000000000214e6       0x5e obj_cooja/mtype207.a(nullmac.o)
 .text          0x0000000000021544      0xf71 obj_cooja/mtype207.a(cxmac.o)
                0x00000000000223f7                cxmac_set_announcement_radio_txpower
                0x00000000000223fc                cxmac_init
 .text          0x00000000000224b5       0x82 obj_cooja/mtype207.a(linkaddr.o)
                0x00000000000224b5                linkaddr_copy
                0x00000000000224d7                linkaddr_cmp
                0x0000000000022501                linkaddr_set_node_addr
                0x000000000002251c                linkaddr_set_node_long_addr
 .text          0x0000000000022537      0x915 obj_cooja/mtype207.a(nbr-table.o)
                0x0000000000022537                long_ip_from_lladdr_map
                0x00000000000225c0                lladdr_map_add_lr
                0x000000000002267d                lladdr_map_rm_lr
                0x0000000000022b42                nbr_table_register
                0x0000000000022b8a                nbr_table_head
                0x0000000000022be6                nbr_table_next
                0x0000000000022c4d                nbr_table_add_lladdr
                0x0000000000022d29                nbr_table_get_from_lladdr
                0x0000000000022d76                nbr_table_remove
                0x0000000000022dc8                nbr_table_lock
                0x0000000000022df2                nbr_table_unlock
                0x0000000000022e1c                nbr_table_get_lladdr
 .text          0x0000000000022e4c       0x2b obj_cooja/mtype207.a(netstack.o)
                0x0000000000022e4c                netstack_init
 .text          0x0000000000022e77      0x3cd obj_cooja/mtype207.a(packetbuf.o)
                0x0000000000022e77                packetbuf_clear
                0x0000000000022ea1                packetbuf_copyfrom
                0x0000000000022ef3                packetbuf_compact
                0x0000000000022f70                packetbuf_copyto
                0x0000000000023007                packetbuf_hdralloc
                0x0000000000023084                packetbuf_hdrreduce
                0x00000000000230cc                packetbuf_set_datalen
                0x00000000000230e5                packetbuf_dataptr
                0x0000000000023102                packetbuf_hdrptr
                0x000000000002310c                packetbuf_datalen
                0x0000000000023118                packetbuf_hdrlen
                0x000000000002312f                packetbuf_totlen
                0x0000000000023145                packetbuf_attr_clear
                0x0000000000023197                packetbuf_attr_copyto
                0x00000000000231e0                packetbuf_attr_copyfrom
                0x0000000000023228                packetbuf_holds_broadcast
 .text          0x0000000000023244      0x2b4 obj_cooja/mtype207.a(queuebuf.o)
                0x000000000002324e                queuebuf_init
                0x000000000002326e                queuebuf_numfree
                0x0000000000023282                queuebuf_new_from_packetbuf
                0x0000000000023312                queuebuf_update_attr_from_packetbuf
                0x0000000000023345                queuebuf_update_from_packetbuf
                0x000000000002338f                queuebuf_free
                0x00000000000233d6                queuebuf_to_packetbuf
                0x000000000002343c                queuebuf_dataptr
                0x0000000000023473                queuebuf_datalen
                0x0000000000023496                queuebuf_addr
                0x00000000000234c8                queuebuf_attr
                0x00000000000234f3                queuebuf_debug_print
 .text          0x00000000000234f8       0x6e obj_cooja/mtype207.a(nullsec.o)
 .text          0x0000000000023566       0x19 obj_cooja/mtype207.a(watchdog.o)
                0x0000000000023566                watchdog_init
                0x000000000002356b                watchdog_start
                0x0000000000023570                watchdog_periodic
                0x0000000000023575                watchdog_stop
                0x000000000002357a                watchdog_reboot
 .text          0x000000000002357f        0x0 obj_cooja/mtype207.a(rimestats.o)
 .text          0x000000000002357f      0x1c1 obj_cooja/mtype207.a(memb.o)
                0x000000000002357f                memb_init
                0x00000000000235dd                memb_alloc
                0x0000000000023642                memb_free
                0x00000000000236bd                memb_inmemb
                0x00000000000236fc                memb_numfree
 .text          0x0000000000023740      0xab2 obj_cooja/mtype207.a(uip-icmp6.o)
                0x00000000000237ae                uip_icmp6_input
                0x0000000000023804                uip_icmp6_register_input_handler
                0x0000000000023acc                uip_icmp6_error_output
                0x0000000000023e11                uip_icmp6_send
                0x0000000000024185                uip_icmp6_echo_reply_callback_add
                0x00000000000241b6                uip_icmp6_echo_reply_callback_rm
                0x00000000000241d2                uip_icmp6_init
 .text          0x00000000000241f2      0x358 obj_cooja/mtype207.a(uip-nd6.o)
                0x0000000000024246                uip_nd6_ns_output
                0x0000000000024545                uip_nd6_init
 .text          0x000000000002454a      0x331 obj_cooja/mtype207.a(rpl-nbr-policy.)
                0x0000000000024722                find_removable_dis
                0x0000000000024745                find_removable_dio
                0x00000000000247d4                find_removable_dao
                0x0000000000024824                rpl_nbr_policy_find_removable
 .text          0x000000000002487b      0x97c obj_cooja/mtype207.a(frame802154.o)
                0x00000000000248ac                frame802154_get_pan_id
                0x00000000000248b8                frame802154_set_pan_id
                0x00000000000248d1                frame802154_has_panid
                0x00000000000249bd                frame802154_check_dest_panid
                0x0000000000024a25                frame802154_is_broadcast_addr
                0x0000000000024a72                frame802154_extract_linkaddr
                0x0000000000024cb2                frame802154_hdrlen
                0x0000000000024d03                frame802154_create
                0x0000000000024eee                frame802154_parse
 .text          0x00000000000251f7       0x3c obj_cooja/mtype207.a(mac.o)
                0x00000000000251f7                mac_call_sent_callback
 .text          0x0000000000025233        0x0 /usr/lib/gcc/i686-linux-gnu/4.8/crtendS.o
 .text          0x0000000000025233        0x0 /usr/lib/gcc/i686-linux-gnu/4.8/../../../i386-linux-gnu/crtn.o
 *(.gnu.warning)

.fini           0x0000000000025234       0x14
 *(SORT(.fini))
 .fini          0x0000000000025234        0xf /usr/lib/gcc/i686-linux-gnu/4.8/../../../i386-linux-gnu/crti.o
                0x0000000000025234                _fini
 .fini          0x0000000000025243        0x5 /usr/lib/gcc/i686-linux-gnu/4.8/../../../i386-linux-gnu/crtn.o
                0x0000000000025248                PROVIDE (__etext, .)
                0x0000000000025248                PROVIDE (_etext, .)
                0x0000000000025248                PROVIDE (etext, .)

.rodata         0x0000000000025260      0x960
 *(.rodata .rodata.* .gnu.linkonce.r.*)
 .rodata        0x0000000000025260      0x2ca udp-client.co
                0x0000000000025274                autostart_processes
 *fill*         0x000000000002552a        0x2 
 .rodata        0x000000000002552c      0x1e6 obj_cooja/mtype207.o
 *fill*         0x0000000000025712        0x2 
 .rodata        0x0000000000025714        0x8 obj_cooja/mtype207.a(beep.o)
                0x0000000000025714                beep_interface
 .rodata        0x000000000002571c       0x20 obj_cooja/mtype207.a(button-sensor.o)
                0x000000000002571c                button_interface
                0x000000000002572c                button_sensor
 .rodata        0x000000000002573c        0x8 obj_cooja/mtype207.a(leds-arch.o)
                0x000000000002573c                leds_interface
 .rodata        0x0000000000025744        0x8 obj_cooja/mtype207.a(moteid.o)
                0x0000000000025744                moteid_interface
 .rodata        0x000000000002574c       0x1c obj_cooja/mtype207.a(pir-sensor.o)
                0x000000000002574c                pir_interface
                0x0000000000025758                pir_sensor
 .rodata        0x0000000000025768        0xe obj_cooja/mtype207.a(rs232.o)
                0x0000000000025768                rs232_interface
 *fill*         0x0000000000025776        0x2 
 .rodata        0x0000000000025778       0x24 obj_cooja/mtype207.a(vib-sensor.o)
                0x0000000000025778                vib_interface
                0x000000000002578c                vib_sensor
 .rodata        0x000000000002579c        0x8 obj_cooja/mtype207.a(clock.o)
                0x000000000002579c                clock_interface
 .rodata        0x00000000000257a4        0x8 obj_cooja/mtype207.a(log.o)
                0x00000000000257a4                simlog_interface
 .rodata        0x00000000000257ac       0x2f obj_cooja/mtype207.a(cfs-cooja.o)
                0x00000000000257ac                cfs_interface
 *fill*         0x00000000000257db        0x5 
 .rodata        0x00000000000257e0       0x60 obj_cooja/mtype207.a(cooja-radio.o)
                0x0000000000025800                cooja_radio_driver
                0x0000000000025838                radio_interface
 .rodata        0x0000000000025840        0x8 obj_cooja/mtype207.a(eeprom.o)
                0x0000000000025840                eeprom_interface
 .rodata        0x0000000000025848        0x8 obj_cooja/mtype207.a(sensors.o)
 .rodata        0x0000000000025850       0x1c obj_cooja/mtype207.a(dual_conf.o)
 .rodata        0x000000000002586c        0xf obj_cooja/mtype207.a(ctimer.o)
 .rodata        0x000000000002587b        0xc obj_cooja/mtype207.a(etimer.o)
 *fill*         0x0000000000025887        0x1 
 .rodata        0x0000000000025888       0x73 obj_cooja/mtype207.a(log_message.o)
 *fill*         0x00000000000258fb        0x1 
 .rodata        0x00000000000258fc       0x20 obj_cooja/mtype207.a(residual.o)
 .rodata        0x000000000002591c        0xe obj_cooja/mtype207.a(serial-line.o)
 *fill*         0x000000000002592a        0x2 
 .rodata        0x000000000002592c       0x2c obj_cooja/mtype207.a(sicslowpan.o)
                0x000000000002592c                unc_llconf
                0x0000000000025930                unc_ctxconf
                0x0000000000025934                unc_mxconf
                0x0000000000025938                llprefix
                0x000000000002594c                sicslowpan_driver
 .rodata        0x0000000000025958      0x13c obj_cooja/mtype207.a(uip6.o)
 .rodata        0x0000000000025a94       0x49 obj_cooja/mtype207.a(tcpip.o)
 .rodata        0x0000000000025add       0x3e obj_cooja/mtype207.a(uip-debug.o)
 *fill*         0x0000000000025b1b        0x1 
 .rodata        0x0000000000025b1c        0x4 obj_cooja/mtype207.a(rpl-dag.o)
 .rodata        0x0000000000025b20        0xc obj_cooja/mtype207.a(framer-802154.o)
                0x0000000000025b20                framer_802154
 .rodata        0x0000000000025b2c       0x24 obj_cooja/mtype207.a(nullmac.o)
                0x0000000000025b34                nullmac_driver
 *fill*         0x0000000000025b50       0x10 
 .rodata        0x0000000000025b60       0x40 obj_cooja/mtype207.a(cxmac.o)
                0x0000000000025b80                cxmac_driver
 .rodata        0x0000000000025ba0        0x8 obj_cooja/mtype207.a(linkaddr.o)
                0x0000000000025ba0                linkaddr_null
 .rodata        0x0000000000025ba8       0x18 obj_cooja/mtype207.a(nullsec.o)
                0x0000000000025bb0                nullsec_driver

.rodata1
 *(.rodata1)

.eh_frame_hdr   0x0000000000025bc0     0x131c
 *(.eh_frame_hdr)
 .eh_frame_hdr  0x0000000000025bc0     0x131c udp-client.co

.eh_frame       0x0000000000026edc     0x4dc4
 *(.eh_frame)
 .eh_frame      0x0000000000026edc       0x3c /usr/lib/gcc/i686-linux-gnu/4.8/../../../i386-linux-gnu/crti.o
                                         0x40 (size before relaxing)
 .eh_frame      0x0000000000026f18       0xb4 udp-client.co
                                         0xcc (size before relaxing)
 .eh_frame      0x0000000000026fcc      0x148 obj_cooja/mtype207.o
                                        0x160 (size before relaxing)
 .eh_frame      0x0000000000027114       0x40 obj_cooja/mtype207.a(simEnvChange.o)
                                         0x58 (size before relaxing)
 .eh_frame      0x0000000000027154       0xc0 obj_cooja/mtype207.a(cooja_mt.o)
                                         0xd8 (size before relaxing)
 .eh_frame      0x0000000000027214      0x120 obj_cooja/mtype207.a(cooja_mtarch.o)
                                        0x138 (size before relaxing)
 .eh_frame      0x0000000000027334       0xc0 obj_cooja/mtype207.a(rtimer-arch.o)
                                         0xd8 (size before relaxing)
 .eh_frame      0x00000000000273f4      0x160 obj_cooja/mtype207.a(beep.o)
                                        0x178 (size before relaxing)
 .eh_frame      0x0000000000027554       0xa0 obj_cooja/mtype207.a(button-sensor.o)
                                         0xb8 (size before relaxing)
 .eh_frame      0x00000000000275f4       0xa0 obj_cooja/mtype207.a(leds-arch.o)
                                         0xb8 (size before relaxing)
 .eh_frame      0x0000000000027694       0x40 obj_cooja/mtype207.a(moteid.o)
                                         0x58 (size before relaxing)
 .eh_frame      0x00000000000276d4       0xa0 obj_cooja/mtype207.a(pir-sensor.o)
                                         0xb8 (size before relaxing)
 .eh_frame      0x0000000000027774      0x100 obj_cooja/mtype207.a(rs232.o)
                                        0x118 (size before relaxing)
 .eh_frame      0x0000000000027874       0xa0 obj_cooja/mtype207.a(vib-sensor.o)
                                         0xb8 (size before relaxing)
 .eh_frame      0x0000000000027914       0xc0 obj_cooja/mtype207.a(clock.o)
                                         0xd8 (size before relaxing)
 .eh_frame      0x00000000000279d4      0x120 obj_cooja/mtype207.a(log.o)
                                        0x138 (size before relaxing)
 .eh_frame      0x0000000000027af4      0x160 obj_cooja/mtype207.a(cfs-cooja.o)
                                        0x178 (size before relaxing)
 .eh_frame      0x0000000000027c54      0x2e0 obj_cooja/mtype207.a(cooja-radio.o)
                                        0x2f8 (size before relaxing)
 .eh_frame      0x0000000000027f34       0xa0 obj_cooja/mtype207.a(eeprom.o)
                                         0xb8 (size before relaxing)
 .eh_frame      0x0000000000027fd4       0x40 obj_cooja/mtype207.a(random.o)
                                         0x58 (size before relaxing)
 .eh_frame      0x0000000000028014       0xc0 obj_cooja/mtype207.a(sensors.o)
                                         0xd8 (size before relaxing)
 .eh_frame      0x00000000000280d4      0x160 obj_cooja/mtype207.a(dual_conf.o)
                                        0x178 (size before relaxing)
 .eh_frame      0x0000000000028234       0x40 obj_cooja/mtype207.a(autostart.o)
                                         0x58 (size before relaxing)
 .eh_frame      0x0000000000028274      0x100 obj_cooja/mtype207.a(ctimer.o)
                                        0x118 (size before relaxing)
 .eh_frame      0x0000000000028374      0x1e0 obj_cooja/mtype207.a(etimer.o)
                                        0x1f8 (size before relaxing)
 .eh_frame      0x0000000000028554       0x40 obj_cooja/mtype207.a(log_message.o)
                                         0x58 (size before relaxing)
 .eh_frame      0x0000000000028594      0x1c8 obj_cooja/mtype207.a(process.o)
                                        0x1e0 (size before relaxing)
 .eh_frame      0x000000000002875c       0x2c obj_cooja/mtype207.a(residual.o)
                                         0x44 (size before relaxing)
 .eh_frame      0x0000000000028788       0x60 obj_cooja/mtype207.a(rtimer.o)
                                         0x78 (size before relaxing)
 .eh_frame      0x00000000000287e8       0xc4 obj_cooja/mtype207.a(stimer.o)
                                         0xdc (size before relaxing)
 .eh_frame      0x00000000000288ac       0xa4 obj_cooja/mtype207.a(timer.o)
                                         0xbc (size before relaxing)
 .eh_frame      0x0000000000028950       0x60 obj_cooja/mtype207.a(serial-line.o)
                                         0x78 (size before relaxing)
 .eh_frame      0x00000000000289b0      0x180 obj_cooja/mtype207.a(list.o)
                                        0x198 (size before relaxing)
 .eh_frame      0x0000000000028b30       0xa0 obj_cooja/mtype207.a(ringbuf.o)
                                         0xb8 (size before relaxing)
 .eh_frame      0x0000000000028bd0      0x350 obj_cooja/mtype207.a(sicslowpan.o)
                                        0x368 (size before relaxing)
 .eh_frame      0x0000000000028f20      0x180 obj_cooja/mtype207.a(uip-ds6-nbr.o)
                                        0x198 (size before relaxing)
 .eh_frame      0x00000000000290a0      0x2a0 obj_cooja/mtype207.a(uip-ds6-route.o)
                                        0x2b8 (size before relaxing)
 .eh_frame      0x0000000000029340      0x3c8 obj_cooja/mtype207.a(uip-ds6.o)
                                        0x3e0 (size before relaxing)
 .eh_frame      0x0000000000029708      0x27c obj_cooja/mtype207.a(uip6.o)
                                        0x294 (size before relaxing)
 .eh_frame      0x0000000000029984      0x270 obj_cooja/mtype207.a(tcpip.o)
                                        0x288 (size before relaxing)
 .eh_frame      0x0000000000029bf4       0x48 obj_cooja/mtype207.a(uip-debug.o)
                                         0x60 (size before relaxing)
 .eh_frame      0x0000000000029c3c       0xe0 obj_cooja/mtype207.a(uip-packetqueue)
                                         0xf8 (size before relaxing)
 .eh_frame      0x0000000000029d1c       0x40 obj_cooja/mtype207.a(uip-udp-packet.)
                                         0x58 (size before relaxing)
 .eh_frame      0x0000000000029d5c      0x64c obj_cooja/mtype207.a(rpl-dag.o)
                                        0x664 (size before relaxing)
 .eh_frame      0x000000000002a3a8      0x10c obj_cooja/mtype207.a(rpl-ext-header.)
                                        0x124 (size before relaxing)
 .eh_frame      0x000000000002a4b4      0x278 obj_cooja/mtype207.a(rpl-icmp6.o)
                                        0x290 (size before relaxing)
 .eh_frame      0x000000000002a72c       0xb0 obj_cooja/mtype207.a(rpl-of0.o)
                                         0xc8 (size before relaxing)
 .eh_frame      0x000000000002a7dc      0x20c obj_cooja/mtype207.a(rpl-timers.o)
                                        0x224 (size before relaxing)
 .eh_frame      0x000000000002a9e8      0x140 obj_cooja/mtype207.a(rpl.o)
                                        0x158 (size before relaxing)
 .eh_frame      0x000000000002ab28      0x108 obj_cooja/mtype207.a(framer-802154.o)
                                        0x120 (size before relaxing)
 .eh_frame      0x000000000002ac30       0xc0 obj_cooja/mtype207.a(nullmac.o)
                                         0xd8 (size before relaxing)
 .eh_frame      0x000000000002acf0      0x2bc obj_cooja/mtype207.a(cxmac.o)
                                        0x2d4 (size before relaxing)
 .eh_frame      0x000000000002afac       0x80 obj_cooja/mtype207.a(linkaddr.o)
                                         0x98 (size before relaxing)
 .eh_frame      0x000000000002b02c      0x2cc obj_cooja/mtype207.a(nbr-table.o)
                                        0x2e4 (size before relaxing)
 .eh_frame      0x000000000002b2f8       0x20 obj_cooja/mtype207.a(netstack.o)
                                         0x38 (size before relaxing)
 .eh_frame      0x000000000002b318      0x214 obj_cooja/mtype207.a(packetbuf.o)
                                        0x22c (size before relaxing)
 .eh_frame      0x000000000002b52c      0x1a0 obj_cooja/mtype207.a(queuebuf.o)
                                        0x1b8 (size before relaxing)
 .eh_frame      0x000000000002b6cc       0x80 obj_cooja/mtype207.a(nullsec.o)
                                         0x98 (size before relaxing)
 .eh_frame      0x000000000002b74c       0xa0 obj_cooja/mtype207.a(watchdog.o)
                                         0xb8 (size before relaxing)
 .eh_frame      0x000000000002b7ec       0xa0 obj_cooja/mtype207.a(memb.o)
                                         0xb8 (size before relaxing)
 .eh_frame      0x000000000002b88c      0x164 obj_cooja/mtype207.a(uip-icmp6.o)
                                        0x17c (size before relaxing)
 .eh_frame      0x000000000002b9f0       0x68 obj_cooja/mtype207.a(uip-nd6.o)
                                         0x80 (size before relaxing)
 .eh_frame      0x000000000002ba58       0xc0 obj_cooja/mtype207.a(rpl-nbr-policy.)
                                         0xd8 (size before relaxing)
 .eh_frame      0x000000000002bb18      0x164 obj_cooja/mtype207.a(frame802154.o)
                                        0x17c (size before relaxing)
 .eh_frame      0x000000000002bc7c       0x20 obj_cooja/mtype207.a(mac.o)
                                         0x38 (size before relaxing)
 .eh_frame      0x000000000002bc9c        0x4 /usr/lib/gcc/i686-linux-gnu/4.8/crtendS.o

.gcc_except_table
 *(.gcc_except_table .gcc_except_table.*)

.exception_ranges
 *(.exception_ranges .exception_ranges*)
                0x000000000002bca0                . = (ALIGN (0x1000) - ((0x1000 - .) & 0xfff))
                0x000000000002cef8                . = DATA_SEGMENT_ALIGN (0x1000, 0x1000)

.eh_frame
 *(.eh_frame)

.gcc_except_table
 *(.gcc_except_table .gcc_except_table.*)

.exception_ranges
 *(.exception_ranges .exception_ranges*)

.tdata
 *(.tdata .tdata.* .gnu.linkonce.td.*)

.tbss
 *(.tbss .tbss.* .gnu.linkonce.tb.*)
 *(.tcommon)

.preinit_array
 *(.preinit_array)

.init_array     0x000000000002cef8        0x4
 *(SORT(.init_array.*) SORT(.ctors.*))
 *(.init_array EXCLUDE_FILE(*crtend?.o *crtend.o *crtbegin?.o *crtbegin.o) .ctors)
 .init_array    0x000000000002cef8        0x4 /usr/lib/gcc/i686-linux-gnu/4.8/crtbeginS.o

.fini_array     0x000000000002cefc        0x4
 *(SORT(.fini_array.*) SORT(.dtors.*))
 *(.fini_array EXCLUDE_FILE(*crtend?.o *crtend.o *crtbegin?.o *crtbegin.o) .dtors)
 .fini_array    0x000000000002cefc        0x4 /usr/lib/gcc/i686-linux-gnu/4.8/crtbeginS.o

.ctors
 *crtbegin.o(.ctors)
 *crtbegin?.o(.ctors)
 *(EXCLUDE_FILE(*crtend?.o *crtend.o) .ctors)
 *(SORT(.ctors.*))
 *(.ctors)

.dtors
 *crtbegin.o(.dtors)
 *crtbegin?.o(.dtors)
 *(EXCLUDE_FILE(*crtend?.o *crtend.o) .dtors)
 *(SORT(.dtors.*))
 *(.dtors)

.jcr            0x000000000002cf00        0x4
 *(.jcr)
 .jcr           0x000000000002cf00        0x0 /usr/lib/gcc/i686-linux-gnu/4.8/crtbeginS.o
 .jcr           0x000000000002cf00        0x4 /usr/lib/gcc/i686-linux-gnu/4.8/crtendS.o

.data.rel.ro
 *(.data.rel.ro.local* .gnu.linkonce.d.rel.ro.local.*)
 *(.data.rel.ro .data.rel.ro.* .gnu.linkonce.d.rel.ro.*)

.dynamic        0x000000000002cf04       0xe8
 *(.dynamic)
 .dynamic       0x000000000002cf04       0xe8 /usr/lib/gcc/i686-linux-gnu/4.8/../../../i386-linux-gnu/crti.o
                0x000000000002cf04                _DYNAMIC

.got            0x000000000002cfec       0x14
 *(.got)
 .got           0x000000000002cfec       0x14 /usr/lib/gcc/i686-linux-gnu/4.8/../../../i386-linux-gnu/crti.o
 *(.igot)
                0x000000000002dff4                . = DATA_SEGMENT_RELRO_END (., (SIZEOF (.got.plt) >= 0xc)?0xc:0x0)

.got.plt        0x000000000002d000       0x14
 *(.got.plt)
 .got.plt       0x000000000002d000       0x14 /usr/lib/gcc/i686-linux-gnu/4.8/../../../i386-linux-gnu/crti.o
                0x000000000002d000                _GLOBAL_OFFSET_TABLE_
 *(.igot.plt)

.data           0x000000000002d020      0x266
 *(.data .data.* .gnu.linkonce.d.*)
 .data          0x000000000002d020        0x0 /usr/lib/gcc/i686-linux-gnu/4.8/../../../i386-linux-gnu/crti.o
 .data          0x000000000002d020        0x0 /usr/lib/gcc/i686-linux-gnu/4.8/crtbeginS.o
 .data.rel      0x000000000002d020        0x4 /usr/lib/gcc/i686-linux-gnu/4.8/crtbeginS.o
                0x000000000002d020                __dso_handle
 .data          0x000000000002d024       0x10 udp-client.co
                0x000000000002d024                udp_client_process
 *fill*         0x000000000002d034        0xc 
 .data          0x000000000002d040       0x44 obj_cooja/mtype207.o
                0x000000000002d040                simInterfaces
                0x000000000002d074                sensors
 .data          0x000000000002d084        0x0 obj_cooja/mtype207.a(simEnvChange.o)
 .data          0x000000000002d084        0x0 obj_cooja/mtype207.a(cooja_mt.o)
 .data          0x000000000002d084        0x0 obj_cooja/mtype207.a(cooja_mtarch.o)
 .data          0x000000000002d084        0x0 obj_cooja/mtype207.a(rtimer-arch.o)
 .data          0x000000000002d084        0x0 obj_cooja/mtype207.a(beep.o)
 .data          0x000000000002d084        0x0 obj_cooja/mtype207.a(button-sensor.o)
 .data          0x000000000002d084        0x0 obj_cooja/mtype207.a(leds-arch.o)
 .data          0x000000000002d084        0x0 obj_cooja/mtype207.a(moteid.o)
 .data          0x000000000002d084        0x0 obj_cooja/mtype207.a(pir-sensor.o)
 .data          0x000000000002d084        0x0 obj_cooja/mtype207.a(rs232.o)
 .data          0x000000000002d084        0x0 obj_cooja/mtype207.a(vib-sensor.o)
 .data          0x000000000002d084        0x0 obj_cooja/mtype207.a(clock.o)
 .data          0x000000000002d084        0x0 obj_cooja/mtype207.a(log.o)
 .data          0x000000000002d084        0x0 obj_cooja/mtype207.a(cfs-cooja.o)
 .data          0x000000000002d084       0x40 obj_cooja/mtype207.a(cooja-radio.o)
                0x000000000002d084                simRadioChannelLR
                0x000000000002d088                simRadioHWOnLR
                0x000000000002d08c                simSignalStrengthLR
                0x000000000002d090                simLastSignalStrengthLR
                0x000000000002d094                simPowerLR
                0x000000000002d098                simLQILR
                0x000000000002d09c                simRadioChannel
                0x000000000002d0a0                simRadioHWOn
                0x000000000002d0a4                simSignalStrength
                0x000000000002d0a8                simLastSignalStrength
                0x000000000002d0ac                simPower
                0x000000000002d0b0                simLQI
                0x000000000002d0b4                cooja_radio_process
 .data          0x000000000002d0c4        0x0 obj_cooja/mtype207.a(eeprom.o)
 .data          0x000000000002d0c4        0x0 obj_cooja/mtype207.a(random.o)
 .data          0x000000000002d0c4       0x10 obj_cooja/mtype207.a(sensors.o)
                0x000000000002d0c4                sensors_process
 .data          0x000000000002d0d4       0x28 obj_cooja/mtype207.a(dual_conf.o)
                0x000000000002d0d4                radio_received
                0x000000000002d0d8                dual_dio_broadcast
                0x000000000002d0e8                dual_dis_broadcast
 .data          0x000000000002d0fc        0x0 obj_cooja/mtype207.a(autostart.o)
 .data          0x000000000002d0fc       0x14 obj_cooja/mtype207.a(ctimer.o)
                0x000000000002d100                ctimer_process
 .data          0x000000000002d110       0x10 obj_cooja/mtype207.a(etimer.o)
                0x000000000002d110                etimer_process
 .data          0x000000000002d120        0x0 obj_cooja/mtype207.a(log_message.o)
 .data          0x000000000002d120        0x0 obj_cooja/mtype207.a(process.o)
 .data          0x000000000002d120        0x0 obj_cooja/mtype207.a(residual.o)
 .data          0x000000000002d120        0x0 obj_cooja/mtype207.a(rtimer.o)
 .data          0x000000000002d120        0x0 obj_cooja/mtype207.a(stimer.o)
 .data          0x000000000002d120        0x0 obj_cooja/mtype207.a(timer.o)
 .data          0x000000000002d120       0x10 obj_cooja/mtype207.a(serial-line.o)
                0x000000000002d120                serial_line_process
 .data          0x000000000002d130        0x0 obj_cooja/mtype207.a(list.o)
 .data          0x000000000002d130        0x0 obj_cooja/mtype207.a(ringbuf.o)
 .data          0x000000000002d130        0x0 obj_cooja/mtype207.a(sicslowpan.o)
 .data          0x000000000002d130       0x14 obj_cooja/mtype207.a(uip-ds6-nbr.o)
                0x000000000002d140                ds6_neighbors
 .data          0x000000000002d144       0x44 obj_cooja/mtype207.a(uip-ds6-route.o)
                0x000000000002d154                nbr_routes
 .data          0x000000000002d188        0x0 obj_cooja/mtype207.a(uip-ds6.o)
 .data          0x000000000002d188        0x0 obj_cooja/mtype207.a(uip6.o)
 .data          0x000000000002d188       0x10 obj_cooja/mtype207.a(tcpip.o)
                0x000000000002d188                tcpip_process
 .data          0x000000000002d198        0x0 obj_cooja/mtype207.a(uip-debug.o)
 .data          0x000000000002d198        0xc obj_cooja/mtype207.a(uip-packetqueue)
 .data          0x000000000002d1a4        0x0 obj_cooja/mtype207.a(uip-udp-packet.)
 .data          0x000000000002d1a4       0x14 obj_cooja/mtype207.a(rpl-dag.o)
                0x000000000002d1b4                rpl_parents
 .data          0x000000000002d1b8        0x0 obj_cooja/mtype207.a(rpl-ext-header.)
 .data          0x000000000002d1b8       0x34 obj_cooja/mtype207.a(rpl-icmp6.o)
 .data          0x000000000002d1ec       0x1c obj_cooja/mtype207.a(rpl-of0.o)
                0x000000000002d1ec                rpl_of0
 .data          0x000000000002d208        0x0 obj_cooja/mtype207.a(rpl-timers.o)
 .data          0x000000000002d208        0x0 obj_cooja/mtype207.a(rpl.o)
 .data          0x000000000002d208        0x0 obj_cooja/mtype207.a(framer-802154.o)
 .data          0x000000000002d208        0x0 obj_cooja/mtype207.a(nullmac.o)
 .data          0x000000000002d208       0x30 obj_cooja/mtype207.a(cxmac.o)
                0x000000000002d208                cxmac_config
                0x000000000002d218                strobe_wait
 .data          0x000000000002d238        0x0 obj_cooja/mtype207.a(linkaddr.o)
 .data          0x000000000002d238       0x10 obj_cooja/mtype207.a(nbr-table.o)
 .data          0x000000000002d248        0x0 obj_cooja/mtype207.a(netstack.o)
 .data          0x000000000002d248        0x4 obj_cooja/mtype207.a(packetbuf.o)
 .data          0x000000000002d24c       0x18 obj_cooja/mtype207.a(queuebuf.o)
 .data          0x000000000002d264        0x0 obj_cooja/mtype207.a(nullsec.o)
 .data          0x000000000002d264        0x0 obj_cooja/mtype207.a(watchdog.o)
 .data          0x000000000002d264        0x0 obj_cooja/mtype207.a(rimestats.o)
 .data          0x000000000002d264        0x0 obj_cooja/mtype207.a(memb.o)
 .data          0x000000000002d264       0x20 obj_cooja/mtype207.a(uip-icmp6.o)
 .data          0x000000000002d284        0x0 obj_cooja/mtype207.a(uip-nd6.o)
 .data          0x000000000002d284        0x0 obj_cooja/mtype207.a(rpl-nbr-policy.)
 .data          0x000000000002d284        0x2 obj_cooja/mtype207.a(frame802154.o)
 .data          0x000000000002d286        0x0 obj_cooja/mtype207.a(mac.o)
 .data          0x000000000002d286        0x0 /usr/lib/gcc/i686-linux-gnu/4.8/crtendS.o
 .data          0x000000000002d286        0x0 /usr/lib/gcc/i686-linux-gnu/4.8/../../../i386-linux-gnu/crtn.o

.tm_clone_table
                0x000000000002d288        0x0
 .tm_clone_table
                0x000000000002d288        0x0 /usr/lib/gcc/i686-linux-gnu/4.8/crtbeginS.o
 .tm_clone_table
                0x000000000002d288        0x0 /usr/lib/gcc/i686-linux-gnu/4.8/crtendS.o

.data1
 *(.data1)
                0x000000000002d288                _edata = .
                0x000000000002d288                PROVIDE (edata, .)
                0x000000000002d288                . = .
                0x000000000002d288                __bss_start = .

.bss            0x000000000002d2a0     0x82c8
 *(.dynbss)
 .dynbss        0x0000000000000000        0x0 /usr/lib/gcc/i686-linux-gnu/4.8/../../../i386-linux-gnu/crti.o
 *(.bss .bss.* .gnu.linkonce.b.*)
 .bss           0x000000000002d2a0        0x0 /usr/lib/gcc/i686-linux-gnu/4.8/../../../i386-linux-gnu/crti.o
 .bss           0x000000000002d2a0        0x1 /usr/lib/gcc/i686-linux-gnu/4.8/crtbeginS.o
 *fill*         0x000000000002d2a1       0x1f 
 .bss           0x000000000002d2c0       0x60 udp-client.co
 .bss           0x000000000002d320     0x2030 obj_cooja/mtype207.o
 .bss           0x000000000002f350        0x1 obj_cooja/mtype207.a(simEnvChange.o)
                0x000000000002f350                simDontFallAsleep
 *fill*         0x000000000002f351        0x3 
 .bss           0x000000000002f354        0x4 obj_cooja/mtype207.a(cooja_mt.o)
 .bss           0x000000000002f358        0x4 obj_cooja/mtype207.a(cooja_mtarch.o)
 .bss           0x000000000002f35c        0xc obj_cooja/mtype207.a(rtimer-arch.o)
 .bss           0x000000000002f368        0x0 obj_cooja/mtype207.a(beep.o)
 .bss           0x000000000002f368        0x8 obj_cooja/mtype207.a(button-sensor.o)
 .bss           0x000000000002f370        0x0 obj_cooja/mtype207.a(leds-arch.o)
 .bss           0x000000000002f370        0x0 obj_cooja/mtype207.a(moteid.o)
 .bss           0x000000000002f370        0x1 obj_cooja/mtype207.a(pir-sensor.o)
                0x000000000002f370                simPirValue
 *fill*         0x000000000002f371        0x3 
 .bss           0x000000000002f374        0x4 obj_cooja/mtype207.a(rs232.o)
 .bss           0x000000000002f378        0x1 obj_cooja/mtype207.a(vib-sensor.o)
                0x000000000002f378                simVibValue
 .bss           0x000000000002f379        0x0 obj_cooja/mtype207.a(clock.o)
 *fill*         0x000000000002f379        0x7 
 .bss           0x000000000002f380      0x420 obj_cooja/mtype207.a(log.o)
 .bss           0x000000000002f7a0      0xfc0 obj_cooja/mtype207.a(cfs-cooja.o)
                0x000000000002f7a0                simCFSData
                0x0000000000030740                simCFSSize
                0x0000000000030744                simCFSChanged
                0x0000000000030748                simCFSRead
                0x000000000003074c                simCFSWritten
 .bss           0x0000000000030760       0x24 obj_cooja/mtype207.a(cooja-radio.o)
                0x0000000000030760                simReceivingLR
                0x0000000000030764                simInSizeLR
                0x0000000000030768                simOutSizeLR
                0x000000000003076c                simReceiving
                0x0000000000030770                simInSize
                0x0000000000030774                simOutSize
                0x0000000000030778                LongRangeTransmit
                0x000000000003077c                LongRangeReceiving
 .bss           0x0000000000030784        0xc obj_cooja/mtype207.a(eeprom.o)
                0x0000000000030784                simEEPROMChanged
                0x0000000000030788                simEEPROMRead
                0x000000000003078c                simEEPROMWritten
 .bss           0x0000000000030790        0x0 obj_cooja/mtype207.a(random.o)
 .bss           0x0000000000030790        0xc obj_cooja/mtype207.a(sensors.o)
 .bss           0x000000000003079c       0x28 obj_cooja/mtype207.a(dual_conf.o)
                0x000000000003079c                long_range_radio
 .bss           0x00000000000307c4        0x0 obj_cooja/mtype207.a(autostart.o)
 .bss           0x00000000000307c4        0x5 obj_cooja/mtype207.a(ctimer.o)
 *fill*         0x00000000000307c9        0x3 
 .bss           0x00000000000307cc        0x8 obj_cooja/mtype207.a(etimer.o)
 .bss           0x00000000000307d4        0x0 obj_cooja/mtype207.a(log_message.o)
 *fill*         0x00000000000307d4        0xc 
 .bss           0x00000000000307e0      0x1b1 obj_cooja/mtype207.a(process.o)
                0x00000000000307e0                process_list
                0x00000000000307e4                process_current
 .bss           0x0000000000030991        0x0 obj_cooja/mtype207.a(residual.o)
 *fill*         0x0000000000030991        0x3 
 .bss           0x0000000000030994        0x4 obj_cooja/mtype207.a(rtimer.o)
 .bss           0x0000000000030998        0x0 obj_cooja/mtype207.a(stimer.o)
 .bss           0x0000000000030998        0x0 obj_cooja/mtype207.a(timer.o)
 *fill*         0x0000000000030998        0x8 
 .bss           0x00000000000309a0      0x140 obj_cooja/mtype207.a(serial-line.o)
 .bss           0x0000000000030ae0        0x0 obj_cooja/mtype207.a(list.o)
 .bss           0x0000000000030ae0        0x0 obj_cooja/mtype207.a(ringbuf.o)
 .bss           0x0000000000030ae0      0x70c obj_cooja/mtype207.a(sicslowpan.o)
 *fill*         0x00000000000311ec       0x14 
 .bss           0x0000000000031200       0xc0 obj_cooja/mtype207.a(uip-ds6-nbr.o)
 .bss           0x00000000000312c0      0x4a8 obj_cooja/mtype207.a(uip-ds6-route.o)
 .bss           0x0000000000031768       0x30 obj_cooja/mtype207.a(uip-ds6.o)
 .bss           0x0000000000031798        0xe obj_cooja/mtype207.a(uip6.o)
                0x0000000000031798                uip_ext_bitmap
                0x0000000000031799                uip_ext_len
                0x000000000003179a                uip_ext_opt_offset
 *fill*         0x00000000000317a6       0x1a 
 .bss           0x00000000000317c0       0x6b obj_cooja/mtype207.a(tcpip.o)
 .bss           0x000000000003182b        0x0 obj_cooja/mtype207.a(uip-debug.o)
 *fill*         0x000000000003182b       0x15 
 .bss           0x0000000000031840      0xcf8 obj_cooja/mtype207.a(uip-packetqueue)
 .bss           0x0000000000032538        0x0 obj_cooja/mtype207.a(uip-udp-packet.)
 *fill*         0x0000000000032538        0x8 
 .bss           0x0000000000032540       0x80 obj_cooja/mtype207.a(rpl-dag.o)
 .bss           0x00000000000325c0        0x0 obj_cooja/mtype207.a(rpl-ext-header.)
 .bss           0x00000000000325c0        0x0 obj_cooja/mtype207.a(rpl-icmp6.o)
 .bss           0x00000000000325c0        0x0 obj_cooja/mtype207.a(rpl-of0.o)
 .bss           0x00000000000325c0       0x23 obj_cooja/mtype207.a(rpl-timers.o)
 *fill*         0x00000000000325e3        0x1 
 .bss           0x00000000000325e4        0x4 obj_cooja/mtype207.a(rpl.o)
 .bss           0x00000000000325e8        0x2 obj_cooja/mtype207.a(framer-802154.o)
 .bss           0x00000000000325ea        0x0 obj_cooja/mtype207.a(nullmac.o)
 *fill*         0x00000000000325ea       0x16 
 .bss           0x0000000000032600       0xb0 obj_cooja/mtype207.a(cxmac.o)
 .bss           0x00000000000326b0        0x0 obj_cooja/mtype207.a(linkaddr.o)
 *fill*         0x00000000000326b0       0x10 
 .bss           0x00000000000326c0       0xc4 obj_cooja/mtype207.a(nbr-table.o)
 .bss           0x0000000000032784        0x0 obj_cooja/mtype207.a(netstack.o)
 *fill*         0x0000000000032784       0x1c 
 .bss           0x00000000000327a0       0xa0 obj_cooja/mtype207.a(packetbuf.o)
 .bss           0x0000000000032840      0xb80 obj_cooja/mtype207.a(queuebuf.o)
 .bss           0x00000000000333c0        0x0 obj_cooja/mtype207.a(nullsec.o)
 .bss           0x00000000000333c0        0x0 obj_cooja/mtype207.a(watchdog.o)
 .bss           0x00000000000333c0        0x0 obj_cooja/mtype207.a(rimestats.o)
 .bss           0x00000000000333c0        0x0 obj_cooja/mtype207.a(memb.o)
 .bss           0x00000000000333c0       0x18 obj_cooja/mtype207.a(uip-icmp6.o)
 .bss           0x00000000000333d8        0x0 obj_cooja/mtype207.a(uip-nd6.o)
 *fill*         0x00000000000333d8        0x8 
 .bss           0x00000000000333e0       0x44 obj_cooja/mtype207.a(rpl-nbr-policy.)
 .bss           0x0000000000033424        0x0 obj_cooja/mtype207.a(frame802154.o)
 .bss           0x0000000000033424        0x0 obj_cooja/mtype207.a(mac.o)
 .bss           0x0000000000033424        0x0 /usr/lib/gcc/i686-linux-gnu/4.8/crtendS.o
 .bss           0x0000000000033424        0x0 /usr/lib/gcc/i686-linux-gnu/4.8/../../../i386-linux-gnu/crtn.o
 *(COMMON)
 COMMON         0x0000000000033424       0x45 udp-client.co
                0x0000000000033424                dio_count
                0x0000000000033428                dis_count
                0x000000000003342c                collision_count
                0x0000000000033430                transmission_count
                0x0000000000033434                COOJA_radioRxLong
                0x0000000000033438                control_message_count
                0x000000000003343c                dao_count
                0x0000000000033440                COOJA_radioTx
                0x0000000000033444                data_relay_count
                0x0000000000033448                data_message_count
                0x000000000003344c                COOJA_radioTxLong
                0x0000000000033450                COOJA_radioRx
                0x0000000000033454                long_duty_on
                0x0000000000033458                COOJA_radioOn
                0x000000000003345c                COOJA_duration
                0x0000000000033460                dio_ack_count
                0x0000000000033464                COOJA_radioOnLong
                0x0000000000033468                short_duty_on
 *fill*         0x0000000000033469        0x3 
 COMMON         0x000000000003346c        0xc obj_cooja/mtype207.o
                0x000000000003346c                referenceVar
                0x0000000000033470                debugfp
                0x0000000000033474                sensors_flags
 COMMON         0x0000000000033478        0xc obj_cooja/mtype207.a(simEnvChange.o)
                0x0000000000033478                simEtimerPending
                0x000000000003347c                simProcessRunValue
                0x0000000000033480                simNextExpirationTime
 COMMON         0x0000000000033484        0x1 obj_cooja/mtype207.a(beep.o)
                0x0000000000033484                simBeeped
 COMMON         0x0000000000033485        0x3 obj_cooja/mtype207.a(button-sensor.o)
                0x0000000000033485                simButtonIsActive
                0x0000000000033486                simButtonIsDown
                0x0000000000033487                simButtonChanged
 COMMON         0x0000000000033488        0x1 obj_cooja/mtype207.a(leds-arch.o)
                0x0000000000033488                simLedsValue
 *fill*         0x0000000000033489        0x3 
 COMMON         0x000000000003348c        0xc obj_cooja/mtype207.a(moteid.o)
                0x000000000003348c                simRandomSeed
                0x0000000000033490                simMoteIDChanged
                0x0000000000033494                simMoteID
 COMMON         0x0000000000033498        0x2 obj_cooja/mtype207.a(pir-sensor.o)
                0x0000000000033498                simPirIsActive
                0x0000000000033499                simPirChanged
 *fill*         0x000000000003349a        0x6 
 COMMON         0x00000000000334a0      0x820 obj_cooja/mtype207.a(rs232.o)
                0x00000000000334a0                simSerialReceivingFlag
                0x00000000000334a4                simSerialReceivingLength
                0x00000000000334c0                simSerialReceivingData
 COMMON         0x0000000000033cc0        0x2 obj_cooja/mtype207.a(vib-sensor.o)
                0x0000000000033cc0                simVibChanged
                0x0000000000033cc1                simVibIsActive
 *fill*         0x0000000000033cc2        0x2 
 COMMON         0x0000000000033cc4        0x4 obj_cooja/mtype207.a(clock.o)
                0x0000000000033cc4                simCurrentTime
 *fill*         0x0000000000033cc8       0x18 
 COMMON         0x0000000000033ce0      0x420 obj_cooja/mtype207.a(log.o)
                0x0000000000033ce0                simLoggedLength
                0x0000000000033ce4                simLoggedFlag
                0x0000000000033d00                simLoggedData
 COMMON         0x0000000000034100      0x240 obj_cooja/mtype207.a(cooja-radio.o)
                0x0000000000034100                simOutDataBuffer
                0x0000000000034180                simRadioTarget
                0x00000000000341a0                simInDataBufferLR
                0x0000000000034220                simOutDataBufferLR
                0x00000000000342a0                dual_duty_cycle_count
                0x00000000000342c0                simInDataBuffer
 COMMON         0x0000000000034340      0x400 obj_cooja/mtype207.a(eeprom.o)
                0x0000000000034340                simEEPROMData
 COMMON         0x0000000000034740        0x1 obj_cooja/mtype207.a(sensors.o)
                0x0000000000034740                sensors_event
 *fill*         0x0000000000034741        0x3 
 COMMON         0x0000000000034744        0x4 obj_cooja/mtype207.a(log_message.o)
                0x0000000000034744                log_fp
 COMMON         0x0000000000034748        0x1 obj_cooja/mtype207.a(serial-line.o)
                0x0000000000034748                serial_line_event_message
 *fill*         0x0000000000034749       0x17 
 COMMON         0x0000000000034760       0x50 obj_cooja/mtype207.a(uip-ds6-nbr.o)
                0x0000000000034760                ds6_lr_addrmap
 *fill*         0x00000000000347b0       0x10 
 COMMON         0x00000000000347c0      0x298 obj_cooja/mtype207.a(uip-ds6.o)
                0x00000000000347c0                uip_ds6_prefix_list
                0x0000000000034820                uip_ds6_timer_periodic
                0x0000000000034830                uip_ds6_netif_addr_list_offset
                0x0000000000034840                uip_ds6_if
                0x0000000000034938                uip_ds6_timer_ra
                0x0000000000034940                uip_ds6_addr_size
                0x0000000000034960                long_uip_ds6_if
 *fill*         0x0000000000034a58        0x8 
 COMMON         0x0000000000034a60      0x8ec obj_cooja/mtype207.a(uip6.o)
                0x0000000000034a60                uip_slen
                0x0000000000034a62                uip_acc32
                0x0000000000034a80                uip_conns
                0x0000000000034b40                uip_lladdr
                0x0000000000034b48                uip_appdata
                0x0000000000034b4c                uip_flags
                0x0000000000034b60                uip_aligned_buf
                0x00000000000351a0                uip_listenports
                0x00000000000351b0                uip_len
                0x00000000000351b2                uip_long_lladdr
                0x00000000000351bc                uip_sappdata
                0x00000000000351c0                uip_udp_conns
                0x0000000000035340                uip_udp_conn
                0x0000000000035344                uip_next_hdr
                0x0000000000035348                uip_conn
 COMMON         0x000000000003534c        0x1 obj_cooja/mtype207.a(tcpip.o)
                0x000000000003534c                tcpip_event
 *fill*         0x000000000003534d       0x13 
 COMMON         0x0000000000035360      0x170 obj_cooja/mtype207.a(rpl-dag.o)
                0x0000000000035360                default_instance
                0x0000000000035380                instance_table
 COMMON         0x00000000000354d0        0x3 obj_cooja/mtype207.a(cxmac.o)
                0x00000000000354d0                my_weight
                0x00000000000354d1                my_sink_reachability
                0x00000000000354d2                my_parent_number
 COMMON         0x00000000000354d3       0x10 obj_cooja/mtype207.a(linkaddr.o)
                0x00000000000354d3                linkaddr_node_addr
                0x00000000000354db                long_linkaddr_node_addr
 *fill*         0x00000000000354e3        0x1 
 COMMON         0x00000000000354e4       0x2e obj_cooja/mtype207.a(packetbuf.o)
                0x00000000000354e4                packetbuf_attrs
                0x0000000000035502                packetbuf_addrs
 *fill*         0x0000000000035512        0xe 
 COMMON         0x0000000000035520       0x48 obj_cooja/mtype207.a(rimestats.o)
                0x0000000000035520                rimestats
                0x0000000000035568                . = ALIGN ((. != 0x0)?0x4:0x1)
                0x0000000000035568                . = ALIGN (0x4)
                0x0000000000035568                . = SEGMENT_START ("ldata-segment", .)
                0x0000000000035568                . = ALIGN (0x4)
                0x0000000000035568                _end = .
                0x0000000000035568                PROVIDE (end, .)
                0x0000000000035568                . = DATA_SEGMENT_END (.)

.stab
 *(.stab)

.stabstr
 *(.stabstr)

.stab.excl
 *(.stab.excl)

.stab.exclstr
 *(.stab.exclstr)

.stab.index
 *(.stab.index)

.stab.indexstr
 *(.stab.indexstr)

.comment        0x0000000000000000       0x29
 *(.comment)
 .comment       0x0000000000000000       0x29 /usr/lib/gcc/i686-linux-gnu/4.8/crtbeginS.o
                                         0x2a (size before relaxing)
 .comment       0x0000000000000000       0x2a udp-client.co
 .comment       0x0000000000000000       0x2a obj_cooja/mtype207.o
 .comment       0x0000000000000000       0x2a obj_cooja/mtype207.a(simEnvChange.o)
 .comment       0x0000000000000000       0x2a obj_cooja/mtype207.a(cooja_mt.o)
 .comment       0x0000000000000000       0x2a obj_cooja/mtype207.a(cooja_mtarch.o)
 .comment       0x0000000000000000       0x2a obj_cooja/mtype207.a(rtimer-arch.o)
 .comment       0x0000000000000000       0x2a obj_cooja/mtype207.a(beep.o)
 .comment       0x0000000000000000       0x2a obj_cooja/mtype207.a(button-sensor.o)
 .comment       0x0000000000000000       0x2a obj_cooja/mtype207.a(leds-arch.o)
 .comment       0x0000000000000000       0x2a obj_cooja/mtype207.a(moteid.o)
 .comment       0x0000000000000000       0x2a obj_cooja/mtype207.a(pir-sensor.o)
 .comment       0x0000000000000000       0x2a obj_cooja/mtype207.a(rs232.o)
 .comment       0x0000000000000000       0x2a obj_cooja/mtype207.a(vib-sensor.o)
 .comment       0x0000000000000000       0x2a obj_cooja/mtype207.a(clock.o)
 .comment       0x0000000000000000       0x2a obj_cooja/mtype207.a(log.o)
 .comment       0x0000000000000000       0x2a obj_cooja/mtype207.a(cfs-cooja.o)
 .comment       0x0000000000000000       0x2a obj_cooja/mtype207.a(cooja-radio.o)
 .comment       0x0000000000000000       0x2a obj_cooja/mtype207.a(eeprom.o)
 .comment       0x0000000000000000       0x2a obj_cooja/mtype207.a(random.o)
 .comment       0x0000000000000000       0x2a obj_cooja/mtype207.a(sensors.o)
 .comment       0x0000000000000000       0x2a obj_cooja/mtype207.a(dual_conf.o)
 .comment       0x0000000000000000       0x2a obj_cooja/mtype207.a(autostart.o)
 .comment       0x0000000000000000       0x2a obj_cooja/mtype207.a(ctimer.o)
 .comment       0x0000000000000000       0x2a obj_cooja/mtype207.a(etimer.o)
 .comment       0x0000000000000000       0x2a obj_cooja/mtype207.a(log_message.o)
 .comment       0x0000000000000000       0x2a obj_cooja/mtype207.a(process.o)
 .comment       0x0000000000000000       0x2a obj_cooja/mtype207.a(residual.o)
 .comment       0x0000000000000000       0x2a obj_cooja/mtype207.a(rtimer.o)
 .comment       0x0000000000000000       0x2a obj_cooja/mtype207.a(stimer.o)
 .comment       0x0000000000000000       0x2a obj_cooja/mtype207.a(timer.o)
 .comment       0x0000000000000000       0x2a obj_cooja/mtype207.a(serial-line.o)
 .comment       0x0000000000000000       0x2a obj_cooja/mtype207.a(list.o)
 .comment       0x0000000000000000       0x2a obj_cooja/mtype207.a(ringbuf.o)
 .comment       0x0000000000000000       0x2a obj_cooja/mtype207.a(sicslowpan.o)
 .comment       0x0000000000000000       0x2a obj_cooja/mtype207.a(uip-ds6-nbr.o)
 .comment       0x0000000000000000       0x2a obj_cooja/mtype207.a(uip-ds6-route.o)
 .comment       0x0000000000000000       0x2a obj_cooja/mtype207.a(uip-ds6.o)
 .comment       0x0000000000000000       0x2a obj_cooja/mtype207.a(uip6.o)
 .comment       0x0000000000000000       0x2a obj_cooja/mtype207.a(tcpip.o)
 .comment       0x0000000000000000       0x2a obj_cooja/mtype207.a(uip-debug.o)
 .comment       0x0000000000000000       0x2a obj_cooja/mtype207.a(uip-packetqueue)
 .comment       0x0000000000000000       0x2a obj_cooja/mtype207.a(uip-udp-packet.)
 .comment       0x0000000000000000       0x2a obj_cooja/mtype207.a(rpl-dag.o)
 .comment       0x0000000000000000       0x2a obj_cooja/mtype207.a(rpl-ext-header.)
 .comment       0x0000000000000000       0x2a obj_cooja/mtype207.a(rpl-icmp6.o)
 .comment       0x0000000000000000       0x2a obj_cooja/mtype207.a(rpl-of0.o)
 .comment       0x0000000000000000       0x2a obj_cooja/mtype207.a(rpl-timers.o)
 .comment       0x0000000000000000       0x2a obj_cooja/mtype207.a(rpl.o)
 .comment       0x0000000000000000       0x2a obj_cooja/mtype207.a(framer-802154.o)
 .comment       0x0000000000000000       0x2a obj_cooja/mtype207.a(nullmac.o)
 .comment       0x0000000000000000       0x2a obj_cooja/mtype207.a(cxmac.o)
 .comment       0x0000000000000000       0x2a obj_cooja/mtype207.a(linkaddr.o)
 .comment       0x0000000000000000       0x2a obj_cooja/mtype207.a(nbr-table.o)
 .comment       0x0000000000000000       0x2a obj_cooja/mtype207.a(netstack.o)
 .comment       0x0000000000000000       0x2a obj_cooja/mtype207.a(packetbuf.o)
 .comment       0x0000000000000000       0x2a obj_cooja/mtype207.a(queuebuf.o)
 .comment       0x0000000000000000       0x2a obj_cooja/mtype207.a(nullsec.o)
 .comment       0x0000000000000000       0x2a obj_cooja/mtype207.a(watchdog.o)
 .comment       0x0000000000000000       0x2a obj_cooja/mtype207.a(rimestats.o)
 .comment       0x0000000000000000       0x2a obj_cooja/mtype207.a(memb.o)
 .comment       0x0000000000000000       0x2a obj_cooja/mtype207.a(uip-icmp6.o)
 .comment       0x0000000000000000       0x2a obj_cooja/mtype207.a(uip-nd6.o)
 .comment       0x0000000000000000       0x2a obj_cooja/mtype207.a(rpl-nbr-policy.)
 .comment       0x0000000000000000       0x2a obj_cooja/mtype207.a(frame802154.o)
 .comment       0x0000000000000000       0x2a obj_cooja/mtype207.a(mac.o)
 .comment       0x0000000000000000       0x2a /usr/lib/gcc/i686-linux-gnu/4.8/crtendS.o

.debug
 *(.debug)

.line
 *(.line)

.debug_srcinfo
 *(.debug_srcinfo)

.debug_sfnames
 *(.debug_sfnames)

.debug_aranges  0x0000000000000000      0x818
 *(.debug_aranges)
 .debug_aranges
                0x0000000000000000       0x20 udp-client.co
 .debug_aranges
                0x0000000000000020       0x20 obj_cooja/mtype207.o
 .debug_aranges
                0x0000000000000040       0x20 obj_cooja/mtype207.a(simEnvChange.o)
 .debug_aranges
                0x0000000000000060       0x20 obj_cooja/mtype207.a(cooja_mt.o)
 .debug_aranges
                0x0000000000000080       0x20 obj_cooja/mtype207.a(cooja_mtarch.o)
 .debug_aranges
                0x00000000000000a0       0x20 obj_cooja/mtype207.a(rtimer-arch.o)
 .debug_aranges
                0x00000000000000c0       0x20 obj_cooja/mtype207.a(beep.o)
 .debug_aranges
                0x00000000000000e0       0x20 obj_cooja/mtype207.a(button-sensor.o)
 .debug_aranges
                0x0000000000000100       0x20 obj_cooja/mtype207.a(leds-arch.o)
 .debug_aranges
                0x0000000000000120       0x20 obj_cooja/mtype207.a(moteid.o)
 .debug_aranges
                0x0000000000000140       0x20 obj_cooja/mtype207.a(pir-sensor.o)
 .debug_aranges
                0x0000000000000160       0x20 obj_cooja/mtype207.a(rs232.o)
 .debug_aranges
                0x0000000000000180       0x20 obj_cooja/mtype207.a(vib-sensor.o)
 .debug_aranges
                0x00000000000001a0       0x20 obj_cooja/mtype207.a(clock.o)
 .debug_aranges
                0x00000000000001c0       0x20 obj_cooja/mtype207.a(log.o)
 .debug_aranges
                0x00000000000001e0       0x20 obj_cooja/mtype207.a(cfs-cooja.o)
 .debug_aranges
                0x0000000000000200       0x20 obj_cooja/mtype207.a(cooja-radio.o)
 .debug_aranges
                0x0000000000000220       0x20 obj_cooja/mtype207.a(eeprom.o)
 .debug_aranges
                0x0000000000000240       0x20 obj_cooja/mtype207.a(random.o)
 .debug_aranges
                0x0000000000000260       0x20 obj_cooja/mtype207.a(sensors.o)
 .debug_aranges
                0x0000000000000280       0x20 obj_cooja/mtype207.a(dual_conf.o)
 .debug_aranges
                0x00000000000002a0       0x20 obj_cooja/mtype207.a(autostart.o)
 .debug_aranges
                0x00000000000002c0       0x20 obj_cooja/mtype207.a(ctimer.o)
 .debug_aranges
                0x00000000000002e0       0x20 obj_cooja/mtype207.a(etimer.o)
 .debug_aranges
                0x0000000000000300       0x20 obj_cooja/mtype207.a(log_message.o)
 .debug_aranges
                0x0000000000000320       0x20 obj_cooja/mtype207.a(process.o)
 .debug_aranges
                0x0000000000000340       0x20 obj_cooja/mtype207.a(residual.o)
 .debug_aranges
                0x0000000000000360       0x20 obj_cooja/mtype207.a(rtimer.o)
 .debug_aranges
                0x0000000000000380       0x20 obj_cooja/mtype207.a(stimer.o)
 .debug_aranges
                0x00000000000003a0       0x20 obj_cooja/mtype207.a(timer.o)
 .debug_aranges
                0x00000000000003c0       0x20 obj_cooja/mtype207.a(serial-line.o)
 .debug_aranges
                0x00000000000003e0       0x20 obj_cooja/mtype207.a(list.o)
 .debug_aranges
                0x0000000000000400       0x20 obj_cooja/mtype207.a(ringbuf.o)
 .debug_aranges
                0x0000000000000420       0x20 obj_cooja/mtype207.a(sicslowpan.o)
 .debug_aranges
                0x0000000000000440       0x20 obj_cooja/mtype207.a(uip-ds6-nbr.o)
 .debug_aranges
                0x0000000000000460       0x20 obj_cooja/mtype207.a(uip-ds6-route.o)
 .debug_aranges
                0x0000000000000480       0x20 obj_cooja/mtype207.a(uip-ds6.o)
 .debug_aranges
                0x00000000000004a0       0x20 obj_cooja/mtype207.a(uip6.o)
 .debug_aranges
                0x00000000000004c0       0x20 obj_cooja/mtype207.a(tcpip.o)
 .debug_aranges
                0x00000000000004e0       0x20 obj_cooja/mtype207.a(uip-debug.o)
 .debug_aranges
                0x0000000000000500       0x20 obj_cooja/mtype207.a(uip-packetqueue)
 .debug_aranges
                0x0000000000000520       0x20 obj_cooja/mtype207.a(uip-udp-packet.)
 .debug_aranges
                0x0000000000000540       0x20 obj_cooja/mtype207.a(rpl-dag.o)
 .debug_aranges
                0x0000000000000560       0x20 obj_cooja/mtype207.a(rpl-ext-header.)
 .debug_aranges
                0x0000000000000580       0x20 obj_cooja/mtype207.a(rpl-icmp6.o)
 .debug_aranges
                0x00000000000005a0       0x20 obj_cooja/mtype207.a(rpl-of0.o)
 .debug_aranges
                0x00000000000005c0       0x20 obj_cooja/mtype207.a(rpl-timers.o)
 .debug_aranges
                0x00000000000005e0       0x20 obj_cooja/mtype207.a(rpl.o)
 .debug_aranges
                0x0000000000000600       0x20 obj_cooja/mtype207.a(framer-802154.o)
 .debug_aranges
                0x0000000000000620       0x20 obj_cooja/mtype207.a(nullmac.o)
 .debug_aranges
                0x0000000000000640       0x20 obj_cooja/mtype207.a(cxmac.o)
 .debug_aranges
                0x0000000000000660       0x20 obj_cooja/mtype207.a(linkaddr.o)
 .debug_aranges
                0x0000000000000680       0x20 obj_cooja/mtype207.a(nbr-table.o)
 .debug_aranges
                0x00000000000006a0       0x20 obj_cooja/mtype207.a(netstack.o)
 .debug_aranges
                0x00000000000006c0       0x20 obj_cooja/mtype207.a(packetbuf.o)
 .debug_aranges
                0x00000000000006e0       0x20 obj_cooja/mtype207.a(queuebuf.o)
 .debug_aranges
                0x0000000000000700       0x20 obj_cooja/mtype207.a(nullsec.o)
 .debug_aranges
                0x0000000000000720       0x20 obj_cooja/mtype207.a(watchdog.o)
 .debug_aranges
                0x0000000000000740       0x18 obj_cooja/mtype207.a(rimestats.o)
 .debug_aranges
                0x0000000000000758       0x20 obj_cooja/mtype207.a(memb.o)
 .debug_aranges
                0x0000000000000778       0x20 obj_cooja/mtype207.a(uip-icmp6.o)
 .debug_aranges
                0x0000000000000798       0x20 obj_cooja/mtype207.a(uip-nd6.o)
 .debug_aranges
                0x00000000000007b8       0x20 obj_cooja/mtype207.a(rpl-nbr-policy.)
 .debug_aranges
                0x00000000000007d8       0x20 obj_cooja/mtype207.a(frame802154.o)
 .debug_aranges
                0x00000000000007f8       0x20 obj_cooja/mtype207.a(mac.o)

.debug_pubnames
 *(.debug_pubnames)

.debug_info     0x0000000000000000    0x1c61f
 *(.debug_info .gnu.linkonce.wi.*)
 .debug_info    0x0000000000000000      0xa12 udp-client.co
 .debug_info    0x0000000000000a12     0x3ac4 obj_cooja/mtype207.o
 .debug_info    0x00000000000044d6      0x15a obj_cooja/mtype207.a(simEnvChange.o)
 .debug_info    0x0000000000004630      0x1e2 obj_cooja/mtype207.a(cooja_mt.o)
 .debug_info    0x0000000000004812      0x2e7 obj_cooja/mtype207.a(cooja_mtarch.o)
 .debug_info    0x0000000000004af9      0x16b obj_cooja/mtype207.a(rtimer-arch.o)
 .debug_info    0x0000000000004c64      0x1f3 obj_cooja/mtype207.a(beep.o)
 .debug_info    0x0000000000004e57      0x257 obj_cooja/mtype207.a(button-sensor.o)
 .debug_info    0x00000000000050ae      0x132 obj_cooja/mtype207.a(leds-arch.o)
 .debug_info    0x00000000000051e0      0x10a obj_cooja/mtype207.a(moteid.o)
 .debug_info    0x00000000000052ea      0x216 obj_cooja/mtype207.a(pir-sensor.o)
 .debug_info    0x0000000000005500      0x21e obj_cooja/mtype207.a(rs232.o)
 .debug_info    0x000000000000571e      0x216 obj_cooja/mtype207.a(vib-sensor.o)
 .debug_info    0x0000000000005934      0x152 obj_cooja/mtype207.a(clock.o)
 .debug_info    0x0000000000005a86      0x2bb obj_cooja/mtype207.a(log.o)
 .debug_info    0x0000000000005d41      0x3cf obj_cooja/mtype207.a(cfs-cooja.o)
 .debug_info    0x0000000000006110      0xd1f obj_cooja/mtype207.a(cooja-radio.o)
 .debug_info    0x0000000000006e2f      0x1d5 obj_cooja/mtype207.a(eeprom.o)
 .debug_info    0x0000000000007004       0xb3 obj_cooja/mtype207.a(random.o)
 .debug_info    0x00000000000070b7      0x36d obj_cooja/mtype207.a(sensors.o)
 .debug_info    0x0000000000007424      0xc69 obj_cooja/mtype207.a(dual_conf.o)
 .debug_info    0x000000000000808d      0x1a5 obj_cooja/mtype207.a(autostart.o)
 .debug_info    0x0000000000008232      0x46c obj_cooja/mtype207.a(ctimer.o)
 .debug_info    0x000000000000869e      0x49c obj_cooja/mtype207.a(etimer.o)
 .debug_info    0x0000000000008b3a      0x3d2 obj_cooja/mtype207.a(log_message.o)
 .debug_info    0x0000000000008f0c      0x4ba obj_cooja/mtype207.a(process.o)
 .debug_info    0x00000000000093c6      0x164 obj_cooja/mtype207.a(residual.o)
 .debug_info    0x000000000000952a      0x1ab obj_cooja/mtype207.a(rtimer.o)