Archive member included to satisfy reference by file (symbol)

obj_cooja/mtype574.a(simEnvChange.o)
                              obj_cooja/mtype574.o (simDontFallAsleep)
obj_cooja/mtype574.a(cooja_mt.o)
                              obj_cooja/mtype574.o (cooja_mt_start)
obj_cooja/mtype574.a(cooja_mtarch.o)
                              obj_cooja/mtype574.a(cooja_mt.o) (cooja_mtarch_init)
obj_cooja/mtype574.a(rtimer-arch.o)
                              obj_cooja/mtype574.o (rtimer_arch_next)
obj_cooja/mtype574.a(beep.o)  obj_cooja/mtype574.o (beep_interface)
obj_cooja/mtype574.a(button-sensor.o)
                              obj_cooja/mtype574.o (button_interface)
obj_cooja/mtype574.a(leds-arch.o)
                              obj_cooja/mtype574.o (leds_interface)
obj_cooja/mtype574.a(moteid.o)
                              obj_cooja/mtype574.o (moteid_interface)
obj_cooja/mtype574.a(pir-sensor.o)
                              obj_cooja/mtype574.o (pir_interface)
obj_cooja/mtype574.a(rs232.o)
                              obj_cooja/mtype574.o (rs232_interface)
obj_cooja/mtype574.a(vib-sensor.o)
                              obj_cooja/mtype574.o (vib_interface)
obj_cooja/mtype574.a(clock.o)
                              obj_cooja/mtype574.o (clock_interface)
obj_cooja/mtype574.a(log.o)   obj_cooja/mtype574.o (simlog_interface)
obj_cooja/mtype574.a(cfs-cooja.o)
                              obj_cooja/mtype574.o (cfs_interface)
obj_cooja/mtype574.a(cooja-radio.o)
                              obj_cooja/mtype574.o (radio_interface)
obj_cooja/mtype574.a(eeprom.o)
                              obj_cooja/mtype574.o (eeprom_interface)
obj_cooja/mtype574.a(random.o)
                              obj_cooja/mtype574.a(moteid.o) (random_init)
obj_cooja/mtype574.a(sensors.o)
                              udp-server.co (sensors_event)
obj_cooja/mtype574.a(autostart.o)
                              obj_cooja/mtype574.o (autostart_start)
obj_cooja/mtype574.a(ctimer.o)
                              obj_cooja/mtype574.o (ctimer_init)
obj_cooja/mtype574.a(etimer.o)
                              obj_cooja/mtype574.o (etimer_process)
obj_cooja/mtype574.a(log_message.o)
                              obj_cooja/mtype574.o (log_initialization)
obj_cooja/mtype574.a(process.o)
                              udp-server.co (process_current)
obj_cooja/mtype574.a(residual.o)
                              obj_cooja/mtype574.o (get_residual_energy)
obj_cooja/mtype574.a(rtimer.o)
                              obj_cooja/mtype574.a(rtimer-arch.o) (rtimer_run_next)
obj_cooja/mtype574.a(timer.o)
                              obj_cooja/mtype574.a(button-sensor.o) (timer_set)
obj_cooja/mtype574.a(serial-line.o)
                              obj_cooja/mtype574.a(rs232.o) (serial_line_input_byte)
obj_cooja/mtype574.a(list.o)  obj_cooja/mtype574.a(ctimer.o) (list_init)
obj_cooja/mtype574.a(ringbuf.o)
                              obj_cooja/mtype574.a(serial-line.o) (ringbuf_init)
obj_cooja/mtype574.a(sicslowpan.o)
                              obj_cooja/mtype574.o (sicslowpan_driver)
obj_cooja/mtype574.a(uip-ds6-nbr.o)
                              obj_cooja/mtype574.a(sicslowpan.o) (uip_ds6_link_neighbor_callback)
obj_cooja/mtype574.a(uip-ds6.o)
                              udp-server.co (uip_ds6_if)
obj_cooja/mtype574.a(uip6.o)  obj_cooja/mtype574.o (uip_lladdr)
obj_cooja/mtype574.a(tcpip.o)
                              udp-server.co (tcpip_event)
obj_cooja/mtype574.a(uip-debug.o)
                              udp-server.co (uip_debug_ipaddr_print)
obj_cooja/mtype574.a(uip-packetqueue)
                              obj_cooja/mtype574.a(uip-ds6-nbr.o) (uip_packetqueue_new)
obj_cooja/mtype574.a(rpl-dag.o)
                              udp-server.co (rpl_set_root)
obj_cooja/mtype574.a(rpl-ext-header.)
                              obj_cooja/mtype574.a(uip6.o) (rpl_verify_header)
obj_cooja/mtype574.a(rpl-icmp6.o)
                              obj_cooja/mtype574.a(rpl-dag.o) (rpl_icmp6_update_nbr_table)
obj_cooja/mtype574.a(rpl-mrhof.o)
                              obj_cooja/mtype574.a(rpl-dag.o) (rpl_mrhof)
obj_cooja/mtype574.a(rpl-timers.o)
                              obj_cooja/mtype574.a(rpl-dag.o) (rpl_reset_dio_timer)
obj_cooja/mtype574.a(rpl.o)   obj_cooja/mtype574.a(rpl-icmp6.o) (rpl_get_mode)
obj_cooja/mtype574.a(framer-802154.o)
                              obj_cooja/mtype574.a(sicslowpan.o) (framer_802154)
obj_cooja/mtype574.a(nullmac.o)
                              udp-server.co (nullmac_driver)
obj_cooja/mtype574.a(nullrdc.o)
                              obj_cooja/mtype574.o (nullrdc_driver)
obj_cooja/mtype574.a(linkaddr.o)
                              obj_cooja/mtype574.o (linkaddr_node_addr)
obj_cooja/mtype574.a(nbr-table.o)
                              obj_cooja/mtype574.a(uip-ds6-nbr.o) (nbr_table_register)
obj_cooja/mtype574.a(netstack.o)
                              obj_cooja/mtype574.o (netstack_init)
[...]
Memory Configuration

Name             Origin             Length             Attributes
*default*        0x0000000000000000 0xffffffffffffffff

Linker script and memory map

LOAD /usr/lib/gcc/i686-linux-gnu/4.8/../../../i386-linux-gnu/crti.o
LOAD /usr/lib/gcc/i686-linux-gnu/4.8/crtbeginS.o
LOAD udp-server.co
LOAD obj_cooja/mtype574.o
LOAD obj_cooja/mtype574.a
LOAD /usr/lib/gcc/i686-linux-gnu/4.8/libgcc.a
LOAD /usr/lib/gcc/i686-linux-gnu/4.8/libgcc_s.so
LOAD /usr/lib/gcc/i686-linux-gnu/4.8/../../../i386-linux-gnu/libc.so
START GROUP
LOAD /lib/i386-linux-gnu/libc.so.6
LOAD /usr/lib/i386-linux-gnu/libc_nonshared.a
LOAD /lib/i386-linux-gnu/ld-linux.so.2
END GROUP
LOAD /usr/lib/gcc/i686-linux-gnu/4.8/libgcc.a
LOAD /usr/lib/gcc/i686-linux-gnu/4.8/libgcc_s.so
LOAD /usr/lib/gcc/i686-linux-gnu/4.8/crtendS.o
LOAD /usr/lib/gcc/i686-linux-gnu/4.8/../../../i386-linux-gnu/crtn.o
                0x0000000000000114                . = (0x0 + SIZEOF_HEADERS)

.note.gnu.build-id
                0x0000000000000114       0x24
 *(.note.gnu.build-id)
 .note.gnu.build-id
                0x0000000000000114       0x24 /usr/lib/gcc/i686-linux-gnu/4.8/../../../i386-linux-gnu/crti.o

.hash
 *(.hash)

.gnu.hash       0x0000000000000138     0x12c0
 *(.gnu.hash)
 .gnu.hash      0x0000000000000138     0x12c0 /usr/lib/gcc/i686-linux-gnu/4.8/../../../i386-linux-gnu/crti.o

.dynsym         0x00000000000013f8     0x2360
 *(.dynsym)
 .dynsym        0x00000000000013f8     0x2360 /usr/lib/gcc/i686-linux-gnu/4.8/../../../i386-linux-gnu/crti.o

.dynstr         0x0000000000003758     0x2464
 *(.dynstr)
 .dynstr        0x0000000000003758     0x2464 /usr/lib/gcc/i686-linux-gnu/4.8/../../../i386-linux-gnu/crti.o

.gnu.version    0x0000000000005bbc      0x46c
 *(.gnu.version)
 .gnu.version   0x0000000000005bbc      0x46c /usr/lib/gcc/i686-linux-gnu/4.8/../../../i386-linux-gnu/crti.o

.gnu.version_d  0x0000000000006028        0x0
 *(.gnu.version_d)
 .gnu.version_d
                0x0000000000000000        0x0 /usr/lib/gcc/i686-linux-gnu/4.8/../../../i386-linux-gnu/crti.o

.gnu.version_r  0x0000000000006028       0x50
 *(.gnu.version_r)
 .gnu.version_r
                0x0000000000006028       0x50 /usr/lib/gcc/i686-linux-gnu/4.8/../../../i386-linux-gnu/crti.o

.rel.dyn        0x0000000000006078     0x7ff8
 *(.rel.init)
 .rel.init      0x0000000000000000        0x0 /usr/lib/gcc/i686-linux-gnu/4.8/../../../i386-linux-gnu/crti.o
 *(.rel.text .rel.text.* .rel.gnu.linkonce.t.*)
 .rel.text      0x0000000000006078     0x78a0 /usr/lib/gcc/i686-linux-gnu/4.8/../../../i386-linux-gnu/crti.o
 *(.rel.fini)
 .rel.fini      0x0000000000000000        0x0 /usr/lib/gcc/i686-linux-gnu/4.8/../../../i386-linux-gnu/crti.o
 *(.rel.rodata .rel.rodata.* .rel.gnu.linkonce.r.*)
 .rel.rodata    0x000000000000d918      0x4e0 /usr/lib/gcc/i686-linux-gnu/4.8/../../../i386-linux-gnu/crti.o
 *(.rel.data.rel.ro .rel.data.rel.ro.* .rel.gnu.linkonce.d.rel.ro.*)
 *(.rel.data .rel.data.* .rel.gnu.linkonce.d.*)
 .rel.data.rel  0x000000000000ddf8        0x8 /usr/lib/gcc/i686-linux-gnu/4.8/../../../i386-linux-gnu/crti.o
 .rel.data      0x000000000000de00      0x238 /usr/lib/gcc/i686-linux-gnu/4.8/../../../i386-linux-gnu/crti.o
 *(.rel.tdata .rel.tdata.* .rel.gnu.linkonce.td.*)
 *(.rel.tbss .rel.tbss.* .rel.gnu.linkonce.tb.*)
 *(.rel.ctors)
 *(.rel.dtors)
 *(.rel.got)
 .rel.got       0x000000000000e038       0x28 /usr/lib/gcc/i686-linux-gnu/4.8/../../../i386-linux-gnu/crti.o
 *(.rel.bss .rel.bss.* .rel.gnu.linkonce.b.*)
 *(.rel.ifunc)
 .rel.ifunc     0x0000000000000000        0x0 /usr/lib/gcc/i686-linux-gnu/4.8/../../../i386-linux-gnu/crti.o
 .rel.fini_array
                0x000000000000e060        0x8 /usr/lib/gcc/i686-linux-gnu/4.8/../../../i386-linux-gnu/crti.o
 .rel.init_array
                0x000000000000e068        0x8 /usr/lib/gcc/i686-linux-gnu/4.8/../../../i386-linux-gnu/crti.o

.rel.plt        0x000000000000e070       0x10
 *(.rel.plt)
 .rel.plt       0x000000000000e070       0x10 /usr/lib/gcc/i686-linux-gnu/4.8/../../../i386-linux-gnu/crti.o
 *(.rel.iplt)

.init           0x000000000000e080       0x23
 *(SORT(.init))
 .init          0x000000000000e080       0x1e /usr/lib/gcc/i686-linux-gnu/4.8/../../../i386-linux-gnu/crti.o
                0x000000000000e080                _init
 .init          0x000000000000e09e        0x5 /usr/lib/gcc/i686-linux-gnu/4.8/../../../i386-linux-gnu/crtn.o

.plt            0x000000000000e0b0       0x30
 *(.plt)
 .plt           0x000000000000e0b0       0x30 /usr/lib/gcc/i686-linux-gnu/4.8/../../../i386-linux-gnu/crti.o
 *(.iplt)

.text           0x000000000000e0e0    0x1412a
 *(.text.unlikely .text.*_unlikely .text.unlikely.*)
 *(.text.exit .text.exit.*)
 *(.text.startup .text.startup.*)
 *(.text.hot .text.hot.*)
 *(.text .stub .text.* .gnu.linkonce.t.*)
 .text          0x000000000000e0e0        0x0 /usr/lib/gcc/i686-linux-gnu/4.8/../../../i386-linux-gnu/crti.o
 .gnu.linkonce.t.__x86.get_pc_thunk.bx
                0x000000000000e0e0        0x4 /usr/lib/gcc/i686-linux-gnu/4.8/../../../i386-linux-gnu/crti.o
                0x000000000000e0e0                __x86.get_pc_thunk.bx
 *fill*         0x000000000000e0e4        0xc 
 .text          0x000000000000e0f0      0x11b /usr/lib/gcc/i686-linux-gnu/4.8/crtbeginS.o
 .text          0x000000000000e20b      0x3ce udp-server.co
 .text          0x000000000000e5d9      0x734 obj_cooja/mtype574.o
                0x000000000000e70f                contiki_init
                0x000000000000eb24                Java_org_contikios_cooja_corecomm_Lib19_init
                0x000000000000eb64                Java_org_contikios_cooja_corecomm_Lib19_getMemory
                0x000000000000eba4                Java_org_contikios_cooja_corecomm_Lib19_setMemory
                0x000000000000ec1b                Java_org_contikios_cooja_corecomm_Lib19_tick
                0x000000000000ecfb                Java_org_contikios_cooja_corecomm_Lib19_setReferenceAddress
 .text          0x000000000000ed0d       0x63 obj_cooja/mtype574.a(simEnvChange.o)
                0x000000000000ed0d                doActionsBeforeTick
                0x000000000000ed3e                doActionsAfterTick
 .text          0x000000000000ed70       0xbc obj_cooja/mtype574.a(cooja_mt.o)
                0x000000000000ed70                cooja_mt_init
                0x000000000000ed7d                cooja_mt_remove
                0x000000000000ed8a                cooja_mt_start
                0x000000000000edb7                cooja_mt_exec
                0x000000000000ede8                cooja_mt_exit
                0x000000000000ee0a                cooja_mt_yield
 .text          0x000000000000ee2c      0x115 obj_cooja/mtype574.a(cooja_mtarch.o)
                0x000000000000ee2c                cooja_mtarch_init
                0x000000000000ee31                cooja_mtarch_start
                0x000000000000eeac                cooja_sw
                0x000000000000eece                cooja_mtarch_exec
                0x000000000000eeea                cooja_mtarch_remove
                0x000000000000eeef                cooja_mtarch_yield
                0x000000000000eef9                cooja_mtarch_pstop
                0x000000000000eefe                cooja_mtarch_pstart
                0x000000000000ef03                cooja_mtarch_stack_usage
 .text          0x000000000000ef41       0xc2 obj_cooja/mtype574.a(rtimer-arch.o)
                0x000000000000ef41                rtimer_arch_init
                0x000000000000ef64                rtimer_arch_schedule
                0x000000000000ef7b                rtimer_arch_next
                0x000000000000ef85                rtimer_arch_pending
                0x000000000000ef8f                rtimer_arch_check
                0x000000000000efc1                rtimer_arch_now
 .text          0x000000000000f003       0x76 obj_cooja/mtype574.a(beep.o)
                0x000000000000f003                beep_alarm
                0x000000000000f00f                beep_beep
                0x000000000000f01b                beep
                0x000000000000f027                beep_down
                0x000000000000f033                beep_on
                0x000000000000f03f                beep_off
                0x000000000000f04b                beep_spinup
                0x000000000000f057                beep_quick
                0x000000000000f063                beep_long
 .text          0x000000000000f079      0x103 obj_cooja/mtype574.a(button-sensor.o)
 .text          0x000000000000f17c       0x45 obj_cooja/mtype574.a(leds-arch.o)
                0x000000000000f17c                leds_arch_init
                0x000000000000f188                leds_arch_get
                0x000000000000f194                leds_arch_set
 .text          0x000000000000f1c1       0x2f obj_cooja/mtype574.a(moteid.o)
 .text          0x000000000000f1f0       0xb1 obj_cooja/mtype574.a(pir-sensor.o)
 .text          0x000000000000f2a1      0x131 obj_cooja/mtype574.a(rs232.o)
                0x000000000000f2a1                rs232_init
                0x000000000000f2a6                rs232_set_speed
                0x000000000000f2b4                rs232_set_input
                0x000000000000f2c1                rs232_send
                0x000000000000f2e3                rs232_print
                0x000000000000f2fe                slip_arch_writeb
 .text          0x000000000000f3d2       0xb1 obj_cooja/mtype574.a(vib-sensor.o)
 .text          0x000000000000f483       0x34 obj_cooja/mtype574.a(clock.o)
                0x000000000000f483                clock_init
                0x000000000000f488                clock_time
                0x000000000000f492                clock_seconds
                0x000000000000f4a8                clock_delay
 .text          0x000000000000f4b7      0x1ed obj_cooja/mtype574.a(log.o)
                0x000000000000f4b7                simlog_char
                0x000000000000f4f9                simlog
                0x000000000000f566                log_message
                0x000000000000f58e                log_set_putchar_with_slip
                0x000000000000f59b                log_putchar
                0x000000000000f61f                log_puts
                0x000000000000f643                log_printf
 .text          0x000000000000f6a4      0x2c4 obj_cooja/mtype574.a(cfs-cooja.o)
                0x000000000000f6a4                cfs_open
                0x000000000000f70d                cfs_close
                0x000000000000f719                cfs_read
                0x000000000000f7b7                cfs_write
                0x000000000000f894                cfs_seek
                0x000000000000f91c                cfs_remove
                0x000000000000f945                cfs_opendir
                0x000000000000f94f                cfs_readdir
                0x000000000000f959                cfs_closedir
 .text          0x000000000000f968      0x3e8 obj_cooja/mtype574.a(cooja-radio.o)
                0x000000000000f992                radio_set_channel
                0x000000000000f99f                radio_set_txpower
                0x000000000000f9b6                radio_signal_strength_last
                0x000000000000f9c0                radio_signal_strength_current
                0x000000000000f9ca                radio_LQI
 .text          0x000000000000fd50       0xef obj_cooja/mtype574.a(eeprom.o)
                0x000000000000fd50                eeprom_init
                0x000000000000fd55                eeprom_read
                0x000000000000fdc5                eeprom_write
 .text          0x000000000000fe3f       0x28 obj_cooja/mtype574.a(random.o)
                0x000000000000fe3f                random_init
                0x000000000000fe5a                random_rand
 .text          0x000000000000fe67      0x2a1 obj_cooja/mtype574.a(sensors.o)
                0x000000000000fea2                sensors_first
                0x000000000000feac                sensors_next
                0x000000000000fec9                sensors_changed
                0x000000000000fef8                sensors_find
 .text          0x0000000000010108       0x8e obj_cooja/mtype574.a(autostart.o)
                0x0000000000010108                autostart_start
                0x0000000000010153                autostart_exit
 .text          0x0000000000010196      0x334 obj_cooja/mtype574.a(ctimer.o)
                0x00000000000102ad                ctimer_init
                0x00000000000102dd                ctimer_set
                0x000000000001030e                ctimer_set_with_process
                0x000000000001038a                ctimer_reset
                0x00000000000103d9                ctimer_restart
                0x0000000000010428                ctimer_stop
                0x0000000000010473                ctimer_expired
 .text          0x00000000000104ca      0x40b obj_cooja/mtype574.a(etimer.o)
                0x00000000000106dd                etimer_request_poll
                0x0000000000010761                etimer_set
                0x0000000000010786                etimer_reset_with_new_interval
                0x00000000000107ad                etimer_reset
                0x00000000000107cb                etimer_restart
                0x00000000000107e9                etimer_adjust
                0x0000000000010805                etimer_expired
                0x0000000000010818                etimer_expiration_time
                0x000000000001082a                etimer_start_time
                0x0000000000010834                etimer_pending
                0x0000000000010846                etimer_next_expiration_time
                0x0000000000010860                etimer_stop
 .text          0x00000000000108d5       0xdd obj_cooja/mtype574.a(log_message.o)
                0x00000000000108d5                log_initialization
                0x0000000000010991                log_finisher
 .text          0x00000000000109b2      0x560 obj_cooja/mtype574.a(process.o)
                0x00000000000109b2                process_alloc_event
                0x00000000000109c7                process_start
                0x0000000000010bb0                process_exit
                0x0000000000010bcc                process_init
                0x0000000000010d9d                process_run
                0x0000000000010dd0                process_nevents
                0x0000000000010deb                process_post
                0x0000000000010e97                process_post_synch
                0x0000000000010ecf                process_poll
                0x0000000000010efe                process_is_running
 .text          0x0000000000010f12       0x8b obj_cooja/mtype574.a(residual.o)
                0x0000000000010f12                get_residual_energy
 .text          0x0000000000010f9d       0xba obj_cooja/mtype574.a(rtimer.o)
                0x0000000000010f9d                rtimer_init
                0x0000000000010faa                rtimer_set
                0x0000000000011001                rtimer_run_next
 .text          0x0000000000011057       0x91 obj_cooja/mtype574.a(timer.o)
                0x0000000000011057                timer_set
                0x0000000000011072                timer_reset
                0x0000000000011089                timer_restart
                0x000000000001109b                timer_expired
                0x00000000000110c4                timer_remaining
 .text          0x00000000000110e8      0x1fb obj_cooja/mtype574.a(serial-line.o)
                0x00000000000110e8                serial_line_input_byte
                0x00000000000112ab                serial_line_init
 .text          0x00000000000112e3      0x244 obj_cooja/mtype574.a(list.o)
                0x00000000000112e3                list_init
                0x00000000000112f1                list_head
                0x00000000000112fb                list_copy
                0x000000000001130a                list_tail
                0x0000000000011340                list_add
                0x0000000000011389                list_push
                0x00000000000113b5                list_chop
                0x000000000001141f                list_pop
                0x0000000000011447                list_remove
                0x00000000000114ae                list_length
                0x00000000000114dc                list_insert
                0x0000000000011510                list_item_next
 .text          0x0000000000011527      0x155 obj_cooja/mtype574.a(ringbuf.o)
                0x0000000000011527                ringbuf_init
                0x0000000000011558                ringbuf_put
                0x00000000000115d6                ringbuf_get
                0x0000000000011643                ringbuf_size
                0x0000000000011655                ringbuf_elements
 .text          0x000000000001167c     0x258b obj_cooja/mtype574.a(sicslowpan.o)
                0x0000000000011c06                rime_sniffer_add
                0x0000000000011c13                rime_sniffer_remove
                0x0000000000013ba6                sicslowpan_init
                0x0000000000013bfd                sicslowpan_get_last_rssi
 .text          0x0000000000013c07      0x298 obj_cooja/mtype574.a(uip-ds6-nbr.o)
                0x0000000000013c24                uip_ds6_neighbors_init
                0x0000000000013c41                uip_ds6_nbr_add
                0x0000000000013cc9                uip_ds6_nbr_rm
                0x0000000000013d0b                uip_ds6_nbr_get_ipaddr
                0x0000000000013d20                uip_ds6_nbr_get_ll
                0x0000000000013d3c                uip_ds6_nbr_num
                0x0000000000013d81                uip_ds6_nbr_lookup
                0x0000000000013de6                uip_ds6_nbr_ll_lookup
                0x0000000000013e02                uip_ds6_nbr_ipaddr_from_lladdr
                0x0000000000013e28                uip_ds6_nbr_lladdr_from_ipaddr
                0x0000000000013e56                uip_ds6_link_neighbor_callback
 .text          0x0000000000013e9f      0xb97 obj_cooja/mtype574.a(uip-ds6.o)
                0x0000000000013e9f                uip_ds6_init
                0x0000000000014072                uip_ds6_periodic
                0x00000000000140eb                uip_ds6_list_loop
                0x0000000000014192                uip_ds6_prefix_add
                0x0000000000014250                uip_ds6_prefix_rm
                0x0000000000014262                uip_ds6_prefix_lookup
                0x00000000000142b3                uip_ds6_is_addr_onlink
                0x0000000000014327                uip_ds6_addr_add
                0x0000000000014455                uip_ds6_addr_rm
                0x00000000000144f5                uip_ds6_addr_lookup
                0x0000000000014540                uip_ds6_get_link_local
                0x00000000000145bf                uip_ds6_get_global
                0x000000000001463e                uip_ds6_maddr_add
                0x00000000000146b0                uip_ds6_maddr_rm
                0x00000000000146c2                uip_ds6_maddr_lookup
                0x000000000001470d                uip_ds6_aaddr_add
                0x000000000001477f                uip_ds6_aaddr_rm
                0x0000000000014791                uip_ds6_aaddr_lookup
                0x00000000000147dc                uip_ds6_select_src
                0x0000000000014921                uip_ds6_set_addr_iid
                0x0000000000014958                get_match_length
                0x00000000000149ea                uip_ds6_compute_reachable_time
 .text          0x0000000000014a36     0x29cb obj_cooja/mtype574.a(uip6.o)
                0x0000000000014a36                uip_add32
                0x0000000000014bcf                uip_chksum
                0x0000000000014cbd                uip_icmp6chksum
                0x0000000000014cd1                uip_tcpchksum
                0x0000000000014ce5                uip_udpchksum
                0x0000000000014cf9                uip_init
                0x0000000000014dc9                uip_connect
                0x0000000000014f78                remove_ext_hdr
                0x000000000001504d                uip_udp_new
                0x00000000000151a9                uip_unlisten
                0x0000000000015209                uip_listen
                0x00000000000154cb                uip_process
                0x00000000000172f5                uip_htons
                0x0000000000017317                uip_htonl
                0x0000000000017357                uip_send
 .text          0x0000000000017401      0xa2b obj_cooja/mtype574.a(tcpip.o)
                0x0000000000017401                tcpip_output
                0x000000000001742f                tcpip_set_outputfunc
                0x00000000000174c3                tcp_connect
                0x0000000000017518                tcp_unlisten
                0x0000000000017573                tcp_listen
                0x00000000000175cc                tcp_attach
                0x00000000000175f1                udp_attach
                0x0000000000017616                udp_new
                0x0000000000017668                udp_broadcast_new
                0x00000000000178dc                tcpip_input
                0x0000000000017910                tcpip_ipv6_output
                0x0000000000017c72                tcpip_poll_udp
                0x0000000000017c95                tcpip_poll_tcp
                0x0000000000017cb8                tcpip_uipcall
 .text          0x0000000000017e2c      0x1c1 obj_cooja/mtype574.a(uip-debug.o)
                0x0000000000017e2c                uip_debug_ipaddr_print
                0x0000000000017f8e                uip_debug_lladdr_print
 .text          0x0000000000017fed      0x141 obj_cooja/mtype574.a(uip-packetqueue)
                0x0000000000018019                uip_packetqueue_new
                0x0000000000018027                uip_packetqueue_alloc
                0x0000000000018087                uip_packetqueue_free
                0x00000000000180c8                uip_packetqueue_buf
                0x00000000000180e5                uip_packetqueue_buflen
                0x0000000000018106                uip_packetqueue_set_buflen
 .text          0x000000000001812e     0x25bb obj_cooja/mtype574.a(rpl-dag.o)
                0x000000000001812e                rpl_print_neighbor_list
                0x00000000000181d7                rpl_print_child_neighbor_list
                0x000000000001824c                rpl_get_nbr
                0x00000000000182a6                rpl_get_nbr_child
                0x0000000000018300                rpl_dag_init
                0x0000000000018332                rpl_get_parent
                0x0000000000018354                rpl_get_parent_rank
                0x0000000000018387                rpl_get_parent_link_metric
                0x00000000000183ba                rpl_get_parent_ipaddr
                0x00000000000183e4                rpl_get_child_ipaddr
                0x00000000000186ff                rpl_set_root
                0x000000000001892d                rpl_repair_root
                0x0000000000018b69                rpl_set_prefix
                0x0000000000018c68                rpl_set_default_route
                0x0000000000018cf4                rpl_alloc_instance
                0x0000000000018d87                rpl_alloc_dag
                0x0000000000018e3a                rpl_set_default_instance
                0x0000000000018e47                rpl_get_default_instance
                0x0000000000018e51                rpl_free_instance
                0x0000000000018f02                rpl_free_dag
                0x0000000000018f68                rpl_add_parent
                0x000000000001905e                rpl_find_parent
                0x000000000001908e                rpl_add_child
                0x0000000000019132                rpl_find_child
                0x0000000000019180                rpl_find_parent_any_dag
                0x00000000000191bc                rpl_select_dag
                0x00000000000195df                rpl_select_parent
                0x0000000000019641                rpl_remove_parent
                0x0000000000019677                rpl_remove_child
                0x0000000000019693                rpl_nullify_parent
                0x0000000000019731                rpl_move_parent
                0x00000000000197ce                rpl_has_downward_route
                0x0000000000019821                rpl_get_any_dag
                0x0000000000019883                rpl_get_instance
                0x00000000000198e6                rpl_find_of
                0x0000000000019923                rpl_join_instance
                0x0000000000019b9e                rpl_add_dag
                0x0000000000019f8d                rpl_local_repair
                0x000000000001a066                rpl_recalculate_ranks
                0x000000000001a0ec                rpl_process_parent_event
                0x000000000001a19e                rpl_process_dio
 .text          0x000000000001a6e9      0xbf3 obj_cooja/mtype574.a(rpl-ext-header.)
                0x000000000001a706                rpl_verify_header
                0x000000000001ab80                rpl_update_header_empty
                0x000000000001ae97                rpl_update_header_final
                0x000000000001b026                rpl_remove_header
                0x000000000001b130                rpl_invert_header
                0x000000000001b2ba                rpl_insert_header
 .text          0x000000000001b2dc     0x1f89 obj_cooja/mtype574.a(rpl-icmp6.o)
                0x000000000001b5a5                rpl_icmp6_update_nbr_table
                0x000000000001b695                dis_output
                0x000000000001bf41                dio_output
                0x000000000001ce5d                dao_output
                0x000000000001cf25                dao_output_target
                0x000000000001d219                dao_ack_output
                0x000000000001d22d                rpl_icmp6_register_handlers
 .text          0x000000000001d265      0x299 obj_cooja/mtype574.a(rpl-mrhof.o)
 .text          0x000000000001d4fe      0x7c2 obj_cooja/mtype574.a(rpl-timers.o)
                0x000000000001d753                rpl_reset_periodic_timer
                0x000000000001d7a8                rpl_reset_dio_timer
                0x000000000001d9e2                rpl_schedule_dao
                0x000000000001d9fd                rpl_schedule_dao_immediately
                0x000000000001da18                rpl_cancel_dao
                0x000000000001da7a                rpl_schedule_unicast_dio_immediately
                0x000000000001dc68                rpl_schedule_probing
 .text          0x000000000001dcc0      0x5c5 obj_cooja/mtype574.a(rpl.o)
                0x000000000001dcc0                rpl_get_mode
                0x000000000001dcca                rpl_set_mode
                0x000000000001dd58                rpl_purge_routes
                0x000000000001de52                rpl_remove_routes
                0x000000000001de98                rpl_remove_routes_by_nexthop
                0x000000000001df04                rpl_add_route
                0x000000000001df7f                rpl_link_neighbor_callback
                0x000000000001e084                rpl_ipv6_neighbor_callback
                0x000000000001e0f3                rpl_purge_dags
                0x000000000001e1ff                rpl_init
 .text          0x000000000001e285      0x3f5 obj_cooja/mtype574.a(framer-802154.o)
 .text          0x000000000001e67a       0x5e obj_cooja/mtype574.a(nullmac.o)
 .text          0x000000000001e6d8      0x441 obj_cooja/mtype574.a(nullrdc.o)
 .text          0x000000000001eb19       0x67 obj_cooja/mtype574.a(linkaddr.o)
                0x000000000001eb19                linkaddr_copy
                0x000000000001eb3b                linkaddr_cmp
                0x000000000001eb65                linkaddr_set_node_addr
 .text          0x000000000001eb80      0x769 obj_cooja/mtype574.a(nbr-table.o)
                0x000000000001efdf                nbr_table_register
                0x000000000001f027                nbr_table_head
                0x000000000001f083                nbr_table_next
                0x000000000001f0ea                nbr_table_add_lladdr
                0x000000000001f1c6                nbr_table_get_from_lladdr
                0x000000000001f213                nbr_table_remove
                0x000000000001f265                nbr_table_lock
                0x000000000001f28f                nbr_table_unlock
                0x000000000001f2b9                nbr_table_get_lladdr
 .text          0x000000000001f2e9       0x2b obj_cooja/mtype574.a(netstack.o)
                0x000000000001f2e9                netstack_init
 .text          0x000000000001f314      0x3cd obj_cooja/mtype574.a(packetbuf.o)
                0x000000000001f314                packetbuf_clear
                0x000000000001f33e                packetbuf_copyfrom
                0x000000000001f390                packetbuf_compact
                0x000000000001f40d                packetbuf_copyto
                0x000000000001f4a4                packetbuf_hdralloc
                0x000000000001f521                packetbuf_hdrreduce
                0x000000000001f569                packetbuf_set_datalen
                0x000000000001f582                packetbuf_dataptr
                0x000000000001f59f                packetbuf_hdrptr
                0x000000000001f5a9                packetbuf_datalen
                0x000000000001f5b5                packetbuf_hdrlen
                0x000000000001f5cc                packetbuf_totlen
                0x000000000001f5e2                packetbuf_attr_clear
                0x000000000001f634                packetbuf_attr_copyto
                0x000000000001f67d                packetbuf_attr_copyfrom
                0x000000000001f6c5                packetbuf_holds_broadcast
 .text          0x000000000001f6e1      0x2b4 obj_cooja/mtype574.a(queuebuf.o)
                0x000000000001f6eb                queuebuf_init
                0x000000000001f70b                queuebuf_numfree
                0x000000000001f71f                queuebuf_new_from_packetbuf
                0x000000000001f7af                queuebuf_update_attr_from_packetbuf
                0x000000000001f7e2                queuebuf_update_from_packetbuf
                0x000000000001f82c                queuebuf_free
                0x000000000001f873                queuebuf_to_packetbuf
                0x000000000001f8d9                queuebuf_dataptr
                0x000000000001f910                queuebuf_datalen
                0x000000000001f933                queuebuf_addr
                0x000000000001f965                queuebuf_attr
                0x000000000001f990                queuebuf_debug_print
 .text          0x000000000001f995       0x6e obj_cooja/mtype574.a(nullsec.o)
 .text          0x000000000001fa03       0x19 obj_cooja/mtype574.a(watchdog.o)
                0x000000000001fa03                watchdog_init
                0x000000000001fa08                watchdog_start
                0x000000000001fa0d                watchdog_periodic
                0x000000000001fa12                watchdog_stop
                0x000000000001fa17                watchdog_reboot
 .text          0x000000000001fa1c        0x0 obj_cooja/mtype574.a(rimestats.o)
 .text          0x000000000001fa1c       0xa3 obj_cooja/mtype574.a(stimer.o)
                0x000000000001fa1c                stimer_set
                0x000000000001fa37                stimer_reset
                0x000000000001fa4e                stimer_restart
                0x000000000001fa60                stimer_expired
                0x000000000001fa87                stimer_remaining
                0x000000000001faab                stimer_elapsed
 .text          0x000000000001fabf      0x1c1 obj_cooja/mtype574.a(memb.o)
                0x000000000001fabf                memb_init
                0x000000000001fb1d                memb_alloc
                0x000000000001fb82                memb_free
                0x000000000001fbfd                memb_inmemb
                0x000000000001fc3c                memb_numfree
 .text          0x000000000001fc80      0x916 obj_cooja/mtype574.a(uip-ds6-route.o)
                0x000000000001fcf7                uip_ds6_notification_add
                0x000000000001fd28                uip_ds6_notification_rm
                0x000000000001fd44                uip_ds6_route_init
                0x000000000001fdcc                uip_ds6_route_nexthop
                0x000000000001fdf4                uip_ds6_route_head
                0x000000000001fe09                uip_ds6_route_next
                0x000000000001fe2f                uip_ds6_route_is_nexthop
                0x000000000001fe6e                uip_ds6_route_num_routes
                0x000000000001fe78                uip_ds6_route_lookup
                0x000000000001ff3a                uip_ds6_route_add
                0x000000000002016e                uip_ds6_route_rm
                0x0000000000020302                uip_ds6_route_rm_by_nexthop
                0x000000000002033a                uip_ds6_defrt_add
                0x00000000000203eb                uip_ds6_defrt_rm
                0x000000000002046a                uip_ds6_defrt_lookup
                0x00000000000204c3                uip_ds6_defrt_choose
                0x000000000002052e                uip_ds6_defrt_periodic
 .text          0x0000000000020596      0xab2 obj_cooja/mtype574.a(uip-icmp6.o)
                0x0000000000020604                uip_icmp6_input
                0x000000000002065a                uip_icmp6_register_input_handler
                0x0000000000020922                uip_icmp6_error_output
                0x0000000000020c67                uip_icmp6_send
                0x0000000000020fdb                uip_icmp6_echo_reply_callback_add
                0x000000000002100c                uip_icmp6_echo_reply_callback_rm
                0x0000000000021028                uip_icmp6_init
 .text          0x0000000000021048      0x358 obj_cooja/mtype574.a(uip-nd6.o)
                0x000000000002109c                uip_nd6_ns_output
                0x000000000002139b                uip_nd6_init
 .text          0x00000000000213a0      0x331 obj_cooja/mtype574.a(rpl-nbr-policy.)
                0x0000000000021578                find_removable_dis
                0x000000000002159b                find_removable_dio
                0x000000000002162a                find_removable_dao
                0x000000000002167a                rpl_nbr_policy_find_removable
 .text          0x00000000000216d1      0x97c obj_cooja/mtype574.a(frame802154.o)
                0x0000000000021702                frame802154_get_pan_id
                0x000000000002170e                frame802154_set_pan_id
                0x0000000000021727                frame802154_has_panid
                0x0000000000021813                frame802154_check_dest_panid
                0x000000000002187b                frame802154_is_broadcast_addr
                0x00000000000218c8                frame802154_extract_linkaddr
                0x0000000000021b08                frame802154_hdrlen
                0x0000000000021b59                frame802154_create
                0x0000000000021d44                frame802154_parse
 .text          0x000000000002204d      0x181 obj_cooja/mtype574.a(mac-sequence.o)
                0x0000000000022084                mac_sequence_is_duplicate
                0x0000000000022107                mac_sequence_register_seqno
 .text          0x00000000000221ce       0x3c obj_cooja/mtype574.a(mac.o)
                0x00000000000221ce                mac_call_sent_callback
 .text          0x000000000002220a        0x0 /usr/lib/gcc/i686-linux-gnu/4.8/crtendS.o
 .text          0x000000000002220a        0x0 /usr/lib/gcc/i686-linux-gnu/4.8/../../../i386-linux-gnu/crtn.o
 *(.gnu.warning)

.fini           0x000000000002220c       0x14
 *(SORT(.fini))
 .fini          0x000000000002220c        0xf /usr/lib/gcc/i686-linux-gnu/4.8/../../../i386-linux-gnu/crti.o
                0x000000000002220c                _fini
 .fini          0x000000000002221b        0x5 /usr/lib/gcc/i686-linux-gnu/4.8/../../../i386-linux-gnu/crtn.o
                0x0000000000022220                PROVIDE (__etext, .)
                0x0000000000022220                PROVIDE (_etext, .)
                0x0000000000022220                PROVIDE (etext, .)

.rodata         0x0000000000022220      0x740
 *(.rodata .rodata.* .gnu.linkonce.r.*)
 .rodata        0x0000000000022220      0x148 udp-server.co
                0x0000000000022234                autostart_processes
 .rodata        0x0000000000022368      0x157 obj_cooja/mtype574.o
 *fill*         0x00000000000224bf        0x1 
 .rodata        0x00000000000224c0        0x8 obj_cooja/mtype574.a(beep.o)
                0x00000000000224c0                beep_interface
 .rodata        0x00000000000224c8       0x20 obj_cooja/mtype574.a(button-sensor.o)
                0x00000000000224c8                button_interface
                0x00000000000224d8                button_sensor
 .rodata        0x00000000000224e8        0x8 obj_cooja/mtype574.a(leds-arch.o)
                0x00000000000224e8                leds_interface
 .rodata        0x00000000000224f0        0x8 obj_cooja/mtype574.a(moteid.o)
                0x00000000000224f0                moteid_interface
 .rodata        0x00000000000224f8       0x1c obj_cooja/mtype574.a(pir-sensor.o)
                0x00000000000224f8                pir_interface
                0x0000000000022504                pir_sensor
 .rodata        0x0000000000022514        0xe obj_cooja/mtype574.a(rs232.o)
                0x0000000000022514                rs232_interface
 *fill*         0x0000000000022522        0x2 
 .rodata        0x0000000000022524       0x24 obj_cooja/mtype574.a(vib-sensor.o)
                0x0000000000022524                vib_interface
                0x0000000000022538                vib_sensor
 .rodata        0x0000000000022548        0x8 obj_cooja/mtype574.a(clock.o)
                0x0000000000022548                clock_interface
 .rodata        0x0000000000022550        0x8 obj_cooja/mtype574.a(log.o)
                0x0000000000022550                simlog_interface
 .rodata        0x0000000000022558       0x2f obj_cooja/mtype574.a(cfs-cooja.o)
                0x0000000000022558                cfs_interface
 *fill*         0x0000000000022587       0x19 
 .rodata        0x00000000000225a0       0x60 obj_cooja/mtype574.a(cooja-radio.o)
                0x00000000000225c0                cooja_radio_driver
                0x00000000000225f8                radio_interface
 .rodata        0x0000000000022600        0x8 obj_cooja/mtype574.a(eeprom.o)
                0x0000000000022600                eeprom_interface
 .rodata        0x0000000000022608        0x8 obj_cooja/mtype574.a(sensors.o)
 .rodata        0x0000000000022610        0xf obj_cooja/mtype574.a(ctimer.o)
 .rodata        0x000000000002261f        0xc obj_cooja/mtype574.a(etimer.o)
 *fill*         0x000000000002262b        0x1 
 .rodata        0x000000000002262c       0x73 obj_cooja/mtype574.a(log_message.o)
 *fill*         0x000000000002269f        0x1 
 .rodata        0x00000000000226a0       0x20 obj_cooja/mtype574.a(residual.o)
 .rodata        0x00000000000226c0        0xe obj_cooja/mtype574.a(serial-line.o)
 *fill*         0x00000000000226ce        0x2 
 .rodata        0x00000000000226d0       0x2c obj_cooja/mtype574.a(sicslowpan.o)
                0x00000000000226d0                unc_llconf
                0x00000000000226d4                unc_ctxconf
                0x00000000000226d8                unc_mxconf
                0x00000000000226dc                llprefix
                0x00000000000226f0                sicslowpan_driver
 .rodata        0x00000000000226fc      0x13c obj_cooja/mtype574.a(uip6.o)
 .rodata        0x0000000000022838       0x49 obj_cooja/mtype574.a(tcpip.o)
 .rodata        0x0000000000022881       0x3e obj_cooja/mtype574.a(uip-debug.o)
 *fill*         0x00000000000228bf        0x1 
 .rodata        0x00000000000228c0        0x4 obj_cooja/mtype574.a(rpl-dag.o)
 .rodata        0x00000000000228c4        0xc obj_cooja/mtype574.a(framer-802154.o)
                0x00000000000228c4                framer_802154
 .rodata        0x00000000000228d0       0x24 obj_cooja/mtype574.a(nullmac.o)
                0x00000000000228d8                nullmac_driver
 *fill*         0x00000000000228f4        0xc 
 .rodata        0x0000000000022900       0x40 obj_cooja/mtype574.a(nullrdc.o)
                0x0000000000022920                nullrdc_driver
 .rodata        0x0000000000022940        0x8 obj_cooja/mtype574.a(linkaddr.o)
                0x0000000000022940                linkaddr_null
 .rodata        0x0000000000022948       0x18 obj_cooja/mtype574.a(nullsec.o)
                0x0000000000022950                nullsec_driver

.rodata1
 *(.rodata1)

.eh_frame_hdr   0x0000000000022960     0x1274
 *(.eh_frame_hdr)
 .eh_frame_hdr  0x0000000000022960     0x1274 udp-server.co

.eh_frame       0x0000000000023bd4     0x4b08
 *(.eh_frame)
 .eh_frame      0x0000000000023bd4       0x3c /usr/lib/gcc/i686-linux-gnu/4.8/../../../i386-linux-gnu/crti.o
                                         0x40 (size before relaxing)
 .eh_frame      0x0000000000023c10       0x68 udp-server.co
                                         0x80 (size before relaxing)
 .eh_frame      0x0000000000023c78      0x148 obj_cooja/mtype574.o
                                        0x160 (size before relaxing)
 .eh_frame      0x0000000000023dc0       0x40 obj_cooja/mtype574.a(simEnvChange.o)
                                         0x58 (size before relaxing)
 .eh_frame      0x0000000000023e00       0xc0 obj_cooja/mtype574.a(cooja_mt.o)
                                         0xd8 (size before relaxing)
 .eh_frame      0x0000000000023ec0      0x120 obj_cooja/mtype574.a(cooja_mtarch.o)
                                        0x138 (size before relaxing)
 .eh_frame      0x0000000000023fe0       0xc0 obj_cooja/mtype574.a(rtimer-arch.o)
                                         0xd8 (size before relaxing)
 .eh_frame      0x00000000000240a0      0x160 obj_cooja/mtype574.a(beep.o)
                                        0x178 (size before relaxing)
 .eh_frame      0x0000000000024200       0xa0 obj_cooja/mtype574.a(button-sensor.o)
                                         0xb8 (size before relaxing)
 .eh_frame      0x00000000000242a0       0xa0 obj_cooja/mtype574.a(leds-arch.o)
                                         0xb8 (size before relaxing)
 .eh_frame      0x0000000000024340       0x40 obj_cooja/mtype574.a(moteid.o)
                                         0x58 (size before relaxing)
 .eh_frame      0x0000000000024380       0xa0 obj_cooja/mtype574.a(pir-sensor.o)
                                         0xb8 (size before relaxing)
 .eh_frame      0x0000000000024420      0x100 obj_cooja/mtype574.a(rs232.o)
                                        0x118 (size before relaxing)
 .eh_frame      0x0000000000024520       0xa0 obj_cooja/mtype574.a(vib-sensor.o)
                                         0xb8 (size before relaxing)
 .eh_frame      0x00000000000245c0       0xc0 obj_cooja/mtype574.a(clock.o)
                                         0xd8 (size before relaxing)
 .eh_frame      0x0000000000024680      0x120 obj_cooja/mtype574.a(log.o)
                                        0x138 (size before relaxing)
 .eh_frame      0x00000000000247a0      0x160 obj_cooja/mtype574.a(cfs-cooja.o)
                                        0x178 (size before relaxing)
 .eh_frame      0x0000000000024900      0x2e0 obj_cooja/mtype574.a(cooja-radio.o)
                                        0x2f8 (size before relaxing)
 .eh_frame      0x0000000000024be0       0xa0 obj_cooja/mtype574.a(eeprom.o)
                                         0xb8 (size before relaxing)
 .eh_frame      0x0000000000024c80       0x40 obj_cooja/mtype574.a(random.o)
                                         0x58 (size before relaxing)
 .eh_frame      0x0000000000024cc0       0xc0 obj_cooja/mtype574.a(sensors.o)
                                         0xd8 (size before relaxing)
 .eh_frame      0x0000000000024d80       0x40 obj_cooja/mtype574.a(autostart.o)
                                         0x58 (size before relaxing)
 .eh_frame      0x0000000000024dc0      0x100 obj_cooja/mtype574.a(ctimer.o)
                                        0x118 (size before relaxing)
 .eh_frame      0x0000000000024ec0      0x1e0 obj_cooja/mtype574.a(etimer.o)
                                        0x1f8 (size before relaxing)
 .eh_frame      0x00000000000250a0       0x40 obj_cooja/mtype574.a(log_message.o)
                                         0x58 (size before relaxing)
 .eh_frame      0x00000000000250e0      0x1c8 obj_cooja/mtype574.a(process.o)
                                        0x1e0 (size before relaxing)
 .eh_frame      0x00000000000252a8       0x2c obj_cooja/mtype574.a(residual.o)
                                         0x44 (size before relaxing)
 .eh_frame      0x00000000000252d4       0x60 obj_cooja/mtype574.a(rtimer.o)
                                         0x78 (size before relaxing)
 .eh_frame      0x0000000000025334       0xa4 obj_cooja/mtype574.a(timer.o)
                                         0xbc (size before relaxing)
 .eh_frame      0x00000000000253d8       0x60 obj_cooja/mtype574.a(serial-line.o)
                                         0x78 (size before relaxing)
 .eh_frame      0x0000000000025438      0x180 obj_cooja/mtype574.a(list.o)
                                        0x198 (size before relaxing)
 .eh_frame      0x00000000000255b8       0xa0 obj_cooja/mtype574.a(ringbuf.o)
                                         0xb8 (size before relaxing)
 .eh_frame      0x0000000000025658      0x350 obj_cooja/mtype574.a(sicslowpan.o)
                                        0x368 (size before relaxing)
 .eh_frame      0x00000000000259a8      0x180 obj_cooja/mtype574.a(uip-ds6-nbr.o)
                                        0x198 (size before relaxing)
 .eh_frame      0x0000000000025b28      0x2c8 obj_cooja/mtype574.a(uip-ds6.o)
                                        0x2e0 (size before relaxing)
 .eh_frame      0x0000000000025df0      0x27c obj_cooja/mtype574.a(uip6.o)
                                        0x294 (size before relaxing)
 .eh_frame      0x000000000002606c      0x270 obj_cooja/mtype574.a(tcpip.o)
                                        0x288 (size before relaxing)
 .eh_frame      0x00000000000262dc       0x48 obj_cooja/mtype574.a(uip-debug.o)
                                         0x60 (size before relaxing)
 .eh_frame      0x0000000000026324       0xe0 obj_cooja/mtype574.a(uip-packetqueue)
                                         0xf8 (size before relaxing)
 .eh_frame      0x0000000000026404      0x74c obj_cooja/mtype574.a(rpl-dag.o)
                                        0x764 (size before relaxing)
 .eh_frame      0x0000000000026b50      0x10c obj_cooja/mtype574.a(rpl-ext-header.)
                                        0x124 (size before relaxing)
 .eh_frame      0x0000000000026c5c      0x2b8 obj_cooja/mtype574.a(rpl-icmp6.o)
                                        0x2d0 (size before relaxing)
 .eh_frame      0x0000000000026f14       0xe0 obj_cooja/mtype574.a(rpl-mrhof.o)
                                         0xf8 (size before relaxing)
 .eh_frame      0x0000000000026ff4      0x20c obj_cooja/mtype574.a(rpl-timers.o)
                                        0x224 (size before relaxing)
 .eh_frame      0x0000000000027200      0x148 obj_cooja/mtype574.a(rpl.o)
                                        0x160 (size before relaxing)
 .eh_frame      0x0000000000027348      0x108 obj_cooja/mtype574.a(framer-802154.o)
                                        0x120 (size before relaxing)
 .eh_frame      0x0000000000027450       0xc0 obj_cooja/mtype574.a(nullmac.o)
                                         0xd8 (size before relaxing)
 .eh_frame      0x0000000000027510      0x16c obj_cooja/mtype574.a(nullrdc.o)
                                        0x184 (size before relaxing)
 .eh_frame      0x000000000002767c       0x60 obj_cooja/mtype574.a(linkaddr.o)
                                         0x78 (size before relaxing)
 .eh_frame      0x00000000000276dc      0x26c obj_cooja/mtype574.a(nbr-table.o)
                                        0x284 (size before relaxing)
 .eh_frame      0x0000000000027948       0x20 obj_cooja/mtype574.a(netstack.o)
                                         0x38 (size before relaxing)
 .eh_frame      0x0000000000027968      0x214 obj_cooja/mtype574.a(packetbuf.o)
                                        0x22c (size before relaxing)
 .eh_frame      0x0000000000027b7c      0x1a0 obj_cooja/mtype574.a(queuebuf.o)
                                        0x1b8 (size before relaxing)
 .eh_frame      0x0000000000027d1c       0x80 obj_cooja/mtype574.a(nullsec.o)
                                         0x98 (size before relaxing)
 .eh_frame      0x0000000000027d9c       0xa0 obj_cooja/mtype574.a(watchdog.o)
                                         0xb8 (size before relaxing)
 .eh_frame      0x0000000000027e3c       0xc4 obj_cooja/mtype574.a(stimer.o)
                                         0xdc (size before relaxing)
 .eh_frame      0x0000000000027f00       0xa0 obj_cooja/mtype574.a(memb.o)
                                         0xb8 (size before relaxing)
 .eh_frame      0x0000000000027fa0      0x2a0 obj_cooja/mtype574.a(uip-ds6-route.o)
                                        0x2b8 (size before relaxing)
 .eh_frame      0x0000000000028240      0x164 obj_cooja/mtype574.a(uip-icmp6.o)
                                        0x17c (size before relaxing)
 .eh_frame      0x00000000000283a4       0x68 obj_cooja/mtype574.a(uip-nd6.o)
                                         0x80 (size before relaxing)
 .eh_frame      0x000000000002840c       0xc0 obj_cooja/mtype574.a(rpl-nbr-policy.)
                                         0xd8 (size before relaxing)
 .eh_frame      0x00000000000284cc      0x164 obj_cooja/mtype574.a(frame802154.o)
                                        0x17c (size before relaxing)
 .eh_frame      0x0000000000028630       0x88 obj_cooja/mtype574.a(mac-sequence.o)
                                         0xa0 (size before relaxing)
 .eh_frame      0x00000000000286b8       0x20 obj_cooja/mtype574.a(mac.o)
                                         0x38 (size before relaxing)
 .eh_frame      0x00000000000286d8        0x4 /usr/lib/gcc/i686-linux-gnu/4.8/crtendS.o

.gcc_except_table
 *(.gcc_except_table .gcc_except_table.*)

.exception_ranges
 *(.exception_ranges .exception_ranges*)
                0x00000000000286dc                . = (ALIGN (0x1000) - ((0x1000 - .) & 0xfff))
                0x0000000000029ef8                . = DATA_SEGMENT_ALIGN (0x1000, 0x1000)

.eh_frame
 *(.eh_frame)

.gcc_except_table
 *(.gcc_except_table .gcc_except_table.*)

.exception_ranges
 *(.exception_ranges .exception_ranges*)

.tdata
 *(.tdata .tdata.* .gnu.linkonce.td.*)

.tbss
 *(.tbss .tbss.* .gnu.linkonce.tb.*)
 *(.tcommon)

.preinit_array
 *(.preinit_array)

.init_array     0x0000000000029ef8        0x4
 *(SORT(.init_array.*) SORT(.ctors.*))
 *(.init_array EXCLUDE_FILE(*crtend?.o *crtend.o *crtbegin?.o *crtbegin.o) .ctors)
 .init_array    0x0000000000029ef8        0x4 /usr/lib/gcc/i686-linux-gnu/4.8/crtbeginS.o

.fini_array     0x0000000000029efc        0x4
 *(SORT(.fini_array.*) SORT(.dtors.*))
 *(.fini_array EXCLUDE_FILE(*crtend?.o *crtend.o *crtbegin?.o *crtbegin.o) .dtors)
 .fini_array    0x0000000000029efc        0x4 /usr/lib/gcc/i686-linux-gnu/4.8/crtbeginS.o

.ctors
 *crtbegin.o(.ctors)
 *crtbegin?.o(.ctors)
 *(EXCLUDE_FILE(*crtend?.o *crtend.o) .ctors)
 *(SORT(.ctors.*))
 *(.ctors)

.dtors
 *crtbegin.o(.dtors)
 *crtbegin?.o(.dtors)
 *(EXCLUDE_FILE(*crtend?.o *crtend.o) .dtors)
 *(SORT(.dtors.*))
 *(.dtors)

.jcr            0x0000000000029f00        0x4
 *(.jcr)
 .jcr           0x0000000000029f00        0x0 /usr/lib/gcc/i686-linux-gnu/4.8/crtbeginS.o
 .jcr           0x0000000000029f00        0x4 /usr/lib/gcc/i686-linux-gnu/4.8/crtendS.o

.data.rel.ro
 *(.data.rel.ro.local* .gnu.linkonce.d.rel.ro.local.*)
 *(.data.rel.ro .data.rel.ro.* .gnu.linkonce.d.rel.ro.*)

.dynamic        0x0000000000029f04       0xe8
 *(.dynamic)
 .dynamic       0x0000000000029f04       0xe8 /usr/lib/gcc/i686-linux-gnu/4.8/../../../i386-linux-gnu/crti.o
                0x0000000000029f04                _DYNAMIC

.got            0x0000000000029fec       0x14
 *(.got)
 .got           0x0000000000029fec       0x14 /usr/lib/gcc/i686-linux-gnu/4.8/../../../i386-linux-gnu/crti.o
 *(.igot)
                0x000000000002aff4                . = DATA_SEGMENT_RELRO_END (., (SIZEOF (.got.plt) >= 0xc)?0xc:0x0)

.got.plt        0x000000000002a000       0x14
 *(.got.plt)
 .got.plt       0x000000000002a000       0x14 /usr/lib/gcc/i686-linux-gnu/4.8/../../../i386-linux-gnu/crti.o
                0x000000000002a000                _GLOBAL_OFFSET_TABLE_
 *(.igot.plt)

.data           0x000000000002a020      0x222
 *(.data .data.* .gnu.linkonce.d.*)
 .data          0x000000000002a020        0x0 /usr/lib/gcc/i686-linux-gnu/4.8/../../../i386-linux-gnu/crti.o
 .data          0x000000000002a020        0x0 /usr/lib/gcc/i686-linux-gnu/4.8/crtbeginS.o
 .data.rel      0x000000000002a020        0x4 /usr/lib/gcc/i686-linux-gnu/4.8/crtbeginS.o
                0x000000000002a020                __dso_handle
 .data          0x000000000002a024       0x10 udp-server.co
                0x000000000002a024                udp_server_process
 *fill*         0x000000000002a034        0xc 
 .data          0x000000000002a040       0x44 obj_cooja/mtype574.o
                0x000000000002a040                simInterfaces
                0x000000000002a074                sensors
 .data          0x000000000002a084        0x0 obj_cooja/mtype574.a(simEnvChange.o)
 .data          0x000000000002a084        0x0 obj_cooja/mtype574.a(cooja_mt.o)
 .data          0x000000000002a084        0x0 obj_cooja/mtype574.a(cooja_mtarch.o)
 .data          0x000000000002a084        0x0 obj_cooja/mtype574.a(rtimer-arch.o)
 .data          0x000000000002a084        0x0 obj_cooja/mtype574.a(beep.o)
 .data          0x000000000002a084        0x0 obj_cooja/mtype574.a(button-sensor.o)
 .data          0x000000000002a084        0x0 obj_cooja/mtype574.a(leds-arch.o)
 .data          0x000000000002a084        0x0 obj_cooja/mtype574.a(moteid.o)
 .data          0x000000000002a084        0x0 obj_cooja/mtype574.a(pir-sensor.o)
 .data          0x000000000002a084        0x0 obj_cooja/mtype574.a(rs232.o)
 .data          0x000000000002a084        0x0 obj_cooja/mtype574.a(vib-sensor.o)
 .data          0x000000000002a084        0x0 obj_cooja/mtype574.a(clock.o)
 .data          0x000000000002a084        0x0 obj_cooja/mtype574.a(log.o)
 .data          0x000000000002a084        0x0 obj_cooja/mtype574.a(cfs-cooja.o)
 .data          0x000000000002a084       0x40 obj_cooja/mtype574.a(cooja-radio.o)
                0x000000000002a084                simRadioChannelLR
                0x000000000002a088                simRadioHWOnLR
                0x000000000002a08c                simSignalStrengthLR
                0x000000000002a090                simLastSignalStrengthLR
                0x000000000002a094                simPowerLR
                0x000000000002a098                simLQILR
                0x000000000002a09c                simRadioChannel
                0x000000000002a0a0                simRadioHWOn
                0x000000000002a0a4                simSignalStrength
                0x000000000002a0a8                simLastSignalStrength
                0x000000000002a0ac                simPower
                0x000000000002a0b0                simLQI
                0x000000000002a0b4                cooja_radio_process
 .data          0x000000000002a0c4        0x0 obj_cooja/mtype574.a(eeprom.o)
 .data          0x000000000002a0c4        0x0 obj_cooja/mtype574.a(random.o)
 .data          0x000000000002a0c4       0x10 obj_cooja/mtype574.a(sensors.o)
                0x000000000002a0c4                sensors_process
 .data          0x000000000002a0d4        0x0 obj_cooja/mtype574.a(autostart.o)
 .data          0x000000000002a0d4       0x14 obj_cooja/mtype574.a(ctimer.o)
                0x000000000002a0d8                ctimer_process
 .data          0x000000000002a0e8       0x10 obj_cooja/mtype574.a(etimer.o)
                0x000000000002a0e8                etimer_process
 .data          0x000000000002a0f8        0x0 obj_cooja/mtype574.a(log_message.o)
 .data          0x000000000002a0f8        0x0 obj_cooja/mtype574.a(process.o)
 .data          0x000000000002a0f8        0x0 obj_cooja/mtype574.a(residual.o)
 .data          0x000000000002a0f8        0x0 obj_cooja/mtype574.a(rtimer.o)
 .data          0x000000000002a0f8        0x0 obj_cooja/mtype574.a(timer.o)
 .data          0x000000000002a0f8       0x10 obj_cooja/mtype574.a(serial-line.o)
                0x000000000002a0f8                serial_line_process
 .data          0x000000000002a108        0x0 obj_cooja/mtype574.a(list.o)
 .data          0x000000000002a108        0x0 obj_cooja/mtype574.a(ringbuf.o)
 .data          0x000000000002a108        0x0 obj_cooja/mtype574.a(sicslowpan.o)
 .data          0x000000000002a108       0x14 obj_cooja/mtype574.a(uip-ds6-nbr.o)
                0x000000000002a118                ds6_neighbors
 .data          0x000000000002a11c        0x0 obj_cooja/mtype574.a(uip-ds6.o)
 .data          0x000000000002a11c        0x0 obj_cooja/mtype574.a(uip6.o)
 .data          0x000000000002a11c       0x10 obj_cooja/mtype574.a(tcpip.o)
                0x000000000002a11c                tcpip_process
 .data          0x000000000002a12c        0x0 obj_cooja/mtype574.a(uip-debug.o)
 .data          0x000000000002a12c        0xc obj_cooja/mtype574.a(uip-packetqueue)
 .data          0x000000000002a138       0x28 obj_cooja/mtype574.a(rpl-dag.o)
                0x000000000002a148                rpl_parents
                0x000000000002a15c                rpl_children
 .data          0x000000000002a160        0x0 obj_cooja/mtype574.a(rpl-ext-header.)
 .data          0x000000000002a160       0x34 obj_cooja/mtype574.a(rpl-icmp6.o)
 .data          0x000000000002a194       0x1c obj_cooja/mtype574.a(rpl-mrhof.o)
                0x000000000002a194                rpl_mrhof
 .data          0x000000000002a1b0        0x0 obj_cooja/mtype574.a(rpl-timers.o)
 .data          0x000000000002a1b0        0x0 obj_cooja/mtype574.a(rpl.o)
 .data          0x000000000002a1b0        0x0 obj_cooja/mtype574.a(framer-802154.o)
 .data          0x000000000002a1b0        0x0 obj_cooja/mtype574.a(nullmac.o)
 .data          0x000000000002a1b0        0x0 obj_cooja/mtype574.a(nullrdc.o)
 .data          0x000000000002a1b0        0x0 obj_cooja/mtype574.a(linkaddr.o)
 .data          0x000000000002a1b0       0x10 obj_cooja/mtype574.a(nbr-table.o)
 .data          0x000000000002a1c0        0x0 obj_cooja/mtype574.a(netstack.o)
 .data          0x000000000002a1c0        0x4 obj_cooja/mtype574.a(packetbuf.o)
 .data          0x000000000002a1c4       0x18 obj_cooja/mtype574.a(queuebuf.o)
 .data          0x000000000002a1dc        0x0 obj_cooja/mtype574.a(nullsec.o)
 .data          0x000000000002a1dc        0x0 obj_cooja/mtype574.a(watchdog.o)
 .data          0x000000000002a1dc        0x0 obj_cooja/mtype574.a(rimestats.o)
 .data          0x000000000002a1dc        0x0 obj_cooja/mtype574.a(stimer.o)
 .data          0x000000000002a1dc        0x0 obj_cooja/mtype574.a(memb.o)
 .data          0x000000000002a1dc       0x44 obj_cooja/mtype574.a(uip-ds6-route.o)
                0x000000000002a1ec                nbr_routes
 .data          0x000000000002a220       0x20 obj_cooja/mtype574.a(uip-icmp6.o)
 .data          0x000000000002a240        0x0 obj_cooja/mtype574.a(uip-nd6.o)
 .data          0x000000000002a240        0x0 obj_cooja/mtype574.a(rpl-nbr-policy.)
 .data          0x000000000002a240        0x2 obj_cooja/mtype574.a(frame802154.o)
 .data          0x000000000002a242        0x0 obj_cooja/mtype574.a(mac-sequence.o)
 .data          0x000000000002a242        0x0 obj_cooja/mtype574.a(mac.o)
 .data          0x000000000002a242        0x0 /usr/lib/gcc/i686-linux-gnu/4.8/crtendS.o
 .data          0x000000000002a242        0x0 /usr/lib/gcc/i686-linux-gnu/4.8/../../../i386-linux-gnu/crtn.o

.tm_clone_table
                0x000000000002a244        0x0
 .tm_clone_table
                0x000000000002a244        0x0 /usr/lib/gcc/i686-linux-gnu/4.8/crtbeginS.o
 .tm_clone_table
                0x000000000002a244        0x0 /usr/lib/gcc/i686-linux-gnu/4.8/crtendS.o

.data1
 *(.data1)
                0x000000000002a244                _edata = .
                0x000000000002a244                PROVIDE (edata, .)
                0x000000000002a244                . = .
                0x000000000002a244                __bss_start = .

.bss            0x000000000002a260     0x8628
 *(.dynbss)
 .dynbss        0x0000000000000000        0x0 /usr/lib/gcc/i686-linux-gnu/4.8/../../../i386-linux-gnu/crti.o
 *(.bss .bss.* .gnu.linkonce.b.*)
 .bss           0x000000000002a260        0x0 /usr/lib/gcc/i686-linux-gnu/4.8/../../../i386-linux-gnu/crti.o
 .bss           0x000000000002a260        0x1 /usr/lib/gcc/i686-linux-gnu/4.8/crtbeginS.o
 *fill*         0x000000000002a261        0x3 
 .bss           0x000000000002a264        0x8 udp-server.co
                0x000000000002a264                my_weight
 *fill*         0x000000000002a26c       0x14 
 .bss           0x000000000002a280     0x2030 obj_cooja/mtype574.o
 .bss           0x000000000002c2b0        0x1 obj_cooja/mtype574.a(simEnvChange.o)
                0x000000000002c2b0                simDontFallAsleep
 *fill*         0x000000000002c2b1        0x3 
 .bss           0x000000000002c2b4        0x4 obj_cooja/mtype574.a(cooja_mt.o)
 .bss           0x000000000002c2b8        0x4 obj_cooja/mtype574.a(cooja_mtarch.o)
 .bss           0x000000000002c2bc        0xc obj_cooja/mtype574.a(rtimer-arch.o)
 .bss           0x000000000002c2c8        0x0 obj_cooja/mtype574.a(beep.o)
 .bss           0x000000000002c2c8        0x8 obj_cooja/mtype574.a(button-sensor.o)
 .bss           0x000000000002c2d0        0x0 obj_cooja/mtype574.a(leds-arch.o)
 .bss           0x000000000002c2d0        0x0 obj_cooja/mtype574.a(moteid.o)
 .bss           0x000000000002c2d0        0x1 obj_cooja/mtype574.a(pir-sensor.o)
                0x000000000002c2d0                simPirValue
 *fill*         0x000000000002c2d1        0x3 
 .bss           0x000000000002c2d4        0x4 obj_cooja/mtype574.a(rs232.o)
 .bss           0x000000000002c2d8        0x1 obj_cooja/mtype574.a(vib-sensor.o)
                0x000000000002c2d8                simVibValue
 .bss           0x000000000002c2d9        0x0 obj_cooja/mtype574.a(clock.o)
 *fill*         0x000000000002c2d9        0x7 
 .bss           0x000000000002c2e0      0x420 obj_cooja/mtype574.a(log.o)
 .bss           0x000000000002c700      0xfc0 obj_cooja/mtype574.a(cfs-cooja.o)
                0x000000000002c700                simCFSData
                0x000000000002d6a0                simCFSSize
                0x000000000002d6a4                simCFSChanged
                0x000000000002d6a8                simCFSRead
                0x000000000002d6ac                simCFSWritten
 .bss           0x000000000002d6c0       0x24 obj_cooja/mtype574.a(cooja-radio.o)
                0x000000000002d6c0                simReceivingLR
                0x000000000002d6c4                simInSizeLR
                0x000000000002d6c8                simOutSizeLR
                0x000000000002d6cc                simReceiving
                0x000000000002d6d0                simInSize
                0x000000000002d6d4                simOutSize
                0x000000000002d6d8                LongRangeTransmit
                0x000000000002d6dc                LongRangeReceiving
 .bss           0x000000000002d6e4        0xc obj_cooja/mtype574.a(eeprom.o)
                0x000000000002d6e4                simEEPROMChanged
                0x000000000002d6e8                simEEPROMRead
                0x000000000002d6ec                simEEPROMWritten
 .bss           0x000000000002d6f0        0x0 obj_cooja/mtype574.a(random.o)
 .bss           0x000000000002d6f0        0xc obj_cooja/mtype574.a(sensors.o)
 .bss           0x000000000002d6fc        0x0 obj_cooja/mtype574.a(autostart.o)
 .bss           0x000000000002d6fc        0x5 obj_cooja/mtype574.a(ctimer.o)
 *fill*         0x000000000002d701        0x3 
 .bss           0x000000000002d704        0x8 obj_cooja/mtype574.a(etimer.o)
 .bss           0x000000000002d70c        0x0 obj_cooja/mtype574.a(log_message.o)
 *fill*         0x000000000002d70c       0x14 
 .bss           0x000000000002d720      0x1b1 obj_cooja/mtype574.a(process.o)
                0x000000000002d720                process_list
                0x000000000002d724                process_current
 .bss           0x000000000002d8d1        0x0 obj_cooja/mtype574.a(residual.o)
 *fill*         0x000000000002d8d1        0x3 
 .bss           0x000000000002d8d4        0x4 obj_cooja/mtype574.a(rtimer.o)
 .bss           0x000000000002d8d8        0x0 obj_cooja/mtype574.a(timer.o)
 *fill*         0x000000000002d8d8        0x8 
 .bss           0x000000000002d8e0      0x140 obj_cooja/mtype574.a(serial-line.o)
 .bss           0x000000000002da20        0x0 obj_cooja/mtype574.a(list.o)
 .bss           0x000000000002da20        0x0 obj_cooja/mtype574.a(ringbuf.o)
 .bss           0x000000000002da20      0x70c obj_cooja/mtype574.a(sicslowpan.o)
 *fill*         0x000000000002e12c       0x14 
 .bss           0x000000000002e140      0x2d0 obj_cooja/mtype574.a(uip-ds6-nbr.o)
 .bss           0x000000000002e410       0x20 obj_cooja/mtype574.a(uip-ds6.o)
 .bss           0x000000000002e430        0xe obj_cooja/mtype574.a(uip6.o)
                0x000000000002e430                uip_ext_bitmap
                0x000000000002e431                uip_ext_len
                0x000000000002e432                uip_ext_opt_offset
 *fill*         0x000000000002e43e        0x2 
 .bss           0x000000000002e440       0x6b obj_cooja/mtype574.a(tcpip.o)
 .bss           0x000000000002e4ab        0x0 obj_cooja/mtype574.a(uip-debug.o)
 *fill*         0x000000000002e4ab       0x15 
 .bss           0x000000000002e4c0      0xcf8 obj_cooja/mtype574.a(uip-packetqueue)
 *fill*         0x000000000002f1b8        0x8 
 .bss           0x000000000002f1c0      0x1fe obj_cooja/mtype574.a(rpl-dag.o)
 .bss           0x000000000002f3be        0x0 obj_cooja/mtype574.a(rpl-ext-header.)
 .bss           0x000000000002f3be        0x0 obj_cooja/mtype574.a(rpl-icmp6.o)
 .bss           0x000000000002f3be        0x0 obj_cooja/mtype574.a(rpl-mrhof.o)
 *fill*         0x000000000002f3be        0x2 
 .bss           0x000000000002f3c0       0x23 obj_cooja/mtype574.a(rpl-timers.o)
 *fill*         0x000000000002f3e3        0x1 
 .bss           0x000000000002f3e4        0x4 obj_cooja/mtype574.a(rpl.o)
 .bss           0x000000000002f3e8        0x2 obj_cooja/mtype574.a(framer-802154.o)
 .bss           0x000000000002f3ea        0x0 obj_cooja/mtype574.a(nullmac.o)
 .bss           0x000000000002f3ea        0x0 obj_cooja/mtype574.a(nullrdc.o)
 .bss           0x000000000002f3ea        0x0 obj_cooja/mtype574.a(linkaddr.o)
 *fill*         0x000000000002f3ea       0x16 
 .bss           0x000000000002f400      0x20c obj_cooja/mtype574.a(nbr-table.o)
 .bss           0x000000000002f60c        0x0 obj_cooja/mtype574.a(netstack.o)
 *fill*         0x000000000002f60c       0x14 
 .bss           0x000000000002f620       0xa0 obj_cooja/mtype574.a(packetbuf.o)
 .bss           0x000000000002f6c0      0xb80 obj_cooja/mtype574.a(queuebuf.o)
 .bss           0x0000000000030240        0x0 obj_cooja/mtype574.a(nullsec.o)
 .bss           0x0000000000030240        0x0 obj_cooja/mtype574.a(watchdog.o)
 .bss           0x0000000000030240        0x0 obj_cooja/mtype574.a(rimestats.o)
 .bss           0x0000000000030240        0x0 obj_cooja/mtype574.a(stimer.o)
 .bss           0x0000000000030240        0x0 obj_cooja/mtype574.a(memb.o)
 .bss           0x0000000000030240      0x568 obj_cooja/mtype574.a(uip-ds6-route.o)
 .bss           0x00000000000307a8       0x18 obj_cooja/mtype574.a(uip-icmp6.o)
 .bss           0x00000000000307c0        0x0 obj_cooja/mtype574.a(uip-nd6.o)
 .bss           0x00000000000307c0       0x44 obj_cooja/mtype574.a(rpl-nbr-policy.)
 .bss           0x0000000000030804        0x0 obj_cooja/mtype574.a(frame802154.o)
 *fill*         0x0000000000030804       0x1c 
 .bss           0x0000000000030820       0x90 obj_cooja/mtype574.a(mac-sequence.o)
 .bss           0x00000000000308b0        0x0 obj_cooja/mtype574.a(mac.o)
 .bss           0x00000000000308b0        0x0 /usr/lib/gcc/i686-linux-gnu/4.8/crtendS.o
 .bss           0x00000000000308b0        0x0 /usr/lib/gcc/i686-linux-gnu/4.8/../../../i386-linux-gnu/crtn.o
 *(COMMON)
 COMMON         0x00000000000308b0        0x2 udp-server.co
                0x00000000000308b0                my_sink_reachability
                0x00000000000308b1                my_parent_number
 *fill*         0x00000000000308b2        0x2 
 COMMON         0x00000000000308b4       0x4c obj_cooja/mtype574.o
                0x00000000000308b4                dio_count
                0x00000000000308b8                dis_count
                0x00000000000308bc                collision_count
                0x00000000000308c0                transmission_count
                0x00000000000308c4                COOJA_radioRxLong
                0x00000000000308c8                control_message_count
                0x00000000000308cc                dao_count
                0x00000000000308d0                COOJA_radioTx
                0x00000000000308d4                referenceVar
                0x00000000000308d8                data_relay_count
                0x00000000000308dc                data_message_count
                0x00000000000308e0                COOJA_radioTxLong
                0x00000000000308e4                COOJA_radioRx
                0x00000000000308e8                debugfp
                0x00000000000308ec                COOJA_radioOn
                0x00000000000308f0                COOJA_duration
                0x00000000000308f4                dio_ack_count
                0x00000000000308f8                COOJA_radioOnLong
                0x00000000000308fc                sensors_flags
 COMMON         0x0000000000030900        0xc obj_cooja/mtype574.a(simEnvChange.o)
                0x0000000000030900                simEtimerPending
                0x0000000000030904                simProcessRunValue
                0x0000000000030908                simNextExpirationTime
 COMMON         0x000000000003090c        0x1 obj_cooja/mtype574.a(beep.o)
                0x000000000003090c                simBeeped
 COMMON         0x000000000003090d        0x3 obj_cooja/mtype574.a(button-sensor.o)
                0x000000000003090d                simButtonIsActive
                0x000000000003090e                simButtonIsDown
                0x000000000003090f                simButtonChanged
 COMMON         0x0000000000030910        0x1 obj_cooja/mtype574.a(leds-arch.o)
                0x0000000000030910                simLedsValue
 *fill*         0x0000000000030911        0x3 
 COMMON         0x0000000000030914        0xc obj_cooja/mtype574.a(moteid.o)
                0x0000000000030914                simRandomSeed
                0x0000000000030918                simMoteIDChanged
                0x000000000003091c                simMoteID
 COMMON         0x0000000000030920        0x2 obj_cooja/mtype574.a(pir-sensor.o)
                0x0000000000030920                simPirIsActive
                0x0000000000030921                simPirChanged
 *fill*         0x0000000000030922       0x1e 
 COMMON         0x0000000000030940      0x820 obj_cooja/mtype574.a(rs232.o)
                0x0000000000030940                simSerialReceivingFlag
                0x0000000000030944                simSerialReceivingLength
                0x0000000000030960                simSerialReceivingData
 COMMON         0x0000000000031160        0x2 obj_cooja/mtype574.a(vib-sensor.o)
                0x0000000000031160                simVibChanged
                0x0000000000031161                simVibIsActive
 *fill*         0x0000000000031162        0x2 
 COMMON         0x0000000000031164        0x4 obj_cooja/mtype574.a(clock.o)
                0x0000000000031164                simCurrentTime
 *fill*         0x0000000000031168       0x18 
 COMMON         0x0000000000031180      0x420 obj_cooja/mtype574.a(log.o)
                0x0000000000031180                simLoggedLength
                0x0000000000031184                simLoggedFlag
                0x00000000000311a0                simLoggedData
 COMMON         0x00000000000315a0      0x200 obj_cooja/mtype574.a(cooja-radio.o)
                0x00000000000315a0                simOutDataBuffer
                0x0000000000031620                simInDataBufferLR
                0x00000000000316a0                simOutDataBufferLR
                0x0000000000031720                simInDataBuffer
 COMMON         0x00000000000317a0      0x400 obj_cooja/mtype574.a(eeprom.o)
                0x00000000000317a0                simEEPROMData
 COMMON         0x0000000000031ba0        0x1 obj_cooja/mtype574.a(sensors.o)
                0x0000000000031ba0                sensors_event
 *fill*         0x0000000000031ba1        0x3 
 COMMON         0x0000000000031ba4        0x4 obj_cooja/mtype574.a(log_message.o)
                0x0000000000031ba4                log_fp
 COMMON         0x0000000000031ba8        0x1 obj_cooja/mtype574.a(serial-line.o)
                0x0000000000031ba8                serial_line_event_message
 *fill*         0x0000000000031ba9       0x17 
 COMMON         0x0000000000031bc0      0x181 obj_cooja/mtype574.a(uip-ds6.o)
                0x0000000000031bc0                uip_ds6_prefix_list
                0x0000000000031c20                uip_ds6_timer_periodic
                0x0000000000031c30                uip_ds6_netif_addr_list_offset
                0x0000000000031c40                uip_ds6_if
                0x0000000000031d38                uip_ds6_timer_ra
                0x0000000000031d40                uip_ds6_addr_size
 *fill*         0x0000000000031d41       0x1f 
 COMMON         0x0000000000031d60      0x8ec obj_cooja/mtype574.a(uip6.o)
                0x0000000000031d60                uip_slen
                0x0000000000031d62                uip_acc32
                0x0000000000031d80                uip_conns
                0x0000000000031e40                uip_lladdr
                0x0000000000031e48                uip_appdata
                0x0000000000031e4c                uip_flags
                0x0000000000031e60                uip_aligned_buf
                0x00000000000324a0                uip_listenports
                0x00000000000324b0                uip_len
                0x00000000000324b4                uip_sappdata
                0x00000000000324c0                uip_udp_conns
                0x0000000000032640                uip_udp_conn
                0x0000000000032644                uip_next_hdr
                0x0000000000032648                uip_conn
 COMMON         0x000000000003264c        0x1 obj_cooja/mtype574.a(tcpip.o)
                0x000000000003264c                tcpip_event
 *fill*         0x000000000003264d       0x13 
 COMMON         0x0000000000032660      0x198 obj_cooja/mtype574.a(rpl-dag.o)
                0x0000000000032660                default_instance
                0x0000000000032680                instance_table
 COMMON         0x00000000000327f8        0x8 obj_cooja/mtype574.a(linkaddr.o)
                0x00000000000327f8                linkaddr_node_addr
 COMMON         0x0000000000032800       0x2e obj_cooja/mtype574.a(packetbuf.o)
                0x0000000000032800                packetbuf_attrs
                0x000000000003281e                packetbuf_addrs
 *fill*         0x000000000003282e       0x12 
 COMMON         0x0000000000032840       0x48 obj_cooja/mtype574.a(rimestats.o)
                0x0000000000032840                rimestats
                0x0000000000032888                . = ALIGN ((. != 0x0)?0x4:0x1)
                0x0000000000032888                . = ALIGN (0x4)
                0x0000000000032888                . = SEGMENT_START ("ldata-segment", .)
                0x0000000000032888                . = ALIGN (0x4)
                0x0000000000032888                _end = .
                0x0000000000032888                PROVIDE (end, .)
                0x0000000000032888                . = DATA_SEGMENT_END (.)

.stab
 *(.stab)

.stabstr
 *(.stabstr)

.stab.excl
 *(.stab.excl)

.stab.exclstr
 *(.stab.exclstr)

.stab.index
 *(.stab.index)

.stab.indexstr
 *(.stab.indexstr)

.comment        0x0000000000000000       0x54
 *(.comment)
 .comment       0x0000000000000000       0x29 /usr/lib/gcc/i686-linux-gnu/4.8/crtbeginS.o
                                         0x2a (size before relaxing)
 .comment       0x0000000000000000       0x2a udp-server.co
 .comment       0x0000000000000000       0x2a obj_cooja/mtype574.o
 .comment       0x0000000000000000       0x2a obj_cooja/mtype574.a(simEnvChange.o)
 .comment       0x0000000000000000       0x2a obj_cooja/mtype574.a(cooja_mt.o)
 .comment       0x0000000000000000       0x2a obj_cooja/mtype574.a(cooja_mtarch.o)
 .comment       0x0000000000000000       0x2a obj_cooja/mtype574.a(rtimer-arch.o)
 .comment       0x0000000000000000       0x2a obj_cooja/mtype574.a(beep.o)
 .comment       0x0000000000000000       0x2a obj_cooja/mtype574.a(button-sensor.o)
 .comment       0x0000000000000000       0x2a obj_cooja/mtype574.a(leds-arch.o)
 .comment       0x0000000000000000       0x2a obj_cooja/mtype574.a(moteid.o)
 .comment       0x0000000000000000       0x2a obj_cooja/mtype574.a(pir-sensor.o)
 .comment       0x0000000000000000       0x2a obj_cooja/mtype574.a(rs232.o)
 .comment       0x0000000000000000       0x2a obj_cooja/mtype574.a(vib-sensor.o)
 .comment       0x0000000000000000       0x2a obj_cooja/mtype574.a(clock.o)
 .comment       0x0000000000000000       0x2a obj_cooja/mtype574.a(log.o)
 .comment       0x0000000000000000       0x2a obj_cooja/mtype574.a(cfs-cooja.o)
 .comment       0x0000000000000000       0x2a obj_cooja/mtype574.a(cooja-radio.o)
 .comment       0x0000000000000000       0x2a obj_cooja/mtype574.a(eeprom.o)
 .comment       0x0000000000000000       0x2a obj_cooja/mtype574.a(random.o)
 .comment       0x0000000000000000       0x2a obj_cooja/mtype574.a(sensors.o)
 .comment       0x0000000000000000       0x2a obj_cooja/mtype574.a(autostart.o)
 .comment       0x0000000000000000       0x2a obj_cooja/mtype574.a(ctimer.o)
 .comment       0x0000000000000000       0x2a obj_cooja/mtype574.a(etimer.o)
 .comment       0x0000000000000000       0x2a obj_cooja/mtype574.a(log_message.o)
 .comment       0x0000000000000000       0x2a obj_cooja/mtype574.a(process.o)
 .comment       0x0000000000000000       0x2a obj_cooja/mtype574.a(residual.o)
 .comment       0x0000000000000000       0x2a obj_cooja/mtype574.a(rtimer.o)
 .comment       0x0000000000000000       0x2a obj_cooja/mtype574.a(timer.o)
 .comment       0x0000000000000000       0x2a obj_cooja/mtype574.a(serial-line.o)
 .comment       0x0000000000000029       0x2b obj_cooja/mtype574.a(list.o)
                                         0x2c (size before relaxing)
 .comment       0x0000000000000000       0x2a obj_cooja/mtype574.a(ringbuf.o)
 .comment       0x0000000000000000       0x2a obj_cooja/mtype574.a(sicslowpan.o)
 .comment       0x0000000000000000       0x2a obj_cooja/mtype574.a(uip-ds6-nbr.o)
 .comment       0x0000000000000000       0x2a obj_cooja/mtype574.a(uip-ds6.o)
 .comment       0x0000000000000000       0x2a obj_cooja/mtype574.a(uip6.o)
 .comment       0x0000000000000000       0x2a obj_cooja/mtype574.a(tcpip.o)
 .comment       0x0000000000000000       0x2a obj_cooja/mtype574.a(uip-debug.o)
 .comment       0x0000000000000000       0x2a obj_cooja/mtype574.a(uip-packetqueue)
 .comment       0x0000000000000000       0x2a obj_cooja/mtype574.a(rpl-dag.o)
 .comment       0x0000000000000000       0x2a obj_cooja/mtype574.a(rpl-ext-header.)
 .comment       0x0000000000000000       0x2a obj_cooja/mtype574.a(rpl-icmp6.o)
 .comment       0x0000000000000000       0x2a obj_cooja/mtype574.a(rpl-mrhof.o)
 .comment       0x0000000000000000       0x2a obj_cooja/mtype574.a(rpl-timers.o)
 .comment       0x0000000000000000       0x2a obj_cooja/mtype574.a(rpl.o)
 .comment       0x0000000000000000       0x2a obj_cooja/mtype574.a(framer-802154.o)
 .comment       0x0000000000000000       0x2a obj_cooja/mtype574.a(nullmac.o)
 .comment       0x0000000000000000       0x2a obj_cooja/mtype574.a(nullrdc.o)
 .comment       0x0000000000000000       0x2a obj_cooja/mtype574.a(linkaddr.o)
 .comment       0x0000000000000000       0x2a obj_cooja/mtype574.a(nbr-table.o)
 .comment       0x0000000000000000       0x2a obj_cooja/mtype574.a(netstack.o)
 .comment       0x0000000000000000       0x2a obj_cooja/mtype574.a(packetbuf.o)
 .comment       0x0000000000000000       0x2a obj_cooja/mtype574.a(queuebuf.o)
 .comment       0x0000000000000000       0x2a obj_cooja/mtype574.a(nullsec.o)
 .comment       0x0000000000000000       0x2a obj_cooja/mtype574.a(watchdog.o)
 .comment       0x0000000000000000       0x2c obj_cooja/mtype574.a(rimestats.o)
 .comment       0x0000000000000000       0x2a obj_cooja/mtype574.a(stimer.o)
 .comment       0x0000000000000000       0x2a obj_cooja/mtype574.a(memb.o)
 .comment       0x0000000000000000       0x2a obj_cooja/mtype574.a(uip-ds6-route.o)
 .comment       0x0000000000000000       0x2a obj_cooja/mtype574.a(uip-icmp6.o)
 .comment       0x0000000000000000       0x2a obj_cooja/mtype574.a(uip-nd6.o)
 .comment       0x0000000000000000       0x2a obj_cooja/mtype574.a(rpl-nbr-policy.)
 .comment       0x0000000000000000       0x2a obj_cooja/mtype574.a(frame802154.o)
 .comment       0x0000000000000000       0x2a obj_cooja/mtype574.a(mac-sequence.o)
 .comment       0x0000000000000000       0x2a obj_cooja/mtype574.a(mac.o)
 .comment       0x0000000000000000       0x2a /usr/lib/gcc/i686-linux-gnu/4.8/crtendS.o

.debug
 *(.debug)

.line
 *(.line)

.debug_srcinfo
 *(.debug_srcinfo)

.debug_sfnames
 *(.debug_sfnames)

.debug_aranges  0x0000000000000000      0x7f8
 *(.debug_aranges)
 .debug_aranges
                0x0000000000000000       0x20 udp-server.co
 .debug_aranges
                0x0000000000000020       0x20 obj_cooja/mtype574.o
 .debug_aranges
                0x0000000000000040       0x20 obj_cooja/mtype574.a(simEnvChange.o)
 .debug_aranges
                0x0000000000000060       0x20 obj_cooja/mtype574.a(cooja_mt.o)
 .debug_aranges
                0x0000000000000080       0x20 obj_cooja/mtype574.a(cooja_mtarch.o)
 .debug_aranges
                0x00000000000000a0       0x20 obj_cooja/mtype574.a(rtimer-arch.o)
 .debug_aranges
                0x00000000000000c0       0x20 obj_cooja/mtype574.a(beep.o)
 .debug_aranges
                0x00000000000000e0       0x20 obj_cooja/mtype574.a(button-sensor.o)
 .debug_aranges
                0x0000000000000100       0x20 obj_cooja/mtype574.a(leds-arch.o)
 .debug_aranges
                0x0000000000000120       0x20 obj_cooja/mtype574.a(moteid.o)
 .debug_aranges
                0x0000000000000140       0x20 obj_cooja/mtype574.a(pir-sensor.o)
 .debug_aranges
                0x0000000000000160       0x20 obj_cooja/mtype574.a(rs232.o)
 .debug_aranges
                0x0000000000000180       0x20 obj_cooja/mtype574.a(vib-sensor.o)
 .debug_aranges
                0x00000000000001a0       0x20 obj_cooja/mtype574.a(clock.o)
 .debug_aranges
                0x00000000000001c0       0x20 obj_cooja/mtype574.a(log.o)
 .debug_aranges
                0x00000000000001e0       0x20 obj_cooja/mtype574.a(cfs-cooja.o)
 .debug_aranges
                0x0000000000000200       0x20 obj_cooja/mtype574.a(cooja-radio.o)
 .debug_aranges
                0x0000000000000220       0x20 obj_cooja/mtype574.a(eeprom.o)
 .debug_aranges
                0x0000000000000240       0x20 obj_cooja/mtype574.a(random.o)
 .debug_aranges
                0x0000000000000260       0x20 obj_cooja/mtype574.a(sensors.o)
 .debug_aranges
                0x0000000000000280       0x20 obj_cooja/mtype574.a(autostart.o)
 .debug_aranges
                0x00000000000002a0       0x20 obj_cooja/mtype574.a(ctimer.o)
 .debug_aranges
                0x00000000000002c0       0x20 obj_cooja/mtype574.a(etimer.o)
 .debug_aranges
                0x00000000000002e0       0x20 obj_cooja/mtype574.a(log_message.o)
 .debug_aranges
                0x0000000000000300       0x20 obj_cooja/mtype574.a(process.o)
 .debug_aranges
                0x0000000000000320       0x20 obj_cooja/mtype574.a(residual.o)
 .debug_aranges
                0x0000000000000340       0x20 obj_cooja/mtype574.a(rtimer.o)
 .debug_aranges
                0x0000000000000360       0x20 obj_cooja/mtype574.a(timer.o)
 .debug_aranges
                0x0000000000000380       0x20 obj_cooja/mtype574.a(serial-line.o)
 .debug_aranges
                0x00000000000003a0       0x20 obj_cooja/mtype574.a(list.o)
 .debug_aranges
                0x00000000000003c0       0x20 obj_cooja/mtype574.a(ringbuf.o)
 .debug_aranges
                0x00000000000003e0       0x20 obj_cooja/mtype574.a(sicslowpan.o)
 .debug_aranges
                0x0000000000000400       0x20 obj_cooja/mtype574.a(uip-ds6-nbr.o)
 .debug_aranges
                0x0000000000000420       0x20 obj_cooja/mtype574.a(uip-ds6.o)
 .debug_aranges
                0x0000000000000440       0x20 obj_cooja/mtype574.a(uip6.o)
 .debug_aranges
                0x0000000000000460       0x20 obj_cooja/mtype574.a(tcpip.o)
 .debug_aranges
                0x0000000000000480       0x20 obj_cooja/mtype574.a(uip-debug.o)
 .debug_aranges
                0x00000000000004a0       0x20 obj_cooja/mtype574.a(uip-packetqueue)
 .debug_aranges
                0x00000000000004c0       0x20 obj_cooja/mtype574.a(rpl-dag.o)
 .debug_aranges
                0x00000000000004e0       0x20 obj_cooja/mtype574.a(rpl-ext-header.)
 .debug_aranges
                0x0000000000000500       0x20 obj_cooja/mtype574.a(rpl-icmp6.o)
 .debug_aranges
                0x0000000000000520       0x20 obj_cooja/mtype574.a(rpl-mrhof.o)
 .debug_aranges
                0x0000000000000540       0x20 obj_cooja/mtype574.a(rpl-timers.o)
 .debug_aranges
                0x0000000000000560       0x20 obj_cooja/mtype574.a(rpl.o)
 .debug_aranges
                0x0000000000000580       0x20 obj_cooja/mtype574.a(framer-802154.o)
 .debug_aranges
                0x00000000000005a0       0x20 obj_cooja/mtype574.a(nullmac.o)
 .debug_aranges
                0x00000000000005c0       0x20 obj_cooja/mtype574.a(nullrdc.o)
 .debug_aranges
                0x00000000000005e0       0x20 obj_cooja/mtype574.a(linkaddr.o)
 .debug_aranges
                0x0000000000000600       0x20 obj_cooja/mtype574.a(nbr-table.o)
 .debug_aranges
                0x0000000000000620       0x20 obj_cooja/mtype574.a(netstack.o)
 .debug_aranges
                0x0000000000000640       0x20 obj_cooja/mtype574.a(packetbuf.o)
 .debug_aranges
                0x0000000000000660       0x20 obj_cooja/mtype574.a(queuebuf.o)
 .debug_aranges
                0x0000000000000680       0x20 obj_cooja/mtype574.a(nullsec.o)
 .debug_aranges
                0x00000000000006a0       0x20 obj_cooja/mtype574.a(watchdog.o)
 .debug_aranges
                0x00000000000006c0       0x18 obj_cooja/mtype574.a(rimestats.o)
 .debug_aranges
                0x00000000000006d8       0x20 obj_cooja/mtype574.a(stimer.o)
 .debug_aranges
                0x00000000000006f8       0x20 obj_cooja/mtype574.a(memb.o)
 .debug_aranges
                0x0000000000000718       0x20 obj_cooja/mtype574.a(uip-ds6-route.o)
 .debug_aranges
                0x0000000000000738       0x20 obj_cooja/mtype574.a(uip-icmp6.o)
 .debug_aranges
                0x0000000000000758       0x20 obj_cooja/mtype574.a(uip-nd6.o)
 .debug_aranges
                0x0000000000000778       0x20 obj_cooja/mtype574.a(rpl-nbr-policy.)
 .debug_aranges
                0x0000000000000798       0x20 obj_cooja/mtype574.a(frame802154.o)
 .debug_aranges
                0x00000000000007b8       0x20 obj_cooja/mtype574.a(mac-sequence.o)
 .debug_aranges
                0x00000000000007d8       0x20 obj_cooja/mtype574.a(mac.o)

.debug_pubnames
 *(.debug_pubnames)

.debug_info     0x0000000000000000    0x1b48a
 *(.debug_info .gnu.linkonce.wi.*)
 .debug_info    0x0000000000000000      0xe4b udp-server.co
 .debug_info    0x0000000000000e4b     0x3a5f obj_cooja/mtype574.o
 .debug_info    0x00000000000048aa      0x15a obj_cooja/mtype574.a(simEnvChange.o)
 .debug_info    0x0000000000004a04      0x1e2 obj_cooja/mtype574.a(cooja_mt.o)
 .debug_info    0x0000000000004be6      0x2e7 obj_cooja/mtype574.a(cooja_mtarch.o)
 .debug_info    0x0000000000004ecd      0x16b obj_cooja/mtype574.a(rtimer-arch.o)
 .debug_info    0x0000000000005038      0x1f3 obj_cooja/mtype574.a(beep.o)
 .debug_info    0x000000000000522b      0x257 obj_cooja/mtype574.a(button-sensor.o)
 .debug_info    0x0000000000005482      0x132 obj_cooja/mtype574.a(leds-arch.o)
 .debug_info    0x00000000000055b4      0x10a obj_cooja/mtype574.a(moteid.o)
 .debug_info    0x00000000000056be      0x216 obj_cooja/mtype574.a(pir-sensor.o)
 .debug_info    0x00000000000058d4      0x21e obj_cooja/mtype574.a(rs232.o)
 .debug_info    0x0000000000005af2      0x216 obj_cooja/mtype574.a(vib-sensor.o)
 .debug_info    0x0000000000005d08      0x152 obj_cooja/mtype574.a(clock.o)
 .debug_info    0x0000000000005e5a      0x2bb obj_cooja/mtype574.a(log.o)
 .debug_info    0x0000000000006115      0x3cf obj_cooja/mtype574.a(cfs-cooja.o)
 .debug_info    0x00000000000064e4      0xc9b obj_cooja/mtype574.a(cooja-radio.o)
 .debug_info    0x000000000000717f      0x1d5 obj_cooja/mtype574.a(eeprom.o)
 .debug_info    0x0000000000007354       0xb3 obj_cooja/mtype574.a(random.o)
 .debug_info    0x0000000000007407      0x36d obj_cooja/mtype574.a(sensors.o)
 .debug_info    0x0000000000007774      0x1a5 obj_cooja/mtype574.a(autostart.o)
 .debug_info    0x0000000000007919      0x46c obj_cooja/mtype574.a(ctimer.o)
 .debug_info    0x0000000000007d85      0x49c obj_cooja/mtype574.a(etimer.o)
 .debug_info    0x0000000000008221      0x3d2 obj_cooja/mtype574.a(log_message.o)
 .debug_info    0x00000000000085f3      0x4ba obj_cooja/mtype574.a(process.o)
 .debug_info    0x0000000000008aad      0x164 obj_cooja/mtype574.a(residual.o)
 .debug_info    0x0000000000008c11      0x1ab obj_cooja/mtype574.a(rtimer.o)
 .debug_info    0x0000000000008dbc      0x16c obj_cooja/mtype574.a(timer.o)
 .debug_info    0x0000000000008f28      0x2de obj_cooja/mtype574.a(serial-line.o)
 .debug_info    0x0000000000009206      0x2ed obj_cooja/mtype574.a(list.o)
 .debug_info    0x00000000000094f3      0x1aa obj_cooja/mtype574.a(ringbuf.o)
 .debug_info    0x000000000000969d     0x105e obj_cooja/mtype574.a(sicslowpan.o)
 .debug_info    0x000000000000a6fb      0x853 obj_cooja/mtype574.a(uip-ds6-nbr.o)
 .debug_info    0x000000000000af4e      0xa5b obj_cooja/mtype574.a(uip-ds6.o)
 .debug_info    0x000000000000b9a9      0xea0 obj_cooja/mtype574.a(uip6.o)
 .debug_info    0x000000000000c849     0x1493 obj_cooja/mtype574.a(tcpip.o)
 .debug_info    0x000000000000dcdc      0x1b5 obj_cooja/mtype574.a(uip-debug.o)
 .debug_info    0x000000000000de91      0x470 obj_cooja/mtype574.a(uip-packetqueue)
 .debug_info    0x000000000000e301     0x1c3e obj_cooja/mtype574.a(rpl-dag.o)
 .debug_info    0x000000000000ff3f      0xe97 obj_cooja/mtype574.a(rpl-ext-header.)
 .debug_info    0x0000000000010dd6     0x18fa obj_cooja/mtype574.a(rpl-icmp6.o)
 .debug_info    0x00000000000126d0      0xb38 obj_cooja/mtype574.a(rpl-mrhof.o)
 .debug_info    0x0000000000013208      0xc36 obj_cooja/mtype574.a(rpl-timers.o)
 .debug_info    0x0000000000013e3e      0xd4a obj_cooja/mtype574.a(rpl.o)
 .debug_info    0x0000000000014b88      0x5ed obj_cooja/mtype574.a(framer-802154.o)
 .debug_info    0x0000000000015175      0x3d5 obj_cooja/mtype574.a(nullmac.o)
 .debug_info    0x000000000001554a      0xd0d obj_cooja/mtype574.a(nullrdc.o)
 .debug_info    0x0000000000016257      0x165 obj_cooja/mtype574.a(linkaddr.o)
 .debug_info    0x00000000000163bc      0x8e4 obj_cooja/mtype574.a(nbr-table.o)
 .debug_info    0x0000000000016ca0      0x4ba obj_cooja/mtype574.a(netstack.o)
 .debug_info    0x000000000001715a      0x478 obj_cooja/mtype574.a(packetbuf.o)
 .debug_info    0x00000000000175d2      0x57d obj_cooja/mtype574.a(queuebuf.o)
 .debug_info    0x0000000000017b4f      0x3aa obj_cooja/mtype574.a(nullsec.o)
 .debug_info    0x0000000000017ef9       0x7b obj_cooja/mtype574.a(watchdog.o)
 .debug_info    0x0000000000017f74      0x119 obj_cooja/mtype574.a(rimestats.o)
 .debug_info    0x000000000001808d      0x179 obj_cooja/mtype574.a(stimer.o)
 .debug_info    0x0000000000018206      0x1d7 obj_cooja/mtype574.a(memb.o)
 .debug_info    0x00000000000183dd      0xd30 obj_cooja/mtype574.a(uip-ds6-route.o)
 .debug_info    0x000000000001910d      0x7b7 obj_cooja/mtype574.a(uip-icmp6.o)
 .debug_info    0x00000000000198c4      0x331 obj_cooja/mtype574.a(uip-nd6.o)
 .debug_info    0x0000000000019bf5      0xe38 obj_cooja/mtype574.a(rpl-nbr-policy.)
 .debug_info    0x000000000001aa2d      0x6b4 obj_cooja/mtype574.a(frame802154.o)
 .debug_info    0x000000000001b0e1      0x297 obj_cooja/mtype574.a(mac-sequence.o)
 .debug_info    0x000000000001b378      0x112 obj_cooja/mtype574.a(mac.o)

.debug_abbrev   0x0000000000000000     0x653a
 *(.debug_abbrev)