Archive member included to satisfy reference by file (symbol)

obj_cooja/mtype888.a(simEnvChange.o)
                              obj_cooja/mtype888.o (simDontFallAsleep)
obj_cooja/mtype888.a(cooja_mt.o)
                              obj_cooja/mtype888.o (cooja_mt_start)
obj_cooja/mtype888.a(cooja_mtarch.o)
                              obj_cooja/mtype888.a(cooja_mt.o) (cooja_mtarch_init)
obj_cooja/mtype888.a(rtimer-arch.o)
                              obj_cooja/mtype888.o (rtimer_arch_next)
obj_cooja/mtype888.a(beep.o)  obj_cooja/mtype888.o (beep_interface)
obj_cooja/mtype888.a(button-sensor.o)
                              obj_cooja/mtype888.o (button_interface)
obj_cooja/mtype888.a(leds-arch.o)
                              obj_cooja/mtype888.o (leds_interface)
obj_cooja/mtype888.a(moteid.o)
                              obj_cooja/mtype888.o (moteid_interface)
obj_cooja/mtype888.a(pir-sensor.o)
                              obj_cooja/mtype888.o (pir_interface)
obj_cooja/mtype888.a(rs232.o)
                              obj_cooja/mtype888.o (rs232_interface)
obj_cooja/mtype888.a(vib-sensor.o)
                              obj_cooja/mtype888.o (vib_interface)
obj_cooja/mtype888.a(clock.o)
                              obj_cooja/mtype888.o (clock_interface)
obj_cooja/mtype888.a(log.o)   obj_cooja/mtype888.o (simlog_interface)
obj_cooja/mtype888.a(cfs-cooja.o)
                              obj_cooja/mtype888.o (cfs_interface)
obj_cooja/mtype888.a(cooja-radio.o)
                              obj_cooja/mtype888.o (radio_interface)
obj_cooja/mtype888.a(eeprom.o)
                              obj_cooja/mtype888.o (eeprom_interface)
obj_cooja/mtype888.a(random.o)
                              obj_cooja/mtype888.a(moteid.o) (random_init)
obj_cooja/mtype888.a(sensors.o)
                              udp-server.co (sensors_event)
obj_cooja/mtype888.a(leds.o)  obj_cooja/mtype888.a(cooja-radio.o) (leds_on)
obj_cooja/mtype888.a(dual_conf.o)
                              obj_cooja/mtype888.a(cooja-radio.o) (long_range_radio)
obj_cooja/mtype888.a(autostart.o)
                              obj_cooja/mtype888.o (autostart_start)
obj_cooja/mtype888.a(ctimer.o)
                              obj_cooja/mtype888.o (ctimer_init)
obj_cooja/mtype888.a(etimer.o)
                              obj_cooja/mtype888.o (etimer_process)
obj_cooja/mtype888.a(log_message.o)
                              obj_cooja/mtype888.o (log_initialization)
obj_cooja/mtype888.a(process.o)
                              udp-server.co (process_current)
obj_cooja/mtype888.a(residual.o)
                              obj_cooja/mtype888.o (get_residual_energy)
obj_cooja/mtype888.a(rtimer.o)
                              obj_cooja/mtype888.a(rtimer-arch.o) (rtimer_run_next)
obj_cooja/mtype888.a(timer.o)
                              obj_cooja/mtype888.a(button-sensor.o) (timer_set)
obj_cooja/mtype888.a(serial-line.o)
                              obj_cooja/mtype888.a(rs232.o) (serial_line_input_byte)
obj_cooja/mtype888.a(list.o)  obj_cooja/mtype888.a(ctimer.o) (list_init)
obj_cooja/mtype888.a(ringbuf.o)
                              obj_cooja/mtype888.a(serial-line.o) (ringbuf_init)
obj_cooja/mtype888.a(sicslowpan.o)
                              obj_cooja/mtype888.o (sicslowpan_driver)
obj_cooja/mtype888.a(uip-ds6-nbr.o)
                              obj_cooja/mtype888.a(sicslowpan.o) (uip_ds6_link_neighbor_callback)
obj_cooja/mtype888.a(uip-ds6.o)
                              udp-server.co (uip_ds6_if)
obj_cooja/mtype888.a(uip6.o)  obj_cooja/mtype888.o (uip_lladdr)
obj_cooja/mtype888.a(tcpip.o)
                              udp-server.co (tcpip_event)
obj_cooja/mtype888.a(uip-debug.o)
                              udp-server.co (uip_debug_ipaddr_print)
obj_cooja/mtype888.a(uip-packetqueue)
                              obj_cooja/mtype888.a(uip-ds6-nbr.o) (uip_packetqueue_new)
obj_cooja/mtype888.a(rpl-dag.o)
                              udp-server.co (rpl_set_root)
obj_cooja/mtype888.a(rpl-ext-header.)
                              obj_cooja/mtype888.a(uip6.o) (rpl_verify_header)
obj_cooja/mtype888.a(rpl-icmp6.o)
                              obj_cooja/mtype888.a(rpl-dag.o) (rpl_icmp6_update_nbr_table)
obj_cooja/mtype888.a(rpl-ltmax.o)
                              obj_cooja/mtype888.a(rpl-dag.o) (rpl_ltmax_of)
obj_cooja/mtype888.a(rpl-timers.o)
                              obj_cooja/mtype888.a(rpl-icmp6.o) (rpl_LSA_convergence_timer)
obj_cooja/mtype888.a(rpl.o)   obj_cooja/mtype888.a(rpl-icmp6.o) (rpl_get_mode)
obj_cooja/mtype888.a(csma.o)  udp-server.co (csma_driver)
obj_cooja/mtype888.a(framer-802154.o)
                              obj_cooja/mtype888.a(sicslowpan.o) (framer_802154)
obj_cooja/mtype888.a(mac.o)   obj_cooja/mtype888.a(csma.o) (mac_call_sent_callback)
obj_cooja/mtype888.a(cxmac.o)
                              obj_cooja/mtype888.o (cxmac_driver)
obj_cooja/mtype888.a(linkaddr.o)
[...]
Memory Configuration

Name             Origin             Length             Attributes
*default*        0x0000000000000000 0xffffffffffffffff

Linker script and memory map

LOAD /usr/lib/gcc/i686-linux-gnu/4.8/../../../i386-linux-gnu/crti.o
LOAD /usr/lib/gcc/i686-linux-gnu/4.8/crtbeginS.o
LOAD udp-server.co
LOAD obj_cooja/mtype888.o
LOAD obj_cooja/mtype888.a
LOAD /usr/lib/gcc/i686-linux-gnu/4.8/libgcc.a
LOAD /usr/lib/gcc/i686-linux-gnu/4.8/libgcc_s.so
LOAD /usr/lib/gcc/i686-linux-gnu/4.8/../../../i386-linux-gnu/libc.so
START GROUP
LOAD /lib/i386-linux-gnu/libc.so.6
LOAD /usr/lib/i386-linux-gnu/libc_nonshared.a
LOAD /lib/i386-linux-gnu/ld-linux.so.2
END GROUP
LOAD /usr/lib/gcc/i686-linux-gnu/4.8/libgcc.a
LOAD /usr/lib/gcc/i686-linux-gnu/4.8/libgcc_s.so
LOAD /usr/lib/gcc/i686-linux-gnu/4.8/crtendS.o
LOAD /usr/lib/gcc/i686-linux-gnu/4.8/../../../i386-linux-gnu/crtn.o
                0x0000000000000114                . = (0x0 + SIZEOF_HEADERS)

.note.gnu.build-id
                0x0000000000000114       0x24
 *(.note.gnu.build-id)
 .note.gnu.build-id
                0x0000000000000114       0x24 /usr/lib/gcc/i686-linux-gnu/4.8/../../../i386-linux-gnu/crti.o

.hash
 *(.hash)

.gnu.hash       0x0000000000000138     0x13ac
 *(.gnu.hash)
 .gnu.hash      0x0000000000000138     0x13ac /usr/lib/gcc/i686-linux-gnu/4.8/../../../i386-linux-gnu/crti.o

.dynsym         0x00000000000014e4     0x2710
 *(.dynsym)
 .dynsym        0x00000000000014e4     0x2710 /usr/lib/gcc/i686-linux-gnu/4.8/../../../i386-linux-gnu/crti.o

.dynstr         0x0000000000003bf4     0x281f
 *(.dynstr)
 .dynstr        0x0000000000003bf4     0x281f /usr/lib/gcc/i686-linux-gnu/4.8/../../../i386-linux-gnu/crti.o

.gnu.version    0x0000000000006414      0x4e2
 *(.gnu.version)
 .gnu.version   0x0000000000006414      0x4e2 /usr/lib/gcc/i686-linux-gnu/4.8/../../../i386-linux-gnu/crti.o

.gnu.version_d  0x00000000000068f8        0x0
 *(.gnu.version_d)
 .gnu.version_d
                0x0000000000000000        0x0 /usr/lib/gcc/i686-linux-gnu/4.8/../../../i386-linux-gnu/crti.o

.gnu.version_r  0x00000000000068f8       0x50
 *(.gnu.version_r)
 .gnu.version_r
                0x00000000000068f8       0x50 /usr/lib/gcc/i686-linux-gnu/4.8/../../../i386-linux-gnu/crti.o

.rel.dyn        0x0000000000006948     0x9c88
 *(.rel.init)
 .rel.init      0x0000000000000000        0x0 /usr/lib/gcc/i686-linux-gnu/4.8/../../../i386-linux-gnu/crti.o
 *(.rel.text .rel.text.* .rel.gnu.linkonce.t.*)
 .rel.text      0x0000000000006948     0x9498 /usr/lib/gcc/i686-linux-gnu/4.8/../../../i386-linux-gnu/crti.o
 *(.rel.fini)
 .rel.fini      0x0000000000000000        0x0 /usr/lib/gcc/i686-linux-gnu/4.8/../../../i386-linux-gnu/crti.o
 *(.rel.rodata .rel.rodata.* .rel.gnu.linkonce.r.*)
 .rel.rodata    0x000000000000fde0      0x4e0 /usr/lib/gcc/i686-linux-gnu/4.8/../../../i386-linux-gnu/crti.o
 *(.rel.data.rel.ro .rel.data.rel.ro.* .rel.gnu.linkonce.d.rel.ro.*)
 *(.rel.data .rel.data.* .rel.gnu.linkonce.d.*)
 .rel.data.rel  0x00000000000102c0        0x8 /usr/lib/gcc/i686-linux-gnu/4.8/../../../i386-linux-gnu/crti.o
 .rel.data      0x00000000000102c8      0x2d0 /usr/lib/gcc/i686-linux-gnu/4.8/../../../i386-linux-gnu/crti.o
 *(.rel.tdata .rel.tdata.* .rel.gnu.linkonce.td.*)
 *(.rel.tbss .rel.tbss.* .rel.gnu.linkonce.tb.*)
 *(.rel.ctors)
 *(.rel.dtors)
 *(.rel.got)
 .rel.got       0x0000000000010598       0x28 /usr/lib/gcc/i686-linux-gnu/4.8/../../../i386-linux-gnu/crti.o
 *(.rel.bss .rel.bss.* .rel.gnu.linkonce.b.*)
 *(.rel.ifunc)
 .rel.ifunc     0x0000000000000000        0x0 /usr/lib/gcc/i686-linux-gnu/4.8/../../../i386-linux-gnu/crti.o
 .rel.fini_array
                0x00000000000105c0        0x8 /usr/lib/gcc/i686-linux-gnu/4.8/../../../i386-linux-gnu/crti.o
 .rel.init_array
                0x00000000000105c8        0x8 /usr/lib/gcc/i686-linux-gnu/4.8/../../../i386-linux-gnu/crti.o

.rel.plt        0x00000000000105d0       0x10
 *(.rel.plt)
 .rel.plt       0x00000000000105d0       0x10 /usr/lib/gcc/i686-linux-gnu/4.8/../../../i386-linux-gnu/crti.o
 *(.rel.iplt)

.init           0x00000000000105e0       0x23
 *(SORT(.init))
 .init          0x00000000000105e0       0x1e /usr/lib/gcc/i686-linux-gnu/4.8/../../../i386-linux-gnu/crti.o
                0x00000000000105e0                _init
 .init          0x00000000000105fe        0x5 /usr/lib/gcc/i686-linux-gnu/4.8/../../../i386-linux-gnu/crtn.o

.plt            0x0000000000010610       0x30
 *(.plt)
 .plt           0x0000000000010610       0x30 /usr/lib/gcc/i686-linux-gnu/4.8/../../../i386-linux-gnu/crti.o
 *(.iplt)

.text           0x0000000000010640    0x17a13
 *(.text.unlikely .text.*_unlikely .text.unlikely.*)
 *(.text.exit .text.exit.*)
 *(.text.startup .text.startup.*)
 *(.text.hot .text.hot.*)
 *(.text .stub .text.* .gnu.linkonce.t.*)
 .text          0x0000000000010640        0x0 /usr/lib/gcc/i686-linux-gnu/4.8/../../../i386-linux-gnu/crti.o
 .gnu.linkonce.t.__x86.get_pc_thunk.bx
                0x0000000000010640        0x4 /usr/lib/gcc/i686-linux-gnu/4.8/../../../i386-linux-gnu/crti.o
                0x0000000000010640                __x86.get_pc_thunk.bx
 *fill*         0x0000000000010644        0xc 
 .text          0x0000000000010650      0x11b /usr/lib/gcc/i686-linux-gnu/4.8/crtbeginS.o
 .text          0x000000000001076b      0x3ce udp-server.co
 .text          0x0000000000010b39      0x96a obj_cooja/mtype888.o
                0x0000000000010ce7                contiki_init
                0x00000000000112ba                Java_org_contikios_cooja_corecomm_Lib10_init
                0x00000000000112fa                Java_org_contikios_cooja_corecomm_Lib10_getMemory
                0x000000000001133a                Java_org_contikios_cooja_corecomm_Lib10_setMemory
                0x00000000000113b1                Java_org_contikios_cooja_corecomm_Lib10_tick
                0x0000000000011491                Java_org_contikios_cooja_corecomm_Lib10_setReferenceAddress
 .text          0x00000000000114a3       0x63 obj_cooja/mtype888.a(simEnvChange.o)
                0x00000000000114a3                doActionsBeforeTick
                0x00000000000114d4                doActionsAfterTick
 .text          0x0000000000011506       0xbc obj_cooja/mtype888.a(cooja_mt.o)
                0x0000000000011506                cooja_mt_init
                0x0000000000011513                cooja_mt_remove
                0x0000000000011520                cooja_mt_start
                0x000000000001154d                cooja_mt_exec
                0x000000000001157e                cooja_mt_exit
                0x00000000000115a0                cooja_mt_yield
 .text          0x00000000000115c2      0x115 obj_cooja/mtype888.a(cooja_mtarch.o)
                0x00000000000115c2                cooja_mtarch_init
                0x00000000000115c7                cooja_mtarch_start
                0x0000000000011642                cooja_sw
                0x0000000000011664                cooja_mtarch_exec
                0x0000000000011680                cooja_mtarch_remove
                0x0000000000011685                cooja_mtarch_yield
                0x000000000001168f                cooja_mtarch_pstop
                0x0000000000011694                cooja_mtarch_pstart
                0x0000000000011699                cooja_mtarch_stack_usage
 .text          0x00000000000116d7       0xc2 obj_cooja/mtype888.a(rtimer-arch.o)
                0x00000000000116d7                rtimer_arch_init
                0x00000000000116fa                rtimer_arch_schedule
                0x0000000000011711                rtimer_arch_next
                0x000000000001171b                rtimer_arch_pending
                0x0000000000011725                rtimer_arch_check
                0x0000000000011757                rtimer_arch_now
 .text          0x0000000000011799       0x76 obj_cooja/mtype888.a(beep.o)
                0x0000000000011799                beep_alarm
                0x00000000000117a5                beep_beep
                0x00000000000117b1                beep
                0x00000000000117bd                beep_down
                0x00000000000117c9                beep_on
                0x00000000000117d5                beep_off
                0x00000000000117e1                beep_spinup
                0x00000000000117ed                beep_quick
                0x00000000000117f9                beep_long
 .text          0x000000000001180f      0x103 obj_cooja/mtype888.a(button-sensor.o)
 .text          0x0000000000011912       0x45 obj_cooja/mtype888.a(leds-arch.o)
                0x0000000000011912                leds_arch_init
                0x000000000001191e                leds_arch_get
                0x000000000001192a                leds_arch_set
 .text          0x0000000000011957       0x2f obj_cooja/mtype888.a(moteid.o)
 .text          0x0000000000011986       0xb1 obj_cooja/mtype888.a(pir-sensor.o)
 .text          0x0000000000011a37      0x131 obj_cooja/mtype888.a(rs232.o)
                0x0000000000011a37                rs232_init
                0x0000000000011a3c                rs232_set_speed
                0x0000000000011a4a                rs232_set_input
                0x0000000000011a57                rs232_send
                0x0000000000011a79                rs232_print
                0x0000000000011a94                slip_arch_writeb
 .text          0x0000000000011b68       0xb1 obj_cooja/mtype888.a(vib-sensor.o)
 .text          0x0000000000011c19       0x34 obj_cooja/mtype888.a(clock.o)
                0x0000000000011c19                clock_init
                0x0000000000011c1e                clock_time
                0x0000000000011c28                clock_seconds
                0x0000000000011c3e                clock_delay
 .text          0x0000000000011c4d      0x1ed obj_cooja/mtype888.a(log.o)
                0x0000000000011c4d                simlog_char
                0x0000000000011c8f                simlog
                0x0000000000011cfc                log_message
                0x0000000000011d24                log_set_putchar_with_slip
                0x0000000000011d31                log_putchar
                0x0000000000011db5                log_puts
                0x0000000000011dd9                log_printf
 .text          0x0000000000011e3a      0x2c4 obj_cooja/mtype888.a(cfs-cooja.o)
                0x0000000000011e3a                cfs_open
                0x0000000000011ea3                cfs_close
                0x0000000000011eaf                cfs_read
                0x0000000000011f4d                cfs_write
                0x000000000001202a                cfs_seek
                0x00000000000120b2                cfs_remove
                0x00000000000120db                cfs_opendir
                0x00000000000120e5                cfs_readdir
                0x00000000000120ef                cfs_closedir
 .text          0x00000000000120fe      0x6b7 obj_cooja/mtype888.a(cooja-radio.o)
                0x0000000000012128                radio_set_channel
                0x000000000001213d                radio_set_txpower
                0x000000000001215d                radio_signal_strength_last
                0x0000000000012167                radio_signal_strength_current
                0x0000000000012171                radio_LQI
 .text          0x00000000000127b5       0xef obj_cooja/mtype888.a(eeprom.o)
                0x00000000000127b5                eeprom_init
                0x00000000000127ba                eeprom_read
                0x000000000001282a                eeprom_write
 .text          0x00000000000128a4       0x28 obj_cooja/mtype888.a(random.o)
                0x00000000000128a4                random_init
                0x00000000000128bf                random_rand
 .text          0x00000000000128cc      0x2a1 obj_cooja/mtype888.a(sensors.o)
                0x0000000000012907                sensors_first
                0x0000000000012911                sensors_next
                0x000000000001292e                sensors_changed
                0x000000000001295d                sensors_find
 .text          0x0000000000012b6d      0x134 obj_cooja/mtype888.a(leds.o)
                0x0000000000012bbe                leds_init
                0x0000000000012bd2                leds_blink
                0x0000000000012c0a                leds_get
                0x0000000000012c17                leds_set
                0x0000000000012c31                leds_on
                0x0000000000012c54                leds_off
                0x0000000000012c7e                leds_toggle
 .text          0x0000000000012ca1      0x471 obj_cooja/mtype888.a(dual_conf.o)
                0x0000000000012ca1                dual_radio_switch
                0x0000000000012ce1                dual_radio_change
                0x0000000000012d1b                sending_in_LR
                0x0000000000012d46                dual_radio_received
                0x0000000000012d99                radio_received_is_longrange
                0x0000000000012db4                dual_radio_turn_on
                0x0000000000012dd7                dual_radio_turn_off
                0x0000000000013098                dio_broadcast
                0x00000000000130c1                dis_broadcast
                0x00000000000130e2                LSA_converge_broadcast
 .text          0x0000000000013112       0x8e obj_cooja/mtype888.a(autostart.o)
                0x0000000000013112                autostart_start
                0x000000000001315d                autostart_exit
 .text          0x00000000000131a0      0x334 obj_cooja/mtype888.a(ctimer.o)
                0x00000000000132b7                ctimer_init
                0x00000000000132e7                ctimer_set
                0x0000000000013318                ctimer_set_with_process
                0x0000000000013394                ctimer_reset
                0x00000000000133e3                ctimer_restart
                0x0000000000013432                ctimer_stop
                0x000000000001347d                ctimer_expired
 .text          0x00000000000134d4      0x40b obj_cooja/mtype888.a(etimer.o)
                0x00000000000136e7                etimer_request_poll
                0x000000000001376b                etimer_set
                0x0000000000013790                etimer_reset_with_new_interval
                0x00000000000137b7                etimer_reset
                0x00000000000137d5                etimer_restart
                0x00000000000137f3                etimer_adjust
                0x000000000001380f                etimer_expired
                0x0000000000013822                etimer_expiration_time
                0x0000000000013834                etimer_start_time
                0x000000000001383e                etimer_pending
                0x0000000000013850                etimer_next_expiration_time
                0x000000000001386a                etimer_stop
 .text          0x00000000000138df      0x12d obj_cooja/mtype888.a(log_message.o)
                0x00000000000138df                log_initialization
                0x00000000000139eb                log_finisher
 .text          0x0000000000013a0c      0x560 obj_cooja/mtype888.a(process.o)
                0x0000000000013a0c                process_alloc_event
                0x0000000000013a21                process_start
                0x0000000000013c0a                process_exit
                0x0000000000013c26                process_init
                0x0000000000013df7                process_run
                0x0000000000013e2a                process_nevents
                0x0000000000013e45                process_post
                0x0000000000013ef1                process_post_synch
                0x0000000000013f29                process_poll
                0x0000000000013f58                process_is_running
 .text          0x0000000000013f6c       0xd3 obj_cooja/mtype888.a(residual.o)
                0x0000000000013f6c                get_residual_energy
 .text          0x000000000001403f       0xba obj_cooja/mtype888.a(rtimer.o)
                0x000000000001403f                rtimer_init
                0x000000000001404c                rtimer_set
                0x00000000000140a3                rtimer_run_next
 .text          0x00000000000140f9       0x91 obj_cooja/mtype888.a(timer.o)
                0x00000000000140f9                timer_set
                0x0000000000014114                timer_reset
                0x000000000001412b                timer_restart
                0x000000000001413d                timer_expired
                0x0000000000014166                timer_remaining
 .text          0x000000000001418a      0x1fb obj_cooja/mtype888.a(serial-line.o)
                0x000000000001418a                serial_line_input_byte
                0x000000000001434d                serial_line_init
 .text          0x0000000000014385      0x244 obj_cooja/mtype888.a(list.o)
                0x0000000000014385                list_init
                0x0000000000014393                list_head
                0x000000000001439d                list_copy
                0x00000000000143ac                list_tail
                0x00000000000143e2                list_add
                0x000000000001442b                list_push
                0x0000000000014457                list_chop
                0x00000000000144c1                list_pop
                0x00000000000144e9                list_remove
                0x0000000000014550                list_length
                0x000000000001457e                list_insert
                0x00000000000145b2                list_item_next
 .text          0x00000000000145c9      0x155 obj_cooja/mtype888.a(ringbuf.o)
                0x00000000000145c9                ringbuf_init
                0x00000000000145fa                ringbuf_put
                0x0000000000014678                ringbuf_get
                0x00000000000146e5                ringbuf_size
                0x00000000000146f7                ringbuf_elements
 .text          0x000000000001471e     0x2c75 obj_cooja/mtype888.a(sicslowpan.o)
                0x0000000000014d1e                rime_sniffer_add
                0x0000000000014d2b                rime_sniffer_remove
                0x0000000000017332                sicslowpan_init
                0x0000000000017389                sicslowpan_get_last_rssi
 .text          0x0000000000017393      0x2dc obj_cooja/mtype888.a(uip-ds6-nbr.o)
                0x00000000000173b0                uip_ds6_neighbors_init
                0x00000000000173cd                uip_ds6_nbr_add
                0x000000000001747e                uip_ds6_nbr_rm
                0x00000000000174db                uip_ds6_nbr_get_ipaddr
                0x00000000000174f0                uip_ds6_nbr_get_ll
                0x000000000001750c                uip_ds6_nbr_num
                0x0000000000017551                uip_ds6_nbr_lookup
                0x00000000000175b6                uip_ds6_nbr_ll_lookup
                0x00000000000175d2                uip_ds6_nbr_ipaddr_from_lladdr
                0x00000000000175f8                uip_ds6_nbr_lladdr_from_ipaddr
                0x0000000000017626                uip_ds6_link_neighbor_callback
 .text          0x000000000001766f     0x12ad obj_cooja/mtype888.a(uip-ds6.o)
                0x000000000001766f                uip_ds6_init
                0x00000000000179c4                uip_ds6_periodic
                0x0000000000017a9c                uip_ds6_list_loop
                0x0000000000017b43                uip_ds6_prefix_add
                0x0000000000017c01                uip_ds6_prefix_rm
                0x0000000000017c13                uip_ds6_prefix_lookup
                0x0000000000017c64                uip_ds6_is_addr_onlink
                0x0000000000017cd8                uip_ds6_addr_add
                0x0000000000017e06                uip_ds6_long_addr_add
                0x0000000000017f34                uip_ds6_addr_rm
                0x0000000000017fd4                uip_ds6_addr_lookup
                0x000000000001801f                uip_ds6_long_addr_lookup
                0x000000000001806a                uip_ds6_get_link_local
                0x00000000000180e9                uip_ds6_long_get_link_local
                0x0000000000018168                uip_ds6_get_global
                0x00000000000181e7                uip_ds6_long_get_global
                0x0000000000018266                uip_ds6_maddr_add
                0x00000000000182d8                uip_ds6_long_maddr_add
                0x000000000001834a                uip_ds6_maddr_rm
                0x000000000001835c                uip_ds6_maddr_lookup
                0x00000000000183a7                uip_ds6_long_maddr_lookup
                0x00000000000183f2                uip_ds6_aaddr_add
                0x0000000000018464                uip_ds6_long_aaddr_add
                0x00000000000184d6                uip_ds6_aaddr_rm
                0x00000000000184e8                uip_ds6_aaddr_lookup
                0x0000000000018533                uip_ds6_long_aaddr_lookup
                0x000000000001857e                uip_ds6_select_src
                0x0000000000018807                uip_ds6_set_addr_iid
                0x000000000001883e                get_match_length
                0x00000000000188d0                uip_ds6_compute_reachable_time
 .text          0x000000000001891c     0x2a00 obj_cooja/mtype888.a(uip6.o)
                0x000000000001891c                uip_add32
                0x0000000000018ab5                uip_chksum
                0x0000000000018ba3                uip_icmp6chksum
                0x0000000000018bb7                uip_tcpchksum
                0x0000000000018bcb                uip_udpchksum
                0x0000000000018bdf                uip_init
                0x0000000000018caf                uip_connect
                0x0000000000018e5e                remove_ext_hdr
                0x0000000000018f33                uip_udp_new
                0x000000000001908f                uip_unlisten
                0x00000000000190ef                uip_listen
                0x00000000000193b1                uip_process
                0x000000000001b210                uip_htons
                0x000000000001b232                uip_htonl
                0x000000000001b272                uip_send
 .text          0x000000000001b31c      0xb50 obj_cooja/mtype888.a(tcpip.o)
                0x000000000001b31c                tcpip_output
                0x000000000001b357                tcpip_set_outputfunc
                0x000000000001b3eb                tcp_connect
                0x000000000001b440                tcp_unlisten
                0x000000000001b49b                tcp_listen
                0x000000000001b4f4                tcp_attach
                0x000000000001b519                udp_attach
                0x000000000001b53e                udp_new
                0x000000000001b590                udp_broadcast_new
                0x000000000001b804                tcpip_input
                0x000000000001b838                tcpip_ipv6_output
                0x000000000001bcb2                tcpip_poll_udp
                0x000000000001bcd5                tcpip_poll_tcp
                0x000000000001bcf8                tcpip_uipcall
 .text          0x000000000001be6c      0x1c1 obj_cooja/mtype888.a(uip-debug.o)
                0x000000000001be6c                uip_debug_ipaddr_print
                0x000000000001bfce                uip_debug_lladdr_print
 .text          0x000000000001c02d      0x141 obj_cooja/mtype888.a(uip-packetqueue)
                0x000000000001c059                uip_packetqueue_new
                0x000000000001c067                uip_packetqueue_alloc
                0x000000000001c0c7                uip_packetqueue_free
                0x000000000001c108                uip_packetqueue_buf
                0x000000000001c125                uip_packetqueue_buflen
                0x000000000001c146                uip_packetqueue_set_buflen
 .text          0x000000000001c16e     0x26ab obj_cooja/mtype888.a(rpl-dag.o)
                0x000000000001c16e                rpl_lr_in_child
                0x000000000001c226                rpl_print_neighbor_list
                0x000000000001c2cf                rpl_print_child_neighbor_list
                0x000000000001c344                rpl_get_nbr
                0x000000000001c39e                rpl_get_nbr_child
                0x000000000001c3f8                rpl_dag_init
                0x000000000001c42a                rpl_get_parent
                0x000000000001c44c                rpl_get_parent_rank
                0x000000000001c47f                rpl_get_parent_link_metric
                0x000000000001c4b2                rpl_get_parent_ipaddr
                0x000000000001c4dc                rpl_get_child_ipaddr
                0x000000000001c7f7                rpl_set_root
                0x000000000001ca25                rpl_repair_root
                0x000000000001cc61                rpl_set_prefix
                0x000000000001cd60                rpl_set_default_route
                0x000000000001cdec                rpl_alloc_instance
                0x000000000001ce74                rpl_alloc_dag
                0x000000000001cf27                rpl_set_default_instance
                0x000000000001cf34                rpl_get_default_instance
                0x000000000001cf3e                rpl_free_instance
                0x000000000001cfdf                rpl_free_dag
                0x000000000001d045                rpl_add_parent
                0x000000000001d12e                rpl_find_parent
                0x000000000001d15e                rpl_add_child
                0x000000000001d202                rpl_find_child
                0x000000000001d250                rpl_find_parent_any_dag
                0x000000000001d28c                rpl_select_dag
                0x000000000001d6c2                rpl_select_parent
                0x000000000001d724                rpl_remove_parent
                0x000000000001d75a                rpl_remove_child
                0x000000000001d776                rpl_nullify_parent
                0x000000000001d814                rpl_move_parent
                0x000000000001d8b1                rpl_has_downward_route
                0x000000000001d904                rpl_get_any_dag
                0x000000000001d966                rpl_get_instance
                0x000000000001d9c9                rpl_find_of
                0x000000000001da06                rpl_join_instance
                0x000000000001dca2                rpl_add_dag
                0x000000000001e091                rpl_local_repair
                0x000000000001e16a                rpl_recalculate_ranks
                0x000000000001e1f0                rpl_process_parent_event
                0x000000000001e2a2                rpl_process_dio
 .text          0x000000000001e819      0xbf3 obj_cooja/mtype888.a(rpl-ext-header.)
                0x000000000001e836                rpl_verify_header
                0x000000000001ecb0                rpl_update_header_empty
                0x000000000001efc7                rpl_update_header_final
                0x000000000001f156                rpl_remove_header
                0x000000000001f260                rpl_invert_header
                0x000000000001f3ea                rpl_insert_header
 .text          0x000000000001f40c     0x24ea obj_cooja/mtype888.a(rpl-icmp6.o)
                0x000000000001f6d5                rpl_icmp6_update_nbr_table
                0x000000000001f7c5                dis_output
                0x00000000000200fd                dio_output
                0x0000000000020968                LSA_converge_output
                0x0000000000021455                dao_output
                0x000000000002151d                dao_output_target
                0x000000000002189e                dao_ack_output
                0x00000000000218b2                rpl_icmp6_register_handlers
 .text          0x00000000000218f6      0x3dc obj_cooja/mtype888.a(rpl-ltmax.o)
 .text          0x0000000000021cd2      0x745 obj_cooja/mtype888.a(rpl-timers.o)
                0x0000000000021cd2                rpl_LSA_convergence_timer
                0x0000000000021dc8                rpl_reset_LSA_convergence_timer
                0x00000000000220c0                rpl_reset_periodic_timer
                0x0000000000022115                rpl_reset_dio_timer
                0x000000000002234f                rpl_schedule_dao
                0x000000000002236a                rpl_schedule_dao_immediately
                0x0000000000022385                rpl_cancel_dao
                0x00000000000223e7                rpl_schedule_unicast_dio_immediately
 .text          0x0000000000022417      0x5dc obj_cooja/mtype888.a(rpl.o)
                0x0000000000022417                rpl_get_mode
                0x0000000000022421                rpl_set_mode
                0x00000000000224af                rpl_purge_routes
                0x00000000000225a9                rpl_remove_routes
                0x00000000000225ef                rpl_remove_routes_by_nexthop
                0x000000000002265b                rpl_add_route
                0x00000000000226d6                rpl_link_neighbor_callback
                0x00000000000227db                rpl_ipv6_neighbor_callback
                0x000000000002284a                rpl_purge_dags
                0x0000000000022956                rpl_init
 .text          0x00000000000229f3      0x87b obj_cooja/mtype888.a(csma.o)
 .text          0x000000000002326e      0x3f5 obj_cooja/mtype888.a(framer-802154.o)
 .text          0x0000000000023663       0x3c obj_cooja/mtype888.a(mac.o)
                0x0000000000023663                mac_call_sent_callback
 .text          0x000000000002369f     0x12ac obj_cooja/mtype888.a(cxmac.o)
                0x000000000002487f                cxmac_set_announcement_radio_txpower
                0x0000000000024884                cxmac_init
 .text          0x000000000002494b       0x82 obj_cooja/mtype888.a(linkaddr.o)
                0x000000000002494b                linkaddr_copy
                0x000000000002496d                linkaddr_cmp
                0x0000000000024997                linkaddr_set_node_addr
                0x00000000000249b2                linkaddr_set_node_long_addr
 .text          0x00000000000249cd      0x915 obj_cooja/mtype888.a(nbr-table.o)
                0x00000000000249cd                long_ip_from_lladdr_map
                0x0000000000024a56                lladdr_map_add_lr
                0x0000000000024b13                lladdr_map_rm_lr
                0x0000000000024fd8                nbr_table_register
                0x0000000000025020                nbr_table_head
                0x000000000002507c                nbr_table_next
                0x00000000000250e3                nbr_table_add_lladdr
                0x00000000000251bf                nbr_table_get_from_lladdr
                0x000000000002520c                nbr_table_remove
                0x000000000002525e                nbr_table_lock
                0x0000000000025288                nbr_table_unlock
                0x00000000000252b2                nbr_table_get_lladdr
 .text          0x00000000000252e2       0x2b obj_cooja/mtype888.a(netstack.o)
                0x00000000000252e2                netstack_init
 .text          0x000000000002530d      0x3cd obj_cooja/mtype888.a(packetbuf.o)
                0x000000000002530d                packetbuf_clear
                0x0000000000025337                packetbuf_copyfrom
                0x0000000000025389                packetbuf_compact
                0x0000000000025406                packetbuf_copyto
                0x000000000002549d                packetbuf_hdralloc
                0x000000000002551a                packetbuf_hdrreduce
                0x0000000000025562                packetbuf_set_datalen
                0x000000000002557b                packetbuf_dataptr
                0x0000000000025598                packetbuf_hdrptr
                0x00000000000255a2                packetbuf_datalen
                0x00000000000255ae                packetbuf_hdrlen
                0x00000000000255c5                packetbuf_totlen
                0x00000000000255db                packetbuf_attr_clear
                0x000000000002562d                packetbuf_attr_copyto
                0x0000000000025676                packetbuf_attr_copyfrom
                0x00000000000256be                packetbuf_holds_broadcast
 .text          0x00000000000256da      0x2b4 obj_cooja/mtype888.a(queuebuf.o)
                0x00000000000256e4                queuebuf_init
                0x0000000000025704                queuebuf_numfree
                0x0000000000025718                queuebuf_new_from_packetbuf
                0x00000000000257a8                queuebuf_update_attr_from_packetbuf
                0x00000000000257db                queuebuf_update_from_packetbuf
                0x0000000000025825                queuebuf_free
                0x000000000002586c                queuebuf_to_packetbuf
                0x00000000000258d2                queuebuf_dataptr
                0x0000000000025909                queuebuf_datalen
                0x000000000002592c                queuebuf_addr
                0x000000000002595e                queuebuf_attr
                0x0000000000025989                queuebuf_debug_print
 .text          0x000000000002598e       0x6e obj_cooja/mtype888.a(nullsec.o)
 .text          0x00000000000259fc       0x19 obj_cooja/mtype888.a(watchdog.o)
                0x00000000000259fc                watchdog_init
                0x0000000000025a01                watchdog_start
                0x0000000000025a06                watchdog_periodic
                0x0000000000025a0b                watchdog_stop
                0x0000000000025a10                watchdog_reboot
 .text          0x0000000000025a15        0x0 obj_cooja/mtype888.a(rimestats.o)
 .text          0x0000000000025a15       0xa3 obj_cooja/mtype888.a(stimer.o)
                0x0000000000025a15                stimer_set
                0x0000000000025a30                stimer_reset
                0x0000000000025a47                stimer_restart
                0x0000000000025a59                stimer_expired
                0x0000000000025a80                stimer_remaining
                0x0000000000025aa4                stimer_elapsed
 .text          0x0000000000025ab8      0x1c1 obj_cooja/mtype888.a(memb.o)
                0x0000000000025ab8                memb_init
                0x0000000000025b16                memb_alloc
                0x0000000000025b7b                memb_free
                0x0000000000025bf6                memb_inmemb
                0x0000000000025c35                memb_numfree
 .text          0x0000000000025c79      0x916 obj_cooja/mtype888.a(uip-ds6-route.o)
                0x0000000000025cf0                uip_ds6_notification_add
                0x0000000000025d21                uip_ds6_notification_rm
                0x0000000000025d3d                uip_ds6_route_init
                0x0000000000025dc5                uip_ds6_route_nexthop
                0x0000000000025ded                uip_ds6_route_head
                0x0000000000025e02                uip_ds6_route_next
                0x0000000000025e28                uip_ds6_route_is_nexthop
                0x0000000000025e67                uip_ds6_route_num_routes
                0x0000000000025e71                uip_ds6_route_lookup
                0x0000000000025f33                uip_ds6_route_add
                0x0000000000026167                uip_ds6_route_rm
                0x00000000000262fb                uip_ds6_route_rm_by_nexthop
                0x0000000000026333                uip_ds6_defrt_add
                0x00000000000263e4                uip_ds6_defrt_rm
                0x0000000000026463                uip_ds6_defrt_lookup
                0x00000000000264bc                uip_ds6_defrt_choose
                0x0000000000026527                uip_ds6_defrt_periodic
 .text          0x000000000002658f      0xabf obj_cooja/mtype888.a(uip-icmp6.o)
                0x00000000000265fd                uip_icmp6_input
                0x0000000000026653                uip_icmp6_register_input_handler
                0x000000000002691b                uip_icmp6_error_output
                0x0000000000026c60                uip_icmp6_send
                0x0000000000026fe1                uip_icmp6_echo_reply_callback_add
                0x0000000000027012                uip_icmp6_echo_reply_callback_rm
                0x000000000002702e                uip_icmp6_init
 .text          0x000000000002704e      0x358 obj_cooja/mtype888.a(uip-nd6.o)
                0x00000000000270a2                uip_nd6_ns_output
                0x00000000000273a1                uip_nd6_init
 .text          0x00000000000273a6      0x331 obj_cooja/mtype888.a(rpl-nbr-policy.)
                0x000000000002757e                find_removable_dis
                0x00000000000275a1                find_removable_dio
                0x0000000000027630                find_removable_dao
                0x0000000000027680                rpl_nbr_policy_find_removable
 .text          0x00000000000276d7      0x97c obj_cooja/mtype888.a(frame802154.o)
                0x0000000000027708                frame802154_get_pan_id
                0x0000000000027714                frame802154_set_pan_id
                0x000000000002772d                frame802154_has_panid
                0x0000000000027819                frame802154_check_dest_panid
                0x0000000000027881                frame802154_is_broadcast_addr
                0x00000000000278ce                frame802154_extract_linkaddr
                0x0000000000027b0e                frame802154_hdrlen
                0x0000000000027b5f                frame802154_create
                0x0000000000027d4a                frame802154_parse
 .text          0x0000000000028053        0x0 /usr/lib/gcc/i686-linux-gnu/4.8/crtendS.o
 .text          0x0000000000028053        0x0 /usr/lib/gcc/i686-linux-gnu/4.8/../../../i386-linux-gnu/crtn.o
 *(.gnu.warning)

.fini           0x0000000000028054       0x14
 *(SORT(.fini))
 .fini          0x0000000000028054        0xf /usr/lib/gcc/i686-linux-gnu/4.8/../../../i386-linux-gnu/crti.o
                0x0000000000028054                _fini
 .fini          0x0000000000028063        0x5 /usr/lib/gcc/i686-linux-gnu/4.8/../../../i386-linux-gnu/crtn.o
                0x0000000000028068                PROVIDE (__etext, .)
                0x0000000000028068                PROVIDE (_etext, .)
                0x0000000000028068                PROVIDE (etext, .)

.rodata         0x0000000000028080     0x1620
 *(.rodata .rodata.* .gnu.linkonce.r.*)
 .rodata        0x0000000000028080      0x148 udp-server.co
                0x0000000000028094                autostart_processes
 .rodata        0x00000000000281c8      0x1e6 obj_cooja/mtype888.o
 *fill*         0x00000000000283ae        0x2 
 .rodata        0x00000000000283b0        0x8 obj_cooja/mtype888.a(beep.o)
                0x00000000000283b0                beep_interface
 .rodata        0x00000000000283b8       0x20 obj_cooja/mtype888.a(button-sensor.o)
                0x00000000000283b8                button_interface
                0x00000000000283c8                button_sensor
 .rodata        0x00000000000283d8        0x8 obj_cooja/mtype888.a(leds-arch.o)
                0x00000000000283d8                leds_interface
 .rodata        0x00000000000283e0        0x8 obj_cooja/mtype888.a(moteid.o)
                0x00000000000283e0                moteid_interface
 .rodata        0x00000000000283e8       0x1c obj_cooja/mtype888.a(pir-sensor.o)
                0x00000000000283e8                pir_interface
                0x00000000000283f4                pir_sensor
 .rodata        0x0000000000028404        0xe obj_cooja/mtype888.a(rs232.o)
                0x0000000000028404                rs232_interface
 *fill*         0x0000000000028412        0x2 
 .rodata        0x0000000000028414       0x24 obj_cooja/mtype888.a(vib-sensor.o)
                0x0000000000028414                vib_interface
                0x0000000000028428                vib_sensor
 .rodata        0x0000000000028438        0x8 obj_cooja/mtype888.a(clock.o)
                0x0000000000028438                clock_interface
 .rodata        0x0000000000028440        0x8 obj_cooja/mtype888.a(log.o)
                0x0000000000028440                simlog_interface
 .rodata        0x0000000000028448       0x2f obj_cooja/mtype888.a(cfs-cooja.o)
                0x0000000000028448                cfs_interface
 *fill*         0x0000000000028477        0x9 
 .rodata        0x0000000000028480       0xc0 obj_cooja/mtype888.a(cooja-radio.o)
                0x0000000000028500                cooja_radio_driver
                0x0000000000028538                radio_interface
 .rodata        0x0000000000028540        0x8 obj_cooja/mtype888.a(eeprom.o)
                0x0000000000028540                eeprom_interface
 .rodata        0x0000000000028548        0x8 obj_cooja/mtype888.a(sensors.o)
 .rodata        0x0000000000028550      0x1fe obj_cooja/mtype888.a(dual_conf.o)
 .rodata        0x000000000002874e        0xf obj_cooja/mtype888.a(ctimer.o)
 .rodata        0x000000000002875d        0xc obj_cooja/mtype888.a(etimer.o)
 *fill*         0x0000000000028769        0x3 
 .rodata        0x000000000002876c       0x73 obj_cooja/mtype888.a(log_message.o)
 *fill*         0x00000000000287df        0x1 
 .rodata        0x00000000000287e0       0x20 obj_cooja/mtype888.a(residual.o)
 .rodata        0x0000000000028800        0xe obj_cooja/mtype888.a(serial-line.o)
 *fill*         0x000000000002880e        0x2 
 .rodata        0x0000000000028810      0x904 obj_cooja/mtype888.a(sicslowpan.o)
                0x00000000000288e9                unc_llconf
                0x00000000000288ed                unc_ctxconf
                0x00000000000288f1                unc_mxconf
                0x00000000000288f5                llprefix
                0x0000000000029108                sicslowpan_driver
 .rodata        0x0000000000029114      0x13c obj_cooja/mtype888.a(uip6.o)
 .rodata        0x0000000000029250       0x49 obj_cooja/mtype888.a(tcpip.o)
 .rodata        0x0000000000029299       0x3e obj_cooja/mtype888.a(uip-debug.o)
 *fill*         0x00000000000292d7        0x1 
 .rodata        0x00000000000292d8        0x4 obj_cooja/mtype888.a(rpl-dag.o)
 .rodata        0x00000000000292dc       0x1c obj_cooja/mtype888.a(rpl-icmp6.o)
 .rodata        0x00000000000292f8       0x8a obj_cooja/mtype888.a(rpl-timers.o)
 *fill*         0x0000000000029382        0x2 
 .rodata        0x0000000000029384       0x24 obj_cooja/mtype888.a(csma.o)
                0x000000000002938c                csma_driver
 .rodata        0x00000000000293a8        0xc obj_cooja/mtype888.a(framer-802154.o)
                0x00000000000293a8                framer_802154
 *fill*         0x00000000000293b4        0xc 
 .rodata        0x00000000000293c0      0x2c0 obj_cooja/mtype888.a(cxmac.o)
                0x0000000000029660                cxmac_driver
 .rodata        0x0000000000029680        0x8 obj_cooja/mtype888.a(linkaddr.o)
                0x0000000000029680                linkaddr_null
 .rodata        0x0000000000029688       0x18 obj_cooja/mtype888.a(nullsec.o)
                0x0000000000029690                nullsec_driver

.rodata1
 *(.rodata1)

.eh_frame_hdr   0x00000000000296a0     0x1434
 *(.eh_frame_hdr)
 .eh_frame_hdr  0x00000000000296a0     0x1434 udp-server.co

.eh_frame       0x000000000002aad4     0x5224
 *(.eh_frame)
 .eh_frame      0x000000000002aad4       0x3c /usr/lib/gcc/i686-linux-gnu/4.8/../../../i386-linux-gnu/crti.o
                                         0x40 (size before relaxing)
 .eh_frame      0x000000000002ab10       0x68 udp-server.co
                                         0x80 (size before relaxing)
 .eh_frame      0x000000000002ab78      0x148 obj_cooja/mtype888.o
                                        0x160 (size before relaxing)
 .eh_frame      0x000000000002acc0       0x40 obj_cooja/mtype888.a(simEnvChange.o)
                                         0x58 (size before relaxing)
 .eh_frame      0x000000000002ad00       0xc0 obj_cooja/mtype888.a(cooja_mt.o)
                                         0xd8 (size before relaxing)
 .eh_frame      0x000000000002adc0      0x120 obj_cooja/mtype888.a(cooja_mtarch.o)
                                        0x138 (size before relaxing)
 .eh_frame      0x000000000002aee0       0xc0 obj_cooja/mtype888.a(rtimer-arch.o)
                                         0xd8 (size before relaxing)
 .eh_frame      0x000000000002afa0      0x160 obj_cooja/mtype888.a(beep.o)
                                        0x178 (size before relaxing)
 .eh_frame      0x000000000002b100       0xa0 obj_cooja/mtype888.a(button-sensor.o)
                                         0xb8 (size before relaxing)
 .eh_frame      0x000000000002b1a0       0xa0 obj_cooja/mtype888.a(leds-arch.o)
                                         0xb8 (size before relaxing)
 .eh_frame      0x000000000002b240       0x40 obj_cooja/mtype888.a(moteid.o)
                                         0x58 (size before relaxing)
 .eh_frame      0x000000000002b280       0xa0 obj_cooja/mtype888.a(pir-sensor.o)
                                         0xb8 (size before relaxing)
 .eh_frame      0x000000000002b320      0x100 obj_cooja/mtype888.a(rs232.o)
                                        0x118 (size before relaxing)
 .eh_frame      0x000000000002b420       0xa0 obj_cooja/mtype888.a(vib-sensor.o)
                                         0xb8 (size before relaxing)
 .eh_frame      0x000000000002b4c0       0xc0 obj_cooja/mtype888.a(clock.o)
                                         0xd8 (size before relaxing)
 .eh_frame      0x000000000002b580      0x120 obj_cooja/mtype888.a(log.o)
                                        0x138 (size before relaxing)
 .eh_frame      0x000000000002b6a0      0x160 obj_cooja/mtype888.a(cfs-cooja.o)
                                        0x178 (size before relaxing)
 .eh_frame      0x000000000002b800      0x2e0 obj_cooja/mtype888.a(cooja-radio.o)
                                        0x2f8 (size before relaxing)
 .eh_frame      0x000000000002bae0       0xa0 obj_cooja/mtype888.a(eeprom.o)
                                         0xb8 (size before relaxing)
 .eh_frame      0x000000000002bb80       0x40 obj_cooja/mtype888.a(random.o)
                                         0x58 (size before relaxing)
 .eh_frame      0x000000000002bbc0       0xc0 obj_cooja/mtype888.a(sensors.o)
                                         0xd8 (size before relaxing)
 .eh_frame      0x000000000002bc80      0x100 obj_cooja/mtype888.a(leds.o)
                                        0x118 (size before relaxing)
 .eh_frame      0x000000000002bd80      0x1a0 obj_cooja/mtype888.a(dual_conf.o)
                                        0x1b8 (size before relaxing)
 .eh_frame      0x000000000002bf20       0x40 obj_cooja/mtype888.a(autostart.o)
                                         0x58 (size before relaxing)
 .eh_frame      0x000000000002bf60      0x100 obj_cooja/mtype888.a(ctimer.o)
                                        0x118 (size before relaxing)
 .eh_frame      0x000000000002c060      0x1e0 obj_cooja/mtype888.a(etimer.o)
                                        0x1f8 (size before relaxing)
 .eh_frame      0x000000000002c240       0x40 obj_cooja/mtype888.a(log_message.o)
                                         0x58 (size before relaxing)
 .eh_frame      0x000000000002c280      0x1c8 obj_cooja/mtype888.a(process.o)
                                        0x1e0 (size before relaxing)
 .eh_frame      0x000000000002c448       0x2c obj_cooja/mtype888.a(residual.o)
                                         0x44 (size before relaxing)
 .eh_frame      0x000000000002c474       0x60 obj_cooja/mtype888.a(rtimer.o)
                                         0x78 (size before relaxing)
 .eh_frame      0x000000000002c4d4       0xa4 obj_cooja/mtype888.a(timer.o)
                                         0xbc (size before relaxing)
 .eh_frame      0x000000000002c578       0x60 obj_cooja/mtype888.a(serial-line.o)
                                         0x78 (size before relaxing)
 .eh_frame      0x000000000002c5d8      0x180 obj_cooja/mtype888.a(list.o)
                                        0x198 (size before relaxing)
 .eh_frame      0x000000000002c758       0xa0 obj_cooja/mtype888.a(ringbuf.o)
                                         0xb8 (size before relaxing)
 .eh_frame      0x000000000002c7f8      0x350 obj_cooja/mtype888.a(sicslowpan.o)
                                        0x368 (size before relaxing)
 .eh_frame      0x000000000002cb48      0x180 obj_cooja/mtype888.a(uip-ds6-nbr.o)
                                        0x198 (size before relaxing)
 .eh_frame      0x000000000002ccc8      0x3c8 obj_cooja/mtype888.a(uip-ds6.o)
                                        0x3e0 (size before relaxing)
 .eh_frame      0x000000000002d090      0x27c obj_cooja/mtype888.a(uip6.o)
                                        0x294 (size before relaxing)
 .eh_frame      0x000000000002d30c      0x270 obj_cooja/mtype888.a(tcpip.o)
                                        0x288 (size before relaxing)
 .eh_frame      0x000000000002d57c       0x48 obj_cooja/mtype888.a(uip-debug.o)
                                         0x60 (size before relaxing)
 .eh_frame      0x000000000002d5c4       0xe0 obj_cooja/mtype888.a(uip-packetqueue)
                                         0xf8 (size before relaxing)
 .eh_frame      0x000000000002d6a4      0x76c obj_cooja/mtype888.a(rpl-dag.o)
                                        0x784 (size before relaxing)
 .eh_frame      0x000000000002de10      0x10c obj_cooja/mtype888.a(rpl-ext-header.)
                                        0x124 (size before relaxing)
 .eh_frame      0x000000000002df1c      0x2f8 obj_cooja/mtype888.a(rpl-icmp6.o)
                                        0x310 (size before relaxing)
 .eh_frame      0x000000000002e214       0xe0 obj_cooja/mtype888.a(rpl-ltmax.o)
                                         0xf8 (size before relaxing)
 .eh_frame      0x000000000002e2f4      0x20c obj_cooja/mtype888.a(rpl-timers.o)
                                        0x224 (size before relaxing)
 .eh_frame      0x000000000002e500      0x148 obj_cooja/mtype888.a(rpl.o)
                                        0x160 (size before relaxing)
 .eh_frame      0x000000000002e648      0x28c obj_cooja/mtype888.a(csma.o)
                                        0x2a4 (size before relaxing)
 .eh_frame      0x000000000002e8d4      0x108 obj_cooja/mtype888.a(framer-802154.o)
                                        0x120 (size before relaxing)
 .eh_frame      0x000000000002e9dc       0x20 obj_cooja/mtype888.a(mac.o)
                                         0x38 (size before relaxing)
 .eh_frame      0x000000000002e9fc      0x2c0 obj_cooja/mtype888.a(cxmac.o)
                                        0x2d8 (size before relaxing)
 .eh_frame      0x000000000002ecbc       0x80 obj_cooja/mtype888.a(linkaddr.o)
                                         0x98 (size before relaxing)
 .eh_frame      0x000000000002ed3c      0x2cc obj_cooja/mtype888.a(nbr-table.o)
                                        0x2e4 (size before relaxing)
 .eh_frame      0x000000000002f008       0x20 obj_cooja/mtype888.a(netstack.o)
                                         0x38 (size before relaxing)
 .eh_frame      0x000000000002f028      0x214 obj_cooja/mtype888.a(packetbuf.o)
                                        0x22c (size before relaxing)
 .eh_frame      0x000000000002f23c      0x1a0 obj_cooja/mtype888.a(queuebuf.o)
                                        0x1b8 (size before relaxing)
 .eh_frame      0x000000000002f3dc       0x80 obj_cooja/mtype888.a(nullsec.o)
                                         0x98 (size before relaxing)
 .eh_frame      0x000000000002f45c       0xa0 obj_cooja/mtype888.a(watchdog.o)
                                         0xb8 (size before relaxing)
 .eh_frame      0x000000000002f4fc       0xc4 obj_cooja/mtype888.a(stimer.o)
                                         0xdc (size before relaxing)
 .eh_frame      0x000000000002f5c0       0xa0 obj_cooja/mtype888.a(memb.o)
                                         0xb8 (size before relaxing)
 .eh_frame      0x000000000002f660      0x2a0 obj_cooja/mtype888.a(uip-ds6-route.o)
                                        0x2b8 (size before relaxing)
 .eh_frame      0x000000000002f900      0x168 obj_cooja/mtype888.a(uip-icmp6.o)
                                        0x180 (size before relaxing)
 .eh_frame      0x000000000002fa68       0x68 obj_cooja/mtype888.a(uip-nd6.o)
                                         0x80 (size before relaxing)
 .eh_frame      0x000000000002fad0       0xc0 obj_cooja/mtype888.a(rpl-nbr-policy.)
                                         0xd8 (size before relaxing)
 .eh_frame      0x000000000002fb90      0x164 obj_cooja/mtype888.a(frame802154.o)
                                        0x17c (size before relaxing)
 .eh_frame      0x000000000002fcf4        0x4 /usr/lib/gcc/i686-linux-gnu/4.8/crtendS.o

.gcc_except_table
 *(.gcc_except_table .gcc_except_table.*)

.exception_ranges
 *(.exception_ranges .exception_ranges*)
                0x000000000002fcf8                . = (ALIGN (0x1000) - ((0x1000 - .) & 0xfff))
                0x0000000000030ef8                . = DATA_SEGMENT_ALIGN (0x1000, 0x1000)

.eh_frame
 *(.eh_frame)

.gcc_except_table
 *(.gcc_except_table .gcc_except_table.*)

.exception_ranges
 *(.exception_ranges .exception_ranges*)

.tdata
 *(.tdata .tdata.* .gnu.linkonce.td.*)

.tbss
 *(.tbss .tbss.* .gnu.linkonce.tb.*)
 *(.tcommon)

.preinit_array
 *(.preinit_array)

.init_array     0x0000000000030ef8        0x4
 *(SORT(.init_array.*) SORT(.ctors.*))
 *(.init_array EXCLUDE_FILE(*crtend?.o *crtend.o *crtbegin?.o *crtbegin.o) .ctors)
 .init_array    0x0000000000030ef8        0x4 /usr/lib/gcc/i686-linux-gnu/4.8/crtbeginS.o

.fini_array     0x0000000000030efc        0x4
 *(SORT(.fini_array.*) SORT(.dtors.*))
 *(.fini_array EXCLUDE_FILE(*crtend?.o *crtend.o *crtbegin?.o *crtbegin.o) .dtors)
 .fini_array    0x0000000000030efc        0x4 /usr/lib/gcc/i686-linux-gnu/4.8/crtbeginS.o

.ctors
 *crtbegin.o(.ctors)
 *crtbegin?.o(.ctors)
 *(EXCLUDE_FILE(*crtend?.o *crtend.o) .ctors)
 *(SORT(.ctors.*))
 *(.ctors)

.dtors
 *crtbegin.o(.dtors)
 *crtbegin?.o(.dtors)
 *(EXCLUDE_FILE(*crtend?.o *crtend.o) .dtors)
 *(SORT(.dtors.*))
 *(.dtors)

.jcr            0x0000000000030f00        0x4
 *(.jcr)
 .jcr           0x0000000000030f00        0x0 /usr/lib/gcc/i686-linux-gnu/4.8/crtbeginS.o
 .jcr           0x0000000000030f00        0x4 /usr/lib/gcc/i686-linux-gnu/4.8/crtendS.o

.data.rel.ro
 *(.data.rel.ro.local* .gnu.linkonce.d.rel.ro.local.*)
 *(.data.rel.ro .data.rel.ro.* .gnu.linkonce.d.rel.ro.*)

.dynamic        0x0000000000030f04       0xe8
 *(.dynamic)
 .dynamic       0x0000000000030f04       0xe8 /usr/lib/gcc/i686-linux-gnu/4.8/../../../i386-linux-gnu/crti.o
                0x0000000000030f04                _DYNAMIC

.got            0x0000000000030fec       0x14
 *(.got)
 .got           0x0000000000030fec       0x14 /usr/lib/gcc/i686-linux-gnu/4.8/../../../i386-linux-gnu/crti.o
 *(.igot)
                0x0000000000031ff4                . = DATA_SEGMENT_RELRO_END (., (SIZEOF (.got.plt) >= 0xc)?0xc:0x0)

.got.plt        0x0000000000031000       0x14
 *(.got.plt)
 .got.plt       0x0000000000031000       0x14 /usr/lib/gcc/i686-linux-gnu/4.8/../../../i386-linux-gnu/crti.o
                0x0000000000031000                _GLOBAL_OFFSET_TABLE_
 *(.igot.plt)

.data           0x0000000000031020      0x2c2
 *(.data .data.* .gnu.linkonce.d.*)
 .data          0x0000000000031020        0x0 /usr/lib/gcc/i686-linux-gnu/4.8/../../../i386-linux-gnu/crti.o
 .data          0x0000000000031020        0x0 /usr/lib/gcc/i686-linux-gnu/4.8/crtbeginS.o
 .data.rel      0x0000000000031020        0x4 /usr/lib/gcc/i686-linux-gnu/4.8/crtbeginS.o
                0x0000000000031020                __dso_handle
 .data          0x0000000000031024       0x10 udp-server.co
                0x0000000000031024                udp_server_process
 *fill*         0x0000000000031034        0xc 
 .data          0x0000000000031040       0x44 obj_cooja/mtype888.o
                0x0000000000031040                simInterfaces
                0x0000000000031074                sensors
 .data          0x0000000000031084        0x0 obj_cooja/mtype888.a(simEnvChange.o)
 .data          0x0000000000031084        0x0 obj_cooja/mtype888.a(cooja_mt.o)
 .data          0x0000000000031084        0x0 obj_cooja/mtype888.a(cooja_mtarch.o)
 .data          0x0000000000031084        0x0 obj_cooja/mtype888.a(rtimer-arch.o)
 .data          0x0000000000031084        0x0 obj_cooja/mtype888.a(beep.o)
 .data          0x0000000000031084        0x0 obj_cooja/mtype888.a(button-sensor.o)
 .data          0x0000000000031084        0x0 obj_cooja/mtype888.a(leds-arch.o)
 .data          0x0000000000031084        0x0 obj_cooja/mtype888.a(moteid.o)
 .data          0x0000000000031084        0x0 obj_cooja/mtype888.a(pir-sensor.o)
 .data          0x0000000000031084        0x0 obj_cooja/mtype888.a(rs232.o)
 .data          0x0000000000031084        0x0 obj_cooja/mtype888.a(vib-sensor.o)
 .data          0x0000000000031084        0x0 obj_cooja/mtype888.a(clock.o)
 .data          0x0000000000031084        0x0 obj_cooja/mtype888.a(log.o)
 .data          0x0000000000031084        0x0 obj_cooja/mtype888.a(cfs-cooja.o)
 .data          0x0000000000031084       0x40 obj_cooja/mtype888.a(cooja-radio.o)
                0x0000000000031084                simRadioChannelLR
                0x0000000000031088                simRadioHWOnLR
                0x000000000003108c                simSignalStrengthLR
                0x0000000000031090                simLastSignalStrengthLR
                0x0000000000031094                simPowerLR
                0x0000000000031098                simLQILR
                0x000000000003109c                simRadioChannel
                0x00000000000310a0                simRadioHWOn
                0x00000000000310a4                simSignalStrength
                0x00000000000310a8                simLastSignalStrength
                0x00000000000310ac                simPower
                0x00000000000310b0                simLQI
                0x00000000000310b4                cooja_radio_process
 .data          0x00000000000310c4        0x0 obj_cooja/mtype888.a(eeprom.o)
 .data          0x00000000000310c4        0x0 obj_cooja/mtype888.a(random.o)
 .data          0x00000000000310c4       0x10 obj_cooja/mtype888.a(sensors.o)
                0x00000000000310c4                sensors_process
 .data          0x00000000000310d4        0x0 obj_cooja/mtype888.a(leds.o)
 .data          0x00000000000310d4       0x3a obj_cooja/mtype888.a(dual_conf.o)
                0x00000000000310d4                radio_received
                0x00000000000310d8                dual_dio_broadcast
                0x00000000000310e8                dual_dis_broadcast
                0x00000000000310f8                dual_LSA_converge_broadcast
 .data          0x000000000003110e        0x0 obj_cooja/mtype888.a(autostart.o)
 *fill*         0x000000000003110e        0x2 
 .data          0x0000000000031110       0x14 obj_cooja/mtype888.a(ctimer.o)
                0x0000000000031114                ctimer_process
 .data          0x0000000000031124       0x10 obj_cooja/mtype888.a(etimer.o)
                0x0000000000031124                etimer_process
 .data          0x0000000000031134        0x0 obj_cooja/mtype888.a(log_message.o)
 .data          0x0000000000031134        0x0 obj_cooja/mtype888.a(process.o)
 .data          0x0000000000031134        0x0 obj_cooja/mtype888.a(residual.o)
 .data          0x0000000000031134        0x0 obj_cooja/mtype888.a(rtimer.o)
 .data          0x0000000000031134        0x0 obj_cooja/mtype888.a(timer.o)
 .data          0x0000000000031134       0x10 obj_cooja/mtype888.a(serial-line.o)
                0x0000000000031134                serial_line_process
 .data          0x0000000000031144        0x0 obj_cooja/mtype888.a(list.o)
 .data          0x0000000000031144        0x0 obj_cooja/mtype888.a(ringbuf.o)
 .data          0x0000000000031144        0x0 obj_cooja/mtype888.a(sicslowpan.o)
 .data          0x0000000000031144       0x14 obj_cooja/mtype888.a(uip-ds6-nbr.o)
                0x0000000000031154                ds6_neighbors
 .data          0x0000000000031158        0x0 obj_cooja/mtype888.a(uip-ds6.o)
 .data          0x0000000000031158        0x0 obj_cooja/mtype888.a(uip6.o)
 .data          0x0000000000031158       0x10 obj_cooja/mtype888.a(tcpip.o)
                0x0000000000031158                tcpip_process
 .data          0x0000000000031168        0x0 obj_cooja/mtype888.a(uip-debug.o)
 .data          0x0000000000031168        0xc obj_cooja/mtype888.a(uip-packetqueue)
 .data          0x0000000000031174       0x28 obj_cooja/mtype888.a(rpl-dag.o)
                0x0000000000031184                rpl_parents
                0x0000000000031198                rpl_children
 .data          0x000000000003119c        0x0 obj_cooja/mtype888.a(rpl-ext-header.)
 .data          0x000000000003119c       0x40 obj_cooja/mtype888.a(rpl-icmp6.o)
 .data          0x00000000000311dc       0x1c obj_cooja/mtype888.a(rpl-ltmax.o)
                0x00000000000311dc                rpl_ltmax_of
 .data          0x00000000000311f8        0x0 obj_cooja/mtype888.a(rpl-timers.o)
 .data          0x00000000000311f8        0x0 obj_cooja/mtype888.a(rpl.o)
 .data          0x00000000000311f8       0x28 obj_cooja/mtype888.a(csma.o)
 .data          0x0000000000031220        0x0 obj_cooja/mtype888.a(framer-802154.o)
 .data          0x0000000000031220        0x0 obj_cooja/mtype888.a(mac.o)
 .data          0x0000000000031220       0x30 obj_cooja/mtype888.a(cxmac.o)
                0x0000000000031220                cxmac_config
                0x0000000000031230                strobe_wait
 .data          0x0000000000031250        0x0 obj_cooja/mtype888.a(linkaddr.o)
 .data          0x0000000000031250       0x10 obj_cooja/mtype888.a(nbr-table.o)
 .data          0x0000000000031260        0x0 obj_cooja/mtype888.a(netstack.o)
 .data          0x0000000000031260        0x4 obj_cooja/mtype888.a(packetbuf.o)
 .data          0x0000000000031264       0x18 obj_cooja/mtype888.a(queuebuf.o)
 .data          0x000000000003127c        0x0 obj_cooja/mtype888.a(nullsec.o)
 .data          0x000000000003127c        0x0 obj_cooja/mtype888.a(watchdog.o)
 .data          0x000000000003127c        0x0 obj_cooja/mtype888.a(rimestats.o)
 .data          0x000000000003127c        0x0 obj_cooja/mtype888.a(stimer.o)
 .data          0x000000000003127c        0x0 obj_cooja/mtype888.a(memb.o)
 .data          0x000000000003127c       0x44 obj_cooja/mtype888.a(uip-ds6-route.o)
                0x000000000003128c                nbr_routes
 .data          0x00000000000312c0       0x20 obj_cooja/mtype888.a(uip-icmp6.o)
 .data          0x00000000000312e0        0x0 obj_cooja/mtype888.a(uip-nd6.o)
 .data          0x00000000000312e0        0x0 obj_cooja/mtype888.a(rpl-nbr-policy.)
 .data          0x00000000000312e0        0x2 obj_cooja/mtype888.a(frame802154.o)
 .data          0x00000000000312e2        0x0 /usr/lib/gcc/i686-linux-gnu/4.8/crtendS.o
 .data          0x00000000000312e2        0x0 /usr/lib/gcc/i686-linux-gnu/4.8/../../../i386-linux-gnu/crtn.o

.tm_clone_table
                0x00000000000312e4        0x0
 .tm_clone_table
                0x00000000000312e4        0x0 /usr/lib/gcc/i686-linux-gnu/4.8/crtbeginS.o
 .tm_clone_table
                0x00000000000312e4        0x0 /usr/lib/gcc/i686-linux-gnu/4.8/crtendS.o

.data1
 *(.data1)
                0x00000000000312e4                _edata = .
                0x00000000000312e4                PROVIDE (edata, .)
                0x00000000000312e4                . = .
                0x00000000000312e4                __bss_start = .

.bss            0x0000000000031300     0x8588
 *(.dynbss)
 .dynbss        0x0000000000000000        0x0 /usr/lib/gcc/i686-linux-gnu/4.8/../../../i386-linux-gnu/crti.o
 *(.bss .bss.* .gnu.linkonce.b.*)
 .bss           0x0000000000031300        0x0 /usr/lib/gcc/i686-linux-gnu/4.8/../../../i386-linux-gnu/crti.o
 .bss           0x0000000000031300        0x1 /usr/lib/gcc/i686-linux-gnu/4.8/crtbeginS.o
 *fill*         0x0000000000031301        0x3 
 .bss           0x0000000000031304        0x8 udp-server.co
                0x0000000000031304                my_weight
 *fill*         0x000000000003130c       0x14 
 .bss           0x0000000000031320     0x2030 obj_cooja/mtype888.o
 .bss           0x0000000000033350        0x1 obj_cooja/mtype888.a(simEnvChange.o)
                0x0000000000033350                simDontFallAsleep
 *fill*         0x0000000000033351        0x3 
 .bss           0x0000000000033354        0x4 obj_cooja/mtype888.a(cooja_mt.o)
 .bss           0x0000000000033358        0x4 obj_cooja/mtype888.a(cooja_mtarch.o)
 .bss           0x000000000003335c        0xc obj_cooja/mtype888.a(rtimer-arch.o)
 .bss           0x0000000000033368        0x0 obj_cooja/mtype888.a(beep.o)
 .bss           0x0000000000033368        0x8 obj_cooja/mtype888.a(button-sensor.o)
 .bss           0x0000000000033370        0x0 obj_cooja/mtype888.a(leds-arch.o)
 .bss           0x0000000000033370        0x0 obj_cooja/mtype888.a(moteid.o)
 .bss           0x0000000000033370        0x1 obj_cooja/mtype888.a(pir-sensor.o)
                0x0000000000033370                simPirValue
 *fill*         0x0000000000033371        0x3 
 .bss           0x0000000000033374        0x4 obj_cooja/mtype888.a(rs232.o)
 .bss           0x0000000000033378        0x1 obj_cooja/mtype888.a(vib-sensor.o)
                0x0000000000033378                simVibValue
 .bss           0x0000000000033379        0x0 obj_cooja/mtype888.a(clock.o)
 *fill*         0x0000000000033379        0x7 
 .bss           0x0000000000033380      0x420 obj_cooja/mtype888.a(log.o)
 .bss           0x00000000000337a0      0xfc0 obj_cooja/mtype888.a(cfs-cooja.o)
                0x00000000000337a0                simCFSData
                0x0000000000034740                simCFSSize
                0x0000000000034744                simCFSChanged
                0x0000000000034748                simCFSRead
                0x000000000003474c                simCFSWritten
 .bss           0x0000000000034760       0x24 obj_cooja/mtype888.a(cooja-radio.o)
                0x0000000000034760                simReceivingLR
                0x0000000000034764                simInSizeLR
                0x0000000000034768                simOutSizeLR
                0x000000000003476c                simReceiving
                0x0000000000034770                simInSize
                0x0000000000034774                simOutSize
                0x0000000000034778                LongRangeTransmit
                0x000000000003477c                LongRangeReceiving
 .bss           0x0000000000034784        0xc obj_cooja/mtype888.a(eeprom.o)
                0x0000000000034784                simEEPROMChanged
                0x0000000000034788                simEEPROMRead
                0x000000000003478c                simEEPROMWritten
 .bss           0x0000000000034790        0x0 obj_cooja/mtype888.a(random.o)
 .bss           0x0000000000034790        0xc obj_cooja/mtype888.a(sensors.o)
 .bss           0x000000000003479c        0x1 obj_cooja/mtype888.a(leds.o)
 *fill*         0x000000000003479d        0x3 
 .bss           0x00000000000347a0       0x40 obj_cooja/mtype888.a(dual_conf.o)
                0x00000000000347a0                long_range_radio
 .bss           0x00000000000347e0        0x0 obj_cooja/mtype888.a(autostart.o)
 .bss           0x00000000000347e0        0x5 obj_cooja/mtype888.a(ctimer.o)
 *fill*         0x00000000000347e5        0x3 
 .bss           0x00000000000347e8        0x8 obj_cooja/mtype888.a(etimer.o)
 .bss           0x00000000000347f0        0x0 obj_cooja/mtype888.a(log_message.o)
 *fill*         0x00000000000347f0       0x10 
 .bss           0x0000000000034800      0x1b1 obj_cooja/mtype888.a(process.o)
                0x0000000000034800                process_list
                0x0000000000034804                process_current
 .bss           0x00000000000349b1        0x0 obj_cooja/mtype888.a(residual.o)
 *fill*         0x00000000000349b1        0x3 
 .bss           0x00000000000349b4        0x4 obj_cooja/mtype888.a(rtimer.o)
 .bss           0x00000000000349b8        0x0 obj_cooja/mtype888.a(timer.o)
 *fill*         0x00000000000349b8        0x8 
 .bss           0x00000000000349c0      0x140 obj_cooja/mtype888.a(serial-line.o)
 .bss           0x0000000000034b00        0x0 obj_cooja/mtype888.a(list.o)
 .bss           0x0000000000034b00        0x0 obj_cooja/mtype888.a(ringbuf.o)
 .bss           0x0000000000034b00      0x70c obj_cooja/mtype888.a(sicslowpan.o)
 *fill*         0x000000000003520c       0x14 
 .bss           0x0000000000035220       0xc0 obj_cooja/mtype888.a(uip-ds6-nbr.o)
 .bss           0x00000000000352e0       0x30 obj_cooja/mtype888.a(uip-ds6.o)
 .bss           0x0000000000035310        0xe obj_cooja/mtype888.a(uip6.o)
                0x0000000000035310                uip_ext_bitmap
                0x0000000000035311                uip_ext_len
                0x0000000000035312                uip_ext_opt_offset
 *fill*         0x000000000003531e        0x2 
 .bss           0x0000000000035320       0x6b obj_cooja/mtype888.a(tcpip.o)
 .bss           0x000000000003538b        0x0 obj_cooja/mtype888.a(uip-debug.o)
 *fill*         0x000000000003538b       0x15 
 .bss           0x00000000000353a0      0xcf8 obj_cooja/mtype888.a(uip-packetqueue)
 *fill*         0x0000000000036098        0x8 
 .bss           0x00000000000360a0       0x88 obj_cooja/mtype888.a(rpl-dag.o)
 .bss           0x0000000000036128        0x0 obj_cooja/mtype888.a(rpl-ext-header.)
 .bss           0x0000000000036128        0x0 obj_cooja/mtype888.a(rpl-icmp6.o)
 .bss           0x0000000000036128        0x0 obj_cooja/mtype888.a(rpl-ltmax.o)
 *fill*         0x0000000000036128       0x18 
 .bss           0x0000000000036140       0x60 obj_cooja/mtype888.a(rpl-timers.o)
 .bss           0x00000000000361a0        0x4 obj_cooja/mtype888.a(rpl.o)
 *fill*         0x00000000000361a4       0x1c 
 .bss           0x00000000000361c0      0x288 obj_cooja/mtype888.a(csma.o)
 .bss           0x0000000000036448        0x2 obj_cooja/mtype888.a(framer-802154.o)
 .bss           0x000000000003644a        0x0 obj_cooja/mtype888.a(mac.o)
 *fill*         0x000000000003644a       0x16 
 .bss           0x0000000000036460       0xb1 obj_cooja/mtype888.a(cxmac.o)
 .bss           0x0000000000036511        0x0 obj_cooja/mtype888.a(linkaddr.o)
 *fill*         0x0000000000036511        0xf 
 .bss           0x0000000000036520       0xc4 obj_cooja/mtype888.a(nbr-table.o)
 .bss           0x00000000000365e4        0x0 obj_cooja/mtype888.a(netstack.o)
 *fill*         0x00000000000365e4       0x1c 
 .bss           0x0000000000036600       0xa0 obj_cooja/mtype888.a(packetbuf.o)
 .bss           0x00000000000366a0      0xb80 obj_cooja/mtype888.a(queuebuf.o)
 .bss           0x0000000000037220        0x0 obj_cooja/mtype888.a(nullsec.o)
 .bss           0x0000000000037220        0x0 obj_cooja/mtype888.a(watchdog.o)
 .bss           0x0000000000037220        0x0 obj_cooja/mtype888.a(rimestats.o)
 .bss           0x0000000000037220        0x0 obj_cooja/mtype888.a(stimer.o)
 .bss           0x0000000000037220        0x0 obj_cooja/mtype888.a(memb.o)
 .bss           0x0000000000037220      0x4a8 obj_cooja/mtype888.a(uip-ds6-route.o)
 .bss           0x00000000000376c8       0x18 obj_cooja/mtype888.a(uip-icmp6.o)
 .bss           0x00000000000376e0        0x0 obj_cooja/mtype888.a(uip-nd6.o)
 .bss           0x00000000000376e0       0x44 obj_cooja/mtype888.a(rpl-nbr-policy.)
 .bss           0x0000000000037724        0x0 obj_cooja/mtype888.a(frame802154.o)
 .bss           0x0000000000037724        0x0 /usr/lib/gcc/i686-linux-gnu/4.8/crtendS.o
 .bss           0x0000000000037724        0x0 /usr/lib/gcc/i686-linux-gnu/4.8/../../../i386-linux-gnu/crtn.o
 *(COMMON)
 COMMON         0x0000000000037724        0x8 udp-server.co
                0x0000000000037724                LSA_message_input
                0x0000000000037725                LSA_SR_preamble
                0x0000000000037726                LSA_lr_child
                0x0000000000037727                LSA_converge
                0x0000000000037728                my_sink_reachability
                0x0000000000037729                my_parent_number
                0x000000000003772a                LSA_broadcast_count
                0x000000000003772b                LSA_message_flag
 COMMON         0x000000000003772c       0x68 obj_cooja/mtype888.o
                0x000000000003772c                dio_count
                0x0000000000037730                dis_count
                0x0000000000037734                tcp_output_count
                0x0000000000037738                csma_transmission_count
                0x000000000003773c                dao_ack_fwd_count
                0x0000000000037740                COOJA_radioRxLong
                0x0000000000037744                cxmac_collision_count
                0x0000000000037748                control_message_count
                0x000000000003774c                dao_count
                0x0000000000037750                icmp_count
                0x0000000000037754                COOJA_radioTx
                0x0000000000037758                referenceVar
                0x000000000003775c                cxmac_transmission_count
                0x0000000000037760                dao_ack_count
                0x0000000000037764                data_message_count
                0x0000000000037768                COOJA_radioTxLong
                0x000000000003776c                COOJA_radioRx
                0x0000000000037770                debugfp
                0x0000000000037774                COOJA_radioOn
                0x0000000000037778                LSA_count
                0x000000000003777c                dao_fwd_count
                0x0000000000037780                COOJA_duration
                0x0000000000037784                dio_ack_count
                0x0000000000037788                COOJA_radioOnLong
                0x000000000003778c                sensors_flags
                0x0000000000037790                data_fwd_count
 COMMON         0x0000000000037794        0xc obj_cooja/mtype888.a(simEnvChange.o)
                0x0000000000037794                simEtimerPending
                0x0000000000037798                simProcessRunValue
                0x000000000003779c                simNextExpirationTime
 COMMON         0x00000000000377a0        0x1 obj_cooja/mtype888.a(beep.o)
                0x00000000000377a0                simBeeped
 COMMON         0x00000000000377a1        0x3 obj_cooja/mtype888.a(button-sensor.o)
                0x00000000000377a1                simButtonIsActive
                0x00000000000377a2                simButtonIsDown
                0x00000000000377a3                simButtonChanged
 COMMON         0x00000000000377a4        0x1 obj_cooja/mtype888.a(leds-arch.o)
                0x00000000000377a4                simLedsValue
 *fill*         0x00000000000377a5        0x3 
 COMMON         0x00000000000377a8        0xc obj_cooja/mtype888.a(moteid.o)
                0x00000000000377a8                simRandomSeed
                0x00000000000377ac                simMoteIDChanged
                0x00000000000377b0                simMoteID
 COMMON         0x00000000000377b4        0x2 obj_cooja/mtype888.a(pir-sensor.o)
                0x00000000000377b4                simPirIsActive
                0x00000000000377b5                simPirChanged
 *fill*         0x00000000000377b6        0xa 
 COMMON         0x00000000000377c0      0x820 obj_cooja/mtype888.a(rs232.o)
                0x00000000000377c0                simSerialReceivingFlag
                0x00000000000377c4                simSerialReceivingLength
                0x00000000000377e0                simSerialReceivingData
 COMMON         0x0000000000037fe0        0x2 obj_cooja/mtype888.a(vib-sensor.o)
                0x0000000000037fe0                simVibChanged
                0x0000000000037fe1                simVibIsActive
 *fill*         0x0000000000037fe2        0x2 
 COMMON         0x0000000000037fe4        0x4 obj_cooja/mtype888.a(clock.o)
                0x0000000000037fe4                simCurrentTime
 *fill*         0x0000000000037fe8       0x18 
 COMMON         0x0000000000038000      0x420 obj_cooja/mtype888.a(log.o)
                0x0000000000038000                simLoggedLength
                0x0000000000038004                simLoggedFlag
                0x0000000000038020                simLoggedData
 COMMON         0x0000000000038420      0x240 obj_cooja/mtype888.a(cooja-radio.o)
                0x0000000000038420                simOutDataBuffer
                0x00000000000384a0                simRadioTarget
                0x00000000000384c0                simInDataBufferLR
                0x0000000000038540                simOutDataBufferLR
                0x00000000000385c0                dual_duty_cycle_count
                0x00000000000385e0                simInDataBuffer
 COMMON         0x0000000000038660      0x400 obj_cooja/mtype888.a(eeprom.o)
                0x0000000000038660                simEEPROMData
 COMMON         0x0000000000038a60        0x1 obj_cooja/mtype888.a(sensors.o)
                0x0000000000038a60                sensors_event
 *fill*         0x0000000000038a61        0x3 
 COMMON         0x0000000000038a64        0x4 obj_cooja/mtype888.a(log_message.o)
                0x0000000000038a64                log_fp
 COMMON         0x0000000000038a68        0x1 obj_cooja/mtype888.a(serial-line.o)
                0x0000000000038a68                serial_line_event_message
 COMMON         0x0000000000038a69        0x1 obj_cooja/mtype888.a(sicslowpan.o)
                0x0000000000038a69                p
 *fill*         0x0000000000038a6a       0x16 
 COMMON         0x0000000000038a80       0x50 obj_cooja/mtype888.a(uip-ds6-nbr.o)
                0x0000000000038a80                ds6_lr_addrmap
 *fill*         0x0000000000038ad0       0x10 
 COMMON         0x0000000000038ae0      0x298 obj_cooja/mtype888.a(uip-ds6.o)
                0x0000000000038ae0                uip_ds6_prefix_list
                0x0000000000038b40                uip_ds6_timer_periodic
                0x0000000000038b50                uip_ds6_netif_addr_list_offset
                0x0000000000038b60                uip_ds6_if
                0x0000000000038c58                uip_ds6_timer_ra
                0x0000000000038c60                uip_ds6_addr_size
                0x0000000000038c80                long_uip_ds6_if
 *fill*         0x0000000000038d78        0x8 
 COMMON         0x0000000000038d80      0x8ec obj_cooja/mtype888.a(uip6.o)
                0x0000000000038d80                uip_slen
                0x0000000000038d82                uip_acc32
                0x0000000000038da0                uip_conns
                0x0000000000038e60                uip_lladdr
                0x0000000000038e68                uip_appdata
                0x0000000000038e6c                uip_flags
                0x0000000000038e80                uip_aligned_buf
                0x00000000000394c0                uip_listenports
                0x00000000000394d0                uip_len
                0x00000000000394d2                uip_long_lladdr
                0x00000000000394dc                uip_sappdata
                0x00000000000394e0                uip_udp_conns
                0x0000000000039660                uip_udp_conn
                0x0000000000039664                uip_next_hdr
                0x0000000000039668                uip_conn
 COMMON         0x000000000003966c        0x1 obj_cooja/mtype888.a(tcpip.o)
                0x000000000003966c                tcpip_event
 *fill*         0x000000000003966d       0x13 
 COMMON         0x0000000000039680      0x178 obj_cooja/mtype888.a(rpl-dag.o)
                0x0000000000039680                default_instance
                0x00000000000396a0                instance_table
 COMMON         0x00000000000397f8       0x10 obj_cooja/mtype888.a(linkaddr.o)
                0x00000000000397f8                linkaddr_node_addr
                0x0000000000039800                long_linkaddr_node_addr
 COMMON         0x0000000000039808       0x2e obj_cooja/mtype888.a(packetbuf.o)
                0x0000000000039808                packetbuf_attrs
                0x0000000000039826                packetbuf_addrs
 *fill*         0x0000000000039836        0xa 
 COMMON         0x0000000000039840       0x48 obj_cooja/mtype888.a(rimestats.o)
                0x0000000000039840                rimestats
                0x0000000000039888                . = ALIGN ((. != 0x0)?0x4:0x1)
                0x0000000000039888                . = ALIGN (0x4)
                0x0000000000039888                . = SEGMENT_START ("ldata-segment", .)
                0x0000000000039888                . = ALIGN (0x4)
                0x0000000000039888                _end = .
                0x0000000000039888                PROVIDE (end, .)
                0x0000000000039888                . = DATA_SEGMENT_END (.)

.stab
 *(.stab)

.stabstr
 *(.stabstr)

.stab.excl
 *(.stab.excl)

.stab.exclstr
 *(.stab.exclstr)

.stab.index
 *(.stab.index)

.stab.indexstr
 *(.stab.indexstr)

.comment        0x0000000000000000       0x29
 *(.comment)
 .comment       0x0000000000000000       0x29 /usr/lib/gcc/i686-linux-gnu/4.8/crtbeginS.o
                                         0x2a (size before relaxing)
 .comment       0x0000000000000000       0x2a udp-server.co
 .comment       0x0000000000000000       0x2a obj_cooja/mtype888.o
 .comment       0x0000000000000000       0x2a obj_cooja/mtype888.a(simEnvChange.o)
 .comment       0x0000000000000000       0x2a obj_cooja/mtype888.a(cooja_mt.o)
 .comment       0x0000000000000000       0x2a obj_cooja/mtype888.a(cooja_mtarch.o)
 .comment       0x0000000000000000       0x2a obj_cooja/mtype888.a(rtimer-arch.o)
 .comment       0x0000000000000000       0x2a obj_cooja/mtype888.a(beep.o)
 .comment       0x0000000000000000       0x2a obj_cooja/mtype888.a(button-sensor.o)
 .comment       0x0000000000000000       0x2a obj_cooja/mtype888.a(leds-arch.o)
 .comment       0x0000000000000000       0x2a obj_cooja/mtype888.a(moteid.o)
 .comment       0x0000000000000000       0x2a obj_cooja/mtype888.a(pir-sensor.o)
 .comment       0x0000000000000000       0x2a obj_cooja/mtype888.a(rs232.o)
 .comment       0x0000000000000000       0x2a obj_cooja/mtype888.a(vib-sensor.o)
 .comment       0x0000000000000000       0x2a obj_cooja/mtype888.a(clock.o)
 .comment       0x0000000000000000       0x2a obj_cooja/mtype888.a(log.o)
 .comment       0x0000000000000000       0x2a obj_cooja/mtype888.a(cfs-cooja.o)
 .comment       0x0000000000000000       0x2a obj_cooja/mtype888.a(cooja-radio.o)
 .comment       0x0000000000000000       0x2a obj_cooja/mtype888.a(eeprom.o)
 .comment       0x0000000000000000       0x2a obj_cooja/mtype888.a(random.o)
 .comment       0x0000000000000000       0x2a obj_cooja/mtype888.a(sensors.o)
 .comment       0x0000000000000000       0x2a obj_cooja/mtype888.a(leds.o)
 .comment       0x0000000000000000       0x2a obj_cooja/mtype888.a(dual_conf.o)
 .comment       0x0000000000000000       0x2a obj_cooja/mtype888.a(autostart.o)
 .comment       0x0000000000000000       0x2a obj_cooja/mtype888.a(ctimer.o)
 .comment       0x0000000000000000       0x2a obj_cooja/mtype888.a(etimer.o)
 .comment       0x0000000000000000       0x2a obj_cooja/mtype888.a(log_message.o)
 .comment       0x0000000000000000       0x2a obj_cooja/mtype888.a(process.o)
 .comment       0x0000000000000000       0x2a obj_cooja/mtype888.a(residual.o)
 .comment       0x0000000000000000       0x2a obj_cooja/mtype888.a(rtimer.o)
 .comment       0x0000000000000000       0x2a obj_cooja/mtype888.a(timer.o)
 .comment       0x0000000000000000       0x2a obj_cooja/mtype888.a(serial-line.o)
 .comment       0x0000000000000000       0x2a obj_cooja/mtype888.a(list.o)
 .comment       0x0000000000000000       0x2a obj_cooja/mtype888.a(ringbuf.o)
 .comment       0x0000000000000000       0x2a obj_cooja/mtype888.a(sicslowpan.o)
 .comment       0x0000000000000000       0x2a obj_cooja/mtype888.a(uip-ds6-nbr.o)
 .comment       0x0000000000000000       0x2a obj_cooja/mtype888.a(uip-ds6.o)
 .comment       0x0000000000000000       0x2a obj_cooja/mtype888.a(uip6.o)
 .comment       0x0000000000000000       0x2a obj_cooja/mtype888.a(tcpip.o)
 .comment       0x0000000000000000       0x2a obj_cooja/mtype888.a(uip-debug.o)
 .comment       0x0000000000000000       0x2a obj_cooja/mtype888.a(uip-packetqueue)
 .comment       0x0000000000000000       0x2a obj_cooja/mtype888.a(rpl-dag.o)
 .comment       0x0000000000000000       0x2a obj_cooja/mtype888.a(rpl-ext-header.)
 .comment       0x0000000000000000       0x2a obj_cooja/mtype888.a(rpl-icmp6.o)
 .comment       0x0000000000000000       0x2a obj_cooja/mtype888.a(rpl-ltmax.o)
 .comment       0x0000000000000000       0x2a obj_cooja/mtype888.a(rpl-timers.o)
 .comment       0x0000000000000000       0x2a obj_cooja/mtype888.a(rpl.o)
 .comment       0x0000000000000000       0x2a obj_cooja/mtype888.a(csma.o)
 .comment       0x0000000000000000       0x2a obj_cooja/mtype888.a(framer-802154.o)
 .comment       0x0000000000000000       0x2a obj_cooja/mtype888.a(mac.o)
 .comment       0x0000000000000000       0x2a obj_cooja/mtype888.a(cxmac.o)
 .comment       0x0000000000000000       0x2a obj_cooja/mtype888.a(linkaddr.o)
 .comment       0x0000000000000000       0x2a obj_cooja/mtype888.a(nbr-table.o)
 .comment       0x0000000000000000       0x2a obj_cooja/mtype888.a(netstack.o)
 .comment       0x0000000000000000       0x2a obj_cooja/mtype888.a(packetbuf.o)
 .comment       0x0000000000000000       0x2a obj_cooja/mtype888.a(queuebuf.o)
 .comment       0x0000000000000000       0x2a obj_cooja/mtype888.a(nullsec.o)
 .comment       0x0000000000000000       0x2a obj_cooja/mtype888.a(watchdog.o)
 .comment       0x0000000000000000       0x2a obj_cooja/mtype888.a(rimestats.o)
 .comment       0x0000000000000000       0x2a obj_cooja/mtype888.a(stimer.o)
 .comment       0x0000000000000000       0x2a obj_cooja/mtype888.a(memb.o)
 .comment       0x0000000000000000       0x2a obj_cooja/mtype888.a(uip-ds6-route.o)
 .comment       0x0000000000000000       0x2a obj_cooja/mtype888.a(uip-icmp6.o)
 .comment       0x0000000000000000       0x2a obj_cooja/mtype888.a(uip-nd6.o)
 .comment       0x0000000000000000       0x2a obj_cooja/mtype888.a(rpl-nbr-policy.)
 .comment       0x0000000000000000       0x2a obj_cooja/mtype888.a(frame802154.o)
 .comment       0x0000000000000000       0x2a /usr/lib/gcc/i686-linux-gnu/4.8/crtendS.o

.debug
 *(.debug)

.line
 *(.line)

.debug_srcinfo
 *(.debug_srcinfo)

.debug_sfnames
 *(.debug_sfnames)

.debug_aranges  0x0000000000000000      0x818
 *(.debug_aranges)
 .debug_aranges
                0x0000000000000000       0x20 udp-server.co
 .debug_aranges
                0x0000000000000020       0x20 obj_cooja/mtype888.o
 .debug_aranges
                0x0000000000000040       0x20 obj_cooja/mtype888.a(simEnvChange.o)
 .debug_aranges
                0x0000000000000060       0x20 obj_cooja/mtype888.a(cooja_mt.o)
 .debug_aranges
                0x0000000000000080       0x20 obj_cooja/mtype888.a(cooja_mtarch.o)
 .debug_aranges
                0x00000000000000a0       0x20 obj_cooja/mtype888.a(rtimer-arch.o)
 .debug_aranges
                0x00000000000000c0       0x20 obj_cooja/mtype888.a(beep.o)
 .debug_aranges
                0x00000000000000e0       0x20 obj_cooja/mtype888.a(button-sensor.o)
 .debug_aranges
                0x0000000000000100       0x20 obj_cooja/mtype888.a(leds-arch.o)
 .debug_aranges
                0x0000000000000120       0x20 obj_cooja/mtype888.a(moteid.o)
 .debug_aranges
                0x0000000000000140       0x20 obj_cooja/mtype888.a(pir-sensor.o)
 .debug_aranges
                0x0000000000000160       0x20 obj_cooja/mtype888.a(rs232.o)
 .debug_aranges
                0x0000000000000180       0x20 obj_cooja/mtype888.a(vib-sensor.o)
 .debug_aranges
                0x00000000000001a0       0x20 obj_cooja/mtype888.a(clock.o)
 .debug_aranges
                0x00000000000001c0       0x20 obj_cooja/mtype888.a(log.o)
 .debug_aranges
                0x00000000000001e0       0x20 obj_cooja/mtype888.a(cfs-cooja.o)
 .debug_aranges
                0x0000000000000200       0x20 obj_cooja/mtype888.a(cooja-radio.o)
 .debug_aranges
                0x0000000000000220       0x20 obj_cooja/mtype888.a(eeprom.o)
 .debug_aranges
                0x0000000000000240       0x20 obj_cooja/mtype888.a(random.o)
 .debug_aranges
                0x0000000000000260       0x20 obj_cooja/mtype888.a(sensors.o)
 .debug_aranges
                0x0000000000000280       0x20 obj_cooja/mtype888.a(leds.o)
 .debug_aranges
                0x00000000000002a0       0x20 obj_cooja/mtype888.a(dual_conf.o)
 .debug_aranges
                0x00000000000002c0       0x20 obj_cooja/mtype888.a(autostart.o)
 .debug_aranges
                0x00000000000002e0       0x20 obj_cooja/mtype888.a(ctimer.o)
 .debug_aranges
                0x0000000000000300       0x20 obj_cooja/mtype888.a(etimer.o)
 .debug_aranges
                0x0000000000000320       0x20 obj_cooja/mtype888.a(log_message.o)
 .debug_aranges
                0x0000000000000340       0x20 obj_cooja/mtype888.a(process.o)
 .debug_aranges
                0x0000000000000360       0x20 obj_cooja/mtype888.a(residual.o)
 .debug_aranges
                0x0000000000000380       0x20 obj_cooja/mtype888.a(rtimer.o)
 .debug_aranges
                0x00000000000003a0       0x20 obj_cooja/mtype888.a(timer.o)
 .debug_aranges
                0x00000000000003c0       0x20 obj_cooja/mtype888.a(serial-line.o)
 .debug_aranges
                0x00000000000003e0       0x20 obj_cooja/mtype888.a(list.o)
 .debug_aranges
                0x0000000000000400       0x20 obj_cooja/mtype888.a(ringbuf.o)
 .debug_aranges
                0x0000000000000420       0x20 obj_cooja/mtype888.a(sicslowpan.o)
 .debug_aranges
                0x0000000000000440       0x20 obj_cooja/mtype888.a(uip-ds6-nbr.o)
 .debug_aranges
                0x0000000000000460       0x20 obj_cooja/mtype888.a(uip-ds6.o)
 .debug_aranges
                0x0000000000000480       0x20 obj_cooja/mtype888.a(uip6.o)
 .debug_aranges
                0x00000000000004a0       0x20 obj_cooja/mtype888.a(tcpip.o)
 .debug_aranges
                0x00000000000004c0       0x20 obj_cooja/mtype888.a(uip-debug.o)
 .debug_aranges
                0x00000000000004e0       0x20 obj_cooja/mtype888.a(uip-packetqueue)
 .debug_aranges
                0x0000000000000500       0x20 obj_cooja/mtype888.a(rpl-dag.o)
 .debug_aranges
                0x0000000000000520       0x20 obj_cooja/mtype888.a(rpl-ext-header.)
 .debug_aranges
                0x0000000000000540       0x20 obj_cooja/mtype888.a(rpl-icmp6.o)
 .debug_aranges
                0x0000000000000560       0x20 obj_cooja/mtype888.a(rpl-ltmax.o)
 .debug_aranges
                0x0000000000000580       0x20 obj_cooja/mtype888.a(rpl-timers.o)
 .debug_aranges
                0x00000000000005a0       0x20 obj_cooja/mtype888.a(rpl.o)
 .debug_aranges
                0x00000000000005c0       0x20 obj_cooja/mtype888.a(csma.o)
 .debug_aranges
                0x00000000000005e0       0x20 obj_cooja/mtype888.a(framer-802154.o)
 .debug_aranges
                0x0000000000000600       0x20 obj_cooja/mtype888.a(mac.o)
 .debug_aranges
                0x0000000000000620       0x20 obj_cooja/mtype888.a(cxmac.o)
 .debug_aranges
                0x0000000000000640       0x20 obj_cooja/mtype888.a(linkaddr.o)
 .debug_aranges
                0x0000000000000660       0x20 obj_cooja/mtype888.a(nbr-table.o)
 .debug_aranges
                0x0000000000000680       0x20 obj_cooja/mtype888.a(netstack.o)
 .debug_aranges
                0x00000000000006a0       0x20 obj_cooja/mtype888.a(packetbuf.o)
 .debug_aranges
                0x00000000000006c0       0x20 obj_cooja/mtype888.a(queuebuf.o)
 .debug_aranges
                0x00000000000006e0       0x20 obj_cooja/mtype888.a(nullsec.o)
 .debug_aranges
                0x0000000000000700       0x20 obj_cooja/mtype888.a(watchdog.o)
 .debug_aranges
                0x0000000000000720       0x18 obj_cooja/mtype888.a(rimestats.o)
 .debug_aranges
                0x0000000000000738       0x20 obj_cooja/mtype888.a(stimer.o)
 .debug_aranges
                0x0000000000000758       0x20 obj_cooja/mtype888.a(memb.o)
 .debug_aranges
                0x0000000000000778       0x20 obj_cooja/mtype888.a(uip-ds6-route.o)
 .debug_aranges
                0x0000000000000798       0x20 obj_cooja/mtype888.a(uip-icmp6.o)
 .debug_aranges
                0x00000000000007b8       0x20 obj_cooja/mtype888.a(uip-nd6.o)
 .debug_aranges
                0x00000000000007d8       0x20 obj_cooja/mtype888.a(rpl-nbr-policy.)
 .debug_aranges
                0x00000000000007f8       0x20 obj_cooja/mtype888.a(frame802154.o)

.debug_pubnames
 *(.debug_pubnames)

.debug_info     0x0000000000000000    0x1e877
 *(.debug_info .gnu.linkonce.wi.*)
 .debug_info    0x0000000000000000      0xea7 udp-server.co
 .debug_info    0x0000000000000ea7     0x3b47 obj_cooja/mtype888.o