Archive member included to satisfy reference by file (symbol)

obj_cooja/mtype498.a(simEnvChange.o)
                              obj_cooja/mtype498.o (simDontFallAsleep)
obj_cooja/mtype498.a(cooja_mt.o)
                              obj_cooja/mtype498.o (cooja_mt_start)
obj_cooja/mtype498.a(cooja_mtarch.o)
                              obj_cooja/mtype498.a(cooja_mt.o) (cooja_mtarch_init)
obj_cooja/mtype498.a(rtimer-arch.o)
                              obj_cooja/mtype498.o (rtimer_arch_next)
obj_cooja/mtype498.a(beep.o)  obj_cooja/mtype498.o (beep_interface)
obj_cooja/mtype498.a(button-sensor.o)
                              obj_cooja/mtype498.o (button_interface)
obj_cooja/mtype498.a(leds-arch.o)
                              obj_cooja/mtype498.o (leds_interface)
obj_cooja/mtype498.a(moteid.o)
                              obj_cooja/mtype498.o (moteid_interface)
obj_cooja/mtype498.a(pir-sensor.o)
                              obj_cooja/mtype498.o (pir_interface)
obj_cooja/mtype498.a(rs232.o)
                              obj_cooja/mtype498.o (rs232_interface)
obj_cooja/mtype498.a(vib-sensor.o)
                              obj_cooja/mtype498.o (vib_interface)
obj_cooja/mtype498.a(clock.o)
                              obj_cooja/mtype498.o (clock_interface)
obj_cooja/mtype498.a(log.o)   obj_cooja/mtype498.o (simlog_interface)
obj_cooja/mtype498.a(cfs-cooja.o)
                              obj_cooja/mtype498.o (cfs_interface)
obj_cooja/mtype498.a(cooja-radio.o)
                              obj_cooja/mtype498.o (radio_interface)
obj_cooja/mtype498.a(eeprom.o)
                              obj_cooja/mtype498.o (eeprom_interface)
obj_cooja/mtype498.a(random.o)
                              obj_cooja/mtype498.a(moteid.o) (random_init)
obj_cooja/mtype498.a(sensors.o)
                              udp-server.co (sensors_event)
obj_cooja/mtype498.a(leds.o)  obj_cooja/mtype498.a(cooja-radio.o) (leds_on)
obj_cooja/mtype498.a(dual_conf.o)
                              obj_cooja/mtype498.a(cooja-radio.o) (long_range_radio)
obj_cooja/mtype498.a(autostart.o)
                              obj_cooja/mtype498.o (autostart_start)
obj_cooja/mtype498.a(ctimer.o)
                              obj_cooja/mtype498.o (ctimer_init)
obj_cooja/mtype498.a(etimer.o)
                              obj_cooja/mtype498.o (etimer_process)
obj_cooja/mtype498.a(log_message.o)
                              obj_cooja/mtype498.o (log_initialization)
obj_cooja/mtype498.a(process.o)
                              udp-server.co (process_current)
obj_cooja/mtype498.a(residual.o)
                              obj_cooja/mtype498.o (get_residual_energy)
obj_cooja/mtype498.a(rtimer.o)
                              obj_cooja/mtype498.a(rtimer-arch.o) (rtimer_run_next)
obj_cooja/mtype498.a(timer.o)
                              obj_cooja/mtype498.a(button-sensor.o) (timer_set)
obj_cooja/mtype498.a(serial-line.o)
                              obj_cooja/mtype498.a(rs232.o) (serial_line_input_byte)
obj_cooja/mtype498.a(list.o)  obj_cooja/mtype498.a(ctimer.o) (list_init)
obj_cooja/mtype498.a(ringbuf.o)
                              obj_cooja/mtype498.a(serial-line.o) (ringbuf_init)
obj_cooja/mtype498.a(sicslowpan.o)
                              obj_cooja/mtype498.o (sicslowpan_driver)
obj_cooja/mtype498.a(uip-ds6-nbr.o)
                              obj_cooja/mtype498.a(sicslowpan.o) (uip_ds6_link_neighbor_callback)
obj_cooja/mtype498.a(uip-ds6.o)
                              udp-server.co (uip_ds6_if)
obj_cooja/mtype498.a(uip6.o)  obj_cooja/mtype498.o (uip_lladdr)
obj_cooja/mtype498.a(tcpip.o)
                              udp-server.co (tcpip_event)
obj_cooja/mtype498.a(uip-debug.o)
                              udp-server.co (uip_debug_ipaddr_print)
obj_cooja/mtype498.a(uip-packetqueue)
                              obj_cooja/mtype498.a(uip-ds6-nbr.o) (uip_packetqueue_new)
obj_cooja/mtype498.a(rpl-dag.o)
                              udp-server.co (rpl_set_root)
obj_cooja/mtype498.a(rpl-ext-header.)
                              obj_cooja/mtype498.a(uip6.o) (rpl_verify_header)
obj_cooja/mtype498.a(rpl-icmp6.o)
                              obj_cooja/mtype498.a(rpl-dag.o) (rpl_icmp6_update_nbr_table)
obj_cooja/mtype498.a(rpl-ltmax.o)
                              obj_cooja/mtype498.a(rpl-dag.o) (rpl_ltmax_of)
obj_cooja/mtype498.a(rpl-timers.o)
                              obj_cooja/mtype498.a(rpl-icmp6.o) (rpl_LSA_convergence_timer)
obj_cooja/mtype498.a(rpl.o)   obj_cooja/mtype498.a(rpl-icmp6.o) (rpl_get_mode)
obj_cooja/mtype498.a(csma.o)  udp-server.co (csma_driver)
obj_cooja/mtype498.a(framer-802154.o)
                              obj_cooja/mtype498.a(sicslowpan.o) (framer_802154)
obj_cooja/mtype498.a(mac.o)   obj_cooja/mtype498.a(csma.o) (mac_call_sent_callback)
obj_cooja/mtype498.a(cxmac.o)
                              obj_cooja/mtype498.o (cxmac_driver)
obj_cooja/mtype498.a(linkaddr.o)
[...]
Memory Configuration

Name             Origin             Length             Attributes
*default*        0x0000000000000000 0xffffffffffffffff

Linker script and memory map

LOAD /usr/lib/gcc/i686-linux-gnu/4.8/../../../i386-linux-gnu/crti.o
LOAD /usr/lib/gcc/i686-linux-gnu/4.8/crtbeginS.o
LOAD udp-server.co
LOAD obj_cooja/mtype498.o
LOAD obj_cooja/mtype498.a
LOAD /usr/lib/gcc/i686-linux-gnu/4.8/libgcc.a
LOAD /usr/lib/gcc/i686-linux-gnu/4.8/libgcc_s.so
LOAD /usr/lib/gcc/i686-linux-gnu/4.8/../../../i386-linux-gnu/libc.so
START GROUP
LOAD /lib/i386-linux-gnu/libc.so.6
LOAD /usr/lib/i386-linux-gnu/libc_nonshared.a
LOAD /lib/i386-linux-gnu/ld-linux.so.2
END GROUP
LOAD /usr/lib/gcc/i686-linux-gnu/4.8/libgcc.a
LOAD /usr/lib/gcc/i686-linux-gnu/4.8/libgcc_s.so
LOAD /usr/lib/gcc/i686-linux-gnu/4.8/crtendS.o
LOAD /usr/lib/gcc/i686-linux-gnu/4.8/../../../i386-linux-gnu/crtn.o
                0x0000000000000114                . = (0x0 + SIZEOF_HEADERS)

.note.gnu.build-id
                0x0000000000000114       0x24
 *(.note.gnu.build-id)
 .note.gnu.build-id
                0x0000000000000114       0x24 /usr/lib/gcc/i686-linux-gnu/4.8/../../../i386-linux-gnu/crti.o

.hash
 *(.hash)

.gnu.hash       0x0000000000000138     0x1388
 *(.gnu.hash)
 .gnu.hash      0x0000000000000138     0x1388 /usr/lib/gcc/i686-linux-gnu/4.8/../../../i386-linux-gnu/crti.o

.dynsym         0x00000000000014c0     0x2680
 *(.dynsym)
 .dynsym        0x00000000000014c0     0x2680 /usr/lib/gcc/i686-linux-gnu/4.8/../../../i386-linux-gnu/crti.o

.dynstr         0x0000000000003b40     0x2799
 *(.dynstr)
 .dynstr        0x0000000000003b40     0x2799 /usr/lib/gcc/i686-linux-gnu/4.8/../../../i386-linux-gnu/crti.o

.gnu.version    0x00000000000062da      0x4d0
 *(.gnu.version)
 .gnu.version   0x00000000000062da      0x4d0 /usr/lib/gcc/i686-linux-gnu/4.8/../../../i386-linux-gnu/crti.o

.gnu.version_d  0x00000000000067ac        0x0
 *(.gnu.version_d)
 .gnu.version_d
                0x0000000000000000        0x0 /usr/lib/gcc/i686-linux-gnu/4.8/../../../i386-linux-gnu/crti.o

.gnu.version_r  0x00000000000067ac       0x50
 *(.gnu.version_r)
 .gnu.version_r
                0x00000000000067ac       0x50 /usr/lib/gcc/i686-linux-gnu/4.8/../../../i386-linux-gnu/crti.o

.rel.dyn        0x00000000000067fc     0x9720
 *(.rel.init)
 .rel.init      0x0000000000000000        0x0 /usr/lib/gcc/i686-linux-gnu/4.8/../../../i386-linux-gnu/crti.o
 *(.rel.text .rel.text.* .rel.gnu.linkonce.t.*)
 .rel.text      0x00000000000067fc     0x8f30 /usr/lib/gcc/i686-linux-gnu/4.8/../../../i386-linux-gnu/crti.o
 *(.rel.fini)
 .rel.fini      0x0000000000000000        0x0 /usr/lib/gcc/i686-linux-gnu/4.8/../../../i386-linux-gnu/crti.o
 *(.rel.rodata .rel.rodata.* .rel.gnu.linkonce.r.*)
 .rel.rodata    0x000000000000f72c      0x4e0 /usr/lib/gcc/i686-linux-gnu/4.8/../../../i386-linux-gnu/crti.o
 *(.rel.data.rel.ro .rel.data.rel.ro.* .rel.gnu.linkonce.d.rel.ro.*)
 *(.rel.data .rel.data.* .rel.gnu.linkonce.d.*)
 .rel.data.rel  0x000000000000fc0c        0x8 /usr/lib/gcc/i686-linux-gnu/4.8/../../../i386-linux-gnu/crti.o
 .rel.data      0x000000000000fc14      0x2d0 /usr/lib/gcc/i686-linux-gnu/4.8/../../../i386-linux-gnu/crti.o
 *(.rel.tdata .rel.tdata.* .rel.gnu.linkonce.td.*)
 *(.rel.tbss .rel.tbss.* .rel.gnu.linkonce.tb.*)
 *(.rel.ctors)
 *(.rel.dtors)
 *(.rel.got)
 .rel.got       0x000000000000fee4       0x28 /usr/lib/gcc/i686-linux-gnu/4.8/../../../i386-linux-gnu/crti.o
 *(.rel.bss .rel.bss.* .rel.gnu.linkonce.b.*)
 *(.rel.ifunc)
 .rel.ifunc     0x0000000000000000        0x0 /usr/lib/gcc/i686-linux-gnu/4.8/../../../i386-linux-gnu/crti.o
 .rel.fini_array
                0x000000000000ff0c        0x8 /usr/lib/gcc/i686-linux-gnu/4.8/../../../i386-linux-gnu/crti.o
 .rel.init_array
                0x000000000000ff14        0x8 /usr/lib/gcc/i686-linux-gnu/4.8/../../../i386-linux-gnu/crti.o

.rel.plt        0x000000000000ff1c       0x10
 *(.rel.plt)
 .rel.plt       0x000000000000ff1c       0x10 /usr/lib/gcc/i686-linux-gnu/4.8/../../../i386-linux-gnu/crti.o
 *(.rel.iplt)

.init           0x000000000000ff2c       0x23
 *(SORT(.init))
 .init          0x000000000000ff2c       0x1e /usr/lib/gcc/i686-linux-gnu/4.8/../../../i386-linux-gnu/crti.o
                0x000000000000ff2c                _init
 .init          0x000000000000ff4a        0x5 /usr/lib/gcc/i686-linux-gnu/4.8/../../../i386-linux-gnu/crtn.o

.plt            0x000000000000ff50       0x30
 *(.plt)
 .plt           0x000000000000ff50       0x30 /usr/lib/gcc/i686-linux-gnu/4.8/../../../i386-linux-gnu/crti.o
 *(.iplt)

.text           0x000000000000ff80    0x173d4
 *(.text.unlikely .text.*_unlikely .text.unlikely.*)
 *(.text.exit .text.exit.*)
 *(.text.startup .text.startup.*)
 *(.text.hot .text.hot.*)
 *(.text .stub .text.* .gnu.linkonce.t.*)
 .text          0x000000000000ff80        0x0 /usr/lib/gcc/i686-linux-gnu/4.8/../../../i386-linux-gnu/crti.o
 .gnu.linkonce.t.__x86.get_pc_thunk.bx
                0x000000000000ff80        0x4 /usr/lib/gcc/i686-linux-gnu/4.8/../../../i386-linux-gnu/crti.o
                0x000000000000ff80                __x86.get_pc_thunk.bx
 *fill*         0x000000000000ff84        0xc 
 .text          0x000000000000ff90      0x11b /usr/lib/gcc/i686-linux-gnu/4.8/crtbeginS.o
 .text          0x00000000000100ab      0x3ce udp-server.co
 .text          0x0000000000010479      0x96a obj_cooja/mtype498.o
                0x0000000000010627                contiki_init
                0x0000000000010bfa                Java_org_contikios_cooja_corecomm_Lib53_init
                0x0000000000010c3a                Java_org_contikios_cooja_corecomm_Lib53_getMemory
                0x0000000000010c7a                Java_org_contikios_cooja_corecomm_Lib53_setMemory
                0x0000000000010cf1                Java_org_contikios_cooja_corecomm_Lib53_tick
                0x0000000000010dd1                Java_org_contikios_cooja_corecomm_Lib53_setReferenceAddress
 .text          0x0000000000010de3       0x63 obj_cooja/mtype498.a(simEnvChange.o)
                0x0000000000010de3                doActionsBeforeTick
                0x0000000000010e14                doActionsAfterTick
 .text          0x0000000000010e46       0xbc obj_cooja/mtype498.a(cooja_mt.o)
                0x0000000000010e46                cooja_mt_init
                0x0000000000010e53                cooja_mt_remove
                0x0000000000010e60                cooja_mt_start
                0x0000000000010e8d                cooja_mt_exec
                0x0000000000010ebe                cooja_mt_exit
                0x0000000000010ee0                cooja_mt_yield
 .text          0x0000000000010f02      0x115 obj_cooja/mtype498.a(cooja_mtarch.o)
                0x0000000000010f02                cooja_mtarch_init
                0x0000000000010f07                cooja_mtarch_start
                0x0000000000010f82                cooja_sw
                0x0000000000010fa4                cooja_mtarch_exec
                0x0000000000010fc0                cooja_mtarch_remove
                0x0000000000010fc5                cooja_mtarch_yield
                0x0000000000010fcf                cooja_mtarch_pstop
                0x0000000000010fd4                cooja_mtarch_pstart
                0x0000000000010fd9                cooja_mtarch_stack_usage
 .text          0x0000000000011017       0xc2 obj_cooja/mtype498.a(rtimer-arch.o)
                0x0000000000011017                rtimer_arch_init
                0x000000000001103a                rtimer_arch_schedule
                0x0000000000011051                rtimer_arch_next
                0x000000000001105b                rtimer_arch_pending
                0x0000000000011065                rtimer_arch_check
                0x0000000000011097                rtimer_arch_now
 .text          0x00000000000110d9       0x76 obj_cooja/mtype498.a(beep.o)
                0x00000000000110d9                beep_alarm
                0x00000000000110e5                beep_beep
                0x00000000000110f1                beep
                0x00000000000110fd                beep_down
                0x0000000000011109                beep_on
                0x0000000000011115                beep_off
                0x0000000000011121                beep_spinup
                0x000000000001112d                beep_quick
                0x0000000000011139                beep_long
 .text          0x000000000001114f      0x103 obj_cooja/mtype498.a(button-sensor.o)
 .text          0x0000000000011252       0x45 obj_cooja/mtype498.a(leds-arch.o)
                0x0000000000011252                leds_arch_init
                0x000000000001125e                leds_arch_get
                0x000000000001126a                leds_arch_set
 .text          0x0000000000011297       0x2f obj_cooja/mtype498.a(moteid.o)
 .text          0x00000000000112c6       0xb1 obj_cooja/mtype498.a(pir-sensor.o)
 .text          0x0000000000011377      0x131 obj_cooja/mtype498.a(rs232.o)
                0x0000000000011377                rs232_init
                0x000000000001137c                rs232_set_speed
                0x000000000001138a                rs232_set_input
                0x0000000000011397                rs232_send
                0x00000000000113b9                rs232_print
                0x00000000000113d4                slip_arch_writeb
 .text          0x00000000000114a8       0xb1 obj_cooja/mtype498.a(vib-sensor.o)
 .text          0x0000000000011559       0x34 obj_cooja/mtype498.a(clock.o)
                0x0000000000011559                clock_init
                0x000000000001155e                clock_time
                0x0000000000011568                clock_seconds
                0x000000000001157e                clock_delay
 .text          0x000000000001158d      0x1ed obj_cooja/mtype498.a(log.o)
                0x000000000001158d                simlog_char
                0x00000000000115cf                simlog
                0x000000000001163c                log_message
                0x0000000000011664                log_set_putchar_with_slip
                0x0000000000011671                log_putchar
                0x00000000000116f5                log_puts
                0x0000000000011719                log_printf
 .text          0x000000000001177a      0x2c4 obj_cooja/mtype498.a(cfs-cooja.o)
                0x000000000001177a                cfs_open
                0x00000000000117e3                cfs_close
                0x00000000000117ef                cfs_read
                0x000000000001188d                cfs_write
                0x000000000001196a                cfs_seek
                0x00000000000119f2                cfs_remove
                0x0000000000011a1b                cfs_opendir
                0x0000000000011a25                cfs_readdir
                0x0000000000011a2f                cfs_closedir
 .text          0x0000000000011a3e      0x69f obj_cooja/mtype498.a(cooja-radio.o)
                0x0000000000011a68                radio_set_channel
                0x0000000000011a7d                radio_set_txpower
                0x0000000000011a9d                radio_signal_strength_last
                0x0000000000011aa7                radio_signal_strength_current
                0x0000000000011ab1                radio_LQI
 .text          0x00000000000120dd       0xef obj_cooja/mtype498.a(eeprom.o)
                0x00000000000120dd                eeprom_init
                0x00000000000120e2                eeprom_read
                0x0000000000012152                eeprom_write
 .text          0x00000000000121cc       0x28 obj_cooja/mtype498.a(random.o)
                0x00000000000121cc                random_init
                0x00000000000121e7                random_rand
 .text          0x00000000000121f4      0x2a1 obj_cooja/mtype498.a(sensors.o)
                0x000000000001222f                sensors_first
                0x0000000000012239                sensors_next
                0x0000000000012256                sensors_changed
                0x0000000000012285                sensors_find
 .text          0x0000000000012495      0x134 obj_cooja/mtype498.a(leds.o)
                0x00000000000124e6                leds_init
                0x00000000000124fa                leds_blink
                0x0000000000012532                leds_get
                0x000000000001253f                leds_set
                0x0000000000012559                leds_on
                0x000000000001257c                leds_off
                0x00000000000125a6                leds_toggle
 .text          0x00000000000125c9      0x471 obj_cooja/mtype498.a(dual_conf.o)
                0x00000000000125c9                dual_radio_switch
                0x0000000000012609                dual_radio_change
                0x0000000000012643                sending_in_LR
                0x000000000001266e                dual_radio_received
                0x00000000000126c1                radio_received_is_longrange
                0x00000000000126dc                dual_radio_turn_on
                0x00000000000126ff                dual_radio_turn_off
                0x00000000000129c0                dio_broadcast
                0x00000000000129e9                dis_broadcast
                0x0000000000012a0a                LSA_converge_broadcast
 .text          0x0000000000012a3a       0x8e obj_cooja/mtype498.a(autostart.o)
                0x0000000000012a3a                autostart_start
                0x0000000000012a85                autostart_exit
 .text          0x0000000000012ac8      0x334 obj_cooja/mtype498.a(ctimer.o)
                0x0000000000012bdf                ctimer_init
                0x0000000000012c0f                ctimer_set
                0x0000000000012c40                ctimer_set_with_process
                0x0000000000012cbc                ctimer_reset
                0x0000000000012d0b                ctimer_restart
                0x0000000000012d5a                ctimer_stop
                0x0000000000012da5                ctimer_expired
 .text          0x0000000000012dfc      0x40b obj_cooja/mtype498.a(etimer.o)
                0x000000000001300f                etimer_request_poll
                0x0000000000013093                etimer_set
                0x00000000000130b8                etimer_reset_with_new_interval
                0x00000000000130df                etimer_reset
                0x00000000000130fd                etimer_restart
                0x000000000001311b                etimer_adjust
                0x0000000000013137                etimer_expired
                0x000000000001314a                etimer_expiration_time
                0x000000000001315c                etimer_start_time
                0x0000000000013166                etimer_pending
                0x0000000000013178                etimer_next_expiration_time
                0x0000000000013192                etimer_stop
 .text          0x0000000000013207       0xdd obj_cooja/mtype498.a(log_message.o)
                0x0000000000013207                log_initialization
                0x00000000000132c3                log_finisher
 .text          0x00000000000132e4      0x560 obj_cooja/mtype498.a(process.o)
                0x00000000000132e4                process_alloc_event
                0x00000000000132f9                process_start
                0x00000000000134e2                process_exit
                0x00000000000134fe                process_init
                0x00000000000136cf                process_run
                0x0000000000013702                process_nevents
                0x000000000001371d                process_post
                0x00000000000137c9                process_post_synch
                0x0000000000013801                process_poll
                0x0000000000013830                process_is_running
 .text          0x0000000000013844       0xd3 obj_cooja/mtype498.a(residual.o)
                0x0000000000013844                get_residual_energy
 .text          0x0000000000013917       0xba obj_cooja/mtype498.a(rtimer.o)
                0x0000000000013917                rtimer_init
                0x0000000000013924                rtimer_set
                0x000000000001397b                rtimer_run_next
 .text          0x00000000000139d1       0x91 obj_cooja/mtype498.a(timer.o)
                0x00000000000139d1                timer_set
                0x00000000000139ec                timer_reset
                0x0000000000013a03                timer_restart
                0x0000000000013a15                timer_expired
                0x0000000000013a3e                timer_remaining
 .text          0x0000000000013a62      0x1fb obj_cooja/mtype498.a(serial-line.o)
                0x0000000000013a62                serial_line_input_byte
                0x0000000000013c25                serial_line_init
 .text          0x0000000000013c5d      0x244 obj_cooja/mtype498.a(list.o)
                0x0000000000013c5d                list_init
                0x0000000000013c6b                list_head
                0x0000000000013c75                list_copy
                0x0000000000013c84                list_tail
                0x0000000000013cba                list_add
                0x0000000000013d03                list_push
                0x0000000000013d2f                list_chop
                0x0000000000013d99                list_pop
                0x0000000000013dc1                list_remove
                0x0000000000013e28                list_length
                0x0000000000013e56                list_insert
                0x0000000000013e8a                list_item_next
 .text          0x0000000000013ea1      0x155 obj_cooja/mtype498.a(ringbuf.o)
                0x0000000000013ea1                ringbuf_init
                0x0000000000013ed2                ringbuf_put
                0x0000000000013f50                ringbuf_get
                0x0000000000013fbd                ringbuf_size
                0x0000000000013fcf                ringbuf_elements
 .text          0x0000000000013ff6     0x258b obj_cooja/mtype498.a(sicslowpan.o)
                0x0000000000014580                rime_sniffer_add
                0x000000000001458d                rime_sniffer_remove
                0x0000000000016520                sicslowpan_init
                0x0000000000016577                sicslowpan_get_last_rssi
 .text          0x0000000000016581      0x2dc obj_cooja/mtype498.a(uip-ds6-nbr.o)
                0x000000000001659e                uip_ds6_neighbors_init
                0x00000000000165bb                uip_ds6_nbr_add
                0x000000000001666c                uip_ds6_nbr_rm
                0x00000000000166c9                uip_ds6_nbr_get_ipaddr
                0x00000000000166de                uip_ds6_nbr_get_ll
                0x00000000000166fa                uip_ds6_nbr_num
                0x000000000001673f                uip_ds6_nbr_lookup
                0x00000000000167a4                uip_ds6_nbr_ll_lookup
                0x00000000000167c0                uip_ds6_nbr_ipaddr_from_lladdr
                0x00000000000167e6                uip_ds6_nbr_lladdr_from_ipaddr
                0x0000000000016814                uip_ds6_link_neighbor_callback
 .text          0x000000000001685d     0x12ad obj_cooja/mtype498.a(uip-ds6.o)
                0x000000000001685d                uip_ds6_init
                0x0000000000016bb2                uip_ds6_periodic
                0x0000000000016c8a                uip_ds6_list_loop
                0x0000000000016d31                uip_ds6_prefix_add
                0x0000000000016def                uip_ds6_prefix_rm
                0x0000000000016e01                uip_ds6_prefix_lookup
                0x0000000000016e52                uip_ds6_is_addr_onlink
                0x0000000000016ec6                uip_ds6_addr_add
                0x0000000000016ff4                uip_ds6_long_addr_add
                0x0000000000017122                uip_ds6_addr_rm
                0x00000000000171c2                uip_ds6_addr_lookup
                0x000000000001720d                uip_ds6_long_addr_lookup
                0x0000000000017258                uip_ds6_get_link_local
                0x00000000000172d7                uip_ds6_long_get_link_local
                0x0000000000017356                uip_ds6_get_global
                0x00000000000173d5                uip_ds6_long_get_global
                0x0000000000017454                uip_ds6_maddr_add
                0x00000000000174c6                uip_ds6_long_maddr_add
                0x0000000000017538                uip_ds6_maddr_rm
                0x000000000001754a                uip_ds6_maddr_lookup
                0x0000000000017595                uip_ds6_long_maddr_lookup
                0x00000000000175e0                uip_ds6_aaddr_add
                0x0000000000017652                uip_ds6_long_aaddr_add
                0x00000000000176c4                uip_ds6_aaddr_rm
                0x00000000000176d6                uip_ds6_aaddr_lookup
                0x0000000000017721                uip_ds6_long_aaddr_lookup
                0x000000000001776c                uip_ds6_select_src
                0x00000000000179f5                uip_ds6_set_addr_iid
                0x0000000000017a2c                get_match_length
                0x0000000000017abe                uip_ds6_compute_reachable_time
 .text          0x0000000000017b0a     0x29f3 obj_cooja/mtype498.a(uip6.o)
                0x0000000000017b0a                uip_add32
                0x0000000000017ca3                uip_chksum
                0x0000000000017d91                uip_icmp6chksum
                0x0000000000017da5                uip_tcpchksum
                0x0000000000017db9                uip_udpchksum
                0x0000000000017dcd                uip_init
                0x0000000000017e9d                uip_connect
                0x000000000001804c                remove_ext_hdr
                0x0000000000018121                uip_udp_new
                0x000000000001827d                uip_unlisten
                0x00000000000182dd                uip_listen
                0x000000000001859f                uip_process
                0x000000000001a3f1                uip_htons
                0x000000000001a413                uip_htonl
                0x000000000001a453                uip_send
 .text          0x000000000001a4fd      0xb43 obj_cooja/mtype498.a(tcpip.o)
                0x000000000001a4fd                tcpip_output
                0x000000000001a52b                tcpip_set_outputfunc
                0x000000000001a5bf                tcp_connect
                0x000000000001a614                tcp_unlisten
                0x000000000001a66f                tcp_listen
                0x000000000001a6c8                tcp_attach
                0x000000000001a6ed                udp_attach
                0x000000000001a712                udp_new
                0x000000000001a764                udp_broadcast_new
                0x000000000001a9d8                tcpip_input
                0x000000000001aa0c                tcpip_ipv6_output
                0x000000000001ae86                tcpip_poll_udp
                0x000000000001aea9                tcpip_poll_tcp
                0x000000000001aecc                tcpip_uipcall
 .text          0x000000000001b040      0x1c1 obj_cooja/mtype498.a(uip-debug.o)
                0x000000000001b040                uip_debug_ipaddr_print
                0x000000000001b1a2                uip_debug_lladdr_print
 .text          0x000000000001b201      0x141 obj_cooja/mtype498.a(uip-packetqueue)
                0x000000000001b22d                uip_packetqueue_new
                0x000000000001b23b                uip_packetqueue_alloc
                0x000000000001b29b                uip_packetqueue_free
                0x000000000001b2dc                uip_packetqueue_buf
                0x000000000001b2f9                uip_packetqueue_buflen
                0x000000000001b31a                uip_packetqueue_set_buflen
 .text          0x000000000001b342     0x26c6 obj_cooja/mtype498.a(rpl-dag.o)
                0x000000000001b342                rpl_lr_in_child
                0x000000000001b3fa                rpl_print_neighbor_list
                0x000000000001b4a3                rpl_print_child_neighbor_list
                0x000000000001b518                rpl_get_nbr
                0x000000000001b572                rpl_get_nbr_child
                0x000000000001b5cc                rpl_dag_init
                0x000000000001b5fe                rpl_get_parent
                0x000000000001b620                rpl_get_parent_rank
                0x000000000001b653                rpl_get_parent_link_metric
                0x000000000001b686                rpl_get_parent_ipaddr
                0x000000000001b6b0                rpl_get_child_ipaddr
                0x000000000001b9cb                rpl_set_root
                0x000000000001bbf9                rpl_repair_root
                0x000000000001be35                rpl_set_prefix
                0x000000000001bf34                rpl_set_default_route
                0x000000000001bfc0                rpl_alloc_instance
                0x000000000001c053                rpl_alloc_dag
                0x000000000001c106                rpl_set_default_instance
                0x000000000001c113                rpl_get_default_instance
                0x000000000001c11d                rpl_free_instance
                0x000000000001c1ce                rpl_free_dag
                0x000000000001c234                rpl_add_parent
                0x000000000001c31d                rpl_find_parent
                0x000000000001c34d                rpl_add_child
                0x000000000001c3f1                rpl_find_child
                0x000000000001c43f                rpl_find_parent_any_dag
                0x000000000001c47b                rpl_select_dag
                0x000000000001c8b1                rpl_select_parent
                0x000000000001c913                rpl_remove_parent
                0x000000000001c949                rpl_remove_child
                0x000000000001c965                rpl_nullify_parent
                0x000000000001ca03                rpl_move_parent
                0x000000000001caa0                rpl_has_downward_route
                0x000000000001caf3                rpl_get_any_dag
                0x000000000001cb55                rpl_get_instance
                0x000000000001cbb8                rpl_find_of
                0x000000000001cbf5                rpl_join_instance
                0x000000000001ce91                rpl_add_dag
                0x000000000001d280                rpl_local_repair
                0x000000000001d359                rpl_recalculate_ranks
                0x000000000001d3df                rpl_process_parent_event
                0x000000000001d491                rpl_process_dio
 .text          0x000000000001da08      0xbf3 obj_cooja/mtype498.a(rpl-ext-header.)
                0x000000000001da25                rpl_verify_header
                0x000000000001de9f                rpl_update_header_empty
                0x000000000001e1b6                rpl_update_header_final
                0x000000000001e345                rpl_remove_header
                0x000000000001e44f                rpl_invert_header
                0x000000000001e5d9                rpl_insert_header
 .text          0x000000000001e5fb     0x24c3 obj_cooja/mtype498.a(rpl-icmp6.o)
                0x000000000001e8c4                rpl_icmp6_update_nbr_table
                0x000000000001e9b4                dis_output
                0x000000000001f2ec                dio_output
                0x000000000001fb57                LSA_converge_output
                0x000000000002061d                dao_output
                0x00000000000206e5                dao_output_target
                0x0000000000020a66                dao_ack_output
                0x0000000000020a7a                rpl_icmp6_register_handlers
 .text          0x0000000000020abe      0x3dc obj_cooja/mtype498.a(rpl-ltmax.o)
 .text          0x0000000000020e9a      0x8d8 obj_cooja/mtype498.a(rpl-timers.o)
                0x0000000000020e9a                rpl_LSA_convergence_timer
                0x0000000000020f41                rpl_reset_LSA_convergence_timer
                0x0000000000021205                rpl_reset_periodic_timer
                0x000000000002125a                rpl_reset_dio_timer
                0x0000000000021494                rpl_schedule_dao
                0x00000000000214af                rpl_schedule_dao_immediately
                0x00000000000214ca                rpl_cancel_dao
                0x000000000002152c                rpl_schedule_unicast_dio_immediately
                0x000000000002171a                rpl_schedule_probing
 .text          0x0000000000021772      0x5dc obj_cooja/mtype498.a(rpl.o)
                0x0000000000021772                rpl_get_mode
                0x000000000002177c                rpl_set_mode
                0x000000000002180a                rpl_purge_routes
                0x0000000000021904                rpl_remove_routes
                0x000000000002194a                rpl_remove_routes_by_nexthop
                0x00000000000219b6                rpl_add_route
                0x0000000000021a31                rpl_link_neighbor_callback
                0x0000000000021b36                rpl_ipv6_neighbor_callback
                0x0000000000021ba5                rpl_purge_dags
                0x0000000000021cb1                rpl_init
 .text          0x0000000000021d4e      0x831 obj_cooja/mtype498.a(csma.o)
 .text          0x000000000002257f      0x3f5 obj_cooja/mtype498.a(framer-802154.o)
 .text          0x0000000000022974       0x3c obj_cooja/mtype498.a(mac.o)
                0x0000000000022974                mac_call_sent_callback
 .text          0x00000000000229b0     0x12a9 obj_cooja/mtype498.a(cxmac.o)
                0x0000000000023b94                cxmac_set_announcement_radio_txpower
                0x0000000000023b99                cxmac_init
 .text          0x0000000000023c59       0x82 obj_cooja/mtype498.a(linkaddr.o)
                0x0000000000023c59                linkaddr_copy
                0x0000000000023c7b                linkaddr_cmp
                0x0000000000023ca5                linkaddr_set_node_addr
                0x0000000000023cc0                linkaddr_set_node_long_addr
 .text          0x0000000000023cdb      0x915 obj_cooja/mtype498.a(nbr-table.o)
                0x0000000000023cdb                long_ip_from_lladdr_map
                0x0000000000023d64                lladdr_map_add_lr
                0x0000000000023e21                lladdr_map_rm_lr
                0x00000000000242e6                nbr_table_register
                0x000000000002432e                nbr_table_head
                0x000000000002438a                nbr_table_next
                0x00000000000243f1                nbr_table_add_lladdr
                0x00000000000244cd                nbr_table_get_from_lladdr
                0x000000000002451a                nbr_table_remove
                0x000000000002456c                nbr_table_lock
                0x0000000000024596                nbr_table_unlock
                0x00000000000245c0                nbr_table_get_lladdr
 .text          0x00000000000245f0       0x2b obj_cooja/mtype498.a(netstack.o)
                0x00000000000245f0                netstack_init
 .text          0x000000000002461b      0x3cd obj_cooja/mtype498.a(packetbuf.o)
                0x000000000002461b                packetbuf_clear
                0x0000000000024645                packetbuf_copyfrom
                0x0000000000024697                packetbuf_compact
                0x0000000000024714                packetbuf_copyto
                0x00000000000247ab                packetbuf_hdralloc
                0x0000000000024828                packetbuf_hdrreduce
                0x0000000000024870                packetbuf_set_datalen
                0x0000000000024889                packetbuf_dataptr
                0x00000000000248a6                packetbuf_hdrptr
                0x00000000000248b0                packetbuf_datalen
                0x00000000000248bc                packetbuf_hdrlen
                0x00000000000248d3                packetbuf_totlen
                0x00000000000248e9                packetbuf_attr_clear
                0x000000000002493b                packetbuf_attr_copyto
                0x0000000000024984                packetbuf_attr_copyfrom
                0x00000000000249cc                packetbuf_holds_broadcast
 .text          0x00000000000249e8      0x2b4 obj_cooja/mtype498.a(queuebuf.o)
                0x00000000000249f2                queuebuf_init
                0x0000000000024a12                queuebuf_numfree
                0x0000000000024a26                queuebuf_new_from_packetbuf
                0x0000000000024ab6                queuebuf_update_attr_from_packetbuf
                0x0000000000024ae9                queuebuf_update_from_packetbuf
                0x0000000000024b33                queuebuf_free
                0x0000000000024b7a                queuebuf_to_packetbuf
                0x0000000000024be0                queuebuf_dataptr
                0x0000000000024c17                queuebuf_datalen
                0x0000000000024c3a                queuebuf_addr
                0x0000000000024c6c                queuebuf_attr
                0x0000000000024c97                queuebuf_debug_print
 .text          0x0000000000024c9c       0x6e obj_cooja/mtype498.a(nullsec.o)
 .text          0x0000000000024d0a       0x19 obj_cooja/mtype498.a(watchdog.o)
                0x0000000000024d0a                watchdog_init
                0x0000000000024d0f                watchdog_start
                0x0000000000024d14                watchdog_periodic
                0x0000000000024d19                watchdog_stop
                0x0000000000024d1e                watchdog_reboot
 .text          0x0000000000024d23        0x0 obj_cooja/mtype498.a(rimestats.o)
 .text          0x0000000000024d23       0xa3 obj_cooja/mtype498.a(stimer.o)
                0x0000000000024d23                stimer_set
                0x0000000000024d3e                stimer_reset
                0x0000000000024d55                stimer_restart
                0x0000000000024d67                stimer_expired
                0x0000000000024d8e                stimer_remaining
                0x0000000000024db2                stimer_elapsed
 .text          0x0000000000024dc6      0x1c1 obj_cooja/mtype498.a(memb.o)
                0x0000000000024dc6                memb_init
                0x0000000000024e24                memb_alloc
                0x0000000000024e89                memb_free
                0x0000000000024f04                memb_inmemb
                0x0000000000024f43                memb_numfree
 .text          0x0000000000024f87      0x916 obj_cooja/mtype498.a(uip-ds6-route.o)
                0x0000000000024ffe                uip_ds6_notification_add
                0x000000000002502f                uip_ds6_notification_rm
                0x000000000002504b                uip_ds6_route_init
                0x00000000000250d3                uip_ds6_route_nexthop
                0x00000000000250fb                uip_ds6_route_head
                0x0000000000025110                uip_ds6_route_next
                0x0000000000025136                uip_ds6_route_is_nexthop
                0x0000000000025175                uip_ds6_route_num_routes
                0x000000000002517f                uip_ds6_route_lookup
                0x0000000000025241                uip_ds6_route_add
                0x0000000000025475                uip_ds6_route_rm
                0x0000000000025609                uip_ds6_route_rm_by_nexthop
                0x0000000000025641                uip_ds6_defrt_add
                0x00000000000256f2                uip_ds6_defrt_rm
                0x0000000000025771                uip_ds6_defrt_lookup
                0x00000000000257ca                uip_ds6_defrt_choose
                0x0000000000025835                uip_ds6_defrt_periodic
 .text          0x000000000002589d      0xab2 obj_cooja/mtype498.a(uip-icmp6.o)
                0x000000000002590b                uip_icmp6_input
                0x0000000000025961                uip_icmp6_register_input_handler
                0x0000000000025c29                uip_icmp6_error_output
                0x0000000000025f6e                uip_icmp6_send
                0x00000000000262e2                uip_icmp6_echo_reply_callback_add
                0x0000000000026313                uip_icmp6_echo_reply_callback_rm
                0x000000000002632f                uip_icmp6_init
 .text          0x000000000002634f      0x358 obj_cooja/mtype498.a(uip-nd6.o)
                0x00000000000263a3                uip_nd6_ns_output
                0x00000000000266a2                uip_nd6_init
 .text          0x00000000000266a7      0x331 obj_cooja/mtype498.a(rpl-nbr-policy.)
                0x000000000002687f                find_removable_dis
                0x00000000000268a2                find_removable_dio
                0x0000000000026931                find_removable_dao
                0x0000000000026981                rpl_nbr_policy_find_removable
 .text          0x00000000000269d8      0x97c obj_cooja/mtype498.a(frame802154.o)
                0x0000000000026a09                frame802154_get_pan_id
                0x0000000000026a15                frame802154_set_pan_id
                0x0000000000026a2e                frame802154_has_panid
                0x0000000000026b1a                frame802154_check_dest_panid
                0x0000000000026b82                frame802154_is_broadcast_addr
                0x0000000000026bcf                frame802154_extract_linkaddr
                0x0000000000026e0f                frame802154_hdrlen
                0x0000000000026e60                frame802154_create
                0x000000000002704b                frame802154_parse
 .text          0x0000000000027354        0x0 /usr/lib/gcc/i686-linux-gnu/4.8/crtendS.o
 .text          0x0000000000027354        0x0 /usr/lib/gcc/i686-linux-gnu/4.8/../../../i386-linux-gnu/crtn.o
 *(.gnu.warning)

.fini           0x0000000000027354       0x14
 *(SORT(.fini))
 .fini          0x0000000000027354        0xf /usr/lib/gcc/i686-linux-gnu/4.8/../../../i386-linux-gnu/crti.o
                0x0000000000027354                _fini
 .fini          0x0000000000027363        0x5 /usr/lib/gcc/i686-linux-gnu/4.8/../../../i386-linux-gnu/crtn.o
                0x0000000000027368                PROVIDE (__etext, .)
                0x0000000000027368                PROVIDE (_etext, .)
                0x0000000000027368                PROVIDE (etext, .)

.rodata         0x0000000000027380      0xd00
 *(.rodata .rodata.* .gnu.linkonce.r.*)
 .rodata        0x0000000000027380      0x148 udp-server.co
                0x0000000000027394                autostart_processes
 .rodata        0x00000000000274c8      0x1e6 obj_cooja/mtype498.o
 *fill*         0x00000000000276ae        0x2 
 .rodata        0x00000000000276b0        0x8 obj_cooja/mtype498.a(beep.o)
                0x00000000000276b0                beep_interface
 .rodata        0x00000000000276b8       0x20 obj_cooja/mtype498.a(button-sensor.o)
                0x00000000000276b8                button_interface
                0x00000000000276c8                button_sensor
 .rodata        0x00000000000276d8        0x8 obj_cooja/mtype498.a(leds-arch.o)
                0x00000000000276d8                leds_interface
 .rodata        0x00000000000276e0        0x8 obj_cooja/mtype498.a(moteid.o)
                0x00000000000276e0                moteid_interface
 .rodata        0x00000000000276e8       0x1c obj_cooja/mtype498.a(pir-sensor.o)
                0x00000000000276e8                pir_interface
                0x00000000000276f4                pir_sensor
 .rodata        0x0000000000027704        0xe obj_cooja/mtype498.a(rs232.o)
                0x0000000000027704                rs232_interface
 *fill*         0x0000000000027712        0x2 
 .rodata        0x0000000000027714       0x24 obj_cooja/mtype498.a(vib-sensor.o)
                0x0000000000027714                vib_interface
                0x0000000000027728                vib_sensor
 .rodata        0x0000000000027738        0x8 obj_cooja/mtype498.a(clock.o)
                0x0000000000027738                clock_interface
 .rodata        0x0000000000027740        0x8 obj_cooja/mtype498.a(log.o)
                0x0000000000027740                simlog_interface
 .rodata        0x0000000000027748       0x2f obj_cooja/mtype498.a(cfs-cooja.o)
                0x0000000000027748                cfs_interface
 *fill*         0x0000000000027777        0x9 
 .rodata        0x0000000000027780       0x60 obj_cooja/mtype498.a(cooja-radio.o)
                0x00000000000277a0                cooja_radio_driver
                0x00000000000277d8                radio_interface
 .rodata        0x00000000000277e0        0x8 obj_cooja/mtype498.a(eeprom.o)
                0x00000000000277e0                eeprom_interface
 .rodata        0x00000000000277e8        0x8 obj_cooja/mtype498.a(sensors.o)
 .rodata        0x00000000000277f0      0x1fe obj_cooja/mtype498.a(dual_conf.o)
 .rodata        0x00000000000279ee        0xf obj_cooja/mtype498.a(ctimer.o)
 .rodata        0x00000000000279fd        0xc obj_cooja/mtype498.a(etimer.o)
 *fill*         0x0000000000027a09        0x3 
 .rodata        0x0000000000027a0c       0x73 obj_cooja/mtype498.a(log_message.o)
 *fill*         0x0000000000027a7f        0x1 
 .rodata        0x0000000000027a80       0x20 obj_cooja/mtype498.a(residual.o)
 .rodata        0x0000000000027aa0        0xe obj_cooja/mtype498.a(serial-line.o)
 *fill*         0x0000000000027aae        0x2 
 .rodata        0x0000000000027ab0       0x2c obj_cooja/mtype498.a(sicslowpan.o)
                0x0000000000027ab0                unc_llconf
                0x0000000000027ab4                unc_ctxconf
                0x0000000000027ab8                unc_mxconf
                0x0000000000027abc                llprefix
                0x0000000000027ad0                sicslowpan_driver
 .rodata        0x0000000000027adc      0x13c obj_cooja/mtype498.a(uip6.o)
 .rodata        0x0000000000027c18       0x49 obj_cooja/mtype498.a(tcpip.o)
 .rodata        0x0000000000027c61       0x3e obj_cooja/mtype498.a(uip-debug.o)
 *fill*         0x0000000000027c9f        0x1 
 .rodata        0x0000000000027ca0        0x4 obj_cooja/mtype498.a(rpl-dag.o)
 .rodata        0x0000000000027ca4       0x1c obj_cooja/mtype498.a(rpl-icmp6.o)
 .rodata        0x0000000000027cc0       0x86 obj_cooja/mtype498.a(rpl-timers.o)
 *fill*         0x0000000000027d46        0x2 
 .rodata        0x0000000000027d48       0x24 obj_cooja/mtype498.a(csma.o)
                0x0000000000027d50                csma_driver
 .rodata        0x0000000000027d6c        0xc obj_cooja/mtype498.a(framer-802154.o)
                0x0000000000027d6c                framer_802154
 *fill*         0x0000000000027d78        0x8 
 .rodata        0x0000000000027d80      0x2e0 obj_cooja/mtype498.a(cxmac.o)
                0x0000000000028040                cxmac_driver
 .rodata        0x0000000000028060        0x8 obj_cooja/mtype498.a(linkaddr.o)
                0x0000000000028060                linkaddr_null
 .rodata        0x0000000000028068       0x18 obj_cooja/mtype498.a(nullsec.o)
                0x0000000000028070                nullsec_driver

.rodata1
 *(.rodata1)

.eh_frame_hdr   0x0000000000028080     0x144c
 *(.eh_frame_hdr)
 .eh_frame_hdr  0x0000000000028080     0x144c udp-server.co

.eh_frame       0x00000000000294cc     0x5280
 *(.eh_frame)
 .eh_frame      0x00000000000294cc       0x3c /usr/lib/gcc/i686-linux-gnu/4.8/../../../i386-linux-gnu/crti.o
                                         0x40 (size before relaxing)
 .eh_frame      0x0000000000029508       0x68 udp-server.co
                                         0x80 (size before relaxing)
 .eh_frame      0x0000000000029570      0x148 obj_cooja/mtype498.o
                                        0x160 (size before relaxing)
 .eh_frame      0x00000000000296b8       0x40 obj_cooja/mtype498.a(simEnvChange.o)
                                         0x58 (size before relaxing)
 .eh_frame      0x00000000000296f8       0xc0 obj_cooja/mtype498.a(cooja_mt.o)
                                         0xd8 (size before relaxing)
 .eh_frame      0x00000000000297b8      0x120 obj_cooja/mtype498.a(cooja_mtarch.o)
                                        0x138 (size before relaxing)
 .eh_frame      0x00000000000298d8       0xc0 obj_cooja/mtype498.a(rtimer-arch.o)
                                         0xd8 (size before relaxing)
 .eh_frame      0x0000000000029998      0x160 obj_cooja/mtype498.a(beep.o)
                                        0x178 (size before relaxing)
 .eh_frame      0x0000000000029af8       0xa0 obj_cooja/mtype498.a(button-sensor.o)
                                         0xb8 (size before relaxing)
 .eh_frame      0x0000000000029b98       0xa0 obj_cooja/mtype498.a(leds-arch.o)
                                         0xb8 (size before relaxing)
 .eh_frame      0x0000000000029c38       0x40 obj_cooja/mtype498.a(moteid.o)
                                         0x58 (size before relaxing)
 .eh_frame      0x0000000000029c78       0xa0 obj_cooja/mtype498.a(pir-sensor.o)
                                         0xb8 (size before relaxing)
 .eh_frame      0x0000000000029d18      0x100 obj_cooja/mtype498.a(rs232.o)
                                        0x118 (size before relaxing)
 .eh_frame      0x0000000000029e18       0xa0 obj_cooja/mtype498.a(vib-sensor.o)
                                         0xb8 (size before relaxing)
 .eh_frame      0x0000000000029eb8       0xc0 obj_cooja/mtype498.a(clock.o)
                                         0xd8 (size before relaxing)
 .eh_frame      0x0000000000029f78      0x120 obj_cooja/mtype498.a(log.o)
                                        0x138 (size before relaxing)
 .eh_frame      0x000000000002a098      0x160 obj_cooja/mtype498.a(cfs-cooja.o)
                                        0x178 (size before relaxing)
 .eh_frame      0x000000000002a1f8      0x2e0 obj_cooja/mtype498.a(cooja-radio.o)
                                        0x2f8 (size before relaxing)
 .eh_frame      0x000000000002a4d8       0xa0 obj_cooja/mtype498.a(eeprom.o)
                                         0xb8 (size before relaxing)
 .eh_frame      0x000000000002a578       0x40 obj_cooja/mtype498.a(random.o)
                                         0x58 (size before relaxing)
 .eh_frame      0x000000000002a5b8       0xc0 obj_cooja/mtype498.a(sensors.o)
                                         0xd8 (size before relaxing)
 .eh_frame      0x000000000002a678      0x100 obj_cooja/mtype498.a(leds.o)
                                        0x118 (size before relaxing)
 .eh_frame      0x000000000002a778      0x1a0 obj_cooja/mtype498.a(dual_conf.o)
                                        0x1b8 (size before relaxing)
 .eh_frame      0x000000000002a918       0x40 obj_cooja/mtype498.a(autostart.o)
                                         0x58 (size before relaxing)
 .eh_frame      0x000000000002a958      0x100 obj_cooja/mtype498.a(ctimer.o)
                                        0x118 (size before relaxing)
 .eh_frame      0x000000000002aa58      0x1e0 obj_cooja/mtype498.a(etimer.o)
                                        0x1f8 (size before relaxing)
 .eh_frame      0x000000000002ac38       0x40 obj_cooja/mtype498.a(log_message.o)
                                         0x58 (size before relaxing)
 .eh_frame      0x000000000002ac78      0x1c8 obj_cooja/mtype498.a(process.o)
                                        0x1e0 (size before relaxing)
 .eh_frame      0x000000000002ae40       0x2c obj_cooja/mtype498.a(residual.o)
                                         0x44 (size before relaxing)
 .eh_frame      0x000000000002ae6c       0x60 obj_cooja/mtype498.a(rtimer.o)
                                         0x78 (size before relaxing)
 .eh_frame      0x000000000002aecc       0xa4 obj_cooja/mtype498.a(timer.o)
                                         0xbc (size before relaxing)
 .eh_frame      0x000000000002af70       0x60 obj_cooja/mtype498.a(serial-line.o)
                                         0x78 (size before relaxing)
 .eh_frame      0x000000000002afd0      0x180 obj_cooja/mtype498.a(list.o)
                                        0x198 (size before relaxing)
 .eh_frame      0x000000000002b150       0xa0 obj_cooja/mtype498.a(ringbuf.o)
                                         0xb8 (size before relaxing)
 .eh_frame      0x000000000002b1f0      0x350 obj_cooja/mtype498.a(sicslowpan.o)
                                        0x368 (size before relaxing)
 .eh_frame      0x000000000002b540      0x180 obj_cooja/mtype498.a(uip-ds6-nbr.o)
                                        0x198 (size before relaxing)
 .eh_frame      0x000000000002b6c0      0x3c8 obj_cooja/mtype498.a(uip-ds6.o)
                                        0x3e0 (size before relaxing)
 .eh_frame      0x000000000002ba88      0x27c obj_cooja/mtype498.a(uip6.o)
                                        0x294 (size before relaxing)
 .eh_frame      0x000000000002bd04      0x270 obj_cooja/mtype498.a(tcpip.o)
                                        0x288 (size before relaxing)
 .eh_frame      0x000000000002bf74       0x48 obj_cooja/mtype498.a(uip-debug.o)
                                         0x60 (size before relaxing)
 .eh_frame      0x000000000002bfbc       0xe0 obj_cooja/mtype498.a(uip-packetqueue)
                                         0xf8 (size before relaxing)
 .eh_frame      0x000000000002c09c      0x76c obj_cooja/mtype498.a(rpl-dag.o)
                                        0x784 (size before relaxing)
 .eh_frame      0x000000000002c808      0x10c obj_cooja/mtype498.a(rpl-ext-header.)
                                        0x124 (size before relaxing)
 .eh_frame      0x000000000002c914      0x2f8 obj_cooja/mtype498.a(rpl-icmp6.o)
                                        0x310 (size before relaxing)
 .eh_frame      0x000000000002cc0c       0xe0 obj_cooja/mtype498.a(rpl-ltmax.o)
                                         0xf8 (size before relaxing)
 .eh_frame      0x000000000002ccec      0x26c obj_cooja/mtype498.a(rpl-timers.o)
                                        0x284 (size before relaxing)
 .eh_frame      0x000000000002cf58      0x148 obj_cooja/mtype498.a(rpl.o)
                                        0x160 (size before relaxing)
 .eh_frame      0x000000000002d0a0      0x28c obj_cooja/mtype498.a(csma.o)
                                        0x2a4 (size before relaxing)
 .eh_frame      0x000000000002d32c      0x108 obj_cooja/mtype498.a(framer-802154.o)
                                        0x120 (size before relaxing)
 .eh_frame      0x000000000002d434       0x20 obj_cooja/mtype498.a(mac.o)
                                         0x38 (size before relaxing)
 .eh_frame      0x000000000002d454      0x2c0 obj_cooja/mtype498.a(cxmac.o)
                                        0x2d8 (size before relaxing)
 .eh_frame      0x000000000002d714       0x80 obj_cooja/mtype498.a(linkaddr.o)
                                         0x98 (size before relaxing)
 .eh_frame      0x000000000002d794      0x2cc obj_cooja/mtype498.a(nbr-table.o)
                                        0x2e4 (size before relaxing)
 .eh_frame      0x000000000002da60       0x20 obj_cooja/mtype498.a(netstack.o)
                                         0x38 (size before relaxing)
 .eh_frame      0x000000000002da80      0x214 obj_cooja/mtype498.a(packetbuf.o)
                                        0x22c (size before relaxing)
 .eh_frame      0x000000000002dc94      0x1a0 obj_cooja/mtype498.a(queuebuf.o)
                                        0x1b8 (size before relaxing)
 .eh_frame      0x000000000002de34       0x80 obj_cooja/mtype498.a(nullsec.o)
                                         0x98 (size before relaxing)
 .eh_frame      0x000000000002deb4       0xa0 obj_cooja/mtype498.a(watchdog.o)
                                         0xb8 (size before relaxing)
 .eh_frame      0x000000000002df54       0xc4 obj_cooja/mtype498.a(stimer.o)
                                         0xdc (size before relaxing)
 .eh_frame      0x000000000002e018       0xa0 obj_cooja/mtype498.a(memb.o)
                                         0xb8 (size before relaxing)
 .eh_frame      0x000000000002e0b8      0x2a0 obj_cooja/mtype498.a(uip-ds6-route.o)
                                        0x2b8 (size before relaxing)
 .eh_frame      0x000000000002e358      0x164 obj_cooja/mtype498.a(uip-icmp6.o)
                                        0x17c (size before relaxing)
 .eh_frame      0x000000000002e4bc       0x68 obj_cooja/mtype498.a(uip-nd6.o)
                                         0x80 (size before relaxing)
 .eh_frame      0x000000000002e524       0xc0 obj_cooja/mtype498.a(rpl-nbr-policy.)
                                         0xd8 (size before relaxing)
 .eh_frame      0x000000000002e5e4      0x164 obj_cooja/mtype498.a(frame802154.o)
                                        0x17c (size before relaxing)
 .eh_frame      0x000000000002e748        0x4 /usr/lib/gcc/i686-linux-gnu/4.8/crtendS.o

.gcc_except_table
 *(.gcc_except_table .gcc_except_table.*)

.exception_ranges
 *(.exception_ranges .exception_ranges*)
                0x000000000002e74c                . = (ALIGN (0x1000) - ((0x1000 - .) & 0xfff))
                0x000000000002fef8                . = DATA_SEGMENT_ALIGN (0x1000, 0x1000)

.eh_frame
 *(.eh_frame)

.gcc_except_table
 *(.gcc_except_table .gcc_except_table.*)

.exception_ranges
 *(.exception_ranges .exception_ranges*)

.tdata
 *(.tdata .tdata.* .gnu.linkonce.td.*)

.tbss
 *(.tbss .tbss.* .gnu.linkonce.tb.*)
 *(.tcommon)

.preinit_array
 *(.preinit_array)

.init_array     0x000000000002fef8        0x4
 *(SORT(.init_array.*) SORT(.ctors.*))
 *(.init_array EXCLUDE_FILE(*crtend?.o *crtend.o *crtbegin?.o *crtbegin.o) .ctors)
 .init_array    0x000000000002fef8        0x4 /usr/lib/gcc/i686-linux-gnu/4.8/crtbeginS.o

.fini_array     0x000000000002fefc        0x4
 *(SORT(.fini_array.*) SORT(.dtors.*))
 *(.fini_array EXCLUDE_FILE(*crtend?.o *crtend.o *crtbegin?.o *crtbegin.o) .dtors)
 .fini_array    0x000000000002fefc        0x4 /usr/lib/gcc/i686-linux-gnu/4.8/crtbeginS.o

.ctors
 *crtbegin.o(.ctors)
 *crtbegin?.o(.ctors)
 *(EXCLUDE_FILE(*crtend?.o *crtend.o) .ctors)
 *(SORT(.ctors.*))
 *(.ctors)

.dtors
 *crtbegin.o(.dtors)
 *crtbegin?.o(.dtors)
 *(EXCLUDE_FILE(*crtend?.o *crtend.o) .dtors)
 *(SORT(.dtors.*))
 *(.dtors)

.jcr            0x000000000002ff00        0x4
 *(.jcr)
 .jcr           0x000000000002ff00        0x0 /usr/lib/gcc/i686-linux-gnu/4.8/crtbeginS.o
 .jcr           0x000000000002ff00        0x4 /usr/lib/gcc/i686-linux-gnu/4.8/crtendS.o

.data.rel.ro
 *(.data.rel.ro.local* .gnu.linkonce.d.rel.ro.local.*)
 *(.data.rel.ro .data.rel.ro.* .gnu.linkonce.d.rel.ro.*)

.dynamic        0x000000000002ff04       0xe8
 *(.dynamic)
 .dynamic       0x000000000002ff04       0xe8 /usr/lib/gcc/i686-linux-gnu/4.8/../../../i386-linux-gnu/crti.o
                0x000000000002ff04                _DYNAMIC

.got            0x000000000002ffec       0x14
 *(.got)
 .got           0x000000000002ffec       0x14 /usr/lib/gcc/i686-linux-gnu/4.8/../../../i386-linux-gnu/crti.o
 *(.igot)
                0x0000000000030ff4                . = DATA_SEGMENT_RELRO_END (., (SIZEOF (.got.plt) >= 0xc)?0xc:0x0)

.got.plt        0x0000000000030000       0x14
 *(.got.plt)
 .got.plt       0x0000000000030000       0x14 /usr/lib/gcc/i686-linux-gnu/4.8/../../../i386-linux-gnu/crti.o
                0x0000000000030000                _GLOBAL_OFFSET_TABLE_
 *(.igot.plt)

.data           0x0000000000030020      0x2c2
 *(.data .data.* .gnu.linkonce.d.*)
 .data          0x0000000000030020        0x0 /usr/lib/gcc/i686-linux-gnu/4.8/../../../i386-linux-gnu/crti.o
 .data          0x0000000000030020        0x0 /usr/lib/gcc/i686-linux-gnu/4.8/crtbeginS.o
 .data.rel      0x0000000000030020        0x4 /usr/lib/gcc/i686-linux-gnu/4.8/crtbeginS.o
                0x0000000000030020                __dso_handle
 .data          0x0000000000030024       0x10 udp-server.co
                0x0000000000030024                udp_server_process
 *fill*         0x0000000000030034        0xc 
 .data          0x0000000000030040       0x44 obj_cooja/mtype498.o
                0x0000000000030040                simInterfaces
                0x0000000000030074                sensors
 .data          0x0000000000030084        0x0 obj_cooja/mtype498.a(simEnvChange.o)
 .data          0x0000000000030084        0x0 obj_cooja/mtype498.a(cooja_mt.o)
 .data          0x0000000000030084        0x0 obj_cooja/mtype498.a(cooja_mtarch.o)
 .data          0x0000000000030084        0x0 obj_cooja/mtype498.a(rtimer-arch.o)
 .data          0x0000000000030084        0x0 obj_cooja/mtype498.a(beep.o)
 .data          0x0000000000030084        0x0 obj_cooja/mtype498.a(button-sensor.o)
 .data          0x0000000000030084        0x0 obj_cooja/mtype498.a(leds-arch.o)
 .data          0x0000000000030084        0x0 obj_cooja/mtype498.a(moteid.o)
 .data          0x0000000000030084        0x0 obj_cooja/mtype498.a(pir-sensor.o)
 .data          0x0000000000030084        0x0 obj_cooja/mtype498.a(rs232.o)
 .data          0x0000000000030084        0x0 obj_cooja/mtype498.a(vib-sensor.o)
 .data          0x0000000000030084        0x0 obj_cooja/mtype498.a(clock.o)
 .data          0x0000000000030084        0x0 obj_cooja/mtype498.a(log.o)
 .data          0x0000000000030084        0x0 obj_cooja/mtype498.a(cfs-cooja.o)
 .data          0x0000000000030084       0x40 obj_cooja/mtype498.a(cooja-radio.o)
                0x0000000000030084                simRadioChannelLR
                0x0000000000030088                simRadioHWOnLR
                0x000000000003008c                simSignalStrengthLR
                0x0000000000030090                simLastSignalStrengthLR
                0x0000000000030094                simPowerLR
                0x0000000000030098                simLQILR
                0x000000000003009c                simRadioChannel
                0x00000000000300a0                simRadioHWOn
                0x00000000000300a4                simSignalStrength
                0x00000000000300a8                simLastSignalStrength
                0x00000000000300ac                simPower
                0x00000000000300b0                simLQI
                0x00000000000300b4                cooja_radio_process
 .data          0x00000000000300c4        0x0 obj_cooja/mtype498.a(eeprom.o)
 .data          0x00000000000300c4        0x0 obj_cooja/mtype498.a(random.o)
 .data          0x00000000000300c4       0x10 obj_cooja/mtype498.a(sensors.o)
                0x00000000000300c4                sensors_process
 .data          0x00000000000300d4        0x0 obj_cooja/mtype498.a(leds.o)
 .data          0x00000000000300d4       0x3a obj_cooja/mtype498.a(dual_conf.o)
                0x00000000000300d4                radio_received
                0x00000000000300d8                dual_dio_broadcast
                0x00000000000300e8                dual_dis_broadcast
                0x00000000000300f8                dual_LSA_converge_broadcast
 .data          0x000000000003010e        0x0 obj_cooja/mtype498.a(autostart.o)
 *fill*         0x000000000003010e        0x2 
 .data          0x0000000000030110       0x14 obj_cooja/mtype498.a(ctimer.o)
                0x0000000000030114                ctimer_process
 .data          0x0000000000030124       0x10 obj_cooja/mtype498.a(etimer.o)
                0x0000000000030124                etimer_process
 .data          0x0000000000030134        0x0 obj_cooja/mtype498.a(log_message.o)
 .data          0x0000000000030134        0x0 obj_cooja/mtype498.a(process.o)
 .data          0x0000000000030134        0x0 obj_cooja/mtype498.a(residual.o)
 .data          0x0000000000030134        0x0 obj_cooja/mtype498.a(rtimer.o)
 .data          0x0000000000030134        0x0 obj_cooja/mtype498.a(timer.o)
 .data          0x0000000000030134       0x10 obj_cooja/mtype498.a(serial-line.o)
                0x0000000000030134                serial_line_process
 .data          0x0000000000030144        0x0 obj_cooja/mtype498.a(list.o)
 .data          0x0000000000030144        0x0 obj_cooja/mtype498.a(ringbuf.o)
 .data          0x0000000000030144        0x0 obj_cooja/mtype498.a(sicslowpan.o)
 .data          0x0000000000030144       0x14 obj_cooja/mtype498.a(uip-ds6-nbr.o)
                0x0000000000030154                ds6_neighbors
 .data          0x0000000000030158        0x0 obj_cooja/mtype498.a(uip-ds6.o)
 .data          0x0000000000030158        0x0 obj_cooja/mtype498.a(uip6.o)
 .data          0x0000000000030158       0x10 obj_cooja/mtype498.a(tcpip.o)
                0x0000000000030158                tcpip_process
 .data          0x0000000000030168        0x0 obj_cooja/mtype498.a(uip-debug.o)
 .data          0x0000000000030168        0xc obj_cooja/mtype498.a(uip-packetqueue)
 .data          0x0000000000030174       0x28 obj_cooja/mtype498.a(rpl-dag.o)
                0x0000000000030184                rpl_parents
                0x0000000000030198                rpl_children
 .data          0x000000000003019c        0x0 obj_cooja/mtype498.a(rpl-ext-header.)
 .data          0x000000000003019c       0x40 obj_cooja/mtype498.a(rpl-icmp6.o)
 .data          0x00000000000301dc       0x1c obj_cooja/mtype498.a(rpl-ltmax.o)
                0x00000000000301dc                rpl_ltmax_of
 .data          0x00000000000301f8        0x0 obj_cooja/mtype498.a(rpl-timers.o)
 .data          0x00000000000301f8        0x0 obj_cooja/mtype498.a(rpl.o)
 .data          0x00000000000301f8       0x28 obj_cooja/mtype498.a(csma.o)
 .data          0x0000000000030220        0x0 obj_cooja/mtype498.a(framer-802154.o)
 .data          0x0000000000030220        0x0 obj_cooja/mtype498.a(mac.o)
 .data          0x0000000000030220       0x30 obj_cooja/mtype498.a(cxmac.o)
                0x0000000000030220                cxmac_config
                0x0000000000030230                strobe_wait
 .data          0x0000000000030250        0x0 obj_cooja/mtype498.a(linkaddr.o)
 .data          0x0000000000030250       0x10 obj_cooja/mtype498.a(nbr-table.o)
 .data          0x0000000000030260        0x0 obj_cooja/mtype498.a(netstack.o)
 .data          0x0000000000030260        0x4 obj_cooja/mtype498.a(packetbuf.o)
 .data          0x0000000000030264       0x18 obj_cooja/mtype498.a(queuebuf.o)
 .data          0x000000000003027c        0x0 obj_cooja/mtype498.a(nullsec.o)
 .data          0x000000000003027c        0x0 obj_cooja/mtype498.a(watchdog.o)
 .data          0x000000000003027c        0x0 obj_cooja/mtype498.a(rimestats.o)
 .data          0x000000000003027c        0x0 obj_cooja/mtype498.a(stimer.o)
 .data          0x000000000003027c        0x0 obj_cooja/mtype498.a(memb.o)
 .data          0x000000000003027c       0x44 obj_cooja/mtype498.a(uip-ds6-route.o)
                0x000000000003028c                nbr_routes
 .data          0x00000000000302c0       0x20 obj_cooja/mtype498.a(uip-icmp6.o)
 .data          0x00000000000302e0        0x0 obj_cooja/mtype498.a(uip-nd6.o)
 .data          0x00000000000302e0        0x0 obj_cooja/mtype498.a(rpl-nbr-policy.)
 .data          0x00000000000302e0        0x2 obj_cooja/mtype498.a(frame802154.o)
 .data          0x00000000000302e2        0x0 /usr/lib/gcc/i686-linux-gnu/4.8/crtendS.o
 .data          0x00000000000302e2        0x0 /usr/lib/gcc/i686-linux-gnu/4.8/../../../i386-linux-gnu/crtn.o

.tm_clone_table
                0x00000000000302e4        0x0
 .tm_clone_table
                0x00000000000302e4        0x0 /usr/lib/gcc/i686-linux-gnu/4.8/crtbeginS.o
 .tm_clone_table
                0x00000000000302e4        0x0 /usr/lib/gcc/i686-linux-gnu/4.8/crtendS.o

.data1
 *(.data1)
                0x00000000000302e4                _edata = .
                0x00000000000302e4                PROVIDE (edata, .)
                0x00000000000302e4                . = .
                0x00000000000302e4                __bss_start = .

.bss            0x0000000000030300     0x8548
 *(.dynbss)
 .dynbss        0x0000000000000000        0x0 /usr/lib/gcc/i686-linux-gnu/4.8/../../../i386-linux-gnu/crti.o
 *(.bss .bss.* .gnu.linkonce.b.*)
 .bss           0x0000000000030300        0x0 /usr/lib/gcc/i686-linux-gnu/4.8/../../../i386-linux-gnu/crti.o
 .bss           0x0000000000030300        0x1 /usr/lib/gcc/i686-linux-gnu/4.8/crtbeginS.o
 *fill*         0x0000000000030301        0x3 
 .bss           0x0000000000030304        0x8 udp-server.co
                0x0000000000030304                my_weight
 *fill*         0x000000000003030c       0x14 
 .bss           0x0000000000030320     0x2030 obj_cooja/mtype498.o
 .bss           0x0000000000032350        0x1 obj_cooja/mtype498.a(simEnvChange.o)
                0x0000000000032350                simDontFallAsleep
 *fill*         0x0000000000032351        0x3 
 .bss           0x0000000000032354        0x4 obj_cooja/mtype498.a(cooja_mt.o)
 .bss           0x0000000000032358        0x4 obj_cooja/mtype498.a(cooja_mtarch.o)
 .bss           0x000000000003235c        0xc obj_cooja/mtype498.a(rtimer-arch.o)
 .bss           0x0000000000032368        0x0 obj_cooja/mtype498.a(beep.o)
 .bss           0x0000000000032368        0x8 obj_cooja/mtype498.a(button-sensor.o)
 .bss           0x0000000000032370        0x0 obj_cooja/mtype498.a(leds-arch.o)
 .bss           0x0000000000032370        0x0 obj_cooja/mtype498.a(moteid.o)
 .bss           0x0000000000032370        0x1 obj_cooja/mtype498.a(pir-sensor.o)
                0x0000000000032370                simPirValue
 *fill*         0x0000000000032371        0x3 
 .bss           0x0000000000032374        0x4 obj_cooja/mtype498.a(rs232.o)
 .bss           0x0000000000032378        0x1 obj_cooja/mtype498.a(vib-sensor.o)
                0x0000000000032378                simVibValue
 .bss           0x0000000000032379        0x0 obj_cooja/mtype498.a(clock.o)
 *fill*         0x0000000000032379        0x7 
 .bss           0x0000000000032380      0x420 obj_cooja/mtype498.a(log.o)
 .bss           0x00000000000327a0      0xfc0 obj_cooja/mtype498.a(cfs-cooja.o)
                0x00000000000327a0                simCFSData
                0x0000000000033740                simCFSSize
                0x0000000000033744                simCFSChanged
                0x0000000000033748                simCFSRead
                0x000000000003374c                simCFSWritten
 .bss           0x0000000000033760       0x24 obj_cooja/mtype498.a(cooja-radio.o)
                0x0000000000033760                simReceivingLR
                0x0000000000033764                simInSizeLR
                0x0000000000033768                simOutSizeLR
                0x000000000003376c                simReceiving
                0x0000000000033770                simInSize
                0x0000000000033774                simOutSize
                0x0000000000033778                LongRangeTransmit
                0x000000000003377c                LongRangeReceiving
 .bss           0x0000000000033784        0xc obj_cooja/mtype498.a(eeprom.o)
                0x0000000000033784                simEEPROMChanged
                0x0000000000033788                simEEPROMRead
                0x000000000003378c                simEEPROMWritten
 .bss           0x0000000000033790        0x0 obj_cooja/mtype498.a(random.o)
 .bss           0x0000000000033790        0xc obj_cooja/mtype498.a(sensors.o)
 .bss           0x000000000003379c        0x1 obj_cooja/mtype498.a(leds.o)
 *fill*         0x000000000003379d        0x3 
 .bss           0x00000000000337a0       0x40 obj_cooja/mtype498.a(dual_conf.o)
                0x00000000000337a0                long_range_radio
 .bss           0x00000000000337e0        0x0 obj_cooja/mtype498.a(autostart.o)
 .bss           0x00000000000337e0        0x5 obj_cooja/mtype498.a(ctimer.o)
 *fill*         0x00000000000337e5        0x3 
 .bss           0x00000000000337e8        0x8 obj_cooja/mtype498.a(etimer.o)
 .bss           0x00000000000337f0        0x0 obj_cooja/mtype498.a(log_message.o)
 *fill*         0x00000000000337f0       0x10 
 .bss           0x0000000000033800      0x1b1 obj_cooja/mtype498.a(process.o)
                0x0000000000033800                process_list
                0x0000000000033804                process_current
 .bss           0x00000000000339b1        0x0 obj_cooja/mtype498.a(residual.o)
 *fill*         0x00000000000339b1        0x3 
 .bss           0x00000000000339b4        0x4 obj_cooja/mtype498.a(rtimer.o)
 .bss           0x00000000000339b8        0x0 obj_cooja/mtype498.a(timer.o)
 *fill*         0x00000000000339b8        0x8 
 .bss           0x00000000000339c0      0x140 obj_cooja/mtype498.a(serial-line.o)
 .bss           0x0000000000033b00        0x0 obj_cooja/mtype498.a(list.o)
 .bss           0x0000000000033b00        0x0 obj_cooja/mtype498.a(ringbuf.o)
 .bss           0x0000000000033b00      0x70c obj_cooja/mtype498.a(sicslowpan.o)
 *fill*         0x000000000003420c       0x14 
 .bss           0x0000000000034220       0xc0 obj_cooja/mtype498.a(uip-ds6-nbr.o)
 .bss           0x00000000000342e0       0x30 obj_cooja/mtype498.a(uip-ds6.o)
 .bss           0x0000000000034310        0xe obj_cooja/mtype498.a(uip6.o)
                0x0000000000034310                uip_ext_bitmap
                0x0000000000034311                uip_ext_len
                0x0000000000034312                uip_ext_opt_offset
 *fill*         0x000000000003431e        0x2 
 .bss           0x0000000000034320       0x6b obj_cooja/mtype498.a(tcpip.o)
 .bss           0x000000000003438b        0x0 obj_cooja/mtype498.a(uip-debug.o)
 *fill*         0x000000000003438b       0x15 
 .bss           0x00000000000343a0      0xcf8 obj_cooja/mtype498.a(uip-packetqueue)
 *fill*         0x0000000000035098        0x8 
 .bss           0x00000000000350a0       0x88 obj_cooja/mtype498.a(rpl-dag.o)
 .bss           0x0000000000035128        0x0 obj_cooja/mtype498.a(rpl-ext-header.)
 .bss           0x0000000000035128        0x0 obj_cooja/mtype498.a(rpl-icmp6.o)
 .bss           0x0000000000035128        0x0 obj_cooja/mtype498.a(rpl-ltmax.o)
 *fill*         0x0000000000035128       0x18 
 .bss           0x0000000000035140       0x60 obj_cooja/mtype498.a(rpl-timers.o)
 .bss           0x00000000000351a0        0x4 obj_cooja/mtype498.a(rpl.o)
 *fill*         0x00000000000351a4       0x1c 
 .bss           0x00000000000351c0      0x248 obj_cooja/mtype498.a(csma.o)
 .bss           0x0000000000035408        0x2 obj_cooja/mtype498.a(framer-802154.o)
 .bss           0x000000000003540a        0x0 obj_cooja/mtype498.a(mac.o)
 *fill*         0x000000000003540a       0x16 
 .bss           0x0000000000035420       0xb0 obj_cooja/mtype498.a(cxmac.o)
 .bss           0x00000000000354d0        0x0 obj_cooja/mtype498.a(linkaddr.o)
 *fill*         0x00000000000354d0       0x10 
 .bss           0x00000000000354e0       0xc4 obj_cooja/mtype498.a(nbr-table.o)
 .bss           0x00000000000355a4        0x0 obj_cooja/mtype498.a(netstack.o)
 *fill*         0x00000000000355a4       0x1c 
 .bss           0x00000000000355c0       0xa0 obj_cooja/mtype498.a(packetbuf.o)
 .bss           0x0000000000035660      0xb80 obj_cooja/mtype498.a(queuebuf.o)
 .bss           0x00000000000361e0        0x0 obj_cooja/mtype498.a(nullsec.o)
 .bss           0x00000000000361e0        0x0 obj_cooja/mtype498.a(watchdog.o)
 .bss           0x00000000000361e0        0x0 obj_cooja/mtype498.a(rimestats.o)
 .bss           0x00000000000361e0        0x0 obj_cooja/mtype498.a(stimer.o)
 .bss           0x00000000000361e0        0x0 obj_cooja/mtype498.a(memb.o)
 .bss           0x00000000000361e0      0x4a8 obj_cooja/mtype498.a(uip-ds6-route.o)
 .bss           0x0000000000036688       0x18 obj_cooja/mtype498.a(uip-icmp6.o)
 .bss           0x00000000000366a0        0x0 obj_cooja/mtype498.a(uip-nd6.o)
 .bss           0x00000000000366a0       0x44 obj_cooja/mtype498.a(rpl-nbr-policy.)
 .bss           0x00000000000366e4        0x0 obj_cooja/mtype498.a(frame802154.o)
 .bss           0x00000000000366e4        0x0 /usr/lib/gcc/i686-linux-gnu/4.8/crtendS.o
 .bss           0x00000000000366e4        0x0 /usr/lib/gcc/i686-linux-gnu/4.8/../../../i386-linux-gnu/crtn.o
 *(COMMON)
 COMMON         0x00000000000366e4        0x6 udp-server.co
                0x00000000000366e4                LSA_message_input
                0x00000000000366e5                LSA_SR_preamble
                0x00000000000366e6                LSA_lr_child
                0x00000000000366e7                LSA_converge
                0x00000000000366e8                my_sink_reachability
                0x00000000000366e9                my_parent_number
 *fill*         0x00000000000366ea        0x2 
 COMMON         0x00000000000366ec       0x4c obj_cooja/mtype498.o
                0x00000000000366ec                dio_count
                0x00000000000366f0                dis_count
                0x00000000000366f4                collision_count
                0x00000000000366f8                transmission_count
                0x00000000000366fc                COOJA_radioRxLong
                0x0000000000036700                control_message_count
                0x0000000000036704                dao_count
                0x0000000000036708                COOJA_radioTx
                0x000000000003670c                referenceVar
                0x0000000000036710                data_relay_count
                0x0000000000036714                data_message_count
                0x0000000000036718                COOJA_radioTxLong
                0x000000000003671c                COOJA_radioRx
                0x0000000000036720                debugfp
                0x0000000000036724                COOJA_radioOn
                0x0000000000036728                COOJA_duration
                0x000000000003672c                dio_ack_count
                0x0000000000036730                COOJA_radioOnLong
                0x0000000000036734                sensors_flags
 COMMON         0x0000000000036738        0xc obj_cooja/mtype498.a(simEnvChange.o)
                0x0000000000036738                simEtimerPending
                0x000000000003673c                simProcessRunValue
                0x0000000000036740                simNextExpirationTime
 COMMON         0x0000000000036744        0x1 obj_cooja/mtype498.a(beep.o)
                0x0000000000036744                simBeeped
 COMMON         0x0000000000036745        0x3 obj_cooja/mtype498.a(button-sensor.o)
                0x0000000000036745                simButtonIsActive
                0x0000000000036746                simButtonIsDown
                0x0000000000036747                simButtonChanged
 COMMON         0x0000000000036748        0x1 obj_cooja/mtype498.a(leds-arch.o)
                0x0000000000036748                simLedsValue
 *fill*         0x0000000000036749        0x3 
 COMMON         0x000000000003674c        0xc obj_cooja/mtype498.a(moteid.o)
                0x000000000003674c                simRandomSeed
                0x0000000000036750                simMoteIDChanged
                0x0000000000036754                simMoteID
 COMMON         0x0000000000036758        0x2 obj_cooja/mtype498.a(pir-sensor.o)
                0x0000000000036758                simPirIsActive
                0x0000000000036759                simPirChanged
 *fill*         0x000000000003675a        0x6 
 COMMON         0x0000000000036760      0x820 obj_cooja/mtype498.a(rs232.o)
                0x0000000000036760                simSerialReceivingFlag
                0x0000000000036764                simSerialReceivingLength
                0x0000000000036780                simSerialReceivingData
 COMMON         0x0000000000036f80        0x2 obj_cooja/mtype498.a(vib-sensor.o)
                0x0000000000036f80                simVibChanged
                0x0000000000036f81                simVibIsActive
 *fill*         0x0000000000036f82        0x2 
 COMMON         0x0000000000036f84        0x4 obj_cooja/mtype498.a(clock.o)
                0x0000000000036f84                simCurrentTime
 *fill*         0x0000000000036f88       0x18 
 COMMON         0x0000000000036fa0      0x420 obj_cooja/mtype498.a(log.o)
                0x0000000000036fa0                simLoggedLength
                0x0000000000036fa4                simLoggedFlag
                0x0000000000036fc0                simLoggedData
 COMMON         0x00000000000373c0      0x240 obj_cooja/mtype498.a(cooja-radio.o)
                0x00000000000373c0                simOutDataBuffer
                0x0000000000037440                simRadioTarget
                0x0000000000037460                simInDataBufferLR
                0x00000000000374e0                simOutDataBufferLR
                0x0000000000037560                dual_duty_cycle_count
                0x0000000000037580                simInDataBuffer
 COMMON         0x0000000000037600      0x400 obj_cooja/mtype498.a(eeprom.o)
                0x0000000000037600                simEEPROMData
 COMMON         0x0000000000037a00        0x1 obj_cooja/mtype498.a(sensors.o)
                0x0000000000037a00                sensors_event
 *fill*         0x0000000000037a01        0x3 
 COMMON         0x0000000000037a04        0x4 obj_cooja/mtype498.a(log_message.o)
                0x0000000000037a04                log_fp
 COMMON         0x0000000000037a08        0x1 obj_cooja/mtype498.a(serial-line.o)
                0x0000000000037a08                serial_line_event_message
 *fill*         0x0000000000037a09       0x17 
 COMMON         0x0000000000037a20       0x50 obj_cooja/mtype498.a(uip-ds6-nbr.o)
                0x0000000000037a20                ds6_lr_addrmap
 *fill*         0x0000000000037a70       0x10 
 COMMON         0x0000000000037a80      0x298 obj_cooja/mtype498.a(uip-ds6.o)
                0x0000000000037a80                uip_ds6_prefix_list
                0x0000000000037ae0                uip_ds6_timer_periodic
                0x0000000000037af0                uip_ds6_netif_addr_list_offset
                0x0000000000037b00                uip_ds6_if
                0x0000000000037bf8                uip_ds6_timer_ra
                0x0000000000037c00                uip_ds6_addr_size
                0x0000000000037c20                long_uip_ds6_if
 *fill*         0x0000000000037d18        0x8 
 COMMON         0x0000000000037d20      0x8ec obj_cooja/mtype498.a(uip6.o)
                0x0000000000037d20                uip_slen
                0x0000000000037d22                uip_acc32
                0x0000000000037d40                uip_conns
                0x0000000000037e00                uip_lladdr
                0x0000000000037e08                uip_appdata
                0x0000000000037e0c                uip_flags
                0x0000000000037e20                uip_aligned_buf
                0x0000000000038460                uip_listenports
                0x0000000000038470                uip_len
                0x0000000000038472                uip_long_lladdr
                0x000000000003847c                uip_sappdata
                0x0000000000038480                uip_udp_conns
                0x0000000000038600                uip_udp_conn
                0x0000000000038604                uip_next_hdr
                0x0000000000038608                uip_conn
 COMMON         0x000000000003860c        0x1 obj_cooja/mtype498.a(tcpip.o)
                0x000000000003860c                tcpip_event
 *fill*         0x000000000003860d       0x13 
 COMMON         0x0000000000038620      0x198 obj_cooja/mtype498.a(rpl-dag.o)
                0x0000000000038620                default_instance
                0x0000000000038640                instance_table
 COMMON         0x00000000000387b8       0x10 obj_cooja/mtype498.a(linkaddr.o)
                0x00000000000387b8                linkaddr_node_addr
                0x00000000000387c0                long_linkaddr_node_addr
 COMMON         0x00000000000387c8       0x2e obj_cooja/mtype498.a(packetbuf.o)
                0x00000000000387c8                packetbuf_attrs
                0x00000000000387e6                packetbuf_addrs
 *fill*         0x00000000000387f6        0xa 
 COMMON         0x0000000000038800       0x48 obj_cooja/mtype498.a(rimestats.o)
                0x0000000000038800                rimestats
                0x0000000000038848                . = ALIGN ((. != 0x0)?0x4:0x1)
                0x0000000000038848                . = ALIGN (0x4)
                0x0000000000038848                . = SEGMENT_START ("ldata-segment", .)
                0x0000000000038848                . = ALIGN (0x4)
                0x0000000000038848                _end = .
                0x0000000000038848                PROVIDE (end, .)
                0x0000000000038848                . = DATA_SEGMENT_END (.)

.stab
 *(.stab)

.stabstr
 *(.stabstr)

.stab.excl
 *(.stab.excl)

.stab.exclstr
 *(.stab.exclstr)

.stab.index
 *(.stab.index)

.stab.indexstr
 *(.stab.indexstr)

.comment        0x0000000000000000       0x29
 *(.comment)
 .comment       0x0000000000000000       0x29 /usr/lib/gcc/i686-linux-gnu/4.8/crtbeginS.o
                                         0x2a (size before relaxing)
 .comment       0x0000000000000000       0x2a udp-server.co
 .comment       0x0000000000000000       0x2a obj_cooja/mtype498.o
 .comment       0x0000000000000000       0x2a obj_cooja/mtype498.a(simEnvChange.o)
 .comment       0x0000000000000000       0x2a obj_cooja/mtype498.a(cooja_mt.o)
 .comment       0x0000000000000000       0x2a obj_cooja/mtype498.a(cooja_mtarch.o)
 .comment       0x0000000000000000       0x2a obj_cooja/mtype498.a(rtimer-arch.o)
 .comment       0x0000000000000000       0x2a obj_cooja/mtype498.a(beep.o)
 .comment       0x0000000000000000       0x2a obj_cooja/mtype498.a(button-sensor.o)
 .comment       0x0000000000000000       0x2a obj_cooja/mtype498.a(leds-arch.o)
 .comment       0x0000000000000000       0x2a obj_cooja/mtype498.a(moteid.o)
 .comment       0x0000000000000000       0x2a obj_cooja/mtype498.a(pir-sensor.o)
 .comment       0x0000000000000000       0x2a obj_cooja/mtype498.a(rs232.o)
 .comment       0x0000000000000000       0x2a obj_cooja/mtype498.a(vib-sensor.o)
 .comment       0x0000000000000000       0x2a obj_cooja/mtype498.a(clock.o)
 .comment       0x0000000000000000       0x2a obj_cooja/mtype498.a(log.o)
 .comment       0x0000000000000000       0x2a obj_cooja/mtype498.a(cfs-cooja.o)
 .comment       0x0000000000000000       0x2a obj_cooja/mtype498.a(cooja-radio.o)
 .comment       0x0000000000000000       0x2a obj_cooja/mtype498.a(eeprom.o)
 .comment       0x0000000000000000       0x2a obj_cooja/mtype498.a(random.o)
 .comment       0x0000000000000000       0x2a obj_cooja/mtype498.a(sensors.o)
 .comment       0x0000000000000000       0x2a obj_cooja/mtype498.a(leds.o)
 .comment       0x0000000000000000       0x2a obj_cooja/mtype498.a(dual_conf.o)
 .comment       0x0000000000000000       0x2a obj_cooja/mtype498.a(autostart.o)
 .comment       0x0000000000000000       0x2a obj_cooja/mtype498.a(ctimer.o)
 .comment       0x0000000000000000       0x2a obj_cooja/mtype498.a(etimer.o)
 .comment       0x0000000000000000       0x2a obj_cooja/mtype498.a(log_message.o)
 .comment       0x0000000000000000       0x2a obj_cooja/mtype498.a(process.o)
 .comment       0x0000000000000000       0x2a obj_cooja/mtype498.a(residual.o)
 .comment       0x0000000000000000       0x2a obj_cooja/mtype498.a(rtimer.o)
 .comment       0x0000000000000000       0x2a obj_cooja/mtype498.a(timer.o)
 .comment       0x0000000000000000       0x2a obj_cooja/mtype498.a(serial-line.o)
 .comment       0x0000000000000000       0x2a obj_cooja/mtype498.a(list.o)
 .comment       0x0000000000000000       0x2a obj_cooja/mtype498.a(ringbuf.o)
 .comment       0x0000000000000000       0x2a obj_cooja/mtype498.a(sicslowpan.o)
 .comment       0x0000000000000000       0x2a obj_cooja/mtype498.a(uip-ds6-nbr.o)
 .comment       0x0000000000000000       0x2a obj_cooja/mtype498.a(uip-ds6.o)
 .comment       0x0000000000000000       0x2a obj_cooja/mtype498.a(uip6.o)
 .comment       0x0000000000000000       0x2a obj_cooja/mtype498.a(tcpip.o)
 .comment       0x0000000000000000       0x2a obj_cooja/mtype498.a(uip-debug.o)
 .comment       0x0000000000000000       0x2a obj_cooja/mtype498.a(uip-packetqueue)
 .comment       0x0000000000000000       0x2a obj_cooja/mtype498.a(rpl-dag.o)
 .comment       0x0000000000000000       0x2a obj_cooja/mtype498.a(rpl-ext-header.)
 .comment       0x0000000000000000       0x2a obj_cooja/mtype498.a(rpl-icmp6.o)
 .comment       0x0000000000000000       0x2a obj_cooja/mtype498.a(rpl-ltmax.o)
 .comment       0x0000000000000000       0x2a obj_cooja/mtype498.a(rpl-timers.o)
 .comment       0x0000000000000000       0x2a obj_cooja/mtype498.a(rpl.o)
 .comment       0x0000000000000000       0x2a obj_cooja/mtype498.a(csma.o)
 .comment       0x0000000000000000       0x2a obj_cooja/mtype498.a(framer-802154.o)
 .comment       0x0000000000000000       0x2a obj_cooja/mtype498.a(mac.o)
 .comment       0x0000000000000000       0x2a obj_cooja/mtype498.a(cxmac.o)
 .comment       0x0000000000000000       0x2a obj_cooja/mtype498.a(linkaddr.o)
 .comment       0x0000000000000000       0x2a obj_cooja/mtype498.a(nbr-table.o)
 .comment       0x0000000000000000       0x2a obj_cooja/mtype498.a(netstack.o)
 .comment       0x0000000000000000       0x2a obj_cooja/mtype498.a(packetbuf.o)
 .comment       0x0000000000000000       0x2a obj_cooja/mtype498.a(queuebuf.o)
 .comment       0x0000000000000000       0x2a obj_cooja/mtype498.a(nullsec.o)
 .comment       0x0000000000000000       0x2a obj_cooja/mtype498.a(watchdog.o)
 .comment       0x0000000000000000       0x2a obj_cooja/mtype498.a(rimestats.o)
 .comment       0x0000000000000000       0x2a obj_cooja/mtype498.a(stimer.o)
 .comment       0x0000000000000000       0x2a obj_cooja/mtype498.a(memb.o)
 .comment       0x0000000000000000       0x2a obj_cooja/mtype498.a(uip-ds6-route.o)
 .comment       0x0000000000000000       0x2a obj_cooja/mtype498.a(uip-icmp6.o)
 .comment       0x0000000000000000       0x2a obj_cooja/mtype498.a(uip-nd6.o)
 .comment       0x0000000000000000       0x2a obj_cooja/mtype498.a(rpl-nbr-policy.)
 .comment       0x0000000000000000       0x2a obj_cooja/mtype498.a(frame802154.o)
 .comment       0x0000000000000000       0x2a /usr/lib/gcc/i686-linux-gnu/4.8/crtendS.o

.debug
 *(.debug)

.line
 *(.line)

.debug_srcinfo
 *(.debug_srcinfo)

.debug_sfnames
 *(.debug_sfnames)

.debug_aranges  0x0000000000000000      0x818
 *(.debug_aranges)
 .debug_aranges
                0x0000000000000000       0x20 udp-server.co
 .debug_aranges
                0x0000000000000020       0x20 obj_cooja/mtype498.o
 .debug_aranges
                0x0000000000000040       0x20 obj_cooja/mtype498.a(simEnvChange.o)
 .debug_aranges
                0x0000000000000060       0x20 obj_cooja/mtype498.a(cooja_mt.o)
 .debug_aranges
                0x0000000000000080       0x20 obj_cooja/mtype498.a(cooja_mtarch.o)
 .debug_aranges
                0x00000000000000a0       0x20 obj_cooja/mtype498.a(rtimer-arch.o)
 .debug_aranges
                0x00000000000000c0       0x20 obj_cooja/mtype498.a(beep.o)
 .debug_aranges
                0x00000000000000e0       0x20 obj_cooja/mtype498.a(button-sensor.o)
 .debug_aranges
                0x0000000000000100       0x20 obj_cooja/mtype498.a(leds-arch.o)
 .debug_aranges
                0x0000000000000120       0x20 obj_cooja/mtype498.a(moteid.o)
 .debug_aranges
                0x0000000000000140       0x20 obj_cooja/mtype498.a(pir-sensor.o)
 .debug_aranges
                0x0000000000000160       0x20 obj_cooja/mtype498.a(rs232.o)
 .debug_aranges
                0x0000000000000180       0x20 obj_cooja/mtype498.a(vib-sensor.o)
 .debug_aranges
                0x00000000000001a0       0x20 obj_cooja/mtype498.a(clock.o)
 .debug_aranges
                0x00000000000001c0       0x20 obj_cooja/mtype498.a(log.o)
 .debug_aranges
                0x00000000000001e0       0x20 obj_cooja/mtype498.a(cfs-cooja.o)
 .debug_aranges
                0x0000000000000200       0x20 obj_cooja/mtype498.a(cooja-radio.o)
 .debug_aranges
                0x0000000000000220       0x20 obj_cooja/mtype498.a(eeprom.o)
 .debug_aranges
                0x0000000000000240       0x20 obj_cooja/mtype498.a(random.o)
 .debug_aranges
                0x0000000000000260       0x20 obj_cooja/mtype498.a(sensors.o)
 .debug_aranges
                0x0000000000000280       0x20 obj_cooja/mtype498.a(leds.o)
 .debug_aranges
                0x00000000000002a0       0x20 obj_cooja/mtype498.a(dual_conf.o)
 .debug_aranges
                0x00000000000002c0       0x20 obj_cooja/mtype498.a(autostart.o)
 .debug_aranges
                0x00000000000002e0       0x20 obj_cooja/mtype498.a(ctimer.o)
 .debug_aranges
                0x0000000000000300       0x20 obj_cooja/mtype498.a(etimer.o)
 .debug_aranges
                0x0000000000000320       0x20 obj_cooja/mtype498.a(log_message.o)
 .debug_aranges
                0x0000000000000340       0x20 obj_cooja/mtype498.a(process.o)
 .debug_aranges
                0x0000000000000360       0x20 obj_cooja/mtype498.a(residual.o)
 .debug_aranges
                0x0000000000000380       0x20 obj_cooja/mtype498.a(rtimer.o)
 .debug_aranges
                0x00000000000003a0       0x20 obj_cooja/mtype498.a(timer.o)
 .debug_aranges
                0x00000000000003c0       0x20 obj_cooja/mtype498.a(serial-line.o)
 .debug_aranges
                0x00000000000003e0       0x20 obj_cooja/mtype498.a(list.o)
 .debug_aranges
                0x0000000000000400       0x20 obj_cooja/mtype498.a(ringbuf.o)
 .debug_aranges
                0x0000000000000420       0x20 obj_cooja/mtype498.a(sicslowpan.o)
 .debug_aranges
                0x0000000000000440       0x20 obj_cooja/mtype498.a(uip-ds6-nbr.o)
 .debug_aranges
                0x0000000000000460       0x20 obj_cooja/mtype498.a(uip-ds6.o)
 .debug_aranges
                0x0000000000000480       0x20 obj_cooja/mtype498.a(uip6.o)
 .debug_aranges
                0x00000000000004a0       0x20 obj_cooja/mtype498.a(tcpip.o)
 .debug_aranges
                0x00000000000004c0       0x20 obj_cooja/mtype498.a(uip-debug.o)
 .debug_aranges
                0x00000000000004e0       0x20 obj_cooja/mtype498.a(uip-packetqueue)
 .debug_aranges
                0x0000000000000500       0x20 obj_cooja/mtype498.a(rpl-dag.o)
 .debug_aranges
                0x0000000000000520       0x20 obj_cooja/mtype498.a(rpl-ext-header.)
 .debug_aranges
                0x0000000000000540       0x20 obj_cooja/mtype498.a(rpl-icmp6.o)
 .debug_aranges
                0x0000000000000560       0x20 obj_cooja/mtype498.a(rpl-ltmax.o)
 .debug_aranges
                0x0000000000000580       0x20 obj_cooja/mtype498.a(rpl-timers.o)
 .debug_aranges
                0x00000000000005a0       0x20 obj_cooja/mtype498.a(rpl.o)
 .debug_aranges
                0x00000000000005c0       0x20 obj_cooja/mtype498.a(csma.o)
 .debug_aranges
                0x00000000000005e0       0x20 obj_cooja/mtype498.a(framer-802154.o)
 .debug_aranges
                0x0000000000000600       0x20 obj_cooja/mtype498.a(mac.o)
 .debug_aranges
                0x0000000000000620       0x20 obj_cooja/mtype498.a(cxmac.o)
 .debug_aranges
                0x0000000000000640       0x20 obj_cooja/mtype498.a(linkaddr.o)
 .debug_aranges
                0x0000000000000660       0x20 obj_cooja/mtype498.a(nbr-table.o)
 .debug_aranges
                0x0000000000000680       0x20 obj_cooja/mtype498.a(netstack.o)
 .debug_aranges
                0x00000000000006a0       0x20 obj_cooja/mtype498.a(packetbuf.o)
 .debug_aranges
                0x00000000000006c0       0x20 obj_cooja/mtype498.a(queuebuf.o)
 .debug_aranges
                0x00000000000006e0       0x20 obj_cooja/mtype498.a(nullsec.o)
 .debug_aranges
                0x0000000000000700       0x20 obj_cooja/mtype498.a(watchdog.o)
 .debug_aranges
                0x0000000000000720       0x18 obj_cooja/mtype498.a(rimestats.o)
 .debug_aranges
                0x0000000000000738       0x20 obj_cooja/mtype498.a(stimer.o)
 .debug_aranges
                0x0000000000000758       0x20 obj_cooja/mtype498.a(memb.o)
 .debug_aranges
                0x0000000000000778       0x20 obj_cooja/mtype498.a(uip-ds6-route.o)
 .debug_aranges
                0x0000000000000798       0x20 obj_cooja/mtype498.a(uip-icmp6.o)
 .debug_aranges
                0x00000000000007b8       0x20 obj_cooja/mtype498.a(uip-nd6.o)
 .debug_aranges
                0x00000000000007d8       0x20 obj_cooja/mtype498.a(rpl-nbr-policy.)
 .debug_aranges
                0x00000000000007f8       0x20 obj_cooja/mtype498.a(frame802154.o)

.debug_pubnames
 *(.debug_pubnames)

.debug_info     0x0000000000000000    0x1e082
 *(.debug_info .gnu.linkonce.wi.*)
 .debug_info    0x0000000000000000      0xe93 udp-server.co
 .debug_info    0x0000000000000e93     0x3ac4 obj_cooja/mtype498.o
 .debug_info    0x0000000000004957      0x15a obj_cooja/mtype498.a(simEnvChange.o)
 .debug_info    0x0000000000004ab1      0x1e2 obj_cooja/mtype498.a(cooja_mt.o)
 .debug_info    0x0000000000004c93      0x2e7 obj_cooja/mtype498.a(cooja_mtarch.o)
 .debug_info    0x0000000000004f7a      0x16b obj_cooja/mtype498.a(rtimer-arch.o)
 .debug_info    0x00000000000050e5      0x1f3 obj_cooja/mtype498.a(beep.o)
 .debug_info    0x00000000000052d8      0x257 obj_cooja/mtype498.a(button-sensor.o)
 .debug_info    0x000000000000552f      0x132 obj_cooja/mtype498.a(leds-arch.o)
 .debug_info    0x0000000000005661      0x10a obj_cooja/mtype498.a(moteid.o)