Archive member included to satisfy reference by file (symbol)

obj_cooja/mtype954.a(simEnvChange.o)
                              obj_cooja/mtype954.o (simDontFallAsleep)
obj_cooja/mtype954.a(cooja_mt.o)
                              obj_cooja/mtype954.o (cooja_mt_start)
obj_cooja/mtype954.a(cooja_mtarch.o)
                              obj_cooja/mtype954.a(cooja_mt.o) (cooja_mtarch_init)
obj_cooja/mtype954.a(rtimer-arch.o)
                              obj_cooja/mtype954.o (rtimer_arch_next)
obj_cooja/mtype954.a(beep.o)  obj_cooja/mtype954.o (beep_interface)
obj_cooja/mtype954.a(button-sensor.o)
                              obj_cooja/mtype954.o (button_interface)
obj_cooja/mtype954.a(leds-arch.o)
                              obj_cooja/mtype954.o (leds_interface)
obj_cooja/mtype954.a(moteid.o)
                              obj_cooja/mtype954.o (moteid_interface)
obj_cooja/mtype954.a(pir-sensor.o)
                              obj_cooja/mtype954.o (pir_interface)
obj_cooja/mtype954.a(rs232.o)
                              obj_cooja/mtype954.o (rs232_interface)
obj_cooja/mtype954.a(vib-sensor.o)
                              obj_cooja/mtype954.o (vib_interface)
obj_cooja/mtype954.a(clock.o)
                              obj_cooja/mtype954.o (clock_interface)
obj_cooja/mtype954.a(log.o)   obj_cooja/mtype954.o (simlog_interface)
obj_cooja/mtype954.a(cfs-cooja.o)
                              obj_cooja/mtype954.o (cfs_interface)
obj_cooja/mtype954.a(cooja-radio.o)
                              obj_cooja/mtype954.o (radio_interface)
obj_cooja/mtype954.a(eeprom.o)
                              obj_cooja/mtype954.o (eeprom_interface)
obj_cooja/mtype954.a(random.o)
                              obj_cooja/mtype954.a(moteid.o) (random_init)
obj_cooja/mtype954.a(sensors.o)
                              udp-server.co (sensors_event)
obj_cooja/mtype954.a(autostart.o)
                              obj_cooja/mtype954.o (autostart_start)
obj_cooja/mtype954.a(ctimer.o)
                              obj_cooja/mtype954.o (ctimer_init)
obj_cooja/mtype954.a(etimer.o)
                              obj_cooja/mtype954.o (etimer_process)
obj_cooja/mtype954.a(log_message.o)
                              obj_cooja/mtype954.o (log_initialization)
obj_cooja/mtype954.a(process.o)
                              udp-server.co (process_current)
obj_cooja/mtype954.a(residual.o)
                              obj_cooja/mtype954.o (get_residual_energy)
obj_cooja/mtype954.a(rtimer.o)
                              obj_cooja/mtype954.a(rtimer-arch.o) (rtimer_run_next)
obj_cooja/mtype954.a(timer.o)
                              obj_cooja/mtype954.a(button-sensor.o) (timer_set)
obj_cooja/mtype954.a(serial-line.o)
                              obj_cooja/mtype954.a(rs232.o) (serial_line_input_byte)
obj_cooja/mtype954.a(list.o)  obj_cooja/mtype954.a(ctimer.o) (list_init)
obj_cooja/mtype954.a(ringbuf.o)
                              obj_cooja/mtype954.a(serial-line.o) (ringbuf_init)
obj_cooja/mtype954.a(sicslowpan.o)
                              obj_cooja/mtype954.o (sicslowpan_driver)
obj_cooja/mtype954.a(uip-ds6-nbr.o)
                              obj_cooja/mtype954.a(sicslowpan.o) (uip_ds6_link_neighbor_callback)
obj_cooja/mtype954.a(uip-ds6.o)
                              udp-server.co (uip_ds6_if)
obj_cooja/mtype954.a(uip6.o)  obj_cooja/mtype954.o (uip_lladdr)
obj_cooja/mtype954.a(tcpip.o)
                              udp-server.co (tcpip_event)
obj_cooja/mtype954.a(uip-debug.o)
                              udp-server.co (uip_debug_ipaddr_print)
obj_cooja/mtype954.a(uip-packetqueue)
                              obj_cooja/mtype954.a(uip-ds6-nbr.o) (uip_packetqueue_new)
obj_cooja/mtype954.a(rpl-dag.o)
                              udp-server.co (rpl_set_root)
obj_cooja/mtype954.a(rpl-ext-header.)
                              obj_cooja/mtype954.a(uip6.o) (rpl_verify_header)
obj_cooja/mtype954.a(rpl-icmp6.o)
                              obj_cooja/mtype954.a(rpl-dag.o) (rpl_icmp6_update_nbr_table)
obj_cooja/mtype954.a(rpl-ltmax.o)
                              obj_cooja/mtype954.a(rpl-dag.o) (rpl_ltmax_of)
obj_cooja/mtype954.a(rpl-timers.o)
                              obj_cooja/mtype954.a(rpl-dag.o) (rpl_reset_dio_timer)
obj_cooja/mtype954.a(rpl.o)   obj_cooja/mtype954.a(rpl-icmp6.o) (rpl_get_mode)
obj_cooja/mtype954.a(framer-802154.o)
                              obj_cooja/mtype954.a(sicslowpan.o) (framer_802154)
obj_cooja/mtype954.a(nullmac.o)
                              udp-server.co (nullmac_driver)
obj_cooja/mtype954.a(cxmac.o)
                              obj_cooja/mtype954.o (cxmac_driver)
obj_cooja/mtype954.a(linkaddr.o)
                              obj_cooja/mtype954.o (linkaddr_node_addr)
obj_cooja/mtype954.a(nbr-table.o)
                              obj_cooja/mtype954.a(uip-ds6-nbr.o) (nbr_table_register)
obj_cooja/mtype954.a(netstack.o)
                              obj_cooja/mtype954.o (netstack_init)
[...]
Memory Configuration

Name             Origin             Length             Attributes
*default*        0x0000000000000000 0xffffffffffffffff

Linker script and memory map

LOAD /usr/lib/gcc/i686-linux-gnu/4.8/../../../i386-linux-gnu/crti.o
LOAD /usr/lib/gcc/i686-linux-gnu/4.8/crtbeginS.o
LOAD udp-server.co
LOAD obj_cooja/mtype954.o
LOAD obj_cooja/mtype954.a
LOAD /usr/lib/gcc/i686-linux-gnu/4.8/libgcc.a
LOAD /usr/lib/gcc/i686-linux-gnu/4.8/libgcc_s.so
LOAD /usr/lib/gcc/i686-linux-gnu/4.8/../../../i386-linux-gnu/libc.so
START GROUP
LOAD /lib/i386-linux-gnu/libc.so.6
LOAD /usr/lib/i386-linux-gnu/libc_nonshared.a
LOAD /lib/i386-linux-gnu/ld-linux.so.2
END GROUP
LOAD /usr/lib/gcc/i686-linux-gnu/4.8/libgcc.a
LOAD /usr/lib/gcc/i686-linux-gnu/4.8/libgcc_s.so
LOAD /usr/lib/gcc/i686-linux-gnu/4.8/crtendS.o
LOAD /usr/lib/gcc/i686-linux-gnu/4.8/../../../i386-linux-gnu/crtn.o
                0x0000000000000114                . = (0x0 + SIZEOF_HEADERS)

.note.gnu.build-id
                0x0000000000000114       0x24
 *(.note.gnu.build-id)
 .note.gnu.build-id
                0x0000000000000114       0x24 /usr/lib/gcc/i686-linux-gnu/4.8/../../../i386-linux-gnu/crti.o

.hash
 *(.hash)

.gnu.hash       0x0000000000000138     0x12d8
 *(.gnu.hash)
 .gnu.hash      0x0000000000000138     0x12d8 /usr/lib/gcc/i686-linux-gnu/4.8/../../../i386-linux-gnu/crti.o

.dynsym         0x0000000000001410     0x23d0
 *(.dynsym)
 .dynsym        0x0000000000001410     0x23d0 /usr/lib/gcc/i686-linux-gnu/4.8/../../../i386-linux-gnu/crti.o

.dynstr         0x00000000000037e0     0x24e9
 *(.dynstr)
 .dynstr        0x00000000000037e0     0x24e9 /usr/lib/gcc/i686-linux-gnu/4.8/../../../i386-linux-gnu/crti.o

.gnu.version    0x0000000000005cca      0x47a
 *(.gnu.version)
 .gnu.version   0x0000000000005cca      0x47a /usr/lib/gcc/i686-linux-gnu/4.8/../../../i386-linux-gnu/crti.o

.gnu.version_d  0x0000000000006144        0x0
 *(.gnu.version_d)
 .gnu.version_d
                0x0000000000000000        0x0 /usr/lib/gcc/i686-linux-gnu/4.8/../../../i386-linux-gnu/crti.o

.gnu.version_r  0x0000000000006144       0x50
 *(.gnu.version_r)
 .gnu.version_r
                0x0000000000006144       0x50 /usr/lib/gcc/i686-linux-gnu/4.8/../../../i386-linux-gnu/crti.o

.rel.dyn        0x0000000000006194     0x8358
 *(.rel.init)
 .rel.init      0x0000000000000000        0x0 /usr/lib/gcc/i686-linux-gnu/4.8/../../../i386-linux-gnu/crti.o
 *(.rel.text .rel.text.* .rel.gnu.linkonce.t.*)
 .rel.text      0x0000000000006194     0x7be8 /usr/lib/gcc/i686-linux-gnu/4.8/../../../i386-linux-gnu/crti.o
 *(.rel.fini)
 .rel.fini      0x0000000000000000        0x0 /usr/lib/gcc/i686-linux-gnu/4.8/../../../i386-linux-gnu/crti.o
 *(.rel.rodata .rel.rodata.* .rel.gnu.linkonce.r.*)
 .rel.rodata    0x000000000000dd7c      0x4e0 /usr/lib/gcc/i686-linux-gnu/4.8/../../../i386-linux-gnu/crti.o
 *(.rel.data.rel.ro .rel.data.rel.ro.* .rel.gnu.linkonce.d.rel.ro.*)
 *(.rel.data .rel.data.* .rel.gnu.linkonce.d.*)
 .rel.data.rel  0x000000000000e25c        0x8 /usr/lib/gcc/i686-linux-gnu/4.8/../../../i386-linux-gnu/crti.o
 .rel.data      0x000000000000e264      0x250 /usr/lib/gcc/i686-linux-gnu/4.8/../../../i386-linux-gnu/crti.o
 *(.rel.tdata .rel.tdata.* .rel.gnu.linkonce.td.*)
 *(.rel.tbss .rel.tbss.* .rel.gnu.linkonce.tb.*)
 *(.rel.ctors)
 *(.rel.dtors)
 *(.rel.got)
 .rel.got       0x000000000000e4b4       0x28 /usr/lib/gcc/i686-linux-gnu/4.8/../../../i386-linux-gnu/crti.o
 *(.rel.bss .rel.bss.* .rel.gnu.linkonce.b.*)
 *(.rel.ifunc)
 .rel.ifunc     0x0000000000000000        0x0 /usr/lib/gcc/i686-linux-gnu/4.8/../../../i386-linux-gnu/crti.o
 .rel.fini_array
                0x000000000000e4dc        0x8 /usr/lib/gcc/i686-linux-gnu/4.8/../../../i386-linux-gnu/crti.o
 .rel.init_array
                0x000000000000e4e4        0x8 /usr/lib/gcc/i686-linux-gnu/4.8/../../../i386-linux-gnu/crti.o

.rel.plt        0x000000000000e4ec       0x10
 *(.rel.plt)
 .rel.plt       0x000000000000e4ec       0x10 /usr/lib/gcc/i686-linux-gnu/4.8/../../../i386-linux-gnu/crti.o
 *(.rel.iplt)

.init           0x000000000000e4fc       0x23
 *(SORT(.init))
 .init          0x000000000000e4fc       0x1e /usr/lib/gcc/i686-linux-gnu/4.8/../../../i386-linux-gnu/crti.o
                0x000000000000e4fc                _init
 .init          0x000000000000e51a        0x5 /usr/lib/gcc/i686-linux-gnu/4.8/../../../i386-linux-gnu/crtn.o

.plt            0x000000000000e520       0x30
 *(.plt)
 .plt           0x000000000000e520       0x30 /usr/lib/gcc/i686-linux-gnu/4.8/../../../i386-linux-gnu/crti.o
 *(.iplt)

.text           0x000000000000e550    0x1480c
 *(.text.unlikely .text.*_unlikely .text.unlikely.*)
 *(.text.exit .text.exit.*)
 *(.text.startup .text.startup.*)
 *(.text.hot .text.hot.*)
 *(.text .stub .text.* .gnu.linkonce.t.*)
 .text          0x000000000000e550        0x0 /usr/lib/gcc/i686-linux-gnu/4.8/../../../i386-linux-gnu/crti.o
 .gnu.linkonce.t.__x86.get_pc_thunk.bx
                0x000000000000e550        0x4 /usr/lib/gcc/i686-linux-gnu/4.8/../../../i386-linux-gnu/crti.o
                0x000000000000e550                __x86.get_pc_thunk.bx
 *fill*         0x000000000000e554        0xc 
 .text          0x000000000000e560      0x11b /usr/lib/gcc/i686-linux-gnu/4.8/crtbeginS.o
 .text          0x000000000000e67b      0x3ce udp-server.co
 .text          0x000000000000ea49      0x734 obj_cooja/mtype954.o
                0x000000000000eb7f                contiki_init
                0x000000000000ef94                Java_org_contikios_cooja_corecomm_Lib45_init
                0x000000000000efd4                Java_org_contikios_cooja_corecomm_Lib45_getMemory
                0x000000000000f014                Java_org_contikios_cooja_corecomm_Lib45_setMemory
                0x000000000000f08b                Java_org_contikios_cooja_corecomm_Lib45_tick
                0x000000000000f16b                Java_org_contikios_cooja_corecomm_Lib45_setReferenceAddress
 .text          0x000000000000f17d       0x63 obj_cooja/mtype954.a(simEnvChange.o)
                0x000000000000f17d                doActionsBeforeTick
                0x000000000000f1ae                doActionsAfterTick
 .text          0x000000000000f1e0       0xbc obj_cooja/mtype954.a(cooja_mt.o)
                0x000000000000f1e0                cooja_mt_init
                0x000000000000f1ed                cooja_mt_remove
                0x000000000000f1fa                cooja_mt_start
                0x000000000000f227                cooja_mt_exec
                0x000000000000f258                cooja_mt_exit
                0x000000000000f27a                cooja_mt_yield
 .text          0x000000000000f29c      0x115 obj_cooja/mtype954.a(cooja_mtarch.o)
                0x000000000000f29c                cooja_mtarch_init
                0x000000000000f2a1                cooja_mtarch_start
                0x000000000000f31c                cooja_sw
                0x000000000000f33e                cooja_mtarch_exec
                0x000000000000f35a                cooja_mtarch_remove
                0x000000000000f35f                cooja_mtarch_yield
                0x000000000000f369                cooja_mtarch_pstop
                0x000000000000f36e                cooja_mtarch_pstart
                0x000000000000f373                cooja_mtarch_stack_usage
 .text          0x000000000000f3b1       0xc2 obj_cooja/mtype954.a(rtimer-arch.o)
                0x000000000000f3b1                rtimer_arch_init
                0x000000000000f3d4                rtimer_arch_schedule
                0x000000000000f3eb                rtimer_arch_next
                0x000000000000f3f5                rtimer_arch_pending
                0x000000000000f3ff                rtimer_arch_check
                0x000000000000f431                rtimer_arch_now
 .text          0x000000000000f473       0x76 obj_cooja/mtype954.a(beep.o)
                0x000000000000f473                beep_alarm
                0x000000000000f47f                beep_beep
                0x000000000000f48b                beep
                0x000000000000f497                beep_down
                0x000000000000f4a3                beep_on
                0x000000000000f4af                beep_off
                0x000000000000f4bb                beep_spinup
                0x000000000000f4c7                beep_quick
                0x000000000000f4d3                beep_long
 .text          0x000000000000f4e9      0x103 obj_cooja/mtype954.a(button-sensor.o)
 .text          0x000000000000f5ec       0x45 obj_cooja/mtype954.a(leds-arch.o)
                0x000000000000f5ec                leds_arch_init
                0x000000000000f5f8                leds_arch_get
                0x000000000000f604                leds_arch_set
 .text          0x000000000000f631       0x2f obj_cooja/mtype954.a(moteid.o)
 .text          0x000000000000f660       0xb1 obj_cooja/mtype954.a(pir-sensor.o)
 .text          0x000000000000f711      0x131 obj_cooja/mtype954.a(rs232.o)
                0x000000000000f711                rs232_init
                0x000000000000f716                rs232_set_speed
                0x000000000000f724                rs232_set_input
                0x000000000000f731                rs232_send
                0x000000000000f753                rs232_print
                0x000000000000f76e                slip_arch_writeb
 .text          0x000000000000f842       0xb1 obj_cooja/mtype954.a(vib-sensor.o)
 .text          0x000000000000f8f3       0x34 obj_cooja/mtype954.a(clock.o)
                0x000000000000f8f3                clock_init
                0x000000000000f8f8                clock_time
                0x000000000000f902                clock_seconds
                0x000000000000f918                clock_delay
 .text          0x000000000000f927      0x1ed obj_cooja/mtype954.a(log.o)
                0x000000000000f927                simlog_char
                0x000000000000f969                simlog
                0x000000000000f9d6                log_message
                0x000000000000f9fe                log_set_putchar_with_slip
                0x000000000000fa0b                log_putchar
                0x000000000000fa8f                log_puts
                0x000000000000fab3                log_printf
 .text          0x000000000000fb14      0x2c4 obj_cooja/mtype954.a(cfs-cooja.o)
                0x000000000000fb14                cfs_open
                0x000000000000fb7d                cfs_close
                0x000000000000fb89                cfs_read
                0x000000000000fc27                cfs_write
                0x000000000000fd04                cfs_seek
                0x000000000000fd8c                cfs_remove
                0x000000000000fdb5                cfs_opendir
                0x000000000000fdbf                cfs_readdir
                0x000000000000fdc9                cfs_closedir
 .text          0x000000000000fdd8      0x3e8 obj_cooja/mtype954.a(cooja-radio.o)
                0x000000000000fe02                radio_set_channel
                0x000000000000fe0f                radio_set_txpower
                0x000000000000fe26                radio_signal_strength_last
                0x000000000000fe30                radio_signal_strength_current
                0x000000000000fe3a                radio_LQI
 .text          0x00000000000101c0       0xef obj_cooja/mtype954.a(eeprom.o)
                0x00000000000101c0                eeprom_init
                0x00000000000101c5                eeprom_read
                0x0000000000010235                eeprom_write
 .text          0x00000000000102af       0x28 obj_cooja/mtype954.a(random.o)
                0x00000000000102af                random_init
                0x00000000000102ca                random_rand
 .text          0x00000000000102d7      0x2a1 obj_cooja/mtype954.a(sensors.o)
                0x0000000000010312                sensors_first
                0x000000000001031c                sensors_next
                0x0000000000010339                sensors_changed
                0x0000000000010368                sensors_find
 .text          0x0000000000010578       0x8e obj_cooja/mtype954.a(autostart.o)
                0x0000000000010578                autostart_start
                0x00000000000105c3                autostart_exit
 .text          0x0000000000010606      0x334 obj_cooja/mtype954.a(ctimer.o)
                0x000000000001071d                ctimer_init
                0x000000000001074d                ctimer_set
                0x000000000001077e                ctimer_set_with_process
                0x00000000000107fa                ctimer_reset
                0x0000000000010849                ctimer_restart
                0x0000000000010898                ctimer_stop
                0x00000000000108e3                ctimer_expired
 .text          0x000000000001093a      0x40b obj_cooja/mtype954.a(etimer.o)
                0x0000000000010b4d                etimer_request_poll
                0x0000000000010bd1                etimer_set
                0x0000000000010bf6                etimer_reset_with_new_interval
                0x0000000000010c1d                etimer_reset
                0x0000000000010c3b                etimer_restart
                0x0000000000010c59                etimer_adjust
                0x0000000000010c75                etimer_expired
                0x0000000000010c88                etimer_expiration_time
                0x0000000000010c9a                etimer_start_time
                0x0000000000010ca4                etimer_pending
                0x0000000000010cb6                etimer_next_expiration_time
                0x0000000000010cd0                etimer_stop
 .text          0x0000000000010d45       0xdd obj_cooja/mtype954.a(log_message.o)
                0x0000000000010d45                log_initialization
                0x0000000000010e01                log_finisher
 .text          0x0000000000010e22      0x560 obj_cooja/mtype954.a(process.o)
                0x0000000000010e22                process_alloc_event
                0x0000000000010e37                process_start
                0x0000000000011020                process_exit
                0x000000000001103c                process_init
                0x000000000001120d                process_run
                0x0000000000011240                process_nevents
                0x000000000001125b                process_post
                0x0000000000011307                process_post_synch
                0x000000000001133f                process_poll
                0x000000000001136e                process_is_running
 .text          0x0000000000011382       0x8b obj_cooja/mtype954.a(residual.o)
                0x0000000000011382                get_residual_energy
 .text          0x000000000001140d       0xba obj_cooja/mtype954.a(rtimer.o)
                0x000000000001140d                rtimer_init
                0x000000000001141a                rtimer_set
                0x0000000000011471                rtimer_run_next
 .text          0x00000000000114c7       0x91 obj_cooja/mtype954.a(timer.o)
                0x00000000000114c7                timer_set
                0x00000000000114e2                timer_reset
                0x00000000000114f9                timer_restart
                0x000000000001150b                timer_expired
                0x0000000000011534                timer_remaining
 .text          0x0000000000011558      0x1fb obj_cooja/mtype954.a(serial-line.o)
                0x0000000000011558                serial_line_input_byte
                0x000000000001171b                serial_line_init
 .text          0x0000000000011753      0x244 obj_cooja/mtype954.a(list.o)
                0x0000000000011753                list_init
                0x0000000000011761                list_head
                0x000000000001176b                list_copy
                0x000000000001177a                list_tail
                0x00000000000117b0                list_add
                0x00000000000117f9                list_push
                0x0000000000011825                list_chop
                0x000000000001188f                list_pop
                0x00000000000118b7                list_remove
                0x000000000001191e                list_length
                0x000000000001194c                list_insert
                0x0000000000011980                list_item_next
 .text          0x0000000000011997      0x155 obj_cooja/mtype954.a(ringbuf.o)
                0x0000000000011997                ringbuf_init
                0x00000000000119c8                ringbuf_put
                0x0000000000011a46                ringbuf_get
                0x0000000000011ab3                ringbuf_size
                0x0000000000011ac5                ringbuf_elements
 .text          0x0000000000011aec     0x258b obj_cooja/mtype954.a(sicslowpan.o)
                0x0000000000012076                rime_sniffer_add
                0x0000000000012083                rime_sniffer_remove
                0x0000000000014016                sicslowpan_init
                0x000000000001406d                sicslowpan_get_last_rssi
 .text          0x0000000000014077      0x298 obj_cooja/mtype954.a(uip-ds6-nbr.o)
                0x0000000000014094                uip_ds6_neighbors_init
                0x00000000000140b1                uip_ds6_nbr_add
                0x0000000000014139                uip_ds6_nbr_rm
                0x000000000001417b                uip_ds6_nbr_get_ipaddr
                0x0000000000014190                uip_ds6_nbr_get_ll
                0x00000000000141ac                uip_ds6_nbr_num
                0x00000000000141f1                uip_ds6_nbr_lookup
                0x0000000000014256                uip_ds6_nbr_ll_lookup
                0x0000000000014272                uip_ds6_nbr_ipaddr_from_lladdr
                0x0000000000014298                uip_ds6_nbr_lladdr_from_ipaddr
                0x00000000000142c6                uip_ds6_link_neighbor_callback
 .text          0x000000000001430f      0xb97 obj_cooja/mtype954.a(uip-ds6.o)
                0x000000000001430f                uip_ds6_init
                0x00000000000144e2                uip_ds6_periodic
                0x000000000001455b                uip_ds6_list_loop
                0x0000000000014602                uip_ds6_prefix_add
                0x00000000000146c0                uip_ds6_prefix_rm
                0x00000000000146d2                uip_ds6_prefix_lookup
                0x0000000000014723                uip_ds6_is_addr_onlink
                0x0000000000014797                uip_ds6_addr_add
                0x00000000000148c5                uip_ds6_addr_rm
                0x0000000000014965                uip_ds6_addr_lookup
                0x00000000000149b0                uip_ds6_get_link_local
                0x0000000000014a2f                uip_ds6_get_global
                0x0000000000014aae                uip_ds6_maddr_add
                0x0000000000014b20                uip_ds6_maddr_rm
                0x0000000000014b32                uip_ds6_maddr_lookup
                0x0000000000014b7d                uip_ds6_aaddr_add
                0x0000000000014bef                uip_ds6_aaddr_rm
                0x0000000000014c01                uip_ds6_aaddr_lookup
                0x0000000000014c4c                uip_ds6_select_src
                0x0000000000014d91                uip_ds6_set_addr_iid
                0x0000000000014dc8                get_match_length
                0x0000000000014e5a                uip_ds6_compute_reachable_time
 .text          0x0000000000014ea6     0x29cb obj_cooja/mtype954.a(uip6.o)
                0x0000000000014ea6                uip_add32
                0x000000000001503f                uip_chksum
                0x000000000001512d                uip_icmp6chksum
                0x0000000000015141                uip_tcpchksum
                0x0000000000015155                uip_udpchksum
                0x0000000000015169                uip_init
                0x0000000000015239                uip_connect
                0x00000000000153e8                remove_ext_hdr
                0x00000000000154bd                uip_udp_new
                0x0000000000015619                uip_unlisten
                0x0000000000015679                uip_listen
                0x000000000001593b                uip_process
                0x0000000000017765                uip_htons
                0x0000000000017787                uip_htonl
                0x00000000000177c7                uip_send
 .text          0x0000000000017871      0xa2b obj_cooja/mtype954.a(tcpip.o)
                0x0000000000017871                tcpip_output
                0x000000000001789f                tcpip_set_outputfunc
                0x0000000000017933                tcp_connect
                0x0000000000017988                tcp_unlisten
                0x00000000000179e3                tcp_listen
                0x0000000000017a3c                tcp_attach
                0x0000000000017a61                udp_attach
                0x0000000000017a86                udp_new
                0x0000000000017ad8                udp_broadcast_new
                0x0000000000017d4c                tcpip_input
                0x0000000000017d80                tcpip_ipv6_output
                0x00000000000180e2                tcpip_poll_udp
                0x0000000000018105                tcpip_poll_tcp
                0x0000000000018128                tcpip_uipcall
 .text          0x000000000001829c      0x1c1 obj_cooja/mtype954.a(uip-debug.o)
                0x000000000001829c                uip_debug_ipaddr_print
                0x00000000000183fe                uip_debug_lladdr_print
 .text          0x000000000001845d      0x141 obj_cooja/mtype954.a(uip-packetqueue)
                0x0000000000018489                uip_packetqueue_new
                0x0000000000018497                uip_packetqueue_alloc
                0x00000000000184f7                uip_packetqueue_free
                0x0000000000018538                uip_packetqueue_buf
                0x0000000000018555                uip_packetqueue_buflen
                0x0000000000018576                uip_packetqueue_set_buflen
 .text          0x000000000001859e     0x2713 obj_cooja/mtype954.a(rpl-dag.o)
                0x000000000001859e                rpl_lr_in_neighbor_tree
                0x00000000000186f6                rpl_print_neighbor_list
                0x000000000001879f                rpl_print_child_neighbor_list
                0x0000000000018814                rpl_get_nbr
                0x000000000001886e                rpl_get_nbr_child
                0x00000000000188c8                rpl_dag_init
                0x00000000000188fa                rpl_get_parent
                0x000000000001891c                rpl_get_parent_rank
                0x000000000001894f                rpl_get_parent_link_metric
                0x0000000000018982                rpl_get_parent_ipaddr
                0x00000000000189ac                rpl_get_child_ipaddr
                0x0000000000018cc7                rpl_set_root
                0x0000000000018ef5                rpl_repair_root
                0x0000000000019131                rpl_set_prefix
                0x0000000000019230                rpl_set_default_route
                0x00000000000192bc                rpl_alloc_instance
                0x000000000001934f                rpl_alloc_dag
                0x0000000000019402                rpl_set_default_instance
                0x000000000001940f                rpl_get_default_instance
                0x0000000000019419                rpl_free_instance
                0x00000000000194ca                rpl_free_dag
                0x0000000000019530                rpl_add_parent
                0x0000000000019626                rpl_find_parent
                0x0000000000019656                rpl_add_child
                0x00000000000196fa                rpl_find_child
                0x0000000000019748                rpl_find_parent_any_dag
                0x0000000000019784                rpl_select_dag
                0x0000000000019ba7                rpl_select_parent
                0x0000000000019c09                rpl_remove_parent
                0x0000000000019c3f                rpl_remove_child
                0x0000000000019c5b                rpl_nullify_parent
                0x0000000000019cf9                rpl_move_parent
                0x0000000000019d96                rpl_has_downward_route
                0x0000000000019de9                rpl_get_any_dag
                0x0000000000019e4b                rpl_get_instance
                0x0000000000019eae                rpl_find_of
                0x0000000000019eeb                rpl_join_instance
                0x000000000001a166                rpl_add_dag
                0x000000000001a555                rpl_local_repair
                0x000000000001a62e                rpl_recalculate_ranks
                0x000000000001a6b4                rpl_process_parent_event
                0x000000000001a766                rpl_process_dio
 .text          0x000000000001acb1      0xbf3 obj_cooja/mtype954.a(rpl-ext-header.)
                0x000000000001acce                rpl_verify_header
                0x000000000001b148                rpl_update_header_empty
                0x000000000001b45f                rpl_update_header_final
                0x000000000001b5ee                rpl_remove_header
                0x000000000001b6f8                rpl_invert_header
                0x000000000001b882                rpl_insert_header
 .text          0x000000000001b8a4     0x1f8e obj_cooja/mtype954.a(rpl-icmp6.o)
                0x000000000001bb6d                rpl_icmp6_update_nbr_table
                0x000000000001bc5d                dis_output
                0x000000000001c50e                dio_output
                0x000000000001d42a                dao_output
                0x000000000001d4f2                dao_output_target
                0x000000000001d7e6                dao_ack_output
                0x000000000001d7fa                rpl_icmp6_register_handlers
 .text          0x000000000001d832      0x334 obj_cooja/mtype954.a(rpl-ltmax.o)
 .text          0x000000000001db66      0x816 obj_cooja/mtype954.a(rpl-timers.o)
                0x000000000001db66                rpl_convergence_timer
                0x000000000001db92                rpl_reset_convergence_timer
                0x000000000001de0f                rpl_reset_periodic_timer
                0x000000000001de64                rpl_reset_dio_timer
                0x000000000001e09e                rpl_schedule_dao
                0x000000000001e0b9                rpl_schedule_dao_immediately
                0x000000000001e0d4                rpl_cancel_dao
                0x000000000001e136                rpl_schedule_unicast_dio_immediately
                0x000000000001e324                rpl_schedule_probing
 .text          0x000000000001e37c      0x5c5 obj_cooja/mtype954.a(rpl.o)
                0x000000000001e37c                rpl_get_mode
                0x000000000001e386                rpl_set_mode
                0x000000000001e414                rpl_purge_routes
                0x000000000001e50e                rpl_remove_routes
                0x000000000001e554                rpl_remove_routes_by_nexthop
                0x000000000001e5c0                rpl_add_route
                0x000000000001e63b                rpl_link_neighbor_callback
                0x000000000001e740                rpl_ipv6_neighbor_callback
                0x000000000001e7af                rpl_purge_dags
                0x000000000001e8bb                rpl_init
 .text          0x000000000001e941      0x3f5 obj_cooja/mtype954.a(framer-802154.o)
 .text          0x000000000001ed36       0x5e obj_cooja/mtype954.a(nullmac.o)
 .text          0x000000000001ed94      0xa58 obj_cooja/mtype954.a(cxmac.o)
                0x000000000001f73f                cxmac_set_announcement_radio_txpower
                0x000000000001f744                cxmac_init
 .text          0x000000000001f7ec       0x67 obj_cooja/mtype954.a(linkaddr.o)
                0x000000000001f7ec                linkaddr_copy
                0x000000000001f80e                linkaddr_cmp
                0x000000000001f838                linkaddr_set_node_addr
 .text          0x000000000001f853      0x769 obj_cooja/mtype954.a(nbr-table.o)
                0x000000000001fcb2                nbr_table_register
                0x000000000001fcfa                nbr_table_head
                0x000000000001fd56                nbr_table_next
                0x000000000001fdbd                nbr_table_add_lladdr
                0x000000000001fe99                nbr_table_get_from_lladdr
                0x000000000001fee6                nbr_table_remove
                0x000000000001ff38                nbr_table_lock
                0x000000000001ff62                nbr_table_unlock
                0x000000000001ff8c                nbr_table_get_lladdr
 .text          0x000000000001ffbc       0x2b obj_cooja/mtype954.a(netstack.o)
                0x000000000001ffbc                netstack_init
 .text          0x000000000001ffe7      0x3cd obj_cooja/mtype954.a(packetbuf.o)
                0x000000000001ffe7                packetbuf_clear
                0x0000000000020011                packetbuf_copyfrom
                0x0000000000020063                packetbuf_compact
                0x00000000000200e0                packetbuf_copyto
                0x0000000000020177                packetbuf_hdralloc
                0x00000000000201f4                packetbuf_hdrreduce
                0x000000000002023c                packetbuf_set_datalen
                0x0000000000020255                packetbuf_dataptr
                0x0000000000020272                packetbuf_hdrptr
                0x000000000002027c                packetbuf_datalen
                0x0000000000020288                packetbuf_hdrlen
                0x000000000002029f                packetbuf_totlen
                0x00000000000202b5                packetbuf_attr_clear
                0x0000000000020307                packetbuf_attr_copyto
                0x0000000000020350                packetbuf_attr_copyfrom
                0x0000000000020398                packetbuf_holds_broadcast
 .text          0x00000000000203b4      0x2b4 obj_cooja/mtype954.a(queuebuf.o)
                0x00000000000203be                queuebuf_init
                0x00000000000203de                queuebuf_numfree
                0x00000000000203f2                queuebuf_new_from_packetbuf
                0x0000000000020482                queuebuf_update_attr_from_packetbuf
                0x00000000000204b5                queuebuf_update_from_packetbuf
                0x00000000000204ff                queuebuf_free
                0x0000000000020546                queuebuf_to_packetbuf
                0x00000000000205ac                queuebuf_dataptr
                0x00000000000205e3                queuebuf_datalen
                0x0000000000020606                queuebuf_addr
                0x0000000000020638                queuebuf_attr
                0x0000000000020663                queuebuf_debug_print
 .text          0x0000000000020668       0x6e obj_cooja/mtype954.a(nullsec.o)
 .text          0x00000000000206d6       0x19 obj_cooja/mtype954.a(watchdog.o)
                0x00000000000206d6                watchdog_init
                0x00000000000206db                watchdog_start
                0x00000000000206e0                watchdog_periodic
                0x00000000000206e5                watchdog_stop
                0x00000000000206ea                watchdog_reboot
 .text          0x00000000000206ef        0x0 obj_cooja/mtype954.a(rimestats.o)
 .text          0x00000000000206ef       0xa3 obj_cooja/mtype954.a(stimer.o)
                0x00000000000206ef                stimer_set
                0x000000000002070a                stimer_reset
                0x0000000000020721                stimer_restart
                0x0000000000020733                stimer_expired
                0x000000000002075a                stimer_remaining
                0x000000000002077e                stimer_elapsed
 .text          0x0000000000020792      0x1c1 obj_cooja/mtype954.a(memb.o)
                0x0000000000020792                memb_init
                0x00000000000207f0                memb_alloc
                0x0000000000020855                memb_free
                0x00000000000208d0                memb_inmemb
                0x000000000002090f                memb_numfree
 .text          0x0000000000020953      0x916 obj_cooja/mtype954.a(uip-ds6-route.o)
                0x00000000000209ca                uip_ds6_notification_add
                0x00000000000209fb                uip_ds6_notification_rm
                0x0000000000020a17                uip_ds6_route_init
                0x0000000000020a9f                uip_ds6_route_nexthop
                0x0000000000020ac7                uip_ds6_route_head
                0x0000000000020adc                uip_ds6_route_next
                0x0000000000020b02                uip_ds6_route_is_nexthop
                0x0000000000020b41                uip_ds6_route_num_routes
                0x0000000000020b4b                uip_ds6_route_lookup
                0x0000000000020c0d                uip_ds6_route_add
                0x0000000000020e41                uip_ds6_route_rm
                0x0000000000020fd5                uip_ds6_route_rm_by_nexthop
                0x000000000002100d                uip_ds6_defrt_add
                0x00000000000210be                uip_ds6_defrt_rm
                0x000000000002113d                uip_ds6_defrt_lookup
                0x0000000000021196                uip_ds6_defrt_choose
                0x0000000000021201                uip_ds6_defrt_periodic
 .text          0x0000000000021269      0xab2 obj_cooja/mtype954.a(uip-icmp6.o)
                0x00000000000212d7                uip_icmp6_input
                0x000000000002132d                uip_icmp6_register_input_handler
                0x00000000000215f5                uip_icmp6_error_output
                0x000000000002193a                uip_icmp6_send
                0x0000000000021cae                uip_icmp6_echo_reply_callback_add
                0x0000000000021cdf                uip_icmp6_echo_reply_callback_rm
                0x0000000000021cfb                uip_icmp6_init
 .text          0x0000000000021d1b      0x358 obj_cooja/mtype954.a(uip-nd6.o)
                0x0000000000021d6f                uip_nd6_ns_output
                0x000000000002206e                uip_nd6_init
 .text          0x0000000000022073      0x331 obj_cooja/mtype954.a(rpl-nbr-policy.)
                0x000000000002224b                find_removable_dis
                0x000000000002226e                find_removable_dio
                0x00000000000222fd                find_removable_dao
                0x000000000002234d                rpl_nbr_policy_find_removable
 .text          0x00000000000223a4      0x97c obj_cooja/mtype954.a(frame802154.o)
                0x00000000000223d5                frame802154_get_pan_id
                0x00000000000223e1                frame802154_set_pan_id
                0x00000000000223fa                frame802154_has_panid
                0x00000000000224e6                frame802154_check_dest_panid
                0x000000000002254e                frame802154_is_broadcast_addr
                0x000000000002259b                frame802154_extract_linkaddr
                0x00000000000227db                frame802154_hdrlen
                0x000000000002282c                frame802154_create
                0x0000000000022a17                frame802154_parse
 .text          0x0000000000022d20       0x3c obj_cooja/mtype954.a(mac.o)
                0x0000000000022d20                mac_call_sent_callback
 .text          0x0000000000022d5c        0x0 /usr/lib/gcc/i686-linux-gnu/4.8/crtendS.o
 .text          0x0000000000022d5c        0x0 /usr/lib/gcc/i686-linux-gnu/4.8/../../../i386-linux-gnu/crtn.o
 *(.gnu.warning)

.fini           0x0000000000022d5c       0x14
 *(SORT(.fini))
 .fini          0x0000000000022d5c        0xf /usr/lib/gcc/i686-linux-gnu/4.8/../../../i386-linux-gnu/crti.o
                0x0000000000022d5c                _fini
 .fini          0x0000000000022d6b        0x5 /usr/lib/gcc/i686-linux-gnu/4.8/../../../i386-linux-gnu/crtn.o
                0x0000000000022d70                PROVIDE (__etext, .)
                0x0000000000022d70                PROVIDE (_etext, .)
                0x0000000000022d70                PROVIDE (etext, .)

.rodata         0x0000000000022d80      0x760
 *(.rodata .rodata.* .gnu.linkonce.r.*)
 .rodata        0x0000000000022d80      0x148 udp-server.co
                0x0000000000022d94                autostart_processes
 .rodata        0x0000000000022ec8      0x157 obj_cooja/mtype954.o
 *fill*         0x000000000002301f        0x1 
 .rodata        0x0000000000023020        0x8 obj_cooja/mtype954.a(beep.o)
                0x0000000000023020                beep_interface
 .rodata        0x0000000000023028       0x20 obj_cooja/mtype954.a(button-sensor.o)
                0x0000000000023028                button_interface
                0x0000000000023038                button_sensor
 .rodata        0x0000000000023048        0x8 obj_cooja/mtype954.a(leds-arch.o)
                0x0000000000023048                leds_interface
 .rodata        0x0000000000023050        0x8 obj_cooja/mtype954.a(moteid.o)
                0x0000000000023050                moteid_interface
 .rodata        0x0000000000023058       0x1c obj_cooja/mtype954.a(pir-sensor.o)
                0x0000000000023058                pir_interface
                0x0000000000023064                pir_sensor
 .rodata        0x0000000000023074        0xe obj_cooja/mtype954.a(rs232.o)
                0x0000000000023074                rs232_interface
 *fill*         0x0000000000023082        0x2 
 .rodata        0x0000000000023084       0x24 obj_cooja/mtype954.a(vib-sensor.o)
                0x0000000000023084                vib_interface
                0x0000000000023098                vib_sensor
 .rodata        0x00000000000230a8        0x8 obj_cooja/mtype954.a(clock.o)
                0x00000000000230a8                clock_interface
 .rodata        0x00000000000230b0        0x8 obj_cooja/mtype954.a(log.o)
                0x00000000000230b0                simlog_interface
 .rodata        0x00000000000230b8       0x2f obj_cooja/mtype954.a(cfs-cooja.o)
                0x00000000000230b8                cfs_interface
 *fill*         0x00000000000230e7       0x19 
 .rodata        0x0000000000023100       0x60 obj_cooja/mtype954.a(cooja-radio.o)
                0x0000000000023120                cooja_radio_driver
                0x0000000000023158                radio_interface
 .rodata        0x0000000000023160        0x8 obj_cooja/mtype954.a(eeprom.o)
                0x0000000000023160                eeprom_interface
 .rodata        0x0000000000023168        0x8 obj_cooja/mtype954.a(sensors.o)
 .rodata        0x0000000000023170        0xf obj_cooja/mtype954.a(ctimer.o)
 .rodata        0x000000000002317f        0xc obj_cooja/mtype954.a(etimer.o)
 *fill*         0x000000000002318b        0x1 
 .rodata        0x000000000002318c       0x73 obj_cooja/mtype954.a(log_message.o)
 *fill*         0x00000000000231ff        0x1 
 .rodata        0x0000000000023200       0x20 obj_cooja/mtype954.a(residual.o)
 .rodata        0x0000000000023220        0xe obj_cooja/mtype954.a(serial-line.o)
 *fill*         0x000000000002322e        0x2 
 .rodata        0x0000000000023230       0x2c obj_cooja/mtype954.a(sicslowpan.o)
                0x0000000000023230                unc_llconf
                0x0000000000023234                unc_ctxconf
                0x0000000000023238                unc_mxconf
                0x000000000002323c                llprefix
                0x0000000000023250                sicslowpan_driver
 .rodata        0x000000000002325c      0x13c obj_cooja/mtype954.a(uip6.o)
 .rodata        0x0000000000023398       0x49 obj_cooja/mtype954.a(tcpip.o)
 .rodata        0x00000000000233e1       0x3e obj_cooja/mtype954.a(uip-debug.o)
 *fill*         0x000000000002341f        0x1 
 .rodata        0x0000000000023420        0x4 obj_cooja/mtype954.a(rpl-dag.o)
 .rodata        0x0000000000023424       0x17 obj_cooja/mtype954.a(rpl-timers.o)
 *fill*         0x000000000002343b        0x1 
 .rodata        0x000000000002343c        0xc obj_cooja/mtype954.a(framer-802154.o)
                0x000000000002343c                framer_802154
 .rodata        0x0000000000023448       0x24 obj_cooja/mtype954.a(nullmac.o)
                0x0000000000023450                nullmac_driver
 *fill*         0x000000000002346c       0x14 
 .rodata        0x0000000000023480       0x40 obj_cooja/mtype954.a(cxmac.o)
                0x00000000000234a0                cxmac_driver
 .rodata        0x00000000000234c0        0x8 obj_cooja/mtype954.a(linkaddr.o)
                0x00000000000234c0                linkaddr_null
 .rodata        0x00000000000234c8       0x18 obj_cooja/mtype954.a(nullsec.o)
                0x00000000000234d0                nullsec_driver

.rodata1
 *(.rodata1)

.eh_frame_hdr   0x00000000000234e0     0x12ac
 *(.eh_frame_hdr)
 .eh_frame_hdr  0x00000000000234e0     0x12ac udp-server.co

.eh_frame       0x000000000002478c     0x4bf0
 *(.eh_frame)
 .eh_frame      0x000000000002478c       0x3c /usr/lib/gcc/i686-linux-gnu/4.8/../../../i386-linux-gnu/crti.o
                                         0x40 (size before relaxing)
 .eh_frame      0x00000000000247c8       0x68 udp-server.co
                                         0x80 (size before relaxing)
 .eh_frame      0x0000000000024830      0x148 obj_cooja/mtype954.o
                                        0x160 (size before relaxing)
 .eh_frame      0x0000000000024978       0x40 obj_cooja/mtype954.a(simEnvChange.o)
                                         0x58 (size before relaxing)
 .eh_frame      0x00000000000249b8       0xc0 obj_cooja/mtype954.a(cooja_mt.o)
                                         0xd8 (size before relaxing)
 .eh_frame      0x0000000000024a78      0x120 obj_cooja/mtype954.a(cooja_mtarch.o)
                                        0x138 (size before relaxing)
 .eh_frame      0x0000000000024b98       0xc0 obj_cooja/mtype954.a(rtimer-arch.o)
                                         0xd8 (size before relaxing)
 .eh_frame      0x0000000000024c58      0x160 obj_cooja/mtype954.a(beep.o)
                                        0x178 (size before relaxing)
 .eh_frame      0x0000000000024db8       0xa0 obj_cooja/mtype954.a(button-sensor.o)
                                         0xb8 (size before relaxing)
 .eh_frame      0x0000000000024e58       0xa0 obj_cooja/mtype954.a(leds-arch.o)
                                         0xb8 (size before relaxing)
 .eh_frame      0x0000000000024ef8       0x40 obj_cooja/mtype954.a(moteid.o)
                                         0x58 (size before relaxing)
 .eh_frame      0x0000000000024f38       0xa0 obj_cooja/mtype954.a(pir-sensor.o)
                                         0xb8 (size before relaxing)
 .eh_frame      0x0000000000024fd8      0x100 obj_cooja/mtype954.a(rs232.o)
                                        0x118 (size before relaxing)
 .eh_frame      0x00000000000250d8       0xa0 obj_cooja/mtype954.a(vib-sensor.o)
                                         0xb8 (size before relaxing)
 .eh_frame      0x0000000000025178       0xc0 obj_cooja/mtype954.a(clock.o)
                                         0xd8 (size before relaxing)
 .eh_frame      0x0000000000025238      0x120 obj_cooja/mtype954.a(log.o)
                                        0x138 (size before relaxing)
 .eh_frame      0x0000000000025358      0x160 obj_cooja/mtype954.a(cfs-cooja.o)
                                        0x178 (size before relaxing)
 .eh_frame      0x00000000000254b8      0x2e0 obj_cooja/mtype954.a(cooja-radio.o)
                                        0x2f8 (size before relaxing)
 .eh_frame      0x0000000000025798       0xa0 obj_cooja/mtype954.a(eeprom.o)
                                         0xb8 (size before relaxing)
 .eh_frame      0x0000000000025838       0x40 obj_cooja/mtype954.a(random.o)
                                         0x58 (size before relaxing)
 .eh_frame      0x0000000000025878       0xc0 obj_cooja/mtype954.a(sensors.o)
                                         0xd8 (size before relaxing)
 .eh_frame      0x0000000000025938       0x40 obj_cooja/mtype954.a(autostart.o)
                                         0x58 (size before relaxing)
 .eh_frame      0x0000000000025978      0x100 obj_cooja/mtype954.a(ctimer.o)
                                        0x118 (size before relaxing)
 .eh_frame      0x0000000000025a78      0x1e0 obj_cooja/mtype954.a(etimer.o)
                                        0x1f8 (size before relaxing)
 .eh_frame      0x0000000000025c58       0x40 obj_cooja/mtype954.a(log_message.o)
                                         0x58 (size before relaxing)
 .eh_frame      0x0000000000025c98      0x1c8 obj_cooja/mtype954.a(process.o)
                                        0x1e0 (size before relaxing)
 .eh_frame      0x0000000000025e60       0x2c obj_cooja/mtype954.a(residual.o)
                                         0x44 (size before relaxing)
 .eh_frame      0x0000000000025e8c       0x60 obj_cooja/mtype954.a(rtimer.o)
                                         0x78 (size before relaxing)
 .eh_frame      0x0000000000025eec       0xa4 obj_cooja/mtype954.a(timer.o)
                                         0xbc (size before relaxing)
 .eh_frame      0x0000000000025f90       0x60 obj_cooja/mtype954.a(serial-line.o)
                                         0x78 (size before relaxing)
 .eh_frame      0x0000000000025ff0      0x180 obj_cooja/mtype954.a(list.o)
                                        0x198 (size before relaxing)
 .eh_frame      0x0000000000026170       0xa0 obj_cooja/mtype954.a(ringbuf.o)
                                         0xb8 (size before relaxing)
 .eh_frame      0x0000000000026210      0x350 obj_cooja/mtype954.a(sicslowpan.o)
                                        0x368 (size before relaxing)
 .eh_frame      0x0000000000026560      0x180 obj_cooja/mtype954.a(uip-ds6-nbr.o)
                                        0x198 (size before relaxing)
 .eh_frame      0x00000000000266e0      0x2c8 obj_cooja/mtype954.a(uip-ds6.o)
                                        0x2e0 (size before relaxing)
 .eh_frame      0x00000000000269a8      0x27c obj_cooja/mtype954.a(uip6.o)
                                        0x294 (size before relaxing)
 .eh_frame      0x0000000000026c24      0x270 obj_cooja/mtype954.a(tcpip.o)
                                        0x288 (size before relaxing)
 .eh_frame      0x0000000000026e94       0x48 obj_cooja/mtype954.a(uip-debug.o)
                                         0x60 (size before relaxing)
 .eh_frame      0x0000000000026edc       0xe0 obj_cooja/mtype954.a(uip-packetqueue)
                                         0xf8 (size before relaxing)
 .eh_frame      0x0000000000026fbc      0x76c obj_cooja/mtype954.a(rpl-dag.o)
                                        0x784 (size before relaxing)
 .eh_frame      0x0000000000027728      0x10c obj_cooja/mtype954.a(rpl-ext-header.)
                                        0x124 (size before relaxing)
 .eh_frame      0x0000000000027834      0x2b8 obj_cooja/mtype954.a(rpl-icmp6.o)
                                        0x2d0 (size before relaxing)
 .eh_frame      0x0000000000027aec       0xe0 obj_cooja/mtype954.a(rpl-ltmax.o)
                                         0xf8 (size before relaxing)
 .eh_frame      0x0000000000027bcc      0x26c obj_cooja/mtype954.a(rpl-timers.o)
                                        0x284 (size before relaxing)
 .eh_frame      0x0000000000027e38      0x148 obj_cooja/mtype954.a(rpl.o)
                                        0x160 (size before relaxing)
 .eh_frame      0x0000000000027f80      0x108 obj_cooja/mtype954.a(framer-802154.o)
                                        0x120 (size before relaxing)
 .eh_frame      0x0000000000028088       0xc0 obj_cooja/mtype954.a(nullmac.o)
                                         0xd8 (size before relaxing)
 .eh_frame      0x0000000000028148      0x25c obj_cooja/mtype954.a(cxmac.o)
                                        0x274 (size before relaxing)
 .eh_frame      0x00000000000283a4       0x60 obj_cooja/mtype954.a(linkaddr.o)
                                         0x78 (size before relaxing)
 .eh_frame      0x0000000000028404      0x26c obj_cooja/mtype954.a(nbr-table.o)
                                        0x284 (size before relaxing)
 .eh_frame      0x0000000000028670       0x20 obj_cooja/mtype954.a(netstack.o)
                                         0x38 (size before relaxing)
 .eh_frame      0x0000000000028690      0x214 obj_cooja/mtype954.a(packetbuf.o)
                                        0x22c (size before relaxing)
 .eh_frame      0x00000000000288a4      0x1a0 obj_cooja/mtype954.a(queuebuf.o)
                                        0x1b8 (size before relaxing)
 .eh_frame      0x0000000000028a44       0x80 obj_cooja/mtype954.a(nullsec.o)
                                         0x98 (size before relaxing)
 .eh_frame      0x0000000000028ac4       0xa0 obj_cooja/mtype954.a(watchdog.o)
                                         0xb8 (size before relaxing)
 .eh_frame      0x0000000000028b64       0xc4 obj_cooja/mtype954.a(stimer.o)
                                         0xdc (size before relaxing)
 .eh_frame      0x0000000000028c28       0xa0 obj_cooja/mtype954.a(memb.o)
                                         0xb8 (size before relaxing)
 .eh_frame      0x0000000000028cc8      0x2a0 obj_cooja/mtype954.a(uip-ds6-route.o)
                                        0x2b8 (size before relaxing)
 .eh_frame      0x0000000000028f68      0x164 obj_cooja/mtype954.a(uip-icmp6.o)
                                        0x17c (size before relaxing)
 .eh_frame      0x00000000000290cc       0x68 obj_cooja/mtype954.a(uip-nd6.o)
                                         0x80 (size before relaxing)
 .eh_frame      0x0000000000029134       0xc0 obj_cooja/mtype954.a(rpl-nbr-policy.)
                                         0xd8 (size before relaxing)
 .eh_frame      0x00000000000291f4      0x164 obj_cooja/mtype954.a(frame802154.o)
                                        0x17c (size before relaxing)
 .eh_frame      0x0000000000029358       0x20 obj_cooja/mtype954.a(mac.o)
                                         0x38 (size before relaxing)
 .eh_frame      0x0000000000029378        0x4 /usr/lib/gcc/i686-linux-gnu/4.8/crtendS.o

.gcc_except_table
 *(.gcc_except_table .gcc_except_table.*)

.exception_ranges
 *(.exception_ranges .exception_ranges*)
                0x000000000002937c                . = (ALIGN (0x1000) - ((0x1000 - .) & 0xfff))
                0x000000000002aef8                . = DATA_SEGMENT_ALIGN (0x1000, 0x1000)

.eh_frame
 *(.eh_frame)

.gcc_except_table
 *(.gcc_except_table .gcc_except_table.*)

.exception_ranges
 *(.exception_ranges .exception_ranges*)

.tdata
 *(.tdata .tdata.* .gnu.linkonce.td.*)

.tbss
 *(.tbss .tbss.* .gnu.linkonce.tb.*)
 *(.tcommon)

.preinit_array
 *(.preinit_array)

.init_array     0x000000000002aef8        0x4
 *(SORT(.init_array.*) SORT(.ctors.*))
 *(.init_array EXCLUDE_FILE(*crtend?.o *crtend.o *crtbegin?.o *crtbegin.o) .ctors)
 .init_array    0x000000000002aef8        0x4 /usr/lib/gcc/i686-linux-gnu/4.8/crtbeginS.o

.fini_array     0x000000000002aefc        0x4
 *(SORT(.fini_array.*) SORT(.dtors.*))
 *(.fini_array EXCLUDE_FILE(*crtend?.o *crtend.o *crtbegin?.o *crtbegin.o) .dtors)
 .fini_array    0x000000000002aefc        0x4 /usr/lib/gcc/i686-linux-gnu/4.8/crtbeginS.o

.ctors
 *crtbegin.o(.ctors)
 *crtbegin?.o(.ctors)
 *(EXCLUDE_FILE(*crtend?.o *crtend.o) .ctors)
 *(SORT(.ctors.*))
 *(.ctors)

.dtors
 *crtbegin.o(.dtors)
 *crtbegin?.o(.dtors)
 *(EXCLUDE_FILE(*crtend?.o *crtend.o) .dtors)
 *(SORT(.dtors.*))
 *(.dtors)

.jcr            0x000000000002af00        0x4
 *(.jcr)
 .jcr           0x000000000002af00        0x0 /usr/lib/gcc/i686-linux-gnu/4.8/crtbeginS.o
 .jcr           0x000000000002af00        0x4 /usr/lib/gcc/i686-linux-gnu/4.8/crtendS.o

.data.rel.ro
 *(.data.rel.ro.local* .gnu.linkonce.d.rel.ro.local.*)
 *(.data.rel.ro .data.rel.ro.* .gnu.linkonce.d.rel.ro.*)

.dynamic        0x000000000002af04       0xe8
 *(.dynamic)
 .dynamic       0x000000000002af04       0xe8 /usr/lib/gcc/i686-linux-gnu/4.8/../../../i386-linux-gnu/crti.o
                0x000000000002af04                _DYNAMIC

.got            0x000000000002afec       0x14
 *(.got)
 .got           0x000000000002afec       0x14 /usr/lib/gcc/i686-linux-gnu/4.8/../../../i386-linux-gnu/crti.o
 *(.igot)
                0x000000000002bff4                . = DATA_SEGMENT_RELRO_END (., (SIZEOF (.got.plt) >= 0xc)?0xc:0x0)

.got.plt        0x000000000002b000       0x14
 *(.got.plt)
 .got.plt       0x000000000002b000       0x14 /usr/lib/gcc/i686-linux-gnu/4.8/../../../i386-linux-gnu/crti.o
                0x000000000002b000                _GLOBAL_OFFSET_TABLE_
 *(.igot.plt)

.data           0x000000000002b020      0x242
 *(.data .data.* .gnu.linkonce.d.*)
 .data          0x000000000002b020        0x0 /usr/lib/gcc/i686-linux-gnu/4.8/../../../i386-linux-gnu/crti.o
 .data          0x000000000002b020        0x0 /usr/lib/gcc/i686-linux-gnu/4.8/crtbeginS.o
 .data.rel      0x000000000002b020        0x4 /usr/lib/gcc/i686-linux-gnu/4.8/crtbeginS.o
                0x000000000002b020                __dso_handle
 .data          0x000000000002b024       0x10 udp-server.co
                0x000000000002b024                udp_server_process
 *fill*         0x000000000002b034        0xc 
 .data          0x000000000002b040       0x44 obj_cooja/mtype954.o
                0x000000000002b040                simInterfaces
                0x000000000002b074                sensors
 .data          0x000000000002b084        0x0 obj_cooja/mtype954.a(simEnvChange.o)
 .data          0x000000000002b084        0x0 obj_cooja/mtype954.a(cooja_mt.o)
 .data          0x000000000002b084        0x0 obj_cooja/mtype954.a(cooja_mtarch.o)
 .data          0x000000000002b084        0x0 obj_cooja/mtype954.a(rtimer-arch.o)
 .data          0x000000000002b084        0x0 obj_cooja/mtype954.a(beep.o)
 .data          0x000000000002b084        0x0 obj_cooja/mtype954.a(button-sensor.o)
 .data          0x000000000002b084        0x0 obj_cooja/mtype954.a(leds-arch.o)
 .data          0x000000000002b084        0x0 obj_cooja/mtype954.a(moteid.o)
 .data          0x000000000002b084        0x0 obj_cooja/mtype954.a(pir-sensor.o)
 .data          0x000000000002b084        0x0 obj_cooja/mtype954.a(rs232.o)
 .data          0x000000000002b084        0x0 obj_cooja/mtype954.a(vib-sensor.o)
 .data          0x000000000002b084        0x0 obj_cooja/mtype954.a(clock.o)
 .data          0x000000000002b084        0x0 obj_cooja/mtype954.a(log.o)
 .data          0x000000000002b084        0x0 obj_cooja/mtype954.a(cfs-cooja.o)
 .data          0x000000000002b084       0x40 obj_cooja/mtype954.a(cooja-radio.o)
                0x000000000002b084                simRadioChannelLR
                0x000000000002b088                simRadioHWOnLR
                0x000000000002b08c                simSignalStrengthLR
                0x000000000002b090                simLastSignalStrengthLR
                0x000000000002b094                simPowerLR
                0x000000000002b098                simLQILR
                0x000000000002b09c                simRadioChannel
                0x000000000002b0a0                simRadioHWOn
                0x000000000002b0a4                simSignalStrength
                0x000000000002b0a8                simLastSignalStrength
                0x000000000002b0ac                simPower
                0x000000000002b0b0                simLQI
                0x000000000002b0b4                cooja_radio_process
 .data          0x000000000002b0c4        0x0 obj_cooja/mtype954.a(eeprom.o)
 .data          0x000000000002b0c4        0x0 obj_cooja/mtype954.a(random.o)
 .data          0x000000000002b0c4       0x10 obj_cooja/mtype954.a(sensors.o)
                0x000000000002b0c4                sensors_process
 .data          0x000000000002b0d4        0x0 obj_cooja/mtype954.a(autostart.o)
 .data          0x000000000002b0d4       0x14 obj_cooja/mtype954.a(ctimer.o)
                0x000000000002b0d8                ctimer_process
 .data          0x000000000002b0e8       0x10 obj_cooja/mtype954.a(etimer.o)
                0x000000000002b0e8                etimer_process
 .data          0x000000000002b0f8        0x0 obj_cooja/mtype954.a(log_message.o)
 .data          0x000000000002b0f8        0x0 obj_cooja/mtype954.a(process.o)
 .data          0x000000000002b0f8        0x0 obj_cooja/mtype954.a(residual.o)
 .data          0x000000000002b0f8        0x0 obj_cooja/mtype954.a(rtimer.o)
 .data          0x000000000002b0f8        0x0 obj_cooja/mtype954.a(timer.o)
 .data          0x000000000002b0f8       0x10 obj_cooja/mtype954.a(serial-line.o)
                0x000000000002b0f8                serial_line_process
 .data          0x000000000002b108        0x0 obj_cooja/mtype954.a(list.o)
 .data          0x000000000002b108        0x0 obj_cooja/mtype954.a(ringbuf.o)
 .data          0x000000000002b108        0x0 obj_cooja/mtype954.a(sicslowpan.o)
 .data          0x000000000002b108       0x14 obj_cooja/mtype954.a(uip-ds6-nbr.o)
                0x000000000002b118                ds6_neighbors
 .data          0x000000000002b11c        0x0 obj_cooja/mtype954.a(uip-ds6.o)
 .data          0x000000000002b11c        0x0 obj_cooja/mtype954.a(uip6.o)
 .data          0x000000000002b11c       0x10 obj_cooja/mtype954.a(tcpip.o)
                0x000000000002b11c                tcpip_process
 .data          0x000000000002b12c        0x0 obj_cooja/mtype954.a(uip-debug.o)
 .data          0x000000000002b12c        0xc obj_cooja/mtype954.a(uip-packetqueue)
 .data          0x000000000002b138       0x28 obj_cooja/mtype954.a(rpl-dag.o)
                0x000000000002b148                rpl_parents
                0x000000000002b15c                rpl_children
 .data          0x000000000002b160        0x0 obj_cooja/mtype954.a(rpl-ext-header.)
 .data          0x000000000002b160       0x34 obj_cooja/mtype954.a(rpl-icmp6.o)
 .data          0x000000000002b194       0x1c obj_cooja/mtype954.a(rpl-ltmax.o)
                0x000000000002b194                rpl_ltmax_of
 .data          0x000000000002b1b0        0x0 obj_cooja/mtype954.a(rpl-timers.o)
 .data          0x000000000002b1b0        0x0 obj_cooja/mtype954.a(rpl.o)
 .data          0x000000000002b1b0        0x0 obj_cooja/mtype954.a(framer-802154.o)
 .data          0x000000000002b1b0        0x0 obj_cooja/mtype954.a(nullmac.o)
 .data          0x000000000002b1b0       0x20 obj_cooja/mtype954.a(cxmac.o)
                0x000000000002b1b0                cxmac_config
 .data          0x000000000002b1d0        0x0 obj_cooja/mtype954.a(linkaddr.o)
 .data          0x000000000002b1d0       0x10 obj_cooja/mtype954.a(nbr-table.o)
 .data          0x000000000002b1e0        0x0 obj_cooja/mtype954.a(netstack.o)
 .data          0x000000000002b1e0        0x4 obj_cooja/mtype954.a(packetbuf.o)
 .data          0x000000000002b1e4       0x18 obj_cooja/mtype954.a(queuebuf.o)
 .data          0x000000000002b1fc        0x0 obj_cooja/mtype954.a(nullsec.o)
 .data          0x000000000002b1fc        0x0 obj_cooja/mtype954.a(watchdog.o)
 .data          0x000000000002b1fc        0x0 obj_cooja/mtype954.a(rimestats.o)
 .data          0x000000000002b1fc        0x0 obj_cooja/mtype954.a(stimer.o)
 .data          0x000000000002b1fc        0x0 obj_cooja/mtype954.a(memb.o)
 .data          0x000000000002b1fc       0x44 obj_cooja/mtype954.a(uip-ds6-route.o)
                0x000000000002b20c                nbr_routes
 .data          0x000000000002b240       0x20 obj_cooja/mtype954.a(uip-icmp6.o)
 .data          0x000000000002b260        0x0 obj_cooja/mtype954.a(uip-nd6.o)
 .data          0x000000000002b260        0x0 obj_cooja/mtype954.a(rpl-nbr-policy.)
 .data          0x000000000002b260        0x2 obj_cooja/mtype954.a(frame802154.o)
 .data          0x000000000002b262        0x0 obj_cooja/mtype954.a(mac.o)
 .data          0x000000000002b262        0x0 /usr/lib/gcc/i686-linux-gnu/4.8/crtendS.o
 .data          0x000000000002b262        0x0 /usr/lib/gcc/i686-linux-gnu/4.8/../../../i386-linux-gnu/crtn.o

.tm_clone_table
                0x000000000002b264        0x0
 .tm_clone_table
                0x000000000002b264        0x0 /usr/lib/gcc/i686-linux-gnu/4.8/crtbeginS.o
 .tm_clone_table
                0x000000000002b264        0x0 /usr/lib/gcc/i686-linux-gnu/4.8/crtendS.o

.data1
 *(.data1)
                0x000000000002b264                _edata = .
                0x000000000002b264                PROVIDE (edata, .)
                0x000000000002b264                . = .
                0x000000000002b264                __bss_start = .

.bss            0x000000000002b280     0x80e8
 *(.dynbss)
 .dynbss        0x0000000000000000        0x0 /usr/lib/gcc/i686-linux-gnu/4.8/../../../i386-linux-gnu/crti.o
 *(.bss .bss.* .gnu.linkonce.b.*)
 .bss           0x000000000002b280        0x0 /usr/lib/gcc/i686-linux-gnu/4.8/../../../i386-linux-gnu/crti.o
 .bss           0x000000000002b280        0x1 /usr/lib/gcc/i686-linux-gnu/4.8/crtbeginS.o
 *fill*         0x000000000002b281        0x3 
 .bss           0x000000000002b284        0x8 udp-server.co
                0x000000000002b284                my_weight
 *fill*         0x000000000002b28c       0x14 
 .bss           0x000000000002b2a0     0x2030 obj_cooja/mtype954.o
 .bss           0x000000000002d2d0        0x1 obj_cooja/mtype954.a(simEnvChange.o)
                0x000000000002d2d0                simDontFallAsleep
 *fill*         0x000000000002d2d1        0x3 
 .bss           0x000000000002d2d4        0x4 obj_cooja/mtype954.a(cooja_mt.o)
 .bss           0x000000000002d2d8        0x4 obj_cooja/mtype954.a(cooja_mtarch.o)
 .bss           0x000000000002d2dc        0xc obj_cooja/mtype954.a(rtimer-arch.o)
 .bss           0x000000000002d2e8        0x0 obj_cooja/mtype954.a(beep.o)
 .bss           0x000000000002d2e8        0x8 obj_cooja/mtype954.a(button-sensor.o)
 .bss           0x000000000002d2f0        0x0 obj_cooja/mtype954.a(leds-arch.o)
 .bss           0x000000000002d2f0        0x0 obj_cooja/mtype954.a(moteid.o)
 .bss           0x000000000002d2f0        0x1 obj_cooja/mtype954.a(pir-sensor.o)
                0x000000000002d2f0                simPirValue
 *fill*         0x000000000002d2f1        0x3 
 .bss           0x000000000002d2f4        0x4 obj_cooja/mtype954.a(rs232.o)
 .bss           0x000000000002d2f8        0x1 obj_cooja/mtype954.a(vib-sensor.o)
                0x000000000002d2f8                simVibValue
 .bss           0x000000000002d2f9        0x0 obj_cooja/mtype954.a(clock.o)
 *fill*         0x000000000002d2f9        0x7 
 .bss           0x000000000002d300      0x420 obj_cooja/mtype954.a(log.o)
 .bss           0x000000000002d720      0xfc0 obj_cooja/mtype954.a(cfs-cooja.o)
                0x000000000002d720                simCFSData
                0x000000000002e6c0                simCFSSize
                0x000000000002e6c4                simCFSChanged
                0x000000000002e6c8                simCFSRead
                0x000000000002e6cc                simCFSWritten
 .bss           0x000000000002e6e0       0x24 obj_cooja/mtype954.a(cooja-radio.o)
                0x000000000002e6e0                simReceivingLR
                0x000000000002e6e4                simInSizeLR
                0x000000000002e6e8                simOutSizeLR
                0x000000000002e6ec                simReceiving
                0x000000000002e6f0                simInSize
                0x000000000002e6f4                simOutSize
                0x000000000002e6f8                LongRangeTransmit
                0x000000000002e6fc                LongRangeReceiving
 .bss           0x000000000002e704        0xc obj_cooja/mtype954.a(eeprom.o)
                0x000000000002e704                simEEPROMChanged
                0x000000000002e708                simEEPROMRead
                0x000000000002e70c                simEEPROMWritten
 .bss           0x000000000002e710        0x0 obj_cooja/mtype954.a(random.o)
 .bss           0x000000000002e710        0xc obj_cooja/mtype954.a(sensors.o)
 .bss           0x000000000002e71c        0x0 obj_cooja/mtype954.a(autostart.o)
 .bss           0x000000000002e71c        0x5 obj_cooja/mtype954.a(ctimer.o)
 *fill*         0x000000000002e721        0x3 
 .bss           0x000000000002e724        0x8 obj_cooja/mtype954.a(etimer.o)
 .bss           0x000000000002e72c        0x0 obj_cooja/mtype954.a(log_message.o)
 *fill*         0x000000000002e72c       0x14 
 .bss           0x000000000002e740      0x1b1 obj_cooja/mtype954.a(process.o)
                0x000000000002e740                process_list
                0x000000000002e744                process_current
 .bss           0x000000000002e8f1        0x0 obj_cooja/mtype954.a(residual.o)
 *fill*         0x000000000002e8f1        0x3 
 .bss           0x000000000002e8f4        0x4 obj_cooja/mtype954.a(rtimer.o)
 .bss           0x000000000002e8f8        0x0 obj_cooja/mtype954.a(timer.o)
 *fill*         0x000000000002e8f8        0x8 
 .bss           0x000000000002e900      0x140 obj_cooja/mtype954.a(serial-line.o)
 .bss           0x000000000002ea40        0x0 obj_cooja/mtype954.a(list.o)
 .bss           0x000000000002ea40        0x0 obj_cooja/mtype954.a(ringbuf.o)
 .bss           0x000000000002ea40      0x70c obj_cooja/mtype954.a(sicslowpan.o)
 *fill*         0x000000000002f14c       0x14 
 .bss           0x000000000002f160       0xc0 obj_cooja/mtype954.a(uip-ds6-nbr.o)
 .bss           0x000000000002f220       0x20 obj_cooja/mtype954.a(uip-ds6.o)
 .bss           0x000000000002f240        0xe obj_cooja/mtype954.a(uip6.o)
                0x000000000002f240                uip_ext_bitmap
                0x000000000002f241                uip_ext_len
                0x000000000002f242                uip_ext_opt_offset
 *fill*         0x000000000002f24e       0x12 
 .bss           0x000000000002f260       0x6b obj_cooja/mtype954.a(tcpip.o)
 .bss           0x000000000002f2cb        0x0 obj_cooja/mtype954.a(uip-debug.o)
 *fill*         0x000000000002f2cb       0x15 
 .bss           0x000000000002f2e0      0xcf8 obj_cooja/mtype954.a(uip-packetqueue)
 *fill*         0x000000000002ffd8        0x8 
 .bss           0x000000000002ffe0       0x88 obj_cooja/mtype954.a(rpl-dag.o)
 .bss           0x0000000000030068        0x0 obj_cooja/mtype954.a(rpl-ext-header.)
 .bss           0x0000000000030068        0x0 obj_cooja/mtype954.a(rpl-icmp6.o)
 .bss           0x0000000000030068        0x0 obj_cooja/mtype954.a(rpl-ltmax.o)
 *fill*         0x0000000000030068       0x18 
 .bss           0x0000000000030080       0x60 obj_cooja/mtype954.a(rpl-timers.o)
 .bss           0x00000000000300e0        0x4 obj_cooja/mtype954.a(rpl.o)
 .bss           0x00000000000300e4        0x2 obj_cooja/mtype954.a(framer-802154.o)
 .bss           0x00000000000300e6        0x0 obj_cooja/mtype954.a(nullmac.o)
 *fill*         0x00000000000300e6       0x1a 
 .bss           0x0000000000030100       0xa0 obj_cooja/mtype954.a(cxmac.o)
 .bss           0x00000000000301a0        0x0 obj_cooja/mtype954.a(linkaddr.o)
 .bss           0x00000000000301a0       0xc4 obj_cooja/mtype954.a(nbr-table.o)
 .bss           0x0000000000030264        0x0 obj_cooja/mtype954.a(netstack.o)
 *fill*         0x0000000000030264       0x1c 
 .bss           0x0000000000030280       0xa0 obj_cooja/mtype954.a(packetbuf.o)
 .bss           0x0000000000030320      0xb80 obj_cooja/mtype954.a(queuebuf.o)
 .bss           0x0000000000030ea0        0x0 obj_cooja/mtype954.a(nullsec.o)
 .bss           0x0000000000030ea0        0x0 obj_cooja/mtype954.a(watchdog.o)
 .bss           0x0000000000030ea0        0x0 obj_cooja/mtype954.a(rimestats.o)
 .bss           0x0000000000030ea0        0x0 obj_cooja/mtype954.a(stimer.o)
 .bss           0x0000000000030ea0        0x0 obj_cooja/mtype954.a(memb.o)
 .bss           0x0000000000030ea0      0x4a8 obj_cooja/mtype954.a(uip-ds6-route.o)
 .bss           0x0000000000031348       0x18 obj_cooja/mtype954.a(uip-icmp6.o)
 .bss           0x0000000000031360        0x0 obj_cooja/mtype954.a(uip-nd6.o)
 .bss           0x0000000000031360       0x44 obj_cooja/mtype954.a(rpl-nbr-policy.)
 .bss           0x00000000000313a4        0x0 obj_cooja/mtype954.a(frame802154.o)
 .bss           0x00000000000313a4        0x0 obj_cooja/mtype954.a(mac.o)
 .bss           0x00000000000313a4        0x0 /usr/lib/gcc/i686-linux-gnu/4.8/crtendS.o
 .bss           0x00000000000313a4        0x0 /usr/lib/gcc/i686-linux-gnu/4.8/../../../i386-linux-gnu/crtn.o
 *(COMMON)
 COMMON         0x00000000000313a4        0x4 udp-server.co
                0x00000000000313a4                my_sink_reachability
                0x00000000000313a5                long_duty_on
                0x00000000000313a6                my_parent_number
                0x00000000000313a7                short_duty_on
 COMMON         0x00000000000313a8       0x4c obj_cooja/mtype954.o
                0x00000000000313a8                dio_count
                0x00000000000313ac                dis_count
                0x00000000000313b0                collision_count
                0x00000000000313b4                transmission_count
                0x00000000000313b8                COOJA_radioRxLong
                0x00000000000313bc                control_message_count
                0x00000000000313c0                dao_count
                0x00000000000313c4                COOJA_radioTx
                0x00000000000313c8                referenceVar
                0x00000000000313cc                data_relay_count
                0x00000000000313d0                data_message_count
                0x00000000000313d4                COOJA_radioTxLong
                0x00000000000313d8                COOJA_radioRx
                0x00000000000313dc                debugfp
                0x00000000000313e0                COOJA_radioOn
                0x00000000000313e4                COOJA_duration
                0x00000000000313e8                dio_ack_count
                0x00000000000313ec                COOJA_radioOnLong
                0x00000000000313f0                sensors_flags
 COMMON         0x00000000000313f4        0xc obj_cooja/mtype954.a(simEnvChange.o)
                0x00000000000313f4                simEtimerPending
                0x00000000000313f8                simProcessRunValue
                0x00000000000313fc                simNextExpirationTime
 COMMON         0x0000000000031400        0x1 obj_cooja/mtype954.a(beep.o)
                0x0000000000031400                simBeeped
 COMMON         0x0000000000031401        0x3 obj_cooja/mtype954.a(button-sensor.o)
                0x0000000000031401                simButtonIsActive
                0x0000000000031402                simButtonIsDown
                0x0000000000031403                simButtonChanged
 COMMON         0x0000000000031404        0x1 obj_cooja/mtype954.a(leds-arch.o)
                0x0000000000031404                simLedsValue
 *fill*         0x0000000000031405        0x3 
 COMMON         0x0000000000031408        0xc obj_cooja/mtype954.a(moteid.o)
                0x0000000000031408                simRandomSeed
                0x000000000003140c                simMoteIDChanged
                0x0000000000031410                simMoteID
 COMMON         0x0000000000031414        0x2 obj_cooja/mtype954.a(pir-sensor.o)
                0x0000000000031414                simPirIsActive
                0x0000000000031415                simPirChanged
 *fill*         0x0000000000031416        0xa 
 COMMON         0x0000000000031420      0x820 obj_cooja/mtype954.a(rs232.o)
                0x0000000000031420                simSerialReceivingFlag
                0x0000000000031424                simSerialReceivingLength
                0x0000000000031440                simSerialReceivingData
 COMMON         0x0000000000031c40        0x2 obj_cooja/mtype954.a(vib-sensor.o)
                0x0000000000031c40                simVibChanged
                0x0000000000031c41                simVibIsActive
 *fill*         0x0000000000031c42        0x2 
 COMMON         0x0000000000031c44        0x4 obj_cooja/mtype954.a(clock.o)
                0x0000000000031c44                simCurrentTime
 *fill*         0x0000000000031c48       0x18 
 COMMON         0x0000000000031c60      0x420 obj_cooja/mtype954.a(log.o)
                0x0000000000031c60                simLoggedLength
                0x0000000000031c64                simLoggedFlag
                0x0000000000031c80                simLoggedData
 COMMON         0x0000000000032080      0x200 obj_cooja/mtype954.a(cooja-radio.o)
                0x0000000000032080                simOutDataBuffer
                0x0000000000032100                simInDataBufferLR
                0x0000000000032180                simOutDataBufferLR
                0x0000000000032200                simInDataBuffer
 COMMON         0x0000000000032280      0x400 obj_cooja/mtype954.a(eeprom.o)
                0x0000000000032280                simEEPROMData
 COMMON         0x0000000000032680        0x1 obj_cooja/mtype954.a(sensors.o)
                0x0000000000032680                sensors_event
 *fill*         0x0000000000032681        0x3 
 COMMON         0x0000000000032684        0x4 obj_cooja/mtype954.a(log_message.o)
                0x0000000000032684                log_fp
 COMMON         0x0000000000032688        0x1 obj_cooja/mtype954.a(serial-line.o)
                0x0000000000032688                serial_line_event_message
 *fill*         0x0000000000032689       0x17 
 COMMON         0x00000000000326a0      0x181 obj_cooja/mtype954.a(uip-ds6.o)
                0x00000000000326a0                uip_ds6_prefix_list
                0x0000000000032700                uip_ds6_timer_periodic
                0x0000000000032710                uip_ds6_netif_addr_list_offset
                0x0000000000032720                uip_ds6_if
                0x0000000000032818                uip_ds6_timer_ra
                0x0000000000032820                uip_ds6_addr_size
 *fill*         0x0000000000032821       0x1f 
 COMMON         0x0000000000032840      0x8ec obj_cooja/mtype954.a(uip6.o)
                0x0000000000032840                uip_slen
                0x0000000000032842                uip_acc32
                0x0000000000032860                uip_conns
                0x0000000000032920                uip_lladdr
                0x0000000000032928                uip_appdata
                0x000000000003292c                uip_flags
                0x0000000000032940                uip_aligned_buf
                0x0000000000032f80                uip_listenports
                0x0000000000032f90                uip_len
                0x0000000000032f94                uip_sappdata
                0x0000000000032fa0                uip_udp_conns
                0x0000000000033120                uip_udp_conn
                0x0000000000033124                uip_next_hdr
                0x0000000000033128                uip_conn
 COMMON         0x000000000003312c        0x1 obj_cooja/mtype954.a(tcpip.o)
                0x000000000003312c                tcpip_event
 *fill*         0x000000000003312d       0x13 
 COMMON         0x0000000000033140      0x198 obj_cooja/mtype954.a(rpl-dag.o)
                0x0000000000033140                default_instance
                0x0000000000033160                instance_table
 COMMON         0x00000000000332d8        0x8 obj_cooja/mtype954.a(linkaddr.o)
                0x00000000000332d8                linkaddr_node_addr
 COMMON         0x00000000000332e0       0x2e obj_cooja/mtype954.a(packetbuf.o)
                0x00000000000332e0                packetbuf_attrs
                0x00000000000332fe                packetbuf_addrs
 *fill*         0x000000000003330e       0x12 
 COMMON         0x0000000000033320       0x48 obj_cooja/mtype954.a(rimestats.o)
                0x0000000000033320                rimestats
                0x0000000000033368                . = ALIGN ((. != 0x0)?0x4:0x1)
                0x0000000000033368                . = ALIGN (0x4)
                0x0000000000033368                . = SEGMENT_START ("ldata-segment", .)
                0x0000000000033368                . = ALIGN (0x4)
                0x0000000000033368                _end = .
                0x0000000000033368                PROVIDE (end, .)
                0x0000000000033368                . = DATA_SEGMENT_END (.)

.stab
 *(.stab)

.stabstr
 *(.stabstr)

.stab.excl
 *(.stab.excl)

.stab.exclstr
 *(.stab.exclstr)

.stab.index
 *(.stab.index)

.stab.indexstr
 *(.stab.indexstr)

.comment        0x0000000000000000       0x29
 *(.comment)
 .comment       0x0000000000000000       0x29 /usr/lib/gcc/i686-linux-gnu/4.8/crtbeginS.o
                                         0x2a (size before relaxing)
 .comment       0x0000000000000000       0x2a udp-server.co
 .comment       0x0000000000000000       0x2a obj_cooja/mtype954.o
 .comment       0x0000000000000000       0x2a obj_cooja/mtype954.a(simEnvChange.o)
 .comment       0x0000000000000000       0x2a obj_cooja/mtype954.a(cooja_mt.o)
 .comment       0x0000000000000000       0x2a obj_cooja/mtype954.a(cooja_mtarch.o)
 .comment       0x0000000000000000       0x2a obj_cooja/mtype954.a(rtimer-arch.o)
 .comment       0x0000000000000000       0x2a obj_cooja/mtype954.a(beep.o)
 .comment       0x0000000000000000       0x2a obj_cooja/mtype954.a(button-sensor.o)
 .comment       0x0000000000000000       0x2a obj_cooja/mtype954.a(leds-arch.o)
 .comment       0x0000000000000000       0x2a obj_cooja/mtype954.a(moteid.o)
 .comment       0x0000000000000000       0x2a obj_cooja/mtype954.a(pir-sensor.o)
 .comment       0x0000000000000000       0x2a obj_cooja/mtype954.a(rs232.o)
 .comment       0x0000000000000000       0x2a obj_cooja/mtype954.a(vib-sensor.o)
 .comment       0x0000000000000000       0x2a obj_cooja/mtype954.a(clock.o)
 .comment       0x0000000000000000       0x2a obj_cooja/mtype954.a(log.o)
 .comment       0x0000000000000000       0x2a obj_cooja/mtype954.a(cfs-cooja.o)
 .comment       0x0000000000000000       0x2a obj_cooja/mtype954.a(cooja-radio.o)
 .comment       0x0000000000000000       0x2a obj_cooja/mtype954.a(eeprom.o)
 .comment       0x0000000000000000       0x2a obj_cooja/mtype954.a(random.o)
 .comment       0x0000000000000000       0x2a obj_cooja/mtype954.a(sensors.o)
 .comment       0x0000000000000000       0x2a obj_cooja/mtype954.a(autostart.o)
 .comment       0x0000000000000000       0x2a obj_cooja/mtype954.a(ctimer.o)
 .comment       0x0000000000000000       0x2a obj_cooja/mtype954.a(etimer.o)
 .comment       0x0000000000000000       0x2a obj_cooja/mtype954.a(log_message.o)
 .comment       0x0000000000000000       0x2a obj_cooja/mtype954.a(process.o)
 .comment       0x0000000000000000       0x2a obj_cooja/mtype954.a(residual.o)
 .comment       0x0000000000000000       0x2a obj_cooja/mtype954.a(rtimer.o)
 .comment       0x0000000000000000       0x2a obj_cooja/mtype954.a(timer.o)
 .comment       0x0000000000000000       0x2a obj_cooja/mtype954.a(serial-line.o)
 .comment       0x0000000000000000       0x2a obj_cooja/mtype954.a(list.o)
 .comment       0x0000000000000000       0x2a obj_cooja/mtype954.a(ringbuf.o)
 .comment       0x0000000000000000       0x2a obj_cooja/mtype954.a(sicslowpan.o)
 .comment       0x0000000000000000       0x2a obj_cooja/mtype954.a(uip-ds6-nbr.o)
 .comment       0x0000000000000000       0x2a obj_cooja/mtype954.a(uip-ds6.o)
 .comment       0x0000000000000000       0x2a obj_cooja/mtype954.a(uip6.o)
 .comment       0x0000000000000000       0x2a obj_cooja/mtype954.a(tcpip.o)
 .comment       0x0000000000000000       0x2a obj_cooja/mtype954.a(uip-debug.o)
 .comment       0x0000000000000000       0x2a obj_cooja/mtype954.a(uip-packetqueue)
 .comment       0x0000000000000000       0x2a obj_cooja/mtype954.a(rpl-dag.o)
 .comment       0x0000000000000000       0x2a obj_cooja/mtype954.a(rpl-ext-header.)
 .comment       0x0000000000000000       0x2a obj_cooja/mtype954.a(rpl-icmp6.o)
 .comment       0x0000000000000000       0x2a obj_cooja/mtype954.a(rpl-ltmax.o)
 .comment       0x0000000000000000       0x2a obj_cooja/mtype954.a(rpl-timers.o)
 .comment       0x0000000000000000       0x2a obj_cooja/mtype954.a(rpl.o)
 .comment       0x0000000000000000       0x2a obj_cooja/mtype954.a(framer-802154.o)
 .comment       0x0000000000000000       0x2a obj_cooja/mtype954.a(nullmac.o)
 .comment       0x0000000000000000       0x2a obj_cooja/mtype954.a(cxmac.o)
 .comment       0x0000000000000000       0x2a obj_cooja/mtype954.a(linkaddr.o)
 .comment       0x0000000000000000       0x2a obj_cooja/mtype954.a(nbr-table.o)
 .comment       0x0000000000000000       0x2a obj_cooja/mtype954.a(netstack.o)
 .comment       0x0000000000000000       0x2a obj_cooja/mtype954.a(packetbuf.o)
 .comment       0x0000000000000000       0x2a obj_cooja/mtype954.a(queuebuf.o)
 .comment       0x0000000000000000       0x2a obj_cooja/mtype954.a(nullsec.o)
 .comment       0x0000000000000000       0x2a obj_cooja/mtype954.a(watchdog.o)
 .comment       0x0000000000000000       0x2a obj_cooja/mtype954.a(rimestats.o)
 .comment       0x0000000000000000       0x2a obj_cooja/mtype954.a(stimer.o)
 .comment       0x0000000000000000       0x2a obj_cooja/mtype954.a(memb.o)
 .comment       0x0000000000000000       0x2a obj_cooja/mtype954.a(uip-ds6-route.o)
 .comment       0x0000000000000000       0x2a obj_cooja/mtype954.a(uip-icmp6.o)
 .comment       0x0000000000000000       0x2a obj_cooja/mtype954.a(uip-nd6.o)
 .comment       0x0000000000000000       0x2a obj_cooja/mtype954.a(rpl-nbr-policy.)
 .comment       0x0000000000000000       0x2a obj_cooja/mtype954.a(frame802154.o)
 .comment       0x0000000000000000       0x2a obj_cooja/mtype954.a(mac.o)
 .comment       0x0000000000000000       0x2a /usr/lib/gcc/i686-linux-gnu/4.8/crtendS.o

.debug
 *(.debug)

.line
 *(.line)

.debug_srcinfo
 *(.debug_srcinfo)

.debug_sfnames
 *(.debug_sfnames)

.debug_aranges  0x0000000000000000      0x7d8
 *(.debug_aranges)
 .debug_aranges
                0x0000000000000000       0x20 udp-server.co
 .debug_aranges
                0x0000000000000020       0x20 obj_cooja/mtype954.o
 .debug_aranges
                0x0000000000000040       0x20 obj_cooja/mtype954.a(simEnvChange.o)
 .debug_aranges
                0x0000000000000060       0x20 obj_cooja/mtype954.a(cooja_mt.o)
 .debug_aranges
                0x0000000000000080       0x20 obj_cooja/mtype954.a(cooja_mtarch.o)
 .debug_aranges
                0x00000000000000a0       0x20 obj_cooja/mtype954.a(rtimer-arch.o)
 .debug_aranges
                0x00000000000000c0       0x20 obj_cooja/mtype954.a(beep.o)
 .debug_aranges
                0x00000000000000e0       0x20 obj_cooja/mtype954.a(button-sensor.o)
 .debug_aranges
                0x0000000000000100       0x20 obj_cooja/mtype954.a(leds-arch.o)
 .debug_aranges
                0x0000000000000120       0x20 obj_cooja/mtype954.a(moteid.o)
 .debug_aranges
                0x0000000000000140       0x20 obj_cooja/mtype954.a(pir-sensor.o)
 .debug_aranges
                0x0000000000000160       0x20 obj_cooja/mtype954.a(rs232.o)
 .debug_aranges
                0x0000000000000180       0x20 obj_cooja/mtype954.a(vib-sensor.o)
 .debug_aranges
                0x00000000000001a0       0x20 obj_cooja/mtype954.a(clock.o)
 .debug_aranges
                0x00000000000001c0       0x20 obj_cooja/mtype954.a(log.o)
 .debug_aranges
                0x00000000000001e0       0x20 obj_cooja/mtype954.a(cfs-cooja.o)
 .debug_aranges
                0x0000000000000200       0x20 obj_cooja/mtype954.a(cooja-radio.o)
 .debug_aranges
                0x0000000000000220       0x20 obj_cooja/mtype954.a(eeprom.o)
 .debug_aranges
                0x0000000000000240       0x20 obj_cooja/mtype954.a(random.o)
 .debug_aranges
                0x0000000000000260       0x20 obj_cooja/mtype954.a(sensors.o)
 .debug_aranges
                0x0000000000000280       0x20 obj_cooja/mtype954.a(autostart.o)
 .debug_aranges
                0x00000000000002a0       0x20 obj_cooja/mtype954.a(ctimer.o)
 .debug_aranges
                0x00000000000002c0       0x20 obj_cooja/mtype954.a(etimer.o)
 .debug_aranges
                0x00000000000002e0       0x20 obj_cooja/mtype954.a(log_message.o)
 .debug_aranges
                0x0000000000000300       0x20 obj_cooja/mtype954.a(process.o)
 .debug_aranges
                0x0000000000000320       0x20 obj_cooja/mtype954.a(residual.o)
 .debug_aranges
                0x0000000000000340       0x20 obj_cooja/mtype954.a(rtimer.o)
 .debug_aranges
                0x0000000000000360       0x20 obj_cooja/mtype954.a(timer.o)
 .debug_aranges
                0x0000000000000380       0x20 obj_cooja/mtype954.a(serial-line.o)
 .debug_aranges
                0x00000000000003a0       0x20 obj_cooja/mtype954.a(list.o)
 .debug_aranges
                0x00000000000003c0       0x20 obj_cooja/mtype954.a(ringbuf.o)
 .debug_aranges
                0x00000000000003e0       0x20 obj_cooja/mtype954.a(sicslowpan.o)
 .debug_aranges
                0x0000000000000400       0x20 obj_cooja/mtype954.a(uip-ds6-nbr.o)
 .debug_aranges
                0x0000000000000420       0x20 obj_cooja/mtype954.a(uip-ds6.o)
 .debug_aranges
                0x0000000000000440       0x20 obj_cooja/mtype954.a(uip6.o)
 .debug_aranges
                0x0000000000000460       0x20 obj_cooja/mtype954.a(tcpip.o)
 .debug_aranges
                0x0000000000000480       0x20 obj_cooja/mtype954.a(uip-debug.o)
 .debug_aranges
                0x00000000000004a0       0x20 obj_cooja/mtype954.a(uip-packetqueue)
 .debug_aranges
                0x00000000000004c0       0x20 obj_cooja/mtype954.a(rpl-dag.o)
 .debug_aranges
                0x00000000000004e0       0x20 obj_cooja/mtype954.a(rpl-ext-header.)
 .debug_aranges
                0x0000000000000500       0x20 obj_cooja/mtype954.a(rpl-icmp6.o)
 .debug_aranges
                0x0000000000000520       0x20 obj_cooja/mtype954.a(rpl-ltmax.o)
 .debug_aranges
                0x0000000000000540       0x20 obj_cooja/mtype954.a(rpl-timers.o)
 .debug_aranges
                0x0000000000000560       0x20 obj_cooja/mtype954.a(rpl.o)
 .debug_aranges
                0x0000000000000580       0x20 obj_cooja/mtype954.a(framer-802154.o)
 .debug_aranges
                0x00000000000005a0       0x20 obj_cooja/mtype954.a(nullmac.o)
 .debug_aranges
                0x00000000000005c0       0x20 obj_cooja/mtype954.a(cxmac.o)
 .debug_aranges
                0x00000000000005e0       0x20 obj_cooja/mtype954.a(linkaddr.o)
 .debug_aranges
                0x0000000000000600       0x20 obj_cooja/mtype954.a(nbr-table.o)
 .debug_aranges
                0x0000000000000620       0x20 obj_cooja/mtype954.a(netstack.o)
 .debug_aranges
                0x0000000000000640       0x20 obj_cooja/mtype954.a(packetbuf.o)
 .debug_aranges
                0x0000000000000660       0x20 obj_cooja/mtype954.a(queuebuf.o)
 .debug_aranges
                0x0000000000000680       0x20 obj_cooja/mtype954.a(nullsec.o)
 .debug_aranges
                0x00000000000006a0       0x20 obj_cooja/mtype954.a(watchdog.o)
 .debug_aranges
                0x00000000000006c0       0x18 obj_cooja/mtype954.a(rimestats.o)
 .debug_aranges
                0x00000000000006d8       0x20 obj_cooja/mtype954.a(stimer.o)
 .debug_aranges
                0x00000000000006f8       0x20 obj_cooja/mtype954.a(memb.o)
 .debug_aranges
                0x0000000000000718       0x20 obj_cooja/mtype954.a(uip-ds6-route.o)
 .debug_aranges
                0x0000000000000738       0x20 obj_cooja/mtype954.a(uip-icmp6.o)
 .debug_aranges
                0x0000000000000758       0x20 obj_cooja/mtype954.a(uip-nd6.o)
 .debug_aranges
                0x0000000000000778       0x20 obj_cooja/mtype954.a(rpl-nbr-policy.)
 .debug_aranges
                0x0000000000000798       0x20 obj_cooja/mtype954.a(frame802154.o)
 .debug_aranges
                0x00000000000007b8       0x20 obj_cooja/mtype954.a(mac.o)

.debug_pubnames
 *(.debug_pubnames)

.debug_info     0x0000000000000000    0x1b755
 *(.debug_info .gnu.linkonce.wi.*)
 .debug_info    0x0000000000000000      0xe6d udp-server.co
 .debug_info    0x0000000000000e6d     0x3a5f obj_cooja/mtype954.o
 .debug_info    0x00000000000048cc      0x15a obj_cooja/mtype954.a(simEnvChange.o)
 .debug_info    0x0000000000004a26      0x1e2 obj_cooja/mtype954.a(cooja_mt.o)
 .debug_info    0x0000000000004c08      0x2e7 obj_cooja/mtype954.a(cooja_mtarch.o)
 .debug_info    0x0000000000004eef      0x16b obj_cooja/mtype954.a(rtimer-arch.o)
 .debug_info    0x000000000000505a      0x1f3 obj_cooja/mtype954.a(beep.o)
 .debug_info    0x000000000000524d      0x257 obj_cooja/mtype954.a(button-sensor.o)
 .debug_info    0x00000000000054a4      0x132 obj_cooja/mtype954.a(leds-arch.o)
 .debug_info    0x00000000000055d6      0x10a obj_cooja/mtype954.a(moteid.o)
 .debug_info    0x00000000000056e0      0x216 obj_cooja/mtype954.a(pir-sensor.o)
 .debug_info    0x00000000000058f6      0x21e obj_cooja/mtype954.a(rs232.o)
 .debug_info    0x0000000000005b14      0x216 obj_cooja/mtype954.a(vib-sensor.o)
 .debug_info    0x0000000000005d2a      0x152 obj_cooja/mtype954.a(clock.o)
 .debug_info    0x0000000000005e7c      0x2bb obj_cooja/mtype954.a(log.o)
 .debug_info    0x0000000000006137      0x3cf obj_cooja/mtype954.a(cfs-cooja.o)
 .debug_info    0x0000000000006506      0xc9b obj_cooja/mtype954.a(cooja-radio.o)
 .debug_info    0x00000000000071a1      0x1d5 obj_cooja/mtype954.a(eeprom.o)
 .debug_info    0x0000000000007376       0xb3 obj_cooja/mtype954.a(random.o)
 .debug_info    0x0000000000007429      0x36d obj_cooja/mtype954.a(sensors.o)
 .debug_info    0x0000000000007796      0x1a5 obj_cooja/mtype954.a(autostart.o)
 .debug_info    0x000000000000793b      0x46c obj_cooja/mtype954.a(ctimer.o)
 .debug_info    0x0000000000007da7      0x49c obj_cooja/mtype954.a(etimer.o)
 .debug_info    0x0000000000008243      0x3d2 obj_cooja/mtype954.a(log_message.o)
 .debug_info    0x0000000000008615      0x4ba obj_cooja/mtype954.a(process.o)
 .debug_info    0x0000000000008acf      0x164 obj_cooja/mtype954.a(residual.o)
 .debug_info    0x0000000000008c33      0x1ab obj_cooja/mtype954.a(rtimer.o)
 .debug_info    0x0000000000008dde      0x16c obj_cooja/mtype954.a(timer.o)
 .debug_info    0x0000000000008f4a      0x2de obj_cooja/mtype954.a(serial-line.o)
 .debug_info    0x0000000000009228      0x2ed obj_cooja/mtype954.a(list.o)
 .debug_info    0x0000000000009515      0x1aa obj_cooja/mtype954.a(ringbuf.o)
 .debug_info    0x00000000000096bf     0x105e obj_cooja/mtype954.a(sicslowpan.o)
 .debug_info    0x000000000000a71d      0x853 obj_cooja/mtype954.a(uip-ds6-nbr.o)
 .debug_info    0x000000000000af70      0xa5b obj_cooja/mtype954.a(uip-ds6.o)
 .debug_info    0x000000000000b9cb      0xec2 obj_cooja/mtype954.a(uip6.o)
 .debug_info    0x000000000000c88d     0x14b5 obj_cooja/mtype954.a(tcpip.o)
 .debug_info    0x000000000000dd42      0x1b5 obj_cooja/mtype954.a(uip-debug.o)
 .debug_info    0x000000000000def7      0x470 obj_cooja/mtype954.a(uip-packetqueue)
 .debug_info    0x000000000000e367     0x1d2d obj_cooja/mtype954.a(rpl-dag.o)
 .debug_info    0x0000000000010094      0xeb9 obj_cooja/mtype954.a(rpl-ext-header.)
 .debug_info    0x0000000000010f4d     0x191c obj_cooja/mtype954.a(rpl-icmp6.o)
 .debug_info    0x0000000000012869      0xb88 obj_cooja/mtype954.a(rpl-ltmax.o)
 .debug_info    0x00000000000133f1      0xc9e obj_cooja/mtype954.a(rpl-timers.o)
 .debug_info    0x000000000001408f      0xd6c obj_cooja/mtype954.a(rpl.o)
 .debug_info    0x0000000000014dfb      0x5ed obj_cooja/mtype954.a(framer-802154.o)
 .debug_info    0x00000000000153e8      0x3d5 obj_cooja/mtype954.a(nullmac.o)
 .debug_info    0x00000000000157bd      0xfb8 obj_cooja/mtype954.a(cxmac.o)
 .debug_info    0x0000000000016775      0x165 obj_cooja/mtype954.a(linkaddr.o)
 .debug_info    0x00000000000168da      0x8e4 obj_cooja/mtype954.a(nbr-table.o)
 .debug_info    0x00000000000171be      0x4ba obj_cooja/mtype954.a(netstack.o)
 .debug_info    0x0000000000017678      0x478 obj_cooja/mtype954.a(packetbuf.o)
 .debug_info    0x0000000000017af0      0x57d obj_cooja/mtype954.a(queuebuf.o)
 .debug_info    0x000000000001806d      0x3aa obj_cooja/mtype954.a(nullsec.o)
 .debug_info    0x0000000000018417       0x7b obj_cooja/mtype954.a(watchdog.o)
 .debug_info    0x0000000000018492      0x119 obj_cooja/mtype954.a(rimestats.o)
 .debug_info    0x00000000000185ab      0x179 obj_cooja/mtype954.a(stimer.o)
 .debug_info    0x0000000000018724      0x1d7 obj_cooja/mtype954.a(memb.o)
 .debug_info    0x00000000000188fb      0xd30 obj_cooja/mtype954.a(uip-ds6-route.o)
 .debug_info    0x000000000001962b      0x7d9 obj_cooja/mtype954.a(uip-icmp6.o)
 .debug_info    0x0000000000019e04      0x331 obj_cooja/mtype954.a(uip-nd6.o)
 .debug_info    0x000000000001a135      0xe5a obj_cooja/mtype954.a(rpl-nbr-policy.)
 .debug_info    0x000000000001af8f      0x6b4 obj_cooja/mtype954.a(frame802154.o)
 .debug_info    0x000000000001b643      0x112 obj_cooja/mtype954.a(mac.o)

.debug_abbrev   0x0000000000000000     0x6492
 *(.debug_abbrev)
 .debug_abbrev  0x0000000000000000      0x227 udp-server.co
 .debug_abbrev  0x0000000000000227      0x2be obj_cooja/mtype954.o
 .debug_abbrev  0x00000000000004e5       0xc3 obj_cooja/mtype954.a(simEnvChange.o)
 .debug_abbrev  0x00000000000005a8       0xe6 obj_cooja/mtype954.a(cooja_mt.o)
 .debug_abbrev  0x000000000000068e      0x147 obj_cooja/mtype954.a(cooja_mtarch.o)