Archive member included to satisfy reference by file (symbol)

obj_cooja/mtype93.a(simEnvChange.o)
                              obj_cooja/mtype93.o (simDontFallAsleep)
obj_cooja/mtype93.a(cooja_mt.o)
                              obj_cooja/mtype93.o (cooja_mt_start)
obj_cooja/mtype93.a(cooja_mtarch.o)
                              obj_cooja/mtype93.a(cooja_mt.o) (cooja_mtarch_init)
obj_cooja/mtype93.a(rtimer-arch.o)
                              obj_cooja/mtype93.o (rtimer_arch_next)
obj_cooja/mtype93.a(beep.o)   obj_cooja/mtype93.o (beep_interface)
obj_cooja/mtype93.a(button-sensor.o)
                              obj_cooja/mtype93.o (button_interface)
obj_cooja/mtype93.a(leds-arch.o)
                              obj_cooja/mtype93.o (leds_interface)
obj_cooja/mtype93.a(moteid.o)
                              obj_cooja/mtype93.o (moteid_interface)
obj_cooja/mtype93.a(pir-sensor.o)
                              obj_cooja/mtype93.o (pir_interface)
obj_cooja/mtype93.a(rs232.o)  obj_cooja/mtype93.o (rs232_interface)
obj_cooja/mtype93.a(vib-sensor.o)
                              obj_cooja/mtype93.o (vib_interface)
obj_cooja/mtype93.a(clock.o)  obj_cooja/mtype93.o (clock_interface)
obj_cooja/mtype93.a(log.o)    obj_cooja/mtype93.o (simlog_interface)
obj_cooja/mtype93.a(cfs-cooja.o)
                              obj_cooja/mtype93.o (cfs_interface)
obj_cooja/mtype93.a(cooja-radio.o)
                              obj_cooja/mtype93.o (radio_interface)
obj_cooja/mtype93.a(eeprom.o)
                              obj_cooja/mtype93.o (eeprom_interface)
obj_cooja/mtype93.a(random.o)
                              obj_cooja/mtype93.a(moteid.o) (random_init)
obj_cooja/mtype93.a(sensors.o)
                              obj_cooja/mtype93.o (sensors_process)
obj_cooja/mtype93.a(dual_conf.o)
                              obj_cooja/mtype93.a(cooja-radio.o) (long_range_radio)
obj_cooja/mtype93.a(autostart.o)
                              obj_cooja/mtype93.o (autostart_start)
obj_cooja/mtype93.a(ctimer.o)
                              obj_cooja/mtype93.o (ctimer_init)
obj_cooja/mtype93.a(etimer.o)
                              obj_cooja/mtype93.o (etimer_process)
obj_cooja/mtype93.a(log_message.o)
                              obj_cooja/mtype93.o (log_initialization)
obj_cooja/mtype93.a(process.o)
                              udp-client.co (process_current)
obj_cooja/mtype93.a(residual.o)
                              udp-client.co (get_residual_energy)
obj_cooja/mtype93.a(rtimer.o)
                              obj_cooja/mtype93.a(rtimer-arch.o) (rtimer_run_next)
obj_cooja/mtype93.a(stimer.o)
                              udp-client.co (stimer_remaining)
obj_cooja/mtype93.a(timer.o)  obj_cooja/mtype93.a(button-sensor.o) (timer_set)
obj_cooja/mtype93.a(serial-line.o)
                              udp-client.co (serial_line_event_message)
obj_cooja/mtype93.a(list.o)   obj_cooja/mtype93.a(ctimer.o) (list_init)
obj_cooja/mtype93.a(ringbuf.o)
                              obj_cooja/mtype93.a(serial-line.o) (ringbuf_init)
obj_cooja/mtype93.a(sicslowpan.o)
                              obj_cooja/mtype93.o (sicslowpan_driver)
obj_cooja/mtype93.a(uip-ds6-nbr.o)
                              obj_cooja/mtype93.a(sicslowpan.o) (uip_ds6_link_neighbor_callback)
obj_cooja/mtype93.a(uip-ds6-route.o)
                              udp-client.co (uip_ds6_route_nexthop)
obj_cooja/mtype93.a(uip-ds6.o)
                              udp-client.co (uip_ds6_if)
obj_cooja/mtype93.a(uip6.o)   udp-client.co (uip_lladdr)
obj_cooja/mtype93.a(tcpip.o)  udp-client.co (tcpip_event)
obj_cooja/mtype93.a(uip-debug.o)
                              udp-client.co (uip_debug_ipaddr_print)
obj_cooja/mtype93.a(uip-packetqueue)
                              obj_cooja/mtype93.a(uip-ds6-nbr.o) (uip_packetqueue_new)
obj_cooja/mtype93.a(uip-udp-packet.)
                              udp-client.co (uip_udp_packet_sendto)
obj_cooja/mtype93.a(rpl-dag.o)
                              obj_cooja/mtype93.a(tcpip.o) (rpl_repair_root)
obj_cooja/mtype93.a(rpl-ext-header.)
                              obj_cooja/mtype93.a(uip6.o) (rpl_verify_header)
obj_cooja/mtype93.a(rpl-icmp6.o)
                              obj_cooja/mtype93.a(rpl-dag.o) (rpl_icmp6_update_nbr_table)
obj_cooja/mtype93.a(rpl-ltmax.o)
                              obj_cooja/mtype93.a(rpl-dag.o) (rpl_ltmax_of)
obj_cooja/mtype93.a(rpl-timers.o)
                              obj_cooja/mtype93.a(rpl-icmp6.o) (rpl_LSA_convergence_timer)
obj_cooja/mtype93.a(rpl.o)    obj_cooja/mtype93.a(rpl-icmp6.o) (rpl_get_mode)
obj_cooja/mtype93.a(framer-802154.o)
                              obj_cooja/mtype93.a(sicslowpan.o) (framer_802154)
obj_cooja/mtype93.a(nullmac.o)
                              obj_cooja/mtype93.o (nullmac_driver)
obj_cooja/mtype93.a(cxmac.o)  obj_cooja/mtype93.o (cxmac_driver)
obj_cooja/mtype93.a(linkaddr.o)
                              obj_cooja/mtype93.o (linkaddr_node_addr)
[...]
Memory Configuration

Name             Origin             Length             Attributes
*default*        0x0000000000000000 0xffffffffffffffff

Linker script and memory map

LOAD /usr/lib/gcc/i686-linux-gnu/4.8/../../../i386-linux-gnu/crti.o
LOAD /usr/lib/gcc/i686-linux-gnu/4.8/crtbeginS.o
LOAD udp-client.co
LOAD obj_cooja/mtype93.o
LOAD obj_cooja/mtype93.a
LOAD /usr/lib/gcc/i686-linux-gnu/4.8/libgcc.a
LOAD /usr/lib/gcc/i686-linux-gnu/4.8/libgcc_s.so
LOAD /usr/lib/gcc/i686-linux-gnu/4.8/../../../i386-linux-gnu/libc.so
START GROUP
LOAD /lib/i386-linux-gnu/libc.so.6
LOAD /usr/lib/i386-linux-gnu/libc_nonshared.a
LOAD /lib/i386-linux-gnu/ld-linux.so.2
END GROUP
LOAD /usr/lib/gcc/i686-linux-gnu/4.8/libgcc.a
LOAD /usr/lib/gcc/i686-linux-gnu/4.8/libgcc_s.so
LOAD /usr/lib/gcc/i686-linux-gnu/4.8/crtendS.o
LOAD /usr/lib/gcc/i686-linux-gnu/4.8/../../../i386-linux-gnu/crtn.o
                0x0000000000000114                . = (0x0 + SIZEOF_HEADERS)

.note.gnu.build-id
                0x0000000000000114       0x24
 *(.note.gnu.build-id)
 .note.gnu.build-id
                0x0000000000000114       0x24 /usr/lib/gcc/i686-linux-gnu/4.8/../../../i386-linux-gnu/crti.o

.hash
 *(.hash)

.gnu.hash       0x0000000000000138     0x138c
 *(.gnu.hash)
 .gnu.hash      0x0000000000000138     0x138c /usr/lib/gcc/i686-linux-gnu/4.8/../../../i386-linux-gnu/crti.o

.dynsym         0x00000000000014c4     0x2690
 *(.dynsym)
 .dynsym        0x00000000000014c4     0x2690 /usr/lib/gcc/i686-linux-gnu/4.8/../../../i386-linux-gnu/crti.o

.dynstr         0x0000000000003b54     0x27a7
 *(.dynstr)
 .dynstr        0x0000000000003b54     0x27a7 /usr/lib/gcc/i686-linux-gnu/4.8/../../../i386-linux-gnu/crti.o

.gnu.version    0x00000000000062fc      0x4d2
 *(.gnu.version)
 .gnu.version   0x00000000000062fc      0x4d2 /usr/lib/gcc/i686-linux-gnu/4.8/../../../i386-linux-gnu/crti.o

.gnu.version_d  0x00000000000067d0        0x0
 *(.gnu.version_d)
 .gnu.version_d
                0x0000000000000000        0x0 /usr/lib/gcc/i686-linux-gnu/4.8/../../../i386-linux-gnu/crti.o

.gnu.version_r  0x00000000000067d0       0x50
 *(.gnu.version_r)
 .gnu.version_r
                0x00000000000067d0       0x50 /usr/lib/gcc/i686-linux-gnu/4.8/../../../i386-linux-gnu/crti.o

.rel.dyn        0x0000000000006820     0xa088
 *(.rel.init)
 .rel.init      0x0000000000000000        0x0 /usr/lib/gcc/i686-linux-gnu/4.8/../../../i386-linux-gnu/crti.o
 *(.rel.text .rel.text.* .rel.gnu.linkonce.t.*)
 .rel.text      0x0000000000006820     0x98d0 /usr/lib/gcc/i686-linux-gnu/4.8/../../../i386-linux-gnu/crti.o
 *(.rel.fini)
 .rel.fini      0x0000000000000000        0x0 /usr/lib/gcc/i686-linux-gnu/4.8/../../../i386-linux-gnu/crti.o
 *(.rel.rodata .rel.rodata.* .rel.gnu.linkonce.r.*)
 .rel.rodata    0x00000000000100f0      0x4e0 /usr/lib/gcc/i686-linux-gnu/4.8/../../../i386-linux-gnu/crti.o
 *(.rel.data.rel.ro .rel.data.rel.ro.* .rel.gnu.linkonce.d.rel.ro.*)
 *(.rel.data .rel.data.* .rel.gnu.linkonce.d.*)
 .rel.data.rel  0x00000000000105d0        0x8 /usr/lib/gcc/i686-linux-gnu/4.8/../../../i386-linux-gnu/crti.o
 .rel.data      0x00000000000105d8      0x298 /usr/lib/gcc/i686-linux-gnu/4.8/../../../i386-linux-gnu/crti.o
 *(.rel.tdata .rel.tdata.* .rel.gnu.linkonce.td.*)
 *(.rel.tbss .rel.tbss.* .rel.gnu.linkonce.tb.*)
 *(.rel.ctors)
 *(.rel.dtors)
 *(.rel.got)
 .rel.got       0x0000000000010870       0x28 /usr/lib/gcc/i686-linux-gnu/4.8/../../../i386-linux-gnu/crti.o
 *(.rel.bss .rel.bss.* .rel.gnu.linkonce.b.*)
 *(.rel.ifunc)
 .rel.ifunc     0x0000000000000000        0x0 /usr/lib/gcc/i686-linux-gnu/4.8/../../../i386-linux-gnu/crti.o
 .rel.fini_array
                0x0000000000010898        0x8 /usr/lib/gcc/i686-linux-gnu/4.8/../../../i386-linux-gnu/crti.o
 .rel.init_array
                0x00000000000108a0        0x8 /usr/lib/gcc/i686-linux-gnu/4.8/../../../i386-linux-gnu/crti.o

.rel.plt        0x00000000000108a8       0x10
 *(.rel.plt)
 .rel.plt       0x00000000000108a8       0x10 /usr/lib/gcc/i686-linux-gnu/4.8/../../../i386-linux-gnu/crti.o
 *(.rel.iplt)

.init           0x00000000000108b8       0x23
 *(SORT(.init))
 .init          0x00000000000108b8       0x1e /usr/lib/gcc/i686-linux-gnu/4.8/../../../i386-linux-gnu/crti.o
                0x00000000000108b8                _init
 .init          0x00000000000108d6        0x5 /usr/lib/gcc/i686-linux-gnu/4.8/../../../i386-linux-gnu/crtn.o

.plt            0x00000000000108e0       0x30
 *(.plt)
 .plt           0x00000000000108e0       0x30 /usr/lib/gcc/i686-linux-gnu/4.8/../../../i386-linux-gnu/crti.o
 *(.iplt)

.text           0x0000000000010910    0x17ae8
 *(.text.unlikely .text.*_unlikely .text.unlikely.*)
 *(.text.exit .text.exit.*)
 *(.text.startup .text.startup.*)
 *(.text.hot .text.hot.*)
 *(.text .stub .text.* .gnu.linkonce.t.*)
 .text          0x0000000000010910        0x0 /usr/lib/gcc/i686-linux-gnu/4.8/../../../i386-linux-gnu/crti.o
 .gnu.linkonce.t.__x86.get_pc_thunk.bx
                0x0000000000010910        0x4 /usr/lib/gcc/i686-linux-gnu/4.8/../../../i386-linux-gnu/crti.o
                0x0000000000010910                __x86.get_pc_thunk.bx
 *fill*         0x0000000000010914        0xc 
 .text          0x0000000000010920      0x11b /usr/lib/gcc/i686-linux-gnu/4.8/crtbeginS.o
 .text          0x0000000000010a3b      0x790 udp-client.co
 .text          0x00000000000111cb      0x96a obj_cooja/mtype93.o
                0x0000000000011379                contiki_init
                0x000000000001194c                Java_org_contikios_cooja_corecomm_Lib20_init
                0x000000000001198c                Java_org_contikios_cooja_corecomm_Lib20_getMemory
                0x00000000000119cc                Java_org_contikios_cooja_corecomm_Lib20_setMemory
                0x0000000000011a43                Java_org_contikios_cooja_corecomm_Lib20_tick
                0x0000000000011b23                Java_org_contikios_cooja_corecomm_Lib20_setReferenceAddress
 .text          0x0000000000011b35       0x63 obj_cooja/mtype93.a(simEnvChange.o)
                0x0000000000011b35                doActionsBeforeTick
                0x0000000000011b66                doActionsAfterTick
 .text          0x0000000000011b98       0xbc obj_cooja/mtype93.a(cooja_mt.o)
                0x0000000000011b98                cooja_mt_init
                0x0000000000011ba5                cooja_mt_remove
                0x0000000000011bb2                cooja_mt_start
                0x0000000000011bdf                cooja_mt_exec
                0x0000000000011c10                cooja_mt_exit
                0x0000000000011c32                cooja_mt_yield
 .text          0x0000000000011c54      0x115 obj_cooja/mtype93.a(cooja_mtarch.o)
                0x0000000000011c54                cooja_mtarch_init
                0x0000000000011c59                cooja_mtarch_start
                0x0000000000011cd4                cooja_sw
                0x0000000000011cf6                cooja_mtarch_exec
                0x0000000000011d12                cooja_mtarch_remove
                0x0000000000011d17                cooja_mtarch_yield
                0x0000000000011d21                cooja_mtarch_pstop
                0x0000000000011d26                cooja_mtarch_pstart
                0x0000000000011d2b                cooja_mtarch_stack_usage
 .text          0x0000000000011d69       0xc2 obj_cooja/mtype93.a(rtimer-arch.o)
                0x0000000000011d69                rtimer_arch_init
                0x0000000000011d8c                rtimer_arch_schedule
                0x0000000000011da3                rtimer_arch_next
                0x0000000000011dad                rtimer_arch_pending
                0x0000000000011db7                rtimer_arch_check
                0x0000000000011de9                rtimer_arch_now
 .text          0x0000000000011e2b       0x76 obj_cooja/mtype93.a(beep.o)
                0x0000000000011e2b                beep_alarm
                0x0000000000011e37                beep_beep
                0x0000000000011e43                beep
                0x0000000000011e4f                beep_down
                0x0000000000011e5b                beep_on
                0x0000000000011e67                beep_off
                0x0000000000011e73                beep_spinup
                0x0000000000011e7f                beep_quick
                0x0000000000011e8b                beep_long
 .text          0x0000000000011ea1      0x103 obj_cooja/mtype93.a(button-sensor.o)
 .text          0x0000000000011fa4       0x45 obj_cooja/mtype93.a(leds-arch.o)
                0x0000000000011fa4                leds_arch_init
                0x0000000000011fb0                leds_arch_get
                0x0000000000011fbc                leds_arch_set
 .text          0x0000000000011fe9       0x2f obj_cooja/mtype93.a(moteid.o)
 .text          0x0000000000012018       0xb1 obj_cooja/mtype93.a(pir-sensor.o)
 .text          0x00000000000120c9      0x131 obj_cooja/mtype93.a(rs232.o)
                0x00000000000120c9                rs232_init
                0x00000000000120ce                rs232_set_speed
                0x00000000000120dc                rs232_set_input
                0x00000000000120e9                rs232_send
                0x000000000001210b                rs232_print
                0x0000000000012126                slip_arch_writeb
 .text          0x00000000000121fa       0xb1 obj_cooja/mtype93.a(vib-sensor.o)
 .text          0x00000000000122ab       0x34 obj_cooja/mtype93.a(clock.o)
                0x00000000000122ab                clock_init
                0x00000000000122b0                clock_time
                0x00000000000122ba                clock_seconds
                0x00000000000122d0                clock_delay
 .text          0x00000000000122df      0x1ed obj_cooja/mtype93.a(log.o)
                0x00000000000122df                simlog_char
                0x0000000000012321                simlog
                0x000000000001238e                log_message
                0x00000000000123b6                log_set_putchar_with_slip
                0x00000000000123c3                log_putchar
                0x0000000000012447                log_puts
                0x000000000001246b                log_printf
 .text          0x00000000000124cc      0x2c4 obj_cooja/mtype93.a(cfs-cooja.o)
                0x00000000000124cc                cfs_open
                0x0000000000012535                cfs_close
                0x0000000000012541                cfs_read
                0x00000000000125df                cfs_write
                0x00000000000126bc                cfs_seek
                0x0000000000012744                cfs_remove
                0x000000000001276d                cfs_opendir
                0x0000000000012777                cfs_readdir
                0x0000000000012781                cfs_closedir
 .text          0x0000000000012790      0x6ab obj_cooja/mtype93.a(cooja-radio.o)
                0x00000000000127ba                radio_set_channel
                0x00000000000127cf                radio_set_txpower
                0x00000000000127ef                radio_signal_strength_last
                0x00000000000127f9                radio_signal_strength_current
                0x0000000000012803                radio_LQI
 .text          0x0000000000012e3b       0xef obj_cooja/mtype93.a(eeprom.o)
                0x0000000000012e3b                eeprom_init
                0x0000000000012e40                eeprom_read
                0x0000000000012eb0                eeprom_write
 .text          0x0000000000012f2a       0x28 obj_cooja/mtype93.a(random.o)
                0x0000000000012f2a                random_init
                0x0000000000012f45                random_rand
 .text          0x0000000000012f52      0x2a1 obj_cooja/mtype93.a(sensors.o)
                0x0000000000012f8d                sensors_first
                0x0000000000012f97                sensors_next
                0x0000000000012fb4                sensors_changed
                0x0000000000012fe3                sensors_find
 .text          0x00000000000131f3      0x452 obj_cooja/mtype93.a(dual_conf.o)
                0x00000000000131f3                dual_radio_switch
                0x0000000000013233                dual_radio_change
                0x000000000001326d                sending_in_LR
                0x0000000000013298                dual_radio_received
                0x00000000000132eb                radio_received_is_longrange
                0x0000000000013306                dual_radio_turn_on
                0x0000000000013329                dual_radio_turn_off
                0x00000000000135cb                dio_broadcast
                0x00000000000135f4                dis_broadcast
                0x0000000000013615                LSA_converge_broadcast
 .text          0x0000000000013645       0x8e obj_cooja/mtype93.a(autostart.o)
                0x0000000000013645                autostart_start
                0x0000000000013690                autostart_exit
 .text          0x00000000000136d3      0x334 obj_cooja/mtype93.a(ctimer.o)
                0x00000000000137ea                ctimer_init
                0x000000000001381a                ctimer_set
                0x000000000001384b                ctimer_set_with_process
                0x00000000000138c7                ctimer_reset
                0x0000000000013916                ctimer_restart
                0x0000000000013965                ctimer_stop
                0x00000000000139b0                ctimer_expired
 .text          0x0000000000013a07      0x40b obj_cooja/mtype93.a(etimer.o)
                0x0000000000013c1a                etimer_request_poll
                0x0000000000013c9e                etimer_set
                0x0000000000013cc3                etimer_reset_with_new_interval
                0x0000000000013cea                etimer_reset
                0x0000000000013d08                etimer_restart
                0x0000000000013d26                etimer_adjust
                0x0000000000013d42                etimer_expired
                0x0000000000013d55                etimer_expiration_time
                0x0000000000013d67                etimer_start_time
                0x0000000000013d71                etimer_pending
                0x0000000000013d83                etimer_next_expiration_time
                0x0000000000013d9d                etimer_stop
 .text          0x0000000000013e12       0xdd obj_cooja/mtype93.a(log_message.o)
                0x0000000000013e12                log_initialization
                0x0000000000013ece                log_finisher
 .text          0x0000000000013eef      0x560 obj_cooja/mtype93.a(process.o)
                0x0000000000013eef                process_alloc_event
                0x0000000000013f04                process_start
                0x00000000000140ed                process_exit
                0x0000000000014109                process_init
                0x00000000000142da                process_run
                0x000000000001430d                process_nevents
                0x0000000000014328                process_post
                0x00000000000143d4                process_post_synch
                0x000000000001440c                process_poll
                0x000000000001443b                process_is_running
 .text          0x000000000001444f       0xd3 obj_cooja/mtype93.a(residual.o)
                0x000000000001444f                get_residual_energy
 .text          0x0000000000014522       0xba obj_cooja/mtype93.a(rtimer.o)
                0x0000000000014522                rtimer_init
                0x000000000001452f                rtimer_set
                0x0000000000014586                rtimer_run_next
 .text          0x00000000000145dc       0xa3 obj_cooja/mtype93.a(stimer.o)
                0x00000000000145dc                stimer_set
                0x00000000000145f7                stimer_reset
                0x000000000001460e                stimer_restart
                0x0000000000014620                stimer_expired
                0x0000000000014647                stimer_remaining
                0x000000000001466b                stimer_elapsed
 .text          0x000000000001467f       0x91 obj_cooja/mtype93.a(timer.o)
                0x000000000001467f                timer_set
                0x000000000001469a                timer_reset
                0x00000000000146b1                timer_restart
                0x00000000000146c3                timer_expired
                0x00000000000146ec                timer_remaining
 .text          0x0000000000014710      0x1fb obj_cooja/mtype93.a(serial-line.o)
                0x0000000000014710                serial_line_input_byte
                0x00000000000148d3                serial_line_init
 .text          0x000000000001490b      0x244 obj_cooja/mtype93.a(list.o)
                0x000000000001490b                list_init
                0x0000000000014919                list_head
                0x0000000000014923                list_copy
                0x0000000000014932                list_tail
                0x0000000000014968                list_add
                0x00000000000149b1                list_push
                0x00000000000149dd                list_chop
                0x0000000000014a47                list_pop
                0x0000000000014a6f                list_remove
                0x0000000000014ad6                list_length
                0x0000000000014b04                list_insert
                0x0000000000014b38                list_item_next
 .text          0x0000000000014b4f      0x155 obj_cooja/mtype93.a(ringbuf.o)
                0x0000000000014b4f                ringbuf_init
                0x0000000000014b80                ringbuf_put
                0x0000000000014bfe                ringbuf_get
                0x0000000000014c6b                ringbuf_size
                0x0000000000014c7d                ringbuf_elements
 .text          0x0000000000014ca4     0x2c69 obj_cooja/mtype93.a(sicslowpan.o)
                0x00000000000152a4                rime_sniffer_add
                0x00000000000152b1                rime_sniffer_remove
                0x00000000000178ac                sicslowpan_init
                0x0000000000017903                sicslowpan_get_last_rssi
 .text          0x000000000001790d      0x2dc obj_cooja/mtype93.a(uip-ds6-nbr.o)
                0x000000000001792a                uip_ds6_neighbors_init
                0x0000000000017947                uip_ds6_nbr_add
                0x00000000000179f8                uip_ds6_nbr_rm
                0x0000000000017a55                uip_ds6_nbr_get_ipaddr
                0x0000000000017a6a                uip_ds6_nbr_get_ll
                0x0000000000017a86                uip_ds6_nbr_num
                0x0000000000017acb                uip_ds6_nbr_lookup
                0x0000000000017b30                uip_ds6_nbr_ll_lookup
                0x0000000000017b4c                uip_ds6_nbr_ipaddr_from_lladdr
                0x0000000000017b72                uip_ds6_nbr_lladdr_from_ipaddr
                0x0000000000017ba0                uip_ds6_link_neighbor_callback
 .text          0x0000000000017be9      0x916 obj_cooja/mtype93.a(uip-ds6-route.o)
                0x0000000000017c60                uip_ds6_notification_add
                0x0000000000017c91                uip_ds6_notification_rm
                0x0000000000017cad                uip_ds6_route_init
                0x0000000000017d35                uip_ds6_route_nexthop
                0x0000000000017d5d                uip_ds6_route_head
                0x0000000000017d72                uip_ds6_route_next
                0x0000000000017d98                uip_ds6_route_is_nexthop
                0x0000000000017dd7                uip_ds6_route_num_routes
                0x0000000000017de1                uip_ds6_route_lookup
                0x0000000000017ea3                uip_ds6_route_add
                0x00000000000180d7                uip_ds6_route_rm
                0x000000000001826b                uip_ds6_route_rm_by_nexthop
                0x00000000000182a3                uip_ds6_defrt_add
                0x0000000000018354                uip_ds6_defrt_rm
                0x00000000000183d3                uip_ds6_defrt_lookup
                0x000000000001842c                uip_ds6_defrt_choose
                0x0000000000018497                uip_ds6_defrt_periodic
 .text          0x00000000000184ff     0x12ad obj_cooja/mtype93.a(uip-ds6.o)
                0x00000000000184ff                uip_ds6_init
                0x0000000000018854                uip_ds6_periodic
                0x000000000001892c                uip_ds6_list_loop
                0x00000000000189d3                uip_ds6_prefix_add
                0x0000000000018a91                uip_ds6_prefix_rm
                0x0000000000018aa3                uip_ds6_prefix_lookup
                0x0000000000018af4                uip_ds6_is_addr_onlink
                0x0000000000018b68                uip_ds6_addr_add
                0x0000000000018c96                uip_ds6_long_addr_add
                0x0000000000018dc4                uip_ds6_addr_rm
                0x0000000000018e64                uip_ds6_addr_lookup
                0x0000000000018eaf                uip_ds6_long_addr_lookup
                0x0000000000018efa                uip_ds6_get_link_local
                0x0000000000018f79                uip_ds6_long_get_link_local
                0x0000000000018ff8                uip_ds6_get_global
                0x0000000000019077                uip_ds6_long_get_global
                0x00000000000190f6                uip_ds6_maddr_add
                0x0000000000019168                uip_ds6_long_maddr_add
                0x00000000000191da                uip_ds6_maddr_rm
                0x00000000000191ec                uip_ds6_maddr_lookup
                0x0000000000019237                uip_ds6_long_maddr_lookup
                0x0000000000019282                uip_ds6_aaddr_add
                0x00000000000192f4                uip_ds6_long_aaddr_add
                0x0000000000019366                uip_ds6_aaddr_rm
                0x0000000000019378                uip_ds6_aaddr_lookup
                0x00000000000193c3                uip_ds6_long_aaddr_lookup
                0x000000000001940e                uip_ds6_select_src
                0x0000000000019697                uip_ds6_set_addr_iid
                0x00000000000196ce                get_match_length
                0x0000000000019760                uip_ds6_compute_reachable_time
 .text          0x00000000000197ac     0x2d55 obj_cooja/mtype93.a(uip6.o)
                0x00000000000197ac                uip_add32
                0x0000000000019945                uip_chksum
                0x0000000000019a5b                uip_icmp6chksum
                0x0000000000019a6f                uip_tcpchksum
                0x0000000000019a83                uip_udpchksum
                0x0000000000019a97                uip_init
                0x0000000000019b67                uip_connect
                0x0000000000019d16                remove_ext_hdr
                0x0000000000019e1f                uip_udp_new
                0x0000000000019f7b                uip_unlisten
                0x0000000000019fdb                uip_listen
                0x000000000001a301                uip_process
                0x000000000001c3f5                uip_htons
                0x000000000001c417                uip_htonl
                0x000000000001c457                uip_send
 .text          0x000000000001c501      0xc2e obj_cooja/mtype93.a(tcpip.o)
                0x000000000001c501                tcpip_output
                0x000000000001c552                tcpip_set_outputfunc
                0x000000000001c5f2                tcp_connect
                0x000000000001c647                tcp_unlisten
                0x000000000001c6a2                tcp_listen
                0x000000000001c6fb                tcp_attach
                0x000000000001c720                udp_attach
                0x000000000001c745                udp_new
                0x000000000001c797                udp_broadcast_new
                0x000000000001ca0b                tcpip_input
                0x000000000001ca3f                tcpip_ipv6_output
                0x000000000001cf75                tcpip_poll_udp
                0x000000000001cf98                tcpip_poll_tcp
                0x000000000001cfbb                tcpip_uipcall
 .text          0x000000000001d12f      0x1c1 obj_cooja/mtype93.a(uip-debug.o)
                0x000000000001d12f                uip_debug_ipaddr_print
                0x000000000001d291                uip_debug_lladdr_print
 .text          0x000000000001d2f0      0x141 obj_cooja/mtype93.a(uip-packetqueue)
                0x000000000001d31c                uip_packetqueue_new
                0x000000000001d32a                uip_packetqueue_alloc
                0x000000000001d38a                uip_packetqueue_free
                0x000000000001d3cb                uip_packetqueue_buf
                0x000000000001d3e8                uip_packetqueue_buflen
                0x000000000001d409                uip_packetqueue_set_buflen
 .text          0x000000000001d431      0x131 obj_cooja/mtype93.a(uip-udp-packet.)
                0x000000000001d431                uip_udp_packet_send
                0x000000000001d491                uip_udp_packet_sendto
 .text          0x000000000001d562     0x26b3 obj_cooja/mtype93.a(rpl-dag.o)
                0x000000000001d562                rpl_lr_in_child
                0x000000000001d61a                rpl_print_neighbor_list
                0x000000000001d6c3                rpl_print_child_neighbor_list
                0x000000000001d738                rpl_get_nbr
                0x000000000001d792                rpl_get_nbr_child
                0x000000000001d7ec                rpl_dag_init
                0x000000000001d81e                rpl_get_parent
                0x000000000001d840                rpl_get_parent_rank
                0x000000000001d873                rpl_get_parent_link_metric
                0x000000000001d8a6                rpl_get_parent_ipaddr
                0x000000000001d8d0                rpl_get_child_ipaddr
                0x000000000001dbeb                rpl_set_root
                0x000000000001de19                rpl_repair_root
                0x000000000001e055                rpl_set_prefix
                0x000000000001e154                rpl_set_default_route
                0x000000000001e1e0                rpl_alloc_instance
                0x000000000001e273                rpl_alloc_dag
                0x000000000001e326                rpl_set_default_instance
                0x000000000001e333                rpl_get_default_instance
                0x000000000001e33d                rpl_free_instance
                0x000000000001e3ee                rpl_free_dag
                0x000000000001e454                rpl_add_parent
                0x000000000001e53d                rpl_find_parent
                0x000000000001e56d                rpl_add_child
                0x000000000001e611                rpl_find_child
                0x000000000001e65f                rpl_find_parent_any_dag
                0x000000000001e69b                rpl_select_dag
                0x000000000001eabe                rpl_select_parent
                0x000000000001eb20                rpl_remove_parent
                0x000000000001eb56                rpl_remove_child
                0x000000000001eb72                rpl_nullify_parent
                0x000000000001ec10                rpl_move_parent
                0x000000000001ecad                rpl_has_downward_route
                0x000000000001ed00                rpl_get_any_dag
                0x000000000001ed62                rpl_get_instance
                0x000000000001edc5                rpl_find_of
                0x000000000001ee02                rpl_join_instance
                0x000000000001f09e                rpl_add_dag
                0x000000000001f48d                rpl_local_repair
                0x000000000001f566                rpl_recalculate_ranks
                0x000000000001f5ec                rpl_process_parent_event
                0x000000000001f69e                rpl_process_dio
 .text          0x000000000001fc15      0xbf3 obj_cooja/mtype93.a(rpl-ext-header.)
                0x000000000001fc32                rpl_verify_header
                0x00000000000200ac                rpl_update_header_empty
                0x00000000000203c3                rpl_update_header_final
                0x0000000000020552                rpl_remove_header
                0x000000000002065c                rpl_invert_header
                0x00000000000207e6                rpl_insert_header
 .text          0x0000000000020808     0x24a5 obj_cooja/mtype93.a(rpl-icmp6.o)
                0x0000000000020ad1                rpl_icmp6_update_nbr_table
                0x0000000000020bc1                dis_output
                0x00000000000214f9                dio_output
                0x0000000000021d46                LSA_converge_output
                0x000000000002280c                dao_output
                0x00000000000228d4                dao_output_target
                0x0000000000022c55                dao_ack_output
                0x0000000000022c69                rpl_icmp6_register_handlers
 .text          0x0000000000022cad      0x3dc obj_cooja/mtype93.a(rpl-ltmax.o)
 .text          0x0000000000023089      0x836 obj_cooja/mtype93.a(rpl-timers.o)
                0x0000000000023089                rpl_LSA_convergence_timer
                0x00000000000230b5                rpl_reset_LSA_convergence_timer
                0x0000000000023352                rpl_reset_periodic_timer
                0x00000000000233a7                rpl_reset_dio_timer
                0x00000000000235e1                rpl_schedule_dao
                0x00000000000235fc                rpl_schedule_dao_immediately
                0x0000000000023617                rpl_cancel_dao
                0x0000000000023679                rpl_schedule_unicast_dio_immediately
                0x0000000000023867                rpl_schedule_probing
 .text          0x00000000000238bf      0x5d5 obj_cooja/mtype93.a(rpl.o)
                0x00000000000238bf                rpl_get_mode
                0x00000000000238c9                rpl_set_mode
                0x0000000000023957                rpl_purge_routes
                0x0000000000023a51                rpl_remove_routes
                0x0000000000023a97                rpl_remove_routes_by_nexthop
                0x0000000000023b03                rpl_add_route
                0x0000000000023b7e                rpl_link_neighbor_callback
                0x0000000000023c83                rpl_ipv6_neighbor_callback
                0x0000000000023cf2                rpl_purge_dags
                0x0000000000023dfe                rpl_init
 .text          0x0000000000023e94      0x3f5 obj_cooja/mtype93.a(framer-802154.o)
 .text          0x0000000000024289       0x5e obj_cooja/mtype93.a(nullmac.o)
 .text          0x00000000000242e7     0x123b obj_cooja/mtype93.a(cxmac.o)
                0x0000000000025464                cxmac_set_announcement_radio_txpower
                0x0000000000025469                cxmac_init
 .text          0x0000000000025522       0x82 obj_cooja/mtype93.a(linkaddr.o)
                0x0000000000025522                linkaddr_copy
                0x0000000000025544                linkaddr_cmp
                0x000000000002556e                linkaddr_set_node_addr
                0x0000000000025589                linkaddr_set_node_long_addr
 .text          0x00000000000255a4      0x915 obj_cooja/mtype93.a(nbr-table.o)
                0x00000000000255a4                long_ip_from_lladdr_map
                0x000000000002562d                lladdr_map_add_lr
                0x00000000000256ea                lladdr_map_rm_lr
                0x0000000000025baf                nbr_table_register
                0x0000000000025bf7                nbr_table_head
                0x0000000000025c53                nbr_table_next
                0x0000000000025cba                nbr_table_add_lladdr
                0x0000000000025d96                nbr_table_get_from_lladdr
                0x0000000000025de3                nbr_table_remove
                0x0000000000025e35                nbr_table_lock
                0x0000000000025e5f                nbr_table_unlock
                0x0000000000025e89                nbr_table_get_lladdr
 .text          0x0000000000025eb9       0x2b obj_cooja/mtype93.a(netstack.o)
                0x0000000000025eb9                netstack_init
 .text          0x0000000000025ee4      0x3cd obj_cooja/mtype93.a(packetbuf.o)
                0x0000000000025ee4                packetbuf_clear
                0x0000000000025f0e                packetbuf_copyfrom
                0x0000000000025f60                packetbuf_compact
                0x0000000000025fdd                packetbuf_copyto
                0x0000000000026074                packetbuf_hdralloc
                0x00000000000260f1                packetbuf_hdrreduce
                0x0000000000026139                packetbuf_set_datalen
                0x0000000000026152                packetbuf_dataptr
                0x000000000002616f                packetbuf_hdrptr
                0x0000000000026179                packetbuf_datalen
                0x0000000000026185                packetbuf_hdrlen
                0x000000000002619c                packetbuf_totlen
                0x00000000000261b2                packetbuf_attr_clear
                0x0000000000026204                packetbuf_attr_copyto
                0x000000000002624d                packetbuf_attr_copyfrom
                0x0000000000026295                packetbuf_holds_broadcast
 .text          0x00000000000262b1      0x2b4 obj_cooja/mtype93.a(queuebuf.o)
                0x00000000000262bb                queuebuf_init
                0x00000000000262db                queuebuf_numfree
                0x00000000000262ef                queuebuf_new_from_packetbuf
                0x000000000002637f                queuebuf_update_attr_from_packetbuf
                0x00000000000263b2                queuebuf_update_from_packetbuf
                0x00000000000263fc                queuebuf_free
                0x0000000000026443                queuebuf_to_packetbuf
                0x00000000000264a9                queuebuf_dataptr
                0x00000000000264e0                queuebuf_datalen
                0x0000000000026503                queuebuf_addr
                0x0000000000026535                queuebuf_attr
                0x0000000000026560                queuebuf_debug_print
 .text          0x0000000000026565       0x6e obj_cooja/mtype93.a(nullsec.o)
 .text          0x00000000000265d3       0x19 obj_cooja/mtype93.a(watchdog.o)
                0x00000000000265d3                watchdog_init
                0x00000000000265d8                watchdog_start
                0x00000000000265dd                watchdog_periodic
                0x00000000000265e2                watchdog_stop
                0x00000000000265e7                watchdog_reboot
 .text          0x00000000000265ec        0x0 obj_cooja/mtype93.a(rimestats.o)
 .text          0x00000000000265ec      0x134 obj_cooja/mtype93.a(leds.o)
                0x000000000002663d                leds_init
                0x0000000000026651                leds_blink
                0x0000000000026689                leds_get
                0x0000000000026696                leds_set
                0x00000000000266b0                leds_on
                0x00000000000266d3                leds_off
                0x00000000000266fd                leds_toggle
 .text          0x0000000000026720      0x1c1 obj_cooja/mtype93.a(memb.o)
                0x0000000000026720                memb_init
                0x000000000002677e                memb_alloc
                0x00000000000267e3                memb_free
                0x000000000002685e                memb_inmemb
                0x000000000002689d                memb_numfree
 .text          0x00000000000268e1      0xad6 obj_cooja/mtype93.a(uip-icmp6.o)
                0x000000000002694f                uip_icmp6_input
                0x00000000000269c9                uip_icmp6_register_input_handler
                0x0000000000026c91                uip_icmp6_error_output
                0x0000000000026fd6                uip_icmp6_send
                0x000000000002734a                uip_icmp6_echo_reply_callback_add
                0x000000000002737b                uip_icmp6_echo_reply_callback_rm
                0x0000000000027397                uip_icmp6_init
 .text          0x00000000000273b7      0x358 obj_cooja/mtype93.a(uip-nd6.o)
                0x000000000002740b                uip_nd6_ns_output
                0x000000000002770a                uip_nd6_init
 .text          0x000000000002770f      0x331 obj_cooja/mtype93.a(rpl-nbr-policy.)
                0x00000000000278e7                find_removable_dis
                0x000000000002790a                find_removable_dio
                0x0000000000027999                find_removable_dao
                0x00000000000279e9                rpl_nbr_policy_find_removable
 .text          0x0000000000027a40      0x97c obj_cooja/mtype93.a(frame802154.o)
                0x0000000000027a71                frame802154_get_pan_id
                0x0000000000027a7d                frame802154_set_pan_id
                0x0000000000027a96                frame802154_has_panid
                0x0000000000027b82                frame802154_check_dest_panid
                0x0000000000027bea                frame802154_is_broadcast_addr
                0x0000000000027c37                frame802154_extract_linkaddr
                0x0000000000027e77                frame802154_hdrlen
                0x0000000000027ec8                frame802154_create
                0x00000000000280b3                frame802154_parse
 .text          0x00000000000283bc       0x3c obj_cooja/mtype93.a(mac.o)
                0x00000000000283bc                mac_call_sent_callback
 .text          0x00000000000283f8        0x0 /usr/lib/gcc/i686-linux-gnu/4.8/crtendS.o
 .text          0x00000000000283f8        0x0 /usr/lib/gcc/i686-linux-gnu/4.8/../../../i386-linux-gnu/crtn.o
 *(.gnu.warning)

.fini           0x00000000000283f8       0x14
 *(SORT(.fini))
 .fini          0x00000000000283f8        0xf /usr/lib/gcc/i686-linux-gnu/4.8/../../../i386-linux-gnu/crti.o
                0x00000000000283f8                _fini
 .fini          0x0000000000028407        0x5 /usr/lib/gcc/i686-linux-gnu/4.8/../../../i386-linux-gnu/crtn.o
                0x000000000002840c                PROVIDE (__etext, .)
                0x000000000002840c                PROVIDE (_etext, .)
                0x000000000002840c                PROVIDE (etext, .)

.rodata         0x0000000000028420     0x1d8e
 *(.rodata .rodata.* .gnu.linkonce.r.*)
 .rodata        0x0000000000028420      0x2da udp-client.co
                0x0000000000028434                autostart_processes
 *fill*         0x00000000000286fa        0x2 
 .rodata        0x00000000000286fc      0x1e6 obj_cooja/mtype93.o
 *fill*         0x00000000000288e2        0x2 
 .rodata        0x00000000000288e4        0x8 obj_cooja/mtype93.a(beep.o)
                0x00000000000288e4                beep_interface
 .rodata        0x00000000000288ec       0x20 obj_cooja/mtype93.a(button-sensor.o)
                0x00000000000288ec                button_interface
                0x00000000000288fc                button_sensor
 .rodata        0x000000000002890c        0x8 obj_cooja/mtype93.a(leds-arch.o)
                0x000000000002890c                leds_interface
 .rodata        0x0000000000028914        0x8 obj_cooja/mtype93.a(moteid.o)
                0x0000000000028914                moteid_interface
 .rodata        0x000000000002891c       0x1c obj_cooja/mtype93.a(pir-sensor.o)
                0x000000000002891c                pir_interface
                0x0000000000028928                pir_sensor
 .rodata        0x0000000000028938        0xe obj_cooja/mtype93.a(rs232.o)
                0x0000000000028938                rs232_interface
 *fill*         0x0000000000028946        0x2 
 .rodata        0x0000000000028948       0x24 obj_cooja/mtype93.a(vib-sensor.o)
                0x0000000000028948                vib_interface
                0x000000000002895c                vib_sensor
 .rodata        0x000000000002896c        0x8 obj_cooja/mtype93.a(clock.o)
                0x000000000002896c                clock_interface
 .rodata        0x0000000000028974        0x8 obj_cooja/mtype93.a(log.o)
                0x0000000000028974                simlog_interface
 .rodata        0x000000000002897c       0x2f obj_cooja/mtype93.a(cfs-cooja.o)
                0x000000000002897c                cfs_interface
 *fill*         0x00000000000289ab       0x15 
 .rodata        0x00000000000289c0      0x100 obj_cooja/mtype93.a(cooja-radio.o)
                0x0000000000028a80                cooja_radio_driver
                0x0000000000028ab8                radio_interface
 .rodata        0x0000000000028ac0        0x8 obj_cooja/mtype93.a(eeprom.o)
                0x0000000000028ac0                eeprom_interface
 .rodata        0x0000000000028ac8        0x8 obj_cooja/mtype93.a(sensors.o)
 .rodata        0x0000000000028ad0      0x1fe obj_cooja/mtype93.a(dual_conf.o)
 .rodata        0x0000000000028cce        0xf obj_cooja/mtype93.a(ctimer.o)
 .rodata        0x0000000000028cdd        0xc obj_cooja/mtype93.a(etimer.o)
 *fill*         0x0000000000028ce9        0x3 
 .rodata        0x0000000000028cec       0x73 obj_cooja/mtype93.a(log_message.o)
 *fill*         0x0000000000028d5f        0x1 
 .rodata        0x0000000000028d60       0x20 obj_cooja/mtype93.a(residual.o)
 .rodata        0x0000000000028d80        0xe obj_cooja/mtype93.a(serial-line.o)
 *fill*         0x0000000000028d8e        0x2 
 .rodata        0x0000000000028d90      0x900 obj_cooja/mtype93.a(sicslowpan.o)
                0x0000000000028e69                unc_llconf
                0x0000000000028e6d                unc_ctxconf
                0x0000000000028e71                unc_mxconf
                0x0000000000028e75                llprefix
                0x0000000000029684                sicslowpan_driver
 .rodata        0x0000000000029690      0x5a4 obj_cooja/mtype93.a(uip6.o)
 .rodata        0x0000000000029c34      0x15a obj_cooja/mtype93.a(tcpip.o)
 .rodata        0x0000000000029d8e       0x3e obj_cooja/mtype93.a(uip-debug.o)
 .rodata        0x0000000000029dcc        0x4 obj_cooja/mtype93.a(rpl-dag.o)
 .rodata        0x0000000000029dd0       0x1c obj_cooja/mtype93.a(rpl-icmp6.o)
 .rodata        0x0000000000029dec       0x86 obj_cooja/mtype93.a(rpl-timers.o)
 *fill*         0x0000000000029e72        0x2 
 .rodata        0x0000000000029e74        0xc obj_cooja/mtype93.a(framer-802154.o)
                0x0000000000029e74                framer_802154
 .rodata        0x0000000000029e80       0x24 obj_cooja/mtype93.a(nullmac.o)
                0x0000000000029e88                nullmac_driver
 *fill*         0x0000000000029ea4       0x1c 
 .rodata        0x0000000000029ec0      0x2c0 obj_cooja/mtype93.a(cxmac.o)
                0x000000000002a160                cxmac_driver
 .rodata        0x000000000002a180        0x8 obj_cooja/mtype93.a(linkaddr.o)
                0x000000000002a180                linkaddr_null
 .rodata        0x000000000002a188       0x18 obj_cooja/mtype93.a(nullsec.o)
                0x000000000002a190                nullsec_driver
 .rodata        0x000000000002a1a0        0xe obj_cooja/mtype93.a(uip-icmp6.o)

.rodata1
 *(.rodata1)

.eh_frame_hdr   0x000000000002a1b0     0x13fc
 *(.eh_frame_hdr)
 .eh_frame_hdr  0x000000000002a1b0     0x13fc udp-client.co

.eh_frame       0x000000000002b5ac     0x5140
 *(.eh_frame)
 .eh_frame      0x000000000002b5ac       0x3c /usr/lib/gcc/i686-linux-gnu/4.8/../../../i386-linux-gnu/crti.o
                                         0x40 (size before relaxing)
 .eh_frame      0x000000000002b5e8       0xb4 udp-client.co
                                         0xcc (size before relaxing)
 .eh_frame      0x000000000002b69c      0x148 obj_cooja/mtype93.o
                                        0x160 (size before relaxing)
 .eh_frame      0x000000000002b7e4       0x40 obj_cooja/mtype93.a(simEnvChange.o)
                                         0x58 (size before relaxing)
 .eh_frame      0x000000000002b824       0xc0 obj_cooja/mtype93.a(cooja_mt.o)
                                         0xd8 (size before relaxing)
 .eh_frame      0x000000000002b8e4      0x120 obj_cooja/mtype93.a(cooja_mtarch.o)
                                        0x138 (size before relaxing)
 .eh_frame      0x000000000002ba04       0xc0 obj_cooja/mtype93.a(rtimer-arch.o)
                                         0xd8 (size before relaxing)
 .eh_frame      0x000000000002bac4      0x160 obj_cooja/mtype93.a(beep.o)
                                        0x178 (size before relaxing)
 .eh_frame      0x000000000002bc24       0xa0 obj_cooja/mtype93.a(button-sensor.o)
                                         0xb8 (size before relaxing)
 .eh_frame      0x000000000002bcc4       0xa0 obj_cooja/mtype93.a(leds-arch.o)
                                         0xb8 (size before relaxing)
 .eh_frame      0x000000000002bd64       0x40 obj_cooja/mtype93.a(moteid.o)
                                         0x58 (size before relaxing)
 .eh_frame      0x000000000002bda4       0xa0 obj_cooja/mtype93.a(pir-sensor.o)
                                         0xb8 (size before relaxing)
 .eh_frame      0x000000000002be44      0x100 obj_cooja/mtype93.a(rs232.o)
                                        0x118 (size before relaxing)
 .eh_frame      0x000000000002bf44       0xa0 obj_cooja/mtype93.a(vib-sensor.o)
                                         0xb8 (size before relaxing)
 .eh_frame      0x000000000002bfe4       0xc0 obj_cooja/mtype93.a(clock.o)
                                         0xd8 (size before relaxing)
 .eh_frame      0x000000000002c0a4      0x120 obj_cooja/mtype93.a(log.o)
                                        0x138 (size before relaxing)
 .eh_frame      0x000000000002c1c4      0x160 obj_cooja/mtype93.a(cfs-cooja.o)
                                        0x178 (size before relaxing)
 .eh_frame      0x000000000002c324      0x2e0 obj_cooja/mtype93.a(cooja-radio.o)
                                        0x2f8 (size before relaxing)
 .eh_frame      0x000000000002c604       0xa0 obj_cooja/mtype93.a(eeprom.o)
                                         0xb8 (size before relaxing)
 .eh_frame      0x000000000002c6a4       0x40 obj_cooja/mtype93.a(random.o)
                                         0x58 (size before relaxing)
 .eh_frame      0x000000000002c6e4       0xc0 obj_cooja/mtype93.a(sensors.o)
                                         0xd8 (size before relaxing)
 .eh_frame      0x000000000002c7a4      0x1a0 obj_cooja/mtype93.a(dual_conf.o)
                                        0x1b8 (size before relaxing)
 .eh_frame      0x000000000002c944       0x40 obj_cooja/mtype93.a(autostart.o)
                                         0x58 (size before relaxing)
 .eh_frame      0x000000000002c984      0x100 obj_cooja/mtype93.a(ctimer.o)
                                        0x118 (size before relaxing)
 .eh_frame      0x000000000002ca84      0x1e0 obj_cooja/mtype93.a(etimer.o)
                                        0x1f8 (size before relaxing)
 .eh_frame      0x000000000002cc64       0x40 obj_cooja/mtype93.a(log_message.o)
                                         0x58 (size before relaxing)
 .eh_frame      0x000000000002cca4      0x1c8 obj_cooja/mtype93.a(process.o)
                                        0x1e0 (size before relaxing)
 .eh_frame      0x000000000002ce6c       0x2c obj_cooja/mtype93.a(residual.o)
                                         0x44 (size before relaxing)
 .eh_frame      0x000000000002ce98       0x60 obj_cooja/mtype93.a(rtimer.o)
                                         0x78 (size before relaxing)
 .eh_frame      0x000000000002cef8       0xc4 obj_cooja/mtype93.a(stimer.o)
                                         0xdc (size before relaxing)
 .eh_frame      0x000000000002cfbc       0xa4 obj_cooja/mtype93.a(timer.o)
                                         0xbc (size before relaxing)
 .eh_frame      0x000000000002d060       0x60 obj_cooja/mtype93.a(serial-line.o)
                                         0x78 (size before relaxing)
 .eh_frame      0x000000000002d0c0      0x180 obj_cooja/mtype93.a(list.o)
                                        0x198 (size before relaxing)
 .eh_frame      0x000000000002d240       0xa0 obj_cooja/mtype93.a(ringbuf.o)
                                         0xb8 (size before relaxing)
 .eh_frame      0x000000000002d2e0      0x350 obj_cooja/mtype93.a(sicslowpan.o)
                                        0x368 (size before relaxing)
 .eh_frame      0x000000000002d630      0x180 obj_cooja/mtype93.a(uip-ds6-nbr.o)
                                        0x198 (size before relaxing)
 .eh_frame      0x000000000002d7b0      0x2a0 obj_cooja/mtype93.a(uip-ds6-route.o)
                                        0x2b8 (size before relaxing)
 .eh_frame      0x000000000002da50      0x3c8 obj_cooja/mtype93.a(uip-ds6.o)
                                        0x3e0 (size before relaxing)
 .eh_frame      0x000000000002de18      0x27c obj_cooja/mtype93.a(uip6.o)
                                        0x294 (size before relaxing)
 .eh_frame      0x000000000002e094      0x270 obj_cooja/mtype93.a(tcpip.o)
                                        0x288 (size before relaxing)
 .eh_frame      0x000000000002e304       0x48 obj_cooja/mtype93.a(uip-debug.o)
                                         0x60 (size before relaxing)
 .eh_frame      0x000000000002e34c       0xe0 obj_cooja/mtype93.a(uip-packetqueue)
                                         0xf8 (size before relaxing)
 .eh_frame      0x000000000002e42c       0x40 obj_cooja/mtype93.a(uip-udp-packet.)
                                         0x58 (size before relaxing)
 .eh_frame      0x000000000002e46c      0x76c obj_cooja/mtype93.a(rpl-dag.o)
                                        0x784 (size before relaxing)
 .eh_frame      0x000000000002ebd8      0x10c obj_cooja/mtype93.a(rpl-ext-header.)
                                        0x124 (size before relaxing)
 .eh_frame      0x000000000002ece4      0x2f8 obj_cooja/mtype93.a(rpl-icmp6.o)
                                        0x310 (size before relaxing)
 .eh_frame      0x000000000002efdc       0xe0 obj_cooja/mtype93.a(rpl-ltmax.o)
                                         0xf8 (size before relaxing)
 .eh_frame      0x000000000002f0bc      0x26c obj_cooja/mtype93.a(rpl-timers.o)
                                        0x284 (size before relaxing)
 .eh_frame      0x000000000002f328      0x148 obj_cooja/mtype93.a(rpl.o)
                                        0x160 (size before relaxing)
 .eh_frame      0x000000000002f470      0x108 obj_cooja/mtype93.a(framer-802154.o)
                                        0x120 (size before relaxing)
 .eh_frame      0x000000000002f578       0xc0 obj_cooja/mtype93.a(nullmac.o)
                                         0xd8 (size before relaxing)
 .eh_frame      0x000000000002f638      0x2c0 obj_cooja/mtype93.a(cxmac.o)
                                        0x2d8 (size before relaxing)
 .eh_frame      0x000000000002f8f8       0x80 obj_cooja/mtype93.a(linkaddr.o)
                                         0x98 (size before relaxing)
 .eh_frame      0x000000000002f978      0x2cc obj_cooja/mtype93.a(nbr-table.o)
                                        0x2e4 (size before relaxing)
 .eh_frame      0x000000000002fc44       0x20 obj_cooja/mtype93.a(netstack.o)
                                         0x38 (size before relaxing)
 .eh_frame      0x000000000002fc64      0x214 obj_cooja/mtype93.a(packetbuf.o)
                                        0x22c (size before relaxing)
 .eh_frame      0x000000000002fe78      0x1a0 obj_cooja/mtype93.a(queuebuf.o)
                                        0x1b8 (size before relaxing)
 .eh_frame      0x0000000000030018       0x80 obj_cooja/mtype93.a(nullsec.o)
                                         0x98 (size before relaxing)
 .eh_frame      0x0000000000030098       0xa0 obj_cooja/mtype93.a(watchdog.o)
                                         0xb8 (size before relaxing)
 .eh_frame      0x0000000000030138      0x100 obj_cooja/mtype93.a(leds.o)
                                        0x118 (size before relaxing)
 .eh_frame      0x0000000000030238       0xa0 obj_cooja/mtype93.a(memb.o)
                                         0xb8 (size before relaxing)
 .eh_frame      0x00000000000302d8      0x164 obj_cooja/mtype93.a(uip-icmp6.o)
                                        0x17c (size before relaxing)
 .eh_frame      0x000000000003043c       0x68 obj_cooja/mtype93.a(uip-nd6.o)
                                         0x80 (size before relaxing)
 .eh_frame      0x00000000000304a4       0xc0 obj_cooja/mtype93.a(rpl-nbr-policy.)
                                         0xd8 (size before relaxing)
 .eh_frame      0x0000000000030564      0x164 obj_cooja/mtype93.a(frame802154.o)
                                        0x17c (size before relaxing)
 .eh_frame      0x00000000000306c8       0x20 obj_cooja/mtype93.a(mac.o)
                                         0x38 (size before relaxing)
 .eh_frame      0x00000000000306e8        0x4 /usr/lib/gcc/i686-linux-gnu/4.8/crtendS.o

.gcc_except_table
 *(.gcc_except_table .gcc_except_table.*)

.exception_ranges
 *(.exception_ranges .exception_ranges*)
                0x00000000000306ec                . = (ALIGN (0x1000) - ((0x1000 - .) & 0xfff))
                0x0000000000031ef8                . = DATA_SEGMENT_ALIGN (0x1000, 0x1000)

.eh_frame
 *(.eh_frame)

.gcc_except_table
 *(.gcc_except_table .gcc_except_table.*)

.exception_ranges
 *(.exception_ranges .exception_ranges*)

.tdata
 *(.tdata .tdata.* .gnu.linkonce.td.*)

.tbss
 *(.tbss .tbss.* .gnu.linkonce.tb.*)
 *(.tcommon)

.preinit_array
 *(.preinit_array)

.init_array     0x0000000000031ef8        0x4
 *(SORT(.init_array.*) SORT(.ctors.*))
 *(.init_array EXCLUDE_FILE(*crtend?.o *crtend.o *crtbegin?.o *crtbegin.o) .ctors)
 .init_array    0x0000000000031ef8        0x4 /usr/lib/gcc/i686-linux-gnu/4.8/crtbeginS.o

.fini_array     0x0000000000031efc        0x4
 *(SORT(.fini_array.*) SORT(.dtors.*))
 *(.fini_array EXCLUDE_FILE(*crtend?.o *crtend.o *crtbegin?.o *crtbegin.o) .dtors)
 .fini_array    0x0000000000031efc        0x4 /usr/lib/gcc/i686-linux-gnu/4.8/crtbeginS.o

.ctors
 *crtbegin.o(.ctors)
 *crtbegin?.o(.ctors)
 *(EXCLUDE_FILE(*crtend?.o *crtend.o) .ctors)
 *(SORT(.ctors.*))
 *(.ctors)

.dtors
 *crtbegin.o(.dtors)
 *crtbegin?.o(.dtors)
 *(EXCLUDE_FILE(*crtend?.o *crtend.o) .dtors)
 *(SORT(.dtors.*))
 *(.dtors)

.jcr            0x0000000000031f00        0x4
 *(.jcr)
 .jcr           0x0000000000031f00        0x0 /usr/lib/gcc/i686-linux-gnu/4.8/crtbeginS.o
 .jcr           0x0000000000031f00        0x4 /usr/lib/gcc/i686-linux-gnu/4.8/crtendS.o

.data.rel.ro
 *(.data.rel.ro.local* .gnu.linkonce.d.rel.ro.local.*)
 *(.data.rel.ro .data.rel.ro.* .gnu.linkonce.d.rel.ro.*)

.dynamic        0x0000000000031f04       0xe8
 *(.dynamic)
 .dynamic       0x0000000000031f04       0xe8 /usr/lib/gcc/i686-linux-gnu/4.8/../../../i386-linux-gnu/crti.o
                0x0000000000031f04                _DYNAMIC

.got            0x0000000000031fec       0x14
 *(.got)
 .got           0x0000000000031fec       0x14 /usr/lib/gcc/i686-linux-gnu/4.8/../../../i386-linux-gnu/crti.o
 *(.igot)
                0x0000000000032ff4                . = DATA_SEGMENT_RELRO_END (., (SIZEOF (.got.plt) >= 0xc)?0xc:0x0)

.got.plt        0x0000000000032000       0x14
 *(.got.plt)
 .got.plt       0x0000000000032000       0x14 /usr/lib/gcc/i686-linux-gnu/4.8/../../../i386-linux-gnu/crti.o
                0x0000000000032000                _GLOBAL_OFFSET_TABLE_
 *(.igot.plt)

.data           0x0000000000032020      0x29a
 *(.data .data.* .gnu.linkonce.d.*)
 .data          0x0000000000032020        0x0 /usr/lib/gcc/i686-linux-gnu/4.8/../../../i386-linux-gnu/crti.o
 .data          0x0000000000032020        0x0 /usr/lib/gcc/i686-linux-gnu/4.8/crtbeginS.o
 .data.rel      0x0000000000032020        0x4 /usr/lib/gcc/i686-linux-gnu/4.8/crtbeginS.o
                0x0000000000032020                __dso_handle
 .data          0x0000000000032024       0x10 udp-client.co
                0x0000000000032024                udp_client_process
 *fill*         0x0000000000032034        0xc 
 .data          0x0000000000032040       0x44 obj_cooja/mtype93.o
                0x0000000000032040                simInterfaces
                0x0000000000032074                sensors
 .data          0x0000000000032084        0x0 obj_cooja/mtype93.a(simEnvChange.o)
 .data          0x0000000000032084        0x0 obj_cooja/mtype93.a(cooja_mt.o)
 .data          0x0000000000032084        0x0 obj_cooja/mtype93.a(cooja_mtarch.o)
 .data          0x0000000000032084        0x0 obj_cooja/mtype93.a(rtimer-arch.o)
 .data          0x0000000000032084        0x0 obj_cooja/mtype93.a(beep.o)
 .data          0x0000000000032084        0x0 obj_cooja/mtype93.a(button-sensor.o)
 .data          0x0000000000032084        0x0 obj_cooja/mtype93.a(leds-arch.o)
 .data          0x0000000000032084        0x0 obj_cooja/mtype93.a(moteid.o)
 .data          0x0000000000032084        0x0 obj_cooja/mtype93.a(pir-sensor.o)
 .data          0x0000000000032084        0x0 obj_cooja/mtype93.a(rs232.o)
 .data          0x0000000000032084        0x0 obj_cooja/mtype93.a(vib-sensor.o)
 .data          0x0000000000032084        0x0 obj_cooja/mtype93.a(clock.o)
 .data          0x0000000000032084        0x0 obj_cooja/mtype93.a(log.o)
 .data          0x0000000000032084        0x0 obj_cooja/mtype93.a(cfs-cooja.o)
 .data          0x0000000000032084       0x40 obj_cooja/mtype93.a(cooja-radio.o)
                0x0000000000032084                simRadioChannelLR
                0x0000000000032088                simRadioHWOnLR
                0x000000000003208c                simSignalStrengthLR
                0x0000000000032090                simLastSignalStrengthLR
                0x0000000000032094                simPowerLR
                0x0000000000032098                simLQILR
                0x000000000003209c                simRadioChannel
                0x00000000000320a0                simRadioHWOn
                0x00000000000320a4                simSignalStrength
                0x00000000000320a8                simLastSignalStrength
                0x00000000000320ac                simPower
                0x00000000000320b0                simLQI
                0x00000000000320b4                cooja_radio_process
 .data          0x00000000000320c4        0x0 obj_cooja/mtype93.a(eeprom.o)
 .data          0x00000000000320c4        0x0 obj_cooja/mtype93.a(random.o)
 .data          0x00000000000320c4       0x10 obj_cooja/mtype93.a(sensors.o)
                0x00000000000320c4                sensors_process
 .data          0x00000000000320d4       0x3a obj_cooja/mtype93.a(dual_conf.o)
                0x00000000000320d4                radio_received
                0x00000000000320d8                dual_dio_broadcast
                0x00000000000320e8                dual_dis_broadcast
                0x00000000000320f8                dual_LSA_converge_broadcast
 .data          0x000000000003210e        0x0 obj_cooja/mtype93.a(autostart.o)
 *fill*         0x000000000003210e        0x2 
 .data          0x0000000000032110       0x14 obj_cooja/mtype93.a(ctimer.o)
                0x0000000000032114                ctimer_process
 .data          0x0000000000032124       0x10 obj_cooja/mtype93.a(etimer.o)
                0x0000000000032124                etimer_process
 .data          0x0000000000032134        0x0 obj_cooja/mtype93.a(log_message.o)
 .data          0x0000000000032134        0x0 obj_cooja/mtype93.a(process.o)
 .data          0x0000000000032134        0x0 obj_cooja/mtype93.a(residual.o)
 .data          0x0000000000032134        0x0 obj_cooja/mtype93.a(rtimer.o)
 .data          0x0000000000032134        0x0 obj_cooja/mtype93.a(stimer.o)
 .data          0x0000000000032134        0x0 obj_cooja/mtype93.a(timer.o)
 .data          0x0000000000032134       0x10 obj_cooja/mtype93.a(serial-line.o)
                0x0000000000032134                serial_line_process
 .data          0x0000000000032144        0x0 obj_cooja/mtype93.a(list.o)
 .data          0x0000000000032144        0x0 obj_cooja/mtype93.a(ringbuf.o)
 .data          0x0000000000032144        0x0 obj_cooja/mtype93.a(sicslowpan.o)
 .data          0x0000000000032144       0x14 obj_cooja/mtype93.a(uip-ds6-nbr.o)
                0x0000000000032154                ds6_neighbors
 .data          0x0000000000032158       0x44 obj_cooja/mtype93.a(uip-ds6-route.o)
                0x0000000000032168                nbr_routes
 .data          0x000000000003219c        0x0 obj_cooja/mtype93.a(uip-ds6.o)
 .data          0x000000000003219c        0x0 obj_cooja/mtype93.a(uip6.o)
 .data          0x000000000003219c       0x10 obj_cooja/mtype93.a(tcpip.o)
                0x000000000003219c                tcpip_process
 .data          0x00000000000321ac        0x0 obj_cooja/mtype93.a(uip-debug.o)
 .data          0x00000000000321ac        0xc obj_cooja/mtype93.a(uip-packetqueue)
 .data          0x00000000000321b8        0x0 obj_cooja/mtype93.a(uip-udp-packet.)
 .data          0x00000000000321b8       0x28 obj_cooja/mtype93.a(rpl-dag.o)
                0x00000000000321c8                rpl_parents
                0x00000000000321dc                rpl_children
 .data          0x00000000000321e0        0x0 obj_cooja/mtype93.a(rpl-ext-header.)
 .data          0x00000000000321e0       0x40 obj_cooja/mtype93.a(rpl-icmp6.o)
 .data          0x0000000000032220       0x1c obj_cooja/mtype93.a(rpl-ltmax.o)
                0x0000000000032220                rpl_ltmax_of
 .data          0x000000000003223c        0x0 obj_cooja/mtype93.a(rpl-timers.o)
 .data          0x000000000003223c        0x0 obj_cooja/mtype93.a(rpl.o)
 .data          0x000000000003223c        0x0 obj_cooja/mtype93.a(framer-802154.o)
 .data          0x000000000003223c        0x0 obj_cooja/mtype93.a(nullmac.o)
 .data          0x000000000003223c       0x30 obj_cooja/mtype93.a(cxmac.o)
                0x000000000003223c                cxmac_config
                0x000000000003224c                strobe_wait
 .data          0x000000000003226c        0x0 obj_cooja/mtype93.a(linkaddr.o)
 .data          0x000000000003226c       0x10 obj_cooja/mtype93.a(nbr-table.o)
 .data          0x000000000003227c        0x0 obj_cooja/mtype93.a(netstack.o)
 .data          0x000000000003227c        0x4 obj_cooja/mtype93.a(packetbuf.o)
 .data          0x0000000000032280       0x18 obj_cooja/mtype93.a(queuebuf.o)
 .data          0x0000000000032298        0x0 obj_cooja/mtype93.a(nullsec.o)
 .data          0x0000000000032298        0x0 obj_cooja/mtype93.a(watchdog.o)
 .data          0x0000000000032298        0x0 obj_cooja/mtype93.a(rimestats.o)
 .data          0x0000000000032298        0x0 obj_cooja/mtype93.a(leds.o)
 .data          0x0000000000032298        0x0 obj_cooja/mtype93.a(memb.o)
 .data          0x0000000000032298       0x20 obj_cooja/mtype93.a(uip-icmp6.o)
 .data          0x00000000000322b8        0x0 obj_cooja/mtype93.a(uip-nd6.o)
 .data          0x00000000000322b8        0x0 obj_cooja/mtype93.a(rpl-nbr-policy.)
 .data          0x00000000000322b8        0x2 obj_cooja/mtype93.a(frame802154.o)
 .data          0x00000000000322ba        0x0 obj_cooja/mtype93.a(mac.o)
 .data          0x00000000000322ba        0x0 /usr/lib/gcc/i686-linux-gnu/4.8/crtendS.o
 .data          0x00000000000322ba        0x0 /usr/lib/gcc/i686-linux-gnu/4.8/../../../i386-linux-gnu/crtn.o

.tm_clone_table
                0x00000000000322bc        0x0
 .tm_clone_table
                0x00000000000322bc        0x0 /usr/lib/gcc/i686-linux-gnu/4.8/crtbeginS.o
 .tm_clone_table
                0x00000000000322bc        0x0 /usr/lib/gcc/i686-linux-gnu/4.8/crtendS.o

.data1
 *(.data1)
                0x00000000000322bc                _edata = .
                0x00000000000322bc                PROVIDE (edata, .)
                0x00000000000322bc                . = .
                0x00000000000322bc                __bss_start = .

.bss            0x00000000000322c0     0x8368
 *(.dynbss)
 .dynbss        0x0000000000000000        0x0 /usr/lib/gcc/i686-linux-gnu/4.8/../../../i386-linux-gnu/crti.o
 *(.bss .bss.* .gnu.linkonce.b.*)
 .bss           0x00000000000322c0        0x0 /usr/lib/gcc/i686-linux-gnu/4.8/../../../i386-linux-gnu/crti.o
 .bss           0x00000000000322c0        0x1 /usr/lib/gcc/i686-linux-gnu/4.8/crtbeginS.o
 *fill*         0x00000000000322c1       0x1f 
 .bss           0x00000000000322e0       0x60 udp-client.co
                0x00000000000322e0                my_weight
 .bss           0x0000000000032340     0x2030 obj_cooja/mtype93.o
 .bss           0x0000000000034370        0x1 obj_cooja/mtype93.a(simEnvChange.o)
                0x0000000000034370                simDontFallAsleep
 *fill*         0x0000000000034371        0x3 
 .bss           0x0000000000034374        0x4 obj_cooja/mtype93.a(cooja_mt.o)
 .bss           0x0000000000034378        0x4 obj_cooja/mtype93.a(cooja_mtarch.o)
 .bss           0x000000000003437c        0xc obj_cooja/mtype93.a(rtimer-arch.o)
 .bss           0x0000000000034388        0x0 obj_cooja/mtype93.a(beep.o)
 .bss           0x0000000000034388        0x8 obj_cooja/mtype93.a(button-sensor.o)
 .bss           0x0000000000034390        0x0 obj_cooja/mtype93.a(leds-arch.o)
 .bss           0x0000000000034390        0x0 obj_cooja/mtype93.a(moteid.o)
 .bss           0x0000000000034390        0x1 obj_cooja/mtype93.a(pir-sensor.o)
                0x0000000000034390                simPirValue
 *fill*         0x0000000000034391        0x3 
 .bss           0x0000000000034394        0x4 obj_cooja/mtype93.a(rs232.o)
 .bss           0x0000000000034398        0x1 obj_cooja/mtype93.a(vib-sensor.o)
                0x0000000000034398                simVibValue
 .bss           0x0000000000034399        0x0 obj_cooja/mtype93.a(clock.o)
 *fill*         0x0000000000034399        0x7 
 .bss           0x00000000000343a0      0x420 obj_cooja/mtype93.a(log.o)
 .bss           0x00000000000347c0      0xfc0 obj_cooja/mtype93.a(cfs-cooja.o)
                0x00000000000347c0                simCFSData
                0x0000000000035760                simCFSSize
                0x0000000000035764                simCFSChanged
                0x0000000000035768                simCFSRead
                0x000000000003576c                simCFSWritten
 .bss           0x0000000000035780       0x24 obj_cooja/mtype93.a(cooja-radio.o)
                0x0000000000035780                simReceivingLR
                0x0000000000035784                simInSizeLR
                0x0000000000035788                simOutSizeLR
                0x000000000003578c                simReceiving
                0x0000000000035790                simInSize
                0x0000000000035794                simOutSize
                0x0000000000035798                LongRangeTransmit
                0x000000000003579c                LongRangeReceiving
 .bss           0x00000000000357a4        0xc obj_cooja/mtype93.a(eeprom.o)
                0x00000000000357a4                simEEPROMChanged
                0x00000000000357a8                simEEPROMRead
                0x00000000000357ac                simEEPROMWritten
 .bss           0x00000000000357b0        0x0 obj_cooja/mtype93.a(random.o)
 .bss           0x00000000000357b0        0xc obj_cooja/mtype93.a(sensors.o)
 .bss           0x00000000000357bc       0x3c obj_cooja/mtype93.a(dual_conf.o)
                0x00000000000357bc                long_range_radio
 .bss           0x00000000000357f8        0x0 obj_cooja/mtype93.a(autostart.o)
 .bss           0x00000000000357f8        0x5 obj_cooja/mtype93.a(ctimer.o)
 *fill*         0x00000000000357fd        0x3 
 .bss           0x0000000000035800        0x8 obj_cooja/mtype93.a(etimer.o)
 .bss           0x0000000000035808        0x0 obj_cooja/mtype93.a(log_message.o)
 *fill*         0x0000000000035808       0x18 
 .bss           0x0000000000035820      0x1b1 obj_cooja/mtype93.a(process.o)
                0x0000000000035820                process_list
                0x0000000000035824                process_current
 .bss           0x00000000000359d1        0x0 obj_cooja/mtype93.a(residual.o)
 *fill*         0x00000000000359d1        0x3 
 .bss           0x00000000000359d4        0x4 obj_cooja/mtype93.a(rtimer.o)
 .bss           0x00000000000359d8        0x0 obj_cooja/mtype93.a(stimer.o)
 .bss           0x00000000000359d8        0x0 obj_cooja/mtype93.a(timer.o)
 *fill*         0x00000000000359d8        0x8 
 .bss           0x00000000000359e0      0x140 obj_cooja/mtype93.a(serial-line.o)
 .bss           0x0000000000035b20        0x0 obj_cooja/mtype93.a(list.o)
 .bss           0x0000000000035b20        0x0 obj_cooja/mtype93.a(ringbuf.o)
 .bss           0x0000000000035b20      0x70c obj_cooja/mtype93.a(sicslowpan.o)
 *fill*         0x000000000003622c       0x14 
 .bss           0x0000000000036240       0xc0 obj_cooja/mtype93.a(uip-ds6-nbr.o)
 .bss           0x0000000000036300      0x4a8 obj_cooja/mtype93.a(uip-ds6-route.o)
 .bss           0x00000000000367a8       0x30 obj_cooja/mtype93.a(uip-ds6.o)
 .bss           0x00000000000367d8        0xe obj_cooja/mtype93.a(uip6.o)
                0x00000000000367d8                uip_ext_bitmap
                0x00000000000367d9                uip_ext_len
                0x00000000000367da                uip_ext_opt_offset
 *fill*         0x00000000000367e6       0x1a 
 .bss           0x0000000000036800       0x6b obj_cooja/mtype93.a(tcpip.o)
 .bss           0x000000000003686b        0x0 obj_cooja/mtype93.a(uip-debug.o)
 *fill*         0x000000000003686b       0x15 
 .bss           0x0000000000036880      0xcf8 obj_cooja/mtype93.a(uip-packetqueue)
 .bss           0x0000000000037578        0x0 obj_cooja/mtype93.a(uip-udp-packet.)
 *fill*         0x0000000000037578        0x8 
 .bss           0x0000000000037580       0x88 obj_cooja/mtype93.a(rpl-dag.o)
 .bss           0x0000000000037608        0x0 obj_cooja/mtype93.a(rpl-ext-header.)
 .bss           0x0000000000037608        0x0 obj_cooja/mtype93.a(rpl-icmp6.o)
 .bss           0x0000000000037608        0x0 obj_cooja/mtype93.a(rpl-ltmax.o)
 *fill*         0x0000000000037608       0x18 
 .bss           0x0000000000037620       0x60 obj_cooja/mtype93.a(rpl-timers.o)
 .bss           0x0000000000037680        0x4 obj_cooja/mtype93.a(rpl.o)
 .bss           0x0000000000037684        0x2 obj_cooja/mtype93.a(framer-802154.o)
 .bss           0x0000000000037686        0x0 obj_cooja/mtype93.a(nullmac.o)
 *fill*         0x0000000000037686       0x1a 
 .bss           0x00000000000376a0       0xb0 obj_cooja/mtype93.a(cxmac.o)
 .bss           0x0000000000037750        0x0 obj_cooja/mtype93.a(linkaddr.o)
 *fill*         0x0000000000037750       0x10 
 .bss           0x0000000000037760       0xc4 obj_cooja/mtype93.a(nbr-table.o)
 .bss           0x0000000000037824        0x0 obj_cooja/mtype93.a(netstack.o)
 *fill*         0x0000000000037824       0x1c 
 .bss           0x0000000000037840       0xa0 obj_cooja/mtype93.a(packetbuf.o)
 .bss           0x00000000000378e0      0xb80 obj_cooja/mtype93.a(queuebuf.o)
 .bss           0x0000000000038460        0x0 obj_cooja/mtype93.a(nullsec.o)
 .bss           0x0000000000038460        0x0 obj_cooja/mtype93.a(watchdog.o)
 .bss           0x0000000000038460        0x0 obj_cooja/mtype93.a(rimestats.o)
 .bss           0x0000000000038460        0x1 obj_cooja/mtype93.a(leds.o)
 .bss           0x0000000000038461        0x0 obj_cooja/mtype93.a(memb.o)
 *fill*         0x0000000000038461        0x3 
 .bss           0x0000000000038464       0x18 obj_cooja/mtype93.a(uip-icmp6.o)
 .bss           0x000000000003847c        0x0 obj_cooja/mtype93.a(uip-nd6.o)
 *fill*         0x000000000003847c        0x4 
 .bss           0x0000000000038480       0x44 obj_cooja/mtype93.a(rpl-nbr-policy.)
 .bss           0x00000000000384c4        0x0 obj_cooja/mtype93.a(frame802154.o)
 .bss           0x00000000000384c4        0x0 obj_cooja/mtype93.a(mac.o)
 .bss           0x00000000000384c4        0x0 /usr/lib/gcc/i686-linux-gnu/4.8/crtendS.o
 .bss           0x00000000000384c4        0x0 /usr/lib/gcc/i686-linux-gnu/4.8/../../../i386-linux-gnu/crtn.o
 *(COMMON)
 COMMON         0x00000000000384c4       0x4c udp-client.co
                0x00000000000384c4                dio_count
                0x00000000000384c8                dis_count
                0x00000000000384cc                collision_count
                0x00000000000384d0                transmission_count
                0x00000000000384d4                COOJA_radioRxLong
                0x00000000000384d8                control_message_count
                0x00000000000384dc                dao_count
                0x00000000000384e0                COOJA_radioTx
                0x00000000000384e4                LSA_SR_preamble
                0x00000000000384e8                data_relay_count
                0x00000000000384ec                data_message_count
                0x00000000000384f0                LSA_converge
                0x00000000000384f1                my_sink_reachability
                0x00000000000384f4                COOJA_radioTxLong
                0x00000000000384f8                COOJA_radioRx
                0x00000000000384fc                my_parent_number
                0x0000000000038500                COOJA_radioOn
                0x0000000000038504                COOJA_duration
                0x0000000000038508                dio_ack_count
                0x000000000003850c                COOJA_radioOnLong
 COMMON         0x0000000000038510        0xc obj_cooja/mtype93.o
                0x0000000000038510                referenceVar
                0x0000000000038514                debugfp
                0x0000000000038518                sensors_flags
 COMMON         0x000000000003851c        0xc obj_cooja/mtype93.a(simEnvChange.o)
                0x000000000003851c                simEtimerPending
                0x0000000000038520                simProcessRunValue
                0x0000000000038524                simNextExpirationTime
 COMMON         0x0000000000038528        0x1 obj_cooja/mtype93.a(beep.o)
                0x0000000000038528                simBeeped
 COMMON         0x0000000000038529        0x3 obj_cooja/mtype93.a(button-sensor.o)
                0x0000000000038529                simButtonIsActive
                0x000000000003852a                simButtonIsDown
                0x000000000003852b                simButtonChanged
 COMMON         0x000000000003852c        0x1 obj_cooja/mtype93.a(leds-arch.o)
                0x000000000003852c                simLedsValue
 *fill*         0x000000000003852d        0x3 
 COMMON         0x0000000000038530        0xc obj_cooja/mtype93.a(moteid.o)
                0x0000000000038530                simRandomSeed
                0x0000000000038534                simMoteIDChanged
                0x0000000000038538                simMoteID
 COMMON         0x000000000003853c        0x2 obj_cooja/mtype93.a(pir-sensor.o)
                0x000000000003853c                simPirIsActive
                0x000000000003853d                simPirChanged
 *fill*         0x000000000003853e        0x2 
 COMMON         0x0000000000038540      0x820 obj_cooja/mtype93.a(rs232.o)
                0x0000000000038540                simSerialReceivingFlag
                0x0000000000038544                simSerialReceivingLength
                0x0000000000038560                simSerialReceivingData
 COMMON         0x0000000000038d60        0x2 obj_cooja/mtype93.a(vib-sensor.o)
                0x0000000000038d60                simVibChanged
                0x0000000000038d61                simVibIsActive
 *fill*         0x0000000000038d62        0x2 
 COMMON         0x0000000000038d64        0x4 obj_cooja/mtype93.a(clock.o)
                0x0000000000038d64                simCurrentTime
 *fill*         0x0000000000038d68       0x18 
 COMMON         0x0000000000038d80      0x420 obj_cooja/mtype93.a(log.o)
                0x0000000000038d80                simLoggedLength
                0x0000000000038d84                simLoggedFlag
                0x0000000000038da0                simLoggedData
 COMMON         0x00000000000391a0      0x240 obj_cooja/mtype93.a(cooja-radio.o)
                0x00000000000391a0                simOutDataBuffer
                0x0000000000039220                simRadioTarget
                0x0000000000039240                simInDataBufferLR
                0x00000000000392c0                simOutDataBufferLR
                0x0000000000039340                dual_duty_cycle_count
                0x0000000000039360                simInDataBuffer
 COMMON         0x00000000000393e0      0x400 obj_cooja/mtype93.a(eeprom.o)
                0x00000000000393e0                simEEPROMData
 COMMON         0x00000000000397e0        0x1 obj_cooja/mtype93.a(sensors.o)
                0x00000000000397e0                sensors_event
 *fill*         0x00000000000397e1        0x3 
 COMMON         0x00000000000397e4        0x4 obj_cooja/mtype93.a(log_message.o)
                0x00000000000397e4                log_fp
 COMMON         0x00000000000397e8        0x1 obj_cooja/mtype93.a(serial-line.o)
                0x00000000000397e8                serial_line_event_message
 COMMON         0x00000000000397e9        0x1 obj_cooja/mtype93.a(sicslowpan.o)
                0x00000000000397e9                p
 *fill*         0x00000000000397ea       0x16 
 COMMON         0x0000000000039800       0x50 obj_cooja/mtype93.a(uip-ds6-nbr.o)
                0x0000000000039800                ds6_lr_addrmap
 *fill*         0x0000000000039850       0x10 
 COMMON         0x0000000000039860      0x298 obj_cooja/mtype93.a(uip-ds6.o)
                0x0000000000039860                uip_ds6_prefix_list
                0x00000000000398c0                uip_ds6_timer_periodic
                0x00000000000398d0                uip_ds6_netif_addr_list_offset
                0x00000000000398e0                uip_ds6_if
                0x00000000000399d8                uip_ds6_timer_ra
                0x00000000000399e0                uip_ds6_addr_size
                0x0000000000039a00                long_uip_ds6_if
 *fill*         0x0000000000039af8        0x8 
 COMMON         0x0000000000039b00      0x8ec obj_cooja/mtype93.a(uip6.o)
                0x0000000000039b00                uip_slen
                0x0000000000039b02                uip_acc32
                0x0000000000039b20                uip_conns
                0x0000000000039be0                uip_lladdr
                0x0000000000039be8                uip_appdata
                0x0000000000039bec                uip_flags
                0x0000000000039c00                uip_aligned_buf
                0x000000000003a240                uip_listenports
                0x000000000003a250                uip_len
                0x000000000003a252                uip_long_lladdr
                0x000000000003a25c                uip_sappdata
                0x000000000003a260                uip_udp_conns
                0x000000000003a3e0                uip_udp_conn
                0x000000000003a3e4                uip_next_hdr
                0x000000000003a3e8                uip_conn
 COMMON         0x000000000003a3ec        0x1 obj_cooja/mtype93.a(tcpip.o)
                0x000000000003a3ec                tcpip_event
 *fill*         0x000000000003a3ed       0x13 
 COMMON         0x000000000003a400      0x198 obj_cooja/mtype93.a(rpl-dag.o)
                0x000000000003a400                default_instance
                0x000000000003a420                instance_table
 COMMON         0x000000000003a598       0x10 obj_cooja/mtype93.a(linkaddr.o)
                0x000000000003a598                linkaddr_node_addr
                0x000000000003a5a0                long_linkaddr_node_addr
 COMMON         0x000000000003a5a8       0x2e obj_cooja/mtype93.a(packetbuf.o)
                0x000000000003a5a8                packetbuf_attrs
                0x000000000003a5c6                packetbuf_addrs
 *fill*         0x000000000003a5d6        0xa 
 COMMON         0x000000000003a5e0       0x48 obj_cooja/mtype93.a(rimestats.o)
                0x000000000003a5e0                rimestats
                0x000000000003a628                . = ALIGN ((. != 0x0)?0x4:0x1)
                0x000000000003a628                . = ALIGN (0x4)
                0x000000000003a628                . = SEGMENT_START ("ldata-segment", .)
                0x000000000003a628                . = ALIGN (0x4)
                0x000000000003a628                _end = .
                0x000000000003a628                PROVIDE (end, .)
                0x000000000003a628                . = DATA_SEGMENT_END (.)

.stab
 *(.stab)

.stabstr
 *(.stabstr)

.stab.excl
 *(.stab.excl)

.stab.exclstr
 *(.stab.exclstr)

.stab.index
 *(.stab.index)

.stab.indexstr
 *(.stab.indexstr)

.comment        0x0000000000000000       0x29
 *(.comment)
 .comment       0x0000000000000000       0x29 /usr/lib/gcc/i686-linux-gnu/4.8/crtbeginS.o
                                         0x2a (size before relaxing)
 .comment       0x0000000000000000       0x2a udp-client.co
 .comment       0x0000000000000000       0x2a obj_cooja/mtype93.o
 .comment       0x0000000000000000       0x2a obj_cooja/mtype93.a(simEnvChange.o)
 .comment       0x0000000000000000       0x2a obj_cooja/mtype93.a(cooja_mt.o)
 .comment       0x0000000000000000       0x2a obj_cooja/mtype93.a(cooja_mtarch.o)
 .comment       0x0000000000000000       0x2a obj_cooja/mtype93.a(rtimer-arch.o)
 .comment       0x0000000000000000       0x2a obj_cooja/mtype93.a(beep.o)
 .comment       0x0000000000000000       0x2a obj_cooja/mtype93.a(button-sensor.o)
 .comment       0x0000000000000000       0x2a obj_cooja/mtype93.a(leds-arch.o)
 .comment       0x0000000000000000       0x2a obj_cooja/mtype93.a(moteid.o)
 .comment       0x0000000000000000       0x2a obj_cooja/mtype93.a(pir-sensor.o)
 .comment       0x0000000000000000       0x2a obj_cooja/mtype93.a(rs232.o)
 .comment       0x0000000000000000       0x2a obj_cooja/mtype93.a(vib-sensor.o)
 .comment       0x0000000000000000       0x2a obj_cooja/mtype93.a(clock.o)
 .comment       0x0000000000000000       0x2a obj_cooja/mtype93.a(log.o)
 .comment       0x0000000000000000       0x2a obj_cooja/mtype93.a(cfs-cooja.o)
 .comment       0x0000000000000000       0x2a obj_cooja/mtype93.a(cooja-radio.o)
 .comment       0x0000000000000000       0x2a obj_cooja/mtype93.a(eeprom.o)
 .comment       0x0000000000000000       0x2a obj_cooja/mtype93.a(random.o)
 .comment       0x0000000000000000       0x2a obj_cooja/mtype93.a(sensors.o)
 .comment       0x0000000000000000       0x2a obj_cooja/mtype93.a(dual_conf.o)
 .comment       0x0000000000000000       0x2a obj_cooja/mtype93.a(autostart.o)
 .comment       0x0000000000000000       0x2a obj_cooja/mtype93.a(ctimer.o)
 .comment       0x0000000000000000       0x2a obj_cooja/mtype93.a(etimer.o)
 .comment       0x0000000000000000       0x2a obj_cooja/mtype93.a(log_message.o)
 .comment       0x0000000000000000       0x2a obj_cooja/mtype93.a(process.o)
 .comment       0x0000000000000000       0x2a obj_cooja/mtype93.a(residual.o)
 .comment       0x0000000000000000       0x2a obj_cooja/mtype93.a(rtimer.o)
 .comment       0x0000000000000000       0x2a obj_cooja/mtype93.a(stimer.o)
 .comment       0x0000000000000000       0x2a obj_cooja/mtype93.a(timer.o)
 .comment       0x0000000000000000       0x2a obj_cooja/mtype93.a(serial-line.o)
 .comment       0x0000000000000000       0x2a obj_cooja/mtype93.a(list.o)
 .comment       0x0000000000000000       0x2a obj_cooja/mtype93.a(ringbuf.o)
 .comment       0x0000000000000000       0x2a obj_cooja/mtype93.a(sicslowpan.o)
 .comment       0x0000000000000000       0x2a obj_cooja/mtype93.a(uip-ds6-nbr.o)
 .comment       0x0000000000000000       0x2a obj_cooja/mtype93.a(uip-ds6-route.o)
 .comment       0x0000000000000000       0x2a obj_cooja/mtype93.a(uip-ds6.o)
 .comment       0x0000000000000000       0x2a obj_cooja/mtype93.a(uip6.o)
 .comment       0x0000000000000000       0x2a obj_cooja/mtype93.a(tcpip.o)
 .comment       0x0000000000000000       0x2a obj_cooja/mtype93.a(uip-debug.o)
 .comment       0x0000000000000000       0x2a obj_cooja/mtype93.a(uip-packetqueue)
 .comment       0x0000000000000000       0x2a obj_cooja/mtype93.a(uip-udp-packet.)
 .comment       0x0000000000000000       0x2a obj_cooja/mtype93.a(rpl-dag.o)
 .comment       0x0000000000000000       0x2a obj_cooja/mtype93.a(rpl-ext-header.)
 .comment       0x0000000000000000       0x2a obj_cooja/mtype93.a(rpl-icmp6.o)
 .comment       0x0000000000000000       0x2a obj_cooja/mtype93.a(rpl-ltmax.o)
 .comment       0x0000000000000000       0x2a obj_cooja/mtype93.a(rpl-timers.o)
 .comment       0x0000000000000000       0x2a obj_cooja/mtype93.a(rpl.o)
 .comment       0x0000000000000000       0x2a obj_cooja/mtype93.a(framer-802154.o)
 .comment       0x0000000000000000       0x2a obj_cooja/mtype93.a(nullmac.o)
 .comment       0x0000000000000000       0x2a obj_cooja/mtype93.a(cxmac.o)
 .comment       0x0000000000000000       0x2a obj_cooja/mtype93.a(linkaddr.o)
 .comment       0x0000000000000000       0x2a obj_cooja/mtype93.a(nbr-table.o)
 .comment       0x0000000000000000       0x2a obj_cooja/mtype93.a(netstack.o)
 .comment       0x0000000000000000       0x2a obj_cooja/mtype93.a(packetbuf.o)
 .comment       0x0000000000000000       0x2a obj_cooja/mtype93.a(queuebuf.o)
 .comment       0x0000000000000000       0x2a obj_cooja/mtype93.a(nullsec.o)
 .comment       0x0000000000000000       0x2a obj_cooja/mtype93.a(watchdog.o)
 .comment       0x0000000000000000       0x2a obj_cooja/mtype93.a(rimestats.o)
 .comment       0x0000000000000000       0x2a obj_cooja/mtype93.a(leds.o)
 .comment       0x0000000000000000       0x2a obj_cooja/mtype93.a(memb.o)
 .comment       0x0000000000000000       0x2a obj_cooja/mtype93.a(uip-icmp6.o)
 .comment       0x0000000000000000       0x2a obj_cooja/mtype93.a(uip-nd6.o)
 .comment       0x0000000000000000       0x2a obj_cooja/mtype93.a(rpl-nbr-policy.)
 .comment       0x0000000000000000       0x2a obj_cooja/mtype93.a(frame802154.o)
 .comment       0x0000000000000000       0x2a obj_cooja/mtype93.a(mac.o)
 .comment       0x0000000000000000       0x2a /usr/lib/gcc/i686-linux-gnu/4.8/crtendS.o

.debug
 *(.debug)

.line
 *(.line)

.debug_srcinfo
 *(.debug_srcinfo)

.debug_sfnames
 *(.debug_sfnames)

.debug_aranges  0x0000000000000000      0x838
 *(.debug_aranges)
 .debug_aranges
                0x0000000000000000       0x20 udp-client.co
 .debug_aranges
                0x0000000000000020       0x20 obj_cooja/mtype93.o
 .debug_aranges
                0x0000000000000040       0x20 obj_cooja/mtype93.a(simEnvChange.o)
 .debug_aranges
                0x0000000000000060       0x20 obj_cooja/mtype93.a(cooja_mt.o)
 .debug_aranges
                0x0000000000000080       0x20 obj_cooja/mtype93.a(cooja_mtarch.o)
 .debug_aranges
                0x00000000000000a0       0x20 obj_cooja/mtype93.a(rtimer-arch.o)
 .debug_aranges
                0x00000000000000c0       0x20 obj_cooja/mtype93.a(beep.o)
 .debug_aranges
                0x00000000000000e0       0x20 obj_cooja/mtype93.a(button-sensor.o)
 .debug_aranges
                0x0000000000000100       0x20 obj_cooja/mtype93.a(leds-arch.o)
 .debug_aranges
                0x0000000000000120       0x20 obj_cooja/mtype93.a(moteid.o)
 .debug_aranges
                0x0000000000000140       0x20 obj_cooja/mtype93.a(pir-sensor.o)
 .debug_aranges
                0x0000000000000160       0x20 obj_cooja/mtype93.a(rs232.o)
 .debug_aranges
                0x0000000000000180       0x20 obj_cooja/mtype93.a(vib-sensor.o)
 .debug_aranges
                0x00000000000001a0       0x20 obj_cooja/mtype93.a(clock.o)
 .debug_aranges
                0x00000000000001c0       0x20 obj_cooja/mtype93.a(log.o)
 .debug_aranges
                0x00000000000001e0       0x20 obj_cooja/mtype93.a(cfs-cooja.o)
 .debug_aranges
                0x0000000000000200       0x20 obj_cooja/mtype93.a(cooja-radio.o)
 .debug_aranges
                0x0000000000000220       0x20 obj_cooja/mtype93.a(eeprom.o)
 .debug_aranges
                0x0000000000000240       0x20 obj_cooja/mtype93.a(random.o)
 .debug_aranges
                0x0000000000000260       0x20 obj_cooja/mtype93.a(sensors.o)
 .debug_aranges
                0x0000000000000280       0x20 obj_cooja/mtype93.a(dual_conf.o)
 .debug_aranges
                0x00000000000002a0       0x20 obj_cooja/mtype93.a(autostart.o)
 .debug_aranges
                0x00000000000002c0       0x20 obj_cooja/mtype93.a(ctimer.o)
 .debug_aranges
                0x00000000000002e0       0x20 obj_cooja/mtype93.a(etimer.o)
 .debug_aranges
                0x0000000000000300       0x20 obj_cooja/mtype93.a(log_message.o)
 .debug_aranges
                0x0000000000000320       0x20 obj_cooja/mtype93.a(process.o)
 .debug_aranges
                0x0000000000000340       0x20 obj_cooja/mtype93.a(residual.o)
 .debug_aranges
                0x0000000000000360       0x20 obj_cooja/mtype93.a(rtimer.o)
 .debug_aranges
                0x0000000000000380       0x20 obj_cooja/mtype93.a(stimer.o)
 .debug_aranges
                0x00000000000003a0       0x20 obj_cooja/mtype93.a(timer.o)
 .debug_aranges
                0x00000000000003c0       0x20 obj_cooja/mtype93.a(serial-line.o)
 .debug_aranges
                0x00000000000003e0       0x20 obj_cooja/mtype93.a(list.o)
 .debug_aranges
                0x0000000000000400       0x20 obj_cooja/mtype93.a(ringbuf.o)
 .debug_aranges
                0x0000000000000420       0x20 obj_cooja/mtype93.a(sicslowpan.o)
 .debug_aranges
                0x0000000000000440       0x20 obj_cooja/mtype93.a(uip-ds6-nbr.o)
 .debug_aranges
                0x0000000000000460       0x20 obj_cooja/mtype93.a(uip-ds6-route.o)
 .debug_aranges
                0x0000000000000480       0x20 obj_cooja/mtype93.a(uip-ds6.o)
 .debug_aranges
                0x00000000000004a0       0x20 obj_cooja/mtype93.a(uip6.o)
 .debug_aranges
                0x00000000000004c0       0x20 obj_cooja/mtype93.a(tcpip.o)
 .debug_aranges
                0x00000000000004e0       0x20 obj_cooja/mtype93.a(uip-debug.o)
 .debug_aranges
                0x0000000000000500       0x20 obj_cooja/mtype93.a(uip-packetqueue)
 .debug_aranges
                0x0000000000000520       0x20 obj_cooja/mtype93.a(uip-udp-packet.)
 .debug_aranges
                0x0000000000000540       0x20 obj_cooja/mtype93.a(rpl-dag.o)
 .debug_aranges
                0x0000000000000560       0x20 obj_cooja/mtype93.a(rpl-ext-header.)
 .debug_aranges
                0x0000000000000580       0x20 obj_cooja/mtype93.a(rpl-icmp6.o)
 .debug_aranges
                0x00000000000005a0       0x20 obj_cooja/mtype93.a(rpl-ltmax.o)
 .debug_aranges
                0x00000000000005c0       0x20 obj_cooja/mtype93.a(rpl-timers.o)
 .debug_aranges
                0x00000000000005e0       0x20 obj_cooja/mtype93.a(rpl.o)
 .debug_aranges
                0x0000000000000600       0x20 obj_cooja/mtype93.a(framer-802154.o)
 .debug_aranges
                0x0000000000000620       0x20 obj_cooja/mtype93.a(nullmac.o)
 .debug_aranges
                0x0000000000000640       0x20 obj_cooja/mtype93.a(cxmac.o)
 .debug_aranges
                0x0000000000000660       0x20 obj_cooja/mtype93.a(linkaddr.o)
 .debug_aranges
                0x0000000000000680       0x20 obj_cooja/mtype93.a(nbr-table.o)
 .debug_aranges
                0x00000000000006a0       0x20 obj_cooja/mtype93.a(netstack.o)
 .debug_aranges
                0x00000000000006c0       0x20 obj_cooja/mtype93.a(packetbuf.o)
 .debug_aranges
                0x00000000000006e0       0x20 obj_cooja/mtype93.a(queuebuf.o)
 .debug_aranges
                0x0000000000000700       0x20 obj_cooja/mtype93.a(nullsec.o)
 .debug_aranges
                0x0000000000000720       0x20 obj_cooja/mtype93.a(watchdog.o)
 .debug_aranges
                0x0000000000000740       0x18 obj_cooja/mtype93.a(rimestats.o)
 .debug_aranges
                0x0000000000000758       0x20 obj_cooja/mtype93.a(leds.o)
 .debug_aranges
                0x0000000000000778       0x20 obj_cooja/mtype93.a(memb.o)
 .debug_aranges
                0x0000000000000798       0x20 obj_cooja/mtype93.a(uip-icmp6.o)
 .debug_aranges
                0x00000000000007b8       0x20 obj_cooja/mtype93.a(uip-nd6.o)
 .debug_aranges
                0x00000000000007d8       0x20 obj_cooja/mtype93.a(rpl-nbr-policy.)
 .debug_aranges
                0x00000000000007f8       0x20 obj_cooja/mtype93.a(frame802154.o)
 .debug_aranges
                0x0000000000000818       0x20 obj_cooja/mtype93.a(mac.o)

.debug_pubnames
 *(.debug_pubnames)

.debug_info     0x0000000000000000    0x1d5cd
 *(.debug_info .gnu.linkonce.wi.*)
 .debug_info    0x0000000000000000      0xa45 udp-client.co
 .debug_info    0x0000000000000a45     0x3ac4 obj_cooja/mtype93.o
 .debug_info    0x0000000000004509      0x15a obj_cooja/mtype93.a(simEnvChange.o)
 .debug_info    0x0000000000004663      0x1e2 obj_cooja/mtype93.a(cooja_mt.o)
 .debug_info    0x0000000000004845      0x2e7 obj_cooja/mtype93.a(cooja_mtarch.o)
 .debug_info    0x0000000000004b2c      0x16b obj_cooja/mtype93.a(rtimer-arch.o)