Archive member included to satisfy reference by file (symbol)

obj_cooja/mtype780.a(simEnvChange.o)
                              obj_cooja/mtype780.o (simDontFallAsleep)
obj_cooja/mtype780.a(cooja_mt.o)
                              obj_cooja/mtype780.o (cooja_mt_start)
obj_cooja/mtype780.a(cooja_mtarch.o)
                              obj_cooja/mtype780.a(cooja_mt.o) (cooja_mtarch_init)
obj_cooja/mtype780.a(rtimer-arch.o)
                              obj_cooja/mtype780.o (rtimer_arch_next)
obj_cooja/mtype780.a(beep.o)  obj_cooja/mtype780.o (beep_interface)
obj_cooja/mtype780.a(button-sensor.o)
                              obj_cooja/mtype780.o (button_interface)
obj_cooja/mtype780.a(leds-arch.o)
                              obj_cooja/mtype780.o (leds_interface)
obj_cooja/mtype780.a(moteid.o)
                              obj_cooja/mtype780.o (moteid_interface)
obj_cooja/mtype780.a(pir-sensor.o)
                              obj_cooja/mtype780.o (pir_interface)
obj_cooja/mtype780.a(rs232.o)
                              obj_cooja/mtype780.o (rs232_interface)
obj_cooja/mtype780.a(vib-sensor.o)
                              obj_cooja/mtype780.o (vib_interface)
obj_cooja/mtype780.a(clock.o)
                              obj_cooja/mtype780.o (clock_interface)
obj_cooja/mtype780.a(log.o)   obj_cooja/mtype780.o (simlog_interface)
obj_cooja/mtype780.a(cfs-cooja.o)
                              obj_cooja/mtype780.o (cfs_interface)
obj_cooja/mtype780.a(cooja-radio.o)
                              obj_cooja/mtype780.o (radio_interface)
obj_cooja/mtype780.a(eeprom.o)
                              obj_cooja/mtype780.o (eeprom_interface)
obj_cooja/mtype780.a(random.o)
                              obj_cooja/mtype780.a(moteid.o) (random_init)
obj_cooja/mtype780.a(sensors.o)
                              obj_cooja/mtype780.o (sensors_process)
obj_cooja/mtype780.a(dual_conf.o)
                              obj_cooja/mtype780.a(cooja-radio.o) (long_range_radio)
obj_cooja/mtype780.a(autostart.o)
                              obj_cooja/mtype780.o (autostart_start)
obj_cooja/mtype780.a(ctimer.o)
                              obj_cooja/mtype780.o (ctimer_init)
obj_cooja/mtype780.a(etimer.o)
                              obj_cooja/mtype780.o (etimer_process)
obj_cooja/mtype780.a(log_message.o)
                              obj_cooja/mtype780.o (log_initialization)
obj_cooja/mtype780.a(process.o)
                              udp-client.co (process_current)
obj_cooja/mtype780.a(residual.o)
                              udp-client.co (get_residual_energy)
obj_cooja/mtype780.a(rtimer.o)
                              obj_cooja/mtype780.a(rtimer-arch.o) (rtimer_run_next)
obj_cooja/mtype780.a(stimer.o)
                              udp-client.co (stimer_remaining)
obj_cooja/mtype780.a(timer.o)
                              obj_cooja/mtype780.a(button-sensor.o) (timer_set)
obj_cooja/mtype780.a(serial-line.o)
                              udp-client.co (serial_line_event_message)
obj_cooja/mtype780.a(list.o)  obj_cooja/mtype780.a(ctimer.o) (list_init)
obj_cooja/mtype780.a(ringbuf.o)
                              obj_cooja/mtype780.a(serial-line.o) (ringbuf_init)
obj_cooja/mtype780.a(sicslowpan.o)
                              obj_cooja/mtype780.o (sicslowpan_driver)
obj_cooja/mtype780.a(uip-ds6-nbr.o)
                              obj_cooja/mtype780.a(sicslowpan.o) (uip_ds6_link_neighbor_callback)
obj_cooja/mtype780.a(uip-ds6-route.o)
                              udp-client.co (uip_ds6_route_nexthop)
obj_cooja/mtype780.a(uip-ds6.o)
                              udp-client.co (uip_ds6_if)
obj_cooja/mtype780.a(uip6.o)  udp-client.co (uip_lladdr)
obj_cooja/mtype780.a(tcpip.o)
                              udp-client.co (tcpip_event)
obj_cooja/mtype780.a(uip-debug.o)
                              udp-client.co (uip_debug_ipaddr_print)
obj_cooja/mtype780.a(uip-packetqueue)
                              obj_cooja/mtype780.a(uip-ds6-nbr.o) (uip_packetqueue_new)
obj_cooja/mtype780.a(uip-udp-packet.)
                              udp-client.co (uip_udp_packet_sendto)
obj_cooja/mtype780.a(rpl-dag.o)
                              obj_cooja/mtype780.a(tcpip.o) (rpl_repair_root)
obj_cooja/mtype780.a(rpl-ext-header.)
                              obj_cooja/mtype780.a(uip6.o) (rpl_verify_header)
obj_cooja/mtype780.a(rpl-icmp6.o)
                              obj_cooja/mtype780.a(rpl-dag.o) (rpl_icmp6_update_nbr_table)
obj_cooja/mtype780.a(rpl-of0.o)
                              obj_cooja/mtype780.a(rpl-dag.o) (rpl_of0)
obj_cooja/mtype780.a(rpl-timers.o)
                              obj_cooja/mtype780.a(rpl-dag.o) (rpl_reset_dio_timer)
obj_cooja/mtype780.a(rpl.o)   obj_cooja/mtype780.a(rpl-icmp6.o) (rpl_get_mode)
obj_cooja/mtype780.a(framer-802154.o)
                              obj_cooja/mtype780.a(sicslowpan.o) (framer_802154)
obj_cooja/mtype780.a(nullmac.o)
                              obj_cooja/mtype780.o (nullmac_driver)
[...]
Memory Configuration

Name             Origin             Length             Attributes
*default*        0x0000000000000000 0xffffffffffffffff

Linker script and memory map

LOAD /usr/lib/gcc/i686-linux-gnu/4.8/../../../i386-linux-gnu/crti.o
LOAD /usr/lib/gcc/i686-linux-gnu/4.8/crtbeginS.o
LOAD udp-client.co
LOAD obj_cooja/mtype780.o
LOAD obj_cooja/mtype780.a
LOAD /usr/lib/gcc/i686-linux-gnu/4.8/libgcc.a
LOAD /usr/lib/gcc/i686-linux-gnu/4.8/libgcc_s.so
LOAD /usr/lib/gcc/i686-linux-gnu/4.8/../../../i386-linux-gnu/libc.so
START GROUP
LOAD /lib/i386-linux-gnu/libc.so.6
LOAD /usr/lib/i386-linux-gnu/libc_nonshared.a
LOAD /lib/i386-linux-gnu/ld-linux.so.2
END GROUP
LOAD /usr/lib/gcc/i686-linux-gnu/4.8/libgcc.a
LOAD /usr/lib/gcc/i686-linux-gnu/4.8/libgcc_s.so
LOAD /usr/lib/gcc/i686-linux-gnu/4.8/crtendS.o
LOAD /usr/lib/gcc/i686-linux-gnu/4.8/../../../i386-linux-gnu/crtn.o
                0x0000000000000114                . = (0x0 + SIZEOF_HEADERS)

.note.gnu.build-id
                0x0000000000000114       0x24
 *(.note.gnu.build-id)
 .note.gnu.build-id
                0x0000000000000114       0x24 /usr/lib/gcc/i686-linux-gnu/4.8/../../../i386-linux-gnu/crti.o

.hash
 *(.hash)

.gnu.hash       0x0000000000000138     0x137c
 *(.gnu.hash)
 .gnu.hash      0x0000000000000138     0x137c /usr/lib/gcc/i686-linux-gnu/4.8/../../../i386-linux-gnu/crti.o

.dynsym         0x00000000000014b4     0x2650
 *(.dynsym)
 .dynsym        0x00000000000014b4     0x2650 /usr/lib/gcc/i686-linux-gnu/4.8/../../../i386-linux-gnu/crti.o

.dynstr         0x0000000000003b04     0x276b
 *(.dynstr)
 .dynstr        0x0000000000003b04     0x276b /usr/lib/gcc/i686-linux-gnu/4.8/../../../i386-linux-gnu/crti.o

.gnu.version    0x0000000000006270      0x4ca
 *(.gnu.version)
 .gnu.version   0x0000000000006270      0x4ca /usr/lib/gcc/i686-linux-gnu/4.8/../../../i386-linux-gnu/crti.o

.gnu.version_d  0x000000000000673c        0x0
 *(.gnu.version_d)
 .gnu.version_d
                0x0000000000000000        0x0 /usr/lib/gcc/i686-linux-gnu/4.8/../../../i386-linux-gnu/crti.o

.gnu.version_r  0x000000000000673c       0x50
 *(.gnu.version_r)
 .gnu.version_r
                0x000000000000673c       0x50 /usr/lib/gcc/i686-linux-gnu/4.8/../../../i386-linux-gnu/crti.o

.rel.dyn        0x000000000000678c     0x96c0
 *(.rel.init)
 .rel.init      0x0000000000000000        0x0 /usr/lib/gcc/i686-linux-gnu/4.8/../../../i386-linux-gnu/crti.o
 *(.rel.text .rel.text.* .rel.gnu.linkonce.t.*)
 .rel.text      0x000000000000678c     0x8f28 /usr/lib/gcc/i686-linux-gnu/4.8/../../../i386-linux-gnu/crti.o
 *(.rel.fini)
 .rel.fini      0x0000000000000000        0x0 /usr/lib/gcc/i686-linux-gnu/4.8/../../../i386-linux-gnu/crti.o
 *(.rel.rodata .rel.rodata.* .rel.gnu.linkonce.r.*)
 .rel.rodata    0x000000000000f6b4      0x4e0 /usr/lib/gcc/i686-linux-gnu/4.8/../../../i386-linux-gnu/crti.o
 *(.rel.data.rel.ro .rel.data.rel.ro.* .rel.gnu.linkonce.d.rel.ro.*)
 *(.rel.data .rel.data.* .rel.gnu.linkonce.d.*)
 .rel.data.rel  0x000000000000fb94        0x8 /usr/lib/gcc/i686-linux-gnu/4.8/../../../i386-linux-gnu/crti.o
 .rel.data      0x000000000000fb9c      0x278 /usr/lib/gcc/i686-linux-gnu/4.8/../../../i386-linux-gnu/crti.o
 *(.rel.tdata .rel.tdata.* .rel.gnu.linkonce.td.*)
 *(.rel.tbss .rel.tbss.* .rel.gnu.linkonce.tb.*)
 *(.rel.ctors)
 *(.rel.dtors)
 *(.rel.got)
 .rel.got       0x000000000000fe14       0x28 /usr/lib/gcc/i686-linux-gnu/4.8/../../../i386-linux-gnu/crti.o
 *(.rel.bss .rel.bss.* .rel.gnu.linkonce.b.*)
 *(.rel.ifunc)
 .rel.ifunc     0x0000000000000000        0x0 /usr/lib/gcc/i686-linux-gnu/4.8/../../../i386-linux-gnu/crti.o
 .rel.fini_array
                0x000000000000fe3c        0x8 /usr/lib/gcc/i686-linux-gnu/4.8/../../../i386-linux-gnu/crti.o
 .rel.init_array
                0x000000000000fe44        0x8 /usr/lib/gcc/i686-linux-gnu/4.8/../../../i386-linux-gnu/crti.o

.rel.plt        0x000000000000fe4c       0x10
 *(.rel.plt)
 .rel.plt       0x000000000000fe4c       0x10 /usr/lib/gcc/i686-linux-gnu/4.8/../../../i386-linux-gnu/crti.o
 *(.rel.iplt)

.init           0x000000000000fe5c       0x23
 *(SORT(.init))
 .init          0x000000000000fe5c       0x1e /usr/lib/gcc/i686-linux-gnu/4.8/../../../i386-linux-gnu/crti.o
                0x000000000000fe5c                _init
 .init          0x000000000000fe7a        0x5 /usr/lib/gcc/i686-linux-gnu/4.8/../../../i386-linux-gnu/crtn.o

.plt            0x000000000000fe80       0x30
 *(.plt)
 .plt           0x000000000000fe80       0x30 /usr/lib/gcc/i686-linux-gnu/4.8/../../../i386-linux-gnu/crti.o
 *(.iplt)

.text           0x000000000000feb0    0x16d2f
 *(.text.unlikely .text.*_unlikely .text.unlikely.*)
 *(.text.exit .text.exit.*)
 *(.text.startup .text.startup.*)
 *(.text.hot .text.hot.*)
 *(.text .stub .text.* .gnu.linkonce.t.*)
 .text          0x000000000000feb0        0x0 /usr/lib/gcc/i686-linux-gnu/4.8/../../../i386-linux-gnu/crti.o
 .gnu.linkonce.t.__x86.get_pc_thunk.bx
                0x000000000000feb0        0x4 /usr/lib/gcc/i686-linux-gnu/4.8/../../../i386-linux-gnu/crti.o
                0x000000000000feb0                __x86.get_pc_thunk.bx
 *fill*         0x000000000000feb4        0xc 
 .text          0x000000000000fec0      0x11b /usr/lib/gcc/i686-linux-gnu/4.8/crtbeginS.o
 .text          0x000000000000ffdb      0x799 udp-client.co
 .text          0x0000000000010774      0x96a obj_cooja/mtype780.o
                0x0000000000010922                contiki_init
                0x0000000000010ef5                Java_org_contikios_cooja_corecomm_Lib8_init
                0x0000000000010f35                Java_org_contikios_cooja_corecomm_Lib8_getMemory
                0x0000000000010f75                Java_org_contikios_cooja_corecomm_Lib8_setMemory
                0x0000000000010fec                Java_org_contikios_cooja_corecomm_Lib8_tick
                0x00000000000110cc                Java_org_contikios_cooja_corecomm_Lib8_setReferenceAddress
 .text          0x00000000000110de       0x63 obj_cooja/mtype780.a(simEnvChange.o)
                0x00000000000110de                doActionsBeforeTick
                0x000000000001110f                doActionsAfterTick
 .text          0x0000000000011141       0xbc obj_cooja/mtype780.a(cooja_mt.o)
                0x0000000000011141                cooja_mt_init
                0x000000000001114e                cooja_mt_remove
                0x000000000001115b                cooja_mt_start
                0x0000000000011188                cooja_mt_exec
                0x00000000000111b9                cooja_mt_exit
                0x00000000000111db                cooja_mt_yield
 .text          0x00000000000111fd      0x115 obj_cooja/mtype780.a(cooja_mtarch.o)
                0x00000000000111fd                cooja_mtarch_init
                0x0000000000011202                cooja_mtarch_start
                0x000000000001127d                cooja_sw
                0x000000000001129f                cooja_mtarch_exec
                0x00000000000112bb                cooja_mtarch_remove
                0x00000000000112c0                cooja_mtarch_yield
                0x00000000000112ca                cooja_mtarch_pstop
                0x00000000000112cf                cooja_mtarch_pstart
                0x00000000000112d4                cooja_mtarch_stack_usage
 .text          0x0000000000011312       0xc2 obj_cooja/mtype780.a(rtimer-arch.o)
                0x0000000000011312                rtimer_arch_init
                0x0000000000011335                rtimer_arch_schedule
                0x000000000001134c                rtimer_arch_next
                0x0000000000011356                rtimer_arch_pending
                0x0000000000011360                rtimer_arch_check
                0x0000000000011392                rtimer_arch_now
 .text          0x00000000000113d4       0x76 obj_cooja/mtype780.a(beep.o)
                0x00000000000113d4                beep_alarm
                0x00000000000113e0                beep_beep
                0x00000000000113ec                beep
                0x00000000000113f8                beep_down
                0x0000000000011404                beep_on
                0x0000000000011410                beep_off
                0x000000000001141c                beep_spinup
                0x0000000000011428                beep_quick
                0x0000000000011434                beep_long
 .text          0x000000000001144a      0x103 obj_cooja/mtype780.a(button-sensor.o)
 .text          0x000000000001154d       0x45 obj_cooja/mtype780.a(leds-arch.o)
                0x000000000001154d                leds_arch_init
                0x0000000000011559                leds_arch_get
                0x0000000000011565                leds_arch_set
 .text          0x0000000000011592       0x2f obj_cooja/mtype780.a(moteid.o)
 .text          0x00000000000115c1       0xb1 obj_cooja/mtype780.a(pir-sensor.o)
 .text          0x0000000000011672      0x131 obj_cooja/mtype780.a(rs232.o)
                0x0000000000011672                rs232_init
                0x0000000000011677                rs232_set_speed
                0x0000000000011685                rs232_set_input
                0x0000000000011692                rs232_send
                0x00000000000116b4                rs232_print
                0x00000000000116cf                slip_arch_writeb
 .text          0x00000000000117a3       0xb1 obj_cooja/mtype780.a(vib-sensor.o)
 .text          0x0000000000011854       0x34 obj_cooja/mtype780.a(clock.o)
                0x0000000000011854                clock_init
                0x0000000000011859                clock_time
                0x0000000000011863                clock_seconds
                0x0000000000011879                clock_delay
 .text          0x0000000000011888      0x1ed obj_cooja/mtype780.a(log.o)
                0x0000000000011888                simlog_char
                0x00000000000118ca                simlog
                0x0000000000011937                log_message
                0x000000000001195f                log_set_putchar_with_slip
                0x000000000001196c                log_putchar
                0x00000000000119f0                log_puts
                0x0000000000011a14                log_printf
 .text          0x0000000000011a75      0x2c4 obj_cooja/mtype780.a(cfs-cooja.o)
                0x0000000000011a75                cfs_open
                0x0000000000011ade                cfs_close
                0x0000000000011aea                cfs_read
                0x0000000000011b88                cfs_write
                0x0000000000011c65                cfs_seek
                0x0000000000011ced                cfs_remove
                0x0000000000011d16                cfs_opendir
                0x0000000000011d20                cfs_readdir
                0x0000000000011d2a                cfs_closedir
 .text          0x0000000000011d39      0x687 obj_cooja/mtype780.a(cooja-radio.o)
                0x0000000000011d63                radio_set_channel
                0x0000000000011d78                radio_set_txpower
                0x0000000000011d98                radio_signal_strength_last
                0x0000000000011da2                radio_signal_strength_current
                0x0000000000011dac                radio_LQI
 .text          0x00000000000123c0       0xef obj_cooja/mtype780.a(eeprom.o)
                0x00000000000123c0                eeprom_init
                0x00000000000123c5                eeprom_read
                0x0000000000012435                eeprom_write
 .text          0x00000000000124af       0x28 obj_cooja/mtype780.a(random.o)
                0x00000000000124af                random_init
                0x00000000000124ca                random_rand
 .text          0x00000000000124d7      0x2a1 obj_cooja/mtype780.a(sensors.o)
                0x0000000000012512                sensors_first
                0x000000000001251c                sensors_next
                0x0000000000012539                sensors_changed
                0x0000000000012568                sensors_find
 .text          0x0000000000012778      0x348 obj_cooja/mtype780.a(dual_conf.o)
                0x0000000000012778                dual_radio_switch
                0x00000000000127b8                dual_radio_change
                0x00000000000127f2                sending_in_LR
                0x000000000001281d                dual_radio_received
                0x0000000000012855                radio_received_is_longrange
                0x0000000000012870                dual_radio_turn_on
                0x0000000000012893                dual_radio_turn_off
                0x0000000000012a76                dio_broadcast
                0x0000000000012a9f                dis_broadcast
 .text          0x0000000000012ac0       0x8e obj_cooja/mtype780.a(autostart.o)
                0x0000000000012ac0                autostart_start
                0x0000000000012b0b                autostart_exit
 .text          0x0000000000012b4e      0x334 obj_cooja/mtype780.a(ctimer.o)
                0x0000000000012c65                ctimer_init
                0x0000000000012c95                ctimer_set
                0x0000000000012cc6                ctimer_set_with_process
                0x0000000000012d42                ctimer_reset
                0x0000000000012d91                ctimer_restart
                0x0000000000012de0                ctimer_stop
                0x0000000000012e2b                ctimer_expired
 .text          0x0000000000012e82      0x40b obj_cooja/mtype780.a(etimer.o)
                0x0000000000013095                etimer_request_poll
                0x0000000000013119                etimer_set
                0x000000000001313e                etimer_reset_with_new_interval
                0x0000000000013165                etimer_reset
                0x0000000000013183                etimer_restart
                0x00000000000131a1                etimer_adjust
                0x00000000000131bd                etimer_expired
                0x00000000000131d0                etimer_expiration_time
                0x00000000000131e2                etimer_start_time
                0x00000000000131ec                etimer_pending
                0x00000000000131fe                etimer_next_expiration_time
                0x0000000000013218                etimer_stop
 .text          0x000000000001328d       0xdd obj_cooja/mtype780.a(log_message.o)
                0x000000000001328d                log_initialization
                0x0000000000013349                log_finisher
 .text          0x000000000001336a      0x560 obj_cooja/mtype780.a(process.o)
                0x000000000001336a                process_alloc_event
                0x000000000001337f                process_start
                0x0000000000013568                process_exit
                0x0000000000013584                process_init
                0x0000000000013755                process_run
                0x0000000000013788                process_nevents
                0x00000000000137a3                process_post
                0x000000000001384f                process_post_synch
                0x0000000000013887                process_poll
                0x00000000000138b6                process_is_running
 .text          0x00000000000138ca       0xd3 obj_cooja/mtype780.a(residual.o)
                0x00000000000138ca                get_residual_energy
 .text          0x000000000001399d       0xba obj_cooja/mtype780.a(rtimer.o)
                0x000000000001399d                rtimer_init
                0x00000000000139aa                rtimer_set
                0x0000000000013a01                rtimer_run_next
 .text          0x0000000000013a57       0xa3 obj_cooja/mtype780.a(stimer.o)
                0x0000000000013a57                stimer_set
                0x0000000000013a72                stimer_reset
                0x0000000000013a89                stimer_restart
                0x0000000000013a9b                stimer_expired
                0x0000000000013ac2                stimer_remaining
                0x0000000000013ae6                stimer_elapsed
 .text          0x0000000000013afa       0x91 obj_cooja/mtype780.a(timer.o)
                0x0000000000013afa                timer_set
                0x0000000000013b15                timer_reset
                0x0000000000013b2c                timer_restart
                0x0000000000013b3e                timer_expired
                0x0000000000013b67                timer_remaining
 .text          0x0000000000013b8b      0x1fb obj_cooja/mtype780.a(serial-line.o)
                0x0000000000013b8b                serial_line_input_byte
                0x0000000000013d4e                serial_line_init
 .text          0x0000000000013d86      0x244 obj_cooja/mtype780.a(list.o)
                0x0000000000013d86                list_init
                0x0000000000013d94                list_head
                0x0000000000013d9e                list_copy
                0x0000000000013dad                list_tail
                0x0000000000013de3                list_add
                0x0000000000013e2c                list_push
                0x0000000000013e58                list_chop
                0x0000000000013ec2                list_pop
                0x0000000000013eea                list_remove
                0x0000000000013f51                list_length
                0x0000000000013f7f                list_insert
                0x0000000000013fb3                list_item_next
 .text          0x0000000000013fca      0x155 obj_cooja/mtype780.a(ringbuf.o)
                0x0000000000013fca                ringbuf_init
                0x0000000000013ffb                ringbuf_put
                0x0000000000014079                ringbuf_get
                0x00000000000140e6                ringbuf_size
                0x00000000000140f8                ringbuf_elements
 .text          0x000000000001411f     0x258b obj_cooja/mtype780.a(sicslowpan.o)
                0x00000000000146a9                rime_sniffer_add
                0x00000000000146b6                rime_sniffer_remove
                0x0000000000016649                sicslowpan_init
                0x00000000000166a0                sicslowpan_get_last_rssi
 .text          0x00000000000166aa      0x2dc obj_cooja/mtype780.a(uip-ds6-nbr.o)
                0x00000000000166c7                uip_ds6_neighbors_init
                0x00000000000166e4                uip_ds6_nbr_add
                0x0000000000016795                uip_ds6_nbr_rm
                0x00000000000167f2                uip_ds6_nbr_get_ipaddr
                0x0000000000016807                uip_ds6_nbr_get_ll
                0x0000000000016823                uip_ds6_nbr_num
                0x0000000000016868                uip_ds6_nbr_lookup
                0x00000000000168cd                uip_ds6_nbr_ll_lookup
                0x00000000000168e9                uip_ds6_nbr_ipaddr_from_lladdr
                0x000000000001690f                uip_ds6_nbr_lladdr_from_ipaddr
                0x000000000001693d                uip_ds6_link_neighbor_callback
 .text          0x0000000000016986      0x916 obj_cooja/mtype780.a(uip-ds6-route.o)
                0x00000000000169fd                uip_ds6_notification_add
                0x0000000000016a2e                uip_ds6_notification_rm
                0x0000000000016a4a                uip_ds6_route_init
                0x0000000000016ad2                uip_ds6_route_nexthop
                0x0000000000016afa                uip_ds6_route_head
                0x0000000000016b0f                uip_ds6_route_next
                0x0000000000016b35                uip_ds6_route_is_nexthop
                0x0000000000016b74                uip_ds6_route_num_routes
                0x0000000000016b7e                uip_ds6_route_lookup
                0x0000000000016c40                uip_ds6_route_add
                0x0000000000016e74                uip_ds6_route_rm
                0x0000000000017008                uip_ds6_route_rm_by_nexthop
                0x0000000000017040                uip_ds6_defrt_add
                0x00000000000170f1                uip_ds6_defrt_rm
                0x0000000000017170                uip_ds6_defrt_lookup
                0x00000000000171c9                uip_ds6_defrt_choose
                0x0000000000017234                uip_ds6_defrt_periodic
 .text          0x000000000001729c     0x12ad obj_cooja/mtype780.a(uip-ds6.o)
                0x000000000001729c                uip_ds6_init
                0x00000000000175f1                uip_ds6_periodic
                0x00000000000176c9                uip_ds6_list_loop
                0x0000000000017770                uip_ds6_prefix_add
                0x000000000001782e                uip_ds6_prefix_rm
                0x0000000000017840                uip_ds6_prefix_lookup
                0x0000000000017891                uip_ds6_is_addr_onlink
                0x0000000000017905                uip_ds6_addr_add
                0x0000000000017a33                uip_ds6_long_addr_add
                0x0000000000017b61                uip_ds6_addr_rm
                0x0000000000017c01                uip_ds6_addr_lookup
                0x0000000000017c4c                uip_ds6_long_addr_lookup
                0x0000000000017c97                uip_ds6_get_link_local
                0x0000000000017d16                uip_ds6_long_get_link_local
                0x0000000000017d95                uip_ds6_get_global
                0x0000000000017e14                uip_ds6_long_get_global
                0x0000000000017e93                uip_ds6_maddr_add
                0x0000000000017f05                uip_ds6_long_maddr_add
                0x0000000000017f77                uip_ds6_maddr_rm
                0x0000000000017f89                uip_ds6_maddr_lookup
                0x0000000000017fd4                uip_ds6_long_maddr_lookup
                0x000000000001801f                uip_ds6_aaddr_add
                0x0000000000018091                uip_ds6_long_aaddr_add
                0x0000000000018103                uip_ds6_aaddr_rm
                0x0000000000018115                uip_ds6_aaddr_lookup
                0x0000000000018160                uip_ds6_long_aaddr_lookup
                0x00000000000181ab                uip_ds6_select_src
                0x0000000000018434                uip_ds6_set_addr_iid
                0x000000000001846b                get_match_length
                0x00000000000184fd                uip_ds6_compute_reachable_time
 .text          0x0000000000018549     0x29f3 obj_cooja/mtype780.a(uip6.o)
                0x0000000000018549                uip_add32
                0x00000000000186e2                uip_chksum
                0x00000000000187d0                uip_icmp6chksum
                0x00000000000187e4                uip_tcpchksum
                0x00000000000187f8                uip_udpchksum
                0x000000000001880c                uip_init
                0x00000000000188dc                uip_connect
                0x0000000000018a8b                remove_ext_hdr
                0x0000000000018b60                uip_udp_new
                0x0000000000018cbc                uip_unlisten
                0x0000000000018d1c                uip_listen
                0x0000000000018fde                uip_process
                0x000000000001ae30                uip_htons
                0x000000000001ae52                uip_htonl
                0x000000000001ae92                uip_send
 .text          0x000000000001af3c      0xb43 obj_cooja/mtype780.a(tcpip.o)
                0x000000000001af3c                tcpip_output
                0x000000000001af6a                tcpip_set_outputfunc
                0x000000000001affe                tcp_connect
                0x000000000001b053                tcp_unlisten
                0x000000000001b0ae                tcp_listen
                0x000000000001b107                tcp_attach
                0x000000000001b12c                udp_attach
                0x000000000001b151                udp_new
                0x000000000001b1a3                udp_broadcast_new
                0x000000000001b417                tcpip_input
                0x000000000001b44b                tcpip_ipv6_output
                0x000000000001b8c5                tcpip_poll_udp
                0x000000000001b8e8                tcpip_poll_tcp
                0x000000000001b90b                tcpip_uipcall
 .text          0x000000000001ba7f      0x1c1 obj_cooja/mtype780.a(uip-debug.o)
                0x000000000001ba7f                uip_debug_ipaddr_print
                0x000000000001bbe1                uip_debug_lladdr_print
 .text          0x000000000001bc40      0x141 obj_cooja/mtype780.a(uip-packetqueue)
                0x000000000001bc6c                uip_packetqueue_new
                0x000000000001bc7a                uip_packetqueue_alloc
                0x000000000001bcda                uip_packetqueue_free
                0x000000000001bd1b                uip_packetqueue_buf
                0x000000000001bd38                uip_packetqueue_buflen
                0x000000000001bd59                uip_packetqueue_set_buflen
 .text          0x000000000001bd81      0x131 obj_cooja/mtype780.a(uip-udp-packet.)
                0x000000000001bd81                uip_udp_packet_send
                0x000000000001bde1                uip_udp_packet_sendto
 .text          0x000000000001beb2     0x2759 obj_cooja/mtype780.a(rpl-dag.o)
                0x000000000001beb2                rpl_lr_in_neighbor_tree
                0x000000000001c010                rpl_print_neighbor_list
                0x000000000001c0b9                rpl_print_child_neighbor_list
                0x000000000001c12e                rpl_get_nbr
                0x000000000001c188                rpl_get_nbr_child
                0x000000000001c1e2                rpl_dag_init
                0x000000000001c214                rpl_get_parent
                0x000000000001c236                rpl_get_parent_rank
                0x000000000001c269                rpl_get_parent_link_metric
                0x000000000001c29c                rpl_get_parent_ipaddr
                0x000000000001c2c6                rpl_get_child_ipaddr
                0x000000000001c5e1                rpl_set_root
                0x000000000001c80f                rpl_repair_root
                0x000000000001ca4b                rpl_set_prefix
                0x000000000001cb4a                rpl_set_default_route
                0x000000000001cbd6                rpl_alloc_instance
                0x000000000001cc69                rpl_alloc_dag
                0x000000000001cd1c                rpl_set_default_instance
                0x000000000001cd29                rpl_get_default_instance
                0x000000000001cd33                rpl_free_instance
                0x000000000001cde4                rpl_free_dag
                0x000000000001ce4a                rpl_add_parent
                0x000000000001cf33                rpl_find_parent
                0x000000000001cf63                rpl_add_child
                0x000000000001d007                rpl_find_child
                0x000000000001d055                rpl_find_parent_any_dag
                0x000000000001d091                rpl_select_dag
                0x000000000001d4b4                rpl_select_parent
                0x000000000001d516                rpl_remove_parent
                0x000000000001d54c                rpl_remove_child
                0x000000000001d568                rpl_nullify_parent
                0x000000000001d606                rpl_move_parent
                0x000000000001d6a3                rpl_has_downward_route
                0x000000000001d6f6                rpl_get_any_dag
                0x000000000001d758                rpl_get_instance
                0x000000000001d7bb                rpl_find_of
                0x000000000001d7f8                rpl_join_instance
                0x000000000001da94                rpl_add_dag
                0x000000000001de83                rpl_local_repair
                0x000000000001df5c                rpl_recalculate_ranks
                0x000000000001dfe2                rpl_process_parent_event
                0x000000000001e094                rpl_process_dio
 .text          0x000000000001e60b      0xbf3 obj_cooja/mtype780.a(rpl-ext-header.)
                0x000000000001e628                rpl_verify_header
                0x000000000001eaa2                rpl_update_header_empty
                0x000000000001edb9                rpl_update_header_final
                0x000000000001ef48                rpl_remove_header
                0x000000000001f052                rpl_invert_header
                0x000000000001f1dc                rpl_insert_header
 .text          0x000000000001f1fe     0x22e6 obj_cooja/mtype780.a(rpl-icmp6.o)
                0x000000000001f4c7                rpl_icmp6_update_nbr_table
                0x000000000001f5b7                dis_output
                0x000000000001fef4                dio_output
                0x000000000002104f                dao_output
                0x0000000000021117                dao_output_target
                0x0000000000021498                dao_ack_output
                0x00000000000214ac                rpl_icmp6_register_handlers
 .text          0x00000000000214e4      0x2ff obj_cooja/mtype780.a(rpl-of0.o)
 .text          0x00000000000217e3      0x882 obj_cooja/mtype780.a(rpl-timers.o)
                0x00000000000217e3                rpl_convergence_timer
                0x000000000002180f                rpl_reset_convergence_timer
                0x0000000000021af8                rpl_reset_periodic_timer
                0x0000000000021b4d                rpl_reset_dio_timer
                0x0000000000021d87                rpl_schedule_dao
                0x0000000000021da2                rpl_schedule_dao_immediately
                0x0000000000021dbd                rpl_cancel_dao
                0x0000000000021e1f                rpl_schedule_unicast_dio_immediately
                0x000000000002200d                rpl_schedule_probing
 .text          0x0000000000022065      0x5ca obj_cooja/mtype780.a(rpl.o)
                0x0000000000022065                rpl_get_mode
                0x000000000002206f                rpl_set_mode
                0x00000000000220fd                rpl_purge_routes
                0x00000000000221f7                rpl_remove_routes
                0x000000000002223d                rpl_remove_routes_by_nexthop
                0x00000000000222a9                rpl_add_route
                0x0000000000022324                rpl_link_neighbor_callback
                0x0000000000022429                rpl_ipv6_neighbor_callback
                0x0000000000022498                rpl_purge_dags
                0x00000000000225a4                rpl_init
 .text          0x000000000002262f      0x3f5 obj_cooja/mtype780.a(framer-802154.o)
 .text          0x0000000000022a24       0x5e obj_cooja/mtype780.a(nullmac.o)
 .text          0x0000000000022a82     0x12ab obj_cooja/mtype780.a(cxmac.o)
                0x0000000000023c6f                cxmac_set_announcement_radio_txpower
                0x0000000000023c74                cxmac_init
 .text          0x0000000000023d2d       0x82 obj_cooja/mtype780.a(linkaddr.o)
                0x0000000000023d2d                linkaddr_copy
                0x0000000000023d4f                linkaddr_cmp
                0x0000000000023d79                linkaddr_set_node_addr
                0x0000000000023d94                linkaddr_set_node_long_addr
 .text          0x0000000000023daf      0x915 obj_cooja/mtype780.a(nbr-table.o)
                0x0000000000023daf                long_ip_from_lladdr_map
                0x0000000000023e38                lladdr_map_add_lr
                0x0000000000023ef5                lladdr_map_rm_lr
                0x00000000000243ba                nbr_table_register
                0x0000000000024402                nbr_table_head
                0x000000000002445e                nbr_table_next
                0x00000000000244c5                nbr_table_add_lladdr
                0x00000000000245a1                nbr_table_get_from_lladdr
                0x00000000000245ee                nbr_table_remove
                0x0000000000024640                nbr_table_lock
                0x000000000002466a                nbr_table_unlock
                0x0000000000024694                nbr_table_get_lladdr
 .text          0x00000000000246c4       0x2b obj_cooja/mtype780.a(netstack.o)
                0x00000000000246c4                netstack_init
 .text          0x00000000000246ef      0x3cd obj_cooja/mtype780.a(packetbuf.o)
                0x00000000000246ef                packetbuf_clear
                0x0000000000024719                packetbuf_copyfrom
                0x000000000002476b                packetbuf_compact
                0x00000000000247e8                packetbuf_copyto
                0x000000000002487f                packetbuf_hdralloc
                0x00000000000248fc                packetbuf_hdrreduce
                0x0000000000024944                packetbuf_set_datalen
                0x000000000002495d                packetbuf_dataptr
                0x000000000002497a                packetbuf_hdrptr
                0x0000000000024984                packetbuf_datalen
                0x0000000000024990                packetbuf_hdrlen
                0x00000000000249a7                packetbuf_totlen
                0x00000000000249bd                packetbuf_attr_clear
                0x0000000000024a0f                packetbuf_attr_copyto
                0x0000000000024a58                packetbuf_attr_copyfrom
                0x0000000000024aa0                packetbuf_holds_broadcast
 .text          0x0000000000024abc      0x2b4 obj_cooja/mtype780.a(queuebuf.o)
                0x0000000000024ac6                queuebuf_init
                0x0000000000024ae6                queuebuf_numfree
                0x0000000000024afa                queuebuf_new_from_packetbuf
                0x0000000000024b8a                queuebuf_update_attr_from_packetbuf
                0x0000000000024bbd                queuebuf_update_from_packetbuf
                0x0000000000024c07                queuebuf_free
                0x0000000000024c4e                queuebuf_to_packetbuf
                0x0000000000024cb4                queuebuf_dataptr
                0x0000000000024ceb                queuebuf_datalen
                0x0000000000024d0e                queuebuf_addr
                0x0000000000024d40                queuebuf_attr
                0x0000000000024d6b                queuebuf_debug_print
 .text          0x0000000000024d70       0x6e obj_cooja/mtype780.a(nullsec.o)
 .text          0x0000000000024dde       0x19 obj_cooja/mtype780.a(watchdog.o)
                0x0000000000024dde                watchdog_init
                0x0000000000024de3                watchdog_start
                0x0000000000024de8                watchdog_periodic
                0x0000000000024ded                watchdog_stop
                0x0000000000024df2                watchdog_reboot
 .text          0x0000000000024df7        0x0 obj_cooja/mtype780.a(rimestats.o)
 .text          0x0000000000024df7      0x134 obj_cooja/mtype780.a(leds.o)
                0x0000000000024e48                leds_init
                0x0000000000024e5c                leds_blink
                0x0000000000024e94                leds_get
                0x0000000000024ea1                leds_set
                0x0000000000024ebb                leds_on
                0x0000000000024ede                leds_off
                0x0000000000024f08                leds_toggle
 .text          0x0000000000024f2b      0x1c1 obj_cooja/mtype780.a(memb.o)
                0x0000000000024f2b                memb_init
                0x0000000000024f89                memb_alloc
                0x0000000000024fee                memb_free
                0x0000000000025069                memb_inmemb
                0x00000000000250a8                memb_numfree
 .text          0x00000000000250ec      0xab2 obj_cooja/mtype780.a(uip-icmp6.o)
                0x000000000002515a                uip_icmp6_input
                0x00000000000251b0                uip_icmp6_register_input_handler
                0x0000000000025478                uip_icmp6_error_output
                0x00000000000257bd                uip_icmp6_send
                0x0000000000025b31                uip_icmp6_echo_reply_callback_add
                0x0000000000025b62                uip_icmp6_echo_reply_callback_rm
                0x0000000000025b7e                uip_icmp6_init
 .text          0x0000000000025b9e      0x358 obj_cooja/mtype780.a(uip-nd6.o)
                0x0000000000025bf2                uip_nd6_ns_output
                0x0000000000025ef1                uip_nd6_init
 .text          0x0000000000025ef6      0x331 obj_cooja/mtype780.a(rpl-nbr-policy.)
                0x00000000000260ce                find_removable_dis
                0x00000000000260f1                find_removable_dio
                0x0000000000026180                find_removable_dao
                0x00000000000261d0                rpl_nbr_policy_find_removable
 .text          0x0000000000026227      0x97c obj_cooja/mtype780.a(frame802154.o)
                0x0000000000026258                frame802154_get_pan_id
                0x0000000000026264                frame802154_set_pan_id
                0x000000000002627d                frame802154_has_panid
                0x0000000000026369                frame802154_check_dest_panid
                0x00000000000263d1                frame802154_is_broadcast_addr
                0x000000000002641e                frame802154_extract_linkaddr
                0x000000000002665e                frame802154_hdrlen
                0x00000000000266af                frame802154_create
                0x000000000002689a                frame802154_parse
 .text          0x0000000000026ba3       0x3c obj_cooja/mtype780.a(mac.o)
                0x0000000000026ba3                mac_call_sent_callback
 .text          0x0000000000026bdf        0x0 /usr/lib/gcc/i686-linux-gnu/4.8/crtendS.o
 .text          0x0000000000026bdf        0x0 /usr/lib/gcc/i686-linux-gnu/4.8/../../../i386-linux-gnu/crtn.o
 *(.gnu.warning)

.fini           0x0000000000026be0       0x14
 *(SORT(.fini))
 .fini          0x0000000000026be0        0xf /usr/lib/gcc/i686-linux-gnu/4.8/../../../i386-linux-gnu/crti.o
                0x0000000000026be0                _fini
 .fini          0x0000000000026bef        0x5 /usr/lib/gcc/i686-linux-gnu/4.8/../../../i386-linux-gnu/crtn.o
                0x0000000000026bf4                PROVIDE (__etext, .)
                0x0000000000026bf4                PROVIDE (_etext, .)
                0x0000000000026bf4                PROVIDE (etext, .)

.rodata         0x0000000000026c00      0xd00
 *(.rodata .rodata.* .gnu.linkonce.r.*)
 .rodata        0x0000000000026c00      0x2ca udp-client.co
                0x0000000000026c14                autostart_processes
 *fill*         0x0000000000026eca        0x2 
 .rodata        0x0000000000026ecc      0x1e6 obj_cooja/mtype780.o
 *fill*         0x00000000000270b2        0x2 
 .rodata        0x00000000000270b4        0x8 obj_cooja/mtype780.a(beep.o)
                0x00000000000270b4                beep_interface
 .rodata        0x00000000000270bc       0x20 obj_cooja/mtype780.a(button-sensor.o)
                0x00000000000270bc                button_interface
                0x00000000000270cc                button_sensor
 .rodata        0x00000000000270dc        0x8 obj_cooja/mtype780.a(leds-arch.o)
                0x00000000000270dc                leds_interface
 .rodata        0x00000000000270e4        0x8 obj_cooja/mtype780.a(moteid.o)
                0x00000000000270e4                moteid_interface
 .rodata        0x00000000000270ec       0x1c obj_cooja/mtype780.a(pir-sensor.o)
                0x00000000000270ec                pir_interface
                0x00000000000270f8                pir_sensor
 .rodata        0x0000000000027108        0xe obj_cooja/mtype780.a(rs232.o)
                0x0000000000027108                rs232_interface
 *fill*         0x0000000000027116        0x2 
 .rodata        0x0000000000027118       0x24 obj_cooja/mtype780.a(vib-sensor.o)
                0x0000000000027118                vib_interface
                0x000000000002712c                vib_sensor
 .rodata        0x000000000002713c        0x8 obj_cooja/mtype780.a(clock.o)
                0x000000000002713c                clock_interface
 .rodata        0x0000000000027144        0x8 obj_cooja/mtype780.a(log.o)
                0x0000000000027144                simlog_interface
 .rodata        0x000000000002714c       0x2f obj_cooja/mtype780.a(cfs-cooja.o)
                0x000000000002714c                cfs_interface
 *fill*         0x000000000002717b        0x5 
 .rodata        0x0000000000027180       0x60 obj_cooja/mtype780.a(cooja-radio.o)
                0x00000000000271a0                cooja_radio_driver
                0x00000000000271d8                radio_interface
 .rodata        0x00000000000271e0        0x8 obj_cooja/mtype780.a(eeprom.o)
                0x00000000000271e0                eeprom_interface
 .rodata        0x00000000000271e8        0x8 obj_cooja/mtype780.a(sensors.o)
 .rodata        0x00000000000271f0       0x1c obj_cooja/mtype780.a(dual_conf.o)
 .rodata        0x000000000002720c        0xf obj_cooja/mtype780.a(ctimer.o)
 .rodata        0x000000000002721b        0xc obj_cooja/mtype780.a(etimer.o)
 *fill*         0x0000000000027227        0x1 
 .rodata        0x0000000000027228       0x73 obj_cooja/mtype780.a(log_message.o)
 *fill*         0x000000000002729b        0x1 
 .rodata        0x000000000002729c       0x20 obj_cooja/mtype780.a(residual.o)
 .rodata        0x00000000000272bc        0xe obj_cooja/mtype780.a(serial-line.o)
 *fill*         0x00000000000272ca        0x2 
 .rodata        0x00000000000272cc       0x2c obj_cooja/mtype780.a(sicslowpan.o)
                0x00000000000272cc                unc_llconf
                0x00000000000272d0                unc_ctxconf
                0x00000000000272d4                unc_mxconf
                0x00000000000272d8                llprefix
                0x00000000000272ec                sicslowpan_driver
 .rodata        0x00000000000272f8      0x13c obj_cooja/mtype780.a(uip6.o)
 .rodata        0x0000000000027434       0x49 obj_cooja/mtype780.a(tcpip.o)
 .rodata        0x000000000002747d       0x3e obj_cooja/mtype780.a(uip-debug.o)
 *fill*         0x00000000000274bb        0x1 
 .rodata        0x00000000000274bc        0x4 obj_cooja/mtype780.a(rpl-dag.o)
 .rodata        0x00000000000274c0       0xae obj_cooja/mtype780.a(rpl-of0.o)
 .rodata        0x000000000002756e       0x75 obj_cooja/mtype780.a(rpl-timers.o)
 *fill*         0x00000000000275e3        0x1 
 .rodata        0x00000000000275e4        0xc obj_cooja/mtype780.a(framer-802154.o)
                0x00000000000275e4                framer_802154
 .rodata        0x00000000000275f0       0x24 obj_cooja/mtype780.a(nullmac.o)
                0x00000000000275f8                nullmac_driver
 *fill*         0x0000000000027614        0xc 
 .rodata        0x0000000000027620      0x2c0 obj_cooja/mtype780.a(cxmac.o)
                0x00000000000278c0                cxmac_driver
 .rodata        0x00000000000278e0        0x8 obj_cooja/mtype780.a(linkaddr.o)
                0x00000000000278e0                linkaddr_null
 .rodata        0x00000000000278e8       0x18 obj_cooja/mtype780.a(nullsec.o)
                0x00000000000278f0                nullsec_driver

.rodata1
 *(.rodata1)

.eh_frame_hdr   0x0000000000027900     0x13cc
 *(.eh_frame_hdr)
 .eh_frame_hdr  0x0000000000027900     0x13cc udp-client.co

.eh_frame       0x0000000000028ccc     0x5090
 *(.eh_frame)
 .eh_frame      0x0000000000028ccc       0x3c /usr/lib/gcc/i686-linux-gnu/4.8/../../../i386-linux-gnu/crti.o
                                         0x40 (size before relaxing)
 .eh_frame      0x0000000000028d08       0xb4 udp-client.co
                                         0xcc (size before relaxing)
 .eh_frame      0x0000000000028dbc      0x148 obj_cooja/mtype780.o
                                        0x160 (size before relaxing)
 .eh_frame      0x0000000000028f04       0x40 obj_cooja/mtype780.a(simEnvChange.o)
                                         0x58 (size before relaxing)
 .eh_frame      0x0000000000028f44       0xc0 obj_cooja/mtype780.a(cooja_mt.o)
                                         0xd8 (size before relaxing)
 .eh_frame      0x0000000000029004      0x120 obj_cooja/mtype780.a(cooja_mtarch.o)
                                        0x138 (size before relaxing)
 .eh_frame      0x0000000000029124       0xc0 obj_cooja/mtype780.a(rtimer-arch.o)
                                         0xd8 (size before relaxing)
 .eh_frame      0x00000000000291e4      0x160 obj_cooja/mtype780.a(beep.o)
                                        0x178 (size before relaxing)
 .eh_frame      0x0000000000029344       0xa0 obj_cooja/mtype780.a(button-sensor.o)
                                         0xb8 (size before relaxing)
 .eh_frame      0x00000000000293e4       0xa0 obj_cooja/mtype780.a(leds-arch.o)
                                         0xb8 (size before relaxing)
 .eh_frame      0x0000000000029484       0x40 obj_cooja/mtype780.a(moteid.o)
                                         0x58 (size before relaxing)
 .eh_frame      0x00000000000294c4       0xa0 obj_cooja/mtype780.a(pir-sensor.o)
                                         0xb8 (size before relaxing)
 .eh_frame      0x0000000000029564      0x100 obj_cooja/mtype780.a(rs232.o)
                                        0x118 (size before relaxing)
 .eh_frame      0x0000000000029664       0xa0 obj_cooja/mtype780.a(vib-sensor.o)
                                         0xb8 (size before relaxing)
 .eh_frame      0x0000000000029704       0xc0 obj_cooja/mtype780.a(clock.o)
                                         0xd8 (size before relaxing)
 .eh_frame      0x00000000000297c4      0x120 obj_cooja/mtype780.a(log.o)
                                        0x138 (size before relaxing)
 .eh_frame      0x00000000000298e4      0x160 obj_cooja/mtype780.a(cfs-cooja.o)
                                        0x178 (size before relaxing)
 .eh_frame      0x0000000000029a44      0x2e0 obj_cooja/mtype780.a(cooja-radio.o)
                                        0x2f8 (size before relaxing)
 .eh_frame      0x0000000000029d24       0xa0 obj_cooja/mtype780.a(eeprom.o)
                                         0xb8 (size before relaxing)
 .eh_frame      0x0000000000029dc4       0x40 obj_cooja/mtype780.a(random.o)
                                         0x58 (size before relaxing)
 .eh_frame      0x0000000000029e04       0xc0 obj_cooja/mtype780.a(sensors.o)
                                         0xd8 (size before relaxing)
 .eh_frame      0x0000000000029ec4      0x160 obj_cooja/mtype780.a(dual_conf.o)
                                        0x178 (size before relaxing)
 .eh_frame      0x000000000002a024       0x40 obj_cooja/mtype780.a(autostart.o)
                                         0x58 (size before relaxing)
 .eh_frame      0x000000000002a064      0x100 obj_cooja/mtype780.a(ctimer.o)
                                        0x118 (size before relaxing)
 .eh_frame      0x000000000002a164      0x1e0 obj_cooja/mtype780.a(etimer.o)
                                        0x1f8 (size before relaxing)
 .eh_frame      0x000000000002a344       0x40 obj_cooja/mtype780.a(log_message.o)
                                         0x58 (size before relaxing)
 .eh_frame      0x000000000002a384      0x1c8 obj_cooja/mtype780.a(process.o)
                                        0x1e0 (size before relaxing)
 .eh_frame      0x000000000002a54c       0x2c obj_cooja/mtype780.a(residual.o)
                                         0x44 (size before relaxing)
 .eh_frame      0x000000000002a578       0x60 obj_cooja/mtype780.a(rtimer.o)
                                         0x78 (size before relaxing)
 .eh_frame      0x000000000002a5d8       0xc4 obj_cooja/mtype780.a(stimer.o)
                                         0xdc (size before relaxing)
 .eh_frame      0x000000000002a69c       0xa4 obj_cooja/mtype780.a(timer.o)
                                         0xbc (size before relaxing)
 .eh_frame      0x000000000002a740       0x60 obj_cooja/mtype780.a(serial-line.o)
                                         0x78 (size before relaxing)
 .eh_frame      0x000000000002a7a0      0x180 obj_cooja/mtype780.a(list.o)
                                        0x198 (size before relaxing)
 .eh_frame      0x000000000002a920       0xa0 obj_cooja/mtype780.a(ringbuf.o)
                                         0xb8 (size before relaxing)
 .eh_frame      0x000000000002a9c0      0x350 obj_cooja/mtype780.a(sicslowpan.o)
                                        0x368 (size before relaxing)
 .eh_frame      0x000000000002ad10      0x180 obj_cooja/mtype780.a(uip-ds6-nbr.o)
                                        0x198 (size before relaxing)
 .eh_frame      0x000000000002ae90      0x2a0 obj_cooja/mtype780.a(uip-ds6-route.o)
                                        0x2b8 (size before relaxing)
 .eh_frame      0x000000000002b130      0x3c8 obj_cooja/mtype780.a(uip-ds6.o)
                                        0x3e0 (size before relaxing)
 .eh_frame      0x000000000002b4f8      0x27c obj_cooja/mtype780.a(uip6.o)
                                        0x294 (size before relaxing)
 .eh_frame      0x000000000002b774      0x270 obj_cooja/mtype780.a(tcpip.o)
                                        0x288 (size before relaxing)
 .eh_frame      0x000000000002b9e4       0x48 obj_cooja/mtype780.a(uip-debug.o)
                                         0x60 (size before relaxing)
 .eh_frame      0x000000000002ba2c       0xe0 obj_cooja/mtype780.a(uip-packetqueue)
                                         0xf8 (size before relaxing)
 .eh_frame      0x000000000002bb0c       0x40 obj_cooja/mtype780.a(uip-udp-packet.)
                                         0x58 (size before relaxing)
 .eh_frame      0x000000000002bb4c      0x76c obj_cooja/mtype780.a(rpl-dag.o)
                                        0x784 (size before relaxing)
 .eh_frame      0x000000000002c2b8      0x10c obj_cooja/mtype780.a(rpl-ext-header.)
                                        0x124 (size before relaxing)
 .eh_frame      0x000000000002c3c4      0x2b8 obj_cooja/mtype780.a(rpl-icmp6.o)
                                        0x2d0 (size before relaxing)
 .eh_frame      0x000000000002c67c       0xb0 obj_cooja/mtype780.a(rpl-of0.o)
                                         0xc8 (size before relaxing)
 .eh_frame      0x000000000002c72c      0x26c obj_cooja/mtype780.a(rpl-timers.o)
                                        0x284 (size before relaxing)
 .eh_frame      0x000000000002c998      0x148 obj_cooja/mtype780.a(rpl.o)
                                        0x160 (size before relaxing)
 .eh_frame      0x000000000002cae0      0x108 obj_cooja/mtype780.a(framer-802154.o)
                                        0x120 (size before relaxing)
 .eh_frame      0x000000000002cbe8       0xc0 obj_cooja/mtype780.a(nullmac.o)
                                         0xd8 (size before relaxing)
 .eh_frame      0x000000000002cca8      0x2c0 obj_cooja/mtype780.a(cxmac.o)
                                        0x2d8 (size before relaxing)
 .eh_frame      0x000000000002cf68       0x80 obj_cooja/mtype780.a(linkaddr.o)
                                         0x98 (size before relaxing)
 .eh_frame      0x000000000002cfe8      0x2cc obj_cooja/mtype780.a(nbr-table.o)
                                        0x2e4 (size before relaxing)
 .eh_frame      0x000000000002d2b4       0x20 obj_cooja/mtype780.a(netstack.o)
                                         0x38 (size before relaxing)
 .eh_frame      0x000000000002d2d4      0x214 obj_cooja/mtype780.a(packetbuf.o)
                                        0x22c (size before relaxing)
 .eh_frame      0x000000000002d4e8      0x1a0 obj_cooja/mtype780.a(queuebuf.o)
                                        0x1b8 (size before relaxing)
 .eh_frame      0x000000000002d688       0x80 obj_cooja/mtype780.a(nullsec.o)
                                         0x98 (size before relaxing)
 .eh_frame      0x000000000002d708       0xa0 obj_cooja/mtype780.a(watchdog.o)
                                         0xb8 (size before relaxing)
 .eh_frame      0x000000000002d7a8      0x100 obj_cooja/mtype780.a(leds.o)
                                        0x118 (size before relaxing)
 .eh_frame      0x000000000002d8a8       0xa0 obj_cooja/mtype780.a(memb.o)
                                         0xb8 (size before relaxing)
 .eh_frame      0x000000000002d948      0x164 obj_cooja/mtype780.a(uip-icmp6.o)
                                        0x17c (size before relaxing)
 .eh_frame      0x000000000002daac       0x68 obj_cooja/mtype780.a(uip-nd6.o)
                                         0x80 (size before relaxing)
 .eh_frame      0x000000000002db14       0xc0 obj_cooja/mtype780.a(rpl-nbr-policy.)
                                         0xd8 (size before relaxing)
 .eh_frame      0x000000000002dbd4      0x164 obj_cooja/mtype780.a(frame802154.o)
                                        0x17c (size before relaxing)
 .eh_frame      0x000000000002dd38       0x20 obj_cooja/mtype780.a(mac.o)
                                         0x38 (size before relaxing)
 .eh_frame      0x000000000002dd58        0x4 /usr/lib/gcc/i686-linux-gnu/4.8/crtendS.o

.gcc_except_table
 *(.gcc_except_table .gcc_except_table.*)

.exception_ranges
 *(.exception_ranges .exception_ranges*)
                0x000000000002dd5c                . = (ALIGN (0x1000) - ((0x1000 - .) & 0xfff))
                0x000000000002eef8                . = DATA_SEGMENT_ALIGN (0x1000, 0x1000)

.eh_frame
 *(.eh_frame)

.gcc_except_table
 *(.gcc_except_table .gcc_except_table.*)

.exception_ranges
 *(.exception_ranges .exception_ranges*)

.tdata
 *(.tdata .tdata.* .gnu.linkonce.td.*)

.tbss
 *(.tbss .tbss.* .gnu.linkonce.tb.*)
 *(.tcommon)

.preinit_array
 *(.preinit_array)

.init_array     0x000000000002eef8        0x4
 *(SORT(.init_array.*) SORT(.ctors.*))
 *(.init_array EXCLUDE_FILE(*crtend?.o *crtend.o *crtbegin?.o *crtbegin.o) .ctors)
 .init_array    0x000000000002eef8        0x4 /usr/lib/gcc/i686-linux-gnu/4.8/crtbeginS.o

.fini_array     0x000000000002eefc        0x4
 *(SORT(.fini_array.*) SORT(.dtors.*))
 *(.fini_array EXCLUDE_FILE(*crtend?.o *crtend.o *crtbegin?.o *crtbegin.o) .dtors)
 .fini_array    0x000000000002eefc        0x4 /usr/lib/gcc/i686-linux-gnu/4.8/crtbeginS.o

.ctors
 *crtbegin.o(.ctors)
 *crtbegin?.o(.ctors)
 *(EXCLUDE_FILE(*crtend?.o *crtend.o) .ctors)
 *(SORT(.ctors.*))
 *(.ctors)

.dtors
 *crtbegin.o(.dtors)
 *crtbegin?.o(.dtors)
 *(EXCLUDE_FILE(*crtend?.o *crtend.o) .dtors)
 *(SORT(.dtors.*))
 *(.dtors)

.jcr            0x000000000002ef00        0x4
 *(.jcr)
 .jcr           0x000000000002ef00        0x0 /usr/lib/gcc/i686-linux-gnu/4.8/crtbeginS.o
 .jcr           0x000000000002ef00        0x4 /usr/lib/gcc/i686-linux-gnu/4.8/crtendS.o

.data.rel.ro
 *(.data.rel.ro.local* .gnu.linkonce.d.rel.ro.local.*)
 *(.data.rel.ro .data.rel.ro.* .gnu.linkonce.d.rel.ro.*)

.dynamic        0x000000000002ef04       0xe8
 *(.dynamic)
 .dynamic       0x000000000002ef04       0xe8 /usr/lib/gcc/i686-linux-gnu/4.8/../../../i386-linux-gnu/crti.o
                0x000000000002ef04                _DYNAMIC

.got            0x000000000002efec       0x14
 *(.got)
 .got           0x000000000002efec       0x14 /usr/lib/gcc/i686-linux-gnu/4.8/../../../i386-linux-gnu/crti.o
 *(.igot)
                0x000000000002fff4                . = DATA_SEGMENT_RELRO_END (., (SIZEOF (.got.plt) >= 0xc)?0xc:0x0)

.got.plt        0x000000000002f000       0x14
 *(.got.plt)
 .got.plt       0x000000000002f000       0x14 /usr/lib/gcc/i686-linux-gnu/4.8/../../../i386-linux-gnu/crti.o
                0x000000000002f000                _GLOBAL_OFFSET_TABLE_
 *(.igot.plt)

.data           0x000000000002f020      0x27a
 *(.data .data.* .gnu.linkonce.d.*)
 .data          0x000000000002f020        0x0 /usr/lib/gcc/i686-linux-gnu/4.8/../../../i386-linux-gnu/crti.o
 .data          0x000000000002f020        0x0 /usr/lib/gcc/i686-linux-gnu/4.8/crtbeginS.o
 .data.rel      0x000000000002f020        0x4 /usr/lib/gcc/i686-linux-gnu/4.8/crtbeginS.o
                0x000000000002f020                __dso_handle
 .data          0x000000000002f024       0x10 udp-client.co
                0x000000000002f024                udp_client_process
 *fill*         0x000000000002f034        0xc 
 .data          0x000000000002f040       0x44 obj_cooja/mtype780.o
                0x000000000002f040                simInterfaces
                0x000000000002f074                sensors
 .data          0x000000000002f084        0x0 obj_cooja/mtype780.a(simEnvChange.o)
 .data          0x000000000002f084        0x0 obj_cooja/mtype780.a(cooja_mt.o)
 .data          0x000000000002f084        0x0 obj_cooja/mtype780.a(cooja_mtarch.o)
 .data          0x000000000002f084        0x0 obj_cooja/mtype780.a(rtimer-arch.o)
 .data          0x000000000002f084        0x0 obj_cooja/mtype780.a(beep.o)
 .data          0x000000000002f084        0x0 obj_cooja/mtype780.a(button-sensor.o)
 .data          0x000000000002f084        0x0 obj_cooja/mtype780.a(leds-arch.o)
 .data          0x000000000002f084        0x0 obj_cooja/mtype780.a(moteid.o)
 .data          0x000000000002f084        0x0 obj_cooja/mtype780.a(pir-sensor.o)
 .data          0x000000000002f084        0x0 obj_cooja/mtype780.a(rs232.o)
 .data          0x000000000002f084        0x0 obj_cooja/mtype780.a(vib-sensor.o)
 .data          0x000000000002f084        0x0 obj_cooja/mtype780.a(clock.o)
 .data          0x000000000002f084        0x0 obj_cooja/mtype780.a(log.o)
 .data          0x000000000002f084        0x0 obj_cooja/mtype780.a(cfs-cooja.o)
 .data          0x000000000002f084       0x40 obj_cooja/mtype780.a(cooja-radio.o)
                0x000000000002f084                simRadioChannelLR
                0x000000000002f088                simRadioHWOnLR
                0x000000000002f08c                simSignalStrengthLR
                0x000000000002f090                simLastSignalStrengthLR
                0x000000000002f094                simPowerLR
                0x000000000002f098                simLQILR
                0x000000000002f09c                simRadioChannel
                0x000000000002f0a0                simRadioHWOn
                0x000000000002f0a4                simSignalStrength
                0x000000000002f0a8                simLastSignalStrength
                0x000000000002f0ac                simPower
                0x000000000002f0b0                simLQI
                0x000000000002f0b4                cooja_radio_process
 .data          0x000000000002f0c4        0x0 obj_cooja/mtype780.a(eeprom.o)
 .data          0x000000000002f0c4        0x0 obj_cooja/mtype780.a(random.o)
 .data          0x000000000002f0c4       0x10 obj_cooja/mtype780.a(sensors.o)
                0x000000000002f0c4                sensors_process
 .data          0x000000000002f0d4       0x28 obj_cooja/mtype780.a(dual_conf.o)
                0x000000000002f0d4                radio_received
                0x000000000002f0d8                dual_dio_broadcast
                0x000000000002f0e8                dual_dis_broadcast
 .data          0x000000000002f0fc        0x0 obj_cooja/mtype780.a(autostart.o)
 .data          0x000000000002f0fc       0x14 obj_cooja/mtype780.a(ctimer.o)
                0x000000000002f100                ctimer_process
 .data          0x000000000002f110       0x10 obj_cooja/mtype780.a(etimer.o)
                0x000000000002f110                etimer_process
 .data          0x000000000002f120        0x0 obj_cooja/mtype780.a(log_message.o)
 .data          0x000000000002f120        0x0 obj_cooja/mtype780.a(process.o)
 .data          0x000000000002f120        0x0 obj_cooja/mtype780.a(residual.o)
 .data          0x000000000002f120        0x0 obj_cooja/mtype780.a(rtimer.o)
 .data          0x000000000002f120        0x0 obj_cooja/mtype780.a(stimer.o)
 .data          0x000000000002f120        0x0 obj_cooja/mtype780.a(timer.o)
 .data          0x000000000002f120       0x10 obj_cooja/mtype780.a(serial-line.o)
                0x000000000002f120                serial_line_process
 .data          0x000000000002f130        0x0 obj_cooja/mtype780.a(list.o)
 .data          0x000000000002f130        0x0 obj_cooja/mtype780.a(ringbuf.o)
 .data          0x000000000002f130        0x0 obj_cooja/mtype780.a(sicslowpan.o)
 .data          0x000000000002f130       0x14 obj_cooja/mtype780.a(uip-ds6-nbr.o)
                0x000000000002f140                ds6_neighbors
 .data          0x000000000002f144       0x44 obj_cooja/mtype780.a(uip-ds6-route.o)
                0x000000000002f154                nbr_routes
 .data          0x000000000002f188        0x0 obj_cooja/mtype780.a(uip-ds6.o)
 .data          0x000000000002f188        0x0 obj_cooja/mtype780.a(uip6.o)
 .data          0x000000000002f188       0x10 obj_cooja/mtype780.a(tcpip.o)
                0x000000000002f188                tcpip_process
 .data          0x000000000002f198        0x0 obj_cooja/mtype780.a(uip-debug.o)
 .data          0x000000000002f198        0xc obj_cooja/mtype780.a(uip-packetqueue)
 .data          0x000000000002f1a4        0x0 obj_cooja/mtype780.a(uip-udp-packet.)
 .data          0x000000000002f1a4       0x28 obj_cooja/mtype780.a(rpl-dag.o)
                0x000000000002f1b4                rpl_parents
                0x000000000002f1c8                rpl_children
 .data          0x000000000002f1cc        0x0 obj_cooja/mtype780.a(rpl-ext-header.)
 .data          0x000000000002f1cc       0x34 obj_cooja/mtype780.a(rpl-icmp6.o)
 .data          0x000000000002f200       0x1c obj_cooja/mtype780.a(rpl-of0.o)
                0x000000000002f200                rpl_of0
 .data          0x000000000002f21c        0x0 obj_cooja/mtype780.a(rpl-timers.o)
 .data          0x000000000002f21c        0x0 obj_cooja/mtype780.a(rpl.o)
 .data          0x000000000002f21c        0x0 obj_cooja/mtype780.a(framer-802154.o)
 .data          0x000000000002f21c        0x0 obj_cooja/mtype780.a(nullmac.o)
 .data          0x000000000002f21c       0x30 obj_cooja/mtype780.a(cxmac.o)
                0x000000000002f21c                cxmac_config
                0x000000000002f22c                strobe_wait
 .data          0x000000000002f24c        0x0 obj_cooja/mtype780.a(linkaddr.o)
 .data          0x000000000002f24c       0x10 obj_cooja/mtype780.a(nbr-table.o)
 .data          0x000000000002f25c        0x0 obj_cooja/mtype780.a(netstack.o)
 .data          0x000000000002f25c        0x4 obj_cooja/mtype780.a(packetbuf.o)
 .data          0x000000000002f260       0x18 obj_cooja/mtype780.a(queuebuf.o)
 .data          0x000000000002f278        0x0 obj_cooja/mtype780.a(nullsec.o)
 .data          0x000000000002f278        0x0 obj_cooja/mtype780.a(watchdog.o)
 .data          0x000000000002f278        0x0 obj_cooja/mtype780.a(rimestats.o)
 .data          0x000000000002f278        0x0 obj_cooja/mtype780.a(leds.o)
 .data          0x000000000002f278        0x0 obj_cooja/mtype780.a(memb.o)
 .data          0x000000000002f278       0x20 obj_cooja/mtype780.a(uip-icmp6.o)
 .data          0x000000000002f298        0x0 obj_cooja/mtype780.a(uip-nd6.o)
 .data          0x000000000002f298        0x0 obj_cooja/mtype780.a(rpl-nbr-policy.)
 .data          0x000000000002f298        0x2 obj_cooja/mtype780.a(frame802154.o)
 .data          0x000000000002f29a        0x0 obj_cooja/mtype780.a(mac.o)
 .data          0x000000000002f29a        0x0 /usr/lib/gcc/i686-linux-gnu/4.8/crtendS.o
 .data          0x000000000002f29a        0x0 /usr/lib/gcc/i686-linux-gnu/4.8/../../../i386-linux-gnu/crtn.o

.tm_clone_table
                0x000000000002f29c        0x0
 .tm_clone_table
                0x000000000002f29c        0x0 /usr/lib/gcc/i686-linux-gnu/4.8/crtbeginS.o
 .tm_clone_table
                0x000000000002f29c        0x0 /usr/lib/gcc/i686-linux-gnu/4.8/crtendS.o

.data1
 *(.data1)
                0x000000000002f29c                _edata = .
                0x000000000002f29c                PROVIDE (edata, .)
                0x000000000002f29c                . = .
                0x000000000002f29c                __bss_start = .

.bss            0x000000000002f2a0     0x8348
 *(.dynbss)
 .dynbss        0x0000000000000000        0x0 /usr/lib/gcc/i686-linux-gnu/4.8/../../../i386-linux-gnu/crti.o
 *(.bss .bss.* .gnu.linkonce.b.*)
 .bss           0x000000000002f2a0        0x0 /usr/lib/gcc/i686-linux-gnu/4.8/../../../i386-linux-gnu/crti.o
 .bss           0x000000000002f2a0        0x1 /usr/lib/gcc/i686-linux-gnu/4.8/crtbeginS.o
 *fill*         0x000000000002f2a1       0x1f 
 .bss           0x000000000002f2c0       0x60 udp-client.co
                0x000000000002f2c0                my_weight
 .bss           0x000000000002f320     0x2030 obj_cooja/mtype780.o
 .bss           0x0000000000031350        0x1 obj_cooja/mtype780.a(simEnvChange.o)
                0x0000000000031350                simDontFallAsleep
 *fill*         0x0000000000031351        0x3 
 .bss           0x0000000000031354        0x4 obj_cooja/mtype780.a(cooja_mt.o)
 .bss           0x0000000000031358        0x4 obj_cooja/mtype780.a(cooja_mtarch.o)
 .bss           0x000000000003135c        0xc obj_cooja/mtype780.a(rtimer-arch.o)
 .bss           0x0000000000031368        0x0 obj_cooja/mtype780.a(beep.o)
 .bss           0x0000000000031368        0x8 obj_cooja/mtype780.a(button-sensor.o)
 .bss           0x0000000000031370        0x0 obj_cooja/mtype780.a(leds-arch.o)
 .bss           0x0000000000031370        0x0 obj_cooja/mtype780.a(moteid.o)
 .bss           0x0000000000031370        0x1 obj_cooja/mtype780.a(pir-sensor.o)
                0x0000000000031370                simPirValue
 *fill*         0x0000000000031371        0x3 
 .bss           0x0000000000031374        0x4 obj_cooja/mtype780.a(rs232.o)
 .bss           0x0000000000031378        0x1 obj_cooja/mtype780.a(vib-sensor.o)
                0x0000000000031378                simVibValue
 .bss           0x0000000000031379        0x0 obj_cooja/mtype780.a(clock.o)
 *fill*         0x0000000000031379        0x7 
 .bss           0x0000000000031380      0x420 obj_cooja/mtype780.a(log.o)
 .bss           0x00000000000317a0      0xfc0 obj_cooja/mtype780.a(cfs-cooja.o)
                0x00000000000317a0                simCFSData
                0x0000000000032740                simCFSSize
                0x0000000000032744                simCFSChanged
                0x0000000000032748                simCFSRead
                0x000000000003274c                simCFSWritten
 .bss           0x0000000000032760       0x24 obj_cooja/mtype780.a(cooja-radio.o)
                0x0000000000032760                simReceivingLR
                0x0000000000032764                simInSizeLR
                0x0000000000032768                simOutSizeLR
                0x000000000003276c                simReceiving
                0x0000000000032770                simInSize
                0x0000000000032774                simOutSize
                0x0000000000032778                LongRangeTransmit
                0x000000000003277c                LongRangeReceiving
 .bss           0x0000000000032784        0xc obj_cooja/mtype780.a(eeprom.o)
                0x0000000000032784                simEEPROMChanged
                0x0000000000032788                simEEPROMRead
                0x000000000003278c                simEEPROMWritten
 .bss           0x0000000000032790        0x0 obj_cooja/mtype780.a(random.o)
 .bss           0x0000000000032790        0xc obj_cooja/mtype780.a(sensors.o)
 .bss           0x000000000003279c       0x28 obj_cooja/mtype780.a(dual_conf.o)
                0x000000000003279c                long_range_radio
 .bss           0x00000000000327c4        0x0 obj_cooja/mtype780.a(autostart.o)
 .bss           0x00000000000327c4        0x5 obj_cooja/mtype780.a(ctimer.o)
 *fill*         0x00000000000327c9        0x3 
 .bss           0x00000000000327cc        0x8 obj_cooja/mtype780.a(etimer.o)
 .bss           0x00000000000327d4        0x0 obj_cooja/mtype780.a(log_message.o)
 *fill*         0x00000000000327d4        0xc 
 .bss           0x00000000000327e0      0x1b1 obj_cooja/mtype780.a(process.o)
                0x00000000000327e0                process_list
                0x00000000000327e4                process_current
 .bss           0x0000000000032991        0x0 obj_cooja/mtype780.a(residual.o)
 *fill*         0x0000000000032991        0x3 
 .bss           0x0000000000032994        0x4 obj_cooja/mtype780.a(rtimer.o)
 .bss           0x0000000000032998        0x0 obj_cooja/mtype780.a(stimer.o)
 .bss           0x0000000000032998        0x0 obj_cooja/mtype780.a(timer.o)
 *fill*         0x0000000000032998        0x8 
 .bss           0x00000000000329a0      0x140 obj_cooja/mtype780.a(serial-line.o)
 .bss           0x0000000000032ae0        0x0 obj_cooja/mtype780.a(list.o)
 .bss           0x0000000000032ae0        0x0 obj_cooja/mtype780.a(ringbuf.o)
 .bss           0x0000000000032ae0      0x70c obj_cooja/mtype780.a(sicslowpan.o)
 *fill*         0x00000000000331ec       0x14 
 .bss           0x0000000000033200       0xc0 obj_cooja/mtype780.a(uip-ds6-nbr.o)
 .bss           0x00000000000332c0      0x4a8 obj_cooja/mtype780.a(uip-ds6-route.o)
 .bss           0x0000000000033768       0x30 obj_cooja/mtype780.a(uip-ds6.o)
 .bss           0x0000000000033798        0xe obj_cooja/mtype780.a(uip6.o)
                0x0000000000033798                uip_ext_bitmap
                0x0000000000033799                uip_ext_len
                0x000000000003379a                uip_ext_opt_offset
 *fill*         0x00000000000337a6       0x1a 
 .bss           0x00000000000337c0       0x6b obj_cooja/mtype780.a(tcpip.o)
 .bss           0x000000000003382b        0x0 obj_cooja/mtype780.a(uip-debug.o)
 *fill*         0x000000000003382b       0x15 
 .bss           0x0000000000033840      0xcf8 obj_cooja/mtype780.a(uip-packetqueue)
 .bss           0x0000000000034538        0x0 obj_cooja/mtype780.a(uip-udp-packet.)
 *fill*         0x0000000000034538        0x8 
 .bss           0x0000000000034540       0x88 obj_cooja/mtype780.a(rpl-dag.o)
 .bss           0x00000000000345c8        0x0 obj_cooja/mtype780.a(rpl-ext-header.)
 .bss           0x00000000000345c8        0x0 obj_cooja/mtype780.a(rpl-icmp6.o)
 .bss           0x00000000000345c8        0x0 obj_cooja/mtype780.a(rpl-of0.o)
 *fill*         0x00000000000345c8       0x18 
 .bss           0x00000000000345e0       0x60 obj_cooja/mtype780.a(rpl-timers.o)
 .bss           0x0000000000034640        0x4 obj_cooja/mtype780.a(rpl.o)
 .bss           0x0000000000034644        0x2 obj_cooja/mtype780.a(framer-802154.o)
 .bss           0x0000000000034646        0x0 obj_cooja/mtype780.a(nullmac.o)
 *fill*         0x0000000000034646       0x1a 
 .bss           0x0000000000034660       0xb0 obj_cooja/mtype780.a(cxmac.o)
 .bss           0x0000000000034710        0x0 obj_cooja/mtype780.a(linkaddr.o)
 *fill*         0x0000000000034710       0x10 
 .bss           0x0000000000034720       0xc4 obj_cooja/mtype780.a(nbr-table.o)
 .bss           0x00000000000347e4        0x0 obj_cooja/mtype780.a(netstack.o)
 *fill*         0x00000000000347e4       0x1c 
 .bss           0x0000000000034800       0xa0 obj_cooja/mtype780.a(packetbuf.o)
 .bss           0x00000000000348a0      0xb80 obj_cooja/mtype780.a(queuebuf.o)
 .bss           0x0000000000035420        0x0 obj_cooja/mtype780.a(nullsec.o)
 .bss           0x0000000000035420        0x0 obj_cooja/mtype780.a(watchdog.o)
 .bss           0x0000000000035420        0x0 obj_cooja/mtype780.a(rimestats.o)
 .bss           0x0000000000035420        0x1 obj_cooja/mtype780.a(leds.o)
 .bss           0x0000000000035421        0x0 obj_cooja/mtype780.a(memb.o)
 *fill*         0x0000000000035421        0x3 
 .bss           0x0000000000035424       0x18 obj_cooja/mtype780.a(uip-icmp6.o)
 .bss           0x000000000003543c        0x0 obj_cooja/mtype780.a(uip-nd6.o)
 *fill*         0x000000000003543c        0x4 
 .bss           0x0000000000035440       0x44 obj_cooja/mtype780.a(rpl-nbr-policy.)
 .bss           0x0000000000035484        0x0 obj_cooja/mtype780.a(frame802154.o)
 .bss           0x0000000000035484        0x0 obj_cooja/mtype780.a(mac.o)
 .bss           0x0000000000035484        0x0 /usr/lib/gcc/i686-linux-gnu/4.8/crtendS.o
 .bss           0x0000000000035484        0x0 /usr/lib/gcc/i686-linux-gnu/4.8/../../../i386-linux-gnu/crtn.o
 *(COMMON)
 COMMON         0x0000000000035484       0x49 udp-client.co
                0x0000000000035484                dio_count
                0x0000000000035488                dis_count
                0x000000000003548c                collision_count
                0x0000000000035490                transmission_count
                0x0000000000035494                COOJA_radioRxLong
                0x0000000000035498                control_message_count
                0x000000000003549c                dao_count
                0x00000000000354a0                COOJA_radioTx
                0x00000000000354a4                data_relay_count
                0x00000000000354a8                data_message_count
                0x00000000000354ac                my_sink_reachability
                0x00000000000354b0                COOJA_radioTxLong
                0x00000000000354b4                COOJA_radioRx
                0x00000000000354b8                long_duty_on
                0x00000000000354b9                my_parent_number
                0x00000000000354bc                COOJA_radioOn
                0x00000000000354c0                COOJA_duration
                0x00000000000354c4                dio_ack_count
                0x00000000000354c8                COOJA_radioOnLong
                0x00000000000354cc                short_duty_on
 *fill*         0x00000000000354cd        0x3 
 COMMON         0x00000000000354d0        0xc obj_cooja/mtype780.o
                0x00000000000354d0                referenceVar
                0x00000000000354d4                debugfp
                0x00000000000354d8                sensors_flags
 COMMON         0x00000000000354dc        0xc obj_cooja/mtype780.a(simEnvChange.o)
                0x00000000000354dc                simEtimerPending
                0x00000000000354e0                simProcessRunValue
                0x00000000000354e4                simNextExpirationTime
 COMMON         0x00000000000354e8        0x1 obj_cooja/mtype780.a(beep.o)
                0x00000000000354e8                simBeeped
 COMMON         0x00000000000354e9        0x3 obj_cooja/mtype780.a(button-sensor.o)
                0x00000000000354e9                simButtonIsActive
                0x00000000000354ea                simButtonIsDown
                0x00000000000354eb                simButtonChanged
 COMMON         0x00000000000354ec        0x1 obj_cooja/mtype780.a(leds-arch.o)
                0x00000000000354ec                simLedsValue
 *fill*         0x00000000000354ed        0x3 
 COMMON         0x00000000000354f0        0xc obj_cooja/mtype780.a(moteid.o)
                0x00000000000354f0                simRandomSeed
                0x00000000000354f4                simMoteIDChanged
                0x00000000000354f8                simMoteID
 COMMON         0x00000000000354fc        0x2 obj_cooja/mtype780.a(pir-sensor.o)
                0x00000000000354fc                simPirIsActive
                0x00000000000354fd                simPirChanged
 *fill*         0x00000000000354fe        0x2 
 COMMON         0x0000000000035500      0x820 obj_cooja/mtype780.a(rs232.o)
                0x0000000000035500                simSerialReceivingFlag
                0x0000000000035504                simSerialReceivingLength
                0x0000000000035520                simSerialReceivingData
 COMMON         0x0000000000035d20        0x2 obj_cooja/mtype780.a(vib-sensor.o)
                0x0000000000035d20                simVibChanged
                0x0000000000035d21                simVibIsActive
 *fill*         0x0000000000035d22        0x2 
 COMMON         0x0000000000035d24        0x4 obj_cooja/mtype780.a(clock.o)
                0x0000000000035d24                simCurrentTime
 *fill*         0x0000000000035d28       0x18 
 COMMON         0x0000000000035d40      0x420 obj_cooja/mtype780.a(log.o)
                0x0000000000035d40                simLoggedLength
                0x0000000000035d44                simLoggedFlag
                0x0000000000035d60                simLoggedData
 COMMON         0x0000000000036160      0x240 obj_cooja/mtype780.a(cooja-radio.o)
                0x0000000000036160                simOutDataBuffer
                0x00000000000361e0                simRadioTarget
                0x0000000000036200                simInDataBufferLR
                0x0000000000036280                simOutDataBufferLR
                0x0000000000036300                dual_duty_cycle_count
                0x0000000000036320                simInDataBuffer
 COMMON         0x00000000000363a0      0x400 obj_cooja/mtype780.a(eeprom.o)
                0x00000000000363a0                simEEPROMData
 COMMON         0x00000000000367a0        0x1 obj_cooja/mtype780.a(sensors.o)
                0x00000000000367a0                sensors_event
 *fill*         0x00000000000367a1        0x3 
 COMMON         0x00000000000367a4        0x4 obj_cooja/mtype780.a(log_message.o)
                0x00000000000367a4                log_fp
 COMMON         0x00000000000367a8        0x1 obj_cooja/mtype780.a(serial-line.o)
                0x00000000000367a8                serial_line_event_message
 *fill*         0x00000000000367a9       0x17 
 COMMON         0x00000000000367c0       0x50 obj_cooja/mtype780.a(uip-ds6-nbr.o)
                0x00000000000367c0                ds6_lr_addrmap
 *fill*         0x0000000000036810       0x10 
 COMMON         0x0000000000036820      0x298 obj_cooja/mtype780.a(uip-ds6.o)
                0x0000000000036820                uip_ds6_prefix_list
                0x0000000000036880                uip_ds6_timer_periodic
                0x0000000000036890                uip_ds6_netif_addr_list_offset
                0x00000000000368a0                uip_ds6_if
                0x0000000000036998                uip_ds6_timer_ra
                0x00000000000369a0                uip_ds6_addr_size
                0x00000000000369c0                long_uip_ds6_if
 *fill*         0x0000000000036ab8        0x8 
 COMMON         0x0000000000036ac0      0x8ec obj_cooja/mtype780.a(uip6.o)
                0x0000000000036ac0                uip_slen
                0x0000000000036ac2                uip_acc32
                0x0000000000036ae0                uip_conns
                0x0000000000036ba0                uip_lladdr
                0x0000000000036ba8                uip_appdata
                0x0000000000036bac                uip_flags
                0x0000000000036bc0                uip_aligned_buf
                0x0000000000037200                uip_listenports
                0x0000000000037210                uip_len
                0x0000000000037212                uip_long_lladdr
                0x000000000003721c                uip_sappdata
                0x0000000000037220                uip_udp_conns
                0x00000000000373a0                uip_udp_conn
                0x00000000000373a4                uip_next_hdr
                0x00000000000373a8                uip_conn
 COMMON         0x00000000000373ac        0x1 obj_cooja/mtype780.a(tcpip.o)
                0x00000000000373ac                tcpip_event
 *fill*         0x00000000000373ad       0x13 
 COMMON         0x00000000000373c0      0x198 obj_cooja/mtype780.a(rpl-dag.o)
                0x00000000000373c0                default_instance
                0x00000000000373e0                instance_table
 COMMON         0x0000000000037558       0x10 obj_cooja/mtype780.a(linkaddr.o)
                0x0000000000037558                linkaddr_node_addr
                0x0000000000037560                long_linkaddr_node_addr
 COMMON         0x0000000000037568       0x2e obj_cooja/mtype780.a(packetbuf.o)
                0x0000000000037568                packetbuf_attrs
                0x0000000000037586                packetbuf_addrs
 *fill*         0x0000000000037596        0xa 
 COMMON         0x00000000000375a0       0x48 obj_cooja/mtype780.a(rimestats.o)
                0x00000000000375a0                rimestats
                0x00000000000375e8                . = ALIGN ((. != 0x0)?0x4:0x1)
                0x00000000000375e8                . = ALIGN (0x4)
                0x00000000000375e8                . = SEGMENT_START ("ldata-segment", .)
                0x00000000000375e8                . = ALIGN (0x4)
                0x00000000000375e8                _end = .
                0x00000000000375e8                PROVIDE (end, .)
                0x00000000000375e8                . = DATA_SEGMENT_END (.)

.stab
 *(.stab)

.stabstr
 *(.stabstr)

.stab.excl
 *(.stab.excl)

.stab.exclstr
 *(.stab.exclstr)

.stab.index
 *(.stab.index)

.stab.indexstr
 *(.stab.indexstr)

.comment        0x0000000000000000       0x29
 *(.comment)
 .comment       0x0000000000000000       0x29 /usr/lib/gcc/i686-linux-gnu/4.8/crtbeginS.o
                                         0x2a (size before relaxing)
 .comment       0x0000000000000000       0x2a udp-client.co
 .comment       0x0000000000000000       0x2a obj_cooja/mtype780.o
 .comment       0x0000000000000000       0x2a obj_cooja/mtype780.a(simEnvChange.o)
 .comment       0x0000000000000000       0x2a obj_cooja/mtype780.a(cooja_mt.o)
 .comment       0x0000000000000000       0x2a obj_cooja/mtype780.a(cooja_mtarch.o)
 .comment       0x0000000000000000       0x2a obj_cooja/mtype780.a(rtimer-arch.o)
 .comment       0x0000000000000000       0x2a obj_cooja/mtype780.a(beep.o)
 .comment       0x0000000000000000       0x2a obj_cooja/mtype780.a(button-sensor.o)
 .comment       0x0000000000000000       0x2a obj_cooja/mtype780.a(leds-arch.o)
 .comment       0x0000000000000000       0x2a obj_cooja/mtype780.a(moteid.o)
 .comment       0x0000000000000000       0x2a obj_cooja/mtype780.a(pir-sensor.o)
 .comment       0x0000000000000000       0x2a obj_cooja/mtype780.a(rs232.o)
 .comment       0x0000000000000000       0x2a obj_cooja/mtype780.a(vib-sensor.o)
 .comment       0x0000000000000000       0x2a obj_cooja/mtype780.a(clock.o)
 .comment       0x0000000000000000       0x2a obj_cooja/mtype780.a(log.o)
 .comment       0x0000000000000000       0x2a obj_cooja/mtype780.a(cfs-cooja.o)
 .comment       0x0000000000000000       0x2a obj_cooja/mtype780.a(cooja-radio.o)
 .comment       0x0000000000000000       0x2a obj_cooja/mtype780.a(eeprom.o)
 .comment       0x0000000000000000       0x2a obj_cooja/mtype780.a(random.o)
 .comment       0x0000000000000000       0x2a obj_cooja/mtype780.a(sensors.o)
 .comment       0x0000000000000000       0x2a obj_cooja/mtype780.a(dual_conf.o)
 .comment       0x0000000000000000       0x2a obj_cooja/mtype780.a(autostart.o)
 .comment       0x0000000000000000       0x2a obj_cooja/mtype780.a(ctimer.o)
 .comment       0x0000000000000000       0x2a obj_cooja/mtype780.a(etimer.o)
 .comment       0x0000000000000000       0x2a obj_cooja/mtype780.a(log_message.o)
 .comment       0x0000000000000000       0x2a obj_cooja/mtype780.a(process.o)
 .comment       0x0000000000000000       0x2a obj_cooja/mtype780.a(residual.o)
 .comment       0x0000000000000000       0x2a obj_cooja/mtype780.a(rtimer.o)
 .comment       0x0000000000000000       0x2a obj_cooja/mtype780.a(stimer.o)
 .comment       0x0000000000000000       0x2a obj_cooja/mtype780.a(timer.o)
 .comment       0x0000000000000000       0x2a obj_cooja/mtype780.a(serial-line.o)
 .comment       0x0000000000000000       0x2a obj_cooja/mtype780.a(list.o)
 .comment       0x0000000000000000       0x2a obj_cooja/mtype780.a(ringbuf.o)
 .comment       0x0000000000000000       0x2a obj_cooja/mtype780.a(sicslowpan.o)
 .comment       0x0000000000000000       0x2a obj_cooja/mtype780.a(uip-ds6-nbr.o)
 .comment       0x0000000000000000       0x2a obj_cooja/mtype780.a(uip-ds6-route.o)
 .comment       0x0000000000000000       0x2a obj_cooja/mtype780.a(uip-ds6.o)
 .comment       0x0000000000000000       0x2a obj_cooja/mtype780.a(uip6.o)
 .comment       0x0000000000000000       0x2a obj_cooja/mtype780.a(tcpip.o)
 .comment       0x0000000000000000       0x2a obj_cooja/mtype780.a(uip-debug.o)
 .comment       0x0000000000000000       0x2a obj_cooja/mtype780.a(uip-packetqueue)
 .comment       0x0000000000000000       0x2a obj_cooja/mtype780.a(uip-udp-packet.)
 .comment       0x0000000000000000       0x2a obj_cooja/mtype780.a(rpl-dag.o)
 .comment       0x0000000000000000       0x2a obj_cooja/mtype780.a(rpl-ext-header.)
 .comment       0x0000000000000000       0x2a obj_cooja/mtype780.a(rpl-icmp6.o)
 .comment       0x0000000000000000       0x2a obj_cooja/mtype780.a(rpl-of0.o)
 .comment       0x0000000000000000       0x2a obj_cooja/mtype780.a(rpl-timers.o)
 .comment       0x0000000000000000       0x2a obj_cooja/mtype780.a(rpl.o)
 .comment       0x0000000000000000       0x2a obj_cooja/mtype780.a(framer-802154.o)
 .comment       0x0000000000000000       0x2a obj_cooja/mtype780.a(nullmac.o)
 .comment       0x0000000000000000       0x2a obj_cooja/mtype780.a(cxmac.o)
 .comment       0x0000000000000000       0x2a obj_cooja/mtype780.a(linkaddr.o)
 .comment       0x0000000000000000       0x2a obj_cooja/mtype780.a(nbr-table.o)
 .comment       0x0000000000000000       0x2a obj_cooja/mtype780.a(netstack.o)
 .comment       0x0000000000000000       0x2a obj_cooja/mtype780.a(packetbuf.o)
 .comment       0x0000000000000000       0x2a obj_cooja/mtype780.a(queuebuf.o)
 .comment       0x0000000000000000       0x2a obj_cooja/mtype780.a(nullsec.o)
 .comment       0x0000000000000000       0x2a obj_cooja/mtype780.a(watchdog.o)
 .comment       0x0000000000000000       0x2a obj_cooja/mtype780.a(rimestats.o)
 .comment       0x0000000000000000       0x2a obj_cooja/mtype780.a(leds.o)
 .comment       0x0000000000000000       0x2a obj_cooja/mtype780.a(memb.o)
 .comment       0x0000000000000000       0x2a obj_cooja/mtype780.a(uip-icmp6.o)
 .comment       0x0000000000000000       0x2a obj_cooja/mtype780.a(uip-nd6.o)
 .comment       0x0000000000000000       0x2a obj_cooja/mtype780.a(rpl-nbr-policy.)
 .comment       0x0000000000000000       0x2a obj_cooja/mtype780.a(frame802154.o)
 .comment       0x0000000000000000       0x2a obj_cooja/mtype780.a(mac.o)
 .comment       0x0000000000000000       0x2a /usr/lib/gcc/i686-linux-gnu/4.8/crtendS.o

.debug
 *(.debug)

.line
 *(.line)

.debug_srcinfo
 *(.debug_srcinfo)

.debug_sfnames
 *(.debug_sfnames)

.debug_aranges  0x0000000000000000      0x838
 *(.debug_aranges)
 .debug_aranges
                0x0000000000000000       0x20 udp-client.co
 .debug_aranges
                0x0000000000000020       0x20 obj_cooja/mtype780.o
 .debug_aranges
                0x0000000000000040       0x20 obj_cooja/mtype780.a(simEnvChange.o)
 .debug_aranges
                0x0000000000000060       0x20 obj_cooja/mtype780.a(cooja_mt.o)
 .debug_aranges
                0x0000000000000080       0x20 obj_cooja/mtype780.a(cooja_mtarch.o)
 .debug_aranges
                0x00000000000000a0       0x20 obj_cooja/mtype780.a(rtimer-arch.o)
 .debug_aranges
                0x00000000000000c0       0x20 obj_cooja/mtype780.a(beep.o)
 .debug_aranges
                0x00000000000000e0       0x20 obj_cooja/mtype780.a(button-sensor.o)
 .debug_aranges
                0x0000000000000100       0x20 obj_cooja/mtype780.a(leds-arch.o)
 .debug_aranges
                0x0000000000000120       0x20 obj_cooja/mtype780.a(moteid.o)
 .debug_aranges
                0x0000000000000140       0x20 obj_cooja/mtype780.a(pir-sensor.o)
 .debug_aranges
                0x0000000000000160       0x20 obj_cooja/mtype780.a(rs232.o)
 .debug_aranges
                0x0000000000000180       0x20 obj_cooja/mtype780.a(vib-sensor.o)
 .debug_aranges
                0x00000000000001a0       0x20 obj_cooja/mtype780.a(clock.o)
 .debug_aranges
                0x00000000000001c0       0x20 obj_cooja/mtype780.a(log.o)
 .debug_aranges
                0x00000000000001e0       0x20 obj_cooja/mtype780.a(cfs-cooja.o)
 .debug_aranges
                0x0000000000000200       0x20 obj_cooja/mtype780.a(cooja-radio.o)
 .debug_aranges
                0x0000000000000220       0x20 obj_cooja/mtype780.a(eeprom.o)
 .debug_aranges
                0x0000000000000240       0x20 obj_cooja/mtype780.a(random.o)
 .debug_aranges
                0x0000000000000260       0x20 obj_cooja/mtype780.a(sensors.o)
 .debug_aranges
                0x0000000000000280       0x20 obj_cooja/mtype780.a(dual_conf.o)
 .debug_aranges
                0x00000000000002a0       0x20 obj_cooja/mtype780.a(autostart.o)
 .debug_aranges
                0x00000000000002c0       0x20 obj_cooja/mtype780.a(ctimer.o)
 .debug_aranges
                0x00000000000002e0       0x20 obj_cooja/mtype780.a(etimer.o)
 .debug_aranges
                0x0000000000000300       0x20 obj_cooja/mtype780.a(log_message.o)
 .debug_aranges
                0x0000000000000320       0x20 obj_cooja/mtype780.a(process.o)
 .debug_aranges
                0x0000000000000340       0x20 obj_cooja/mtype780.a(residual.o)
 .debug_aranges
                0x0000000000000360       0x20 obj_cooja/mtype780.a(rtimer.o)
 .debug_aranges
                0x0000000000000380       0x20 obj_cooja/mtype780.a(stimer.o)
 .debug_aranges
                0x00000000000003a0       0x20 obj_cooja/mtype780.a(timer.o)
 .debug_aranges
                0x00000000000003c0       0x20 obj_cooja/mtype780.a(serial-line.o)
 .debug_aranges
                0x00000000000003e0       0x20 obj_cooja/mtype780.a(list.o)
 .debug_aranges
                0x0000000000000400       0x20 obj_cooja/mtype780.a(ringbuf.o)
 .debug_aranges
                0x0000000000000420       0x20 obj_cooja/mtype780.a(sicslowpan.o)
 .debug_aranges
                0x0000000000000440       0x20 obj_cooja/mtype780.a(uip-ds6-nbr.o)
 .debug_aranges
                0x0000000000000460       0x20 obj_cooja/mtype780.a(uip-ds6-route.o)
 .debug_aranges
                0x0000000000000480       0x20 obj_cooja/mtype780.a(uip-ds6.o)
 .debug_aranges
                0x00000000000004a0       0x20 obj_cooja/mtype780.a(uip6.o)
 .debug_aranges
                0x00000000000004c0       0x20 obj_cooja/mtype780.a(tcpip.o)
 .debug_aranges
                0x00000000000004e0       0x20 obj_cooja/mtype780.a(uip-debug.o)
 .debug_aranges
                0x0000000000000500       0x20 obj_cooja/mtype780.a(uip-packetqueue)
 .debug_aranges
                0x0000000000000520       0x20 obj_cooja/mtype780.a(uip-udp-packet.)
 .debug_aranges
                0x0000000000000540       0x20 obj_cooja/mtype780.a(rpl-dag.o)
 .debug_aranges
                0x0000000000000560       0x20 obj_cooja/mtype780.a(rpl-ext-header.)
 .debug_aranges
                0x0000000000000580       0x20 obj_cooja/mtype780.a(rpl-icmp6.o)
 .debug_aranges
                0x00000000000005a0       0x20 obj_cooja/mtype780.a(rpl-of0.o)
 .debug_aranges
                0x00000000000005c0       0x20 obj_cooja/mtype780.a(rpl-timers.o)
 .debug_aranges
                0x00000000000005e0       0x20 obj_cooja/mtype780.a(rpl.o)
 .debug_aranges
                0x0000000000000600       0x20 obj_cooja/mtype780.a(framer-802154.o)
 .debug_aranges
                0x0000000000000620       0x20 obj_cooja/mtype780.a(nullmac.o)
 .debug_aranges
                0x0000000000000640       0x20 obj_cooja/mtype780.a(cxmac.o)
 .debug_aranges
                0x0000000000000660       0x20 obj_cooja/mtype780.a(linkaddr.o)
 .debug_aranges
                0x0000000000000680       0x20 obj_cooja/mtype780.a(nbr-table.o)
 .debug_aranges
                0x00000000000006a0       0x20 obj_cooja/mtype780.a(netstack.o)
 .debug_aranges
                0x00000000000006c0       0x20 obj_cooja/mtype780.a(packetbuf.o)
 .debug_aranges
                0x00000000000006e0       0x20 obj_cooja/mtype780.a(queuebuf.o)
 .debug_aranges
                0x0000000000000700       0x20 obj_cooja/mtype780.a(nullsec.o)
 .debug_aranges
                0x0000000000000720       0x20 obj_cooja/mtype780.a(watchdog.o)
 .debug_aranges
                0x0000000000000740       0x18 obj_cooja/mtype780.a(rimestats.o)
 .debug_aranges
                0x0000000000000758       0x20 obj_cooja/mtype780.a(leds.o)
 .debug_aranges
                0x0000000000000778       0x20 obj_cooja/mtype780.a(memb.o)
 .debug_aranges
                0x0000000000000798       0x20 obj_cooja/mtype780.a(uip-icmp6.o)
 .debug_aranges
                0x00000000000007b8       0x20 obj_cooja/mtype780.a(uip-nd6.o)
 .debug_aranges
                0x00000000000007d8       0x20 obj_cooja/mtype780.a(rpl-nbr-policy.)
 .debug_aranges
                0x00000000000007f8       0x20 obj_cooja/mtype780.a(frame802154.o)
 .debug_aranges
                0x0000000000000818       0x20 obj_cooja/mtype780.a(mac.o)

.debug_pubnames
 *(.debug_pubnames)

.debug_info     0x0000000000000000    0x1d169
 *(.debug_info .gnu.linkonce.wi.*)
 .debug_info    0x0000000000000000      0xa44 udp-client.co
 .debug_info    0x0000000000000a44     0x3ac4 obj_cooja/mtype780.o
 .debug_info    0x0000000000004508      0x15a obj_cooja/mtype780.a(simEnvChange.o)
 .debug_info    0x0000000000004662      0x1e2 obj_cooja/mtype780.a(cooja_mt.o)
 .debug_info    0x0000000000004844      0x2e7 obj_cooja/mtype780.a(cooja_mtarch.o)