Archive member included to satisfy reference by file (symbol)

obj_cooja/mtype767.a(simEnvChange.o)
                              obj_cooja/mtype767.o (simDontFallAsleep)
obj_cooja/mtype767.a(cooja_mt.o)
                              obj_cooja/mtype767.o (cooja_mt_start)
obj_cooja/mtype767.a(cooja_mtarch.o)
                              obj_cooja/mtype767.a(cooja_mt.o) (cooja_mtarch_init)
obj_cooja/mtype767.a(rtimer-arch.o)
                              obj_cooja/mtype767.o (rtimer_arch_next)
obj_cooja/mtype767.a(beep.o)  obj_cooja/mtype767.o (beep_interface)
obj_cooja/mtype767.a(button-sensor.o)
                              obj_cooja/mtype767.o (button_interface)
obj_cooja/mtype767.a(leds-arch.o)
                              obj_cooja/mtype767.o (leds_interface)
obj_cooja/mtype767.a(moteid.o)
                              obj_cooja/mtype767.o (moteid_interface)
obj_cooja/mtype767.a(pir-sensor.o)
                              obj_cooja/mtype767.o (pir_interface)
obj_cooja/mtype767.a(rs232.o)
                              obj_cooja/mtype767.o (rs232_interface)
obj_cooja/mtype767.a(vib-sensor.o)
                              obj_cooja/mtype767.o (vib_interface)
obj_cooja/mtype767.a(clock.o)
                              obj_cooja/mtype767.o (clock_interface)
obj_cooja/mtype767.a(log.o)   obj_cooja/mtype767.o (simlog_interface)
obj_cooja/mtype767.a(cfs-cooja.o)
                              obj_cooja/mtype767.o (cfs_interface)
obj_cooja/mtype767.a(cooja-radio.o)
                              obj_cooja/mtype767.o (radio_interface)
obj_cooja/mtype767.a(eeprom.o)
                              obj_cooja/mtype767.o (eeprom_interface)
obj_cooja/mtype767.a(random.o)
                              obj_cooja/mtype767.a(moteid.o) (random_init)
obj_cooja/mtype767.a(sensors.o)
                              udp-server.co (sensors_event)
obj_cooja/mtype767.a(leds.o)  obj_cooja/mtype767.a(cooja-radio.o) (leds_on)
obj_cooja/mtype767.a(dual_conf.o)
                              obj_cooja/mtype767.a(cooja-radio.o) (long_range_radio)
obj_cooja/mtype767.a(autostart.o)
                              obj_cooja/mtype767.o (autostart_start)
obj_cooja/mtype767.a(ctimer.o)
                              obj_cooja/mtype767.o (ctimer_init)
obj_cooja/mtype767.a(etimer.o)
                              obj_cooja/mtype767.o (etimer_process)
obj_cooja/mtype767.a(log_message.o)
                              obj_cooja/mtype767.o (log_initialization)
obj_cooja/mtype767.a(process.o)
                              udp-server.co (process_current)
obj_cooja/mtype767.a(residual.o)
                              obj_cooja/mtype767.o (get_residual_energy)
obj_cooja/mtype767.a(rtimer.o)
                              obj_cooja/mtype767.a(rtimer-arch.o) (rtimer_run_next)
obj_cooja/mtype767.a(timer.o)
                              obj_cooja/mtype767.a(button-sensor.o) (timer_set)
obj_cooja/mtype767.a(serial-line.o)
                              obj_cooja/mtype767.a(rs232.o) (serial_line_input_byte)
obj_cooja/mtype767.a(list.o)  obj_cooja/mtype767.a(ctimer.o) (list_init)
obj_cooja/mtype767.a(ringbuf.o)
                              obj_cooja/mtype767.a(serial-line.o) (ringbuf_init)
obj_cooja/mtype767.a(sicslowpan.o)
                              obj_cooja/mtype767.o (sicslowpan_driver)
obj_cooja/mtype767.a(uip-ds6-nbr.o)
                              obj_cooja/mtype767.a(sicslowpan.o) (uip_ds6_link_neighbor_callback)
obj_cooja/mtype767.a(uip-ds6.o)
                              udp-server.co (uip_ds6_if)
obj_cooja/mtype767.a(uip6.o)  obj_cooja/mtype767.o (uip_lladdr)
obj_cooja/mtype767.a(tcpip.o)
                              udp-server.co (tcpip_event)
obj_cooja/mtype767.a(uip-debug.o)
                              udp-server.co (uip_debug_ipaddr_print)
obj_cooja/mtype767.a(uip-packetqueue)
                              obj_cooja/mtype767.a(uip-ds6-nbr.o) (uip_packetqueue_new)
obj_cooja/mtype767.a(rpl-dag.o)
                              udp-server.co (rpl_set_root)
obj_cooja/mtype767.a(rpl-ext-header.)
                              obj_cooja/mtype767.a(uip6.o) (rpl_verify_header)
obj_cooja/mtype767.a(rpl-icmp6.o)
                              obj_cooja/mtype767.a(rpl-dag.o) (rpl_icmp6_update_nbr_table)
obj_cooja/mtype767.a(rpl-ltmax.o)
                              obj_cooja/mtype767.a(rpl-dag.o) (rpl_ltmax_of)
obj_cooja/mtype767.a(rpl-timers.o)
                              obj_cooja/mtype767.a(rpl-icmp6.o) (rpl_LSA_convergence_timer)
obj_cooja/mtype767.a(rpl.o)   udp-server.co (determined_parent)
obj_cooja/mtype767.a(csma.o)  udp-server.co (csma_driver)
obj_cooja/mtype767.a(framer-802154.o)
                              obj_cooja/mtype767.a(sicslowpan.o) (framer_802154)
obj_cooja/mtype767.a(mac.o)   obj_cooja/mtype767.a(csma.o) (mac_call_sent_callback)
obj_cooja/mtype767.a(cxmac.o)
                              obj_cooja/mtype767.o (cxmac_driver)
obj_cooja/mtype767.a(linkaddr.o)
                              obj_cooja/mtype767.o (linkaddr_node_addr)
[...]
Memory Configuration

Name             Origin             Length             Attributes
*default*        0x0000000000000000 0xffffffffffffffff

Linker script and memory map

LOAD /usr/lib/gcc/i686-linux-gnu/4.8/../../../i386-linux-gnu/crti.o
LOAD /usr/lib/gcc/i686-linux-gnu/4.8/crtbeginS.o
LOAD udp-server.co
LOAD obj_cooja/mtype767.o
LOAD obj_cooja/mtype767.a
LOAD /usr/lib/gcc/i686-linux-gnu/4.8/libgcc.a
LOAD /usr/lib/gcc/i686-linux-gnu/4.8/libgcc_s.so
LOAD /usr/lib/gcc/i686-linux-gnu/4.8/../../../i386-linux-gnu/libc.so
START GROUP
LOAD /lib/i386-linux-gnu/libc.so.6
LOAD /usr/lib/i386-linux-gnu/libc_nonshared.a
LOAD /lib/i386-linux-gnu/ld-linux.so.2
END GROUP
LOAD /usr/lib/gcc/i686-linux-gnu/4.8/libgcc.a
LOAD /usr/lib/gcc/i686-linux-gnu/4.8/libgcc_s.so
LOAD /usr/lib/gcc/i686-linux-gnu/4.8/crtendS.o
LOAD /usr/lib/gcc/i686-linux-gnu/4.8/../../../i386-linux-gnu/crtn.o
                0x0000000000000114                . = (0x0 + SIZEOF_HEADERS)

.note.gnu.build-id
                0x0000000000000114       0x24
 *(.note.gnu.build-id)
 .note.gnu.build-id
                0x0000000000000114       0x24 /usr/lib/gcc/i686-linux-gnu/4.8/../../../i386-linux-gnu/crti.o

.hash
 *(.hash)

.gnu.hash       0x0000000000000138     0x1390
 *(.gnu.hash)
 .gnu.hash      0x0000000000000138     0x1390 /usr/lib/gcc/i686-linux-gnu/4.8/../../../i386-linux-gnu/crti.o

.dynsym         0x00000000000014c8     0x26a0
 *(.dynsym)
 .dynsym        0x00000000000014c8     0x26a0 /usr/lib/gcc/i686-linux-gnu/4.8/../../../i386-linux-gnu/crti.o

.dynstr         0x0000000000003b68     0x27bc
 *(.dynstr)
 .dynstr        0x0000000000003b68     0x27bc /usr/lib/gcc/i686-linux-gnu/4.8/../../../i386-linux-gnu/crti.o

.gnu.version    0x0000000000006324      0x4d4
 *(.gnu.version)
 .gnu.version   0x0000000000006324      0x4d4 /usr/lib/gcc/i686-linux-gnu/4.8/../../../i386-linux-gnu/crti.o

.gnu.version_d  0x00000000000067f8        0x0
 *(.gnu.version_d)
 .gnu.version_d
                0x0000000000000000        0x0 /usr/lib/gcc/i686-linux-gnu/4.8/../../../i386-linux-gnu/crti.o

.gnu.version_r  0x00000000000067f8       0x50
 *(.gnu.version_r)
 .gnu.version_r
                0x00000000000067f8       0x50 /usr/lib/gcc/i686-linux-gnu/4.8/../../../i386-linux-gnu/crti.o

.rel.dyn        0x0000000000006848     0x9570
 *(.rel.init)
 .rel.init      0x0000000000000000        0x0 /usr/lib/gcc/i686-linux-gnu/4.8/../../../i386-linux-gnu/crti.o
 *(.rel.text .rel.text.* .rel.gnu.linkonce.t.*)
 .rel.text      0x0000000000006848     0x8d80 /usr/lib/gcc/i686-linux-gnu/4.8/../../../i386-linux-gnu/crti.o
 *(.rel.fini)
 .rel.fini      0x0000000000000000        0x0 /usr/lib/gcc/i686-linux-gnu/4.8/../../../i386-linux-gnu/crti.o
 *(.rel.rodata .rel.rodata.* .rel.gnu.linkonce.r.*)
 .rel.rodata    0x000000000000f5c8      0x4e0 /usr/lib/gcc/i686-linux-gnu/4.8/../../../i386-linux-gnu/crti.o
 *(.rel.data.rel.ro .rel.data.rel.ro.* .rel.gnu.linkonce.d.rel.ro.*)
 *(.rel.data .rel.data.* .rel.gnu.linkonce.d.*)
 .rel.data.rel  0x000000000000faa8        0x8 /usr/lib/gcc/i686-linux-gnu/4.8/../../../i386-linux-gnu/crti.o
 .rel.data      0x000000000000fab0      0x2d0 /usr/lib/gcc/i686-linux-gnu/4.8/../../../i386-linux-gnu/crti.o
 *(.rel.tdata .rel.tdata.* .rel.gnu.linkonce.td.*)
 *(.rel.tbss .rel.tbss.* .rel.gnu.linkonce.tb.*)
 *(.rel.ctors)
 *(.rel.dtors)
 *(.rel.got)
 .rel.got       0x000000000000fd80       0x28 /usr/lib/gcc/i686-linux-gnu/4.8/../../../i386-linux-gnu/crti.o
 *(.rel.bss .rel.bss.* .rel.gnu.linkonce.b.*)
 *(.rel.ifunc)
 .rel.ifunc     0x0000000000000000        0x0 /usr/lib/gcc/i686-linux-gnu/4.8/../../../i386-linux-gnu/crti.o
 .rel.fini_array
                0x000000000000fda8        0x8 /usr/lib/gcc/i686-linux-gnu/4.8/../../../i386-linux-gnu/crti.o
 .rel.init_array
                0x000000000000fdb0        0x8 /usr/lib/gcc/i686-linux-gnu/4.8/../../../i386-linux-gnu/crti.o

.rel.plt        0x000000000000fdb8       0x10
 *(.rel.plt)
 .rel.plt       0x000000000000fdb8       0x10 /usr/lib/gcc/i686-linux-gnu/4.8/../../../i386-linux-gnu/crti.o
 *(.rel.iplt)

.init           0x000000000000fdc8       0x23
 *(SORT(.init))
 .init          0x000000000000fdc8       0x1e /usr/lib/gcc/i686-linux-gnu/4.8/../../../i386-linux-gnu/crti.o
                0x000000000000fdc8                _init
 .init          0x000000000000fde6        0x5 /usr/lib/gcc/i686-linux-gnu/4.8/../../../i386-linux-gnu/crtn.o

.plt            0x000000000000fdf0       0x30
 *(.plt)
 .plt           0x000000000000fdf0       0x30 /usr/lib/gcc/i686-linux-gnu/4.8/../../../i386-linux-gnu/crti.o
 *(.iplt)

.text           0x000000000000fe20    0x17142
 *(.text.unlikely .text.*_unlikely .text.unlikely.*)
 *(.text.exit .text.exit.*)
 *(.text.startup .text.startup.*)
 *(.text.hot .text.hot.*)
 *(.text .stub .text.* .gnu.linkonce.t.*)
 .text          0x000000000000fe20        0x0 /usr/lib/gcc/i686-linux-gnu/4.8/../../../i386-linux-gnu/crti.o
 .gnu.linkonce.t.__x86.get_pc_thunk.bx
                0x000000000000fe20        0x4 /usr/lib/gcc/i686-linux-gnu/4.8/../../../i386-linux-gnu/crti.o
                0x000000000000fe20                __x86.get_pc_thunk.bx
 *fill*         0x000000000000fe24        0xc 
 .text          0x000000000000fe30      0x11b /usr/lib/gcc/i686-linux-gnu/4.8/crtbeginS.o
 .text          0x000000000000ff4b      0x3ce udp-server.co
 .text          0x0000000000010319      0x96a obj_cooja/mtype767.o
                0x00000000000104c7                contiki_init
                0x0000000000010a9a                Java_org_contikios_cooja_corecomm_Lib13_init
                0x0000000000010ada                Java_org_contikios_cooja_corecomm_Lib13_getMemory
                0x0000000000010b1a                Java_org_contikios_cooja_corecomm_Lib13_setMemory
                0x0000000000010b91                Java_org_contikios_cooja_corecomm_Lib13_tick
                0x0000000000010c71                Java_org_contikios_cooja_corecomm_Lib13_setReferenceAddress
 .text          0x0000000000010c83       0x63 obj_cooja/mtype767.a(simEnvChange.o)
                0x0000000000010c83                doActionsBeforeTick
                0x0000000000010cb4                doActionsAfterTick
 .text          0x0000000000010ce6       0xbc obj_cooja/mtype767.a(cooja_mt.o)
                0x0000000000010ce6                cooja_mt_init
                0x0000000000010cf3                cooja_mt_remove
                0x0000000000010d00                cooja_mt_start
                0x0000000000010d2d                cooja_mt_exec
                0x0000000000010d5e                cooja_mt_exit
                0x0000000000010d80                cooja_mt_yield
 .text          0x0000000000010da2      0x115 obj_cooja/mtype767.a(cooja_mtarch.o)
                0x0000000000010da2                cooja_mtarch_init
                0x0000000000010da7                cooja_mtarch_start
                0x0000000000010e22                cooja_sw
                0x0000000000010e44                cooja_mtarch_exec
                0x0000000000010e60                cooja_mtarch_remove
                0x0000000000010e65                cooja_mtarch_yield
                0x0000000000010e6f                cooja_mtarch_pstop
                0x0000000000010e74                cooja_mtarch_pstart
                0x0000000000010e79                cooja_mtarch_stack_usage
 .text          0x0000000000010eb7       0xc2 obj_cooja/mtype767.a(rtimer-arch.o)
                0x0000000000010eb7                rtimer_arch_init
                0x0000000000010eda                rtimer_arch_schedule
                0x0000000000010ef1                rtimer_arch_next
                0x0000000000010efb                rtimer_arch_pending
                0x0000000000010f05                rtimer_arch_check
                0x0000000000010f37                rtimer_arch_now
 .text          0x0000000000010f79       0x76 obj_cooja/mtype767.a(beep.o)
                0x0000000000010f79                beep_alarm
                0x0000000000010f85                beep_beep
                0x0000000000010f91                beep
                0x0000000000010f9d                beep_down
                0x0000000000010fa9                beep_on
                0x0000000000010fb5                beep_off
                0x0000000000010fc1                beep_spinup
                0x0000000000010fcd                beep_quick
                0x0000000000010fd9                beep_long
 .text          0x0000000000010fef      0x103 obj_cooja/mtype767.a(button-sensor.o)
 .text          0x00000000000110f2       0x45 obj_cooja/mtype767.a(leds-arch.o)
                0x00000000000110f2                leds_arch_init
                0x00000000000110fe                leds_arch_get
                0x000000000001110a                leds_arch_set
 .text          0x0000000000011137       0x2f obj_cooja/mtype767.a(moteid.o)
 .text          0x0000000000011166       0xb1 obj_cooja/mtype767.a(pir-sensor.o)
 .text          0x0000000000011217      0x131 obj_cooja/mtype767.a(rs232.o)
                0x0000000000011217                rs232_init
                0x000000000001121c                rs232_set_speed
                0x000000000001122a                rs232_set_input
                0x0000000000011237                rs232_send
                0x0000000000011259                rs232_print
                0x0000000000011274                slip_arch_writeb
 .text          0x0000000000011348       0xb1 obj_cooja/mtype767.a(vib-sensor.o)
 .text          0x00000000000113f9       0x34 obj_cooja/mtype767.a(clock.o)
                0x00000000000113f9                clock_init
                0x00000000000113fe                clock_time
                0x0000000000011408                clock_seconds
                0x000000000001141e                clock_delay
 .text          0x000000000001142d      0x1ed obj_cooja/mtype767.a(log.o)
                0x000000000001142d                simlog_char
                0x000000000001146f                simlog
                0x00000000000114dc                log_message
                0x0000000000011504                log_set_putchar_with_slip
                0x0000000000011511                log_putchar
                0x0000000000011595                log_puts
                0x00000000000115b9                log_printf
 .text          0x000000000001161a      0x2c4 obj_cooja/mtype767.a(cfs-cooja.o)
                0x000000000001161a                cfs_open
                0x0000000000011683                cfs_close
                0x000000000001168f                cfs_read
                0x000000000001172d                cfs_write
                0x000000000001180a                cfs_seek
                0x0000000000011892                cfs_remove
                0x00000000000118bb                cfs_opendir
                0x00000000000118c5                cfs_readdir
                0x00000000000118cf                cfs_closedir
 .text          0x00000000000118de      0x69f obj_cooja/mtype767.a(cooja-radio.o)
                0x0000000000011908                radio_set_channel
                0x000000000001191d                radio_set_txpower
                0x000000000001193d                radio_signal_strength_last
                0x0000000000011947                radio_signal_strength_current
                0x0000000000011951                radio_LQI
 .text          0x0000000000011f7d       0xef obj_cooja/mtype767.a(eeprom.o)
                0x0000000000011f7d                eeprom_init
                0x0000000000011f82                eeprom_read
                0x0000000000011ff2                eeprom_write
 .text          0x000000000001206c       0x28 obj_cooja/mtype767.a(random.o)
                0x000000000001206c                random_init
                0x0000000000012087                random_rand
 .text          0x0000000000012094      0x2a1 obj_cooja/mtype767.a(sensors.o)
                0x00000000000120cf                sensors_first
                0x00000000000120d9                sensors_next
                0x00000000000120f6                sensors_changed
                0x0000000000012125                sensors_find
 .text          0x0000000000012335      0x134 obj_cooja/mtype767.a(leds.o)
                0x0000000000012386                leds_init
                0x000000000001239a                leds_blink
                0x00000000000123d2                leds_get
                0x00000000000123df                leds_set
                0x00000000000123f9                leds_on
                0x000000000001241c                leds_off
                0x0000000000012446                leds_toggle
 .text          0x0000000000012469      0x432 obj_cooja/mtype767.a(dual_conf.o)
                0x0000000000012469                dual_radio_switch
                0x00000000000124a9                dual_radio_change
                0x00000000000124e3                sending_in_LR
                0x000000000001250e                dual_radio_received
                0x0000000000012546                radio_received_is_longrange
                0x0000000000012561                dual_radio_turn_on
                0x0000000000012584                dual_radio_turn_off
                0x0000000000012821                dio_broadcast
                0x000000000001284a                dis_broadcast
                0x000000000001286b                LSA_converge_broadcast
 .text          0x000000000001289b       0x8e obj_cooja/mtype767.a(autostart.o)
                0x000000000001289b                autostart_start
                0x00000000000128e6                autostart_exit
 .text          0x0000000000012929      0x334 obj_cooja/mtype767.a(ctimer.o)
                0x0000000000012a40                ctimer_init
                0x0000000000012a70                ctimer_set
                0x0000000000012aa1                ctimer_set_with_process
                0x0000000000012b1d                ctimer_reset
                0x0000000000012b6c                ctimer_restart
                0x0000000000012bbb                ctimer_stop
                0x0000000000012c06                ctimer_expired
 .text          0x0000000000012c5d      0x40b obj_cooja/mtype767.a(etimer.o)
                0x0000000000012e70                etimer_request_poll
                0x0000000000012ef4                etimer_set
                0x0000000000012f19                etimer_reset_with_new_interval
                0x0000000000012f40                etimer_reset
                0x0000000000012f5e                etimer_restart
                0x0000000000012f7c                etimer_adjust
                0x0000000000012f98                etimer_expired
                0x0000000000012fab                etimer_expiration_time
                0x0000000000012fbd                etimer_start_time
                0x0000000000012fc7                etimer_pending
                0x0000000000012fd9                etimer_next_expiration_time
                0x0000000000012ff3                etimer_stop
 .text          0x0000000000013068       0xdd obj_cooja/mtype767.a(log_message.o)
                0x0000000000013068                log_initialization
                0x0000000000013124                log_finisher
 .text          0x0000000000013145      0x560 obj_cooja/mtype767.a(process.o)
                0x0000000000013145                process_alloc_event
                0x000000000001315a                process_start
                0x0000000000013343                process_exit
                0x000000000001335f                process_init
                0x0000000000013530                process_run
                0x0000000000013563                process_nevents
                0x000000000001357e                process_post
                0x000000000001362a                process_post_synch
                0x0000000000013662                process_poll
                0x0000000000013691                process_is_running
 .text          0x00000000000136a5       0xd3 obj_cooja/mtype767.a(residual.o)
                0x00000000000136a5                get_residual_energy
 .text          0x0000000000013778       0xba obj_cooja/mtype767.a(rtimer.o)
                0x0000000000013778                rtimer_init
                0x0000000000013785                rtimer_set
                0x00000000000137dc                rtimer_run_next
 .text          0x0000000000013832       0x91 obj_cooja/mtype767.a(timer.o)
                0x0000000000013832                timer_set
                0x000000000001384d                timer_reset
                0x0000000000013864                timer_restart
                0x0000000000013876                timer_expired
                0x000000000001389f                timer_remaining
 .text          0x00000000000138c3      0x1fb obj_cooja/mtype767.a(serial-line.o)
                0x00000000000138c3                serial_line_input_byte
                0x0000000000013a86                serial_line_init
 .text          0x0000000000013abe      0x244 obj_cooja/mtype767.a(list.o)
                0x0000000000013abe                list_init
                0x0000000000013acc                list_head
                0x0000000000013ad6                list_copy
                0x0000000000013ae5                list_tail
                0x0000000000013b1b                list_add
                0x0000000000013b64                list_push
                0x0000000000013b90                list_chop
                0x0000000000013bfa                list_pop
                0x0000000000013c22                list_remove
                0x0000000000013c89                list_length
                0x0000000000013cb7                list_insert
                0x0000000000013ceb                list_item_next
 .text          0x0000000000013d02      0x155 obj_cooja/mtype767.a(ringbuf.o)
                0x0000000000013d02                ringbuf_init
                0x0000000000013d33                ringbuf_put
                0x0000000000013db1                ringbuf_get
                0x0000000000013e1e                ringbuf_size
                0x0000000000013e30                ringbuf_elements
 .text          0x0000000000013e57     0x258b obj_cooja/mtype767.a(sicslowpan.o)
                0x00000000000143e1                rime_sniffer_add
                0x00000000000143ee                rime_sniffer_remove
                0x0000000000016381                sicslowpan_init
                0x00000000000163d8                sicslowpan_get_last_rssi
 .text          0x00000000000163e2      0x2dc obj_cooja/mtype767.a(uip-ds6-nbr.o)
                0x00000000000163ff                uip_ds6_neighbors_init
                0x000000000001641c                uip_ds6_nbr_add
                0x00000000000164cd                uip_ds6_nbr_rm
                0x000000000001652a                uip_ds6_nbr_get_ipaddr
                0x000000000001653f                uip_ds6_nbr_get_ll
                0x000000000001655b                uip_ds6_nbr_num
                0x00000000000165a0                uip_ds6_nbr_lookup
                0x0000000000016605                uip_ds6_nbr_ll_lookup
                0x0000000000016621                uip_ds6_nbr_ipaddr_from_lladdr
                0x0000000000016647                uip_ds6_nbr_lladdr_from_ipaddr
                0x0000000000016675                uip_ds6_link_neighbor_callback
 .text          0x00000000000166be     0x12ad obj_cooja/mtype767.a(uip-ds6.o)
                0x00000000000166be                uip_ds6_init
                0x0000000000016a13                uip_ds6_periodic
                0x0000000000016aeb                uip_ds6_list_loop
                0x0000000000016b92                uip_ds6_prefix_add
                0x0000000000016c50                uip_ds6_prefix_rm
                0x0000000000016c62                uip_ds6_prefix_lookup
                0x0000000000016cb3                uip_ds6_is_addr_onlink
                0x0000000000016d27                uip_ds6_addr_add
                0x0000000000016e55                uip_ds6_long_addr_add
                0x0000000000016f83                uip_ds6_addr_rm
                0x0000000000017023                uip_ds6_addr_lookup
                0x000000000001706e                uip_ds6_long_addr_lookup
                0x00000000000170b9                uip_ds6_get_link_local
                0x0000000000017138                uip_ds6_long_get_link_local
                0x00000000000171b7                uip_ds6_get_global
                0x0000000000017236                uip_ds6_long_get_global
                0x00000000000172b5                uip_ds6_maddr_add
                0x0000000000017327                uip_ds6_long_maddr_add
                0x0000000000017399                uip_ds6_maddr_rm
                0x00000000000173ab                uip_ds6_maddr_lookup
                0x00000000000173f6                uip_ds6_long_maddr_lookup
                0x0000000000017441                uip_ds6_aaddr_add
                0x00000000000174b3                uip_ds6_long_aaddr_add
                0x0000000000017525                uip_ds6_aaddr_rm
                0x0000000000017537                uip_ds6_aaddr_lookup
                0x0000000000017582                uip_ds6_long_aaddr_lookup
                0x00000000000175cd                uip_ds6_select_src
                0x0000000000017856                uip_ds6_set_addr_iid
                0x000000000001788d                get_match_length
                0x000000000001791f                uip_ds6_compute_reachable_time
 .text          0x000000000001796b     0x29f3 obj_cooja/mtype767.a(uip6.o)
                0x000000000001796b                uip_add32
                0x0000000000017b04                uip_chksum
                0x0000000000017bf2                uip_icmp6chksum
                0x0000000000017c06                uip_tcpchksum
                0x0000000000017c1a                uip_udpchksum
                0x0000000000017c2e                uip_init
                0x0000000000017cfe                uip_connect
                0x0000000000017ead                remove_ext_hdr
                0x0000000000017f82                uip_udp_new
                0x00000000000180de                uip_unlisten
                0x000000000001813e                uip_listen
                0x0000000000018400                uip_process
                0x000000000001a252                uip_htons
                0x000000000001a274                uip_htonl
                0x000000000001a2b4                uip_send
 .text          0x000000000001a35e      0xb43 obj_cooja/mtype767.a(tcpip.o)
                0x000000000001a35e                tcpip_output
                0x000000000001a38c                tcpip_set_outputfunc
                0x000000000001a420                tcp_connect
                0x000000000001a475                tcp_unlisten
                0x000000000001a4d0                tcp_listen
                0x000000000001a529                tcp_attach
                0x000000000001a54e                udp_attach
                0x000000000001a573                udp_new
                0x000000000001a5c5                udp_broadcast_new
                0x000000000001a839                tcpip_input
                0x000000000001a86d                tcpip_ipv6_output
                0x000000000001ace7                tcpip_poll_udp
                0x000000000001ad0a                tcpip_poll_tcp
                0x000000000001ad2d                tcpip_uipcall
 .text          0x000000000001aea1      0x1c1 obj_cooja/mtype767.a(uip-debug.o)
                0x000000000001aea1                uip_debug_ipaddr_print
                0x000000000001b003                uip_debug_lladdr_print
 .text          0x000000000001b062      0x141 obj_cooja/mtype767.a(uip-packetqueue)
                0x000000000001b08e                uip_packetqueue_new
                0x000000000001b09c                uip_packetqueue_alloc
                0x000000000001b0fc                uip_packetqueue_free
                0x000000000001b13d                uip_packetqueue_buf
                0x000000000001b15a                uip_packetqueue_buflen
                0x000000000001b17b                uip_packetqueue_set_buflen
 .text          0x000000000001b1a3     0x2727 obj_cooja/mtype767.a(rpl-dag.o)
                0x000000000001b1a3                rpl_lr_in_child
                0x000000000001b25b                rpl_print_neighbor_list
                0x000000000001b304                rpl_print_child_neighbor_list
                0x000000000001b379                rpl_get_nbr
                0x000000000001b3d3                rpl_get_nbr_child
                0x000000000001b42d                rpl_dag_init
                0x000000000001b45f                rpl_get_parent
                0x000000000001b481                rpl_get_parent_rank
                0x000000000001b4b4                rpl_get_parent_link_metric
                0x000000000001b4e7                rpl_get_parent_ipaddr
                0x000000000001b511                rpl_get_child_ipaddr
                0x000000000001b82c                rpl_set_root
                0x000000000001ba5a                rpl_repair_root
                0x000000000001bc96                rpl_set_prefix
                0x000000000001bd95                rpl_set_default_route
                0x000000000001be21                rpl_alloc_instance
                0x000000000001beb4                rpl_alloc_dag
                0x000000000001bf67                rpl_set_default_instance
                0x000000000001bf74                rpl_get_default_instance
                0x000000000001bf7e                rpl_free_instance
                0x000000000001c02f                rpl_free_dag
                0x000000000001c095                rpl_add_parent
                0x000000000001c17e                rpl_find_parent
                0x000000000001c1ae                rpl_add_child
                0x000000000001c252                rpl_find_child
                0x000000000001c2a0                rpl_find_parent_any_dag
                0x000000000001c2dc                rpl_select_dag
                0x000000000001c773                rpl_select_parent
                0x000000000001c7d5                rpl_remove_parent
                0x000000000001c80b                rpl_remove_child
                0x000000000001c827                rpl_nullify_parent
                0x000000000001c8c5                rpl_move_parent
                0x000000000001c962                rpl_has_downward_route
                0x000000000001c9b5                rpl_get_any_dag
                0x000000000001ca17                rpl_get_instance
                0x000000000001ca7a                rpl_find_of
                0x000000000001cab7                rpl_join_instance
                0x000000000001cd53                rpl_add_dag
                0x000000000001d142                rpl_local_repair
                0x000000000001d21b                rpl_recalculate_ranks
                0x000000000001d2a1                rpl_process_parent_event
                0x000000000001d353                rpl_process_dio
 .text          0x000000000001d8ca      0xbf3 obj_cooja/mtype767.a(rpl-ext-header.)
                0x000000000001d8e7                rpl_verify_header
                0x000000000001dd61                rpl_update_header_empty
                0x000000000001e078                rpl_update_header_final
                0x000000000001e207                rpl_remove_header
                0x000000000001e311                rpl_invert_header
                0x000000000001e49b                rpl_insert_header
 .text          0x000000000001e4bd     0x24c3 obj_cooja/mtype767.a(rpl-icmp6.o)
                0x000000000001e786                rpl_icmp6_update_nbr_table
                0x000000000001e876                dis_output
                0x000000000001f1ae                dio_output
                0x000000000001fa19                LSA_converge_output
                0x00000000000204df                dao_output
                0x00000000000205a7                dao_output_target
                0x0000000000020928                dao_ack_output
                0x000000000002093c                rpl_icmp6_register_handlers
 .text          0x0000000000020980      0x3dc obj_cooja/mtype767.a(rpl-ltmax.o)
 .text          0x0000000000020d5c      0x8d8 obj_cooja/mtype767.a(rpl-timers.o)
                0x0000000000020d5c                rpl_LSA_convergence_timer
                0x0000000000020e03                rpl_reset_LSA_convergence_timer
                0x00000000000210c7                rpl_reset_periodic_timer
                0x000000000002111c                rpl_reset_dio_timer
                0x0000000000021356                rpl_schedule_dao
                0x0000000000021371                rpl_schedule_dao_immediately
                0x000000000002138c                rpl_cancel_dao
                0x00000000000213ee                rpl_schedule_unicast_dio_immediately
                0x00000000000215dc                rpl_schedule_probing
 .text          0x0000000000021634      0x5dc obj_cooja/mtype767.a(rpl.o)
                0x0000000000021634                rpl_get_mode
                0x000000000002163e                rpl_set_mode
                0x00000000000216cc                rpl_purge_routes
                0x00000000000217c6                rpl_remove_routes
                0x000000000002180c                rpl_remove_routes_by_nexthop
                0x0000000000021878                rpl_add_route
                0x00000000000218f3                rpl_link_neighbor_callback
                0x00000000000219f8                rpl_ipv6_neighbor_callback
                0x0000000000021a67                rpl_purge_dags
                0x0000000000021b73                rpl_init
 .text          0x0000000000021c10      0x831 obj_cooja/mtype767.a(csma.o)
 .text          0x0000000000022441      0x3f5 obj_cooja/mtype767.a(framer-802154.o)
 .text          0x0000000000022836       0x3c obj_cooja/mtype767.a(mac.o)
                0x0000000000022836                mac_call_sent_callback
 .text          0x0000000000022872      0xff5 obj_cooja/mtype767.a(cxmac.o)
                0x00000000000237a2                cxmac_set_announcement_radio_txpower
                0x00000000000237a7                cxmac_init
 .text          0x0000000000023867       0x82 obj_cooja/mtype767.a(linkaddr.o)
                0x0000000000023867                linkaddr_copy
                0x0000000000023889                linkaddr_cmp
                0x00000000000238b3                linkaddr_set_node_addr
                0x00000000000238ce                linkaddr_set_node_long_addr
 .text          0x00000000000238e9      0x915 obj_cooja/mtype767.a(nbr-table.o)
                0x00000000000238e9                long_ip_from_lladdr_map
                0x0000000000023972                lladdr_map_add_lr
                0x0000000000023a2f                lladdr_map_rm_lr
                0x0000000000023ef4                nbr_table_register
                0x0000000000023f3c                nbr_table_head
                0x0000000000023f98                nbr_table_next
                0x0000000000023fff                nbr_table_add_lladdr
                0x00000000000240db                nbr_table_get_from_lladdr
                0x0000000000024128                nbr_table_remove
                0x000000000002417a                nbr_table_lock
                0x00000000000241a4                nbr_table_unlock
                0x00000000000241ce                nbr_table_get_lladdr
 .text          0x00000000000241fe       0x2b obj_cooja/mtype767.a(netstack.o)
                0x00000000000241fe                netstack_init
 .text          0x0000000000024229      0x3cd obj_cooja/mtype767.a(packetbuf.o)
                0x0000000000024229                packetbuf_clear
                0x0000000000024253                packetbuf_copyfrom
                0x00000000000242a5                packetbuf_compact
                0x0000000000024322                packetbuf_copyto
                0x00000000000243b9                packetbuf_hdralloc
                0x0000000000024436                packetbuf_hdrreduce
                0x000000000002447e                packetbuf_set_datalen
                0x0000000000024497                packetbuf_dataptr
                0x00000000000244b4                packetbuf_hdrptr
                0x00000000000244be                packetbuf_datalen
                0x00000000000244ca                packetbuf_hdrlen
                0x00000000000244e1                packetbuf_totlen
                0x00000000000244f7                packetbuf_attr_clear
                0x0000000000024549                packetbuf_attr_copyto
                0x0000000000024592                packetbuf_attr_copyfrom
                0x00000000000245da                packetbuf_holds_broadcast
 .text          0x00000000000245f6      0x2b4 obj_cooja/mtype767.a(queuebuf.o)
                0x0000000000024600                queuebuf_init
                0x0000000000024620                queuebuf_numfree
                0x0000000000024634                queuebuf_new_from_packetbuf
                0x00000000000246c4                queuebuf_update_attr_from_packetbuf
                0x00000000000246f7                queuebuf_update_from_packetbuf
                0x0000000000024741                queuebuf_free
                0x0000000000024788                queuebuf_to_packetbuf
                0x00000000000247ee                queuebuf_dataptr
                0x0000000000024825                queuebuf_datalen
                0x0000000000024848                queuebuf_addr
                0x000000000002487a                queuebuf_attr
                0x00000000000248a5                queuebuf_debug_print
 .text          0x00000000000248aa       0x6e obj_cooja/mtype767.a(nullsec.o)
 .text          0x0000000000024918       0x19 obj_cooja/mtype767.a(watchdog.o)
                0x0000000000024918                watchdog_init
                0x000000000002491d                watchdog_start
                0x0000000000024922                watchdog_periodic
                0x0000000000024927                watchdog_stop
                0x000000000002492c                watchdog_reboot
 .text          0x0000000000024931        0x0 obj_cooja/mtype767.a(rimestats.o)
 .text          0x0000000000024931       0xa3 obj_cooja/mtype767.a(stimer.o)
                0x0000000000024931                stimer_set
                0x000000000002494c                stimer_reset
                0x0000000000024963                stimer_restart
                0x0000000000024975                stimer_expired
                0x000000000002499c                stimer_remaining
                0x00000000000249c0                stimer_elapsed
 .text          0x00000000000249d4      0x1c1 obj_cooja/mtype767.a(memb.o)
                0x00000000000249d4                memb_init
                0x0000000000024a32                memb_alloc
                0x0000000000024a97                memb_free
                0x0000000000024b12                memb_inmemb
                0x0000000000024b51                memb_numfree
 .text          0x0000000000024b95      0x916 obj_cooja/mtype767.a(uip-ds6-route.o)
                0x0000000000024c0c                uip_ds6_notification_add
                0x0000000000024c3d                uip_ds6_notification_rm
                0x0000000000024c59                uip_ds6_route_init
                0x0000000000024ce1                uip_ds6_route_nexthop
                0x0000000000024d09                uip_ds6_route_head
                0x0000000000024d1e                uip_ds6_route_next
                0x0000000000024d44                uip_ds6_route_is_nexthop
                0x0000000000024d83                uip_ds6_route_num_routes
                0x0000000000024d8d                uip_ds6_route_lookup
                0x0000000000024e4f                uip_ds6_route_add
                0x0000000000025083                uip_ds6_route_rm
                0x0000000000025217                uip_ds6_route_rm_by_nexthop
                0x000000000002524f                uip_ds6_defrt_add
                0x0000000000025300                uip_ds6_defrt_rm
                0x000000000002537f                uip_ds6_defrt_lookup
                0x00000000000253d8                uip_ds6_defrt_choose
                0x0000000000025443                uip_ds6_defrt_periodic
 .text          0x00000000000254ab      0xab2 obj_cooja/mtype767.a(uip-icmp6.o)
                0x0000000000025519                uip_icmp6_input
                0x000000000002556f                uip_icmp6_register_input_handler
                0x0000000000025837                uip_icmp6_error_output
                0x0000000000025b7c                uip_icmp6_send
                0x0000000000025ef0                uip_icmp6_echo_reply_callback_add
                0x0000000000025f21                uip_icmp6_echo_reply_callback_rm
                0x0000000000025f3d                uip_icmp6_init
 .text          0x0000000000025f5d      0x358 obj_cooja/mtype767.a(uip-nd6.o)
                0x0000000000025fb1                uip_nd6_ns_output
                0x00000000000262b0                uip_nd6_init
 .text          0x00000000000262b5      0x331 obj_cooja/mtype767.a(rpl-nbr-policy.)
                0x000000000002648d                find_removable_dis
                0x00000000000264b0                find_removable_dio
                0x000000000002653f                find_removable_dao
                0x000000000002658f                rpl_nbr_policy_find_removable
 .text          0x00000000000265e6      0x97c obj_cooja/mtype767.a(frame802154.o)
                0x0000000000026617                frame802154_get_pan_id
                0x0000000000026623                frame802154_set_pan_id
                0x000000000002663c                frame802154_has_panid
                0x0000000000026728                frame802154_check_dest_panid
                0x0000000000026790                frame802154_is_broadcast_addr
                0x00000000000267dd                frame802154_extract_linkaddr
                0x0000000000026a1d                frame802154_hdrlen
                0x0000000000026a6e                frame802154_create
                0x0000000000026c59                frame802154_parse
 .text          0x0000000000026f62        0x0 /usr/lib/gcc/i686-linux-gnu/4.8/crtendS.o
 .text          0x0000000000026f62        0x0 /usr/lib/gcc/i686-linux-gnu/4.8/../../../i386-linux-gnu/crtn.o
 *(.gnu.warning)

.fini           0x0000000000026f64       0x14
 *(SORT(.fini))
 .fini          0x0000000000026f64        0xf /usr/lib/gcc/i686-linux-gnu/4.8/../../../i386-linux-gnu/crti.o
                0x0000000000026f64                _fini
 .fini          0x0000000000026f73        0x5 /usr/lib/gcc/i686-linux-gnu/4.8/../../../i386-linux-gnu/crtn.o
                0x0000000000026f78                PROVIDE (__etext, .)
                0x0000000000026f78                PROVIDE (_etext, .)
                0x0000000000026f78                PROVIDE (etext, .)

.rodata         0x0000000000026f80      0x8a0
 *(.rodata .rodata.* .gnu.linkonce.r.*)
 .rodata        0x0000000000026f80      0x148 udp-server.co
                0x0000000000026f94                autostart_processes
 .rodata        0x00000000000270c8      0x1e6 obj_cooja/mtype767.o
 *fill*         0x00000000000272ae        0x2 
 .rodata        0x00000000000272b0        0x8 obj_cooja/mtype767.a(beep.o)
                0x00000000000272b0                beep_interface
 .rodata        0x00000000000272b8       0x20 obj_cooja/mtype767.a(button-sensor.o)
                0x00000000000272b8                button_interface
                0x00000000000272c8                button_sensor
 .rodata        0x00000000000272d8        0x8 obj_cooja/mtype767.a(leds-arch.o)
                0x00000000000272d8                leds_interface
 .rodata        0x00000000000272e0        0x8 obj_cooja/mtype767.a(moteid.o)
                0x00000000000272e0                moteid_interface
 .rodata        0x00000000000272e8       0x1c obj_cooja/mtype767.a(pir-sensor.o)
                0x00000000000272e8                pir_interface
                0x00000000000272f4                pir_sensor
 .rodata        0x0000000000027304        0xe obj_cooja/mtype767.a(rs232.o)
                0x0000000000027304                rs232_interface
 *fill*         0x0000000000027312        0x2 
 .rodata        0x0000000000027314       0x24 obj_cooja/mtype767.a(vib-sensor.o)
                0x0000000000027314                vib_interface
                0x0000000000027328                vib_sensor
 .rodata        0x0000000000027338        0x8 obj_cooja/mtype767.a(clock.o)
                0x0000000000027338                clock_interface
 .rodata        0x0000000000027340        0x8 obj_cooja/mtype767.a(log.o)
                0x0000000000027340                simlog_interface
 .rodata        0x0000000000027348       0x2f obj_cooja/mtype767.a(cfs-cooja.o)
                0x0000000000027348                cfs_interface
 *fill*         0x0000000000027377        0x9 
 .rodata        0x0000000000027380       0x60 obj_cooja/mtype767.a(cooja-radio.o)
                0x00000000000273a0                cooja_radio_driver
                0x00000000000273d8                radio_interface
 .rodata        0x00000000000273e0        0x8 obj_cooja/mtype767.a(eeprom.o)
                0x00000000000273e0                eeprom_interface
 .rodata        0x00000000000273e8        0x8 obj_cooja/mtype767.a(sensors.o)
 .rodata        0x00000000000273f0       0x33 obj_cooja/mtype767.a(dual_conf.o)
 .rodata        0x0000000000027423        0xf obj_cooja/mtype767.a(ctimer.o)
 .rodata        0x0000000000027432        0xc obj_cooja/mtype767.a(etimer.o)
 *fill*         0x000000000002743e        0x2 
 .rodata        0x0000000000027440       0x73 obj_cooja/mtype767.a(log_message.o)
 *fill*         0x00000000000274b3        0x1 
 .rodata        0x00000000000274b4       0x20 obj_cooja/mtype767.a(residual.o)
 .rodata        0x00000000000274d4        0xe obj_cooja/mtype767.a(serial-line.o)
 *fill*         0x00000000000274e2        0x2 
 .rodata        0x00000000000274e4       0x2c obj_cooja/mtype767.a(sicslowpan.o)
                0x00000000000274e4                unc_llconf
                0x00000000000274e8                unc_ctxconf
                0x00000000000274ec                unc_mxconf
                0x00000000000274f0                llprefix
                0x0000000000027504                sicslowpan_driver
 .rodata        0x0000000000027510      0x13c obj_cooja/mtype767.a(uip6.o)
 .rodata        0x000000000002764c       0x49 obj_cooja/mtype767.a(tcpip.o)
 .rodata        0x0000000000027695       0x3e obj_cooja/mtype767.a(uip-debug.o)
 *fill*         0x00000000000276d3        0x1 
 .rodata        0x00000000000276d4        0x4 obj_cooja/mtype767.a(rpl-dag.o)
 .rodata        0x00000000000276d8       0x1c obj_cooja/mtype767.a(rpl-icmp6.o)
 .rodata        0x00000000000276f4       0x86 obj_cooja/mtype767.a(rpl-timers.o)
 *fill*         0x000000000002777a        0x2 
 .rodata        0x000000000002777c       0x24 obj_cooja/mtype767.a(csma.o)
                0x0000000000027784                csma_driver
 .rodata        0x00000000000277a0        0xc obj_cooja/mtype767.a(framer-802154.o)
                0x00000000000277a0                framer_802154
 *fill*         0x00000000000277ac       0x14 
 .rodata        0x00000000000277c0       0x40 obj_cooja/mtype767.a(cxmac.o)
                0x00000000000277e0                cxmac_driver
 .rodata        0x0000000000027800        0x8 obj_cooja/mtype767.a(linkaddr.o)
                0x0000000000027800                linkaddr_null
 .rodata        0x0000000000027808       0x18 obj_cooja/mtype767.a(nullsec.o)
                0x0000000000027810                nullsec_driver

.rodata1
 *(.rodata1)

.eh_frame_hdr   0x0000000000027820     0x144c
 *(.eh_frame_hdr)
 .eh_frame_hdr  0x0000000000027820     0x144c udp-server.co

.eh_frame       0x0000000000028c6c     0x527c
 *(.eh_frame)
 .eh_frame      0x0000000000028c6c       0x3c /usr/lib/gcc/i686-linux-gnu/4.8/../../../i386-linux-gnu/crti.o
                                         0x40 (size before relaxing)
 .eh_frame      0x0000000000028ca8       0x68 udp-server.co
                                         0x80 (size before relaxing)
 .eh_frame      0x0000000000028d10      0x148 obj_cooja/mtype767.o
                                        0x160 (size before relaxing)
 .eh_frame      0x0000000000028e58       0x40 obj_cooja/mtype767.a(simEnvChange.o)
                                         0x58 (size before relaxing)
 .eh_frame      0x0000000000028e98       0xc0 obj_cooja/mtype767.a(cooja_mt.o)
                                         0xd8 (size before relaxing)
 .eh_frame      0x0000000000028f58      0x120 obj_cooja/mtype767.a(cooja_mtarch.o)
                                        0x138 (size before relaxing)
 .eh_frame      0x0000000000029078       0xc0 obj_cooja/mtype767.a(rtimer-arch.o)
                                         0xd8 (size before relaxing)
 .eh_frame      0x0000000000029138      0x160 obj_cooja/mtype767.a(beep.o)
                                        0x178 (size before relaxing)
 .eh_frame      0x0000000000029298       0xa0 obj_cooja/mtype767.a(button-sensor.o)
                                         0xb8 (size before relaxing)
 .eh_frame      0x0000000000029338       0xa0 obj_cooja/mtype767.a(leds-arch.o)
                                         0xb8 (size before relaxing)
 .eh_frame      0x00000000000293d8       0x40 obj_cooja/mtype767.a(moteid.o)
                                         0x58 (size before relaxing)
 .eh_frame      0x0000000000029418       0xa0 obj_cooja/mtype767.a(pir-sensor.o)
                                         0xb8 (size before relaxing)
 .eh_frame      0x00000000000294b8      0x100 obj_cooja/mtype767.a(rs232.o)
                                        0x118 (size before relaxing)
 .eh_frame      0x00000000000295b8       0xa0 obj_cooja/mtype767.a(vib-sensor.o)
                                         0xb8 (size before relaxing)
 .eh_frame      0x0000000000029658       0xc0 obj_cooja/mtype767.a(clock.o)
                                         0xd8 (size before relaxing)
 .eh_frame      0x0000000000029718      0x120 obj_cooja/mtype767.a(log.o)
                                        0x138 (size before relaxing)
 .eh_frame      0x0000000000029838      0x160 obj_cooja/mtype767.a(cfs-cooja.o)
                                        0x178 (size before relaxing)
 .eh_frame      0x0000000000029998      0x2e0 obj_cooja/mtype767.a(cooja-radio.o)
                                        0x2f8 (size before relaxing)
 .eh_frame      0x0000000000029c78       0xa0 obj_cooja/mtype767.a(eeprom.o)
                                         0xb8 (size before relaxing)
 .eh_frame      0x0000000000029d18       0x40 obj_cooja/mtype767.a(random.o)
                                         0x58 (size before relaxing)
 .eh_frame      0x0000000000029d58       0xc0 obj_cooja/mtype767.a(sensors.o)
                                         0xd8 (size before relaxing)
 .eh_frame      0x0000000000029e18      0x100 obj_cooja/mtype767.a(leds.o)
                                        0x118 (size before relaxing)
 .eh_frame      0x0000000000029f18      0x1a0 obj_cooja/mtype767.a(dual_conf.o)
                                        0x1b8 (size before relaxing)
 .eh_frame      0x000000000002a0b8       0x40 obj_cooja/mtype767.a(autostart.o)
                                         0x58 (size before relaxing)
 .eh_frame      0x000000000002a0f8      0x100 obj_cooja/mtype767.a(ctimer.o)
                                        0x118 (size before relaxing)
 .eh_frame      0x000000000002a1f8      0x1e0 obj_cooja/mtype767.a(etimer.o)
                                        0x1f8 (size before relaxing)
 .eh_frame      0x000000000002a3d8       0x40 obj_cooja/mtype767.a(log_message.o)
                                         0x58 (size before relaxing)
 .eh_frame      0x000000000002a418      0x1c8 obj_cooja/mtype767.a(process.o)
                                        0x1e0 (size before relaxing)
 .eh_frame      0x000000000002a5e0       0x2c obj_cooja/mtype767.a(residual.o)
                                         0x44 (size before relaxing)
 .eh_frame      0x000000000002a60c       0x60 obj_cooja/mtype767.a(rtimer.o)
                                         0x78 (size before relaxing)
 .eh_frame      0x000000000002a66c       0xa4 obj_cooja/mtype767.a(timer.o)
                                         0xbc (size before relaxing)
 .eh_frame      0x000000000002a710       0x60 obj_cooja/mtype767.a(serial-line.o)
                                         0x78 (size before relaxing)
 .eh_frame      0x000000000002a770      0x180 obj_cooja/mtype767.a(list.o)
                                        0x198 (size before relaxing)
 .eh_frame      0x000000000002a8f0       0xa0 obj_cooja/mtype767.a(ringbuf.o)
                                         0xb8 (size before relaxing)
 .eh_frame      0x000000000002a990      0x350 obj_cooja/mtype767.a(sicslowpan.o)
                                        0x368 (size before relaxing)
 .eh_frame      0x000000000002ace0      0x180 obj_cooja/mtype767.a(uip-ds6-nbr.o)
                                        0x198 (size before relaxing)
 .eh_frame      0x000000000002ae60      0x3c8 obj_cooja/mtype767.a(uip-ds6.o)
                                        0x3e0 (size before relaxing)
 .eh_frame      0x000000000002b228      0x27c obj_cooja/mtype767.a(uip6.o)
                                        0x294 (size before relaxing)
 .eh_frame      0x000000000002b4a4      0x270 obj_cooja/mtype767.a(tcpip.o)
                                        0x288 (size before relaxing)
 .eh_frame      0x000000000002b714       0x48 obj_cooja/mtype767.a(uip-debug.o)
                                         0x60 (size before relaxing)
 .eh_frame      0x000000000002b75c       0xe0 obj_cooja/mtype767.a(uip-packetqueue)
                                         0xf8 (size before relaxing)
 .eh_frame      0x000000000002b83c      0x76c obj_cooja/mtype767.a(rpl-dag.o)
                                        0x784 (size before relaxing)
 .eh_frame      0x000000000002bfa8      0x10c obj_cooja/mtype767.a(rpl-ext-header.)
                                        0x124 (size before relaxing)
 .eh_frame      0x000000000002c0b4      0x2f8 obj_cooja/mtype767.a(rpl-icmp6.o)
                                        0x310 (size before relaxing)
 .eh_frame      0x000000000002c3ac       0xe0 obj_cooja/mtype767.a(rpl-ltmax.o)
                                         0xf8 (size before relaxing)
 .eh_frame      0x000000000002c48c      0x26c obj_cooja/mtype767.a(rpl-timers.o)
                                        0x284 (size before relaxing)
 .eh_frame      0x000000000002c6f8      0x148 obj_cooja/mtype767.a(rpl.o)
                                        0x160 (size before relaxing)
 .eh_frame      0x000000000002c840      0x28c obj_cooja/mtype767.a(csma.o)
                                        0x2a4 (size before relaxing)
 .eh_frame      0x000000000002cacc      0x108 obj_cooja/mtype767.a(framer-802154.o)
                                        0x120 (size before relaxing)
 .eh_frame      0x000000000002cbd4       0x20 obj_cooja/mtype767.a(mac.o)
                                         0x38 (size before relaxing)
 .eh_frame      0x000000000002cbf4      0x2bc obj_cooja/mtype767.a(cxmac.o)
                                        0x2d4 (size before relaxing)
 .eh_frame      0x000000000002ceb0       0x80 obj_cooja/mtype767.a(linkaddr.o)
                                         0x98 (size before relaxing)
 .eh_frame      0x000000000002cf30      0x2cc obj_cooja/mtype767.a(nbr-table.o)
                                        0x2e4 (size before relaxing)
 .eh_frame      0x000000000002d1fc       0x20 obj_cooja/mtype767.a(netstack.o)
                                         0x38 (size before relaxing)
 .eh_frame      0x000000000002d21c      0x214 obj_cooja/mtype767.a(packetbuf.o)
                                        0x22c (size before relaxing)
 .eh_frame      0x000000000002d430      0x1a0 obj_cooja/mtype767.a(queuebuf.o)
                                        0x1b8 (size before relaxing)
 .eh_frame      0x000000000002d5d0       0x80 obj_cooja/mtype767.a(nullsec.o)
                                         0x98 (size before relaxing)
 .eh_frame      0x000000000002d650       0xa0 obj_cooja/mtype767.a(watchdog.o)
                                         0xb8 (size before relaxing)
 .eh_frame      0x000000000002d6f0       0xc4 obj_cooja/mtype767.a(stimer.o)
                                         0xdc (size before relaxing)
 .eh_frame      0x000000000002d7b4       0xa0 obj_cooja/mtype767.a(memb.o)
                                         0xb8 (size before relaxing)
 .eh_frame      0x000000000002d854      0x2a0 obj_cooja/mtype767.a(uip-ds6-route.o)
                                        0x2b8 (size before relaxing)
 .eh_frame      0x000000000002daf4      0x164 obj_cooja/mtype767.a(uip-icmp6.o)
                                        0x17c (size before relaxing)
 .eh_frame      0x000000000002dc58       0x68 obj_cooja/mtype767.a(uip-nd6.o)
                                         0x80 (size before relaxing)
 .eh_frame      0x000000000002dcc0       0xc0 obj_cooja/mtype767.a(rpl-nbr-policy.)
                                         0xd8 (size before relaxing)
 .eh_frame      0x000000000002dd80      0x164 obj_cooja/mtype767.a(frame802154.o)
                                        0x17c (size before relaxing)
 .eh_frame      0x000000000002dee4        0x4 /usr/lib/gcc/i686-linux-gnu/4.8/crtendS.o

.gcc_except_table
 *(.gcc_except_table .gcc_except_table.*)

.exception_ranges
 *(.exception_ranges .exception_ranges*)
                0x000000000002dee8                . = (ALIGN (0x1000) - ((0x1000 - .) & 0xfff))
                0x000000000002eef8                . = DATA_SEGMENT_ALIGN (0x1000, 0x1000)

.eh_frame
 *(.eh_frame)

.gcc_except_table
 *(.gcc_except_table .gcc_except_table.*)

.exception_ranges
 *(.exception_ranges .exception_ranges*)

.tdata
 *(.tdata .tdata.* .gnu.linkonce.td.*)

.tbss
 *(.tbss .tbss.* .gnu.linkonce.tb.*)
 *(.tcommon)

.preinit_array
 *(.preinit_array)

.init_array     0x000000000002eef8        0x4
 *(SORT(.init_array.*) SORT(.ctors.*))
 *(.init_array EXCLUDE_FILE(*crtend?.o *crtend.o *crtbegin?.o *crtbegin.o) .ctors)
 .init_array    0x000000000002eef8        0x4 /usr/lib/gcc/i686-linux-gnu/4.8/crtbeginS.o

.fini_array     0x000000000002eefc        0x4
 *(SORT(.fini_array.*) SORT(.dtors.*))
 *(.fini_array EXCLUDE_FILE(*crtend?.o *crtend.o *crtbegin?.o *crtbegin.o) .dtors)
 .fini_array    0x000000000002eefc        0x4 /usr/lib/gcc/i686-linux-gnu/4.8/crtbeginS.o

.ctors
 *crtbegin.o(.ctors)
 *crtbegin?.o(.ctors)
 *(EXCLUDE_FILE(*crtend?.o *crtend.o) .ctors)
 *(SORT(.ctors.*))
 *(.ctors)

.dtors
 *crtbegin.o(.dtors)
 *crtbegin?.o(.dtors)
 *(EXCLUDE_FILE(*crtend?.o *crtend.o) .dtors)
 *(SORT(.dtors.*))
 *(.dtors)

.jcr            0x000000000002ef00        0x4
 *(.jcr)
 .jcr           0x000000000002ef00        0x0 /usr/lib/gcc/i686-linux-gnu/4.8/crtbeginS.o
 .jcr           0x000000000002ef00        0x4 /usr/lib/gcc/i686-linux-gnu/4.8/crtendS.o

.data.rel.ro
 *(.data.rel.ro.local* .gnu.linkonce.d.rel.ro.local.*)
 *(.data.rel.ro .data.rel.ro.* .gnu.linkonce.d.rel.ro.*)

.dynamic        0x000000000002ef04       0xe8
 *(.dynamic)
 .dynamic       0x000000000002ef04       0xe8 /usr/lib/gcc/i686-linux-gnu/4.8/../../../i386-linux-gnu/crti.o
                0x000000000002ef04                _DYNAMIC

.got            0x000000000002efec       0x14
 *(.got)
 .got           0x000000000002efec       0x14 /usr/lib/gcc/i686-linux-gnu/4.8/../../../i386-linux-gnu/crti.o
 *(.igot)
                0x000000000002fff4                . = DATA_SEGMENT_RELRO_END (., (SIZEOF (.got.plt) >= 0xc)?0xc:0x0)

.got.plt        0x000000000002f000       0x14
 *(.got.plt)
 .got.plt       0x000000000002f000       0x14 /usr/lib/gcc/i686-linux-gnu/4.8/../../../i386-linux-gnu/crti.o
                0x000000000002f000                _GLOBAL_OFFSET_TABLE_
 *(.igot.plt)

.data           0x000000000002f020      0x2fe
 *(.data .data.* .gnu.linkonce.d.*)
 .data          0x000000000002f020        0x0 /usr/lib/gcc/i686-linux-gnu/4.8/../../../i386-linux-gnu/crti.o
 .data          0x000000000002f020        0x0 /usr/lib/gcc/i686-linux-gnu/4.8/crtbeginS.o
 .data.rel      0x000000000002f020        0x4 /usr/lib/gcc/i686-linux-gnu/4.8/crtbeginS.o
                0x000000000002f020                __dso_handle
 .data          0x000000000002f024       0x10 udp-server.co
                0x000000000002f024                udp_server_process
 *fill*         0x000000000002f034        0xc 
 .data          0x000000000002f040       0x44 obj_cooja/mtype767.o
                0x000000000002f040                simInterfaces
                0x000000000002f074                sensors
 .data          0x000000000002f084        0x0 obj_cooja/mtype767.a(simEnvChange.o)
 .data          0x000000000002f084        0x0 obj_cooja/mtype767.a(cooja_mt.o)
 .data          0x000000000002f084        0x0 obj_cooja/mtype767.a(cooja_mtarch.o)
 .data          0x000000000002f084        0x0 obj_cooja/mtype767.a(rtimer-arch.o)
 .data          0x000000000002f084        0x0 obj_cooja/mtype767.a(beep.o)
 .data          0x000000000002f084        0x0 obj_cooja/mtype767.a(button-sensor.o)
 .data          0x000000000002f084        0x0 obj_cooja/mtype767.a(leds-arch.o)
 .data          0x000000000002f084        0x0 obj_cooja/mtype767.a(moteid.o)
 .data          0x000000000002f084        0x0 obj_cooja/mtype767.a(pir-sensor.o)
 .data          0x000000000002f084        0x0 obj_cooja/mtype767.a(rs232.o)
 .data          0x000000000002f084        0x0 obj_cooja/mtype767.a(vib-sensor.o)
 .data          0x000000000002f084        0x0 obj_cooja/mtype767.a(clock.o)
 .data          0x000000000002f084        0x0 obj_cooja/mtype767.a(log.o)
 .data          0x000000000002f084        0x0 obj_cooja/mtype767.a(cfs-cooja.o)
 .data          0x000000000002f084       0x40 obj_cooja/mtype767.a(cooja-radio.o)
                0x000000000002f084                simRadioChannelLR
                0x000000000002f088                simRadioHWOnLR
                0x000000000002f08c                simSignalStrengthLR
                0x000000000002f090                simLastSignalStrengthLR
                0x000000000002f094                simPowerLR
                0x000000000002f098                simLQILR
                0x000000000002f09c                simRadioChannel
                0x000000000002f0a0                simRadioHWOn
                0x000000000002f0a4                simSignalStrength
                0x000000000002f0a8                simLastSignalStrength
                0x000000000002f0ac                simPower
                0x000000000002f0b0                simLQI
                0x000000000002f0b4                cooja_radio_process
 .data          0x000000000002f0c4        0x0 obj_cooja/mtype767.a(eeprom.o)
 .data          0x000000000002f0c4        0x0 obj_cooja/mtype767.a(random.o)
 .data          0x000000000002f0c4       0x10 obj_cooja/mtype767.a(sensors.o)
                0x000000000002f0c4                sensors_process
 .data          0x000000000002f0d4        0x0 obj_cooja/mtype767.a(leds.o)
 .data          0x000000000002f0d4       0x3a obj_cooja/mtype767.a(dual_conf.o)
                0x000000000002f0d4                radio_received
                0x000000000002f0d8                dual_dio_broadcast
                0x000000000002f0e8                dual_dis_broadcast
                0x000000000002f0f8                dual_LSA_converge_broadcast
 .data          0x000000000002f10e        0x0 obj_cooja/mtype767.a(autostart.o)
 *fill*         0x000000000002f10e        0x2 
 .data          0x000000000002f110       0x14 obj_cooja/mtype767.a(ctimer.o)
                0x000000000002f114                ctimer_process
 .data          0x000000000002f124       0x10 obj_cooja/mtype767.a(etimer.o)
                0x000000000002f124                etimer_process
 .data          0x000000000002f134        0x0 obj_cooja/mtype767.a(log_message.o)
 .data          0x000000000002f134        0x0 obj_cooja/mtype767.a(process.o)
 .data          0x000000000002f134        0x0 obj_cooja/mtype767.a(residual.o)
 .data          0x000000000002f134        0x0 obj_cooja/mtype767.a(rtimer.o)
 .data          0x000000000002f134        0x0 obj_cooja/mtype767.a(timer.o)
 .data          0x000000000002f134       0x10 obj_cooja/mtype767.a(serial-line.o)
                0x000000000002f134                serial_line_process
 .data          0x000000000002f144        0x0 obj_cooja/mtype767.a(list.o)
 .data          0x000000000002f144        0x0 obj_cooja/mtype767.a(ringbuf.o)
 .data          0x000000000002f144        0x0 obj_cooja/mtype767.a(sicslowpan.o)
 .data          0x000000000002f144       0x14 obj_cooja/mtype767.a(uip-ds6-nbr.o)
                0x000000000002f154                ds6_neighbors
 .data          0x000000000002f158        0x0 obj_cooja/mtype767.a(uip-ds6.o)
 .data          0x000000000002f158        0x0 obj_cooja/mtype767.a(uip6.o)
 .data          0x000000000002f158       0x10 obj_cooja/mtype767.a(tcpip.o)
                0x000000000002f158                tcpip_process
 .data          0x000000000002f168        0x0 obj_cooja/mtype767.a(uip-debug.o)
 .data          0x000000000002f168        0xc obj_cooja/mtype767.a(uip-packetqueue)
 .data          0x000000000002f174       0x28 obj_cooja/mtype767.a(rpl-dag.o)
                0x000000000002f184                rpl_parents
                0x000000000002f198                rpl_children
 .data          0x000000000002f19c        0x0 obj_cooja/mtype767.a(rpl-ext-header.)
 .data          0x000000000002f19c       0x40 obj_cooja/mtype767.a(rpl-icmp6.o)
 .data          0x000000000002f1dc       0x1c obj_cooja/mtype767.a(rpl-ltmax.o)
                0x000000000002f1dc                rpl_ltmax_of
 .data          0x000000000002f1f8        0x0 obj_cooja/mtype767.a(rpl-timers.o)
 .data          0x000000000002f1f8       0x3c obj_cooja/mtype767.a(rpl.o)
                0x000000000002f1f8                determined_parent
                0x000000000002f216                determined_radio
 .data          0x000000000002f234       0x28 obj_cooja/mtype767.a(csma.o)
 .data          0x000000000002f25c        0x0 obj_cooja/mtype767.a(framer-802154.o)
 .data          0x000000000002f25c        0x0 obj_cooja/mtype767.a(mac.o)
 .data          0x000000000002f25c       0x30 obj_cooja/mtype767.a(cxmac.o)
                0x000000000002f25c                cxmac_config
                0x000000000002f26c                strobe_wait
 .data          0x000000000002f28c        0x0 obj_cooja/mtype767.a(linkaddr.o)
 .data          0x000000000002f28c       0x10 obj_cooja/mtype767.a(nbr-table.o)
 .data          0x000000000002f29c        0x0 obj_cooja/mtype767.a(netstack.o)
 .data          0x000000000002f29c        0x4 obj_cooja/mtype767.a(packetbuf.o)
 .data          0x000000000002f2a0       0x18 obj_cooja/mtype767.a(queuebuf.o)
 .data          0x000000000002f2b8        0x0 obj_cooja/mtype767.a(nullsec.o)
 .data          0x000000000002f2b8        0x0 obj_cooja/mtype767.a(watchdog.o)
 .data          0x000000000002f2b8        0x0 obj_cooja/mtype767.a(rimestats.o)
 .data          0x000000000002f2b8        0x0 obj_cooja/mtype767.a(stimer.o)
 .data          0x000000000002f2b8        0x0 obj_cooja/mtype767.a(memb.o)
 .data          0x000000000002f2b8       0x44 obj_cooja/mtype767.a(uip-ds6-route.o)
                0x000000000002f2c8                nbr_routes
 .data          0x000000000002f2fc       0x20 obj_cooja/mtype767.a(uip-icmp6.o)
 .data          0x000000000002f31c        0x0 obj_cooja/mtype767.a(uip-nd6.o)
 .data          0x000000000002f31c        0x0 obj_cooja/mtype767.a(rpl-nbr-policy.)
 .data          0x000000000002f31c        0x2 obj_cooja/mtype767.a(frame802154.o)
 .data          0x000000000002f31e        0x0 /usr/lib/gcc/i686-linux-gnu/4.8/crtendS.o
 .data          0x000000000002f31e        0x0 /usr/lib/gcc/i686-linux-gnu/4.8/../../../i386-linux-gnu/crtn.o

.tm_clone_table
                0x000000000002f320        0x0
 .tm_clone_table
                0x000000000002f320        0x0 /usr/lib/gcc/i686-linux-gnu/4.8/crtbeginS.o
 .tm_clone_table
                0x000000000002f320        0x0 /usr/lib/gcc/i686-linux-gnu/4.8/crtendS.o

.data1
 *(.data1)
                0x000000000002f320                _edata = .
                0x000000000002f320                PROVIDE (edata, .)
                0x000000000002f320                . = .
                0x000000000002f320                __bss_start = .

.bss            0x000000000002f320     0x8548
 *(.dynbss)
 .dynbss        0x0000000000000000        0x0 /usr/lib/gcc/i686-linux-gnu/4.8/../../../i386-linux-gnu/crti.o
 *(.bss .bss.* .gnu.linkonce.b.*)
 .bss           0x000000000002f320        0x0 /usr/lib/gcc/i686-linux-gnu/4.8/../../../i386-linux-gnu/crti.o
 .bss           0x000000000002f320        0x1 /usr/lib/gcc/i686-linux-gnu/4.8/crtbeginS.o
 *fill*         0x000000000002f321        0x3 
 .bss           0x000000000002f324        0x8 udp-server.co
                0x000000000002f324                my_weight
 *fill*         0x000000000002f32c       0x14 
 .bss           0x000000000002f340     0x2030 obj_cooja/mtype767.o
 .bss           0x0000000000031370        0x1 obj_cooja/mtype767.a(simEnvChange.o)
                0x0000000000031370                simDontFallAsleep
 *fill*         0x0000000000031371        0x3 
 .bss           0x0000000000031374        0x4 obj_cooja/mtype767.a(cooja_mt.o)
 .bss           0x0000000000031378        0x4 obj_cooja/mtype767.a(cooja_mtarch.o)
 .bss           0x000000000003137c        0xc obj_cooja/mtype767.a(rtimer-arch.o)
 .bss           0x0000000000031388        0x0 obj_cooja/mtype767.a(beep.o)
 .bss           0x0000000000031388        0x8 obj_cooja/mtype767.a(button-sensor.o)
 .bss           0x0000000000031390        0x0 obj_cooja/mtype767.a(leds-arch.o)
 .bss           0x0000000000031390        0x0 obj_cooja/mtype767.a(moteid.o)
 .bss           0x0000000000031390        0x1 obj_cooja/mtype767.a(pir-sensor.o)
                0x0000000000031390                simPirValue
 *fill*         0x0000000000031391        0x3 
 .bss           0x0000000000031394        0x4 obj_cooja/mtype767.a(rs232.o)
 .bss           0x0000000000031398        0x1 obj_cooja/mtype767.a(vib-sensor.o)
                0x0000000000031398                simVibValue
 .bss           0x0000000000031399        0x0 obj_cooja/mtype767.a(clock.o)
 *fill*         0x0000000000031399        0x7 
 .bss           0x00000000000313a0      0x420 obj_cooja/mtype767.a(log.o)
 .bss           0x00000000000317c0      0xfc0 obj_cooja/mtype767.a(cfs-cooja.o)
                0x00000000000317c0                simCFSData
                0x0000000000032760                simCFSSize
                0x0000000000032764                simCFSChanged
                0x0000000000032768                simCFSRead
                0x000000000003276c                simCFSWritten
 .bss           0x0000000000032780       0x24 obj_cooja/mtype767.a(cooja-radio.o)
                0x0000000000032780                simReceivingLR
                0x0000000000032784                simInSizeLR
                0x0000000000032788                simOutSizeLR
                0x000000000003278c                simReceiving
                0x0000000000032790                simInSize
                0x0000000000032794                simOutSize
                0x0000000000032798                LongRangeTransmit
                0x000000000003279c                LongRangeReceiving
 .bss           0x00000000000327a4        0xc obj_cooja/mtype767.a(eeprom.o)
                0x00000000000327a4                simEEPROMChanged
                0x00000000000327a8                simEEPROMRead
                0x00000000000327ac                simEEPROMWritten
 .bss           0x00000000000327b0        0x0 obj_cooja/mtype767.a(random.o)
 .bss           0x00000000000327b0        0xc obj_cooja/mtype767.a(sensors.o)
 .bss           0x00000000000327bc        0x1 obj_cooja/mtype767.a(leds.o)
 *fill*         0x00000000000327bd        0x3 
 .bss           0x00000000000327c0       0x40 obj_cooja/mtype767.a(dual_conf.o)
                0x00000000000327c0                long_range_radio
 .bss           0x0000000000032800        0x0 obj_cooja/mtype767.a(autostart.o)
 .bss           0x0000000000032800        0x5 obj_cooja/mtype767.a(ctimer.o)
 *fill*         0x0000000000032805        0x3 
 .bss           0x0000000000032808        0x8 obj_cooja/mtype767.a(etimer.o)
 .bss           0x0000000000032810        0x0 obj_cooja/mtype767.a(log_message.o)
 *fill*         0x0000000000032810       0x10 
 .bss           0x0000000000032820      0x1b1 obj_cooja/mtype767.a(process.o)
                0x0000000000032820                process_list
                0x0000000000032824                process_current
 .bss           0x00000000000329d1        0x0 obj_cooja/mtype767.a(residual.o)
 *fill*         0x00000000000329d1        0x3 
 .bss           0x00000000000329d4        0x4 obj_cooja/mtype767.a(rtimer.o)
 .bss           0x00000000000329d8        0x0 obj_cooja/mtype767.a(timer.o)
 *fill*         0x00000000000329d8        0x8 
 .bss           0x00000000000329e0      0x140 obj_cooja/mtype767.a(serial-line.o)
 .bss           0x0000000000032b20        0x0 obj_cooja/mtype767.a(list.o)
 .bss           0x0000000000032b20        0x0 obj_cooja/mtype767.a(ringbuf.o)
 .bss           0x0000000000032b20      0x70c obj_cooja/mtype767.a(sicslowpan.o)
 *fill*         0x000000000003322c       0x14 
 .bss           0x0000000000033240       0xc0 obj_cooja/mtype767.a(uip-ds6-nbr.o)
 .bss           0x0000000000033300       0x30 obj_cooja/mtype767.a(uip-ds6.o)
 .bss           0x0000000000033330        0xe obj_cooja/mtype767.a(uip6.o)
                0x0000000000033330                uip_ext_bitmap
                0x0000000000033331                uip_ext_len
                0x0000000000033332                uip_ext_opt_offset
 *fill*         0x000000000003333e        0x2 
 .bss           0x0000000000033340       0x6b obj_cooja/mtype767.a(tcpip.o)
 .bss           0x00000000000333ab        0x0 obj_cooja/mtype767.a(uip-debug.o)
 *fill*         0x00000000000333ab       0x15 
 .bss           0x00000000000333c0      0xcf8 obj_cooja/mtype767.a(uip-packetqueue)
 *fill*         0x00000000000340b8        0x8 
 .bss           0x00000000000340c0       0x88 obj_cooja/mtype767.a(rpl-dag.o)
 .bss           0x0000000000034148        0x0 obj_cooja/mtype767.a(rpl-ext-header.)
 .bss           0x0000000000034148        0x0 obj_cooja/mtype767.a(rpl-icmp6.o)
 .bss           0x0000000000034148        0x0 obj_cooja/mtype767.a(rpl-ltmax.o)
 *fill*         0x0000000000034148       0x18 
 .bss           0x0000000000034160       0x60 obj_cooja/mtype767.a(rpl-timers.o)
 .bss           0x00000000000341c0        0x4 obj_cooja/mtype767.a(rpl.o)
 *fill*         0x00000000000341c4       0x1c 
 .bss           0x00000000000341e0      0x248 obj_cooja/mtype767.a(csma.o)
 .bss           0x0000000000034428        0x2 obj_cooja/mtype767.a(framer-802154.o)
 .bss           0x000000000003442a        0x0 obj_cooja/mtype767.a(mac.o)
 *fill*         0x000000000003442a       0x16 
 .bss           0x0000000000034440       0xb0 obj_cooja/mtype767.a(cxmac.o)
 .bss           0x00000000000344f0        0x0 obj_cooja/mtype767.a(linkaddr.o)
 *fill*         0x00000000000344f0       0x10 
 .bss           0x0000000000034500       0xc4 obj_cooja/mtype767.a(nbr-table.o)
 .bss           0x00000000000345c4        0x0 obj_cooja/mtype767.a(netstack.o)
 *fill*         0x00000000000345c4       0x1c 
 .bss           0x00000000000345e0       0xa0 obj_cooja/mtype767.a(packetbuf.o)
 .bss           0x0000000000034680      0xb80 obj_cooja/mtype767.a(queuebuf.o)
 .bss           0x0000000000035200        0x0 obj_cooja/mtype767.a(nullsec.o)
 .bss           0x0000000000035200        0x0 obj_cooja/mtype767.a(watchdog.o)
 .bss           0x0000000000035200        0x0 obj_cooja/mtype767.a(rimestats.o)
 .bss           0x0000000000035200        0x0 obj_cooja/mtype767.a(stimer.o)
 .bss           0x0000000000035200        0x0 obj_cooja/mtype767.a(memb.o)
 .bss           0x0000000000035200      0x4a8 obj_cooja/mtype767.a(uip-ds6-route.o)
 .bss           0x00000000000356a8       0x18 obj_cooja/mtype767.a(uip-icmp6.o)
 .bss           0x00000000000356c0        0x0 obj_cooja/mtype767.a(uip-nd6.o)
 .bss           0x00000000000356c0       0x44 obj_cooja/mtype767.a(rpl-nbr-policy.)
 .bss           0x0000000000035704        0x0 obj_cooja/mtype767.a(frame802154.o)
 .bss           0x0000000000035704        0x0 /usr/lib/gcc/i686-linux-gnu/4.8/crtendS.o
 .bss           0x0000000000035704        0x0 /usr/lib/gcc/i686-linux-gnu/4.8/../../../i386-linux-gnu/crtn.o
 *(COMMON)
 COMMON         0x0000000000035704        0x6 udp-server.co
                0x0000000000035704                LSA_message_input
                0x0000000000035705                LSA_SR_preamble
                0x0000000000035706                LSA_lr_child
                0x0000000000035707                LSA_converge
                0x0000000000035708                my_sink_reachability
                0x0000000000035709                my_parent_number
 *fill*         0x000000000003570a        0x2 
 COMMON         0x000000000003570c       0x4c obj_cooja/mtype767.o
                0x000000000003570c                dio_count
                0x0000000000035710                dis_count
                0x0000000000035714                collision_count
                0x0000000000035718                transmission_count
                0x000000000003571c                COOJA_radioRxLong
                0x0000000000035720                control_message_count
                0x0000000000035724                dao_count
                0x0000000000035728                COOJA_radioTx
                0x000000000003572c                referenceVar
                0x0000000000035730                data_relay_count
                0x0000000000035734                data_message_count
                0x0000000000035738                COOJA_radioTxLong
                0x000000000003573c                COOJA_radioRx
                0x0000000000035740                debugfp
                0x0000000000035744                COOJA_radioOn
                0x0000000000035748                COOJA_duration
                0x000000000003574c                dio_ack_count
                0x0000000000035750                COOJA_radioOnLong
                0x0000000000035754                sensors_flags
 COMMON         0x0000000000035758        0xc obj_cooja/mtype767.a(simEnvChange.o)
                0x0000000000035758                simEtimerPending
                0x000000000003575c                simProcessRunValue
                0x0000000000035760                simNextExpirationTime
 COMMON         0x0000000000035764        0x1 obj_cooja/mtype767.a(beep.o)
                0x0000000000035764                simBeeped
 COMMON         0x0000000000035765        0x3 obj_cooja/mtype767.a(button-sensor.o)
                0x0000000000035765                simButtonIsActive
                0x0000000000035766                simButtonIsDown
                0x0000000000035767                simButtonChanged
 COMMON         0x0000000000035768        0x1 obj_cooja/mtype767.a(leds-arch.o)
                0x0000000000035768                simLedsValue
 *fill*         0x0000000000035769        0x3 
 COMMON         0x000000000003576c        0xc obj_cooja/mtype767.a(moteid.o)
                0x000000000003576c                simRandomSeed
                0x0000000000035770                simMoteIDChanged
                0x0000000000035774                simMoteID
 COMMON         0x0000000000035778        0x2 obj_cooja/mtype767.a(pir-sensor.o)
                0x0000000000035778                simPirIsActive
                0x0000000000035779                simPirChanged
 *fill*         0x000000000003577a        0x6 
 COMMON         0x0000000000035780      0x820 obj_cooja/mtype767.a(rs232.o)
                0x0000000000035780                simSerialReceivingFlag
                0x0000000000035784                simSerialReceivingLength
                0x00000000000357a0                simSerialReceivingData
 COMMON         0x0000000000035fa0        0x2 obj_cooja/mtype767.a(vib-sensor.o)
                0x0000000000035fa0                simVibChanged
                0x0000000000035fa1                simVibIsActive
 *fill*         0x0000000000035fa2        0x2 
 COMMON         0x0000000000035fa4        0x4 obj_cooja/mtype767.a(clock.o)
                0x0000000000035fa4                simCurrentTime
 *fill*         0x0000000000035fa8       0x18 
 COMMON         0x0000000000035fc0      0x420 obj_cooja/mtype767.a(log.o)
                0x0000000000035fc0                simLoggedLength
                0x0000000000035fc4                simLoggedFlag
                0x0000000000035fe0                simLoggedData
 COMMON         0x00000000000363e0      0x240 obj_cooja/mtype767.a(cooja-radio.o)
                0x00000000000363e0                simOutDataBuffer
                0x0000000000036460                simRadioTarget
                0x0000000000036480                simInDataBufferLR
                0x0000000000036500                simOutDataBufferLR
                0x0000000000036580                dual_duty_cycle_count
                0x00000000000365a0                simInDataBuffer
 COMMON         0x0000000000036620      0x400 obj_cooja/mtype767.a(eeprom.o)
                0x0000000000036620                simEEPROMData
 COMMON         0x0000000000036a20        0x1 obj_cooja/mtype767.a(sensors.o)
                0x0000000000036a20                sensors_event
 *fill*         0x0000000000036a21        0x3 
 COMMON         0x0000000000036a24        0x4 obj_cooja/mtype767.a(log_message.o)
                0x0000000000036a24                log_fp
 COMMON         0x0000000000036a28        0x1 obj_cooja/mtype767.a(serial-line.o)
                0x0000000000036a28                serial_line_event_message
 *fill*         0x0000000000036a29       0x17 
 COMMON         0x0000000000036a40       0x50 obj_cooja/mtype767.a(uip-ds6-nbr.o)
                0x0000000000036a40                ds6_lr_addrmap
 *fill*         0x0000000000036a90       0x10 
 COMMON         0x0000000000036aa0      0x298 obj_cooja/mtype767.a(uip-ds6.o)
                0x0000000000036aa0                uip_ds6_prefix_list
                0x0000000000036b00                uip_ds6_timer_periodic
                0x0000000000036b10                uip_ds6_netif_addr_list_offset
                0x0000000000036b20                uip_ds6_if
                0x0000000000036c18                uip_ds6_timer_ra
                0x0000000000036c20                uip_ds6_addr_size
                0x0000000000036c40                long_uip_ds6_if
 *fill*         0x0000000000036d38        0x8 
 COMMON         0x0000000000036d40      0x8ec obj_cooja/mtype767.a(uip6.o)
                0x0000000000036d40                uip_slen
                0x0000000000036d42                uip_acc32
                0x0000000000036d60                uip_conns
                0x0000000000036e20                uip_lladdr
                0x0000000000036e28                uip_appdata
                0x0000000000036e2c                uip_flags
                0x0000000000036e40                uip_aligned_buf
                0x0000000000037480                uip_listenports
                0x0000000000037490                uip_len
                0x0000000000037492                uip_long_lladdr
                0x000000000003749c                uip_sappdata
                0x00000000000374a0                uip_udp_conns
                0x0000000000037620                uip_udp_conn
                0x0000000000037624                uip_next_hdr
                0x0000000000037628                uip_conn
 COMMON         0x000000000003762c        0x1 obj_cooja/mtype767.a(tcpip.o)
                0x000000000003762c                tcpip_event
 *fill*         0x000000000003762d       0x13 
 COMMON         0x0000000000037640      0x198 obj_cooja/mtype767.a(rpl-dag.o)
                0x0000000000037640                default_instance
                0x0000000000037660                instance_table
 COMMON         0x00000000000377d8       0x10 obj_cooja/mtype767.a(linkaddr.o)
                0x00000000000377d8                linkaddr_node_addr
                0x00000000000377e0                long_linkaddr_node_addr
 COMMON         0x00000000000377e8       0x2e obj_cooja/mtype767.a(packetbuf.o)
                0x00000000000377e8                packetbuf_attrs
                0x0000000000037806                packetbuf_addrs
 *fill*         0x0000000000037816        0xa 
 COMMON         0x0000000000037820       0x48 obj_cooja/mtype767.a(rimestats.o)
                0x0000000000037820                rimestats
                0x0000000000037868                . = ALIGN ((. != 0x0)?0x4:0x1)
                0x0000000000037868                . = ALIGN (0x4)
                0x0000000000037868                . = SEGMENT_START ("ldata-segment", .)
                0x0000000000037868                . = ALIGN (0x4)
                0x0000000000037868                _end = .
                0x0000000000037868                PROVIDE (end, .)
                0x0000000000037868                . = DATA_SEGMENT_END (.)

.stab
 *(.stab)

.stabstr
 *(.stabstr)

.stab.excl
 *(.stab.excl)

.stab.exclstr
 *(.stab.exclstr)

.stab.index
 *(.stab.index)

.stab.indexstr
 *(.stab.indexstr)

.comment        0x0000000000000000       0x29
 *(.comment)
 .comment       0x0000000000000000       0x29 /usr/lib/gcc/i686-linux-gnu/4.8/crtbeginS.o
                                         0x2a (size before relaxing)
 .comment       0x0000000000000000       0x2a udp-server.co
 .comment       0x0000000000000000       0x2a obj_cooja/mtype767.o
 .comment       0x0000000000000000       0x2a obj_cooja/mtype767.a(simEnvChange.o)
 .comment       0x0000000000000000       0x2a obj_cooja/mtype767.a(cooja_mt.o)
 .comment       0x0000000000000000       0x2a obj_cooja/mtype767.a(cooja_mtarch.o)
 .comment       0x0000000000000000       0x2a obj_cooja/mtype767.a(rtimer-arch.o)
 .comment       0x0000000000000000       0x2a obj_cooja/mtype767.a(beep.o)
 .comment       0x0000000000000000       0x2a obj_cooja/mtype767.a(button-sensor.o)
 .comment       0x0000000000000000       0x2a obj_cooja/mtype767.a(leds-arch.o)
 .comment       0x0000000000000000       0x2a obj_cooja/mtype767.a(moteid.o)
 .comment       0x0000000000000000       0x2a obj_cooja/mtype767.a(pir-sensor.o)
 .comment       0x0000000000000000       0x2a obj_cooja/mtype767.a(rs232.o)
 .comment       0x0000000000000000       0x2a obj_cooja/mtype767.a(vib-sensor.o)
 .comment       0x0000000000000000       0x2a obj_cooja/mtype767.a(clock.o)
 .comment       0x0000000000000000       0x2a obj_cooja/mtype767.a(log.o)
 .comment       0x0000000000000000       0x2a obj_cooja/mtype767.a(cfs-cooja.o)
 .comment       0x0000000000000000       0x2a obj_cooja/mtype767.a(cooja-radio.o)
 .comment       0x0000000000000000       0x2a obj_cooja/mtype767.a(eeprom.o)
 .comment       0x0000000000000000       0x2a obj_cooja/mtype767.a(random.o)
 .comment       0x0000000000000000       0x2a obj_cooja/mtype767.a(sensors.o)
 .comment       0x0000000000000000       0x2a obj_cooja/mtype767.a(leds.o)
 .comment       0x0000000000000000       0x2a obj_cooja/mtype767.a(dual_conf.o)
 .comment       0x0000000000000000       0x2a obj_cooja/mtype767.a(autostart.o)
 .comment       0x0000000000000000       0x2a obj_cooja/mtype767.a(ctimer.o)
 .comment       0x0000000000000000       0x2a obj_cooja/mtype767.a(etimer.o)
 .comment       0x0000000000000000       0x2a obj_cooja/mtype767.a(log_message.o)
 .comment       0x0000000000000000       0x2a obj_cooja/mtype767.a(process.o)
 .comment       0x0000000000000000       0x2a obj_cooja/mtype767.a(residual.o)
 .comment       0x0000000000000000       0x2a obj_cooja/mtype767.a(rtimer.o)
 .comment       0x0000000000000000       0x2a obj_cooja/mtype767.a(timer.o)
 .comment       0x0000000000000000       0x2a obj_cooja/mtype767.a(serial-line.o)
 .comment       0x0000000000000000       0x2a obj_cooja/mtype767.a(list.o)
 .comment       0x0000000000000000       0x2a obj_cooja/mtype767.a(ringbuf.o)
 .comment       0x0000000000000000       0x2a obj_cooja/mtype767.a(sicslowpan.o)
 .comment       0x0000000000000000       0x2a obj_cooja/mtype767.a(uip-ds6-nbr.o)
 .comment       0x0000000000000000       0x2a obj_cooja/mtype767.a(uip-ds6.o)
 .comment       0x0000000000000000       0x2a obj_cooja/mtype767.a(uip6.o)
 .comment       0x0000000000000000       0x2a obj_cooja/mtype767.a(tcpip.o)
 .comment       0x0000000000000000       0x2a obj_cooja/mtype767.a(uip-debug.o)
 .comment       0x0000000000000000       0x2a obj_cooja/mtype767.a(uip-packetqueue)
 .comment       0x0000000000000000       0x2a obj_cooja/mtype767.a(rpl-dag.o)
 .comment       0x0000000000000000       0x2a obj_cooja/mtype767.a(rpl-ext-header.)
 .comment       0x0000000000000000       0x2a obj_cooja/mtype767.a(rpl-icmp6.o)
 .comment       0x0000000000000000       0x2a obj_cooja/mtype767.a(rpl-ltmax.o)
 .comment       0x0000000000000000       0x2a obj_cooja/mtype767.a(rpl-timers.o)
 .comment       0x0000000000000000       0x2a obj_cooja/mtype767.a(rpl.o)
 .comment       0x0000000000000000       0x2a obj_cooja/mtype767.a(csma.o)
 .comment       0x0000000000000000       0x2a obj_cooja/mtype767.a(framer-802154.o)
 .comment       0x0000000000000000       0x2a obj_cooja/mtype767.a(mac.o)
 .comment       0x0000000000000000       0x2a obj_cooja/mtype767.a(cxmac.o)
 .comment       0x0000000000000000       0x2a obj_cooja/mtype767.a(linkaddr.o)
 .comment       0x0000000000000000       0x2a obj_cooja/mtype767.a(nbr-table.o)
 .comment       0x0000000000000000       0x2a obj_cooja/mtype767.a(netstack.o)
 .comment       0x0000000000000000       0x2a obj_cooja/mtype767.a(packetbuf.o)
 .comment       0x0000000000000000       0x2a obj_cooja/mtype767.a(queuebuf.o)
 .comment       0x0000000000000000       0x2a obj_cooja/mtype767.a(nullsec.o)
 .comment       0x0000000000000000       0x2a obj_cooja/mtype767.a(watchdog.o)
 .comment       0x0000000000000000       0x2a obj_cooja/mtype767.a(rimestats.o)
 .comment       0x0000000000000000       0x2a obj_cooja/mtype767.a(stimer.o)
 .comment       0x0000000000000000       0x2a obj_cooja/mtype767.a(memb.o)
 .comment       0x0000000000000000       0x2a obj_cooja/mtype767.a(uip-ds6-route.o)
 .comment       0x0000000000000000       0x2a obj_cooja/mtype767.a(uip-icmp6.o)
 .comment       0x0000000000000000       0x2a obj_cooja/mtype767.a(uip-nd6.o)
 .comment       0x0000000000000000       0x2a obj_cooja/mtype767.a(rpl-nbr-policy.)
 .comment       0x0000000000000000       0x2a obj_cooja/mtype767.a(frame802154.o)
 .comment       0x0000000000000000       0x2a /usr/lib/gcc/i686-linux-gnu/4.8/crtendS.o

.debug
 *(.debug)

.line
 *(.line)

.debug_srcinfo
 *(.debug_srcinfo)

.debug_sfnames
 *(.debug_sfnames)

.debug_aranges  0x0000000000000000      0x818
 *(.debug_aranges)
 .debug_aranges
                0x0000000000000000       0x20 udp-server.co
 .debug_aranges
                0x0000000000000020       0x20 obj_cooja/mtype767.o
 .debug_aranges
                0x0000000000000040       0x20 obj_cooja/mtype767.a(simEnvChange.o)
 .debug_aranges
                0x0000000000000060       0x20 obj_cooja/mtype767.a(cooja_mt.o)
 .debug_aranges
                0x0000000000000080       0x20 obj_cooja/mtype767.a(cooja_mtarch.o)
 .debug_aranges
                0x00000000000000a0       0x20 obj_cooja/mtype767.a(rtimer-arch.o)
 .debug_aranges
                0x00000000000000c0       0x20 obj_cooja/mtype767.a(beep.o)
 .debug_aranges
                0x00000000000000e0       0x20 obj_cooja/mtype767.a(button-sensor.o)
 .debug_aranges
                0x0000000000000100       0x20 obj_cooja/mtype767.a(leds-arch.o)
 .debug_aranges
                0x0000000000000120       0x20 obj_cooja/mtype767.a(moteid.o)
 .debug_aranges
                0x0000000000000140       0x20 obj_cooja/mtype767.a(pir-sensor.o)
 .debug_aranges
                0x0000000000000160       0x20 obj_cooja/mtype767.a(rs232.o)
 .debug_aranges
                0x0000000000000180       0x20 obj_cooja/mtype767.a(vib-sensor.o)
 .debug_aranges
                0x00000000000001a0       0x20 obj_cooja/mtype767.a(clock.o)
 .debug_aranges
                0x00000000000001c0       0x20 obj_cooja/mtype767.a(log.o)
 .debug_aranges
                0x00000000000001e0       0x20 obj_cooja/mtype767.a(cfs-cooja.o)
 .debug_aranges
                0x0000000000000200       0x20 obj_cooja/mtype767.a(cooja-radio.o)
 .debug_aranges
                0x0000000000000220       0x20 obj_cooja/mtype767.a(eeprom.o)
 .debug_aranges
                0x0000000000000240       0x20 obj_cooja/mtype767.a(random.o)
 .debug_aranges
                0x0000000000000260       0x20 obj_cooja/mtype767.a(sensors.o)
 .debug_aranges
                0x0000000000000280       0x20 obj_cooja/mtype767.a(leds.o)
 .debug_aranges
                0x00000000000002a0       0x20 obj_cooja/mtype767.a(dual_conf.o)
 .debug_aranges
                0x00000000000002c0       0x20 obj_cooja/mtype767.a(autostart.o)
 .debug_aranges
                0x00000000000002e0       0x20 obj_cooja/mtype767.a(ctimer.o)
 .debug_aranges
                0x0000000000000300       0x20 obj_cooja/mtype767.a(etimer.o)
 .debug_aranges
                0x0000000000000320       0x20 obj_cooja/mtype767.a(log_message.o)
 .debug_aranges
                0x0000000000000340       0x20 obj_cooja/mtype767.a(process.o)
 .debug_aranges
                0x0000000000000360       0x20 obj_cooja/mtype767.a(residual.o)
 .debug_aranges
                0x0000000000000380       0x20 obj_cooja/mtype767.a(rtimer.o)
 .debug_aranges
                0x00000000000003a0       0x20 obj_cooja/mtype767.a(timer.o)
 .debug_aranges
                0x00000000000003c0       0x20 obj_cooja/mtype767.a(serial-line.o)
 .debug_aranges
                0x00000000000003e0       0x20 obj_cooja/mtype767.a(list.o)
 .debug_aranges
                0x0000000000000400       0x20 obj_cooja/mtype767.a(ringbuf.o)
 .debug_aranges
                0x0000000000000420       0x20 obj_cooja/mtype767.a(sicslowpan.o)
 .debug_aranges
                0x0000000000000440       0x20 obj_cooja/mtype767.a(uip-ds6-nbr.o)
 .debug_aranges
                0x0000000000000460       0x20 obj_cooja/mtype767.a(uip-ds6.o)
 .debug_aranges
                0x0000000000000480       0x20 obj_cooja/mtype767.a(uip6.o)
 .debug_aranges
                0x00000000000004a0       0x20 obj_cooja/mtype767.a(tcpip.o)
 .debug_aranges
                0x00000000000004c0       0x20 obj_cooja/mtype767.a(uip-debug.o)
 .debug_aranges
                0x00000000000004e0       0x20 obj_cooja/mtype767.a(uip-packetqueue)
 .debug_aranges
                0x0000000000000500       0x20 obj_cooja/mtype767.a(rpl-dag.o)
 .debug_aranges
                0x0000000000000520       0x20 obj_cooja/mtype767.a(rpl-ext-header.)
 .debug_aranges
                0x0000000000000540       0x20 obj_cooja/mtype767.a(rpl-icmp6.o)
 .debug_aranges
                0x0000000000000560       0x20 obj_cooja/mtype767.a(rpl-ltmax.o)
 .debug_aranges
                0x0000000000000580       0x20 obj_cooja/mtype767.a(rpl-timers.o)
 .debug_aranges
                0x00000000000005a0       0x20 obj_cooja/mtype767.a(rpl.o)
 .debug_aranges
                0x00000000000005c0       0x20 obj_cooja/mtype767.a(csma.o)
 .debug_aranges
                0x00000000000005e0       0x20 obj_cooja/mtype767.a(framer-802154.o)
 .debug_aranges
                0x0000000000000600       0x20 obj_cooja/mtype767.a(mac.o)
 .debug_aranges
                0x0000000000000620       0x20 obj_cooja/mtype767.a(cxmac.o)
 .debug_aranges
                0x0000000000000640       0x20 obj_cooja/mtype767.a(linkaddr.o)
 .debug_aranges
                0x0000000000000660       0x20 obj_cooja/mtype767.a(nbr-table.o)
 .debug_aranges
                0x0000000000000680       0x20 obj_cooja/mtype767.a(netstack.o)
 .debug_aranges
                0x00000000000006a0       0x20 obj_cooja/mtype767.a(packetbuf.o)
 .debug_aranges
                0x00000000000006c0       0x20 obj_cooja/mtype767.a(queuebuf.o)
 .debug_aranges
                0x00000000000006e0       0x20 obj_cooja/mtype767.a(nullsec.o)
 .debug_aranges
                0x0000000000000700       0x20 obj_cooja/mtype767.a(watchdog.o)
 .debug_aranges
                0x0000000000000720       0x18 obj_cooja/mtype767.a(rimestats.o)
 .debug_aranges
                0x0000000000000738       0x20 obj_cooja/mtype767.a(stimer.o)
 .debug_aranges
                0x0000000000000758       0x20 obj_cooja/mtype767.a(memb.o)
 .debug_aranges
                0x0000000000000778       0x20 obj_cooja/mtype767.a(uip-ds6-route.o)
 .debug_aranges
                0x0000000000000798       0x20 obj_cooja/mtype767.a(uip-icmp6.o)
 .debug_aranges
                0x00000000000007b8       0x20 obj_cooja/mtype767.a(uip-nd6.o)
 .debug_aranges
                0x00000000000007d8       0x20 obj_cooja/mtype767.a(rpl-nbr-policy.)
 .debug_aranges
                0x00000000000007f8       0x20 obj_cooja/mtype767.a(frame802154.o)

.debug_pubnames
 *(.debug_pubnames)

.debug_info     0x0000000000000000    0x1e3bc
 *(.debug_info .gnu.linkonce.wi.*)
 .debug_info    0x0000000000000000      0xec5 udp-server.co
 .debug_info    0x0000000000000ec5     0x3ac4 obj_cooja/mtype767.o
 .debug_info    0x0000000000004989      0x15a obj_cooja/mtype767.a(simEnvChange.o)
 .debug_info    0x0000000000004ae3      0x1e2 obj_cooja/mtype767.a(cooja_mt.o)
 .debug_info    0x0000000000004cc5      0x2e7 obj_cooja/mtype767.a(cooja_mtarch.o)
 .debug_info    0x0000000000004fac      0x16b obj_cooja/mtype767.a(rtimer-arch.o)
 .debug_info    0x0000000000005117      0x1f3 obj_cooja/mtype767.a(beep.o)
 .debug_info    0x000000000000530a      0x257 obj_cooja/mtype767.a(button-sensor.o)