Archive member included to satisfy reference by file (symbol)

obj_cooja/mtype249.a(simEnvChange.o)
                              obj_cooja/mtype249.o (simDontFallAsleep)
obj_cooja/mtype249.a(cooja_mt.o)
                              obj_cooja/mtype249.o (cooja_mt_start)
obj_cooja/mtype249.a(cooja_mtarch.o)
                              obj_cooja/mtype249.a(cooja_mt.o) (cooja_mtarch_init)
obj_cooja/mtype249.a(rtimer-arch.o)
                              obj_cooja/mtype249.o (rtimer_arch_next)
obj_cooja/mtype249.a(beep.o)  obj_cooja/mtype249.o (beep_interface)
obj_cooja/mtype249.a(button-sensor.o)
                              obj_cooja/mtype249.o (button_interface)
obj_cooja/mtype249.a(leds-arch.o)
                              obj_cooja/mtype249.o (leds_interface)
obj_cooja/mtype249.a(moteid.o)
                              obj_cooja/mtype249.o (moteid_interface)
obj_cooja/mtype249.a(pir-sensor.o)
                              obj_cooja/mtype249.o (pir_interface)
obj_cooja/mtype249.a(rs232.o)
                              obj_cooja/mtype249.o (rs232_interface)
obj_cooja/mtype249.a(vib-sensor.o)
                              obj_cooja/mtype249.o (vib_interface)
obj_cooja/mtype249.a(clock.o)
                              obj_cooja/mtype249.o (clock_interface)
obj_cooja/mtype249.a(log.o)   obj_cooja/mtype249.o (simlog_interface)
obj_cooja/mtype249.a(cfs-cooja.o)
                              obj_cooja/mtype249.o (cfs_interface)
obj_cooja/mtype249.a(cooja-radio.o)
                              obj_cooja/mtype249.o (radio_interface)
obj_cooja/mtype249.a(eeprom.o)
                              obj_cooja/mtype249.o (eeprom_interface)
obj_cooja/mtype249.a(random.o)
                              obj_cooja/mtype249.a(moteid.o) (random_init)
obj_cooja/mtype249.a(sensors.o)
                              udp-server.co (sensors_event)
obj_cooja/mtype249.a(leds.o)  obj_cooja/mtype249.a(cooja-radio.o) (leds_on)
obj_cooja/mtype249.a(dual_conf.o)
                              obj_cooja/mtype249.a(cooja-radio.o) (long_range_radio)
obj_cooja/mtype249.a(autostart.o)
                              obj_cooja/mtype249.o (autostart_start)
obj_cooja/mtype249.a(ctimer.o)
                              obj_cooja/mtype249.o (ctimer_init)
obj_cooja/mtype249.a(etimer.o)
                              obj_cooja/mtype249.o (etimer_process)
obj_cooja/mtype249.a(log_message.o)
                              obj_cooja/mtype249.o (log_initialization)
obj_cooja/mtype249.a(process.o)
                              udp-server.co (process_current)
obj_cooja/mtype249.a(residual.o)
                              obj_cooja/mtype249.o (get_residual_energy)
obj_cooja/mtype249.a(rtimer.o)
                              obj_cooja/mtype249.a(rtimer-arch.o) (rtimer_run_next)
obj_cooja/mtype249.a(timer.o)
                              obj_cooja/mtype249.a(button-sensor.o) (timer_set)
obj_cooja/mtype249.a(serial-line.o)
                              obj_cooja/mtype249.a(rs232.o) (serial_line_input_byte)
obj_cooja/mtype249.a(list.o)  obj_cooja/mtype249.a(ctimer.o) (list_init)
obj_cooja/mtype249.a(ringbuf.o)
                              obj_cooja/mtype249.a(serial-line.o) (ringbuf_init)
obj_cooja/mtype249.a(sicslowpan.o)
                              obj_cooja/mtype249.o (sicslowpan_driver)
obj_cooja/mtype249.a(uip-ds6-nbr.o)
                              obj_cooja/mtype249.a(sicslowpan.o) (uip_ds6_link_neighbor_callback)
obj_cooja/mtype249.a(uip-ds6.o)
                              udp-server.co (uip_ds6_if)
obj_cooja/mtype249.a(uip6.o)  obj_cooja/mtype249.o (uip_lladdr)
obj_cooja/mtype249.a(tcpip.o)
                              udp-server.co (tcpip_event)
obj_cooja/mtype249.a(uip-debug.o)
                              udp-server.co (uip_debug_ipaddr_print)
obj_cooja/mtype249.a(uip-packetqueue)
                              obj_cooja/mtype249.a(uip-ds6-nbr.o) (uip_packetqueue_new)
obj_cooja/mtype249.a(rpl-dag.o)
                              udp-server.co (rpl_set_root)
obj_cooja/mtype249.a(rpl-ext-header.)
                              obj_cooja/mtype249.a(uip6.o) (rpl_verify_header)
obj_cooja/mtype249.a(rpl-icmp6.o)
                              obj_cooja/mtype249.a(rpl-dag.o) (rpl_icmp6_update_nbr_table)
obj_cooja/mtype249.a(rpl-ltmax.o)
                              obj_cooja/mtype249.a(rpl-dag.o) (rpl_ltmax_of)
obj_cooja/mtype249.a(rpl-timers.o)
                              obj_cooja/mtype249.a(rpl-icmp6.o) (rpl_LSA_convergence_timer)
obj_cooja/mtype249.a(rpl.o)   obj_cooja/mtype249.a(rpl-icmp6.o) (rpl_get_mode)
obj_cooja/mtype249.a(csma.o)  udp-server.co (csma_driver)
obj_cooja/mtype249.a(framer-802154.o)
                              obj_cooja/mtype249.a(sicslowpan.o) (framer_802154)
obj_cooja/mtype249.a(mac.o)   obj_cooja/mtype249.a(csma.o) (mac_call_sent_callback)
obj_cooja/mtype249.a(cxmac.o)
                              obj_cooja/mtype249.o (cxmac_driver)
obj_cooja/mtype249.a(linkaddr.o)
[...]
Memory Configuration

Name             Origin             Length             Attributes
*default*        0x0000000000000000 0xffffffffffffffff

Linker script and memory map

LOAD /usr/lib/gcc/i686-linux-gnu/4.8/../../../i386-linux-gnu/crti.o
LOAD /usr/lib/gcc/i686-linux-gnu/4.8/crtbeginS.o
LOAD udp-server.co
LOAD obj_cooja/mtype249.o
LOAD obj_cooja/mtype249.a
LOAD /usr/lib/gcc/i686-linux-gnu/4.8/libgcc.a
LOAD /usr/lib/gcc/i686-linux-gnu/4.8/libgcc_s.so
LOAD /usr/lib/gcc/i686-linux-gnu/4.8/../../../i386-linux-gnu/libc.so
START GROUP
LOAD /lib/i386-linux-gnu/libc.so.6
LOAD /usr/lib/i386-linux-gnu/libc_nonshared.a
LOAD /lib/i386-linux-gnu/ld-linux.so.2
END GROUP
LOAD /usr/lib/gcc/i686-linux-gnu/4.8/libgcc.a
LOAD /usr/lib/gcc/i686-linux-gnu/4.8/libgcc_s.so
LOAD /usr/lib/gcc/i686-linux-gnu/4.8/crtendS.o
LOAD /usr/lib/gcc/i686-linux-gnu/4.8/../../../i386-linux-gnu/crtn.o
                0x0000000000000114                . = (0x0 + SIZEOF_HEADERS)

.note.gnu.build-id
                0x0000000000000114       0x24
 *(.note.gnu.build-id)
 .note.gnu.build-id
                0x0000000000000114       0x24 /usr/lib/gcc/i686-linux-gnu/4.8/../../../i386-linux-gnu/crti.o

.hash
 *(.hash)

.gnu.hash       0x0000000000000138     0x13ac
 *(.gnu.hash)
 .gnu.hash      0x0000000000000138     0x13ac /usr/lib/gcc/i686-linux-gnu/4.8/../../../i386-linux-gnu/crti.o

.dynsym         0x00000000000014e4     0x2710
 *(.dynsym)
 .dynsym        0x00000000000014e4     0x2710 /usr/lib/gcc/i686-linux-gnu/4.8/../../../i386-linux-gnu/crti.o

.dynstr         0x0000000000003bf4     0x281f
 *(.dynstr)
 .dynstr        0x0000000000003bf4     0x281f /usr/lib/gcc/i686-linux-gnu/4.8/../../../i386-linux-gnu/crti.o

.gnu.version    0x0000000000006414      0x4e2
 *(.gnu.version)
 .gnu.version   0x0000000000006414      0x4e2 /usr/lib/gcc/i686-linux-gnu/4.8/../../../i386-linux-gnu/crti.o

.gnu.version_d  0x00000000000068f8        0x0
 *(.gnu.version_d)
 .gnu.version_d
                0x0000000000000000        0x0 /usr/lib/gcc/i686-linux-gnu/4.8/../../../i386-linux-gnu/crti.o

.gnu.version_r  0x00000000000068f8       0x50
 *(.gnu.version_r)
 .gnu.version_r
                0x00000000000068f8       0x50 /usr/lib/gcc/i686-linux-gnu/4.8/../../../i386-linux-gnu/crti.o

.rel.dyn        0x0000000000006948     0x9e70
 *(.rel.init)
 .rel.init      0x0000000000000000        0x0 /usr/lib/gcc/i686-linux-gnu/4.8/../../../i386-linux-gnu/crti.o
 *(.rel.text .rel.text.* .rel.gnu.linkonce.t.*)
 .rel.text      0x0000000000006948     0x9680 /usr/lib/gcc/i686-linux-gnu/4.8/../../../i386-linux-gnu/crti.o
 *(.rel.fini)
 .rel.fini      0x0000000000000000        0x0 /usr/lib/gcc/i686-linux-gnu/4.8/../../../i386-linux-gnu/crti.o
 *(.rel.rodata .rel.rodata.* .rel.gnu.linkonce.r.*)
 .rel.rodata    0x000000000000ffc8      0x4e0 /usr/lib/gcc/i686-linux-gnu/4.8/../../../i386-linux-gnu/crti.o
 *(.rel.data.rel.ro .rel.data.rel.ro.* .rel.gnu.linkonce.d.rel.ro.*)
 *(.rel.data .rel.data.* .rel.gnu.linkonce.d.*)
 .rel.data.rel  0x00000000000104a8        0x8 /usr/lib/gcc/i686-linux-gnu/4.8/../../../i386-linux-gnu/crti.o
 .rel.data      0x00000000000104b0      0x2d0 /usr/lib/gcc/i686-linux-gnu/4.8/../../../i386-linux-gnu/crti.o
 *(.rel.tdata .rel.tdata.* .rel.gnu.linkonce.td.*)
 *(.rel.tbss .rel.tbss.* .rel.gnu.linkonce.tb.*)
 *(.rel.ctors)
 *(.rel.dtors)
 *(.rel.got)
 .rel.got       0x0000000000010780       0x28 /usr/lib/gcc/i686-linux-gnu/4.8/../../../i386-linux-gnu/crti.o
 *(.rel.bss .rel.bss.* .rel.gnu.linkonce.b.*)
 *(.rel.ifunc)
 .rel.ifunc     0x0000000000000000        0x0 /usr/lib/gcc/i686-linux-gnu/4.8/../../../i386-linux-gnu/crti.o
 .rel.fini_array
                0x00000000000107a8        0x8 /usr/lib/gcc/i686-linux-gnu/4.8/../../../i386-linux-gnu/crti.o
 .rel.init_array
                0x00000000000107b0        0x8 /usr/lib/gcc/i686-linux-gnu/4.8/../../../i386-linux-gnu/crti.o

.rel.plt        0x00000000000107b8       0x10
 *(.rel.plt)
 .rel.plt       0x00000000000107b8       0x10 /usr/lib/gcc/i686-linux-gnu/4.8/../../../i386-linux-gnu/crti.o
 *(.rel.iplt)

.init           0x00000000000107c8       0x23
 *(SORT(.init))
 .init          0x00000000000107c8       0x1e /usr/lib/gcc/i686-linux-gnu/4.8/../../../i386-linux-gnu/crti.o
                0x00000000000107c8                _init
 .init          0x00000000000107e6        0x5 /usr/lib/gcc/i686-linux-gnu/4.8/../../../i386-linux-gnu/crtn.o

.plt            0x00000000000107f0       0x30
 *(.plt)
 .plt           0x00000000000107f0       0x30 /usr/lib/gcc/i686-linux-gnu/4.8/../../../i386-linux-gnu/crti.o
 *(.iplt)

.text           0x0000000000010820    0x17bca
 *(.text.unlikely .text.*_unlikely .text.unlikely.*)
 *(.text.exit .text.exit.*)
 *(.text.startup .text.startup.*)
 *(.text.hot .text.hot.*)
 *(.text .stub .text.* .gnu.linkonce.t.*)
 .text          0x0000000000010820        0x0 /usr/lib/gcc/i686-linux-gnu/4.8/../../../i386-linux-gnu/crti.o
 .gnu.linkonce.t.__x86.get_pc_thunk.bx
                0x0000000000010820        0x4 /usr/lib/gcc/i686-linux-gnu/4.8/../../../i386-linux-gnu/crti.o
                0x0000000000010820                __x86.get_pc_thunk.bx
 *fill*         0x0000000000010824        0xc 
 .text          0x0000000000010830      0x11b /usr/lib/gcc/i686-linux-gnu/4.8/crtbeginS.o
 .text          0x000000000001094b      0x3ce udp-server.co
 .text          0x0000000000010d19      0x96a obj_cooja/mtype249.o
                0x0000000000010ec7                contiki_init
                0x000000000001149a                Java_org_contikios_cooja_corecomm_Lib26_init
                0x00000000000114da                Java_org_contikios_cooja_corecomm_Lib26_getMemory
                0x000000000001151a                Java_org_contikios_cooja_corecomm_Lib26_setMemory
                0x0000000000011591                Java_org_contikios_cooja_corecomm_Lib26_tick
                0x0000000000011671                Java_org_contikios_cooja_corecomm_Lib26_setReferenceAddress
 .text          0x0000000000011683       0x63 obj_cooja/mtype249.a(simEnvChange.o)
                0x0000000000011683                doActionsBeforeTick
                0x00000000000116b4                doActionsAfterTick
 .text          0x00000000000116e6       0xbc obj_cooja/mtype249.a(cooja_mt.o)
                0x00000000000116e6                cooja_mt_init
                0x00000000000116f3                cooja_mt_remove
                0x0000000000011700                cooja_mt_start
                0x000000000001172d                cooja_mt_exec
                0x000000000001175e                cooja_mt_exit
                0x0000000000011780                cooja_mt_yield
 .text          0x00000000000117a2      0x115 obj_cooja/mtype249.a(cooja_mtarch.o)
                0x00000000000117a2                cooja_mtarch_init
                0x00000000000117a7                cooja_mtarch_start
                0x0000000000011822                cooja_sw
                0x0000000000011844                cooja_mtarch_exec
                0x0000000000011860                cooja_mtarch_remove
                0x0000000000011865                cooja_mtarch_yield
                0x000000000001186f                cooja_mtarch_pstop
                0x0000000000011874                cooja_mtarch_pstart
                0x0000000000011879                cooja_mtarch_stack_usage
 .text          0x00000000000118b7       0xc2 obj_cooja/mtype249.a(rtimer-arch.o)
                0x00000000000118b7                rtimer_arch_init
                0x00000000000118da                rtimer_arch_schedule
                0x00000000000118f1                rtimer_arch_next
                0x00000000000118fb                rtimer_arch_pending
                0x0000000000011905                rtimer_arch_check
                0x0000000000011937                rtimer_arch_now
 .text          0x0000000000011979       0x76 obj_cooja/mtype249.a(beep.o)
                0x0000000000011979                beep_alarm
                0x0000000000011985                beep_beep
                0x0000000000011991                beep
                0x000000000001199d                beep_down
                0x00000000000119a9                beep_on
                0x00000000000119b5                beep_off
                0x00000000000119c1                beep_spinup
                0x00000000000119cd                beep_quick
                0x00000000000119d9                beep_long
 .text          0x00000000000119ef      0x103 obj_cooja/mtype249.a(button-sensor.o)
 .text          0x0000000000011af2       0x45 obj_cooja/mtype249.a(leds-arch.o)
                0x0000000000011af2                leds_arch_init
                0x0000000000011afe                leds_arch_get
                0x0000000000011b0a                leds_arch_set
 .text          0x0000000000011b37       0x2f obj_cooja/mtype249.a(moteid.o)
 .text          0x0000000000011b66       0xb1 obj_cooja/mtype249.a(pir-sensor.o)
 .text          0x0000000000011c17      0x131 obj_cooja/mtype249.a(rs232.o)
                0x0000000000011c17                rs232_init
                0x0000000000011c1c                rs232_set_speed
                0x0000000000011c2a                rs232_set_input
                0x0000000000011c37                rs232_send
                0x0000000000011c59                rs232_print
                0x0000000000011c74                slip_arch_writeb
 .text          0x0000000000011d48       0xb1 obj_cooja/mtype249.a(vib-sensor.o)
 .text          0x0000000000011df9       0x34 obj_cooja/mtype249.a(clock.o)
                0x0000000000011df9                clock_init
                0x0000000000011dfe                clock_time
                0x0000000000011e08                clock_seconds
                0x0000000000011e1e                clock_delay
 .text          0x0000000000011e2d      0x1ed obj_cooja/mtype249.a(log.o)
                0x0000000000011e2d                simlog_char
                0x0000000000011e6f                simlog
                0x0000000000011edc                log_message
                0x0000000000011f04                log_set_putchar_with_slip
                0x0000000000011f11                log_putchar
                0x0000000000011f95                log_puts
                0x0000000000011fb9                log_printf
 .text          0x000000000001201a      0x2c4 obj_cooja/mtype249.a(cfs-cooja.o)
                0x000000000001201a                cfs_open
                0x0000000000012083                cfs_close
                0x000000000001208f                cfs_read
                0x000000000001212d                cfs_write
                0x000000000001220a                cfs_seek
                0x0000000000012292                cfs_remove
                0x00000000000122bb                cfs_opendir
                0x00000000000122c5                cfs_readdir
                0x00000000000122cf                cfs_closedir
 .text          0x00000000000122de      0x6b7 obj_cooja/mtype249.a(cooja-radio.o)
                0x0000000000012308                radio_set_channel
                0x000000000001231d                radio_set_txpower
                0x000000000001233d                radio_signal_strength_last
                0x0000000000012347                radio_signal_strength_current
                0x0000000000012351                radio_LQI
 .text          0x0000000000012995       0xef obj_cooja/mtype249.a(eeprom.o)
                0x0000000000012995                eeprom_init
                0x000000000001299a                eeprom_read
                0x0000000000012a0a                eeprom_write
 .text          0x0000000000012a84       0x28 obj_cooja/mtype249.a(random.o)
                0x0000000000012a84                random_init
                0x0000000000012a9f                random_rand
 .text          0x0000000000012aac      0x2a1 obj_cooja/mtype249.a(sensors.o)
                0x0000000000012ae7                sensors_first
                0x0000000000012af1                sensors_next
                0x0000000000012b0e                sensors_changed
                0x0000000000012b3d                sensors_find
 .text          0x0000000000012d4d      0x134 obj_cooja/mtype249.a(leds.o)
                0x0000000000012d9e                leds_init
                0x0000000000012db2                leds_blink
                0x0000000000012dea                leds_get
                0x0000000000012df7                leds_set
                0x0000000000012e11                leds_on
                0x0000000000012e34                leds_off
                0x0000000000012e5e                leds_toggle
 .text          0x0000000000012e81      0x471 obj_cooja/mtype249.a(dual_conf.o)
                0x0000000000012e81                dual_radio_switch
                0x0000000000012ec1                dual_radio_change
                0x0000000000012efb                sending_in_LR
                0x0000000000012f26                dual_radio_received
                0x0000000000012f79                radio_received_is_longrange
                0x0000000000012f94                dual_radio_turn_on
                0x0000000000012fb7                dual_radio_turn_off
                0x0000000000013278                dio_broadcast
                0x00000000000132a1                dis_broadcast
                0x00000000000132c2                LSA_converge_broadcast
 .text          0x00000000000132f2       0x8e obj_cooja/mtype249.a(autostart.o)
                0x00000000000132f2                autostart_start
                0x000000000001333d                autostart_exit
 .text          0x0000000000013380      0x334 obj_cooja/mtype249.a(ctimer.o)
                0x0000000000013497                ctimer_init
                0x00000000000134c7                ctimer_set
                0x00000000000134f8                ctimer_set_with_process
                0x0000000000013574                ctimer_reset
                0x00000000000135c3                ctimer_restart
                0x0000000000013612                ctimer_stop
                0x000000000001365d                ctimer_expired
 .text          0x00000000000136b4      0x40b obj_cooja/mtype249.a(etimer.o)
                0x00000000000138c7                etimer_request_poll
                0x000000000001394b                etimer_set
                0x0000000000013970                etimer_reset_with_new_interval
                0x0000000000013997                etimer_reset
                0x00000000000139b5                etimer_restart
                0x00000000000139d3                etimer_adjust
                0x00000000000139ef                etimer_expired
                0x0000000000013a02                etimer_expiration_time
                0x0000000000013a14                etimer_start_time
                0x0000000000013a1e                etimer_pending
                0x0000000000013a30                etimer_next_expiration_time
                0x0000000000013a4a                etimer_stop
 .text          0x0000000000013abf      0x12d obj_cooja/mtype249.a(log_message.o)
                0x0000000000013abf                log_initialization
                0x0000000000013bcb                log_finisher
 .text          0x0000000000013bec      0x560 obj_cooja/mtype249.a(process.o)
                0x0000000000013bec                process_alloc_event
                0x0000000000013c01                process_start
                0x0000000000013dea                process_exit
                0x0000000000013e06                process_init
                0x0000000000013fd7                process_run
                0x000000000001400a                process_nevents
                0x0000000000014025                process_post
                0x00000000000140d1                process_post_synch
                0x0000000000014109                process_poll
                0x0000000000014138                process_is_running
 .text          0x000000000001414c       0xd3 obj_cooja/mtype249.a(residual.o)
                0x000000000001414c                get_residual_energy
 .text          0x000000000001421f       0xba obj_cooja/mtype249.a(rtimer.o)
                0x000000000001421f                rtimer_init
                0x000000000001422c                rtimer_set
                0x0000000000014283                rtimer_run_next
 .text          0x00000000000142d9       0x91 obj_cooja/mtype249.a(timer.o)
                0x00000000000142d9                timer_set
                0x00000000000142f4                timer_reset
                0x000000000001430b                timer_restart
                0x000000000001431d                timer_expired
                0x0000000000014346                timer_remaining
 .text          0x000000000001436a      0x1fb obj_cooja/mtype249.a(serial-line.o)
                0x000000000001436a                serial_line_input_byte
                0x000000000001452d                serial_line_init
 .text          0x0000000000014565      0x244 obj_cooja/mtype249.a(list.o)
                0x0000000000014565                list_init
                0x0000000000014573                list_head
                0x000000000001457d                list_copy
                0x000000000001458c                list_tail
                0x00000000000145c2                list_add
                0x000000000001460b                list_push
                0x0000000000014637                list_chop
                0x00000000000146a1                list_pop
                0x00000000000146c9                list_remove
                0x0000000000014730                list_length
                0x000000000001475e                list_insert
                0x0000000000014792                list_item_next
 .text          0x00000000000147a9      0x155 obj_cooja/mtype249.a(ringbuf.o)
                0x00000000000147a9                ringbuf_init
                0x00000000000147da                ringbuf_put
                0x0000000000014858                ringbuf_get
                0x00000000000148c5                ringbuf_size
                0x00000000000148d7                ringbuf_elements
 .text          0x00000000000148fe     0x2e2c obj_cooja/mtype249.a(sicslowpan.o)
                0x0000000000014efe                rime_sniffer_add
                0x0000000000014f0b                rime_sniffer_remove
                0x00000000000176c9                sicslowpan_init
                0x0000000000017720                sicslowpan_get_last_rssi
 .text          0x000000000001772a      0x2dc obj_cooja/mtype249.a(uip-ds6-nbr.o)
                0x0000000000017747                uip_ds6_neighbors_init
                0x0000000000017764                uip_ds6_nbr_add
                0x0000000000017815                uip_ds6_nbr_rm
                0x0000000000017872                uip_ds6_nbr_get_ipaddr
                0x0000000000017887                uip_ds6_nbr_get_ll
                0x00000000000178a3                uip_ds6_nbr_num
                0x00000000000178e8                uip_ds6_nbr_lookup
                0x000000000001794d                uip_ds6_nbr_ll_lookup
                0x0000000000017969                uip_ds6_nbr_ipaddr_from_lladdr
                0x000000000001798f                uip_ds6_nbr_lladdr_from_ipaddr
                0x00000000000179bd                uip_ds6_link_neighbor_callback
 .text          0x0000000000017a06     0x12ad obj_cooja/mtype249.a(uip-ds6.o)
                0x0000000000017a06                uip_ds6_init
                0x0000000000017d5b                uip_ds6_periodic
                0x0000000000017e33                uip_ds6_list_loop
                0x0000000000017eda                uip_ds6_prefix_add
                0x0000000000017f98                uip_ds6_prefix_rm
                0x0000000000017faa                uip_ds6_prefix_lookup
                0x0000000000017ffb                uip_ds6_is_addr_onlink
                0x000000000001806f                uip_ds6_addr_add
                0x000000000001819d                uip_ds6_long_addr_add
                0x00000000000182cb                uip_ds6_addr_rm
                0x000000000001836b                uip_ds6_addr_lookup
                0x00000000000183b6                uip_ds6_long_addr_lookup
                0x0000000000018401                uip_ds6_get_link_local
                0x0000000000018480                uip_ds6_long_get_link_local
                0x00000000000184ff                uip_ds6_get_global
                0x000000000001857e                uip_ds6_long_get_global
                0x00000000000185fd                uip_ds6_maddr_add
                0x000000000001866f                uip_ds6_long_maddr_add
                0x00000000000186e1                uip_ds6_maddr_rm
                0x00000000000186f3                uip_ds6_maddr_lookup
                0x000000000001873e                uip_ds6_long_maddr_lookup
                0x0000000000018789                uip_ds6_aaddr_add
                0x00000000000187fb                uip_ds6_long_aaddr_add
                0x000000000001886d                uip_ds6_aaddr_rm
                0x000000000001887f                uip_ds6_aaddr_lookup
                0x00000000000188ca                uip_ds6_long_aaddr_lookup
                0x0000000000018915                uip_ds6_select_src
                0x0000000000018b9e                uip_ds6_set_addr_iid
                0x0000000000018bd5                get_match_length
                0x0000000000018c67                uip_ds6_compute_reachable_time
 .text          0x0000000000018cb3     0x2a00 obj_cooja/mtype249.a(uip6.o)
                0x0000000000018cb3                uip_add32
                0x0000000000018e4c                uip_chksum
                0x0000000000018f3a                uip_icmp6chksum
                0x0000000000018f4e                uip_tcpchksum
                0x0000000000018f62                uip_udpchksum
                0x0000000000018f76                uip_init
                0x0000000000019046                uip_connect
                0x00000000000191f5                remove_ext_hdr
                0x00000000000192ca                uip_udp_new
                0x0000000000019426                uip_unlisten
                0x0000000000019486                uip_listen
                0x0000000000019748                uip_process
                0x000000000001b5a7                uip_htons
                0x000000000001b5c9                uip_htonl
                0x000000000001b609                uip_send
 .text          0x000000000001b6b3      0xb50 obj_cooja/mtype249.a(tcpip.o)
                0x000000000001b6b3                tcpip_output
                0x000000000001b6ee                tcpip_set_outputfunc
                0x000000000001b782                tcp_connect
                0x000000000001b7d7                tcp_unlisten
                0x000000000001b832                tcp_listen
                0x000000000001b88b                tcp_attach
                0x000000000001b8b0                udp_attach
                0x000000000001b8d5                udp_new
                0x000000000001b927                udp_broadcast_new
                0x000000000001bb9b                tcpip_input
                0x000000000001bbcf                tcpip_ipv6_output
                0x000000000001c049                tcpip_poll_udp
                0x000000000001c06c                tcpip_poll_tcp
                0x000000000001c08f                tcpip_uipcall
 .text          0x000000000001c203      0x1c1 obj_cooja/mtype249.a(uip-debug.o)
                0x000000000001c203                uip_debug_ipaddr_print
                0x000000000001c365                uip_debug_lladdr_print
 .text          0x000000000001c3c4      0x141 obj_cooja/mtype249.a(uip-packetqueue)
                0x000000000001c3f0                uip_packetqueue_new
                0x000000000001c3fe                uip_packetqueue_alloc
                0x000000000001c45e                uip_packetqueue_free
                0x000000000001c49f                uip_packetqueue_buf
                0x000000000001c4bc                uip_packetqueue_buflen
                0x000000000001c4dd                uip_packetqueue_set_buflen
 .text          0x000000000001c505     0x26ab obj_cooja/mtype249.a(rpl-dag.o)
                0x000000000001c505                rpl_lr_in_child
                0x000000000001c5bd                rpl_print_neighbor_list
                0x000000000001c666                rpl_print_child_neighbor_list
                0x000000000001c6db                rpl_get_nbr
                0x000000000001c735                rpl_get_nbr_child
                0x000000000001c78f                rpl_dag_init
                0x000000000001c7c1                rpl_get_parent
                0x000000000001c7e3                rpl_get_parent_rank
                0x000000000001c816                rpl_get_parent_link_metric
                0x000000000001c849                rpl_get_parent_ipaddr
                0x000000000001c873                rpl_get_child_ipaddr
                0x000000000001cb8e                rpl_set_root
                0x000000000001cdbc                rpl_repair_root
                0x000000000001cff8                rpl_set_prefix
                0x000000000001d0f7                rpl_set_default_route
                0x000000000001d183                rpl_alloc_instance
                0x000000000001d20b                rpl_alloc_dag
                0x000000000001d2be                rpl_set_default_instance
                0x000000000001d2cb                rpl_get_default_instance
                0x000000000001d2d5                rpl_free_instance
                0x000000000001d376                rpl_free_dag
                0x000000000001d3dc                rpl_add_parent
                0x000000000001d4c5                rpl_find_parent
                0x000000000001d4f5                rpl_add_child
                0x000000000001d599                rpl_find_child
                0x000000000001d5e7                rpl_find_parent_any_dag
                0x000000000001d623                rpl_select_dag
                0x000000000001da59                rpl_select_parent
                0x000000000001dabb                rpl_remove_parent
                0x000000000001daf1                rpl_remove_child
                0x000000000001db0d                rpl_nullify_parent
                0x000000000001dbab                rpl_move_parent
                0x000000000001dc48                rpl_has_downward_route
                0x000000000001dc9b                rpl_get_any_dag
                0x000000000001dcfd                rpl_get_instance
                0x000000000001dd60                rpl_find_of
                0x000000000001dd9d                rpl_join_instance
                0x000000000001e039                rpl_add_dag
                0x000000000001e428                rpl_local_repair
                0x000000000001e501                rpl_recalculate_ranks
                0x000000000001e587                rpl_process_parent_event
                0x000000000001e639                rpl_process_dio
 .text          0x000000000001ebb0      0xbf3 obj_cooja/mtype249.a(rpl-ext-header.)
                0x000000000001ebcd                rpl_verify_header
                0x000000000001f047                rpl_update_header_empty
                0x000000000001f35e                rpl_update_header_final
                0x000000000001f4ed                rpl_remove_header
                0x000000000001f5f7                rpl_invert_header
                0x000000000001f781                rpl_insert_header
 .text          0x000000000001f7a3     0x24ea obj_cooja/mtype249.a(rpl-icmp6.o)
                0x000000000001fa6c                rpl_icmp6_update_nbr_table
                0x000000000001fb5c                dis_output
                0x0000000000020494                dio_output
                0x0000000000020cff                LSA_converge_output
                0x00000000000217ec                dao_output
                0x00000000000218b4                dao_output_target
                0x0000000000021c35                dao_ack_output
                0x0000000000021c49                rpl_icmp6_register_handlers
 .text          0x0000000000021c8d      0x3dc obj_cooja/mtype249.a(rpl-ltmax.o)
 .text          0x0000000000022069      0x745 obj_cooja/mtype249.a(rpl-timers.o)
                0x0000000000022069                rpl_LSA_convergence_timer
                0x000000000002215f                rpl_reset_LSA_convergence_timer
                0x0000000000022457                rpl_reset_periodic_timer
                0x00000000000224ac                rpl_reset_dio_timer
                0x00000000000226e6                rpl_schedule_dao
                0x0000000000022701                rpl_schedule_dao_immediately
                0x000000000002271c                rpl_cancel_dao
                0x000000000002277e                rpl_schedule_unicast_dio_immediately
 .text          0x00000000000227ae      0x5dc obj_cooja/mtype249.a(rpl.o)
                0x00000000000227ae                rpl_get_mode
                0x00000000000227b8                rpl_set_mode
                0x0000000000022846                rpl_purge_routes
                0x0000000000022940                rpl_remove_routes
                0x0000000000022986                rpl_remove_routes_by_nexthop
                0x00000000000229f2                rpl_add_route
                0x0000000000022a6d                rpl_link_neighbor_callback
                0x0000000000022b72                rpl_ipv6_neighbor_callback
                0x0000000000022be1                rpl_purge_dags
                0x0000000000022ced                rpl_init
 .text          0x0000000000022d8a      0x87b obj_cooja/mtype249.a(csma.o)
 .text          0x0000000000023605      0x3f5 obj_cooja/mtype249.a(framer-802154.o)
 .text          0x00000000000239fa       0x3c obj_cooja/mtype249.a(mac.o)
                0x00000000000239fa                mac_call_sent_callback
 .text          0x0000000000023a36     0x12ac obj_cooja/mtype249.a(cxmac.o)
                0x0000000000024c16                cxmac_set_announcement_radio_txpower
                0x0000000000024c1b                cxmac_init
 .text          0x0000000000024ce2       0x82 obj_cooja/mtype249.a(linkaddr.o)
                0x0000000000024ce2                linkaddr_copy
                0x0000000000024d04                linkaddr_cmp
                0x0000000000024d2e                linkaddr_set_node_addr
                0x0000000000024d49                linkaddr_set_node_long_addr
 .text          0x0000000000024d64      0x915 obj_cooja/mtype249.a(nbr-table.o)
                0x0000000000024d64                long_ip_from_lladdr_map
                0x0000000000024ded                lladdr_map_add_lr
                0x0000000000024eaa                lladdr_map_rm_lr
                0x000000000002536f                nbr_table_register
                0x00000000000253b7                nbr_table_head
                0x0000000000025413                nbr_table_next
                0x000000000002547a                nbr_table_add_lladdr
                0x0000000000025556                nbr_table_get_from_lladdr
                0x00000000000255a3                nbr_table_remove
                0x00000000000255f5                nbr_table_lock
                0x000000000002561f                nbr_table_unlock
                0x0000000000025649                nbr_table_get_lladdr
 .text          0x0000000000025679       0x2b obj_cooja/mtype249.a(netstack.o)
                0x0000000000025679                netstack_init
 .text          0x00000000000256a4      0x3cd obj_cooja/mtype249.a(packetbuf.o)
                0x00000000000256a4                packetbuf_clear
                0x00000000000256ce                packetbuf_copyfrom
                0x0000000000025720                packetbuf_compact
                0x000000000002579d                packetbuf_copyto
                0x0000000000025834                packetbuf_hdralloc
                0x00000000000258b1                packetbuf_hdrreduce
                0x00000000000258f9                packetbuf_set_datalen
                0x0000000000025912                packetbuf_dataptr
                0x000000000002592f                packetbuf_hdrptr
                0x0000000000025939                packetbuf_datalen
                0x0000000000025945                packetbuf_hdrlen
                0x000000000002595c                packetbuf_totlen
                0x0000000000025972                packetbuf_attr_clear
                0x00000000000259c4                packetbuf_attr_copyto
                0x0000000000025a0d                packetbuf_attr_copyfrom
                0x0000000000025a55                packetbuf_holds_broadcast
 .text          0x0000000000025a71      0x2b4 obj_cooja/mtype249.a(queuebuf.o)
                0x0000000000025a7b                queuebuf_init
                0x0000000000025a9b                queuebuf_numfree
                0x0000000000025aaf                queuebuf_new_from_packetbuf
                0x0000000000025b3f                queuebuf_update_attr_from_packetbuf
                0x0000000000025b72                queuebuf_update_from_packetbuf
                0x0000000000025bbc                queuebuf_free
                0x0000000000025c03                queuebuf_to_packetbuf
                0x0000000000025c69                queuebuf_dataptr
                0x0000000000025ca0                queuebuf_datalen
                0x0000000000025cc3                queuebuf_addr
                0x0000000000025cf5                queuebuf_attr
                0x0000000000025d20                queuebuf_debug_print
 .text          0x0000000000025d25       0x6e obj_cooja/mtype249.a(nullsec.o)
 .text          0x0000000000025d93       0x19 obj_cooja/mtype249.a(watchdog.o)
                0x0000000000025d93                watchdog_init
                0x0000000000025d98                watchdog_start
                0x0000000000025d9d                watchdog_periodic
                0x0000000000025da2                watchdog_stop
                0x0000000000025da7                watchdog_reboot
 .text          0x0000000000025dac        0x0 obj_cooja/mtype249.a(rimestats.o)
 .text          0x0000000000025dac       0xa3 obj_cooja/mtype249.a(stimer.o)
                0x0000000000025dac                stimer_set
                0x0000000000025dc7                stimer_reset
                0x0000000000025dde                stimer_restart
                0x0000000000025df0                stimer_expired
                0x0000000000025e17                stimer_remaining
                0x0000000000025e3b                stimer_elapsed
 .text          0x0000000000025e4f      0x1c1 obj_cooja/mtype249.a(memb.o)
                0x0000000000025e4f                memb_init
                0x0000000000025ead                memb_alloc
                0x0000000000025f12                memb_free
                0x0000000000025f8d                memb_inmemb
                0x0000000000025fcc                memb_numfree
 .text          0x0000000000026010      0x916 obj_cooja/mtype249.a(uip-ds6-route.o)
                0x0000000000026087                uip_ds6_notification_add
                0x00000000000260b8                uip_ds6_notification_rm
                0x00000000000260d4                uip_ds6_route_init
                0x000000000002615c                uip_ds6_route_nexthop
                0x0000000000026184                uip_ds6_route_head
                0x0000000000026199                uip_ds6_route_next
                0x00000000000261bf                uip_ds6_route_is_nexthop
                0x00000000000261fe                uip_ds6_route_num_routes
                0x0000000000026208                uip_ds6_route_lookup
                0x00000000000262ca                uip_ds6_route_add
                0x00000000000264fe                uip_ds6_route_rm
                0x0000000000026692                uip_ds6_route_rm_by_nexthop
                0x00000000000266ca                uip_ds6_defrt_add
                0x000000000002677b                uip_ds6_defrt_rm
                0x00000000000267fa                uip_ds6_defrt_lookup
                0x0000000000026853                uip_ds6_defrt_choose
                0x00000000000268be                uip_ds6_defrt_periodic
 .text          0x0000000000026926      0xabf obj_cooja/mtype249.a(uip-icmp6.o)
                0x0000000000026994                uip_icmp6_input
                0x00000000000269ea                uip_icmp6_register_input_handler
                0x0000000000026cb2                uip_icmp6_error_output
                0x0000000000026ff7                uip_icmp6_send
                0x0000000000027378                uip_icmp6_echo_reply_callback_add
                0x00000000000273a9                uip_icmp6_echo_reply_callback_rm
                0x00000000000273c5                uip_icmp6_init
 .text          0x00000000000273e5      0x358 obj_cooja/mtype249.a(uip-nd6.o)
                0x0000000000027439                uip_nd6_ns_output
                0x0000000000027738                uip_nd6_init
 .text          0x000000000002773d      0x331 obj_cooja/mtype249.a(rpl-nbr-policy.)
                0x0000000000027915                find_removable_dis
                0x0000000000027938                find_removable_dio
                0x00000000000279c7                find_removable_dao
                0x0000000000027a17                rpl_nbr_policy_find_removable
 .text          0x0000000000027a6e      0x97c obj_cooja/mtype249.a(frame802154.o)
                0x0000000000027a9f                frame802154_get_pan_id
                0x0000000000027aab                frame802154_set_pan_id
                0x0000000000027ac4                frame802154_has_panid
                0x0000000000027bb0                frame802154_check_dest_panid
                0x0000000000027c18                frame802154_is_broadcast_addr
                0x0000000000027c65                frame802154_extract_linkaddr
                0x0000000000027ea5                frame802154_hdrlen
                0x0000000000027ef6                frame802154_create
                0x00000000000280e1                frame802154_parse
 .text          0x00000000000283ea        0x0 /usr/lib/gcc/i686-linux-gnu/4.8/crtendS.o
 .text          0x00000000000283ea        0x0 /usr/lib/gcc/i686-linux-gnu/4.8/../../../i386-linux-gnu/crtn.o
 *(.gnu.warning)

.fini           0x00000000000283ec       0x14
 *(SORT(.fini))
 .fini          0x00000000000283ec        0xf /usr/lib/gcc/i686-linux-gnu/4.8/../../../i386-linux-gnu/crti.o
                0x00000000000283ec                _fini
 .fini          0x00000000000283fb        0x5 /usr/lib/gcc/i686-linux-gnu/4.8/../../../i386-linux-gnu/crtn.o
                0x0000000000028400                PROVIDE (__etext, .)
                0x0000000000028400                PROVIDE (_etext, .)
                0x0000000000028400                PROVIDE (etext, .)

.rodata         0x0000000000028400     0x16a0
 *(.rodata .rodata.* .gnu.linkonce.r.*)
 .rodata        0x0000000000028400      0x148 udp-server.co
                0x0000000000028414                autostart_processes
 .rodata        0x0000000000028548      0x1e6 obj_cooja/mtype249.o
 *fill*         0x000000000002872e        0x2 
 .rodata        0x0000000000028730        0x8 obj_cooja/mtype249.a(beep.o)
                0x0000000000028730                beep_interface
 .rodata        0x0000000000028738       0x20 obj_cooja/mtype249.a(button-sensor.o)
                0x0000000000028738                button_interface
                0x0000000000028748                button_sensor
 .rodata        0x0000000000028758        0x8 obj_cooja/mtype249.a(leds-arch.o)
                0x0000000000028758                leds_interface
 .rodata        0x0000000000028760        0x8 obj_cooja/mtype249.a(moteid.o)
                0x0000000000028760                moteid_interface
 .rodata        0x0000000000028768       0x1c obj_cooja/mtype249.a(pir-sensor.o)
                0x0000000000028768                pir_interface
                0x0000000000028774                pir_sensor
 .rodata        0x0000000000028784        0xe obj_cooja/mtype249.a(rs232.o)
                0x0000000000028784                rs232_interface
 *fill*         0x0000000000028792        0x2 
 .rodata        0x0000000000028794       0x24 obj_cooja/mtype249.a(vib-sensor.o)
                0x0000000000028794                vib_interface
                0x00000000000287a8                vib_sensor
 .rodata        0x00000000000287b8        0x8 obj_cooja/mtype249.a(clock.o)
                0x00000000000287b8                clock_interface
 .rodata        0x00000000000287c0        0x8 obj_cooja/mtype249.a(log.o)
                0x00000000000287c0                simlog_interface
 .rodata        0x00000000000287c8       0x2f obj_cooja/mtype249.a(cfs-cooja.o)
                0x00000000000287c8                cfs_interface
 *fill*         0x00000000000287f7        0x9 
 .rodata        0x0000000000028800       0xc0 obj_cooja/mtype249.a(cooja-radio.o)
                0x0000000000028880                cooja_radio_driver
                0x00000000000288b8                radio_interface
 .rodata        0x00000000000288c0        0x8 obj_cooja/mtype249.a(eeprom.o)
                0x00000000000288c0                eeprom_interface
 .rodata        0x00000000000288c8        0x8 obj_cooja/mtype249.a(sensors.o)
 .rodata        0x00000000000288d0      0x1fe obj_cooja/mtype249.a(dual_conf.o)
 .rodata        0x0000000000028ace        0xf obj_cooja/mtype249.a(ctimer.o)
 .rodata        0x0000000000028add        0xc obj_cooja/mtype249.a(etimer.o)
 *fill*         0x0000000000028ae9        0x3 
 .rodata        0x0000000000028aec       0x73 obj_cooja/mtype249.a(log_message.o)
 *fill*         0x0000000000028b5f        0x1 
 .rodata        0x0000000000028b60       0x20 obj_cooja/mtype249.a(residual.o)
 .rodata        0x0000000000028b80        0xe obj_cooja/mtype249.a(serial-line.o)
 *fill*         0x0000000000028b8e        0x2 
 .rodata        0x0000000000028b90      0x98c obj_cooja/mtype249.a(sicslowpan.o)
                0x0000000000028c69                unc_llconf
                0x0000000000028c6d                unc_ctxconf
                0x0000000000028c71                unc_mxconf
                0x0000000000028c75                llprefix
                0x0000000000029510                sicslowpan_driver
 .rodata        0x000000000002951c      0x13c obj_cooja/mtype249.a(uip6.o)
 .rodata        0x0000000000029658       0x49 obj_cooja/mtype249.a(tcpip.o)
 .rodata        0x00000000000296a1       0x3e obj_cooja/mtype249.a(uip-debug.o)
 *fill*         0x00000000000296df        0x1 
 .rodata        0x00000000000296e0        0x4 obj_cooja/mtype249.a(rpl-dag.o)
 .rodata        0x00000000000296e4       0x1c obj_cooja/mtype249.a(rpl-icmp6.o)
 .rodata        0x0000000000029700       0x8a obj_cooja/mtype249.a(rpl-timers.o)
 *fill*         0x000000000002978a        0x2 
 .rodata        0x000000000002978c       0x24 obj_cooja/mtype249.a(csma.o)
                0x0000000000029794                csma_driver
 .rodata        0x00000000000297b0        0xc obj_cooja/mtype249.a(framer-802154.o)
                0x00000000000297b0                framer_802154
 *fill*         0x00000000000297bc        0x4 
 .rodata        0x00000000000297c0      0x2c0 obj_cooja/mtype249.a(cxmac.o)
                0x0000000000029a60                cxmac_driver
 .rodata        0x0000000000029a80        0x8 obj_cooja/mtype249.a(linkaddr.o)
                0x0000000000029a80                linkaddr_null
 .rodata        0x0000000000029a88       0x18 obj_cooja/mtype249.a(nullsec.o)
                0x0000000000029a90                nullsec_driver

.rodata1
 *(.rodata1)

.eh_frame_hdr   0x0000000000029aa0     0x1434
 *(.eh_frame_hdr)
 .eh_frame_hdr  0x0000000000029aa0     0x1434 udp-server.co

.eh_frame       0x000000000002aed4     0x5224
 *(.eh_frame)
 .eh_frame      0x000000000002aed4       0x3c /usr/lib/gcc/i686-linux-gnu/4.8/../../../i386-linux-gnu/crti.o
                                         0x40 (size before relaxing)
 .eh_frame      0x000000000002af10       0x68 udp-server.co
                                         0x80 (size before relaxing)
 .eh_frame      0x000000000002af78      0x148 obj_cooja/mtype249.o
                                        0x160 (size before relaxing)
 .eh_frame      0x000000000002b0c0       0x40 obj_cooja/mtype249.a(simEnvChange.o)
                                         0x58 (size before relaxing)
 .eh_frame      0x000000000002b100       0xc0 obj_cooja/mtype249.a(cooja_mt.o)
                                         0xd8 (size before relaxing)
 .eh_frame      0x000000000002b1c0      0x120 obj_cooja/mtype249.a(cooja_mtarch.o)
                                        0x138 (size before relaxing)
 .eh_frame      0x000000000002b2e0       0xc0 obj_cooja/mtype249.a(rtimer-arch.o)
                                         0xd8 (size before relaxing)
 .eh_frame      0x000000000002b3a0      0x160 obj_cooja/mtype249.a(beep.o)
                                        0x178 (size before relaxing)
 .eh_frame      0x000000000002b500       0xa0 obj_cooja/mtype249.a(button-sensor.o)
                                         0xb8 (size before relaxing)
 .eh_frame      0x000000000002b5a0       0xa0 obj_cooja/mtype249.a(leds-arch.o)
                                         0xb8 (size before relaxing)
 .eh_frame      0x000000000002b640       0x40 obj_cooja/mtype249.a(moteid.o)
                                         0x58 (size before relaxing)
 .eh_frame      0x000000000002b680       0xa0 obj_cooja/mtype249.a(pir-sensor.o)
                                         0xb8 (size before relaxing)
 .eh_frame      0x000000000002b720      0x100 obj_cooja/mtype249.a(rs232.o)
                                        0x118 (size before relaxing)
 .eh_frame      0x000000000002b820       0xa0 obj_cooja/mtype249.a(vib-sensor.o)
                                         0xb8 (size before relaxing)
 .eh_frame      0x000000000002b8c0       0xc0 obj_cooja/mtype249.a(clock.o)
                                         0xd8 (size before relaxing)
 .eh_frame      0x000000000002b980      0x120 obj_cooja/mtype249.a(log.o)
                                        0x138 (size before relaxing)
 .eh_frame      0x000000000002baa0      0x160 obj_cooja/mtype249.a(cfs-cooja.o)
                                        0x178 (size before relaxing)
 .eh_frame      0x000000000002bc00      0x2e0 obj_cooja/mtype249.a(cooja-radio.o)
                                        0x2f8 (size before relaxing)
 .eh_frame      0x000000000002bee0       0xa0 obj_cooja/mtype249.a(eeprom.o)
                                         0xb8 (size before relaxing)
 .eh_frame      0x000000000002bf80       0x40 obj_cooja/mtype249.a(random.o)
                                         0x58 (size before relaxing)
 .eh_frame      0x000000000002bfc0       0xc0 obj_cooja/mtype249.a(sensors.o)
                                         0xd8 (size before relaxing)
 .eh_frame      0x000000000002c080      0x100 obj_cooja/mtype249.a(leds.o)
                                        0x118 (size before relaxing)
 .eh_frame      0x000000000002c180      0x1a0 obj_cooja/mtype249.a(dual_conf.o)
                                        0x1b8 (size before relaxing)
 .eh_frame      0x000000000002c320       0x40 obj_cooja/mtype249.a(autostart.o)
                                         0x58 (size before relaxing)
 .eh_frame      0x000000000002c360      0x100 obj_cooja/mtype249.a(ctimer.o)
                                        0x118 (size before relaxing)
 .eh_frame      0x000000000002c460      0x1e0 obj_cooja/mtype249.a(etimer.o)
                                        0x1f8 (size before relaxing)
 .eh_frame      0x000000000002c640       0x40 obj_cooja/mtype249.a(log_message.o)
                                         0x58 (size before relaxing)
 .eh_frame      0x000000000002c680      0x1c8 obj_cooja/mtype249.a(process.o)
                                        0x1e0 (size before relaxing)
 .eh_frame      0x000000000002c848       0x2c obj_cooja/mtype249.a(residual.o)
                                         0x44 (size before relaxing)
 .eh_frame      0x000000000002c874       0x60 obj_cooja/mtype249.a(rtimer.o)
                                         0x78 (size before relaxing)
 .eh_frame      0x000000000002c8d4       0xa4 obj_cooja/mtype249.a(timer.o)
                                         0xbc (size before relaxing)
 .eh_frame      0x000000000002c978       0x60 obj_cooja/mtype249.a(serial-line.o)
                                         0x78 (size before relaxing)
 .eh_frame      0x000000000002c9d8      0x180 obj_cooja/mtype249.a(list.o)
                                        0x198 (size before relaxing)
 .eh_frame      0x000000000002cb58       0xa0 obj_cooja/mtype249.a(ringbuf.o)
                                         0xb8 (size before relaxing)
 .eh_frame      0x000000000002cbf8      0x350 obj_cooja/mtype249.a(sicslowpan.o)
                                        0x368 (size before relaxing)
 .eh_frame      0x000000000002cf48      0x180 obj_cooja/mtype249.a(uip-ds6-nbr.o)
                                        0x198 (size before relaxing)
 .eh_frame      0x000000000002d0c8      0x3c8 obj_cooja/mtype249.a(uip-ds6.o)
                                        0x3e0 (size before relaxing)
 .eh_frame      0x000000000002d490      0x27c obj_cooja/mtype249.a(uip6.o)
                                        0x294 (size before relaxing)
 .eh_frame      0x000000000002d70c      0x270 obj_cooja/mtype249.a(tcpip.o)
                                        0x288 (size before relaxing)
 .eh_frame      0x000000000002d97c       0x48 obj_cooja/mtype249.a(uip-debug.o)
                                         0x60 (size before relaxing)
 .eh_frame      0x000000000002d9c4       0xe0 obj_cooja/mtype249.a(uip-packetqueue)
                                         0xf8 (size before relaxing)
 .eh_frame      0x000000000002daa4      0x76c obj_cooja/mtype249.a(rpl-dag.o)
                                        0x784 (size before relaxing)
 .eh_frame      0x000000000002e210      0x10c obj_cooja/mtype249.a(rpl-ext-header.)
                                        0x124 (size before relaxing)
 .eh_frame      0x000000000002e31c      0x2f8 obj_cooja/mtype249.a(rpl-icmp6.o)
                                        0x310 (size before relaxing)
 .eh_frame      0x000000000002e614       0xe0 obj_cooja/mtype249.a(rpl-ltmax.o)
                                         0xf8 (size before relaxing)
 .eh_frame      0x000000000002e6f4      0x20c obj_cooja/mtype249.a(rpl-timers.o)
                                        0x224 (size before relaxing)
 .eh_frame      0x000000000002e900      0x148 obj_cooja/mtype249.a(rpl.o)
                                        0x160 (size before relaxing)
 .eh_frame      0x000000000002ea48      0x28c obj_cooja/mtype249.a(csma.o)
                                        0x2a4 (size before relaxing)
 .eh_frame      0x000000000002ecd4      0x108 obj_cooja/mtype249.a(framer-802154.o)
                                        0x120 (size before relaxing)
 .eh_frame      0x000000000002eddc       0x20 obj_cooja/mtype249.a(mac.o)
                                         0x38 (size before relaxing)
 .eh_frame      0x000000000002edfc      0x2c0 obj_cooja/mtype249.a(cxmac.o)
                                        0x2d8 (size before relaxing)
 .eh_frame      0x000000000002f0bc       0x80 obj_cooja/mtype249.a(linkaddr.o)
                                         0x98 (size before relaxing)
 .eh_frame      0x000000000002f13c      0x2cc obj_cooja/mtype249.a(nbr-table.o)
                                        0x2e4 (size before relaxing)
 .eh_frame      0x000000000002f408       0x20 obj_cooja/mtype249.a(netstack.o)
                                         0x38 (size before relaxing)
 .eh_frame      0x000000000002f428      0x214 obj_cooja/mtype249.a(packetbuf.o)
                                        0x22c (size before relaxing)
 .eh_frame      0x000000000002f63c      0x1a0 obj_cooja/mtype249.a(queuebuf.o)
                                        0x1b8 (size before relaxing)
 .eh_frame      0x000000000002f7dc       0x80 obj_cooja/mtype249.a(nullsec.o)
                                         0x98 (size before relaxing)
 .eh_frame      0x000000000002f85c       0xa0 obj_cooja/mtype249.a(watchdog.o)
                                         0xb8 (size before relaxing)
 .eh_frame      0x000000000002f8fc       0xc4 obj_cooja/mtype249.a(stimer.o)
                                         0xdc (size before relaxing)
 .eh_frame      0x000000000002f9c0       0xa0 obj_cooja/mtype249.a(memb.o)
                                         0xb8 (size before relaxing)
 .eh_frame      0x000000000002fa60      0x2a0 obj_cooja/mtype249.a(uip-ds6-route.o)
                                        0x2b8 (size before relaxing)
 .eh_frame      0x000000000002fd00      0x168 obj_cooja/mtype249.a(uip-icmp6.o)
                                        0x180 (size before relaxing)
 .eh_frame      0x000000000002fe68       0x68 obj_cooja/mtype249.a(uip-nd6.o)
                                         0x80 (size before relaxing)
 .eh_frame      0x000000000002fed0       0xc0 obj_cooja/mtype249.a(rpl-nbr-policy.)
                                         0xd8 (size before relaxing)
 .eh_frame      0x000000000002ff90      0x164 obj_cooja/mtype249.a(frame802154.o)
                                        0x17c (size before relaxing)
 .eh_frame      0x00000000000300f4        0x4 /usr/lib/gcc/i686-linux-gnu/4.8/crtendS.o

.gcc_except_table
 *(.gcc_except_table .gcc_except_table.*)

.exception_ranges
 *(.exception_ranges .exception_ranges*)
                0x00000000000300f8                . = (ALIGN (0x1000) - ((0x1000 - .) & 0xfff))
                0x0000000000031ef8                . = DATA_SEGMENT_ALIGN (0x1000, 0x1000)

.eh_frame
 *(.eh_frame)

.gcc_except_table
 *(.gcc_except_table .gcc_except_table.*)

.exception_ranges
 *(.exception_ranges .exception_ranges*)

.tdata
 *(.tdata .tdata.* .gnu.linkonce.td.*)

.tbss
 *(.tbss .tbss.* .gnu.linkonce.tb.*)
 *(.tcommon)

.preinit_array
 *(.preinit_array)

.init_array     0x0000000000031ef8        0x4
 *(SORT(.init_array.*) SORT(.ctors.*))
 *(.init_array EXCLUDE_FILE(*crtend?.o *crtend.o *crtbegin?.o *crtbegin.o) .ctors)
 .init_array    0x0000000000031ef8        0x4 /usr/lib/gcc/i686-linux-gnu/4.8/crtbeginS.o

.fini_array     0x0000000000031efc        0x4
 *(SORT(.fini_array.*) SORT(.dtors.*))
 *(.fini_array EXCLUDE_FILE(*crtend?.o *crtend.o *crtbegin?.o *crtbegin.o) .dtors)
 .fini_array    0x0000000000031efc        0x4 /usr/lib/gcc/i686-linux-gnu/4.8/crtbeginS.o

.ctors
 *crtbegin.o(.ctors)
 *crtbegin?.o(.ctors)
 *(EXCLUDE_FILE(*crtend?.o *crtend.o) .ctors)
 *(SORT(.ctors.*))
 *(.ctors)

.dtors
 *crtbegin.o(.dtors)
 *crtbegin?.o(.dtors)
 *(EXCLUDE_FILE(*crtend?.o *crtend.o) .dtors)
 *(SORT(.dtors.*))
 *(.dtors)

.jcr            0x0000000000031f00        0x4
 *(.jcr)
 .jcr           0x0000000000031f00        0x0 /usr/lib/gcc/i686-linux-gnu/4.8/crtbeginS.o
 .jcr           0x0000000000031f00        0x4 /usr/lib/gcc/i686-linux-gnu/4.8/crtendS.o

.data.rel.ro
 *(.data.rel.ro.local* .gnu.linkonce.d.rel.ro.local.*)
 *(.data.rel.ro .data.rel.ro.* .gnu.linkonce.d.rel.ro.*)

.dynamic        0x0000000000031f04       0xe8
 *(.dynamic)
 .dynamic       0x0000000000031f04       0xe8 /usr/lib/gcc/i686-linux-gnu/4.8/../../../i386-linux-gnu/crti.o
                0x0000000000031f04                _DYNAMIC

.got            0x0000000000031fec       0x14
 *(.got)
 .got           0x0000000000031fec       0x14 /usr/lib/gcc/i686-linux-gnu/4.8/../../../i386-linux-gnu/crti.o
 *(.igot)
                0x0000000000032ff4                . = DATA_SEGMENT_RELRO_END (., (SIZEOF (.got.plt) >= 0xc)?0xc:0x0)

.got.plt        0x0000000000032000       0x14
 *(.got.plt)
 .got.plt       0x0000000000032000       0x14 /usr/lib/gcc/i686-linux-gnu/4.8/../../../i386-linux-gnu/crti.o
                0x0000000000032000                _GLOBAL_OFFSET_TABLE_
 *(.igot.plt)

.data           0x0000000000032020      0x2c2
 *(.data .data.* .gnu.linkonce.d.*)
 .data          0x0000000000032020        0x0 /usr/lib/gcc/i686-linux-gnu/4.8/../../../i386-linux-gnu/crti.o
 .data          0x0000000000032020        0x0 /usr/lib/gcc/i686-linux-gnu/4.8/crtbeginS.o
 .data.rel      0x0000000000032020        0x4 /usr/lib/gcc/i686-linux-gnu/4.8/crtbeginS.o
                0x0000000000032020                __dso_handle
 .data          0x0000000000032024       0x10 udp-server.co
                0x0000000000032024                udp_server_process
 *fill*         0x0000000000032034        0xc 
 .data          0x0000000000032040       0x44 obj_cooja/mtype249.o
                0x0000000000032040                simInterfaces
                0x0000000000032074                sensors
 .data          0x0000000000032084        0x0 obj_cooja/mtype249.a(simEnvChange.o)
 .data          0x0000000000032084        0x0 obj_cooja/mtype249.a(cooja_mt.o)
 .data          0x0000000000032084        0x0 obj_cooja/mtype249.a(cooja_mtarch.o)
 .data          0x0000000000032084        0x0 obj_cooja/mtype249.a(rtimer-arch.o)
 .data          0x0000000000032084        0x0 obj_cooja/mtype249.a(beep.o)
 .data          0x0000000000032084        0x0 obj_cooja/mtype249.a(button-sensor.o)
 .data          0x0000000000032084        0x0 obj_cooja/mtype249.a(leds-arch.o)
 .data          0x0000000000032084        0x0 obj_cooja/mtype249.a(moteid.o)
 .data          0x0000000000032084        0x0 obj_cooja/mtype249.a(pir-sensor.o)
 .data          0x0000000000032084        0x0 obj_cooja/mtype249.a(rs232.o)
 .data          0x0000000000032084        0x0 obj_cooja/mtype249.a(vib-sensor.o)
 .data          0x0000000000032084        0x0 obj_cooja/mtype249.a(clock.o)
 .data          0x0000000000032084        0x0 obj_cooja/mtype249.a(log.o)
 .data          0x0000000000032084        0x0 obj_cooja/mtype249.a(cfs-cooja.o)
 .data          0x0000000000032084       0x40 obj_cooja/mtype249.a(cooja-radio.o)
                0x0000000000032084                simRadioChannelLR
                0x0000000000032088                simRadioHWOnLR
                0x000000000003208c                simSignalStrengthLR
                0x0000000000032090                simLastSignalStrengthLR
                0x0000000000032094                simPowerLR
                0x0000000000032098                simLQILR
                0x000000000003209c                simRadioChannel
                0x00000000000320a0                simRadioHWOn
                0x00000000000320a4                simSignalStrength
                0x00000000000320a8                simLastSignalStrength
                0x00000000000320ac                simPower
                0x00000000000320b0                simLQI
                0x00000000000320b4                cooja_radio_process
 .data          0x00000000000320c4        0x0 obj_cooja/mtype249.a(eeprom.o)
 .data          0x00000000000320c4        0x0 obj_cooja/mtype249.a(random.o)
 .data          0x00000000000320c4       0x10 obj_cooja/mtype249.a(sensors.o)
                0x00000000000320c4                sensors_process
 .data          0x00000000000320d4        0x0 obj_cooja/mtype249.a(leds.o)
 .data          0x00000000000320d4       0x3a obj_cooja/mtype249.a(dual_conf.o)
                0x00000000000320d4                radio_received
                0x00000000000320d8                dual_dio_broadcast
                0x00000000000320e8                dual_dis_broadcast
                0x00000000000320f8                dual_LSA_converge_broadcast
 .data          0x000000000003210e        0x0 obj_cooja/mtype249.a(autostart.o)
 *fill*         0x000000000003210e        0x2 
 .data          0x0000000000032110       0x14 obj_cooja/mtype249.a(ctimer.o)
                0x0000000000032114                ctimer_process
 .data          0x0000000000032124       0x10 obj_cooja/mtype249.a(etimer.o)
                0x0000000000032124                etimer_process
 .data          0x0000000000032134        0x0 obj_cooja/mtype249.a(log_message.o)
 .data          0x0000000000032134        0x0 obj_cooja/mtype249.a(process.o)
 .data          0x0000000000032134        0x0 obj_cooja/mtype249.a(residual.o)
 .data          0x0000000000032134        0x0 obj_cooja/mtype249.a(rtimer.o)
 .data          0x0000000000032134        0x0 obj_cooja/mtype249.a(timer.o)
 .data          0x0000000000032134       0x10 obj_cooja/mtype249.a(serial-line.o)
                0x0000000000032134                serial_line_process
 .data          0x0000000000032144        0x0 obj_cooja/mtype249.a(list.o)
 .data          0x0000000000032144        0x0 obj_cooja/mtype249.a(ringbuf.o)
 .data          0x0000000000032144        0x0 obj_cooja/mtype249.a(sicslowpan.o)
 .data          0x0000000000032144       0x14 obj_cooja/mtype249.a(uip-ds6-nbr.o)
                0x0000000000032154                ds6_neighbors
 .data          0x0000000000032158        0x0 obj_cooja/mtype249.a(uip-ds6.o)
 .data          0x0000000000032158        0x0 obj_cooja/mtype249.a(uip6.o)
 .data          0x0000000000032158       0x10 obj_cooja/mtype249.a(tcpip.o)
                0x0000000000032158                tcpip_process
 .data          0x0000000000032168        0x0 obj_cooja/mtype249.a(uip-debug.o)
 .data          0x0000000000032168        0xc obj_cooja/mtype249.a(uip-packetqueue)
 .data          0x0000000000032174       0x28 obj_cooja/mtype249.a(rpl-dag.o)
                0x0000000000032184                rpl_parents
                0x0000000000032198                rpl_children
 .data          0x000000000003219c        0x0 obj_cooja/mtype249.a(rpl-ext-header.)
 .data          0x000000000003219c       0x40 obj_cooja/mtype249.a(rpl-icmp6.o)
 .data          0x00000000000321dc       0x1c obj_cooja/mtype249.a(rpl-ltmax.o)
                0x00000000000321dc                rpl_ltmax_of
 .data          0x00000000000321f8        0x0 obj_cooja/mtype249.a(rpl-timers.o)
 .data          0x00000000000321f8        0x0 obj_cooja/mtype249.a(rpl.o)
 .data          0x00000000000321f8       0x28 obj_cooja/mtype249.a(csma.o)
 .data          0x0000000000032220        0x0 obj_cooja/mtype249.a(framer-802154.o)
 .data          0x0000000000032220        0x0 obj_cooja/mtype249.a(mac.o)
 .data          0x0000000000032220       0x30 obj_cooja/mtype249.a(cxmac.o)
                0x0000000000032220                cxmac_config
                0x0000000000032230                strobe_wait
 .data          0x0000000000032250        0x0 obj_cooja/mtype249.a(linkaddr.o)
 .data          0x0000000000032250       0x10 obj_cooja/mtype249.a(nbr-table.o)
 .data          0x0000000000032260        0x0 obj_cooja/mtype249.a(netstack.o)
 .data          0x0000000000032260        0x4 obj_cooja/mtype249.a(packetbuf.o)
 .data          0x0000000000032264       0x18 obj_cooja/mtype249.a(queuebuf.o)
 .data          0x000000000003227c        0x0 obj_cooja/mtype249.a(nullsec.o)
 .data          0x000000000003227c        0x0 obj_cooja/mtype249.a(watchdog.o)
 .data          0x000000000003227c        0x0 obj_cooja/mtype249.a(rimestats.o)
 .data          0x000000000003227c        0x0 obj_cooja/mtype249.a(stimer.o)
 .data          0x000000000003227c        0x0 obj_cooja/mtype249.a(memb.o)
 .data          0x000000000003227c       0x44 obj_cooja/mtype249.a(uip-ds6-route.o)
                0x000000000003228c                nbr_routes
 .data          0x00000000000322c0       0x20 obj_cooja/mtype249.a(uip-icmp6.o)
 .data          0x00000000000322e0        0x0 obj_cooja/mtype249.a(uip-nd6.o)
 .data          0x00000000000322e0        0x0 obj_cooja/mtype249.a(rpl-nbr-policy.)
 .data          0x00000000000322e0        0x2 obj_cooja/mtype249.a(frame802154.o)
 .data          0x00000000000322e2        0x0 /usr/lib/gcc/i686-linux-gnu/4.8/crtendS.o
 .data          0x00000000000322e2        0x0 /usr/lib/gcc/i686-linux-gnu/4.8/../../../i386-linux-gnu/crtn.o

.tm_clone_table
                0x00000000000322e4        0x0
 .tm_clone_table
                0x00000000000322e4        0x0 /usr/lib/gcc/i686-linux-gnu/4.8/crtbeginS.o
 .tm_clone_table
                0x00000000000322e4        0x0 /usr/lib/gcc/i686-linux-gnu/4.8/crtendS.o

.data1
 *(.data1)
                0x00000000000322e4                _edata = .
                0x00000000000322e4                PROVIDE (edata, .)
                0x00000000000322e4                . = .
                0x00000000000322e4                __bss_start = .

.bss            0x0000000000032300     0x8588
 *(.dynbss)
 .dynbss        0x0000000000000000        0x0 /usr/lib/gcc/i686-linux-gnu/4.8/../../../i386-linux-gnu/crti.o
 *(.bss .bss.* .gnu.linkonce.b.*)
 .bss           0x0000000000032300        0x0 /usr/lib/gcc/i686-linux-gnu/4.8/../../../i386-linux-gnu/crti.o
 .bss           0x0000000000032300        0x1 /usr/lib/gcc/i686-linux-gnu/4.8/crtbeginS.o
 *fill*         0x0000000000032301        0x3 
 .bss           0x0000000000032304        0x8 udp-server.co
                0x0000000000032304                my_weight
 *fill*         0x000000000003230c       0x14 
 .bss           0x0000000000032320     0x2030 obj_cooja/mtype249.o
 .bss           0x0000000000034350        0x1 obj_cooja/mtype249.a(simEnvChange.o)
                0x0000000000034350                simDontFallAsleep
 *fill*         0x0000000000034351        0x3 
 .bss           0x0000000000034354        0x4 obj_cooja/mtype249.a(cooja_mt.o)
 .bss           0x0000000000034358        0x4 obj_cooja/mtype249.a(cooja_mtarch.o)
 .bss           0x000000000003435c        0xc obj_cooja/mtype249.a(rtimer-arch.o)
 .bss           0x0000000000034368        0x0 obj_cooja/mtype249.a(beep.o)
 .bss           0x0000000000034368        0x8 obj_cooja/mtype249.a(button-sensor.o)
 .bss           0x0000000000034370        0x0 obj_cooja/mtype249.a(leds-arch.o)
 .bss           0x0000000000034370        0x0 obj_cooja/mtype249.a(moteid.o)
 .bss           0x0000000000034370        0x1 obj_cooja/mtype249.a(pir-sensor.o)
                0x0000000000034370                simPirValue
 *fill*         0x0000000000034371        0x3 
 .bss           0x0000000000034374        0x4 obj_cooja/mtype249.a(rs232.o)
 .bss           0x0000000000034378        0x1 obj_cooja/mtype249.a(vib-sensor.o)
                0x0000000000034378                simVibValue
 .bss           0x0000000000034379        0x0 obj_cooja/mtype249.a(clock.o)
 *fill*         0x0000000000034379        0x7 
 .bss           0x0000000000034380      0x420 obj_cooja/mtype249.a(log.o)
 .bss           0x00000000000347a0      0xfc0 obj_cooja/mtype249.a(cfs-cooja.o)
                0x00000000000347a0                simCFSData
                0x0000000000035740                simCFSSize
                0x0000000000035744                simCFSChanged
                0x0000000000035748                simCFSRead
                0x000000000003574c                simCFSWritten
 .bss           0x0000000000035760       0x24 obj_cooja/mtype249.a(cooja-radio.o)
                0x0000000000035760                simReceivingLR
                0x0000000000035764                simInSizeLR
                0x0000000000035768                simOutSizeLR
                0x000000000003576c                simReceiving
                0x0000000000035770                simInSize
                0x0000000000035774                simOutSize
                0x0000000000035778                LongRangeTransmit
                0x000000000003577c                LongRangeReceiving
 .bss           0x0000000000035784        0xc obj_cooja/mtype249.a(eeprom.o)
                0x0000000000035784                simEEPROMChanged
                0x0000000000035788                simEEPROMRead
                0x000000000003578c                simEEPROMWritten
 .bss           0x0000000000035790        0x0 obj_cooja/mtype249.a(random.o)
 .bss           0x0000000000035790        0xc obj_cooja/mtype249.a(sensors.o)
 .bss           0x000000000003579c        0x1 obj_cooja/mtype249.a(leds.o)
 *fill*         0x000000000003579d        0x3 
 .bss           0x00000000000357a0       0x40 obj_cooja/mtype249.a(dual_conf.o)
                0x00000000000357a0                long_range_radio
 .bss           0x00000000000357e0        0x0 obj_cooja/mtype249.a(autostart.o)
 .bss           0x00000000000357e0        0x5 obj_cooja/mtype249.a(ctimer.o)
 *fill*         0x00000000000357e5        0x3 
 .bss           0x00000000000357e8        0x8 obj_cooja/mtype249.a(etimer.o)
 .bss           0x00000000000357f0        0x0 obj_cooja/mtype249.a(log_message.o)
 *fill*         0x00000000000357f0       0x10 
 .bss           0x0000000000035800      0x1b1 obj_cooja/mtype249.a(process.o)
                0x0000000000035800                process_list
                0x0000000000035804                process_current
 .bss           0x00000000000359b1        0x0 obj_cooja/mtype249.a(residual.o)
 *fill*         0x00000000000359b1        0x3 
 .bss           0x00000000000359b4        0x4 obj_cooja/mtype249.a(rtimer.o)
 .bss           0x00000000000359b8        0x0 obj_cooja/mtype249.a(timer.o)
 *fill*         0x00000000000359b8        0x8 
 .bss           0x00000000000359c0      0x140 obj_cooja/mtype249.a(serial-line.o)
 .bss           0x0000000000035b00        0x0 obj_cooja/mtype249.a(list.o)
 .bss           0x0000000000035b00        0x0 obj_cooja/mtype249.a(ringbuf.o)
 .bss           0x0000000000035b00      0x70c obj_cooja/mtype249.a(sicslowpan.o)
 *fill*         0x000000000003620c       0x14 
 .bss           0x0000000000036220       0xc0 obj_cooja/mtype249.a(uip-ds6-nbr.o)
 .bss           0x00000000000362e0       0x30 obj_cooja/mtype249.a(uip-ds6.o)
 .bss           0x0000000000036310        0xe obj_cooja/mtype249.a(uip6.o)
                0x0000000000036310                uip_ext_bitmap
                0x0000000000036311                uip_ext_len
                0x0000000000036312                uip_ext_opt_offset
 *fill*         0x000000000003631e        0x2 
 .bss           0x0000000000036320       0x6b obj_cooja/mtype249.a(tcpip.o)
 .bss           0x000000000003638b        0x0 obj_cooja/mtype249.a(uip-debug.o)
 *fill*         0x000000000003638b       0x15 
 .bss           0x00000000000363a0      0xcf8 obj_cooja/mtype249.a(uip-packetqueue)
 *fill*         0x0000000000037098        0x8 
 .bss           0x00000000000370a0       0x88 obj_cooja/mtype249.a(rpl-dag.o)
 .bss           0x0000000000037128        0x0 obj_cooja/mtype249.a(rpl-ext-header.)
 .bss           0x0000000000037128        0x0 obj_cooja/mtype249.a(rpl-icmp6.o)
 .bss           0x0000000000037128        0x0 obj_cooja/mtype249.a(rpl-ltmax.o)
 *fill*         0x0000000000037128       0x18 
 .bss           0x0000000000037140       0x60 obj_cooja/mtype249.a(rpl-timers.o)
 .bss           0x00000000000371a0        0x4 obj_cooja/mtype249.a(rpl.o)
 *fill*         0x00000000000371a4       0x1c 
 .bss           0x00000000000371c0      0x288 obj_cooja/mtype249.a(csma.o)
 .bss           0x0000000000037448        0x2 obj_cooja/mtype249.a(framer-802154.o)
 .bss           0x000000000003744a        0x0 obj_cooja/mtype249.a(mac.o)
 *fill*         0x000000000003744a       0x16 
 .bss           0x0000000000037460       0xb1 obj_cooja/mtype249.a(cxmac.o)
 .bss           0x0000000000037511        0x0 obj_cooja/mtype249.a(linkaddr.o)
 *fill*         0x0000000000037511        0xf 
 .bss           0x0000000000037520       0xc4 obj_cooja/mtype249.a(nbr-table.o)
 .bss           0x00000000000375e4        0x0 obj_cooja/mtype249.a(netstack.o)
 *fill*         0x00000000000375e4       0x1c 
 .bss           0x0000000000037600       0xa0 obj_cooja/mtype249.a(packetbuf.o)
 .bss           0x00000000000376a0      0xb80 obj_cooja/mtype249.a(queuebuf.o)
 .bss           0x0000000000038220        0x0 obj_cooja/mtype249.a(nullsec.o)
 .bss           0x0000000000038220        0x0 obj_cooja/mtype249.a(watchdog.o)
 .bss           0x0000000000038220        0x0 obj_cooja/mtype249.a(rimestats.o)
 .bss           0x0000000000038220        0x0 obj_cooja/mtype249.a(stimer.o)
 .bss           0x0000000000038220        0x0 obj_cooja/mtype249.a(memb.o)
 .bss           0x0000000000038220      0x4a8 obj_cooja/mtype249.a(uip-ds6-route.o)
 .bss           0x00000000000386c8       0x18 obj_cooja/mtype249.a(uip-icmp6.o)
 .bss           0x00000000000386e0        0x0 obj_cooja/mtype249.a(uip-nd6.o)
 .bss           0x00000000000386e0       0x44 obj_cooja/mtype249.a(rpl-nbr-policy.)
 .bss           0x0000000000038724        0x0 obj_cooja/mtype249.a(frame802154.o)
 .bss           0x0000000000038724        0x0 /usr/lib/gcc/i686-linux-gnu/4.8/crtendS.o
 .bss           0x0000000000038724        0x0 /usr/lib/gcc/i686-linux-gnu/4.8/../../../i386-linux-gnu/crtn.o
 *(COMMON)
 COMMON         0x0000000000038724        0x8 udp-server.co
                0x0000000000038724                LSA_message_input
                0x0000000000038725                LSA_SR_preamble
                0x0000000000038726                LSA_lr_child
                0x0000000000038727                LSA_converge
                0x0000000000038728                my_sink_reachability
                0x0000000000038729                my_parent_number
                0x000000000003872a                LSA_broadcast_count
                0x000000000003872b                LSA_message_flag
 COMMON         0x000000000003872c       0x68 obj_cooja/mtype249.o
                0x000000000003872c                dio_count
                0x0000000000038730                dis_count
                0x0000000000038734                tcp_output_count
                0x0000000000038738                csma_transmission_count
                0x000000000003873c                dao_ack_fwd_count
                0x0000000000038740                COOJA_radioRxLong
                0x0000000000038744                cxmac_collision_count
                0x0000000000038748                control_message_count
                0x000000000003874c                dao_count
                0x0000000000038750                icmp_count
                0x0000000000038754                COOJA_radioTx
                0x0000000000038758                referenceVar
                0x000000000003875c                cxmac_transmission_count
                0x0000000000038760                dao_ack_count
                0x0000000000038764                data_message_count
                0x0000000000038768                COOJA_radioTxLong
                0x000000000003876c                COOJA_radioRx
                0x0000000000038770                debugfp
                0x0000000000038774                COOJA_radioOn
                0x0000000000038778                LSA_count
                0x000000000003877c                dao_fwd_count
                0x0000000000038780                COOJA_duration
                0x0000000000038784                dio_ack_count
                0x0000000000038788                COOJA_radioOnLong
                0x000000000003878c                sensors_flags
                0x0000000000038790                data_fwd_count
 COMMON         0x0000000000038794        0xc obj_cooja/mtype249.a(simEnvChange.o)
                0x0000000000038794                simEtimerPending
                0x0000000000038798                simProcessRunValue
                0x000000000003879c                simNextExpirationTime
 COMMON         0x00000000000387a0        0x1 obj_cooja/mtype249.a(beep.o)
                0x00000000000387a0                simBeeped
 COMMON         0x00000000000387a1        0x3 obj_cooja/mtype249.a(button-sensor.o)
                0x00000000000387a1                simButtonIsActive
                0x00000000000387a2                simButtonIsDown
                0x00000000000387a3                simButtonChanged
 COMMON         0x00000000000387a4        0x1 obj_cooja/mtype249.a(leds-arch.o)
                0x00000000000387a4                simLedsValue
 *fill*         0x00000000000387a5        0x3 
 COMMON         0x00000000000387a8        0xc obj_cooja/mtype249.a(moteid.o)
                0x00000000000387a8                simRandomSeed
                0x00000000000387ac                simMoteIDChanged
                0x00000000000387b0                simMoteID
 COMMON         0x00000000000387b4        0x2 obj_cooja/mtype249.a(pir-sensor.o)
                0x00000000000387b4                simPirIsActive
                0x00000000000387b5                simPirChanged
 *fill*         0x00000000000387b6        0xa 
 COMMON         0x00000000000387c0      0x820 obj_cooja/mtype249.a(rs232.o)
                0x00000000000387c0                simSerialReceivingFlag
                0x00000000000387c4                simSerialReceivingLength
                0x00000000000387e0                simSerialReceivingData
 COMMON         0x0000000000038fe0        0x2 obj_cooja/mtype249.a(vib-sensor.o)
                0x0000000000038fe0                simVibChanged
                0x0000000000038fe1                simVibIsActive
 *fill*         0x0000000000038fe2        0x2 
 COMMON         0x0000000000038fe4        0x4 obj_cooja/mtype249.a(clock.o)
                0x0000000000038fe4                simCurrentTime
 *fill*         0x0000000000038fe8       0x18 
 COMMON         0x0000000000039000      0x420 obj_cooja/mtype249.a(log.o)
                0x0000000000039000                simLoggedLength
                0x0000000000039004                simLoggedFlag
                0x0000000000039020                simLoggedData
 COMMON         0x0000000000039420      0x240 obj_cooja/mtype249.a(cooja-radio.o)
                0x0000000000039420                simOutDataBuffer
                0x00000000000394a0                simRadioTarget
                0x00000000000394c0                simInDataBufferLR
                0x0000000000039540                simOutDataBufferLR
                0x00000000000395c0                dual_duty_cycle_count
                0x00000000000395e0                simInDataBuffer
 COMMON         0x0000000000039660      0x400 obj_cooja/mtype249.a(eeprom.o)
                0x0000000000039660                simEEPROMData
 COMMON         0x0000000000039a60        0x1 obj_cooja/mtype249.a(sensors.o)
                0x0000000000039a60                sensors_event
 *fill*         0x0000000000039a61        0x3 
 COMMON         0x0000000000039a64        0x4 obj_cooja/mtype249.a(log_message.o)
                0x0000000000039a64                log_fp
 COMMON         0x0000000000039a68        0x1 obj_cooja/mtype249.a(serial-line.o)
                0x0000000000039a68                serial_line_event_message
 COMMON         0x0000000000039a69        0x1 obj_cooja/mtype249.a(sicslowpan.o)
                0x0000000000039a69                p
 *fill*         0x0000000000039a6a       0x16 
 COMMON         0x0000000000039a80       0x50 obj_cooja/mtype249.a(uip-ds6-nbr.o)
                0x0000000000039a80                ds6_lr_addrmap
 *fill*         0x0000000000039ad0       0x10 
 COMMON         0x0000000000039ae0      0x298 obj_cooja/mtype249.a(uip-ds6.o)
                0x0000000000039ae0                uip_ds6_prefix_list
                0x0000000000039b40                uip_ds6_timer_periodic
                0x0000000000039b50                uip_ds6_netif_addr_list_offset
                0x0000000000039b60                uip_ds6_if
                0x0000000000039c58                uip_ds6_timer_ra
                0x0000000000039c60                uip_ds6_addr_size
                0x0000000000039c80                long_uip_ds6_if
 *fill*         0x0000000000039d78        0x8 
 COMMON         0x0000000000039d80      0x8ec obj_cooja/mtype249.a(uip6.o)
                0x0000000000039d80                uip_slen
                0x0000000000039d82                uip_acc32
                0x0000000000039da0                uip_conns
                0x0000000000039e60                uip_lladdr
                0x0000000000039e68                uip_appdata
                0x0000000000039e6c                uip_flags
                0x0000000000039e80                uip_aligned_buf
                0x000000000003a4c0                uip_listenports
                0x000000000003a4d0                uip_len
                0x000000000003a4d2                uip_long_lladdr
                0x000000000003a4dc                uip_sappdata
                0x000000000003a4e0                uip_udp_conns
                0x000000000003a660                uip_udp_conn
                0x000000000003a664                uip_next_hdr
                0x000000000003a668                uip_conn
 COMMON         0x000000000003a66c        0x1 obj_cooja/mtype249.a(tcpip.o)
                0x000000000003a66c                tcpip_event
 *fill*         0x000000000003a66d       0x13 
 COMMON         0x000000000003a680      0x178 obj_cooja/mtype249.a(rpl-dag.o)
                0x000000000003a680                default_instance
                0x000000000003a6a0                instance_table
 COMMON         0x000000000003a7f8       0x10 obj_cooja/mtype249.a(linkaddr.o)
                0x000000000003a7f8                linkaddr_node_addr
                0x000000000003a800                long_linkaddr_node_addr
 COMMON         0x000000000003a808       0x2e obj_cooja/mtype249.a(packetbuf.o)
                0x000000000003a808                packetbuf_attrs
                0x000000000003a826                packetbuf_addrs
 *fill*         0x000000000003a836        0xa 
 COMMON         0x000000000003a840       0x48 obj_cooja/mtype249.a(rimestats.o)
                0x000000000003a840                rimestats
                0x000000000003a888                . = ALIGN ((. != 0x0)?0x4:0x1)
                0x000000000003a888                . = ALIGN (0x4)
                0x000000000003a888                . = SEGMENT_START ("ldata-segment", .)
                0x000000000003a888                . = ALIGN (0x4)
                0x000000000003a888                _end = .
                0x000000000003a888                PROVIDE (end, .)
                0x000000000003a888                . = DATA_SEGMENT_END (.)

.stab
 *(.stab)

.stabstr
 *(.stabstr)

.stab.excl
 *(.stab.excl)

.stab.exclstr
 *(.stab.exclstr)

.stab.index
 *(.stab.index)

.stab.indexstr
 *(.stab.indexstr)

.comment        0x0000000000000000       0x29
 *(.comment)
 .comment       0x0000000000000000       0x29 /usr/lib/gcc/i686-linux-gnu/4.8/crtbeginS.o
                                         0x2a (size before relaxing)
 .comment       0x0000000000000000       0x2a udp-server.co
 .comment       0x0000000000000000       0x2a obj_cooja/mtype249.o
 .comment       0x0000000000000000       0x2a obj_cooja/mtype249.a(simEnvChange.o)
 .comment       0x0000000000000000       0x2a obj_cooja/mtype249.a(cooja_mt.o)
 .comment       0x0000000000000000       0x2a obj_cooja/mtype249.a(cooja_mtarch.o)
 .comment       0x0000000000000000       0x2a obj_cooja/mtype249.a(rtimer-arch.o)
 .comment       0x0000000000000000       0x2a obj_cooja/mtype249.a(beep.o)
 .comment       0x0000000000000000       0x2a obj_cooja/mtype249.a(button-sensor.o)
 .comment       0x0000000000000000       0x2a obj_cooja/mtype249.a(leds-arch.o)
 .comment       0x0000000000000000       0x2a obj_cooja/mtype249.a(moteid.o)
 .comment       0x0000000000000000       0x2a obj_cooja/mtype249.a(pir-sensor.o)
 .comment       0x0000000000000000       0x2a obj_cooja/mtype249.a(rs232.o)
 .comment       0x0000000000000000       0x2a obj_cooja/mtype249.a(vib-sensor.o)
 .comment       0x0000000000000000       0x2a obj_cooja/mtype249.a(clock.o)
 .comment       0x0000000000000000       0x2a obj_cooja/mtype249.a(log.o)
 .comment       0x0000000000000000       0x2a obj_cooja/mtype249.a(cfs-cooja.o)
 .comment       0x0000000000000000       0x2a obj_cooja/mtype249.a(cooja-radio.o)
 .comment       0x0000000000000000       0x2a obj_cooja/mtype249.a(eeprom.o)
 .comment       0x0000000000000000       0x2a obj_cooja/mtype249.a(random.o)
 .comment       0x0000000000000000       0x2a obj_cooja/mtype249.a(sensors.o)
 .comment       0x0000000000000000       0x2a obj_cooja/mtype249.a(leds.o)
 .comment       0x0000000000000000       0x2a obj_cooja/mtype249.a(dual_conf.o)
 .comment       0x0000000000000000       0x2a obj_cooja/mtype249.a(autostart.o)
 .comment       0x0000000000000000       0x2a obj_cooja/mtype249.a(ctimer.o)
 .comment       0x0000000000000000       0x2a obj_cooja/mtype249.a(etimer.o)
 .comment       0x0000000000000000       0x2a obj_cooja/mtype249.a(log_message.o)
 .comment       0x0000000000000000       0x2a obj_cooja/mtype249.a(process.o)
 .comment       0x0000000000000000       0x2a obj_cooja/mtype249.a(residual.o)
 .comment       0x0000000000000000       0x2a obj_cooja/mtype249.a(rtimer.o)
 .comment       0x0000000000000000       0x2a obj_cooja/mtype249.a(timer.o)
 .comment       0x0000000000000000       0x2a obj_cooja/mtype249.a(serial-line.o)
 .comment       0x0000000000000000       0x2a obj_cooja/mtype249.a(list.o)
 .comment       0x0000000000000000       0x2a obj_cooja/mtype249.a(ringbuf.o)
 .comment       0x0000000000000000       0x2a obj_cooja/mtype249.a(sicslowpan.o)
 .comment       0x0000000000000000       0x2a obj_cooja/mtype249.a(uip-ds6-nbr.o)
 .comment       0x0000000000000000       0x2a obj_cooja/mtype249.a(uip-ds6.o)
 .comment       0x0000000000000000       0x2a obj_cooja/mtype249.a(uip6.o)
 .comment       0x0000000000000000       0x2a obj_cooja/mtype249.a(tcpip.o)
 .comment       0x0000000000000000       0x2a obj_cooja/mtype249.a(uip-debug.o)
 .comment       0x0000000000000000       0x2a obj_cooja/mtype249.a(uip-packetqueue)
 .comment       0x0000000000000000       0x2a obj_cooja/mtype249.a(rpl-dag.o)
 .comment       0x0000000000000000       0x2a obj_cooja/mtype249.a(rpl-ext-header.)
 .comment       0x0000000000000000       0x2a obj_cooja/mtype249.a(rpl-icmp6.o)
 .comment       0x0000000000000000       0x2a obj_cooja/mtype249.a(rpl-ltmax.o)
 .comment       0x0000000000000000       0x2a obj_cooja/mtype249.a(rpl-timers.o)
 .comment       0x0000000000000000       0x2a obj_cooja/mtype249.a(rpl.o)
 .comment       0x0000000000000000       0x2a obj_cooja/mtype249.a(csma.o)
 .comment       0x0000000000000000       0x2a obj_cooja/mtype249.a(framer-802154.o)
 .comment       0x0000000000000000       0x2a obj_cooja/mtype249.a(mac.o)
 .comment       0x0000000000000000       0x2a obj_cooja/mtype249.a(cxmac.o)
 .comment       0x0000000000000000       0x2a obj_cooja/mtype249.a(linkaddr.o)
 .comment       0x0000000000000000       0x2a obj_cooja/mtype249.a(nbr-table.o)
 .comment       0x0000000000000000       0x2a obj_cooja/mtype249.a(netstack.o)
 .comment       0x0000000000000000       0x2a obj_cooja/mtype249.a(packetbuf.o)
 .comment       0x0000000000000000       0x2a obj_cooja/mtype249.a(queuebuf.o)
 .comment       0x0000000000000000       0x2a obj_cooja/mtype249.a(nullsec.o)
 .comment       0x0000000000000000       0x2a obj_cooja/mtype249.a(watchdog.o)
 .comment       0x0000000000000000       0x2a obj_cooja/mtype249.a(rimestats.o)
 .comment       0x0000000000000000       0x2a obj_cooja/mtype249.a(stimer.o)
 .comment       0x0000000000000000       0x2a obj_cooja/mtype249.a(memb.o)
 .comment       0x0000000000000000       0x2a obj_cooja/mtype249.a(uip-ds6-route.o)
 .comment       0x0000000000000000       0x2a obj_cooja/mtype249.a(uip-icmp6.o)
 .comment       0x0000000000000000       0x2a obj_cooja/mtype249.a(uip-nd6.o)
 .comment       0x0000000000000000       0x2a obj_cooja/mtype249.a(rpl-nbr-policy.)
 .comment       0x0000000000000000       0x2a obj_cooja/mtype249.a(frame802154.o)
 .comment       0x0000000000000000       0x2a /usr/lib/gcc/i686-linux-gnu/4.8/crtendS.o

.debug
 *(.debug)

.line
 *(.line)

.debug_srcinfo
 *(.debug_srcinfo)

.debug_sfnames
 *(.debug_sfnames)

.debug_aranges  0x0000000000000000      0x818
 *(.debug_aranges)
 .debug_aranges
                0x0000000000000000       0x20 udp-server.co
 .debug_aranges
                0x0000000000000020       0x20 obj_cooja/mtype249.o
 .debug_aranges
                0x0000000000000040       0x20 obj_cooja/mtype249.a(simEnvChange.o)
 .debug_aranges
                0x0000000000000060       0x20 obj_cooja/mtype249.a(cooja_mt.o)
 .debug_aranges
                0x0000000000000080       0x20 obj_cooja/mtype249.a(cooja_mtarch.o)
 .debug_aranges
                0x00000000000000a0       0x20 obj_cooja/mtype249.a(rtimer-arch.o)
 .debug_aranges
                0x00000000000000c0       0x20 obj_cooja/mtype249.a(beep.o)
 .debug_aranges
                0x00000000000000e0       0x20 obj_cooja/mtype249.a(button-sensor.o)
 .debug_aranges
                0x0000000000000100       0x20 obj_cooja/mtype249.a(leds-arch.o)
 .debug_aranges
                0x0000000000000120       0x20 obj_cooja/mtype249.a(moteid.o)
 .debug_aranges
                0x0000000000000140       0x20 obj_cooja/mtype249.a(pir-sensor.o)
 .debug_aranges
                0x0000000000000160       0x20 obj_cooja/mtype249.a(rs232.o)
 .debug_aranges
                0x0000000000000180       0x20 obj_cooja/mtype249.a(vib-sensor.o)
 .debug_aranges
                0x00000000000001a0       0x20 obj_cooja/mtype249.a(clock.o)
 .debug_aranges
                0x00000000000001c0       0x20 obj_cooja/mtype249.a(log.o)
 .debug_aranges
                0x00000000000001e0       0x20 obj_cooja/mtype249.a(cfs-cooja.o)
 .debug_aranges
                0x0000000000000200       0x20 obj_cooja/mtype249.a(cooja-radio.o)
 .debug_aranges
                0x0000000000000220       0x20 obj_cooja/mtype249.a(eeprom.o)
 .debug_aranges
                0x0000000000000240       0x20 obj_cooja/mtype249.a(random.o)
 .debug_aranges
                0x0000000000000260       0x20 obj_cooja/mtype249.a(sensors.o)
 .debug_aranges
                0x0000000000000280       0x20 obj_cooja/mtype249.a(leds.o)
 .debug_aranges
                0x00000000000002a0       0x20 obj_cooja/mtype249.a(dual_conf.o)
 .debug_aranges
                0x00000000000002c0       0x20 obj_cooja/mtype249.a(autostart.o)
 .debug_aranges
                0x00000000000002e0       0x20 obj_cooja/mtype249.a(ctimer.o)
 .debug_aranges
                0x0000000000000300       0x20 obj_cooja/mtype249.a(etimer.o)
 .debug_aranges
                0x0000000000000320       0x20 obj_cooja/mtype249.a(log_message.o)
 .debug_aranges
                0x0000000000000340       0x20 obj_cooja/mtype249.a(process.o)
 .debug_aranges
                0x0000000000000360       0x20 obj_cooja/mtype249.a(residual.o)
 .debug_aranges
                0x0000000000000380       0x20 obj_cooja/mtype249.a(rtimer.o)
 .debug_aranges
                0x00000000000003a0       0x20 obj_cooja/mtype249.a(timer.o)
 .debug_aranges
                0x00000000000003c0       0x20 obj_cooja/mtype249.a(serial-line.o)
 .debug_aranges
                0x00000000000003e0       0x20 obj_cooja/mtype249.a(list.o)
 .debug_aranges
                0x0000000000000400       0x20 obj_cooja/mtype249.a(ringbuf.o)
 .debug_aranges
                0x0000000000000420       0x20 obj_cooja/mtype249.a(sicslowpan.o)
 .debug_aranges
                0x0000000000000440       0x20 obj_cooja/mtype249.a(uip-ds6-nbr.o)
 .debug_aranges
                0x0000000000000460       0x20 obj_cooja/mtype249.a(uip-ds6.o)
 .debug_aranges
                0x0000000000000480       0x20 obj_cooja/mtype249.a(uip6.o)
 .debug_aranges
                0x00000000000004a0       0x20 obj_cooja/mtype249.a(tcpip.o)
 .debug_aranges
                0x00000000000004c0       0x20 obj_cooja/mtype249.a(uip-debug.o)
 .debug_aranges
                0x00000000000004e0       0x20 obj_cooja/mtype249.a(uip-packetqueue)
 .debug_aranges
                0x0000000000000500       0x20 obj_cooja/mtype249.a(rpl-dag.o)
 .debug_aranges
                0x0000000000000520       0x20 obj_cooja/mtype249.a(rpl-ext-header.)
 .debug_aranges
                0x0000000000000540       0x20 obj_cooja/mtype249.a(rpl-icmp6.o)
 .debug_aranges
                0x0000000000000560       0x20 obj_cooja/mtype249.a(rpl-ltmax.o)
 .debug_aranges
                0x0000000000000580       0x20 obj_cooja/mtype249.a(rpl-timers.o)
 .debug_aranges
                0x00000000000005a0       0x20 obj_cooja/mtype249.a(rpl.o)
 .debug_aranges
                0x00000000000005c0       0x20 obj_cooja/mtype249.a(csma.o)
 .debug_aranges
                0x00000000000005e0       0x20 obj_cooja/mtype249.a(framer-802154.o)
 .debug_aranges
                0x0000000000000600       0x20 obj_cooja/mtype249.a(mac.o)
 .debug_aranges
                0x0000000000000620       0x20 obj_cooja/mtype249.a(cxmac.o)
 .debug_aranges
                0x0000000000000640       0x20 obj_cooja/mtype249.a(linkaddr.o)
 .debug_aranges
                0x0000000000000660       0x20 obj_cooja/mtype249.a(nbr-table.o)
 .debug_aranges
                0x0000000000000680       0x20 obj_cooja/mtype249.a(netstack.o)
 .debug_aranges
                0x00000000000006a0       0x20 obj_cooja/mtype249.a(packetbuf.o)
 .debug_aranges
                0x00000000000006c0       0x20 obj_cooja/mtype249.a(queuebuf.o)
 .debug_aranges
                0x00000000000006e0       0x20 obj_cooja/mtype249.a(nullsec.o)
 .debug_aranges
                0x0000000000000700       0x20 obj_cooja/mtype249.a(watchdog.o)
 .debug_aranges
                0x0000000000000720       0x18 obj_cooja/mtype249.a(rimestats.o)
 .debug_aranges
                0x0000000000000738       0x20 obj_cooja/mtype249.a(stimer.o)
 .debug_aranges
                0x0000000000000758       0x20 obj_cooja/mtype249.a(memb.o)
 .debug_aranges
                0x0000000000000778       0x20 obj_cooja/mtype249.a(uip-ds6-route.o)
 .debug_aranges
                0x0000000000000798       0x20 obj_cooja/mtype249.a(uip-icmp6.o)
 .debug_aranges
                0x00000000000007b8       0x20 obj_cooja/mtype249.a(uip-nd6.o)
 .debug_aranges
                0x00000000000007d8       0x20 obj_cooja/mtype249.a(rpl-nbr-policy.)
 .debug_aranges
                0x00000000000007f8       0x20 obj_cooja/mtype249.a(frame802154.o)

.debug_pubnames
 *(.debug_pubnames)

.debug_info     0x0000000000000000    0x1e877
 *(.debug_info .gnu.linkonce.wi.*)
 .debug_info    0x0000000000000000      0xea7 udp-server.co
 .debug_info    0x0000000000000ea7     0x3b47 obj_cooja/mtype249.o