Archive member included to satisfy reference by file (symbol)

obj_cooja/mtype936.a(simEnvChange.o)
                              obj_cooja/mtype936.o (simDontFallAsleep)
obj_cooja/mtype936.a(cooja_mt.o)
                              obj_cooja/mtype936.o (cooja_mt_start)
obj_cooja/mtype936.a(cooja_mtarch.o)
                              obj_cooja/mtype936.a(cooja_mt.o) (cooja_mtarch_init)
obj_cooja/mtype936.a(rtimer-arch.o)
                              obj_cooja/mtype936.o (rtimer_arch_next)
obj_cooja/mtype936.a(beep.o)  obj_cooja/mtype936.o (beep_interface)
obj_cooja/mtype936.a(button-sensor.o)
                              obj_cooja/mtype936.o (button_interface)
obj_cooja/mtype936.a(leds-arch.o)
                              obj_cooja/mtype936.o (leds_interface)
obj_cooja/mtype936.a(moteid.o)
                              obj_cooja/mtype936.o (moteid_interface)
obj_cooja/mtype936.a(pir-sensor.o)
                              obj_cooja/mtype936.o (pir_interface)
obj_cooja/mtype936.a(rs232.o)
                              obj_cooja/mtype936.o (rs232_interface)
obj_cooja/mtype936.a(vib-sensor.o)
                              obj_cooja/mtype936.o (vib_interface)
obj_cooja/mtype936.a(clock.o)
                              obj_cooja/mtype936.o (clock_interface)
obj_cooja/mtype936.a(log.o)   obj_cooja/mtype936.o (simlog_interface)
obj_cooja/mtype936.a(cfs-cooja.o)
                              obj_cooja/mtype936.o (cfs_interface)
obj_cooja/mtype936.a(cooja-radio.o)
                              obj_cooja/mtype936.o (radio_interface)
obj_cooja/mtype936.a(eeprom.o)
                              obj_cooja/mtype936.o (eeprom_interface)
obj_cooja/mtype936.a(random.o)
                              obj_cooja/mtype936.a(moteid.o) (random_init)
obj_cooja/mtype936.a(sensors.o)
                              udp-server.co (sensors_event)
obj_cooja/mtype936.a(dual_conf.o)
                              obj_cooja/mtype936.a(cooja-radio.o) (long_range_radio)
obj_cooja/mtype936.a(autostart.o)
                              obj_cooja/mtype936.o (autostart_start)
obj_cooja/mtype936.a(ctimer.o)
                              obj_cooja/mtype936.o (ctimer_init)
obj_cooja/mtype936.a(etimer.o)
                              obj_cooja/mtype936.o (etimer_process)
obj_cooja/mtype936.a(log_message.o)
                              obj_cooja/mtype936.o (log_initialization)
obj_cooja/mtype936.a(process.o)
                              udp-server.co (process_current)
obj_cooja/mtype936.a(residual.o)
                              obj_cooja/mtype936.o (get_residual_energy)
obj_cooja/mtype936.a(rtimer.o)
                              obj_cooja/mtype936.a(rtimer-arch.o) (rtimer_run_next)
obj_cooja/mtype936.a(timer.o)
                              obj_cooja/mtype936.a(button-sensor.o) (timer_set)
obj_cooja/mtype936.a(serial-line.o)
                              obj_cooja/mtype936.a(rs232.o) (serial_line_input_byte)
obj_cooja/mtype936.a(list.o)  obj_cooja/mtype936.a(ctimer.o) (list_init)
obj_cooja/mtype936.a(ringbuf.o)
                              obj_cooja/mtype936.a(serial-line.o) (ringbuf_init)
obj_cooja/mtype936.a(sicslowpan.o)
                              obj_cooja/mtype936.o (sicslowpan_driver)
obj_cooja/mtype936.a(uip-ds6-nbr.o)
                              obj_cooja/mtype936.a(sicslowpan.o) (uip_ds6_link_neighbor_callback)
obj_cooja/mtype936.a(uip-ds6.o)
                              udp-server.co (uip_ds6_if)
obj_cooja/mtype936.a(uip6.o)  obj_cooja/mtype936.o (uip_lladdr)
obj_cooja/mtype936.a(tcpip.o)
                              udp-server.co (tcpip_event)
obj_cooja/mtype936.a(uip-debug.o)
                              udp-server.co (uip_debug_ipaddr_print)
obj_cooja/mtype936.a(uip-packetqueue)
                              obj_cooja/mtype936.a(uip-ds6-nbr.o) (uip_packetqueue_new)
obj_cooja/mtype936.a(rpl-dag.o)
                              udp-server.co (rpl_set_root)
obj_cooja/mtype936.a(rpl-ext-header.)
                              obj_cooja/mtype936.a(uip6.o) (rpl_verify_header)
obj_cooja/mtype936.a(rpl-icmp6.o)
                              obj_cooja/mtype936.a(rpl-dag.o) (rpl_icmp6_update_nbr_table)
obj_cooja/mtype936.a(rpl-mrhof.o)
                              obj_cooja/mtype936.a(rpl-dag.o) (rpl_mrhof)
obj_cooja/mtype936.a(rpl-timers.o)
                              obj_cooja/mtype936.a(rpl-dag.o) (rpl_reset_dio_timer)
obj_cooja/mtype936.a(rpl.o)   obj_cooja/mtype936.a(rpl-icmp6.o) (rpl_get_mode)
obj_cooja/mtype936.a(framer-802154.o)
                              obj_cooja/mtype936.a(sicslowpan.o) (framer_802154)
obj_cooja/mtype936.a(nullmac.o)
                              udp-server.co (nullmac_driver)
obj_cooja/mtype936.a(nullrdc.o)
                              obj_cooja/mtype936.o (nullrdc_driver)
obj_cooja/mtype936.a(linkaddr.o)
                              obj_cooja/mtype936.o (linkaddr_node_addr)
obj_cooja/mtype936.a(nbr-table.o)
                              obj_cooja/mtype936.a(uip-ds6-nbr.o) (lladdr_map_add_lr)
[...]
Memory Configuration

Name             Origin             Length             Attributes
*default*        0x0000000000000000 0xffffffffffffffff

Linker script and memory map

LOAD /usr/lib/gcc/i686-linux-gnu/4.8/../../../i386-linux-gnu/crti.o
LOAD /usr/lib/gcc/i686-linux-gnu/4.8/crtbeginS.o
LOAD udp-server.co
LOAD obj_cooja/mtype936.o
LOAD obj_cooja/mtype936.a
LOAD /usr/lib/gcc/i686-linux-gnu/4.8/libgcc.a
LOAD /usr/lib/gcc/i686-linux-gnu/4.8/libgcc_s.so
LOAD /usr/lib/gcc/i686-linux-gnu/4.8/../../../i386-linux-gnu/libc.so
START GROUP
LOAD /lib/i386-linux-gnu/libc.so.6
LOAD /usr/lib/i386-linux-gnu/libc_nonshared.a
LOAD /lib/i386-linux-gnu/ld-linux.so.2
END GROUP
LOAD /usr/lib/gcc/i686-linux-gnu/4.8/libgcc.a
LOAD /usr/lib/gcc/i686-linux-gnu/4.8/libgcc_s.so
LOAD /usr/lib/gcc/i686-linux-gnu/4.8/crtendS.o
LOAD /usr/lib/gcc/i686-linux-gnu/4.8/../../../i386-linux-gnu/crtn.o
                0x0000000000000114                . = (0x0 + SIZEOF_HEADERS)

.note.gnu.build-id
                0x0000000000000114       0x24
 *(.note.gnu.build-id)
 .note.gnu.build-id
                0x0000000000000114       0x24 /usr/lib/gcc/i686-linux-gnu/4.8/../../../i386-linux-gnu/crti.o

.hash
 *(.hash)

.gnu.hash       0x0000000000000138     0x133c
 *(.gnu.hash)
 .gnu.hash      0x0000000000000138     0x133c /usr/lib/gcc/i686-linux-gnu/4.8/../../../i386-linux-gnu/crti.o

.dynsym         0x0000000000001474     0x2550
 *(.dynsym)
 .dynsym        0x0000000000001474     0x2550 /usr/lib/gcc/i686-linux-gnu/4.8/../../../i386-linux-gnu/crti.o

.dynstr         0x00000000000039c4     0x268e
 *(.dynstr)
 .dynstr        0x00000000000039c4     0x268e /usr/lib/gcc/i686-linux-gnu/4.8/../../../i386-linux-gnu/crti.o

.gnu.version    0x0000000000006052      0x4aa
 *(.gnu.version)
 .gnu.version   0x0000000000006052      0x4aa /usr/lib/gcc/i686-linux-gnu/4.8/../../../i386-linux-gnu/crti.o

.gnu.version_d  0x00000000000064fc        0x0
 *(.gnu.version_d)
 .gnu.version_d
                0x0000000000000000        0x0 /usr/lib/gcc/i686-linux-gnu/4.8/../../../i386-linux-gnu/crti.o

.gnu.version_r  0x00000000000064fc       0x50
 *(.gnu.version_r)
 .gnu.version_r
                0x00000000000064fc       0x50 /usr/lib/gcc/i686-linux-gnu/4.8/../../../i386-linux-gnu/crti.o

.rel.dyn        0x000000000000654c     0x8ad8
 *(.rel.init)
 .rel.init      0x0000000000000000        0x0 /usr/lib/gcc/i686-linux-gnu/4.8/../../../i386-linux-gnu/crti.o
 *(.rel.text .rel.text.* .rel.gnu.linkonce.t.*)
 .rel.text      0x000000000000654c     0x8360 /usr/lib/gcc/i686-linux-gnu/4.8/../../../i386-linux-gnu/crti.o
 *(.rel.fini)
 .rel.fini      0x0000000000000000        0x0 /usr/lib/gcc/i686-linux-gnu/4.8/../../../i386-linux-gnu/crti.o
 *(.rel.rodata .rel.rodata.* .rel.gnu.linkonce.r.*)
 .rel.rodata    0x000000000000e8ac      0x4e0 /usr/lib/gcc/i686-linux-gnu/4.8/../../../i386-linux-gnu/crti.o
 *(.rel.data.rel.ro .rel.data.rel.ro.* .rel.gnu.linkonce.d.rel.ro.*)
 *(.rel.data .rel.data.* .rel.gnu.linkonce.d.*)
 .rel.data.rel  0x000000000000ed8c        0x8 /usr/lib/gcc/i686-linux-gnu/4.8/../../../i386-linux-gnu/crti.o
 .rel.data      0x000000000000ed94      0x258 /usr/lib/gcc/i686-linux-gnu/4.8/../../../i386-linux-gnu/crti.o
 *(.rel.tdata .rel.tdata.* .rel.gnu.linkonce.td.*)
 *(.rel.tbss .rel.tbss.* .rel.gnu.linkonce.tb.*)
 *(.rel.ctors)
 *(.rel.dtors)
 *(.rel.got)
 .rel.got       0x000000000000efec       0x28 /usr/lib/gcc/i686-linux-gnu/4.8/../../../i386-linux-gnu/crti.o
 *(.rel.bss .rel.bss.* .rel.gnu.linkonce.b.*)
 *(.rel.ifunc)
 .rel.ifunc     0x0000000000000000        0x0 /usr/lib/gcc/i686-linux-gnu/4.8/../../../i386-linux-gnu/crti.o
 .rel.fini_array
                0x000000000000f014        0x8 /usr/lib/gcc/i686-linux-gnu/4.8/../../../i386-linux-gnu/crti.o
 .rel.init_array
                0x000000000000f01c        0x8 /usr/lib/gcc/i686-linux-gnu/4.8/../../../i386-linux-gnu/crti.o

.rel.plt        0x000000000000f024       0x10
 *(.rel.plt)
 .rel.plt       0x000000000000f024       0x10 /usr/lib/gcc/i686-linux-gnu/4.8/../../../i386-linux-gnu/crti.o
 *(.rel.iplt)

.init           0x000000000000f034       0x23
 *(SORT(.init))
 .init          0x000000000000f034       0x1e /usr/lib/gcc/i686-linux-gnu/4.8/../../../i386-linux-gnu/crti.o
                0x000000000000f034                _init
 .init          0x000000000000f052        0x5 /usr/lib/gcc/i686-linux-gnu/4.8/../../../i386-linux-gnu/crtn.o

.plt            0x000000000000f060       0x30
 *(.plt)
 .plt           0x000000000000f060       0x30 /usr/lib/gcc/i686-linux-gnu/4.8/../../../i386-linux-gnu/crti.o
 *(.iplt)

.text           0x000000000000f090    0x1574c
 *(.text.unlikely .text.*_unlikely .text.unlikely.*)
 *(.text.exit .text.exit.*)
 *(.text.startup .text.startup.*)
 *(.text.hot .text.hot.*)
 *(.text .stub .text.* .gnu.linkonce.t.*)
 .text          0x000000000000f090        0x0 /usr/lib/gcc/i686-linux-gnu/4.8/../../../i386-linux-gnu/crti.o
 .gnu.linkonce.t.__x86.get_pc_thunk.bx
                0x000000000000f090        0x4 /usr/lib/gcc/i686-linux-gnu/4.8/../../../i386-linux-gnu/crti.o
                0x000000000000f090                __x86.get_pc_thunk.bx
 *fill*         0x000000000000f094        0xc 
 .text          0x000000000000f0a0      0x11b /usr/lib/gcc/i686-linux-gnu/4.8/crtbeginS.o
 .text          0x000000000000f1bb      0x3ce udp-server.co
 .text          0x000000000000f589      0x96a obj_cooja/mtype936.o
                0x000000000000f737                contiki_init
                0x000000000000fd0a                Java_org_contikios_cooja_corecomm_Lib25_init
                0x000000000000fd4a                Java_org_contikios_cooja_corecomm_Lib25_getMemory
                0x000000000000fd8a                Java_org_contikios_cooja_corecomm_Lib25_setMemory
                0x000000000000fe01                Java_org_contikios_cooja_corecomm_Lib25_tick
                0x000000000000fee1                Java_org_contikios_cooja_corecomm_Lib25_setReferenceAddress
 .text          0x000000000000fef3       0x63 obj_cooja/mtype936.a(simEnvChange.o)
                0x000000000000fef3                doActionsBeforeTick
                0x000000000000ff24                doActionsAfterTick
 .text          0x000000000000ff56       0xbc obj_cooja/mtype936.a(cooja_mt.o)
                0x000000000000ff56                cooja_mt_init
                0x000000000000ff63                cooja_mt_remove
                0x000000000000ff70                cooja_mt_start
                0x000000000000ff9d                cooja_mt_exec
                0x000000000000ffce                cooja_mt_exit
                0x000000000000fff0                cooja_mt_yield
 .text          0x0000000000010012      0x115 obj_cooja/mtype936.a(cooja_mtarch.o)
                0x0000000000010012                cooja_mtarch_init
                0x0000000000010017                cooja_mtarch_start
                0x0000000000010092                cooja_sw
                0x00000000000100b4                cooja_mtarch_exec
                0x00000000000100d0                cooja_mtarch_remove
                0x00000000000100d5                cooja_mtarch_yield
                0x00000000000100df                cooja_mtarch_pstop
                0x00000000000100e4                cooja_mtarch_pstart
                0x00000000000100e9                cooja_mtarch_stack_usage
 .text          0x0000000000010127       0xc2 obj_cooja/mtype936.a(rtimer-arch.o)
                0x0000000000010127                rtimer_arch_init
                0x000000000001014a                rtimer_arch_schedule
                0x0000000000010161                rtimer_arch_next
                0x000000000001016b                rtimer_arch_pending
                0x0000000000010175                rtimer_arch_check
                0x00000000000101a7                rtimer_arch_now
 .text          0x00000000000101e9       0x76 obj_cooja/mtype936.a(beep.o)
                0x00000000000101e9                beep_alarm
                0x00000000000101f5                beep_beep
                0x0000000000010201                beep
                0x000000000001020d                beep_down
                0x0000000000010219                beep_on
                0x0000000000010225                beep_off
                0x0000000000010231                beep_spinup
                0x000000000001023d                beep_quick
                0x0000000000010249                beep_long
 .text          0x000000000001025f      0x103 obj_cooja/mtype936.a(button-sensor.o)
 .text          0x0000000000010362       0x45 obj_cooja/mtype936.a(leds-arch.o)
                0x0000000000010362                leds_arch_init
                0x000000000001036e                leds_arch_get
                0x000000000001037a                leds_arch_set
 .text          0x00000000000103a7       0x2f obj_cooja/mtype936.a(moteid.o)
 .text          0x00000000000103d6       0xb1 obj_cooja/mtype936.a(pir-sensor.o)
 .text          0x0000000000010487      0x131 obj_cooja/mtype936.a(rs232.o)
                0x0000000000010487                rs232_init
                0x000000000001048c                rs232_set_speed
                0x000000000001049a                rs232_set_input
                0x00000000000104a7                rs232_send
                0x00000000000104c9                rs232_print
                0x00000000000104e4                slip_arch_writeb
 .text          0x00000000000105b8       0xb1 obj_cooja/mtype936.a(vib-sensor.o)
 .text          0x0000000000010669       0x34 obj_cooja/mtype936.a(clock.o)
                0x0000000000010669                clock_init
                0x000000000001066e                clock_time
                0x0000000000010678                clock_seconds
                0x000000000001068e                clock_delay
 .text          0x000000000001069d      0x1ed obj_cooja/mtype936.a(log.o)
                0x000000000001069d                simlog_char
                0x00000000000106df                simlog
                0x000000000001074c                log_message
                0x0000000000010774                log_set_putchar_with_slip
                0x0000000000010781                log_putchar
                0x0000000000010805                log_puts
                0x0000000000010829                log_printf
 .text          0x000000000001088a      0x2c4 obj_cooja/mtype936.a(cfs-cooja.o)
                0x000000000001088a                cfs_open
                0x00000000000108f3                cfs_close
                0x00000000000108ff                cfs_read
                0x000000000001099d                cfs_write
                0x0000000000010a7a                cfs_seek
                0x0000000000010b02                cfs_remove
                0x0000000000010b2b                cfs_opendir
                0x0000000000010b35                cfs_readdir
                0x0000000000010b3f                cfs_closedir
 .text          0x0000000000010b4e      0x671 obj_cooja/mtype936.a(cooja-radio.o)
                0x0000000000010b78                radio_set_channel
                0x0000000000010b8d                radio_set_txpower
                0x0000000000010bad                radio_signal_strength_last
                0x0000000000010bb7                radio_signal_strength_current
                0x0000000000010bc1                radio_LQI
 .text          0x00000000000111bf       0xef obj_cooja/mtype936.a(eeprom.o)
                0x00000000000111bf                eeprom_init
                0x00000000000111c4                eeprom_read
                0x0000000000011234                eeprom_write
 .text          0x00000000000112ae       0x28 obj_cooja/mtype936.a(random.o)
                0x00000000000112ae                random_init
                0x00000000000112c9                random_rand
 .text          0x00000000000112d6      0x2a1 obj_cooja/mtype936.a(sensors.o)
                0x0000000000011311                sensors_first
                0x000000000001131b                sensors_next
                0x0000000000011338                sensors_changed
                0x0000000000011367                sensors_find
 .text          0x0000000000011577      0x2e4 obj_cooja/mtype936.a(dual_conf.o)
                0x0000000000011577                dual_radio_switch
                0x00000000000115b7                dual_radio_change
                0x00000000000115f1                sending_in_LR
                0x000000000001161c                dual_radio_received
                0x0000000000011654                radio_received_is_longrange
                0x000000000001166f                dual_radio_turn_on
                0x0000000000011692                dual_radio_turn_off
                0x0000000000011811                dio_broadcast
                0x000000000001183a                dis_broadcast
 .text          0x000000000001185b       0x8e obj_cooja/mtype936.a(autostart.o)
                0x000000000001185b                autostart_start
                0x00000000000118a6                autostart_exit
 .text          0x00000000000118e9      0x334 obj_cooja/mtype936.a(ctimer.o)
                0x0000000000011a00                ctimer_init
                0x0000000000011a30                ctimer_set
                0x0000000000011a61                ctimer_set_with_process
                0x0000000000011add                ctimer_reset
                0x0000000000011b2c                ctimer_restart
                0x0000000000011b7b                ctimer_stop
                0x0000000000011bc6                ctimer_expired
 .text          0x0000000000011c1d      0x40b obj_cooja/mtype936.a(etimer.o)
                0x0000000000011e30                etimer_request_poll
                0x0000000000011eb4                etimer_set
                0x0000000000011ed9                etimer_reset_with_new_interval
                0x0000000000011f00                etimer_reset
                0x0000000000011f1e                etimer_restart
                0x0000000000011f3c                etimer_adjust
                0x0000000000011f58                etimer_expired
                0x0000000000011f6b                etimer_expiration_time
                0x0000000000011f7d                etimer_start_time
                0x0000000000011f87                etimer_pending
                0x0000000000011f99                etimer_next_expiration_time
                0x0000000000011fb3                etimer_stop
 .text          0x0000000000012028       0xdd obj_cooja/mtype936.a(log_message.o)
                0x0000000000012028                log_initialization
                0x00000000000120e4                log_finisher
 .text          0x0000000000012105      0x560 obj_cooja/mtype936.a(process.o)
                0x0000000000012105                process_alloc_event
                0x000000000001211a                process_start
                0x0000000000012303                process_exit
                0x000000000001231f                process_init
                0x00000000000124f0                process_run
                0x0000000000012523                process_nevents
                0x000000000001253e                process_post
                0x00000000000125ea                process_post_synch
                0x0000000000012622                process_poll
                0x0000000000012651                process_is_running
 .text          0x0000000000012665       0xd3 obj_cooja/mtype936.a(residual.o)
                0x0000000000012665                get_residual_energy
 .text          0x0000000000012738       0xba obj_cooja/mtype936.a(rtimer.o)
                0x0000000000012738                rtimer_init
                0x0000000000012745                rtimer_set
                0x000000000001279c                rtimer_run_next
 .text          0x00000000000127f2       0x91 obj_cooja/mtype936.a(timer.o)
                0x00000000000127f2                timer_set
                0x000000000001280d                timer_reset
                0x0000000000012824                timer_restart
                0x0000000000012836                timer_expired
                0x000000000001285f                timer_remaining
 .text          0x0000000000012883      0x1fb obj_cooja/mtype936.a(serial-line.o)
                0x0000000000012883                serial_line_input_byte
                0x0000000000012a46                serial_line_init
 .text          0x0000000000012a7e      0x244 obj_cooja/mtype936.a(list.o)
                0x0000000000012a7e                list_init
                0x0000000000012a8c                list_head
                0x0000000000012a96                list_copy
                0x0000000000012aa5                list_tail
                0x0000000000012adb                list_add
                0x0000000000012b24                list_push
                0x0000000000012b50                list_chop
                0x0000000000012bba                list_pop
                0x0000000000012be2                list_remove
                0x0000000000012c49                list_length
                0x0000000000012c77                list_insert
                0x0000000000012cab                list_item_next
 .text          0x0000000000012cc2      0x155 obj_cooja/mtype936.a(ringbuf.o)
                0x0000000000012cc2                ringbuf_init
                0x0000000000012cf3                ringbuf_put
                0x0000000000012d71                ringbuf_get
                0x0000000000012dde                ringbuf_size
                0x0000000000012df0                ringbuf_elements
 .text          0x0000000000012e17     0x258b obj_cooja/mtype936.a(sicslowpan.o)
                0x00000000000133a1                rime_sniffer_add
                0x00000000000133ae                rime_sniffer_remove
                0x0000000000015341                sicslowpan_init
                0x0000000000015398                sicslowpan_get_last_rssi
 .text          0x00000000000153a2      0x2dc obj_cooja/mtype936.a(uip-ds6-nbr.o)
                0x00000000000153bf                uip_ds6_neighbors_init
                0x00000000000153dc                uip_ds6_nbr_add
                0x000000000001548d                uip_ds6_nbr_rm
                0x00000000000154ea                uip_ds6_nbr_get_ipaddr
                0x00000000000154ff                uip_ds6_nbr_get_ll
                0x000000000001551b                uip_ds6_nbr_num
                0x0000000000015560                uip_ds6_nbr_lookup
                0x00000000000155c5                uip_ds6_nbr_ll_lookup
                0x00000000000155e1                uip_ds6_nbr_ipaddr_from_lladdr
                0x0000000000015607                uip_ds6_nbr_lladdr_from_ipaddr
                0x0000000000015635                uip_ds6_link_neighbor_callback
 .text          0x000000000001567e     0x12ad obj_cooja/mtype936.a(uip-ds6.o)
                0x000000000001567e                uip_ds6_init
                0x00000000000159d3                uip_ds6_periodic
                0x0000000000015aab                uip_ds6_list_loop
                0x0000000000015b52                uip_ds6_prefix_add
                0x0000000000015c10                uip_ds6_prefix_rm
                0x0000000000015c22                uip_ds6_prefix_lookup
                0x0000000000015c73                uip_ds6_is_addr_onlink
                0x0000000000015ce7                uip_ds6_addr_add
                0x0000000000015e15                uip_ds6_long_addr_add
                0x0000000000015f43                uip_ds6_addr_rm
                0x0000000000015fe3                uip_ds6_addr_lookup
                0x000000000001602e                uip_ds6_long_addr_lookup
                0x0000000000016079                uip_ds6_get_link_local
                0x00000000000160f8                uip_ds6_long_get_link_local
                0x0000000000016177                uip_ds6_get_global
                0x00000000000161f6                uip_ds6_long_get_global
                0x0000000000016275                uip_ds6_maddr_add
                0x00000000000162e7                uip_ds6_long_maddr_add
                0x0000000000016359                uip_ds6_maddr_rm
                0x000000000001636b                uip_ds6_maddr_lookup
                0x00000000000163b6                uip_ds6_long_maddr_lookup
                0x0000000000016401                uip_ds6_aaddr_add
                0x0000000000016473                uip_ds6_long_aaddr_add
                0x00000000000164e5                uip_ds6_aaddr_rm
                0x00000000000164f7                uip_ds6_aaddr_lookup
                0x0000000000016542                uip_ds6_long_aaddr_lookup
                0x000000000001658d                uip_ds6_select_src
                0x0000000000016816                uip_ds6_set_addr_iid
                0x000000000001684d                get_match_length
                0x00000000000168df                uip_ds6_compute_reachable_time
 .text          0x000000000001692b     0x29f3 obj_cooja/mtype936.a(uip6.o)
                0x000000000001692b                uip_add32
                0x0000000000016ac4                uip_chksum
                0x0000000000016bb2                uip_icmp6chksum
                0x0000000000016bc6                uip_tcpchksum
                0x0000000000016bda                uip_udpchksum
                0x0000000000016bee                uip_init
                0x0000000000016cbe                uip_connect
                0x0000000000016e6d                remove_ext_hdr
                0x0000000000016f42                uip_udp_new
                0x000000000001709e                uip_unlisten
                0x00000000000170fe                uip_listen
                0x00000000000173c0                uip_process
                0x0000000000019212                uip_htons
                0x0000000000019234                uip_htonl
                0x0000000000019274                uip_send
 .text          0x000000000001931e      0xb43 obj_cooja/mtype936.a(tcpip.o)
                0x000000000001931e                tcpip_output
                0x000000000001934c                tcpip_set_outputfunc
                0x00000000000193e0                tcp_connect
                0x0000000000019435                tcp_unlisten
                0x0000000000019490                tcp_listen
                0x00000000000194e9                tcp_attach
                0x000000000001950e                udp_attach
                0x0000000000019533                udp_new
                0x0000000000019585                udp_broadcast_new
                0x00000000000197f9                tcpip_input
                0x000000000001982d                tcpip_ipv6_output
                0x0000000000019ca7                tcpip_poll_udp
                0x0000000000019cca                tcpip_poll_tcp
                0x0000000000019ced                tcpip_uipcall
 .text          0x0000000000019e61      0x1c1 obj_cooja/mtype936.a(uip-debug.o)
                0x0000000000019e61                uip_debug_ipaddr_print
                0x0000000000019fc3                uip_debug_lladdr_print
 .text          0x000000000001a022      0x141 obj_cooja/mtype936.a(uip-packetqueue)
                0x000000000001a04e                uip_packetqueue_new
                0x000000000001a05c                uip_packetqueue_alloc
                0x000000000001a0bc                uip_packetqueue_free
                0x000000000001a0fd                uip_packetqueue_buf
                0x000000000001a11a                uip_packetqueue_buflen
                0x000000000001a13b                uip_packetqueue_set_buflen
 .text          0x000000000001a163     0x25bb obj_cooja/mtype936.a(rpl-dag.o)
                0x000000000001a163                rpl_print_neighbor_list
                0x000000000001a20c                rpl_print_child_neighbor_list
                0x000000000001a281                rpl_get_nbr
                0x000000000001a2db                rpl_get_nbr_child
                0x000000000001a335                rpl_dag_init
                0x000000000001a367                rpl_get_parent
                0x000000000001a389                rpl_get_parent_rank
                0x000000000001a3bc                rpl_get_parent_link_metric
                0x000000000001a3ef                rpl_get_parent_ipaddr
                0x000000000001a419                rpl_get_child_ipaddr
                0x000000000001a734                rpl_set_root
                0x000000000001a962                rpl_repair_root
                0x000000000001ab9e                rpl_set_prefix
                0x000000000001ac9d                rpl_set_default_route
                0x000000000001ad29                rpl_alloc_instance
                0x000000000001adbc                rpl_alloc_dag
                0x000000000001ae6f                rpl_set_default_instance
                0x000000000001ae7c                rpl_get_default_instance
                0x000000000001ae86                rpl_free_instance
                0x000000000001af37                rpl_free_dag
                0x000000000001af9d                rpl_add_parent
                0x000000000001b093                rpl_find_parent
                0x000000000001b0c3                rpl_add_child
                0x000000000001b167                rpl_find_child
                0x000000000001b1b5                rpl_find_parent_any_dag
                0x000000000001b1f1                rpl_select_dag
                0x000000000001b614                rpl_select_parent
                0x000000000001b676                rpl_remove_parent
                0x000000000001b6ac                rpl_remove_child
                0x000000000001b6c8                rpl_nullify_parent
                0x000000000001b766                rpl_move_parent
                0x000000000001b803                rpl_has_downward_route
                0x000000000001b856                rpl_get_any_dag
                0x000000000001b8b8                rpl_get_instance
                0x000000000001b91b                rpl_find_of
                0x000000000001b958                rpl_join_instance
                0x000000000001bbd3                rpl_add_dag
                0x000000000001bfc2                rpl_local_repair
                0x000000000001c09b                rpl_recalculate_ranks
                0x000000000001c121                rpl_process_parent_event
                0x000000000001c1d3                rpl_process_dio
 .text          0x000000000001c71e      0xbf3 obj_cooja/mtype936.a(rpl-ext-header.)
                0x000000000001c73b                rpl_verify_header
                0x000000000001cbb5                rpl_update_header_empty
                0x000000000001cecc                rpl_update_header_final
                0x000000000001d05b                rpl_remove_header
                0x000000000001d165                rpl_invert_header
                0x000000000001d2ef                rpl_insert_header
 .text          0x000000000001d311     0x22e1 obj_cooja/mtype936.a(rpl-icmp6.o)
                0x000000000001d5da                rpl_icmp6_update_nbr_table
                0x000000000001d6ca                dis_output
                0x000000000001e002                dio_output
                0x000000000001f15d                dao_output
                0x000000000001f225                dao_output_target
                0x000000000001f5a6                dao_ack_output
                0x000000000001f5ba                rpl_icmp6_register_handlers
 .text          0x000000000001f5f2      0x299 obj_cooja/mtype936.a(rpl-mrhof.o)
 .text          0x000000000001f88b      0x7b3 obj_cooja/mtype936.a(rpl-timers.o)
                0x000000000001fad1                rpl_reset_periodic_timer
                0x000000000001fb26                rpl_reset_dio_timer
                0x000000000001fd60                rpl_schedule_dao
                0x000000000001fd7b                rpl_schedule_dao_immediately
                0x000000000001fd96                rpl_cancel_dao
                0x000000000001fdf8                rpl_schedule_unicast_dio_immediately
                0x000000000001ffe6                rpl_schedule_probing
 .text          0x000000000002003e      0x5c5 obj_cooja/mtype936.a(rpl.o)
                0x000000000002003e                rpl_get_mode
                0x0000000000020048                rpl_set_mode
                0x00000000000200d6                rpl_purge_routes
                0x00000000000201d0                rpl_remove_routes
                0x0000000000020216                rpl_remove_routes_by_nexthop
                0x0000000000020282                rpl_add_route
                0x00000000000202fd                rpl_link_neighbor_callback
                0x0000000000020402                rpl_ipv6_neighbor_callback
                0x0000000000020471                rpl_purge_dags
                0x000000000002057d                rpl_init
 .text          0x0000000000020603      0x3f5 obj_cooja/mtype936.a(framer-802154.o)
 .text          0x00000000000209f8       0x5e obj_cooja/mtype936.a(nullmac.o)
 .text          0x0000000000020a56      0x4ce obj_cooja/mtype936.a(nullrdc.o)
 .text          0x0000000000020f24       0x82 obj_cooja/mtype936.a(linkaddr.o)
                0x0000000000020f24                linkaddr_copy
                0x0000000000020f46                linkaddr_cmp
                0x0000000000020f70                linkaddr_set_node_addr
                0x0000000000020f8b                linkaddr_set_node_long_addr
 .text          0x0000000000020fa6      0x915 obj_cooja/mtype936.a(nbr-table.o)
                0x0000000000020fa6                long_ip_from_lladdr_map
                0x000000000002102f                lladdr_map_add_lr
                0x00000000000210ec                lladdr_map_rm_lr
                0x00000000000215b1                nbr_table_register
                0x00000000000215f9                nbr_table_head
                0x0000000000021655                nbr_table_next
                0x00000000000216bc                nbr_table_add_lladdr
                0x0000000000021798                nbr_table_get_from_lladdr
                0x00000000000217e5                nbr_table_remove
                0x0000000000021837                nbr_table_lock
                0x0000000000021861                nbr_table_unlock
                0x000000000002188b                nbr_table_get_lladdr
 .text          0x00000000000218bb       0x2b obj_cooja/mtype936.a(netstack.o)
                0x00000000000218bb                netstack_init
 .text          0x00000000000218e6      0x3cd obj_cooja/mtype936.a(packetbuf.o)
                0x00000000000218e6                packetbuf_clear
                0x0000000000021910                packetbuf_copyfrom
                0x0000000000021962                packetbuf_compact
                0x00000000000219df                packetbuf_copyto
                0x0000000000021a76                packetbuf_hdralloc
                0x0000000000021af3                packetbuf_hdrreduce
                0x0000000000021b3b                packetbuf_set_datalen
                0x0000000000021b54                packetbuf_dataptr
                0x0000000000021b71                packetbuf_hdrptr
                0x0000000000021b7b                packetbuf_datalen
                0x0000000000021b87                packetbuf_hdrlen
                0x0000000000021b9e                packetbuf_totlen
                0x0000000000021bb4                packetbuf_attr_clear
                0x0000000000021c06                packetbuf_attr_copyto
                0x0000000000021c4f                packetbuf_attr_copyfrom
                0x0000000000021c97                packetbuf_holds_broadcast
 .text          0x0000000000021cb3      0x2b4 obj_cooja/mtype936.a(queuebuf.o)
                0x0000000000021cbd                queuebuf_init
                0x0000000000021cdd                queuebuf_numfree
                0x0000000000021cf1                queuebuf_new_from_packetbuf
                0x0000000000021d81                queuebuf_update_attr_from_packetbuf
                0x0000000000021db4                queuebuf_update_from_packetbuf
                0x0000000000021dfe                queuebuf_free
                0x0000000000021e45                queuebuf_to_packetbuf
                0x0000000000021eab                queuebuf_dataptr
                0x0000000000021ee2                queuebuf_datalen
                0x0000000000021f05                queuebuf_addr
                0x0000000000021f37                queuebuf_attr
                0x0000000000021f62                queuebuf_debug_print
 .text          0x0000000000021f67       0x6e obj_cooja/mtype936.a(nullsec.o)
 .text          0x0000000000021fd5       0x19 obj_cooja/mtype936.a(watchdog.o)
                0x0000000000021fd5                watchdog_init
                0x0000000000021fda                watchdog_start
                0x0000000000021fdf                watchdog_periodic
                0x0000000000021fe4                watchdog_stop
                0x0000000000021fe9                watchdog_reboot
 .text          0x0000000000021fee        0x0 obj_cooja/mtype936.a(rimestats.o)
 .text          0x0000000000021fee       0xa3 obj_cooja/mtype936.a(stimer.o)
                0x0000000000021fee                stimer_set
                0x0000000000022009                stimer_reset
                0x0000000000022020                stimer_restart
                0x0000000000022032                stimer_expired
                0x0000000000022059                stimer_remaining
                0x000000000002207d                stimer_elapsed
 .text          0x0000000000022091      0x1c1 obj_cooja/mtype936.a(memb.o)
                0x0000000000022091                memb_init
                0x00000000000220ef                memb_alloc
                0x0000000000022154                memb_free
                0x00000000000221cf                memb_inmemb
                0x000000000002220e                memb_numfree
 .text          0x0000000000022252      0x916 obj_cooja/mtype936.a(uip-ds6-route.o)
                0x00000000000222c9                uip_ds6_notification_add
                0x00000000000222fa                uip_ds6_notification_rm
                0x0000000000022316                uip_ds6_route_init
                0x000000000002239e                uip_ds6_route_nexthop
                0x00000000000223c6                uip_ds6_route_head
                0x00000000000223db                uip_ds6_route_next
                0x0000000000022401                uip_ds6_route_is_nexthop
                0x0000000000022440                uip_ds6_route_num_routes
                0x000000000002244a                uip_ds6_route_lookup
                0x000000000002250c                uip_ds6_route_add
                0x0000000000022740                uip_ds6_route_rm
                0x00000000000228d4                uip_ds6_route_rm_by_nexthop
                0x000000000002290c                uip_ds6_defrt_add
                0x00000000000229bd                uip_ds6_defrt_rm
                0x0000000000022a3c                uip_ds6_defrt_lookup
                0x0000000000022a95                uip_ds6_defrt_choose
                0x0000000000022b00                uip_ds6_defrt_periodic
 .text          0x0000000000022b68      0xab2 obj_cooja/mtype936.a(uip-icmp6.o)
                0x0000000000022bd6                uip_icmp6_input
                0x0000000000022c2c                uip_icmp6_register_input_handler
                0x0000000000022ef4                uip_icmp6_error_output
                0x0000000000023239                uip_icmp6_send
                0x00000000000235ad                uip_icmp6_echo_reply_callback_add
                0x00000000000235de                uip_icmp6_echo_reply_callback_rm
                0x00000000000235fa                uip_icmp6_init
 .text          0x000000000002361a      0x358 obj_cooja/mtype936.a(uip-nd6.o)
                0x000000000002366e                uip_nd6_ns_output
                0x000000000002396d                uip_nd6_init
 .text          0x0000000000023972      0x331 obj_cooja/mtype936.a(rpl-nbr-policy.)
                0x0000000000023b4a                find_removable_dis
                0x0000000000023b6d                find_removable_dio
                0x0000000000023bfc                find_removable_dao
                0x0000000000023c4c                rpl_nbr_policy_find_removable
 .text          0x0000000000023ca3      0x97c obj_cooja/mtype936.a(frame802154.o)
                0x0000000000023cd4                frame802154_get_pan_id
                0x0000000000023ce0                frame802154_set_pan_id
                0x0000000000023cf9                frame802154_has_panid
                0x0000000000023de5                frame802154_check_dest_panid
                0x0000000000023e4d                frame802154_is_broadcast_addr
                0x0000000000023e9a                frame802154_extract_linkaddr
                0x00000000000240da                frame802154_hdrlen
                0x000000000002412b                frame802154_create
                0x0000000000024316                frame802154_parse
 .text          0x000000000002461f      0x181 obj_cooja/mtype936.a(mac-sequence.o)
                0x0000000000024656                mac_sequence_is_duplicate
                0x00000000000246d9                mac_sequence_register_seqno
 .text          0x00000000000247a0       0x3c obj_cooja/mtype936.a(mac.o)
                0x00000000000247a0                mac_call_sent_callback
 .text          0x00000000000247dc        0x0 /usr/lib/gcc/i686-linux-gnu/4.8/crtendS.o
 .text          0x00000000000247dc        0x0 /usr/lib/gcc/i686-linux-gnu/4.8/../../../i386-linux-gnu/crtn.o
 *(.gnu.warning)

.fini           0x00000000000247dc       0x14
 *(SORT(.fini))
 .fini          0x00000000000247dc        0xf /usr/lib/gcc/i686-linux-gnu/4.8/../../../i386-linux-gnu/crti.o
                0x00000000000247dc                _fini
 .fini          0x00000000000247eb        0x5 /usr/lib/gcc/i686-linux-gnu/4.8/../../../i386-linux-gnu/crtn.o
                0x00000000000247f0                PROVIDE (__etext, .)
                0x00000000000247f0                PROVIDE (_etext, .)
                0x00000000000247f0                PROVIDE (etext, .)

.rodata         0x0000000000024800      0x7e0
 *(.rodata .rodata.* .gnu.linkonce.r.*)
 .rodata        0x0000000000024800      0x148 udp-server.co
                0x0000000000024814                autostart_processes
 .rodata        0x0000000000024948      0x1e6 obj_cooja/mtype936.o
 *fill*         0x0000000000024b2e        0x2 
 .rodata        0x0000000000024b30        0x8 obj_cooja/mtype936.a(beep.o)
                0x0000000000024b30                beep_interface
 .rodata        0x0000000000024b38       0x20 obj_cooja/mtype936.a(button-sensor.o)
                0x0000000000024b38                button_interface
                0x0000000000024b48                button_sensor
 .rodata        0x0000000000024b58        0x8 obj_cooja/mtype936.a(leds-arch.o)
                0x0000000000024b58                leds_interface
 .rodata        0x0000000000024b60        0x8 obj_cooja/mtype936.a(moteid.o)
                0x0000000000024b60                moteid_interface
 .rodata        0x0000000000024b68       0x1c obj_cooja/mtype936.a(pir-sensor.o)
                0x0000000000024b68                pir_interface
                0x0000000000024b74                pir_sensor
 .rodata        0x0000000000024b84        0xe obj_cooja/mtype936.a(rs232.o)
                0x0000000000024b84                rs232_interface
 *fill*         0x0000000000024b92        0x2 
 .rodata        0x0000000000024b94       0x24 obj_cooja/mtype936.a(vib-sensor.o)
                0x0000000000024b94                vib_interface
                0x0000000000024ba8                vib_sensor
 .rodata        0x0000000000024bb8        0x8 obj_cooja/mtype936.a(clock.o)
                0x0000000000024bb8                clock_interface
 .rodata        0x0000000000024bc0        0x8 obj_cooja/mtype936.a(log.o)
                0x0000000000024bc0                simlog_interface
 .rodata        0x0000000000024bc8       0x2f obj_cooja/mtype936.a(cfs-cooja.o)
                0x0000000000024bc8                cfs_interface
 *fill*         0x0000000000024bf7        0x9 
 .rodata        0x0000000000024c00       0x60 obj_cooja/mtype936.a(cooja-radio.o)
                0x0000000000024c20                cooja_radio_driver
                0x0000000000024c58                radio_interface
 .rodata        0x0000000000024c60        0x8 obj_cooja/mtype936.a(eeprom.o)
                0x0000000000024c60                eeprom_interface
 .rodata        0x0000000000024c68        0x8 obj_cooja/mtype936.a(sensors.o)
 .rodata        0x0000000000024c70       0x1c obj_cooja/mtype936.a(dual_conf.o)
 .rodata        0x0000000000024c8c        0xf obj_cooja/mtype936.a(ctimer.o)
 .rodata        0x0000000000024c9b        0xc obj_cooja/mtype936.a(etimer.o)
 *fill*         0x0000000000024ca7        0x1 
 .rodata        0x0000000000024ca8       0x73 obj_cooja/mtype936.a(log_message.o)
 *fill*         0x0000000000024d1b        0x1 
 .rodata        0x0000000000024d1c       0x20 obj_cooja/mtype936.a(residual.o)
 .rodata        0x0000000000024d3c        0xe obj_cooja/mtype936.a(serial-line.o)
 *fill*         0x0000000000024d4a        0x2 
 .rodata        0x0000000000024d4c       0x2c obj_cooja/mtype936.a(sicslowpan.o)
                0x0000000000024d4c                unc_llconf
                0x0000000000024d50                unc_ctxconf
                0x0000000000024d54                unc_mxconf
                0x0000000000024d58                llprefix
                0x0000000000024d6c                sicslowpan_driver
 .rodata        0x0000000000024d78      0x13c obj_cooja/mtype936.a(uip6.o)
 .rodata        0x0000000000024eb4       0x49 obj_cooja/mtype936.a(tcpip.o)
 .rodata        0x0000000000024efd       0x3e obj_cooja/mtype936.a(uip-debug.o)
 *fill*         0x0000000000024f3b        0x1 
 .rodata        0x0000000000024f3c        0x4 obj_cooja/mtype936.a(rpl-dag.o)
 .rodata        0x0000000000024f40        0xc obj_cooja/mtype936.a(framer-802154.o)
                0x0000000000024f40                framer_802154
 .rodata        0x0000000000024f4c       0x24 obj_cooja/mtype936.a(nullmac.o)
                0x0000000000024f54                nullmac_driver
 *fill*         0x0000000000024f70       0x10 
 .rodata        0x0000000000024f80       0x40 obj_cooja/mtype936.a(nullrdc.o)
                0x0000000000024fa0                nullrdc_driver
 .rodata        0x0000000000024fc0        0x8 obj_cooja/mtype936.a(linkaddr.o)
                0x0000000000024fc0                linkaddr_null
 .rodata        0x0000000000024fc8       0x18 obj_cooja/mtype936.a(nullsec.o)
                0x0000000000024fd0                nullsec_driver

.rodata1
 *(.rodata1)

.eh_frame_hdr   0x0000000000024fe0     0x132c
 *(.eh_frame_hdr)
 .eh_frame_hdr  0x0000000000024fe0     0x132c udp-server.co

.eh_frame       0x000000000002630c     0x4de8
 *(.eh_frame)
 .eh_frame      0x000000000002630c       0x3c /usr/lib/gcc/i686-linux-gnu/4.8/../../../i386-linux-gnu/crti.o
                                         0x40 (size before relaxing)
 .eh_frame      0x0000000000026348       0x68 udp-server.co
                                         0x80 (size before relaxing)
 .eh_frame      0x00000000000263b0      0x148 obj_cooja/mtype936.o
                                        0x160 (size before relaxing)
 .eh_frame      0x00000000000264f8       0x40 obj_cooja/mtype936.a(simEnvChange.o)
                                         0x58 (size before relaxing)
 .eh_frame      0x0000000000026538       0xc0 obj_cooja/mtype936.a(cooja_mt.o)
                                         0xd8 (size before relaxing)
 .eh_frame      0x00000000000265f8      0x120 obj_cooja/mtype936.a(cooja_mtarch.o)
                                        0x138 (size before relaxing)
 .eh_frame      0x0000000000026718       0xc0 obj_cooja/mtype936.a(rtimer-arch.o)
                                         0xd8 (size before relaxing)
 .eh_frame      0x00000000000267d8      0x160 obj_cooja/mtype936.a(beep.o)
                                        0x178 (size before relaxing)
 .eh_frame      0x0000000000026938       0xa0 obj_cooja/mtype936.a(button-sensor.o)
                                         0xb8 (size before relaxing)
 .eh_frame      0x00000000000269d8       0xa0 obj_cooja/mtype936.a(leds-arch.o)
                                         0xb8 (size before relaxing)
 .eh_frame      0x0000000000026a78       0x40 obj_cooja/mtype936.a(moteid.o)
                                         0x58 (size before relaxing)
 .eh_frame      0x0000000000026ab8       0xa0 obj_cooja/mtype936.a(pir-sensor.o)
                                         0xb8 (size before relaxing)
 .eh_frame      0x0000000000026b58      0x100 obj_cooja/mtype936.a(rs232.o)
                                        0x118 (size before relaxing)
 .eh_frame      0x0000000000026c58       0xa0 obj_cooja/mtype936.a(vib-sensor.o)
                                         0xb8 (size before relaxing)
 .eh_frame      0x0000000000026cf8       0xc0 obj_cooja/mtype936.a(clock.o)
                                         0xd8 (size before relaxing)
 .eh_frame      0x0000000000026db8      0x120 obj_cooja/mtype936.a(log.o)
                                        0x138 (size before relaxing)
 .eh_frame      0x0000000000026ed8      0x160 obj_cooja/mtype936.a(cfs-cooja.o)
                                        0x178 (size before relaxing)
 .eh_frame      0x0000000000027038      0x2e0 obj_cooja/mtype936.a(cooja-radio.o)
                                        0x2f8 (size before relaxing)
 .eh_frame      0x0000000000027318       0xa0 obj_cooja/mtype936.a(eeprom.o)
                                         0xb8 (size before relaxing)
 .eh_frame      0x00000000000273b8       0x40 obj_cooja/mtype936.a(random.o)
                                         0x58 (size before relaxing)
 .eh_frame      0x00000000000273f8       0xc0 obj_cooja/mtype936.a(sensors.o)
                                         0xd8 (size before relaxing)
 .eh_frame      0x00000000000274b8      0x160 obj_cooja/mtype936.a(dual_conf.o)
                                        0x178 (size before relaxing)
 .eh_frame      0x0000000000027618       0x40 obj_cooja/mtype936.a(autostart.o)
                                         0x58 (size before relaxing)
 .eh_frame      0x0000000000027658      0x100 obj_cooja/mtype936.a(ctimer.o)
                                        0x118 (size before relaxing)
 .eh_frame      0x0000000000027758      0x1e0 obj_cooja/mtype936.a(etimer.o)
                                        0x1f8 (size before relaxing)
 .eh_frame      0x0000000000027938       0x40 obj_cooja/mtype936.a(log_message.o)
                                         0x58 (size before relaxing)
 .eh_frame      0x0000000000027978      0x1c8 obj_cooja/mtype936.a(process.o)
                                        0x1e0 (size before relaxing)
 .eh_frame      0x0000000000027b40       0x2c obj_cooja/mtype936.a(residual.o)
                                         0x44 (size before relaxing)
 .eh_frame      0x0000000000027b6c       0x60 obj_cooja/mtype936.a(rtimer.o)
                                         0x78 (size before relaxing)
 .eh_frame      0x0000000000027bcc       0xa4 obj_cooja/mtype936.a(timer.o)
                                         0xbc (size before relaxing)
 .eh_frame      0x0000000000027c70       0x60 obj_cooja/mtype936.a(serial-line.o)
                                         0x78 (size before relaxing)
 .eh_frame      0x0000000000027cd0      0x180 obj_cooja/mtype936.a(list.o)
                                        0x198 (size before relaxing)
 .eh_frame      0x0000000000027e50       0xa0 obj_cooja/mtype936.a(ringbuf.o)
                                         0xb8 (size before relaxing)
 .eh_frame      0x0000000000027ef0      0x350 obj_cooja/mtype936.a(sicslowpan.o)
                                        0x368 (size before relaxing)
 .eh_frame      0x0000000000028240      0x180 obj_cooja/mtype936.a(uip-ds6-nbr.o)
                                        0x198 (size before relaxing)
 .eh_frame      0x00000000000283c0      0x3c8 obj_cooja/mtype936.a(uip-ds6.o)
                                        0x3e0 (size before relaxing)
 .eh_frame      0x0000000000028788      0x27c obj_cooja/mtype936.a(uip6.o)
                                        0x294 (size before relaxing)
 .eh_frame      0x0000000000028a04      0x270 obj_cooja/mtype936.a(tcpip.o)
                                        0x288 (size before relaxing)
 .eh_frame      0x0000000000028c74       0x48 obj_cooja/mtype936.a(uip-debug.o)
                                         0x60 (size before relaxing)
 .eh_frame      0x0000000000028cbc       0xe0 obj_cooja/mtype936.a(uip-packetqueue)
                                         0xf8 (size before relaxing)
 .eh_frame      0x0000000000028d9c      0x74c obj_cooja/mtype936.a(rpl-dag.o)
                                        0x764 (size before relaxing)
 .eh_frame      0x00000000000294e8      0x10c obj_cooja/mtype936.a(rpl-ext-header.)
                                        0x124 (size before relaxing)
 .eh_frame      0x00000000000295f4      0x2b8 obj_cooja/mtype936.a(rpl-icmp6.o)
                                        0x2d0 (size before relaxing)
 .eh_frame      0x00000000000298ac       0xe0 obj_cooja/mtype936.a(rpl-mrhof.o)
                                         0xf8 (size before relaxing)
 .eh_frame      0x000000000002998c      0x20c obj_cooja/mtype936.a(rpl-timers.o)
                                        0x224 (size before relaxing)
 .eh_frame      0x0000000000029b98      0x148 obj_cooja/mtype936.a(rpl.o)
                                        0x160 (size before relaxing)
 .eh_frame      0x0000000000029ce0      0x108 obj_cooja/mtype936.a(framer-802154.o)
                                        0x120 (size before relaxing)
 .eh_frame      0x0000000000029de8       0xc0 obj_cooja/mtype936.a(nullmac.o)
                                         0xd8 (size before relaxing)
 .eh_frame      0x0000000000029ea8      0x16c obj_cooja/mtype936.a(nullrdc.o)
                                        0x184 (size before relaxing)
 .eh_frame      0x000000000002a014       0x80 obj_cooja/mtype936.a(linkaddr.o)
                                         0x98 (size before relaxing)
 .eh_frame      0x000000000002a094      0x2cc obj_cooja/mtype936.a(nbr-table.o)
                                        0x2e4 (size before relaxing)
 .eh_frame      0x000000000002a360       0x20 obj_cooja/mtype936.a(netstack.o)
                                         0x38 (size before relaxing)
 .eh_frame      0x000000000002a380      0x214 obj_cooja/mtype936.a(packetbuf.o)
                                        0x22c (size before relaxing)
 .eh_frame      0x000000000002a594      0x1a0 obj_cooja/mtype936.a(queuebuf.o)
                                        0x1b8 (size before relaxing)
 .eh_frame      0x000000000002a734       0x80 obj_cooja/mtype936.a(nullsec.o)
                                         0x98 (size before relaxing)
 .eh_frame      0x000000000002a7b4       0xa0 obj_cooja/mtype936.a(watchdog.o)
                                         0xb8 (size before relaxing)
 .eh_frame      0x000000000002a854       0xc4 obj_cooja/mtype936.a(stimer.o)
                                         0xdc (size before relaxing)
 .eh_frame      0x000000000002a918       0xa0 obj_cooja/mtype936.a(memb.o)
                                         0xb8 (size before relaxing)
 .eh_frame      0x000000000002a9b8      0x2a0 obj_cooja/mtype936.a(uip-ds6-route.o)
                                        0x2b8 (size before relaxing)
 .eh_frame      0x000000000002ac58      0x164 obj_cooja/mtype936.a(uip-icmp6.o)
                                        0x17c (size before relaxing)
 .eh_frame      0x000000000002adbc       0x68 obj_cooja/mtype936.a(uip-nd6.o)
                                         0x80 (size before relaxing)
 .eh_frame      0x000000000002ae24       0xc0 obj_cooja/mtype936.a(rpl-nbr-policy.)
                                         0xd8 (size before relaxing)
 .eh_frame      0x000000000002aee4      0x164 obj_cooja/mtype936.a(frame802154.o)
                                        0x17c (size before relaxing)
 .eh_frame      0x000000000002b048       0x88 obj_cooja/mtype936.a(mac-sequence.o)
                                         0xa0 (size before relaxing)
 .eh_frame      0x000000000002b0d0       0x20 obj_cooja/mtype936.a(mac.o)
                                         0x38 (size before relaxing)
 .eh_frame      0x000000000002b0f0        0x4 /usr/lib/gcc/i686-linux-gnu/4.8/crtendS.o

.gcc_except_table
 *(.gcc_except_table .gcc_except_table.*)

.exception_ranges
 *(.exception_ranges .exception_ranges*)
                0x000000000002b0f4                . = (ALIGN (0x1000) - ((0x1000 - .) & 0xfff))
                0x000000000002cef8                . = DATA_SEGMENT_ALIGN (0x1000, 0x1000)

.eh_frame
 *(.eh_frame)

.gcc_except_table
 *(.gcc_except_table .gcc_except_table.*)

.exception_ranges
 *(.exception_ranges .exception_ranges*)

.tdata
 *(.tdata .tdata.* .gnu.linkonce.td.*)

.tbss
 *(.tbss .tbss.* .gnu.linkonce.tb.*)
 *(.tcommon)

.preinit_array
 *(.preinit_array)

.init_array     0x000000000002cef8        0x4
 *(SORT(.init_array.*) SORT(.ctors.*))
 *(.init_array EXCLUDE_FILE(*crtend?.o *crtend.o *crtbegin?.o *crtbegin.o) .ctors)
 .init_array    0x000000000002cef8        0x4 /usr/lib/gcc/i686-linux-gnu/4.8/crtbeginS.o

.fini_array     0x000000000002cefc        0x4
 *(SORT(.fini_array.*) SORT(.dtors.*))
 *(.fini_array EXCLUDE_FILE(*crtend?.o *crtend.o *crtbegin?.o *crtbegin.o) .dtors)
 .fini_array    0x000000000002cefc        0x4 /usr/lib/gcc/i686-linux-gnu/4.8/crtbeginS.o

.ctors
 *crtbegin.o(.ctors)
 *crtbegin?.o(.ctors)
 *(EXCLUDE_FILE(*crtend?.o *crtend.o) .ctors)
 *(SORT(.ctors.*))
 *(.ctors)

.dtors
 *crtbegin.o(.dtors)
 *crtbegin?.o(.dtors)
 *(EXCLUDE_FILE(*crtend?.o *crtend.o) .dtors)
 *(SORT(.dtors.*))
 *(.dtors)

.jcr            0x000000000002cf00        0x4
 *(.jcr)
 .jcr           0x000000000002cf00        0x0 /usr/lib/gcc/i686-linux-gnu/4.8/crtbeginS.o
 .jcr           0x000000000002cf00        0x4 /usr/lib/gcc/i686-linux-gnu/4.8/crtendS.o

.data.rel.ro
 *(.data.rel.ro.local* .gnu.linkonce.d.rel.ro.local.*)
 *(.data.rel.ro .data.rel.ro.* .gnu.linkonce.d.rel.ro.*)

.dynamic        0x000000000002cf04       0xe8
 *(.dynamic)
 .dynamic       0x000000000002cf04       0xe8 /usr/lib/gcc/i686-linux-gnu/4.8/../../../i386-linux-gnu/crti.o
                0x000000000002cf04                _DYNAMIC

.got            0x000000000002cfec       0x14
 *(.got)
 .got           0x000000000002cfec       0x14 /usr/lib/gcc/i686-linux-gnu/4.8/../../../i386-linux-gnu/crti.o
 *(.igot)
                0x000000000002dff4                . = DATA_SEGMENT_RELRO_END (., (SIZEOF (.got.plt) >= 0xc)?0xc:0x0)

.got.plt        0x000000000002d000       0x14
 *(.got.plt)
 .got.plt       0x000000000002d000       0x14 /usr/lib/gcc/i686-linux-gnu/4.8/../../../i386-linux-gnu/crti.o
                0x000000000002d000                _GLOBAL_OFFSET_TABLE_
 *(.igot.plt)

.data           0x000000000002d020      0x246
 *(.data .data.* .gnu.linkonce.d.*)
 .data          0x000000000002d020        0x0 /usr/lib/gcc/i686-linux-gnu/4.8/../../../i386-linux-gnu/crti.o
 .data          0x000000000002d020        0x0 /usr/lib/gcc/i686-linux-gnu/4.8/crtbeginS.o
 .data.rel      0x000000000002d020        0x4 /usr/lib/gcc/i686-linux-gnu/4.8/crtbeginS.o
                0x000000000002d020                __dso_handle
 .data          0x000000000002d024       0x10 udp-server.co
                0x000000000002d024                udp_server_process
 *fill*         0x000000000002d034        0xc 
 .data          0x000000000002d040       0x44 obj_cooja/mtype936.o
                0x000000000002d040                simInterfaces
                0x000000000002d074                sensors
 .data          0x000000000002d084        0x0 obj_cooja/mtype936.a(simEnvChange.o)
 .data          0x000000000002d084        0x0 obj_cooja/mtype936.a(cooja_mt.o)
 .data          0x000000000002d084        0x0 obj_cooja/mtype936.a(cooja_mtarch.o)
 .data          0x000000000002d084        0x0 obj_cooja/mtype936.a(rtimer-arch.o)
 .data          0x000000000002d084        0x0 obj_cooja/mtype936.a(beep.o)
 .data          0x000000000002d084        0x0 obj_cooja/mtype936.a(button-sensor.o)
 .data          0x000000000002d084        0x0 obj_cooja/mtype936.a(leds-arch.o)
 .data          0x000000000002d084        0x0 obj_cooja/mtype936.a(moteid.o)
 .data          0x000000000002d084        0x0 obj_cooja/mtype936.a(pir-sensor.o)
 .data          0x000000000002d084        0x0 obj_cooja/mtype936.a(rs232.o)
 .data          0x000000000002d084        0x0 obj_cooja/mtype936.a(vib-sensor.o)
 .data          0x000000000002d084        0x0 obj_cooja/mtype936.a(clock.o)
 .data          0x000000000002d084        0x0 obj_cooja/mtype936.a(log.o)
 .data          0x000000000002d084        0x0 obj_cooja/mtype936.a(cfs-cooja.o)
 .data          0x000000000002d084       0x40 obj_cooja/mtype936.a(cooja-radio.o)
                0x000000000002d084                simRadioChannelLR
                0x000000000002d088                simRadioHWOnLR
                0x000000000002d08c                simSignalStrengthLR
                0x000000000002d090                simLastSignalStrengthLR
                0x000000000002d094                simPowerLR
                0x000000000002d098                simLQILR
                0x000000000002d09c                simRadioChannel
                0x000000000002d0a0                simRadioHWOn
                0x000000000002d0a4                simSignalStrength
                0x000000000002d0a8                simLastSignalStrength
                0x000000000002d0ac                simPower
                0x000000000002d0b0                simLQI
                0x000000000002d0b4                cooja_radio_process
 .data          0x000000000002d0c4        0x0 obj_cooja/mtype936.a(eeprom.o)
 .data          0x000000000002d0c4        0x0 obj_cooja/mtype936.a(random.o)
 .data          0x000000000002d0c4       0x10 obj_cooja/mtype936.a(sensors.o)
                0x000000000002d0c4                sensors_process
 .data          0x000000000002d0d4       0x24 obj_cooja/mtype936.a(dual_conf.o)
                0x000000000002d0d4                radio_received
                0x000000000002d0d8                dual_dio_broadcast
                0x000000000002d0e8                dual_dis_broadcast
 .data          0x000000000002d0f8        0x0 obj_cooja/mtype936.a(autostart.o)
 .data          0x000000000002d0f8       0x14 obj_cooja/mtype936.a(ctimer.o)
                0x000000000002d0fc                ctimer_process
 .data          0x000000000002d10c       0x10 obj_cooja/mtype936.a(etimer.o)
                0x000000000002d10c                etimer_process
 .data          0x000000000002d11c        0x0 obj_cooja/mtype936.a(log_message.o)
 .data          0x000000000002d11c        0x0 obj_cooja/mtype936.a(process.o)
 .data          0x000000000002d11c        0x0 obj_cooja/mtype936.a(residual.o)
 .data          0x000000000002d11c        0x0 obj_cooja/mtype936.a(rtimer.o)
 .data          0x000000000002d11c        0x0 obj_cooja/mtype936.a(timer.o)
 .data          0x000000000002d11c       0x10 obj_cooja/mtype936.a(serial-line.o)
                0x000000000002d11c                serial_line_process
 .data          0x000000000002d12c        0x0 obj_cooja/mtype936.a(list.o)
 .data          0x000000000002d12c        0x0 obj_cooja/mtype936.a(ringbuf.o)
 .data          0x000000000002d12c        0x0 obj_cooja/mtype936.a(sicslowpan.o)
 .data          0x000000000002d12c       0x14 obj_cooja/mtype936.a(uip-ds6-nbr.o)
                0x000000000002d13c                ds6_neighbors
 .data          0x000000000002d140        0x0 obj_cooja/mtype936.a(uip-ds6.o)
 .data          0x000000000002d140        0x0 obj_cooja/mtype936.a(uip6.o)
 .data          0x000000000002d140       0x10 obj_cooja/mtype936.a(tcpip.o)
                0x000000000002d140                tcpip_process
 .data          0x000000000002d150        0x0 obj_cooja/mtype936.a(uip-debug.o)
 .data          0x000000000002d150        0xc obj_cooja/mtype936.a(uip-packetqueue)
 .data          0x000000000002d15c       0x28 obj_cooja/mtype936.a(rpl-dag.o)
                0x000000000002d16c                rpl_parents
                0x000000000002d180                rpl_children
 .data          0x000000000002d184        0x0 obj_cooja/mtype936.a(rpl-ext-header.)
 .data          0x000000000002d184       0x34 obj_cooja/mtype936.a(rpl-icmp6.o)
 .data          0x000000000002d1b8       0x1c obj_cooja/mtype936.a(rpl-mrhof.o)
                0x000000000002d1b8                rpl_mrhof
 .data          0x000000000002d1d4        0x0 obj_cooja/mtype936.a(rpl-timers.o)
 .data          0x000000000002d1d4        0x0 obj_cooja/mtype936.a(rpl.o)
 .data          0x000000000002d1d4        0x0 obj_cooja/mtype936.a(framer-802154.o)
 .data          0x000000000002d1d4        0x0 obj_cooja/mtype936.a(nullmac.o)
 .data          0x000000000002d1d4        0x0 obj_cooja/mtype936.a(nullrdc.o)
 .data          0x000000000002d1d4        0x0 obj_cooja/mtype936.a(linkaddr.o)
 .data          0x000000000002d1d4       0x10 obj_cooja/mtype936.a(nbr-table.o)
 .data          0x000000000002d1e4        0x0 obj_cooja/mtype936.a(netstack.o)
 .data          0x000000000002d1e4        0x4 obj_cooja/mtype936.a(packetbuf.o)
 .data          0x000000000002d1e8       0x18 obj_cooja/mtype936.a(queuebuf.o)
 .data          0x000000000002d200        0x0 obj_cooja/mtype936.a(nullsec.o)
 .data          0x000000000002d200        0x0 obj_cooja/mtype936.a(watchdog.o)
 .data          0x000000000002d200        0x0 obj_cooja/mtype936.a(rimestats.o)
 .data          0x000000000002d200        0x0 obj_cooja/mtype936.a(stimer.o)
 .data          0x000000000002d200        0x0 obj_cooja/mtype936.a(memb.o)
 .data          0x000000000002d200       0x44 obj_cooja/mtype936.a(uip-ds6-route.o)
                0x000000000002d210                nbr_routes
 .data          0x000000000002d244       0x20 obj_cooja/mtype936.a(uip-icmp6.o)
 .data          0x000000000002d264        0x0 obj_cooja/mtype936.a(uip-nd6.o)
 .data          0x000000000002d264        0x0 obj_cooja/mtype936.a(rpl-nbr-policy.)
 .data          0x000000000002d264        0x2 obj_cooja/mtype936.a(frame802154.o)
 .data          0x000000000002d266        0x0 obj_cooja/mtype936.a(mac-sequence.o)
 .data          0x000000000002d266        0x0 obj_cooja/mtype936.a(mac.o)
 .data          0x000000000002d266        0x0 /usr/lib/gcc/i686-linux-gnu/4.8/crtendS.o
 .data          0x000000000002d266        0x0 /usr/lib/gcc/i686-linux-gnu/4.8/../../../i386-linux-gnu/crtn.o

.tm_clone_table
                0x000000000002d268        0x0
 .tm_clone_table
                0x000000000002d268        0x0 /usr/lib/gcc/i686-linux-gnu/4.8/crtbeginS.o
 .tm_clone_table
                0x000000000002d268        0x0 /usr/lib/gcc/i686-linux-gnu/4.8/crtendS.o

.data1
 *(.data1)
                0x000000000002d268                _edata = .
                0x000000000002d268                PROVIDE (edata, .)
                0x000000000002d268                . = .
                0x000000000002d268                __bss_start = .

.bss            0x000000000002d280     0x88e8
 *(.dynbss)
 .dynbss        0x0000000000000000        0x0 /usr/lib/gcc/i686-linux-gnu/4.8/../../../i386-linux-gnu/crti.o
 *(.bss .bss.* .gnu.linkonce.b.*)
 .bss           0x000000000002d280        0x0 /usr/lib/gcc/i686-linux-gnu/4.8/../../../i386-linux-gnu/crti.o
 .bss           0x000000000002d280        0x1 /usr/lib/gcc/i686-linux-gnu/4.8/crtbeginS.o
 *fill*         0x000000000002d281        0x3 
 .bss           0x000000000002d284        0x8 udp-server.co
                0x000000000002d284                my_weight
 *fill*         0x000000000002d28c       0x14 
 .bss           0x000000000002d2a0     0x2030 obj_cooja/mtype936.o
 .bss           0x000000000002f2d0        0x1 obj_cooja/mtype936.a(simEnvChange.o)
                0x000000000002f2d0                simDontFallAsleep
 *fill*         0x000000000002f2d1        0x3 
 .bss           0x000000000002f2d4        0x4 obj_cooja/mtype936.a(cooja_mt.o)
 .bss           0x000000000002f2d8        0x4 obj_cooja/mtype936.a(cooja_mtarch.o)
 .bss           0x000000000002f2dc        0xc obj_cooja/mtype936.a(rtimer-arch.o)
 .bss           0x000000000002f2e8        0x0 obj_cooja/mtype936.a(beep.o)
 .bss           0x000000000002f2e8        0x8 obj_cooja/mtype936.a(button-sensor.o)
 .bss           0x000000000002f2f0        0x0 obj_cooja/mtype936.a(leds-arch.o)
 .bss           0x000000000002f2f0        0x0 obj_cooja/mtype936.a(moteid.o)
 .bss           0x000000000002f2f0        0x1 obj_cooja/mtype936.a(pir-sensor.o)
                0x000000000002f2f0                simPirValue
 *fill*         0x000000000002f2f1        0x3 
 .bss           0x000000000002f2f4        0x4 obj_cooja/mtype936.a(rs232.o)
 .bss           0x000000000002f2f8        0x1 obj_cooja/mtype936.a(vib-sensor.o)
                0x000000000002f2f8                simVibValue
 .bss           0x000000000002f2f9        0x0 obj_cooja/mtype936.a(clock.o)
 *fill*         0x000000000002f2f9        0x7 
 .bss           0x000000000002f300      0x420 obj_cooja/mtype936.a(log.o)
 .bss           0x000000000002f720      0xfc0 obj_cooja/mtype936.a(cfs-cooja.o)
                0x000000000002f720                simCFSData
                0x00000000000306c0                simCFSSize
                0x00000000000306c4                simCFSChanged
                0x00000000000306c8                simCFSRead
                0x00000000000306cc                simCFSWritten
 .bss           0x00000000000306e0       0x24 obj_cooja/mtype936.a(cooja-radio.o)
                0x00000000000306e0                simReceivingLR
                0x00000000000306e4                simInSizeLR
                0x00000000000306e8                simOutSizeLR
                0x00000000000306ec                simReceiving
                0x00000000000306f0                simInSize
                0x00000000000306f4                simOutSize
                0x00000000000306f8                LongRangeTransmit
                0x00000000000306fc                LongRangeReceiving
 .bss           0x0000000000030704        0xc obj_cooja/mtype936.a(eeprom.o)
                0x0000000000030704                simEEPROMChanged
                0x0000000000030708                simEEPROMRead
                0x000000000003070c                simEEPROMWritten
 .bss           0x0000000000030710        0x0 obj_cooja/mtype936.a(random.o)
 .bss           0x0000000000030710        0xc obj_cooja/mtype936.a(sensors.o)
 .bss           0x000000000003071c       0x28 obj_cooja/mtype936.a(dual_conf.o)
                0x000000000003071c                long_range_radio
 .bss           0x0000000000030744        0x0 obj_cooja/mtype936.a(autostart.o)
 .bss           0x0000000000030744        0x5 obj_cooja/mtype936.a(ctimer.o)
 *fill*         0x0000000000030749        0x3 
 .bss           0x000000000003074c        0x8 obj_cooja/mtype936.a(etimer.o)
 .bss           0x0000000000030754        0x0 obj_cooja/mtype936.a(log_message.o)
 *fill*         0x0000000000030754        0xc 
 .bss           0x0000000000030760      0x1b1 obj_cooja/mtype936.a(process.o)
                0x0000000000030760                process_list
                0x0000000000030764                process_current
 .bss           0x0000000000030911        0x0 obj_cooja/mtype936.a(residual.o)
 *fill*         0x0000000000030911        0x3 
 .bss           0x0000000000030914        0x4 obj_cooja/mtype936.a(rtimer.o)
 .bss           0x0000000000030918        0x0 obj_cooja/mtype936.a(timer.o)
 *fill*         0x0000000000030918        0x8 
 .bss           0x0000000000030920      0x140 obj_cooja/mtype936.a(serial-line.o)
 .bss           0x0000000000030a60        0x0 obj_cooja/mtype936.a(list.o)
 .bss           0x0000000000030a60        0x0 obj_cooja/mtype936.a(ringbuf.o)
 .bss           0x0000000000030a60      0x70c obj_cooja/mtype936.a(sicslowpan.o)
 *fill*         0x000000000003116c       0x14 
 .bss           0x0000000000031180      0x2d0 obj_cooja/mtype936.a(uip-ds6-nbr.o)
 .bss           0x0000000000031450       0x30 obj_cooja/mtype936.a(uip-ds6.o)
 .bss           0x0000000000031480        0xe obj_cooja/mtype936.a(uip6.o)
                0x0000000000031480                uip_ext_bitmap
                0x0000000000031481                uip_ext_len
                0x0000000000031482                uip_ext_opt_offset
 *fill*         0x000000000003148e       0x12 
 .bss           0x00000000000314a0       0x6b obj_cooja/mtype936.a(tcpip.o)
 .bss           0x000000000003150b        0x0 obj_cooja/mtype936.a(uip-debug.o)
 *fill*         0x000000000003150b       0x15 
 .bss           0x0000000000031520      0xcf8 obj_cooja/mtype936.a(uip-packetqueue)
 *fill*         0x0000000000032218        0x8 
 .bss           0x0000000000032220      0x1fe obj_cooja/mtype936.a(rpl-dag.o)
 .bss           0x000000000003241e        0x0 obj_cooja/mtype936.a(rpl-ext-header.)
 .bss           0x000000000003241e        0x0 obj_cooja/mtype936.a(rpl-icmp6.o)
 .bss           0x000000000003241e        0x0 obj_cooja/mtype936.a(rpl-mrhof.o)
 *fill*         0x000000000003241e        0x2 
 .bss           0x0000000000032420       0x23 obj_cooja/mtype936.a(rpl-timers.o)
 *fill*         0x0000000000032443        0x1 
 .bss           0x0000000000032444        0x4 obj_cooja/mtype936.a(rpl.o)
 .bss           0x0000000000032448        0x2 obj_cooja/mtype936.a(framer-802154.o)
 .bss           0x000000000003244a        0x0 obj_cooja/mtype936.a(nullmac.o)
 .bss           0x000000000003244a        0x0 obj_cooja/mtype936.a(nullrdc.o)
 .bss           0x000000000003244a        0x0 obj_cooja/mtype936.a(linkaddr.o)
 *fill*         0x000000000003244a       0x16 
 .bss           0x0000000000032460      0x20c obj_cooja/mtype936.a(nbr-table.o)
 .bss           0x000000000003266c        0x0 obj_cooja/mtype936.a(netstack.o)
 *fill*         0x000000000003266c       0x14 
 .bss           0x0000000000032680       0xa0 obj_cooja/mtype936.a(packetbuf.o)
 .bss           0x0000000000032720      0xb80 obj_cooja/mtype936.a(queuebuf.o)
 .bss           0x00000000000332a0        0x0 obj_cooja/mtype936.a(nullsec.o)
 .bss           0x00000000000332a0        0x0 obj_cooja/mtype936.a(watchdog.o)
 .bss           0x00000000000332a0        0x0 obj_cooja/mtype936.a(rimestats.o)
 .bss           0x00000000000332a0        0x0 obj_cooja/mtype936.a(stimer.o)
 .bss           0x00000000000332a0        0x0 obj_cooja/mtype936.a(memb.o)
 .bss           0x00000000000332a0      0x568 obj_cooja/mtype936.a(uip-ds6-route.o)
 .bss           0x0000000000033808       0x18 obj_cooja/mtype936.a(uip-icmp6.o)
 .bss           0x0000000000033820        0x0 obj_cooja/mtype936.a(uip-nd6.o)
 .bss           0x0000000000033820       0x44 obj_cooja/mtype936.a(rpl-nbr-policy.)
 .bss           0x0000000000033864        0x0 obj_cooja/mtype936.a(frame802154.o)
 *fill*         0x0000000000033864       0x1c 
 .bss           0x0000000000033880       0x90 obj_cooja/mtype936.a(mac-sequence.o)
 .bss           0x0000000000033910        0x0 obj_cooja/mtype936.a(mac.o)
 .bss           0x0000000000033910        0x0 /usr/lib/gcc/i686-linux-gnu/4.8/crtendS.o
 .bss           0x0000000000033910        0x0 /usr/lib/gcc/i686-linux-gnu/4.8/../../../i386-linux-gnu/crtn.o
 *(COMMON)
 COMMON         0x0000000000033910        0x2 udp-server.co
                0x0000000000033910                my_sink_reachability
                0x0000000000033911                my_parent_number
 *fill*         0x0000000000033912        0x2 
 COMMON         0x0000000000033914       0x4c obj_cooja/mtype936.o
                0x0000000000033914                dio_count
                0x0000000000033918                dis_count
                0x000000000003391c                collision_count
                0x0000000000033920                transmission_count
                0x0000000000033924                COOJA_radioRxLong
                0x0000000000033928                control_message_count
                0x000000000003392c                dao_count
                0x0000000000033930                COOJA_radioTx
                0x0000000000033934                referenceVar
                0x0000000000033938                data_relay_count
                0x000000000003393c                data_message_count
                0x0000000000033940                COOJA_radioTxLong
                0x0000000000033944                COOJA_radioRx
                0x0000000000033948                debugfp
                0x000000000003394c                COOJA_radioOn
                0x0000000000033950                COOJA_duration
                0x0000000000033954                dio_ack_count
                0x0000000000033958                COOJA_radioOnLong
                0x000000000003395c                sensors_flags
 COMMON         0x0000000000033960        0xc obj_cooja/mtype936.a(simEnvChange.o)
                0x0000000000033960                simEtimerPending
                0x0000000000033964                simProcessRunValue
                0x0000000000033968                simNextExpirationTime
 COMMON         0x000000000003396c        0x1 obj_cooja/mtype936.a(beep.o)
                0x000000000003396c                simBeeped
 COMMON         0x000000000003396d        0x3 obj_cooja/mtype936.a(button-sensor.o)
                0x000000000003396d                simButtonIsActive
                0x000000000003396e                simButtonIsDown
                0x000000000003396f                simButtonChanged
 COMMON         0x0000000000033970        0x1 obj_cooja/mtype936.a(leds-arch.o)
                0x0000000000033970                simLedsValue
 *fill*         0x0000000000033971        0x3 
 COMMON         0x0000000000033974        0xc obj_cooja/mtype936.a(moteid.o)
                0x0000000000033974                simRandomSeed
                0x0000000000033978                simMoteIDChanged
                0x000000000003397c                simMoteID
 COMMON         0x0000000000033980        0x2 obj_cooja/mtype936.a(pir-sensor.o)
                0x0000000000033980                simPirIsActive
                0x0000000000033981                simPirChanged
 *fill*         0x0000000000033982       0x1e 
 COMMON         0x00000000000339a0      0x820 obj_cooja/mtype936.a(rs232.o)
                0x00000000000339a0                simSerialReceivingFlag
                0x00000000000339a4                simSerialReceivingLength
                0x00000000000339c0                simSerialReceivingData
 COMMON         0x00000000000341c0        0x2 obj_cooja/mtype936.a(vib-sensor.o)
                0x00000000000341c0                simVibChanged
                0x00000000000341c1                simVibIsActive
 *fill*         0x00000000000341c2        0x2 
 COMMON         0x00000000000341c4        0x4 obj_cooja/mtype936.a(clock.o)
                0x00000000000341c4                simCurrentTime
 *fill*         0x00000000000341c8       0x18 
 COMMON         0x00000000000341e0      0x420 obj_cooja/mtype936.a(log.o)
                0x00000000000341e0                simLoggedLength
                0x00000000000341e4                simLoggedFlag
                0x0000000000034200                simLoggedData
 COMMON         0x0000000000034600      0x240 obj_cooja/mtype936.a(cooja-radio.o)
                0x0000000000034600                simOutDataBuffer
                0x0000000000034680                simRadioTarget
                0x00000000000346a0                simInDataBufferLR
                0x0000000000034720                simOutDataBufferLR
                0x00000000000347a0                dual_duty_cycle_count
                0x00000000000347c0                simInDataBuffer
 COMMON         0x0000000000034840      0x400 obj_cooja/mtype936.a(eeprom.o)
                0x0000000000034840                simEEPROMData
 COMMON         0x0000000000034c40        0x1 obj_cooja/mtype936.a(sensors.o)
                0x0000000000034c40                sensors_event
 *fill*         0x0000000000034c41        0x3 
 COMMON         0x0000000000034c44        0x4 obj_cooja/mtype936.a(log_message.o)
                0x0000000000034c44                log_fp
 COMMON         0x0000000000034c48        0x1 obj_cooja/mtype936.a(serial-line.o)
                0x0000000000034c48                serial_line_event_message
 *fill*         0x0000000000034c49       0x17 
 COMMON         0x0000000000034c60      0x12c obj_cooja/mtype936.a(uip-ds6-nbr.o)
                0x0000000000034c60                ds6_lr_addrmap
 *fill*         0x0000000000034d8c       0x14 
 COMMON         0x0000000000034da0      0x298 obj_cooja/mtype936.a(uip-ds6.o)
                0x0000000000034da0                uip_ds6_prefix_list
                0x0000000000034e00                uip_ds6_timer_periodic
                0x0000000000034e10                uip_ds6_netif_addr_list_offset
                0x0000000000034e20                uip_ds6_if
                0x0000000000034f18                uip_ds6_timer_ra
                0x0000000000034f20                uip_ds6_addr_size
                0x0000000000034f40                long_uip_ds6_if
 *fill*         0x0000000000035038        0x8 
 COMMON         0x0000000000035040      0x8ec obj_cooja/mtype936.a(uip6.o)
                0x0000000000035040                uip_slen
                0x0000000000035042                uip_acc32
                0x0000000000035060                uip_conns
                0x0000000000035120                uip_lladdr
                0x0000000000035128                uip_appdata
                0x000000000003512c                uip_flags
                0x0000000000035140                uip_aligned_buf
                0x0000000000035780                uip_listenports
                0x0000000000035790                uip_len
                0x0000000000035792                uip_long_lladdr
                0x000000000003579c                uip_sappdata
                0x00000000000357a0                uip_udp_conns
                0x0000000000035920                uip_udp_conn
                0x0000000000035924                uip_next_hdr
                0x0000000000035928                uip_conn
 COMMON         0x000000000003592c        0x1 obj_cooja/mtype936.a(tcpip.o)
                0x000000000003592c                tcpip_event
 *fill*         0x000000000003592d       0x13 
 COMMON         0x0000000000035940      0x198 obj_cooja/mtype936.a(rpl-dag.o)
                0x0000000000035940                default_instance
                0x0000000000035960                instance_table
 COMMON         0x0000000000035ad8       0x10 obj_cooja/mtype936.a(linkaddr.o)
                0x0000000000035ad8                linkaddr_node_addr
                0x0000000000035ae0                long_linkaddr_node_addr
 COMMON         0x0000000000035ae8       0x2e obj_cooja/mtype936.a(packetbuf.o)
                0x0000000000035ae8                packetbuf_attrs
                0x0000000000035b06                packetbuf_addrs
 *fill*         0x0000000000035b16        0xa 
 COMMON         0x0000000000035b20       0x48 obj_cooja/mtype936.a(rimestats.o)
                0x0000000000035b20                rimestats
                0x0000000000035b68                . = ALIGN ((. != 0x0)?0x4:0x1)
                0x0000000000035b68                . = ALIGN (0x4)
                0x0000000000035b68                . = SEGMENT_START ("ldata-segment", .)
                0x0000000000035b68                . = ALIGN (0x4)
                0x0000000000035b68                _end = .
                0x0000000000035b68                PROVIDE (end, .)
                0x0000000000035b68                . = DATA_SEGMENT_END (.)

.stab
 *(.stab)

.stabstr
 *(.stabstr)

.stab.excl
 *(.stab.excl)

.stab.exclstr
 *(.stab.exclstr)

.stab.index
 *(.stab.index)

.stab.indexstr
 *(.stab.indexstr)

.comment        0x0000000000000000       0x54
 *(.comment)
 .comment       0x0000000000000000       0x29 /usr/lib/gcc/i686-linux-gnu/4.8/crtbeginS.o
                                         0x2a (size before relaxing)
 .comment       0x0000000000000000       0x2a udp-server.co
 .comment       0x0000000000000000       0x2a obj_cooja/mtype936.o
 .comment       0x0000000000000000       0x2a obj_cooja/mtype936.a(simEnvChange.o)
 .comment       0x0000000000000000       0x2a obj_cooja/mtype936.a(cooja_mt.o)
 .comment       0x0000000000000000       0x2a obj_cooja/mtype936.a(cooja_mtarch.o)
 .comment       0x0000000000000000       0x2a obj_cooja/mtype936.a(rtimer-arch.o)
 .comment       0x0000000000000000       0x2a obj_cooja/mtype936.a(beep.o)
 .comment       0x0000000000000000       0x2a obj_cooja/mtype936.a(button-sensor.o)
 .comment       0x0000000000000000       0x2a obj_cooja/mtype936.a(leds-arch.o)
 .comment       0x0000000000000000       0x2a obj_cooja/mtype936.a(moteid.o)
 .comment       0x0000000000000000       0x2a obj_cooja/mtype936.a(pir-sensor.o)
 .comment       0x0000000000000000       0x2a obj_cooja/mtype936.a(rs232.o)
 .comment       0x0000000000000000       0x2a obj_cooja/mtype936.a(vib-sensor.o)
 .comment       0x0000000000000000       0x2a obj_cooja/mtype936.a(clock.o)
 .comment       0x0000000000000000       0x2a obj_cooja/mtype936.a(log.o)
 .comment       0x0000000000000000       0x2a obj_cooja/mtype936.a(cfs-cooja.o)
 .comment       0x0000000000000000       0x2a obj_cooja/mtype936.a(cooja-radio.o)
 .comment       0x0000000000000000       0x2a obj_cooja/mtype936.a(eeprom.o)
 .comment       0x0000000000000000       0x2a obj_cooja/mtype936.a(random.o)
 .comment       0x0000000000000000       0x2a obj_cooja/mtype936.a(sensors.o)
 .comment       0x0000000000000000       0x2a obj_cooja/mtype936.a(dual_conf.o)
 .comment       0x0000000000000000       0x2a obj_cooja/mtype936.a(autostart.o)
 .comment       0x0000000000000000       0x2a obj_cooja/mtype936.a(ctimer.o)
 .comment       0x0000000000000000       0x2a obj_cooja/mtype936.a(etimer.o)
 .comment       0x0000000000000000       0x2a obj_cooja/mtype936.a(log_message.o)
 .comment       0x0000000000000000       0x2a obj_cooja/mtype936.a(process.o)
 .comment       0x0000000000000000       0x2a obj_cooja/mtype936.a(residual.o)
 .comment       0x0000000000000000       0x2a obj_cooja/mtype936.a(rtimer.o)
 .comment       0x0000000000000000       0x2a obj_cooja/mtype936.a(timer.o)
 .comment       0x0000000000000000       0x2a obj_cooja/mtype936.a(serial-line.o)
 .comment       0x0000000000000029       0x2b obj_cooja/mtype936.a(list.o)
                                         0x2c (size before relaxing)
 .comment       0x0000000000000000       0x2a obj_cooja/mtype936.a(ringbuf.o)
 .comment       0x0000000000000000       0x2a obj_cooja/mtype936.a(sicslowpan.o)
 .comment       0x0000000000000000       0x2a obj_cooja/mtype936.a(uip-ds6-nbr.o)
 .comment       0x0000000000000000       0x2a obj_cooja/mtype936.a(uip-ds6.o)
 .comment       0x0000000000000000       0x2a obj_cooja/mtype936.a(uip6.o)
 .comment       0x0000000000000000       0x2a obj_cooja/mtype936.a(tcpip.o)
 .comment       0x0000000000000000       0x2a obj_cooja/mtype936.a(uip-debug.o)
 .comment       0x0000000000000000       0x2a obj_cooja/mtype936.a(uip-packetqueue)
 .comment       0x0000000000000000       0x2a obj_cooja/mtype936.a(rpl-dag.o)
 .comment       0x0000000000000000       0x2a obj_cooja/mtype936.a(rpl-ext-header.)
 .comment       0x0000000000000000       0x2a obj_cooja/mtype936.a(rpl-icmp6.o)
 .comment       0x0000000000000000       0x2a obj_cooja/mtype936.a(rpl-mrhof.o)
 .comment       0x0000000000000000       0x2a obj_cooja/mtype936.a(rpl-timers.o)
 .comment       0x0000000000000000       0x2a obj_cooja/mtype936.a(rpl.o)
 .comment       0x0000000000000000       0x2a obj_cooja/mtype936.a(framer-802154.o)
 .comment       0x0000000000000000       0x2a obj_cooja/mtype936.a(nullmac.o)
 .comment       0x0000000000000000       0x2a obj_cooja/mtype936.a(nullrdc.o)
 .comment       0x0000000000000000       0x2a obj_cooja/mtype936.a(linkaddr.o)
 .comment       0x0000000000000000       0x2a obj_cooja/mtype936.a(nbr-table.o)
 .comment       0x0000000000000000       0x2a obj_cooja/mtype936.a(netstack.o)
 .comment       0x0000000000000000       0x2a obj_cooja/mtype936.a(packetbuf.o)
 .comment       0x0000000000000000       0x2a obj_cooja/mtype936.a(queuebuf.o)
 .comment       0x0000000000000000       0x2a obj_cooja/mtype936.a(nullsec.o)
 .comment       0x0000000000000000       0x2a obj_cooja/mtype936.a(watchdog.o)
 .comment       0x0000000000000000       0x2c obj_cooja/mtype936.a(rimestats.o)
 .comment       0x0000000000000000       0x2a obj_cooja/mtype936.a(stimer.o)
 .comment       0x0000000000000000       0x2a obj_cooja/mtype936.a(memb.o)
 .comment       0x0000000000000000       0x2a obj_cooja/mtype936.a(uip-ds6-route.o)
 .comment       0x0000000000000000       0x2a obj_cooja/mtype936.a(uip-icmp6.o)
 .comment       0x0000000000000000       0x2a obj_cooja/mtype936.a(uip-nd6.o)
 .comment       0x0000000000000000       0x2a obj_cooja/mtype936.a(rpl-nbr-policy.)
 .comment       0x0000000000000000       0x2a obj_cooja/mtype936.a(frame802154.o)
 .comment       0x0000000000000000       0x2a obj_cooja/mtype936.a(mac-sequence.o)
 .comment       0x0000000000000000       0x2a obj_cooja/mtype936.a(mac.o)
 .comment       0x0000000000000000       0x2a /usr/lib/gcc/i686-linux-gnu/4.8/crtendS.o

.debug
 *(.debug)

.line
 *(.line)

.debug_srcinfo
 *(.debug_srcinfo)

.debug_sfnames
 *(.debug_sfnames)

.debug_aranges  0x0000000000000000      0x818
 *(.debug_aranges)
 .debug_aranges
                0x0000000000000000       0x20 udp-server.co
 .debug_aranges
                0x0000000000000020       0x20 obj_cooja/mtype936.o
 .debug_aranges
                0x0000000000000040       0x20 obj_cooja/mtype936.a(simEnvChange.o)
 .debug_aranges
                0x0000000000000060       0x20 obj_cooja/mtype936.a(cooja_mt.o)
 .debug_aranges
                0x0000000000000080       0x20 obj_cooja/mtype936.a(cooja_mtarch.o)
 .debug_aranges
                0x00000000000000a0       0x20 obj_cooja/mtype936.a(rtimer-arch.o)
 .debug_aranges
                0x00000000000000c0       0x20 obj_cooja/mtype936.a(beep.o)
 .debug_aranges
                0x00000000000000e0       0x20 obj_cooja/mtype936.a(button-sensor.o)
 .debug_aranges
                0x0000000000000100       0x20 obj_cooja/mtype936.a(leds-arch.o)
 .debug_aranges
                0x0000000000000120       0x20 obj_cooja/mtype936.a(moteid.o)
 .debug_aranges
                0x0000000000000140       0x20 obj_cooja/mtype936.a(pir-sensor.o)
 .debug_aranges
                0x0000000000000160       0x20 obj_cooja/mtype936.a(rs232.o)
 .debug_aranges
                0x0000000000000180       0x20 obj_cooja/mtype936.a(vib-sensor.o)
 .debug_aranges
                0x00000000000001a0       0x20 obj_cooja/mtype936.a(clock.o)
 .debug_aranges
                0x00000000000001c0       0x20 obj_cooja/mtype936.a(log.o)
 .debug_aranges
                0x00000000000001e0       0x20 obj_cooja/mtype936.a(cfs-cooja.o)
 .debug_aranges
                0x0000000000000200       0x20 obj_cooja/mtype936.a(cooja-radio.o)
 .debug_aranges
                0x0000000000000220       0x20 obj_cooja/mtype936.a(eeprom.o)
 .debug_aranges
                0x0000000000000240       0x20 obj_cooja/mtype936.a(random.o)
 .debug_aranges
                0x0000000000000260       0x20 obj_cooja/mtype936.a(sensors.o)
 .debug_aranges
                0x0000000000000280       0x20 obj_cooja/mtype936.a(dual_conf.o)
 .debug_aranges
                0x00000000000002a0       0x20 obj_cooja/mtype936.a(autostart.o)
 .debug_aranges
                0x00000000000002c0       0x20 obj_cooja/mtype936.a(ctimer.o)
 .debug_aranges
                0x00000000000002e0       0x20 obj_cooja/mtype936.a(etimer.o)
 .debug_aranges
                0x0000000000000300       0x20 obj_cooja/mtype936.a(log_message.o)
 .debug_aranges
                0x0000000000000320       0x20 obj_cooja/mtype936.a(process.o)
 .debug_aranges
                0x0000000000000340       0x20 obj_cooja/mtype936.a(residual.o)
 .debug_aranges
                0x0000000000000360       0x20 obj_cooja/mtype936.a(rtimer.o)
 .debug_aranges
                0x0000000000000380       0x20 obj_cooja/mtype936.a(timer.o)
 .debug_aranges
                0x00000000000003a0       0x20 obj_cooja/mtype936.a(serial-line.o)
 .debug_aranges
                0x00000000000003c0       0x20 obj_cooja/mtype936.a(list.o)
 .debug_aranges
                0x00000000000003e0       0x20 obj_cooja/mtype936.a(ringbuf.o)
 .debug_aranges
                0x0000000000000400       0x20 obj_cooja/mtype936.a(sicslowpan.o)
 .debug_aranges
                0x0000000000000420       0x20 obj_cooja/mtype936.a(uip-ds6-nbr.o)
 .debug_aranges
                0x0000000000000440       0x20 obj_cooja/mtype936.a(uip-ds6.o)
 .debug_aranges
                0x0000000000000460       0x20 obj_cooja/mtype936.a(uip6.o)
 .debug_aranges
                0x0000000000000480       0x20 obj_cooja/mtype936.a(tcpip.o)
 .debug_aranges
                0x00000000000004a0       0x20 obj_cooja/mtype936.a(uip-debug.o)
 .debug_aranges
                0x00000000000004c0       0x20 obj_cooja/mtype936.a(uip-packetqueue)
 .debug_aranges
                0x00000000000004e0       0x20 obj_cooja/mtype936.a(rpl-dag.o)
 .debug_aranges
                0x0000000000000500       0x20 obj_cooja/mtype936.a(rpl-ext-header.)
 .debug_aranges
                0x0000000000000520       0x20 obj_cooja/mtype936.a(rpl-icmp6.o)
 .debug_aranges
                0x0000000000000540       0x20 obj_cooja/mtype936.a(rpl-mrhof.o)
 .debug_aranges
                0x0000000000000560       0x20 obj_cooja/mtype936.a(rpl-timers.o)
 .debug_aranges
                0x0000000000000580       0x20 obj_cooja/mtype936.a(rpl.o)
 .debug_aranges
                0x00000000000005a0       0x20 obj_cooja/mtype936.a(framer-802154.o)
 .debug_aranges
                0x00000000000005c0       0x20 obj_cooja/mtype936.a(nullmac.o)
 .debug_aranges
                0x00000000000005e0       0x20 obj_cooja/mtype936.a(nullrdc.o)
 .debug_aranges
                0x0000000000000600       0x20 obj_cooja/mtype936.a(linkaddr.o)
 .debug_aranges
                0x0000000000000620       0x20 obj_cooja/mtype936.a(nbr-table.o)
 .debug_aranges
                0x0000000000000640       0x20 obj_cooja/mtype936.a(netstack.o)
 .debug_aranges
                0x0000000000000660       0x20 obj_cooja/mtype936.a(packetbuf.o)
 .debug_aranges
                0x0000000000000680       0x20 obj_cooja/mtype936.a(queuebuf.o)
 .debug_aranges
                0x00000000000006a0       0x20 obj_cooja/mtype936.a(nullsec.o)
 .debug_aranges
                0x00000000000006c0       0x20 obj_cooja/mtype936.a(watchdog.o)
 .debug_aranges
                0x00000000000006e0       0x18 obj_cooja/mtype936.a(rimestats.o)
 .debug_aranges
                0x00000000000006f8       0x20 obj_cooja/mtype936.a(stimer.o)
 .debug_aranges
                0x0000000000000718       0x20 obj_cooja/mtype936.a(memb.o)
 .debug_aranges
                0x0000000000000738       0x20 obj_cooja/mtype936.a(uip-ds6-route.o)
 .debug_aranges
                0x0000000000000758       0x20 obj_cooja/mtype936.a(uip-icmp6.o)
 .debug_aranges
                0x0000000000000778       0x20 obj_cooja/mtype936.a(uip-nd6.o)
 .debug_aranges
                0x0000000000000798       0x20 obj_cooja/mtype936.a(rpl-nbr-policy.)
 .debug_aranges
                0x00000000000007b8       0x20 obj_cooja/mtype936.a(frame802154.o)
 .debug_aranges
                0x00000000000007d8       0x20 obj_cooja/mtype936.a(mac-sequence.o)
 .debug_aranges
                0x00000000000007f8       0x20 obj_cooja/mtype936.a(mac.o)

.debug_pubnames
 *(.debug_pubnames)

.debug_info     0x0000000000000000    0x1cc2a
 *(.debug_info .gnu.linkonce.wi.*)
 .debug_info    0x0000000000000000      0xe4b udp-server.co
 .debug_info    0x0000000000000e4b     0x3ac4 obj_cooja/mtype936.o
 .debug_info    0x000000000000490f      0x15a obj_cooja/mtype936.a(simEnvChange.o)
 .debug_info    0x0000000000004a69      0x1e2 obj_cooja/mtype936.a(cooja_mt.o)
 .debug_info    0x0000000000004c4b      0x2e7 obj_cooja/mtype936.a(cooja_mtarch.o)
 .debug_info    0x0000000000004f32      0x16b obj_cooja/mtype936.a(rtimer-arch.o)
 .debug_info    0x000000000000509d      0x1f3 obj_cooja/mtype936.a(beep.o)
 .debug_info    0x0000000000005290      0x257 obj_cooja/mtype936.a(button-sensor.o)
 .debug_info    0x00000000000054e7      0x132 obj_cooja/mtype936.a(leds-arch.o)
 .debug_info    0x0000000000005619      0x10a obj_cooja/mtype936.a(moteid.o)
 .debug_info    0x0000000000005723      0x216 obj_cooja/mtype936.a(pir-sensor.o)
 .debug_info    0x0000000000005939      0x21e obj_cooja/mtype936.a(rs232.o)
 .debug_info    0x0000000000005b57      0x216 obj_cooja/mtype936.a(vib-sensor.o)
 .debug_info    0x0000000000005d6d      0x152 obj_cooja/mtype936.a(clock.o)
 .debug_info    0x0000000000005ebf      0x2bb obj_cooja/mtype936.a(log.o)
 .debug_info    0x000000000000617a      0x3cf obj_cooja/mtype936.a(cfs-cooja.o)
 .debug_info    0x0000000000006549      0xd30 obj_cooja/mtype936.a(cooja-radio.o)
 .debug_info    0x0000000000007279      0x1d5 obj_cooja/mtype936.a(eeprom.o)
 .debug_info    0x000000000000744e       0xb3 obj_cooja/mtype936.a(random.o)
 .debug_info    0x0000000000007501      0x36d obj_cooja/mtype936.a(sensors.o)
 .debug_info    0x000000000000786e      0xc68 obj_cooja/mtype936.a(dual_conf.o)
 .debug_info    0x00000000000084d6      0x1a5 obj_cooja/mtype936.a(autostart.o)
 .debug_info    0x000000000000867b      0x46c obj_cooja/mtype936.a(ctimer.o)
 .debug_info    0x0000000000008ae7      0x49c obj_cooja/mtype936.a(etimer.o)
 .debug_info    0x0000000000008f83      0x3d2 obj_cooja/mtype936.a(log_message.o)
 .debug_info    0x0000000000009355      0x4ba obj_cooja/mtype936.a(process.o)
 .debug_info    0x000000000000980f      0x164 obj_cooja/mtype936.a(residual.o)