Archive member included to satisfy reference by file (symbol)

obj_cooja/mtype228.a(simEnvChange.o)
                              obj_cooja/mtype228.o (simDontFallAsleep)
obj_cooja/mtype228.a(cooja_mt.o)
                              obj_cooja/mtype228.o (cooja_mt_start)
obj_cooja/mtype228.a(cooja_mtarch.o)
                              obj_cooja/mtype228.a(cooja_mt.o) (cooja_mtarch_init)
obj_cooja/mtype228.a(rtimer-arch.o)
                              obj_cooja/mtype228.o (rtimer_arch_next)
obj_cooja/mtype228.a(beep.o)  obj_cooja/mtype228.o (beep_interface)
obj_cooja/mtype228.a(button-sensor.o)
                              obj_cooja/mtype228.o (button_interface)
obj_cooja/mtype228.a(leds-arch.o)
                              obj_cooja/mtype228.o (leds_interface)
obj_cooja/mtype228.a(moteid.o)
                              obj_cooja/mtype228.o (moteid_interface)
obj_cooja/mtype228.a(pir-sensor.o)
                              obj_cooja/mtype228.o (pir_interface)
obj_cooja/mtype228.a(rs232.o)
                              obj_cooja/mtype228.o (rs232_interface)
obj_cooja/mtype228.a(vib-sensor.o)
                              obj_cooja/mtype228.o (vib_interface)
obj_cooja/mtype228.a(clock.o)
                              obj_cooja/mtype228.o (clock_interface)
obj_cooja/mtype228.a(log.o)   obj_cooja/mtype228.o (simlog_interface)
obj_cooja/mtype228.a(cfs-cooja.o)
                              obj_cooja/mtype228.o (cfs_interface)
obj_cooja/mtype228.a(cooja-radio.o)
                              obj_cooja/mtype228.o (radio_interface)
obj_cooja/mtype228.a(eeprom.o)
                              obj_cooja/mtype228.o (eeprom_interface)
obj_cooja/mtype228.a(random.o)
                              obj_cooja/mtype228.a(moteid.o) (random_init)
obj_cooja/mtype228.a(sensors.o)
                              obj_cooja/mtype228.o (sensors_process)
obj_cooja/mtype228.a(dual_conf.o)
                              obj_cooja/mtype228.a(cooja-radio.o) (long_range_radio)
obj_cooja/mtype228.a(autostart.o)
                              obj_cooja/mtype228.o (autostart_start)
obj_cooja/mtype228.a(ctimer.o)
                              obj_cooja/mtype228.o (ctimer_init)
obj_cooja/mtype228.a(etimer.o)
                              obj_cooja/mtype228.o (etimer_process)
obj_cooja/mtype228.a(log_message.o)
                              obj_cooja/mtype228.o (log_initialization)
obj_cooja/mtype228.a(process.o)
                              udp-client.co (process_current)
obj_cooja/mtype228.a(residual.o)
                              udp-client.co (get_residual_energy)
obj_cooja/mtype228.a(rtimer.o)
                              obj_cooja/mtype228.a(rtimer-arch.o) (rtimer_run_next)
obj_cooja/mtype228.a(stimer.o)
                              udp-client.co (stimer_remaining)
obj_cooja/mtype228.a(timer.o)
                              obj_cooja/mtype228.a(button-sensor.o) (timer_set)
obj_cooja/mtype228.a(serial-line.o)
                              udp-client.co (serial_line_event_message)
obj_cooja/mtype228.a(list.o)  obj_cooja/mtype228.a(ctimer.o) (list_init)
obj_cooja/mtype228.a(ringbuf.o)
                              obj_cooja/mtype228.a(serial-line.o) (ringbuf_init)
obj_cooja/mtype228.a(sicslowpan.o)
                              obj_cooja/mtype228.o (sicslowpan_driver)
obj_cooja/mtype228.a(uip-ds6-nbr.o)
                              obj_cooja/mtype228.a(sicslowpan.o) (uip_ds6_link_neighbor_callback)
obj_cooja/mtype228.a(uip-ds6-route.o)
                              udp-client.co (uip_ds6_route_nexthop)
obj_cooja/mtype228.a(uip-ds6.o)
                              udp-client.co (uip_ds6_if)
obj_cooja/mtype228.a(uip6.o)  udp-client.co (uip_lladdr)
obj_cooja/mtype228.a(tcpip.o)
                              udp-client.co (tcpip_event)
obj_cooja/mtype228.a(uip-debug.o)
                              udp-client.co (uip_debug_ipaddr_print)
obj_cooja/mtype228.a(uip-packetqueue)
                              obj_cooja/mtype228.a(uip-ds6-nbr.o) (uip_packetqueue_new)
obj_cooja/mtype228.a(uip-udp-packet.)
                              udp-client.co (uip_udp_packet_sendto)
obj_cooja/mtype228.a(rpl-dag.o)
                              obj_cooja/mtype228.a(tcpip.o) (rpl_repair_root)
obj_cooja/mtype228.a(rpl-ext-header.)
                              obj_cooja/mtype228.a(uip6.o) (rpl_verify_header)
obj_cooja/mtype228.a(rpl-icmp6.o)
                              obj_cooja/mtype228.a(rpl-dag.o) (rpl_icmp6_update_nbr_table)
obj_cooja/mtype228.a(rpl-ltmax.o)
                              obj_cooja/mtype228.a(rpl-dag.o) (rpl_ltmax_of)
obj_cooja/mtype228.a(rpl-timers.o)
                              obj_cooja/mtype228.a(rpl-dag.o) (rpl_reset_dio_timer)
obj_cooja/mtype228.a(rpl.o)   obj_cooja/mtype228.a(rpl-icmp6.o) (rpl_get_mode)
obj_cooja/mtype228.a(framer-802154.o)
                              obj_cooja/mtype228.a(sicslowpan.o) (framer_802154)
obj_cooja/mtype228.a(nullmac.o)
                              obj_cooja/mtype228.o (nullmac_driver)
[...]
Memory Configuration

Name             Origin             Length             Attributes
*default*        0x0000000000000000 0xffffffffffffffff

Linker script and memory map

LOAD /usr/lib/gcc/i686-linux-gnu/4.8/../../../i386-linux-gnu/crti.o
LOAD /usr/lib/gcc/i686-linux-gnu/4.8/crtbeginS.o
LOAD udp-client.co
LOAD obj_cooja/mtype228.o
LOAD obj_cooja/mtype228.a
LOAD /usr/lib/gcc/i686-linux-gnu/4.8/libgcc.a
LOAD /usr/lib/gcc/i686-linux-gnu/4.8/libgcc_s.so
LOAD /usr/lib/gcc/i686-linux-gnu/4.8/../../../i386-linux-gnu/libc.so
START GROUP
LOAD /lib/i386-linux-gnu/libc.so.6
LOAD /usr/lib/i386-linux-gnu/libc_nonshared.a
LOAD /lib/i386-linux-gnu/ld-linux.so.2
END GROUP
LOAD /usr/lib/gcc/i686-linux-gnu/4.8/libgcc.a
LOAD /usr/lib/gcc/i686-linux-gnu/4.8/libgcc_s.so
LOAD /usr/lib/gcc/i686-linux-gnu/4.8/crtendS.o
LOAD /usr/lib/gcc/i686-linux-gnu/4.8/../../../i386-linux-gnu/crtn.o
                0x0000000000000114                . = (0x0 + SIZEOF_HEADERS)

.note.gnu.build-id
                0x0000000000000114       0x24
 *(.note.gnu.build-id)
 .note.gnu.build-id
                0x0000000000000114       0x24 /usr/lib/gcc/i686-linux-gnu/4.8/../../../i386-linux-gnu/crti.o

.hash
 *(.hash)

.gnu.hash       0x0000000000000138     0x1368
 *(.gnu.hash)
 .gnu.hash      0x0000000000000138     0x1368 /usr/lib/gcc/i686-linux-gnu/4.8/../../../i386-linux-gnu/crti.o

.dynsym         0x00000000000014a0     0x2600
 *(.dynsym)
 .dynsym        0x00000000000014a0     0x2600 /usr/lib/gcc/i686-linux-gnu/4.8/../../../i386-linux-gnu/crti.o

.dynstr         0x0000000000003aa0     0x2704
 *(.dynstr)
 .dynstr        0x0000000000003aa0     0x2704 /usr/lib/gcc/i686-linux-gnu/4.8/../../../i386-linux-gnu/crti.o

.gnu.version    0x00000000000061a4      0x4c0
 *(.gnu.version)
 .gnu.version   0x00000000000061a4      0x4c0 /usr/lib/gcc/i686-linux-gnu/4.8/../../../i386-linux-gnu/crti.o

.gnu.version_d  0x0000000000006664        0x0
 *(.gnu.version_d)
 .gnu.version_d
                0x0000000000000000        0x0 /usr/lib/gcc/i686-linux-gnu/4.8/../../../i386-linux-gnu/crti.o

.gnu.version_r  0x0000000000006664       0x50
 *(.gnu.version_r)
 .gnu.version_r
                0x0000000000006664       0x50 /usr/lib/gcc/i686-linux-gnu/4.8/../../../i386-linux-gnu/crti.o

.rel.dyn        0x00000000000066b4     0x9d58
 *(.rel.init)
 .rel.init      0x0000000000000000        0x0 /usr/lib/gcc/i686-linux-gnu/4.8/../../../i386-linux-gnu/crti.o
 *(.rel.text .rel.text.* .rel.gnu.linkonce.t.*)
 .rel.text      0x00000000000066b4     0x95c8 /usr/lib/gcc/i686-linux-gnu/4.8/../../../i386-linux-gnu/crti.o
 *(.rel.fini)
 .rel.fini      0x0000000000000000        0x0 /usr/lib/gcc/i686-linux-gnu/4.8/../../../i386-linux-gnu/crti.o
 *(.rel.rodata .rel.rodata.* .rel.gnu.linkonce.r.*)
 .rel.rodata    0x000000000000fc7c      0x4e0 /usr/lib/gcc/i686-linux-gnu/4.8/../../../i386-linux-gnu/crti.o
 *(.rel.data.rel.ro .rel.data.rel.ro.* .rel.gnu.linkonce.d.rel.ro.*)
 *(.rel.data .rel.data.* .rel.gnu.linkonce.d.*)
 .rel.data.rel  0x000000000001015c        0x8 /usr/lib/gcc/i686-linux-gnu/4.8/../../../i386-linux-gnu/crti.o
 .rel.data      0x0000000000010164      0x270 /usr/lib/gcc/i686-linux-gnu/4.8/../../../i386-linux-gnu/crti.o
 *(.rel.tdata .rel.tdata.* .rel.gnu.linkonce.td.*)
 *(.rel.tbss .rel.tbss.* .rel.gnu.linkonce.tb.*)
 *(.rel.ctors)
 *(.rel.dtors)
 *(.rel.got)
 .rel.got       0x00000000000103d4       0x28 /usr/lib/gcc/i686-linux-gnu/4.8/../../../i386-linux-gnu/crti.o
 *(.rel.bss .rel.bss.* .rel.gnu.linkonce.b.*)
 *(.rel.ifunc)
 .rel.ifunc     0x0000000000000000        0x0 /usr/lib/gcc/i686-linux-gnu/4.8/../../../i386-linux-gnu/crti.o
 .rel.fini_array
                0x00000000000103fc        0x8 /usr/lib/gcc/i686-linux-gnu/4.8/../../../i386-linux-gnu/crti.o
 .rel.init_array
                0x0000000000010404        0x8 /usr/lib/gcc/i686-linux-gnu/4.8/../../../i386-linux-gnu/crti.o

.rel.plt        0x000000000001040c       0x10
 *(.rel.plt)
 .rel.plt       0x000000000001040c       0x10 /usr/lib/gcc/i686-linux-gnu/4.8/../../../i386-linux-gnu/crti.o
 *(.rel.iplt)

.init           0x000000000001041c       0x23
 *(SORT(.init))
 .init          0x000000000001041c       0x1e /usr/lib/gcc/i686-linux-gnu/4.8/../../../i386-linux-gnu/crti.o
                0x000000000001041c                _init
 .init          0x000000000001043a        0x5 /usr/lib/gcc/i686-linux-gnu/4.8/../../../i386-linux-gnu/crtn.o

.plt            0x0000000000010440       0x30
 *(.plt)
 .plt           0x0000000000010440       0x30 /usr/lib/gcc/i686-linux-gnu/4.8/../../../i386-linux-gnu/crti.o
 *(.iplt)

.text           0x0000000000010470    0x17443
 *(.text.unlikely .text.*_unlikely .text.unlikely.*)
 *(.text.exit .text.exit.*)
 *(.text.startup .text.startup.*)
 *(.text.hot .text.hot.*)
 *(.text .stub .text.* .gnu.linkonce.t.*)
 .text          0x0000000000010470        0x0 /usr/lib/gcc/i686-linux-gnu/4.8/../../../i386-linux-gnu/crti.o
 .gnu.linkonce.t.__x86.get_pc_thunk.bx
                0x0000000000010470        0x4 /usr/lib/gcc/i686-linux-gnu/4.8/../../../i386-linux-gnu/crti.o
                0x0000000000010470                __x86.get_pc_thunk.bx
 *fill*         0x0000000000010474        0xc 
 .text          0x0000000000010480      0x11b /usr/lib/gcc/i686-linux-gnu/4.8/crtbeginS.o
 .text          0x000000000001059b      0x790 udp-client.co
 .text          0x0000000000010d2b      0x96a obj_cooja/mtype228.o
                0x0000000000010ed9                contiki_init
                0x00000000000114ac                Java_org_contikios_cooja_corecomm_Lib59_init
                0x00000000000114ec                Java_org_contikios_cooja_corecomm_Lib59_getMemory
                0x000000000001152c                Java_org_contikios_cooja_corecomm_Lib59_setMemory
                0x00000000000115a3                Java_org_contikios_cooja_corecomm_Lib59_tick
                0x0000000000011683                Java_org_contikios_cooja_corecomm_Lib59_setReferenceAddress
 .text          0x0000000000011695       0x63 obj_cooja/mtype228.a(simEnvChange.o)
                0x0000000000011695                doActionsBeforeTick
                0x00000000000116c6                doActionsAfterTick
 .text          0x00000000000116f8       0xbc obj_cooja/mtype228.a(cooja_mt.o)
                0x00000000000116f8                cooja_mt_init
                0x0000000000011705                cooja_mt_remove
                0x0000000000011712                cooja_mt_start
                0x000000000001173f                cooja_mt_exec
                0x0000000000011770                cooja_mt_exit
                0x0000000000011792                cooja_mt_yield
 .text          0x00000000000117b4      0x115 obj_cooja/mtype228.a(cooja_mtarch.o)
                0x00000000000117b4                cooja_mtarch_init
                0x00000000000117b9                cooja_mtarch_start
                0x0000000000011834                cooja_sw
                0x0000000000011856                cooja_mtarch_exec
                0x0000000000011872                cooja_mtarch_remove
                0x0000000000011877                cooja_mtarch_yield
                0x0000000000011881                cooja_mtarch_pstop
                0x0000000000011886                cooja_mtarch_pstart
                0x000000000001188b                cooja_mtarch_stack_usage
 .text          0x00000000000118c9       0xc2 obj_cooja/mtype228.a(rtimer-arch.o)
                0x00000000000118c9                rtimer_arch_init
                0x00000000000118ec                rtimer_arch_schedule
                0x0000000000011903                rtimer_arch_next
                0x000000000001190d                rtimer_arch_pending
                0x0000000000011917                rtimer_arch_check
                0x0000000000011949                rtimer_arch_now
 .text          0x000000000001198b       0x76 obj_cooja/mtype228.a(beep.o)
                0x000000000001198b                beep_alarm
                0x0000000000011997                beep_beep
                0x00000000000119a3                beep
                0x00000000000119af                beep_down
                0x00000000000119bb                beep_on
                0x00000000000119c7                beep_off
                0x00000000000119d3                beep_spinup
                0x00000000000119df                beep_quick
                0x00000000000119eb                beep_long
 .text          0x0000000000011a01      0x103 obj_cooja/mtype228.a(button-sensor.o)
 .text          0x0000000000011b04       0x45 obj_cooja/mtype228.a(leds-arch.o)
                0x0000000000011b04                leds_arch_init
                0x0000000000011b10                leds_arch_get
                0x0000000000011b1c                leds_arch_set
 .text          0x0000000000011b49       0x2f obj_cooja/mtype228.a(moteid.o)
 .text          0x0000000000011b78       0xb1 obj_cooja/mtype228.a(pir-sensor.o)
 .text          0x0000000000011c29      0x131 obj_cooja/mtype228.a(rs232.o)
                0x0000000000011c29                rs232_init
                0x0000000000011c2e                rs232_set_speed
                0x0000000000011c3c                rs232_set_input
                0x0000000000011c49                rs232_send
                0x0000000000011c6b                rs232_print
                0x0000000000011c86                slip_arch_writeb
 .text          0x0000000000011d5a       0xb1 obj_cooja/mtype228.a(vib-sensor.o)
 .text          0x0000000000011e0b       0x34 obj_cooja/mtype228.a(clock.o)
                0x0000000000011e0b                clock_init
                0x0000000000011e10                clock_time
                0x0000000000011e1a                clock_seconds
                0x0000000000011e30                clock_delay
 .text          0x0000000000011e3f      0x1ed obj_cooja/mtype228.a(log.o)
                0x0000000000011e3f                simlog_char
                0x0000000000011e81                simlog
                0x0000000000011eee                log_message
                0x0000000000011f16                log_set_putchar_with_slip
                0x0000000000011f23                log_putchar
                0x0000000000011fa7                log_puts
                0x0000000000011fcb                log_printf
 .text          0x000000000001202c      0x2c4 obj_cooja/mtype228.a(cfs-cooja.o)
                0x000000000001202c                cfs_open
                0x0000000000012095                cfs_close
                0x00000000000120a1                cfs_read
                0x000000000001213f                cfs_write
                0x000000000001221c                cfs_seek
                0x00000000000122a4                cfs_remove
                0x00000000000122cd                cfs_opendir
                0x00000000000122d7                cfs_readdir
                0x00000000000122e1                cfs_closedir
 .text          0x00000000000122f0      0x69f obj_cooja/mtype228.a(cooja-radio.o)
                0x000000000001231a                radio_set_channel
                0x000000000001232f                radio_set_txpower
                0x000000000001234f                radio_signal_strength_last
                0x0000000000012359                radio_signal_strength_current
                0x0000000000012363                radio_LQI
 .text          0x000000000001298f       0xef obj_cooja/mtype228.a(eeprom.o)
                0x000000000001298f                eeprom_init
                0x0000000000012994                eeprom_read
                0x0000000000012a04                eeprom_write
 .text          0x0000000000012a7e       0x28 obj_cooja/mtype228.a(random.o)
                0x0000000000012a7e                random_init
                0x0000000000012a99                random_rand
 .text          0x0000000000012aa6      0x2a1 obj_cooja/mtype228.a(sensors.o)
                0x0000000000012ae1                sensors_first
                0x0000000000012aeb                sensors_next
                0x0000000000012b08                sensors_changed
                0x0000000000012b37                sensors_find
 .text          0x0000000000012d47      0x34b obj_cooja/mtype228.a(dual_conf.o)
                0x0000000000012d47                dual_radio_switch
                0x0000000000012d87                dual_radio_change
                0x0000000000012dc1                sending_in_LR
                0x0000000000012dec                dual_radio_received
                0x0000000000012e3f                radio_received_is_longrange
                0x0000000000012e5a                dual_radio_turn_on
                0x0000000000012e7d                dual_radio_turn_off
                0x0000000000013048                dio_broadcast
                0x0000000000013071                dis_broadcast
 .text          0x0000000000013092       0x8e obj_cooja/mtype228.a(autostart.o)
                0x0000000000013092                autostart_start
                0x00000000000130dd                autostart_exit
 .text          0x0000000000013120      0x334 obj_cooja/mtype228.a(ctimer.o)
                0x0000000000013237                ctimer_init
                0x0000000000013267                ctimer_set
                0x0000000000013298                ctimer_set_with_process
                0x0000000000013314                ctimer_reset
                0x0000000000013363                ctimer_restart
                0x00000000000133b2                ctimer_stop
                0x00000000000133fd                ctimer_expired
 .text          0x0000000000013454      0x40b obj_cooja/mtype228.a(etimer.o)
                0x0000000000013667                etimer_request_poll
                0x00000000000136eb                etimer_set
                0x0000000000013710                etimer_reset_with_new_interval
                0x0000000000013737                etimer_reset
                0x0000000000013755                etimer_restart
                0x0000000000013773                etimer_adjust
                0x000000000001378f                etimer_expired
                0x00000000000137a2                etimer_expiration_time
                0x00000000000137b4                etimer_start_time
                0x00000000000137be                etimer_pending
                0x00000000000137d0                etimer_next_expiration_time
                0x00000000000137ea                etimer_stop
 .text          0x000000000001385f       0xdd obj_cooja/mtype228.a(log_message.o)
                0x000000000001385f                log_initialization
                0x000000000001391b                log_finisher
 .text          0x000000000001393c      0x560 obj_cooja/mtype228.a(process.o)
                0x000000000001393c                process_alloc_event
                0x0000000000013951                process_start
                0x0000000000013b3a                process_exit
                0x0000000000013b56                process_init
                0x0000000000013d27                process_run
                0x0000000000013d5a                process_nevents
                0x0000000000013d75                process_post
                0x0000000000013e21                process_post_synch
                0x0000000000013e59                process_poll
                0x0000000000013e88                process_is_running
 .text          0x0000000000013e9c       0xd3 obj_cooja/mtype228.a(residual.o)
                0x0000000000013e9c                get_residual_energy
 .text          0x0000000000013f6f       0xba obj_cooja/mtype228.a(rtimer.o)
                0x0000000000013f6f                rtimer_init
                0x0000000000013f7c                rtimer_set
                0x0000000000013fd3                rtimer_run_next
 .text          0x0000000000014029       0xa3 obj_cooja/mtype228.a(stimer.o)
                0x0000000000014029                stimer_set
                0x0000000000014044                stimer_reset
                0x000000000001405b                stimer_restart
                0x000000000001406d                stimer_expired
                0x0000000000014094                stimer_remaining
                0x00000000000140b8                stimer_elapsed
 .text          0x00000000000140cc       0x91 obj_cooja/mtype228.a(timer.o)
                0x00000000000140cc                timer_set
                0x00000000000140e7                timer_reset
                0x00000000000140fe                timer_restart
                0x0000000000014110                timer_expired
                0x0000000000014139                timer_remaining
 .text          0x000000000001415d      0x1fb obj_cooja/mtype228.a(serial-line.o)
                0x000000000001415d                serial_line_input_byte
                0x0000000000014320                serial_line_init
 .text          0x0000000000014358      0x244 obj_cooja/mtype228.a(list.o)
                0x0000000000014358                list_init
                0x0000000000014366                list_head
                0x0000000000014370                list_copy
                0x000000000001437f                list_tail
                0x00000000000143b5                list_add
                0x00000000000143fe                list_push
                0x000000000001442a                list_chop
                0x0000000000014494                list_pop
                0x00000000000144bc                list_remove
                0x0000000000014523                list_length
                0x0000000000014551                list_insert
                0x0000000000014585                list_item_next
 .text          0x000000000001459c      0x155 obj_cooja/mtype228.a(ringbuf.o)
                0x000000000001459c                ringbuf_init
                0x00000000000145cd                ringbuf_put
                0x000000000001464b                ringbuf_get
                0x00000000000146b8                ringbuf_size
                0x00000000000146ca                ringbuf_elements
 .text          0x00000000000146f1     0x2c69 obj_cooja/mtype228.a(sicslowpan.o)
                0x0000000000014cf1                rime_sniffer_add
                0x0000000000014cfe                rime_sniffer_remove
                0x00000000000172f9                sicslowpan_init
                0x0000000000017350                sicslowpan_get_last_rssi
 .text          0x000000000001735a      0x2dc obj_cooja/mtype228.a(uip-ds6-nbr.o)
                0x0000000000017377                uip_ds6_neighbors_init
                0x0000000000017394                uip_ds6_nbr_add
                0x0000000000017445                uip_ds6_nbr_rm
                0x00000000000174a2                uip_ds6_nbr_get_ipaddr
                0x00000000000174b7                uip_ds6_nbr_get_ll
                0x00000000000174d3                uip_ds6_nbr_num
                0x0000000000017518                uip_ds6_nbr_lookup
                0x000000000001757d                uip_ds6_nbr_ll_lookup
                0x0000000000017599                uip_ds6_nbr_ipaddr_from_lladdr
                0x00000000000175bf                uip_ds6_nbr_lladdr_from_ipaddr
                0x00000000000175ed                uip_ds6_link_neighbor_callback
 .text          0x0000000000017636      0x916 obj_cooja/mtype228.a(uip-ds6-route.o)
                0x00000000000176ad                uip_ds6_notification_add
                0x00000000000176de                uip_ds6_notification_rm
                0x00000000000176fa                uip_ds6_route_init
                0x0000000000017782                uip_ds6_route_nexthop
                0x00000000000177aa                uip_ds6_route_head
                0x00000000000177bf                uip_ds6_route_next
                0x00000000000177e5                uip_ds6_route_is_nexthop
                0x0000000000017824                uip_ds6_route_num_routes
                0x000000000001782e                uip_ds6_route_lookup
                0x00000000000178f0                uip_ds6_route_add
                0x0000000000017b24                uip_ds6_route_rm
                0x0000000000017cb8                uip_ds6_route_rm_by_nexthop
                0x0000000000017cf0                uip_ds6_defrt_add
                0x0000000000017da1                uip_ds6_defrt_rm
                0x0000000000017e20                uip_ds6_defrt_lookup
                0x0000000000017e79                uip_ds6_defrt_choose
                0x0000000000017ee4                uip_ds6_defrt_periodic
 .text          0x0000000000017f4c     0x12ad obj_cooja/mtype228.a(uip-ds6.o)
                0x0000000000017f4c                uip_ds6_init
                0x00000000000182a1                uip_ds6_periodic
                0x0000000000018379                uip_ds6_list_loop
                0x0000000000018420                uip_ds6_prefix_add
                0x00000000000184de                uip_ds6_prefix_rm
                0x00000000000184f0                uip_ds6_prefix_lookup
                0x0000000000018541                uip_ds6_is_addr_onlink
                0x00000000000185b5                uip_ds6_addr_add
                0x00000000000186e3                uip_ds6_long_addr_add
                0x0000000000018811                uip_ds6_addr_rm
                0x00000000000188b1                uip_ds6_addr_lookup
                0x00000000000188fc                uip_ds6_long_addr_lookup
                0x0000000000018947                uip_ds6_get_link_local
                0x00000000000189c6                uip_ds6_long_get_link_local
                0x0000000000018a45                uip_ds6_get_global
                0x0000000000018ac4                uip_ds6_long_get_global
                0x0000000000018b43                uip_ds6_maddr_add
                0x0000000000018bb5                uip_ds6_long_maddr_add
                0x0000000000018c27                uip_ds6_maddr_rm
                0x0000000000018c39                uip_ds6_maddr_lookup
                0x0000000000018c84                uip_ds6_long_maddr_lookup
                0x0000000000018ccf                uip_ds6_aaddr_add
                0x0000000000018d41                uip_ds6_long_aaddr_add
                0x0000000000018db3                uip_ds6_aaddr_rm
                0x0000000000018dc5                uip_ds6_aaddr_lookup
                0x0000000000018e10                uip_ds6_long_aaddr_lookup
                0x0000000000018e5b                uip_ds6_select_src
                0x00000000000190e4                uip_ds6_set_addr_iid
                0x000000000001911b                get_match_length
                0x00000000000191ad                uip_ds6_compute_reachable_time
 .text          0x00000000000191f9     0x2d3b obj_cooja/mtype228.a(uip6.o)
                0x00000000000191f9                uip_add32
                0x0000000000019392                uip_chksum
                0x00000000000194a8                uip_icmp6chksum
                0x00000000000194bc                uip_tcpchksum
                0x00000000000194d0                uip_udpchksum
                0x00000000000194e4                uip_init
                0x00000000000195b4                uip_connect
                0x0000000000019763                remove_ext_hdr
                0x000000000001986c                uip_udp_new
                0x00000000000199c8                uip_unlisten
                0x0000000000019a28                uip_listen
                0x0000000000019d4e                uip_process
                0x000000000001be28                uip_htons
                0x000000000001be4a                uip_htonl
                0x000000000001be8a                uip_send
 .text          0x000000000001bf34      0xc2e obj_cooja/mtype228.a(tcpip.o)
                0x000000000001bf34                tcpip_output
                0x000000000001bf85                tcpip_set_outputfunc
                0x000000000001c025                tcp_connect
                0x000000000001c07a                tcp_unlisten
                0x000000000001c0d5                tcp_listen
                0x000000000001c12e                tcp_attach
                0x000000000001c153                udp_attach
                0x000000000001c178                udp_new
                0x000000000001c1ca                udp_broadcast_new
                0x000000000001c43e                tcpip_input
                0x000000000001c472                tcpip_ipv6_output
                0x000000000001c9a8                tcpip_poll_udp
                0x000000000001c9cb                tcpip_poll_tcp
                0x000000000001c9ee                tcpip_uipcall
 .text          0x000000000001cb62      0x1c1 obj_cooja/mtype228.a(uip-debug.o)
                0x000000000001cb62                uip_debug_ipaddr_print
                0x000000000001ccc4                uip_debug_lladdr_print
 .text          0x000000000001cd23      0x141 obj_cooja/mtype228.a(uip-packetqueue)
                0x000000000001cd4f                uip_packetqueue_new
                0x000000000001cd5d                uip_packetqueue_alloc
                0x000000000001cdbd                uip_packetqueue_free
                0x000000000001cdfe                uip_packetqueue_buf
                0x000000000001ce1b                uip_packetqueue_buflen
                0x000000000001ce3c                uip_packetqueue_set_buflen
 .text          0x000000000001ce64      0x131 obj_cooja/mtype228.a(uip-udp-packet.)
                0x000000000001ce64                uip_udp_packet_send
                0x000000000001cec4                uip_udp_packet_sendto
 .text          0x000000000001cf95     0x25fb obj_cooja/mtype228.a(rpl-dag.o)
                0x000000000001cf95                rpl_print_neighbor_list
                0x000000000001d03e                rpl_print_child_neighbor_list
                0x000000000001d0b3                rpl_get_nbr
                0x000000000001d10d                rpl_get_nbr_child
                0x000000000001d167                rpl_dag_init
                0x000000000001d199                rpl_get_parent
                0x000000000001d1bb                rpl_get_parent_rank
                0x000000000001d1ee                rpl_get_parent_link_metric
                0x000000000001d221                rpl_get_parent_ipaddr
                0x000000000001d24b                rpl_get_child_ipaddr
                0x000000000001d566                rpl_set_root
                0x000000000001d794                rpl_repair_root
                0x000000000001d9d0                rpl_set_prefix
                0x000000000001dacf                rpl_set_default_route
                0x000000000001db5b                rpl_alloc_instance
                0x000000000001dbee                rpl_alloc_dag
                0x000000000001dca1                rpl_set_default_instance
                0x000000000001dcae                rpl_get_default_instance
                0x000000000001dcb8                rpl_free_instance
                0x000000000001dd69                rpl_free_dag
                0x000000000001ddcf                rpl_add_parent
                0x000000000001deb8                rpl_find_parent
                0x000000000001dee8                rpl_add_child
                0x000000000001df8c                rpl_find_child
                0x000000000001dfda                rpl_find_parent_any_dag
                0x000000000001e016                rpl_select_dag
                0x000000000001e439                rpl_select_parent
                0x000000000001e49b                rpl_remove_parent
                0x000000000001e4d1                rpl_remove_child
                0x000000000001e4ed                rpl_nullify_parent
                0x000000000001e58b                rpl_move_parent
                0x000000000001e628                rpl_has_downward_route
                0x000000000001e67b                rpl_get_any_dag
                0x000000000001e6dd                rpl_get_instance
                0x000000000001e740                rpl_find_of
                0x000000000001e77d                rpl_join_instance
                0x000000000001ea19                rpl_add_dag
                0x000000000001ee08                rpl_local_repair
                0x000000000001eee1                rpl_recalculate_ranks
                0x000000000001ef67                rpl_process_parent_event
                0x000000000001f019                rpl_process_dio
 .text          0x000000000001f590      0xbf3 obj_cooja/mtype228.a(rpl-ext-header.)
                0x000000000001f5ad                rpl_verify_header
                0x000000000001fa27                rpl_update_header_empty
                0x000000000001fd3e                rpl_update_header_final
                0x000000000001fecd                rpl_remove_header
                0x000000000001ffd7                rpl_invert_header
                0x0000000000020161                rpl_insert_header
 .text          0x0000000000020183     0x22e1 obj_cooja/mtype228.a(rpl-icmp6.o)
                0x000000000002044c                rpl_icmp6_update_nbr_table
                0x000000000002053c                dis_output
                0x0000000000020e74                dio_output
                0x0000000000021fcf                dao_output
                0x0000000000022097                dao_output_target
                0x0000000000022418                dao_ack_output
                0x000000000002242c                rpl_icmp6_register_handlers
 .text          0x0000000000022464      0x3dc obj_cooja/mtype228.a(rpl-ltmax.o)
 .text          0x0000000000022840      0x7b3 obj_cooja/mtype228.a(rpl-timers.o)
                0x0000000000022a86                rpl_reset_periodic_timer
                0x0000000000022adb                rpl_reset_dio_timer
                0x0000000000022d15                rpl_schedule_dao
                0x0000000000022d30                rpl_schedule_dao_immediately
                0x0000000000022d4b                rpl_cancel_dao
                0x0000000000022dad                rpl_schedule_unicast_dio_immediately
                0x0000000000022f9b                rpl_schedule_probing
 .text          0x0000000000022ff3      0x5c5 obj_cooja/mtype228.a(rpl.o)
                0x0000000000022ff3                rpl_get_mode
                0x0000000000022ffd                rpl_set_mode
                0x000000000002308b                rpl_purge_routes
                0x0000000000023185                rpl_remove_routes
                0x00000000000231cb                rpl_remove_routes_by_nexthop
                0x0000000000023237                rpl_add_route
                0x00000000000232b2                rpl_link_neighbor_callback
                0x00000000000233b7                rpl_ipv6_neighbor_callback
                0x0000000000023426                rpl_purge_dags
                0x0000000000023532                rpl_init
 .text          0x00000000000235b8      0x3f5 obj_cooja/mtype228.a(framer-802154.o)
 .text          0x00000000000239ad       0x5e obj_cooja/mtype228.a(nullmac.o)
 .text          0x0000000000023a0b      0xfdc obj_cooja/mtype228.a(cxmac.o)
                0x0000000000024937                cxmac_set_announcement_radio_txpower
                0x000000000002493c                cxmac_init
 .text          0x00000000000249e7       0x82 obj_cooja/mtype228.a(linkaddr.o)
                0x00000000000249e7                linkaddr_copy
                0x0000000000024a09                linkaddr_cmp
                0x0000000000024a33                linkaddr_set_node_addr
                0x0000000000024a4e                linkaddr_set_node_long_addr
 .text          0x0000000000024a69      0x915 obj_cooja/mtype228.a(nbr-table.o)
                0x0000000000024a69                long_ip_from_lladdr_map
                0x0000000000024af2                lladdr_map_add_lr
                0x0000000000024baf                lladdr_map_rm_lr
                0x0000000000025074                nbr_table_register
                0x00000000000250bc                nbr_table_head
                0x0000000000025118                nbr_table_next
                0x000000000002517f                nbr_table_add_lladdr
                0x000000000002525b                nbr_table_get_from_lladdr
                0x00000000000252a8                nbr_table_remove
                0x00000000000252fa                nbr_table_lock
                0x0000000000025324                nbr_table_unlock
                0x000000000002534e                nbr_table_get_lladdr
 .text          0x000000000002537e       0x2b obj_cooja/mtype228.a(netstack.o)
                0x000000000002537e                netstack_init
 .text          0x00000000000253a9      0x3cd obj_cooja/mtype228.a(packetbuf.o)
                0x00000000000253a9                packetbuf_clear
                0x00000000000253d3                packetbuf_copyfrom
                0x0000000000025425                packetbuf_compact
                0x00000000000254a2                packetbuf_copyto
                0x0000000000025539                packetbuf_hdralloc
                0x00000000000255b6                packetbuf_hdrreduce
                0x00000000000255fe                packetbuf_set_datalen
                0x0000000000025617                packetbuf_dataptr
                0x0000000000025634                packetbuf_hdrptr
                0x000000000002563e                packetbuf_datalen
                0x000000000002564a                packetbuf_hdrlen
                0x0000000000025661                packetbuf_totlen
                0x0000000000025677                packetbuf_attr_clear
                0x00000000000256c9                packetbuf_attr_copyto
                0x0000000000025712                packetbuf_attr_copyfrom
                0x000000000002575a                packetbuf_holds_broadcast
 .text          0x0000000000025776      0x2b4 obj_cooja/mtype228.a(queuebuf.o)
                0x0000000000025780                queuebuf_init
                0x00000000000257a0                queuebuf_numfree
                0x00000000000257b4                queuebuf_new_from_packetbuf
                0x0000000000025844                queuebuf_update_attr_from_packetbuf
                0x0000000000025877                queuebuf_update_from_packetbuf
                0x00000000000258c1                queuebuf_free
                0x0000000000025908                queuebuf_to_packetbuf
                0x000000000002596e                queuebuf_dataptr
                0x00000000000259a5                queuebuf_datalen
                0x00000000000259c8                queuebuf_addr
                0x00000000000259fa                queuebuf_attr
                0x0000000000025a25                queuebuf_debug_print
 .text          0x0000000000025a2a       0x6e obj_cooja/mtype228.a(nullsec.o)
 .text          0x0000000000025a98       0x19 obj_cooja/mtype228.a(watchdog.o)
                0x0000000000025a98                watchdog_init
                0x0000000000025a9d                watchdog_start
                0x0000000000025aa2                watchdog_periodic
                0x0000000000025aa7                watchdog_stop
                0x0000000000025aac                watchdog_reboot
 .text          0x0000000000025ab1        0x0 obj_cooja/mtype228.a(rimestats.o)
 .text          0x0000000000025ab1      0x134 obj_cooja/mtype228.a(leds.o)
                0x0000000000025b02                leds_init
                0x0000000000025b16                leds_blink
                0x0000000000025b4e                leds_get
                0x0000000000025b5b                leds_set
                0x0000000000025b75                leds_on
                0x0000000000025b98                leds_off
                0x0000000000025bc2                leds_toggle
 .text          0x0000000000025be5      0x1c1 obj_cooja/mtype228.a(memb.o)
                0x0000000000025be5                memb_init
                0x0000000000025c43                memb_alloc
                0x0000000000025ca8                memb_free
                0x0000000000025d23                memb_inmemb
                0x0000000000025d62                memb_numfree
 .text          0x0000000000025da6      0xacc obj_cooja/mtype228.a(uip-icmp6.o)
                0x0000000000025e14                uip_icmp6_input
                0x0000000000025e84                uip_icmp6_register_input_handler
                0x000000000002614c                uip_icmp6_error_output
                0x0000000000026491                uip_icmp6_send
                0x0000000000026805                uip_icmp6_echo_reply_callback_add
                0x0000000000026836                uip_icmp6_echo_reply_callback_rm
                0x0000000000026852                uip_icmp6_init
 .text          0x0000000000026872      0x358 obj_cooja/mtype228.a(uip-nd6.o)
                0x00000000000268c6                uip_nd6_ns_output
                0x0000000000026bc5                uip_nd6_init
 .text          0x0000000000026bca      0x331 obj_cooja/mtype228.a(rpl-nbr-policy.)
                0x0000000000026da2                find_removable_dis
                0x0000000000026dc5                find_removable_dio
                0x0000000000026e54                find_removable_dao
                0x0000000000026ea4                rpl_nbr_policy_find_removable
 .text          0x0000000000026efb      0x97c obj_cooja/mtype228.a(frame802154.o)
                0x0000000000026f2c                frame802154_get_pan_id
                0x0000000000026f38                frame802154_set_pan_id
                0x0000000000026f51                frame802154_has_panid
                0x000000000002703d                frame802154_check_dest_panid
                0x00000000000270a5                frame802154_is_broadcast_addr
                0x00000000000270f2                frame802154_extract_linkaddr
                0x0000000000027332                frame802154_hdrlen
                0x0000000000027383                frame802154_create
                0x000000000002756e                frame802154_parse
 .text          0x0000000000027877       0x3c obj_cooja/mtype228.a(mac.o)
                0x0000000000027877                mac_call_sent_callback
 .text          0x00000000000278b3        0x0 /usr/lib/gcc/i686-linux-gnu/4.8/crtendS.o
 .text          0x00000000000278b3        0x0 /usr/lib/gcc/i686-linux-gnu/4.8/../../../i386-linux-gnu/crtn.o
 *(.gnu.warning)

.fini           0x00000000000278b4       0x14
 *(SORT(.fini))
 .fini          0x00000000000278b4        0xf /usr/lib/gcc/i686-linux-gnu/4.8/../../../i386-linux-gnu/crti.o
                0x00000000000278b4                _fini
 .fini          0x00000000000278c3        0x5 /usr/lib/gcc/i686-linux-gnu/4.8/../../../i386-linux-gnu/crtn.o
                0x00000000000278c8                PROVIDE (__etext, .)
                0x00000000000278c8                PROVIDE (_etext, .)
                0x00000000000278c8                PROVIDE (etext, .)

.rodata         0x00000000000278e0     0x1bf7
 *(.rodata .rodata.* .gnu.linkonce.r.*)
 .rodata        0x00000000000278e0      0x2da udp-client.co
                0x00000000000278f4                autostart_processes
 *fill*         0x0000000000027bba        0x2 
 .rodata        0x0000000000027bbc      0x1e6 obj_cooja/mtype228.o
 *fill*         0x0000000000027da2        0x2 
 .rodata        0x0000000000027da4        0x8 obj_cooja/mtype228.a(beep.o)
                0x0000000000027da4                beep_interface
 .rodata        0x0000000000027dac       0x20 obj_cooja/mtype228.a(button-sensor.o)
                0x0000000000027dac                button_interface
                0x0000000000027dbc                button_sensor
 .rodata        0x0000000000027dcc        0x8 obj_cooja/mtype228.a(leds-arch.o)
                0x0000000000027dcc                leds_interface
 .rodata        0x0000000000027dd4        0x8 obj_cooja/mtype228.a(moteid.o)
                0x0000000000027dd4                moteid_interface
 .rodata        0x0000000000027ddc       0x1c obj_cooja/mtype228.a(pir-sensor.o)
                0x0000000000027ddc                pir_interface
                0x0000000000027de8                pir_sensor
 .rodata        0x0000000000027df8        0xe obj_cooja/mtype228.a(rs232.o)
                0x0000000000027df8                rs232_interface
 *fill*         0x0000000000027e06        0x2 
 .rodata        0x0000000000027e08       0x24 obj_cooja/mtype228.a(vib-sensor.o)
                0x0000000000027e08                vib_interface
                0x0000000000027e1c                vib_sensor
 .rodata        0x0000000000027e2c        0x8 obj_cooja/mtype228.a(clock.o)
                0x0000000000027e2c                clock_interface
 .rodata        0x0000000000027e34        0x8 obj_cooja/mtype228.a(log.o)
                0x0000000000027e34                simlog_interface
 .rodata        0x0000000000027e3c       0x2f obj_cooja/mtype228.a(cfs-cooja.o)
                0x0000000000027e3c                cfs_interface
 *fill*         0x0000000000027e6b       0x15 
 .rodata        0x0000000000027e80       0xc0 obj_cooja/mtype228.a(cooja-radio.o)
                0x0000000000027f00                cooja_radio_driver
                0x0000000000027f38                radio_interface
 .rodata        0x0000000000027f40        0x8 obj_cooja/mtype228.a(eeprom.o)
                0x0000000000027f40                eeprom_interface
 .rodata        0x0000000000027f48        0x8 obj_cooja/mtype228.a(sensors.o)
 .rodata        0x0000000000027f50      0x169 obj_cooja/mtype228.a(dual_conf.o)
 .rodata        0x00000000000280b9        0xf obj_cooja/mtype228.a(ctimer.o)
 .rodata        0x00000000000280c8        0xc obj_cooja/mtype228.a(etimer.o)
 .rodata        0x00000000000280d4       0x73 obj_cooja/mtype228.a(log_message.o)
 *fill*         0x0000000000028147        0x1 
 .rodata        0x0000000000028148       0x20 obj_cooja/mtype228.a(residual.o)
 .rodata        0x0000000000028168        0xe obj_cooja/mtype228.a(serial-line.o)
 *fill*         0x0000000000028176        0x2 
 .rodata        0x0000000000028178      0x900 obj_cooja/mtype228.a(sicslowpan.o)
                0x0000000000028251                unc_llconf
                0x0000000000028255                unc_ctxconf
                0x0000000000028259                unc_mxconf
                0x000000000002825d                llprefix
                0x0000000000028a6c                sicslowpan_driver
 .rodata        0x0000000000028a78      0x590 obj_cooja/mtype228.a(uip6.o)
 .rodata        0x0000000000029008      0x15a obj_cooja/mtype228.a(tcpip.o)
 .rodata        0x0000000000029162       0x3e obj_cooja/mtype228.a(uip-debug.o)
 .rodata        0x00000000000291a0        0x4 obj_cooja/mtype228.a(rpl-dag.o)
 .rodata        0x00000000000291a4        0xc obj_cooja/mtype228.a(framer-802154.o)
                0x00000000000291a4                framer_802154
 .rodata        0x00000000000291b0       0x24 obj_cooja/mtype228.a(nullmac.o)
                0x00000000000291b8                nullmac_driver
 *fill*         0x00000000000291d4        0xc 
 .rodata        0x00000000000291e0      0x2c0 obj_cooja/mtype228.a(cxmac.o)
                0x0000000000029480                cxmac_driver
 .rodata        0x00000000000294a0        0x8 obj_cooja/mtype228.a(linkaddr.o)
                0x00000000000294a0                linkaddr_null
 .rodata        0x00000000000294a8       0x18 obj_cooja/mtype228.a(nullsec.o)
                0x00000000000294b0                nullsec_driver
 .rodata        0x00000000000294c0       0x17 obj_cooja/mtype228.a(uip-icmp6.o)

.rodata1
 *(.rodata1)

.eh_frame_hdr   0x00000000000294d8     0x13b4
 *(.eh_frame_hdr)
 .eh_frame_hdr  0x00000000000294d8     0x13b4 udp-client.co

.eh_frame       0x000000000002a88c     0x5020
 *(.eh_frame)
 .eh_frame      0x000000000002a88c       0x3c /usr/lib/gcc/i686-linux-gnu/4.8/../../../i386-linux-gnu/crti.o
                                         0x40 (size before relaxing)
 .eh_frame      0x000000000002a8c8       0xb4 udp-client.co
                                         0xcc (size before relaxing)
 .eh_frame      0x000000000002a97c      0x148 obj_cooja/mtype228.o
                                        0x160 (size before relaxing)
 .eh_frame      0x000000000002aac4       0x40 obj_cooja/mtype228.a(simEnvChange.o)
                                         0x58 (size before relaxing)
 .eh_frame      0x000000000002ab04       0xc0 obj_cooja/mtype228.a(cooja_mt.o)
                                         0xd8 (size before relaxing)
 .eh_frame      0x000000000002abc4      0x120 obj_cooja/mtype228.a(cooja_mtarch.o)
                                        0x138 (size before relaxing)
 .eh_frame      0x000000000002ace4       0xc0 obj_cooja/mtype228.a(rtimer-arch.o)
                                         0xd8 (size before relaxing)
 .eh_frame      0x000000000002ada4      0x160 obj_cooja/mtype228.a(beep.o)
                                        0x178 (size before relaxing)
 .eh_frame      0x000000000002af04       0xa0 obj_cooja/mtype228.a(button-sensor.o)
                                         0xb8 (size before relaxing)
 .eh_frame      0x000000000002afa4       0xa0 obj_cooja/mtype228.a(leds-arch.o)
                                         0xb8 (size before relaxing)
 .eh_frame      0x000000000002b044       0x40 obj_cooja/mtype228.a(moteid.o)
                                         0x58 (size before relaxing)
 .eh_frame      0x000000000002b084       0xa0 obj_cooja/mtype228.a(pir-sensor.o)
                                         0xb8 (size before relaxing)
 .eh_frame      0x000000000002b124      0x100 obj_cooja/mtype228.a(rs232.o)
                                        0x118 (size before relaxing)
 .eh_frame      0x000000000002b224       0xa0 obj_cooja/mtype228.a(vib-sensor.o)
                                         0xb8 (size before relaxing)
 .eh_frame      0x000000000002b2c4       0xc0 obj_cooja/mtype228.a(clock.o)
                                         0xd8 (size before relaxing)
 .eh_frame      0x000000000002b384      0x120 obj_cooja/mtype228.a(log.o)
                                        0x138 (size before relaxing)
 .eh_frame      0x000000000002b4a4      0x160 obj_cooja/mtype228.a(cfs-cooja.o)
                                        0x178 (size before relaxing)
 .eh_frame      0x000000000002b604      0x2e0 obj_cooja/mtype228.a(cooja-radio.o)
                                        0x2f8 (size before relaxing)
 .eh_frame      0x000000000002b8e4       0xa0 obj_cooja/mtype228.a(eeprom.o)
                                         0xb8 (size before relaxing)
 .eh_frame      0x000000000002b984       0x40 obj_cooja/mtype228.a(random.o)
                                         0x58 (size before relaxing)
 .eh_frame      0x000000000002b9c4       0xc0 obj_cooja/mtype228.a(sensors.o)
                                         0xd8 (size before relaxing)
 .eh_frame      0x000000000002ba84      0x160 obj_cooja/mtype228.a(dual_conf.o)
                                        0x178 (size before relaxing)
 .eh_frame      0x000000000002bbe4       0x40 obj_cooja/mtype228.a(autostart.o)
                                         0x58 (size before relaxing)
 .eh_frame      0x000000000002bc24      0x100 obj_cooja/mtype228.a(ctimer.o)
                                        0x118 (size before relaxing)
 .eh_frame      0x000000000002bd24      0x1e0 obj_cooja/mtype228.a(etimer.o)
                                        0x1f8 (size before relaxing)
 .eh_frame      0x000000000002bf04       0x40 obj_cooja/mtype228.a(log_message.o)
                                         0x58 (size before relaxing)
 .eh_frame      0x000000000002bf44      0x1c8 obj_cooja/mtype228.a(process.o)
                                        0x1e0 (size before relaxing)
 .eh_frame      0x000000000002c10c       0x2c obj_cooja/mtype228.a(residual.o)
                                         0x44 (size before relaxing)
 .eh_frame      0x000000000002c138       0x60 obj_cooja/mtype228.a(rtimer.o)
                                         0x78 (size before relaxing)
 .eh_frame      0x000000000002c198       0xc4 obj_cooja/mtype228.a(stimer.o)
                                         0xdc (size before relaxing)
 .eh_frame      0x000000000002c25c       0xa4 obj_cooja/mtype228.a(timer.o)
                                         0xbc (size before relaxing)
 .eh_frame      0x000000000002c300       0x60 obj_cooja/mtype228.a(serial-line.o)
                                         0x78 (size before relaxing)
 .eh_frame      0x000000000002c360      0x180 obj_cooja/mtype228.a(list.o)
                                        0x198 (size before relaxing)
 .eh_frame      0x000000000002c4e0       0xa0 obj_cooja/mtype228.a(ringbuf.o)
                                         0xb8 (size before relaxing)
 .eh_frame      0x000000000002c580      0x350 obj_cooja/mtype228.a(sicslowpan.o)
                                        0x368 (size before relaxing)
 .eh_frame      0x000000000002c8d0      0x180 obj_cooja/mtype228.a(uip-ds6-nbr.o)
                                        0x198 (size before relaxing)
 .eh_frame      0x000000000002ca50      0x2a0 obj_cooja/mtype228.a(uip-ds6-route.o)
                                        0x2b8 (size before relaxing)
 .eh_frame      0x000000000002ccf0      0x3c8 obj_cooja/mtype228.a(uip-ds6.o)
                                        0x3e0 (size before relaxing)
 .eh_frame      0x000000000002d0b8      0x27c obj_cooja/mtype228.a(uip6.o)
                                        0x294 (size before relaxing)
 .eh_frame      0x000000000002d334      0x270 obj_cooja/mtype228.a(tcpip.o)
                                        0x288 (size before relaxing)
 .eh_frame      0x000000000002d5a4       0x48 obj_cooja/mtype228.a(uip-debug.o)
                                         0x60 (size before relaxing)
 .eh_frame      0x000000000002d5ec       0xe0 obj_cooja/mtype228.a(uip-packetqueue)
                                         0xf8 (size before relaxing)
 .eh_frame      0x000000000002d6cc       0x40 obj_cooja/mtype228.a(uip-udp-packet.)
                                         0x58 (size before relaxing)
 .eh_frame      0x000000000002d70c      0x74c obj_cooja/mtype228.a(rpl-dag.o)
                                        0x764 (size before relaxing)
 .eh_frame      0x000000000002de58      0x10c obj_cooja/mtype228.a(rpl-ext-header.)
                                        0x124 (size before relaxing)
 .eh_frame      0x000000000002df64      0x2b8 obj_cooja/mtype228.a(rpl-icmp6.o)
                                        0x2d0 (size before relaxing)
 .eh_frame      0x000000000002e21c       0xe0 obj_cooja/mtype228.a(rpl-ltmax.o)
                                         0xf8 (size before relaxing)
 .eh_frame      0x000000000002e2fc      0x20c obj_cooja/mtype228.a(rpl-timers.o)
                                        0x224 (size before relaxing)
 .eh_frame      0x000000000002e508      0x148 obj_cooja/mtype228.a(rpl.o)
                                        0x160 (size before relaxing)
 .eh_frame      0x000000000002e650      0x108 obj_cooja/mtype228.a(framer-802154.o)
                                        0x120 (size before relaxing)
 .eh_frame      0x000000000002e758       0xc0 obj_cooja/mtype228.a(nullmac.o)
                                         0xd8 (size before relaxing)
 .eh_frame      0x000000000002e818      0x2a0 obj_cooja/mtype228.a(cxmac.o)
                                        0x2b8 (size before relaxing)
 .eh_frame      0x000000000002eab8       0x80 obj_cooja/mtype228.a(linkaddr.o)
                                         0x98 (size before relaxing)
 .eh_frame      0x000000000002eb38      0x2cc obj_cooja/mtype228.a(nbr-table.o)
                                        0x2e4 (size before relaxing)
 .eh_frame      0x000000000002ee04       0x20 obj_cooja/mtype228.a(netstack.o)
                                         0x38 (size before relaxing)
 .eh_frame      0x000000000002ee24      0x214 obj_cooja/mtype228.a(packetbuf.o)
                                        0x22c (size before relaxing)
 .eh_frame      0x000000000002f038      0x1a0 obj_cooja/mtype228.a(queuebuf.o)
                                        0x1b8 (size before relaxing)
 .eh_frame      0x000000000002f1d8       0x80 obj_cooja/mtype228.a(nullsec.o)
                                         0x98 (size before relaxing)
 .eh_frame      0x000000000002f258       0xa0 obj_cooja/mtype228.a(watchdog.o)
                                         0xb8 (size before relaxing)
 .eh_frame      0x000000000002f2f8      0x100 obj_cooja/mtype228.a(leds.o)
                                        0x118 (size before relaxing)
 .eh_frame      0x000000000002f3f8       0xa0 obj_cooja/mtype228.a(memb.o)
                                         0xb8 (size before relaxing)
 .eh_frame      0x000000000002f498      0x164 obj_cooja/mtype228.a(uip-icmp6.o)
                                        0x17c (size before relaxing)
 .eh_frame      0x000000000002f5fc       0x68 obj_cooja/mtype228.a(uip-nd6.o)
                                         0x80 (size before relaxing)
 .eh_frame      0x000000000002f664       0xc0 obj_cooja/mtype228.a(rpl-nbr-policy.)
                                         0xd8 (size before relaxing)
 .eh_frame      0x000000000002f724      0x164 obj_cooja/mtype228.a(frame802154.o)
                                        0x17c (size before relaxing)
 .eh_frame      0x000000000002f888       0x20 obj_cooja/mtype228.a(mac.o)
                                         0x38 (size before relaxing)
 .eh_frame      0x000000000002f8a8        0x4 /usr/lib/gcc/i686-linux-gnu/4.8/crtendS.o

.gcc_except_table
 *(.gcc_except_table .gcc_except_table.*)

.exception_ranges
 *(.exception_ranges .exception_ranges*)
                0x000000000002f8ac                . = (ALIGN (0x1000) - ((0x1000 - .) & 0xfff))
                0x0000000000030ef8                . = DATA_SEGMENT_ALIGN (0x1000, 0x1000)

.eh_frame
 *(.eh_frame)

.gcc_except_table
 *(.gcc_except_table .gcc_except_table.*)

.exception_ranges
 *(.exception_ranges .exception_ranges*)

.tdata
 *(.tdata .tdata.* .gnu.linkonce.td.*)

.tbss
 *(.tbss .tbss.* .gnu.linkonce.tb.*)
 *(.tcommon)

.preinit_array
 *(.preinit_array)

.init_array     0x0000000000030ef8        0x4
 *(SORT(.init_array.*) SORT(.ctors.*))
 *(.init_array EXCLUDE_FILE(*crtend?.o *crtend.o *crtbegin?.o *crtbegin.o) .ctors)
 .init_array    0x0000000000030ef8        0x4 /usr/lib/gcc/i686-linux-gnu/4.8/crtbeginS.o

.fini_array     0x0000000000030efc        0x4
 *(SORT(.fini_array.*) SORT(.dtors.*))
 *(.fini_array EXCLUDE_FILE(*crtend?.o *crtend.o *crtbegin?.o *crtbegin.o) .dtors)
 .fini_array    0x0000000000030efc        0x4 /usr/lib/gcc/i686-linux-gnu/4.8/crtbeginS.o

.ctors
 *crtbegin.o(.ctors)
 *crtbegin?.o(.ctors)
 *(EXCLUDE_FILE(*crtend?.o *crtend.o) .ctors)
 *(SORT(.ctors.*))
 *(.ctors)

.dtors
 *crtbegin.o(.dtors)
 *crtbegin?.o(.dtors)
 *(EXCLUDE_FILE(*crtend?.o *crtend.o) .dtors)
 *(SORT(.dtors.*))
 *(.dtors)

.jcr            0x0000000000030f00        0x4
 *(.jcr)
 .jcr           0x0000000000030f00        0x0 /usr/lib/gcc/i686-linux-gnu/4.8/crtbeginS.o
 .jcr           0x0000000000030f00        0x4 /usr/lib/gcc/i686-linux-gnu/4.8/crtendS.o

.data.rel.ro
 *(.data.rel.ro.local* .gnu.linkonce.d.rel.ro.local.*)
 *(.data.rel.ro .data.rel.ro.* .gnu.linkonce.d.rel.ro.*)

.dynamic        0x0000000000030f04       0xe8
 *(.dynamic)
 .dynamic       0x0000000000030f04       0xe8 /usr/lib/gcc/i686-linux-gnu/4.8/../../../i386-linux-gnu/crti.o
                0x0000000000030f04                _DYNAMIC

.got            0x0000000000030fec       0x14
 *(.got)
 .got           0x0000000000030fec       0x14 /usr/lib/gcc/i686-linux-gnu/4.8/../../../i386-linux-gnu/crti.o
 *(.igot)
                0x0000000000031ff4                . = DATA_SEGMENT_RELRO_END (., (SIZEOF (.got.plt) >= 0xc)?0xc:0x0)

.got.plt        0x0000000000031000       0x14
 *(.got.plt)
 .got.plt       0x0000000000031000       0x14 /usr/lib/gcc/i686-linux-gnu/4.8/../../../i386-linux-gnu/crti.o
                0x0000000000031000                _GLOBAL_OFFSET_TABLE_
 *(.igot.plt)

.data           0x0000000000031020      0x26a
 *(.data .data.* .gnu.linkonce.d.*)
 .data          0x0000000000031020        0x0 /usr/lib/gcc/i686-linux-gnu/4.8/../../../i386-linux-gnu/crti.o
 .data          0x0000000000031020        0x0 /usr/lib/gcc/i686-linux-gnu/4.8/crtbeginS.o
 .data.rel      0x0000000000031020        0x4 /usr/lib/gcc/i686-linux-gnu/4.8/crtbeginS.o
                0x0000000000031020                __dso_handle
 .data          0x0000000000031024       0x10 udp-client.co
                0x0000000000031024                udp_client_process
 *fill*         0x0000000000031034        0xc 
 .data          0x0000000000031040       0x44 obj_cooja/mtype228.o
                0x0000000000031040                simInterfaces
                0x0000000000031074                sensors
 .data          0x0000000000031084        0x0 obj_cooja/mtype228.a(simEnvChange.o)
 .data          0x0000000000031084        0x0 obj_cooja/mtype228.a(cooja_mt.o)
 .data          0x0000000000031084        0x0 obj_cooja/mtype228.a(cooja_mtarch.o)
 .data          0x0000000000031084        0x0 obj_cooja/mtype228.a(rtimer-arch.o)
 .data          0x0000000000031084        0x0 obj_cooja/mtype228.a(beep.o)
 .data          0x0000000000031084        0x0 obj_cooja/mtype228.a(button-sensor.o)
 .data          0x0000000000031084        0x0 obj_cooja/mtype228.a(leds-arch.o)
 .data          0x0000000000031084        0x0 obj_cooja/mtype228.a(moteid.o)
 .data          0x0000000000031084        0x0 obj_cooja/mtype228.a(pir-sensor.o)
 .data          0x0000000000031084        0x0 obj_cooja/mtype228.a(rs232.o)
 .data          0x0000000000031084        0x0 obj_cooja/mtype228.a(vib-sensor.o)
 .data          0x0000000000031084        0x0 obj_cooja/mtype228.a(clock.o)
 .data          0x0000000000031084        0x0 obj_cooja/mtype228.a(log.o)
 .data          0x0000000000031084        0x0 obj_cooja/mtype228.a(cfs-cooja.o)
 .data          0x0000000000031084       0x40 obj_cooja/mtype228.a(cooja-radio.o)
                0x0000000000031084                simRadioChannelLR
                0x0000000000031088                simRadioHWOnLR
                0x000000000003108c                simSignalStrengthLR
                0x0000000000031090                simLastSignalStrengthLR
                0x0000000000031094                simPowerLR
                0x0000000000031098                simLQILR
                0x000000000003109c                simRadioChannel
                0x00000000000310a0                simRadioHWOn
                0x00000000000310a4                simSignalStrength
                0x00000000000310a8                simLastSignalStrength
                0x00000000000310ac                simPower
                0x00000000000310b0                simLQI
                0x00000000000310b4                cooja_radio_process
 .data          0x00000000000310c4        0x0 obj_cooja/mtype228.a(eeprom.o)
 .data          0x00000000000310c4        0x0 obj_cooja/mtype228.a(random.o)
 .data          0x00000000000310c4       0x10 obj_cooja/mtype228.a(sensors.o)
                0x00000000000310c4                sensors_process
 .data          0x00000000000310d4       0x28 obj_cooja/mtype228.a(dual_conf.o)
                0x00000000000310d4                radio_received
                0x00000000000310d8                dual_dio_broadcast
                0x00000000000310e8                dual_dis_broadcast
 .data          0x00000000000310fc        0x0 obj_cooja/mtype228.a(autostart.o)
 .data          0x00000000000310fc       0x14 obj_cooja/mtype228.a(ctimer.o)
                0x0000000000031100                ctimer_process
 .data          0x0000000000031110       0x10 obj_cooja/mtype228.a(etimer.o)
                0x0000000000031110                etimer_process
 .data          0x0000000000031120        0x0 obj_cooja/mtype228.a(log_message.o)
 .data          0x0000000000031120        0x0 obj_cooja/mtype228.a(process.o)
 .data          0x0000000000031120        0x0 obj_cooja/mtype228.a(residual.o)
 .data          0x0000000000031120        0x0 obj_cooja/mtype228.a(rtimer.o)
 .data          0x0000000000031120        0x0 obj_cooja/mtype228.a(stimer.o)
 .data          0x0000000000031120        0x0 obj_cooja/mtype228.a(timer.o)
 .data          0x0000000000031120       0x10 obj_cooja/mtype228.a(serial-line.o)
                0x0000000000031120                serial_line_process
 .data          0x0000000000031130        0x0 obj_cooja/mtype228.a(list.o)
 .data          0x0000000000031130        0x0 obj_cooja/mtype228.a(ringbuf.o)
 .data          0x0000000000031130        0x0 obj_cooja/mtype228.a(sicslowpan.o)
 .data          0x0000000000031130       0x14 obj_cooja/mtype228.a(uip-ds6-nbr.o)
                0x0000000000031140                ds6_neighbors
 .data          0x0000000000031144       0x44 obj_cooja/mtype228.a(uip-ds6-route.o)
                0x0000000000031154                nbr_routes
 .data          0x0000000000031188        0x0 obj_cooja/mtype228.a(uip-ds6.o)
 .data          0x0000000000031188        0x0 obj_cooja/mtype228.a(uip6.o)
 .data          0x0000000000031188       0x10 obj_cooja/mtype228.a(tcpip.o)
                0x0000000000031188                tcpip_process
 .data          0x0000000000031198        0x0 obj_cooja/mtype228.a(uip-debug.o)
 .data          0x0000000000031198        0xc obj_cooja/mtype228.a(uip-packetqueue)
 .data          0x00000000000311a4        0x0 obj_cooja/mtype228.a(uip-udp-packet.)
 .data          0x00000000000311a4       0x28 obj_cooja/mtype228.a(rpl-dag.o)
                0x00000000000311b4                rpl_parents
                0x00000000000311c8                rpl_children
 .data          0x00000000000311cc        0x0 obj_cooja/mtype228.a(rpl-ext-header.)
 .data          0x00000000000311cc       0x34 obj_cooja/mtype228.a(rpl-icmp6.o)
 .data          0x0000000000031200       0x1c obj_cooja/mtype228.a(rpl-ltmax.o)
                0x0000000000031200                rpl_ltmax_of
 .data          0x000000000003121c        0x0 obj_cooja/mtype228.a(rpl-timers.o)
 .data          0x000000000003121c        0x0 obj_cooja/mtype228.a(rpl.o)
 .data          0x000000000003121c        0x0 obj_cooja/mtype228.a(framer-802154.o)
 .data          0x000000000003121c        0x0 obj_cooja/mtype228.a(nullmac.o)
 .data          0x000000000003121c       0x20 obj_cooja/mtype228.a(cxmac.o)
                0x000000000003121c                cxmac_config
 .data          0x000000000003123c        0x0 obj_cooja/mtype228.a(linkaddr.o)
 .data          0x000000000003123c       0x10 obj_cooja/mtype228.a(nbr-table.o)
 .data          0x000000000003124c        0x0 obj_cooja/mtype228.a(netstack.o)
 .data          0x000000000003124c        0x4 obj_cooja/mtype228.a(packetbuf.o)
 .data          0x0000000000031250       0x18 obj_cooja/mtype228.a(queuebuf.o)
 .data          0x0000000000031268        0x0 obj_cooja/mtype228.a(nullsec.o)
 .data          0x0000000000031268        0x0 obj_cooja/mtype228.a(watchdog.o)
 .data          0x0000000000031268        0x0 obj_cooja/mtype228.a(rimestats.o)
 .data          0x0000000000031268        0x0 obj_cooja/mtype228.a(leds.o)
 .data          0x0000000000031268        0x0 obj_cooja/mtype228.a(memb.o)
 .data          0x0000000000031268       0x20 obj_cooja/mtype228.a(uip-icmp6.o)
 .data          0x0000000000031288        0x0 obj_cooja/mtype228.a(uip-nd6.o)
 .data          0x0000000000031288        0x0 obj_cooja/mtype228.a(rpl-nbr-policy.)
 .data          0x0000000000031288        0x2 obj_cooja/mtype228.a(frame802154.o)
 .data          0x000000000003128a        0x0 obj_cooja/mtype228.a(mac.o)
 .data          0x000000000003128a        0x0 /usr/lib/gcc/i686-linux-gnu/4.8/crtendS.o
 .data          0x000000000003128a        0x0 /usr/lib/gcc/i686-linux-gnu/4.8/../../../i386-linux-gnu/crtn.o

.tm_clone_table
                0x000000000003128c        0x0
 .tm_clone_table
                0x000000000003128c        0x0 /usr/lib/gcc/i686-linux-gnu/4.8/crtbeginS.o
 .tm_clone_table
                0x000000000003128c        0x0 /usr/lib/gcc/i686-linux-gnu/4.8/crtendS.o

.data1
 *(.data1)
                0x000000000003128c                _edata = .
                0x000000000003128c                PROVIDE (edata, .)
                0x000000000003128c                . = .
                0x000000000003128c                __bss_start = .

.bss            0x00000000000312a0     0x82e8
 *(.dynbss)
 .dynbss        0x0000000000000000        0x0 /usr/lib/gcc/i686-linux-gnu/4.8/../../../i386-linux-gnu/crti.o
 *(.bss .bss.* .gnu.linkonce.b.*)
 .bss           0x00000000000312a0        0x0 /usr/lib/gcc/i686-linux-gnu/4.8/../../../i386-linux-gnu/crti.o
 .bss           0x00000000000312a0        0x1 /usr/lib/gcc/i686-linux-gnu/4.8/crtbeginS.o
 *fill*         0x00000000000312a1       0x1f 
 .bss           0x00000000000312c0       0x60 udp-client.co
                0x00000000000312c0                my_weight
 .bss           0x0000000000031320     0x2030 obj_cooja/mtype228.o
 .bss           0x0000000000033350        0x1 obj_cooja/mtype228.a(simEnvChange.o)
                0x0000000000033350                simDontFallAsleep
 *fill*         0x0000000000033351        0x3 
 .bss           0x0000000000033354        0x4 obj_cooja/mtype228.a(cooja_mt.o)
 .bss           0x0000000000033358        0x4 obj_cooja/mtype228.a(cooja_mtarch.o)
 .bss           0x000000000003335c        0xc obj_cooja/mtype228.a(rtimer-arch.o)
 .bss           0x0000000000033368        0x0 obj_cooja/mtype228.a(beep.o)
 .bss           0x0000000000033368        0x8 obj_cooja/mtype228.a(button-sensor.o)
 .bss           0x0000000000033370        0x0 obj_cooja/mtype228.a(leds-arch.o)
 .bss           0x0000000000033370        0x0 obj_cooja/mtype228.a(moteid.o)
 .bss           0x0000000000033370        0x1 obj_cooja/mtype228.a(pir-sensor.o)
                0x0000000000033370                simPirValue
 *fill*         0x0000000000033371        0x3 
 .bss           0x0000000000033374        0x4 obj_cooja/mtype228.a(rs232.o)
 .bss           0x0000000000033378        0x1 obj_cooja/mtype228.a(vib-sensor.o)
                0x0000000000033378                simVibValue
 .bss           0x0000000000033379        0x0 obj_cooja/mtype228.a(clock.o)
 *fill*         0x0000000000033379        0x7 
 .bss           0x0000000000033380      0x420 obj_cooja/mtype228.a(log.o)
 .bss           0x00000000000337a0      0xfc0 obj_cooja/mtype228.a(cfs-cooja.o)
                0x00000000000337a0                simCFSData
                0x0000000000034740                simCFSSize
                0x0000000000034744                simCFSChanged
                0x0000000000034748                simCFSRead
                0x000000000003474c                simCFSWritten
 .bss           0x0000000000034760       0x24 obj_cooja/mtype228.a(cooja-radio.o)
                0x0000000000034760                simReceivingLR
                0x0000000000034764                simInSizeLR
                0x0000000000034768                simOutSizeLR
                0x000000000003476c                simReceiving
                0x0000000000034770                simInSize
                0x0000000000034774                simOutSize
                0x0000000000034778                LongRangeTransmit
                0x000000000003477c                LongRangeReceiving
 .bss           0x0000000000034784        0xc obj_cooja/mtype228.a(eeprom.o)
                0x0000000000034784                simEEPROMChanged
                0x0000000000034788                simEEPROMRead
                0x000000000003478c                simEEPROMWritten
 .bss           0x0000000000034790        0x0 obj_cooja/mtype228.a(random.o)
 .bss           0x0000000000034790        0xc obj_cooja/mtype228.a(sensors.o)
 .bss           0x000000000003479c       0x2c obj_cooja/mtype228.a(dual_conf.o)
                0x000000000003479c                long_range_radio
 .bss           0x00000000000347c8        0x0 obj_cooja/mtype228.a(autostart.o)
 .bss           0x00000000000347c8        0x5 obj_cooja/mtype228.a(ctimer.o)
 *fill*         0x00000000000347cd        0x3 
 .bss           0x00000000000347d0        0x8 obj_cooja/mtype228.a(etimer.o)
 .bss           0x00000000000347d8        0x0 obj_cooja/mtype228.a(log_message.o)
 *fill*         0x00000000000347d8        0x8 
 .bss           0x00000000000347e0      0x1b1 obj_cooja/mtype228.a(process.o)
                0x00000000000347e0                process_list
                0x00000000000347e4                process_current
 .bss           0x0000000000034991        0x0 obj_cooja/mtype228.a(residual.o)
 *fill*         0x0000000000034991        0x3 
 .bss           0x0000000000034994        0x4 obj_cooja/mtype228.a(rtimer.o)
 .bss           0x0000000000034998        0x0 obj_cooja/mtype228.a(stimer.o)
 .bss           0x0000000000034998        0x0 obj_cooja/mtype228.a(timer.o)
 *fill*         0x0000000000034998        0x8 
 .bss           0x00000000000349a0      0x140 obj_cooja/mtype228.a(serial-line.o)
 .bss           0x0000000000034ae0        0x0 obj_cooja/mtype228.a(list.o)
 .bss           0x0000000000034ae0        0x0 obj_cooja/mtype228.a(ringbuf.o)
 .bss           0x0000000000034ae0      0x70c obj_cooja/mtype228.a(sicslowpan.o)
 *fill*         0x00000000000351ec       0x14 
 .bss           0x0000000000035200       0xc0 obj_cooja/mtype228.a(uip-ds6-nbr.o)
 .bss           0x00000000000352c0      0x4a8 obj_cooja/mtype228.a(uip-ds6-route.o)
 .bss           0x0000000000035768       0x30 obj_cooja/mtype228.a(uip-ds6.o)
 .bss           0x0000000000035798        0xe obj_cooja/mtype228.a(uip6.o)
                0x0000000000035798                uip_ext_bitmap
                0x0000000000035799                uip_ext_len
                0x000000000003579a                uip_ext_opt_offset
 *fill*         0x00000000000357a6       0x1a 
 .bss           0x00000000000357c0       0x6b obj_cooja/mtype228.a(tcpip.o)
 .bss           0x000000000003582b        0x0 obj_cooja/mtype228.a(uip-debug.o)
 *fill*         0x000000000003582b       0x15 
 .bss           0x0000000000035840      0xcf8 obj_cooja/mtype228.a(uip-packetqueue)
 .bss           0x0000000000036538        0x0 obj_cooja/mtype228.a(uip-udp-packet.)
 *fill*         0x0000000000036538        0x8 
 .bss           0x0000000000036540       0x88 obj_cooja/mtype228.a(rpl-dag.o)
 .bss           0x00000000000365c8        0x0 obj_cooja/mtype228.a(rpl-ext-header.)
 .bss           0x00000000000365c8        0x0 obj_cooja/mtype228.a(rpl-icmp6.o)
 .bss           0x00000000000365c8        0x0 obj_cooja/mtype228.a(rpl-ltmax.o)
 *fill*         0x00000000000365c8       0x18 
 .bss           0x00000000000365e0       0x23 obj_cooja/mtype228.a(rpl-timers.o)
 *fill*         0x0000000000036603        0x1 
 .bss           0x0000000000036604        0x4 obj_cooja/mtype228.a(rpl.o)
 .bss           0x0000000000036608        0x2 obj_cooja/mtype228.a(framer-802154.o)
 .bss           0x000000000003660a        0x0 obj_cooja/mtype228.a(nullmac.o)
 *fill*         0x000000000003660a       0x16 
 .bss           0x0000000000036620       0xa0 obj_cooja/mtype228.a(cxmac.o)
 .bss           0x00000000000366c0        0x0 obj_cooja/mtype228.a(linkaddr.o)
 .bss           0x00000000000366c0       0xc4 obj_cooja/mtype228.a(nbr-table.o)
 .bss           0x0000000000036784        0x0 obj_cooja/mtype228.a(netstack.o)
 *fill*         0x0000000000036784       0x1c 
 .bss           0x00000000000367a0       0xa0 obj_cooja/mtype228.a(packetbuf.o)
 .bss           0x0000000000036840      0xb80 obj_cooja/mtype228.a(queuebuf.o)
 .bss           0x00000000000373c0        0x0 obj_cooja/mtype228.a(nullsec.o)
 .bss           0x00000000000373c0        0x0 obj_cooja/mtype228.a(watchdog.o)
 .bss           0x00000000000373c0        0x0 obj_cooja/mtype228.a(rimestats.o)
 .bss           0x00000000000373c0        0x1 obj_cooja/mtype228.a(leds.o)
 .bss           0x00000000000373c1        0x0 obj_cooja/mtype228.a(memb.o)
 *fill*         0x00000000000373c1        0x3 
 .bss           0x00000000000373c4       0x18 obj_cooja/mtype228.a(uip-icmp6.o)
 .bss           0x00000000000373dc        0x0 obj_cooja/mtype228.a(uip-nd6.o)
 *fill*         0x00000000000373dc        0x4 
 .bss           0x00000000000373e0       0x44 obj_cooja/mtype228.a(rpl-nbr-policy.)
 .bss           0x0000000000037424        0x0 obj_cooja/mtype228.a(frame802154.o)
 .bss           0x0000000000037424        0x0 obj_cooja/mtype228.a(mac.o)
 .bss           0x0000000000037424        0x0 /usr/lib/gcc/i686-linux-gnu/4.8/crtendS.o
 .bss           0x0000000000037424        0x0 /usr/lib/gcc/i686-linux-gnu/4.8/../../../i386-linux-gnu/crtn.o
 *(COMMON)
 COMMON         0x0000000000037424       0x48 udp-client.co
                0x0000000000037424                dio_count
                0x0000000000037428                dis_count
                0x000000000003742c                collision_count
                0x0000000000037430                transmission_count
                0x0000000000037434                COOJA_radioRxLong
                0x0000000000037438                control_message_count
                0x000000000003743c                dao_count
                0x0000000000037440                COOJA_radioTx
                0x0000000000037444                data_relay_count
                0x0000000000037448                data_message_count
                0x000000000003744c                my_sink_reachability
                0x0000000000037450                COOJA_radioTxLong
                0x0000000000037454                COOJA_radioRx
                0x0000000000037458                my_parent_number
                0x000000000003745c                COOJA_radioOn
                0x0000000000037460                COOJA_duration
                0x0000000000037464                dio_ack_count
                0x0000000000037468                COOJA_radioOnLong
 COMMON         0x000000000003746c        0xc obj_cooja/mtype228.o
                0x000000000003746c                referenceVar
                0x0000000000037470                debugfp
                0x0000000000037474                sensors_flags
 COMMON         0x0000000000037478        0xc obj_cooja/mtype228.a(simEnvChange.o)
                0x0000000000037478                simEtimerPending
                0x000000000003747c                simProcessRunValue
                0x0000000000037480                simNextExpirationTime
 COMMON         0x0000000000037484        0x1 obj_cooja/mtype228.a(beep.o)
                0x0000000000037484                simBeeped
 COMMON         0x0000000000037485        0x3 obj_cooja/mtype228.a(button-sensor.o)
                0x0000000000037485                simButtonIsActive
                0x0000000000037486                simButtonIsDown
                0x0000000000037487                simButtonChanged
 COMMON         0x0000000000037488        0x1 obj_cooja/mtype228.a(leds-arch.o)
                0x0000000000037488                simLedsValue
 *fill*         0x0000000000037489        0x3 
 COMMON         0x000000000003748c        0xc obj_cooja/mtype228.a(moteid.o)
                0x000000000003748c                simRandomSeed
                0x0000000000037490                simMoteIDChanged
                0x0000000000037494                simMoteID
 COMMON         0x0000000000037498        0x2 obj_cooja/mtype228.a(pir-sensor.o)
                0x0000000000037498                simPirIsActive
                0x0000000000037499                simPirChanged
 *fill*         0x000000000003749a        0x6 
 COMMON         0x00000000000374a0      0x820 obj_cooja/mtype228.a(rs232.o)
                0x00000000000374a0                simSerialReceivingFlag
                0x00000000000374a4                simSerialReceivingLength
                0x00000000000374c0                simSerialReceivingData
 COMMON         0x0000000000037cc0        0x2 obj_cooja/mtype228.a(vib-sensor.o)
                0x0000000000037cc0                simVibChanged
                0x0000000000037cc1                simVibIsActive
 *fill*         0x0000000000037cc2        0x2 
 COMMON         0x0000000000037cc4        0x4 obj_cooja/mtype228.a(clock.o)
                0x0000000000037cc4                simCurrentTime
 *fill*         0x0000000000037cc8       0x18 
 COMMON         0x0000000000037ce0      0x420 obj_cooja/mtype228.a(log.o)
                0x0000000000037ce0                simLoggedLength
                0x0000000000037ce4                simLoggedFlag
                0x0000000000037d00                simLoggedData
 COMMON         0x0000000000038100      0x240 obj_cooja/mtype228.a(cooja-radio.o)
                0x0000000000038100                simOutDataBuffer
                0x0000000000038180                simRadioTarget
                0x00000000000381a0                simInDataBufferLR
                0x0000000000038220                simOutDataBufferLR
                0x00000000000382a0                dual_duty_cycle_count
                0x00000000000382c0                simInDataBuffer
 COMMON         0x0000000000038340      0x400 obj_cooja/mtype228.a(eeprom.o)
                0x0000000000038340                simEEPROMData
 COMMON         0x0000000000038740        0x1 obj_cooja/mtype228.a(sensors.o)
                0x0000000000038740                sensors_event
 *fill*         0x0000000000038741        0x3 
 COMMON         0x0000000000038744        0x4 obj_cooja/mtype228.a(log_message.o)
                0x0000000000038744                log_fp
 COMMON         0x0000000000038748        0x1 obj_cooja/mtype228.a(serial-line.o)
                0x0000000000038748                serial_line_event_message
 COMMON         0x0000000000038749        0x1 obj_cooja/mtype228.a(sicslowpan.o)
                0x0000000000038749                p
 *fill*         0x000000000003874a       0x16 
 COMMON         0x0000000000038760       0x50 obj_cooja/mtype228.a(uip-ds6-nbr.o)
                0x0000000000038760                ds6_lr_addrmap
 *fill*         0x00000000000387b0       0x10 
 COMMON         0x00000000000387c0      0x298 obj_cooja/mtype228.a(uip-ds6.o)
                0x00000000000387c0                uip_ds6_prefix_list
                0x0000000000038820                uip_ds6_timer_periodic
                0x0000000000038830                uip_ds6_netif_addr_list_offset
                0x0000000000038840                uip_ds6_if
                0x0000000000038938                uip_ds6_timer_ra
                0x0000000000038940                uip_ds6_addr_size
                0x0000000000038960                long_uip_ds6_if
 *fill*         0x0000000000038a58        0x8 
 COMMON         0x0000000000038a60      0x8ec obj_cooja/mtype228.a(uip6.o)
                0x0000000000038a60                uip_slen
                0x0000000000038a62                uip_acc32
                0x0000000000038a80                uip_conns
                0x0000000000038b40                uip_lladdr
                0x0000000000038b48                uip_appdata
                0x0000000000038b4c                uip_flags
                0x0000000000038b60                uip_aligned_buf
                0x00000000000391a0                uip_listenports
                0x00000000000391b0                uip_len
                0x00000000000391b2                uip_long_lladdr
                0x00000000000391bc                uip_sappdata
                0x00000000000391c0                uip_udp_conns
                0x0000000000039340                uip_udp_conn
                0x0000000000039344                uip_next_hdr
                0x0000000000039348                uip_conn
 COMMON         0x000000000003934c        0x1 obj_cooja/mtype228.a(tcpip.o)
                0x000000000003934c                tcpip_event
 *fill*         0x000000000003934d       0x13 
 COMMON         0x0000000000039360      0x198 obj_cooja/mtype228.a(rpl-dag.o)
                0x0000000000039360                default_instance
                0x0000000000039380                instance_table
 COMMON         0x00000000000394f8       0x10 obj_cooja/mtype228.a(linkaddr.o)
                0x00000000000394f8                linkaddr_node_addr
                0x0000000000039500                long_linkaddr_node_addr
 COMMON         0x0000000000039508       0x2e obj_cooja/mtype228.a(packetbuf.o)
                0x0000000000039508                packetbuf_attrs
                0x0000000000039526                packetbuf_addrs
 *fill*         0x0000000000039536        0xa 
 COMMON         0x0000000000039540       0x48 obj_cooja/mtype228.a(rimestats.o)
                0x0000000000039540                rimestats
                0x0000000000039588                . = ALIGN ((. != 0x0)?0x4:0x1)
                0x0000000000039588                . = ALIGN (0x4)
                0x0000000000039588                . = SEGMENT_START ("ldata-segment", .)
                0x0000000000039588                . = ALIGN (0x4)
                0x0000000000039588                _end = .
                0x0000000000039588                PROVIDE (end, .)
                0x0000000000039588                . = DATA_SEGMENT_END (.)

.stab
 *(.stab)

.stabstr
 *(.stabstr)

.stab.excl
 *(.stab.excl)

.stab.exclstr
 *(.stab.exclstr)

.stab.index
 *(.stab.index)

.stab.indexstr
 *(.stab.indexstr)

.comment        0x0000000000000000       0x29
 *(.comment)
 .comment       0x0000000000000000       0x29 /usr/lib/gcc/i686-linux-gnu/4.8/crtbeginS.o
                                         0x2a (size before relaxing)
 .comment       0x0000000000000000       0x2a udp-client.co
 .comment       0x0000000000000000       0x2a obj_cooja/mtype228.o
 .comment       0x0000000000000000       0x2a obj_cooja/mtype228.a(simEnvChange.o)
 .comment       0x0000000000000000       0x2a obj_cooja/mtype228.a(cooja_mt.o)
 .comment       0x0000000000000000       0x2a obj_cooja/mtype228.a(cooja_mtarch.o)
 .comment       0x0000000000000000       0x2a obj_cooja/mtype228.a(rtimer-arch.o)
 .comment       0x0000000000000000       0x2a obj_cooja/mtype228.a(beep.o)
 .comment       0x0000000000000000       0x2a obj_cooja/mtype228.a(button-sensor.o)
 .comment       0x0000000000000000       0x2a obj_cooja/mtype228.a(leds-arch.o)
 .comment       0x0000000000000000       0x2a obj_cooja/mtype228.a(moteid.o)
 .comment       0x0000000000000000       0x2a obj_cooja/mtype228.a(pir-sensor.o)
 .comment       0x0000000000000000       0x2a obj_cooja/mtype228.a(rs232.o)
 .comment       0x0000000000000000       0x2a obj_cooja/mtype228.a(vib-sensor.o)
 .comment       0x0000000000000000       0x2a obj_cooja/mtype228.a(clock.o)
 .comment       0x0000000000000000       0x2a obj_cooja/mtype228.a(log.o)
 .comment       0x0000000000000000       0x2a obj_cooja/mtype228.a(cfs-cooja.o)
 .comment       0x0000000000000000       0x2a obj_cooja/mtype228.a(cooja-radio.o)
 .comment       0x0000000000000000       0x2a obj_cooja/mtype228.a(eeprom.o)
 .comment       0x0000000000000000       0x2a obj_cooja/mtype228.a(random.o)
 .comment       0x0000000000000000       0x2a obj_cooja/mtype228.a(sensors.o)
 .comment       0x0000000000000000       0x2a obj_cooja/mtype228.a(dual_conf.o)
 .comment       0x0000000000000000       0x2a obj_cooja/mtype228.a(autostart.o)
 .comment       0x0000000000000000       0x2a obj_cooja/mtype228.a(ctimer.o)
 .comment       0x0000000000000000       0x2a obj_cooja/mtype228.a(etimer.o)
 .comment       0x0000000000000000       0x2a obj_cooja/mtype228.a(log_message.o)
 .comment       0x0000000000000000       0x2a obj_cooja/mtype228.a(process.o)
 .comment       0x0000000000000000       0x2a obj_cooja/mtype228.a(residual.o)
 .comment       0x0000000000000000       0x2a obj_cooja/mtype228.a(rtimer.o)
 .comment       0x0000000000000000       0x2a obj_cooja/mtype228.a(stimer.o)
 .comment       0x0000000000000000       0x2a obj_cooja/mtype228.a(timer.o)
 .comment       0x0000000000000000       0x2a obj_cooja/mtype228.a(serial-line.o)
 .comment       0x0000000000000000       0x2a obj_cooja/mtype228.a(list.o)
 .comment       0x0000000000000000       0x2a obj_cooja/mtype228.a(ringbuf.o)
 .comment       0x0000000000000000       0x2a obj_cooja/mtype228.a(sicslowpan.o)
 .comment       0x0000000000000000       0x2a obj_cooja/mtype228.a(uip-ds6-nbr.o)
 .comment       0x0000000000000000       0x2a obj_cooja/mtype228.a(uip-ds6-route.o)
 .comment       0x0000000000000000       0x2a obj_cooja/mtype228.a(uip-ds6.o)
 .comment       0x0000000000000000       0x2a obj_cooja/mtype228.a(uip6.o)
 .comment       0x0000000000000000       0x2a obj_cooja/mtype228.a(tcpip.o)
 .comment       0x0000000000000000       0x2a obj_cooja/mtype228.a(uip-debug.o)
 .comment       0x0000000000000000       0x2a obj_cooja/mtype228.a(uip-packetqueue)
 .comment       0x0000000000000000       0x2a obj_cooja/mtype228.a(uip-udp-packet.)
 .comment       0x0000000000000000       0x2a obj_cooja/mtype228.a(rpl-dag.o)
 .comment       0x0000000000000000       0x2a obj_cooja/mtype228.a(rpl-ext-header.)
 .comment       0x0000000000000000       0x2a obj_cooja/mtype228.a(rpl-icmp6.o)
 .comment       0x0000000000000000       0x2a obj_cooja/mtype228.a(rpl-ltmax.o)
 .comment       0x0000000000000000       0x2a obj_cooja/mtype228.a(rpl-timers.o)
 .comment       0x0000000000000000       0x2a obj_cooja/mtype228.a(rpl.o)
 .comment       0x0000000000000000       0x2a obj_cooja/mtype228.a(framer-802154.o)
 .comment       0x0000000000000000       0x2a obj_cooja/mtype228.a(nullmac.o)
 .comment       0x0000000000000000       0x2a obj_cooja/mtype228.a(cxmac.o)
 .comment       0x0000000000000000       0x2a obj_cooja/mtype228.a(linkaddr.o)
 .comment       0x0000000000000000       0x2a obj_cooja/mtype228.a(nbr-table.o)
 .comment       0x0000000000000000       0x2a obj_cooja/mtype228.a(netstack.o)
 .comment       0x0000000000000000       0x2a obj_cooja/mtype228.a(packetbuf.o)
 .comment       0x0000000000000000       0x2a obj_cooja/mtype228.a(queuebuf.o)
 .comment       0x0000000000000000       0x2a obj_cooja/mtype228.a(nullsec.o)
 .comment       0x0000000000000000       0x2a obj_cooja/mtype228.a(watchdog.o)
 .comment       0x0000000000000000       0x2a obj_cooja/mtype228.a(rimestats.o)
 .comment       0x0000000000000000       0x2a obj_cooja/mtype228.a(leds.o)
 .comment       0x0000000000000000       0x2a obj_cooja/mtype228.a(memb.o)
 .comment       0x0000000000000000       0x2a obj_cooja/mtype228.a(uip-icmp6.o)
 .comment       0x0000000000000000       0x2a obj_cooja/mtype228.a(uip-nd6.o)
 .comment       0x0000000000000000       0x2a obj_cooja/mtype228.a(rpl-nbr-policy.)
 .comment       0x0000000000000000       0x2a obj_cooja/mtype228.a(frame802154.o)
 .comment       0x0000000000000000       0x2a obj_cooja/mtype228.a(mac.o)
 .comment       0x0000000000000000       0x2a /usr/lib/gcc/i686-linux-gnu/4.8/crtendS.o

.debug
 *(.debug)

.line
 *(.line)

.debug_srcinfo
 *(.debug_srcinfo)

.debug_sfnames
 *(.debug_sfnames)

.debug_aranges  0x0000000000000000      0x838
 *(.debug_aranges)
 .debug_aranges
                0x0000000000000000       0x20 udp-client.co
 .debug_aranges
                0x0000000000000020       0x20 obj_cooja/mtype228.o
 .debug_aranges
                0x0000000000000040       0x20 obj_cooja/mtype228.a(simEnvChange.o)
 .debug_aranges
                0x0000000000000060       0x20 obj_cooja/mtype228.a(cooja_mt.o)
 .debug_aranges
                0x0000000000000080       0x20 obj_cooja/mtype228.a(cooja_mtarch.o)
 .debug_aranges
                0x00000000000000a0       0x20 obj_cooja/mtype228.a(rtimer-arch.o)
 .debug_aranges
                0x00000000000000c0       0x20 obj_cooja/mtype228.a(beep.o)
 .debug_aranges
                0x00000000000000e0       0x20 obj_cooja/mtype228.a(button-sensor.o)
 .debug_aranges
                0x0000000000000100       0x20 obj_cooja/mtype228.a(leds-arch.o)
 .debug_aranges
                0x0000000000000120       0x20 obj_cooja/mtype228.a(moteid.o)
 .debug_aranges
                0x0000000000000140       0x20 obj_cooja/mtype228.a(pir-sensor.o)
 .debug_aranges
                0x0000000000000160       0x20 obj_cooja/mtype228.a(rs232.o)
 .debug_aranges
                0x0000000000000180       0x20 obj_cooja/mtype228.a(vib-sensor.o)
 .debug_aranges
                0x00000000000001a0       0x20 obj_cooja/mtype228.a(clock.o)
 .debug_aranges
                0x00000000000001c0       0x20 obj_cooja/mtype228.a(log.o)
 .debug_aranges
                0x00000000000001e0       0x20 obj_cooja/mtype228.a(cfs-cooja.o)
 .debug_aranges
                0x0000000000000200       0x20 obj_cooja/mtype228.a(cooja-radio.o)
 .debug_aranges
                0x0000000000000220       0x20 obj_cooja/mtype228.a(eeprom.o)
 .debug_aranges
                0x0000000000000240       0x20 obj_cooja/mtype228.a(random.o)
 .debug_aranges
                0x0000000000000260       0x20 obj_cooja/mtype228.a(sensors.o)
 .debug_aranges
                0x0000000000000280       0x20 obj_cooja/mtype228.a(dual_conf.o)
 .debug_aranges
                0x00000000000002a0       0x20 obj_cooja/mtype228.a(autostart.o)
 .debug_aranges
                0x00000000000002c0       0x20 obj_cooja/mtype228.a(ctimer.o)
 .debug_aranges
                0x00000000000002e0       0x20 obj_cooja/mtype228.a(etimer.o)
 .debug_aranges
                0x0000000000000300       0x20 obj_cooja/mtype228.a(log_message.o)
 .debug_aranges
                0x0000000000000320       0x20 obj_cooja/mtype228.a(process.o)
 .debug_aranges
                0x0000000000000340       0x20 obj_cooja/mtype228.a(residual.o)
 .debug_aranges
                0x0000000000000360       0x20 obj_cooja/mtype228.a(rtimer.o)
 .debug_aranges
                0x0000000000000380       0x20 obj_cooja/mtype228.a(stimer.o)
 .debug_aranges
                0x00000000000003a0       0x20 obj_cooja/mtype228.a(timer.o)
 .debug_aranges
                0x00000000000003c0       0x20 obj_cooja/mtype228.a(serial-line.o)
 .debug_aranges
                0x00000000000003e0       0x20 obj_cooja/mtype228.a(list.o)
 .debug_aranges
                0x0000000000000400       0x20 obj_cooja/mtype228.a(ringbuf.o)
 .debug_aranges
                0x0000000000000420       0x20 obj_cooja/mtype228.a(sicslowpan.o)
 .debug_aranges
                0x0000000000000440       0x20 obj_cooja/mtype228.a(uip-ds6-nbr.o)
 .debug_aranges
                0x0000000000000460       0x20 obj_cooja/mtype228.a(uip-ds6-route.o)
 .debug_aranges
                0x0000000000000480       0x20 obj_cooja/mtype228.a(uip-ds6.o)
 .debug_aranges
                0x00000000000004a0       0x20 obj_cooja/mtype228.a(uip6.o)
 .debug_aranges
                0x00000000000004c0       0x20 obj_cooja/mtype228.a(tcpip.o)
 .debug_aranges
                0x00000000000004e0       0x20 obj_cooja/mtype228.a(uip-debug.o)
 .debug_aranges
                0x0000000000000500       0x20 obj_cooja/mtype228.a(uip-packetqueue)
 .debug_aranges
                0x0000000000000520       0x20 obj_cooja/mtype228.a(uip-udp-packet.)
 .debug_aranges
                0x0000000000000540       0x20 obj_cooja/mtype228.a(rpl-dag.o)
 .debug_aranges
                0x0000000000000560       0x20 obj_cooja/mtype228.a(rpl-ext-header.)
 .debug_aranges
                0x0000000000000580       0x20 obj_cooja/mtype228.a(rpl-icmp6.o)
 .debug_aranges
                0x00000000000005a0       0x20 obj_cooja/mtype228.a(rpl-ltmax.o)
 .debug_aranges
                0x00000000000005c0       0x20 obj_cooja/mtype228.a(rpl-timers.o)
 .debug_aranges
                0x00000000000005e0       0x20 obj_cooja/mtype228.a(rpl.o)
 .debug_aranges
                0x0000000000000600       0x20 obj_cooja/mtype228.a(framer-802154.o)
 .debug_aranges
                0x0000000000000620       0x20 obj_cooja/mtype228.a(nullmac.o)
 .debug_aranges
                0x0000000000000640       0x20 obj_cooja/mtype228.a(cxmac.o)
 .debug_aranges
                0x0000000000000660       0x20 obj_cooja/mtype228.a(linkaddr.o)
 .debug_aranges
                0x0000000000000680       0x20 obj_cooja/mtype228.a(nbr-table.o)
 .debug_aranges
                0x00000000000006a0       0x20 obj_cooja/mtype228.a(netstack.o)
 .debug_aranges
                0x00000000000006c0       0x20 obj_cooja/mtype228.a(packetbuf.o)
 .debug_aranges
                0x00000000000006e0       0x20 obj_cooja/mtype228.a(queuebuf.o)
 .debug_aranges
                0x0000000000000700       0x20 obj_cooja/mtype228.a(nullsec.o)
 .debug_aranges
                0x0000000000000720       0x20 obj_cooja/mtype228.a(watchdog.o)
 .debug_aranges
                0x0000000000000740       0x18 obj_cooja/mtype228.a(rimestats.o)
 .debug_aranges
                0x0000000000000758       0x20 obj_cooja/mtype228.a(leds.o)
 .debug_aranges
                0x0000000000000778       0x20 obj_cooja/mtype228.a(memb.o)
 .debug_aranges
                0x0000000000000798       0x20 obj_cooja/mtype228.a(uip-icmp6.o)
 .debug_aranges
                0x00000000000007b8       0x20 obj_cooja/mtype228.a(uip-nd6.o)
 .debug_aranges
                0x00000000000007d8       0x20 obj_cooja/mtype228.a(rpl-nbr-policy.)
 .debug_aranges
                0x00000000000007f8       0x20 obj_cooja/mtype228.a(frame802154.o)
 .debug_aranges
                0x0000000000000818       0x20 obj_cooja/mtype228.a(mac.o)

.debug_pubnames
 *(.debug_pubnames)

.debug_info     0x0000000000000000    0x1cf4e
 *(.debug_info .gnu.linkonce.wi.*)
 .debug_info    0x0000000000000000      0xa23 udp-client.co
 .debug_info    0x0000000000000a23     0x3ac4 obj_cooja/mtype228.o
 .debug_info    0x00000000000044e7      0x15a obj_cooja/mtype228.a(simEnvChange.o)
 .debug_info    0x0000000000004641      0x1e2 obj_cooja/mtype228.a(cooja_mt.o)
 .debug_info    0x0000000000004823      0x2e7 obj_cooja/mtype228.a(cooja_mtarch.o)
 .debug_info    0x0000000000004b0a      0x16b obj_cooja/mtype228.a(rtimer-arch.o)
 .debug_info    0x0000000000004c75      0x1f3 obj_cooja/mtype228.a(beep.o)
 .debug_info    0x0000000000004e68      0x257 obj_cooja/mtype228.a(button-sensor.o)
 .debug_info    0x00000000000050bf      0x132 obj_cooja/mtype228.a(leds-arch.o)
 .debug_info    0x00000000000051f1      0x10a obj_cooja/mtype228.a(moteid.o)
 .debug_info    0x00000000000052fb      0x216 obj_cooja/mtype228.a(pir-sensor.o)
 .debug_info    0x0000000000005511      0x21e obj_cooja/mtype228.a(rs232.o)