Archive member included to satisfy reference by file (symbol)

obj_cooja/mtype498.a(simEnvChange.o)
                              obj_cooja/mtype498.o (simDontFallAsleep)
obj_cooja/mtype498.a(cooja_mt.o)
                              obj_cooja/mtype498.o (cooja_mt_start)
obj_cooja/mtype498.a(cooja_mtarch.o)
                              obj_cooja/mtype498.a(cooja_mt.o) (cooja_mtarch_init)
obj_cooja/mtype498.a(rtimer-arch.o)
                              obj_cooja/mtype498.o (rtimer_arch_next)
obj_cooja/mtype498.a(beep.o)  obj_cooja/mtype498.o (beep_interface)
obj_cooja/mtype498.a(button-sensor.o)
                              obj_cooja/mtype498.o (button_interface)
obj_cooja/mtype498.a(leds-arch.o)
                              obj_cooja/mtype498.o (leds_interface)
obj_cooja/mtype498.a(moteid.o)
                              obj_cooja/mtype498.o (moteid_interface)
obj_cooja/mtype498.a(pir-sensor.o)
                              obj_cooja/mtype498.o (pir_interface)
obj_cooja/mtype498.a(rs232.o)
                              obj_cooja/mtype498.o (rs232_interface)
obj_cooja/mtype498.a(vib-sensor.o)
                              obj_cooja/mtype498.o (vib_interface)
obj_cooja/mtype498.a(clock.o)
                              obj_cooja/mtype498.o (clock_interface)
obj_cooja/mtype498.a(log.o)   obj_cooja/mtype498.o (simlog_interface)
obj_cooja/mtype498.a(cfs-cooja.o)
                              obj_cooja/mtype498.o (cfs_interface)
obj_cooja/mtype498.a(cooja-radio.o)
                              obj_cooja/mtype498.o (radio_interface)
obj_cooja/mtype498.a(eeprom.o)
                              obj_cooja/mtype498.o (eeprom_interface)
obj_cooja/mtype498.a(random.o)
                              obj_cooja/mtype498.a(moteid.o) (random_init)
obj_cooja/mtype498.a(sensors.o)
                              obj_cooja/mtype498.o (sensors_process)
obj_cooja/mtype498.a(leds.o)  obj_cooja/mtype498.a(cooja-radio.o) (leds_on)
obj_cooja/mtype498.a(dual_conf.o)
                              obj_cooja/mtype498.a(cooja-radio.o) (long_range_radio)
obj_cooja/mtype498.a(autostart.o)
                              obj_cooja/mtype498.o (autostart_start)
obj_cooja/mtype498.a(ctimer.o)
                              obj_cooja/mtype498.o (ctimer_init)
obj_cooja/mtype498.a(etimer.o)
                              obj_cooja/mtype498.o (etimer_process)
obj_cooja/mtype498.a(log_message.o)
                              obj_cooja/mtype498.o (log_initialization)
obj_cooja/mtype498.a(process.o)
                              udp-client.co (process_current)
obj_cooja/mtype498.a(residual.o)
                              udp-client.co (get_residual_energy)
obj_cooja/mtype498.a(rtimer.o)
                              obj_cooja/mtype498.a(rtimer-arch.o) (rtimer_run_next)
obj_cooja/mtype498.a(stimer.o)
                              udp-client.co (stimer_remaining)
obj_cooja/mtype498.a(timer.o)
                              obj_cooja/mtype498.a(button-sensor.o) (timer_set)
obj_cooja/mtype498.a(serial-line.o)
                              udp-client.co (serial_line_event_message)
obj_cooja/mtype498.a(list.o)  obj_cooja/mtype498.a(ctimer.o) (list_init)
obj_cooja/mtype498.a(ringbuf.o)
                              obj_cooja/mtype498.a(serial-line.o) (ringbuf_init)
obj_cooja/mtype498.a(sicslowpan.o)
                              obj_cooja/mtype498.o (sicslowpan_driver)
obj_cooja/mtype498.a(uip-ds6-nbr.o)
                              obj_cooja/mtype498.a(sicslowpan.o) (uip_ds6_link_neighbor_callback)
obj_cooja/mtype498.a(uip-ds6-route.o)
                              udp-client.co (uip_ds6_route_nexthop)
obj_cooja/mtype498.a(uip-ds6.o)
                              udp-client.co (uip_ds6_if)
obj_cooja/mtype498.a(uip6.o)  udp-client.co (uip_lladdr)
obj_cooja/mtype498.a(tcpip.o)
                              udp-client.co (tcpip_event)
obj_cooja/mtype498.a(uip-debug.o)
                              udp-client.co (uip_debug_ipaddr_print)
obj_cooja/mtype498.a(uip-packetqueue)
                              obj_cooja/mtype498.a(uip-ds6-nbr.o) (uip_packetqueue_new)
obj_cooja/mtype498.a(uip-udp-packet.)
                              udp-client.co (uip_udp_packet_sendto)
obj_cooja/mtype498.a(rpl-dag.o)
                              obj_cooja/mtype498.a(tcpip.o) (rpl_repair_root)
obj_cooja/mtype498.a(rpl-ext-header.)
                              obj_cooja/mtype498.a(uip6.o) (rpl_verify_header)
obj_cooja/mtype498.a(rpl-icmp6.o)
                              obj_cooja/mtype498.a(rpl-dag.o) (rpl_icmp6_update_nbr_table)
obj_cooja/mtype498.a(rpl-ltmax.o)
                              obj_cooja/mtype498.a(rpl-dag.o) (rpl_ltmax_of)
obj_cooja/mtype498.a(rpl-timers.o)
                              obj_cooja/mtype498.a(rpl-icmp6.o) (rpl_LSA_convergence_timer)
obj_cooja/mtype498.a(rpl.o)   obj_cooja/mtype498.a(rpl-icmp6.o) (rpl_get_mode)
obj_cooja/mtype498.a(csma.o)  obj_cooja/mtype498.o (csma_driver)
obj_cooja/mtype498.a(framer-802154.o)
[...]
Memory Configuration

Name             Origin             Length             Attributes
*default*        0x0000000000000000 0xffffffffffffffff

Linker script and memory map

LOAD /usr/lib/gcc/i686-linux-gnu/4.8/../../../i386-linux-gnu/crti.o
LOAD /usr/lib/gcc/i686-linux-gnu/4.8/crtbeginS.o
LOAD udp-client.co
LOAD obj_cooja/mtype498.o
LOAD obj_cooja/mtype498.a
LOAD /usr/lib/gcc/i686-linux-gnu/4.8/libgcc.a
LOAD /usr/lib/gcc/i686-linux-gnu/4.8/libgcc_s.so
LOAD /usr/lib/gcc/i686-linux-gnu/4.8/../../../i386-linux-gnu/libc.so
START GROUP
LOAD /lib/i386-linux-gnu/libc.so.6
LOAD /usr/lib/i386-linux-gnu/libc_nonshared.a
LOAD /lib/i386-linux-gnu/ld-linux.so.2
END GROUP
LOAD /usr/lib/gcc/i686-linux-gnu/4.8/libgcc.a
LOAD /usr/lib/gcc/i686-linux-gnu/4.8/libgcc_s.so
LOAD /usr/lib/gcc/i686-linux-gnu/4.8/crtendS.o
LOAD /usr/lib/gcc/i686-linux-gnu/4.8/../../../i386-linux-gnu/crtn.o
                0x0000000000000114                . = (0x0 + SIZEOF_HEADERS)

.note.gnu.build-id
                0x0000000000000114       0x24
 *(.note.gnu.build-id)
 .note.gnu.build-id
                0x0000000000000114       0x24 /usr/lib/gcc/i686-linux-gnu/4.8/../../../i386-linux-gnu/crti.o

.hash
 *(.hash)

.gnu.hash       0x0000000000000138     0x13b0
 *(.gnu.hash)
 .gnu.hash      0x0000000000000138     0x13b0 /usr/lib/gcc/i686-linux-gnu/4.8/../../../i386-linux-gnu/crti.o

.dynsym         0x00000000000014e8     0x2720
 *(.dynsym)
 .dynsym        0x00000000000014e8     0x2720 /usr/lib/gcc/i686-linux-gnu/4.8/../../../i386-linux-gnu/crti.o

.dynstr         0x0000000000003c08     0x2843
 *(.dynstr)
 .dynstr        0x0000000000003c08     0x2843 /usr/lib/gcc/i686-linux-gnu/4.8/../../../i386-linux-gnu/crti.o

.gnu.version    0x000000000000644c      0x4e4
 *(.gnu.version)
 .gnu.version   0x000000000000644c      0x4e4 /usr/lib/gcc/i686-linux-gnu/4.8/../../../i386-linux-gnu/crti.o

.gnu.version_d  0x0000000000006930        0x0
 *(.gnu.version_d)
 .gnu.version_d
                0x0000000000000000        0x0 /usr/lib/gcc/i686-linux-gnu/4.8/../../../i386-linux-gnu/crti.o

.gnu.version_r  0x0000000000006930       0x50
 *(.gnu.version_r)
 .gnu.version_r
                0x0000000000006930       0x50 /usr/lib/gcc/i686-linux-gnu/4.8/../../../i386-linux-gnu/crti.o

.rel.dyn        0x0000000000006980     0x9ce8
 *(.rel.init)
 .rel.init      0x0000000000000000        0x0 /usr/lib/gcc/i686-linux-gnu/4.8/../../../i386-linux-gnu/crti.o
 *(.rel.text .rel.text.* .rel.gnu.linkonce.t.*)
 .rel.text      0x0000000000006980     0x94f8 /usr/lib/gcc/i686-linux-gnu/4.8/../../../i386-linux-gnu/crti.o
 *(.rel.fini)
 .rel.fini      0x0000000000000000        0x0 /usr/lib/gcc/i686-linux-gnu/4.8/../../../i386-linux-gnu/crti.o
 *(.rel.rodata .rel.rodata.* .rel.gnu.linkonce.r.*)
 .rel.rodata    0x000000000000fe78      0x4e0 /usr/lib/gcc/i686-linux-gnu/4.8/../../../i386-linux-gnu/crti.o
 *(.rel.data.rel.ro .rel.data.rel.ro.* .rel.gnu.linkonce.d.rel.ro.*)
 *(.rel.data .rel.data.* .rel.gnu.linkonce.d.*)
 .rel.data.rel  0x0000000000010358        0x8 /usr/lib/gcc/i686-linux-gnu/4.8/../../../i386-linux-gnu/crti.o
 .rel.data      0x0000000000010360      0x2d0 /usr/lib/gcc/i686-linux-gnu/4.8/../../../i386-linux-gnu/crti.o
 *(.rel.tdata .rel.tdata.* .rel.gnu.linkonce.td.*)
 *(.rel.tbss .rel.tbss.* .rel.gnu.linkonce.tb.*)
 *(.rel.ctors)
 *(.rel.dtors)
 *(.rel.got)
 .rel.got       0x0000000000010630       0x28 /usr/lib/gcc/i686-linux-gnu/4.8/../../../i386-linux-gnu/crti.o
 *(.rel.bss .rel.bss.* .rel.gnu.linkonce.b.*)
 *(.rel.ifunc)
 .rel.ifunc     0x0000000000000000        0x0 /usr/lib/gcc/i686-linux-gnu/4.8/../../../i386-linux-gnu/crti.o
 .rel.fini_array
                0x0000000000010658        0x8 /usr/lib/gcc/i686-linux-gnu/4.8/../../../i386-linux-gnu/crti.o
 .rel.init_array
                0x0000000000010660        0x8 /usr/lib/gcc/i686-linux-gnu/4.8/../../../i386-linux-gnu/crti.o

.rel.plt        0x0000000000010668       0x10
 *(.rel.plt)
 .rel.plt       0x0000000000010668       0x10 /usr/lib/gcc/i686-linux-gnu/4.8/../../../i386-linux-gnu/crti.o
 *(.rel.iplt)

.init           0x0000000000010678       0x23
 *(SORT(.init))
 .init          0x0000000000010678       0x1e /usr/lib/gcc/i686-linux-gnu/4.8/../../../i386-linux-gnu/crti.o
                0x0000000000010678                _init
 .init          0x0000000000010696        0x5 /usr/lib/gcc/i686-linux-gnu/4.8/../../../i386-linux-gnu/crtn.o

.plt            0x00000000000106a0       0x30
 *(.plt)
 .plt           0x00000000000106a0       0x30 /usr/lib/gcc/i686-linux-gnu/4.8/../../../i386-linux-gnu/crti.o
 *(.iplt)

.text           0x00000000000106d0    0x1792d
 *(.text.unlikely .text.*_unlikely .text.unlikely.*)
 *(.text.exit .text.exit.*)
 *(.text.startup .text.startup.*)
 *(.text.hot .text.hot.*)
 *(.text .stub .text.* .gnu.linkonce.t.*)
 .text          0x00000000000106d0        0x0 /usr/lib/gcc/i686-linux-gnu/4.8/../../../i386-linux-gnu/crti.o
 .gnu.linkonce.t.__x86.get_pc_thunk.bx
                0x00000000000106d0        0x4 /usr/lib/gcc/i686-linux-gnu/4.8/../../../i386-linux-gnu/crti.o
                0x00000000000106d0                __x86.get_pc_thunk.bx
 *fill*         0x00000000000106d4        0xc 
 .text          0x00000000000106e0      0x11b /usr/lib/gcc/i686-linux-gnu/4.8/crtbeginS.o
 .text          0x00000000000107fb      0x870 udp-client.co
 .text          0x000000000001106b      0x96a obj_cooja/mtype498.o
                0x0000000000011219                contiki_init
                0x00000000000117ec                Java_org_contikios_cooja_corecomm_Lib2_init
                0x000000000001182c                Java_org_contikios_cooja_corecomm_Lib2_getMemory
                0x000000000001186c                Java_org_contikios_cooja_corecomm_Lib2_setMemory
                0x00000000000118e3                Java_org_contikios_cooja_corecomm_Lib2_tick
                0x00000000000119c3                Java_org_contikios_cooja_corecomm_Lib2_setReferenceAddress
 .text          0x00000000000119d5       0x63 obj_cooja/mtype498.a(simEnvChange.o)
                0x00000000000119d5                doActionsBeforeTick
                0x0000000000011a06                doActionsAfterTick
 .text          0x0000000000011a38       0xbc obj_cooja/mtype498.a(cooja_mt.o)
                0x0000000000011a38                cooja_mt_init
                0x0000000000011a45                cooja_mt_remove
                0x0000000000011a52                cooja_mt_start
                0x0000000000011a7f                cooja_mt_exec
                0x0000000000011ab0                cooja_mt_exit
                0x0000000000011ad2                cooja_mt_yield
 .text          0x0000000000011af4      0x115 obj_cooja/mtype498.a(cooja_mtarch.o)
                0x0000000000011af4                cooja_mtarch_init
                0x0000000000011af9                cooja_mtarch_start
                0x0000000000011b74                cooja_sw
                0x0000000000011b96                cooja_mtarch_exec
                0x0000000000011bb2                cooja_mtarch_remove
                0x0000000000011bb7                cooja_mtarch_yield
                0x0000000000011bc1                cooja_mtarch_pstop
                0x0000000000011bc6                cooja_mtarch_pstart
                0x0000000000011bcb                cooja_mtarch_stack_usage
 .text          0x0000000000011c09       0xc2 obj_cooja/mtype498.a(rtimer-arch.o)
                0x0000000000011c09                rtimer_arch_init
                0x0000000000011c2c                rtimer_arch_schedule
                0x0000000000011c43                rtimer_arch_next
                0x0000000000011c4d                rtimer_arch_pending
                0x0000000000011c57                rtimer_arch_check
                0x0000000000011c89                rtimer_arch_now
 .text          0x0000000000011ccb       0x76 obj_cooja/mtype498.a(beep.o)
                0x0000000000011ccb                beep_alarm
                0x0000000000011cd7                beep_beep
                0x0000000000011ce3                beep
                0x0000000000011cef                beep_down
                0x0000000000011cfb                beep_on
                0x0000000000011d07                beep_off
                0x0000000000011d13                beep_spinup
                0x0000000000011d1f                beep_quick
                0x0000000000011d2b                beep_long
 .text          0x0000000000011d41      0x103 obj_cooja/mtype498.a(button-sensor.o)
 .text          0x0000000000011e44       0x45 obj_cooja/mtype498.a(leds-arch.o)
                0x0000000000011e44                leds_arch_init
                0x0000000000011e50                leds_arch_get
                0x0000000000011e5c                leds_arch_set
 .text          0x0000000000011e89       0x2f obj_cooja/mtype498.a(moteid.o)
 .text          0x0000000000011eb8       0xb1 obj_cooja/mtype498.a(pir-sensor.o)
 .text          0x0000000000011f69      0x131 obj_cooja/mtype498.a(rs232.o)
                0x0000000000011f69                rs232_init
                0x0000000000011f6e                rs232_set_speed
                0x0000000000011f7c                rs232_set_input
                0x0000000000011f89                rs232_send
                0x0000000000011fab                rs232_print
                0x0000000000011fc6                slip_arch_writeb
 .text          0x000000000001209a       0xb1 obj_cooja/mtype498.a(vib-sensor.o)
 .text          0x000000000001214b       0x34 obj_cooja/mtype498.a(clock.o)
                0x000000000001214b                clock_init
                0x0000000000012150                clock_time
                0x000000000001215a                clock_seconds
                0x0000000000012170                clock_delay
 .text          0x000000000001217f      0x1ed obj_cooja/mtype498.a(log.o)
                0x000000000001217f                simlog_char
                0x00000000000121c1                simlog
                0x000000000001222e                log_message
                0x0000000000012256                log_set_putchar_with_slip
                0x0000000000012263                log_putchar
                0x00000000000122e7                log_puts
                0x000000000001230b                log_printf
 .text          0x000000000001236c      0x2c4 obj_cooja/mtype498.a(cfs-cooja.o)
                0x000000000001236c                cfs_open
                0x00000000000123d5                cfs_close
                0x00000000000123e1                cfs_read
                0x000000000001247f                cfs_write
                0x000000000001255c                cfs_seek
                0x00000000000125e4                cfs_remove
                0x000000000001260d                cfs_opendir
                0x0000000000012617                cfs_readdir
                0x0000000000012621                cfs_closedir
 .text          0x0000000000012630      0x69f obj_cooja/mtype498.a(cooja-radio.o)
                0x000000000001265a                radio_set_channel
                0x000000000001266f                radio_set_txpower
                0x000000000001268f                radio_signal_strength_last
                0x0000000000012699                radio_signal_strength_current
                0x00000000000126a3                radio_LQI
 .text          0x0000000000012ccf       0xef obj_cooja/mtype498.a(eeprom.o)
                0x0000000000012ccf                eeprom_init
                0x0000000000012cd4                eeprom_read
                0x0000000000012d44                eeprom_write
 .text          0x0000000000012dbe       0x28 obj_cooja/mtype498.a(random.o)
                0x0000000000012dbe                random_init
                0x0000000000012dd9                random_rand
 .text          0x0000000000012de6      0x2a1 obj_cooja/mtype498.a(sensors.o)
                0x0000000000012e21                sensors_first
                0x0000000000012e2b                sensors_next
                0x0000000000012e48                sensors_changed
                0x0000000000012e77                sensors_find
 .text          0x0000000000013087      0x134 obj_cooja/mtype498.a(leds.o)
                0x00000000000130d8                leds_init
                0x00000000000130ec                leds_blink
                0x0000000000013124                leds_get
                0x0000000000013131                leds_set
                0x000000000001314b                leds_on
                0x000000000001316e                leds_off
                0x0000000000013198                leds_toggle
 .text          0x00000000000131bb      0x432 obj_cooja/mtype498.a(dual_conf.o)
                0x00000000000131bb                dual_radio_switch
                0x00000000000131fb                dual_radio_change
                0x0000000000013235                sending_in_LR
                0x0000000000013260                dual_radio_received
                0x0000000000013298                radio_received_is_longrange
                0x00000000000132b3                dual_radio_turn_on
                0x00000000000132d6                dual_radio_turn_off
                0x0000000000013573                dio_broadcast
                0x000000000001359c                dis_broadcast
                0x00000000000135bd                LSA_converge_broadcast
 .text          0x00000000000135ed       0x8e obj_cooja/mtype498.a(autostart.o)
                0x00000000000135ed                autostart_start
                0x0000000000013638                autostart_exit
 .text          0x000000000001367b      0x334 obj_cooja/mtype498.a(ctimer.o)
                0x0000000000013792                ctimer_init
                0x00000000000137c2                ctimer_set
                0x00000000000137f3                ctimer_set_with_process
                0x000000000001386f                ctimer_reset
                0x00000000000138be                ctimer_restart
                0x000000000001390d                ctimer_stop
                0x0000000000013958                ctimer_expired
 .text          0x00000000000139af      0x40b obj_cooja/mtype498.a(etimer.o)
                0x0000000000013bc2                etimer_request_poll
                0x0000000000013c46                etimer_set
                0x0000000000013c6b                etimer_reset_with_new_interval
                0x0000000000013c92                etimer_reset
                0x0000000000013cb0                etimer_restart
                0x0000000000013cce                etimer_adjust
                0x0000000000013cea                etimer_expired
                0x0000000000013cfd                etimer_expiration_time
                0x0000000000013d0f                etimer_start_time
                0x0000000000013d19                etimer_pending
                0x0000000000013d2b                etimer_next_expiration_time
                0x0000000000013d45                etimer_stop
 .text          0x0000000000013dba      0x123 obj_cooja/mtype498.a(log_message.o)
                0x0000000000013dba                log_initialization
                0x0000000000013ebc                log_finisher
 .text          0x0000000000013edd      0x560 obj_cooja/mtype498.a(process.o)
                0x0000000000013edd                process_alloc_event
                0x0000000000013ef2                process_start
                0x00000000000140db                process_exit
                0x00000000000140f7                process_init
                0x00000000000142c8                process_run
                0x00000000000142fb                process_nevents
                0x0000000000014316                process_post
                0x00000000000143c2                process_post_synch
                0x00000000000143fa                process_poll
                0x0000000000014429                process_is_running
 .text          0x000000000001443d       0xd3 obj_cooja/mtype498.a(residual.o)
                0x000000000001443d                get_residual_energy
 .text          0x0000000000014510       0xba obj_cooja/mtype498.a(rtimer.o)
                0x0000000000014510                rtimer_init
                0x000000000001451d                rtimer_set
                0x0000000000014574                rtimer_run_next
 .text          0x00000000000145ca       0xa3 obj_cooja/mtype498.a(stimer.o)
                0x00000000000145ca                stimer_set
                0x00000000000145e5                stimer_reset
                0x00000000000145fc                stimer_restart
                0x000000000001460e                stimer_expired
                0x0000000000014635                stimer_remaining
                0x0000000000014659                stimer_elapsed
 .text          0x000000000001466d       0x91 obj_cooja/mtype498.a(timer.o)
                0x000000000001466d                timer_set
                0x0000000000014688                timer_reset
                0x000000000001469f                timer_restart
                0x00000000000146b1                timer_expired
                0x00000000000146da                timer_remaining
 .text          0x00000000000146fe      0x1fb obj_cooja/mtype498.a(serial-line.o)
                0x00000000000146fe                serial_line_input_byte
                0x00000000000148c1                serial_line_init
 .text          0x00000000000148f9      0x244 obj_cooja/mtype498.a(list.o)
                0x00000000000148f9                list_init
                0x0000000000014907                list_head
                0x0000000000014911                list_copy
                0x0000000000014920                list_tail
                0x0000000000014956                list_add
                0x000000000001499f                list_push
                0x00000000000149cb                list_chop
                0x0000000000014a35                list_pop
                0x0000000000014a5d                list_remove
                0x0000000000014ac4                list_length
                0x0000000000014af2                list_insert
                0x0000000000014b26                list_item_next
 .text          0x0000000000014b3d      0x155 obj_cooja/mtype498.a(ringbuf.o)
                0x0000000000014b3d                ringbuf_init
                0x0000000000014b6e                ringbuf_put
                0x0000000000014bec                ringbuf_get
                0x0000000000014c59                ringbuf_size
                0x0000000000014c6b                ringbuf_elements
 .text          0x0000000000014c92     0x258b obj_cooja/mtype498.a(sicslowpan.o)
                0x000000000001521c                rime_sniffer_add
                0x0000000000015229                rime_sniffer_remove
                0x00000000000171bc                sicslowpan_init
                0x0000000000017213                sicslowpan_get_last_rssi
 .text          0x000000000001721d      0x2dc obj_cooja/mtype498.a(uip-ds6-nbr.o)
                0x000000000001723a                uip_ds6_neighbors_init
                0x0000000000017257                uip_ds6_nbr_add
                0x0000000000017308                uip_ds6_nbr_rm
                0x0000000000017365                uip_ds6_nbr_get_ipaddr
                0x000000000001737a                uip_ds6_nbr_get_ll
                0x0000000000017396                uip_ds6_nbr_num
                0x00000000000173db                uip_ds6_nbr_lookup
                0x0000000000017440                uip_ds6_nbr_ll_lookup
                0x000000000001745c                uip_ds6_nbr_ipaddr_from_lladdr
                0x0000000000017482                uip_ds6_nbr_lladdr_from_ipaddr
                0x00000000000174b0                uip_ds6_link_neighbor_callback
 .text          0x00000000000174f9      0x916 obj_cooja/mtype498.a(uip-ds6-route.o)
                0x0000000000017570                uip_ds6_notification_add
                0x00000000000175a1                uip_ds6_notification_rm
                0x00000000000175bd                uip_ds6_route_init
                0x0000000000017645                uip_ds6_route_nexthop
                0x000000000001766d                uip_ds6_route_head
                0x0000000000017682                uip_ds6_route_next
                0x00000000000176a8                uip_ds6_route_is_nexthop
                0x00000000000176e7                uip_ds6_route_num_routes
                0x00000000000176f1                uip_ds6_route_lookup
                0x00000000000177b3                uip_ds6_route_add
                0x00000000000179e7                uip_ds6_route_rm
                0x0000000000017b7b                uip_ds6_route_rm_by_nexthop
                0x0000000000017bb3                uip_ds6_defrt_add
                0x0000000000017c64                uip_ds6_defrt_rm
                0x0000000000017ce3                uip_ds6_defrt_lookup
                0x0000000000017d3c                uip_ds6_defrt_choose
                0x0000000000017da7                uip_ds6_defrt_periodic
 .text          0x0000000000017e0f     0x12ad obj_cooja/mtype498.a(uip-ds6.o)
                0x0000000000017e0f                uip_ds6_init
                0x0000000000018164                uip_ds6_periodic
                0x000000000001823c                uip_ds6_list_loop
                0x00000000000182e3                uip_ds6_prefix_add
                0x00000000000183a1                uip_ds6_prefix_rm
                0x00000000000183b3                uip_ds6_prefix_lookup
                0x0000000000018404                uip_ds6_is_addr_onlink
                0x0000000000018478                uip_ds6_addr_add
                0x00000000000185a6                uip_ds6_long_addr_add
                0x00000000000186d4                uip_ds6_addr_rm
                0x0000000000018774                uip_ds6_addr_lookup
                0x00000000000187bf                uip_ds6_long_addr_lookup
                0x000000000001880a                uip_ds6_get_link_local
                0x0000000000018889                uip_ds6_long_get_link_local
                0x0000000000018908                uip_ds6_get_global
                0x0000000000018987                uip_ds6_long_get_global
                0x0000000000018a06                uip_ds6_maddr_add
                0x0000000000018a78                uip_ds6_long_maddr_add
                0x0000000000018aea                uip_ds6_maddr_rm
                0x0000000000018afc                uip_ds6_maddr_lookup
                0x0000000000018b47                uip_ds6_long_maddr_lookup
                0x0000000000018b92                uip_ds6_aaddr_add
                0x0000000000018c04                uip_ds6_long_aaddr_add
                0x0000000000018c76                uip_ds6_aaddr_rm
                0x0000000000018c88                uip_ds6_aaddr_lookup
                0x0000000000018cd3                uip_ds6_long_aaddr_lookup
                0x0000000000018d1e                uip_ds6_select_src
                0x0000000000018fa7                uip_ds6_set_addr_iid
                0x0000000000018fde                get_match_length
                0x0000000000019070                uip_ds6_compute_reachable_time
 .text          0x00000000000190bc     0x2a00 obj_cooja/mtype498.a(uip6.o)
                0x00000000000190bc                uip_add32
                0x0000000000019255                uip_chksum
                0x0000000000019343                uip_icmp6chksum
                0x0000000000019357                uip_tcpchksum
                0x000000000001936b                uip_udpchksum
                0x000000000001937f                uip_init
                0x000000000001944f                uip_connect
                0x00000000000195fe                remove_ext_hdr
                0x00000000000196d3                uip_udp_new
                0x000000000001982f                uip_unlisten
                0x000000000001988f                uip_listen
                0x0000000000019b51                uip_process
                0x000000000001b9b0                uip_htons
                0x000000000001b9d2                uip_htonl
                0x000000000001ba12                uip_send
 .text          0x000000000001babc      0xb50 obj_cooja/mtype498.a(tcpip.o)
                0x000000000001babc                tcpip_output
                0x000000000001baf7                tcpip_set_outputfunc
                0x000000000001bb8b                tcp_connect
                0x000000000001bbe0                tcp_unlisten
                0x000000000001bc3b                tcp_listen
                0x000000000001bc94                tcp_attach
                0x000000000001bcb9                udp_attach
                0x000000000001bcde                udp_new
                0x000000000001bd30                udp_broadcast_new
                0x000000000001bfa4                tcpip_input
                0x000000000001bfd8                tcpip_ipv6_output
                0x000000000001c452                tcpip_poll_udp
                0x000000000001c475                tcpip_poll_tcp
                0x000000000001c498                tcpip_uipcall
 .text          0x000000000001c60c      0x1c1 obj_cooja/mtype498.a(uip-debug.o)
                0x000000000001c60c                uip_debug_ipaddr_print
                0x000000000001c76e                uip_debug_lladdr_print
 .text          0x000000000001c7cd      0x141 obj_cooja/mtype498.a(uip-packetqueue)
                0x000000000001c7f9                uip_packetqueue_new
                0x000000000001c807                uip_packetqueue_alloc
                0x000000000001c867                uip_packetqueue_free
                0x000000000001c8a8                uip_packetqueue_buf
                0x000000000001c8c5                uip_packetqueue_buflen
                0x000000000001c8e6                uip_packetqueue_set_buflen
 .text          0x000000000001c90e      0x131 obj_cooja/mtype498.a(uip-udp-packet.)
                0x000000000001c90e                uip_udp_packet_send
                0x000000000001c96e                uip_udp_packet_sendto
 .text          0x000000000001ca3f     0x26ab obj_cooja/mtype498.a(rpl-dag.o)
                0x000000000001ca3f                rpl_lr_in_child
                0x000000000001caf7                rpl_print_neighbor_list
                0x000000000001cba0                rpl_print_child_neighbor_list
                0x000000000001cc15                rpl_get_nbr
                0x000000000001cc6f                rpl_get_nbr_child
                0x000000000001ccc9                rpl_dag_init
                0x000000000001ccfb                rpl_get_parent
                0x000000000001cd1d                rpl_get_parent_rank
                0x000000000001cd50                rpl_get_parent_link_metric
                0x000000000001cd83                rpl_get_parent_ipaddr
                0x000000000001cdad                rpl_get_child_ipaddr
                0x000000000001d0c8                rpl_set_root
                0x000000000001d2f6                rpl_repair_root
                0x000000000001d532                rpl_set_prefix
                0x000000000001d631                rpl_set_default_route
                0x000000000001d6bd                rpl_alloc_instance
                0x000000000001d745                rpl_alloc_dag
                0x000000000001d7f8                rpl_set_default_instance
                0x000000000001d805                rpl_get_default_instance
                0x000000000001d80f                rpl_free_instance
                0x000000000001d8b0                rpl_free_dag
                0x000000000001d916                rpl_add_parent
                0x000000000001d9ff                rpl_find_parent
                0x000000000001da2f                rpl_add_child
                0x000000000001dad3                rpl_find_child
                0x000000000001db21                rpl_find_parent_any_dag
                0x000000000001db5d                rpl_select_dag
                0x000000000001df93                rpl_select_parent
                0x000000000001dff5                rpl_remove_parent
                0x000000000001e02b                rpl_remove_child
                0x000000000001e047                rpl_nullify_parent
                0x000000000001e0e5                rpl_move_parent
                0x000000000001e182                rpl_has_downward_route
                0x000000000001e1d5                rpl_get_any_dag
                0x000000000001e237                rpl_get_instance
                0x000000000001e29a                rpl_find_of
                0x000000000001e2d7                rpl_join_instance
                0x000000000001e573                rpl_add_dag
                0x000000000001e962                rpl_local_repair
                0x000000000001ea3b                rpl_recalculate_ranks
                0x000000000001eac1                rpl_process_parent_event
                0x000000000001eb73                rpl_process_dio
 .text          0x000000000001f0ea      0xe0b obj_cooja/mtype498.a(rpl-ext-header.)
                0x000000000001f107                rpl_verify_header
                0x000000000001f684                rpl_update_header_empty
                0x000000000001fa37                rpl_update_header_final
                0x000000000001fbea                rpl_remove_header
                0x000000000001fd19                rpl_invert_header
                0x000000000001fed3                rpl_insert_header
 .text          0x000000000001fef5     0x24ea obj_cooja/mtype498.a(rpl-icmp6.o)
                0x00000000000201be                rpl_icmp6_update_nbr_table
                0x00000000000202ae                dis_output
                0x0000000000020be6                dio_output
                0x0000000000021451                LSA_converge_output
                0x0000000000021f3e                dao_output
                0x0000000000022006                dao_output_target
                0x0000000000022387                dao_ack_output
                0x000000000002239b                rpl_icmp6_register_handlers
 .text          0x00000000000223df      0x3dc obj_cooja/mtype498.a(rpl-ltmax.o)
 .text          0x00000000000227bb      0x84c obj_cooja/mtype498.a(rpl-timers.o)
                0x00000000000227bb                rpl_LSA_convergence_timer
                0x00000000000228b4                rpl_reset_LSA_convergence_timer
                0x0000000000022c52                rpl_reset_periodic_timer
                0x0000000000022ca7                rpl_reset_dio_timer
                0x0000000000022f3f                rpl_schedule_dao
                0x0000000000022f5a                rpl_schedule_dao_immediately
                0x0000000000022f75                rpl_cancel_dao
                0x0000000000022fd7                rpl_schedule_unicast_dio_immediately
 .text          0x0000000000023007      0x5dc obj_cooja/mtype498.a(rpl.o)
                0x0000000000023007                rpl_get_mode
                0x0000000000023011                rpl_set_mode
                0x000000000002309f                rpl_purge_routes
                0x0000000000023199                rpl_remove_routes
                0x00000000000231df                rpl_remove_routes_by_nexthop
                0x000000000002324b                rpl_add_route
                0x00000000000232c6                rpl_link_neighbor_callback
                0x00000000000233cb                rpl_ipv6_neighbor_callback
                0x000000000002343a                rpl_purge_dags
                0x0000000000023546                rpl_init
 .text          0x00000000000235e3      0x86e obj_cooja/mtype498.a(csma.o)
 .text          0x0000000000023e51      0x3f5 obj_cooja/mtype498.a(framer-802154.o)
 .text          0x0000000000024246       0x3c obj_cooja/mtype498.a(mac.o)
                0x0000000000024246                mac_call_sent_callback
 .text          0x0000000000024282     0x102c obj_cooja/mtype498.a(cxmac.o)
                0x00000000000251e2                cxmac_set_announcement_radio_txpower
                0x00000000000251e7                cxmac_init
 .text          0x00000000000252ae       0x82 obj_cooja/mtype498.a(linkaddr.o)
                0x00000000000252ae                linkaddr_copy
                0x00000000000252d0                linkaddr_cmp
                0x00000000000252fa                linkaddr_set_node_addr
                0x0000000000025315                linkaddr_set_node_long_addr
 .text          0x0000000000025330      0x915 obj_cooja/mtype498.a(nbr-table.o)
                0x0000000000025330                long_ip_from_lladdr_map
                0x00000000000253b9                lladdr_map_add_lr
                0x0000000000025476                lladdr_map_rm_lr
                0x000000000002593b                nbr_table_register
                0x0000000000025983                nbr_table_head
                0x00000000000259df                nbr_table_next
                0x0000000000025a46                nbr_table_add_lladdr
                0x0000000000025b22                nbr_table_get_from_lladdr
                0x0000000000025b6f                nbr_table_remove
                0x0000000000025bc1                nbr_table_lock
                0x0000000000025beb                nbr_table_unlock
                0x0000000000025c15                nbr_table_get_lladdr
 .text          0x0000000000025c45       0x2b obj_cooja/mtype498.a(netstack.o)
                0x0000000000025c45                netstack_init
 .text          0x0000000000025c70      0x3cd obj_cooja/mtype498.a(packetbuf.o)
                0x0000000000025c70                packetbuf_clear
                0x0000000000025c9a                packetbuf_copyfrom
                0x0000000000025cec                packetbuf_compact
                0x0000000000025d69                packetbuf_copyto
                0x0000000000025e00                packetbuf_hdralloc
                0x0000000000025e7d                packetbuf_hdrreduce
                0x0000000000025ec5                packetbuf_set_datalen
                0x0000000000025ede                packetbuf_dataptr
                0x0000000000025efb                packetbuf_hdrptr
                0x0000000000025f05                packetbuf_datalen
                0x0000000000025f11                packetbuf_hdrlen
                0x0000000000025f28                packetbuf_totlen
                0x0000000000025f3e                packetbuf_attr_clear
                0x0000000000025f90                packetbuf_attr_copyto
                0x0000000000025fd9                packetbuf_attr_copyfrom
                0x0000000000026021                packetbuf_holds_broadcast
 .text          0x000000000002603d      0x2b4 obj_cooja/mtype498.a(queuebuf.o)
                0x0000000000026047                queuebuf_init
                0x0000000000026067                queuebuf_numfree
                0x000000000002607b                queuebuf_new_from_packetbuf
                0x000000000002610b                queuebuf_update_attr_from_packetbuf
                0x000000000002613e                queuebuf_update_from_packetbuf
                0x0000000000026188                queuebuf_free
                0x00000000000261cf                queuebuf_to_packetbuf
                0x0000000000026235                queuebuf_dataptr
                0x000000000002626c                queuebuf_datalen
                0x000000000002628f                queuebuf_addr
                0x00000000000262c1                queuebuf_attr
                0x00000000000262ec                queuebuf_debug_print
 .text          0x00000000000262f1       0x6e obj_cooja/mtype498.a(nullsec.o)
 .text          0x000000000002635f       0x19 obj_cooja/mtype498.a(watchdog.o)
                0x000000000002635f                watchdog_init
                0x0000000000026364                watchdog_start
                0x0000000000026369                watchdog_periodic
                0x000000000002636e                watchdog_stop
                0x0000000000026373                watchdog_reboot
 .text          0x0000000000026378        0x0 obj_cooja/mtype498.a(rimestats.o)
 .text          0x0000000000026378      0x1c1 obj_cooja/mtype498.a(memb.o)
                0x0000000000026378                memb_init
                0x00000000000263d6                memb_alloc
                0x000000000002643b                memb_free
                0x00000000000264b6                memb_inmemb
                0x00000000000264f5                memb_numfree
 .text          0x0000000000026539      0xabf obj_cooja/mtype498.a(uip-icmp6.o)
                0x00000000000265a7                uip_icmp6_input
                0x00000000000265fd                uip_icmp6_register_input_handler
                0x00000000000268c5                uip_icmp6_error_output
                0x0000000000026c0a                uip_icmp6_send
                0x0000000000026f8b                uip_icmp6_echo_reply_callback_add
                0x0000000000026fbc                uip_icmp6_echo_reply_callback_rm
                0x0000000000026fd8                uip_icmp6_init
 .text          0x0000000000026ff8      0x358 obj_cooja/mtype498.a(uip-nd6.o)
                0x000000000002704c                uip_nd6_ns_output
                0x000000000002734b                uip_nd6_init
 .text          0x0000000000027350      0x331 obj_cooja/mtype498.a(rpl-nbr-policy.)
                0x0000000000027528                find_removable_dis
                0x000000000002754b                find_removable_dio
                0x00000000000275da                find_removable_dao
                0x000000000002762a                rpl_nbr_policy_find_removable
 .text          0x0000000000027681      0x97c obj_cooja/mtype498.a(frame802154.o)
                0x00000000000276b2                frame802154_get_pan_id
                0x00000000000276be                frame802154_set_pan_id
                0x00000000000276d7                frame802154_has_panid
                0x00000000000277c3                frame802154_check_dest_panid
                0x000000000002782b                frame802154_is_broadcast_addr
                0x0000000000027878                frame802154_extract_linkaddr
                0x0000000000027ab8                frame802154_hdrlen
                0x0000000000027b09                frame802154_create
                0x0000000000027cf4                frame802154_parse
 .text          0x0000000000027ffd        0x0 /usr/lib/gcc/i686-linux-gnu/4.8/crtendS.o
 .text          0x0000000000027ffd        0x0 /usr/lib/gcc/i686-linux-gnu/4.8/../../../i386-linux-gnu/crtn.o
 *(.gnu.warning)

.fini           0x0000000000028000       0x14
 *(SORT(.fini))
 .fini          0x0000000000028000        0xf /usr/lib/gcc/i686-linux-gnu/4.8/../../../i386-linux-gnu/crti.o
                0x0000000000028000                _fini
 .fini          0x000000000002800f        0x5 /usr/lib/gcc/i686-linux-gnu/4.8/../../../i386-linux-gnu/crtn.o
                0x0000000000028014                PROVIDE (__etext, .)
                0x0000000000028014                PROVIDE (_etext, .)
                0x0000000000028014                PROVIDE (etext, .)

.rodata         0x0000000000028020     0x1220
 *(.rodata .rodata.* .gnu.linkonce.r.*)
 .rodata        0x0000000000028020      0x3ca udp-client.co
                0x0000000000028034                autostart_processes
 *fill*         0x00000000000283ea        0x2 
 .rodata        0x00000000000283ec      0x1e6 obj_cooja/mtype498.o
 *fill*         0x00000000000285d2        0x2 
 .rodata        0x00000000000285d4        0x8 obj_cooja/mtype498.a(beep.o)
                0x00000000000285d4                beep_interface
 .rodata        0x00000000000285dc       0x20 obj_cooja/mtype498.a(button-sensor.o)
                0x00000000000285dc                button_interface
                0x00000000000285ec                button_sensor
 .rodata        0x00000000000285fc        0x8 obj_cooja/mtype498.a(leds-arch.o)
                0x00000000000285fc                leds_interface
 .rodata        0x0000000000028604        0x8 obj_cooja/mtype498.a(moteid.o)
                0x0000000000028604                moteid_interface
 .rodata        0x000000000002860c       0x1c obj_cooja/mtype498.a(pir-sensor.o)
                0x000000000002860c                pir_interface
                0x0000000000028618                pir_sensor
 .rodata        0x0000000000028628        0xe obj_cooja/mtype498.a(rs232.o)
                0x0000000000028628                rs232_interface
 *fill*         0x0000000000028636        0x2 
 .rodata        0x0000000000028638       0x24 obj_cooja/mtype498.a(vib-sensor.o)
                0x0000000000028638                vib_interface
                0x000000000002864c                vib_sensor
 .rodata        0x000000000002865c        0x8 obj_cooja/mtype498.a(clock.o)
                0x000000000002865c                clock_interface
 .rodata        0x0000000000028664        0x8 obj_cooja/mtype498.a(log.o)
                0x0000000000028664                simlog_interface
 .rodata        0x000000000002866c       0x2f obj_cooja/mtype498.a(cfs-cooja.o)
                0x000000000002866c                cfs_interface
 *fill*         0x000000000002869b        0x5 
 .rodata        0x00000000000286a0       0x60 obj_cooja/mtype498.a(cooja-radio.o)
                0x00000000000286c0                cooja_radio_driver
                0x00000000000286f8                radio_interface
 .rodata        0x0000000000028700        0x8 obj_cooja/mtype498.a(eeprom.o)
                0x0000000000028700                eeprom_interface
 .rodata        0x0000000000028708        0x8 obj_cooja/mtype498.a(sensors.o)
 .rodata        0x0000000000028710       0x33 obj_cooja/mtype498.a(dual_conf.o)
 .rodata        0x0000000000028743        0xf obj_cooja/mtype498.a(ctimer.o)
 .rodata        0x0000000000028752        0xc obj_cooja/mtype498.a(etimer.o)
 *fill*         0x000000000002875e        0x2 
 .rodata        0x0000000000028760       0x73 obj_cooja/mtype498.a(log_message.o)
 *fill*         0x00000000000287d3        0x1 
 .rodata        0x00000000000287d4       0x20 obj_cooja/mtype498.a(residual.o)
 .rodata        0x00000000000287f4        0xe obj_cooja/mtype498.a(serial-line.o)
 *fill*         0x0000000000028802        0x2 
 .rodata        0x0000000000028804       0x2c obj_cooja/mtype498.a(sicslowpan.o)
                0x0000000000028804                unc_llconf
                0x0000000000028808                unc_ctxconf
                0x000000000002880c                unc_mxconf
                0x0000000000028810                llprefix
                0x0000000000028824                sicslowpan_driver
 .rodata        0x0000000000028830      0x13c obj_cooja/mtype498.a(uip6.o)
 .rodata        0x000000000002896c       0x49 obj_cooja/mtype498.a(tcpip.o)
 .rodata        0x00000000000289b5       0x3e obj_cooja/mtype498.a(uip-debug.o)
 *fill*         0x00000000000289f3        0x1 
 .rodata        0x00000000000289f4        0x4 obj_cooja/mtype498.a(rpl-dag.o)
 .rodata        0x00000000000289f8      0x4a0 obj_cooja/mtype498.a(rpl-ext-header.)
 .rodata        0x0000000000028e98       0x1c obj_cooja/mtype498.a(rpl-icmp6.o)
 .rodata        0x0000000000028eb4      0x2c2 obj_cooja/mtype498.a(rpl-timers.o)
 *fill*         0x0000000000029176        0x2 
 .rodata        0x0000000000029178       0x24 obj_cooja/mtype498.a(csma.o)
                0x0000000000029180                csma_driver
 .rodata        0x000000000002919c        0xc obj_cooja/mtype498.a(framer-802154.o)
                0x000000000002919c                framer_802154
 *fill*         0x00000000000291a8       0x18 
 .rodata        0x00000000000291c0       0x60 obj_cooja/mtype498.a(cxmac.o)
                0x0000000000029200                cxmac_driver
 .rodata        0x0000000000029220        0x8 obj_cooja/mtype498.a(linkaddr.o)
                0x0000000000029220                linkaddr_null
 .rodata        0x0000000000029228       0x18 obj_cooja/mtype498.a(nullsec.o)
                0x0000000000029230                nullsec_driver

.rodata1
 *(.rodata1)

.eh_frame_hdr   0x0000000000029240     0x1454
 *(.eh_frame_hdr)
 .eh_frame_hdr  0x0000000000029240     0x1454 udp-client.co

.eh_frame       0x000000000002a694     0x52b4
 *(.eh_frame)
 .eh_frame      0x000000000002a694       0x3c /usr/lib/gcc/i686-linux-gnu/4.8/../../../i386-linux-gnu/crti.o
                                         0x40 (size before relaxing)
 .eh_frame      0x000000000002a6d0       0xb4 udp-client.co
                                         0xcc (size before relaxing)
 .eh_frame      0x000000000002a784      0x148 obj_cooja/mtype498.o
                                        0x160 (size before relaxing)
 .eh_frame      0x000000000002a8cc       0x40 obj_cooja/mtype498.a(simEnvChange.o)
                                         0x58 (size before relaxing)
 .eh_frame      0x000000000002a90c       0xc0 obj_cooja/mtype498.a(cooja_mt.o)
                                         0xd8 (size before relaxing)
 .eh_frame      0x000000000002a9cc      0x120 obj_cooja/mtype498.a(cooja_mtarch.o)
                                        0x138 (size before relaxing)
 .eh_frame      0x000000000002aaec       0xc0 obj_cooja/mtype498.a(rtimer-arch.o)
                                         0xd8 (size before relaxing)
 .eh_frame      0x000000000002abac      0x160 obj_cooja/mtype498.a(beep.o)
                                        0x178 (size before relaxing)
 .eh_frame      0x000000000002ad0c       0xa0 obj_cooja/mtype498.a(button-sensor.o)
                                         0xb8 (size before relaxing)
 .eh_frame      0x000000000002adac       0xa0 obj_cooja/mtype498.a(leds-arch.o)
                                         0xb8 (size before relaxing)
 .eh_frame      0x000000000002ae4c       0x40 obj_cooja/mtype498.a(moteid.o)
                                         0x58 (size before relaxing)
 .eh_frame      0x000000000002ae8c       0xa0 obj_cooja/mtype498.a(pir-sensor.o)
                                         0xb8 (size before relaxing)
 .eh_frame      0x000000000002af2c      0x100 obj_cooja/mtype498.a(rs232.o)
                                        0x118 (size before relaxing)
 .eh_frame      0x000000000002b02c       0xa0 obj_cooja/mtype498.a(vib-sensor.o)
                                         0xb8 (size before relaxing)
 .eh_frame      0x000000000002b0cc       0xc0 obj_cooja/mtype498.a(clock.o)
                                         0xd8 (size before relaxing)
 .eh_frame      0x000000000002b18c      0x120 obj_cooja/mtype498.a(log.o)
                                        0x138 (size before relaxing)
 .eh_frame      0x000000000002b2ac      0x160 obj_cooja/mtype498.a(cfs-cooja.o)
                                        0x178 (size before relaxing)
 .eh_frame      0x000000000002b40c      0x2e0 obj_cooja/mtype498.a(cooja-radio.o)
                                        0x2f8 (size before relaxing)
 .eh_frame      0x000000000002b6ec       0xa0 obj_cooja/mtype498.a(eeprom.o)
                                         0xb8 (size before relaxing)
 .eh_frame      0x000000000002b78c       0x40 obj_cooja/mtype498.a(random.o)
                                         0x58 (size before relaxing)
 .eh_frame      0x000000000002b7cc       0xc0 obj_cooja/mtype498.a(sensors.o)
                                         0xd8 (size before relaxing)
 .eh_frame      0x000000000002b88c      0x100 obj_cooja/mtype498.a(leds.o)
                                        0x118 (size before relaxing)
 .eh_frame      0x000000000002b98c      0x1a0 obj_cooja/mtype498.a(dual_conf.o)
                                        0x1b8 (size before relaxing)
 .eh_frame      0x000000000002bb2c       0x40 obj_cooja/mtype498.a(autostart.o)
                                         0x58 (size before relaxing)
 .eh_frame      0x000000000002bb6c      0x100 obj_cooja/mtype498.a(ctimer.o)
                                        0x118 (size before relaxing)
 .eh_frame      0x000000000002bc6c      0x1e0 obj_cooja/mtype498.a(etimer.o)
                                        0x1f8 (size before relaxing)
 .eh_frame      0x000000000002be4c       0x40 obj_cooja/mtype498.a(log_message.o)
                                         0x58 (size before relaxing)
 .eh_frame      0x000000000002be8c      0x1c8 obj_cooja/mtype498.a(process.o)
                                        0x1e0 (size before relaxing)
 .eh_frame      0x000000000002c054       0x2c obj_cooja/mtype498.a(residual.o)
                                         0x44 (size before relaxing)
 .eh_frame      0x000000000002c080       0x60 obj_cooja/mtype498.a(rtimer.o)
                                         0x78 (size before relaxing)
 .eh_frame      0x000000000002c0e0       0xc4 obj_cooja/mtype498.a(stimer.o)
                                         0xdc (size before relaxing)
 .eh_frame      0x000000000002c1a4       0xa4 obj_cooja/mtype498.a(timer.o)
                                         0xbc (size before relaxing)
 .eh_frame      0x000000000002c248       0x60 obj_cooja/mtype498.a(serial-line.o)
                                         0x78 (size before relaxing)
 .eh_frame      0x000000000002c2a8      0x180 obj_cooja/mtype498.a(list.o)
                                        0x198 (size before relaxing)
 .eh_frame      0x000000000002c428       0xa0 obj_cooja/mtype498.a(ringbuf.o)
                                         0xb8 (size before relaxing)
 .eh_frame      0x000000000002c4c8      0x350 obj_cooja/mtype498.a(sicslowpan.o)
                                        0x368 (size before relaxing)
 .eh_frame      0x000000000002c818      0x180 obj_cooja/mtype498.a(uip-ds6-nbr.o)
                                        0x198 (size before relaxing)
 .eh_frame      0x000000000002c998      0x2a0 obj_cooja/mtype498.a(uip-ds6-route.o)
                                        0x2b8 (size before relaxing)
 .eh_frame      0x000000000002cc38      0x3c8 obj_cooja/mtype498.a(uip-ds6.o)
                                        0x3e0 (size before relaxing)
 .eh_frame      0x000000000002d000      0x27c obj_cooja/mtype498.a(uip6.o)
                                        0x294 (size before relaxing)
 .eh_frame      0x000000000002d27c      0x270 obj_cooja/mtype498.a(tcpip.o)
                                        0x288 (size before relaxing)
 .eh_frame      0x000000000002d4ec       0x48 obj_cooja/mtype498.a(uip-debug.o)
                                         0x60 (size before relaxing)
 .eh_frame      0x000000000002d534       0xe0 obj_cooja/mtype498.a(uip-packetqueue)
                                         0xf8 (size before relaxing)
 .eh_frame      0x000000000002d614       0x40 obj_cooja/mtype498.a(uip-udp-packet.)
                                         0x58 (size before relaxing)
 .eh_frame      0x000000000002d654      0x76c obj_cooja/mtype498.a(rpl-dag.o)
                                        0x784 (size before relaxing)
 .eh_frame      0x000000000002ddc0      0x114 obj_cooja/mtype498.a(rpl-ext-header.)
                                        0x12c (size before relaxing)
 .eh_frame      0x000000000002ded4      0x2f8 obj_cooja/mtype498.a(rpl-icmp6.o)
                                        0x310 (size before relaxing)
 .eh_frame      0x000000000002e1cc       0xe0 obj_cooja/mtype498.a(rpl-ltmax.o)
                                         0xf8 (size before relaxing)
 .eh_frame      0x000000000002e2ac      0x20c obj_cooja/mtype498.a(rpl-timers.o)
                                        0x224 (size before relaxing)
 .eh_frame      0x000000000002e4b8      0x148 obj_cooja/mtype498.a(rpl.o)
                                        0x160 (size before relaxing)
 .eh_frame      0x000000000002e600      0x28c obj_cooja/mtype498.a(csma.o)
                                        0x2a4 (size before relaxing)
 .eh_frame      0x000000000002e88c      0x108 obj_cooja/mtype498.a(framer-802154.o)
                                        0x120 (size before relaxing)
 .eh_frame      0x000000000002e994       0x20 obj_cooja/mtype498.a(mac.o)
                                         0x38 (size before relaxing)
 .eh_frame      0x000000000002e9b4      0x2bc obj_cooja/mtype498.a(cxmac.o)
                                        0x2d4 (size before relaxing)
 .eh_frame      0x000000000002ec70       0x80 obj_cooja/mtype498.a(linkaddr.o)
                                         0x98 (size before relaxing)
 .eh_frame      0x000000000002ecf0      0x2cc obj_cooja/mtype498.a(nbr-table.o)
                                        0x2e4 (size before relaxing)
 .eh_frame      0x000000000002efbc       0x20 obj_cooja/mtype498.a(netstack.o)
                                         0x38 (size before relaxing)
 .eh_frame      0x000000000002efdc      0x214 obj_cooja/mtype498.a(packetbuf.o)
                                        0x22c (size before relaxing)
 .eh_frame      0x000000000002f1f0      0x1a0 obj_cooja/mtype498.a(queuebuf.o)
                                        0x1b8 (size before relaxing)
 .eh_frame      0x000000000002f390       0x80 obj_cooja/mtype498.a(nullsec.o)
                                         0x98 (size before relaxing)
 .eh_frame      0x000000000002f410       0xa0 obj_cooja/mtype498.a(watchdog.o)
                                         0xb8 (size before relaxing)
 .eh_frame      0x000000000002f4b0       0xa0 obj_cooja/mtype498.a(memb.o)
                                         0xb8 (size before relaxing)
 .eh_frame      0x000000000002f550      0x168 obj_cooja/mtype498.a(uip-icmp6.o)
                                        0x180 (size before relaxing)
 .eh_frame      0x000000000002f6b8       0x68 obj_cooja/mtype498.a(uip-nd6.o)
                                         0x80 (size before relaxing)
 .eh_frame      0x000000000002f720       0xc0 obj_cooja/mtype498.a(rpl-nbr-policy.)
                                         0xd8 (size before relaxing)
 .eh_frame      0x000000000002f7e0      0x164 obj_cooja/mtype498.a(frame802154.o)
                                        0x17c (size before relaxing)
 .eh_frame      0x000000000002f944        0x4 /usr/lib/gcc/i686-linux-gnu/4.8/crtendS.o

.gcc_except_table
 *(.gcc_except_table .gcc_except_table.*)

.exception_ranges
 *(.exception_ranges .exception_ranges*)
                0x000000000002f948                . = (ALIGN (0x1000) - ((0x1000 - .) & 0xfff))
                0x0000000000030ef8                . = DATA_SEGMENT_ALIGN (0x1000, 0x1000)

.eh_frame
 *(.eh_frame)

.gcc_except_table
 *(.gcc_except_table .gcc_except_table.*)

.exception_ranges
 *(.exception_ranges .exception_ranges*)

.tdata
 *(.tdata .tdata.* .gnu.linkonce.td.*)

.tbss
 *(.tbss .tbss.* .gnu.linkonce.tb.*)
 *(.tcommon)

.preinit_array
 *(.preinit_array)

.init_array     0x0000000000030ef8        0x4
 *(SORT(.init_array.*) SORT(.ctors.*))
 *(.init_array EXCLUDE_FILE(*crtend?.o *crtend.o *crtbegin?.o *crtbegin.o) .ctors)
 .init_array    0x0000000000030ef8        0x4 /usr/lib/gcc/i686-linux-gnu/4.8/crtbeginS.o

.fini_array     0x0000000000030efc        0x4
 *(SORT(.fini_array.*) SORT(.dtors.*))
 *(.fini_array EXCLUDE_FILE(*crtend?.o *crtend.o *crtbegin?.o *crtbegin.o) .dtors)
 .fini_array    0x0000000000030efc        0x4 /usr/lib/gcc/i686-linux-gnu/4.8/crtbeginS.o

.ctors
 *crtbegin.o(.ctors)
 *crtbegin?.o(.ctors)
 *(EXCLUDE_FILE(*crtend?.o *crtend.o) .ctors)
 *(SORT(.ctors.*))
 *(.ctors)

.dtors
 *crtbegin.o(.dtors)
 *crtbegin?.o(.dtors)
 *(EXCLUDE_FILE(*crtend?.o *crtend.o) .dtors)
 *(SORT(.dtors.*))
 *(.dtors)

.jcr            0x0000000000030f00        0x4
 *(.jcr)
 .jcr           0x0000000000030f00        0x0 /usr/lib/gcc/i686-linux-gnu/4.8/crtbeginS.o
 .jcr           0x0000000000030f00        0x4 /usr/lib/gcc/i686-linux-gnu/4.8/crtendS.o

.data.rel.ro
 *(.data.rel.ro.local* .gnu.linkonce.d.rel.ro.local.*)
 *(.data.rel.ro .data.rel.ro.* .gnu.linkonce.d.rel.ro.*)

.dynamic        0x0000000000030f04       0xe8
 *(.dynamic)
 .dynamic       0x0000000000030f04       0xe8 /usr/lib/gcc/i686-linux-gnu/4.8/../../../i386-linux-gnu/crti.o
                0x0000000000030f04                _DYNAMIC

.got            0x0000000000030fec       0x14
 *(.got)
 .got           0x0000000000030fec       0x14 /usr/lib/gcc/i686-linux-gnu/4.8/../../../i386-linux-gnu/crti.o
 *(.igot)
                0x0000000000031ff4                . = DATA_SEGMENT_RELRO_END (., (SIZEOF (.got.plt) >= 0xc)?0xc:0x0)

.got.plt        0x0000000000031000       0x14
 *(.got.plt)
 .got.plt       0x0000000000031000       0x14 /usr/lib/gcc/i686-linux-gnu/4.8/../../../i386-linux-gnu/crti.o
                0x0000000000031000                _GLOBAL_OFFSET_TABLE_
 *(.igot.plt)

.data           0x0000000000031020      0x2c2
 *(.data .data.* .gnu.linkonce.d.*)
 .data          0x0000000000031020        0x0 /usr/lib/gcc/i686-linux-gnu/4.8/../../../i386-linux-gnu/crti.o
 .data          0x0000000000031020        0x0 /usr/lib/gcc/i686-linux-gnu/4.8/crtbeginS.o
 .data.rel      0x0000000000031020        0x4 /usr/lib/gcc/i686-linux-gnu/4.8/crtbeginS.o
                0x0000000000031020                __dso_handle
 .data          0x0000000000031024       0x10 udp-client.co
                0x0000000000031024                udp_client_process
 *fill*         0x0000000000031034        0xc 
 .data          0x0000000000031040       0x44 obj_cooja/mtype498.o
                0x0000000000031040                simInterfaces
                0x0000000000031074                sensors
 .data          0x0000000000031084        0x0 obj_cooja/mtype498.a(simEnvChange.o)
 .data          0x0000000000031084        0x0 obj_cooja/mtype498.a(cooja_mt.o)
 .data          0x0000000000031084        0x0 obj_cooja/mtype498.a(cooja_mtarch.o)
 .data          0x0000000000031084        0x0 obj_cooja/mtype498.a(rtimer-arch.o)
 .data          0x0000000000031084        0x0 obj_cooja/mtype498.a(beep.o)
 .data          0x0000000000031084        0x0 obj_cooja/mtype498.a(button-sensor.o)
 .data          0x0000000000031084        0x0 obj_cooja/mtype498.a(leds-arch.o)
 .data          0x0000000000031084        0x0 obj_cooja/mtype498.a(moteid.o)
 .data          0x0000000000031084        0x0 obj_cooja/mtype498.a(pir-sensor.o)
 .data          0x0000000000031084        0x0 obj_cooja/mtype498.a(rs232.o)
 .data          0x0000000000031084        0x0 obj_cooja/mtype498.a(vib-sensor.o)
 .data          0x0000000000031084        0x0 obj_cooja/mtype498.a(clock.o)
 .data          0x0000000000031084        0x0 obj_cooja/mtype498.a(log.o)
 .data          0x0000000000031084        0x0 obj_cooja/mtype498.a(cfs-cooja.o)
 .data          0x0000000000031084       0x40 obj_cooja/mtype498.a(cooja-radio.o)
                0x0000000000031084                simRadioChannelLR
                0x0000000000031088                simRadioHWOnLR
                0x000000000003108c                simSignalStrengthLR
                0x0000000000031090                simLastSignalStrengthLR
                0x0000000000031094                simPowerLR
                0x0000000000031098                simLQILR
                0x000000000003109c                simRadioChannel
                0x00000000000310a0                simRadioHWOn
                0x00000000000310a4                simSignalStrength
                0x00000000000310a8                simLastSignalStrength
                0x00000000000310ac                simPower
                0x00000000000310b0                simLQI
                0x00000000000310b4                cooja_radio_process
 .data          0x00000000000310c4        0x0 obj_cooja/mtype498.a(eeprom.o)
 .data          0x00000000000310c4        0x0 obj_cooja/mtype498.a(random.o)
 .data          0x00000000000310c4       0x10 obj_cooja/mtype498.a(sensors.o)
                0x00000000000310c4                sensors_process
 .data          0x00000000000310d4        0x0 obj_cooja/mtype498.a(leds.o)
 .data          0x00000000000310d4       0x3a obj_cooja/mtype498.a(dual_conf.o)
                0x00000000000310d4                radio_received
                0x00000000000310d8                dual_dio_broadcast
                0x00000000000310e8                dual_dis_broadcast
                0x00000000000310f8                dual_LSA_converge_broadcast
 .data          0x000000000003110e        0x0 obj_cooja/mtype498.a(autostart.o)
 *fill*         0x000000000003110e        0x2 
 .data          0x0000000000031110       0x14 obj_cooja/mtype498.a(ctimer.o)
                0x0000000000031114                ctimer_process
 .data          0x0000000000031124       0x10 obj_cooja/mtype498.a(etimer.o)
                0x0000000000031124                etimer_process
 .data          0x0000000000031134        0x0 obj_cooja/mtype498.a(log_message.o)
 .data          0x0000000000031134        0x0 obj_cooja/mtype498.a(process.o)
 .data          0x0000000000031134        0x0 obj_cooja/mtype498.a(residual.o)
 .data          0x0000000000031134        0x0 obj_cooja/mtype498.a(rtimer.o)
 .data          0x0000000000031134        0x0 obj_cooja/mtype498.a(stimer.o)
 .data          0x0000000000031134        0x0 obj_cooja/mtype498.a(timer.o)
 .data          0x0000000000031134       0x10 obj_cooja/mtype498.a(serial-line.o)
                0x0000000000031134                serial_line_process
 .data          0x0000000000031144        0x0 obj_cooja/mtype498.a(list.o)
 .data          0x0000000000031144        0x0 obj_cooja/mtype498.a(ringbuf.o)
 .data          0x0000000000031144        0x0 obj_cooja/mtype498.a(sicslowpan.o)
 .data          0x0000000000031144       0x14 obj_cooja/mtype498.a(uip-ds6-nbr.o)
                0x0000000000031154                ds6_neighbors
 .data          0x0000000000031158       0x44 obj_cooja/mtype498.a(uip-ds6-route.o)
                0x0000000000031168                nbr_routes
 .data          0x000000000003119c        0x0 obj_cooja/mtype498.a(uip-ds6.o)
 .data          0x000000000003119c        0x0 obj_cooja/mtype498.a(uip6.o)
 .data          0x000000000003119c       0x10 obj_cooja/mtype498.a(tcpip.o)
                0x000000000003119c                tcpip_process
 .data          0x00000000000311ac        0x0 obj_cooja/mtype498.a(uip-debug.o)
 .data          0x00000000000311ac        0xc obj_cooja/mtype498.a(uip-packetqueue)
 .data          0x00000000000311b8        0x0 obj_cooja/mtype498.a(uip-udp-packet.)
 .data          0x00000000000311b8       0x28 obj_cooja/mtype498.a(rpl-dag.o)
                0x00000000000311c8                rpl_parents
                0x00000000000311dc                rpl_children
 .data          0x00000000000311e0        0x0 obj_cooja/mtype498.a(rpl-ext-header.)
 .data          0x00000000000311e0       0x40 obj_cooja/mtype498.a(rpl-icmp6.o)
 .data          0x0000000000031220       0x1c obj_cooja/mtype498.a(rpl-ltmax.o)
                0x0000000000031220                rpl_ltmax_of
 .data          0x000000000003123c        0x0 obj_cooja/mtype498.a(rpl-timers.o)
 .data          0x000000000003123c        0x0 obj_cooja/mtype498.a(rpl.o)
 .data          0x000000000003123c       0x28 obj_cooja/mtype498.a(csma.o)
 .data          0x0000000000031264        0x0 obj_cooja/mtype498.a(framer-802154.o)
 .data          0x0000000000031264        0x0 obj_cooja/mtype498.a(mac.o)
 .data          0x0000000000031264       0x30 obj_cooja/mtype498.a(cxmac.o)
                0x0000000000031264                cxmac_config
                0x0000000000031274                strobe_wait
 .data          0x0000000000031294        0x0 obj_cooja/mtype498.a(linkaddr.o)
 .data          0x0000000000031294       0x10 obj_cooja/mtype498.a(nbr-table.o)
 .data          0x00000000000312a4        0x0 obj_cooja/mtype498.a(netstack.o)
 .data          0x00000000000312a4        0x4 obj_cooja/mtype498.a(packetbuf.o)
 .data          0x00000000000312a8       0x18 obj_cooja/mtype498.a(queuebuf.o)
 .data          0x00000000000312c0        0x0 obj_cooja/mtype498.a(nullsec.o)
 .data          0x00000000000312c0        0x0 obj_cooja/mtype498.a(watchdog.o)
 .data          0x00000000000312c0        0x0 obj_cooja/mtype498.a(rimestats.o)
 .data          0x00000000000312c0        0x0 obj_cooja/mtype498.a(memb.o)
 .data          0x00000000000312c0       0x20 obj_cooja/mtype498.a(uip-icmp6.o)
 .data          0x00000000000312e0        0x0 obj_cooja/mtype498.a(uip-nd6.o)
 .data          0x00000000000312e0        0x0 obj_cooja/mtype498.a(rpl-nbr-policy.)
 .data          0x00000000000312e0        0x2 obj_cooja/mtype498.a(frame802154.o)
 .data          0x00000000000312e2        0x0 /usr/lib/gcc/i686-linux-gnu/4.8/crtendS.o
 .data          0x00000000000312e2        0x0 /usr/lib/gcc/i686-linux-gnu/4.8/../../../i386-linux-gnu/crtn.o

.tm_clone_table
                0x00000000000312e4        0x0
 .tm_clone_table
                0x00000000000312e4        0x0 /usr/lib/gcc/i686-linux-gnu/4.8/crtbeginS.o
 .tm_clone_table
                0x00000000000312e4        0x0 /usr/lib/gcc/i686-linux-gnu/4.8/crtendS.o

.data1
 *(.data1)
                0x00000000000312e4                _edata = .
                0x00000000000312e4                PROVIDE (edata, .)
                0x00000000000312e4                . = .
                0x00000000000312e4                __bss_start = .

.bss            0x0000000000031300     0x8628
 *(.dynbss)
 .dynbss        0x0000000000000000        0x0 /usr/lib/gcc/i686-linux-gnu/4.8/../../../i386-linux-gnu/crti.o
 *(.bss .bss.* .gnu.linkonce.b.*)
 .bss           0x0000000000031300        0x0 /usr/lib/gcc/i686-linux-gnu/4.8/../../../i386-linux-gnu/crti.o
 .bss           0x0000000000031300        0x1 /usr/lib/gcc/i686-linux-gnu/4.8/crtbeginS.o
 *fill*         0x0000000000031301       0x1f 
 .bss           0x0000000000031320       0x60 udp-client.co
                0x0000000000031320                my_weight
 .bss           0x0000000000031380     0x2030 obj_cooja/mtype498.o
 .bss           0x00000000000333b0        0x1 obj_cooja/mtype498.a(simEnvChange.o)
                0x00000000000333b0                simDontFallAsleep
 *fill*         0x00000000000333b1        0x3 
 .bss           0x00000000000333b4        0x4 obj_cooja/mtype498.a(cooja_mt.o)
 .bss           0x00000000000333b8        0x4 obj_cooja/mtype498.a(cooja_mtarch.o)
 .bss           0x00000000000333bc        0xc obj_cooja/mtype498.a(rtimer-arch.o)
 .bss           0x00000000000333c8        0x0 obj_cooja/mtype498.a(beep.o)
 .bss           0x00000000000333c8        0x8 obj_cooja/mtype498.a(button-sensor.o)
 .bss           0x00000000000333d0        0x0 obj_cooja/mtype498.a(leds-arch.o)
 .bss           0x00000000000333d0        0x0 obj_cooja/mtype498.a(moteid.o)
 .bss           0x00000000000333d0        0x1 obj_cooja/mtype498.a(pir-sensor.o)
                0x00000000000333d0                simPirValue
 *fill*         0x00000000000333d1        0x3 
 .bss           0x00000000000333d4        0x4 obj_cooja/mtype498.a(rs232.o)
 .bss           0x00000000000333d8        0x1 obj_cooja/mtype498.a(vib-sensor.o)
                0x00000000000333d8                simVibValue
 .bss           0x00000000000333d9        0x0 obj_cooja/mtype498.a(clock.o)
 *fill*         0x00000000000333d9        0x7 
 .bss           0x00000000000333e0      0x420 obj_cooja/mtype498.a(log.o)
 .bss           0x0000000000033800      0xfc0 obj_cooja/mtype498.a(cfs-cooja.o)
                0x0000000000033800                simCFSData
                0x00000000000347a0                simCFSSize
                0x00000000000347a4                simCFSChanged
                0x00000000000347a8                simCFSRead
                0x00000000000347ac                simCFSWritten
 .bss           0x00000000000347c0       0x24 obj_cooja/mtype498.a(cooja-radio.o)
                0x00000000000347c0                simReceivingLR
                0x00000000000347c4                simInSizeLR
                0x00000000000347c8                simOutSizeLR
                0x00000000000347cc                simReceiving
                0x00000000000347d0                simInSize
                0x00000000000347d4                simOutSize
                0x00000000000347d8                LongRangeTransmit
                0x00000000000347dc                LongRangeReceiving
 .bss           0x00000000000347e4        0xc obj_cooja/mtype498.a(eeprom.o)
                0x00000000000347e4                simEEPROMChanged
                0x00000000000347e8                simEEPROMRead
                0x00000000000347ec                simEEPROMWritten
 .bss           0x00000000000347f0        0x0 obj_cooja/mtype498.a(random.o)
 .bss           0x00000000000347f0        0xc obj_cooja/mtype498.a(sensors.o)
 .bss           0x00000000000347fc        0x1 obj_cooja/mtype498.a(leds.o)
 *fill*         0x00000000000347fd        0x3 
 .bss           0x0000000000034800       0x40 obj_cooja/mtype498.a(dual_conf.o)
                0x0000000000034800                long_range_radio
 .bss           0x0000000000034840        0x0 obj_cooja/mtype498.a(autostart.o)
 .bss           0x0000000000034840        0x5 obj_cooja/mtype498.a(ctimer.o)
 *fill*         0x0000000000034845        0x3 
 .bss           0x0000000000034848        0x8 obj_cooja/mtype498.a(etimer.o)
 .bss           0x0000000000034850        0x0 obj_cooja/mtype498.a(log_message.o)
 *fill*         0x0000000000034850       0x10 
 .bss           0x0000000000034860      0x1b1 obj_cooja/mtype498.a(process.o)
                0x0000000000034860                process_list
                0x0000000000034864                process_current
 .bss           0x0000000000034a11        0x0 obj_cooja/mtype498.a(residual.o)
 *fill*         0x0000000000034a11        0x3 
 .bss           0x0000000000034a14        0x4 obj_cooja/mtype498.a(rtimer.o)
 .bss           0x0000000000034a18        0x0 obj_cooja/mtype498.a(stimer.o)
 .bss           0x0000000000034a18        0x0 obj_cooja/mtype498.a(timer.o)
 *fill*         0x0000000000034a18        0x8 
 .bss           0x0000000000034a20      0x140 obj_cooja/mtype498.a(serial-line.o)
 .bss           0x0000000000034b60        0x0 obj_cooja/mtype498.a(list.o)
 .bss           0x0000000000034b60        0x0 obj_cooja/mtype498.a(ringbuf.o)
 .bss           0x0000000000034b60      0x70c obj_cooja/mtype498.a(sicslowpan.o)
 *fill*         0x000000000003526c       0x14 
 .bss           0x0000000000035280       0xc0 obj_cooja/mtype498.a(uip-ds6-nbr.o)
 .bss           0x0000000000035340      0x4a8 obj_cooja/mtype498.a(uip-ds6-route.o)
 .bss           0x00000000000357e8       0x30 obj_cooja/mtype498.a(uip-ds6.o)
 .bss           0x0000000000035818        0xe obj_cooja/mtype498.a(uip6.o)
                0x0000000000035818                uip_ext_bitmap
                0x0000000000035819                uip_ext_len
                0x000000000003581a                uip_ext_opt_offset
 *fill*         0x0000000000035826       0x1a 
 .bss           0x0000000000035840       0x6b obj_cooja/mtype498.a(tcpip.o)
 .bss           0x00000000000358ab        0x0 obj_cooja/mtype498.a(uip-debug.o)
 *fill*         0x00000000000358ab       0x15 
 .bss           0x00000000000358c0      0xcf8 obj_cooja/mtype498.a(uip-packetqueue)
 .bss           0x00000000000365b8        0x0 obj_cooja/mtype498.a(uip-udp-packet.)
 *fill*         0x00000000000365b8        0x8 
 .bss           0x00000000000365c0       0x88 obj_cooja/mtype498.a(rpl-dag.o)
 .bss           0x0000000000036648        0x0 obj_cooja/mtype498.a(rpl-ext-header.)
 .bss           0x0000000000036648        0x0 obj_cooja/mtype498.a(rpl-icmp6.o)
 .bss           0x0000000000036648        0x0 obj_cooja/mtype498.a(rpl-ltmax.o)
 *fill*         0x0000000000036648       0x18 
 .bss           0x0000000000036660       0x60 obj_cooja/mtype498.a(rpl-timers.o)
 .bss           0x00000000000366c0        0x4 obj_cooja/mtype498.a(rpl.o)
 *fill*         0x00000000000366c4       0x1c 
 .bss           0x00000000000366e0      0x288 obj_cooja/mtype498.a(csma.o)
 .bss           0x0000000000036968        0x2 obj_cooja/mtype498.a(framer-802154.o)
 .bss           0x000000000003696a        0x0 obj_cooja/mtype498.a(mac.o)
 *fill*         0x000000000003696a       0x16 
 .bss           0x0000000000036980       0xb1 obj_cooja/mtype498.a(cxmac.o)
 .bss           0x0000000000036a31        0x0 obj_cooja/mtype498.a(linkaddr.o)
 *fill*         0x0000000000036a31        0xf 
 .bss           0x0000000000036a40       0xc4 obj_cooja/mtype498.a(nbr-table.o)
 .bss           0x0000000000036b04        0x0 obj_cooja/mtype498.a(netstack.o)
 *fill*         0x0000000000036b04       0x1c 
 .bss           0x0000000000036b20       0xa0 obj_cooja/mtype498.a(packetbuf.o)
 .bss           0x0000000000036bc0      0xb80 obj_cooja/mtype498.a(queuebuf.o)
 .bss           0x0000000000037740        0x0 obj_cooja/mtype498.a(nullsec.o)
 .bss           0x0000000000037740        0x0 obj_cooja/mtype498.a(watchdog.o)
 .bss           0x0000000000037740        0x0 obj_cooja/mtype498.a(rimestats.o)
 .bss           0x0000000000037740        0x0 obj_cooja/mtype498.a(memb.o)
 .bss           0x0000000000037740       0x18 obj_cooja/mtype498.a(uip-icmp6.o)
 .bss           0x0000000000037758        0x0 obj_cooja/mtype498.a(uip-nd6.o)
 *fill*         0x0000000000037758        0x8 
 .bss           0x0000000000037760       0x44 obj_cooja/mtype498.a(rpl-nbr-policy.)
 .bss           0x00000000000377a4        0x0 obj_cooja/mtype498.a(frame802154.o)
 .bss           0x00000000000377a4        0x0 /usr/lib/gcc/i686-linux-gnu/4.8/crtendS.o
 .bss           0x00000000000377a4        0x0 /usr/lib/gcc/i686-linux-gnu/4.8/../../../i386-linux-gnu/crtn.o
 *(COMMON)
 COMMON         0x00000000000377a4       0x75 udp-client.co
                0x00000000000377a4                dio_count
                0x00000000000377a8                dis_count
                0x00000000000377ac                tcp_output_count
                0x00000000000377b0                dao_ack_fwd_count
                0x00000000000377b4                COOJA_radioRxLong
                0x00000000000377b8                cxmac_collision_count
                0x00000000000377bc                LSA_message_input
                0x00000000000377c0                control_message_count
                0x00000000000377c4                dao_count
                0x00000000000377c8                icmp_count
                0x00000000000377cc                COOJA_radioTx
                0x00000000000377d0                LSA_SR_preamble
                0x00000000000377d4                cxmac_transmission_count
                0x00000000000377d8                dao_ack_count
                0x00000000000377dc                LSA_lr_child
                0x00000000000377e0                data_message_count
                0x00000000000377e4                LSA_converge
                0x00000000000377e5                my_sink_reachability
                0x00000000000377e8                COOJA_radioTxLong
                0x00000000000377ec                COOJA_radioRx
                0x00000000000377f0                my_parent_number
                0x00000000000377f4                csma_tranmission_count
                0x00000000000377f8                COOJA_radioOn
                0x00000000000377fc                LSA_broadcast_count
                0x0000000000037800                LSA_count
                0x0000000000037804                dao_fwd_count
                0x0000000000037808                COOJA_duration
                0x000000000003780c                dio_ack_count
                0x0000000000037810                COOJA_radioOnLong
                0x0000000000037814                data_fwd_count
                0x0000000000037818                LSA_message_flag
 *fill*         0x0000000000037819        0x3 
 COMMON         0x000000000003781c        0xc obj_cooja/mtype498.o
                0x000000000003781c                referenceVar
                0x0000000000037820                debugfp
                0x0000000000037824                sensors_flags
 COMMON         0x0000000000037828        0xc obj_cooja/mtype498.a(simEnvChange.o)
                0x0000000000037828                simEtimerPending
                0x000000000003782c                simProcessRunValue
                0x0000000000037830                simNextExpirationTime
 COMMON         0x0000000000037834        0x1 obj_cooja/mtype498.a(beep.o)
                0x0000000000037834                simBeeped
 COMMON         0x0000000000037835        0x3 obj_cooja/mtype498.a(button-sensor.o)
                0x0000000000037835                simButtonIsActive
                0x0000000000037836                simButtonIsDown
                0x0000000000037837                simButtonChanged
 COMMON         0x0000000000037838        0x1 obj_cooja/mtype498.a(leds-arch.o)
                0x0000000000037838                simLedsValue
 *fill*         0x0000000000037839        0x3 
 COMMON         0x000000000003783c        0xc obj_cooja/mtype498.a(moteid.o)
                0x000000000003783c                simRandomSeed
                0x0000000000037840                simMoteIDChanged
                0x0000000000037844                simMoteID
 COMMON         0x0000000000037848        0x2 obj_cooja/mtype498.a(pir-sensor.o)
                0x0000000000037848                simPirIsActive
                0x0000000000037849                simPirChanged
 *fill*         0x000000000003784a       0x16 
 COMMON         0x0000000000037860      0x820 obj_cooja/mtype498.a(rs232.o)
                0x0000000000037860                simSerialReceivingFlag
                0x0000000000037864                simSerialReceivingLength
                0x0000000000037880                simSerialReceivingData
 COMMON         0x0000000000038080        0x2 obj_cooja/mtype498.a(vib-sensor.o)
                0x0000000000038080                simVibChanged
                0x0000000000038081                simVibIsActive
 *fill*         0x0000000000038082        0x2 
 COMMON         0x0000000000038084        0x4 obj_cooja/mtype498.a(clock.o)
                0x0000000000038084                simCurrentTime
 *fill*         0x0000000000038088       0x18 
 COMMON         0x00000000000380a0      0x420 obj_cooja/mtype498.a(log.o)
                0x00000000000380a0                simLoggedLength
                0x00000000000380a4                simLoggedFlag
                0x00000000000380c0                simLoggedData
 COMMON         0x00000000000384c0      0x240 obj_cooja/mtype498.a(cooja-radio.o)
                0x00000000000384c0                simOutDataBuffer
                0x0000000000038540                simRadioTarget
                0x0000000000038560                simInDataBufferLR
                0x00000000000385e0                simOutDataBufferLR
                0x0000000000038660                dual_duty_cycle_count
                0x0000000000038680                simInDataBuffer
 COMMON         0x0000000000038700      0x400 obj_cooja/mtype498.a(eeprom.o)
                0x0000000000038700                simEEPROMData
 COMMON         0x0000000000038b00        0x1 obj_cooja/mtype498.a(sensors.o)
                0x0000000000038b00                sensors_event
 *fill*         0x0000000000038b01        0x3 
 COMMON         0x0000000000038b04        0x4 obj_cooja/mtype498.a(log_message.o)
                0x0000000000038b04                log_fp
 COMMON         0x0000000000038b08        0x1 obj_cooja/mtype498.a(serial-line.o)
                0x0000000000038b08                serial_line_event_message
 *fill*         0x0000000000038b09       0x17 
 COMMON         0x0000000000038b20       0x50 obj_cooja/mtype498.a(uip-ds6-nbr.o)
                0x0000000000038b20                ds6_lr_addrmap
 *fill*         0x0000000000038b70       0x10 
 COMMON         0x0000000000038b80      0x298 obj_cooja/mtype498.a(uip-ds6.o)
                0x0000000000038b80                uip_ds6_prefix_list
                0x0000000000038be0                uip_ds6_timer_periodic
                0x0000000000038bf0                uip_ds6_netif_addr_list_offset
                0x0000000000038c00                uip_ds6_if
                0x0000000000038cf8                uip_ds6_timer_ra
                0x0000000000038d00                uip_ds6_addr_size
                0x0000000000038d20                long_uip_ds6_if
 *fill*         0x0000000000038e18        0x8 
 COMMON         0x0000000000038e20      0x8ec obj_cooja/mtype498.a(uip6.o)
                0x0000000000038e20                uip_slen
                0x0000000000038e22                uip_acc32
                0x0000000000038e40                uip_conns
                0x0000000000038f00                uip_lladdr
                0x0000000000038f08                uip_appdata
                0x0000000000038f0c                uip_flags
                0x0000000000038f20                uip_aligned_buf
                0x0000000000039560                uip_listenports
                0x0000000000039570                uip_len
                0x0000000000039572                uip_long_lladdr
                0x000000000003957c                uip_sappdata
                0x0000000000039580                uip_udp_conns
                0x0000000000039700                uip_udp_conn
                0x0000000000039704                uip_next_hdr
                0x0000000000039708                uip_conn
 COMMON         0x000000000003970c        0x1 obj_cooja/mtype498.a(tcpip.o)
                0x000000000003970c                tcpip_event
 *fill*         0x000000000003970d       0x13 
 COMMON         0x0000000000039720      0x178 obj_cooja/mtype498.a(rpl-dag.o)
                0x0000000000039720                default_instance
                0x0000000000039740                instance_table
 COMMON         0x0000000000039898       0x10 obj_cooja/mtype498.a(linkaddr.o)
                0x0000000000039898                linkaddr_node_addr
                0x00000000000398a0                long_linkaddr_node_addr
 COMMON         0x00000000000398a8       0x2e obj_cooja/mtype498.a(packetbuf.o)
                0x00000000000398a8                packetbuf_attrs
                0x00000000000398c6                packetbuf_addrs
 *fill*         0x00000000000398d6        0xa 
 COMMON         0x00000000000398e0       0x48 obj_cooja/mtype498.a(rimestats.o)
                0x00000000000398e0                rimestats
                0x0000000000039928                . = ALIGN ((. != 0x0)?0x4:0x1)
                0x0000000000039928                . = ALIGN (0x4)
                0x0000000000039928                . = SEGMENT_START ("ldata-segment", .)
                0x0000000000039928                . = ALIGN (0x4)
                0x0000000000039928                _end = .
                0x0000000000039928                PROVIDE (end, .)
                0x0000000000039928                . = DATA_SEGMENT_END (.)

.stab
 *(.stab)

.stabstr
 *(.stabstr)

.stab.excl
 *(.stab.excl)

.stab.exclstr
 *(.stab.exclstr)

.stab.index
 *(.stab.index)

.stab.indexstr
 *(.stab.indexstr)

.comment        0x0000000000000000       0x29
 *(.comment)
 .comment       0x0000000000000000       0x29 /usr/lib/gcc/i686-linux-gnu/4.8/crtbeginS.o
                                         0x2a (size before relaxing)
 .comment       0x0000000000000000       0x2a udp-client.co
 .comment       0x0000000000000000       0x2a obj_cooja/mtype498.o
 .comment       0x0000000000000000       0x2a obj_cooja/mtype498.a(simEnvChange.o)
 .comment       0x0000000000000000       0x2a obj_cooja/mtype498.a(cooja_mt.o)
 .comment       0x0000000000000000       0x2a obj_cooja/mtype498.a(cooja_mtarch.o)
 .comment       0x0000000000000000       0x2a obj_cooja/mtype498.a(rtimer-arch.o)
 .comment       0x0000000000000000       0x2a obj_cooja/mtype498.a(beep.o)
 .comment       0x0000000000000000       0x2a obj_cooja/mtype498.a(button-sensor.o)
 .comment       0x0000000000000000       0x2a obj_cooja/mtype498.a(leds-arch.o)
 .comment       0x0000000000000000       0x2a obj_cooja/mtype498.a(moteid.o)
 .comment       0x0000000000000000       0x2a obj_cooja/mtype498.a(pir-sensor.o)
 .comment       0x0000000000000000       0x2a obj_cooja/mtype498.a(rs232.o)
 .comment       0x0000000000000000       0x2a obj_cooja/mtype498.a(vib-sensor.o)
 .comment       0x0000000000000000       0x2a obj_cooja/mtype498.a(clock.o)
 .comment       0x0000000000000000       0x2a obj_cooja/mtype498.a(log.o)
 .comment       0x0000000000000000       0x2a obj_cooja/mtype498.a(cfs-cooja.o)
 .comment       0x0000000000000000       0x2a obj_cooja/mtype498.a(cooja-radio.o)
 .comment       0x0000000000000000       0x2a obj_cooja/mtype498.a(eeprom.o)
 .comment       0x0000000000000000       0x2a obj_cooja/mtype498.a(random.o)
 .comment       0x0000000000000000       0x2a obj_cooja/mtype498.a(sensors.o)
 .comment       0x0000000000000000       0x2a obj_cooja/mtype498.a(leds.o)
 .comment       0x0000000000000000       0x2a obj_cooja/mtype498.a(dual_conf.o)
 .comment       0x0000000000000000       0x2a obj_cooja/mtype498.a(autostart.o)
 .comment       0x0000000000000000       0x2a obj_cooja/mtype498.a(ctimer.o)
 .comment       0x0000000000000000       0x2a obj_cooja/mtype498.a(etimer.o)
 .comment       0x0000000000000000       0x2a obj_cooja/mtype498.a(log_message.o)
 .comment       0x0000000000000000       0x2a obj_cooja/mtype498.a(process.o)
 .comment       0x0000000000000000       0x2a obj_cooja/mtype498.a(residual.o)
 .comment       0x0000000000000000       0x2a obj_cooja/mtype498.a(rtimer.o)
 .comment       0x0000000000000000       0x2a obj_cooja/mtype498.a(stimer.o)
 .comment       0x0000000000000000       0x2a obj_cooja/mtype498.a(timer.o)
 .comment       0x0000000000000000       0x2a obj_cooja/mtype498.a(serial-line.o)
 .comment       0x0000000000000000       0x2a obj_cooja/mtype498.a(list.o)
 .comment       0x0000000000000000       0x2a obj_cooja/mtype498.a(ringbuf.o)
 .comment       0x0000000000000000       0x2a obj_cooja/mtype498.a(sicslowpan.o)
 .comment       0x0000000000000000       0x2a obj_cooja/mtype498.a(uip-ds6-nbr.o)
 .comment       0x0000000000000000       0x2a obj_cooja/mtype498.a(uip-ds6-route.o)
 .comment       0x0000000000000000       0x2a obj_cooja/mtype498.a(uip-ds6.o)
 .comment       0x0000000000000000       0x2a obj_cooja/mtype498.a(uip6.o)
 .comment       0x0000000000000000       0x2a obj_cooja/mtype498.a(tcpip.o)
 .comment       0x0000000000000000       0x2a obj_cooja/mtype498.a(uip-debug.o)
 .comment       0x0000000000000000       0x2a obj_cooja/mtype498.a(uip-packetqueue)
 .comment       0x0000000000000000       0x2a obj_cooja/mtype498.a(uip-udp-packet.)
 .comment       0x0000000000000000       0x2a obj_cooja/mtype498.a(rpl-dag.o)
 .comment       0x0000000000000000       0x2a obj_cooja/mtype498.a(rpl-ext-header.)
 .comment       0x0000000000000000       0x2a obj_cooja/mtype498.a(rpl-icmp6.o)
 .comment       0x0000000000000000       0x2a obj_cooja/mtype498.a(rpl-ltmax.o)
 .comment       0x0000000000000000       0x2a obj_cooja/mtype498.a(rpl-timers.o)
 .comment       0x0000000000000000       0x2a obj_cooja/mtype498.a(rpl.o)
 .comment       0x0000000000000000       0x2a obj_cooja/mtype498.a(csma.o)
 .comment       0x0000000000000000       0x2a obj_cooja/mtype498.a(framer-802154.o)
 .comment       0x0000000000000000       0x2a obj_cooja/mtype498.a(mac.o)
 .comment       0x0000000000000000       0x2a obj_cooja/mtype498.a(cxmac.o)
 .comment       0x0000000000000000       0x2a obj_cooja/mtype498.a(linkaddr.o)
 .comment       0x0000000000000000       0x2a obj_cooja/mtype498.a(nbr-table.o)
 .comment       0x0000000000000000       0x2a obj_cooja/mtype498.a(netstack.o)
 .comment       0x0000000000000000       0x2a obj_cooja/mtype498.a(packetbuf.o)
 .comment       0x0000000000000000       0x2a obj_cooja/mtype498.a(queuebuf.o)
 .comment       0x0000000000000000       0x2a obj_cooja/mtype498.a(nullsec.o)
 .comment       0x0000000000000000       0x2a obj_cooja/mtype498.a(watchdog.o)
 .comment       0x0000000000000000       0x2a obj_cooja/mtype498.a(rimestats.o)
 .comment       0x0000000000000000       0x2a obj_cooja/mtype498.a(memb.o)
 .comment       0x0000000000000000       0x2a obj_cooja/mtype498.a(uip-icmp6.o)
 .comment       0x0000000000000000       0x2a obj_cooja/mtype498.a(uip-nd6.o)
 .comment       0x0000000000000000       0x2a obj_cooja/mtype498.a(rpl-nbr-policy.)
 .comment       0x0000000000000000       0x2a obj_cooja/mtype498.a(frame802154.o)
 .comment       0x0000000000000000       0x2a /usr/lib/gcc/i686-linux-gnu/4.8/crtendS.o

.debug
 *(.debug)

.line
 *(.line)

.debug_srcinfo
 *(.debug_srcinfo)

.debug_sfnames
 *(.debug_sfnames)

.debug_aranges  0x0000000000000000      0x838
 *(.debug_aranges)
 .debug_aranges
                0x0000000000000000       0x20 udp-client.co
 .debug_aranges
                0x0000000000000020       0x20 obj_cooja/mtype498.o
 .debug_aranges
                0x0000000000000040       0x20 obj_cooja/mtype498.a(simEnvChange.o)
 .debug_aranges
                0x0000000000000060       0x20 obj_cooja/mtype498.a(cooja_mt.o)
 .debug_aranges
                0x0000000000000080       0x20 obj_cooja/mtype498.a(cooja_mtarch.o)
 .debug_aranges
                0x00000000000000a0       0x20 obj_cooja/mtype498.a(rtimer-arch.o)
 .debug_aranges
                0x00000000000000c0       0x20 obj_cooja/mtype498.a(beep.o)
 .debug_aranges
                0x00000000000000e0       0x20 obj_cooja/mtype498.a(button-sensor.o)
 .debug_aranges
                0x0000000000000100       0x20 obj_cooja/mtype498.a(leds-arch.o)
 .debug_aranges
                0x0000000000000120       0x20 obj_cooja/mtype498.a(moteid.o)
 .debug_aranges
                0x0000000000000140       0x20 obj_cooja/mtype498.a(pir-sensor.o)
 .debug_aranges
                0x0000000000000160       0x20 obj_cooja/mtype498.a(rs232.o)
 .debug_aranges
                0x0000000000000180       0x20 obj_cooja/mtype498.a(vib-sensor.o)
 .debug_aranges
                0x00000000000001a0       0x20 obj_cooja/mtype498.a(clock.o)
 .debug_aranges
                0x00000000000001c0       0x20 obj_cooja/mtype498.a(log.o)
 .debug_aranges
                0x00000000000001e0       0x20 obj_cooja/mtype498.a(cfs-cooja.o)
 .debug_aranges
                0x0000000000000200       0x20 obj_cooja/mtype498.a(cooja-radio.o)
 .debug_aranges
                0x0000000000000220       0x20 obj_cooja/mtype498.a(eeprom.o)
 .debug_aranges
                0x0000000000000240       0x20 obj_cooja/mtype498.a(random.o)
 .debug_aranges
                0x0000000000000260       0x20 obj_cooja/mtype498.a(sensors.o)
 .debug_aranges
                0x0000000000000280       0x20 obj_cooja/mtype498.a(leds.o)
 .debug_aranges
                0x00000000000002a0       0x20 obj_cooja/mtype498.a(dual_conf.o)
 .debug_aranges
                0x00000000000002c0       0x20 obj_cooja/mtype498.a(autostart.o)
 .debug_aranges
                0x00000000000002e0       0x20 obj_cooja/mtype498.a(ctimer.o)
 .debug_aranges
                0x0000000000000300       0x20 obj_cooja/mtype498.a(etimer.o)
 .debug_aranges
                0x0000000000000320       0x20 obj_cooja/mtype498.a(log_message.o)
 .debug_aranges
                0x0000000000000340       0x20 obj_cooja/mtype498.a(process.o)
 .debug_aranges
                0x0000000000000360       0x20 obj_cooja/mtype498.a(residual.o)
 .debug_aranges
                0x0000000000000380       0x20 obj_cooja/mtype498.a(rtimer.o)
 .debug_aranges
                0x00000000000003a0       0x20 obj_cooja/mtype498.a(stimer.o)
 .debug_aranges
                0x00000000000003c0       0x20 obj_cooja/mtype498.a(timer.o)
 .debug_aranges
                0x00000000000003e0       0x20 obj_cooja/mtype498.a(serial-line.o)
 .debug_aranges
                0x0000000000000400       0x20 obj_cooja/mtype498.a(list.o)
 .debug_aranges
                0x0000000000000420       0x20 obj_cooja/mtype498.a(ringbuf.o)
 .debug_aranges
                0x0000000000000440       0x20 obj_cooja/mtype498.a(sicslowpan.o)
 .debug_aranges
                0x0000000000000460       0x20 obj_cooja/mtype498.a(uip-ds6-nbr.o)
 .debug_aranges
                0x0000000000000480       0x20 obj_cooja/mtype498.a(uip-ds6-route.o)
 .debug_aranges
                0x00000000000004a0       0x20 obj_cooja/mtype498.a(uip-ds6.o)
 .debug_aranges
                0x00000000000004c0       0x20 obj_cooja/mtype498.a(uip6.o)
 .debug_aranges
                0x00000000000004e0       0x20 obj_cooja/mtype498.a(tcpip.o)
 .debug_aranges
                0x0000000000000500       0x20 obj_cooja/mtype498.a(uip-debug.o)
 .debug_aranges
                0x0000000000000520       0x20 obj_cooja/mtype498.a(uip-packetqueue)
 .debug_aranges
                0x0000000000000540       0x20 obj_cooja/mtype498.a(uip-udp-packet.)
 .debug_aranges
                0x0000000000000560       0x20 obj_cooja/mtype498.a(rpl-dag.o)
 .debug_aranges
                0x0000000000000580       0x20 obj_cooja/mtype498.a(rpl-ext-header.)
 .debug_aranges
                0x00000000000005a0       0x20 obj_cooja/mtype498.a(rpl-icmp6.o)
 .debug_aranges
                0x00000000000005c0       0x20 obj_cooja/mtype498.a(rpl-ltmax.o)
 .debug_aranges
                0x00000000000005e0       0x20 obj_cooja/mtype498.a(rpl-timers.o)
 .debug_aranges
                0x0000000000000600       0x20 obj_cooja/mtype498.a(rpl.o)
 .debug_aranges
                0x0000000000000620       0x20 obj_cooja/mtype498.a(csma.o)
 .debug_aranges
                0x0000000000000640       0x20 obj_cooja/mtype498.a(framer-802154.o)
 .debug_aranges
                0x0000000000000660       0x20 obj_cooja/mtype498.a(mac.o)
 .debug_aranges
                0x0000000000000680       0x20 obj_cooja/mtype498.a(cxmac.o)
 .debug_aranges
                0x00000000000006a0       0x20 obj_cooja/mtype498.a(linkaddr.o)
 .debug_aranges
                0x00000000000006c0       0x20 obj_cooja/mtype498.a(nbr-table.o)
 .debug_aranges
                0x00000000000006e0       0x20 obj_cooja/mtype498.a(netstack.o)
 .debug_aranges
                0x0000000000000700       0x20 obj_cooja/mtype498.a(packetbuf.o)
 .debug_aranges
                0x0000000000000720       0x20 obj_cooja/mtype498.a(queuebuf.o)
 .debug_aranges
                0x0000000000000740       0x20 obj_cooja/mtype498.a(nullsec.o)
 .debug_aranges
                0x0000000000000760       0x20 obj_cooja/mtype498.a(watchdog.o)
 .debug_aranges