Archive member included to satisfy reference by file (symbol)

obj_cooja/mtype61.a(simEnvChange.o)
                              obj_cooja/mtype61.o (simDontFallAsleep)
obj_cooja/mtype61.a(cooja_mt.o)
                              obj_cooja/mtype61.o (cooja_mt_start)
obj_cooja/mtype61.a(cooja_mtarch.o)
                              obj_cooja/mtype61.a(cooja_mt.o) (cooja_mtarch_init)
obj_cooja/mtype61.a(rtimer-arch.o)
                              obj_cooja/mtype61.o (rtimer_arch_next)
obj_cooja/mtype61.a(beep.o)   obj_cooja/mtype61.o (beep_interface)
obj_cooja/mtype61.a(button-sensor.o)
                              obj_cooja/mtype61.o (button_interface)
obj_cooja/mtype61.a(leds-arch.o)
                              obj_cooja/mtype61.o (leds_interface)
obj_cooja/mtype61.a(moteid.o)
                              obj_cooja/mtype61.o (moteid_interface)
obj_cooja/mtype61.a(pir-sensor.o)
                              obj_cooja/mtype61.o (pir_interface)
obj_cooja/mtype61.a(rs232.o)  obj_cooja/mtype61.o (rs232_interface)
obj_cooja/mtype61.a(vib-sensor.o)
                              obj_cooja/mtype61.o (vib_interface)
obj_cooja/mtype61.a(clock.o)  obj_cooja/mtype61.o (clock_interface)
obj_cooja/mtype61.a(log.o)    obj_cooja/mtype61.o (simlog_interface)
obj_cooja/mtype61.a(cfs-cooja.o)
                              obj_cooja/mtype61.o (cfs_interface)
obj_cooja/mtype61.a(cooja-radio.o)
                              obj_cooja/mtype61.o (radio_interface)
obj_cooja/mtype61.a(eeprom.o)
                              obj_cooja/mtype61.o (eeprom_interface)
obj_cooja/mtype61.a(random.o)
                              obj_cooja/mtype61.a(moteid.o) (random_init)
obj_cooja/mtype61.a(sensors.o)
                              udp-server.co (sensors_event)
obj_cooja/mtype61.a(dual_conf.o)
                              obj_cooja/mtype61.a(cooja-radio.o) (long_range_radio)
obj_cooja/mtype61.a(autostart.o)
                              obj_cooja/mtype61.o (autostart_start)
obj_cooja/mtype61.a(ctimer.o)
                              obj_cooja/mtype61.o (ctimer_init)
obj_cooja/mtype61.a(etimer.o)
                              obj_cooja/mtype61.o (etimer_process)
obj_cooja/mtype61.a(log_message.o)
                              obj_cooja/mtype61.o (log_initialization)
obj_cooja/mtype61.a(process.o)
                              udp-server.co (process_current)
obj_cooja/mtype61.a(residual.o)
                              obj_cooja/mtype61.o (get_residual_energy)
obj_cooja/mtype61.a(rtimer.o)
                              obj_cooja/mtype61.a(rtimer-arch.o) (rtimer_run_next)
obj_cooja/mtype61.a(timer.o)  obj_cooja/mtype61.a(button-sensor.o) (timer_set)
obj_cooja/mtype61.a(serial-line.o)
                              obj_cooja/mtype61.a(rs232.o) (serial_line_input_byte)
obj_cooja/mtype61.a(list.o)   obj_cooja/mtype61.a(ctimer.o) (list_init)
obj_cooja/mtype61.a(ringbuf.o)
                              obj_cooja/mtype61.a(serial-line.o) (ringbuf_init)
obj_cooja/mtype61.a(sicslowpan.o)
                              obj_cooja/mtype61.o (sicslowpan_driver)
obj_cooja/mtype61.a(uip-ds6-nbr.o)
                              obj_cooja/mtype61.a(sicslowpan.o) (uip_ds6_link_neighbor_callback)
obj_cooja/mtype61.a(uip-ds6.o)
                              udp-server.co (uip_ds6_if)
obj_cooja/mtype61.a(uip6.o)   obj_cooja/mtype61.o (uip_lladdr)
obj_cooja/mtype61.a(tcpip.o)  udp-server.co (tcpip_event)
obj_cooja/mtype61.a(uip-debug.o)
                              udp-server.co (uip_debug_ipaddr_print)
obj_cooja/mtype61.a(uip-packetqueue)
                              obj_cooja/mtype61.a(uip-ds6-nbr.o) (uip_packetqueue_new)
obj_cooja/mtype61.a(rpl-dag.o)
                              udp-server.co (rpl_set_root)
obj_cooja/mtype61.a(rpl-ext-header.)
                              obj_cooja/mtype61.a(uip6.o) (rpl_verify_header)
obj_cooja/mtype61.a(rpl-icmp6.o)
                              obj_cooja/mtype61.a(rpl-dag.o) (rpl_icmp6_update_nbr_table)
obj_cooja/mtype61.a(rpl-ltmax.o)
                              obj_cooja/mtype61.a(rpl-dag.o) (rpl_ltmax_of)
obj_cooja/mtype61.a(rpl-timers.o)
                              obj_cooja/mtype61.a(rpl-dag.o) (rpl_reset_dio_timer)
obj_cooja/mtype61.a(rpl.o)    obj_cooja/mtype61.a(rpl-icmp6.o) (rpl_get_mode)
obj_cooja/mtype61.a(framer-802154.o)
                              obj_cooja/mtype61.a(sicslowpan.o) (framer_802154)
obj_cooja/mtype61.a(nullmac.o)
                              udp-server.co (nullmac_driver)
obj_cooja/mtype61.a(cxmac.o)  obj_cooja/mtype61.o (cxmac_driver)
obj_cooja/mtype61.a(linkaddr.o)
                              obj_cooja/mtype61.o (linkaddr_node_addr)
obj_cooja/mtype61.a(nbr-table.o)
                              obj_cooja/mtype61.a(uip-ds6-nbr.o) (lladdr_map_add_lr)
obj_cooja/mtype61.a(netstack.o)
                              obj_cooja/mtype61.o (netstack_init)
obj_cooja/mtype61.a(packetbuf.o)
                              obj_cooja/mtype61.a(cooja-radio.o) (packetbuf_attrs)
[...]
Memory Configuration

Name             Origin             Length             Attributes
*default*        0x0000000000000000 0xffffffffffffffff

Linker script and memory map

LOAD /usr/lib/gcc/i686-linux-gnu/4.8/../../../i386-linux-gnu/crti.o
LOAD /usr/lib/gcc/i686-linux-gnu/4.8/crtbeginS.o
LOAD udp-server.co
LOAD obj_cooja/mtype61.o
LOAD obj_cooja/mtype61.a
LOAD /usr/lib/gcc/i686-linux-gnu/4.8/libgcc.a
LOAD /usr/lib/gcc/i686-linux-gnu/4.8/libgcc_s.so
LOAD /usr/lib/gcc/i686-linux-gnu/4.8/../../../i386-linux-gnu/libc.so
START GROUP
LOAD /lib/i386-linux-gnu/libc.so.6
LOAD /usr/lib/i386-linux-gnu/libc_nonshared.a
LOAD /lib/i386-linux-gnu/ld-linux.so.2
END GROUP
LOAD /usr/lib/gcc/i686-linux-gnu/4.8/libgcc.a
LOAD /usr/lib/gcc/i686-linux-gnu/4.8/libgcc_s.so
LOAD /usr/lib/gcc/i686-linux-gnu/4.8/crtendS.o
LOAD /usr/lib/gcc/i686-linux-gnu/4.8/../../../i386-linux-gnu/crtn.o
                0x0000000000000114                . = (0x0 + SIZEOF_HEADERS)

.note.gnu.build-id
                0x0000000000000114       0x24
 *(.note.gnu.build-id)
 .note.gnu.build-id
                0x0000000000000114       0x24 /usr/lib/gcc/i686-linux-gnu/4.8/../../../i386-linux-gnu/crti.o

.hash
 *(.hash)

.gnu.hash       0x0000000000000138     0x1358
 *(.gnu.hash)
 .gnu.hash      0x0000000000000138     0x1358 /usr/lib/gcc/i686-linux-gnu/4.8/../../../i386-linux-gnu/crti.o

.dynsym         0x0000000000001490     0x25c0
 *(.dynsym)
 .dynsym        0x0000000000001490     0x25c0 /usr/lib/gcc/i686-linux-gnu/4.8/../../../i386-linux-gnu/crti.o

.dynstr         0x0000000000003a50     0x26bd
 *(.dynstr)
 .dynstr        0x0000000000003a50     0x26bd /usr/lib/gcc/i686-linux-gnu/4.8/../../../i386-linux-gnu/crti.o

.gnu.version    0x000000000000610e      0x4b8
 *(.gnu.version)
 .gnu.version   0x000000000000610e      0x4b8 /usr/lib/gcc/i686-linux-gnu/4.8/../../../i386-linux-gnu/crti.o

.gnu.version_d  0x00000000000065c8        0x0
 *(.gnu.version_d)
 .gnu.version_d
                0x0000000000000000        0x0 /usr/lib/gcc/i686-linux-gnu/4.8/../../../i386-linux-gnu/crti.o

.gnu.version_r  0x00000000000065c8       0x50
 *(.gnu.version_r)
 .gnu.version_r
                0x00000000000065c8       0x50 /usr/lib/gcc/i686-linux-gnu/4.8/../../../i386-linux-gnu/crti.o

.rel.dyn        0x0000000000006618     0x9870
 *(.rel.init)
 .rel.init      0x0000000000000000        0x0 /usr/lib/gcc/i686-linux-gnu/4.8/../../../i386-linux-gnu/crti.o
 *(.rel.text .rel.text.* .rel.gnu.linkonce.t.*)
 .rel.text      0x0000000000006618     0x90e0 /usr/lib/gcc/i686-linux-gnu/4.8/../../../i386-linux-gnu/crti.o
 *(.rel.fini)
 .rel.fini      0x0000000000000000        0x0 /usr/lib/gcc/i686-linux-gnu/4.8/../../../i386-linux-gnu/crti.o
 *(.rel.rodata .rel.rodata.* .rel.gnu.linkonce.r.*)
 .rel.rodata    0x000000000000f6f8      0x4e0 /usr/lib/gcc/i686-linux-gnu/4.8/../../../i386-linux-gnu/crti.o
 *(.rel.data.rel.ro .rel.data.rel.ro.* .rel.gnu.linkonce.d.rel.ro.*)
 *(.rel.data .rel.data.* .rel.gnu.linkonce.d.*)
 .rel.data.rel  0x000000000000fbd8        0x8 /usr/lib/gcc/i686-linux-gnu/4.8/../../../i386-linux-gnu/crti.o
 .rel.data      0x000000000000fbe0      0x270 /usr/lib/gcc/i686-linux-gnu/4.8/../../../i386-linux-gnu/crti.o
 *(.rel.tdata .rel.tdata.* .rel.gnu.linkonce.td.*)
 *(.rel.tbss .rel.tbss.* .rel.gnu.linkonce.tb.*)
 *(.rel.ctors)
 *(.rel.dtors)
 *(.rel.got)
 .rel.got       0x000000000000fe50       0x28 /usr/lib/gcc/i686-linux-gnu/4.8/../../../i386-linux-gnu/crti.o
 *(.rel.bss .rel.bss.* .rel.gnu.linkonce.b.*)
 *(.rel.ifunc)
 .rel.ifunc     0x0000000000000000        0x0 /usr/lib/gcc/i686-linux-gnu/4.8/../../../i386-linux-gnu/crti.o
 .rel.fini_array
                0x000000000000fe78        0x8 /usr/lib/gcc/i686-linux-gnu/4.8/../../../i386-linux-gnu/crti.o
 .rel.init_array
                0x000000000000fe80        0x8 /usr/lib/gcc/i686-linux-gnu/4.8/../../../i386-linux-gnu/crti.o

.rel.plt        0x000000000000fe88       0x10
 *(.rel.plt)
 .rel.plt       0x000000000000fe88       0x10 /usr/lib/gcc/i686-linux-gnu/4.8/../../../i386-linux-gnu/crti.o
 *(.rel.iplt)

.init           0x000000000000fe98       0x23
 *(SORT(.init))
 .init          0x000000000000fe98       0x1e /usr/lib/gcc/i686-linux-gnu/4.8/../../../i386-linux-gnu/crti.o
                0x000000000000fe98                _init
 .init          0x000000000000feb6        0x5 /usr/lib/gcc/i686-linux-gnu/4.8/../../../i386-linux-gnu/crtn.o

.plt            0x000000000000fec0       0x30
 *(.plt)
 .plt           0x000000000000fec0       0x30 /usr/lib/gcc/i686-linux-gnu/4.8/../../../i386-linux-gnu/crti.o
 *(.iplt)

.text           0x000000000000fef0    0x16d82
 *(.text.unlikely .text.*_unlikely .text.unlikely.*)
 *(.text.exit .text.exit.*)
 *(.text.startup .text.startup.*)
 *(.text.hot .text.hot.*)
 *(.text .stub .text.* .gnu.linkonce.t.*)
 .text          0x000000000000fef0        0x0 /usr/lib/gcc/i686-linux-gnu/4.8/../../../i386-linux-gnu/crti.o
 .gnu.linkonce.t.__x86.get_pc_thunk.bx
                0x000000000000fef0        0x4 /usr/lib/gcc/i686-linux-gnu/4.8/../../../i386-linux-gnu/crti.o
                0x000000000000fef0                __x86.get_pc_thunk.bx
 *fill*         0x000000000000fef4        0xc 
 .text          0x000000000000ff00      0x11b /usr/lib/gcc/i686-linux-gnu/4.8/crtbeginS.o
 .text          0x000000000001001b      0x3ce udp-server.co
 .text          0x00000000000103e9      0x96a obj_cooja/mtype61.o
                0x0000000000010597                contiki_init
                0x0000000000010b6a                Java_org_contikios_cooja_corecomm_Lib9_init
                0x0000000000010baa                Java_org_contikios_cooja_corecomm_Lib9_getMemory
                0x0000000000010bea                Java_org_contikios_cooja_corecomm_Lib9_setMemory
                0x0000000000010c61                Java_org_contikios_cooja_corecomm_Lib9_tick
                0x0000000000010d41                Java_org_contikios_cooja_corecomm_Lib9_setReferenceAddress
 .text          0x0000000000010d53       0x63 obj_cooja/mtype61.a(simEnvChange.o)
                0x0000000000010d53                doActionsBeforeTick
                0x0000000000010d84                doActionsAfterTick
 .text          0x0000000000010db6       0xbc obj_cooja/mtype61.a(cooja_mt.o)
                0x0000000000010db6                cooja_mt_init
                0x0000000000010dc3                cooja_mt_remove
                0x0000000000010dd0                cooja_mt_start
                0x0000000000010dfd                cooja_mt_exec
                0x0000000000010e2e                cooja_mt_exit
                0x0000000000010e50                cooja_mt_yield
 .text          0x0000000000010e72      0x115 obj_cooja/mtype61.a(cooja_mtarch.o)
                0x0000000000010e72                cooja_mtarch_init
                0x0000000000010e77                cooja_mtarch_start
                0x0000000000010ef2                cooja_sw
                0x0000000000010f14                cooja_mtarch_exec
                0x0000000000010f30                cooja_mtarch_remove
                0x0000000000010f35                cooja_mtarch_yield
                0x0000000000010f3f                cooja_mtarch_pstop
                0x0000000000010f44                cooja_mtarch_pstart
                0x0000000000010f49                cooja_mtarch_stack_usage
 .text          0x0000000000010f87       0xc2 obj_cooja/mtype61.a(rtimer-arch.o)
                0x0000000000010f87                rtimer_arch_init
                0x0000000000010faa                rtimer_arch_schedule
                0x0000000000010fc1                rtimer_arch_next
                0x0000000000010fcb                rtimer_arch_pending
                0x0000000000010fd5                rtimer_arch_check
                0x0000000000011007                rtimer_arch_now
 .text          0x0000000000011049       0x76 obj_cooja/mtype61.a(beep.o)
                0x0000000000011049                beep_alarm
                0x0000000000011055                beep_beep
                0x0000000000011061                beep
                0x000000000001106d                beep_down
                0x0000000000011079                beep_on
                0x0000000000011085                beep_off
                0x0000000000011091                beep_spinup
                0x000000000001109d                beep_quick
                0x00000000000110a9                beep_long
 .text          0x00000000000110bf      0x103 obj_cooja/mtype61.a(button-sensor.o)
 .text          0x00000000000111c2       0x45 obj_cooja/mtype61.a(leds-arch.o)
                0x00000000000111c2                leds_arch_init
                0x00000000000111ce                leds_arch_get
                0x00000000000111da                leds_arch_set
 .text          0x0000000000011207       0x2f obj_cooja/mtype61.a(moteid.o)
 .text          0x0000000000011236       0xb1 obj_cooja/mtype61.a(pir-sensor.o)
 .text          0x00000000000112e7      0x131 obj_cooja/mtype61.a(rs232.o)
                0x00000000000112e7                rs232_init
                0x00000000000112ec                rs232_set_speed
                0x00000000000112fa                rs232_set_input
                0x0000000000011307                rs232_send
                0x0000000000011329                rs232_print
                0x0000000000011344                slip_arch_writeb
 .text          0x0000000000011418       0xb1 obj_cooja/mtype61.a(vib-sensor.o)
 .text          0x00000000000114c9       0x34 obj_cooja/mtype61.a(clock.o)
                0x00000000000114c9                clock_init
                0x00000000000114ce                clock_time
                0x00000000000114d8                clock_seconds
                0x00000000000114ee                clock_delay
 .text          0x00000000000114fd      0x1ed obj_cooja/mtype61.a(log.o)
                0x00000000000114fd                simlog_char
                0x000000000001153f                simlog
                0x00000000000115ac                log_message
                0x00000000000115d4                log_set_putchar_with_slip
                0x00000000000115e1                log_putchar
                0x0000000000011665                log_puts
                0x0000000000011689                log_printf
 .text          0x00000000000116ea      0x2c4 obj_cooja/mtype61.a(cfs-cooja.o)
                0x00000000000116ea                cfs_open
                0x0000000000011753                cfs_close
                0x000000000001175f                cfs_read
                0x00000000000117fd                cfs_write
                0x00000000000118da                cfs_seek
                0x0000000000011962                cfs_remove
                0x000000000001198b                cfs_opendir
                0x0000000000011995                cfs_readdir
                0x000000000001199f                cfs_closedir
 .text          0x00000000000119ae      0x67d obj_cooja/mtype61.a(cooja-radio.o)
                0x00000000000119d8                radio_set_channel
                0x00000000000119ed                radio_set_txpower
                0x0000000000011a0d                radio_signal_strength_last
                0x0000000000011a17                radio_signal_strength_current
                0x0000000000011a21                radio_LQI
 .text          0x000000000001202b       0xef obj_cooja/mtype61.a(eeprom.o)
                0x000000000001202b                eeprom_init
                0x0000000000012030                eeprom_read
                0x00000000000120a0                eeprom_write
 .text          0x000000000001211a       0x28 obj_cooja/mtype61.a(random.o)
                0x000000000001211a                random_init
                0x0000000000012135                random_rand
 .text          0x0000000000012142      0x2a1 obj_cooja/mtype61.a(sensors.o)
                0x000000000001217d                sensors_first
                0x0000000000012187                sensors_next
                0x00000000000121a4                sensors_changed
                0x00000000000121d3                sensors_find
 .text          0x00000000000123e3      0x31a obj_cooja/mtype61.a(dual_conf.o)
                0x00000000000123e3                dual_radio_switch
                0x0000000000012423                dual_radio_change
                0x000000000001245d                sending_in_LR
                0x0000000000012488                dual_radio_received
                0x00000000000124db                radio_received_is_longrange
                0x00000000000124f6                dual_radio_turn_on
                0x0000000000012519                dual_radio_turn_off
                0x00000000000126b3                dio_broadcast
                0x00000000000126dc                dis_broadcast
 .text          0x00000000000126fd       0x8e obj_cooja/mtype61.a(autostart.o)
                0x00000000000126fd                autostart_start
                0x0000000000012748                autostart_exit
 .text          0x000000000001278b      0x334 obj_cooja/mtype61.a(ctimer.o)
                0x00000000000128a2                ctimer_init
                0x00000000000128d2                ctimer_set
                0x0000000000012903                ctimer_set_with_process
                0x000000000001297f                ctimer_reset
                0x00000000000129ce                ctimer_restart
                0x0000000000012a1d                ctimer_stop
                0x0000000000012a68                ctimer_expired
 .text          0x0000000000012abf      0x40b obj_cooja/mtype61.a(etimer.o)
                0x0000000000012cd2                etimer_request_poll
                0x0000000000012d56                etimer_set
                0x0000000000012d7b                etimer_reset_with_new_interval
                0x0000000000012da2                etimer_reset
                0x0000000000012dc0                etimer_restart
                0x0000000000012dde                etimer_adjust
                0x0000000000012dfa                etimer_expired
                0x0000000000012e0d                etimer_expiration_time
                0x0000000000012e1f                etimer_start_time
                0x0000000000012e29                etimer_pending
                0x0000000000012e3b                etimer_next_expiration_time
                0x0000000000012e55                etimer_stop
 .text          0x0000000000012eca       0xdd obj_cooja/mtype61.a(log_message.o)
                0x0000000000012eca                log_initialization
                0x0000000000012f86                log_finisher
 .text          0x0000000000012fa7      0x560 obj_cooja/mtype61.a(process.o)
                0x0000000000012fa7                process_alloc_event
                0x0000000000012fbc                process_start
                0x00000000000131a5                process_exit
                0x00000000000131c1                process_init
                0x0000000000013392                process_run
                0x00000000000133c5                process_nevents
                0x00000000000133e0                process_post
                0x000000000001348c                process_post_synch
                0x00000000000134c4                process_poll
                0x00000000000134f3                process_is_running
 .text          0x0000000000013507       0xd3 obj_cooja/mtype61.a(residual.o)
                0x0000000000013507                get_residual_energy
 .text          0x00000000000135da       0xba obj_cooja/mtype61.a(rtimer.o)
                0x00000000000135da                rtimer_init
                0x00000000000135e7                rtimer_set
                0x000000000001363e                rtimer_run_next
 .text          0x0000000000013694       0x91 obj_cooja/mtype61.a(timer.o)
                0x0000000000013694                timer_set
                0x00000000000136af                timer_reset
                0x00000000000136c6                timer_restart
                0x00000000000136d8                timer_expired
                0x0000000000013701                timer_remaining
 .text          0x0000000000013725      0x1fb obj_cooja/mtype61.a(serial-line.o)
                0x0000000000013725                serial_line_input_byte
                0x00000000000138e8                serial_line_init
 .text          0x0000000000013920      0x244 obj_cooja/mtype61.a(list.o)
                0x0000000000013920                list_init
                0x000000000001392e                list_head
                0x0000000000013938                list_copy
                0x0000000000013947                list_tail
                0x000000000001397d                list_add
                0x00000000000139c6                list_push
                0x00000000000139f2                list_chop
                0x0000000000013a5c                list_pop
                0x0000000000013a84                list_remove
                0x0000000000013aeb                list_length
                0x0000000000013b19                list_insert
                0x0000000000013b4d                list_item_next
 .text          0x0000000000013b64      0x155 obj_cooja/mtype61.a(ringbuf.o)
                0x0000000000013b64                ringbuf_init
                0x0000000000013b95                ringbuf_put
                0x0000000000013c13                ringbuf_get
                0x0000000000013c80                ringbuf_size
                0x0000000000013c92                ringbuf_elements
 .text          0x0000000000013cb9     0x258b obj_cooja/mtype61.a(sicslowpan.o)
                0x0000000000014243                rime_sniffer_add
                0x0000000000014250                rime_sniffer_remove
                0x00000000000161e3                sicslowpan_init
                0x000000000001623a                sicslowpan_get_last_rssi
 .text          0x0000000000016244      0x2dc obj_cooja/mtype61.a(uip-ds6-nbr.o)
                0x0000000000016261                uip_ds6_neighbors_init
                0x000000000001627e                uip_ds6_nbr_add
                0x000000000001632f                uip_ds6_nbr_rm
                0x000000000001638c                uip_ds6_nbr_get_ipaddr
                0x00000000000163a1                uip_ds6_nbr_get_ll
                0x00000000000163bd                uip_ds6_nbr_num
                0x0000000000016402                uip_ds6_nbr_lookup
                0x0000000000016467                uip_ds6_nbr_ll_lookup
                0x0000000000016483                uip_ds6_nbr_ipaddr_from_lladdr
                0x00000000000164a9                uip_ds6_nbr_lladdr_from_ipaddr
                0x00000000000164d7                uip_ds6_link_neighbor_callback
 .text          0x0000000000016520     0x12ad obj_cooja/mtype61.a(uip-ds6.o)
                0x0000000000016520                uip_ds6_init
                0x0000000000016875                uip_ds6_periodic
                0x000000000001694d                uip_ds6_list_loop
                0x00000000000169f4                uip_ds6_prefix_add
                0x0000000000016ab2                uip_ds6_prefix_rm
                0x0000000000016ac4                uip_ds6_prefix_lookup
                0x0000000000016b15                uip_ds6_is_addr_onlink
                0x0000000000016b89                uip_ds6_addr_add
                0x0000000000016cb7                uip_ds6_long_addr_add
                0x0000000000016de5                uip_ds6_addr_rm
                0x0000000000016e85                uip_ds6_addr_lookup
                0x0000000000016ed0                uip_ds6_long_addr_lookup
                0x0000000000016f1b                uip_ds6_get_link_local
                0x0000000000016f9a                uip_ds6_long_get_link_local
                0x0000000000017019                uip_ds6_get_global
                0x0000000000017098                uip_ds6_long_get_global
                0x0000000000017117                uip_ds6_maddr_add
                0x0000000000017189                uip_ds6_long_maddr_add
                0x00000000000171fb                uip_ds6_maddr_rm
                0x000000000001720d                uip_ds6_maddr_lookup
                0x0000000000017258                uip_ds6_long_maddr_lookup
                0x00000000000172a3                uip_ds6_aaddr_add
                0x0000000000017315                uip_ds6_long_aaddr_add
                0x0000000000017387                uip_ds6_aaddr_rm
                0x0000000000017399                uip_ds6_aaddr_lookup
                0x00000000000173e4                uip_ds6_long_aaddr_lookup
                0x000000000001742f                uip_ds6_select_src
                0x00000000000176b8                uip_ds6_set_addr_iid
                0x00000000000176ef                get_match_length
                0x0000000000017781                uip_ds6_compute_reachable_time
 .text          0x00000000000177cd     0x29f3 obj_cooja/mtype61.a(uip6.o)
                0x00000000000177cd                uip_add32
                0x0000000000017966                uip_chksum
                0x0000000000017a54                uip_icmp6chksum
                0x0000000000017a68                uip_tcpchksum
                0x0000000000017a7c                uip_udpchksum
                0x0000000000017a90                uip_init
                0x0000000000017b60                uip_connect
                0x0000000000017d0f                remove_ext_hdr
                0x0000000000017de4                uip_udp_new
                0x0000000000017f40                uip_unlisten
                0x0000000000017fa0                uip_listen
                0x0000000000018262                uip_process
                0x000000000001a0b4                uip_htons
                0x000000000001a0d6                uip_htonl
                0x000000000001a116                uip_send
 .text          0x000000000001a1c0      0xb43 obj_cooja/mtype61.a(tcpip.o)
                0x000000000001a1c0                tcpip_output
                0x000000000001a1ee                tcpip_set_outputfunc
                0x000000000001a282                tcp_connect
                0x000000000001a2d7                tcp_unlisten
                0x000000000001a332                tcp_listen
                0x000000000001a38b                tcp_attach
                0x000000000001a3b0                udp_attach
                0x000000000001a3d5                udp_new
                0x000000000001a427                udp_broadcast_new
                0x000000000001a69b                tcpip_input
                0x000000000001a6cf                tcpip_ipv6_output
                0x000000000001ab49                tcpip_poll_udp
                0x000000000001ab6c                tcpip_poll_tcp
                0x000000000001ab8f                tcpip_uipcall
 .text          0x000000000001ad03      0x1c1 obj_cooja/mtype61.a(uip-debug.o)
                0x000000000001ad03                uip_debug_ipaddr_print
                0x000000000001ae65                uip_debug_lladdr_print
 .text          0x000000000001aec4      0x141 obj_cooja/mtype61.a(uip-packetqueue)
                0x000000000001aef0                uip_packetqueue_new
                0x000000000001aefe                uip_packetqueue_alloc
                0x000000000001af5e                uip_packetqueue_free
                0x000000000001af9f                uip_packetqueue_buf
                0x000000000001afbc                uip_packetqueue_buflen
                0x000000000001afdd                uip_packetqueue_set_buflen
 .text          0x000000000001b005     0x25bb obj_cooja/mtype61.a(rpl-dag.o)
                0x000000000001b005                rpl_print_neighbor_list
                0x000000000001b0ae                rpl_print_child_neighbor_list
                0x000000000001b123                rpl_get_nbr
                0x000000000001b17d                rpl_get_nbr_child
                0x000000000001b1d7                rpl_dag_init
                0x000000000001b209                rpl_get_parent
                0x000000000001b22b                rpl_get_parent_rank
                0x000000000001b25e                rpl_get_parent_link_metric
                0x000000000001b291                rpl_get_parent_ipaddr
                0x000000000001b2bb                rpl_get_child_ipaddr
                0x000000000001b5d6                rpl_set_root
                0x000000000001b804                rpl_repair_root
                0x000000000001ba40                rpl_set_prefix
                0x000000000001bb3f                rpl_set_default_route
                0x000000000001bbcb                rpl_alloc_instance
                0x000000000001bc5e                rpl_alloc_dag
                0x000000000001bd11                rpl_set_default_instance
                0x000000000001bd1e                rpl_get_default_instance
                0x000000000001bd28                rpl_free_instance
                0x000000000001bdd9                rpl_free_dag
                0x000000000001be3f                rpl_add_parent
                0x000000000001bf35                rpl_find_parent
                0x000000000001bf65                rpl_add_child
                0x000000000001c009                rpl_find_child
                0x000000000001c057                rpl_find_parent_any_dag
                0x000000000001c093                rpl_select_dag
                0x000000000001c4b6                rpl_select_parent
                0x000000000001c518                rpl_remove_parent
                0x000000000001c54e                rpl_remove_child
                0x000000000001c56a                rpl_nullify_parent
                0x000000000001c608                rpl_move_parent
                0x000000000001c6a5                rpl_has_downward_route
                0x000000000001c6f8                rpl_get_any_dag
                0x000000000001c75a                rpl_get_instance
                0x000000000001c7bd                rpl_find_of
                0x000000000001c7fa                rpl_join_instance
                0x000000000001ca75                rpl_add_dag
                0x000000000001ce64                rpl_local_repair
                0x000000000001cf3d                rpl_recalculate_ranks
                0x000000000001cfc3                rpl_process_parent_event
                0x000000000001d075                rpl_process_dio
 .text          0x000000000001d5c0      0xbf3 obj_cooja/mtype61.a(rpl-ext-header.)
                0x000000000001d5dd                rpl_verify_header
                0x000000000001da57                rpl_update_header_empty
                0x000000000001dd6e                rpl_update_header_final
                0x000000000001defd                rpl_remove_header
                0x000000000001e007                rpl_invert_header
                0x000000000001e191                rpl_insert_header
 .text          0x000000000001e1b3     0x2c77 obj_cooja/mtype61.a(rpl-icmp6.o)
                0x000000000001e4c2                rpl_icmp6_update_nbr_table
                0x000000000001e68f                dis_output
                0x000000000001f3bd                dio_output
                0x00000000000208ed                dao_output
                0x00000000000209c1                dao_output_target
                0x0000000000020dde                dao_ack_output
                0x0000000000020df2                rpl_icmp6_register_handlers
 .text          0x0000000000020e2a      0x392 obj_cooja/mtype61.a(rpl-ltmax.o)
 .text          0x00000000000211bc      0x7b3 obj_cooja/mtype61.a(rpl-timers.o)
                0x0000000000021402                rpl_reset_periodic_timer
                0x0000000000021457                rpl_reset_dio_timer
                0x0000000000021691                rpl_schedule_dao
                0x00000000000216ac                rpl_schedule_dao_immediately
                0x00000000000216c7                rpl_cancel_dao
                0x0000000000021729                rpl_schedule_unicast_dio_immediately
                0x0000000000021917                rpl_schedule_probing
 .text          0x000000000002196f      0x5c5 obj_cooja/mtype61.a(rpl.o)
                0x000000000002196f                rpl_get_mode
                0x0000000000021979                rpl_set_mode
                0x0000000000021a07                rpl_purge_routes
                0x0000000000021b01                rpl_remove_routes
                0x0000000000021b47                rpl_remove_routes_by_nexthop
                0x0000000000021bb3                rpl_add_route
                0x0000000000021c2e                rpl_link_neighbor_callback
                0x0000000000021d33                rpl_ipv6_neighbor_callback
                0x0000000000021da2                rpl_purge_dags
                0x0000000000021eae                rpl_init
 .text          0x0000000000021f34      0x3f5 obj_cooja/mtype61.a(framer-802154.o)
 .text          0x0000000000022329       0x5e obj_cooja/mtype61.a(nullmac.o)
 .text          0x0000000000022387     0x1109 obj_cooja/mtype61.a(cxmac.o)
                0x00000000000233e0                cxmac_set_announcement_radio_txpower
                0x00000000000233e5                cxmac_init
 .text          0x0000000000023490       0x82 obj_cooja/mtype61.a(linkaddr.o)
                0x0000000000023490                linkaddr_copy
                0x00000000000234b2                linkaddr_cmp
                0x00000000000234dc                linkaddr_set_node_addr
                0x00000000000234f7                linkaddr_set_node_long_addr
 .text          0x0000000000023512      0x88c obj_cooja/mtype61.a(nbr-table.o)
                0x0000000000023512                lladdr_map_add_lr
                0x00000000000235cf                lladdr_map_rm_lr
                0x0000000000023a94                nbr_table_register
                0x0000000000023adc                nbr_table_head
                0x0000000000023b38                nbr_table_next
                0x0000000000023b9f                nbr_table_add_lladdr
                0x0000000000023c7b                nbr_table_get_from_lladdr
                0x0000000000023cc8                nbr_table_remove
                0x0000000000023d1a                nbr_table_lock
                0x0000000000023d44                nbr_table_unlock
                0x0000000000023d6e                nbr_table_get_lladdr
 .text          0x0000000000023d9e       0x2b obj_cooja/mtype61.a(netstack.o)
                0x0000000000023d9e                netstack_init
 .text          0x0000000000023dc9      0x3cd obj_cooja/mtype61.a(packetbuf.o)
                0x0000000000023dc9                packetbuf_clear
                0x0000000000023df3                packetbuf_copyfrom
                0x0000000000023e45                packetbuf_compact
                0x0000000000023ec2                packetbuf_copyto
                0x0000000000023f59                packetbuf_hdralloc
                0x0000000000023fd6                packetbuf_hdrreduce
                0x000000000002401e                packetbuf_set_datalen
                0x0000000000024037                packetbuf_dataptr
                0x0000000000024054                packetbuf_hdrptr
                0x000000000002405e                packetbuf_datalen
                0x000000000002406a                packetbuf_hdrlen
                0x0000000000024081                packetbuf_totlen
                0x0000000000024097                packetbuf_attr_clear
                0x00000000000240e9                packetbuf_attr_copyto
                0x0000000000024132                packetbuf_attr_copyfrom
                0x000000000002417a                packetbuf_holds_broadcast
 .text          0x0000000000024196      0x2b4 obj_cooja/mtype61.a(queuebuf.o)
                0x00000000000241a0                queuebuf_init
                0x00000000000241c0                queuebuf_numfree
                0x00000000000241d4                queuebuf_new_from_packetbuf
                0x0000000000024264                queuebuf_update_attr_from_packetbuf
                0x0000000000024297                queuebuf_update_from_packetbuf
                0x00000000000242e1                queuebuf_free
                0x0000000000024328                queuebuf_to_packetbuf
                0x000000000002438e                queuebuf_dataptr
                0x00000000000243c5                queuebuf_datalen
                0x00000000000243e8                queuebuf_addr
                0x000000000002441a                queuebuf_attr
                0x0000000000024445                queuebuf_debug_print
 .text          0x000000000002444a       0x6e obj_cooja/mtype61.a(nullsec.o)
 .text          0x00000000000244b8       0x19 obj_cooja/mtype61.a(watchdog.o)
                0x00000000000244b8                watchdog_init
                0x00000000000244bd                watchdog_start
                0x00000000000244c2                watchdog_periodic
                0x00000000000244c7                watchdog_stop
                0x00000000000244cc                watchdog_reboot
 .text          0x00000000000244d1        0x0 obj_cooja/mtype61.a(rimestats.o)
 .text          0x00000000000244d1      0x134 obj_cooja/mtype61.a(leds.o)
                0x0000000000024522                leds_init
                0x0000000000024536                leds_blink
                0x000000000002456e                leds_get
                0x000000000002457b                leds_set
                0x0000000000024595                leds_on
                0x00000000000245b8                leds_off
                0x00000000000245e2                leds_toggle
 .text          0x0000000000024605       0xa3 obj_cooja/mtype61.a(stimer.o)
                0x0000000000024605                stimer_set
                0x0000000000024620                stimer_reset
                0x0000000000024637                stimer_restart
                0x0000000000024649                stimer_expired
                0x0000000000024670                stimer_remaining
                0x0000000000024694                stimer_elapsed
 .text          0x00000000000246a8      0x1c1 obj_cooja/mtype61.a(memb.o)
                0x00000000000246a8                memb_init
                0x0000000000024706                memb_alloc
                0x000000000002476b                memb_free
                0x00000000000247e6                memb_inmemb
                0x0000000000024825                memb_numfree
 .text          0x0000000000024869      0x916 obj_cooja/mtype61.a(uip-ds6-route.o)
                0x00000000000248e0                uip_ds6_notification_add
                0x0000000000024911                uip_ds6_notification_rm
                0x000000000002492d                uip_ds6_route_init
                0x00000000000249b5                uip_ds6_route_nexthop
                0x00000000000249dd                uip_ds6_route_head
                0x00000000000249f2                uip_ds6_route_next
                0x0000000000024a18                uip_ds6_route_is_nexthop
                0x0000000000024a57                uip_ds6_route_num_routes
                0x0000000000024a61                uip_ds6_route_lookup
                0x0000000000024b23                uip_ds6_route_add
                0x0000000000024d57                uip_ds6_route_rm
                0x0000000000024eeb                uip_ds6_route_rm_by_nexthop
                0x0000000000024f23                uip_ds6_defrt_add
                0x0000000000024fd4                uip_ds6_defrt_rm
                0x0000000000025053                uip_ds6_defrt_lookup
                0x00000000000250ac                uip_ds6_defrt_choose
                0x0000000000025117                uip_ds6_defrt_periodic
 .text          0x000000000002517f      0xab2 obj_cooja/mtype61.a(uip-icmp6.o)
                0x00000000000251ed                uip_icmp6_input
                0x0000000000025243                uip_icmp6_register_input_handler
                0x000000000002550b                uip_icmp6_error_output
                0x0000000000025850                uip_icmp6_send
                0x0000000000025bc4                uip_icmp6_echo_reply_callback_add
                0x0000000000025bf5                uip_icmp6_echo_reply_callback_rm
                0x0000000000025c11                uip_icmp6_init
 .text          0x0000000000025c31      0x358 obj_cooja/mtype61.a(uip-nd6.o)
                0x0000000000025c85                uip_nd6_ns_output
                0x0000000000025f84                uip_nd6_init
 .text          0x0000000000025f89      0x331 obj_cooja/mtype61.a(rpl-nbr-policy.)
                0x0000000000026161                find_removable_dis
                0x0000000000026184                find_removable_dio
                0x0000000000026213                find_removable_dao
                0x0000000000026263                rpl_nbr_policy_find_removable
 .text          0x00000000000262ba      0x97c obj_cooja/mtype61.a(frame802154.o)
                0x00000000000262eb                frame802154_get_pan_id
                0x00000000000262f7                frame802154_set_pan_id
                0x0000000000026310                frame802154_has_panid
                0x00000000000263fc                frame802154_check_dest_panid
                0x0000000000026464                frame802154_is_broadcast_addr
                0x00000000000264b1                frame802154_extract_linkaddr
                0x00000000000266f1                frame802154_hdrlen
                0x0000000000026742                frame802154_create
                0x000000000002692d                frame802154_parse
 .text          0x0000000000026c36       0x3c obj_cooja/mtype61.a(mac.o)
                0x0000000000026c36                mac_call_sent_callback
 .text          0x0000000000026c72        0x0 /usr/lib/gcc/i686-linux-gnu/4.8/crtendS.o
 .text          0x0000000000026c72        0x0 /usr/lib/gcc/i686-linux-gnu/4.8/../../../i386-linux-gnu/crtn.o
 *(.gnu.warning)

.fini           0x0000000000026c74       0x14
 *(SORT(.fini))
 .fini          0x0000000000026c74        0xf /usr/lib/gcc/i686-linux-gnu/4.8/../../../i386-linux-gnu/crti.o
                0x0000000000026c74                _fini
 .fini          0x0000000000026c83        0x5 /usr/lib/gcc/i686-linux-gnu/4.8/../../../i386-linux-gnu/crtn.o
                0x0000000000026c88                PROVIDE (__etext, .)
                0x0000000000026c88                PROVIDE (_etext, .)
                0x0000000000026c88                PROVIDE (etext, .)

.rodata         0x0000000000026ca0     0x1720
 *(.rodata .rodata.* .gnu.linkonce.r.*)
 .rodata        0x0000000000026ca0      0x148 udp-server.co
                0x0000000000026cb4                autostart_processes
 .rodata        0x0000000000026de8      0x1e6 obj_cooja/mtype61.o
 *fill*         0x0000000000026fce        0x2 
 .rodata        0x0000000000026fd0        0x8 obj_cooja/mtype61.a(beep.o)
                0x0000000000026fd0                beep_interface
 .rodata        0x0000000000026fd8       0x20 obj_cooja/mtype61.a(button-sensor.o)
                0x0000000000026fd8                button_interface
                0x0000000000026fe8                button_sensor
 .rodata        0x0000000000026ff8        0x8 obj_cooja/mtype61.a(leds-arch.o)
                0x0000000000026ff8                leds_interface
 .rodata        0x0000000000027000        0x8 obj_cooja/mtype61.a(moteid.o)
                0x0000000000027000                moteid_interface
 .rodata        0x0000000000027008       0x1c obj_cooja/mtype61.a(pir-sensor.o)
                0x0000000000027008                pir_interface
                0x0000000000027014                pir_sensor
 .rodata        0x0000000000027024        0xe obj_cooja/mtype61.a(rs232.o)
                0x0000000000027024                rs232_interface
 *fill*         0x0000000000027032        0x2 
 .rodata        0x0000000000027034       0x24 obj_cooja/mtype61.a(vib-sensor.o)
                0x0000000000027034                vib_interface
                0x0000000000027048                vib_sensor
 .rodata        0x0000000000027058        0x8 obj_cooja/mtype61.a(clock.o)
                0x0000000000027058                clock_interface
 .rodata        0x0000000000027060        0x8 obj_cooja/mtype61.a(log.o)
                0x0000000000027060                simlog_interface
 .rodata        0x0000000000027068       0x2f obj_cooja/mtype61.a(cfs-cooja.o)
                0x0000000000027068                cfs_interface
 *fill*         0x0000000000027097        0x9 
 .rodata        0x00000000000270a0       0x60 obj_cooja/mtype61.a(cooja-radio.o)
                0x00000000000270c0                cooja_radio_driver
                0x00000000000270f8                radio_interface
 .rodata        0x0000000000027100        0x8 obj_cooja/mtype61.a(eeprom.o)
                0x0000000000027100                eeprom_interface
 .rodata        0x0000000000027108        0x8 obj_cooja/mtype61.a(sensors.o)
 .rodata        0x0000000000027110      0x169 obj_cooja/mtype61.a(dual_conf.o)
 .rodata        0x0000000000027279        0xf obj_cooja/mtype61.a(ctimer.o)
 .rodata        0x0000000000027288        0xc obj_cooja/mtype61.a(etimer.o)
 .rodata        0x0000000000027294       0x73 obj_cooja/mtype61.a(log_message.o)
 *fill*         0x0000000000027307        0x1 
 .rodata        0x0000000000027308       0x20 obj_cooja/mtype61.a(residual.o)
 .rodata        0x0000000000027328        0xe obj_cooja/mtype61.a(serial-line.o)
 *fill*         0x0000000000027336        0x2 
 .rodata        0x0000000000027338       0x2c obj_cooja/mtype61.a(sicslowpan.o)
                0x0000000000027338                unc_llconf
                0x000000000002733c                unc_ctxconf
                0x0000000000027340                unc_mxconf
                0x0000000000027344                llprefix
                0x0000000000027358                sicslowpan_driver
 .rodata        0x0000000000027364      0x13c obj_cooja/mtype61.a(uip6.o)
 .rodata        0x00000000000274a0       0x49 obj_cooja/mtype61.a(tcpip.o)
 .rodata        0x00000000000274e9       0x3e obj_cooja/mtype61.a(uip-debug.o)
 *fill*         0x0000000000027527        0x1 
 .rodata        0x0000000000027528        0x4 obj_cooja/mtype61.a(rpl-dag.o)
 .rodata        0x000000000002752c      0xb70 obj_cooja/mtype61.a(rpl-icmp6.o)
 .rodata        0x000000000002809c        0xc obj_cooja/mtype61.a(framer-802154.o)
                0x000000000002809c                framer_802154
 .rodata        0x00000000000280a8       0x24 obj_cooja/mtype61.a(nullmac.o)
                0x00000000000280b0                nullmac_driver
 *fill*         0x00000000000280cc       0x14 
 .rodata        0x00000000000280e0      0x2c0 obj_cooja/mtype61.a(cxmac.o)
                0x0000000000028380                cxmac_driver
 .rodata        0x00000000000283a0        0x8 obj_cooja/mtype61.a(linkaddr.o)
                0x00000000000283a0                linkaddr_null
 .rodata        0x00000000000283a8       0x18 obj_cooja/mtype61.a(nullsec.o)
                0x00000000000283b0                nullsec_driver

.rodata1
 *(.rodata1)

.eh_frame_hdr   0x00000000000283c0     0x138c
 *(.eh_frame_hdr)
 .eh_frame_hdr  0x00000000000283c0     0x138c udp-server.co

.eh_frame       0x000000000002974c     0x4f84
 *(.eh_frame)
 .eh_frame      0x000000000002974c       0x3c /usr/lib/gcc/i686-linux-gnu/4.8/../../../i386-linux-gnu/crti.o
                                         0x40 (size before relaxing)
 .eh_frame      0x0000000000029788       0x68 udp-server.co
                                         0x80 (size before relaxing)
 .eh_frame      0x00000000000297f0      0x148 obj_cooja/mtype61.o
                                        0x160 (size before relaxing)
 .eh_frame      0x0000000000029938       0x40 obj_cooja/mtype61.a(simEnvChange.o)
                                         0x58 (size before relaxing)
 .eh_frame      0x0000000000029978       0xc0 obj_cooja/mtype61.a(cooja_mt.o)
                                         0xd8 (size before relaxing)
 .eh_frame      0x0000000000029a38      0x120 obj_cooja/mtype61.a(cooja_mtarch.o)
                                        0x138 (size before relaxing)
 .eh_frame      0x0000000000029b58       0xc0 obj_cooja/mtype61.a(rtimer-arch.o)
                                         0xd8 (size before relaxing)
 .eh_frame      0x0000000000029c18      0x160 obj_cooja/mtype61.a(beep.o)
                                        0x178 (size before relaxing)
 .eh_frame      0x0000000000029d78       0xa0 obj_cooja/mtype61.a(button-sensor.o)
                                         0xb8 (size before relaxing)
 .eh_frame      0x0000000000029e18       0xa0 obj_cooja/mtype61.a(leds-arch.o)
                                         0xb8 (size before relaxing)
 .eh_frame      0x0000000000029eb8       0x40 obj_cooja/mtype61.a(moteid.o)
                                         0x58 (size before relaxing)
 .eh_frame      0x0000000000029ef8       0xa0 obj_cooja/mtype61.a(pir-sensor.o)
                                         0xb8 (size before relaxing)
 .eh_frame      0x0000000000029f98      0x100 obj_cooja/mtype61.a(rs232.o)
                                        0x118 (size before relaxing)
 .eh_frame      0x000000000002a098       0xa0 obj_cooja/mtype61.a(vib-sensor.o)
                                         0xb8 (size before relaxing)
 .eh_frame      0x000000000002a138       0xc0 obj_cooja/mtype61.a(clock.o)
                                         0xd8 (size before relaxing)
 .eh_frame      0x000000000002a1f8      0x120 obj_cooja/mtype61.a(log.o)
                                        0x138 (size before relaxing)
 .eh_frame      0x000000000002a318      0x160 obj_cooja/mtype61.a(cfs-cooja.o)
                                        0x178 (size before relaxing)
 .eh_frame      0x000000000002a478      0x2e0 obj_cooja/mtype61.a(cooja-radio.o)
                                        0x2f8 (size before relaxing)
 .eh_frame      0x000000000002a758       0xa0 obj_cooja/mtype61.a(eeprom.o)
                                         0xb8 (size before relaxing)
 .eh_frame      0x000000000002a7f8       0x40 obj_cooja/mtype61.a(random.o)
                                         0x58 (size before relaxing)
 .eh_frame      0x000000000002a838       0xc0 obj_cooja/mtype61.a(sensors.o)
                                         0xd8 (size before relaxing)
 .eh_frame      0x000000000002a8f8      0x160 obj_cooja/mtype61.a(dual_conf.o)
                                        0x178 (size before relaxing)
 .eh_frame      0x000000000002aa58       0x40 obj_cooja/mtype61.a(autostart.o)
                                         0x58 (size before relaxing)
 .eh_frame      0x000000000002aa98      0x100 obj_cooja/mtype61.a(ctimer.o)
                                        0x118 (size before relaxing)
 .eh_frame      0x000000000002ab98      0x1e0 obj_cooja/mtype61.a(etimer.o)
                                        0x1f8 (size before relaxing)
 .eh_frame      0x000000000002ad78       0x40 obj_cooja/mtype61.a(log_message.o)
                                         0x58 (size before relaxing)
 .eh_frame      0x000000000002adb8      0x1c8 obj_cooja/mtype61.a(process.o)
                                        0x1e0 (size before relaxing)
 .eh_frame      0x000000000002af80       0x2c obj_cooja/mtype61.a(residual.o)
                                         0x44 (size before relaxing)
 .eh_frame      0x000000000002afac       0x60 obj_cooja/mtype61.a(rtimer.o)
                                         0x78 (size before relaxing)
 .eh_frame      0x000000000002b00c       0xa4 obj_cooja/mtype61.a(timer.o)
                                         0xbc (size before relaxing)
 .eh_frame      0x000000000002b0b0       0x60 obj_cooja/mtype61.a(serial-line.o)
                                         0x78 (size before relaxing)
 .eh_frame      0x000000000002b110      0x180 obj_cooja/mtype61.a(list.o)
                                        0x198 (size before relaxing)
 .eh_frame      0x000000000002b290       0xa0 obj_cooja/mtype61.a(ringbuf.o)
                                         0xb8 (size before relaxing)
 .eh_frame      0x000000000002b330      0x350 obj_cooja/mtype61.a(sicslowpan.o)
                                        0x368 (size before relaxing)
 .eh_frame      0x000000000002b680      0x180 obj_cooja/mtype61.a(uip-ds6-nbr.o)
                                        0x198 (size before relaxing)
 .eh_frame      0x000000000002b800      0x3c8 obj_cooja/mtype61.a(uip-ds6.o)
                                        0x3e0 (size before relaxing)
 .eh_frame      0x000000000002bbc8      0x27c obj_cooja/mtype61.a(uip6.o)
                                        0x294 (size before relaxing)
 .eh_frame      0x000000000002be44      0x270 obj_cooja/mtype61.a(tcpip.o)
                                        0x288 (size before relaxing)
 .eh_frame      0x000000000002c0b4       0x48 obj_cooja/mtype61.a(uip-debug.o)
                                         0x60 (size before relaxing)
 .eh_frame      0x000000000002c0fc       0xe0 obj_cooja/mtype61.a(uip-packetqueue)
                                         0xf8 (size before relaxing)
 .eh_frame      0x000000000002c1dc      0x74c obj_cooja/mtype61.a(rpl-dag.o)
                                        0x764 (size before relaxing)
 .eh_frame      0x000000000002c928      0x10c obj_cooja/mtype61.a(rpl-ext-header.)
                                        0x124 (size before relaxing)
 .eh_frame      0x000000000002ca34      0x2c8 obj_cooja/mtype61.a(rpl-icmp6.o)
                                        0x2e0 (size before relaxing)
 .eh_frame      0x000000000002ccfc       0xe0 obj_cooja/mtype61.a(rpl-ltmax.o)
                                         0xf8 (size before relaxing)
 .eh_frame      0x000000000002cddc      0x20c obj_cooja/mtype61.a(rpl-timers.o)
                                        0x224 (size before relaxing)
 .eh_frame      0x000000000002cfe8      0x148 obj_cooja/mtype61.a(rpl.o)
                                        0x160 (size before relaxing)
 .eh_frame      0x000000000002d130      0x108 obj_cooja/mtype61.a(framer-802154.o)
                                        0x120 (size before relaxing)
 .eh_frame      0x000000000002d238       0xc0 obj_cooja/mtype61.a(nullmac.o)
                                         0xd8 (size before relaxing)
 .eh_frame      0x000000000002d2f8      0x2a0 obj_cooja/mtype61.a(cxmac.o)
                                        0x2b8 (size before relaxing)
 .eh_frame      0x000000000002d598       0x80 obj_cooja/mtype61.a(linkaddr.o)
                                         0x98 (size before relaxing)
 .eh_frame      0x000000000002d618      0x2ac obj_cooja/mtype61.a(nbr-table.o)
                                        0x2c4 (size before relaxing)
 .eh_frame      0x000000000002d8c4       0x20 obj_cooja/mtype61.a(netstack.o)
                                         0x38 (size before relaxing)
 .eh_frame      0x000000000002d8e4      0x214 obj_cooja/mtype61.a(packetbuf.o)
                                        0x22c (size before relaxing)
 .eh_frame      0x000000000002daf8      0x1a0 obj_cooja/mtype61.a(queuebuf.o)
                                        0x1b8 (size before relaxing)
 .eh_frame      0x000000000002dc98       0x80 obj_cooja/mtype61.a(nullsec.o)
                                         0x98 (size before relaxing)
 .eh_frame      0x000000000002dd18       0xa0 obj_cooja/mtype61.a(watchdog.o)
                                         0xb8 (size before relaxing)
 .eh_frame      0x000000000002ddb8      0x100 obj_cooja/mtype61.a(leds.o)
                                        0x118 (size before relaxing)
 .eh_frame      0x000000000002deb8       0xc4 obj_cooja/mtype61.a(stimer.o)
                                         0xdc (size before relaxing)
 .eh_frame      0x000000000002df7c       0xa0 obj_cooja/mtype61.a(memb.o)
                                         0xb8 (size before relaxing)
 .eh_frame      0x000000000002e01c      0x2a0 obj_cooja/mtype61.a(uip-ds6-route.o)
                                        0x2b8 (size before relaxing)
 .eh_frame      0x000000000002e2bc      0x164 obj_cooja/mtype61.a(uip-icmp6.o)
                                        0x17c (size before relaxing)
 .eh_frame      0x000000000002e420       0x68 obj_cooja/mtype61.a(uip-nd6.o)
                                         0x80 (size before relaxing)
 .eh_frame      0x000000000002e488       0xc0 obj_cooja/mtype61.a(rpl-nbr-policy.)
                                         0xd8 (size before relaxing)
 .eh_frame      0x000000000002e548      0x164 obj_cooja/mtype61.a(frame802154.o)
                                        0x17c (size before relaxing)
 .eh_frame      0x000000000002e6ac       0x20 obj_cooja/mtype61.a(mac.o)
                                         0x38 (size before relaxing)
 .eh_frame      0x000000000002e6cc        0x4 /usr/lib/gcc/i686-linux-gnu/4.8/crtendS.o

.gcc_except_table
 *(.gcc_except_table .gcc_except_table.*)

.exception_ranges
 *(.exception_ranges .exception_ranges*)
                0x000000000002e6d0                . = (ALIGN (0x1000) - ((0x1000 - .) & 0xfff))
                0x000000000002fef8                . = DATA_SEGMENT_ALIGN (0x1000, 0x1000)

.eh_frame
 *(.eh_frame)

.gcc_except_table
 *(.gcc_except_table .gcc_except_table.*)

.exception_ranges
 *(.exception_ranges .exception_ranges*)

.tdata
 *(.tdata .tdata.* .gnu.linkonce.td.*)

.tbss
 *(.tbss .tbss.* .gnu.linkonce.tb.*)
 *(.tcommon)

.preinit_array
 *(.preinit_array)

.init_array     0x000000000002fef8        0x4
 *(SORT(.init_array.*) SORT(.ctors.*))
 *(.init_array EXCLUDE_FILE(*crtend?.o *crtend.o *crtbegin?.o *crtbegin.o) .ctors)
 .init_array    0x000000000002fef8        0x4 /usr/lib/gcc/i686-linux-gnu/4.8/crtbeginS.o

.fini_array     0x000000000002fefc        0x4
 *(SORT(.fini_array.*) SORT(.dtors.*))
 *(.fini_array EXCLUDE_FILE(*crtend?.o *crtend.o *crtbegin?.o *crtbegin.o) .dtors)
 .fini_array    0x000000000002fefc        0x4 /usr/lib/gcc/i686-linux-gnu/4.8/crtbeginS.o

.ctors
 *crtbegin.o(.ctors)
 *crtbegin?.o(.ctors)
 *(EXCLUDE_FILE(*crtend?.o *crtend.o) .ctors)
 *(SORT(.ctors.*))
 *(.ctors)

.dtors
 *crtbegin.o(.dtors)
 *crtbegin?.o(.dtors)
 *(EXCLUDE_FILE(*crtend?.o *crtend.o) .dtors)
 *(SORT(.dtors.*))
 *(.dtors)

.jcr            0x000000000002ff00        0x4
 *(.jcr)
 .jcr           0x000000000002ff00        0x0 /usr/lib/gcc/i686-linux-gnu/4.8/crtbeginS.o
 .jcr           0x000000000002ff00        0x4 /usr/lib/gcc/i686-linux-gnu/4.8/crtendS.o

.data.rel.ro
 *(.data.rel.ro.local* .gnu.linkonce.d.rel.ro.local.*)
 *(.data.rel.ro .data.rel.ro.* .gnu.linkonce.d.rel.ro.*)

.dynamic        0x000000000002ff04       0xe8
 *(.dynamic)
 .dynamic       0x000000000002ff04       0xe8 /usr/lib/gcc/i686-linux-gnu/4.8/../../../i386-linux-gnu/crti.o
                0x000000000002ff04                _DYNAMIC

.got            0x000000000002ffec       0x14
 *(.got)
 .got           0x000000000002ffec       0x14 /usr/lib/gcc/i686-linux-gnu/4.8/../../../i386-linux-gnu/crti.o
 *(.igot)
                0x0000000000030ff4                . = DATA_SEGMENT_RELRO_END (., (SIZEOF (.got.plt) >= 0xc)?0xc:0x0)

.got.plt        0x0000000000030000       0x14
 *(.got.plt)
 .got.plt       0x0000000000030000       0x14 /usr/lib/gcc/i686-linux-gnu/4.8/../../../i386-linux-gnu/crti.o
                0x0000000000030000                _GLOBAL_OFFSET_TABLE_
 *(.igot.plt)

.data           0x0000000000030020      0x266
 *(.data .data.* .gnu.linkonce.d.*)
 .data          0x0000000000030020        0x0 /usr/lib/gcc/i686-linux-gnu/4.8/../../../i386-linux-gnu/crti.o
 .data          0x0000000000030020        0x0 /usr/lib/gcc/i686-linux-gnu/4.8/crtbeginS.o
 .data.rel      0x0000000000030020        0x4 /usr/lib/gcc/i686-linux-gnu/4.8/crtbeginS.o
                0x0000000000030020                __dso_handle
 .data          0x0000000000030024       0x10 udp-server.co
                0x0000000000030024                udp_server_process
 *fill*         0x0000000000030034        0xc 
 .data          0x0000000000030040       0x44 obj_cooja/mtype61.o
                0x0000000000030040                simInterfaces
                0x0000000000030074                sensors
 .data          0x0000000000030084        0x0 obj_cooja/mtype61.a(simEnvChange.o)
 .data          0x0000000000030084        0x0 obj_cooja/mtype61.a(cooja_mt.o)
 .data          0x0000000000030084        0x0 obj_cooja/mtype61.a(cooja_mtarch.o)
 .data          0x0000000000030084        0x0 obj_cooja/mtype61.a(rtimer-arch.o)
 .data          0x0000000000030084        0x0 obj_cooja/mtype61.a(beep.o)
 .data          0x0000000000030084        0x0 obj_cooja/mtype61.a(button-sensor.o)
 .data          0x0000000000030084        0x0 obj_cooja/mtype61.a(leds-arch.o)
 .data          0x0000000000030084        0x0 obj_cooja/mtype61.a(moteid.o)
 .data          0x0000000000030084        0x0 obj_cooja/mtype61.a(pir-sensor.o)
 .data          0x0000000000030084        0x0 obj_cooja/mtype61.a(rs232.o)
 .data          0x0000000000030084        0x0 obj_cooja/mtype61.a(vib-sensor.o)
 .data          0x0000000000030084        0x0 obj_cooja/mtype61.a(clock.o)
 .data          0x0000000000030084        0x0 obj_cooja/mtype61.a(log.o)
 .data          0x0000000000030084        0x0 obj_cooja/mtype61.a(cfs-cooja.o)
 .data          0x0000000000030084       0x40 obj_cooja/mtype61.a(cooja-radio.o)
                0x0000000000030084                simRadioChannelLR
                0x0000000000030088                simRadioHWOnLR
                0x000000000003008c                simSignalStrengthLR
                0x0000000000030090                simLastSignalStrengthLR
                0x0000000000030094                simPowerLR
                0x0000000000030098                simLQILR
                0x000000000003009c                simRadioChannel
                0x00000000000300a0                simRadioHWOn
                0x00000000000300a4                simSignalStrength
                0x00000000000300a8                simLastSignalStrength
                0x00000000000300ac                simPower
                0x00000000000300b0                simLQI
                0x00000000000300b4                cooja_radio_process
 .data          0x00000000000300c4        0x0 obj_cooja/mtype61.a(eeprom.o)
 .data          0x00000000000300c4        0x0 obj_cooja/mtype61.a(random.o)
 .data          0x00000000000300c4       0x10 obj_cooja/mtype61.a(sensors.o)
                0x00000000000300c4                sensors_process
 .data          0x00000000000300d4       0x24 obj_cooja/mtype61.a(dual_conf.o)
                0x00000000000300d4                radio_received
                0x00000000000300d8                dual_dio_broadcast
                0x00000000000300e8                dual_dis_broadcast
 .data          0x00000000000300f8        0x0 obj_cooja/mtype61.a(autostart.o)
 .data          0x00000000000300f8       0x14 obj_cooja/mtype61.a(ctimer.o)
                0x00000000000300fc                ctimer_process
 .data          0x000000000003010c       0x10 obj_cooja/mtype61.a(etimer.o)
                0x000000000003010c                etimer_process
 .data          0x000000000003011c        0x0 obj_cooja/mtype61.a(log_message.o)
 .data          0x000000000003011c        0x0 obj_cooja/mtype61.a(process.o)
 .data          0x000000000003011c        0x0 obj_cooja/mtype61.a(residual.o)
 .data          0x000000000003011c        0x0 obj_cooja/mtype61.a(rtimer.o)
 .data          0x000000000003011c        0x0 obj_cooja/mtype61.a(timer.o)
 .data          0x000000000003011c       0x10 obj_cooja/mtype61.a(serial-line.o)
                0x000000000003011c                serial_line_process
 .data          0x000000000003012c        0x0 obj_cooja/mtype61.a(list.o)
 .data          0x000000000003012c        0x0 obj_cooja/mtype61.a(ringbuf.o)
 .data          0x000000000003012c        0x0 obj_cooja/mtype61.a(sicslowpan.o)
 .data          0x000000000003012c       0x14 obj_cooja/mtype61.a(uip-ds6-nbr.o)
                0x000000000003013c                ds6_neighbors
 .data          0x0000000000030140        0x0 obj_cooja/mtype61.a(uip-ds6.o)
 .data          0x0000000000030140        0x0 obj_cooja/mtype61.a(uip6.o)
 .data          0x0000000000030140       0x10 obj_cooja/mtype61.a(tcpip.o)
                0x0000000000030140                tcpip_process
 .data          0x0000000000030150        0x0 obj_cooja/mtype61.a(uip-debug.o)
 .data          0x0000000000030150        0xc obj_cooja/mtype61.a(uip-packetqueue)
 .data          0x000000000003015c       0x28 obj_cooja/mtype61.a(rpl-dag.o)
                0x000000000003016c                rpl_parents
                0x0000000000030180                rpl_children
 .data          0x0000000000030184        0x0 obj_cooja/mtype61.a(rpl-ext-header.)
 .data          0x0000000000030184       0x34 obj_cooja/mtype61.a(rpl-icmp6.o)
 .data          0x00000000000301b8       0x1c obj_cooja/mtype61.a(rpl-ltmax.o)
                0x00000000000301b8                rpl_ltmax_of
 .data          0x00000000000301d4        0x0 obj_cooja/mtype61.a(rpl-timers.o)
 .data          0x00000000000301d4        0x0 obj_cooja/mtype61.a(rpl.o)
 .data          0x00000000000301d4        0x0 obj_cooja/mtype61.a(framer-802154.o)
 .data          0x00000000000301d4        0x0 obj_cooja/mtype61.a(nullmac.o)
 .data          0x00000000000301d4       0x20 obj_cooja/mtype61.a(cxmac.o)
                0x00000000000301d4                cxmac_config
 .data          0x00000000000301f4        0x0 obj_cooja/mtype61.a(linkaddr.o)
 .data          0x00000000000301f4       0x10 obj_cooja/mtype61.a(nbr-table.o)
 .data          0x0000000000030204        0x0 obj_cooja/mtype61.a(netstack.o)
 .data          0x0000000000030204        0x4 obj_cooja/mtype61.a(packetbuf.o)
 .data          0x0000000000030208       0x18 obj_cooja/mtype61.a(queuebuf.o)
 .data          0x0000000000030220        0x0 obj_cooja/mtype61.a(nullsec.o)
 .data          0x0000000000030220        0x0 obj_cooja/mtype61.a(watchdog.o)
 .data          0x0000000000030220        0x0 obj_cooja/mtype61.a(rimestats.o)
 .data          0x0000000000030220        0x0 obj_cooja/mtype61.a(leds.o)
 .data          0x0000000000030220        0x0 obj_cooja/mtype61.a(stimer.o)
 .data          0x0000000000030220        0x0 obj_cooja/mtype61.a(memb.o)
 .data          0x0000000000030220       0x44 obj_cooja/mtype61.a(uip-ds6-route.o)
                0x0000000000030230                nbr_routes
 .data          0x0000000000030264       0x20 obj_cooja/mtype61.a(uip-icmp6.o)
 .data          0x0000000000030284        0x0 obj_cooja/mtype61.a(uip-nd6.o)
 .data          0x0000000000030284        0x0 obj_cooja/mtype61.a(rpl-nbr-policy.)
 .data          0x0000000000030284        0x2 obj_cooja/mtype61.a(frame802154.o)
 .data          0x0000000000030286        0x0 obj_cooja/mtype61.a(mac.o)
 .data          0x0000000000030286        0x0 /usr/lib/gcc/i686-linux-gnu/4.8/crtendS.o
 .data          0x0000000000030286        0x0 /usr/lib/gcc/i686-linux-gnu/4.8/../../../i386-linux-gnu/crtn.o

.tm_clone_table
                0x0000000000030288        0x0
 .tm_clone_table
                0x0000000000030288        0x0 /usr/lib/gcc/i686-linux-gnu/4.8/crtbeginS.o
 .tm_clone_table
                0x0000000000030288        0x0 /usr/lib/gcc/i686-linux-gnu/4.8/crtendS.o

.data1
 *(.data1)
                0x0000000000030288                _edata = .
                0x0000000000030288                PROVIDE (edata, .)
                0x0000000000030288                . = .
                0x0000000000030288                __bss_start = .

.bss            0x00000000000302a0     0x88e8
 *(.dynbss)
 .dynbss        0x0000000000000000        0x0 /usr/lib/gcc/i686-linux-gnu/4.8/../../../i386-linux-gnu/crti.o
 *(.bss .bss.* .gnu.linkonce.b.*)
 .bss           0x00000000000302a0        0x0 /usr/lib/gcc/i686-linux-gnu/4.8/../../../i386-linux-gnu/crti.o
 .bss           0x00000000000302a0        0x1 /usr/lib/gcc/i686-linux-gnu/4.8/crtbeginS.o
 *fill*         0x00000000000302a1        0x3 
 .bss           0x00000000000302a4        0x8 udp-server.co
                0x00000000000302a4                my_weight
 *fill*         0x00000000000302ac       0x14 
 .bss           0x00000000000302c0     0x2030 obj_cooja/mtype61.o
 .bss           0x00000000000322f0        0x1 obj_cooja/mtype61.a(simEnvChange.o)
                0x00000000000322f0                simDontFallAsleep
 *fill*         0x00000000000322f1        0x3 
 .bss           0x00000000000322f4        0x4 obj_cooja/mtype61.a(cooja_mt.o)
 .bss           0x00000000000322f8        0x4 obj_cooja/mtype61.a(cooja_mtarch.o)
 .bss           0x00000000000322fc        0xc obj_cooja/mtype61.a(rtimer-arch.o)
 .bss           0x0000000000032308        0x0 obj_cooja/mtype61.a(beep.o)
 .bss           0x0000000000032308        0x8 obj_cooja/mtype61.a(button-sensor.o)
 .bss           0x0000000000032310        0x0 obj_cooja/mtype61.a(leds-arch.o)
 .bss           0x0000000000032310        0x0 obj_cooja/mtype61.a(moteid.o)
 .bss           0x0000000000032310        0x1 obj_cooja/mtype61.a(pir-sensor.o)
                0x0000000000032310                simPirValue
 *fill*         0x0000000000032311        0x3 
 .bss           0x0000000000032314        0x4 obj_cooja/mtype61.a(rs232.o)
 .bss           0x0000000000032318        0x1 obj_cooja/mtype61.a(vib-sensor.o)
                0x0000000000032318                simVibValue
 .bss           0x0000000000032319        0x0 obj_cooja/mtype61.a(clock.o)
 *fill*         0x0000000000032319        0x7 
 .bss           0x0000000000032320      0x420 obj_cooja/mtype61.a(log.o)
 .bss           0x0000000000032740      0xfc0 obj_cooja/mtype61.a(cfs-cooja.o)
                0x0000000000032740                simCFSData
                0x00000000000336e0                simCFSSize
                0x00000000000336e4                simCFSChanged
                0x00000000000336e8                simCFSRead
                0x00000000000336ec                simCFSWritten
 .bss           0x0000000000033700       0x24 obj_cooja/mtype61.a(cooja-radio.o)
                0x0000000000033700                simReceivingLR
                0x0000000000033704                simInSizeLR
                0x0000000000033708                simOutSizeLR
                0x000000000003370c                simReceiving
                0x0000000000033710                simInSize
                0x0000000000033714                simOutSize
                0x0000000000033718                LongRangeTransmit
                0x000000000003371c                LongRangeReceiving
 .bss           0x0000000000033724        0xc obj_cooja/mtype61.a(eeprom.o)
                0x0000000000033724                simEEPROMChanged
                0x0000000000033728                simEEPROMRead
                0x000000000003372c                simEEPROMWritten
 .bss           0x0000000000033730        0x0 obj_cooja/mtype61.a(random.o)
 .bss           0x0000000000033730        0xc obj_cooja/mtype61.a(sensors.o)
 .bss           0x000000000003373c       0x28 obj_cooja/mtype61.a(dual_conf.o)
                0x000000000003373c                long_range_radio
 .bss           0x0000000000033764        0x0 obj_cooja/mtype61.a(autostart.o)
 .bss           0x0000000000033764        0x5 obj_cooja/mtype61.a(ctimer.o)
 *fill*         0x0000000000033769        0x3 
 .bss           0x000000000003376c        0x8 obj_cooja/mtype61.a(etimer.o)
 .bss           0x0000000000033774        0x0 obj_cooja/mtype61.a(log_message.o)
 *fill*         0x0000000000033774        0xc 
 .bss           0x0000000000033780      0x1b1 obj_cooja/mtype61.a(process.o)
                0x0000000000033780                process_list
                0x0000000000033784                process_current
 .bss           0x0000000000033931        0x0 obj_cooja/mtype61.a(residual.o)
 *fill*         0x0000000000033931        0x3 
 .bss           0x0000000000033934        0x4 obj_cooja/mtype61.a(rtimer.o)
 .bss           0x0000000000033938        0x0 obj_cooja/mtype61.a(timer.o)
 *fill*         0x0000000000033938        0x8 
 .bss           0x0000000000033940      0x140 obj_cooja/mtype61.a(serial-line.o)
 .bss           0x0000000000033a80        0x0 obj_cooja/mtype61.a(list.o)
 .bss           0x0000000000033a80        0x0 obj_cooja/mtype61.a(ringbuf.o)
 .bss           0x0000000000033a80      0x70c obj_cooja/mtype61.a(sicslowpan.o)
 *fill*         0x000000000003418c       0x14 
 .bss           0x00000000000341a0      0x2d0 obj_cooja/mtype61.a(uip-ds6-nbr.o)
 .bss           0x0000000000034470       0x30 obj_cooja/mtype61.a(uip-ds6.o)
 .bss           0x00000000000344a0        0xe obj_cooja/mtype61.a(uip6.o)
                0x00000000000344a0                uip_ext_bitmap
                0x00000000000344a1                uip_ext_len
                0x00000000000344a2                uip_ext_opt_offset
 *fill*         0x00000000000344ae       0x12 
 .bss           0x00000000000344c0       0x6b obj_cooja/mtype61.a(tcpip.o)
 .bss           0x000000000003452b        0x0 obj_cooja/mtype61.a(uip-debug.o)
 *fill*         0x000000000003452b       0x15 
 .bss           0x0000000000034540      0xcf8 obj_cooja/mtype61.a(uip-packetqueue)
 *fill*         0x0000000000035238        0x8 
 .bss           0x0000000000035240      0x1fe obj_cooja/mtype61.a(rpl-dag.o)
 .bss           0x000000000003543e        0x0 obj_cooja/mtype61.a(rpl-ext-header.)
 .bss           0x000000000003543e        0x0 obj_cooja/mtype61.a(rpl-icmp6.o)
 .bss           0x000000000003543e        0x0 obj_cooja/mtype61.a(rpl-ltmax.o)
 *fill*         0x000000000003543e        0x2 
 .bss           0x0000000000035440       0x23 obj_cooja/mtype61.a(rpl-timers.o)
 *fill*         0x0000000000035463        0x1 
 .bss           0x0000000000035464        0x4 obj_cooja/mtype61.a(rpl.o)
 .bss           0x0000000000035468        0x2 obj_cooja/mtype61.a(framer-802154.o)
 .bss           0x000000000003546a        0x0 obj_cooja/mtype61.a(nullmac.o)
 *fill*         0x000000000003546a       0x16 
 .bss           0x0000000000035480       0xa0 obj_cooja/mtype61.a(cxmac.o)
 .bss           0x0000000000035520        0x0 obj_cooja/mtype61.a(linkaddr.o)
 .bss           0x0000000000035520      0x20c obj_cooja/mtype61.a(nbr-table.o)
 .bss           0x000000000003572c        0x0 obj_cooja/mtype61.a(netstack.o)
 *fill*         0x000000000003572c       0x14 
 .bss           0x0000000000035740       0xa0 obj_cooja/mtype61.a(packetbuf.o)
 .bss           0x00000000000357e0      0xb80 obj_cooja/mtype61.a(queuebuf.o)
 .bss           0x0000000000036360        0x0 obj_cooja/mtype61.a(nullsec.o)
 .bss           0x0000000000036360        0x0 obj_cooja/mtype61.a(watchdog.o)
 .bss           0x0000000000036360        0x0 obj_cooja/mtype61.a(rimestats.o)
 .bss           0x0000000000036360        0x1 obj_cooja/mtype61.a(leds.o)
 .bss           0x0000000000036361        0x0 obj_cooja/mtype61.a(stimer.o)
 .bss           0x0000000000036361        0x0 obj_cooja/mtype61.a(memb.o)
 *fill*         0x0000000000036361       0x1f 
 .bss           0x0000000000036380      0x568 obj_cooja/mtype61.a(uip-ds6-route.o)
 .bss           0x00000000000368e8       0x18 obj_cooja/mtype61.a(uip-icmp6.o)
 .bss           0x0000000000036900        0x0 obj_cooja/mtype61.a(uip-nd6.o)
 .bss           0x0000000000036900       0x44 obj_cooja/mtype61.a(rpl-nbr-policy.)
 .bss           0x0000000000036944        0x0 obj_cooja/mtype61.a(frame802154.o)
 .bss           0x0000000000036944        0x0 obj_cooja/mtype61.a(mac.o)
 .bss           0x0000000000036944        0x0 /usr/lib/gcc/i686-linux-gnu/4.8/crtendS.o
 .bss           0x0000000000036944        0x0 /usr/lib/gcc/i686-linux-gnu/4.8/../../../i386-linux-gnu/crtn.o
 *(COMMON)
 COMMON         0x0000000000036944        0x2 udp-server.co
                0x0000000000036944                my_sink_reachability
                0x0000000000036945                my_parent_number
 *fill*         0x0000000000036946        0x2 
 COMMON         0x0000000000036948       0x4c obj_cooja/mtype61.o
                0x0000000000036948                dio_count
                0x000000000003694c                dis_count
                0x0000000000036950                collision_count
                0x0000000000036954                transmission_count
                0x0000000000036958                COOJA_radioRxLong
                0x000000000003695c                control_message_count
                0x0000000000036960                dao_count
                0x0000000000036964                COOJA_radioTx
                0x0000000000036968                referenceVar
                0x000000000003696c                data_relay_count
                0x0000000000036970                data_message_count
                0x0000000000036974                COOJA_radioTxLong
                0x0000000000036978                COOJA_radioRx
                0x000000000003697c                debugfp
                0x0000000000036980                COOJA_radioOn
                0x0000000000036984                COOJA_duration
                0x0000000000036988                dio_ack_count
                0x000000000003698c                COOJA_radioOnLong
                0x0000000000036990                sensors_flags
 COMMON         0x0000000000036994        0xc obj_cooja/mtype61.a(simEnvChange.o)
                0x0000000000036994                simEtimerPending
                0x0000000000036998                simProcessRunValue
                0x000000000003699c                simNextExpirationTime
 COMMON         0x00000000000369a0        0x1 obj_cooja/mtype61.a(beep.o)
                0x00000000000369a0                simBeeped
 COMMON         0x00000000000369a1        0x3 obj_cooja/mtype61.a(button-sensor.o)
                0x00000000000369a1                simButtonIsActive
                0x00000000000369a2                simButtonIsDown
                0x00000000000369a3                simButtonChanged
 COMMON         0x00000000000369a4        0x1 obj_cooja/mtype61.a(leds-arch.o)
                0x00000000000369a4                simLedsValue
 *fill*         0x00000000000369a5        0x3 
 COMMON         0x00000000000369a8        0xc obj_cooja/mtype61.a(moteid.o)
                0x00000000000369a8                simRandomSeed
                0x00000000000369ac                simMoteIDChanged
                0x00000000000369b0                simMoteID
 COMMON         0x00000000000369b4        0x2 obj_cooja/mtype61.a(pir-sensor.o)
                0x00000000000369b4                simPirIsActive
                0x00000000000369b5                simPirChanged
 *fill*         0x00000000000369b6        0xa 
 COMMON         0x00000000000369c0      0x820 obj_cooja/mtype61.a(rs232.o)
                0x00000000000369c0                simSerialReceivingFlag
                0x00000000000369c4                simSerialReceivingLength
                0x00000000000369e0                simSerialReceivingData
 COMMON         0x00000000000371e0        0x2 obj_cooja/mtype61.a(vib-sensor.o)
                0x00000000000371e0                simVibChanged
                0x00000000000371e1                simVibIsActive
 *fill*         0x00000000000371e2        0x2 
 COMMON         0x00000000000371e4        0x4 obj_cooja/mtype61.a(clock.o)
                0x00000000000371e4                simCurrentTime
 *fill*         0x00000000000371e8       0x18 
 COMMON         0x0000000000037200      0x420 obj_cooja/mtype61.a(log.o)
                0x0000000000037200                simLoggedLength
                0x0000000000037204                simLoggedFlag
                0x0000000000037220                simLoggedData
 COMMON         0x0000000000037620      0x240 obj_cooja/mtype61.a(cooja-radio.o)
                0x0000000000037620                simOutDataBuffer
                0x00000000000376a0                simRadioTarget
                0x00000000000376c0                simInDataBufferLR
                0x0000000000037740                simOutDataBufferLR
                0x00000000000377c0                dual_duty_cycle_count
                0x00000000000377e0                simInDataBuffer
 COMMON         0x0000000000037860      0x400 obj_cooja/mtype61.a(eeprom.o)
                0x0000000000037860                simEEPROMData
 COMMON         0x0000000000037c60        0x1 obj_cooja/mtype61.a(sensors.o)
                0x0000000000037c60                sensors_event
 *fill*         0x0000000000037c61        0x3 
 COMMON         0x0000000000037c64        0x4 obj_cooja/mtype61.a(log_message.o)
                0x0000000000037c64                log_fp
 COMMON         0x0000000000037c68        0x1 obj_cooja/mtype61.a(serial-line.o)
                0x0000000000037c68                serial_line_event_message
 *fill*         0x0000000000037c69       0x17 
 COMMON         0x0000000000037c80      0x12c obj_cooja/mtype61.a(uip-ds6-nbr.o)
                0x0000000000037c80                ds6_lr_addrmap
 *fill*         0x0000000000037dac       0x14 
 COMMON         0x0000000000037dc0      0x298 obj_cooja/mtype61.a(uip-ds6.o)
                0x0000000000037dc0                uip_ds6_prefix_list
                0x0000000000037e20                uip_ds6_timer_periodic
                0x0000000000037e30                uip_ds6_netif_addr_list_offset
                0x0000000000037e40                uip_ds6_if
                0x0000000000037f38                uip_ds6_timer_ra
                0x0000000000037f40                uip_ds6_addr_size
                0x0000000000037f60                long_uip_ds6_if
 *fill*         0x0000000000038058        0x8 
 COMMON         0x0000000000038060      0x8ec obj_cooja/mtype61.a(uip6.o)
                0x0000000000038060                uip_slen
                0x0000000000038062                uip_acc32
                0x0000000000038080                uip_conns
                0x0000000000038140                uip_lladdr
                0x0000000000038148                uip_appdata
                0x000000000003814c                uip_flags
                0x0000000000038160                uip_aligned_buf
                0x00000000000387a0                uip_listenports
                0x00000000000387b0                uip_len
                0x00000000000387b2                uip_long_lladdr
                0x00000000000387bc                uip_sappdata
                0x00000000000387c0                uip_udp_conns
                0x0000000000038940                uip_udp_conn
                0x0000000000038944                uip_next_hdr
                0x0000000000038948                uip_conn
 COMMON         0x000000000003894c        0x1 obj_cooja/mtype61.a(tcpip.o)
                0x000000000003894c                tcpip_event
 *fill*         0x000000000003894d       0x13 
 COMMON         0x0000000000038960      0x198 obj_cooja/mtype61.a(rpl-dag.o)
                0x0000000000038960                default_instance
                0x0000000000038980                instance_table
 COMMON         0x0000000000038af8       0x10 obj_cooja/mtype61.a(linkaddr.o)
                0x0000000000038af8                linkaddr_node_addr
                0x0000000000038b00                long_linkaddr_node_addr
 COMMON         0x0000000000038b08       0x2e obj_cooja/mtype61.a(packetbuf.o)
                0x0000000000038b08                packetbuf_attrs
                0x0000000000038b26                packetbuf_addrs
 *fill*         0x0000000000038b36        0xa 
 COMMON         0x0000000000038b40       0x48 obj_cooja/mtype61.a(rimestats.o)
                0x0000000000038b40                rimestats
                0x0000000000038b88                . = ALIGN ((. != 0x0)?0x4:0x1)
                0x0000000000038b88                . = ALIGN (0x4)
                0x0000000000038b88                . = SEGMENT_START ("ldata-segment", .)
                0x0000000000038b88                . = ALIGN (0x4)
                0x0000000000038b88                _end = .
                0x0000000000038b88                PROVIDE (end, .)
                0x0000000000038b88                . = DATA_SEGMENT_END (.)

.stab
 *(.stab)

.stabstr
 *(.stabstr)

.stab.excl
 *(.stab.excl)

.stab.exclstr
 *(.stab.exclstr)

.stab.index
 *(.stab.index)

.stab.indexstr
 *(.stab.indexstr)

.comment        0x0000000000000000       0x54
 *(.comment)
 .comment       0x0000000000000000       0x29 /usr/lib/gcc/i686-linux-gnu/4.8/crtbeginS.o
                                         0x2a (size before relaxing)
 .comment       0x0000000000000000       0x2a udp-server.co
 .comment       0x0000000000000000       0x2a obj_cooja/mtype61.o
 .comment       0x0000000000000000       0x2a obj_cooja/mtype61.a(simEnvChange.o)
 .comment       0x0000000000000000       0x2a obj_cooja/mtype61.a(cooja_mt.o)
 .comment       0x0000000000000000       0x2a obj_cooja/mtype61.a(cooja_mtarch.o)
 .comment       0x0000000000000000       0x2a obj_cooja/mtype61.a(rtimer-arch.o)
 .comment       0x0000000000000000       0x2a obj_cooja/mtype61.a(beep.o)
 .comment       0x0000000000000000       0x2a obj_cooja/mtype61.a(button-sensor.o)
 .comment       0x0000000000000000       0x2a obj_cooja/mtype61.a(leds-arch.o)
 .comment       0x0000000000000000       0x2a obj_cooja/mtype61.a(moteid.o)
 .comment       0x0000000000000000       0x2a obj_cooja/mtype61.a(pir-sensor.o)
 .comment       0x0000000000000000       0x2a obj_cooja/mtype61.a(rs232.o)
 .comment       0x0000000000000000       0x2a obj_cooja/mtype61.a(vib-sensor.o)
 .comment       0x0000000000000000       0x2a obj_cooja/mtype61.a(clock.o)
 .comment       0x0000000000000000       0x2a obj_cooja/mtype61.a(log.o)
 .comment       0x0000000000000000       0x2a obj_cooja/mtype61.a(cfs-cooja.o)
 .comment       0x0000000000000000       0x2a obj_cooja/mtype61.a(cooja-radio.o)
 .comment       0x0000000000000000       0x2a obj_cooja/mtype61.a(eeprom.o)
 .comment       0x0000000000000000       0x2a obj_cooja/mtype61.a(random.o)
 .comment       0x0000000000000000       0x2a obj_cooja/mtype61.a(sensors.o)
 .comment       0x0000000000000000       0x2a obj_cooja/mtype61.a(dual_conf.o)
 .comment       0x0000000000000000       0x2a obj_cooja/mtype61.a(autostart.o)
 .comment       0x0000000000000000       0x2a obj_cooja/mtype61.a(ctimer.o)
 .comment       0x0000000000000000       0x2a obj_cooja/mtype61.a(etimer.o)
 .comment       0x0000000000000000       0x2a obj_cooja/mtype61.a(log_message.o)
 .comment       0x0000000000000000       0x2a obj_cooja/mtype61.a(process.o)
 .comment       0x0000000000000000       0x2a obj_cooja/mtype61.a(residual.o)
 .comment       0x0000000000000000       0x2a obj_cooja/mtype61.a(rtimer.o)
 .comment       0x0000000000000000       0x2a obj_cooja/mtype61.a(timer.o)
 .comment       0x0000000000000000       0x2a obj_cooja/mtype61.a(serial-line.o)
 .comment       0x0000000000000029       0x2b obj_cooja/mtype61.a(list.o)
                                         0x2c (size before relaxing)
 .comment       0x0000000000000000       0x2a obj_cooja/mtype61.a(ringbuf.o)
 .comment       0x0000000000000000       0x2a obj_cooja/mtype61.a(sicslowpan.o)
 .comment       0x0000000000000000       0x2a obj_cooja/mtype61.a(uip-ds6-nbr.o)
 .comment       0x0000000000000000       0x2a obj_cooja/mtype61.a(uip-ds6.o)
 .comment       0x0000000000000000       0x2a obj_cooja/mtype61.a(uip6.o)
 .comment       0x0000000000000000       0x2a obj_cooja/mtype61.a(tcpip.o)
 .comment       0x0000000000000000       0x2a obj_cooja/mtype61.a(uip-debug.o)
 .comment       0x0000000000000000       0x2a obj_cooja/mtype61.a(uip-packetqueue)
 .comment       0x0000000000000000       0x2a obj_cooja/mtype61.a(rpl-dag.o)
 .comment       0x0000000000000000       0x2a obj_cooja/mtype61.a(rpl-ext-header.)
 .comment       0x0000000000000000       0x2a obj_cooja/mtype61.a(rpl-icmp6.o)
 .comment       0x0000000000000000       0x2a obj_cooja/mtype61.a(rpl-ltmax.o)
 .comment       0x0000000000000000       0x2a obj_cooja/mtype61.a(rpl-timers.o)
 .comment       0x0000000000000000       0x2a obj_cooja/mtype61.a(rpl.o)
 .comment       0x0000000000000000       0x2a obj_cooja/mtype61.a(framer-802154.o)
 .comment       0x0000000000000000       0x2a obj_cooja/mtype61.a(nullmac.o)
 .comment       0x0000000000000000       0x2a obj_cooja/mtype61.a(cxmac.o)
 .comment       0x0000000000000000       0x2a obj_cooja/mtype61.a(linkaddr.o)
 .comment       0x0000000000000000       0x2a obj_cooja/mtype61.a(nbr-table.o)
 .comment       0x0000000000000000       0x2a obj_cooja/mtype61.a(netstack.o)
 .comment       0x0000000000000000       0x2a obj_cooja/mtype61.a(packetbuf.o)
 .comment       0x0000000000000000       0x2a obj_cooja/mtype61.a(queuebuf.o)
 .comment       0x0000000000000000       0x2a obj_cooja/mtype61.a(nullsec.o)
 .comment       0x0000000000000000       0x2a obj_cooja/mtype61.a(watchdog.o)
 .comment       0x0000000000000000       0x2c obj_cooja/mtype61.a(rimestats.o)
 .comment       0x0000000000000000       0x2a obj_cooja/mtype61.a(leds.o)
 .comment       0x0000000000000000       0x2a obj_cooja/mtype61.a(stimer.o)
 .comment       0x0000000000000000       0x2a obj_cooja/mtype61.a(memb.o)
 .comment       0x0000000000000000       0x2a obj_cooja/mtype61.a(uip-ds6-route.o)
 .comment       0x0000000000000000       0x2a obj_cooja/mtype61.a(uip-icmp6.o)
 .comment       0x0000000000000000       0x2a obj_cooja/mtype61.a(uip-nd6.o)
 .comment       0x0000000000000000       0x2a obj_cooja/mtype61.a(rpl-nbr-policy.)
 .comment       0x0000000000000000       0x2a obj_cooja/mtype61.a(frame802154.o)
 .comment       0x0000000000000000       0x2a obj_cooja/mtype61.a(mac.o)
 .comment       0x0000000000000000       0x2a /usr/lib/gcc/i686-linux-gnu/4.8/crtendS.o

.debug
 *(.debug)

.line
 *(.line)

.debug_srcinfo
 *(.debug_srcinfo)

.debug_sfnames
 *(.debug_sfnames)

.debug_aranges  0x0000000000000000      0x818
 *(.debug_aranges)
 .debug_aranges
                0x0000000000000000       0x20 udp-server.co
 .debug_aranges
                0x0000000000000020       0x20 obj_cooja/mtype61.o
 .debug_aranges
                0x0000000000000040       0x20 obj_cooja/mtype61.a(simEnvChange.o)
 .debug_aranges
                0x0000000000000060       0x20 obj_cooja/mtype61.a(cooja_mt.o)
 .debug_aranges
                0x0000000000000080       0x20 obj_cooja/mtype61.a(cooja_mtarch.o)
 .debug_aranges
                0x00000000000000a0       0x20 obj_cooja/mtype61.a(rtimer-arch.o)
 .debug_aranges
                0x00000000000000c0       0x20 obj_cooja/mtype61.a(beep.o)
 .debug_aranges
                0x00000000000000e0       0x20 obj_cooja/mtype61.a(button-sensor.o)
 .debug_aranges
                0x0000000000000100       0x20 obj_cooja/mtype61.a(leds-arch.o)
 .debug_aranges
                0x0000000000000120       0x20 obj_cooja/mtype61.a(moteid.o)
 .debug_aranges
                0x0000000000000140       0x20 obj_cooja/mtype61.a(pir-sensor.o)
 .debug_aranges
                0x0000000000000160       0x20 obj_cooja/mtype61.a(rs232.o)
 .debug_aranges
                0x0000000000000180       0x20 obj_cooja/mtype61.a(vib-sensor.o)
 .debug_aranges
                0x00000000000001a0       0x20 obj_cooja/mtype61.a(clock.o)
 .debug_aranges
                0x00000000000001c0       0x20 obj_cooja/mtype61.a(log.o)
 .debug_aranges
                0x00000000000001e0       0x20 obj_cooja/mtype61.a(cfs-cooja.o)
 .debug_aranges
                0x0000000000000200       0x20 obj_cooja/mtype61.a(cooja-radio.o)
 .debug_aranges
                0x0000000000000220       0x20 obj_cooja/mtype61.a(eeprom.o)
 .debug_aranges
                0x0000000000000240       0x20 obj_cooja/mtype61.a(random.o)
 .debug_aranges
                0x0000000000000260       0x20 obj_cooja/mtype61.a(sensors.o)
 .debug_aranges
                0x0000000000000280       0x20 obj_cooja/mtype61.a(dual_conf.o)
 .debug_aranges
                0x00000000000002a0       0x20 obj_cooja/mtype61.a(autostart.o)
 .debug_aranges
                0x00000000000002c0       0x20 obj_cooja/mtype61.a(ctimer.o)
 .debug_aranges
                0x00000000000002e0       0x20 obj_cooja/mtype61.a(etimer.o)
 .debug_aranges
                0x0000000000000300       0x20 obj_cooja/mtype61.a(log_message.o)
 .debug_aranges
                0x0000000000000320       0x20 obj_cooja/mtype61.a(process.o)
 .debug_aranges
                0x0000000000000340       0x20 obj_cooja/mtype61.a(residual.o)
 .debug_aranges
                0x0000000000000360       0x20 obj_cooja/mtype61.a(rtimer.o)
 .debug_aranges
                0x0000000000000380       0x20 obj_cooja/mtype61.a(timer.o)
 .debug_aranges
                0x00000000000003a0       0x20 obj_cooja/mtype61.a(serial-line.o)
 .debug_aranges
                0x00000000000003c0       0x20 obj_cooja/mtype61.a(list.o)
 .debug_aranges
                0x00000000000003e0       0x20 obj_cooja/mtype61.a(ringbuf.o)
 .debug_aranges
                0x0000000000000400       0x20 obj_cooja/mtype61.a(sicslowpan.o)
 .debug_aranges
                0x0000000000000420       0x20 obj_cooja/mtype61.a(uip-ds6-nbr.o)
 .debug_aranges
                0x0000000000000440       0x20 obj_cooja/mtype61.a(uip-ds6.o)
 .debug_aranges
                0x0000000000000460       0x20 obj_cooja/mtype61.a(uip6.o)
 .debug_aranges
                0x0000000000000480       0x20 obj_cooja/mtype61.a(tcpip.o)
 .debug_aranges
                0x00000000000004a0       0x20 obj_cooja/mtype61.a(uip-debug.o)
 .debug_aranges
                0x00000000000004c0       0x20 obj_cooja/mtype61.a(uip-packetqueue)
 .debug_aranges
                0x00000000000004e0       0x20 obj_cooja/mtype61.a(rpl-dag.o)
 .debug_aranges
                0x0000000000000500       0x20 obj_cooja/mtype61.a(rpl-ext-header.)
 .debug_aranges
                0x0000000000000520       0x20 obj_cooja/mtype61.a(rpl-icmp6.o)
 .debug_aranges
                0x0000000000000540       0x20 obj_cooja/mtype61.a(rpl-ltmax.o)
 .debug_aranges
                0x0000000000000560       0x20 obj_cooja/mtype61.a(rpl-timers.o)
 .debug_aranges
                0x0000000000000580       0x20 obj_cooja/mtype61.a(rpl.o)
 .debug_aranges
                0x00000000000005a0       0x20 obj_cooja/mtype61.a(framer-802154.o)
 .debug_aranges
                0x00000000000005c0       0x20 obj_cooja/mtype61.a(nullmac.o)
 .debug_aranges
                0x00000000000005e0       0x20 obj_cooja/mtype61.a(cxmac.o)
 .debug_aranges
                0x0000000000000600       0x20 obj_cooja/mtype61.a(linkaddr.o)
 .debug_aranges
                0x0000000000000620       0x20 obj_cooja/mtype61.a(nbr-table.o)
 .debug_aranges
                0x0000000000000640       0x20 obj_cooja/mtype61.a(netstack.o)
 .debug_aranges
                0x0000000000000660       0x20 obj_cooja/mtype61.a(packetbuf.o)
 .debug_aranges
                0x0000000000000680       0x20 obj_cooja/mtype61.a(queuebuf.o)
 .debug_aranges
                0x00000000000006a0       0x20 obj_cooja/mtype61.a(nullsec.o)
 .debug_aranges
                0x00000000000006c0       0x20 obj_cooja/mtype61.a(watchdog.o)
 .debug_aranges
                0x00000000000006e0       0x18 obj_cooja/mtype61.a(rimestats.o)
 .debug_aranges
                0x00000000000006f8       0x20 obj_cooja/mtype61.a(leds.o)
 .debug_aranges
                0x0000000000000718       0x20 obj_cooja/mtype61.a(stimer.o)
 .debug_aranges
                0x0000000000000738       0x20 obj_cooja/mtype61.a(memb.o)
 .debug_aranges
                0x0000000000000758       0x20 obj_cooja/mtype61.a(uip-ds6-route.o)
 .debug_aranges
                0x0000000000000778       0x20 obj_cooja/mtype61.a(uip-icmp6.o)
 .debug_aranges
                0x0000000000000798       0x20 obj_cooja/mtype61.a(uip-nd6.o)
 .debug_aranges
                0x00000000000007b8       0x20 obj_cooja/mtype61.a(rpl-nbr-policy.)
 .debug_aranges
                0x00000000000007d8       0x20 obj_cooja/mtype61.a(frame802154.o)
 .debug_aranges
                0x00000000000007f8       0x20 obj_cooja/mtype61.a(mac.o)

.debug_pubnames
 *(.debug_pubnames)

.debug_info     0x0000000000000000    0x1cbd8
 *(.debug_info .gnu.linkonce.wi.*)
 .debug_info    0x0000000000000000      0xe4b udp-server.co
 .debug_info    0x0000000000000e4b     0x3ac4 obj_cooja/mtype61.o
 .debug_info    0x000000000000490f      0x15a obj_cooja/mtype61.a(simEnvChange.o)
 .debug_info    0x0000000000004a69      0x1e2 obj_cooja/mtype61.a(cooja_mt.o)
 .debug_info    0x0000000000004c4b      0x2e7 obj_cooja/mtype61.a(cooja_mtarch.o)
 .debug_info    0x0000000000004f32      0x16b obj_cooja/mtype61.a(rtimer-arch.o)
 .debug_info    0x000000000000509d      0x1f3 obj_cooja/mtype61.a(beep.o)
 .debug_info    0x0000000000005290      0x257 obj_cooja/mtype61.a(button-sensor.o)
 .debug_info    0x00000000000054e7      0x132 obj_cooja/mtype61.a(leds-arch.o)
 .debug_info    0x0000000000005619      0x10a obj_cooja/mtype61.a(moteid.o)
 .debug_info    0x0000000000005723      0x216 obj_cooja/mtype61.a(pir-sensor.o)
 .debug_info    0x0000000000005939      0x21e obj_cooja/mtype61.a(rs232.o)
 .debug_info    0x0000000000005b57      0x216 obj_cooja/mtype61.a(vib-sensor.o)
 .debug_info    0x0000000000005d6d      0x152 obj_cooja/mtype61.a(clock.o)
 .debug_info    0x0000000000005ebf      0x2bb obj_cooja/mtype61.a(log.o)
 .debug_info    0x000000000000617a      0x3cf obj_cooja/mtype61.a(cfs-cooja.o)
 .debug_info    0x0000000000006549      0xd30 obj_cooja/mtype61.a(cooja-radio.o)
 .debug_info    0x0000000000007279      0x1d5 obj_cooja/mtype61.a(eeprom.o)
 .debug_info    0x000000000000744e       0xb3 obj_cooja/mtype61.a(random.o)
 .debug_info    0x0000000000007501      0x36d obj_cooja/mtype61.a(sensors.o)
 .debug_info    0x000000000000786e      0xc68 obj_cooja/mtype61.a(dual_conf.o)
 .debug_info    0x00000000000084d6      0x1a5 obj_cooja/mtype61.a(autostart.o)
 .debug_info    0x000000000000867b      0x46c obj_cooja/mtype61.a(ctimer.o)
 .debug_info    0x0000000000008ae7      0x49c obj_cooja/mtype61.a(etimer.o)
 .debug_info    0x0000000000008f83      0x3d2 obj_cooja/mtype61.a(log_message.o)
 .debug_info    0x0000000000009355      0x4ba obj_cooja/mtype61.a(process.o)
 .debug_info    0x000000000000980f      0x164 obj_cooja/mtype61.a(residual.o)
 .debug_info    0x0000000000009973      0x1ab obj_cooja/mtype61.a(rtimer.o)
 .debug_info    0x0000000000009b1e      0x16c obj_cooja/mtype61.a(timer.o)