Archive member included to satisfy reference by file (symbol)

obj_cooja/mtype534.a(simEnvChange.o)
                              obj_cooja/mtype534.o (simDontFallAsleep)
obj_cooja/mtype534.a(cooja_mt.o)
                              obj_cooja/mtype534.o (cooja_mt_start)
obj_cooja/mtype534.a(cooja_mtarch.o)
                              obj_cooja/mtype534.a(cooja_mt.o) (cooja_mtarch_init)
obj_cooja/mtype534.a(rtimer-arch.o)
                              obj_cooja/mtype534.o (rtimer_arch_next)
obj_cooja/mtype534.a(beep.o)  obj_cooja/mtype534.o (beep_interface)
obj_cooja/mtype534.a(button-sensor.o)
                              obj_cooja/mtype534.o (button_interface)
obj_cooja/mtype534.a(leds-arch.o)
                              obj_cooja/mtype534.o (leds_interface)
obj_cooja/mtype534.a(moteid.o)
                              obj_cooja/mtype534.o (moteid_interface)
obj_cooja/mtype534.a(pir-sensor.o)
                              obj_cooja/mtype534.o (pir_interface)
obj_cooja/mtype534.a(rs232.o)
                              obj_cooja/mtype534.o (rs232_interface)
obj_cooja/mtype534.a(vib-sensor.o)
                              obj_cooja/mtype534.o (vib_interface)
obj_cooja/mtype534.a(clock.o)
                              obj_cooja/mtype534.o (clock_interface)
obj_cooja/mtype534.a(log.o)   obj_cooja/mtype534.o (simlog_interface)
obj_cooja/mtype534.a(cfs-cooja.o)
                              obj_cooja/mtype534.o (cfs_interface)
obj_cooja/mtype534.a(cooja-radio.o)
                              obj_cooja/mtype534.o (radio_interface)
obj_cooja/mtype534.a(eeprom.o)
                              obj_cooja/mtype534.o (eeprom_interface)
obj_cooja/mtype534.a(random.o)
                              obj_cooja/mtype534.a(moteid.o) (random_init)
obj_cooja/mtype534.a(sensors.o)
                              obj_cooja/mtype534.o (sensors_process)
obj_cooja/mtype534.a(leds.o)  obj_cooja/mtype534.a(cooja-radio.o) (leds_on)
obj_cooja/mtype534.a(dual_conf.o)
                              obj_cooja/mtype534.a(cooja-radio.o) (long_range_radio)
obj_cooja/mtype534.a(autostart.o)
                              obj_cooja/mtype534.o (autostart_start)
obj_cooja/mtype534.a(ctimer.o)
                              obj_cooja/mtype534.o (ctimer_init)
obj_cooja/mtype534.a(etimer.o)
                              obj_cooja/mtype534.o (etimer_process)
obj_cooja/mtype534.a(log_message.o)
                              obj_cooja/mtype534.o (log_initialization)
obj_cooja/mtype534.a(process.o)
                              udp-client.co (process_current)
obj_cooja/mtype534.a(residual.o)
                              udp-client.co (get_residual_energy)
obj_cooja/mtype534.a(rtimer.o)
                              obj_cooja/mtype534.a(rtimer-arch.o) (rtimer_run_next)
obj_cooja/mtype534.a(stimer.o)
                              udp-client.co (stimer_remaining)
obj_cooja/mtype534.a(timer.o)
                              obj_cooja/mtype534.a(button-sensor.o) (timer_set)
obj_cooja/mtype534.a(serial-line.o)
                              udp-client.co (serial_line_event_message)
obj_cooja/mtype534.a(list.o)  obj_cooja/mtype534.a(ctimer.o) (list_init)
obj_cooja/mtype534.a(ringbuf.o)
                              obj_cooja/mtype534.a(serial-line.o) (ringbuf_init)
obj_cooja/mtype534.a(sicslowpan.o)
                              obj_cooja/mtype534.o (sicslowpan_driver)
obj_cooja/mtype534.a(uip-ds6-nbr.o)
                              obj_cooja/mtype534.a(sicslowpan.o) (uip_ds6_link_neighbor_callback)
obj_cooja/mtype534.a(uip-ds6-route.o)
                              udp-client.co (uip_ds6_route_nexthop)
obj_cooja/mtype534.a(uip-ds6.o)
                              udp-client.co (uip_ds6_if)
obj_cooja/mtype534.a(uip6.o)  udp-client.co (uip_lladdr)
obj_cooja/mtype534.a(tcpip.o)
                              udp-client.co (tcpip_event)
obj_cooja/mtype534.a(uip-debug.o)
                              udp-client.co (uip_debug_ipaddr_print)
obj_cooja/mtype534.a(uip-packetqueue)
                              obj_cooja/mtype534.a(uip-ds6-nbr.o) (uip_packetqueue_new)
obj_cooja/mtype534.a(uip-udp-packet.)
                              udp-client.co (uip_udp_packet_sendto)
obj_cooja/mtype534.a(rpl-dag.o)
                              obj_cooja/mtype534.a(tcpip.o) (rpl_repair_root)
obj_cooja/mtype534.a(rpl-ext-header.)
                              obj_cooja/mtype534.a(uip6.o) (rpl_verify_header)
obj_cooja/mtype534.a(rpl-icmp6.o)
                              obj_cooja/mtype534.a(rpl-dag.o) (rpl_icmp6_update_nbr_table)
obj_cooja/mtype534.a(rpl-ltmax.o)
                              obj_cooja/mtype534.a(rpl-dag.o) (rpl_ltmax_of)
obj_cooja/mtype534.a(rpl-timers.o)
                              obj_cooja/mtype534.a(rpl-icmp6.o) (rpl_LSA_convergence_timer)
obj_cooja/mtype534.a(rpl.o)   obj_cooja/mtype534.a(rpl-icmp6.o) (rpl_get_mode)
obj_cooja/mtype534.a(csma.o)  obj_cooja/mtype534.o (csma_driver)
obj_cooja/mtype534.a(framer-802154.o)
[...]
Memory Configuration

Name             Origin             Length             Attributes
*default*        0x0000000000000000 0xffffffffffffffff

Linker script and memory map

LOAD /usr/lib/gcc/i686-linux-gnu/4.8/../../../i386-linux-gnu/crti.o
LOAD /usr/lib/gcc/i686-linux-gnu/4.8/crtbeginS.o
LOAD udp-client.co
LOAD obj_cooja/mtype534.o
LOAD obj_cooja/mtype534.a
LOAD /usr/lib/gcc/i686-linux-gnu/4.8/libgcc.a
LOAD /usr/lib/gcc/i686-linux-gnu/4.8/libgcc_s.so
LOAD /usr/lib/gcc/i686-linux-gnu/4.8/../../../i386-linux-gnu/libc.so
START GROUP
LOAD /lib/i386-linux-gnu/libc.so.6
LOAD /usr/lib/i386-linux-gnu/libc_nonshared.a
LOAD /lib/i386-linux-gnu/ld-linux.so.2
END GROUP
LOAD /usr/lib/gcc/i686-linux-gnu/4.8/libgcc.a
LOAD /usr/lib/gcc/i686-linux-gnu/4.8/libgcc_s.so
LOAD /usr/lib/gcc/i686-linux-gnu/4.8/crtendS.o
LOAD /usr/lib/gcc/i686-linux-gnu/4.8/../../../i386-linux-gnu/crtn.o
                0x0000000000000114                . = (0x0 + SIZEOF_HEADERS)

.note.gnu.build-id
                0x0000000000000114       0x24
 *(.note.gnu.build-id)
 .note.gnu.build-id
                0x0000000000000114       0x24 /usr/lib/gcc/i686-linux-gnu/4.8/../../../i386-linux-gnu/crti.o

.hash
 *(.hash)

.gnu.hash       0x0000000000000138     0x13b4
 *(.gnu.hash)
 .gnu.hash      0x0000000000000138     0x13b4 /usr/lib/gcc/i686-linux-gnu/4.8/../../../i386-linux-gnu/crti.o

.dynsym         0x00000000000014ec     0x2730
 *(.dynsym)
 .dynsym        0x00000000000014ec     0x2730 /usr/lib/gcc/i686-linux-gnu/4.8/../../../i386-linux-gnu/crti.o

.dynstr         0x0000000000003c1c     0x2849
 *(.dynstr)
 .dynstr        0x0000000000003c1c     0x2849 /usr/lib/gcc/i686-linux-gnu/4.8/../../../i386-linux-gnu/crti.o

.gnu.version    0x0000000000006466      0x4e6
 *(.gnu.version)
 .gnu.version   0x0000000000006466      0x4e6 /usr/lib/gcc/i686-linux-gnu/4.8/../../../i386-linux-gnu/crti.o

.gnu.version_d  0x000000000000694c        0x0
 *(.gnu.version_d)
 .gnu.version_d
                0x0000000000000000        0x0 /usr/lib/gcc/i686-linux-gnu/4.8/../../../i386-linux-gnu/crti.o

.gnu.version_r  0x000000000000694c       0x50
 *(.gnu.version_r)
 .gnu.version_r
                0x000000000000694c       0x50 /usr/lib/gcc/i686-linux-gnu/4.8/../../../i386-linux-gnu/crti.o

.rel.dyn        0x000000000000699c     0xa1a8
 *(.rel.init)
 .rel.init      0x0000000000000000        0x0 /usr/lib/gcc/i686-linux-gnu/4.8/../../../i386-linux-gnu/crti.o
 *(.rel.text .rel.text.* .rel.gnu.linkonce.t.*)
 .rel.text      0x000000000000699c     0x99b8 /usr/lib/gcc/i686-linux-gnu/4.8/../../../i386-linux-gnu/crti.o
 *(.rel.fini)
 .rel.fini      0x0000000000000000        0x0 /usr/lib/gcc/i686-linux-gnu/4.8/../../../i386-linux-gnu/crti.o
 *(.rel.rodata .rel.rodata.* .rel.gnu.linkonce.r.*)
 .rel.rodata    0x0000000000010354      0x4e0 /usr/lib/gcc/i686-linux-gnu/4.8/../../../i386-linux-gnu/crti.o
 *(.rel.data.rel.ro .rel.data.rel.ro.* .rel.gnu.linkonce.d.rel.ro.*)
 *(.rel.data .rel.data.* .rel.gnu.linkonce.d.*)
 .rel.data.rel  0x0000000000010834        0x8 /usr/lib/gcc/i686-linux-gnu/4.8/../../../i386-linux-gnu/crti.o
 .rel.data      0x000000000001083c      0x2d0 /usr/lib/gcc/i686-linux-gnu/4.8/../../../i386-linux-gnu/crti.o
 *(.rel.tdata .rel.tdata.* .rel.gnu.linkonce.td.*)
 *(.rel.tbss .rel.tbss.* .rel.gnu.linkonce.tb.*)
 *(.rel.ctors)
 *(.rel.dtors)
 *(.rel.got)
 .rel.got       0x0000000000010b0c       0x28 /usr/lib/gcc/i686-linux-gnu/4.8/../../../i386-linux-gnu/crti.o
 *(.rel.bss .rel.bss.* .rel.gnu.linkonce.b.*)
 *(.rel.ifunc)
 .rel.ifunc     0x0000000000000000        0x0 /usr/lib/gcc/i686-linux-gnu/4.8/../../../i386-linux-gnu/crti.o
 .rel.fini_array
                0x0000000000010b34        0x8 /usr/lib/gcc/i686-linux-gnu/4.8/../../../i386-linux-gnu/crti.o
 .rel.init_array
                0x0000000000010b3c        0x8 /usr/lib/gcc/i686-linux-gnu/4.8/../../../i386-linux-gnu/crti.o

.rel.plt        0x0000000000010b44       0x10
 *(.rel.plt)
 .rel.plt       0x0000000000010b44       0x10 /usr/lib/gcc/i686-linux-gnu/4.8/../../../i386-linux-gnu/crti.o
 *(.rel.iplt)

.init           0x0000000000010b54       0x23
 *(SORT(.init))
 .init          0x0000000000010b54       0x1e /usr/lib/gcc/i686-linux-gnu/4.8/../../../i386-linux-gnu/crti.o
                0x0000000000010b54                _init
 .init          0x0000000000010b72        0x5 /usr/lib/gcc/i686-linux-gnu/4.8/../../../i386-linux-gnu/crtn.o

.plt            0x0000000000010b80       0x30
 *(.plt)
 .plt           0x0000000000010b80       0x30 /usr/lib/gcc/i686-linux-gnu/4.8/../../../i386-linux-gnu/crti.o
 *(.iplt)

.text           0x0000000000010bb0    0x180f1
 *(.text.unlikely .text.*_unlikely .text.unlikely.*)
 *(.text.exit .text.exit.*)
 *(.text.startup .text.startup.*)
 *(.text.hot .text.hot.*)
 *(.text .stub .text.* .gnu.linkonce.t.*)
 .text          0x0000000000010bb0        0x0 /usr/lib/gcc/i686-linux-gnu/4.8/../../../i386-linux-gnu/crti.o
 .gnu.linkonce.t.__x86.get_pc_thunk.bx
                0x0000000000010bb0        0x4 /usr/lib/gcc/i686-linux-gnu/4.8/../../../i386-linux-gnu/crti.o
                0x0000000000010bb0                __x86.get_pc_thunk.bx
 *fill*         0x0000000000010bb4        0xc 
 .text          0x0000000000010bc0      0x11b /usr/lib/gcc/i686-linux-gnu/4.8/crtbeginS.o
 .text          0x0000000000010cdb      0x884 udp-client.co
 .text          0x000000000001155f      0x96a obj_cooja/mtype534.o
                0x000000000001170d                contiki_init
                0x0000000000011ce0                Java_org_contikios_cooja_corecomm_Lib18_init
                0x0000000000011d20                Java_org_contikios_cooja_corecomm_Lib18_getMemory
                0x0000000000011d60                Java_org_contikios_cooja_corecomm_Lib18_setMemory
                0x0000000000011dd7                Java_org_contikios_cooja_corecomm_Lib18_tick
                0x0000000000011eb7                Java_org_contikios_cooja_corecomm_Lib18_setReferenceAddress
 .text          0x0000000000011ec9       0x63 obj_cooja/mtype534.a(simEnvChange.o)
                0x0000000000011ec9                doActionsBeforeTick
                0x0000000000011efa                doActionsAfterTick
 .text          0x0000000000011f2c       0xbc obj_cooja/mtype534.a(cooja_mt.o)
                0x0000000000011f2c                cooja_mt_init
                0x0000000000011f39                cooja_mt_remove
                0x0000000000011f46                cooja_mt_start
                0x0000000000011f73                cooja_mt_exec
                0x0000000000011fa4                cooja_mt_exit
                0x0000000000011fc6                cooja_mt_yield
 .text          0x0000000000011fe8      0x115 obj_cooja/mtype534.a(cooja_mtarch.o)
                0x0000000000011fe8                cooja_mtarch_init
                0x0000000000011fed                cooja_mtarch_start
                0x0000000000012068                cooja_sw
                0x000000000001208a                cooja_mtarch_exec
                0x00000000000120a6                cooja_mtarch_remove
                0x00000000000120ab                cooja_mtarch_yield
                0x00000000000120b5                cooja_mtarch_pstop
                0x00000000000120ba                cooja_mtarch_pstart
                0x00000000000120bf                cooja_mtarch_stack_usage
 .text          0x00000000000120fd       0xc2 obj_cooja/mtype534.a(rtimer-arch.o)
                0x00000000000120fd                rtimer_arch_init
                0x0000000000012120                rtimer_arch_schedule
                0x0000000000012137                rtimer_arch_next
                0x0000000000012141                rtimer_arch_pending
                0x000000000001214b                rtimer_arch_check
                0x000000000001217d                rtimer_arch_now
 .text          0x00000000000121bf       0x76 obj_cooja/mtype534.a(beep.o)
                0x00000000000121bf                beep_alarm
                0x00000000000121cb                beep_beep
                0x00000000000121d7                beep
                0x00000000000121e3                beep_down
                0x00000000000121ef                beep_on
                0x00000000000121fb                beep_off
                0x0000000000012207                beep_spinup
                0x0000000000012213                beep_quick
                0x000000000001221f                beep_long
 .text          0x0000000000012235      0x103 obj_cooja/mtype534.a(button-sensor.o)
 .text          0x0000000000012338       0x45 obj_cooja/mtype534.a(leds-arch.o)
                0x0000000000012338                leds_arch_init
                0x0000000000012344                leds_arch_get
                0x0000000000012350                leds_arch_set
 .text          0x000000000001237d       0x2f obj_cooja/mtype534.a(moteid.o)
 .text          0x00000000000123ac       0xb1 obj_cooja/mtype534.a(pir-sensor.o)
 .text          0x000000000001245d      0x131 obj_cooja/mtype534.a(rs232.o)
                0x000000000001245d                rs232_init
                0x0000000000012462                rs232_set_speed
                0x0000000000012470                rs232_set_input
                0x000000000001247d                rs232_send
                0x000000000001249f                rs232_print
                0x00000000000124ba                slip_arch_writeb
 .text          0x000000000001258e       0xb1 obj_cooja/mtype534.a(vib-sensor.o)
 .text          0x000000000001263f       0x34 obj_cooja/mtype534.a(clock.o)
                0x000000000001263f                clock_init
                0x0000000000012644                clock_time
                0x000000000001264e                clock_seconds
                0x0000000000012664                clock_delay
 .text          0x0000000000012673      0x1ed obj_cooja/mtype534.a(log.o)
                0x0000000000012673                simlog_char
                0x00000000000126b5                simlog
                0x0000000000012722                log_message
                0x000000000001274a                log_set_putchar_with_slip
                0x0000000000012757                log_putchar
                0x00000000000127db                log_puts
                0x00000000000127ff                log_printf
 .text          0x0000000000012860      0x2c4 obj_cooja/mtype534.a(cfs-cooja.o)
                0x0000000000012860                cfs_open
                0x00000000000128c9                cfs_close
                0x00000000000128d5                cfs_read
                0x0000000000012973                cfs_write
                0x0000000000012a50                cfs_seek
                0x0000000000012ad8                cfs_remove
                0x0000000000012b01                cfs_opendir
                0x0000000000012b0b                cfs_readdir
                0x0000000000012b15                cfs_closedir
 .text          0x0000000000012b24      0x6b7 obj_cooja/mtype534.a(cooja-radio.o)
                0x0000000000012b4e                radio_set_channel
                0x0000000000012b63                radio_set_txpower
                0x0000000000012b83                radio_signal_strength_last
                0x0000000000012b8d                radio_signal_strength_current
                0x0000000000012b97                radio_LQI
 .text          0x00000000000131db       0xef obj_cooja/mtype534.a(eeprom.o)
                0x00000000000131db                eeprom_init
                0x00000000000131e0                eeprom_read
                0x0000000000013250                eeprom_write
 .text          0x00000000000132ca       0x28 obj_cooja/mtype534.a(random.o)
                0x00000000000132ca                random_init
                0x00000000000132e5                random_rand
 .text          0x00000000000132f2      0x2a1 obj_cooja/mtype534.a(sensors.o)
                0x000000000001332d                sensors_first
                0x0000000000013337                sensors_next
                0x0000000000013354                sensors_changed
                0x0000000000013383                sensors_find
 .text          0x0000000000013593      0x134 obj_cooja/mtype534.a(leds.o)
                0x00000000000135e4                leds_init
                0x00000000000135f8                leds_blink
                0x0000000000013630                leds_get
                0x000000000001363d                leds_set
                0x0000000000013657                leds_on
                0x000000000001367a                leds_off
                0x00000000000136a4                leds_toggle
 .text          0x00000000000136c7      0x471 obj_cooja/mtype534.a(dual_conf.o)
                0x00000000000136c7                dual_radio_switch
                0x0000000000013707                dual_radio_change
                0x0000000000013741                sending_in_LR
                0x000000000001376c                dual_radio_received
                0x00000000000137bf                radio_received_is_longrange
                0x00000000000137da                dual_radio_turn_on
                0x00000000000137fd                dual_radio_turn_off
                0x0000000000013abe                dio_broadcast
                0x0000000000013ae7                dis_broadcast
                0x0000000000013b08                LSA_converge_broadcast
 .text          0x0000000000013b38       0x8e obj_cooja/mtype534.a(autostart.o)
                0x0000000000013b38                autostart_start
                0x0000000000013b83                autostart_exit
 .text          0x0000000000013bc6      0x334 obj_cooja/mtype534.a(ctimer.o)
                0x0000000000013cdd                ctimer_init
                0x0000000000013d0d                ctimer_set
                0x0000000000013d3e                ctimer_set_with_process
                0x0000000000013dba                ctimer_reset
                0x0000000000013e09                ctimer_restart
                0x0000000000013e58                ctimer_stop
                0x0000000000013ea3                ctimer_expired
 .text          0x0000000000013efa      0x40b obj_cooja/mtype534.a(etimer.o)
                0x000000000001410d                etimer_request_poll
                0x0000000000014191                etimer_set
                0x00000000000141b6                etimer_reset_with_new_interval
                0x00000000000141dd                etimer_reset
                0x00000000000141fb                etimer_restart
                0x0000000000014219                etimer_adjust
                0x0000000000014235                etimer_expired
                0x0000000000014248                etimer_expiration_time
                0x000000000001425a                etimer_start_time
                0x0000000000014264                etimer_pending
                0x0000000000014276                etimer_next_expiration_time
                0x0000000000014290                etimer_stop
 .text          0x0000000000014305      0x12d obj_cooja/mtype534.a(log_message.o)
                0x0000000000014305                log_initialization
                0x0000000000014411                log_finisher
 .text          0x0000000000014432      0x560 obj_cooja/mtype534.a(process.o)
                0x0000000000014432                process_alloc_event
                0x0000000000014447                process_start
                0x0000000000014630                process_exit
                0x000000000001464c                process_init
                0x000000000001481d                process_run
                0x0000000000014850                process_nevents
                0x000000000001486b                process_post
                0x0000000000014917                process_post_synch
                0x000000000001494f                process_poll
                0x000000000001497e                process_is_running
 .text          0x0000000000014992       0xd3 obj_cooja/mtype534.a(residual.o)
                0x0000000000014992                get_residual_energy
 .text          0x0000000000014a65       0xba obj_cooja/mtype534.a(rtimer.o)
                0x0000000000014a65                rtimer_init
                0x0000000000014a72                rtimer_set
                0x0000000000014ac9                rtimer_run_next
 .text          0x0000000000014b1f       0xa3 obj_cooja/mtype534.a(stimer.o)
                0x0000000000014b1f                stimer_set
                0x0000000000014b3a                stimer_reset
                0x0000000000014b51                stimer_restart
                0x0000000000014b63                stimer_expired
                0x0000000000014b8a                stimer_remaining
                0x0000000000014bae                stimer_elapsed
 .text          0x0000000000014bc2       0x91 obj_cooja/mtype534.a(timer.o)
                0x0000000000014bc2                timer_set
                0x0000000000014bdd                timer_reset
                0x0000000000014bf4                timer_restart
                0x0000000000014c06                timer_expired
                0x0000000000014c2f                timer_remaining
 .text          0x0000000000014c53      0x1fb obj_cooja/mtype534.a(serial-line.o)
                0x0000000000014c53                serial_line_input_byte
                0x0000000000014e16                serial_line_init
 .text          0x0000000000014e4e      0x244 obj_cooja/mtype534.a(list.o)
                0x0000000000014e4e                list_init
                0x0000000000014e5c                list_head
                0x0000000000014e66                list_copy
                0x0000000000014e75                list_tail
                0x0000000000014eab                list_add
                0x0000000000014ef4                list_push
                0x0000000000014f20                list_chop
                0x0000000000014f8a                list_pop
                0x0000000000014fb2                list_remove
                0x0000000000015019                list_length
                0x0000000000015047                list_insert
                0x000000000001507b                list_item_next
 .text          0x0000000000015092      0x155 obj_cooja/mtype534.a(ringbuf.o)
                0x0000000000015092                ringbuf_init
                0x00000000000150c3                ringbuf_put
                0x0000000000015141                ringbuf_get
                0x00000000000151ae                ringbuf_size
                0x00000000000151c0                ringbuf_elements
 .text          0x00000000000151e7     0x2d6c obj_cooja/mtype534.a(sicslowpan.o)
                0x00000000000157e7                rime_sniffer_add
                0x00000000000157f4                rime_sniffer_remove
                0x0000000000017ef2                sicslowpan_init
                0x0000000000017f49                sicslowpan_get_last_rssi
 .text          0x0000000000017f53      0x2dc obj_cooja/mtype534.a(uip-ds6-nbr.o)
                0x0000000000017f70                uip_ds6_neighbors_init
                0x0000000000017f8d                uip_ds6_nbr_add
                0x000000000001803e                uip_ds6_nbr_rm
                0x000000000001809b                uip_ds6_nbr_get_ipaddr
                0x00000000000180b0                uip_ds6_nbr_get_ll
                0x00000000000180cc                uip_ds6_nbr_num
                0x0000000000018111                uip_ds6_nbr_lookup
                0x0000000000018176                uip_ds6_nbr_ll_lookup
                0x0000000000018192                uip_ds6_nbr_ipaddr_from_lladdr
                0x00000000000181b8                uip_ds6_nbr_lladdr_from_ipaddr
                0x00000000000181e6                uip_ds6_link_neighbor_callback
 .text          0x000000000001822f      0x916 obj_cooja/mtype534.a(uip-ds6-route.o)
                0x00000000000182a6                uip_ds6_notification_add
                0x00000000000182d7                uip_ds6_notification_rm
                0x00000000000182f3                uip_ds6_route_init
                0x000000000001837b                uip_ds6_route_nexthop
                0x00000000000183a3                uip_ds6_route_head
                0x00000000000183b8                uip_ds6_route_next
                0x00000000000183de                uip_ds6_route_is_nexthop
                0x000000000001841d                uip_ds6_route_num_routes
                0x0000000000018427                uip_ds6_route_lookup
                0x00000000000184e9                uip_ds6_route_add
                0x000000000001871d                uip_ds6_route_rm
                0x00000000000188b1                uip_ds6_route_rm_by_nexthop
                0x00000000000188e9                uip_ds6_defrt_add
                0x000000000001899a                uip_ds6_defrt_rm
                0x0000000000018a19                uip_ds6_defrt_lookup
                0x0000000000018a72                uip_ds6_defrt_choose
                0x0000000000018add                uip_ds6_defrt_periodic
 .text          0x0000000000018b45     0x12ad obj_cooja/mtype534.a(uip-ds6.o)
                0x0000000000018b45                uip_ds6_init
                0x0000000000018e9a                uip_ds6_periodic
                0x0000000000018f72                uip_ds6_list_loop
                0x0000000000019019                uip_ds6_prefix_add
                0x00000000000190d7                uip_ds6_prefix_rm
                0x00000000000190e9                uip_ds6_prefix_lookup
                0x000000000001913a                uip_ds6_is_addr_onlink
                0x00000000000191ae                uip_ds6_addr_add
                0x00000000000192dc                uip_ds6_long_addr_add
                0x000000000001940a                uip_ds6_addr_rm
                0x00000000000194aa                uip_ds6_addr_lookup
                0x00000000000194f5                uip_ds6_long_addr_lookup
                0x0000000000019540                uip_ds6_get_link_local
                0x00000000000195bf                uip_ds6_long_get_link_local
                0x000000000001963e                uip_ds6_get_global
                0x00000000000196bd                uip_ds6_long_get_global
                0x000000000001973c                uip_ds6_maddr_add
                0x00000000000197ae                uip_ds6_long_maddr_add
                0x0000000000019820                uip_ds6_maddr_rm
                0x0000000000019832                uip_ds6_maddr_lookup
                0x000000000001987d                uip_ds6_long_maddr_lookup
                0x00000000000198c8                uip_ds6_aaddr_add
                0x000000000001993a                uip_ds6_long_aaddr_add
                0x00000000000199ac                uip_ds6_aaddr_rm
                0x00000000000199be                uip_ds6_aaddr_lookup
                0x0000000000019a09                uip_ds6_long_aaddr_lookup
                0x0000000000019a54                uip_ds6_select_src
                0x0000000000019cdd                uip_ds6_set_addr_iid
                0x0000000000019d14                get_match_length
                0x0000000000019da6                uip_ds6_compute_reachable_time
 .text          0x0000000000019df2     0x2a00 obj_cooja/mtype534.a(uip6.o)
                0x0000000000019df2                uip_add32
                0x0000000000019f8b                uip_chksum
                0x000000000001a079                uip_icmp6chksum
                0x000000000001a08d                uip_tcpchksum
                0x000000000001a0a1                uip_udpchksum
                0x000000000001a0b5                uip_init
                0x000000000001a185                uip_connect
                0x000000000001a334                remove_ext_hdr
                0x000000000001a409                uip_udp_new
                0x000000000001a565                uip_unlisten
                0x000000000001a5c5                uip_listen
                0x000000000001a887                uip_process
                0x000000000001c6e6                uip_htons
                0x000000000001c708                uip_htonl
                0x000000000001c748                uip_send
 .text          0x000000000001c7f2      0xb50 obj_cooja/mtype534.a(tcpip.o)
                0x000000000001c7f2                tcpip_output
                0x000000000001c82d                tcpip_set_outputfunc
                0x000000000001c8c1                tcp_connect
                0x000000000001c916                tcp_unlisten
                0x000000000001c971                tcp_listen
                0x000000000001c9ca                tcp_attach
                0x000000000001c9ef                udp_attach
                0x000000000001ca14                udp_new
                0x000000000001ca66                udp_broadcast_new
                0x000000000001ccda                tcpip_input
                0x000000000001cd0e                tcpip_ipv6_output
                0x000000000001d188                tcpip_poll_udp
                0x000000000001d1ab                tcpip_poll_tcp
                0x000000000001d1ce                tcpip_uipcall
 .text          0x000000000001d342      0x1c1 obj_cooja/mtype534.a(uip-debug.o)
                0x000000000001d342                uip_debug_ipaddr_print
                0x000000000001d4a4                uip_debug_lladdr_print
 .text          0x000000000001d503      0x141 obj_cooja/mtype534.a(uip-packetqueue)
                0x000000000001d52f                uip_packetqueue_new
                0x000000000001d53d                uip_packetqueue_alloc
                0x000000000001d59d                uip_packetqueue_free
                0x000000000001d5de                uip_packetqueue_buf
                0x000000000001d5fb                uip_packetqueue_buflen
                0x000000000001d61c                uip_packetqueue_set_buflen
 .text          0x000000000001d644      0x131 obj_cooja/mtype534.a(uip-udp-packet.)
                0x000000000001d644                uip_udp_packet_send
                0x000000000001d6a4                uip_udp_packet_sendto
 .text          0x000000000001d775     0x26ab obj_cooja/mtype534.a(rpl-dag.o)
                0x000000000001d775                rpl_lr_in_child
                0x000000000001d82d                rpl_print_neighbor_list
                0x000000000001d8d6                rpl_print_child_neighbor_list
                0x000000000001d94b                rpl_get_nbr
                0x000000000001d9a5                rpl_get_nbr_child
                0x000000000001d9ff                rpl_dag_init
                0x000000000001da31                rpl_get_parent
                0x000000000001da53                rpl_get_parent_rank
                0x000000000001da86                rpl_get_parent_link_metric
                0x000000000001dab9                rpl_get_parent_ipaddr
                0x000000000001dae3                rpl_get_child_ipaddr
                0x000000000001ddfe                rpl_set_root
                0x000000000001e02c                rpl_repair_root
                0x000000000001e268                rpl_set_prefix
                0x000000000001e367                rpl_set_default_route
                0x000000000001e3f3                rpl_alloc_instance
                0x000000000001e47b                rpl_alloc_dag
                0x000000000001e52e                rpl_set_default_instance
                0x000000000001e53b                rpl_get_default_instance
                0x000000000001e545                rpl_free_instance
                0x000000000001e5e6                rpl_free_dag
                0x000000000001e64c                rpl_add_parent
                0x000000000001e735                rpl_find_parent
                0x000000000001e765                rpl_add_child
                0x000000000001e809                rpl_find_child
                0x000000000001e857                rpl_find_parent_any_dag
                0x000000000001e893                rpl_select_dag
                0x000000000001ecc9                rpl_select_parent
                0x000000000001ed2b                rpl_remove_parent
                0x000000000001ed61                rpl_remove_child
                0x000000000001ed7d                rpl_nullify_parent
                0x000000000001ee1b                rpl_move_parent
                0x000000000001eeb8                rpl_has_downward_route
                0x000000000001ef0b                rpl_get_any_dag
                0x000000000001ef6d                rpl_get_instance
                0x000000000001efd0                rpl_find_of
                0x000000000001f00d                rpl_join_instance
                0x000000000001f2a9                rpl_add_dag
                0x000000000001f698                rpl_local_repair
                0x000000000001f771                rpl_recalculate_ranks
                0x000000000001f7f7                rpl_process_parent_event
                0x000000000001f8a9                rpl_process_dio
 .text          0x000000000001fe20      0xbf3 obj_cooja/mtype534.a(rpl-ext-header.)
                0x000000000001fe3d                rpl_verify_header
                0x00000000000202b7                rpl_update_header_empty
                0x00000000000205ce                rpl_update_header_final
                0x000000000002075d                rpl_remove_header
                0x0000000000020867                rpl_invert_header
                0x00000000000209f1                rpl_insert_header
 .text          0x0000000000020a13     0x24ea obj_cooja/mtype534.a(rpl-icmp6.o)
                0x0000000000020cdc                rpl_icmp6_update_nbr_table
                0x0000000000020dcc                dis_output
                0x0000000000021704                dio_output
                0x0000000000021f6f                LSA_converge_output
                0x0000000000022a5c                dao_output
                0x0000000000022b24                dao_output_target
                0x0000000000022ea5                dao_ack_output
                0x0000000000022eb9                rpl_icmp6_register_handlers
 .text          0x0000000000022efd      0x3dc obj_cooja/mtype534.a(rpl-ltmax.o)
 .text          0x00000000000232d9      0x745 obj_cooja/mtype534.a(rpl-timers.o)
                0x00000000000232d9                rpl_LSA_convergence_timer
                0x00000000000233cf                rpl_reset_LSA_convergence_timer
                0x00000000000236c7                rpl_reset_periodic_timer
                0x000000000002371c                rpl_reset_dio_timer
                0x0000000000023956                rpl_schedule_dao
                0x0000000000023971                rpl_schedule_dao_immediately
                0x000000000002398c                rpl_cancel_dao
                0x00000000000239ee                rpl_schedule_unicast_dio_immediately
 .text          0x0000000000023a1e      0x5dc obj_cooja/mtype534.a(rpl.o)
                0x0000000000023a1e                rpl_get_mode
                0x0000000000023a28                rpl_set_mode
                0x0000000000023ab6                rpl_purge_routes
                0x0000000000023bb0                rpl_remove_routes
                0x0000000000023bf6                rpl_remove_routes_by_nexthop
                0x0000000000023c62                rpl_add_route
                0x0000000000023cdd                rpl_link_neighbor_callback
                0x0000000000023de2                rpl_ipv6_neighbor_callback
                0x0000000000023e51                rpl_purge_dags
                0x0000000000023f5d                rpl_init
 .text          0x0000000000023ffa      0x87b obj_cooja/mtype534.a(csma.o)
 .text          0x0000000000024875      0x3f5 obj_cooja/mtype534.a(framer-802154.o)
 .text          0x0000000000024c6a       0x3c obj_cooja/mtype534.a(mac.o)
                0x0000000000024c6a                mac_call_sent_callback
 .text          0x0000000000024ca6     0x12ac obj_cooja/mtype534.a(cxmac.o)
                0x0000000000025e86                cxmac_set_announcement_radio_txpower
                0x0000000000025e8b                cxmac_init
 .text          0x0000000000025f52       0x82 obj_cooja/mtype534.a(linkaddr.o)
                0x0000000000025f52                linkaddr_copy
                0x0000000000025f74                linkaddr_cmp
                0x0000000000025f9e                linkaddr_set_node_addr
                0x0000000000025fb9                linkaddr_set_node_long_addr
 .text          0x0000000000025fd4      0x915 obj_cooja/mtype534.a(nbr-table.o)
                0x0000000000025fd4                long_ip_from_lladdr_map
                0x000000000002605d                lladdr_map_add_lr
                0x000000000002611a                lladdr_map_rm_lr
                0x00000000000265df                nbr_table_register
                0x0000000000026627                nbr_table_head
                0x0000000000026683                nbr_table_next
                0x00000000000266ea                nbr_table_add_lladdr
                0x00000000000267c6                nbr_table_get_from_lladdr
                0x0000000000026813                nbr_table_remove
                0x0000000000026865                nbr_table_lock
                0x000000000002688f                nbr_table_unlock
                0x00000000000268b9                nbr_table_get_lladdr
 .text          0x00000000000268e9       0x2b obj_cooja/mtype534.a(netstack.o)
                0x00000000000268e9                netstack_init
 .text          0x0000000000026914      0x3cd obj_cooja/mtype534.a(packetbuf.o)
                0x0000000000026914                packetbuf_clear
                0x000000000002693e                packetbuf_copyfrom
                0x0000000000026990                packetbuf_compact
                0x0000000000026a0d                packetbuf_copyto
                0x0000000000026aa4                packetbuf_hdralloc
                0x0000000000026b21                packetbuf_hdrreduce
                0x0000000000026b69                packetbuf_set_datalen
                0x0000000000026b82                packetbuf_dataptr
                0x0000000000026b9f                packetbuf_hdrptr
                0x0000000000026ba9                packetbuf_datalen
                0x0000000000026bb5                packetbuf_hdrlen
                0x0000000000026bcc                packetbuf_totlen
                0x0000000000026be2                packetbuf_attr_clear
                0x0000000000026c34                packetbuf_attr_copyto
                0x0000000000026c7d                packetbuf_attr_copyfrom
                0x0000000000026cc5                packetbuf_holds_broadcast
 .text          0x0000000000026ce1      0x2b4 obj_cooja/mtype534.a(queuebuf.o)
                0x0000000000026ceb                queuebuf_init
                0x0000000000026d0b                queuebuf_numfree
                0x0000000000026d1f                queuebuf_new_from_packetbuf
                0x0000000000026daf                queuebuf_update_attr_from_packetbuf
                0x0000000000026de2                queuebuf_update_from_packetbuf
                0x0000000000026e2c                queuebuf_free
                0x0000000000026e73                queuebuf_to_packetbuf
                0x0000000000026ed9                queuebuf_dataptr
                0x0000000000026f10                queuebuf_datalen
                0x0000000000026f33                queuebuf_addr
                0x0000000000026f65                queuebuf_attr
                0x0000000000026f90                queuebuf_debug_print
 .text          0x0000000000026f95       0x6e obj_cooja/mtype534.a(nullsec.o)
 .text          0x0000000000027003       0x19 obj_cooja/mtype534.a(watchdog.o)
                0x0000000000027003                watchdog_init
                0x0000000000027008                watchdog_start
                0x000000000002700d                watchdog_periodic
                0x0000000000027012                watchdog_stop
                0x0000000000027017                watchdog_reboot
 .text          0x000000000002701c        0x0 obj_cooja/mtype534.a(rimestats.o)
 .text          0x000000000002701c      0x1c1 obj_cooja/mtype534.a(memb.o)
                0x000000000002701c                memb_init
                0x000000000002707a                memb_alloc
                0x00000000000270df                memb_free
                0x000000000002715a                memb_inmemb
                0x0000000000027199                memb_numfree
 .text          0x00000000000271dd      0xabf obj_cooja/mtype534.a(uip-icmp6.o)
                0x000000000002724b                uip_icmp6_input
                0x00000000000272a1                uip_icmp6_register_input_handler
                0x0000000000027569                uip_icmp6_error_output
                0x00000000000278ae                uip_icmp6_send
                0x0000000000027c2f                uip_icmp6_echo_reply_callback_add
                0x0000000000027c60                uip_icmp6_echo_reply_callback_rm
                0x0000000000027c7c                uip_icmp6_init
 .text          0x0000000000027c9c      0x358 obj_cooja/mtype534.a(uip-nd6.o)
                0x0000000000027cf0                uip_nd6_ns_output
                0x0000000000027fef                uip_nd6_init
 .text          0x0000000000027ff4      0x331 obj_cooja/mtype534.a(rpl-nbr-policy.)
                0x00000000000281cc                find_removable_dis
                0x00000000000281ef                find_removable_dio
                0x000000000002827e                find_removable_dao
                0x00000000000282ce                rpl_nbr_policy_find_removable
 .text          0x0000000000028325      0x97c obj_cooja/mtype534.a(frame802154.o)
                0x0000000000028356                frame802154_get_pan_id
                0x0000000000028362                frame802154_set_pan_id
                0x000000000002837b                frame802154_has_panid
                0x0000000000028467                frame802154_check_dest_panid
                0x00000000000284cf                frame802154_is_broadcast_addr
                0x000000000002851c                frame802154_extract_linkaddr
                0x000000000002875c                frame802154_hdrlen
                0x00000000000287ad                frame802154_create
                0x0000000000028998                frame802154_parse
 .text          0x0000000000028ca1        0x0 /usr/lib/gcc/i686-linux-gnu/4.8/crtendS.o
 .text          0x0000000000028ca1        0x0 /usr/lib/gcc/i686-linux-gnu/4.8/../../../i386-linux-gnu/crtn.o
 *(.gnu.warning)

.fini           0x0000000000028ca4       0x14
 *(SORT(.fini))
 .fini          0x0000000000028ca4        0xf /usr/lib/gcc/i686-linux-gnu/4.8/../../../i386-linux-gnu/crti.o
                0x0000000000028ca4                _fini
 .fini          0x0000000000028cb3        0x5 /usr/lib/gcc/i686-linux-gnu/4.8/../../../i386-linux-gnu/crtn.o
                0x0000000000028cb8                PROVIDE (__etext, .)
                0x0000000000028cb8                PROVIDE (_etext, .)
                0x0000000000028cb8                PROVIDE (etext, .)

.rodata         0x0000000000028cc0     0x1940
 *(.rodata .rodata.* .gnu.linkonce.r.*)
 .rodata        0x0000000000028cc0      0x402 udp-client.co
                0x0000000000028cd4                autostart_processes
 *fill*         0x00000000000290c2        0x2 
 .rodata        0x00000000000290c4      0x1e6 obj_cooja/mtype534.o
 *fill*         0x00000000000292aa        0x2 
 .rodata        0x00000000000292ac        0x8 obj_cooja/mtype534.a(beep.o)
                0x00000000000292ac                beep_interface
 .rodata        0x00000000000292b4       0x20 obj_cooja/mtype534.a(button-sensor.o)
                0x00000000000292b4                button_interface
                0x00000000000292c4                button_sensor
 .rodata        0x00000000000292d4        0x8 obj_cooja/mtype534.a(leds-arch.o)
                0x00000000000292d4                leds_interface
 .rodata        0x00000000000292dc        0x8 obj_cooja/mtype534.a(moteid.o)
                0x00000000000292dc                moteid_interface
 .rodata        0x00000000000292e4       0x1c obj_cooja/mtype534.a(pir-sensor.o)
                0x00000000000292e4                pir_interface
                0x00000000000292f0                pir_sensor
 .rodata        0x0000000000029300        0xe obj_cooja/mtype534.a(rs232.o)
                0x0000000000029300                rs232_interface
 *fill*         0x000000000002930e        0x2 
 .rodata        0x0000000000029310       0x24 obj_cooja/mtype534.a(vib-sensor.o)
                0x0000000000029310                vib_interface
                0x0000000000029324                vib_sensor
 .rodata        0x0000000000029334        0x8 obj_cooja/mtype534.a(clock.o)
                0x0000000000029334                clock_interface
 .rodata        0x000000000002933c        0x8 obj_cooja/mtype534.a(log.o)
                0x000000000002933c                simlog_interface
 .rodata        0x0000000000029344       0x2f obj_cooja/mtype534.a(cfs-cooja.o)
                0x0000000000029344                cfs_interface
 *fill*         0x0000000000029373        0xd 
 .rodata        0x0000000000029380       0xc0 obj_cooja/mtype534.a(cooja-radio.o)
                0x0000000000029400                cooja_radio_driver
                0x0000000000029438                radio_interface
 .rodata        0x0000000000029440        0x8 obj_cooja/mtype534.a(eeprom.o)
                0x0000000000029440                eeprom_interface
 .rodata        0x0000000000029448        0x8 obj_cooja/mtype534.a(sensors.o)
 .rodata        0x0000000000029450      0x1fe obj_cooja/mtype534.a(dual_conf.o)
 .rodata        0x000000000002964e        0xf obj_cooja/mtype534.a(ctimer.o)
 .rodata        0x000000000002965d        0xc obj_cooja/mtype534.a(etimer.o)
 *fill*         0x0000000000029669        0x3 
 .rodata        0x000000000002966c       0x73 obj_cooja/mtype534.a(log_message.o)
 *fill*         0x00000000000296df        0x1 
 .rodata        0x00000000000296e0       0x20 obj_cooja/mtype534.a(residual.o)
 .rodata        0x0000000000029700        0xe obj_cooja/mtype534.a(serial-line.o)
 *fill*         0x000000000002970e        0x2 
 .rodata        0x0000000000029710      0x964 obj_cooja/mtype534.a(sicslowpan.o)
                0x00000000000297e9                unc_llconf
                0x00000000000297ed                unc_ctxconf
                0x00000000000297f1                unc_mxconf
                0x00000000000297f5                llprefix
                0x000000000002a068                sicslowpan_driver
 .rodata        0x000000000002a074      0x13c obj_cooja/mtype534.a(uip6.o)
 .rodata        0x000000000002a1b0       0x49 obj_cooja/mtype534.a(tcpip.o)
 .rodata        0x000000000002a1f9       0x3e obj_cooja/mtype534.a(uip-debug.o)
 *fill*         0x000000000002a237        0x1 
 .rodata        0x000000000002a238        0x4 obj_cooja/mtype534.a(rpl-dag.o)
 .rodata        0x000000000002a23c       0x1c obj_cooja/mtype534.a(rpl-icmp6.o)
 .rodata        0x000000000002a258       0x8a obj_cooja/mtype534.a(rpl-timers.o)
 *fill*         0x000000000002a2e2        0x2 
 .rodata        0x000000000002a2e4       0x24 obj_cooja/mtype534.a(csma.o)
                0x000000000002a2ec                csma_driver
 .rodata        0x000000000002a308        0xc obj_cooja/mtype534.a(framer-802154.o)
                0x000000000002a308                framer_802154
 *fill*         0x000000000002a314        0xc 
 .rodata        0x000000000002a320      0x2c0 obj_cooja/mtype534.a(cxmac.o)
                0x000000000002a5c0                cxmac_driver
 .rodata        0x000000000002a5e0        0x8 obj_cooja/mtype534.a(linkaddr.o)
                0x000000000002a5e0                linkaddr_null
 .rodata        0x000000000002a5e8       0x18 obj_cooja/mtype534.a(nullsec.o)
                0x000000000002a5f0                nullsec_driver

.rodata1
 *(.rodata1)

.eh_frame_hdr   0x000000000002a600     0x1454
 *(.eh_frame_hdr)
 .eh_frame_hdr  0x000000000002a600     0x1454 udp-client.co

.eh_frame       0x000000000002ba54     0x52b0
 *(.eh_frame)
 .eh_frame      0x000000000002ba54       0x3c /usr/lib/gcc/i686-linux-gnu/4.8/../../../i386-linux-gnu/crti.o
                                         0x40 (size before relaxing)
 .eh_frame      0x000000000002ba90       0xb4 udp-client.co
                                         0xcc (size before relaxing)
 .eh_frame      0x000000000002bb44      0x148 obj_cooja/mtype534.o
                                        0x160 (size before relaxing)
 .eh_frame      0x000000000002bc8c       0x40 obj_cooja/mtype534.a(simEnvChange.o)
                                         0x58 (size before relaxing)
 .eh_frame      0x000000000002bccc       0xc0 obj_cooja/mtype534.a(cooja_mt.o)
                                         0xd8 (size before relaxing)
 .eh_frame      0x000000000002bd8c      0x120 obj_cooja/mtype534.a(cooja_mtarch.o)
                                        0x138 (size before relaxing)
 .eh_frame      0x000000000002beac       0xc0 obj_cooja/mtype534.a(rtimer-arch.o)
                                         0xd8 (size before relaxing)
 .eh_frame      0x000000000002bf6c      0x160 obj_cooja/mtype534.a(beep.o)
                                        0x178 (size before relaxing)
 .eh_frame      0x000000000002c0cc       0xa0 obj_cooja/mtype534.a(button-sensor.o)
                                         0xb8 (size before relaxing)
 .eh_frame      0x000000000002c16c       0xa0 obj_cooja/mtype534.a(leds-arch.o)
                                         0xb8 (size before relaxing)
 .eh_frame      0x000000000002c20c       0x40 obj_cooja/mtype534.a(moteid.o)
                                         0x58 (size before relaxing)
 .eh_frame      0x000000000002c24c       0xa0 obj_cooja/mtype534.a(pir-sensor.o)
                                         0xb8 (size before relaxing)
 .eh_frame      0x000000000002c2ec      0x100 obj_cooja/mtype534.a(rs232.o)
                                        0x118 (size before relaxing)
 .eh_frame      0x000000000002c3ec       0xa0 obj_cooja/mtype534.a(vib-sensor.o)
                                         0xb8 (size before relaxing)
 .eh_frame      0x000000000002c48c       0xc0 obj_cooja/mtype534.a(clock.o)
                                         0xd8 (size before relaxing)
 .eh_frame      0x000000000002c54c      0x120 obj_cooja/mtype534.a(log.o)
                                        0x138 (size before relaxing)
 .eh_frame      0x000000000002c66c      0x160 obj_cooja/mtype534.a(cfs-cooja.o)
                                        0x178 (size before relaxing)
 .eh_frame      0x000000000002c7cc      0x2e0 obj_cooja/mtype534.a(cooja-radio.o)
                                        0x2f8 (size before relaxing)
 .eh_frame      0x000000000002caac       0xa0 obj_cooja/mtype534.a(eeprom.o)
                                         0xb8 (size before relaxing)
 .eh_frame      0x000000000002cb4c       0x40 obj_cooja/mtype534.a(random.o)
                                         0x58 (size before relaxing)
 .eh_frame      0x000000000002cb8c       0xc0 obj_cooja/mtype534.a(sensors.o)
                                         0xd8 (size before relaxing)
 .eh_frame      0x000000000002cc4c      0x100 obj_cooja/mtype534.a(leds.o)
                                        0x118 (size before relaxing)
 .eh_frame      0x000000000002cd4c      0x1a0 obj_cooja/mtype534.a(dual_conf.o)
                                        0x1b8 (size before relaxing)
 .eh_frame      0x000000000002ceec       0x40 obj_cooja/mtype534.a(autostart.o)
                                         0x58 (size before relaxing)
 .eh_frame      0x000000000002cf2c      0x100 obj_cooja/mtype534.a(ctimer.o)
                                        0x118 (size before relaxing)
 .eh_frame      0x000000000002d02c      0x1e0 obj_cooja/mtype534.a(etimer.o)
                                        0x1f8 (size before relaxing)
 .eh_frame      0x000000000002d20c       0x40 obj_cooja/mtype534.a(log_message.o)
                                         0x58 (size before relaxing)
 .eh_frame      0x000000000002d24c      0x1c8 obj_cooja/mtype534.a(process.o)
                                        0x1e0 (size before relaxing)
 .eh_frame      0x000000000002d414       0x2c obj_cooja/mtype534.a(residual.o)
                                         0x44 (size before relaxing)
 .eh_frame      0x000000000002d440       0x60 obj_cooja/mtype534.a(rtimer.o)
                                         0x78 (size before relaxing)
 .eh_frame      0x000000000002d4a0       0xc4 obj_cooja/mtype534.a(stimer.o)
                                         0xdc (size before relaxing)
 .eh_frame      0x000000000002d564       0xa4 obj_cooja/mtype534.a(timer.o)
                                         0xbc (size before relaxing)
 .eh_frame      0x000000000002d608       0x60 obj_cooja/mtype534.a(serial-line.o)
                                         0x78 (size before relaxing)
 .eh_frame      0x000000000002d668      0x180 obj_cooja/mtype534.a(list.o)
                                        0x198 (size before relaxing)
 .eh_frame      0x000000000002d7e8       0xa0 obj_cooja/mtype534.a(ringbuf.o)
                                         0xb8 (size before relaxing)
 .eh_frame      0x000000000002d888      0x350 obj_cooja/mtype534.a(sicslowpan.o)
                                        0x368 (size before relaxing)
 .eh_frame      0x000000000002dbd8      0x180 obj_cooja/mtype534.a(uip-ds6-nbr.o)
                                        0x198 (size before relaxing)
 .eh_frame      0x000000000002dd58      0x2a0 obj_cooja/mtype534.a(uip-ds6-route.o)
                                        0x2b8 (size before relaxing)
 .eh_frame      0x000000000002dff8      0x3c8 obj_cooja/mtype534.a(uip-ds6.o)
                                        0x3e0 (size before relaxing)
 .eh_frame      0x000000000002e3c0      0x27c obj_cooja/mtype534.a(uip6.o)
                                        0x294 (size before relaxing)
 .eh_frame      0x000000000002e63c      0x270 obj_cooja/mtype534.a(tcpip.o)
                                        0x288 (size before relaxing)
 .eh_frame      0x000000000002e8ac       0x48 obj_cooja/mtype534.a(uip-debug.o)
                                         0x60 (size before relaxing)
 .eh_frame      0x000000000002e8f4       0xe0 obj_cooja/mtype534.a(uip-packetqueue)
                                         0xf8 (size before relaxing)
 .eh_frame      0x000000000002e9d4       0x40 obj_cooja/mtype534.a(uip-udp-packet.)
                                         0x58 (size before relaxing)
 .eh_frame      0x000000000002ea14      0x76c obj_cooja/mtype534.a(rpl-dag.o)
                                        0x784 (size before relaxing)
 .eh_frame      0x000000000002f180      0x10c obj_cooja/mtype534.a(rpl-ext-header.)
                                        0x124 (size before relaxing)
 .eh_frame      0x000000000002f28c      0x2f8 obj_cooja/mtype534.a(rpl-icmp6.o)
                                        0x310 (size before relaxing)
 .eh_frame      0x000000000002f584       0xe0 obj_cooja/mtype534.a(rpl-ltmax.o)
                                         0xf8 (size before relaxing)
 .eh_frame      0x000000000002f664      0x20c obj_cooja/mtype534.a(rpl-timers.o)
                                        0x224 (size before relaxing)
 .eh_frame      0x000000000002f870      0x148 obj_cooja/mtype534.a(rpl.o)
                                        0x160 (size before relaxing)
 .eh_frame      0x000000000002f9b8      0x28c obj_cooja/mtype534.a(csma.o)
                                        0x2a4 (size before relaxing)
 .eh_frame      0x000000000002fc44      0x108 obj_cooja/mtype534.a(framer-802154.o)
                                        0x120 (size before relaxing)
 .eh_frame      0x000000000002fd4c       0x20 obj_cooja/mtype534.a(mac.o)
                                         0x38 (size before relaxing)
 .eh_frame      0x000000000002fd6c      0x2c0 obj_cooja/mtype534.a(cxmac.o)
                                        0x2d8 (size before relaxing)
 .eh_frame      0x000000000003002c       0x80 obj_cooja/mtype534.a(linkaddr.o)
                                         0x98 (size before relaxing)
 .eh_frame      0x00000000000300ac      0x2cc obj_cooja/mtype534.a(nbr-table.o)
                                        0x2e4 (size before relaxing)
 .eh_frame      0x0000000000030378       0x20 obj_cooja/mtype534.a(netstack.o)
                                         0x38 (size before relaxing)
 .eh_frame      0x0000000000030398      0x214 obj_cooja/mtype534.a(packetbuf.o)
                                        0x22c (size before relaxing)
 .eh_frame      0x00000000000305ac      0x1a0 obj_cooja/mtype534.a(queuebuf.o)
                                        0x1b8 (size before relaxing)
 .eh_frame      0x000000000003074c       0x80 obj_cooja/mtype534.a(nullsec.o)
                                         0x98 (size before relaxing)
 .eh_frame      0x00000000000307cc       0xa0 obj_cooja/mtype534.a(watchdog.o)
                                         0xb8 (size before relaxing)
 .eh_frame      0x000000000003086c       0xa0 obj_cooja/mtype534.a(memb.o)
                                         0xb8 (size before relaxing)
 .eh_frame      0x000000000003090c      0x168 obj_cooja/mtype534.a(uip-icmp6.o)
                                        0x180 (size before relaxing)
 .eh_frame      0x0000000000030a74       0x68 obj_cooja/mtype534.a(uip-nd6.o)
                                         0x80 (size before relaxing)
 .eh_frame      0x0000000000030adc       0xc0 obj_cooja/mtype534.a(rpl-nbr-policy.)
                                         0xd8 (size before relaxing)
 .eh_frame      0x0000000000030b9c      0x164 obj_cooja/mtype534.a(frame802154.o)
                                        0x17c (size before relaxing)
 .eh_frame      0x0000000000030d00        0x4 /usr/lib/gcc/i686-linux-gnu/4.8/crtendS.o

.gcc_except_table
 *(.gcc_except_table .gcc_except_table.*)

.exception_ranges
 *(.exception_ranges .exception_ranges*)
                0x0000000000030d04                . = (ALIGN (0x1000) - ((0x1000 - .) & 0xfff))
                0x0000000000031ef8                . = DATA_SEGMENT_ALIGN (0x1000, 0x1000)

.eh_frame
 *(.eh_frame)

.gcc_except_table
 *(.gcc_except_table .gcc_except_table.*)

.exception_ranges
 *(.exception_ranges .exception_ranges*)

.tdata
 *(.tdata .tdata.* .gnu.linkonce.td.*)

.tbss
 *(.tbss .tbss.* .gnu.linkonce.tb.*)
 *(.tcommon)

.preinit_array
 *(.preinit_array)

.init_array     0x0000000000031ef8        0x4
 *(SORT(.init_array.*) SORT(.ctors.*))
 *(.init_array EXCLUDE_FILE(*crtend?.o *crtend.o *crtbegin?.o *crtbegin.o) .ctors)
 .init_array    0x0000000000031ef8        0x4 /usr/lib/gcc/i686-linux-gnu/4.8/crtbeginS.o

.fini_array     0x0000000000031efc        0x4
 *(SORT(.fini_array.*) SORT(.dtors.*))
 *(.fini_array EXCLUDE_FILE(*crtend?.o *crtend.o *crtbegin?.o *crtbegin.o) .dtors)
 .fini_array    0x0000000000031efc        0x4 /usr/lib/gcc/i686-linux-gnu/4.8/crtbeginS.o

.ctors
 *crtbegin.o(.ctors)
 *crtbegin?.o(.ctors)
 *(EXCLUDE_FILE(*crtend?.o *crtend.o) .ctors)
 *(SORT(.ctors.*))
 *(.ctors)

.dtors
 *crtbegin.o(.dtors)
 *crtbegin?.o(.dtors)
 *(EXCLUDE_FILE(*crtend?.o *crtend.o) .dtors)
 *(SORT(.dtors.*))
 *(.dtors)

.jcr            0x0000000000031f00        0x4
 *(.jcr)
 .jcr           0x0000000000031f00        0x0 /usr/lib/gcc/i686-linux-gnu/4.8/crtbeginS.o
 .jcr           0x0000000000031f00        0x4 /usr/lib/gcc/i686-linux-gnu/4.8/crtendS.o

.data.rel.ro
 *(.data.rel.ro.local* .gnu.linkonce.d.rel.ro.local.*)
 *(.data.rel.ro .data.rel.ro.* .gnu.linkonce.d.rel.ro.*)

.dynamic        0x0000000000031f04       0xe8
 *(.dynamic)
 .dynamic       0x0000000000031f04       0xe8 /usr/lib/gcc/i686-linux-gnu/4.8/../../../i386-linux-gnu/crti.o
                0x0000000000031f04                _DYNAMIC

.got            0x0000000000031fec       0x14
 *(.got)
 .got           0x0000000000031fec       0x14 /usr/lib/gcc/i686-linux-gnu/4.8/../../../i386-linux-gnu/crti.o
 *(.igot)
                0x0000000000032ff4                . = DATA_SEGMENT_RELRO_END (., (SIZEOF (.got.plt) >= 0xc)?0xc:0x0)

.got.plt        0x0000000000032000       0x14
 *(.got.plt)
 .got.plt       0x0000000000032000       0x14 /usr/lib/gcc/i686-linux-gnu/4.8/../../../i386-linux-gnu/crti.o
                0x0000000000032000                _GLOBAL_OFFSET_TABLE_
 *(.igot.plt)

.data           0x0000000000032020      0x2c2
 *(.data .data.* .gnu.linkonce.d.*)
 .data          0x0000000000032020        0x0 /usr/lib/gcc/i686-linux-gnu/4.8/../../../i386-linux-gnu/crti.o
 .data          0x0000000000032020        0x0 /usr/lib/gcc/i686-linux-gnu/4.8/crtbeginS.o
 .data.rel      0x0000000000032020        0x4 /usr/lib/gcc/i686-linux-gnu/4.8/crtbeginS.o
                0x0000000000032020                __dso_handle
 .data          0x0000000000032024       0x10 udp-client.co
                0x0000000000032024                udp_client_process
 *fill*         0x0000000000032034        0xc 
 .data          0x0000000000032040       0x44 obj_cooja/mtype534.o
                0x0000000000032040                simInterfaces
                0x0000000000032074                sensors
 .data          0x0000000000032084        0x0 obj_cooja/mtype534.a(simEnvChange.o)
 .data          0x0000000000032084        0x0 obj_cooja/mtype534.a(cooja_mt.o)
 .data          0x0000000000032084        0x0 obj_cooja/mtype534.a(cooja_mtarch.o)
 .data          0x0000000000032084        0x0 obj_cooja/mtype534.a(rtimer-arch.o)
 .data          0x0000000000032084        0x0 obj_cooja/mtype534.a(beep.o)
 .data          0x0000000000032084        0x0 obj_cooja/mtype534.a(button-sensor.o)
 .data          0x0000000000032084        0x0 obj_cooja/mtype534.a(leds-arch.o)
 .data          0x0000000000032084        0x0 obj_cooja/mtype534.a(moteid.o)
 .data          0x0000000000032084        0x0 obj_cooja/mtype534.a(pir-sensor.o)
 .data          0x0000000000032084        0x0 obj_cooja/mtype534.a(rs232.o)
 .data          0x0000000000032084        0x0 obj_cooja/mtype534.a(vib-sensor.o)
 .data          0x0000000000032084        0x0 obj_cooja/mtype534.a(clock.o)
 .data          0x0000000000032084        0x0 obj_cooja/mtype534.a(log.o)
 .data          0x0000000000032084        0x0 obj_cooja/mtype534.a(cfs-cooja.o)
 .data          0x0000000000032084       0x40 obj_cooja/mtype534.a(cooja-radio.o)
                0x0000000000032084                simRadioChannelLR
                0x0000000000032088                simRadioHWOnLR
                0x000000000003208c                simSignalStrengthLR
                0x0000000000032090                simLastSignalStrengthLR
                0x0000000000032094                simPowerLR
                0x0000000000032098                simLQILR
                0x000000000003209c                simRadioChannel
                0x00000000000320a0                simRadioHWOn
                0x00000000000320a4                simSignalStrength
                0x00000000000320a8                simLastSignalStrength
                0x00000000000320ac                simPower
                0x00000000000320b0                simLQI
                0x00000000000320b4                cooja_radio_process
 .data          0x00000000000320c4        0x0 obj_cooja/mtype534.a(eeprom.o)
 .data          0x00000000000320c4        0x0 obj_cooja/mtype534.a(random.o)
 .data          0x00000000000320c4       0x10 obj_cooja/mtype534.a(sensors.o)
                0x00000000000320c4                sensors_process
 .data          0x00000000000320d4        0x0 obj_cooja/mtype534.a(leds.o)
 .data          0x00000000000320d4       0x3a obj_cooja/mtype534.a(dual_conf.o)
                0x00000000000320d4                radio_received
                0x00000000000320d8                dual_dio_broadcast
                0x00000000000320e8                dual_dis_broadcast
                0x00000000000320f8                dual_LSA_converge_broadcast
 .data          0x000000000003210e        0x0 obj_cooja/mtype534.a(autostart.o)
 *fill*         0x000000000003210e        0x2 
 .data          0x0000000000032110       0x14 obj_cooja/mtype534.a(ctimer.o)
                0x0000000000032114                ctimer_process
 .data          0x0000000000032124       0x10 obj_cooja/mtype534.a(etimer.o)
                0x0000000000032124                etimer_process
 .data          0x0000000000032134        0x0 obj_cooja/mtype534.a(log_message.o)
 .data          0x0000000000032134        0x0 obj_cooja/mtype534.a(process.o)
 .data          0x0000000000032134        0x0 obj_cooja/mtype534.a(residual.o)
 .data          0x0000000000032134        0x0 obj_cooja/mtype534.a(rtimer.o)
 .data          0x0000000000032134        0x0 obj_cooja/mtype534.a(stimer.o)
 .data          0x0000000000032134        0x0 obj_cooja/mtype534.a(timer.o)
 .data          0x0000000000032134       0x10 obj_cooja/mtype534.a(serial-line.o)
                0x0000000000032134                serial_line_process
 .data          0x0000000000032144        0x0 obj_cooja/mtype534.a(list.o)
 .data          0x0000000000032144        0x0 obj_cooja/mtype534.a(ringbuf.o)
 .data          0x0000000000032144        0x0 obj_cooja/mtype534.a(sicslowpan.o)
 .data          0x0000000000032144       0x14 obj_cooja/mtype534.a(uip-ds6-nbr.o)
                0x0000000000032154                ds6_neighbors
 .data          0x0000000000032158       0x44 obj_cooja/mtype534.a(uip-ds6-route.o)
                0x0000000000032168                nbr_routes
 .data          0x000000000003219c        0x0 obj_cooja/mtype534.a(uip-ds6.o)
 .data          0x000000000003219c        0x0 obj_cooja/mtype534.a(uip6.o)
 .data          0x000000000003219c       0x10 obj_cooja/mtype534.a(tcpip.o)
                0x000000000003219c                tcpip_process
 .data          0x00000000000321ac        0x0 obj_cooja/mtype534.a(uip-debug.o)
 .data          0x00000000000321ac        0xc obj_cooja/mtype534.a(uip-packetqueue)
 .data          0x00000000000321b8        0x0 obj_cooja/mtype534.a(uip-udp-packet.)
 .data          0x00000000000321b8       0x28 obj_cooja/mtype534.a(rpl-dag.o)
                0x00000000000321c8                rpl_parents
                0x00000000000321dc                rpl_children
 .data          0x00000000000321e0        0x0 obj_cooja/mtype534.a(rpl-ext-header.)
 .data          0x00000000000321e0       0x40 obj_cooja/mtype534.a(rpl-icmp6.o)
 .data          0x0000000000032220       0x1c obj_cooja/mtype534.a(rpl-ltmax.o)
                0x0000000000032220                rpl_ltmax_of
 .data          0x000000000003223c        0x0 obj_cooja/mtype534.a(rpl-timers.o)
 .data          0x000000000003223c        0x0 obj_cooja/mtype534.a(rpl.o)
 .data          0x000000000003223c       0x28 obj_cooja/mtype534.a(csma.o)
 .data          0x0000000000032264        0x0 obj_cooja/mtype534.a(framer-802154.o)
 .data          0x0000000000032264        0x0 obj_cooja/mtype534.a(mac.o)
 .data          0x0000000000032264       0x30 obj_cooja/mtype534.a(cxmac.o)
                0x0000000000032264                cxmac_config
                0x0000000000032274                strobe_wait
 .data          0x0000000000032294        0x0 obj_cooja/mtype534.a(linkaddr.o)
 .data          0x0000000000032294       0x10 obj_cooja/mtype534.a(nbr-table.o)
 .data          0x00000000000322a4        0x0 obj_cooja/mtype534.a(netstack.o)
 .data          0x00000000000322a4        0x4 obj_cooja/mtype534.a(packetbuf.o)
 .data          0x00000000000322a8       0x18 obj_cooja/mtype534.a(queuebuf.o)
 .data          0x00000000000322c0        0x0 obj_cooja/mtype534.a(nullsec.o)
 .data          0x00000000000322c0        0x0 obj_cooja/mtype534.a(watchdog.o)
 .data          0x00000000000322c0        0x0 obj_cooja/mtype534.a(rimestats.o)
 .data          0x00000000000322c0        0x0 obj_cooja/mtype534.a(memb.o)
 .data          0x00000000000322c0       0x20 obj_cooja/mtype534.a(uip-icmp6.o)
 .data          0x00000000000322e0        0x0 obj_cooja/mtype534.a(uip-nd6.o)
 .data          0x00000000000322e0        0x0 obj_cooja/mtype534.a(rpl-nbr-policy.)
 .data          0x00000000000322e0        0x2 obj_cooja/mtype534.a(frame802154.o)
 .data          0x00000000000322e2        0x0 /usr/lib/gcc/i686-linux-gnu/4.8/crtendS.o
 .data          0x00000000000322e2        0x0 /usr/lib/gcc/i686-linux-gnu/4.8/../../../i386-linux-gnu/crtn.o

.tm_clone_table
                0x00000000000322e4        0x0
 .tm_clone_table
                0x00000000000322e4        0x0 /usr/lib/gcc/i686-linux-gnu/4.8/crtbeginS.o
 .tm_clone_table
                0x00000000000322e4        0x0 /usr/lib/gcc/i686-linux-gnu/4.8/crtendS.o

.data1
 *(.data1)
                0x00000000000322e4                _edata = .
                0x00000000000322e4                PROVIDE (edata, .)
                0x00000000000322e4                . = .
                0x00000000000322e4                __bss_start = .

.bss            0x0000000000032300     0x8628
 *(.dynbss)
 .dynbss        0x0000000000000000        0x0 /usr/lib/gcc/i686-linux-gnu/4.8/../../../i386-linux-gnu/crti.o
 *(.bss .bss.* .gnu.linkonce.b.*)
 .bss           0x0000000000032300        0x0 /usr/lib/gcc/i686-linux-gnu/4.8/../../../i386-linux-gnu/crti.o
 .bss           0x0000000000032300        0x1 /usr/lib/gcc/i686-linux-gnu/4.8/crtbeginS.o
 *fill*         0x0000000000032301       0x1f 
 .bss           0x0000000000032320       0x60 udp-client.co
                0x0000000000032320                my_weight
 .bss           0x0000000000032380     0x2030 obj_cooja/mtype534.o
 .bss           0x00000000000343b0        0x1 obj_cooja/mtype534.a(simEnvChange.o)
                0x00000000000343b0                simDontFallAsleep
 *fill*         0x00000000000343b1        0x3 
 .bss           0x00000000000343b4        0x4 obj_cooja/mtype534.a(cooja_mt.o)
 .bss           0x00000000000343b8        0x4 obj_cooja/mtype534.a(cooja_mtarch.o)
 .bss           0x00000000000343bc        0xc obj_cooja/mtype534.a(rtimer-arch.o)
 .bss           0x00000000000343c8        0x0 obj_cooja/mtype534.a(beep.o)
 .bss           0x00000000000343c8        0x8 obj_cooja/mtype534.a(button-sensor.o)
 .bss           0x00000000000343d0        0x0 obj_cooja/mtype534.a(leds-arch.o)
 .bss           0x00000000000343d0        0x0 obj_cooja/mtype534.a(moteid.o)
 .bss           0x00000000000343d0        0x1 obj_cooja/mtype534.a(pir-sensor.o)
                0x00000000000343d0                simPirValue
 *fill*         0x00000000000343d1        0x3 
 .bss           0x00000000000343d4        0x4 obj_cooja/mtype534.a(rs232.o)
 .bss           0x00000000000343d8        0x1 obj_cooja/mtype534.a(vib-sensor.o)
                0x00000000000343d8                simVibValue
 .bss           0x00000000000343d9        0x0 obj_cooja/mtype534.a(clock.o)
 *fill*         0x00000000000343d9        0x7 
 .bss           0x00000000000343e0      0x420 obj_cooja/mtype534.a(log.o)
 .bss           0x0000000000034800      0xfc0 obj_cooja/mtype534.a(cfs-cooja.o)
                0x0000000000034800                simCFSData
                0x00000000000357a0                simCFSSize
                0x00000000000357a4                simCFSChanged
                0x00000000000357a8                simCFSRead
                0x00000000000357ac                simCFSWritten
 .bss           0x00000000000357c0       0x24 obj_cooja/mtype534.a(cooja-radio.o)
                0x00000000000357c0                simReceivingLR
                0x00000000000357c4                simInSizeLR
                0x00000000000357c8                simOutSizeLR
                0x00000000000357cc                simReceiving
                0x00000000000357d0                simInSize
                0x00000000000357d4                simOutSize
                0x00000000000357d8                LongRangeTransmit
                0x00000000000357dc                LongRangeReceiving
 .bss           0x00000000000357e4        0xc obj_cooja/mtype534.a(eeprom.o)
                0x00000000000357e4                simEEPROMChanged
                0x00000000000357e8                simEEPROMRead
                0x00000000000357ec                simEEPROMWritten
 .bss           0x00000000000357f0        0x0 obj_cooja/mtype534.a(random.o)
 .bss           0x00000000000357f0        0xc obj_cooja/mtype534.a(sensors.o)
 .bss           0x00000000000357fc        0x1 obj_cooja/mtype534.a(leds.o)
 *fill*         0x00000000000357fd        0x3 
 .bss           0x0000000000035800       0x40 obj_cooja/mtype534.a(dual_conf.o)
                0x0000000000035800                long_range_radio
 .bss           0x0000000000035840        0x0 obj_cooja/mtype534.a(autostart.o)
 .bss           0x0000000000035840        0x5 obj_cooja/mtype534.a(ctimer.o)
 *fill*         0x0000000000035845        0x3 
 .bss           0x0000000000035848        0x8 obj_cooja/mtype534.a(etimer.o)
 .bss           0x0000000000035850        0x0 obj_cooja/mtype534.a(log_message.o)
 *fill*         0x0000000000035850       0x10 
 .bss           0x0000000000035860      0x1b1 obj_cooja/mtype534.a(process.o)
                0x0000000000035860                process_list
                0x0000000000035864                process_current
 .bss           0x0000000000035a11        0x0 obj_cooja/mtype534.a(residual.o)
 *fill*         0x0000000000035a11        0x3 
 .bss           0x0000000000035a14        0x4 obj_cooja/mtype534.a(rtimer.o)
 .bss           0x0000000000035a18        0x0 obj_cooja/mtype534.a(stimer.o)
 .bss           0x0000000000035a18        0x0 obj_cooja/mtype534.a(timer.o)
 *fill*         0x0000000000035a18        0x8 
 .bss           0x0000000000035a20      0x140 obj_cooja/mtype534.a(serial-line.o)
 .bss           0x0000000000035b60        0x0 obj_cooja/mtype534.a(list.o)
 .bss           0x0000000000035b60        0x0 obj_cooja/mtype534.a(ringbuf.o)
 .bss           0x0000000000035b60      0x70c obj_cooja/mtype534.a(sicslowpan.o)
 *fill*         0x000000000003626c       0x14 
 .bss           0x0000000000036280       0xc0 obj_cooja/mtype534.a(uip-ds6-nbr.o)
 .bss           0x0000000000036340      0x4a8 obj_cooja/mtype534.a(uip-ds6-route.o)
 .bss           0x00000000000367e8       0x30 obj_cooja/mtype534.a(uip-ds6.o)
 .bss           0x0000000000036818        0xe obj_cooja/mtype534.a(uip6.o)
                0x0000000000036818                uip_ext_bitmap
                0x0000000000036819                uip_ext_len
                0x000000000003681a                uip_ext_opt_offset
 *fill*         0x0000000000036826       0x1a 
 .bss           0x0000000000036840       0x6b obj_cooja/mtype534.a(tcpip.o)
 .bss           0x00000000000368ab        0x0 obj_cooja/mtype534.a(uip-debug.o)
 *fill*         0x00000000000368ab       0x15 
 .bss           0x00000000000368c0      0xcf8 obj_cooja/mtype534.a(uip-packetqueue)
 .bss           0x00000000000375b8        0x0 obj_cooja/mtype534.a(uip-udp-packet.)
 *fill*         0x00000000000375b8        0x8 
 .bss           0x00000000000375c0       0x88 obj_cooja/mtype534.a(rpl-dag.o)
 .bss           0x0000000000037648        0x0 obj_cooja/mtype534.a(rpl-ext-header.)
 .bss           0x0000000000037648        0x0 obj_cooja/mtype534.a(rpl-icmp6.o)
 .bss           0x0000000000037648        0x0 obj_cooja/mtype534.a(rpl-ltmax.o)
 *fill*         0x0000000000037648       0x18 
 .bss           0x0000000000037660       0x60 obj_cooja/mtype534.a(rpl-timers.o)
 .bss           0x00000000000376c0        0x4 obj_cooja/mtype534.a(rpl.o)
 *fill*         0x00000000000376c4       0x1c 
 .bss           0x00000000000376e0      0x288 obj_cooja/mtype534.a(csma.o)
 .bss           0x0000000000037968        0x2 obj_cooja/mtype534.a(framer-802154.o)
 .bss           0x000000000003796a        0x0 obj_cooja/mtype534.a(mac.o)
 *fill*         0x000000000003796a       0x16 
 .bss           0x0000000000037980       0xb1 obj_cooja/mtype534.a(cxmac.o)
 .bss           0x0000000000037a31        0x0 obj_cooja/mtype534.a(linkaddr.o)
 *fill*         0x0000000000037a31        0xf 
 .bss           0x0000000000037a40       0xc4 obj_cooja/mtype534.a(nbr-table.o)
 .bss           0x0000000000037b04        0x0 obj_cooja/mtype534.a(netstack.o)
 *fill*         0x0000000000037b04       0x1c 
 .bss           0x0000000000037b20       0xa0 obj_cooja/mtype534.a(packetbuf.o)
 .bss           0x0000000000037bc0      0xb80 obj_cooja/mtype534.a(queuebuf.o)
 .bss           0x0000000000038740        0x0 obj_cooja/mtype534.a(nullsec.o)
 .bss           0x0000000000038740        0x0 obj_cooja/mtype534.a(watchdog.o)
 .bss           0x0000000000038740        0x0 obj_cooja/mtype534.a(rimestats.o)
 .bss           0x0000000000038740        0x0 obj_cooja/mtype534.a(memb.o)
 .bss           0x0000000000038740       0x18 obj_cooja/mtype534.a(uip-icmp6.o)
 .bss           0x0000000000038758        0x0 obj_cooja/mtype534.a(uip-nd6.o)
 *fill*         0x0000000000038758        0x8 
 .bss           0x0000000000038760       0x44 obj_cooja/mtype534.a(rpl-nbr-policy.)
 .bss           0x00000000000387a4        0x0 obj_cooja/mtype534.a(frame802154.o)
 .bss           0x00000000000387a4        0x0 /usr/lib/gcc/i686-linux-gnu/4.8/crtendS.o
 .bss           0x00000000000387a4        0x0 /usr/lib/gcc/i686-linux-gnu/4.8/../../../i386-linux-gnu/crtn.o
 *(COMMON)
 COMMON         0x00000000000387a4       0x75 udp-client.co
                0x00000000000387a4                dio_count
                0x00000000000387a8                dis_count
                0x00000000000387ac                tcp_output_count
                0x00000000000387b0                csma_transmission_count
                0x00000000000387b4                dao_ack_fwd_count
                0x00000000000387b8                COOJA_radioRxLong
                0x00000000000387bc                cxmac_collision_count
                0x00000000000387c0                LSA_message_input
                0x00000000000387c4                control_message_count
                0x00000000000387c8                dao_count
                0x00000000000387cc                icmp_count
                0x00000000000387d0                COOJA_radioTx
                0x00000000000387d4                LSA_SR_preamble
                0x00000000000387d8                cxmac_transmission_count
                0x00000000000387dc                dao_ack_count
                0x00000000000387e0                LSA_lr_child
                0x00000000000387e4                data_message_count
                0x00000000000387e8                LSA_converge
                0x00000000000387e9                my_sink_reachability
                0x00000000000387ec                COOJA_radioTxLong
                0x00000000000387f0                COOJA_radioRx
                0x00000000000387f4                my_parent_number
                0x00000000000387f8                COOJA_radioOn
                0x00000000000387fc                LSA_broadcast_count
                0x0000000000038800                LSA_count
                0x0000000000038804                dao_fwd_count
                0x0000000000038808                COOJA_duration
                0x000000000003880c                dio_ack_count
                0x0000000000038810                COOJA_radioOnLong
                0x0000000000038814                data_fwd_count
                0x0000000000038818                LSA_message_flag
 *fill*         0x0000000000038819        0x3 
 COMMON         0x000000000003881c        0xc obj_cooja/mtype534.o
                0x000000000003881c                referenceVar
                0x0000000000038820                debugfp
                0x0000000000038824                sensors_flags
 COMMON         0x0000000000038828        0xc obj_cooja/mtype534.a(simEnvChange.o)
                0x0000000000038828                simEtimerPending
                0x000000000003882c                simProcessRunValue
                0x0000000000038830                simNextExpirationTime
 COMMON         0x0000000000038834        0x1 obj_cooja/mtype534.a(beep.o)
                0x0000000000038834                simBeeped
 COMMON         0x0000000000038835        0x3 obj_cooja/mtype534.a(button-sensor.o)
                0x0000000000038835                simButtonIsActive
                0x0000000000038836                simButtonIsDown
                0x0000000000038837                simButtonChanged
 COMMON         0x0000000000038838        0x1 obj_cooja/mtype534.a(leds-arch.o)
                0x0000000000038838                simLedsValue
 *fill*         0x0000000000038839        0x3 
 COMMON         0x000000000003883c        0xc obj_cooja/mtype534.a(moteid.o)
                0x000000000003883c                simRandomSeed
                0x0000000000038840                simMoteIDChanged
                0x0000000000038844                simMoteID
 COMMON         0x0000000000038848        0x2 obj_cooja/mtype534.a(pir-sensor.o)
                0x0000000000038848                simPirIsActive
                0x0000000000038849                simPirChanged
 *fill*         0x000000000003884a       0x16 
 COMMON         0x0000000000038860      0x820 obj_cooja/mtype534.a(rs232.o)
                0x0000000000038860                simSerialReceivingFlag
                0x0000000000038864                simSerialReceivingLength
                0x0000000000038880                simSerialReceivingData
 COMMON         0x0000000000039080        0x2 obj_cooja/mtype534.a(vib-sensor.o)
                0x0000000000039080                simVibChanged
                0x0000000000039081                simVibIsActive
 *fill*         0x0000000000039082        0x2 
 COMMON         0x0000000000039084        0x4 obj_cooja/mtype534.a(clock.o)
                0x0000000000039084                simCurrentTime
 *fill*         0x0000000000039088       0x18 
 COMMON         0x00000000000390a0      0x420 obj_cooja/mtype534.a(log.o)
                0x00000000000390a0                simLoggedLength
                0x00000000000390a4                simLoggedFlag
                0x00000000000390c0                simLoggedData
 COMMON         0x00000000000394c0      0x240 obj_cooja/mtype534.a(cooja-radio.o)
                0x00000000000394c0                simOutDataBuffer
                0x0000000000039540                simRadioTarget
                0x0000000000039560                simInDataBufferLR
                0x00000000000395e0                simOutDataBufferLR
                0x0000000000039660                dual_duty_cycle_count
                0x0000000000039680                simInDataBuffer
 COMMON         0x0000000000039700      0x400 obj_cooja/mtype534.a(eeprom.o)
                0x0000000000039700                simEEPROMData
 COMMON         0x0000000000039b00        0x1 obj_cooja/mtype534.a(sensors.o)
                0x0000000000039b00                sensors_event
 *fill*         0x0000000000039b01        0x3 
 COMMON         0x0000000000039b04        0x4 obj_cooja/mtype534.a(log_message.o)
                0x0000000000039b04                log_fp
 COMMON         0x0000000000039b08        0x1 obj_cooja/mtype534.a(serial-line.o)
                0x0000000000039b08                serial_line_event_message
 COMMON         0x0000000000039b09        0x1 obj_cooja/mtype534.a(sicslowpan.o)
                0x0000000000039b09                p
 *fill*         0x0000000000039b0a       0x16 
 COMMON         0x0000000000039b20       0x50 obj_cooja/mtype534.a(uip-ds6-nbr.o)
                0x0000000000039b20                ds6_lr_addrmap
 *fill*         0x0000000000039b70       0x10 
 COMMON         0x0000000000039b80      0x298 obj_cooja/mtype534.a(uip-ds6.o)
                0x0000000000039b80                uip_ds6_prefix_list
                0x0000000000039be0                uip_ds6_timer_periodic
                0x0000000000039bf0                uip_ds6_netif_addr_list_offset
                0x0000000000039c00                uip_ds6_if
                0x0000000000039cf8                uip_ds6_timer_ra
                0x0000000000039d00                uip_ds6_addr_size
                0x0000000000039d20                long_uip_ds6_if
 *fill*         0x0000000000039e18        0x8 
 COMMON         0x0000000000039e20      0x8ec obj_cooja/mtype534.a(uip6.o)
                0x0000000000039e20                uip_slen
                0x0000000000039e22                uip_acc32
                0x0000000000039e40                uip_conns
                0x0000000000039f00                uip_lladdr
                0x0000000000039f08                uip_appdata
                0x0000000000039f0c                uip_flags
                0x0000000000039f20                uip_aligned_buf
                0x000000000003a560                uip_listenports
                0x000000000003a570                uip_len
                0x000000000003a572                uip_long_lladdr
                0x000000000003a57c                uip_sappdata
                0x000000000003a580                uip_udp_conns
                0x000000000003a700                uip_udp_conn
                0x000000000003a704                uip_next_hdr
                0x000000000003a708                uip_conn
 COMMON         0x000000000003a70c        0x1 obj_cooja/mtype534.a(tcpip.o)
                0x000000000003a70c                tcpip_event
 *fill*         0x000000000003a70d       0x13 
 COMMON         0x000000000003a720      0x178 obj_cooja/mtype534.a(rpl-dag.o)
                0x000000000003a720                default_instance
                0x000000000003a740                instance_table
 COMMON         0x000000000003a898       0x10 obj_cooja/mtype534.a(linkaddr.o)
                0x000000000003a898                linkaddr_node_addr
                0x000000000003a8a0                long_linkaddr_node_addr
 COMMON         0x000000000003a8a8       0x2e obj_cooja/mtype534.a(packetbuf.o)
                0x000000000003a8a8                packetbuf_attrs
                0x000000000003a8c6                packetbuf_addrs
 *fill*         0x000000000003a8d6        0xa 
 COMMON         0x000000000003a8e0       0x48 obj_cooja/mtype534.a(rimestats.o)
                0x000000000003a8e0                rimestats
                0x000000000003a928                . = ALIGN ((. != 0x0)?0x4:0x1)
                0x000000000003a928                . = ALIGN (0x4)
                0x000000000003a928                . = SEGMENT_START ("ldata-segment", .)
                0x000000000003a928                . = ALIGN (0x4)
                0x000000000003a928                _end = .
                0x000000000003a928                PROVIDE (end, .)
                0x000000000003a928                . = DATA_SEGMENT_END (.)

.stab
 *(.stab)

.stabstr
 *(.stabstr)

.stab.excl
 *(.stab.excl)

.stab.exclstr
 *(.stab.exclstr)

.stab.index
 *(.stab.index)

.stab.indexstr
 *(.stab.indexstr)

.comment        0x0000000000000000       0x29
 *(.comment)
 .comment       0x0000000000000000       0x29 /usr/lib/gcc/i686-linux-gnu/4.8/crtbeginS.o
                                         0x2a (size before relaxing)
 .comment       0x0000000000000000       0x2a udp-client.co
 .comment       0x0000000000000000       0x2a obj_cooja/mtype534.o
 .comment       0x0000000000000000       0x2a obj_cooja/mtype534.a(simEnvChange.o)
 .comment       0x0000000000000000       0x2a obj_cooja/mtype534.a(cooja_mt.o)
 .comment       0x0000000000000000       0x2a obj_cooja/mtype534.a(cooja_mtarch.o)
 .comment       0x0000000000000000       0x2a obj_cooja/mtype534.a(rtimer-arch.o)
 .comment       0x0000000000000000       0x2a obj_cooja/mtype534.a(beep.o)
 .comment       0x0000000000000000       0x2a obj_cooja/mtype534.a(button-sensor.o)
 .comment       0x0000000000000000       0x2a obj_cooja/mtype534.a(leds-arch.o)
 .comment       0x0000000000000000       0x2a obj_cooja/mtype534.a(moteid.o)
 .comment       0x0000000000000000       0x2a obj_cooja/mtype534.a(pir-sensor.o)
 .comment       0x0000000000000000       0x2a obj_cooja/mtype534.a(rs232.o)
 .comment       0x0000000000000000       0x2a obj_cooja/mtype534.a(vib-sensor.o)
 .comment       0x0000000000000000       0x2a obj_cooja/mtype534.a(clock.o)
 .comment       0x0000000000000000       0x2a obj_cooja/mtype534.a(log.o)
 .comment       0x0000000000000000       0x2a obj_cooja/mtype534.a(cfs-cooja.o)
 .comment       0x0000000000000000       0x2a obj_cooja/mtype534.a(cooja-radio.o)
 .comment       0x0000000000000000       0x2a obj_cooja/mtype534.a(eeprom.o)
 .comment       0x0000000000000000       0x2a obj_cooja/mtype534.a(random.o)
 .comment       0x0000000000000000       0x2a obj_cooja/mtype534.a(sensors.o)
 .comment       0x0000000000000000       0x2a obj_cooja/mtype534.a(leds.o)
 .comment       0x0000000000000000       0x2a obj_cooja/mtype534.a(dual_conf.o)
 .comment       0x0000000000000000       0x2a obj_cooja/mtype534.a(autostart.o)
 .comment       0x0000000000000000       0x2a obj_cooja/mtype534.a(ctimer.o)
 .comment       0x0000000000000000       0x2a obj_cooja/mtype534.a(etimer.o)
 .comment       0x0000000000000000       0x2a obj_cooja/mtype534.a(log_message.o)
 .comment       0x0000000000000000       0x2a obj_cooja/mtype534.a(process.o)
 .comment       0x0000000000000000       0x2a obj_cooja/mtype534.a(residual.o)
 .comment       0x0000000000000000       0x2a obj_cooja/mtype534.a(rtimer.o)
 .comment       0x0000000000000000       0x2a obj_cooja/mtype534.a(stimer.o)
 .comment       0x0000000000000000       0x2a obj_cooja/mtype534.a(timer.o)
 .comment       0x0000000000000000       0x2a obj_cooja/mtype534.a(serial-line.o)
 .comment       0x0000000000000000       0x2a obj_cooja/mtype534.a(list.o)
 .comment       0x0000000000000000       0x2a obj_cooja/mtype534.a(ringbuf.o)
 .comment       0x0000000000000000       0x2a obj_cooja/mtype534.a(sicslowpan.o)
 .comment       0x0000000000000000       0x2a obj_cooja/mtype534.a(uip-ds6-nbr.o)
 .comment       0x0000000000000000       0x2a obj_cooja/mtype534.a(uip-ds6-route.o)
 .comment       0x0000000000000000       0x2a obj_cooja/mtype534.a(uip-ds6.o)
 .comment       0x0000000000000000       0x2a obj_cooja/mtype534.a(uip6.o)
 .comment       0x0000000000000000       0x2a obj_cooja/mtype534.a(tcpip.o)
 .comment       0x0000000000000000       0x2a obj_cooja/mtype534.a(uip-debug.o)
 .comment       0x0000000000000000       0x2a obj_cooja/mtype534.a(uip-packetqueue)
 .comment       0x0000000000000000       0x2a obj_cooja/mtype534.a(uip-udp-packet.)
 .comment       0x0000000000000000       0x2a obj_cooja/mtype534.a(rpl-dag.o)
 .comment       0x0000000000000000       0x2a obj_cooja/mtype534.a(rpl-ext-header.)
 .comment       0x0000000000000000       0x2a obj_cooja/mtype534.a(rpl-icmp6.o)
 .comment       0x0000000000000000       0x2a obj_cooja/mtype534.a(rpl-ltmax.o)
 .comment       0x0000000000000000       0x2a obj_cooja/mtype534.a(rpl-timers.o)
 .comment       0x0000000000000000       0x2a obj_cooja/mtype534.a(rpl.o)
 .comment       0x0000000000000000       0x2a obj_cooja/mtype534.a(csma.o)
 .comment       0x0000000000000000       0x2a obj_cooja/mtype534.a(framer-802154.o)
 .comment       0x0000000000000000       0x2a obj_cooja/mtype534.a(mac.o)
 .comment       0x0000000000000000       0x2a obj_cooja/mtype534.a(cxmac.o)
 .comment       0x0000000000000000       0x2a obj_cooja/mtype534.a(linkaddr.o)
 .comment       0x0000000000000000       0x2a obj_cooja/mtype534.a(nbr-table.o)
 .comment       0x0000000000000000       0x2a obj_cooja/mtype534.a(netstack.o)
 .comment       0x0000000000000000       0x2a obj_cooja/mtype534.a(packetbuf.o)
 .comment       0x0000000000000000       0x2a obj_cooja/mtype534.a(queuebuf.o)
 .comment       0x0000000000000000       0x2a obj_cooja/mtype534.a(nullsec.o)
 .comment       0x0000000000000000       0x2a obj_cooja/mtype534.a(watchdog.o)
 .comment       0x0000000000000000       0x2a obj_cooja/mtype534.a(rimestats.o)
 .comment       0x0000000000000000       0x2a obj_cooja/mtype534.a(memb.o)
 .comment       0x0000000000000000       0x2a obj_cooja/mtype534.a(uip-icmp6.o)
 .comment       0x0000000000000000       0x2a obj_cooja/mtype534.a(uip-nd6.o)
 .comment       0x0000000000000000       0x2a obj_cooja/mtype534.a(rpl-nbr-policy.)
 .comment       0x0000000000000000       0x2a obj_cooja/mtype534.a(frame802154.o)
 .comment       0x0000000000000000       0x2a /usr/lib/gcc/i686-linux-gnu/4.8/crtendS.o

.debug
 *(.debug)

.line
 *(.line)

.debug_srcinfo
 *(.debug_srcinfo)

.debug_sfnames
 *(.debug_sfnames)

.debug_aranges  0x0000000000000000      0x838
 *(.debug_aranges)
 .debug_aranges
                0x0000000000000000       0x20 udp-client.co
 .debug_aranges
                0x0000000000000020       0x20 obj_cooja/mtype534.o
 .debug_aranges
                0x0000000000000040       0x20 obj_cooja/mtype534.a(simEnvChange.o)
 .debug_aranges
                0x0000000000000060       0x20 obj_cooja/mtype534.a(cooja_mt.o)
 .debug_aranges
                0x0000000000000080       0x20 obj_cooja/mtype534.a(cooja_mtarch.o)
 .debug_aranges
                0x00000000000000a0       0x20 obj_cooja/mtype534.a(rtimer-arch.o)
 .debug_aranges
                0x00000000000000c0       0x20 obj_cooja/mtype534.a(beep.o)
 .debug_aranges
                0x00000000000000e0       0x20 obj_cooja/mtype534.a(button-sensor.o)
 .debug_aranges
                0x0000000000000100       0x20 obj_cooja/mtype534.a(leds-arch.o)
 .debug_aranges
                0x0000000000000120       0x20 obj_cooja/mtype534.a(moteid.o)
 .debug_aranges
                0x0000000000000140       0x20 obj_cooja/mtype534.a(pir-sensor.o)
 .debug_aranges
                0x0000000000000160       0x20 obj_cooja/mtype534.a(rs232.o)
 .debug_aranges
                0x0000000000000180       0x20 obj_cooja/mtype534.a(vib-sensor.o)
 .debug_aranges
                0x00000000000001a0       0x20 obj_cooja/mtype534.a(clock.o)
 .debug_aranges
                0x00000000000001c0       0x20 obj_cooja/mtype534.a(log.o)
 .debug_aranges
                0x00000000000001e0       0x20 obj_cooja/mtype534.a(cfs-cooja.o)
 .debug_aranges
                0x0000000000000200       0x20 obj_cooja/mtype534.a(cooja-radio.o)
 .debug_aranges
                0x0000000000000220       0x20 obj_cooja/mtype534.a(eeprom.o)
 .debug_aranges
                0x0000000000000240       0x20 obj_cooja/mtype534.a(random.o)
 .debug_aranges
                0x0000000000000260       0x20 obj_cooja/mtype534.a(sensors.o)
 .debug_aranges
                0x0000000000000280       0x20 obj_cooja/mtype534.a(leds.o)
 .debug_aranges
                0x00000000000002a0       0x20 obj_cooja/mtype534.a(dual_conf.o)
 .debug_aranges
                0x00000000000002c0       0x20 obj_cooja/mtype534.a(autostart.o)
 .debug_aranges
                0x00000000000002e0       0x20 obj_cooja/mtype534.a(ctimer.o)
 .debug_aranges
                0x0000000000000300       0x20 obj_cooja/mtype534.a(etimer.o)
 .debug_aranges
                0x0000000000000320       0x20 obj_cooja/mtype534.a(log_message.o)
 .debug_aranges
                0x0000000000000340       0x20 obj_cooja/mtype534.a(process.o)
 .debug_aranges
                0x0000000000000360       0x20 obj_cooja/mtype534.a(residual.o)
 .debug_aranges
                0x0000000000000380       0x20 obj_cooja/mtype534.a(rtimer.o)
 .debug_aranges
                0x00000000000003a0       0x20 obj_cooja/mtype534.a(stimer.o)
 .debug_aranges
                0x00000000000003c0       0x20 obj_cooja/mtype534.a(timer.o)
 .debug_aranges
                0x00000000000003e0       0x20 obj_cooja/mtype534.a(serial-line.o)
 .debug_aranges
                0x0000000000000400       0x20 obj_cooja/mtype534.a(list.o)
 .debug_aranges
                0x0000000000000420       0x20 obj_cooja/mtype534.a(ringbuf.o)
 .debug_aranges
                0x0000000000000440       0x20 obj_cooja/mtype534.a(sicslowpan.o)
 .debug_aranges
                0x0000000000000460       0x20 obj_cooja/mtype534.a(uip-ds6-nbr.o)
 .debug_aranges
                0x0000000000000480       0x20 obj_cooja/mtype534.a(uip-ds6-route.o)
 .debug_aranges
                0x00000000000004a0       0x20 obj_cooja/mtype534.a(uip-ds6.o)
 .debug_aranges
                0x00000000000004c0       0x20 obj_cooja/mtype534.a(uip6.o)
 .debug_aranges
                0x00000000000004e0       0x20 obj_cooja/mtype534.a(tcpip.o)
 .debug_aranges
                0x0000000000000500       0x20 obj_cooja/mtype534.a(uip-debug.o)
 .debug_aranges
                0x0000000000000520       0x20 obj_cooja/mtype534.a(uip-packetqueue)
 .debug_aranges
                0x0000000000000540       0x20 obj_cooja/mtype534.a(uip-udp-packet.)
 .debug_aranges
                0x0000000000000560       0x20 obj_cooja/mtype534.a(rpl-dag.o)
 .debug_aranges
                0x0000000000000580       0x20 obj_cooja/mtype534.a(rpl-ext-header.)
 .debug_aranges
                0x00000000000005a0       0x20 obj_cooja/mtype534.a(rpl-icmp6.o)
 .debug_aranges
                0x00000000000005c0       0x20 obj_cooja/mtype534.a(rpl-ltmax.o)
 .debug_aranges
                0x00000000000005e0       0x20 obj_cooja/mtype534.a(rpl-timers.o)
 .debug_aranges
                0x0000000000000600       0x20 obj_cooja/mtype534.a(rpl.o)
 .debug_aranges
                0x0000000000000620       0x20 obj_cooja/mtype534.a(csma.o)
 .debug_aranges
                0x0000000000000640       0x20 obj_cooja/mtype534.a(framer-802154.o)
 .debug_aranges
                0x0000000000000660       0x20 obj_cooja/mtype534.a(mac.o)
 .debug_aranges
                0x0000000000000680       0x20 obj_cooja/mtype534.a(cxmac.o)
 .debug_aranges
                0x00000000000006a0       0x20 obj_cooja/mtype534.a(linkaddr.o)
 .debug_aranges
                0x00000000000006c0       0x20 obj_cooja/mtype534.a(nbr-table.o)
 .debug_aranges
                0x00000000000006e0       0x20 obj_cooja/mtype534.a(netstack.o)
 .debug_aranges
                0x0000000000000700       0x20 obj_cooja/mtype534.a(packetbuf.o)
 .debug_aranges
                0x0000000000000720       0x20 obj_cooja/mtype534.a(queuebuf.o)
 .debug_aranges
                0x0000000000000740       0x20 obj_cooja/mtype534.a(nullsec.o)
 .debug_aranges
                0x0000000000000760       0x20 obj_cooja/mtype534.a(watchdog.o)
 .debug_aranges