Archive member included to satisfy reference by file (symbol)

obj_cooja/mtype651.a(simEnvChange.o)
                              obj_cooja/mtype651.o (simDontFallAsleep)
obj_cooja/mtype651.a(cooja_mt.o)
                              obj_cooja/mtype651.o (cooja_mt_start)
obj_cooja/mtype651.a(cooja_mtarch.o)
                              obj_cooja/mtype651.a(cooja_mt.o) (cooja_mtarch_init)
obj_cooja/mtype651.a(rtimer-arch.o)
                              obj_cooja/mtype651.o (rtimer_arch_next)
obj_cooja/mtype651.a(beep.o)  obj_cooja/mtype651.o (beep_interface)
obj_cooja/mtype651.a(button-sensor.o)
                              obj_cooja/mtype651.o (button_interface)
obj_cooja/mtype651.a(leds-arch.o)
                              obj_cooja/mtype651.o (leds_interface)
obj_cooja/mtype651.a(moteid.o)
                              obj_cooja/mtype651.o (moteid_interface)
obj_cooja/mtype651.a(pir-sensor.o)
                              obj_cooja/mtype651.o (pir_interface)
obj_cooja/mtype651.a(rs232.o)
                              obj_cooja/mtype651.o (rs232_interface)
obj_cooja/mtype651.a(vib-sensor.o)
                              obj_cooja/mtype651.o (vib_interface)
obj_cooja/mtype651.a(clock.o)
                              obj_cooja/mtype651.o (clock_interface)
obj_cooja/mtype651.a(log.o)   obj_cooja/mtype651.o (simlog_interface)
obj_cooja/mtype651.a(cfs-cooja.o)
                              obj_cooja/mtype651.o (cfs_interface)
obj_cooja/mtype651.a(cooja-radio.o)
                              obj_cooja/mtype651.o (radio_interface)
obj_cooja/mtype651.a(eeprom.o)
                              obj_cooja/mtype651.o (eeprom_interface)
obj_cooja/mtype651.a(random.o)
                              obj_cooja/mtype651.a(moteid.o) (random_init)
obj_cooja/mtype651.a(sensors.o)
                              obj_cooja/mtype651.o (sensors_process)
obj_cooja/mtype651.a(dual_conf.o)
                              obj_cooja/mtype651.a(cooja-radio.o) (long_range_radio)
obj_cooja/mtype651.a(autostart.o)
                              obj_cooja/mtype651.o (autostart_start)
obj_cooja/mtype651.a(ctimer.o)
                              obj_cooja/mtype651.o (ctimer_init)
obj_cooja/mtype651.a(etimer.o)
                              obj_cooja/mtype651.o (etimer_process)
obj_cooja/mtype651.a(log_message.o)
                              obj_cooja/mtype651.o (log_initialization)
obj_cooja/mtype651.a(process.o)
                              udp-client.co (process_current)
obj_cooja/mtype651.a(residual.o)
                              udp-client.co (get_residual_energy)
obj_cooja/mtype651.a(rtimer.o)
                              obj_cooja/mtype651.a(rtimer-arch.o) (rtimer_run_next)
obj_cooja/mtype651.a(stimer.o)
                              udp-client.co (stimer_remaining)
obj_cooja/mtype651.a(timer.o)
                              obj_cooja/mtype651.a(button-sensor.o) (timer_set)
obj_cooja/mtype651.a(serial-line.o)
                              udp-client.co (serial_line_event_message)
obj_cooja/mtype651.a(list.o)  obj_cooja/mtype651.a(ctimer.o) (list_init)
obj_cooja/mtype651.a(ringbuf.o)
                              obj_cooja/mtype651.a(serial-line.o) (ringbuf_init)
obj_cooja/mtype651.a(sicslowpan.o)
                              obj_cooja/mtype651.o (sicslowpan_driver)
obj_cooja/mtype651.a(uip-ds6-nbr.o)
                              obj_cooja/mtype651.a(sicslowpan.o) (uip_ds6_link_neighbor_callback)
obj_cooja/mtype651.a(uip-ds6-route.o)
                              udp-client.co (uip_ds6_route_nexthop)
obj_cooja/mtype651.a(uip-ds6.o)
                              udp-client.co (uip_ds6_if)
obj_cooja/mtype651.a(uip6.o)  udp-client.co (uip_lladdr)
obj_cooja/mtype651.a(tcpip.o)
                              udp-client.co (tcpip_event)
obj_cooja/mtype651.a(uip-debug.o)
                              udp-client.co (uip_debug_ipaddr_print)
obj_cooja/mtype651.a(uip-packetqueue)
                              obj_cooja/mtype651.a(uip-ds6-nbr.o) (uip_packetqueue_new)
obj_cooja/mtype651.a(uip-udp-packet.)
                              udp-client.co (uip_udp_packet_sendto)
obj_cooja/mtype651.a(rpl-dag.o)
                              obj_cooja/mtype651.a(tcpip.o) (rpl_repair_root)
obj_cooja/mtype651.a(rpl-ext-header.)
                              obj_cooja/mtype651.a(uip6.o) (rpl_verify_header)
obj_cooja/mtype651.a(rpl-icmp6.o)
                              obj_cooja/mtype651.a(rpl-dag.o) (rpl_icmp6_update_nbr_table)
obj_cooja/mtype651.a(rpl-ltmax.o)
                              obj_cooja/mtype651.a(rpl-dag.o) (rpl_ltmax_of)
obj_cooja/mtype651.a(rpl-timers.o)
                              obj_cooja/mtype651.a(rpl-dag.o) (rpl_reset_dio_timer)
obj_cooja/mtype651.a(rpl.o)   obj_cooja/mtype651.a(rpl-icmp6.o) (rpl_get_mode)
obj_cooja/mtype651.a(framer-802154.o)
                              obj_cooja/mtype651.a(sicslowpan.o) (framer_802154)
obj_cooja/mtype651.a(nullmac.o)
                              obj_cooja/mtype651.o (nullmac_driver)
[...]
Memory Configuration

Name             Origin             Length             Attributes
*default*        0x0000000000000000 0xffffffffffffffff

Linker script and memory map

LOAD /usr/lib/gcc/i686-linux-gnu/4.8/../../../i386-linux-gnu/crti.o
LOAD /usr/lib/gcc/i686-linux-gnu/4.8/crtbeginS.o
LOAD udp-client.co
LOAD obj_cooja/mtype651.o
LOAD obj_cooja/mtype651.a
LOAD /usr/lib/gcc/i686-linux-gnu/4.8/libgcc.a
LOAD /usr/lib/gcc/i686-linux-gnu/4.8/libgcc_s.so
LOAD /usr/lib/gcc/i686-linux-gnu/4.8/../../../i386-linux-gnu/libc.so
START GROUP
LOAD /lib/i386-linux-gnu/libc.so.6
LOAD /usr/lib/i386-linux-gnu/libc_nonshared.a
LOAD /lib/i386-linux-gnu/ld-linux.so.2
END GROUP
LOAD /usr/lib/gcc/i686-linux-gnu/4.8/libgcc.a
LOAD /usr/lib/gcc/i686-linux-gnu/4.8/libgcc_s.so
LOAD /usr/lib/gcc/i686-linux-gnu/4.8/crtendS.o
LOAD /usr/lib/gcc/i686-linux-gnu/4.8/../../../i386-linux-gnu/crtn.o
                0x0000000000000114                . = (0x0 + SIZEOF_HEADERS)

.note.gnu.build-id
                0x0000000000000114       0x24
 *(.note.gnu.build-id)
 .note.gnu.build-id
                0x0000000000000114       0x24 /usr/lib/gcc/i686-linux-gnu/4.8/../../../i386-linux-gnu/crti.o

.hash
 *(.hash)

.gnu.hash       0x0000000000000138     0x1370
 *(.gnu.hash)
 .gnu.hash      0x0000000000000138     0x1370 /usr/lib/gcc/i686-linux-gnu/4.8/../../../i386-linux-gnu/crti.o

.dynsym         0x00000000000014a8     0x2620
 *(.dynsym)
 .dynsym        0x00000000000014a8     0x2620 /usr/lib/gcc/i686-linux-gnu/4.8/../../../i386-linux-gnu/crti.o

.dynstr         0x0000000000003ac8     0x2726
 *(.dynstr)
 .dynstr        0x0000000000003ac8     0x2726 /usr/lib/gcc/i686-linux-gnu/4.8/../../../i386-linux-gnu/crti.o

.gnu.version    0x00000000000061ee      0x4c4
 *(.gnu.version)
 .gnu.version   0x00000000000061ee      0x4c4 /usr/lib/gcc/i686-linux-gnu/4.8/../../../i386-linux-gnu/crti.o

.gnu.version_d  0x00000000000066b4        0x0
 *(.gnu.version_d)
 .gnu.version_d
                0x0000000000000000        0x0 /usr/lib/gcc/i686-linux-gnu/4.8/../../../i386-linux-gnu/crti.o

.gnu.version_r  0x00000000000066b4       0x50
 *(.gnu.version_r)
 .gnu.version_r
                0x00000000000066b4       0x50 /usr/lib/gcc/i686-linux-gnu/4.8/../../../i386-linux-gnu/crti.o

.rel.dyn        0x0000000000006704     0x9490
 *(.rel.init)
 .rel.init      0x0000000000000000        0x0 /usr/lib/gcc/i686-linux-gnu/4.8/../../../i386-linux-gnu/crti.o
 *(.rel.text .rel.text.* .rel.gnu.linkonce.t.*)
 .rel.text      0x0000000000006704     0x8cf0 /usr/lib/gcc/i686-linux-gnu/4.8/../../../i386-linux-gnu/crti.o
 *(.rel.fini)
 .rel.fini      0x0000000000000000        0x0 /usr/lib/gcc/i686-linux-gnu/4.8/../../../i386-linux-gnu/crti.o
 *(.rel.rodata .rel.rodata.* .rel.gnu.linkonce.r.*)
 .rel.rodata    0x000000000000f3f4      0x4e0 /usr/lib/gcc/i686-linux-gnu/4.8/../../../i386-linux-gnu/crti.o
 *(.rel.data.rel.ro .rel.data.rel.ro.* .rel.gnu.linkonce.d.rel.ro.*)
 *(.rel.data .rel.data.* .rel.gnu.linkonce.d.*)
 .rel.data.rel  0x000000000000f8d4        0x8 /usr/lib/gcc/i686-linux-gnu/4.8/../../../i386-linux-gnu/crti.o
 .rel.data      0x000000000000f8dc      0x280 /usr/lib/gcc/i686-linux-gnu/4.8/../../../i386-linux-gnu/crti.o
 *(.rel.tdata .rel.tdata.* .rel.gnu.linkonce.td.*)
 *(.rel.tbss .rel.tbss.* .rel.gnu.linkonce.tb.*)
 *(.rel.ctors)
 *(.rel.dtors)
 *(.rel.got)
 .rel.got       0x000000000000fb5c       0x28 /usr/lib/gcc/i686-linux-gnu/4.8/../../../i386-linux-gnu/crti.o
 *(.rel.bss .rel.bss.* .rel.gnu.linkonce.b.*)
 *(.rel.ifunc)
 .rel.ifunc     0x0000000000000000        0x0 /usr/lib/gcc/i686-linux-gnu/4.8/../../../i386-linux-gnu/crti.o
 .rel.fini_array
                0x000000000000fb84        0x8 /usr/lib/gcc/i686-linux-gnu/4.8/../../../i386-linux-gnu/crti.o
 .rel.init_array
                0x000000000000fb8c        0x8 /usr/lib/gcc/i686-linux-gnu/4.8/../../../i386-linux-gnu/crti.o

.rel.plt        0x000000000000fb94       0x10
 *(.rel.plt)
 .rel.plt       0x000000000000fb94       0x10 /usr/lib/gcc/i686-linux-gnu/4.8/../../../i386-linux-gnu/crti.o
 *(.rel.iplt)

.init           0x000000000000fba4       0x23
 *(SORT(.init))
 .init          0x000000000000fba4       0x1e /usr/lib/gcc/i686-linux-gnu/4.8/../../../i386-linux-gnu/crti.o
                0x000000000000fba4                _init
 .init          0x000000000000fbc2        0x5 /usr/lib/gcc/i686-linux-gnu/4.8/../../../i386-linux-gnu/crtn.o

.plt            0x000000000000fbd0       0x30
 *(.plt)
 .plt           0x000000000000fbd0       0x30 /usr/lib/gcc/i686-linux-gnu/4.8/../../../i386-linux-gnu/crti.o
 *(.iplt)

.text           0x000000000000fc00    0x16b4f
 *(.text.unlikely .text.*_unlikely .text.unlikely.*)
 *(.text.exit .text.exit.*)
 *(.text.startup .text.startup.*)
 *(.text.hot .text.hot.*)
 *(.text .stub .text.* .gnu.linkonce.t.*)
 .text          0x000000000000fc00        0x0 /usr/lib/gcc/i686-linux-gnu/4.8/../../../i386-linux-gnu/crti.o
 .gnu.linkonce.t.__x86.get_pc_thunk.bx
                0x000000000000fc00        0x4 /usr/lib/gcc/i686-linux-gnu/4.8/../../../i386-linux-gnu/crti.o
                0x000000000000fc00                __x86.get_pc_thunk.bx
 *fill*         0x000000000000fc04        0xc 
 .text          0x000000000000fc10      0x11b /usr/lib/gcc/i686-linux-gnu/4.8/crtbeginS.o
 .text          0x000000000000fd2b      0x790 udp-client.co
 .text          0x00000000000104bb      0x96a obj_cooja/mtype651.o
                0x0000000000010669                contiki_init
                0x0000000000010c3c                Java_org_contikios_cooja_corecomm_Lib2_init
                0x0000000000010c7c                Java_org_contikios_cooja_corecomm_Lib2_getMemory
                0x0000000000010cbc                Java_org_contikios_cooja_corecomm_Lib2_setMemory
                0x0000000000010d33                Java_org_contikios_cooja_corecomm_Lib2_tick
                0x0000000000010e13                Java_org_contikios_cooja_corecomm_Lib2_setReferenceAddress
 .text          0x0000000000010e25       0x63 obj_cooja/mtype651.a(simEnvChange.o)
                0x0000000000010e25                doActionsBeforeTick
                0x0000000000010e56                doActionsAfterTick
 .text          0x0000000000010e88       0xbc obj_cooja/mtype651.a(cooja_mt.o)
                0x0000000000010e88                cooja_mt_init
                0x0000000000010e95                cooja_mt_remove
                0x0000000000010ea2                cooja_mt_start
                0x0000000000010ecf                cooja_mt_exec
                0x0000000000010f00                cooja_mt_exit
                0x0000000000010f22                cooja_mt_yield
 .text          0x0000000000010f44      0x115 obj_cooja/mtype651.a(cooja_mtarch.o)
                0x0000000000010f44                cooja_mtarch_init
                0x0000000000010f49                cooja_mtarch_start
                0x0000000000010fc4                cooja_sw
                0x0000000000010fe6                cooja_mtarch_exec
                0x0000000000011002                cooja_mtarch_remove
                0x0000000000011007                cooja_mtarch_yield
                0x0000000000011011                cooja_mtarch_pstop
                0x0000000000011016                cooja_mtarch_pstart
                0x000000000001101b                cooja_mtarch_stack_usage
 .text          0x0000000000011059       0xc2 obj_cooja/mtype651.a(rtimer-arch.o)
                0x0000000000011059                rtimer_arch_init
                0x000000000001107c                rtimer_arch_schedule
                0x0000000000011093                rtimer_arch_next
                0x000000000001109d                rtimer_arch_pending
                0x00000000000110a7                rtimer_arch_check
                0x00000000000110d9                rtimer_arch_now
 .text          0x000000000001111b       0x76 obj_cooja/mtype651.a(beep.o)
                0x000000000001111b                beep_alarm
                0x0000000000011127                beep_beep
                0x0000000000011133                beep
                0x000000000001113f                beep_down
                0x000000000001114b                beep_on
                0x0000000000011157                beep_off
                0x0000000000011163                beep_spinup
                0x000000000001116f                beep_quick
                0x000000000001117b                beep_long
 .text          0x0000000000011191      0x103 obj_cooja/mtype651.a(button-sensor.o)
 .text          0x0000000000011294       0x45 obj_cooja/mtype651.a(leds-arch.o)
                0x0000000000011294                leds_arch_init
                0x00000000000112a0                leds_arch_get
                0x00000000000112ac                leds_arch_set
 .text          0x00000000000112d9       0x2f obj_cooja/mtype651.a(moteid.o)
 .text          0x0000000000011308       0xb1 obj_cooja/mtype651.a(pir-sensor.o)
 .text          0x00000000000113b9      0x131 obj_cooja/mtype651.a(rs232.o)
                0x00000000000113b9                rs232_init
                0x00000000000113be                rs232_set_speed
                0x00000000000113cc                rs232_set_input
                0x00000000000113d9                rs232_send
                0x00000000000113fb                rs232_print
                0x0000000000011416                slip_arch_writeb
 .text          0x00000000000114ea       0xb1 obj_cooja/mtype651.a(vib-sensor.o)
 .text          0x000000000001159b       0x34 obj_cooja/mtype651.a(clock.o)
                0x000000000001159b                clock_init
                0x00000000000115a0                clock_time
                0x00000000000115aa                clock_seconds
                0x00000000000115c0                clock_delay
 .text          0x00000000000115cf      0x1ed obj_cooja/mtype651.a(log.o)
                0x00000000000115cf                simlog_char
                0x0000000000011611                simlog
                0x000000000001167e                log_message
                0x00000000000116a6                log_set_putchar_with_slip
                0x00000000000116b3                log_putchar
                0x0000000000011737                log_puts
                0x000000000001175b                log_printf
 .text          0x00000000000117bc      0x2c4 obj_cooja/mtype651.a(cfs-cooja.o)
                0x00000000000117bc                cfs_open
                0x0000000000011825                cfs_close
                0x0000000000011831                cfs_read
                0x00000000000118cf                cfs_write
                0x00000000000119ac                cfs_seek
                0x0000000000011a34                cfs_remove
                0x0000000000011a5d                cfs_opendir
                0x0000000000011a67                cfs_readdir
                0x0000000000011a71                cfs_closedir
 .text          0x0000000000011a80      0x687 obj_cooja/mtype651.a(cooja-radio.o)
                0x0000000000011aaa                radio_set_channel
                0x0000000000011abf                radio_set_txpower
                0x0000000000011adf                radio_signal_strength_last
                0x0000000000011ae9                radio_signal_strength_current
                0x0000000000011af3                radio_LQI
 .text          0x0000000000012107       0xef obj_cooja/mtype651.a(eeprom.o)
                0x0000000000012107                eeprom_init
                0x000000000001210c                eeprom_read
                0x000000000001217c                eeprom_write
 .text          0x00000000000121f6       0x28 obj_cooja/mtype651.a(random.o)
                0x00000000000121f6                random_init
                0x0000000000012211                random_rand
 .text          0x000000000001221e      0x2a1 obj_cooja/mtype651.a(sensors.o)
                0x0000000000012259                sensors_first
                0x0000000000012263                sensors_next
                0x0000000000012280                sensors_changed
                0x00000000000122af                sensors_find
 .text          0x00000000000124bf      0x318 obj_cooja/mtype651.a(dual_conf.o)
                0x00000000000124bf                dual_radio_switch
                0x00000000000124ff                dual_radio_change
                0x0000000000012539                sending_in_LR
                0x0000000000012564                dual_radio_received
                0x000000000001259c                radio_received_is_longrange
                0x00000000000125b7                dual_radio_turn_on
                0x00000000000125da                dual_radio_turn_off
                0x000000000001278d                dio_broadcast
                0x00000000000127b6                dis_broadcast
 .text          0x00000000000127d7       0x8e obj_cooja/mtype651.a(autostart.o)
                0x00000000000127d7                autostart_start
                0x0000000000012822                autostart_exit
 .text          0x0000000000012865      0x334 obj_cooja/mtype651.a(ctimer.o)
                0x000000000001297c                ctimer_init
                0x00000000000129ac                ctimer_set
                0x00000000000129dd                ctimer_set_with_process
                0x0000000000012a59                ctimer_reset
                0x0000000000012aa8                ctimer_restart
                0x0000000000012af7                ctimer_stop
                0x0000000000012b42                ctimer_expired
 .text          0x0000000000012b99      0x40b obj_cooja/mtype651.a(etimer.o)
                0x0000000000012dac                etimer_request_poll
                0x0000000000012e30                etimer_set
                0x0000000000012e55                etimer_reset_with_new_interval
                0x0000000000012e7c                etimer_reset
                0x0000000000012e9a                etimer_restart
                0x0000000000012eb8                etimer_adjust
                0x0000000000012ed4                etimer_expired
                0x0000000000012ee7                etimer_expiration_time
                0x0000000000012ef9                etimer_start_time
                0x0000000000012f03                etimer_pending
                0x0000000000012f15                etimer_next_expiration_time
                0x0000000000012f2f                etimer_stop
 .text          0x0000000000012fa4       0xdd obj_cooja/mtype651.a(log_message.o)
                0x0000000000012fa4                log_initialization
                0x0000000000013060                log_finisher
 .text          0x0000000000013081      0x560 obj_cooja/mtype651.a(process.o)
                0x0000000000013081                process_alloc_event
                0x0000000000013096                process_start
                0x000000000001327f                process_exit
                0x000000000001329b                process_init
                0x000000000001346c                process_run
                0x000000000001349f                process_nevents
                0x00000000000134ba                process_post
                0x0000000000013566                process_post_synch
                0x000000000001359e                process_poll
                0x00000000000135cd                process_is_running
 .text          0x00000000000135e1       0xd3 obj_cooja/mtype651.a(residual.o)
                0x00000000000135e1                get_residual_energy
 .text          0x00000000000136b4       0xba obj_cooja/mtype651.a(rtimer.o)
                0x00000000000136b4                rtimer_init
                0x00000000000136c1                rtimer_set
                0x0000000000013718                rtimer_run_next
 .text          0x000000000001376e       0xa3 obj_cooja/mtype651.a(stimer.o)
                0x000000000001376e                stimer_set
                0x0000000000013789                stimer_reset
                0x00000000000137a0                stimer_restart
                0x00000000000137b2                stimer_expired
                0x00000000000137d9                stimer_remaining
                0x00000000000137fd                stimer_elapsed
 .text          0x0000000000013811       0x91 obj_cooja/mtype651.a(timer.o)
                0x0000000000013811                timer_set
                0x000000000001382c                timer_reset
                0x0000000000013843                timer_restart
                0x0000000000013855                timer_expired
                0x000000000001387e                timer_remaining
 .text          0x00000000000138a2      0x1fb obj_cooja/mtype651.a(serial-line.o)
                0x00000000000138a2                serial_line_input_byte
                0x0000000000013a65                serial_line_init
 .text          0x0000000000013a9d      0x244 obj_cooja/mtype651.a(list.o)
                0x0000000000013a9d                list_init
                0x0000000000013aab                list_head
                0x0000000000013ab5                list_copy
                0x0000000000013ac4                list_tail
                0x0000000000013afa                list_add
                0x0000000000013b43                list_push
                0x0000000000013b6f                list_chop
                0x0000000000013bd9                list_pop
                0x0000000000013c01                list_remove
                0x0000000000013c68                list_length
                0x0000000000013c96                list_insert
                0x0000000000013cca                list_item_next
 .text          0x0000000000013ce1      0x155 obj_cooja/mtype651.a(ringbuf.o)
                0x0000000000013ce1                ringbuf_init
                0x0000000000013d12                ringbuf_put
                0x0000000000013d90                ringbuf_get
                0x0000000000013dfd                ringbuf_size
                0x0000000000013e0f                ringbuf_elements
 .text          0x0000000000013e36     0x258b obj_cooja/mtype651.a(sicslowpan.o)
                0x00000000000143c0                rime_sniffer_add
                0x00000000000143cd                rime_sniffer_remove
                0x0000000000016360                sicslowpan_init
                0x00000000000163b7                sicslowpan_get_last_rssi
 .text          0x00000000000163c1      0x2dc obj_cooja/mtype651.a(uip-ds6-nbr.o)
                0x00000000000163de                uip_ds6_neighbors_init
                0x00000000000163fb                uip_ds6_nbr_add
                0x00000000000164ac                uip_ds6_nbr_rm
                0x0000000000016509                uip_ds6_nbr_get_ipaddr
                0x000000000001651e                uip_ds6_nbr_get_ll
                0x000000000001653a                uip_ds6_nbr_num
                0x000000000001657f                uip_ds6_nbr_lookup
                0x00000000000165e4                uip_ds6_nbr_ll_lookup
                0x0000000000016600                uip_ds6_nbr_ipaddr_from_lladdr
                0x0000000000016626                uip_ds6_nbr_lladdr_from_ipaddr
                0x0000000000016654                uip_ds6_link_neighbor_callback
 .text          0x000000000001669d      0x916 obj_cooja/mtype651.a(uip-ds6-route.o)
                0x0000000000016714                uip_ds6_notification_add
                0x0000000000016745                uip_ds6_notification_rm
                0x0000000000016761                uip_ds6_route_init
                0x00000000000167e9                uip_ds6_route_nexthop
                0x0000000000016811                uip_ds6_route_head
                0x0000000000016826                uip_ds6_route_next
                0x000000000001684c                uip_ds6_route_is_nexthop
                0x000000000001688b                uip_ds6_route_num_routes
                0x0000000000016895                uip_ds6_route_lookup
                0x0000000000016957                uip_ds6_route_add
                0x0000000000016b8b                uip_ds6_route_rm
                0x0000000000016d1f                uip_ds6_route_rm_by_nexthop
                0x0000000000016d57                uip_ds6_defrt_add
                0x0000000000016e08                uip_ds6_defrt_rm
                0x0000000000016e87                uip_ds6_defrt_lookup
                0x0000000000016ee0                uip_ds6_defrt_choose
                0x0000000000016f4b                uip_ds6_defrt_periodic
 .text          0x0000000000016fb3     0x12ad obj_cooja/mtype651.a(uip-ds6.o)
                0x0000000000016fb3                uip_ds6_init
                0x0000000000017308                uip_ds6_periodic
                0x00000000000173e0                uip_ds6_list_loop
                0x0000000000017487                uip_ds6_prefix_add
                0x0000000000017545                uip_ds6_prefix_rm
                0x0000000000017557                uip_ds6_prefix_lookup
                0x00000000000175a8                uip_ds6_is_addr_onlink
                0x000000000001761c                uip_ds6_addr_add
                0x000000000001774a                uip_ds6_long_addr_add
                0x0000000000017878                uip_ds6_addr_rm
                0x0000000000017918                uip_ds6_addr_lookup
                0x0000000000017963                uip_ds6_long_addr_lookup
                0x00000000000179ae                uip_ds6_get_link_local
                0x0000000000017a2d                uip_ds6_long_get_link_local
                0x0000000000017aac                uip_ds6_get_global
                0x0000000000017b2b                uip_ds6_long_get_global
                0x0000000000017baa                uip_ds6_maddr_add
                0x0000000000017c1c                uip_ds6_long_maddr_add
                0x0000000000017c8e                uip_ds6_maddr_rm
                0x0000000000017ca0                uip_ds6_maddr_lookup
                0x0000000000017ceb                uip_ds6_long_maddr_lookup
                0x0000000000017d36                uip_ds6_aaddr_add
                0x0000000000017da8                uip_ds6_long_aaddr_add
                0x0000000000017e1a                uip_ds6_aaddr_rm
                0x0000000000017e2c                uip_ds6_aaddr_lookup
                0x0000000000017e77                uip_ds6_long_aaddr_lookup
                0x0000000000017ec2                uip_ds6_select_src
                0x000000000001814b                uip_ds6_set_addr_iid
                0x0000000000018182                get_match_length
                0x0000000000018214                uip_ds6_compute_reachable_time
 .text          0x0000000000018260     0x29f3 obj_cooja/mtype651.a(uip6.o)
                0x0000000000018260                uip_add32
                0x00000000000183f9                uip_chksum
                0x00000000000184e7                uip_icmp6chksum
                0x00000000000184fb                uip_tcpchksum
                0x000000000001850f                uip_udpchksum
                0x0000000000018523                uip_init
                0x00000000000185f3                uip_connect
                0x00000000000187a2                remove_ext_hdr
                0x0000000000018877                uip_udp_new
                0x00000000000189d3                uip_unlisten
                0x0000000000018a33                uip_listen
                0x0000000000018cf5                uip_process
                0x000000000001ab47                uip_htons
                0x000000000001ab69                uip_htonl
                0x000000000001aba9                uip_send
 .text          0x000000000001ac53      0xb43 obj_cooja/mtype651.a(tcpip.o)
                0x000000000001ac53                tcpip_output
                0x000000000001ac81                tcpip_set_outputfunc
                0x000000000001ad15                tcp_connect
                0x000000000001ad6a                tcp_unlisten
                0x000000000001adc5                tcp_listen
                0x000000000001ae1e                tcp_attach
                0x000000000001ae43                udp_attach
                0x000000000001ae68                udp_new
                0x000000000001aeba                udp_broadcast_new
                0x000000000001b12e                tcpip_input
                0x000000000001b162                tcpip_ipv6_output
                0x000000000001b5dc                tcpip_poll_udp
                0x000000000001b5ff                tcpip_poll_tcp
                0x000000000001b622                tcpip_uipcall
 .text          0x000000000001b796      0x1c1 obj_cooja/mtype651.a(uip-debug.o)
                0x000000000001b796                uip_debug_ipaddr_print
                0x000000000001b8f8                uip_debug_lladdr_print
 .text          0x000000000001b957      0x141 obj_cooja/mtype651.a(uip-packetqueue)
                0x000000000001b983                uip_packetqueue_new
                0x000000000001b991                uip_packetqueue_alloc
                0x000000000001b9f1                uip_packetqueue_free
                0x000000000001ba32                uip_packetqueue_buf
                0x000000000001ba4f                uip_packetqueue_buflen
                0x000000000001ba70                uip_packetqueue_set_buflen
 .text          0x000000000001ba98      0x131 obj_cooja/mtype651.a(uip-udp-packet.)
                0x000000000001ba98                uip_udp_packet_send
                0x000000000001baf8                uip_udp_packet_sendto
 .text          0x000000000001bbc9     0x25fb obj_cooja/mtype651.a(rpl-dag.o)
                0x000000000001bbc9                rpl_print_neighbor_list
                0x000000000001bc72                rpl_print_child_neighbor_list
                0x000000000001bce7                rpl_get_nbr
                0x000000000001bd41                rpl_get_nbr_child
                0x000000000001bd9b                rpl_dag_init
                0x000000000001bdcd                rpl_get_parent
                0x000000000001bdef                rpl_get_parent_rank
                0x000000000001be22                rpl_get_parent_link_metric
                0x000000000001be55                rpl_get_parent_ipaddr
                0x000000000001be7f                rpl_get_child_ipaddr
                0x000000000001c19a                rpl_set_root
                0x000000000001c3c8                rpl_repair_root
                0x000000000001c604                rpl_set_prefix
                0x000000000001c703                rpl_set_default_route
                0x000000000001c78f                rpl_alloc_instance
                0x000000000001c822                rpl_alloc_dag
                0x000000000001c8d5                rpl_set_default_instance
                0x000000000001c8e2                rpl_get_default_instance
                0x000000000001c8ec                rpl_free_instance
                0x000000000001c99d                rpl_free_dag
                0x000000000001ca03                rpl_add_parent
                0x000000000001caec                rpl_find_parent
                0x000000000001cb1c                rpl_add_child
                0x000000000001cbc0                rpl_find_child
                0x000000000001cc0e                rpl_find_parent_any_dag
                0x000000000001cc4a                rpl_select_dag
                0x000000000001d06d                rpl_select_parent
                0x000000000001d0cf                rpl_remove_parent
                0x000000000001d105                rpl_remove_child
                0x000000000001d121                rpl_nullify_parent
                0x000000000001d1bf                rpl_move_parent
                0x000000000001d25c                rpl_has_downward_route
                0x000000000001d2af                rpl_get_any_dag
                0x000000000001d311                rpl_get_instance
                0x000000000001d374                rpl_find_of
                0x000000000001d3b1                rpl_join_instance
                0x000000000001d64d                rpl_add_dag
                0x000000000001da3c                rpl_local_repair
                0x000000000001db15                rpl_recalculate_ranks
                0x000000000001db9b                rpl_process_parent_event
                0x000000000001dc4d                rpl_process_dio
 .text          0x000000000001e1c4      0xbf3 obj_cooja/mtype651.a(rpl-ext-header.)
                0x000000000001e1e1                rpl_verify_header
                0x000000000001e65b                rpl_update_header_empty
                0x000000000001e972                rpl_update_header_final
                0x000000000001eb01                rpl_remove_header
                0x000000000001ec0b                rpl_invert_header
                0x000000000001ed95                rpl_insert_header
 .text          0x000000000001edb7     0x22e1 obj_cooja/mtype651.a(rpl-icmp6.o)
                0x000000000001f080                rpl_icmp6_update_nbr_table
                0x000000000001f170                dis_output
                0x000000000001faa8                dio_output
                0x0000000000020c03                dao_output
                0x0000000000020ccb                dao_output_target
                0x000000000002104c                dao_ack_output
                0x0000000000021060                rpl_icmp6_register_handlers
 .text          0x0000000000021098      0x3dc obj_cooja/mtype651.a(rpl-ltmax.o)
 .text          0x0000000000021474      0x7b3 obj_cooja/mtype651.a(rpl-timers.o)
                0x00000000000216ba                rpl_reset_periodic_timer
                0x000000000002170f                rpl_reset_dio_timer
                0x0000000000021949                rpl_schedule_dao
                0x0000000000021964                rpl_schedule_dao_immediately
                0x000000000002197f                rpl_cancel_dao
                0x00000000000219e1                rpl_schedule_unicast_dio_immediately
                0x0000000000021bcf                rpl_schedule_probing
 .text          0x0000000000021c27      0x5c5 obj_cooja/mtype651.a(rpl.o)
                0x0000000000021c27                rpl_get_mode
                0x0000000000021c31                rpl_set_mode
                0x0000000000021cbf                rpl_purge_routes
                0x0000000000021db9                rpl_remove_routes
                0x0000000000021dff                rpl_remove_routes_by_nexthop
                0x0000000000021e6b                rpl_add_route
                0x0000000000021ee6                rpl_link_neighbor_callback
                0x0000000000021feb                rpl_ipv6_neighbor_callback
                0x000000000002205a                rpl_purge_dags
                0x0000000000022166                rpl_init
 .text          0x00000000000221ec      0x3f5 obj_cooja/mtype651.a(framer-802154.o)
 .text          0x00000000000225e1       0x5e obj_cooja/mtype651.a(nullmac.o)
 .text          0x000000000002263f     0x125e obj_cooja/mtype651.a(cxmac.o)
                0x00000000000237ed                cxmac_set_announcement_radio_txpower
                0x00000000000237f2                cxmac_init
 .text          0x000000000002389d       0x82 obj_cooja/mtype651.a(linkaddr.o)
                0x000000000002389d                linkaddr_copy
                0x00000000000238bf                linkaddr_cmp
                0x00000000000238e9                linkaddr_set_node_addr
                0x0000000000023904                linkaddr_set_node_long_addr
 .text          0x000000000002391f      0x915 obj_cooja/mtype651.a(nbr-table.o)
                0x000000000002391f                long_ip_from_lladdr_map
                0x00000000000239a8                lladdr_map_add_lr
                0x0000000000023a65                lladdr_map_rm_lr
                0x0000000000023f2a                nbr_table_register
                0x0000000000023f72                nbr_table_head
                0x0000000000023fce                nbr_table_next
                0x0000000000024035                nbr_table_add_lladdr
                0x0000000000024111                nbr_table_get_from_lladdr
                0x000000000002415e                nbr_table_remove
                0x00000000000241b0                nbr_table_lock
                0x00000000000241da                nbr_table_unlock
                0x0000000000024204                nbr_table_get_lladdr
 .text          0x0000000000024234       0x2b obj_cooja/mtype651.a(netstack.o)
                0x0000000000024234                netstack_init
 .text          0x000000000002425f      0x3cd obj_cooja/mtype651.a(packetbuf.o)
                0x000000000002425f                packetbuf_clear
                0x0000000000024289                packetbuf_copyfrom
                0x00000000000242db                packetbuf_compact
                0x0000000000024358                packetbuf_copyto
                0x00000000000243ef                packetbuf_hdralloc
                0x000000000002446c                packetbuf_hdrreduce
                0x00000000000244b4                packetbuf_set_datalen
                0x00000000000244cd                packetbuf_dataptr
                0x00000000000244ea                packetbuf_hdrptr
                0x00000000000244f4                packetbuf_datalen
                0x0000000000024500                packetbuf_hdrlen
                0x0000000000024517                packetbuf_totlen
                0x000000000002452d                packetbuf_attr_clear
                0x000000000002457f                packetbuf_attr_copyto
                0x00000000000245c8                packetbuf_attr_copyfrom
                0x0000000000024610                packetbuf_holds_broadcast
 .text          0x000000000002462c      0x2b4 obj_cooja/mtype651.a(queuebuf.o)
                0x0000000000024636                queuebuf_init
                0x0000000000024656                queuebuf_numfree
                0x000000000002466a                queuebuf_new_from_packetbuf
                0x00000000000246fa                queuebuf_update_attr_from_packetbuf
                0x000000000002472d                queuebuf_update_from_packetbuf
                0x0000000000024777                queuebuf_free
                0x00000000000247be                queuebuf_to_packetbuf
                0x0000000000024824                queuebuf_dataptr
                0x000000000002485b                queuebuf_datalen
                0x000000000002487e                queuebuf_addr
                0x00000000000248b0                queuebuf_attr
                0x00000000000248db                queuebuf_debug_print
 .text          0x00000000000248e0       0x6e obj_cooja/mtype651.a(nullsec.o)
 .text          0x000000000002494e       0x19 obj_cooja/mtype651.a(watchdog.o)
                0x000000000002494e                watchdog_init
                0x0000000000024953                watchdog_start
                0x0000000000024958                watchdog_periodic
                0x000000000002495d                watchdog_stop
                0x0000000000024962                watchdog_reboot
 .text          0x0000000000024967        0x0 obj_cooja/mtype651.a(rimestats.o)
 .text          0x0000000000024967      0x134 obj_cooja/mtype651.a(leds.o)
                0x00000000000249b8                leds_init
                0x00000000000249cc                leds_blink
                0x0000000000024a04                leds_get
                0x0000000000024a11                leds_set
                0x0000000000024a2b                leds_on
                0x0000000000024a4e                leds_off
                0x0000000000024a78                leds_toggle
 .text          0x0000000000024a9b      0x1c1 obj_cooja/mtype651.a(memb.o)
                0x0000000000024a9b                memb_init
                0x0000000000024af9                memb_alloc
                0x0000000000024b5e                memb_free
                0x0000000000024bd9                memb_inmemb
                0x0000000000024c18                memb_numfree
 .text          0x0000000000024c5c      0xab2 obj_cooja/mtype651.a(uip-icmp6.o)
                0x0000000000024cca                uip_icmp6_input
                0x0000000000024d20                uip_icmp6_register_input_handler
                0x0000000000024fe8                uip_icmp6_error_output
                0x000000000002532d                uip_icmp6_send
                0x00000000000256a1                uip_icmp6_echo_reply_callback_add
                0x00000000000256d2                uip_icmp6_echo_reply_callback_rm
                0x00000000000256ee                uip_icmp6_init
 .text          0x000000000002570e      0x358 obj_cooja/mtype651.a(uip-nd6.o)
                0x0000000000025762                uip_nd6_ns_output
                0x0000000000025a61                uip_nd6_init
 .text          0x0000000000025a66      0x331 obj_cooja/mtype651.a(rpl-nbr-policy.)
                0x0000000000025c3e                find_removable_dis
                0x0000000000025c61                find_removable_dio
                0x0000000000025cf0                find_removable_dao
                0x0000000000025d40                rpl_nbr_policy_find_removable
 .text          0x0000000000025d97      0x97c obj_cooja/mtype651.a(frame802154.o)
                0x0000000000025dc8                frame802154_get_pan_id
                0x0000000000025dd4                frame802154_set_pan_id
                0x0000000000025ded                frame802154_has_panid
                0x0000000000025ed9                frame802154_check_dest_panid
                0x0000000000025f41                frame802154_is_broadcast_addr
                0x0000000000025f8e                frame802154_extract_linkaddr
                0x00000000000261ce                frame802154_hdrlen
                0x000000000002621f                frame802154_create
                0x000000000002640a                frame802154_parse
 .text          0x0000000000026713       0x3c obj_cooja/mtype651.a(mac.o)
                0x0000000000026713                mac_call_sent_callback
 .text          0x000000000002674f        0x0 /usr/lib/gcc/i686-linux-gnu/4.8/crtendS.o
 .text          0x000000000002674f        0x0 /usr/lib/gcc/i686-linux-gnu/4.8/../../../i386-linux-gnu/crtn.o
 *(.gnu.warning)

.fini           0x0000000000026750       0x14
 *(SORT(.fini))
 .fini          0x0000000000026750        0xf /usr/lib/gcc/i686-linux-gnu/4.8/../../../i386-linux-gnu/crti.o
                0x0000000000026750                _fini
 .fini          0x000000000002675f        0x5 /usr/lib/gcc/i686-linux-gnu/4.8/../../../i386-linux-gnu/crtn.o
                0x0000000000026764                PROVIDE (__etext, .)
                0x0000000000026764                PROVIDE (_etext, .)
                0x0000000000026764                PROVIDE (etext, .)

.rodata         0x0000000000026780      0xc00
 *(.rodata .rodata.* .gnu.linkonce.r.*)
 .rodata        0x0000000000026780      0x2da udp-client.co
                0x0000000000026794                autostart_processes
 *fill*         0x0000000000026a5a        0x2 
 .rodata        0x0000000000026a5c      0x1e6 obj_cooja/mtype651.o
 *fill*         0x0000000000026c42        0x2 
 .rodata        0x0000000000026c44        0x8 obj_cooja/mtype651.a(beep.o)
                0x0000000000026c44                beep_interface
 .rodata        0x0000000000026c4c       0x20 obj_cooja/mtype651.a(button-sensor.o)
                0x0000000000026c4c                button_interface
                0x0000000000026c5c                button_sensor
 .rodata        0x0000000000026c6c        0x8 obj_cooja/mtype651.a(leds-arch.o)
                0x0000000000026c6c                leds_interface
 .rodata        0x0000000000026c74        0x8 obj_cooja/mtype651.a(moteid.o)
                0x0000000000026c74                moteid_interface
 .rodata        0x0000000000026c7c       0x1c obj_cooja/mtype651.a(pir-sensor.o)
                0x0000000000026c7c                pir_interface
                0x0000000000026c88                pir_sensor
 .rodata        0x0000000000026c98        0xe obj_cooja/mtype651.a(rs232.o)
                0x0000000000026c98                rs232_interface
 *fill*         0x0000000000026ca6        0x2 
 .rodata        0x0000000000026ca8       0x24 obj_cooja/mtype651.a(vib-sensor.o)
                0x0000000000026ca8                vib_interface
                0x0000000000026cbc                vib_sensor
 .rodata        0x0000000000026ccc        0x8 obj_cooja/mtype651.a(clock.o)
                0x0000000000026ccc                clock_interface
 .rodata        0x0000000000026cd4        0x8 obj_cooja/mtype651.a(log.o)
                0x0000000000026cd4                simlog_interface
 .rodata        0x0000000000026cdc       0x2f obj_cooja/mtype651.a(cfs-cooja.o)
                0x0000000000026cdc                cfs_interface
 *fill*         0x0000000000026d0b       0x15 
 .rodata        0x0000000000026d20       0x60 obj_cooja/mtype651.a(cooja-radio.o)
                0x0000000000026d40                cooja_radio_driver
                0x0000000000026d78                radio_interface
 .rodata        0x0000000000026d80        0x8 obj_cooja/mtype651.a(eeprom.o)
                0x0000000000026d80                eeprom_interface
 .rodata        0x0000000000026d88        0x8 obj_cooja/mtype651.a(sensors.o)
 .rodata        0x0000000000026d90       0x1c obj_cooja/mtype651.a(dual_conf.o)
 .rodata        0x0000000000026dac        0xf obj_cooja/mtype651.a(ctimer.o)
 .rodata        0x0000000000026dbb        0xc obj_cooja/mtype651.a(etimer.o)
 *fill*         0x0000000000026dc7        0x1 
 .rodata        0x0000000000026dc8       0x73 obj_cooja/mtype651.a(log_message.o)
 *fill*         0x0000000000026e3b        0x1 
 .rodata        0x0000000000026e3c       0x20 obj_cooja/mtype651.a(residual.o)
 .rodata        0x0000000000026e5c        0xe obj_cooja/mtype651.a(serial-line.o)
 *fill*         0x0000000000026e6a        0x2 
 .rodata        0x0000000000026e6c       0x2c obj_cooja/mtype651.a(sicslowpan.o)
                0x0000000000026e6c                unc_llconf
                0x0000000000026e70                unc_ctxconf
                0x0000000000026e74                unc_mxconf
                0x0000000000026e78                llprefix
                0x0000000000026e8c                sicslowpan_driver
 .rodata        0x0000000000026e98      0x13c obj_cooja/mtype651.a(uip6.o)
 .rodata        0x0000000000026fd4       0x49 obj_cooja/mtype651.a(tcpip.o)
 .rodata        0x000000000002701d       0x3e obj_cooja/mtype651.a(uip-debug.o)
 *fill*         0x000000000002705b        0x1 
 .rodata        0x000000000002705c        0x4 obj_cooja/mtype651.a(rpl-dag.o)
 .rodata        0x0000000000027060        0xc obj_cooja/mtype651.a(framer-802154.o)
                0x0000000000027060                framer_802154
 .rodata        0x000000000002706c       0x24 obj_cooja/mtype651.a(nullmac.o)
                0x0000000000027074                nullmac_driver
 *fill*         0x0000000000027090       0x10 
 .rodata        0x00000000000270a0      0x2c0 obj_cooja/mtype651.a(cxmac.o)
                0x0000000000027340                cxmac_driver
 .rodata        0x0000000000027360        0x8 obj_cooja/mtype651.a(linkaddr.o)
                0x0000000000027360                linkaddr_null
 .rodata        0x0000000000027368       0x18 obj_cooja/mtype651.a(nullsec.o)
                0x0000000000027370                nullsec_driver

.rodata1
 *(.rodata1)

.eh_frame_hdr   0x0000000000027380     0x13bc
 *(.eh_frame_hdr)
 .eh_frame_hdr  0x0000000000027380     0x13bc udp-client.co

.eh_frame       0x000000000002873c     0x5040
 *(.eh_frame)
 .eh_frame      0x000000000002873c       0x3c /usr/lib/gcc/i686-linux-gnu/4.8/../../../i386-linux-gnu/crti.o
                                         0x40 (size before relaxing)
 .eh_frame      0x0000000000028778       0xb4 udp-client.co
                                         0xcc (size before relaxing)
 .eh_frame      0x000000000002882c      0x148 obj_cooja/mtype651.o
                                        0x160 (size before relaxing)
 .eh_frame      0x0000000000028974       0x40 obj_cooja/mtype651.a(simEnvChange.o)
                                         0x58 (size before relaxing)
 .eh_frame      0x00000000000289b4       0xc0 obj_cooja/mtype651.a(cooja_mt.o)
                                         0xd8 (size before relaxing)
 .eh_frame      0x0000000000028a74      0x120 obj_cooja/mtype651.a(cooja_mtarch.o)
                                        0x138 (size before relaxing)
 .eh_frame      0x0000000000028b94       0xc0 obj_cooja/mtype651.a(rtimer-arch.o)
                                         0xd8 (size before relaxing)
 .eh_frame      0x0000000000028c54      0x160 obj_cooja/mtype651.a(beep.o)
                                        0x178 (size before relaxing)
 .eh_frame      0x0000000000028db4       0xa0 obj_cooja/mtype651.a(button-sensor.o)
                                         0xb8 (size before relaxing)
 .eh_frame      0x0000000000028e54       0xa0 obj_cooja/mtype651.a(leds-arch.o)
                                         0xb8 (size before relaxing)
 .eh_frame      0x0000000000028ef4       0x40 obj_cooja/mtype651.a(moteid.o)
                                         0x58 (size before relaxing)
 .eh_frame      0x0000000000028f34       0xa0 obj_cooja/mtype651.a(pir-sensor.o)
                                         0xb8 (size before relaxing)
 .eh_frame      0x0000000000028fd4      0x100 obj_cooja/mtype651.a(rs232.o)
                                        0x118 (size before relaxing)
 .eh_frame      0x00000000000290d4       0xa0 obj_cooja/mtype651.a(vib-sensor.o)
                                         0xb8 (size before relaxing)
 .eh_frame      0x0000000000029174       0xc0 obj_cooja/mtype651.a(clock.o)
                                         0xd8 (size before relaxing)
 .eh_frame      0x0000000000029234      0x120 obj_cooja/mtype651.a(log.o)
                                        0x138 (size before relaxing)
 .eh_frame      0x0000000000029354      0x160 obj_cooja/mtype651.a(cfs-cooja.o)
                                        0x178 (size before relaxing)
 .eh_frame      0x00000000000294b4      0x2e0 obj_cooja/mtype651.a(cooja-radio.o)
                                        0x2f8 (size before relaxing)
 .eh_frame      0x0000000000029794       0xa0 obj_cooja/mtype651.a(eeprom.o)
                                         0xb8 (size before relaxing)
 .eh_frame      0x0000000000029834       0x40 obj_cooja/mtype651.a(random.o)
                                         0x58 (size before relaxing)
 .eh_frame      0x0000000000029874       0xc0 obj_cooja/mtype651.a(sensors.o)
                                         0xd8 (size before relaxing)
 .eh_frame      0x0000000000029934      0x160 obj_cooja/mtype651.a(dual_conf.o)
                                        0x178 (size before relaxing)
 .eh_frame      0x0000000000029a94       0x40 obj_cooja/mtype651.a(autostart.o)
                                         0x58 (size before relaxing)
 .eh_frame      0x0000000000029ad4      0x100 obj_cooja/mtype651.a(ctimer.o)
                                        0x118 (size before relaxing)
 .eh_frame      0x0000000000029bd4      0x1e0 obj_cooja/mtype651.a(etimer.o)
                                        0x1f8 (size before relaxing)
 .eh_frame      0x0000000000029db4       0x40 obj_cooja/mtype651.a(log_message.o)
                                         0x58 (size before relaxing)
 .eh_frame      0x0000000000029df4      0x1c8 obj_cooja/mtype651.a(process.o)
                                        0x1e0 (size before relaxing)
 .eh_frame      0x0000000000029fbc       0x2c obj_cooja/mtype651.a(residual.o)
                                         0x44 (size before relaxing)
 .eh_frame      0x0000000000029fe8       0x60 obj_cooja/mtype651.a(rtimer.o)
                                         0x78 (size before relaxing)
 .eh_frame      0x000000000002a048       0xc4 obj_cooja/mtype651.a(stimer.o)
                                         0xdc (size before relaxing)
 .eh_frame      0x000000000002a10c       0xa4 obj_cooja/mtype651.a(timer.o)
                                         0xbc (size before relaxing)
 .eh_frame      0x000000000002a1b0       0x60 obj_cooja/mtype651.a(serial-line.o)
                                         0x78 (size before relaxing)
 .eh_frame      0x000000000002a210      0x180 obj_cooja/mtype651.a(list.o)
                                        0x198 (size before relaxing)
 .eh_frame      0x000000000002a390       0xa0 obj_cooja/mtype651.a(ringbuf.o)
                                         0xb8 (size before relaxing)
 .eh_frame      0x000000000002a430      0x350 obj_cooja/mtype651.a(sicslowpan.o)
                                        0x368 (size before relaxing)
 .eh_frame      0x000000000002a780      0x180 obj_cooja/mtype651.a(uip-ds6-nbr.o)
                                        0x198 (size before relaxing)
 .eh_frame      0x000000000002a900      0x2a0 obj_cooja/mtype651.a(uip-ds6-route.o)
                                        0x2b8 (size before relaxing)
 .eh_frame      0x000000000002aba0      0x3c8 obj_cooja/mtype651.a(uip-ds6.o)
                                        0x3e0 (size before relaxing)
 .eh_frame      0x000000000002af68      0x27c obj_cooja/mtype651.a(uip6.o)
                                        0x294 (size before relaxing)
 .eh_frame      0x000000000002b1e4      0x270 obj_cooja/mtype651.a(tcpip.o)
                                        0x288 (size before relaxing)
 .eh_frame      0x000000000002b454       0x48 obj_cooja/mtype651.a(uip-debug.o)
                                         0x60 (size before relaxing)
 .eh_frame      0x000000000002b49c       0xe0 obj_cooja/mtype651.a(uip-packetqueue)
                                         0xf8 (size before relaxing)
 .eh_frame      0x000000000002b57c       0x40 obj_cooja/mtype651.a(uip-udp-packet.)
                                         0x58 (size before relaxing)
 .eh_frame      0x000000000002b5bc      0x74c obj_cooja/mtype651.a(rpl-dag.o)
                                        0x764 (size before relaxing)
 .eh_frame      0x000000000002bd08      0x10c obj_cooja/mtype651.a(rpl-ext-header.)
                                        0x124 (size before relaxing)
 .eh_frame      0x000000000002be14      0x2b8 obj_cooja/mtype651.a(rpl-icmp6.o)
                                        0x2d0 (size before relaxing)
 .eh_frame      0x000000000002c0cc       0xe0 obj_cooja/mtype651.a(rpl-ltmax.o)
                                         0xf8 (size before relaxing)
 .eh_frame      0x000000000002c1ac      0x20c obj_cooja/mtype651.a(rpl-timers.o)
                                        0x224 (size before relaxing)
 .eh_frame      0x000000000002c3b8      0x148 obj_cooja/mtype651.a(rpl.o)
                                        0x160 (size before relaxing)
 .eh_frame      0x000000000002c500      0x108 obj_cooja/mtype651.a(framer-802154.o)
                                        0x120 (size before relaxing)
 .eh_frame      0x000000000002c608       0xc0 obj_cooja/mtype651.a(nullmac.o)
                                         0xd8 (size before relaxing)
 .eh_frame      0x000000000002c6c8      0x2c0 obj_cooja/mtype651.a(cxmac.o)
                                        0x2d8 (size before relaxing)
 .eh_frame      0x000000000002c988       0x80 obj_cooja/mtype651.a(linkaddr.o)
                                         0x98 (size before relaxing)
 .eh_frame      0x000000000002ca08      0x2cc obj_cooja/mtype651.a(nbr-table.o)
                                        0x2e4 (size before relaxing)
 .eh_frame      0x000000000002ccd4       0x20 obj_cooja/mtype651.a(netstack.o)
                                         0x38 (size before relaxing)
 .eh_frame      0x000000000002ccf4      0x214 obj_cooja/mtype651.a(packetbuf.o)
                                        0x22c (size before relaxing)
 .eh_frame      0x000000000002cf08      0x1a0 obj_cooja/mtype651.a(queuebuf.o)
                                        0x1b8 (size before relaxing)
 .eh_frame      0x000000000002d0a8       0x80 obj_cooja/mtype651.a(nullsec.o)
                                         0x98 (size before relaxing)
 .eh_frame      0x000000000002d128       0xa0 obj_cooja/mtype651.a(watchdog.o)
                                         0xb8 (size before relaxing)
 .eh_frame      0x000000000002d1c8      0x100 obj_cooja/mtype651.a(leds.o)
                                        0x118 (size before relaxing)
 .eh_frame      0x000000000002d2c8       0xa0 obj_cooja/mtype651.a(memb.o)
                                         0xb8 (size before relaxing)
 .eh_frame      0x000000000002d368      0x164 obj_cooja/mtype651.a(uip-icmp6.o)
                                        0x17c (size before relaxing)
 .eh_frame      0x000000000002d4cc       0x68 obj_cooja/mtype651.a(uip-nd6.o)
                                         0x80 (size before relaxing)
 .eh_frame      0x000000000002d534       0xc0 obj_cooja/mtype651.a(rpl-nbr-policy.)
                                         0xd8 (size before relaxing)
 .eh_frame      0x000000000002d5f4      0x164 obj_cooja/mtype651.a(frame802154.o)
                                        0x17c (size before relaxing)
 .eh_frame      0x000000000002d758       0x20 obj_cooja/mtype651.a(mac.o)
                                         0x38 (size before relaxing)
 .eh_frame      0x000000000002d778        0x4 /usr/lib/gcc/i686-linux-gnu/4.8/crtendS.o

.gcc_except_table
 *(.gcc_except_table .gcc_except_table.*)

.exception_ranges
 *(.exception_ranges .exception_ranges*)
                0x000000000002d77c                . = (ALIGN (0x1000) - ((0x1000 - .) & 0xfff))
                0x000000000002eef8                . = DATA_SEGMENT_ALIGN (0x1000, 0x1000)

.eh_frame
 *(.eh_frame)

.gcc_except_table
 *(.gcc_except_table .gcc_except_table.*)

.exception_ranges
 *(.exception_ranges .exception_ranges*)

.tdata
 *(.tdata .tdata.* .gnu.linkonce.td.*)

.tbss
 *(.tbss .tbss.* .gnu.linkonce.tb.*)
 *(.tcommon)

.preinit_array
 *(.preinit_array)

.init_array     0x000000000002eef8        0x4
 *(SORT(.init_array.*) SORT(.ctors.*))
 *(.init_array EXCLUDE_FILE(*crtend?.o *crtend.o *crtbegin?.o *crtbegin.o) .ctors)
 .init_array    0x000000000002eef8        0x4 /usr/lib/gcc/i686-linux-gnu/4.8/crtbeginS.o

.fini_array     0x000000000002eefc        0x4
 *(SORT(.fini_array.*) SORT(.dtors.*))
 *(.fini_array EXCLUDE_FILE(*crtend?.o *crtend.o *crtbegin?.o *crtbegin.o) .dtors)
 .fini_array    0x000000000002eefc        0x4 /usr/lib/gcc/i686-linux-gnu/4.8/crtbeginS.o

.ctors
 *crtbegin.o(.ctors)
 *crtbegin?.o(.ctors)
 *(EXCLUDE_FILE(*crtend?.o *crtend.o) .ctors)
 *(SORT(.ctors.*))
 *(.ctors)

.dtors
 *crtbegin.o(.dtors)
 *crtbegin?.o(.dtors)
 *(EXCLUDE_FILE(*crtend?.o *crtend.o) .dtors)
 *(SORT(.dtors.*))
 *(.dtors)

.jcr            0x000000000002ef00        0x4
 *(.jcr)
 .jcr           0x000000000002ef00        0x0 /usr/lib/gcc/i686-linux-gnu/4.8/crtbeginS.o
 .jcr           0x000000000002ef00        0x4 /usr/lib/gcc/i686-linux-gnu/4.8/crtendS.o

.data.rel.ro
 *(.data.rel.ro.local* .gnu.linkonce.d.rel.ro.local.*)
 *(.data.rel.ro .data.rel.ro.* .gnu.linkonce.d.rel.ro.*)

.dynamic        0x000000000002ef04       0xe8
 *(.dynamic)
 .dynamic       0x000000000002ef04       0xe8 /usr/lib/gcc/i686-linux-gnu/4.8/../../../i386-linux-gnu/crti.o
                0x000000000002ef04                _DYNAMIC

.got            0x000000000002efec       0x14
 *(.got)
 .got           0x000000000002efec       0x14 /usr/lib/gcc/i686-linux-gnu/4.8/../../../i386-linux-gnu/crti.o
 *(.igot)
                0x000000000002fff4                . = DATA_SEGMENT_RELRO_END (., (SIZEOF (.got.plt) >= 0xc)?0xc:0x0)

.got.plt        0x000000000002f000       0x14
 *(.got.plt)
 .got.plt       0x000000000002f000       0x14 /usr/lib/gcc/i686-linux-gnu/4.8/../../../i386-linux-gnu/crti.o
                0x000000000002f000                _GLOBAL_OFFSET_TABLE_
 *(.igot.plt)

.data           0x000000000002f020      0x27a
 *(.data .data.* .gnu.linkonce.d.*)
 .data          0x000000000002f020        0x0 /usr/lib/gcc/i686-linux-gnu/4.8/../../../i386-linux-gnu/crti.o
 .data          0x000000000002f020        0x0 /usr/lib/gcc/i686-linux-gnu/4.8/crtbeginS.o
 .data.rel      0x000000000002f020        0x4 /usr/lib/gcc/i686-linux-gnu/4.8/crtbeginS.o
                0x000000000002f020                __dso_handle
 .data          0x000000000002f024       0x10 udp-client.co
                0x000000000002f024                udp_client_process
 *fill*         0x000000000002f034        0xc 
 .data          0x000000000002f040       0x44 obj_cooja/mtype651.o
                0x000000000002f040                simInterfaces
                0x000000000002f074                sensors
 .data          0x000000000002f084        0x0 obj_cooja/mtype651.a(simEnvChange.o)
 .data          0x000000000002f084        0x0 obj_cooja/mtype651.a(cooja_mt.o)
 .data          0x000000000002f084        0x0 obj_cooja/mtype651.a(cooja_mtarch.o)
 .data          0x000000000002f084        0x0 obj_cooja/mtype651.a(rtimer-arch.o)
 .data          0x000000000002f084        0x0 obj_cooja/mtype651.a(beep.o)
 .data          0x000000000002f084        0x0 obj_cooja/mtype651.a(button-sensor.o)
 .data          0x000000000002f084        0x0 obj_cooja/mtype651.a(leds-arch.o)
 .data          0x000000000002f084        0x0 obj_cooja/mtype651.a(moteid.o)
 .data          0x000000000002f084        0x0 obj_cooja/mtype651.a(pir-sensor.o)
 .data          0x000000000002f084        0x0 obj_cooja/mtype651.a(rs232.o)
 .data          0x000000000002f084        0x0 obj_cooja/mtype651.a(vib-sensor.o)
 .data          0x000000000002f084        0x0 obj_cooja/mtype651.a(clock.o)
 .data          0x000000000002f084        0x0 obj_cooja/mtype651.a(log.o)
 .data          0x000000000002f084        0x0 obj_cooja/mtype651.a(cfs-cooja.o)
 .data          0x000000000002f084       0x40 obj_cooja/mtype651.a(cooja-radio.o)
                0x000000000002f084                simRadioChannelLR
                0x000000000002f088                simRadioHWOnLR
                0x000000000002f08c                simSignalStrengthLR
                0x000000000002f090                simLastSignalStrengthLR
                0x000000000002f094                simPowerLR
                0x000000000002f098                simLQILR
                0x000000000002f09c                simRadioChannel
                0x000000000002f0a0                simRadioHWOn
                0x000000000002f0a4                simSignalStrength
                0x000000000002f0a8                simLastSignalStrength
                0x000000000002f0ac                simPower
                0x000000000002f0b0                simLQI
                0x000000000002f0b4                cooja_radio_process
 .data          0x000000000002f0c4        0x0 obj_cooja/mtype651.a(eeprom.o)
 .data          0x000000000002f0c4        0x0 obj_cooja/mtype651.a(random.o)
 .data          0x000000000002f0c4       0x10 obj_cooja/mtype651.a(sensors.o)
                0x000000000002f0c4                sensors_process
 .data          0x000000000002f0d4       0x28 obj_cooja/mtype651.a(dual_conf.o)
                0x000000000002f0d4                radio_received
                0x000000000002f0d8                dual_dio_broadcast
                0x000000000002f0e8                dual_dis_broadcast
 .data          0x000000000002f0fc        0x0 obj_cooja/mtype651.a(autostart.o)
 .data          0x000000000002f0fc       0x14 obj_cooja/mtype651.a(ctimer.o)
                0x000000000002f100                ctimer_process
 .data          0x000000000002f110       0x10 obj_cooja/mtype651.a(etimer.o)
                0x000000000002f110                etimer_process
 .data          0x000000000002f120        0x0 obj_cooja/mtype651.a(log_message.o)
 .data          0x000000000002f120        0x0 obj_cooja/mtype651.a(process.o)
 .data          0x000000000002f120        0x0 obj_cooja/mtype651.a(residual.o)
 .data          0x000000000002f120        0x0 obj_cooja/mtype651.a(rtimer.o)
 .data          0x000000000002f120        0x0 obj_cooja/mtype651.a(stimer.o)
 .data          0x000000000002f120        0x0 obj_cooja/mtype651.a(timer.o)
 .data          0x000000000002f120       0x10 obj_cooja/mtype651.a(serial-line.o)
                0x000000000002f120                serial_line_process
 .data          0x000000000002f130        0x0 obj_cooja/mtype651.a(list.o)
 .data          0x000000000002f130        0x0 obj_cooja/mtype651.a(ringbuf.o)
 .data          0x000000000002f130        0x0 obj_cooja/mtype651.a(sicslowpan.o)
 .data          0x000000000002f130       0x14 obj_cooja/mtype651.a(uip-ds6-nbr.o)
                0x000000000002f140                ds6_neighbors
 .data          0x000000000002f144       0x44 obj_cooja/mtype651.a(uip-ds6-route.o)
                0x000000000002f154                nbr_routes
 .data          0x000000000002f188        0x0 obj_cooja/mtype651.a(uip-ds6.o)
 .data          0x000000000002f188        0x0 obj_cooja/mtype651.a(uip6.o)
 .data          0x000000000002f188       0x10 obj_cooja/mtype651.a(tcpip.o)
                0x000000000002f188                tcpip_process
 .data          0x000000000002f198        0x0 obj_cooja/mtype651.a(uip-debug.o)
 .data          0x000000000002f198        0xc obj_cooja/mtype651.a(uip-packetqueue)
 .data          0x000000000002f1a4        0x0 obj_cooja/mtype651.a(uip-udp-packet.)
 .data          0x000000000002f1a4       0x28 obj_cooja/mtype651.a(rpl-dag.o)
                0x000000000002f1b4                rpl_parents
                0x000000000002f1c8                rpl_children
 .data          0x000000000002f1cc        0x0 obj_cooja/mtype651.a(rpl-ext-header.)
 .data          0x000000000002f1cc       0x34 obj_cooja/mtype651.a(rpl-icmp6.o)
 .data          0x000000000002f200       0x1c obj_cooja/mtype651.a(rpl-ltmax.o)
                0x000000000002f200                rpl_ltmax_of
 .data          0x000000000002f21c        0x0 obj_cooja/mtype651.a(rpl-timers.o)
 .data          0x000000000002f21c        0x0 obj_cooja/mtype651.a(rpl.o)
 .data          0x000000000002f21c        0x0 obj_cooja/mtype651.a(framer-802154.o)
 .data          0x000000000002f21c        0x0 obj_cooja/mtype651.a(nullmac.o)
 .data          0x000000000002f21c       0x30 obj_cooja/mtype651.a(cxmac.o)
                0x000000000002f21c                cxmac_config
                0x000000000002f22c                strobe_wait
 .data          0x000000000002f24c        0x0 obj_cooja/mtype651.a(linkaddr.o)
 .data          0x000000000002f24c       0x10 obj_cooja/mtype651.a(nbr-table.o)
 .data          0x000000000002f25c        0x0 obj_cooja/mtype651.a(netstack.o)
 .data          0x000000000002f25c        0x4 obj_cooja/mtype651.a(packetbuf.o)
 .data          0x000000000002f260       0x18 obj_cooja/mtype651.a(queuebuf.o)
 .data          0x000000000002f278        0x0 obj_cooja/mtype651.a(nullsec.o)
 .data          0x000000000002f278        0x0 obj_cooja/mtype651.a(watchdog.o)
 .data          0x000000000002f278        0x0 obj_cooja/mtype651.a(rimestats.o)
 .data          0x000000000002f278        0x0 obj_cooja/mtype651.a(leds.o)
 .data          0x000000000002f278        0x0 obj_cooja/mtype651.a(memb.o)
 .data          0x000000000002f278       0x20 obj_cooja/mtype651.a(uip-icmp6.o)
 .data          0x000000000002f298        0x0 obj_cooja/mtype651.a(uip-nd6.o)
 .data          0x000000000002f298        0x0 obj_cooja/mtype651.a(rpl-nbr-policy.)
 .data          0x000000000002f298        0x2 obj_cooja/mtype651.a(frame802154.o)
 .data          0x000000000002f29a        0x0 obj_cooja/mtype651.a(mac.o)
 .data          0x000000000002f29a        0x0 /usr/lib/gcc/i686-linux-gnu/4.8/crtendS.o
 .data          0x000000000002f29a        0x0 /usr/lib/gcc/i686-linux-gnu/4.8/../../../i386-linux-gnu/crtn.o

.tm_clone_table
                0x000000000002f29c        0x0
 .tm_clone_table
                0x000000000002f29c        0x0 /usr/lib/gcc/i686-linux-gnu/4.8/crtbeginS.o
 .tm_clone_table
                0x000000000002f29c        0x0 /usr/lib/gcc/i686-linux-gnu/4.8/crtendS.o

.data1
 *(.data1)
                0x000000000002f29c                _edata = .
                0x000000000002f29c                PROVIDE (edata, .)
                0x000000000002f29c                . = .
                0x000000000002f29c                __bss_start = .

.bss            0x000000000002f2a0     0x8308
 *(.dynbss)
 .dynbss        0x0000000000000000        0x0 /usr/lib/gcc/i686-linux-gnu/4.8/../../../i386-linux-gnu/crti.o
 *(.bss .bss.* .gnu.linkonce.b.*)
 .bss           0x000000000002f2a0        0x0 /usr/lib/gcc/i686-linux-gnu/4.8/../../../i386-linux-gnu/crti.o
 .bss           0x000000000002f2a0        0x1 /usr/lib/gcc/i686-linux-gnu/4.8/crtbeginS.o
 *fill*         0x000000000002f2a1       0x1f 
 .bss           0x000000000002f2c0       0x60 udp-client.co
                0x000000000002f2c0                my_weight
 .bss           0x000000000002f320     0x2030 obj_cooja/mtype651.o
 .bss           0x0000000000031350        0x1 obj_cooja/mtype651.a(simEnvChange.o)
                0x0000000000031350                simDontFallAsleep
 *fill*         0x0000000000031351        0x3 
 .bss           0x0000000000031354        0x4 obj_cooja/mtype651.a(cooja_mt.o)
 .bss           0x0000000000031358        0x4 obj_cooja/mtype651.a(cooja_mtarch.o)
 .bss           0x000000000003135c        0xc obj_cooja/mtype651.a(rtimer-arch.o)
 .bss           0x0000000000031368        0x0 obj_cooja/mtype651.a(beep.o)
 .bss           0x0000000000031368        0x8 obj_cooja/mtype651.a(button-sensor.o)
 .bss           0x0000000000031370        0x0 obj_cooja/mtype651.a(leds-arch.o)
 .bss           0x0000000000031370        0x0 obj_cooja/mtype651.a(moteid.o)
 .bss           0x0000000000031370        0x1 obj_cooja/mtype651.a(pir-sensor.o)
                0x0000000000031370                simPirValue
 *fill*         0x0000000000031371        0x3 
 .bss           0x0000000000031374        0x4 obj_cooja/mtype651.a(rs232.o)
 .bss           0x0000000000031378        0x1 obj_cooja/mtype651.a(vib-sensor.o)
                0x0000000000031378                simVibValue
 .bss           0x0000000000031379        0x0 obj_cooja/mtype651.a(clock.o)
 *fill*         0x0000000000031379        0x7 
 .bss           0x0000000000031380      0x420 obj_cooja/mtype651.a(log.o)
 .bss           0x00000000000317a0      0xfc0 obj_cooja/mtype651.a(cfs-cooja.o)
                0x00000000000317a0                simCFSData
                0x0000000000032740                simCFSSize
                0x0000000000032744                simCFSChanged
                0x0000000000032748                simCFSRead
                0x000000000003274c                simCFSWritten
 .bss           0x0000000000032760       0x24 obj_cooja/mtype651.a(cooja-radio.o)
                0x0000000000032760                simReceivingLR
                0x0000000000032764                simInSizeLR
                0x0000000000032768                simOutSizeLR
                0x000000000003276c                simReceiving
                0x0000000000032770                simInSize
                0x0000000000032774                simOutSize
                0x0000000000032778                LongRangeTransmit
                0x000000000003277c                LongRangeReceiving
 .bss           0x0000000000032784        0xc obj_cooja/mtype651.a(eeprom.o)
                0x0000000000032784                simEEPROMChanged
                0x0000000000032788                simEEPROMRead
                0x000000000003278c                simEEPROMWritten
 .bss           0x0000000000032790        0x0 obj_cooja/mtype651.a(random.o)
 .bss           0x0000000000032790        0xc obj_cooja/mtype651.a(sensors.o)
 .bss           0x000000000003279c       0x28 obj_cooja/mtype651.a(dual_conf.o)
                0x000000000003279c                long_range_radio
 .bss           0x00000000000327c4        0x0 obj_cooja/mtype651.a(autostart.o)
 .bss           0x00000000000327c4        0x5 obj_cooja/mtype651.a(ctimer.o)
 *fill*         0x00000000000327c9        0x3 
 .bss           0x00000000000327cc        0x8 obj_cooja/mtype651.a(etimer.o)
 .bss           0x00000000000327d4        0x0 obj_cooja/mtype651.a(log_message.o)
 *fill*         0x00000000000327d4        0xc 
 .bss           0x00000000000327e0      0x1b1 obj_cooja/mtype651.a(process.o)
                0x00000000000327e0                process_list
                0x00000000000327e4                process_current
 .bss           0x0000000000032991        0x0 obj_cooja/mtype651.a(residual.o)
 *fill*         0x0000000000032991        0x3 
 .bss           0x0000000000032994        0x4 obj_cooja/mtype651.a(rtimer.o)
 .bss           0x0000000000032998        0x0 obj_cooja/mtype651.a(stimer.o)
 .bss           0x0000000000032998        0x0 obj_cooja/mtype651.a(timer.o)
 *fill*         0x0000000000032998        0x8 
 .bss           0x00000000000329a0      0x140 obj_cooja/mtype651.a(serial-line.o)
 .bss           0x0000000000032ae0        0x0 obj_cooja/mtype651.a(list.o)
 .bss           0x0000000000032ae0        0x0 obj_cooja/mtype651.a(ringbuf.o)
 .bss           0x0000000000032ae0      0x70c obj_cooja/mtype651.a(sicslowpan.o)
 *fill*         0x00000000000331ec       0x14 
 .bss           0x0000000000033200       0xc0 obj_cooja/mtype651.a(uip-ds6-nbr.o)
 .bss           0x00000000000332c0      0x4a8 obj_cooja/mtype651.a(uip-ds6-route.o)
 .bss           0x0000000000033768       0x30 obj_cooja/mtype651.a(uip-ds6.o)
 .bss           0x0000000000033798        0xe obj_cooja/mtype651.a(uip6.o)
                0x0000000000033798                uip_ext_bitmap
                0x0000000000033799                uip_ext_len
                0x000000000003379a                uip_ext_opt_offset
 *fill*         0x00000000000337a6       0x1a 
 .bss           0x00000000000337c0       0x6b obj_cooja/mtype651.a(tcpip.o)
 .bss           0x000000000003382b        0x0 obj_cooja/mtype651.a(uip-debug.o)
 *fill*         0x000000000003382b       0x15 
 .bss           0x0000000000033840      0xcf8 obj_cooja/mtype651.a(uip-packetqueue)
 .bss           0x0000000000034538        0x0 obj_cooja/mtype651.a(uip-udp-packet.)
 *fill*         0x0000000000034538        0x8 
 .bss           0x0000000000034540       0x88 obj_cooja/mtype651.a(rpl-dag.o)
 .bss           0x00000000000345c8        0x0 obj_cooja/mtype651.a(rpl-ext-header.)
 .bss           0x00000000000345c8        0x0 obj_cooja/mtype651.a(rpl-icmp6.o)
 .bss           0x00000000000345c8        0x0 obj_cooja/mtype651.a(rpl-ltmax.o)
 *fill*         0x00000000000345c8       0x18 
 .bss           0x00000000000345e0       0x23 obj_cooja/mtype651.a(rpl-timers.o)
 *fill*         0x0000000000034603        0x1 
 .bss           0x0000000000034604        0x4 obj_cooja/mtype651.a(rpl.o)
 .bss           0x0000000000034608        0x2 obj_cooja/mtype651.a(framer-802154.o)
 .bss           0x000000000003460a        0x0 obj_cooja/mtype651.a(nullmac.o)
 *fill*         0x000000000003460a       0x16 
 .bss           0x0000000000034620       0xb0 obj_cooja/mtype651.a(cxmac.o)
 .bss           0x00000000000346d0        0x0 obj_cooja/mtype651.a(linkaddr.o)
 *fill*         0x00000000000346d0       0x10 
 .bss           0x00000000000346e0       0xc4 obj_cooja/mtype651.a(nbr-table.o)
 .bss           0x00000000000347a4        0x0 obj_cooja/mtype651.a(netstack.o)
 *fill*         0x00000000000347a4       0x1c 
 .bss           0x00000000000347c0       0xa0 obj_cooja/mtype651.a(packetbuf.o)
 .bss           0x0000000000034860      0xb80 obj_cooja/mtype651.a(queuebuf.o)
 .bss           0x00000000000353e0        0x0 obj_cooja/mtype651.a(nullsec.o)
 .bss           0x00000000000353e0        0x0 obj_cooja/mtype651.a(watchdog.o)
 .bss           0x00000000000353e0        0x0 obj_cooja/mtype651.a(rimestats.o)
 .bss           0x00000000000353e0        0x1 obj_cooja/mtype651.a(leds.o)
 .bss           0x00000000000353e1        0x0 obj_cooja/mtype651.a(memb.o)
 *fill*         0x00000000000353e1        0x3 
 .bss           0x00000000000353e4       0x18 obj_cooja/mtype651.a(uip-icmp6.o)
 .bss           0x00000000000353fc        0x0 obj_cooja/mtype651.a(uip-nd6.o)
 *fill*         0x00000000000353fc        0x4 
 .bss           0x0000000000035400       0x44 obj_cooja/mtype651.a(rpl-nbr-policy.)
 .bss           0x0000000000035444        0x0 obj_cooja/mtype651.a(frame802154.o)
 .bss           0x0000000000035444        0x0 obj_cooja/mtype651.a(mac.o)
 .bss           0x0000000000035444        0x0 /usr/lib/gcc/i686-linux-gnu/4.8/crtendS.o
 .bss           0x0000000000035444        0x0 /usr/lib/gcc/i686-linux-gnu/4.8/../../../i386-linux-gnu/crtn.o
 *(COMMON)
 COMMON         0x0000000000035444       0x48 udp-client.co
                0x0000000000035444                dio_count
                0x0000000000035448                dis_count
                0x000000000003544c                collision_count
                0x0000000000035450                transmission_count
                0x0000000000035454                COOJA_radioRxLong
                0x0000000000035458                control_message_count
                0x000000000003545c                dao_count
                0x0000000000035460                COOJA_radioTx
                0x0000000000035464                data_relay_count
                0x0000000000035468                data_message_count
                0x000000000003546c                my_sink_reachability
                0x0000000000035470                COOJA_radioTxLong
                0x0000000000035474                COOJA_radioRx
                0x0000000000035478                my_parent_number
                0x000000000003547c                COOJA_radioOn
                0x0000000000035480                COOJA_duration
                0x0000000000035484                dio_ack_count
                0x0000000000035488                COOJA_radioOnLong
 COMMON         0x000000000003548c        0xc obj_cooja/mtype651.o
                0x000000000003548c                referenceVar
                0x0000000000035490                debugfp
                0x0000000000035494                sensors_flags
 COMMON         0x0000000000035498        0xc obj_cooja/mtype651.a(simEnvChange.o)
                0x0000000000035498                simEtimerPending
                0x000000000003549c                simProcessRunValue
                0x00000000000354a0                simNextExpirationTime
 COMMON         0x00000000000354a4        0x1 obj_cooja/mtype651.a(beep.o)
                0x00000000000354a4                simBeeped
 COMMON         0x00000000000354a5        0x3 obj_cooja/mtype651.a(button-sensor.o)
                0x00000000000354a5                simButtonIsActive
                0x00000000000354a6                simButtonIsDown
                0x00000000000354a7                simButtonChanged
 COMMON         0x00000000000354a8        0x1 obj_cooja/mtype651.a(leds-arch.o)
                0x00000000000354a8                simLedsValue
 *fill*         0x00000000000354a9        0x3 
 COMMON         0x00000000000354ac        0xc obj_cooja/mtype651.a(moteid.o)
                0x00000000000354ac                simRandomSeed
                0x00000000000354b0                simMoteIDChanged
                0x00000000000354b4                simMoteID
 COMMON         0x00000000000354b8        0x2 obj_cooja/mtype651.a(pir-sensor.o)
                0x00000000000354b8                simPirIsActive
                0x00000000000354b9                simPirChanged
 *fill*         0x00000000000354ba        0x6 
 COMMON         0x00000000000354c0      0x820 obj_cooja/mtype651.a(rs232.o)
                0x00000000000354c0                simSerialReceivingFlag
                0x00000000000354c4                simSerialReceivingLength
                0x00000000000354e0                simSerialReceivingData
 COMMON         0x0000000000035ce0        0x2 obj_cooja/mtype651.a(vib-sensor.o)
                0x0000000000035ce0                simVibChanged
                0x0000000000035ce1                simVibIsActive
 *fill*         0x0000000000035ce2        0x2 
 COMMON         0x0000000000035ce4        0x4 obj_cooja/mtype651.a(clock.o)
                0x0000000000035ce4                simCurrentTime
 *fill*         0x0000000000035ce8       0x18 
 COMMON         0x0000000000035d00      0x420 obj_cooja/mtype651.a(log.o)
                0x0000000000035d00                simLoggedLength
                0x0000000000035d04                simLoggedFlag
                0x0000000000035d20                simLoggedData
 COMMON         0x0000000000036120      0x240 obj_cooja/mtype651.a(cooja-radio.o)
                0x0000000000036120                simOutDataBuffer
                0x00000000000361a0                simRadioTarget
                0x00000000000361c0                simInDataBufferLR
                0x0000000000036240                simOutDataBufferLR
                0x00000000000362c0                dual_duty_cycle_count
                0x00000000000362e0                simInDataBuffer
 COMMON         0x0000000000036360      0x400 obj_cooja/mtype651.a(eeprom.o)
                0x0000000000036360                simEEPROMData
 COMMON         0x0000000000036760        0x1 obj_cooja/mtype651.a(sensors.o)
                0x0000000000036760                sensors_event
 *fill*         0x0000000000036761        0x3 
 COMMON         0x0000000000036764        0x4 obj_cooja/mtype651.a(log_message.o)
                0x0000000000036764                log_fp
 COMMON         0x0000000000036768        0x1 obj_cooja/mtype651.a(serial-line.o)
                0x0000000000036768                serial_line_event_message
 *fill*         0x0000000000036769       0x17 
 COMMON         0x0000000000036780       0x50 obj_cooja/mtype651.a(uip-ds6-nbr.o)
                0x0000000000036780                ds6_lr_addrmap
 *fill*         0x00000000000367d0       0x10 
 COMMON         0x00000000000367e0      0x298 obj_cooja/mtype651.a(uip-ds6.o)
                0x00000000000367e0                uip_ds6_prefix_list
                0x0000000000036840                uip_ds6_timer_periodic
                0x0000000000036850                uip_ds6_netif_addr_list_offset
                0x0000000000036860                uip_ds6_if
                0x0000000000036958                uip_ds6_timer_ra
                0x0000000000036960                uip_ds6_addr_size
                0x0000000000036980                long_uip_ds6_if
 *fill*         0x0000000000036a78        0x8 
 COMMON         0x0000000000036a80      0x8ec obj_cooja/mtype651.a(uip6.o)
                0x0000000000036a80                uip_slen
                0x0000000000036a82                uip_acc32
                0x0000000000036aa0                uip_conns
                0x0000000000036b60                uip_lladdr
                0x0000000000036b68                uip_appdata
                0x0000000000036b6c                uip_flags
                0x0000000000036b80                uip_aligned_buf
                0x00000000000371c0                uip_listenports
                0x00000000000371d0                uip_len
                0x00000000000371d2                uip_long_lladdr
                0x00000000000371dc                uip_sappdata
                0x00000000000371e0                uip_udp_conns
                0x0000000000037360                uip_udp_conn
                0x0000000000037364                uip_next_hdr
                0x0000000000037368                uip_conn
 COMMON         0x000000000003736c        0x1 obj_cooja/mtype651.a(tcpip.o)
                0x000000000003736c                tcpip_event
 *fill*         0x000000000003736d       0x13 
 COMMON         0x0000000000037380      0x198 obj_cooja/mtype651.a(rpl-dag.o)
                0x0000000000037380                default_instance
                0x00000000000373a0                instance_table
 COMMON         0x0000000000037518        0x2 obj_cooja/mtype651.a(rpl-ltmax.o)
                0x0000000000037518                long_duty_on
                0x0000000000037519                short_duty_on
 COMMON         0x000000000003751a       0x10 obj_cooja/mtype651.a(linkaddr.o)
                0x000000000003751a                linkaddr_node_addr
                0x0000000000037522                long_linkaddr_node_addr
 COMMON         0x000000000003752a       0x2e obj_cooja/mtype651.a(packetbuf.o)
                0x000000000003752a                packetbuf_attrs
                0x0000000000037548                packetbuf_addrs
 *fill*         0x0000000000037558        0x8 
 COMMON         0x0000000000037560       0x48 obj_cooja/mtype651.a(rimestats.o)
                0x0000000000037560                rimestats
                0x00000000000375a8                . = ALIGN ((. != 0x0)?0x4:0x1)
                0x00000000000375a8                . = ALIGN (0x4)
                0x00000000000375a8                . = SEGMENT_START ("ldata-segment", .)
                0x00000000000375a8                . = ALIGN (0x4)
                0x00000000000375a8                _end = .
                0x00000000000375a8                PROVIDE (end, .)
                0x00000000000375a8                . = DATA_SEGMENT_END (.)

.stab
 *(.stab)

.stabstr
 *(.stabstr)

.stab.excl
 *(.stab.excl)

.stab.exclstr
 *(.stab.exclstr)

.stab.index
 *(.stab.index)

.stab.indexstr
 *(.stab.indexstr)

.comment        0x0000000000000000       0x29
 *(.comment)
 .comment       0x0000000000000000       0x29 /usr/lib/gcc/i686-linux-gnu/4.8/crtbeginS.o
                                         0x2a (size before relaxing)
 .comment       0x0000000000000000       0x2a udp-client.co
 .comment       0x0000000000000000       0x2a obj_cooja/mtype651.o
 .comment       0x0000000000000000       0x2a obj_cooja/mtype651.a(simEnvChange.o)
 .comment       0x0000000000000000       0x2a obj_cooja/mtype651.a(cooja_mt.o)
 .comment       0x0000000000000000       0x2a obj_cooja/mtype651.a(cooja_mtarch.o)
 .comment       0x0000000000000000       0x2a obj_cooja/mtype651.a(rtimer-arch.o)
 .comment       0x0000000000000000       0x2a obj_cooja/mtype651.a(beep.o)
 .comment       0x0000000000000000       0x2a obj_cooja/mtype651.a(button-sensor.o)
 .comment       0x0000000000000000       0x2a obj_cooja/mtype651.a(leds-arch.o)
 .comment       0x0000000000000000       0x2a obj_cooja/mtype651.a(moteid.o)
 .comment       0x0000000000000000       0x2a obj_cooja/mtype651.a(pir-sensor.o)
 .comment       0x0000000000000000       0x2a obj_cooja/mtype651.a(rs232.o)
 .comment       0x0000000000000000       0x2a obj_cooja/mtype651.a(vib-sensor.o)
 .comment       0x0000000000000000       0x2a obj_cooja/mtype651.a(clock.o)
 .comment       0x0000000000000000       0x2a obj_cooja/mtype651.a(log.o)
 .comment       0x0000000000000000       0x2a obj_cooja/mtype651.a(cfs-cooja.o)
 .comment       0x0000000000000000       0x2a obj_cooja/mtype651.a(cooja-radio.o)
 .comment       0x0000000000000000       0x2a obj_cooja/mtype651.a(eeprom.o)
 .comment       0x0000000000000000       0x2a obj_cooja/mtype651.a(random.o)
 .comment       0x0000000000000000       0x2a obj_cooja/mtype651.a(sensors.o)
 .comment       0x0000000000000000       0x2a obj_cooja/mtype651.a(dual_conf.o)
 .comment       0x0000000000000000       0x2a obj_cooja/mtype651.a(autostart.o)
 .comment       0x0000000000000000       0x2a obj_cooja/mtype651.a(ctimer.o)
 .comment       0x0000000000000000       0x2a obj_cooja/mtype651.a(etimer.o)
 .comment       0x0000000000000000       0x2a obj_cooja/mtype651.a(log_message.o)
 .comment       0x0000000000000000       0x2a obj_cooja/mtype651.a(process.o)
 .comment       0x0000000000000000       0x2a obj_cooja/mtype651.a(residual.o)
 .comment       0x0000000000000000       0x2a obj_cooja/mtype651.a(rtimer.o)
 .comment       0x0000000000000000       0x2a obj_cooja/mtype651.a(stimer.o)
 .comment       0x0000000000000000       0x2a obj_cooja/mtype651.a(timer.o)
 .comment       0x0000000000000000       0x2a obj_cooja/mtype651.a(serial-line.o)
 .comment       0x0000000000000000       0x2a obj_cooja/mtype651.a(list.o)
 .comment       0x0000000000000000       0x2a obj_cooja/mtype651.a(ringbuf.o)
 .comment       0x0000000000000000       0x2a obj_cooja/mtype651.a(sicslowpan.o)
 .comment       0x0000000000000000       0x2a obj_cooja/mtype651.a(uip-ds6-nbr.o)
 .comment       0x0000000000000000       0x2a obj_cooja/mtype651.a(uip-ds6-route.o)
 .comment       0x0000000000000000       0x2a obj_cooja/mtype651.a(uip-ds6.o)
 .comment       0x0000000000000000       0x2a obj_cooja/mtype651.a(uip6.o)
 .comment       0x0000000000000000       0x2a obj_cooja/mtype651.a(tcpip.o)
 .comment       0x0000000000000000       0x2a obj_cooja/mtype651.a(uip-debug.o)
 .comment       0x0000000000000000       0x2a obj_cooja/mtype651.a(uip-packetqueue)
 .comment       0x0000000000000000       0x2a obj_cooja/mtype651.a(uip-udp-packet.)
 .comment       0x0000000000000000       0x2a obj_cooja/mtype651.a(rpl-dag.o)
 .comment       0x0000000000000000       0x2a obj_cooja/mtype651.a(rpl-ext-header.)
 .comment       0x0000000000000000       0x2a obj_cooja/mtype651.a(rpl-icmp6.o)
 .comment       0x0000000000000000       0x2a obj_cooja/mtype651.a(rpl-ltmax.o)
 .comment       0x0000000000000000       0x2a obj_cooja/mtype651.a(rpl-timers.o)
 .comment       0x0000000000000000       0x2a obj_cooja/mtype651.a(rpl.o)
 .comment       0x0000000000000000       0x2a obj_cooja/mtype651.a(framer-802154.o)
 .comment       0x0000000000000000       0x2a obj_cooja/mtype651.a(nullmac.o)
 .comment       0x0000000000000000       0x2a obj_cooja/mtype651.a(cxmac.o)
 .comment       0x0000000000000000       0x2a obj_cooja/mtype651.a(linkaddr.o)
 .comment       0x0000000000000000       0x2a obj_cooja/mtype651.a(nbr-table.o)
 .comment       0x0000000000000000       0x2a obj_cooja/mtype651.a(netstack.o)
 .comment       0x0000000000000000       0x2a obj_cooja/mtype651.a(packetbuf.o)
 .comment       0x0000000000000000       0x2a obj_cooja/mtype651.a(queuebuf.o)
 .comment       0x0000000000000000       0x2a obj_cooja/mtype651.a(nullsec.o)
 .comment       0x0000000000000000       0x2a obj_cooja/mtype651.a(watchdog.o)
 .comment       0x0000000000000000       0x2a obj_cooja/mtype651.a(rimestats.o)
 .comment       0x0000000000000000       0x2a obj_cooja/mtype651.a(leds.o)
 .comment       0x0000000000000000       0x2a obj_cooja/mtype651.a(memb.o)
 .comment       0x0000000000000000       0x2a obj_cooja/mtype651.a(uip-icmp6.o)
 .comment       0x0000000000000000       0x2a obj_cooja/mtype651.a(uip-nd6.o)
 .comment       0x0000000000000000       0x2a obj_cooja/mtype651.a(rpl-nbr-policy.)
 .comment       0x0000000000000000       0x2a obj_cooja/mtype651.a(frame802154.o)
 .comment       0x0000000000000000       0x2a obj_cooja/mtype651.a(mac.o)
 .comment       0x0000000000000000       0x2a /usr/lib/gcc/i686-linux-gnu/4.8/crtendS.o

.debug
 *(.debug)

.line
 *(.line)

.debug_srcinfo
 *(.debug_srcinfo)

.debug_sfnames
 *(.debug_sfnames)

.debug_aranges  0x0000000000000000      0x838
 *(.debug_aranges)
 .debug_aranges
                0x0000000000000000       0x20 udp-client.co
 .debug_aranges
                0x0000000000000020       0x20 obj_cooja/mtype651.o
 .debug_aranges
                0x0000000000000040       0x20 obj_cooja/mtype651.a(simEnvChange.o)
 .debug_aranges
                0x0000000000000060       0x20 obj_cooja/mtype651.a(cooja_mt.o)
 .debug_aranges
                0x0000000000000080       0x20 obj_cooja/mtype651.a(cooja_mtarch.o)
 .debug_aranges
                0x00000000000000a0       0x20 obj_cooja/mtype651.a(rtimer-arch.o)
 .debug_aranges
                0x00000000000000c0       0x20 obj_cooja/mtype651.a(beep.o)
 .debug_aranges
                0x00000000000000e0       0x20 obj_cooja/mtype651.a(button-sensor.o)
 .debug_aranges
                0x0000000000000100       0x20 obj_cooja/mtype651.a(leds-arch.o)
 .debug_aranges
                0x0000000000000120       0x20 obj_cooja/mtype651.a(moteid.o)
 .debug_aranges
                0x0000000000000140       0x20 obj_cooja/mtype651.a(pir-sensor.o)
 .debug_aranges
                0x0000000000000160       0x20 obj_cooja/mtype651.a(rs232.o)
 .debug_aranges
                0x0000000000000180       0x20 obj_cooja/mtype651.a(vib-sensor.o)
 .debug_aranges
                0x00000000000001a0       0x20 obj_cooja/mtype651.a(clock.o)
 .debug_aranges
                0x00000000000001c0       0x20 obj_cooja/mtype651.a(log.o)
 .debug_aranges
                0x00000000000001e0       0x20 obj_cooja/mtype651.a(cfs-cooja.o)
 .debug_aranges
                0x0000000000000200       0x20 obj_cooja/mtype651.a(cooja-radio.o)
 .debug_aranges
                0x0000000000000220       0x20 obj_cooja/mtype651.a(eeprom.o)
 .debug_aranges
                0x0000000000000240       0x20 obj_cooja/mtype651.a(random.o)
 .debug_aranges
                0x0000000000000260       0x20 obj_cooja/mtype651.a(sensors.o)
 .debug_aranges
                0x0000000000000280       0x20 obj_cooja/mtype651.a(dual_conf.o)
 .debug_aranges
                0x00000000000002a0       0x20 obj_cooja/mtype651.a(autostart.o)
 .debug_aranges
                0x00000000000002c0       0x20 obj_cooja/mtype651.a(ctimer.o)
 .debug_aranges
                0x00000000000002e0       0x20 obj_cooja/mtype651.a(etimer.o)
 .debug_aranges
                0x0000000000000300       0x20 obj_cooja/mtype651.a(log_message.o)
 .debug_aranges
                0x0000000000000320       0x20 obj_cooja/mtype651.a(process.o)
 .debug_aranges
                0x0000000000000340       0x20 obj_cooja/mtype651.a(residual.o)
 .debug_aranges
                0x0000000000000360       0x20 obj_cooja/mtype651.a(rtimer.o)
 .debug_aranges
                0x0000000000000380       0x20 obj_cooja/mtype651.a(stimer.o)
 .debug_aranges
                0x00000000000003a0       0x20 obj_cooja/mtype651.a(timer.o)
 .debug_aranges
                0x00000000000003c0       0x20 obj_cooja/mtype651.a(serial-line.o)
 .debug_aranges
                0x00000000000003e0       0x20 obj_cooja/mtype651.a(list.o)
 .debug_aranges
                0x0000000000000400       0x20 obj_cooja/mtype651.a(ringbuf.o)
 .debug_aranges
                0x0000000000000420       0x20 obj_cooja/mtype651.a(sicslowpan.o)
 .debug_aranges
                0x0000000000000440       0x20 obj_cooja/mtype651.a(uip-ds6-nbr.o)
 .debug_aranges
                0x0000000000000460       0x20 obj_cooja/mtype651.a(uip-ds6-route.o)
 .debug_aranges
                0x0000000000000480       0x20 obj_cooja/mtype651.a(uip-ds6.o)
 .debug_aranges
                0x00000000000004a0       0x20 obj_cooja/mtype651.a(uip6.o)
 .debug_aranges
                0x00000000000004c0       0x20 obj_cooja/mtype651.a(tcpip.o)
 .debug_aranges
                0x00000000000004e0       0x20 obj_cooja/mtype651.a(uip-debug.o)
 .debug_aranges
                0x0000000000000500       0x20 obj_cooja/mtype651.a(uip-packetqueue)
 .debug_aranges
                0x0000000000000520       0x20 obj_cooja/mtype651.a(uip-udp-packet.)
 .debug_aranges
                0x0000000000000540       0x20 obj_cooja/mtype651.a(rpl-dag.o)
 .debug_aranges
                0x0000000000000560       0x20 obj_cooja/mtype651.a(rpl-ext-header.)
 .debug_aranges
                0x0000000000000580       0x20 obj_cooja/mtype651.a(rpl-icmp6.o)
 .debug_aranges
                0x00000000000005a0       0x20 obj_cooja/mtype651.a(rpl-ltmax.o)
 .debug_aranges
                0x00000000000005c0       0x20 obj_cooja/mtype651.a(rpl-timers.o)
 .debug_aranges
                0x00000000000005e0       0x20 obj_cooja/mtype651.a(rpl.o)
 .debug_aranges
                0x0000000000000600       0x20 obj_cooja/mtype651.a(framer-802154.o)
 .debug_aranges
                0x0000000000000620       0x20 obj_cooja/mtype651.a(nullmac.o)
 .debug_aranges
                0x0000000000000640       0x20 obj_cooja/mtype651.a(cxmac.o)
 .debug_aranges
                0x0000000000000660       0x20 obj_cooja/mtype651.a(linkaddr.o)
 .debug_aranges
                0x0000000000000680       0x20 obj_cooja/mtype651.a(nbr-table.o)
 .debug_aranges
                0x00000000000006a0       0x20 obj_cooja/mtype651.a(netstack.o)
 .debug_aranges
                0x00000000000006c0       0x20 obj_cooja/mtype651.a(packetbuf.o)
 .debug_aranges
                0x00000000000006e0       0x20 obj_cooja/mtype651.a(queuebuf.o)
 .debug_aranges
                0x0000000000000700       0x20 obj_cooja/mtype651.a(nullsec.o)
 .debug_aranges
                0x0000000000000720       0x20 obj_cooja/mtype651.a(watchdog.o)
 .debug_aranges
                0x0000000000000740       0x18 obj_cooja/mtype651.a(rimestats.o)
 .debug_aranges
                0x0000000000000758       0x20 obj_cooja/mtype651.a(leds.o)
 .debug_aranges
                0x0000000000000778       0x20 obj_cooja/mtype651.a(memb.o)
 .debug_aranges
                0x0000000000000798       0x20 obj_cooja/mtype651.a(uip-icmp6.o)
 .debug_aranges
                0x00000000000007b8       0x20 obj_cooja/mtype651.a(uip-nd6.o)
 .debug_aranges
                0x00000000000007d8       0x20 obj_cooja/mtype651.a(rpl-nbr-policy.)
 .debug_aranges
                0x00000000000007f8       0x20 obj_cooja/mtype651.a(frame802154.o)
 .debug_aranges
                0x0000000000000818       0x20 obj_cooja/mtype651.a(mac.o)

.debug_pubnames
 *(.debug_pubnames)

.debug_info     0x0000000000000000    0x1d00e
 *(.debug_info .gnu.linkonce.wi.*)
 .debug_info    0x0000000000000000      0xa23 udp-client.co
 .debug_info    0x0000000000000a23     0x3ac4 obj_cooja/mtype651.o
 .debug_info    0x00000000000044e7      0x15a obj_cooja/mtype651.a(simEnvChange.o)
 .debug_info    0x0000000000004641      0x1e2 obj_cooja/mtype651.a(cooja_mt.o)
 .debug_info    0x0000000000004823      0x2e7 obj_cooja/mtype651.a(cooja_mtarch.o)
 .debug_info    0x0000000000004b0a      0x16b obj_cooja/mtype651.a(rtimer-arch.o)
 .debug_info    0x0000000000004c75      0x1f3 obj_cooja/mtype651.a(beep.o)
 .debug_info    0x0000000000004e68      0x257 obj_cooja/mtype651.a(button-sensor.o)
 .debug_info    0x00000000000050bf      0x132 obj_cooja/mtype651.a(leds-arch.o)
 .debug_info    0x00000000000051f1      0x10a obj_cooja/mtype651.a(moteid.o)