Archive member included to satisfy reference by file (symbol)

obj_cooja/mtype987.a(simEnvChange.o)
                              obj_cooja/mtype987.o (simDontFallAsleep)
obj_cooja/mtype987.a(cooja_mt.o)
                              obj_cooja/mtype987.o (cooja_mt_start)
obj_cooja/mtype987.a(cooja_mtarch.o)
                              obj_cooja/mtype987.a(cooja_mt.o) (cooja_mtarch_init)
obj_cooja/mtype987.a(rtimer-arch.o)
                              obj_cooja/mtype987.o (rtimer_arch_next)
obj_cooja/mtype987.a(beep.o)  obj_cooja/mtype987.o (beep_interface)
obj_cooja/mtype987.a(button-sensor.o)
                              obj_cooja/mtype987.o (button_interface)
obj_cooja/mtype987.a(leds-arch.o)
                              obj_cooja/mtype987.o (leds_interface)
obj_cooja/mtype987.a(moteid.o)
                              obj_cooja/mtype987.o (moteid_interface)
obj_cooja/mtype987.a(pir-sensor.o)
                              obj_cooja/mtype987.o (pir_interface)
obj_cooja/mtype987.a(rs232.o)
                              obj_cooja/mtype987.o (rs232_interface)
obj_cooja/mtype987.a(vib-sensor.o)
                              obj_cooja/mtype987.o (vib_interface)
obj_cooja/mtype987.a(clock.o)
                              obj_cooja/mtype987.o (clock_interface)
obj_cooja/mtype987.a(log.o)   obj_cooja/mtype987.o (simlog_interface)
obj_cooja/mtype987.a(cfs-cooja.o)
                              obj_cooja/mtype987.o (cfs_interface)
obj_cooja/mtype987.a(cooja-radio.o)
                              obj_cooja/mtype987.o (radio_interface)
obj_cooja/mtype987.a(eeprom.o)
                              obj_cooja/mtype987.o (eeprom_interface)
obj_cooja/mtype987.a(random.o)
                              obj_cooja/mtype987.a(moteid.o) (random_init)
obj_cooja/mtype987.a(sensors.o)
                              obj_cooja/mtype987.o (sensors_process)
obj_cooja/mtype987.a(dual_conf.o)
                              obj_cooja/mtype987.a(cooja-radio.o) (long_range_radio)
obj_cooja/mtype987.a(autostart.o)
                              obj_cooja/mtype987.o (autostart_start)
obj_cooja/mtype987.a(ctimer.o)
                              obj_cooja/mtype987.o (ctimer_init)
obj_cooja/mtype987.a(etimer.o)
                              obj_cooja/mtype987.o (etimer_process)
obj_cooja/mtype987.a(log_message.o)
                              obj_cooja/mtype987.o (log_initialization)
obj_cooja/mtype987.a(process.o)
                              udp-client.co (process_current)
obj_cooja/mtype987.a(residual.o)
                              udp-client.co (get_residual_energy)
obj_cooja/mtype987.a(rtimer.o)
                              obj_cooja/mtype987.a(rtimer-arch.o) (rtimer_run_next)
obj_cooja/mtype987.a(stimer.o)
                              udp-client.co (stimer_remaining)
obj_cooja/mtype987.a(timer.o)
                              obj_cooja/mtype987.a(button-sensor.o) (timer_set)
obj_cooja/mtype987.a(serial-line.o)
                              udp-client.co (serial_line_event_message)
obj_cooja/mtype987.a(list.o)  obj_cooja/mtype987.a(ctimer.o) (list_init)
obj_cooja/mtype987.a(ringbuf.o)
                              obj_cooja/mtype987.a(serial-line.o) (ringbuf_init)
obj_cooja/mtype987.a(sicslowpan.o)
                              obj_cooja/mtype987.o (sicslowpan_driver)
obj_cooja/mtype987.a(uip-ds6-nbr.o)
                              obj_cooja/mtype987.a(sicslowpan.o) (uip_ds6_link_neighbor_callback)
obj_cooja/mtype987.a(uip-ds6-route.o)
                              udp-client.co (uip_ds6_route_nexthop)
obj_cooja/mtype987.a(uip-ds6.o)
                              udp-client.co (uip_ds6_if)
obj_cooja/mtype987.a(uip6.o)  udp-client.co (uip_lladdr)
obj_cooja/mtype987.a(tcpip.o)
                              udp-client.co (tcpip_event)
obj_cooja/mtype987.a(uip-debug.o)
                              udp-client.co (uip_debug_ipaddr_print)
obj_cooja/mtype987.a(uip-packetqueue)
                              obj_cooja/mtype987.a(uip-ds6-nbr.o) (uip_packetqueue_new)
obj_cooja/mtype987.a(uip-udp-packet.)
                              udp-client.co (uip_udp_packet_sendto)
obj_cooja/mtype987.a(rpl-dag.o)
                              obj_cooja/mtype987.a(tcpip.o) (rpl_repair_root)
obj_cooja/mtype987.a(rpl-ext-header.)
                              obj_cooja/mtype987.a(uip6.o) (rpl_verify_header)
obj_cooja/mtype987.a(rpl-icmp6.o)
                              obj_cooja/mtype987.a(rpl-dag.o) (rpl_icmp6_update_nbr_table)
obj_cooja/mtype987.a(rpl-ltmax.o)
                              obj_cooja/mtype987.a(rpl-dag.o) (rpl_ltmax_of)
obj_cooja/mtype987.a(rpl-timers.o)
                              obj_cooja/mtype987.a(rpl-icmp6.o) (rpl_LSA_convergence_timer)
obj_cooja/mtype987.a(rpl.o)   obj_cooja/mtype987.a(rpl-icmp6.o) (rpl_get_mode)
obj_cooja/mtype987.a(framer-802154.o)
                              obj_cooja/mtype987.a(sicslowpan.o) (framer_802154)
obj_cooja/mtype987.a(nullmac.o)
                              obj_cooja/mtype987.o (nullmac_driver)
[...]
Memory Configuration

Name             Origin             Length             Attributes
*default*        0x0000000000000000 0xffffffffffffffff

Linker script and memory map

LOAD /usr/lib/gcc/i686-linux-gnu/4.8/../../../i386-linux-gnu/crti.o
LOAD /usr/lib/gcc/i686-linux-gnu/4.8/crtbeginS.o
LOAD udp-client.co
LOAD obj_cooja/mtype987.o
LOAD obj_cooja/mtype987.a
LOAD /usr/lib/gcc/i686-linux-gnu/4.8/libgcc.a
LOAD /usr/lib/gcc/i686-linux-gnu/4.8/libgcc_s.so
LOAD /usr/lib/gcc/i686-linux-gnu/4.8/../../../i386-linux-gnu/libc.so
START GROUP
LOAD /lib/i386-linux-gnu/libc.so.6
LOAD /usr/lib/i386-linux-gnu/libc_nonshared.a
LOAD /lib/i386-linux-gnu/ld-linux.so.2
END GROUP
LOAD /usr/lib/gcc/i686-linux-gnu/4.8/libgcc.a
LOAD /usr/lib/gcc/i686-linux-gnu/4.8/libgcc_s.so
LOAD /usr/lib/gcc/i686-linux-gnu/4.8/crtendS.o
LOAD /usr/lib/gcc/i686-linux-gnu/4.8/../../../i386-linux-gnu/crtn.o
                0x0000000000000114                . = (0x0 + SIZEOF_HEADERS)

.note.gnu.build-id
                0x0000000000000114       0x24
 *(.note.gnu.build-id)
 .note.gnu.build-id
                0x0000000000000114       0x24 /usr/lib/gcc/i686-linux-gnu/4.8/../../../i386-linux-gnu/crti.o

.hash
 *(.hash)

.gnu.hash       0x0000000000000138     0x1388
 *(.gnu.hash)
 .gnu.hash      0x0000000000000138     0x1388 /usr/lib/gcc/i686-linux-gnu/4.8/../../../i386-linux-gnu/crti.o

.dynsym         0x00000000000014c0     0x2680
 *(.dynsym)
 .dynsym        0x00000000000014c0     0x2680 /usr/lib/gcc/i686-linux-gnu/4.8/../../../i386-linux-gnu/crti.o

.dynstr         0x0000000000003b40     0x27a2
 *(.dynstr)
 .dynstr        0x0000000000003b40     0x27a2 /usr/lib/gcc/i686-linux-gnu/4.8/../../../i386-linux-gnu/crti.o

.gnu.version    0x00000000000062e2      0x4d0
 *(.gnu.version)
 .gnu.version   0x00000000000062e2      0x4d0 /usr/lib/gcc/i686-linux-gnu/4.8/../../../i386-linux-gnu/crti.o

.gnu.version_d  0x00000000000067b4        0x0
 *(.gnu.version_d)
 .gnu.version_d
                0x0000000000000000        0x0 /usr/lib/gcc/i686-linux-gnu/4.8/../../../i386-linux-gnu/crti.o

.gnu.version_r  0x00000000000067b4       0x50
 *(.gnu.version_r)
 .gnu.version_r
                0x00000000000067b4       0x50 /usr/lib/gcc/i686-linux-gnu/4.8/../../../i386-linux-gnu/crti.o

.rel.dyn        0x0000000000006804     0x9588
 *(.rel.init)
 .rel.init      0x0000000000000000        0x0 /usr/lib/gcc/i686-linux-gnu/4.8/../../../i386-linux-gnu/crti.o
 *(.rel.text .rel.text.* .rel.gnu.linkonce.t.*)
 .rel.text      0x0000000000006804     0x8dd0 /usr/lib/gcc/i686-linux-gnu/4.8/../../../i386-linux-gnu/crti.o
 *(.rel.fini)
 .rel.fini      0x0000000000000000        0x0 /usr/lib/gcc/i686-linux-gnu/4.8/../../../i386-linux-gnu/crti.o
 *(.rel.rodata .rel.rodata.* .rel.gnu.linkonce.r.*)
 .rel.rodata    0x000000000000f5d4      0x4e0 /usr/lib/gcc/i686-linux-gnu/4.8/../../../i386-linux-gnu/crti.o
 *(.rel.data.rel.ro .rel.data.rel.ro.* .rel.gnu.linkonce.d.rel.ro.*)
 *(.rel.data .rel.data.* .rel.gnu.linkonce.d.*)
 .rel.data.rel  0x000000000000fab4        0x8 /usr/lib/gcc/i686-linux-gnu/4.8/../../../i386-linux-gnu/crti.o
 .rel.data      0x000000000000fabc      0x298 /usr/lib/gcc/i686-linux-gnu/4.8/../../../i386-linux-gnu/crti.o
 *(.rel.tdata .rel.tdata.* .rel.gnu.linkonce.td.*)
 *(.rel.tbss .rel.tbss.* .rel.gnu.linkonce.tb.*)
 *(.rel.ctors)
 *(.rel.dtors)
 *(.rel.got)
 .rel.got       0x000000000000fd54       0x28 /usr/lib/gcc/i686-linux-gnu/4.8/../../../i386-linux-gnu/crti.o
 *(.rel.bss .rel.bss.* .rel.gnu.linkonce.b.*)
 *(.rel.ifunc)
 .rel.ifunc     0x0000000000000000        0x0 /usr/lib/gcc/i686-linux-gnu/4.8/../../../i386-linux-gnu/crti.o
 .rel.fini_array
                0x000000000000fd7c        0x8 /usr/lib/gcc/i686-linux-gnu/4.8/../../../i386-linux-gnu/crti.o
 .rel.init_array
                0x000000000000fd84        0x8 /usr/lib/gcc/i686-linux-gnu/4.8/../../../i386-linux-gnu/crti.o

.rel.plt        0x000000000000fd8c       0x10
 *(.rel.plt)
 .rel.plt       0x000000000000fd8c       0x10 /usr/lib/gcc/i686-linux-gnu/4.8/../../../i386-linux-gnu/crti.o
 *(.rel.iplt)

.init           0x000000000000fd9c       0x23
 *(SORT(.init))
 .init          0x000000000000fd9c       0x1e /usr/lib/gcc/i686-linux-gnu/4.8/../../../i386-linux-gnu/crti.o
                0x000000000000fd9c                _init
 .init          0x000000000000fdba        0x5 /usr/lib/gcc/i686-linux-gnu/4.8/../../../i386-linux-gnu/crtn.o

.plt            0x000000000000fdc0       0x30
 *(.plt)
 .plt           0x000000000000fdc0       0x30 /usr/lib/gcc/i686-linux-gnu/4.8/../../../i386-linux-gnu/crti.o
 *(.iplt)

.text           0x000000000000fdf0    0x16cf1
 *(.text.unlikely .text.*_unlikely .text.unlikely.*)
 *(.text.exit .text.exit.*)
 *(.text.startup .text.startup.*)
 *(.text.hot .text.hot.*)
 *(.text .stub .text.* .gnu.linkonce.t.*)
 .text          0x000000000000fdf0        0x0 /usr/lib/gcc/i686-linux-gnu/4.8/../../../i386-linux-gnu/crti.o
 .gnu.linkonce.t.__x86.get_pc_thunk.bx
                0x000000000000fdf0        0x4 /usr/lib/gcc/i686-linux-gnu/4.8/../../../i386-linux-gnu/crti.o
                0x000000000000fdf0                __x86.get_pc_thunk.bx
 *fill*         0x000000000000fdf4        0xc 
 .text          0x000000000000fe00      0x11b /usr/lib/gcc/i686-linux-gnu/4.8/crtbeginS.o
 .text          0x000000000000ff1b      0x790 udp-client.co
 .text          0x00000000000106ab      0x96a obj_cooja/mtype987.o
                0x0000000000010859                contiki_init
                0x0000000000010e2c                Java_org_contikios_cooja_corecomm_Lib8_init
                0x0000000000010e6c                Java_org_contikios_cooja_corecomm_Lib8_getMemory
                0x0000000000010eac                Java_org_contikios_cooja_corecomm_Lib8_setMemory
                0x0000000000010f23                Java_org_contikios_cooja_corecomm_Lib8_tick
                0x0000000000011003                Java_org_contikios_cooja_corecomm_Lib8_setReferenceAddress
 .text          0x0000000000011015       0x63 obj_cooja/mtype987.a(simEnvChange.o)
                0x0000000000011015                doActionsBeforeTick
                0x0000000000011046                doActionsAfterTick
 .text          0x0000000000011078       0xbc obj_cooja/mtype987.a(cooja_mt.o)
                0x0000000000011078                cooja_mt_init
                0x0000000000011085                cooja_mt_remove
                0x0000000000011092                cooja_mt_start
                0x00000000000110bf                cooja_mt_exec
                0x00000000000110f0                cooja_mt_exit
                0x0000000000011112                cooja_mt_yield
 .text          0x0000000000011134      0x115 obj_cooja/mtype987.a(cooja_mtarch.o)
                0x0000000000011134                cooja_mtarch_init
                0x0000000000011139                cooja_mtarch_start
                0x00000000000111b4                cooja_sw
                0x00000000000111d6                cooja_mtarch_exec
                0x00000000000111f2                cooja_mtarch_remove
                0x00000000000111f7                cooja_mtarch_yield
                0x0000000000011201                cooja_mtarch_pstop
                0x0000000000011206                cooja_mtarch_pstart
                0x000000000001120b                cooja_mtarch_stack_usage
 .text          0x0000000000011249       0xc2 obj_cooja/mtype987.a(rtimer-arch.o)
                0x0000000000011249                rtimer_arch_init
                0x000000000001126c                rtimer_arch_schedule
                0x0000000000011283                rtimer_arch_next
                0x000000000001128d                rtimer_arch_pending
                0x0000000000011297                rtimer_arch_check
                0x00000000000112c9                rtimer_arch_now
 .text          0x000000000001130b       0x76 obj_cooja/mtype987.a(beep.o)
                0x000000000001130b                beep_alarm
                0x0000000000011317                beep_beep
                0x0000000000011323                beep
                0x000000000001132f                beep_down
                0x000000000001133b                beep_on
                0x0000000000011347                beep_off
                0x0000000000011353                beep_spinup
                0x000000000001135f                beep_quick
                0x000000000001136b                beep_long
 .text          0x0000000000011381      0x103 obj_cooja/mtype987.a(button-sensor.o)
 .text          0x0000000000011484       0x45 obj_cooja/mtype987.a(leds-arch.o)
                0x0000000000011484                leds_arch_init
                0x0000000000011490                leds_arch_get
                0x000000000001149c                leds_arch_set
 .text          0x00000000000114c9       0x2f obj_cooja/mtype987.a(moteid.o)
 .text          0x00000000000114f8       0xb1 obj_cooja/mtype987.a(pir-sensor.o)
 .text          0x00000000000115a9      0x131 obj_cooja/mtype987.a(rs232.o)
                0x00000000000115a9                rs232_init
                0x00000000000115ae                rs232_set_speed
                0x00000000000115bc                rs232_set_input
                0x00000000000115c9                rs232_send
                0x00000000000115eb                rs232_print
                0x0000000000011606                slip_arch_writeb
 .text          0x00000000000116da       0xb1 obj_cooja/mtype987.a(vib-sensor.o)
 .text          0x000000000001178b       0x34 obj_cooja/mtype987.a(clock.o)
                0x000000000001178b                clock_init
                0x0000000000011790                clock_time
                0x000000000001179a                clock_seconds
                0x00000000000117b0                clock_delay
 .text          0x00000000000117bf      0x1ed obj_cooja/mtype987.a(log.o)
                0x00000000000117bf                simlog_char
                0x0000000000011801                simlog
                0x000000000001186e                log_message
                0x0000000000011896                log_set_putchar_with_slip
                0x00000000000118a3                log_putchar
                0x0000000000011927                log_puts
                0x000000000001194b                log_printf
 .text          0x00000000000119ac      0x2c4 obj_cooja/mtype987.a(cfs-cooja.o)
                0x00000000000119ac                cfs_open
                0x0000000000011a15                cfs_close
                0x0000000000011a21                cfs_read
                0x0000000000011abf                cfs_write
                0x0000000000011b9c                cfs_seek
                0x0000000000011c24                cfs_remove
                0x0000000000011c4d                cfs_opendir
                0x0000000000011c57                cfs_readdir
                0x0000000000011c61                cfs_closedir
 .text          0x0000000000011c70      0x687 obj_cooja/mtype987.a(cooja-radio.o)
                0x0000000000011c9a                radio_set_channel
                0x0000000000011caf                radio_set_txpower
                0x0000000000011ccf                radio_signal_strength_last
                0x0000000000011cd9                radio_signal_strength_current
                0x0000000000011ce3                radio_LQI
 .text          0x00000000000122f7       0xef obj_cooja/mtype987.a(eeprom.o)
                0x00000000000122f7                eeprom_init
                0x00000000000122fc                eeprom_read
                0x000000000001236c                eeprom_write
 .text          0x00000000000123e6       0x28 obj_cooja/mtype987.a(random.o)
                0x00000000000123e6                random_init
                0x0000000000012401                random_rand
 .text          0x000000000001240e      0x2a1 obj_cooja/mtype987.a(sensors.o)
                0x0000000000012449                sensors_first
                0x0000000000012453                sensors_next
                0x0000000000012470                sensors_changed
                0x000000000001249f                sensors_find
 .text          0x00000000000126af      0x452 obj_cooja/mtype987.a(dual_conf.o)
                0x00000000000126af                dual_radio_switch
                0x00000000000126ef                dual_radio_change
                0x0000000000012729                sending_in_LR
                0x0000000000012754                dual_radio_received
                0x00000000000127a7                radio_received_is_longrange
                0x00000000000127c2                dual_radio_turn_on
                0x00000000000127e5                dual_radio_turn_off
                0x0000000000012a87                dio_broadcast
                0x0000000000012ab0                dis_broadcast
                0x0000000000012ad1                LSA_converge_broadcast
 .text          0x0000000000012b01       0x8e obj_cooja/mtype987.a(autostart.o)
                0x0000000000012b01                autostart_start
                0x0000000000012b4c                autostart_exit
 .text          0x0000000000012b8f      0x334 obj_cooja/mtype987.a(ctimer.o)
                0x0000000000012ca6                ctimer_init
                0x0000000000012cd6                ctimer_set
                0x0000000000012d07                ctimer_set_with_process
                0x0000000000012d83                ctimer_reset
                0x0000000000012dd2                ctimer_restart
                0x0000000000012e21                ctimer_stop
                0x0000000000012e6c                ctimer_expired
 .text          0x0000000000012ec3      0x40b obj_cooja/mtype987.a(etimer.o)
                0x00000000000130d6                etimer_request_poll
                0x000000000001315a                etimer_set
                0x000000000001317f                etimer_reset_with_new_interval
                0x00000000000131a6                etimer_reset
                0x00000000000131c4                etimer_restart
                0x00000000000131e2                etimer_adjust
                0x00000000000131fe                etimer_expired
                0x0000000000013211                etimer_expiration_time
                0x0000000000013223                etimer_start_time
                0x000000000001322d                etimer_pending
                0x000000000001323f                etimer_next_expiration_time
                0x0000000000013259                etimer_stop
 .text          0x00000000000132ce       0xdd obj_cooja/mtype987.a(log_message.o)
                0x00000000000132ce                log_initialization
                0x000000000001338a                log_finisher
 .text          0x00000000000133ab      0x560 obj_cooja/mtype987.a(process.o)
                0x00000000000133ab                process_alloc_event
                0x00000000000133c0                process_start
                0x00000000000135a9                process_exit
                0x00000000000135c5                process_init
                0x0000000000013796                process_run
                0x00000000000137c9                process_nevents
                0x00000000000137e4                process_post
                0x0000000000013890                process_post_synch
                0x00000000000138c8                process_poll
                0x00000000000138f7                process_is_running
 .text          0x000000000001390b       0xd3 obj_cooja/mtype987.a(residual.o)
                0x000000000001390b                get_residual_energy
 .text          0x00000000000139de       0xba obj_cooja/mtype987.a(rtimer.o)
                0x00000000000139de                rtimer_init
                0x00000000000139eb                rtimer_set
                0x0000000000013a42                rtimer_run_next
 .text          0x0000000000013a98       0xa3 obj_cooja/mtype987.a(stimer.o)
                0x0000000000013a98                stimer_set
                0x0000000000013ab3                stimer_reset
                0x0000000000013aca                stimer_restart
                0x0000000000013adc                stimer_expired
                0x0000000000013b03                stimer_remaining
                0x0000000000013b27                stimer_elapsed
 .text          0x0000000000013b3b       0x91 obj_cooja/mtype987.a(timer.o)
                0x0000000000013b3b                timer_set
                0x0000000000013b56                timer_reset
                0x0000000000013b6d                timer_restart
                0x0000000000013b7f                timer_expired
                0x0000000000013ba8                timer_remaining
 .text          0x0000000000013bcc      0x1fb obj_cooja/mtype987.a(serial-line.o)
                0x0000000000013bcc                serial_line_input_byte
                0x0000000000013d8f                serial_line_init
 .text          0x0000000000013dc7      0x244 obj_cooja/mtype987.a(list.o)
                0x0000000000013dc7                list_init
                0x0000000000013dd5                list_head
                0x0000000000013ddf                list_copy
                0x0000000000013dee                list_tail
                0x0000000000013e24                list_add
                0x0000000000013e6d                list_push
                0x0000000000013e99                list_chop
                0x0000000000013f03                list_pop
                0x0000000000013f2b                list_remove
                0x0000000000013f92                list_length
                0x0000000000013fc0                list_insert
                0x0000000000013ff4                list_item_next
 .text          0x000000000001400b      0x155 obj_cooja/mtype987.a(ringbuf.o)
                0x000000000001400b                ringbuf_init
                0x000000000001403c                ringbuf_put
                0x00000000000140ba                ringbuf_get
                0x0000000000014127                ringbuf_size
                0x0000000000014139                ringbuf_elements
 .text          0x0000000000014160     0x258b obj_cooja/mtype987.a(sicslowpan.o)
                0x00000000000146ea                rime_sniffer_add
                0x00000000000146f7                rime_sniffer_remove
                0x000000000001668a                sicslowpan_init
                0x00000000000166e1                sicslowpan_get_last_rssi
 .text          0x00000000000166eb      0x2dc obj_cooja/mtype987.a(uip-ds6-nbr.o)
                0x0000000000016708                uip_ds6_neighbors_init
                0x0000000000016725                uip_ds6_nbr_add
                0x00000000000167d6                uip_ds6_nbr_rm
                0x0000000000016833                uip_ds6_nbr_get_ipaddr
                0x0000000000016848                uip_ds6_nbr_get_ll
                0x0000000000016864                uip_ds6_nbr_num
                0x00000000000168a9                uip_ds6_nbr_lookup
                0x000000000001690e                uip_ds6_nbr_ll_lookup
                0x000000000001692a                uip_ds6_nbr_ipaddr_from_lladdr
                0x0000000000016950                uip_ds6_nbr_lladdr_from_ipaddr
                0x000000000001697e                uip_ds6_link_neighbor_callback
 .text          0x00000000000169c7      0x916 obj_cooja/mtype987.a(uip-ds6-route.o)
                0x0000000000016a3e                uip_ds6_notification_add
                0x0000000000016a6f                uip_ds6_notification_rm
                0x0000000000016a8b                uip_ds6_route_init
                0x0000000000016b13                uip_ds6_route_nexthop
                0x0000000000016b3b                uip_ds6_route_head
                0x0000000000016b50                uip_ds6_route_next
                0x0000000000016b76                uip_ds6_route_is_nexthop
                0x0000000000016bb5                uip_ds6_route_num_routes
                0x0000000000016bbf                uip_ds6_route_lookup
                0x0000000000016c81                uip_ds6_route_add
                0x0000000000016eb5                uip_ds6_route_rm
                0x0000000000017049                uip_ds6_route_rm_by_nexthop
                0x0000000000017081                uip_ds6_defrt_add
                0x0000000000017132                uip_ds6_defrt_rm
                0x00000000000171b1                uip_ds6_defrt_lookup
                0x000000000001720a                uip_ds6_defrt_choose
                0x0000000000017275                uip_ds6_defrt_periodic
 .text          0x00000000000172dd     0x12ad obj_cooja/mtype987.a(uip-ds6.o)
                0x00000000000172dd                uip_ds6_init
                0x0000000000017632                uip_ds6_periodic
                0x000000000001770a                uip_ds6_list_loop
                0x00000000000177b1                uip_ds6_prefix_add
                0x000000000001786f                uip_ds6_prefix_rm
                0x0000000000017881                uip_ds6_prefix_lookup
                0x00000000000178d2                uip_ds6_is_addr_onlink
                0x0000000000017946                uip_ds6_addr_add
                0x0000000000017a74                uip_ds6_long_addr_add
                0x0000000000017ba2                uip_ds6_addr_rm
                0x0000000000017c42                uip_ds6_addr_lookup
                0x0000000000017c8d                uip_ds6_long_addr_lookup
                0x0000000000017cd8                uip_ds6_get_link_local
                0x0000000000017d57                uip_ds6_long_get_link_local
                0x0000000000017dd6                uip_ds6_get_global
                0x0000000000017e55                uip_ds6_long_get_global
                0x0000000000017ed4                uip_ds6_maddr_add
                0x0000000000017f46                uip_ds6_long_maddr_add
                0x0000000000017fb8                uip_ds6_maddr_rm
                0x0000000000017fca                uip_ds6_maddr_lookup
                0x0000000000018015                uip_ds6_long_maddr_lookup
                0x0000000000018060                uip_ds6_aaddr_add
                0x00000000000180d2                uip_ds6_long_aaddr_add
                0x0000000000018144                uip_ds6_aaddr_rm
                0x0000000000018156                uip_ds6_aaddr_lookup
                0x00000000000181a1                uip_ds6_long_aaddr_lookup
                0x00000000000181ec                uip_ds6_select_src
                0x0000000000018475                uip_ds6_set_addr_iid
                0x00000000000184ac                get_match_length
                0x000000000001853e                uip_ds6_compute_reachable_time
 .text          0x000000000001858a     0x29f3 obj_cooja/mtype987.a(uip6.o)
                0x000000000001858a                uip_add32
                0x0000000000018723                uip_chksum
                0x0000000000018811                uip_icmp6chksum
                0x0000000000018825                uip_tcpchksum
                0x0000000000018839                uip_udpchksum
                0x000000000001884d                uip_init
                0x000000000001891d                uip_connect
                0x0000000000018acc                remove_ext_hdr
                0x0000000000018ba1                uip_udp_new
                0x0000000000018cfd                uip_unlisten
                0x0000000000018d5d                uip_listen
                0x000000000001901f                uip_process
                0x000000000001ae71                uip_htons
                0x000000000001ae93                uip_htonl
                0x000000000001aed3                uip_send
 .text          0x000000000001af7d      0xb43 obj_cooja/mtype987.a(tcpip.o)
                0x000000000001af7d                tcpip_output
                0x000000000001afab                tcpip_set_outputfunc
                0x000000000001b03f                tcp_connect
                0x000000000001b094                tcp_unlisten
                0x000000000001b0ef                tcp_listen
                0x000000000001b148                tcp_attach
                0x000000000001b16d                udp_attach
                0x000000000001b192                udp_new
                0x000000000001b1e4                udp_broadcast_new
                0x000000000001b458                tcpip_input
                0x000000000001b48c                tcpip_ipv6_output
                0x000000000001b906                tcpip_poll_udp
                0x000000000001b929                tcpip_poll_tcp
                0x000000000001b94c                tcpip_uipcall
 .text          0x000000000001bac0      0x1c1 obj_cooja/mtype987.a(uip-debug.o)
                0x000000000001bac0                uip_debug_ipaddr_print
                0x000000000001bc22                uip_debug_lladdr_print
 .text          0x000000000001bc81      0x141 obj_cooja/mtype987.a(uip-packetqueue)
                0x000000000001bcad                uip_packetqueue_new
                0x000000000001bcbb                uip_packetqueue_alloc
                0x000000000001bd1b                uip_packetqueue_free
                0x000000000001bd5c                uip_packetqueue_buf
                0x000000000001bd79                uip_packetqueue_buflen
                0x000000000001bd9a                uip_packetqueue_set_buflen
 .text          0x000000000001bdc2      0x131 obj_cooja/mtype987.a(uip-udp-packet.)
                0x000000000001bdc2                uip_udp_packet_send
                0x000000000001be22                uip_udp_packet_sendto
 .text          0x000000000001bef3     0x26b3 obj_cooja/mtype987.a(rpl-dag.o)
                0x000000000001bef3                rpl_lr_in_child
                0x000000000001bfab                rpl_print_neighbor_list
                0x000000000001c054                rpl_print_child_neighbor_list
                0x000000000001c0c9                rpl_get_nbr
                0x000000000001c123                rpl_get_nbr_child
                0x000000000001c17d                rpl_dag_init
                0x000000000001c1af                rpl_get_parent
                0x000000000001c1d1                rpl_get_parent_rank
                0x000000000001c204                rpl_get_parent_link_metric
                0x000000000001c237                rpl_get_parent_ipaddr
                0x000000000001c261                rpl_get_child_ipaddr
                0x000000000001c57c                rpl_set_root
                0x000000000001c7aa                rpl_repair_root
                0x000000000001c9e6                rpl_set_prefix
                0x000000000001cae5                rpl_set_default_route
                0x000000000001cb71                rpl_alloc_instance
                0x000000000001cc04                rpl_alloc_dag
                0x000000000001ccb7                rpl_set_default_instance
                0x000000000001ccc4                rpl_get_default_instance
                0x000000000001ccce                rpl_free_instance
                0x000000000001cd7f                rpl_free_dag
                0x000000000001cde5                rpl_add_parent
                0x000000000001cece                rpl_find_parent
                0x000000000001cefe                rpl_add_child
                0x000000000001cfa2                rpl_find_child
                0x000000000001cff0                rpl_find_parent_any_dag
                0x000000000001d02c                rpl_select_dag
                0x000000000001d44f                rpl_select_parent
                0x000000000001d4b1                rpl_remove_parent
                0x000000000001d4e7                rpl_remove_child
                0x000000000001d503                rpl_nullify_parent
                0x000000000001d5a1                rpl_move_parent
                0x000000000001d63e                rpl_has_downward_route
                0x000000000001d691                rpl_get_any_dag
                0x000000000001d6f3                rpl_get_instance
                0x000000000001d756                rpl_find_of
                0x000000000001d793                rpl_join_instance
                0x000000000001da2f                rpl_add_dag
                0x000000000001de1e                rpl_local_repair
                0x000000000001def7                rpl_recalculate_ranks
                0x000000000001df7d                rpl_process_parent_event
                0x000000000001e02f                rpl_process_dio
 .text          0x000000000001e5a6      0xbf3 obj_cooja/mtype987.a(rpl-ext-header.)
                0x000000000001e5c3                rpl_verify_header
                0x000000000001ea3d                rpl_update_header_empty
                0x000000000001ed54                rpl_update_header_final
                0x000000000001eee3                rpl_remove_header
                0x000000000001efed                rpl_invert_header
                0x000000000001f177                rpl_insert_header
 .text          0x000000000001f199     0x24a5 obj_cooja/mtype987.a(rpl-icmp6.o)
                0x000000000001f462                rpl_icmp6_update_nbr_table
                0x000000000001f552                dis_output
                0x000000000001fe8a                dio_output
                0x00000000000206d7                LSA_converge_output
                0x000000000002119d                dao_output
                0x0000000000021265                dao_output_target
                0x00000000000215e6                dao_ack_output
                0x00000000000215fa                rpl_icmp6_register_handlers
 .text          0x000000000002163e      0x3dc obj_cooja/mtype987.a(rpl-ltmax.o)
 .text          0x0000000000021a1a      0x836 obj_cooja/mtype987.a(rpl-timers.o)
                0x0000000000021a1a                rpl_LSA_convergence_timer
                0x0000000000021a46                rpl_reset_LSA_convergence_timer
                0x0000000000021ce3                rpl_reset_periodic_timer
                0x0000000000021d38                rpl_reset_dio_timer
                0x0000000000021f72                rpl_schedule_dao
                0x0000000000021f8d                rpl_schedule_dao_immediately
                0x0000000000021fa8                rpl_cancel_dao
                0x000000000002200a                rpl_schedule_unicast_dio_immediately
                0x00000000000221f8                rpl_schedule_probing
 .text          0x0000000000022250      0x5eb obj_cooja/mtype987.a(rpl.o)
                0x0000000000022250                rpl_get_mode
                0x000000000002225a                rpl_set_mode
                0x00000000000222e8                rpl_purge_routes
                0x00000000000223e2                rpl_remove_routes
                0x0000000000022428                rpl_remove_routes_by_nexthop
                0x0000000000022494                rpl_add_route
                0x000000000002250f                rpl_link_neighbor_callback
                0x0000000000022614                rpl_ipv6_neighbor_callback
                0x0000000000022683                rpl_purge_dags
                0x000000000002278f                rpl_init
 .text          0x000000000002283b      0x3f5 obj_cooja/mtype987.a(framer-802154.o)
 .text          0x0000000000022c30       0x5e obj_cooja/mtype987.a(nullmac.o)
 .text          0x0000000000022c8e      0xfa1 obj_cooja/mtype987.a(cxmac.o)
                0x0000000000023b71                cxmac_set_announcement_radio_txpower
                0x0000000000023b76                cxmac_init
 .text          0x0000000000023c2f       0x82 obj_cooja/mtype987.a(linkaddr.o)
                0x0000000000023c2f                linkaddr_copy
                0x0000000000023c51                linkaddr_cmp
                0x0000000000023c7b                linkaddr_set_node_addr
                0x0000000000023c96                linkaddr_set_node_long_addr
 .text          0x0000000000023cb1      0x915 obj_cooja/mtype987.a(nbr-table.o)
                0x0000000000023cb1                long_ip_from_lladdr_map
                0x0000000000023d3a                lladdr_map_add_lr
                0x0000000000023df7                lladdr_map_rm_lr
                0x00000000000242bc                nbr_table_register
                0x0000000000024304                nbr_table_head
                0x0000000000024360                nbr_table_next
                0x00000000000243c7                nbr_table_add_lladdr
                0x00000000000244a3                nbr_table_get_from_lladdr
                0x00000000000244f0                nbr_table_remove
                0x0000000000024542                nbr_table_lock
                0x000000000002456c                nbr_table_unlock
                0x0000000000024596                nbr_table_get_lladdr
 .text          0x00000000000245c6       0x2b obj_cooja/mtype987.a(netstack.o)
                0x00000000000245c6                netstack_init
 .text          0x00000000000245f1      0x3cd obj_cooja/mtype987.a(packetbuf.o)
                0x00000000000245f1                packetbuf_clear
                0x000000000002461b                packetbuf_copyfrom
                0x000000000002466d                packetbuf_compact
                0x00000000000246ea                packetbuf_copyto
                0x0000000000024781                packetbuf_hdralloc
                0x00000000000247fe                packetbuf_hdrreduce
                0x0000000000024846                packetbuf_set_datalen
                0x000000000002485f                packetbuf_dataptr
                0x000000000002487c                packetbuf_hdrptr
                0x0000000000024886                packetbuf_datalen
                0x0000000000024892                packetbuf_hdrlen
                0x00000000000248a9                packetbuf_totlen
                0x00000000000248bf                packetbuf_attr_clear
                0x0000000000024911                packetbuf_attr_copyto
                0x000000000002495a                packetbuf_attr_copyfrom
                0x00000000000249a2                packetbuf_holds_broadcast
 .text          0x00000000000249be      0x2b4 obj_cooja/mtype987.a(queuebuf.o)
                0x00000000000249c8                queuebuf_init
                0x00000000000249e8                queuebuf_numfree
                0x00000000000249fc                queuebuf_new_from_packetbuf
                0x0000000000024a8c                queuebuf_update_attr_from_packetbuf
                0x0000000000024abf                queuebuf_update_from_packetbuf
                0x0000000000024b09                queuebuf_free
                0x0000000000024b50                queuebuf_to_packetbuf
                0x0000000000024bb6                queuebuf_dataptr
                0x0000000000024bed                queuebuf_datalen
                0x0000000000024c10                queuebuf_addr
                0x0000000000024c42                queuebuf_attr
                0x0000000000024c6d                queuebuf_debug_print
 .text          0x0000000000024c72       0x6e obj_cooja/mtype987.a(nullsec.o)
 .text          0x0000000000024ce0       0x19 obj_cooja/mtype987.a(watchdog.o)
                0x0000000000024ce0                watchdog_init
                0x0000000000024ce5                watchdog_start
                0x0000000000024cea                watchdog_periodic
                0x0000000000024cef                watchdog_stop
                0x0000000000024cf4                watchdog_reboot
 .text          0x0000000000024cf9        0x0 obj_cooja/mtype987.a(rimestats.o)
 .text          0x0000000000024cf9      0x134 obj_cooja/mtype987.a(leds.o)
                0x0000000000024d4a                leds_init
                0x0000000000024d5e                leds_blink
                0x0000000000024d96                leds_get
                0x0000000000024da3                leds_set
                0x0000000000024dbd                leds_on
                0x0000000000024de0                leds_off
                0x0000000000024e0a                leds_toggle
 .text          0x0000000000024e2d      0x1c1 obj_cooja/mtype987.a(memb.o)
                0x0000000000024e2d                memb_init
                0x0000000000024e8b                memb_alloc
                0x0000000000024ef0                memb_free
                0x0000000000024f6b                memb_inmemb
                0x0000000000024faa                memb_numfree
 .text          0x0000000000024fee      0xab2 obj_cooja/mtype987.a(uip-icmp6.o)
                0x000000000002505c                uip_icmp6_input
                0x00000000000250b2                uip_icmp6_register_input_handler
                0x000000000002537a                uip_icmp6_error_output
                0x00000000000256bf                uip_icmp6_send
                0x0000000000025a33                uip_icmp6_echo_reply_callback_add
                0x0000000000025a64                uip_icmp6_echo_reply_callback_rm
                0x0000000000025a80                uip_icmp6_init
 .text          0x0000000000025aa0      0x358 obj_cooja/mtype987.a(uip-nd6.o)
                0x0000000000025af4                uip_nd6_ns_output
                0x0000000000025df3                uip_nd6_init
 .text          0x0000000000025df8      0x331 obj_cooja/mtype987.a(rpl-nbr-policy.)
                0x0000000000025fd0                find_removable_dis
                0x0000000000025ff3                find_removable_dio
                0x0000000000026082                find_removable_dao
                0x00000000000260d2                rpl_nbr_policy_find_removable
 .text          0x0000000000026129      0x97c obj_cooja/mtype987.a(frame802154.o)
                0x000000000002615a                frame802154_get_pan_id
                0x0000000000026166                frame802154_set_pan_id
                0x000000000002617f                frame802154_has_panid
                0x000000000002626b                frame802154_check_dest_panid
                0x00000000000262d3                frame802154_is_broadcast_addr
                0x0000000000026320                frame802154_extract_linkaddr
                0x0000000000026560                frame802154_hdrlen
                0x00000000000265b1                frame802154_create
                0x000000000002679c                frame802154_parse
 .text          0x0000000000026aa5       0x3c obj_cooja/mtype987.a(mac.o)
                0x0000000000026aa5                mac_call_sent_callback
 .text          0x0000000000026ae1        0x0 /usr/lib/gcc/i686-linux-gnu/4.8/crtendS.o
 .text          0x0000000000026ae1        0x0 /usr/lib/gcc/i686-linux-gnu/4.8/../../../i386-linux-gnu/crtn.o
 *(.gnu.warning)

.fini           0x0000000000026ae4       0x14
 *(SORT(.fini))
 .fini          0x0000000000026ae4        0xf /usr/lib/gcc/i686-linux-gnu/4.8/../../../i386-linux-gnu/crti.o
                0x0000000000026ae4                _fini
 .fini          0x0000000000026af3        0x5 /usr/lib/gcc/i686-linux-gnu/4.8/../../../i386-linux-gnu/crtn.o
                0x0000000000026af8                PROVIDE (__etext, .)
                0x0000000000026af8                PROVIDE (_etext, .)
                0x0000000000026af8                PROVIDE (etext, .)

.rodata         0x0000000000026b00      0xc20
 *(.rodata .rodata.* .gnu.linkonce.r.*)
 .rodata        0x0000000000026b00      0x2da udp-client.co
                0x0000000000026b14                autostart_processes
 *fill*         0x0000000000026dda        0x2 
 .rodata        0x0000000000026ddc      0x1e6 obj_cooja/mtype987.o
 *fill*         0x0000000000026fc2        0x2 
 .rodata        0x0000000000026fc4        0x8 obj_cooja/mtype987.a(beep.o)
                0x0000000000026fc4                beep_interface
 .rodata        0x0000000000026fcc       0x20 obj_cooja/mtype987.a(button-sensor.o)
                0x0000000000026fcc                button_interface
                0x0000000000026fdc                button_sensor
 .rodata        0x0000000000026fec        0x8 obj_cooja/mtype987.a(leds-arch.o)
                0x0000000000026fec                leds_interface
 .rodata        0x0000000000026ff4        0x8 obj_cooja/mtype987.a(moteid.o)
                0x0000000000026ff4                moteid_interface
 .rodata        0x0000000000026ffc       0x1c obj_cooja/mtype987.a(pir-sensor.o)
                0x0000000000026ffc                pir_interface
                0x0000000000027008                pir_sensor
 .rodata        0x0000000000027018        0xe obj_cooja/mtype987.a(rs232.o)
                0x0000000000027018                rs232_interface
 *fill*         0x0000000000027026        0x2 
 .rodata        0x0000000000027028       0x24 obj_cooja/mtype987.a(vib-sensor.o)
                0x0000000000027028                vib_interface
                0x000000000002703c                vib_sensor
 .rodata        0x000000000002704c        0x8 obj_cooja/mtype987.a(clock.o)
                0x000000000002704c                clock_interface
 .rodata        0x0000000000027054        0x8 obj_cooja/mtype987.a(log.o)
                0x0000000000027054                simlog_interface
 .rodata        0x000000000002705c       0x2f obj_cooja/mtype987.a(cfs-cooja.o)
                0x000000000002705c                cfs_interface
 *fill*         0x000000000002708b       0x15 
 .rodata        0x00000000000270a0       0x60 obj_cooja/mtype987.a(cooja-radio.o)
                0x00000000000270c0                cooja_radio_driver
                0x00000000000270f8                radio_interface
 .rodata        0x0000000000027100        0x8 obj_cooja/mtype987.a(eeprom.o)
                0x0000000000027100                eeprom_interface
 .rodata        0x0000000000027108        0x8 obj_cooja/mtype987.a(sensors.o)
 .rodata        0x0000000000027110      0x1fe obj_cooja/mtype987.a(dual_conf.o)
 .rodata        0x000000000002730e        0xf obj_cooja/mtype987.a(ctimer.o)
 .rodata        0x000000000002731d        0xc obj_cooja/mtype987.a(etimer.o)
 *fill*         0x0000000000027329        0x3 
 .rodata        0x000000000002732c       0x73 obj_cooja/mtype987.a(log_message.o)
 *fill*         0x000000000002739f        0x1 
 .rodata        0x00000000000273a0       0x20 obj_cooja/mtype987.a(residual.o)
 .rodata        0x00000000000273c0        0xe obj_cooja/mtype987.a(serial-line.o)
 *fill*         0x00000000000273ce        0x2 
 .rodata        0x00000000000273d0       0x2c obj_cooja/mtype987.a(sicslowpan.o)
                0x00000000000273d0                unc_llconf
                0x00000000000273d4                unc_ctxconf
                0x00000000000273d8                unc_mxconf
                0x00000000000273dc                llprefix
                0x00000000000273f0                sicslowpan_driver
 .rodata        0x00000000000273fc      0x13c obj_cooja/mtype987.a(uip6.o)
 .rodata        0x0000000000027538       0x49 obj_cooja/mtype987.a(tcpip.o)
 .rodata        0x0000000000027581       0x3e obj_cooja/mtype987.a(uip-debug.o)
 *fill*         0x00000000000275bf        0x1 
 .rodata        0x00000000000275c0        0x4 obj_cooja/mtype987.a(rpl-dag.o)
 .rodata        0x00000000000275c4       0x1c obj_cooja/mtype987.a(rpl-icmp6.o)
 .rodata        0x00000000000275e0       0x86 obj_cooja/mtype987.a(rpl-timers.o)
 .rodata        0x0000000000027666        0xb obj_cooja/mtype987.a(rpl.o)
 *fill*         0x0000000000027671        0x3 
 .rodata        0x0000000000027674        0xc obj_cooja/mtype987.a(framer-802154.o)
                0x0000000000027674                framer_802154
 .rodata        0x0000000000027680       0x24 obj_cooja/mtype987.a(nullmac.o)
                0x0000000000027688                nullmac_driver
 *fill*         0x00000000000276a4       0x1c 
 .rodata        0x00000000000276c0       0x40 obj_cooja/mtype987.a(cxmac.o)
                0x00000000000276e0                cxmac_driver
 .rodata        0x0000000000027700        0x8 obj_cooja/mtype987.a(linkaddr.o)
                0x0000000000027700                linkaddr_null
 .rodata        0x0000000000027708       0x18 obj_cooja/mtype987.a(nullsec.o)
                0x0000000000027710                nullsec_driver

.rodata1
 *(.rodata1)

.eh_frame_hdr   0x0000000000027720     0x13fc
 *(.eh_frame_hdr)
 .eh_frame_hdr  0x0000000000027720     0x13fc udp-client.co

.eh_frame       0x0000000000028b1c     0x513c
 *(.eh_frame)
 .eh_frame      0x0000000000028b1c       0x3c /usr/lib/gcc/i686-linux-gnu/4.8/../../../i386-linux-gnu/crti.o
                                         0x40 (size before relaxing)
 .eh_frame      0x0000000000028b58       0xb4 udp-client.co
                                         0xcc (size before relaxing)
 .eh_frame      0x0000000000028c0c      0x148 obj_cooja/mtype987.o
                                        0x160 (size before relaxing)
 .eh_frame      0x0000000000028d54       0x40 obj_cooja/mtype987.a(simEnvChange.o)
                                         0x58 (size before relaxing)
 .eh_frame      0x0000000000028d94       0xc0 obj_cooja/mtype987.a(cooja_mt.o)
                                         0xd8 (size before relaxing)
 .eh_frame      0x0000000000028e54      0x120 obj_cooja/mtype987.a(cooja_mtarch.o)
                                        0x138 (size before relaxing)
 .eh_frame      0x0000000000028f74       0xc0 obj_cooja/mtype987.a(rtimer-arch.o)
                                         0xd8 (size before relaxing)
 .eh_frame      0x0000000000029034      0x160 obj_cooja/mtype987.a(beep.o)
                                        0x178 (size before relaxing)
 .eh_frame      0x0000000000029194       0xa0 obj_cooja/mtype987.a(button-sensor.o)
                                         0xb8 (size before relaxing)
 .eh_frame      0x0000000000029234       0xa0 obj_cooja/mtype987.a(leds-arch.o)
                                         0xb8 (size before relaxing)
 .eh_frame      0x00000000000292d4       0x40 obj_cooja/mtype987.a(moteid.o)
                                         0x58 (size before relaxing)
 .eh_frame      0x0000000000029314       0xa0 obj_cooja/mtype987.a(pir-sensor.o)
                                         0xb8 (size before relaxing)
 .eh_frame      0x00000000000293b4      0x100 obj_cooja/mtype987.a(rs232.o)
                                        0x118 (size before relaxing)
 .eh_frame      0x00000000000294b4       0xa0 obj_cooja/mtype987.a(vib-sensor.o)
                                         0xb8 (size before relaxing)
 .eh_frame      0x0000000000029554       0xc0 obj_cooja/mtype987.a(clock.o)
                                         0xd8 (size before relaxing)
 .eh_frame      0x0000000000029614      0x120 obj_cooja/mtype987.a(log.o)
                                        0x138 (size before relaxing)
 .eh_frame      0x0000000000029734      0x160 obj_cooja/mtype987.a(cfs-cooja.o)
                                        0x178 (size before relaxing)
 .eh_frame      0x0000000000029894      0x2e0 obj_cooja/mtype987.a(cooja-radio.o)
                                        0x2f8 (size before relaxing)
 .eh_frame      0x0000000000029b74       0xa0 obj_cooja/mtype987.a(eeprom.o)
                                         0xb8 (size before relaxing)
 .eh_frame      0x0000000000029c14       0x40 obj_cooja/mtype987.a(random.o)
                                         0x58 (size before relaxing)
 .eh_frame      0x0000000000029c54       0xc0 obj_cooja/mtype987.a(sensors.o)
                                         0xd8 (size before relaxing)
 .eh_frame      0x0000000000029d14      0x1a0 obj_cooja/mtype987.a(dual_conf.o)
                                        0x1b8 (size before relaxing)
 .eh_frame      0x0000000000029eb4       0x40 obj_cooja/mtype987.a(autostart.o)
                                         0x58 (size before relaxing)
 .eh_frame      0x0000000000029ef4      0x100 obj_cooja/mtype987.a(ctimer.o)
                                        0x118 (size before relaxing)
 .eh_frame      0x0000000000029ff4      0x1e0 obj_cooja/mtype987.a(etimer.o)
                                        0x1f8 (size before relaxing)
 .eh_frame      0x000000000002a1d4       0x40 obj_cooja/mtype987.a(log_message.o)
                                         0x58 (size before relaxing)
 .eh_frame      0x000000000002a214      0x1c8 obj_cooja/mtype987.a(process.o)
                                        0x1e0 (size before relaxing)
 .eh_frame      0x000000000002a3dc       0x2c obj_cooja/mtype987.a(residual.o)
                                         0x44 (size before relaxing)
 .eh_frame      0x000000000002a408       0x60 obj_cooja/mtype987.a(rtimer.o)
                                         0x78 (size before relaxing)
 .eh_frame      0x000000000002a468       0xc4 obj_cooja/mtype987.a(stimer.o)
                                         0xdc (size before relaxing)
 .eh_frame      0x000000000002a52c       0xa4 obj_cooja/mtype987.a(timer.o)
                                         0xbc (size before relaxing)
 .eh_frame      0x000000000002a5d0       0x60 obj_cooja/mtype987.a(serial-line.o)
                                         0x78 (size before relaxing)
 .eh_frame      0x000000000002a630      0x180 obj_cooja/mtype987.a(list.o)
                                        0x198 (size before relaxing)
 .eh_frame      0x000000000002a7b0       0xa0 obj_cooja/mtype987.a(ringbuf.o)
                                         0xb8 (size before relaxing)
 .eh_frame      0x000000000002a850      0x350 obj_cooja/mtype987.a(sicslowpan.o)
                                        0x368 (size before relaxing)
 .eh_frame      0x000000000002aba0      0x180 obj_cooja/mtype987.a(uip-ds6-nbr.o)
                                        0x198 (size before relaxing)
 .eh_frame      0x000000000002ad20      0x2a0 obj_cooja/mtype987.a(uip-ds6-route.o)
                                        0x2b8 (size before relaxing)
 .eh_frame      0x000000000002afc0      0x3c8 obj_cooja/mtype987.a(uip-ds6.o)
                                        0x3e0 (size before relaxing)
 .eh_frame      0x000000000002b388      0x27c obj_cooja/mtype987.a(uip6.o)
                                        0x294 (size before relaxing)
 .eh_frame      0x000000000002b604      0x270 obj_cooja/mtype987.a(tcpip.o)
                                        0x288 (size before relaxing)
 .eh_frame      0x000000000002b874       0x48 obj_cooja/mtype987.a(uip-debug.o)
                                         0x60 (size before relaxing)
 .eh_frame      0x000000000002b8bc       0xe0 obj_cooja/mtype987.a(uip-packetqueue)
                                         0xf8 (size before relaxing)
 .eh_frame      0x000000000002b99c       0x40 obj_cooja/mtype987.a(uip-udp-packet.)
                                         0x58 (size before relaxing)
 .eh_frame      0x000000000002b9dc      0x76c obj_cooja/mtype987.a(rpl-dag.o)
                                        0x784 (size before relaxing)
 .eh_frame      0x000000000002c148      0x10c obj_cooja/mtype987.a(rpl-ext-header.)
                                        0x124 (size before relaxing)
 .eh_frame      0x000000000002c254      0x2f8 obj_cooja/mtype987.a(rpl-icmp6.o)
                                        0x310 (size before relaxing)
 .eh_frame      0x000000000002c54c       0xe0 obj_cooja/mtype987.a(rpl-ltmax.o)
                                         0xf8 (size before relaxing)
 .eh_frame      0x000000000002c62c      0x26c obj_cooja/mtype987.a(rpl-timers.o)
                                        0x284 (size before relaxing)
 .eh_frame      0x000000000002c898      0x148 obj_cooja/mtype987.a(rpl.o)
                                        0x160 (size before relaxing)
 .eh_frame      0x000000000002c9e0      0x108 obj_cooja/mtype987.a(framer-802154.o)
                                        0x120 (size before relaxing)
 .eh_frame      0x000000000002cae8       0xc0 obj_cooja/mtype987.a(nullmac.o)
                                         0xd8 (size before relaxing)
 .eh_frame      0x000000000002cba8      0x2bc obj_cooja/mtype987.a(cxmac.o)
                                        0x2d4 (size before relaxing)
 .eh_frame      0x000000000002ce64       0x80 obj_cooja/mtype987.a(linkaddr.o)
                                         0x98 (size before relaxing)
 .eh_frame      0x000000000002cee4      0x2cc obj_cooja/mtype987.a(nbr-table.o)
                                        0x2e4 (size before relaxing)
 .eh_frame      0x000000000002d1b0       0x20 obj_cooja/mtype987.a(netstack.o)
                                         0x38 (size before relaxing)
 .eh_frame      0x000000000002d1d0      0x214 obj_cooja/mtype987.a(packetbuf.o)
                                        0x22c (size before relaxing)
 .eh_frame      0x000000000002d3e4      0x1a0 obj_cooja/mtype987.a(queuebuf.o)
                                        0x1b8 (size before relaxing)
 .eh_frame      0x000000000002d584       0x80 obj_cooja/mtype987.a(nullsec.o)
                                         0x98 (size before relaxing)
 .eh_frame      0x000000000002d604       0xa0 obj_cooja/mtype987.a(watchdog.o)
                                         0xb8 (size before relaxing)
 .eh_frame      0x000000000002d6a4      0x100 obj_cooja/mtype987.a(leds.o)
                                        0x118 (size before relaxing)
 .eh_frame      0x000000000002d7a4       0xa0 obj_cooja/mtype987.a(memb.o)
                                         0xb8 (size before relaxing)
 .eh_frame      0x000000000002d844      0x164 obj_cooja/mtype987.a(uip-icmp6.o)
                                        0x17c (size before relaxing)
 .eh_frame      0x000000000002d9a8       0x68 obj_cooja/mtype987.a(uip-nd6.o)
                                         0x80 (size before relaxing)
 .eh_frame      0x000000000002da10       0xc0 obj_cooja/mtype987.a(rpl-nbr-policy.)
                                         0xd8 (size before relaxing)
 .eh_frame      0x000000000002dad0      0x164 obj_cooja/mtype987.a(frame802154.o)
                                        0x17c (size before relaxing)
 .eh_frame      0x000000000002dc34       0x20 obj_cooja/mtype987.a(mac.o)
                                         0x38 (size before relaxing)
 .eh_frame      0x000000000002dc54        0x4 /usr/lib/gcc/i686-linux-gnu/4.8/crtendS.o

.gcc_except_table
 *(.gcc_except_table .gcc_except_table.*)

.exception_ranges
 *(.exception_ranges .exception_ranges*)
                0x000000000002dc58                . = (ALIGN (0x1000) - ((0x1000 - .) & 0xfff))
                0x000000000002eef8                . = DATA_SEGMENT_ALIGN (0x1000, 0x1000)

.eh_frame
 *(.eh_frame)

.gcc_except_table
 *(.gcc_except_table .gcc_except_table.*)

.exception_ranges
 *(.exception_ranges .exception_ranges*)

.tdata
 *(.tdata .tdata.* .gnu.linkonce.td.*)

.tbss
 *(.tbss .tbss.* .gnu.linkonce.tb.*)
 *(.tcommon)

.preinit_array
 *(.preinit_array)

.init_array     0x000000000002eef8        0x4
 *(SORT(.init_array.*) SORT(.ctors.*))
 *(.init_array EXCLUDE_FILE(*crtend?.o *crtend.o *crtbegin?.o *crtbegin.o) .ctors)
 .init_array    0x000000000002eef8        0x4 /usr/lib/gcc/i686-linux-gnu/4.8/crtbeginS.o

.fini_array     0x000000000002eefc        0x4
 *(SORT(.fini_array.*) SORT(.dtors.*))
 *(.fini_array EXCLUDE_FILE(*crtend?.o *crtend.o *crtbegin?.o *crtbegin.o) .dtors)
 .fini_array    0x000000000002eefc        0x4 /usr/lib/gcc/i686-linux-gnu/4.8/crtbeginS.o

.ctors
 *crtbegin.o(.ctors)
 *crtbegin?.o(.ctors)
 *(EXCLUDE_FILE(*crtend?.o *crtend.o) .ctors)
 *(SORT(.ctors.*))
 *(.ctors)

.dtors
 *crtbegin.o(.dtors)
 *crtbegin?.o(.dtors)
 *(EXCLUDE_FILE(*crtend?.o *crtend.o) .dtors)
 *(SORT(.dtors.*))
 *(.dtors)

.jcr            0x000000000002ef00        0x4
 *(.jcr)
 .jcr           0x000000000002ef00        0x0 /usr/lib/gcc/i686-linux-gnu/4.8/crtbeginS.o
 .jcr           0x000000000002ef00        0x4 /usr/lib/gcc/i686-linux-gnu/4.8/crtendS.o

.data.rel.ro
 *(.data.rel.ro.local* .gnu.linkonce.d.rel.ro.local.*)
 *(.data.rel.ro .data.rel.ro.* .gnu.linkonce.d.rel.ro.*)

.dynamic        0x000000000002ef04       0xe8
 *(.dynamic)
 .dynamic       0x000000000002ef04       0xe8 /usr/lib/gcc/i686-linux-gnu/4.8/../../../i386-linux-gnu/crti.o
                0x000000000002ef04                _DYNAMIC

.got            0x000000000002efec       0x14
 *(.got)
 .got           0x000000000002efec       0x14 /usr/lib/gcc/i686-linux-gnu/4.8/../../../i386-linux-gnu/crti.o
 *(.igot)
                0x000000000002fff4                . = DATA_SEGMENT_RELRO_END (., (SIZEOF (.got.plt) >= 0xc)?0xc:0x0)

.got.plt        0x000000000002f000       0x14
 *(.got.plt)
 .got.plt       0x000000000002f000       0x14 /usr/lib/gcc/i686-linux-gnu/4.8/../../../i386-linux-gnu/crti.o
                0x000000000002f000                _GLOBAL_OFFSET_TABLE_
 *(.igot.plt)

.data           0x000000000002f020      0x29a
 *(.data .data.* .gnu.linkonce.d.*)
 .data          0x000000000002f020        0x0 /usr/lib/gcc/i686-linux-gnu/4.8/../../../i386-linux-gnu/crti.o
 .data          0x000000000002f020        0x0 /usr/lib/gcc/i686-linux-gnu/4.8/crtbeginS.o
 .data.rel      0x000000000002f020        0x4 /usr/lib/gcc/i686-linux-gnu/4.8/crtbeginS.o
                0x000000000002f020                __dso_handle
 .data          0x000000000002f024       0x10 udp-client.co
                0x000000000002f024                udp_client_process
 *fill*         0x000000000002f034        0xc 
 .data          0x000000000002f040       0x44 obj_cooja/mtype987.o
                0x000000000002f040                simInterfaces
                0x000000000002f074                sensors
 .data          0x000000000002f084        0x0 obj_cooja/mtype987.a(simEnvChange.o)
 .data          0x000000000002f084        0x0 obj_cooja/mtype987.a(cooja_mt.o)
 .data          0x000000000002f084        0x0 obj_cooja/mtype987.a(cooja_mtarch.o)
 .data          0x000000000002f084        0x0 obj_cooja/mtype987.a(rtimer-arch.o)
 .data          0x000000000002f084        0x0 obj_cooja/mtype987.a(beep.o)
 .data          0x000000000002f084        0x0 obj_cooja/mtype987.a(button-sensor.o)
 .data          0x000000000002f084        0x0 obj_cooja/mtype987.a(leds-arch.o)
 .data          0x000000000002f084        0x0 obj_cooja/mtype987.a(moteid.o)
 .data          0x000000000002f084        0x0 obj_cooja/mtype987.a(pir-sensor.o)
 .data          0x000000000002f084        0x0 obj_cooja/mtype987.a(rs232.o)
 .data          0x000000000002f084        0x0 obj_cooja/mtype987.a(vib-sensor.o)
 .data          0x000000000002f084        0x0 obj_cooja/mtype987.a(clock.o)
 .data          0x000000000002f084        0x0 obj_cooja/mtype987.a(log.o)
 .data          0x000000000002f084        0x0 obj_cooja/mtype987.a(cfs-cooja.o)
 .data          0x000000000002f084       0x40 obj_cooja/mtype987.a(cooja-radio.o)
                0x000000000002f084                simRadioChannelLR
                0x000000000002f088                simRadioHWOnLR
                0x000000000002f08c                simSignalStrengthLR
                0x000000000002f090                simLastSignalStrengthLR
                0x000000000002f094                simPowerLR
                0x000000000002f098                simLQILR
                0x000000000002f09c                simRadioChannel
                0x000000000002f0a0                simRadioHWOn
                0x000000000002f0a4                simSignalStrength
                0x000000000002f0a8                simLastSignalStrength
                0x000000000002f0ac                simPower
                0x000000000002f0b0                simLQI
                0x000000000002f0b4                cooja_radio_process
 .data          0x000000000002f0c4        0x0 obj_cooja/mtype987.a(eeprom.o)
 .data          0x000000000002f0c4        0x0 obj_cooja/mtype987.a(random.o)
 .data          0x000000000002f0c4       0x10 obj_cooja/mtype987.a(sensors.o)
                0x000000000002f0c4                sensors_process
 .data          0x000000000002f0d4       0x3a obj_cooja/mtype987.a(dual_conf.o)
                0x000000000002f0d4                radio_received
                0x000000000002f0d8                dual_dio_broadcast
                0x000000000002f0e8                dual_dis_broadcast
                0x000000000002f0f8                dual_LSA_converge_broadcast
 .data          0x000000000002f10e        0x0 obj_cooja/mtype987.a(autostart.o)
 *fill*         0x000000000002f10e        0x2 
 .data          0x000000000002f110       0x14 obj_cooja/mtype987.a(ctimer.o)
                0x000000000002f114                ctimer_process
 .data          0x000000000002f124       0x10 obj_cooja/mtype987.a(etimer.o)
                0x000000000002f124                etimer_process
 .data          0x000000000002f134        0x0 obj_cooja/mtype987.a(log_message.o)
 .data          0x000000000002f134        0x0 obj_cooja/mtype987.a(process.o)
 .data          0x000000000002f134        0x0 obj_cooja/mtype987.a(residual.o)
 .data          0x000000000002f134        0x0 obj_cooja/mtype987.a(rtimer.o)
 .data          0x000000000002f134        0x0 obj_cooja/mtype987.a(stimer.o)
 .data          0x000000000002f134        0x0 obj_cooja/mtype987.a(timer.o)
 .data          0x000000000002f134       0x10 obj_cooja/mtype987.a(serial-line.o)
                0x000000000002f134                serial_line_process
 .data          0x000000000002f144        0x0 obj_cooja/mtype987.a(list.o)
 .data          0x000000000002f144        0x0 obj_cooja/mtype987.a(ringbuf.o)
 .data          0x000000000002f144        0x0 obj_cooja/mtype987.a(sicslowpan.o)
 .data          0x000000000002f144       0x14 obj_cooja/mtype987.a(uip-ds6-nbr.o)
                0x000000000002f154                ds6_neighbors
 .data          0x000000000002f158       0x44 obj_cooja/mtype987.a(uip-ds6-route.o)
                0x000000000002f168                nbr_routes
 .data          0x000000000002f19c        0x0 obj_cooja/mtype987.a(uip-ds6.o)
 .data          0x000000000002f19c        0x0 obj_cooja/mtype987.a(uip6.o)
 .data          0x000000000002f19c       0x10 obj_cooja/mtype987.a(tcpip.o)
                0x000000000002f19c                tcpip_process
 .data          0x000000000002f1ac        0x0 obj_cooja/mtype987.a(uip-debug.o)
 .data          0x000000000002f1ac        0xc obj_cooja/mtype987.a(uip-packetqueue)
 .data          0x000000000002f1b8        0x0 obj_cooja/mtype987.a(uip-udp-packet.)
 .data          0x000000000002f1b8       0x28 obj_cooja/mtype987.a(rpl-dag.o)
                0x000000000002f1c8                rpl_parents
                0x000000000002f1dc                rpl_children
 .data          0x000000000002f1e0        0x0 obj_cooja/mtype987.a(rpl-ext-header.)
 .data          0x000000000002f1e0       0x40 obj_cooja/mtype987.a(rpl-icmp6.o)
 .data          0x000000000002f220       0x1c obj_cooja/mtype987.a(rpl-ltmax.o)
                0x000000000002f220                rpl_ltmax_of
 .data          0x000000000002f23c        0x0 obj_cooja/mtype987.a(rpl-timers.o)
 .data          0x000000000002f23c        0x0 obj_cooja/mtype987.a(rpl.o)
 .data          0x000000000002f23c        0x0 obj_cooja/mtype987.a(framer-802154.o)
 .data          0x000000000002f23c        0x0 obj_cooja/mtype987.a(nullmac.o)
 .data          0x000000000002f23c       0x30 obj_cooja/mtype987.a(cxmac.o)
                0x000000000002f23c                cxmac_config
                0x000000000002f24c                strobe_wait
 .data          0x000000000002f26c        0x0 obj_cooja/mtype987.a(linkaddr.o)
 .data          0x000000000002f26c       0x10 obj_cooja/mtype987.a(nbr-table.o)
 .data          0x000000000002f27c        0x0 obj_cooja/mtype987.a(netstack.o)
 .data          0x000000000002f27c        0x4 obj_cooja/mtype987.a(packetbuf.o)
 .data          0x000000000002f280       0x18 obj_cooja/mtype987.a(queuebuf.o)
 .data          0x000000000002f298        0x0 obj_cooja/mtype987.a(nullsec.o)
 .data          0x000000000002f298        0x0 obj_cooja/mtype987.a(watchdog.o)
 .data          0x000000000002f298        0x0 obj_cooja/mtype987.a(rimestats.o)
 .data          0x000000000002f298        0x0 obj_cooja/mtype987.a(leds.o)
 .data          0x000000000002f298        0x0 obj_cooja/mtype987.a(memb.o)
 .data          0x000000000002f298       0x20 obj_cooja/mtype987.a(uip-icmp6.o)
 .data          0x000000000002f2b8        0x0 obj_cooja/mtype987.a(uip-nd6.o)
 .data          0x000000000002f2b8        0x0 obj_cooja/mtype987.a(rpl-nbr-policy.)
 .data          0x000000000002f2b8        0x2 obj_cooja/mtype987.a(frame802154.o)
 .data          0x000000000002f2ba        0x0 obj_cooja/mtype987.a(mac.o)
 .data          0x000000000002f2ba        0x0 /usr/lib/gcc/i686-linux-gnu/4.8/crtendS.o
 .data          0x000000000002f2ba        0x0 /usr/lib/gcc/i686-linux-gnu/4.8/../../../i386-linux-gnu/crtn.o

.tm_clone_table
                0x000000000002f2bc        0x0
 .tm_clone_table
                0x000000000002f2bc        0x0 /usr/lib/gcc/i686-linux-gnu/4.8/crtbeginS.o
 .tm_clone_table
                0x000000000002f2bc        0x0 /usr/lib/gcc/i686-linux-gnu/4.8/crtendS.o

.data1
 *(.data1)
                0x000000000002f2bc                _edata = .
                0x000000000002f2bc                PROVIDE (edata, .)
                0x000000000002f2bc                . = .
                0x000000000002f2bc                __bss_start = .

.bss            0x000000000002f2c0     0x8368
 *(.dynbss)
 .dynbss        0x0000000000000000        0x0 /usr/lib/gcc/i686-linux-gnu/4.8/../../../i386-linux-gnu/crti.o
 *(.bss .bss.* .gnu.linkonce.b.*)
 .bss           0x000000000002f2c0        0x0 /usr/lib/gcc/i686-linux-gnu/4.8/../../../i386-linux-gnu/crti.o
 .bss           0x000000000002f2c0        0x1 /usr/lib/gcc/i686-linux-gnu/4.8/crtbeginS.o
 *fill*         0x000000000002f2c1       0x1f 
 .bss           0x000000000002f2e0       0x60 udp-client.co
                0x000000000002f2e0                my_weight
 .bss           0x000000000002f340     0x2030 obj_cooja/mtype987.o
 .bss           0x0000000000031370        0x1 obj_cooja/mtype987.a(simEnvChange.o)
                0x0000000000031370                simDontFallAsleep
 *fill*         0x0000000000031371        0x3 
 .bss           0x0000000000031374        0x4 obj_cooja/mtype987.a(cooja_mt.o)
 .bss           0x0000000000031378        0x4 obj_cooja/mtype987.a(cooja_mtarch.o)
 .bss           0x000000000003137c        0xc obj_cooja/mtype987.a(rtimer-arch.o)
 .bss           0x0000000000031388        0x0 obj_cooja/mtype987.a(beep.o)
 .bss           0x0000000000031388        0x8 obj_cooja/mtype987.a(button-sensor.o)
 .bss           0x0000000000031390        0x0 obj_cooja/mtype987.a(leds-arch.o)
 .bss           0x0000000000031390        0x0 obj_cooja/mtype987.a(moteid.o)
 .bss           0x0000000000031390        0x1 obj_cooja/mtype987.a(pir-sensor.o)
                0x0000000000031390                simPirValue
 *fill*         0x0000000000031391        0x3 
 .bss           0x0000000000031394        0x4 obj_cooja/mtype987.a(rs232.o)
 .bss           0x0000000000031398        0x1 obj_cooja/mtype987.a(vib-sensor.o)
                0x0000000000031398                simVibValue
 .bss           0x0000000000031399        0x0 obj_cooja/mtype987.a(clock.o)
 *fill*         0x0000000000031399        0x7 
 .bss           0x00000000000313a0      0x420 obj_cooja/mtype987.a(log.o)
 .bss           0x00000000000317c0      0xfc0 obj_cooja/mtype987.a(cfs-cooja.o)
                0x00000000000317c0                simCFSData
                0x0000000000032760                simCFSSize
                0x0000000000032764                simCFSChanged
                0x0000000000032768                simCFSRead
                0x000000000003276c                simCFSWritten
 .bss           0x0000000000032780       0x24 obj_cooja/mtype987.a(cooja-radio.o)
                0x0000000000032780                simReceivingLR
                0x0000000000032784                simInSizeLR
                0x0000000000032788                simOutSizeLR
                0x000000000003278c                simReceiving
                0x0000000000032790                simInSize
                0x0000000000032794                simOutSize
                0x0000000000032798                LongRangeTransmit
                0x000000000003279c                LongRangeReceiving
 .bss           0x00000000000327a4        0xc obj_cooja/mtype987.a(eeprom.o)
                0x00000000000327a4                simEEPROMChanged
                0x00000000000327a8                simEEPROMRead
                0x00000000000327ac                simEEPROMWritten
 .bss           0x00000000000327b0        0x0 obj_cooja/mtype987.a(random.o)
 .bss           0x00000000000327b0        0xc obj_cooja/mtype987.a(sensors.o)
 .bss           0x00000000000327bc       0x3c obj_cooja/mtype987.a(dual_conf.o)
                0x00000000000327bc                long_range_radio
 .bss           0x00000000000327f8        0x0 obj_cooja/mtype987.a(autostart.o)
 .bss           0x00000000000327f8        0x5 obj_cooja/mtype987.a(ctimer.o)
 *fill*         0x00000000000327fd        0x3 
 .bss           0x0000000000032800        0x8 obj_cooja/mtype987.a(etimer.o)
 .bss           0x0000000000032808        0x0 obj_cooja/mtype987.a(log_message.o)
 *fill*         0x0000000000032808       0x18 
 .bss           0x0000000000032820      0x1b1 obj_cooja/mtype987.a(process.o)
                0x0000000000032820                process_list
                0x0000000000032824                process_current
 .bss           0x00000000000329d1        0x0 obj_cooja/mtype987.a(residual.o)
 *fill*         0x00000000000329d1        0x3 
 .bss           0x00000000000329d4        0x4 obj_cooja/mtype987.a(rtimer.o)
 .bss           0x00000000000329d8        0x0 obj_cooja/mtype987.a(stimer.o)
 .bss           0x00000000000329d8        0x0 obj_cooja/mtype987.a(timer.o)
 *fill*         0x00000000000329d8        0x8 
 .bss           0x00000000000329e0      0x140 obj_cooja/mtype987.a(serial-line.o)
 .bss           0x0000000000032b20        0x0 obj_cooja/mtype987.a(list.o)
 .bss           0x0000000000032b20        0x0 obj_cooja/mtype987.a(ringbuf.o)
 .bss           0x0000000000032b20      0x70c obj_cooja/mtype987.a(sicslowpan.o)
 *fill*         0x000000000003322c       0x14 
 .bss           0x0000000000033240       0xc0 obj_cooja/mtype987.a(uip-ds6-nbr.o)
 .bss           0x0000000000033300      0x4a8 obj_cooja/mtype987.a(uip-ds6-route.o)
 .bss           0x00000000000337a8       0x30 obj_cooja/mtype987.a(uip-ds6.o)
 .bss           0x00000000000337d8        0xe obj_cooja/mtype987.a(uip6.o)
                0x00000000000337d8                uip_ext_bitmap
                0x00000000000337d9                uip_ext_len
                0x00000000000337da                uip_ext_opt_offset
 *fill*         0x00000000000337e6       0x1a 
 .bss           0x0000000000033800       0x6b obj_cooja/mtype987.a(tcpip.o)
 .bss           0x000000000003386b        0x0 obj_cooja/mtype987.a(uip-debug.o)
 *fill*         0x000000000003386b       0x15 
 .bss           0x0000000000033880      0xcf8 obj_cooja/mtype987.a(uip-packetqueue)
 .bss           0x0000000000034578        0x0 obj_cooja/mtype987.a(uip-udp-packet.)
 *fill*         0x0000000000034578        0x8 
 .bss           0x0000000000034580       0x88 obj_cooja/mtype987.a(rpl-dag.o)
 .bss           0x0000000000034608        0x0 obj_cooja/mtype987.a(rpl-ext-header.)
 .bss           0x0000000000034608        0x0 obj_cooja/mtype987.a(rpl-icmp6.o)
 .bss           0x0000000000034608        0x0 obj_cooja/mtype987.a(rpl-ltmax.o)
 *fill*         0x0000000000034608       0x18 
 .bss           0x0000000000034620       0x60 obj_cooja/mtype987.a(rpl-timers.o)
 .bss           0x0000000000034680        0x4 obj_cooja/mtype987.a(rpl.o)
 .bss           0x0000000000034684        0x2 obj_cooja/mtype987.a(framer-802154.o)
 .bss           0x0000000000034686        0x0 obj_cooja/mtype987.a(nullmac.o)
 *fill*         0x0000000000034686       0x1a 
 .bss           0x00000000000346a0       0xb0 obj_cooja/mtype987.a(cxmac.o)
 .bss           0x0000000000034750        0x0 obj_cooja/mtype987.a(linkaddr.o)
 *fill*         0x0000000000034750       0x10 
 .bss           0x0000000000034760       0xc4 obj_cooja/mtype987.a(nbr-table.o)
 .bss           0x0000000000034824        0x0 obj_cooja/mtype987.a(netstack.o)
 *fill*         0x0000000000034824       0x1c 
 .bss           0x0000000000034840       0xa0 obj_cooja/mtype987.a(packetbuf.o)
 .bss           0x00000000000348e0      0xb80 obj_cooja/mtype987.a(queuebuf.o)
 .bss           0x0000000000035460        0x0 obj_cooja/mtype987.a(nullsec.o)
 .bss           0x0000000000035460        0x0 obj_cooja/mtype987.a(watchdog.o)
 .bss           0x0000000000035460        0x0 obj_cooja/mtype987.a(rimestats.o)
 .bss           0x0000000000035460        0x1 obj_cooja/mtype987.a(leds.o)
 .bss           0x0000000000035461        0x0 obj_cooja/mtype987.a(memb.o)
 *fill*         0x0000000000035461        0x3 
 .bss           0x0000000000035464       0x18 obj_cooja/mtype987.a(uip-icmp6.o)
 .bss           0x000000000003547c        0x0 obj_cooja/mtype987.a(uip-nd6.o)
 *fill*         0x000000000003547c        0x4 
 .bss           0x0000000000035480       0x44 obj_cooja/mtype987.a(rpl-nbr-policy.)
 .bss           0x00000000000354c4        0x0 obj_cooja/mtype987.a(frame802154.o)
 .bss           0x00000000000354c4        0x0 obj_cooja/mtype987.a(mac.o)
 .bss           0x00000000000354c4        0x0 /usr/lib/gcc/i686-linux-gnu/4.8/crtendS.o
 .bss           0x00000000000354c4        0x0 /usr/lib/gcc/i686-linux-gnu/4.8/../../../i386-linux-gnu/crtn.o
 *(COMMON)
 COMMON         0x00000000000354c4       0x4c udp-client.co
                0x00000000000354c4                dio_count
                0x00000000000354c8                dis_count
                0x00000000000354cc                collision_count
                0x00000000000354d0                transmission_count
                0x00000000000354d4                COOJA_radioRxLong
                0x00000000000354d8                control_message_count
                0x00000000000354dc                dao_count
                0x00000000000354e0                COOJA_radioTx
                0x00000000000354e4                LSA_SR_preamble
                0x00000000000354e8                data_relay_count
                0x00000000000354ec                data_message_count
                0x00000000000354f0                LSA_converge
                0x00000000000354f1                my_sink_reachability
                0x00000000000354f4                COOJA_radioTxLong
                0x00000000000354f8                COOJA_radioRx
                0x00000000000354fc                my_parent_number
                0x0000000000035500                COOJA_radioOn
                0x0000000000035504                COOJA_duration
                0x0000000000035508                dio_ack_count
                0x000000000003550c                COOJA_radioOnLong
 COMMON         0x0000000000035510        0xc obj_cooja/mtype987.o
                0x0000000000035510                referenceVar
                0x0000000000035514                debugfp
                0x0000000000035518                sensors_flags
 COMMON         0x000000000003551c        0xc obj_cooja/mtype987.a(simEnvChange.o)
                0x000000000003551c                simEtimerPending
                0x0000000000035520                simProcessRunValue
                0x0000000000035524                simNextExpirationTime
 COMMON         0x0000000000035528        0x1 obj_cooja/mtype987.a(beep.o)
                0x0000000000035528                simBeeped
 COMMON         0x0000000000035529        0x3 obj_cooja/mtype987.a(button-sensor.o)
                0x0000000000035529                simButtonIsActive
                0x000000000003552a                simButtonIsDown
                0x000000000003552b                simButtonChanged
 COMMON         0x000000000003552c        0x1 obj_cooja/mtype987.a(leds-arch.o)
                0x000000000003552c                simLedsValue
 *fill*         0x000000000003552d        0x3 
 COMMON         0x0000000000035530        0xc obj_cooja/mtype987.a(moteid.o)
                0x0000000000035530                simRandomSeed
                0x0000000000035534                simMoteIDChanged
                0x0000000000035538                simMoteID
 COMMON         0x000000000003553c        0x2 obj_cooja/mtype987.a(pir-sensor.o)
                0x000000000003553c                simPirIsActive
                0x000000000003553d                simPirChanged
 *fill*         0x000000000003553e        0x2 
 COMMON         0x0000000000035540      0x820 obj_cooja/mtype987.a(rs232.o)
                0x0000000000035540                simSerialReceivingFlag
                0x0000000000035544                simSerialReceivingLength
                0x0000000000035560                simSerialReceivingData
 COMMON         0x0000000000035d60        0x2 obj_cooja/mtype987.a(vib-sensor.o)
                0x0000000000035d60                simVibChanged
                0x0000000000035d61                simVibIsActive
 *fill*         0x0000000000035d62        0x2 
 COMMON         0x0000000000035d64        0x4 obj_cooja/mtype987.a(clock.o)
                0x0000000000035d64                simCurrentTime
 *fill*         0x0000000000035d68       0x18 
 COMMON         0x0000000000035d80      0x420 obj_cooja/mtype987.a(log.o)
                0x0000000000035d80                simLoggedLength
                0x0000000000035d84                simLoggedFlag
                0x0000000000035da0                simLoggedData
 COMMON         0x00000000000361a0      0x240 obj_cooja/mtype987.a(cooja-radio.o)
                0x00000000000361a0                simOutDataBuffer
                0x0000000000036220                simRadioTarget
                0x0000000000036240                simInDataBufferLR
                0x00000000000362c0                simOutDataBufferLR
                0x0000000000036340                dual_duty_cycle_count
                0x0000000000036360                simInDataBuffer
 COMMON         0x00000000000363e0      0x400 obj_cooja/mtype987.a(eeprom.o)
                0x00000000000363e0                simEEPROMData
 COMMON         0x00000000000367e0        0x1 obj_cooja/mtype987.a(sensors.o)
                0x00000000000367e0                sensors_event
 *fill*         0x00000000000367e1        0x3 
 COMMON         0x00000000000367e4        0x4 obj_cooja/mtype987.a(log_message.o)
                0x00000000000367e4                log_fp
 COMMON         0x00000000000367e8        0x1 obj_cooja/mtype987.a(serial-line.o)
                0x00000000000367e8                serial_line_event_message
 *fill*         0x00000000000367e9       0x17 
 COMMON         0x0000000000036800       0x50 obj_cooja/mtype987.a(uip-ds6-nbr.o)
                0x0000000000036800                ds6_lr_addrmap
 *fill*         0x0000000000036850       0x10 
 COMMON         0x0000000000036860      0x298 obj_cooja/mtype987.a(uip-ds6.o)
                0x0000000000036860                uip_ds6_prefix_list
                0x00000000000368c0                uip_ds6_timer_periodic
                0x00000000000368d0                uip_ds6_netif_addr_list_offset
                0x00000000000368e0                uip_ds6_if
                0x00000000000369d8                uip_ds6_timer_ra
                0x00000000000369e0                uip_ds6_addr_size
                0x0000000000036a00                long_uip_ds6_if
 *fill*         0x0000000000036af8        0x8 
 COMMON         0x0000000000036b00      0x8ec obj_cooja/mtype987.a(uip6.o)
                0x0000000000036b00                uip_slen
                0x0000000000036b02                uip_acc32
                0x0000000000036b20                uip_conns
                0x0000000000036be0                uip_lladdr
                0x0000000000036be8                uip_appdata
                0x0000000000036bec                uip_flags
                0x0000000000036c00                uip_aligned_buf
                0x0000000000037240                uip_listenports
                0x0000000000037250                uip_len
                0x0000000000037252                uip_long_lladdr
                0x000000000003725c                uip_sappdata
                0x0000000000037260                uip_udp_conns
                0x00000000000373e0                uip_udp_conn
                0x00000000000373e4                uip_next_hdr
                0x00000000000373e8                uip_conn
 COMMON         0x00000000000373ec        0x1 obj_cooja/mtype987.a(tcpip.o)
                0x00000000000373ec                tcpip_event
 *fill*         0x00000000000373ed       0x13 
 COMMON         0x0000000000037400      0x198 obj_cooja/mtype987.a(rpl-dag.o)
                0x0000000000037400                default_instance
                0x0000000000037420                instance_table
 COMMON         0x0000000000037598       0x10 obj_cooja/mtype987.a(linkaddr.o)
                0x0000000000037598                linkaddr_node_addr
                0x00000000000375a0                long_linkaddr_node_addr
 COMMON         0x00000000000375a8       0x2e obj_cooja/mtype987.a(packetbuf.o)
                0x00000000000375a8                packetbuf_attrs
                0x00000000000375c6                packetbuf_addrs
 *fill*         0x00000000000375d6        0xa 
 COMMON         0x00000000000375e0       0x48 obj_cooja/mtype987.a(rimestats.o)
                0x00000000000375e0                rimestats
                0x0000000000037628                . = ALIGN ((. != 0x0)?0x4:0x1)
                0x0000000000037628                . = ALIGN (0x4)
                0x0000000000037628                . = SEGMENT_START ("ldata-segment", .)
                0x0000000000037628                . = ALIGN (0x4)
                0x0000000000037628                _end = .
                0x0000000000037628                PROVIDE (end, .)
                0x0000000000037628                . = DATA_SEGMENT_END (.)

.stab
 *(.stab)

.stabstr
 *(.stabstr)

.stab.excl
 *(.stab.excl)

.stab.exclstr
 *(.stab.exclstr)

.stab.index
 *(.stab.index)

.stab.indexstr
 *(.stab.indexstr)

.comment        0x0000000000000000       0x29
 *(.comment)
 .comment       0x0000000000000000       0x29 /usr/lib/gcc/i686-linux-gnu/4.8/crtbeginS.o
                                         0x2a (size before relaxing)
 .comment       0x0000000000000000       0x2a udp-client.co
 .comment       0x0000000000000000       0x2a obj_cooja/mtype987.o
 .comment       0x0000000000000000       0x2a obj_cooja/mtype987.a(simEnvChange.o)
 .comment       0x0000000000000000       0x2a obj_cooja/mtype987.a(cooja_mt.o)
 .comment       0x0000000000000000       0x2a obj_cooja/mtype987.a(cooja_mtarch.o)
 .comment       0x0000000000000000       0x2a obj_cooja/mtype987.a(rtimer-arch.o)
 .comment       0x0000000000000000       0x2a obj_cooja/mtype987.a(beep.o)
 .comment       0x0000000000000000       0x2a obj_cooja/mtype987.a(button-sensor.o)
 .comment       0x0000000000000000       0x2a obj_cooja/mtype987.a(leds-arch.o)
 .comment       0x0000000000000000       0x2a obj_cooja/mtype987.a(moteid.o)
 .comment       0x0000000000000000       0x2a obj_cooja/mtype987.a(pir-sensor.o)
 .comment       0x0000000000000000       0x2a obj_cooja/mtype987.a(rs232.o)
 .comment       0x0000000000000000       0x2a obj_cooja/mtype987.a(vib-sensor.o)
 .comment       0x0000000000000000       0x2a obj_cooja/mtype987.a(clock.o)
 .comment       0x0000000000000000       0x2a obj_cooja/mtype987.a(log.o)
 .comment       0x0000000000000000       0x2a obj_cooja/mtype987.a(cfs-cooja.o)
 .comment       0x0000000000000000       0x2a obj_cooja/mtype987.a(cooja-radio.o)
 .comment       0x0000000000000000       0x2a obj_cooja/mtype987.a(eeprom.o)
 .comment       0x0000000000000000       0x2a obj_cooja/mtype987.a(random.o)
 .comment       0x0000000000000000       0x2a obj_cooja/mtype987.a(sensors.o)
 .comment       0x0000000000000000       0x2a obj_cooja/mtype987.a(dual_conf.o)
 .comment       0x0000000000000000       0x2a obj_cooja/mtype987.a(autostart.o)
 .comment       0x0000000000000000       0x2a obj_cooja/mtype987.a(ctimer.o)
 .comment       0x0000000000000000       0x2a obj_cooja/mtype987.a(etimer.o)
 .comment       0x0000000000000000       0x2a obj_cooja/mtype987.a(log_message.o)
 .comment       0x0000000000000000       0x2a obj_cooja/mtype987.a(process.o)
 .comment       0x0000000000000000       0x2a obj_cooja/mtype987.a(residual.o)
 .comment       0x0000000000000000       0x2a obj_cooja/mtype987.a(rtimer.o)
 .comment       0x0000000000000000       0x2a obj_cooja/mtype987.a(stimer.o)
 .comment       0x0000000000000000       0x2a obj_cooja/mtype987.a(timer.o)
 .comment       0x0000000000000000       0x2a obj_cooja/mtype987.a(serial-line.o)
 .comment       0x0000000000000000       0x2a obj_cooja/mtype987.a(list.o)
 .comment       0x0000000000000000       0x2a obj_cooja/mtype987.a(ringbuf.o)
 .comment       0x0000000000000000       0x2a obj_cooja/mtype987.a(sicslowpan.o)
 .comment       0x0000000000000000       0x2a obj_cooja/mtype987.a(uip-ds6-nbr.o)
 .comment       0x0000000000000000       0x2a obj_cooja/mtype987.a(uip-ds6-route.o)
 .comment       0x0000000000000000       0x2a obj_cooja/mtype987.a(uip-ds6.o)
 .comment       0x0000000000000000       0x2a obj_cooja/mtype987.a(uip6.o)
 .comment       0x0000000000000000       0x2a obj_cooja/mtype987.a(tcpip.o)
 .comment       0x0000000000000000       0x2a obj_cooja/mtype987.a(uip-debug.o)
 .comment       0x0000000000000000       0x2a obj_cooja/mtype987.a(uip-packetqueue)
 .comment       0x0000000000000000       0x2a obj_cooja/mtype987.a(uip-udp-packet.)
 .comment       0x0000000000000000       0x2a obj_cooja/mtype987.a(rpl-dag.o)
 .comment       0x0000000000000000       0x2a obj_cooja/mtype987.a(rpl-ext-header.)
 .comment       0x0000000000000000       0x2a obj_cooja/mtype987.a(rpl-icmp6.o)
 .comment       0x0000000000000000       0x2a obj_cooja/mtype987.a(rpl-ltmax.o)
 .comment       0x0000000000000000       0x2a obj_cooja/mtype987.a(rpl-timers.o)
 .comment       0x0000000000000000       0x2a obj_cooja/mtype987.a(rpl.o)
 .comment       0x0000000000000000       0x2a obj_cooja/mtype987.a(framer-802154.o)
 .comment       0x0000000000000000       0x2a obj_cooja/mtype987.a(nullmac.o)
 .comment       0x0000000000000000       0x2a obj_cooja/mtype987.a(cxmac.o)
 .comment       0x0000000000000000       0x2a obj_cooja/mtype987.a(linkaddr.o)
 .comment       0x0000000000000000       0x2a obj_cooja/mtype987.a(nbr-table.o)
 .comment       0x0000000000000000       0x2a obj_cooja/mtype987.a(netstack.o)
 .comment       0x0000000000000000       0x2a obj_cooja/mtype987.a(packetbuf.o)
 .comment       0x0000000000000000       0x2a obj_cooja/mtype987.a(queuebuf.o)
 .comment       0x0000000000000000       0x2a obj_cooja/mtype987.a(nullsec.o)
 .comment       0x0000000000000000       0x2a obj_cooja/mtype987.a(watchdog.o)
 .comment       0x0000000000000000       0x2a obj_cooja/mtype987.a(rimestats.o)
 .comment       0x0000000000000000       0x2a obj_cooja/mtype987.a(leds.o)
 .comment       0x0000000000000000       0x2a obj_cooja/mtype987.a(memb.o)
 .comment       0x0000000000000000       0x2a obj_cooja/mtype987.a(uip-icmp6.o)
 .comment       0x0000000000000000       0x2a obj_cooja/mtype987.a(uip-nd6.o)
 .comment       0x0000000000000000       0x2a obj_cooja/mtype987.a(rpl-nbr-policy.)
 .comment       0x0000000000000000       0x2a obj_cooja/mtype987.a(frame802154.o)
 .comment       0x0000000000000000       0x2a obj_cooja/mtype987.a(mac.o)
 .comment       0x0000000000000000       0x2a /usr/lib/gcc/i686-linux-gnu/4.8/crtendS.o

.debug
 *(.debug)

.line
 *(.line)

.debug_srcinfo
 *(.debug_srcinfo)

.debug_sfnames
 *(.debug_sfnames)

.debug_aranges  0x0000000000000000      0x838
 *(.debug_aranges)
 .debug_aranges
                0x0000000000000000       0x20 udp-client.co
 .debug_aranges
                0x0000000000000020       0x20 obj_cooja/mtype987.o
 .debug_aranges
                0x0000000000000040       0x20 obj_cooja/mtype987.a(simEnvChange.o)
 .debug_aranges
                0x0000000000000060       0x20 obj_cooja/mtype987.a(cooja_mt.o)
 .debug_aranges
                0x0000000000000080       0x20 obj_cooja/mtype987.a(cooja_mtarch.o)
 .debug_aranges
                0x00000000000000a0       0x20 obj_cooja/mtype987.a(rtimer-arch.o)
 .debug_aranges
                0x00000000000000c0       0x20 obj_cooja/mtype987.a(beep.o)
 .debug_aranges
                0x00000000000000e0       0x20 obj_cooja/mtype987.a(button-sensor.o)
 .debug_aranges
                0x0000000000000100       0x20 obj_cooja/mtype987.a(leds-arch.o)
 .debug_aranges
                0x0000000000000120       0x20 obj_cooja/mtype987.a(moteid.o)
 .debug_aranges
                0x0000000000000140       0x20 obj_cooja/mtype987.a(pir-sensor.o)
 .debug_aranges
                0x0000000000000160       0x20 obj_cooja/mtype987.a(rs232.o)
 .debug_aranges
                0x0000000000000180       0x20 obj_cooja/mtype987.a(vib-sensor.o)
 .debug_aranges
                0x00000000000001a0       0x20 obj_cooja/mtype987.a(clock.o)
 .debug_aranges
                0x00000000000001c0       0x20 obj_cooja/mtype987.a(log.o)
 .debug_aranges
                0x00000000000001e0       0x20 obj_cooja/mtype987.a(cfs-cooja.o)
 .debug_aranges
                0x0000000000000200       0x20 obj_cooja/mtype987.a(cooja-radio.o)
 .debug_aranges
                0x0000000000000220       0x20 obj_cooja/mtype987.a(eeprom.o)
 .debug_aranges
                0x0000000000000240       0x20 obj_cooja/mtype987.a(random.o)
 .debug_aranges
                0x0000000000000260       0x20 obj_cooja/mtype987.a(sensors.o)
 .debug_aranges
                0x0000000000000280       0x20 obj_cooja/mtype987.a(dual_conf.o)
 .debug_aranges
                0x00000000000002a0       0x20 obj_cooja/mtype987.a(autostart.o)
 .debug_aranges
                0x00000000000002c0       0x20 obj_cooja/mtype987.a(ctimer.o)
 .debug_aranges
                0x00000000000002e0       0x20 obj_cooja/mtype987.a(etimer.o)
 .debug_aranges
                0x0000000000000300       0x20 obj_cooja/mtype987.a(log_message.o)
 .debug_aranges
                0x0000000000000320       0x20 obj_cooja/mtype987.a(process.o)
 .debug_aranges
                0x0000000000000340       0x20 obj_cooja/mtype987.a(residual.o)
 .debug_aranges
                0x0000000000000360       0x20 obj_cooja/mtype987.a(rtimer.o)
 .debug_aranges
                0x0000000000000380       0x20 obj_cooja/mtype987.a(stimer.o)
 .debug_aranges
                0x00000000000003a0       0x20 obj_cooja/mtype987.a(timer.o)
 .debug_aranges
                0x00000000000003c0       0x20 obj_cooja/mtype987.a(serial-line.o)
 .debug_aranges
                0x00000000000003e0       0x20 obj_cooja/mtype987.a(list.o)
 .debug_aranges
                0x0000000000000400       0x20 obj_cooja/mtype987.a(ringbuf.o)
 .debug_aranges
                0x0000000000000420       0x20 obj_cooja/mtype987.a(sicslowpan.o)
 .debug_aranges
                0x0000000000000440       0x20 obj_cooja/mtype987.a(uip-ds6-nbr.o)
 .debug_aranges
                0x0000000000000460       0x20 obj_cooja/mtype987.a(uip-ds6-route.o)
 .debug_aranges
                0x0000000000000480       0x20 obj_cooja/mtype987.a(uip-ds6.o)
 .debug_aranges
                0x00000000000004a0       0x20 obj_cooja/mtype987.a(uip6.o)
 .debug_aranges
                0x00000000000004c0       0x20 obj_cooja/mtype987.a(tcpip.o)
 .debug_aranges
                0x00000000000004e0       0x20 obj_cooja/mtype987.a(uip-debug.o)
 .debug_aranges
                0x0000000000000500       0x20 obj_cooja/mtype987.a(uip-packetqueue)
 .debug_aranges
                0x0000000000000520       0x20 obj_cooja/mtype987.a(uip-udp-packet.)
 .debug_aranges
                0x0000000000000540       0x20 obj_cooja/mtype987.a(rpl-dag.o)
 .debug_aranges
                0x0000000000000560       0x20 obj_cooja/mtype987.a(rpl-ext-header.)
 .debug_aranges
                0x0000000000000580       0x20 obj_cooja/mtype987.a(rpl-icmp6.o)
 .debug_aranges
                0x00000000000005a0       0x20 obj_cooja/mtype987.a(rpl-ltmax.o)
 .debug_aranges
                0x00000000000005c0       0x20 obj_cooja/mtype987.a(rpl-timers.o)
 .debug_aranges
                0x00000000000005e0       0x20 obj_cooja/mtype987.a(rpl.o)
 .debug_aranges
                0x0000000000000600       0x20 obj_cooja/mtype987.a(framer-802154.o)
 .debug_aranges
                0x0000000000000620       0x20 obj_cooja/mtype987.a(nullmac.o)
 .debug_aranges
                0x0000000000000640       0x20 obj_cooja/mtype987.a(cxmac.o)
 .debug_aranges
                0x0000000000000660       0x20 obj_cooja/mtype987.a(linkaddr.o)
 .debug_aranges
                0x0000000000000680       0x20 obj_cooja/mtype987.a(nbr-table.o)
 .debug_aranges
                0x00000000000006a0       0x20 obj_cooja/mtype987.a(netstack.o)
 .debug_aranges
                0x00000000000006c0       0x20 obj_cooja/mtype987.a(packetbuf.o)
 .debug_aranges
                0x00000000000006e0       0x20 obj_cooja/mtype987.a(queuebuf.o)
 .debug_aranges
                0x0000000000000700       0x20 obj_cooja/mtype987.a(nullsec.o)
 .debug_aranges
                0x0000000000000720       0x20 obj_cooja/mtype987.a(watchdog.o)
 .debug_aranges
                0x0000000000000740       0x18 obj_cooja/mtype987.a(rimestats.o)
 .debug_aranges
                0x0000000000000758       0x20 obj_cooja/mtype987.a(leds.o)
 .debug_aranges
                0x0000000000000778       0x20 obj_cooja/mtype987.a(memb.o)
 .debug_aranges
                0x0000000000000798       0x20 obj_cooja/mtype987.a(uip-icmp6.o)
 .debug_aranges
                0x00000000000007b8       0x20 obj_cooja/mtype987.a(uip-nd6.o)
 .debug_aranges
                0x00000000000007d8       0x20 obj_cooja/mtype987.a(rpl-nbr-policy.)
 .debug_aranges
                0x00000000000007f8       0x20 obj_cooja/mtype987.a(frame802154.o)
 .debug_aranges
                0x0000000000000818       0x20 obj_cooja/mtype987.a(mac.o)

.debug_pubnames
 *(.debug_pubnames)

.debug_info     0x0000000000000000    0x1d513
 *(.debug_info .gnu.linkonce.wi.*)
 .debug_info    0x0000000000000000      0xa45 udp-client.co
 .debug_info    0x0000000000000a45     0x3ac4 obj_cooja/mtype987.o