Archive member included to satisfy reference by file (symbol)

obj_cooja/mtype238.a(simEnvChange.o)
                              obj_cooja/mtype238.o (simDontFallAsleep)
obj_cooja/mtype238.a(cooja_mt.o)
                              obj_cooja/mtype238.o (cooja_mt_start)
obj_cooja/mtype238.a(cooja_mtarch.o)
                              obj_cooja/mtype238.a(cooja_mt.o) (cooja_mtarch_init)
obj_cooja/mtype238.a(rtimer-arch.o)
                              obj_cooja/mtype238.o (rtimer_arch_next)
obj_cooja/mtype238.a(beep.o)  obj_cooja/mtype238.o (beep_interface)
obj_cooja/mtype238.a(button-sensor.o)
                              obj_cooja/mtype238.o (button_interface)
obj_cooja/mtype238.a(leds-arch.o)
                              obj_cooja/mtype238.o (leds_interface)
obj_cooja/mtype238.a(moteid.o)
                              obj_cooja/mtype238.o (moteid_interface)
obj_cooja/mtype238.a(pir-sensor.o)
                              obj_cooja/mtype238.o (pir_interface)
obj_cooja/mtype238.a(rs232.o)
                              obj_cooja/mtype238.o (rs232_interface)
obj_cooja/mtype238.a(vib-sensor.o)
                              obj_cooja/mtype238.o (vib_interface)
obj_cooja/mtype238.a(clock.o)
                              obj_cooja/mtype238.o (clock_interface)
obj_cooja/mtype238.a(log.o)   obj_cooja/mtype238.o (simlog_interface)
obj_cooja/mtype238.a(cfs-cooja.o)
                              obj_cooja/mtype238.o (cfs_interface)
obj_cooja/mtype238.a(cooja-radio.o)
                              obj_cooja/mtype238.o (radio_interface)
obj_cooja/mtype238.a(eeprom.o)
                              obj_cooja/mtype238.o (eeprom_interface)
obj_cooja/mtype238.a(random.o)
                              obj_cooja/mtype238.a(moteid.o) (random_init)
obj_cooja/mtype238.a(sensors.o)
                              obj_cooja/mtype238.o (sensors_process)
obj_cooja/mtype238.a(dual_conf.o)
                              obj_cooja/mtype238.a(cooja-radio.o) (long_range_radio)
obj_cooja/mtype238.a(autostart.o)
                              obj_cooja/mtype238.o (autostart_start)
obj_cooja/mtype238.a(ctimer.o)
                              obj_cooja/mtype238.o (ctimer_init)
obj_cooja/mtype238.a(etimer.o)
                              obj_cooja/mtype238.o (etimer_process)
obj_cooja/mtype238.a(log_message.o)
                              obj_cooja/mtype238.o (log_initialization)
obj_cooja/mtype238.a(process.o)
                              udp-client.co (process_current)
obj_cooja/mtype238.a(residual.o)
                              udp-client.co (get_residual_energy)
obj_cooja/mtype238.a(rtimer.o)
                              obj_cooja/mtype238.a(rtimer-arch.o) (rtimer_run_next)
obj_cooja/mtype238.a(stimer.o)
                              udp-client.co (stimer_remaining)
obj_cooja/mtype238.a(timer.o)
                              obj_cooja/mtype238.a(button-sensor.o) (timer_set)
obj_cooja/mtype238.a(serial-line.o)
                              udp-client.co (serial_line_event_message)
obj_cooja/mtype238.a(list.o)  obj_cooja/mtype238.a(ctimer.o) (list_init)
obj_cooja/mtype238.a(ringbuf.o)
                              obj_cooja/mtype238.a(serial-line.o) (ringbuf_init)
obj_cooja/mtype238.a(sicslowpan.o)
                              obj_cooja/mtype238.o (sicslowpan_driver)
obj_cooja/mtype238.a(uip-ds6-nbr.o)
                              obj_cooja/mtype238.a(sicslowpan.o) (uip_ds6_link_neighbor_callback)
obj_cooja/mtype238.a(uip-ds6-route.o)
                              udp-client.co (uip_ds6_route_nexthop)
obj_cooja/mtype238.a(uip-ds6.o)
                              udp-client.co (uip_ds6_if)
obj_cooja/mtype238.a(uip6.o)  udp-client.co (uip_lladdr)
obj_cooja/mtype238.a(tcpip.o)
                              udp-client.co (tcpip_event)
obj_cooja/mtype238.a(uip-debug.o)
                              udp-client.co (uip_debug_ipaddr_print)
obj_cooja/mtype238.a(uip-packetqueue)
                              obj_cooja/mtype238.a(uip-ds6-nbr.o) (uip_packetqueue_new)
obj_cooja/mtype238.a(uip-udp-packet.)
                              udp-client.co (uip_udp_packet_sendto)
obj_cooja/mtype238.a(rpl-dag.o)
                              obj_cooja/mtype238.a(tcpip.o) (rpl_repair_root)
obj_cooja/mtype238.a(rpl-ext-header.)
                              obj_cooja/mtype238.a(uip6.o) (rpl_verify_header)
obj_cooja/mtype238.a(rpl-icmp6.o)
                              obj_cooja/mtype238.a(rpl-dag.o) (rpl_icmp6_update_nbr_table)
obj_cooja/mtype238.a(rpl-ltmax.o)
                              obj_cooja/mtype238.a(rpl-dag.o) (rpl_ltmax_of)
obj_cooja/mtype238.a(rpl-timers.o)
                              obj_cooja/mtype238.a(rpl-icmp6.o) (rpl_LSA_convergence_timer)
obj_cooja/mtype238.a(rpl.o)   obj_cooja/mtype238.a(rpl-icmp6.o) (rpl_get_mode)
obj_cooja/mtype238.a(framer-802154.o)
                              obj_cooja/mtype238.a(sicslowpan.o) (framer_802154)
obj_cooja/mtype238.a(nullmac.o)
                              obj_cooja/mtype238.o (nullmac_driver)
[...]
Memory Configuration

Name             Origin             Length             Attributes
*default*        0x0000000000000000 0xffffffffffffffff

Linker script and memory map

LOAD /usr/lib/gcc/i686-linux-gnu/4.8/../../../i386-linux-gnu/crti.o
LOAD /usr/lib/gcc/i686-linux-gnu/4.8/crtbeginS.o
LOAD udp-client.co
LOAD obj_cooja/mtype238.o
LOAD obj_cooja/mtype238.a
LOAD /usr/lib/gcc/i686-linux-gnu/4.8/libgcc.a
LOAD /usr/lib/gcc/i686-linux-gnu/4.8/libgcc_s.so
LOAD /usr/lib/gcc/i686-linux-gnu/4.8/../../../i386-linux-gnu/libc.so
START GROUP
LOAD /lib/i386-linux-gnu/libc.so.6
LOAD /usr/lib/i386-linux-gnu/libc_nonshared.a
LOAD /lib/i386-linux-gnu/ld-linux.so.2
END GROUP
LOAD /usr/lib/gcc/i686-linux-gnu/4.8/libgcc.a
LOAD /usr/lib/gcc/i686-linux-gnu/4.8/libgcc_s.so
LOAD /usr/lib/gcc/i686-linux-gnu/4.8/crtendS.o
LOAD /usr/lib/gcc/i686-linux-gnu/4.8/../../../i386-linux-gnu/crtn.o
                0x0000000000000114                . = (0x0 + SIZEOF_HEADERS)

.note.gnu.build-id
                0x0000000000000114       0x24
 *(.note.gnu.build-id)
 .note.gnu.build-id
                0x0000000000000114       0x24 /usr/lib/gcc/i686-linux-gnu/4.8/../../../i386-linux-gnu/crti.o

.hash
 *(.hash)

.gnu.hash       0x0000000000000138     0x138c
 *(.gnu.hash)
 .gnu.hash      0x0000000000000138     0x138c /usr/lib/gcc/i686-linux-gnu/4.8/../../../i386-linux-gnu/crti.o

.dynsym         0x00000000000014c4     0x2690
 *(.dynsym)
 .dynsym        0x00000000000014c4     0x2690 /usr/lib/gcc/i686-linux-gnu/4.8/../../../i386-linux-gnu/crti.o

.dynstr         0x0000000000003b54     0x27a2
 *(.dynstr)
 .dynstr        0x0000000000003b54     0x27a2 /usr/lib/gcc/i686-linux-gnu/4.8/../../../i386-linux-gnu/crti.o

.gnu.version    0x00000000000062f6      0x4d2
 *(.gnu.version)
 .gnu.version   0x00000000000062f6      0x4d2 /usr/lib/gcc/i686-linux-gnu/4.8/../../../i386-linux-gnu/crti.o

.gnu.version_d  0x00000000000067c8        0x0
 *(.gnu.version_d)
 .gnu.version_d
                0x0000000000000000        0x0 /usr/lib/gcc/i686-linux-gnu/4.8/../../../i386-linux-gnu/crti.o

.gnu.version_r  0x00000000000067c8       0x50
 *(.gnu.version_r)
 .gnu.version_r
                0x00000000000067c8       0x50 /usr/lib/gcc/i686-linux-gnu/4.8/../../../i386-linux-gnu/crti.o

.rel.dyn        0x0000000000006818     0x9bc0
 *(.rel.init)
 .rel.init      0x0000000000000000        0x0 /usr/lib/gcc/i686-linux-gnu/4.8/../../../i386-linux-gnu/crti.o
 *(.rel.text .rel.text.* .rel.gnu.linkonce.t.*)
 .rel.text      0x0000000000006818     0x9408 /usr/lib/gcc/i686-linux-gnu/4.8/../../../i386-linux-gnu/crti.o
 *(.rel.fini)
 .rel.fini      0x0000000000000000        0x0 /usr/lib/gcc/i686-linux-gnu/4.8/../../../i386-linux-gnu/crti.o
 *(.rel.rodata .rel.rodata.* .rel.gnu.linkonce.r.*)
 .rel.rodata    0x000000000000fc20      0x4e0 /usr/lib/gcc/i686-linux-gnu/4.8/../../../i386-linux-gnu/crti.o
 *(.rel.data.rel.ro .rel.data.rel.ro.* .rel.gnu.linkonce.d.rel.ro.*)
 *(.rel.data .rel.data.* .rel.gnu.linkonce.d.*)
 .rel.data.rel  0x0000000000010100        0x8 /usr/lib/gcc/i686-linux-gnu/4.8/../../../i386-linux-gnu/crti.o
 .rel.data      0x0000000000010108      0x298 /usr/lib/gcc/i686-linux-gnu/4.8/../../../i386-linux-gnu/crti.o
 *(.rel.tdata .rel.tdata.* .rel.gnu.linkonce.td.*)
 *(.rel.tbss .rel.tbss.* .rel.gnu.linkonce.tb.*)
 *(.rel.ctors)
 *(.rel.dtors)
 *(.rel.got)
 .rel.got       0x00000000000103a0       0x28 /usr/lib/gcc/i686-linux-gnu/4.8/../../../i386-linux-gnu/crti.o
 *(.rel.bss .rel.bss.* .rel.gnu.linkonce.b.*)
 *(.rel.ifunc)
 .rel.ifunc     0x0000000000000000        0x0 /usr/lib/gcc/i686-linux-gnu/4.8/../../../i386-linux-gnu/crti.o
 .rel.fini_array
                0x00000000000103c8        0x8 /usr/lib/gcc/i686-linux-gnu/4.8/../../../i386-linux-gnu/crti.o
 .rel.init_array
                0x00000000000103d0        0x8 /usr/lib/gcc/i686-linux-gnu/4.8/../../../i386-linux-gnu/crti.o

.rel.plt        0x00000000000103d8       0x10
 *(.rel.plt)
 .rel.plt       0x00000000000103d8       0x10 /usr/lib/gcc/i686-linux-gnu/4.8/../../../i386-linux-gnu/crti.o
 *(.rel.iplt)

.init           0x00000000000103e8       0x23
 *(SORT(.init))
 .init          0x00000000000103e8       0x1e /usr/lib/gcc/i686-linux-gnu/4.8/../../../i386-linux-gnu/crti.o
                0x00000000000103e8                _init
 .init          0x0000000000010406        0x5 /usr/lib/gcc/i686-linux-gnu/4.8/../../../i386-linux-gnu/crtn.o

.plt            0x0000000000010410       0x30
 *(.plt)
 .plt           0x0000000000010410       0x30 /usr/lib/gcc/i686-linux-gnu/4.8/../../../i386-linux-gnu/crti.o
 *(.iplt)

.text           0x0000000000010440    0x17677
 *(.text.unlikely .text.*_unlikely .text.unlikely.*)
 *(.text.exit .text.exit.*)
 *(.text.startup .text.startup.*)
 *(.text.hot .text.hot.*)
 *(.text .stub .text.* .gnu.linkonce.t.*)
 .text          0x0000000000010440        0x0 /usr/lib/gcc/i686-linux-gnu/4.8/../../../i386-linux-gnu/crti.o
 .gnu.linkonce.t.__x86.get_pc_thunk.bx
                0x0000000000010440        0x4 /usr/lib/gcc/i686-linux-gnu/4.8/../../../i386-linux-gnu/crti.o
                0x0000000000010440                __x86.get_pc_thunk.bx
 *fill*         0x0000000000010444        0xc 
 .text          0x0000000000010450      0x11b /usr/lib/gcc/i686-linux-gnu/4.8/crtbeginS.o
 .text          0x000000000001056b      0x790 udp-client.co
 .text          0x0000000000010cfb      0x96a obj_cooja/mtype238.o
                0x0000000000010ea9                contiki_init
                0x000000000001147c                Java_org_contikios_cooja_corecomm_Lib6_init
                0x00000000000114bc                Java_org_contikios_cooja_corecomm_Lib6_getMemory
                0x00000000000114fc                Java_org_contikios_cooja_corecomm_Lib6_setMemory
                0x0000000000011573                Java_org_contikios_cooja_corecomm_Lib6_tick
                0x0000000000011653                Java_org_contikios_cooja_corecomm_Lib6_setReferenceAddress
 .text          0x0000000000011665       0x63 obj_cooja/mtype238.a(simEnvChange.o)
                0x0000000000011665                doActionsBeforeTick
                0x0000000000011696                doActionsAfterTick
 .text          0x00000000000116c8       0xbc obj_cooja/mtype238.a(cooja_mt.o)
                0x00000000000116c8                cooja_mt_init
                0x00000000000116d5                cooja_mt_remove
                0x00000000000116e2                cooja_mt_start
                0x000000000001170f                cooja_mt_exec
                0x0000000000011740                cooja_mt_exit
                0x0000000000011762                cooja_mt_yield
 .text          0x0000000000011784      0x115 obj_cooja/mtype238.a(cooja_mtarch.o)
                0x0000000000011784                cooja_mtarch_init
                0x0000000000011789                cooja_mtarch_start
                0x0000000000011804                cooja_sw
                0x0000000000011826                cooja_mtarch_exec
                0x0000000000011842                cooja_mtarch_remove
                0x0000000000011847                cooja_mtarch_yield
                0x0000000000011851                cooja_mtarch_pstop
                0x0000000000011856                cooja_mtarch_pstart
                0x000000000001185b                cooja_mtarch_stack_usage
 .text          0x0000000000011899       0xc2 obj_cooja/mtype238.a(rtimer-arch.o)
                0x0000000000011899                rtimer_arch_init
                0x00000000000118bc                rtimer_arch_schedule
                0x00000000000118d3                rtimer_arch_next
                0x00000000000118dd                rtimer_arch_pending
                0x00000000000118e7                rtimer_arch_check
                0x0000000000011919                rtimer_arch_now
 .text          0x000000000001195b       0x76 obj_cooja/mtype238.a(beep.o)
                0x000000000001195b                beep_alarm
                0x0000000000011967                beep_beep
                0x0000000000011973                beep
                0x000000000001197f                beep_down
                0x000000000001198b                beep_on
                0x0000000000011997                beep_off
                0x00000000000119a3                beep_spinup
                0x00000000000119af                beep_quick
                0x00000000000119bb                beep_long
 .text          0x00000000000119d1      0x103 obj_cooja/mtype238.a(button-sensor.o)
 .text          0x0000000000011ad4       0x45 obj_cooja/mtype238.a(leds-arch.o)
                0x0000000000011ad4                leds_arch_init
                0x0000000000011ae0                leds_arch_get
                0x0000000000011aec                leds_arch_set
 .text          0x0000000000011b19       0x2f obj_cooja/mtype238.a(moteid.o)
 .text          0x0000000000011b48       0xb1 obj_cooja/mtype238.a(pir-sensor.o)
 .text          0x0000000000011bf9      0x131 obj_cooja/mtype238.a(rs232.o)
                0x0000000000011bf9                rs232_init
                0x0000000000011bfe                rs232_set_speed
                0x0000000000011c0c                rs232_set_input
                0x0000000000011c19                rs232_send
                0x0000000000011c3b                rs232_print
                0x0000000000011c56                slip_arch_writeb
 .text          0x0000000000011d2a       0xb1 obj_cooja/mtype238.a(vib-sensor.o)
 .text          0x0000000000011ddb       0x34 obj_cooja/mtype238.a(clock.o)
                0x0000000000011ddb                clock_init
                0x0000000000011de0                clock_time
                0x0000000000011dea                clock_seconds
                0x0000000000011e00                clock_delay
 .text          0x0000000000011e0f      0x1ed obj_cooja/mtype238.a(log.o)
                0x0000000000011e0f                simlog_char
                0x0000000000011e51                simlog
                0x0000000000011ebe                log_message
                0x0000000000011ee6                log_set_putchar_with_slip
                0x0000000000011ef3                log_putchar
                0x0000000000011f77                log_puts
                0x0000000000011f9b                log_printf
 .text          0x0000000000011ffc      0x2c4 obj_cooja/mtype238.a(cfs-cooja.o)
                0x0000000000011ffc                cfs_open
                0x0000000000012065                cfs_close
                0x0000000000012071                cfs_read
                0x000000000001210f                cfs_write
                0x00000000000121ec                cfs_seek
                0x0000000000012274                cfs_remove
                0x000000000001229d                cfs_opendir
                0x00000000000122a7                cfs_readdir
                0x00000000000122b1                cfs_closedir
 .text          0x00000000000122c0      0x6ab obj_cooja/mtype238.a(cooja-radio.o)
                0x00000000000122ea                radio_set_channel
                0x00000000000122ff                radio_set_txpower
                0x000000000001231f                radio_signal_strength_last
                0x0000000000012329                radio_signal_strength_current
                0x0000000000012333                radio_LQI
 .text          0x000000000001296b       0xef obj_cooja/mtype238.a(eeprom.o)
                0x000000000001296b                eeprom_init
                0x0000000000012970                eeprom_read
                0x00000000000129e0                eeprom_write
 .text          0x0000000000012a5a       0x28 obj_cooja/mtype238.a(random.o)
                0x0000000000012a5a                random_init
                0x0000000000012a75                random_rand
 .text          0x0000000000012a82      0x2a1 obj_cooja/mtype238.a(sensors.o)
                0x0000000000012abd                sensors_first
                0x0000000000012ac7                sensors_next
                0x0000000000012ae4                sensors_changed
                0x0000000000012b13                sensors_find
 .text          0x0000000000012d23      0x452 obj_cooja/mtype238.a(dual_conf.o)
                0x0000000000012d23                dual_radio_switch
                0x0000000000012d63                dual_radio_change
                0x0000000000012d9d                sending_in_LR
                0x0000000000012dc8                dual_radio_received
                0x0000000000012e1b                radio_received_is_longrange
                0x0000000000012e36                dual_radio_turn_on
                0x0000000000012e59                dual_radio_turn_off
                0x00000000000130fb                dio_broadcast
                0x0000000000013124                dis_broadcast
                0x0000000000013145                LSA_converge_broadcast
 .text          0x0000000000013175       0x8e obj_cooja/mtype238.a(autostart.o)
                0x0000000000013175                autostart_start
                0x00000000000131c0                autostart_exit
 .text          0x0000000000013203      0x334 obj_cooja/mtype238.a(ctimer.o)
                0x000000000001331a                ctimer_init
                0x000000000001334a                ctimer_set
                0x000000000001337b                ctimer_set_with_process
                0x00000000000133f7                ctimer_reset
                0x0000000000013446                ctimer_restart
                0x0000000000013495                ctimer_stop
                0x00000000000134e0                ctimer_expired
 .text          0x0000000000013537      0x40b obj_cooja/mtype238.a(etimer.o)
                0x000000000001374a                etimer_request_poll
                0x00000000000137ce                etimer_set
                0x00000000000137f3                etimer_reset_with_new_interval
                0x000000000001381a                etimer_reset
                0x0000000000013838                etimer_restart
                0x0000000000013856                etimer_adjust
                0x0000000000013872                etimer_expired
                0x0000000000013885                etimer_expiration_time
                0x0000000000013897                etimer_start_time
                0x00000000000138a1                etimer_pending
                0x00000000000138b3                etimer_next_expiration_time
                0x00000000000138cd                etimer_stop
 .text          0x0000000000013942       0xdd obj_cooja/mtype238.a(log_message.o)
                0x0000000000013942                log_initialization
                0x00000000000139fe                log_finisher
 .text          0x0000000000013a1f      0x560 obj_cooja/mtype238.a(process.o)
                0x0000000000013a1f                process_alloc_event
                0x0000000000013a34                process_start
                0x0000000000013c1d                process_exit
                0x0000000000013c39                process_init
                0x0000000000013e0a                process_run
                0x0000000000013e3d                process_nevents
                0x0000000000013e58                process_post
                0x0000000000013f04                process_post_synch
                0x0000000000013f3c                process_poll
                0x0000000000013f6b                process_is_running
 .text          0x0000000000013f7f       0xd3 obj_cooja/mtype238.a(residual.o)
                0x0000000000013f7f                get_residual_energy
 .text          0x0000000000014052       0xba obj_cooja/mtype238.a(rtimer.o)
                0x0000000000014052                rtimer_init
                0x000000000001405f                rtimer_set
                0x00000000000140b6                rtimer_run_next
 .text          0x000000000001410c       0xa3 obj_cooja/mtype238.a(stimer.o)
                0x000000000001410c                stimer_set
                0x0000000000014127                stimer_reset
                0x000000000001413e                stimer_restart
                0x0000000000014150                stimer_expired
                0x0000000000014177                stimer_remaining
                0x000000000001419b                stimer_elapsed
 .text          0x00000000000141af       0x91 obj_cooja/mtype238.a(timer.o)
                0x00000000000141af                timer_set
                0x00000000000141ca                timer_reset
                0x00000000000141e1                timer_restart
                0x00000000000141f3                timer_expired
                0x000000000001421c                timer_remaining
 .text          0x0000000000014240      0x1fb obj_cooja/mtype238.a(serial-line.o)
                0x0000000000014240                serial_line_input_byte
                0x0000000000014403                serial_line_init
 .text          0x000000000001443b      0x244 obj_cooja/mtype238.a(list.o)
                0x000000000001443b                list_init
                0x0000000000014449                list_head
                0x0000000000014453                list_copy
                0x0000000000014462                list_tail
                0x0000000000014498                list_add
                0x00000000000144e1                list_push
                0x000000000001450d                list_chop
                0x0000000000014577                list_pop
                0x000000000001459f                list_remove
                0x0000000000014606                list_length
                0x0000000000014634                list_insert
                0x0000000000014668                list_item_next
 .text          0x000000000001467f      0x155 obj_cooja/mtype238.a(ringbuf.o)
                0x000000000001467f                ringbuf_init
                0x00000000000146b0                ringbuf_put
                0x000000000001472e                ringbuf_get
                0x000000000001479b                ringbuf_size
                0x00000000000147ad                ringbuf_elements
 .text          0x00000000000147d4     0x2c69 obj_cooja/mtype238.a(sicslowpan.o)
                0x0000000000014dd4                rime_sniffer_add
                0x0000000000014de1                rime_sniffer_remove
                0x00000000000173dc                sicslowpan_init
                0x0000000000017433                sicslowpan_get_last_rssi
 .text          0x000000000001743d      0x2dc obj_cooja/mtype238.a(uip-ds6-nbr.o)
                0x000000000001745a                uip_ds6_neighbors_init
                0x0000000000017477                uip_ds6_nbr_add
                0x0000000000017528                uip_ds6_nbr_rm
                0x0000000000017585                uip_ds6_nbr_get_ipaddr
                0x000000000001759a                uip_ds6_nbr_get_ll
                0x00000000000175b6                uip_ds6_nbr_num
                0x00000000000175fb                uip_ds6_nbr_lookup
                0x0000000000017660                uip_ds6_nbr_ll_lookup
                0x000000000001767c                uip_ds6_nbr_ipaddr_from_lladdr
                0x00000000000176a2                uip_ds6_nbr_lladdr_from_ipaddr
                0x00000000000176d0                uip_ds6_link_neighbor_callback
 .text          0x0000000000017719      0x916 obj_cooja/mtype238.a(uip-ds6-route.o)
                0x0000000000017790                uip_ds6_notification_add
                0x00000000000177c1                uip_ds6_notification_rm
                0x00000000000177dd                uip_ds6_route_init
                0x0000000000017865                uip_ds6_route_nexthop
                0x000000000001788d                uip_ds6_route_head
                0x00000000000178a2                uip_ds6_route_next
                0x00000000000178c8                uip_ds6_route_is_nexthop
                0x0000000000017907                uip_ds6_route_num_routes
                0x0000000000017911                uip_ds6_route_lookup
                0x00000000000179d3                uip_ds6_route_add
                0x0000000000017c07                uip_ds6_route_rm
                0x0000000000017d9b                uip_ds6_route_rm_by_nexthop
                0x0000000000017dd3                uip_ds6_defrt_add
                0x0000000000017e84                uip_ds6_defrt_rm
                0x0000000000017f03                uip_ds6_defrt_lookup
                0x0000000000017f5c                uip_ds6_defrt_choose
                0x0000000000017fc7                uip_ds6_defrt_periodic
 .text          0x000000000001802f     0x12ad obj_cooja/mtype238.a(uip-ds6.o)
                0x000000000001802f                uip_ds6_init
                0x0000000000018384                uip_ds6_periodic
                0x000000000001845c                uip_ds6_list_loop
                0x0000000000018503                uip_ds6_prefix_add
                0x00000000000185c1                uip_ds6_prefix_rm
                0x00000000000185d3                uip_ds6_prefix_lookup
                0x0000000000018624                uip_ds6_is_addr_onlink
                0x0000000000018698                uip_ds6_addr_add
                0x00000000000187c6                uip_ds6_long_addr_add
                0x00000000000188f4                uip_ds6_addr_rm
                0x0000000000018994                uip_ds6_addr_lookup
                0x00000000000189df                uip_ds6_long_addr_lookup
                0x0000000000018a2a                uip_ds6_get_link_local
                0x0000000000018aa9                uip_ds6_long_get_link_local
                0x0000000000018b28                uip_ds6_get_global
                0x0000000000018ba7                uip_ds6_long_get_global
                0x0000000000018c26                uip_ds6_maddr_add
                0x0000000000018c98                uip_ds6_long_maddr_add
                0x0000000000018d0a                uip_ds6_maddr_rm
                0x0000000000018d1c                uip_ds6_maddr_lookup
                0x0000000000018d67                uip_ds6_long_maddr_lookup
                0x0000000000018db2                uip_ds6_aaddr_add
                0x0000000000018e24                uip_ds6_long_aaddr_add
                0x0000000000018e96                uip_ds6_aaddr_rm
                0x0000000000018ea8                uip_ds6_aaddr_lookup
                0x0000000000018ef3                uip_ds6_long_aaddr_lookup
                0x0000000000018f3e                uip_ds6_select_src
                0x00000000000191c7                uip_ds6_set_addr_iid
                0x00000000000191fe                get_match_length
                0x0000000000019290                uip_ds6_compute_reachable_time
 .text          0x00000000000192dc     0x29f3 obj_cooja/mtype238.a(uip6.o)
                0x00000000000192dc                uip_add32
                0x0000000000019475                uip_chksum
                0x0000000000019563                uip_icmp6chksum
                0x0000000000019577                uip_tcpchksum
                0x000000000001958b                uip_udpchksum
                0x000000000001959f                uip_init
                0x000000000001966f                uip_connect
                0x000000000001981e                remove_ext_hdr
                0x00000000000198f3                uip_udp_new
                0x0000000000019a4f                uip_unlisten
                0x0000000000019aaf                uip_listen
                0x0000000000019d71                uip_process
                0x000000000001bbc3                uip_htons
                0x000000000001bbe5                uip_htonl
                0x000000000001bc25                uip_send
 .text          0x000000000001bccf      0xb43 obj_cooja/mtype238.a(tcpip.o)
                0x000000000001bccf                tcpip_output
                0x000000000001bcfd                tcpip_set_outputfunc
                0x000000000001bd91                tcp_connect
                0x000000000001bde6                tcp_unlisten
                0x000000000001be41                tcp_listen
                0x000000000001be9a                tcp_attach
                0x000000000001bebf                udp_attach
                0x000000000001bee4                udp_new
                0x000000000001bf36                udp_broadcast_new
                0x000000000001c1aa                tcpip_input
                0x000000000001c1de                tcpip_ipv6_output
                0x000000000001c658                tcpip_poll_udp
                0x000000000001c67b                tcpip_poll_tcp
                0x000000000001c69e                tcpip_uipcall
 .text          0x000000000001c812      0x1c1 obj_cooja/mtype238.a(uip-debug.o)
                0x000000000001c812                uip_debug_ipaddr_print
                0x000000000001c974                uip_debug_lladdr_print
 .text          0x000000000001c9d3      0x141 obj_cooja/mtype238.a(uip-packetqueue)
                0x000000000001c9ff                uip_packetqueue_new
                0x000000000001ca0d                uip_packetqueue_alloc
                0x000000000001ca6d                uip_packetqueue_free
                0x000000000001caae                uip_packetqueue_buf
                0x000000000001cacb                uip_packetqueue_buflen
                0x000000000001caec                uip_packetqueue_set_buflen
 .text          0x000000000001cb14      0x131 obj_cooja/mtype238.a(uip-udp-packet.)
                0x000000000001cb14                uip_udp_packet_send
                0x000000000001cb74                uip_udp_packet_sendto
 .text          0x000000000001cc45     0x26b3 obj_cooja/mtype238.a(rpl-dag.o)
                0x000000000001cc45                rpl_lr_in_child
                0x000000000001ccfd                rpl_print_neighbor_list
                0x000000000001cda6                rpl_print_child_neighbor_list
                0x000000000001ce1b                rpl_get_nbr
                0x000000000001ce75                rpl_get_nbr_child
                0x000000000001cecf                rpl_dag_init
                0x000000000001cf01                rpl_get_parent
                0x000000000001cf23                rpl_get_parent_rank
                0x000000000001cf56                rpl_get_parent_link_metric
                0x000000000001cf89                rpl_get_parent_ipaddr
                0x000000000001cfb3                rpl_get_child_ipaddr
                0x000000000001d2ce                rpl_set_root
                0x000000000001d4fc                rpl_repair_root
                0x000000000001d738                rpl_set_prefix
                0x000000000001d837                rpl_set_default_route
                0x000000000001d8c3                rpl_alloc_instance
                0x000000000001d956                rpl_alloc_dag
                0x000000000001da09                rpl_set_default_instance
                0x000000000001da16                rpl_get_default_instance
                0x000000000001da20                rpl_free_instance
                0x000000000001dad1                rpl_free_dag
                0x000000000001db37                rpl_add_parent
                0x000000000001dc20                rpl_find_parent
                0x000000000001dc50                rpl_add_child
                0x000000000001dcf4                rpl_find_child
                0x000000000001dd42                rpl_find_parent_any_dag
                0x000000000001dd7e                rpl_select_dag
                0x000000000001e1a1                rpl_select_parent
                0x000000000001e203                rpl_remove_parent
                0x000000000001e239                rpl_remove_child
                0x000000000001e255                rpl_nullify_parent
                0x000000000001e2f3                rpl_move_parent
                0x000000000001e390                rpl_has_downward_route
                0x000000000001e3e3                rpl_get_any_dag
                0x000000000001e445                rpl_get_instance
                0x000000000001e4a8                rpl_find_of
                0x000000000001e4e5                rpl_join_instance
                0x000000000001e781                rpl_add_dag
                0x000000000001eb70                rpl_local_repair
                0x000000000001ec49                rpl_recalculate_ranks
                0x000000000001eccf                rpl_process_parent_event
                0x000000000001ed81                rpl_process_dio
 .text          0x000000000001f2f8      0xbf3 obj_cooja/mtype238.a(rpl-ext-header.)
                0x000000000001f315                rpl_verify_header
                0x000000000001f78f                rpl_update_header_empty
                0x000000000001faa6                rpl_update_header_final
                0x000000000001fc35                rpl_remove_header
                0x000000000001fd3f                rpl_invert_header
                0x000000000001fec9                rpl_insert_header
 .text          0x000000000001feeb     0x24a5 obj_cooja/mtype238.a(rpl-icmp6.o)
                0x00000000000201b4                rpl_icmp6_update_nbr_table
                0x00000000000202a4                dis_output
                0x0000000000020bdc                dio_output
                0x0000000000021429                LSA_converge_output
                0x0000000000021eef                dao_output
                0x0000000000021fb7                dao_output_target
                0x0000000000022338                dao_ack_output
                0x000000000002234c                rpl_icmp6_register_handlers
 .text          0x0000000000022390      0x3dc obj_cooja/mtype238.a(rpl-ltmax.o)
 .text          0x000000000002276c      0x836 obj_cooja/mtype238.a(rpl-timers.o)
                0x000000000002276c                rpl_LSA_convergence_timer
                0x0000000000022798                rpl_reset_LSA_convergence_timer
                0x0000000000022a35                rpl_reset_periodic_timer
                0x0000000000022a8a                rpl_reset_dio_timer
                0x0000000000022cc4                rpl_schedule_dao
                0x0000000000022cdf                rpl_schedule_dao_immediately
                0x0000000000022cfa                rpl_cancel_dao
                0x0000000000022d5c                rpl_schedule_unicast_dio_immediately
                0x0000000000022f4a                rpl_schedule_probing
 .text          0x0000000000022fa2      0x5d5 obj_cooja/mtype238.a(rpl.o)
                0x0000000000022fa2                rpl_get_mode
                0x0000000000022fac                rpl_set_mode
                0x000000000002303a                rpl_purge_routes
                0x0000000000023134                rpl_remove_routes
                0x000000000002317a                rpl_remove_routes_by_nexthop
                0x00000000000231e6                rpl_add_route
                0x0000000000023261                rpl_link_neighbor_callback
                0x0000000000023366                rpl_ipv6_neighbor_callback
                0x00000000000233d5                rpl_purge_dags
                0x00000000000234e1                rpl_init
 .text          0x0000000000023577      0x3f5 obj_cooja/mtype238.a(framer-802154.o)
 .text          0x000000000002396c       0x5e obj_cooja/mtype238.a(nullmac.o)
 .text          0x00000000000239ca     0x123b obj_cooja/mtype238.a(cxmac.o)
                0x0000000000024b47                cxmac_set_announcement_radio_txpower
                0x0000000000024b4c                cxmac_init
 .text          0x0000000000024c05       0x82 obj_cooja/mtype238.a(linkaddr.o)
                0x0000000000024c05                linkaddr_copy
                0x0000000000024c27                linkaddr_cmp
                0x0000000000024c51                linkaddr_set_node_addr
                0x0000000000024c6c                linkaddr_set_node_long_addr
 .text          0x0000000000024c87      0x915 obj_cooja/mtype238.a(nbr-table.o)
                0x0000000000024c87                long_ip_from_lladdr_map
                0x0000000000024d10                lladdr_map_add_lr
                0x0000000000024dcd                lladdr_map_rm_lr
                0x0000000000025292                nbr_table_register
                0x00000000000252da                nbr_table_head
                0x0000000000025336                nbr_table_next
                0x000000000002539d                nbr_table_add_lladdr
                0x0000000000025479                nbr_table_get_from_lladdr
                0x00000000000254c6                nbr_table_remove
                0x0000000000025518                nbr_table_lock
                0x0000000000025542                nbr_table_unlock
                0x000000000002556c                nbr_table_get_lladdr
 .text          0x000000000002559c       0x2b obj_cooja/mtype238.a(netstack.o)
                0x000000000002559c                netstack_init
 .text          0x00000000000255c7      0x3cd obj_cooja/mtype238.a(packetbuf.o)
                0x00000000000255c7                packetbuf_clear
                0x00000000000255f1                packetbuf_copyfrom
                0x0000000000025643                packetbuf_compact
                0x00000000000256c0                packetbuf_copyto
                0x0000000000025757                packetbuf_hdralloc
                0x00000000000257d4                packetbuf_hdrreduce
                0x000000000002581c                packetbuf_set_datalen
                0x0000000000025835                packetbuf_dataptr
                0x0000000000025852                packetbuf_hdrptr
                0x000000000002585c                packetbuf_datalen
                0x0000000000025868                packetbuf_hdrlen
                0x000000000002587f                packetbuf_totlen
                0x0000000000025895                packetbuf_attr_clear
                0x00000000000258e7                packetbuf_attr_copyto
                0x0000000000025930                packetbuf_attr_copyfrom
                0x0000000000025978                packetbuf_holds_broadcast
 .text          0x0000000000025994      0x2b4 obj_cooja/mtype238.a(queuebuf.o)
                0x000000000002599e                queuebuf_init
                0x00000000000259be                queuebuf_numfree
                0x00000000000259d2                queuebuf_new_from_packetbuf
                0x0000000000025a62                queuebuf_update_attr_from_packetbuf
                0x0000000000025a95                queuebuf_update_from_packetbuf
                0x0000000000025adf                queuebuf_free
                0x0000000000025b26                queuebuf_to_packetbuf
                0x0000000000025b8c                queuebuf_dataptr
                0x0000000000025bc3                queuebuf_datalen
                0x0000000000025be6                queuebuf_addr
                0x0000000000025c18                queuebuf_attr
                0x0000000000025c43                queuebuf_debug_print
 .text          0x0000000000025c48       0x6e obj_cooja/mtype238.a(nullsec.o)
 .text          0x0000000000025cb6       0x19 obj_cooja/mtype238.a(watchdog.o)
                0x0000000000025cb6                watchdog_init
                0x0000000000025cbb                watchdog_start
                0x0000000000025cc0                watchdog_periodic
                0x0000000000025cc5                watchdog_stop
                0x0000000000025cca                watchdog_reboot
 .text          0x0000000000025ccf        0x0 obj_cooja/mtype238.a(rimestats.o)
 .text          0x0000000000025ccf      0x134 obj_cooja/mtype238.a(leds.o)
                0x0000000000025d20                leds_init
                0x0000000000025d34                leds_blink
                0x0000000000025d6c                leds_get
                0x0000000000025d79                leds_set
                0x0000000000025d93                leds_on
                0x0000000000025db6                leds_off
                0x0000000000025de0                leds_toggle
 .text          0x0000000000025e03      0x1c1 obj_cooja/mtype238.a(memb.o)
                0x0000000000025e03                memb_init
                0x0000000000025e61                memb_alloc
                0x0000000000025ec6                memb_free
                0x0000000000025f41                memb_inmemb
                0x0000000000025f80                memb_numfree
 .text          0x0000000000025fc4      0xab2 obj_cooja/mtype238.a(uip-icmp6.o)
                0x0000000000026032                uip_icmp6_input
                0x0000000000026088                uip_icmp6_register_input_handler
                0x0000000000026350                uip_icmp6_error_output
                0x0000000000026695                uip_icmp6_send
                0x0000000000026a09                uip_icmp6_echo_reply_callback_add
                0x0000000000026a3a                uip_icmp6_echo_reply_callback_rm
                0x0000000000026a56                uip_icmp6_init
 .text          0x0000000000026a76      0x358 obj_cooja/mtype238.a(uip-nd6.o)
                0x0000000000026aca                uip_nd6_ns_output
                0x0000000000026dc9                uip_nd6_init
 .text          0x0000000000026dce      0x331 obj_cooja/mtype238.a(rpl-nbr-policy.)
                0x0000000000026fa6                find_removable_dis
                0x0000000000026fc9                find_removable_dio
                0x0000000000027058                find_removable_dao
                0x00000000000270a8                rpl_nbr_policy_find_removable
 .text          0x00000000000270ff      0x97c obj_cooja/mtype238.a(frame802154.o)
                0x0000000000027130                frame802154_get_pan_id
                0x000000000002713c                frame802154_set_pan_id
                0x0000000000027155                frame802154_has_panid
                0x0000000000027241                frame802154_check_dest_panid
                0x00000000000272a9                frame802154_is_broadcast_addr
                0x00000000000272f6                frame802154_extract_linkaddr
                0x0000000000027536                frame802154_hdrlen
                0x0000000000027587                frame802154_create
                0x0000000000027772                frame802154_parse
 .text          0x0000000000027a7b       0x3c obj_cooja/mtype238.a(mac.o)
                0x0000000000027a7b                mac_call_sent_callback
 .text          0x0000000000027ab7        0x0 /usr/lib/gcc/i686-linux-gnu/4.8/crtendS.o
 .text          0x0000000000027ab7        0x0 /usr/lib/gcc/i686-linux-gnu/4.8/../../../i386-linux-gnu/crtn.o
 *(.gnu.warning)

.fini           0x0000000000027ab8       0x14
 *(SORT(.fini))
 .fini          0x0000000000027ab8        0xf /usr/lib/gcc/i686-linux-gnu/4.8/../../../i386-linux-gnu/crti.o
                0x0000000000027ab8                _fini
 .fini          0x0000000000027ac7        0x5 /usr/lib/gcc/i686-linux-gnu/4.8/../../../i386-linux-gnu/crtn.o
                0x0000000000027acc                PROVIDE (__etext, .)
                0x0000000000027acc                PROVIDE (_etext, .)
                0x0000000000027acc                PROVIDE (etext, .)

.rodata         0x0000000000027ae0     0x1800
 *(.rodata .rodata.* .gnu.linkonce.r.*)
 .rodata        0x0000000000027ae0      0x2da udp-client.co
                0x0000000000027af4                autostart_processes
 *fill*         0x0000000000027dba        0x2 
 .rodata        0x0000000000027dbc      0x1e6 obj_cooja/mtype238.o
 *fill*         0x0000000000027fa2        0x2 
 .rodata        0x0000000000027fa4        0x8 obj_cooja/mtype238.a(beep.o)
                0x0000000000027fa4                beep_interface
 .rodata        0x0000000000027fac       0x20 obj_cooja/mtype238.a(button-sensor.o)
                0x0000000000027fac                button_interface
                0x0000000000027fbc                button_sensor
 .rodata        0x0000000000027fcc        0x8 obj_cooja/mtype238.a(leds-arch.o)
                0x0000000000027fcc                leds_interface
 .rodata        0x0000000000027fd4        0x8 obj_cooja/mtype238.a(moteid.o)
                0x0000000000027fd4                moteid_interface
 .rodata        0x0000000000027fdc       0x1c obj_cooja/mtype238.a(pir-sensor.o)
                0x0000000000027fdc                pir_interface
                0x0000000000027fe8                pir_sensor
 .rodata        0x0000000000027ff8        0xe obj_cooja/mtype238.a(rs232.o)
                0x0000000000027ff8                rs232_interface
 *fill*         0x0000000000028006        0x2 
 .rodata        0x0000000000028008       0x24 obj_cooja/mtype238.a(vib-sensor.o)
                0x0000000000028008                vib_interface
                0x000000000002801c                vib_sensor
 .rodata        0x000000000002802c        0x8 obj_cooja/mtype238.a(clock.o)
                0x000000000002802c                clock_interface
 .rodata        0x0000000000028034        0x8 obj_cooja/mtype238.a(log.o)
                0x0000000000028034                simlog_interface
 .rodata        0x000000000002803c       0x2f obj_cooja/mtype238.a(cfs-cooja.o)
                0x000000000002803c                cfs_interface
 *fill*         0x000000000002806b       0x15 
 .rodata        0x0000000000028080      0x100 obj_cooja/mtype238.a(cooja-radio.o)
                0x0000000000028140                cooja_radio_driver
                0x0000000000028178                radio_interface
 .rodata        0x0000000000028180        0x8 obj_cooja/mtype238.a(eeprom.o)
                0x0000000000028180                eeprom_interface
 .rodata        0x0000000000028188        0x8 obj_cooja/mtype238.a(sensors.o)
 .rodata        0x0000000000028190      0x1fe obj_cooja/mtype238.a(dual_conf.o)
 .rodata        0x000000000002838e        0xf obj_cooja/mtype238.a(ctimer.o)
 .rodata        0x000000000002839d        0xc obj_cooja/mtype238.a(etimer.o)
 *fill*         0x00000000000283a9        0x3 
 .rodata        0x00000000000283ac       0x73 obj_cooja/mtype238.a(log_message.o)
 *fill*         0x000000000002841f        0x1 
 .rodata        0x0000000000028420       0x20 obj_cooja/mtype238.a(residual.o)
 .rodata        0x0000000000028440        0xe obj_cooja/mtype238.a(serial-line.o)
 *fill*         0x000000000002844e        0x2 
 .rodata        0x0000000000028450      0x900 obj_cooja/mtype238.a(sicslowpan.o)
                0x0000000000028529                unc_llconf
                0x000000000002852d                unc_ctxconf
                0x0000000000028531                unc_mxconf
                0x0000000000028535                llprefix
                0x0000000000028d44                sicslowpan_driver
 .rodata        0x0000000000028d50      0x13c obj_cooja/mtype238.a(uip6.o)
 .rodata        0x0000000000028e8c       0x49 obj_cooja/mtype238.a(tcpip.o)
 .rodata        0x0000000000028ed5       0x3e obj_cooja/mtype238.a(uip-debug.o)
 *fill*         0x0000000000028f13        0x1 
 .rodata        0x0000000000028f14        0x4 obj_cooja/mtype238.a(rpl-dag.o)
 .rodata        0x0000000000028f18       0x1c obj_cooja/mtype238.a(rpl-icmp6.o)
 .rodata        0x0000000000028f34       0x86 obj_cooja/mtype238.a(rpl-timers.o)
 *fill*         0x0000000000028fba        0x2 
 .rodata        0x0000000000028fbc        0xc obj_cooja/mtype238.a(framer-802154.o)
                0x0000000000028fbc                framer_802154
 .rodata        0x0000000000028fc8       0x24 obj_cooja/mtype238.a(nullmac.o)
                0x0000000000028fd0                nullmac_driver
 *fill*         0x0000000000028fec       0x14 
 .rodata        0x0000000000029000      0x2c0 obj_cooja/mtype238.a(cxmac.o)
                0x00000000000292a0                cxmac_driver
 .rodata        0x00000000000292c0        0x8 obj_cooja/mtype238.a(linkaddr.o)
                0x00000000000292c0                linkaddr_null
 .rodata        0x00000000000292c8       0x18 obj_cooja/mtype238.a(nullsec.o)
                0x00000000000292d0                nullsec_driver

.rodata1
 *(.rodata1)

.eh_frame_hdr   0x00000000000292e0     0x13fc
 *(.eh_frame_hdr)
 .eh_frame_hdr  0x00000000000292e0     0x13fc udp-client.co

.eh_frame       0x000000000002a6dc     0x5140
 *(.eh_frame)
 .eh_frame      0x000000000002a6dc       0x3c /usr/lib/gcc/i686-linux-gnu/4.8/../../../i386-linux-gnu/crti.o
                                         0x40 (size before relaxing)
 .eh_frame      0x000000000002a718       0xb4 udp-client.co
                                         0xcc (size before relaxing)
 .eh_frame      0x000000000002a7cc      0x148 obj_cooja/mtype238.o
                                        0x160 (size before relaxing)
 .eh_frame      0x000000000002a914       0x40 obj_cooja/mtype238.a(simEnvChange.o)
                                         0x58 (size before relaxing)
 .eh_frame      0x000000000002a954       0xc0 obj_cooja/mtype238.a(cooja_mt.o)
                                         0xd8 (size before relaxing)
 .eh_frame      0x000000000002aa14      0x120 obj_cooja/mtype238.a(cooja_mtarch.o)
                                        0x138 (size before relaxing)
 .eh_frame      0x000000000002ab34       0xc0 obj_cooja/mtype238.a(rtimer-arch.o)
                                         0xd8 (size before relaxing)
 .eh_frame      0x000000000002abf4      0x160 obj_cooja/mtype238.a(beep.o)
                                        0x178 (size before relaxing)
 .eh_frame      0x000000000002ad54       0xa0 obj_cooja/mtype238.a(button-sensor.o)
                                         0xb8 (size before relaxing)
 .eh_frame      0x000000000002adf4       0xa0 obj_cooja/mtype238.a(leds-arch.o)
                                         0xb8 (size before relaxing)
 .eh_frame      0x000000000002ae94       0x40 obj_cooja/mtype238.a(moteid.o)
                                         0x58 (size before relaxing)
 .eh_frame      0x000000000002aed4       0xa0 obj_cooja/mtype238.a(pir-sensor.o)
                                         0xb8 (size before relaxing)
 .eh_frame      0x000000000002af74      0x100 obj_cooja/mtype238.a(rs232.o)
                                        0x118 (size before relaxing)
 .eh_frame      0x000000000002b074       0xa0 obj_cooja/mtype238.a(vib-sensor.o)
                                         0xb8 (size before relaxing)
 .eh_frame      0x000000000002b114       0xc0 obj_cooja/mtype238.a(clock.o)
                                         0xd8 (size before relaxing)
 .eh_frame      0x000000000002b1d4      0x120 obj_cooja/mtype238.a(log.o)
                                        0x138 (size before relaxing)
 .eh_frame      0x000000000002b2f4      0x160 obj_cooja/mtype238.a(cfs-cooja.o)
                                        0x178 (size before relaxing)
 .eh_frame      0x000000000002b454      0x2e0 obj_cooja/mtype238.a(cooja-radio.o)
                                        0x2f8 (size before relaxing)
 .eh_frame      0x000000000002b734       0xa0 obj_cooja/mtype238.a(eeprom.o)
                                         0xb8 (size before relaxing)
 .eh_frame      0x000000000002b7d4       0x40 obj_cooja/mtype238.a(random.o)
                                         0x58 (size before relaxing)
 .eh_frame      0x000000000002b814       0xc0 obj_cooja/mtype238.a(sensors.o)
                                         0xd8 (size before relaxing)
 .eh_frame      0x000000000002b8d4      0x1a0 obj_cooja/mtype238.a(dual_conf.o)
                                        0x1b8 (size before relaxing)
 .eh_frame      0x000000000002ba74       0x40 obj_cooja/mtype238.a(autostart.o)
                                         0x58 (size before relaxing)
 .eh_frame      0x000000000002bab4      0x100 obj_cooja/mtype238.a(ctimer.o)
                                        0x118 (size before relaxing)
 .eh_frame      0x000000000002bbb4      0x1e0 obj_cooja/mtype238.a(etimer.o)
                                        0x1f8 (size before relaxing)
 .eh_frame      0x000000000002bd94       0x40 obj_cooja/mtype238.a(log_message.o)
                                         0x58 (size before relaxing)
 .eh_frame      0x000000000002bdd4      0x1c8 obj_cooja/mtype238.a(process.o)
                                        0x1e0 (size before relaxing)
 .eh_frame      0x000000000002bf9c       0x2c obj_cooja/mtype238.a(residual.o)
                                         0x44 (size before relaxing)
 .eh_frame      0x000000000002bfc8       0x60 obj_cooja/mtype238.a(rtimer.o)
                                         0x78 (size before relaxing)
 .eh_frame      0x000000000002c028       0xc4 obj_cooja/mtype238.a(stimer.o)
                                         0xdc (size before relaxing)
 .eh_frame      0x000000000002c0ec       0xa4 obj_cooja/mtype238.a(timer.o)
                                         0xbc (size before relaxing)
 .eh_frame      0x000000000002c190       0x60 obj_cooja/mtype238.a(serial-line.o)
                                         0x78 (size before relaxing)
 .eh_frame      0x000000000002c1f0      0x180 obj_cooja/mtype238.a(list.o)
                                        0x198 (size before relaxing)
 .eh_frame      0x000000000002c370       0xa0 obj_cooja/mtype238.a(ringbuf.o)
                                         0xb8 (size before relaxing)
 .eh_frame      0x000000000002c410      0x350 obj_cooja/mtype238.a(sicslowpan.o)
                                        0x368 (size before relaxing)
 .eh_frame      0x000000000002c760      0x180 obj_cooja/mtype238.a(uip-ds6-nbr.o)
                                        0x198 (size before relaxing)
 .eh_frame      0x000000000002c8e0      0x2a0 obj_cooja/mtype238.a(uip-ds6-route.o)
                                        0x2b8 (size before relaxing)
 .eh_frame      0x000000000002cb80      0x3c8 obj_cooja/mtype238.a(uip-ds6.o)
                                        0x3e0 (size before relaxing)
 .eh_frame      0x000000000002cf48      0x27c obj_cooja/mtype238.a(uip6.o)
                                        0x294 (size before relaxing)
 .eh_frame      0x000000000002d1c4      0x270 obj_cooja/mtype238.a(tcpip.o)
                                        0x288 (size before relaxing)
 .eh_frame      0x000000000002d434       0x48 obj_cooja/mtype238.a(uip-debug.o)
                                         0x60 (size before relaxing)
 .eh_frame      0x000000000002d47c       0xe0 obj_cooja/mtype238.a(uip-packetqueue)
                                         0xf8 (size before relaxing)
 .eh_frame      0x000000000002d55c       0x40 obj_cooja/mtype238.a(uip-udp-packet.)
                                         0x58 (size before relaxing)
 .eh_frame      0x000000000002d59c      0x76c obj_cooja/mtype238.a(rpl-dag.o)
                                        0x784 (size before relaxing)
 .eh_frame      0x000000000002dd08      0x10c obj_cooja/mtype238.a(rpl-ext-header.)
                                        0x124 (size before relaxing)
 .eh_frame      0x000000000002de14      0x2f8 obj_cooja/mtype238.a(rpl-icmp6.o)
                                        0x310 (size before relaxing)
 .eh_frame      0x000000000002e10c       0xe0 obj_cooja/mtype238.a(rpl-ltmax.o)
                                         0xf8 (size before relaxing)
 .eh_frame      0x000000000002e1ec      0x26c obj_cooja/mtype238.a(rpl-timers.o)
                                        0x284 (size before relaxing)
 .eh_frame      0x000000000002e458      0x148 obj_cooja/mtype238.a(rpl.o)
                                        0x160 (size before relaxing)
 .eh_frame      0x000000000002e5a0      0x108 obj_cooja/mtype238.a(framer-802154.o)
                                        0x120 (size before relaxing)
 .eh_frame      0x000000000002e6a8       0xc0 obj_cooja/mtype238.a(nullmac.o)
                                         0xd8 (size before relaxing)
 .eh_frame      0x000000000002e768      0x2c0 obj_cooja/mtype238.a(cxmac.o)
                                        0x2d8 (size before relaxing)
 .eh_frame      0x000000000002ea28       0x80 obj_cooja/mtype238.a(linkaddr.o)
                                         0x98 (size before relaxing)
 .eh_frame      0x000000000002eaa8      0x2cc obj_cooja/mtype238.a(nbr-table.o)
                                        0x2e4 (size before relaxing)
 .eh_frame      0x000000000002ed74       0x20 obj_cooja/mtype238.a(netstack.o)
                                         0x38 (size before relaxing)
 .eh_frame      0x000000000002ed94      0x214 obj_cooja/mtype238.a(packetbuf.o)
                                        0x22c (size before relaxing)
 .eh_frame      0x000000000002efa8      0x1a0 obj_cooja/mtype238.a(queuebuf.o)
                                        0x1b8 (size before relaxing)
 .eh_frame      0x000000000002f148       0x80 obj_cooja/mtype238.a(nullsec.o)
                                         0x98 (size before relaxing)
 .eh_frame      0x000000000002f1c8       0xa0 obj_cooja/mtype238.a(watchdog.o)
                                         0xb8 (size before relaxing)
 .eh_frame      0x000000000002f268      0x100 obj_cooja/mtype238.a(leds.o)
                                        0x118 (size before relaxing)
 .eh_frame      0x000000000002f368       0xa0 obj_cooja/mtype238.a(memb.o)
                                         0xb8 (size before relaxing)
 .eh_frame      0x000000000002f408      0x164 obj_cooja/mtype238.a(uip-icmp6.o)
                                        0x17c (size before relaxing)
 .eh_frame      0x000000000002f56c       0x68 obj_cooja/mtype238.a(uip-nd6.o)
                                         0x80 (size before relaxing)
 .eh_frame      0x000000000002f5d4       0xc0 obj_cooja/mtype238.a(rpl-nbr-policy.)
                                         0xd8 (size before relaxing)
 .eh_frame      0x000000000002f694      0x164 obj_cooja/mtype238.a(frame802154.o)
                                        0x17c (size before relaxing)
 .eh_frame      0x000000000002f7f8       0x20 obj_cooja/mtype238.a(mac.o)
                                         0x38 (size before relaxing)
 .eh_frame      0x000000000002f818        0x4 /usr/lib/gcc/i686-linux-gnu/4.8/crtendS.o

.gcc_except_table
 *(.gcc_except_table .gcc_except_table.*)

.exception_ranges
 *(.exception_ranges .exception_ranges*)
                0x000000000002f81c                . = (ALIGN (0x1000) - ((0x1000 - .) & 0xfff))
                0x0000000000030ef8                . = DATA_SEGMENT_ALIGN (0x1000, 0x1000)

.eh_frame
 *(.eh_frame)

.gcc_except_table
 *(.gcc_except_table .gcc_except_table.*)

.exception_ranges
 *(.exception_ranges .exception_ranges*)

.tdata
 *(.tdata .tdata.* .gnu.linkonce.td.*)

.tbss
 *(.tbss .tbss.* .gnu.linkonce.tb.*)
 *(.tcommon)

.preinit_array
 *(.preinit_array)

.init_array     0x0000000000030ef8        0x4
 *(SORT(.init_array.*) SORT(.ctors.*))
 *(.init_array EXCLUDE_FILE(*crtend?.o *crtend.o *crtbegin?.o *crtbegin.o) .ctors)
 .init_array    0x0000000000030ef8        0x4 /usr/lib/gcc/i686-linux-gnu/4.8/crtbeginS.o

.fini_array     0x0000000000030efc        0x4
 *(SORT(.fini_array.*) SORT(.dtors.*))
 *(.fini_array EXCLUDE_FILE(*crtend?.o *crtend.o *crtbegin?.o *crtbegin.o) .dtors)
 .fini_array    0x0000000000030efc        0x4 /usr/lib/gcc/i686-linux-gnu/4.8/crtbeginS.o

.ctors
 *crtbegin.o(.ctors)
 *crtbegin?.o(.ctors)
 *(EXCLUDE_FILE(*crtend?.o *crtend.o) .ctors)
 *(SORT(.ctors.*))
 *(.ctors)

.dtors
 *crtbegin.o(.dtors)
 *crtbegin?.o(.dtors)
 *(EXCLUDE_FILE(*crtend?.o *crtend.o) .dtors)
 *(SORT(.dtors.*))
 *(.dtors)

.jcr            0x0000000000030f00        0x4
 *(.jcr)
 .jcr           0x0000000000030f00        0x0 /usr/lib/gcc/i686-linux-gnu/4.8/crtbeginS.o
 .jcr           0x0000000000030f00        0x4 /usr/lib/gcc/i686-linux-gnu/4.8/crtendS.o

.data.rel.ro
 *(.data.rel.ro.local* .gnu.linkonce.d.rel.ro.local.*)
 *(.data.rel.ro .data.rel.ro.* .gnu.linkonce.d.rel.ro.*)

.dynamic        0x0000000000030f04       0xe8
 *(.dynamic)
 .dynamic       0x0000000000030f04       0xe8 /usr/lib/gcc/i686-linux-gnu/4.8/../../../i386-linux-gnu/crti.o
                0x0000000000030f04                _DYNAMIC

.got            0x0000000000030fec       0x14
 *(.got)
 .got           0x0000000000030fec       0x14 /usr/lib/gcc/i686-linux-gnu/4.8/../../../i386-linux-gnu/crti.o
 *(.igot)
                0x0000000000031ff4                . = DATA_SEGMENT_RELRO_END (., (SIZEOF (.got.plt) >= 0xc)?0xc:0x0)

.got.plt        0x0000000000031000       0x14
 *(.got.plt)
 .got.plt       0x0000000000031000       0x14 /usr/lib/gcc/i686-linux-gnu/4.8/../../../i386-linux-gnu/crti.o
                0x0000000000031000                _GLOBAL_OFFSET_TABLE_
 *(.igot.plt)

.data           0x0000000000031020      0x29a
 *(.data .data.* .gnu.linkonce.d.*)
 .data          0x0000000000031020        0x0 /usr/lib/gcc/i686-linux-gnu/4.8/../../../i386-linux-gnu/crti.o
 .data          0x0000000000031020        0x0 /usr/lib/gcc/i686-linux-gnu/4.8/crtbeginS.o
 .data.rel      0x0000000000031020        0x4 /usr/lib/gcc/i686-linux-gnu/4.8/crtbeginS.o
                0x0000000000031020                __dso_handle
 .data          0x0000000000031024       0x10 udp-client.co
                0x0000000000031024                udp_client_process
 *fill*         0x0000000000031034        0xc 
 .data          0x0000000000031040       0x44 obj_cooja/mtype238.o
                0x0000000000031040                simInterfaces
                0x0000000000031074                sensors
 .data          0x0000000000031084        0x0 obj_cooja/mtype238.a(simEnvChange.o)
 .data          0x0000000000031084        0x0 obj_cooja/mtype238.a(cooja_mt.o)
 .data          0x0000000000031084        0x0 obj_cooja/mtype238.a(cooja_mtarch.o)
 .data          0x0000000000031084        0x0 obj_cooja/mtype238.a(rtimer-arch.o)
 .data          0x0000000000031084        0x0 obj_cooja/mtype238.a(beep.o)
 .data          0x0000000000031084        0x0 obj_cooja/mtype238.a(button-sensor.o)
 .data          0x0000000000031084        0x0 obj_cooja/mtype238.a(leds-arch.o)
 .data          0x0000000000031084        0x0 obj_cooja/mtype238.a(moteid.o)
 .data          0x0000000000031084        0x0 obj_cooja/mtype238.a(pir-sensor.o)
 .data          0x0000000000031084        0x0 obj_cooja/mtype238.a(rs232.o)
 .data          0x0000000000031084        0x0 obj_cooja/mtype238.a(vib-sensor.o)
 .data          0x0000000000031084        0x0 obj_cooja/mtype238.a(clock.o)
 .data          0x0000000000031084        0x0 obj_cooja/mtype238.a(log.o)
 .data          0x0000000000031084        0x0 obj_cooja/mtype238.a(cfs-cooja.o)
 .data          0x0000000000031084       0x40 obj_cooja/mtype238.a(cooja-radio.o)
                0x0000000000031084                simRadioChannelLR
                0x0000000000031088                simRadioHWOnLR
                0x000000000003108c                simSignalStrengthLR
                0x0000000000031090                simLastSignalStrengthLR
                0x0000000000031094                simPowerLR
                0x0000000000031098                simLQILR
                0x000000000003109c                simRadioChannel
                0x00000000000310a0                simRadioHWOn
                0x00000000000310a4                simSignalStrength
                0x00000000000310a8                simLastSignalStrength
                0x00000000000310ac                simPower
                0x00000000000310b0                simLQI
                0x00000000000310b4                cooja_radio_process
 .data          0x00000000000310c4        0x0 obj_cooja/mtype238.a(eeprom.o)
 .data          0x00000000000310c4        0x0 obj_cooja/mtype238.a(random.o)
 .data          0x00000000000310c4       0x10 obj_cooja/mtype238.a(sensors.o)
                0x00000000000310c4                sensors_process
 .data          0x00000000000310d4       0x3a obj_cooja/mtype238.a(dual_conf.o)
                0x00000000000310d4                radio_received
                0x00000000000310d8                dual_dio_broadcast
                0x00000000000310e8                dual_dis_broadcast
                0x00000000000310f8                dual_LSA_converge_broadcast
 .data          0x000000000003110e        0x0 obj_cooja/mtype238.a(autostart.o)
 *fill*         0x000000000003110e        0x2 
 .data          0x0000000000031110       0x14 obj_cooja/mtype238.a(ctimer.o)
                0x0000000000031114                ctimer_process
 .data          0x0000000000031124       0x10 obj_cooja/mtype238.a(etimer.o)
                0x0000000000031124                etimer_process
 .data          0x0000000000031134        0x0 obj_cooja/mtype238.a(log_message.o)
 .data          0x0000000000031134        0x0 obj_cooja/mtype238.a(process.o)
 .data          0x0000000000031134        0x0 obj_cooja/mtype238.a(residual.o)
 .data          0x0000000000031134        0x0 obj_cooja/mtype238.a(rtimer.o)
 .data          0x0000000000031134        0x0 obj_cooja/mtype238.a(stimer.o)
 .data          0x0000000000031134        0x0 obj_cooja/mtype238.a(timer.o)
 .data          0x0000000000031134       0x10 obj_cooja/mtype238.a(serial-line.o)
                0x0000000000031134                serial_line_process
 .data          0x0000000000031144        0x0 obj_cooja/mtype238.a(list.o)
 .data          0x0000000000031144        0x0 obj_cooja/mtype238.a(ringbuf.o)
 .data          0x0000000000031144        0x0 obj_cooja/mtype238.a(sicslowpan.o)
 .data          0x0000000000031144       0x14 obj_cooja/mtype238.a(uip-ds6-nbr.o)
                0x0000000000031154                ds6_neighbors
 .data          0x0000000000031158       0x44 obj_cooja/mtype238.a(uip-ds6-route.o)
                0x0000000000031168                nbr_routes
 .data          0x000000000003119c        0x0 obj_cooja/mtype238.a(uip-ds6.o)
 .data          0x000000000003119c        0x0 obj_cooja/mtype238.a(uip6.o)
 .data          0x000000000003119c       0x10 obj_cooja/mtype238.a(tcpip.o)
                0x000000000003119c                tcpip_process
 .data          0x00000000000311ac        0x0 obj_cooja/mtype238.a(uip-debug.o)
 .data          0x00000000000311ac        0xc obj_cooja/mtype238.a(uip-packetqueue)
 .data          0x00000000000311b8        0x0 obj_cooja/mtype238.a(uip-udp-packet.)
 .data          0x00000000000311b8       0x28 obj_cooja/mtype238.a(rpl-dag.o)
                0x00000000000311c8                rpl_parents
                0x00000000000311dc                rpl_children
 .data          0x00000000000311e0        0x0 obj_cooja/mtype238.a(rpl-ext-header.)
 .data          0x00000000000311e0       0x40 obj_cooja/mtype238.a(rpl-icmp6.o)
 .data          0x0000000000031220       0x1c obj_cooja/mtype238.a(rpl-ltmax.o)
                0x0000000000031220                rpl_ltmax_of
 .data          0x000000000003123c        0x0 obj_cooja/mtype238.a(rpl-timers.o)
 .data          0x000000000003123c        0x0 obj_cooja/mtype238.a(rpl.o)
 .data          0x000000000003123c        0x0 obj_cooja/mtype238.a(framer-802154.o)
 .data          0x000000000003123c        0x0 obj_cooja/mtype238.a(nullmac.o)
 .data          0x000000000003123c       0x30 obj_cooja/mtype238.a(cxmac.o)
                0x000000000003123c                cxmac_config
                0x000000000003124c                strobe_wait
 .data          0x000000000003126c        0x0 obj_cooja/mtype238.a(linkaddr.o)
 .data          0x000000000003126c       0x10 obj_cooja/mtype238.a(nbr-table.o)
 .data          0x000000000003127c        0x0 obj_cooja/mtype238.a(netstack.o)
 .data          0x000000000003127c        0x4 obj_cooja/mtype238.a(packetbuf.o)
 .data          0x0000000000031280       0x18 obj_cooja/mtype238.a(queuebuf.o)
 .data          0x0000000000031298        0x0 obj_cooja/mtype238.a(nullsec.o)
 .data          0x0000000000031298        0x0 obj_cooja/mtype238.a(watchdog.o)
 .data          0x0000000000031298        0x0 obj_cooja/mtype238.a(rimestats.o)
 .data          0x0000000000031298        0x0 obj_cooja/mtype238.a(leds.o)
 .data          0x0000000000031298        0x0 obj_cooja/mtype238.a(memb.o)
 .data          0x0000000000031298       0x20 obj_cooja/mtype238.a(uip-icmp6.o)
 .data          0x00000000000312b8        0x0 obj_cooja/mtype238.a(uip-nd6.o)
 .data          0x00000000000312b8        0x0 obj_cooja/mtype238.a(rpl-nbr-policy.)
 .data          0x00000000000312b8        0x2 obj_cooja/mtype238.a(frame802154.o)
 .data          0x00000000000312ba        0x0 obj_cooja/mtype238.a(mac.o)
 .data          0x00000000000312ba        0x0 /usr/lib/gcc/i686-linux-gnu/4.8/crtendS.o
 .data          0x00000000000312ba        0x0 /usr/lib/gcc/i686-linux-gnu/4.8/../../../i386-linux-gnu/crtn.o

.tm_clone_table
                0x00000000000312bc        0x0
 .tm_clone_table
                0x00000000000312bc        0x0 /usr/lib/gcc/i686-linux-gnu/4.8/crtbeginS.o
 .tm_clone_table
                0x00000000000312bc        0x0 /usr/lib/gcc/i686-linux-gnu/4.8/crtendS.o

.data1
 *(.data1)
                0x00000000000312bc                _edata = .
                0x00000000000312bc                PROVIDE (edata, .)
                0x00000000000312bc                . = .
                0x00000000000312bc                __bss_start = .

.bss            0x00000000000312c0     0x8368
 *(.dynbss)
 .dynbss        0x0000000000000000        0x0 /usr/lib/gcc/i686-linux-gnu/4.8/../../../i386-linux-gnu/crti.o
 *(.bss .bss.* .gnu.linkonce.b.*)
 .bss           0x00000000000312c0        0x0 /usr/lib/gcc/i686-linux-gnu/4.8/../../../i386-linux-gnu/crti.o
 .bss           0x00000000000312c0        0x1 /usr/lib/gcc/i686-linux-gnu/4.8/crtbeginS.o
 *fill*         0x00000000000312c1       0x1f 
 .bss           0x00000000000312e0       0x60 udp-client.co
                0x00000000000312e0                my_weight
 .bss           0x0000000000031340     0x2030 obj_cooja/mtype238.o
 .bss           0x0000000000033370        0x1 obj_cooja/mtype238.a(simEnvChange.o)
                0x0000000000033370                simDontFallAsleep
 *fill*         0x0000000000033371        0x3 
 .bss           0x0000000000033374        0x4 obj_cooja/mtype238.a(cooja_mt.o)
 .bss           0x0000000000033378        0x4 obj_cooja/mtype238.a(cooja_mtarch.o)
 .bss           0x000000000003337c        0xc obj_cooja/mtype238.a(rtimer-arch.o)
 .bss           0x0000000000033388        0x0 obj_cooja/mtype238.a(beep.o)
 .bss           0x0000000000033388        0x8 obj_cooja/mtype238.a(button-sensor.o)
 .bss           0x0000000000033390        0x0 obj_cooja/mtype238.a(leds-arch.o)
 .bss           0x0000000000033390        0x0 obj_cooja/mtype238.a(moteid.o)
 .bss           0x0000000000033390        0x1 obj_cooja/mtype238.a(pir-sensor.o)
                0x0000000000033390                simPirValue
 *fill*         0x0000000000033391        0x3 
 .bss           0x0000000000033394        0x4 obj_cooja/mtype238.a(rs232.o)
 .bss           0x0000000000033398        0x1 obj_cooja/mtype238.a(vib-sensor.o)
                0x0000000000033398                simVibValue
 .bss           0x0000000000033399        0x0 obj_cooja/mtype238.a(clock.o)
 *fill*         0x0000000000033399        0x7 
 .bss           0x00000000000333a0      0x420 obj_cooja/mtype238.a(log.o)
 .bss           0x00000000000337c0      0xfc0 obj_cooja/mtype238.a(cfs-cooja.o)
                0x00000000000337c0                simCFSData
                0x0000000000034760                simCFSSize
                0x0000000000034764                simCFSChanged
                0x0000000000034768                simCFSRead
                0x000000000003476c                simCFSWritten
 .bss           0x0000000000034780       0x24 obj_cooja/mtype238.a(cooja-radio.o)
                0x0000000000034780                simReceivingLR
                0x0000000000034784                simInSizeLR
                0x0000000000034788                simOutSizeLR
                0x000000000003478c                simReceiving
                0x0000000000034790                simInSize
                0x0000000000034794                simOutSize
                0x0000000000034798                LongRangeTransmit
                0x000000000003479c                LongRangeReceiving
 .bss           0x00000000000347a4        0xc obj_cooja/mtype238.a(eeprom.o)
                0x00000000000347a4                simEEPROMChanged
                0x00000000000347a8                simEEPROMRead
                0x00000000000347ac                simEEPROMWritten
 .bss           0x00000000000347b0        0x0 obj_cooja/mtype238.a(random.o)
 .bss           0x00000000000347b0        0xc obj_cooja/mtype238.a(sensors.o)
 .bss           0x00000000000347bc       0x3c obj_cooja/mtype238.a(dual_conf.o)
                0x00000000000347bc                long_range_radio
 .bss           0x00000000000347f8        0x0 obj_cooja/mtype238.a(autostart.o)
 .bss           0x00000000000347f8        0x5 obj_cooja/mtype238.a(ctimer.o)
 *fill*         0x00000000000347fd        0x3 
 .bss           0x0000000000034800        0x8 obj_cooja/mtype238.a(etimer.o)
 .bss           0x0000000000034808        0x0 obj_cooja/mtype238.a(log_message.o)
 *fill*         0x0000000000034808       0x18 
 .bss           0x0000000000034820      0x1b1 obj_cooja/mtype238.a(process.o)
                0x0000000000034820                process_list
                0x0000000000034824                process_current
 .bss           0x00000000000349d1        0x0 obj_cooja/mtype238.a(residual.o)
 *fill*         0x00000000000349d1        0x3 
 .bss           0x00000000000349d4        0x4 obj_cooja/mtype238.a(rtimer.o)
 .bss           0x00000000000349d8        0x0 obj_cooja/mtype238.a(stimer.o)
 .bss           0x00000000000349d8        0x0 obj_cooja/mtype238.a(timer.o)
 *fill*         0x00000000000349d8        0x8 
 .bss           0x00000000000349e0      0x140 obj_cooja/mtype238.a(serial-line.o)
 .bss           0x0000000000034b20        0x0 obj_cooja/mtype238.a(list.o)
 .bss           0x0000000000034b20        0x0 obj_cooja/mtype238.a(ringbuf.o)
 .bss           0x0000000000034b20      0x70c obj_cooja/mtype238.a(sicslowpan.o)
 *fill*         0x000000000003522c       0x14 
 .bss           0x0000000000035240       0xc0 obj_cooja/mtype238.a(uip-ds6-nbr.o)
 .bss           0x0000000000035300      0x4a8 obj_cooja/mtype238.a(uip-ds6-route.o)
 .bss           0x00000000000357a8       0x30 obj_cooja/mtype238.a(uip-ds6.o)
 .bss           0x00000000000357d8        0xe obj_cooja/mtype238.a(uip6.o)
                0x00000000000357d8                uip_ext_bitmap
                0x00000000000357d9                uip_ext_len
                0x00000000000357da                uip_ext_opt_offset
 *fill*         0x00000000000357e6       0x1a 
 .bss           0x0000000000035800       0x6b obj_cooja/mtype238.a(tcpip.o)
 .bss           0x000000000003586b        0x0 obj_cooja/mtype238.a(uip-debug.o)
 *fill*         0x000000000003586b       0x15 
 .bss           0x0000000000035880      0xcf8 obj_cooja/mtype238.a(uip-packetqueue)
 .bss           0x0000000000036578        0x0 obj_cooja/mtype238.a(uip-udp-packet.)
 *fill*         0x0000000000036578        0x8 
 .bss           0x0000000000036580       0x88 obj_cooja/mtype238.a(rpl-dag.o)
 .bss           0x0000000000036608        0x0 obj_cooja/mtype238.a(rpl-ext-header.)
 .bss           0x0000000000036608        0x0 obj_cooja/mtype238.a(rpl-icmp6.o)
 .bss           0x0000000000036608        0x0 obj_cooja/mtype238.a(rpl-ltmax.o)
 *fill*         0x0000000000036608       0x18 
 .bss           0x0000000000036620       0x60 obj_cooja/mtype238.a(rpl-timers.o)
 .bss           0x0000000000036680        0x4 obj_cooja/mtype238.a(rpl.o)
 .bss           0x0000000000036684        0x2 obj_cooja/mtype238.a(framer-802154.o)
 .bss           0x0000000000036686        0x0 obj_cooja/mtype238.a(nullmac.o)
 *fill*         0x0000000000036686       0x1a 
 .bss           0x00000000000366a0       0xb0 obj_cooja/mtype238.a(cxmac.o)
 .bss           0x0000000000036750        0x0 obj_cooja/mtype238.a(linkaddr.o)
 *fill*         0x0000000000036750       0x10 
 .bss           0x0000000000036760       0xc4 obj_cooja/mtype238.a(nbr-table.o)
 .bss           0x0000000000036824        0x0 obj_cooja/mtype238.a(netstack.o)
 *fill*         0x0000000000036824       0x1c 
 .bss           0x0000000000036840       0xa0 obj_cooja/mtype238.a(packetbuf.o)
 .bss           0x00000000000368e0      0xb80 obj_cooja/mtype238.a(queuebuf.o)
 .bss           0x0000000000037460        0x0 obj_cooja/mtype238.a(nullsec.o)
 .bss           0x0000000000037460        0x0 obj_cooja/mtype238.a(watchdog.o)
 .bss           0x0000000000037460        0x0 obj_cooja/mtype238.a(rimestats.o)
 .bss           0x0000000000037460        0x1 obj_cooja/mtype238.a(leds.o)
 .bss           0x0000000000037461        0x0 obj_cooja/mtype238.a(memb.o)
 *fill*         0x0000000000037461        0x3 
 .bss           0x0000000000037464       0x18 obj_cooja/mtype238.a(uip-icmp6.o)
 .bss           0x000000000003747c        0x0 obj_cooja/mtype238.a(uip-nd6.o)
 *fill*         0x000000000003747c        0x4 
 .bss           0x0000000000037480       0x44 obj_cooja/mtype238.a(rpl-nbr-policy.)
 .bss           0x00000000000374c4        0x0 obj_cooja/mtype238.a(frame802154.o)
 .bss           0x00000000000374c4        0x0 obj_cooja/mtype238.a(mac.o)
 .bss           0x00000000000374c4        0x0 /usr/lib/gcc/i686-linux-gnu/4.8/crtendS.o
 .bss           0x00000000000374c4        0x0 /usr/lib/gcc/i686-linux-gnu/4.8/../../../i386-linux-gnu/crtn.o
 *(COMMON)
 COMMON         0x00000000000374c4       0x4c udp-client.co
                0x00000000000374c4                dio_count
                0x00000000000374c8                dis_count
                0x00000000000374cc                collision_count
                0x00000000000374d0                transmission_count
                0x00000000000374d4                COOJA_radioRxLong
                0x00000000000374d8                control_message_count
                0x00000000000374dc                dao_count
                0x00000000000374e0                COOJA_radioTx
                0x00000000000374e4                LSA_SR_preamble
                0x00000000000374e8                data_relay_count
                0x00000000000374ec                data_message_count
                0x00000000000374f0                LSA_converge
                0x00000000000374f1                my_sink_reachability
                0x00000000000374f4                COOJA_radioTxLong
                0x00000000000374f8                COOJA_radioRx
                0x00000000000374fc                my_parent_number
                0x0000000000037500                COOJA_radioOn
                0x0000000000037504                COOJA_duration
                0x0000000000037508                dio_ack_count
                0x000000000003750c                COOJA_radioOnLong
 COMMON         0x0000000000037510        0xc obj_cooja/mtype238.o
                0x0000000000037510                referenceVar
                0x0000000000037514                debugfp
                0x0000000000037518                sensors_flags
 COMMON         0x000000000003751c        0xc obj_cooja/mtype238.a(simEnvChange.o)
                0x000000000003751c                simEtimerPending
                0x0000000000037520                simProcessRunValue
                0x0000000000037524                simNextExpirationTime
 COMMON         0x0000000000037528        0x1 obj_cooja/mtype238.a(beep.o)
                0x0000000000037528                simBeeped
 COMMON         0x0000000000037529        0x3 obj_cooja/mtype238.a(button-sensor.o)
                0x0000000000037529                simButtonIsActive
                0x000000000003752a                simButtonIsDown
                0x000000000003752b                simButtonChanged
 COMMON         0x000000000003752c        0x1 obj_cooja/mtype238.a(leds-arch.o)
                0x000000000003752c                simLedsValue
 *fill*         0x000000000003752d        0x3 
 COMMON         0x0000000000037530        0xc obj_cooja/mtype238.a(moteid.o)
                0x0000000000037530                simRandomSeed
                0x0000000000037534                simMoteIDChanged
                0x0000000000037538                simMoteID
 COMMON         0x000000000003753c        0x2 obj_cooja/mtype238.a(pir-sensor.o)
                0x000000000003753c                simPirIsActive
                0x000000000003753d                simPirChanged
 *fill*         0x000000000003753e        0x2 
 COMMON         0x0000000000037540      0x820 obj_cooja/mtype238.a(rs232.o)
                0x0000000000037540                simSerialReceivingFlag
                0x0000000000037544                simSerialReceivingLength
                0x0000000000037560                simSerialReceivingData
 COMMON         0x0000000000037d60        0x2 obj_cooja/mtype238.a(vib-sensor.o)
                0x0000000000037d60                simVibChanged
                0x0000000000037d61                simVibIsActive
 *fill*         0x0000000000037d62        0x2 
 COMMON         0x0000000000037d64        0x4 obj_cooja/mtype238.a(clock.o)
                0x0000000000037d64                simCurrentTime
 *fill*         0x0000000000037d68       0x18 
 COMMON         0x0000000000037d80      0x420 obj_cooja/mtype238.a(log.o)
                0x0000000000037d80                simLoggedLength
                0x0000000000037d84                simLoggedFlag
                0x0000000000037da0                simLoggedData
 COMMON         0x00000000000381a0      0x240 obj_cooja/mtype238.a(cooja-radio.o)
                0x00000000000381a0                simOutDataBuffer
                0x0000000000038220                simRadioTarget
                0x0000000000038240                simInDataBufferLR
                0x00000000000382c0                simOutDataBufferLR
                0x0000000000038340                dual_duty_cycle_count
                0x0000000000038360                simInDataBuffer
 COMMON         0x00000000000383e0      0x400 obj_cooja/mtype238.a(eeprom.o)
                0x00000000000383e0                simEEPROMData
 COMMON         0x00000000000387e0        0x1 obj_cooja/mtype238.a(sensors.o)
                0x00000000000387e0                sensors_event
 *fill*         0x00000000000387e1        0x3 
 COMMON         0x00000000000387e4        0x4 obj_cooja/mtype238.a(log_message.o)
                0x00000000000387e4                log_fp
 COMMON         0x00000000000387e8        0x1 obj_cooja/mtype238.a(serial-line.o)
                0x00000000000387e8                serial_line_event_message
 COMMON         0x00000000000387e9        0x1 obj_cooja/mtype238.a(sicslowpan.o)
                0x00000000000387e9                p
 *fill*         0x00000000000387ea       0x16 
 COMMON         0x0000000000038800       0x50 obj_cooja/mtype238.a(uip-ds6-nbr.o)
                0x0000000000038800                ds6_lr_addrmap
 *fill*         0x0000000000038850       0x10 
 COMMON         0x0000000000038860      0x298 obj_cooja/mtype238.a(uip-ds6.o)
                0x0000000000038860                uip_ds6_prefix_list
                0x00000000000388c0                uip_ds6_timer_periodic
                0x00000000000388d0                uip_ds6_netif_addr_list_offset
                0x00000000000388e0                uip_ds6_if
                0x00000000000389d8                uip_ds6_timer_ra
                0x00000000000389e0                uip_ds6_addr_size
                0x0000000000038a00                long_uip_ds6_if
 *fill*         0x0000000000038af8        0x8 
 COMMON         0x0000000000038b00      0x8ec obj_cooja/mtype238.a(uip6.o)
                0x0000000000038b00                uip_slen
                0x0000000000038b02                uip_acc32
                0x0000000000038b20                uip_conns
                0x0000000000038be0                uip_lladdr
                0x0000000000038be8                uip_appdata
                0x0000000000038bec                uip_flags
                0x0000000000038c00                uip_aligned_buf
                0x0000000000039240                uip_listenports
                0x0000000000039250                uip_len
                0x0000000000039252                uip_long_lladdr
                0x000000000003925c                uip_sappdata
                0x0000000000039260                uip_udp_conns
                0x00000000000393e0                uip_udp_conn
                0x00000000000393e4                uip_next_hdr
                0x00000000000393e8                uip_conn
 COMMON         0x00000000000393ec        0x1 obj_cooja/mtype238.a(tcpip.o)
                0x00000000000393ec                tcpip_event
 *fill*         0x00000000000393ed       0x13 
 COMMON         0x0000000000039400      0x198 obj_cooja/mtype238.a(rpl-dag.o)
                0x0000000000039400                default_instance
                0x0000000000039420                instance_table
 COMMON         0x0000000000039598       0x10 obj_cooja/mtype238.a(linkaddr.o)
                0x0000000000039598                linkaddr_node_addr
                0x00000000000395a0                long_linkaddr_node_addr
 COMMON         0x00000000000395a8       0x2e obj_cooja/mtype238.a(packetbuf.o)
                0x00000000000395a8                packetbuf_attrs
                0x00000000000395c6                packetbuf_addrs
 *fill*         0x00000000000395d6        0xa 
 COMMON         0x00000000000395e0       0x48 obj_cooja/mtype238.a(rimestats.o)
                0x00000000000395e0                rimestats
                0x0000000000039628                . = ALIGN ((. != 0x0)?0x4:0x1)
                0x0000000000039628                . = ALIGN (0x4)
                0x0000000000039628                . = SEGMENT_START ("ldata-segment", .)
                0x0000000000039628                . = ALIGN (0x4)
                0x0000000000039628                _end = .
                0x0000000000039628                PROVIDE (end, .)
                0x0000000000039628                . = DATA_SEGMENT_END (.)

.stab
 *(.stab)

.stabstr
 *(.stabstr)

.stab.excl
 *(.stab.excl)

.stab.exclstr
 *(.stab.exclstr)

.stab.index
 *(.stab.index)

.stab.indexstr
 *(.stab.indexstr)

.comment        0x0000000000000000       0x29
 *(.comment)
 .comment       0x0000000000000000       0x29 /usr/lib/gcc/i686-linux-gnu/4.8/crtbeginS.o
                                         0x2a (size before relaxing)
 .comment       0x0000000000000000       0x2a udp-client.co
 .comment       0x0000000000000000       0x2a obj_cooja/mtype238.o
 .comment       0x0000000000000000       0x2a obj_cooja/mtype238.a(simEnvChange.o)
 .comment       0x0000000000000000       0x2a obj_cooja/mtype238.a(cooja_mt.o)
 .comment       0x0000000000000000       0x2a obj_cooja/mtype238.a(cooja_mtarch.o)
 .comment       0x0000000000000000       0x2a obj_cooja/mtype238.a(rtimer-arch.o)
 .comment       0x0000000000000000       0x2a obj_cooja/mtype238.a(beep.o)
 .comment       0x0000000000000000       0x2a obj_cooja/mtype238.a(button-sensor.o)
 .comment       0x0000000000000000       0x2a obj_cooja/mtype238.a(leds-arch.o)
 .comment       0x0000000000000000       0x2a obj_cooja/mtype238.a(moteid.o)
 .comment       0x0000000000000000       0x2a obj_cooja/mtype238.a(pir-sensor.o)
 .comment       0x0000000000000000       0x2a obj_cooja/mtype238.a(rs232.o)
 .comment       0x0000000000000000       0x2a obj_cooja/mtype238.a(vib-sensor.o)
 .comment       0x0000000000000000       0x2a obj_cooja/mtype238.a(clock.o)
 .comment       0x0000000000000000       0x2a obj_cooja/mtype238.a(log.o)
 .comment       0x0000000000000000       0x2a obj_cooja/mtype238.a(cfs-cooja.o)
 .comment       0x0000000000000000       0x2a obj_cooja/mtype238.a(cooja-radio.o)
 .comment       0x0000000000000000       0x2a obj_cooja/mtype238.a(eeprom.o)
 .comment       0x0000000000000000       0x2a obj_cooja/mtype238.a(random.o)
 .comment       0x0000000000000000       0x2a obj_cooja/mtype238.a(sensors.o)
 .comment       0x0000000000000000       0x2a obj_cooja/mtype238.a(dual_conf.o)
 .comment       0x0000000000000000       0x2a obj_cooja/mtype238.a(autostart.o)
 .comment       0x0000000000000000       0x2a obj_cooja/mtype238.a(ctimer.o)
 .comment       0x0000000000000000       0x2a obj_cooja/mtype238.a(etimer.o)
 .comment       0x0000000000000000       0x2a obj_cooja/mtype238.a(log_message.o)
 .comment       0x0000000000000000       0x2a obj_cooja/mtype238.a(process.o)
 .comment       0x0000000000000000       0x2a obj_cooja/mtype238.a(residual.o)
 .comment       0x0000000000000000       0x2a obj_cooja/mtype238.a(rtimer.o)
 .comment       0x0000000000000000       0x2a obj_cooja/mtype238.a(stimer.o)
 .comment       0x0000000000000000       0x2a obj_cooja/mtype238.a(timer.o)
 .comment       0x0000000000000000       0x2a obj_cooja/mtype238.a(serial-line.o)
 .comment       0x0000000000000000       0x2a obj_cooja/mtype238.a(list.o)
 .comment       0x0000000000000000       0x2a obj_cooja/mtype238.a(ringbuf.o)
 .comment       0x0000000000000000       0x2a obj_cooja/mtype238.a(sicslowpan.o)
 .comment       0x0000000000000000       0x2a obj_cooja/mtype238.a(uip-ds6-nbr.o)
 .comment       0x0000000000000000       0x2a obj_cooja/mtype238.a(uip-ds6-route.o)
 .comment       0x0000000000000000       0x2a obj_cooja/mtype238.a(uip-ds6.o)
 .comment       0x0000000000000000       0x2a obj_cooja/mtype238.a(uip6.o)
 .comment       0x0000000000000000       0x2a obj_cooja/mtype238.a(tcpip.o)
 .comment       0x0000000000000000       0x2a obj_cooja/mtype238.a(uip-debug.o)
 .comment       0x0000000000000000       0x2a obj_cooja/mtype238.a(uip-packetqueue)
 .comment       0x0000000000000000       0x2a obj_cooja/mtype238.a(uip-udp-packet.)
 .comment       0x0000000000000000       0x2a obj_cooja/mtype238.a(rpl-dag.o)
 .comment       0x0000000000000000       0x2a obj_cooja/mtype238.a(rpl-ext-header.)
 .comment       0x0000000000000000       0x2a obj_cooja/mtype238.a(rpl-icmp6.o)
 .comment       0x0000000000000000       0x2a obj_cooja/mtype238.a(rpl-ltmax.o)
 .comment       0x0000000000000000       0x2a obj_cooja/mtype238.a(rpl-timers.o)
 .comment       0x0000000000000000       0x2a obj_cooja/mtype238.a(rpl.o)
 .comment       0x0000000000000000       0x2a obj_cooja/mtype238.a(framer-802154.o)
 .comment       0x0000000000000000       0x2a obj_cooja/mtype238.a(nullmac.o)
 .comment       0x0000000000000000       0x2a obj_cooja/mtype238.a(cxmac.o)
 .comment       0x0000000000000000       0x2a obj_cooja/mtype238.a(linkaddr.o)
 .comment       0x0000000000000000       0x2a obj_cooja/mtype238.a(nbr-table.o)
 .comment       0x0000000000000000       0x2a obj_cooja/mtype238.a(netstack.o)
 .comment       0x0000000000000000       0x2a obj_cooja/mtype238.a(packetbuf.o)
 .comment       0x0000000000000000       0x2a obj_cooja/mtype238.a(queuebuf.o)
 .comment       0x0000000000000000       0x2a obj_cooja/mtype238.a(nullsec.o)
 .comment       0x0000000000000000       0x2a obj_cooja/mtype238.a(watchdog.o)
 .comment       0x0000000000000000       0x2a obj_cooja/mtype238.a(rimestats.o)
 .comment       0x0000000000000000       0x2a obj_cooja/mtype238.a(leds.o)
 .comment       0x0000000000000000       0x2a obj_cooja/mtype238.a(memb.o)
 .comment       0x0000000000000000       0x2a obj_cooja/mtype238.a(uip-icmp6.o)
 .comment       0x0000000000000000       0x2a obj_cooja/mtype238.a(uip-nd6.o)
 .comment       0x0000000000000000       0x2a obj_cooja/mtype238.a(rpl-nbr-policy.)
 .comment       0x0000000000000000       0x2a obj_cooja/mtype238.a(frame802154.o)
 .comment       0x0000000000000000       0x2a obj_cooja/mtype238.a(mac.o)
 .comment       0x0000000000000000       0x2a /usr/lib/gcc/i686-linux-gnu/4.8/crtendS.o

.debug
 *(.debug)

.line
 *(.line)

.debug_srcinfo
 *(.debug_srcinfo)

.debug_sfnames
 *(.debug_sfnames)

.debug_aranges  0x0000000000000000      0x838
 *(.debug_aranges)
 .debug_aranges
                0x0000000000000000       0x20 udp-client.co
 .debug_aranges
                0x0000000000000020       0x20 obj_cooja/mtype238.o
 .debug_aranges
                0x0000000000000040       0x20 obj_cooja/mtype238.a(simEnvChange.o)
 .debug_aranges
                0x0000000000000060       0x20 obj_cooja/mtype238.a(cooja_mt.o)
 .debug_aranges
                0x0000000000000080       0x20 obj_cooja/mtype238.a(cooja_mtarch.o)
 .debug_aranges
                0x00000000000000a0       0x20 obj_cooja/mtype238.a(rtimer-arch.o)
 .debug_aranges
                0x00000000000000c0       0x20 obj_cooja/mtype238.a(beep.o)
 .debug_aranges
                0x00000000000000e0       0x20 obj_cooja/mtype238.a(button-sensor.o)
 .debug_aranges
                0x0000000000000100       0x20 obj_cooja/mtype238.a(leds-arch.o)
 .debug_aranges
                0x0000000000000120       0x20 obj_cooja/mtype238.a(moteid.o)
 .debug_aranges
                0x0000000000000140       0x20 obj_cooja/mtype238.a(pir-sensor.o)
 .debug_aranges
                0x0000000000000160       0x20 obj_cooja/mtype238.a(rs232.o)
 .debug_aranges
                0x0000000000000180       0x20 obj_cooja/mtype238.a(vib-sensor.o)
 .debug_aranges
                0x00000000000001a0       0x20 obj_cooja/mtype238.a(clock.o)
 .debug_aranges
                0x00000000000001c0       0x20 obj_cooja/mtype238.a(log.o)
 .debug_aranges
                0x00000000000001e0       0x20 obj_cooja/mtype238.a(cfs-cooja.o)
 .debug_aranges
                0x0000000000000200       0x20 obj_cooja/mtype238.a(cooja-radio.o)
 .debug_aranges
                0x0000000000000220       0x20 obj_cooja/mtype238.a(eeprom.o)
 .debug_aranges
                0x0000000000000240       0x20 obj_cooja/mtype238.a(random.o)
 .debug_aranges
                0x0000000000000260       0x20 obj_cooja/mtype238.a(sensors.o)
 .debug_aranges
                0x0000000000000280       0x20 obj_cooja/mtype238.a(dual_conf.o)
 .debug_aranges
                0x00000000000002a0       0x20 obj_cooja/mtype238.a(autostart.o)
 .debug_aranges
                0x00000000000002c0       0x20 obj_cooja/mtype238.a(ctimer.o)
 .debug_aranges
                0x00000000000002e0       0x20 obj_cooja/mtype238.a(etimer.o)
 .debug_aranges
                0x0000000000000300       0x20 obj_cooja/mtype238.a(log_message.o)
 .debug_aranges
                0x0000000000000320       0x20 obj_cooja/mtype238.a(process.o)
 .debug_aranges
                0x0000000000000340       0x20 obj_cooja/mtype238.a(residual.o)
 .debug_aranges
                0x0000000000000360       0x20 obj_cooja/mtype238.a(rtimer.o)
 .debug_aranges
                0x0000000000000380       0x20 obj_cooja/mtype238.a(stimer.o)
 .debug_aranges
                0x00000000000003a0       0x20 obj_cooja/mtype238.a(timer.o)
 .debug_aranges
                0x00000000000003c0       0x20 obj_cooja/mtype238.a(serial-line.o)
 .debug_aranges
                0x00000000000003e0       0x20 obj_cooja/mtype238.a(list.o)
 .debug_aranges
                0x0000000000000400       0x20 obj_cooja/mtype238.a(ringbuf.o)
 .debug_aranges
                0x0000000000000420       0x20 obj_cooja/mtype238.a(sicslowpan.o)
 .debug_aranges
                0x0000000000000440       0x20 obj_cooja/mtype238.a(uip-ds6-nbr.o)
 .debug_aranges
                0x0000000000000460       0x20 obj_cooja/mtype238.a(uip-ds6-route.o)
 .debug_aranges
                0x0000000000000480       0x20 obj_cooja/mtype238.a(uip-ds6.o)
 .debug_aranges
                0x00000000000004a0       0x20 obj_cooja/mtype238.a(uip6.o)
 .debug_aranges
                0x00000000000004c0       0x20 obj_cooja/mtype238.a(tcpip.o)
 .debug_aranges
                0x00000000000004e0       0x20 obj_cooja/mtype238.a(uip-debug.o)
 .debug_aranges
                0x0000000000000500       0x20 obj_cooja/mtype238.a(uip-packetqueue)
 .debug_aranges
                0x0000000000000520       0x20 obj_cooja/mtype238.a(uip-udp-packet.)
 .debug_aranges
                0x0000000000000540       0x20 obj_cooja/mtype238.a(rpl-dag.o)
 .debug_aranges
                0x0000000000000560       0x20 obj_cooja/mtype238.a(rpl-ext-header.)
 .debug_aranges
                0x0000000000000580       0x20 obj_cooja/mtype238.a(rpl-icmp6.o)
 .debug_aranges
                0x00000000000005a0       0x20 obj_cooja/mtype238.a(rpl-ltmax.o)
 .debug_aranges
                0x00000000000005c0       0x20 obj_cooja/mtype238.a(rpl-timers.o)
 .debug_aranges
                0x00000000000005e0       0x20 obj_cooja/mtype238.a(rpl.o)
 .debug_aranges
                0x0000000000000600       0x20 obj_cooja/mtype238.a(framer-802154.o)
 .debug_aranges
                0x0000000000000620       0x20 obj_cooja/mtype238.a(nullmac.o)
 .debug_aranges
                0x0000000000000640       0x20 obj_cooja/mtype238.a(cxmac.o)
 .debug_aranges
                0x0000000000000660       0x20 obj_cooja/mtype238.a(linkaddr.o)
 .debug_aranges
                0x0000000000000680       0x20 obj_cooja/mtype238.a(nbr-table.o)
 .debug_aranges
                0x00000000000006a0       0x20 obj_cooja/mtype238.a(netstack.o)
 .debug_aranges
                0x00000000000006c0       0x20 obj_cooja/mtype238.a(packetbuf.o)
 .debug_aranges
                0x00000000000006e0       0x20 obj_cooja/mtype238.a(queuebuf.o)
 .debug_aranges
                0x0000000000000700       0x20 obj_cooja/mtype238.a(nullsec.o)
 .debug_aranges
                0x0000000000000720       0x20 obj_cooja/mtype238.a(watchdog.o)
 .debug_aranges
                0x0000000000000740       0x18 obj_cooja/mtype238.a(rimestats.o)
 .debug_aranges
                0x0000000000000758       0x20 obj_cooja/mtype238.a(leds.o)
 .debug_aranges
                0x0000000000000778       0x20 obj_cooja/mtype238.a(memb.o)
 .debug_aranges
                0x0000000000000798       0x20 obj_cooja/mtype238.a(uip-icmp6.o)
 .debug_aranges
                0x00000000000007b8       0x20 obj_cooja/mtype238.a(uip-nd6.o)
 .debug_aranges
                0x00000000000007d8       0x20 obj_cooja/mtype238.a(rpl-nbr-policy.)
 .debug_aranges
                0x00000000000007f8       0x20 obj_cooja/mtype238.a(frame802154.o)
 .debug_aranges
                0x0000000000000818       0x20 obj_cooja/mtype238.a(mac.o)

.debug_pubnames
 *(.debug_pubnames)

.debug_info     0x0000000000000000    0x1d58a
 *(.debug_info .gnu.linkonce.wi.*)
 .debug_info    0x0000000000000000      0xa45 udp-client.co