Archive member included to satisfy reference by file (symbol)

obj_cooja/mtype218.a(simEnvChange.o)
                              obj_cooja/mtype218.o (simDontFallAsleep)
obj_cooja/mtype218.a(cooja_mt.o)
                              obj_cooja/mtype218.o (cooja_mt_start)
obj_cooja/mtype218.a(cooja_mtarch.o)
                              obj_cooja/mtype218.a(cooja_mt.o) (cooja_mtarch_init)
obj_cooja/mtype218.a(rtimer-arch.o)
                              obj_cooja/mtype218.o (rtimer_arch_next)
obj_cooja/mtype218.a(beep.o)  obj_cooja/mtype218.o (beep_interface)
obj_cooja/mtype218.a(button-sensor.o)
                              obj_cooja/mtype218.o (button_interface)
obj_cooja/mtype218.a(leds-arch.o)
                              obj_cooja/mtype218.o (leds_interface)
obj_cooja/mtype218.a(moteid.o)
                              obj_cooja/mtype218.o (moteid_interface)
obj_cooja/mtype218.a(pir-sensor.o)
                              obj_cooja/mtype218.o (pir_interface)
obj_cooja/mtype218.a(rs232.o)
                              obj_cooja/mtype218.o (rs232_interface)
obj_cooja/mtype218.a(vib-sensor.o)
                              obj_cooja/mtype218.o (vib_interface)
obj_cooja/mtype218.a(clock.o)
                              obj_cooja/mtype218.o (clock_interface)
obj_cooja/mtype218.a(log.o)   obj_cooja/mtype218.o (simlog_interface)
obj_cooja/mtype218.a(cfs-cooja.o)
                              obj_cooja/mtype218.o (cfs_interface)
obj_cooja/mtype218.a(cooja-radio.o)
                              obj_cooja/mtype218.o (radio_interface)
obj_cooja/mtype218.a(eeprom.o)
                              obj_cooja/mtype218.o (eeprom_interface)
obj_cooja/mtype218.a(random.o)
                              obj_cooja/mtype218.a(moteid.o) (random_init)
obj_cooja/mtype218.a(sensors.o)
                              udp-server.co (sensors_event)
obj_cooja/mtype218.a(leds.o)  obj_cooja/mtype218.a(cooja-radio.o) (leds_on)
obj_cooja/mtype218.a(dual_conf.o)
                              obj_cooja/mtype218.a(cooja-radio.o) (long_range_radio)
obj_cooja/mtype218.a(autostart.o)
                              obj_cooja/mtype218.o (autostart_start)
obj_cooja/mtype218.a(ctimer.o)
                              obj_cooja/mtype218.o (ctimer_init)
obj_cooja/mtype218.a(etimer.o)
                              obj_cooja/mtype218.o (etimer_process)
obj_cooja/mtype218.a(log_message.o)
                              obj_cooja/mtype218.o (log_initialization)
obj_cooja/mtype218.a(process.o)
                              udp-server.co (process_current)
obj_cooja/mtype218.a(residual.o)
                              obj_cooja/mtype218.o (get_residual_energy)
obj_cooja/mtype218.a(rtimer.o)
                              obj_cooja/mtype218.a(rtimer-arch.o) (rtimer_run_next)
obj_cooja/mtype218.a(timer.o)
                              obj_cooja/mtype218.a(button-sensor.o) (timer_set)
obj_cooja/mtype218.a(serial-line.o)
                              obj_cooja/mtype218.a(rs232.o) (serial_line_input_byte)
obj_cooja/mtype218.a(list.o)  obj_cooja/mtype218.a(ctimer.o) (list_init)
obj_cooja/mtype218.a(ringbuf.o)
                              obj_cooja/mtype218.a(serial-line.o) (ringbuf_init)
obj_cooja/mtype218.a(sicslowpan.o)
                              obj_cooja/mtype218.o (sicslowpan_driver)
obj_cooja/mtype218.a(uip-ds6-nbr.o)
                              obj_cooja/mtype218.a(sicslowpan.o) (uip_ds6_link_neighbor_callback)
obj_cooja/mtype218.a(uip-ds6.o)
                              udp-server.co (uip_ds6_if)
obj_cooja/mtype218.a(uip6.o)  obj_cooja/mtype218.o (uip_lladdr)
obj_cooja/mtype218.a(tcpip.o)
                              udp-server.co (tcpip_event)
obj_cooja/mtype218.a(uip-debug.o)
                              udp-server.co (uip_debug_ipaddr_print)
obj_cooja/mtype218.a(uip-packetqueue)
                              obj_cooja/mtype218.a(uip-ds6-nbr.o) (uip_packetqueue_new)
obj_cooja/mtype218.a(rpl-dag.o)
                              udp-server.co (rpl_set_root)
obj_cooja/mtype218.a(rpl-ext-header.)
                              obj_cooja/mtype218.a(uip6.o) (rpl_verify_header)
obj_cooja/mtype218.a(rpl-icmp6.o)
                              obj_cooja/mtype218.a(rpl-dag.o) (rpl_icmp6_update_nbr_table)
obj_cooja/mtype218.a(rpl-ltmax.o)
                              obj_cooja/mtype218.a(rpl-dag.o) (rpl_ltmax_of)
obj_cooja/mtype218.a(rpl-timers.o)
                              obj_cooja/mtype218.a(rpl-icmp6.o) (rpl_LSA_convergence_timer)
obj_cooja/mtype218.a(rpl.o)   obj_cooja/mtype218.a(rpl-icmp6.o) (rpl_get_mode)
obj_cooja/mtype218.a(csma.o)  udp-server.co (csma_driver)
obj_cooja/mtype218.a(framer-802154.o)
                              obj_cooja/mtype218.a(sicslowpan.o) (framer_802154)
obj_cooja/mtype218.a(mac.o)   obj_cooja/mtype218.a(csma.o) (mac_call_sent_callback)
obj_cooja/mtype218.a(cxmac.o)
                              obj_cooja/mtype218.o (cxmac_driver)
obj_cooja/mtype218.a(linkaddr.o)
[...]
Memory Configuration

Name             Origin             Length             Attributes
*default*        0x0000000000000000 0xffffffffffffffff

Linker script and memory map

LOAD /usr/lib/gcc/i686-linux-gnu/4.8/../../../i386-linux-gnu/crti.o
LOAD /usr/lib/gcc/i686-linux-gnu/4.8/crtbeginS.o
LOAD udp-server.co
LOAD obj_cooja/mtype218.o
LOAD obj_cooja/mtype218.a
LOAD /usr/lib/gcc/i686-linux-gnu/4.8/libgcc.a
LOAD /usr/lib/gcc/i686-linux-gnu/4.8/libgcc_s.so
LOAD /usr/lib/gcc/i686-linux-gnu/4.8/../../../i386-linux-gnu/libc.so
START GROUP
LOAD /lib/i386-linux-gnu/libc.so.6
LOAD /usr/lib/i386-linux-gnu/libc_nonshared.a
LOAD /lib/i386-linux-gnu/ld-linux.so.2
END GROUP
LOAD /usr/lib/gcc/i686-linux-gnu/4.8/libgcc.a
LOAD /usr/lib/gcc/i686-linux-gnu/4.8/libgcc_s.so
LOAD /usr/lib/gcc/i686-linux-gnu/4.8/crtendS.o
LOAD /usr/lib/gcc/i686-linux-gnu/4.8/../../../i386-linux-gnu/crtn.o
                0x0000000000000114                . = (0x0 + SIZEOF_HEADERS)

.note.gnu.build-id
                0x0000000000000114       0x24
 *(.note.gnu.build-id)
 .note.gnu.build-id
                0x0000000000000114       0x24 /usr/lib/gcc/i686-linux-gnu/4.8/../../../i386-linux-gnu/crti.o

.hash
 *(.hash)

.gnu.hash       0x0000000000000138     0x13a0
 *(.gnu.hash)
 .gnu.hash      0x0000000000000138     0x13a0 /usr/lib/gcc/i686-linux-gnu/4.8/../../../i386-linux-gnu/crti.o

.dynsym         0x00000000000014d8     0x26e0
 *(.dynsym)
 .dynsym        0x00000000000014d8     0x26e0 /usr/lib/gcc/i686-linux-gnu/4.8/../../../i386-linux-gnu/crti.o

.dynstr         0x0000000000003bb8     0x27e7
 *(.dynstr)
 .dynstr        0x0000000000003bb8     0x27e7 /usr/lib/gcc/i686-linux-gnu/4.8/../../../i386-linux-gnu/crti.o

.gnu.version    0x00000000000063a0      0x4dc
 *(.gnu.version)
 .gnu.version   0x00000000000063a0      0x4dc /usr/lib/gcc/i686-linux-gnu/4.8/../../../i386-linux-gnu/crti.o

.gnu.version_d  0x000000000000687c        0x0
 *(.gnu.version_d)
 .gnu.version_d
                0x0000000000000000        0x0 /usr/lib/gcc/i686-linux-gnu/4.8/../../../i386-linux-gnu/crti.o

.gnu.version_r  0x000000000000687c       0x50
 *(.gnu.version_r)
 .gnu.version_r
                0x000000000000687c       0x50 /usr/lib/gcc/i686-linux-gnu/4.8/../../../i386-linux-gnu/crti.o

.rel.dyn        0x00000000000068cc     0x9a30
 *(.rel.init)
 .rel.init      0x0000000000000000        0x0 /usr/lib/gcc/i686-linux-gnu/4.8/../../../i386-linux-gnu/crti.o
 *(.rel.text .rel.text.* .rel.gnu.linkonce.t.*)
 .rel.text      0x00000000000068cc     0x9240 /usr/lib/gcc/i686-linux-gnu/4.8/../../../i386-linux-gnu/crti.o
 *(.rel.fini)
 .rel.fini      0x0000000000000000        0x0 /usr/lib/gcc/i686-linux-gnu/4.8/../../../i386-linux-gnu/crti.o
 *(.rel.rodata .rel.rodata.* .rel.gnu.linkonce.r.*)
 .rel.rodata    0x000000000000fb0c      0x4e0 /usr/lib/gcc/i686-linux-gnu/4.8/../../../i386-linux-gnu/crti.o
 *(.rel.data.rel.ro .rel.data.rel.ro.* .rel.gnu.linkonce.d.rel.ro.*)
 *(.rel.data .rel.data.* .rel.gnu.linkonce.d.*)
 .rel.data.rel  0x000000000000ffec        0x8 /usr/lib/gcc/i686-linux-gnu/4.8/../../../i386-linux-gnu/crti.o
 .rel.data      0x000000000000fff4      0x2d0 /usr/lib/gcc/i686-linux-gnu/4.8/../../../i386-linux-gnu/crti.o
 *(.rel.tdata .rel.tdata.* .rel.gnu.linkonce.td.*)
 *(.rel.tbss .rel.tbss.* .rel.gnu.linkonce.tb.*)
 *(.rel.ctors)
 *(.rel.dtors)
 *(.rel.got)
 .rel.got       0x00000000000102c4       0x28 /usr/lib/gcc/i686-linux-gnu/4.8/../../../i386-linux-gnu/crti.o
 *(.rel.bss .rel.bss.* .rel.gnu.linkonce.b.*)
 *(.rel.ifunc)
 .rel.ifunc     0x0000000000000000        0x0 /usr/lib/gcc/i686-linux-gnu/4.8/../../../i386-linux-gnu/crti.o
 .rel.fini_array
                0x00000000000102ec        0x8 /usr/lib/gcc/i686-linux-gnu/4.8/../../../i386-linux-gnu/crti.o
 .rel.init_array
                0x00000000000102f4        0x8 /usr/lib/gcc/i686-linux-gnu/4.8/../../../i386-linux-gnu/crti.o

.rel.plt        0x00000000000102fc       0x10
 *(.rel.plt)
 .rel.plt       0x00000000000102fc       0x10 /usr/lib/gcc/i686-linux-gnu/4.8/../../../i386-linux-gnu/crti.o
 *(.rel.iplt)

.init           0x000000000001030c       0x23
 *(SORT(.init))
 .init          0x000000000001030c       0x1e /usr/lib/gcc/i686-linux-gnu/4.8/../../../i386-linux-gnu/crti.o
                0x000000000001030c                _init
 .init          0x000000000001032a        0x5 /usr/lib/gcc/i686-linux-gnu/4.8/../../../i386-linux-gnu/crtn.o

.plt            0x0000000000010330       0x30
 *(.plt)
 .plt           0x0000000000010330       0x30 /usr/lib/gcc/i686-linux-gnu/4.8/../../../i386-linux-gnu/crti.o
 *(.iplt)

.text           0x0000000000010360    0x174a9
 *(.text.unlikely .text.*_unlikely .text.unlikely.*)
 *(.text.exit .text.exit.*)
 *(.text.startup .text.startup.*)
 *(.text.hot .text.hot.*)
 *(.text .stub .text.* .gnu.linkonce.t.*)
 .text          0x0000000000010360        0x0 /usr/lib/gcc/i686-linux-gnu/4.8/../../../i386-linux-gnu/crti.o
 .gnu.linkonce.t.__x86.get_pc_thunk.bx
                0x0000000000010360        0x4 /usr/lib/gcc/i686-linux-gnu/4.8/../../../i386-linux-gnu/crti.o
                0x0000000000010360                __x86.get_pc_thunk.bx
 *fill*         0x0000000000010364        0xc 
 .text          0x0000000000010370      0x11b /usr/lib/gcc/i686-linux-gnu/4.8/crtbeginS.o
 .text          0x000000000001048b      0x3ce udp-server.co
 .text          0x0000000000010859      0x96a obj_cooja/mtype218.o
                0x0000000000010a07                contiki_init
                0x0000000000010fda                Java_org_contikios_cooja_corecomm_Lib13_init
                0x000000000001101a                Java_org_contikios_cooja_corecomm_Lib13_getMemory
                0x000000000001105a                Java_org_contikios_cooja_corecomm_Lib13_setMemory
                0x00000000000110d1                Java_org_contikios_cooja_corecomm_Lib13_tick
                0x00000000000111b1                Java_org_contikios_cooja_corecomm_Lib13_setReferenceAddress
 .text          0x00000000000111c3       0x63 obj_cooja/mtype218.a(simEnvChange.o)
                0x00000000000111c3                doActionsBeforeTick
                0x00000000000111f4                doActionsAfterTick
 .text          0x0000000000011226       0xbc obj_cooja/mtype218.a(cooja_mt.o)
                0x0000000000011226                cooja_mt_init
                0x0000000000011233                cooja_mt_remove
                0x0000000000011240                cooja_mt_start
                0x000000000001126d                cooja_mt_exec
                0x000000000001129e                cooja_mt_exit
                0x00000000000112c0                cooja_mt_yield
 .text          0x00000000000112e2      0x115 obj_cooja/mtype218.a(cooja_mtarch.o)
                0x00000000000112e2                cooja_mtarch_init
                0x00000000000112e7                cooja_mtarch_start
                0x0000000000011362                cooja_sw
                0x0000000000011384                cooja_mtarch_exec
                0x00000000000113a0                cooja_mtarch_remove
                0x00000000000113a5                cooja_mtarch_yield
                0x00000000000113af                cooja_mtarch_pstop
                0x00000000000113b4                cooja_mtarch_pstart
                0x00000000000113b9                cooja_mtarch_stack_usage
 .text          0x00000000000113f7       0xc2 obj_cooja/mtype218.a(rtimer-arch.o)
                0x00000000000113f7                rtimer_arch_init
                0x000000000001141a                rtimer_arch_schedule
                0x0000000000011431                rtimer_arch_next
                0x000000000001143b                rtimer_arch_pending
                0x0000000000011445                rtimer_arch_check
                0x0000000000011477                rtimer_arch_now
 .text          0x00000000000114b9       0x76 obj_cooja/mtype218.a(beep.o)
                0x00000000000114b9                beep_alarm
                0x00000000000114c5                beep_beep
                0x00000000000114d1                beep
                0x00000000000114dd                beep_down
                0x00000000000114e9                beep_on
                0x00000000000114f5                beep_off
                0x0000000000011501                beep_spinup
                0x000000000001150d                beep_quick
                0x0000000000011519                beep_long
 .text          0x000000000001152f      0x103 obj_cooja/mtype218.a(button-sensor.o)
 .text          0x0000000000011632       0x45 obj_cooja/mtype218.a(leds-arch.o)
                0x0000000000011632                leds_arch_init
                0x000000000001163e                leds_arch_get
                0x000000000001164a                leds_arch_set
 .text          0x0000000000011677       0x2f obj_cooja/mtype218.a(moteid.o)
 .text          0x00000000000116a6       0xb1 obj_cooja/mtype218.a(pir-sensor.o)
 .text          0x0000000000011757      0x131 obj_cooja/mtype218.a(rs232.o)
                0x0000000000011757                rs232_init
                0x000000000001175c                rs232_set_speed
                0x000000000001176a                rs232_set_input
                0x0000000000011777                rs232_send
                0x0000000000011799                rs232_print
                0x00000000000117b4                slip_arch_writeb
 .text          0x0000000000011888       0xb1 obj_cooja/mtype218.a(vib-sensor.o)
 .text          0x0000000000011939       0x34 obj_cooja/mtype218.a(clock.o)
                0x0000000000011939                clock_init
                0x000000000001193e                clock_time
                0x0000000000011948                clock_seconds
                0x000000000001195e                clock_delay
 .text          0x000000000001196d      0x1ed obj_cooja/mtype218.a(log.o)
                0x000000000001196d                simlog_char
                0x00000000000119af                simlog
                0x0000000000011a1c                log_message
                0x0000000000011a44                log_set_putchar_with_slip
                0x0000000000011a51                log_putchar
                0x0000000000011ad5                log_puts
                0x0000000000011af9                log_printf
 .text          0x0000000000011b5a      0x2c4 obj_cooja/mtype218.a(cfs-cooja.o)
                0x0000000000011b5a                cfs_open
                0x0000000000011bc3                cfs_close
                0x0000000000011bcf                cfs_read
                0x0000000000011c6d                cfs_write
                0x0000000000011d4a                cfs_seek
                0x0000000000011dd2                cfs_remove
                0x0000000000011dfb                cfs_opendir
                0x0000000000011e05                cfs_readdir
                0x0000000000011e0f                cfs_closedir
 .text          0x0000000000011e1e      0x6b7 obj_cooja/mtype218.a(cooja-radio.o)
                0x0000000000011e48                radio_set_channel
                0x0000000000011e5d                radio_set_txpower
                0x0000000000011e7d                radio_signal_strength_last
                0x0000000000011e87                radio_signal_strength_current
                0x0000000000011e91                radio_LQI
 .text          0x00000000000124d5       0xef obj_cooja/mtype218.a(eeprom.o)
                0x00000000000124d5                eeprom_init
                0x00000000000124da                eeprom_read
                0x000000000001254a                eeprom_write
 .text          0x00000000000125c4       0x28 obj_cooja/mtype218.a(random.o)
                0x00000000000125c4                random_init
                0x00000000000125df                random_rand
 .text          0x00000000000125ec      0x2a1 obj_cooja/mtype218.a(sensors.o)
                0x0000000000012627                sensors_first
                0x0000000000012631                sensors_next
                0x000000000001264e                sensors_changed
                0x000000000001267d                sensors_find
 .text          0x000000000001288d      0x134 obj_cooja/mtype218.a(leds.o)
                0x00000000000128de                leds_init
                0x00000000000128f2                leds_blink
                0x000000000001292a                leds_get
                0x0000000000012937                leds_set
                0x0000000000012951                leds_on
                0x0000000000012974                leds_off
                0x000000000001299e                leds_toggle
 .text          0x00000000000129c1      0x471 obj_cooja/mtype218.a(dual_conf.o)
                0x00000000000129c1                dual_radio_switch
                0x0000000000012a01                dual_radio_change
                0x0000000000012a3b                sending_in_LR
                0x0000000000012a66                dual_radio_received
                0x0000000000012ab9                radio_received_is_longrange
                0x0000000000012ad4                dual_radio_turn_on
                0x0000000000012af7                dual_radio_turn_off
                0x0000000000012db8                dio_broadcast
                0x0000000000012de1                dis_broadcast
                0x0000000000012e02                LSA_converge_broadcast
 .text          0x0000000000012e32       0x8e obj_cooja/mtype218.a(autostart.o)
                0x0000000000012e32                autostart_start
                0x0000000000012e7d                autostart_exit
 .text          0x0000000000012ec0      0x334 obj_cooja/mtype218.a(ctimer.o)
                0x0000000000012fd7                ctimer_init
                0x0000000000013007                ctimer_set
                0x0000000000013038                ctimer_set_with_process
                0x00000000000130b4                ctimer_reset
                0x0000000000013103                ctimer_restart
                0x0000000000013152                ctimer_stop
                0x000000000001319d                ctimer_expired
 .text          0x00000000000131f4      0x40b obj_cooja/mtype218.a(etimer.o)
                0x0000000000013407                etimer_request_poll
                0x000000000001348b                etimer_set
                0x00000000000134b0                etimer_reset_with_new_interval
                0x00000000000134d7                etimer_reset
                0x00000000000134f5                etimer_restart
                0x0000000000013513                etimer_adjust
                0x000000000001352f                etimer_expired
                0x0000000000013542                etimer_expiration_time
                0x0000000000013554                etimer_start_time
                0x000000000001355e                etimer_pending
                0x0000000000013570                etimer_next_expiration_time
                0x000000000001358a                etimer_stop
 .text          0x00000000000135ff      0x123 obj_cooja/mtype218.a(log_message.o)
                0x00000000000135ff                log_initialization
                0x0000000000013701                log_finisher
 .text          0x0000000000013722      0x560 obj_cooja/mtype218.a(process.o)
                0x0000000000013722                process_alloc_event
                0x0000000000013737                process_start
                0x0000000000013920                process_exit
                0x000000000001393c                process_init
                0x0000000000013b0d                process_run
                0x0000000000013b40                process_nevents
                0x0000000000013b5b                process_post
                0x0000000000013c07                process_post_synch
                0x0000000000013c3f                process_poll
                0x0000000000013c6e                process_is_running
 .text          0x0000000000013c82       0xd3 obj_cooja/mtype218.a(residual.o)
                0x0000000000013c82                get_residual_energy
 .text          0x0000000000013d55       0xba obj_cooja/mtype218.a(rtimer.o)
                0x0000000000013d55                rtimer_init
                0x0000000000013d62                rtimer_set
                0x0000000000013db9                rtimer_run_next
 .text          0x0000000000013e0f       0x91 obj_cooja/mtype218.a(timer.o)
                0x0000000000013e0f                timer_set
                0x0000000000013e2a                timer_reset
                0x0000000000013e41                timer_restart
                0x0000000000013e53                timer_expired
                0x0000000000013e7c                timer_remaining
 .text          0x0000000000013ea0      0x1fb obj_cooja/mtype218.a(serial-line.o)
                0x0000000000013ea0                serial_line_input_byte
                0x0000000000014063                serial_line_init
 .text          0x000000000001409b      0x244 obj_cooja/mtype218.a(list.o)
                0x000000000001409b                list_init
                0x00000000000140a9                list_head
                0x00000000000140b3                list_copy
                0x00000000000140c2                list_tail
                0x00000000000140f8                list_add
                0x0000000000014141                list_push
                0x000000000001416d                list_chop
                0x00000000000141d7                list_pop
                0x00000000000141ff                list_remove
                0x0000000000014266                list_length
                0x0000000000014294                list_insert
                0x00000000000142c8                list_item_next
 .text          0x00000000000142df      0x155 obj_cooja/mtype218.a(ringbuf.o)
                0x00000000000142df                ringbuf_init
                0x0000000000014310                ringbuf_put
                0x000000000001438e                ringbuf_get
                0x00000000000143fb                ringbuf_size
                0x000000000001440d                ringbuf_elements
 .text          0x0000000000014434     0x258b obj_cooja/mtype218.a(sicslowpan.o)
                0x00000000000149be                rime_sniffer_add
                0x00000000000149cb                rime_sniffer_remove
                0x000000000001695e                sicslowpan_init
                0x00000000000169b5                sicslowpan_get_last_rssi
 .text          0x00000000000169bf      0x2dc obj_cooja/mtype218.a(uip-ds6-nbr.o)
                0x00000000000169dc                uip_ds6_neighbors_init
                0x00000000000169f9                uip_ds6_nbr_add
                0x0000000000016aaa                uip_ds6_nbr_rm
                0x0000000000016b07                uip_ds6_nbr_get_ipaddr
                0x0000000000016b1c                uip_ds6_nbr_get_ll
                0x0000000000016b38                uip_ds6_nbr_num
                0x0000000000016b7d                uip_ds6_nbr_lookup
                0x0000000000016be2                uip_ds6_nbr_ll_lookup
                0x0000000000016bfe                uip_ds6_nbr_ipaddr_from_lladdr
                0x0000000000016c24                uip_ds6_nbr_lladdr_from_ipaddr
                0x0000000000016c52                uip_ds6_link_neighbor_callback
 .text          0x0000000000016c9b     0x12ad obj_cooja/mtype218.a(uip-ds6.o)
                0x0000000000016c9b                uip_ds6_init
                0x0000000000016ff0                uip_ds6_periodic
                0x00000000000170c8                uip_ds6_list_loop
                0x000000000001716f                uip_ds6_prefix_add
                0x000000000001722d                uip_ds6_prefix_rm
                0x000000000001723f                uip_ds6_prefix_lookup
                0x0000000000017290                uip_ds6_is_addr_onlink
                0x0000000000017304                uip_ds6_addr_add
                0x0000000000017432                uip_ds6_long_addr_add
                0x0000000000017560                uip_ds6_addr_rm
                0x0000000000017600                uip_ds6_addr_lookup
                0x000000000001764b                uip_ds6_long_addr_lookup
                0x0000000000017696                uip_ds6_get_link_local
                0x0000000000017715                uip_ds6_long_get_link_local
                0x0000000000017794                uip_ds6_get_global
                0x0000000000017813                uip_ds6_long_get_global
                0x0000000000017892                uip_ds6_maddr_add
                0x0000000000017904                uip_ds6_long_maddr_add
                0x0000000000017976                uip_ds6_maddr_rm
                0x0000000000017988                uip_ds6_maddr_lookup
                0x00000000000179d3                uip_ds6_long_maddr_lookup
                0x0000000000017a1e                uip_ds6_aaddr_add
                0x0000000000017a90                uip_ds6_long_aaddr_add
                0x0000000000017b02                uip_ds6_aaddr_rm
                0x0000000000017b14                uip_ds6_aaddr_lookup
                0x0000000000017b5f                uip_ds6_long_aaddr_lookup
                0x0000000000017baa                uip_ds6_select_src
                0x0000000000017e33                uip_ds6_set_addr_iid
                0x0000000000017e6a                get_match_length
                0x0000000000017efc                uip_ds6_compute_reachable_time
 .text          0x0000000000017f48     0x29f3 obj_cooja/mtype218.a(uip6.o)
                0x0000000000017f48                uip_add32
                0x00000000000180e1                uip_chksum
                0x00000000000181cf                uip_icmp6chksum
                0x00000000000181e3                uip_tcpchksum
                0x00000000000181f7                uip_udpchksum
                0x000000000001820b                uip_init
                0x00000000000182db                uip_connect
                0x000000000001848a                remove_ext_hdr
                0x000000000001855f                uip_udp_new
                0x00000000000186bb                uip_unlisten
                0x000000000001871b                uip_listen
                0x00000000000189dd                uip_process
                0x000000000001a82f                uip_htons
                0x000000000001a851                uip_htonl
                0x000000000001a891                uip_send
 .text          0x000000000001a93b      0xb50 obj_cooja/mtype218.a(tcpip.o)
                0x000000000001a93b                tcpip_output
                0x000000000001a976                tcpip_set_outputfunc
                0x000000000001aa0a                tcp_connect
                0x000000000001aa5f                tcp_unlisten
                0x000000000001aaba                tcp_listen
                0x000000000001ab13                tcp_attach
                0x000000000001ab38                udp_attach
                0x000000000001ab5d                udp_new
                0x000000000001abaf                udp_broadcast_new
                0x000000000001ae23                tcpip_input
                0x000000000001ae57                tcpip_ipv6_output
                0x000000000001b2d1                tcpip_poll_udp
                0x000000000001b2f4                tcpip_poll_tcp
                0x000000000001b317                tcpip_uipcall
 .text          0x000000000001b48b      0x1c1 obj_cooja/mtype218.a(uip-debug.o)
                0x000000000001b48b                uip_debug_ipaddr_print
                0x000000000001b5ed                uip_debug_lladdr_print
 .text          0x000000000001b64c      0x141 obj_cooja/mtype218.a(uip-packetqueue)
                0x000000000001b678                uip_packetqueue_new
                0x000000000001b686                uip_packetqueue_alloc
                0x000000000001b6e6                uip_packetqueue_free
                0x000000000001b727                uip_packetqueue_buf
                0x000000000001b744                uip_packetqueue_buflen
                0x000000000001b765                uip_packetqueue_set_buflen
 .text          0x000000000001b78d     0x26ab obj_cooja/mtype218.a(rpl-dag.o)
                0x000000000001b78d                rpl_lr_in_child
                0x000000000001b845                rpl_print_neighbor_list
                0x000000000001b8ee                rpl_print_child_neighbor_list
                0x000000000001b963                rpl_get_nbr
                0x000000000001b9bd                rpl_get_nbr_child
                0x000000000001ba17                rpl_dag_init
                0x000000000001ba49                rpl_get_parent
                0x000000000001ba6b                rpl_get_parent_rank
                0x000000000001ba9e                rpl_get_parent_link_metric
                0x000000000001bad1                rpl_get_parent_ipaddr
                0x000000000001bafb                rpl_get_child_ipaddr
                0x000000000001be16                rpl_set_root
                0x000000000001c044                rpl_repair_root
                0x000000000001c280                rpl_set_prefix
                0x000000000001c37f                rpl_set_default_route
                0x000000000001c40b                rpl_alloc_instance
                0x000000000001c493                rpl_alloc_dag
                0x000000000001c546                rpl_set_default_instance
                0x000000000001c553                rpl_get_default_instance
                0x000000000001c55d                rpl_free_instance
                0x000000000001c5fe                rpl_free_dag
                0x000000000001c664                rpl_add_parent
                0x000000000001c74d                rpl_find_parent
                0x000000000001c77d                rpl_add_child
                0x000000000001c821                rpl_find_child
                0x000000000001c86f                rpl_find_parent_any_dag
                0x000000000001c8ab                rpl_select_dag
                0x000000000001cce1                rpl_select_parent
                0x000000000001cd43                rpl_remove_parent
                0x000000000001cd79                rpl_remove_child
                0x000000000001cd95                rpl_nullify_parent
                0x000000000001ce33                rpl_move_parent
                0x000000000001ced0                rpl_has_downward_route
                0x000000000001cf23                rpl_get_any_dag
                0x000000000001cf85                rpl_get_instance
                0x000000000001cfe8                rpl_find_of
                0x000000000001d025                rpl_join_instance
                0x000000000001d2c1                rpl_add_dag
                0x000000000001d6b0                rpl_local_repair
                0x000000000001d789                rpl_recalculate_ranks
                0x000000000001d80f                rpl_process_parent_event
                0x000000000001d8c1                rpl_process_dio
 .text          0x000000000001de38      0xe0b obj_cooja/mtype218.a(rpl-ext-header.)
                0x000000000001de55                rpl_verify_header
                0x000000000001e3d2                rpl_update_header_empty
                0x000000000001e785                rpl_update_header_final
                0x000000000001e938                rpl_remove_header
                0x000000000001ea67                rpl_invert_header
                0x000000000001ec21                rpl_insert_header
 .text          0x000000000001ec43     0x24ea obj_cooja/mtype218.a(rpl-icmp6.o)
                0x000000000001ef0c                rpl_icmp6_update_nbr_table
                0x000000000001effc                dis_output
                0x000000000001f934                dio_output
                0x000000000002019f                LSA_converge_output
                0x0000000000020c8c                dao_output
                0x0000000000020d54                dao_output_target
                0x00000000000210d5                dao_ack_output
                0x00000000000210e9                rpl_icmp6_register_handlers
 .text          0x000000000002112d      0x3dc obj_cooja/mtype218.a(rpl-ltmax.o)
 .text          0x0000000000021509      0x7c6 obj_cooja/mtype218.a(rpl-timers.o)
                0x0000000000021509                rpl_LSA_convergence_timer
                0x00000000000215b0                rpl_reset_LSA_convergence_timer
                0x000000000002191a                rpl_reset_periodic_timer
                0x000000000002196f                rpl_reset_dio_timer
                0x0000000000021c07                rpl_schedule_dao
                0x0000000000021c22                rpl_schedule_dao_immediately
                0x0000000000021c3d                rpl_cancel_dao
                0x0000000000021c9f                rpl_schedule_unicast_dio_immediately
 .text          0x0000000000021ccf      0x5dc obj_cooja/mtype218.a(rpl.o)
                0x0000000000021ccf                rpl_get_mode
                0x0000000000021cd9                rpl_set_mode
                0x0000000000021d67                rpl_purge_routes
                0x0000000000021e61                rpl_remove_routes
                0x0000000000021ea7                rpl_remove_routes_by_nexthop
                0x0000000000021f13                rpl_add_route
                0x0000000000021f8e                rpl_link_neighbor_callback
                0x0000000000022093                rpl_ipv6_neighbor_callback
                0x0000000000022102                rpl_purge_dags
                0x000000000002220e                rpl_init
 .text          0x00000000000222ab      0xa00 obj_cooja/mtype218.a(csma.o)
 .text          0x0000000000022cab      0x3f5 obj_cooja/mtype218.a(framer-802154.o)
 .text          0x00000000000230a0       0x3c obj_cooja/mtype218.a(mac.o)
                0x00000000000230a0                mac_call_sent_callback
 .text          0x00000000000230dc     0x1025 obj_cooja/mtype218.a(cxmac.o)
                0x000000000002403c                cxmac_set_announcement_radio_txpower
                0x0000000000024041                cxmac_init
 .text          0x0000000000024101       0x82 obj_cooja/mtype218.a(linkaddr.o)
                0x0000000000024101                linkaddr_copy
                0x0000000000024123                linkaddr_cmp
                0x000000000002414d                linkaddr_set_node_addr
                0x0000000000024168                linkaddr_set_node_long_addr
 .text          0x0000000000024183      0x915 obj_cooja/mtype218.a(nbr-table.o)
                0x0000000000024183                long_ip_from_lladdr_map
                0x000000000002420c                lladdr_map_add_lr
                0x00000000000242c9                lladdr_map_rm_lr
                0x000000000002478e                nbr_table_register
                0x00000000000247d6                nbr_table_head
                0x0000000000024832                nbr_table_next
                0x0000000000024899                nbr_table_add_lladdr
                0x0000000000024975                nbr_table_get_from_lladdr
                0x00000000000249c2                nbr_table_remove
                0x0000000000024a14                nbr_table_lock
                0x0000000000024a3e                nbr_table_unlock
                0x0000000000024a68                nbr_table_get_lladdr
 .text          0x0000000000024a98       0x2b obj_cooja/mtype218.a(netstack.o)
                0x0000000000024a98                netstack_init
 .text          0x0000000000024ac3      0x3cd obj_cooja/mtype218.a(packetbuf.o)
                0x0000000000024ac3                packetbuf_clear
                0x0000000000024aed                packetbuf_copyfrom
                0x0000000000024b3f                packetbuf_compact
                0x0000000000024bbc                packetbuf_copyto
                0x0000000000024c53                packetbuf_hdralloc
                0x0000000000024cd0                packetbuf_hdrreduce
                0x0000000000024d18                packetbuf_set_datalen
                0x0000000000024d31                packetbuf_dataptr
                0x0000000000024d4e                packetbuf_hdrptr
                0x0000000000024d58                packetbuf_datalen
                0x0000000000024d64                packetbuf_hdrlen
                0x0000000000024d7b                packetbuf_totlen
                0x0000000000024d91                packetbuf_attr_clear
                0x0000000000024de3                packetbuf_attr_copyto
                0x0000000000024e2c                packetbuf_attr_copyfrom
                0x0000000000024e74                packetbuf_holds_broadcast
 .text          0x0000000000024e90      0x2b4 obj_cooja/mtype218.a(queuebuf.o)
                0x0000000000024e9a                queuebuf_init
                0x0000000000024eba                queuebuf_numfree
                0x0000000000024ece                queuebuf_new_from_packetbuf
                0x0000000000024f5e                queuebuf_update_attr_from_packetbuf
                0x0000000000024f91                queuebuf_update_from_packetbuf
                0x0000000000024fdb                queuebuf_free
                0x0000000000025022                queuebuf_to_packetbuf
                0x0000000000025088                queuebuf_dataptr
                0x00000000000250bf                queuebuf_datalen
                0x00000000000250e2                queuebuf_addr
                0x0000000000025114                queuebuf_attr
                0x000000000002513f                queuebuf_debug_print
 .text          0x0000000000025144       0x6e obj_cooja/mtype218.a(nullsec.o)
 .text          0x00000000000251b2       0x19 obj_cooja/mtype218.a(watchdog.o)
                0x00000000000251b2                watchdog_init
                0x00000000000251b7                watchdog_start
                0x00000000000251bc                watchdog_periodic
                0x00000000000251c1                watchdog_stop
                0x00000000000251c6                watchdog_reboot
 .text          0x00000000000251cb        0x0 obj_cooja/mtype218.a(rimestats.o)
 .text          0x00000000000251cb       0xa3 obj_cooja/mtype218.a(stimer.o)
                0x00000000000251cb                stimer_set
                0x00000000000251e6                stimer_reset
                0x00000000000251fd                stimer_restart
                0x000000000002520f                stimer_expired
                0x0000000000025236                stimer_remaining
                0x000000000002525a                stimer_elapsed
 .text          0x000000000002526e      0x1c1 obj_cooja/mtype218.a(memb.o)
                0x000000000002526e                memb_init
                0x00000000000252cc                memb_alloc
                0x0000000000025331                memb_free
                0x00000000000253ac                memb_inmemb
                0x00000000000253eb                memb_numfree
 .text          0x000000000002542f      0x916 obj_cooja/mtype218.a(uip-ds6-route.o)
                0x00000000000254a6                uip_ds6_notification_add
                0x00000000000254d7                uip_ds6_notification_rm
                0x00000000000254f3                uip_ds6_route_init
                0x000000000002557b                uip_ds6_route_nexthop
                0x00000000000255a3                uip_ds6_route_head
                0x00000000000255b8                uip_ds6_route_next
                0x00000000000255de                uip_ds6_route_is_nexthop
                0x000000000002561d                uip_ds6_route_num_routes
                0x0000000000025627                uip_ds6_route_lookup
                0x00000000000256e9                uip_ds6_route_add
                0x000000000002591d                uip_ds6_route_rm
                0x0000000000025ab1                uip_ds6_route_rm_by_nexthop
                0x0000000000025ae9                uip_ds6_defrt_add
                0x0000000000025b9a                uip_ds6_defrt_rm
                0x0000000000025c19                uip_ds6_defrt_lookup
                0x0000000000025c72                uip_ds6_defrt_choose
                0x0000000000025cdd                uip_ds6_defrt_periodic
 .text          0x0000000000025d45      0xabf obj_cooja/mtype218.a(uip-icmp6.o)
                0x0000000000025db3                uip_icmp6_input
                0x0000000000025e09                uip_icmp6_register_input_handler
                0x00000000000260d1                uip_icmp6_error_output
                0x0000000000026416                uip_icmp6_send
                0x0000000000026797                uip_icmp6_echo_reply_callback_add
                0x00000000000267c8                uip_icmp6_echo_reply_callback_rm
                0x00000000000267e4                uip_icmp6_init
 .text          0x0000000000026804      0x358 obj_cooja/mtype218.a(uip-nd6.o)
                0x0000000000026858                uip_nd6_ns_output
                0x0000000000026b57                uip_nd6_init
 .text          0x0000000000026b5c      0x331 obj_cooja/mtype218.a(rpl-nbr-policy.)
                0x0000000000026d34                find_removable_dis
                0x0000000000026d57                find_removable_dio
                0x0000000000026de6                find_removable_dao
                0x0000000000026e36                rpl_nbr_policy_find_removable
 .text          0x0000000000026e8d      0x97c obj_cooja/mtype218.a(frame802154.o)
                0x0000000000026ebe                frame802154_get_pan_id
                0x0000000000026eca                frame802154_set_pan_id
                0x0000000000026ee3                frame802154_has_panid
                0x0000000000026fcf                frame802154_check_dest_panid
                0x0000000000027037                frame802154_is_broadcast_addr
                0x0000000000027084                frame802154_extract_linkaddr
                0x00000000000272c4                frame802154_hdrlen
                0x0000000000027315                frame802154_create
                0x0000000000027500                frame802154_parse
 .text          0x0000000000027809        0x0 /usr/lib/gcc/i686-linux-gnu/4.8/crtendS.o
 .text          0x0000000000027809        0x0 /usr/lib/gcc/i686-linux-gnu/4.8/../../../i386-linux-gnu/crtn.o
 *(.gnu.warning)

.fini           0x000000000002780c       0x14
 *(SORT(.fini))
 .fini          0x000000000002780c        0xf /usr/lib/gcc/i686-linux-gnu/4.8/../../../i386-linux-gnu/crti.o
                0x000000000002780c                _fini
 .fini          0x000000000002781b        0x5 /usr/lib/gcc/i686-linux-gnu/4.8/../../../i386-linux-gnu/crtn.o
                0x0000000000027820                PROVIDE (__etext, .)
                0x0000000000027820                PROVIDE (_etext, .)
                0x0000000000027820                PROVIDE (etext, .)

.rodata         0x0000000000027820     0x1420
 *(.rodata .rodata.* .gnu.linkonce.r.*)
 .rodata        0x0000000000027820      0x148 udp-server.co
                0x0000000000027834                autostart_processes
 .rodata        0x0000000000027968      0x1e6 obj_cooja/mtype218.o
 *fill*         0x0000000000027b4e        0x2 
 .rodata        0x0000000000027b50        0x8 obj_cooja/mtype218.a(beep.o)
                0x0000000000027b50                beep_interface
 .rodata        0x0000000000027b58       0x20 obj_cooja/mtype218.a(button-sensor.o)
                0x0000000000027b58                button_interface
                0x0000000000027b68                button_sensor
 .rodata        0x0000000000027b78        0x8 obj_cooja/mtype218.a(leds-arch.o)
                0x0000000000027b78                leds_interface
 .rodata        0x0000000000027b80        0x8 obj_cooja/mtype218.a(moteid.o)
                0x0000000000027b80                moteid_interface
 .rodata        0x0000000000027b88       0x1c obj_cooja/mtype218.a(pir-sensor.o)
                0x0000000000027b88                pir_interface
                0x0000000000027b94                pir_sensor
 .rodata        0x0000000000027ba4        0xe obj_cooja/mtype218.a(rs232.o)
                0x0000000000027ba4                rs232_interface
 *fill*         0x0000000000027bb2        0x2 
 .rodata        0x0000000000027bb4       0x24 obj_cooja/mtype218.a(vib-sensor.o)
                0x0000000000027bb4                vib_interface
                0x0000000000027bc8                vib_sensor
 .rodata        0x0000000000027bd8        0x8 obj_cooja/mtype218.a(clock.o)
                0x0000000000027bd8                clock_interface
 .rodata        0x0000000000027be0        0x8 obj_cooja/mtype218.a(log.o)
                0x0000000000027be0                simlog_interface
 .rodata        0x0000000000027be8       0x2f obj_cooja/mtype218.a(cfs-cooja.o)
                0x0000000000027be8                cfs_interface
 *fill*         0x0000000000027c17        0x9 
 .rodata        0x0000000000027c20       0xc0 obj_cooja/mtype218.a(cooja-radio.o)
                0x0000000000027ca0                cooja_radio_driver
                0x0000000000027cd8                radio_interface
 .rodata        0x0000000000027ce0        0x8 obj_cooja/mtype218.a(eeprom.o)
                0x0000000000027ce0                eeprom_interface
 .rodata        0x0000000000027ce8        0x8 obj_cooja/mtype218.a(sensors.o)
 .rodata        0x0000000000027cf0      0x1fe obj_cooja/mtype218.a(dual_conf.o)
 .rodata        0x0000000000027eee        0xf obj_cooja/mtype218.a(ctimer.o)
 .rodata        0x0000000000027efd        0xc obj_cooja/mtype218.a(etimer.o)
 *fill*         0x0000000000027f09        0x3 
 .rodata        0x0000000000027f0c       0x73 obj_cooja/mtype218.a(log_message.o)
 *fill*         0x0000000000027f7f        0x1 
 .rodata        0x0000000000027f80       0x20 obj_cooja/mtype218.a(residual.o)
 .rodata        0x0000000000027fa0        0xe obj_cooja/mtype218.a(serial-line.o)
 *fill*         0x0000000000027fae        0x2 
 .rodata        0x0000000000027fb0       0x2c obj_cooja/mtype218.a(sicslowpan.o)
                0x0000000000027fb0                unc_llconf
                0x0000000000027fb4                unc_ctxconf
                0x0000000000027fb8                unc_mxconf
                0x0000000000027fbc                llprefix
                0x0000000000027fd0                sicslowpan_driver
 .rodata        0x0000000000027fdc      0x13c obj_cooja/mtype218.a(uip6.o)
 .rodata        0x0000000000028118       0x49 obj_cooja/mtype218.a(tcpip.o)
 .rodata        0x0000000000028161       0x3e obj_cooja/mtype218.a(uip-debug.o)
 *fill*         0x000000000002819f        0x1 
 .rodata        0x00000000000281a0        0x4 obj_cooja/mtype218.a(rpl-dag.o)
 .rodata        0x00000000000281a4      0x4a0 obj_cooja/mtype218.a(rpl-ext-header.)
 .rodata        0x0000000000028644       0x1c obj_cooja/mtype218.a(rpl-icmp6.o)
 .rodata        0x0000000000028660      0x2be obj_cooja/mtype218.a(rpl-timers.o)
 *fill*         0x000000000002891e        0x2 
 .rodata        0x0000000000028920      0x288 obj_cooja/mtype218.a(csma.o)
                0x0000000000028b8c                csma_driver
 .rodata        0x0000000000028ba8        0xc obj_cooja/mtype218.a(framer-802154.o)
                0x0000000000028ba8                framer_802154
 *fill*         0x0000000000028bb4        0xc 
 .rodata        0x0000000000028bc0       0x60 obj_cooja/mtype218.a(cxmac.o)
                0x0000000000028c00                cxmac_driver
 .rodata        0x0000000000028c20        0x8 obj_cooja/mtype218.a(linkaddr.o)
                0x0000000000028c20                linkaddr_null
 .rodata        0x0000000000028c28       0x18 obj_cooja/mtype218.a(nullsec.o)
                0x0000000000028c30                nullsec_driver

.rodata1
 *(.rodata1)

.eh_frame_hdr   0x0000000000028c40     0x1434
 *(.eh_frame_hdr)
 .eh_frame_hdr  0x0000000000028c40     0x1434 udp-server.co

.eh_frame       0x000000000002a074     0x5234
 *(.eh_frame)
 .eh_frame      0x000000000002a074       0x3c /usr/lib/gcc/i686-linux-gnu/4.8/../../../i386-linux-gnu/crti.o
                                         0x40 (size before relaxing)
 .eh_frame      0x000000000002a0b0       0x68 udp-server.co
                                         0x80 (size before relaxing)
 .eh_frame      0x000000000002a118      0x148 obj_cooja/mtype218.o
                                        0x160 (size before relaxing)
 .eh_frame      0x000000000002a260       0x40 obj_cooja/mtype218.a(simEnvChange.o)
                                         0x58 (size before relaxing)
 .eh_frame      0x000000000002a2a0       0xc0 obj_cooja/mtype218.a(cooja_mt.o)
                                         0xd8 (size before relaxing)
 .eh_frame      0x000000000002a360      0x120 obj_cooja/mtype218.a(cooja_mtarch.o)
                                        0x138 (size before relaxing)
 .eh_frame      0x000000000002a480       0xc0 obj_cooja/mtype218.a(rtimer-arch.o)
                                         0xd8 (size before relaxing)
 .eh_frame      0x000000000002a540      0x160 obj_cooja/mtype218.a(beep.o)
                                        0x178 (size before relaxing)
 .eh_frame      0x000000000002a6a0       0xa0 obj_cooja/mtype218.a(button-sensor.o)
                                         0xb8 (size before relaxing)
 .eh_frame      0x000000000002a740       0xa0 obj_cooja/mtype218.a(leds-arch.o)
                                         0xb8 (size before relaxing)
 .eh_frame      0x000000000002a7e0       0x40 obj_cooja/mtype218.a(moteid.o)
                                         0x58 (size before relaxing)
 .eh_frame      0x000000000002a820       0xa0 obj_cooja/mtype218.a(pir-sensor.o)
                                         0xb8 (size before relaxing)
 .eh_frame      0x000000000002a8c0      0x100 obj_cooja/mtype218.a(rs232.o)
                                        0x118 (size before relaxing)
 .eh_frame      0x000000000002a9c0       0xa0 obj_cooja/mtype218.a(vib-sensor.o)
                                         0xb8 (size before relaxing)
 .eh_frame      0x000000000002aa60       0xc0 obj_cooja/mtype218.a(clock.o)
                                         0xd8 (size before relaxing)
 .eh_frame      0x000000000002ab20      0x120 obj_cooja/mtype218.a(log.o)
                                        0x138 (size before relaxing)
 .eh_frame      0x000000000002ac40      0x160 obj_cooja/mtype218.a(cfs-cooja.o)
                                        0x178 (size before relaxing)
 .eh_frame      0x000000000002ada0      0x2e0 obj_cooja/mtype218.a(cooja-radio.o)
                                        0x2f8 (size before relaxing)
 .eh_frame      0x000000000002b080       0xa0 obj_cooja/mtype218.a(eeprom.o)
                                         0xb8 (size before relaxing)
 .eh_frame      0x000000000002b120       0x40 obj_cooja/mtype218.a(random.o)
                                         0x58 (size before relaxing)
 .eh_frame      0x000000000002b160       0xc0 obj_cooja/mtype218.a(sensors.o)
                                         0xd8 (size before relaxing)
 .eh_frame      0x000000000002b220      0x100 obj_cooja/mtype218.a(leds.o)
                                        0x118 (size before relaxing)
 .eh_frame      0x000000000002b320      0x1a0 obj_cooja/mtype218.a(dual_conf.o)
                                        0x1b8 (size before relaxing)
 .eh_frame      0x000000000002b4c0       0x40 obj_cooja/mtype218.a(autostart.o)
                                         0x58 (size before relaxing)
 .eh_frame      0x000000000002b500      0x100 obj_cooja/mtype218.a(ctimer.o)
                                        0x118 (size before relaxing)
 .eh_frame      0x000000000002b600      0x1e0 obj_cooja/mtype218.a(etimer.o)
                                        0x1f8 (size before relaxing)
 .eh_frame      0x000000000002b7e0       0x40 obj_cooja/mtype218.a(log_message.o)
                                         0x58 (size before relaxing)
 .eh_frame      0x000000000002b820      0x1c8 obj_cooja/mtype218.a(process.o)
                                        0x1e0 (size before relaxing)
 .eh_frame      0x000000000002b9e8       0x2c obj_cooja/mtype218.a(residual.o)
                                         0x44 (size before relaxing)
 .eh_frame      0x000000000002ba14       0x60 obj_cooja/mtype218.a(rtimer.o)
                                         0x78 (size before relaxing)
 .eh_frame      0x000000000002ba74       0xa4 obj_cooja/mtype218.a(timer.o)
                                         0xbc (size before relaxing)
 .eh_frame      0x000000000002bb18       0x60 obj_cooja/mtype218.a(serial-line.o)
                                         0x78 (size before relaxing)
 .eh_frame      0x000000000002bb78      0x180 obj_cooja/mtype218.a(list.o)
                                        0x198 (size before relaxing)
 .eh_frame      0x000000000002bcf8       0xa0 obj_cooja/mtype218.a(ringbuf.o)
                                         0xb8 (size before relaxing)
 .eh_frame      0x000000000002bd98      0x350 obj_cooja/mtype218.a(sicslowpan.o)
                                        0x368 (size before relaxing)
 .eh_frame      0x000000000002c0e8      0x180 obj_cooja/mtype218.a(uip-ds6-nbr.o)
                                        0x198 (size before relaxing)
 .eh_frame      0x000000000002c268      0x3c8 obj_cooja/mtype218.a(uip-ds6.o)
                                        0x3e0 (size before relaxing)
 .eh_frame      0x000000000002c630      0x27c obj_cooja/mtype218.a(uip6.o)
                                        0x294 (size before relaxing)
 .eh_frame      0x000000000002c8ac      0x270 obj_cooja/mtype218.a(tcpip.o)
                                        0x288 (size before relaxing)
 .eh_frame      0x000000000002cb1c       0x48 obj_cooja/mtype218.a(uip-debug.o)
                                         0x60 (size before relaxing)
 .eh_frame      0x000000000002cb64       0xe0 obj_cooja/mtype218.a(uip-packetqueue)
                                         0xf8 (size before relaxing)
 .eh_frame      0x000000000002cc44      0x76c obj_cooja/mtype218.a(rpl-dag.o)
                                        0x784 (size before relaxing)
 .eh_frame      0x000000000002d3b0      0x114 obj_cooja/mtype218.a(rpl-ext-header.)
                                        0x12c (size before relaxing)
 .eh_frame      0x000000000002d4c4      0x2f8 obj_cooja/mtype218.a(rpl-icmp6.o)
                                        0x310 (size before relaxing)
 .eh_frame      0x000000000002d7bc       0xe0 obj_cooja/mtype218.a(rpl-ltmax.o)
                                         0xf8 (size before relaxing)
 .eh_frame      0x000000000002d89c      0x20c obj_cooja/mtype218.a(rpl-timers.o)
                                        0x224 (size before relaxing)
 .eh_frame      0x000000000002daa8      0x148 obj_cooja/mtype218.a(rpl.o)
                                        0x160 (size before relaxing)
 .eh_frame      0x000000000002dbf0      0x298 obj_cooja/mtype218.a(csma.o)
                                        0x2b0 (size before relaxing)
 .eh_frame      0x000000000002de88      0x108 obj_cooja/mtype218.a(framer-802154.o)
                                        0x120 (size before relaxing)
 .eh_frame      0x000000000002df90       0x20 obj_cooja/mtype218.a(mac.o)
                                         0x38 (size before relaxing)
 .eh_frame      0x000000000002dfb0      0x2bc obj_cooja/mtype218.a(cxmac.o)
                                        0x2d4 (size before relaxing)
 .eh_frame      0x000000000002e26c       0x80 obj_cooja/mtype218.a(linkaddr.o)
                                         0x98 (size before relaxing)
 .eh_frame      0x000000000002e2ec      0x2cc obj_cooja/mtype218.a(nbr-table.o)
                                        0x2e4 (size before relaxing)
 .eh_frame      0x000000000002e5b8       0x20 obj_cooja/mtype218.a(netstack.o)
                                         0x38 (size before relaxing)
 .eh_frame      0x000000000002e5d8      0x214 obj_cooja/mtype218.a(packetbuf.o)
                                        0x22c (size before relaxing)
 .eh_frame      0x000000000002e7ec      0x1a0 obj_cooja/mtype218.a(queuebuf.o)
                                        0x1b8 (size before relaxing)
 .eh_frame      0x000000000002e98c       0x80 obj_cooja/mtype218.a(nullsec.o)
                                         0x98 (size before relaxing)
 .eh_frame      0x000000000002ea0c       0xa0 obj_cooja/mtype218.a(watchdog.o)
                                         0xb8 (size before relaxing)
 .eh_frame      0x000000000002eaac       0xc4 obj_cooja/mtype218.a(stimer.o)
                                         0xdc (size before relaxing)
 .eh_frame      0x000000000002eb70       0xa0 obj_cooja/mtype218.a(memb.o)
                                         0xb8 (size before relaxing)
 .eh_frame      0x000000000002ec10      0x2a0 obj_cooja/mtype218.a(uip-ds6-route.o)
                                        0x2b8 (size before relaxing)
 .eh_frame      0x000000000002eeb0      0x168 obj_cooja/mtype218.a(uip-icmp6.o)
                                        0x180 (size before relaxing)
 .eh_frame      0x000000000002f018       0x68 obj_cooja/mtype218.a(uip-nd6.o)
                                         0x80 (size before relaxing)
 .eh_frame      0x000000000002f080       0xc0 obj_cooja/mtype218.a(rpl-nbr-policy.)
                                         0xd8 (size before relaxing)
 .eh_frame      0x000000000002f140      0x164 obj_cooja/mtype218.a(frame802154.o)
                                        0x17c (size before relaxing)
 .eh_frame      0x000000000002f2a4        0x4 /usr/lib/gcc/i686-linux-gnu/4.8/crtendS.o

.gcc_except_table
 *(.gcc_except_table .gcc_except_table.*)

.exception_ranges
 *(.exception_ranges .exception_ranges*)
                0x000000000002f2a8                . = (ALIGN (0x1000) - ((0x1000 - .) & 0xfff))
                0x0000000000030ef8                . = DATA_SEGMENT_ALIGN (0x1000, 0x1000)

.eh_frame
 *(.eh_frame)

.gcc_except_table
 *(.gcc_except_table .gcc_except_table.*)

.exception_ranges
 *(.exception_ranges .exception_ranges*)

.tdata
 *(.tdata .tdata.* .gnu.linkonce.td.*)

.tbss
 *(.tbss .tbss.* .gnu.linkonce.tb.*)
 *(.tcommon)

.preinit_array
 *(.preinit_array)

.init_array     0x0000000000030ef8        0x4
 *(SORT(.init_array.*) SORT(.ctors.*))
 *(.init_array EXCLUDE_FILE(*crtend?.o *crtend.o *crtbegin?.o *crtbegin.o) .ctors)
 .init_array    0x0000000000030ef8        0x4 /usr/lib/gcc/i686-linux-gnu/4.8/crtbeginS.o

.fini_array     0x0000000000030efc        0x4
 *(SORT(.fini_array.*) SORT(.dtors.*))
 *(.fini_array EXCLUDE_FILE(*crtend?.o *crtend.o *crtbegin?.o *crtbegin.o) .dtors)
 .fini_array    0x0000000000030efc        0x4 /usr/lib/gcc/i686-linux-gnu/4.8/crtbeginS.o

.ctors
 *crtbegin.o(.ctors)
 *crtbegin?.o(.ctors)
 *(EXCLUDE_FILE(*crtend?.o *crtend.o) .ctors)
 *(SORT(.ctors.*))
 *(.ctors)

.dtors
 *crtbegin.o(.dtors)
 *crtbegin?.o(.dtors)
 *(EXCLUDE_FILE(*crtend?.o *crtend.o) .dtors)
 *(SORT(.dtors.*))
 *(.dtors)

.jcr            0x0000000000030f00        0x4
 *(.jcr)
 .jcr           0x0000000000030f00        0x0 /usr/lib/gcc/i686-linux-gnu/4.8/crtbeginS.o
 .jcr           0x0000000000030f00        0x4 /usr/lib/gcc/i686-linux-gnu/4.8/crtendS.o

.data.rel.ro
 *(.data.rel.ro.local* .gnu.linkonce.d.rel.ro.local.*)
 *(.data.rel.ro .data.rel.ro.* .gnu.linkonce.d.rel.ro.*)

.dynamic        0x0000000000030f04       0xe8
 *(.dynamic)
 .dynamic       0x0000000000030f04       0xe8 /usr/lib/gcc/i686-linux-gnu/4.8/../../../i386-linux-gnu/crti.o
                0x0000000000030f04                _DYNAMIC

.got            0x0000000000030fec       0x14
 *(.got)
 .got           0x0000000000030fec       0x14 /usr/lib/gcc/i686-linux-gnu/4.8/../../../i386-linux-gnu/crti.o
 *(.igot)
                0x0000000000031ff4                . = DATA_SEGMENT_RELRO_END (., (SIZEOF (.got.plt) >= 0xc)?0xc:0x0)

.got.plt        0x0000000000031000       0x14
 *(.got.plt)
 .got.plt       0x0000000000031000       0x14 /usr/lib/gcc/i686-linux-gnu/4.8/../../../i386-linux-gnu/crti.o
                0x0000000000031000                _GLOBAL_OFFSET_TABLE_
 *(.igot.plt)

.data           0x0000000000031020      0x2c2
 *(.data .data.* .gnu.linkonce.d.*)
 .data          0x0000000000031020        0x0 /usr/lib/gcc/i686-linux-gnu/4.8/../../../i386-linux-gnu/crti.o
 .data          0x0000000000031020        0x0 /usr/lib/gcc/i686-linux-gnu/4.8/crtbeginS.o
 .data.rel      0x0000000000031020        0x4 /usr/lib/gcc/i686-linux-gnu/4.8/crtbeginS.o
                0x0000000000031020                __dso_handle
 .data          0x0000000000031024       0x10 udp-server.co
                0x0000000000031024                udp_server_process
 *fill*         0x0000000000031034        0xc 
 .data          0x0000000000031040       0x44 obj_cooja/mtype218.o
                0x0000000000031040                simInterfaces
                0x0000000000031074                sensors
 .data          0x0000000000031084        0x0 obj_cooja/mtype218.a(simEnvChange.o)
 .data          0x0000000000031084        0x0 obj_cooja/mtype218.a(cooja_mt.o)
 .data          0x0000000000031084        0x0 obj_cooja/mtype218.a(cooja_mtarch.o)
 .data          0x0000000000031084        0x0 obj_cooja/mtype218.a(rtimer-arch.o)
 .data          0x0000000000031084        0x0 obj_cooja/mtype218.a(beep.o)
 .data          0x0000000000031084        0x0 obj_cooja/mtype218.a(button-sensor.o)
 .data          0x0000000000031084        0x0 obj_cooja/mtype218.a(leds-arch.o)
 .data          0x0000000000031084        0x0 obj_cooja/mtype218.a(moteid.o)
 .data          0x0000000000031084        0x0 obj_cooja/mtype218.a(pir-sensor.o)
 .data          0x0000000000031084        0x0 obj_cooja/mtype218.a(rs232.o)
 .data          0x0000000000031084        0x0 obj_cooja/mtype218.a(vib-sensor.o)
 .data          0x0000000000031084        0x0 obj_cooja/mtype218.a(clock.o)
 .data          0x0000000000031084        0x0 obj_cooja/mtype218.a(log.o)
 .data          0x0000000000031084        0x0 obj_cooja/mtype218.a(cfs-cooja.o)
 .data          0x0000000000031084       0x40 obj_cooja/mtype218.a(cooja-radio.o)
                0x0000000000031084                simRadioChannelLR
                0x0000000000031088                simRadioHWOnLR
                0x000000000003108c                simSignalStrengthLR
                0x0000000000031090                simLastSignalStrengthLR
                0x0000000000031094                simPowerLR
                0x0000000000031098                simLQILR
                0x000000000003109c                simRadioChannel
                0x00000000000310a0                simRadioHWOn
                0x00000000000310a4                simSignalStrength
                0x00000000000310a8                simLastSignalStrength
                0x00000000000310ac                simPower
                0x00000000000310b0                simLQI
                0x00000000000310b4                cooja_radio_process
 .data          0x00000000000310c4        0x0 obj_cooja/mtype218.a(eeprom.o)
 .data          0x00000000000310c4        0x0 obj_cooja/mtype218.a(random.o)
 .data          0x00000000000310c4       0x10 obj_cooja/mtype218.a(sensors.o)
                0x00000000000310c4                sensors_process
 .data          0x00000000000310d4        0x0 obj_cooja/mtype218.a(leds.o)
 .data          0x00000000000310d4       0x3a obj_cooja/mtype218.a(dual_conf.o)
                0x00000000000310d4                radio_received
                0x00000000000310d8                dual_dio_broadcast
                0x00000000000310e8                dual_dis_broadcast
                0x00000000000310f8                dual_LSA_converge_broadcast
 .data          0x000000000003110e        0x0 obj_cooja/mtype218.a(autostart.o)
 *fill*         0x000000000003110e        0x2 
 .data          0x0000000000031110       0x14 obj_cooja/mtype218.a(ctimer.o)
                0x0000000000031114                ctimer_process
 .data          0x0000000000031124       0x10 obj_cooja/mtype218.a(etimer.o)
                0x0000000000031124                etimer_process
 .data          0x0000000000031134        0x0 obj_cooja/mtype218.a(log_message.o)
 .data          0x0000000000031134        0x0 obj_cooja/mtype218.a(process.o)
 .data          0x0000000000031134        0x0 obj_cooja/mtype218.a(residual.o)
 .data          0x0000000000031134        0x0 obj_cooja/mtype218.a(rtimer.o)
 .data          0x0000000000031134        0x0 obj_cooja/mtype218.a(timer.o)
 .data          0x0000000000031134       0x10 obj_cooja/mtype218.a(serial-line.o)
                0x0000000000031134                serial_line_process
 .data          0x0000000000031144        0x0 obj_cooja/mtype218.a(list.o)
 .data          0x0000000000031144        0x0 obj_cooja/mtype218.a(ringbuf.o)
 .data          0x0000000000031144        0x0 obj_cooja/mtype218.a(sicslowpan.o)
 .data          0x0000000000031144       0x14 obj_cooja/mtype218.a(uip-ds6-nbr.o)
                0x0000000000031154                ds6_neighbors
 .data          0x0000000000031158        0x0 obj_cooja/mtype218.a(uip-ds6.o)
 .data          0x0000000000031158        0x0 obj_cooja/mtype218.a(uip6.o)
 .data          0x0000000000031158       0x10 obj_cooja/mtype218.a(tcpip.o)
                0x0000000000031158                tcpip_process
 .data          0x0000000000031168        0x0 obj_cooja/mtype218.a(uip-debug.o)
 .data          0x0000000000031168        0xc obj_cooja/mtype218.a(uip-packetqueue)
 .data          0x0000000000031174       0x28 obj_cooja/mtype218.a(rpl-dag.o)
                0x0000000000031184                rpl_parents
                0x0000000000031198                rpl_children
 .data          0x000000000003119c        0x0 obj_cooja/mtype218.a(rpl-ext-header.)
 .data          0x000000000003119c       0x40 obj_cooja/mtype218.a(rpl-icmp6.o)
 .data          0x00000000000311dc       0x1c obj_cooja/mtype218.a(rpl-ltmax.o)
                0x00000000000311dc                rpl_ltmax_of
 .data          0x00000000000311f8        0x0 obj_cooja/mtype218.a(rpl-timers.o)
 .data          0x00000000000311f8        0x0 obj_cooja/mtype218.a(rpl.o)
 .data          0x00000000000311f8       0x28 obj_cooja/mtype218.a(csma.o)
 .data          0x0000000000031220        0x0 obj_cooja/mtype218.a(framer-802154.o)
 .data          0x0000000000031220        0x0 obj_cooja/mtype218.a(mac.o)
 .data          0x0000000000031220       0x30 obj_cooja/mtype218.a(cxmac.o)
                0x0000000000031220                cxmac_config
                0x0000000000031230                strobe_wait
 .data          0x0000000000031250        0x0 obj_cooja/mtype218.a(linkaddr.o)
 .data          0x0000000000031250       0x10 obj_cooja/mtype218.a(nbr-table.o)
 .data          0x0000000000031260        0x0 obj_cooja/mtype218.a(netstack.o)
 .data          0x0000000000031260        0x4 obj_cooja/mtype218.a(packetbuf.o)
 .data          0x0000000000031264       0x18 obj_cooja/mtype218.a(queuebuf.o)
 .data          0x000000000003127c        0x0 obj_cooja/mtype218.a(nullsec.o)
 .data          0x000000000003127c        0x0 obj_cooja/mtype218.a(watchdog.o)
 .data          0x000000000003127c        0x0 obj_cooja/mtype218.a(rimestats.o)
 .data          0x000000000003127c        0x0 obj_cooja/mtype218.a(stimer.o)
 .data          0x000000000003127c        0x0 obj_cooja/mtype218.a(memb.o)
 .data          0x000000000003127c       0x44 obj_cooja/mtype218.a(uip-ds6-route.o)
                0x000000000003128c                nbr_routes
 .data          0x00000000000312c0       0x20 obj_cooja/mtype218.a(uip-icmp6.o)
 .data          0x00000000000312e0        0x0 obj_cooja/mtype218.a(uip-nd6.o)
 .data          0x00000000000312e0        0x0 obj_cooja/mtype218.a(rpl-nbr-policy.)
 .data          0x00000000000312e0        0x2 obj_cooja/mtype218.a(frame802154.o)
 .data          0x00000000000312e2        0x0 /usr/lib/gcc/i686-linux-gnu/4.8/crtendS.o
 .data          0x00000000000312e2        0x0 /usr/lib/gcc/i686-linux-gnu/4.8/../../../i386-linux-gnu/crtn.o

.tm_clone_table
                0x00000000000312e4        0x0
 .tm_clone_table
                0x00000000000312e4        0x0 /usr/lib/gcc/i686-linux-gnu/4.8/crtbeginS.o
 .tm_clone_table
                0x00000000000312e4        0x0 /usr/lib/gcc/i686-linux-gnu/4.8/crtendS.o

.data1
 *(.data1)
                0x00000000000312e4                _edata = .
                0x00000000000312e4                PROVIDE (edata, .)
                0x00000000000312e4                . = .
                0x00000000000312e4                __bss_start = .

.bss            0x0000000000031300     0x8548
 *(.dynbss)
 .dynbss        0x0000000000000000        0x0 /usr/lib/gcc/i686-linux-gnu/4.8/../../../i386-linux-gnu/crti.o
 *(.bss .bss.* .gnu.linkonce.b.*)
 .bss           0x0000000000031300        0x0 /usr/lib/gcc/i686-linux-gnu/4.8/../../../i386-linux-gnu/crti.o
 .bss           0x0000000000031300        0x1 /usr/lib/gcc/i686-linux-gnu/4.8/crtbeginS.o
 *fill*         0x0000000000031301        0x3 
 .bss           0x0000000000031304        0x8 udp-server.co
                0x0000000000031304                my_weight
 *fill*         0x000000000003130c       0x14 
 .bss           0x0000000000031320     0x2030 obj_cooja/mtype218.o
 .bss           0x0000000000033350        0x1 obj_cooja/mtype218.a(simEnvChange.o)
                0x0000000000033350                simDontFallAsleep
 *fill*         0x0000000000033351        0x3 
 .bss           0x0000000000033354        0x4 obj_cooja/mtype218.a(cooja_mt.o)
 .bss           0x0000000000033358        0x4 obj_cooja/mtype218.a(cooja_mtarch.o)
 .bss           0x000000000003335c        0xc obj_cooja/mtype218.a(rtimer-arch.o)
 .bss           0x0000000000033368        0x0 obj_cooja/mtype218.a(beep.o)
 .bss           0x0000000000033368        0x8 obj_cooja/mtype218.a(button-sensor.o)
 .bss           0x0000000000033370        0x0 obj_cooja/mtype218.a(leds-arch.o)
 .bss           0x0000000000033370        0x0 obj_cooja/mtype218.a(moteid.o)
 .bss           0x0000000000033370        0x1 obj_cooja/mtype218.a(pir-sensor.o)
                0x0000000000033370                simPirValue
 *fill*         0x0000000000033371        0x3 
 .bss           0x0000000000033374        0x4 obj_cooja/mtype218.a(rs232.o)
 .bss           0x0000000000033378        0x1 obj_cooja/mtype218.a(vib-sensor.o)
                0x0000000000033378                simVibValue
 .bss           0x0000000000033379        0x0 obj_cooja/mtype218.a(clock.o)
 *fill*         0x0000000000033379        0x7 
 .bss           0x0000000000033380      0x420 obj_cooja/mtype218.a(log.o)
 .bss           0x00000000000337a0      0xfc0 obj_cooja/mtype218.a(cfs-cooja.o)
                0x00000000000337a0                simCFSData
                0x0000000000034740                simCFSSize
                0x0000000000034744                simCFSChanged
                0x0000000000034748                simCFSRead
                0x000000000003474c                simCFSWritten
 .bss           0x0000000000034760       0x24 obj_cooja/mtype218.a(cooja-radio.o)
                0x0000000000034760                simReceivingLR
                0x0000000000034764                simInSizeLR
                0x0000000000034768                simOutSizeLR
                0x000000000003476c                simReceiving
                0x0000000000034770                simInSize
                0x0000000000034774                simOutSize
                0x0000000000034778                LongRangeTransmit
                0x000000000003477c                LongRangeReceiving
 .bss           0x0000000000034784        0xc obj_cooja/mtype218.a(eeprom.o)
                0x0000000000034784                simEEPROMChanged
                0x0000000000034788                simEEPROMRead
                0x000000000003478c                simEEPROMWritten
 .bss           0x0000000000034790        0x0 obj_cooja/mtype218.a(random.o)
 .bss           0x0000000000034790        0xc obj_cooja/mtype218.a(sensors.o)
 .bss           0x000000000003479c        0x1 obj_cooja/mtype218.a(leds.o)
 *fill*         0x000000000003479d        0x3 
 .bss           0x00000000000347a0       0x40 obj_cooja/mtype218.a(dual_conf.o)
                0x00000000000347a0                long_range_radio
 .bss           0x00000000000347e0        0x0 obj_cooja/mtype218.a(autostart.o)
 .bss           0x00000000000347e0        0x5 obj_cooja/mtype218.a(ctimer.o)
 *fill*         0x00000000000347e5        0x3 
 .bss           0x00000000000347e8        0x8 obj_cooja/mtype218.a(etimer.o)
 .bss           0x00000000000347f0        0x0 obj_cooja/mtype218.a(log_message.o)
 *fill*         0x00000000000347f0       0x10 
 .bss           0x0000000000034800      0x1b1 obj_cooja/mtype218.a(process.o)
                0x0000000000034800                process_list
                0x0000000000034804                process_current
 .bss           0x00000000000349b1        0x0 obj_cooja/mtype218.a(residual.o)
 *fill*         0x00000000000349b1        0x3 
 .bss           0x00000000000349b4        0x4 obj_cooja/mtype218.a(rtimer.o)
 .bss           0x00000000000349b8        0x0 obj_cooja/mtype218.a(timer.o)
 *fill*         0x00000000000349b8        0x8 
 .bss           0x00000000000349c0      0x140 obj_cooja/mtype218.a(serial-line.o)
 .bss           0x0000000000034b00        0x0 obj_cooja/mtype218.a(list.o)
 .bss           0x0000000000034b00        0x0 obj_cooja/mtype218.a(ringbuf.o)
 .bss           0x0000000000034b00      0x70c obj_cooja/mtype218.a(sicslowpan.o)
 *fill*         0x000000000003520c       0x14 
 .bss           0x0000000000035220       0xc0 obj_cooja/mtype218.a(uip-ds6-nbr.o)
 .bss           0x00000000000352e0       0x30 obj_cooja/mtype218.a(uip-ds6.o)
 .bss           0x0000000000035310        0xe obj_cooja/mtype218.a(uip6.o)
                0x0000000000035310                uip_ext_bitmap
                0x0000000000035311                uip_ext_len
                0x0000000000035312                uip_ext_opt_offset
 *fill*         0x000000000003531e        0x2 
 .bss           0x0000000000035320       0x6b obj_cooja/mtype218.a(tcpip.o)
 .bss           0x000000000003538b        0x0 obj_cooja/mtype218.a(uip-debug.o)
 *fill*         0x000000000003538b       0x15 
 .bss           0x00000000000353a0      0xcf8 obj_cooja/mtype218.a(uip-packetqueue)
 *fill*         0x0000000000036098        0x8 
 .bss           0x00000000000360a0       0x88 obj_cooja/mtype218.a(rpl-dag.o)
 .bss           0x0000000000036128        0x0 obj_cooja/mtype218.a(rpl-ext-header.)
 .bss           0x0000000000036128        0x0 obj_cooja/mtype218.a(rpl-icmp6.o)
 .bss           0x0000000000036128        0x0 obj_cooja/mtype218.a(rpl-ltmax.o)
 *fill*         0x0000000000036128       0x18 
 .bss           0x0000000000036140       0x60 obj_cooja/mtype218.a(rpl-timers.o)
 .bss           0x00000000000361a0        0x4 obj_cooja/mtype218.a(rpl.o)
 *fill*         0x00000000000361a4       0x1c 
 .bss           0x00000000000361c0      0x248 obj_cooja/mtype218.a(csma.o)
 .bss           0x0000000000036408        0x2 obj_cooja/mtype218.a(framer-802154.o)
 .bss           0x000000000003640a        0x0 obj_cooja/mtype218.a(mac.o)
 *fill*         0x000000000003640a       0x16 
 .bss           0x0000000000036420       0xb1 obj_cooja/mtype218.a(cxmac.o)
 .bss           0x00000000000364d1        0x0 obj_cooja/mtype218.a(linkaddr.o)
 *fill*         0x00000000000364d1        0xf 
 .bss           0x00000000000364e0       0xc4 obj_cooja/mtype218.a(nbr-table.o)
 .bss           0x00000000000365a4        0x0 obj_cooja/mtype218.a(netstack.o)
 *fill*         0x00000000000365a4       0x1c 
 .bss           0x00000000000365c0       0xa0 obj_cooja/mtype218.a(packetbuf.o)
 .bss           0x0000000000036660      0xb80 obj_cooja/mtype218.a(queuebuf.o)
 .bss           0x00000000000371e0        0x0 obj_cooja/mtype218.a(nullsec.o)
 .bss           0x00000000000371e0        0x0 obj_cooja/mtype218.a(watchdog.o)
 .bss           0x00000000000371e0        0x0 obj_cooja/mtype218.a(rimestats.o)
 .bss           0x00000000000371e0        0x0 obj_cooja/mtype218.a(stimer.o)
 .bss           0x00000000000371e0        0x0 obj_cooja/mtype218.a(memb.o)
 .bss           0x00000000000371e0      0x4a8 obj_cooja/mtype218.a(uip-ds6-route.o)
 .bss           0x0000000000037688       0x18 obj_cooja/mtype218.a(uip-icmp6.o)
 .bss           0x00000000000376a0        0x0 obj_cooja/mtype218.a(uip-nd6.o)
 .bss           0x00000000000376a0       0x44 obj_cooja/mtype218.a(rpl-nbr-policy.)
 .bss           0x00000000000376e4        0x0 obj_cooja/mtype218.a(frame802154.o)
 .bss           0x00000000000376e4        0x0 /usr/lib/gcc/i686-linux-gnu/4.8/crtendS.o
 .bss           0x00000000000376e4        0x0 /usr/lib/gcc/i686-linux-gnu/4.8/../../../i386-linux-gnu/crtn.o
 *(COMMON)
 COMMON         0x00000000000376e4        0x7 udp-server.co
                0x00000000000376e4                LSA_message_input
                0x00000000000376e5                LSA_SR_preamble
                0x00000000000376e6                LSA_lr_child
                0x00000000000376e7                LSA_converge
                0x00000000000376e8                my_sink_reachability
                0x00000000000376e9                my_parent_number
                0x00000000000376ea                LSA_message_flag
 *fill*         0x00000000000376eb        0x1 
 COMMON         0x00000000000376ec       0x64 obj_cooja/mtype218.o
                0x00000000000376ec                dio_count
                0x00000000000376f0                dis_count
                0x00000000000376f4                collision_count
                0x00000000000376f8                tcp_output_count
                0x00000000000376fc                transmission_count
                0x0000000000037700                dao_ack_fwd_count
                0x0000000000037704                COOJA_radioRxLong
                0x0000000000037708                control_message_count
                0x000000000003770c                dao_count
                0x0000000000037710                icmp_count
                0x0000000000037714                COOJA_radioTx
                0x0000000000037718                referenceVar
                0x000000000003771c                dao_ack_count
                0x0000000000037720                data_message_count
                0x0000000000037724                COOJA_radioTxLong
                0x0000000000037728                COOJA_radioRx
                0x000000000003772c                debugfp
                0x0000000000037730                COOJA_radioOn
                0x0000000000037734                LSA_count
                0x0000000000037738                dao_fwd_count
                0x000000000003773c                COOJA_duration
                0x0000000000037740                dio_ack_count
                0x0000000000037744                COOJA_radioOnLong
                0x0000000000037748                sensors_flags
                0x000000000003774c                data_fwd_count
 COMMON         0x0000000000037750        0xc obj_cooja/mtype218.a(simEnvChange.o)
                0x0000000000037750                simEtimerPending
                0x0000000000037754                simProcessRunValue
                0x0000000000037758                simNextExpirationTime
 COMMON         0x000000000003775c        0x1 obj_cooja/mtype218.a(beep.o)
                0x000000000003775c                simBeeped
 COMMON         0x000000000003775d        0x3 obj_cooja/mtype218.a(button-sensor.o)
                0x000000000003775d                simButtonIsActive
                0x000000000003775e                simButtonIsDown
                0x000000000003775f                simButtonChanged
 COMMON         0x0000000000037760        0x1 obj_cooja/mtype218.a(leds-arch.o)
                0x0000000000037760                simLedsValue
 *fill*         0x0000000000037761        0x3 
 COMMON         0x0000000000037764        0xc obj_cooja/mtype218.a(moteid.o)
                0x0000000000037764                simRandomSeed
                0x0000000000037768                simMoteIDChanged
                0x000000000003776c                simMoteID
 COMMON         0x0000000000037770        0x2 obj_cooja/mtype218.a(pir-sensor.o)
                0x0000000000037770                simPirIsActive
                0x0000000000037771                simPirChanged
 *fill*         0x0000000000037772        0xe 
 COMMON         0x0000000000037780      0x820 obj_cooja/mtype218.a(rs232.o)
                0x0000000000037780                simSerialReceivingFlag
                0x0000000000037784                simSerialReceivingLength
                0x00000000000377a0                simSerialReceivingData
 COMMON         0x0000000000037fa0        0x2 obj_cooja/mtype218.a(vib-sensor.o)
                0x0000000000037fa0                simVibChanged
                0x0000000000037fa1                simVibIsActive
 *fill*         0x0000000000037fa2        0x2 
 COMMON         0x0000000000037fa4        0x4 obj_cooja/mtype218.a(clock.o)
                0x0000000000037fa4                simCurrentTime
 *fill*         0x0000000000037fa8       0x18 
 COMMON         0x0000000000037fc0      0x420 obj_cooja/mtype218.a(log.o)
                0x0000000000037fc0                simLoggedLength
                0x0000000000037fc4                simLoggedFlag
                0x0000000000037fe0                simLoggedData
 COMMON         0x00000000000383e0      0x240 obj_cooja/mtype218.a(cooja-radio.o)
                0x00000000000383e0                simOutDataBuffer
                0x0000000000038460                simRadioTarget
                0x0000000000038480                simInDataBufferLR
                0x0000000000038500                simOutDataBufferLR
                0x0000000000038580                dual_duty_cycle_count
                0x00000000000385a0                simInDataBuffer
 COMMON         0x0000000000038620      0x400 obj_cooja/mtype218.a(eeprom.o)
                0x0000000000038620                simEEPROMData
 COMMON         0x0000000000038a20        0x1 obj_cooja/mtype218.a(sensors.o)
                0x0000000000038a20                sensors_event
 *fill*         0x0000000000038a21        0x3 
 COMMON         0x0000000000038a24        0x4 obj_cooja/mtype218.a(log_message.o)
                0x0000000000038a24                log_fp
 COMMON         0x0000000000038a28        0x1 obj_cooja/mtype218.a(serial-line.o)
                0x0000000000038a28                serial_line_event_message
 *fill*         0x0000000000038a29       0x17 
 COMMON         0x0000000000038a40       0x50 obj_cooja/mtype218.a(uip-ds6-nbr.o)
                0x0000000000038a40                ds6_lr_addrmap
 *fill*         0x0000000000038a90       0x10 
 COMMON         0x0000000000038aa0      0x298 obj_cooja/mtype218.a(uip-ds6.o)
                0x0000000000038aa0                uip_ds6_prefix_list
                0x0000000000038b00                uip_ds6_timer_periodic
                0x0000000000038b10                uip_ds6_netif_addr_list_offset
                0x0000000000038b20                uip_ds6_if
                0x0000000000038c18                uip_ds6_timer_ra
                0x0000000000038c20                uip_ds6_addr_size
                0x0000000000038c40                long_uip_ds6_if
 *fill*         0x0000000000038d38        0x8 
 COMMON         0x0000000000038d40      0x8ec obj_cooja/mtype218.a(uip6.o)
                0x0000000000038d40                uip_slen
                0x0000000000038d42                uip_acc32
                0x0000000000038d60                uip_conns
                0x0000000000038e20                uip_lladdr
                0x0000000000038e28                uip_appdata
                0x0000000000038e2c                uip_flags
                0x0000000000038e40                uip_aligned_buf
                0x0000000000039480                uip_listenports
                0x0000000000039490                uip_len
                0x0000000000039492                uip_long_lladdr
                0x000000000003949c                uip_sappdata
                0x00000000000394a0                uip_udp_conns
                0x0000000000039620                uip_udp_conn
                0x0000000000039624                uip_next_hdr
                0x0000000000039628                uip_conn
 COMMON         0x000000000003962c        0x1 obj_cooja/mtype218.a(tcpip.o)
                0x000000000003962c                tcpip_event
 *fill*         0x000000000003962d       0x13 
 COMMON         0x0000000000039640      0x178 obj_cooja/mtype218.a(rpl-dag.o)
                0x0000000000039640                default_instance
                0x0000000000039660                instance_table
 COMMON         0x00000000000397b8       0x10 obj_cooja/mtype218.a(linkaddr.o)
                0x00000000000397b8                linkaddr_node_addr
                0x00000000000397c0                long_linkaddr_node_addr
 COMMON         0x00000000000397c8       0x2e obj_cooja/mtype218.a(packetbuf.o)
                0x00000000000397c8                packetbuf_attrs
                0x00000000000397e6                packetbuf_addrs
 *fill*         0x00000000000397f6        0xa 
 COMMON         0x0000000000039800       0x48 obj_cooja/mtype218.a(rimestats.o)
                0x0000000000039800                rimestats
                0x0000000000039848                . = ALIGN ((. != 0x0)?0x4:0x1)
                0x0000000000039848                . = ALIGN (0x4)
                0x0000000000039848                . = SEGMENT_START ("ldata-segment", .)
                0x0000000000039848                . = ALIGN (0x4)
                0x0000000000039848                _end = .
                0x0000000000039848                PROVIDE (end, .)
                0x0000000000039848                . = DATA_SEGMENT_END (.)

.stab
 *(.stab)

.stabstr
 *(.stabstr)

.stab.excl
 *(.stab.excl)

.stab.exclstr
 *(.stab.exclstr)

.stab.index
 *(.stab.index)

.stab.indexstr
 *(.stab.indexstr)

.comment        0x0000000000000000       0x29
 *(.comment)
 .comment       0x0000000000000000       0x29 /usr/lib/gcc/i686-linux-gnu/4.8/crtbeginS.o
                                         0x2a (size before relaxing)
 .comment       0x0000000000000000       0x2a udp-server.co
 .comment       0x0000000000000000       0x2a obj_cooja/mtype218.o
 .comment       0x0000000000000000       0x2a obj_cooja/mtype218.a(simEnvChange.o)
 .comment       0x0000000000000000       0x2a obj_cooja/mtype218.a(cooja_mt.o)
 .comment       0x0000000000000000       0x2a obj_cooja/mtype218.a(cooja_mtarch.o)
 .comment       0x0000000000000000       0x2a obj_cooja/mtype218.a(rtimer-arch.o)
 .comment       0x0000000000000000       0x2a obj_cooja/mtype218.a(beep.o)
 .comment       0x0000000000000000       0x2a obj_cooja/mtype218.a(button-sensor.o)
 .comment       0x0000000000000000       0x2a obj_cooja/mtype218.a(leds-arch.o)
 .comment       0x0000000000000000       0x2a obj_cooja/mtype218.a(moteid.o)
 .comment       0x0000000000000000       0x2a obj_cooja/mtype218.a(pir-sensor.o)
 .comment       0x0000000000000000       0x2a obj_cooja/mtype218.a(rs232.o)
 .comment       0x0000000000000000       0x2a obj_cooja/mtype218.a(vib-sensor.o)
 .comment       0x0000000000000000       0x2a obj_cooja/mtype218.a(clock.o)
 .comment       0x0000000000000000       0x2a obj_cooja/mtype218.a(log.o)
 .comment       0x0000000000000000       0x2a obj_cooja/mtype218.a(cfs-cooja.o)
 .comment       0x0000000000000000       0x2a obj_cooja/mtype218.a(cooja-radio.o)
 .comment       0x0000000000000000       0x2a obj_cooja/mtype218.a(eeprom.o)
 .comment       0x0000000000000000       0x2a obj_cooja/mtype218.a(random.o)
 .comment       0x0000000000000000       0x2a obj_cooja/mtype218.a(sensors.o)
 .comment       0x0000000000000000       0x2a obj_cooja/mtype218.a(leds.o)
 .comment       0x0000000000000000       0x2a obj_cooja/mtype218.a(dual_conf.o)
 .comment       0x0000000000000000       0x2a obj_cooja/mtype218.a(autostart.o)
 .comment       0x0000000000000000       0x2a obj_cooja/mtype218.a(ctimer.o)
 .comment       0x0000000000000000       0x2a obj_cooja/mtype218.a(etimer.o)
 .comment       0x0000000000000000       0x2a obj_cooja/mtype218.a(log_message.o)
 .comment       0x0000000000000000       0x2a obj_cooja/mtype218.a(process.o)
 .comment       0x0000000000000000       0x2a obj_cooja/mtype218.a(residual.o)
 .comment       0x0000000000000000       0x2a obj_cooja/mtype218.a(rtimer.o)
 .comment       0x0000000000000000       0x2a obj_cooja/mtype218.a(timer.o)
 .comment       0x0000000000000000       0x2a obj_cooja/mtype218.a(serial-line.o)
 .comment       0x0000000000000000       0x2a obj_cooja/mtype218.a(list.o)
 .comment       0x0000000000000000       0x2a obj_cooja/mtype218.a(ringbuf.o)
 .comment       0x0000000000000000       0x2a obj_cooja/mtype218.a(sicslowpan.o)
 .comment       0x0000000000000000       0x2a obj_cooja/mtype218.a(uip-ds6-nbr.o)
 .comment       0x0000000000000000       0x2a obj_cooja/mtype218.a(uip-ds6.o)
 .comment       0x0000000000000000       0x2a obj_cooja/mtype218.a(uip6.o)
 .comment       0x0000000000000000       0x2a obj_cooja/mtype218.a(tcpip.o)
 .comment       0x0000000000000000       0x2a obj_cooja/mtype218.a(uip-debug.o)
 .comment       0x0000000000000000       0x2a obj_cooja/mtype218.a(uip-packetqueue)
 .comment       0x0000000000000000       0x2a obj_cooja/mtype218.a(rpl-dag.o)
 .comment       0x0000000000000000       0x2a obj_cooja/mtype218.a(rpl-ext-header.)
 .comment       0x0000000000000000       0x2a obj_cooja/mtype218.a(rpl-icmp6.o)
 .comment       0x0000000000000000       0x2a obj_cooja/mtype218.a(rpl-ltmax.o)
 .comment       0x0000000000000000       0x2a obj_cooja/mtype218.a(rpl-timers.o)
 .comment       0x0000000000000000       0x2a obj_cooja/mtype218.a(rpl.o)
 .comment       0x0000000000000000       0x2a obj_cooja/mtype218.a(csma.o)
 .comment       0x0000000000000000       0x2a obj_cooja/mtype218.a(framer-802154.o)
 .comment       0x0000000000000000       0x2a obj_cooja/mtype218.a(mac.o)
 .comment       0x0000000000000000       0x2a obj_cooja/mtype218.a(cxmac.o)
 .comment       0x0000000000000000       0x2a obj_cooja/mtype218.a(linkaddr.o)
 .comment       0x0000000000000000       0x2a obj_cooja/mtype218.a(nbr-table.o)
 .comment       0x0000000000000000       0x2a obj_cooja/mtype218.a(netstack.o)
 .comment       0x0000000000000000       0x2a obj_cooja/mtype218.a(packetbuf.o)
 .comment       0x0000000000000000       0x2a obj_cooja/mtype218.a(queuebuf.o)
 .comment       0x0000000000000000       0x2a obj_cooja/mtype218.a(nullsec.o)
 .comment       0x0000000000000000       0x2a obj_cooja/mtype218.a(watchdog.o)
 .comment       0x0000000000000000       0x2a obj_cooja/mtype218.a(rimestats.o)
 .comment       0x0000000000000000       0x2a obj_cooja/mtype218.a(stimer.o)
 .comment       0x0000000000000000       0x2a obj_cooja/mtype218.a(memb.o)
 .comment       0x0000000000000000       0x2a obj_cooja/mtype218.a(uip-ds6-route.o)
 .comment       0x0000000000000000       0x2a obj_cooja/mtype218.a(uip-icmp6.o)
 .comment       0x0000000000000000       0x2a obj_cooja/mtype218.a(uip-nd6.o)
 .comment       0x0000000000000000       0x2a obj_cooja/mtype218.a(rpl-nbr-policy.)
 .comment       0x0000000000000000       0x2a obj_cooja/mtype218.a(frame802154.o)
 .comment       0x0000000000000000       0x2a /usr/lib/gcc/i686-linux-gnu/4.8/crtendS.o

.debug
 *(.debug)

.line
 *(.line)

.debug_srcinfo
 *(.debug_srcinfo)

.debug_sfnames
 *(.debug_sfnames)

.debug_aranges  0x0000000000000000      0x818
 *(.debug_aranges)
 .debug_aranges
                0x0000000000000000       0x20 udp-server.co
 .debug_aranges
                0x0000000000000020       0x20 obj_cooja/mtype218.o
 .debug_aranges
                0x0000000000000040       0x20 obj_cooja/mtype218.a(simEnvChange.o)
 .debug_aranges
                0x0000000000000060       0x20 obj_cooja/mtype218.a(cooja_mt.o)
 .debug_aranges
                0x0000000000000080       0x20 obj_cooja/mtype218.a(cooja_mtarch.o)
 .debug_aranges
                0x00000000000000a0       0x20 obj_cooja/mtype218.a(rtimer-arch.o)
 .debug_aranges
                0x00000000000000c0       0x20 obj_cooja/mtype218.a(beep.o)
 .debug_aranges
                0x00000000000000e0       0x20 obj_cooja/mtype218.a(button-sensor.o)
 .debug_aranges
                0x0000000000000100       0x20 obj_cooja/mtype218.a(leds-arch.o)
 .debug_aranges
                0x0000000000000120       0x20 obj_cooja/mtype218.a(moteid.o)
 .debug_aranges
                0x0000000000000140       0x20 obj_cooja/mtype218.a(pir-sensor.o)
 .debug_aranges
                0x0000000000000160       0x20 obj_cooja/mtype218.a(rs232.o)
 .debug_aranges
                0x0000000000000180       0x20 obj_cooja/mtype218.a(vib-sensor.o)
 .debug_aranges
                0x00000000000001a0       0x20 obj_cooja/mtype218.a(clock.o)
 .debug_aranges
                0x00000000000001c0       0x20 obj_cooja/mtype218.a(log.o)
 .debug_aranges
                0x00000000000001e0       0x20 obj_cooja/mtype218.a(cfs-cooja.o)
 .debug_aranges
                0x0000000000000200       0x20 obj_cooja/mtype218.a(cooja-radio.o)
 .debug_aranges
                0x0000000000000220       0x20 obj_cooja/mtype218.a(eeprom.o)
 .debug_aranges
                0x0000000000000240       0x20 obj_cooja/mtype218.a(random.o)
 .debug_aranges
                0x0000000000000260       0x20 obj_cooja/mtype218.a(sensors.o)
 .debug_aranges
                0x0000000000000280       0x20 obj_cooja/mtype218.a(leds.o)
 .debug_aranges
                0x00000000000002a0       0x20 obj_cooja/mtype218.a(dual_conf.o)
 .debug_aranges
                0x00000000000002c0       0x20 obj_cooja/mtype218.a(autostart.o)
 .debug_aranges
                0x00000000000002e0       0x20 obj_cooja/mtype218.a(ctimer.o)
 .debug_aranges
                0x0000000000000300       0x20 obj_cooja/mtype218.a(etimer.o)
 .debug_aranges
                0x0000000000000320       0x20 obj_cooja/mtype218.a(log_message.o)
 .debug_aranges
                0x0000000000000340       0x20 obj_cooja/mtype218.a(process.o)
 .debug_aranges
                0x0000000000000360       0x20 obj_cooja/mtype218.a(residual.o)
 .debug_aranges
                0x0000000000000380       0x20 obj_cooja/mtype218.a(rtimer.o)
 .debug_aranges
                0x00000000000003a0       0x20 obj_cooja/mtype218.a(timer.o)
 .debug_aranges
                0x00000000000003c0       0x20 obj_cooja/mtype218.a(serial-line.o)
 .debug_aranges
                0x00000000000003e0       0x20 obj_cooja/mtype218.a(list.o)
 .debug_aranges
                0x0000000000000400       0x20 obj_cooja/mtype218.a(ringbuf.o)
 .debug_aranges
                0x0000000000000420       0x20 obj_cooja/mtype218.a(sicslowpan.o)
 .debug_aranges
                0x0000000000000440       0x20 obj_cooja/mtype218.a(uip-ds6-nbr.o)
 .debug_aranges
                0x0000000000000460       0x20 obj_cooja/mtype218.a(uip-ds6.o)
 .debug_aranges
                0x0000000000000480       0x20 obj_cooja/mtype218.a(uip6.o)
 .debug_aranges
                0x00000000000004a0       0x20 obj_cooja/mtype218.a(tcpip.o)
 .debug_aranges
                0x00000000000004c0       0x20 obj_cooja/mtype218.a(uip-debug.o)
 .debug_aranges
                0x00000000000004e0       0x20 obj_cooja/mtype218.a(uip-packetqueue)
 .debug_aranges
                0x0000000000000500       0x20 obj_cooja/mtype218.a(rpl-dag.o)
 .debug_aranges
                0x0000000000000520       0x20 obj_cooja/mtype218.a(rpl-ext-header.)
 .debug_aranges
                0x0000000000000540       0x20 obj_cooja/mtype218.a(rpl-icmp6.o)
 .debug_aranges
                0x0000000000000560       0x20 obj_cooja/mtype218.a(rpl-ltmax.o)
 .debug_aranges
                0x0000000000000580       0x20 obj_cooja/mtype218.a(rpl-timers.o)
 .debug_aranges
                0x00000000000005a0       0x20 obj_cooja/mtype218.a(rpl.o)
 .debug_aranges
                0x00000000000005c0       0x20 obj_cooja/mtype218.a(csma.o)
 .debug_aranges
                0x00000000000005e0       0x20 obj_cooja/mtype218.a(framer-802154.o)
 .debug_aranges
                0x0000000000000600       0x20 obj_cooja/mtype218.a(mac.o)
 .debug_aranges
                0x0000000000000620       0x20 obj_cooja/mtype218.a(cxmac.o)
 .debug_aranges
                0x0000000000000640       0x20 obj_cooja/mtype218.a(linkaddr.o)
 .debug_aranges
                0x0000000000000660       0x20 obj_cooja/mtype218.a(nbr-table.o)
 .debug_aranges
                0x0000000000000680       0x20 obj_cooja/mtype218.a(netstack.o)
 .debug_aranges
                0x00000000000006a0       0x20 obj_cooja/mtype218.a(packetbuf.o)
 .debug_aranges
                0x00000000000006c0       0x20 obj_cooja/mtype218.a(queuebuf.o)
 .debug_aranges
                0x00000000000006e0       0x20 obj_cooja/mtype218.a(nullsec.o)
 .debug_aranges
                0x0000000000000700       0x20 obj_cooja/mtype218.a(watchdog.o)
 .debug_aranges
                0x0000000000000720       0x18 obj_cooja/mtype218.a(rimestats.o)
 .debug_aranges
                0x0000000000000738       0x20 obj_cooja/mtype218.a(stimer.o)
 .debug_aranges
                0x0000000000000758       0x20 obj_cooja/mtype218.a(memb.o)
 .debug_aranges
                0x0000000000000778       0x20 obj_cooja/mtype218.a(uip-ds6-route.o)
 .debug_aranges
                0x0000000000000798       0x20 obj_cooja/mtype218.a(uip-icmp6.o)
 .debug_aranges
                0x00000000000007b8       0x20 obj_cooja/mtype218.a(uip-nd6.o)
 .debug_aranges
                0x00000000000007d8       0x20 obj_cooja/mtype218.a(rpl-nbr-policy.)
 .debug_aranges
                0x00000000000007f8       0x20 obj_cooja/mtype218.a(frame802154.o)

.debug_pubnames
 *(.debug_pubnames)

.debug_info     0x0000000000000000    0x1e32a
 *(.debug_info .gnu.linkonce.wi.*)
 .debug_info    0x0000000000000000      0xe96 udp-server.co
 .debug_info    0x0000000000000e96     0x3b2a obj_cooja/mtype218.o
 .debug_info    0x00000000000049c0      0x15a obj_cooja/mtype218.a(simEnvChange.o)
 .debug_info    0x0000000000004b1a      0x1e2 obj_cooja/mtype218.a(cooja_mt.o)