Archive member included to satisfy reference by file (symbol)

obj_cooja/mtype238.a(simEnvChange.o)
                              obj_cooja/mtype238.o (simDontFallAsleep)
obj_cooja/mtype238.a(cooja_mt.o)
                              obj_cooja/mtype238.o (cooja_mt_start)
obj_cooja/mtype238.a(cooja_mtarch.o)
                              obj_cooja/mtype238.a(cooja_mt.o) (cooja_mtarch_init)
obj_cooja/mtype238.a(rtimer-arch.o)
                              obj_cooja/mtype238.o (rtimer_arch_next)
obj_cooja/mtype238.a(beep.o)  obj_cooja/mtype238.o (beep_interface)
obj_cooja/mtype238.a(button-sensor.o)
                              obj_cooja/mtype238.o (button_interface)
obj_cooja/mtype238.a(leds-arch.o)
                              obj_cooja/mtype238.o (leds_interface)
obj_cooja/mtype238.a(moteid.o)
                              obj_cooja/mtype238.o (moteid_interface)
obj_cooja/mtype238.a(pir-sensor.o)
                              obj_cooja/mtype238.o (pir_interface)
obj_cooja/mtype238.a(rs232.o)
                              obj_cooja/mtype238.o (rs232_interface)
obj_cooja/mtype238.a(vib-sensor.o)
                              obj_cooja/mtype238.o (vib_interface)
obj_cooja/mtype238.a(clock.o)
                              obj_cooja/mtype238.o (clock_interface)
obj_cooja/mtype238.a(log.o)   obj_cooja/mtype238.o (simlog_interface)
obj_cooja/mtype238.a(cfs-cooja.o)
                              obj_cooja/mtype238.o (cfs_interface)
obj_cooja/mtype238.a(cooja-radio.o)
                              obj_cooja/mtype238.o (radio_interface)
obj_cooja/mtype238.a(eeprom.o)
                              obj_cooja/mtype238.o (eeprom_interface)
obj_cooja/mtype238.a(random.o)
                              obj_cooja/mtype238.a(moteid.o) (random_init)
obj_cooja/mtype238.a(sensors.o)
                              udp-server.co (sensors_event)
obj_cooja/mtype238.a(leds.o)  obj_cooja/mtype238.a(cooja-radio.o) (leds_on)
obj_cooja/mtype238.a(dual_conf.o)
                              obj_cooja/mtype238.a(cooja-radio.o) (long_range_radio)
obj_cooja/mtype238.a(autostart.o)
                              obj_cooja/mtype238.o (autostart_start)
obj_cooja/mtype238.a(ctimer.o)
                              obj_cooja/mtype238.o (ctimer_init)
obj_cooja/mtype238.a(etimer.o)
                              obj_cooja/mtype238.o (etimer_process)
obj_cooja/mtype238.a(log_message.o)
                              obj_cooja/mtype238.o (log_initialization)
obj_cooja/mtype238.a(process.o)
                              udp-server.co (process_current)
obj_cooja/mtype238.a(residual.o)
                              obj_cooja/mtype238.o (get_residual_energy)
obj_cooja/mtype238.a(rtimer.o)
                              obj_cooja/mtype238.a(rtimer-arch.o) (rtimer_run_next)
obj_cooja/mtype238.a(timer.o)
                              obj_cooja/mtype238.a(button-sensor.o) (timer_set)
obj_cooja/mtype238.a(serial-line.o)
                              obj_cooja/mtype238.a(rs232.o) (serial_line_input_byte)
obj_cooja/mtype238.a(list.o)  obj_cooja/mtype238.a(ctimer.o) (list_init)
obj_cooja/mtype238.a(ringbuf.o)
                              obj_cooja/mtype238.a(serial-line.o) (ringbuf_init)
obj_cooja/mtype238.a(sicslowpan.o)
                              obj_cooja/mtype238.o (sicslowpan_driver)
obj_cooja/mtype238.a(uip-ds6-nbr.o)
                              obj_cooja/mtype238.a(sicslowpan.o) (uip_ds6_link_neighbor_callback)
obj_cooja/mtype238.a(uip-ds6.o)
                              udp-server.co (uip_ds6_if)
obj_cooja/mtype238.a(uip6.o)  obj_cooja/mtype238.o (uip_lladdr)
obj_cooja/mtype238.a(tcpip.o)
                              udp-server.co (tcpip_event)
obj_cooja/mtype238.a(uip-debug.o)
                              udp-server.co (uip_debug_ipaddr_print)
obj_cooja/mtype238.a(uip-packetqueue)
                              obj_cooja/mtype238.a(uip-ds6-nbr.o) (uip_packetqueue_new)
obj_cooja/mtype238.a(rpl-dag.o)
                              udp-server.co (rpl_set_root)
obj_cooja/mtype238.a(rpl-ext-header.)
                              obj_cooja/mtype238.a(uip6.o) (rpl_verify_header)
obj_cooja/mtype238.a(rpl-icmp6.o)
                              obj_cooja/mtype238.a(rpl-dag.o) (rpl_icmp6_update_nbr_table)
obj_cooja/mtype238.a(rpl-ltmax.o)
                              obj_cooja/mtype238.a(rpl-dag.o) (rpl_ltmax_of)
obj_cooja/mtype238.a(rpl-timers.o)
                              obj_cooja/mtype238.a(rpl-icmp6.o) (rpl_LSA_convergence_timer)
obj_cooja/mtype238.a(rpl.o)   obj_cooja/mtype238.a(rpl-icmp6.o) (rpl_get_mode)
obj_cooja/mtype238.a(framer-802154.o)
                              obj_cooja/mtype238.a(sicslowpan.o) (framer_802154)
obj_cooja/mtype238.a(nullmac.o)
                              udp-server.co (nullmac_driver)
obj_cooja/mtype238.a(cxmac.o)
                              obj_cooja/mtype238.o (cxmac_driver)
obj_cooja/mtype238.a(linkaddr.o)
                              obj_cooja/mtype238.o (linkaddr_node_addr)
obj_cooja/mtype238.a(nbr-table.o)
[...]
Memory Configuration

Name             Origin             Length             Attributes
*default*        0x0000000000000000 0xffffffffffffffff

Linker script and memory map

LOAD /usr/lib/gcc/i686-linux-gnu/4.8/../../../i386-linux-gnu/crti.o
LOAD /usr/lib/gcc/i686-linux-gnu/4.8/crtbeginS.o
LOAD udp-server.co
LOAD obj_cooja/mtype238.o
LOAD obj_cooja/mtype238.a
LOAD /usr/lib/gcc/i686-linux-gnu/4.8/libgcc.a
LOAD /usr/lib/gcc/i686-linux-gnu/4.8/libgcc_s.so
LOAD /usr/lib/gcc/i686-linux-gnu/4.8/../../../i386-linux-gnu/libc.so
START GROUP
LOAD /lib/i386-linux-gnu/libc.so.6
LOAD /usr/lib/i386-linux-gnu/libc_nonshared.a
LOAD /lib/i386-linux-gnu/ld-linux.so.2
END GROUP
LOAD /usr/lib/gcc/i686-linux-gnu/4.8/libgcc.a
LOAD /usr/lib/gcc/i686-linux-gnu/4.8/libgcc_s.so
LOAD /usr/lib/gcc/i686-linux-gnu/4.8/crtendS.o
LOAD /usr/lib/gcc/i686-linux-gnu/4.8/../../../i386-linux-gnu/crtn.o
                0x0000000000000114                . = (0x0 + SIZEOF_HEADERS)

.note.gnu.build-id
                0x0000000000000114       0x24
 *(.note.gnu.build-id)
 .note.gnu.build-id
                0x0000000000000114       0x24 /usr/lib/gcc/i686-linux-gnu/4.8/../../../i386-linux-gnu/crti.o

.hash
 *(.hash)

.gnu.hash       0x0000000000000138     0x139c
 *(.gnu.hash)
 .gnu.hash      0x0000000000000138     0x139c /usr/lib/gcc/i686-linux-gnu/4.8/../../../i386-linux-gnu/crti.o

.dynsym         0x00000000000014d4     0x26d0
 *(.dynsym)
 .dynsym        0x00000000000014d4     0x26d0 /usr/lib/gcc/i686-linux-gnu/4.8/../../../i386-linux-gnu/crti.o

.dynstr         0x0000000000003ba4     0x27d4
 *(.dynstr)
 .dynstr        0x0000000000003ba4     0x27d4 /usr/lib/gcc/i686-linux-gnu/4.8/../../../i386-linux-gnu/crti.o

.gnu.version    0x0000000000006378      0x4da
 *(.gnu.version)
 .gnu.version   0x0000000000006378      0x4da /usr/lib/gcc/i686-linux-gnu/4.8/../../../i386-linux-gnu/crti.o

.gnu.version_d  0x0000000000006854        0x0
 *(.gnu.version_d)
 .gnu.version_d
                0x0000000000000000        0x0 /usr/lib/gcc/i686-linux-gnu/4.8/../../../i386-linux-gnu/crti.o

.gnu.version_r  0x0000000000006854       0x50
 *(.gnu.version_r)
 .gnu.version_r
                0x0000000000006854       0x50 /usr/lib/gcc/i686-linux-gnu/4.8/../../../i386-linux-gnu/crti.o

.rel.dyn        0x00000000000068a4     0x9fc0
 *(.rel.init)
 .rel.init      0x0000000000000000        0x0 /usr/lib/gcc/i686-linux-gnu/4.8/../../../i386-linux-gnu/crti.o
 *(.rel.text .rel.text.* .rel.gnu.linkonce.t.*)
 .rel.text      0x00000000000068a4     0x9808 /usr/lib/gcc/i686-linux-gnu/4.8/../../../i386-linux-gnu/crti.o
 *(.rel.fini)
 .rel.fini      0x0000000000000000        0x0 /usr/lib/gcc/i686-linux-gnu/4.8/../../../i386-linux-gnu/crti.o
 *(.rel.rodata .rel.rodata.* .rel.gnu.linkonce.r.*)
 .rel.rodata    0x00000000000100ac      0x4e0 /usr/lib/gcc/i686-linux-gnu/4.8/../../../i386-linux-gnu/crti.o
 *(.rel.data.rel.ro .rel.data.rel.ro.* .rel.gnu.linkonce.d.rel.ro.*)
 *(.rel.data .rel.data.* .rel.gnu.linkonce.d.*)
 .rel.data.rel  0x000000000001058c        0x8 /usr/lib/gcc/i686-linux-gnu/4.8/../../../i386-linux-gnu/crti.o
 .rel.data      0x0000000000010594      0x298 /usr/lib/gcc/i686-linux-gnu/4.8/../../../i386-linux-gnu/crti.o
 *(.rel.tdata .rel.tdata.* .rel.gnu.linkonce.td.*)
 *(.rel.tbss .rel.tbss.* .rel.gnu.linkonce.tb.*)
 *(.rel.ctors)
 *(.rel.dtors)
 *(.rel.got)
 .rel.got       0x000000000001082c       0x28 /usr/lib/gcc/i686-linux-gnu/4.8/../../../i386-linux-gnu/crti.o
 *(.rel.bss .rel.bss.* .rel.gnu.linkonce.b.*)
 *(.rel.ifunc)
 .rel.ifunc     0x0000000000000000        0x0 /usr/lib/gcc/i686-linux-gnu/4.8/../../../i386-linux-gnu/crti.o
 .rel.fini_array
                0x0000000000010854        0x8 /usr/lib/gcc/i686-linux-gnu/4.8/../../../i386-linux-gnu/crti.o
 .rel.init_array
                0x000000000001085c        0x8 /usr/lib/gcc/i686-linux-gnu/4.8/../../../i386-linux-gnu/crti.o

.rel.plt        0x0000000000010864       0x10
 *(.rel.plt)
 .rel.plt       0x0000000000010864       0x10 /usr/lib/gcc/i686-linux-gnu/4.8/../../../i386-linux-gnu/crti.o
 *(.rel.iplt)

.init           0x0000000000010874       0x23
 *(SORT(.init))
 .init          0x0000000000010874       0x1e /usr/lib/gcc/i686-linux-gnu/4.8/../../../i386-linux-gnu/crti.o
                0x0000000000010874                _init
 .init          0x0000000000010892        0x5 /usr/lib/gcc/i686-linux-gnu/4.8/../../../i386-linux-gnu/crtn.o

.plt            0x00000000000108a0       0x30
 *(.plt)
 .plt           0x00000000000108a0       0x30 /usr/lib/gcc/i686-linux-gnu/4.8/../../../i386-linux-gnu/crti.o
 *(.iplt)

.text           0x00000000000108d0    0x17757
 *(.text.unlikely .text.*_unlikely .text.unlikely.*)
 *(.text.exit .text.exit.*)
 *(.text.startup .text.startup.*)
 *(.text.hot .text.hot.*)
 *(.text .stub .text.* .gnu.linkonce.t.*)
 .text          0x00000000000108d0        0x0 /usr/lib/gcc/i686-linux-gnu/4.8/../../../i386-linux-gnu/crti.o
 .gnu.linkonce.t.__x86.get_pc_thunk.bx
                0x00000000000108d0        0x4 /usr/lib/gcc/i686-linux-gnu/4.8/../../../i386-linux-gnu/crti.o
                0x00000000000108d0                __x86.get_pc_thunk.bx
 *fill*         0x00000000000108d4        0xc 
 .text          0x00000000000108e0      0x11b /usr/lib/gcc/i686-linux-gnu/4.8/crtbeginS.o
 .text          0x00000000000109fb      0x3ce udp-server.co
 .text          0x0000000000010dc9      0x96a obj_cooja/mtype238.o
                0x0000000000010f77                contiki_init
                0x000000000001154a                Java_org_contikios_cooja_corecomm_Lib7_init
                0x000000000001158a                Java_org_contikios_cooja_corecomm_Lib7_getMemory
                0x00000000000115ca                Java_org_contikios_cooja_corecomm_Lib7_setMemory
                0x0000000000011641                Java_org_contikios_cooja_corecomm_Lib7_tick
                0x0000000000011721                Java_org_contikios_cooja_corecomm_Lib7_setReferenceAddress
 .text          0x0000000000011733       0x63 obj_cooja/mtype238.a(simEnvChange.o)
                0x0000000000011733                doActionsBeforeTick
                0x0000000000011764                doActionsAfterTick
 .text          0x0000000000011796       0xbc obj_cooja/mtype238.a(cooja_mt.o)
                0x0000000000011796                cooja_mt_init
                0x00000000000117a3                cooja_mt_remove
                0x00000000000117b0                cooja_mt_start
                0x00000000000117dd                cooja_mt_exec
                0x000000000001180e                cooja_mt_exit
                0x0000000000011830                cooja_mt_yield
 .text          0x0000000000011852      0x115 obj_cooja/mtype238.a(cooja_mtarch.o)
                0x0000000000011852                cooja_mtarch_init
                0x0000000000011857                cooja_mtarch_start
                0x00000000000118d2                cooja_sw
                0x00000000000118f4                cooja_mtarch_exec
                0x0000000000011910                cooja_mtarch_remove
                0x0000000000011915                cooja_mtarch_yield
                0x000000000001191f                cooja_mtarch_pstop
                0x0000000000011924                cooja_mtarch_pstart
                0x0000000000011929                cooja_mtarch_stack_usage
 .text          0x0000000000011967       0xc2 obj_cooja/mtype238.a(rtimer-arch.o)
                0x0000000000011967                rtimer_arch_init
                0x000000000001198a                rtimer_arch_schedule
                0x00000000000119a1                rtimer_arch_next
                0x00000000000119ab                rtimer_arch_pending
                0x00000000000119b5                rtimer_arch_check
                0x00000000000119e7                rtimer_arch_now
 .text          0x0000000000011a29       0x76 obj_cooja/mtype238.a(beep.o)
                0x0000000000011a29                beep_alarm
                0x0000000000011a35                beep_beep
                0x0000000000011a41                beep
                0x0000000000011a4d                beep_down
                0x0000000000011a59                beep_on
                0x0000000000011a65                beep_off
                0x0000000000011a71                beep_spinup
                0x0000000000011a7d                beep_quick
                0x0000000000011a89                beep_long
 .text          0x0000000000011a9f      0x103 obj_cooja/mtype238.a(button-sensor.o)
 .text          0x0000000000011ba2       0x45 obj_cooja/mtype238.a(leds-arch.o)
                0x0000000000011ba2                leds_arch_init
                0x0000000000011bae                leds_arch_get
                0x0000000000011bba                leds_arch_set
 .text          0x0000000000011be7       0x2f obj_cooja/mtype238.a(moteid.o)
 .text          0x0000000000011c16       0xb1 obj_cooja/mtype238.a(pir-sensor.o)
 .text          0x0000000000011cc7      0x131 obj_cooja/mtype238.a(rs232.o)
                0x0000000000011cc7                rs232_init
                0x0000000000011ccc                rs232_set_speed
                0x0000000000011cda                rs232_set_input
                0x0000000000011ce7                rs232_send
                0x0000000000011d09                rs232_print
                0x0000000000011d24                slip_arch_writeb
 .text          0x0000000000011df8       0xb1 obj_cooja/mtype238.a(vib-sensor.o)
 .text          0x0000000000011ea9       0x34 obj_cooja/mtype238.a(clock.o)
                0x0000000000011ea9                clock_init
                0x0000000000011eae                clock_time
                0x0000000000011eb8                clock_seconds
                0x0000000000011ece                clock_delay
 .text          0x0000000000011edd      0x1ed obj_cooja/mtype238.a(log.o)
                0x0000000000011edd                simlog_char
                0x0000000000011f1f                simlog
                0x0000000000011f8c                log_message
                0x0000000000011fb4                log_set_putchar_with_slip
                0x0000000000011fc1                log_putchar
                0x0000000000012045                log_puts
                0x0000000000012069                log_printf
 .text          0x00000000000120ca      0x2c4 obj_cooja/mtype238.a(cfs-cooja.o)
                0x00000000000120ca                cfs_open
                0x0000000000012133                cfs_close
                0x000000000001213f                cfs_read
                0x00000000000121dd                cfs_write
                0x00000000000122ba                cfs_seek
                0x0000000000012342                cfs_remove
                0x000000000001236b                cfs_opendir
                0x0000000000012375                cfs_readdir
                0x000000000001237f                cfs_closedir
 .text          0x000000000001238e      0x6b7 obj_cooja/mtype238.a(cooja-radio.o)
                0x00000000000123b8                radio_set_channel
                0x00000000000123cd                radio_set_txpower
                0x00000000000123ed                radio_signal_strength_last
                0x00000000000123f7                radio_signal_strength_current
                0x0000000000012401                radio_LQI
 .text          0x0000000000012a45       0xef obj_cooja/mtype238.a(eeprom.o)
                0x0000000000012a45                eeprom_init
                0x0000000000012a4a                eeprom_read
                0x0000000000012aba                eeprom_write
 .text          0x0000000000012b34       0x28 obj_cooja/mtype238.a(random.o)
                0x0000000000012b34                random_init
                0x0000000000012b4f                random_rand
 .text          0x0000000000012b5c      0x2a1 obj_cooja/mtype238.a(sensors.o)
                0x0000000000012b97                sensors_first
                0x0000000000012ba1                sensors_next
                0x0000000000012bbe                sensors_changed
                0x0000000000012bed                sensors_find
 .text          0x0000000000012dfd      0x134 obj_cooja/mtype238.a(leds.o)
                0x0000000000012e4e                leds_init
                0x0000000000012e62                leds_blink
                0x0000000000012e9a                leds_get
                0x0000000000012ea7                leds_set
                0x0000000000012ec1                leds_on
                0x0000000000012ee4                leds_off
                0x0000000000012f0e                leds_toggle
 .text          0x0000000000012f31      0x471 obj_cooja/mtype238.a(dual_conf.o)
                0x0000000000012f31                dual_radio_switch
                0x0000000000012f71                dual_radio_change
                0x0000000000012fab                sending_in_LR
                0x0000000000012fd6                dual_radio_received
                0x0000000000013029                radio_received_is_longrange
                0x0000000000013044                dual_radio_turn_on
                0x0000000000013067                dual_radio_turn_off
                0x0000000000013328                dio_broadcast
                0x0000000000013351                dis_broadcast
                0x0000000000013372                LSA_converge_broadcast
 .text          0x00000000000133a2       0x8e obj_cooja/mtype238.a(autostart.o)
                0x00000000000133a2                autostart_start
                0x00000000000133ed                autostart_exit
 .text          0x0000000000013430      0x334 obj_cooja/mtype238.a(ctimer.o)
                0x0000000000013547                ctimer_init
                0x0000000000013577                ctimer_set
                0x00000000000135a8                ctimer_set_with_process
                0x0000000000013624                ctimer_reset
                0x0000000000013673                ctimer_restart
                0x00000000000136c2                ctimer_stop
                0x000000000001370d                ctimer_expired
 .text          0x0000000000013764      0x40b obj_cooja/mtype238.a(etimer.o)
                0x0000000000013977                etimer_request_poll
                0x00000000000139fb                etimer_set
                0x0000000000013a20                etimer_reset_with_new_interval
                0x0000000000013a47                etimer_reset
                0x0000000000013a65                etimer_restart
                0x0000000000013a83                etimer_adjust
                0x0000000000013a9f                etimer_expired
                0x0000000000013ab2                etimer_expiration_time
                0x0000000000013ac4                etimer_start_time
                0x0000000000013ace                etimer_pending
                0x0000000000013ae0                etimer_next_expiration_time
                0x0000000000013afa                etimer_stop
 .text          0x0000000000013b6f      0x119 obj_cooja/mtype238.a(log_message.o)
                0x0000000000013b6f                log_initialization
                0x0000000000013c67                log_finisher
 .text          0x0000000000013c88      0x560 obj_cooja/mtype238.a(process.o)
                0x0000000000013c88                process_alloc_event
                0x0000000000013c9d                process_start
                0x0000000000013e86                process_exit
                0x0000000000013ea2                process_init
                0x0000000000014073                process_run
                0x00000000000140a6                process_nevents
                0x00000000000140c1                process_post
                0x000000000001416d                process_post_synch
                0x00000000000141a5                process_poll
                0x00000000000141d4                process_is_running
 .text          0x00000000000141e8       0xd3 obj_cooja/mtype238.a(residual.o)
                0x00000000000141e8                get_residual_energy
 .text          0x00000000000142bb       0xba obj_cooja/mtype238.a(rtimer.o)
                0x00000000000142bb                rtimer_init
                0x00000000000142c8                rtimer_set
                0x000000000001431f                rtimer_run_next
 .text          0x0000000000014375       0x91 obj_cooja/mtype238.a(timer.o)
                0x0000000000014375                timer_set
                0x0000000000014390                timer_reset
                0x00000000000143a7                timer_restart
                0x00000000000143b9                timer_expired
                0x00000000000143e2                timer_remaining
 .text          0x0000000000014406      0x1fb obj_cooja/mtype238.a(serial-line.o)
                0x0000000000014406                serial_line_input_byte
                0x00000000000145c9                serial_line_init
 .text          0x0000000000014601      0x244 obj_cooja/mtype238.a(list.o)
                0x0000000000014601                list_init
                0x000000000001460f                list_head
                0x0000000000014619                list_copy
                0x0000000000014628                list_tail
                0x000000000001465e                list_add
                0x00000000000146a7                list_push
                0x00000000000146d3                list_chop
                0x000000000001473d                list_pop
                0x0000000000014765                list_remove
                0x00000000000147cc                list_length
                0x00000000000147fa                list_insert
                0x000000000001482e                list_item_next
 .text          0x0000000000014845      0x155 obj_cooja/mtype238.a(ringbuf.o)
                0x0000000000014845                ringbuf_init
                0x0000000000014876                ringbuf_put
                0x00000000000148f4                ringbuf_get
                0x0000000000014961                ringbuf_size
                0x0000000000014973                ringbuf_elements
 .text          0x000000000001499a     0x258b obj_cooja/mtype238.a(sicslowpan.o)
                0x0000000000014f24                rime_sniffer_add
                0x0000000000014f31                rime_sniffer_remove
                0x0000000000016ec4                sicslowpan_init
                0x0000000000016f1b                sicslowpan_get_last_rssi
 .text          0x0000000000016f25      0x2dc obj_cooja/mtype238.a(uip-ds6-nbr.o)
                0x0000000000016f42                uip_ds6_neighbors_init
                0x0000000000016f5f                uip_ds6_nbr_add
                0x0000000000017010                uip_ds6_nbr_rm
                0x000000000001706d                uip_ds6_nbr_get_ipaddr
                0x0000000000017082                uip_ds6_nbr_get_ll
                0x000000000001709e                uip_ds6_nbr_num
                0x00000000000170e3                uip_ds6_nbr_lookup
                0x0000000000017148                uip_ds6_nbr_ll_lookup
                0x0000000000017164                uip_ds6_nbr_ipaddr_from_lladdr
                0x000000000001718a                uip_ds6_nbr_lladdr_from_ipaddr
                0x00000000000171b8                uip_ds6_link_neighbor_callback
 .text          0x0000000000017201     0x12ad obj_cooja/mtype238.a(uip-ds6.o)
                0x0000000000017201                uip_ds6_init
                0x0000000000017556                uip_ds6_periodic
                0x000000000001762e                uip_ds6_list_loop
                0x00000000000176d5                uip_ds6_prefix_add
                0x0000000000017793                uip_ds6_prefix_rm
                0x00000000000177a5                uip_ds6_prefix_lookup
                0x00000000000177f6                uip_ds6_is_addr_onlink
                0x000000000001786a                uip_ds6_addr_add
                0x0000000000017998                uip_ds6_long_addr_add
                0x0000000000017ac6                uip_ds6_addr_rm
                0x0000000000017b66                uip_ds6_addr_lookup
                0x0000000000017bb1                uip_ds6_long_addr_lookup
                0x0000000000017bfc                uip_ds6_get_link_local
                0x0000000000017c7b                uip_ds6_long_get_link_local
                0x0000000000017cfa                uip_ds6_get_global
                0x0000000000017d79                uip_ds6_long_get_global
                0x0000000000017df8                uip_ds6_maddr_add
                0x0000000000017e6a                uip_ds6_long_maddr_add
                0x0000000000017edc                uip_ds6_maddr_rm
                0x0000000000017eee                uip_ds6_maddr_lookup
                0x0000000000017f39                uip_ds6_long_maddr_lookup
                0x0000000000017f84                uip_ds6_aaddr_add
                0x0000000000017ff6                uip_ds6_long_aaddr_add
                0x0000000000018068                uip_ds6_aaddr_rm
                0x000000000001807a                uip_ds6_aaddr_lookup
                0x00000000000180c5                uip_ds6_long_aaddr_lookup
                0x0000000000018110                uip_ds6_select_src
                0x0000000000018399                uip_ds6_set_addr_iid
                0x00000000000183d0                get_match_length
                0x0000000000018462                uip_ds6_compute_reachable_time
 .text          0x00000000000184ae     0x29f3 obj_cooja/mtype238.a(uip6.o)
                0x00000000000184ae                uip_add32
                0x0000000000018647                uip_chksum
                0x0000000000018735                uip_icmp6chksum
                0x0000000000018749                uip_tcpchksum
                0x000000000001875d                uip_udpchksum
                0x0000000000018771                uip_init
                0x0000000000018841                uip_connect
                0x00000000000189f0                remove_ext_hdr
                0x0000000000018ac5                uip_udp_new
                0x0000000000018c21                uip_unlisten
                0x0000000000018c81                uip_listen
                0x0000000000018f43                uip_process
                0x000000000001ad95                uip_htons
                0x000000000001adb7                uip_htonl
                0x000000000001adf7                uip_send
 .text          0x000000000001aea1      0xb43 obj_cooja/mtype238.a(tcpip.o)
                0x000000000001aea1                tcpip_output
                0x000000000001aecf                tcpip_set_outputfunc
                0x000000000001af63                tcp_connect
                0x000000000001afb8                tcp_unlisten
                0x000000000001b013                tcp_listen
                0x000000000001b06c                tcp_attach
                0x000000000001b091                udp_attach
                0x000000000001b0b6                udp_new
                0x000000000001b108                udp_broadcast_new
                0x000000000001b37c                tcpip_input
                0x000000000001b3b0                tcpip_ipv6_output
                0x000000000001b82a                tcpip_poll_udp
                0x000000000001b84d                tcpip_poll_tcp
                0x000000000001b870                tcpip_uipcall
 .text          0x000000000001b9e4      0x1c1 obj_cooja/mtype238.a(uip-debug.o)
                0x000000000001b9e4                uip_debug_ipaddr_print
                0x000000000001bb46                uip_debug_lladdr_print
 .text          0x000000000001bba5      0x141 obj_cooja/mtype238.a(uip-packetqueue)
                0x000000000001bbd1                uip_packetqueue_new
                0x000000000001bbdf                uip_packetqueue_alloc
                0x000000000001bc3f                uip_packetqueue_free
                0x000000000001bc80                uip_packetqueue_buf
                0x000000000001bc9d                uip_packetqueue_buflen
                0x000000000001bcbe                uip_packetqueue_set_buflen
 .text          0x000000000001bce6     0x26ab obj_cooja/mtype238.a(rpl-dag.o)
                0x000000000001bce6                rpl_lr_in_child
                0x000000000001bd9e                rpl_print_neighbor_list
                0x000000000001be47                rpl_print_child_neighbor_list
                0x000000000001bebc                rpl_get_nbr
                0x000000000001bf16                rpl_get_nbr_child
                0x000000000001bf70                rpl_dag_init
                0x000000000001bfa2                rpl_get_parent
                0x000000000001bfc4                rpl_get_parent_rank
                0x000000000001bff7                rpl_get_parent_link_metric
                0x000000000001c02a                rpl_get_parent_ipaddr
                0x000000000001c054                rpl_get_child_ipaddr
                0x000000000001c36f                rpl_set_root
                0x000000000001c59d                rpl_repair_root
                0x000000000001c7d9                rpl_set_prefix
                0x000000000001c8d8                rpl_set_default_route
                0x000000000001c964                rpl_alloc_instance
                0x000000000001c9ec                rpl_alloc_dag
                0x000000000001ca9f                rpl_set_default_instance
                0x000000000001caac                rpl_get_default_instance
                0x000000000001cab6                rpl_free_instance
                0x000000000001cb57                rpl_free_dag
                0x000000000001cbbd                rpl_add_parent
                0x000000000001cca6                rpl_find_parent
                0x000000000001ccd6                rpl_add_child
                0x000000000001cd7a                rpl_find_child
                0x000000000001cdc8                rpl_find_parent_any_dag
                0x000000000001ce04                rpl_select_dag
                0x000000000001d23a                rpl_select_parent
                0x000000000001d29c                rpl_remove_parent
                0x000000000001d2d2                rpl_remove_child
                0x000000000001d2ee                rpl_nullify_parent
                0x000000000001d38c                rpl_move_parent
                0x000000000001d429                rpl_has_downward_route
                0x000000000001d47c                rpl_get_any_dag
                0x000000000001d4de                rpl_get_instance
                0x000000000001d541                rpl_find_of
                0x000000000001d57e                rpl_join_instance
                0x000000000001d81a                rpl_add_dag
                0x000000000001dc09                rpl_local_repair
                0x000000000001dce2                rpl_recalculate_ranks
                0x000000000001dd68                rpl_process_parent_event
                0x000000000001de1a                rpl_process_dio
 .text          0x000000000001e391      0xe0b obj_cooja/mtype238.a(rpl-ext-header.)
                0x000000000001e3ae                rpl_verify_header
                0x000000000001e92b                rpl_update_header_empty
                0x000000000001ecde                rpl_update_header_final
                0x000000000001ee91                rpl_remove_header
                0x000000000001efc0                rpl_invert_header
                0x000000000001f17a                rpl_insert_header
 .text          0x000000000001f19c     0x2ebb obj_cooja/mtype238.a(rpl-icmp6.o)
                0x000000000001f4ab                rpl_icmp6_update_nbr_table
                0x000000000001f678                dis_output
                0x00000000000203a6                dio_output
                0x0000000000020d98                LSA_converge_output
                0x0000000000021b0e                dao_output
                0x0000000000021be2                dao_output_target
                0x0000000000021fff                dao_ack_output
                0x0000000000022013                rpl_icmp6_register_handlers
 .text          0x0000000000022057      0x3dc obj_cooja/mtype238.a(rpl-ltmax.o)
 .text          0x0000000000022433      0x7c6 obj_cooja/mtype238.a(rpl-timers.o)
                0x0000000000022433                rpl_LSA_convergence_timer
                0x00000000000224da                rpl_reset_LSA_convergence_timer
                0x0000000000022844                rpl_reset_periodic_timer
                0x0000000000022899                rpl_reset_dio_timer
                0x0000000000022b31                rpl_schedule_dao
                0x0000000000022b4c                rpl_schedule_dao_immediately
                0x0000000000022b67                rpl_cancel_dao
                0x0000000000022bc9                rpl_schedule_unicast_dio_immediately
 .text          0x0000000000022bf9      0x5dc obj_cooja/mtype238.a(rpl.o)
                0x0000000000022bf9                rpl_get_mode
                0x0000000000022c03                rpl_set_mode
                0x0000000000022c91                rpl_purge_routes
                0x0000000000022d8b                rpl_remove_routes
                0x0000000000022dd1                rpl_remove_routes_by_nexthop
                0x0000000000022e3d                rpl_add_route
                0x0000000000022eb8                rpl_link_neighbor_callback
                0x0000000000022fbd                rpl_ipv6_neighbor_callback
                0x000000000002302c                rpl_purge_dags
                0x0000000000023138                rpl_init
 .text          0x00000000000231d5      0x3f5 obj_cooja/mtype238.a(framer-802154.o)
 .text          0x00000000000235ca       0x5e obj_cooja/mtype238.a(nullmac.o)
 .text          0x0000000000023628     0x12bb obj_cooja/mtype238.a(cxmac.o)
                0x000000000002481e                cxmac_set_announcement_radio_txpower
                0x0000000000024823                cxmac_init
 .text          0x00000000000248e3       0x82 obj_cooja/mtype238.a(linkaddr.o)
                0x00000000000248e3                linkaddr_copy
                0x0000000000024905                linkaddr_cmp
                0x000000000002492f                linkaddr_set_node_addr
                0x000000000002494a                linkaddr_set_node_long_addr
 .text          0x0000000000024965      0x915 obj_cooja/mtype238.a(nbr-table.o)
                0x0000000000024965                long_ip_from_lladdr_map
                0x00000000000249ee                lladdr_map_add_lr
                0x0000000000024aab                lladdr_map_rm_lr
                0x0000000000024f70                nbr_table_register
                0x0000000000024fb8                nbr_table_head
                0x0000000000025014                nbr_table_next
                0x000000000002507b                nbr_table_add_lladdr
                0x0000000000025157                nbr_table_get_from_lladdr
                0x00000000000251a4                nbr_table_remove
                0x00000000000251f6                nbr_table_lock
                0x0000000000025220                nbr_table_unlock
                0x000000000002524a                nbr_table_get_lladdr
 .text          0x000000000002527a       0x2b obj_cooja/mtype238.a(netstack.o)
                0x000000000002527a                netstack_init
 .text          0x00000000000252a5      0x3cd obj_cooja/mtype238.a(packetbuf.o)
                0x00000000000252a5                packetbuf_clear
                0x00000000000252cf                packetbuf_copyfrom
                0x0000000000025321                packetbuf_compact
                0x000000000002539e                packetbuf_copyto
                0x0000000000025435                packetbuf_hdralloc
                0x00000000000254b2                packetbuf_hdrreduce
                0x00000000000254fa                packetbuf_set_datalen
                0x0000000000025513                packetbuf_dataptr
                0x0000000000025530                packetbuf_hdrptr
                0x000000000002553a                packetbuf_datalen
                0x0000000000025546                packetbuf_hdrlen
                0x000000000002555d                packetbuf_totlen
                0x0000000000025573                packetbuf_attr_clear
                0x00000000000255c5                packetbuf_attr_copyto
                0x000000000002560e                packetbuf_attr_copyfrom
                0x0000000000025656                packetbuf_holds_broadcast
 .text          0x0000000000025672      0x2b4 obj_cooja/mtype238.a(queuebuf.o)
                0x000000000002567c                queuebuf_init
                0x000000000002569c                queuebuf_numfree
                0x00000000000256b0                queuebuf_new_from_packetbuf
                0x0000000000025740                queuebuf_update_attr_from_packetbuf
                0x0000000000025773                queuebuf_update_from_packetbuf
                0x00000000000257bd                queuebuf_free
                0x0000000000025804                queuebuf_to_packetbuf
                0x000000000002586a                queuebuf_dataptr
                0x00000000000258a1                queuebuf_datalen
                0x00000000000258c4                queuebuf_addr
                0x00000000000258f6                queuebuf_attr
                0x0000000000025921                queuebuf_debug_print
 .text          0x0000000000025926       0x6e obj_cooja/mtype238.a(nullsec.o)
 .text          0x0000000000025994       0x19 obj_cooja/mtype238.a(watchdog.o)
                0x0000000000025994                watchdog_init
                0x0000000000025999                watchdog_start
                0x000000000002599e                watchdog_periodic
                0x00000000000259a3                watchdog_stop
                0x00000000000259a8                watchdog_reboot
 .text          0x00000000000259ad        0x0 obj_cooja/mtype238.a(rimestats.o)
 .text          0x00000000000259ad       0xa3 obj_cooja/mtype238.a(stimer.o)
                0x00000000000259ad                stimer_set
                0x00000000000259c8                stimer_reset
                0x00000000000259df                stimer_restart
                0x00000000000259f1                stimer_expired
                0x0000000000025a18                stimer_remaining
                0x0000000000025a3c                stimer_elapsed
 .text          0x0000000000025a50      0x1c1 obj_cooja/mtype238.a(memb.o)
                0x0000000000025a50                memb_init
                0x0000000000025aae                memb_alloc
                0x0000000000025b13                memb_free
                0x0000000000025b8e                memb_inmemb
                0x0000000000025bcd                memb_numfree
 .text          0x0000000000025c11      0x916 obj_cooja/mtype238.a(uip-ds6-route.o)
                0x0000000000025c88                uip_ds6_notification_add
                0x0000000000025cb9                uip_ds6_notification_rm
                0x0000000000025cd5                uip_ds6_route_init
                0x0000000000025d5d                uip_ds6_route_nexthop
                0x0000000000025d85                uip_ds6_route_head
                0x0000000000025d9a                uip_ds6_route_next
                0x0000000000025dc0                uip_ds6_route_is_nexthop
                0x0000000000025dff                uip_ds6_route_num_routes
                0x0000000000025e09                uip_ds6_route_lookup
                0x0000000000025ecb                uip_ds6_route_add
                0x00000000000260ff                uip_ds6_route_rm
                0x0000000000026293                uip_ds6_route_rm_by_nexthop
                0x00000000000262cb                uip_ds6_defrt_add
                0x000000000002637c                uip_ds6_defrt_rm
                0x00000000000263fb                uip_ds6_defrt_lookup
                0x0000000000026454                uip_ds6_defrt_choose
                0x00000000000264bf                uip_ds6_defrt_periodic
 .text          0x0000000000026527      0xabf obj_cooja/mtype238.a(uip-icmp6.o)
                0x0000000000026595                uip_icmp6_input
                0x00000000000265eb                uip_icmp6_register_input_handler
                0x00000000000268b3                uip_icmp6_error_output
                0x0000000000026bf8                uip_icmp6_send
                0x0000000000026f79                uip_icmp6_echo_reply_callback_add
                0x0000000000026faa                uip_icmp6_echo_reply_callback_rm
                0x0000000000026fc6                uip_icmp6_init
 .text          0x0000000000026fe6      0x358 obj_cooja/mtype238.a(uip-nd6.o)
                0x000000000002703a                uip_nd6_ns_output
                0x0000000000027339                uip_nd6_init
 .text          0x000000000002733e      0x331 obj_cooja/mtype238.a(rpl-nbr-policy.)
                0x0000000000027516                find_removable_dis
                0x0000000000027539                find_removable_dio
                0x00000000000275c8                find_removable_dao
                0x0000000000027618                rpl_nbr_policy_find_removable
 .text          0x000000000002766f      0x97c obj_cooja/mtype238.a(frame802154.o)
                0x00000000000276a0                frame802154_get_pan_id
                0x00000000000276ac                frame802154_set_pan_id
                0x00000000000276c5                frame802154_has_panid
                0x00000000000277b1                frame802154_check_dest_panid
                0x0000000000027819                frame802154_is_broadcast_addr
                0x0000000000027866                frame802154_extract_linkaddr
                0x0000000000027aa6                frame802154_hdrlen
                0x0000000000027af7                frame802154_create
                0x0000000000027ce2                frame802154_parse
 .text          0x0000000000027feb       0x3c obj_cooja/mtype238.a(mac.o)
                0x0000000000027feb                mac_call_sent_callback
 .text          0x0000000000028027        0x0 /usr/lib/gcc/i686-linux-gnu/4.8/crtendS.o
 .text          0x0000000000028027        0x0 /usr/lib/gcc/i686-linux-gnu/4.8/../../../i386-linux-gnu/crtn.o
 *(.gnu.warning)

.fini           0x0000000000028028       0x14
 *(SORT(.fini))
 .fini          0x0000000000028028        0xf /usr/lib/gcc/i686-linux-gnu/4.8/../../../i386-linux-gnu/crti.o
                0x0000000000028028                _fini
 .fini          0x0000000000028037        0x5 /usr/lib/gcc/i686-linux-gnu/4.8/../../../i386-linux-gnu/crtn.o
                0x000000000002803c                PROVIDE (__etext, .)
                0x000000000002803c                PROVIDE (_etext, .)
                0x000000000002803c                PROVIDE (etext, .)

.rodata         0x0000000000028040     0x2000
 *(.rodata .rodata.* .gnu.linkonce.r.*)
 .rodata        0x0000000000028040      0x148 udp-server.co
                0x0000000000028054                autostart_processes
 .rodata        0x0000000000028188      0x1e6 obj_cooja/mtype238.o
 *fill*         0x000000000002836e        0x2 
 .rodata        0x0000000000028370        0x8 obj_cooja/mtype238.a(beep.o)
                0x0000000000028370                beep_interface
 .rodata        0x0000000000028378       0x20 obj_cooja/mtype238.a(button-sensor.o)
                0x0000000000028378                button_interface
                0x0000000000028388                button_sensor
 .rodata        0x0000000000028398        0x8 obj_cooja/mtype238.a(leds-arch.o)
                0x0000000000028398                leds_interface
 .rodata        0x00000000000283a0        0x8 obj_cooja/mtype238.a(moteid.o)
                0x00000000000283a0                moteid_interface
 .rodata        0x00000000000283a8       0x1c obj_cooja/mtype238.a(pir-sensor.o)
                0x00000000000283a8                pir_interface
                0x00000000000283b4                pir_sensor
 .rodata        0x00000000000283c4        0xe obj_cooja/mtype238.a(rs232.o)
                0x00000000000283c4                rs232_interface
 *fill*         0x00000000000283d2        0x2 
 .rodata        0x00000000000283d4       0x24 obj_cooja/mtype238.a(vib-sensor.o)
                0x00000000000283d4                vib_interface
                0x00000000000283e8                vib_sensor
 .rodata        0x00000000000283f8        0x8 obj_cooja/mtype238.a(clock.o)
                0x00000000000283f8                clock_interface
 .rodata        0x0000000000028400        0x8 obj_cooja/mtype238.a(log.o)
                0x0000000000028400                simlog_interface
 .rodata        0x0000000000028408       0x2f obj_cooja/mtype238.a(cfs-cooja.o)
                0x0000000000028408                cfs_interface
 *fill*         0x0000000000028437        0x9 
 .rodata        0x0000000000028440       0xc0 obj_cooja/mtype238.a(cooja-radio.o)
                0x00000000000284c0                cooja_radio_driver
                0x00000000000284f8                radio_interface
 .rodata        0x0000000000028500        0x8 obj_cooja/mtype238.a(eeprom.o)
                0x0000000000028500                eeprom_interface
 .rodata        0x0000000000028508        0x8 obj_cooja/mtype238.a(sensors.o)
 .rodata        0x0000000000028510      0x1fe obj_cooja/mtype238.a(dual_conf.o)
 .rodata        0x000000000002870e        0xf obj_cooja/mtype238.a(ctimer.o)
 .rodata        0x000000000002871d        0xc obj_cooja/mtype238.a(etimer.o)
 *fill*         0x0000000000028729        0x3 
 .rodata        0x000000000002872c       0x73 obj_cooja/mtype238.a(log_message.o)
 *fill*         0x000000000002879f        0x1 
 .rodata        0x00000000000287a0       0x20 obj_cooja/mtype238.a(residual.o)
 .rodata        0x00000000000287c0        0xe obj_cooja/mtype238.a(serial-line.o)
 *fill*         0x00000000000287ce        0x2 
 .rodata        0x00000000000287d0       0x2c obj_cooja/mtype238.a(sicslowpan.o)
                0x00000000000287d0                unc_llconf
                0x00000000000287d4                unc_ctxconf
                0x00000000000287d8                unc_mxconf
                0x00000000000287dc                llprefix
                0x00000000000287f0                sicslowpan_driver
 .rodata        0x00000000000287fc      0x13c obj_cooja/mtype238.a(uip6.o)
 .rodata        0x0000000000028938       0x49 obj_cooja/mtype238.a(tcpip.o)
 .rodata        0x0000000000028981       0x3e obj_cooja/mtype238.a(uip-debug.o)
 *fill*         0x00000000000289bf        0x1 
 .rodata        0x00000000000289c0        0x4 obj_cooja/mtype238.a(rpl-dag.o)
 .rodata        0x00000000000289c4      0x4a0 obj_cooja/mtype238.a(rpl-ext-header.)
 .rodata        0x0000000000028e64      0xbe8 obj_cooja/mtype238.a(rpl-icmp6.o)
 .rodata        0x0000000000029a4c      0x2be obj_cooja/mtype238.a(rpl-timers.o)
 *fill*         0x0000000000029d0a        0x2 
 .rodata        0x0000000000029d0c        0xc obj_cooja/mtype238.a(framer-802154.o)
                0x0000000000029d0c                framer_802154
 .rodata        0x0000000000029d18       0x24 obj_cooja/mtype238.a(nullmac.o)
                0x0000000000029d20                nullmac_driver
 *fill*         0x0000000000029d3c        0x4 
 .rodata        0x0000000000029d40      0x2e0 obj_cooja/mtype238.a(cxmac.o)
                0x000000000002a000                cxmac_driver
 .rodata        0x000000000002a020        0x8 obj_cooja/mtype238.a(linkaddr.o)
                0x000000000002a020                linkaddr_null
 .rodata        0x000000000002a028       0x18 obj_cooja/mtype238.a(nullsec.o)
                0x000000000002a030                nullsec_driver

.rodata1
 *(.rodata1)

.eh_frame_hdr   0x000000000002a040     0x13c4
 *(.eh_frame_hdr)
 .eh_frame_hdr  0x000000000002a040     0x13c4 udp-server.co

.eh_frame       0x000000000002b404     0x5070
 *(.eh_frame)
 .eh_frame      0x000000000002b404       0x3c /usr/lib/gcc/i686-linux-gnu/4.8/../../../i386-linux-gnu/crti.o
                                         0x40 (size before relaxing)
 .eh_frame      0x000000000002b440       0x68 udp-server.co
                                         0x80 (size before relaxing)
 .eh_frame      0x000000000002b4a8      0x148 obj_cooja/mtype238.o
                                        0x160 (size before relaxing)
 .eh_frame      0x000000000002b5f0       0x40 obj_cooja/mtype238.a(simEnvChange.o)
                                         0x58 (size before relaxing)
 .eh_frame      0x000000000002b630       0xc0 obj_cooja/mtype238.a(cooja_mt.o)
                                         0xd8 (size before relaxing)
 .eh_frame      0x000000000002b6f0      0x120 obj_cooja/mtype238.a(cooja_mtarch.o)
                                        0x138 (size before relaxing)
 .eh_frame      0x000000000002b810       0xc0 obj_cooja/mtype238.a(rtimer-arch.o)
                                         0xd8 (size before relaxing)
 .eh_frame      0x000000000002b8d0      0x160 obj_cooja/mtype238.a(beep.o)
                                        0x178 (size before relaxing)
 .eh_frame      0x000000000002ba30       0xa0 obj_cooja/mtype238.a(button-sensor.o)
                                         0xb8 (size before relaxing)
 .eh_frame      0x000000000002bad0       0xa0 obj_cooja/mtype238.a(leds-arch.o)
                                         0xb8 (size before relaxing)
 .eh_frame      0x000000000002bb70       0x40 obj_cooja/mtype238.a(moteid.o)
                                         0x58 (size before relaxing)
 .eh_frame      0x000000000002bbb0       0xa0 obj_cooja/mtype238.a(pir-sensor.o)
                                         0xb8 (size before relaxing)
 .eh_frame      0x000000000002bc50      0x100 obj_cooja/mtype238.a(rs232.o)
                                        0x118 (size before relaxing)
 .eh_frame      0x000000000002bd50       0xa0 obj_cooja/mtype238.a(vib-sensor.o)
                                         0xb8 (size before relaxing)
 .eh_frame      0x000000000002bdf0       0xc0 obj_cooja/mtype238.a(clock.o)
                                         0xd8 (size before relaxing)
 .eh_frame      0x000000000002beb0      0x120 obj_cooja/mtype238.a(log.o)
                                        0x138 (size before relaxing)
 .eh_frame      0x000000000002bfd0      0x160 obj_cooja/mtype238.a(cfs-cooja.o)
                                        0x178 (size before relaxing)
 .eh_frame      0x000000000002c130      0x2e0 obj_cooja/mtype238.a(cooja-radio.o)
                                        0x2f8 (size before relaxing)
 .eh_frame      0x000000000002c410       0xa0 obj_cooja/mtype238.a(eeprom.o)
                                         0xb8 (size before relaxing)
 .eh_frame      0x000000000002c4b0       0x40 obj_cooja/mtype238.a(random.o)
                                         0x58 (size before relaxing)
 .eh_frame      0x000000000002c4f0       0xc0 obj_cooja/mtype238.a(sensors.o)
                                         0xd8 (size before relaxing)
 .eh_frame      0x000000000002c5b0      0x100 obj_cooja/mtype238.a(leds.o)
                                        0x118 (size before relaxing)
 .eh_frame      0x000000000002c6b0      0x1a0 obj_cooja/mtype238.a(dual_conf.o)
                                        0x1b8 (size before relaxing)
 .eh_frame      0x000000000002c850       0x40 obj_cooja/mtype238.a(autostart.o)
                                         0x58 (size before relaxing)
 .eh_frame      0x000000000002c890      0x100 obj_cooja/mtype238.a(ctimer.o)
                                        0x118 (size before relaxing)
 .eh_frame      0x000000000002c990      0x1e0 obj_cooja/mtype238.a(etimer.o)
                                        0x1f8 (size before relaxing)
 .eh_frame      0x000000000002cb70       0x40 obj_cooja/mtype238.a(log_message.o)
                                         0x58 (size before relaxing)
 .eh_frame      0x000000000002cbb0      0x1c8 obj_cooja/mtype238.a(process.o)
                                        0x1e0 (size before relaxing)
 .eh_frame      0x000000000002cd78       0x2c obj_cooja/mtype238.a(residual.o)
                                         0x44 (size before relaxing)
 .eh_frame      0x000000000002cda4       0x60 obj_cooja/mtype238.a(rtimer.o)
                                         0x78 (size before relaxing)
 .eh_frame      0x000000000002ce04       0xa4 obj_cooja/mtype238.a(timer.o)
                                         0xbc (size before relaxing)
 .eh_frame      0x000000000002cea8       0x60 obj_cooja/mtype238.a(serial-line.o)
                                         0x78 (size before relaxing)
 .eh_frame      0x000000000002cf08      0x180 obj_cooja/mtype238.a(list.o)
                                        0x198 (size before relaxing)
 .eh_frame      0x000000000002d088       0xa0 obj_cooja/mtype238.a(ringbuf.o)
                                         0xb8 (size before relaxing)
 .eh_frame      0x000000000002d128      0x350 obj_cooja/mtype238.a(sicslowpan.o)
                                        0x368 (size before relaxing)
 .eh_frame      0x000000000002d478      0x180 obj_cooja/mtype238.a(uip-ds6-nbr.o)
                                        0x198 (size before relaxing)
 .eh_frame      0x000000000002d5f8      0x3c8 obj_cooja/mtype238.a(uip-ds6.o)
                                        0x3e0 (size before relaxing)
 .eh_frame      0x000000000002d9c0      0x27c obj_cooja/mtype238.a(uip6.o)
                                        0x294 (size before relaxing)
 .eh_frame      0x000000000002dc3c      0x270 obj_cooja/mtype238.a(tcpip.o)
                                        0x288 (size before relaxing)
 .eh_frame      0x000000000002deac       0x48 obj_cooja/mtype238.a(uip-debug.o)
                                         0x60 (size before relaxing)
 .eh_frame      0x000000000002def4       0xe0 obj_cooja/mtype238.a(uip-packetqueue)
                                         0xf8 (size before relaxing)
 .eh_frame      0x000000000002dfd4      0x76c obj_cooja/mtype238.a(rpl-dag.o)
                                        0x784 (size before relaxing)
 .eh_frame      0x000000000002e740      0x114 obj_cooja/mtype238.a(rpl-ext-header.)
                                        0x12c (size before relaxing)
 .eh_frame      0x000000000002e854      0x308 obj_cooja/mtype238.a(rpl-icmp6.o)
                                        0x320 (size before relaxing)
 .eh_frame      0x000000000002eb5c       0xe0 obj_cooja/mtype238.a(rpl-ltmax.o)
                                         0xf8 (size before relaxing)
 .eh_frame      0x000000000002ec3c      0x20c obj_cooja/mtype238.a(rpl-timers.o)
                                        0x224 (size before relaxing)
 .eh_frame      0x000000000002ee48      0x148 obj_cooja/mtype238.a(rpl.o)
                                        0x160 (size before relaxing)
 .eh_frame      0x000000000002ef90      0x108 obj_cooja/mtype238.a(framer-802154.o)
                                        0x120 (size before relaxing)
 .eh_frame      0x000000000002f098       0xc0 obj_cooja/mtype238.a(nullmac.o)
                                         0xd8 (size before relaxing)
 .eh_frame      0x000000000002f158      0x2c0 obj_cooja/mtype238.a(cxmac.o)
                                        0x2d8 (size before relaxing)
 .eh_frame      0x000000000002f418       0x80 obj_cooja/mtype238.a(linkaddr.o)
                                         0x98 (size before relaxing)
 .eh_frame      0x000000000002f498      0x2cc obj_cooja/mtype238.a(nbr-table.o)
                                        0x2e4 (size before relaxing)
 .eh_frame      0x000000000002f764       0x20 obj_cooja/mtype238.a(netstack.o)
                                         0x38 (size before relaxing)
 .eh_frame      0x000000000002f784      0x214 obj_cooja/mtype238.a(packetbuf.o)
                                        0x22c (size before relaxing)
 .eh_frame      0x000000000002f998      0x1a0 obj_cooja/mtype238.a(queuebuf.o)
                                        0x1b8 (size before relaxing)
 .eh_frame      0x000000000002fb38       0x80 obj_cooja/mtype238.a(nullsec.o)
                                         0x98 (size before relaxing)
 .eh_frame      0x000000000002fbb8       0xa0 obj_cooja/mtype238.a(watchdog.o)
                                         0xb8 (size before relaxing)
 .eh_frame      0x000000000002fc58       0xc4 obj_cooja/mtype238.a(stimer.o)
                                         0xdc (size before relaxing)
 .eh_frame      0x000000000002fd1c       0xa0 obj_cooja/mtype238.a(memb.o)
                                         0xb8 (size before relaxing)
 .eh_frame      0x000000000002fdbc      0x2a0 obj_cooja/mtype238.a(uip-ds6-route.o)
                                        0x2b8 (size before relaxing)
 .eh_frame      0x000000000003005c      0x168 obj_cooja/mtype238.a(uip-icmp6.o)
                                        0x180 (size before relaxing)
 .eh_frame      0x00000000000301c4       0x68 obj_cooja/mtype238.a(uip-nd6.o)
                                         0x80 (size before relaxing)
 .eh_frame      0x000000000003022c       0xc0 obj_cooja/mtype238.a(rpl-nbr-policy.)
                                         0xd8 (size before relaxing)
 .eh_frame      0x00000000000302ec      0x164 obj_cooja/mtype238.a(frame802154.o)
                                        0x17c (size before relaxing)
 .eh_frame      0x0000000000030450       0x20 obj_cooja/mtype238.a(mac.o)
                                         0x38 (size before relaxing)
 .eh_frame      0x0000000000030470        0x4 /usr/lib/gcc/i686-linux-gnu/4.8/crtendS.o

.gcc_except_table
 *(.gcc_except_table .gcc_except_table.*)

.exception_ranges
 *(.exception_ranges .exception_ranges*)
                0x0000000000030474                . = (ALIGN (0x1000) - ((0x1000 - .) & 0xfff))
                0x0000000000031ef8                . = DATA_SEGMENT_ALIGN (0x1000, 0x1000)

.eh_frame
 *(.eh_frame)

.gcc_except_table
 *(.gcc_except_table .gcc_except_table.*)

.exception_ranges
 *(.exception_ranges .exception_ranges*)

.tdata
 *(.tdata .tdata.* .gnu.linkonce.td.*)

.tbss
 *(.tbss .tbss.* .gnu.linkonce.tb.*)
 *(.tcommon)

.preinit_array
 *(.preinit_array)

.init_array     0x0000000000031ef8        0x4
 *(SORT(.init_array.*) SORT(.ctors.*))
 *(.init_array EXCLUDE_FILE(*crtend?.o *crtend.o *crtbegin?.o *crtbegin.o) .ctors)
 .init_array    0x0000000000031ef8        0x4 /usr/lib/gcc/i686-linux-gnu/4.8/crtbeginS.o

.fini_array     0x0000000000031efc        0x4
 *(SORT(.fini_array.*) SORT(.dtors.*))
 *(.fini_array EXCLUDE_FILE(*crtend?.o *crtend.o *crtbegin?.o *crtbegin.o) .dtors)
 .fini_array    0x0000000000031efc        0x4 /usr/lib/gcc/i686-linux-gnu/4.8/crtbeginS.o

.ctors
 *crtbegin.o(.ctors)
 *crtbegin?.o(.ctors)
 *(EXCLUDE_FILE(*crtend?.o *crtend.o) .ctors)
 *(SORT(.ctors.*))
 *(.ctors)

.dtors
 *crtbegin.o(.dtors)
 *crtbegin?.o(.dtors)
 *(EXCLUDE_FILE(*crtend?.o *crtend.o) .dtors)
 *(SORT(.dtors.*))
 *(.dtors)

.jcr            0x0000000000031f00        0x4
 *(.jcr)
 .jcr           0x0000000000031f00        0x0 /usr/lib/gcc/i686-linux-gnu/4.8/crtbeginS.o
 .jcr           0x0000000000031f00        0x4 /usr/lib/gcc/i686-linux-gnu/4.8/crtendS.o

.data.rel.ro
 *(.data.rel.ro.local* .gnu.linkonce.d.rel.ro.local.*)
 *(.data.rel.ro .data.rel.ro.* .gnu.linkonce.d.rel.ro.*)

.dynamic        0x0000000000031f04       0xe8
 *(.dynamic)
 .dynamic       0x0000000000031f04       0xe8 /usr/lib/gcc/i686-linux-gnu/4.8/../../../i386-linux-gnu/crti.o
                0x0000000000031f04                _DYNAMIC

.got            0x0000000000031fec       0x14
 *(.got)
 .got           0x0000000000031fec       0x14 /usr/lib/gcc/i686-linux-gnu/4.8/../../../i386-linux-gnu/crti.o
 *(.igot)
                0x0000000000032ff4                . = DATA_SEGMENT_RELRO_END (., (SIZEOF (.got.plt) >= 0xc)?0xc:0x0)

.got.plt        0x0000000000032000       0x14
 *(.got.plt)
 .got.plt       0x0000000000032000       0x14 /usr/lib/gcc/i686-linux-gnu/4.8/../../../i386-linux-gnu/crti.o
                0x0000000000032000                _GLOBAL_OFFSET_TABLE_
 *(.igot.plt)

.data           0x0000000000032020      0x29a
 *(.data .data.* .gnu.linkonce.d.*)
 .data          0x0000000000032020        0x0 /usr/lib/gcc/i686-linux-gnu/4.8/../../../i386-linux-gnu/crti.o
 .data          0x0000000000032020        0x0 /usr/lib/gcc/i686-linux-gnu/4.8/crtbeginS.o
 .data.rel      0x0000000000032020        0x4 /usr/lib/gcc/i686-linux-gnu/4.8/crtbeginS.o
                0x0000000000032020                __dso_handle
 .data          0x0000000000032024       0x10 udp-server.co
                0x0000000000032024                udp_server_process
 *fill*         0x0000000000032034        0xc 
 .data          0x0000000000032040       0x44 obj_cooja/mtype238.o
                0x0000000000032040                simInterfaces
                0x0000000000032074                sensors
 .data          0x0000000000032084        0x0 obj_cooja/mtype238.a(simEnvChange.o)
 .data          0x0000000000032084        0x0 obj_cooja/mtype238.a(cooja_mt.o)
 .data          0x0000000000032084        0x0 obj_cooja/mtype238.a(cooja_mtarch.o)
 .data          0x0000000000032084        0x0 obj_cooja/mtype238.a(rtimer-arch.o)
 .data          0x0000000000032084        0x0 obj_cooja/mtype238.a(beep.o)
 .data          0x0000000000032084        0x0 obj_cooja/mtype238.a(button-sensor.o)
 .data          0x0000000000032084        0x0 obj_cooja/mtype238.a(leds-arch.o)
 .data          0x0000000000032084        0x0 obj_cooja/mtype238.a(moteid.o)
 .data          0x0000000000032084        0x0 obj_cooja/mtype238.a(pir-sensor.o)
 .data          0x0000000000032084        0x0 obj_cooja/mtype238.a(rs232.o)
 .data          0x0000000000032084        0x0 obj_cooja/mtype238.a(vib-sensor.o)
 .data          0x0000000000032084        0x0 obj_cooja/mtype238.a(clock.o)
 .data          0x0000000000032084        0x0 obj_cooja/mtype238.a(log.o)
 .data          0x0000000000032084        0x0 obj_cooja/mtype238.a(cfs-cooja.o)
 .data          0x0000000000032084       0x40 obj_cooja/mtype238.a(cooja-radio.o)
                0x0000000000032084                simRadioChannelLR
                0x0000000000032088                simRadioHWOnLR
                0x000000000003208c                simSignalStrengthLR
                0x0000000000032090                simLastSignalStrengthLR
                0x0000000000032094                simPowerLR
                0x0000000000032098                simLQILR
                0x000000000003209c                simRadioChannel
                0x00000000000320a0                simRadioHWOn
                0x00000000000320a4                simSignalStrength
                0x00000000000320a8                simLastSignalStrength
                0x00000000000320ac                simPower
                0x00000000000320b0                simLQI
                0x00000000000320b4                cooja_radio_process
 .data          0x00000000000320c4        0x0 obj_cooja/mtype238.a(eeprom.o)
 .data          0x00000000000320c4        0x0 obj_cooja/mtype238.a(random.o)
 .data          0x00000000000320c4       0x10 obj_cooja/mtype238.a(sensors.o)
                0x00000000000320c4                sensors_process
 .data          0x00000000000320d4        0x0 obj_cooja/mtype238.a(leds.o)
 .data          0x00000000000320d4       0x3a obj_cooja/mtype238.a(dual_conf.o)
                0x00000000000320d4                radio_received
                0x00000000000320d8                dual_dio_broadcast
                0x00000000000320e8                dual_dis_broadcast
                0x00000000000320f8                dual_LSA_converge_broadcast
 .data          0x000000000003210e        0x0 obj_cooja/mtype238.a(autostart.o)
 *fill*         0x000000000003210e        0x2 
 .data          0x0000000000032110       0x14 obj_cooja/mtype238.a(ctimer.o)
                0x0000000000032114                ctimer_process
 .data          0x0000000000032124       0x10 obj_cooja/mtype238.a(etimer.o)
                0x0000000000032124                etimer_process
 .data          0x0000000000032134        0x0 obj_cooja/mtype238.a(log_message.o)
 .data          0x0000000000032134        0x0 obj_cooja/mtype238.a(process.o)
 .data          0x0000000000032134        0x0 obj_cooja/mtype238.a(residual.o)
 .data          0x0000000000032134        0x0 obj_cooja/mtype238.a(rtimer.o)
 .data          0x0000000000032134        0x0 obj_cooja/mtype238.a(timer.o)
 .data          0x0000000000032134       0x10 obj_cooja/mtype238.a(serial-line.o)
                0x0000000000032134                serial_line_process
 .data          0x0000000000032144        0x0 obj_cooja/mtype238.a(list.o)
 .data          0x0000000000032144        0x0 obj_cooja/mtype238.a(ringbuf.o)
 .data          0x0000000000032144        0x0 obj_cooja/mtype238.a(sicslowpan.o)
 .data          0x0000000000032144       0x14 obj_cooja/mtype238.a(uip-ds6-nbr.o)
                0x0000000000032154                ds6_neighbors
 .data          0x0000000000032158        0x0 obj_cooja/mtype238.a(uip-ds6.o)
 .data          0x0000000000032158        0x0 obj_cooja/mtype238.a(uip6.o)
 .data          0x0000000000032158       0x10 obj_cooja/mtype238.a(tcpip.o)
                0x0000000000032158                tcpip_process
 .data          0x0000000000032168        0x0 obj_cooja/mtype238.a(uip-debug.o)
 .data          0x0000000000032168        0xc obj_cooja/mtype238.a(uip-packetqueue)
 .data          0x0000000000032174       0x28 obj_cooja/mtype238.a(rpl-dag.o)
                0x0000000000032184                rpl_parents
                0x0000000000032198                rpl_children
 .data          0x000000000003219c        0x0 obj_cooja/mtype238.a(rpl-ext-header.)
 .data          0x000000000003219c       0x40 obj_cooja/mtype238.a(rpl-icmp6.o)
 .data          0x00000000000321dc       0x1c obj_cooja/mtype238.a(rpl-ltmax.o)
                0x00000000000321dc                rpl_ltmax_of
 .data          0x00000000000321f8        0x0 obj_cooja/mtype238.a(rpl-timers.o)
 .data          0x00000000000321f8        0x0 obj_cooja/mtype238.a(rpl.o)
 .data          0x00000000000321f8        0x0 obj_cooja/mtype238.a(framer-802154.o)
 .data          0x00000000000321f8        0x0 obj_cooja/mtype238.a(nullmac.o)
 .data          0x00000000000321f8       0x30 obj_cooja/mtype238.a(cxmac.o)
                0x00000000000321f8                cxmac_config
                0x0000000000032208                strobe_wait
 .data          0x0000000000032228        0x0 obj_cooja/mtype238.a(linkaddr.o)
 .data          0x0000000000032228       0x10 obj_cooja/mtype238.a(nbr-table.o)
 .data          0x0000000000032238        0x0 obj_cooja/mtype238.a(netstack.o)
 .data          0x0000000000032238        0x4 obj_cooja/mtype238.a(packetbuf.o)
 .data          0x000000000003223c       0x18 obj_cooja/mtype238.a(queuebuf.o)
 .data          0x0000000000032254        0x0 obj_cooja/mtype238.a(nullsec.o)
 .data          0x0000000000032254        0x0 obj_cooja/mtype238.a(watchdog.o)
 .data          0x0000000000032254        0x0 obj_cooja/mtype238.a(rimestats.o)
 .data          0x0000000000032254        0x0 obj_cooja/mtype238.a(stimer.o)
 .data          0x0000000000032254        0x0 obj_cooja/mtype238.a(memb.o)
 .data          0x0000000000032254       0x44 obj_cooja/mtype238.a(uip-ds6-route.o)
                0x0000000000032264                nbr_routes
 .data          0x0000000000032298       0x20 obj_cooja/mtype238.a(uip-icmp6.o)
 .data          0x00000000000322b8        0x0 obj_cooja/mtype238.a(uip-nd6.o)
 .data          0x00000000000322b8        0x0 obj_cooja/mtype238.a(rpl-nbr-policy.)
 .data          0x00000000000322b8        0x2 obj_cooja/mtype238.a(frame802154.o)
 .data          0x00000000000322ba        0x0 obj_cooja/mtype238.a(mac.o)
 .data          0x00000000000322ba        0x0 /usr/lib/gcc/i686-linux-gnu/4.8/crtendS.o
 .data          0x00000000000322ba        0x0 /usr/lib/gcc/i686-linux-gnu/4.8/../../../i386-linux-gnu/crtn.o

.tm_clone_table
                0x00000000000322bc        0x0
 .tm_clone_table
                0x00000000000322bc        0x0 /usr/lib/gcc/i686-linux-gnu/4.8/crtbeginS.o
 .tm_clone_table
                0x00000000000322bc        0x0 /usr/lib/gcc/i686-linux-gnu/4.8/crtendS.o

.data1
 *(.data1)
                0x00000000000322bc                _edata = .
                0x00000000000322bc                PROVIDE (edata, .)
                0x00000000000322bc                . = .
                0x00000000000322bc                __bss_start = .

.bss            0x00000000000322c0     0x82e8
 *(.dynbss)
 .dynbss        0x0000000000000000        0x0 /usr/lib/gcc/i686-linux-gnu/4.8/../../../i386-linux-gnu/crti.o
 *(.bss .bss.* .gnu.linkonce.b.*)
 .bss           0x00000000000322c0        0x0 /usr/lib/gcc/i686-linux-gnu/4.8/../../../i386-linux-gnu/crti.o
 .bss           0x00000000000322c0        0x1 /usr/lib/gcc/i686-linux-gnu/4.8/crtbeginS.o
 *fill*         0x00000000000322c1        0x3 
 .bss           0x00000000000322c4        0x8 udp-server.co
                0x00000000000322c4                my_weight
 *fill*         0x00000000000322cc       0x14 
 .bss           0x00000000000322e0     0x2030 obj_cooja/mtype238.o
 .bss           0x0000000000034310        0x1 obj_cooja/mtype238.a(simEnvChange.o)
                0x0000000000034310                simDontFallAsleep
 *fill*         0x0000000000034311        0x3 
 .bss           0x0000000000034314        0x4 obj_cooja/mtype238.a(cooja_mt.o)
 .bss           0x0000000000034318        0x4 obj_cooja/mtype238.a(cooja_mtarch.o)
 .bss           0x000000000003431c        0xc obj_cooja/mtype238.a(rtimer-arch.o)
 .bss           0x0000000000034328        0x0 obj_cooja/mtype238.a(beep.o)
 .bss           0x0000000000034328        0x8 obj_cooja/mtype238.a(button-sensor.o)
 .bss           0x0000000000034330        0x0 obj_cooja/mtype238.a(leds-arch.o)
 .bss           0x0000000000034330        0x0 obj_cooja/mtype238.a(moteid.o)
 .bss           0x0000000000034330        0x1 obj_cooja/mtype238.a(pir-sensor.o)
                0x0000000000034330                simPirValue
 *fill*         0x0000000000034331        0x3 
 .bss           0x0000000000034334        0x4 obj_cooja/mtype238.a(rs232.o)
 .bss           0x0000000000034338        0x1 obj_cooja/mtype238.a(vib-sensor.o)
                0x0000000000034338                simVibValue
 .bss           0x0000000000034339        0x0 obj_cooja/mtype238.a(clock.o)
 *fill*         0x0000000000034339        0x7 
 .bss           0x0000000000034340      0x420 obj_cooja/mtype238.a(log.o)
 .bss           0x0000000000034760      0xfc0 obj_cooja/mtype238.a(cfs-cooja.o)
                0x0000000000034760                simCFSData
                0x0000000000035700                simCFSSize
                0x0000000000035704                simCFSChanged
                0x0000000000035708                simCFSRead
                0x000000000003570c                simCFSWritten
 .bss           0x0000000000035720       0x24 obj_cooja/mtype238.a(cooja-radio.o)
                0x0000000000035720                simReceivingLR
                0x0000000000035724                simInSizeLR
                0x0000000000035728                simOutSizeLR
                0x000000000003572c                simReceiving
                0x0000000000035730                simInSize
                0x0000000000035734                simOutSize
                0x0000000000035738                LongRangeTransmit
                0x000000000003573c                LongRangeReceiving
 .bss           0x0000000000035744        0xc obj_cooja/mtype238.a(eeprom.o)
                0x0000000000035744                simEEPROMChanged
                0x0000000000035748                simEEPROMRead
                0x000000000003574c                simEEPROMWritten
 .bss           0x0000000000035750        0x0 obj_cooja/mtype238.a(random.o)
 .bss           0x0000000000035750        0xc obj_cooja/mtype238.a(sensors.o)
 .bss           0x000000000003575c        0x1 obj_cooja/mtype238.a(leds.o)
 *fill*         0x000000000003575d        0x3 
 .bss           0x0000000000035760       0x40 obj_cooja/mtype238.a(dual_conf.o)
                0x0000000000035760                long_range_radio
 .bss           0x00000000000357a0        0x0 obj_cooja/mtype238.a(autostart.o)
 .bss           0x00000000000357a0        0x5 obj_cooja/mtype238.a(ctimer.o)
 *fill*         0x00000000000357a5        0x3 
 .bss           0x00000000000357a8        0x8 obj_cooja/mtype238.a(etimer.o)
 .bss           0x00000000000357b0        0x0 obj_cooja/mtype238.a(log_message.o)
 *fill*         0x00000000000357b0       0x10 
 .bss           0x00000000000357c0      0x1b1 obj_cooja/mtype238.a(process.o)
                0x00000000000357c0                process_list
                0x00000000000357c4                process_current
 .bss           0x0000000000035971        0x0 obj_cooja/mtype238.a(residual.o)
 *fill*         0x0000000000035971        0x3 
 .bss           0x0000000000035974        0x4 obj_cooja/mtype238.a(rtimer.o)
 .bss           0x0000000000035978        0x0 obj_cooja/mtype238.a(timer.o)
 *fill*         0x0000000000035978        0x8 
 .bss           0x0000000000035980      0x140 obj_cooja/mtype238.a(serial-line.o)
 .bss           0x0000000000035ac0        0x0 obj_cooja/mtype238.a(list.o)
 .bss           0x0000000000035ac0        0x0 obj_cooja/mtype238.a(ringbuf.o)
 .bss           0x0000000000035ac0      0x70c obj_cooja/mtype238.a(sicslowpan.o)
 *fill*         0x00000000000361cc       0x14 
 .bss           0x00000000000361e0       0xc0 obj_cooja/mtype238.a(uip-ds6-nbr.o)
 .bss           0x00000000000362a0       0x30 obj_cooja/mtype238.a(uip-ds6.o)
 .bss           0x00000000000362d0        0xe obj_cooja/mtype238.a(uip6.o)
                0x00000000000362d0                uip_ext_bitmap
                0x00000000000362d1                uip_ext_len
                0x00000000000362d2                uip_ext_opt_offset
 *fill*         0x00000000000362de        0x2 
 .bss           0x00000000000362e0       0x6b obj_cooja/mtype238.a(tcpip.o)
 .bss           0x000000000003634b        0x0 obj_cooja/mtype238.a(uip-debug.o)
 *fill*         0x000000000003634b       0x15 
 .bss           0x0000000000036360      0xcf8 obj_cooja/mtype238.a(uip-packetqueue)
 *fill*         0x0000000000037058        0x8 
 .bss           0x0000000000037060       0x88 obj_cooja/mtype238.a(rpl-dag.o)
 .bss           0x00000000000370e8        0x0 obj_cooja/mtype238.a(rpl-ext-header.)
 .bss           0x00000000000370e8        0x0 obj_cooja/mtype238.a(rpl-icmp6.o)
 .bss           0x00000000000370e8        0x0 obj_cooja/mtype238.a(rpl-ltmax.o)
 *fill*         0x00000000000370e8       0x18 
 .bss           0x0000000000037100       0x60 obj_cooja/mtype238.a(rpl-timers.o)
 .bss           0x0000000000037160        0x4 obj_cooja/mtype238.a(rpl.o)
 .bss           0x0000000000037164        0x2 obj_cooja/mtype238.a(framer-802154.o)
 .bss           0x0000000000037166        0x0 obj_cooja/mtype238.a(nullmac.o)
 *fill*         0x0000000000037166       0x1a 
 .bss           0x0000000000037180       0xb0 obj_cooja/mtype238.a(cxmac.o)
 .bss           0x0000000000037230        0x0 obj_cooja/mtype238.a(linkaddr.o)
 *fill*         0x0000000000037230       0x10 
 .bss           0x0000000000037240       0xc4 obj_cooja/mtype238.a(nbr-table.o)
 .bss           0x0000000000037304        0x0 obj_cooja/mtype238.a(netstack.o)
 *fill*         0x0000000000037304       0x1c 
 .bss           0x0000000000037320       0xa0 obj_cooja/mtype238.a(packetbuf.o)
 .bss           0x00000000000373c0      0xb80 obj_cooja/mtype238.a(queuebuf.o)
 .bss           0x0000000000037f40        0x0 obj_cooja/mtype238.a(nullsec.o)
 .bss           0x0000000000037f40        0x0 obj_cooja/mtype238.a(watchdog.o)
 .bss           0x0000000000037f40        0x0 obj_cooja/mtype238.a(rimestats.o)
 .bss           0x0000000000037f40        0x0 obj_cooja/mtype238.a(stimer.o)
 .bss           0x0000000000037f40        0x0 obj_cooja/mtype238.a(memb.o)
 .bss           0x0000000000037f40      0x4a8 obj_cooja/mtype238.a(uip-ds6-route.o)
 .bss           0x00000000000383e8       0x18 obj_cooja/mtype238.a(uip-icmp6.o)
 .bss           0x0000000000038400        0x0 obj_cooja/mtype238.a(uip-nd6.o)
 .bss           0x0000000000038400       0x44 obj_cooja/mtype238.a(rpl-nbr-policy.)
 .bss           0x0000000000038444        0x0 obj_cooja/mtype238.a(frame802154.o)
 .bss           0x0000000000038444        0x0 obj_cooja/mtype238.a(mac.o)
 .bss           0x0000000000038444        0x0 /usr/lib/gcc/i686-linux-gnu/4.8/crtendS.o
 .bss           0x0000000000038444        0x0 /usr/lib/gcc/i686-linux-gnu/4.8/../../../i386-linux-gnu/crtn.o
 *(COMMON)
 COMMON         0x0000000000038444        0x7 udp-server.co
                0x0000000000038444                LSA_message_input
                0x0000000000038445                LSA_SR_preamble
                0x0000000000038446                LSA_lr_child
                0x0000000000038447                LSA_converge
                0x0000000000038448                my_sink_reachability
                0x0000000000038449                my_parent_number
                0x000000000003844a                LSA_message_flag
 *fill*         0x000000000003844b        0x1 
 COMMON         0x000000000003844c       0x60 obj_cooja/mtype238.o
                0x000000000003844c                dio_count
                0x0000000000038450                dis_count
                0x0000000000038454                collision_count
                0x0000000000038458                transmission_count
                0x000000000003845c                dao_ack_fwd_count
                0x0000000000038460                COOJA_radioRxLong
                0x0000000000038464                control_message_count
                0x0000000000038468                dao_count
                0x000000000003846c                icmp_count
                0x0000000000038470                COOJA_radioTx
                0x0000000000038474                referenceVar
                0x0000000000038478                dao_ack_count
                0x000000000003847c                data_message_count
                0x0000000000038480                COOJA_radioTxLong
                0x0000000000038484                COOJA_radioRx
                0x0000000000038488                debugfp
                0x000000000003848c                COOJA_radioOn
                0x0000000000038490                LSA_count
                0x0000000000038494                dao_fwd_count
                0x0000000000038498                COOJA_duration
                0x000000000003849c                dio_ack_count
                0x00000000000384a0                COOJA_radioOnLong
                0x00000000000384a4                sensors_flags
                0x00000000000384a8                data_fwd_count
 COMMON         0x00000000000384ac        0xc obj_cooja/mtype238.a(simEnvChange.o)
                0x00000000000384ac                simEtimerPending
                0x00000000000384b0                simProcessRunValue
                0x00000000000384b4                simNextExpirationTime
 COMMON         0x00000000000384b8        0x1 obj_cooja/mtype238.a(beep.o)
                0x00000000000384b8                simBeeped
 COMMON         0x00000000000384b9        0x3 obj_cooja/mtype238.a(button-sensor.o)
                0x00000000000384b9                simButtonIsActive
                0x00000000000384ba                simButtonIsDown
                0x00000000000384bb                simButtonChanged
 COMMON         0x00000000000384bc        0x1 obj_cooja/mtype238.a(leds-arch.o)
                0x00000000000384bc                simLedsValue
 *fill*         0x00000000000384bd        0x3 
 COMMON         0x00000000000384c0        0xc obj_cooja/mtype238.a(moteid.o)
                0x00000000000384c0                simRandomSeed
                0x00000000000384c4                simMoteIDChanged
                0x00000000000384c8                simMoteID
 COMMON         0x00000000000384cc        0x2 obj_cooja/mtype238.a(pir-sensor.o)
                0x00000000000384cc                simPirIsActive
                0x00000000000384cd                simPirChanged
 *fill*         0x00000000000384ce       0x12 
 COMMON         0x00000000000384e0      0x820 obj_cooja/mtype238.a(rs232.o)
                0x00000000000384e0                simSerialReceivingFlag
                0x00000000000384e4                simSerialReceivingLength
                0x0000000000038500                simSerialReceivingData
 COMMON         0x0000000000038d00        0x2 obj_cooja/mtype238.a(vib-sensor.o)
                0x0000000000038d00                simVibChanged
                0x0000000000038d01                simVibIsActive
 *fill*         0x0000000000038d02        0x2 
 COMMON         0x0000000000038d04        0x4 obj_cooja/mtype238.a(clock.o)
                0x0000000000038d04                simCurrentTime
 *fill*         0x0000000000038d08       0x18 
 COMMON         0x0000000000038d20      0x420 obj_cooja/mtype238.a(log.o)
                0x0000000000038d20                simLoggedLength
                0x0000000000038d24                simLoggedFlag
                0x0000000000038d40                simLoggedData
 COMMON         0x0000000000039140      0x240 obj_cooja/mtype238.a(cooja-radio.o)
                0x0000000000039140                simOutDataBuffer
                0x00000000000391c0                simRadioTarget
                0x00000000000391e0                simInDataBufferLR
                0x0000000000039260                simOutDataBufferLR
                0x00000000000392e0                dual_duty_cycle_count
                0x0000000000039300                simInDataBuffer
 COMMON         0x0000000000039380      0x400 obj_cooja/mtype238.a(eeprom.o)
                0x0000000000039380                simEEPROMData
 COMMON         0x0000000000039780        0x1 obj_cooja/mtype238.a(sensors.o)
                0x0000000000039780                sensors_event
 *fill*         0x0000000000039781        0x3 
 COMMON         0x0000000000039784        0x4 obj_cooja/mtype238.a(log_message.o)
                0x0000000000039784                log_fp
 COMMON         0x0000000000039788        0x1 obj_cooja/mtype238.a(serial-line.o)
                0x0000000000039788                serial_line_event_message
 *fill*         0x0000000000039789       0x17 
 COMMON         0x00000000000397a0       0x50 obj_cooja/mtype238.a(uip-ds6-nbr.o)
                0x00000000000397a0                ds6_lr_addrmap
 *fill*         0x00000000000397f0       0x10 
 COMMON         0x0000000000039800      0x298 obj_cooja/mtype238.a(uip-ds6.o)
                0x0000000000039800                uip_ds6_prefix_list
                0x0000000000039860                uip_ds6_timer_periodic
                0x0000000000039870                uip_ds6_netif_addr_list_offset
                0x0000000000039880                uip_ds6_if
                0x0000000000039978                uip_ds6_timer_ra
                0x0000000000039980                uip_ds6_addr_size
                0x00000000000399a0                long_uip_ds6_if
 *fill*         0x0000000000039a98        0x8 
 COMMON         0x0000000000039aa0      0x8ec obj_cooja/mtype238.a(uip6.o)
                0x0000000000039aa0                uip_slen
                0x0000000000039aa2                uip_acc32
                0x0000000000039ac0                uip_conns
                0x0000000000039b80                uip_lladdr
                0x0000000000039b88                uip_appdata
                0x0000000000039b8c                uip_flags
                0x0000000000039ba0                uip_aligned_buf
                0x000000000003a1e0                uip_listenports
                0x000000000003a1f0                uip_len
                0x000000000003a1f2                uip_long_lladdr
                0x000000000003a1fc                uip_sappdata
                0x000000000003a200                uip_udp_conns
                0x000000000003a380                uip_udp_conn
                0x000000000003a384                uip_next_hdr
                0x000000000003a388                uip_conn
 COMMON         0x000000000003a38c        0x1 obj_cooja/mtype238.a(tcpip.o)
                0x000000000003a38c                tcpip_event
 *fill*         0x000000000003a38d       0x13 
 COMMON         0x000000000003a3a0      0x178 obj_cooja/mtype238.a(rpl-dag.o)
                0x000000000003a3a0                default_instance
                0x000000000003a3c0                instance_table
 COMMON         0x000000000003a518       0x10 obj_cooja/mtype238.a(linkaddr.o)
                0x000000000003a518                linkaddr_node_addr
                0x000000000003a520                long_linkaddr_node_addr
 COMMON         0x000000000003a528       0x2e obj_cooja/mtype238.a(packetbuf.o)
                0x000000000003a528                packetbuf_attrs
                0x000000000003a546                packetbuf_addrs
 *fill*         0x000000000003a556        0xa 
 COMMON         0x000000000003a560       0x48 obj_cooja/mtype238.a(rimestats.o)
                0x000000000003a560                rimestats
                0x000000000003a5a8                . = ALIGN ((. != 0x0)?0x4:0x1)
                0x000000000003a5a8                . = ALIGN (0x4)
                0x000000000003a5a8                . = SEGMENT_START ("ldata-segment", .)
                0x000000000003a5a8                . = ALIGN (0x4)
                0x000000000003a5a8                _end = .
                0x000000000003a5a8                PROVIDE (end, .)
                0x000000000003a5a8                . = DATA_SEGMENT_END (.)

.stab
 *(.stab)

.stabstr
 *(.stabstr)

.stab.excl
 *(.stab.excl)

.stab.exclstr
 *(.stab.exclstr)

.stab.index
 *(.stab.index)

.stab.indexstr
 *(.stab.indexstr)

.comment        0x0000000000000000       0x29
 *(.comment)
 .comment       0x0000000000000000       0x29 /usr/lib/gcc/i686-linux-gnu/4.8/crtbeginS.o
                                         0x2a (size before relaxing)
 .comment       0x0000000000000000       0x2a udp-server.co
 .comment       0x0000000000000000       0x2a obj_cooja/mtype238.o
 .comment       0x0000000000000000       0x2a obj_cooja/mtype238.a(simEnvChange.o)
 .comment       0x0000000000000000       0x2a obj_cooja/mtype238.a(cooja_mt.o)
 .comment       0x0000000000000000       0x2a obj_cooja/mtype238.a(cooja_mtarch.o)
 .comment       0x0000000000000000       0x2a obj_cooja/mtype238.a(rtimer-arch.o)
 .comment       0x0000000000000000       0x2a obj_cooja/mtype238.a(beep.o)
 .comment       0x0000000000000000       0x2a obj_cooja/mtype238.a(button-sensor.o)
 .comment       0x0000000000000000       0x2a obj_cooja/mtype238.a(leds-arch.o)
 .comment       0x0000000000000000       0x2a obj_cooja/mtype238.a(moteid.o)
 .comment       0x0000000000000000       0x2a obj_cooja/mtype238.a(pir-sensor.o)
 .comment       0x0000000000000000       0x2a obj_cooja/mtype238.a(rs232.o)
 .comment       0x0000000000000000       0x2a obj_cooja/mtype238.a(vib-sensor.o)
 .comment       0x0000000000000000       0x2a obj_cooja/mtype238.a(clock.o)
 .comment       0x0000000000000000       0x2a obj_cooja/mtype238.a(log.o)
 .comment       0x0000000000000000       0x2a obj_cooja/mtype238.a(cfs-cooja.o)
 .comment       0x0000000000000000       0x2a obj_cooja/mtype238.a(cooja-radio.o)
 .comment       0x0000000000000000       0x2a obj_cooja/mtype238.a(eeprom.o)
 .comment       0x0000000000000000       0x2a obj_cooja/mtype238.a(random.o)
 .comment       0x0000000000000000       0x2a obj_cooja/mtype238.a(sensors.o)
 .comment       0x0000000000000000       0x2a obj_cooja/mtype238.a(leds.o)
 .comment       0x0000000000000000       0x2a obj_cooja/mtype238.a(dual_conf.o)
 .comment       0x0000000000000000       0x2a obj_cooja/mtype238.a(autostart.o)
 .comment       0x0000000000000000       0x2a obj_cooja/mtype238.a(ctimer.o)
 .comment       0x0000000000000000       0x2a obj_cooja/mtype238.a(etimer.o)
 .comment       0x0000000000000000       0x2a obj_cooja/mtype238.a(log_message.o)
 .comment       0x0000000000000000       0x2a obj_cooja/mtype238.a(process.o)
 .comment       0x0000000000000000       0x2a obj_cooja/mtype238.a(residual.o)
 .comment       0x0000000000000000       0x2a obj_cooja/mtype238.a(rtimer.o)
 .comment       0x0000000000000000       0x2a obj_cooja/mtype238.a(timer.o)
 .comment       0x0000000000000000       0x2a obj_cooja/mtype238.a(serial-line.o)
 .comment       0x0000000000000000       0x2a obj_cooja/mtype238.a(list.o)
 .comment       0x0000000000000000       0x2a obj_cooja/mtype238.a(ringbuf.o)
 .comment       0x0000000000000000       0x2a obj_cooja/mtype238.a(sicslowpan.o)
 .comment       0x0000000000000000       0x2a obj_cooja/mtype238.a(uip-ds6-nbr.o)
 .comment       0x0000000000000000       0x2a obj_cooja/mtype238.a(uip-ds6.o)
 .comment       0x0000000000000000       0x2a obj_cooja/mtype238.a(uip6.o)
 .comment       0x0000000000000000       0x2a obj_cooja/mtype238.a(tcpip.o)
 .comment       0x0000000000000000       0x2a obj_cooja/mtype238.a(uip-debug.o)
 .comment       0x0000000000000000       0x2a obj_cooja/mtype238.a(uip-packetqueue)
 .comment       0x0000000000000000       0x2a obj_cooja/mtype238.a(rpl-dag.o)
 .comment       0x0000000000000000       0x2a obj_cooja/mtype238.a(rpl-ext-header.)
 .comment       0x0000000000000000       0x2a obj_cooja/mtype238.a(rpl-icmp6.o)
 .comment       0x0000000000000000       0x2a obj_cooja/mtype238.a(rpl-ltmax.o)
 .comment       0x0000000000000000       0x2a obj_cooja/mtype238.a(rpl-timers.o)
 .comment       0x0000000000000000       0x2a obj_cooja/mtype238.a(rpl.o)
 .comment       0x0000000000000000       0x2a obj_cooja/mtype238.a(framer-802154.o)
 .comment       0x0000000000000000       0x2a obj_cooja/mtype238.a(nullmac.o)
 .comment       0x0000000000000000       0x2a obj_cooja/mtype238.a(cxmac.o)
 .comment       0x0000000000000000       0x2a obj_cooja/mtype238.a(linkaddr.o)
 .comment       0x0000000000000000       0x2a obj_cooja/mtype238.a(nbr-table.o)
 .comment       0x0000000000000000       0x2a obj_cooja/mtype238.a(netstack.o)
 .comment       0x0000000000000000       0x2a obj_cooja/mtype238.a(packetbuf.o)
 .comment       0x0000000000000000       0x2a obj_cooja/mtype238.a(queuebuf.o)
 .comment       0x0000000000000000       0x2a obj_cooja/mtype238.a(nullsec.o)
 .comment       0x0000000000000000       0x2a obj_cooja/mtype238.a(watchdog.o)
 .comment       0x0000000000000000       0x2a obj_cooja/mtype238.a(rimestats.o)
 .comment       0x0000000000000000       0x2a obj_cooja/mtype238.a(stimer.o)
 .comment       0x0000000000000000       0x2a obj_cooja/mtype238.a(memb.o)
 .comment       0x0000000000000000       0x2a obj_cooja/mtype238.a(uip-ds6-route.o)
 .comment       0x0000000000000000       0x2a obj_cooja/mtype238.a(uip-icmp6.o)
 .comment       0x0000000000000000       0x2a obj_cooja/mtype238.a(uip-nd6.o)
 .comment       0x0000000000000000       0x2a obj_cooja/mtype238.a(rpl-nbr-policy.)
 .comment       0x0000000000000000       0x2a obj_cooja/mtype238.a(frame802154.o)
 .comment       0x0000000000000000       0x2a obj_cooja/mtype238.a(mac.o)
 .comment       0x0000000000000000       0x2a /usr/lib/gcc/i686-linux-gnu/4.8/crtendS.o

.debug
 *(.debug)

.line
 *(.line)

.debug_srcinfo
 *(.debug_srcinfo)

.debug_sfnames
 *(.debug_sfnames)

.debug_aranges  0x0000000000000000      0x818
 *(.debug_aranges)
 .debug_aranges
                0x0000000000000000       0x20 udp-server.co
 .debug_aranges
                0x0000000000000020       0x20 obj_cooja/mtype238.o
 .debug_aranges
                0x0000000000000040       0x20 obj_cooja/mtype238.a(simEnvChange.o)
 .debug_aranges
                0x0000000000000060       0x20 obj_cooja/mtype238.a(cooja_mt.o)
 .debug_aranges
                0x0000000000000080       0x20 obj_cooja/mtype238.a(cooja_mtarch.o)
 .debug_aranges
                0x00000000000000a0       0x20 obj_cooja/mtype238.a(rtimer-arch.o)
 .debug_aranges
                0x00000000000000c0       0x20 obj_cooja/mtype238.a(beep.o)
 .debug_aranges
                0x00000000000000e0       0x20 obj_cooja/mtype238.a(button-sensor.o)
 .debug_aranges
                0x0000000000000100       0x20 obj_cooja/mtype238.a(leds-arch.o)
 .debug_aranges
                0x0000000000000120       0x20 obj_cooja/mtype238.a(moteid.o)
 .debug_aranges
                0x0000000000000140       0x20 obj_cooja/mtype238.a(pir-sensor.o)
 .debug_aranges
                0x0000000000000160       0x20 obj_cooja/mtype238.a(rs232.o)
 .debug_aranges
                0x0000000000000180       0x20 obj_cooja/mtype238.a(vib-sensor.o)
 .debug_aranges
                0x00000000000001a0       0x20 obj_cooja/mtype238.a(clock.o)
 .debug_aranges
                0x00000000000001c0       0x20 obj_cooja/mtype238.a(log.o)
 .debug_aranges
                0x00000000000001e0       0x20 obj_cooja/mtype238.a(cfs-cooja.o)
 .debug_aranges
                0x0000000000000200       0x20 obj_cooja/mtype238.a(cooja-radio.o)
 .debug_aranges
                0x0000000000000220       0x20 obj_cooja/mtype238.a(eeprom.o)
 .debug_aranges
                0x0000000000000240       0x20 obj_cooja/mtype238.a(random.o)
 .debug_aranges
                0x0000000000000260       0x20 obj_cooja/mtype238.a(sensors.o)
 .debug_aranges
                0x0000000000000280       0x20 obj_cooja/mtype238.a(leds.o)
 .debug_aranges
                0x00000000000002a0       0x20 obj_cooja/mtype238.a(dual_conf.o)
 .debug_aranges
                0x00000000000002c0       0x20 obj_cooja/mtype238.a(autostart.o)
 .debug_aranges
                0x00000000000002e0       0x20 obj_cooja/mtype238.a(ctimer.o)
 .debug_aranges
                0x0000000000000300       0x20 obj_cooja/mtype238.a(etimer.o)
 .debug_aranges
                0x0000000000000320       0x20 obj_cooja/mtype238.a(log_message.o)
 .debug_aranges
                0x0000000000000340       0x20 obj_cooja/mtype238.a(process.o)
 .debug_aranges
                0x0000000000000360       0x20 obj_cooja/mtype238.a(residual.o)
 .debug_aranges
                0x0000000000000380       0x20 obj_cooja/mtype238.a(rtimer.o)
 .debug_aranges
                0x00000000000003a0       0x20 obj_cooja/mtype238.a(timer.o)
 .debug_aranges
                0x00000000000003c0       0x20 obj_cooja/mtype238.a(serial-line.o)
 .debug_aranges
                0x00000000000003e0       0x20 obj_cooja/mtype238.a(list.o)
 .debug_aranges
                0x0000000000000400       0x20 obj_cooja/mtype238.a(ringbuf.o)
 .debug_aranges
                0x0000000000000420       0x20 obj_cooja/mtype238.a(sicslowpan.o)
 .debug_aranges
                0x0000000000000440       0x20 obj_cooja/mtype238.a(uip-ds6-nbr.o)
 .debug_aranges
                0x0000000000000460       0x20 obj_cooja/mtype238.a(uip-ds6.o)
 .debug_aranges
                0x0000000000000480       0x20 obj_cooja/mtype238.a(uip6.o)
 .debug_aranges
                0x00000000000004a0       0x20 obj_cooja/mtype238.a(tcpip.o)
 .debug_aranges
                0x00000000000004c0       0x20 obj_cooja/mtype238.a(uip-debug.o)
 .debug_aranges
                0x00000000000004e0       0x20 obj_cooja/mtype238.a(uip-packetqueue)
 .debug_aranges
                0x0000000000000500       0x20 obj_cooja/mtype238.a(rpl-dag.o)
 .debug_aranges
                0x0000000000000520       0x20 obj_cooja/mtype238.a(rpl-ext-header.)
 .debug_aranges
                0x0000000000000540       0x20 obj_cooja/mtype238.a(rpl-icmp6.o)
 .debug_aranges
                0x0000000000000560       0x20 obj_cooja/mtype238.a(rpl-ltmax.o)
 .debug_aranges
                0x0000000000000580       0x20 obj_cooja/mtype238.a(rpl-timers.o)
 .debug_aranges
                0x00000000000005a0       0x20 obj_cooja/mtype238.a(rpl.o)
 .debug_aranges
                0x00000000000005c0       0x20 obj_cooja/mtype238.a(framer-802154.o)
 .debug_aranges
                0x00000000000005e0       0x20 obj_cooja/mtype238.a(nullmac.o)
 .debug_aranges
                0x0000000000000600       0x20 obj_cooja/mtype238.a(cxmac.o)
 .debug_aranges
                0x0000000000000620       0x20 obj_cooja/mtype238.a(linkaddr.o)
 .debug_aranges
                0x0000000000000640       0x20 obj_cooja/mtype238.a(nbr-table.o)
 .debug_aranges
                0x0000000000000660       0x20 obj_cooja/mtype238.a(netstack.o)
 .debug_aranges
                0x0000000000000680       0x20 obj_cooja/mtype238.a(packetbuf.o)
 .debug_aranges
                0x00000000000006a0       0x20 obj_cooja/mtype238.a(queuebuf.o)
 .debug_aranges
                0x00000000000006c0       0x20 obj_cooja/mtype238.a(nullsec.o)
 .debug_aranges
                0x00000000000006e0       0x20 obj_cooja/mtype238.a(watchdog.o)
 .debug_aranges
                0x0000000000000700       0x18 obj_cooja/mtype238.a(rimestats.o)
 .debug_aranges
                0x0000000000000718       0x20 obj_cooja/mtype238.a(stimer.o)
 .debug_aranges
                0x0000000000000738       0x20 obj_cooja/mtype238.a(memb.o)
 .debug_aranges
                0x0000000000000758       0x20 obj_cooja/mtype238.a(uip-ds6-route.o)
 .debug_aranges
                0x0000000000000778       0x20 obj_cooja/mtype238.a(uip-icmp6.o)
 .debug_aranges
                0x0000000000000798       0x20 obj_cooja/mtype238.a(uip-nd6.o)
 .debug_aranges
                0x00000000000007b8       0x20 obj_cooja/mtype238.a(rpl-nbr-policy.)
 .debug_aranges
                0x00000000000007d8       0x20 obj_cooja/mtype238.a(frame802154.o)
 .debug_aranges
                0x00000000000007f8       0x20 obj_cooja/mtype238.a(mac.o)

.debug_pubnames
 *(.debug_pubnames)

.debug_info     0x0000000000000000    0x1d9a5
 *(.debug_info .gnu.linkonce.wi.*)
 .debug_info    0x0000000000000000      0xe96 udp-server.co
 .debug_info    0x0000000000000e96     0x3b19 obj_cooja/mtype238.o
 .debug_info    0x00000000000049af      0x15a obj_cooja/mtype238.a(simEnvChange.o)
 .debug_info    0x0000000000004b09      0x1e2 obj_cooja/mtype238.a(cooja_mt.o)
 .debug_info    0x0000000000004ceb      0x2e7 obj_cooja/mtype238.a(cooja_mtarch.o)