Archive member included to satisfy reference by file (symbol)

obj_cooja/mtype936.a(simEnvChange.o)
                              obj_cooja/mtype936.o (simDontFallAsleep)
obj_cooja/mtype936.a(cooja_mt.o)
                              obj_cooja/mtype936.o (cooja_mt_start)
obj_cooja/mtype936.a(cooja_mtarch.o)
                              obj_cooja/mtype936.a(cooja_mt.o) (cooja_mtarch_init)
obj_cooja/mtype936.a(rtimer-arch.o)
                              obj_cooja/mtype936.o (rtimer_arch_next)
obj_cooja/mtype936.a(beep.o)  obj_cooja/mtype936.o (beep_interface)
obj_cooja/mtype936.a(button-sensor.o)
                              obj_cooja/mtype936.o (button_interface)
obj_cooja/mtype936.a(leds-arch.o)
                              obj_cooja/mtype936.o (leds_interface)
obj_cooja/mtype936.a(moteid.o)
                              obj_cooja/mtype936.o (moteid_interface)
obj_cooja/mtype936.a(pir-sensor.o)
                              obj_cooja/mtype936.o (pir_interface)
obj_cooja/mtype936.a(rs232.o)
                              obj_cooja/mtype936.o (rs232_interface)
obj_cooja/mtype936.a(vib-sensor.o)
                              obj_cooja/mtype936.o (vib_interface)
obj_cooja/mtype936.a(clock.o)
                              obj_cooja/mtype936.o (clock_interface)
obj_cooja/mtype936.a(log.o)   obj_cooja/mtype936.o (simlog_interface)
obj_cooja/mtype936.a(cfs-cooja.o)
                              obj_cooja/mtype936.o (cfs_interface)
obj_cooja/mtype936.a(cooja-radio.o)
                              obj_cooja/mtype936.o (radio_interface)
obj_cooja/mtype936.a(eeprom.o)
                              obj_cooja/mtype936.o (eeprom_interface)
obj_cooja/mtype936.a(random.o)
                              obj_cooja/mtype936.a(moteid.o) (random_init)
obj_cooja/mtype936.a(sensors.o)
                              udp-server.co (sensors_event)
obj_cooja/mtype936.a(dual_conf.o)
                              obj_cooja/mtype936.a(cooja-radio.o) (long_range_radio)
obj_cooja/mtype936.a(autostart.o)
                              obj_cooja/mtype936.o (autostart_start)
obj_cooja/mtype936.a(ctimer.o)
                              obj_cooja/mtype936.o (ctimer_init)
obj_cooja/mtype936.a(etimer.o)
                              obj_cooja/mtype936.o (etimer_process)
obj_cooja/mtype936.a(log_message.o)
                              obj_cooja/mtype936.o (log_initialization)
obj_cooja/mtype936.a(process.o)
                              udp-server.co (process_current)
obj_cooja/mtype936.a(residual.o)
                              obj_cooja/mtype936.o (get_residual_energy)
obj_cooja/mtype936.a(rtimer.o)
                              obj_cooja/mtype936.a(rtimer-arch.o) (rtimer_run_next)
obj_cooja/mtype936.a(timer.o)
                              obj_cooja/mtype936.a(button-sensor.o) (timer_set)
obj_cooja/mtype936.a(serial-line.o)
                              obj_cooja/mtype936.a(rs232.o) (serial_line_input_byte)
obj_cooja/mtype936.a(list.o)  obj_cooja/mtype936.a(ctimer.o) (list_init)
obj_cooja/mtype936.a(ringbuf.o)
                              obj_cooja/mtype936.a(serial-line.o) (ringbuf_init)
obj_cooja/mtype936.a(sicslowpan.o)
                              obj_cooja/mtype936.o (sicslowpan_driver)
obj_cooja/mtype936.a(uip-ds6-nbr.o)
                              obj_cooja/mtype936.a(sicslowpan.o) (uip_ds6_link_neighbor_callback)
obj_cooja/mtype936.a(uip-ds6.o)
                              udp-server.co (uip_ds6_if)
obj_cooja/mtype936.a(uip6.o)  obj_cooja/mtype936.o (uip_lladdr)
obj_cooja/mtype936.a(tcpip.o)
                              udp-server.co (tcpip_event)
obj_cooja/mtype936.a(uip-debug.o)
                              udp-server.co (uip_debug_ipaddr_print)
obj_cooja/mtype936.a(uip-packetqueue)
                              obj_cooja/mtype936.a(uip-ds6-nbr.o) (uip_packetqueue_new)
obj_cooja/mtype936.a(rpl-dag.o)
                              udp-server.co (rpl_set_root)
obj_cooja/mtype936.a(rpl-ext-header.)
                              obj_cooja/mtype936.a(uip6.o) (rpl_verify_header)
obj_cooja/mtype936.a(rpl-icmp6.o)
                              obj_cooja/mtype936.a(rpl-dag.o) (rpl_icmp6_update_nbr_table)
obj_cooja/mtype936.a(rpl-ltmax.o)
                              obj_cooja/mtype936.a(rpl-dag.o) (rpl_ltmax_of)
obj_cooja/mtype936.a(rpl-timers.o)
                              obj_cooja/mtype936.a(rpl-dag.o) (rpl_reset_dio_timer)
obj_cooja/mtype936.a(rpl.o)   obj_cooja/mtype936.a(rpl-icmp6.o) (rpl_get_mode)
obj_cooja/mtype936.a(framer-802154.o)
                              obj_cooja/mtype936.a(sicslowpan.o) (framer_802154)
obj_cooja/mtype936.a(nullmac.o)
                              udp-server.co (nullmac_driver)
obj_cooja/mtype936.a(cxmac.o)
                              obj_cooja/mtype936.o (cxmac_driver)
obj_cooja/mtype936.a(linkaddr.o)
                              obj_cooja/mtype936.o (linkaddr_node_addr)
obj_cooja/mtype936.a(nbr-table.o)
                              obj_cooja/mtype936.a(rpl-dag.o) (long_ip_from_lladdr_map)
[...]
Memory Configuration

Name             Origin             Length             Attributes
*default*        0x0000000000000000 0xffffffffffffffff

Linker script and memory map

LOAD /usr/lib/gcc/i686-linux-gnu/4.8/../../../i386-linux-gnu/crti.o
LOAD /usr/lib/gcc/i686-linux-gnu/4.8/crtbeginS.o
LOAD udp-server.co
LOAD obj_cooja/mtype936.o
LOAD obj_cooja/mtype936.a
LOAD /usr/lib/gcc/i686-linux-gnu/4.8/libgcc.a
LOAD /usr/lib/gcc/i686-linux-gnu/4.8/libgcc_s.so
LOAD /usr/lib/gcc/i686-linux-gnu/4.8/../../../i386-linux-gnu/libc.so
START GROUP
LOAD /lib/i386-linux-gnu/libc.so.6
LOAD /usr/lib/i386-linux-gnu/libc_nonshared.a
LOAD /lib/i386-linux-gnu/ld-linux.so.2
END GROUP
LOAD /usr/lib/gcc/i686-linux-gnu/4.8/libgcc.a
LOAD /usr/lib/gcc/i686-linux-gnu/4.8/libgcc_s.so
LOAD /usr/lib/gcc/i686-linux-gnu/4.8/crtendS.o
LOAD /usr/lib/gcc/i686-linux-gnu/4.8/../../../i386-linux-gnu/crtn.o
                0x0000000000000114                . = (0x0 + SIZEOF_HEADERS)

.note.gnu.build-id
                0x0000000000000114       0x24
 *(.note.gnu.build-id)
 .note.gnu.build-id
                0x0000000000000114       0x24 /usr/lib/gcc/i686-linux-gnu/4.8/../../../i386-linux-gnu/crti.o

.hash
 *(.hash)

.gnu.hash       0x0000000000000138     0x1374
 *(.gnu.hash)
 .gnu.hash      0x0000000000000138     0x1374 /usr/lib/gcc/i686-linux-gnu/4.8/../../../i386-linux-gnu/crti.o

.dynsym         0x00000000000014ac     0x2630
 *(.dynsym)
 .dynsym        0x00000000000014ac     0x2630 /usr/lib/gcc/i686-linux-gnu/4.8/../../../i386-linux-gnu/crti.o

.dynstr         0x0000000000003adc     0x2746
 *(.dynstr)
 .dynstr        0x0000000000003adc     0x2746 /usr/lib/gcc/i686-linux-gnu/4.8/../../../i386-linux-gnu/crti.o

.gnu.version    0x0000000000006222      0x4c6
 *(.gnu.version)
 .gnu.version   0x0000000000006222      0x4c6 /usr/lib/gcc/i686-linux-gnu/4.8/../../../i386-linux-gnu/crti.o

.gnu.version_d  0x00000000000066e8        0x0
 *(.gnu.version_d)
 .gnu.version_d
                0x0000000000000000        0x0 /usr/lib/gcc/i686-linux-gnu/4.8/../../../i386-linux-gnu/crti.o

.gnu.version_r  0x00000000000066e8       0x50
 *(.gnu.version_r)
 .gnu.version_r
                0x00000000000066e8       0x50 /usr/lib/gcc/i686-linux-gnu/4.8/../../../i386-linux-gnu/crti.o

.rel.dyn        0x0000000000006738     0x92c0
 *(.rel.init)
 .rel.init      0x0000000000000000        0x0 /usr/lib/gcc/i686-linux-gnu/4.8/../../../i386-linux-gnu/crti.o
 *(.rel.text .rel.text.* .rel.gnu.linkonce.t.*)
 .rel.text      0x0000000000006738     0x8b20 /usr/lib/gcc/i686-linux-gnu/4.8/../../../i386-linux-gnu/crti.o
 *(.rel.fini)
 .rel.fini      0x0000000000000000        0x0 /usr/lib/gcc/i686-linux-gnu/4.8/../../../i386-linux-gnu/crti.o
 *(.rel.rodata .rel.rodata.* .rel.gnu.linkonce.r.*)
 .rel.rodata    0x000000000000f258      0x4e0 /usr/lib/gcc/i686-linux-gnu/4.8/../../../i386-linux-gnu/crti.o
 *(.rel.data.rel.ro .rel.data.rel.ro.* .rel.gnu.linkonce.d.rel.ro.*)
 *(.rel.data .rel.data.* .rel.gnu.linkonce.d.*)
 .rel.data.rel  0x000000000000f738        0x8 /usr/lib/gcc/i686-linux-gnu/4.8/../../../i386-linux-gnu/crti.o
 .rel.data      0x000000000000f740      0x280 /usr/lib/gcc/i686-linux-gnu/4.8/../../../i386-linux-gnu/crti.o
 *(.rel.tdata .rel.tdata.* .rel.gnu.linkonce.td.*)
 *(.rel.tbss .rel.tbss.* .rel.gnu.linkonce.tb.*)
 *(.rel.ctors)
 *(.rel.dtors)
 *(.rel.got)
 .rel.got       0x000000000000f9c0       0x28 /usr/lib/gcc/i686-linux-gnu/4.8/../../../i386-linux-gnu/crti.o
 *(.rel.bss .rel.bss.* .rel.gnu.linkonce.b.*)
 *(.rel.ifunc)
 .rel.ifunc     0x0000000000000000        0x0 /usr/lib/gcc/i686-linux-gnu/4.8/../../../i386-linux-gnu/crti.o
 .rel.fini_array
                0x000000000000f9e8        0x8 /usr/lib/gcc/i686-linux-gnu/4.8/../../../i386-linux-gnu/crti.o
 .rel.init_array
                0x000000000000f9f0        0x8 /usr/lib/gcc/i686-linux-gnu/4.8/../../../i386-linux-gnu/crti.o

.rel.plt        0x000000000000f9f8       0x10
 *(.rel.plt)
 .rel.plt       0x000000000000f9f8       0x10 /usr/lib/gcc/i686-linux-gnu/4.8/../../../i386-linux-gnu/crti.o
 *(.rel.iplt)

.init           0x000000000000fa08       0x23
 *(SORT(.init))
 .init          0x000000000000fa08       0x1e /usr/lib/gcc/i686-linux-gnu/4.8/../../../i386-linux-gnu/crti.o
                0x000000000000fa08                _init
 .init          0x000000000000fa26        0x5 /usr/lib/gcc/i686-linux-gnu/4.8/../../../i386-linux-gnu/crtn.o

.plt            0x000000000000fa30       0x30
 *(.plt)
 .plt           0x000000000000fa30       0x30 /usr/lib/gcc/i686-linux-gnu/4.8/../../../i386-linux-gnu/crti.o
 *(.iplt)

.text           0x000000000000fa60    0x167bb
 *(.text.unlikely .text.*_unlikely .text.unlikely.*)
 *(.text.exit .text.exit.*)
 *(.text.startup .text.startup.*)
 *(.text.hot .text.hot.*)
 *(.text .stub .text.* .gnu.linkonce.t.*)
 .text          0x000000000000fa60        0x0 /usr/lib/gcc/i686-linux-gnu/4.8/../../../i386-linux-gnu/crti.o
 .gnu.linkonce.t.__x86.get_pc_thunk.bx
                0x000000000000fa60        0x4 /usr/lib/gcc/i686-linux-gnu/4.8/../../../i386-linux-gnu/crti.o
                0x000000000000fa60                __x86.get_pc_thunk.bx
 *fill*         0x000000000000fa64        0xc 
 .text          0x000000000000fa70      0x11b /usr/lib/gcc/i686-linux-gnu/4.8/crtbeginS.o
 .text          0x000000000000fb8b      0x3ce udp-server.co
 .text          0x000000000000ff59      0x96a obj_cooja/mtype936.o
                0x0000000000010107                contiki_init
                0x00000000000106da                Java_org_contikios_cooja_corecomm_Lib3_init
                0x000000000001071a                Java_org_contikios_cooja_corecomm_Lib3_getMemory
                0x000000000001075a                Java_org_contikios_cooja_corecomm_Lib3_setMemory
                0x00000000000107d1                Java_org_contikios_cooja_corecomm_Lib3_tick
                0x00000000000108b1                Java_org_contikios_cooja_corecomm_Lib3_setReferenceAddress
 .text          0x00000000000108c3       0x63 obj_cooja/mtype936.a(simEnvChange.o)
                0x00000000000108c3                doActionsBeforeTick
                0x00000000000108f4                doActionsAfterTick
 .text          0x0000000000010926       0xbc obj_cooja/mtype936.a(cooja_mt.o)
                0x0000000000010926                cooja_mt_init
                0x0000000000010933                cooja_mt_remove
                0x0000000000010940                cooja_mt_start
                0x000000000001096d                cooja_mt_exec
                0x000000000001099e                cooja_mt_exit
                0x00000000000109c0                cooja_mt_yield
 .text          0x00000000000109e2      0x115 obj_cooja/mtype936.a(cooja_mtarch.o)
                0x00000000000109e2                cooja_mtarch_init
                0x00000000000109e7                cooja_mtarch_start
                0x0000000000010a62                cooja_sw
                0x0000000000010a84                cooja_mtarch_exec
                0x0000000000010aa0                cooja_mtarch_remove
                0x0000000000010aa5                cooja_mtarch_yield
                0x0000000000010aaf                cooja_mtarch_pstop
                0x0000000000010ab4                cooja_mtarch_pstart
                0x0000000000010ab9                cooja_mtarch_stack_usage
 .text          0x0000000000010af7       0xc2 obj_cooja/mtype936.a(rtimer-arch.o)
                0x0000000000010af7                rtimer_arch_init
                0x0000000000010b1a                rtimer_arch_schedule
                0x0000000000010b31                rtimer_arch_next
                0x0000000000010b3b                rtimer_arch_pending
                0x0000000000010b45                rtimer_arch_check
                0x0000000000010b77                rtimer_arch_now
 .text          0x0000000000010bb9       0x76 obj_cooja/mtype936.a(beep.o)
                0x0000000000010bb9                beep_alarm
                0x0000000000010bc5                beep_beep
                0x0000000000010bd1                beep
                0x0000000000010bdd                beep_down
                0x0000000000010be9                beep_on
                0x0000000000010bf5                beep_off
                0x0000000000010c01                beep_spinup
                0x0000000000010c0d                beep_quick
                0x0000000000010c19                beep_long
 .text          0x0000000000010c2f      0x103 obj_cooja/mtype936.a(button-sensor.o)
 .text          0x0000000000010d32       0x45 obj_cooja/mtype936.a(leds-arch.o)
                0x0000000000010d32                leds_arch_init
                0x0000000000010d3e                leds_arch_get
                0x0000000000010d4a                leds_arch_set
 .text          0x0000000000010d77       0x2f obj_cooja/mtype936.a(moteid.o)
 .text          0x0000000000010da6       0xb1 obj_cooja/mtype936.a(pir-sensor.o)
 .text          0x0000000000010e57      0x131 obj_cooja/mtype936.a(rs232.o)
                0x0000000000010e57                rs232_init
                0x0000000000010e5c                rs232_set_speed
                0x0000000000010e6a                rs232_set_input
                0x0000000000010e77                rs232_send
                0x0000000000010e99                rs232_print
                0x0000000000010eb4                slip_arch_writeb
 .text          0x0000000000010f88       0xb1 obj_cooja/mtype936.a(vib-sensor.o)
 .text          0x0000000000011039       0x34 obj_cooja/mtype936.a(clock.o)
                0x0000000000011039                clock_init
                0x000000000001103e                clock_time
                0x0000000000011048                clock_seconds
                0x000000000001105e                clock_delay
 .text          0x000000000001106d      0x1ed obj_cooja/mtype936.a(log.o)
                0x000000000001106d                simlog_char
                0x00000000000110af                simlog
                0x000000000001111c                log_message
                0x0000000000011144                log_set_putchar_with_slip
                0x0000000000011151                log_putchar
                0x00000000000111d5                log_puts
                0x00000000000111f9                log_printf
 .text          0x000000000001125a      0x2c4 obj_cooja/mtype936.a(cfs-cooja.o)
                0x000000000001125a                cfs_open
                0x00000000000112c3                cfs_close
                0x00000000000112cf                cfs_read
                0x000000000001136d                cfs_write
                0x000000000001144a                cfs_seek
                0x00000000000114d2                cfs_remove
                0x00000000000114fb                cfs_opendir
                0x0000000000011505                cfs_readdir
                0x000000000001150f                cfs_closedir
 .text          0x000000000001151e      0x671 obj_cooja/mtype936.a(cooja-radio.o)
                0x0000000000011548                radio_set_channel
                0x000000000001155d                radio_set_txpower
                0x000000000001157d                radio_signal_strength_last
                0x0000000000011587                radio_signal_strength_current
                0x0000000000011591                radio_LQI
 .text          0x0000000000011b8f       0xef obj_cooja/mtype936.a(eeprom.o)
                0x0000000000011b8f                eeprom_init
                0x0000000000011b94                eeprom_read
                0x0000000000011c04                eeprom_write
 .text          0x0000000000011c7e       0x28 obj_cooja/mtype936.a(random.o)
                0x0000000000011c7e                random_init
                0x0000000000011c99                random_rand
 .text          0x0000000000011ca6      0x2a1 obj_cooja/mtype936.a(sensors.o)
                0x0000000000011ce1                sensors_first
                0x0000000000011ceb                sensors_next
                0x0000000000011d08                sensors_changed
                0x0000000000011d37                sensors_find
 .text          0x0000000000011f47      0x348 obj_cooja/mtype936.a(dual_conf.o)
                0x0000000000011f47                dual_radio_switch
                0x0000000000011f87                dual_radio_change
                0x0000000000011fc1                sending_in_LR
                0x0000000000011fec                dual_radio_received
                0x0000000000012024                radio_received_is_longrange
                0x000000000001203f                dual_radio_turn_on
                0x0000000000012062                dual_radio_turn_off
                0x0000000000012245                dio_broadcast
                0x000000000001226e                dis_broadcast
 .text          0x000000000001228f       0x8e obj_cooja/mtype936.a(autostart.o)
                0x000000000001228f                autostart_start
                0x00000000000122da                autostart_exit
 .text          0x000000000001231d      0x334 obj_cooja/mtype936.a(ctimer.o)
                0x0000000000012434                ctimer_init
                0x0000000000012464                ctimer_set
                0x0000000000012495                ctimer_set_with_process
                0x0000000000012511                ctimer_reset
                0x0000000000012560                ctimer_restart
                0x00000000000125af                ctimer_stop
                0x00000000000125fa                ctimer_expired
 .text          0x0000000000012651      0x40b obj_cooja/mtype936.a(etimer.o)
                0x0000000000012864                etimer_request_poll
                0x00000000000128e8                etimer_set
                0x000000000001290d                etimer_reset_with_new_interval
                0x0000000000012934                etimer_reset
                0x0000000000012952                etimer_restart
                0x0000000000012970                etimer_adjust
                0x000000000001298c                etimer_expired
                0x000000000001299f                etimer_expiration_time
                0x00000000000129b1                etimer_start_time
                0x00000000000129bb                etimer_pending
                0x00000000000129cd                etimer_next_expiration_time
                0x00000000000129e7                etimer_stop
 .text          0x0000000000012a5c       0xdd obj_cooja/mtype936.a(log_message.o)
                0x0000000000012a5c                log_initialization
                0x0000000000012b18                log_finisher
 .text          0x0000000000012b39      0x560 obj_cooja/mtype936.a(process.o)
                0x0000000000012b39                process_alloc_event
                0x0000000000012b4e                process_start
                0x0000000000012d37                process_exit
                0x0000000000012d53                process_init
                0x0000000000012f24                process_run
                0x0000000000012f57                process_nevents
                0x0000000000012f72                process_post
                0x000000000001301e                process_post_synch
                0x0000000000013056                process_poll
                0x0000000000013085                process_is_running
 .text          0x0000000000013099       0xd3 obj_cooja/mtype936.a(residual.o)
                0x0000000000013099                get_residual_energy
 .text          0x000000000001316c       0xba obj_cooja/mtype936.a(rtimer.o)
                0x000000000001316c                rtimer_init
                0x0000000000013179                rtimer_set
                0x00000000000131d0                rtimer_run_next
 .text          0x0000000000013226       0x91 obj_cooja/mtype936.a(timer.o)
                0x0000000000013226                timer_set
                0x0000000000013241                timer_reset
                0x0000000000013258                timer_restart
                0x000000000001326a                timer_expired
                0x0000000000013293                timer_remaining
 .text          0x00000000000132b7      0x1fb obj_cooja/mtype936.a(serial-line.o)
                0x00000000000132b7                serial_line_input_byte
                0x000000000001347a                serial_line_init
 .text          0x00000000000134b2      0x244 obj_cooja/mtype936.a(list.o)
                0x00000000000134b2                list_init
                0x00000000000134c0                list_head
                0x00000000000134ca                list_copy
                0x00000000000134d9                list_tail
                0x000000000001350f                list_add
                0x0000000000013558                list_push
                0x0000000000013584                list_chop
                0x00000000000135ee                list_pop
                0x0000000000013616                list_remove
                0x000000000001367d                list_length
                0x00000000000136ab                list_insert
                0x00000000000136df                list_item_next
 .text          0x00000000000136f6      0x155 obj_cooja/mtype936.a(ringbuf.o)
                0x00000000000136f6                ringbuf_init
                0x0000000000013727                ringbuf_put
                0x00000000000137a5                ringbuf_get
                0x0000000000013812                ringbuf_size
                0x0000000000013824                ringbuf_elements
 .text          0x000000000001384b     0x258b obj_cooja/mtype936.a(sicslowpan.o)
                0x0000000000013dd5                rime_sniffer_add
                0x0000000000013de2                rime_sniffer_remove
                0x0000000000015d75                sicslowpan_init
                0x0000000000015dcc                sicslowpan_get_last_rssi
 .text          0x0000000000015dd6      0x2dc obj_cooja/mtype936.a(uip-ds6-nbr.o)
                0x0000000000015df3                uip_ds6_neighbors_init
                0x0000000000015e10                uip_ds6_nbr_add
                0x0000000000015ec1                uip_ds6_nbr_rm
                0x0000000000015f1e                uip_ds6_nbr_get_ipaddr
                0x0000000000015f33                uip_ds6_nbr_get_ll
                0x0000000000015f4f                uip_ds6_nbr_num
                0x0000000000015f94                uip_ds6_nbr_lookup
                0x0000000000015ff9                uip_ds6_nbr_ll_lookup
                0x0000000000016015                uip_ds6_nbr_ipaddr_from_lladdr
                0x000000000001603b                uip_ds6_nbr_lladdr_from_ipaddr
                0x0000000000016069                uip_ds6_link_neighbor_callback
 .text          0x00000000000160b2     0x12ad obj_cooja/mtype936.a(uip-ds6.o)
                0x00000000000160b2                uip_ds6_init
                0x0000000000016407                uip_ds6_periodic
                0x00000000000164df                uip_ds6_list_loop
                0x0000000000016586                uip_ds6_prefix_add
                0x0000000000016644                uip_ds6_prefix_rm
                0x0000000000016656                uip_ds6_prefix_lookup
                0x00000000000166a7                uip_ds6_is_addr_onlink
                0x000000000001671b                uip_ds6_addr_add
                0x0000000000016849                uip_ds6_long_addr_add
                0x0000000000016977                uip_ds6_addr_rm
                0x0000000000016a17                uip_ds6_addr_lookup
                0x0000000000016a62                uip_ds6_long_addr_lookup
                0x0000000000016aad                uip_ds6_get_link_local
                0x0000000000016b2c                uip_ds6_long_get_link_local
                0x0000000000016bab                uip_ds6_get_global
                0x0000000000016c2a                uip_ds6_long_get_global
                0x0000000000016ca9                uip_ds6_maddr_add
                0x0000000000016d1b                uip_ds6_long_maddr_add
                0x0000000000016d8d                uip_ds6_maddr_rm
                0x0000000000016d9f                uip_ds6_maddr_lookup
                0x0000000000016dea                uip_ds6_long_maddr_lookup
                0x0000000000016e35                uip_ds6_aaddr_add
                0x0000000000016ea7                uip_ds6_long_aaddr_add
                0x0000000000016f19                uip_ds6_aaddr_rm
                0x0000000000016f2b                uip_ds6_aaddr_lookup
                0x0000000000016f76                uip_ds6_long_aaddr_lookup
                0x0000000000016fc1                uip_ds6_select_src
                0x000000000001724a                uip_ds6_set_addr_iid
                0x0000000000017281                get_match_length
                0x0000000000017313                uip_ds6_compute_reachable_time
 .text          0x000000000001735f     0x29f3 obj_cooja/mtype936.a(uip6.o)
                0x000000000001735f                uip_add32
                0x00000000000174f8                uip_chksum
                0x00000000000175e6                uip_icmp6chksum
                0x00000000000175fa                uip_tcpchksum
                0x000000000001760e                uip_udpchksum
                0x0000000000017622                uip_init
                0x00000000000176f2                uip_connect
                0x00000000000178a1                remove_ext_hdr
                0x0000000000017976                uip_udp_new
                0x0000000000017ad2                uip_unlisten
                0x0000000000017b32                uip_listen
                0x0000000000017df4                uip_process
                0x0000000000019c46                uip_htons
                0x0000000000019c68                uip_htonl
                0x0000000000019ca8                uip_send
 .text          0x0000000000019d52      0xb43 obj_cooja/mtype936.a(tcpip.o)
                0x0000000000019d52                tcpip_output
                0x0000000000019d80                tcpip_set_outputfunc
                0x0000000000019e14                tcp_connect
                0x0000000000019e69                tcp_unlisten
                0x0000000000019ec4                tcp_listen
                0x0000000000019f1d                tcp_attach
                0x0000000000019f42                udp_attach
                0x0000000000019f67                udp_new
                0x0000000000019fb9                udp_broadcast_new
                0x000000000001a22d                tcpip_input
                0x000000000001a261                tcpip_ipv6_output
                0x000000000001a6db                tcpip_poll_udp
                0x000000000001a6fe                tcpip_poll_tcp
                0x000000000001a721                tcpip_uipcall
 .text          0x000000000001a895      0x1c1 obj_cooja/mtype936.a(uip-debug.o)
                0x000000000001a895                uip_debug_ipaddr_print
                0x000000000001a9f7                uip_debug_lladdr_print
 .text          0x000000000001aa56      0x141 obj_cooja/mtype936.a(uip-packetqueue)
                0x000000000001aa82                uip_packetqueue_new
                0x000000000001aa90                uip_packetqueue_alloc
                0x000000000001aaf0                uip_packetqueue_free
                0x000000000001ab31                uip_packetqueue_buf
                0x000000000001ab4e                uip_packetqueue_buflen
                0x000000000001ab6f                uip_packetqueue_set_buflen
 .text          0x000000000001ab97     0x2713 obj_cooja/mtype936.a(rpl-dag.o)
                0x000000000001ab97                rpl_lr_in_neighbor_tree
                0x000000000001acef                rpl_print_neighbor_list
                0x000000000001ad98                rpl_print_child_neighbor_list
                0x000000000001ae0d                rpl_get_nbr
                0x000000000001ae67                rpl_get_nbr_child
                0x000000000001aec1                rpl_dag_init
                0x000000000001aef3                rpl_get_parent
                0x000000000001af15                rpl_get_parent_rank
                0x000000000001af48                rpl_get_parent_link_metric
                0x000000000001af7b                rpl_get_parent_ipaddr
                0x000000000001afa5                rpl_get_child_ipaddr
                0x000000000001b2c0                rpl_set_root
                0x000000000001b4ee                rpl_repair_root
                0x000000000001b72a                rpl_set_prefix
                0x000000000001b829                rpl_set_default_route
                0x000000000001b8b5                rpl_alloc_instance
                0x000000000001b948                rpl_alloc_dag
                0x000000000001b9fb                rpl_set_default_instance
                0x000000000001ba08                rpl_get_default_instance
                0x000000000001ba12                rpl_free_instance
                0x000000000001bac3                rpl_free_dag
                0x000000000001bb29                rpl_add_parent
                0x000000000001bc1f                rpl_find_parent
                0x000000000001bc4f                rpl_add_child
                0x000000000001bcf3                rpl_find_child
                0x000000000001bd41                rpl_find_parent_any_dag
                0x000000000001bd7d                rpl_select_dag
                0x000000000001c1a0                rpl_select_parent
                0x000000000001c202                rpl_remove_parent
                0x000000000001c238                rpl_remove_child
                0x000000000001c254                rpl_nullify_parent
                0x000000000001c2f2                rpl_move_parent
                0x000000000001c38f                rpl_has_downward_route
                0x000000000001c3e2                rpl_get_any_dag
                0x000000000001c444                rpl_get_instance
                0x000000000001c4a7                rpl_find_of
                0x000000000001c4e4                rpl_join_instance
                0x000000000001c75f                rpl_add_dag
                0x000000000001cb4e                rpl_local_repair
                0x000000000001cc27                rpl_recalculate_ranks
                0x000000000001ccad                rpl_process_parent_event
                0x000000000001cd5f                rpl_process_dio
 .text          0x000000000001d2aa      0xbf3 obj_cooja/mtype936.a(rpl-ext-header.)
                0x000000000001d2c7                rpl_verify_header
                0x000000000001d741                rpl_update_header_empty
                0x000000000001da58                rpl_update_header_final
                0x000000000001dbe7                rpl_remove_header
                0x000000000001dcf1                rpl_invert_header
                0x000000000001de7b                rpl_insert_header
 .text          0x000000000001de9d     0x22e6 obj_cooja/mtype936.a(rpl-icmp6.o)
                0x000000000001e166                rpl_icmp6_update_nbr_table
                0x000000000001e256                dis_output
                0x000000000001eb93                dio_output
                0x000000000001fcee                dao_output
                0x000000000001fdb6                dao_output_target
                0x0000000000020137                dao_ack_output
                0x000000000002014b                rpl_icmp6_register_handlers
 .text          0x0000000000020183      0x370 obj_cooja/mtype936.a(rpl-ltmax.o)
 .text          0x00000000000204f3      0x882 obj_cooja/mtype936.a(rpl-timers.o)
                0x00000000000204f3                rpl_convergence_timer
                0x000000000002051f                rpl_reset_convergence_timer
                0x0000000000020808                rpl_reset_periodic_timer
                0x000000000002085d                rpl_reset_dio_timer
                0x0000000000020a97                rpl_schedule_dao
                0x0000000000020ab2                rpl_schedule_dao_immediately
                0x0000000000020acd                rpl_cancel_dao
                0x0000000000020b2f                rpl_schedule_unicast_dio_immediately
                0x0000000000020d1d                rpl_schedule_probing
 .text          0x0000000000020d75      0x5ca obj_cooja/mtype936.a(rpl.o)
                0x0000000000020d75                rpl_get_mode
                0x0000000000020d7f                rpl_set_mode
                0x0000000000020e0d                rpl_purge_routes
                0x0000000000020f07                rpl_remove_routes
                0x0000000000020f4d                rpl_remove_routes_by_nexthop
                0x0000000000020fb9                rpl_add_route
                0x0000000000021034                rpl_link_neighbor_callback
                0x0000000000021139                rpl_ipv6_neighbor_callback
                0x00000000000211a8                rpl_purge_dags
                0x00000000000212b4                rpl_init
 .text          0x000000000002133f      0x3f5 obj_cooja/mtype936.a(framer-802154.o)
 .text          0x0000000000021734       0x5e obj_cooja/mtype936.a(nullmac.o)
 .text          0x0000000000021792     0x121e obj_cooja/mtype936.a(cxmac.o)
                0x00000000000228f2                cxmac_set_announcement_radio_txpower
                0x00000000000228f7                cxmac_init
 .text          0x00000000000229b0       0x82 obj_cooja/mtype936.a(linkaddr.o)
                0x00000000000229b0                linkaddr_copy
                0x00000000000229d2                linkaddr_cmp
                0x00000000000229fc                linkaddr_set_node_addr
                0x0000000000022a17                linkaddr_set_node_long_addr
 .text          0x0000000000022a32      0x915 obj_cooja/mtype936.a(nbr-table.o)
                0x0000000000022a32                long_ip_from_lladdr_map
                0x0000000000022abb                lladdr_map_add_lr
                0x0000000000022b78                lladdr_map_rm_lr
                0x000000000002303d                nbr_table_register
                0x0000000000023085                nbr_table_head
                0x00000000000230e1                nbr_table_next
                0x0000000000023148                nbr_table_add_lladdr
                0x0000000000023224                nbr_table_get_from_lladdr
                0x0000000000023271                nbr_table_remove
                0x00000000000232c3                nbr_table_lock
                0x00000000000232ed                nbr_table_unlock
                0x0000000000023317                nbr_table_get_lladdr
 .text          0x0000000000023347       0x2b obj_cooja/mtype936.a(netstack.o)
                0x0000000000023347                netstack_init
 .text          0x0000000000023372      0x3cd obj_cooja/mtype936.a(packetbuf.o)
                0x0000000000023372                packetbuf_clear
                0x000000000002339c                packetbuf_copyfrom
                0x00000000000233ee                packetbuf_compact
                0x000000000002346b                packetbuf_copyto
                0x0000000000023502                packetbuf_hdralloc
                0x000000000002357f                packetbuf_hdrreduce
                0x00000000000235c7                packetbuf_set_datalen
                0x00000000000235e0                packetbuf_dataptr
                0x00000000000235fd                packetbuf_hdrptr
                0x0000000000023607                packetbuf_datalen
                0x0000000000023613                packetbuf_hdrlen
                0x000000000002362a                packetbuf_totlen
                0x0000000000023640                packetbuf_attr_clear
                0x0000000000023692                packetbuf_attr_copyto
                0x00000000000236db                packetbuf_attr_copyfrom
                0x0000000000023723                packetbuf_holds_broadcast
 .text          0x000000000002373f      0x2b4 obj_cooja/mtype936.a(queuebuf.o)
                0x0000000000023749                queuebuf_init
                0x0000000000023769                queuebuf_numfree
                0x000000000002377d                queuebuf_new_from_packetbuf
                0x000000000002380d                queuebuf_update_attr_from_packetbuf
                0x0000000000023840                queuebuf_update_from_packetbuf
                0x000000000002388a                queuebuf_free
                0x00000000000238d1                queuebuf_to_packetbuf
                0x0000000000023937                queuebuf_dataptr
                0x000000000002396e                queuebuf_datalen
                0x0000000000023991                queuebuf_addr
                0x00000000000239c3                queuebuf_attr
                0x00000000000239ee                queuebuf_debug_print
 .text          0x00000000000239f3       0x6e obj_cooja/mtype936.a(nullsec.o)
 .text          0x0000000000023a61       0x19 obj_cooja/mtype936.a(watchdog.o)
                0x0000000000023a61                watchdog_init
                0x0000000000023a66                watchdog_start
                0x0000000000023a6b                watchdog_periodic
                0x0000000000023a70                watchdog_stop
                0x0000000000023a75                watchdog_reboot
 .text          0x0000000000023a7a        0x0 obj_cooja/mtype936.a(rimestats.o)
 .text          0x0000000000023a7a      0x134 obj_cooja/mtype936.a(leds.o)
                0x0000000000023acb                leds_init
                0x0000000000023adf                leds_blink
                0x0000000000023b17                leds_get
                0x0000000000023b24                leds_set
                0x0000000000023b3e                leds_on
                0x0000000000023b61                leds_off
                0x0000000000023b8b                leds_toggle
 .text          0x0000000000023bae       0xa3 obj_cooja/mtype936.a(stimer.o)
                0x0000000000023bae                stimer_set
                0x0000000000023bc9                stimer_reset
                0x0000000000023be0                stimer_restart
                0x0000000000023bf2                stimer_expired
                0x0000000000023c19                stimer_remaining
                0x0000000000023c3d                stimer_elapsed
 .text          0x0000000000023c51      0x1c1 obj_cooja/mtype936.a(memb.o)
                0x0000000000023c51                memb_init
                0x0000000000023caf                memb_alloc
                0x0000000000023d14                memb_free
                0x0000000000023d8f                memb_inmemb
                0x0000000000023dce                memb_numfree
 .text          0x0000000000023e12      0x916 obj_cooja/mtype936.a(uip-ds6-route.o)
                0x0000000000023e89                uip_ds6_notification_add
                0x0000000000023eba                uip_ds6_notification_rm
                0x0000000000023ed6                uip_ds6_route_init
                0x0000000000023f5e                uip_ds6_route_nexthop
                0x0000000000023f86                uip_ds6_route_head
                0x0000000000023f9b                uip_ds6_route_next
                0x0000000000023fc1                uip_ds6_route_is_nexthop
                0x0000000000024000                uip_ds6_route_num_routes
                0x000000000002400a                uip_ds6_route_lookup
                0x00000000000240cc                uip_ds6_route_add
                0x0000000000024300                uip_ds6_route_rm
                0x0000000000024494                uip_ds6_route_rm_by_nexthop
                0x00000000000244cc                uip_ds6_defrt_add
                0x000000000002457d                uip_ds6_defrt_rm
                0x00000000000245fc                uip_ds6_defrt_lookup
                0x0000000000024655                uip_ds6_defrt_choose
                0x00000000000246c0                uip_ds6_defrt_periodic
 .text          0x0000000000024728      0xab2 obj_cooja/mtype936.a(uip-icmp6.o)
                0x0000000000024796                uip_icmp6_input
                0x00000000000247ec                uip_icmp6_register_input_handler
                0x0000000000024ab4                uip_icmp6_error_output
                0x0000000000024df9                uip_icmp6_send
                0x000000000002516d                uip_icmp6_echo_reply_callback_add
                0x000000000002519e                uip_icmp6_echo_reply_callback_rm
                0x00000000000251ba                uip_icmp6_init
 .text          0x00000000000251da      0x358 obj_cooja/mtype936.a(uip-nd6.o)
                0x000000000002522e                uip_nd6_ns_output
                0x000000000002552d                uip_nd6_init
 .text          0x0000000000025532      0x331 obj_cooja/mtype936.a(rpl-nbr-policy.)
                0x000000000002570a                find_removable_dis
                0x000000000002572d                find_removable_dio
                0x00000000000257bc                find_removable_dao
                0x000000000002580c                rpl_nbr_policy_find_removable
 .text          0x0000000000025863      0x97c obj_cooja/mtype936.a(frame802154.o)
                0x0000000000025894                frame802154_get_pan_id
                0x00000000000258a0                frame802154_set_pan_id
                0x00000000000258b9                frame802154_has_panid
                0x00000000000259a5                frame802154_check_dest_panid
                0x0000000000025a0d                frame802154_is_broadcast_addr
                0x0000000000025a5a                frame802154_extract_linkaddr
                0x0000000000025c9a                frame802154_hdrlen
                0x0000000000025ceb                frame802154_create
                0x0000000000025ed6                frame802154_parse
 .text          0x00000000000261df       0x3c obj_cooja/mtype936.a(mac.o)
                0x00000000000261df                mac_call_sent_callback
 .text          0x000000000002621b        0x0 /usr/lib/gcc/i686-linux-gnu/4.8/crtendS.o
 .text          0x000000000002621b        0x0 /usr/lib/gcc/i686-linux-gnu/4.8/../../../i386-linux-gnu/crtn.o
 *(.gnu.warning)

.fini           0x000000000002621c       0x14
 *(SORT(.fini))
 .fini          0x000000000002621c        0xf /usr/lib/gcc/i686-linux-gnu/4.8/../../../i386-linux-gnu/crti.o
                0x000000000002621c                _fini
 .fini          0x000000000002622b        0x5 /usr/lib/gcc/i686-linux-gnu/4.8/../../../i386-linux-gnu/crtn.o
                0x0000000000026230                PROVIDE (__etext, .)
                0x0000000000026230                PROVIDE (_etext, .)
                0x0000000000026230                PROVIDE (etext, .)

.rodata         0x0000000000026240      0xae0
 *(.rodata .rodata.* .gnu.linkonce.r.*)
 .rodata        0x0000000000026240      0x148 udp-server.co
                0x0000000000026254                autostart_processes
 .rodata        0x0000000000026388      0x1e6 obj_cooja/mtype936.o
 *fill*         0x000000000002656e        0x2 
 .rodata        0x0000000000026570        0x8 obj_cooja/mtype936.a(beep.o)
                0x0000000000026570                beep_interface
 .rodata        0x0000000000026578       0x20 obj_cooja/mtype936.a(button-sensor.o)
                0x0000000000026578                button_interface
                0x0000000000026588                button_sensor
 .rodata        0x0000000000026598        0x8 obj_cooja/mtype936.a(leds-arch.o)
                0x0000000000026598                leds_interface
 .rodata        0x00000000000265a0        0x8 obj_cooja/mtype936.a(moteid.o)
                0x00000000000265a0                moteid_interface
 .rodata        0x00000000000265a8       0x1c obj_cooja/mtype936.a(pir-sensor.o)
                0x00000000000265a8                pir_interface
                0x00000000000265b4                pir_sensor
 .rodata        0x00000000000265c4        0xe obj_cooja/mtype936.a(rs232.o)
                0x00000000000265c4                rs232_interface
 *fill*         0x00000000000265d2        0x2 
 .rodata        0x00000000000265d4       0x24 obj_cooja/mtype936.a(vib-sensor.o)
                0x00000000000265d4                vib_interface
                0x00000000000265e8                vib_sensor
 .rodata        0x00000000000265f8        0x8 obj_cooja/mtype936.a(clock.o)
                0x00000000000265f8                clock_interface
 .rodata        0x0000000000026600        0x8 obj_cooja/mtype936.a(log.o)
                0x0000000000026600                simlog_interface
 .rodata        0x0000000000026608       0x2f obj_cooja/mtype936.a(cfs-cooja.o)
                0x0000000000026608                cfs_interface
 *fill*         0x0000000000026637        0x9 
 .rodata        0x0000000000026640       0x60 obj_cooja/mtype936.a(cooja-radio.o)
                0x0000000000026660                cooja_radio_driver
                0x0000000000026698                radio_interface
 .rodata        0x00000000000266a0        0x8 obj_cooja/mtype936.a(eeprom.o)
                0x00000000000266a0                eeprom_interface
 .rodata        0x00000000000266a8        0x8 obj_cooja/mtype936.a(sensors.o)
 .rodata        0x00000000000266b0       0x1c obj_cooja/mtype936.a(dual_conf.o)
 .rodata        0x00000000000266cc        0xf obj_cooja/mtype936.a(ctimer.o)
 .rodata        0x00000000000266db        0xc obj_cooja/mtype936.a(etimer.o)
 *fill*         0x00000000000266e7        0x1 
 .rodata        0x00000000000266e8       0x73 obj_cooja/mtype936.a(log_message.o)
 *fill*         0x000000000002675b        0x1 
 .rodata        0x000000000002675c       0x20 obj_cooja/mtype936.a(residual.o)
 .rodata        0x000000000002677c        0xe obj_cooja/mtype936.a(serial-line.o)
 *fill*         0x000000000002678a        0x2 
 .rodata        0x000000000002678c       0x2c obj_cooja/mtype936.a(sicslowpan.o)
                0x000000000002678c                unc_llconf
                0x0000000000026790                unc_ctxconf
                0x0000000000026794                unc_mxconf
                0x0000000000026798                llprefix
                0x00000000000267ac                sicslowpan_driver
 .rodata        0x00000000000267b8      0x13c obj_cooja/mtype936.a(uip6.o)
 .rodata        0x00000000000268f4       0x49 obj_cooja/mtype936.a(tcpip.o)
 .rodata        0x000000000002693d       0x3e obj_cooja/mtype936.a(uip-debug.o)
 *fill*         0x000000000002697b        0x1 
 .rodata        0x000000000002697c        0x4 obj_cooja/mtype936.a(rpl-dag.o)
 .rodata        0x0000000000026980       0x75 obj_cooja/mtype936.a(rpl-timers.o)
 *fill*         0x00000000000269f5        0x3 
 .rodata        0x00000000000269f8        0xc obj_cooja/mtype936.a(framer-802154.o)
                0x00000000000269f8                framer_802154
 .rodata        0x0000000000026a04       0x24 obj_cooja/mtype936.a(nullmac.o)
                0x0000000000026a0c                nullmac_driver
 *fill*         0x0000000000026a28       0x18 
 .rodata        0x0000000000026a40      0x2c0 obj_cooja/mtype936.a(cxmac.o)
                0x0000000000026ce0                cxmac_driver
 .rodata        0x0000000000026d00        0x8 obj_cooja/mtype936.a(linkaddr.o)
                0x0000000000026d00                linkaddr_null
 .rodata        0x0000000000026d08       0x18 obj_cooja/mtype936.a(nullsec.o)
                0x0000000000026d10                nullsec_driver

.rodata1
 *(.rodata1)

.eh_frame_hdr   0x0000000000026d20     0x13bc
 *(.eh_frame_hdr)
 .eh_frame_hdr  0x0000000000026d20     0x13bc udp-server.co

.eh_frame       0x00000000000280dc     0x5034
 *(.eh_frame)
 .eh_frame      0x00000000000280dc       0x3c /usr/lib/gcc/i686-linux-gnu/4.8/../../../i386-linux-gnu/crti.o
                                         0x40 (size before relaxing)
 .eh_frame      0x0000000000028118       0x68 udp-server.co
                                         0x80 (size before relaxing)
 .eh_frame      0x0000000000028180      0x148 obj_cooja/mtype936.o
                                        0x160 (size before relaxing)
 .eh_frame      0x00000000000282c8       0x40 obj_cooja/mtype936.a(simEnvChange.o)
                                         0x58 (size before relaxing)
 .eh_frame      0x0000000000028308       0xc0 obj_cooja/mtype936.a(cooja_mt.o)
                                         0xd8 (size before relaxing)
 .eh_frame      0x00000000000283c8      0x120 obj_cooja/mtype936.a(cooja_mtarch.o)
                                        0x138 (size before relaxing)
 .eh_frame      0x00000000000284e8       0xc0 obj_cooja/mtype936.a(rtimer-arch.o)
                                         0xd8 (size before relaxing)
 .eh_frame      0x00000000000285a8      0x160 obj_cooja/mtype936.a(beep.o)
                                        0x178 (size before relaxing)
 .eh_frame      0x0000000000028708       0xa0 obj_cooja/mtype936.a(button-sensor.o)
                                         0xb8 (size before relaxing)
 .eh_frame      0x00000000000287a8       0xa0 obj_cooja/mtype936.a(leds-arch.o)
                                         0xb8 (size before relaxing)
 .eh_frame      0x0000000000028848       0x40 obj_cooja/mtype936.a(moteid.o)
                                         0x58 (size before relaxing)
 .eh_frame      0x0000000000028888       0xa0 obj_cooja/mtype936.a(pir-sensor.o)
                                         0xb8 (size before relaxing)
 .eh_frame      0x0000000000028928      0x100 obj_cooja/mtype936.a(rs232.o)
                                        0x118 (size before relaxing)
 .eh_frame      0x0000000000028a28       0xa0 obj_cooja/mtype936.a(vib-sensor.o)
                                         0xb8 (size before relaxing)
 .eh_frame      0x0000000000028ac8       0xc0 obj_cooja/mtype936.a(clock.o)
                                         0xd8 (size before relaxing)
 .eh_frame      0x0000000000028b88      0x120 obj_cooja/mtype936.a(log.o)
                                        0x138 (size before relaxing)
 .eh_frame      0x0000000000028ca8      0x160 obj_cooja/mtype936.a(cfs-cooja.o)
                                        0x178 (size before relaxing)
 .eh_frame      0x0000000000028e08      0x2e0 obj_cooja/mtype936.a(cooja-radio.o)
                                        0x2f8 (size before relaxing)
 .eh_frame      0x00000000000290e8       0xa0 obj_cooja/mtype936.a(eeprom.o)
                                         0xb8 (size before relaxing)
 .eh_frame      0x0000000000029188       0x40 obj_cooja/mtype936.a(random.o)
                                         0x58 (size before relaxing)
 .eh_frame      0x00000000000291c8       0xc0 obj_cooja/mtype936.a(sensors.o)
                                         0xd8 (size before relaxing)
 .eh_frame      0x0000000000029288      0x160 obj_cooja/mtype936.a(dual_conf.o)
                                        0x178 (size before relaxing)
 .eh_frame      0x00000000000293e8       0x40 obj_cooja/mtype936.a(autostart.o)
                                         0x58 (size before relaxing)
 .eh_frame      0x0000000000029428      0x100 obj_cooja/mtype936.a(ctimer.o)
                                        0x118 (size before relaxing)
 .eh_frame      0x0000000000029528      0x1e0 obj_cooja/mtype936.a(etimer.o)
                                        0x1f8 (size before relaxing)
 .eh_frame      0x0000000000029708       0x40 obj_cooja/mtype936.a(log_message.o)
                                         0x58 (size before relaxing)
 .eh_frame      0x0000000000029748      0x1c8 obj_cooja/mtype936.a(process.o)
                                        0x1e0 (size before relaxing)
 .eh_frame      0x0000000000029910       0x2c obj_cooja/mtype936.a(residual.o)
                                         0x44 (size before relaxing)
 .eh_frame      0x000000000002993c       0x60 obj_cooja/mtype936.a(rtimer.o)
                                         0x78 (size before relaxing)
 .eh_frame      0x000000000002999c       0xa4 obj_cooja/mtype936.a(timer.o)
                                         0xbc (size before relaxing)
 .eh_frame      0x0000000000029a40       0x60 obj_cooja/mtype936.a(serial-line.o)
                                         0x78 (size before relaxing)
 .eh_frame      0x0000000000029aa0      0x180 obj_cooja/mtype936.a(list.o)
                                        0x198 (size before relaxing)
 .eh_frame      0x0000000000029c20       0xa0 obj_cooja/mtype936.a(ringbuf.o)
                                         0xb8 (size before relaxing)
 .eh_frame      0x0000000000029cc0      0x350 obj_cooja/mtype936.a(sicslowpan.o)
                                        0x368 (size before relaxing)
 .eh_frame      0x000000000002a010      0x180 obj_cooja/mtype936.a(uip-ds6-nbr.o)
                                        0x198 (size before relaxing)
 .eh_frame      0x000000000002a190      0x3c8 obj_cooja/mtype936.a(uip-ds6.o)
                                        0x3e0 (size before relaxing)
 .eh_frame      0x000000000002a558      0x27c obj_cooja/mtype936.a(uip6.o)
                                        0x294 (size before relaxing)
 .eh_frame      0x000000000002a7d4      0x270 obj_cooja/mtype936.a(tcpip.o)
                                        0x288 (size before relaxing)
 .eh_frame      0x000000000002aa44       0x48 obj_cooja/mtype936.a(uip-debug.o)
                                         0x60 (size before relaxing)
 .eh_frame      0x000000000002aa8c       0xe0 obj_cooja/mtype936.a(uip-packetqueue)
                                         0xf8 (size before relaxing)
 .eh_frame      0x000000000002ab6c      0x76c obj_cooja/mtype936.a(rpl-dag.o)
                                        0x784 (size before relaxing)
 .eh_frame      0x000000000002b2d8      0x10c obj_cooja/mtype936.a(rpl-ext-header.)
                                        0x124 (size before relaxing)
 .eh_frame      0x000000000002b3e4      0x2b8 obj_cooja/mtype936.a(rpl-icmp6.o)
                                        0x2d0 (size before relaxing)
 .eh_frame      0x000000000002b69c       0xe0 obj_cooja/mtype936.a(rpl-ltmax.o)
                                         0xf8 (size before relaxing)
 .eh_frame      0x000000000002b77c      0x26c obj_cooja/mtype936.a(rpl-timers.o)
                                        0x284 (size before relaxing)
 .eh_frame      0x000000000002b9e8      0x148 obj_cooja/mtype936.a(rpl.o)
                                        0x160 (size before relaxing)
 .eh_frame      0x000000000002bb30      0x108 obj_cooja/mtype936.a(framer-802154.o)
                                        0x120 (size before relaxing)
 .eh_frame      0x000000000002bc38       0xc0 obj_cooja/mtype936.a(nullmac.o)
                                         0xd8 (size before relaxing)
 .eh_frame      0x000000000002bcf8      0x2c0 obj_cooja/mtype936.a(cxmac.o)
                                        0x2d8 (size before relaxing)
 .eh_frame      0x000000000002bfb8       0x80 obj_cooja/mtype936.a(linkaddr.o)
                                         0x98 (size before relaxing)
 .eh_frame      0x000000000002c038      0x2cc obj_cooja/mtype936.a(nbr-table.o)
                                        0x2e4 (size before relaxing)
 .eh_frame      0x000000000002c304       0x20 obj_cooja/mtype936.a(netstack.o)
                                         0x38 (size before relaxing)
 .eh_frame      0x000000000002c324      0x214 obj_cooja/mtype936.a(packetbuf.o)
                                        0x22c (size before relaxing)
 .eh_frame      0x000000000002c538      0x1a0 obj_cooja/mtype936.a(queuebuf.o)
                                        0x1b8 (size before relaxing)
 .eh_frame      0x000000000002c6d8       0x80 obj_cooja/mtype936.a(nullsec.o)
                                         0x98 (size before relaxing)
 .eh_frame      0x000000000002c758       0xa0 obj_cooja/mtype936.a(watchdog.o)
                                         0xb8 (size before relaxing)
 .eh_frame      0x000000000002c7f8      0x100 obj_cooja/mtype936.a(leds.o)
                                        0x118 (size before relaxing)
 .eh_frame      0x000000000002c8f8       0xc4 obj_cooja/mtype936.a(stimer.o)
                                         0xdc (size before relaxing)
 .eh_frame      0x000000000002c9bc       0xa0 obj_cooja/mtype936.a(memb.o)
                                         0xb8 (size before relaxing)
 .eh_frame      0x000000000002ca5c      0x2a0 obj_cooja/mtype936.a(uip-ds6-route.o)
                                        0x2b8 (size before relaxing)
 .eh_frame      0x000000000002ccfc      0x164 obj_cooja/mtype936.a(uip-icmp6.o)
                                        0x17c (size before relaxing)
 .eh_frame      0x000000000002ce60       0x68 obj_cooja/mtype936.a(uip-nd6.o)
                                         0x80 (size before relaxing)
 .eh_frame      0x000000000002cec8       0xc0 obj_cooja/mtype936.a(rpl-nbr-policy.)
                                         0xd8 (size before relaxing)
 .eh_frame      0x000000000002cf88      0x164 obj_cooja/mtype936.a(frame802154.o)
                                        0x17c (size before relaxing)
 .eh_frame      0x000000000002d0ec       0x20 obj_cooja/mtype936.a(mac.o)
                                         0x38 (size before relaxing)
 .eh_frame      0x000000000002d10c        0x4 /usr/lib/gcc/i686-linux-gnu/4.8/crtendS.o

.gcc_except_table
 *(.gcc_except_table .gcc_except_table.*)

.exception_ranges
 *(.exception_ranges .exception_ranges*)
                0x000000000002d110                . = (ALIGN (0x1000) - ((0x1000 - .) & 0xfff))
                0x000000000002eef8                . = DATA_SEGMENT_ALIGN (0x1000, 0x1000)

.eh_frame
 *(.eh_frame)

.gcc_except_table
 *(.gcc_except_table .gcc_except_table.*)

.exception_ranges
 *(.exception_ranges .exception_ranges*)

.tdata
 *(.tdata .tdata.* .gnu.linkonce.td.*)

.tbss
 *(.tbss .tbss.* .gnu.linkonce.tb.*)
 *(.tcommon)

.preinit_array
 *(.preinit_array)

.init_array     0x000000000002eef8        0x4
 *(SORT(.init_array.*) SORT(.ctors.*))
 *(.init_array EXCLUDE_FILE(*crtend?.o *crtend.o *crtbegin?.o *crtbegin.o) .ctors)
 .init_array    0x000000000002eef8        0x4 /usr/lib/gcc/i686-linux-gnu/4.8/crtbeginS.o

.fini_array     0x000000000002eefc        0x4
 *(SORT(.fini_array.*) SORT(.dtors.*))
 *(.fini_array EXCLUDE_FILE(*crtend?.o *crtend.o *crtbegin?.o *crtbegin.o) .dtors)
 .fini_array    0x000000000002eefc        0x4 /usr/lib/gcc/i686-linux-gnu/4.8/crtbeginS.o

.ctors
 *crtbegin.o(.ctors)
 *crtbegin?.o(.ctors)
 *(EXCLUDE_FILE(*crtend?.o *crtend.o) .ctors)
 *(SORT(.ctors.*))
 *(.ctors)

.dtors
 *crtbegin.o(.dtors)
 *crtbegin?.o(.dtors)
 *(EXCLUDE_FILE(*crtend?.o *crtend.o) .dtors)
 *(SORT(.dtors.*))
 *(.dtors)

.jcr            0x000000000002ef00        0x4
 *(.jcr)
 .jcr           0x000000000002ef00        0x0 /usr/lib/gcc/i686-linux-gnu/4.8/crtbeginS.o
 .jcr           0x000000000002ef00        0x4 /usr/lib/gcc/i686-linux-gnu/4.8/crtendS.o

.data.rel.ro
 *(.data.rel.ro.local* .gnu.linkonce.d.rel.ro.local.*)
 *(.data.rel.ro .data.rel.ro.* .gnu.linkonce.d.rel.ro.*)

.dynamic        0x000000000002ef04       0xe8
 *(.dynamic)
 .dynamic       0x000000000002ef04       0xe8 /usr/lib/gcc/i686-linux-gnu/4.8/../../../i386-linux-gnu/crti.o
                0x000000000002ef04                _DYNAMIC

.got            0x000000000002efec       0x14
 *(.got)
 .got           0x000000000002efec       0x14 /usr/lib/gcc/i686-linux-gnu/4.8/../../../i386-linux-gnu/crti.o
 *(.igot)
                0x000000000002fff4                . = DATA_SEGMENT_RELRO_END (., (SIZEOF (.got.plt) >= 0xc)?0xc:0x0)

.got.plt        0x000000000002f000       0x14
 *(.got.plt)
 .got.plt       0x000000000002f000       0x14 /usr/lib/gcc/i686-linux-gnu/4.8/../../../i386-linux-gnu/crti.o
                0x000000000002f000                _GLOBAL_OFFSET_TABLE_
 *(.igot.plt)

.data           0x000000000002f020      0x27a
 *(.data .data.* .gnu.linkonce.d.*)
 .data          0x000000000002f020        0x0 /usr/lib/gcc/i686-linux-gnu/4.8/../../../i386-linux-gnu/crti.o
 .data          0x000000000002f020        0x0 /usr/lib/gcc/i686-linux-gnu/4.8/crtbeginS.o
 .data.rel      0x000000000002f020        0x4 /usr/lib/gcc/i686-linux-gnu/4.8/crtbeginS.o
                0x000000000002f020                __dso_handle
 .data          0x000000000002f024       0x10 udp-server.co
                0x000000000002f024                udp_server_process
 *fill*         0x000000000002f034        0xc 
 .data          0x000000000002f040       0x44 obj_cooja/mtype936.o
                0x000000000002f040                simInterfaces
                0x000000000002f074                sensors
 .data          0x000000000002f084        0x0 obj_cooja/mtype936.a(simEnvChange.o)
 .data          0x000000000002f084        0x0 obj_cooja/mtype936.a(cooja_mt.o)
 .data          0x000000000002f084        0x0 obj_cooja/mtype936.a(cooja_mtarch.o)
 .data          0x000000000002f084        0x0 obj_cooja/mtype936.a(rtimer-arch.o)
 .data          0x000000000002f084        0x0 obj_cooja/mtype936.a(beep.o)
 .data          0x000000000002f084        0x0 obj_cooja/mtype936.a(button-sensor.o)
 .data          0x000000000002f084        0x0 obj_cooja/mtype936.a(leds-arch.o)
 .data          0x000000000002f084        0x0 obj_cooja/mtype936.a(moteid.o)
 .data          0x000000000002f084        0x0 obj_cooja/mtype936.a(pir-sensor.o)
 .data          0x000000000002f084        0x0 obj_cooja/mtype936.a(rs232.o)
 .data          0x000000000002f084        0x0 obj_cooja/mtype936.a(vib-sensor.o)
 .data          0x000000000002f084        0x0 obj_cooja/mtype936.a(clock.o)
 .data          0x000000000002f084        0x0 obj_cooja/mtype936.a(log.o)
 .data          0x000000000002f084        0x0 obj_cooja/mtype936.a(cfs-cooja.o)
 .data          0x000000000002f084       0x40 obj_cooja/mtype936.a(cooja-radio.o)
                0x000000000002f084                simRadioChannelLR
                0x000000000002f088                simRadioHWOnLR
                0x000000000002f08c                simSignalStrengthLR
                0x000000000002f090                simLastSignalStrengthLR
                0x000000000002f094                simPowerLR
                0x000000000002f098                simLQILR
                0x000000000002f09c                simRadioChannel
                0x000000000002f0a0                simRadioHWOn
                0x000000000002f0a4                simSignalStrength
                0x000000000002f0a8                simLastSignalStrength
                0x000000000002f0ac                simPower
                0x000000000002f0b0                simLQI
                0x000000000002f0b4                cooja_radio_process
 .data          0x000000000002f0c4        0x0 obj_cooja/mtype936.a(eeprom.o)
 .data          0x000000000002f0c4        0x0 obj_cooja/mtype936.a(random.o)
 .data          0x000000000002f0c4       0x10 obj_cooja/mtype936.a(sensors.o)
                0x000000000002f0c4                sensors_process
 .data          0x000000000002f0d4       0x28 obj_cooja/mtype936.a(dual_conf.o)
                0x000000000002f0d4                radio_received
                0x000000000002f0d8                dual_dio_broadcast
                0x000000000002f0e8                dual_dis_broadcast
 .data          0x000000000002f0fc        0x0 obj_cooja/mtype936.a(autostart.o)
 .data          0x000000000002f0fc       0x14 obj_cooja/mtype936.a(ctimer.o)
                0x000000000002f100                ctimer_process
 .data          0x000000000002f110       0x10 obj_cooja/mtype936.a(etimer.o)
                0x000000000002f110                etimer_process
 .data          0x000000000002f120        0x0 obj_cooja/mtype936.a(log_message.o)
 .data          0x000000000002f120        0x0 obj_cooja/mtype936.a(process.o)
 .data          0x000000000002f120        0x0 obj_cooja/mtype936.a(residual.o)
 .data          0x000000000002f120        0x0 obj_cooja/mtype936.a(rtimer.o)
 .data          0x000000000002f120        0x0 obj_cooja/mtype936.a(timer.o)
 .data          0x000000000002f120       0x10 obj_cooja/mtype936.a(serial-line.o)
                0x000000000002f120                serial_line_process
 .data          0x000000000002f130        0x0 obj_cooja/mtype936.a(list.o)
 .data          0x000000000002f130        0x0 obj_cooja/mtype936.a(ringbuf.o)
 .data          0x000000000002f130        0x0 obj_cooja/mtype936.a(sicslowpan.o)
 .data          0x000000000002f130       0x14 obj_cooja/mtype936.a(uip-ds6-nbr.o)
                0x000000000002f140                ds6_neighbors
 .data          0x000000000002f144        0x0 obj_cooja/mtype936.a(uip-ds6.o)
 .data          0x000000000002f144        0x0 obj_cooja/mtype936.a(uip6.o)
 .data          0x000000000002f144       0x10 obj_cooja/mtype936.a(tcpip.o)
                0x000000000002f144                tcpip_process
 .data          0x000000000002f154        0x0 obj_cooja/mtype936.a(uip-debug.o)
 .data          0x000000000002f154        0xc obj_cooja/mtype936.a(uip-packetqueue)
 .data          0x000000000002f160       0x28 obj_cooja/mtype936.a(rpl-dag.o)
                0x000000000002f170                rpl_parents
                0x000000000002f184                rpl_children
 .data          0x000000000002f188        0x0 obj_cooja/mtype936.a(rpl-ext-header.)
 .data          0x000000000002f188       0x34 obj_cooja/mtype936.a(rpl-icmp6.o)
 .data          0x000000000002f1bc       0x1c obj_cooja/mtype936.a(rpl-ltmax.o)
                0x000000000002f1bc                rpl_ltmax_of
 .data          0x000000000002f1d8        0x0 obj_cooja/mtype936.a(rpl-timers.o)
 .data          0x000000000002f1d8        0x0 obj_cooja/mtype936.a(rpl.o)
 .data          0x000000000002f1d8        0x0 obj_cooja/mtype936.a(framer-802154.o)
 .data          0x000000000002f1d8        0x0 obj_cooja/mtype936.a(nullmac.o)
 .data          0x000000000002f1d8       0x30 obj_cooja/mtype936.a(cxmac.o)
                0x000000000002f1d8                cxmac_config
                0x000000000002f1e8                strobe_wait
 .data          0x000000000002f208        0x0 obj_cooja/mtype936.a(linkaddr.o)
 .data          0x000000000002f208       0x10 obj_cooja/mtype936.a(nbr-table.o)
 .data          0x000000000002f218        0x0 obj_cooja/mtype936.a(netstack.o)
 .data          0x000000000002f218        0x4 obj_cooja/mtype936.a(packetbuf.o)
 .data          0x000000000002f21c       0x18 obj_cooja/mtype936.a(queuebuf.o)
 .data          0x000000000002f234        0x0 obj_cooja/mtype936.a(nullsec.o)
 .data          0x000000000002f234        0x0 obj_cooja/mtype936.a(watchdog.o)
 .data          0x000000000002f234        0x0 obj_cooja/mtype936.a(rimestats.o)
 .data          0x000000000002f234        0x0 obj_cooja/mtype936.a(leds.o)
 .data          0x000000000002f234        0x0 obj_cooja/mtype936.a(stimer.o)
 .data          0x000000000002f234        0x0 obj_cooja/mtype936.a(memb.o)
 .data          0x000000000002f234       0x44 obj_cooja/mtype936.a(uip-ds6-route.o)
                0x000000000002f244                nbr_routes
 .data          0x000000000002f278       0x20 obj_cooja/mtype936.a(uip-icmp6.o)
 .data          0x000000000002f298        0x0 obj_cooja/mtype936.a(uip-nd6.o)
 .data          0x000000000002f298        0x0 obj_cooja/mtype936.a(rpl-nbr-policy.)
 .data          0x000000000002f298        0x2 obj_cooja/mtype936.a(frame802154.o)
 .data          0x000000000002f29a        0x0 obj_cooja/mtype936.a(mac.o)
 .data          0x000000000002f29a        0x0 /usr/lib/gcc/i686-linux-gnu/4.8/crtendS.o
 .data          0x000000000002f29a        0x0 /usr/lib/gcc/i686-linux-gnu/4.8/../../../i386-linux-gnu/crtn.o

.tm_clone_table
                0x000000000002f29c        0x0
 .tm_clone_table
                0x000000000002f29c        0x0 /usr/lib/gcc/i686-linux-gnu/4.8/crtbeginS.o
 .tm_clone_table
                0x000000000002f29c        0x0 /usr/lib/gcc/i686-linux-gnu/4.8/crtendS.o

.data1
 *(.data1)
                0x000000000002f29c                _edata = .
                0x000000000002f29c                PROVIDE (edata, .)
                0x000000000002f29c                . = .
                0x000000000002f29c                __bss_start = .

.bss            0x000000000002f2a0     0x82e8
 *(.dynbss)
 .dynbss        0x0000000000000000        0x0 /usr/lib/gcc/i686-linux-gnu/4.8/../../../i386-linux-gnu/crti.o
 *(.bss .bss.* .gnu.linkonce.b.*)
 .bss           0x000000000002f2a0        0x0 /usr/lib/gcc/i686-linux-gnu/4.8/../../../i386-linux-gnu/crti.o
 .bss           0x000000000002f2a0        0x1 /usr/lib/gcc/i686-linux-gnu/4.8/crtbeginS.o
 *fill*         0x000000000002f2a1        0x3 
 .bss           0x000000000002f2a4        0x8 udp-server.co
                0x000000000002f2a4                my_weight
 *fill*         0x000000000002f2ac       0x14 
 .bss           0x000000000002f2c0     0x2030 obj_cooja/mtype936.o
 .bss           0x00000000000312f0        0x1 obj_cooja/mtype936.a(simEnvChange.o)
                0x00000000000312f0                simDontFallAsleep
 *fill*         0x00000000000312f1        0x3 
 .bss           0x00000000000312f4        0x4 obj_cooja/mtype936.a(cooja_mt.o)
 .bss           0x00000000000312f8        0x4 obj_cooja/mtype936.a(cooja_mtarch.o)
 .bss           0x00000000000312fc        0xc obj_cooja/mtype936.a(rtimer-arch.o)
 .bss           0x0000000000031308        0x0 obj_cooja/mtype936.a(beep.o)
 .bss           0x0000000000031308        0x8 obj_cooja/mtype936.a(button-sensor.o)
 .bss           0x0000000000031310        0x0 obj_cooja/mtype936.a(leds-arch.o)
 .bss           0x0000000000031310        0x0 obj_cooja/mtype936.a(moteid.o)
 .bss           0x0000000000031310        0x1 obj_cooja/mtype936.a(pir-sensor.o)
                0x0000000000031310                simPirValue
 *fill*         0x0000000000031311        0x3 
 .bss           0x0000000000031314        0x4 obj_cooja/mtype936.a(rs232.o)
 .bss           0x0000000000031318        0x1 obj_cooja/mtype936.a(vib-sensor.o)
                0x0000000000031318                simVibValue
 .bss           0x0000000000031319        0x0 obj_cooja/mtype936.a(clock.o)
 *fill*         0x0000000000031319        0x7 
 .bss           0x0000000000031320      0x420 obj_cooja/mtype936.a(log.o)
 .bss           0x0000000000031740      0xfc0 obj_cooja/mtype936.a(cfs-cooja.o)
                0x0000000000031740                simCFSData
                0x00000000000326e0                simCFSSize
                0x00000000000326e4                simCFSChanged
                0x00000000000326e8                simCFSRead
                0x00000000000326ec                simCFSWritten
 .bss           0x0000000000032700       0x24 obj_cooja/mtype936.a(cooja-radio.o)
                0x0000000000032700                simReceivingLR
                0x0000000000032704                simInSizeLR
                0x0000000000032708                simOutSizeLR
                0x000000000003270c                simReceiving
                0x0000000000032710                simInSize
                0x0000000000032714                simOutSize
                0x0000000000032718                LongRangeTransmit
                0x000000000003271c                LongRangeReceiving
 .bss           0x0000000000032724        0xc obj_cooja/mtype936.a(eeprom.o)
                0x0000000000032724                simEEPROMChanged
                0x0000000000032728                simEEPROMRead
                0x000000000003272c                simEEPROMWritten
 .bss           0x0000000000032730        0x0 obj_cooja/mtype936.a(random.o)
 .bss           0x0000000000032730        0xc obj_cooja/mtype936.a(sensors.o)
 .bss           0x000000000003273c       0x28 obj_cooja/mtype936.a(dual_conf.o)
                0x000000000003273c                long_range_radio
 .bss           0x0000000000032764        0x0 obj_cooja/mtype936.a(autostart.o)
 .bss           0x0000000000032764        0x5 obj_cooja/mtype936.a(ctimer.o)
 *fill*         0x0000000000032769        0x3 
 .bss           0x000000000003276c        0x8 obj_cooja/mtype936.a(etimer.o)
 .bss           0x0000000000032774        0x0 obj_cooja/mtype936.a(log_message.o)
 *fill*         0x0000000000032774        0xc 
 .bss           0x0000000000032780      0x1b1 obj_cooja/mtype936.a(process.o)
                0x0000000000032780                process_list
                0x0000000000032784                process_current
 .bss           0x0000000000032931        0x0 obj_cooja/mtype936.a(residual.o)
 *fill*         0x0000000000032931        0x3 
 .bss           0x0000000000032934        0x4 obj_cooja/mtype936.a(rtimer.o)
 .bss           0x0000000000032938        0x0 obj_cooja/mtype936.a(timer.o)
 *fill*         0x0000000000032938        0x8 
 .bss           0x0000000000032940      0x140 obj_cooja/mtype936.a(serial-line.o)
 .bss           0x0000000000032a80        0x0 obj_cooja/mtype936.a(list.o)
 .bss           0x0000000000032a80        0x0 obj_cooja/mtype936.a(ringbuf.o)
 .bss           0x0000000000032a80      0x70c obj_cooja/mtype936.a(sicslowpan.o)
 *fill*         0x000000000003318c       0x14 
 .bss           0x00000000000331a0       0xc0 obj_cooja/mtype936.a(uip-ds6-nbr.o)
 .bss           0x0000000000033260       0x30 obj_cooja/mtype936.a(uip-ds6.o)
 .bss           0x0000000000033290        0xe obj_cooja/mtype936.a(uip6.o)
                0x0000000000033290                uip_ext_bitmap
                0x0000000000033291                uip_ext_len
                0x0000000000033292                uip_ext_opt_offset
 *fill*         0x000000000003329e        0x2 
 .bss           0x00000000000332a0       0x6b obj_cooja/mtype936.a(tcpip.o)
 .bss           0x000000000003330b        0x0 obj_cooja/mtype936.a(uip-debug.o)
 *fill*         0x000000000003330b       0x15 
 .bss           0x0000000000033320      0xcf8 obj_cooja/mtype936.a(uip-packetqueue)
 *fill*         0x0000000000034018        0x8 
 .bss           0x0000000000034020       0x88 obj_cooja/mtype936.a(rpl-dag.o)
 .bss           0x00000000000340a8        0x0 obj_cooja/mtype936.a(rpl-ext-header.)
 .bss           0x00000000000340a8        0x0 obj_cooja/mtype936.a(rpl-icmp6.o)
 .bss           0x00000000000340a8        0x0 obj_cooja/mtype936.a(rpl-ltmax.o)
 *fill*         0x00000000000340a8       0x18 
 .bss           0x00000000000340c0       0x60 obj_cooja/mtype936.a(rpl-timers.o)
 .bss           0x0000000000034120        0x4 obj_cooja/mtype936.a(rpl.o)
 .bss           0x0000000000034124        0x2 obj_cooja/mtype936.a(framer-802154.o)
 .bss           0x0000000000034126        0x0 obj_cooja/mtype936.a(nullmac.o)
 *fill*         0x0000000000034126       0x1a 
 .bss           0x0000000000034140       0xb0 obj_cooja/mtype936.a(cxmac.o)
 .bss           0x00000000000341f0        0x0 obj_cooja/mtype936.a(linkaddr.o)
 *fill*         0x00000000000341f0       0x10 
 .bss           0x0000000000034200       0xc4 obj_cooja/mtype936.a(nbr-table.o)
 .bss           0x00000000000342c4        0x0 obj_cooja/mtype936.a(netstack.o)
 *fill*         0x00000000000342c4       0x1c 
 .bss           0x00000000000342e0       0xa0 obj_cooja/mtype936.a(packetbuf.o)
 .bss           0x0000000000034380      0xb80 obj_cooja/mtype936.a(queuebuf.o)
 .bss           0x0000000000034f00        0x0 obj_cooja/mtype936.a(nullsec.o)
 .bss           0x0000000000034f00        0x0 obj_cooja/mtype936.a(watchdog.o)
 .bss           0x0000000000034f00        0x0 obj_cooja/mtype936.a(rimestats.o)
 .bss           0x0000000000034f00        0x1 obj_cooja/mtype936.a(leds.o)
 .bss           0x0000000000034f01        0x0 obj_cooja/mtype936.a(stimer.o)
 .bss           0x0000000000034f01        0x0 obj_cooja/mtype936.a(memb.o)
 *fill*         0x0000000000034f01       0x1f 
 .bss           0x0000000000034f20      0x4a8 obj_cooja/mtype936.a(uip-ds6-route.o)
 .bss           0x00000000000353c8       0x18 obj_cooja/mtype936.a(uip-icmp6.o)
 .bss           0x00000000000353e0        0x0 obj_cooja/mtype936.a(uip-nd6.o)
 .bss           0x00000000000353e0       0x44 obj_cooja/mtype936.a(rpl-nbr-policy.)
 .bss           0x0000000000035424        0x0 obj_cooja/mtype936.a(frame802154.o)
 .bss           0x0000000000035424        0x0 obj_cooja/mtype936.a(mac.o)
 .bss           0x0000000000035424        0x0 /usr/lib/gcc/i686-linux-gnu/4.8/crtendS.o
 .bss           0x0000000000035424        0x0 /usr/lib/gcc/i686-linux-gnu/4.8/../../../i386-linux-gnu/crtn.o
 *(COMMON)
 COMMON         0x0000000000035424        0x4 udp-server.co
                0x0000000000035424                my_sink_reachability
                0x0000000000035425                long_duty_on
                0x0000000000035426                my_parent_number
                0x0000000000035427                short_duty_on
 COMMON         0x0000000000035428       0x4c obj_cooja/mtype936.o
                0x0000000000035428                dio_count
                0x000000000003542c                dis_count
                0x0000000000035430                collision_count
                0x0000000000035434                transmission_count
                0x0000000000035438                COOJA_radioRxLong
                0x000000000003543c                control_message_count
                0x0000000000035440                dao_count
                0x0000000000035444                COOJA_radioTx
                0x0000000000035448                referenceVar
                0x000000000003544c                data_relay_count
                0x0000000000035450                data_message_count
                0x0000000000035454                COOJA_radioTxLong
                0x0000000000035458                COOJA_radioRx
                0x000000000003545c                debugfp
                0x0000000000035460                COOJA_radioOn
                0x0000000000035464                COOJA_duration
                0x0000000000035468                dio_ack_count
                0x000000000003546c                COOJA_radioOnLong
                0x0000000000035470                sensors_flags
 COMMON         0x0000000000035474        0xc obj_cooja/mtype936.a(simEnvChange.o)
                0x0000000000035474                simEtimerPending
                0x0000000000035478                simProcessRunValue
                0x000000000003547c                simNextExpirationTime
 COMMON         0x0000000000035480        0x1 obj_cooja/mtype936.a(beep.o)
                0x0000000000035480                simBeeped
 COMMON         0x0000000000035481        0x3 obj_cooja/mtype936.a(button-sensor.o)
                0x0000000000035481                simButtonIsActive
                0x0000000000035482                simButtonIsDown
                0x0000000000035483                simButtonChanged
 COMMON         0x0000000000035484        0x1 obj_cooja/mtype936.a(leds-arch.o)
                0x0000000000035484                simLedsValue
 *fill*         0x0000000000035485        0x3 
 COMMON         0x0000000000035488        0xc obj_cooja/mtype936.a(moteid.o)
                0x0000000000035488                simRandomSeed
                0x000000000003548c                simMoteIDChanged
                0x0000000000035490                simMoteID
 COMMON         0x0000000000035494        0x2 obj_cooja/mtype936.a(pir-sensor.o)
                0x0000000000035494                simPirIsActive
                0x0000000000035495                simPirChanged
 *fill*         0x0000000000035496        0xa 
 COMMON         0x00000000000354a0      0x820 obj_cooja/mtype936.a(rs232.o)
                0x00000000000354a0                simSerialReceivingFlag
                0x00000000000354a4                simSerialReceivingLength
                0x00000000000354c0                simSerialReceivingData
 COMMON         0x0000000000035cc0        0x2 obj_cooja/mtype936.a(vib-sensor.o)
                0x0000000000035cc0                simVibChanged
                0x0000000000035cc1                simVibIsActive
 *fill*         0x0000000000035cc2        0x2 
 COMMON         0x0000000000035cc4        0x4 obj_cooja/mtype936.a(clock.o)
                0x0000000000035cc4                simCurrentTime
 *fill*         0x0000000000035cc8       0x18 
 COMMON         0x0000000000035ce0      0x420 obj_cooja/mtype936.a(log.o)
                0x0000000000035ce0                simLoggedLength
                0x0000000000035ce4                simLoggedFlag
                0x0000000000035d00                simLoggedData
 COMMON         0x0000000000036100      0x240 obj_cooja/mtype936.a(cooja-radio.o)
                0x0000000000036100                simOutDataBuffer
                0x0000000000036180                simRadioTarget
                0x00000000000361a0                simInDataBufferLR
                0x0000000000036220                simOutDataBufferLR
                0x00000000000362a0                dual_duty_cycle_count
                0x00000000000362c0                simInDataBuffer
 COMMON         0x0000000000036340      0x400 obj_cooja/mtype936.a(eeprom.o)
                0x0000000000036340                simEEPROMData
 COMMON         0x0000000000036740        0x1 obj_cooja/mtype936.a(sensors.o)
                0x0000000000036740                sensors_event
 *fill*         0x0000000000036741        0x3 
 COMMON         0x0000000000036744        0x4 obj_cooja/mtype936.a(log_message.o)
                0x0000000000036744                log_fp
 COMMON         0x0000000000036748        0x1 obj_cooja/mtype936.a(serial-line.o)
                0x0000000000036748                serial_line_event_message
 *fill*         0x0000000000036749       0x17 
 COMMON         0x0000000000036760       0x50 obj_cooja/mtype936.a(uip-ds6-nbr.o)
                0x0000000000036760                ds6_lr_addrmap
 *fill*         0x00000000000367b0       0x10 
 COMMON         0x00000000000367c0      0x298 obj_cooja/mtype936.a(uip-ds6.o)
                0x00000000000367c0                uip_ds6_prefix_list
                0x0000000000036820                uip_ds6_timer_periodic
                0x0000000000036830                uip_ds6_netif_addr_list_offset
                0x0000000000036840                uip_ds6_if
                0x0000000000036938                uip_ds6_timer_ra
                0x0000000000036940                uip_ds6_addr_size
                0x0000000000036960                long_uip_ds6_if
 *fill*         0x0000000000036a58        0x8 
 COMMON         0x0000000000036a60      0x8ec obj_cooja/mtype936.a(uip6.o)
                0x0000000000036a60                uip_slen
                0x0000000000036a62                uip_acc32
                0x0000000000036a80                uip_conns
                0x0000000000036b40                uip_lladdr
                0x0000000000036b48                uip_appdata
                0x0000000000036b4c                uip_flags
                0x0000000000036b60                uip_aligned_buf
                0x00000000000371a0                uip_listenports
                0x00000000000371b0                uip_len
                0x00000000000371b2                uip_long_lladdr
                0x00000000000371bc                uip_sappdata
                0x00000000000371c0                uip_udp_conns
                0x0000000000037340                uip_udp_conn
                0x0000000000037344                uip_next_hdr
                0x0000000000037348                uip_conn
 COMMON         0x000000000003734c        0x1 obj_cooja/mtype936.a(tcpip.o)
                0x000000000003734c                tcpip_event
 *fill*         0x000000000003734d       0x13 
 COMMON         0x0000000000037360      0x198 obj_cooja/mtype936.a(rpl-dag.o)
                0x0000000000037360                default_instance
                0x0000000000037380                instance_table
 COMMON         0x00000000000374f8       0x10 obj_cooja/mtype936.a(linkaddr.o)
                0x00000000000374f8                linkaddr_node_addr
                0x0000000000037500                long_linkaddr_node_addr
 COMMON         0x0000000000037508       0x2e obj_cooja/mtype936.a(packetbuf.o)
                0x0000000000037508                packetbuf_attrs
                0x0000000000037526                packetbuf_addrs
 *fill*         0x0000000000037536        0xa 
 COMMON         0x0000000000037540       0x48 obj_cooja/mtype936.a(rimestats.o)
                0x0000000000037540                rimestats
                0x0000000000037588                . = ALIGN ((. != 0x0)?0x4:0x1)
                0x0000000000037588                . = ALIGN (0x4)
                0x0000000000037588                . = SEGMENT_START ("ldata-segment", .)
                0x0000000000037588                . = ALIGN (0x4)
                0x0000000000037588                _end = .
                0x0000000000037588                PROVIDE (end, .)
                0x0000000000037588                . = DATA_SEGMENT_END (.)

.stab
 *(.stab)

.stabstr
 *(.stabstr)

.stab.excl
 *(.stab.excl)

.stab.exclstr
 *(.stab.exclstr)

.stab.index
 *(.stab.index)

.stab.indexstr
 *(.stab.indexstr)

.comment        0x0000000000000000       0x29
 *(.comment)
 .comment       0x0000000000000000       0x29 /usr/lib/gcc/i686-linux-gnu/4.8/crtbeginS.o
                                         0x2a (size before relaxing)
 .comment       0x0000000000000000       0x2a udp-server.co
 .comment       0x0000000000000000       0x2a obj_cooja/mtype936.o
 .comment       0x0000000000000000       0x2a obj_cooja/mtype936.a(simEnvChange.o)
 .comment       0x0000000000000000       0x2a obj_cooja/mtype936.a(cooja_mt.o)
 .comment       0x0000000000000000       0x2a obj_cooja/mtype936.a(cooja_mtarch.o)
 .comment       0x0000000000000000       0x2a obj_cooja/mtype936.a(rtimer-arch.o)
 .comment       0x0000000000000000       0x2a obj_cooja/mtype936.a(beep.o)
 .comment       0x0000000000000000       0x2a obj_cooja/mtype936.a(button-sensor.o)
 .comment       0x0000000000000000       0x2a obj_cooja/mtype936.a(leds-arch.o)
 .comment       0x0000000000000000       0x2a obj_cooja/mtype936.a(moteid.o)
 .comment       0x0000000000000000       0x2a obj_cooja/mtype936.a(pir-sensor.o)
 .comment       0x0000000000000000       0x2a obj_cooja/mtype936.a(rs232.o)
 .comment       0x0000000000000000       0x2a obj_cooja/mtype936.a(vib-sensor.o)
 .comment       0x0000000000000000       0x2a obj_cooja/mtype936.a(clock.o)
 .comment       0x0000000000000000       0x2a obj_cooja/mtype936.a(log.o)
 .comment       0x0000000000000000       0x2a obj_cooja/mtype936.a(cfs-cooja.o)
 .comment       0x0000000000000000       0x2a obj_cooja/mtype936.a(cooja-radio.o)
 .comment       0x0000000000000000       0x2a obj_cooja/mtype936.a(eeprom.o)
 .comment       0x0000000000000000       0x2a obj_cooja/mtype936.a(random.o)
 .comment       0x0000000000000000       0x2a obj_cooja/mtype936.a(sensors.o)
 .comment       0x0000000000000000       0x2a obj_cooja/mtype936.a(dual_conf.o)
 .comment       0x0000000000000000       0x2a obj_cooja/mtype936.a(autostart.o)
 .comment       0x0000000000000000       0x2a obj_cooja/mtype936.a(ctimer.o)
 .comment       0x0000000000000000       0x2a obj_cooja/mtype936.a(etimer.o)
 .comment       0x0000000000000000       0x2a obj_cooja/mtype936.a(log_message.o)
 .comment       0x0000000000000000       0x2a obj_cooja/mtype936.a(process.o)
 .comment       0x0000000000000000       0x2a obj_cooja/mtype936.a(residual.o)
 .comment       0x0000000000000000       0x2a obj_cooja/mtype936.a(rtimer.o)
 .comment       0x0000000000000000       0x2a obj_cooja/mtype936.a(timer.o)
 .comment       0x0000000000000000       0x2a obj_cooja/mtype936.a(serial-line.o)
 .comment       0x0000000000000000       0x2a obj_cooja/mtype936.a(list.o)
 .comment       0x0000000000000000       0x2a obj_cooja/mtype936.a(ringbuf.o)
 .comment       0x0000000000000000       0x2a obj_cooja/mtype936.a(sicslowpan.o)
 .comment       0x0000000000000000       0x2a obj_cooja/mtype936.a(uip-ds6-nbr.o)
 .comment       0x0000000000000000       0x2a obj_cooja/mtype936.a(uip-ds6.o)
 .comment       0x0000000000000000       0x2a obj_cooja/mtype936.a(uip6.o)
 .comment       0x0000000000000000       0x2a obj_cooja/mtype936.a(tcpip.o)
 .comment       0x0000000000000000       0x2a obj_cooja/mtype936.a(uip-debug.o)
 .comment       0x0000000000000000       0x2a obj_cooja/mtype936.a(uip-packetqueue)
 .comment       0x0000000000000000       0x2a obj_cooja/mtype936.a(rpl-dag.o)
 .comment       0x0000000000000000       0x2a obj_cooja/mtype936.a(rpl-ext-header.)
 .comment       0x0000000000000000       0x2a obj_cooja/mtype936.a(rpl-icmp6.o)
 .comment       0x0000000000000000       0x2a obj_cooja/mtype936.a(rpl-ltmax.o)
 .comment       0x0000000000000000       0x2a obj_cooja/mtype936.a(rpl-timers.o)
 .comment       0x0000000000000000       0x2a obj_cooja/mtype936.a(rpl.o)
 .comment       0x0000000000000000       0x2a obj_cooja/mtype936.a(framer-802154.o)
 .comment       0x0000000000000000       0x2a obj_cooja/mtype936.a(nullmac.o)
 .comment       0x0000000000000000       0x2a obj_cooja/mtype936.a(cxmac.o)
 .comment       0x0000000000000000       0x2a obj_cooja/mtype936.a(linkaddr.o)
 .comment       0x0000000000000000       0x2a obj_cooja/mtype936.a(nbr-table.o)
 .comment       0x0000000000000000       0x2a obj_cooja/mtype936.a(netstack.o)
 .comment       0x0000000000000000       0x2a obj_cooja/mtype936.a(packetbuf.o)
 .comment       0x0000000000000000       0x2a obj_cooja/mtype936.a(queuebuf.o)
 .comment       0x0000000000000000       0x2a obj_cooja/mtype936.a(nullsec.o)
 .comment       0x0000000000000000       0x2a obj_cooja/mtype936.a(watchdog.o)
 .comment       0x0000000000000000       0x2a obj_cooja/mtype936.a(rimestats.o)
 .comment       0x0000000000000000       0x2a obj_cooja/mtype936.a(leds.o)
 .comment       0x0000000000000000       0x2a obj_cooja/mtype936.a(stimer.o)
 .comment       0x0000000000000000       0x2a obj_cooja/mtype936.a(memb.o)
 .comment       0x0000000000000000       0x2a obj_cooja/mtype936.a(uip-ds6-route.o)
 .comment       0x0000000000000000       0x2a obj_cooja/mtype936.a(uip-icmp6.o)
 .comment       0x0000000000000000       0x2a obj_cooja/mtype936.a(uip-nd6.o)
 .comment       0x0000000000000000       0x2a obj_cooja/mtype936.a(rpl-nbr-policy.)
 .comment       0x0000000000000000       0x2a obj_cooja/mtype936.a(frame802154.o)
 .comment       0x0000000000000000       0x2a obj_cooja/mtype936.a(mac.o)
 .comment       0x0000000000000000       0x2a /usr/lib/gcc/i686-linux-gnu/4.8/crtendS.o

.debug
 *(.debug)

.line
 *(.line)

.debug_srcinfo
 *(.debug_srcinfo)

.debug_sfnames
 *(.debug_sfnames)

.debug_aranges  0x0000000000000000      0x818
 *(.debug_aranges)
 .debug_aranges
                0x0000000000000000       0x20 udp-server.co
 .debug_aranges
                0x0000000000000020       0x20 obj_cooja/mtype936.o
 .debug_aranges
                0x0000000000000040       0x20 obj_cooja/mtype936.a(simEnvChange.o)
 .debug_aranges
                0x0000000000000060       0x20 obj_cooja/mtype936.a(cooja_mt.o)
 .debug_aranges
                0x0000000000000080       0x20 obj_cooja/mtype936.a(cooja_mtarch.o)
 .debug_aranges
                0x00000000000000a0       0x20 obj_cooja/mtype936.a(rtimer-arch.o)
 .debug_aranges
                0x00000000000000c0       0x20 obj_cooja/mtype936.a(beep.o)
 .debug_aranges
                0x00000000000000e0       0x20 obj_cooja/mtype936.a(button-sensor.o)
 .debug_aranges
                0x0000000000000100       0x20 obj_cooja/mtype936.a(leds-arch.o)
 .debug_aranges
                0x0000000000000120       0x20 obj_cooja/mtype936.a(moteid.o)
 .debug_aranges
                0x0000000000000140       0x20 obj_cooja/mtype936.a(pir-sensor.o)
 .debug_aranges
                0x0000000000000160       0x20 obj_cooja/mtype936.a(rs232.o)
 .debug_aranges
                0x0000000000000180       0x20 obj_cooja/mtype936.a(vib-sensor.o)
 .debug_aranges
                0x00000000000001a0       0x20 obj_cooja/mtype936.a(clock.o)
 .debug_aranges
                0x00000000000001c0       0x20 obj_cooja/mtype936.a(log.o)
 .debug_aranges
                0x00000000000001e0       0x20 obj_cooja/mtype936.a(cfs-cooja.o)
 .debug_aranges
                0x0000000000000200       0x20 obj_cooja/mtype936.a(cooja-radio.o)
 .debug_aranges
                0x0000000000000220       0x20 obj_cooja/mtype936.a(eeprom.o)
 .debug_aranges
                0x0000000000000240       0x20 obj_cooja/mtype936.a(random.o)
 .debug_aranges
                0x0000000000000260       0x20 obj_cooja/mtype936.a(sensors.o)
 .debug_aranges
                0x0000000000000280       0x20 obj_cooja/mtype936.a(dual_conf.o)
 .debug_aranges
                0x00000000000002a0       0x20 obj_cooja/mtype936.a(autostart.o)
 .debug_aranges
                0x00000000000002c0       0x20 obj_cooja/mtype936.a(ctimer.o)
 .debug_aranges
                0x00000000000002e0       0x20 obj_cooja/mtype936.a(etimer.o)
 .debug_aranges
                0x0000000000000300       0x20 obj_cooja/mtype936.a(log_message.o)
 .debug_aranges
                0x0000000000000320       0x20 obj_cooja/mtype936.a(process.o)
 .debug_aranges
                0x0000000000000340       0x20 obj_cooja/mtype936.a(residual.o)
 .debug_aranges
                0x0000000000000360       0x20 obj_cooja/mtype936.a(rtimer.o)
 .debug_aranges
                0x0000000000000380       0x20 obj_cooja/mtype936.a(timer.o)
 .debug_aranges
                0x00000000000003a0       0x20 obj_cooja/mtype936.a(serial-line.o)
 .debug_aranges
                0x00000000000003c0       0x20 obj_cooja/mtype936.a(list.o)
 .debug_aranges
                0x00000000000003e0       0x20 obj_cooja/mtype936.a(ringbuf.o)
 .debug_aranges
                0x0000000000000400       0x20 obj_cooja/mtype936.a(sicslowpan.o)
 .debug_aranges
                0x0000000000000420       0x20 obj_cooja/mtype936.a(uip-ds6-nbr.o)
 .debug_aranges
                0x0000000000000440       0x20 obj_cooja/mtype936.a(uip-ds6.o)
 .debug_aranges
                0x0000000000000460       0x20 obj_cooja/mtype936.a(uip6.o)
 .debug_aranges
                0x0000000000000480       0x20 obj_cooja/mtype936.a(tcpip.o)
 .debug_aranges
                0x00000000000004a0       0x20 obj_cooja/mtype936.a(uip-debug.o)
 .debug_aranges
                0x00000000000004c0       0x20 obj_cooja/mtype936.a(uip-packetqueue)
 .debug_aranges
                0x00000000000004e0       0x20 obj_cooja/mtype936.a(rpl-dag.o)
 .debug_aranges
                0x0000000000000500       0x20 obj_cooja/mtype936.a(rpl-ext-header.)
 .debug_aranges
                0x0000000000000520       0x20 obj_cooja/mtype936.a(rpl-icmp6.o)
 .debug_aranges
                0x0000000000000540       0x20 obj_cooja/mtype936.a(rpl-ltmax.o)
 .debug_aranges
                0x0000000000000560       0x20 obj_cooja/mtype936.a(rpl-timers.o)
 .debug_aranges
                0x0000000000000580       0x20 obj_cooja/mtype936.a(rpl.o)
 .debug_aranges
                0x00000000000005a0       0x20 obj_cooja/mtype936.a(framer-802154.o)
 .debug_aranges
                0x00000000000005c0       0x20 obj_cooja/mtype936.a(nullmac.o)
 .debug_aranges
                0x00000000000005e0       0x20 obj_cooja/mtype936.a(cxmac.o)
 .debug_aranges
                0x0000000000000600       0x20 obj_cooja/mtype936.a(linkaddr.o)
 .debug_aranges
                0x0000000000000620       0x20 obj_cooja/mtype936.a(nbr-table.o)
 .debug_aranges
                0x0000000000000640       0x20 obj_cooja/mtype936.a(netstack.o)
 .debug_aranges
                0x0000000000000660       0x20 obj_cooja/mtype936.a(packetbuf.o)
 .debug_aranges
                0x0000000000000680       0x20 obj_cooja/mtype936.a(queuebuf.o)
 .debug_aranges
                0x00000000000006a0       0x20 obj_cooja/mtype936.a(nullsec.o)
 .debug_aranges
                0x00000000000006c0       0x20 obj_cooja/mtype936.a(watchdog.o)
 .debug_aranges
                0x00000000000006e0       0x18 obj_cooja/mtype936.a(rimestats.o)
 .debug_aranges
                0x00000000000006f8       0x20 obj_cooja/mtype936.a(leds.o)
 .debug_aranges
                0x0000000000000718       0x20 obj_cooja/mtype936.a(stimer.o)
 .debug_aranges
                0x0000000000000738       0x20 obj_cooja/mtype936.a(memb.o)
 .debug_aranges
                0x0000000000000758       0x20 obj_cooja/mtype936.a(uip-ds6-route.o)
 .debug_aranges
                0x0000000000000778       0x20 obj_cooja/mtype936.a(uip-icmp6.o)
 .debug_aranges
                0x0000000000000798       0x20 obj_cooja/mtype936.a(uip-nd6.o)
 .debug_aranges
                0x00000000000007b8       0x20 obj_cooja/mtype936.a(rpl-nbr-policy.)
 .debug_aranges
                0x00000000000007d8       0x20 obj_cooja/mtype936.a(frame802154.o)
 .debug_aranges
                0x00000000000007f8       0x20 obj_cooja/mtype936.a(mac.o)

.debug_pubnames
 *(.debug_pubnames)

.debug_info     0x0000000000000000    0x1d368
 *(.debug_info .gnu.linkonce.wi.*)
 .debug_info    0x0000000000000000      0xe6d udp-server.co
 .debug_info    0x0000000000000e6d     0x3ac4 obj_cooja/mtype936.o
 .debug_info    0x0000000000004931      0x15a obj_cooja/mtype936.a(simEnvChange.o)
 .debug_info    0x0000000000004a8b      0x1e2 obj_cooja/mtype936.a(cooja_mt.o)
 .debug_info    0x0000000000004c6d      0x2e7 obj_cooja/mtype936.a(cooja_mtarch.o)
 .debug_info    0x0000000000004f54      0x16b obj_cooja/mtype936.a(rtimer-arch.o)
 .debug_info    0x00000000000050bf      0x1f3 obj_cooja/mtype936.a(beep.o)
 .debug_info    0x00000000000052b2      0x257 obj_cooja/mtype936.a(button-sensor.o)
 .debug_info    0x0000000000005509      0x132 obj_cooja/mtype936.a(leds-arch.o)
 .debug_info    0x000000000000563b      0x10a obj_cooja/mtype936.a(moteid.o)
 .debug_info    0x0000000000005745      0x216 obj_cooja/mtype936.a(pir-sensor.o)
 .debug_info    0x000000000000595b      0x21e obj_cooja/mtype936.a(rs232.o)
 .debug_info    0x0000000000005b79      0x216 obj_cooja/mtype936.a(vib-sensor.o)
 .debug_info    0x0000000000005d8f      0x152 obj_cooja/mtype936.a(clock.o)
 .debug_info    0x0000000000005ee1      0x2bb obj_cooja/mtype936.a(log.o)
 .debug_info    0x000000000000619c      0x3cf obj_cooja/mtype936.a(cfs-cooja.o)
 .debug_info    0x000000000000656b      0xd52 obj_cooja/mtype936.a(cooja-radio.o)