Archive member included to satisfy reference by file (symbol)

obj_cooja/mtype507.a(simEnvChange.o)
                              obj_cooja/mtype507.o (simDontFallAsleep)
obj_cooja/mtype507.a(cooja_mt.o)
                              obj_cooja/mtype507.o (cooja_mt_start)
obj_cooja/mtype507.a(cooja_mtarch.o)
                              obj_cooja/mtype507.a(cooja_mt.o) (cooja_mtarch_init)
obj_cooja/mtype507.a(rtimer-arch.o)
                              obj_cooja/mtype507.o (rtimer_arch_next)
obj_cooja/mtype507.a(beep.o)  obj_cooja/mtype507.o (beep_interface)
obj_cooja/mtype507.a(button-sensor.o)
                              obj_cooja/mtype507.o (button_interface)
obj_cooja/mtype507.a(leds-arch.o)
                              obj_cooja/mtype507.o (leds_interface)
obj_cooja/mtype507.a(moteid.o)
                              obj_cooja/mtype507.o (moteid_interface)
obj_cooja/mtype507.a(pir-sensor.o)
                              obj_cooja/mtype507.o (pir_interface)
obj_cooja/mtype507.a(rs232.o)
                              obj_cooja/mtype507.o (rs232_interface)
obj_cooja/mtype507.a(vib-sensor.o)
                              obj_cooja/mtype507.o (vib_interface)
obj_cooja/mtype507.a(clock.o)
                              obj_cooja/mtype507.o (clock_interface)
obj_cooja/mtype507.a(log.o)   obj_cooja/mtype507.o (simlog_interface)
obj_cooja/mtype507.a(cfs-cooja.o)
                              obj_cooja/mtype507.o (cfs_interface)
obj_cooja/mtype507.a(cooja-radio.o)
                              obj_cooja/mtype507.o (radio_interface)
obj_cooja/mtype507.a(eeprom.o)
                              obj_cooja/mtype507.o (eeprom_interface)
obj_cooja/mtype507.a(random.o)
                              obj_cooja/mtype507.a(moteid.o) (random_init)
obj_cooja/mtype507.a(sensors.o)
                              obj_cooja/mtype507.o (sensors_process)
obj_cooja/mtype507.a(dual_conf.o)
                              obj_cooja/mtype507.a(cooja-radio.o) (long_range_radio)
obj_cooja/mtype507.a(autostart.o)
                              obj_cooja/mtype507.o (autostart_start)
obj_cooja/mtype507.a(ctimer.o)
                              obj_cooja/mtype507.o (ctimer_init)
obj_cooja/mtype507.a(etimer.o)
                              obj_cooja/mtype507.o (etimer_process)
obj_cooja/mtype507.a(log_message.o)
                              obj_cooja/mtype507.o (log_initialization)
obj_cooja/mtype507.a(process.o)
                              udp-client.co (process_current)
obj_cooja/mtype507.a(residual.o)
                              udp-client.co (get_residual_energy)
obj_cooja/mtype507.a(rtimer.o)
                              obj_cooja/mtype507.a(rtimer-arch.o) (rtimer_run_next)
obj_cooja/mtype507.a(stimer.o)
                              udp-client.co (stimer_remaining)
obj_cooja/mtype507.a(timer.o)
                              obj_cooja/mtype507.a(button-sensor.o) (timer_set)
obj_cooja/mtype507.a(serial-line.o)
                              udp-client.co (serial_line_event_message)
obj_cooja/mtype507.a(list.o)  obj_cooja/mtype507.a(ctimer.o) (list_init)
obj_cooja/mtype507.a(ringbuf.o)
                              obj_cooja/mtype507.a(serial-line.o) (ringbuf_init)
obj_cooja/mtype507.a(sicslowpan.o)
                              obj_cooja/mtype507.o (sicslowpan_driver)
obj_cooja/mtype507.a(uip-ds6-nbr.o)
                              obj_cooja/mtype507.a(sicslowpan.o) (uip_ds6_link_neighbor_callback)
obj_cooja/mtype507.a(uip-ds6-route.o)
                              udp-client.co (uip_ds6_route_nexthop)
obj_cooja/mtype507.a(uip-ds6.o)
                              udp-client.co (uip_ds6_if)
obj_cooja/mtype507.a(uip6.o)  udp-client.co (uip_lladdr)
obj_cooja/mtype507.a(tcpip.o)
                              udp-client.co (tcpip_event)
obj_cooja/mtype507.a(uip-debug.o)
                              udp-client.co (uip_debug_ipaddr_print)
obj_cooja/mtype507.a(uip-packetqueue)
                              obj_cooja/mtype507.a(uip-ds6-nbr.o) (uip_packetqueue_new)
obj_cooja/mtype507.a(uip-udp-packet.)
                              udp-client.co (uip_udp_packet_sendto)
obj_cooja/mtype507.a(rpl-dag.o)
                              obj_cooja/mtype507.a(tcpip.o) (rpl_repair_root)
obj_cooja/mtype507.a(rpl-ext-header.)
                              obj_cooja/mtype507.a(uip6.o) (rpl_verify_header)
obj_cooja/mtype507.a(rpl-icmp6.o)
                              obj_cooja/mtype507.a(rpl-dag.o) (rpl_icmp6_update_nbr_table)
obj_cooja/mtype507.a(rpl-ltmax.o)
                              obj_cooja/mtype507.a(rpl-dag.o) (rpl_ltmax_of)
obj_cooja/mtype507.a(rpl-timers.o)
                              obj_cooja/mtype507.a(rpl-dag.o) (rpl_reset_dio_timer)
obj_cooja/mtype507.a(rpl.o)   obj_cooja/mtype507.a(rpl-icmp6.o) (rpl_get_mode)
obj_cooja/mtype507.a(framer-802154.o)
                              obj_cooja/mtype507.a(sicslowpan.o) (framer_802154)
obj_cooja/mtype507.a(nullmac.o)
                              obj_cooja/mtype507.o (nullmac_driver)
[...]
Memory Configuration

Name             Origin             Length             Attributes
*default*        0x0000000000000000 0xffffffffffffffff

Linker script and memory map

LOAD /usr/lib/gcc/i686-linux-gnu/4.8/../../../i386-linux-gnu/crti.o
LOAD /usr/lib/gcc/i686-linux-gnu/4.8/crtbeginS.o
LOAD udp-client.co
LOAD obj_cooja/mtype507.o
LOAD obj_cooja/mtype507.a
LOAD /usr/lib/gcc/i686-linux-gnu/4.8/libgcc.a
LOAD /usr/lib/gcc/i686-linux-gnu/4.8/libgcc_s.so
LOAD /usr/lib/gcc/i686-linux-gnu/4.8/../../../i386-linux-gnu/libc.so
START GROUP
LOAD /lib/i386-linux-gnu/libc.so.6
LOAD /usr/lib/i386-linux-gnu/libc_nonshared.a
LOAD /lib/i386-linux-gnu/ld-linux.so.2
END GROUP
LOAD /usr/lib/gcc/i686-linux-gnu/4.8/libgcc.a
LOAD /usr/lib/gcc/i686-linux-gnu/4.8/libgcc_s.so
LOAD /usr/lib/gcc/i686-linux-gnu/4.8/crtendS.o
LOAD /usr/lib/gcc/i686-linux-gnu/4.8/../../../i386-linux-gnu/crtn.o
                0x0000000000000114                . = (0x0 + SIZEOF_HEADERS)

.note.gnu.build-id
                0x0000000000000114       0x24
 *(.note.gnu.build-id)
 .note.gnu.build-id
                0x0000000000000114       0x24 /usr/lib/gcc/i686-linux-gnu/4.8/../../../i386-linux-gnu/crti.o

.hash
 *(.hash)

.gnu.hash       0x0000000000000138     0x134c
 *(.gnu.hash)
 .gnu.hash      0x0000000000000138     0x134c /usr/lib/gcc/i686-linux-gnu/4.8/../../../i386-linux-gnu/crti.o

.dynsym         0x0000000000001484     0x2590
 *(.dynsym)
 .dynsym        0x0000000000001484     0x2590 /usr/lib/gcc/i686-linux-gnu/4.8/../../../i386-linux-gnu/crti.o

.dynstr         0x0000000000003a14     0x26d3
 *(.dynstr)
 .dynstr        0x0000000000003a14     0x26d3 /usr/lib/gcc/i686-linux-gnu/4.8/../../../i386-linux-gnu/crti.o

.gnu.version    0x00000000000060e8      0x4b2
 *(.gnu.version)
 .gnu.version   0x00000000000060e8      0x4b2 /usr/lib/gcc/i686-linux-gnu/4.8/../../../i386-linux-gnu/crti.o

.gnu.version_d  0x000000000000659c        0x0
 *(.gnu.version_d)
 .gnu.version_d
                0x0000000000000000        0x0 /usr/lib/gcc/i686-linux-gnu/4.8/../../../i386-linux-gnu/crti.o

.gnu.version_r  0x000000000000659c       0x50
 *(.gnu.version_r)
 .gnu.version_r
                0x000000000000659c       0x50 /usr/lib/gcc/i686-linux-gnu/4.8/../../../i386-linux-gnu/crti.o

.rel.dyn        0x00000000000065ec     0xa390
 *(.rel.init)
 .rel.init      0x0000000000000000        0x0 /usr/lib/gcc/i686-linux-gnu/4.8/../../../i386-linux-gnu/crti.o
 *(.rel.text .rel.text.* .rel.gnu.linkonce.t.*)
 .rel.text      0x00000000000065ec     0x9c00 /usr/lib/gcc/i686-linux-gnu/4.8/../../../i386-linux-gnu/crti.o
 *(.rel.fini)
 .rel.fini      0x0000000000000000        0x0 /usr/lib/gcc/i686-linux-gnu/4.8/../../../i386-linux-gnu/crti.o
 *(.rel.rodata .rel.rodata.* .rel.gnu.linkonce.r.*)
 .rel.rodata    0x00000000000101ec      0x4e0 /usr/lib/gcc/i686-linux-gnu/4.8/../../../i386-linux-gnu/crti.o
 *(.rel.data.rel.ro .rel.data.rel.ro.* .rel.gnu.linkonce.d.rel.ro.*)
 *(.rel.data .rel.data.* .rel.gnu.linkonce.d.*)
 .rel.data.rel  0x00000000000106cc        0x8 /usr/lib/gcc/i686-linux-gnu/4.8/../../../i386-linux-gnu/crti.o
 .rel.data      0x00000000000106d4      0x270 /usr/lib/gcc/i686-linux-gnu/4.8/../../../i386-linux-gnu/crti.o
 *(.rel.tdata .rel.tdata.* .rel.gnu.linkonce.td.*)
 *(.rel.tbss .rel.tbss.* .rel.gnu.linkonce.tb.*)
 *(.rel.ctors)
 *(.rel.dtors)
 *(.rel.got)
 .rel.got       0x0000000000010944       0x28 /usr/lib/gcc/i686-linux-gnu/4.8/../../../i386-linux-gnu/crti.o
 *(.rel.bss .rel.bss.* .rel.gnu.linkonce.b.*)
 *(.rel.ifunc)
 .rel.ifunc     0x0000000000000000        0x0 /usr/lib/gcc/i686-linux-gnu/4.8/../../../i386-linux-gnu/crti.o
 .rel.fini_array
                0x000000000001096c        0x8 /usr/lib/gcc/i686-linux-gnu/4.8/../../../i386-linux-gnu/crti.o
 .rel.init_array
                0x0000000000010974        0x8 /usr/lib/gcc/i686-linux-gnu/4.8/../../../i386-linux-gnu/crti.o

.rel.plt        0x000000000001097c       0x10
 *(.rel.plt)
 .rel.plt       0x000000000001097c       0x10 /usr/lib/gcc/i686-linux-gnu/4.8/../../../i386-linux-gnu/crti.o
 *(.rel.iplt)

.init           0x000000000001098c       0x23
 *(SORT(.init))
 .init          0x000000000001098c       0x1e /usr/lib/gcc/i686-linux-gnu/4.8/../../../i386-linux-gnu/crti.o
                0x000000000001098c                _init
 .init          0x00000000000109aa        0x5 /usr/lib/gcc/i686-linux-gnu/4.8/../../../i386-linux-gnu/crtn.o

.plt            0x00000000000109b0       0x30
 *(.plt)
 .plt           0x00000000000109b0       0x30 /usr/lib/gcc/i686-linux-gnu/4.8/../../../i386-linux-gnu/crti.o
 *(.iplt)

.text           0x00000000000109e0    0x17bba
 *(.text.unlikely .text.*_unlikely .text.unlikely.*)
 *(.text.exit .text.exit.*)
 *(.text.startup .text.startup.*)
 *(.text.hot .text.hot.*)
 *(.text .stub .text.* .gnu.linkonce.t.*)
 .text          0x00000000000109e0        0x0 /usr/lib/gcc/i686-linux-gnu/4.8/../../../i386-linux-gnu/crti.o
 .gnu.linkonce.t.__x86.get_pc_thunk.bx
                0x00000000000109e0        0x4 /usr/lib/gcc/i686-linux-gnu/4.8/../../../i386-linux-gnu/crti.o
                0x00000000000109e0                __x86.get_pc_thunk.bx
 *fill*         0x00000000000109e4        0xc 
 .text          0x00000000000109f0      0x11b /usr/lib/gcc/i686-linux-gnu/4.8/crtbeginS.o
 .text          0x0000000000010b0b      0x784 udp-client.co
 .text          0x000000000001128f      0x96a obj_cooja/mtype507.o
                0x000000000001143d                contiki_init
                0x0000000000011a10                Java_org_contikios_cooja_corecomm_Lib9_init
                0x0000000000011a50                Java_org_contikios_cooja_corecomm_Lib9_getMemory
                0x0000000000011a90                Java_org_contikios_cooja_corecomm_Lib9_setMemory
                0x0000000000011b07                Java_org_contikios_cooja_corecomm_Lib9_tick
                0x0000000000011be7                Java_org_contikios_cooja_corecomm_Lib9_setReferenceAddress
 .text          0x0000000000011bf9       0x63 obj_cooja/mtype507.a(simEnvChange.o)
                0x0000000000011bf9                doActionsBeforeTick
                0x0000000000011c2a                doActionsAfterTick
 .text          0x0000000000011c5c       0xbc obj_cooja/mtype507.a(cooja_mt.o)
                0x0000000000011c5c                cooja_mt_init
                0x0000000000011c69                cooja_mt_remove
                0x0000000000011c76                cooja_mt_start
                0x0000000000011ca3                cooja_mt_exec
                0x0000000000011cd4                cooja_mt_exit
                0x0000000000011cf6                cooja_mt_yield
 .text          0x0000000000011d18      0x115 obj_cooja/mtype507.a(cooja_mtarch.o)
                0x0000000000011d18                cooja_mtarch_init
                0x0000000000011d1d                cooja_mtarch_start
                0x0000000000011d98                cooja_sw
                0x0000000000011dba                cooja_mtarch_exec
                0x0000000000011dd6                cooja_mtarch_remove
                0x0000000000011ddb                cooja_mtarch_yield
                0x0000000000011de5                cooja_mtarch_pstop
                0x0000000000011dea                cooja_mtarch_pstart
                0x0000000000011def                cooja_mtarch_stack_usage
 .text          0x0000000000011e2d       0xc2 obj_cooja/mtype507.a(rtimer-arch.o)
                0x0000000000011e2d                rtimer_arch_init
                0x0000000000011e50                rtimer_arch_schedule
                0x0000000000011e67                rtimer_arch_next
                0x0000000000011e71                rtimer_arch_pending
                0x0000000000011e7b                rtimer_arch_check
                0x0000000000011ead                rtimer_arch_now
 .text          0x0000000000011eef       0x76 obj_cooja/mtype507.a(beep.o)
                0x0000000000011eef                beep_alarm
                0x0000000000011efb                beep_beep
                0x0000000000011f07                beep
                0x0000000000011f13                beep_down
                0x0000000000011f1f                beep_on
                0x0000000000011f2b                beep_off
                0x0000000000011f37                beep_spinup
                0x0000000000011f43                beep_quick
                0x0000000000011f4f                beep_long
 .text          0x0000000000011f65      0x103 obj_cooja/mtype507.a(button-sensor.o)
 .text          0x0000000000012068       0x45 obj_cooja/mtype507.a(leds-arch.o)
                0x0000000000012068                leds_arch_init
                0x0000000000012074                leds_arch_get
                0x0000000000012080                leds_arch_set
 .text          0x00000000000120ad       0x2f obj_cooja/mtype507.a(moteid.o)
 .text          0x00000000000120dc       0xb1 obj_cooja/mtype507.a(pir-sensor.o)
 .text          0x000000000001218d      0x131 obj_cooja/mtype507.a(rs232.o)
                0x000000000001218d                rs232_init
                0x0000000000012192                rs232_set_speed
                0x00000000000121a0                rs232_set_input
                0x00000000000121ad                rs232_send
                0x00000000000121cf                rs232_print
                0x00000000000121ea                slip_arch_writeb
 .text          0x00000000000122be       0xb1 obj_cooja/mtype507.a(vib-sensor.o)
 .text          0x000000000001236f       0x34 obj_cooja/mtype507.a(clock.o)
                0x000000000001236f                clock_init
                0x0000000000012374                clock_time
                0x000000000001237e                clock_seconds
                0x0000000000012394                clock_delay
 .text          0x00000000000123a3      0x1ed obj_cooja/mtype507.a(log.o)
                0x00000000000123a3                simlog_char
                0x00000000000123e5                simlog
                0x0000000000012452                log_message
                0x000000000001247a                log_set_putchar_with_slip
                0x0000000000012487                log_putchar
                0x000000000001250b                log_puts
                0x000000000001252f                log_printf
 .text          0x0000000000012590      0x2c4 obj_cooja/mtype507.a(cfs-cooja.o)
                0x0000000000012590                cfs_open
                0x00000000000125f9                cfs_close
                0x0000000000012605                cfs_read
                0x00000000000126a3                cfs_write
                0x0000000000012780                cfs_seek
                0x0000000000012808                cfs_remove
                0x0000000000012831                cfs_opendir
                0x000000000001283b                cfs_readdir
                0x0000000000012845                cfs_closedir
 .text          0x0000000000012854      0x6de obj_cooja/mtype507.a(cooja-radio.o)
                0x000000000001287e                radio_set_channel
                0x0000000000012893                radio_set_txpower
                0x00000000000128b3                radio_signal_strength_last
                0x00000000000128bd                radio_signal_strength_current
                0x00000000000128c7                radio_LQI
 .text          0x0000000000012f32       0xef obj_cooja/mtype507.a(eeprom.o)
                0x0000000000012f32                eeprom_init
                0x0000000000012f37                eeprom_read
                0x0000000000012fa7                eeprom_write
 .text          0x0000000000013021       0x28 obj_cooja/mtype507.a(random.o)
                0x0000000000013021                random_init
                0x000000000001303c                random_rand
 .text          0x0000000000013049      0x2a1 obj_cooja/mtype507.a(sensors.o)
                0x0000000000013084                sensors_first
                0x000000000001308e                sensors_next
                0x00000000000130ab                sensors_changed
                0x00000000000130da                sensors_find
 .text          0x00000000000132ea      0x31a obj_cooja/mtype507.a(dual_conf.o)
                0x00000000000132ea                dual_radio_switch
                0x000000000001332a                dual_radio_change
                0x0000000000013364                sending_in_LR
                0x000000000001338f                dual_radio_received
                0x00000000000133e2                radio_received_is_longrange
                0x00000000000133fd                dual_radio_turn_on
                0x0000000000013420                dual_radio_turn_off
                0x00000000000135ba                dio_broadcast
                0x00000000000135e3                dis_broadcast
 .text          0x0000000000013604       0x8e obj_cooja/mtype507.a(autostart.o)
                0x0000000000013604                autostart_start
                0x000000000001364f                autostart_exit
 .text          0x0000000000013692      0x334 obj_cooja/mtype507.a(ctimer.o)
                0x00000000000137a9                ctimer_init
                0x00000000000137d9                ctimer_set
                0x000000000001380a                ctimer_set_with_process
                0x0000000000013886                ctimer_reset
                0x00000000000138d5                ctimer_restart
                0x0000000000013924                ctimer_stop
                0x000000000001396f                ctimer_expired
 .text          0x00000000000139c6      0x40b obj_cooja/mtype507.a(etimer.o)
                0x0000000000013bd9                etimer_request_poll
                0x0000000000013c5d                etimer_set
                0x0000000000013c82                etimer_reset_with_new_interval
                0x0000000000013ca9                etimer_reset
                0x0000000000013cc7                etimer_restart
                0x0000000000013ce5                etimer_adjust
                0x0000000000013d01                etimer_expired
                0x0000000000013d14                etimer_expiration_time
                0x0000000000013d26                etimer_start_time
                0x0000000000013d30                etimer_pending
                0x0000000000013d42                etimer_next_expiration_time
                0x0000000000013d5c                etimer_stop
 .text          0x0000000000013dd1       0xdd obj_cooja/mtype507.a(log_message.o)
                0x0000000000013dd1                log_initialization
                0x0000000000013e8d                log_finisher
 .text          0x0000000000013eae      0x560 obj_cooja/mtype507.a(process.o)
                0x0000000000013eae                process_alloc_event
                0x0000000000013ec3                process_start
                0x00000000000140ac                process_exit
                0x00000000000140c8                process_init
                0x0000000000014299                process_run
                0x00000000000142cc                process_nevents
                0x00000000000142e7                process_post
                0x0000000000014393                process_post_synch
                0x00000000000143cb                process_poll
                0x00000000000143fa                process_is_running
 .text          0x000000000001440e       0xd3 obj_cooja/mtype507.a(residual.o)
                0x000000000001440e                get_residual_energy
 .text          0x00000000000144e1       0xba obj_cooja/mtype507.a(rtimer.o)
                0x00000000000144e1                rtimer_init
                0x00000000000144ee                rtimer_set
                0x0000000000014545                rtimer_run_next
 .text          0x000000000001459b       0xa3 obj_cooja/mtype507.a(stimer.o)
                0x000000000001459b                stimer_set
                0x00000000000145b6                stimer_reset
                0x00000000000145cd                stimer_restart
                0x00000000000145df                stimer_expired
                0x0000000000014606                stimer_remaining
                0x000000000001462a                stimer_elapsed
 .text          0x000000000001463e       0x91 obj_cooja/mtype507.a(timer.o)
                0x000000000001463e                timer_set
                0x0000000000014659                timer_reset
                0x0000000000014670                timer_restart
                0x0000000000014682                timer_expired
                0x00000000000146ab                timer_remaining
 .text          0x00000000000146cf      0x1fb obj_cooja/mtype507.a(serial-line.o)
                0x00000000000146cf                serial_line_input_byte
                0x0000000000014892                serial_line_init
 .text          0x00000000000148ca      0x244 obj_cooja/mtype507.a(list.o)
                0x00000000000148ca                list_init
                0x00000000000148d8                list_head
                0x00000000000148e2                list_copy
                0x00000000000148f1                list_tail
                0x0000000000014927                list_add
                0x0000000000014970                list_push
                0x000000000001499c                list_chop
                0x0000000000014a06                list_pop
                0x0000000000014a2e                list_remove
                0x0000000000014a95                list_length
                0x0000000000014ac3                list_insert
                0x0000000000014af7                list_item_next
 .text          0x0000000000014b0e      0x155 obj_cooja/mtype507.a(ringbuf.o)
                0x0000000000014b0e                ringbuf_init
                0x0000000000014b3f                ringbuf_put
                0x0000000000014bbd                ringbuf_get
                0x0000000000014c2a                ringbuf_size
                0x0000000000014c3c                ringbuf_elements
 .text          0x0000000000014c63     0x258b obj_cooja/mtype507.a(sicslowpan.o)
                0x00000000000151ed                rime_sniffer_add
                0x00000000000151fa                rime_sniffer_remove
                0x000000000001718d                sicslowpan_init
                0x00000000000171e4                sicslowpan_get_last_rssi
 .text          0x00000000000171ee      0x2dc obj_cooja/mtype507.a(uip-ds6-nbr.o)
                0x000000000001720b                uip_ds6_neighbors_init
                0x0000000000017228                uip_ds6_nbr_add
                0x00000000000172d9                uip_ds6_nbr_rm
                0x0000000000017336                uip_ds6_nbr_get_ipaddr
                0x000000000001734b                uip_ds6_nbr_get_ll
                0x0000000000017367                uip_ds6_nbr_num
                0x00000000000173ac                uip_ds6_nbr_lookup
                0x0000000000017411                uip_ds6_nbr_ll_lookup
                0x000000000001742d                uip_ds6_nbr_ipaddr_from_lladdr
                0x0000000000017453                uip_ds6_nbr_lladdr_from_ipaddr
                0x0000000000017481                uip_ds6_link_neighbor_callback
 .text          0x00000000000174ca      0x916 obj_cooja/mtype507.a(uip-ds6-route.o)
                0x0000000000017541                uip_ds6_notification_add
                0x0000000000017572                uip_ds6_notification_rm
                0x000000000001758e                uip_ds6_route_init
                0x0000000000017616                uip_ds6_route_nexthop
                0x000000000001763e                uip_ds6_route_head
                0x0000000000017653                uip_ds6_route_next
                0x0000000000017679                uip_ds6_route_is_nexthop
                0x00000000000176b8                uip_ds6_route_num_routes
                0x00000000000176c2                uip_ds6_route_lookup
                0x0000000000017784                uip_ds6_route_add
                0x00000000000179b8                uip_ds6_route_rm
                0x0000000000017b4c                uip_ds6_route_rm_by_nexthop
                0x0000000000017b84                uip_ds6_defrt_add
                0x0000000000017c35                uip_ds6_defrt_rm
                0x0000000000017cb4                uip_ds6_defrt_lookup
                0x0000000000017d0d                uip_ds6_defrt_choose
                0x0000000000017d78                uip_ds6_defrt_periodic
 .text          0x0000000000017de0     0x12ad obj_cooja/mtype507.a(uip-ds6.o)
                0x0000000000017de0                uip_ds6_init
                0x0000000000018135                uip_ds6_periodic
                0x000000000001820d                uip_ds6_list_loop
                0x00000000000182b4                uip_ds6_prefix_add
                0x0000000000018372                uip_ds6_prefix_rm
                0x0000000000018384                uip_ds6_prefix_lookup
                0x00000000000183d5                uip_ds6_is_addr_onlink
                0x0000000000018449                uip_ds6_addr_add
                0x0000000000018577                uip_ds6_long_addr_add
                0x00000000000186a5                uip_ds6_addr_rm
                0x0000000000018745                uip_ds6_addr_lookup
                0x0000000000018790                uip_ds6_long_addr_lookup
                0x00000000000187db                uip_ds6_get_link_local
                0x000000000001885a                uip_ds6_long_get_link_local
                0x00000000000188d9                uip_ds6_get_global
                0x0000000000018958                uip_ds6_long_get_global
                0x00000000000189d7                uip_ds6_maddr_add
                0x0000000000018a49                uip_ds6_long_maddr_add
                0x0000000000018abb                uip_ds6_maddr_rm
                0x0000000000018acd                uip_ds6_maddr_lookup
                0x0000000000018b18                uip_ds6_long_maddr_lookup
                0x0000000000018b63                uip_ds6_aaddr_add
                0x0000000000018bd5                uip_ds6_long_aaddr_add
                0x0000000000018c47                uip_ds6_aaddr_rm
                0x0000000000018c59                uip_ds6_aaddr_lookup
                0x0000000000018ca4                uip_ds6_long_aaddr_lookup
                0x0000000000018cef                uip_ds6_select_src
                0x0000000000018f78                uip_ds6_set_addr_iid
                0x0000000000018faf                get_match_length
                0x0000000000019041                uip_ds6_compute_reachable_time
 .text          0x000000000001908d     0x29f3 obj_cooja/mtype507.a(uip6.o)
                0x000000000001908d                uip_add32
                0x0000000000019226                uip_chksum
                0x0000000000019314                uip_icmp6chksum
                0x0000000000019328                uip_tcpchksum
                0x000000000001933c                uip_udpchksum
                0x0000000000019350                uip_init
                0x0000000000019420                uip_connect
                0x00000000000195cf                remove_ext_hdr
                0x00000000000196a4                uip_udp_new
                0x0000000000019800                uip_unlisten
                0x0000000000019860                uip_listen
                0x0000000000019b22                uip_process
                0x000000000001b974                uip_htons
                0x000000000001b996                uip_htonl
                0x000000000001b9d6                uip_send
 .text          0x000000000001ba80      0xb43 obj_cooja/mtype507.a(tcpip.o)
                0x000000000001ba80                tcpip_output
                0x000000000001baae                tcpip_set_outputfunc
                0x000000000001bb42                tcp_connect
                0x000000000001bb97                tcp_unlisten
                0x000000000001bbf2                tcp_listen
                0x000000000001bc4b                tcp_attach
                0x000000000001bc70                udp_attach
                0x000000000001bc95                udp_new
                0x000000000001bce7                udp_broadcast_new
                0x000000000001bf5b                tcpip_input
                0x000000000001bf8f                tcpip_ipv6_output
                0x000000000001c409                tcpip_poll_udp
                0x000000000001c42c                tcpip_poll_tcp
                0x000000000001c44f                tcpip_uipcall
 .text          0x000000000001c5c3      0x1c1 obj_cooja/mtype507.a(uip-debug.o)
                0x000000000001c5c3                uip_debug_ipaddr_print
                0x000000000001c725                uip_debug_lladdr_print
 .text          0x000000000001c784      0x141 obj_cooja/mtype507.a(uip-packetqueue)
                0x000000000001c7b0                uip_packetqueue_new
                0x000000000001c7be                uip_packetqueue_alloc
                0x000000000001c81e                uip_packetqueue_free
                0x000000000001c85f                uip_packetqueue_buf
                0x000000000001c87c                uip_packetqueue_buflen
                0x000000000001c89d                uip_packetqueue_set_buflen
 .text          0x000000000001c8c5      0x131 obj_cooja/mtype507.a(uip-udp-packet.)
                0x000000000001c8c5                uip_udp_packet_send
                0x000000000001c925                uip_udp_packet_sendto
 .text          0x000000000001c9f6     0x3273 obj_cooja/mtype507.a(rpl-dag.o)
                0x000000000001c9f6                rpl_lr_in_neighbor_tree
                0x000000000001cb43                rpl_print_neighbor_list
                0x000000000001cd3a                rpl_print_child_neighbor_list
                0x000000000001cdf2                rpl_get_nbr
                0x000000000001ce4c                rpl_get_nbr_child
                0x000000000001cea6                rpl_dag_init
                0x000000000001ced8                rpl_get_parent
                0x000000000001cefa                rpl_get_parent_rank
                0x000000000001cf2d                rpl_get_parent_link_metric
                0x000000000001cf60                rpl_get_parent_ipaddr
                0x000000000001cf8a                rpl_get_child_ipaddr
                0x000000000001d34e                rpl_set_root
                0x000000000001d5c9                rpl_repair_root
                0x000000000001d878                rpl_set_prefix
                0x000000000001d99b                rpl_set_default_route
                0x000000000001da90                rpl_alloc_instance
                0x000000000001db23                rpl_alloc_dag
                0x000000000001dbd6                rpl_set_default_instance
                0x000000000001dbe3                rpl_get_default_instance
                0x000000000001dbed                rpl_free_instance
                0x000000000001dcbb                rpl_free_dag
                0x000000000001dd44                rpl_add_parent
                0x000000000001de72                rpl_find_parent
                0x000000000001dea2                rpl_add_child
                0x000000000001df8a                rpl_find_child
                0x000000000001dfd8                rpl_find_parent_any_dag
                0x000000000001e014                rpl_select_dag
                0x000000000001e4db                rpl_select_parent
                0x000000000001e53d                rpl_remove_parent
                0x000000000001e59e                rpl_remove_child
                0x000000000001e5e5                rpl_nullify_parent
                0x000000000001e6e1                rpl_move_parent
                0x000000000001e7ec                rpl_has_downward_route
                0x000000000001e83f                rpl_get_any_dag
                0x000000000001e8a1                rpl_get_instance
                0x000000000001e904                rpl_find_of
                0x000000000001e941                rpl_join_instance
                0x000000000001ec78                rpl_add_dag
                0x000000000001f149                rpl_local_repair
                0x000000000001f23a                rpl_recalculate_ranks
                0x000000000001f2e3                rpl_process_parent_event
                0x000000000001f4f9                rpl_process_dio
 .text          0x000000000001fc69      0xbf3 obj_cooja/mtype507.a(rpl-ext-header.)
                0x000000000001fc86                rpl_verify_header
                0x0000000000020100                rpl_update_header_empty
                0x0000000000020417                rpl_update_header_final
                0x00000000000205a6                rpl_remove_header
                0x00000000000206b0                rpl_invert_header
                0x000000000002083a                rpl_insert_header
 .text          0x000000000002085c     0x2c7c obj_cooja/mtype507.a(rpl-icmp6.o)
                0x0000000000020b6b                rpl_icmp6_update_nbr_table
                0x0000000000020d38                dis_output
                0x0000000000021a6b                dio_output
                0x0000000000022f9b                dao_output
                0x000000000002306f                dao_output_target
                0x000000000002348c                dao_ack_output
                0x00000000000234a0                rpl_icmp6_register_handlers
 .text          0x00000000000234d8      0x392 obj_cooja/mtype507.a(rpl-ltmax.o)
 .text          0x000000000002386a      0x7b3 obj_cooja/mtype507.a(rpl-timers.o)
                0x0000000000023ab0                rpl_reset_periodic_timer
                0x0000000000023b05                rpl_reset_dio_timer
                0x0000000000023d3f                rpl_schedule_dao
                0x0000000000023d5a                rpl_schedule_dao_immediately
                0x0000000000023d75                rpl_cancel_dao
                0x0000000000023dd7                rpl_schedule_unicast_dio_immediately
                0x0000000000023fc5                rpl_schedule_probing
 .text          0x000000000002401d      0x5c5 obj_cooja/mtype507.a(rpl.o)
                0x000000000002401d                rpl_get_mode
                0x0000000000024027                rpl_set_mode
                0x00000000000240b5                rpl_purge_routes
                0x00000000000241af                rpl_remove_routes
                0x00000000000241f5                rpl_remove_routes_by_nexthop
                0x0000000000024261                rpl_add_route
                0x00000000000242dc                rpl_link_neighbor_callback
                0x00000000000243e1                rpl_ipv6_neighbor_callback
                0x0000000000024450                rpl_purge_dags
                0x000000000002455c                rpl_init
 .text          0x00000000000245e2      0x3f5 obj_cooja/mtype507.a(framer-802154.o)
 .text          0x00000000000249d7       0x5e obj_cooja/mtype507.a(nullmac.o)
 .text          0x0000000000024a35      0xde7 obj_cooja/mtype507.a(cxmac.o)
                0x000000000002576c                cxmac_set_announcement_radio_txpower
                0x0000000000025771                cxmac_init
 .text          0x000000000002581c       0x82 obj_cooja/mtype507.a(linkaddr.o)
                0x000000000002581c                linkaddr_copy
                0x000000000002583e                linkaddr_cmp
                0x0000000000025868                linkaddr_set_node_addr
                0x0000000000025883                linkaddr_set_node_long_addr
 .text          0x000000000002589e      0x915 obj_cooja/mtype507.a(nbr-table.o)
                0x000000000002589e                long_ip_from_lladdr_map
                0x0000000000025927                lladdr_map_add_lr
                0x00000000000259e4                lladdr_map_rm_lr
                0x0000000000025ea9                nbr_table_register
                0x0000000000025ef1                nbr_table_head
                0x0000000000025f4d                nbr_table_next
                0x0000000000025fb4                nbr_table_add_lladdr
                0x0000000000026090                nbr_table_get_from_lladdr
                0x00000000000260dd                nbr_table_remove
                0x000000000002612f                nbr_table_lock
                0x0000000000026159                nbr_table_unlock
                0x0000000000026183                nbr_table_get_lladdr
 .text          0x00000000000261b3       0x2b obj_cooja/mtype507.a(netstack.o)
                0x00000000000261b3                netstack_init
 .text          0x00000000000261de      0x3cd obj_cooja/mtype507.a(packetbuf.o)
                0x00000000000261de                packetbuf_clear
                0x0000000000026208                packetbuf_copyfrom
                0x000000000002625a                packetbuf_compact
                0x00000000000262d7                packetbuf_copyto
                0x000000000002636e                packetbuf_hdralloc
                0x00000000000263eb                packetbuf_hdrreduce
                0x0000000000026433                packetbuf_set_datalen
                0x000000000002644c                packetbuf_dataptr
                0x0000000000026469                packetbuf_hdrptr
                0x0000000000026473                packetbuf_datalen
                0x000000000002647f                packetbuf_hdrlen
                0x0000000000026496                packetbuf_totlen
                0x00000000000264ac                packetbuf_attr_clear
                0x00000000000264fe                packetbuf_attr_copyto
                0x0000000000026547                packetbuf_attr_copyfrom
                0x000000000002658f                packetbuf_holds_broadcast
 .text          0x00000000000265ab      0x2b4 obj_cooja/mtype507.a(queuebuf.o)
                0x00000000000265b5                queuebuf_init
                0x00000000000265d5                queuebuf_numfree
                0x00000000000265e9                queuebuf_new_from_packetbuf
                0x0000000000026679                queuebuf_update_attr_from_packetbuf
                0x00000000000266ac                queuebuf_update_from_packetbuf
                0x00000000000266f6                queuebuf_free
                0x000000000002673d                queuebuf_to_packetbuf
                0x00000000000267a3                queuebuf_dataptr
                0x00000000000267da                queuebuf_datalen
                0x00000000000267fd                queuebuf_addr
                0x000000000002682f                queuebuf_attr
                0x000000000002685a                queuebuf_debug_print
 .text          0x000000000002685f       0x6e obj_cooja/mtype507.a(nullsec.o)
 .text          0x00000000000268cd       0x19 obj_cooja/mtype507.a(watchdog.o)
                0x00000000000268cd                watchdog_init
                0x00000000000268d2                watchdog_start
                0x00000000000268d7                watchdog_periodic
                0x00000000000268dc                watchdog_stop
                0x00000000000268e1                watchdog_reboot
 .text          0x00000000000268e6        0x0 obj_cooja/mtype507.a(rimestats.o)
 .text          0x00000000000268e6      0x1c1 obj_cooja/mtype507.a(memb.o)
                0x00000000000268e6                memb_init
                0x0000000000026944                memb_alloc
                0x00000000000269a9                memb_free
                0x0000000000026a24                memb_inmemb
                0x0000000000026a63                memb_numfree
 .text          0x0000000000026aa7      0xab2 obj_cooja/mtype507.a(uip-icmp6.o)
                0x0000000000026b15                uip_icmp6_input
                0x0000000000026b6b                uip_icmp6_register_input_handler
                0x0000000000026e33                uip_icmp6_error_output
                0x0000000000027178                uip_icmp6_send
                0x00000000000274ec                uip_icmp6_echo_reply_callback_add
                0x000000000002751d                uip_icmp6_echo_reply_callback_rm
                0x0000000000027539                uip_icmp6_init
 .text          0x0000000000027559      0x358 obj_cooja/mtype507.a(uip-nd6.o)
                0x00000000000275ad                uip_nd6_ns_output
                0x00000000000278ac                uip_nd6_init
 .text          0x00000000000278b1      0x331 obj_cooja/mtype507.a(rpl-nbr-policy.)
                0x0000000000027a89                find_removable_dis
                0x0000000000027aac                find_removable_dio
                0x0000000000027b3b                find_removable_dao
                0x0000000000027b8b                rpl_nbr_policy_find_removable
 .text          0x0000000000027be2      0x97c obj_cooja/mtype507.a(frame802154.o)
                0x0000000000027c13                frame802154_get_pan_id
                0x0000000000027c1f                frame802154_set_pan_id
                0x0000000000027c38                frame802154_has_panid
                0x0000000000027d24                frame802154_check_dest_panid
                0x0000000000027d8c                frame802154_is_broadcast_addr
                0x0000000000027dd9                frame802154_extract_linkaddr
                0x0000000000028019                frame802154_hdrlen
                0x000000000002806a                frame802154_create
                0x0000000000028255                frame802154_parse
 .text          0x000000000002855e       0x3c obj_cooja/mtype507.a(mac.o)
                0x000000000002855e                mac_call_sent_callback
 .text          0x000000000002859a        0x0 /usr/lib/gcc/i686-linux-gnu/4.8/crtendS.o
 .text          0x000000000002859a        0x0 /usr/lib/gcc/i686-linux-gnu/4.8/../../../i386-linux-gnu/crtn.o
 *(.gnu.warning)

.fini           0x000000000002859c       0x14
 *(SORT(.fini))
 .fini          0x000000000002859c        0xf /usr/lib/gcc/i686-linux-gnu/4.8/../../../i386-linux-gnu/crti.o
                0x000000000002859c                _fini
 .fini          0x00000000000285ab        0x5 /usr/lib/gcc/i686-linux-gnu/4.8/../../../i386-linux-gnu/crtn.o
                0x00000000000285b0                PROVIDE (__etext, .)
                0x00000000000285b0                PROVIDE (_etext, .)
                0x00000000000285b0                PROVIDE (etext, .)

.rodata         0x00000000000285c0     0x2340
 *(.rodata .rodata.* .gnu.linkonce.r.*)
 .rodata        0x00000000000285c0      0x2ae udp-client.co
                0x00000000000285d4                autostart_processes
 *fill*         0x000000000002886e        0x2 
 .rodata        0x0000000000028870      0x1e6 obj_cooja/mtype507.o
 *fill*         0x0000000000028a56        0x2 
 .rodata        0x0000000000028a58        0x8 obj_cooja/mtype507.a(beep.o)
                0x0000000000028a58                beep_interface
 .rodata        0x0000000000028a60       0x20 obj_cooja/mtype507.a(button-sensor.o)
                0x0000000000028a60                button_interface
                0x0000000000028a70                button_sensor
 .rodata        0x0000000000028a80        0x8 obj_cooja/mtype507.a(leds-arch.o)
                0x0000000000028a80                leds_interface
 .rodata        0x0000000000028a88        0x8 obj_cooja/mtype507.a(moteid.o)
                0x0000000000028a88                moteid_interface
 .rodata        0x0000000000028a90       0x1c obj_cooja/mtype507.a(pir-sensor.o)
                0x0000000000028a90                pir_interface
                0x0000000000028a9c                pir_sensor
 .rodata        0x0000000000028aac        0xe obj_cooja/mtype507.a(rs232.o)
                0x0000000000028aac                rs232_interface
 *fill*         0x0000000000028aba        0x2 
 .rodata        0x0000000000028abc       0x24 obj_cooja/mtype507.a(vib-sensor.o)
                0x0000000000028abc                vib_interface
                0x0000000000028ad0                vib_sensor
 .rodata        0x0000000000028ae0        0x8 obj_cooja/mtype507.a(clock.o)
                0x0000000000028ae0                clock_interface
 .rodata        0x0000000000028ae8        0x8 obj_cooja/mtype507.a(log.o)
                0x0000000000028ae8                simlog_interface
 .rodata        0x0000000000028af0       0x2f obj_cooja/mtype507.a(cfs-cooja.o)
                0x0000000000028af0                cfs_interface
 *fill*         0x0000000000028b1f        0x1 
 .rodata        0x0000000000028b20       0xc0 obj_cooja/mtype507.a(cooja-radio.o)
                0x0000000000028ba0                cooja_radio_driver
                0x0000000000028bd8                radio_interface
 .rodata        0x0000000000028be0        0x8 obj_cooja/mtype507.a(eeprom.o)
                0x0000000000028be0                eeprom_interface
 .rodata        0x0000000000028be8        0x8 obj_cooja/mtype507.a(sensors.o)
 .rodata        0x0000000000028bf0      0x169 obj_cooja/mtype507.a(dual_conf.o)
 .rodata        0x0000000000028d59        0xf obj_cooja/mtype507.a(ctimer.o)
 .rodata        0x0000000000028d68        0xc obj_cooja/mtype507.a(etimer.o)
 .rodata        0x0000000000028d74       0x73 obj_cooja/mtype507.a(log_message.o)
 *fill*         0x0000000000028de7        0x1 
 .rodata        0x0000000000028de8       0x20 obj_cooja/mtype507.a(residual.o)
 .rodata        0x0000000000028e08        0xe obj_cooja/mtype507.a(serial-line.o)
 *fill*         0x0000000000028e16        0x2 
 .rodata        0x0000000000028e18       0x2c obj_cooja/mtype507.a(sicslowpan.o)
                0x0000000000028e18                unc_llconf
                0x0000000000028e1c                unc_ctxconf
                0x0000000000028e20                unc_mxconf
                0x0000000000028e24                llprefix
                0x0000000000028e38                sicslowpan_driver
 .rodata        0x0000000000028e44      0x13c obj_cooja/mtype507.a(uip6.o)
 .rodata        0x0000000000028f80       0x49 obj_cooja/mtype507.a(tcpip.o)
 .rodata        0x0000000000028fc9       0x3e obj_cooja/mtype507.a(uip-debug.o)
 *fill*         0x0000000000029007        0x1 
 .rodata        0x0000000000029008      0xcd7 obj_cooja/mtype507.a(rpl-dag.o)
 *fill*         0x0000000000029cdf        0x1 
 .rodata        0x0000000000029ce0      0xb70 obj_cooja/mtype507.a(rpl-icmp6.o)
 .rodata        0x000000000002a850        0xc obj_cooja/mtype507.a(framer-802154.o)
                0x000000000002a850                framer_802154
 .rodata        0x000000000002a85c       0x24 obj_cooja/mtype507.a(nullmac.o)
                0x000000000002a864                nullmac_driver
 .rodata        0x000000000002a880       0x60 obj_cooja/mtype507.a(cxmac.o)
                0x000000000002a8c0                cxmac_driver
 .rodata        0x000000000002a8e0        0x8 obj_cooja/mtype507.a(linkaddr.o)
                0x000000000002a8e0                linkaddr_null
 .rodata        0x000000000002a8e8       0x18 obj_cooja/mtype507.a(nullsec.o)
                0x000000000002a8f0                nullsec_driver

.rodata1
 *(.rodata1)

.eh_frame_hdr   0x000000000002a900     0x137c
 *(.eh_frame_hdr)
 .eh_frame_hdr  0x000000000002a900     0x137c udp-client.co

.eh_frame       0x000000000002bc7c     0x4f74
 *(.eh_frame)
 .eh_frame      0x000000000002bc7c       0x3c /usr/lib/gcc/i686-linux-gnu/4.8/../../../i386-linux-gnu/crti.o
                                         0x40 (size before relaxing)
 .eh_frame      0x000000000002bcb8       0xb4 udp-client.co
                                         0xcc (size before relaxing)
 .eh_frame      0x000000000002bd6c      0x148 obj_cooja/mtype507.o
                                        0x160 (size before relaxing)
 .eh_frame      0x000000000002beb4       0x40 obj_cooja/mtype507.a(simEnvChange.o)
                                         0x58 (size before relaxing)
 .eh_frame      0x000000000002bef4       0xc0 obj_cooja/mtype507.a(cooja_mt.o)
                                         0xd8 (size before relaxing)
 .eh_frame      0x000000000002bfb4      0x120 obj_cooja/mtype507.a(cooja_mtarch.o)
                                        0x138 (size before relaxing)
 .eh_frame      0x000000000002c0d4       0xc0 obj_cooja/mtype507.a(rtimer-arch.o)
                                         0xd8 (size before relaxing)
 .eh_frame      0x000000000002c194      0x160 obj_cooja/mtype507.a(beep.o)
                                        0x178 (size before relaxing)
 .eh_frame      0x000000000002c2f4       0xa0 obj_cooja/mtype507.a(button-sensor.o)
                                         0xb8 (size before relaxing)
 .eh_frame      0x000000000002c394       0xa0 obj_cooja/mtype507.a(leds-arch.o)
                                         0xb8 (size before relaxing)
 .eh_frame      0x000000000002c434       0x40 obj_cooja/mtype507.a(moteid.o)
                                         0x58 (size before relaxing)
 .eh_frame      0x000000000002c474       0xa0 obj_cooja/mtype507.a(pir-sensor.o)
                                         0xb8 (size before relaxing)
 .eh_frame      0x000000000002c514      0x100 obj_cooja/mtype507.a(rs232.o)
                                        0x118 (size before relaxing)
 .eh_frame      0x000000000002c614       0xa0 obj_cooja/mtype507.a(vib-sensor.o)
                                         0xb8 (size before relaxing)
 .eh_frame      0x000000000002c6b4       0xc0 obj_cooja/mtype507.a(clock.o)
                                         0xd8 (size before relaxing)
 .eh_frame      0x000000000002c774      0x120 obj_cooja/mtype507.a(log.o)
                                        0x138 (size before relaxing)
 .eh_frame      0x000000000002c894      0x160 obj_cooja/mtype507.a(cfs-cooja.o)
                                        0x178 (size before relaxing)
 .eh_frame      0x000000000002c9f4      0x2e0 obj_cooja/mtype507.a(cooja-radio.o)
                                        0x2f8 (size before relaxing)
 .eh_frame      0x000000000002ccd4       0xa0 obj_cooja/mtype507.a(eeprom.o)
                                         0xb8 (size before relaxing)
 .eh_frame      0x000000000002cd74       0x40 obj_cooja/mtype507.a(random.o)
                                         0x58 (size before relaxing)
 .eh_frame      0x000000000002cdb4       0xc0 obj_cooja/mtype507.a(sensors.o)
                                         0xd8 (size before relaxing)
 .eh_frame      0x000000000002ce74      0x160 obj_cooja/mtype507.a(dual_conf.o)
                                        0x178 (size before relaxing)
 .eh_frame      0x000000000002cfd4       0x40 obj_cooja/mtype507.a(autostart.o)
                                         0x58 (size before relaxing)
 .eh_frame      0x000000000002d014      0x100 obj_cooja/mtype507.a(ctimer.o)
                                        0x118 (size before relaxing)
 .eh_frame      0x000000000002d114      0x1e0 obj_cooja/mtype507.a(etimer.o)
                                        0x1f8 (size before relaxing)
 .eh_frame      0x000000000002d2f4       0x40 obj_cooja/mtype507.a(log_message.o)
                                         0x58 (size before relaxing)
 .eh_frame      0x000000000002d334      0x1c8 obj_cooja/mtype507.a(process.o)
                                        0x1e0 (size before relaxing)
 .eh_frame      0x000000000002d4fc       0x2c obj_cooja/mtype507.a(residual.o)
                                         0x44 (size before relaxing)
 .eh_frame      0x000000000002d528       0x60 obj_cooja/mtype507.a(rtimer.o)
                                         0x78 (size before relaxing)
 .eh_frame      0x000000000002d588       0xc4 obj_cooja/mtype507.a(stimer.o)
                                         0xdc (size before relaxing)
 .eh_frame      0x000000000002d64c       0xa4 obj_cooja/mtype507.a(timer.o)
                                         0xbc (size before relaxing)
 .eh_frame      0x000000000002d6f0       0x60 obj_cooja/mtype507.a(serial-line.o)
                                         0x78 (size before relaxing)
 .eh_frame      0x000000000002d750      0x180 obj_cooja/mtype507.a(list.o)
                                        0x198 (size before relaxing)
 .eh_frame      0x000000000002d8d0       0xa0 obj_cooja/mtype507.a(ringbuf.o)
                                         0xb8 (size before relaxing)
 .eh_frame      0x000000000002d970      0x350 obj_cooja/mtype507.a(sicslowpan.o)
                                        0x368 (size before relaxing)
 .eh_frame      0x000000000002dcc0      0x180 obj_cooja/mtype507.a(uip-ds6-nbr.o)
                                        0x198 (size before relaxing)
 .eh_frame      0x000000000002de40      0x2a0 obj_cooja/mtype507.a(uip-ds6-route.o)
                                        0x2b8 (size before relaxing)
 .eh_frame      0x000000000002e0e0      0x3c8 obj_cooja/mtype507.a(uip-ds6.o)
                                        0x3e0 (size before relaxing)
 .eh_frame      0x000000000002e4a8      0x27c obj_cooja/mtype507.a(uip6.o)
                                        0x294 (size before relaxing)
 .eh_frame      0x000000000002e724      0x270 obj_cooja/mtype507.a(tcpip.o)
                                        0x288 (size before relaxing)
 .eh_frame      0x000000000002e994       0x48 obj_cooja/mtype507.a(uip-debug.o)
                                         0x60 (size before relaxing)
 .eh_frame      0x000000000002e9dc       0xe0 obj_cooja/mtype507.a(uip-packetqueue)
                                         0xf8 (size before relaxing)
 .eh_frame      0x000000000002eabc       0x40 obj_cooja/mtype507.a(uip-udp-packet.)
                                         0x58 (size before relaxing)
 .eh_frame      0x000000000002eafc      0x794 obj_cooja/mtype507.a(rpl-dag.o)
                                        0x7ac (size before relaxing)
 .eh_frame      0x000000000002f290      0x10c obj_cooja/mtype507.a(rpl-ext-header.)
                                        0x124 (size before relaxing)
 .eh_frame      0x000000000002f39c      0x2c8 obj_cooja/mtype507.a(rpl-icmp6.o)
                                        0x2e0 (size before relaxing)
 .eh_frame      0x000000000002f664       0xe0 obj_cooja/mtype507.a(rpl-ltmax.o)
                                         0xf8 (size before relaxing)
 .eh_frame      0x000000000002f744      0x20c obj_cooja/mtype507.a(rpl-timers.o)
                                        0x224 (size before relaxing)
 .eh_frame      0x000000000002f950      0x148 obj_cooja/mtype507.a(rpl.o)
                                        0x160 (size before relaxing)
 .eh_frame      0x000000000002fa98      0x108 obj_cooja/mtype507.a(framer-802154.o)
                                        0x120 (size before relaxing)
 .eh_frame      0x000000000002fba0       0xc0 obj_cooja/mtype507.a(nullmac.o)
                                         0xd8 (size before relaxing)
 .eh_frame      0x000000000002fc60      0x29c obj_cooja/mtype507.a(cxmac.o)
                                        0x2b4 (size before relaxing)
 .eh_frame      0x000000000002fefc       0x80 obj_cooja/mtype507.a(linkaddr.o)
                                         0x98 (size before relaxing)
 .eh_frame      0x000000000002ff7c      0x2cc obj_cooja/mtype507.a(nbr-table.o)
                                        0x2e4 (size before relaxing)
 .eh_frame      0x0000000000030248       0x20 obj_cooja/mtype507.a(netstack.o)
                                         0x38 (size before relaxing)
 .eh_frame      0x0000000000030268      0x214 obj_cooja/mtype507.a(packetbuf.o)
                                        0x22c (size before relaxing)
 .eh_frame      0x000000000003047c      0x1a0 obj_cooja/mtype507.a(queuebuf.o)
                                        0x1b8 (size before relaxing)
 .eh_frame      0x000000000003061c       0x80 obj_cooja/mtype507.a(nullsec.o)
                                         0x98 (size before relaxing)
 .eh_frame      0x000000000003069c       0xa0 obj_cooja/mtype507.a(watchdog.o)
                                         0xb8 (size before relaxing)
 .eh_frame      0x000000000003073c       0xa0 obj_cooja/mtype507.a(memb.o)
                                         0xb8 (size before relaxing)
 .eh_frame      0x00000000000307dc      0x164 obj_cooja/mtype507.a(uip-icmp6.o)
                                        0x17c (size before relaxing)
 .eh_frame      0x0000000000030940       0x68 obj_cooja/mtype507.a(uip-nd6.o)
                                         0x80 (size before relaxing)
 .eh_frame      0x00000000000309a8       0xc0 obj_cooja/mtype507.a(rpl-nbr-policy.)
                                         0xd8 (size before relaxing)
 .eh_frame      0x0000000000030a68      0x164 obj_cooja/mtype507.a(frame802154.o)
                                        0x17c (size before relaxing)
 .eh_frame      0x0000000000030bcc       0x20 obj_cooja/mtype507.a(mac.o)
                                         0x38 (size before relaxing)
 .eh_frame      0x0000000000030bec        0x4 /usr/lib/gcc/i686-linux-gnu/4.8/crtendS.o

.gcc_except_table
 *(.gcc_except_table .gcc_except_table.*)

.exception_ranges
 *(.exception_ranges .exception_ranges*)
                0x0000000000030bf0                . = (ALIGN (0x1000) - ((0x1000 - .) & 0xfff))
                0x0000000000031ef8                . = DATA_SEGMENT_ALIGN (0x1000, 0x1000)

.eh_frame
 *(.eh_frame)

.gcc_except_table
 *(.gcc_except_table .gcc_except_table.*)

.exception_ranges
 *(.exception_ranges .exception_ranges*)

.tdata
 *(.tdata .tdata.* .gnu.linkonce.td.*)

.tbss
 *(.tbss .tbss.* .gnu.linkonce.tb.*)
 *(.tcommon)

.preinit_array
 *(.preinit_array)

.init_array     0x0000000000031ef8        0x4
 *(SORT(.init_array.*) SORT(.ctors.*))
 *(.init_array EXCLUDE_FILE(*crtend?.o *crtend.o *crtbegin?.o *crtbegin.o) .ctors)
 .init_array    0x0000000000031ef8        0x4 /usr/lib/gcc/i686-linux-gnu/4.8/crtbeginS.o

.fini_array     0x0000000000031efc        0x4
 *(SORT(.fini_array.*) SORT(.dtors.*))
 *(.fini_array EXCLUDE_FILE(*crtend?.o *crtend.o *crtbegin?.o *crtbegin.o) .dtors)
 .fini_array    0x0000000000031efc        0x4 /usr/lib/gcc/i686-linux-gnu/4.8/crtbeginS.o

.ctors
 *crtbegin.o(.ctors)
 *crtbegin?.o(.ctors)
 *(EXCLUDE_FILE(*crtend?.o *crtend.o) .ctors)
 *(SORT(.ctors.*))
 *(.ctors)

.dtors
 *crtbegin.o(.dtors)
 *crtbegin?.o(.dtors)
 *(EXCLUDE_FILE(*crtend?.o *crtend.o) .dtors)
 *(SORT(.dtors.*))
 *(.dtors)

.jcr            0x0000000000031f00        0x4
 *(.jcr)
 .jcr           0x0000000000031f00        0x0 /usr/lib/gcc/i686-linux-gnu/4.8/crtbeginS.o
 .jcr           0x0000000000031f00        0x4 /usr/lib/gcc/i686-linux-gnu/4.8/crtendS.o

.data.rel.ro
 *(.data.rel.ro.local* .gnu.linkonce.d.rel.ro.local.*)
 *(.data.rel.ro .data.rel.ro.* .gnu.linkonce.d.rel.ro.*)

.dynamic        0x0000000000031f04       0xe8
 *(.dynamic)
 .dynamic       0x0000000000031f04       0xe8 /usr/lib/gcc/i686-linux-gnu/4.8/../../../i386-linux-gnu/crti.o
                0x0000000000031f04                _DYNAMIC

.got            0x0000000000031fec       0x14
 *(.got)
 .got           0x0000000000031fec       0x14 /usr/lib/gcc/i686-linux-gnu/4.8/../../../i386-linux-gnu/crti.o
 *(.igot)
                0x0000000000032ff4                . = DATA_SEGMENT_RELRO_END (., (SIZEOF (.got.plt) >= 0xc)?0xc:0x0)

.got.plt        0x0000000000032000       0x14
 *(.got.plt)
 .got.plt       0x0000000000032000       0x14 /usr/lib/gcc/i686-linux-gnu/4.8/../../../i386-linux-gnu/crti.o
                0x0000000000032000                _GLOBAL_OFFSET_TABLE_
 *(.igot.plt)

.data           0x0000000000032020      0x266
 *(.data .data.* .gnu.linkonce.d.*)
 .data          0x0000000000032020        0x0 /usr/lib/gcc/i686-linux-gnu/4.8/../../../i386-linux-gnu/crti.o
 .data          0x0000000000032020        0x0 /usr/lib/gcc/i686-linux-gnu/4.8/crtbeginS.o
 .data.rel      0x0000000000032020        0x4 /usr/lib/gcc/i686-linux-gnu/4.8/crtbeginS.o
                0x0000000000032020                __dso_handle
 .data          0x0000000000032024       0x10 udp-client.co
                0x0000000000032024                udp_client_process
 *fill*         0x0000000000032034        0xc 
 .data          0x0000000000032040       0x44 obj_cooja/mtype507.o
                0x0000000000032040                simInterfaces
                0x0000000000032074                sensors
 .data          0x0000000000032084        0x0 obj_cooja/mtype507.a(simEnvChange.o)
 .data          0x0000000000032084        0x0 obj_cooja/mtype507.a(cooja_mt.o)
 .data          0x0000000000032084        0x0 obj_cooja/mtype507.a(cooja_mtarch.o)
 .data          0x0000000000032084        0x0 obj_cooja/mtype507.a(rtimer-arch.o)
 .data          0x0000000000032084        0x0 obj_cooja/mtype507.a(beep.o)
 .data          0x0000000000032084        0x0 obj_cooja/mtype507.a(button-sensor.o)
 .data          0x0000000000032084        0x0 obj_cooja/mtype507.a(leds-arch.o)
 .data          0x0000000000032084        0x0 obj_cooja/mtype507.a(moteid.o)
 .data          0x0000000000032084        0x0 obj_cooja/mtype507.a(pir-sensor.o)
 .data          0x0000000000032084        0x0 obj_cooja/mtype507.a(rs232.o)
 .data          0x0000000000032084        0x0 obj_cooja/mtype507.a(vib-sensor.o)
 .data          0x0000000000032084        0x0 obj_cooja/mtype507.a(clock.o)
 .data          0x0000000000032084        0x0 obj_cooja/mtype507.a(log.o)
 .data          0x0000000000032084        0x0 obj_cooja/mtype507.a(cfs-cooja.o)
 .data          0x0000000000032084       0x40 obj_cooja/mtype507.a(cooja-radio.o)
                0x0000000000032084                simRadioChannelLR
                0x0000000000032088                simRadioHWOnLR
                0x000000000003208c                simSignalStrengthLR
                0x0000000000032090                simLastSignalStrengthLR
                0x0000000000032094                simPowerLR
                0x0000000000032098                simLQILR
                0x000000000003209c                simRadioChannel
                0x00000000000320a0                simRadioHWOn
                0x00000000000320a4                simSignalStrength
                0x00000000000320a8                simLastSignalStrength
                0x00000000000320ac                simPower
                0x00000000000320b0                simLQI
                0x00000000000320b4                cooja_radio_process
 .data          0x00000000000320c4        0x0 obj_cooja/mtype507.a(eeprom.o)
 .data          0x00000000000320c4        0x0 obj_cooja/mtype507.a(random.o)
 .data          0x00000000000320c4       0x10 obj_cooja/mtype507.a(sensors.o)
                0x00000000000320c4                sensors_process
 .data          0x00000000000320d4       0x24 obj_cooja/mtype507.a(dual_conf.o)
                0x00000000000320d4                radio_received
                0x00000000000320d8                dual_dio_broadcast
                0x00000000000320e8                dual_dis_broadcast
 .data          0x00000000000320f8        0x0 obj_cooja/mtype507.a(autostart.o)
 .data          0x00000000000320f8       0x14 obj_cooja/mtype507.a(ctimer.o)
                0x00000000000320fc                ctimer_process
 .data          0x000000000003210c       0x10 obj_cooja/mtype507.a(etimer.o)
                0x000000000003210c                etimer_process
 .data          0x000000000003211c        0x0 obj_cooja/mtype507.a(log_message.o)
 .data          0x000000000003211c        0x0 obj_cooja/mtype507.a(process.o)
 .data          0x000000000003211c        0x0 obj_cooja/mtype507.a(residual.o)
 .data          0x000000000003211c        0x0 obj_cooja/mtype507.a(rtimer.o)
 .data          0x000000000003211c        0x0 obj_cooja/mtype507.a(stimer.o)
 .data          0x000000000003211c        0x0 obj_cooja/mtype507.a(timer.o)
 .data          0x000000000003211c       0x10 obj_cooja/mtype507.a(serial-line.o)
                0x000000000003211c                serial_line_process
 .data          0x000000000003212c        0x0 obj_cooja/mtype507.a(list.o)
 .data          0x000000000003212c        0x0 obj_cooja/mtype507.a(ringbuf.o)
 .data          0x000000000003212c        0x0 obj_cooja/mtype507.a(sicslowpan.o)
 .data          0x000000000003212c       0x14 obj_cooja/mtype507.a(uip-ds6-nbr.o)
                0x000000000003213c                ds6_neighbors
 .data          0x0000000000032140       0x44 obj_cooja/mtype507.a(uip-ds6-route.o)
                0x0000000000032150                nbr_routes
 .data          0x0000000000032184        0x0 obj_cooja/mtype507.a(uip-ds6.o)
 .data          0x0000000000032184        0x0 obj_cooja/mtype507.a(uip6.o)
 .data          0x0000000000032184       0x10 obj_cooja/mtype507.a(tcpip.o)
                0x0000000000032184                tcpip_process
 .data          0x0000000000032194        0x0 obj_cooja/mtype507.a(uip-debug.o)
 .data          0x0000000000032194        0xc obj_cooja/mtype507.a(uip-packetqueue)
 .data          0x00000000000321a0        0x0 obj_cooja/mtype507.a(uip-udp-packet.)
 .data          0x00000000000321a0       0x28 obj_cooja/mtype507.a(rpl-dag.o)
                0x00000000000321b0                rpl_parents
                0x00000000000321c4                rpl_children
 .data          0x00000000000321c8        0x0 obj_cooja/mtype507.a(rpl-ext-header.)
 .data          0x00000000000321c8       0x34 obj_cooja/mtype507.a(rpl-icmp6.o)
 .data          0x00000000000321fc       0x1c obj_cooja/mtype507.a(rpl-ltmax.o)
                0x00000000000321fc                rpl_ltmax_of
 .data          0x0000000000032218        0x0 obj_cooja/mtype507.a(rpl-timers.o)
 .data          0x0000000000032218        0x0 obj_cooja/mtype507.a(rpl.o)
 .data          0x0000000000032218        0x0 obj_cooja/mtype507.a(framer-802154.o)
 .data          0x0000000000032218        0x0 obj_cooja/mtype507.a(nullmac.o)
 .data          0x0000000000032218       0x20 obj_cooja/mtype507.a(cxmac.o)
                0x0000000000032218                cxmac_config
 .data          0x0000000000032238        0x0 obj_cooja/mtype507.a(linkaddr.o)
 .data          0x0000000000032238       0x10 obj_cooja/mtype507.a(nbr-table.o)
 .data          0x0000000000032248        0x0 obj_cooja/mtype507.a(netstack.o)
 .data          0x0000000000032248        0x4 obj_cooja/mtype507.a(packetbuf.o)
 .data          0x000000000003224c       0x18 obj_cooja/mtype507.a(queuebuf.o)
 .data          0x0000000000032264        0x0 obj_cooja/mtype507.a(nullsec.o)
 .data          0x0000000000032264        0x0 obj_cooja/mtype507.a(watchdog.o)
 .data          0x0000000000032264        0x0 obj_cooja/mtype507.a(rimestats.o)
 .data          0x0000000000032264        0x0 obj_cooja/mtype507.a(memb.o)
 .data          0x0000000000032264       0x20 obj_cooja/mtype507.a(uip-icmp6.o)
 .data          0x0000000000032284        0x0 obj_cooja/mtype507.a(uip-nd6.o)
 .data          0x0000000000032284        0x0 obj_cooja/mtype507.a(rpl-nbr-policy.)
 .data          0x0000000000032284        0x2 obj_cooja/mtype507.a(frame802154.o)
 .data          0x0000000000032286        0x0 obj_cooja/mtype507.a(mac.o)
 .data          0x0000000000032286        0x0 /usr/lib/gcc/i686-linux-gnu/4.8/crtendS.o
 .data          0x0000000000032286        0x0 /usr/lib/gcc/i686-linux-gnu/4.8/../../../i386-linux-gnu/crtn.o

.tm_clone_table
                0x0000000000032288        0x0
 .tm_clone_table
                0x0000000000032288        0x0 /usr/lib/gcc/i686-linux-gnu/4.8/crtbeginS.o
 .tm_clone_table
                0x0000000000032288        0x0 /usr/lib/gcc/i686-linux-gnu/4.8/crtendS.o

.data1
 *(.data1)
                0x0000000000032288                _edata = .
                0x0000000000032288                PROVIDE (edata, .)
                0x0000000000032288                . = .
                0x0000000000032288                __bss_start = .

.bss            0x00000000000322a0     0x8948
 *(.dynbss)
 .dynbss        0x0000000000000000        0x0 /usr/lib/gcc/i686-linux-gnu/4.8/../../../i386-linux-gnu/crti.o
 *(.bss .bss.* .gnu.linkonce.b.*)
 .bss           0x00000000000322a0        0x0 /usr/lib/gcc/i686-linux-gnu/4.8/../../../i386-linux-gnu/crti.o
 .bss           0x00000000000322a0        0x1 /usr/lib/gcc/i686-linux-gnu/4.8/crtbeginS.o
 *fill*         0x00000000000322a1       0x1f 
 .bss           0x00000000000322c0       0x60 udp-client.co
                0x00000000000322c0                my_weight
 .bss           0x0000000000032320     0x2030 obj_cooja/mtype507.o
 .bss           0x0000000000034350        0x1 obj_cooja/mtype507.a(simEnvChange.o)
                0x0000000000034350                simDontFallAsleep
 *fill*         0x0000000000034351        0x3 
 .bss           0x0000000000034354        0x4 obj_cooja/mtype507.a(cooja_mt.o)
 .bss           0x0000000000034358        0x4 obj_cooja/mtype507.a(cooja_mtarch.o)
 .bss           0x000000000003435c        0xc obj_cooja/mtype507.a(rtimer-arch.o)
 .bss           0x0000000000034368        0x0 obj_cooja/mtype507.a(beep.o)
 .bss           0x0000000000034368        0x8 obj_cooja/mtype507.a(button-sensor.o)
 .bss           0x0000000000034370        0x0 obj_cooja/mtype507.a(leds-arch.o)
 .bss           0x0000000000034370        0x0 obj_cooja/mtype507.a(moteid.o)
 .bss           0x0000000000034370        0x1 obj_cooja/mtype507.a(pir-sensor.o)
                0x0000000000034370                simPirValue
 *fill*         0x0000000000034371        0x3 
 .bss           0x0000000000034374        0x4 obj_cooja/mtype507.a(rs232.o)
 .bss           0x0000000000034378        0x1 obj_cooja/mtype507.a(vib-sensor.o)
                0x0000000000034378                simVibValue
 .bss           0x0000000000034379        0x0 obj_cooja/mtype507.a(clock.o)
 *fill*         0x0000000000034379        0x7 
 .bss           0x0000000000034380      0x420 obj_cooja/mtype507.a(log.o)
 .bss           0x00000000000347a0      0xfc0 obj_cooja/mtype507.a(cfs-cooja.o)
                0x00000000000347a0                simCFSData
                0x0000000000035740                simCFSSize
                0x0000000000035744                simCFSChanged
                0x0000000000035748                simCFSRead
                0x000000000003574c                simCFSWritten
 .bss           0x0000000000035760       0x24 obj_cooja/mtype507.a(cooja-radio.o)
                0x0000000000035760                simReceivingLR
                0x0000000000035764                simInSizeLR
                0x0000000000035768                simOutSizeLR
                0x000000000003576c                simReceiving
                0x0000000000035770                simInSize
                0x0000000000035774                simOutSize
                0x0000000000035778                LongRangeTransmit
                0x000000000003577c                LongRangeReceiving
 .bss           0x0000000000035784        0xc obj_cooja/mtype507.a(eeprom.o)
                0x0000000000035784                simEEPROMChanged
                0x0000000000035788                simEEPROMRead
                0x000000000003578c                simEEPROMWritten
 .bss           0x0000000000035790        0x0 obj_cooja/mtype507.a(random.o)
 .bss           0x0000000000035790        0xc obj_cooja/mtype507.a(sensors.o)
 .bss           0x000000000003579c       0x28 obj_cooja/mtype507.a(dual_conf.o)
                0x000000000003579c                long_range_radio
 .bss           0x00000000000357c4        0x0 obj_cooja/mtype507.a(autostart.o)
 .bss           0x00000000000357c4        0x5 obj_cooja/mtype507.a(ctimer.o)
 *fill*         0x00000000000357c9        0x3 
 .bss           0x00000000000357cc        0x8 obj_cooja/mtype507.a(etimer.o)
 .bss           0x00000000000357d4        0x0 obj_cooja/mtype507.a(log_message.o)
 *fill*         0x00000000000357d4        0xc 
 .bss           0x00000000000357e0      0x1b1 obj_cooja/mtype507.a(process.o)
                0x00000000000357e0                process_list
                0x00000000000357e4                process_current
 .bss           0x0000000000035991        0x0 obj_cooja/mtype507.a(residual.o)
 *fill*         0x0000000000035991        0x3 
 .bss           0x0000000000035994        0x4 obj_cooja/mtype507.a(rtimer.o)
 .bss           0x0000000000035998        0x0 obj_cooja/mtype507.a(stimer.o)
 .bss           0x0000000000035998        0x0 obj_cooja/mtype507.a(timer.o)
 *fill*         0x0000000000035998        0x8 
 .bss           0x00000000000359a0      0x140 obj_cooja/mtype507.a(serial-line.o)
 .bss           0x0000000000035ae0        0x0 obj_cooja/mtype507.a(list.o)
 .bss           0x0000000000035ae0        0x0 obj_cooja/mtype507.a(ringbuf.o)
 .bss           0x0000000000035ae0      0x70c obj_cooja/mtype507.a(sicslowpan.o)
 *fill*         0x00000000000361ec       0x14 
 .bss           0x0000000000036200      0x2d0 obj_cooja/mtype507.a(uip-ds6-nbr.o)
 *fill*         0x00000000000364d0       0x10 
 .bss           0x00000000000364e0      0x568 obj_cooja/mtype507.a(uip-ds6-route.o)
 .bss           0x0000000000036a48       0x30 obj_cooja/mtype507.a(uip-ds6.o)
 .bss           0x0000000000036a78        0xe obj_cooja/mtype507.a(uip6.o)
                0x0000000000036a78                uip_ext_bitmap
                0x0000000000036a79                uip_ext_len
                0x0000000000036a7a                uip_ext_opt_offset
 *fill*         0x0000000000036a86       0x1a 
 .bss           0x0000000000036aa0       0x6b obj_cooja/mtype507.a(tcpip.o)
 .bss           0x0000000000036b0b        0x0 obj_cooja/mtype507.a(uip-debug.o)
 *fill*         0x0000000000036b0b       0x15 
 .bss           0x0000000000036b20      0xcf8 obj_cooja/mtype507.a(uip-packetqueue)
 .bss           0x0000000000037818        0x0 obj_cooja/mtype507.a(uip-udp-packet.)
 *fill*         0x0000000000037818        0x8 
 .bss           0x0000000000037820      0x1fe obj_cooja/mtype507.a(rpl-dag.o)
 .bss           0x0000000000037a1e        0x0 obj_cooja/mtype507.a(rpl-ext-header.)
 .bss           0x0000000000037a1e        0x0 obj_cooja/mtype507.a(rpl-icmp6.o)
 .bss           0x0000000000037a1e        0x0 obj_cooja/mtype507.a(rpl-ltmax.o)
 *fill*         0x0000000000037a1e        0x2 
 .bss           0x0000000000037a20       0x23 obj_cooja/mtype507.a(rpl-timers.o)
 *fill*         0x0000000000037a43        0x1 
 .bss           0x0000000000037a44        0x4 obj_cooja/mtype507.a(rpl.o)
 .bss           0x0000000000037a48        0x2 obj_cooja/mtype507.a(framer-802154.o)
 .bss           0x0000000000037a4a        0x0 obj_cooja/mtype507.a(nullmac.o)
 *fill*         0x0000000000037a4a       0x16 
 .bss           0x0000000000037a60       0xa0 obj_cooja/mtype507.a(cxmac.o)
 .bss           0x0000000000037b00        0x0 obj_cooja/mtype507.a(linkaddr.o)
 .bss           0x0000000000037b00      0x20c obj_cooja/mtype507.a(nbr-table.o)
 .bss           0x0000000000037d0c        0x0 obj_cooja/mtype507.a(netstack.o)
 *fill*         0x0000000000037d0c       0x14 
 .bss           0x0000000000037d20       0xa0 obj_cooja/mtype507.a(packetbuf.o)
 .bss           0x0000000000037dc0      0xb80 obj_cooja/mtype507.a(queuebuf.o)
 .bss           0x0000000000038940        0x0 obj_cooja/mtype507.a(nullsec.o)
 .bss           0x0000000000038940        0x0 obj_cooja/mtype507.a(watchdog.o)
 .bss           0x0000000000038940        0x0 obj_cooja/mtype507.a(rimestats.o)
 .bss           0x0000000000038940        0x0 obj_cooja/mtype507.a(memb.o)
 .bss           0x0000000000038940       0x18 obj_cooja/mtype507.a(uip-icmp6.o)
 .bss           0x0000000000038958        0x0 obj_cooja/mtype507.a(uip-nd6.o)
 *fill*         0x0000000000038958        0x8 
 .bss           0x0000000000038960       0x44 obj_cooja/mtype507.a(rpl-nbr-policy.)
 .bss           0x00000000000389a4        0x0 obj_cooja/mtype507.a(frame802154.o)
 .bss           0x00000000000389a4        0x0 obj_cooja/mtype507.a(mac.o)
 .bss           0x00000000000389a4        0x0 /usr/lib/gcc/i686-linux-gnu/4.8/crtendS.o
 .bss           0x00000000000389a4        0x0 /usr/lib/gcc/i686-linux-gnu/4.8/../../../i386-linux-gnu/crtn.o
 *(COMMON)
 COMMON         0x00000000000389a4       0x48 udp-client.co
                0x00000000000389a4                dio_count
                0x00000000000389a8                dis_count
                0x00000000000389ac                collision_count
                0x00000000000389b0                transmission_count
                0x00000000000389b4                COOJA_radioRxLong
                0x00000000000389b8                control_message_count
                0x00000000000389bc                dao_count
                0x00000000000389c0                COOJA_radioTx
                0x00000000000389c4                data_relay_count
                0x00000000000389c8                data_message_count
                0x00000000000389cc                my_sink_reachability
                0x00000000000389d0                COOJA_radioTxLong
                0x00000000000389d4                COOJA_radioRx
                0x00000000000389d8                my_parent_number
                0x00000000000389dc                COOJA_radioOn
                0x00000000000389e0                COOJA_duration
                0x00000000000389e4                dio_ack_count
                0x00000000000389e8                COOJA_radioOnLong
 COMMON         0x00000000000389ec        0xc obj_cooja/mtype507.o
                0x00000000000389ec                referenceVar
                0x00000000000389f0                debugfp
                0x00000000000389f4                sensors_flags
 COMMON         0x00000000000389f8        0xc obj_cooja/mtype507.a(simEnvChange.o)
                0x00000000000389f8                simEtimerPending
                0x00000000000389fc                simProcessRunValue
                0x0000000000038a00                simNextExpirationTime
 COMMON         0x0000000000038a04        0x1 obj_cooja/mtype507.a(beep.o)
                0x0000000000038a04                simBeeped
 COMMON         0x0000000000038a05        0x3 obj_cooja/mtype507.a(button-sensor.o)
                0x0000000000038a05                simButtonIsActive
                0x0000000000038a06                simButtonIsDown
                0x0000000000038a07                simButtonChanged
 COMMON         0x0000000000038a08        0x1 obj_cooja/mtype507.a(leds-arch.o)
                0x0000000000038a08                simLedsValue
 *fill*         0x0000000000038a09        0x3 
 COMMON         0x0000000000038a0c        0xc obj_cooja/mtype507.a(moteid.o)
                0x0000000000038a0c                simRandomSeed
                0x0000000000038a10                simMoteIDChanged
                0x0000000000038a14                simMoteID
 COMMON         0x0000000000038a18        0x2 obj_cooja/mtype507.a(pir-sensor.o)
                0x0000000000038a18                simPirIsActive
                0x0000000000038a19                simPirChanged
 *fill*         0x0000000000038a1a        0x6 
 COMMON         0x0000000000038a20      0x820 obj_cooja/mtype507.a(rs232.o)
                0x0000000000038a20                simSerialReceivingFlag
                0x0000000000038a24                simSerialReceivingLength
                0x0000000000038a40                simSerialReceivingData
 COMMON         0x0000000000039240        0x2 obj_cooja/mtype507.a(vib-sensor.o)
                0x0000000000039240                simVibChanged
                0x0000000000039241                simVibIsActive
 *fill*         0x0000000000039242        0x2 
 COMMON         0x0000000000039244        0x4 obj_cooja/mtype507.a(clock.o)
                0x0000000000039244                simCurrentTime
 *fill*         0x0000000000039248       0x18 
 COMMON         0x0000000000039260      0x420 obj_cooja/mtype507.a(log.o)
                0x0000000000039260                simLoggedLength
                0x0000000000039264                simLoggedFlag
                0x0000000000039280                simLoggedData
 COMMON         0x0000000000039680      0x240 obj_cooja/mtype507.a(cooja-radio.o)
                0x0000000000039680                simOutDataBuffer
                0x0000000000039700                simRadioTarget
                0x0000000000039720                simInDataBufferLR
                0x00000000000397a0                simOutDataBufferLR
                0x0000000000039820                dual_duty_cycle_count
                0x0000000000039840                simInDataBuffer
 COMMON         0x00000000000398c0      0x400 obj_cooja/mtype507.a(eeprom.o)
                0x00000000000398c0                simEEPROMData
 COMMON         0x0000000000039cc0        0x1 obj_cooja/mtype507.a(sensors.o)
                0x0000000000039cc0                sensors_event
 *fill*         0x0000000000039cc1        0x3 
 COMMON         0x0000000000039cc4        0x4 obj_cooja/mtype507.a(log_message.o)
                0x0000000000039cc4                log_fp
 COMMON         0x0000000000039cc8        0x1 obj_cooja/mtype507.a(serial-line.o)
                0x0000000000039cc8                serial_line_event_message
 *fill*         0x0000000000039cc9       0x17 
 COMMON         0x0000000000039ce0      0x12c obj_cooja/mtype507.a(uip-ds6-nbr.o)
                0x0000000000039ce0                ds6_lr_addrmap
 *fill*         0x0000000000039e0c       0x14 
 COMMON         0x0000000000039e20      0x298 obj_cooja/mtype507.a(uip-ds6.o)
                0x0000000000039e20                uip_ds6_prefix_list
                0x0000000000039e80                uip_ds6_timer_periodic
                0x0000000000039e90                uip_ds6_netif_addr_list_offset
                0x0000000000039ea0                uip_ds6_if
                0x0000000000039f98                uip_ds6_timer_ra
                0x0000000000039fa0                uip_ds6_addr_size
                0x0000000000039fc0                long_uip_ds6_if
 *fill*         0x000000000003a0b8        0x8 
 COMMON         0x000000000003a0c0      0x8ec obj_cooja/mtype507.a(uip6.o)
                0x000000000003a0c0                uip_slen
                0x000000000003a0c2                uip_acc32
                0x000000000003a0e0                uip_conns
                0x000000000003a1a0                uip_lladdr
                0x000000000003a1a8                uip_appdata
                0x000000000003a1ac                uip_flags
                0x000000000003a1c0                uip_aligned_buf
                0x000000000003a800                uip_listenports
                0x000000000003a810                uip_len
                0x000000000003a812                uip_long_lladdr
                0x000000000003a81c                uip_sappdata
                0x000000000003a820                uip_udp_conns
                0x000000000003a9a0                uip_udp_conn
                0x000000000003a9a4                uip_next_hdr
                0x000000000003a9a8                uip_conn
 COMMON         0x000000000003a9ac        0x1 obj_cooja/mtype507.a(tcpip.o)
                0x000000000003a9ac                tcpip_event
 *fill*         0x000000000003a9ad       0x13 
 COMMON         0x000000000003a9c0      0x198 obj_cooja/mtype507.a(rpl-dag.o)
                0x000000000003a9c0                default_instance
                0x000000000003a9e0                instance_table
 COMMON         0x000000000003ab58       0x10 obj_cooja/mtype507.a(linkaddr.o)
                0x000000000003ab58                linkaddr_node_addr
                0x000000000003ab60                long_linkaddr_node_addr
 COMMON         0x000000000003ab68       0x2e obj_cooja/mtype507.a(packetbuf.o)
                0x000000000003ab68                packetbuf_attrs
                0x000000000003ab86                packetbuf_addrs
 *fill*         0x000000000003ab96        0xa 
 COMMON         0x000000000003aba0       0x48 obj_cooja/mtype507.a(rimestats.o)
                0x000000000003aba0                rimestats
                0x000000000003abe8                . = ALIGN ((. != 0x0)?0x4:0x1)
                0x000000000003abe8                . = ALIGN (0x4)
                0x000000000003abe8                . = SEGMENT_START ("ldata-segment", .)
                0x000000000003abe8                . = ALIGN (0x4)
                0x000000000003abe8                _end = .
                0x000000000003abe8                PROVIDE (end, .)
                0x000000000003abe8                . = DATA_SEGMENT_END (.)

.stab
 *(.stab)

.stabstr
 *(.stabstr)

.stab.excl
 *(.stab.excl)

.stab.exclstr
 *(.stab.exclstr)

.stab.index
 *(.stab.index)

.stab.indexstr
 *(.stab.indexstr)

.comment        0x0000000000000000       0x54
 *(.comment)
 .comment       0x0000000000000000       0x29 /usr/lib/gcc/i686-linux-gnu/4.8/crtbeginS.o
                                         0x2a (size before relaxing)
 .comment       0x0000000000000000       0x2a udp-client.co
 .comment       0x0000000000000000       0x2a obj_cooja/mtype507.o
 .comment       0x0000000000000000       0x2a obj_cooja/mtype507.a(simEnvChange.o)
 .comment       0x0000000000000000       0x2a obj_cooja/mtype507.a(cooja_mt.o)
 .comment       0x0000000000000000       0x2a obj_cooja/mtype507.a(cooja_mtarch.o)
 .comment       0x0000000000000000       0x2a obj_cooja/mtype507.a(rtimer-arch.o)
 .comment       0x0000000000000000       0x2a obj_cooja/mtype507.a(beep.o)
 .comment       0x0000000000000000       0x2a obj_cooja/mtype507.a(button-sensor.o)
 .comment       0x0000000000000000       0x2a obj_cooja/mtype507.a(leds-arch.o)
 .comment       0x0000000000000000       0x2a obj_cooja/mtype507.a(moteid.o)
 .comment       0x0000000000000000       0x2a obj_cooja/mtype507.a(pir-sensor.o)
 .comment       0x0000000000000000       0x2a obj_cooja/mtype507.a(rs232.o)
 .comment       0x0000000000000000       0x2a obj_cooja/mtype507.a(vib-sensor.o)
 .comment       0x0000000000000000       0x2a obj_cooja/mtype507.a(clock.o)
 .comment       0x0000000000000000       0x2a obj_cooja/mtype507.a(log.o)
 .comment       0x0000000000000000       0x2a obj_cooja/mtype507.a(cfs-cooja.o)
 .comment       0x0000000000000000       0x2a obj_cooja/mtype507.a(cooja-radio.o)
 .comment       0x0000000000000000       0x2a obj_cooja/mtype507.a(eeprom.o)
 .comment       0x0000000000000000       0x2a obj_cooja/mtype507.a(random.o)
 .comment       0x0000000000000000       0x2a obj_cooja/mtype507.a(sensors.o)
 .comment       0x0000000000000000       0x2a obj_cooja/mtype507.a(dual_conf.o)
 .comment       0x0000000000000000       0x2a obj_cooja/mtype507.a(autostart.o)
 .comment       0x0000000000000000       0x2a obj_cooja/mtype507.a(ctimer.o)
 .comment       0x0000000000000000       0x2a obj_cooja/mtype507.a(etimer.o)
 .comment       0x0000000000000000       0x2a obj_cooja/mtype507.a(log_message.o)
 .comment       0x0000000000000000       0x2a obj_cooja/mtype507.a(process.o)
 .comment       0x0000000000000000       0x2a obj_cooja/mtype507.a(residual.o)
 .comment       0x0000000000000000       0x2a obj_cooja/mtype507.a(rtimer.o)
 .comment       0x0000000000000000       0x2a obj_cooja/mtype507.a(stimer.o)
 .comment       0x0000000000000000       0x2a obj_cooja/mtype507.a(timer.o)
 .comment       0x0000000000000000       0x2a obj_cooja/mtype507.a(serial-line.o)
 .comment       0x0000000000000029       0x2b obj_cooja/mtype507.a(list.o)
                                         0x2c (size before relaxing)
 .comment       0x0000000000000000       0x2a obj_cooja/mtype507.a(ringbuf.o)
 .comment       0x0000000000000000       0x2a obj_cooja/mtype507.a(sicslowpan.o)
 .comment       0x0000000000000000       0x2a obj_cooja/mtype507.a(uip-ds6-nbr.o)
 .comment       0x0000000000000000       0x2a obj_cooja/mtype507.a(uip-ds6-route.o)
 .comment       0x0000000000000000       0x2a obj_cooja/mtype507.a(uip-ds6.o)
 .comment       0x0000000000000000       0x2a obj_cooja/mtype507.a(uip6.o)
 .comment       0x0000000000000000       0x2a obj_cooja/mtype507.a(tcpip.o)
 .comment       0x0000000000000000       0x2a obj_cooja/mtype507.a(uip-debug.o)
 .comment       0x0000000000000000       0x2a obj_cooja/mtype507.a(uip-packetqueue)
 .comment       0x0000000000000000       0x2a obj_cooja/mtype507.a(uip-udp-packet.)
 .comment       0x0000000000000000       0x2a obj_cooja/mtype507.a(rpl-dag.o)
 .comment       0x0000000000000000       0x2a obj_cooja/mtype507.a(rpl-ext-header.)
 .comment       0x0000000000000000       0x2a obj_cooja/mtype507.a(rpl-icmp6.o)
 .comment       0x0000000000000000       0x2a obj_cooja/mtype507.a(rpl-ltmax.o)
 .comment       0x0000000000000000       0x2a obj_cooja/mtype507.a(rpl-timers.o)
 .comment       0x0000000000000000       0x2a obj_cooja/mtype507.a(rpl.o)
 .comment       0x0000000000000000       0x2a obj_cooja/mtype507.a(framer-802154.o)
 .comment       0x0000000000000000       0x2a obj_cooja/mtype507.a(nullmac.o)
 .comment       0x0000000000000000       0x2a obj_cooja/mtype507.a(cxmac.o)
 .comment       0x0000000000000000       0x2a obj_cooja/mtype507.a(linkaddr.o)
 .comment       0x0000000000000000       0x2a obj_cooja/mtype507.a(nbr-table.o)
 .comment       0x0000000000000000       0x2a obj_cooja/mtype507.a(netstack.o)
 .comment       0x0000000000000000       0x2a obj_cooja/mtype507.a(packetbuf.o)
 .comment       0x0000000000000000       0x2a obj_cooja/mtype507.a(queuebuf.o)
 .comment       0x0000000000000000       0x2a obj_cooja/mtype507.a(nullsec.o)
 .comment       0x0000000000000000       0x2a obj_cooja/mtype507.a(watchdog.o)
 .comment       0x0000000000000000       0x2c obj_cooja/mtype507.a(rimestats.o)
 .comment       0x0000000000000000       0x2a obj_cooja/mtype507.a(memb.o)
 .comment       0x0000000000000000       0x2a obj_cooja/mtype507.a(uip-icmp6.o)
 .comment       0x0000000000000000       0x2a obj_cooja/mtype507.a(uip-nd6.o)
 .comment       0x0000000000000000       0x2a obj_cooja/mtype507.a(rpl-nbr-policy.)
 .comment       0x0000000000000000       0x2a obj_cooja/mtype507.a(frame802154.o)
 .comment       0x0000000000000000       0x2a obj_cooja/mtype507.a(mac.o)
 .comment       0x0000000000000000       0x2a /usr/lib/gcc/i686-linux-gnu/4.8/crtendS.o

.debug
 *(.debug)

.line
 *(.line)

.debug_srcinfo
 *(.debug_srcinfo)

.debug_sfnames
 *(.debug_sfnames)

.debug_aranges  0x0000000000000000      0x818
 *(.debug_aranges)
 .debug_aranges
                0x0000000000000000       0x20 udp-client.co
 .debug_aranges
                0x0000000000000020       0x20 obj_cooja/mtype507.o
 .debug_aranges
                0x0000000000000040       0x20 obj_cooja/mtype507.a(simEnvChange.o)
 .debug_aranges
                0x0000000000000060       0x20 obj_cooja/mtype507.a(cooja_mt.o)
 .debug_aranges
                0x0000000000000080       0x20 obj_cooja/mtype507.a(cooja_mtarch.o)
 .debug_aranges
                0x00000000000000a0       0x20 obj_cooja/mtype507.a(rtimer-arch.o)
 .debug_aranges
                0x00000000000000c0       0x20 obj_cooja/mtype507.a(beep.o)
 .debug_aranges
                0x00000000000000e0       0x20 obj_cooja/mtype507.a(button-sensor.o)
 .debug_aranges
                0x0000000000000100       0x20 obj_cooja/mtype507.a(leds-arch.o)
 .debug_aranges
                0x0000000000000120       0x20 obj_cooja/mtype507.a(moteid.o)
 .debug_aranges
                0x0000000000000140       0x20 obj_cooja/mtype507.a(pir-sensor.o)
 .debug_aranges
                0x0000000000000160       0x20 obj_cooja/mtype507.a(rs232.o)
 .debug_aranges
                0x0000000000000180       0x20 obj_cooja/mtype507.a(vib-sensor.o)
 .debug_aranges
                0x00000000000001a0       0x20 obj_cooja/mtype507.a(clock.o)
 .debug_aranges
                0x00000000000001c0       0x20 obj_cooja/mtype507.a(log.o)
 .debug_aranges
                0x00000000000001e0       0x20 obj_cooja/mtype507.a(cfs-cooja.o)
 .debug_aranges
                0x0000000000000200       0x20 obj_cooja/mtype507.a(cooja-radio.o)
 .debug_aranges
                0x0000000000000220       0x20 obj_cooja/mtype507.a(eeprom.o)
 .debug_aranges
                0x0000000000000240       0x20 obj_cooja/mtype507.a(random.o)
 .debug_aranges
                0x0000000000000260       0x20 obj_cooja/mtype507.a(sensors.o)
 .debug_aranges
                0x0000000000000280       0x20 obj_cooja/mtype507.a(dual_conf.o)
 .debug_aranges
                0x00000000000002a0       0x20 obj_cooja/mtype507.a(autostart.o)
 .debug_aranges
                0x00000000000002c0       0x20 obj_cooja/mtype507.a(ctimer.o)
 .debug_aranges
                0x00000000000002e0       0x20 obj_cooja/mtype507.a(etimer.o)
 .debug_aranges
                0x0000000000000300       0x20 obj_cooja/mtype507.a(log_message.o)
 .debug_aranges
                0x0000000000000320       0x20 obj_cooja/mtype507.a(process.o)
 .debug_aranges
                0x0000000000000340       0x20 obj_cooja/mtype507.a(residual.o)
 .debug_aranges
                0x0000000000000360       0x20 obj_cooja/mtype507.a(rtimer.o)
 .debug_aranges
                0x0000000000000380       0x20 obj_cooja/mtype507.a(stimer.o)
 .debug_aranges
                0x00000000000003a0       0x20 obj_cooja/mtype507.a(timer.o)
 .debug_aranges
                0x00000000000003c0       0x20 obj_cooja/mtype507.a(serial-line.o)
 .debug_aranges
                0x00000000000003e0       0x20 obj_cooja/mtype507.a(list.o)
 .debug_aranges
                0x0000000000000400       0x20 obj_cooja/mtype507.a(ringbuf.o)
 .debug_aranges
                0x0000000000000420       0x20 obj_cooja/mtype507.a(sicslowpan.o)
 .debug_aranges
                0x0000000000000440       0x20 obj_cooja/mtype507.a(uip-ds6-nbr.o)
 .debug_aranges
                0x0000000000000460       0x20 obj_cooja/mtype507.a(uip-ds6-route.o)
 .debug_aranges
                0x0000000000000480       0x20 obj_cooja/mtype507.a(uip-ds6.o)
 .debug_aranges
                0x00000000000004a0       0x20 obj_cooja/mtype507.a(uip6.o)
 .debug_aranges
                0x00000000000004c0       0x20 obj_cooja/mtype507.a(tcpip.o)
 .debug_aranges
                0x00000000000004e0       0x20 obj_cooja/mtype507.a(uip-debug.o)
 .debug_aranges
                0x0000000000000500       0x20 obj_cooja/mtype507.a(uip-packetqueue)
 .debug_aranges
                0x0000000000000520       0x20 obj_cooja/mtype507.a(uip-udp-packet.)
 .debug_aranges
                0x0000000000000540       0x20 obj_cooja/mtype507.a(rpl-dag.o)
 .debug_aranges
                0x0000000000000560       0x20 obj_cooja/mtype507.a(rpl-ext-header.)
 .debug_aranges
                0x0000000000000580       0x20 obj_cooja/mtype507.a(rpl-icmp6.o)
 .debug_aranges
                0x00000000000005a0       0x20 obj_cooja/mtype507.a(rpl-ltmax.o)
 .debug_aranges
                0x00000000000005c0       0x20 obj_cooja/mtype507.a(rpl-timers.o)
 .debug_aranges
                0x00000000000005e0       0x20 obj_cooja/mtype507.a(rpl.o)
 .debug_aranges
                0x0000000000000600       0x20 obj_cooja/mtype507.a(framer-802154.o)
 .debug_aranges
                0x0000000000000620       0x20 obj_cooja/mtype507.a(nullmac.o)
 .debug_aranges
                0x0000000000000640       0x20 obj_cooja/mtype507.a(cxmac.o)
 .debug_aranges
                0x0000000000000660       0x20 obj_cooja/mtype507.a(linkaddr.o)
 .debug_aranges
                0x0000000000000680       0x20 obj_cooja/mtype507.a(nbr-table.o)
 .debug_aranges
                0x00000000000006a0       0x20 obj_cooja/mtype507.a(netstack.o)
 .debug_aranges
                0x00000000000006c0       0x20 obj_cooja/mtype507.a(packetbuf.o)
 .debug_aranges
                0x00000000000006e0       0x20 obj_cooja/mtype507.a(queuebuf.o)
 .debug_aranges
                0x0000000000000700       0x20 obj_cooja/mtype507.a(nullsec.o)
 .debug_aranges
                0x0000000000000720       0x20 obj_cooja/mtype507.a(watchdog.o)
 .debug_aranges
                0x0000000000000740       0x18 obj_cooja/mtype507.a(rimestats.o)
 .debug_aranges
                0x0000000000000758       0x20 obj_cooja/mtype507.a(memb.o)
 .debug_aranges
                0x0000000000000778       0x20 obj_cooja/mtype507.a(uip-icmp6.o)
 .debug_aranges
                0x0000000000000798       0x20 obj_cooja/mtype507.a(uip-nd6.o)
 .debug_aranges
                0x00000000000007b8       0x20 obj_cooja/mtype507.a(rpl-nbr-policy.)
 .debug_aranges
                0x00000000000007d8       0x20 obj_cooja/mtype507.a(frame802154.o)
 .debug_aranges
                0x00000000000007f8       0x20 obj_cooja/mtype507.a(mac.o)

.debug_pubnames
 *(.debug_pubnames)

.debug_info     0x0000000000000000    0x1cdb0
 *(.debug_info .gnu.linkonce.wi.*)
 .debug_info    0x0000000000000000      0xa22 udp-client.co
 .debug_info    0x0000000000000a22     0x3ac4 obj_cooja/mtype507.o
 .debug_info    0x00000000000044e6      0x15a obj_cooja/mtype507.a(simEnvChange.o)
 .debug_info    0x0000000000004640      0x1e2 obj_cooja/mtype507.a(cooja_mt.o)
 .debug_info    0x0000000000004822      0x2e7 obj_cooja/mtype507.a(cooja_mtarch.o)
 .debug_info    0x0000000000004b09      0x16b obj_cooja/mtype507.a(rtimer-arch.o)
 .debug_info    0x0000000000004c74      0x1f3 obj_cooja/mtype507.a(beep.o)
 .debug_info    0x0000000000004e67      0x257 obj_cooja/mtype507.a(button-sensor.o)
 .debug_info    0x00000000000050be      0x132 obj_cooja/mtype507.a(leds-arch.o)
 .debug_info    0x00000000000051f0      0x10a obj_cooja/mtype507.a(moteid.o)
 .debug_info    0x00000000000052fa      0x216 obj_cooja/mtype507.a(pir-sensor.o)
 .debug_info    0x0000000000005510      0x21e obj_cooja/mtype507.a(rs232.o)
 .debug_info    0x000000000000572e      0x216 obj_cooja/mtype507.a(vib-sensor.o)
 .debug_info    0x0000000000005944      0x152 obj_cooja/mtype507.a(clock.o)
 .debug_info    0x0000000000005a96      0x2bb obj_cooja/mtype507.a(log.o)
 .debug_info    0x0000000000005d51      0x3cf obj_cooja/mtype507.a(cfs-cooja.o)
 .debug_info    0x0000000000006120      0xd30 obj_cooja/mtype507.a(cooja-radio.o)
 .debug_info    0x0000000000006e50      0x1d5 obj_cooja/mtype507.a(eeprom.o)
 .debug_info    0x0000000000007025       0xb3 obj_cooja/mtype507.a(random.o)
 .debug_info    0x00000000000070d8      0x36d obj_cooja/mtype507.a(sensors.o)
 .debug_info    0x0000000000007445      0xc68 obj_cooja/mtype507.a(dual_conf.o)
 .debug_info    0x00000000000080ad      0x1a5 obj_cooja/mtype507.a(autostart.o)
 .debug_info    0x0000000000008252      0x46c obj_cooja/mtype507.a(ctimer.o)
 .debug_info    0x00000000000086be      0x49c obj_cooja/mtype507.a(etimer.o)