Archive member included to satisfy reference by file (symbol)

obj_cooja/mtype886.a(simEnvChange.o)
                              obj_cooja/mtype886.o (simDontFallAsleep)
obj_cooja/mtype886.a(cooja_mt.o)
                              obj_cooja/mtype886.o (cooja_mt_start)
obj_cooja/mtype886.a(cooja_mtarch.o)
                              obj_cooja/mtype886.a(cooja_mt.o) (cooja_mtarch_init)
obj_cooja/mtype886.a(rtimer-arch.o)
                              obj_cooja/mtype886.o (rtimer_arch_next)
obj_cooja/mtype886.a(beep.o)  obj_cooja/mtype886.o (beep_interface)
obj_cooja/mtype886.a(button-sensor.o)
                              obj_cooja/mtype886.o (button_interface)
obj_cooja/mtype886.a(leds-arch.o)
                              obj_cooja/mtype886.o (leds_interface)
obj_cooja/mtype886.a(moteid.o)
                              obj_cooja/mtype886.o (moteid_interface)
obj_cooja/mtype886.a(pir-sensor.o)
                              obj_cooja/mtype886.o (pir_interface)
obj_cooja/mtype886.a(rs232.o)
                              obj_cooja/mtype886.o (rs232_interface)
obj_cooja/mtype886.a(vib-sensor.o)
                              obj_cooja/mtype886.o (vib_interface)
obj_cooja/mtype886.a(clock.o)
                              obj_cooja/mtype886.o (clock_interface)
obj_cooja/mtype886.a(log.o)   obj_cooja/mtype886.o (simlog_interface)
obj_cooja/mtype886.a(cfs-cooja.o)
                              obj_cooja/mtype886.o (cfs_interface)
obj_cooja/mtype886.a(cooja-radio.o)
                              obj_cooja/mtype886.o (radio_interface)
obj_cooja/mtype886.a(eeprom.o)
                              obj_cooja/mtype886.o (eeprom_interface)
obj_cooja/mtype886.a(random.o)
                              obj_cooja/mtype886.a(moteid.o) (random_init)
obj_cooja/mtype886.a(sensors.o)
                              obj_cooja/mtype886.o (sensors_process)
obj_cooja/mtype886.a(dual_conf.o)
                              obj_cooja/mtype886.a(cooja-radio.o) (long_range_radio)
obj_cooja/mtype886.a(autostart.o)
                              obj_cooja/mtype886.o (autostart_start)
obj_cooja/mtype886.a(ctimer.o)
                              obj_cooja/mtype886.o (ctimer_init)
obj_cooja/mtype886.a(etimer.o)
                              obj_cooja/mtype886.o (etimer_process)
obj_cooja/mtype886.a(log_message.o)
                              udp-client.co (log_fp)
obj_cooja/mtype886.a(process.o)
                              udp-client.co (process_current)
obj_cooja/mtype886.a(residual.o)
                              udp-client.co (get_residual_energy)
obj_cooja/mtype886.a(rtimer.o)
                              obj_cooja/mtype886.a(rtimer-arch.o) (rtimer_run_next)
obj_cooja/mtype886.a(stimer.o)
                              udp-client.co (stimer_remaining)
obj_cooja/mtype886.a(timer.o)
                              obj_cooja/mtype886.a(button-sensor.o) (timer_set)
obj_cooja/mtype886.a(serial-line.o)
                              udp-client.co (serial_line_event_message)
obj_cooja/mtype886.a(list.o)  obj_cooja/mtype886.a(ctimer.o) (list_init)
obj_cooja/mtype886.a(ringbuf.o)
                              obj_cooja/mtype886.a(serial-line.o) (ringbuf_init)
obj_cooja/mtype886.a(sicslowpan.o)
                              obj_cooja/mtype886.o (sicslowpan_driver)
obj_cooja/mtype886.a(uip-ds6-nbr.o)
                              obj_cooja/mtype886.a(sicslowpan.o) (uip_ds6_link_neighbor_callback)
obj_cooja/mtype886.a(uip-ds6-route.o)
                              udp-client.co (uip_ds6_route_nexthop)
obj_cooja/mtype886.a(uip-ds6.o)
                              udp-client.co (uip_ds6_if)
obj_cooja/mtype886.a(uip6.o)  udp-client.co (uip_lladdr)
obj_cooja/mtype886.a(tcpip.o)
                              udp-client.co (tcpip_event)
obj_cooja/mtype886.a(uip-debug.o)
                              udp-client.co (uip_debug_ipaddr_print)
obj_cooja/mtype886.a(uip-packetqueue)
                              obj_cooja/mtype886.a(uip-ds6-nbr.o) (uip_packetqueue_new)
obj_cooja/mtype886.a(uip-udp-packet.)
                              udp-client.co (uip_udp_packet_sendto)
obj_cooja/mtype886.a(rpl-dag.o)
                              obj_cooja/mtype886.a(tcpip.o) (rpl_repair_root)
obj_cooja/mtype886.a(rpl-ext-header.)
                              obj_cooja/mtype886.a(uip6.o) (rpl_verify_header)
obj_cooja/mtype886.a(rpl-icmp6.o)
                              obj_cooja/mtype886.a(rpl-dag.o) (rpl_icmp6_update_nbr_table)
obj_cooja/mtype886.a(rpl-jkof.o)
                              obj_cooja/mtype886.a(rpl-dag.o) (rpl_jkof)
obj_cooja/mtype886.a(rpl-timers.o)
                              obj_cooja/mtype886.a(rpl-dag.o) (rpl_reset_dio_timer)
obj_cooja/mtype886.a(rpl.o)   obj_cooja/mtype886.a(rpl-icmp6.o) (rpl_get_mode)
obj_cooja/mtype886.a(framer-802154.o)
                              obj_cooja/mtype886.a(sicslowpan.o) (framer_802154)
obj_cooja/mtype886.a(nullmac.o)
                              obj_cooja/mtype886.o (nullmac_driver)
obj_cooja/mtype886.a(cxmac.o)
[...]
Memory Configuration

Name             Origin             Length             Attributes
*default*        0x0000000000000000 0xffffffffffffffff

Linker script and memory map

LOAD /usr/lib/gcc/i686-linux-gnu/4.8/../../../i386-linux-gnu/crti.o
LOAD /usr/lib/gcc/i686-linux-gnu/4.8/crtbeginS.o
LOAD udp-client.co
LOAD obj_cooja/mtype886.o
LOAD obj_cooja/mtype886.a
LOAD /usr/lib/gcc/i686-linux-gnu/4.8/libgcc.a
LOAD /usr/lib/gcc/i686-linux-gnu/4.8/libgcc_s.so
LOAD /usr/lib/gcc/i686-linux-gnu/4.8/../../../i386-linux-gnu/libc.so
START GROUP
LOAD /lib/i386-linux-gnu/libc.so.6
LOAD /usr/lib/i386-linux-gnu/libc_nonshared.a
LOAD /lib/i386-linux-gnu/ld-linux.so.2
END GROUP
LOAD /usr/lib/gcc/i686-linux-gnu/4.8/libgcc.a
LOAD /usr/lib/gcc/i686-linux-gnu/4.8/libgcc_s.so
LOAD /usr/lib/gcc/i686-linux-gnu/4.8/crtendS.o
LOAD /usr/lib/gcc/i686-linux-gnu/4.8/../../../i386-linux-gnu/crtn.o
                0x0000000000000114                . = (0x0 + SIZEOF_HEADERS)

.note.gnu.build-id
                0x0000000000000114       0x24
 *(.note.gnu.build-id)
 .note.gnu.build-id
                0x0000000000000114       0x24 /usr/lib/gcc/i686-linux-gnu/4.8/../../../i386-linux-gnu/crti.o

.hash
 *(.hash)

.gnu.hash       0x0000000000000138     0x1374
 *(.gnu.hash)
 .gnu.hash      0x0000000000000138     0x1374 /usr/lib/gcc/i686-linux-gnu/4.8/../../../i386-linux-gnu/crti.o

.dynsym         0x00000000000014ac     0x2680
 *(.dynsym)
 .dynsym        0x00000000000014ac     0x2680 /usr/lib/gcc/i686-linux-gnu/4.8/../../../i386-linux-gnu/crti.o

.dynstr         0x0000000000003b2c     0x275d
 *(.dynstr)
 .dynstr        0x0000000000003b2c     0x275d /usr/lib/gcc/i686-linux-gnu/4.8/../../../i386-linux-gnu/crti.o

.gnu.version    0x000000000000628a      0x4d0
 *(.gnu.version)
 .gnu.version   0x000000000000628a      0x4d0 /usr/lib/gcc/i686-linux-gnu/4.8/../../../i386-linux-gnu/crti.o

.gnu.version_d  0x000000000000675c        0x0
 *(.gnu.version_d)
 .gnu.version_d
                0x0000000000000000        0x0 /usr/lib/gcc/i686-linux-gnu/4.8/../../../i386-linux-gnu/crti.o

.gnu.version_r  0x000000000000675c       0x50
 *(.gnu.version_r)
 .gnu.version_r
                0x000000000000675c       0x50 /usr/lib/gcc/i686-linux-gnu/4.8/../../../i386-linux-gnu/crti.o

.rel.dyn        0x00000000000067ac     0xa2b8
 *(.rel.init)
 .rel.init      0x0000000000000000        0x0 /usr/lib/gcc/i686-linux-gnu/4.8/../../../i386-linux-gnu/crti.o
 *(.rel.text .rel.text.* .rel.gnu.linkonce.t.*)
 .rel.text      0x00000000000067ac     0x9b10 /usr/lib/gcc/i686-linux-gnu/4.8/../../../i386-linux-gnu/crti.o
 *(.rel.fini)
 .rel.fini      0x0000000000000000        0x0 /usr/lib/gcc/i686-linux-gnu/4.8/../../../i386-linux-gnu/crti.o
 *(.rel.rodata .rel.rodata.* .rel.gnu.linkonce.r.*)
 .rel.rodata    0x00000000000102bc      0x4e0 /usr/lib/gcc/i686-linux-gnu/4.8/../../../i386-linux-gnu/crti.o
 *(.rel.data.rel.ro .rel.data.rel.ro.* .rel.gnu.linkonce.d.rel.ro.*)
 *(.rel.data .rel.data.* .rel.gnu.linkonce.d.*)
 .rel.data.rel  0x000000000001079c        0x8 /usr/lib/gcc/i686-linux-gnu/4.8/../../../i386-linux-gnu/crti.o
 .rel.data      0x00000000000107a4      0x288 /usr/lib/gcc/i686-linux-gnu/4.8/../../../i386-linux-gnu/crti.o
 *(.rel.tdata .rel.tdata.* .rel.gnu.linkonce.td.*)
 *(.rel.tbss .rel.tbss.* .rel.gnu.linkonce.tb.*)
 *(.rel.ctors)
 *(.rel.dtors)
 *(.rel.got)
 .rel.got       0x0000000000010a2c       0x28 /usr/lib/gcc/i686-linux-gnu/4.8/../../../i386-linux-gnu/crti.o
 *(.rel.bss .rel.bss.* .rel.gnu.linkonce.b.*)
 *(.rel.ifunc)
 .rel.ifunc     0x0000000000000000        0x0 /usr/lib/gcc/i686-linux-gnu/4.8/../../../i386-linux-gnu/crti.o
 .rel.fini_array
                0x0000000000010a54        0x8 /usr/lib/gcc/i686-linux-gnu/4.8/../../../i386-linux-gnu/crti.o
 .rel.init_array
                0x0000000000010a5c        0x8 /usr/lib/gcc/i686-linux-gnu/4.8/../../../i386-linux-gnu/crti.o

.rel.plt        0x0000000000010a64       0x10
 *(.rel.plt)
 .rel.plt       0x0000000000010a64       0x10 /usr/lib/gcc/i686-linux-gnu/4.8/../../../i386-linux-gnu/crti.o
 *(.rel.iplt)

.init           0x0000000000010a74       0x23
 *(SORT(.init))
 .init          0x0000000000010a74       0x1e /usr/lib/gcc/i686-linux-gnu/4.8/../../../i386-linux-gnu/crti.o
                0x0000000000010a74                _init
 .init          0x0000000000010a92        0x5 /usr/lib/gcc/i686-linux-gnu/4.8/../../../i386-linux-gnu/crtn.o

.plt            0x0000000000010aa0       0x30
 *(.plt)
 .plt           0x0000000000010aa0       0x30 /usr/lib/gcc/i686-linux-gnu/4.8/../../../i386-linux-gnu/crti.o
 *(.iplt)

.text           0x0000000000010ad0    0x17c8b
 *(.text.unlikely .text.*_unlikely .text.unlikely.*)
 *(.text.exit .text.exit.*)
 *(.text.startup .text.startup.*)
 *(.text.hot .text.hot.*)
 *(.text .stub .text.* .gnu.linkonce.t.*)
 .text          0x0000000000010ad0        0x0 /usr/lib/gcc/i686-linux-gnu/4.8/../../../i386-linux-gnu/crti.o
 .gnu.linkonce.t.__x86.get_pc_thunk.bx
                0x0000000000010ad0        0x4 /usr/lib/gcc/i686-linux-gnu/4.8/../../../i386-linux-gnu/crti.o
                0x0000000000010ad0                __x86.get_pc_thunk.bx
 *fill*         0x0000000000010ad4        0xc 
 .text          0x0000000000010ae0      0x11b /usr/lib/gcc/i686-linux-gnu/4.8/crtbeginS.o
 .text          0x0000000000010bfb      0xa09 udp-client.co
 .text          0x0000000000011604      0x9c8 obj_cooja/mtype886.o
                0x00000000000117b2                contiki_init
                0x0000000000011de3                Java_org_contikios_cooja_corecomm_Lib4_init
                0x0000000000011e23                Java_org_contikios_cooja_corecomm_Lib4_getMemory
                0x0000000000011e63                Java_org_contikios_cooja_corecomm_Lib4_setMemory
                0x0000000000011eda                Java_org_contikios_cooja_corecomm_Lib4_tick
                0x0000000000011fba                Java_org_contikios_cooja_corecomm_Lib4_setReferenceAddress
 .text          0x0000000000011fcc       0x63 obj_cooja/mtype886.a(simEnvChange.o)
                0x0000000000011fcc                doActionsBeforeTick
                0x0000000000011ffd                doActionsAfterTick
 .text          0x000000000001202f       0xbc obj_cooja/mtype886.a(cooja_mt.o)
                0x000000000001202f                cooja_mt_init
                0x000000000001203c                cooja_mt_remove
                0x0000000000012049                cooja_mt_start
                0x0000000000012076                cooja_mt_exec
                0x00000000000120a7                cooja_mt_exit
                0x00000000000120c9                cooja_mt_yield
 .text          0x00000000000120eb      0x115 obj_cooja/mtype886.a(cooja_mtarch.o)
                0x00000000000120eb                cooja_mtarch_init
                0x00000000000120f0                cooja_mtarch_start
                0x000000000001216b                cooja_sw
                0x000000000001218d                cooja_mtarch_exec
                0x00000000000121a9                cooja_mtarch_remove
                0x00000000000121ae                cooja_mtarch_yield
                0x00000000000121b8                cooja_mtarch_pstop
                0x00000000000121bd                cooja_mtarch_pstart
                0x00000000000121c2                cooja_mtarch_stack_usage
 .text          0x0000000000012200       0xc2 obj_cooja/mtype886.a(rtimer-arch.o)
                0x0000000000012200                rtimer_arch_init
                0x0000000000012223                rtimer_arch_schedule
                0x000000000001223a                rtimer_arch_next
                0x0000000000012244                rtimer_arch_pending
                0x000000000001224e                rtimer_arch_check
                0x0000000000012280                rtimer_arch_now
 .text          0x00000000000122c2       0x76 obj_cooja/mtype886.a(beep.o)
                0x00000000000122c2                beep_alarm
                0x00000000000122ce                beep_beep
                0x00000000000122da                beep
                0x00000000000122e6                beep_down
                0x00000000000122f2                beep_on
                0x00000000000122fe                beep_off
                0x000000000001230a                beep_spinup
                0x0000000000012316                beep_quick
                0x0000000000012322                beep_long
 .text          0x0000000000012338      0x103 obj_cooja/mtype886.a(button-sensor.o)
 .text          0x000000000001243b       0x45 obj_cooja/mtype886.a(leds-arch.o)
                0x000000000001243b                leds_arch_init
                0x0000000000012447                leds_arch_get
                0x0000000000012453                leds_arch_set
 .text          0x0000000000012480       0x2f obj_cooja/mtype886.a(moteid.o)
 .text          0x00000000000124af       0xb1 obj_cooja/mtype886.a(pir-sensor.o)
 .text          0x0000000000012560      0x131 obj_cooja/mtype886.a(rs232.o)
                0x0000000000012560                rs232_init
                0x0000000000012565                rs232_set_speed
                0x0000000000012573                rs232_set_input
                0x0000000000012580                rs232_send
                0x00000000000125a2                rs232_print
                0x00000000000125bd                slip_arch_writeb
 .text          0x0000000000012691       0xb1 obj_cooja/mtype886.a(vib-sensor.o)
 .text          0x0000000000012742       0x34 obj_cooja/mtype886.a(clock.o)
                0x0000000000012742                clock_init
                0x0000000000012747                clock_time
                0x0000000000012751                clock_seconds
                0x0000000000012767                clock_delay
 .text          0x0000000000012776      0x1ed obj_cooja/mtype886.a(log.o)
                0x0000000000012776                simlog_char
                0x00000000000127b8                simlog
                0x0000000000012825                log_message
                0x000000000001284d                log_set_putchar_with_slip
                0x000000000001285a                log_putchar
                0x00000000000128de                log_puts
                0x0000000000012902                log_printf
 .text          0x0000000000012963      0x2c4 obj_cooja/mtype886.a(cfs-cooja.o)
                0x0000000000012963                cfs_open
                0x00000000000129cc                cfs_close
                0x00000000000129d8                cfs_read
                0x0000000000012a76                cfs_write
                0x0000000000012b53                cfs_seek
                0x0000000000012bdb                cfs_remove
                0x0000000000012c04                cfs_opendir
                0x0000000000012c0e                cfs_readdir
                0x0000000000012c18                cfs_closedir
 .text          0x0000000000012c27      0x716 obj_cooja/mtype886.a(cooja-radio.o)
                0x0000000000012c51                radio_set_channel
                0x0000000000012c75                radio_set_txpower
                0x0000000000012c95                radio_signal_strength_last
                0x0000000000012c9f                radio_signal_strength_current
                0x0000000000012ca9                radio_LQI
 .text          0x000000000001333d       0xef obj_cooja/mtype886.a(eeprom.o)
                0x000000000001333d                eeprom_init
                0x0000000000013342                eeprom_read
                0x00000000000133b2                eeprom_write
 .text          0x000000000001342c       0x28 obj_cooja/mtype886.a(random.o)
                0x000000000001342c                random_init
                0x0000000000013447                random_rand
 .text          0x0000000000013454      0x2a1 obj_cooja/mtype886.a(sensors.o)
                0x000000000001348f                sensors_first
                0x0000000000013499                sensors_next
                0x00000000000134b6                sensors_changed
                0x00000000000134e5                sensors_find
 .text          0x00000000000136f5      0x40a obj_cooja/mtype886.a(dual_conf.o)
                0x00000000000136f5                dual_radio_switch
                0x0000000000013735                dual_radio_change
                0x000000000001376f                sending_in_LR
                0x000000000001379a                dual_radio_received
                0x00000000000137ed                radio_received_is_longrange
                0x0000000000013808                dual_radio_turn_on
                0x000000000001382b                dual_radio_turn_off
                0x0000000000013a8c                dio_broadcast
                0x0000000000013ab5                dis_broadcast
                0x0000000000013ad6                dio_ack_broadcast
 .text          0x0000000000013aff       0x8e obj_cooja/mtype886.a(autostart.o)
                0x0000000000013aff                autostart_start
                0x0000000000013b4a                autostart_exit
 .text          0x0000000000013b8d      0x334 obj_cooja/mtype886.a(ctimer.o)
                0x0000000000013ca4                ctimer_init
                0x0000000000013cd4                ctimer_set
                0x0000000000013d05                ctimer_set_with_process
                0x0000000000013d81                ctimer_reset
                0x0000000000013dd0                ctimer_restart
                0x0000000000013e1f                ctimer_stop
                0x0000000000013e6a                ctimer_expired
 .text          0x0000000000013ec1      0x40b obj_cooja/mtype886.a(etimer.o)
                0x00000000000140d4                etimer_request_poll
                0x0000000000014158                etimer_set
                0x000000000001417d                etimer_reset_with_new_interval
                0x00000000000141a4                etimer_reset
                0x00000000000141c2                etimer_restart
                0x00000000000141e0                etimer_adjust
                0x00000000000141fc                etimer_expired
                0x000000000001420f                etimer_expiration_time
                0x0000000000014221                etimer_start_time
                0x000000000001422b                etimer_pending
                0x000000000001423d                etimer_next_expiration_time
                0x0000000000014257                etimer_stop
 .text          0x00000000000142cc       0xdd obj_cooja/mtype886.a(log_message.o)
                0x00000000000142cc                log_initialization
                0x0000000000014388                log_finisher
 .text          0x00000000000143a9      0x560 obj_cooja/mtype886.a(process.o)
                0x00000000000143a9                process_alloc_event
                0x00000000000143be                process_start
                0x00000000000145a7                process_exit
                0x00000000000145c3                process_init
                0x0000000000014794                process_run
                0x00000000000147c7                process_nevents
                0x00000000000147e2                process_post
                0x000000000001488e                process_post_synch
                0x00000000000148c6                process_poll
                0x00000000000148f5                process_is_running
 .text          0x0000000000014909       0xd3 obj_cooja/mtype886.a(residual.o)
                0x0000000000014909                get_residual_energy
 .text          0x00000000000149dc       0xba obj_cooja/mtype886.a(rtimer.o)
                0x00000000000149dc                rtimer_init
                0x00000000000149e9                rtimer_set
                0x0000000000014a40                rtimer_run_next
 .text          0x0000000000014a96       0xa3 obj_cooja/mtype886.a(stimer.o)
                0x0000000000014a96                stimer_set
                0x0000000000014ab1                stimer_reset
                0x0000000000014ac8                stimer_restart
                0x0000000000014ada                stimer_expired
                0x0000000000014b01                stimer_remaining
                0x0000000000014b25                stimer_elapsed
 .text          0x0000000000014b39       0x91 obj_cooja/mtype886.a(timer.o)
                0x0000000000014b39                timer_set
                0x0000000000014b54                timer_reset
                0x0000000000014b6b                timer_restart
                0x0000000000014b7d                timer_expired
                0x0000000000014ba6                timer_remaining
 .text          0x0000000000014bca      0x1fb obj_cooja/mtype886.a(serial-line.o)
                0x0000000000014bca                serial_line_input_byte
                0x0000000000014d8d                serial_line_init
 .text          0x0000000000014dc5      0x244 obj_cooja/mtype886.a(list.o)
                0x0000000000014dc5                list_init
                0x0000000000014dd3                list_head
                0x0000000000014ddd                list_copy
                0x0000000000014dec                list_tail
                0x0000000000014e22                list_add
                0x0000000000014e6b                list_push
                0x0000000000014e97                list_chop
                0x0000000000014f01                list_pop
                0x0000000000014f29                list_remove
                0x0000000000014f90                list_length
                0x0000000000014fbe                list_insert
                0x0000000000014ff2                list_item_next
 .text          0x0000000000015009      0x155 obj_cooja/mtype886.a(ringbuf.o)
                0x0000000000015009                ringbuf_init
                0x000000000001503a                ringbuf_put
                0x00000000000150b8                ringbuf_get
                0x0000000000015125                ringbuf_size
                0x0000000000015137                ringbuf_elements
 .text          0x000000000001515e     0x258b obj_cooja/mtype886.a(sicslowpan.o)
                0x00000000000156e8                rime_sniffer_add
                0x00000000000156f5                rime_sniffer_remove
                0x0000000000017688                sicslowpan_init
                0x00000000000176df                sicslowpan_get_last_rssi
 .text          0x00000000000176e9      0x2dc obj_cooja/mtype886.a(uip-ds6-nbr.o)
                0x0000000000017706                uip_ds6_neighbors_init
                0x0000000000017723                uip_ds6_nbr_add
                0x00000000000177d4                uip_ds6_nbr_rm
                0x0000000000017831                uip_ds6_nbr_get_ipaddr
                0x0000000000017846                uip_ds6_nbr_get_ll
                0x0000000000017862                uip_ds6_nbr_num
                0x00000000000178a7                uip_ds6_nbr_lookup
                0x000000000001790c                uip_ds6_nbr_ll_lookup
                0x0000000000017928                uip_ds6_nbr_ipaddr_from_lladdr
                0x000000000001794e                uip_ds6_nbr_lladdr_from_ipaddr
                0x000000000001797c                uip_ds6_link_neighbor_callback
 .text          0x00000000000179c5      0x916 obj_cooja/mtype886.a(uip-ds6-route.o)
                0x0000000000017a3c                uip_ds6_notification_add
                0x0000000000017a6d                uip_ds6_notification_rm
                0x0000000000017a89                uip_ds6_route_init
                0x0000000000017b11                uip_ds6_route_nexthop
                0x0000000000017b39                uip_ds6_route_head
                0x0000000000017b4e                uip_ds6_route_next
                0x0000000000017b74                uip_ds6_route_is_nexthop
                0x0000000000017bb3                uip_ds6_route_num_routes
                0x0000000000017bbd                uip_ds6_route_lookup
                0x0000000000017c7f                uip_ds6_route_add
                0x0000000000017eb3                uip_ds6_route_rm
                0x0000000000018047                uip_ds6_route_rm_by_nexthop
                0x000000000001807f                uip_ds6_defrt_add
                0x0000000000018130                uip_ds6_defrt_rm
                0x00000000000181af                uip_ds6_defrt_lookup
                0x0000000000018208                uip_ds6_defrt_choose
                0x0000000000018273                uip_ds6_defrt_periodic
 .text          0x00000000000182db     0x12ad obj_cooja/mtype886.a(uip-ds6.o)
                0x00000000000182db                uip_ds6_init
                0x0000000000018630                uip_ds6_periodic
                0x0000000000018708                uip_ds6_list_loop
                0x00000000000187af                uip_ds6_prefix_add
                0x000000000001886d                uip_ds6_prefix_rm
                0x000000000001887f                uip_ds6_prefix_lookup
                0x00000000000188d0                uip_ds6_is_addr_onlink
                0x0000000000018944                uip_ds6_addr_add
                0x0000000000018a72                uip_ds6_long_addr_add
                0x0000000000018ba0                uip_ds6_addr_rm
                0x0000000000018c40                uip_ds6_addr_lookup
                0x0000000000018c8b                uip_ds6_long_addr_lookup
                0x0000000000018cd6                uip_ds6_get_link_local
                0x0000000000018d55                uip_ds6_long_get_link_local
                0x0000000000018dd4                uip_ds6_get_global
                0x0000000000018e53                uip_ds6_long_get_global
                0x0000000000018ed2                uip_ds6_maddr_add
                0x0000000000018f44                uip_ds6_long_maddr_add
                0x0000000000018fb6                uip_ds6_maddr_rm
                0x0000000000018fc8                uip_ds6_maddr_lookup
                0x0000000000019013                uip_ds6_long_maddr_lookup
                0x000000000001905e                uip_ds6_aaddr_add
                0x00000000000190d0                uip_ds6_long_aaddr_add
                0x0000000000019142                uip_ds6_aaddr_rm
                0x0000000000019154                uip_ds6_aaddr_lookup
                0x000000000001919f                uip_ds6_long_aaddr_lookup
                0x00000000000191ea                uip_ds6_select_src
                0x0000000000019473                uip_ds6_set_addr_iid
                0x00000000000194aa                get_match_length
                0x000000000001953c                uip_ds6_compute_reachable_time
 .text          0x0000000000019588     0x29f3 obj_cooja/mtype886.a(uip6.o)
                0x0000000000019588                uip_add32
                0x0000000000019721                uip_chksum
                0x000000000001980f                uip_icmp6chksum
                0x0000000000019823                uip_tcpchksum
                0x0000000000019837                uip_udpchksum
                0x000000000001984b                uip_init
                0x000000000001991b                uip_connect
                0x0000000000019aca                remove_ext_hdr
                0x0000000000019b9f                uip_udp_new
                0x0000000000019cfb                uip_unlisten
                0x0000000000019d5b                uip_listen
                0x000000000001a01d                uip_process
                0x000000000001be6f                uip_htons
                0x000000000001be91                uip_htonl
                0x000000000001bed1                uip_send
 .text          0x000000000001bf7b      0xa6e obj_cooja/mtype886.a(tcpip.o)
                0x000000000001bf7b                tcpip_output
                0x000000000001bfa9                tcpip_set_outputfunc
                0x000000000001c03d                tcp_connect
                0x000000000001c092                tcp_unlisten
                0x000000000001c0ed                tcp_listen
                0x000000000001c146                tcp_attach
                0x000000000001c16b                udp_attach
                0x000000000001c190                udp_new
                0x000000000001c1e2                udp_broadcast_new
                0x000000000001c456                tcpip_input
                0x000000000001c48a                tcpip_ipv6_output
                0x000000000001c82f                tcpip_poll_udp
                0x000000000001c852                tcpip_poll_tcp
                0x000000000001c875                tcpip_uipcall
 .text          0x000000000001c9e9      0x1c1 obj_cooja/mtype886.a(uip-debug.o)
                0x000000000001c9e9                uip_debug_ipaddr_print
                0x000000000001cb4b                uip_debug_lladdr_print
 .text          0x000000000001cbaa      0x141 obj_cooja/mtype886.a(uip-packetqueue)
                0x000000000001cbd6                uip_packetqueue_new
                0x000000000001cbe4                uip_packetqueue_alloc
                0x000000000001cc44                uip_packetqueue_free
                0x000000000001cc85                uip_packetqueue_buf
                0x000000000001cca2                uip_packetqueue_buflen
                0x000000000001ccc3                uip_packetqueue_set_buflen
 .text          0x000000000001cceb      0x131 obj_cooja/mtype886.a(uip-udp-packet.)
                0x000000000001cceb                uip_udp_packet_send
                0x000000000001cd4b                uip_udp_packet_sendto
 .text          0x000000000001ce1c     0x25b7 obj_cooja/mtype886.a(rpl-dag.o)
                0x000000000001ce1c                rpl_print_neighbor_list
                0x000000000001cec5                rpl_print_child_neighbor_list
                0x000000000001cf3a                rpl_get_nbr
                0x000000000001cf94                rpl_get_nbr_child
                0x000000000001cfee                rpl_dag_init
                0x000000000001d020                rpl_get_parent
                0x000000000001d042                rpl_get_parent_rank
                0x000000000001d075                rpl_get_parent_link_metric
                0x000000000001d0a8                rpl_get_parent_ipaddr
                0x000000000001d0d2                rpl_get_child_ipaddr
                0x000000000001d3ed                rpl_set_root
                0x000000000001d61b                rpl_repair_root
                0x000000000001d857                rpl_set_prefix
                0x000000000001d956                rpl_set_default_route
                0x000000000001d9e2                rpl_alloc_instance
                0x000000000001da75                rpl_alloc_dag
                0x000000000001db28                rpl_set_default_instance
                0x000000000001db35                rpl_get_default_instance
                0x000000000001db3f                rpl_free_instance
                0x000000000001dbf0                rpl_free_dag
                0x000000000001dc56                rpl_add_parent
                0x000000000001dd59                rpl_find_parent
                0x000000000001dd89                rpl_add_child
                0x000000000001de3c                rpl_find_child
                0x000000000001de8a                rpl_find_parent_any_dag
                0x000000000001dec6                rpl_select_dag
                0x000000000001e2f9                rpl_select_parent
                0x000000000001e35b                rpl_remove_parent
                0x000000000001e382                rpl_remove_child
                0x000000000001e3ad                rpl_nullify_parent
                0x000000000001e44b                rpl_move_parent
                0x000000000001e4e8                rpl_has_downward_route
                0x000000000001e541                rpl_get_any_dag
                0x000000000001e5ac                rpl_get_instance
                0x000000000001e618                rpl_find_of
                0x000000000001e655                rpl_join_instance
                0x000000000001e8d0                rpl_add_dag
                0x000000000001ecbf                rpl_local_repair
                0x000000000001ed98                rpl_recalculate_ranks
                0x000000000001ee1e                rpl_process_parent_event
                0x000000000001eed0                rpl_process_dio
 .text          0x000000000001f3d3      0xbf3 obj_cooja/mtype886.a(rpl-ext-header.)
                0x000000000001f3f0                rpl_verify_header
                0x000000000001f86a                rpl_update_header_empty
                0x000000000001fb81                rpl_update_header_final
                0x000000000001fd10                rpl_remove_header
                0x000000000001fe1a                rpl_invert_header
                0x000000000001ffa4                rpl_insert_header
 .text          0x000000000001ffc6     0x3426 obj_cooja/mtype886.a(rpl-icmp6.o)
                0x00000000000202d5                rpl_icmp6_update_nbr_table
                0x00000000000204a2                dis_output
                0x00000000000211f0                dio_output
                0x0000000000021fc2                dio_ack_output
                0x0000000000022e41                dao_output
                0x0000000000022f77                dao_output_target
                0x0000000000023394                dao_ack_output
                0x00000000000233a8                rpl_icmp6_register_handlers
 .text          0x00000000000233ec      0x299 obj_cooja/mtype886.a(rpl-jkof.o)
 .text          0x0000000000023685      0x904 obj_cooja/mtype886.a(rpl-timers.o)
                0x00000000000238cb                rpl_reset_periodic_timer
                0x0000000000023920                rpl_reset_dio_timer
                0x0000000000023b5a                rpl_schedule_dao
                0x0000000000023b75                rpl_schedule_dao_immediately
                0x0000000000023b90                rpl_cancel_dao
                0x0000000000023cbb                rpl_schedule_dio_ack
                0x0000000000023cd6                rpl_schedule_dio_ack_immediately
                0x0000000000023cf1                rpl_cancel_dio_ack
                0x0000000000023d43                rpl_schedule_unicast_dio_immediately
                0x0000000000023f31                rpl_schedule_probing
 .text          0x0000000000023f89      0x5c5 obj_cooja/mtype886.a(rpl.o)
                0x0000000000023f89                rpl_get_mode
                0x0000000000023f93                rpl_set_mode
                0x0000000000024021                rpl_purge_routes
                0x000000000002411b                rpl_remove_routes
                0x0000000000024161                rpl_remove_routes_by_nexthop
                0x00000000000241cd                rpl_add_route
                0x0000000000024248                rpl_link_neighbor_callback
                0x000000000002434d                rpl_ipv6_neighbor_callback
                0x00000000000243bc                rpl_purge_dags
                0x00000000000244c8                rpl_init
 .text          0x000000000002454e      0x3f5 obj_cooja/mtype886.a(framer-802154.o)
 .text          0x0000000000024943       0x5e obj_cooja/mtype886.a(nullmac.o)
 .text          0x00000000000249a1      0xf91 obj_cooja/mtype886.a(cxmac.o)
                0x0000000000025882                cxmac_set_announcement_radio_txpower
                0x0000000000025887                cxmac_init
 .text          0x0000000000025932       0x82 obj_cooja/mtype886.a(linkaddr.o)
                0x0000000000025932                linkaddr_copy
                0x0000000000025954                linkaddr_cmp
                0x000000000002597e                linkaddr_set_node_addr
                0x0000000000025999                linkaddr_set_node_long_addr
 .text          0x00000000000259b4      0x88c obj_cooja/mtype886.a(nbr-table.o)
                0x00000000000259b4                lladdr_map_add_lr
                0x0000000000025a71                lladdr_map_rm_lr
                0x0000000000025f36                nbr_table_register
                0x0000000000025f7e                nbr_table_head
                0x0000000000025fda                nbr_table_next
                0x0000000000026041                nbr_table_add_lladdr
                0x000000000002611d                nbr_table_get_from_lladdr
                0x000000000002616a                nbr_table_remove
                0x00000000000261bc                nbr_table_lock
                0x00000000000261e6                nbr_table_unlock
                0x0000000000026210                nbr_table_get_lladdr
 .text          0x0000000000026240       0x2b obj_cooja/mtype886.a(netstack.o)
                0x0000000000026240                netstack_init
 .text          0x000000000002626b      0x3cd obj_cooja/mtype886.a(packetbuf.o)
                0x000000000002626b                packetbuf_clear
                0x0000000000026295                packetbuf_copyfrom
                0x00000000000262e7                packetbuf_compact
                0x0000000000026364                packetbuf_copyto
                0x00000000000263fb                packetbuf_hdralloc
                0x0000000000026478                packetbuf_hdrreduce
                0x00000000000264c0                packetbuf_set_datalen
                0x00000000000264d9                packetbuf_dataptr
                0x00000000000264f6                packetbuf_hdrptr
                0x0000000000026500                packetbuf_datalen
                0x000000000002650c                packetbuf_hdrlen
                0x0000000000026523                packetbuf_totlen
                0x0000000000026539                packetbuf_attr_clear
                0x000000000002658b                packetbuf_attr_copyto
                0x00000000000265d4                packetbuf_attr_copyfrom
                0x000000000002661c                packetbuf_holds_broadcast
 .text          0x0000000000026638      0x2b4 obj_cooja/mtype886.a(queuebuf.o)
                0x0000000000026642                queuebuf_init
                0x0000000000026662                queuebuf_numfree
                0x0000000000026676                queuebuf_new_from_packetbuf
                0x0000000000026706                queuebuf_update_attr_from_packetbuf
                0x0000000000026739                queuebuf_update_from_packetbuf
                0x0000000000026783                queuebuf_free
                0x00000000000267ca                queuebuf_to_packetbuf
                0x0000000000026830                queuebuf_dataptr
                0x0000000000026867                queuebuf_datalen
                0x000000000002688a                queuebuf_addr
                0x00000000000268bc                queuebuf_attr
                0x00000000000268e7                queuebuf_debug_print
 .text          0x00000000000268ec       0x6e obj_cooja/mtype886.a(nullsec.o)
 .text          0x000000000002695a       0x19 obj_cooja/mtype886.a(watchdog.o)
                0x000000000002695a                watchdog_init
                0x000000000002695f                watchdog_start
                0x0000000000026964                watchdog_periodic
                0x0000000000026969                watchdog_stop
                0x000000000002696e                watchdog_reboot
 .text          0x0000000000026973        0x0 obj_cooja/mtype886.a(rimestats.o)
 .text          0x0000000000026973      0x134 obj_cooja/mtype886.a(leds.o)
                0x00000000000269c4                leds_init
                0x00000000000269d8                leds_blink
                0x0000000000026a10                leds_get
                0x0000000000026a1d                leds_set
                0x0000000000026a37                leds_on
                0x0000000000026a5a                leds_off
                0x0000000000026a84                leds_toggle
 .text          0x0000000000026aa7      0x1c1 obj_cooja/mtype886.a(memb.o)
                0x0000000000026aa7                memb_init
                0x0000000000026b05                memb_alloc
                0x0000000000026b6a                memb_free
                0x0000000000026be5                memb_inmemb
                0x0000000000026c24                memb_numfree
 .text          0x0000000000026c68      0xab2 obj_cooja/mtype886.a(uip-icmp6.o)
                0x0000000000026cd6                uip_icmp6_input
                0x0000000000026d2c                uip_icmp6_register_input_handler
                0x0000000000026ff4                uip_icmp6_error_output
                0x0000000000027339                uip_icmp6_send
                0x00000000000276ad                uip_icmp6_echo_reply_callback_add
                0x00000000000276de                uip_icmp6_echo_reply_callback_rm
                0x00000000000276fa                uip_icmp6_init
 .text          0x000000000002771a      0x358 obj_cooja/mtype886.a(uip-nd6.o)
                0x000000000002776e                uip_nd6_ns_output
                0x0000000000027a6d                uip_nd6_init
 .text          0x0000000000027a72      0x331 obj_cooja/mtype886.a(rpl-nbr-policy.)
                0x0000000000027c4a                find_removable_dis
                0x0000000000027c6d                find_removable_dio
                0x0000000000027cfc                find_removable_dao
                0x0000000000027d4c                rpl_nbr_policy_find_removable
 .text          0x0000000000027da3      0x97c obj_cooja/mtype886.a(frame802154.o)
                0x0000000000027dd4                frame802154_get_pan_id
                0x0000000000027de0                frame802154_set_pan_id
                0x0000000000027df9                frame802154_has_panid
                0x0000000000027ee5                frame802154_check_dest_panid
                0x0000000000027f4d                frame802154_is_broadcast_addr
                0x0000000000027f9a                frame802154_extract_linkaddr
                0x00000000000281da                frame802154_hdrlen
                0x000000000002822b                frame802154_create
                0x0000000000028416                frame802154_parse
 .text          0x000000000002871f       0x3c obj_cooja/mtype886.a(mac.o)
                0x000000000002871f                mac_call_sent_callback
 .text          0x000000000002875b        0x0 /usr/lib/gcc/i686-linux-gnu/4.8/crtendS.o
 .text          0x000000000002875b        0x0 /usr/lib/gcc/i686-linux-gnu/4.8/../../../i386-linux-gnu/crtn.o
 *(.gnu.warning)

.fini           0x000000000002875c       0x14
 *(SORT(.fini))
 .fini          0x000000000002875c        0xf /usr/lib/gcc/i686-linux-gnu/4.8/../../../i386-linux-gnu/crti.o
                0x000000000002875c                _fini
 .fini          0x000000000002876b        0x5 /usr/lib/gcc/i686-linux-gnu/4.8/../../../i386-linux-gnu/crtn.o
                0x0000000000028770                PROVIDE (__etext, .)
                0x0000000000028770                PROVIDE (_etext, .)
                0x0000000000028770                PROVIDE (etext, .)

.rodata         0x0000000000028780     0x1ae0
 *(.rodata .rodata.* .gnu.linkonce.r.*)
 .rodata        0x0000000000028780      0x256 udp-client.co
                0x0000000000028794                autostart_processes
 *fill*         0x00000000000289d6        0x2 
 .rodata        0x00000000000289d8      0x1e6 obj_cooja/mtype886.o
 *fill*         0x0000000000028bbe        0x2 
 .rodata        0x0000000000028bc0        0x8 obj_cooja/mtype886.a(beep.o)
                0x0000000000028bc0                beep_interface
 .rodata        0x0000000000028bc8       0x20 obj_cooja/mtype886.a(button-sensor.o)
                0x0000000000028bc8                button_interface
                0x0000000000028bd8                button_sensor
 .rodata        0x0000000000028be8        0x8 obj_cooja/mtype886.a(leds-arch.o)
                0x0000000000028be8                leds_interface
 .rodata        0x0000000000028bf0        0x8 obj_cooja/mtype886.a(moteid.o)
                0x0000000000028bf0                moteid_interface
 .rodata        0x0000000000028bf8       0x1c obj_cooja/mtype886.a(pir-sensor.o)
                0x0000000000028bf8                pir_interface
                0x0000000000028c04                pir_sensor
 .rodata        0x0000000000028c14        0xe obj_cooja/mtype886.a(rs232.o)
                0x0000000000028c14                rs232_interface
 *fill*         0x0000000000028c22        0x2 
 .rodata        0x0000000000028c24       0x24 obj_cooja/mtype886.a(vib-sensor.o)
                0x0000000000028c24                vib_interface
                0x0000000000028c38                vib_sensor
 .rodata        0x0000000000028c48        0x8 obj_cooja/mtype886.a(clock.o)
                0x0000000000028c48                clock_interface
 .rodata        0x0000000000028c50        0x8 obj_cooja/mtype886.a(log.o)
                0x0000000000028c50                simlog_interface
 .rodata        0x0000000000028c58       0x2f obj_cooja/mtype886.a(cfs-cooja.o)
                0x0000000000028c58                cfs_interface
 *fill*         0x0000000000028c87       0x19 
 .rodata        0x0000000000028ca0       0xe0 obj_cooja/mtype886.a(cooja-radio.o)
                0x0000000000028d40                cooja_radio_driver
                0x0000000000028d78                radio_interface
 .rodata        0x0000000000028d80        0x8 obj_cooja/mtype886.a(eeprom.o)
                0x0000000000028d80                eeprom_interface
 .rodata        0x0000000000028d88        0x8 obj_cooja/mtype886.a(sensors.o)
 .rodata        0x0000000000028d90      0x1f5 obj_cooja/mtype886.a(dual_conf.o)
 .rodata        0x0000000000028f85        0xf obj_cooja/mtype886.a(ctimer.o)
 .rodata        0x0000000000028f94        0xc obj_cooja/mtype886.a(etimer.o)
 .rodata        0x0000000000028fa0       0x73 obj_cooja/mtype886.a(log_message.o)
 *fill*         0x0000000000029013        0x1 
 .rodata        0x0000000000029014       0x20 obj_cooja/mtype886.a(residual.o)
 .rodata        0x0000000000029034        0xe obj_cooja/mtype886.a(serial-line.o)
 *fill*         0x0000000000029042        0x2 
 .rodata        0x0000000000029044       0x2c obj_cooja/mtype886.a(sicslowpan.o)
                0x0000000000029044                unc_llconf
                0x0000000000029048                unc_ctxconf
                0x000000000002904c                unc_mxconf
                0x0000000000029050                llprefix
                0x0000000000029064                sicslowpan_driver
 .rodata        0x0000000000029070      0x13c obj_cooja/mtype886.a(uip6.o)
 .rodata        0x00000000000291ac       0x29 obj_cooja/mtype886.a(tcpip.o)
 .rodata        0x00000000000291d5       0x3e obj_cooja/mtype886.a(uip-debug.o)
 *fill*         0x0000000000029213        0x1 
 .rodata        0x0000000000029214        0x4 obj_cooja/mtype886.a(rpl-dag.o)
 .rodata        0x0000000000029218      0xd24 obj_cooja/mtype886.a(rpl-icmp6.o)
 .rodata        0x0000000000029f3c        0xc obj_cooja/mtype886.a(framer-802154.o)
                0x0000000000029f3c                framer_802154
 .rodata        0x0000000000029f48       0x24 obj_cooja/mtype886.a(nullmac.o)
                0x0000000000029f50                nullmac_driver
 *fill*         0x0000000000029f6c       0x14 
 .rodata        0x0000000000029f80      0x2c0 obj_cooja/mtype886.a(cxmac.o)
                0x000000000002a220                cxmac_driver
 .rodata        0x000000000002a240        0x8 obj_cooja/mtype886.a(linkaddr.o)
                0x000000000002a240                linkaddr_null
 .rodata        0x000000000002a248       0x18 obj_cooja/mtype886.a(nullsec.o)
                0x000000000002a250                nullsec_driver

.rodata1
 *(.rodata1)

.eh_frame_hdr   0x000000000002a260     0x13f4
 *(.eh_frame_hdr)
 .eh_frame_hdr  0x000000000002a260     0x13f4 udp-client.co

.eh_frame       0x000000000002b654     0x513c
 *(.eh_frame)
 .eh_frame      0x000000000002b654       0x3c /usr/lib/gcc/i686-linux-gnu/4.8/../../../i386-linux-gnu/crti.o
                                         0x40 (size before relaxing)
 .eh_frame      0x000000000002b690       0xb8 udp-client.co
                                         0xd0 (size before relaxing)
 .eh_frame      0x000000000002b748      0x148 obj_cooja/mtype886.o
                                        0x160 (size before relaxing)
 .eh_frame      0x000000000002b890       0x40 obj_cooja/mtype886.a(simEnvChange.o)
                                         0x58 (size before relaxing)
 .eh_frame      0x000000000002b8d0       0xc0 obj_cooja/mtype886.a(cooja_mt.o)
                                         0xd8 (size before relaxing)
 .eh_frame      0x000000000002b990      0x120 obj_cooja/mtype886.a(cooja_mtarch.o)
                                        0x138 (size before relaxing)
 .eh_frame      0x000000000002bab0       0xc0 obj_cooja/mtype886.a(rtimer-arch.o)
                                         0xd8 (size before relaxing)
 .eh_frame      0x000000000002bb70      0x160 obj_cooja/mtype886.a(beep.o)
                                        0x178 (size before relaxing)
 .eh_frame      0x000000000002bcd0       0xa0 obj_cooja/mtype886.a(button-sensor.o)
                                         0xb8 (size before relaxing)
 .eh_frame      0x000000000002bd70       0xa0 obj_cooja/mtype886.a(leds-arch.o)
                                         0xb8 (size before relaxing)
 .eh_frame      0x000000000002be10       0x40 obj_cooja/mtype886.a(moteid.o)
                                         0x58 (size before relaxing)
 .eh_frame      0x000000000002be50       0xa0 obj_cooja/mtype886.a(pir-sensor.o)
                                         0xb8 (size before relaxing)
 .eh_frame      0x000000000002bef0      0x100 obj_cooja/mtype886.a(rs232.o)
                                        0x118 (size before relaxing)
 .eh_frame      0x000000000002bff0       0xa0 obj_cooja/mtype886.a(vib-sensor.o)
                                         0xb8 (size before relaxing)
 .eh_frame      0x000000000002c090       0xc0 obj_cooja/mtype886.a(clock.o)
                                         0xd8 (size before relaxing)
 .eh_frame      0x000000000002c150      0x120 obj_cooja/mtype886.a(log.o)
                                        0x138 (size before relaxing)
 .eh_frame      0x000000000002c270      0x160 obj_cooja/mtype886.a(cfs-cooja.o)
                                        0x178 (size before relaxing)
 .eh_frame      0x000000000002c3d0      0x2e4 obj_cooja/mtype886.a(cooja-radio.o)
                                        0x2fc (size before relaxing)
 .eh_frame      0x000000000002c6b4       0xa0 obj_cooja/mtype886.a(eeprom.o)
                                         0xb8 (size before relaxing)
 .eh_frame      0x000000000002c754       0x40 obj_cooja/mtype886.a(random.o)
                                         0x58 (size before relaxing)
 .eh_frame      0x000000000002c794       0xc0 obj_cooja/mtype886.a(sensors.o)
                                         0xd8 (size before relaxing)
 .eh_frame      0x000000000002c854      0x1a0 obj_cooja/mtype886.a(dual_conf.o)
                                        0x1b8 (size before relaxing)
 .eh_frame      0x000000000002c9f4       0x40 obj_cooja/mtype886.a(autostart.o)
                                         0x58 (size before relaxing)
 .eh_frame      0x000000000002ca34      0x100 obj_cooja/mtype886.a(ctimer.o)
                                        0x118 (size before relaxing)
 .eh_frame      0x000000000002cb34      0x1e0 obj_cooja/mtype886.a(etimer.o)
                                        0x1f8 (size before relaxing)
 .eh_frame      0x000000000002cd14       0x40 obj_cooja/mtype886.a(log_message.o)
                                         0x58 (size before relaxing)
 .eh_frame      0x000000000002cd54      0x1c8 obj_cooja/mtype886.a(process.o)
                                        0x1e0 (size before relaxing)
 .eh_frame      0x000000000002cf1c       0x2c obj_cooja/mtype886.a(residual.o)
                                         0x44 (size before relaxing)
 .eh_frame      0x000000000002cf48       0x60 obj_cooja/mtype886.a(rtimer.o)
                                         0x78 (size before relaxing)
 .eh_frame      0x000000000002cfa8       0xc4 obj_cooja/mtype886.a(stimer.o)
                                         0xdc (size before relaxing)
 .eh_frame      0x000000000002d06c       0xa4 obj_cooja/mtype886.a(timer.o)
                                         0xbc (size before relaxing)
 .eh_frame      0x000000000002d110       0x60 obj_cooja/mtype886.a(serial-line.o)
                                         0x78 (size before relaxing)
 .eh_frame      0x000000000002d170      0x180 obj_cooja/mtype886.a(list.o)
                                        0x198 (size before relaxing)
 .eh_frame      0x000000000002d2f0       0xa0 obj_cooja/mtype886.a(ringbuf.o)
                                         0xb8 (size before relaxing)
 .eh_frame      0x000000000002d390      0x350 obj_cooja/mtype886.a(sicslowpan.o)
                                        0x368 (size before relaxing)
 .eh_frame      0x000000000002d6e0      0x180 obj_cooja/mtype886.a(uip-ds6-nbr.o)
                                        0x198 (size before relaxing)
 .eh_frame      0x000000000002d860      0x2a0 obj_cooja/mtype886.a(uip-ds6-route.o)
                                        0x2b8 (size before relaxing)
 .eh_frame      0x000000000002db00      0x3c8 obj_cooja/mtype886.a(uip-ds6.o)
                                        0x3e0 (size before relaxing)
 .eh_frame      0x000000000002dec8      0x27c obj_cooja/mtype886.a(uip6.o)
                                        0x294 (size before relaxing)
 .eh_frame      0x000000000002e144      0x270 obj_cooja/mtype886.a(tcpip.o)
                                        0x288 (size before relaxing)
 .eh_frame      0x000000000002e3b4       0x48 obj_cooja/mtype886.a(uip-debug.o)
                                         0x60 (size before relaxing)
 .eh_frame      0x000000000002e3fc       0xe0 obj_cooja/mtype886.a(uip-packetqueue)
                                         0xf8 (size before relaxing)
 .eh_frame      0x000000000002e4dc       0x40 obj_cooja/mtype886.a(uip-udp-packet.)
                                         0x58 (size before relaxing)
 .eh_frame      0x000000000002e51c      0x74c obj_cooja/mtype886.a(rpl-dag.o)
                                        0x764 (size before relaxing)
 .eh_frame      0x000000000002ec68      0x10c obj_cooja/mtype886.a(rpl-ext-header.)
                                        0x124 (size before relaxing)
 .eh_frame      0x000000000002ed74      0x308 obj_cooja/mtype886.a(rpl-icmp6.o)
                                        0x320 (size before relaxing)
 .eh_frame      0x000000000002f07c       0xe0 obj_cooja/mtype886.a(rpl-jkof.o)
                                         0xf8 (size before relaxing)
 .eh_frame      0x000000000002f15c      0x2b0 obj_cooja/mtype886.a(rpl-timers.o)
                                        0x2c8 (size before relaxing)
 .eh_frame      0x000000000002f40c      0x148 obj_cooja/mtype886.a(rpl.o)
                                        0x160 (size before relaxing)
 .eh_frame      0x000000000002f554      0x108 obj_cooja/mtype886.a(framer-802154.o)
                                        0x120 (size before relaxing)
 .eh_frame      0x000000000002f65c       0xc0 obj_cooja/mtype886.a(nullmac.o)
                                         0xd8 (size before relaxing)
 .eh_frame      0x000000000002f71c      0x2a0 obj_cooja/mtype886.a(cxmac.o)
                                        0x2b8 (size before relaxing)
 .eh_frame      0x000000000002f9bc       0x80 obj_cooja/mtype886.a(linkaddr.o)
                                         0x98 (size before relaxing)
 .eh_frame      0x000000000002fa3c      0x2ac obj_cooja/mtype886.a(nbr-table.o)
                                        0x2c4 (size before relaxing)
 .eh_frame      0x000000000002fce8       0x20 obj_cooja/mtype886.a(netstack.o)
                                         0x38 (size before relaxing)
 .eh_frame      0x000000000002fd08      0x214 obj_cooja/mtype886.a(packetbuf.o)
                                        0x22c (size before relaxing)
 .eh_frame      0x000000000002ff1c      0x1a0 obj_cooja/mtype886.a(queuebuf.o)
                                        0x1b8 (size before relaxing)
 .eh_frame      0x00000000000300bc       0x80 obj_cooja/mtype886.a(nullsec.o)
                                         0x98 (size before relaxing)
 .eh_frame      0x000000000003013c       0xa0 obj_cooja/mtype886.a(watchdog.o)
                                         0xb8 (size before relaxing)
 .eh_frame      0x00000000000301dc      0x100 obj_cooja/mtype886.a(leds.o)
                                        0x118 (size before relaxing)
 .eh_frame      0x00000000000302dc       0xa0 obj_cooja/mtype886.a(memb.o)
                                         0xb8 (size before relaxing)
 .eh_frame      0x000000000003037c      0x164 obj_cooja/mtype886.a(uip-icmp6.o)
                                        0x17c (size before relaxing)
 .eh_frame      0x00000000000304e0       0x68 obj_cooja/mtype886.a(uip-nd6.o)
                                         0x80 (size before relaxing)
 .eh_frame      0x0000000000030548       0xc0 obj_cooja/mtype886.a(rpl-nbr-policy.)
                                         0xd8 (size before relaxing)
 .eh_frame      0x0000000000030608      0x164 obj_cooja/mtype886.a(frame802154.o)
                                        0x17c (size before relaxing)
 .eh_frame      0x000000000003076c       0x20 obj_cooja/mtype886.a(mac.o)
                                         0x38 (size before relaxing)
 .eh_frame      0x000000000003078c        0x4 /usr/lib/gcc/i686-linux-gnu/4.8/crtendS.o

.gcc_except_table
 *(.gcc_except_table .gcc_except_table.*)

.exception_ranges
 *(.exception_ranges .exception_ranges*)
                0x0000000000030790                . = (ALIGN (0x1000) - ((0x1000 - .) & 0xfff))
                0x0000000000031ef8                . = DATA_SEGMENT_ALIGN (0x1000, 0x1000)

.eh_frame
 *(.eh_frame)

.gcc_except_table
 *(.gcc_except_table .gcc_except_table.*)

.exception_ranges
 *(.exception_ranges .exception_ranges*)

.tdata
 *(.tdata .tdata.* .gnu.linkonce.td.*)

.tbss
 *(.tbss .tbss.* .gnu.linkonce.tb.*)
 *(.tcommon)

.preinit_array
 *(.preinit_array)

.init_array     0x0000000000031ef8        0x4
 *(SORT(.init_array.*) SORT(.ctors.*))
 *(.init_array EXCLUDE_FILE(*crtend?.o *crtend.o *crtbegin?.o *crtbegin.o) .ctors)
 .init_array    0x0000000000031ef8        0x4 /usr/lib/gcc/i686-linux-gnu/4.8/crtbeginS.o

.fini_array     0x0000000000031efc        0x4
 *(SORT(.fini_array.*) SORT(.dtors.*))
 *(.fini_array EXCLUDE_FILE(*crtend?.o *crtend.o *crtbegin?.o *crtbegin.o) .dtors)
 .fini_array    0x0000000000031efc        0x4 /usr/lib/gcc/i686-linux-gnu/4.8/crtbeginS.o

.ctors
 *crtbegin.o(.ctors)
 *crtbegin?.o(.ctors)
 *(EXCLUDE_FILE(*crtend?.o *crtend.o) .ctors)
 *(SORT(.ctors.*))
 *(.ctors)

.dtors
 *crtbegin.o(.dtors)
 *crtbegin?.o(.dtors)
 *(EXCLUDE_FILE(*crtend?.o *crtend.o) .dtors)
 *(SORT(.dtors.*))
 *(.dtors)

.jcr            0x0000000000031f00        0x4
 *(.jcr)
 .jcr           0x0000000000031f00        0x0 /usr/lib/gcc/i686-linux-gnu/4.8/crtbeginS.o
 .jcr           0x0000000000031f00        0x4 /usr/lib/gcc/i686-linux-gnu/4.8/crtendS.o

.data.rel.ro
 *(.data.rel.ro.local* .gnu.linkonce.d.rel.ro.local.*)
 *(.data.rel.ro .data.rel.ro.* .gnu.linkonce.d.rel.ro.*)

.dynamic        0x0000000000031f04       0xe8
 *(.dynamic)
 .dynamic       0x0000000000031f04       0xe8 /usr/lib/gcc/i686-linux-gnu/4.8/../../../i386-linux-gnu/crti.o
                0x0000000000031f04                _DYNAMIC

.got            0x0000000000031fec       0x14
 *(.got)
 .got           0x0000000000031fec       0x14 /usr/lib/gcc/i686-linux-gnu/4.8/../../../i386-linux-gnu/crti.o
 *(.igot)
                0x0000000000032ff4                . = DATA_SEGMENT_RELRO_END (., (SIZEOF (.got.plt) >= 0xc)?0xc:0x0)

.got.plt        0x0000000000032000       0x14
 *(.got.plt)
 .got.plt       0x0000000000032000       0x14 /usr/lib/gcc/i686-linux-gnu/4.8/../../../i386-linux-gnu/crti.o
                0x0000000000032000                _GLOBAL_OFFSET_TABLE_
 *(.igot.plt)

.data           0x0000000000032020      0x27a
 *(.data .data.* .gnu.linkonce.d.*)
 .data          0x0000000000032020        0x0 /usr/lib/gcc/i686-linux-gnu/4.8/../../../i386-linux-gnu/crti.o
 .data          0x0000000000032020        0x0 /usr/lib/gcc/i686-linux-gnu/4.8/crtbeginS.o
 .data.rel      0x0000000000032020        0x4 /usr/lib/gcc/i686-linux-gnu/4.8/crtbeginS.o
                0x0000000000032020                __dso_handle
 .data          0x0000000000032024       0x10 udp-client.co
                0x0000000000032024                udp_client_process
 *fill*         0x0000000000032034        0xc 
 .data          0x0000000000032040       0x44 obj_cooja/mtype886.o
                0x0000000000032040                simInterfaces
                0x0000000000032074                sensors
 .data          0x0000000000032084        0x0 obj_cooja/mtype886.a(simEnvChange.o)
 .data          0x0000000000032084        0x0 obj_cooja/mtype886.a(cooja_mt.o)
 .data          0x0000000000032084        0x0 obj_cooja/mtype886.a(cooja_mtarch.o)
 .data          0x0000000000032084        0x0 obj_cooja/mtype886.a(rtimer-arch.o)
 .data          0x0000000000032084        0x0 obj_cooja/mtype886.a(beep.o)
 .data          0x0000000000032084        0x0 obj_cooja/mtype886.a(button-sensor.o)
 .data          0x0000000000032084        0x0 obj_cooja/mtype886.a(leds-arch.o)
 .data          0x0000000000032084        0x0 obj_cooja/mtype886.a(moteid.o)
 .data          0x0000000000032084        0x0 obj_cooja/mtype886.a(pir-sensor.o)
 .data          0x0000000000032084        0x0 obj_cooja/mtype886.a(rs232.o)
 .data          0x0000000000032084        0x0 obj_cooja/mtype886.a(vib-sensor.o)
 .data          0x0000000000032084        0x0 obj_cooja/mtype886.a(clock.o)
 .data          0x0000000000032084        0x0 obj_cooja/mtype886.a(log.o)
 .data          0x0000000000032084        0x0 obj_cooja/mtype886.a(cfs-cooja.o)
 .data          0x0000000000032084       0x38 obj_cooja/mtype886.a(cooja-radio.o)
                0x0000000000032084                simRadioChannel
                0x0000000000032088                simRadioChannelLR
                0x000000000003208c                simRadioHWOn
                0x000000000003208d                simRadioHWOnLR
                0x0000000000032090                simSignalStrength
                0x0000000000032094                simSignalStrengthLR
                0x0000000000032098                simLastSignalStrength
                0x000000000003209c                simLastSignalStrengthLR
                0x00000000000320a0                simPower
                0x00000000000320a1                simPowerLR
                0x00000000000320a4                simLQI
                0x00000000000320a8                simLQILR
                0x00000000000320ac                cooja_radio_process
 .data          0x00000000000320bc        0x0 obj_cooja/mtype886.a(eeprom.o)
 .data          0x00000000000320bc        0x0 obj_cooja/mtype886.a(random.o)
 .data          0x00000000000320bc       0x10 obj_cooja/mtype886.a(sensors.o)
                0x00000000000320bc                sensors_process
 .data          0x00000000000320cc       0x34 obj_cooja/mtype886.a(dual_conf.o)
                0x00000000000320cc                radio_received
                0x00000000000320d0                dual_dio_broadcast
                0x00000000000320e0                dual_dis_broadcast
                0x00000000000320f0                dual_dio_ack_broadcast
 .data          0x0000000000032100        0x0 obj_cooja/mtype886.a(autostart.o)
 .data          0x0000000000032100       0x14 obj_cooja/mtype886.a(ctimer.o)
                0x0000000000032104                ctimer_process
 .data          0x0000000000032114       0x10 obj_cooja/mtype886.a(etimer.o)
                0x0000000000032114                etimer_process
 .data          0x0000000000032124        0x0 obj_cooja/mtype886.a(log_message.o)
 .data          0x0000000000032124        0x0 obj_cooja/mtype886.a(process.o)
 .data          0x0000000000032124        0x0 obj_cooja/mtype886.a(residual.o)
 .data          0x0000000000032124        0x0 obj_cooja/mtype886.a(rtimer.o)
 .data          0x0000000000032124        0x0 obj_cooja/mtype886.a(stimer.o)
 .data          0x0000000000032124        0x0 obj_cooja/mtype886.a(timer.o)
 .data          0x0000000000032124       0x10 obj_cooja/mtype886.a(serial-line.o)
                0x0000000000032124                serial_line_process
 .data          0x0000000000032134        0x0 obj_cooja/mtype886.a(list.o)
 .data          0x0000000000032134        0x0 obj_cooja/mtype886.a(ringbuf.o)
 .data          0x0000000000032134        0x0 obj_cooja/mtype886.a(sicslowpan.o)
 .data          0x0000000000032134       0x14 obj_cooja/mtype886.a(uip-ds6-nbr.o)
                0x0000000000032144                ds6_neighbors
 .data          0x0000000000032148       0x44 obj_cooja/mtype886.a(uip-ds6-route.o)
                0x0000000000032158                nbr_routes
 .data          0x000000000003218c        0x0 obj_cooja/mtype886.a(uip-ds6.o)
 .data          0x000000000003218c        0x0 obj_cooja/mtype886.a(uip6.o)
 .data          0x000000000003218c       0x10 obj_cooja/mtype886.a(tcpip.o)
                0x000000000003218c                tcpip_process
 .data          0x000000000003219c        0x0 obj_cooja/mtype886.a(uip-debug.o)
 .data          0x000000000003219c        0xc obj_cooja/mtype886.a(uip-packetqueue)
 .data          0x00000000000321a8        0x0 obj_cooja/mtype886.a(uip-udp-packet.)
 .data          0x00000000000321a8       0x28 obj_cooja/mtype886.a(rpl-dag.o)
                0x00000000000321b8                rpl_parents
                0x00000000000321cc                rpl_children
 .data          0x00000000000321d0        0x0 obj_cooja/mtype886.a(rpl-ext-header.)
 .data          0x00000000000321d0       0x40 obj_cooja/mtype886.a(rpl-icmp6.o)
 .data          0x0000000000032210       0x1c obj_cooja/mtype886.a(rpl-jkof.o)
                0x0000000000032210                rpl_jkof
 .data          0x000000000003222c        0x0 obj_cooja/mtype886.a(rpl-timers.o)
 .data          0x000000000003222c        0x0 obj_cooja/mtype886.a(rpl.o)
 .data          0x000000000003222c        0x0 obj_cooja/mtype886.a(framer-802154.o)
 .data          0x000000000003222c        0x0 obj_cooja/mtype886.a(nullmac.o)
 .data          0x000000000003222c       0x20 obj_cooja/mtype886.a(cxmac.o)
                0x000000000003222c                cxmac_config
 .data          0x000000000003224c        0x0 obj_cooja/mtype886.a(linkaddr.o)
 .data          0x000000000003224c       0x10 obj_cooja/mtype886.a(nbr-table.o)
 .data          0x000000000003225c        0x0 obj_cooja/mtype886.a(netstack.o)
 .data          0x000000000003225c        0x4 obj_cooja/mtype886.a(packetbuf.o)
 .data          0x0000000000032260       0x18 obj_cooja/mtype886.a(queuebuf.o)
 .data          0x0000000000032278        0x0 obj_cooja/mtype886.a(nullsec.o)
 .data          0x0000000000032278        0x0 obj_cooja/mtype886.a(watchdog.o)
 .data          0x0000000000032278        0x0 obj_cooja/mtype886.a(rimestats.o)
 .data          0x0000000000032278        0x0 obj_cooja/mtype886.a(leds.o)
 .data          0x0000000000032278        0x0 obj_cooja/mtype886.a(memb.o)
 .data          0x0000000000032278       0x20 obj_cooja/mtype886.a(uip-icmp6.o)
 .data          0x0000000000032298        0x0 obj_cooja/mtype886.a(uip-nd6.o)
 .data          0x0000000000032298        0x0 obj_cooja/mtype886.a(rpl-nbr-policy.)
 .data          0x0000000000032298        0x2 obj_cooja/mtype886.a(frame802154.o)
 .data          0x000000000003229a        0x0 obj_cooja/mtype886.a(mac.o)
 .data          0x000000000003229a        0x0 /usr/lib/gcc/i686-linux-gnu/4.8/crtendS.o
 .data          0x000000000003229a        0x0 /usr/lib/gcc/i686-linux-gnu/4.8/../../../i386-linux-gnu/crtn.o

.tm_clone_table
                0x000000000003229c        0x0
 .tm_clone_table
                0x000000000003229c        0x0 /usr/lib/gcc/i686-linux-gnu/4.8/crtbeginS.o
 .tm_clone_table
                0x000000000003229c        0x0 /usr/lib/gcc/i686-linux-gnu/4.8/crtendS.o

.data1
 *(.data1)
                0x000000000003229c                _edata = .
                0x000000000003229c                PROVIDE (edata, .)
                0x000000000003229c                . = .
                0x000000000003229c                __bss_start = .

.bss            0x00000000000322a0     0x84a8
 *(.dynbss)
 .dynbss        0x0000000000000000        0x0 /usr/lib/gcc/i686-linux-gnu/4.8/../../../i386-linux-gnu/crti.o
 *(.bss .bss.* .gnu.linkonce.b.*)
 .bss           0x00000000000322a0        0x0 /usr/lib/gcc/i686-linux-gnu/4.8/../../../i386-linux-gnu/crti.o
 .bss           0x00000000000322a0        0x1 /usr/lib/gcc/i686-linux-gnu/4.8/crtbeginS.o
 *fill*         0x00000000000322a1       0x1f 
 .bss           0x00000000000322c0       0x60 udp-client.co
                0x00000000000322c0                my_weight
 .bss           0x0000000000032320     0x2030 obj_cooja/mtype886.o
 .bss           0x0000000000034350        0x1 obj_cooja/mtype886.a(simEnvChange.o)
                0x0000000000034350                simDontFallAsleep
 *fill*         0x0000000000034351        0x3 
 .bss           0x0000000000034354        0x4 obj_cooja/mtype886.a(cooja_mt.o)
 .bss           0x0000000000034358        0x4 obj_cooja/mtype886.a(cooja_mtarch.o)
 .bss           0x000000000003435c        0xc obj_cooja/mtype886.a(rtimer-arch.o)
 .bss           0x0000000000034368        0x0 obj_cooja/mtype886.a(beep.o)
 .bss           0x0000000000034368        0x8 obj_cooja/mtype886.a(button-sensor.o)
 .bss           0x0000000000034370        0x0 obj_cooja/mtype886.a(leds-arch.o)
 .bss           0x0000000000034370        0x0 obj_cooja/mtype886.a(moteid.o)
 .bss           0x0000000000034370        0x1 obj_cooja/mtype886.a(pir-sensor.o)
                0x0000000000034370                simPirValue
 *fill*         0x0000000000034371        0x3 
 .bss           0x0000000000034374        0x4 obj_cooja/mtype886.a(rs232.o)
 .bss           0x0000000000034378        0x1 obj_cooja/mtype886.a(vib-sensor.o)
                0x0000000000034378                simVibValue
 .bss           0x0000000000034379        0x0 obj_cooja/mtype886.a(clock.o)
 *fill*         0x0000000000034379        0x7 
 .bss           0x0000000000034380      0x420 obj_cooja/mtype886.a(log.o)
 .bss           0x00000000000347a0      0xfc0 obj_cooja/mtype886.a(cfs-cooja.o)
                0x00000000000347a0                simCFSData
                0x0000000000035740                simCFSSize
                0x0000000000035744                simCFSChanged
                0x0000000000035748                simCFSRead
                0x000000000003574c                simCFSWritten
 .bss           0x0000000000035760       0x20 obj_cooja/mtype886.a(cooja-radio.o)
                0x0000000000035760                simReceiving
                0x0000000000035761                simReceivingLR
                0x0000000000035764                simInSize
                0x0000000000035768                simInSizeLR
                0x000000000003576c                simOutSize
                0x0000000000035770                simOutSizeLR
                0x0000000000035774                LongRangeTransmit
                0x0000000000035778                LongRangeReceiving
 .bss           0x0000000000035780        0xc obj_cooja/mtype886.a(eeprom.o)
                0x0000000000035780                simEEPROMChanged
                0x0000000000035784                simEEPROMRead
                0x0000000000035788                simEEPROMWritten
 .bss           0x000000000003578c        0x0 obj_cooja/mtype886.a(random.o)
 .bss           0x000000000003578c        0xc obj_cooja/mtype886.a(sensors.o)
 .bss           0x0000000000035798       0x38 obj_cooja/mtype886.a(dual_conf.o)
                0x0000000000035798                long_range_radio
 .bss           0x00000000000357d0        0x0 obj_cooja/mtype886.a(autostart.o)
 .bss           0x00000000000357d0        0x5 obj_cooja/mtype886.a(ctimer.o)
 *fill*         0x00000000000357d5        0x3 
 .bss           0x00000000000357d8        0x8 obj_cooja/mtype886.a(etimer.o)
 .bss           0x00000000000357e0        0x0 obj_cooja/mtype886.a(log_message.o)
 .bss           0x00000000000357e0      0x1b1 obj_cooja/mtype886.a(process.o)
                0x00000000000357e0                process_list
                0x00000000000357e4                process_current
 .bss           0x0000000000035991        0x0 obj_cooja/mtype886.a(residual.o)
 *fill*         0x0000000000035991        0x3 
 .bss           0x0000000000035994        0x4 obj_cooja/mtype886.a(rtimer.o)
 .bss           0x0000000000035998        0x0 obj_cooja/mtype886.a(stimer.o)
 .bss           0x0000000000035998        0x0 obj_cooja/mtype886.a(timer.o)
 *fill*         0x0000000000035998        0x8 
 .bss           0x00000000000359a0      0x140 obj_cooja/mtype886.a(serial-line.o)
 .bss           0x0000000000035ae0        0x0 obj_cooja/mtype886.a(list.o)
 .bss           0x0000000000035ae0        0x0 obj_cooja/mtype886.a(ringbuf.o)
 .bss           0x0000000000035ae0      0x70c obj_cooja/mtype886.a(sicslowpan.o)
 *fill*         0x00000000000361ec       0x14 
 .bss           0x0000000000036200      0x1e0 obj_cooja/mtype886.a(uip-ds6-nbr.o)
 .bss           0x00000000000363e0      0x308 obj_cooja/mtype886.a(uip-ds6-route.o)
 .bss           0x00000000000366e8       0x30 obj_cooja/mtype886.a(uip-ds6.o)
 .bss           0x0000000000036718        0xe obj_cooja/mtype886.a(uip6.o)
                0x0000000000036718                uip_ext_bitmap
                0x0000000000036719                uip_ext_len
                0x000000000003671a                uip_ext_opt_offset
 *fill*         0x0000000000036726       0x1a 
 .bss           0x0000000000036740       0x6a obj_cooja/mtype886.a(tcpip.o)
 .bss           0x00000000000367aa        0x0 obj_cooja/mtype886.a(uip-debug.o)
 *fill*         0x00000000000367aa       0x16 
 .bss           0x00000000000367c0      0xcf8 obj_cooja/mtype886.a(uip-packetqueue)
 .bss           0x00000000000374b8        0x0 obj_cooja/mtype886.a(uip-udp-packet.)
 *fill*         0x00000000000374b8        0x8 
 .bss           0x00000000000374c0      0x1a4 obj_cooja/mtype886.a(rpl-dag.o)
 .bss           0x0000000000037664        0x0 obj_cooja/mtype886.a(rpl-ext-header.)
 .bss           0x0000000000037664        0x0 obj_cooja/mtype886.a(rpl-icmp6.o)
 .bss           0x0000000000037664        0x0 obj_cooja/mtype886.a(rpl-jkof.o)
 *fill*         0x0000000000037664       0x1c 
 .bss           0x0000000000037680       0x23 obj_cooja/mtype886.a(rpl-timers.o)
 *fill*         0x00000000000376a3        0x1 
 .bss           0x00000000000376a4        0x4 obj_cooja/mtype886.a(rpl.o)
 .bss           0x00000000000376a8        0x2 obj_cooja/mtype886.a(framer-802154.o)
 .bss           0x00000000000376aa        0x0 obj_cooja/mtype886.a(nullmac.o)
 *fill*         0x00000000000376aa       0x16 
 .bss           0x00000000000376c0       0xa0 obj_cooja/mtype886.a(cxmac.o)
 .bss           0x0000000000037760        0x0 obj_cooja/mtype886.a(linkaddr.o)
 .bss           0x0000000000037760      0x174 obj_cooja/mtype886.a(nbr-table.o)
 .bss           0x00000000000378d4        0x0 obj_cooja/mtype886.a(netstack.o)
 *fill*         0x00000000000378d4        0xc 
 .bss           0x00000000000378e0       0xa0 obj_cooja/mtype886.a(packetbuf.o)
 .bss           0x0000000000037980      0xb80 obj_cooja/mtype886.a(queuebuf.o)
 .bss           0x0000000000038500        0x0 obj_cooja/mtype886.a(nullsec.o)
 .bss           0x0000000000038500        0x0 obj_cooja/mtype886.a(watchdog.o)
 .bss           0x0000000000038500        0x0 obj_cooja/mtype886.a(rimestats.o)
 .bss           0x0000000000038500        0x1 obj_cooja/mtype886.a(leds.o)
 .bss           0x0000000000038501        0x0 obj_cooja/mtype886.a(memb.o)
 *fill*         0x0000000000038501        0x3 
 .bss           0x0000000000038504       0x18 obj_cooja/mtype886.a(uip-icmp6.o)
 .bss           0x000000000003851c        0x0 obj_cooja/mtype886.a(uip-nd6.o)
 *fill*         0x000000000003851c        0x4 
 .bss           0x0000000000038520       0x44 obj_cooja/mtype886.a(rpl-nbr-policy.)
 .bss           0x0000000000038564        0x0 obj_cooja/mtype886.a(frame802154.o)
 .bss           0x0000000000038564        0x0 obj_cooja/mtype886.a(mac.o)
 .bss           0x0000000000038564        0x0 /usr/lib/gcc/i686-linux-gnu/4.8/crtendS.o
 .bss           0x0000000000038564        0x0 /usr/lib/gcc/i686-linux-gnu/4.8/../../../i386-linux-gnu/crtn.o
 *(COMMON)
 COMMON         0x0000000000038564       0x41 udp-client.co
                0x0000000000038564                dio_count
                0x0000000000038568                dis_count
                0x000000000003856c                collision_count
                0x0000000000038570                transmission_count
                0x0000000000038574                COOJA_radioRxLong
                0x0000000000038578                control_message_count
                0x000000000003857c                dao_count
                0x0000000000038580                COOJA_radioTx
                0x0000000000038584                data_message_count
                0x0000000000038588                my_sink_reachability
                0x000000000003858c                COOJA_radioTxLong
                0x0000000000038590                COOJA_radioRx
                0x0000000000038594                COOJA_radioOn
                0x0000000000038598                COOJA_duration
                0x000000000003859c                dio_ack_count
                0x00000000000385a0                COOJA_radioOnLong
                0x00000000000385a4                my_child_number
 *fill*         0x00000000000385a5        0x3 
 COMMON         0x00000000000385a8        0xc obj_cooja/mtype886.o
                0x00000000000385a8                referenceVar
                0x00000000000385ac                debugfp
                0x00000000000385b0                sensors_flags
 COMMON         0x00000000000385b4        0xc obj_cooja/mtype886.a(simEnvChange.o)
                0x00000000000385b4                simEtimerPending
                0x00000000000385b8                simProcessRunValue
                0x00000000000385bc                simNextExpirationTime
 COMMON         0x00000000000385c0        0x1 obj_cooja/mtype886.a(beep.o)
                0x00000000000385c0                simBeeped
 COMMON         0x00000000000385c1        0x3 obj_cooja/mtype886.a(button-sensor.o)
                0x00000000000385c1                simButtonIsActive
                0x00000000000385c2                simButtonIsDown
                0x00000000000385c3                simButtonChanged
 COMMON         0x00000000000385c4        0x1 obj_cooja/mtype886.a(leds-arch.o)
                0x00000000000385c4                simLedsValue
 *fill*         0x00000000000385c5        0x3 
 COMMON         0x00000000000385c8        0xc obj_cooja/mtype886.a(moteid.o)
                0x00000000000385c8                simRandomSeed
                0x00000000000385cc                simMoteIDChanged
                0x00000000000385d0                simMoteID
 COMMON         0x00000000000385d4        0x2 obj_cooja/mtype886.a(pir-sensor.o)
                0x00000000000385d4                simPirIsActive
                0x00000000000385d5                simPirChanged
 *fill*         0x00000000000385d6        0xa 
 COMMON         0x00000000000385e0      0x820 obj_cooja/mtype886.a(rs232.o)
                0x00000000000385e0                simSerialReceivingFlag
                0x00000000000385e4                simSerialReceivingLength
                0x0000000000038600                simSerialReceivingData
 COMMON         0x0000000000038e00        0x2 obj_cooja/mtype886.a(vib-sensor.o)
                0x0000000000038e00                simVibChanged
                0x0000000000038e01                simVibIsActive
 *fill*         0x0000000000038e02        0x2 
 COMMON         0x0000000000038e04        0x4 obj_cooja/mtype886.a(clock.o)
                0x0000000000038e04                simCurrentTime
 *fill*         0x0000000000038e08       0x18 
 COMMON         0x0000000000038e20      0x420 obj_cooja/mtype886.a(log.o)
                0x0000000000038e20                simLoggedLength
                0x0000000000038e24                simLoggedFlag
                0x0000000000038e40                simLoggedData
 COMMON         0x0000000000039240      0x240 obj_cooja/mtype886.a(cooja-radio.o)
                0x0000000000039240                simOutDataBuffer
                0x00000000000392c0                simRadioTarget
                0x00000000000392e0                simInDataBufferLR
                0x0000000000039360                simOutDataBufferLR
                0x00000000000393e0                dual_duty_cycle_count
                0x0000000000039400                simInDataBuffer
 COMMON         0x0000000000039480      0x400 obj_cooja/mtype886.a(eeprom.o)
                0x0000000000039480                simEEPROMData
 COMMON         0x0000000000039880        0x1 obj_cooja/mtype886.a(sensors.o)
                0x0000000000039880                sensors_event
 *fill*         0x0000000000039881        0x3 
 COMMON         0x0000000000039884        0x4 obj_cooja/mtype886.a(log_message.o)
                0x0000000000039884                log_fp
 COMMON         0x0000000000039888        0x1 obj_cooja/mtype886.a(serial-line.o)
                0x0000000000039888                serial_line_event_message
 *fill*         0x0000000000039889       0x17 
 COMMON         0x00000000000398a0       0xc8 obj_cooja/mtype886.a(uip-ds6-nbr.o)
                0x00000000000398a0                ds6_lr_addrmap
 *fill*         0x0000000000039968       0x18 
 COMMON         0x0000000000039980      0x298 obj_cooja/mtype886.a(uip-ds6.o)
                0x0000000000039980                uip_ds6_prefix_list
                0x00000000000399e0                uip_ds6_timer_periodic
                0x00000000000399f0                uip_ds6_netif_addr_list_offset
                0x0000000000039a00                uip_ds6_if
                0x0000000000039af8                uip_ds6_timer_ra
                0x0000000000039b00                uip_ds6_addr_size
                0x0000000000039b20                long_uip_ds6_if
 *fill*         0x0000000000039c18        0x8 
 COMMON         0x0000000000039c20      0x8ec obj_cooja/mtype886.a(uip6.o)
                0x0000000000039c20                uip_slen
                0x0000000000039c22                uip_acc32
                0x0000000000039c40                uip_conns
                0x0000000000039d00                uip_lladdr
                0x0000000000039d08                uip_appdata
                0x0000000000039d0c                uip_flags
                0x0000000000039d20                uip_aligned_buf
                0x000000000003a360                uip_listenports
                0x000000000003a370                uip_len
                0x000000000003a372                uip_long_lladdr
                0x000000000003a37c                uip_sappdata
                0x000000000003a380                uip_udp_conns
                0x000000000003a500                uip_udp_conn
                0x000000000003a504                uip_next_hdr
                0x000000000003a508                uip_conn
 COMMON         0x000000000003a50c        0x1 obj_cooja/mtype886.a(tcpip.o)
                0x000000000003a50c                tcpip_event
 *fill*         0x000000000003a50d       0x13 
 COMMON         0x000000000003a520      0x1a0 obj_cooja/mtype886.a(rpl-dag.o)
                0x000000000003a520                default_instance
                0x000000000003a540                instance_table
 COMMON         0x000000000003a6c0       0x10 obj_cooja/mtype886.a(linkaddr.o)
                0x000000000003a6c0                linkaddr_node_addr
                0x000000000003a6c8                long_linkaddr_node_addr
 COMMON         0x000000000003a6d0       0x2e obj_cooja/mtype886.a(packetbuf.o)
                0x000000000003a6d0                packetbuf_attrs
                0x000000000003a6ee                packetbuf_addrs
 *fill*         0x000000000003a6fe        0x2 
 COMMON         0x000000000003a700       0x48 obj_cooja/mtype886.a(rimestats.o)
                0x000000000003a700                rimestats
                0x000000000003a748                . = ALIGN ((. != 0x0)?0x4:0x1)
                0x000000000003a748                . = ALIGN (0x4)
                0x000000000003a748                . = SEGMENT_START ("ldata-segment", .)
                0x000000000003a748                . = ALIGN (0x4)
                0x000000000003a748                _end = .
                0x000000000003a748                PROVIDE (end, .)
                0x000000000003a748                . = DATA_SEGMENT_END (.)

.stab
 *(.stab)

.stabstr
 *(.stabstr)

.stab.excl
 *(.stab.excl)

.stab.exclstr
 *(.stab.exclstr)

.stab.index
 *(.stab.index)

.stab.indexstr
 *(.stab.indexstr)

.comment        0x0000000000000000       0x29
 *(.comment)
 .comment       0x0000000000000000       0x29 /usr/lib/gcc/i686-linux-gnu/4.8/crtbeginS.o
                                         0x2a (size before relaxing)
 .comment       0x0000000000000000       0x2a udp-client.co
 .comment       0x0000000000000000       0x2a obj_cooja/mtype886.o
 .comment       0x0000000000000000       0x2a obj_cooja/mtype886.a(simEnvChange.o)
 .comment       0x0000000000000000       0x2a obj_cooja/mtype886.a(cooja_mt.o)
 .comment       0x0000000000000000       0x2a obj_cooja/mtype886.a(cooja_mtarch.o)
 .comment       0x0000000000000000       0x2a obj_cooja/mtype886.a(rtimer-arch.o)
 .comment       0x0000000000000000       0x2a obj_cooja/mtype886.a(beep.o)
 .comment       0x0000000000000000       0x2a obj_cooja/mtype886.a(button-sensor.o)
 .comment       0x0000000000000000       0x2a obj_cooja/mtype886.a(leds-arch.o)
 .comment       0x0000000000000000       0x2a obj_cooja/mtype886.a(moteid.o)
 .comment       0x0000000000000000       0x2a obj_cooja/mtype886.a(pir-sensor.o)
 .comment       0x0000000000000000       0x2a obj_cooja/mtype886.a(rs232.o)
 .comment       0x0000000000000000       0x2a obj_cooja/mtype886.a(vib-sensor.o)
 .comment       0x0000000000000000       0x2a obj_cooja/mtype886.a(clock.o)
 .comment       0x0000000000000000       0x2a obj_cooja/mtype886.a(log.o)
 .comment       0x0000000000000000       0x2a obj_cooja/mtype886.a(cfs-cooja.o)
 .comment       0x0000000000000000       0x2a obj_cooja/mtype886.a(cooja-radio.o)
 .comment       0x0000000000000000       0x2a obj_cooja/mtype886.a(eeprom.o)
 .comment       0x0000000000000000       0x2a obj_cooja/mtype886.a(random.o)
 .comment       0x0000000000000000       0x2a obj_cooja/mtype886.a(sensors.o)
 .comment       0x0000000000000000       0x2a obj_cooja/mtype886.a(dual_conf.o)
 .comment       0x0000000000000000       0x2a obj_cooja/mtype886.a(autostart.o)
 .comment       0x0000000000000000       0x2a obj_cooja/mtype886.a(ctimer.o)
 .comment       0x0000000000000000       0x2a obj_cooja/mtype886.a(etimer.o)
 .comment       0x0000000000000000       0x2a obj_cooja/mtype886.a(log_message.o)
 .comment       0x0000000000000000       0x2a obj_cooja/mtype886.a(process.o)
 .comment       0x0000000000000000       0x2a obj_cooja/mtype886.a(residual.o)
 .comment       0x0000000000000000       0x2a obj_cooja/mtype886.a(rtimer.o)
 .comment       0x0000000000000000       0x2a obj_cooja/mtype886.a(stimer.o)
 .comment       0x0000000000000000       0x2a obj_cooja/mtype886.a(timer.o)
 .comment       0x0000000000000000       0x2a obj_cooja/mtype886.a(serial-line.o)
 .comment       0x0000000000000000       0x2a obj_cooja/mtype886.a(list.o)
 .comment       0x0000000000000000       0x2a obj_cooja/mtype886.a(ringbuf.o)
 .comment       0x0000000000000000       0x2a obj_cooja/mtype886.a(sicslowpan.o)
 .comment       0x0000000000000000       0x2a obj_cooja/mtype886.a(uip-ds6-nbr.o)
 .comment       0x0000000000000000       0x2a obj_cooja/mtype886.a(uip-ds6-route.o)
 .comment       0x0000000000000000       0x2a obj_cooja/mtype886.a(uip-ds6.o)
 .comment       0x0000000000000000       0x2a obj_cooja/mtype886.a(uip6.o)
 .comment       0x0000000000000000       0x2a obj_cooja/mtype886.a(tcpip.o)
 .comment       0x0000000000000000       0x2a obj_cooja/mtype886.a(uip-debug.o)
 .comment       0x0000000000000000       0x2a obj_cooja/mtype886.a(uip-packetqueue)
 .comment       0x0000000000000000       0x2a obj_cooja/mtype886.a(uip-udp-packet.)
 .comment       0x0000000000000000       0x2a obj_cooja/mtype886.a(rpl-dag.o)
 .comment       0x0000000000000000       0x2a obj_cooja/mtype886.a(rpl-ext-header.)
 .comment       0x0000000000000000       0x2a obj_cooja/mtype886.a(rpl-icmp6.o)
 .comment       0x0000000000000000       0x2a obj_cooja/mtype886.a(rpl-jkof.o)
 .comment       0x0000000000000000       0x2a obj_cooja/mtype886.a(rpl-timers.o)
 .comment       0x0000000000000000       0x2a obj_cooja/mtype886.a(rpl.o)
 .comment       0x0000000000000000       0x2a obj_cooja/mtype886.a(framer-802154.o)
 .comment       0x0000000000000000       0x2a obj_cooja/mtype886.a(nullmac.o)
 .comment       0x0000000000000000       0x2a obj_cooja/mtype886.a(cxmac.o)
 .comment       0x0000000000000000       0x2a obj_cooja/mtype886.a(linkaddr.o)
 .comment       0x0000000000000000       0x2a obj_cooja/mtype886.a(nbr-table.o)
 .comment       0x0000000000000000       0x2a obj_cooja/mtype886.a(netstack.o)
 .comment       0x0000000000000000       0x2a obj_cooja/mtype886.a(packetbuf.o)
 .comment       0x0000000000000000       0x2a obj_cooja/mtype886.a(queuebuf.o)
 .comment       0x0000000000000000       0x2a obj_cooja/mtype886.a(nullsec.o)
 .comment       0x0000000000000000       0x2a obj_cooja/mtype886.a(watchdog.o)
 .comment       0x0000000000000000       0x2a obj_cooja/mtype886.a(rimestats.o)
 .comment       0x0000000000000000       0x2a obj_cooja/mtype886.a(leds.o)
 .comment       0x0000000000000000       0x2a obj_cooja/mtype886.a(memb.o)
 .comment       0x0000000000000000       0x2a obj_cooja/mtype886.a(uip-icmp6.o)
 .comment       0x0000000000000000       0x2a obj_cooja/mtype886.a(uip-nd6.o)
 .comment       0x0000000000000000       0x2a obj_cooja/mtype886.a(rpl-nbr-policy.)
 .comment       0x0000000000000000       0x2a obj_cooja/mtype886.a(frame802154.o)
 .comment       0x0000000000000000       0x2a obj_cooja/mtype886.a(mac.o)
 .comment       0x0000000000000000       0x2a /usr/lib/gcc/i686-linux-gnu/4.8/crtendS.o

.debug
 *(.debug)

.line
 *(.line)

.debug_srcinfo
 *(.debug_srcinfo)

.debug_sfnames
 *(.debug_sfnames)

.debug_aranges  0x0000000000000000      0x838
 *(.debug_aranges)
 .debug_aranges
                0x0000000000000000       0x20 udp-client.co
 .debug_aranges
                0x0000000000000020       0x20 obj_cooja/mtype886.o
 .debug_aranges
                0x0000000000000040       0x20 obj_cooja/mtype886.a(simEnvChange.o)
 .debug_aranges
                0x0000000000000060       0x20 obj_cooja/mtype886.a(cooja_mt.o)
 .debug_aranges
                0x0000000000000080       0x20 obj_cooja/mtype886.a(cooja_mtarch.o)
 .debug_aranges
                0x00000000000000a0       0x20 obj_cooja/mtype886.a(rtimer-arch.o)
 .debug_aranges
                0x00000000000000c0       0x20 obj_cooja/mtype886.a(beep.o)
 .debug_aranges
                0x00000000000000e0       0x20 obj_cooja/mtype886.a(button-sensor.o)
 .debug_aranges
                0x0000000000000100       0x20 obj_cooja/mtype886.a(leds-arch.o)
 .debug_aranges
                0x0000000000000120       0x20 obj_cooja/mtype886.a(moteid.o)
 .debug_aranges
                0x0000000000000140       0x20 obj_cooja/mtype886.a(pir-sensor.o)
 .debug_aranges
                0x0000000000000160       0x20 obj_cooja/mtype886.a(rs232.o)
 .debug_aranges
                0x0000000000000180       0x20 obj_cooja/mtype886.a(vib-sensor.o)
 .debug_aranges
                0x00000000000001a0       0x20 obj_cooja/mtype886.a(clock.o)
 .debug_aranges
                0x00000000000001c0       0x20 obj_cooja/mtype886.a(log.o)
 .debug_aranges
                0x00000000000001e0       0x20 obj_cooja/mtype886.a(cfs-cooja.o)
 .debug_aranges
                0x0000000000000200       0x20 obj_cooja/mtype886.a(cooja-radio.o)
 .debug_aranges
                0x0000000000000220       0x20 obj_cooja/mtype886.a(eeprom.o)
 .debug_aranges
                0x0000000000000240       0x20 obj_cooja/mtype886.a(random.o)
 .debug_aranges
                0x0000000000000260       0x20 obj_cooja/mtype886.a(sensors.o)
 .debug_aranges
                0x0000000000000280       0x20 obj_cooja/mtype886.a(dual_conf.o)
 .debug_aranges
                0x00000000000002a0       0x20 obj_cooja/mtype886.a(autostart.o)
 .debug_aranges
                0x00000000000002c0       0x20 obj_cooja/mtype886.a(ctimer.o)
 .debug_aranges
                0x00000000000002e0       0x20 obj_cooja/mtype886.a(etimer.o)
 .debug_aranges
                0x0000000000000300       0x20 obj_cooja/mtype886.a(log_message.o)
 .debug_aranges
                0x0000000000000320       0x20 obj_cooja/mtype886.a(process.o)
 .debug_aranges
                0x0000000000000340       0x20 obj_cooja/mtype886.a(residual.o)
 .debug_aranges
                0x0000000000000360       0x20 obj_cooja/mtype886.a(rtimer.o)
 .debug_aranges
                0x0000000000000380       0x20 obj_cooja/mtype886.a(stimer.o)
 .debug_aranges
                0x00000000000003a0       0x20 obj_cooja/mtype886.a(timer.o)
 .debug_aranges
                0x00000000000003c0       0x20 obj_cooja/mtype886.a(serial-line.o)
 .debug_aranges
                0x00000000000003e0       0x20 obj_cooja/mtype886.a(list.o)
 .debug_aranges
                0x0000000000000400       0x20 obj_cooja/mtype886.a(ringbuf.o)
 .debug_aranges
                0x0000000000000420       0x20 obj_cooja/mtype886.a(sicslowpan.o)
 .debug_aranges
                0x0000000000000440       0x20 obj_cooja/mtype886.a(uip-ds6-nbr.o)
 .debug_aranges
                0x0000000000000460       0x20 obj_cooja/mtype886.a(uip-ds6-route.o)
 .debug_aranges
                0x0000000000000480       0x20 obj_cooja/mtype886.a(uip-ds6.o)
 .debug_aranges
                0x00000000000004a0       0x20 obj_cooja/mtype886.a(uip6.o)
 .debug_aranges
                0x00000000000004c0       0x20 obj_cooja/mtype886.a(tcpip.o)
 .debug_aranges
                0x00000000000004e0       0x20 obj_cooja/mtype886.a(uip-debug.o)
 .debug_aranges
                0x0000000000000500       0x20 obj_cooja/mtype886.a(uip-packetqueue)
 .debug_aranges
                0x0000000000000520       0x20 obj_cooja/mtype886.a(uip-udp-packet.)
 .debug_aranges
                0x0000000000000540       0x20 obj_cooja/mtype886.a(rpl-dag.o)
 .debug_aranges
                0x0000000000000560       0x20 obj_cooja/mtype886.a(rpl-ext-header.)
 .debug_aranges
                0x0000000000000580       0x20 obj_cooja/mtype886.a(rpl-icmp6.o)
 .debug_aranges
                0x00000000000005a0       0x20 obj_cooja/mtype886.a(rpl-jkof.o)
 .debug_aranges
                0x00000000000005c0       0x20 obj_cooja/mtype886.a(rpl-timers.o)
 .debug_aranges
                0x00000000000005e0       0x20 obj_cooja/mtype886.a(rpl.o)
 .debug_aranges
                0x0000000000000600       0x20 obj_cooja/mtype886.a(framer-802154.o)
 .debug_aranges
                0x0000000000000620       0x20 obj_cooja/mtype886.a(nullmac.o)
 .debug_aranges
                0x0000000000000640       0x20 obj_cooja/mtype886.a(cxmac.o)
 .debug_aranges
                0x0000000000000660       0x20 obj_cooja/mtype886.a(linkaddr.o)
 .debug_aranges
                0x0000000000000680       0x20 obj_cooja/mtype886.a(nbr-table.o)
 .debug_aranges
                0x00000000000006a0       0x20 obj_cooja/mtype886.a(netstack.o)
 .debug_aranges
                0x00000000000006c0       0x20 obj_cooja/mtype886.a(packetbuf.o)
 .debug_aranges
                0x00000000000006e0       0x20 obj_cooja/mtype886.a(queuebuf.o)
 .debug_aranges
                0x0000000000000700       0x20 obj_cooja/mtype886.a(nullsec.o)
 .debug_aranges
                0x0000000000000720       0x20 obj_cooja/mtype886.a(watchdog.o)
 .debug_aranges
                0x0000000000000740       0x18 obj_cooja/mtype886.a(rimestats.o)
 .debug_aranges
                0x0000000000000758       0x20 obj_cooja/mtype886.a(leds.o)
 .debug_aranges
                0x0000000000000778       0x20 obj_cooja/mtype886.a(memb.o)
 .debug_aranges
                0x0000000000000798       0x20 obj_cooja/mtype886.a(uip-icmp6.o)
 .debug_aranges
                0x00000000000007b8       0x20 obj_cooja/mtype886.a(uip-nd6.o)
 .debug_aranges
                0x00000000000007d8       0x20 obj_cooja/mtype886.a(rpl-nbr-policy.)
 .debug_aranges
                0x00000000000007f8       0x20 obj_cooja/mtype886.a(frame802154.o)
 .debug_aranges
                0x0000000000000818       0x20 obj_cooja/mtype886.a(mac.o)

.debug_pubnames
 *(.debug_pubnames)

.debug_info     0x0000000000000000    0x1d2d1
 *(.debug_info .gnu.linkonce.wi.*)
 .debug_info    0x0000000000000000      0xc75 udp-client.co
 .debug_info    0x0000000000000c75     0x3abe obj_cooja/mtype886.o
 .debug_info    0x0000000000004733      0x15a obj_cooja/mtype886.a(simEnvChange.o)
 .debug_info    0x000000000000488d      0x1e2 obj_cooja/mtype886.a(cooja_mt.o)
 .debug_info    0x0000000000004a6f      0x2e7 obj_cooja/mtype886.a(cooja_mtarch.o)
 .debug_info    0x0000000000004d56      0x16b obj_cooja/mtype886.a(rtimer-arch.o)
 .debug_info    0x0000000000004ec1      0x1f3 obj_cooja/mtype886.a(beep.o)
 .debug_info    0x00000000000050b4      0x257 obj_cooja/mtype886.a(button-sensor.o)
 .debug_info    0x000000000000530b      0x132 obj_cooja/mtype886.a(leds-arch.o)
 .debug_info    0x000000000000543d      0x10a obj_cooja/mtype886.a(moteid.o)