Archive member included to satisfy reference by file (symbol)

obj_cooja/mtype352.a(simEnvChange.o)
                              obj_cooja/mtype352.o (simDontFallAsleep)
obj_cooja/mtype352.a(cooja_mt.o)
                              obj_cooja/mtype352.o (cooja_mt_start)
obj_cooja/mtype352.a(cooja_mtarch.o)
                              obj_cooja/mtype352.a(cooja_mt.o) (cooja_mtarch_init)
obj_cooja/mtype352.a(rtimer-arch.o)
                              obj_cooja/mtype352.o (rtimer_arch_next)
obj_cooja/mtype352.a(beep.o)  obj_cooja/mtype352.o (beep_interface)
obj_cooja/mtype352.a(button-sensor.o)
                              obj_cooja/mtype352.o (button_interface)
obj_cooja/mtype352.a(leds-arch.o)
                              obj_cooja/mtype352.o (leds_interface)
obj_cooja/mtype352.a(moteid.o)
                              obj_cooja/mtype352.o (moteid_interface)
obj_cooja/mtype352.a(pir-sensor.o)
                              obj_cooja/mtype352.o (pir_interface)
obj_cooja/mtype352.a(rs232.o)
                              obj_cooja/mtype352.o (rs232_interface)
obj_cooja/mtype352.a(vib-sensor.o)
                              obj_cooja/mtype352.o (vib_interface)
obj_cooja/mtype352.a(clock.o)
                              obj_cooja/mtype352.o (clock_interface)
obj_cooja/mtype352.a(log.o)   obj_cooja/mtype352.o (simlog_interface)
obj_cooja/mtype352.a(cfs-cooja.o)
                              obj_cooja/mtype352.o (cfs_interface)
obj_cooja/mtype352.a(cooja-radio.o)
                              obj_cooja/mtype352.o (radio_interface)
obj_cooja/mtype352.a(eeprom.o)
                              obj_cooja/mtype352.o (eeprom_interface)
obj_cooja/mtype352.a(random.o)
                              obj_cooja/mtype352.a(moteid.o) (random_init)
obj_cooja/mtype352.a(sensors.o)
                              udp-server.co (sensors_event)
obj_cooja/mtype352.a(leds.o)  obj_cooja/mtype352.a(cooja-radio.o) (leds_on)
obj_cooja/mtype352.a(dual_conf.o)
                              obj_cooja/mtype352.a(cooja-radio.o) (long_range_radio)
obj_cooja/mtype352.a(autostart.o)
                              obj_cooja/mtype352.o (autostart_start)
obj_cooja/mtype352.a(ctimer.o)
                              obj_cooja/mtype352.o (ctimer_init)
obj_cooja/mtype352.a(etimer.o)
                              obj_cooja/mtype352.o (etimer_process)
obj_cooja/mtype352.a(log_message.o)
                              obj_cooja/mtype352.o (log_initialization)
obj_cooja/mtype352.a(process.o)
                              udp-server.co (process_current)
obj_cooja/mtype352.a(residual.o)
                              obj_cooja/mtype352.o (get_residual_energy)
obj_cooja/mtype352.a(rtimer.o)
                              obj_cooja/mtype352.a(rtimer-arch.o) (rtimer_run_next)
obj_cooja/mtype352.a(timer.o)
                              obj_cooja/mtype352.a(button-sensor.o) (timer_set)
obj_cooja/mtype352.a(serial-line.o)
                              obj_cooja/mtype352.a(rs232.o) (serial_line_input_byte)
obj_cooja/mtype352.a(list.o)  obj_cooja/mtype352.a(ctimer.o) (list_init)
obj_cooja/mtype352.a(ringbuf.o)
                              obj_cooja/mtype352.a(serial-line.o) (ringbuf_init)
obj_cooja/mtype352.a(sicslowpan.o)
                              obj_cooja/mtype352.o (sicslowpan_driver)
obj_cooja/mtype352.a(uip-ds6-nbr.o)
                              obj_cooja/mtype352.a(sicslowpan.o) (uip_ds6_link_neighbor_callback)
obj_cooja/mtype352.a(uip-ds6.o)
                              udp-server.co (uip_ds6_if)
obj_cooja/mtype352.a(uip6.o)  obj_cooja/mtype352.o (uip_lladdr)
obj_cooja/mtype352.a(tcpip.o)
                              udp-server.co (tcpip_event)
obj_cooja/mtype352.a(uip-debug.o)
                              udp-server.co (uip_debug_ipaddr_print)
obj_cooja/mtype352.a(uip-packetqueue)
                              obj_cooja/mtype352.a(uip-ds6-nbr.o) (uip_packetqueue_new)
obj_cooja/mtype352.a(rpl-dag.o)
                              udp-server.co (rpl_set_root)
obj_cooja/mtype352.a(rpl-ext-header.)
                              obj_cooja/mtype352.a(uip6.o) (rpl_verify_header)
obj_cooja/mtype352.a(rpl-icmp6.o)
                              obj_cooja/mtype352.a(rpl-dag.o) (rpl_icmp6_update_nbr_table)
obj_cooja/mtype352.a(rpl-ltmax.o)
                              obj_cooja/mtype352.a(rpl-dag.o) (rpl_ltmax_of)
obj_cooja/mtype352.a(rpl-timers.o)
                              obj_cooja/mtype352.a(rpl-icmp6.o) (rpl_LSA_convergence_timer)
obj_cooja/mtype352.a(rpl.o)   obj_cooja/mtype352.a(rpl-icmp6.o) (rpl_get_mode)
obj_cooja/mtype352.a(csma.o)  udp-server.co (csma_driver)
obj_cooja/mtype352.a(framer-802154.o)
                              obj_cooja/mtype352.a(sicslowpan.o) (framer_802154)
obj_cooja/mtype352.a(mac.o)   obj_cooja/mtype352.a(csma.o) (mac_call_sent_callback)
obj_cooja/mtype352.a(cxmac.o)
                              obj_cooja/mtype352.o (cxmac_driver)
obj_cooja/mtype352.a(linkaddr.o)
[...]
Memory Configuration

Name             Origin             Length             Attributes
*default*        0x0000000000000000 0xffffffffffffffff

Linker script and memory map

LOAD /usr/lib/gcc/i686-linux-gnu/4.8/../../../i386-linux-gnu/crti.o
LOAD /usr/lib/gcc/i686-linux-gnu/4.8/crtbeginS.o
LOAD udp-server.co
LOAD obj_cooja/mtype352.o
LOAD obj_cooja/mtype352.a
LOAD /usr/lib/gcc/i686-linux-gnu/4.8/libgcc.a
LOAD /usr/lib/gcc/i686-linux-gnu/4.8/libgcc_s.so
LOAD /usr/lib/gcc/i686-linux-gnu/4.8/../../../i386-linux-gnu/libc.so
START GROUP
LOAD /lib/i386-linux-gnu/libc.so.6
LOAD /usr/lib/i386-linux-gnu/libc_nonshared.a
LOAD /lib/i386-linux-gnu/ld-linux.so.2
END GROUP
LOAD /usr/lib/gcc/i686-linux-gnu/4.8/libgcc.a
LOAD /usr/lib/gcc/i686-linux-gnu/4.8/libgcc_s.so
LOAD /usr/lib/gcc/i686-linux-gnu/4.8/crtendS.o
LOAD /usr/lib/gcc/i686-linux-gnu/4.8/../../../i386-linux-gnu/crtn.o
                0x0000000000000114                . = (0x0 + SIZEOF_HEADERS)

.note.gnu.build-id
                0x0000000000000114       0x24
 *(.note.gnu.build-id)
 .note.gnu.build-id
                0x0000000000000114       0x24 /usr/lib/gcc/i686-linux-gnu/4.8/../../../i386-linux-gnu/crti.o

.hash
 *(.hash)

.gnu.hash       0x0000000000000138     0x13a8
 *(.gnu.hash)
 .gnu.hash      0x0000000000000138     0x13a8 /usr/lib/gcc/i686-linux-gnu/4.8/../../../i386-linux-gnu/crti.o

.dynsym         0x00000000000014e0     0x2700
 *(.dynsym)
 .dynsym        0x00000000000014e0     0x2700 /usr/lib/gcc/i686-linux-gnu/4.8/../../../i386-linux-gnu/crti.o

.dynstr         0x0000000000003be0     0x281f
 *(.dynstr)
 .dynstr        0x0000000000003be0     0x281f /usr/lib/gcc/i686-linux-gnu/4.8/../../../i386-linux-gnu/crti.o

.gnu.version    0x0000000000006400      0x4e0
 *(.gnu.version)
 .gnu.version   0x0000000000006400      0x4e0 /usr/lib/gcc/i686-linux-gnu/4.8/../../../i386-linux-gnu/crti.o

.gnu.version_d  0x00000000000068e0        0x0
 *(.gnu.version_d)
 .gnu.version_d
                0x0000000000000000        0x0 /usr/lib/gcc/i686-linux-gnu/4.8/../../../i386-linux-gnu/crti.o

.gnu.version_r  0x00000000000068e0       0x50
 *(.gnu.version_r)
 .gnu.version_r
                0x00000000000068e0       0x50 /usr/lib/gcc/i686-linux-gnu/4.8/../../../i386-linux-gnu/crti.o

.rel.dyn        0x0000000000006930     0x9918
 *(.rel.init)
 .rel.init      0x0000000000000000        0x0 /usr/lib/gcc/i686-linux-gnu/4.8/../../../i386-linux-gnu/crti.o
 *(.rel.text .rel.text.* .rel.gnu.linkonce.t.*)
 .rel.text      0x0000000000006930     0x9128 /usr/lib/gcc/i686-linux-gnu/4.8/../../../i386-linux-gnu/crti.o
 *(.rel.fini)
 .rel.fini      0x0000000000000000        0x0 /usr/lib/gcc/i686-linux-gnu/4.8/../../../i386-linux-gnu/crti.o
 *(.rel.rodata .rel.rodata.* .rel.gnu.linkonce.r.*)
 .rel.rodata    0x000000000000fa58      0x4e0 /usr/lib/gcc/i686-linux-gnu/4.8/../../../i386-linux-gnu/crti.o
 *(.rel.data.rel.ro .rel.data.rel.ro.* .rel.gnu.linkonce.d.rel.ro.*)
 *(.rel.data .rel.data.* .rel.gnu.linkonce.d.*)
 .rel.data.rel  0x000000000000ff38        0x8 /usr/lib/gcc/i686-linux-gnu/4.8/../../../i386-linux-gnu/crti.o
 .rel.data      0x000000000000ff40      0x2d0 /usr/lib/gcc/i686-linux-gnu/4.8/../../../i386-linux-gnu/crti.o
 *(.rel.tdata .rel.tdata.* .rel.gnu.linkonce.td.*)
 *(.rel.tbss .rel.tbss.* .rel.gnu.linkonce.tb.*)
 *(.rel.ctors)
 *(.rel.dtors)
 *(.rel.got)
 .rel.got       0x0000000000010210       0x28 /usr/lib/gcc/i686-linux-gnu/4.8/../../../i386-linux-gnu/crti.o
 *(.rel.bss .rel.bss.* .rel.gnu.linkonce.b.*)
 *(.rel.ifunc)
 .rel.ifunc     0x0000000000000000        0x0 /usr/lib/gcc/i686-linux-gnu/4.8/../../../i386-linux-gnu/crti.o
 .rel.fini_array
                0x0000000000010238        0x8 /usr/lib/gcc/i686-linux-gnu/4.8/../../../i386-linux-gnu/crti.o
 .rel.init_array
                0x0000000000010240        0x8 /usr/lib/gcc/i686-linux-gnu/4.8/../../../i386-linux-gnu/crti.o

.rel.plt        0x0000000000010248       0x10
 *(.rel.plt)
 .rel.plt       0x0000000000010248       0x10 /usr/lib/gcc/i686-linux-gnu/4.8/../../../i386-linux-gnu/crti.o
 *(.rel.iplt)

.init           0x0000000000010258       0x23
 *(SORT(.init))
 .init          0x0000000000010258       0x1e /usr/lib/gcc/i686-linux-gnu/4.8/../../../i386-linux-gnu/crti.o
                0x0000000000010258                _init
 .init          0x0000000000010276        0x5 /usr/lib/gcc/i686-linux-gnu/4.8/../../../i386-linux-gnu/crtn.o

.plt            0x0000000000010280       0x30
 *(.plt)
 .plt           0x0000000000010280       0x30 /usr/lib/gcc/i686-linux-gnu/4.8/../../../i386-linux-gnu/crti.o
 *(.iplt)

.text           0x00000000000102b0    0x17371
 *(.text.unlikely .text.*_unlikely .text.unlikely.*)
 *(.text.exit .text.exit.*)
 *(.text.startup .text.startup.*)
 *(.text.hot .text.hot.*)
 *(.text .stub .text.* .gnu.linkonce.t.*)
 .text          0x00000000000102b0        0x0 /usr/lib/gcc/i686-linux-gnu/4.8/../../../i386-linux-gnu/crti.o
 .gnu.linkonce.t.__x86.get_pc_thunk.bx
                0x00000000000102b0        0x4 /usr/lib/gcc/i686-linux-gnu/4.8/../../../i386-linux-gnu/crti.o
                0x00000000000102b0                __x86.get_pc_thunk.bx
 *fill*         0x00000000000102b4        0xc 
 .text          0x00000000000102c0      0x11b /usr/lib/gcc/i686-linux-gnu/4.8/crtbeginS.o
 .text          0x00000000000103db      0x3ce udp-server.co
 .text          0x00000000000107a9      0x96a obj_cooja/mtype352.o
                0x0000000000010957                contiki_init
                0x0000000000010f2a                Java_org_contikios_cooja_corecomm_Lib15_init
                0x0000000000010f6a                Java_org_contikios_cooja_corecomm_Lib15_getMemory
                0x0000000000010faa                Java_org_contikios_cooja_corecomm_Lib15_setMemory
                0x0000000000011021                Java_org_contikios_cooja_corecomm_Lib15_tick
                0x0000000000011101                Java_org_contikios_cooja_corecomm_Lib15_setReferenceAddress
 .text          0x0000000000011113       0x63 obj_cooja/mtype352.a(simEnvChange.o)
                0x0000000000011113                doActionsBeforeTick
                0x0000000000011144                doActionsAfterTick
 .text          0x0000000000011176       0xbc obj_cooja/mtype352.a(cooja_mt.o)
                0x0000000000011176                cooja_mt_init
                0x0000000000011183                cooja_mt_remove
                0x0000000000011190                cooja_mt_start
                0x00000000000111bd                cooja_mt_exec
                0x00000000000111ee                cooja_mt_exit
                0x0000000000011210                cooja_mt_yield
 .text          0x0000000000011232      0x115 obj_cooja/mtype352.a(cooja_mtarch.o)
                0x0000000000011232                cooja_mtarch_init
                0x0000000000011237                cooja_mtarch_start
                0x00000000000112b2                cooja_sw
                0x00000000000112d4                cooja_mtarch_exec
                0x00000000000112f0                cooja_mtarch_remove
                0x00000000000112f5                cooja_mtarch_yield
                0x00000000000112ff                cooja_mtarch_pstop
                0x0000000000011304                cooja_mtarch_pstart
                0x0000000000011309                cooja_mtarch_stack_usage
 .text          0x0000000000011347       0xc2 obj_cooja/mtype352.a(rtimer-arch.o)
                0x0000000000011347                rtimer_arch_init
                0x000000000001136a                rtimer_arch_schedule
                0x0000000000011381                rtimer_arch_next
                0x000000000001138b                rtimer_arch_pending
                0x0000000000011395                rtimer_arch_check
                0x00000000000113c7                rtimer_arch_now
 .text          0x0000000000011409       0x76 obj_cooja/mtype352.a(beep.o)
                0x0000000000011409                beep_alarm
                0x0000000000011415                beep_beep
                0x0000000000011421                beep
                0x000000000001142d                beep_down
                0x0000000000011439                beep_on
                0x0000000000011445                beep_off
                0x0000000000011451                beep_spinup
                0x000000000001145d                beep_quick
                0x0000000000011469                beep_long
 .text          0x000000000001147f      0x103 obj_cooja/mtype352.a(button-sensor.o)
 .text          0x0000000000011582       0x45 obj_cooja/mtype352.a(leds-arch.o)
                0x0000000000011582                leds_arch_init
                0x000000000001158e                leds_arch_get
                0x000000000001159a                leds_arch_set
 .text          0x00000000000115c7       0x2f obj_cooja/mtype352.a(moteid.o)
 .text          0x00000000000115f6       0xb1 obj_cooja/mtype352.a(pir-sensor.o)
 .text          0x00000000000116a7      0x131 obj_cooja/mtype352.a(rs232.o)
                0x00000000000116a7                rs232_init
                0x00000000000116ac                rs232_set_speed
                0x00000000000116ba                rs232_set_input
                0x00000000000116c7                rs232_send
                0x00000000000116e9                rs232_print
                0x0000000000011704                slip_arch_writeb
 .text          0x00000000000117d8       0xb1 obj_cooja/mtype352.a(vib-sensor.o)
 .text          0x0000000000011889       0x34 obj_cooja/mtype352.a(clock.o)
                0x0000000000011889                clock_init
                0x000000000001188e                clock_time
                0x0000000000011898                clock_seconds
                0x00000000000118ae                clock_delay
 .text          0x00000000000118bd      0x1ed obj_cooja/mtype352.a(log.o)
                0x00000000000118bd                simlog_char
                0x00000000000118ff                simlog
                0x000000000001196c                log_message
                0x0000000000011994                log_set_putchar_with_slip
                0x00000000000119a1                log_putchar
                0x0000000000011a25                log_puts
                0x0000000000011a49                log_printf
 .text          0x0000000000011aaa      0x2c4 obj_cooja/mtype352.a(cfs-cooja.o)
                0x0000000000011aaa                cfs_open
                0x0000000000011b13                cfs_close
                0x0000000000011b1f                cfs_read
                0x0000000000011bbd                cfs_write
                0x0000000000011c9a                cfs_seek
                0x0000000000011d22                cfs_remove
                0x0000000000011d4b                cfs_opendir
                0x0000000000011d55                cfs_readdir
                0x0000000000011d5f                cfs_closedir
 .text          0x0000000000011d6e      0x69f obj_cooja/mtype352.a(cooja-radio.o)
                0x0000000000011d98                radio_set_channel
                0x0000000000011dad                radio_set_txpower
                0x0000000000011dcd                radio_signal_strength_last
                0x0000000000011dd7                radio_signal_strength_current
                0x0000000000011de1                radio_LQI
 .text          0x000000000001240d       0xef obj_cooja/mtype352.a(eeprom.o)
                0x000000000001240d                eeprom_init
                0x0000000000012412                eeprom_read
                0x0000000000012482                eeprom_write
 .text          0x00000000000124fc       0x28 obj_cooja/mtype352.a(random.o)
                0x00000000000124fc                random_init
                0x0000000000012517                random_rand
 .text          0x0000000000012524      0x2a1 obj_cooja/mtype352.a(sensors.o)
                0x000000000001255f                sensors_first
                0x0000000000012569                sensors_next
                0x0000000000012586                sensors_changed
                0x00000000000125b5                sensors_find
 .text          0x00000000000127c5      0x134 obj_cooja/mtype352.a(leds.o)
                0x0000000000012816                leds_init
                0x000000000001282a                leds_blink
                0x0000000000012862                leds_get
                0x000000000001286f                leds_set
                0x0000000000012889                leds_on
                0x00000000000128ac                leds_off
                0x00000000000128d6                leds_toggle
 .text          0x00000000000128f9      0x432 obj_cooja/mtype352.a(dual_conf.o)
                0x00000000000128f9                dual_radio_switch
                0x0000000000012939                dual_radio_change
                0x0000000000012973                sending_in_LR
                0x000000000001299e                dual_radio_received
                0x00000000000129d6                radio_received_is_longrange
                0x00000000000129f1                dual_radio_turn_on
                0x0000000000012a14                dual_radio_turn_off
                0x0000000000012cb1                dio_broadcast
                0x0000000000012cda                dis_broadcast
                0x0000000000012cfb                LSA_converge_broadcast
 .text          0x0000000000012d2b       0x8e obj_cooja/mtype352.a(autostart.o)
                0x0000000000012d2b                autostart_start
                0x0000000000012d76                autostart_exit
 .text          0x0000000000012db9      0x334 obj_cooja/mtype352.a(ctimer.o)
                0x0000000000012ed0                ctimer_init
                0x0000000000012f00                ctimer_set
                0x0000000000012f31                ctimer_set_with_process
                0x0000000000012fad                ctimer_reset
                0x0000000000012ffc                ctimer_restart
                0x000000000001304b                ctimer_stop
                0x0000000000013096                ctimer_expired
 .text          0x00000000000130ed      0x40b obj_cooja/mtype352.a(etimer.o)
                0x0000000000013300                etimer_request_poll
                0x0000000000013384                etimer_set
                0x00000000000133a9                etimer_reset_with_new_interval
                0x00000000000133d0                etimer_reset
                0x00000000000133ee                etimer_restart
                0x000000000001340c                etimer_adjust
                0x0000000000013428                etimer_expired
                0x000000000001343b                etimer_expiration_time
                0x000000000001344d                etimer_start_time
                0x0000000000013457                etimer_pending
                0x0000000000013469                etimer_next_expiration_time
                0x0000000000013483                etimer_stop
 .text          0x00000000000134f8      0x12d obj_cooja/mtype352.a(log_message.o)
                0x00000000000134f8                log_initialization
                0x0000000000013604                log_finisher
 .text          0x0000000000013625      0x560 obj_cooja/mtype352.a(process.o)
                0x0000000000013625                process_alloc_event
                0x000000000001363a                process_start
                0x0000000000013823                process_exit
                0x000000000001383f                process_init
                0x0000000000013a10                process_run
                0x0000000000013a43                process_nevents
                0x0000000000013a5e                process_post
                0x0000000000013b0a                process_post_synch
                0x0000000000013b42                process_poll
                0x0000000000013b71                process_is_running
 .text          0x0000000000013b85       0xd3 obj_cooja/mtype352.a(residual.o)
                0x0000000000013b85                get_residual_energy
 .text          0x0000000000013c58       0xba obj_cooja/mtype352.a(rtimer.o)
                0x0000000000013c58                rtimer_init
                0x0000000000013c65                rtimer_set
                0x0000000000013cbc                rtimer_run_next
 .text          0x0000000000013d12       0x91 obj_cooja/mtype352.a(timer.o)
                0x0000000000013d12                timer_set
                0x0000000000013d2d                timer_reset
                0x0000000000013d44                timer_restart
                0x0000000000013d56                timer_expired
                0x0000000000013d7f                timer_remaining
 .text          0x0000000000013da3      0x1fb obj_cooja/mtype352.a(serial-line.o)
                0x0000000000013da3                serial_line_input_byte
                0x0000000000013f66                serial_line_init
 .text          0x0000000000013f9e      0x244 obj_cooja/mtype352.a(list.o)
                0x0000000000013f9e                list_init
                0x0000000000013fac                list_head
                0x0000000000013fb6                list_copy
                0x0000000000013fc5                list_tail
                0x0000000000013ffb                list_add
                0x0000000000014044                list_push
                0x0000000000014070                list_chop
                0x00000000000140da                list_pop
                0x0000000000014102                list_remove
                0x0000000000014169                list_length
                0x0000000000014197                list_insert
                0x00000000000141cb                list_item_next
 .text          0x00000000000141e2      0x155 obj_cooja/mtype352.a(ringbuf.o)
                0x00000000000141e2                ringbuf_init
                0x0000000000014213                ringbuf_put
                0x0000000000014291                ringbuf_get
                0x00000000000142fe                ringbuf_size
                0x0000000000014310                ringbuf_elements
 .text          0x0000000000014337     0x258b obj_cooja/mtype352.a(sicslowpan.o)
                0x00000000000148c1                rime_sniffer_add
                0x00000000000148ce                rime_sniffer_remove
                0x0000000000016861                sicslowpan_init
                0x00000000000168b8                sicslowpan_get_last_rssi
 .text          0x00000000000168c2      0x2dc obj_cooja/mtype352.a(uip-ds6-nbr.o)
                0x00000000000168df                uip_ds6_neighbors_init
                0x00000000000168fc                uip_ds6_nbr_add
                0x00000000000169ad                uip_ds6_nbr_rm
                0x0000000000016a0a                uip_ds6_nbr_get_ipaddr
                0x0000000000016a1f                uip_ds6_nbr_get_ll
                0x0000000000016a3b                uip_ds6_nbr_num
                0x0000000000016a80                uip_ds6_nbr_lookup
                0x0000000000016ae5                uip_ds6_nbr_ll_lookup
                0x0000000000016b01                uip_ds6_nbr_ipaddr_from_lladdr
                0x0000000000016b27                uip_ds6_nbr_lladdr_from_ipaddr
                0x0000000000016b55                uip_ds6_link_neighbor_callback
 .text          0x0000000000016b9e     0x12ad obj_cooja/mtype352.a(uip-ds6.o)
                0x0000000000016b9e                uip_ds6_init
                0x0000000000016ef3                uip_ds6_periodic
                0x0000000000016fcb                uip_ds6_list_loop
                0x0000000000017072                uip_ds6_prefix_add
                0x0000000000017130                uip_ds6_prefix_rm
                0x0000000000017142                uip_ds6_prefix_lookup
                0x0000000000017193                uip_ds6_is_addr_onlink
                0x0000000000017207                uip_ds6_addr_add
                0x0000000000017335                uip_ds6_long_addr_add
                0x0000000000017463                uip_ds6_addr_rm
                0x0000000000017503                uip_ds6_addr_lookup
                0x000000000001754e                uip_ds6_long_addr_lookup
                0x0000000000017599                uip_ds6_get_link_local
                0x0000000000017618                uip_ds6_long_get_link_local
                0x0000000000017697                uip_ds6_get_global
                0x0000000000017716                uip_ds6_long_get_global
                0x0000000000017795                uip_ds6_maddr_add
                0x0000000000017807                uip_ds6_long_maddr_add
                0x0000000000017879                uip_ds6_maddr_rm
                0x000000000001788b                uip_ds6_maddr_lookup
                0x00000000000178d6                uip_ds6_long_maddr_lookup
                0x0000000000017921                uip_ds6_aaddr_add
                0x0000000000017993                uip_ds6_long_aaddr_add
                0x0000000000017a05                uip_ds6_aaddr_rm
                0x0000000000017a17                uip_ds6_aaddr_lookup
                0x0000000000017a62                uip_ds6_long_aaddr_lookup
                0x0000000000017aad                uip_ds6_select_src
                0x0000000000017d36                uip_ds6_set_addr_iid
                0x0000000000017d6d                get_match_length
                0x0000000000017dff                uip_ds6_compute_reachable_time
 .text          0x0000000000017e4b     0x2a00 obj_cooja/mtype352.a(uip6.o)
                0x0000000000017e4b                uip_add32
                0x0000000000017fe4                uip_chksum
                0x00000000000180d2                uip_icmp6chksum
                0x00000000000180e6                uip_tcpchksum
                0x00000000000180fa                uip_udpchksum
                0x000000000001810e                uip_init
                0x00000000000181de                uip_connect
                0x000000000001838d                remove_ext_hdr
                0x0000000000018462                uip_udp_new
                0x00000000000185be                uip_unlisten
                0x000000000001861e                uip_listen
                0x00000000000188e0                uip_process
                0x000000000001a73f                uip_htons
                0x000000000001a761                uip_htonl
                0x000000000001a7a1                uip_send
 .text          0x000000000001a84b      0xb50 obj_cooja/mtype352.a(tcpip.o)
                0x000000000001a84b                tcpip_output
                0x000000000001a886                tcpip_set_outputfunc
                0x000000000001a91a                tcp_connect
                0x000000000001a96f                tcp_unlisten
                0x000000000001a9ca                tcp_listen
                0x000000000001aa23                tcp_attach
                0x000000000001aa48                udp_attach
                0x000000000001aa6d                udp_new
                0x000000000001aabf                udp_broadcast_new
                0x000000000001ad33                tcpip_input
                0x000000000001ad67                tcpip_ipv6_output
                0x000000000001b1e1                tcpip_poll_udp
                0x000000000001b204                tcpip_poll_tcp
                0x000000000001b227                tcpip_uipcall
 .text          0x000000000001b39b      0x1c1 obj_cooja/mtype352.a(uip-debug.o)
                0x000000000001b39b                uip_debug_ipaddr_print
                0x000000000001b4fd                uip_debug_lladdr_print
 .text          0x000000000001b55c      0x141 obj_cooja/mtype352.a(uip-packetqueue)
                0x000000000001b588                uip_packetqueue_new
                0x000000000001b596                uip_packetqueue_alloc
                0x000000000001b5f6                uip_packetqueue_free
                0x000000000001b637                uip_packetqueue_buf
                0x000000000001b654                uip_packetqueue_buflen
                0x000000000001b675                uip_packetqueue_set_buflen
 .text          0x000000000001b69d     0x26ab obj_cooja/mtype352.a(rpl-dag.o)
                0x000000000001b69d                rpl_lr_in_child
                0x000000000001b755                rpl_print_neighbor_list
                0x000000000001b7fe                rpl_print_child_neighbor_list
                0x000000000001b873                rpl_get_nbr
                0x000000000001b8cd                rpl_get_nbr_child
                0x000000000001b927                rpl_dag_init
                0x000000000001b959                rpl_get_parent
                0x000000000001b97b                rpl_get_parent_rank
                0x000000000001b9ae                rpl_get_parent_link_metric
                0x000000000001b9e1                rpl_get_parent_ipaddr
                0x000000000001ba0b                rpl_get_child_ipaddr
                0x000000000001bd26                rpl_set_root
                0x000000000001bf54                rpl_repair_root
                0x000000000001c190                rpl_set_prefix
                0x000000000001c28f                rpl_set_default_route
                0x000000000001c31b                rpl_alloc_instance
                0x000000000001c3a3                rpl_alloc_dag
                0x000000000001c456                rpl_set_default_instance
                0x000000000001c463                rpl_get_default_instance
                0x000000000001c46d                rpl_free_instance
                0x000000000001c50e                rpl_free_dag
                0x000000000001c574                rpl_add_parent
                0x000000000001c65d                rpl_find_parent
                0x000000000001c68d                rpl_add_child
                0x000000000001c731                rpl_find_child
                0x000000000001c77f                rpl_find_parent_any_dag
                0x000000000001c7bb                rpl_select_dag
                0x000000000001cbf1                rpl_select_parent
                0x000000000001cc53                rpl_remove_parent
                0x000000000001cc89                rpl_remove_child
                0x000000000001cca5                rpl_nullify_parent
                0x000000000001cd43                rpl_move_parent
                0x000000000001cde0                rpl_has_downward_route
                0x000000000001ce33                rpl_get_any_dag
                0x000000000001ce95                rpl_get_instance
                0x000000000001cef8                rpl_find_of
                0x000000000001cf35                rpl_join_instance
                0x000000000001d1d1                rpl_add_dag
                0x000000000001d5c0                rpl_local_repair
                0x000000000001d699                rpl_recalculate_ranks
                0x000000000001d71f                rpl_process_parent_event
                0x000000000001d7d1                rpl_process_dio
 .text          0x000000000001dd48      0xe0b obj_cooja/mtype352.a(rpl-ext-header.)
                0x000000000001dd65                rpl_verify_header
                0x000000000001e2e2                rpl_update_header_empty
                0x000000000001e695                rpl_update_header_final
                0x000000000001e848                rpl_remove_header
                0x000000000001e977                rpl_invert_header
                0x000000000001eb31                rpl_insert_header
 .text          0x000000000001eb53     0x24ea obj_cooja/mtype352.a(rpl-icmp6.o)
                0x000000000001ee1c                rpl_icmp6_update_nbr_table
                0x000000000001ef0c                dis_output
                0x000000000001f844                dio_output
                0x00000000000200af                LSA_converge_output
                0x0000000000020b9c                dao_output
                0x0000000000020c64                dao_output_target
                0x0000000000020fe5                dao_ack_output
                0x0000000000020ff9                rpl_icmp6_register_handlers
 .text          0x000000000002103d      0x3dc obj_cooja/mtype352.a(rpl-ltmax.o)
 .text          0x0000000000021419      0x84c obj_cooja/mtype352.a(rpl-timers.o)
                0x0000000000021419                rpl_LSA_convergence_timer
                0x0000000000021512                rpl_reset_LSA_convergence_timer
                0x00000000000218b0                rpl_reset_periodic_timer
                0x0000000000021905                rpl_reset_dio_timer
                0x0000000000021b9d                rpl_schedule_dao
                0x0000000000021bb8                rpl_schedule_dao_immediately
                0x0000000000021bd3                rpl_cancel_dao
                0x0000000000021c35                rpl_schedule_unicast_dio_immediately
 .text          0x0000000000021c65      0x5dc obj_cooja/mtype352.a(rpl.o)
                0x0000000000021c65                rpl_get_mode
                0x0000000000021c6f                rpl_set_mode
                0x0000000000021cfd                rpl_purge_routes
                0x0000000000021df7                rpl_remove_routes
                0x0000000000021e3d                rpl_remove_routes_by_nexthop
                0x0000000000021ea9                rpl_add_route
                0x0000000000021f24                rpl_link_neighbor_callback
                0x0000000000022029                rpl_ipv6_neighbor_callback
                0x0000000000022098                rpl_purge_dags
                0x00000000000221a4                rpl_init
 .text          0x0000000000022241      0x87b obj_cooja/mtype352.a(csma.o)
 .text          0x0000000000022abc      0x3f5 obj_cooja/mtype352.a(framer-802154.o)
 .text          0x0000000000022eb1       0x3c obj_cooja/mtype352.a(mac.o)
                0x0000000000022eb1                mac_call_sent_callback
 .text          0x0000000000022eed     0x102c obj_cooja/mtype352.a(cxmac.o)
                0x0000000000023e4d                cxmac_set_announcement_radio_txpower
                0x0000000000023e52                cxmac_init
 .text          0x0000000000023f19       0x82 obj_cooja/mtype352.a(linkaddr.o)
                0x0000000000023f19                linkaddr_copy
                0x0000000000023f3b                linkaddr_cmp
                0x0000000000023f65                linkaddr_set_node_addr
                0x0000000000023f80                linkaddr_set_node_long_addr
 .text          0x0000000000023f9b      0x915 obj_cooja/mtype352.a(nbr-table.o)
                0x0000000000023f9b                long_ip_from_lladdr_map
                0x0000000000024024                lladdr_map_add_lr
                0x00000000000240e1                lladdr_map_rm_lr
                0x00000000000245a6                nbr_table_register
                0x00000000000245ee                nbr_table_head
                0x000000000002464a                nbr_table_next
                0x00000000000246b1                nbr_table_add_lladdr
                0x000000000002478d                nbr_table_get_from_lladdr
                0x00000000000247da                nbr_table_remove
                0x000000000002482c                nbr_table_lock
                0x0000000000024856                nbr_table_unlock
                0x0000000000024880                nbr_table_get_lladdr
 .text          0x00000000000248b0       0x2b obj_cooja/mtype352.a(netstack.o)
                0x00000000000248b0                netstack_init
 .text          0x00000000000248db      0x3cd obj_cooja/mtype352.a(packetbuf.o)
                0x00000000000248db                packetbuf_clear
                0x0000000000024905                packetbuf_copyfrom
                0x0000000000024957                packetbuf_compact
                0x00000000000249d4                packetbuf_copyto
                0x0000000000024a6b                packetbuf_hdralloc
                0x0000000000024ae8                packetbuf_hdrreduce
                0x0000000000024b30                packetbuf_set_datalen
                0x0000000000024b49                packetbuf_dataptr
                0x0000000000024b66                packetbuf_hdrptr
                0x0000000000024b70                packetbuf_datalen
                0x0000000000024b7c                packetbuf_hdrlen
                0x0000000000024b93                packetbuf_totlen
                0x0000000000024ba9                packetbuf_attr_clear
                0x0000000000024bfb                packetbuf_attr_copyto
                0x0000000000024c44                packetbuf_attr_copyfrom
                0x0000000000024c8c                packetbuf_holds_broadcast
 .text          0x0000000000024ca8      0x2b4 obj_cooja/mtype352.a(queuebuf.o)
                0x0000000000024cb2                queuebuf_init
                0x0000000000024cd2                queuebuf_numfree
                0x0000000000024ce6                queuebuf_new_from_packetbuf
                0x0000000000024d76                queuebuf_update_attr_from_packetbuf
                0x0000000000024da9                queuebuf_update_from_packetbuf
                0x0000000000024df3                queuebuf_free
                0x0000000000024e3a                queuebuf_to_packetbuf
                0x0000000000024ea0                queuebuf_dataptr
                0x0000000000024ed7                queuebuf_datalen
                0x0000000000024efa                queuebuf_addr
                0x0000000000024f2c                queuebuf_attr
                0x0000000000024f57                queuebuf_debug_print
 .text          0x0000000000024f5c       0x6e obj_cooja/mtype352.a(nullsec.o)
 .text          0x0000000000024fca       0x19 obj_cooja/mtype352.a(watchdog.o)
                0x0000000000024fca                watchdog_init
                0x0000000000024fcf                watchdog_start
                0x0000000000024fd4                watchdog_periodic
                0x0000000000024fd9                watchdog_stop
                0x0000000000024fde                watchdog_reboot
 .text          0x0000000000024fe3        0x0 obj_cooja/mtype352.a(rimestats.o)
 .text          0x0000000000024fe3       0xa3 obj_cooja/mtype352.a(stimer.o)
                0x0000000000024fe3                stimer_set
                0x0000000000024ffe                stimer_reset
                0x0000000000025015                stimer_restart
                0x0000000000025027                stimer_expired
                0x000000000002504e                stimer_remaining
                0x0000000000025072                stimer_elapsed
 .text          0x0000000000025086      0x1c1 obj_cooja/mtype352.a(memb.o)
                0x0000000000025086                memb_init
                0x00000000000250e4                memb_alloc
                0x0000000000025149                memb_free
                0x00000000000251c4                memb_inmemb
                0x0000000000025203                memb_numfree
 .text          0x0000000000025247      0x916 obj_cooja/mtype352.a(uip-ds6-route.o)
                0x00000000000252be                uip_ds6_notification_add
                0x00000000000252ef                uip_ds6_notification_rm
                0x000000000002530b                uip_ds6_route_init
                0x0000000000025393                uip_ds6_route_nexthop
                0x00000000000253bb                uip_ds6_route_head
                0x00000000000253d0                uip_ds6_route_next
                0x00000000000253f6                uip_ds6_route_is_nexthop
                0x0000000000025435                uip_ds6_route_num_routes
                0x000000000002543f                uip_ds6_route_lookup
                0x0000000000025501                uip_ds6_route_add
                0x0000000000025735                uip_ds6_route_rm
                0x00000000000258c9                uip_ds6_route_rm_by_nexthop
                0x0000000000025901                uip_ds6_defrt_add
                0x00000000000259b2                uip_ds6_defrt_rm
                0x0000000000025a31                uip_ds6_defrt_lookup
                0x0000000000025a8a                uip_ds6_defrt_choose
                0x0000000000025af5                uip_ds6_defrt_periodic
 .text          0x0000000000025b5d      0xabf obj_cooja/mtype352.a(uip-icmp6.o)
                0x0000000000025bcb                uip_icmp6_input
                0x0000000000025c21                uip_icmp6_register_input_handler
                0x0000000000025ee9                uip_icmp6_error_output
                0x000000000002622e                uip_icmp6_send
                0x00000000000265af                uip_icmp6_echo_reply_callback_add
                0x00000000000265e0                uip_icmp6_echo_reply_callback_rm
                0x00000000000265fc                uip_icmp6_init
 .text          0x000000000002661c      0x358 obj_cooja/mtype352.a(uip-nd6.o)
                0x0000000000026670                uip_nd6_ns_output
                0x000000000002696f                uip_nd6_init
 .text          0x0000000000026974      0x331 obj_cooja/mtype352.a(rpl-nbr-policy.)
                0x0000000000026b4c                find_removable_dis
                0x0000000000026b6f                find_removable_dio
                0x0000000000026bfe                find_removable_dao
                0x0000000000026c4e                rpl_nbr_policy_find_removable
 .text          0x0000000000026ca5      0x97c obj_cooja/mtype352.a(frame802154.o)
                0x0000000000026cd6                frame802154_get_pan_id
                0x0000000000026ce2                frame802154_set_pan_id
                0x0000000000026cfb                frame802154_has_panid
                0x0000000000026de7                frame802154_check_dest_panid
                0x0000000000026e4f                frame802154_is_broadcast_addr
                0x0000000000026e9c                frame802154_extract_linkaddr
                0x00000000000270dc                frame802154_hdrlen
                0x000000000002712d                frame802154_create
                0x0000000000027318                frame802154_parse
 .text          0x0000000000027621        0x0 /usr/lib/gcc/i686-linux-gnu/4.8/crtendS.o
 .text          0x0000000000027621        0x0 /usr/lib/gcc/i686-linux-gnu/4.8/../../../i386-linux-gnu/crtn.o
 *(.gnu.warning)

.fini           0x0000000000027624       0x14
 *(SORT(.fini))
 .fini          0x0000000000027624        0xf /usr/lib/gcc/i686-linux-gnu/4.8/../../../i386-linux-gnu/crti.o
                0x0000000000027624                _fini
 .fini          0x0000000000027633        0x5 /usr/lib/gcc/i686-linux-gnu/4.8/../../../i386-linux-gnu/crtn.o
                0x0000000000027638                PROVIDE (__etext, .)
                0x0000000000027638                PROVIDE (_etext, .)
                0x0000000000027638                PROVIDE (etext, .)

.rodata         0x0000000000027640      0xfa0
 *(.rodata .rodata.* .gnu.linkonce.r.*)
 .rodata        0x0000000000027640      0x148 udp-server.co
                0x0000000000027654                autostart_processes
 .rodata        0x0000000000027788      0x1e6 obj_cooja/mtype352.o
 *fill*         0x000000000002796e        0x2 
 .rodata        0x0000000000027970        0x8 obj_cooja/mtype352.a(beep.o)
                0x0000000000027970                beep_interface
 .rodata        0x0000000000027978       0x20 obj_cooja/mtype352.a(button-sensor.o)
                0x0000000000027978                button_interface
                0x0000000000027988                button_sensor
 .rodata        0x0000000000027998        0x8 obj_cooja/mtype352.a(leds-arch.o)
                0x0000000000027998                leds_interface
 .rodata        0x00000000000279a0        0x8 obj_cooja/mtype352.a(moteid.o)
                0x00000000000279a0                moteid_interface
 .rodata        0x00000000000279a8       0x1c obj_cooja/mtype352.a(pir-sensor.o)
                0x00000000000279a8                pir_interface
                0x00000000000279b4                pir_sensor
 .rodata        0x00000000000279c4        0xe obj_cooja/mtype352.a(rs232.o)
                0x00000000000279c4                rs232_interface
 *fill*         0x00000000000279d2        0x2 
 .rodata        0x00000000000279d4       0x24 obj_cooja/mtype352.a(vib-sensor.o)
                0x00000000000279d4                vib_interface
                0x00000000000279e8                vib_sensor
 .rodata        0x00000000000279f8        0x8 obj_cooja/mtype352.a(clock.o)
                0x00000000000279f8                clock_interface
 .rodata        0x0000000000027a00        0x8 obj_cooja/mtype352.a(log.o)
                0x0000000000027a00                simlog_interface
 .rodata        0x0000000000027a08       0x2f obj_cooja/mtype352.a(cfs-cooja.o)
                0x0000000000027a08                cfs_interface
 *fill*         0x0000000000027a37        0x9 
 .rodata        0x0000000000027a40       0x60 obj_cooja/mtype352.a(cooja-radio.o)
                0x0000000000027a60                cooja_radio_driver
                0x0000000000027a98                radio_interface
 .rodata        0x0000000000027aa0        0x8 obj_cooja/mtype352.a(eeprom.o)
                0x0000000000027aa0                eeprom_interface
 .rodata        0x0000000000027aa8        0x8 obj_cooja/mtype352.a(sensors.o)
 .rodata        0x0000000000027ab0       0x33 obj_cooja/mtype352.a(dual_conf.o)
 .rodata        0x0000000000027ae3        0xf obj_cooja/mtype352.a(ctimer.o)
 .rodata        0x0000000000027af2        0xc obj_cooja/mtype352.a(etimer.o)
 *fill*         0x0000000000027afe        0x2 
 .rodata        0x0000000000027b00       0x73 obj_cooja/mtype352.a(log_message.o)
 *fill*         0x0000000000027b73        0x1 
 .rodata        0x0000000000027b74       0x20 obj_cooja/mtype352.a(residual.o)
 .rodata        0x0000000000027b94        0xe obj_cooja/mtype352.a(serial-line.o)
 *fill*         0x0000000000027ba2        0x2 
 .rodata        0x0000000000027ba4       0x2c obj_cooja/mtype352.a(sicslowpan.o)
                0x0000000000027ba4                unc_llconf
                0x0000000000027ba8                unc_ctxconf
                0x0000000000027bac                unc_mxconf
                0x0000000000027bb0                llprefix
                0x0000000000027bc4                sicslowpan_driver
 .rodata        0x0000000000027bd0      0x13c obj_cooja/mtype352.a(uip6.o)
 .rodata        0x0000000000027d0c       0x49 obj_cooja/mtype352.a(tcpip.o)
 .rodata        0x0000000000027d55       0x3e obj_cooja/mtype352.a(uip-debug.o)
 *fill*         0x0000000000027d93        0x1 
 .rodata        0x0000000000027d94        0x4 obj_cooja/mtype352.a(rpl-dag.o)
 .rodata        0x0000000000027d98      0x4a0 obj_cooja/mtype352.a(rpl-ext-header.)
 .rodata        0x0000000000028238       0x1c obj_cooja/mtype352.a(rpl-icmp6.o)
 .rodata        0x0000000000028254      0x2c2 obj_cooja/mtype352.a(rpl-timers.o)
 *fill*         0x0000000000028516        0x2 
 .rodata        0x0000000000028518       0x24 obj_cooja/mtype352.a(csma.o)
                0x0000000000028520                csma_driver
 .rodata        0x000000000002853c        0xc obj_cooja/mtype352.a(framer-802154.o)
                0x000000000002853c                framer_802154
 *fill*         0x0000000000028548       0x18 
 .rodata        0x0000000000028560       0x60 obj_cooja/mtype352.a(cxmac.o)
                0x00000000000285a0                cxmac_driver
 .rodata        0x00000000000285c0        0x8 obj_cooja/mtype352.a(linkaddr.o)
                0x00000000000285c0                linkaddr_null
 .rodata        0x00000000000285c8       0x18 obj_cooja/mtype352.a(nullsec.o)
                0x00000000000285d0                nullsec_driver

.rodata1
 *(.rodata1)

.eh_frame_hdr   0x00000000000285e0     0x1434
 *(.eh_frame_hdr)
 .eh_frame_hdr  0x00000000000285e0     0x1434 udp-server.co

.eh_frame       0x0000000000029a14     0x5228
 *(.eh_frame)
 .eh_frame      0x0000000000029a14       0x3c /usr/lib/gcc/i686-linux-gnu/4.8/../../../i386-linux-gnu/crti.o
                                         0x40 (size before relaxing)
 .eh_frame      0x0000000000029a50       0x68 udp-server.co
                                         0x80 (size before relaxing)
 .eh_frame      0x0000000000029ab8      0x148 obj_cooja/mtype352.o
                                        0x160 (size before relaxing)
 .eh_frame      0x0000000000029c00       0x40 obj_cooja/mtype352.a(simEnvChange.o)
                                         0x58 (size before relaxing)
 .eh_frame      0x0000000000029c40       0xc0 obj_cooja/mtype352.a(cooja_mt.o)
                                         0xd8 (size before relaxing)
 .eh_frame      0x0000000000029d00      0x120 obj_cooja/mtype352.a(cooja_mtarch.o)
                                        0x138 (size before relaxing)
 .eh_frame      0x0000000000029e20       0xc0 obj_cooja/mtype352.a(rtimer-arch.o)
                                         0xd8 (size before relaxing)
 .eh_frame      0x0000000000029ee0      0x160 obj_cooja/mtype352.a(beep.o)
                                        0x178 (size before relaxing)
 .eh_frame      0x000000000002a040       0xa0 obj_cooja/mtype352.a(button-sensor.o)
                                         0xb8 (size before relaxing)
 .eh_frame      0x000000000002a0e0       0xa0 obj_cooja/mtype352.a(leds-arch.o)
                                         0xb8 (size before relaxing)
 .eh_frame      0x000000000002a180       0x40 obj_cooja/mtype352.a(moteid.o)
                                         0x58 (size before relaxing)
 .eh_frame      0x000000000002a1c0       0xa0 obj_cooja/mtype352.a(pir-sensor.o)
                                         0xb8 (size before relaxing)
 .eh_frame      0x000000000002a260      0x100 obj_cooja/mtype352.a(rs232.o)
                                        0x118 (size before relaxing)
 .eh_frame      0x000000000002a360       0xa0 obj_cooja/mtype352.a(vib-sensor.o)
                                         0xb8 (size before relaxing)
 .eh_frame      0x000000000002a400       0xc0 obj_cooja/mtype352.a(clock.o)
                                         0xd8 (size before relaxing)
 .eh_frame      0x000000000002a4c0      0x120 obj_cooja/mtype352.a(log.o)
                                        0x138 (size before relaxing)
 .eh_frame      0x000000000002a5e0      0x160 obj_cooja/mtype352.a(cfs-cooja.o)
                                        0x178 (size before relaxing)
 .eh_frame      0x000000000002a740      0x2e0 obj_cooja/mtype352.a(cooja-radio.o)
                                        0x2f8 (size before relaxing)
 .eh_frame      0x000000000002aa20       0xa0 obj_cooja/mtype352.a(eeprom.o)
                                         0xb8 (size before relaxing)
 .eh_frame      0x000000000002aac0       0x40 obj_cooja/mtype352.a(random.o)
                                         0x58 (size before relaxing)
 .eh_frame      0x000000000002ab00       0xc0 obj_cooja/mtype352.a(sensors.o)
                                         0xd8 (size before relaxing)
 .eh_frame      0x000000000002abc0      0x100 obj_cooja/mtype352.a(leds.o)
                                        0x118 (size before relaxing)
 .eh_frame      0x000000000002acc0      0x1a0 obj_cooja/mtype352.a(dual_conf.o)
                                        0x1b8 (size before relaxing)
 .eh_frame      0x000000000002ae60       0x40 obj_cooja/mtype352.a(autostart.o)
                                         0x58 (size before relaxing)
 .eh_frame      0x000000000002aea0      0x100 obj_cooja/mtype352.a(ctimer.o)
                                        0x118 (size before relaxing)
 .eh_frame      0x000000000002afa0      0x1e0 obj_cooja/mtype352.a(etimer.o)
                                        0x1f8 (size before relaxing)
 .eh_frame      0x000000000002b180       0x40 obj_cooja/mtype352.a(log_message.o)
                                         0x58 (size before relaxing)
 .eh_frame      0x000000000002b1c0      0x1c8 obj_cooja/mtype352.a(process.o)
                                        0x1e0 (size before relaxing)
 .eh_frame      0x000000000002b388       0x2c obj_cooja/mtype352.a(residual.o)
                                         0x44 (size before relaxing)
 .eh_frame      0x000000000002b3b4       0x60 obj_cooja/mtype352.a(rtimer.o)
                                         0x78 (size before relaxing)
 .eh_frame      0x000000000002b414       0xa4 obj_cooja/mtype352.a(timer.o)
                                         0xbc (size before relaxing)
 .eh_frame      0x000000000002b4b8       0x60 obj_cooja/mtype352.a(serial-line.o)
                                         0x78 (size before relaxing)
 .eh_frame      0x000000000002b518      0x180 obj_cooja/mtype352.a(list.o)
                                        0x198 (size before relaxing)
 .eh_frame      0x000000000002b698       0xa0 obj_cooja/mtype352.a(ringbuf.o)
                                         0xb8 (size before relaxing)
 .eh_frame      0x000000000002b738      0x350 obj_cooja/mtype352.a(sicslowpan.o)
                                        0x368 (size before relaxing)
 .eh_frame      0x000000000002ba88      0x180 obj_cooja/mtype352.a(uip-ds6-nbr.o)
                                        0x198 (size before relaxing)
 .eh_frame      0x000000000002bc08      0x3c8 obj_cooja/mtype352.a(uip-ds6.o)
                                        0x3e0 (size before relaxing)
 .eh_frame      0x000000000002bfd0      0x27c obj_cooja/mtype352.a(uip6.o)
                                        0x294 (size before relaxing)
 .eh_frame      0x000000000002c24c      0x270 obj_cooja/mtype352.a(tcpip.o)
                                        0x288 (size before relaxing)
 .eh_frame      0x000000000002c4bc       0x48 obj_cooja/mtype352.a(uip-debug.o)
                                         0x60 (size before relaxing)
 .eh_frame      0x000000000002c504       0xe0 obj_cooja/mtype352.a(uip-packetqueue)
                                         0xf8 (size before relaxing)
 .eh_frame      0x000000000002c5e4      0x76c obj_cooja/mtype352.a(rpl-dag.o)
                                        0x784 (size before relaxing)
 .eh_frame      0x000000000002cd50      0x114 obj_cooja/mtype352.a(rpl-ext-header.)
                                        0x12c (size before relaxing)
 .eh_frame      0x000000000002ce64      0x2f8 obj_cooja/mtype352.a(rpl-icmp6.o)
                                        0x310 (size before relaxing)
 .eh_frame      0x000000000002d15c       0xe0 obj_cooja/mtype352.a(rpl-ltmax.o)
                                         0xf8 (size before relaxing)
 .eh_frame      0x000000000002d23c      0x20c obj_cooja/mtype352.a(rpl-timers.o)
                                        0x224 (size before relaxing)
 .eh_frame      0x000000000002d448      0x148 obj_cooja/mtype352.a(rpl.o)
                                        0x160 (size before relaxing)
 .eh_frame      0x000000000002d590      0x28c obj_cooja/mtype352.a(csma.o)
                                        0x2a4 (size before relaxing)
 .eh_frame      0x000000000002d81c      0x108 obj_cooja/mtype352.a(framer-802154.o)
                                        0x120 (size before relaxing)
 .eh_frame      0x000000000002d924       0x20 obj_cooja/mtype352.a(mac.o)
                                         0x38 (size before relaxing)
 .eh_frame      0x000000000002d944      0x2bc obj_cooja/mtype352.a(cxmac.o)
                                        0x2d4 (size before relaxing)
 .eh_frame      0x000000000002dc00       0x80 obj_cooja/mtype352.a(linkaddr.o)
                                         0x98 (size before relaxing)
 .eh_frame      0x000000000002dc80      0x2cc obj_cooja/mtype352.a(nbr-table.o)
                                        0x2e4 (size before relaxing)
 .eh_frame      0x000000000002df4c       0x20 obj_cooja/mtype352.a(netstack.o)
                                         0x38 (size before relaxing)
 .eh_frame      0x000000000002df6c      0x214 obj_cooja/mtype352.a(packetbuf.o)
                                        0x22c (size before relaxing)
 .eh_frame      0x000000000002e180      0x1a0 obj_cooja/mtype352.a(queuebuf.o)
                                        0x1b8 (size before relaxing)
 .eh_frame      0x000000000002e320       0x80 obj_cooja/mtype352.a(nullsec.o)
                                         0x98 (size before relaxing)
 .eh_frame      0x000000000002e3a0       0xa0 obj_cooja/mtype352.a(watchdog.o)
                                         0xb8 (size before relaxing)
 .eh_frame      0x000000000002e440       0xc4 obj_cooja/mtype352.a(stimer.o)
                                         0xdc (size before relaxing)
 .eh_frame      0x000000000002e504       0xa0 obj_cooja/mtype352.a(memb.o)
                                         0xb8 (size before relaxing)
 .eh_frame      0x000000000002e5a4      0x2a0 obj_cooja/mtype352.a(uip-ds6-route.o)
                                        0x2b8 (size before relaxing)
 .eh_frame      0x000000000002e844      0x168 obj_cooja/mtype352.a(uip-icmp6.o)
                                        0x180 (size before relaxing)
 .eh_frame      0x000000000002e9ac       0x68 obj_cooja/mtype352.a(uip-nd6.o)
                                         0x80 (size before relaxing)
 .eh_frame      0x000000000002ea14       0xc0 obj_cooja/mtype352.a(rpl-nbr-policy.)
                                         0xd8 (size before relaxing)
 .eh_frame      0x000000000002ead4      0x164 obj_cooja/mtype352.a(frame802154.o)
                                        0x17c (size before relaxing)
 .eh_frame      0x000000000002ec38        0x4 /usr/lib/gcc/i686-linux-gnu/4.8/crtendS.o

.gcc_except_table
 *(.gcc_except_table .gcc_except_table.*)

.exception_ranges
 *(.exception_ranges .exception_ranges*)
                0x000000000002ec3c                . = (ALIGN (0x1000) - ((0x1000 - .) & 0xfff))
                0x000000000002fef8                . = DATA_SEGMENT_ALIGN (0x1000, 0x1000)

.eh_frame
 *(.eh_frame)

.gcc_except_table
 *(.gcc_except_table .gcc_except_table.*)

.exception_ranges
 *(.exception_ranges .exception_ranges*)

.tdata
 *(.tdata .tdata.* .gnu.linkonce.td.*)

.tbss
 *(.tbss .tbss.* .gnu.linkonce.tb.*)
 *(.tcommon)

.preinit_array
 *(.preinit_array)

.init_array     0x000000000002fef8        0x4
 *(SORT(.init_array.*) SORT(.ctors.*))
 *(.init_array EXCLUDE_FILE(*crtend?.o *crtend.o *crtbegin?.o *crtbegin.o) .ctors)
 .init_array    0x000000000002fef8        0x4 /usr/lib/gcc/i686-linux-gnu/4.8/crtbeginS.o

.fini_array     0x000000000002fefc        0x4
 *(SORT(.fini_array.*) SORT(.dtors.*))
 *(.fini_array EXCLUDE_FILE(*crtend?.o *crtend.o *crtbegin?.o *crtbegin.o) .dtors)
 .fini_array    0x000000000002fefc        0x4 /usr/lib/gcc/i686-linux-gnu/4.8/crtbeginS.o

.ctors
 *crtbegin.o(.ctors)
 *crtbegin?.o(.ctors)
 *(EXCLUDE_FILE(*crtend?.o *crtend.o) .ctors)
 *(SORT(.ctors.*))
 *(.ctors)

.dtors
 *crtbegin.o(.dtors)
 *crtbegin?.o(.dtors)
 *(EXCLUDE_FILE(*crtend?.o *crtend.o) .dtors)
 *(SORT(.dtors.*))
 *(.dtors)

.jcr            0x000000000002ff00        0x4
 *(.jcr)
 .jcr           0x000000000002ff00        0x0 /usr/lib/gcc/i686-linux-gnu/4.8/crtbeginS.o
 .jcr           0x000000000002ff00        0x4 /usr/lib/gcc/i686-linux-gnu/4.8/crtendS.o

.data.rel.ro
 *(.data.rel.ro.local* .gnu.linkonce.d.rel.ro.local.*)
 *(.data.rel.ro .data.rel.ro.* .gnu.linkonce.d.rel.ro.*)

.dynamic        0x000000000002ff04       0xe8
 *(.dynamic)
 .dynamic       0x000000000002ff04       0xe8 /usr/lib/gcc/i686-linux-gnu/4.8/../../../i386-linux-gnu/crti.o
                0x000000000002ff04                _DYNAMIC

.got            0x000000000002ffec       0x14
 *(.got)
 .got           0x000000000002ffec       0x14 /usr/lib/gcc/i686-linux-gnu/4.8/../../../i386-linux-gnu/crti.o
 *(.igot)
                0x0000000000030ff4                . = DATA_SEGMENT_RELRO_END (., (SIZEOF (.got.plt) >= 0xc)?0xc:0x0)

.got.plt        0x0000000000030000       0x14
 *(.got.plt)
 .got.plt       0x0000000000030000       0x14 /usr/lib/gcc/i686-linux-gnu/4.8/../../../i386-linux-gnu/crti.o
                0x0000000000030000                _GLOBAL_OFFSET_TABLE_
 *(.igot.plt)

.data           0x0000000000030020      0x2c2
 *(.data .data.* .gnu.linkonce.d.*)
 .data          0x0000000000030020        0x0 /usr/lib/gcc/i686-linux-gnu/4.8/../../../i386-linux-gnu/crti.o
 .data          0x0000000000030020        0x0 /usr/lib/gcc/i686-linux-gnu/4.8/crtbeginS.o
 .data.rel      0x0000000000030020        0x4 /usr/lib/gcc/i686-linux-gnu/4.8/crtbeginS.o
                0x0000000000030020                __dso_handle
 .data          0x0000000000030024       0x10 udp-server.co
                0x0000000000030024                udp_server_process
 *fill*         0x0000000000030034        0xc 
 .data          0x0000000000030040       0x44 obj_cooja/mtype352.o
                0x0000000000030040                simInterfaces
                0x0000000000030074                sensors
 .data          0x0000000000030084        0x0 obj_cooja/mtype352.a(simEnvChange.o)
 .data          0x0000000000030084        0x0 obj_cooja/mtype352.a(cooja_mt.o)
 .data          0x0000000000030084        0x0 obj_cooja/mtype352.a(cooja_mtarch.o)
 .data          0x0000000000030084        0x0 obj_cooja/mtype352.a(rtimer-arch.o)
 .data          0x0000000000030084        0x0 obj_cooja/mtype352.a(beep.o)
 .data          0x0000000000030084        0x0 obj_cooja/mtype352.a(button-sensor.o)
 .data          0x0000000000030084        0x0 obj_cooja/mtype352.a(leds-arch.o)
 .data          0x0000000000030084        0x0 obj_cooja/mtype352.a(moteid.o)
 .data          0x0000000000030084        0x0 obj_cooja/mtype352.a(pir-sensor.o)
 .data          0x0000000000030084        0x0 obj_cooja/mtype352.a(rs232.o)
 .data          0x0000000000030084        0x0 obj_cooja/mtype352.a(vib-sensor.o)
 .data          0x0000000000030084        0x0 obj_cooja/mtype352.a(clock.o)
 .data          0x0000000000030084        0x0 obj_cooja/mtype352.a(log.o)
 .data          0x0000000000030084        0x0 obj_cooja/mtype352.a(cfs-cooja.o)
 .data          0x0000000000030084       0x40 obj_cooja/mtype352.a(cooja-radio.o)
                0x0000000000030084                simRadioChannelLR
                0x0000000000030088                simRadioHWOnLR
                0x000000000003008c                simSignalStrengthLR
                0x0000000000030090                simLastSignalStrengthLR
                0x0000000000030094                simPowerLR
                0x0000000000030098                simLQILR
                0x000000000003009c                simRadioChannel
                0x00000000000300a0                simRadioHWOn
                0x00000000000300a4                simSignalStrength
                0x00000000000300a8                simLastSignalStrength
                0x00000000000300ac                simPower
                0x00000000000300b0                simLQI
                0x00000000000300b4                cooja_radio_process
 .data          0x00000000000300c4        0x0 obj_cooja/mtype352.a(eeprom.o)
 .data          0x00000000000300c4        0x0 obj_cooja/mtype352.a(random.o)
 .data          0x00000000000300c4       0x10 obj_cooja/mtype352.a(sensors.o)
                0x00000000000300c4                sensors_process
 .data          0x00000000000300d4        0x0 obj_cooja/mtype352.a(leds.o)
 .data          0x00000000000300d4       0x3a obj_cooja/mtype352.a(dual_conf.o)
                0x00000000000300d4                radio_received
                0x00000000000300d8                dual_dio_broadcast
                0x00000000000300e8                dual_dis_broadcast
                0x00000000000300f8                dual_LSA_converge_broadcast
 .data          0x000000000003010e        0x0 obj_cooja/mtype352.a(autostart.o)
 *fill*         0x000000000003010e        0x2 
 .data          0x0000000000030110       0x14 obj_cooja/mtype352.a(ctimer.o)
                0x0000000000030114                ctimer_process
 .data          0x0000000000030124       0x10 obj_cooja/mtype352.a(etimer.o)
                0x0000000000030124                etimer_process
 .data          0x0000000000030134        0x0 obj_cooja/mtype352.a(log_message.o)
 .data          0x0000000000030134        0x0 obj_cooja/mtype352.a(process.o)
 .data          0x0000000000030134        0x0 obj_cooja/mtype352.a(residual.o)
 .data          0x0000000000030134        0x0 obj_cooja/mtype352.a(rtimer.o)
 .data          0x0000000000030134        0x0 obj_cooja/mtype352.a(timer.o)
 .data          0x0000000000030134       0x10 obj_cooja/mtype352.a(serial-line.o)
                0x0000000000030134                serial_line_process
 .data          0x0000000000030144        0x0 obj_cooja/mtype352.a(list.o)
 .data          0x0000000000030144        0x0 obj_cooja/mtype352.a(ringbuf.o)
 .data          0x0000000000030144        0x0 obj_cooja/mtype352.a(sicslowpan.o)
 .data          0x0000000000030144       0x14 obj_cooja/mtype352.a(uip-ds6-nbr.o)
                0x0000000000030154                ds6_neighbors
 .data          0x0000000000030158        0x0 obj_cooja/mtype352.a(uip-ds6.o)
 .data          0x0000000000030158        0x0 obj_cooja/mtype352.a(uip6.o)
 .data          0x0000000000030158       0x10 obj_cooja/mtype352.a(tcpip.o)
                0x0000000000030158                tcpip_process
 .data          0x0000000000030168        0x0 obj_cooja/mtype352.a(uip-debug.o)
 .data          0x0000000000030168        0xc obj_cooja/mtype352.a(uip-packetqueue)
 .data          0x0000000000030174       0x28 obj_cooja/mtype352.a(rpl-dag.o)
                0x0000000000030184                rpl_parents
                0x0000000000030198                rpl_children
 .data          0x000000000003019c        0x0 obj_cooja/mtype352.a(rpl-ext-header.)
 .data          0x000000000003019c       0x40 obj_cooja/mtype352.a(rpl-icmp6.o)
 .data          0x00000000000301dc       0x1c obj_cooja/mtype352.a(rpl-ltmax.o)
                0x00000000000301dc                rpl_ltmax_of
 .data          0x00000000000301f8        0x0 obj_cooja/mtype352.a(rpl-timers.o)
 .data          0x00000000000301f8        0x0 obj_cooja/mtype352.a(rpl.o)
 .data          0x00000000000301f8       0x28 obj_cooja/mtype352.a(csma.o)
 .data          0x0000000000030220        0x0 obj_cooja/mtype352.a(framer-802154.o)
 .data          0x0000000000030220        0x0 obj_cooja/mtype352.a(mac.o)
 .data          0x0000000000030220       0x30 obj_cooja/mtype352.a(cxmac.o)
                0x0000000000030220                cxmac_config
                0x0000000000030230                strobe_wait
 .data          0x0000000000030250        0x0 obj_cooja/mtype352.a(linkaddr.o)
 .data          0x0000000000030250       0x10 obj_cooja/mtype352.a(nbr-table.o)
 .data          0x0000000000030260        0x0 obj_cooja/mtype352.a(netstack.o)
 .data          0x0000000000030260        0x4 obj_cooja/mtype352.a(packetbuf.o)
 .data          0x0000000000030264       0x18 obj_cooja/mtype352.a(queuebuf.o)
 .data          0x000000000003027c        0x0 obj_cooja/mtype352.a(nullsec.o)
 .data          0x000000000003027c        0x0 obj_cooja/mtype352.a(watchdog.o)
 .data          0x000000000003027c        0x0 obj_cooja/mtype352.a(rimestats.o)
 .data          0x000000000003027c        0x0 obj_cooja/mtype352.a(stimer.o)
 .data          0x000000000003027c        0x0 obj_cooja/mtype352.a(memb.o)
 .data          0x000000000003027c       0x44 obj_cooja/mtype352.a(uip-ds6-route.o)
                0x000000000003028c                nbr_routes
 .data          0x00000000000302c0       0x20 obj_cooja/mtype352.a(uip-icmp6.o)
 .data          0x00000000000302e0        0x0 obj_cooja/mtype352.a(uip-nd6.o)
 .data          0x00000000000302e0        0x0 obj_cooja/mtype352.a(rpl-nbr-policy.)
 .data          0x00000000000302e0        0x2 obj_cooja/mtype352.a(frame802154.o)
 .data          0x00000000000302e2        0x0 /usr/lib/gcc/i686-linux-gnu/4.8/crtendS.o
 .data          0x00000000000302e2        0x0 /usr/lib/gcc/i686-linux-gnu/4.8/../../../i386-linux-gnu/crtn.o

.tm_clone_table
                0x00000000000302e4        0x0
 .tm_clone_table
                0x00000000000302e4        0x0 /usr/lib/gcc/i686-linux-gnu/4.8/crtbeginS.o
 .tm_clone_table
                0x00000000000302e4        0x0 /usr/lib/gcc/i686-linux-gnu/4.8/crtendS.o

.data1
 *(.data1)
                0x00000000000302e4                _edata = .
                0x00000000000302e4                PROVIDE (edata, .)
                0x00000000000302e4                . = .
                0x00000000000302e4                __bss_start = .

.bss            0x0000000000030300     0x8588
 *(.dynbss)
 .dynbss        0x0000000000000000        0x0 /usr/lib/gcc/i686-linux-gnu/4.8/../../../i386-linux-gnu/crti.o
 *(.bss .bss.* .gnu.linkonce.b.*)
 .bss           0x0000000000030300        0x0 /usr/lib/gcc/i686-linux-gnu/4.8/../../../i386-linux-gnu/crti.o
 .bss           0x0000000000030300        0x1 /usr/lib/gcc/i686-linux-gnu/4.8/crtbeginS.o
 *fill*         0x0000000000030301        0x3 
 .bss           0x0000000000030304        0x8 udp-server.co
                0x0000000000030304                my_weight
 *fill*         0x000000000003030c       0x14 
 .bss           0x0000000000030320     0x2030 obj_cooja/mtype352.o
 .bss           0x0000000000032350        0x1 obj_cooja/mtype352.a(simEnvChange.o)
                0x0000000000032350                simDontFallAsleep
 *fill*         0x0000000000032351        0x3 
 .bss           0x0000000000032354        0x4 obj_cooja/mtype352.a(cooja_mt.o)
 .bss           0x0000000000032358        0x4 obj_cooja/mtype352.a(cooja_mtarch.o)
 .bss           0x000000000003235c        0xc obj_cooja/mtype352.a(rtimer-arch.o)
 .bss           0x0000000000032368        0x0 obj_cooja/mtype352.a(beep.o)
 .bss           0x0000000000032368        0x8 obj_cooja/mtype352.a(button-sensor.o)
 .bss           0x0000000000032370        0x0 obj_cooja/mtype352.a(leds-arch.o)
 .bss           0x0000000000032370        0x0 obj_cooja/mtype352.a(moteid.o)
 .bss           0x0000000000032370        0x1 obj_cooja/mtype352.a(pir-sensor.o)
                0x0000000000032370                simPirValue
 *fill*         0x0000000000032371        0x3 
 .bss           0x0000000000032374        0x4 obj_cooja/mtype352.a(rs232.o)
 .bss           0x0000000000032378        0x1 obj_cooja/mtype352.a(vib-sensor.o)
                0x0000000000032378                simVibValue
 .bss           0x0000000000032379        0x0 obj_cooja/mtype352.a(clock.o)
 *fill*         0x0000000000032379        0x7 
 .bss           0x0000000000032380      0x420 obj_cooja/mtype352.a(log.o)
 .bss           0x00000000000327a0      0xfc0 obj_cooja/mtype352.a(cfs-cooja.o)
                0x00000000000327a0                simCFSData
                0x0000000000033740                simCFSSize
                0x0000000000033744                simCFSChanged
                0x0000000000033748                simCFSRead
                0x000000000003374c                simCFSWritten
 .bss           0x0000000000033760       0x24 obj_cooja/mtype352.a(cooja-radio.o)
                0x0000000000033760                simReceivingLR
                0x0000000000033764                simInSizeLR
                0x0000000000033768                simOutSizeLR
                0x000000000003376c                simReceiving
                0x0000000000033770                simInSize
                0x0000000000033774                simOutSize
                0x0000000000033778                LongRangeTransmit
                0x000000000003377c                LongRangeReceiving
 .bss           0x0000000000033784        0xc obj_cooja/mtype352.a(eeprom.o)
                0x0000000000033784                simEEPROMChanged
                0x0000000000033788                simEEPROMRead
                0x000000000003378c                simEEPROMWritten
 .bss           0x0000000000033790        0x0 obj_cooja/mtype352.a(random.o)
 .bss           0x0000000000033790        0xc obj_cooja/mtype352.a(sensors.o)
 .bss           0x000000000003379c        0x1 obj_cooja/mtype352.a(leds.o)
 *fill*         0x000000000003379d        0x3 
 .bss           0x00000000000337a0       0x40 obj_cooja/mtype352.a(dual_conf.o)
                0x00000000000337a0                long_range_radio
 .bss           0x00000000000337e0        0x0 obj_cooja/mtype352.a(autostart.o)
 .bss           0x00000000000337e0        0x5 obj_cooja/mtype352.a(ctimer.o)
 *fill*         0x00000000000337e5        0x3 
 .bss           0x00000000000337e8        0x8 obj_cooja/mtype352.a(etimer.o)
 .bss           0x00000000000337f0        0x0 obj_cooja/mtype352.a(log_message.o)
 *fill*         0x00000000000337f0       0x10 
 .bss           0x0000000000033800      0x1b1 obj_cooja/mtype352.a(process.o)
                0x0000000000033800                process_list
                0x0000000000033804                process_current
 .bss           0x00000000000339b1        0x0 obj_cooja/mtype352.a(residual.o)
 *fill*         0x00000000000339b1        0x3 
 .bss           0x00000000000339b4        0x4 obj_cooja/mtype352.a(rtimer.o)
 .bss           0x00000000000339b8        0x0 obj_cooja/mtype352.a(timer.o)
 *fill*         0x00000000000339b8        0x8 
 .bss           0x00000000000339c0      0x140 obj_cooja/mtype352.a(serial-line.o)
 .bss           0x0000000000033b00        0x0 obj_cooja/mtype352.a(list.o)
 .bss           0x0000000000033b00        0x0 obj_cooja/mtype352.a(ringbuf.o)
 .bss           0x0000000000033b00      0x70c obj_cooja/mtype352.a(sicslowpan.o)
 *fill*         0x000000000003420c       0x14 
 .bss           0x0000000000034220       0xc0 obj_cooja/mtype352.a(uip-ds6-nbr.o)
 .bss           0x00000000000342e0       0x30 obj_cooja/mtype352.a(uip-ds6.o)
 .bss           0x0000000000034310        0xe obj_cooja/mtype352.a(uip6.o)
                0x0000000000034310                uip_ext_bitmap
                0x0000000000034311                uip_ext_len
                0x0000000000034312                uip_ext_opt_offset
 *fill*         0x000000000003431e        0x2 
 .bss           0x0000000000034320       0x6b obj_cooja/mtype352.a(tcpip.o)
 .bss           0x000000000003438b        0x0 obj_cooja/mtype352.a(uip-debug.o)
 *fill*         0x000000000003438b       0x15 
 .bss           0x00000000000343a0      0xcf8 obj_cooja/mtype352.a(uip-packetqueue)
 *fill*         0x0000000000035098        0x8 
 .bss           0x00000000000350a0       0x88 obj_cooja/mtype352.a(rpl-dag.o)
 .bss           0x0000000000035128        0x0 obj_cooja/mtype352.a(rpl-ext-header.)
 .bss           0x0000000000035128        0x0 obj_cooja/mtype352.a(rpl-icmp6.o)
 .bss           0x0000000000035128        0x0 obj_cooja/mtype352.a(rpl-ltmax.o)
 *fill*         0x0000000000035128       0x18 
 .bss           0x0000000000035140       0x60 obj_cooja/mtype352.a(rpl-timers.o)
 .bss           0x00000000000351a0        0x4 obj_cooja/mtype352.a(rpl.o)
 *fill*         0x00000000000351a4       0x1c 
 .bss           0x00000000000351c0      0x288 obj_cooja/mtype352.a(csma.o)
 .bss           0x0000000000035448        0x2 obj_cooja/mtype352.a(framer-802154.o)
 .bss           0x000000000003544a        0x0 obj_cooja/mtype352.a(mac.o)
 *fill*         0x000000000003544a       0x16 
 .bss           0x0000000000035460       0xb1 obj_cooja/mtype352.a(cxmac.o)
 .bss           0x0000000000035511        0x0 obj_cooja/mtype352.a(linkaddr.o)
 *fill*         0x0000000000035511        0xf 
 .bss           0x0000000000035520       0xc4 obj_cooja/mtype352.a(nbr-table.o)
 .bss           0x00000000000355e4        0x0 obj_cooja/mtype352.a(netstack.o)
 *fill*         0x00000000000355e4       0x1c 
 .bss           0x0000000000035600       0xa0 obj_cooja/mtype352.a(packetbuf.o)
 .bss           0x00000000000356a0      0xb80 obj_cooja/mtype352.a(queuebuf.o)
 .bss           0x0000000000036220        0x0 obj_cooja/mtype352.a(nullsec.o)
 .bss           0x0000000000036220        0x0 obj_cooja/mtype352.a(watchdog.o)
 .bss           0x0000000000036220        0x0 obj_cooja/mtype352.a(rimestats.o)
 .bss           0x0000000000036220        0x0 obj_cooja/mtype352.a(stimer.o)
 .bss           0x0000000000036220        0x0 obj_cooja/mtype352.a(memb.o)
 .bss           0x0000000000036220      0x4a8 obj_cooja/mtype352.a(uip-ds6-route.o)
 .bss           0x00000000000366c8       0x18 obj_cooja/mtype352.a(uip-icmp6.o)
 .bss           0x00000000000366e0        0x0 obj_cooja/mtype352.a(uip-nd6.o)
 .bss           0x00000000000366e0       0x44 obj_cooja/mtype352.a(rpl-nbr-policy.)
 .bss           0x0000000000036724        0x0 obj_cooja/mtype352.a(frame802154.o)
 .bss           0x0000000000036724        0x0 /usr/lib/gcc/i686-linux-gnu/4.8/crtendS.o
 .bss           0x0000000000036724        0x0 /usr/lib/gcc/i686-linux-gnu/4.8/../../../i386-linux-gnu/crtn.o
 *(COMMON)
 COMMON         0x0000000000036724        0x8 udp-server.co
                0x0000000000036724                LSA_message_input
                0x0000000000036725                LSA_SR_preamble
                0x0000000000036726                LSA_lr_child
                0x0000000000036727                LSA_converge
                0x0000000000036728                my_sink_reachability
                0x0000000000036729                my_parent_number
                0x000000000003672a                LSA_broadcast_count
                0x000000000003672b                LSA_message_flag
 COMMON         0x000000000003672c       0x68 obj_cooja/mtype352.o
                0x000000000003672c                dio_count
                0x0000000000036730                dis_count
                0x0000000000036734                tcp_output_count
                0x0000000000036738                csma_transmission_count
                0x000000000003673c                dao_ack_fwd_count
                0x0000000000036740                COOJA_radioRxLong
                0x0000000000036744                cxmac_collision_count
                0x0000000000036748                control_message_count
                0x000000000003674c                dao_count
                0x0000000000036750                icmp_count
                0x0000000000036754                COOJA_radioTx
                0x0000000000036758                referenceVar
                0x000000000003675c                cxmac_transmission_count
                0x0000000000036760                dao_ack_count
                0x0000000000036764                data_message_count
                0x0000000000036768                COOJA_radioTxLong
                0x000000000003676c                COOJA_radioRx
                0x0000000000036770                debugfp
                0x0000000000036774                COOJA_radioOn
                0x0000000000036778                LSA_count
                0x000000000003677c                dao_fwd_count
                0x0000000000036780                COOJA_duration
                0x0000000000036784                dio_ack_count
                0x0000000000036788                COOJA_radioOnLong
                0x000000000003678c                sensors_flags
                0x0000000000036790                data_fwd_count
 COMMON         0x0000000000036794        0xc obj_cooja/mtype352.a(simEnvChange.o)
                0x0000000000036794                simEtimerPending
                0x0000000000036798                simProcessRunValue
                0x000000000003679c                simNextExpirationTime
 COMMON         0x00000000000367a0        0x1 obj_cooja/mtype352.a(beep.o)
                0x00000000000367a0                simBeeped
 COMMON         0x00000000000367a1        0x3 obj_cooja/mtype352.a(button-sensor.o)
                0x00000000000367a1                simButtonIsActive
                0x00000000000367a2                simButtonIsDown
                0x00000000000367a3                simButtonChanged
 COMMON         0x00000000000367a4        0x1 obj_cooja/mtype352.a(leds-arch.o)
                0x00000000000367a4                simLedsValue
 *fill*         0x00000000000367a5        0x3 
 COMMON         0x00000000000367a8        0xc obj_cooja/mtype352.a(moteid.o)
                0x00000000000367a8                simRandomSeed
                0x00000000000367ac                simMoteIDChanged
                0x00000000000367b0                simMoteID
 COMMON         0x00000000000367b4        0x2 obj_cooja/mtype352.a(pir-sensor.o)
                0x00000000000367b4                simPirIsActive
                0x00000000000367b5                simPirChanged
 *fill*         0x00000000000367b6        0xa 
 COMMON         0x00000000000367c0      0x820 obj_cooja/mtype352.a(rs232.o)
                0x00000000000367c0                simSerialReceivingFlag
                0x00000000000367c4                simSerialReceivingLength
                0x00000000000367e0                simSerialReceivingData
 COMMON         0x0000000000036fe0        0x2 obj_cooja/mtype352.a(vib-sensor.o)
                0x0000000000036fe0                simVibChanged
                0x0000000000036fe1                simVibIsActive
 *fill*         0x0000000000036fe2        0x2 
 COMMON         0x0000000000036fe4        0x4 obj_cooja/mtype352.a(clock.o)
                0x0000000000036fe4                simCurrentTime
 *fill*         0x0000000000036fe8       0x18 
 COMMON         0x0000000000037000      0x420 obj_cooja/mtype352.a(log.o)
                0x0000000000037000                simLoggedLength
                0x0000000000037004                simLoggedFlag
                0x0000000000037020                simLoggedData
 COMMON         0x0000000000037420      0x240 obj_cooja/mtype352.a(cooja-radio.o)
                0x0000000000037420                simOutDataBuffer
                0x00000000000374a0                simRadioTarget
                0x00000000000374c0                simInDataBufferLR
                0x0000000000037540                simOutDataBufferLR
                0x00000000000375c0                dual_duty_cycle_count
                0x00000000000375e0                simInDataBuffer
 COMMON         0x0000000000037660      0x400 obj_cooja/mtype352.a(eeprom.o)
                0x0000000000037660                simEEPROMData
 COMMON         0x0000000000037a60        0x1 obj_cooja/mtype352.a(sensors.o)
                0x0000000000037a60                sensors_event
 *fill*         0x0000000000037a61        0x3 
 COMMON         0x0000000000037a64        0x4 obj_cooja/mtype352.a(log_message.o)
                0x0000000000037a64                log_fp
 COMMON         0x0000000000037a68        0x1 obj_cooja/mtype352.a(serial-line.o)
                0x0000000000037a68                serial_line_event_message
 *fill*         0x0000000000037a69       0x17 
 COMMON         0x0000000000037a80       0x50 obj_cooja/mtype352.a(uip-ds6-nbr.o)
                0x0000000000037a80                ds6_lr_addrmap
 *fill*         0x0000000000037ad0       0x10 
 COMMON         0x0000000000037ae0      0x298 obj_cooja/mtype352.a(uip-ds6.o)
                0x0000000000037ae0                uip_ds6_prefix_list
                0x0000000000037b40                uip_ds6_timer_periodic
                0x0000000000037b50                uip_ds6_netif_addr_list_offset
                0x0000000000037b60                uip_ds6_if
                0x0000000000037c58                uip_ds6_timer_ra
                0x0000000000037c60                uip_ds6_addr_size
                0x0000000000037c80                long_uip_ds6_if
 *fill*         0x0000000000037d78        0x8 
 COMMON         0x0000000000037d80      0x8ec obj_cooja/mtype352.a(uip6.o)
                0x0000000000037d80                uip_slen
                0x0000000000037d82                uip_acc32
                0x0000000000037da0                uip_conns
                0x0000000000037e60                uip_lladdr
                0x0000000000037e68                uip_appdata
                0x0000000000037e6c                uip_flags
                0x0000000000037e80                uip_aligned_buf
                0x00000000000384c0                uip_listenports
                0x00000000000384d0                uip_len
                0x00000000000384d2                uip_long_lladdr
                0x00000000000384dc                uip_sappdata
                0x00000000000384e0                uip_udp_conns
                0x0000000000038660                uip_udp_conn
                0x0000000000038664                uip_next_hdr
                0x0000000000038668                uip_conn
 COMMON         0x000000000003866c        0x1 obj_cooja/mtype352.a(tcpip.o)
                0x000000000003866c                tcpip_event
 *fill*         0x000000000003866d       0x13 
 COMMON         0x0000000000038680      0x178 obj_cooja/mtype352.a(rpl-dag.o)
                0x0000000000038680                default_instance
                0x00000000000386a0                instance_table
 COMMON         0x00000000000387f8       0x10 obj_cooja/mtype352.a(linkaddr.o)
                0x00000000000387f8                linkaddr_node_addr
                0x0000000000038800                long_linkaddr_node_addr
 COMMON         0x0000000000038808       0x2e obj_cooja/mtype352.a(packetbuf.o)
                0x0000000000038808                packetbuf_attrs
                0x0000000000038826                packetbuf_addrs
 *fill*         0x0000000000038836        0xa 
 COMMON         0x0000000000038840       0x48 obj_cooja/mtype352.a(rimestats.o)
                0x0000000000038840                rimestats
                0x0000000000038888                . = ALIGN ((. != 0x0)?0x4:0x1)
                0x0000000000038888                . = ALIGN (0x4)
                0x0000000000038888                . = SEGMENT_START ("ldata-segment", .)
                0x0000000000038888                . = ALIGN (0x4)
                0x0000000000038888                _end = .
                0x0000000000038888                PROVIDE (end, .)
                0x0000000000038888                . = DATA_SEGMENT_END (.)

.stab
 *(.stab)

.stabstr
 *(.stabstr)

.stab.excl
 *(.stab.excl)

.stab.exclstr
 *(.stab.exclstr)

.stab.index
 *(.stab.index)

.stab.indexstr
 *(.stab.indexstr)

.comment        0x0000000000000000       0x29
 *(.comment)
 .comment       0x0000000000000000       0x29 /usr/lib/gcc/i686-linux-gnu/4.8/crtbeginS.o
                                         0x2a (size before relaxing)
 .comment       0x0000000000000000       0x2a udp-server.co
 .comment       0x0000000000000000       0x2a obj_cooja/mtype352.o
 .comment       0x0000000000000000       0x2a obj_cooja/mtype352.a(simEnvChange.o)
 .comment       0x0000000000000000       0x2a obj_cooja/mtype352.a(cooja_mt.o)
 .comment       0x0000000000000000       0x2a obj_cooja/mtype352.a(cooja_mtarch.o)
 .comment       0x0000000000000000       0x2a obj_cooja/mtype352.a(rtimer-arch.o)
 .comment       0x0000000000000000       0x2a obj_cooja/mtype352.a(beep.o)
 .comment       0x0000000000000000       0x2a obj_cooja/mtype352.a(button-sensor.o)
 .comment       0x0000000000000000       0x2a obj_cooja/mtype352.a(leds-arch.o)
 .comment       0x0000000000000000       0x2a obj_cooja/mtype352.a(moteid.o)
 .comment       0x0000000000000000       0x2a obj_cooja/mtype352.a(pir-sensor.o)
 .comment       0x0000000000000000       0x2a obj_cooja/mtype352.a(rs232.o)
 .comment       0x0000000000000000       0x2a obj_cooja/mtype352.a(vib-sensor.o)
 .comment       0x0000000000000000       0x2a obj_cooja/mtype352.a(clock.o)
 .comment       0x0000000000000000       0x2a obj_cooja/mtype352.a(log.o)
 .comment       0x0000000000000000       0x2a obj_cooja/mtype352.a(cfs-cooja.o)
 .comment       0x0000000000000000       0x2a obj_cooja/mtype352.a(cooja-radio.o)
 .comment       0x0000000000000000       0x2a obj_cooja/mtype352.a(eeprom.o)
 .comment       0x0000000000000000       0x2a obj_cooja/mtype352.a(random.o)
 .comment       0x0000000000000000       0x2a obj_cooja/mtype352.a(sensors.o)
 .comment       0x0000000000000000       0x2a obj_cooja/mtype352.a(leds.o)
 .comment       0x0000000000000000       0x2a obj_cooja/mtype352.a(dual_conf.o)
 .comment       0x0000000000000000       0x2a obj_cooja/mtype352.a(autostart.o)
 .comment       0x0000000000000000       0x2a obj_cooja/mtype352.a(ctimer.o)
 .comment       0x0000000000000000       0x2a obj_cooja/mtype352.a(etimer.o)
 .comment       0x0000000000000000       0x2a obj_cooja/mtype352.a(log_message.o)
 .comment       0x0000000000000000       0x2a obj_cooja/mtype352.a(process.o)
 .comment       0x0000000000000000       0x2a obj_cooja/mtype352.a(residual.o)
 .comment       0x0000000000000000       0x2a obj_cooja/mtype352.a(rtimer.o)
 .comment       0x0000000000000000       0x2a obj_cooja/mtype352.a(timer.o)
 .comment       0x0000000000000000       0x2a obj_cooja/mtype352.a(serial-line.o)
 .comment       0x0000000000000000       0x2a obj_cooja/mtype352.a(list.o)
 .comment       0x0000000000000000       0x2a obj_cooja/mtype352.a(ringbuf.o)
 .comment       0x0000000000000000       0x2a obj_cooja/mtype352.a(sicslowpan.o)
 .comment       0x0000000000000000       0x2a obj_cooja/mtype352.a(uip-ds6-nbr.o)
 .comment       0x0000000000000000       0x2a obj_cooja/mtype352.a(uip-ds6.o)
 .comment       0x0000000000000000       0x2a obj_cooja/mtype352.a(uip6.o)
 .comment       0x0000000000000000       0x2a obj_cooja/mtype352.a(tcpip.o)
 .comment       0x0000000000000000       0x2a obj_cooja/mtype352.a(uip-debug.o)
 .comment       0x0000000000000000       0x2a obj_cooja/mtype352.a(uip-packetqueue)
 .comment       0x0000000000000000       0x2a obj_cooja/mtype352.a(rpl-dag.o)
 .comment       0x0000000000000000       0x2a obj_cooja/mtype352.a(rpl-ext-header.)
 .comment       0x0000000000000000       0x2a obj_cooja/mtype352.a(rpl-icmp6.o)
 .comment       0x0000000000000000       0x2a obj_cooja/mtype352.a(rpl-ltmax.o)
 .comment       0x0000000000000000       0x2a obj_cooja/mtype352.a(rpl-timers.o)
 .comment       0x0000000000000000       0x2a obj_cooja/mtype352.a(rpl.o)
 .comment       0x0000000000000000       0x2a obj_cooja/mtype352.a(csma.o)
 .comment       0x0000000000000000       0x2a obj_cooja/mtype352.a(framer-802154.o)
 .comment       0x0000000000000000       0x2a obj_cooja/mtype352.a(mac.o)
 .comment       0x0000000000000000       0x2a obj_cooja/mtype352.a(cxmac.o)
 .comment       0x0000000000000000       0x2a obj_cooja/mtype352.a(linkaddr.o)
 .comment       0x0000000000000000       0x2a obj_cooja/mtype352.a(nbr-table.o)
 .comment       0x0000000000000000       0x2a obj_cooja/mtype352.a(netstack.o)
 .comment       0x0000000000000000       0x2a obj_cooja/mtype352.a(packetbuf.o)
 .comment       0x0000000000000000       0x2a obj_cooja/mtype352.a(queuebuf.o)
 .comment       0x0000000000000000       0x2a obj_cooja/mtype352.a(nullsec.o)
 .comment       0x0000000000000000       0x2a obj_cooja/mtype352.a(watchdog.o)
 .comment       0x0000000000000000       0x2a obj_cooja/mtype352.a(rimestats.o)
 .comment       0x0000000000000000       0x2a obj_cooja/mtype352.a(stimer.o)
 .comment       0x0000000000000000       0x2a obj_cooja/mtype352.a(memb.o)
 .comment       0x0000000000000000       0x2a obj_cooja/mtype352.a(uip-ds6-route.o)
 .comment       0x0000000000000000       0x2a obj_cooja/mtype352.a(uip-icmp6.o)
 .comment       0x0000000000000000       0x2a obj_cooja/mtype352.a(uip-nd6.o)
 .comment       0x0000000000000000       0x2a obj_cooja/mtype352.a(rpl-nbr-policy.)
 .comment       0x0000000000000000       0x2a obj_cooja/mtype352.a(frame802154.o)
 .comment       0x0000000000000000       0x2a /usr/lib/gcc/i686-linux-gnu/4.8/crtendS.o

.debug
 *(.debug)

.line
 *(.line)

.debug_srcinfo
 *(.debug_srcinfo)

.debug_sfnames
 *(.debug_sfnames)

.debug_aranges  0x0000000000000000      0x818
 *(.debug_aranges)
 .debug_aranges
                0x0000000000000000       0x20 udp-server.co
 .debug_aranges
                0x0000000000000020       0x20 obj_cooja/mtype352.o
 .debug_aranges
                0x0000000000000040       0x20 obj_cooja/mtype352.a(simEnvChange.o)
 .debug_aranges
                0x0000000000000060       0x20 obj_cooja/mtype352.a(cooja_mt.o)
 .debug_aranges
                0x0000000000000080       0x20 obj_cooja/mtype352.a(cooja_mtarch.o)
 .debug_aranges
                0x00000000000000a0       0x20 obj_cooja/mtype352.a(rtimer-arch.o)
 .debug_aranges
                0x00000000000000c0       0x20 obj_cooja/mtype352.a(beep.o)
 .debug_aranges
                0x00000000000000e0       0x20 obj_cooja/mtype352.a(button-sensor.o)
 .debug_aranges
                0x0000000000000100       0x20 obj_cooja/mtype352.a(leds-arch.o)
 .debug_aranges
                0x0000000000000120       0x20 obj_cooja/mtype352.a(moteid.o)
 .debug_aranges
                0x0000000000000140       0x20 obj_cooja/mtype352.a(pir-sensor.o)
 .debug_aranges
                0x0000000000000160       0x20 obj_cooja/mtype352.a(rs232.o)
 .debug_aranges
                0x0000000000000180       0x20 obj_cooja/mtype352.a(vib-sensor.o)
 .debug_aranges
                0x00000000000001a0       0x20 obj_cooja/mtype352.a(clock.o)
 .debug_aranges
                0x00000000000001c0       0x20 obj_cooja/mtype352.a(log.o)
 .debug_aranges
                0x00000000000001e0       0x20 obj_cooja/mtype352.a(cfs-cooja.o)
 .debug_aranges
                0x0000000000000200       0x20 obj_cooja/mtype352.a(cooja-radio.o)
 .debug_aranges
                0x0000000000000220       0x20 obj_cooja/mtype352.a(eeprom.o)
 .debug_aranges
                0x0000000000000240       0x20 obj_cooja/mtype352.a(random.o)
 .debug_aranges
                0x0000000000000260       0x20 obj_cooja/mtype352.a(sensors.o)
 .debug_aranges
                0x0000000000000280       0x20 obj_cooja/mtype352.a(leds.o)
 .debug_aranges
                0x00000000000002a0       0x20 obj_cooja/mtype352.a(dual_conf.o)
 .debug_aranges
                0x00000000000002c0       0x20 obj_cooja/mtype352.a(autostart.o)
 .debug_aranges
                0x00000000000002e0       0x20 obj_cooja/mtype352.a(ctimer.o)
 .debug_aranges
                0x0000000000000300       0x20 obj_cooja/mtype352.a(etimer.o)
 .debug_aranges
                0x0000000000000320       0x20 obj_cooja/mtype352.a(log_message.o)
 .debug_aranges
                0x0000000000000340       0x20 obj_cooja/mtype352.a(process.o)
 .debug_aranges
                0x0000000000000360       0x20 obj_cooja/mtype352.a(residual.o)
 .debug_aranges
                0x0000000000000380       0x20 obj_cooja/mtype352.a(rtimer.o)
 .debug_aranges
                0x00000000000003a0       0x20 obj_cooja/mtype352.a(timer.o)
 .debug_aranges
                0x00000000000003c0       0x20 obj_cooja/mtype352.a(serial-line.o)
 .debug_aranges
                0x00000000000003e0       0x20 obj_cooja/mtype352.a(list.o)
 .debug_aranges
                0x0000000000000400       0x20 obj_cooja/mtype352.a(ringbuf.o)
 .debug_aranges
                0x0000000000000420       0x20 obj_cooja/mtype352.a(sicslowpan.o)
 .debug_aranges
                0x0000000000000440       0x20 obj_cooja/mtype352.a(uip-ds6-nbr.o)
 .debug_aranges
                0x0000000000000460       0x20 obj_cooja/mtype352.a(uip-ds6.o)
 .debug_aranges
                0x0000000000000480       0x20 obj_cooja/mtype352.a(uip6.o)
 .debug_aranges
                0x00000000000004a0       0x20 obj_cooja/mtype352.a(tcpip.o)
 .debug_aranges
                0x00000000000004c0       0x20 obj_cooja/mtype352.a(uip-debug.o)
 .debug_aranges
                0x00000000000004e0       0x20 obj_cooja/mtype352.a(uip-packetqueue)
 .debug_aranges
                0x0000000000000500       0x20 obj_cooja/mtype352.a(rpl-dag.o)
 .debug_aranges
                0x0000000000000520       0x20 obj_cooja/mtype352.a(rpl-ext-header.)
 .debug_aranges
                0x0000000000000540       0x20 obj_cooja/mtype352.a(rpl-icmp6.o)
 .debug_aranges
                0x0000000000000560       0x20 obj_cooja/mtype352.a(rpl-ltmax.o)
 .debug_aranges
                0x0000000000000580       0x20 obj_cooja/mtype352.a(rpl-timers.o)
 .debug_aranges
                0x00000000000005a0       0x20 obj_cooja/mtype352.a(rpl.o)
 .debug_aranges
                0x00000000000005c0       0x20 obj_cooja/mtype352.a(csma.o)
 .debug_aranges
                0x00000000000005e0       0x20 obj_cooja/mtype352.a(framer-802154.o)
 .debug_aranges
                0x0000000000000600       0x20 obj_cooja/mtype352.a(mac.o)
 .debug_aranges
                0x0000000000000620       0x20 obj_cooja/mtype352.a(cxmac.o)
 .debug_aranges
                0x0000000000000640       0x20 obj_cooja/mtype352.a(linkaddr.o)
 .debug_aranges
                0x0000000000000660       0x20 obj_cooja/mtype352.a(nbr-table.o)
 .debug_aranges
                0x0000000000000680       0x20 obj_cooja/mtype352.a(netstack.o)
 .debug_aranges
                0x00000000000006a0       0x20 obj_cooja/mtype352.a(packetbuf.o)
 .debug_aranges
                0x00000000000006c0       0x20 obj_cooja/mtype352.a(queuebuf.o)
 .debug_aranges
                0x00000000000006e0       0x20 obj_cooja/mtype352.a(nullsec.o)
 .debug_aranges
                0x0000000000000700       0x20 obj_cooja/mtype352.a(watchdog.o)
 .debug_aranges
                0x0000000000000720       0x18 obj_cooja/mtype352.a(rimestats.o)
 .debug_aranges
                0x0000000000000738       0x20 obj_cooja/mtype352.a(stimer.o)
 .debug_aranges
                0x0000000000000758       0x20 obj_cooja/mtype352.a(memb.o)
 .debug_aranges
                0x0000000000000778       0x20 obj_cooja/mtype352.a(uip-ds6-route.o)
 .debug_aranges
                0x0000000000000798       0x20 obj_cooja/mtype352.a(uip-icmp6.o)
 .debug_aranges
                0x00000000000007b8       0x20 obj_cooja/mtype352.a(uip-nd6.o)
 .debug_aranges
                0x00000000000007d8       0x20 obj_cooja/mtype352.a(rpl-nbr-policy.)
 .debug_aranges
                0x00000000000007f8       0x20 obj_cooja/mtype352.a(frame802154.o)

.debug_pubnames
 *(.debug_pubnames)

.debug_info     0x0000000000000000    0x1e800
 *(.debug_info .gnu.linkonce.wi.*)
 .debug_info    0x0000000000000000      0xea7 udp-server.co
 .debug_info    0x0000000000000ea7     0x3b47 obj_cooja/mtype352.o
 .debug_info    0x00000000000049ee      0x15a obj_cooja/mtype352.a(simEnvChange.o)