Archive member included to satisfy reference by file (symbol)

obj_cooja/mtype462.a(simEnvChange.o)
                              obj_cooja/mtype462.o (simDontFallAsleep)
obj_cooja/mtype462.a(cooja_mt.o)
                              obj_cooja/mtype462.o (cooja_mt_start)
obj_cooja/mtype462.a(cooja_mtarch.o)
                              obj_cooja/mtype462.a(cooja_mt.o) (cooja_mtarch_init)
obj_cooja/mtype462.a(rtimer-arch.o)
                              obj_cooja/mtype462.o (rtimer_arch_next)
obj_cooja/mtype462.a(beep.o)  obj_cooja/mtype462.o (beep_interface)
obj_cooja/mtype462.a(button-sensor.o)
                              obj_cooja/mtype462.o (button_interface)
obj_cooja/mtype462.a(leds-arch.o)
                              obj_cooja/mtype462.o (leds_interface)
obj_cooja/mtype462.a(moteid.o)
                              obj_cooja/mtype462.o (moteid_interface)
obj_cooja/mtype462.a(pir-sensor.o)
                              obj_cooja/mtype462.o (pir_interface)
obj_cooja/mtype462.a(rs232.o)
                              obj_cooja/mtype462.o (rs232_interface)
obj_cooja/mtype462.a(vib-sensor.o)
                              obj_cooja/mtype462.o (vib_interface)
obj_cooja/mtype462.a(clock.o)
                              obj_cooja/mtype462.o (clock_interface)
obj_cooja/mtype462.a(log.o)   obj_cooja/mtype462.o (simlog_interface)
obj_cooja/mtype462.a(cfs-cooja.o)
                              obj_cooja/mtype462.o (cfs_interface)
obj_cooja/mtype462.a(cooja-radio.o)
                              obj_cooja/mtype462.o (radio_interface)
obj_cooja/mtype462.a(eeprom.o)
                              obj_cooja/mtype462.o (eeprom_interface)
obj_cooja/mtype462.a(random.o)
                              obj_cooja/mtype462.a(moteid.o) (random_init)
obj_cooja/mtype462.a(sensors.o)
                              udp-server.co (sensors_event)
obj_cooja/mtype462.a(dual_conf.o)
                              obj_cooja/mtype462.a(cooja-radio.o) (long_range_radio)
obj_cooja/mtype462.a(autostart.o)
                              obj_cooja/mtype462.o (autostart_start)
obj_cooja/mtype462.a(ctimer.o)
                              obj_cooja/mtype462.o (ctimer_init)
obj_cooja/mtype462.a(etimer.o)
                              obj_cooja/mtype462.o (etimer_process)
obj_cooja/mtype462.a(log_message.o)
                              obj_cooja/mtype462.o (log_initialization)
obj_cooja/mtype462.a(process.o)
                              udp-server.co (process_current)
obj_cooja/mtype462.a(residual.o)
                              obj_cooja/mtype462.o (get_residual_energy)
obj_cooja/mtype462.a(rtimer.o)
                              obj_cooja/mtype462.a(rtimer-arch.o) (rtimer_run_next)
obj_cooja/mtype462.a(timer.o)
                              obj_cooja/mtype462.a(button-sensor.o) (timer_set)
obj_cooja/mtype462.a(serial-line.o)
                              obj_cooja/mtype462.a(rs232.o) (serial_line_input_byte)
obj_cooja/mtype462.a(list.o)  obj_cooja/mtype462.a(ctimer.o) (list_init)
obj_cooja/mtype462.a(ringbuf.o)
                              obj_cooja/mtype462.a(serial-line.o) (ringbuf_init)
obj_cooja/mtype462.a(sicslowpan.o)
                              obj_cooja/mtype462.o (sicslowpan_driver)
obj_cooja/mtype462.a(uip-ds6-nbr.o)
                              obj_cooja/mtype462.a(sicslowpan.o) (uip_ds6_link_neighbor_callback)
obj_cooja/mtype462.a(uip-ds6.o)
                              udp-server.co (uip_ds6_if)
obj_cooja/mtype462.a(uip6.o)  obj_cooja/mtype462.o (uip_lladdr)
obj_cooja/mtype462.a(tcpip.o)
                              udp-server.co (tcpip_event)
obj_cooja/mtype462.a(uip-debug.o)
                              udp-server.co (uip_debug_ipaddr_print)
obj_cooja/mtype462.a(uip-packetqueue)
                              obj_cooja/mtype462.a(uip-ds6-nbr.o) (uip_packetqueue_new)
obj_cooja/mtype462.a(rpl-dag.o)
                              udp-server.co (rpl_set_root)
obj_cooja/mtype462.a(rpl-ext-header.)
                              obj_cooja/mtype462.a(uip6.o) (rpl_verify_header)
obj_cooja/mtype462.a(rpl-icmp6.o)
                              obj_cooja/mtype462.a(rpl-dag.o) (rpl_icmp6_update_nbr_table)
obj_cooja/mtype462.a(rpl-ltmax.o)
                              obj_cooja/mtype462.a(rpl-dag.o) (rpl_ltmax_of)
obj_cooja/mtype462.a(rpl-timers.o)
                              obj_cooja/mtype462.a(rpl-icmp6.o) (rpl_LSA_convergence_timer)
obj_cooja/mtype462.a(rpl.o)   obj_cooja/mtype462.a(rpl-icmp6.o) (rpl_get_mode)
obj_cooja/mtype462.a(framer-802154.o)
                              obj_cooja/mtype462.a(sicslowpan.o) (framer_802154)
obj_cooja/mtype462.a(nullmac.o)
                              udp-server.co (nullmac_driver)
obj_cooja/mtype462.a(cxmac.o)
                              obj_cooja/mtype462.o (cxmac_driver)
obj_cooja/mtype462.a(linkaddr.o)
                              obj_cooja/mtype462.o (linkaddr_node_addr)
obj_cooja/mtype462.a(nbr-table.o)
[...]
Memory Configuration

Name             Origin             Length             Attributes
*default*        0x0000000000000000 0xffffffffffffffff

Linker script and memory map

LOAD /usr/lib/gcc/i686-linux-gnu/4.8/../../../i386-linux-gnu/crti.o
LOAD /usr/lib/gcc/i686-linux-gnu/4.8/crtbeginS.o
LOAD udp-server.co
LOAD obj_cooja/mtype462.o
LOAD obj_cooja/mtype462.a
LOAD /usr/lib/gcc/i686-linux-gnu/4.8/libgcc.a
LOAD /usr/lib/gcc/i686-linux-gnu/4.8/libgcc_s.so
LOAD /usr/lib/gcc/i686-linux-gnu/4.8/../../../i386-linux-gnu/libc.so
START GROUP
LOAD /lib/i386-linux-gnu/libc.so.6
LOAD /usr/lib/i386-linux-gnu/libc_nonshared.a
LOAD /lib/i386-linux-gnu/ld-linux.so.2
END GROUP
LOAD /usr/lib/gcc/i686-linux-gnu/4.8/libgcc.a
LOAD /usr/lib/gcc/i686-linux-gnu/4.8/libgcc_s.so
LOAD /usr/lib/gcc/i686-linux-gnu/4.8/crtendS.o
LOAD /usr/lib/gcc/i686-linux-gnu/4.8/../../../i386-linux-gnu/crtn.o
                0x0000000000000114                . = (0x0 + SIZEOF_HEADERS)

.note.gnu.build-id
                0x0000000000000114       0x24
 *(.note.gnu.build-id)
 .note.gnu.build-id
                0x0000000000000114       0x24 /usr/lib/gcc/i686-linux-gnu/4.8/../../../i386-linux-gnu/crti.o

.hash
 *(.hash)

.gnu.hash       0x0000000000000138     0x1384
 *(.gnu.hash)
 .gnu.hash      0x0000000000000138     0x1384 /usr/lib/gcc/i686-linux-gnu/4.8/../../../i386-linux-gnu/crti.o

.dynsym         0x00000000000014bc     0x2670
 *(.dynsym)
 .dynsym        0x00000000000014bc     0x2670 /usr/lib/gcc/i686-linux-gnu/4.8/../../../i386-linux-gnu/crti.o

.dynstr         0x0000000000003b2c     0x278a
 *(.dynstr)
 .dynstr        0x0000000000003b2c     0x278a /usr/lib/gcc/i686-linux-gnu/4.8/../../../i386-linux-gnu/crti.o

.gnu.version    0x00000000000062b6      0x4ce
 *(.gnu.version)
 .gnu.version   0x00000000000062b6      0x4ce /usr/lib/gcc/i686-linux-gnu/4.8/../../../i386-linux-gnu/crti.o

.gnu.version_d  0x0000000000006784        0x0
 *(.gnu.version_d)
 .gnu.version_d
                0x0000000000000000        0x0 /usr/lib/gcc/i686-linux-gnu/4.8/../../../i386-linux-gnu/crti.o

.gnu.version_r  0x0000000000006784       0x50
 *(.gnu.version_r)
 .gnu.version_r
                0x0000000000006784       0x50 /usr/lib/gcc/i686-linux-gnu/4.8/../../../i386-linux-gnu/crti.o

.rel.dyn        0x00000000000067d4     0x93e8
 *(.rel.init)
 .rel.init      0x0000000000000000        0x0 /usr/lib/gcc/i686-linux-gnu/4.8/../../../i386-linux-gnu/crti.o
 *(.rel.text .rel.text.* .rel.gnu.linkonce.t.*)
 .rel.text      0x00000000000067d4     0x8c30 /usr/lib/gcc/i686-linux-gnu/4.8/../../../i386-linux-gnu/crti.o
 *(.rel.fini)
 .rel.fini      0x0000000000000000        0x0 /usr/lib/gcc/i686-linux-gnu/4.8/../../../i386-linux-gnu/crti.o
 *(.rel.rodata .rel.rodata.* .rel.gnu.linkonce.r.*)
 .rel.rodata    0x000000000000f404      0x4e0 /usr/lib/gcc/i686-linux-gnu/4.8/../../../i386-linux-gnu/crti.o
 *(.rel.data.rel.ro .rel.data.rel.ro.* .rel.gnu.linkonce.d.rel.ro.*)
 *(.rel.data .rel.data.* .rel.gnu.linkonce.d.*)
 .rel.data.rel  0x000000000000f8e4        0x8 /usr/lib/gcc/i686-linux-gnu/4.8/../../../i386-linux-gnu/crti.o
 .rel.data      0x000000000000f8ec      0x298 /usr/lib/gcc/i686-linux-gnu/4.8/../../../i386-linux-gnu/crti.o
 *(.rel.tdata .rel.tdata.* .rel.gnu.linkonce.td.*)
 *(.rel.tbss .rel.tbss.* .rel.gnu.linkonce.tb.*)
 *(.rel.ctors)
 *(.rel.dtors)
 *(.rel.got)
 .rel.got       0x000000000000fb84       0x28 /usr/lib/gcc/i686-linux-gnu/4.8/../../../i386-linux-gnu/crti.o
 *(.rel.bss .rel.bss.* .rel.gnu.linkonce.b.*)
 *(.rel.ifunc)
 .rel.ifunc     0x0000000000000000        0x0 /usr/lib/gcc/i686-linux-gnu/4.8/../../../i386-linux-gnu/crti.o
 .rel.fini_array
                0x000000000000fbac        0x8 /usr/lib/gcc/i686-linux-gnu/4.8/../../../i386-linux-gnu/crti.o
 .rel.init_array
                0x000000000000fbb4        0x8 /usr/lib/gcc/i686-linux-gnu/4.8/../../../i386-linux-gnu/crti.o

.rel.plt        0x000000000000fbbc       0x10
 *(.rel.plt)
 .rel.plt       0x000000000000fbbc       0x10 /usr/lib/gcc/i686-linux-gnu/4.8/../../../i386-linux-gnu/crti.o
 *(.rel.iplt)

.init           0x000000000000fbcc       0x23
 *(SORT(.init))
 .init          0x000000000000fbcc       0x1e /usr/lib/gcc/i686-linux-gnu/4.8/../../../i386-linux-gnu/crti.o
                0x000000000000fbcc                _init
 .init          0x000000000000fbea        0x5 /usr/lib/gcc/i686-linux-gnu/4.8/../../../i386-linux-gnu/crtn.o

.plt            0x000000000000fbf0       0x30
 *(.plt)
 .plt           0x000000000000fbf0       0x30 /usr/lib/gcc/i686-linux-gnu/4.8/../../../i386-linux-gnu/crti.o
 *(.iplt)

.text           0x000000000000fc20    0x16ae1
 *(.text.unlikely .text.*_unlikely .text.unlikely.*)
 *(.text.exit .text.exit.*)
 *(.text.startup .text.startup.*)
 *(.text.hot .text.hot.*)
 *(.text .stub .text.* .gnu.linkonce.t.*)
 .text          0x000000000000fc20        0x0 /usr/lib/gcc/i686-linux-gnu/4.8/../../../i386-linux-gnu/crti.o
 .gnu.linkonce.t.__x86.get_pc_thunk.bx
                0x000000000000fc20        0x4 /usr/lib/gcc/i686-linux-gnu/4.8/../../../i386-linux-gnu/crti.o
                0x000000000000fc20                __x86.get_pc_thunk.bx
 *fill*         0x000000000000fc24        0xc 
 .text          0x000000000000fc30      0x11b /usr/lib/gcc/i686-linux-gnu/4.8/crtbeginS.o
 .text          0x000000000000fd4b      0x3ce udp-server.co
 .text          0x0000000000010119      0x96a obj_cooja/mtype462.o
                0x00000000000102c7                contiki_init
                0x000000000001089a                Java_org_contikios_cooja_corecomm_Lib50_init
                0x00000000000108da                Java_org_contikios_cooja_corecomm_Lib50_getMemory
                0x000000000001091a                Java_org_contikios_cooja_corecomm_Lib50_setMemory
                0x0000000000010991                Java_org_contikios_cooja_corecomm_Lib50_tick
                0x0000000000010a71                Java_org_contikios_cooja_corecomm_Lib50_setReferenceAddress
 .text          0x0000000000010a83       0x63 obj_cooja/mtype462.a(simEnvChange.o)
                0x0000000000010a83                doActionsBeforeTick
                0x0000000000010ab4                doActionsAfterTick
 .text          0x0000000000010ae6       0xbc obj_cooja/mtype462.a(cooja_mt.o)
                0x0000000000010ae6                cooja_mt_init
                0x0000000000010af3                cooja_mt_remove
                0x0000000000010b00                cooja_mt_start
                0x0000000000010b2d                cooja_mt_exec
                0x0000000000010b5e                cooja_mt_exit
                0x0000000000010b80                cooja_mt_yield
 .text          0x0000000000010ba2      0x115 obj_cooja/mtype462.a(cooja_mtarch.o)
                0x0000000000010ba2                cooja_mtarch_init
                0x0000000000010ba7                cooja_mtarch_start
                0x0000000000010c22                cooja_sw
                0x0000000000010c44                cooja_mtarch_exec
                0x0000000000010c60                cooja_mtarch_remove
                0x0000000000010c65                cooja_mtarch_yield
                0x0000000000010c6f                cooja_mtarch_pstop
                0x0000000000010c74                cooja_mtarch_pstart
                0x0000000000010c79                cooja_mtarch_stack_usage
 .text          0x0000000000010cb7       0xc2 obj_cooja/mtype462.a(rtimer-arch.o)
                0x0000000000010cb7                rtimer_arch_init
                0x0000000000010cda                rtimer_arch_schedule
                0x0000000000010cf1                rtimer_arch_next
                0x0000000000010cfb                rtimer_arch_pending
                0x0000000000010d05                rtimer_arch_check
                0x0000000000010d37                rtimer_arch_now
 .text          0x0000000000010d79       0x76 obj_cooja/mtype462.a(beep.o)
                0x0000000000010d79                beep_alarm
                0x0000000000010d85                beep_beep
                0x0000000000010d91                beep
                0x0000000000010d9d                beep_down
                0x0000000000010da9                beep_on
                0x0000000000010db5                beep_off
                0x0000000000010dc1                beep_spinup
                0x0000000000010dcd                beep_quick
                0x0000000000010dd9                beep_long
 .text          0x0000000000010def      0x103 obj_cooja/mtype462.a(button-sensor.o)
 .text          0x0000000000010ef2       0x45 obj_cooja/mtype462.a(leds-arch.o)
                0x0000000000010ef2                leds_arch_init
                0x0000000000010efe                leds_arch_get
                0x0000000000010f0a                leds_arch_set
 .text          0x0000000000010f37       0x2f obj_cooja/mtype462.a(moteid.o)
 .text          0x0000000000010f66       0xb1 obj_cooja/mtype462.a(pir-sensor.o)
 .text          0x0000000000011017      0x131 obj_cooja/mtype462.a(rs232.o)
                0x0000000000011017                rs232_init
                0x000000000001101c                rs232_set_speed
                0x000000000001102a                rs232_set_input
                0x0000000000011037                rs232_send
                0x0000000000011059                rs232_print
                0x0000000000011074                slip_arch_writeb
 .text          0x0000000000011148       0xb1 obj_cooja/mtype462.a(vib-sensor.o)
 .text          0x00000000000111f9       0x34 obj_cooja/mtype462.a(clock.o)
                0x00000000000111f9                clock_init
                0x00000000000111fe                clock_time
                0x0000000000011208                clock_seconds
                0x000000000001121e                clock_delay
 .text          0x000000000001122d      0x1ed obj_cooja/mtype462.a(log.o)
                0x000000000001122d                simlog_char
                0x000000000001126f                simlog
                0x00000000000112dc                log_message
                0x0000000000011304                log_set_putchar_with_slip
                0x0000000000011311                log_putchar
                0x0000000000011395                log_puts
                0x00000000000113b9                log_printf
 .text          0x000000000001141a      0x2c4 obj_cooja/mtype462.a(cfs-cooja.o)
                0x000000000001141a                cfs_open
                0x0000000000011483                cfs_close
                0x000000000001148f                cfs_read
                0x000000000001152d                cfs_write
                0x000000000001160a                cfs_seek
                0x0000000000011692                cfs_remove
                0x00000000000116bb                cfs_opendir
                0x00000000000116c5                cfs_readdir
                0x00000000000116cf                cfs_closedir
 .text          0x00000000000116de      0x687 obj_cooja/mtype462.a(cooja-radio.o)
                0x0000000000011708                radio_set_channel
                0x000000000001171d                radio_set_txpower
                0x000000000001173d                radio_signal_strength_last
                0x0000000000011747                radio_signal_strength_current
                0x0000000000011751                radio_LQI
 .text          0x0000000000011d65       0xef obj_cooja/mtype462.a(eeprom.o)
                0x0000000000011d65                eeprom_init
                0x0000000000011d6a                eeprom_read
                0x0000000000011dda                eeprom_write
 .text          0x0000000000011e54       0x28 obj_cooja/mtype462.a(random.o)
                0x0000000000011e54                random_init
                0x0000000000011e6f                random_rand
 .text          0x0000000000011e7c      0x2a1 obj_cooja/mtype462.a(sensors.o)
                0x0000000000011eb7                sensors_first
                0x0000000000011ec1                sensors_next
                0x0000000000011ede                sensors_changed
                0x0000000000011f0d                sensors_find
 .text          0x000000000001211d      0x42d obj_cooja/mtype462.a(dual_conf.o)
                0x000000000001211d                dual_radio_switch
                0x000000000001215d                dual_radio_change
                0x0000000000012197                sending_in_LR
                0x00000000000121c2                dual_radio_received
                0x00000000000121fa                radio_received_is_longrange
                0x0000000000012215                dual_radio_turn_on
                0x0000000000012238                dual_radio_turn_off
                0x00000000000124d0                dio_broadcast
                0x00000000000124f9                dis_broadcast
                0x000000000001251a                LSA_converge_broadcast
 .text          0x000000000001254a       0x8e obj_cooja/mtype462.a(autostart.o)
                0x000000000001254a                autostart_start
                0x0000000000012595                autostart_exit
 .text          0x00000000000125d8      0x334 obj_cooja/mtype462.a(ctimer.o)
                0x00000000000126ef                ctimer_init
                0x000000000001271f                ctimer_set
                0x0000000000012750                ctimer_set_with_process
                0x00000000000127cc                ctimer_reset
                0x000000000001281b                ctimer_restart
                0x000000000001286a                ctimer_stop
                0x00000000000128b5                ctimer_expired
 .text          0x000000000001290c      0x40b obj_cooja/mtype462.a(etimer.o)
                0x0000000000012b1f                etimer_request_poll
                0x0000000000012ba3                etimer_set
                0x0000000000012bc8                etimer_reset_with_new_interval
                0x0000000000012bef                etimer_reset
                0x0000000000012c0d                etimer_restart
                0x0000000000012c2b                etimer_adjust
                0x0000000000012c47                etimer_expired
                0x0000000000012c5a                etimer_expiration_time
                0x0000000000012c6c                etimer_start_time
                0x0000000000012c76                etimer_pending
                0x0000000000012c88                etimer_next_expiration_time
                0x0000000000012ca2                etimer_stop
 .text          0x0000000000012d17       0xdd obj_cooja/mtype462.a(log_message.o)
                0x0000000000012d17                log_initialization
                0x0000000000012dd3                log_finisher
 .text          0x0000000000012df4      0x560 obj_cooja/mtype462.a(process.o)
                0x0000000000012df4                process_alloc_event
                0x0000000000012e09                process_start
                0x0000000000012ff2                process_exit
                0x000000000001300e                process_init
                0x00000000000131df                process_run
                0x0000000000013212                process_nevents
                0x000000000001322d                process_post
                0x00000000000132d9                process_post_synch
                0x0000000000013311                process_poll
                0x0000000000013340                process_is_running
 .text          0x0000000000013354       0xd3 obj_cooja/mtype462.a(residual.o)
                0x0000000000013354                get_residual_energy
 .text          0x0000000000013427       0xba obj_cooja/mtype462.a(rtimer.o)
                0x0000000000013427                rtimer_init
                0x0000000000013434                rtimer_set
                0x000000000001348b                rtimer_run_next
 .text          0x00000000000134e1       0x91 obj_cooja/mtype462.a(timer.o)
                0x00000000000134e1                timer_set
                0x00000000000134fc                timer_reset
                0x0000000000013513                timer_restart
                0x0000000000013525                timer_expired
                0x000000000001354e                timer_remaining
 .text          0x0000000000013572      0x1fb obj_cooja/mtype462.a(serial-line.o)
                0x0000000000013572                serial_line_input_byte
                0x0000000000013735                serial_line_init
 .text          0x000000000001376d      0x244 obj_cooja/mtype462.a(list.o)
                0x000000000001376d                list_init
                0x000000000001377b                list_head
                0x0000000000013785                list_copy
                0x0000000000013794                list_tail
                0x00000000000137ca                list_add
                0x0000000000013813                list_push
                0x000000000001383f                list_chop
                0x00000000000138a9                list_pop
                0x00000000000138d1                list_remove
                0x0000000000013938                list_length
                0x0000000000013966                list_insert
                0x000000000001399a                list_item_next
 .text          0x00000000000139b1      0x155 obj_cooja/mtype462.a(ringbuf.o)
                0x00000000000139b1                ringbuf_init
                0x00000000000139e2                ringbuf_put
                0x0000000000013a60                ringbuf_get
                0x0000000000013acd                ringbuf_size
                0x0000000000013adf                ringbuf_elements
 .text          0x0000000000013b06     0x258b obj_cooja/mtype462.a(sicslowpan.o)
                0x0000000000014090                rime_sniffer_add
                0x000000000001409d                rime_sniffer_remove
                0x0000000000016030                sicslowpan_init
                0x0000000000016087                sicslowpan_get_last_rssi
 .text          0x0000000000016091      0x2dc obj_cooja/mtype462.a(uip-ds6-nbr.o)
                0x00000000000160ae                uip_ds6_neighbors_init
                0x00000000000160cb                uip_ds6_nbr_add
                0x000000000001617c                uip_ds6_nbr_rm
                0x00000000000161d9                uip_ds6_nbr_get_ipaddr
                0x00000000000161ee                uip_ds6_nbr_get_ll
                0x000000000001620a                uip_ds6_nbr_num
                0x000000000001624f                uip_ds6_nbr_lookup
                0x00000000000162b4                uip_ds6_nbr_ll_lookup
                0x00000000000162d0                uip_ds6_nbr_ipaddr_from_lladdr
                0x00000000000162f6                uip_ds6_nbr_lladdr_from_ipaddr
                0x0000000000016324                uip_ds6_link_neighbor_callback
 .text          0x000000000001636d     0x12ad obj_cooja/mtype462.a(uip-ds6.o)
                0x000000000001636d                uip_ds6_init
                0x00000000000166c2                uip_ds6_periodic
                0x000000000001679a                uip_ds6_list_loop
                0x0000000000016841                uip_ds6_prefix_add
                0x00000000000168ff                uip_ds6_prefix_rm
                0x0000000000016911                uip_ds6_prefix_lookup
                0x0000000000016962                uip_ds6_is_addr_onlink
                0x00000000000169d6                uip_ds6_addr_add
                0x0000000000016b04                uip_ds6_long_addr_add
                0x0000000000016c32                uip_ds6_addr_rm
                0x0000000000016cd2                uip_ds6_addr_lookup
                0x0000000000016d1d                uip_ds6_long_addr_lookup
                0x0000000000016d68                uip_ds6_get_link_local
                0x0000000000016de7                uip_ds6_long_get_link_local
                0x0000000000016e66                uip_ds6_get_global
                0x0000000000016ee5                uip_ds6_long_get_global
                0x0000000000016f64                uip_ds6_maddr_add
                0x0000000000016fd6                uip_ds6_long_maddr_add
                0x0000000000017048                uip_ds6_maddr_rm
                0x000000000001705a                uip_ds6_maddr_lookup
                0x00000000000170a5                uip_ds6_long_maddr_lookup
                0x00000000000170f0                uip_ds6_aaddr_add
                0x0000000000017162                uip_ds6_long_aaddr_add
                0x00000000000171d4                uip_ds6_aaddr_rm
                0x00000000000171e6                uip_ds6_aaddr_lookup
                0x0000000000017231                uip_ds6_long_aaddr_lookup
                0x000000000001727c                uip_ds6_select_src
                0x0000000000017505                uip_ds6_set_addr_iid
                0x000000000001753c                get_match_length
                0x00000000000175ce                uip_ds6_compute_reachable_time
 .text          0x000000000001761a     0x29f3 obj_cooja/mtype462.a(uip6.o)
                0x000000000001761a                uip_add32
                0x00000000000177b3                uip_chksum
                0x00000000000178a1                uip_icmp6chksum
                0x00000000000178b5                uip_tcpchksum
                0x00000000000178c9                uip_udpchksum
                0x00000000000178dd                uip_init
                0x00000000000179ad                uip_connect
                0x0000000000017b5c                remove_ext_hdr
                0x0000000000017c31                uip_udp_new
                0x0000000000017d8d                uip_unlisten
                0x0000000000017ded                uip_listen
                0x00000000000180af                uip_process
                0x0000000000019f01                uip_htons
                0x0000000000019f23                uip_htonl
                0x0000000000019f63                uip_send
 .text          0x000000000001a00d      0xb43 obj_cooja/mtype462.a(tcpip.o)
                0x000000000001a00d                tcpip_output
                0x000000000001a03b                tcpip_set_outputfunc
                0x000000000001a0cf                tcp_connect
                0x000000000001a124                tcp_unlisten
                0x000000000001a17f                tcp_listen
                0x000000000001a1d8                tcp_attach
                0x000000000001a1fd                udp_attach
                0x000000000001a222                udp_new
                0x000000000001a274                udp_broadcast_new
                0x000000000001a4e8                tcpip_input
                0x000000000001a51c                tcpip_ipv6_output
                0x000000000001a996                tcpip_poll_udp
                0x000000000001a9b9                tcpip_poll_tcp
                0x000000000001a9dc                tcpip_uipcall
 .text          0x000000000001ab50      0x1c1 obj_cooja/mtype462.a(uip-debug.o)
                0x000000000001ab50                uip_debug_ipaddr_print
                0x000000000001acb2                uip_debug_lladdr_print
 .text          0x000000000001ad11      0x141 obj_cooja/mtype462.a(uip-packetqueue)
                0x000000000001ad3d                uip_packetqueue_new
                0x000000000001ad4b                uip_packetqueue_alloc
                0x000000000001adab                uip_packetqueue_free
                0x000000000001adec                uip_packetqueue_buf
                0x000000000001ae09                uip_packetqueue_buflen
                0x000000000001ae2a                uip_packetqueue_set_buflen
 .text          0x000000000001ae52     0x26b3 obj_cooja/mtype462.a(rpl-dag.o)
                0x000000000001ae52                rpl_lr_in_child
                0x000000000001af0a                rpl_print_neighbor_list
                0x000000000001afb3                rpl_print_child_neighbor_list
                0x000000000001b028                rpl_get_nbr
                0x000000000001b082                rpl_get_nbr_child
                0x000000000001b0dc                rpl_dag_init
                0x000000000001b10e                rpl_get_parent
                0x000000000001b130                rpl_get_parent_rank
                0x000000000001b163                rpl_get_parent_link_metric
                0x000000000001b196                rpl_get_parent_ipaddr
                0x000000000001b1c0                rpl_get_child_ipaddr
                0x000000000001b4db                rpl_set_root
                0x000000000001b709                rpl_repair_root
                0x000000000001b945                rpl_set_prefix
                0x000000000001ba44                rpl_set_default_route
                0x000000000001bad0                rpl_alloc_instance
                0x000000000001bb63                rpl_alloc_dag
                0x000000000001bc16                rpl_set_default_instance
                0x000000000001bc23                rpl_get_default_instance
                0x000000000001bc2d                rpl_free_instance
                0x000000000001bcde                rpl_free_dag
                0x000000000001bd44                rpl_add_parent
                0x000000000001be2d                rpl_find_parent
                0x000000000001be5d                rpl_add_child
                0x000000000001bf01                rpl_find_child
                0x000000000001bf4f                rpl_find_parent_any_dag
                0x000000000001bf8b                rpl_select_dag
                0x000000000001c3ae                rpl_select_parent
                0x000000000001c410                rpl_remove_parent
                0x000000000001c446                rpl_remove_child
                0x000000000001c462                rpl_nullify_parent
                0x000000000001c500                rpl_move_parent
                0x000000000001c59d                rpl_has_downward_route
                0x000000000001c5f0                rpl_get_any_dag
                0x000000000001c652                rpl_get_instance
                0x000000000001c6b5                rpl_find_of
                0x000000000001c6f2                rpl_join_instance
                0x000000000001c98e                rpl_add_dag
                0x000000000001cd7d                rpl_local_repair
                0x000000000001ce56                rpl_recalculate_ranks
                0x000000000001cedc                rpl_process_parent_event
                0x000000000001cf8e                rpl_process_dio
 .text          0x000000000001d505      0xbf3 obj_cooja/mtype462.a(rpl-ext-header.)
                0x000000000001d522                rpl_verify_header
                0x000000000001d99c                rpl_update_header_empty
                0x000000000001dcb3                rpl_update_header_final
                0x000000000001de42                rpl_remove_header
                0x000000000001df4c                rpl_invert_header
                0x000000000001e0d6                rpl_insert_header
 .text          0x000000000001e0f8     0x24b5 obj_cooja/mtype462.a(rpl-icmp6.o)
                0x000000000001e3c1                rpl_icmp6_update_nbr_table
                0x000000000001e4b1                dis_output
                0x000000000001ede9                dio_output
                0x000000000001f646                LSA_converge_output
                0x000000000002010c                dao_output
                0x00000000000201d4                dao_output_target
                0x0000000000020555                dao_ack_output
                0x0000000000020569                rpl_icmp6_register_handlers
 .text          0x00000000000205ad      0x3dc obj_cooja/mtype462.a(rpl-ltmax.o)
 .text          0x0000000000020989      0x844 obj_cooja/mtype462.a(rpl-timers.o)
                0x0000000000020989                rpl_LSA_convergence_timer
                0x00000000000209b5                rpl_reset_LSA_convergence_timer
                0x0000000000020c60                rpl_reset_periodic_timer
                0x0000000000020cb5                rpl_reset_dio_timer
                0x0000000000020eef                rpl_schedule_dao
                0x0000000000020f0a                rpl_schedule_dao_immediately
                0x0000000000020f25                rpl_cancel_dao
                0x0000000000020f87                rpl_schedule_unicast_dio_immediately
                0x0000000000021175                rpl_schedule_probing
 .text          0x00000000000211cd      0x5d5 obj_cooja/mtype462.a(rpl.o)
                0x00000000000211cd                rpl_get_mode
                0x00000000000211d7                rpl_set_mode
                0x0000000000021265                rpl_purge_routes
                0x000000000002135f                rpl_remove_routes
                0x00000000000213a5                rpl_remove_routes_by_nexthop
                0x0000000000021411                rpl_add_route
                0x000000000002148c                rpl_link_neighbor_callback
                0x0000000000021591                rpl_ipv6_neighbor_callback
                0x0000000000021600                rpl_purge_dags
                0x000000000002170c                rpl_init
 .text          0x00000000000217a2      0x3f5 obj_cooja/mtype462.a(framer-802154.o)
 .text          0x0000000000021b97       0x5e obj_cooja/mtype462.a(nullmac.o)
 .text          0x0000000000021bf5     0x1287 obj_cooja/mtype462.a(cxmac.o)
                0x0000000000022dbe                cxmac_set_announcement_radio_txpower
                0x0000000000022dc3                cxmac_init
 .text          0x0000000000022e7c       0x82 obj_cooja/mtype462.a(linkaddr.o)
                0x0000000000022e7c                linkaddr_copy
                0x0000000000022e9e                linkaddr_cmp
                0x0000000000022ec8                linkaddr_set_node_addr
                0x0000000000022ee3                linkaddr_set_node_long_addr
 .text          0x0000000000022efe      0x915 obj_cooja/mtype462.a(nbr-table.o)
                0x0000000000022efe                long_ip_from_lladdr_map
                0x0000000000022f87                lladdr_map_add_lr
                0x0000000000023044                lladdr_map_rm_lr
                0x0000000000023509                nbr_table_register
                0x0000000000023551                nbr_table_head
                0x00000000000235ad                nbr_table_next
                0x0000000000023614                nbr_table_add_lladdr
                0x00000000000236f0                nbr_table_get_from_lladdr
                0x000000000002373d                nbr_table_remove
                0x000000000002378f                nbr_table_lock
                0x00000000000237b9                nbr_table_unlock
                0x00000000000237e3                nbr_table_get_lladdr
 .text          0x0000000000023813       0x2b obj_cooja/mtype462.a(netstack.o)
                0x0000000000023813                netstack_init
 .text          0x000000000002383e      0x3cd obj_cooja/mtype462.a(packetbuf.o)
                0x000000000002383e                packetbuf_clear
                0x0000000000023868                packetbuf_copyfrom
                0x00000000000238ba                packetbuf_compact
                0x0000000000023937                packetbuf_copyto
                0x00000000000239ce                packetbuf_hdralloc
                0x0000000000023a4b                packetbuf_hdrreduce
                0x0000000000023a93                packetbuf_set_datalen
                0x0000000000023aac                packetbuf_dataptr
                0x0000000000023ac9                packetbuf_hdrptr
                0x0000000000023ad3                packetbuf_datalen
                0x0000000000023adf                packetbuf_hdrlen
                0x0000000000023af6                packetbuf_totlen
                0x0000000000023b0c                packetbuf_attr_clear
                0x0000000000023b5e                packetbuf_attr_copyto
                0x0000000000023ba7                packetbuf_attr_copyfrom
                0x0000000000023bef                packetbuf_holds_broadcast
 .text          0x0000000000023c0b      0x2b4 obj_cooja/mtype462.a(queuebuf.o)
                0x0000000000023c15                queuebuf_init
                0x0000000000023c35                queuebuf_numfree
                0x0000000000023c49                queuebuf_new_from_packetbuf
                0x0000000000023cd9                queuebuf_update_attr_from_packetbuf
                0x0000000000023d0c                queuebuf_update_from_packetbuf
                0x0000000000023d56                queuebuf_free
                0x0000000000023d9d                queuebuf_to_packetbuf
                0x0000000000023e03                queuebuf_dataptr
                0x0000000000023e3a                queuebuf_datalen
                0x0000000000023e5d                queuebuf_addr
                0x0000000000023e8f                queuebuf_attr
                0x0000000000023eba                queuebuf_debug_print
 .text          0x0000000000023ebf       0x6e obj_cooja/mtype462.a(nullsec.o)
 .text          0x0000000000023f2d       0x19 obj_cooja/mtype462.a(watchdog.o)
                0x0000000000023f2d                watchdog_init
                0x0000000000023f32                watchdog_start
                0x0000000000023f37                watchdog_periodic
                0x0000000000023f3c                watchdog_stop
                0x0000000000023f41                watchdog_reboot
 .text          0x0000000000023f46        0x0 obj_cooja/mtype462.a(rimestats.o)
 .text          0x0000000000023f46      0x134 obj_cooja/mtype462.a(leds.o)
                0x0000000000023f97                leds_init
                0x0000000000023fab                leds_blink
                0x0000000000023fe3                leds_get
                0x0000000000023ff0                leds_set
                0x000000000002400a                leds_on
                0x000000000002402d                leds_off
                0x0000000000024057                leds_toggle
 .text          0x000000000002407a       0xa3 obj_cooja/mtype462.a(stimer.o)
                0x000000000002407a                stimer_set
                0x0000000000024095                stimer_reset
                0x00000000000240ac                stimer_restart
                0x00000000000240be                stimer_expired
                0x00000000000240e5                stimer_remaining
                0x0000000000024109                stimer_elapsed
 .text          0x000000000002411d      0x1c1 obj_cooja/mtype462.a(memb.o)
                0x000000000002411d                memb_init
                0x000000000002417b                memb_alloc
                0x00000000000241e0                memb_free
                0x000000000002425b                memb_inmemb
                0x000000000002429a                memb_numfree
 .text          0x00000000000242de      0x916 obj_cooja/mtype462.a(uip-ds6-route.o)
                0x0000000000024355                uip_ds6_notification_add
                0x0000000000024386                uip_ds6_notification_rm
                0x00000000000243a2                uip_ds6_route_init
                0x000000000002442a                uip_ds6_route_nexthop
                0x0000000000024452                uip_ds6_route_head
                0x0000000000024467                uip_ds6_route_next
                0x000000000002448d                uip_ds6_route_is_nexthop
                0x00000000000244cc                uip_ds6_route_num_routes
                0x00000000000244d6                uip_ds6_route_lookup
                0x0000000000024598                uip_ds6_route_add
                0x00000000000247cc                uip_ds6_route_rm
                0x0000000000024960                uip_ds6_route_rm_by_nexthop
                0x0000000000024998                uip_ds6_defrt_add
                0x0000000000024a49                uip_ds6_defrt_rm
                0x0000000000024ac8                uip_ds6_defrt_lookup
                0x0000000000024b21                uip_ds6_defrt_choose
                0x0000000000024b8c                uip_ds6_defrt_periodic
 .text          0x0000000000024bf4      0xacc obj_cooja/mtype462.a(uip-icmp6.o)
                0x0000000000024c62                uip_icmp6_input
                0x0000000000024cd2                uip_icmp6_register_input_handler
                0x0000000000024f9a                uip_icmp6_error_output
                0x00000000000252df                uip_icmp6_send
                0x0000000000025653                uip_icmp6_echo_reply_callback_add
                0x0000000000025684                uip_icmp6_echo_reply_callback_rm
                0x00000000000256a0                uip_icmp6_init
 .text          0x00000000000256c0      0x358 obj_cooja/mtype462.a(uip-nd6.o)
                0x0000000000025714                uip_nd6_ns_output
                0x0000000000025a13                uip_nd6_init
 .text          0x0000000000025a18      0x331 obj_cooja/mtype462.a(rpl-nbr-policy.)
                0x0000000000025bf0                find_removable_dis
                0x0000000000025c13                find_removable_dio
                0x0000000000025ca2                find_removable_dao
                0x0000000000025cf2                rpl_nbr_policy_find_removable
 .text          0x0000000000025d49      0x97c obj_cooja/mtype462.a(frame802154.o)
                0x0000000000025d7a                frame802154_get_pan_id
                0x0000000000025d86                frame802154_set_pan_id
                0x0000000000025d9f                frame802154_has_panid
                0x0000000000025e8b                frame802154_check_dest_panid
                0x0000000000025ef3                frame802154_is_broadcast_addr
                0x0000000000025f40                frame802154_extract_linkaddr
                0x0000000000026180                frame802154_hdrlen
                0x00000000000261d1                frame802154_create
                0x00000000000263bc                frame802154_parse
 .text          0x00000000000266c5       0x3c obj_cooja/mtype462.a(mac.o)
                0x00000000000266c5                mac_call_sent_callback
 .text          0x0000000000026701        0x0 /usr/lib/gcc/i686-linux-gnu/4.8/crtendS.o
 .text          0x0000000000026701        0x0 /usr/lib/gcc/i686-linux-gnu/4.8/../../../i386-linux-gnu/crtn.o
 *(.gnu.warning)

.fini           0x0000000000026704       0x14
 *(SORT(.fini))
 .fini          0x0000000000026704        0xf /usr/lib/gcc/i686-linux-gnu/4.8/../../../i386-linux-gnu/crti.o
                0x0000000000026704                _fini
 .fini          0x0000000000026713        0x5 /usr/lib/gcc/i686-linux-gnu/4.8/../../../i386-linux-gnu/crtn.o
                0x0000000000026718                PROVIDE (__etext, .)
                0x0000000000026718                PROVIDE (_etext, .)
                0x0000000000026718                PROVIDE (etext, .)

.rodata         0x0000000000026720      0xb37
 *(.rodata .rodata.* .gnu.linkonce.r.*)
 .rodata        0x0000000000026720      0x148 udp-server.co
                0x0000000000026734                autostart_processes
 .rodata        0x0000000000026868      0x1e6 obj_cooja/mtype462.o
 *fill*         0x0000000000026a4e        0x2 
 .rodata        0x0000000000026a50        0x8 obj_cooja/mtype462.a(beep.o)
                0x0000000000026a50                beep_interface
 .rodata        0x0000000000026a58       0x20 obj_cooja/mtype462.a(button-sensor.o)
                0x0000000000026a58                button_interface
                0x0000000000026a68                button_sensor
 .rodata        0x0000000000026a78        0x8 obj_cooja/mtype462.a(leds-arch.o)
                0x0000000000026a78                leds_interface
 .rodata        0x0000000000026a80        0x8 obj_cooja/mtype462.a(moteid.o)
                0x0000000000026a80                moteid_interface
 .rodata        0x0000000000026a88       0x1c obj_cooja/mtype462.a(pir-sensor.o)
                0x0000000000026a88                pir_interface
                0x0000000000026a94                pir_sensor
 .rodata        0x0000000000026aa4        0xe obj_cooja/mtype462.a(rs232.o)
                0x0000000000026aa4                rs232_interface
 *fill*         0x0000000000026ab2        0x2 
 .rodata        0x0000000000026ab4       0x24 obj_cooja/mtype462.a(vib-sensor.o)
                0x0000000000026ab4                vib_interface
                0x0000000000026ac8                vib_sensor
 .rodata        0x0000000000026ad8        0x8 obj_cooja/mtype462.a(clock.o)
                0x0000000000026ad8                clock_interface
 .rodata        0x0000000000026ae0        0x8 obj_cooja/mtype462.a(log.o)
                0x0000000000026ae0                simlog_interface
 .rodata        0x0000000000026ae8       0x2f obj_cooja/mtype462.a(cfs-cooja.o)
                0x0000000000026ae8                cfs_interface
 *fill*         0x0000000000026b17        0x9 
 .rodata        0x0000000000026b20       0x60 obj_cooja/mtype462.a(cooja-radio.o)
                0x0000000000026b40                cooja_radio_driver
                0x0000000000026b78                radio_interface
 .rodata        0x0000000000026b80        0x8 obj_cooja/mtype462.a(eeprom.o)
                0x0000000000026b80                eeprom_interface
 .rodata        0x0000000000026b88        0x8 obj_cooja/mtype462.a(sensors.o)
 .rodata        0x0000000000026b90       0x33 obj_cooja/mtype462.a(dual_conf.o)
 .rodata        0x0000000000026bc3        0xf obj_cooja/mtype462.a(ctimer.o)
 .rodata        0x0000000000026bd2        0xc obj_cooja/mtype462.a(etimer.o)
 *fill*         0x0000000000026bde        0x2 
 .rodata        0x0000000000026be0       0x73 obj_cooja/mtype462.a(log_message.o)
 *fill*         0x0000000000026c53        0x1 
 .rodata        0x0000000000026c54       0x20 obj_cooja/mtype462.a(residual.o)
 .rodata        0x0000000000026c74        0xe obj_cooja/mtype462.a(serial-line.o)
 *fill*         0x0000000000026c82        0x2 
 .rodata        0x0000000000026c84       0x2c obj_cooja/mtype462.a(sicslowpan.o)
                0x0000000000026c84                unc_llconf
                0x0000000000026c88                unc_ctxconf
                0x0000000000026c8c                unc_mxconf
                0x0000000000026c90                llprefix
                0x0000000000026ca4                sicslowpan_driver
 .rodata        0x0000000000026cb0      0x13c obj_cooja/mtype462.a(uip6.o)
 .rodata        0x0000000000026dec       0x49 obj_cooja/mtype462.a(tcpip.o)
 .rodata        0x0000000000026e35       0x3e obj_cooja/mtype462.a(uip-debug.o)
 *fill*         0x0000000000026e73        0x1 
 .rodata        0x0000000000026e74        0x4 obj_cooja/mtype462.a(rpl-dag.o)
 .rodata        0x0000000000026e78       0x1c obj_cooja/mtype462.a(rpl-icmp6.o)
 .rodata        0x0000000000026e94       0x86 obj_cooja/mtype462.a(rpl-timers.o)
 *fill*         0x0000000000026f1a        0x2 
 .rodata        0x0000000000026f1c        0xc obj_cooja/mtype462.a(framer-802154.o)
                0x0000000000026f1c                framer_802154
 .rodata        0x0000000000026f28       0x24 obj_cooja/mtype462.a(nullmac.o)
                0x0000000000026f30                nullmac_driver
 *fill*         0x0000000000026f4c       0x14 
 .rodata        0x0000000000026f60      0x2c0 obj_cooja/mtype462.a(cxmac.o)
                0x0000000000027200                cxmac_driver
 .rodata        0x0000000000027220        0x8 obj_cooja/mtype462.a(linkaddr.o)
                0x0000000000027220                linkaddr_null
 .rodata        0x0000000000027228       0x18 obj_cooja/mtype462.a(nullsec.o)
                0x0000000000027230                nullsec_driver
 .rodata        0x0000000000027240       0x17 obj_cooja/mtype462.a(uip-icmp6.o)

.rodata1
 *(.rodata1)

.eh_frame_hdr   0x0000000000027258     0x13dc
 *(.eh_frame_hdr)
 .eh_frame_hdr  0x0000000000027258     0x13dc udp-server.co

.eh_frame       0x0000000000028634     0x50b4
 *(.eh_frame)
 .eh_frame      0x0000000000028634       0x3c /usr/lib/gcc/i686-linux-gnu/4.8/../../../i386-linux-gnu/crti.o
                                         0x40 (size before relaxing)
 .eh_frame      0x0000000000028670       0x68 udp-server.co
                                         0x80 (size before relaxing)
 .eh_frame      0x00000000000286d8      0x148 obj_cooja/mtype462.o
                                        0x160 (size before relaxing)
 .eh_frame      0x0000000000028820       0x40 obj_cooja/mtype462.a(simEnvChange.o)
                                         0x58 (size before relaxing)
 .eh_frame      0x0000000000028860       0xc0 obj_cooja/mtype462.a(cooja_mt.o)
                                         0xd8 (size before relaxing)
 .eh_frame      0x0000000000028920      0x120 obj_cooja/mtype462.a(cooja_mtarch.o)
                                        0x138 (size before relaxing)
 .eh_frame      0x0000000000028a40       0xc0 obj_cooja/mtype462.a(rtimer-arch.o)
                                         0xd8 (size before relaxing)
 .eh_frame      0x0000000000028b00      0x160 obj_cooja/mtype462.a(beep.o)
                                        0x178 (size before relaxing)
 .eh_frame      0x0000000000028c60       0xa0 obj_cooja/mtype462.a(button-sensor.o)
                                         0xb8 (size before relaxing)
 .eh_frame      0x0000000000028d00       0xa0 obj_cooja/mtype462.a(leds-arch.o)
                                         0xb8 (size before relaxing)
 .eh_frame      0x0000000000028da0       0x40 obj_cooja/mtype462.a(moteid.o)
                                         0x58 (size before relaxing)
 .eh_frame      0x0000000000028de0       0xa0 obj_cooja/mtype462.a(pir-sensor.o)
                                         0xb8 (size before relaxing)
 .eh_frame      0x0000000000028e80      0x100 obj_cooja/mtype462.a(rs232.o)
                                        0x118 (size before relaxing)
 .eh_frame      0x0000000000028f80       0xa0 obj_cooja/mtype462.a(vib-sensor.o)
                                         0xb8 (size before relaxing)
 .eh_frame      0x0000000000029020       0xc0 obj_cooja/mtype462.a(clock.o)
                                         0xd8 (size before relaxing)
 .eh_frame      0x00000000000290e0      0x120 obj_cooja/mtype462.a(log.o)
                                        0x138 (size before relaxing)
 .eh_frame      0x0000000000029200      0x160 obj_cooja/mtype462.a(cfs-cooja.o)
                                        0x178 (size before relaxing)
 .eh_frame      0x0000000000029360      0x2e0 obj_cooja/mtype462.a(cooja-radio.o)
                                        0x2f8 (size before relaxing)
 .eh_frame      0x0000000000029640       0xa0 obj_cooja/mtype462.a(eeprom.o)
                                         0xb8 (size before relaxing)
 .eh_frame      0x00000000000296e0       0x40 obj_cooja/mtype462.a(random.o)
                                         0x58 (size before relaxing)
 .eh_frame      0x0000000000029720       0xc0 obj_cooja/mtype462.a(sensors.o)
                                         0xd8 (size before relaxing)
 .eh_frame      0x00000000000297e0      0x1a0 obj_cooja/mtype462.a(dual_conf.o)
                                        0x1b8 (size before relaxing)
 .eh_frame      0x0000000000029980       0x40 obj_cooja/mtype462.a(autostart.o)
                                         0x58 (size before relaxing)
 .eh_frame      0x00000000000299c0      0x100 obj_cooja/mtype462.a(ctimer.o)
                                        0x118 (size before relaxing)
 .eh_frame      0x0000000000029ac0      0x1e0 obj_cooja/mtype462.a(etimer.o)
                                        0x1f8 (size before relaxing)
 .eh_frame      0x0000000000029ca0       0x40 obj_cooja/mtype462.a(log_message.o)
                                         0x58 (size before relaxing)
 .eh_frame      0x0000000000029ce0      0x1c8 obj_cooja/mtype462.a(process.o)
                                        0x1e0 (size before relaxing)
 .eh_frame      0x0000000000029ea8       0x2c obj_cooja/mtype462.a(residual.o)
                                         0x44 (size before relaxing)
 .eh_frame      0x0000000000029ed4       0x60 obj_cooja/mtype462.a(rtimer.o)
                                         0x78 (size before relaxing)
 .eh_frame      0x0000000000029f34       0xa4 obj_cooja/mtype462.a(timer.o)
                                         0xbc (size before relaxing)
 .eh_frame      0x0000000000029fd8       0x60 obj_cooja/mtype462.a(serial-line.o)
                                         0x78 (size before relaxing)
 .eh_frame      0x000000000002a038      0x180 obj_cooja/mtype462.a(list.o)
                                        0x198 (size before relaxing)
 .eh_frame      0x000000000002a1b8       0xa0 obj_cooja/mtype462.a(ringbuf.o)
                                         0xb8 (size before relaxing)
 .eh_frame      0x000000000002a258      0x350 obj_cooja/mtype462.a(sicslowpan.o)
                                        0x368 (size before relaxing)
 .eh_frame      0x000000000002a5a8      0x180 obj_cooja/mtype462.a(uip-ds6-nbr.o)
                                        0x198 (size before relaxing)
 .eh_frame      0x000000000002a728      0x3c8 obj_cooja/mtype462.a(uip-ds6.o)
                                        0x3e0 (size before relaxing)
 .eh_frame      0x000000000002aaf0      0x27c obj_cooja/mtype462.a(uip6.o)
                                        0x294 (size before relaxing)
 .eh_frame      0x000000000002ad6c      0x270 obj_cooja/mtype462.a(tcpip.o)
                                        0x288 (size before relaxing)
 .eh_frame      0x000000000002afdc       0x48 obj_cooja/mtype462.a(uip-debug.o)
                                         0x60 (size before relaxing)
 .eh_frame      0x000000000002b024       0xe0 obj_cooja/mtype462.a(uip-packetqueue)
                                         0xf8 (size before relaxing)
 .eh_frame      0x000000000002b104      0x76c obj_cooja/mtype462.a(rpl-dag.o)
                                        0x784 (size before relaxing)
 .eh_frame      0x000000000002b870      0x10c obj_cooja/mtype462.a(rpl-ext-header.)
                                        0x124 (size before relaxing)
 .eh_frame      0x000000000002b97c      0x2f8 obj_cooja/mtype462.a(rpl-icmp6.o)
                                        0x310 (size before relaxing)
 .eh_frame      0x000000000002bc74       0xe0 obj_cooja/mtype462.a(rpl-ltmax.o)
                                         0xf8 (size before relaxing)
 .eh_frame      0x000000000002bd54      0x26c obj_cooja/mtype462.a(rpl-timers.o)
                                        0x284 (size before relaxing)
 .eh_frame      0x000000000002bfc0      0x148 obj_cooja/mtype462.a(rpl.o)
                                        0x160 (size before relaxing)
 .eh_frame      0x000000000002c108      0x108 obj_cooja/mtype462.a(framer-802154.o)
                                        0x120 (size before relaxing)
 .eh_frame      0x000000000002c210       0xc0 obj_cooja/mtype462.a(nullmac.o)
                                         0xd8 (size before relaxing)
 .eh_frame      0x000000000002c2d0      0x2c0 obj_cooja/mtype462.a(cxmac.o)
                                        0x2d8 (size before relaxing)
 .eh_frame      0x000000000002c590       0x80 obj_cooja/mtype462.a(linkaddr.o)
                                         0x98 (size before relaxing)
 .eh_frame      0x000000000002c610      0x2cc obj_cooja/mtype462.a(nbr-table.o)
                                        0x2e4 (size before relaxing)
 .eh_frame      0x000000000002c8dc       0x20 obj_cooja/mtype462.a(netstack.o)
                                         0x38 (size before relaxing)
 .eh_frame      0x000000000002c8fc      0x214 obj_cooja/mtype462.a(packetbuf.o)
                                        0x22c (size before relaxing)
 .eh_frame      0x000000000002cb10      0x1a0 obj_cooja/mtype462.a(queuebuf.o)
                                        0x1b8 (size before relaxing)
 .eh_frame      0x000000000002ccb0       0x80 obj_cooja/mtype462.a(nullsec.o)
                                         0x98 (size before relaxing)
 .eh_frame      0x000000000002cd30       0xa0 obj_cooja/mtype462.a(watchdog.o)
                                         0xb8 (size before relaxing)
 .eh_frame      0x000000000002cdd0      0x100 obj_cooja/mtype462.a(leds.o)
                                        0x118 (size before relaxing)
 .eh_frame      0x000000000002ced0       0xc4 obj_cooja/mtype462.a(stimer.o)
                                         0xdc (size before relaxing)
 .eh_frame      0x000000000002cf94       0xa0 obj_cooja/mtype462.a(memb.o)
                                         0xb8 (size before relaxing)
 .eh_frame      0x000000000002d034      0x2a0 obj_cooja/mtype462.a(uip-ds6-route.o)
                                        0x2b8 (size before relaxing)
 .eh_frame      0x000000000002d2d4      0x164 obj_cooja/mtype462.a(uip-icmp6.o)
                                        0x17c (size before relaxing)
 .eh_frame      0x000000000002d438       0x68 obj_cooja/mtype462.a(uip-nd6.o)
                                         0x80 (size before relaxing)
 .eh_frame      0x000000000002d4a0       0xc0 obj_cooja/mtype462.a(rpl-nbr-policy.)
                                         0xd8 (size before relaxing)
 .eh_frame      0x000000000002d560      0x164 obj_cooja/mtype462.a(frame802154.o)
                                        0x17c (size before relaxing)
 .eh_frame      0x000000000002d6c4       0x20 obj_cooja/mtype462.a(mac.o)
                                         0x38 (size before relaxing)
 .eh_frame      0x000000000002d6e4        0x4 /usr/lib/gcc/i686-linux-gnu/4.8/crtendS.o

.gcc_except_table
 *(.gcc_except_table .gcc_except_table.*)

.exception_ranges
 *(.exception_ranges .exception_ranges*)
                0x000000000002d6e8                . = (ALIGN (0x1000) - ((0x1000 - .) & 0xfff))
                0x000000000002eef8                . = DATA_SEGMENT_ALIGN (0x1000, 0x1000)

.eh_frame
 *(.eh_frame)

.gcc_except_table
 *(.gcc_except_table .gcc_except_table.*)

.exception_ranges
 *(.exception_ranges .exception_ranges*)

.tdata
 *(.tdata .tdata.* .gnu.linkonce.td.*)

.tbss
 *(.tbss .tbss.* .gnu.linkonce.tb.*)
 *(.tcommon)

.preinit_array
 *(.preinit_array)

.init_array     0x000000000002eef8        0x4
 *(SORT(.init_array.*) SORT(.ctors.*))
 *(.init_array EXCLUDE_FILE(*crtend?.o *crtend.o *crtbegin?.o *crtbegin.o) .ctors)
 .init_array    0x000000000002eef8        0x4 /usr/lib/gcc/i686-linux-gnu/4.8/crtbeginS.o

.fini_array     0x000000000002eefc        0x4
 *(SORT(.fini_array.*) SORT(.dtors.*))
 *(.fini_array EXCLUDE_FILE(*crtend?.o *crtend.o *crtbegin?.o *crtbegin.o) .dtors)
 .fini_array    0x000000000002eefc        0x4 /usr/lib/gcc/i686-linux-gnu/4.8/crtbeginS.o

.ctors
 *crtbegin.o(.ctors)
 *crtbegin?.o(.ctors)
 *(EXCLUDE_FILE(*crtend?.o *crtend.o) .ctors)
 *(SORT(.ctors.*))
 *(.ctors)

.dtors
 *crtbegin.o(.dtors)
 *crtbegin?.o(.dtors)
 *(EXCLUDE_FILE(*crtend?.o *crtend.o) .dtors)
 *(SORT(.dtors.*))
 *(.dtors)

.jcr            0x000000000002ef00        0x4
 *(.jcr)
 .jcr           0x000000000002ef00        0x0 /usr/lib/gcc/i686-linux-gnu/4.8/crtbeginS.o
 .jcr           0x000000000002ef00        0x4 /usr/lib/gcc/i686-linux-gnu/4.8/crtendS.o

.data.rel.ro
 *(.data.rel.ro.local* .gnu.linkonce.d.rel.ro.local.*)
 *(.data.rel.ro .data.rel.ro.* .gnu.linkonce.d.rel.ro.*)

.dynamic        0x000000000002ef04       0xe8
 *(.dynamic)
 .dynamic       0x000000000002ef04       0xe8 /usr/lib/gcc/i686-linux-gnu/4.8/../../../i386-linux-gnu/crti.o
                0x000000000002ef04                _DYNAMIC

.got            0x000000000002efec       0x14
 *(.got)
 .got           0x000000000002efec       0x14 /usr/lib/gcc/i686-linux-gnu/4.8/../../../i386-linux-gnu/crti.o
 *(.igot)
                0x000000000002fff4                . = DATA_SEGMENT_RELRO_END (., (SIZEOF (.got.plt) >= 0xc)?0xc:0x0)

.got.plt        0x000000000002f000       0x14
 *(.got.plt)
 .got.plt       0x000000000002f000       0x14 /usr/lib/gcc/i686-linux-gnu/4.8/../../../i386-linux-gnu/crti.o
                0x000000000002f000                _GLOBAL_OFFSET_TABLE_
 *(.igot.plt)

.data           0x000000000002f020      0x29a
 *(.data .data.* .gnu.linkonce.d.*)
 .data          0x000000000002f020        0x0 /usr/lib/gcc/i686-linux-gnu/4.8/../../../i386-linux-gnu/crti.o
 .data          0x000000000002f020        0x0 /usr/lib/gcc/i686-linux-gnu/4.8/crtbeginS.o
 .data.rel      0x000000000002f020        0x4 /usr/lib/gcc/i686-linux-gnu/4.8/crtbeginS.o
                0x000000000002f020                __dso_handle
 .data          0x000000000002f024       0x10 udp-server.co
                0x000000000002f024                udp_server_process
 *fill*         0x000000000002f034        0xc 
 .data          0x000000000002f040       0x44 obj_cooja/mtype462.o
                0x000000000002f040                simInterfaces
                0x000000000002f074                sensors
 .data          0x000000000002f084        0x0 obj_cooja/mtype462.a(simEnvChange.o)
 .data          0x000000000002f084        0x0 obj_cooja/mtype462.a(cooja_mt.o)
 .data          0x000000000002f084        0x0 obj_cooja/mtype462.a(cooja_mtarch.o)
 .data          0x000000000002f084        0x0 obj_cooja/mtype462.a(rtimer-arch.o)
 .data          0x000000000002f084        0x0 obj_cooja/mtype462.a(beep.o)
 .data          0x000000000002f084        0x0 obj_cooja/mtype462.a(button-sensor.o)
 .data          0x000000000002f084        0x0 obj_cooja/mtype462.a(leds-arch.o)
 .data          0x000000000002f084        0x0 obj_cooja/mtype462.a(moteid.o)
 .data          0x000000000002f084        0x0 obj_cooja/mtype462.a(pir-sensor.o)
 .data          0x000000000002f084        0x0 obj_cooja/mtype462.a(rs232.o)
 .data          0x000000000002f084        0x0 obj_cooja/mtype462.a(vib-sensor.o)
 .data          0x000000000002f084        0x0 obj_cooja/mtype462.a(clock.o)
 .data          0x000000000002f084        0x0 obj_cooja/mtype462.a(log.o)
 .data          0x000000000002f084        0x0 obj_cooja/mtype462.a(cfs-cooja.o)
 .data          0x000000000002f084       0x40 obj_cooja/mtype462.a(cooja-radio.o)
                0x000000000002f084                simRadioChannelLR
                0x000000000002f088                simRadioHWOnLR
                0x000000000002f08c                simSignalStrengthLR
                0x000000000002f090                simLastSignalStrengthLR
                0x000000000002f094                simPowerLR
                0x000000000002f098                simLQILR
                0x000000000002f09c                simRadioChannel
                0x000000000002f0a0                simRadioHWOn
                0x000000000002f0a4                simSignalStrength
                0x000000000002f0a8                simLastSignalStrength
                0x000000000002f0ac                simPower
                0x000000000002f0b0                simLQI
                0x000000000002f0b4                cooja_radio_process
 .data          0x000000000002f0c4        0x0 obj_cooja/mtype462.a(eeprom.o)
 .data          0x000000000002f0c4        0x0 obj_cooja/mtype462.a(random.o)
 .data          0x000000000002f0c4       0x10 obj_cooja/mtype462.a(sensors.o)
                0x000000000002f0c4                sensors_process
 .data          0x000000000002f0d4       0x3a obj_cooja/mtype462.a(dual_conf.o)
                0x000000000002f0d4                radio_received
                0x000000000002f0d8                dual_dio_broadcast
                0x000000000002f0e8                dual_dis_broadcast
                0x000000000002f0f8                dual_LSA_converge_broadcast
 .data          0x000000000002f10e        0x0 obj_cooja/mtype462.a(autostart.o)
 *fill*         0x000000000002f10e        0x2 
 .data          0x000000000002f110       0x14 obj_cooja/mtype462.a(ctimer.o)
                0x000000000002f114                ctimer_process
 .data          0x000000000002f124       0x10 obj_cooja/mtype462.a(etimer.o)
                0x000000000002f124                etimer_process
 .data          0x000000000002f134        0x0 obj_cooja/mtype462.a(log_message.o)
 .data          0x000000000002f134        0x0 obj_cooja/mtype462.a(process.o)
 .data          0x000000000002f134        0x0 obj_cooja/mtype462.a(residual.o)
 .data          0x000000000002f134        0x0 obj_cooja/mtype462.a(rtimer.o)
 .data          0x000000000002f134        0x0 obj_cooja/mtype462.a(timer.o)
 .data          0x000000000002f134       0x10 obj_cooja/mtype462.a(serial-line.o)
                0x000000000002f134                serial_line_process
 .data          0x000000000002f144        0x0 obj_cooja/mtype462.a(list.o)
 .data          0x000000000002f144        0x0 obj_cooja/mtype462.a(ringbuf.o)
 .data          0x000000000002f144        0x0 obj_cooja/mtype462.a(sicslowpan.o)
 .data          0x000000000002f144       0x14 obj_cooja/mtype462.a(uip-ds6-nbr.o)
                0x000000000002f154                ds6_neighbors
 .data          0x000000000002f158        0x0 obj_cooja/mtype462.a(uip-ds6.o)
 .data          0x000000000002f158        0x0 obj_cooja/mtype462.a(uip6.o)
 .data          0x000000000002f158       0x10 obj_cooja/mtype462.a(tcpip.o)
                0x000000000002f158                tcpip_process
 .data          0x000000000002f168        0x0 obj_cooja/mtype462.a(uip-debug.o)
 .data          0x000000000002f168        0xc obj_cooja/mtype462.a(uip-packetqueue)
 .data          0x000000000002f174       0x28 obj_cooja/mtype462.a(rpl-dag.o)
                0x000000000002f184                rpl_parents
                0x000000000002f198                rpl_children
 .data          0x000000000002f19c        0x0 obj_cooja/mtype462.a(rpl-ext-header.)
 .data          0x000000000002f19c       0x40 obj_cooja/mtype462.a(rpl-icmp6.o)
 .data          0x000000000002f1dc       0x1c obj_cooja/mtype462.a(rpl-ltmax.o)
                0x000000000002f1dc                rpl_ltmax_of
 .data          0x000000000002f1f8        0x0 obj_cooja/mtype462.a(rpl-timers.o)
 .data          0x000000000002f1f8        0x0 obj_cooja/mtype462.a(rpl.o)
 .data          0x000000000002f1f8        0x0 obj_cooja/mtype462.a(framer-802154.o)
 .data          0x000000000002f1f8        0x0 obj_cooja/mtype462.a(nullmac.o)
 .data          0x000000000002f1f8       0x30 obj_cooja/mtype462.a(cxmac.o)
                0x000000000002f1f8                cxmac_config
                0x000000000002f208                strobe_wait
 .data          0x000000000002f228        0x0 obj_cooja/mtype462.a(linkaddr.o)
 .data          0x000000000002f228       0x10 obj_cooja/mtype462.a(nbr-table.o)
 .data          0x000000000002f238        0x0 obj_cooja/mtype462.a(netstack.o)
 .data          0x000000000002f238        0x4 obj_cooja/mtype462.a(packetbuf.o)
 .data          0x000000000002f23c       0x18 obj_cooja/mtype462.a(queuebuf.o)
 .data          0x000000000002f254        0x0 obj_cooja/mtype462.a(nullsec.o)
 .data          0x000000000002f254        0x0 obj_cooja/mtype462.a(watchdog.o)
 .data          0x000000000002f254        0x0 obj_cooja/mtype462.a(rimestats.o)
 .data          0x000000000002f254        0x0 obj_cooja/mtype462.a(leds.o)
 .data          0x000000000002f254        0x0 obj_cooja/mtype462.a(stimer.o)
 .data          0x000000000002f254        0x0 obj_cooja/mtype462.a(memb.o)
 .data          0x000000000002f254       0x44 obj_cooja/mtype462.a(uip-ds6-route.o)
                0x000000000002f264                nbr_routes
 .data          0x000000000002f298       0x20 obj_cooja/mtype462.a(uip-icmp6.o)
 .data          0x000000000002f2b8        0x0 obj_cooja/mtype462.a(uip-nd6.o)
 .data          0x000000000002f2b8        0x0 obj_cooja/mtype462.a(rpl-nbr-policy.)
 .data          0x000000000002f2b8        0x2 obj_cooja/mtype462.a(frame802154.o)
 .data          0x000000000002f2ba        0x0 obj_cooja/mtype462.a(mac.o)
 .data          0x000000000002f2ba        0x0 /usr/lib/gcc/i686-linux-gnu/4.8/crtendS.o
 .data          0x000000000002f2ba        0x0 /usr/lib/gcc/i686-linux-gnu/4.8/../../../i386-linux-gnu/crtn.o

.tm_clone_table
                0x000000000002f2bc        0x0
 .tm_clone_table
                0x000000000002f2bc        0x0 /usr/lib/gcc/i686-linux-gnu/4.8/crtbeginS.o
 .tm_clone_table
                0x000000000002f2bc        0x0 /usr/lib/gcc/i686-linux-gnu/4.8/crtendS.o

.data1
 *(.data1)
                0x000000000002f2bc                _edata = .
                0x000000000002f2bc                PROVIDE (edata, .)
                0x000000000002f2bc                . = .
                0x000000000002f2bc                __bss_start = .

.bss            0x000000000002f2c0     0x8308
 *(.dynbss)
 .dynbss        0x0000000000000000        0x0 /usr/lib/gcc/i686-linux-gnu/4.8/../../../i386-linux-gnu/crti.o
 *(.bss .bss.* .gnu.linkonce.b.*)
 .bss           0x000000000002f2c0        0x0 /usr/lib/gcc/i686-linux-gnu/4.8/../../../i386-linux-gnu/crti.o
 .bss           0x000000000002f2c0        0x1 /usr/lib/gcc/i686-linux-gnu/4.8/crtbeginS.o
 *fill*         0x000000000002f2c1        0x3 
 .bss           0x000000000002f2c4        0x8 udp-server.co
                0x000000000002f2c4                my_weight
 *fill*         0x000000000002f2cc       0x14 
 .bss           0x000000000002f2e0     0x2030 obj_cooja/mtype462.o
 .bss           0x0000000000031310        0x1 obj_cooja/mtype462.a(simEnvChange.o)
                0x0000000000031310                simDontFallAsleep
 *fill*         0x0000000000031311        0x3 
 .bss           0x0000000000031314        0x4 obj_cooja/mtype462.a(cooja_mt.o)
 .bss           0x0000000000031318        0x4 obj_cooja/mtype462.a(cooja_mtarch.o)
 .bss           0x000000000003131c        0xc obj_cooja/mtype462.a(rtimer-arch.o)
 .bss           0x0000000000031328        0x0 obj_cooja/mtype462.a(beep.o)
 .bss           0x0000000000031328        0x8 obj_cooja/mtype462.a(button-sensor.o)
 .bss           0x0000000000031330        0x0 obj_cooja/mtype462.a(leds-arch.o)
 .bss           0x0000000000031330        0x0 obj_cooja/mtype462.a(moteid.o)
 .bss           0x0000000000031330        0x1 obj_cooja/mtype462.a(pir-sensor.o)
                0x0000000000031330                simPirValue
 *fill*         0x0000000000031331        0x3 
 .bss           0x0000000000031334        0x4 obj_cooja/mtype462.a(rs232.o)
 .bss           0x0000000000031338        0x1 obj_cooja/mtype462.a(vib-sensor.o)
                0x0000000000031338                simVibValue
 .bss           0x0000000000031339        0x0 obj_cooja/mtype462.a(clock.o)
 *fill*         0x0000000000031339        0x7 
 .bss           0x0000000000031340      0x420 obj_cooja/mtype462.a(log.o)
 .bss           0x0000000000031760      0xfc0 obj_cooja/mtype462.a(cfs-cooja.o)
                0x0000000000031760                simCFSData
                0x0000000000032700                simCFSSize
                0x0000000000032704                simCFSChanged
                0x0000000000032708                simCFSRead
                0x000000000003270c                simCFSWritten
 .bss           0x0000000000032720       0x24 obj_cooja/mtype462.a(cooja-radio.o)
                0x0000000000032720                simReceivingLR
                0x0000000000032724                simInSizeLR
                0x0000000000032728                simOutSizeLR
                0x000000000003272c                simReceiving
                0x0000000000032730                simInSize
                0x0000000000032734                simOutSize
                0x0000000000032738                LongRangeTransmit
                0x000000000003273c                LongRangeReceiving
 .bss           0x0000000000032744        0xc obj_cooja/mtype462.a(eeprom.o)
                0x0000000000032744                simEEPROMChanged
                0x0000000000032748                simEEPROMRead
                0x000000000003274c                simEEPROMWritten
 .bss           0x0000000000032750        0x0 obj_cooja/mtype462.a(random.o)
 .bss           0x0000000000032750        0xc obj_cooja/mtype462.a(sensors.o)
 .bss           0x000000000003275c       0x3c obj_cooja/mtype462.a(dual_conf.o)
                0x000000000003275c                long_range_radio
 .bss           0x0000000000032798        0x0 obj_cooja/mtype462.a(autostart.o)
 .bss           0x0000000000032798        0x5 obj_cooja/mtype462.a(ctimer.o)
 *fill*         0x000000000003279d        0x3 
 .bss           0x00000000000327a0        0x8 obj_cooja/mtype462.a(etimer.o)
 .bss           0x00000000000327a8        0x0 obj_cooja/mtype462.a(log_message.o)
 *fill*         0x00000000000327a8       0x18 
 .bss           0x00000000000327c0      0x1b1 obj_cooja/mtype462.a(process.o)
                0x00000000000327c0                process_list
                0x00000000000327c4                process_current
 .bss           0x0000000000032971        0x0 obj_cooja/mtype462.a(residual.o)
 *fill*         0x0000000000032971        0x3 
 .bss           0x0000000000032974        0x4 obj_cooja/mtype462.a(rtimer.o)
 .bss           0x0000000000032978        0x0 obj_cooja/mtype462.a(timer.o)
 *fill*         0x0000000000032978        0x8 
 .bss           0x0000000000032980      0x140 obj_cooja/mtype462.a(serial-line.o)
 .bss           0x0000000000032ac0        0x0 obj_cooja/mtype462.a(list.o)
 .bss           0x0000000000032ac0        0x0 obj_cooja/mtype462.a(ringbuf.o)
 .bss           0x0000000000032ac0      0x70c obj_cooja/mtype462.a(sicslowpan.o)
 *fill*         0x00000000000331cc       0x14 
 .bss           0x00000000000331e0       0xc0 obj_cooja/mtype462.a(uip-ds6-nbr.o)
 .bss           0x00000000000332a0       0x30 obj_cooja/mtype462.a(uip-ds6.o)
 .bss           0x00000000000332d0        0xe obj_cooja/mtype462.a(uip6.o)
                0x00000000000332d0                uip_ext_bitmap
                0x00000000000332d1                uip_ext_len
                0x00000000000332d2                uip_ext_opt_offset
 *fill*         0x00000000000332de        0x2 
 .bss           0x00000000000332e0       0x6b obj_cooja/mtype462.a(tcpip.o)
 .bss           0x000000000003334b        0x0 obj_cooja/mtype462.a(uip-debug.o)
 *fill*         0x000000000003334b       0x15 
 .bss           0x0000000000033360      0xcf8 obj_cooja/mtype462.a(uip-packetqueue)
 *fill*         0x0000000000034058        0x8 
 .bss           0x0000000000034060       0x88 obj_cooja/mtype462.a(rpl-dag.o)
 .bss           0x00000000000340e8        0x0 obj_cooja/mtype462.a(rpl-ext-header.)
 .bss           0x00000000000340e8        0x0 obj_cooja/mtype462.a(rpl-icmp6.o)
 .bss           0x00000000000340e8        0x0 obj_cooja/mtype462.a(rpl-ltmax.o)
 *fill*         0x00000000000340e8       0x18 
 .bss           0x0000000000034100       0x60 obj_cooja/mtype462.a(rpl-timers.o)
 .bss           0x0000000000034160        0x4 obj_cooja/mtype462.a(rpl.o)
 .bss           0x0000000000034164        0x2 obj_cooja/mtype462.a(framer-802154.o)
 .bss           0x0000000000034166        0x0 obj_cooja/mtype462.a(nullmac.o)
 *fill*         0x0000000000034166       0x1a 
 .bss           0x0000000000034180       0xb0 obj_cooja/mtype462.a(cxmac.o)
 .bss           0x0000000000034230        0x0 obj_cooja/mtype462.a(linkaddr.o)
 *fill*         0x0000000000034230       0x10 
 .bss           0x0000000000034240       0xc4 obj_cooja/mtype462.a(nbr-table.o)
 .bss           0x0000000000034304        0x0 obj_cooja/mtype462.a(netstack.o)
 *fill*         0x0000000000034304       0x1c 
 .bss           0x0000000000034320       0xa0 obj_cooja/mtype462.a(packetbuf.o)
 .bss           0x00000000000343c0      0xb80 obj_cooja/mtype462.a(queuebuf.o)
 .bss           0x0000000000034f40        0x0 obj_cooja/mtype462.a(nullsec.o)
 .bss           0x0000000000034f40        0x0 obj_cooja/mtype462.a(watchdog.o)
 .bss           0x0000000000034f40        0x0 obj_cooja/mtype462.a(rimestats.o)
 .bss           0x0000000000034f40        0x1 obj_cooja/mtype462.a(leds.o)
 .bss           0x0000000000034f41        0x0 obj_cooja/mtype462.a(stimer.o)
 .bss           0x0000000000034f41        0x0 obj_cooja/mtype462.a(memb.o)
 *fill*         0x0000000000034f41       0x1f 
 .bss           0x0000000000034f60      0x4a8 obj_cooja/mtype462.a(uip-ds6-route.o)
 .bss           0x0000000000035408       0x18 obj_cooja/mtype462.a(uip-icmp6.o)
 .bss           0x0000000000035420        0x0 obj_cooja/mtype462.a(uip-nd6.o)
 .bss           0x0000000000035420       0x44 obj_cooja/mtype462.a(rpl-nbr-policy.)
 .bss           0x0000000000035464        0x0 obj_cooja/mtype462.a(frame802154.o)
 .bss           0x0000000000035464        0x0 obj_cooja/mtype462.a(mac.o)
 .bss           0x0000000000035464        0x0 /usr/lib/gcc/i686-linux-gnu/4.8/crtendS.o
 .bss           0x0000000000035464        0x0 /usr/lib/gcc/i686-linux-gnu/4.8/../../../i386-linux-gnu/crtn.o
 *(COMMON)
 COMMON         0x0000000000035464        0x5 udp-server.co
                0x0000000000035464                LSA_SR_preamble
                0x0000000000035465                LSA_lr_child
                0x0000000000035466                LSA_converge
                0x0000000000035467                my_sink_reachability
                0x0000000000035468                my_parent_number
 *fill*         0x0000000000035469        0x3 
 COMMON         0x000000000003546c       0x4c obj_cooja/mtype462.o
                0x000000000003546c                dio_count
                0x0000000000035470                dis_count
                0x0000000000035474                collision_count
                0x0000000000035478                transmission_count
                0x000000000003547c                COOJA_radioRxLong
                0x0000000000035480                control_message_count
                0x0000000000035484                dao_count
                0x0000000000035488                COOJA_radioTx
                0x000000000003548c                referenceVar
                0x0000000000035490                data_relay_count
                0x0000000000035494                data_message_count
                0x0000000000035498                COOJA_radioTxLong
                0x000000000003549c                COOJA_radioRx
                0x00000000000354a0                debugfp
                0x00000000000354a4                COOJA_radioOn
                0x00000000000354a8                COOJA_duration
                0x00000000000354ac                dio_ack_count
                0x00000000000354b0                COOJA_radioOnLong
                0x00000000000354b4                sensors_flags
 COMMON         0x00000000000354b8        0xc obj_cooja/mtype462.a(simEnvChange.o)
                0x00000000000354b8                simEtimerPending
                0x00000000000354bc                simProcessRunValue
                0x00000000000354c0                simNextExpirationTime
 COMMON         0x00000000000354c4        0x1 obj_cooja/mtype462.a(beep.o)
                0x00000000000354c4                simBeeped
 COMMON         0x00000000000354c5        0x3 obj_cooja/mtype462.a(button-sensor.o)
                0x00000000000354c5                simButtonIsActive
                0x00000000000354c6                simButtonIsDown
                0x00000000000354c7                simButtonChanged
 COMMON         0x00000000000354c8        0x1 obj_cooja/mtype462.a(leds-arch.o)
                0x00000000000354c8                simLedsValue
 *fill*         0x00000000000354c9        0x3 
 COMMON         0x00000000000354cc        0xc obj_cooja/mtype462.a(moteid.o)
                0x00000000000354cc                simRandomSeed
                0x00000000000354d0                simMoteIDChanged
                0x00000000000354d4                simMoteID
 COMMON         0x00000000000354d8        0x2 obj_cooja/mtype462.a(pir-sensor.o)
                0x00000000000354d8                simPirIsActive
                0x00000000000354d9                simPirChanged
 *fill*         0x00000000000354da        0x6 
 COMMON         0x00000000000354e0      0x820 obj_cooja/mtype462.a(rs232.o)
                0x00000000000354e0                simSerialReceivingFlag
                0x00000000000354e4                simSerialReceivingLength
                0x0000000000035500                simSerialReceivingData
 COMMON         0x0000000000035d00        0x2 obj_cooja/mtype462.a(vib-sensor.o)
                0x0000000000035d00                simVibChanged
                0x0000000000035d01                simVibIsActive
 *fill*         0x0000000000035d02        0x2 
 COMMON         0x0000000000035d04        0x4 obj_cooja/mtype462.a(clock.o)
                0x0000000000035d04                simCurrentTime
 *fill*         0x0000000000035d08       0x18 
 COMMON         0x0000000000035d20      0x420 obj_cooja/mtype462.a(log.o)
                0x0000000000035d20                simLoggedLength
                0x0000000000035d24                simLoggedFlag
                0x0000000000035d40                simLoggedData
 COMMON         0x0000000000036140      0x240 obj_cooja/mtype462.a(cooja-radio.o)
                0x0000000000036140                simOutDataBuffer
                0x00000000000361c0                simRadioTarget
                0x00000000000361e0                simInDataBufferLR
                0x0000000000036260                simOutDataBufferLR
                0x00000000000362e0                dual_duty_cycle_count
                0x0000000000036300                simInDataBuffer
 COMMON         0x0000000000036380      0x400 obj_cooja/mtype462.a(eeprom.o)
                0x0000000000036380                simEEPROMData
 COMMON         0x0000000000036780        0x1 obj_cooja/mtype462.a(sensors.o)
                0x0000000000036780                sensors_event
 *fill*         0x0000000000036781        0x3 
 COMMON         0x0000000000036784        0x4 obj_cooja/mtype462.a(log_message.o)
                0x0000000000036784                log_fp
 COMMON         0x0000000000036788        0x1 obj_cooja/mtype462.a(serial-line.o)
                0x0000000000036788                serial_line_event_message
 *fill*         0x0000000000036789       0x17 
 COMMON         0x00000000000367a0       0x50 obj_cooja/mtype462.a(uip-ds6-nbr.o)
                0x00000000000367a0                ds6_lr_addrmap
 *fill*         0x00000000000367f0       0x10 
 COMMON         0x0000000000036800      0x298 obj_cooja/mtype462.a(uip-ds6.o)
                0x0000000000036800                uip_ds6_prefix_list
                0x0000000000036860                uip_ds6_timer_periodic
                0x0000000000036870                uip_ds6_netif_addr_list_offset
                0x0000000000036880                uip_ds6_if
                0x0000000000036978                uip_ds6_timer_ra
                0x0000000000036980                uip_ds6_addr_size
                0x00000000000369a0                long_uip_ds6_if
 *fill*         0x0000000000036a98        0x8 
 COMMON         0x0000000000036aa0      0x8ec obj_cooja/mtype462.a(uip6.o)
                0x0000000000036aa0                uip_slen
                0x0000000000036aa2                uip_acc32
                0x0000000000036ac0                uip_conns
                0x0000000000036b80                uip_lladdr
                0x0000000000036b88                uip_appdata
                0x0000000000036b8c                uip_flags
                0x0000000000036ba0                uip_aligned_buf
                0x00000000000371e0                uip_listenports
                0x00000000000371f0                uip_len
                0x00000000000371f2                uip_long_lladdr
                0x00000000000371fc                uip_sappdata
                0x0000000000037200                uip_udp_conns
                0x0000000000037380                uip_udp_conn
                0x0000000000037384                uip_next_hdr
                0x0000000000037388                uip_conn
 COMMON         0x000000000003738c        0x1 obj_cooja/mtype462.a(tcpip.o)
                0x000000000003738c                tcpip_event
 *fill*         0x000000000003738d       0x13 
 COMMON         0x00000000000373a0      0x198 obj_cooja/mtype462.a(rpl-dag.o)
                0x00000000000373a0                default_instance
                0x00000000000373c0                instance_table
 COMMON         0x0000000000037538       0x10 obj_cooja/mtype462.a(linkaddr.o)
                0x0000000000037538                linkaddr_node_addr
                0x0000000000037540                long_linkaddr_node_addr
 COMMON         0x0000000000037548       0x2e obj_cooja/mtype462.a(packetbuf.o)
                0x0000000000037548                packetbuf_attrs
                0x0000000000037566                packetbuf_addrs
 *fill*         0x0000000000037576        0xa 
 COMMON         0x0000000000037580       0x48 obj_cooja/mtype462.a(rimestats.o)
                0x0000000000037580                rimestats
                0x00000000000375c8                . = ALIGN ((. != 0x0)?0x4:0x1)
                0x00000000000375c8                . = ALIGN (0x4)
                0x00000000000375c8                . = SEGMENT_START ("ldata-segment", .)
                0x00000000000375c8                . = ALIGN (0x4)
                0x00000000000375c8                _end = .
                0x00000000000375c8                PROVIDE (end, .)
                0x00000000000375c8                . = DATA_SEGMENT_END (.)

.stab
 *(.stab)

.stabstr
 *(.stabstr)

.stab.excl
 *(.stab.excl)

.stab.exclstr
 *(.stab.exclstr)

.stab.index
 *(.stab.index)

.stab.indexstr
 *(.stab.indexstr)

.comment        0x0000000000000000       0x29
 *(.comment)
 .comment       0x0000000000000000       0x29 /usr/lib/gcc/i686-linux-gnu/4.8/crtbeginS.o
                                         0x2a (size before relaxing)
 .comment       0x0000000000000000       0x2a udp-server.co
 .comment       0x0000000000000000       0x2a obj_cooja/mtype462.o
 .comment       0x0000000000000000       0x2a obj_cooja/mtype462.a(simEnvChange.o)
 .comment       0x0000000000000000       0x2a obj_cooja/mtype462.a(cooja_mt.o)
 .comment       0x0000000000000000       0x2a obj_cooja/mtype462.a(cooja_mtarch.o)
 .comment       0x0000000000000000       0x2a obj_cooja/mtype462.a(rtimer-arch.o)
 .comment       0x0000000000000000       0x2a obj_cooja/mtype462.a(beep.o)
 .comment       0x0000000000000000       0x2a obj_cooja/mtype462.a(button-sensor.o)
 .comment       0x0000000000000000       0x2a obj_cooja/mtype462.a(leds-arch.o)
 .comment       0x0000000000000000       0x2a obj_cooja/mtype462.a(moteid.o)
 .comment       0x0000000000000000       0x2a obj_cooja/mtype462.a(pir-sensor.o)
 .comment       0x0000000000000000       0x2a obj_cooja/mtype462.a(rs232.o)
 .comment       0x0000000000000000       0x2a obj_cooja/mtype462.a(vib-sensor.o)
 .comment       0x0000000000000000       0x2a obj_cooja/mtype462.a(clock.o)
 .comment       0x0000000000000000       0x2a obj_cooja/mtype462.a(log.o)
 .comment       0x0000000000000000       0x2a obj_cooja/mtype462.a(cfs-cooja.o)
 .comment       0x0000000000000000       0x2a obj_cooja/mtype462.a(cooja-radio.o)
 .comment       0x0000000000000000       0x2a obj_cooja/mtype462.a(eeprom.o)
 .comment       0x0000000000000000       0x2a obj_cooja/mtype462.a(random.o)
 .comment       0x0000000000000000       0x2a obj_cooja/mtype462.a(sensors.o)
 .comment       0x0000000000000000       0x2a obj_cooja/mtype462.a(dual_conf.o)
 .comment       0x0000000000000000       0x2a obj_cooja/mtype462.a(autostart.o)
 .comment       0x0000000000000000       0x2a obj_cooja/mtype462.a(ctimer.o)
 .comment       0x0000000000000000       0x2a obj_cooja/mtype462.a(etimer.o)
 .comment       0x0000000000000000       0x2a obj_cooja/mtype462.a(log_message.o)
 .comment       0x0000000000000000       0x2a obj_cooja/mtype462.a(process.o)
 .comment       0x0000000000000000       0x2a obj_cooja/mtype462.a(residual.o)
 .comment       0x0000000000000000       0x2a obj_cooja/mtype462.a(rtimer.o)
 .comment       0x0000000000000000       0x2a obj_cooja/mtype462.a(timer.o)
 .comment       0x0000000000000000       0x2a obj_cooja/mtype462.a(serial-line.o)
 .comment       0x0000000000000000       0x2a obj_cooja/mtype462.a(list.o)
 .comment       0x0000000000000000       0x2a obj_cooja/mtype462.a(ringbuf.o)
 .comment       0x0000000000000000       0x2a obj_cooja/mtype462.a(sicslowpan.o)
 .comment       0x0000000000000000       0x2a obj_cooja/mtype462.a(uip-ds6-nbr.o)
 .comment       0x0000000000000000       0x2a obj_cooja/mtype462.a(uip-ds6.o)
 .comment       0x0000000000000000       0x2a obj_cooja/mtype462.a(uip6.o)
 .comment       0x0000000000000000       0x2a obj_cooja/mtype462.a(tcpip.o)
 .comment       0x0000000000000000       0x2a obj_cooja/mtype462.a(uip-debug.o)
 .comment       0x0000000000000000       0x2a obj_cooja/mtype462.a(uip-packetqueue)
 .comment       0x0000000000000000       0x2a obj_cooja/mtype462.a(rpl-dag.o)
 .comment       0x0000000000000000       0x2a obj_cooja/mtype462.a(rpl-ext-header.)
 .comment       0x0000000000000000       0x2a obj_cooja/mtype462.a(rpl-icmp6.o)
 .comment       0x0000000000000000       0x2a obj_cooja/mtype462.a(rpl-ltmax.o)
 .comment       0x0000000000000000       0x2a obj_cooja/mtype462.a(rpl-timers.o)
 .comment       0x0000000000000000       0x2a obj_cooja/mtype462.a(rpl.o)
 .comment       0x0000000000000000       0x2a obj_cooja/mtype462.a(framer-802154.o)
 .comment       0x0000000000000000       0x2a obj_cooja/mtype462.a(nullmac.o)
 .comment       0x0000000000000000       0x2a obj_cooja/mtype462.a(cxmac.o)
 .comment       0x0000000000000000       0x2a obj_cooja/mtype462.a(linkaddr.o)
 .comment       0x0000000000000000       0x2a obj_cooja/mtype462.a(nbr-table.o)
 .comment       0x0000000000000000       0x2a obj_cooja/mtype462.a(netstack.o)
 .comment       0x0000000000000000       0x2a obj_cooja/mtype462.a(packetbuf.o)
 .comment       0x0000000000000000       0x2a obj_cooja/mtype462.a(queuebuf.o)
 .comment       0x0000000000000000       0x2a obj_cooja/mtype462.a(nullsec.o)
 .comment       0x0000000000000000       0x2a obj_cooja/mtype462.a(watchdog.o)
 .comment       0x0000000000000000       0x2a obj_cooja/mtype462.a(rimestats.o)
 .comment       0x0000000000000000       0x2a obj_cooja/mtype462.a(leds.o)
 .comment       0x0000000000000000       0x2a obj_cooja/mtype462.a(stimer.o)
 .comment       0x0000000000000000       0x2a obj_cooja/mtype462.a(memb.o)
 .comment       0x0000000000000000       0x2a obj_cooja/mtype462.a(uip-ds6-route.o)
 .comment       0x0000000000000000       0x2a obj_cooja/mtype462.a(uip-icmp6.o)
 .comment       0x0000000000000000       0x2a obj_cooja/mtype462.a(uip-nd6.o)
 .comment       0x0000000000000000       0x2a obj_cooja/mtype462.a(rpl-nbr-policy.)
 .comment       0x0000000000000000       0x2a obj_cooja/mtype462.a(frame802154.o)
 .comment       0x0000000000000000       0x2a obj_cooja/mtype462.a(mac.o)
 .comment       0x0000000000000000       0x2a /usr/lib/gcc/i686-linux-gnu/4.8/crtendS.o

.debug
 *(.debug)

.line
 *(.line)

.debug_srcinfo
 *(.debug_srcinfo)

.debug_sfnames
 *(.debug_sfnames)

.debug_aranges  0x0000000000000000      0x818
 *(.debug_aranges)
 .debug_aranges
                0x0000000000000000       0x20 udp-server.co
 .debug_aranges
                0x0000000000000020       0x20 obj_cooja/mtype462.o
 .debug_aranges
                0x0000000000000040       0x20 obj_cooja/mtype462.a(simEnvChange.o)
 .debug_aranges
                0x0000000000000060       0x20 obj_cooja/mtype462.a(cooja_mt.o)
 .debug_aranges
                0x0000000000000080       0x20 obj_cooja/mtype462.a(cooja_mtarch.o)
 .debug_aranges
                0x00000000000000a0       0x20 obj_cooja/mtype462.a(rtimer-arch.o)
 .debug_aranges
                0x00000000000000c0       0x20 obj_cooja/mtype462.a(beep.o)
 .debug_aranges
                0x00000000000000e0       0x20 obj_cooja/mtype462.a(button-sensor.o)
 .debug_aranges
                0x0000000000000100       0x20 obj_cooja/mtype462.a(leds-arch.o)
 .debug_aranges
                0x0000000000000120       0x20 obj_cooja/mtype462.a(moteid.o)
 .debug_aranges
                0x0000000000000140       0x20 obj_cooja/mtype462.a(pir-sensor.o)
 .debug_aranges
                0x0000000000000160       0x20 obj_cooja/mtype462.a(rs232.o)
 .debug_aranges
                0x0000000000000180       0x20 obj_cooja/mtype462.a(vib-sensor.o)
 .debug_aranges
                0x00000000000001a0       0x20 obj_cooja/mtype462.a(clock.o)
 .debug_aranges
                0x00000000000001c0       0x20 obj_cooja/mtype462.a(log.o)
 .debug_aranges
                0x00000000000001e0       0x20 obj_cooja/mtype462.a(cfs-cooja.o)
 .debug_aranges
                0x0000000000000200       0x20 obj_cooja/mtype462.a(cooja-radio.o)
 .debug_aranges
                0x0000000000000220       0x20 obj_cooja/mtype462.a(eeprom.o)
 .debug_aranges
                0x0000000000000240       0x20 obj_cooja/mtype462.a(random.o)
 .debug_aranges
                0x0000000000000260       0x20 obj_cooja/mtype462.a(sensors.o)
 .debug_aranges
                0x0000000000000280       0x20 obj_cooja/mtype462.a(dual_conf.o)
 .debug_aranges
                0x00000000000002a0       0x20 obj_cooja/mtype462.a(autostart.o)
 .debug_aranges
                0x00000000000002c0       0x20 obj_cooja/mtype462.a(ctimer.o)
 .debug_aranges
                0x00000000000002e0       0x20 obj_cooja/mtype462.a(etimer.o)
 .debug_aranges
                0x0000000000000300       0x20 obj_cooja/mtype462.a(log_message.o)
 .debug_aranges
                0x0000000000000320       0x20 obj_cooja/mtype462.a(process.o)
 .debug_aranges
                0x0000000000000340       0x20 obj_cooja/mtype462.a(residual.o)
 .debug_aranges
                0x0000000000000360       0x20 obj_cooja/mtype462.a(rtimer.o)
 .debug_aranges
                0x0000000000000380       0x20 obj_cooja/mtype462.a(timer.o)
 .debug_aranges
                0x00000000000003a0       0x20 obj_cooja/mtype462.a(serial-line.o)
 .debug_aranges
                0x00000000000003c0       0x20 obj_cooja/mtype462.a(list.o)
 .debug_aranges
                0x00000000000003e0       0x20 obj_cooja/mtype462.a(ringbuf.o)
 .debug_aranges
                0x0000000000000400       0x20 obj_cooja/mtype462.a(sicslowpan.o)
 .debug_aranges
                0x0000000000000420       0x20 obj_cooja/mtype462.a(uip-ds6-nbr.o)
 .debug_aranges
                0x0000000000000440       0x20 obj_cooja/mtype462.a(uip-ds6.o)
 .debug_aranges
                0x0000000000000460       0x20 obj_cooja/mtype462.a(uip6.o)
 .debug_aranges
                0x0000000000000480       0x20 obj_cooja/mtype462.a(tcpip.o)
 .debug_aranges
                0x00000000000004a0       0x20 obj_cooja/mtype462.a(uip-debug.o)
 .debug_aranges
                0x00000000000004c0       0x20 obj_cooja/mtype462.a(uip-packetqueue)
 .debug_aranges
                0x00000000000004e0       0x20 obj_cooja/mtype462.a(rpl-dag.o)
 .debug_aranges
                0x0000000000000500       0x20 obj_cooja/mtype462.a(rpl-ext-header.)
 .debug_aranges
                0x0000000000000520       0x20 obj_cooja/mtype462.a(rpl-icmp6.o)
 .debug_aranges
                0x0000000000000540       0x20 obj_cooja/mtype462.a(rpl-ltmax.o)
 .debug_aranges
                0x0000000000000560       0x20 obj_cooja/mtype462.a(rpl-timers.o)
 .debug_aranges
                0x0000000000000580       0x20 obj_cooja/mtype462.a(rpl.o)
 .debug_aranges
                0x00000000000005a0       0x20 obj_cooja/mtype462.a(framer-802154.o)
 .debug_aranges
                0x00000000000005c0       0x20 obj_cooja/mtype462.a(nullmac.o)
 .debug_aranges
                0x00000000000005e0       0x20 obj_cooja/mtype462.a(cxmac.o)
 .debug_aranges
                0x0000000000000600       0x20 obj_cooja/mtype462.a(linkaddr.o)
 .debug_aranges
                0x0000000000000620       0x20 obj_cooja/mtype462.a(nbr-table.o)
 .debug_aranges
                0x0000000000000640       0x20 obj_cooja/mtype462.a(netstack.o)
 .debug_aranges
                0x0000000000000660       0x20 obj_cooja/mtype462.a(packetbuf.o)
 .debug_aranges
                0x0000000000000680       0x20 obj_cooja/mtype462.a(queuebuf.o)
 .debug_aranges
                0x00000000000006a0       0x20 obj_cooja/mtype462.a(nullsec.o)
 .debug_aranges
                0x00000000000006c0       0x20 obj_cooja/mtype462.a(watchdog.o)
 .debug_aranges
                0x00000000000006e0       0x18 obj_cooja/mtype462.a(rimestats.o)
 .debug_aranges
                0x00000000000006f8       0x20 obj_cooja/mtype462.a(leds.o)
 .debug_aranges
                0x0000000000000718       0x20 obj_cooja/mtype462.a(stimer.o)
 .debug_aranges
                0x0000000000000738       0x20 obj_cooja/mtype462.a(memb.o)
 .debug_aranges
                0x0000000000000758       0x20 obj_cooja/mtype462.a(uip-ds6-route.o)
 .debug_aranges
                0x0000000000000778       0x20 obj_cooja/mtype462.a(uip-icmp6.o)
 .debug_aranges
                0x0000000000000798       0x20 obj_cooja/mtype462.a(uip-nd6.o)
 .debug_aranges
                0x00000000000007b8       0x20 obj_cooja/mtype462.a(rpl-nbr-policy.)
 .debug_aranges
                0x00000000000007d8       0x20 obj_cooja/mtype462.a(frame802154.o)
 .debug_aranges
                0x00000000000007f8       0x20 obj_cooja/mtype462.a(mac.o)

.debug_pubnames
 *(.debug_pubnames)

.debug_info     0x0000000000000000    0x1d6df
 *(.debug_info .gnu.linkonce.wi.*)
 .debug_info    0x0000000000000000      0xe7e udp-server.co
 .debug_info    0x0000000000000e7e     0x3ac4 obj_cooja/mtype462.o
 .debug_info    0x0000000000004942      0x15a obj_cooja/mtype462.a(simEnvChange.o)
 .debug_info    0x0000000000004a9c      0x1e2 obj_cooja/mtype462.a(cooja_mt.o)
 .debug_info    0x0000000000004c7e      0x2e7 obj_cooja/mtype462.a(cooja_mtarch.o)
 .debug_info    0x0000000000004f65      0x16b obj_cooja/mtype462.a(rtimer-arch.o)
 .debug_info    0x00000000000050d0      0x1f3 obj_cooja/mtype462.a(beep.o)
 .debug_info    0x00000000000052c3      0x257 obj_cooja/mtype462.a(button-sensor.o)
 .debug_info    0x000000000000551a      0x132 obj_cooja/mtype462.a(leds-arch.o)
 .debug_info    0x000000000000564c      0x10a obj_cooja/mtype462.a(moteid.o)