Archive member included to satisfy reference by file (symbol)

obj_cooja/mtype882.a(simEnvChange.o)
                              obj_cooja/mtype882.o (simDontFallAsleep)
obj_cooja/mtype882.a(cooja_mt.o)
                              obj_cooja/mtype882.o (cooja_mt_start)
obj_cooja/mtype882.a(cooja_mtarch.o)
                              obj_cooja/mtype882.a(cooja_mt.o) (cooja_mtarch_init)
obj_cooja/mtype882.a(rtimer-arch.o)
                              obj_cooja/mtype882.o (rtimer_arch_next)
obj_cooja/mtype882.a(beep.o)  obj_cooja/mtype882.o (beep_interface)
obj_cooja/mtype882.a(button-sensor.o)
                              obj_cooja/mtype882.o (button_interface)
obj_cooja/mtype882.a(leds-arch.o)
                              obj_cooja/mtype882.o (leds_interface)
obj_cooja/mtype882.a(moteid.o)
                              obj_cooja/mtype882.o (moteid_interface)
obj_cooja/mtype882.a(pir-sensor.o)
                              obj_cooja/mtype882.o (pir_interface)
obj_cooja/mtype882.a(rs232.o)
                              obj_cooja/mtype882.o (rs232_interface)
obj_cooja/mtype882.a(vib-sensor.o)
                              obj_cooja/mtype882.o (vib_interface)
obj_cooja/mtype882.a(clock.o)
                              obj_cooja/mtype882.o (clock_interface)
obj_cooja/mtype882.a(log.o)   obj_cooja/mtype882.o (simlog_interface)
obj_cooja/mtype882.a(cfs-cooja.o)
                              obj_cooja/mtype882.o (cfs_interface)
obj_cooja/mtype882.a(cooja-radio.o)
                              obj_cooja/mtype882.o (radio_interface)
obj_cooja/mtype882.a(eeprom.o)
                              obj_cooja/mtype882.o (eeprom_interface)
obj_cooja/mtype882.a(random.o)
                              obj_cooja/mtype882.a(moteid.o) (random_init)
obj_cooja/mtype882.a(sensors.o)
                              obj_cooja/mtype882.o (sensors_process)
obj_cooja/mtype882.a(leds.o)  obj_cooja/mtype882.a(cooja-radio.o) (leds_on)
obj_cooja/mtype882.a(dual_conf.o)
                              obj_cooja/mtype882.a(cooja-radio.o) (long_range_radio)
obj_cooja/mtype882.a(autostart.o)
                              obj_cooja/mtype882.o (autostart_start)
obj_cooja/mtype882.a(ctimer.o)
                              obj_cooja/mtype882.o (ctimer_init)
obj_cooja/mtype882.a(etimer.o)
                              obj_cooja/mtype882.o (etimer_process)
obj_cooja/mtype882.a(log_message.o)
                              obj_cooja/mtype882.o (log_initialization)
obj_cooja/mtype882.a(process.o)
                              udp-client.co (process_current)
obj_cooja/mtype882.a(residual.o)
                              udp-client.co (get_residual_energy)
obj_cooja/mtype882.a(rtimer.o)
                              obj_cooja/mtype882.a(rtimer-arch.o) (rtimer_run_next)
obj_cooja/mtype882.a(stimer.o)
                              udp-client.co (stimer_remaining)
obj_cooja/mtype882.a(timer.o)
                              obj_cooja/mtype882.a(button-sensor.o) (timer_set)
obj_cooja/mtype882.a(serial-line.o)
                              udp-client.co (serial_line_event_message)
obj_cooja/mtype882.a(list.o)  obj_cooja/mtype882.a(ctimer.o) (list_init)
obj_cooja/mtype882.a(ringbuf.o)
                              obj_cooja/mtype882.a(serial-line.o) (ringbuf_init)
obj_cooja/mtype882.a(sicslowpan.o)
                              obj_cooja/mtype882.o (sicslowpan_driver)
obj_cooja/mtype882.a(uip-ds6-nbr.o)
                              obj_cooja/mtype882.a(sicslowpan.o) (uip_ds6_link_neighbor_callback)
obj_cooja/mtype882.a(uip-ds6-route.o)
                              udp-client.co (uip_ds6_route_nexthop)
obj_cooja/mtype882.a(uip-ds6.o)
                              udp-client.co (uip_ds6_if)
obj_cooja/mtype882.a(uip6.o)  udp-client.co (uip_lladdr)
obj_cooja/mtype882.a(tcpip.o)
                              udp-client.co (tcpip_event)
obj_cooja/mtype882.a(uip-debug.o)
                              udp-client.co (uip_debug_ipaddr_print)
obj_cooja/mtype882.a(uip-packetqueue)
                              obj_cooja/mtype882.a(uip-ds6-nbr.o) (uip_packetqueue_new)
obj_cooja/mtype882.a(uip-udp-packet.)
                              udp-client.co (uip_udp_packet_sendto)
obj_cooja/mtype882.a(rpl-dag.o)
                              obj_cooja/mtype882.a(tcpip.o) (rpl_repair_root)
obj_cooja/mtype882.a(rpl-ext-header.)
                              obj_cooja/mtype882.a(uip6.o) (rpl_verify_header)
obj_cooja/mtype882.a(rpl-icmp6.o)
                              obj_cooja/mtype882.a(rpl-dag.o) (rpl_icmp6_update_nbr_table)
obj_cooja/mtype882.a(rpl-ltmax.o)
                              obj_cooja/mtype882.a(rpl-dag.o) (rpl_ltmax_of)
obj_cooja/mtype882.a(rpl-timers.o)
                              obj_cooja/mtype882.a(rpl-icmp6.o) (rpl_LSA_convergence_timer)
obj_cooja/mtype882.a(rpl.o)   obj_cooja/mtype882.a(rpl-icmp6.o) (rpl_get_mode)
obj_cooja/mtype882.a(csma.o)  obj_cooja/mtype882.o (csma_driver)
obj_cooja/mtype882.a(framer-802154.o)
[...]
Memory Configuration

Name             Origin             Length             Attributes
*default*        0x0000000000000000 0xffffffffffffffff

Linker script and memory map

LOAD /usr/lib/gcc/i686-linux-gnu/4.8/../../../i386-linux-gnu/crti.o
LOAD /usr/lib/gcc/i686-linux-gnu/4.8/crtbeginS.o
LOAD udp-client.co
LOAD obj_cooja/mtype882.o
LOAD obj_cooja/mtype882.a
LOAD /usr/lib/gcc/i686-linux-gnu/4.8/libgcc.a
LOAD /usr/lib/gcc/i686-linux-gnu/4.8/libgcc_s.so
LOAD /usr/lib/gcc/i686-linux-gnu/4.8/../../../i386-linux-gnu/libc.so
START GROUP
LOAD /lib/i386-linux-gnu/libc.so.6
LOAD /usr/lib/i386-linux-gnu/libc_nonshared.a
LOAD /lib/i386-linux-gnu/ld-linux.so.2
END GROUP
LOAD /usr/lib/gcc/i686-linux-gnu/4.8/libgcc.a
LOAD /usr/lib/gcc/i686-linux-gnu/4.8/libgcc_s.so
LOAD /usr/lib/gcc/i686-linux-gnu/4.8/crtendS.o
LOAD /usr/lib/gcc/i686-linux-gnu/4.8/../../../i386-linux-gnu/crtn.o
                0x0000000000000114                . = (0x0 + SIZEOF_HEADERS)

.note.gnu.build-id
                0x0000000000000114       0x24
 *(.note.gnu.build-id)
 .note.gnu.build-id
                0x0000000000000114       0x24 /usr/lib/gcc/i686-linux-gnu/4.8/../../../i386-linux-gnu/crti.o

.hash
 *(.hash)

.gnu.hash       0x0000000000000138     0x13b0
 *(.gnu.hash)
 .gnu.hash      0x0000000000000138     0x13b0 /usr/lib/gcc/i686-linux-gnu/4.8/../../../i386-linux-gnu/crti.o

.dynsym         0x00000000000014e8     0x2720
 *(.dynsym)
 .dynsym        0x00000000000014e8     0x2720 /usr/lib/gcc/i686-linux-gnu/4.8/../../../i386-linux-gnu/crti.o

.dynstr         0x0000000000003c08     0x2831
 *(.dynstr)
 .dynstr        0x0000000000003c08     0x2831 /usr/lib/gcc/i686-linux-gnu/4.8/../../../i386-linux-gnu/crti.o

.gnu.version    0x000000000000643a      0x4e4
 *(.gnu.version)
 .gnu.version   0x000000000000643a      0x4e4 /usr/lib/gcc/i686-linux-gnu/4.8/../../../i386-linux-gnu/crti.o

.gnu.version_d  0x0000000000006920        0x0
 *(.gnu.version_d)
 .gnu.version_d
                0x0000000000000000        0x0 /usr/lib/gcc/i686-linux-gnu/4.8/../../../i386-linux-gnu/crti.o

.gnu.version_r  0x0000000000006920       0x50
 *(.gnu.version_r)
 .gnu.version_r
                0x0000000000006920       0x50 /usr/lib/gcc/i686-linux-gnu/4.8/../../../i386-linux-gnu/crti.o

.rel.dyn        0x0000000000006970     0x9dc0
 *(.rel.init)
 .rel.init      0x0000000000000000        0x0 /usr/lib/gcc/i686-linux-gnu/4.8/../../../i386-linux-gnu/crti.o
 *(.rel.text .rel.text.* .rel.gnu.linkonce.t.*)
 .rel.text      0x0000000000006970     0x95d0 /usr/lib/gcc/i686-linux-gnu/4.8/../../../i386-linux-gnu/crti.o
 *(.rel.fini)
 .rel.fini      0x0000000000000000        0x0 /usr/lib/gcc/i686-linux-gnu/4.8/../../../i386-linux-gnu/crti.o
 *(.rel.rodata .rel.rodata.* .rel.gnu.linkonce.r.*)
 .rel.rodata    0x000000000000ff40      0x4e0 /usr/lib/gcc/i686-linux-gnu/4.8/../../../i386-linux-gnu/crti.o
 *(.rel.data.rel.ro .rel.data.rel.ro.* .rel.gnu.linkonce.d.rel.ro.*)
 *(.rel.data .rel.data.* .rel.gnu.linkonce.d.*)
 .rel.data.rel  0x0000000000010420        0x8 /usr/lib/gcc/i686-linux-gnu/4.8/../../../i386-linux-gnu/crti.o
 .rel.data      0x0000000000010428      0x2d0 /usr/lib/gcc/i686-linux-gnu/4.8/../../../i386-linux-gnu/crti.o
 *(.rel.tdata .rel.tdata.* .rel.gnu.linkonce.td.*)
 *(.rel.tbss .rel.tbss.* .rel.gnu.linkonce.tb.*)
 *(.rel.ctors)
 *(.rel.dtors)
 *(.rel.got)
 .rel.got       0x00000000000106f8       0x28 /usr/lib/gcc/i686-linux-gnu/4.8/../../../i386-linux-gnu/crti.o
 *(.rel.bss .rel.bss.* .rel.gnu.linkonce.b.*)
 *(.rel.ifunc)
 .rel.ifunc     0x0000000000000000        0x0 /usr/lib/gcc/i686-linux-gnu/4.8/../../../i386-linux-gnu/crti.o
 .rel.fini_array
                0x0000000000010720        0x8 /usr/lib/gcc/i686-linux-gnu/4.8/../../../i386-linux-gnu/crti.o
 .rel.init_array
                0x0000000000010728        0x8 /usr/lib/gcc/i686-linux-gnu/4.8/../../../i386-linux-gnu/crti.o

.rel.plt        0x0000000000010730       0x10
 *(.rel.plt)
 .rel.plt       0x0000000000010730       0x10 /usr/lib/gcc/i686-linux-gnu/4.8/../../../i386-linux-gnu/crti.o
 *(.rel.iplt)

.init           0x0000000000010740       0x23
 *(SORT(.init))
 .init          0x0000000000010740       0x1e /usr/lib/gcc/i686-linux-gnu/4.8/../../../i386-linux-gnu/crti.o
                0x0000000000010740                _init
 .init          0x000000000001075e        0x5 /usr/lib/gcc/i686-linux-gnu/4.8/../../../i386-linux-gnu/crtn.o

.plt            0x0000000000010770       0x30
 *(.plt)
 .plt           0x0000000000010770       0x30 /usr/lib/gcc/i686-linux-gnu/4.8/../../../i386-linux-gnu/crti.o
 *(.iplt)

.text           0x00000000000107a0    0x17a92
 *(.text.unlikely .text.*_unlikely .text.unlikely.*)
 *(.text.exit .text.exit.*)
 *(.text.startup .text.startup.*)
 *(.text.hot .text.hot.*)
 *(.text .stub .text.* .gnu.linkonce.t.*)
 .text          0x00000000000107a0        0x0 /usr/lib/gcc/i686-linux-gnu/4.8/../../../i386-linux-gnu/crti.o
 .gnu.linkonce.t.__x86.get_pc_thunk.bx
                0x00000000000107a0        0x4 /usr/lib/gcc/i686-linux-gnu/4.8/../../../i386-linux-gnu/crti.o
                0x00000000000107a0                __x86.get_pc_thunk.bx
 *fill*         0x00000000000107a4        0xc 
 .text          0x00000000000107b0      0x11b /usr/lib/gcc/i686-linux-gnu/4.8/crtbeginS.o
 .text          0x00000000000108cb      0x80c udp-client.co
 .text          0x00000000000110d7      0x96a obj_cooja/mtype882.o
                0x0000000000011285                contiki_init
                0x0000000000011858                Java_org_contikios_cooja_corecomm_Lib9_init
                0x0000000000011898                Java_org_contikios_cooja_corecomm_Lib9_getMemory
                0x00000000000118d8                Java_org_contikios_cooja_corecomm_Lib9_setMemory
                0x000000000001194f                Java_org_contikios_cooja_corecomm_Lib9_tick
                0x0000000000011a2f                Java_org_contikios_cooja_corecomm_Lib9_setReferenceAddress
 .text          0x0000000000011a41       0x63 obj_cooja/mtype882.a(simEnvChange.o)
                0x0000000000011a41                doActionsBeforeTick
                0x0000000000011a72                doActionsAfterTick
 .text          0x0000000000011aa4       0xbc obj_cooja/mtype882.a(cooja_mt.o)
                0x0000000000011aa4                cooja_mt_init
                0x0000000000011ab1                cooja_mt_remove
                0x0000000000011abe                cooja_mt_start
                0x0000000000011aeb                cooja_mt_exec
                0x0000000000011b1c                cooja_mt_exit
                0x0000000000011b3e                cooja_mt_yield
 .text          0x0000000000011b60      0x115 obj_cooja/mtype882.a(cooja_mtarch.o)
                0x0000000000011b60                cooja_mtarch_init
                0x0000000000011b65                cooja_mtarch_start
                0x0000000000011be0                cooja_sw
                0x0000000000011c02                cooja_mtarch_exec
                0x0000000000011c1e                cooja_mtarch_remove
                0x0000000000011c23                cooja_mtarch_yield
                0x0000000000011c2d                cooja_mtarch_pstop
                0x0000000000011c32                cooja_mtarch_pstart
                0x0000000000011c37                cooja_mtarch_stack_usage
 .text          0x0000000000011c75       0xc2 obj_cooja/mtype882.a(rtimer-arch.o)
                0x0000000000011c75                rtimer_arch_init
                0x0000000000011c98                rtimer_arch_schedule
                0x0000000000011caf                rtimer_arch_next
                0x0000000000011cb9                rtimer_arch_pending
                0x0000000000011cc3                rtimer_arch_check
                0x0000000000011cf5                rtimer_arch_now
 .text          0x0000000000011d37       0x76 obj_cooja/mtype882.a(beep.o)
                0x0000000000011d37                beep_alarm
                0x0000000000011d43                beep_beep
                0x0000000000011d4f                beep
                0x0000000000011d5b                beep_down
                0x0000000000011d67                beep_on
                0x0000000000011d73                beep_off
                0x0000000000011d7f                beep_spinup
                0x0000000000011d8b                beep_quick
                0x0000000000011d97                beep_long
 .text          0x0000000000011dad      0x103 obj_cooja/mtype882.a(button-sensor.o)
 .text          0x0000000000011eb0       0x45 obj_cooja/mtype882.a(leds-arch.o)
                0x0000000000011eb0                leds_arch_init
                0x0000000000011ebc                leds_arch_get
                0x0000000000011ec8                leds_arch_set
 .text          0x0000000000011ef5       0x2f obj_cooja/mtype882.a(moteid.o)
 .text          0x0000000000011f24       0xb1 obj_cooja/mtype882.a(pir-sensor.o)
 .text          0x0000000000011fd5      0x131 obj_cooja/mtype882.a(rs232.o)
                0x0000000000011fd5                rs232_init
                0x0000000000011fda                rs232_set_speed
                0x0000000000011fe8                rs232_set_input
                0x0000000000011ff5                rs232_send
                0x0000000000012017                rs232_print
                0x0000000000012032                slip_arch_writeb
 .text          0x0000000000012106       0xb1 obj_cooja/mtype882.a(vib-sensor.o)
 .text          0x00000000000121b7       0x34 obj_cooja/mtype882.a(clock.o)
                0x00000000000121b7                clock_init
                0x00000000000121bc                clock_time
                0x00000000000121c6                clock_seconds
                0x00000000000121dc                clock_delay
 .text          0x00000000000121eb      0x1ed obj_cooja/mtype882.a(log.o)
                0x00000000000121eb                simlog_char
                0x000000000001222d                simlog
                0x000000000001229a                log_message
                0x00000000000122c2                log_set_putchar_with_slip
                0x00000000000122cf                log_putchar
                0x0000000000012353                log_puts
                0x0000000000012377                log_printf
 .text          0x00000000000123d8      0x2c4 obj_cooja/mtype882.a(cfs-cooja.o)
                0x00000000000123d8                cfs_open
                0x0000000000012441                cfs_close
                0x000000000001244d                cfs_read
                0x00000000000124eb                cfs_write
                0x00000000000125c8                cfs_seek
                0x0000000000012650                cfs_remove
                0x0000000000012679                cfs_opendir
                0x0000000000012683                cfs_readdir
                0x000000000001268d                cfs_closedir
 .text          0x000000000001269c      0x69f obj_cooja/mtype882.a(cooja-radio.o)
                0x00000000000126c6                radio_set_channel
                0x00000000000126db                radio_set_txpower
                0x00000000000126fb                radio_signal_strength_last
                0x0000000000012705                radio_signal_strength_current
                0x000000000001270f                radio_LQI
 .text          0x0000000000012d3b       0xef obj_cooja/mtype882.a(eeprom.o)
                0x0000000000012d3b                eeprom_init
                0x0000000000012d40                eeprom_read
                0x0000000000012db0                eeprom_write
 .text          0x0000000000012e2a       0x28 obj_cooja/mtype882.a(random.o)
                0x0000000000012e2a                random_init
                0x0000000000012e45                random_rand
 .text          0x0000000000012e52      0x2a1 obj_cooja/mtype882.a(sensors.o)
                0x0000000000012e8d                sensors_first
                0x0000000000012e97                sensors_next
                0x0000000000012eb4                sensors_changed
                0x0000000000012ee3                sensors_find
 .text          0x00000000000130f3      0x134 obj_cooja/mtype882.a(leds.o)
                0x0000000000013144                leds_init
                0x0000000000013158                leds_blink
                0x0000000000013190                leds_get
                0x000000000001319d                leds_set
                0x00000000000131b7                leds_on
                0x00000000000131da                leds_off
                0x0000000000013204                leds_toggle
 .text          0x0000000000013227      0x432 obj_cooja/mtype882.a(dual_conf.o)
                0x0000000000013227                dual_radio_switch
                0x0000000000013267                dual_radio_change
                0x00000000000132a1                sending_in_LR
                0x00000000000132cc                dual_radio_received
                0x0000000000013304                radio_received_is_longrange
                0x000000000001331f                dual_radio_turn_on
                0x0000000000013342                dual_radio_turn_off
                0x00000000000135df                dio_broadcast
                0x0000000000013608                dis_broadcast
                0x0000000000013629                LSA_converge_broadcast
 .text          0x0000000000013659       0x8e obj_cooja/mtype882.a(autostart.o)
                0x0000000000013659                autostart_start
                0x00000000000136a4                autostart_exit
 .text          0x00000000000136e7      0x334 obj_cooja/mtype882.a(ctimer.o)
                0x00000000000137fe                ctimer_init
                0x000000000001382e                ctimer_set
                0x000000000001385f                ctimer_set_with_process
                0x00000000000138db                ctimer_reset
                0x000000000001392a                ctimer_restart
                0x0000000000013979                ctimer_stop
                0x00000000000139c4                ctimer_expired
 .text          0x0000000000013a1b      0x40b obj_cooja/mtype882.a(etimer.o)
                0x0000000000013c2e                etimer_request_poll
                0x0000000000013cb2                etimer_set
                0x0000000000013cd7                etimer_reset_with_new_interval
                0x0000000000013cfe                etimer_reset
                0x0000000000013d1c                etimer_restart
                0x0000000000013d3a                etimer_adjust
                0x0000000000013d56                etimer_expired
                0x0000000000013d69                etimer_expiration_time
                0x0000000000013d7b                etimer_start_time
                0x0000000000013d85                etimer_pending
                0x0000000000013d97                etimer_next_expiration_time
                0x0000000000013db1                etimer_stop
 .text          0x0000000000013e26      0x123 obj_cooja/mtype882.a(log_message.o)
                0x0000000000013e26                log_initialization
                0x0000000000013f28                log_finisher
 .text          0x0000000000013f49      0x560 obj_cooja/mtype882.a(process.o)
                0x0000000000013f49                process_alloc_event
                0x0000000000013f5e                process_start
                0x0000000000014147                process_exit
                0x0000000000014163                process_init
                0x0000000000014334                process_run
                0x0000000000014367                process_nevents
                0x0000000000014382                process_post
                0x000000000001442e                process_post_synch
                0x0000000000014466                process_poll
                0x0000000000014495                process_is_running
 .text          0x00000000000144a9       0xd3 obj_cooja/mtype882.a(residual.o)
                0x00000000000144a9                get_residual_energy
 .text          0x000000000001457c       0xba obj_cooja/mtype882.a(rtimer.o)
                0x000000000001457c                rtimer_init
                0x0000000000014589                rtimer_set
                0x00000000000145e0                rtimer_run_next
 .text          0x0000000000014636       0xa3 obj_cooja/mtype882.a(stimer.o)
                0x0000000000014636                stimer_set
                0x0000000000014651                stimer_reset
                0x0000000000014668                stimer_restart
                0x000000000001467a                stimer_expired
                0x00000000000146a1                stimer_remaining
                0x00000000000146c5                stimer_elapsed
 .text          0x00000000000146d9       0x91 obj_cooja/mtype882.a(timer.o)
                0x00000000000146d9                timer_set
                0x00000000000146f4                timer_reset
                0x000000000001470b                timer_restart
                0x000000000001471d                timer_expired
                0x0000000000014746                timer_remaining
 .text          0x000000000001476a      0x1fb obj_cooja/mtype882.a(serial-line.o)
                0x000000000001476a                serial_line_input_byte
                0x000000000001492d                serial_line_init
 .text          0x0000000000014965      0x244 obj_cooja/mtype882.a(list.o)
                0x0000000000014965                list_init
                0x0000000000014973                list_head
                0x000000000001497d                list_copy
                0x000000000001498c                list_tail
                0x00000000000149c2                list_add
                0x0000000000014a0b                list_push
                0x0000000000014a37                list_chop
                0x0000000000014aa1                list_pop
                0x0000000000014ac9                list_remove
                0x0000000000014b30                list_length
                0x0000000000014b5e                list_insert
                0x0000000000014b92                list_item_next
 .text          0x0000000000014ba9      0x155 obj_cooja/mtype882.a(ringbuf.o)
                0x0000000000014ba9                ringbuf_init
                0x0000000000014bda                ringbuf_put
                0x0000000000014c58                ringbuf_get
                0x0000000000014cc5                ringbuf_size
                0x0000000000014cd7                ringbuf_elements
 .text          0x0000000000014cfe     0x258b obj_cooja/mtype882.a(sicslowpan.o)
                0x0000000000015288                rime_sniffer_add
                0x0000000000015295                rime_sniffer_remove
                0x0000000000017228                sicslowpan_init
                0x000000000001727f                sicslowpan_get_last_rssi
 .text          0x0000000000017289      0x2dc obj_cooja/mtype882.a(uip-ds6-nbr.o)
                0x00000000000172a6                uip_ds6_neighbors_init
                0x00000000000172c3                uip_ds6_nbr_add
                0x0000000000017374                uip_ds6_nbr_rm
                0x00000000000173d1                uip_ds6_nbr_get_ipaddr
                0x00000000000173e6                uip_ds6_nbr_get_ll
                0x0000000000017402                uip_ds6_nbr_num
                0x0000000000017447                uip_ds6_nbr_lookup
                0x00000000000174ac                uip_ds6_nbr_ll_lookup
                0x00000000000174c8                uip_ds6_nbr_ipaddr_from_lladdr
                0x00000000000174ee                uip_ds6_nbr_lladdr_from_ipaddr
                0x000000000001751c                uip_ds6_link_neighbor_callback
 .text          0x0000000000017565      0x916 obj_cooja/mtype882.a(uip-ds6-route.o)
                0x00000000000175dc                uip_ds6_notification_add
                0x000000000001760d                uip_ds6_notification_rm
                0x0000000000017629                uip_ds6_route_init
                0x00000000000176b1                uip_ds6_route_nexthop
                0x00000000000176d9                uip_ds6_route_head
                0x00000000000176ee                uip_ds6_route_next
                0x0000000000017714                uip_ds6_route_is_nexthop
                0x0000000000017753                uip_ds6_route_num_routes
                0x000000000001775d                uip_ds6_route_lookup
                0x000000000001781f                uip_ds6_route_add
                0x0000000000017a53                uip_ds6_route_rm
                0x0000000000017be7                uip_ds6_route_rm_by_nexthop
                0x0000000000017c1f                uip_ds6_defrt_add
                0x0000000000017cd0                uip_ds6_defrt_rm
                0x0000000000017d4f                uip_ds6_defrt_lookup
                0x0000000000017da8                uip_ds6_defrt_choose
                0x0000000000017e13                uip_ds6_defrt_periodic
 .text          0x0000000000017e7b     0x12ad obj_cooja/mtype882.a(uip-ds6.o)
                0x0000000000017e7b                uip_ds6_init
                0x00000000000181d0                uip_ds6_periodic
                0x00000000000182a8                uip_ds6_list_loop
                0x000000000001834f                uip_ds6_prefix_add
                0x000000000001840d                uip_ds6_prefix_rm
                0x000000000001841f                uip_ds6_prefix_lookup
                0x0000000000018470                uip_ds6_is_addr_onlink
                0x00000000000184e4                uip_ds6_addr_add
                0x0000000000018612                uip_ds6_long_addr_add
                0x0000000000018740                uip_ds6_addr_rm
                0x00000000000187e0                uip_ds6_addr_lookup
                0x000000000001882b                uip_ds6_long_addr_lookup
                0x0000000000018876                uip_ds6_get_link_local
                0x00000000000188f5                uip_ds6_long_get_link_local
                0x0000000000018974                uip_ds6_get_global
                0x00000000000189f3                uip_ds6_long_get_global
                0x0000000000018a72                uip_ds6_maddr_add
                0x0000000000018ae4                uip_ds6_long_maddr_add
                0x0000000000018b56                uip_ds6_maddr_rm
                0x0000000000018b68                uip_ds6_maddr_lookup
                0x0000000000018bb3                uip_ds6_long_maddr_lookup
                0x0000000000018bfe                uip_ds6_aaddr_add
                0x0000000000018c70                uip_ds6_long_aaddr_add
                0x0000000000018ce2                uip_ds6_aaddr_rm
                0x0000000000018cf4                uip_ds6_aaddr_lookup
                0x0000000000018d3f                uip_ds6_long_aaddr_lookup
                0x0000000000018d8a                uip_ds6_select_src
                0x0000000000019013                uip_ds6_set_addr_iid
                0x000000000001904a                get_match_length
                0x00000000000190dc                uip_ds6_compute_reachable_time
 .text          0x0000000000019128     0x29f3 obj_cooja/mtype882.a(uip6.o)
                0x0000000000019128                uip_add32
                0x00000000000192c1                uip_chksum
                0x00000000000193af                uip_icmp6chksum
                0x00000000000193c3                uip_tcpchksum
                0x00000000000193d7                uip_udpchksum
                0x00000000000193eb                uip_init
                0x00000000000194bb                uip_connect
                0x000000000001966a                remove_ext_hdr
                0x000000000001973f                uip_udp_new
                0x000000000001989b                uip_unlisten
                0x00000000000198fb                uip_listen
                0x0000000000019bbd                uip_process
                0x000000000001ba0f                uip_htons
                0x000000000001ba31                uip_htonl
                0x000000000001ba71                uip_send
 .text          0x000000000001bb1b      0xb50 obj_cooja/mtype882.a(tcpip.o)
                0x000000000001bb1b                tcpip_output
                0x000000000001bb56                tcpip_set_outputfunc
                0x000000000001bbea                tcp_connect
                0x000000000001bc3f                tcp_unlisten
                0x000000000001bc9a                tcp_listen
                0x000000000001bcf3                tcp_attach
                0x000000000001bd18                udp_attach
                0x000000000001bd3d                udp_new
                0x000000000001bd8f                udp_broadcast_new
                0x000000000001c003                tcpip_input
                0x000000000001c037                tcpip_ipv6_output
                0x000000000001c4b1                tcpip_poll_udp
                0x000000000001c4d4                tcpip_poll_tcp
                0x000000000001c4f7                tcpip_uipcall
 .text          0x000000000001c66b      0x1c1 obj_cooja/mtype882.a(uip-debug.o)
                0x000000000001c66b                uip_debug_ipaddr_print
                0x000000000001c7cd                uip_debug_lladdr_print
 .text          0x000000000001c82c      0x141 obj_cooja/mtype882.a(uip-packetqueue)
                0x000000000001c858                uip_packetqueue_new
                0x000000000001c866                uip_packetqueue_alloc
                0x000000000001c8c6                uip_packetqueue_free
                0x000000000001c907                uip_packetqueue_buf
                0x000000000001c924                uip_packetqueue_buflen
                0x000000000001c945                uip_packetqueue_set_buflen
 .text          0x000000000001c96d      0x131 obj_cooja/mtype882.a(uip-udp-packet.)
                0x000000000001c96d                uip_udp_packet_send
                0x000000000001c9cd                uip_udp_packet_sendto
 .text          0x000000000001ca9e     0x26ab obj_cooja/mtype882.a(rpl-dag.o)
                0x000000000001ca9e                rpl_lr_in_child
                0x000000000001cb56                rpl_print_neighbor_list
                0x000000000001cbff                rpl_print_child_neighbor_list
                0x000000000001cc74                rpl_get_nbr
                0x000000000001ccce                rpl_get_nbr_child
                0x000000000001cd28                rpl_dag_init
                0x000000000001cd5a                rpl_get_parent
                0x000000000001cd7c                rpl_get_parent_rank
                0x000000000001cdaf                rpl_get_parent_link_metric
                0x000000000001cde2                rpl_get_parent_ipaddr
                0x000000000001ce0c                rpl_get_child_ipaddr
                0x000000000001d127                rpl_set_root
                0x000000000001d355                rpl_repair_root
                0x000000000001d591                rpl_set_prefix
                0x000000000001d690                rpl_set_default_route
                0x000000000001d71c                rpl_alloc_instance
                0x000000000001d7a4                rpl_alloc_dag
                0x000000000001d857                rpl_set_default_instance
                0x000000000001d864                rpl_get_default_instance
                0x000000000001d86e                rpl_free_instance
                0x000000000001d90f                rpl_free_dag
                0x000000000001d975                rpl_add_parent
                0x000000000001da5e                rpl_find_parent
                0x000000000001da8e                rpl_add_child
                0x000000000001db32                rpl_find_child
                0x000000000001db80                rpl_find_parent_any_dag
                0x000000000001dbbc                rpl_select_dag
                0x000000000001dff2                rpl_select_parent
                0x000000000001e054                rpl_remove_parent
                0x000000000001e08a                rpl_remove_child
                0x000000000001e0a6                rpl_nullify_parent
                0x000000000001e144                rpl_move_parent
                0x000000000001e1e1                rpl_has_downward_route
                0x000000000001e234                rpl_get_any_dag
                0x000000000001e296                rpl_get_instance
                0x000000000001e2f9                rpl_find_of
                0x000000000001e336                rpl_join_instance
                0x000000000001e5d2                rpl_add_dag
                0x000000000001e9c1                rpl_local_repair
                0x000000000001ea9a                rpl_recalculate_ranks
                0x000000000001eb20                rpl_process_parent_event
                0x000000000001ebd2                rpl_process_dio
 .text          0x000000000001f149      0xe0b obj_cooja/mtype882.a(rpl-ext-header.)
                0x000000000001f166                rpl_verify_header
                0x000000000001f6e3                rpl_update_header_empty
                0x000000000001fa96                rpl_update_header_final
                0x000000000001fc49                rpl_remove_header
                0x000000000001fd78                rpl_invert_header
                0x000000000001ff32                rpl_insert_header
 .text          0x000000000001ff54     0x24ea obj_cooja/mtype882.a(rpl-icmp6.o)
                0x000000000002021d                rpl_icmp6_update_nbr_table
                0x000000000002030d                dis_output
                0x0000000000020c45                dio_output
                0x00000000000214b0                LSA_converge_output
                0x0000000000021f9d                dao_output
                0x0000000000022065                dao_output_target
                0x00000000000223e6                dao_ack_output
                0x00000000000223fa                rpl_icmp6_register_handlers
 .text          0x000000000002243e      0x3dc obj_cooja/mtype882.a(rpl-ltmax.o)
 .text          0x000000000002281a      0x84f obj_cooja/mtype882.a(rpl-timers.o)
                0x000000000002281a                rpl_LSA_convergence_timer
                0x0000000000022913                rpl_reset_LSA_convergence_timer
                0x0000000000022cb4                rpl_reset_periodic_timer
                0x0000000000022d09                rpl_reset_dio_timer
                0x0000000000022fa1                rpl_schedule_dao
                0x0000000000022fbc                rpl_schedule_dao_immediately
                0x0000000000022fd7                rpl_cancel_dao
                0x0000000000023039                rpl_schedule_unicast_dio_immediately
 .text          0x0000000000023069      0x5dc obj_cooja/mtype882.a(rpl.o)
                0x0000000000023069                rpl_get_mode
                0x0000000000023073                rpl_set_mode
                0x0000000000023101                rpl_purge_routes
                0x00000000000231fb                rpl_remove_routes
                0x0000000000023241                rpl_remove_routes_by_nexthop
                0x00000000000232ad                rpl_add_route
                0x0000000000023328                rpl_link_neighbor_callback
                0x000000000002342d                rpl_ipv6_neighbor_callback
                0x000000000002349c                rpl_purge_dags
                0x00000000000235a8                rpl_init
 .text          0x0000000000023645      0xa41 obj_cooja/mtype882.a(csma.o)
 .text          0x0000000000024086      0x3f5 obj_cooja/mtype882.a(framer-802154.o)
 .text          0x000000000002447b       0x3c obj_cooja/mtype882.a(mac.o)
                0x000000000002447b                mac_call_sent_callback
 .text          0x00000000000244b7     0x102c obj_cooja/mtype882.a(cxmac.o)
                0x0000000000025417                cxmac_set_announcement_radio_txpower
                0x000000000002541c                cxmac_init
 .text          0x00000000000254e3       0x82 obj_cooja/mtype882.a(linkaddr.o)
                0x00000000000254e3                linkaddr_copy
                0x0000000000025505                linkaddr_cmp
                0x000000000002552f                linkaddr_set_node_addr
                0x000000000002554a                linkaddr_set_node_long_addr
 .text          0x0000000000025565      0x915 obj_cooja/mtype882.a(nbr-table.o)
                0x0000000000025565                long_ip_from_lladdr_map
                0x00000000000255ee                lladdr_map_add_lr
                0x00000000000256ab                lladdr_map_rm_lr
                0x0000000000025b70                nbr_table_register
                0x0000000000025bb8                nbr_table_head
                0x0000000000025c14                nbr_table_next
                0x0000000000025c7b                nbr_table_add_lladdr
                0x0000000000025d57                nbr_table_get_from_lladdr
                0x0000000000025da4                nbr_table_remove
                0x0000000000025df6                nbr_table_lock
                0x0000000000025e20                nbr_table_unlock
                0x0000000000025e4a                nbr_table_get_lladdr
 .text          0x0000000000025e7a       0x2b obj_cooja/mtype882.a(netstack.o)
                0x0000000000025e7a                netstack_init
 .text          0x0000000000025ea5      0x3cd obj_cooja/mtype882.a(packetbuf.o)
                0x0000000000025ea5                packetbuf_clear
                0x0000000000025ecf                packetbuf_copyfrom
                0x0000000000025f21                packetbuf_compact
                0x0000000000025f9e                packetbuf_copyto
                0x0000000000026035                packetbuf_hdralloc
                0x00000000000260b2                packetbuf_hdrreduce
                0x00000000000260fa                packetbuf_set_datalen
                0x0000000000026113                packetbuf_dataptr
                0x0000000000026130                packetbuf_hdrptr
                0x000000000002613a                packetbuf_datalen
                0x0000000000026146                packetbuf_hdrlen
                0x000000000002615d                packetbuf_totlen
                0x0000000000026173                packetbuf_attr_clear
                0x00000000000261c5                packetbuf_attr_copyto
                0x000000000002620e                packetbuf_attr_copyfrom
                0x0000000000026256                packetbuf_holds_broadcast
 .text          0x0000000000026272      0x2b4 obj_cooja/mtype882.a(queuebuf.o)
                0x000000000002627c                queuebuf_init
                0x000000000002629c                queuebuf_numfree
                0x00000000000262b0                queuebuf_new_from_packetbuf
                0x0000000000026340                queuebuf_update_attr_from_packetbuf
                0x0000000000026373                queuebuf_update_from_packetbuf
                0x00000000000263bd                queuebuf_free
                0x0000000000026404                queuebuf_to_packetbuf
                0x000000000002646a                queuebuf_dataptr
                0x00000000000264a1                queuebuf_datalen
                0x00000000000264c4                queuebuf_addr
                0x00000000000264f6                queuebuf_attr
                0x0000000000026521                queuebuf_debug_print
 .text          0x0000000000026526       0x6e obj_cooja/mtype882.a(nullsec.o)
 .text          0x0000000000026594       0x19 obj_cooja/mtype882.a(watchdog.o)
                0x0000000000026594                watchdog_init
                0x0000000000026599                watchdog_start
                0x000000000002659e                watchdog_periodic
                0x00000000000265a3                watchdog_stop
                0x00000000000265a8                watchdog_reboot
 .text          0x00000000000265ad        0x0 obj_cooja/mtype882.a(rimestats.o)
 .text          0x00000000000265ad      0x1c1 obj_cooja/mtype882.a(memb.o)
                0x00000000000265ad                memb_init
                0x000000000002660b                memb_alloc
                0x0000000000026670                memb_free
                0x00000000000266eb                memb_inmemb
                0x000000000002672a                memb_numfree
 .text          0x000000000002676e      0xabf obj_cooja/mtype882.a(uip-icmp6.o)
                0x00000000000267dc                uip_icmp6_input
                0x0000000000026832                uip_icmp6_register_input_handler
                0x0000000000026afa                uip_icmp6_error_output
                0x0000000000026e3f                uip_icmp6_send
                0x00000000000271c0                uip_icmp6_echo_reply_callback_add
                0x00000000000271f1                uip_icmp6_echo_reply_callback_rm
                0x000000000002720d                uip_icmp6_init
 .text          0x000000000002722d      0x358 obj_cooja/mtype882.a(uip-nd6.o)
                0x0000000000027281                uip_nd6_ns_output
                0x0000000000027580                uip_nd6_init
 .text          0x0000000000027585      0x331 obj_cooja/mtype882.a(rpl-nbr-policy.)
                0x000000000002775d                find_removable_dis
                0x0000000000027780                find_removable_dio
                0x000000000002780f                find_removable_dao
                0x000000000002785f                rpl_nbr_policy_find_removable
 .text          0x00000000000278b6      0x97c obj_cooja/mtype882.a(frame802154.o)
                0x00000000000278e7                frame802154_get_pan_id
                0x00000000000278f3                frame802154_set_pan_id
                0x000000000002790c                frame802154_has_panid
                0x00000000000279f8                frame802154_check_dest_panid
                0x0000000000027a60                frame802154_is_broadcast_addr
                0x0000000000027aad                frame802154_extract_linkaddr
                0x0000000000027ced                frame802154_hdrlen
                0x0000000000027d3e                frame802154_create
                0x0000000000027f29                frame802154_parse
 .text          0x0000000000028232        0x0 /usr/lib/gcc/i686-linux-gnu/4.8/crtendS.o
 .text          0x0000000000028232        0x0 /usr/lib/gcc/i686-linux-gnu/4.8/../../../i386-linux-gnu/crtn.o
 *(.gnu.warning)

.fini           0x0000000000028234       0x14
 *(SORT(.fini))
 .fini          0x0000000000028234        0xf /usr/lib/gcc/i686-linux-gnu/4.8/../../../i386-linux-gnu/crti.o
                0x0000000000028234                _fini
 .fini          0x0000000000028243        0x5 /usr/lib/gcc/i686-linux-gnu/4.8/../../../i386-linux-gnu/crtn.o
                0x0000000000028248                PROVIDE (__etext, .)
                0x0000000000028248                PROVIDE (_etext, .)
                0x0000000000028248                PROVIDE (etext, .)

.rodata         0x0000000000028260     0x1400
 *(.rodata .rodata.* .gnu.linkonce.r.*)
 .rodata        0x0000000000028260      0x33e udp-client.co
                0x0000000000028274                autostart_processes
 *fill*         0x000000000002859e        0x2 
 .rodata        0x00000000000285a0      0x1e6 obj_cooja/mtype882.o
 *fill*         0x0000000000028786        0x2 
 .rodata        0x0000000000028788        0x8 obj_cooja/mtype882.a(beep.o)
                0x0000000000028788                beep_interface
 .rodata        0x0000000000028790       0x20 obj_cooja/mtype882.a(button-sensor.o)
                0x0000000000028790                button_interface
                0x00000000000287a0                button_sensor
 .rodata        0x00000000000287b0        0x8 obj_cooja/mtype882.a(leds-arch.o)
                0x00000000000287b0                leds_interface
 .rodata        0x00000000000287b8        0x8 obj_cooja/mtype882.a(moteid.o)
                0x00000000000287b8                moteid_interface
 .rodata        0x00000000000287c0       0x1c obj_cooja/mtype882.a(pir-sensor.o)
                0x00000000000287c0                pir_interface
                0x00000000000287cc                pir_sensor
 .rodata        0x00000000000287dc        0xe obj_cooja/mtype882.a(rs232.o)
                0x00000000000287dc                rs232_interface
 *fill*         0x00000000000287ea        0x2 
 .rodata        0x00000000000287ec       0x24 obj_cooja/mtype882.a(vib-sensor.o)
                0x00000000000287ec                vib_interface
                0x0000000000028800                vib_sensor
 .rodata        0x0000000000028810        0x8 obj_cooja/mtype882.a(clock.o)
                0x0000000000028810                clock_interface
 .rodata        0x0000000000028818        0x8 obj_cooja/mtype882.a(log.o)
                0x0000000000028818                simlog_interface
 .rodata        0x0000000000028820       0x2f obj_cooja/mtype882.a(cfs-cooja.o)
                0x0000000000028820                cfs_interface
 *fill*         0x000000000002884f       0x11 
 .rodata        0x0000000000028860       0x60 obj_cooja/mtype882.a(cooja-radio.o)
                0x0000000000028880                cooja_radio_driver
                0x00000000000288b8                radio_interface
 .rodata        0x00000000000288c0        0x8 obj_cooja/mtype882.a(eeprom.o)
                0x00000000000288c0                eeprom_interface
 .rodata        0x00000000000288c8        0x8 obj_cooja/mtype882.a(sensors.o)
 .rodata        0x00000000000288d0       0x33 obj_cooja/mtype882.a(dual_conf.o)
 .rodata        0x0000000000028903        0xf obj_cooja/mtype882.a(ctimer.o)
 .rodata        0x0000000000028912        0xc obj_cooja/mtype882.a(etimer.o)
 *fill*         0x000000000002891e        0x2 
 .rodata        0x0000000000028920       0x73 obj_cooja/mtype882.a(log_message.o)
 *fill*         0x0000000000028993        0x1 
 .rodata        0x0000000000028994       0x20 obj_cooja/mtype882.a(residual.o)
 .rodata        0x00000000000289b4        0xe obj_cooja/mtype882.a(serial-line.o)
 *fill*         0x00000000000289c2        0x2 
 .rodata        0x00000000000289c4       0x2c obj_cooja/mtype882.a(sicslowpan.o)
                0x00000000000289c4                unc_llconf
                0x00000000000289c8                unc_ctxconf
                0x00000000000289cc                unc_mxconf
                0x00000000000289d0                llprefix
                0x00000000000289e4                sicslowpan_driver
 .rodata        0x00000000000289f0      0x13c obj_cooja/mtype882.a(uip6.o)
 .rodata        0x0000000000028b2c       0x49 obj_cooja/mtype882.a(tcpip.o)
 .rodata        0x0000000000028b75       0x3e obj_cooja/mtype882.a(uip-debug.o)
 *fill*         0x0000000000028bb3        0x1 
 .rodata        0x0000000000028bb4        0x4 obj_cooja/mtype882.a(rpl-dag.o)
 .rodata        0x0000000000028bb8      0x4a0 obj_cooja/mtype882.a(rpl-ext-header.)
 .rodata        0x0000000000029058       0x1c obj_cooja/mtype882.a(rpl-icmp6.o)
 .rodata        0x0000000000029074      0x2c2 obj_cooja/mtype882.a(rpl-timers.o)
 *fill*         0x0000000000029336        0x2 
 .rodata        0x0000000000029338      0x288 obj_cooja/mtype882.a(csma.o)
                0x00000000000295a4                csma_driver
 .rodata        0x00000000000295c0        0xc obj_cooja/mtype882.a(framer-802154.o)
                0x00000000000295c0                framer_802154
 *fill*         0x00000000000295cc       0x14 
 .rodata        0x00000000000295e0       0x60 obj_cooja/mtype882.a(cxmac.o)
                0x0000000000029620                cxmac_driver
 .rodata        0x0000000000029640        0x8 obj_cooja/mtype882.a(linkaddr.o)
                0x0000000000029640                linkaddr_null
 .rodata        0x0000000000029648       0x18 obj_cooja/mtype882.a(nullsec.o)
                0x0000000000029650                nullsec_driver

.rodata1
 *(.rodata1)

.eh_frame_hdr   0x0000000000029660     0x1454
 *(.eh_frame_hdr)
 .eh_frame_hdr  0x0000000000029660     0x1454 udp-client.co

.eh_frame       0x000000000002aab4     0x52c0
 *(.eh_frame)
 .eh_frame      0x000000000002aab4       0x3c /usr/lib/gcc/i686-linux-gnu/4.8/../../../i386-linux-gnu/crti.o
                                         0x40 (size before relaxing)
 .eh_frame      0x000000000002aaf0       0xb4 udp-client.co
                                         0xcc (size before relaxing)
 .eh_frame      0x000000000002aba4      0x148 obj_cooja/mtype882.o
                                        0x160 (size before relaxing)
 .eh_frame      0x000000000002acec       0x40 obj_cooja/mtype882.a(simEnvChange.o)
                                         0x58 (size before relaxing)
 .eh_frame      0x000000000002ad2c       0xc0 obj_cooja/mtype882.a(cooja_mt.o)
                                         0xd8 (size before relaxing)
 .eh_frame      0x000000000002adec      0x120 obj_cooja/mtype882.a(cooja_mtarch.o)
                                        0x138 (size before relaxing)
 .eh_frame      0x000000000002af0c       0xc0 obj_cooja/mtype882.a(rtimer-arch.o)
                                         0xd8 (size before relaxing)
 .eh_frame      0x000000000002afcc      0x160 obj_cooja/mtype882.a(beep.o)
                                        0x178 (size before relaxing)
 .eh_frame      0x000000000002b12c       0xa0 obj_cooja/mtype882.a(button-sensor.o)
                                         0xb8 (size before relaxing)
 .eh_frame      0x000000000002b1cc       0xa0 obj_cooja/mtype882.a(leds-arch.o)
                                         0xb8 (size before relaxing)
 .eh_frame      0x000000000002b26c       0x40 obj_cooja/mtype882.a(moteid.o)
                                         0x58 (size before relaxing)
 .eh_frame      0x000000000002b2ac       0xa0 obj_cooja/mtype882.a(pir-sensor.o)
                                         0xb8 (size before relaxing)
 .eh_frame      0x000000000002b34c      0x100 obj_cooja/mtype882.a(rs232.o)
                                        0x118 (size before relaxing)
 .eh_frame      0x000000000002b44c       0xa0 obj_cooja/mtype882.a(vib-sensor.o)
                                         0xb8 (size before relaxing)
 .eh_frame      0x000000000002b4ec       0xc0 obj_cooja/mtype882.a(clock.o)
                                         0xd8 (size before relaxing)
 .eh_frame      0x000000000002b5ac      0x120 obj_cooja/mtype882.a(log.o)
                                        0x138 (size before relaxing)
 .eh_frame      0x000000000002b6cc      0x160 obj_cooja/mtype882.a(cfs-cooja.o)
                                        0x178 (size before relaxing)
 .eh_frame      0x000000000002b82c      0x2e0 obj_cooja/mtype882.a(cooja-radio.o)
                                        0x2f8 (size before relaxing)
 .eh_frame      0x000000000002bb0c       0xa0 obj_cooja/mtype882.a(eeprom.o)
                                         0xb8 (size before relaxing)
 .eh_frame      0x000000000002bbac       0x40 obj_cooja/mtype882.a(random.o)
                                         0x58 (size before relaxing)
 .eh_frame      0x000000000002bbec       0xc0 obj_cooja/mtype882.a(sensors.o)
                                         0xd8 (size before relaxing)
 .eh_frame      0x000000000002bcac      0x100 obj_cooja/mtype882.a(leds.o)
                                        0x118 (size before relaxing)
 .eh_frame      0x000000000002bdac      0x1a0 obj_cooja/mtype882.a(dual_conf.o)
                                        0x1b8 (size before relaxing)
 .eh_frame      0x000000000002bf4c       0x40 obj_cooja/mtype882.a(autostart.o)
                                         0x58 (size before relaxing)
 .eh_frame      0x000000000002bf8c      0x100 obj_cooja/mtype882.a(ctimer.o)
                                        0x118 (size before relaxing)
 .eh_frame      0x000000000002c08c      0x1e0 obj_cooja/mtype882.a(etimer.o)
                                        0x1f8 (size before relaxing)
 .eh_frame      0x000000000002c26c       0x40 obj_cooja/mtype882.a(log_message.o)
                                         0x58 (size before relaxing)
 .eh_frame      0x000000000002c2ac      0x1c8 obj_cooja/mtype882.a(process.o)
                                        0x1e0 (size before relaxing)
 .eh_frame      0x000000000002c474       0x2c obj_cooja/mtype882.a(residual.o)
                                         0x44 (size before relaxing)
 .eh_frame      0x000000000002c4a0       0x60 obj_cooja/mtype882.a(rtimer.o)
                                         0x78 (size before relaxing)
 .eh_frame      0x000000000002c500       0xc4 obj_cooja/mtype882.a(stimer.o)
                                         0xdc (size before relaxing)
 .eh_frame      0x000000000002c5c4       0xa4 obj_cooja/mtype882.a(timer.o)
                                         0xbc (size before relaxing)
 .eh_frame      0x000000000002c668       0x60 obj_cooja/mtype882.a(serial-line.o)
                                         0x78 (size before relaxing)
 .eh_frame      0x000000000002c6c8      0x180 obj_cooja/mtype882.a(list.o)
                                        0x198 (size before relaxing)
 .eh_frame      0x000000000002c848       0xa0 obj_cooja/mtype882.a(ringbuf.o)
                                         0xb8 (size before relaxing)
 .eh_frame      0x000000000002c8e8      0x350 obj_cooja/mtype882.a(sicslowpan.o)
                                        0x368 (size before relaxing)
 .eh_frame      0x000000000002cc38      0x180 obj_cooja/mtype882.a(uip-ds6-nbr.o)
                                        0x198 (size before relaxing)
 .eh_frame      0x000000000002cdb8      0x2a0 obj_cooja/mtype882.a(uip-ds6-route.o)
                                        0x2b8 (size before relaxing)
 .eh_frame      0x000000000002d058      0x3c8 obj_cooja/mtype882.a(uip-ds6.o)
                                        0x3e0 (size before relaxing)
 .eh_frame      0x000000000002d420      0x27c obj_cooja/mtype882.a(uip6.o)
                                        0x294 (size before relaxing)
 .eh_frame      0x000000000002d69c      0x270 obj_cooja/mtype882.a(tcpip.o)
                                        0x288 (size before relaxing)
 .eh_frame      0x000000000002d90c       0x48 obj_cooja/mtype882.a(uip-debug.o)
                                         0x60 (size before relaxing)
 .eh_frame      0x000000000002d954       0xe0 obj_cooja/mtype882.a(uip-packetqueue)
                                         0xf8 (size before relaxing)
 .eh_frame      0x000000000002da34       0x40 obj_cooja/mtype882.a(uip-udp-packet.)
                                         0x58 (size before relaxing)
 .eh_frame      0x000000000002da74      0x76c obj_cooja/mtype882.a(rpl-dag.o)
                                        0x784 (size before relaxing)
 .eh_frame      0x000000000002e1e0      0x114 obj_cooja/mtype882.a(rpl-ext-header.)
                                        0x12c (size before relaxing)
 .eh_frame      0x000000000002e2f4      0x2f8 obj_cooja/mtype882.a(rpl-icmp6.o)
                                        0x310 (size before relaxing)
 .eh_frame      0x000000000002e5ec       0xe0 obj_cooja/mtype882.a(rpl-ltmax.o)
                                         0xf8 (size before relaxing)
 .eh_frame      0x000000000002e6cc      0x20c obj_cooja/mtype882.a(rpl-timers.o)
                                        0x224 (size before relaxing)
 .eh_frame      0x000000000002e8d8      0x148 obj_cooja/mtype882.a(rpl.o)
                                        0x160 (size before relaxing)
 .eh_frame      0x000000000002ea20      0x298 obj_cooja/mtype882.a(csma.o)
                                        0x2b0 (size before relaxing)
 .eh_frame      0x000000000002ecb8      0x108 obj_cooja/mtype882.a(framer-802154.o)
                                        0x120 (size before relaxing)
 .eh_frame      0x000000000002edc0       0x20 obj_cooja/mtype882.a(mac.o)
                                         0x38 (size before relaxing)
 .eh_frame      0x000000000002ede0      0x2bc obj_cooja/mtype882.a(cxmac.o)
                                        0x2d4 (size before relaxing)
 .eh_frame      0x000000000002f09c       0x80 obj_cooja/mtype882.a(linkaddr.o)
                                         0x98 (size before relaxing)
 .eh_frame      0x000000000002f11c      0x2cc obj_cooja/mtype882.a(nbr-table.o)
                                        0x2e4 (size before relaxing)
 .eh_frame      0x000000000002f3e8       0x20 obj_cooja/mtype882.a(netstack.o)
                                         0x38 (size before relaxing)
 .eh_frame      0x000000000002f408      0x214 obj_cooja/mtype882.a(packetbuf.o)
                                        0x22c (size before relaxing)
 .eh_frame      0x000000000002f61c      0x1a0 obj_cooja/mtype882.a(queuebuf.o)
                                        0x1b8 (size before relaxing)
 .eh_frame      0x000000000002f7bc       0x80 obj_cooja/mtype882.a(nullsec.o)
                                         0x98 (size before relaxing)
 .eh_frame      0x000000000002f83c       0xa0 obj_cooja/mtype882.a(watchdog.o)
                                         0xb8 (size before relaxing)
 .eh_frame      0x000000000002f8dc       0xa0 obj_cooja/mtype882.a(memb.o)
                                         0xb8 (size before relaxing)
 .eh_frame      0x000000000002f97c      0x168 obj_cooja/mtype882.a(uip-icmp6.o)
                                        0x180 (size before relaxing)
 .eh_frame      0x000000000002fae4       0x68 obj_cooja/mtype882.a(uip-nd6.o)
                                         0x80 (size before relaxing)
 .eh_frame      0x000000000002fb4c       0xc0 obj_cooja/mtype882.a(rpl-nbr-policy.)
                                         0xd8 (size before relaxing)
 .eh_frame      0x000000000002fc0c      0x164 obj_cooja/mtype882.a(frame802154.o)
                                        0x17c (size before relaxing)
 .eh_frame      0x000000000002fd70        0x4 /usr/lib/gcc/i686-linux-gnu/4.8/crtendS.o

.gcc_except_table
 *(.gcc_except_table .gcc_except_table.*)

.exception_ranges
 *(.exception_ranges .exception_ranges*)
                0x000000000002fd74                . = (ALIGN (0x1000) - ((0x1000 - .) & 0xfff))
                0x0000000000030ef8                . = DATA_SEGMENT_ALIGN (0x1000, 0x1000)

.eh_frame
 *(.eh_frame)

.gcc_except_table
 *(.gcc_except_table .gcc_except_table.*)

.exception_ranges
 *(.exception_ranges .exception_ranges*)

.tdata
 *(.tdata .tdata.* .gnu.linkonce.td.*)

.tbss
 *(.tbss .tbss.* .gnu.linkonce.tb.*)
 *(.tcommon)

.preinit_array
 *(.preinit_array)

.init_array     0x0000000000030ef8        0x4
 *(SORT(.init_array.*) SORT(.ctors.*))
 *(.init_array EXCLUDE_FILE(*crtend?.o *crtend.o *crtbegin?.o *crtbegin.o) .ctors)
 .init_array    0x0000000000030ef8        0x4 /usr/lib/gcc/i686-linux-gnu/4.8/crtbeginS.o

.fini_array     0x0000000000030efc        0x4
 *(SORT(.fini_array.*) SORT(.dtors.*))
 *(.fini_array EXCLUDE_FILE(*crtend?.o *crtend.o *crtbegin?.o *crtbegin.o) .dtors)
 .fini_array    0x0000000000030efc        0x4 /usr/lib/gcc/i686-linux-gnu/4.8/crtbeginS.o

.ctors
 *crtbegin.o(.ctors)
 *crtbegin?.o(.ctors)
 *(EXCLUDE_FILE(*crtend?.o *crtend.o) .ctors)
 *(SORT(.ctors.*))
 *(.ctors)

.dtors
 *crtbegin.o(.dtors)
 *crtbegin?.o(.dtors)
 *(EXCLUDE_FILE(*crtend?.o *crtend.o) .dtors)
 *(SORT(.dtors.*))
 *(.dtors)

.jcr            0x0000000000030f00        0x4
 *(.jcr)
 .jcr           0x0000000000030f00        0x0 /usr/lib/gcc/i686-linux-gnu/4.8/crtbeginS.o
 .jcr           0x0000000000030f00        0x4 /usr/lib/gcc/i686-linux-gnu/4.8/crtendS.o

.data.rel.ro
 *(.data.rel.ro.local* .gnu.linkonce.d.rel.ro.local.*)
 *(.data.rel.ro .data.rel.ro.* .gnu.linkonce.d.rel.ro.*)

.dynamic        0x0000000000030f04       0xe8
 *(.dynamic)
 .dynamic       0x0000000000030f04       0xe8 /usr/lib/gcc/i686-linux-gnu/4.8/../../../i386-linux-gnu/crti.o
                0x0000000000030f04                _DYNAMIC

.got            0x0000000000030fec       0x14
 *(.got)
 .got           0x0000000000030fec       0x14 /usr/lib/gcc/i686-linux-gnu/4.8/../../../i386-linux-gnu/crti.o
 *(.igot)
                0x0000000000031ff4                . = DATA_SEGMENT_RELRO_END (., (SIZEOF (.got.plt) >= 0xc)?0xc:0x0)

.got.plt        0x0000000000031000       0x14
 *(.got.plt)
 .got.plt       0x0000000000031000       0x14 /usr/lib/gcc/i686-linux-gnu/4.8/../../../i386-linux-gnu/crti.o
                0x0000000000031000                _GLOBAL_OFFSET_TABLE_
 *(.igot.plt)

.data           0x0000000000031020      0x2c2
 *(.data .data.* .gnu.linkonce.d.*)
 .data          0x0000000000031020        0x0 /usr/lib/gcc/i686-linux-gnu/4.8/../../../i386-linux-gnu/crti.o
 .data          0x0000000000031020        0x0 /usr/lib/gcc/i686-linux-gnu/4.8/crtbeginS.o
 .data.rel      0x0000000000031020        0x4 /usr/lib/gcc/i686-linux-gnu/4.8/crtbeginS.o
                0x0000000000031020                __dso_handle
 .data          0x0000000000031024       0x10 udp-client.co
                0x0000000000031024                udp_client_process
 *fill*         0x0000000000031034        0xc 
 .data          0x0000000000031040       0x44 obj_cooja/mtype882.o
                0x0000000000031040                simInterfaces
                0x0000000000031074                sensors
 .data          0x0000000000031084        0x0 obj_cooja/mtype882.a(simEnvChange.o)
 .data          0x0000000000031084        0x0 obj_cooja/mtype882.a(cooja_mt.o)
 .data          0x0000000000031084        0x0 obj_cooja/mtype882.a(cooja_mtarch.o)
 .data          0x0000000000031084        0x0 obj_cooja/mtype882.a(rtimer-arch.o)
 .data          0x0000000000031084        0x0 obj_cooja/mtype882.a(beep.o)
 .data          0x0000000000031084        0x0 obj_cooja/mtype882.a(button-sensor.o)
 .data          0x0000000000031084        0x0 obj_cooja/mtype882.a(leds-arch.o)
 .data          0x0000000000031084        0x0 obj_cooja/mtype882.a(moteid.o)
 .data          0x0000000000031084        0x0 obj_cooja/mtype882.a(pir-sensor.o)
 .data          0x0000000000031084        0x0 obj_cooja/mtype882.a(rs232.o)
 .data          0x0000000000031084        0x0 obj_cooja/mtype882.a(vib-sensor.o)
 .data          0x0000000000031084        0x0 obj_cooja/mtype882.a(clock.o)
 .data          0x0000000000031084        0x0 obj_cooja/mtype882.a(log.o)
 .data          0x0000000000031084        0x0 obj_cooja/mtype882.a(cfs-cooja.o)
 .data          0x0000000000031084       0x40 obj_cooja/mtype882.a(cooja-radio.o)
                0x0000000000031084                simRadioChannelLR
                0x0000000000031088                simRadioHWOnLR
                0x000000000003108c                simSignalStrengthLR
                0x0000000000031090                simLastSignalStrengthLR
                0x0000000000031094                simPowerLR
                0x0000000000031098                simLQILR
                0x000000000003109c                simRadioChannel
                0x00000000000310a0                simRadioHWOn
                0x00000000000310a4                simSignalStrength
                0x00000000000310a8                simLastSignalStrength
                0x00000000000310ac                simPower
                0x00000000000310b0                simLQI
                0x00000000000310b4                cooja_radio_process
 .data          0x00000000000310c4        0x0 obj_cooja/mtype882.a(eeprom.o)
 .data          0x00000000000310c4        0x0 obj_cooja/mtype882.a(random.o)
 .data          0x00000000000310c4       0x10 obj_cooja/mtype882.a(sensors.o)
                0x00000000000310c4                sensors_process
 .data          0x00000000000310d4        0x0 obj_cooja/mtype882.a(leds.o)
 .data          0x00000000000310d4       0x3a obj_cooja/mtype882.a(dual_conf.o)
                0x00000000000310d4                radio_received
                0x00000000000310d8                dual_dio_broadcast
                0x00000000000310e8                dual_dis_broadcast
                0x00000000000310f8                dual_LSA_converge_broadcast
 .data          0x000000000003110e        0x0 obj_cooja/mtype882.a(autostart.o)
 *fill*         0x000000000003110e        0x2 
 .data          0x0000000000031110       0x14 obj_cooja/mtype882.a(ctimer.o)
                0x0000000000031114                ctimer_process
 .data          0x0000000000031124       0x10 obj_cooja/mtype882.a(etimer.o)
                0x0000000000031124                etimer_process
 .data          0x0000000000031134        0x0 obj_cooja/mtype882.a(log_message.o)
 .data          0x0000000000031134        0x0 obj_cooja/mtype882.a(process.o)
 .data          0x0000000000031134        0x0 obj_cooja/mtype882.a(residual.o)
 .data          0x0000000000031134        0x0 obj_cooja/mtype882.a(rtimer.o)
 .data          0x0000000000031134        0x0 obj_cooja/mtype882.a(stimer.o)
 .data          0x0000000000031134        0x0 obj_cooja/mtype882.a(timer.o)
 .data          0x0000000000031134       0x10 obj_cooja/mtype882.a(serial-line.o)
                0x0000000000031134                serial_line_process
 .data          0x0000000000031144        0x0 obj_cooja/mtype882.a(list.o)
 .data          0x0000000000031144        0x0 obj_cooja/mtype882.a(ringbuf.o)
 .data          0x0000000000031144        0x0 obj_cooja/mtype882.a(sicslowpan.o)
 .data          0x0000000000031144       0x14 obj_cooja/mtype882.a(uip-ds6-nbr.o)
                0x0000000000031154                ds6_neighbors
 .data          0x0000000000031158       0x44 obj_cooja/mtype882.a(uip-ds6-route.o)
                0x0000000000031168                nbr_routes
 .data          0x000000000003119c        0x0 obj_cooja/mtype882.a(uip-ds6.o)
 .data          0x000000000003119c        0x0 obj_cooja/mtype882.a(uip6.o)
 .data          0x000000000003119c       0x10 obj_cooja/mtype882.a(tcpip.o)
                0x000000000003119c                tcpip_process
 .data          0x00000000000311ac        0x0 obj_cooja/mtype882.a(uip-debug.o)
 .data          0x00000000000311ac        0xc obj_cooja/mtype882.a(uip-packetqueue)
 .data          0x00000000000311b8        0x0 obj_cooja/mtype882.a(uip-udp-packet.)
 .data          0x00000000000311b8       0x28 obj_cooja/mtype882.a(rpl-dag.o)
                0x00000000000311c8                rpl_parents
                0x00000000000311dc                rpl_children
 .data          0x00000000000311e0        0x0 obj_cooja/mtype882.a(rpl-ext-header.)
 .data          0x00000000000311e0       0x40 obj_cooja/mtype882.a(rpl-icmp6.o)
 .data          0x0000000000031220       0x1c obj_cooja/mtype882.a(rpl-ltmax.o)
                0x0000000000031220                rpl_ltmax_of
 .data          0x000000000003123c        0x0 obj_cooja/mtype882.a(rpl-timers.o)
 .data          0x000000000003123c        0x0 obj_cooja/mtype882.a(rpl.o)
 .data          0x000000000003123c       0x28 obj_cooja/mtype882.a(csma.o)
 .data          0x0000000000031264        0x0 obj_cooja/mtype882.a(framer-802154.o)
 .data          0x0000000000031264        0x0 obj_cooja/mtype882.a(mac.o)
 .data          0x0000000000031264       0x30 obj_cooja/mtype882.a(cxmac.o)
                0x0000000000031264                cxmac_config
                0x0000000000031274                strobe_wait
 .data          0x0000000000031294        0x0 obj_cooja/mtype882.a(linkaddr.o)
 .data          0x0000000000031294       0x10 obj_cooja/mtype882.a(nbr-table.o)
 .data          0x00000000000312a4        0x0 obj_cooja/mtype882.a(netstack.o)
 .data          0x00000000000312a4        0x4 obj_cooja/mtype882.a(packetbuf.o)
 .data          0x00000000000312a8       0x18 obj_cooja/mtype882.a(queuebuf.o)
 .data          0x00000000000312c0        0x0 obj_cooja/mtype882.a(nullsec.o)
 .data          0x00000000000312c0        0x0 obj_cooja/mtype882.a(watchdog.o)
 .data          0x00000000000312c0        0x0 obj_cooja/mtype882.a(rimestats.o)
 .data          0x00000000000312c0        0x0 obj_cooja/mtype882.a(memb.o)
 .data          0x00000000000312c0       0x20 obj_cooja/mtype882.a(uip-icmp6.o)
 .data          0x00000000000312e0        0x0 obj_cooja/mtype882.a(uip-nd6.o)
 .data          0x00000000000312e0        0x0 obj_cooja/mtype882.a(rpl-nbr-policy.)
 .data          0x00000000000312e0        0x2 obj_cooja/mtype882.a(frame802154.o)
 .data          0x00000000000312e2        0x0 /usr/lib/gcc/i686-linux-gnu/4.8/crtendS.o
 .data          0x00000000000312e2        0x0 /usr/lib/gcc/i686-linux-gnu/4.8/../../../i386-linux-gnu/crtn.o

.tm_clone_table
                0x00000000000312e4        0x0
 .tm_clone_table
                0x00000000000312e4        0x0 /usr/lib/gcc/i686-linux-gnu/4.8/crtbeginS.o
 .tm_clone_table
                0x00000000000312e4        0x0 /usr/lib/gcc/i686-linux-gnu/4.8/crtendS.o

.data1
 *(.data1)
                0x00000000000312e4                _edata = .
                0x00000000000312e4                PROVIDE (edata, .)
                0x00000000000312e4                . = .
                0x00000000000312e4                __bss_start = .

.bss            0x0000000000031300     0x8628
 *(.dynbss)
 .dynbss        0x0000000000000000        0x0 /usr/lib/gcc/i686-linux-gnu/4.8/../../../i386-linux-gnu/crti.o
 *(.bss .bss.* .gnu.linkonce.b.*)
 .bss           0x0000000000031300        0x0 /usr/lib/gcc/i686-linux-gnu/4.8/../../../i386-linux-gnu/crti.o
 .bss           0x0000000000031300        0x1 /usr/lib/gcc/i686-linux-gnu/4.8/crtbeginS.o
 *fill*         0x0000000000031301       0x1f 
 .bss           0x0000000000031320       0x60 udp-client.co
                0x0000000000031320                my_weight
 .bss           0x0000000000031380     0x2030 obj_cooja/mtype882.o
 .bss           0x00000000000333b0        0x1 obj_cooja/mtype882.a(simEnvChange.o)
                0x00000000000333b0                simDontFallAsleep
 *fill*         0x00000000000333b1        0x3 
 .bss           0x00000000000333b4        0x4 obj_cooja/mtype882.a(cooja_mt.o)
 .bss           0x00000000000333b8        0x4 obj_cooja/mtype882.a(cooja_mtarch.o)
 .bss           0x00000000000333bc        0xc obj_cooja/mtype882.a(rtimer-arch.o)
 .bss           0x00000000000333c8        0x0 obj_cooja/mtype882.a(beep.o)
 .bss           0x00000000000333c8        0x8 obj_cooja/mtype882.a(button-sensor.o)
 .bss           0x00000000000333d0        0x0 obj_cooja/mtype882.a(leds-arch.o)
 .bss           0x00000000000333d0        0x0 obj_cooja/mtype882.a(moteid.o)
 .bss           0x00000000000333d0        0x1 obj_cooja/mtype882.a(pir-sensor.o)
                0x00000000000333d0                simPirValue
 *fill*         0x00000000000333d1        0x3 
 .bss           0x00000000000333d4        0x4 obj_cooja/mtype882.a(rs232.o)
 .bss           0x00000000000333d8        0x1 obj_cooja/mtype882.a(vib-sensor.o)
                0x00000000000333d8                simVibValue
 .bss           0x00000000000333d9        0x0 obj_cooja/mtype882.a(clock.o)
 *fill*         0x00000000000333d9        0x7 
 .bss           0x00000000000333e0      0x420 obj_cooja/mtype882.a(log.o)
 .bss           0x0000000000033800      0xfc0 obj_cooja/mtype882.a(cfs-cooja.o)
                0x0000000000033800                simCFSData
                0x00000000000347a0                simCFSSize
                0x00000000000347a4                simCFSChanged
                0x00000000000347a8                simCFSRead
                0x00000000000347ac                simCFSWritten
 .bss           0x00000000000347c0       0x24 obj_cooja/mtype882.a(cooja-radio.o)
                0x00000000000347c0                simReceivingLR
                0x00000000000347c4                simInSizeLR
                0x00000000000347c8                simOutSizeLR
                0x00000000000347cc                simReceiving
                0x00000000000347d0                simInSize
                0x00000000000347d4                simOutSize
                0x00000000000347d8                LongRangeTransmit
                0x00000000000347dc                LongRangeReceiving
 .bss           0x00000000000347e4        0xc obj_cooja/mtype882.a(eeprom.o)
                0x00000000000347e4                simEEPROMChanged
                0x00000000000347e8                simEEPROMRead
                0x00000000000347ec                simEEPROMWritten
 .bss           0x00000000000347f0        0x0 obj_cooja/mtype882.a(random.o)
 .bss           0x00000000000347f0        0xc obj_cooja/mtype882.a(sensors.o)
 .bss           0x00000000000347fc        0x1 obj_cooja/mtype882.a(leds.o)
 *fill*         0x00000000000347fd        0x3 
 .bss           0x0000000000034800       0x40 obj_cooja/mtype882.a(dual_conf.o)
                0x0000000000034800                long_range_radio
 .bss           0x0000000000034840        0x0 obj_cooja/mtype882.a(autostart.o)
 .bss           0x0000000000034840        0x5 obj_cooja/mtype882.a(ctimer.o)
 *fill*         0x0000000000034845        0x3 
 .bss           0x0000000000034848        0x8 obj_cooja/mtype882.a(etimer.o)
 .bss           0x0000000000034850        0x0 obj_cooja/mtype882.a(log_message.o)
 *fill*         0x0000000000034850       0x10 
 .bss           0x0000000000034860      0x1b1 obj_cooja/mtype882.a(process.o)
                0x0000000000034860                process_list
                0x0000000000034864                process_current
 .bss           0x0000000000034a11        0x0 obj_cooja/mtype882.a(residual.o)
 *fill*         0x0000000000034a11        0x3 
 .bss           0x0000000000034a14        0x4 obj_cooja/mtype882.a(rtimer.o)
 .bss           0x0000000000034a18        0x0 obj_cooja/mtype882.a(stimer.o)
 .bss           0x0000000000034a18        0x0 obj_cooja/mtype882.a(timer.o)
 *fill*         0x0000000000034a18        0x8 
 .bss           0x0000000000034a20      0x140 obj_cooja/mtype882.a(serial-line.o)
 .bss           0x0000000000034b60        0x0 obj_cooja/mtype882.a(list.o)
 .bss           0x0000000000034b60        0x0 obj_cooja/mtype882.a(ringbuf.o)
 .bss           0x0000000000034b60      0x70c obj_cooja/mtype882.a(sicslowpan.o)
 *fill*         0x000000000003526c       0x14 
 .bss           0x0000000000035280       0xc0 obj_cooja/mtype882.a(uip-ds6-nbr.o)
 .bss           0x0000000000035340      0x4a8 obj_cooja/mtype882.a(uip-ds6-route.o)
 .bss           0x00000000000357e8       0x30 obj_cooja/mtype882.a(uip-ds6.o)
 .bss           0x0000000000035818        0xe obj_cooja/mtype882.a(uip6.o)
                0x0000000000035818                uip_ext_bitmap
                0x0000000000035819                uip_ext_len
                0x000000000003581a                uip_ext_opt_offset
 *fill*         0x0000000000035826       0x1a 
 .bss           0x0000000000035840       0x6b obj_cooja/mtype882.a(tcpip.o)
 .bss           0x00000000000358ab        0x0 obj_cooja/mtype882.a(uip-debug.o)
 *fill*         0x00000000000358ab       0x15 
 .bss           0x00000000000358c0      0xcf8 obj_cooja/mtype882.a(uip-packetqueue)
 .bss           0x00000000000365b8        0x0 obj_cooja/mtype882.a(uip-udp-packet.)
 *fill*         0x00000000000365b8        0x8 
 .bss           0x00000000000365c0       0x88 obj_cooja/mtype882.a(rpl-dag.o)
 .bss           0x0000000000036648        0x0 obj_cooja/mtype882.a(rpl-ext-header.)
 .bss           0x0000000000036648        0x0 obj_cooja/mtype882.a(rpl-icmp6.o)
 .bss           0x0000000000036648        0x0 obj_cooja/mtype882.a(rpl-ltmax.o)
 *fill*         0x0000000000036648       0x18 
 .bss           0x0000000000036660       0x60 obj_cooja/mtype882.a(rpl-timers.o)
 .bss           0x00000000000366c0        0x4 obj_cooja/mtype882.a(rpl.o)
 *fill*         0x00000000000366c4       0x1c 
 .bss           0x00000000000366e0      0x288 obj_cooja/mtype882.a(csma.o)
 .bss           0x0000000000036968        0x2 obj_cooja/mtype882.a(framer-802154.o)
 .bss           0x000000000003696a        0x0 obj_cooja/mtype882.a(mac.o)
 *fill*         0x000000000003696a       0x16 
 .bss           0x0000000000036980       0xb1 obj_cooja/mtype882.a(cxmac.o)
 .bss           0x0000000000036a31        0x0 obj_cooja/mtype882.a(linkaddr.o)
 *fill*         0x0000000000036a31        0xf 
 .bss           0x0000000000036a40       0xc4 obj_cooja/mtype882.a(nbr-table.o)
 .bss           0x0000000000036b04        0x0 obj_cooja/mtype882.a(netstack.o)
 *fill*         0x0000000000036b04       0x1c 
 .bss           0x0000000000036b20       0xa0 obj_cooja/mtype882.a(packetbuf.o)
 .bss           0x0000000000036bc0      0xb80 obj_cooja/mtype882.a(queuebuf.o)
 .bss           0x0000000000037740        0x0 obj_cooja/mtype882.a(nullsec.o)
 .bss           0x0000000000037740        0x0 obj_cooja/mtype882.a(watchdog.o)
 .bss           0x0000000000037740        0x0 obj_cooja/mtype882.a(rimestats.o)
 .bss           0x0000000000037740        0x0 obj_cooja/mtype882.a(memb.o)
 .bss           0x0000000000037740       0x18 obj_cooja/mtype882.a(uip-icmp6.o)
 .bss           0x0000000000037758        0x0 obj_cooja/mtype882.a(uip-nd6.o)
 *fill*         0x0000000000037758        0x8 
 .bss           0x0000000000037760       0x44 obj_cooja/mtype882.a(rpl-nbr-policy.)
 .bss           0x00000000000377a4        0x0 obj_cooja/mtype882.a(frame802154.o)
 .bss           0x00000000000377a4        0x0 /usr/lib/gcc/i686-linux-gnu/4.8/crtendS.o
 .bss           0x00000000000377a4        0x0 /usr/lib/gcc/i686-linux-gnu/4.8/../../../i386-linux-gnu/crtn.o
 *(COMMON)
 COMMON         0x00000000000377a4       0x71 udp-client.co
                0x00000000000377a4                dio_count
                0x00000000000377a8                dis_count
                0x00000000000377ac                collision_count
                0x00000000000377b0                tcp_output_count
                0x00000000000377b4                transmission_count
                0x00000000000377b8                dao_ack_fwd_count
                0x00000000000377bc                COOJA_radioRxLong
                0x00000000000377c0                LSA_message_input
                0x00000000000377c4                control_message_count
                0x00000000000377c8                dao_count
                0x00000000000377cc                icmp_count
                0x00000000000377d0                COOJA_radioTx
                0x00000000000377d4                LSA_SR_preamble
                0x00000000000377d8                dao_ack_count
                0x00000000000377dc                LSA_lr_child
                0x00000000000377e0                data_message_count
                0x00000000000377e4                LSA_converge
                0x00000000000377e5                my_sink_reachability
                0x00000000000377e8                COOJA_radioTxLong
                0x00000000000377ec                COOJA_radioRx
                0x00000000000377f0                my_parent_number
                0x00000000000377f4                COOJA_radioOn
                0x00000000000377f8                LSA_broadcast_count
                0x00000000000377fc                LSA_count
                0x0000000000037800                dao_fwd_count
                0x0000000000037804                COOJA_duration
                0x0000000000037808                dio_ack_count
                0x000000000003780c                COOJA_radioOnLong
                0x0000000000037810                data_fwd_count
                0x0000000000037814                LSA_message_flag
 *fill*         0x0000000000037815        0x3 
 COMMON         0x0000000000037818       0x10 obj_cooja/mtype882.o
                0x0000000000037818                referenceVar
                0x000000000003781c                data_relay_count
                0x0000000000037820                debugfp
                0x0000000000037824                sensors_flags
 COMMON         0x0000000000037828        0xc obj_cooja/mtype882.a(simEnvChange.o)
                0x0000000000037828                simEtimerPending
                0x000000000003782c                simProcessRunValue
                0x0000000000037830                simNextExpirationTime
 COMMON         0x0000000000037834        0x1 obj_cooja/mtype882.a(beep.o)
                0x0000000000037834                simBeeped
 COMMON         0x0000000000037835        0x3 obj_cooja/mtype882.a(button-sensor.o)
                0x0000000000037835                simButtonIsActive
                0x0000000000037836                simButtonIsDown
                0x0000000000037837                simButtonChanged
 COMMON         0x0000000000037838        0x1 obj_cooja/mtype882.a(leds-arch.o)
                0x0000000000037838                simLedsValue
 *fill*         0x0000000000037839        0x3 
 COMMON         0x000000000003783c        0xc obj_cooja/mtype882.a(moteid.o)
                0x000000000003783c                simRandomSeed
                0x0000000000037840                simMoteIDChanged
                0x0000000000037844                simMoteID
 COMMON         0x0000000000037848        0x2 obj_cooja/mtype882.a(pir-sensor.o)
                0x0000000000037848                simPirIsActive
                0x0000000000037849                simPirChanged
 *fill*         0x000000000003784a       0x16 
 COMMON         0x0000000000037860      0x820 obj_cooja/mtype882.a(rs232.o)
                0x0000000000037860                simSerialReceivingFlag
                0x0000000000037864                simSerialReceivingLength
                0x0000000000037880                simSerialReceivingData
 COMMON         0x0000000000038080        0x2 obj_cooja/mtype882.a(vib-sensor.o)
                0x0000000000038080                simVibChanged
                0x0000000000038081                simVibIsActive
 *fill*         0x0000000000038082        0x2 
 COMMON         0x0000000000038084        0x4 obj_cooja/mtype882.a(clock.o)
                0x0000000000038084                simCurrentTime
 *fill*         0x0000000000038088       0x18 
 COMMON         0x00000000000380a0      0x420 obj_cooja/mtype882.a(log.o)
                0x00000000000380a0                simLoggedLength
                0x00000000000380a4                simLoggedFlag
                0x00000000000380c0                simLoggedData
 COMMON         0x00000000000384c0      0x240 obj_cooja/mtype882.a(cooja-radio.o)
                0x00000000000384c0                simOutDataBuffer
                0x0000000000038540                simRadioTarget
                0x0000000000038560                simInDataBufferLR
                0x00000000000385e0                simOutDataBufferLR
                0x0000000000038660                dual_duty_cycle_count
                0x0000000000038680                simInDataBuffer
 COMMON         0x0000000000038700      0x400 obj_cooja/mtype882.a(eeprom.o)
                0x0000000000038700                simEEPROMData
 COMMON         0x0000000000038b00        0x1 obj_cooja/mtype882.a(sensors.o)
                0x0000000000038b00                sensors_event
 *fill*         0x0000000000038b01        0x3 
 COMMON         0x0000000000038b04        0x4 obj_cooja/mtype882.a(log_message.o)
                0x0000000000038b04                log_fp
 COMMON         0x0000000000038b08        0x1 obj_cooja/mtype882.a(serial-line.o)
                0x0000000000038b08                serial_line_event_message
 *fill*         0x0000000000038b09       0x17 
 COMMON         0x0000000000038b20       0x50 obj_cooja/mtype882.a(uip-ds6-nbr.o)
                0x0000000000038b20                ds6_lr_addrmap
 *fill*         0x0000000000038b70       0x10 
 COMMON         0x0000000000038b80      0x298 obj_cooja/mtype882.a(uip-ds6.o)
                0x0000000000038b80                uip_ds6_prefix_list
                0x0000000000038be0                uip_ds6_timer_periodic
                0x0000000000038bf0                uip_ds6_netif_addr_list_offset
                0x0000000000038c00                uip_ds6_if
                0x0000000000038cf8                uip_ds6_timer_ra
                0x0000000000038d00                uip_ds6_addr_size
                0x0000000000038d20                long_uip_ds6_if
 *fill*         0x0000000000038e18        0x8 
 COMMON         0x0000000000038e20      0x8ec obj_cooja/mtype882.a(uip6.o)
                0x0000000000038e20                uip_slen
                0x0000000000038e22                uip_acc32
                0x0000000000038e40                uip_conns
                0x0000000000038f00                uip_lladdr
                0x0000000000038f08                uip_appdata
                0x0000000000038f0c                uip_flags
                0x0000000000038f20                uip_aligned_buf
                0x0000000000039560                uip_listenports
                0x0000000000039570                uip_len
                0x0000000000039572                uip_long_lladdr
                0x000000000003957c                uip_sappdata
                0x0000000000039580                uip_udp_conns
                0x0000000000039700                uip_udp_conn
                0x0000000000039704                uip_next_hdr
                0x0000000000039708                uip_conn
 COMMON         0x000000000003970c        0x1 obj_cooja/mtype882.a(tcpip.o)
                0x000000000003970c                tcpip_event
 *fill*         0x000000000003970d       0x13 
 COMMON         0x0000000000039720      0x178 obj_cooja/mtype882.a(rpl-dag.o)
                0x0000000000039720                default_instance
                0x0000000000039740                instance_table
 COMMON         0x0000000000039898       0x10 obj_cooja/mtype882.a(linkaddr.o)
                0x0000000000039898                linkaddr_node_addr
                0x00000000000398a0                long_linkaddr_node_addr
 COMMON         0x00000000000398a8       0x2e obj_cooja/mtype882.a(packetbuf.o)
                0x00000000000398a8                packetbuf_attrs
                0x00000000000398c6                packetbuf_addrs
 *fill*         0x00000000000398d6        0xa 
 COMMON         0x00000000000398e0       0x48 obj_cooja/mtype882.a(rimestats.o)
                0x00000000000398e0                rimestats
                0x0000000000039928                . = ALIGN ((. != 0x0)?0x4:0x1)
                0x0000000000039928                . = ALIGN (0x4)
                0x0000000000039928                . = SEGMENT_START ("ldata-segment", .)
                0x0000000000039928                . = ALIGN (0x4)
                0x0000000000039928                _end = .
                0x0000000000039928                PROVIDE (end, .)
                0x0000000000039928                . = DATA_SEGMENT_END (.)

.stab
 *(.stab)

.stabstr
 *(.stabstr)

.stab.excl
 *(.stab.excl)

.stab.exclstr
 *(.stab.exclstr)

.stab.index
 *(.stab.index)

.stab.indexstr
 *(.stab.indexstr)

.comment        0x0000000000000000       0x29
 *(.comment)
 .comment       0x0000000000000000       0x29 /usr/lib/gcc/i686-linux-gnu/4.8/crtbeginS.o
                                         0x2a (size before relaxing)
 .comment       0x0000000000000000       0x2a udp-client.co
 .comment       0x0000000000000000       0x2a obj_cooja/mtype882.o
 .comment       0x0000000000000000       0x2a obj_cooja/mtype882.a(simEnvChange.o)
 .comment       0x0000000000000000       0x2a obj_cooja/mtype882.a(cooja_mt.o)
 .comment       0x0000000000000000       0x2a obj_cooja/mtype882.a(cooja_mtarch.o)
 .comment       0x0000000000000000       0x2a obj_cooja/mtype882.a(rtimer-arch.o)
 .comment       0x0000000000000000       0x2a obj_cooja/mtype882.a(beep.o)
 .comment       0x0000000000000000       0x2a obj_cooja/mtype882.a(button-sensor.o)
 .comment       0x0000000000000000       0x2a obj_cooja/mtype882.a(leds-arch.o)
 .comment       0x0000000000000000       0x2a obj_cooja/mtype882.a(moteid.o)
 .comment       0x0000000000000000       0x2a obj_cooja/mtype882.a(pir-sensor.o)
 .comment       0x0000000000000000       0x2a obj_cooja/mtype882.a(rs232.o)
 .comment       0x0000000000000000       0x2a obj_cooja/mtype882.a(vib-sensor.o)
 .comment       0x0000000000000000       0x2a obj_cooja/mtype882.a(clock.o)
 .comment       0x0000000000000000       0x2a obj_cooja/mtype882.a(log.o)
 .comment       0x0000000000000000       0x2a obj_cooja/mtype882.a(cfs-cooja.o)
 .comment       0x0000000000000000       0x2a obj_cooja/mtype882.a(cooja-radio.o)
 .comment       0x0000000000000000       0x2a obj_cooja/mtype882.a(eeprom.o)
 .comment       0x0000000000000000       0x2a obj_cooja/mtype882.a(random.o)
 .comment       0x0000000000000000       0x2a obj_cooja/mtype882.a(sensors.o)
 .comment       0x0000000000000000       0x2a obj_cooja/mtype882.a(leds.o)
 .comment       0x0000000000000000       0x2a obj_cooja/mtype882.a(dual_conf.o)
 .comment       0x0000000000000000       0x2a obj_cooja/mtype882.a(autostart.o)
 .comment       0x0000000000000000       0x2a obj_cooja/mtype882.a(ctimer.o)
 .comment       0x0000000000000000       0x2a obj_cooja/mtype882.a(etimer.o)
 .comment       0x0000000000000000       0x2a obj_cooja/mtype882.a(log_message.o)
 .comment       0x0000000000000000       0x2a obj_cooja/mtype882.a(process.o)
 .comment       0x0000000000000000       0x2a obj_cooja/mtype882.a(residual.o)
 .comment       0x0000000000000000       0x2a obj_cooja/mtype882.a(rtimer.o)
 .comment       0x0000000000000000       0x2a obj_cooja/mtype882.a(stimer.o)
 .comment       0x0000000000000000       0x2a obj_cooja/mtype882.a(timer.o)
 .comment       0x0000000000000000       0x2a obj_cooja/mtype882.a(serial-line.o)
 .comment       0x0000000000000000       0x2a obj_cooja/mtype882.a(list.o)
 .comment       0x0000000000000000       0x2a obj_cooja/mtype882.a(ringbuf.o)
 .comment       0x0000000000000000       0x2a obj_cooja/mtype882.a(sicslowpan.o)
 .comment       0x0000000000000000       0x2a obj_cooja/mtype882.a(uip-ds6-nbr.o)
 .comment       0x0000000000000000       0x2a obj_cooja/mtype882.a(uip-ds6-route.o)
 .comment       0x0000000000000000       0x2a obj_cooja/mtype882.a(uip-ds6.o)
 .comment       0x0000000000000000       0x2a obj_cooja/mtype882.a(uip6.o)
 .comment       0x0000000000000000       0x2a obj_cooja/mtype882.a(tcpip.o)
 .comment       0x0000000000000000       0x2a obj_cooja/mtype882.a(uip-debug.o)
 .comment       0x0000000000000000       0x2a obj_cooja/mtype882.a(uip-packetqueue)
 .comment       0x0000000000000000       0x2a obj_cooja/mtype882.a(uip-udp-packet.)
 .comment       0x0000000000000000       0x2a obj_cooja/mtype882.a(rpl-dag.o)
 .comment       0x0000000000000000       0x2a obj_cooja/mtype882.a(rpl-ext-header.)
 .comment       0x0000000000000000       0x2a obj_cooja/mtype882.a(rpl-icmp6.o)
 .comment       0x0000000000000000       0x2a obj_cooja/mtype882.a(rpl-ltmax.o)
 .comment       0x0000000000000000       0x2a obj_cooja/mtype882.a(rpl-timers.o)
 .comment       0x0000000000000000       0x2a obj_cooja/mtype882.a(rpl.o)
 .comment       0x0000000000000000       0x2a obj_cooja/mtype882.a(csma.o)
 .comment       0x0000000000000000       0x2a obj_cooja/mtype882.a(framer-802154.o)
 .comment       0x0000000000000000       0x2a obj_cooja/mtype882.a(mac.o)
 .comment       0x0000000000000000       0x2a obj_cooja/mtype882.a(cxmac.o)
 .comment       0x0000000000000000       0x2a obj_cooja/mtype882.a(linkaddr.o)
 .comment       0x0000000000000000       0x2a obj_cooja/mtype882.a(nbr-table.o)
 .comment       0x0000000000000000       0x2a obj_cooja/mtype882.a(netstack.o)
 .comment       0x0000000000000000       0x2a obj_cooja/mtype882.a(packetbuf.o)
 .comment       0x0000000000000000       0x2a obj_cooja/mtype882.a(queuebuf.o)
 .comment       0x0000000000000000       0x2a obj_cooja/mtype882.a(nullsec.o)
 .comment       0x0000000000000000       0x2a obj_cooja/mtype882.a(watchdog.o)
 .comment       0x0000000000000000       0x2a obj_cooja/mtype882.a(rimestats.o)
 .comment       0x0000000000000000       0x2a obj_cooja/mtype882.a(memb.o)
 .comment       0x0000000000000000       0x2a obj_cooja/mtype882.a(uip-icmp6.o)
 .comment       0x0000000000000000       0x2a obj_cooja/mtype882.a(uip-nd6.o)
 .comment       0x0000000000000000       0x2a obj_cooja/mtype882.a(rpl-nbr-policy.)
 .comment       0x0000000000000000       0x2a obj_cooja/mtype882.a(frame802154.o)
 .comment       0x0000000000000000       0x2a /usr/lib/gcc/i686-linux-gnu/4.8/crtendS.o

.debug
 *(.debug)

.line
 *(.line)

.debug_srcinfo
 *(.debug_srcinfo)

.debug_sfnames
 *(.debug_sfnames)

.debug_aranges  0x0000000000000000      0x838
 *(.debug_aranges)
 .debug_aranges
                0x0000000000000000       0x20 udp-client.co
 .debug_aranges
                0x0000000000000020       0x20 obj_cooja/mtype882.o
 .debug_aranges
                0x0000000000000040       0x20 obj_cooja/mtype882.a(simEnvChange.o)
 .debug_aranges
                0x0000000000000060       0x20 obj_cooja/mtype882.a(cooja_mt.o)
 .debug_aranges
                0x0000000000000080       0x20 obj_cooja/mtype882.a(cooja_mtarch.o)
 .debug_aranges
                0x00000000000000a0       0x20 obj_cooja/mtype882.a(rtimer-arch.o)
 .debug_aranges
                0x00000000000000c0       0x20 obj_cooja/mtype882.a(beep.o)
 .debug_aranges
                0x00000000000000e0       0x20 obj_cooja/mtype882.a(button-sensor.o)
 .debug_aranges
                0x0000000000000100       0x20 obj_cooja/mtype882.a(leds-arch.o)
 .debug_aranges
                0x0000000000000120       0x20 obj_cooja/mtype882.a(moteid.o)
 .debug_aranges
                0x0000000000000140       0x20 obj_cooja/mtype882.a(pir-sensor.o)
 .debug_aranges
                0x0000000000000160       0x20 obj_cooja/mtype882.a(rs232.o)
 .debug_aranges
                0x0000000000000180       0x20 obj_cooja/mtype882.a(vib-sensor.o)
 .debug_aranges
                0x00000000000001a0       0x20 obj_cooja/mtype882.a(clock.o)
 .debug_aranges
                0x00000000000001c0       0x20 obj_cooja/mtype882.a(log.o)
 .debug_aranges
                0x00000000000001e0       0x20 obj_cooja/mtype882.a(cfs-cooja.o)
 .debug_aranges
                0x0000000000000200       0x20 obj_cooja/mtype882.a(cooja-radio.o)
 .debug_aranges
                0x0000000000000220       0x20 obj_cooja/mtype882.a(eeprom.o)
 .debug_aranges
                0x0000000000000240       0x20 obj_cooja/mtype882.a(random.o)
 .debug_aranges
                0x0000000000000260       0x20 obj_cooja/mtype882.a(sensors.o)
 .debug_aranges
                0x0000000000000280       0x20 obj_cooja/mtype882.a(leds.o)
 .debug_aranges
                0x00000000000002a0       0x20 obj_cooja/mtype882.a(dual_conf.o)
 .debug_aranges
                0x00000000000002c0       0x20 obj_cooja/mtype882.a(autostart.o)
 .debug_aranges
                0x00000000000002e0       0x20 obj_cooja/mtype882.a(ctimer.o)
 .debug_aranges
                0x0000000000000300       0x20 obj_cooja/mtype882.a(etimer.o)
 .debug_aranges
                0x0000000000000320       0x20 obj_cooja/mtype882.a(log_message.o)
 .debug_aranges
                0x0000000000000340       0x20 obj_cooja/mtype882.a(process.o)
 .debug_aranges
                0x0000000000000360       0x20 obj_cooja/mtype882.a(residual.o)
 .debug_aranges
                0x0000000000000380       0x20 obj_cooja/mtype882.a(rtimer.o)
 .debug_aranges
                0x00000000000003a0       0x20 obj_cooja/mtype882.a(stimer.o)
 .debug_aranges
                0x00000000000003c0       0x20 obj_cooja/mtype882.a(timer.o)
 .debug_aranges
                0x00000000000003e0       0x20 obj_cooja/mtype882.a(serial-line.o)
 .debug_aranges
                0x0000000000000400       0x20 obj_cooja/mtype882.a(list.o)
 .debug_aranges
                0x0000000000000420       0x20 obj_cooja/mtype882.a(ringbuf.o)
 .debug_aranges
                0x0000000000000440       0x20 obj_cooja/mtype882.a(sicslowpan.o)
 .debug_aranges
                0x0000000000000460       0x20 obj_cooja/mtype882.a(uip-ds6-nbr.o)
 .debug_aranges
                0x0000000000000480       0x20 obj_cooja/mtype882.a(uip-ds6-route.o)
 .debug_aranges
                0x00000000000004a0       0x20 obj_cooja/mtype882.a(uip-ds6.o)
 .debug_aranges
                0x00000000000004c0       0x20 obj_cooja/mtype882.a(uip6.o)
 .debug_aranges
                0x00000000000004e0       0x20 obj_cooja/mtype882.a(tcpip.o)
 .debug_aranges
                0x0000000000000500       0x20 obj_cooja/mtype882.a(uip-debug.o)
 .debug_aranges
                0x0000000000000520       0x20 obj_cooja/mtype882.a(uip-packetqueue)
 .debug_aranges
                0x0000000000000540       0x20 obj_cooja/mtype882.a(uip-udp-packet.)
 .debug_aranges
                0x0000000000000560       0x20 obj_cooja/mtype882.a(rpl-dag.o)
 .debug_aranges
                0x0000000000000580       0x20 obj_cooja/mtype882.a(rpl-ext-header.)
 .debug_aranges
                0x00000000000005a0       0x20 obj_cooja/mtype882.a(rpl-icmp6.o)
 .debug_aranges
                0x00000000000005c0       0x20 obj_cooja/mtype882.a(rpl-ltmax.o)
 .debug_aranges
                0x00000000000005e0       0x20 obj_cooja/mtype882.a(rpl-timers.o)
 .debug_aranges
                0x0000000000000600       0x20 obj_cooja/mtype882.a(rpl.o)
 .debug_aranges
                0x0000000000000620       0x20 obj_cooja/mtype882.a(csma.o)
 .debug_aranges
                0x0000000000000640       0x20 obj_cooja/mtype882.a(framer-802154.o)
 .debug_aranges
                0x0000000000000660       0x20 obj_cooja/mtype882.a(mac.o)
 .debug_aranges
                0x0000000000000680       0x20 obj_cooja/mtype882.a(cxmac.o)
 .debug_aranges
                0x00000000000006a0       0x20 obj_cooja/mtype882.a(linkaddr.o)
 .debug_aranges
                0x00000000000006c0       0x20 obj_cooja/mtype882.a(nbr-table.o)
 .debug_aranges
                0x00000000000006e0       0x20 obj_cooja/mtype882.a(netstack.o)
 .debug_aranges
                0x0000000000000700       0x20 obj_cooja/mtype882.a(packetbuf.o)
 .debug_aranges
                0x0000000000000720       0x20 obj_cooja/mtype882.a(queuebuf.o)
 .debug_aranges
                0x0000000000000740       0x20 obj_cooja/mtype882.a(nullsec.o)
 .debug_aranges
                0x0000000000000760       0x20 obj_cooja/mtype882.a(watchdog.o)
 .debug_aranges
                0x0000000000000780       0x18 obj_cooja/mtype882.a(rimestats.o)