Archive member included to satisfy reference by file (symbol)

obj_cooja/mtype423.a(simEnvChange.o)
                              obj_cooja/mtype423.o (simDontFallAsleep)
obj_cooja/mtype423.a(cooja_mt.o)
                              obj_cooja/mtype423.o (cooja_mt_start)
obj_cooja/mtype423.a(cooja_mtarch.o)
                              obj_cooja/mtype423.a(cooja_mt.o) (cooja_mtarch_init)
obj_cooja/mtype423.a(rtimer-arch.o)
                              obj_cooja/mtype423.o (rtimer_arch_next)
obj_cooja/mtype423.a(beep.o)  obj_cooja/mtype423.o (beep_interface)
obj_cooja/mtype423.a(button-sensor.o)
                              obj_cooja/mtype423.o (button_interface)
obj_cooja/mtype423.a(leds-arch.o)
                              obj_cooja/mtype423.o (leds_interface)
obj_cooja/mtype423.a(moteid.o)
                              obj_cooja/mtype423.o (moteid_interface)
obj_cooja/mtype423.a(pir-sensor.o)
                              obj_cooja/mtype423.o (pir_interface)
obj_cooja/mtype423.a(rs232.o)
                              obj_cooja/mtype423.o (rs232_interface)
obj_cooja/mtype423.a(vib-sensor.o)
                              obj_cooja/mtype423.o (vib_interface)
obj_cooja/mtype423.a(clock.o)
                              obj_cooja/mtype423.o (clock_interface)
obj_cooja/mtype423.a(log.o)   obj_cooja/mtype423.o (simlog_interface)
obj_cooja/mtype423.a(cfs-cooja.o)
                              obj_cooja/mtype423.o (cfs_interface)
obj_cooja/mtype423.a(cooja-radio.o)
                              obj_cooja/mtype423.o (radio_interface)
obj_cooja/mtype423.a(eeprom.o)
                              obj_cooja/mtype423.o (eeprom_interface)
obj_cooja/mtype423.a(random.o)
                              obj_cooja/mtype423.a(moteid.o) (random_init)
obj_cooja/mtype423.a(sensors.o)
                              udp-server.co (sensors_event)
obj_cooja/mtype423.a(leds.o)  obj_cooja/mtype423.a(cooja-radio.o) (leds_on)
obj_cooja/mtype423.a(dual_conf.o)
                              obj_cooja/mtype423.a(cooja-radio.o) (long_range_radio)
obj_cooja/mtype423.a(autostart.o)
                              obj_cooja/mtype423.o (autostart_start)
obj_cooja/mtype423.a(ctimer.o)
                              obj_cooja/mtype423.o (ctimer_init)
obj_cooja/mtype423.a(etimer.o)
                              obj_cooja/mtype423.o (etimer_process)
obj_cooja/mtype423.a(log_message.o)
                              obj_cooja/mtype423.o (log_initialization)
obj_cooja/mtype423.a(process.o)
                              udp-server.co (process_current)
obj_cooja/mtype423.a(residual.o)
                              obj_cooja/mtype423.o (get_residual_energy)
obj_cooja/mtype423.a(rtimer.o)
                              obj_cooja/mtype423.a(rtimer-arch.o) (rtimer_run_next)
obj_cooja/mtype423.a(timer.o)
                              obj_cooja/mtype423.a(button-sensor.o) (timer_set)
obj_cooja/mtype423.a(serial-line.o)
                              obj_cooja/mtype423.a(rs232.o) (serial_line_input_byte)
obj_cooja/mtype423.a(list.o)  obj_cooja/mtype423.a(ctimer.o) (list_init)
obj_cooja/mtype423.a(ringbuf.o)
                              obj_cooja/mtype423.a(serial-line.o) (ringbuf_init)
obj_cooja/mtype423.a(sicslowpan.o)
                              obj_cooja/mtype423.o (sicslowpan_driver)
obj_cooja/mtype423.a(uip-ds6-nbr.o)
                              obj_cooja/mtype423.a(sicslowpan.o) (uip_ds6_link_neighbor_callback)
obj_cooja/mtype423.a(uip-ds6.o)
                              udp-server.co (uip_ds6_if)
obj_cooja/mtype423.a(uip6.o)  obj_cooja/mtype423.o (uip_lladdr)
obj_cooja/mtype423.a(tcpip.o)
                              udp-server.co (tcpip_event)
obj_cooja/mtype423.a(uip-debug.o)
                              udp-server.co (uip_debug_ipaddr_print)
obj_cooja/mtype423.a(uip-packetqueue)
                              obj_cooja/mtype423.a(uip-ds6-nbr.o) (uip_packetqueue_new)
obj_cooja/mtype423.a(rpl-dag.o)
                              udp-server.co (rpl_set_root)
obj_cooja/mtype423.a(rpl-ext-header.)
                              obj_cooja/mtype423.a(uip6.o) (rpl_verify_header)
obj_cooja/mtype423.a(rpl-icmp6.o)
                              obj_cooja/mtype423.a(rpl-dag.o) (rpl_icmp6_update_nbr_table)
obj_cooja/mtype423.a(rpl-ltmax.o)
                              obj_cooja/mtype423.a(rpl-dag.o) (rpl_ltmax_of)
obj_cooja/mtype423.a(rpl-timers.o)
                              obj_cooja/mtype423.a(rpl-icmp6.o) (rpl_LSA_convergence_timer)
obj_cooja/mtype423.a(rpl.o)   obj_cooja/mtype423.a(rpl-icmp6.o) (rpl_get_mode)
obj_cooja/mtype423.a(csma.o)  udp-server.co (csma_driver)
obj_cooja/mtype423.a(framer-802154.o)
                              obj_cooja/mtype423.a(sicslowpan.o) (framer_802154)
obj_cooja/mtype423.a(mac.o)   obj_cooja/mtype423.a(csma.o) (mac_call_sent_callback)
obj_cooja/mtype423.a(cxmac.o)
                              obj_cooja/mtype423.o (cxmac_driver)
obj_cooja/mtype423.a(linkaddr.o)
[...]
Memory Configuration

Name             Origin             Length             Attributes
*default*        0x0000000000000000 0xffffffffffffffff

Linker script and memory map

LOAD /usr/lib/gcc/i686-linux-gnu/4.8/../../../i386-linux-gnu/crti.o
LOAD /usr/lib/gcc/i686-linux-gnu/4.8/crtbeginS.o
LOAD udp-server.co
LOAD obj_cooja/mtype423.o
LOAD obj_cooja/mtype423.a
LOAD /usr/lib/gcc/i686-linux-gnu/4.8/libgcc.a
LOAD /usr/lib/gcc/i686-linux-gnu/4.8/libgcc_s.so
LOAD /usr/lib/gcc/i686-linux-gnu/4.8/../../../i386-linux-gnu/libc.so
START GROUP
LOAD /lib/i386-linux-gnu/libc.so.6
LOAD /usr/lib/i386-linux-gnu/libc_nonshared.a
LOAD /lib/i386-linux-gnu/ld-linux.so.2
END GROUP
LOAD /usr/lib/gcc/i686-linux-gnu/4.8/libgcc.a
LOAD /usr/lib/gcc/i686-linux-gnu/4.8/libgcc_s.so
LOAD /usr/lib/gcc/i686-linux-gnu/4.8/crtendS.o
LOAD /usr/lib/gcc/i686-linux-gnu/4.8/../../../i386-linux-gnu/crtn.o
                0x0000000000000114                . = (0x0 + SIZEOF_HEADERS)

.note.gnu.build-id
                0x0000000000000114       0x24
 *(.note.gnu.build-id)
 .note.gnu.build-id
                0x0000000000000114       0x24 /usr/lib/gcc/i686-linux-gnu/4.8/../../../i386-linux-gnu/crti.o

.hash
 *(.hash)

.gnu.hash       0x0000000000000138     0x1388
 *(.gnu.hash)
 .gnu.hash      0x0000000000000138     0x1388 /usr/lib/gcc/i686-linux-gnu/4.8/../../../i386-linux-gnu/crti.o

.dynsym         0x00000000000014c0     0x2680
 *(.dynsym)
 .dynsym        0x00000000000014c0     0x2680 /usr/lib/gcc/i686-linux-gnu/4.8/../../../i386-linux-gnu/crti.o

.dynstr         0x0000000000003b40     0x2799
 *(.dynstr)
 .dynstr        0x0000000000003b40     0x2799 /usr/lib/gcc/i686-linux-gnu/4.8/../../../i386-linux-gnu/crti.o

.gnu.version    0x00000000000062da      0x4d0
 *(.gnu.version)
 .gnu.version   0x00000000000062da      0x4d0 /usr/lib/gcc/i686-linux-gnu/4.8/../../../i386-linux-gnu/crti.o

.gnu.version_d  0x00000000000067ac        0x0
 *(.gnu.version_d)
 .gnu.version_d
                0x0000000000000000        0x0 /usr/lib/gcc/i686-linux-gnu/4.8/../../../i386-linux-gnu/crti.o

.gnu.version_r  0x00000000000067ac       0x50
 *(.gnu.version_r)
 .gnu.version_r
                0x00000000000067ac       0x50 /usr/lib/gcc/i686-linux-gnu/4.8/../../../i386-linux-gnu/crti.o

.rel.dyn        0x00000000000067fc     0x95a8
 *(.rel.init)
 .rel.init      0x0000000000000000        0x0 /usr/lib/gcc/i686-linux-gnu/4.8/../../../i386-linux-gnu/crti.o
 *(.rel.text .rel.text.* .rel.gnu.linkonce.t.*)
 .rel.text      0x00000000000067fc     0x8db8 /usr/lib/gcc/i686-linux-gnu/4.8/../../../i386-linux-gnu/crti.o
 *(.rel.fini)
 .rel.fini      0x0000000000000000        0x0 /usr/lib/gcc/i686-linux-gnu/4.8/../../../i386-linux-gnu/crti.o
 *(.rel.rodata .rel.rodata.* .rel.gnu.linkonce.r.*)
 .rel.rodata    0x000000000000f5b4      0x4e0 /usr/lib/gcc/i686-linux-gnu/4.8/../../../i386-linux-gnu/crti.o
 *(.rel.data.rel.ro .rel.data.rel.ro.* .rel.gnu.linkonce.d.rel.ro.*)
 *(.rel.data .rel.data.* .rel.gnu.linkonce.d.*)
 .rel.data.rel  0x000000000000fa94        0x8 /usr/lib/gcc/i686-linux-gnu/4.8/../../../i386-linux-gnu/crti.o
 .rel.data      0x000000000000fa9c      0x2d0 /usr/lib/gcc/i686-linux-gnu/4.8/../../../i386-linux-gnu/crti.o
 *(.rel.tdata .rel.tdata.* .rel.gnu.linkonce.td.*)
 *(.rel.tbss .rel.tbss.* .rel.gnu.linkonce.tb.*)
 *(.rel.ctors)
 *(.rel.dtors)
 *(.rel.got)
 .rel.got       0x000000000000fd6c       0x28 /usr/lib/gcc/i686-linux-gnu/4.8/../../../i386-linux-gnu/crti.o
 *(.rel.bss .rel.bss.* .rel.gnu.linkonce.b.*)
 *(.rel.ifunc)
 .rel.ifunc     0x0000000000000000        0x0 /usr/lib/gcc/i686-linux-gnu/4.8/../../../i386-linux-gnu/crti.o
 .rel.fini_array
                0x000000000000fd94        0x8 /usr/lib/gcc/i686-linux-gnu/4.8/../../../i386-linux-gnu/crti.o
 .rel.init_array
                0x000000000000fd9c        0x8 /usr/lib/gcc/i686-linux-gnu/4.8/../../../i386-linux-gnu/crti.o

.rel.plt        0x000000000000fda4       0x10
 *(.rel.plt)
 .rel.plt       0x000000000000fda4       0x10 /usr/lib/gcc/i686-linux-gnu/4.8/../../../i386-linux-gnu/crti.o
 *(.rel.iplt)

.init           0x000000000000fdb4       0x23
 *(SORT(.init))
 .init          0x000000000000fdb4       0x1e /usr/lib/gcc/i686-linux-gnu/4.8/../../../i386-linux-gnu/crti.o
                0x000000000000fdb4                _init
 .init          0x000000000000fdd2        0x5 /usr/lib/gcc/i686-linux-gnu/4.8/../../../i386-linux-gnu/crtn.o

.plt            0x000000000000fde0       0x30
 *(.plt)
 .plt           0x000000000000fde0       0x30 /usr/lib/gcc/i686-linux-gnu/4.8/../../../i386-linux-gnu/crti.o
 *(.iplt)

.text           0x000000000000fe10    0x1713a
 *(.text.unlikely .text.*_unlikely .text.unlikely.*)
 *(.text.exit .text.exit.*)
 *(.text.startup .text.startup.*)
 *(.text.hot .text.hot.*)
 *(.text .stub .text.* .gnu.linkonce.t.*)
 .text          0x000000000000fe10        0x0 /usr/lib/gcc/i686-linux-gnu/4.8/../../../i386-linux-gnu/crti.o
 .gnu.linkonce.t.__x86.get_pc_thunk.bx
                0x000000000000fe10        0x4 /usr/lib/gcc/i686-linux-gnu/4.8/../../../i386-linux-gnu/crti.o
                0x000000000000fe10                __x86.get_pc_thunk.bx
 *fill*         0x000000000000fe14        0xc 
 .text          0x000000000000fe20      0x11b /usr/lib/gcc/i686-linux-gnu/4.8/crtbeginS.o
 .text          0x000000000000ff3b      0x3ce udp-server.co
 .text          0x0000000000010309      0x96a obj_cooja/mtype423.o
                0x00000000000104b7                contiki_init
                0x0000000000010a8a                Java_org_contikios_cooja_corecomm_Lib18_init
                0x0000000000010aca                Java_org_contikios_cooja_corecomm_Lib18_getMemory
                0x0000000000010b0a                Java_org_contikios_cooja_corecomm_Lib18_setMemory
                0x0000000000010b81                Java_org_contikios_cooja_corecomm_Lib18_tick
                0x0000000000010c61                Java_org_contikios_cooja_corecomm_Lib18_setReferenceAddress
 .text          0x0000000000010c73       0x63 obj_cooja/mtype423.a(simEnvChange.o)
                0x0000000000010c73                doActionsBeforeTick
                0x0000000000010ca4                doActionsAfterTick
 .text          0x0000000000010cd6       0xbc obj_cooja/mtype423.a(cooja_mt.o)
                0x0000000000010cd6                cooja_mt_init
                0x0000000000010ce3                cooja_mt_remove
                0x0000000000010cf0                cooja_mt_start
                0x0000000000010d1d                cooja_mt_exec
                0x0000000000010d4e                cooja_mt_exit
                0x0000000000010d70                cooja_mt_yield
 .text          0x0000000000010d92      0x115 obj_cooja/mtype423.a(cooja_mtarch.o)
                0x0000000000010d92                cooja_mtarch_init
                0x0000000000010d97                cooja_mtarch_start
                0x0000000000010e12                cooja_sw
                0x0000000000010e34                cooja_mtarch_exec
                0x0000000000010e50                cooja_mtarch_remove
                0x0000000000010e55                cooja_mtarch_yield
                0x0000000000010e5f                cooja_mtarch_pstop
                0x0000000000010e64                cooja_mtarch_pstart
                0x0000000000010e69                cooja_mtarch_stack_usage
 .text          0x0000000000010ea7       0xc2 obj_cooja/mtype423.a(rtimer-arch.o)
                0x0000000000010ea7                rtimer_arch_init
                0x0000000000010eca                rtimer_arch_schedule
                0x0000000000010ee1                rtimer_arch_next
                0x0000000000010eeb                rtimer_arch_pending
                0x0000000000010ef5                rtimer_arch_check
                0x0000000000010f27                rtimer_arch_now
 .text          0x0000000000010f69       0x76 obj_cooja/mtype423.a(beep.o)
                0x0000000000010f69                beep_alarm
                0x0000000000010f75                beep_beep
                0x0000000000010f81                beep
                0x0000000000010f8d                beep_down
                0x0000000000010f99                beep_on
                0x0000000000010fa5                beep_off
                0x0000000000010fb1                beep_spinup
                0x0000000000010fbd                beep_quick
                0x0000000000010fc9                beep_long
 .text          0x0000000000010fdf      0x103 obj_cooja/mtype423.a(button-sensor.o)
 .text          0x00000000000110e2       0x45 obj_cooja/mtype423.a(leds-arch.o)
                0x00000000000110e2                leds_arch_init
                0x00000000000110ee                leds_arch_get
                0x00000000000110fa                leds_arch_set
 .text          0x0000000000011127       0x2f obj_cooja/mtype423.a(moteid.o)
 .text          0x0000000000011156       0xb1 obj_cooja/mtype423.a(pir-sensor.o)
 .text          0x0000000000011207      0x131 obj_cooja/mtype423.a(rs232.o)
                0x0000000000011207                rs232_init
                0x000000000001120c                rs232_set_speed
                0x000000000001121a                rs232_set_input
                0x0000000000011227                rs232_send
                0x0000000000011249                rs232_print
                0x0000000000011264                slip_arch_writeb
 .text          0x0000000000011338       0xb1 obj_cooja/mtype423.a(vib-sensor.o)
 .text          0x00000000000113e9       0x34 obj_cooja/mtype423.a(clock.o)
                0x00000000000113e9                clock_init
                0x00000000000113ee                clock_time
                0x00000000000113f8                clock_seconds
                0x000000000001140e                clock_delay
 .text          0x000000000001141d      0x1ed obj_cooja/mtype423.a(log.o)
                0x000000000001141d                simlog_char
                0x000000000001145f                simlog
                0x00000000000114cc                log_message
                0x00000000000114f4                log_set_putchar_with_slip
                0x0000000000011501                log_putchar
                0x0000000000011585                log_puts
                0x00000000000115a9                log_printf
 .text          0x000000000001160a      0x2c4 obj_cooja/mtype423.a(cfs-cooja.o)
                0x000000000001160a                cfs_open
                0x0000000000011673                cfs_close
                0x000000000001167f                cfs_read
                0x000000000001171d                cfs_write
                0x00000000000117fa                cfs_seek
                0x0000000000011882                cfs_remove
                0x00000000000118ab                cfs_opendir
                0x00000000000118b5                cfs_readdir
                0x00000000000118bf                cfs_closedir
 .text          0x00000000000118ce      0x69f obj_cooja/mtype423.a(cooja-radio.o)
                0x00000000000118f8                radio_set_channel
                0x000000000001190d                radio_set_txpower
                0x000000000001192d                radio_signal_strength_last
                0x0000000000011937                radio_signal_strength_current
                0x0000000000011941                radio_LQI
 .text          0x0000000000011f6d       0xef obj_cooja/mtype423.a(eeprom.o)
                0x0000000000011f6d                eeprom_init
                0x0000000000011f72                eeprom_read
                0x0000000000011fe2                eeprom_write
 .text          0x000000000001205c       0x28 obj_cooja/mtype423.a(random.o)
                0x000000000001205c                random_init
                0x0000000000012077                random_rand
 .text          0x0000000000012084      0x2a1 obj_cooja/mtype423.a(sensors.o)
                0x00000000000120bf                sensors_first
                0x00000000000120c9                sensors_next
                0x00000000000120e6                sensors_changed
                0x0000000000012115                sensors_find
 .text          0x0000000000012325      0x134 obj_cooja/mtype423.a(leds.o)
                0x0000000000012376                leds_init
                0x000000000001238a                leds_blink
                0x00000000000123c2                leds_get
                0x00000000000123cf                leds_set
                0x00000000000123e9                leds_on
                0x000000000001240c                leds_off
                0x0000000000012436                leds_toggle
 .text          0x0000000000012459      0x471 obj_cooja/mtype423.a(dual_conf.o)
                0x0000000000012459                dual_radio_switch
                0x0000000000012499                dual_radio_change
                0x00000000000124d3                sending_in_LR
                0x00000000000124fe                dual_radio_received
                0x0000000000012551                radio_received_is_longrange
                0x000000000001256c                dual_radio_turn_on
                0x000000000001258f                dual_radio_turn_off
                0x0000000000012850                dio_broadcast
                0x0000000000012879                dis_broadcast
                0x000000000001289a                LSA_converge_broadcast
 .text          0x00000000000128ca       0x8e obj_cooja/mtype423.a(autostart.o)
                0x00000000000128ca                autostart_start
                0x0000000000012915                autostart_exit
 .text          0x0000000000012958      0x334 obj_cooja/mtype423.a(ctimer.o)
                0x0000000000012a6f                ctimer_init
                0x0000000000012a9f                ctimer_set
                0x0000000000012ad0                ctimer_set_with_process
                0x0000000000012b4c                ctimer_reset
                0x0000000000012b9b                ctimer_restart
                0x0000000000012bea                ctimer_stop
                0x0000000000012c35                ctimer_expired
 .text          0x0000000000012c8c      0x40b obj_cooja/mtype423.a(etimer.o)
                0x0000000000012e9f                etimer_request_poll
                0x0000000000012f23                etimer_set
                0x0000000000012f48                etimer_reset_with_new_interval
                0x0000000000012f6f                etimer_reset
                0x0000000000012f8d                etimer_restart
                0x0000000000012fab                etimer_adjust
                0x0000000000012fc7                etimer_expired
                0x0000000000012fda                etimer_expiration_time
                0x0000000000012fec                etimer_start_time
                0x0000000000012ff6                etimer_pending
                0x0000000000013008                etimer_next_expiration_time
                0x0000000000013022                etimer_stop
 .text          0x0000000000013097       0xdd obj_cooja/mtype423.a(log_message.o)
                0x0000000000013097                log_initialization
                0x0000000000013153                log_finisher
 .text          0x0000000000013174      0x560 obj_cooja/mtype423.a(process.o)
                0x0000000000013174                process_alloc_event
                0x0000000000013189                process_start
                0x0000000000013372                process_exit
                0x000000000001338e                process_init
                0x000000000001355f                process_run
                0x0000000000013592                process_nevents
                0x00000000000135ad                process_post
                0x0000000000013659                process_post_synch
                0x0000000000013691                process_poll
                0x00000000000136c0                process_is_running
 .text          0x00000000000136d4       0xd3 obj_cooja/mtype423.a(residual.o)
                0x00000000000136d4                get_residual_energy
 .text          0x00000000000137a7       0xba obj_cooja/mtype423.a(rtimer.o)
                0x00000000000137a7                rtimer_init
                0x00000000000137b4                rtimer_set
                0x000000000001380b                rtimer_run_next
 .text          0x0000000000013861       0x91 obj_cooja/mtype423.a(timer.o)
                0x0000000000013861                timer_set
                0x000000000001387c                timer_reset
                0x0000000000013893                timer_restart
                0x00000000000138a5                timer_expired
                0x00000000000138ce                timer_remaining
 .text          0x00000000000138f2      0x1fb obj_cooja/mtype423.a(serial-line.o)
                0x00000000000138f2                serial_line_input_byte
                0x0000000000013ab5                serial_line_init
 .text          0x0000000000013aed      0x244 obj_cooja/mtype423.a(list.o)
                0x0000000000013aed                list_init
                0x0000000000013afb                list_head
                0x0000000000013b05                list_copy
                0x0000000000013b14                list_tail
                0x0000000000013b4a                list_add
                0x0000000000013b93                list_push
                0x0000000000013bbf                list_chop
                0x0000000000013c29                list_pop
                0x0000000000013c51                list_remove
                0x0000000000013cb8                list_length
                0x0000000000013ce6                list_insert
                0x0000000000013d1a                list_item_next
 .text          0x0000000000013d31      0x155 obj_cooja/mtype423.a(ringbuf.o)
                0x0000000000013d31                ringbuf_init
                0x0000000000013d62                ringbuf_put
                0x0000000000013de0                ringbuf_get
                0x0000000000013e4d                ringbuf_size
                0x0000000000013e5f                ringbuf_elements
 .text          0x0000000000013e86     0x258b obj_cooja/mtype423.a(sicslowpan.o)
                0x0000000000014410                rime_sniffer_add
                0x000000000001441d                rime_sniffer_remove
                0x00000000000163b0                sicslowpan_init
                0x0000000000016407                sicslowpan_get_last_rssi
 .text          0x0000000000016411      0x2dc obj_cooja/mtype423.a(uip-ds6-nbr.o)
                0x000000000001642e                uip_ds6_neighbors_init
                0x000000000001644b                uip_ds6_nbr_add
                0x00000000000164fc                uip_ds6_nbr_rm
                0x0000000000016559                uip_ds6_nbr_get_ipaddr
                0x000000000001656e                uip_ds6_nbr_get_ll
                0x000000000001658a                uip_ds6_nbr_num
                0x00000000000165cf                uip_ds6_nbr_lookup
                0x0000000000016634                uip_ds6_nbr_ll_lookup
                0x0000000000016650                uip_ds6_nbr_ipaddr_from_lladdr
                0x0000000000016676                uip_ds6_nbr_lladdr_from_ipaddr
                0x00000000000166a4                uip_ds6_link_neighbor_callback
 .text          0x00000000000166ed     0x12ad obj_cooja/mtype423.a(uip-ds6.o)
                0x00000000000166ed                uip_ds6_init
                0x0000000000016a42                uip_ds6_periodic
                0x0000000000016b1a                uip_ds6_list_loop
                0x0000000000016bc1                uip_ds6_prefix_add
                0x0000000000016c7f                uip_ds6_prefix_rm
                0x0000000000016c91                uip_ds6_prefix_lookup
                0x0000000000016ce2                uip_ds6_is_addr_onlink
                0x0000000000016d56                uip_ds6_addr_add
                0x0000000000016e84                uip_ds6_long_addr_add
                0x0000000000016fb2                uip_ds6_addr_rm
                0x0000000000017052                uip_ds6_addr_lookup
                0x000000000001709d                uip_ds6_long_addr_lookup
                0x00000000000170e8                uip_ds6_get_link_local
                0x0000000000017167                uip_ds6_long_get_link_local
                0x00000000000171e6                uip_ds6_get_global
                0x0000000000017265                uip_ds6_long_get_global
                0x00000000000172e4                uip_ds6_maddr_add
                0x0000000000017356                uip_ds6_long_maddr_add
                0x00000000000173c8                uip_ds6_maddr_rm
                0x00000000000173da                uip_ds6_maddr_lookup
                0x0000000000017425                uip_ds6_long_maddr_lookup
                0x0000000000017470                uip_ds6_aaddr_add
                0x00000000000174e2                uip_ds6_long_aaddr_add
                0x0000000000017554                uip_ds6_aaddr_rm
                0x0000000000017566                uip_ds6_aaddr_lookup
                0x00000000000175b1                uip_ds6_long_aaddr_lookup
                0x00000000000175fc                uip_ds6_select_src
                0x0000000000017885                uip_ds6_set_addr_iid
                0x00000000000178bc                get_match_length
                0x000000000001794e                uip_ds6_compute_reachable_time
 .text          0x000000000001799a     0x29f3 obj_cooja/mtype423.a(uip6.o)
                0x000000000001799a                uip_add32
                0x0000000000017b33                uip_chksum
                0x0000000000017c21                uip_icmp6chksum
                0x0000000000017c35                uip_tcpchksum
                0x0000000000017c49                uip_udpchksum
                0x0000000000017c5d                uip_init
                0x0000000000017d2d                uip_connect
                0x0000000000017edc                remove_ext_hdr
                0x0000000000017fb1                uip_udp_new
                0x000000000001810d                uip_unlisten
                0x000000000001816d                uip_listen
                0x000000000001842f                uip_process
                0x000000000001a281                uip_htons
                0x000000000001a2a3                uip_htonl
                0x000000000001a2e3                uip_send
 .text          0x000000000001a38d      0xb43 obj_cooja/mtype423.a(tcpip.o)
                0x000000000001a38d                tcpip_output
                0x000000000001a3bb                tcpip_set_outputfunc
                0x000000000001a44f                tcp_connect
                0x000000000001a4a4                tcp_unlisten
                0x000000000001a4ff                tcp_listen
                0x000000000001a558                tcp_attach
                0x000000000001a57d                udp_attach
                0x000000000001a5a2                udp_new
                0x000000000001a5f4                udp_broadcast_new
                0x000000000001a868                tcpip_input
                0x000000000001a89c                tcpip_ipv6_output
                0x000000000001ad16                tcpip_poll_udp
                0x000000000001ad39                tcpip_poll_tcp
                0x000000000001ad5c                tcpip_uipcall
 .text          0x000000000001aed0      0x1c1 obj_cooja/mtype423.a(uip-debug.o)
                0x000000000001aed0                uip_debug_ipaddr_print
                0x000000000001b032                uip_debug_lladdr_print
 .text          0x000000000001b091      0x141 obj_cooja/mtype423.a(uip-packetqueue)
                0x000000000001b0bd                uip_packetqueue_new
                0x000000000001b0cb                uip_packetqueue_alloc
                0x000000000001b12b                uip_packetqueue_free
                0x000000000001b16c                uip_packetqueue_buf
                0x000000000001b189                uip_packetqueue_buflen
                0x000000000001b1aa                uip_packetqueue_set_buflen
 .text          0x000000000001b1d2     0x26c6 obj_cooja/mtype423.a(rpl-dag.o)
                0x000000000001b1d2                rpl_lr_in_child
                0x000000000001b28a                rpl_print_neighbor_list
                0x000000000001b333                rpl_print_child_neighbor_list
                0x000000000001b3a8                rpl_get_nbr
                0x000000000001b402                rpl_get_nbr_child
                0x000000000001b45c                rpl_dag_init
                0x000000000001b48e                rpl_get_parent
                0x000000000001b4b0                rpl_get_parent_rank
                0x000000000001b4e3                rpl_get_parent_link_metric
                0x000000000001b516                rpl_get_parent_ipaddr
                0x000000000001b540                rpl_get_child_ipaddr
                0x000000000001b85b                rpl_set_root
                0x000000000001ba89                rpl_repair_root
                0x000000000001bcc5                rpl_set_prefix
                0x000000000001bdc4                rpl_set_default_route
                0x000000000001be50                rpl_alloc_instance
                0x000000000001bee3                rpl_alloc_dag
                0x000000000001bf96                rpl_set_default_instance
                0x000000000001bfa3                rpl_get_default_instance
                0x000000000001bfad                rpl_free_instance
                0x000000000001c05e                rpl_free_dag
                0x000000000001c0c4                rpl_add_parent
                0x000000000001c1ad                rpl_find_parent
                0x000000000001c1dd                rpl_add_child
                0x000000000001c281                rpl_find_child
                0x000000000001c2cf                rpl_find_parent_any_dag
                0x000000000001c30b                rpl_select_dag
                0x000000000001c741                rpl_select_parent
                0x000000000001c7a3                rpl_remove_parent
                0x000000000001c7d9                rpl_remove_child
                0x000000000001c7f5                rpl_nullify_parent
                0x000000000001c893                rpl_move_parent
                0x000000000001c930                rpl_has_downward_route
                0x000000000001c983                rpl_get_any_dag
                0x000000000001c9e5                rpl_get_instance
                0x000000000001ca48                rpl_find_of
                0x000000000001ca85                rpl_join_instance
                0x000000000001cd21                rpl_add_dag
                0x000000000001d110                rpl_local_repair
                0x000000000001d1e9                rpl_recalculate_ranks
                0x000000000001d26f                rpl_process_parent_event
                0x000000000001d321                rpl_process_dio
 .text          0x000000000001d898      0xbf3 obj_cooja/mtype423.a(rpl-ext-header.)
                0x000000000001d8b5                rpl_verify_header
                0x000000000001dd2f                rpl_update_header_empty
                0x000000000001e046                rpl_update_header_final
                0x000000000001e1d5                rpl_remove_header
                0x000000000001e2df                rpl_invert_header
                0x000000000001e469                rpl_insert_header
 .text          0x000000000001e48b     0x24c3 obj_cooja/mtype423.a(rpl-icmp6.o)
                0x000000000001e754                rpl_icmp6_update_nbr_table
                0x000000000001e844                dis_output
                0x000000000001f17c                dio_output
                0x000000000001f9e7                LSA_converge_output
                0x00000000000204ad                dao_output
                0x0000000000020575                dao_output_target
                0x00000000000208f6                dao_ack_output
                0x000000000002090a                rpl_icmp6_register_handlers
 .text          0x000000000002094e      0x3dc obj_cooja/mtype423.a(rpl-ltmax.o)
 .text          0x0000000000020d2a      0x8d8 obj_cooja/mtype423.a(rpl-timers.o)
                0x0000000000020d2a                rpl_LSA_convergence_timer
                0x0000000000020dd1                rpl_reset_LSA_convergence_timer
                0x0000000000021095                rpl_reset_periodic_timer
                0x00000000000210ea                rpl_reset_dio_timer
                0x0000000000021324                rpl_schedule_dao
                0x000000000002133f                rpl_schedule_dao_immediately
                0x000000000002135a                rpl_cancel_dao
                0x00000000000213bc                rpl_schedule_unicast_dio_immediately
                0x00000000000215aa                rpl_schedule_probing
 .text          0x0000000000021602      0x5dc obj_cooja/mtype423.a(rpl.o)
                0x0000000000021602                rpl_get_mode
                0x000000000002160c                rpl_set_mode
                0x000000000002169a                rpl_purge_routes
                0x0000000000021794                rpl_remove_routes
                0x00000000000217da                rpl_remove_routes_by_nexthop
                0x0000000000021846                rpl_add_route
                0x00000000000218c1                rpl_link_neighbor_callback
                0x00000000000219c6                rpl_ipv6_neighbor_callback
                0x0000000000021a35                rpl_purge_dags
                0x0000000000021b41                rpl_init
 .text          0x0000000000021bde      0x831 obj_cooja/mtype423.a(csma.o)
 .text          0x000000000002240f      0x3f5 obj_cooja/mtype423.a(framer-802154.o)
 .text          0x0000000000022804       0x3c obj_cooja/mtype423.a(mac.o)
                0x0000000000022804                mac_call_sent_callback
 .text          0x0000000000022840     0x100f obj_cooja/mtype423.a(cxmac.o)
                0x000000000002378a                cxmac_set_announcement_radio_txpower
                0x000000000002378f                cxmac_init
 .text          0x000000000002384f       0x82 obj_cooja/mtype423.a(linkaddr.o)
                0x000000000002384f                linkaddr_copy
                0x0000000000023871                linkaddr_cmp
                0x000000000002389b                linkaddr_set_node_addr
                0x00000000000238b6                linkaddr_set_node_long_addr
 .text          0x00000000000238d1      0x915 obj_cooja/mtype423.a(nbr-table.o)
                0x00000000000238d1                long_ip_from_lladdr_map
                0x000000000002395a                lladdr_map_add_lr
                0x0000000000023a17                lladdr_map_rm_lr
                0x0000000000023edc                nbr_table_register
                0x0000000000023f24                nbr_table_head
                0x0000000000023f80                nbr_table_next
                0x0000000000023fe7                nbr_table_add_lladdr
                0x00000000000240c3                nbr_table_get_from_lladdr
                0x0000000000024110                nbr_table_remove
                0x0000000000024162                nbr_table_lock
                0x000000000002418c                nbr_table_unlock
                0x00000000000241b6                nbr_table_get_lladdr
 .text          0x00000000000241e6       0x2b obj_cooja/mtype423.a(netstack.o)
                0x00000000000241e6                netstack_init
 .text          0x0000000000024211      0x3cd obj_cooja/mtype423.a(packetbuf.o)
                0x0000000000024211                packetbuf_clear
                0x000000000002423b                packetbuf_copyfrom
                0x000000000002428d                packetbuf_compact
                0x000000000002430a                packetbuf_copyto
                0x00000000000243a1                packetbuf_hdralloc
                0x000000000002441e                packetbuf_hdrreduce
                0x0000000000024466                packetbuf_set_datalen
                0x000000000002447f                packetbuf_dataptr
                0x000000000002449c                packetbuf_hdrptr
                0x00000000000244a6                packetbuf_datalen
                0x00000000000244b2                packetbuf_hdrlen
                0x00000000000244c9                packetbuf_totlen
                0x00000000000244df                packetbuf_attr_clear
                0x0000000000024531                packetbuf_attr_copyto
                0x000000000002457a                packetbuf_attr_copyfrom
                0x00000000000245c2                packetbuf_holds_broadcast
 .text          0x00000000000245de      0x2b4 obj_cooja/mtype423.a(queuebuf.o)
                0x00000000000245e8                queuebuf_init
                0x0000000000024608                queuebuf_numfree
                0x000000000002461c                queuebuf_new_from_packetbuf
                0x00000000000246ac                queuebuf_update_attr_from_packetbuf
                0x00000000000246df                queuebuf_update_from_packetbuf
                0x0000000000024729                queuebuf_free
                0x0000000000024770                queuebuf_to_packetbuf
                0x00000000000247d6                queuebuf_dataptr
                0x000000000002480d                queuebuf_datalen
                0x0000000000024830                queuebuf_addr
                0x0000000000024862                queuebuf_attr
                0x000000000002488d                queuebuf_debug_print
 .text          0x0000000000024892       0x6e obj_cooja/mtype423.a(nullsec.o)
 .text          0x0000000000024900       0x19 obj_cooja/mtype423.a(watchdog.o)
                0x0000000000024900                watchdog_init
                0x0000000000024905                watchdog_start
                0x000000000002490a                watchdog_periodic
                0x000000000002490f                watchdog_stop
                0x0000000000024914                watchdog_reboot
 .text          0x0000000000024919        0x0 obj_cooja/mtype423.a(rimestats.o)
 .text          0x0000000000024919       0xa3 obj_cooja/mtype423.a(stimer.o)
                0x0000000000024919                stimer_set
                0x0000000000024934                stimer_reset
                0x000000000002494b                stimer_restart
                0x000000000002495d                stimer_expired
                0x0000000000024984                stimer_remaining
                0x00000000000249a8                stimer_elapsed
 .text          0x00000000000249bc      0x1c1 obj_cooja/mtype423.a(memb.o)
                0x00000000000249bc                memb_init
                0x0000000000024a1a                memb_alloc
                0x0000000000024a7f                memb_free
                0x0000000000024afa                memb_inmemb
                0x0000000000024b39                memb_numfree
 .text          0x0000000000024b7d      0x916 obj_cooja/mtype423.a(uip-ds6-route.o)
                0x0000000000024bf4                uip_ds6_notification_add
                0x0000000000024c25                uip_ds6_notification_rm
                0x0000000000024c41                uip_ds6_route_init
                0x0000000000024cc9                uip_ds6_route_nexthop
                0x0000000000024cf1                uip_ds6_route_head
                0x0000000000024d06                uip_ds6_route_next
                0x0000000000024d2c                uip_ds6_route_is_nexthop
                0x0000000000024d6b                uip_ds6_route_num_routes
                0x0000000000024d75                uip_ds6_route_lookup
                0x0000000000024e37                uip_ds6_route_add
                0x000000000002506b                uip_ds6_route_rm
                0x00000000000251ff                uip_ds6_route_rm_by_nexthop
                0x0000000000025237                uip_ds6_defrt_add
                0x00000000000252e8                uip_ds6_defrt_rm
                0x0000000000025367                uip_ds6_defrt_lookup
                0x00000000000253c0                uip_ds6_defrt_choose
                0x000000000002542b                uip_ds6_defrt_periodic
 .text          0x0000000000025493      0xab2 obj_cooja/mtype423.a(uip-icmp6.o)
                0x0000000000025501                uip_icmp6_input
                0x0000000000025557                uip_icmp6_register_input_handler
                0x000000000002581f                uip_icmp6_error_output
                0x0000000000025b64                uip_icmp6_send
                0x0000000000025ed8                uip_icmp6_echo_reply_callback_add
                0x0000000000025f09                uip_icmp6_echo_reply_callback_rm
                0x0000000000025f25                uip_icmp6_init
 .text          0x0000000000025f45      0x358 obj_cooja/mtype423.a(uip-nd6.o)
                0x0000000000025f99                uip_nd6_ns_output
                0x0000000000026298                uip_nd6_init
 .text          0x000000000002629d      0x331 obj_cooja/mtype423.a(rpl-nbr-policy.)
                0x0000000000026475                find_removable_dis
                0x0000000000026498                find_removable_dio
                0x0000000000026527                find_removable_dao
                0x0000000000026577                rpl_nbr_policy_find_removable
 .text          0x00000000000265ce      0x97c obj_cooja/mtype423.a(frame802154.o)
                0x00000000000265ff                frame802154_get_pan_id
                0x000000000002660b                frame802154_set_pan_id
                0x0000000000026624                frame802154_has_panid
                0x0000000000026710                frame802154_check_dest_panid
                0x0000000000026778                frame802154_is_broadcast_addr
                0x00000000000267c5                frame802154_extract_linkaddr
                0x0000000000026a05                frame802154_hdrlen
                0x0000000000026a56                frame802154_create
                0x0000000000026c41                frame802154_parse
 .text          0x0000000000026f4a        0x0 /usr/lib/gcc/i686-linux-gnu/4.8/crtendS.o
 .text          0x0000000000026f4a        0x0 /usr/lib/gcc/i686-linux-gnu/4.8/../../../i386-linux-gnu/crtn.o
 *(.gnu.warning)

.fini           0x0000000000026f4c       0x14
 *(SORT(.fini))
 .fini          0x0000000000026f4c        0xf /usr/lib/gcc/i686-linux-gnu/4.8/../../../i386-linux-gnu/crti.o
                0x0000000000026f4c                _fini
 .fini          0x0000000000026f5b        0x5 /usr/lib/gcc/i686-linux-gnu/4.8/../../../i386-linux-gnu/crtn.o
                0x0000000000026f60                PROVIDE (__etext, .)
                0x0000000000026f60                PROVIDE (_etext, .)
                0x0000000000026f60                PROVIDE (etext, .)

.rodata         0x0000000000026f60      0xa80
 *(.rodata .rodata.* .gnu.linkonce.r.*)
 .rodata        0x0000000000026f60      0x148 udp-server.co
                0x0000000000026f74                autostart_processes
 .rodata        0x00000000000270a8      0x1e6 obj_cooja/mtype423.o
 *fill*         0x000000000002728e        0x2 
 .rodata        0x0000000000027290        0x8 obj_cooja/mtype423.a(beep.o)
                0x0000000000027290                beep_interface
 .rodata        0x0000000000027298       0x20 obj_cooja/mtype423.a(button-sensor.o)
                0x0000000000027298                button_interface
                0x00000000000272a8                button_sensor
 .rodata        0x00000000000272b8        0x8 obj_cooja/mtype423.a(leds-arch.o)
                0x00000000000272b8                leds_interface
 .rodata        0x00000000000272c0        0x8 obj_cooja/mtype423.a(moteid.o)
                0x00000000000272c0                moteid_interface
 .rodata        0x00000000000272c8       0x1c obj_cooja/mtype423.a(pir-sensor.o)
                0x00000000000272c8                pir_interface
                0x00000000000272d4                pir_sensor
 .rodata        0x00000000000272e4        0xe obj_cooja/mtype423.a(rs232.o)
                0x00000000000272e4                rs232_interface
 *fill*         0x00000000000272f2        0x2 
 .rodata        0x00000000000272f4       0x24 obj_cooja/mtype423.a(vib-sensor.o)
                0x00000000000272f4                vib_interface
                0x0000000000027308                vib_sensor
 .rodata        0x0000000000027318        0x8 obj_cooja/mtype423.a(clock.o)
                0x0000000000027318                clock_interface
 .rodata        0x0000000000027320        0x8 obj_cooja/mtype423.a(log.o)
                0x0000000000027320                simlog_interface
 .rodata        0x0000000000027328       0x2f obj_cooja/mtype423.a(cfs-cooja.o)
                0x0000000000027328                cfs_interface
 *fill*         0x0000000000027357        0x9 
 .rodata        0x0000000000027360       0x60 obj_cooja/mtype423.a(cooja-radio.o)
                0x0000000000027380                cooja_radio_driver
                0x00000000000273b8                radio_interface
 .rodata        0x00000000000273c0        0x8 obj_cooja/mtype423.a(eeprom.o)
                0x00000000000273c0                eeprom_interface
 .rodata        0x00000000000273c8        0x8 obj_cooja/mtype423.a(sensors.o)
 .rodata        0x00000000000273d0      0x1fe obj_cooja/mtype423.a(dual_conf.o)
 .rodata        0x00000000000275ce        0xf obj_cooja/mtype423.a(ctimer.o)
 .rodata        0x00000000000275dd        0xc obj_cooja/mtype423.a(etimer.o)
 *fill*         0x00000000000275e9        0x3 
 .rodata        0x00000000000275ec       0x73 obj_cooja/mtype423.a(log_message.o)
 *fill*         0x000000000002765f        0x1 
 .rodata        0x0000000000027660       0x20 obj_cooja/mtype423.a(residual.o)
 .rodata        0x0000000000027680        0xe obj_cooja/mtype423.a(serial-line.o)
 *fill*         0x000000000002768e        0x2 
 .rodata        0x0000000000027690       0x2c obj_cooja/mtype423.a(sicslowpan.o)
                0x0000000000027690                unc_llconf
                0x0000000000027694                unc_ctxconf
                0x0000000000027698                unc_mxconf
                0x000000000002769c                llprefix
                0x00000000000276b0                sicslowpan_driver
 .rodata        0x00000000000276bc      0x13c obj_cooja/mtype423.a(uip6.o)
 .rodata        0x00000000000277f8       0x49 obj_cooja/mtype423.a(tcpip.o)
 .rodata        0x0000000000027841       0x3e obj_cooja/mtype423.a(uip-debug.o)
 *fill*         0x000000000002787f        0x1 
 .rodata        0x0000000000027880        0x4 obj_cooja/mtype423.a(rpl-dag.o)
 .rodata        0x0000000000027884       0x1c obj_cooja/mtype423.a(rpl-icmp6.o)
 .rodata        0x00000000000278a0       0x86 obj_cooja/mtype423.a(rpl-timers.o)
 *fill*         0x0000000000027926        0x2 
 .rodata        0x0000000000027928       0x24 obj_cooja/mtype423.a(csma.o)
                0x0000000000027930                csma_driver
 .rodata        0x000000000002794c        0xc obj_cooja/mtype423.a(framer-802154.o)
                0x000000000002794c                framer_802154
 *fill*         0x0000000000027958        0x8 
 .rodata        0x0000000000027960       0x60 obj_cooja/mtype423.a(cxmac.o)
                0x00000000000279a0                cxmac_driver
 .rodata        0x00000000000279c0        0x8 obj_cooja/mtype423.a(linkaddr.o)
                0x00000000000279c0                linkaddr_null
 .rodata        0x00000000000279c8       0x18 obj_cooja/mtype423.a(nullsec.o)
                0x00000000000279d0                nullsec_driver

.rodata1
 *(.rodata1)

.eh_frame_hdr   0x00000000000279e0     0x144c
 *(.eh_frame_hdr)
 .eh_frame_hdr  0x00000000000279e0     0x144c udp-server.co

.eh_frame       0x0000000000028e2c     0x527c
 *(.eh_frame)
 .eh_frame      0x0000000000028e2c       0x3c /usr/lib/gcc/i686-linux-gnu/4.8/../../../i386-linux-gnu/crti.o
                                         0x40 (size before relaxing)
 .eh_frame      0x0000000000028e68       0x68 udp-server.co
                                         0x80 (size before relaxing)
 .eh_frame      0x0000000000028ed0      0x148 obj_cooja/mtype423.o
                                        0x160 (size before relaxing)
 .eh_frame      0x0000000000029018       0x40 obj_cooja/mtype423.a(simEnvChange.o)
                                         0x58 (size before relaxing)
 .eh_frame      0x0000000000029058       0xc0 obj_cooja/mtype423.a(cooja_mt.o)
                                         0xd8 (size before relaxing)
 .eh_frame      0x0000000000029118      0x120 obj_cooja/mtype423.a(cooja_mtarch.o)
                                        0x138 (size before relaxing)
 .eh_frame      0x0000000000029238       0xc0 obj_cooja/mtype423.a(rtimer-arch.o)
                                         0xd8 (size before relaxing)
 .eh_frame      0x00000000000292f8      0x160 obj_cooja/mtype423.a(beep.o)
                                        0x178 (size before relaxing)
 .eh_frame      0x0000000000029458       0xa0 obj_cooja/mtype423.a(button-sensor.o)
                                         0xb8 (size before relaxing)
 .eh_frame      0x00000000000294f8       0xa0 obj_cooja/mtype423.a(leds-arch.o)
                                         0xb8 (size before relaxing)
 .eh_frame      0x0000000000029598       0x40 obj_cooja/mtype423.a(moteid.o)
                                         0x58 (size before relaxing)
 .eh_frame      0x00000000000295d8       0xa0 obj_cooja/mtype423.a(pir-sensor.o)
                                         0xb8 (size before relaxing)
 .eh_frame      0x0000000000029678      0x100 obj_cooja/mtype423.a(rs232.o)
                                        0x118 (size before relaxing)
 .eh_frame      0x0000000000029778       0xa0 obj_cooja/mtype423.a(vib-sensor.o)
                                         0xb8 (size before relaxing)
 .eh_frame      0x0000000000029818       0xc0 obj_cooja/mtype423.a(clock.o)
                                         0xd8 (size before relaxing)
 .eh_frame      0x00000000000298d8      0x120 obj_cooja/mtype423.a(log.o)
                                        0x138 (size before relaxing)
 .eh_frame      0x00000000000299f8      0x160 obj_cooja/mtype423.a(cfs-cooja.o)
                                        0x178 (size before relaxing)
 .eh_frame      0x0000000000029b58      0x2e0 obj_cooja/mtype423.a(cooja-radio.o)
                                        0x2f8 (size before relaxing)
 .eh_frame      0x0000000000029e38       0xa0 obj_cooja/mtype423.a(eeprom.o)
                                         0xb8 (size before relaxing)
 .eh_frame      0x0000000000029ed8       0x40 obj_cooja/mtype423.a(random.o)
                                         0x58 (size before relaxing)
 .eh_frame      0x0000000000029f18       0xc0 obj_cooja/mtype423.a(sensors.o)
                                         0xd8 (size before relaxing)
 .eh_frame      0x0000000000029fd8      0x100 obj_cooja/mtype423.a(leds.o)
                                        0x118 (size before relaxing)
 .eh_frame      0x000000000002a0d8      0x1a0 obj_cooja/mtype423.a(dual_conf.o)
                                        0x1b8 (size before relaxing)
 .eh_frame      0x000000000002a278       0x40 obj_cooja/mtype423.a(autostart.o)
                                         0x58 (size before relaxing)
 .eh_frame      0x000000000002a2b8      0x100 obj_cooja/mtype423.a(ctimer.o)
                                        0x118 (size before relaxing)
 .eh_frame      0x000000000002a3b8      0x1e0 obj_cooja/mtype423.a(etimer.o)
                                        0x1f8 (size before relaxing)
 .eh_frame      0x000000000002a598       0x40 obj_cooja/mtype423.a(log_message.o)
                                         0x58 (size before relaxing)
 .eh_frame      0x000000000002a5d8      0x1c8 obj_cooja/mtype423.a(process.o)
                                        0x1e0 (size before relaxing)
 .eh_frame      0x000000000002a7a0       0x2c obj_cooja/mtype423.a(residual.o)
                                         0x44 (size before relaxing)
 .eh_frame      0x000000000002a7cc       0x60 obj_cooja/mtype423.a(rtimer.o)
                                         0x78 (size before relaxing)
 .eh_frame      0x000000000002a82c       0xa4 obj_cooja/mtype423.a(timer.o)
                                         0xbc (size before relaxing)
 .eh_frame      0x000000000002a8d0       0x60 obj_cooja/mtype423.a(serial-line.o)
                                         0x78 (size before relaxing)
 .eh_frame      0x000000000002a930      0x180 obj_cooja/mtype423.a(list.o)
                                        0x198 (size before relaxing)
 .eh_frame      0x000000000002aab0       0xa0 obj_cooja/mtype423.a(ringbuf.o)
                                         0xb8 (size before relaxing)
 .eh_frame      0x000000000002ab50      0x350 obj_cooja/mtype423.a(sicslowpan.o)
                                        0x368 (size before relaxing)
 .eh_frame      0x000000000002aea0      0x180 obj_cooja/mtype423.a(uip-ds6-nbr.o)
                                        0x198 (size before relaxing)
 .eh_frame      0x000000000002b020      0x3c8 obj_cooja/mtype423.a(uip-ds6.o)
                                        0x3e0 (size before relaxing)
 .eh_frame      0x000000000002b3e8      0x27c obj_cooja/mtype423.a(uip6.o)
                                        0x294 (size before relaxing)
 .eh_frame      0x000000000002b664      0x270 obj_cooja/mtype423.a(tcpip.o)
                                        0x288 (size before relaxing)
 .eh_frame      0x000000000002b8d4       0x48 obj_cooja/mtype423.a(uip-debug.o)
                                         0x60 (size before relaxing)
 .eh_frame      0x000000000002b91c       0xe0 obj_cooja/mtype423.a(uip-packetqueue)
                                         0xf8 (size before relaxing)
 .eh_frame      0x000000000002b9fc      0x76c obj_cooja/mtype423.a(rpl-dag.o)
                                        0x784 (size before relaxing)
 .eh_frame      0x000000000002c168      0x10c obj_cooja/mtype423.a(rpl-ext-header.)
                                        0x124 (size before relaxing)
 .eh_frame      0x000000000002c274      0x2f8 obj_cooja/mtype423.a(rpl-icmp6.o)
                                        0x310 (size before relaxing)
 .eh_frame      0x000000000002c56c       0xe0 obj_cooja/mtype423.a(rpl-ltmax.o)
                                         0xf8 (size before relaxing)
 .eh_frame      0x000000000002c64c      0x26c obj_cooja/mtype423.a(rpl-timers.o)
                                        0x284 (size before relaxing)
 .eh_frame      0x000000000002c8b8      0x148 obj_cooja/mtype423.a(rpl.o)
                                        0x160 (size before relaxing)
 .eh_frame      0x000000000002ca00      0x28c obj_cooja/mtype423.a(csma.o)
                                        0x2a4 (size before relaxing)
 .eh_frame      0x000000000002cc8c      0x108 obj_cooja/mtype423.a(framer-802154.o)
                                        0x120 (size before relaxing)
 .eh_frame      0x000000000002cd94       0x20 obj_cooja/mtype423.a(mac.o)
                                         0x38 (size before relaxing)
 .eh_frame      0x000000000002cdb4      0x2bc obj_cooja/mtype423.a(cxmac.o)
                                        0x2d4 (size before relaxing)
 .eh_frame      0x000000000002d070       0x80 obj_cooja/mtype423.a(linkaddr.o)
                                         0x98 (size before relaxing)
 .eh_frame      0x000000000002d0f0      0x2cc obj_cooja/mtype423.a(nbr-table.o)
                                        0x2e4 (size before relaxing)
 .eh_frame      0x000000000002d3bc       0x20 obj_cooja/mtype423.a(netstack.o)
                                         0x38 (size before relaxing)
 .eh_frame      0x000000000002d3dc      0x214 obj_cooja/mtype423.a(packetbuf.o)
                                        0x22c (size before relaxing)
 .eh_frame      0x000000000002d5f0      0x1a0 obj_cooja/mtype423.a(queuebuf.o)
                                        0x1b8 (size before relaxing)
 .eh_frame      0x000000000002d790       0x80 obj_cooja/mtype423.a(nullsec.o)
                                         0x98 (size before relaxing)
 .eh_frame      0x000000000002d810       0xa0 obj_cooja/mtype423.a(watchdog.o)
                                         0xb8 (size before relaxing)
 .eh_frame      0x000000000002d8b0       0xc4 obj_cooja/mtype423.a(stimer.o)
                                         0xdc (size before relaxing)
 .eh_frame      0x000000000002d974       0xa0 obj_cooja/mtype423.a(memb.o)
                                         0xb8 (size before relaxing)
 .eh_frame      0x000000000002da14      0x2a0 obj_cooja/mtype423.a(uip-ds6-route.o)
                                        0x2b8 (size before relaxing)
 .eh_frame      0x000000000002dcb4      0x164 obj_cooja/mtype423.a(uip-icmp6.o)
                                        0x17c (size before relaxing)
 .eh_frame      0x000000000002de18       0x68 obj_cooja/mtype423.a(uip-nd6.o)
                                         0x80 (size before relaxing)
 .eh_frame      0x000000000002de80       0xc0 obj_cooja/mtype423.a(rpl-nbr-policy.)
                                         0xd8 (size before relaxing)
 .eh_frame      0x000000000002df40      0x164 obj_cooja/mtype423.a(frame802154.o)
                                        0x17c (size before relaxing)
 .eh_frame      0x000000000002e0a4        0x4 /usr/lib/gcc/i686-linux-gnu/4.8/crtendS.o

.gcc_except_table
 *(.gcc_except_table .gcc_except_table.*)

.exception_ranges
 *(.exception_ranges .exception_ranges*)
                0x000000000002e0a8                . = (ALIGN (0x1000) - ((0x1000 - .) & 0xfff))
                0x000000000002fef8                . = DATA_SEGMENT_ALIGN (0x1000, 0x1000)

.eh_frame
 *(.eh_frame)

.gcc_except_table
 *(.gcc_except_table .gcc_except_table.*)

.exception_ranges
 *(.exception_ranges .exception_ranges*)

.tdata
 *(.tdata .tdata.* .gnu.linkonce.td.*)

.tbss
 *(.tbss .tbss.* .gnu.linkonce.tb.*)
 *(.tcommon)

.preinit_array
 *(.preinit_array)

.init_array     0x000000000002fef8        0x4
 *(SORT(.init_array.*) SORT(.ctors.*))
 *(.init_array EXCLUDE_FILE(*crtend?.o *crtend.o *crtbegin?.o *crtbegin.o) .ctors)
 .init_array    0x000000000002fef8        0x4 /usr/lib/gcc/i686-linux-gnu/4.8/crtbeginS.o

.fini_array     0x000000000002fefc        0x4
 *(SORT(.fini_array.*) SORT(.dtors.*))
 *(.fini_array EXCLUDE_FILE(*crtend?.o *crtend.o *crtbegin?.o *crtbegin.o) .dtors)
 .fini_array    0x000000000002fefc        0x4 /usr/lib/gcc/i686-linux-gnu/4.8/crtbeginS.o

.ctors
 *crtbegin.o(.ctors)
 *crtbegin?.o(.ctors)
 *(EXCLUDE_FILE(*crtend?.o *crtend.o) .ctors)
 *(SORT(.ctors.*))
 *(.ctors)

.dtors
 *crtbegin.o(.dtors)
 *crtbegin?.o(.dtors)
 *(EXCLUDE_FILE(*crtend?.o *crtend.o) .dtors)
 *(SORT(.dtors.*))
 *(.dtors)

.jcr            0x000000000002ff00        0x4
 *(.jcr)
 .jcr           0x000000000002ff00        0x0 /usr/lib/gcc/i686-linux-gnu/4.8/crtbeginS.o
 .jcr           0x000000000002ff00        0x4 /usr/lib/gcc/i686-linux-gnu/4.8/crtendS.o

.data.rel.ro
 *(.data.rel.ro.local* .gnu.linkonce.d.rel.ro.local.*)
 *(.data.rel.ro .data.rel.ro.* .gnu.linkonce.d.rel.ro.*)

.dynamic        0x000000000002ff04       0xe8
 *(.dynamic)
 .dynamic       0x000000000002ff04       0xe8 /usr/lib/gcc/i686-linux-gnu/4.8/../../../i386-linux-gnu/crti.o
                0x000000000002ff04                _DYNAMIC

.got            0x000000000002ffec       0x14
 *(.got)
 .got           0x000000000002ffec       0x14 /usr/lib/gcc/i686-linux-gnu/4.8/../../../i386-linux-gnu/crti.o
 *(.igot)
                0x0000000000030ff4                . = DATA_SEGMENT_RELRO_END (., (SIZEOF (.got.plt) >= 0xc)?0xc:0x0)

.got.plt        0x0000000000030000       0x14
 *(.got.plt)
 .got.plt       0x0000000000030000       0x14 /usr/lib/gcc/i686-linux-gnu/4.8/../../../i386-linux-gnu/crti.o
                0x0000000000030000                _GLOBAL_OFFSET_TABLE_
 *(.igot.plt)

.data           0x0000000000030020      0x2c2
 *(.data .data.* .gnu.linkonce.d.*)
 .data          0x0000000000030020        0x0 /usr/lib/gcc/i686-linux-gnu/4.8/../../../i386-linux-gnu/crti.o
 .data          0x0000000000030020        0x0 /usr/lib/gcc/i686-linux-gnu/4.8/crtbeginS.o
 .data.rel      0x0000000000030020        0x4 /usr/lib/gcc/i686-linux-gnu/4.8/crtbeginS.o
                0x0000000000030020                __dso_handle
 .data          0x0000000000030024       0x10 udp-server.co
                0x0000000000030024                udp_server_process
 *fill*         0x0000000000030034        0xc 
 .data          0x0000000000030040       0x44 obj_cooja/mtype423.o
                0x0000000000030040                simInterfaces
                0x0000000000030074                sensors
 .data          0x0000000000030084        0x0 obj_cooja/mtype423.a(simEnvChange.o)
 .data          0x0000000000030084        0x0 obj_cooja/mtype423.a(cooja_mt.o)
 .data          0x0000000000030084        0x0 obj_cooja/mtype423.a(cooja_mtarch.o)
 .data          0x0000000000030084        0x0 obj_cooja/mtype423.a(rtimer-arch.o)
 .data          0x0000000000030084        0x0 obj_cooja/mtype423.a(beep.o)
 .data          0x0000000000030084        0x0 obj_cooja/mtype423.a(button-sensor.o)
 .data          0x0000000000030084        0x0 obj_cooja/mtype423.a(leds-arch.o)
 .data          0x0000000000030084        0x0 obj_cooja/mtype423.a(moteid.o)
 .data          0x0000000000030084        0x0 obj_cooja/mtype423.a(pir-sensor.o)
 .data          0x0000000000030084        0x0 obj_cooja/mtype423.a(rs232.o)
 .data          0x0000000000030084        0x0 obj_cooja/mtype423.a(vib-sensor.o)
 .data          0x0000000000030084        0x0 obj_cooja/mtype423.a(clock.o)
 .data          0x0000000000030084        0x0 obj_cooja/mtype423.a(log.o)
 .data          0x0000000000030084        0x0 obj_cooja/mtype423.a(cfs-cooja.o)
 .data          0x0000000000030084       0x40 obj_cooja/mtype423.a(cooja-radio.o)
                0x0000000000030084                simRadioChannelLR
                0x0000000000030088                simRadioHWOnLR
                0x000000000003008c                simSignalStrengthLR
                0x0000000000030090                simLastSignalStrengthLR
                0x0000000000030094                simPowerLR
                0x0000000000030098                simLQILR
                0x000000000003009c                simRadioChannel
                0x00000000000300a0                simRadioHWOn
                0x00000000000300a4                simSignalStrength
                0x00000000000300a8                simLastSignalStrength
                0x00000000000300ac                simPower
                0x00000000000300b0                simLQI
                0x00000000000300b4                cooja_radio_process
 .data          0x00000000000300c4        0x0 obj_cooja/mtype423.a(eeprom.o)
 .data          0x00000000000300c4        0x0 obj_cooja/mtype423.a(random.o)
 .data          0x00000000000300c4       0x10 obj_cooja/mtype423.a(sensors.o)
                0x00000000000300c4                sensors_process
 .data          0x00000000000300d4        0x0 obj_cooja/mtype423.a(leds.o)
 .data          0x00000000000300d4       0x3a obj_cooja/mtype423.a(dual_conf.o)
                0x00000000000300d4                radio_received
                0x00000000000300d8                dual_dio_broadcast
                0x00000000000300e8                dual_dis_broadcast
                0x00000000000300f8                dual_LSA_converge_broadcast
 .data          0x000000000003010e        0x0 obj_cooja/mtype423.a(autostart.o)
 *fill*         0x000000000003010e        0x2 
 .data          0x0000000000030110       0x14 obj_cooja/mtype423.a(ctimer.o)
                0x0000000000030114                ctimer_process
 .data          0x0000000000030124       0x10 obj_cooja/mtype423.a(etimer.o)
                0x0000000000030124                etimer_process
 .data          0x0000000000030134        0x0 obj_cooja/mtype423.a(log_message.o)
 .data          0x0000000000030134        0x0 obj_cooja/mtype423.a(process.o)
 .data          0x0000000000030134        0x0 obj_cooja/mtype423.a(residual.o)
 .data          0x0000000000030134        0x0 obj_cooja/mtype423.a(rtimer.o)
 .data          0x0000000000030134        0x0 obj_cooja/mtype423.a(timer.o)
 .data          0x0000000000030134       0x10 obj_cooja/mtype423.a(serial-line.o)
                0x0000000000030134                serial_line_process
 .data          0x0000000000030144        0x0 obj_cooja/mtype423.a(list.o)
 .data          0x0000000000030144        0x0 obj_cooja/mtype423.a(ringbuf.o)
 .data          0x0000000000030144        0x0 obj_cooja/mtype423.a(sicslowpan.o)
 .data          0x0000000000030144       0x14 obj_cooja/mtype423.a(uip-ds6-nbr.o)
                0x0000000000030154                ds6_neighbors
 .data          0x0000000000030158        0x0 obj_cooja/mtype423.a(uip-ds6.o)
 .data          0x0000000000030158        0x0 obj_cooja/mtype423.a(uip6.o)
 .data          0x0000000000030158       0x10 obj_cooja/mtype423.a(tcpip.o)
                0x0000000000030158                tcpip_process
 .data          0x0000000000030168        0x0 obj_cooja/mtype423.a(uip-debug.o)
 .data          0x0000000000030168        0xc obj_cooja/mtype423.a(uip-packetqueue)
 .data          0x0000000000030174       0x28 obj_cooja/mtype423.a(rpl-dag.o)
                0x0000000000030184                rpl_parents
                0x0000000000030198                rpl_children
 .data          0x000000000003019c        0x0 obj_cooja/mtype423.a(rpl-ext-header.)
 .data          0x000000000003019c       0x40 obj_cooja/mtype423.a(rpl-icmp6.o)
 .data          0x00000000000301dc       0x1c obj_cooja/mtype423.a(rpl-ltmax.o)
                0x00000000000301dc                rpl_ltmax_of
 .data          0x00000000000301f8        0x0 obj_cooja/mtype423.a(rpl-timers.o)
 .data          0x00000000000301f8        0x0 obj_cooja/mtype423.a(rpl.o)
 .data          0x00000000000301f8       0x28 obj_cooja/mtype423.a(csma.o)
 .data          0x0000000000030220        0x0 obj_cooja/mtype423.a(framer-802154.o)
 .data          0x0000000000030220        0x0 obj_cooja/mtype423.a(mac.o)
 .data          0x0000000000030220       0x30 obj_cooja/mtype423.a(cxmac.o)
                0x0000000000030220                cxmac_config
                0x0000000000030230                strobe_wait
 .data          0x0000000000030250        0x0 obj_cooja/mtype423.a(linkaddr.o)
 .data          0x0000000000030250       0x10 obj_cooja/mtype423.a(nbr-table.o)
 .data          0x0000000000030260        0x0 obj_cooja/mtype423.a(netstack.o)
 .data          0x0000000000030260        0x4 obj_cooja/mtype423.a(packetbuf.o)
 .data          0x0000000000030264       0x18 obj_cooja/mtype423.a(queuebuf.o)
 .data          0x000000000003027c        0x0 obj_cooja/mtype423.a(nullsec.o)
 .data          0x000000000003027c        0x0 obj_cooja/mtype423.a(watchdog.o)
 .data          0x000000000003027c        0x0 obj_cooja/mtype423.a(rimestats.o)
 .data          0x000000000003027c        0x0 obj_cooja/mtype423.a(stimer.o)
 .data          0x000000000003027c        0x0 obj_cooja/mtype423.a(memb.o)
 .data          0x000000000003027c       0x44 obj_cooja/mtype423.a(uip-ds6-route.o)
                0x000000000003028c                nbr_routes
 .data          0x00000000000302c0       0x20 obj_cooja/mtype423.a(uip-icmp6.o)
 .data          0x00000000000302e0        0x0 obj_cooja/mtype423.a(uip-nd6.o)
 .data          0x00000000000302e0        0x0 obj_cooja/mtype423.a(rpl-nbr-policy.)
 .data          0x00000000000302e0        0x2 obj_cooja/mtype423.a(frame802154.o)
 .data          0x00000000000302e2        0x0 /usr/lib/gcc/i686-linux-gnu/4.8/crtendS.o
 .data          0x00000000000302e2        0x0 /usr/lib/gcc/i686-linux-gnu/4.8/../../../i386-linux-gnu/crtn.o

.tm_clone_table
                0x00000000000302e4        0x0
 .tm_clone_table
                0x00000000000302e4        0x0 /usr/lib/gcc/i686-linux-gnu/4.8/crtbeginS.o
 .tm_clone_table
                0x00000000000302e4        0x0 /usr/lib/gcc/i686-linux-gnu/4.8/crtendS.o

.data1
 *(.data1)
                0x00000000000302e4                _edata = .
                0x00000000000302e4                PROVIDE (edata, .)
                0x00000000000302e4                . = .
                0x00000000000302e4                __bss_start = .

.bss            0x0000000000030300     0x8548
 *(.dynbss)
 .dynbss        0x0000000000000000        0x0 /usr/lib/gcc/i686-linux-gnu/4.8/../../../i386-linux-gnu/crti.o
 *(.bss .bss.* .gnu.linkonce.b.*)
 .bss           0x0000000000030300        0x0 /usr/lib/gcc/i686-linux-gnu/4.8/../../../i386-linux-gnu/crti.o
 .bss           0x0000000000030300        0x1 /usr/lib/gcc/i686-linux-gnu/4.8/crtbeginS.o
 *fill*         0x0000000000030301        0x3 
 .bss           0x0000000000030304        0x8 udp-server.co
                0x0000000000030304                my_weight
 *fill*         0x000000000003030c       0x14 
 .bss           0x0000000000030320     0x2030 obj_cooja/mtype423.o
 .bss           0x0000000000032350        0x1 obj_cooja/mtype423.a(simEnvChange.o)
                0x0000000000032350                simDontFallAsleep
 *fill*         0x0000000000032351        0x3 
 .bss           0x0000000000032354        0x4 obj_cooja/mtype423.a(cooja_mt.o)
 .bss           0x0000000000032358        0x4 obj_cooja/mtype423.a(cooja_mtarch.o)
 .bss           0x000000000003235c        0xc obj_cooja/mtype423.a(rtimer-arch.o)
 .bss           0x0000000000032368        0x0 obj_cooja/mtype423.a(beep.o)
 .bss           0x0000000000032368        0x8 obj_cooja/mtype423.a(button-sensor.o)
 .bss           0x0000000000032370        0x0 obj_cooja/mtype423.a(leds-arch.o)
 .bss           0x0000000000032370        0x0 obj_cooja/mtype423.a(moteid.o)
 .bss           0x0000000000032370        0x1 obj_cooja/mtype423.a(pir-sensor.o)
                0x0000000000032370                simPirValue
 *fill*         0x0000000000032371        0x3 
 .bss           0x0000000000032374        0x4 obj_cooja/mtype423.a(rs232.o)
 .bss           0x0000000000032378        0x1 obj_cooja/mtype423.a(vib-sensor.o)
                0x0000000000032378                simVibValue
 .bss           0x0000000000032379        0x0 obj_cooja/mtype423.a(clock.o)
 *fill*         0x0000000000032379        0x7 
 .bss           0x0000000000032380      0x420 obj_cooja/mtype423.a(log.o)
 .bss           0x00000000000327a0      0xfc0 obj_cooja/mtype423.a(cfs-cooja.o)
                0x00000000000327a0                simCFSData
                0x0000000000033740                simCFSSize
                0x0000000000033744                simCFSChanged
                0x0000000000033748                simCFSRead
                0x000000000003374c                simCFSWritten
 .bss           0x0000000000033760       0x24 obj_cooja/mtype423.a(cooja-radio.o)
                0x0000000000033760                simReceivingLR
                0x0000000000033764                simInSizeLR
                0x0000000000033768                simOutSizeLR
                0x000000000003376c                simReceiving
                0x0000000000033770                simInSize
                0x0000000000033774                simOutSize
                0x0000000000033778                LongRangeTransmit
                0x000000000003377c                LongRangeReceiving
 .bss           0x0000000000033784        0xc obj_cooja/mtype423.a(eeprom.o)
                0x0000000000033784                simEEPROMChanged
                0x0000000000033788                simEEPROMRead
                0x000000000003378c                simEEPROMWritten
 .bss           0x0000000000033790        0x0 obj_cooja/mtype423.a(random.o)
 .bss           0x0000000000033790        0xc obj_cooja/mtype423.a(sensors.o)
 .bss           0x000000000003379c        0x1 obj_cooja/mtype423.a(leds.o)
 *fill*         0x000000000003379d        0x3 
 .bss           0x00000000000337a0       0x40 obj_cooja/mtype423.a(dual_conf.o)
                0x00000000000337a0                long_range_radio
 .bss           0x00000000000337e0        0x0 obj_cooja/mtype423.a(autostart.o)
 .bss           0x00000000000337e0        0x5 obj_cooja/mtype423.a(ctimer.o)
 *fill*         0x00000000000337e5        0x3 
 .bss           0x00000000000337e8        0x8 obj_cooja/mtype423.a(etimer.o)
 .bss           0x00000000000337f0        0x0 obj_cooja/mtype423.a(log_message.o)
 *fill*         0x00000000000337f0       0x10 
 .bss           0x0000000000033800      0x1b1 obj_cooja/mtype423.a(process.o)
                0x0000000000033800                process_list
                0x0000000000033804                process_current
 .bss           0x00000000000339b1        0x0 obj_cooja/mtype423.a(residual.o)
 *fill*         0x00000000000339b1        0x3 
 .bss           0x00000000000339b4        0x4 obj_cooja/mtype423.a(rtimer.o)
 .bss           0x00000000000339b8        0x0 obj_cooja/mtype423.a(timer.o)
 *fill*         0x00000000000339b8        0x8 
 .bss           0x00000000000339c0      0x140 obj_cooja/mtype423.a(serial-line.o)
 .bss           0x0000000000033b00        0x0 obj_cooja/mtype423.a(list.o)
 .bss           0x0000000000033b00        0x0 obj_cooja/mtype423.a(ringbuf.o)
 .bss           0x0000000000033b00      0x70c obj_cooja/mtype423.a(sicslowpan.o)
 *fill*         0x000000000003420c       0x14 
 .bss           0x0000000000034220       0xc0 obj_cooja/mtype423.a(uip-ds6-nbr.o)
 .bss           0x00000000000342e0       0x30 obj_cooja/mtype423.a(uip-ds6.o)
 .bss           0x0000000000034310        0xe obj_cooja/mtype423.a(uip6.o)
                0x0000000000034310                uip_ext_bitmap
                0x0000000000034311                uip_ext_len
                0x0000000000034312                uip_ext_opt_offset
 *fill*         0x000000000003431e        0x2 
 .bss           0x0000000000034320       0x6b obj_cooja/mtype423.a(tcpip.o)
 .bss           0x000000000003438b        0x0 obj_cooja/mtype423.a(uip-debug.o)
 *fill*         0x000000000003438b       0x15 
 .bss           0x00000000000343a0      0xcf8 obj_cooja/mtype423.a(uip-packetqueue)
 *fill*         0x0000000000035098        0x8 
 .bss           0x00000000000350a0       0x88 obj_cooja/mtype423.a(rpl-dag.o)
 .bss           0x0000000000035128        0x0 obj_cooja/mtype423.a(rpl-ext-header.)
 .bss           0x0000000000035128        0x0 obj_cooja/mtype423.a(rpl-icmp6.o)
 .bss           0x0000000000035128        0x0 obj_cooja/mtype423.a(rpl-ltmax.o)
 *fill*         0x0000000000035128       0x18 
 .bss           0x0000000000035140       0x60 obj_cooja/mtype423.a(rpl-timers.o)
 .bss           0x00000000000351a0        0x4 obj_cooja/mtype423.a(rpl.o)
 *fill*         0x00000000000351a4       0x1c 
 .bss           0x00000000000351c0      0x248 obj_cooja/mtype423.a(csma.o)
 .bss           0x0000000000035408        0x2 obj_cooja/mtype423.a(framer-802154.o)
 .bss           0x000000000003540a        0x0 obj_cooja/mtype423.a(mac.o)
 *fill*         0x000000000003540a       0x16 
 .bss           0x0000000000035420       0xb0 obj_cooja/mtype423.a(cxmac.o)
 .bss           0x00000000000354d0        0x0 obj_cooja/mtype423.a(linkaddr.o)
 *fill*         0x00000000000354d0       0x10 
 .bss           0x00000000000354e0       0xc4 obj_cooja/mtype423.a(nbr-table.o)
 .bss           0x00000000000355a4        0x0 obj_cooja/mtype423.a(netstack.o)
 *fill*         0x00000000000355a4       0x1c 
 .bss           0x00000000000355c0       0xa0 obj_cooja/mtype423.a(packetbuf.o)
 .bss           0x0000000000035660      0xb80 obj_cooja/mtype423.a(queuebuf.o)
 .bss           0x00000000000361e0        0x0 obj_cooja/mtype423.a(nullsec.o)
 .bss           0x00000000000361e0        0x0 obj_cooja/mtype423.a(watchdog.o)
 .bss           0x00000000000361e0        0x0 obj_cooja/mtype423.a(rimestats.o)
 .bss           0x00000000000361e0        0x0 obj_cooja/mtype423.a(stimer.o)
 .bss           0x00000000000361e0        0x0 obj_cooja/mtype423.a(memb.o)
 .bss           0x00000000000361e0      0x4a8 obj_cooja/mtype423.a(uip-ds6-route.o)
 .bss           0x0000000000036688       0x18 obj_cooja/mtype423.a(uip-icmp6.o)
 .bss           0x00000000000366a0        0x0 obj_cooja/mtype423.a(uip-nd6.o)
 .bss           0x00000000000366a0       0x44 obj_cooja/mtype423.a(rpl-nbr-policy.)
 .bss           0x00000000000366e4        0x0 obj_cooja/mtype423.a(frame802154.o)
 .bss           0x00000000000366e4        0x0 /usr/lib/gcc/i686-linux-gnu/4.8/crtendS.o
 .bss           0x00000000000366e4        0x0 /usr/lib/gcc/i686-linux-gnu/4.8/../../../i386-linux-gnu/crtn.o
 *(COMMON)
 COMMON         0x00000000000366e4        0x6 udp-server.co
                0x00000000000366e4                LSA_message_input
                0x00000000000366e5                LSA_SR_preamble
                0x00000000000366e6                LSA_lr_child
                0x00000000000366e7                LSA_converge
                0x00000000000366e8                my_sink_reachability
                0x00000000000366e9                my_parent_number
 *fill*         0x00000000000366ea        0x2 
 COMMON         0x00000000000366ec       0x4c obj_cooja/mtype423.o
                0x00000000000366ec                dio_count
                0x00000000000366f0                dis_count
                0x00000000000366f4                collision_count
                0x00000000000366f8                transmission_count
                0x00000000000366fc                COOJA_radioRxLong
                0x0000000000036700                control_message_count
                0x0000000000036704                dao_count
                0x0000000000036708                COOJA_radioTx
                0x000000000003670c                referenceVar
                0x0000000000036710                data_relay_count
                0x0000000000036714                data_message_count
                0x0000000000036718                COOJA_radioTxLong
                0x000000000003671c                COOJA_radioRx
                0x0000000000036720                debugfp
                0x0000000000036724                COOJA_radioOn
                0x0000000000036728                COOJA_duration
                0x000000000003672c                dio_ack_count
                0x0000000000036730                COOJA_radioOnLong
                0x0000000000036734                sensors_flags
 COMMON         0x0000000000036738        0xc obj_cooja/mtype423.a(simEnvChange.o)
                0x0000000000036738                simEtimerPending
                0x000000000003673c                simProcessRunValue
                0x0000000000036740                simNextExpirationTime
 COMMON         0x0000000000036744        0x1 obj_cooja/mtype423.a(beep.o)
                0x0000000000036744                simBeeped
 COMMON         0x0000000000036745        0x3 obj_cooja/mtype423.a(button-sensor.o)
                0x0000000000036745                simButtonIsActive
                0x0000000000036746                simButtonIsDown
                0x0000000000036747                simButtonChanged
 COMMON         0x0000000000036748        0x1 obj_cooja/mtype423.a(leds-arch.o)
                0x0000000000036748                simLedsValue
 *fill*         0x0000000000036749        0x3 
 COMMON         0x000000000003674c        0xc obj_cooja/mtype423.a(moteid.o)
                0x000000000003674c                simRandomSeed
                0x0000000000036750                simMoteIDChanged
                0x0000000000036754                simMoteID
 COMMON         0x0000000000036758        0x2 obj_cooja/mtype423.a(pir-sensor.o)
                0x0000000000036758                simPirIsActive
                0x0000000000036759                simPirChanged
 *fill*         0x000000000003675a        0x6 
 COMMON         0x0000000000036760      0x820 obj_cooja/mtype423.a(rs232.o)
                0x0000000000036760                simSerialReceivingFlag
                0x0000000000036764                simSerialReceivingLength
                0x0000000000036780                simSerialReceivingData
 COMMON         0x0000000000036f80        0x2 obj_cooja/mtype423.a(vib-sensor.o)
                0x0000000000036f80                simVibChanged
                0x0000000000036f81                simVibIsActive
 *fill*         0x0000000000036f82        0x2 
 COMMON         0x0000000000036f84        0x4 obj_cooja/mtype423.a(clock.o)
                0x0000000000036f84                simCurrentTime
 *fill*         0x0000000000036f88       0x18 
 COMMON         0x0000000000036fa0      0x420 obj_cooja/mtype423.a(log.o)
                0x0000000000036fa0                simLoggedLength
                0x0000000000036fa4                simLoggedFlag
                0x0000000000036fc0                simLoggedData
 COMMON         0x00000000000373c0      0x240 obj_cooja/mtype423.a(cooja-radio.o)
                0x00000000000373c0                simOutDataBuffer
                0x0000000000037440                simRadioTarget
                0x0000000000037460                simInDataBufferLR
                0x00000000000374e0                simOutDataBufferLR
                0x0000000000037560                dual_duty_cycle_count
                0x0000000000037580                simInDataBuffer
 COMMON         0x0000000000037600      0x400 obj_cooja/mtype423.a(eeprom.o)
                0x0000000000037600                simEEPROMData
 COMMON         0x0000000000037a00        0x1 obj_cooja/mtype423.a(sensors.o)
                0x0000000000037a00                sensors_event
 *fill*         0x0000000000037a01        0x3 
 COMMON         0x0000000000037a04        0x4 obj_cooja/mtype423.a(log_message.o)
                0x0000000000037a04                log_fp
 COMMON         0x0000000000037a08        0x1 obj_cooja/mtype423.a(serial-line.o)
                0x0000000000037a08                serial_line_event_message
 *fill*         0x0000000000037a09       0x17 
 COMMON         0x0000000000037a20       0x50 obj_cooja/mtype423.a(uip-ds6-nbr.o)
                0x0000000000037a20                ds6_lr_addrmap
 *fill*         0x0000000000037a70       0x10 
 COMMON         0x0000000000037a80      0x298 obj_cooja/mtype423.a(uip-ds6.o)
                0x0000000000037a80                uip_ds6_prefix_list
                0x0000000000037ae0                uip_ds6_timer_periodic
                0x0000000000037af0                uip_ds6_netif_addr_list_offset
                0x0000000000037b00                uip_ds6_if
                0x0000000000037bf8                uip_ds6_timer_ra
                0x0000000000037c00                uip_ds6_addr_size
                0x0000000000037c20                long_uip_ds6_if
 *fill*         0x0000000000037d18        0x8 
 COMMON         0x0000000000037d20      0x8ec obj_cooja/mtype423.a(uip6.o)
                0x0000000000037d20                uip_slen
                0x0000000000037d22                uip_acc32
                0x0000000000037d40                uip_conns
                0x0000000000037e00                uip_lladdr
                0x0000000000037e08                uip_appdata
                0x0000000000037e0c                uip_flags
                0x0000000000037e20                uip_aligned_buf
                0x0000000000038460                uip_listenports
                0x0000000000038470                uip_len
                0x0000000000038472                uip_long_lladdr
                0x000000000003847c                uip_sappdata
                0x0000000000038480                uip_udp_conns
                0x0000000000038600                uip_udp_conn
                0x0000000000038604                uip_next_hdr
                0x0000000000038608                uip_conn
 COMMON         0x000000000003860c        0x1 obj_cooja/mtype423.a(tcpip.o)
                0x000000000003860c                tcpip_event
 *fill*         0x000000000003860d       0x13 
 COMMON         0x0000000000038620      0x198 obj_cooja/mtype423.a(rpl-dag.o)
                0x0000000000038620                default_instance
                0x0000000000038640                instance_table
 COMMON         0x00000000000387b8       0x10 obj_cooja/mtype423.a(linkaddr.o)
                0x00000000000387b8                linkaddr_node_addr
                0x00000000000387c0                long_linkaddr_node_addr
 COMMON         0x00000000000387c8       0x2e obj_cooja/mtype423.a(packetbuf.o)
                0x00000000000387c8                packetbuf_attrs
                0x00000000000387e6                packetbuf_addrs
 *fill*         0x00000000000387f6        0xa 
 COMMON         0x0000000000038800       0x48 obj_cooja/mtype423.a(rimestats.o)
                0x0000000000038800                rimestats
                0x0000000000038848                . = ALIGN ((. != 0x0)?0x4:0x1)
                0x0000000000038848                . = ALIGN (0x4)
                0x0000000000038848                . = SEGMENT_START ("ldata-segment", .)
                0x0000000000038848                . = ALIGN (0x4)
                0x0000000000038848                _end = .
                0x0000000000038848                PROVIDE (end, .)
                0x0000000000038848                . = DATA_SEGMENT_END (.)

.stab
 *(.stab)

.stabstr
 *(.stabstr)

.stab.excl
 *(.stab.excl)

.stab.exclstr
 *(.stab.exclstr)

.stab.index
 *(.stab.index)

.stab.indexstr
 *(.stab.indexstr)

.comment        0x0000000000000000       0x29
 *(.comment)
 .comment       0x0000000000000000       0x29 /usr/lib/gcc/i686-linux-gnu/4.8/crtbeginS.o
                                         0x2a (size before relaxing)
 .comment       0x0000000000000000       0x2a udp-server.co
 .comment       0x0000000000000000       0x2a obj_cooja/mtype423.o
 .comment       0x0000000000000000       0x2a obj_cooja/mtype423.a(simEnvChange.o)
 .comment       0x0000000000000000       0x2a obj_cooja/mtype423.a(cooja_mt.o)
 .comment       0x0000000000000000       0x2a obj_cooja/mtype423.a(cooja_mtarch.o)
 .comment       0x0000000000000000       0x2a obj_cooja/mtype423.a(rtimer-arch.o)
 .comment       0x0000000000000000       0x2a obj_cooja/mtype423.a(beep.o)
 .comment       0x0000000000000000       0x2a obj_cooja/mtype423.a(button-sensor.o)
 .comment       0x0000000000000000       0x2a obj_cooja/mtype423.a(leds-arch.o)
 .comment       0x0000000000000000       0x2a obj_cooja/mtype423.a(moteid.o)
 .comment       0x0000000000000000       0x2a obj_cooja/mtype423.a(pir-sensor.o)
 .comment       0x0000000000000000       0x2a obj_cooja/mtype423.a(rs232.o)
 .comment       0x0000000000000000       0x2a obj_cooja/mtype423.a(vib-sensor.o)
 .comment       0x0000000000000000       0x2a obj_cooja/mtype423.a(clock.o)
 .comment       0x0000000000000000       0x2a obj_cooja/mtype423.a(log.o)
 .comment       0x0000000000000000       0x2a obj_cooja/mtype423.a(cfs-cooja.o)
 .comment       0x0000000000000000       0x2a obj_cooja/mtype423.a(cooja-radio.o)
 .comment       0x0000000000000000       0x2a obj_cooja/mtype423.a(eeprom.o)
 .comment       0x0000000000000000       0x2a obj_cooja/mtype423.a(random.o)
 .comment       0x0000000000000000       0x2a obj_cooja/mtype423.a(sensors.o)
 .comment       0x0000000000000000       0x2a obj_cooja/mtype423.a(leds.o)
 .comment       0x0000000000000000       0x2a obj_cooja/mtype423.a(dual_conf.o)
 .comment       0x0000000000000000       0x2a obj_cooja/mtype423.a(autostart.o)
 .comment       0x0000000000000000       0x2a obj_cooja/mtype423.a(ctimer.o)
 .comment       0x0000000000000000       0x2a obj_cooja/mtype423.a(etimer.o)
 .comment       0x0000000000000000       0x2a obj_cooja/mtype423.a(log_message.o)
 .comment       0x0000000000000000       0x2a obj_cooja/mtype423.a(process.o)
 .comment       0x0000000000000000       0x2a obj_cooja/mtype423.a(residual.o)
 .comment       0x0000000000000000       0x2a obj_cooja/mtype423.a(rtimer.o)
 .comment       0x0000000000000000       0x2a obj_cooja/mtype423.a(timer.o)
 .comment       0x0000000000000000       0x2a obj_cooja/mtype423.a(serial-line.o)
 .comment       0x0000000000000000       0x2a obj_cooja/mtype423.a(list.o)
 .comment       0x0000000000000000       0x2a obj_cooja/mtype423.a(ringbuf.o)
 .comment       0x0000000000000000       0x2a obj_cooja/mtype423.a(sicslowpan.o)
 .comment       0x0000000000000000       0x2a obj_cooja/mtype423.a(uip-ds6-nbr.o)
 .comment       0x0000000000000000       0x2a obj_cooja/mtype423.a(uip-ds6.o)
 .comment       0x0000000000000000       0x2a obj_cooja/mtype423.a(uip6.o)
 .comment       0x0000000000000000       0x2a obj_cooja/mtype423.a(tcpip.o)
 .comment       0x0000000000000000       0x2a obj_cooja/mtype423.a(uip-debug.o)
 .comment       0x0000000000000000       0x2a obj_cooja/mtype423.a(uip-packetqueue)
 .comment       0x0000000000000000       0x2a obj_cooja/mtype423.a(rpl-dag.o)
 .comment       0x0000000000000000       0x2a obj_cooja/mtype423.a(rpl-ext-header.)
 .comment       0x0000000000000000       0x2a obj_cooja/mtype423.a(rpl-icmp6.o)
 .comment       0x0000000000000000       0x2a obj_cooja/mtype423.a(rpl-ltmax.o)
 .comment       0x0000000000000000       0x2a obj_cooja/mtype423.a(rpl-timers.o)
 .comment       0x0000000000000000       0x2a obj_cooja/mtype423.a(rpl.o)
 .comment       0x0000000000000000       0x2a obj_cooja/mtype423.a(csma.o)
 .comment       0x0000000000000000       0x2a obj_cooja/mtype423.a(framer-802154.o)
 .comment       0x0000000000000000       0x2a obj_cooja/mtype423.a(mac.o)
 .comment       0x0000000000000000       0x2a obj_cooja/mtype423.a(cxmac.o)
 .comment       0x0000000000000000       0x2a obj_cooja/mtype423.a(linkaddr.o)
 .comment       0x0000000000000000       0x2a obj_cooja/mtype423.a(nbr-table.o)
 .comment       0x0000000000000000       0x2a obj_cooja/mtype423.a(netstack.o)
 .comment       0x0000000000000000       0x2a obj_cooja/mtype423.a(packetbuf.o)
 .comment       0x0000000000000000       0x2a obj_cooja/mtype423.a(queuebuf.o)
 .comment       0x0000000000000000       0x2a obj_cooja/mtype423.a(nullsec.o)
 .comment       0x0000000000000000       0x2a obj_cooja/mtype423.a(watchdog.o)
 .comment       0x0000000000000000       0x2a obj_cooja/mtype423.a(rimestats.o)
 .comment       0x0000000000000000       0x2a obj_cooja/mtype423.a(stimer.o)
 .comment       0x0000000000000000       0x2a obj_cooja/mtype423.a(memb.o)
 .comment       0x0000000000000000       0x2a obj_cooja/mtype423.a(uip-ds6-route.o)
 .comment       0x0000000000000000       0x2a obj_cooja/mtype423.a(uip-icmp6.o)
 .comment       0x0000000000000000       0x2a obj_cooja/mtype423.a(uip-nd6.o)
 .comment       0x0000000000000000       0x2a obj_cooja/mtype423.a(rpl-nbr-policy.)
 .comment       0x0000000000000000       0x2a obj_cooja/mtype423.a(frame802154.o)
 .comment       0x0000000000000000       0x2a /usr/lib/gcc/i686-linux-gnu/4.8/crtendS.o

.debug
 *(.debug)

.line
 *(.line)

.debug_srcinfo
 *(.debug_srcinfo)

.debug_sfnames
 *(.debug_sfnames)

.debug_aranges  0x0000000000000000      0x818
 *(.debug_aranges)
 .debug_aranges
                0x0000000000000000       0x20 udp-server.co
 .debug_aranges
                0x0000000000000020       0x20 obj_cooja/mtype423.o
 .debug_aranges
                0x0000000000000040       0x20 obj_cooja/mtype423.a(simEnvChange.o)
 .debug_aranges
                0x0000000000000060       0x20 obj_cooja/mtype423.a(cooja_mt.o)
 .debug_aranges
                0x0000000000000080       0x20 obj_cooja/mtype423.a(cooja_mtarch.o)
 .debug_aranges
                0x00000000000000a0       0x20 obj_cooja/mtype423.a(rtimer-arch.o)
 .debug_aranges
                0x00000000000000c0       0x20 obj_cooja/mtype423.a(beep.o)
 .debug_aranges
                0x00000000000000e0       0x20 obj_cooja/mtype423.a(button-sensor.o)
 .debug_aranges
                0x0000000000000100       0x20 obj_cooja/mtype423.a(leds-arch.o)
 .debug_aranges
                0x0000000000000120       0x20 obj_cooja/mtype423.a(moteid.o)
 .debug_aranges
                0x0000000000000140       0x20 obj_cooja/mtype423.a(pir-sensor.o)
 .debug_aranges
                0x0000000000000160       0x20 obj_cooja/mtype423.a(rs232.o)
 .debug_aranges
                0x0000000000000180       0x20 obj_cooja/mtype423.a(vib-sensor.o)
 .debug_aranges
                0x00000000000001a0       0x20 obj_cooja/mtype423.a(clock.o)
 .debug_aranges
                0x00000000000001c0       0x20 obj_cooja/mtype423.a(log.o)
 .debug_aranges
                0x00000000000001e0       0x20 obj_cooja/mtype423.a(cfs-cooja.o)
 .debug_aranges
                0x0000000000000200       0x20 obj_cooja/mtype423.a(cooja-radio.o)
 .debug_aranges
                0x0000000000000220       0x20 obj_cooja/mtype423.a(eeprom.o)
 .debug_aranges
                0x0000000000000240       0x20 obj_cooja/mtype423.a(random.o)
 .debug_aranges
                0x0000000000000260       0x20 obj_cooja/mtype423.a(sensors.o)
 .debug_aranges
                0x0000000000000280       0x20 obj_cooja/mtype423.a(leds.o)
 .debug_aranges
                0x00000000000002a0       0x20 obj_cooja/mtype423.a(dual_conf.o)
 .debug_aranges
                0x00000000000002c0       0x20 obj_cooja/mtype423.a(autostart.o)
 .debug_aranges
                0x00000000000002e0       0x20 obj_cooja/mtype423.a(ctimer.o)
 .debug_aranges
                0x0000000000000300       0x20 obj_cooja/mtype423.a(etimer.o)
 .debug_aranges
                0x0000000000000320       0x20 obj_cooja/mtype423.a(log_message.o)
 .debug_aranges
                0x0000000000000340       0x20 obj_cooja/mtype423.a(process.o)
 .debug_aranges
                0x0000000000000360       0x20 obj_cooja/mtype423.a(residual.o)
 .debug_aranges
                0x0000000000000380       0x20 obj_cooja/mtype423.a(rtimer.o)
 .debug_aranges
                0x00000000000003a0       0x20 obj_cooja/mtype423.a(timer.o)
 .debug_aranges
                0x00000000000003c0       0x20 obj_cooja/mtype423.a(serial-line.o)
 .debug_aranges
                0x00000000000003e0       0x20 obj_cooja/mtype423.a(list.o)
 .debug_aranges
                0x0000000000000400       0x20 obj_cooja/mtype423.a(ringbuf.o)
 .debug_aranges
                0x0000000000000420       0x20 obj_cooja/mtype423.a(sicslowpan.o)
 .debug_aranges
                0x0000000000000440       0x20 obj_cooja/mtype423.a(uip-ds6-nbr.o)
 .debug_aranges
                0x0000000000000460       0x20 obj_cooja/mtype423.a(uip-ds6.o)
 .debug_aranges
                0x0000000000000480       0x20 obj_cooja/mtype423.a(uip6.o)
 .debug_aranges
                0x00000000000004a0       0x20 obj_cooja/mtype423.a(tcpip.o)
 .debug_aranges
                0x00000000000004c0       0x20 obj_cooja/mtype423.a(uip-debug.o)
 .debug_aranges
                0x00000000000004e0       0x20 obj_cooja/mtype423.a(uip-packetqueue)
 .debug_aranges
                0x0000000000000500       0x20 obj_cooja/mtype423.a(rpl-dag.o)
 .debug_aranges
                0x0000000000000520       0x20 obj_cooja/mtype423.a(rpl-ext-header.)
 .debug_aranges
                0x0000000000000540       0x20 obj_cooja/mtype423.a(rpl-icmp6.o)
 .debug_aranges
                0x0000000000000560       0x20 obj_cooja/mtype423.a(rpl-ltmax.o)
 .debug_aranges
                0x0000000000000580       0x20 obj_cooja/mtype423.a(rpl-timers.o)
 .debug_aranges
                0x00000000000005a0       0x20 obj_cooja/mtype423.a(rpl.o)
 .debug_aranges
                0x00000000000005c0       0x20 obj_cooja/mtype423.a(csma.o)
 .debug_aranges
                0x00000000000005e0       0x20 obj_cooja/mtype423.a(framer-802154.o)
 .debug_aranges
                0x0000000000000600       0x20 obj_cooja/mtype423.a(mac.o)
 .debug_aranges
                0x0000000000000620       0x20 obj_cooja/mtype423.a(cxmac.o)
 .debug_aranges
                0x0000000000000640       0x20 obj_cooja/mtype423.a(linkaddr.o)
 .debug_aranges
                0x0000000000000660       0x20 obj_cooja/mtype423.a(nbr-table.o)
 .debug_aranges
                0x0000000000000680       0x20 obj_cooja/mtype423.a(netstack.o)
 .debug_aranges
                0x00000000000006a0       0x20 obj_cooja/mtype423.a(packetbuf.o)
 .debug_aranges
                0x00000000000006c0       0x20 obj_cooja/mtype423.a(queuebuf.o)
 .debug_aranges
                0x00000000000006e0       0x20 obj_cooja/mtype423.a(nullsec.o)
 .debug_aranges
                0x0000000000000700       0x20 obj_cooja/mtype423.a(watchdog.o)
 .debug_aranges
                0x0000000000000720       0x18 obj_cooja/mtype423.a(rimestats.o)
 .debug_aranges
                0x0000000000000738       0x20 obj_cooja/mtype423.a(stimer.o)
 .debug_aranges
                0x0000000000000758       0x20 obj_cooja/mtype423.a(memb.o)
 .debug_aranges
                0x0000000000000778       0x20 obj_cooja/mtype423.a(uip-ds6-route.o)
 .debug_aranges
                0x0000000000000798       0x20 obj_cooja/mtype423.a(uip-icmp6.o)
 .debug_aranges
                0x00000000000007b8       0x20 obj_cooja/mtype423.a(uip-nd6.o)
 .debug_aranges
                0x00000000000007d8       0x20 obj_cooja/mtype423.a(rpl-nbr-policy.)
 .debug_aranges
                0x00000000000007f8       0x20 obj_cooja/mtype423.a(frame802154.o)

.debug_pubnames
 *(.debug_pubnames)

.debug_info     0x0000000000000000    0x1e082
 *(.debug_info .gnu.linkonce.wi.*)
 .debug_info    0x0000000000000000      0xe93 udp-server.co
 .debug_info    0x0000000000000e93     0x3ac4 obj_cooja/mtype423.o
 .debug_info    0x0000000000004957      0x15a obj_cooja/mtype423.a(simEnvChange.o)
 .debug_info    0x0000000000004ab1      0x1e2 obj_cooja/mtype423.a(cooja_mt.o)
 .debug_info    0x0000000000004c93      0x2e7 obj_cooja/mtype423.a(cooja_mtarch.o)
 .debug_info    0x0000000000004f7a      0x16b obj_cooja/mtype423.a(rtimer-arch.o)
 .debug_info    0x00000000000050e5      0x1f3 obj_cooja/mtype423.a(beep.o)
 .debug_info    0x00000000000052d8      0x257 obj_cooja/mtype423.a(button-sensor.o)
 .debug_info    0x000000000000552f      0x132 obj_cooja/mtype423.a(leds-arch.o)
 .debug_info    0x0000000000005661      0x10a obj_cooja/mtype423.a(moteid.o)