Archive member included to satisfy reference by file (symbol)

obj_cooja/mtype132.a(simEnvChange.o)
                              obj_cooja/mtype132.o (simDontFallAsleep)
obj_cooja/mtype132.a(cooja_mt.o)
                              obj_cooja/mtype132.o (cooja_mt_start)
obj_cooja/mtype132.a(cooja_mtarch.o)
                              obj_cooja/mtype132.a(cooja_mt.o) (cooja_mtarch_init)
obj_cooja/mtype132.a(rtimer-arch.o)
                              obj_cooja/mtype132.o (rtimer_arch_next)
obj_cooja/mtype132.a(beep.o)  obj_cooja/mtype132.o (beep_interface)
obj_cooja/mtype132.a(button-sensor.o)
                              obj_cooja/mtype132.o (button_interface)
obj_cooja/mtype132.a(leds-arch.o)
                              obj_cooja/mtype132.o (leds_interface)
obj_cooja/mtype132.a(moteid.o)
                              obj_cooja/mtype132.o (moteid_interface)
obj_cooja/mtype132.a(pir-sensor.o)
                              obj_cooja/mtype132.o (pir_interface)
obj_cooja/mtype132.a(rs232.o)
                              obj_cooja/mtype132.o (rs232_interface)
obj_cooja/mtype132.a(vib-sensor.o)
                              obj_cooja/mtype132.o (vib_interface)
obj_cooja/mtype132.a(clock.o)
                              obj_cooja/mtype132.o (clock_interface)
obj_cooja/mtype132.a(log.o)   obj_cooja/mtype132.o (simlog_interface)
obj_cooja/mtype132.a(cfs-cooja.o)
                              obj_cooja/mtype132.o (cfs_interface)
obj_cooja/mtype132.a(cooja-radio.o)
                              obj_cooja/mtype132.o (radio_interface)
obj_cooja/mtype132.a(eeprom.o)
                              obj_cooja/mtype132.o (eeprom_interface)
obj_cooja/mtype132.a(random.o)
                              obj_cooja/mtype132.a(moteid.o) (random_init)
obj_cooja/mtype132.a(sensors.o)
                              obj_cooja/mtype132.o (sensors_process)
obj_cooja/mtype132.a(leds.o)  obj_cooja/mtype132.a(cooja-radio.o) (leds_on)
obj_cooja/mtype132.a(dual_conf.o)
                              obj_cooja/mtype132.a(cooja-radio.o) (long_range_radio)
obj_cooja/mtype132.a(autostart.o)
                              obj_cooja/mtype132.o (autostart_start)
obj_cooja/mtype132.a(ctimer.o)
                              obj_cooja/mtype132.o (ctimer_init)
obj_cooja/mtype132.a(etimer.o)
                              obj_cooja/mtype132.o (etimer_process)
obj_cooja/mtype132.a(log_message.o)
                              obj_cooja/mtype132.o (log_initialization)
obj_cooja/mtype132.a(process.o)
                              udp-client.co (process_current)
obj_cooja/mtype132.a(residual.o)
                              udp-client.co (get_residual_energy)
obj_cooja/mtype132.a(rtimer.o)
                              obj_cooja/mtype132.a(rtimer-arch.o) (rtimer_run_next)
obj_cooja/mtype132.a(stimer.o)
                              udp-client.co (stimer_remaining)
obj_cooja/mtype132.a(timer.o)
                              obj_cooja/mtype132.a(button-sensor.o) (timer_set)
obj_cooja/mtype132.a(serial-line.o)
                              udp-client.co (serial_line_event_message)
obj_cooja/mtype132.a(list.o)  obj_cooja/mtype132.a(ctimer.o) (list_init)
obj_cooja/mtype132.a(ringbuf.o)
                              obj_cooja/mtype132.a(serial-line.o) (ringbuf_init)
obj_cooja/mtype132.a(sicslowpan.o)
                              obj_cooja/mtype132.o (sicslowpan_driver)
obj_cooja/mtype132.a(uip-ds6-nbr.o)
                              obj_cooja/mtype132.a(sicslowpan.o) (uip_ds6_link_neighbor_callback)
obj_cooja/mtype132.a(uip-ds6-route.o)
                              udp-client.co (uip_ds6_route_nexthop)
obj_cooja/mtype132.a(uip-ds6.o)
                              udp-client.co (uip_ds6_if)
obj_cooja/mtype132.a(uip6.o)  udp-client.co (uip_lladdr)
obj_cooja/mtype132.a(tcpip.o)
                              udp-client.co (tcpip_event)
obj_cooja/mtype132.a(uip-debug.o)
                              udp-client.co (uip_debug_ipaddr_print)
obj_cooja/mtype132.a(uip-packetqueue)
                              obj_cooja/mtype132.a(uip-ds6-nbr.o) (uip_packetqueue_new)
obj_cooja/mtype132.a(uip-udp-packet.)
                              udp-client.co (uip_udp_packet_sendto)
obj_cooja/mtype132.a(rpl-dag.o)
                              obj_cooja/mtype132.a(tcpip.o) (rpl_repair_root)
obj_cooja/mtype132.a(rpl-ext-header.)
                              obj_cooja/mtype132.a(uip6.o) (rpl_verify_header)
obj_cooja/mtype132.a(rpl-icmp6.o)
                              obj_cooja/mtype132.a(rpl-dag.o) (rpl_icmp6_update_nbr_table)
obj_cooja/mtype132.a(rpl-ltmax.o)
                              obj_cooja/mtype132.a(rpl-dag.o) (rpl_ltmax_of)
obj_cooja/mtype132.a(rpl-timers.o)
                              obj_cooja/mtype132.a(rpl-icmp6.o) (rpl_LSA_convergence_timer)
obj_cooja/mtype132.a(rpl.o)   obj_cooja/mtype132.a(rpl-icmp6.o) (rpl_get_mode)
obj_cooja/mtype132.a(csma.o)  obj_cooja/mtype132.o (csma_driver)
obj_cooja/mtype132.a(framer-802154.o)
[...]
Memory Configuration

Name             Origin             Length             Attributes
*default*        0x0000000000000000 0xffffffffffffffff

Linker script and memory map

LOAD /usr/lib/gcc/i686-linux-gnu/4.8/../../../i386-linux-gnu/crti.o
LOAD /usr/lib/gcc/i686-linux-gnu/4.8/crtbeginS.o
LOAD udp-client.co
LOAD obj_cooja/mtype132.o
LOAD obj_cooja/mtype132.a
LOAD /usr/lib/gcc/i686-linux-gnu/4.8/libgcc.a
LOAD /usr/lib/gcc/i686-linux-gnu/4.8/libgcc_s.so
LOAD /usr/lib/gcc/i686-linux-gnu/4.8/../../../i386-linux-gnu/libc.so
START GROUP
LOAD /lib/i386-linux-gnu/libc.so.6
LOAD /usr/lib/i386-linux-gnu/libc_nonshared.a
LOAD /lib/i386-linux-gnu/ld-linux.so.2
END GROUP
LOAD /usr/lib/gcc/i686-linux-gnu/4.8/libgcc.a
LOAD /usr/lib/gcc/i686-linux-gnu/4.8/libgcc_s.so
LOAD /usr/lib/gcc/i686-linux-gnu/4.8/crtendS.o
LOAD /usr/lib/gcc/i686-linux-gnu/4.8/../../../i386-linux-gnu/crtn.o
                0x0000000000000114                . = (0x0 + SIZEOF_HEADERS)

.note.gnu.build-id
                0x0000000000000114       0x24
 *(.note.gnu.build-id)
 .note.gnu.build-id
                0x0000000000000114       0x24 /usr/lib/gcc/i686-linux-gnu/4.8/../../../i386-linux-gnu/crti.o

.hash
 *(.hash)

.gnu.hash       0x0000000000000138     0x13bc
 *(.gnu.hash)
 .gnu.hash      0x0000000000000138     0x13bc /usr/lib/gcc/i686-linux-gnu/4.8/../../../i386-linux-gnu/crti.o

.dynsym         0x00000000000014f4     0x2750
 *(.dynsym)
 .dynsym        0x00000000000014f4     0x2750 /usr/lib/gcc/i686-linux-gnu/4.8/../../../i386-linux-gnu/crti.o

.dynstr         0x0000000000003c44     0x2844
 *(.dynstr)
 .dynstr        0x0000000000003c44     0x2844 /usr/lib/gcc/i686-linux-gnu/4.8/../../../i386-linux-gnu/crti.o

.gnu.version    0x0000000000006488      0x4ea
 *(.gnu.version)
 .gnu.version   0x0000000000006488      0x4ea /usr/lib/gcc/i686-linux-gnu/4.8/../../../i386-linux-gnu/crti.o

.gnu.version_d  0x0000000000006974        0x0
 *(.gnu.version_d)
 .gnu.version_d
                0x0000000000000000        0x0 /usr/lib/gcc/i686-linux-gnu/4.8/../../../i386-linux-gnu/crti.o

.gnu.version_r  0x0000000000006974       0x50
 *(.gnu.version_r)
 .gnu.version_r
                0x0000000000006974       0x50 /usr/lib/gcc/i686-linux-gnu/4.8/../../../i386-linux-gnu/crti.o

.rel.dyn        0x00000000000069c4     0xa0b0
 *(.rel.init)
 .rel.init      0x0000000000000000        0x0 /usr/lib/gcc/i686-linux-gnu/4.8/../../../i386-linux-gnu/crti.o
 *(.rel.text .rel.text.* .rel.gnu.linkonce.t.*)
 .rel.text      0x00000000000069c4     0x98c0 /usr/lib/gcc/i686-linux-gnu/4.8/../../../i386-linux-gnu/crti.o
 *(.rel.fini)
 .rel.fini      0x0000000000000000        0x0 /usr/lib/gcc/i686-linux-gnu/4.8/../../../i386-linux-gnu/crti.o
 *(.rel.rodata .rel.rodata.* .rel.gnu.linkonce.r.*)
 .rel.rodata    0x0000000000010284      0x4e0 /usr/lib/gcc/i686-linux-gnu/4.8/../../../i386-linux-gnu/crti.o
 *(.rel.data.rel.ro .rel.data.rel.ro.* .rel.gnu.linkonce.d.rel.ro.*)
 *(.rel.data .rel.data.* .rel.gnu.linkonce.d.*)
 .rel.data.rel  0x0000000000010764        0x8 /usr/lib/gcc/i686-linux-gnu/4.8/../../../i386-linux-gnu/crti.o
 .rel.data      0x000000000001076c      0x2d0 /usr/lib/gcc/i686-linux-gnu/4.8/../../../i386-linux-gnu/crti.o
 *(.rel.tdata .rel.tdata.* .rel.gnu.linkonce.td.*)
 *(.rel.tbss .rel.tbss.* .rel.gnu.linkonce.tb.*)
 *(.rel.ctors)
 *(.rel.dtors)
 *(.rel.got)
 .rel.got       0x0000000000010a3c       0x28 /usr/lib/gcc/i686-linux-gnu/4.8/../../../i386-linux-gnu/crti.o
 *(.rel.bss .rel.bss.* .rel.gnu.linkonce.b.*)
 *(.rel.ifunc)
 .rel.ifunc     0x0000000000000000        0x0 /usr/lib/gcc/i686-linux-gnu/4.8/../../../i386-linux-gnu/crti.o
 .rel.fini_array
                0x0000000000010a64        0x8 /usr/lib/gcc/i686-linux-gnu/4.8/../../../i386-linux-gnu/crti.o
 .rel.init_array
                0x0000000000010a6c        0x8 /usr/lib/gcc/i686-linux-gnu/4.8/../../../i386-linux-gnu/crti.o

.rel.plt        0x0000000000010a74       0x10
 *(.rel.plt)
 .rel.plt       0x0000000000010a74       0x10 /usr/lib/gcc/i686-linux-gnu/4.8/../../../i386-linux-gnu/crti.o
 *(.rel.iplt)

.init           0x0000000000010a84       0x23
 *(SORT(.init))
 .init          0x0000000000010a84       0x1e /usr/lib/gcc/i686-linux-gnu/4.8/../../../i386-linux-gnu/crti.o
                0x0000000000010a84                _init
 .init          0x0000000000010aa2        0x5 /usr/lib/gcc/i686-linux-gnu/4.8/../../../i386-linux-gnu/crtn.o

.plt            0x0000000000010ab0       0x30
 *(.plt)
 .plt           0x0000000000010ab0       0x30 /usr/lib/gcc/i686-linux-gnu/4.8/../../../i386-linux-gnu/crti.o
 *(.iplt)

.text           0x0000000000010ae0    0x18025
 *(.text.unlikely .text.*_unlikely .text.unlikely.*)
 *(.text.exit .text.exit.*)
 *(.text.startup .text.startup.*)
 *(.text.hot .text.hot.*)
 *(.text .stub .text.* .gnu.linkonce.t.*)
 .text          0x0000000000010ae0        0x0 /usr/lib/gcc/i686-linux-gnu/4.8/../../../i386-linux-gnu/crti.o
 .gnu.linkonce.t.__x86.get_pc_thunk.bx
                0x0000000000010ae0        0x4 /usr/lib/gcc/i686-linux-gnu/4.8/../../../i386-linux-gnu/crti.o
                0x0000000000010ae0                __x86.get_pc_thunk.bx
 *fill*         0x0000000000010ae4        0xc 
 .text          0x0000000000010af0      0x11b /usr/lib/gcc/i686-linux-gnu/4.8/crtbeginS.o
 .text          0x0000000000010c0b      0x884 udp-client.co
 .text          0x000000000001148f      0x96a obj_cooja/mtype132.o
                0x000000000001163d                contiki_init
                0x0000000000011c10                Java_org_contikios_cooja_corecomm_Lib5_init
                0x0000000000011c50                Java_org_contikios_cooja_corecomm_Lib5_getMemory
                0x0000000000011c90                Java_org_contikios_cooja_corecomm_Lib5_setMemory
                0x0000000000011d07                Java_org_contikios_cooja_corecomm_Lib5_tick
                0x0000000000011de7                Java_org_contikios_cooja_corecomm_Lib5_setReferenceAddress
 .text          0x0000000000011df9       0x63 obj_cooja/mtype132.a(simEnvChange.o)
                0x0000000000011df9                doActionsBeforeTick
                0x0000000000011e2a                doActionsAfterTick
 .text          0x0000000000011e5c       0xbc obj_cooja/mtype132.a(cooja_mt.o)
                0x0000000000011e5c                cooja_mt_init
                0x0000000000011e69                cooja_mt_remove
                0x0000000000011e76                cooja_mt_start
                0x0000000000011ea3                cooja_mt_exec
                0x0000000000011ed4                cooja_mt_exit
                0x0000000000011ef6                cooja_mt_yield
 .text          0x0000000000011f18      0x115 obj_cooja/mtype132.a(cooja_mtarch.o)
                0x0000000000011f18                cooja_mtarch_init
                0x0000000000011f1d                cooja_mtarch_start
                0x0000000000011f98                cooja_sw
                0x0000000000011fba                cooja_mtarch_exec
                0x0000000000011fd6                cooja_mtarch_remove
                0x0000000000011fdb                cooja_mtarch_yield
                0x0000000000011fe5                cooja_mtarch_pstop
                0x0000000000011fea                cooja_mtarch_pstart
                0x0000000000011fef                cooja_mtarch_stack_usage
 .text          0x000000000001202d       0xc2 obj_cooja/mtype132.a(rtimer-arch.o)
                0x000000000001202d                rtimer_arch_init
                0x0000000000012050                rtimer_arch_schedule
                0x0000000000012067                rtimer_arch_next
                0x0000000000012071                rtimer_arch_pending
                0x000000000001207b                rtimer_arch_check
                0x00000000000120ad                rtimer_arch_now
 .text          0x00000000000120ef       0x76 obj_cooja/mtype132.a(beep.o)
                0x00000000000120ef                beep_alarm
                0x00000000000120fb                beep_beep
                0x0000000000012107                beep
                0x0000000000012113                beep_down
                0x000000000001211f                beep_on
                0x000000000001212b                beep_off
                0x0000000000012137                beep_spinup
                0x0000000000012143                beep_quick
                0x000000000001214f                beep_long
 .text          0x0000000000012165      0x103 obj_cooja/mtype132.a(button-sensor.o)
 .text          0x0000000000012268       0x45 obj_cooja/mtype132.a(leds-arch.o)
                0x0000000000012268                leds_arch_init
                0x0000000000012274                leds_arch_get
                0x0000000000012280                leds_arch_set
 .text          0x00000000000122ad       0x2f obj_cooja/mtype132.a(moteid.o)
 .text          0x00000000000122dc       0xb1 obj_cooja/mtype132.a(pir-sensor.o)
 .text          0x000000000001238d      0x131 obj_cooja/mtype132.a(rs232.o)
                0x000000000001238d                rs232_init
                0x0000000000012392                rs232_set_speed
                0x00000000000123a0                rs232_set_input
                0x00000000000123ad                rs232_send
                0x00000000000123cf                rs232_print
                0x00000000000123ea                slip_arch_writeb
 .text          0x00000000000124be       0xb1 obj_cooja/mtype132.a(vib-sensor.o)
 .text          0x000000000001256f       0x34 obj_cooja/mtype132.a(clock.o)
                0x000000000001256f                clock_init
                0x0000000000012574                clock_time
                0x000000000001257e                clock_seconds
                0x0000000000012594                clock_delay
 .text          0x00000000000125a3      0x1ed obj_cooja/mtype132.a(log.o)
                0x00000000000125a3                simlog_char
                0x00000000000125e5                simlog
                0x0000000000012652                log_message
                0x000000000001267a                log_set_putchar_with_slip
                0x0000000000012687                log_putchar
                0x000000000001270b                log_puts
                0x000000000001272f                log_printf
 .text          0x0000000000012790      0x2c4 obj_cooja/mtype132.a(cfs-cooja.o)
                0x0000000000012790                cfs_open
                0x00000000000127f9                cfs_close
                0x0000000000012805                cfs_read
                0x00000000000128a3                cfs_write
                0x0000000000012980                cfs_seek
                0x0000000000012a08                cfs_remove
                0x0000000000012a31                cfs_opendir
                0x0000000000012a3b                cfs_readdir
                0x0000000000012a45                cfs_closedir
 .text          0x0000000000012a54      0x6b7 obj_cooja/mtype132.a(cooja-radio.o)
                0x0000000000012a7e                radio_set_channel
                0x0000000000012a93                radio_set_txpower
                0x0000000000012ab3                radio_signal_strength_last
                0x0000000000012abd                radio_signal_strength_current
                0x0000000000012ac7                radio_LQI
 .text          0x000000000001310b       0xef obj_cooja/mtype132.a(eeprom.o)
                0x000000000001310b                eeprom_init
                0x0000000000013110                eeprom_read
                0x0000000000013180                eeprom_write
 .text          0x00000000000131fa       0x28 obj_cooja/mtype132.a(random.o)
                0x00000000000131fa                random_init
                0x0000000000013215                random_rand
 .text          0x0000000000013222      0x2a1 obj_cooja/mtype132.a(sensors.o)
                0x000000000001325d                sensors_first
                0x0000000000013267                sensors_next
                0x0000000000013284                sensors_changed
                0x00000000000132b3                sensors_find
 .text          0x00000000000134c3      0x134 obj_cooja/mtype132.a(leds.o)
                0x0000000000013514                leds_init
                0x0000000000013528                leds_blink
                0x0000000000013560                leds_get
                0x000000000001356d                leds_set
                0x0000000000013587                leds_on
                0x00000000000135aa                leds_off
                0x00000000000135d4                leds_toggle
 .text          0x00000000000135f7      0x471 obj_cooja/mtype132.a(dual_conf.o)
                0x00000000000135f7                dual_radio_switch
                0x0000000000013637                dual_radio_change
                0x0000000000013671                sending_in_LR
                0x000000000001369c                dual_radio_received
                0x00000000000136ef                radio_received_is_longrange
                0x000000000001370a                dual_radio_turn_on
                0x000000000001372d                dual_radio_turn_off
                0x00000000000139ee                dio_broadcast
                0x0000000000013a17                dis_broadcast
                0x0000000000013a38                LSA_converge_broadcast
 .text          0x0000000000013a68       0x8e obj_cooja/mtype132.a(autostart.o)
                0x0000000000013a68                autostart_start
                0x0000000000013ab3                autostart_exit
 .text          0x0000000000013af6      0x334 obj_cooja/mtype132.a(ctimer.o)
                0x0000000000013c0d                ctimer_init
                0x0000000000013c3d                ctimer_set
                0x0000000000013c6e                ctimer_set_with_process
                0x0000000000013cea                ctimer_reset
                0x0000000000013d39                ctimer_restart
                0x0000000000013d88                ctimer_stop
                0x0000000000013dd3                ctimer_expired
 .text          0x0000000000013e2a      0x40b obj_cooja/mtype132.a(etimer.o)
                0x000000000001403d                etimer_request_poll
                0x00000000000140c1                etimer_set
                0x00000000000140e6                etimer_reset_with_new_interval
                0x000000000001410d                etimer_reset
                0x000000000001412b                etimer_restart
                0x0000000000014149                etimer_adjust
                0x0000000000014165                etimer_expired
                0x0000000000014178                etimer_expiration_time
                0x000000000001418a                etimer_start_time
                0x0000000000014194                etimer_pending
                0x00000000000141a6                etimer_next_expiration_time
                0x00000000000141c0                etimer_stop
 .text          0x0000000000014235      0x12d obj_cooja/mtype132.a(log_message.o)
                0x0000000000014235                log_initialization
                0x0000000000014341                log_finisher
 .text          0x0000000000014362      0x560 obj_cooja/mtype132.a(process.o)
                0x0000000000014362                process_alloc_event
                0x0000000000014377                process_start
                0x0000000000014560                process_exit
                0x000000000001457c                process_init
                0x000000000001474d                process_run
                0x0000000000014780                process_nevents
                0x000000000001479b                process_post
                0x0000000000014847                process_post_synch
                0x000000000001487f                process_poll
                0x00000000000148ae                process_is_running
 .text          0x00000000000148c2       0xd3 obj_cooja/mtype132.a(residual.o)
                0x00000000000148c2                get_residual_energy
 .text          0x0000000000014995       0xba obj_cooja/mtype132.a(rtimer.o)
                0x0000000000014995                rtimer_init
                0x00000000000149a2                rtimer_set
                0x00000000000149f9                rtimer_run_next
 .text          0x0000000000014a4f       0xa3 obj_cooja/mtype132.a(stimer.o)
                0x0000000000014a4f                stimer_set
                0x0000000000014a6a                stimer_reset
                0x0000000000014a81                stimer_restart
                0x0000000000014a93                stimer_expired
                0x0000000000014aba                stimer_remaining
                0x0000000000014ade                stimer_elapsed
 .text          0x0000000000014af2       0x91 obj_cooja/mtype132.a(timer.o)
                0x0000000000014af2                timer_set
                0x0000000000014b0d                timer_reset
                0x0000000000014b24                timer_restart
                0x0000000000014b36                timer_expired
                0x0000000000014b5f                timer_remaining
 .text          0x0000000000014b83      0x1fb obj_cooja/mtype132.a(serial-line.o)
                0x0000000000014b83                serial_line_input_byte
                0x0000000000014d46                serial_line_init
 .text          0x0000000000014d7e      0x244 obj_cooja/mtype132.a(list.o)
                0x0000000000014d7e                list_init
                0x0000000000014d8c                list_head
                0x0000000000014d96                list_copy
                0x0000000000014da5                list_tail
                0x0000000000014ddb                list_add
                0x0000000000014e24                list_push
                0x0000000000014e50                list_chop
                0x0000000000014eba                list_pop
                0x0000000000014ee2                list_remove
                0x0000000000014f49                list_length
                0x0000000000014f77                list_insert
                0x0000000000014fab                list_item_next
 .text          0x0000000000014fc2      0x155 obj_cooja/mtype132.a(ringbuf.o)
                0x0000000000014fc2                ringbuf_init
                0x0000000000014ff3                ringbuf_put
                0x0000000000015071                ringbuf_get
                0x00000000000150de                ringbuf_size
                0x00000000000150f0                ringbuf_elements
 .text          0x0000000000015117     0x2c8c obj_cooja/mtype132.a(sicslowpan.o)
                0x0000000000015717                rime_sniffer_add
                0x0000000000015724                rime_sniffer_remove
                0x0000000000017d42                sicslowpan_init
                0x0000000000017d99                sicslowpan_get_last_rssi
 .text          0x0000000000017da3      0x2dc obj_cooja/mtype132.a(uip-ds6-nbr.o)
                0x0000000000017dc0                uip_ds6_neighbors_init
                0x0000000000017ddd                uip_ds6_nbr_add
                0x0000000000017e8e                uip_ds6_nbr_rm
                0x0000000000017eeb                uip_ds6_nbr_get_ipaddr
                0x0000000000017f00                uip_ds6_nbr_get_ll
                0x0000000000017f1c                uip_ds6_nbr_num
                0x0000000000017f61                uip_ds6_nbr_lookup
                0x0000000000017fc6                uip_ds6_nbr_ll_lookup
                0x0000000000017fe2                uip_ds6_nbr_ipaddr_from_lladdr
                0x0000000000018008                uip_ds6_nbr_lladdr_from_ipaddr
                0x0000000000018036                uip_ds6_link_neighbor_callback
 .text          0x000000000001807f      0x916 obj_cooja/mtype132.a(uip-ds6-route.o)
                0x00000000000180f6                uip_ds6_notification_add
                0x0000000000018127                uip_ds6_notification_rm
                0x0000000000018143                uip_ds6_route_init
                0x00000000000181cb                uip_ds6_route_nexthop
                0x00000000000181f3                uip_ds6_route_head
                0x0000000000018208                uip_ds6_route_next
                0x000000000001822e                uip_ds6_route_is_nexthop
                0x000000000001826d                uip_ds6_route_num_routes
                0x0000000000018277                uip_ds6_route_lookup
                0x0000000000018339                uip_ds6_route_add
                0x000000000001856d                uip_ds6_route_rm
                0x0000000000018701                uip_ds6_route_rm_by_nexthop
                0x0000000000018739                uip_ds6_defrt_add
                0x00000000000187ea                uip_ds6_defrt_rm
                0x0000000000018869                uip_ds6_defrt_lookup
                0x00000000000188c2                uip_ds6_defrt_choose
                0x000000000001892d                uip_ds6_defrt_periodic
 .text          0x0000000000018995     0x12ad obj_cooja/mtype132.a(uip-ds6.o)
                0x0000000000018995                uip_ds6_init
                0x0000000000018cea                uip_ds6_periodic
                0x0000000000018dc2                uip_ds6_list_loop
                0x0000000000018e69                uip_ds6_prefix_add
                0x0000000000018f27                uip_ds6_prefix_rm
                0x0000000000018f39                uip_ds6_prefix_lookup
                0x0000000000018f8a                uip_ds6_is_addr_onlink
                0x0000000000018ffe                uip_ds6_addr_add
                0x000000000001912c                uip_ds6_long_addr_add
                0x000000000001925a                uip_ds6_addr_rm
                0x00000000000192fa                uip_ds6_addr_lookup
                0x0000000000019345                uip_ds6_long_addr_lookup
                0x0000000000019390                uip_ds6_get_link_local
                0x000000000001940f                uip_ds6_long_get_link_local
                0x000000000001948e                uip_ds6_get_global
                0x000000000001950d                uip_ds6_long_get_global
                0x000000000001958c                uip_ds6_maddr_add
                0x00000000000195fe                uip_ds6_long_maddr_add
                0x0000000000019670                uip_ds6_maddr_rm
                0x0000000000019682                uip_ds6_maddr_lookup
                0x00000000000196cd                uip_ds6_long_maddr_lookup
                0x0000000000019718                uip_ds6_aaddr_add
                0x000000000001978a                uip_ds6_long_aaddr_add
                0x00000000000197fc                uip_ds6_aaddr_rm
                0x000000000001980e                uip_ds6_aaddr_lookup
                0x0000000000019859                uip_ds6_long_aaddr_lookup
                0x00000000000198a4                uip_ds6_select_src
                0x0000000000019b2d                uip_ds6_set_addr_iid
                0x0000000000019b64                get_match_length
                0x0000000000019bf6                uip_ds6_compute_reachable_time
 .text          0x0000000000019c42     0x2a00 obj_cooja/mtype132.a(uip6.o)
                0x0000000000019c42                uip_add32
                0x0000000000019ddb                uip_chksum
                0x0000000000019ec9                uip_icmp6chksum
                0x0000000000019edd                uip_tcpchksum
                0x0000000000019ef1                uip_udpchksum
                0x0000000000019f05                uip_init
                0x0000000000019fd5                uip_connect
                0x000000000001a184                remove_ext_hdr
                0x000000000001a259                uip_udp_new
                0x000000000001a3b5                uip_unlisten
                0x000000000001a415                uip_listen
                0x000000000001a6d7                uip_process
                0x000000000001c536                uip_htons
                0x000000000001c558                uip_htonl
                0x000000000001c598                uip_send
 .text          0x000000000001c642      0xb64 obj_cooja/mtype132.a(tcpip.o)
                0x000000000001c642                tcpip_output
                0x000000000001c67d                tcpip_set_outputfunc
                0x000000000001c711                tcp_connect
                0x000000000001c766                tcp_unlisten
                0x000000000001c7c1                tcp_listen
                0x000000000001c81a                tcp_attach
                0x000000000001c83f                udp_attach
                0x000000000001c864                udp_new
                0x000000000001c8b6                udp_broadcast_new
                0x000000000001cb2a                tcpip_input
                0x000000000001cb5e                tcpip_ipv6_output
                0x000000000001cfec                tcpip_poll_udp
                0x000000000001d00f                tcpip_poll_tcp
                0x000000000001d032                tcpip_uipcall
 .text          0x000000000001d1a6      0x1c1 obj_cooja/mtype132.a(uip-debug.o)
                0x000000000001d1a6                uip_debug_ipaddr_print
                0x000000000001d308                uip_debug_lladdr_print
 .text          0x000000000001d367      0x141 obj_cooja/mtype132.a(uip-packetqueue)
                0x000000000001d393                uip_packetqueue_new
                0x000000000001d3a1                uip_packetqueue_alloc
                0x000000000001d401                uip_packetqueue_free
                0x000000000001d442                uip_packetqueue_buf
                0x000000000001d45f                uip_packetqueue_buflen
                0x000000000001d480                uip_packetqueue_set_buflen
 .text          0x000000000001d4a8      0x131 obj_cooja/mtype132.a(uip-udp-packet.)
                0x000000000001d4a8                uip_udp_packet_send
                0x000000000001d508                uip_udp_packet_sendto
 .text          0x000000000001d5d9     0x26ab obj_cooja/mtype132.a(rpl-dag.o)
                0x000000000001d5d9                rpl_lr_in_child
                0x000000000001d691                rpl_print_neighbor_list
                0x000000000001d73a                rpl_print_child_neighbor_list
                0x000000000001d7af                rpl_get_nbr
                0x000000000001d809                rpl_get_nbr_child
                0x000000000001d863                rpl_dag_init
                0x000000000001d895                rpl_get_parent
                0x000000000001d8b7                rpl_get_parent_rank
                0x000000000001d8ea                rpl_get_parent_link_metric
                0x000000000001d91d                rpl_get_parent_ipaddr
                0x000000000001d947                rpl_get_child_ipaddr
                0x000000000001dc62                rpl_set_root
                0x000000000001de90                rpl_repair_root
                0x000000000001e0cc                rpl_set_prefix
                0x000000000001e1cb                rpl_set_default_route
                0x000000000001e257                rpl_alloc_instance
                0x000000000001e2df                rpl_alloc_dag
                0x000000000001e392                rpl_set_default_instance
                0x000000000001e39f                rpl_get_default_instance
                0x000000000001e3a9                rpl_free_instance
                0x000000000001e44a                rpl_free_dag
                0x000000000001e4b0                rpl_add_parent
                0x000000000001e599                rpl_find_parent
                0x000000000001e5c9                rpl_add_child
                0x000000000001e66d                rpl_find_child
                0x000000000001e6bb                rpl_find_parent_any_dag
                0x000000000001e6f7                rpl_select_dag
                0x000000000001eb2d                rpl_select_parent
                0x000000000001eb8f                rpl_remove_parent
                0x000000000001ebc5                rpl_remove_child
                0x000000000001ebe1                rpl_nullify_parent
                0x000000000001ec7f                rpl_move_parent
                0x000000000001ed1c                rpl_has_downward_route
                0x000000000001ed6f                rpl_get_any_dag
                0x000000000001edd1                rpl_get_instance
                0x000000000001ee34                rpl_find_of
                0x000000000001ee71                rpl_join_instance
                0x000000000001f10d                rpl_add_dag
                0x000000000001f4fc                rpl_local_repair
                0x000000000001f5d5                rpl_recalculate_ranks
                0x000000000001f65b                rpl_process_parent_event
                0x000000000001f70d                rpl_process_dio
 .text          0x000000000001fc84      0xbf3 obj_cooja/mtype132.a(rpl-ext-header.)
                0x000000000001fca1                rpl_verify_header
                0x000000000002011b                rpl_update_header_empty
                0x0000000000020432                rpl_update_header_final
                0x00000000000205c1                rpl_remove_header
                0x00000000000206cb                rpl_invert_header
                0x0000000000020855                rpl_insert_header
 .text          0x0000000000020877     0x24ea obj_cooja/mtype132.a(rpl-icmp6.o)
                0x0000000000020b40                rpl_icmp6_update_nbr_table
                0x0000000000020c30                dis_output
                0x0000000000021568                dio_output
                0x0000000000021dd3                LSA_converge_output
                0x00000000000228c0                dao_output
                0x0000000000022988                dao_output_target
                0x0000000000022d09                dao_ack_output
                0x0000000000022d1d                rpl_icmp6_register_handlers
 .text          0x0000000000022d61      0x3dc obj_cooja/mtype132.a(rpl-ltmax.o)
 .text          0x000000000002313d      0x745 obj_cooja/mtype132.a(rpl-timers.o)
                0x000000000002313d                rpl_LSA_convergence_timer
                0x0000000000023233                rpl_reset_LSA_convergence_timer
                0x000000000002352b                rpl_reset_periodic_timer
                0x0000000000023580                rpl_reset_dio_timer
                0x00000000000237ba                rpl_schedule_dao
                0x00000000000237d5                rpl_schedule_dao_immediately
                0x00000000000237f0                rpl_cancel_dao
                0x0000000000023852                rpl_schedule_unicast_dio_immediately
 .text          0x0000000000023882      0x5dc obj_cooja/mtype132.a(rpl.o)
                0x0000000000023882                rpl_get_mode
                0x000000000002388c                rpl_set_mode
                0x000000000002391a                rpl_purge_routes
                0x0000000000023a14                rpl_remove_routes
                0x0000000000023a5a                rpl_remove_routes_by_nexthop
                0x0000000000023ac6                rpl_add_route
                0x0000000000023b41                rpl_link_neighbor_callback
                0x0000000000023c46                rpl_ipv6_neighbor_callback
                0x0000000000023cb5                rpl_purge_dags
                0x0000000000023dc1                rpl_init
 .text          0x0000000000023e5e      0x87b obj_cooja/mtype132.a(csma.o)
 .text          0x00000000000246d9      0x3f5 obj_cooja/mtype132.a(framer-802154.o)
 .text          0x0000000000024ace       0x3c obj_cooja/mtype132.a(mac.o)
                0x0000000000024ace                mac_call_sent_callback
 .text          0x0000000000024b0a     0x12ac obj_cooja/mtype132.a(cxmac.o)
                0x0000000000025cea                cxmac_set_announcement_radio_txpower
                0x0000000000025cef                cxmac_init
 .text          0x0000000000025db6       0x82 obj_cooja/mtype132.a(linkaddr.o)
                0x0000000000025db6                linkaddr_copy
                0x0000000000025dd8                linkaddr_cmp
                0x0000000000025e02                linkaddr_set_node_addr
                0x0000000000025e1d                linkaddr_set_node_long_addr
 .text          0x0000000000025e38      0x915 obj_cooja/mtype132.a(nbr-table.o)
                0x0000000000025e38                long_ip_from_lladdr_map
                0x0000000000025ec1                lladdr_map_add_lr
                0x0000000000025f7e                lladdr_map_rm_lr
                0x0000000000026443                nbr_table_register
                0x000000000002648b                nbr_table_head
                0x00000000000264e7                nbr_table_next
                0x000000000002654e                nbr_table_add_lladdr
                0x000000000002662a                nbr_table_get_from_lladdr
                0x0000000000026677                nbr_table_remove
                0x00000000000266c9                nbr_table_lock
                0x00000000000266f3                nbr_table_unlock
                0x000000000002671d                nbr_table_get_lladdr
 .text          0x000000000002674d       0x2b obj_cooja/mtype132.a(netstack.o)
                0x000000000002674d                netstack_init
 .text          0x0000000000026778      0x3cd obj_cooja/mtype132.a(packetbuf.o)
                0x0000000000026778                packetbuf_clear
                0x00000000000267a2                packetbuf_copyfrom
                0x00000000000267f4                packetbuf_compact
                0x0000000000026871                packetbuf_copyto
                0x0000000000026908                packetbuf_hdralloc
                0x0000000000026985                packetbuf_hdrreduce
                0x00000000000269cd                packetbuf_set_datalen
                0x00000000000269e6                packetbuf_dataptr
                0x0000000000026a03                packetbuf_hdrptr
                0x0000000000026a0d                packetbuf_datalen
                0x0000000000026a19                packetbuf_hdrlen
                0x0000000000026a30                packetbuf_totlen
                0x0000000000026a46                packetbuf_attr_clear
                0x0000000000026a98                packetbuf_attr_copyto
                0x0000000000026ae1                packetbuf_attr_copyfrom
                0x0000000000026b29                packetbuf_holds_broadcast
 .text          0x0000000000026b45      0x2b4 obj_cooja/mtype132.a(queuebuf.o)
                0x0000000000026b4f                queuebuf_init
                0x0000000000026b6f                queuebuf_numfree
                0x0000000000026b83                queuebuf_new_from_packetbuf
                0x0000000000026c13                queuebuf_update_attr_from_packetbuf
                0x0000000000026c46                queuebuf_update_from_packetbuf
                0x0000000000026c90                queuebuf_free
                0x0000000000026cd7                queuebuf_to_packetbuf
                0x0000000000026d3d                queuebuf_dataptr
                0x0000000000026d74                queuebuf_datalen
                0x0000000000026d97                queuebuf_addr
                0x0000000000026dc9                queuebuf_attr
                0x0000000000026df4                queuebuf_debug_print
 .text          0x0000000000026df9       0x6e obj_cooja/mtype132.a(nullsec.o)
 .text          0x0000000000026e67       0x19 obj_cooja/mtype132.a(watchdog.o)
                0x0000000000026e67                watchdog_init
                0x0000000000026e6c                watchdog_start
                0x0000000000026e71                watchdog_periodic
                0x0000000000026e76                watchdog_stop
                0x0000000000026e7b                watchdog_reboot
 .text          0x0000000000026e80        0x0 obj_cooja/mtype132.a(rimestats.o)
 .text          0x0000000000026e80      0x1c1 obj_cooja/mtype132.a(memb.o)
                0x0000000000026e80                memb_init
                0x0000000000026ede                memb_alloc
                0x0000000000026f43                memb_free
                0x0000000000026fbe                memb_inmemb
                0x0000000000026ffd                memb_numfree
 .text          0x0000000000027041      0xabf obj_cooja/mtype132.a(uip-icmp6.o)
                0x00000000000270af                uip_icmp6_input
                0x0000000000027105                uip_icmp6_register_input_handler
                0x00000000000273cd                uip_icmp6_error_output
                0x0000000000027712                uip_icmp6_send
                0x0000000000027a93                uip_icmp6_echo_reply_callback_add
                0x0000000000027ac4                uip_icmp6_echo_reply_callback_rm
                0x0000000000027ae0                uip_icmp6_init
 .text          0x0000000000027b00      0x358 obj_cooja/mtype132.a(uip-nd6.o)
                0x0000000000027b54                uip_nd6_ns_output
                0x0000000000027e53                uip_nd6_init
 .text          0x0000000000027e58      0x331 obj_cooja/mtype132.a(rpl-nbr-policy.)
                0x0000000000028030                find_removable_dis
                0x0000000000028053                find_removable_dio
                0x00000000000280e2                find_removable_dao
                0x0000000000028132                rpl_nbr_policy_find_removable
 .text          0x0000000000028189      0x97c obj_cooja/mtype132.a(frame802154.o)
                0x00000000000281ba                frame802154_get_pan_id
                0x00000000000281c6                frame802154_set_pan_id
                0x00000000000281df                frame802154_has_panid
                0x00000000000282cb                frame802154_check_dest_panid
                0x0000000000028333                frame802154_is_broadcast_addr
                0x0000000000028380                frame802154_extract_linkaddr
                0x00000000000285c0                frame802154_hdrlen
                0x0000000000028611                frame802154_create
                0x00000000000287fc                frame802154_parse
 .text          0x0000000000028b05        0x0 /usr/lib/gcc/i686-linux-gnu/4.8/crtendS.o
 .text          0x0000000000028b05        0x0 /usr/lib/gcc/i686-linux-gnu/4.8/../../../i386-linux-gnu/crtn.o
 *(.gnu.warning)

.fini           0x0000000000028b08       0x14
 *(SORT(.fini))
 .fini          0x0000000000028b08        0xf /usr/lib/gcc/i686-linux-gnu/4.8/../../../i386-linux-gnu/crti.o
                0x0000000000028b08                _fini
 .fini          0x0000000000028b17        0x5 /usr/lib/gcc/i686-linux-gnu/4.8/../../../i386-linux-gnu/crtn.o
                0x0000000000028b1c                PROVIDE (__etext, .)
                0x0000000000028b1c                PROVIDE (_etext, .)
                0x0000000000028b1c                PROVIDE (etext, .)

.rodata         0x0000000000028b20     0x1900
 *(.rodata .rodata.* .gnu.linkonce.r.*)
 .rodata        0x0000000000028b20      0x402 udp-client.co
                0x0000000000028b34                autostart_processes
 *fill*         0x0000000000028f22        0x2 
 .rodata        0x0000000000028f24      0x1e6 obj_cooja/mtype132.o
 *fill*         0x000000000002910a        0x2 
 .rodata        0x000000000002910c        0x8 obj_cooja/mtype132.a(beep.o)
                0x000000000002910c                beep_interface
 .rodata        0x0000000000029114       0x20 obj_cooja/mtype132.a(button-sensor.o)
                0x0000000000029114                button_interface
                0x0000000000029124                button_sensor
 .rodata        0x0000000000029134        0x8 obj_cooja/mtype132.a(leds-arch.o)
                0x0000000000029134                leds_interface
 .rodata        0x000000000002913c        0x8 obj_cooja/mtype132.a(moteid.o)
                0x000000000002913c                moteid_interface
 .rodata        0x0000000000029144       0x1c obj_cooja/mtype132.a(pir-sensor.o)
                0x0000000000029144                pir_interface
                0x0000000000029150                pir_sensor
 .rodata        0x0000000000029160        0xe obj_cooja/mtype132.a(rs232.o)
                0x0000000000029160                rs232_interface
 *fill*         0x000000000002916e        0x2 
 .rodata        0x0000000000029170       0x24 obj_cooja/mtype132.a(vib-sensor.o)
                0x0000000000029170                vib_interface
                0x0000000000029184                vib_sensor
 .rodata        0x0000000000029194        0x8 obj_cooja/mtype132.a(clock.o)
                0x0000000000029194                clock_interface
 .rodata        0x000000000002919c        0x8 obj_cooja/mtype132.a(log.o)
                0x000000000002919c                simlog_interface
 .rodata        0x00000000000291a4       0x2f obj_cooja/mtype132.a(cfs-cooja.o)
                0x00000000000291a4                cfs_interface
 *fill*         0x00000000000291d3        0xd 
 .rodata        0x00000000000291e0       0xc0 obj_cooja/mtype132.a(cooja-radio.o)
                0x0000000000029260                cooja_radio_driver
                0x0000000000029298                radio_interface
 .rodata        0x00000000000292a0        0x8 obj_cooja/mtype132.a(eeprom.o)
                0x00000000000292a0                eeprom_interface
 .rodata        0x00000000000292a8        0x8 obj_cooja/mtype132.a(sensors.o)
 .rodata        0x00000000000292b0      0x1fe obj_cooja/mtype132.a(dual_conf.o)
 .rodata        0x00000000000294ae        0xf obj_cooja/mtype132.a(ctimer.o)
 .rodata        0x00000000000294bd        0xc obj_cooja/mtype132.a(etimer.o)
 *fill*         0x00000000000294c9        0x3 
 .rodata        0x00000000000294cc       0x73 obj_cooja/mtype132.a(log_message.o)
 *fill*         0x000000000002953f        0x1 
 .rodata        0x0000000000029540       0x20 obj_cooja/mtype132.a(residual.o)
 .rodata        0x0000000000029560        0xe obj_cooja/mtype132.a(serial-line.o)
 *fill*         0x000000000002956e        0x2 
 .rodata        0x0000000000029570      0x924 obj_cooja/mtype132.a(sicslowpan.o)
                0x0000000000029649                unc_llconf
                0x000000000002964d                unc_ctxconf
                0x0000000000029651                unc_mxconf
                0x0000000000029655                llprefix
                0x0000000000029e88                sicslowpan_driver
 .rodata        0x0000000000029e94      0x13c obj_cooja/mtype132.a(uip6.o)
 .rodata        0x0000000000029fd0       0x49 obj_cooja/mtype132.a(tcpip.o)
 .rodata        0x000000000002a019       0x3e obj_cooja/mtype132.a(uip-debug.o)
 *fill*         0x000000000002a057        0x1 
 .rodata        0x000000000002a058        0x4 obj_cooja/mtype132.a(rpl-dag.o)
 .rodata        0x000000000002a05c       0x1c obj_cooja/mtype132.a(rpl-icmp6.o)
 .rodata        0x000000000002a078       0x8a obj_cooja/mtype132.a(rpl-timers.o)
 *fill*         0x000000000002a102        0x2 
 .rodata        0x000000000002a104       0x24 obj_cooja/mtype132.a(csma.o)
                0x000000000002a10c                csma_driver
 .rodata        0x000000000002a128        0xc obj_cooja/mtype132.a(framer-802154.o)
                0x000000000002a128                framer_802154
 *fill*         0x000000000002a134        0xc 
 .rodata        0x000000000002a140      0x2c0 obj_cooja/mtype132.a(cxmac.o)
                0x000000000002a3e0                cxmac_driver
 .rodata        0x000000000002a400        0x8 obj_cooja/mtype132.a(linkaddr.o)
                0x000000000002a400                linkaddr_null
 .rodata        0x000000000002a408       0x18 obj_cooja/mtype132.a(nullsec.o)
                0x000000000002a410                nullsec_driver

.rodata1
 *(.rodata1)

.eh_frame_hdr   0x000000000002a420     0x1454
 *(.eh_frame_hdr)
 .eh_frame_hdr  0x000000000002a420     0x1454 udp-client.co

.eh_frame       0x000000000002b874     0x52b0
 *(.eh_frame)
 .eh_frame      0x000000000002b874       0x3c /usr/lib/gcc/i686-linux-gnu/4.8/../../../i386-linux-gnu/crti.o
                                         0x40 (size before relaxing)
 .eh_frame      0x000000000002b8b0       0xb4 udp-client.co
                                         0xcc (size before relaxing)
 .eh_frame      0x000000000002b964      0x148 obj_cooja/mtype132.o
                                        0x160 (size before relaxing)
 .eh_frame      0x000000000002baac       0x40 obj_cooja/mtype132.a(simEnvChange.o)
                                         0x58 (size before relaxing)
 .eh_frame      0x000000000002baec       0xc0 obj_cooja/mtype132.a(cooja_mt.o)
                                         0xd8 (size before relaxing)
 .eh_frame      0x000000000002bbac      0x120 obj_cooja/mtype132.a(cooja_mtarch.o)
                                        0x138 (size before relaxing)
 .eh_frame      0x000000000002bccc       0xc0 obj_cooja/mtype132.a(rtimer-arch.o)
                                         0xd8 (size before relaxing)
 .eh_frame      0x000000000002bd8c      0x160 obj_cooja/mtype132.a(beep.o)
                                        0x178 (size before relaxing)
 .eh_frame      0x000000000002beec       0xa0 obj_cooja/mtype132.a(button-sensor.o)
                                         0xb8 (size before relaxing)
 .eh_frame      0x000000000002bf8c       0xa0 obj_cooja/mtype132.a(leds-arch.o)
                                         0xb8 (size before relaxing)
 .eh_frame      0x000000000002c02c       0x40 obj_cooja/mtype132.a(moteid.o)
                                         0x58 (size before relaxing)
 .eh_frame      0x000000000002c06c       0xa0 obj_cooja/mtype132.a(pir-sensor.o)
                                         0xb8 (size before relaxing)
 .eh_frame      0x000000000002c10c      0x100 obj_cooja/mtype132.a(rs232.o)
                                        0x118 (size before relaxing)
 .eh_frame      0x000000000002c20c       0xa0 obj_cooja/mtype132.a(vib-sensor.o)
                                         0xb8 (size before relaxing)
 .eh_frame      0x000000000002c2ac       0xc0 obj_cooja/mtype132.a(clock.o)
                                         0xd8 (size before relaxing)
 .eh_frame      0x000000000002c36c      0x120 obj_cooja/mtype132.a(log.o)
                                        0x138 (size before relaxing)
 .eh_frame      0x000000000002c48c      0x160 obj_cooja/mtype132.a(cfs-cooja.o)
                                        0x178 (size before relaxing)
 .eh_frame      0x000000000002c5ec      0x2e0 obj_cooja/mtype132.a(cooja-radio.o)
                                        0x2f8 (size before relaxing)
 .eh_frame      0x000000000002c8cc       0xa0 obj_cooja/mtype132.a(eeprom.o)
                                         0xb8 (size before relaxing)
 .eh_frame      0x000000000002c96c       0x40 obj_cooja/mtype132.a(random.o)
                                         0x58 (size before relaxing)
 .eh_frame      0x000000000002c9ac       0xc0 obj_cooja/mtype132.a(sensors.o)
                                         0xd8 (size before relaxing)
 .eh_frame      0x000000000002ca6c      0x100 obj_cooja/mtype132.a(leds.o)
                                        0x118 (size before relaxing)
 .eh_frame      0x000000000002cb6c      0x1a0 obj_cooja/mtype132.a(dual_conf.o)
                                        0x1b8 (size before relaxing)
 .eh_frame      0x000000000002cd0c       0x40 obj_cooja/mtype132.a(autostart.o)
                                         0x58 (size before relaxing)
 .eh_frame      0x000000000002cd4c      0x100 obj_cooja/mtype132.a(ctimer.o)
                                        0x118 (size before relaxing)
 .eh_frame      0x000000000002ce4c      0x1e0 obj_cooja/mtype132.a(etimer.o)
                                        0x1f8 (size before relaxing)
 .eh_frame      0x000000000002d02c       0x40 obj_cooja/mtype132.a(log_message.o)
                                         0x58 (size before relaxing)
 .eh_frame      0x000000000002d06c      0x1c8 obj_cooja/mtype132.a(process.o)
                                        0x1e0 (size before relaxing)
 .eh_frame      0x000000000002d234       0x2c obj_cooja/mtype132.a(residual.o)
                                         0x44 (size before relaxing)
 .eh_frame      0x000000000002d260       0x60 obj_cooja/mtype132.a(rtimer.o)
                                         0x78 (size before relaxing)
 .eh_frame      0x000000000002d2c0       0xc4 obj_cooja/mtype132.a(stimer.o)
                                         0xdc (size before relaxing)
 .eh_frame      0x000000000002d384       0xa4 obj_cooja/mtype132.a(timer.o)
                                         0xbc (size before relaxing)
 .eh_frame      0x000000000002d428       0x60 obj_cooja/mtype132.a(serial-line.o)
                                         0x78 (size before relaxing)
 .eh_frame      0x000000000002d488      0x180 obj_cooja/mtype132.a(list.o)
                                        0x198 (size before relaxing)
 .eh_frame      0x000000000002d608       0xa0 obj_cooja/mtype132.a(ringbuf.o)
                                         0xb8 (size before relaxing)
 .eh_frame      0x000000000002d6a8      0x350 obj_cooja/mtype132.a(sicslowpan.o)
                                        0x368 (size before relaxing)
 .eh_frame      0x000000000002d9f8      0x180 obj_cooja/mtype132.a(uip-ds6-nbr.o)
                                        0x198 (size before relaxing)
 .eh_frame      0x000000000002db78      0x2a0 obj_cooja/mtype132.a(uip-ds6-route.o)
                                        0x2b8 (size before relaxing)
 .eh_frame      0x000000000002de18      0x3c8 obj_cooja/mtype132.a(uip-ds6.o)
                                        0x3e0 (size before relaxing)
 .eh_frame      0x000000000002e1e0      0x27c obj_cooja/mtype132.a(uip6.o)
                                        0x294 (size before relaxing)
 .eh_frame      0x000000000002e45c      0x270 obj_cooja/mtype132.a(tcpip.o)
                                        0x288 (size before relaxing)
 .eh_frame      0x000000000002e6cc       0x48 obj_cooja/mtype132.a(uip-debug.o)
                                         0x60 (size before relaxing)
 .eh_frame      0x000000000002e714       0xe0 obj_cooja/mtype132.a(uip-packetqueue)
                                         0xf8 (size before relaxing)
 .eh_frame      0x000000000002e7f4       0x40 obj_cooja/mtype132.a(uip-udp-packet.)
                                         0x58 (size before relaxing)
 .eh_frame      0x000000000002e834      0x76c obj_cooja/mtype132.a(rpl-dag.o)
                                        0x784 (size before relaxing)
 .eh_frame      0x000000000002efa0      0x10c obj_cooja/mtype132.a(rpl-ext-header.)
                                        0x124 (size before relaxing)
 .eh_frame      0x000000000002f0ac      0x2f8 obj_cooja/mtype132.a(rpl-icmp6.o)
                                        0x310 (size before relaxing)
 .eh_frame      0x000000000002f3a4       0xe0 obj_cooja/mtype132.a(rpl-ltmax.o)
                                         0xf8 (size before relaxing)
 .eh_frame      0x000000000002f484      0x20c obj_cooja/mtype132.a(rpl-timers.o)
                                        0x224 (size before relaxing)
 .eh_frame      0x000000000002f690      0x148 obj_cooja/mtype132.a(rpl.o)
                                        0x160 (size before relaxing)
 .eh_frame      0x000000000002f7d8      0x28c obj_cooja/mtype132.a(csma.o)
                                        0x2a4 (size before relaxing)
 .eh_frame      0x000000000002fa64      0x108 obj_cooja/mtype132.a(framer-802154.o)
                                        0x120 (size before relaxing)
 .eh_frame      0x000000000002fb6c       0x20 obj_cooja/mtype132.a(mac.o)
                                         0x38 (size before relaxing)
 .eh_frame      0x000000000002fb8c      0x2c0 obj_cooja/mtype132.a(cxmac.o)
                                        0x2d8 (size before relaxing)
 .eh_frame      0x000000000002fe4c       0x80 obj_cooja/mtype132.a(linkaddr.o)
                                         0x98 (size before relaxing)
 .eh_frame      0x000000000002fecc      0x2cc obj_cooja/mtype132.a(nbr-table.o)
                                        0x2e4 (size before relaxing)
 .eh_frame      0x0000000000030198       0x20 obj_cooja/mtype132.a(netstack.o)
                                         0x38 (size before relaxing)
 .eh_frame      0x00000000000301b8      0x214 obj_cooja/mtype132.a(packetbuf.o)
                                        0x22c (size before relaxing)
 .eh_frame      0x00000000000303cc      0x1a0 obj_cooja/mtype132.a(queuebuf.o)
                                        0x1b8 (size before relaxing)
 .eh_frame      0x000000000003056c       0x80 obj_cooja/mtype132.a(nullsec.o)
                                         0x98 (size before relaxing)
 .eh_frame      0x00000000000305ec       0xa0 obj_cooja/mtype132.a(watchdog.o)
                                         0xb8 (size before relaxing)
 .eh_frame      0x000000000003068c       0xa0 obj_cooja/mtype132.a(memb.o)
                                         0xb8 (size before relaxing)
 .eh_frame      0x000000000003072c      0x168 obj_cooja/mtype132.a(uip-icmp6.o)
                                        0x180 (size before relaxing)
 .eh_frame      0x0000000000030894       0x68 obj_cooja/mtype132.a(uip-nd6.o)
                                         0x80 (size before relaxing)
 .eh_frame      0x00000000000308fc       0xc0 obj_cooja/mtype132.a(rpl-nbr-policy.)
                                         0xd8 (size before relaxing)
 .eh_frame      0x00000000000309bc      0x164 obj_cooja/mtype132.a(frame802154.o)
                                        0x17c (size before relaxing)
 .eh_frame      0x0000000000030b20        0x4 /usr/lib/gcc/i686-linux-gnu/4.8/crtendS.o

.gcc_except_table
 *(.gcc_except_table .gcc_except_table.*)

.exception_ranges
 *(.exception_ranges .exception_ranges*)
                0x0000000000030b24                . = (ALIGN (0x1000) - ((0x1000 - .) & 0xfff))
                0x0000000000031ef8                . = DATA_SEGMENT_ALIGN (0x1000, 0x1000)

.eh_frame
 *(.eh_frame)

.gcc_except_table
 *(.gcc_except_table .gcc_except_table.*)

.exception_ranges
 *(.exception_ranges .exception_ranges*)

.tdata
 *(.tdata .tdata.* .gnu.linkonce.td.*)

.tbss
 *(.tbss .tbss.* .gnu.linkonce.tb.*)
 *(.tcommon)

.preinit_array
 *(.preinit_array)

.init_array     0x0000000000031ef8        0x4
 *(SORT(.init_array.*) SORT(.ctors.*))
 *(.init_array EXCLUDE_FILE(*crtend?.o *crtend.o *crtbegin?.o *crtbegin.o) .ctors)
 .init_array    0x0000000000031ef8        0x4 /usr/lib/gcc/i686-linux-gnu/4.8/crtbeginS.o

.fini_array     0x0000000000031efc        0x4
 *(SORT(.fini_array.*) SORT(.dtors.*))
 *(.fini_array EXCLUDE_FILE(*crtend?.o *crtend.o *crtbegin?.o *crtbegin.o) .dtors)
 .fini_array    0x0000000000031efc        0x4 /usr/lib/gcc/i686-linux-gnu/4.8/crtbeginS.o

.ctors
 *crtbegin.o(.ctors)
 *crtbegin?.o(.ctors)
 *(EXCLUDE_FILE(*crtend?.o *crtend.o) .ctors)
 *(SORT(.ctors.*))
 *(.ctors)

.dtors
 *crtbegin.o(.dtors)
 *crtbegin?.o(.dtors)
 *(EXCLUDE_FILE(*crtend?.o *crtend.o) .dtors)
 *(SORT(.dtors.*))
 *(.dtors)

.jcr            0x0000000000031f00        0x4
 *(.jcr)
 .jcr           0x0000000000031f00        0x0 /usr/lib/gcc/i686-linux-gnu/4.8/crtbeginS.o
 .jcr           0x0000000000031f00        0x4 /usr/lib/gcc/i686-linux-gnu/4.8/crtendS.o

.data.rel.ro
 *(.data.rel.ro.local* .gnu.linkonce.d.rel.ro.local.*)
 *(.data.rel.ro .data.rel.ro.* .gnu.linkonce.d.rel.ro.*)

.dynamic        0x0000000000031f04       0xe8
 *(.dynamic)
 .dynamic       0x0000000000031f04       0xe8 /usr/lib/gcc/i686-linux-gnu/4.8/../../../i386-linux-gnu/crti.o
                0x0000000000031f04                _DYNAMIC

.got            0x0000000000031fec       0x14
 *(.got)
 .got           0x0000000000031fec       0x14 /usr/lib/gcc/i686-linux-gnu/4.8/../../../i386-linux-gnu/crti.o
 *(.igot)
                0x0000000000032ff4                . = DATA_SEGMENT_RELRO_END (., (SIZEOF (.got.plt) >= 0xc)?0xc:0x0)

.got.plt        0x0000000000032000       0x14
 *(.got.plt)
 .got.plt       0x0000000000032000       0x14 /usr/lib/gcc/i686-linux-gnu/4.8/../../../i386-linux-gnu/crti.o
                0x0000000000032000                _GLOBAL_OFFSET_TABLE_
 *(.igot.plt)

.data           0x0000000000032020      0x2c2
 *(.data .data.* .gnu.linkonce.d.*)
 .data          0x0000000000032020        0x0 /usr/lib/gcc/i686-linux-gnu/4.8/../../../i386-linux-gnu/crti.o
 .data          0x0000000000032020        0x0 /usr/lib/gcc/i686-linux-gnu/4.8/crtbeginS.o
 .data.rel      0x0000000000032020        0x4 /usr/lib/gcc/i686-linux-gnu/4.8/crtbeginS.o
                0x0000000000032020                __dso_handle
 .data          0x0000000000032024       0x10 udp-client.co
                0x0000000000032024                udp_client_process
 *fill*         0x0000000000032034        0xc 
 .data          0x0000000000032040       0x44 obj_cooja/mtype132.o
                0x0000000000032040                simInterfaces
                0x0000000000032074                sensors
 .data          0x0000000000032084        0x0 obj_cooja/mtype132.a(simEnvChange.o)
 .data          0x0000000000032084        0x0 obj_cooja/mtype132.a(cooja_mt.o)
 .data          0x0000000000032084        0x0 obj_cooja/mtype132.a(cooja_mtarch.o)
 .data          0x0000000000032084        0x0 obj_cooja/mtype132.a(rtimer-arch.o)
 .data          0x0000000000032084        0x0 obj_cooja/mtype132.a(beep.o)
 .data          0x0000000000032084        0x0 obj_cooja/mtype132.a(button-sensor.o)
 .data          0x0000000000032084        0x0 obj_cooja/mtype132.a(leds-arch.o)
 .data          0x0000000000032084        0x0 obj_cooja/mtype132.a(moteid.o)
 .data          0x0000000000032084        0x0 obj_cooja/mtype132.a(pir-sensor.o)
 .data          0x0000000000032084        0x0 obj_cooja/mtype132.a(rs232.o)
 .data          0x0000000000032084        0x0 obj_cooja/mtype132.a(vib-sensor.o)
 .data          0x0000000000032084        0x0 obj_cooja/mtype132.a(clock.o)
 .data          0x0000000000032084        0x0 obj_cooja/mtype132.a(log.o)
 .data          0x0000000000032084        0x0 obj_cooja/mtype132.a(cfs-cooja.o)
 .data          0x0000000000032084       0x40 obj_cooja/mtype132.a(cooja-radio.o)
                0x0000000000032084                simRadioChannelLR
                0x0000000000032088                simRadioHWOnLR
                0x000000000003208c                simSignalStrengthLR
                0x0000000000032090                simLastSignalStrengthLR
                0x0000000000032094                simPowerLR
                0x0000000000032098                simLQILR
                0x000000000003209c                simRadioChannel
                0x00000000000320a0                simRadioHWOn
                0x00000000000320a4                simSignalStrength
                0x00000000000320a8                simLastSignalStrength
                0x00000000000320ac                simPower
                0x00000000000320b0                simLQI
                0x00000000000320b4                cooja_radio_process
 .data          0x00000000000320c4        0x0 obj_cooja/mtype132.a(eeprom.o)
 .data          0x00000000000320c4        0x0 obj_cooja/mtype132.a(random.o)
 .data          0x00000000000320c4       0x10 obj_cooja/mtype132.a(sensors.o)
                0x00000000000320c4                sensors_process
 .data          0x00000000000320d4        0x0 obj_cooja/mtype132.a(leds.o)
 .data          0x00000000000320d4       0x3a obj_cooja/mtype132.a(dual_conf.o)
                0x00000000000320d4                radio_received
                0x00000000000320d8                dual_dio_broadcast
                0x00000000000320e8                dual_dis_broadcast
                0x00000000000320f8                dual_LSA_converge_broadcast
 .data          0x000000000003210e        0x0 obj_cooja/mtype132.a(autostart.o)
 *fill*         0x000000000003210e        0x2 
 .data          0x0000000000032110       0x14 obj_cooja/mtype132.a(ctimer.o)
                0x0000000000032114                ctimer_process
 .data          0x0000000000032124       0x10 obj_cooja/mtype132.a(etimer.o)
                0x0000000000032124                etimer_process
 .data          0x0000000000032134        0x0 obj_cooja/mtype132.a(log_message.o)
 .data          0x0000000000032134        0x0 obj_cooja/mtype132.a(process.o)
 .data          0x0000000000032134        0x0 obj_cooja/mtype132.a(residual.o)
 .data          0x0000000000032134        0x0 obj_cooja/mtype132.a(rtimer.o)
 .data          0x0000000000032134        0x0 obj_cooja/mtype132.a(stimer.o)
 .data          0x0000000000032134        0x0 obj_cooja/mtype132.a(timer.o)
 .data          0x0000000000032134       0x10 obj_cooja/mtype132.a(serial-line.o)
                0x0000000000032134                serial_line_process
 .data          0x0000000000032144        0x0 obj_cooja/mtype132.a(list.o)
 .data          0x0000000000032144        0x0 obj_cooja/mtype132.a(ringbuf.o)
 .data          0x0000000000032144        0x0 obj_cooja/mtype132.a(sicslowpan.o)
 .data          0x0000000000032144       0x14 obj_cooja/mtype132.a(uip-ds6-nbr.o)
                0x0000000000032154                ds6_neighbors
 .data          0x0000000000032158       0x44 obj_cooja/mtype132.a(uip-ds6-route.o)
                0x0000000000032168                nbr_routes
 .data          0x000000000003219c        0x0 obj_cooja/mtype132.a(uip-ds6.o)
 .data          0x000000000003219c        0x0 obj_cooja/mtype132.a(uip6.o)
 .data          0x000000000003219c       0x10 obj_cooja/mtype132.a(tcpip.o)
                0x000000000003219c                tcpip_process
 .data          0x00000000000321ac        0x0 obj_cooja/mtype132.a(uip-debug.o)
 .data          0x00000000000321ac        0xc obj_cooja/mtype132.a(uip-packetqueue)
 .data          0x00000000000321b8        0x0 obj_cooja/mtype132.a(uip-udp-packet.)
 .data          0x00000000000321b8       0x28 obj_cooja/mtype132.a(rpl-dag.o)
                0x00000000000321c8                rpl_parents
                0x00000000000321dc                rpl_children
 .data          0x00000000000321e0        0x0 obj_cooja/mtype132.a(rpl-ext-header.)
 .data          0x00000000000321e0       0x40 obj_cooja/mtype132.a(rpl-icmp6.o)
 .data          0x0000000000032220       0x1c obj_cooja/mtype132.a(rpl-ltmax.o)
                0x0000000000032220                rpl_ltmax_of
 .data          0x000000000003223c        0x0 obj_cooja/mtype132.a(rpl-timers.o)
 .data          0x000000000003223c        0x0 obj_cooja/mtype132.a(rpl.o)
 .data          0x000000000003223c       0x28 obj_cooja/mtype132.a(csma.o)
 .data          0x0000000000032264        0x0 obj_cooja/mtype132.a(framer-802154.o)
 .data          0x0000000000032264        0x0 obj_cooja/mtype132.a(mac.o)
 .data          0x0000000000032264       0x30 obj_cooja/mtype132.a(cxmac.o)
                0x0000000000032264                cxmac_config
                0x0000000000032274                strobe_wait
 .data          0x0000000000032294        0x0 obj_cooja/mtype132.a(linkaddr.o)
 .data          0x0000000000032294       0x10 obj_cooja/mtype132.a(nbr-table.o)
 .data          0x00000000000322a4        0x0 obj_cooja/mtype132.a(netstack.o)
 .data          0x00000000000322a4        0x4 obj_cooja/mtype132.a(packetbuf.o)
 .data          0x00000000000322a8       0x18 obj_cooja/mtype132.a(queuebuf.o)
 .data          0x00000000000322c0        0x0 obj_cooja/mtype132.a(nullsec.o)
 .data          0x00000000000322c0        0x0 obj_cooja/mtype132.a(watchdog.o)
 .data          0x00000000000322c0        0x0 obj_cooja/mtype132.a(rimestats.o)
 .data          0x00000000000322c0        0x0 obj_cooja/mtype132.a(memb.o)
 .data          0x00000000000322c0       0x20 obj_cooja/mtype132.a(uip-icmp6.o)
 .data          0x00000000000322e0        0x0 obj_cooja/mtype132.a(uip-nd6.o)
 .data          0x00000000000322e0        0x0 obj_cooja/mtype132.a(rpl-nbr-policy.)
 .data          0x00000000000322e0        0x2 obj_cooja/mtype132.a(frame802154.o)
 .data          0x00000000000322e2        0x0 /usr/lib/gcc/i686-linux-gnu/4.8/crtendS.o
 .data          0x00000000000322e2        0x0 /usr/lib/gcc/i686-linux-gnu/4.8/../../../i386-linux-gnu/crtn.o

.tm_clone_table
                0x00000000000322e4        0x0
 .tm_clone_table
                0x00000000000322e4        0x0 /usr/lib/gcc/i686-linux-gnu/4.8/crtbeginS.o
 .tm_clone_table
                0x00000000000322e4        0x0 /usr/lib/gcc/i686-linux-gnu/4.8/crtendS.o

.data1
 *(.data1)
                0x00000000000322e4                _edata = .
                0x00000000000322e4                PROVIDE (edata, .)
                0x00000000000322e4                . = .
                0x00000000000322e4                __bss_start = .

.bss            0x0000000000032300     0x8628
 *(.dynbss)
 .dynbss        0x0000000000000000        0x0 /usr/lib/gcc/i686-linux-gnu/4.8/../../../i386-linux-gnu/crti.o
 *(.bss .bss.* .gnu.linkonce.b.*)
 .bss           0x0000000000032300        0x0 /usr/lib/gcc/i686-linux-gnu/4.8/../../../i386-linux-gnu/crti.o
 .bss           0x0000000000032300        0x1 /usr/lib/gcc/i686-linux-gnu/4.8/crtbeginS.o
 *fill*         0x0000000000032301       0x1f 
 .bss           0x0000000000032320       0x60 udp-client.co
                0x0000000000032320                my_weight
 .bss           0x0000000000032380     0x2030 obj_cooja/mtype132.o
 .bss           0x00000000000343b0        0x1 obj_cooja/mtype132.a(simEnvChange.o)
                0x00000000000343b0                simDontFallAsleep
 *fill*         0x00000000000343b1        0x3 
 .bss           0x00000000000343b4        0x4 obj_cooja/mtype132.a(cooja_mt.o)
 .bss           0x00000000000343b8        0x4 obj_cooja/mtype132.a(cooja_mtarch.o)
 .bss           0x00000000000343bc        0xc obj_cooja/mtype132.a(rtimer-arch.o)
 .bss           0x00000000000343c8        0x0 obj_cooja/mtype132.a(beep.o)
 .bss           0x00000000000343c8        0x8 obj_cooja/mtype132.a(button-sensor.o)
 .bss           0x00000000000343d0        0x0 obj_cooja/mtype132.a(leds-arch.o)
 .bss           0x00000000000343d0        0x0 obj_cooja/mtype132.a(moteid.o)
 .bss           0x00000000000343d0        0x1 obj_cooja/mtype132.a(pir-sensor.o)
                0x00000000000343d0                simPirValue
 *fill*         0x00000000000343d1        0x3 
 .bss           0x00000000000343d4        0x4 obj_cooja/mtype132.a(rs232.o)
 .bss           0x00000000000343d8        0x1 obj_cooja/mtype132.a(vib-sensor.o)
                0x00000000000343d8                simVibValue
 .bss           0x00000000000343d9        0x0 obj_cooja/mtype132.a(clock.o)
 *fill*         0x00000000000343d9        0x7 
 .bss           0x00000000000343e0      0x420 obj_cooja/mtype132.a(log.o)
 .bss           0x0000000000034800      0xfc0 obj_cooja/mtype132.a(cfs-cooja.o)
                0x0000000000034800                simCFSData
                0x00000000000357a0                simCFSSize
                0x00000000000357a4                simCFSChanged
                0x00000000000357a8                simCFSRead
                0x00000000000357ac                simCFSWritten
 .bss           0x00000000000357c0       0x24 obj_cooja/mtype132.a(cooja-radio.o)
                0x00000000000357c0                simReceivingLR
                0x00000000000357c4                simInSizeLR
                0x00000000000357c8                simOutSizeLR
                0x00000000000357cc                simReceiving
                0x00000000000357d0                simInSize
                0x00000000000357d4                simOutSize
                0x00000000000357d8                LongRangeTransmit
                0x00000000000357dc                LongRangeReceiving
 .bss           0x00000000000357e4        0xc obj_cooja/mtype132.a(eeprom.o)
                0x00000000000357e4                simEEPROMChanged
                0x00000000000357e8                simEEPROMRead
                0x00000000000357ec                simEEPROMWritten
 .bss           0x00000000000357f0        0x0 obj_cooja/mtype132.a(random.o)
 .bss           0x00000000000357f0        0xc obj_cooja/mtype132.a(sensors.o)
 .bss           0x00000000000357fc        0x1 obj_cooja/mtype132.a(leds.o)
 *fill*         0x00000000000357fd        0x3 
 .bss           0x0000000000035800       0x40 obj_cooja/mtype132.a(dual_conf.o)
                0x0000000000035800                long_range_radio
 .bss           0x0000000000035840        0x0 obj_cooja/mtype132.a(autostart.o)
 .bss           0x0000000000035840        0x5 obj_cooja/mtype132.a(ctimer.o)
 *fill*         0x0000000000035845        0x3 
 .bss           0x0000000000035848        0x8 obj_cooja/mtype132.a(etimer.o)
 .bss           0x0000000000035850        0x0 obj_cooja/mtype132.a(log_message.o)
 *fill*         0x0000000000035850       0x10 
 .bss           0x0000000000035860      0x1b1 obj_cooja/mtype132.a(process.o)
                0x0000000000035860                process_list
                0x0000000000035864                process_current
 .bss           0x0000000000035a11        0x0 obj_cooja/mtype132.a(residual.o)
 *fill*         0x0000000000035a11        0x3 
 .bss           0x0000000000035a14        0x4 obj_cooja/mtype132.a(rtimer.o)
 .bss           0x0000000000035a18        0x0 obj_cooja/mtype132.a(stimer.o)
 .bss           0x0000000000035a18        0x0 obj_cooja/mtype132.a(timer.o)
 *fill*         0x0000000000035a18        0x8 
 .bss           0x0000000000035a20      0x140 obj_cooja/mtype132.a(serial-line.o)
 .bss           0x0000000000035b60        0x0 obj_cooja/mtype132.a(list.o)
 .bss           0x0000000000035b60        0x0 obj_cooja/mtype132.a(ringbuf.o)
 .bss           0x0000000000035b60      0x70c obj_cooja/mtype132.a(sicslowpan.o)
 *fill*         0x000000000003626c       0x14 
 .bss           0x0000000000036280       0xc0 obj_cooja/mtype132.a(uip-ds6-nbr.o)
 .bss           0x0000000000036340      0x4a8 obj_cooja/mtype132.a(uip-ds6-route.o)
 .bss           0x00000000000367e8       0x30 obj_cooja/mtype132.a(uip-ds6.o)
 .bss           0x0000000000036818        0xe obj_cooja/mtype132.a(uip6.o)
                0x0000000000036818                uip_ext_bitmap
                0x0000000000036819                uip_ext_len
                0x000000000003681a                uip_ext_opt_offset
 *fill*         0x0000000000036826       0x1a 
 .bss           0x0000000000036840       0x6b obj_cooja/mtype132.a(tcpip.o)
 .bss           0x00000000000368ab        0x0 obj_cooja/mtype132.a(uip-debug.o)
 *fill*         0x00000000000368ab       0x15 
 .bss           0x00000000000368c0      0xcf8 obj_cooja/mtype132.a(uip-packetqueue)
 .bss           0x00000000000375b8        0x0 obj_cooja/mtype132.a(uip-udp-packet.)
 *fill*         0x00000000000375b8        0x8 
 .bss           0x00000000000375c0       0x88 obj_cooja/mtype132.a(rpl-dag.o)
 .bss           0x0000000000037648        0x0 obj_cooja/mtype132.a(rpl-ext-header.)
 .bss           0x0000000000037648        0x0 obj_cooja/mtype132.a(rpl-icmp6.o)
 .bss           0x0000000000037648        0x0 obj_cooja/mtype132.a(rpl-ltmax.o)
 *fill*         0x0000000000037648       0x18 
 .bss           0x0000000000037660       0x60 obj_cooja/mtype132.a(rpl-timers.o)
 .bss           0x00000000000376c0        0x4 obj_cooja/mtype132.a(rpl.o)
 *fill*         0x00000000000376c4       0x1c 
 .bss           0x00000000000376e0      0x288 obj_cooja/mtype132.a(csma.o)
 .bss           0x0000000000037968        0x2 obj_cooja/mtype132.a(framer-802154.o)
 .bss           0x000000000003796a        0x0 obj_cooja/mtype132.a(mac.o)
 *fill*         0x000000000003796a       0x16 
 .bss           0x0000000000037980       0xb1 obj_cooja/mtype132.a(cxmac.o)
 .bss           0x0000000000037a31        0x0 obj_cooja/mtype132.a(linkaddr.o)
 *fill*         0x0000000000037a31        0xf 
 .bss           0x0000000000037a40       0xc4 obj_cooja/mtype132.a(nbr-table.o)
 .bss           0x0000000000037b04        0x0 obj_cooja/mtype132.a(netstack.o)
 *fill*         0x0000000000037b04       0x1c 
 .bss           0x0000000000037b20       0xa0 obj_cooja/mtype132.a(packetbuf.o)
 .bss           0x0000000000037bc0      0xb80 obj_cooja/mtype132.a(queuebuf.o)
 .bss           0x0000000000038740        0x0 obj_cooja/mtype132.a(nullsec.o)
 .bss           0x0000000000038740        0x0 obj_cooja/mtype132.a(watchdog.o)
 .bss           0x0000000000038740        0x0 obj_cooja/mtype132.a(rimestats.o)
 .bss           0x0000000000038740        0x0 obj_cooja/mtype132.a(memb.o)
 .bss           0x0000000000038740       0x18 obj_cooja/mtype132.a(uip-icmp6.o)
 .bss           0x0000000000038758        0x0 obj_cooja/mtype132.a(uip-nd6.o)
 *fill*         0x0000000000038758        0x8 
 .bss           0x0000000000038760       0x44 obj_cooja/mtype132.a(rpl-nbr-policy.)
 .bss           0x00000000000387a4        0x0 obj_cooja/mtype132.a(frame802154.o)
 .bss           0x00000000000387a4        0x0 /usr/lib/gcc/i686-linux-gnu/4.8/crtendS.o
 .bss           0x00000000000387a4        0x0 /usr/lib/gcc/i686-linux-gnu/4.8/../../../i386-linux-gnu/crtn.o
 *(COMMON)
 COMMON         0x00000000000387a4       0x75 udp-client.co
                0x00000000000387a4                dio_count
                0x00000000000387a8                dis_count
                0x00000000000387ac                tcp_output_count
                0x00000000000387b0                csma_transmission_count
                0x00000000000387b4                dao_ack_fwd_count
                0x00000000000387b8                COOJA_radioRxLong
                0x00000000000387bc                cxmac_collision_count
                0x00000000000387c0                LSA_message_input
                0x00000000000387c4                control_message_count
                0x00000000000387c8                dao_count
                0x00000000000387cc                icmp_count
                0x00000000000387d0                COOJA_radioTx
                0x00000000000387d4                LSA_SR_preamble
                0x00000000000387d8                cxmac_transmission_count
                0x00000000000387dc                dao_ack_count
                0x00000000000387e0                LSA_lr_child
                0x00000000000387e4                data_message_count
                0x00000000000387e8                LSA_converge
                0x00000000000387e9                my_sink_reachability
                0x00000000000387ec                COOJA_radioTxLong
                0x00000000000387f0                COOJA_radioRx
                0x00000000000387f4                my_parent_number
                0x00000000000387f8                COOJA_radioOn
                0x00000000000387fc                LSA_broadcast_count
                0x0000000000038800                LSA_count
                0x0000000000038804                dao_fwd_count
                0x0000000000038808                COOJA_duration
                0x000000000003880c                dio_ack_count
                0x0000000000038810                COOJA_radioOnLong
                0x0000000000038814                data_fwd_count
                0x0000000000038818                LSA_message_flag
 *fill*         0x0000000000038819        0x3 
 COMMON         0x000000000003881c       0x14 obj_cooja/mtype132.o
                0x000000000003881c                collision_count
                0x0000000000038820                transmission_count
                0x0000000000038824                referenceVar
                0x0000000000038828                debugfp
                0x000000000003882c                sensors_flags
 COMMON         0x0000000000038830        0xc obj_cooja/mtype132.a(simEnvChange.o)
                0x0000000000038830                simEtimerPending
                0x0000000000038834                simProcessRunValue
                0x0000000000038838                simNextExpirationTime
 COMMON         0x000000000003883c        0x1 obj_cooja/mtype132.a(beep.o)
                0x000000000003883c                simBeeped
 COMMON         0x000000000003883d        0x3 obj_cooja/mtype132.a(button-sensor.o)
                0x000000000003883d                simButtonIsActive
                0x000000000003883e                simButtonIsDown
                0x000000000003883f                simButtonChanged
 COMMON         0x0000000000038840        0x1 obj_cooja/mtype132.a(leds-arch.o)
                0x0000000000038840                simLedsValue
 *fill*         0x0000000000038841        0x3 
 COMMON         0x0000000000038844        0xc obj_cooja/mtype132.a(moteid.o)
                0x0000000000038844                simRandomSeed
                0x0000000000038848                simMoteIDChanged
                0x000000000003884c                simMoteID
 COMMON         0x0000000000038850        0x2 obj_cooja/mtype132.a(pir-sensor.o)
                0x0000000000038850                simPirIsActive
                0x0000000000038851                simPirChanged
 *fill*         0x0000000000038852        0xe 
 COMMON         0x0000000000038860      0x820 obj_cooja/mtype132.a(rs232.o)
                0x0000000000038860                simSerialReceivingFlag
                0x0000000000038864                simSerialReceivingLength
                0x0000000000038880                simSerialReceivingData
 COMMON         0x0000000000039080        0x2 obj_cooja/mtype132.a(vib-sensor.o)
                0x0000000000039080                simVibChanged
                0x0000000000039081                simVibIsActive
 *fill*         0x0000000000039082        0x2 
 COMMON         0x0000000000039084        0x4 obj_cooja/mtype132.a(clock.o)
                0x0000000000039084                simCurrentTime
 *fill*         0x0000000000039088       0x18 
 COMMON         0x00000000000390a0      0x420 obj_cooja/mtype132.a(log.o)
                0x00000000000390a0                simLoggedLength
                0x00000000000390a4                simLoggedFlag
                0x00000000000390c0                simLoggedData
 COMMON         0x00000000000394c0      0x240 obj_cooja/mtype132.a(cooja-radio.o)
                0x00000000000394c0                simOutDataBuffer
                0x0000000000039540                simRadioTarget
                0x0000000000039560                simInDataBufferLR
                0x00000000000395e0                simOutDataBufferLR
                0x0000000000039660                dual_duty_cycle_count
                0x0000000000039680                simInDataBuffer
 COMMON         0x0000000000039700      0x400 obj_cooja/mtype132.a(eeprom.o)
                0x0000000000039700                simEEPROMData
 COMMON         0x0000000000039b00        0x1 obj_cooja/mtype132.a(sensors.o)
                0x0000000000039b00                sensors_event
 *fill*         0x0000000000039b01        0x3 
 COMMON         0x0000000000039b04        0x4 obj_cooja/mtype132.a(log_message.o)
                0x0000000000039b04                log_fp
 COMMON         0x0000000000039b08        0x1 obj_cooja/mtype132.a(serial-line.o)
                0x0000000000039b08                serial_line_event_message
 COMMON         0x0000000000039b09        0x1 obj_cooja/mtype132.a(sicslowpan.o)
                0x0000000000039b09                p
 *fill*         0x0000000000039b0a       0x16 
 COMMON         0x0000000000039b20       0x50 obj_cooja/mtype132.a(uip-ds6-nbr.o)
                0x0000000000039b20                ds6_lr_addrmap
 *fill*         0x0000000000039b70       0x10 
 COMMON         0x0000000000039b80      0x298 obj_cooja/mtype132.a(uip-ds6.o)
                0x0000000000039b80                uip_ds6_prefix_list
                0x0000000000039be0                uip_ds6_timer_periodic
                0x0000000000039bf0                uip_ds6_netif_addr_list_offset
                0x0000000000039c00                uip_ds6_if
                0x0000000000039cf8                uip_ds6_timer_ra
                0x0000000000039d00                uip_ds6_addr_size
                0x0000000000039d20                long_uip_ds6_if
 *fill*         0x0000000000039e18        0x8 
 COMMON         0x0000000000039e20      0x8ec obj_cooja/mtype132.a(uip6.o)
                0x0000000000039e20                uip_slen
                0x0000000000039e22                uip_acc32
                0x0000000000039e40                uip_conns
                0x0000000000039f00                uip_lladdr
                0x0000000000039f08                uip_appdata
                0x0000000000039f0c                uip_flags
                0x0000000000039f20                uip_aligned_buf
                0x000000000003a560                uip_listenports
                0x000000000003a570                uip_len
                0x000000000003a572                uip_long_lladdr
                0x000000000003a57c                uip_sappdata
                0x000000000003a580                uip_udp_conns
                0x000000000003a700                uip_udp_conn
                0x000000000003a704                uip_next_hdr
                0x000000000003a708                uip_conn
 COMMON         0x000000000003a70c        0x1 obj_cooja/mtype132.a(tcpip.o)
                0x000000000003a70c                tcpip_event
 *fill*         0x000000000003a70d       0x13 
 COMMON         0x000000000003a720      0x178 obj_cooja/mtype132.a(rpl-dag.o)
                0x000000000003a720                default_instance
                0x000000000003a740                instance_table
 COMMON         0x000000000003a898       0x10 obj_cooja/mtype132.a(linkaddr.o)
                0x000000000003a898                linkaddr_node_addr
                0x000000000003a8a0                long_linkaddr_node_addr
 COMMON         0x000000000003a8a8       0x2e obj_cooja/mtype132.a(packetbuf.o)
                0x000000000003a8a8                packetbuf_attrs
                0x000000000003a8c6                packetbuf_addrs
 *fill*         0x000000000003a8d6        0xa 
 COMMON         0x000000000003a8e0       0x48 obj_cooja/mtype132.a(rimestats.o)
                0x000000000003a8e0                rimestats
                0x000000000003a928                . = ALIGN ((. != 0x0)?0x4:0x1)
                0x000000000003a928                . = ALIGN (0x4)
                0x000000000003a928                . = SEGMENT_START ("ldata-segment", .)
                0x000000000003a928                . = ALIGN (0x4)
                0x000000000003a928                _end = .
                0x000000000003a928                PROVIDE (end, .)
                0x000000000003a928                . = DATA_SEGMENT_END (.)

.stab
 *(.stab)

.stabstr
 *(.stabstr)

.stab.excl
 *(.stab.excl)

.stab.exclstr
 *(.stab.exclstr)

.stab.index
 *(.stab.index)

.stab.indexstr
 *(.stab.indexstr)

.comment        0x0000000000000000       0x29
 *(.comment)
 .comment       0x0000000000000000       0x29 /usr/lib/gcc/i686-linux-gnu/4.8/crtbeginS.o
                                         0x2a (size before relaxing)
 .comment       0x0000000000000000       0x2a udp-client.co
 .comment       0x0000000000000000       0x2a obj_cooja/mtype132.o
 .comment       0x0000000000000000       0x2a obj_cooja/mtype132.a(simEnvChange.o)
 .comment       0x0000000000000000       0x2a obj_cooja/mtype132.a(cooja_mt.o)
 .comment       0x0000000000000000       0x2a obj_cooja/mtype132.a(cooja_mtarch.o)
 .comment       0x0000000000000000       0x2a obj_cooja/mtype132.a(rtimer-arch.o)
 .comment       0x0000000000000000       0x2a obj_cooja/mtype132.a(beep.o)
 .comment       0x0000000000000000       0x2a obj_cooja/mtype132.a(button-sensor.o)
 .comment       0x0000000000000000       0x2a obj_cooja/mtype132.a(leds-arch.o)
 .comment       0x0000000000000000       0x2a obj_cooja/mtype132.a(moteid.o)
 .comment       0x0000000000000000       0x2a obj_cooja/mtype132.a(pir-sensor.o)
 .comment       0x0000000000000000       0x2a obj_cooja/mtype132.a(rs232.o)
 .comment       0x0000000000000000       0x2a obj_cooja/mtype132.a(vib-sensor.o)
 .comment       0x0000000000000000       0x2a obj_cooja/mtype132.a(clock.o)
 .comment       0x0000000000000000       0x2a obj_cooja/mtype132.a(log.o)
 .comment       0x0000000000000000       0x2a obj_cooja/mtype132.a(cfs-cooja.o)
 .comment       0x0000000000000000       0x2a obj_cooja/mtype132.a(cooja-radio.o)
 .comment       0x0000000000000000       0x2a obj_cooja/mtype132.a(eeprom.o)
 .comment       0x0000000000000000       0x2a obj_cooja/mtype132.a(random.o)
 .comment       0x0000000000000000       0x2a obj_cooja/mtype132.a(sensors.o)
 .comment       0x0000000000000000       0x2a obj_cooja/mtype132.a(leds.o)
 .comment       0x0000000000000000       0x2a obj_cooja/mtype132.a(dual_conf.o)
 .comment       0x0000000000000000       0x2a obj_cooja/mtype132.a(autostart.o)
 .comment       0x0000000000000000       0x2a obj_cooja/mtype132.a(ctimer.o)
 .comment       0x0000000000000000       0x2a obj_cooja/mtype132.a(etimer.o)
 .comment       0x0000000000000000       0x2a obj_cooja/mtype132.a(log_message.o)
 .comment       0x0000000000000000       0x2a obj_cooja/mtype132.a(process.o)
 .comment       0x0000000000000000       0x2a obj_cooja/mtype132.a(residual.o)
 .comment       0x0000000000000000       0x2a obj_cooja/mtype132.a(rtimer.o)
 .comment       0x0000000000000000       0x2a obj_cooja/mtype132.a(stimer.o)
 .comment       0x0000000000000000       0x2a obj_cooja/mtype132.a(timer.o)
 .comment       0x0000000000000000       0x2a obj_cooja/mtype132.a(serial-line.o)
 .comment       0x0000000000000000       0x2a obj_cooja/mtype132.a(list.o)
 .comment       0x0000000000000000       0x2a obj_cooja/mtype132.a(ringbuf.o)
 .comment       0x0000000000000000       0x2a obj_cooja/mtype132.a(sicslowpan.o)
 .comment       0x0000000000000000       0x2a obj_cooja/mtype132.a(uip-ds6-nbr.o)
 .comment       0x0000000000000000       0x2a obj_cooja/mtype132.a(uip-ds6-route.o)
 .comment       0x0000000000000000       0x2a obj_cooja/mtype132.a(uip-ds6.o)
 .comment       0x0000000000000000       0x2a obj_cooja/mtype132.a(uip6.o)
 .comment       0x0000000000000000       0x2a obj_cooja/mtype132.a(tcpip.o)
 .comment       0x0000000000000000       0x2a obj_cooja/mtype132.a(uip-debug.o)
 .comment       0x0000000000000000       0x2a obj_cooja/mtype132.a(uip-packetqueue)
 .comment       0x0000000000000000       0x2a obj_cooja/mtype132.a(uip-udp-packet.)
 .comment       0x0000000000000000       0x2a obj_cooja/mtype132.a(rpl-dag.o)
 .comment       0x0000000000000000       0x2a obj_cooja/mtype132.a(rpl-ext-header.)
 .comment       0x0000000000000000       0x2a obj_cooja/mtype132.a(rpl-icmp6.o)
 .comment       0x0000000000000000       0x2a obj_cooja/mtype132.a(rpl-ltmax.o)
 .comment       0x0000000000000000       0x2a obj_cooja/mtype132.a(rpl-timers.o)
 .comment       0x0000000000000000       0x2a obj_cooja/mtype132.a(rpl.o)
 .comment       0x0000000000000000       0x2a obj_cooja/mtype132.a(csma.o)
 .comment       0x0000000000000000       0x2a obj_cooja/mtype132.a(framer-802154.o)
 .comment       0x0000000000000000       0x2a obj_cooja/mtype132.a(mac.o)
 .comment       0x0000000000000000       0x2a obj_cooja/mtype132.a(cxmac.o)
 .comment       0x0000000000000000       0x2a obj_cooja/mtype132.a(linkaddr.o)
 .comment       0x0000000000000000       0x2a obj_cooja/mtype132.a(nbr-table.o)
 .comment       0x0000000000000000       0x2a obj_cooja/mtype132.a(netstack.o)
 .comment       0x0000000000000000       0x2a obj_cooja/mtype132.a(packetbuf.o)
 .comment       0x0000000000000000       0x2a obj_cooja/mtype132.a(queuebuf.o)
 .comment       0x0000000000000000       0x2a obj_cooja/mtype132.a(nullsec.o)
 .comment       0x0000000000000000       0x2a obj_cooja/mtype132.a(watchdog.o)
 .comment       0x0000000000000000       0x2a obj_cooja/mtype132.a(rimestats.o)
 .comment       0x0000000000000000       0x2a obj_cooja/mtype132.a(memb.o)
 .comment       0x0000000000000000       0x2a obj_cooja/mtype132.a(uip-icmp6.o)
 .comment       0x0000000000000000       0x2a obj_cooja/mtype132.a(uip-nd6.o)
 .comment       0x0000000000000000       0x2a obj_cooja/mtype132.a(rpl-nbr-policy.)
 .comment       0x0000000000000000       0x2a obj_cooja/mtype132.a(frame802154.o)
 .comment       0x0000000000000000       0x2a /usr/lib/gcc/i686-linux-gnu/4.8/crtendS.o

.debug
 *(.debug)

.line
 *(.line)

.debug_srcinfo
 *(.debug_srcinfo)

.debug_sfnames
 *(.debug_sfnames)

.debug_aranges  0x0000000000000000      0x838
 *(.debug_aranges)
 .debug_aranges
                0x0000000000000000       0x20 udp-client.co
 .debug_aranges
                0x0000000000000020       0x20 obj_cooja/mtype132.o
 .debug_aranges
                0x0000000000000040       0x20 obj_cooja/mtype132.a(simEnvChange.o)
 .debug_aranges
                0x0000000000000060       0x20 obj_cooja/mtype132.a(cooja_mt.o)
 .debug_aranges
                0x0000000000000080       0x20 obj_cooja/mtype132.a(cooja_mtarch.o)
 .debug_aranges
                0x00000000000000a0       0x20 obj_cooja/mtype132.a(rtimer-arch.o)
 .debug_aranges
                0x00000000000000c0       0x20 obj_cooja/mtype132.a(beep.o)
 .debug_aranges
                0x00000000000000e0       0x20 obj_cooja/mtype132.a(button-sensor.o)
 .debug_aranges
                0x0000000000000100       0x20 obj_cooja/mtype132.a(leds-arch.o)
 .debug_aranges
                0x0000000000000120       0x20 obj_cooja/mtype132.a(moteid.o)
 .debug_aranges
                0x0000000000000140       0x20 obj_cooja/mtype132.a(pir-sensor.o)
 .debug_aranges
                0x0000000000000160       0x20 obj_cooja/mtype132.a(rs232.o)
 .debug_aranges
                0x0000000000000180       0x20 obj_cooja/mtype132.a(vib-sensor.o)
 .debug_aranges
                0x00000000000001a0       0x20 obj_cooja/mtype132.a(clock.o)
 .debug_aranges
                0x00000000000001c0       0x20 obj_cooja/mtype132.a(log.o)
 .debug_aranges
                0x00000000000001e0       0x20 obj_cooja/mtype132.a(cfs-cooja.o)
 .debug_aranges
                0x0000000000000200       0x20 obj_cooja/mtype132.a(cooja-radio.o)
 .debug_aranges
                0x0000000000000220       0x20 obj_cooja/mtype132.a(eeprom.o)
 .debug_aranges
                0x0000000000000240       0x20 obj_cooja/mtype132.a(random.o)
 .debug_aranges
                0x0000000000000260       0x20 obj_cooja/mtype132.a(sensors.o)
 .debug_aranges
                0x0000000000000280       0x20 obj_cooja/mtype132.a(leds.o)
 .debug_aranges
                0x00000000000002a0       0x20 obj_cooja/mtype132.a(dual_conf.o)
 .debug_aranges
                0x00000000000002c0       0x20 obj_cooja/mtype132.a(autostart.o)
 .debug_aranges
                0x00000000000002e0       0x20 obj_cooja/mtype132.a(ctimer.o)
 .debug_aranges
                0x0000000000000300       0x20 obj_cooja/mtype132.a(etimer.o)
 .debug_aranges
                0x0000000000000320       0x20 obj_cooja/mtype132.a(log_message.o)
 .debug_aranges
                0x0000000000000340       0x20 obj_cooja/mtype132.a(process.o)
 .debug_aranges
                0x0000000000000360       0x20 obj_cooja/mtype132.a(residual.o)
 .debug_aranges
                0x0000000000000380       0x20 obj_cooja/mtype132.a(rtimer.o)
 .debug_aranges
                0x00000000000003a0       0x20 obj_cooja/mtype132.a(stimer.o)
 .debug_aranges
                0x00000000000003c0       0x20 obj_cooja/mtype132.a(timer.o)
 .debug_aranges
                0x00000000000003e0       0x20 obj_cooja/mtype132.a(serial-line.o)
 .debug_aranges
                0x0000000000000400       0x20 obj_cooja/mtype132.a(list.o)
 .debug_aranges
                0x0000000000000420       0x20 obj_cooja/mtype132.a(ringbuf.o)
 .debug_aranges
                0x0000000000000440       0x20 obj_cooja/mtype132.a(sicslowpan.o)
 .debug_aranges
                0x0000000000000460       0x20 obj_cooja/mtype132.a(uip-ds6-nbr.o)
 .debug_aranges
                0x0000000000000480       0x20 obj_cooja/mtype132.a(uip-ds6-route.o)
 .debug_aranges
                0x00000000000004a0       0x20 obj_cooja/mtype132.a(uip-ds6.o)
 .debug_aranges
                0x00000000000004c0       0x20 obj_cooja/mtype132.a(uip6.o)
 .debug_aranges
                0x00000000000004e0       0x20 obj_cooja/mtype132.a(tcpip.o)
 .debug_aranges
                0x0000000000000500       0x20 obj_cooja/mtype132.a(uip-debug.o)
 .debug_aranges
                0x0000000000000520       0x20 obj_cooja/mtype132.a(uip-packetqueue)
 .debug_aranges
                0x0000000000000540       0x20 obj_cooja/mtype132.a(uip-udp-packet.)
 .debug_aranges
                0x0000000000000560       0x20 obj_cooja/mtype132.a(rpl-dag.o)
 .debug_aranges
                0x0000000000000580       0x20 obj_cooja/mtype132.a(rpl-ext-header.)
 .debug_aranges
                0x00000000000005a0       0x20 obj_cooja/mtype132.a(rpl-icmp6.o)
 .debug_aranges
                0x00000000000005c0       0x20 obj_cooja/mtype132.a(rpl-ltmax.o)
 .debug_aranges
                0x00000000000005e0       0x20 obj_cooja/mtype132.a(rpl-timers.o)
 .debug_aranges
                0x0000000000000600       0x20 obj_cooja/mtype132.a(rpl.o)
 .debug_aranges
                0x0000000000000620       0x20 obj_cooja/mtype132.a(csma.o)
 .debug_aranges
                0x0000000000000640       0x20 obj_cooja/mtype132.a(framer-802154.o)
 .debug_aranges
                0x0000000000000660       0x20 obj_cooja/mtype132.a(mac.o)
 .debug_aranges
                0x0000000000000680       0x20 obj_cooja/mtype132.a(cxmac.o)
 .debug_aranges
                0x00000000000006a0       0x20 obj_cooja/mtype132.a(linkaddr.o)
 .debug_aranges
                0x00000000000006c0       0x20 obj_cooja/mtype132.a(nbr-table.o)
 .debug_aranges
                0x00000000000006e0       0x20 obj_cooja/mtype132.a(netstack.o)
 .debug_aranges
                0x0000000000000700       0x20 obj_cooja/mtype132.a(packetbuf.o)
 .debug_aranges
                0x0000000000000720       0x20 obj_cooja/mtype132.a(queuebuf.o)
 .debug_aranges