Archive member included to satisfy reference by file (symbol)

obj_cooja/mtype767.a(simEnvChange.o)
                              obj_cooja/mtype767.o (simDontFallAsleep)
obj_cooja/mtype767.a(cooja_mt.o)
                              obj_cooja/mtype767.o (cooja_mt_start)
obj_cooja/mtype767.a(cooja_mtarch.o)
                              obj_cooja/mtype767.a(cooja_mt.o) (cooja_mtarch_init)
obj_cooja/mtype767.a(rtimer-arch.o)
                              obj_cooja/mtype767.o (rtimer_arch_next)
obj_cooja/mtype767.a(beep.o)  obj_cooja/mtype767.o (beep_interface)
obj_cooja/mtype767.a(button-sensor.o)
                              obj_cooja/mtype767.o (button_interface)
obj_cooja/mtype767.a(leds-arch.o)
                              obj_cooja/mtype767.o (leds_interface)
obj_cooja/mtype767.a(moteid.o)
                              obj_cooja/mtype767.o (moteid_interface)
obj_cooja/mtype767.a(pir-sensor.o)
                              obj_cooja/mtype767.o (pir_interface)
obj_cooja/mtype767.a(rs232.o)
                              obj_cooja/mtype767.o (rs232_interface)
obj_cooja/mtype767.a(vib-sensor.o)
                              obj_cooja/mtype767.o (vib_interface)
obj_cooja/mtype767.a(clock.o)
                              obj_cooja/mtype767.o (clock_interface)
obj_cooja/mtype767.a(log.o)   obj_cooja/mtype767.o (simlog_interface)
obj_cooja/mtype767.a(cfs-cooja.o)
                              obj_cooja/mtype767.o (cfs_interface)
obj_cooja/mtype767.a(cooja-radio.o)
                              obj_cooja/mtype767.o (radio_interface)
obj_cooja/mtype767.a(eeprom.o)
                              obj_cooja/mtype767.o (eeprom_interface)
obj_cooja/mtype767.a(random.o)
                              obj_cooja/mtype767.a(moteid.o) (random_init)
obj_cooja/mtype767.a(sensors.o)
                              udp-server.co (sensors_event)
obj_cooja/mtype767.a(dual_conf.o)
                              obj_cooja/mtype767.a(cooja-radio.o) (long_range_radio)
obj_cooja/mtype767.a(autostart.o)
                              obj_cooja/mtype767.o (autostart_start)
obj_cooja/mtype767.a(ctimer.o)
                              obj_cooja/mtype767.o (ctimer_init)
obj_cooja/mtype767.a(etimer.o)
                              obj_cooja/mtype767.o (etimer_process)
obj_cooja/mtype767.a(log_message.o)
                              obj_cooja/mtype767.o (log_initialization)
obj_cooja/mtype767.a(process.o)
                              udp-server.co (process_current)
obj_cooja/mtype767.a(residual.o)
                              obj_cooja/mtype767.o (get_residual_energy)
obj_cooja/mtype767.a(rtimer.o)
                              obj_cooja/mtype767.a(rtimer-arch.o) (rtimer_run_next)
obj_cooja/mtype767.a(timer.o)
                              obj_cooja/mtype767.a(button-sensor.o) (timer_set)
obj_cooja/mtype767.a(serial-line.o)
                              obj_cooja/mtype767.a(rs232.o) (serial_line_input_byte)
obj_cooja/mtype767.a(list.o)  obj_cooja/mtype767.a(ctimer.o) (list_init)
obj_cooja/mtype767.a(ringbuf.o)
                              obj_cooja/mtype767.a(serial-line.o) (ringbuf_init)
obj_cooja/mtype767.a(sicslowpan.o)
                              obj_cooja/mtype767.o (sicslowpan_driver)
obj_cooja/mtype767.a(uip-ds6-nbr.o)
                              obj_cooja/mtype767.a(sicslowpan.o) (uip_ds6_link_neighbor_callback)
obj_cooja/mtype767.a(uip-ds6.o)
                              udp-server.co (uip_ds6_if)
obj_cooja/mtype767.a(uip6.o)  obj_cooja/mtype767.o (uip_lladdr)
obj_cooja/mtype767.a(tcpip.o)
                              udp-server.co (tcpip_event)
obj_cooja/mtype767.a(uip-debug.o)
                              udp-server.co (uip_debug_ipaddr_print)
obj_cooja/mtype767.a(uip-packetqueue)
                              obj_cooja/mtype767.a(uip-ds6-nbr.o) (uip_packetqueue_new)
obj_cooja/mtype767.a(rpl-dag.o)
                              udp-server.co (rpl_set_root)
obj_cooja/mtype767.a(rpl-ext-header.)
                              obj_cooja/mtype767.a(uip6.o) (rpl_verify_header)
obj_cooja/mtype767.a(rpl-icmp6.o)
                              obj_cooja/mtype767.a(rpl-dag.o) (rpl_icmp6_update_nbr_table)
obj_cooja/mtype767.a(rpl-ltmax.o)
                              obj_cooja/mtype767.a(rpl-dag.o) (rpl_ltmax_of)
obj_cooja/mtype767.a(rpl-timers.o)
                              obj_cooja/mtype767.a(rpl-dag.o) (rpl_reset_dio_timer)
obj_cooja/mtype767.a(rpl.o)   obj_cooja/mtype767.a(rpl-icmp6.o) (rpl_get_mode)
obj_cooja/mtype767.a(framer-802154.o)
                              obj_cooja/mtype767.a(sicslowpan.o) (framer_802154)
obj_cooja/mtype767.a(nullmac.o)
                              udp-server.co (nullmac_driver)
obj_cooja/mtype767.a(cxmac.o)
                              obj_cooja/mtype767.o (cxmac_driver)
obj_cooja/mtype767.a(linkaddr.o)
                              obj_cooja/mtype767.o (linkaddr_node_addr)
obj_cooja/mtype767.a(nbr-table.o)
                              obj_cooja/mtype767.a(uip-ds6-nbr.o) (nbr_table_register)
[...]
Memory Configuration

Name             Origin             Length             Attributes
*default*        0x0000000000000000 0xffffffffffffffff

Linker script and memory map

LOAD /usr/lib/gcc/i686-linux-gnu/4.8/../../../i386-linux-gnu/crti.o
LOAD /usr/lib/gcc/i686-linux-gnu/4.8/crtbeginS.o
LOAD udp-server.co
LOAD obj_cooja/mtype767.o
LOAD obj_cooja/mtype767.a
LOAD /usr/lib/gcc/i686-linux-gnu/4.8/libgcc.a
LOAD /usr/lib/gcc/i686-linux-gnu/4.8/libgcc_s.so
LOAD /usr/lib/gcc/i686-linux-gnu/4.8/../../../i386-linux-gnu/libc.so
START GROUP
LOAD /lib/i386-linux-gnu/libc.so.6
LOAD /usr/lib/i386-linux-gnu/libc_nonshared.a
LOAD /lib/i386-linux-gnu/ld-linux.so.2
END GROUP
LOAD /usr/lib/gcc/i686-linux-gnu/4.8/libgcc.a
LOAD /usr/lib/gcc/i686-linux-gnu/4.8/libgcc_s.so
LOAD /usr/lib/gcc/i686-linux-gnu/4.8/crtendS.o
LOAD /usr/lib/gcc/i686-linux-gnu/4.8/../../../i386-linux-gnu/crtn.o
                0x0000000000000114                . = (0x0 + SIZEOF_HEADERS)

.note.gnu.build-id
                0x0000000000000114       0x24
 *(.note.gnu.build-id)
 .note.gnu.build-id
                0x0000000000000114       0x24 /usr/lib/gcc/i686-linux-gnu/4.8/../../../i386-linux-gnu/crti.o

.hash
 *(.hash)

.gnu.hash       0x0000000000000138     0x1350
 *(.gnu.hash)
 .gnu.hash      0x0000000000000138     0x1350 /usr/lib/gcc/i686-linux-gnu/4.8/../../../i386-linux-gnu/crti.o

.dynsym         0x0000000000001488     0x25c0
 *(.dynsym)
 .dynsym        0x0000000000001488     0x25c0 /usr/lib/gcc/i686-linux-gnu/4.8/../../../i386-linux-gnu/crti.o

.dynstr         0x0000000000003a48     0x26be
 *(.dynstr)
 .dynstr        0x0000000000003a48     0x26be /usr/lib/gcc/i686-linux-gnu/4.8/../../../i386-linux-gnu/crti.o

.gnu.version    0x0000000000006106      0x4b8
 *(.gnu.version)
 .gnu.version   0x0000000000006106      0x4b8 /usr/lib/gcc/i686-linux-gnu/4.8/../../../i386-linux-gnu/crti.o

.gnu.version_d  0x00000000000065c0        0x0
 *(.gnu.version_d)
 .gnu.version_d
                0x0000000000000000        0x0 /usr/lib/gcc/i686-linux-gnu/4.8/../../../i386-linux-gnu/crti.o

.gnu.version_r  0x00000000000065c0       0x50
 *(.gnu.version_r)
 .gnu.version_r
                0x00000000000065c0       0x50 /usr/lib/gcc/i686-linux-gnu/4.8/../../../i386-linux-gnu/crti.o

.rel.dyn        0x0000000000006610     0x8f38
 *(.rel.init)
 .rel.init      0x0000000000000000        0x0 /usr/lib/gcc/i686-linux-gnu/4.8/../../../i386-linux-gnu/crti.o
 *(.rel.text .rel.text.* .rel.gnu.linkonce.t.*)
 .rel.text      0x0000000000006610     0x87a8 /usr/lib/gcc/i686-linux-gnu/4.8/../../../i386-linux-gnu/crti.o
 *(.rel.fini)
 .rel.fini      0x0000000000000000        0x0 /usr/lib/gcc/i686-linux-gnu/4.8/../../../i386-linux-gnu/crti.o
 *(.rel.rodata .rel.rodata.* .rel.gnu.linkonce.r.*)
 .rel.rodata    0x000000000000edb8      0x4e0 /usr/lib/gcc/i686-linux-gnu/4.8/../../../i386-linux-gnu/crti.o
 *(.rel.data.rel.ro .rel.data.rel.ro.* .rel.gnu.linkonce.d.rel.ro.*)
 *(.rel.data .rel.data.* .rel.gnu.linkonce.d.*)
 .rel.data.rel  0x000000000000f298        0x8 /usr/lib/gcc/i686-linux-gnu/4.8/../../../i386-linux-gnu/crti.o
 .rel.data      0x000000000000f2a0      0x270 /usr/lib/gcc/i686-linux-gnu/4.8/../../../i386-linux-gnu/crti.o
 *(.rel.tdata .rel.tdata.* .rel.gnu.linkonce.td.*)
 *(.rel.tbss .rel.tbss.* .rel.gnu.linkonce.tb.*)
 *(.rel.ctors)
 *(.rel.dtors)
 *(.rel.got)
 .rel.got       0x000000000000f510       0x28 /usr/lib/gcc/i686-linux-gnu/4.8/../../../i386-linux-gnu/crti.o
 *(.rel.bss .rel.bss.* .rel.gnu.linkonce.b.*)
 *(.rel.ifunc)
 .rel.ifunc     0x0000000000000000        0x0 /usr/lib/gcc/i686-linux-gnu/4.8/../../../i386-linux-gnu/crti.o
 .rel.fini_array
                0x000000000000f538        0x8 /usr/lib/gcc/i686-linux-gnu/4.8/../../../i386-linux-gnu/crti.o
 .rel.init_array
                0x000000000000f540        0x8 /usr/lib/gcc/i686-linux-gnu/4.8/../../../i386-linux-gnu/crti.o

.rel.plt        0x000000000000f548       0x10
 *(.rel.plt)
 .rel.plt       0x000000000000f548       0x10 /usr/lib/gcc/i686-linux-gnu/4.8/../../../i386-linux-gnu/crti.o
 *(.rel.iplt)

.init           0x000000000000f558       0x23
 *(SORT(.init))
 .init          0x000000000000f558       0x1e /usr/lib/gcc/i686-linux-gnu/4.8/../../../i386-linux-gnu/crti.o
                0x000000000000f558                _init
 .init          0x000000000000f576        0x5 /usr/lib/gcc/i686-linux-gnu/4.8/../../../i386-linux-gnu/crtn.o

.plt            0x000000000000f580       0x30
 *(.plt)
 .plt           0x000000000000f580       0x30 /usr/lib/gcc/i686-linux-gnu/4.8/../../../i386-linux-gnu/crti.o
 *(.iplt)

.text           0x000000000000f5b0    0x1603b
 *(.text.unlikely .text.*_unlikely .text.unlikely.*)
 *(.text.exit .text.exit.*)
 *(.text.startup .text.startup.*)
 *(.text.hot .text.hot.*)
 *(.text .stub .text.* .gnu.linkonce.t.*)
 .text          0x000000000000f5b0        0x0 /usr/lib/gcc/i686-linux-gnu/4.8/../../../i386-linux-gnu/crti.o
 .gnu.linkonce.t.__x86.get_pc_thunk.bx
                0x000000000000f5b0        0x4 /usr/lib/gcc/i686-linux-gnu/4.8/../../../i386-linux-gnu/crti.o
                0x000000000000f5b0                __x86.get_pc_thunk.bx
 *fill*         0x000000000000f5b4        0xc 
 .text          0x000000000000f5c0      0x11b /usr/lib/gcc/i686-linux-gnu/4.8/crtbeginS.o
 .text          0x000000000000f6db      0x3ce udp-server.co
 .text          0x000000000000faa9      0x734 obj_cooja/mtype767.o
                0x000000000000fbdf                contiki_init
                0x000000000000fff4                Java_org_contikios_cooja_corecomm_Lib10_init
                0x0000000000010034                Java_org_contikios_cooja_corecomm_Lib10_getMemory
                0x0000000000010074                Java_org_contikios_cooja_corecomm_Lib10_setMemory
                0x00000000000100eb                Java_org_contikios_cooja_corecomm_Lib10_tick
                0x00000000000101cb                Java_org_contikios_cooja_corecomm_Lib10_setReferenceAddress
 .text          0x00000000000101dd       0x63 obj_cooja/mtype767.a(simEnvChange.o)
                0x00000000000101dd                doActionsBeforeTick
                0x000000000001020e                doActionsAfterTick
 .text          0x0000000000010240       0xbc obj_cooja/mtype767.a(cooja_mt.o)
                0x0000000000010240                cooja_mt_init
                0x000000000001024d                cooja_mt_remove
                0x000000000001025a                cooja_mt_start
                0x0000000000010287                cooja_mt_exec
                0x00000000000102b8                cooja_mt_exit
                0x00000000000102da                cooja_mt_yield
 .text          0x00000000000102fc      0x115 obj_cooja/mtype767.a(cooja_mtarch.o)
                0x00000000000102fc                cooja_mtarch_init
                0x0000000000010301                cooja_mtarch_start
                0x000000000001037c                cooja_sw
                0x000000000001039e                cooja_mtarch_exec
                0x00000000000103ba                cooja_mtarch_remove
                0x00000000000103bf                cooja_mtarch_yield
                0x00000000000103c9                cooja_mtarch_pstop
                0x00000000000103ce                cooja_mtarch_pstart
                0x00000000000103d3                cooja_mtarch_stack_usage
 .text          0x0000000000010411       0xc2 obj_cooja/mtype767.a(rtimer-arch.o)
                0x0000000000010411                rtimer_arch_init
                0x0000000000010434                rtimer_arch_schedule
                0x000000000001044b                rtimer_arch_next
                0x0000000000010455                rtimer_arch_pending
                0x000000000001045f                rtimer_arch_check
                0x0000000000010491                rtimer_arch_now
 .text          0x00000000000104d3       0x76 obj_cooja/mtype767.a(beep.o)
                0x00000000000104d3                beep_alarm
                0x00000000000104df                beep_beep
                0x00000000000104eb                beep
                0x00000000000104f7                beep_down
                0x0000000000010503                beep_on
                0x000000000001050f                beep_off
                0x000000000001051b                beep_spinup
                0x0000000000010527                beep_quick
                0x0000000000010533                beep_long
 .text          0x0000000000010549      0x103 obj_cooja/mtype767.a(button-sensor.o)
 .text          0x000000000001064c       0x45 obj_cooja/mtype767.a(leds-arch.o)
                0x000000000001064c                leds_arch_init
                0x0000000000010658                leds_arch_get
                0x0000000000010664                leds_arch_set
 .text          0x0000000000010691       0x2f obj_cooja/mtype767.a(moteid.o)
 .text          0x00000000000106c0       0xb1 obj_cooja/mtype767.a(pir-sensor.o)
 .text          0x0000000000010771      0x131 obj_cooja/mtype767.a(rs232.o)
                0x0000000000010771                rs232_init
                0x0000000000010776                rs232_set_speed
                0x0000000000010784                rs232_set_input
                0x0000000000010791                rs232_send
                0x00000000000107b3                rs232_print
                0x00000000000107ce                slip_arch_writeb
 .text          0x00000000000108a2       0xb1 obj_cooja/mtype767.a(vib-sensor.o)
 .text          0x0000000000010953       0x34 obj_cooja/mtype767.a(clock.o)
                0x0000000000010953                clock_init
                0x0000000000010958                clock_time
                0x0000000000010962                clock_seconds
                0x0000000000010978                clock_delay
 .text          0x0000000000010987      0x1ed obj_cooja/mtype767.a(log.o)
                0x0000000000010987                simlog_char
                0x00000000000109c9                simlog
                0x0000000000010a36                log_message
                0x0000000000010a5e                log_set_putchar_with_slip
                0x0000000000010a6b                log_putchar
                0x0000000000010aef                log_puts
                0x0000000000010b13                log_printf
 .text          0x0000000000010b74      0x2c4 obj_cooja/mtype767.a(cfs-cooja.o)
                0x0000000000010b74                cfs_open
                0x0000000000010bdd                cfs_close
                0x0000000000010be9                cfs_read
                0x0000000000010c87                cfs_write
                0x0000000000010d64                cfs_seek
                0x0000000000010dec                cfs_remove
                0x0000000000010e15                cfs_opendir
                0x0000000000010e1f                cfs_readdir
                0x0000000000010e29                cfs_closedir
 .text          0x0000000000010e38      0x671 obj_cooja/mtype767.a(cooja-radio.o)
                0x0000000000010e62                radio_set_channel
                0x0000000000010e77                radio_set_txpower
                0x0000000000010e97                radio_signal_strength_last
                0x0000000000010ea1                radio_signal_strength_current
                0x0000000000010eab                radio_LQI
 .text          0x00000000000114a9       0xef obj_cooja/mtype767.a(eeprom.o)
                0x00000000000114a9                eeprom_init
                0x00000000000114ae                eeprom_read
                0x000000000001151e                eeprom_write
 .text          0x0000000000011598       0x28 obj_cooja/mtype767.a(random.o)
                0x0000000000011598                random_init
                0x00000000000115b3                random_rand
 .text          0x00000000000115c0      0x2a1 obj_cooja/mtype767.a(sensors.o)
                0x00000000000115fb                sensors_first
                0x0000000000011605                sensors_next
                0x0000000000011622                sensors_changed
                0x0000000000011651                sensors_find
 .text          0x0000000000011861      0x318 obj_cooja/mtype767.a(dual_conf.o)
                0x0000000000011861                dual_radio_switch
                0x00000000000118a1                dual_radio_change
                0x00000000000118db                sending_in_LR
                0x0000000000011906                dual_radio_received
                0x000000000001193e                radio_received_is_longrange
                0x0000000000011959                dual_radio_turn_on
                0x000000000001197c                dual_radio_turn_off
                0x0000000000011b2f                dio_broadcast
                0x0000000000011b58                dis_broadcast
 .text          0x0000000000011b79       0x8e obj_cooja/mtype767.a(autostart.o)
                0x0000000000011b79                autostart_start
                0x0000000000011bc4                autostart_exit
 .text          0x0000000000011c07      0x334 obj_cooja/mtype767.a(ctimer.o)
                0x0000000000011d1e                ctimer_init
                0x0000000000011d4e                ctimer_set
                0x0000000000011d7f                ctimer_set_with_process
                0x0000000000011dfb                ctimer_reset
                0x0000000000011e4a                ctimer_restart
                0x0000000000011e99                ctimer_stop
                0x0000000000011ee4                ctimer_expired
 .text          0x0000000000011f3b      0x40b obj_cooja/mtype767.a(etimer.o)
                0x000000000001214e                etimer_request_poll
                0x00000000000121d2                etimer_set
                0x00000000000121f7                etimer_reset_with_new_interval
                0x000000000001221e                etimer_reset
                0x000000000001223c                etimer_restart
                0x000000000001225a                etimer_adjust
                0x0000000000012276                etimer_expired
                0x0000000000012289                etimer_expiration_time
                0x000000000001229b                etimer_start_time
                0x00000000000122a5                etimer_pending
                0x00000000000122b7                etimer_next_expiration_time
                0x00000000000122d1                etimer_stop
 .text          0x0000000000012346       0xdd obj_cooja/mtype767.a(log_message.o)
                0x0000000000012346                log_initialization
                0x0000000000012402                log_finisher
 .text          0x0000000000012423      0x560 obj_cooja/mtype767.a(process.o)
                0x0000000000012423                process_alloc_event
                0x0000000000012438                process_start
                0x0000000000012621                process_exit
                0x000000000001263d                process_init
                0x000000000001280e                process_run
                0x0000000000012841                process_nevents
                0x000000000001285c                process_post
                0x0000000000012908                process_post_synch
                0x0000000000012940                process_poll
                0x000000000001296f                process_is_running
 .text          0x0000000000012983       0x8b obj_cooja/mtype767.a(residual.o)
                0x0000000000012983                get_residual_energy
 .text          0x0000000000012a0e       0xba obj_cooja/mtype767.a(rtimer.o)
                0x0000000000012a0e                rtimer_init
                0x0000000000012a1b                rtimer_set
                0x0000000000012a72                rtimer_run_next
 .text          0x0000000000012ac8       0x91 obj_cooja/mtype767.a(timer.o)
                0x0000000000012ac8                timer_set
                0x0000000000012ae3                timer_reset
                0x0000000000012afa                timer_restart
                0x0000000000012b0c                timer_expired
                0x0000000000012b35                timer_remaining
 .text          0x0000000000012b59      0x1fb obj_cooja/mtype767.a(serial-line.o)
                0x0000000000012b59                serial_line_input_byte
                0x0000000000012d1c                serial_line_init
 .text          0x0000000000012d54      0x244 obj_cooja/mtype767.a(list.o)
                0x0000000000012d54                list_init
                0x0000000000012d62                list_head
                0x0000000000012d6c                list_copy
                0x0000000000012d7b                list_tail
                0x0000000000012db1                list_add
                0x0000000000012dfa                list_push
                0x0000000000012e26                list_chop
                0x0000000000012e90                list_pop
                0x0000000000012eb8                list_remove
                0x0000000000012f1f                list_length
                0x0000000000012f4d                list_insert
                0x0000000000012f81                list_item_next
 .text          0x0000000000012f98      0x155 obj_cooja/mtype767.a(ringbuf.o)
                0x0000000000012f98                ringbuf_init
                0x0000000000012fc9                ringbuf_put
                0x0000000000013047                ringbuf_get
                0x00000000000130b4                ringbuf_size
                0x00000000000130c6                ringbuf_elements
 .text          0x00000000000130ed     0x258b obj_cooja/mtype767.a(sicslowpan.o)
                0x0000000000013677                rime_sniffer_add
                0x0000000000013684                rime_sniffer_remove
                0x0000000000015617                sicslowpan_init
                0x000000000001566e                sicslowpan_get_last_rssi
 .text          0x0000000000015678      0x298 obj_cooja/mtype767.a(uip-ds6-nbr.o)
                0x0000000000015695                uip_ds6_neighbors_init
                0x00000000000156b2                uip_ds6_nbr_add
                0x000000000001573a                uip_ds6_nbr_rm
                0x000000000001577c                uip_ds6_nbr_get_ipaddr
                0x0000000000015791                uip_ds6_nbr_get_ll
                0x00000000000157ad                uip_ds6_nbr_num
                0x00000000000157f2                uip_ds6_nbr_lookup
                0x0000000000015857                uip_ds6_nbr_ll_lookup
                0x0000000000015873                uip_ds6_nbr_ipaddr_from_lladdr
                0x0000000000015899                uip_ds6_nbr_lladdr_from_ipaddr
                0x00000000000158c7                uip_ds6_link_neighbor_callback
 .text          0x0000000000015910     0x12ad obj_cooja/mtype767.a(uip-ds6.o)
                0x0000000000015910                uip_ds6_init
                0x0000000000015c65                uip_ds6_periodic
                0x0000000000015d3d                uip_ds6_list_loop
                0x0000000000015de4                uip_ds6_prefix_add
                0x0000000000015ea2                uip_ds6_prefix_rm
                0x0000000000015eb4                uip_ds6_prefix_lookup
                0x0000000000015f05                uip_ds6_is_addr_onlink
                0x0000000000015f79                uip_ds6_addr_add
                0x00000000000160a7                uip_ds6_long_addr_add
                0x00000000000161d5                uip_ds6_addr_rm
                0x0000000000016275                uip_ds6_addr_lookup
                0x00000000000162c0                uip_ds6_long_addr_lookup
                0x000000000001630b                uip_ds6_get_link_local
                0x000000000001638a                uip_ds6_long_get_link_local
                0x0000000000016409                uip_ds6_get_global
                0x0000000000016488                uip_ds6_long_get_global
                0x0000000000016507                uip_ds6_maddr_add
                0x0000000000016579                uip_ds6_long_maddr_add
                0x00000000000165eb                uip_ds6_maddr_rm
                0x00000000000165fd                uip_ds6_maddr_lookup
                0x0000000000016648                uip_ds6_long_maddr_lookup
                0x0000000000016693                uip_ds6_aaddr_add
                0x0000000000016705                uip_ds6_long_aaddr_add
                0x0000000000016777                uip_ds6_aaddr_rm
                0x0000000000016789                uip_ds6_aaddr_lookup
                0x00000000000167d4                uip_ds6_long_aaddr_lookup
                0x000000000001681f                uip_ds6_select_src
                0x0000000000016aa8                uip_ds6_set_addr_iid
                0x0000000000016adf                get_match_length
                0x0000000000016b71                uip_ds6_compute_reachable_time
 .text          0x0000000000016bbd     0x29f3 obj_cooja/mtype767.a(uip6.o)
                0x0000000000016bbd                uip_add32
                0x0000000000016d56                uip_chksum
                0x0000000000016e44                uip_icmp6chksum
                0x0000000000016e58                uip_tcpchksum
                0x0000000000016e6c                uip_udpchksum
                0x0000000000016e80                uip_init
                0x0000000000016f50                uip_connect
                0x00000000000170ff                remove_ext_hdr
                0x00000000000171d4                uip_udp_new
                0x0000000000017330                uip_unlisten
                0x0000000000017390                uip_listen
                0x0000000000017652                uip_process
                0x00000000000194a4                uip_htons
                0x00000000000194c6                uip_htonl
                0x0000000000019506                uip_send
 .text          0x00000000000195b0      0xb43 obj_cooja/mtype767.a(tcpip.o)
                0x00000000000195b0                tcpip_output
                0x00000000000195de                tcpip_set_outputfunc
                0x0000000000019672                tcp_connect
                0x00000000000196c7                tcp_unlisten
                0x0000000000019722                tcp_listen
                0x000000000001977b                tcp_attach
                0x00000000000197a0                udp_attach
                0x00000000000197c5                udp_new
                0x0000000000019817                udp_broadcast_new
                0x0000000000019a8b                tcpip_input
                0x0000000000019abf                tcpip_ipv6_output
                0x0000000000019f39                tcpip_poll_udp
                0x0000000000019f5c                tcpip_poll_tcp
                0x0000000000019f7f                tcpip_uipcall
 .text          0x000000000001a0f3      0x1c1 obj_cooja/mtype767.a(uip-debug.o)
                0x000000000001a0f3                uip_debug_ipaddr_print
                0x000000000001a255                uip_debug_lladdr_print
 .text          0x000000000001a2b4      0x141 obj_cooja/mtype767.a(uip-packetqueue)
                0x000000000001a2e0                uip_packetqueue_new
                0x000000000001a2ee                uip_packetqueue_alloc
                0x000000000001a34e                uip_packetqueue_free
                0x000000000001a38f                uip_packetqueue_buf
                0x000000000001a3ac                uip_packetqueue_buflen
                0x000000000001a3cd                uip_packetqueue_set_buflen
 .text          0x000000000001a3f5     0x25bb obj_cooja/mtype767.a(rpl-dag.o)
                0x000000000001a3f5                rpl_print_neighbor_list
                0x000000000001a49e                rpl_print_child_neighbor_list
                0x000000000001a513                rpl_get_nbr
                0x000000000001a56d                rpl_get_nbr_child
                0x000000000001a5c7                rpl_dag_init
                0x000000000001a5f9                rpl_get_parent
                0x000000000001a61b                rpl_get_parent_rank
                0x000000000001a64e                rpl_get_parent_link_metric
                0x000000000001a681                rpl_get_parent_ipaddr
                0x000000000001a6ab                rpl_get_child_ipaddr
                0x000000000001a9c6                rpl_set_root
                0x000000000001abf4                rpl_repair_root
                0x000000000001ae30                rpl_set_prefix
                0x000000000001af2f                rpl_set_default_route
                0x000000000001afbb                rpl_alloc_instance
                0x000000000001b04e                rpl_alloc_dag
                0x000000000001b101                rpl_set_default_instance
                0x000000000001b10e                rpl_get_default_instance
                0x000000000001b118                rpl_free_instance
                0x000000000001b1c9                rpl_free_dag
                0x000000000001b22f                rpl_add_parent
                0x000000000001b325                rpl_find_parent
                0x000000000001b355                rpl_add_child
                0x000000000001b3f9                rpl_find_child
                0x000000000001b447                rpl_find_parent_any_dag
                0x000000000001b483                rpl_select_dag
                0x000000000001b8a6                rpl_select_parent
                0x000000000001b908                rpl_remove_parent
                0x000000000001b93e                rpl_remove_child
                0x000000000001b95a                rpl_nullify_parent
                0x000000000001b9f8                rpl_move_parent
                0x000000000001ba95                rpl_has_downward_route
                0x000000000001bae8                rpl_get_any_dag
                0x000000000001bb4a                rpl_get_instance
                0x000000000001bbad                rpl_find_of
                0x000000000001bbea                rpl_join_instance
                0x000000000001be65                rpl_add_dag
                0x000000000001c254                rpl_local_repair
                0x000000000001c32d                rpl_recalculate_ranks
                0x000000000001c3b3                rpl_process_parent_event
                0x000000000001c465                rpl_process_dio
 .text          0x000000000001c9b0      0xbf3 obj_cooja/mtype767.a(rpl-ext-header.)
                0x000000000001c9cd                rpl_verify_header
                0x000000000001ce47                rpl_update_header_empty
                0x000000000001d15e                rpl_update_header_final
                0x000000000001d2ed                rpl_remove_header
                0x000000000001d3f7                rpl_invert_header
                0x000000000001d581                rpl_insert_header
 .text          0x000000000001d5a3     0x22e1 obj_cooja/mtype767.a(rpl-icmp6.o)
                0x000000000001d86c                rpl_icmp6_update_nbr_table
                0x000000000001d95c                dis_output
                0x000000000001e294                dio_output
                0x000000000001f3ef                dao_output
                0x000000000001f4b7                dao_output_target
                0x000000000001f838                dao_ack_output
                0x000000000001f84c                rpl_icmp6_register_handlers
 .text          0x000000000001f884      0x370 obj_cooja/mtype767.a(rpl-ltmax.o)
 .text          0x000000000001fbf4      0x7b3 obj_cooja/mtype767.a(rpl-timers.o)
                0x000000000001fe3a                rpl_reset_periodic_timer
                0x000000000001fe8f                rpl_reset_dio_timer
                0x00000000000200c9                rpl_schedule_dao
                0x00000000000200e4                rpl_schedule_dao_immediately
                0x00000000000200ff                rpl_cancel_dao
                0x0000000000020161                rpl_schedule_unicast_dio_immediately
                0x000000000002034f                rpl_schedule_probing
 .text          0x00000000000203a7      0x5c5 obj_cooja/mtype767.a(rpl.o)
                0x00000000000203a7                rpl_get_mode
                0x00000000000203b1                rpl_set_mode
                0x000000000002043f                rpl_purge_routes
                0x0000000000020539                rpl_remove_routes
                0x000000000002057f                rpl_remove_routes_by_nexthop
                0x00000000000205eb                rpl_add_route
                0x0000000000020666                rpl_link_neighbor_callback
                0x000000000002076b                rpl_ipv6_neighbor_callback
                0x00000000000207da                rpl_purge_dags
                0x00000000000208e6                rpl_init
 .text          0x000000000002096c      0x3f5 obj_cooja/mtype767.a(framer-802154.o)
 .text          0x0000000000020d61       0x5e obj_cooja/mtype767.a(nullmac.o)
 .text          0x0000000000020dbf      0xfdc obj_cooja/mtype767.a(cxmac.o)
                0x0000000000021ceb                cxmac_set_announcement_radio_txpower
                0x0000000000021cf0                cxmac_init
 .text          0x0000000000021d9b       0x67 obj_cooja/mtype767.a(linkaddr.o)
                0x0000000000021d9b                linkaddr_copy
                0x0000000000021dbd                linkaddr_cmp
                0x0000000000021de7                linkaddr_set_node_addr
 .text          0x0000000000021e02      0x915 obj_cooja/mtype767.a(nbr-table.o)
                0x0000000000021e02                long_ip_from_lladdr_map
                0x0000000000021e8b                lladdr_map_add_lr
                0x0000000000021f48                lladdr_map_rm_lr
                0x000000000002240d                nbr_table_register
                0x0000000000022455                nbr_table_head
                0x00000000000224b1                nbr_table_next
                0x0000000000022518                nbr_table_add_lladdr
                0x00000000000225f4                nbr_table_get_from_lladdr
                0x0000000000022641                nbr_table_remove
                0x0000000000022693                nbr_table_lock
                0x00000000000226bd                nbr_table_unlock
                0x00000000000226e7                nbr_table_get_lladdr
 .text          0x0000000000022717       0x2b obj_cooja/mtype767.a(netstack.o)
                0x0000000000022717                netstack_init
 .text          0x0000000000022742      0x3cd obj_cooja/mtype767.a(packetbuf.o)
                0x0000000000022742                packetbuf_clear
                0x000000000002276c                packetbuf_copyfrom
                0x00000000000227be                packetbuf_compact
                0x000000000002283b                packetbuf_copyto
                0x00000000000228d2                packetbuf_hdralloc
                0x000000000002294f                packetbuf_hdrreduce
                0x0000000000022997                packetbuf_set_datalen
                0x00000000000229b0                packetbuf_dataptr
                0x00000000000229cd                packetbuf_hdrptr
                0x00000000000229d7                packetbuf_datalen
                0x00000000000229e3                packetbuf_hdrlen
                0x00000000000229fa                packetbuf_totlen
                0x0000000000022a10                packetbuf_attr_clear
                0x0000000000022a62                packetbuf_attr_copyto
                0x0000000000022aab                packetbuf_attr_copyfrom
                0x0000000000022af3                packetbuf_holds_broadcast
 .text          0x0000000000022b0f      0x2b4 obj_cooja/mtype767.a(queuebuf.o)
                0x0000000000022b19                queuebuf_init
                0x0000000000022b39                queuebuf_numfree
                0x0000000000022b4d                queuebuf_new_from_packetbuf
                0x0000000000022bdd                queuebuf_update_attr_from_packetbuf
                0x0000000000022c10                queuebuf_update_from_packetbuf
                0x0000000000022c5a                queuebuf_free
                0x0000000000022ca1                queuebuf_to_packetbuf
                0x0000000000022d07                queuebuf_dataptr
                0x0000000000022d3e                queuebuf_datalen
                0x0000000000022d61                queuebuf_addr
                0x0000000000022d93                queuebuf_attr
                0x0000000000022dbe                queuebuf_debug_print
 .text          0x0000000000022dc3       0x6e obj_cooja/mtype767.a(nullsec.o)
 .text          0x0000000000022e31       0x19 obj_cooja/mtype767.a(watchdog.o)
                0x0000000000022e31                watchdog_init
                0x0000000000022e36                watchdog_start
                0x0000000000022e3b                watchdog_periodic
                0x0000000000022e40                watchdog_stop
                0x0000000000022e45                watchdog_reboot
 .text          0x0000000000022e4a        0x0 obj_cooja/mtype767.a(rimestats.o)
 .text          0x0000000000022e4a      0x134 obj_cooja/mtype767.a(leds.o)
                0x0000000000022e9b                leds_init
                0x0000000000022eaf                leds_blink
                0x0000000000022ee7                leds_get
                0x0000000000022ef4                leds_set
                0x0000000000022f0e                leds_on
                0x0000000000022f31                leds_off
                0x0000000000022f5b                leds_toggle
 .text          0x0000000000022f7e       0xa3 obj_cooja/mtype767.a(stimer.o)
                0x0000000000022f7e                stimer_set
                0x0000000000022f99                stimer_reset
                0x0000000000022fb0                stimer_restart
                0x0000000000022fc2                stimer_expired
                0x0000000000022fe9                stimer_remaining
                0x000000000002300d                stimer_elapsed
 .text          0x0000000000023021      0x1c1 obj_cooja/mtype767.a(memb.o)
                0x0000000000023021                memb_init
                0x000000000002307f                memb_alloc
                0x00000000000230e4                memb_free
                0x000000000002315f                memb_inmemb
                0x000000000002319e                memb_numfree
 .text          0x00000000000231e2      0x916 obj_cooja/mtype767.a(uip-ds6-route.o)
                0x0000000000023259                uip_ds6_notification_add
                0x000000000002328a                uip_ds6_notification_rm
                0x00000000000232a6                uip_ds6_route_init
                0x000000000002332e                uip_ds6_route_nexthop
                0x0000000000023356                uip_ds6_route_head
                0x000000000002336b                uip_ds6_route_next
                0x0000000000023391                uip_ds6_route_is_nexthop
                0x00000000000233d0                uip_ds6_route_num_routes
                0x00000000000233da                uip_ds6_route_lookup
                0x000000000002349c                uip_ds6_route_add
                0x00000000000236d0                uip_ds6_route_rm
                0x0000000000023864                uip_ds6_route_rm_by_nexthop
                0x000000000002389c                uip_ds6_defrt_add
                0x000000000002394d                uip_ds6_defrt_rm
                0x00000000000239cc                uip_ds6_defrt_lookup
                0x0000000000023a25                uip_ds6_defrt_choose
                0x0000000000023a90                uip_ds6_defrt_periodic
 .text          0x0000000000023af8      0xab2 obj_cooja/mtype767.a(uip-icmp6.o)
                0x0000000000023b66                uip_icmp6_input
                0x0000000000023bbc                uip_icmp6_register_input_handler
                0x0000000000023e84                uip_icmp6_error_output
                0x00000000000241c9                uip_icmp6_send
                0x000000000002453d                uip_icmp6_echo_reply_callback_add
                0x000000000002456e                uip_icmp6_echo_reply_callback_rm
                0x000000000002458a                uip_icmp6_init
 .text          0x00000000000245aa      0x358 obj_cooja/mtype767.a(uip-nd6.o)
                0x00000000000245fe                uip_nd6_ns_output
                0x00000000000248fd                uip_nd6_init
 .text          0x0000000000024902      0x331 obj_cooja/mtype767.a(rpl-nbr-policy.)
                0x0000000000024ada                find_removable_dis
                0x0000000000024afd                find_removable_dio
                0x0000000000024b8c                find_removable_dao
                0x0000000000024bdc                rpl_nbr_policy_find_removable
 .text          0x0000000000024c33      0x97c obj_cooja/mtype767.a(frame802154.o)
                0x0000000000024c64                frame802154_get_pan_id
                0x0000000000024c70                frame802154_set_pan_id
                0x0000000000024c89                frame802154_has_panid
                0x0000000000024d75                frame802154_check_dest_panid
                0x0000000000024ddd                frame802154_is_broadcast_addr
                0x0000000000024e2a                frame802154_extract_linkaddr
                0x000000000002506a                frame802154_hdrlen
                0x00000000000250bb                frame802154_create
                0x00000000000252a6                frame802154_parse
 .text          0x00000000000255af       0x3c obj_cooja/mtype767.a(mac.o)
                0x00000000000255af                mac_call_sent_callback
 .text          0x00000000000255eb        0x0 /usr/lib/gcc/i686-linux-gnu/4.8/crtendS.o
 .text          0x00000000000255eb        0x0 /usr/lib/gcc/i686-linux-gnu/4.8/../../../i386-linux-gnu/crtn.o
 *(.gnu.warning)

.fini           0x00000000000255ec       0x14
 *(SORT(.fini))
 .fini          0x00000000000255ec        0xf /usr/lib/gcc/i686-linux-gnu/4.8/../../../i386-linux-gnu/crti.o
                0x00000000000255ec                _fini
 .fini          0x00000000000255fb        0x5 /usr/lib/gcc/i686-linux-gnu/4.8/../../../i386-linux-gnu/crtn.o
                0x0000000000025600                PROVIDE (__etext, .)
                0x0000000000025600                PROVIDE (_etext, .)
                0x0000000000025600                PROVIDE (etext, .)

.rodata         0x0000000000025600      0x9e0
 *(.rodata .rodata.* .gnu.linkonce.r.*)
 .rodata        0x0000000000025600      0x148 udp-server.co
                0x0000000000025614                autostart_processes
 .rodata        0x0000000000025748      0x157 obj_cooja/mtype767.o
 *fill*         0x000000000002589f        0x1 
 .rodata        0x00000000000258a0        0x8 obj_cooja/mtype767.a(beep.o)
                0x00000000000258a0                beep_interface
 .rodata        0x00000000000258a8       0x20 obj_cooja/mtype767.a(button-sensor.o)
                0x00000000000258a8                button_interface
                0x00000000000258b8                button_sensor
 .rodata        0x00000000000258c8        0x8 obj_cooja/mtype767.a(leds-arch.o)
                0x00000000000258c8                leds_interface
 .rodata        0x00000000000258d0        0x8 obj_cooja/mtype767.a(moteid.o)
                0x00000000000258d0                moteid_interface
 .rodata        0x00000000000258d8       0x1c obj_cooja/mtype767.a(pir-sensor.o)
                0x00000000000258d8                pir_interface
                0x00000000000258e4                pir_sensor
 .rodata        0x00000000000258f4        0xe obj_cooja/mtype767.a(rs232.o)
                0x00000000000258f4                rs232_interface
 *fill*         0x0000000000025902        0x2 
 .rodata        0x0000000000025904       0x24 obj_cooja/mtype767.a(vib-sensor.o)
                0x0000000000025904                vib_interface
                0x0000000000025918                vib_sensor
 .rodata        0x0000000000025928        0x8 obj_cooja/mtype767.a(clock.o)
                0x0000000000025928                clock_interface
 .rodata        0x0000000000025930        0x8 obj_cooja/mtype767.a(log.o)
                0x0000000000025930                simlog_interface
 .rodata        0x0000000000025938       0x2f obj_cooja/mtype767.a(cfs-cooja.o)
                0x0000000000025938                cfs_interface
 *fill*         0x0000000000025967       0x19 
 .rodata        0x0000000000025980       0x60 obj_cooja/mtype767.a(cooja-radio.o)
                0x00000000000259a0                cooja_radio_driver
                0x00000000000259d8                radio_interface
 .rodata        0x00000000000259e0        0x8 obj_cooja/mtype767.a(eeprom.o)
                0x00000000000259e0                eeprom_interface
 .rodata        0x00000000000259e8        0x8 obj_cooja/mtype767.a(sensors.o)
 .rodata        0x00000000000259f0       0x1c obj_cooja/mtype767.a(dual_conf.o)
 .rodata        0x0000000000025a0c        0xf obj_cooja/mtype767.a(ctimer.o)
 .rodata        0x0000000000025a1b        0xc obj_cooja/mtype767.a(etimer.o)
 *fill*         0x0000000000025a27        0x1 
 .rodata        0x0000000000025a28       0x73 obj_cooja/mtype767.a(log_message.o)
 *fill*         0x0000000000025a9b        0x1 
 .rodata        0x0000000000025a9c       0x20 obj_cooja/mtype767.a(residual.o)
 .rodata        0x0000000000025abc        0xe obj_cooja/mtype767.a(serial-line.o)
 *fill*         0x0000000000025aca        0x2 
 .rodata        0x0000000000025acc       0x2c obj_cooja/mtype767.a(sicslowpan.o)
                0x0000000000025acc                unc_llconf
                0x0000000000025ad0                unc_ctxconf
                0x0000000000025ad4                unc_mxconf
                0x0000000000025ad8                llprefix
                0x0000000000025aec                sicslowpan_driver
 .rodata        0x0000000000025af8      0x13c obj_cooja/mtype767.a(uip6.o)
 .rodata        0x0000000000025c34       0x49 obj_cooja/mtype767.a(tcpip.o)
 .rodata        0x0000000000025c7d       0x3e obj_cooja/mtype767.a(uip-debug.o)
 *fill*         0x0000000000025cbb        0x1 
 .rodata        0x0000000000025cbc        0x4 obj_cooja/mtype767.a(rpl-dag.o)
 .rodata        0x0000000000025cc0        0xc obj_cooja/mtype767.a(framer-802154.o)
                0x0000000000025cc0                framer_802154
 .rodata        0x0000000000025ccc       0x24 obj_cooja/mtype767.a(nullmac.o)
                0x0000000000025cd4                nullmac_driver
 *fill*         0x0000000000025cf0       0x10 
 .rodata        0x0000000000025d00      0x2c0 obj_cooja/mtype767.a(cxmac.o)
                0x0000000000025fa0                cxmac_driver
 .rodata        0x0000000000025fc0        0x8 obj_cooja/mtype767.a(linkaddr.o)
                0x0000000000025fc0                linkaddr_null
 .rodata        0x0000000000025fc8       0x18 obj_cooja/mtype767.a(nullsec.o)
                0x0000000000025fd0                nullsec_driver

.rodata1
 *(.rodata1)

.eh_frame_hdr   0x0000000000025fe0     0x138c
 *(.eh_frame_hdr)
 .eh_frame_hdr  0x0000000000025fe0     0x138c udp-server.co

.eh_frame       0x000000000002736c     0x4f74
 *(.eh_frame)
 .eh_frame      0x000000000002736c       0x3c /usr/lib/gcc/i686-linux-gnu/4.8/../../../i386-linux-gnu/crti.o
                                         0x40 (size before relaxing)
 .eh_frame      0x00000000000273a8       0x68 udp-server.co
                                         0x80 (size before relaxing)
 .eh_frame      0x0000000000027410      0x148 obj_cooja/mtype767.o
                                        0x160 (size before relaxing)
 .eh_frame      0x0000000000027558       0x40 obj_cooja/mtype767.a(simEnvChange.o)
                                         0x58 (size before relaxing)
 .eh_frame      0x0000000000027598       0xc0 obj_cooja/mtype767.a(cooja_mt.o)
                                         0xd8 (size before relaxing)
 .eh_frame      0x0000000000027658      0x120 obj_cooja/mtype767.a(cooja_mtarch.o)
                                        0x138 (size before relaxing)
 .eh_frame      0x0000000000027778       0xc0 obj_cooja/mtype767.a(rtimer-arch.o)
                                         0xd8 (size before relaxing)
 .eh_frame      0x0000000000027838      0x160 obj_cooja/mtype767.a(beep.o)
                                        0x178 (size before relaxing)
 .eh_frame      0x0000000000027998       0xa0 obj_cooja/mtype767.a(button-sensor.o)
                                         0xb8 (size before relaxing)
 .eh_frame      0x0000000000027a38       0xa0 obj_cooja/mtype767.a(leds-arch.o)
                                         0xb8 (size before relaxing)
 .eh_frame      0x0000000000027ad8       0x40 obj_cooja/mtype767.a(moteid.o)
                                         0x58 (size before relaxing)
 .eh_frame      0x0000000000027b18       0xa0 obj_cooja/mtype767.a(pir-sensor.o)
                                         0xb8 (size before relaxing)
 .eh_frame      0x0000000000027bb8      0x100 obj_cooja/mtype767.a(rs232.o)
                                        0x118 (size before relaxing)
 .eh_frame      0x0000000000027cb8       0xa0 obj_cooja/mtype767.a(vib-sensor.o)
                                         0xb8 (size before relaxing)
 .eh_frame      0x0000000000027d58       0xc0 obj_cooja/mtype767.a(clock.o)
                                         0xd8 (size before relaxing)
 .eh_frame      0x0000000000027e18      0x120 obj_cooja/mtype767.a(log.o)
                                        0x138 (size before relaxing)
 .eh_frame      0x0000000000027f38      0x160 obj_cooja/mtype767.a(cfs-cooja.o)
                                        0x178 (size before relaxing)
 .eh_frame      0x0000000000028098      0x2e0 obj_cooja/mtype767.a(cooja-radio.o)
                                        0x2f8 (size before relaxing)
 .eh_frame      0x0000000000028378       0xa0 obj_cooja/mtype767.a(eeprom.o)
                                         0xb8 (size before relaxing)
 .eh_frame      0x0000000000028418       0x40 obj_cooja/mtype767.a(random.o)
                                         0x58 (size before relaxing)
 .eh_frame      0x0000000000028458       0xc0 obj_cooja/mtype767.a(sensors.o)
                                         0xd8 (size before relaxing)
 .eh_frame      0x0000000000028518      0x160 obj_cooja/mtype767.a(dual_conf.o)
                                        0x178 (size before relaxing)
 .eh_frame      0x0000000000028678       0x40 obj_cooja/mtype767.a(autostart.o)
                                         0x58 (size before relaxing)
 .eh_frame      0x00000000000286b8      0x100 obj_cooja/mtype767.a(ctimer.o)
                                        0x118 (size before relaxing)
 .eh_frame      0x00000000000287b8      0x1e0 obj_cooja/mtype767.a(etimer.o)
                                        0x1f8 (size before relaxing)
 .eh_frame      0x0000000000028998       0x40 obj_cooja/mtype767.a(log_message.o)
                                         0x58 (size before relaxing)
 .eh_frame      0x00000000000289d8      0x1c8 obj_cooja/mtype767.a(process.o)
                                        0x1e0 (size before relaxing)
 .eh_frame      0x0000000000028ba0       0x2c obj_cooja/mtype767.a(residual.o)
                                         0x44 (size before relaxing)
 .eh_frame      0x0000000000028bcc       0x60 obj_cooja/mtype767.a(rtimer.o)
                                         0x78 (size before relaxing)
 .eh_frame      0x0000000000028c2c       0xa4 obj_cooja/mtype767.a(timer.o)
                                         0xbc (size before relaxing)
 .eh_frame      0x0000000000028cd0       0x60 obj_cooja/mtype767.a(serial-line.o)
                                         0x78 (size before relaxing)
 .eh_frame      0x0000000000028d30      0x180 obj_cooja/mtype767.a(list.o)
                                        0x198 (size before relaxing)
 .eh_frame      0x0000000000028eb0       0xa0 obj_cooja/mtype767.a(ringbuf.o)
                                         0xb8 (size before relaxing)
 .eh_frame      0x0000000000028f50      0x350 obj_cooja/mtype767.a(sicslowpan.o)
                                        0x368 (size before relaxing)
 .eh_frame      0x00000000000292a0      0x180 obj_cooja/mtype767.a(uip-ds6-nbr.o)
                                        0x198 (size before relaxing)
 .eh_frame      0x0000000000029420      0x3c8 obj_cooja/mtype767.a(uip-ds6.o)
                                        0x3e0 (size before relaxing)
 .eh_frame      0x00000000000297e8      0x27c obj_cooja/mtype767.a(uip6.o)
                                        0x294 (size before relaxing)
 .eh_frame      0x0000000000029a64      0x270 obj_cooja/mtype767.a(tcpip.o)
                                        0x288 (size before relaxing)
 .eh_frame      0x0000000000029cd4       0x48 obj_cooja/mtype767.a(uip-debug.o)
                                         0x60 (size before relaxing)
 .eh_frame      0x0000000000029d1c       0xe0 obj_cooja/mtype767.a(uip-packetqueue)
                                         0xf8 (size before relaxing)
 .eh_frame      0x0000000000029dfc      0x74c obj_cooja/mtype767.a(rpl-dag.o)
                                        0x764 (size before relaxing)
 .eh_frame      0x000000000002a548      0x10c obj_cooja/mtype767.a(rpl-ext-header.)
                                        0x124 (size before relaxing)
 .eh_frame      0x000000000002a654      0x2b8 obj_cooja/mtype767.a(rpl-icmp6.o)
                                        0x2d0 (size before relaxing)
 .eh_frame      0x000000000002a90c       0xe0 obj_cooja/mtype767.a(rpl-ltmax.o)
                                         0xf8 (size before relaxing)
 .eh_frame      0x000000000002a9ec      0x20c obj_cooja/mtype767.a(rpl-timers.o)
                                        0x224 (size before relaxing)
 .eh_frame      0x000000000002abf8      0x148 obj_cooja/mtype767.a(rpl.o)
                                        0x160 (size before relaxing)
 .eh_frame      0x000000000002ad40      0x108 obj_cooja/mtype767.a(framer-802154.o)
                                        0x120 (size before relaxing)
 .eh_frame      0x000000000002ae48       0xc0 obj_cooja/mtype767.a(nullmac.o)
                                         0xd8 (size before relaxing)
 .eh_frame      0x000000000002af08      0x2a0 obj_cooja/mtype767.a(cxmac.o)
                                        0x2b8 (size before relaxing)
 .eh_frame      0x000000000002b1a8       0x60 obj_cooja/mtype767.a(linkaddr.o)
                                         0x78 (size before relaxing)
 .eh_frame      0x000000000002b208      0x2cc obj_cooja/mtype767.a(nbr-table.o)
                                        0x2e4 (size before relaxing)
 .eh_frame      0x000000000002b4d4       0x20 obj_cooja/mtype767.a(netstack.o)
                                         0x38 (size before relaxing)
 .eh_frame      0x000000000002b4f4      0x214 obj_cooja/mtype767.a(packetbuf.o)
                                        0x22c (size before relaxing)
 .eh_frame      0x000000000002b708      0x1a0 obj_cooja/mtype767.a(queuebuf.o)
                                        0x1b8 (size before relaxing)
 .eh_frame      0x000000000002b8a8       0x80 obj_cooja/mtype767.a(nullsec.o)
                                         0x98 (size before relaxing)
 .eh_frame      0x000000000002b928       0xa0 obj_cooja/mtype767.a(watchdog.o)
                                         0xb8 (size before relaxing)
 .eh_frame      0x000000000002b9c8      0x100 obj_cooja/mtype767.a(leds.o)
                                        0x118 (size before relaxing)
 .eh_frame      0x000000000002bac8       0xc4 obj_cooja/mtype767.a(stimer.o)
                                         0xdc (size before relaxing)
 .eh_frame      0x000000000002bb8c       0xa0 obj_cooja/mtype767.a(memb.o)
                                         0xb8 (size before relaxing)
 .eh_frame      0x000000000002bc2c      0x2a0 obj_cooja/mtype767.a(uip-ds6-route.o)
                                        0x2b8 (size before relaxing)
 .eh_frame      0x000000000002becc      0x164 obj_cooja/mtype767.a(uip-icmp6.o)
                                        0x17c (size before relaxing)
 .eh_frame      0x000000000002c030       0x68 obj_cooja/mtype767.a(uip-nd6.o)
                                         0x80 (size before relaxing)
 .eh_frame      0x000000000002c098       0xc0 obj_cooja/mtype767.a(rpl-nbr-policy.)
                                         0xd8 (size before relaxing)
 .eh_frame      0x000000000002c158      0x164 obj_cooja/mtype767.a(frame802154.o)
                                        0x17c (size before relaxing)
 .eh_frame      0x000000000002c2bc       0x20 obj_cooja/mtype767.a(mac.o)
                                         0x38 (size before relaxing)
 .eh_frame      0x000000000002c2dc        0x4 /usr/lib/gcc/i686-linux-gnu/4.8/crtendS.o

.gcc_except_table
 *(.gcc_except_table .gcc_except_table.*)

.exception_ranges
 *(.exception_ranges .exception_ranges*)
                0x000000000002c2e0                . = (ALIGN (0x1000) - ((0x1000 - .) & 0xfff))
                0x000000000002def8                . = DATA_SEGMENT_ALIGN (0x1000, 0x1000)

.eh_frame
 *(.eh_frame)

.gcc_except_table
 *(.gcc_except_table .gcc_except_table.*)

.exception_ranges
 *(.exception_ranges .exception_ranges*)

.tdata
 *(.tdata .tdata.* .gnu.linkonce.td.*)

.tbss
 *(.tbss .tbss.* .gnu.linkonce.tb.*)
 *(.tcommon)

.preinit_array
 *(.preinit_array)

.init_array     0x000000000002def8        0x4
 *(SORT(.init_array.*) SORT(.ctors.*))
 *(.init_array EXCLUDE_FILE(*crtend?.o *crtend.o *crtbegin?.o *crtbegin.o) .ctors)
 .init_array    0x000000000002def8        0x4 /usr/lib/gcc/i686-linux-gnu/4.8/crtbeginS.o

.fini_array     0x000000000002defc        0x4
 *(SORT(.fini_array.*) SORT(.dtors.*))
 *(.fini_array EXCLUDE_FILE(*crtend?.o *crtend.o *crtbegin?.o *crtbegin.o) .dtors)
 .fini_array    0x000000000002defc        0x4 /usr/lib/gcc/i686-linux-gnu/4.8/crtbeginS.o

.ctors
 *crtbegin.o(.ctors)
 *crtbegin?.o(.ctors)
 *(EXCLUDE_FILE(*crtend?.o *crtend.o) .ctors)
 *(SORT(.ctors.*))
 *(.ctors)

.dtors
 *crtbegin.o(.dtors)
 *crtbegin?.o(.dtors)
 *(EXCLUDE_FILE(*crtend?.o *crtend.o) .dtors)
 *(SORT(.dtors.*))
 *(.dtors)

.jcr            0x000000000002df00        0x4
 *(.jcr)
 .jcr           0x000000000002df00        0x0 /usr/lib/gcc/i686-linux-gnu/4.8/crtbeginS.o
 .jcr           0x000000000002df00        0x4 /usr/lib/gcc/i686-linux-gnu/4.8/crtendS.o

.data.rel.ro
 *(.data.rel.ro.local* .gnu.linkonce.d.rel.ro.local.*)
 *(.data.rel.ro .data.rel.ro.* .gnu.linkonce.d.rel.ro.*)

.dynamic        0x000000000002df04       0xe8
 *(.dynamic)
 .dynamic       0x000000000002df04       0xe8 /usr/lib/gcc/i686-linux-gnu/4.8/../../../i386-linux-gnu/crti.o
                0x000000000002df04                _DYNAMIC

.got            0x000000000002dfec       0x14
 *(.got)
 .got           0x000000000002dfec       0x14 /usr/lib/gcc/i686-linux-gnu/4.8/../../../i386-linux-gnu/crti.o
 *(.igot)
                0x000000000002eff4                . = DATA_SEGMENT_RELRO_END (., (SIZEOF (.got.plt) >= 0xc)?0xc:0x0)

.got.plt        0x000000000002e000       0x14
 *(.got.plt)
 .got.plt       0x000000000002e000       0x14 /usr/lib/gcc/i686-linux-gnu/4.8/../../../i386-linux-gnu/crti.o
                0x000000000002e000                _GLOBAL_OFFSET_TABLE_
 *(.igot.plt)

.data           0x000000000002e020      0x26a
 *(.data .data.* .gnu.linkonce.d.*)
 .data          0x000000000002e020        0x0 /usr/lib/gcc/i686-linux-gnu/4.8/../../../i386-linux-gnu/crti.o
 .data          0x000000000002e020        0x0 /usr/lib/gcc/i686-linux-gnu/4.8/crtbeginS.o
 .data.rel      0x000000000002e020        0x4 /usr/lib/gcc/i686-linux-gnu/4.8/crtbeginS.o
                0x000000000002e020                __dso_handle
 .data          0x000000000002e024       0x10 udp-server.co
                0x000000000002e024                udp_server_process
 *fill*         0x000000000002e034        0xc 
 .data          0x000000000002e040       0x44 obj_cooja/mtype767.o
                0x000000000002e040                simInterfaces
                0x000000000002e074                sensors
 .data          0x000000000002e084        0x0 obj_cooja/mtype767.a(simEnvChange.o)
 .data          0x000000000002e084        0x0 obj_cooja/mtype767.a(cooja_mt.o)
 .data          0x000000000002e084        0x0 obj_cooja/mtype767.a(cooja_mtarch.o)
 .data          0x000000000002e084        0x0 obj_cooja/mtype767.a(rtimer-arch.o)
 .data          0x000000000002e084        0x0 obj_cooja/mtype767.a(beep.o)
 .data          0x000000000002e084        0x0 obj_cooja/mtype767.a(button-sensor.o)
 .data          0x000000000002e084        0x0 obj_cooja/mtype767.a(leds-arch.o)
 .data          0x000000000002e084        0x0 obj_cooja/mtype767.a(moteid.o)
 .data          0x000000000002e084        0x0 obj_cooja/mtype767.a(pir-sensor.o)
 .data          0x000000000002e084        0x0 obj_cooja/mtype767.a(rs232.o)
 .data          0x000000000002e084        0x0 obj_cooja/mtype767.a(vib-sensor.o)
 .data          0x000000000002e084        0x0 obj_cooja/mtype767.a(clock.o)
 .data          0x000000000002e084        0x0 obj_cooja/mtype767.a(log.o)
 .data          0x000000000002e084        0x0 obj_cooja/mtype767.a(cfs-cooja.o)
 .data          0x000000000002e084       0x40 obj_cooja/mtype767.a(cooja-radio.o)
                0x000000000002e084                simRadioChannelLR
                0x000000000002e088                simRadioHWOnLR
                0x000000000002e08c                simSignalStrengthLR
                0x000000000002e090                simLastSignalStrengthLR
                0x000000000002e094                simPowerLR
                0x000000000002e098                simLQILR
                0x000000000002e09c                simRadioChannel
                0x000000000002e0a0                simRadioHWOn
                0x000000000002e0a4                simSignalStrength
                0x000000000002e0a8                simLastSignalStrength
                0x000000000002e0ac                simPower
                0x000000000002e0b0                simLQI
                0x000000000002e0b4                cooja_radio_process
 .data          0x000000000002e0c4        0x0 obj_cooja/mtype767.a(eeprom.o)
 .data          0x000000000002e0c4        0x0 obj_cooja/mtype767.a(random.o)
 .data          0x000000000002e0c4       0x10 obj_cooja/mtype767.a(sensors.o)
                0x000000000002e0c4                sensors_process
 .data          0x000000000002e0d4       0x28 obj_cooja/mtype767.a(dual_conf.o)
                0x000000000002e0d4                radio_received
                0x000000000002e0d8                dual_dio_broadcast
                0x000000000002e0e8                dual_dis_broadcast
 .data          0x000000000002e0fc        0x0 obj_cooja/mtype767.a(autostart.o)
 .data          0x000000000002e0fc       0x14 obj_cooja/mtype767.a(ctimer.o)
                0x000000000002e100                ctimer_process
 .data          0x000000000002e110       0x10 obj_cooja/mtype767.a(etimer.o)
                0x000000000002e110                etimer_process
 .data          0x000000000002e120        0x0 obj_cooja/mtype767.a(log_message.o)
 .data          0x000000000002e120        0x0 obj_cooja/mtype767.a(process.o)
 .data          0x000000000002e120        0x0 obj_cooja/mtype767.a(residual.o)
 .data          0x000000000002e120        0x0 obj_cooja/mtype767.a(rtimer.o)
 .data          0x000000000002e120        0x0 obj_cooja/mtype767.a(timer.o)
 .data          0x000000000002e120       0x10 obj_cooja/mtype767.a(serial-line.o)
                0x000000000002e120                serial_line_process
 .data          0x000000000002e130        0x0 obj_cooja/mtype767.a(list.o)
 .data          0x000000000002e130        0x0 obj_cooja/mtype767.a(ringbuf.o)
 .data          0x000000000002e130        0x0 obj_cooja/mtype767.a(sicslowpan.o)
 .data          0x000000000002e130       0x14 obj_cooja/mtype767.a(uip-ds6-nbr.o)
                0x000000000002e140                ds6_neighbors
 .data          0x000000000002e144        0x0 obj_cooja/mtype767.a(uip-ds6.o)
 .data          0x000000000002e144        0x0 obj_cooja/mtype767.a(uip6.o)
 .data          0x000000000002e144       0x10 obj_cooja/mtype767.a(tcpip.o)
                0x000000000002e144                tcpip_process
 .data          0x000000000002e154        0x0 obj_cooja/mtype767.a(uip-debug.o)
 .data          0x000000000002e154        0xc obj_cooja/mtype767.a(uip-packetqueue)
 .data          0x000000000002e160       0x28 obj_cooja/mtype767.a(rpl-dag.o)
                0x000000000002e170                rpl_parents
                0x000000000002e184                rpl_children
 .data          0x000000000002e188        0x0 obj_cooja/mtype767.a(rpl-ext-header.)
 .data          0x000000000002e188       0x34 obj_cooja/mtype767.a(rpl-icmp6.o)
 .data          0x000000000002e1bc       0x1c obj_cooja/mtype767.a(rpl-ltmax.o)
                0x000000000002e1bc                rpl_ltmax_of
 .data          0x000000000002e1d8        0x0 obj_cooja/mtype767.a(rpl-timers.o)
 .data          0x000000000002e1d8        0x0 obj_cooja/mtype767.a(rpl.o)
 .data          0x000000000002e1d8        0x0 obj_cooja/mtype767.a(framer-802154.o)
 .data          0x000000000002e1d8        0x0 obj_cooja/mtype767.a(nullmac.o)
 .data          0x000000000002e1d8       0x20 obj_cooja/mtype767.a(cxmac.o)
                0x000000000002e1d8                cxmac_config
 .data          0x000000000002e1f8        0x0 obj_cooja/mtype767.a(linkaddr.o)
 .data          0x000000000002e1f8       0x10 obj_cooja/mtype767.a(nbr-table.o)
 .data          0x000000000002e208        0x0 obj_cooja/mtype767.a(netstack.o)
 .data          0x000000000002e208        0x4 obj_cooja/mtype767.a(packetbuf.o)
 .data          0x000000000002e20c       0x18 obj_cooja/mtype767.a(queuebuf.o)
 .data          0x000000000002e224        0x0 obj_cooja/mtype767.a(nullsec.o)
 .data          0x000000000002e224        0x0 obj_cooja/mtype767.a(watchdog.o)
 .data          0x000000000002e224        0x0 obj_cooja/mtype767.a(rimestats.o)
 .data          0x000000000002e224        0x0 obj_cooja/mtype767.a(leds.o)
 .data          0x000000000002e224        0x0 obj_cooja/mtype767.a(stimer.o)
 .data          0x000000000002e224        0x0 obj_cooja/mtype767.a(memb.o)
 .data          0x000000000002e224       0x44 obj_cooja/mtype767.a(uip-ds6-route.o)
                0x000000000002e234                nbr_routes
 .data          0x000000000002e268       0x20 obj_cooja/mtype767.a(uip-icmp6.o)
 .data          0x000000000002e288        0x0 obj_cooja/mtype767.a(uip-nd6.o)
 .data          0x000000000002e288        0x0 obj_cooja/mtype767.a(rpl-nbr-policy.)
 .data          0x000000000002e288        0x2 obj_cooja/mtype767.a(frame802154.o)
 .data          0x000000000002e28a        0x0 obj_cooja/mtype767.a(mac.o)
 .data          0x000000000002e28a        0x0 /usr/lib/gcc/i686-linux-gnu/4.8/crtendS.o
 .data          0x000000000002e28a        0x0 /usr/lib/gcc/i686-linux-gnu/4.8/../../../i386-linux-gnu/crtn.o

.tm_clone_table
                0x000000000002e28c        0x0
 .tm_clone_table
                0x000000000002e28c        0x0 /usr/lib/gcc/i686-linux-gnu/4.8/crtbeginS.o
 .tm_clone_table
                0x000000000002e28c        0x0 /usr/lib/gcc/i686-linux-gnu/4.8/crtendS.o

.data1
 *(.data1)
                0x000000000002e28c                _edata = .
                0x000000000002e28c                PROVIDE (edata, .)
                0x000000000002e28c                . = .
                0x000000000002e28c                __bss_start = .

.bss            0x000000000002e2a0     0x8228
 *(.dynbss)
 .dynbss        0x0000000000000000        0x0 /usr/lib/gcc/i686-linux-gnu/4.8/../../../i386-linux-gnu/crti.o
 *(.bss .bss.* .gnu.linkonce.b.*)
 .bss           0x000000000002e2a0        0x0 /usr/lib/gcc/i686-linux-gnu/4.8/../../../i386-linux-gnu/crti.o
 .bss           0x000000000002e2a0        0x1 /usr/lib/gcc/i686-linux-gnu/4.8/crtbeginS.o
 *fill*         0x000000000002e2a1        0x3 
 .bss           0x000000000002e2a4        0x8 udp-server.co
                0x000000000002e2a4                my_weight
 *fill*         0x000000000002e2ac       0x14 
 .bss           0x000000000002e2c0     0x2030 obj_cooja/mtype767.o
 .bss           0x00000000000302f0        0x1 obj_cooja/mtype767.a(simEnvChange.o)
                0x00000000000302f0                simDontFallAsleep
 *fill*         0x00000000000302f1        0x3 
 .bss           0x00000000000302f4        0x4 obj_cooja/mtype767.a(cooja_mt.o)
 .bss           0x00000000000302f8        0x4 obj_cooja/mtype767.a(cooja_mtarch.o)
 .bss           0x00000000000302fc        0xc obj_cooja/mtype767.a(rtimer-arch.o)
 .bss           0x0000000000030308        0x0 obj_cooja/mtype767.a(beep.o)
 .bss           0x0000000000030308        0x8 obj_cooja/mtype767.a(button-sensor.o)
 .bss           0x0000000000030310        0x0 obj_cooja/mtype767.a(leds-arch.o)
 .bss           0x0000000000030310        0x0 obj_cooja/mtype767.a(moteid.o)
 .bss           0x0000000000030310        0x1 obj_cooja/mtype767.a(pir-sensor.o)
                0x0000000000030310                simPirValue
 *fill*         0x0000000000030311        0x3 
 .bss           0x0000000000030314        0x4 obj_cooja/mtype767.a(rs232.o)
 .bss           0x0000000000030318        0x1 obj_cooja/mtype767.a(vib-sensor.o)
                0x0000000000030318                simVibValue
 .bss           0x0000000000030319        0x0 obj_cooja/mtype767.a(clock.o)
 *fill*         0x0000000000030319        0x7 
 .bss           0x0000000000030320      0x420 obj_cooja/mtype767.a(log.o)
 .bss           0x0000000000030740      0xfc0 obj_cooja/mtype767.a(cfs-cooja.o)
                0x0000000000030740                simCFSData
                0x00000000000316e0                simCFSSize
                0x00000000000316e4                simCFSChanged
                0x00000000000316e8                simCFSRead
                0x00000000000316ec                simCFSWritten
 .bss           0x0000000000031700       0x24 obj_cooja/mtype767.a(cooja-radio.o)
                0x0000000000031700                simReceivingLR
                0x0000000000031704                simInSizeLR
                0x0000000000031708                simOutSizeLR
                0x000000000003170c                simReceiving
                0x0000000000031710                simInSize
                0x0000000000031714                simOutSize
                0x0000000000031718                LongRangeTransmit
                0x000000000003171c                LongRangeReceiving
 .bss           0x0000000000031724        0xc obj_cooja/mtype767.a(eeprom.o)
                0x0000000000031724                simEEPROMChanged
                0x0000000000031728                simEEPROMRead
                0x000000000003172c                simEEPROMWritten
 .bss           0x0000000000031730        0x0 obj_cooja/mtype767.a(random.o)
 .bss           0x0000000000031730        0xc obj_cooja/mtype767.a(sensors.o)
 .bss           0x000000000003173c       0x28 obj_cooja/mtype767.a(dual_conf.o)
                0x000000000003173c                long_range_radio
 .bss           0x0000000000031764        0x0 obj_cooja/mtype767.a(autostart.o)
 .bss           0x0000000000031764        0x5 obj_cooja/mtype767.a(ctimer.o)
 *fill*         0x0000000000031769        0x3 
 .bss           0x000000000003176c        0x8 obj_cooja/mtype767.a(etimer.o)
 .bss           0x0000000000031774        0x0 obj_cooja/mtype767.a(log_message.o)
 *fill*         0x0000000000031774        0xc 
 .bss           0x0000000000031780      0x1b1 obj_cooja/mtype767.a(process.o)
                0x0000000000031780                process_list
                0x0000000000031784                process_current
 .bss           0x0000000000031931        0x0 obj_cooja/mtype767.a(residual.o)
 *fill*         0x0000000000031931        0x3 
 .bss           0x0000000000031934        0x4 obj_cooja/mtype767.a(rtimer.o)
 .bss           0x0000000000031938        0x0 obj_cooja/mtype767.a(timer.o)
 *fill*         0x0000000000031938        0x8 
 .bss           0x0000000000031940      0x140 obj_cooja/mtype767.a(serial-line.o)
 .bss           0x0000000000031a80        0x0 obj_cooja/mtype767.a(list.o)
 .bss           0x0000000000031a80        0x0 obj_cooja/mtype767.a(ringbuf.o)
 .bss           0x0000000000031a80      0x70c obj_cooja/mtype767.a(sicslowpan.o)
 *fill*         0x000000000003218c       0x14 
 .bss           0x00000000000321a0       0xc0 obj_cooja/mtype767.a(uip-ds6-nbr.o)
 .bss           0x0000000000032260       0x30 obj_cooja/mtype767.a(uip-ds6.o)
 .bss           0x0000000000032290        0xe obj_cooja/mtype767.a(uip6.o)
                0x0000000000032290                uip_ext_bitmap
                0x0000000000032291                uip_ext_len
                0x0000000000032292                uip_ext_opt_offset
 *fill*         0x000000000003229e        0x2 
 .bss           0x00000000000322a0       0x6b obj_cooja/mtype767.a(tcpip.o)
 .bss           0x000000000003230b        0x0 obj_cooja/mtype767.a(uip-debug.o)
 *fill*         0x000000000003230b       0x15 
 .bss           0x0000000000032320      0xcf8 obj_cooja/mtype767.a(uip-packetqueue)
 *fill*         0x0000000000033018        0x8 
 .bss           0x0000000000033020       0x88 obj_cooja/mtype767.a(rpl-dag.o)
 .bss           0x00000000000330a8        0x0 obj_cooja/mtype767.a(rpl-ext-header.)
 .bss           0x00000000000330a8        0x0 obj_cooja/mtype767.a(rpl-icmp6.o)
 .bss           0x00000000000330a8        0x0 obj_cooja/mtype767.a(rpl-ltmax.o)
 *fill*         0x00000000000330a8       0x18 
 .bss           0x00000000000330c0       0x23 obj_cooja/mtype767.a(rpl-timers.o)
 *fill*         0x00000000000330e3        0x1 
 .bss           0x00000000000330e4        0x4 obj_cooja/mtype767.a(rpl.o)
 .bss           0x00000000000330e8        0x2 obj_cooja/mtype767.a(framer-802154.o)
 .bss           0x00000000000330ea        0x0 obj_cooja/mtype767.a(nullmac.o)
 *fill*         0x00000000000330ea       0x16 
 .bss           0x0000000000033100       0xa0 obj_cooja/mtype767.a(cxmac.o)
 .bss           0x00000000000331a0        0x0 obj_cooja/mtype767.a(linkaddr.o)
 .bss           0x00000000000331a0       0xc4 obj_cooja/mtype767.a(nbr-table.o)
 .bss           0x0000000000033264        0x0 obj_cooja/mtype767.a(netstack.o)
 *fill*         0x0000000000033264       0x1c 
 .bss           0x0000000000033280       0xa0 obj_cooja/mtype767.a(packetbuf.o)
 .bss           0x0000000000033320      0xb80 obj_cooja/mtype767.a(queuebuf.o)
 .bss           0x0000000000033ea0        0x0 obj_cooja/mtype767.a(nullsec.o)
 .bss           0x0000000000033ea0        0x0 obj_cooja/mtype767.a(watchdog.o)
 .bss           0x0000000000033ea0        0x0 obj_cooja/mtype767.a(rimestats.o)
 .bss           0x0000000000033ea0        0x1 obj_cooja/mtype767.a(leds.o)
 .bss           0x0000000000033ea1        0x0 obj_cooja/mtype767.a(stimer.o)
 .bss           0x0000000000033ea1        0x0 obj_cooja/mtype767.a(memb.o)
 *fill*         0x0000000000033ea1       0x1f 
 .bss           0x0000000000033ec0      0x4a8 obj_cooja/mtype767.a(uip-ds6-route.o)
 .bss           0x0000000000034368       0x18 obj_cooja/mtype767.a(uip-icmp6.o)
 .bss           0x0000000000034380        0x0 obj_cooja/mtype767.a(uip-nd6.o)
 .bss           0x0000000000034380       0x44 obj_cooja/mtype767.a(rpl-nbr-policy.)
 .bss           0x00000000000343c4        0x0 obj_cooja/mtype767.a(frame802154.o)
 .bss           0x00000000000343c4        0x0 obj_cooja/mtype767.a(mac.o)
 .bss           0x00000000000343c4        0x0 /usr/lib/gcc/i686-linux-gnu/4.8/crtendS.o
 .bss           0x00000000000343c4        0x0 /usr/lib/gcc/i686-linux-gnu/4.8/../../../i386-linux-gnu/crtn.o
 *(COMMON)
 COMMON         0x00000000000343c4        0x2 udp-server.co
                0x00000000000343c4                my_sink_reachability
                0x00000000000343c5                my_parent_number
 *fill*         0x00000000000343c6        0x2 
 COMMON         0x00000000000343c8       0x4c obj_cooja/mtype767.o
                0x00000000000343c8                dio_count
                0x00000000000343cc                dis_count
                0x00000000000343d0                collision_count
                0x00000000000343d4                transmission_count
                0x00000000000343d8                COOJA_radioRxLong
                0x00000000000343dc                control_message_count
                0x00000000000343e0                dao_count
                0x00000000000343e4                COOJA_radioTx
                0x00000000000343e8                referenceVar
                0x00000000000343ec                data_relay_count
                0x00000000000343f0                data_message_count
                0x00000000000343f4                COOJA_radioTxLong
                0x00000000000343f8                COOJA_radioRx
                0x00000000000343fc                debugfp
                0x0000000000034400                COOJA_radioOn
                0x0000000000034404                COOJA_duration
                0x0000000000034408                dio_ack_count
                0x000000000003440c                COOJA_radioOnLong
                0x0000000000034410                sensors_flags
 COMMON         0x0000000000034414        0xc obj_cooja/mtype767.a(simEnvChange.o)
                0x0000000000034414                simEtimerPending
                0x0000000000034418                simProcessRunValue
                0x000000000003441c                simNextExpirationTime
 COMMON         0x0000000000034420        0x1 obj_cooja/mtype767.a(beep.o)
                0x0000000000034420                simBeeped
 COMMON         0x0000000000034421        0x3 obj_cooja/mtype767.a(button-sensor.o)
                0x0000000000034421                simButtonIsActive
                0x0000000000034422                simButtonIsDown
                0x0000000000034423                simButtonChanged
 COMMON         0x0000000000034424        0x1 obj_cooja/mtype767.a(leds-arch.o)
                0x0000000000034424                simLedsValue
 *fill*         0x0000000000034425        0x3 
 COMMON         0x0000000000034428        0xc obj_cooja/mtype767.a(moteid.o)
                0x0000000000034428                simRandomSeed
                0x000000000003442c                simMoteIDChanged
                0x0000000000034430                simMoteID
 COMMON         0x0000000000034434        0x2 obj_cooja/mtype767.a(pir-sensor.o)
                0x0000000000034434                simPirIsActive
                0x0000000000034435                simPirChanged
 *fill*         0x0000000000034436        0xa 
 COMMON         0x0000000000034440      0x820 obj_cooja/mtype767.a(rs232.o)
                0x0000000000034440                simSerialReceivingFlag
                0x0000000000034444                simSerialReceivingLength
                0x0000000000034460                simSerialReceivingData
 COMMON         0x0000000000034c60        0x2 obj_cooja/mtype767.a(vib-sensor.o)
                0x0000000000034c60                simVibChanged
                0x0000000000034c61                simVibIsActive
 *fill*         0x0000000000034c62        0x2 
 COMMON         0x0000000000034c64        0x4 obj_cooja/mtype767.a(clock.o)
                0x0000000000034c64                simCurrentTime
 *fill*         0x0000000000034c68       0x18 
 COMMON         0x0000000000034c80      0x420 obj_cooja/mtype767.a(log.o)
                0x0000000000034c80                simLoggedLength
                0x0000000000034c84                simLoggedFlag
                0x0000000000034ca0                simLoggedData
 COMMON         0x00000000000350a0      0x240 obj_cooja/mtype767.a(cooja-radio.o)
                0x00000000000350a0                simOutDataBuffer
                0x0000000000035120                simRadioTarget
                0x0000000000035140                simInDataBufferLR
                0x00000000000351c0                simOutDataBufferLR
                0x0000000000035240                dual_duty_cycle_count
                0x0000000000035260                simInDataBuffer
 COMMON         0x00000000000352e0      0x400 obj_cooja/mtype767.a(eeprom.o)
                0x00000000000352e0                simEEPROMData
 COMMON         0x00000000000356e0        0x1 obj_cooja/mtype767.a(sensors.o)
                0x00000000000356e0                sensors_event
 *fill*         0x00000000000356e1        0x3 
 COMMON         0x00000000000356e4        0x4 obj_cooja/mtype767.a(log_message.o)
                0x00000000000356e4                log_fp
 COMMON         0x00000000000356e8        0x1 obj_cooja/mtype767.a(serial-line.o)
                0x00000000000356e8                serial_line_event_message
 *fill*         0x00000000000356e9       0x17 
 COMMON         0x0000000000035700      0x298 obj_cooja/mtype767.a(uip-ds6.o)
                0x0000000000035700                uip_ds6_prefix_list
                0x0000000000035760                uip_ds6_timer_periodic
                0x0000000000035770                uip_ds6_netif_addr_list_offset
                0x0000000000035780                uip_ds6_if
                0x0000000000035878                uip_ds6_timer_ra
                0x0000000000035880                uip_ds6_addr_size
                0x00000000000358a0                long_uip_ds6_if
 *fill*         0x0000000000035998        0x8 
 COMMON         0x00000000000359a0      0x8ec obj_cooja/mtype767.a(uip6.o)
                0x00000000000359a0                uip_slen
                0x00000000000359a2                uip_acc32
                0x00000000000359c0                uip_conns
                0x0000000000035a80                uip_lladdr
                0x0000000000035a88                uip_appdata
                0x0000000000035a8c                uip_flags
                0x0000000000035aa0                uip_aligned_buf
                0x00000000000360e0                uip_listenports
                0x00000000000360f0                uip_len
                0x00000000000360f2                uip_long_lladdr
                0x00000000000360fc                uip_sappdata
                0x0000000000036100                uip_udp_conns
                0x0000000000036280                uip_udp_conn
                0x0000000000036284                uip_next_hdr
                0x0000000000036288                uip_conn
 COMMON         0x000000000003628c        0x1 obj_cooja/mtype767.a(tcpip.o)
                0x000000000003628c                tcpip_event
 *fill*         0x000000000003628d       0x13 
 COMMON         0x00000000000362a0      0x198 obj_cooja/mtype767.a(rpl-dag.o)
                0x00000000000362a0                default_instance
                0x00000000000362c0                instance_table
 COMMON         0x0000000000036438        0x8 obj_cooja/mtype767.a(linkaddr.o)
                0x0000000000036438                linkaddr_node_addr
 COMMON         0x0000000000036440       0x2e obj_cooja/mtype767.a(packetbuf.o)
                0x0000000000036440                packetbuf_attrs
                0x000000000003645e                packetbuf_addrs
 *fill*         0x000000000003646e       0x12 
 COMMON         0x0000000000036480       0x48 obj_cooja/mtype767.a(rimestats.o)
                0x0000000000036480                rimestats
                0x00000000000364c8                . = ALIGN ((. != 0x0)?0x4:0x1)
                0x00000000000364c8                . = ALIGN (0x4)
                0x00000000000364c8                . = SEGMENT_START ("ldata-segment", .)
                0x00000000000364c8                . = ALIGN (0x4)
                0x00000000000364c8                _end = .
                0x00000000000364c8                PROVIDE (end, .)
                0x00000000000364c8                . = DATA_SEGMENT_END (.)

.stab
 *(.stab)

.stabstr
 *(.stabstr)

.stab.excl
 *(.stab.excl)

.stab.exclstr
 *(.stab.exclstr)

.stab.index
 *(.stab.index)

.stab.indexstr
 *(.stab.indexstr)

.comment        0x0000000000000000       0x29
 *(.comment)
 .comment       0x0000000000000000       0x29 /usr/lib/gcc/i686-linux-gnu/4.8/crtbeginS.o
                                         0x2a (size before relaxing)
 .comment       0x0000000000000000       0x2a udp-server.co
 .comment       0x0000000000000000       0x2a obj_cooja/mtype767.o
 .comment       0x0000000000000000       0x2a obj_cooja/mtype767.a(simEnvChange.o)
 .comment       0x0000000000000000       0x2a obj_cooja/mtype767.a(cooja_mt.o)
 .comment       0x0000000000000000       0x2a obj_cooja/mtype767.a(cooja_mtarch.o)
 .comment       0x0000000000000000       0x2a obj_cooja/mtype767.a(rtimer-arch.o)
 .comment       0x0000000000000000       0x2a obj_cooja/mtype767.a(beep.o)
 .comment       0x0000000000000000       0x2a obj_cooja/mtype767.a(button-sensor.o)
 .comment       0x0000000000000000       0x2a obj_cooja/mtype767.a(leds-arch.o)
 .comment       0x0000000000000000       0x2a obj_cooja/mtype767.a(moteid.o)
 .comment       0x0000000000000000       0x2a obj_cooja/mtype767.a(pir-sensor.o)
 .comment       0x0000000000000000       0x2a obj_cooja/mtype767.a(rs232.o)
 .comment       0x0000000000000000       0x2a obj_cooja/mtype767.a(vib-sensor.o)
 .comment       0x0000000000000000       0x2a obj_cooja/mtype767.a(clock.o)
 .comment       0x0000000000000000       0x2a obj_cooja/mtype767.a(log.o)
 .comment       0x0000000000000000       0x2a obj_cooja/mtype767.a(cfs-cooja.o)
 .comment       0x0000000000000000       0x2a obj_cooja/mtype767.a(cooja-radio.o)
 .comment       0x0000000000000000       0x2a obj_cooja/mtype767.a(eeprom.o)
 .comment       0x0000000000000000       0x2a obj_cooja/mtype767.a(random.o)
 .comment       0x0000000000000000       0x2a obj_cooja/mtype767.a(sensors.o)
 .comment       0x0000000000000000       0x2a obj_cooja/mtype767.a(dual_conf.o)
 .comment       0x0000000000000000       0x2a obj_cooja/mtype767.a(autostart.o)
 .comment       0x0000000000000000       0x2a obj_cooja/mtype767.a(ctimer.o)
 .comment       0x0000000000000000       0x2a obj_cooja/mtype767.a(etimer.o)
 .comment       0x0000000000000000       0x2a obj_cooja/mtype767.a(log_message.o)
 .comment       0x0000000000000000       0x2a obj_cooja/mtype767.a(process.o)
 .comment       0x0000000000000000       0x2a obj_cooja/mtype767.a(residual.o)
 .comment       0x0000000000000000       0x2a obj_cooja/mtype767.a(rtimer.o)
 .comment       0x0000000000000000       0x2a obj_cooja/mtype767.a(timer.o)
 .comment       0x0000000000000000       0x2a obj_cooja/mtype767.a(serial-line.o)
 .comment       0x0000000000000000       0x2a obj_cooja/mtype767.a(list.o)
 .comment       0x0000000000000000       0x2a obj_cooja/mtype767.a(ringbuf.o)
 .comment       0x0000000000000000       0x2a obj_cooja/mtype767.a(sicslowpan.o)
 .comment       0x0000000000000000       0x2a obj_cooja/mtype767.a(uip-ds6-nbr.o)
 .comment       0x0000000000000000       0x2a obj_cooja/mtype767.a(uip-ds6.o)
 .comment       0x0000000000000000       0x2a obj_cooja/mtype767.a(uip6.o)
 .comment       0x0000000000000000       0x2a obj_cooja/mtype767.a(tcpip.o)
 .comment       0x0000000000000000       0x2a obj_cooja/mtype767.a(uip-debug.o)
 .comment       0x0000000000000000       0x2a obj_cooja/mtype767.a(uip-packetqueue)
 .comment       0x0000000000000000       0x2a obj_cooja/mtype767.a(rpl-dag.o)
 .comment       0x0000000000000000       0x2a obj_cooja/mtype767.a(rpl-ext-header.)
 .comment       0x0000000000000000       0x2a obj_cooja/mtype767.a(rpl-icmp6.o)
 .comment       0x0000000000000000       0x2a obj_cooja/mtype767.a(rpl-ltmax.o)
 .comment       0x0000000000000000       0x2a obj_cooja/mtype767.a(rpl-timers.o)
 .comment       0x0000000000000000       0x2a obj_cooja/mtype767.a(rpl.o)
 .comment       0x0000000000000000       0x2a obj_cooja/mtype767.a(framer-802154.o)
 .comment       0x0000000000000000       0x2a obj_cooja/mtype767.a(nullmac.o)
 .comment       0x0000000000000000       0x2a obj_cooja/mtype767.a(cxmac.o)
 .comment       0x0000000000000000       0x2a obj_cooja/mtype767.a(linkaddr.o)
 .comment       0x0000000000000000       0x2a obj_cooja/mtype767.a(nbr-table.o)
 .comment       0x0000000000000000       0x2a obj_cooja/mtype767.a(netstack.o)
 .comment       0x0000000000000000       0x2a obj_cooja/mtype767.a(packetbuf.o)
 .comment       0x0000000000000000       0x2a obj_cooja/mtype767.a(queuebuf.o)
 .comment       0x0000000000000000       0x2a obj_cooja/mtype767.a(nullsec.o)
 .comment       0x0000000000000000       0x2a obj_cooja/mtype767.a(watchdog.o)
 .comment       0x0000000000000000       0x2a obj_cooja/mtype767.a(rimestats.o)
 .comment       0x0000000000000000       0x2a obj_cooja/mtype767.a(leds.o)
 .comment       0x0000000000000000       0x2a obj_cooja/mtype767.a(stimer.o)
 .comment       0x0000000000000000       0x2a obj_cooja/mtype767.a(memb.o)
 .comment       0x0000000000000000       0x2a obj_cooja/mtype767.a(uip-ds6-route.o)
 .comment       0x0000000000000000       0x2a obj_cooja/mtype767.a(uip-icmp6.o)
 .comment       0x0000000000000000       0x2a obj_cooja/mtype767.a(uip-nd6.o)
 .comment       0x0000000000000000       0x2a obj_cooja/mtype767.a(rpl-nbr-policy.)
 .comment       0x0000000000000000       0x2a obj_cooja/mtype767.a(frame802154.o)
 .comment       0x0000000000000000       0x2a obj_cooja/mtype767.a(mac.o)
 .comment       0x0000000000000000       0x2a /usr/lib/gcc/i686-linux-gnu/4.8/crtendS.o

.debug
 *(.debug)

.line
 *(.line)

.debug_srcinfo
 *(.debug_srcinfo)

.debug_sfnames
 *(.debug_sfnames)

.debug_aranges  0x0000000000000000      0x818
 *(.debug_aranges)
 .debug_aranges
                0x0000000000000000       0x20 udp-server.co
 .debug_aranges
                0x0000000000000020       0x20 obj_cooja/mtype767.o
 .debug_aranges
                0x0000000000000040       0x20 obj_cooja/mtype767.a(simEnvChange.o)
 .debug_aranges
                0x0000000000000060       0x20 obj_cooja/mtype767.a(cooja_mt.o)
 .debug_aranges
                0x0000000000000080       0x20 obj_cooja/mtype767.a(cooja_mtarch.o)
 .debug_aranges
                0x00000000000000a0       0x20 obj_cooja/mtype767.a(rtimer-arch.o)
 .debug_aranges
                0x00000000000000c0       0x20 obj_cooja/mtype767.a(beep.o)
 .debug_aranges
                0x00000000000000e0       0x20 obj_cooja/mtype767.a(button-sensor.o)
 .debug_aranges
                0x0000000000000100       0x20 obj_cooja/mtype767.a(leds-arch.o)
 .debug_aranges
                0x0000000000000120       0x20 obj_cooja/mtype767.a(moteid.o)
 .debug_aranges
                0x0000000000000140       0x20 obj_cooja/mtype767.a(pir-sensor.o)
 .debug_aranges
                0x0000000000000160       0x20 obj_cooja/mtype767.a(rs232.o)
 .debug_aranges
                0x0000000000000180       0x20 obj_cooja/mtype767.a(vib-sensor.o)
 .debug_aranges
                0x00000000000001a0       0x20 obj_cooja/mtype767.a(clock.o)
 .debug_aranges
                0x00000000000001c0       0x20 obj_cooja/mtype767.a(log.o)
 .debug_aranges
                0x00000000000001e0       0x20 obj_cooja/mtype767.a(cfs-cooja.o)
 .debug_aranges
                0x0000000000000200       0x20 obj_cooja/mtype767.a(cooja-radio.o)
 .debug_aranges
                0x0000000000000220       0x20 obj_cooja/mtype767.a(eeprom.o)
 .debug_aranges
                0x0000000000000240       0x20 obj_cooja/mtype767.a(random.o)
 .debug_aranges
                0x0000000000000260       0x20 obj_cooja/mtype767.a(sensors.o)
 .debug_aranges
                0x0000000000000280       0x20 obj_cooja/mtype767.a(dual_conf.o)
 .debug_aranges
                0x00000000000002a0       0x20 obj_cooja/mtype767.a(autostart.o)
 .debug_aranges
                0x00000000000002c0       0x20 obj_cooja/mtype767.a(ctimer.o)
 .debug_aranges
                0x00000000000002e0       0x20 obj_cooja/mtype767.a(etimer.o)
 .debug_aranges
                0x0000000000000300       0x20 obj_cooja/mtype767.a(log_message.o)
 .debug_aranges
                0x0000000000000320       0x20 obj_cooja/mtype767.a(process.o)
 .debug_aranges
                0x0000000000000340       0x20 obj_cooja/mtype767.a(residual.o)
 .debug_aranges
                0x0000000000000360       0x20 obj_cooja/mtype767.a(rtimer.o)
 .debug_aranges
                0x0000000000000380       0x20 obj_cooja/mtype767.a(timer.o)
 .debug_aranges
                0x00000000000003a0       0x20 obj_cooja/mtype767.a(serial-line.o)
 .debug_aranges
                0x00000000000003c0       0x20 obj_cooja/mtype767.a(list.o)
 .debug_aranges
                0x00000000000003e0       0x20 obj_cooja/mtype767.a(ringbuf.o)
 .debug_aranges
                0x0000000000000400       0x20 obj_cooja/mtype767.a(sicslowpan.o)
 .debug_aranges
                0x0000000000000420       0x20 obj_cooja/mtype767.a(uip-ds6-nbr.o)
 .debug_aranges
                0x0000000000000440       0x20 obj_cooja/mtype767.a(uip-ds6.o)
 .debug_aranges
                0x0000000000000460       0x20 obj_cooja/mtype767.a(uip6.o)
 .debug_aranges
                0x0000000000000480       0x20 obj_cooja/mtype767.a(tcpip.o)
 .debug_aranges
                0x00000000000004a0       0x20 obj_cooja/mtype767.a(uip-debug.o)
 .debug_aranges
                0x00000000000004c0       0x20 obj_cooja/mtype767.a(uip-packetqueue)
 .debug_aranges
                0x00000000000004e0       0x20 obj_cooja/mtype767.a(rpl-dag.o)
 .debug_aranges
                0x0000000000000500       0x20 obj_cooja/mtype767.a(rpl-ext-header.)
 .debug_aranges
                0x0000000000000520       0x20 obj_cooja/mtype767.a(rpl-icmp6.o)
 .debug_aranges
                0x0000000000000540       0x20 obj_cooja/mtype767.a(rpl-ltmax.o)
 .debug_aranges
                0x0000000000000560       0x20 obj_cooja/mtype767.a(rpl-timers.o)
 .debug_aranges
                0x0000000000000580       0x20 obj_cooja/mtype767.a(rpl.o)
 .debug_aranges
                0x00000000000005a0       0x20 obj_cooja/mtype767.a(framer-802154.o)
 .debug_aranges
                0x00000000000005c0       0x20 obj_cooja/mtype767.a(nullmac.o)
 .debug_aranges
                0x00000000000005e0       0x20 obj_cooja/mtype767.a(cxmac.o)
 .debug_aranges
                0x0000000000000600       0x20 obj_cooja/mtype767.a(linkaddr.o)
 .debug_aranges
                0x0000000000000620       0x20 obj_cooja/mtype767.a(nbr-table.o)
 .debug_aranges
                0x0000000000000640       0x20 obj_cooja/mtype767.a(netstack.o)
 .debug_aranges
                0x0000000000000660       0x20 obj_cooja/mtype767.a(packetbuf.o)
 .debug_aranges
                0x0000000000000680       0x20 obj_cooja/mtype767.a(queuebuf.o)
 .debug_aranges
                0x00000000000006a0       0x20 obj_cooja/mtype767.a(nullsec.o)
 .debug_aranges
                0x00000000000006c0       0x20 obj_cooja/mtype767.a(watchdog.o)
 .debug_aranges
                0x00000000000006e0       0x18 obj_cooja/mtype767.a(rimestats.o)
 .debug_aranges
                0x00000000000006f8       0x20 obj_cooja/mtype767.a(leds.o)
 .debug_aranges
                0x0000000000000718       0x20 obj_cooja/mtype767.a(stimer.o)
 .debug_aranges
                0x0000000000000738       0x20 obj_cooja/mtype767.a(memb.o)
 .debug_aranges
                0x0000000000000758       0x20 obj_cooja/mtype767.a(uip-ds6-route.o)
 .debug_aranges
                0x0000000000000778       0x20 obj_cooja/mtype767.a(uip-icmp6.o)
 .debug_aranges
                0x0000000000000798       0x20 obj_cooja/mtype767.a(uip-nd6.o)
 .debug_aranges
                0x00000000000007b8       0x20 obj_cooja/mtype767.a(rpl-nbr-policy.)
 .debug_aranges
                0x00000000000007d8       0x20 obj_cooja/mtype767.a(frame802154.o)
 .debug_aranges
                0x00000000000007f8       0x20 obj_cooja/mtype767.a(mac.o)

.debug_pubnames
 *(.debug_pubnames)

.debug_info     0x0000000000000000    0x1ce16
 *(.debug_info .gnu.linkonce.wi.*)
 .debug_info    0x0000000000000000      0xe4b udp-server.co
 .debug_info    0x0000000000000e4b     0x3a5f obj_cooja/mtype767.o
 .debug_info    0x00000000000048aa      0x15a obj_cooja/mtype767.a(simEnvChange.o)
 .debug_info    0x0000000000004a04      0x1e2 obj_cooja/mtype767.a(cooja_mt.o)
 .debug_info    0x0000000000004be6      0x2e7 obj_cooja/mtype767.a(cooja_mtarch.o)
 .debug_info    0x0000000000004ecd      0x16b obj_cooja/mtype767.a(rtimer-arch.o)
 .debug_info    0x0000000000005038      0x1f3 obj_cooja/mtype767.a(beep.o)
 .debug_info    0x000000000000522b      0x257 obj_cooja/mtype767.a(button-sensor.o)
 .debug_info    0x0000000000005482      0x132 obj_cooja/mtype767.a(leds-arch.o)
 .debug_info    0x00000000000055b4      0x10a obj_cooja/mtype767.a(moteid.o)
 .debug_info    0x00000000000056be      0x216 obj_cooja/mtype767.a(pir-sensor.o)
 .debug_info    0x00000000000058d4      0x21e obj_cooja/mtype767.a(rs232.o)
 .debug_info    0x0000000000005af2      0x216 obj_cooja/mtype767.a(vib-sensor.o)
 .debug_info    0x0000000000005d08      0x152 obj_cooja/mtype767.a(clock.o)
 .debug_info    0x0000000000005e5a      0x2bb obj_cooja/mtype767.a(log.o)
 .debug_info    0x0000000000006115      0x3cf obj_cooja/mtype767.a(cfs-cooja.o)
 .debug_info    0x00000000000064e4      0xd30 obj_cooja/mtype767.a(cooja-radio.o)
 .debug_info    0x0000000000007214      0x1d5 obj_cooja/mtype767.a(eeprom.o)
 .debug_info    0x00000000000073e9       0xb3 obj_cooja/mtype767.a(random.o)
 .debug_info    0x000000000000749c      0x36d obj_cooja/mtype767.a(sensors.o)
 .debug_info    0x0000000000007809      0xcac obj_cooja/mtype767.a(dual_conf.o)
 .debug_info    0x00000000000084b5      0x1a5 obj_cooja/mtype767.a(autostart.o)
 .debug_info    0x000000000000865a      0x46c obj_cooja/mtype767.a(ctimer.o)
 .debug_info    0x0000000000008ac6      0x49c obj_cooja/mtype767.a(etimer.o)
 .debug_info    0x0000000000008f62      0x3d2 obj_cooja/mtype767.a(log_message.o)
 .debug_info    0x0000000000009334      0x4ba obj_cooja/mtype767.a(process.o)
 .debug_info    0x00000000000097ee      0x164 obj_cooja/mtype767.a(residual.o)