Archive member included to satisfy reference by file (symbol)

obj_cooja/mtype402.a(simEnvChange.o)
                              obj_cooja/mtype402.o (simDontFallAsleep)
obj_cooja/mtype402.a(cooja_mt.o)
                              obj_cooja/mtype402.o (cooja_mt_start)
obj_cooja/mtype402.a(cooja_mtarch.o)
                              obj_cooja/mtype402.a(cooja_mt.o) (cooja_mtarch_init)
obj_cooja/mtype402.a(rtimer-arch.o)
                              obj_cooja/mtype402.o (rtimer_arch_next)
obj_cooja/mtype402.a(beep.o)  obj_cooja/mtype402.o (beep_interface)
obj_cooja/mtype402.a(button-sensor.o)
                              obj_cooja/mtype402.o (button_interface)
obj_cooja/mtype402.a(leds-arch.o)
                              obj_cooja/mtype402.o (leds_interface)
obj_cooja/mtype402.a(moteid.o)
                              obj_cooja/mtype402.o (moteid_interface)
obj_cooja/mtype402.a(pir-sensor.o)
                              obj_cooja/mtype402.o (pir_interface)
obj_cooja/mtype402.a(rs232.o)
                              obj_cooja/mtype402.o (rs232_interface)
obj_cooja/mtype402.a(vib-sensor.o)
                              obj_cooja/mtype402.o (vib_interface)
obj_cooja/mtype402.a(clock.o)
                              obj_cooja/mtype402.o (clock_interface)
obj_cooja/mtype402.a(log.o)   obj_cooja/mtype402.o (simlog_interface)
obj_cooja/mtype402.a(cfs-cooja.o)
                              obj_cooja/mtype402.o (cfs_interface)
obj_cooja/mtype402.a(cooja-radio.o)
                              obj_cooja/mtype402.o (radio_interface)
obj_cooja/mtype402.a(eeprom.o)
                              obj_cooja/mtype402.o (eeprom_interface)
obj_cooja/mtype402.a(random.o)
                              obj_cooja/mtype402.a(moteid.o) (random_init)
obj_cooja/mtype402.a(sensors.o)
                              udp-server.co (sensors_event)
obj_cooja/mtype402.a(autostart.o)
                              obj_cooja/mtype402.o (autostart_start)
obj_cooja/mtype402.a(ctimer.o)
                              obj_cooja/mtype402.o (ctimer_init)
obj_cooja/mtype402.a(etimer.o)
                              obj_cooja/mtype402.o (etimer_process)
obj_cooja/mtype402.a(log_message.o)
                              obj_cooja/mtype402.o (log_initialization)
obj_cooja/mtype402.a(process.o)
                              udp-server.co (process_current)
obj_cooja/mtype402.a(residual.o)
                              obj_cooja/mtype402.o (get_residual_energy)
obj_cooja/mtype402.a(rtimer.o)
                              obj_cooja/mtype402.a(rtimer-arch.o) (rtimer_run_next)
obj_cooja/mtype402.a(timer.o)
                              obj_cooja/mtype402.a(button-sensor.o) (timer_set)
obj_cooja/mtype402.a(serial-line.o)
                              obj_cooja/mtype402.a(rs232.o) (serial_line_input_byte)
obj_cooja/mtype402.a(list.o)  obj_cooja/mtype402.a(ctimer.o) (list_init)
obj_cooja/mtype402.a(ringbuf.o)
                              obj_cooja/mtype402.a(serial-line.o) (ringbuf_init)
obj_cooja/mtype402.a(sicslowpan.o)
                              obj_cooja/mtype402.o (sicslowpan_driver)
obj_cooja/mtype402.a(uip-ds6-nbr.o)
                              obj_cooja/mtype402.a(sicslowpan.o) (uip_ds6_link_neighbor_callback)
obj_cooja/mtype402.a(uip-ds6.o)
                              udp-server.co (uip_ds6_if)
obj_cooja/mtype402.a(uip6.o)  obj_cooja/mtype402.o (uip_lladdr)
obj_cooja/mtype402.a(tcpip.o)
                              udp-server.co (tcpip_event)
obj_cooja/mtype402.a(uip-debug.o)
                              udp-server.co (uip_debug_ipaddr_print)
obj_cooja/mtype402.a(uip-packetqueue)
                              obj_cooja/mtype402.a(uip-ds6-nbr.o) (uip_packetqueue_new)
obj_cooja/mtype402.a(rpl-dag.o)
                              udp-server.co (rpl_set_root)
obj_cooja/mtype402.a(rpl-ext-header.)
                              obj_cooja/mtype402.a(uip6.o) (rpl_verify_header)
obj_cooja/mtype402.a(rpl-icmp6.o)
                              obj_cooja/mtype402.a(rpl-dag.o) (rpl_icmp6_update_nbr_table)
obj_cooja/mtype402.a(rpl-mrhof.o)
                              obj_cooja/mtype402.a(rpl-dag.o) (rpl_mrhof)
obj_cooja/mtype402.a(rpl-timers.o)
                              obj_cooja/mtype402.a(rpl-dag.o) (rpl_reset_dio_timer)
obj_cooja/mtype402.a(rpl.o)   obj_cooja/mtype402.a(rpl-icmp6.o) (rpl_get_mode)
obj_cooja/mtype402.a(framer-802154.o)
                              obj_cooja/mtype402.a(sicslowpan.o) (framer_802154)
obj_cooja/mtype402.a(nullmac.o)
                              udp-server.co (nullmac_driver)
obj_cooja/mtype402.a(cxmac.o)
                              obj_cooja/mtype402.o (cxmac_driver)
obj_cooja/mtype402.a(linkaddr.o)
                              obj_cooja/mtype402.o (linkaddr_node_addr)
obj_cooja/mtype402.a(nbr-table.o)
                              obj_cooja/mtype402.a(uip-ds6-nbr.o) (nbr_table_register)
obj_cooja/mtype402.a(netstack.o)
                              obj_cooja/mtype402.o (netstack_init)
[...]
Memory Configuration

Name             Origin             Length             Attributes
*default*        0x0000000000000000 0xffffffffffffffff

Linker script and memory map

LOAD /usr/lib/gcc/i686-linux-gnu/4.8/../../../i386-linux-gnu/crti.o
LOAD /usr/lib/gcc/i686-linux-gnu/4.8/crtbeginS.o
LOAD udp-server.co
LOAD obj_cooja/mtype402.o
LOAD obj_cooja/mtype402.a
LOAD /usr/lib/gcc/i686-linux-gnu/4.8/libgcc.a
LOAD /usr/lib/gcc/i686-linux-gnu/4.8/libgcc_s.so
LOAD /usr/lib/gcc/i686-linux-gnu/4.8/../../../i386-linux-gnu/libc.so
START GROUP
LOAD /lib/i386-linux-gnu/libc.so.6
LOAD /usr/lib/i386-linux-gnu/libc_nonshared.a
LOAD /lib/i386-linux-gnu/ld-linux.so.2
END GROUP
LOAD /usr/lib/gcc/i686-linux-gnu/4.8/libgcc.a
LOAD /usr/lib/gcc/i686-linux-gnu/4.8/libgcc_s.so
LOAD /usr/lib/gcc/i686-linux-gnu/4.8/crtendS.o
LOAD /usr/lib/gcc/i686-linux-gnu/4.8/../../../i386-linux-gnu/crtn.o
                0x0000000000000114                . = (0x0 + SIZEOF_HEADERS)

.note.gnu.build-id
                0x0000000000000114       0x24
 *(.note.gnu.build-id)
 .note.gnu.build-id
                0x0000000000000114       0x24 /usr/lib/gcc/i686-linux-gnu/4.8/../../../i386-linux-gnu/crti.o

.hash
 *(.hash)

.gnu.hash       0x0000000000000138     0x12c4
 *(.gnu.hash)
 .gnu.hash      0x0000000000000138     0x12c4 /usr/lib/gcc/i686-linux-gnu/4.8/../../../i386-linux-gnu/crti.o

.dynsym         0x00000000000013fc     0x23c0
 *(.dynsym)
 .dynsym        0x00000000000013fc     0x23c0 /usr/lib/gcc/i686-linux-gnu/4.8/../../../i386-linux-gnu/crti.o

.dynstr         0x00000000000037bc     0x24c7
 *(.dynstr)
 .dynstr        0x00000000000037bc     0x24c7 /usr/lib/gcc/i686-linux-gnu/4.8/../../../i386-linux-gnu/crti.o

.gnu.version    0x0000000000005c84      0x478
 *(.gnu.version)
 .gnu.version   0x0000000000005c84      0x478 /usr/lib/gcc/i686-linux-gnu/4.8/../../../i386-linux-gnu/crti.o

.gnu.version_d  0x00000000000060fc        0x0
 *(.gnu.version_d)
 .gnu.version_d
                0x0000000000000000        0x0 /usr/lib/gcc/i686-linux-gnu/4.8/../../../i386-linux-gnu/crti.o

.gnu.version_r  0x00000000000060fc       0x50
 *(.gnu.version_r)
 .gnu.version_r
                0x00000000000060fc       0x50 /usr/lib/gcc/i686-linux-gnu/4.8/../../../i386-linux-gnu/crti.o

.rel.dyn        0x000000000000614c     0x8388
 *(.rel.init)
 .rel.init      0x0000000000000000        0x0 /usr/lib/gcc/i686-linux-gnu/4.8/../../../i386-linux-gnu/crti.o
 *(.rel.text .rel.text.* .rel.gnu.linkonce.t.*)
 .rel.text      0x000000000000614c     0x7c18 /usr/lib/gcc/i686-linux-gnu/4.8/../../../i386-linux-gnu/crti.o
 *(.rel.fini)
 .rel.fini      0x0000000000000000        0x0 /usr/lib/gcc/i686-linux-gnu/4.8/../../../i386-linux-gnu/crti.o
 *(.rel.rodata .rel.rodata.* .rel.gnu.linkonce.r.*)
 .rel.rodata    0x000000000000dd64      0x4e0 /usr/lib/gcc/i686-linux-gnu/4.8/../../../i386-linux-gnu/crti.o
 *(.rel.data.rel.ro .rel.data.rel.ro.* .rel.gnu.linkonce.d.rel.ro.*)
 *(.rel.data .rel.data.* .rel.gnu.linkonce.d.*)
 .rel.data.rel  0x000000000000e244        0x8 /usr/lib/gcc/i686-linux-gnu/4.8/../../../i386-linux-gnu/crti.o
 .rel.data      0x000000000000e24c      0x250 /usr/lib/gcc/i686-linux-gnu/4.8/../../../i386-linux-gnu/crti.o
 *(.rel.tdata .rel.tdata.* .rel.gnu.linkonce.td.*)
 *(.rel.tbss .rel.tbss.* .rel.gnu.linkonce.tb.*)
 *(.rel.ctors)
 *(.rel.dtors)
 *(.rel.got)
 .rel.got       0x000000000000e49c       0x28 /usr/lib/gcc/i686-linux-gnu/4.8/../../../i386-linux-gnu/crti.o
 *(.rel.bss .rel.bss.* .rel.gnu.linkonce.b.*)
 *(.rel.ifunc)
 .rel.ifunc     0x0000000000000000        0x0 /usr/lib/gcc/i686-linux-gnu/4.8/../../../i386-linux-gnu/crti.o
 .rel.fini_array
                0x000000000000e4c4        0x8 /usr/lib/gcc/i686-linux-gnu/4.8/../../../i386-linux-gnu/crti.o
 .rel.init_array
                0x000000000000e4cc        0x8 /usr/lib/gcc/i686-linux-gnu/4.8/../../../i386-linux-gnu/crti.o

.rel.plt        0x000000000000e4d4       0x10
 *(.rel.plt)
 .rel.plt       0x000000000000e4d4       0x10 /usr/lib/gcc/i686-linux-gnu/4.8/../../../i386-linux-gnu/crti.o
 *(.rel.iplt)

.init           0x000000000000e4e4       0x23
 *(SORT(.init))
 .init          0x000000000000e4e4       0x1e /usr/lib/gcc/i686-linux-gnu/4.8/../../../i386-linux-gnu/crti.o
                0x000000000000e4e4                _init
 .init          0x000000000000e502        0x5 /usr/lib/gcc/i686-linux-gnu/4.8/../../../i386-linux-gnu/crtn.o

.plt            0x000000000000e510       0x30
 *(.plt)
 .plt           0x000000000000e510       0x30 /usr/lib/gcc/i686-linux-gnu/4.8/../../../i386-linux-gnu/crti.o
 *(.iplt)

.text           0x000000000000e540    0x14892
 *(.text.unlikely .text.*_unlikely .text.unlikely.*)
 *(.text.exit .text.exit.*)
 *(.text.startup .text.startup.*)
 *(.text.hot .text.hot.*)
 *(.text .stub .text.* .gnu.linkonce.t.*)
 .text          0x000000000000e540        0x0 /usr/lib/gcc/i686-linux-gnu/4.8/../../../i386-linux-gnu/crti.o
 .gnu.linkonce.t.__x86.get_pc_thunk.bx
                0x000000000000e540        0x4 /usr/lib/gcc/i686-linux-gnu/4.8/../../../i386-linux-gnu/crti.o
                0x000000000000e540                __x86.get_pc_thunk.bx
 *fill*         0x000000000000e544        0xc 
 .text          0x000000000000e550      0x11b /usr/lib/gcc/i686-linux-gnu/4.8/crtbeginS.o
 .text          0x000000000000e66b      0x3ce udp-server.co
 .text          0x000000000000ea39      0x96a obj_cooja/mtype402.o
                0x000000000000ebe7                contiki_init
                0x000000000000f1ba                Java_org_contikios_cooja_corecomm_Lib5_init
                0x000000000000f1fa                Java_org_contikios_cooja_corecomm_Lib5_getMemory
                0x000000000000f23a                Java_org_contikios_cooja_corecomm_Lib5_setMemory
                0x000000000000f2b1                Java_org_contikios_cooja_corecomm_Lib5_tick
                0x000000000000f391                Java_org_contikios_cooja_corecomm_Lib5_setReferenceAddress
 .text          0x000000000000f3a3       0x63 obj_cooja/mtype402.a(simEnvChange.o)
                0x000000000000f3a3                doActionsBeforeTick
                0x000000000000f3d4                doActionsAfterTick
 .text          0x000000000000f406       0xbc obj_cooja/mtype402.a(cooja_mt.o)
                0x000000000000f406                cooja_mt_init
                0x000000000000f413                cooja_mt_remove
                0x000000000000f420                cooja_mt_start
                0x000000000000f44d                cooja_mt_exec
                0x000000000000f47e                cooja_mt_exit
                0x000000000000f4a0                cooja_mt_yield
 .text          0x000000000000f4c2      0x115 obj_cooja/mtype402.a(cooja_mtarch.o)
                0x000000000000f4c2                cooja_mtarch_init
                0x000000000000f4c7                cooja_mtarch_start
                0x000000000000f542                cooja_sw
                0x000000000000f564                cooja_mtarch_exec
                0x000000000000f580                cooja_mtarch_remove
                0x000000000000f585                cooja_mtarch_yield
                0x000000000000f58f                cooja_mtarch_pstop
                0x000000000000f594                cooja_mtarch_pstart
                0x000000000000f599                cooja_mtarch_stack_usage
 .text          0x000000000000f5d7       0xc2 obj_cooja/mtype402.a(rtimer-arch.o)
                0x000000000000f5d7                rtimer_arch_init
                0x000000000000f5fa                rtimer_arch_schedule
                0x000000000000f611                rtimer_arch_next
                0x000000000000f61b                rtimer_arch_pending
                0x000000000000f625                rtimer_arch_check
                0x000000000000f657                rtimer_arch_now
 .text          0x000000000000f699       0x76 obj_cooja/mtype402.a(beep.o)
                0x000000000000f699                beep_alarm
                0x000000000000f6a5                beep_beep
                0x000000000000f6b1                beep
                0x000000000000f6bd                beep_down
                0x000000000000f6c9                beep_on
                0x000000000000f6d5                beep_off
                0x000000000000f6e1                beep_spinup
                0x000000000000f6ed                beep_quick
                0x000000000000f6f9                beep_long
 .text          0x000000000000f70f      0x103 obj_cooja/mtype402.a(button-sensor.o)
 .text          0x000000000000f812       0x45 obj_cooja/mtype402.a(leds-arch.o)
                0x000000000000f812                leds_arch_init
                0x000000000000f81e                leds_arch_get
                0x000000000000f82a                leds_arch_set
 .text          0x000000000000f857       0x2f obj_cooja/mtype402.a(moteid.o)
 .text          0x000000000000f886       0xb1 obj_cooja/mtype402.a(pir-sensor.o)
 .text          0x000000000000f937      0x131 obj_cooja/mtype402.a(rs232.o)
                0x000000000000f937                rs232_init
                0x000000000000f93c                rs232_set_speed
                0x000000000000f94a                rs232_set_input
                0x000000000000f957                rs232_send
                0x000000000000f979                rs232_print
                0x000000000000f994                slip_arch_writeb
 .text          0x000000000000fa68       0xb1 obj_cooja/mtype402.a(vib-sensor.o)
 .text          0x000000000000fb19       0x34 obj_cooja/mtype402.a(clock.o)
                0x000000000000fb19                clock_init
                0x000000000000fb1e                clock_time
                0x000000000000fb28                clock_seconds
                0x000000000000fb3e                clock_delay
 .text          0x000000000000fb4d      0x1ed obj_cooja/mtype402.a(log.o)
                0x000000000000fb4d                simlog_char
                0x000000000000fb8f                simlog
                0x000000000000fbfc                log_message
                0x000000000000fc24                log_set_putchar_with_slip
                0x000000000000fc31                log_putchar
                0x000000000000fcb5                log_puts
                0x000000000000fcd9                log_printf
 .text          0x000000000000fd3a      0x2c4 obj_cooja/mtype402.a(cfs-cooja.o)
                0x000000000000fd3a                cfs_open
                0x000000000000fda3                cfs_close
                0x000000000000fdaf                cfs_read
                0x000000000000fe4d                cfs_write
                0x000000000000ff2a                cfs_seek
                0x000000000000ffb2                cfs_remove
                0x000000000000ffdb                cfs_opendir
                0x000000000000ffe5                cfs_readdir
                0x000000000000ffef                cfs_closedir
 .text          0x000000000000fffe      0x3e8 obj_cooja/mtype402.a(cooja-radio.o)
                0x0000000000010028                radio_set_channel
                0x0000000000010035                radio_set_txpower
                0x000000000001004c                radio_signal_strength_last
                0x0000000000010056                radio_signal_strength_current
                0x0000000000010060                radio_LQI
 .text          0x00000000000103e6       0xef obj_cooja/mtype402.a(eeprom.o)
                0x00000000000103e6                eeprom_init
                0x00000000000103eb                eeprom_read
                0x000000000001045b                eeprom_write
 .text          0x00000000000104d5       0x28 obj_cooja/mtype402.a(random.o)
                0x00000000000104d5                random_init
                0x00000000000104f0                random_rand
 .text          0x00000000000104fd      0x2a1 obj_cooja/mtype402.a(sensors.o)
                0x0000000000010538                sensors_first
                0x0000000000010542                sensors_next
                0x000000000001055f                sensors_changed
                0x000000000001058e                sensors_find
 .text          0x000000000001079e       0x8e obj_cooja/mtype402.a(autostart.o)
                0x000000000001079e                autostart_start
                0x00000000000107e9                autostart_exit
 .text          0x000000000001082c      0x334 obj_cooja/mtype402.a(ctimer.o)
                0x0000000000010943                ctimer_init
                0x0000000000010973                ctimer_set
                0x00000000000109a4                ctimer_set_with_process
                0x0000000000010a20                ctimer_reset
                0x0000000000010a6f                ctimer_restart
                0x0000000000010abe                ctimer_stop
                0x0000000000010b09                ctimer_expired
 .text          0x0000000000010b60      0x40b obj_cooja/mtype402.a(etimer.o)
                0x0000000000010d73                etimer_request_poll
                0x0000000000010df7                etimer_set
                0x0000000000010e1c                etimer_reset_with_new_interval
                0x0000000000010e43                etimer_reset
                0x0000000000010e61                etimer_restart
                0x0000000000010e7f                etimer_adjust
                0x0000000000010e9b                etimer_expired
                0x0000000000010eae                etimer_expiration_time
                0x0000000000010ec0                etimer_start_time
                0x0000000000010eca                etimer_pending
                0x0000000000010edc                etimer_next_expiration_time
                0x0000000000010ef6                etimer_stop
 .text          0x0000000000010f6b       0xdd obj_cooja/mtype402.a(log_message.o)
                0x0000000000010f6b                log_initialization
                0x0000000000011027                log_finisher
 .text          0x0000000000011048      0x560 obj_cooja/mtype402.a(process.o)
                0x0000000000011048                process_alloc_event
                0x000000000001105d                process_start
                0x0000000000011246                process_exit
                0x0000000000011262                process_init
                0x0000000000011433                process_run
                0x0000000000011466                process_nevents
                0x0000000000011481                process_post
                0x000000000001152d                process_post_synch
                0x0000000000011565                process_poll
                0x0000000000011594                process_is_running
 .text          0x00000000000115a8       0x8b obj_cooja/mtype402.a(residual.o)
                0x00000000000115a8                get_residual_energy
 .text          0x0000000000011633       0xba obj_cooja/mtype402.a(rtimer.o)
                0x0000000000011633                rtimer_init
                0x0000000000011640                rtimer_set
                0x0000000000011697                rtimer_run_next
 .text          0x00000000000116ed       0x91 obj_cooja/mtype402.a(timer.o)
                0x00000000000116ed                timer_set
                0x0000000000011708                timer_reset
                0x000000000001171f                timer_restart
                0x0000000000011731                timer_expired
                0x000000000001175a                timer_remaining
 .text          0x000000000001177e      0x1fb obj_cooja/mtype402.a(serial-line.o)
                0x000000000001177e                serial_line_input_byte
                0x0000000000011941                serial_line_init
 .text          0x0000000000011979      0x244 obj_cooja/mtype402.a(list.o)
                0x0000000000011979                list_init
                0x0000000000011987                list_head
                0x0000000000011991                list_copy
                0x00000000000119a0                list_tail
                0x00000000000119d6                list_add
                0x0000000000011a1f                list_push
                0x0000000000011a4b                list_chop
                0x0000000000011ab5                list_pop
                0x0000000000011add                list_remove
                0x0000000000011b44                list_length
                0x0000000000011b72                list_insert
                0x0000000000011ba6                list_item_next
 .text          0x0000000000011bbd      0x155 obj_cooja/mtype402.a(ringbuf.o)
                0x0000000000011bbd                ringbuf_init
                0x0000000000011bee                ringbuf_put
                0x0000000000011c6c                ringbuf_get
                0x0000000000011cd9                ringbuf_size
                0x0000000000011ceb                ringbuf_elements
 .text          0x0000000000011d12     0x258b obj_cooja/mtype402.a(sicslowpan.o)
                0x000000000001229c                rime_sniffer_add
                0x00000000000122a9                rime_sniffer_remove
                0x000000000001423c                sicslowpan_init
                0x0000000000014293                sicslowpan_get_last_rssi
 .text          0x000000000001429d      0x298 obj_cooja/mtype402.a(uip-ds6-nbr.o)
                0x00000000000142ba                uip_ds6_neighbors_init
                0x00000000000142d7                uip_ds6_nbr_add
                0x000000000001435f                uip_ds6_nbr_rm
                0x00000000000143a1                uip_ds6_nbr_get_ipaddr
                0x00000000000143b6                uip_ds6_nbr_get_ll
                0x00000000000143d2                uip_ds6_nbr_num
                0x0000000000014417                uip_ds6_nbr_lookup
                0x000000000001447c                uip_ds6_nbr_ll_lookup
                0x0000000000014498                uip_ds6_nbr_ipaddr_from_lladdr
                0x00000000000144be                uip_ds6_nbr_lladdr_from_ipaddr
                0x00000000000144ec                uip_ds6_link_neighbor_callback
 .text          0x0000000000014535      0xb97 obj_cooja/mtype402.a(uip-ds6.o)
                0x0000000000014535                uip_ds6_init
                0x0000000000014708                uip_ds6_periodic
                0x0000000000014781                uip_ds6_list_loop
                0x0000000000014828                uip_ds6_prefix_add
                0x00000000000148e6                uip_ds6_prefix_rm
                0x00000000000148f8                uip_ds6_prefix_lookup
                0x0000000000014949                uip_ds6_is_addr_onlink
                0x00000000000149bd                uip_ds6_addr_add
                0x0000000000014aeb                uip_ds6_addr_rm
                0x0000000000014b8b                uip_ds6_addr_lookup
                0x0000000000014bd6                uip_ds6_get_link_local
                0x0000000000014c55                uip_ds6_get_global
                0x0000000000014cd4                uip_ds6_maddr_add
                0x0000000000014d46                uip_ds6_maddr_rm
                0x0000000000014d58                uip_ds6_maddr_lookup
                0x0000000000014da3                uip_ds6_aaddr_add
                0x0000000000014e15                uip_ds6_aaddr_rm
                0x0000000000014e27                uip_ds6_aaddr_lookup
                0x0000000000014e72                uip_ds6_select_src
                0x0000000000014fb7                uip_ds6_set_addr_iid
                0x0000000000014fee                get_match_length
                0x0000000000015080                uip_ds6_compute_reachable_time
 .text          0x00000000000150cc     0x29cb obj_cooja/mtype402.a(uip6.o)
                0x00000000000150cc                uip_add32
                0x0000000000015265                uip_chksum
                0x0000000000015353                uip_icmp6chksum
                0x0000000000015367                uip_tcpchksum
                0x000000000001537b                uip_udpchksum
                0x000000000001538f                uip_init
                0x000000000001545f                uip_connect
                0x000000000001560e                remove_ext_hdr
                0x00000000000156e3                uip_udp_new
                0x000000000001583f                uip_unlisten
                0x000000000001589f                uip_listen
                0x0000000000015b61                uip_process
                0x000000000001798b                uip_htons
                0x00000000000179ad                uip_htonl
                0x00000000000179ed                uip_send
 .text          0x0000000000017a97      0xa2b obj_cooja/mtype402.a(tcpip.o)
                0x0000000000017a97                tcpip_output
                0x0000000000017ac5                tcpip_set_outputfunc
                0x0000000000017b59                tcp_connect
                0x0000000000017bae                tcp_unlisten
                0x0000000000017c09                tcp_listen
                0x0000000000017c62                tcp_attach
                0x0000000000017c87                udp_attach
                0x0000000000017cac                udp_new
                0x0000000000017cfe                udp_broadcast_new
                0x0000000000017f72                tcpip_input
                0x0000000000017fa6                tcpip_ipv6_output
                0x0000000000018308                tcpip_poll_udp
                0x000000000001832b                tcpip_poll_tcp
                0x000000000001834e                tcpip_uipcall
 .text          0x00000000000184c2      0x1c1 obj_cooja/mtype402.a(uip-debug.o)
                0x00000000000184c2                uip_debug_ipaddr_print
                0x0000000000018624                uip_debug_lladdr_print
 .text          0x0000000000018683      0x141 obj_cooja/mtype402.a(uip-packetqueue)
                0x00000000000186af                uip_packetqueue_new
                0x00000000000186bd                uip_packetqueue_alloc
                0x000000000001871d                uip_packetqueue_free
                0x000000000001875e                uip_packetqueue_buf
                0x000000000001877b                uip_packetqueue_buflen
                0x000000000001879c                uip_packetqueue_set_buflen
 .text          0x00000000000187c4     0x25bb obj_cooja/mtype402.a(rpl-dag.o)
                0x00000000000187c4                rpl_print_neighbor_list
                0x000000000001886d                rpl_print_child_neighbor_list
                0x00000000000188e2                rpl_get_nbr
                0x000000000001893c                rpl_get_nbr_child
                0x0000000000018996                rpl_dag_init
                0x00000000000189c8                rpl_get_parent
                0x00000000000189ea                rpl_get_parent_rank
                0x0000000000018a1d                rpl_get_parent_link_metric
                0x0000000000018a50                rpl_get_parent_ipaddr
                0x0000000000018a7a                rpl_get_child_ipaddr
                0x0000000000018d95                rpl_set_root
                0x0000000000018fc3                rpl_repair_root
                0x00000000000191ff                rpl_set_prefix
                0x00000000000192fe                rpl_set_default_route
                0x000000000001938a                rpl_alloc_instance
                0x000000000001941d                rpl_alloc_dag
                0x00000000000194d0                rpl_set_default_instance
                0x00000000000194dd                rpl_get_default_instance
                0x00000000000194e7                rpl_free_instance
                0x0000000000019598                rpl_free_dag
                0x00000000000195fe                rpl_add_parent
                0x00000000000196f4                rpl_find_parent
                0x0000000000019724                rpl_add_child
                0x00000000000197c8                rpl_find_child
                0x0000000000019816                rpl_find_parent_any_dag
                0x0000000000019852                rpl_select_dag
                0x0000000000019c75                rpl_select_parent
                0x0000000000019cd7                rpl_remove_parent
                0x0000000000019d0d                rpl_remove_child
                0x0000000000019d29                rpl_nullify_parent
                0x0000000000019dc7                rpl_move_parent
                0x0000000000019e64                rpl_has_downward_route
                0x0000000000019eb7                rpl_get_any_dag
                0x0000000000019f19                rpl_get_instance
                0x0000000000019f7c                rpl_find_of
                0x0000000000019fb9                rpl_join_instance
                0x000000000001a234                rpl_add_dag
                0x000000000001a623                rpl_local_repair
                0x000000000001a6fc                rpl_recalculate_ranks
                0x000000000001a782                rpl_process_parent_event
                0x000000000001a834                rpl_process_dio
 .text          0x000000000001ad7f      0xbf3 obj_cooja/mtype402.a(rpl-ext-header.)
                0x000000000001ad9c                rpl_verify_header
                0x000000000001b216                rpl_update_header_empty
                0x000000000001b52d                rpl_update_header_final
                0x000000000001b6bc                rpl_remove_header
                0x000000000001b7c6                rpl_invert_header
                0x000000000001b950                rpl_insert_header
 .text          0x000000000001b972     0x1f89 obj_cooja/mtype402.a(rpl-icmp6.o)
                0x000000000001bc3b                rpl_icmp6_update_nbr_table
                0x000000000001bd2b                dis_output
                0x000000000001c5d7                dio_output
                0x000000000001d4f3                dao_output
                0x000000000001d5bb                dao_output_target
                0x000000000001d8af                dao_ack_output
                0x000000000001d8c3                rpl_icmp6_register_handlers
 .text          0x000000000001d8fb      0x299 obj_cooja/mtype402.a(rpl-mrhof.o)
 .text          0x000000000001db94      0x7c2 obj_cooja/mtype402.a(rpl-timers.o)
                0x000000000001dde9                rpl_reset_periodic_timer
                0x000000000001de3e                rpl_reset_dio_timer
                0x000000000001e078                rpl_schedule_dao
                0x000000000001e093                rpl_schedule_dao_immediately
                0x000000000001e0ae                rpl_cancel_dao
                0x000000000001e110                rpl_schedule_unicast_dio_immediately
                0x000000000001e2fe                rpl_schedule_probing
 .text          0x000000000001e356      0x5c5 obj_cooja/mtype402.a(rpl.o)
                0x000000000001e356                rpl_get_mode
                0x000000000001e360                rpl_set_mode
                0x000000000001e3ee                rpl_purge_routes
                0x000000000001e4e8                rpl_remove_routes
                0x000000000001e52e                rpl_remove_routes_by_nexthop
                0x000000000001e59a                rpl_add_route
                0x000000000001e615                rpl_link_neighbor_callback
                0x000000000001e71a                rpl_ipv6_neighbor_callback
                0x000000000001e789                rpl_purge_dags
                0x000000000001e895                rpl_init
 .text          0x000000000001e91b      0x3f5 obj_cooja/mtype402.a(framer-802154.o)
 .text          0x000000000001ed10       0x5e obj_cooja/mtype402.a(nullmac.o)
 .text          0x000000000001ed6e      0xaf4 obj_cooja/mtype402.a(cxmac.o)
                0x000000000001f7c3                cxmac_set_announcement_radio_txpower
                0x000000000001f7c8                cxmac_init
 .text          0x000000000001f862       0x67 obj_cooja/mtype402.a(linkaddr.o)
                0x000000000001f862                linkaddr_copy
                0x000000000001f884                linkaddr_cmp
                0x000000000001f8ae                linkaddr_set_node_addr
 .text          0x000000000001f8c9      0x769 obj_cooja/mtype402.a(nbr-table.o)
                0x000000000001fd28                nbr_table_register
                0x000000000001fd70                nbr_table_head
                0x000000000001fdcc                nbr_table_next
                0x000000000001fe33                nbr_table_add_lladdr
                0x000000000001ff0f                nbr_table_get_from_lladdr
                0x000000000001ff5c                nbr_table_remove
                0x000000000001ffae                nbr_table_lock
                0x000000000001ffd8                nbr_table_unlock
                0x0000000000020002                nbr_table_get_lladdr
 .text          0x0000000000020032       0x2b obj_cooja/mtype402.a(netstack.o)
                0x0000000000020032                netstack_init
 .text          0x000000000002005d      0x3cd obj_cooja/mtype402.a(packetbuf.o)
                0x000000000002005d                packetbuf_clear
                0x0000000000020087                packetbuf_copyfrom
                0x00000000000200d9                packetbuf_compact
                0x0000000000020156                packetbuf_copyto
                0x00000000000201ed                packetbuf_hdralloc
                0x000000000002026a                packetbuf_hdrreduce
                0x00000000000202b2                packetbuf_set_datalen
                0x00000000000202cb                packetbuf_dataptr
                0x00000000000202e8                packetbuf_hdrptr
                0x00000000000202f2                packetbuf_datalen
                0x00000000000202fe                packetbuf_hdrlen
                0x0000000000020315                packetbuf_totlen
                0x000000000002032b                packetbuf_attr_clear
                0x000000000002037d                packetbuf_attr_copyto
                0x00000000000203c6                packetbuf_attr_copyfrom
                0x000000000002040e                packetbuf_holds_broadcast
 .text          0x000000000002042a      0x2b4 obj_cooja/mtype402.a(queuebuf.o)
                0x0000000000020434                queuebuf_init
                0x0000000000020454                queuebuf_numfree
                0x0000000000020468                queuebuf_new_from_packetbuf
                0x00000000000204f8                queuebuf_update_attr_from_packetbuf
                0x000000000002052b                queuebuf_update_from_packetbuf
                0x0000000000020575                queuebuf_free
                0x00000000000205bc                queuebuf_to_packetbuf
                0x0000000000020622                queuebuf_dataptr
                0x0000000000020659                queuebuf_datalen
                0x000000000002067c                queuebuf_addr
                0x00000000000206ae                queuebuf_attr
                0x00000000000206d9                queuebuf_debug_print
 .text          0x00000000000206de       0x6e obj_cooja/mtype402.a(nullsec.o)
 .text          0x000000000002074c       0x19 obj_cooja/mtype402.a(watchdog.o)
                0x000000000002074c                watchdog_init
                0x0000000000020751                watchdog_start
                0x0000000000020756                watchdog_periodic
                0x000000000002075b                watchdog_stop
                0x0000000000020760                watchdog_reboot
 .text          0x0000000000020765        0x0 obj_cooja/mtype402.a(rimestats.o)
 .text          0x0000000000020765       0xa3 obj_cooja/mtype402.a(stimer.o)
                0x0000000000020765                stimer_set
                0x0000000000020780                stimer_reset
                0x0000000000020797                stimer_restart
                0x00000000000207a9                stimer_expired
                0x00000000000207d0                stimer_remaining
                0x00000000000207f4                stimer_elapsed
 .text          0x0000000000020808      0x1c1 obj_cooja/mtype402.a(memb.o)
                0x0000000000020808                memb_init
                0x0000000000020866                memb_alloc
                0x00000000000208cb                memb_free
                0x0000000000020946                memb_inmemb
                0x0000000000020985                memb_numfree
 .text          0x00000000000209c9      0x916 obj_cooja/mtype402.a(uip-ds6-route.o)
                0x0000000000020a40                uip_ds6_notification_add
                0x0000000000020a71                uip_ds6_notification_rm
                0x0000000000020a8d                uip_ds6_route_init
                0x0000000000020b15                uip_ds6_route_nexthop
                0x0000000000020b3d                uip_ds6_route_head
                0x0000000000020b52                uip_ds6_route_next
                0x0000000000020b78                uip_ds6_route_is_nexthop
                0x0000000000020bb7                uip_ds6_route_num_routes
                0x0000000000020bc1                uip_ds6_route_lookup
                0x0000000000020c83                uip_ds6_route_add
                0x0000000000020eb7                uip_ds6_route_rm
                0x000000000002104b                uip_ds6_route_rm_by_nexthop
                0x0000000000021083                uip_ds6_defrt_add
                0x0000000000021134                uip_ds6_defrt_rm
                0x00000000000211b3                uip_ds6_defrt_lookup
                0x000000000002120c                uip_ds6_defrt_choose
                0x0000000000021277                uip_ds6_defrt_periodic
 .text          0x00000000000212df      0xab2 obj_cooja/mtype402.a(uip-icmp6.o)
                0x000000000002134d                uip_icmp6_input
                0x00000000000213a3                uip_icmp6_register_input_handler
                0x000000000002166b                uip_icmp6_error_output
                0x00000000000219b0                uip_icmp6_send
                0x0000000000021d24                uip_icmp6_echo_reply_callback_add
                0x0000000000021d55                uip_icmp6_echo_reply_callback_rm
                0x0000000000021d71                uip_icmp6_init
 .text          0x0000000000021d91      0x358 obj_cooja/mtype402.a(uip-nd6.o)
                0x0000000000021de5                uip_nd6_ns_output
                0x00000000000220e4                uip_nd6_init
 .text          0x00000000000220e9      0x331 obj_cooja/mtype402.a(rpl-nbr-policy.)
                0x00000000000222c1                find_removable_dis
                0x00000000000222e4                find_removable_dio
                0x0000000000022373                find_removable_dao
                0x00000000000223c3                rpl_nbr_policy_find_removable
 .text          0x000000000002241a      0x97c obj_cooja/mtype402.a(frame802154.o)
                0x000000000002244b                frame802154_get_pan_id
                0x0000000000022457                frame802154_set_pan_id
                0x0000000000022470                frame802154_has_panid
                0x000000000002255c                frame802154_check_dest_panid
                0x00000000000225c4                frame802154_is_broadcast_addr
                0x0000000000022611                frame802154_extract_linkaddr
                0x0000000000022851                frame802154_hdrlen
                0x00000000000228a2                frame802154_create
                0x0000000000022a8d                frame802154_parse
 .text          0x0000000000022d96       0x3c obj_cooja/mtype402.a(mac.o)
                0x0000000000022d96                mac_call_sent_callback
 .text          0x0000000000022dd2        0x0 /usr/lib/gcc/i686-linux-gnu/4.8/crtendS.o
 .text          0x0000000000022dd2        0x0 /usr/lib/gcc/i686-linux-gnu/4.8/../../../i386-linux-gnu/crtn.o
 *(.gnu.warning)

.fini           0x0000000000022dd4       0x14
 *(SORT(.fini))
 .fini          0x0000000000022dd4        0xf /usr/lib/gcc/i686-linux-gnu/4.8/../../../i386-linux-gnu/crti.o
                0x0000000000022dd4                _fini
 .fini          0x0000000000022de3        0x5 /usr/lib/gcc/i686-linux-gnu/4.8/../../../i386-linux-gnu/crtn.o
                0x0000000000022de8                PROVIDE (__etext, .)
                0x0000000000022de8                PROVIDE (_etext, .)
                0x0000000000022de8                PROVIDE (etext, .)

.rodata         0x0000000000022e00      0x7c0
 *(.rodata .rodata.* .gnu.linkonce.r.*)
 .rodata        0x0000000000022e00      0x148 udp-server.co
                0x0000000000022e14                autostart_processes
 .rodata        0x0000000000022f48      0x1e6 obj_cooja/mtype402.o
 *fill*         0x000000000002312e        0x2 
 .rodata        0x0000000000023130        0x8 obj_cooja/mtype402.a(beep.o)
                0x0000000000023130                beep_interface
 .rodata        0x0000000000023138       0x20 obj_cooja/mtype402.a(button-sensor.o)
                0x0000000000023138                button_interface
                0x0000000000023148                button_sensor
 .rodata        0x0000000000023158        0x8 obj_cooja/mtype402.a(leds-arch.o)
                0x0000000000023158                leds_interface
 .rodata        0x0000000000023160        0x8 obj_cooja/mtype402.a(moteid.o)
                0x0000000000023160                moteid_interface
 .rodata        0x0000000000023168       0x1c obj_cooja/mtype402.a(pir-sensor.o)
                0x0000000000023168                pir_interface
                0x0000000000023174                pir_sensor
 .rodata        0x0000000000023184        0xe obj_cooja/mtype402.a(rs232.o)
                0x0000000000023184                rs232_interface
 *fill*         0x0000000000023192        0x2 
 .rodata        0x0000000000023194       0x24 obj_cooja/mtype402.a(vib-sensor.o)
                0x0000000000023194                vib_interface
                0x00000000000231a8                vib_sensor
 .rodata        0x00000000000231b8        0x8 obj_cooja/mtype402.a(clock.o)
                0x00000000000231b8                clock_interface
 .rodata        0x00000000000231c0        0x8 obj_cooja/mtype402.a(log.o)
                0x00000000000231c0                simlog_interface
 .rodata        0x00000000000231c8       0x2f obj_cooja/mtype402.a(cfs-cooja.o)
                0x00000000000231c8                cfs_interface
 *fill*         0x00000000000231f7        0x9 
 .rodata        0x0000000000023200       0x60 obj_cooja/mtype402.a(cooja-radio.o)
                0x0000000000023220                cooja_radio_driver
                0x0000000000023258                radio_interface
 .rodata        0x0000000000023260        0x8 obj_cooja/mtype402.a(eeprom.o)
                0x0000000000023260                eeprom_interface
 .rodata        0x0000000000023268        0x8 obj_cooja/mtype402.a(sensors.o)
 .rodata        0x0000000000023270        0xf obj_cooja/mtype402.a(ctimer.o)
 .rodata        0x000000000002327f        0xc obj_cooja/mtype402.a(etimer.o)
 *fill*         0x000000000002328b        0x1 
 .rodata        0x000000000002328c       0x73 obj_cooja/mtype402.a(log_message.o)
 *fill*         0x00000000000232ff        0x1 
 .rodata        0x0000000000023300       0x20 obj_cooja/mtype402.a(residual.o)
 .rodata        0x0000000000023320        0xe obj_cooja/mtype402.a(serial-line.o)
 *fill*         0x000000000002332e        0x2 
 .rodata        0x0000000000023330       0x2c obj_cooja/mtype402.a(sicslowpan.o)
                0x0000000000023330                unc_llconf
                0x0000000000023334                unc_ctxconf
                0x0000000000023338                unc_mxconf
                0x000000000002333c                llprefix
                0x0000000000023350                sicslowpan_driver
 .rodata        0x000000000002335c      0x13c obj_cooja/mtype402.a(uip6.o)
 .rodata        0x0000000000023498       0x49 obj_cooja/mtype402.a(tcpip.o)
 .rodata        0x00000000000234e1       0x3e obj_cooja/mtype402.a(uip-debug.o)
 *fill*         0x000000000002351f        0x1 
 .rodata        0x0000000000023520        0x4 obj_cooja/mtype402.a(rpl-dag.o)
 .rodata        0x0000000000023524        0xc obj_cooja/mtype402.a(framer-802154.o)
                0x0000000000023524                framer_802154
 .rodata        0x0000000000023530       0x24 obj_cooja/mtype402.a(nullmac.o)
                0x0000000000023538                nullmac_driver
 *fill*         0x0000000000023554        0xc 
 .rodata        0x0000000000023560       0x40 obj_cooja/mtype402.a(cxmac.o)
                0x0000000000023580                cxmac_driver
 .rodata        0x00000000000235a0        0x8 obj_cooja/mtype402.a(linkaddr.o)
                0x00000000000235a0                linkaddr_null
 .rodata        0x00000000000235a8       0x18 obj_cooja/mtype402.a(nullsec.o)
                0x00000000000235b0                nullsec_driver

.rodata1
 *(.rodata1)

.eh_frame_hdr   0x00000000000235c0     0x128c
 *(.eh_frame_hdr)
 .eh_frame_hdr  0x00000000000235c0     0x128c udp-server.co

.eh_frame       0x000000000002484c     0x4b70
 *(.eh_frame)
 .eh_frame      0x000000000002484c       0x3c /usr/lib/gcc/i686-linux-gnu/4.8/../../../i386-linux-gnu/crti.o
                                         0x40 (size before relaxing)
 .eh_frame      0x0000000000024888       0x68 udp-server.co
                                         0x80 (size before relaxing)
 .eh_frame      0x00000000000248f0      0x148 obj_cooja/mtype402.o
                                        0x160 (size before relaxing)
 .eh_frame      0x0000000000024a38       0x40 obj_cooja/mtype402.a(simEnvChange.o)
                                         0x58 (size before relaxing)
 .eh_frame      0x0000000000024a78       0xc0 obj_cooja/mtype402.a(cooja_mt.o)
                                         0xd8 (size before relaxing)
 .eh_frame      0x0000000000024b38      0x120 obj_cooja/mtype402.a(cooja_mtarch.o)
                                        0x138 (size before relaxing)
 .eh_frame      0x0000000000024c58       0xc0 obj_cooja/mtype402.a(rtimer-arch.o)
                                         0xd8 (size before relaxing)
 .eh_frame      0x0000000000024d18      0x160 obj_cooja/mtype402.a(beep.o)
                                        0x178 (size before relaxing)
 .eh_frame      0x0000000000024e78       0xa0 obj_cooja/mtype402.a(button-sensor.o)
                                         0xb8 (size before relaxing)
 .eh_frame      0x0000000000024f18       0xa0 obj_cooja/mtype402.a(leds-arch.o)
                                         0xb8 (size before relaxing)
 .eh_frame      0x0000000000024fb8       0x40 obj_cooja/mtype402.a(moteid.o)
                                         0x58 (size before relaxing)
 .eh_frame      0x0000000000024ff8       0xa0 obj_cooja/mtype402.a(pir-sensor.o)
                                         0xb8 (size before relaxing)
 .eh_frame      0x0000000000025098      0x100 obj_cooja/mtype402.a(rs232.o)
                                        0x118 (size before relaxing)
 .eh_frame      0x0000000000025198       0xa0 obj_cooja/mtype402.a(vib-sensor.o)
                                         0xb8 (size before relaxing)
 .eh_frame      0x0000000000025238       0xc0 obj_cooja/mtype402.a(clock.o)
                                         0xd8 (size before relaxing)
 .eh_frame      0x00000000000252f8      0x120 obj_cooja/mtype402.a(log.o)
                                        0x138 (size before relaxing)
 .eh_frame      0x0000000000025418      0x160 obj_cooja/mtype402.a(cfs-cooja.o)
                                        0x178 (size before relaxing)
 .eh_frame      0x0000000000025578      0x2e0 obj_cooja/mtype402.a(cooja-radio.o)
                                        0x2f8 (size before relaxing)
 .eh_frame      0x0000000000025858       0xa0 obj_cooja/mtype402.a(eeprom.o)
                                         0xb8 (size before relaxing)
 .eh_frame      0x00000000000258f8       0x40 obj_cooja/mtype402.a(random.o)
                                         0x58 (size before relaxing)
 .eh_frame      0x0000000000025938       0xc0 obj_cooja/mtype402.a(sensors.o)
                                         0xd8 (size before relaxing)
 .eh_frame      0x00000000000259f8       0x40 obj_cooja/mtype402.a(autostart.o)
                                         0x58 (size before relaxing)
 .eh_frame      0x0000000000025a38      0x100 obj_cooja/mtype402.a(ctimer.o)
                                        0x118 (size before relaxing)
 .eh_frame      0x0000000000025b38      0x1e0 obj_cooja/mtype402.a(etimer.o)
                                        0x1f8 (size before relaxing)
 .eh_frame      0x0000000000025d18       0x40 obj_cooja/mtype402.a(log_message.o)
                                         0x58 (size before relaxing)
 .eh_frame      0x0000000000025d58      0x1c8 obj_cooja/mtype402.a(process.o)
                                        0x1e0 (size before relaxing)
 .eh_frame      0x0000000000025f20       0x2c obj_cooja/mtype402.a(residual.o)
                                         0x44 (size before relaxing)
 .eh_frame      0x0000000000025f4c       0x60 obj_cooja/mtype402.a(rtimer.o)
                                         0x78 (size before relaxing)
 .eh_frame      0x0000000000025fac       0xa4 obj_cooja/mtype402.a(timer.o)
                                         0xbc (size before relaxing)
 .eh_frame      0x0000000000026050       0x60 obj_cooja/mtype402.a(serial-line.o)
                                         0x78 (size before relaxing)
 .eh_frame      0x00000000000260b0      0x180 obj_cooja/mtype402.a(list.o)
                                        0x198 (size before relaxing)
 .eh_frame      0x0000000000026230       0xa0 obj_cooja/mtype402.a(ringbuf.o)
                                         0xb8 (size before relaxing)
 .eh_frame      0x00000000000262d0      0x350 obj_cooja/mtype402.a(sicslowpan.o)
                                        0x368 (size before relaxing)
 .eh_frame      0x0000000000026620      0x180 obj_cooja/mtype402.a(uip-ds6-nbr.o)
                                        0x198 (size before relaxing)
 .eh_frame      0x00000000000267a0      0x2c8 obj_cooja/mtype402.a(uip-ds6.o)
                                        0x2e0 (size before relaxing)
 .eh_frame      0x0000000000026a68      0x27c obj_cooja/mtype402.a(uip6.o)
                                        0x294 (size before relaxing)
 .eh_frame      0x0000000000026ce4      0x270 obj_cooja/mtype402.a(tcpip.o)
                                        0x288 (size before relaxing)
 .eh_frame      0x0000000000026f54       0x48 obj_cooja/mtype402.a(uip-debug.o)
                                         0x60 (size before relaxing)
 .eh_frame      0x0000000000026f9c       0xe0 obj_cooja/mtype402.a(uip-packetqueue)
                                         0xf8 (size before relaxing)
 .eh_frame      0x000000000002707c      0x74c obj_cooja/mtype402.a(rpl-dag.o)
                                        0x764 (size before relaxing)
 .eh_frame      0x00000000000277c8      0x10c obj_cooja/mtype402.a(rpl-ext-header.)
                                        0x124 (size before relaxing)
 .eh_frame      0x00000000000278d4      0x2b8 obj_cooja/mtype402.a(rpl-icmp6.o)
                                        0x2d0 (size before relaxing)
 .eh_frame      0x0000000000027b8c       0xe0 obj_cooja/mtype402.a(rpl-mrhof.o)
                                         0xf8 (size before relaxing)
 .eh_frame      0x0000000000027c6c      0x20c obj_cooja/mtype402.a(rpl-timers.o)
                                        0x224 (size before relaxing)
 .eh_frame      0x0000000000027e78      0x148 obj_cooja/mtype402.a(rpl.o)
                                        0x160 (size before relaxing)
 .eh_frame      0x0000000000027fc0      0x108 obj_cooja/mtype402.a(framer-802154.o)
                                        0x120 (size before relaxing)
 .eh_frame      0x00000000000280c8       0xc0 obj_cooja/mtype402.a(nullmac.o)
                                         0xd8 (size before relaxing)
 .eh_frame      0x0000000000028188      0x25c obj_cooja/mtype402.a(cxmac.o)
                                        0x274 (size before relaxing)
 .eh_frame      0x00000000000283e4       0x60 obj_cooja/mtype402.a(linkaddr.o)
                                         0x78 (size before relaxing)
 .eh_frame      0x0000000000028444      0x26c obj_cooja/mtype402.a(nbr-table.o)
                                        0x284 (size before relaxing)
 .eh_frame      0x00000000000286b0       0x20 obj_cooja/mtype402.a(netstack.o)
                                         0x38 (size before relaxing)
 .eh_frame      0x00000000000286d0      0x214 obj_cooja/mtype402.a(packetbuf.o)
                                        0x22c (size before relaxing)
 .eh_frame      0x00000000000288e4      0x1a0 obj_cooja/mtype402.a(queuebuf.o)
                                        0x1b8 (size before relaxing)
 .eh_frame      0x0000000000028a84       0x80 obj_cooja/mtype402.a(nullsec.o)
                                         0x98 (size before relaxing)
 .eh_frame      0x0000000000028b04       0xa0 obj_cooja/mtype402.a(watchdog.o)
                                         0xb8 (size before relaxing)
 .eh_frame      0x0000000000028ba4       0xc4 obj_cooja/mtype402.a(stimer.o)
                                         0xdc (size before relaxing)
 .eh_frame      0x0000000000028c68       0xa0 obj_cooja/mtype402.a(memb.o)
                                         0xb8 (size before relaxing)
 .eh_frame      0x0000000000028d08      0x2a0 obj_cooja/mtype402.a(uip-ds6-route.o)
                                        0x2b8 (size before relaxing)
 .eh_frame      0x0000000000028fa8      0x164 obj_cooja/mtype402.a(uip-icmp6.o)
                                        0x17c (size before relaxing)
 .eh_frame      0x000000000002910c       0x68 obj_cooja/mtype402.a(uip-nd6.o)
                                         0x80 (size before relaxing)
 .eh_frame      0x0000000000029174       0xc0 obj_cooja/mtype402.a(rpl-nbr-policy.)
                                         0xd8 (size before relaxing)
 .eh_frame      0x0000000000029234      0x164 obj_cooja/mtype402.a(frame802154.o)
                                        0x17c (size before relaxing)
 .eh_frame      0x0000000000029398       0x20 obj_cooja/mtype402.a(mac.o)
                                         0x38 (size before relaxing)
 .eh_frame      0x00000000000293b8        0x4 /usr/lib/gcc/i686-linux-gnu/4.8/crtendS.o

.gcc_except_table
 *(.gcc_except_table .gcc_except_table.*)

.exception_ranges
 *(.exception_ranges .exception_ranges*)
                0x00000000000293bc                . = (ALIGN (0x1000) - ((0x1000 - .) & 0xfff))
                0x000000000002aef8                . = DATA_SEGMENT_ALIGN (0x1000, 0x1000)

.eh_frame
 *(.eh_frame)

.gcc_except_table
 *(.gcc_except_table .gcc_except_table.*)

.exception_ranges
 *(.exception_ranges .exception_ranges*)

.tdata
 *(.tdata .tdata.* .gnu.linkonce.td.*)

.tbss
 *(.tbss .tbss.* .gnu.linkonce.tb.*)
 *(.tcommon)

.preinit_array
 *(.preinit_array)

.init_array     0x000000000002aef8        0x4
 *(SORT(.init_array.*) SORT(.ctors.*))
 *(.init_array EXCLUDE_FILE(*crtend?.o *crtend.o *crtbegin?.o *crtbegin.o) .ctors)
 .init_array    0x000000000002aef8        0x4 /usr/lib/gcc/i686-linux-gnu/4.8/crtbeginS.o

.fini_array     0x000000000002aefc        0x4
 *(SORT(.fini_array.*) SORT(.dtors.*))
 *(.fini_array EXCLUDE_FILE(*crtend?.o *crtend.o *crtbegin?.o *crtbegin.o) .dtors)
 .fini_array    0x000000000002aefc        0x4 /usr/lib/gcc/i686-linux-gnu/4.8/crtbeginS.o

.ctors
 *crtbegin.o(.ctors)
 *crtbegin?.o(.ctors)
 *(EXCLUDE_FILE(*crtend?.o *crtend.o) .ctors)
 *(SORT(.ctors.*))
 *(.ctors)

.dtors
 *crtbegin.o(.dtors)
 *crtbegin?.o(.dtors)
 *(EXCLUDE_FILE(*crtend?.o *crtend.o) .dtors)
 *(SORT(.dtors.*))
 *(.dtors)

.jcr            0x000000000002af00        0x4
 *(.jcr)
 .jcr           0x000000000002af00        0x0 /usr/lib/gcc/i686-linux-gnu/4.8/crtbeginS.o
 .jcr           0x000000000002af00        0x4 /usr/lib/gcc/i686-linux-gnu/4.8/crtendS.o

.data.rel.ro
 *(.data.rel.ro.local* .gnu.linkonce.d.rel.ro.local.*)
 *(.data.rel.ro .data.rel.ro.* .gnu.linkonce.d.rel.ro.*)

.dynamic        0x000000000002af04       0xe8
 *(.dynamic)
 .dynamic       0x000000000002af04       0xe8 /usr/lib/gcc/i686-linux-gnu/4.8/../../../i386-linux-gnu/crti.o
                0x000000000002af04                _DYNAMIC

.got            0x000000000002afec       0x14
 *(.got)
 .got           0x000000000002afec       0x14 /usr/lib/gcc/i686-linux-gnu/4.8/../../../i386-linux-gnu/crti.o
 *(.igot)
                0x000000000002bff4                . = DATA_SEGMENT_RELRO_END (., (SIZEOF (.got.plt) >= 0xc)?0xc:0x0)

.got.plt        0x000000000002b000       0x14
 *(.got.plt)
 .got.plt       0x000000000002b000       0x14 /usr/lib/gcc/i686-linux-gnu/4.8/../../../i386-linux-gnu/crti.o
                0x000000000002b000                _GLOBAL_OFFSET_TABLE_
 *(.igot.plt)

.data           0x000000000002b020      0x242
 *(.data .data.* .gnu.linkonce.d.*)
 .data          0x000000000002b020        0x0 /usr/lib/gcc/i686-linux-gnu/4.8/../../../i386-linux-gnu/crti.o
 .data          0x000000000002b020        0x0 /usr/lib/gcc/i686-linux-gnu/4.8/crtbeginS.o
 .data.rel      0x000000000002b020        0x4 /usr/lib/gcc/i686-linux-gnu/4.8/crtbeginS.o
                0x000000000002b020                __dso_handle
 .data          0x000000000002b024       0x10 udp-server.co
                0x000000000002b024                udp_server_process
 *fill*         0x000000000002b034        0xc 
 .data          0x000000000002b040       0x44 obj_cooja/mtype402.o
                0x000000000002b040                simInterfaces
                0x000000000002b074                sensors
 .data          0x000000000002b084        0x0 obj_cooja/mtype402.a(simEnvChange.o)
 .data          0x000000000002b084        0x0 obj_cooja/mtype402.a(cooja_mt.o)
 .data          0x000000000002b084        0x0 obj_cooja/mtype402.a(cooja_mtarch.o)
 .data          0x000000000002b084        0x0 obj_cooja/mtype402.a(rtimer-arch.o)
 .data          0x000000000002b084        0x0 obj_cooja/mtype402.a(beep.o)
 .data          0x000000000002b084        0x0 obj_cooja/mtype402.a(button-sensor.o)
 .data          0x000000000002b084        0x0 obj_cooja/mtype402.a(leds-arch.o)
 .data          0x000000000002b084        0x0 obj_cooja/mtype402.a(moteid.o)
 .data          0x000000000002b084        0x0 obj_cooja/mtype402.a(pir-sensor.o)
 .data          0x000000000002b084        0x0 obj_cooja/mtype402.a(rs232.o)
 .data          0x000000000002b084        0x0 obj_cooja/mtype402.a(vib-sensor.o)
 .data          0x000000000002b084        0x0 obj_cooja/mtype402.a(clock.o)
 .data          0x000000000002b084        0x0 obj_cooja/mtype402.a(log.o)
 .data          0x000000000002b084        0x0 obj_cooja/mtype402.a(cfs-cooja.o)
 .data          0x000000000002b084       0x40 obj_cooja/mtype402.a(cooja-radio.o)
                0x000000000002b084                simRadioChannelLR
                0x000000000002b088                simRadioHWOnLR
                0x000000000002b08c                simSignalStrengthLR
                0x000000000002b090                simLastSignalStrengthLR
                0x000000000002b094                simPowerLR
                0x000000000002b098                simLQILR
                0x000000000002b09c                simRadioChannel
                0x000000000002b0a0                simRadioHWOn
                0x000000000002b0a4                simSignalStrength
                0x000000000002b0a8                simLastSignalStrength
                0x000000000002b0ac                simPower
                0x000000000002b0b0                simLQI
                0x000000000002b0b4                cooja_radio_process
 .data          0x000000000002b0c4        0x0 obj_cooja/mtype402.a(eeprom.o)
 .data          0x000000000002b0c4        0x0 obj_cooja/mtype402.a(random.o)
 .data          0x000000000002b0c4       0x10 obj_cooja/mtype402.a(sensors.o)
                0x000000000002b0c4                sensors_process
 .data          0x000000000002b0d4        0x0 obj_cooja/mtype402.a(autostart.o)
 .data          0x000000000002b0d4       0x14 obj_cooja/mtype402.a(ctimer.o)
                0x000000000002b0d8                ctimer_process
 .data          0x000000000002b0e8       0x10 obj_cooja/mtype402.a(etimer.o)
                0x000000000002b0e8                etimer_process
 .data          0x000000000002b0f8        0x0 obj_cooja/mtype402.a(log_message.o)
 .data          0x000000000002b0f8        0x0 obj_cooja/mtype402.a(process.o)
 .data          0x000000000002b0f8        0x0 obj_cooja/mtype402.a(residual.o)
 .data          0x000000000002b0f8        0x0 obj_cooja/mtype402.a(rtimer.o)
 .data          0x000000000002b0f8        0x0 obj_cooja/mtype402.a(timer.o)
 .data          0x000000000002b0f8       0x10 obj_cooja/mtype402.a(serial-line.o)
                0x000000000002b0f8                serial_line_process
 .data          0x000000000002b108        0x0 obj_cooja/mtype402.a(list.o)
 .data          0x000000000002b108        0x0 obj_cooja/mtype402.a(ringbuf.o)
 .data          0x000000000002b108        0x0 obj_cooja/mtype402.a(sicslowpan.o)
 .data          0x000000000002b108       0x14 obj_cooja/mtype402.a(uip-ds6-nbr.o)
                0x000000000002b118                ds6_neighbors
 .data          0x000000000002b11c        0x0 obj_cooja/mtype402.a(uip-ds6.o)
 .data          0x000000000002b11c        0x0 obj_cooja/mtype402.a(uip6.o)
 .data          0x000000000002b11c       0x10 obj_cooja/mtype402.a(tcpip.o)
                0x000000000002b11c                tcpip_process
 .data          0x000000000002b12c        0x0 obj_cooja/mtype402.a(uip-debug.o)
 .data          0x000000000002b12c        0xc obj_cooja/mtype402.a(uip-packetqueue)
 .data          0x000000000002b138       0x28 obj_cooja/mtype402.a(rpl-dag.o)
                0x000000000002b148                rpl_parents
                0x000000000002b15c                rpl_children
 .data          0x000000000002b160        0x0 obj_cooja/mtype402.a(rpl-ext-header.)
 .data          0x000000000002b160       0x34 obj_cooja/mtype402.a(rpl-icmp6.o)
 .data          0x000000000002b194       0x1c obj_cooja/mtype402.a(rpl-mrhof.o)
                0x000000000002b194                rpl_mrhof
 .data          0x000000000002b1b0        0x0 obj_cooja/mtype402.a(rpl-timers.o)
 .data          0x000000000002b1b0        0x0 obj_cooja/mtype402.a(rpl.o)
 .data          0x000000000002b1b0        0x0 obj_cooja/mtype402.a(framer-802154.o)
 .data          0x000000000002b1b0        0x0 obj_cooja/mtype402.a(nullmac.o)
 .data          0x000000000002b1b0       0x20 obj_cooja/mtype402.a(cxmac.o)
                0x000000000002b1b0                cxmac_config
 .data          0x000000000002b1d0        0x0 obj_cooja/mtype402.a(linkaddr.o)
 .data          0x000000000002b1d0       0x10 obj_cooja/mtype402.a(nbr-table.o)
 .data          0x000000000002b1e0        0x0 obj_cooja/mtype402.a(netstack.o)
 .data          0x000000000002b1e0        0x4 obj_cooja/mtype402.a(packetbuf.o)
 .data          0x000000000002b1e4       0x18 obj_cooja/mtype402.a(queuebuf.o)
 .data          0x000000000002b1fc        0x0 obj_cooja/mtype402.a(nullsec.o)
 .data          0x000000000002b1fc        0x0 obj_cooja/mtype402.a(watchdog.o)
 .data          0x000000000002b1fc        0x0 obj_cooja/mtype402.a(rimestats.o)
 .data          0x000000000002b1fc        0x0 obj_cooja/mtype402.a(stimer.o)
 .data          0x000000000002b1fc        0x0 obj_cooja/mtype402.a(memb.o)
 .data          0x000000000002b1fc       0x44 obj_cooja/mtype402.a(uip-ds6-route.o)
                0x000000000002b20c                nbr_routes
 .data          0x000000000002b240       0x20 obj_cooja/mtype402.a(uip-icmp6.o)
 .data          0x000000000002b260        0x0 obj_cooja/mtype402.a(uip-nd6.o)
 .data          0x000000000002b260        0x0 obj_cooja/mtype402.a(rpl-nbr-policy.)
 .data          0x000000000002b260        0x2 obj_cooja/mtype402.a(frame802154.o)
 .data          0x000000000002b262        0x0 obj_cooja/mtype402.a(mac.o)
 .data          0x000000000002b262        0x0 /usr/lib/gcc/i686-linux-gnu/4.8/crtendS.o
 .data          0x000000000002b262        0x0 /usr/lib/gcc/i686-linux-gnu/4.8/../../../i386-linux-gnu/crtn.o

.tm_clone_table
                0x000000000002b264        0x0
 .tm_clone_table
                0x000000000002b264        0x0 /usr/lib/gcc/i686-linux-gnu/4.8/crtbeginS.o
 .tm_clone_table
                0x000000000002b264        0x0 /usr/lib/gcc/i686-linux-gnu/4.8/crtendS.o

.data1
 *(.data1)
                0x000000000002b264                _edata = .
                0x000000000002b264                PROVIDE (edata, .)
                0x000000000002b264                . = .
                0x000000000002b264                __bss_start = .

.bss            0x000000000002b280     0x8608
 *(.dynbss)
 .dynbss        0x0000000000000000        0x0 /usr/lib/gcc/i686-linux-gnu/4.8/../../../i386-linux-gnu/crti.o
 *(.bss .bss.* .gnu.linkonce.b.*)
 .bss           0x000000000002b280        0x0 /usr/lib/gcc/i686-linux-gnu/4.8/../../../i386-linux-gnu/crti.o
 .bss           0x000000000002b280        0x1 /usr/lib/gcc/i686-linux-gnu/4.8/crtbeginS.o
 *fill*         0x000000000002b281        0x3 
 .bss           0x000000000002b284        0x8 udp-server.co
                0x000000000002b284                my_weight
 *fill*         0x000000000002b28c       0x14 
 .bss           0x000000000002b2a0     0x2030 obj_cooja/mtype402.o
 .bss           0x000000000002d2d0        0x1 obj_cooja/mtype402.a(simEnvChange.o)
                0x000000000002d2d0                simDontFallAsleep
 *fill*         0x000000000002d2d1        0x3 
 .bss           0x000000000002d2d4        0x4 obj_cooja/mtype402.a(cooja_mt.o)
 .bss           0x000000000002d2d8        0x4 obj_cooja/mtype402.a(cooja_mtarch.o)
 .bss           0x000000000002d2dc        0xc obj_cooja/mtype402.a(rtimer-arch.o)
 .bss           0x000000000002d2e8        0x0 obj_cooja/mtype402.a(beep.o)
 .bss           0x000000000002d2e8        0x8 obj_cooja/mtype402.a(button-sensor.o)
 .bss           0x000000000002d2f0        0x0 obj_cooja/mtype402.a(leds-arch.o)
 .bss           0x000000000002d2f0        0x0 obj_cooja/mtype402.a(moteid.o)
 .bss           0x000000000002d2f0        0x1 obj_cooja/mtype402.a(pir-sensor.o)
                0x000000000002d2f0                simPirValue
 *fill*         0x000000000002d2f1        0x3 
 .bss           0x000000000002d2f4        0x4 obj_cooja/mtype402.a(rs232.o)
 .bss           0x000000000002d2f8        0x1 obj_cooja/mtype402.a(vib-sensor.o)
                0x000000000002d2f8                simVibValue
 .bss           0x000000000002d2f9        0x0 obj_cooja/mtype402.a(clock.o)
 *fill*         0x000000000002d2f9        0x7 
 .bss           0x000000000002d300      0x420 obj_cooja/mtype402.a(log.o)
 .bss           0x000000000002d720      0xfc0 obj_cooja/mtype402.a(cfs-cooja.o)
                0x000000000002d720                simCFSData
                0x000000000002e6c0                simCFSSize
                0x000000000002e6c4                simCFSChanged
                0x000000000002e6c8                simCFSRead
                0x000000000002e6cc                simCFSWritten
 .bss           0x000000000002e6e0       0x24 obj_cooja/mtype402.a(cooja-radio.o)
                0x000000000002e6e0                simReceivingLR
                0x000000000002e6e4                simInSizeLR
                0x000000000002e6e8                simOutSizeLR
                0x000000000002e6ec                simReceiving
                0x000000000002e6f0                simInSize
                0x000000000002e6f4                simOutSize
                0x000000000002e6f8                LongRangeTransmit
                0x000000000002e6fc                LongRangeReceiving
 .bss           0x000000000002e704        0xc obj_cooja/mtype402.a(eeprom.o)
                0x000000000002e704                simEEPROMChanged
                0x000000000002e708                simEEPROMRead
                0x000000000002e70c                simEEPROMWritten
 .bss           0x000000000002e710        0x0 obj_cooja/mtype402.a(random.o)
 .bss           0x000000000002e710        0xc obj_cooja/mtype402.a(sensors.o)
 .bss           0x000000000002e71c        0x0 obj_cooja/mtype402.a(autostart.o)
 .bss           0x000000000002e71c        0x5 obj_cooja/mtype402.a(ctimer.o)
 *fill*         0x000000000002e721        0x3 
 .bss           0x000000000002e724        0x8 obj_cooja/mtype402.a(etimer.o)
 .bss           0x000000000002e72c        0x0 obj_cooja/mtype402.a(log_message.o)
 *fill*         0x000000000002e72c       0x14 
 .bss           0x000000000002e740      0x1b1 obj_cooja/mtype402.a(process.o)
                0x000000000002e740                process_list
                0x000000000002e744                process_current
 .bss           0x000000000002e8f1        0x0 obj_cooja/mtype402.a(residual.o)
 *fill*         0x000000000002e8f1        0x3 
 .bss           0x000000000002e8f4        0x4 obj_cooja/mtype402.a(rtimer.o)
 .bss           0x000000000002e8f8        0x0 obj_cooja/mtype402.a(timer.o)
 *fill*         0x000000000002e8f8        0x8 
 .bss           0x000000000002e900      0x140 obj_cooja/mtype402.a(serial-line.o)
 .bss           0x000000000002ea40        0x0 obj_cooja/mtype402.a(list.o)
 .bss           0x000000000002ea40        0x0 obj_cooja/mtype402.a(ringbuf.o)
 .bss           0x000000000002ea40      0x70c obj_cooja/mtype402.a(sicslowpan.o)
 *fill*         0x000000000002f14c       0x14 
 .bss           0x000000000002f160      0x2d0 obj_cooja/mtype402.a(uip-ds6-nbr.o)
 .bss           0x000000000002f430       0x20 obj_cooja/mtype402.a(uip-ds6.o)
 .bss           0x000000000002f450        0xe obj_cooja/mtype402.a(uip6.o)
                0x000000000002f450                uip_ext_bitmap
                0x000000000002f451                uip_ext_len
                0x000000000002f452                uip_ext_opt_offset
 *fill*         0x000000000002f45e        0x2 
 .bss           0x000000000002f460       0x6b obj_cooja/mtype402.a(tcpip.o)
 .bss           0x000000000002f4cb        0x0 obj_cooja/mtype402.a(uip-debug.o)
 *fill*         0x000000000002f4cb       0x15 
 .bss           0x000000000002f4e0      0xcf8 obj_cooja/mtype402.a(uip-packetqueue)
 *fill*         0x00000000000301d8        0x8 
 .bss           0x00000000000301e0      0x1fe obj_cooja/mtype402.a(rpl-dag.o)
 .bss           0x00000000000303de        0x0 obj_cooja/mtype402.a(rpl-ext-header.)
 .bss           0x00000000000303de        0x0 obj_cooja/mtype402.a(rpl-icmp6.o)
 .bss           0x00000000000303de        0x0 obj_cooja/mtype402.a(rpl-mrhof.o)
 *fill*         0x00000000000303de        0x2 
 .bss           0x00000000000303e0       0x23 obj_cooja/mtype402.a(rpl-timers.o)
 *fill*         0x0000000000030403        0x1 
 .bss           0x0000000000030404        0x4 obj_cooja/mtype402.a(rpl.o)
 .bss           0x0000000000030408        0x2 obj_cooja/mtype402.a(framer-802154.o)
 .bss           0x000000000003040a        0x0 obj_cooja/mtype402.a(nullmac.o)
 *fill*         0x000000000003040a       0x16 
 .bss           0x0000000000030420       0xa0 obj_cooja/mtype402.a(cxmac.o)
 .bss           0x00000000000304c0        0x0 obj_cooja/mtype402.a(linkaddr.o)
 .bss           0x00000000000304c0      0x20c obj_cooja/mtype402.a(nbr-table.o)
 .bss           0x00000000000306cc        0x0 obj_cooja/mtype402.a(netstack.o)
 *fill*         0x00000000000306cc       0x14 
 .bss           0x00000000000306e0       0xa0 obj_cooja/mtype402.a(packetbuf.o)
 .bss           0x0000000000030780      0xb80 obj_cooja/mtype402.a(queuebuf.o)
 .bss           0x0000000000031300        0x0 obj_cooja/mtype402.a(nullsec.o)
 .bss           0x0000000000031300        0x0 obj_cooja/mtype402.a(watchdog.o)
 .bss           0x0000000000031300        0x0 obj_cooja/mtype402.a(rimestats.o)
 .bss           0x0000000000031300        0x0 obj_cooja/mtype402.a(stimer.o)
 .bss           0x0000000000031300        0x0 obj_cooja/mtype402.a(memb.o)
 .bss           0x0000000000031300      0x568 obj_cooja/mtype402.a(uip-ds6-route.o)
 .bss           0x0000000000031868       0x18 obj_cooja/mtype402.a(uip-icmp6.o)
 .bss           0x0000000000031880        0x0 obj_cooja/mtype402.a(uip-nd6.o)
 .bss           0x0000000000031880       0x44 obj_cooja/mtype402.a(rpl-nbr-policy.)
 .bss           0x00000000000318c4        0x0 obj_cooja/mtype402.a(frame802154.o)
 .bss           0x00000000000318c4        0x0 obj_cooja/mtype402.a(mac.o)
 .bss           0x00000000000318c4        0x0 /usr/lib/gcc/i686-linux-gnu/4.8/crtendS.o
 .bss           0x00000000000318c4        0x0 /usr/lib/gcc/i686-linux-gnu/4.8/../../../i386-linux-gnu/crtn.o
 *(COMMON)
 COMMON         0x00000000000318c4        0x2 udp-server.co
                0x00000000000318c4                my_sink_reachability
                0x00000000000318c5                my_parent_number
 *fill*         0x00000000000318c6        0x2 
 COMMON         0x00000000000318c8       0x4c obj_cooja/mtype402.o
                0x00000000000318c8                dio_count
                0x00000000000318cc                dis_count
                0x00000000000318d0                collision_count
                0x00000000000318d4                transmission_count
                0x00000000000318d8                COOJA_radioRxLong
                0x00000000000318dc                control_message_count
                0x00000000000318e0                dao_count
                0x00000000000318e4                COOJA_radioTx
                0x00000000000318e8                referenceVar
                0x00000000000318ec                data_relay_count
                0x00000000000318f0                data_message_count
                0x00000000000318f4                COOJA_radioTxLong
                0x00000000000318f8                COOJA_radioRx
                0x00000000000318fc                debugfp
                0x0000000000031900                COOJA_radioOn
                0x0000000000031904                COOJA_duration
                0x0000000000031908                dio_ack_count
                0x000000000003190c                COOJA_radioOnLong
                0x0000000000031910                sensors_flags
 COMMON         0x0000000000031914        0xc obj_cooja/mtype402.a(simEnvChange.o)
                0x0000000000031914                simEtimerPending
                0x0000000000031918                simProcessRunValue
                0x000000000003191c                simNextExpirationTime
 COMMON         0x0000000000031920        0x1 obj_cooja/mtype402.a(beep.o)
                0x0000000000031920                simBeeped
 COMMON         0x0000000000031921        0x3 obj_cooja/mtype402.a(button-sensor.o)
                0x0000000000031921                simButtonIsActive
                0x0000000000031922                simButtonIsDown
                0x0000000000031923                simButtonChanged
 COMMON         0x0000000000031924        0x1 obj_cooja/mtype402.a(leds-arch.o)
                0x0000000000031924                simLedsValue
 *fill*         0x0000000000031925        0x3 
 COMMON         0x0000000000031928        0xc obj_cooja/mtype402.a(moteid.o)
                0x0000000000031928                simRandomSeed
                0x000000000003192c                simMoteIDChanged
                0x0000000000031930                simMoteID
 COMMON         0x0000000000031934        0x2 obj_cooja/mtype402.a(pir-sensor.o)
                0x0000000000031934                simPirIsActive
                0x0000000000031935                simPirChanged
 *fill*         0x0000000000031936        0xa 
 COMMON         0x0000000000031940      0x820 obj_cooja/mtype402.a(rs232.o)
                0x0000000000031940                simSerialReceivingFlag
                0x0000000000031944                simSerialReceivingLength
                0x0000000000031960                simSerialReceivingData
 COMMON         0x0000000000032160        0x2 obj_cooja/mtype402.a(vib-sensor.o)
                0x0000000000032160                simVibChanged
                0x0000000000032161                simVibIsActive
 *fill*         0x0000000000032162        0x2 
 COMMON         0x0000000000032164        0x4 obj_cooja/mtype402.a(clock.o)
                0x0000000000032164                simCurrentTime
 *fill*         0x0000000000032168       0x18 
 COMMON         0x0000000000032180      0x420 obj_cooja/mtype402.a(log.o)
                0x0000000000032180                simLoggedLength
                0x0000000000032184                simLoggedFlag
                0x00000000000321a0                simLoggedData
 COMMON         0x00000000000325a0      0x200 obj_cooja/mtype402.a(cooja-radio.o)
                0x00000000000325a0                simOutDataBuffer
                0x0000000000032620                simInDataBufferLR
                0x00000000000326a0                simOutDataBufferLR
                0x0000000000032720                simInDataBuffer
 COMMON         0x00000000000327a0      0x400 obj_cooja/mtype402.a(eeprom.o)
                0x00000000000327a0                simEEPROMData
 COMMON         0x0000000000032ba0        0x1 obj_cooja/mtype402.a(sensors.o)
                0x0000000000032ba0                sensors_event
 *fill*         0x0000000000032ba1        0x3 
 COMMON         0x0000000000032ba4        0x4 obj_cooja/mtype402.a(log_message.o)
                0x0000000000032ba4                log_fp
 COMMON         0x0000000000032ba8        0x1 obj_cooja/mtype402.a(serial-line.o)
                0x0000000000032ba8                serial_line_event_message
 *fill*         0x0000000000032ba9       0x17 
 COMMON         0x0000000000032bc0      0x181 obj_cooja/mtype402.a(uip-ds6.o)
                0x0000000000032bc0                uip_ds6_prefix_list
                0x0000000000032c20                uip_ds6_timer_periodic
                0x0000000000032c30                uip_ds6_netif_addr_list_offset
                0x0000000000032c40                uip_ds6_if
                0x0000000000032d38                uip_ds6_timer_ra
                0x0000000000032d40                uip_ds6_addr_size
 *fill*         0x0000000000032d41       0x1f 
 COMMON         0x0000000000032d60      0x8ec obj_cooja/mtype402.a(uip6.o)
                0x0000000000032d60                uip_slen
                0x0000000000032d62                uip_acc32
                0x0000000000032d80                uip_conns
                0x0000000000032e40                uip_lladdr
                0x0000000000032e48                uip_appdata
                0x0000000000032e4c                uip_flags
                0x0000000000032e60                uip_aligned_buf
                0x00000000000334a0                uip_listenports
                0x00000000000334b0                uip_len
                0x00000000000334b4                uip_sappdata
                0x00000000000334c0                uip_udp_conns
                0x0000000000033640                uip_udp_conn
                0x0000000000033644                uip_next_hdr
                0x0000000000033648                uip_conn
 COMMON         0x000000000003364c        0x1 obj_cooja/mtype402.a(tcpip.o)
                0x000000000003364c                tcpip_event
 *fill*         0x000000000003364d       0x13 
 COMMON         0x0000000000033660      0x198 obj_cooja/mtype402.a(rpl-dag.o)
                0x0000000000033660                default_instance
                0x0000000000033680                instance_table
 COMMON         0x00000000000337f8        0x8 obj_cooja/mtype402.a(linkaddr.o)
                0x00000000000337f8                linkaddr_node_addr
 COMMON         0x0000000000033800       0x2e obj_cooja/mtype402.a(packetbuf.o)
                0x0000000000033800                packetbuf_attrs
                0x000000000003381e                packetbuf_addrs
 *fill*         0x000000000003382e       0x12 
 COMMON         0x0000000000033840       0x48 obj_cooja/mtype402.a(rimestats.o)
                0x0000000000033840                rimestats
                0x0000000000033888                . = ALIGN ((. != 0x0)?0x4:0x1)
                0x0000000000033888                . = ALIGN (0x4)
                0x0000000000033888                . = SEGMENT_START ("ldata-segment", .)
                0x0000000000033888                . = ALIGN (0x4)
                0x0000000000033888                _end = .
                0x0000000000033888                PROVIDE (end, .)
                0x0000000000033888                . = DATA_SEGMENT_END (.)

.stab
 *(.stab)

.stabstr
 *(.stabstr)

.stab.excl
 *(.stab.excl)

.stab.exclstr
 *(.stab.exclstr)

.stab.index
 *(.stab.index)

.stab.indexstr
 *(.stab.indexstr)

.comment        0x0000000000000000       0x54
 *(.comment)
 .comment       0x0000000000000000       0x29 /usr/lib/gcc/i686-linux-gnu/4.8/crtbeginS.o
                                         0x2a (size before relaxing)
 .comment       0x0000000000000000       0x2a udp-server.co
 .comment       0x0000000000000000       0x2a obj_cooja/mtype402.o
 .comment       0x0000000000000000       0x2a obj_cooja/mtype402.a(simEnvChange.o)
 .comment       0x0000000000000000       0x2a obj_cooja/mtype402.a(cooja_mt.o)
 .comment       0x0000000000000000       0x2a obj_cooja/mtype402.a(cooja_mtarch.o)
 .comment       0x0000000000000000       0x2a obj_cooja/mtype402.a(rtimer-arch.o)
 .comment       0x0000000000000000       0x2a obj_cooja/mtype402.a(beep.o)
 .comment       0x0000000000000000       0x2a obj_cooja/mtype402.a(button-sensor.o)
 .comment       0x0000000000000000       0x2a obj_cooja/mtype402.a(leds-arch.o)
 .comment       0x0000000000000000       0x2a obj_cooja/mtype402.a(moteid.o)
 .comment       0x0000000000000000       0x2a obj_cooja/mtype402.a(pir-sensor.o)
 .comment       0x0000000000000000       0x2a obj_cooja/mtype402.a(rs232.o)
 .comment       0x0000000000000000       0x2a obj_cooja/mtype402.a(vib-sensor.o)
 .comment       0x0000000000000000       0x2a obj_cooja/mtype402.a(clock.o)
 .comment       0x0000000000000000       0x2a obj_cooja/mtype402.a(log.o)
 .comment       0x0000000000000000       0x2a obj_cooja/mtype402.a(cfs-cooja.o)
 .comment       0x0000000000000000       0x2a obj_cooja/mtype402.a(cooja-radio.o)
 .comment       0x0000000000000000       0x2a obj_cooja/mtype402.a(eeprom.o)
 .comment       0x0000000000000000       0x2a obj_cooja/mtype402.a(random.o)
 .comment       0x0000000000000000       0x2a obj_cooja/mtype402.a(sensors.o)
 .comment       0x0000000000000000       0x2a obj_cooja/mtype402.a(autostart.o)
 .comment       0x0000000000000000       0x2a obj_cooja/mtype402.a(ctimer.o)
 .comment       0x0000000000000000       0x2a obj_cooja/mtype402.a(etimer.o)
 .comment       0x0000000000000000       0x2a obj_cooja/mtype402.a(log_message.o)
 .comment       0x0000000000000000       0x2a obj_cooja/mtype402.a(process.o)
 .comment       0x0000000000000000       0x2a obj_cooja/mtype402.a(residual.o)
 .comment       0x0000000000000000       0x2a obj_cooja/mtype402.a(rtimer.o)
 .comment       0x0000000000000000       0x2a obj_cooja/mtype402.a(timer.o)
 .comment       0x0000000000000000       0x2a obj_cooja/mtype402.a(serial-line.o)
 .comment       0x0000000000000029       0x2b obj_cooja/mtype402.a(list.o)
                                         0x2c (size before relaxing)
 .comment       0x0000000000000000       0x2a obj_cooja/mtype402.a(ringbuf.o)
 .comment       0x0000000000000000       0x2a obj_cooja/mtype402.a(sicslowpan.o)
 .comment       0x0000000000000000       0x2a obj_cooja/mtype402.a(uip-ds6-nbr.o)
 .comment       0x0000000000000000       0x2a obj_cooja/mtype402.a(uip-ds6.o)
 .comment       0x0000000000000000       0x2a obj_cooja/mtype402.a(uip6.o)
 .comment       0x0000000000000000       0x2a obj_cooja/mtype402.a(tcpip.o)
 .comment       0x0000000000000000       0x2a obj_cooja/mtype402.a(uip-debug.o)
 .comment       0x0000000000000000       0x2a obj_cooja/mtype402.a(uip-packetqueue)
 .comment       0x0000000000000000       0x2a obj_cooja/mtype402.a(rpl-dag.o)
 .comment       0x0000000000000000       0x2a obj_cooja/mtype402.a(rpl-ext-header.)
 .comment       0x0000000000000000       0x2a obj_cooja/mtype402.a(rpl-icmp6.o)
 .comment       0x0000000000000000       0x2a obj_cooja/mtype402.a(rpl-mrhof.o)
 .comment       0x0000000000000000       0x2a obj_cooja/mtype402.a(rpl-timers.o)
 .comment       0x0000000000000000       0x2a obj_cooja/mtype402.a(rpl.o)
 .comment       0x0000000000000000       0x2a obj_cooja/mtype402.a(framer-802154.o)
 .comment       0x0000000000000000       0x2a obj_cooja/mtype402.a(nullmac.o)
 .comment       0x0000000000000000       0x2a obj_cooja/mtype402.a(cxmac.o)
 .comment       0x0000000000000000       0x2a obj_cooja/mtype402.a(linkaddr.o)
 .comment       0x0000000000000000       0x2a obj_cooja/mtype402.a(nbr-table.o)
 .comment       0x0000000000000000       0x2a obj_cooja/mtype402.a(netstack.o)
 .comment       0x0000000000000000       0x2a obj_cooja/mtype402.a(packetbuf.o)
 .comment       0x0000000000000000       0x2a obj_cooja/mtype402.a(queuebuf.o)
 .comment       0x0000000000000000       0x2a obj_cooja/mtype402.a(nullsec.o)
 .comment       0x0000000000000000       0x2a obj_cooja/mtype402.a(watchdog.o)
 .comment       0x0000000000000000       0x2c obj_cooja/mtype402.a(rimestats.o)
 .comment       0x0000000000000000       0x2a obj_cooja/mtype402.a(stimer.o)
 .comment       0x0000000000000000       0x2a obj_cooja/mtype402.a(memb.o)
 .comment       0x0000000000000000       0x2a obj_cooja/mtype402.a(uip-ds6-route.o)
 .comment       0x0000000000000000       0x2a obj_cooja/mtype402.a(uip-icmp6.o)
 .comment       0x0000000000000000       0x2a obj_cooja/mtype402.a(uip-nd6.o)
 .comment       0x0000000000000000       0x2a obj_cooja/mtype402.a(rpl-nbr-policy.)
 .comment       0x0000000000000000       0x2a obj_cooja/mtype402.a(frame802154.o)
 .comment       0x0000000000000000       0x2a obj_cooja/mtype402.a(mac.o)
 .comment       0x0000000000000000       0x2a /usr/lib/gcc/i686-linux-gnu/4.8/crtendS.o

.debug
 *(.debug)

.line
 *(.line)

.debug_srcinfo
 *(.debug_srcinfo)

.debug_sfnames
 *(.debug_sfnames)

.debug_aranges  0x0000000000000000      0x7d8
 *(.debug_aranges)
 .debug_aranges
                0x0000000000000000       0x20 udp-server.co
 .debug_aranges
                0x0000000000000020       0x20 obj_cooja/mtype402.o
 .debug_aranges
                0x0000000000000040       0x20 obj_cooja/mtype402.a(simEnvChange.o)
 .debug_aranges
                0x0000000000000060       0x20 obj_cooja/mtype402.a(cooja_mt.o)
 .debug_aranges
                0x0000000000000080       0x20 obj_cooja/mtype402.a(cooja_mtarch.o)
 .debug_aranges
                0x00000000000000a0       0x20 obj_cooja/mtype402.a(rtimer-arch.o)
 .debug_aranges
                0x00000000000000c0       0x20 obj_cooja/mtype402.a(beep.o)
 .debug_aranges
                0x00000000000000e0       0x20 obj_cooja/mtype402.a(button-sensor.o)
 .debug_aranges
                0x0000000000000100       0x20 obj_cooja/mtype402.a(leds-arch.o)
 .debug_aranges
                0x0000000000000120       0x20 obj_cooja/mtype402.a(moteid.o)
 .debug_aranges
                0x0000000000000140       0x20 obj_cooja/mtype402.a(pir-sensor.o)
 .debug_aranges
                0x0000000000000160       0x20 obj_cooja/mtype402.a(rs232.o)
 .debug_aranges
                0x0000000000000180       0x20 obj_cooja/mtype402.a(vib-sensor.o)
 .debug_aranges
                0x00000000000001a0       0x20 obj_cooja/mtype402.a(clock.o)
 .debug_aranges
                0x00000000000001c0       0x20 obj_cooja/mtype402.a(log.o)
 .debug_aranges
                0x00000000000001e0       0x20 obj_cooja/mtype402.a(cfs-cooja.o)
 .debug_aranges
                0x0000000000000200       0x20 obj_cooja/mtype402.a(cooja-radio.o)
 .debug_aranges
                0x0000000000000220       0x20 obj_cooja/mtype402.a(eeprom.o)
 .debug_aranges
                0x0000000000000240       0x20 obj_cooja/mtype402.a(random.o)
 .debug_aranges
                0x0000000000000260       0x20 obj_cooja/mtype402.a(sensors.o)
 .debug_aranges
                0x0000000000000280       0x20 obj_cooja/mtype402.a(autostart.o)
 .debug_aranges
                0x00000000000002a0       0x20 obj_cooja/mtype402.a(ctimer.o)
 .debug_aranges
                0x00000000000002c0       0x20 obj_cooja/mtype402.a(etimer.o)
 .debug_aranges
                0x00000000000002e0       0x20 obj_cooja/mtype402.a(log_message.o)
 .debug_aranges
                0x0000000000000300       0x20 obj_cooja/mtype402.a(process.o)
 .debug_aranges
                0x0000000000000320       0x20 obj_cooja/mtype402.a(residual.o)
 .debug_aranges
                0x0000000000000340       0x20 obj_cooja/mtype402.a(rtimer.o)
 .debug_aranges
                0x0000000000000360       0x20 obj_cooja/mtype402.a(timer.o)
 .debug_aranges
                0x0000000000000380       0x20 obj_cooja/mtype402.a(serial-line.o)
 .debug_aranges
                0x00000000000003a0       0x20 obj_cooja/mtype402.a(list.o)
 .debug_aranges
                0x00000000000003c0       0x20 obj_cooja/mtype402.a(ringbuf.o)
 .debug_aranges
                0x00000000000003e0       0x20 obj_cooja/mtype402.a(sicslowpan.o)
 .debug_aranges
                0x0000000000000400       0x20 obj_cooja/mtype402.a(uip-ds6-nbr.o)
 .debug_aranges
                0x0000000000000420       0x20 obj_cooja/mtype402.a(uip-ds6.o)
 .debug_aranges
                0x0000000000000440       0x20 obj_cooja/mtype402.a(uip6.o)
 .debug_aranges
                0x0000000000000460       0x20 obj_cooja/mtype402.a(tcpip.o)
 .debug_aranges
                0x0000000000000480       0x20 obj_cooja/mtype402.a(uip-debug.o)
 .debug_aranges
                0x00000000000004a0       0x20 obj_cooja/mtype402.a(uip-packetqueue)
 .debug_aranges
                0x00000000000004c0       0x20 obj_cooja/mtype402.a(rpl-dag.o)
 .debug_aranges
                0x00000000000004e0       0x20 obj_cooja/mtype402.a(rpl-ext-header.)
 .debug_aranges
                0x0000000000000500       0x20 obj_cooja/mtype402.a(rpl-icmp6.o)
 .debug_aranges
                0x0000000000000520       0x20 obj_cooja/mtype402.a(rpl-mrhof.o)
 .debug_aranges
                0x0000000000000540       0x20 obj_cooja/mtype402.a(rpl-timers.o)
 .debug_aranges
                0x0000000000000560       0x20 obj_cooja/mtype402.a(rpl.o)
 .debug_aranges
                0x0000000000000580       0x20 obj_cooja/mtype402.a(framer-802154.o)
 .debug_aranges
                0x00000000000005a0       0x20 obj_cooja/mtype402.a(nullmac.o)
 .debug_aranges
                0x00000000000005c0       0x20 obj_cooja/mtype402.a(cxmac.o)
 .debug_aranges
                0x00000000000005e0       0x20 obj_cooja/mtype402.a(linkaddr.o)
 .debug_aranges
                0x0000000000000600       0x20 obj_cooja/mtype402.a(nbr-table.o)
 .debug_aranges
                0x0000000000000620       0x20 obj_cooja/mtype402.a(netstack.o)
 .debug_aranges
                0x0000000000000640       0x20 obj_cooja/mtype402.a(packetbuf.o)
 .debug_aranges
                0x0000000000000660       0x20 obj_cooja/mtype402.a(queuebuf.o)
 .debug_aranges
                0x0000000000000680       0x20 obj_cooja/mtype402.a(nullsec.o)
 .debug_aranges
                0x00000000000006a0       0x20 obj_cooja/mtype402.a(watchdog.o)
 .debug_aranges
                0x00000000000006c0       0x18 obj_cooja/mtype402.a(rimestats.o)
 .debug_aranges
                0x00000000000006d8       0x20 obj_cooja/mtype402.a(stimer.o)
 .debug_aranges
                0x00000000000006f8       0x20 obj_cooja/mtype402.a(memb.o)
 .debug_aranges
                0x0000000000000718       0x20 obj_cooja/mtype402.a(uip-ds6-route.o)
 .debug_aranges
                0x0000000000000738       0x20 obj_cooja/mtype402.a(uip-icmp6.o)
 .debug_aranges
                0x0000000000000758       0x20 obj_cooja/mtype402.a(uip-nd6.o)
 .debug_aranges
                0x0000000000000778       0x20 obj_cooja/mtype402.a(rpl-nbr-policy.)
 .debug_aranges
                0x0000000000000798       0x20 obj_cooja/mtype402.a(frame802154.o)
 .debug_aranges
                0x00000000000007b8       0x20 obj_cooja/mtype402.a(mac.o)

.debug_pubnames
 *(.debug_pubnames)

.debug_info     0x0000000000000000    0x1b533
 *(.debug_info .gnu.linkonce.wi.*)
 .debug_info    0x0000000000000000      0xe4b udp-server.co
 .debug_info    0x0000000000000e4b     0x3ac4 obj_cooja/mtype402.o
 .debug_info    0x000000000000490f      0x15a obj_cooja/mtype402.a(simEnvChange.o)
 .debug_info    0x0000000000004a69      0x1e2 obj_cooja/mtype402.a(cooja_mt.o)
 .debug_info    0x0000000000004c4b      0x2e7 obj_cooja/mtype402.a(cooja_mtarch.o)
 .debug_info    0x0000000000004f32      0x16b obj_cooja/mtype402.a(rtimer-arch.o)
 .debug_info    0x000000000000509d      0x1f3 obj_cooja/mtype402.a(beep.o)
 .debug_info    0x0000000000005290      0x257 obj_cooja/mtype402.a(button-sensor.o)
 .debug_info    0x00000000000054e7      0x132 obj_cooja/mtype402.a(leds-arch.o)
 .debug_info    0x0000000000005619      0x10a obj_cooja/mtype402.a(moteid.o)
 .debug_info    0x0000000000005723      0x216 obj_cooja/mtype402.a(pir-sensor.o)
 .debug_info    0x0000000000005939      0x21e obj_cooja/mtype402.a(rs232.o)
 .debug_info    0x0000000000005b57      0x216 obj_cooja/mtype402.a(vib-sensor.o)
 .debug_info    0x0000000000005d6d      0x152 obj_cooja/mtype402.a(clock.o)
 .debug_info    0x0000000000005ebf      0x2bb obj_cooja/mtype402.a(log.o)
 .debug_info    0x000000000000617a      0x3cf obj_cooja/mtype402.a(cfs-cooja.o)
 .debug_info    0x0000000000006549      0xc9b obj_cooja/mtype402.a(cooja-radio.o)
 .debug_info    0x00000000000071e4      0x1d5 obj_cooja/mtype402.a(eeprom.o)
 .debug_info    0x00000000000073b9       0xb3 obj_cooja/mtype402.a(random.o)
 .debug_info    0x000000000000746c      0x36d obj_cooja/mtype402.a(sensors.o)
 .debug_info    0x00000000000077d9      0x1a5 obj_cooja/mtype402.a(autostart.o)
 .debug_info    0x000000000000797e      0x46c obj_cooja/mtype402.a(ctimer.o)
 .debug_info    0x0000000000007dea      0x49c obj_cooja/mtype402.a(etimer.o)
 .debug_info    0x0000000000008286      0x3d2 obj_cooja/mtype402.a(log_message.o)
 .debug_info    0x0000000000008658      0x4ba obj_cooja/mtype402.a(process.o)
 .debug_info    0x0000000000008b12      0x164 obj_cooja/mtype402.a(residual.o)
 .debug_info    0x0000000000008c76      0x1ab obj_cooja/mtype402.a(rtimer.o)
 .debug_info    0x0000000000008e21      0x16c obj_cooja/mtype402.a(timer.o)
 .debug_info    0x0000000000008f8d      0x2de obj_cooja/mtype402.a(serial-line.o)
 .debug_info    0x000000000000926b      0x2ed obj_cooja/mtype402.a(list.o)
 .debug_info    0x0000000000009558      0x1aa obj_cooja/mtype402.a(ringbuf.o)
 .debug_info    0x0000000000009702     0x105e obj_cooja/mtype402.a(sicslowpan.o)
 .debug_info    0x000000000000a760      0x853 obj_cooja/mtype402.a(uip-ds6-nbr.o)
 .debug_info    0x000000000000afb3      0xa5b obj_cooja/mtype402.a(uip-ds6.o)
 .debug_info    0x000000000000ba0e      0xea0 obj_cooja/mtype402.a(uip6.o)
 .debug_info    0x000000000000c8ae     0x1493 obj_cooja/mtype402.a(tcpip.o)
 .debug_info    0x000000000000dd41      0x1b5 obj_cooja/mtype402.a(uip-debug.o)
 .debug_info    0x000000000000def6      0x470 obj_cooja/mtype402.a(uip-packetqueue)
 .debug_info    0x000000000000e366     0x1c3e obj_cooja/mtype402.a(rpl-dag.o)
 .debug_info    0x000000000000ffa4      0xe97 obj_cooja/mtype402.a(rpl-ext-header.)
 .debug_info    0x0000000000010e3b     0x18fa obj_cooja/mtype402.a(rpl-icmp6.o)
 .debug_info    0x0000000000012735      0xb38 obj_cooja/mtype402.a(rpl-mrhof.o)
 .debug_info    0x000000000001326d      0xc36 obj_cooja/mtype402.a(rpl-timers.o)
 .debug_info    0x0000000000013ea3      0xd4a obj_cooja/mtype402.a(rpl.o)
 .debug_info    0x0000000000014bed      0x5ed obj_cooja/mtype402.a(framer-802154.o)
 .debug_info    0x00000000000151da      0x3d5 obj_cooja/mtype402.a(nullmac.o)
 .debug_info    0x00000000000155af      0xfe8 obj_cooja/mtype402.a(cxmac.o)
 .debug_info    0x0000000000016597      0x165 obj_cooja/mtype402.a(linkaddr.o)
 .debug_info    0x00000000000166fc      0x8e4 obj_cooja/mtype402.a(nbr-table.o)
 .debug_info    0x0000000000016fe0      0x4ba obj_cooja/mtype402.a(netstack.o)
 .debug_info    0x000000000001749a      0x478 obj_cooja/mtype402.a(packetbuf.o)
 .debug_info    0x0000000000017912      0x57d obj_cooja/mtype402.a(queuebuf.o)
 .debug_info    0x0000000000017e8f      0x3aa obj_cooja/mtype402.a(nullsec.o)
 .debug_info    0x0000000000018239       0x7b obj_cooja/mtype402.a(watchdog.o)
 .debug_info    0x00000000000182b4      0x119 obj_cooja/mtype402.a(rimestats.o)
 .debug_info    0x00000000000183cd      0x179 obj_cooja/mtype402.a(stimer.o)
 .debug_info    0x0000000000018546      0x1d7 obj_cooja/mtype402.a(memb.o)
 .debug_info    0x000000000001871d      0xd30 obj_cooja/mtype402.a(uip-ds6-route.o)
 .debug_info    0x000000000001944d      0x7b7 obj_cooja/mtype402.a(uip-icmp6.o)
 .debug_info    0x0000000000019c04      0x331 obj_cooja/mtype402.a(uip-nd6.o)
 .debug_info    0x0000000000019f35      0xe38 obj_cooja/mtype402.a(rpl-nbr-policy.)
 .debug_info    0x000000000001ad6d      0x6b4 obj_cooja/mtype402.a(frame802154.o)
 .debug_info    0x000000000001b421      0x112 obj_cooja/mtype402.a(mac.o)

.debug_abbrev   0x0000000000000000     0x6419
 *(.debug_abbrev)
 .debug_abbrev  0x0000000000000000      0x227 udp-server.co
 .debug_abbrev  0x0000000000000227      0x2be obj_cooja/mtype402.o
 .debug_abbrev  0x00000000000004e5       0xc3 obj_cooja/mtype402.a(simEnvChange.o)
 .debug_abbrev  0x00000000000005a8       0xe6 obj_cooja/mtype402.a(cooja_mt.o)
 .debug_abbrev  0x000000000000068e      0x147 obj_cooja/mtype402.a(cooja_mtarch.o)
 .debug_abbrev  0x00000000000007d5       0xcc obj_cooja/mtype402.a(rtimer-arch.o)
 .debug_abbrev  0x00000000000008a1       0xe3 obj_cooja/mtype402.a(beep.o)
 .debug_abbrev  0x0000000000000984      0x11c obj_cooja/mtype402.a(button-sensor.o)
 .debug_abbrev  0x0000000000000aa0       0xe1 obj_cooja/mtype402.a(leds-arch.o)