Archive member included to satisfy reference by file (symbol)

obj_cooja/mtype670.a(simEnvChange.o)
                              obj_cooja/mtype670.o (simDontFallAsleep)
obj_cooja/mtype670.a(cooja_mt.o)
                              obj_cooja/mtype670.o (cooja_mt_start)
obj_cooja/mtype670.a(cooja_mtarch.o)
                              obj_cooja/mtype670.a(cooja_mt.o) (cooja_mtarch_init)
obj_cooja/mtype670.a(rtimer-arch.o)
                              obj_cooja/mtype670.o (rtimer_arch_next)
obj_cooja/mtype670.a(beep.o)  obj_cooja/mtype670.o (beep_interface)
obj_cooja/mtype670.a(button-sensor.o)
                              obj_cooja/mtype670.o (button_interface)
obj_cooja/mtype670.a(leds-arch.o)
                              obj_cooja/mtype670.o (leds_interface)
obj_cooja/mtype670.a(moteid.o)
                              obj_cooja/mtype670.o (moteid_interface)
obj_cooja/mtype670.a(pir-sensor.o)
                              obj_cooja/mtype670.o (pir_interface)
obj_cooja/mtype670.a(rs232.o)
                              obj_cooja/mtype670.o (rs232_interface)
obj_cooja/mtype670.a(vib-sensor.o)
                              obj_cooja/mtype670.o (vib_interface)
obj_cooja/mtype670.a(clock.o)
                              obj_cooja/mtype670.o (clock_interface)
obj_cooja/mtype670.a(log.o)   obj_cooja/mtype670.o (simlog_interface)
obj_cooja/mtype670.a(cfs-cooja.o)
                              obj_cooja/mtype670.o (cfs_interface)
obj_cooja/mtype670.a(cooja-radio.o)
                              obj_cooja/mtype670.o (radio_interface)
obj_cooja/mtype670.a(eeprom.o)
                              obj_cooja/mtype670.o (eeprom_interface)
obj_cooja/mtype670.a(random.o)
                              obj_cooja/mtype670.a(moteid.o) (random_init)
obj_cooja/mtype670.a(sensors.o)
                              obj_cooja/mtype670.o (sensors_process)
obj_cooja/mtype670.a(dual_conf.o)
                              obj_cooja/mtype670.a(cooja-radio.o) (long_range_radio)
obj_cooja/mtype670.a(autostart.o)
                              obj_cooja/mtype670.o (autostart_start)
obj_cooja/mtype670.a(ctimer.o)
                              obj_cooja/mtype670.o (ctimer_init)
obj_cooja/mtype670.a(etimer.o)
                              obj_cooja/mtype670.o (etimer_process)
obj_cooja/mtype670.a(log_message.o)
                              obj_cooja/mtype670.o (log_initialization)
obj_cooja/mtype670.a(process.o)
                              udp-client.co (process_current)
obj_cooja/mtype670.a(residual.o)
                              udp-client.co (get_residual_energy)
obj_cooja/mtype670.a(rtimer.o)
                              obj_cooja/mtype670.a(rtimer-arch.o) (rtimer_run_next)
obj_cooja/mtype670.a(stimer.o)
                              udp-client.co (stimer_remaining)
obj_cooja/mtype670.a(timer.o)
                              obj_cooja/mtype670.a(button-sensor.o) (timer_set)
obj_cooja/mtype670.a(serial-line.o)
                              udp-client.co (serial_line_event_message)
obj_cooja/mtype670.a(list.o)  obj_cooja/mtype670.a(ctimer.o) (list_init)
obj_cooja/mtype670.a(ringbuf.o)
                              obj_cooja/mtype670.a(serial-line.o) (ringbuf_init)
obj_cooja/mtype670.a(sicslowpan.o)
                              obj_cooja/mtype670.o (sicslowpan_driver)
obj_cooja/mtype670.a(uip-ds6-nbr.o)
                              obj_cooja/mtype670.a(sicslowpan.o) (uip_ds6_link_neighbor_callback)
obj_cooja/mtype670.a(uip-ds6-route.o)
                              udp-client.co (uip_ds6_route_nexthop)
obj_cooja/mtype670.a(uip-ds6.o)
                              udp-client.co (uip_ds6_if)
obj_cooja/mtype670.a(uip6.o)  udp-client.co (uip_lladdr)
obj_cooja/mtype670.a(tcpip.o)
                              udp-client.co (tcpip_event)
obj_cooja/mtype670.a(uip-debug.o)
                              udp-client.co (uip_debug_ipaddr_print)
obj_cooja/mtype670.a(uip-packetqueue)
                              obj_cooja/mtype670.a(uip-ds6-nbr.o) (uip_packetqueue_new)
obj_cooja/mtype670.a(uip-udp-packet.)
                              udp-client.co (uip_udp_packet_sendto)
obj_cooja/mtype670.a(rpl-dag.o)
                              obj_cooja/mtype670.a(tcpip.o) (rpl_repair_root)
obj_cooja/mtype670.a(rpl-ext-header.)
                              obj_cooja/mtype670.a(uip6.o) (rpl_verify_header)
obj_cooja/mtype670.a(rpl-icmp6.o)
                              obj_cooja/mtype670.a(rpl-dag.o) (rpl_icmp6_update_nbr_table)
obj_cooja/mtype670.a(rpl-ltmax.o)
                              obj_cooja/mtype670.a(rpl-dag.o) (rpl_ltmax_of)
obj_cooja/mtype670.a(rpl-timers.o)
                              obj_cooja/mtype670.a(rpl-dag.o) (rpl_reset_dio_timer)
obj_cooja/mtype670.a(rpl.o)   obj_cooja/mtype670.a(rpl-icmp6.o) (rpl_get_mode)
obj_cooja/mtype670.a(framer-802154.o)
                              obj_cooja/mtype670.a(sicslowpan.o) (framer_802154)
obj_cooja/mtype670.a(nullmac.o)
                              obj_cooja/mtype670.o (nullmac_driver)
[...]
Memory Configuration

Name             Origin             Length             Attributes
*default*        0x0000000000000000 0xffffffffffffffff

Linker script and memory map

LOAD /usr/lib/gcc/i686-linux-gnu/4.8/../../../i386-linux-gnu/crti.o
LOAD /usr/lib/gcc/i686-linux-gnu/4.8/crtbeginS.o
LOAD udp-client.co
LOAD obj_cooja/mtype670.o
LOAD obj_cooja/mtype670.a
LOAD /usr/lib/gcc/i686-linux-gnu/4.8/libgcc.a
LOAD /usr/lib/gcc/i686-linux-gnu/4.8/libgcc_s.so
LOAD /usr/lib/gcc/i686-linux-gnu/4.8/../../../i386-linux-gnu/libc.so
START GROUP
LOAD /lib/i386-linux-gnu/libc.so.6
LOAD /usr/lib/i386-linux-gnu/libc_nonshared.a
LOAD /lib/i386-linux-gnu/ld-linux.so.2
END GROUP
LOAD /usr/lib/gcc/i686-linux-gnu/4.8/libgcc.a
LOAD /usr/lib/gcc/i686-linux-gnu/4.8/libgcc_s.so
LOAD /usr/lib/gcc/i686-linux-gnu/4.8/crtendS.o
LOAD /usr/lib/gcc/i686-linux-gnu/4.8/../../../i386-linux-gnu/crtn.o
                0x0000000000000114                . = (0x0 + SIZEOF_HEADERS)

.note.gnu.build-id
                0x0000000000000114       0x24
 *(.note.gnu.build-id)
 .note.gnu.build-id
                0x0000000000000114       0x24 /usr/lib/gcc/i686-linux-gnu/4.8/../../../i386-linux-gnu/crti.o

.hash
 *(.hash)

.gnu.hash       0x0000000000000138     0x137c
 *(.gnu.hash)
 .gnu.hash      0x0000000000000138     0x137c /usr/lib/gcc/i686-linux-gnu/4.8/../../../i386-linux-gnu/crti.o

.dynsym         0x00000000000014b4     0x2650
 *(.dynsym)
 .dynsym        0x00000000000014b4     0x2650 /usr/lib/gcc/i686-linux-gnu/4.8/../../../i386-linux-gnu/crti.o

.dynstr         0x0000000000003b04     0x2770
 *(.dynstr)
 .dynstr        0x0000000000003b04     0x2770 /usr/lib/gcc/i686-linux-gnu/4.8/../../../i386-linux-gnu/crti.o

.gnu.version    0x0000000000006274      0x4ca
 *(.gnu.version)
 .gnu.version   0x0000000000006274      0x4ca /usr/lib/gcc/i686-linux-gnu/4.8/../../../i386-linux-gnu/crti.o

.gnu.version_d  0x0000000000006740        0x0
 *(.gnu.version_d)
 .gnu.version_d
                0x0000000000000000        0x0 /usr/lib/gcc/i686-linux-gnu/4.8/../../../i386-linux-gnu/crti.o

.gnu.version_r  0x0000000000006740       0x50
 *(.gnu.version_r)
 .gnu.version_r
                0x0000000000006740       0x50 /usr/lib/gcc/i686-linux-gnu/4.8/../../../i386-linux-gnu/crti.o

.rel.dyn        0x0000000000006790     0x9620
 *(.rel.init)
 .rel.init      0x0000000000000000        0x0 /usr/lib/gcc/i686-linux-gnu/4.8/../../../i386-linux-gnu/crti.o
 *(.rel.text .rel.text.* .rel.gnu.linkonce.t.*)
 .rel.text      0x0000000000006790     0x8e80 /usr/lib/gcc/i686-linux-gnu/4.8/../../../i386-linux-gnu/crti.o
 *(.rel.fini)
 .rel.fini      0x0000000000000000        0x0 /usr/lib/gcc/i686-linux-gnu/4.8/../../../i386-linux-gnu/crti.o
 *(.rel.rodata .rel.rodata.* .rel.gnu.linkonce.r.*)
 .rel.rodata    0x000000000000f610      0x4e0 /usr/lib/gcc/i686-linux-gnu/4.8/../../../i386-linux-gnu/crti.o
 *(.rel.data.rel.ro .rel.data.rel.ro.* .rel.gnu.linkonce.d.rel.ro.*)
 *(.rel.data .rel.data.* .rel.gnu.linkonce.d.*)
 .rel.data.rel  0x000000000000faf0        0x8 /usr/lib/gcc/i686-linux-gnu/4.8/../../../i386-linux-gnu/crti.o
 .rel.data      0x000000000000faf8      0x280 /usr/lib/gcc/i686-linux-gnu/4.8/../../../i386-linux-gnu/crti.o
 *(.rel.tdata .rel.tdata.* .rel.gnu.linkonce.td.*)
 *(.rel.tbss .rel.tbss.* .rel.gnu.linkonce.tb.*)
 *(.rel.ctors)
 *(.rel.dtors)
 *(.rel.got)
 .rel.got       0x000000000000fd78       0x28 /usr/lib/gcc/i686-linux-gnu/4.8/../../../i386-linux-gnu/crti.o
 *(.rel.bss .rel.bss.* .rel.gnu.linkonce.b.*)
 *(.rel.ifunc)
 .rel.ifunc     0x0000000000000000        0x0 /usr/lib/gcc/i686-linux-gnu/4.8/../../../i386-linux-gnu/crti.o
 .rel.fini_array
                0x000000000000fda0        0x8 /usr/lib/gcc/i686-linux-gnu/4.8/../../../i386-linux-gnu/crti.o
 .rel.init_array
                0x000000000000fda8        0x8 /usr/lib/gcc/i686-linux-gnu/4.8/../../../i386-linux-gnu/crti.o

.rel.plt        0x000000000000fdb0       0x10
 *(.rel.plt)
 .rel.plt       0x000000000000fdb0       0x10 /usr/lib/gcc/i686-linux-gnu/4.8/../../../i386-linux-gnu/crti.o
 *(.rel.iplt)

.init           0x000000000000fdc0       0x23
 *(SORT(.init))
 .init          0x000000000000fdc0       0x1e /usr/lib/gcc/i686-linux-gnu/4.8/../../../i386-linux-gnu/crti.o
                0x000000000000fdc0                _init
 .init          0x000000000000fdde        0x5 /usr/lib/gcc/i686-linux-gnu/4.8/../../../i386-linux-gnu/crtn.o

.plt            0x000000000000fdf0       0x30
 *(.plt)
 .plt           0x000000000000fdf0       0x30 /usr/lib/gcc/i686-linux-gnu/4.8/../../../i386-linux-gnu/crti.o
 *(.iplt)

.text           0x000000000000fe20    0x16cab
 *(.text.unlikely .text.*_unlikely .text.unlikely.*)
 *(.text.exit .text.exit.*)
 *(.text.startup .text.startup.*)
 *(.text.hot .text.hot.*)
 *(.text .stub .text.* .gnu.linkonce.t.*)
 .text          0x000000000000fe20        0x0 /usr/lib/gcc/i686-linux-gnu/4.8/../../../i386-linux-gnu/crti.o
 .gnu.linkonce.t.__x86.get_pc_thunk.bx
                0x000000000000fe20        0x4 /usr/lib/gcc/i686-linux-gnu/4.8/../../../i386-linux-gnu/crti.o
                0x000000000000fe20                __x86.get_pc_thunk.bx
 *fill*         0x000000000000fe24        0xc 
 .text          0x000000000000fe30      0x11b /usr/lib/gcc/i686-linux-gnu/4.8/crtbeginS.o
 .text          0x000000000000ff4b      0x784 udp-client.co
 .text          0x00000000000106cf      0x96a obj_cooja/mtype670.o
                0x000000000001087d                contiki_init
                0x0000000000010e50                Java_org_contikios_cooja_corecomm_Lib2_init
                0x0000000000010e90                Java_org_contikios_cooja_corecomm_Lib2_getMemory
                0x0000000000010ed0                Java_org_contikios_cooja_corecomm_Lib2_setMemory
                0x0000000000010f47                Java_org_contikios_cooja_corecomm_Lib2_tick
                0x0000000000011027                Java_org_contikios_cooja_corecomm_Lib2_setReferenceAddress
 .text          0x0000000000011039       0x63 obj_cooja/mtype670.a(simEnvChange.o)
                0x0000000000011039                doActionsBeforeTick
                0x000000000001106a                doActionsAfterTick
 .text          0x000000000001109c       0xbc obj_cooja/mtype670.a(cooja_mt.o)
                0x000000000001109c                cooja_mt_init
                0x00000000000110a9                cooja_mt_remove
                0x00000000000110b6                cooja_mt_start
                0x00000000000110e3                cooja_mt_exec
                0x0000000000011114                cooja_mt_exit
                0x0000000000011136                cooja_mt_yield
 .text          0x0000000000011158      0x115 obj_cooja/mtype670.a(cooja_mtarch.o)
                0x0000000000011158                cooja_mtarch_init
                0x000000000001115d                cooja_mtarch_start
                0x00000000000111d8                cooja_sw
                0x00000000000111fa                cooja_mtarch_exec
                0x0000000000011216                cooja_mtarch_remove
                0x000000000001121b                cooja_mtarch_yield
                0x0000000000011225                cooja_mtarch_pstop
                0x000000000001122a                cooja_mtarch_pstart
                0x000000000001122f                cooja_mtarch_stack_usage
 .text          0x000000000001126d       0xc2 obj_cooja/mtype670.a(rtimer-arch.o)
                0x000000000001126d                rtimer_arch_init
                0x0000000000011290                rtimer_arch_schedule
                0x00000000000112a7                rtimer_arch_next
                0x00000000000112b1                rtimer_arch_pending
                0x00000000000112bb                rtimer_arch_check
                0x00000000000112ed                rtimer_arch_now
 .text          0x000000000001132f       0x76 obj_cooja/mtype670.a(beep.o)
                0x000000000001132f                beep_alarm
                0x000000000001133b                beep_beep
                0x0000000000011347                beep
                0x0000000000011353                beep_down
                0x000000000001135f                beep_on
                0x000000000001136b                beep_off
                0x0000000000011377                beep_spinup
                0x0000000000011383                beep_quick
                0x000000000001138f                beep_long
 .text          0x00000000000113a5      0x103 obj_cooja/mtype670.a(button-sensor.o)
 .text          0x00000000000114a8       0x45 obj_cooja/mtype670.a(leds-arch.o)
                0x00000000000114a8                leds_arch_init
                0x00000000000114b4                leds_arch_get
                0x00000000000114c0                leds_arch_set
 .text          0x00000000000114ed       0x2f obj_cooja/mtype670.a(moteid.o)
 .text          0x000000000001151c       0xb1 obj_cooja/mtype670.a(pir-sensor.o)
 .text          0x00000000000115cd      0x131 obj_cooja/mtype670.a(rs232.o)
                0x00000000000115cd                rs232_init
                0x00000000000115d2                rs232_set_speed
                0x00000000000115e0                rs232_set_input
                0x00000000000115ed                rs232_send
                0x000000000001160f                rs232_print
                0x000000000001162a                slip_arch_writeb
 .text          0x00000000000116fe       0xb1 obj_cooja/mtype670.a(vib-sensor.o)
 .text          0x00000000000117af       0x34 obj_cooja/mtype670.a(clock.o)
                0x00000000000117af                clock_init
                0x00000000000117b4                clock_time
                0x00000000000117be                clock_seconds
                0x00000000000117d4                clock_delay
 .text          0x00000000000117e3      0x1ed obj_cooja/mtype670.a(log.o)
                0x00000000000117e3                simlog_char
                0x0000000000011825                simlog
                0x0000000000011892                log_message
                0x00000000000118ba                log_set_putchar_with_slip
                0x00000000000118c7                log_putchar
                0x000000000001194b                log_puts
                0x000000000001196f                log_printf
 .text          0x00000000000119d0      0x2c4 obj_cooja/mtype670.a(cfs-cooja.o)
                0x00000000000119d0                cfs_open
                0x0000000000011a39                cfs_close
                0x0000000000011a45                cfs_read
                0x0000000000011ae3                cfs_write
                0x0000000000011bc0                cfs_seek
                0x0000000000011c48                cfs_remove
                0x0000000000011c71                cfs_opendir
                0x0000000000011c7b                cfs_readdir
                0x0000000000011c85                cfs_closedir
 .text          0x0000000000011c94      0x687 obj_cooja/mtype670.a(cooja-radio.o)
                0x0000000000011cbe                radio_set_channel
                0x0000000000011cd3                radio_set_txpower
                0x0000000000011cf3                radio_signal_strength_last
                0x0000000000011cfd                radio_signal_strength_current
                0x0000000000011d07                radio_LQI
 .text          0x000000000001231b       0xef obj_cooja/mtype670.a(eeprom.o)
                0x000000000001231b                eeprom_init
                0x0000000000012320                eeprom_read
                0x0000000000012390                eeprom_write
 .text          0x000000000001240a       0x28 obj_cooja/mtype670.a(random.o)
                0x000000000001240a                random_init
                0x0000000000012425                random_rand
 .text          0x0000000000012432      0x2a1 obj_cooja/mtype670.a(sensors.o)
                0x000000000001246d                sensors_first
                0x0000000000012477                sensors_next
                0x0000000000012494                sensors_changed
                0x00000000000124c3                sensors_find
 .text          0x00000000000126d3      0x348 obj_cooja/mtype670.a(dual_conf.o)
                0x00000000000126d3                dual_radio_switch
                0x0000000000012713                dual_radio_change
                0x000000000001274d                sending_in_LR
                0x0000000000012778                dual_radio_received
                0x00000000000127b0                radio_received_is_longrange
                0x00000000000127cb                dual_radio_turn_on
                0x00000000000127ee                dual_radio_turn_off
                0x00000000000129d1                dio_broadcast
                0x00000000000129fa                dis_broadcast
 .text          0x0000000000012a1b       0x8e obj_cooja/mtype670.a(autostart.o)
                0x0000000000012a1b                autostart_start
                0x0000000000012a66                autostart_exit
 .text          0x0000000000012aa9      0x334 obj_cooja/mtype670.a(ctimer.o)
                0x0000000000012bc0                ctimer_init
                0x0000000000012bf0                ctimer_set
                0x0000000000012c21                ctimer_set_with_process
                0x0000000000012c9d                ctimer_reset
                0x0000000000012cec                ctimer_restart
                0x0000000000012d3b                ctimer_stop
                0x0000000000012d86                ctimer_expired
 .text          0x0000000000012ddd      0x40b obj_cooja/mtype670.a(etimer.o)
                0x0000000000012ff0                etimer_request_poll
                0x0000000000013074                etimer_set
                0x0000000000013099                etimer_reset_with_new_interval
                0x00000000000130c0                etimer_reset
                0x00000000000130de                etimer_restart
                0x00000000000130fc                etimer_adjust
                0x0000000000013118                etimer_expired
                0x000000000001312b                etimer_expiration_time
                0x000000000001313d                etimer_start_time
                0x0000000000013147                etimer_pending
                0x0000000000013159                etimer_next_expiration_time
                0x0000000000013173                etimer_stop
 .text          0x00000000000131e8       0xdd obj_cooja/mtype670.a(log_message.o)
                0x00000000000131e8                log_initialization
                0x00000000000132a4                log_finisher
 .text          0x00000000000132c5      0x560 obj_cooja/mtype670.a(process.o)
                0x00000000000132c5                process_alloc_event
                0x00000000000132da                process_start
                0x00000000000134c3                process_exit
                0x00000000000134df                process_init
                0x00000000000136b0                process_run
                0x00000000000136e3                process_nevents
                0x00000000000136fe                process_post
                0x00000000000137aa                process_post_synch
                0x00000000000137e2                process_poll
                0x0000000000013811                process_is_running
 .text          0x0000000000013825       0xd3 obj_cooja/mtype670.a(residual.o)
                0x0000000000013825                get_residual_energy
 .text          0x00000000000138f8       0xba obj_cooja/mtype670.a(rtimer.o)
                0x00000000000138f8                rtimer_init
                0x0000000000013905                rtimer_set
                0x000000000001395c                rtimer_run_next
 .text          0x00000000000139b2       0xa3 obj_cooja/mtype670.a(stimer.o)
                0x00000000000139b2                stimer_set
                0x00000000000139cd                stimer_reset
                0x00000000000139e4                stimer_restart
                0x00000000000139f6                stimer_expired
                0x0000000000013a1d                stimer_remaining
                0x0000000000013a41                stimer_elapsed
 .text          0x0000000000013a55       0x91 obj_cooja/mtype670.a(timer.o)
                0x0000000000013a55                timer_set
                0x0000000000013a70                timer_reset
                0x0000000000013a87                timer_restart
                0x0000000000013a99                timer_expired
                0x0000000000013ac2                timer_remaining
 .text          0x0000000000013ae6      0x1fb obj_cooja/mtype670.a(serial-line.o)
                0x0000000000013ae6                serial_line_input_byte
                0x0000000000013ca9                serial_line_init
 .text          0x0000000000013ce1      0x244 obj_cooja/mtype670.a(list.o)
                0x0000000000013ce1                list_init
                0x0000000000013cef                list_head
                0x0000000000013cf9                list_copy
                0x0000000000013d08                list_tail
                0x0000000000013d3e                list_add
                0x0000000000013d87                list_push
                0x0000000000013db3                list_chop
                0x0000000000013e1d                list_pop
                0x0000000000013e45                list_remove
                0x0000000000013eac                list_length
                0x0000000000013eda                list_insert
                0x0000000000013f0e                list_item_next
 .text          0x0000000000013f25      0x155 obj_cooja/mtype670.a(ringbuf.o)
                0x0000000000013f25                ringbuf_init
                0x0000000000013f56                ringbuf_put
                0x0000000000013fd4                ringbuf_get
                0x0000000000014041                ringbuf_size
                0x0000000000014053                ringbuf_elements
 .text          0x000000000001407a     0x258b obj_cooja/mtype670.a(sicslowpan.o)
                0x0000000000014604                rime_sniffer_add
                0x0000000000014611                rime_sniffer_remove
                0x00000000000165a4                sicslowpan_init
                0x00000000000165fb                sicslowpan_get_last_rssi
 .text          0x0000000000016605      0x2dc obj_cooja/mtype670.a(uip-ds6-nbr.o)
                0x0000000000016622                uip_ds6_neighbors_init
                0x000000000001663f                uip_ds6_nbr_add
                0x00000000000166f0                uip_ds6_nbr_rm
                0x000000000001674d                uip_ds6_nbr_get_ipaddr
                0x0000000000016762                uip_ds6_nbr_get_ll
                0x000000000001677e                uip_ds6_nbr_num
                0x00000000000167c3                uip_ds6_nbr_lookup
                0x0000000000016828                uip_ds6_nbr_ll_lookup
                0x0000000000016844                uip_ds6_nbr_ipaddr_from_lladdr
                0x000000000001686a                uip_ds6_nbr_lladdr_from_ipaddr
                0x0000000000016898                uip_ds6_link_neighbor_callback
 .text          0x00000000000168e1      0x916 obj_cooja/mtype670.a(uip-ds6-route.o)
                0x0000000000016958                uip_ds6_notification_add
                0x0000000000016989                uip_ds6_notification_rm
                0x00000000000169a5                uip_ds6_route_init
                0x0000000000016a2d                uip_ds6_route_nexthop
                0x0000000000016a55                uip_ds6_route_head
                0x0000000000016a6a                uip_ds6_route_next
                0x0000000000016a90                uip_ds6_route_is_nexthop
                0x0000000000016acf                uip_ds6_route_num_routes
                0x0000000000016ad9                uip_ds6_route_lookup
                0x0000000000016b9b                uip_ds6_route_add
                0x0000000000016dcf                uip_ds6_route_rm
                0x0000000000016f63                uip_ds6_route_rm_by_nexthop
                0x0000000000016f9b                uip_ds6_defrt_add
                0x000000000001704c                uip_ds6_defrt_rm
                0x00000000000170cb                uip_ds6_defrt_lookup
                0x0000000000017124                uip_ds6_defrt_choose
                0x000000000001718f                uip_ds6_defrt_periodic
 .text          0x00000000000171f7     0x12ad obj_cooja/mtype670.a(uip-ds6.o)
                0x00000000000171f7                uip_ds6_init
                0x000000000001754c                uip_ds6_periodic
                0x0000000000017624                uip_ds6_list_loop
                0x00000000000176cb                uip_ds6_prefix_add
                0x0000000000017789                uip_ds6_prefix_rm
                0x000000000001779b                uip_ds6_prefix_lookup
                0x00000000000177ec                uip_ds6_is_addr_onlink
                0x0000000000017860                uip_ds6_addr_add
                0x000000000001798e                uip_ds6_long_addr_add
                0x0000000000017abc                uip_ds6_addr_rm
                0x0000000000017b5c                uip_ds6_addr_lookup
                0x0000000000017ba7                uip_ds6_long_addr_lookup
                0x0000000000017bf2                uip_ds6_get_link_local
                0x0000000000017c71                uip_ds6_long_get_link_local
                0x0000000000017cf0                uip_ds6_get_global
                0x0000000000017d6f                uip_ds6_long_get_global
                0x0000000000017dee                uip_ds6_maddr_add
                0x0000000000017e60                uip_ds6_long_maddr_add
                0x0000000000017ed2                uip_ds6_maddr_rm
                0x0000000000017ee4                uip_ds6_maddr_lookup
                0x0000000000017f2f                uip_ds6_long_maddr_lookup
                0x0000000000017f7a                uip_ds6_aaddr_add
                0x0000000000017fec                uip_ds6_long_aaddr_add
                0x000000000001805e                uip_ds6_aaddr_rm
                0x0000000000018070                uip_ds6_aaddr_lookup
                0x00000000000180bb                uip_ds6_long_aaddr_lookup
                0x0000000000018106                uip_ds6_select_src
                0x000000000001838f                uip_ds6_set_addr_iid
                0x00000000000183c6                get_match_length
                0x0000000000018458                uip_ds6_compute_reachable_time
 .text          0x00000000000184a4     0x29f3 obj_cooja/mtype670.a(uip6.o)
                0x00000000000184a4                uip_add32
                0x000000000001863d                uip_chksum
                0x000000000001872b                uip_icmp6chksum
                0x000000000001873f                uip_tcpchksum
                0x0000000000018753                uip_udpchksum
                0x0000000000018767                uip_init
                0x0000000000018837                uip_connect
                0x00000000000189e6                remove_ext_hdr
                0x0000000000018abb                uip_udp_new
                0x0000000000018c17                uip_unlisten
                0x0000000000018c77                uip_listen
                0x0000000000018f39                uip_process
                0x000000000001ad8b                uip_htons
                0x000000000001adad                uip_htonl
                0x000000000001aded                uip_send
 .text          0x000000000001ae97      0xb43 obj_cooja/mtype670.a(tcpip.o)
                0x000000000001ae97                tcpip_output
                0x000000000001aec5                tcpip_set_outputfunc
                0x000000000001af59                tcp_connect
                0x000000000001afae                tcp_unlisten
                0x000000000001b009                tcp_listen
                0x000000000001b062                tcp_attach
                0x000000000001b087                udp_attach
                0x000000000001b0ac                udp_new
                0x000000000001b0fe                udp_broadcast_new
                0x000000000001b372                tcpip_input
                0x000000000001b3a6                tcpip_ipv6_output
                0x000000000001b820                tcpip_poll_udp
                0x000000000001b843                tcpip_poll_tcp
                0x000000000001b866                tcpip_uipcall
 .text          0x000000000001b9da      0x1c1 obj_cooja/mtype670.a(uip-debug.o)
                0x000000000001b9da                uip_debug_ipaddr_print
                0x000000000001bb3c                uip_debug_lladdr_print
 .text          0x000000000001bb9b      0x141 obj_cooja/mtype670.a(uip-packetqueue)
                0x000000000001bbc7                uip_packetqueue_new
                0x000000000001bbd5                uip_packetqueue_alloc
                0x000000000001bc35                uip_packetqueue_free
                0x000000000001bc76                uip_packetqueue_buf
                0x000000000001bc93                uip_packetqueue_buflen
                0x000000000001bcb4                uip_packetqueue_set_buflen
 .text          0x000000000001bcdc      0x131 obj_cooja/mtype670.a(uip-udp-packet.)
                0x000000000001bcdc                uip_udp_packet_send
                0x000000000001bd3c                uip_udp_packet_sendto
 .text          0x000000000001be0d     0x2713 obj_cooja/mtype670.a(rpl-dag.o)
                0x000000000001be0d                rpl_lr_in_neighbor_tree
                0x000000000001bf65                rpl_print_neighbor_list
                0x000000000001c00e                rpl_print_child_neighbor_list
                0x000000000001c083                rpl_get_nbr
                0x000000000001c0dd                rpl_get_nbr_child
                0x000000000001c137                rpl_dag_init
                0x000000000001c169                rpl_get_parent
                0x000000000001c18b                rpl_get_parent_rank
                0x000000000001c1be                rpl_get_parent_link_metric
                0x000000000001c1f1                rpl_get_parent_ipaddr
                0x000000000001c21b                rpl_get_child_ipaddr
                0x000000000001c536                rpl_set_root
                0x000000000001c764                rpl_repair_root
                0x000000000001c9a0                rpl_set_prefix
                0x000000000001ca9f                rpl_set_default_route
                0x000000000001cb2b                rpl_alloc_instance
                0x000000000001cbbe                rpl_alloc_dag
                0x000000000001cc71                rpl_set_default_instance
                0x000000000001cc7e                rpl_get_default_instance
                0x000000000001cc88                rpl_free_instance
                0x000000000001cd39                rpl_free_dag
                0x000000000001cd9f                rpl_add_parent
                0x000000000001ce95                rpl_find_parent
                0x000000000001cec5                rpl_add_child
                0x000000000001cf69                rpl_find_child
                0x000000000001cfb7                rpl_find_parent_any_dag
                0x000000000001cff3                rpl_select_dag
                0x000000000001d416                rpl_select_parent
                0x000000000001d478                rpl_remove_parent
                0x000000000001d4ae                rpl_remove_child
                0x000000000001d4ca                rpl_nullify_parent
                0x000000000001d568                rpl_move_parent
                0x000000000001d605                rpl_has_downward_route
                0x000000000001d658                rpl_get_any_dag
                0x000000000001d6ba                rpl_get_instance
                0x000000000001d71d                rpl_find_of
                0x000000000001d75a                rpl_join_instance
                0x000000000001d9d5                rpl_add_dag
                0x000000000001ddc4                rpl_local_repair
                0x000000000001de9d                rpl_recalculate_ranks
                0x000000000001df23                rpl_process_parent_event
                0x000000000001dfd5                rpl_process_dio
 .text          0x000000000001e520      0xbf3 obj_cooja/mtype670.a(rpl-ext-header.)
                0x000000000001e53d                rpl_verify_header
                0x000000000001e9b7                rpl_update_header_empty
                0x000000000001ecce                rpl_update_header_final
                0x000000000001ee5d                rpl_remove_header
                0x000000000001ef67                rpl_invert_header
                0x000000000001f0f1                rpl_insert_header
 .text          0x000000000001f113     0x22e6 obj_cooja/mtype670.a(rpl-icmp6.o)
                0x000000000001f3dc                rpl_icmp6_update_nbr_table
                0x000000000001f4cc                dis_output
                0x000000000001fe09                dio_output
                0x0000000000020f64                dao_output
                0x000000000002102c                dao_output_target
                0x00000000000213ad                dao_ack_output
                0x00000000000213c1                rpl_icmp6_register_handlers
 .text          0x00000000000213f9      0x370 obj_cooja/mtype670.a(rpl-ltmax.o)
 .text          0x0000000000021769      0x882 obj_cooja/mtype670.a(rpl-timers.o)
                0x0000000000021769                rpl_convergence_timer
                0x0000000000021795                rpl_reset_convergence_timer
                0x0000000000021a7e                rpl_reset_periodic_timer
                0x0000000000021ad3                rpl_reset_dio_timer
                0x0000000000021d0d                rpl_schedule_dao
                0x0000000000021d28                rpl_schedule_dao_immediately
                0x0000000000021d43                rpl_cancel_dao
                0x0000000000021da5                rpl_schedule_unicast_dio_immediately
                0x0000000000021f93                rpl_schedule_probing
 .text          0x0000000000021feb      0x5ca obj_cooja/mtype670.a(rpl.o)
                0x0000000000021feb                rpl_get_mode
                0x0000000000021ff5                rpl_set_mode
                0x0000000000022083                rpl_purge_routes
                0x000000000002217d                rpl_remove_routes
                0x00000000000221c3                rpl_remove_routes_by_nexthop
                0x000000000002222f                rpl_add_route
                0x00000000000222aa                rpl_link_neighbor_callback
                0x00000000000223af                rpl_ipv6_neighbor_callback
                0x000000000002241e                rpl_purge_dags
                0x000000000002252a                rpl_init
 .text          0x00000000000225b5      0x3f5 obj_cooja/mtype670.a(framer-802154.o)
 .text          0x00000000000229aa       0x5e obj_cooja/mtype670.a(nullmac.o)
 .text          0x0000000000022a08     0x1211 obj_cooja/mtype670.a(cxmac.o)
                0x0000000000023b5b                cxmac_set_announcement_radio_txpower
                0x0000000000023b60                cxmac_init
 .text          0x0000000000023c19       0x82 obj_cooja/mtype670.a(linkaddr.o)
                0x0000000000023c19                linkaddr_copy
                0x0000000000023c3b                linkaddr_cmp
                0x0000000000023c65                linkaddr_set_node_addr
                0x0000000000023c80                linkaddr_set_node_long_addr
 .text          0x0000000000023c9b      0x915 obj_cooja/mtype670.a(nbr-table.o)
                0x0000000000023c9b                long_ip_from_lladdr_map
                0x0000000000023d24                lladdr_map_add_lr
                0x0000000000023de1                lladdr_map_rm_lr
                0x00000000000242a6                nbr_table_register
                0x00000000000242ee                nbr_table_head
                0x000000000002434a                nbr_table_next
                0x00000000000243b1                nbr_table_add_lladdr
                0x000000000002448d                nbr_table_get_from_lladdr
                0x00000000000244da                nbr_table_remove
                0x000000000002452c                nbr_table_lock
                0x0000000000024556                nbr_table_unlock
                0x0000000000024580                nbr_table_get_lladdr
 .text          0x00000000000245b0       0x2b obj_cooja/mtype670.a(netstack.o)
                0x00000000000245b0                netstack_init
 .text          0x00000000000245db      0x3cd obj_cooja/mtype670.a(packetbuf.o)
                0x00000000000245db                packetbuf_clear
                0x0000000000024605                packetbuf_copyfrom
                0x0000000000024657                packetbuf_compact
                0x00000000000246d4                packetbuf_copyto
                0x000000000002476b                packetbuf_hdralloc
                0x00000000000247e8                packetbuf_hdrreduce
                0x0000000000024830                packetbuf_set_datalen
                0x0000000000024849                packetbuf_dataptr
                0x0000000000024866                packetbuf_hdrptr
                0x0000000000024870                packetbuf_datalen
                0x000000000002487c                packetbuf_hdrlen
                0x0000000000024893                packetbuf_totlen
                0x00000000000248a9                packetbuf_attr_clear
                0x00000000000248fb                packetbuf_attr_copyto
                0x0000000000024944                packetbuf_attr_copyfrom
                0x000000000002498c                packetbuf_holds_broadcast
 .text          0x00000000000249a8      0x2b4 obj_cooja/mtype670.a(queuebuf.o)
                0x00000000000249b2                queuebuf_init
                0x00000000000249d2                queuebuf_numfree
                0x00000000000249e6                queuebuf_new_from_packetbuf
                0x0000000000024a76                queuebuf_update_attr_from_packetbuf
                0x0000000000024aa9                queuebuf_update_from_packetbuf
                0x0000000000024af3                queuebuf_free
                0x0000000000024b3a                queuebuf_to_packetbuf
                0x0000000000024ba0                queuebuf_dataptr
                0x0000000000024bd7                queuebuf_datalen
                0x0000000000024bfa                queuebuf_addr
                0x0000000000024c2c                queuebuf_attr
                0x0000000000024c57                queuebuf_debug_print
 .text          0x0000000000024c5c       0x6e obj_cooja/mtype670.a(nullsec.o)
 .text          0x0000000000024cca       0x19 obj_cooja/mtype670.a(watchdog.o)
                0x0000000000024cca                watchdog_init
                0x0000000000024ccf                watchdog_start
                0x0000000000024cd4                watchdog_periodic
                0x0000000000024cd9                watchdog_stop
                0x0000000000024cde                watchdog_reboot
 .text          0x0000000000024ce3        0x0 obj_cooja/mtype670.a(rimestats.o)
 .text          0x0000000000024ce3      0x134 obj_cooja/mtype670.a(leds.o)
                0x0000000000024d34                leds_init
                0x0000000000024d48                leds_blink
                0x0000000000024d80                leds_get
                0x0000000000024d8d                leds_set
                0x0000000000024da7                leds_on
                0x0000000000024dca                leds_off
                0x0000000000024df4                leds_toggle
 .text          0x0000000000024e17      0x1c1 obj_cooja/mtype670.a(memb.o)
                0x0000000000024e17                memb_init
                0x0000000000024e75                memb_alloc
                0x0000000000024eda                memb_free
                0x0000000000024f55                memb_inmemb
                0x0000000000024f94                memb_numfree
 .text          0x0000000000024fd8      0xab2 obj_cooja/mtype670.a(uip-icmp6.o)
                0x0000000000025046                uip_icmp6_input
                0x000000000002509c                uip_icmp6_register_input_handler
                0x0000000000025364                uip_icmp6_error_output
                0x00000000000256a9                uip_icmp6_send
                0x0000000000025a1d                uip_icmp6_echo_reply_callback_add
                0x0000000000025a4e                uip_icmp6_echo_reply_callback_rm
                0x0000000000025a6a                uip_icmp6_init
 .text          0x0000000000025a8a      0x358 obj_cooja/mtype670.a(uip-nd6.o)
                0x0000000000025ade                uip_nd6_ns_output
                0x0000000000025ddd                uip_nd6_init
 .text          0x0000000000025de2      0x331 obj_cooja/mtype670.a(rpl-nbr-policy.)
                0x0000000000025fba                find_removable_dis
                0x0000000000025fdd                find_removable_dio
                0x000000000002606c                find_removable_dao
                0x00000000000260bc                rpl_nbr_policy_find_removable
 .text          0x0000000000026113      0x97c obj_cooja/mtype670.a(frame802154.o)
                0x0000000000026144                frame802154_get_pan_id
                0x0000000000026150                frame802154_set_pan_id
                0x0000000000026169                frame802154_has_panid
                0x0000000000026255                frame802154_check_dest_panid
                0x00000000000262bd                frame802154_is_broadcast_addr
                0x000000000002630a                frame802154_extract_linkaddr
                0x000000000002654a                frame802154_hdrlen
                0x000000000002659b                frame802154_create
                0x0000000000026786                frame802154_parse
 .text          0x0000000000026a8f       0x3c obj_cooja/mtype670.a(mac.o)
                0x0000000000026a8f                mac_call_sent_callback
 .text          0x0000000000026acb        0x0 /usr/lib/gcc/i686-linux-gnu/4.8/crtendS.o
 .text          0x0000000000026acb        0x0 /usr/lib/gcc/i686-linux-gnu/4.8/../../../i386-linux-gnu/crtn.o
 *(.gnu.warning)

.fini           0x0000000000026acc       0x14
 *(SORT(.fini))
 .fini          0x0000000000026acc        0xf /usr/lib/gcc/i686-linux-gnu/4.8/../../../i386-linux-gnu/crti.o
                0x0000000000026acc                _fini
 .fini          0x0000000000026adb        0x5 /usr/lib/gcc/i686-linux-gnu/4.8/../../../i386-linux-gnu/crtn.o
                0x0000000000026ae0                PROVIDE (__etext, .)
                0x0000000000026ae0                PROVIDE (_etext, .)
                0x0000000000026ae0                PROVIDE (etext, .)

.rodata         0x0000000000026ae0      0xc60
 *(.rodata .rodata.* .gnu.linkonce.r.*)
 .rodata        0x0000000000026ae0      0x2ae udp-client.co
                0x0000000000026af4                autostart_processes
 *fill*         0x0000000000026d8e        0x2 
 .rodata        0x0000000000026d90      0x1e6 obj_cooja/mtype670.o
 *fill*         0x0000000000026f76        0x2 
 .rodata        0x0000000000026f78        0x8 obj_cooja/mtype670.a(beep.o)
                0x0000000000026f78                beep_interface
 .rodata        0x0000000000026f80       0x20 obj_cooja/mtype670.a(button-sensor.o)
                0x0000000000026f80                button_interface
                0x0000000000026f90                button_sensor
 .rodata        0x0000000000026fa0        0x8 obj_cooja/mtype670.a(leds-arch.o)
                0x0000000000026fa0                leds_interface
 .rodata        0x0000000000026fa8        0x8 obj_cooja/mtype670.a(moteid.o)
                0x0000000000026fa8                moteid_interface
 .rodata        0x0000000000026fb0       0x1c obj_cooja/mtype670.a(pir-sensor.o)
                0x0000000000026fb0                pir_interface
                0x0000000000026fbc                pir_sensor
 .rodata        0x0000000000026fcc        0xe obj_cooja/mtype670.a(rs232.o)
                0x0000000000026fcc                rs232_interface
 *fill*         0x0000000000026fda        0x2 
 .rodata        0x0000000000026fdc       0x24 obj_cooja/mtype670.a(vib-sensor.o)
                0x0000000000026fdc                vib_interface
                0x0000000000026ff0                vib_sensor
 .rodata        0x0000000000027000        0x8 obj_cooja/mtype670.a(clock.o)
                0x0000000000027000                clock_interface
 .rodata        0x0000000000027008        0x8 obj_cooja/mtype670.a(log.o)
                0x0000000000027008                simlog_interface
 .rodata        0x0000000000027010       0x2f obj_cooja/mtype670.a(cfs-cooja.o)
                0x0000000000027010                cfs_interface
 *fill*         0x000000000002703f        0x1 
 .rodata        0x0000000000027040       0x60 obj_cooja/mtype670.a(cooja-radio.o)
                0x0000000000027060                cooja_radio_driver
                0x0000000000027098                radio_interface
 .rodata        0x00000000000270a0        0x8 obj_cooja/mtype670.a(eeprom.o)
                0x00000000000270a0                eeprom_interface
 .rodata        0x00000000000270a8        0x8 obj_cooja/mtype670.a(sensors.o)
 .rodata        0x00000000000270b0       0x1c obj_cooja/mtype670.a(dual_conf.o)
 .rodata        0x00000000000270cc        0xf obj_cooja/mtype670.a(ctimer.o)
 .rodata        0x00000000000270db        0xc obj_cooja/mtype670.a(etimer.o)
 *fill*         0x00000000000270e7        0x1 
 .rodata        0x00000000000270e8       0x73 obj_cooja/mtype670.a(log_message.o)
 *fill*         0x000000000002715b        0x1 
 .rodata        0x000000000002715c       0x20 obj_cooja/mtype670.a(residual.o)
 .rodata        0x000000000002717c        0xe obj_cooja/mtype670.a(serial-line.o)
 *fill*         0x000000000002718a        0x2 
 .rodata        0x000000000002718c       0x2c obj_cooja/mtype670.a(sicslowpan.o)
                0x000000000002718c                unc_llconf
                0x0000000000027190                unc_ctxconf
                0x0000000000027194                unc_mxconf
                0x0000000000027198                llprefix
                0x00000000000271ac                sicslowpan_driver
 .rodata        0x00000000000271b8      0x13c obj_cooja/mtype670.a(uip6.o)
 .rodata        0x00000000000272f4       0x49 obj_cooja/mtype670.a(tcpip.o)
 .rodata        0x000000000002733d       0x3e obj_cooja/mtype670.a(uip-debug.o)
 *fill*         0x000000000002737b        0x1 
 .rodata        0x000000000002737c        0x4 obj_cooja/mtype670.a(rpl-dag.o)
 .rodata        0x0000000000027380       0x75 obj_cooja/mtype670.a(rpl-timers.o)
 *fill*         0x00000000000273f5        0x3 
 .rodata        0x00000000000273f8        0xc obj_cooja/mtype670.a(framer-802154.o)
                0x00000000000273f8                framer_802154
 .rodata        0x0000000000027404       0x24 obj_cooja/mtype670.a(nullmac.o)
                0x000000000002740c                nullmac_driver
 *fill*         0x0000000000027428       0x18 
 .rodata        0x0000000000027440      0x2e0 obj_cooja/mtype670.a(cxmac.o)
                0x0000000000027700                cxmac_driver
 .rodata        0x0000000000027720        0x8 obj_cooja/mtype670.a(linkaddr.o)
                0x0000000000027720                linkaddr_null
 .rodata        0x0000000000027728       0x18 obj_cooja/mtype670.a(nullsec.o)
                0x0000000000027730                nullsec_driver

.rodata1
 *(.rodata1)

.eh_frame_hdr   0x0000000000027740     0x13dc
 *(.eh_frame_hdr)
 .eh_frame_hdr  0x0000000000027740     0x13dc udp-client.co

.eh_frame       0x0000000000028b1c     0x50c0
 *(.eh_frame)
 .eh_frame      0x0000000000028b1c       0x3c /usr/lib/gcc/i686-linux-gnu/4.8/../../../i386-linux-gnu/crti.o
                                         0x40 (size before relaxing)
 .eh_frame      0x0000000000028b58       0xb4 udp-client.co
                                         0xcc (size before relaxing)
 .eh_frame      0x0000000000028c0c      0x148 obj_cooja/mtype670.o
                                        0x160 (size before relaxing)
 .eh_frame      0x0000000000028d54       0x40 obj_cooja/mtype670.a(simEnvChange.o)
                                         0x58 (size before relaxing)
 .eh_frame      0x0000000000028d94       0xc0 obj_cooja/mtype670.a(cooja_mt.o)
                                         0xd8 (size before relaxing)
 .eh_frame      0x0000000000028e54      0x120 obj_cooja/mtype670.a(cooja_mtarch.o)
                                        0x138 (size before relaxing)
 .eh_frame      0x0000000000028f74       0xc0 obj_cooja/mtype670.a(rtimer-arch.o)
                                         0xd8 (size before relaxing)
 .eh_frame      0x0000000000029034      0x160 obj_cooja/mtype670.a(beep.o)
                                        0x178 (size before relaxing)
 .eh_frame      0x0000000000029194       0xa0 obj_cooja/mtype670.a(button-sensor.o)
                                         0xb8 (size before relaxing)
 .eh_frame      0x0000000000029234       0xa0 obj_cooja/mtype670.a(leds-arch.o)
                                         0xb8 (size before relaxing)
 .eh_frame      0x00000000000292d4       0x40 obj_cooja/mtype670.a(moteid.o)
                                         0x58 (size before relaxing)
 .eh_frame      0x0000000000029314       0xa0 obj_cooja/mtype670.a(pir-sensor.o)
                                         0xb8 (size before relaxing)
 .eh_frame      0x00000000000293b4      0x100 obj_cooja/mtype670.a(rs232.o)
                                        0x118 (size before relaxing)
 .eh_frame      0x00000000000294b4       0xa0 obj_cooja/mtype670.a(vib-sensor.o)
                                         0xb8 (size before relaxing)
 .eh_frame      0x0000000000029554       0xc0 obj_cooja/mtype670.a(clock.o)
                                         0xd8 (size before relaxing)
 .eh_frame      0x0000000000029614      0x120 obj_cooja/mtype670.a(log.o)
                                        0x138 (size before relaxing)
 .eh_frame      0x0000000000029734      0x160 obj_cooja/mtype670.a(cfs-cooja.o)
                                        0x178 (size before relaxing)
 .eh_frame      0x0000000000029894      0x2e0 obj_cooja/mtype670.a(cooja-radio.o)
                                        0x2f8 (size before relaxing)
 .eh_frame      0x0000000000029b74       0xa0 obj_cooja/mtype670.a(eeprom.o)
                                         0xb8 (size before relaxing)
 .eh_frame      0x0000000000029c14       0x40 obj_cooja/mtype670.a(random.o)
                                         0x58 (size before relaxing)
 .eh_frame      0x0000000000029c54       0xc0 obj_cooja/mtype670.a(sensors.o)
                                         0xd8 (size before relaxing)
 .eh_frame      0x0000000000029d14      0x160 obj_cooja/mtype670.a(dual_conf.o)
                                        0x178 (size before relaxing)
 .eh_frame      0x0000000000029e74       0x40 obj_cooja/mtype670.a(autostart.o)
                                         0x58 (size before relaxing)
 .eh_frame      0x0000000000029eb4      0x100 obj_cooja/mtype670.a(ctimer.o)
                                        0x118 (size before relaxing)
 .eh_frame      0x0000000000029fb4      0x1e0 obj_cooja/mtype670.a(etimer.o)
                                        0x1f8 (size before relaxing)
 .eh_frame      0x000000000002a194       0x40 obj_cooja/mtype670.a(log_message.o)
                                         0x58 (size before relaxing)
 .eh_frame      0x000000000002a1d4      0x1c8 obj_cooja/mtype670.a(process.o)
                                        0x1e0 (size before relaxing)
 .eh_frame      0x000000000002a39c       0x2c obj_cooja/mtype670.a(residual.o)
                                         0x44 (size before relaxing)
 .eh_frame      0x000000000002a3c8       0x60 obj_cooja/mtype670.a(rtimer.o)
                                         0x78 (size before relaxing)
 .eh_frame      0x000000000002a428       0xc4 obj_cooja/mtype670.a(stimer.o)
                                         0xdc (size before relaxing)
 .eh_frame      0x000000000002a4ec       0xa4 obj_cooja/mtype670.a(timer.o)
                                         0xbc (size before relaxing)
 .eh_frame      0x000000000002a590       0x60 obj_cooja/mtype670.a(serial-line.o)
                                         0x78 (size before relaxing)
 .eh_frame      0x000000000002a5f0      0x180 obj_cooja/mtype670.a(list.o)
                                        0x198 (size before relaxing)
 .eh_frame      0x000000000002a770       0xa0 obj_cooja/mtype670.a(ringbuf.o)
                                         0xb8 (size before relaxing)
 .eh_frame      0x000000000002a810      0x350 obj_cooja/mtype670.a(sicslowpan.o)
                                        0x368 (size before relaxing)
 .eh_frame      0x000000000002ab60      0x180 obj_cooja/mtype670.a(uip-ds6-nbr.o)
                                        0x198 (size before relaxing)
 .eh_frame      0x000000000002ace0      0x2a0 obj_cooja/mtype670.a(uip-ds6-route.o)
                                        0x2b8 (size before relaxing)
 .eh_frame      0x000000000002af80      0x3c8 obj_cooja/mtype670.a(uip-ds6.o)
                                        0x3e0 (size before relaxing)
 .eh_frame      0x000000000002b348      0x27c obj_cooja/mtype670.a(uip6.o)
                                        0x294 (size before relaxing)
 .eh_frame      0x000000000002b5c4      0x270 obj_cooja/mtype670.a(tcpip.o)
                                        0x288 (size before relaxing)
 .eh_frame      0x000000000002b834       0x48 obj_cooja/mtype670.a(uip-debug.o)
                                         0x60 (size before relaxing)
 .eh_frame      0x000000000002b87c       0xe0 obj_cooja/mtype670.a(uip-packetqueue)
                                         0xf8 (size before relaxing)
 .eh_frame      0x000000000002b95c       0x40 obj_cooja/mtype670.a(uip-udp-packet.)
                                         0x58 (size before relaxing)
 .eh_frame      0x000000000002b99c      0x76c obj_cooja/mtype670.a(rpl-dag.o)
                                        0x784 (size before relaxing)
 .eh_frame      0x000000000002c108      0x10c obj_cooja/mtype670.a(rpl-ext-header.)
                                        0x124 (size before relaxing)
 .eh_frame      0x000000000002c214      0x2b8 obj_cooja/mtype670.a(rpl-icmp6.o)
                                        0x2d0 (size before relaxing)
 .eh_frame      0x000000000002c4cc       0xe0 obj_cooja/mtype670.a(rpl-ltmax.o)
                                         0xf8 (size before relaxing)
 .eh_frame      0x000000000002c5ac      0x26c obj_cooja/mtype670.a(rpl-timers.o)
                                        0x284 (size before relaxing)
 .eh_frame      0x000000000002c818      0x148 obj_cooja/mtype670.a(rpl.o)
                                        0x160 (size before relaxing)
 .eh_frame      0x000000000002c960      0x108 obj_cooja/mtype670.a(framer-802154.o)
                                        0x120 (size before relaxing)
 .eh_frame      0x000000000002ca68       0xc0 obj_cooja/mtype670.a(nullmac.o)
                                         0xd8 (size before relaxing)
 .eh_frame      0x000000000002cb28      0x2c0 obj_cooja/mtype670.a(cxmac.o)
                                        0x2d8 (size before relaxing)
 .eh_frame      0x000000000002cde8       0x80 obj_cooja/mtype670.a(linkaddr.o)
                                         0x98 (size before relaxing)
 .eh_frame      0x000000000002ce68      0x2cc obj_cooja/mtype670.a(nbr-table.o)
                                        0x2e4 (size before relaxing)
 .eh_frame      0x000000000002d134       0x20 obj_cooja/mtype670.a(netstack.o)
                                         0x38 (size before relaxing)
 .eh_frame      0x000000000002d154      0x214 obj_cooja/mtype670.a(packetbuf.o)
                                        0x22c (size before relaxing)
 .eh_frame      0x000000000002d368      0x1a0 obj_cooja/mtype670.a(queuebuf.o)
                                        0x1b8 (size before relaxing)
 .eh_frame      0x000000000002d508       0x80 obj_cooja/mtype670.a(nullsec.o)
                                         0x98 (size before relaxing)
 .eh_frame      0x000000000002d588       0xa0 obj_cooja/mtype670.a(watchdog.o)
                                         0xb8 (size before relaxing)
 .eh_frame      0x000000000002d628      0x100 obj_cooja/mtype670.a(leds.o)
                                        0x118 (size before relaxing)
 .eh_frame      0x000000000002d728       0xa0 obj_cooja/mtype670.a(memb.o)
                                         0xb8 (size before relaxing)
 .eh_frame      0x000000000002d7c8      0x164 obj_cooja/mtype670.a(uip-icmp6.o)
                                        0x17c (size before relaxing)
 .eh_frame      0x000000000002d92c       0x68 obj_cooja/mtype670.a(uip-nd6.o)
                                         0x80 (size before relaxing)
 .eh_frame      0x000000000002d994       0xc0 obj_cooja/mtype670.a(rpl-nbr-policy.)
                                         0xd8 (size before relaxing)
 .eh_frame      0x000000000002da54      0x164 obj_cooja/mtype670.a(frame802154.o)
                                        0x17c (size before relaxing)
 .eh_frame      0x000000000002dbb8       0x20 obj_cooja/mtype670.a(mac.o)
                                         0x38 (size before relaxing)
 .eh_frame      0x000000000002dbd8        0x4 /usr/lib/gcc/i686-linux-gnu/4.8/crtendS.o

.gcc_except_table
 *(.gcc_except_table .gcc_except_table.*)

.exception_ranges
 *(.exception_ranges .exception_ranges*)
                0x000000000002dbdc                . = (ALIGN (0x1000) - ((0x1000 - .) & 0xfff))
                0x000000000002eef8                . = DATA_SEGMENT_ALIGN (0x1000, 0x1000)

.eh_frame
 *(.eh_frame)

.gcc_except_table
 *(.gcc_except_table .gcc_except_table.*)

.exception_ranges
 *(.exception_ranges .exception_ranges*)

.tdata
 *(.tdata .tdata.* .gnu.linkonce.td.*)

.tbss
 *(.tbss .tbss.* .gnu.linkonce.tb.*)
 *(.tcommon)

.preinit_array
 *(.preinit_array)

.init_array     0x000000000002eef8        0x4
 *(SORT(.init_array.*) SORT(.ctors.*))
 *(.init_array EXCLUDE_FILE(*crtend?.o *crtend.o *crtbegin?.o *crtbegin.o) .ctors)
 .init_array    0x000000000002eef8        0x4 /usr/lib/gcc/i686-linux-gnu/4.8/crtbeginS.o

.fini_array     0x000000000002eefc        0x4
 *(SORT(.fini_array.*) SORT(.dtors.*))
 *(.fini_array EXCLUDE_FILE(*crtend?.o *crtend.o *crtbegin?.o *crtbegin.o) .dtors)
 .fini_array    0x000000000002eefc        0x4 /usr/lib/gcc/i686-linux-gnu/4.8/crtbeginS.o

.ctors
 *crtbegin.o(.ctors)
 *crtbegin?.o(.ctors)
 *(EXCLUDE_FILE(*crtend?.o *crtend.o) .ctors)
 *(SORT(.ctors.*))
 *(.ctors)

.dtors
 *crtbegin.o(.dtors)
 *crtbegin?.o(.dtors)
 *(EXCLUDE_FILE(*crtend?.o *crtend.o) .dtors)
 *(SORT(.dtors.*))
 *(.dtors)

.jcr            0x000000000002ef00        0x4
 *(.jcr)
 .jcr           0x000000000002ef00        0x0 /usr/lib/gcc/i686-linux-gnu/4.8/crtbeginS.o
 .jcr           0x000000000002ef00        0x4 /usr/lib/gcc/i686-linux-gnu/4.8/crtendS.o

.data.rel.ro
 *(.data.rel.ro.local* .gnu.linkonce.d.rel.ro.local.*)
 *(.data.rel.ro .data.rel.ro.* .gnu.linkonce.d.rel.ro.*)

.dynamic        0x000000000002ef04       0xe8
 *(.dynamic)
 .dynamic       0x000000000002ef04       0xe8 /usr/lib/gcc/i686-linux-gnu/4.8/../../../i386-linux-gnu/crti.o
                0x000000000002ef04                _DYNAMIC

.got            0x000000000002efec       0x14
 *(.got)
 .got           0x000000000002efec       0x14 /usr/lib/gcc/i686-linux-gnu/4.8/../../../i386-linux-gnu/crti.o
 *(.igot)
                0x000000000002fff4                . = DATA_SEGMENT_RELRO_END (., (SIZEOF (.got.plt) >= 0xc)?0xc:0x0)

.got.plt        0x000000000002f000       0x14
 *(.got.plt)
 .got.plt       0x000000000002f000       0x14 /usr/lib/gcc/i686-linux-gnu/4.8/../../../i386-linux-gnu/crti.o
                0x000000000002f000                _GLOBAL_OFFSET_TABLE_
 *(.igot.plt)

.data           0x000000000002f020      0x27a
 *(.data .data.* .gnu.linkonce.d.*)
 .data          0x000000000002f020        0x0 /usr/lib/gcc/i686-linux-gnu/4.8/../../../i386-linux-gnu/crti.o
 .data          0x000000000002f020        0x0 /usr/lib/gcc/i686-linux-gnu/4.8/crtbeginS.o
 .data.rel      0x000000000002f020        0x4 /usr/lib/gcc/i686-linux-gnu/4.8/crtbeginS.o
                0x000000000002f020                __dso_handle
 .data          0x000000000002f024       0x10 udp-client.co
                0x000000000002f024                udp_client_process
 *fill*         0x000000000002f034        0xc 
 .data          0x000000000002f040       0x44 obj_cooja/mtype670.o
                0x000000000002f040                simInterfaces
                0x000000000002f074                sensors
 .data          0x000000000002f084        0x0 obj_cooja/mtype670.a(simEnvChange.o)
 .data          0x000000000002f084        0x0 obj_cooja/mtype670.a(cooja_mt.o)
 .data          0x000000000002f084        0x0 obj_cooja/mtype670.a(cooja_mtarch.o)
 .data          0x000000000002f084        0x0 obj_cooja/mtype670.a(rtimer-arch.o)
 .data          0x000000000002f084        0x0 obj_cooja/mtype670.a(beep.o)
 .data          0x000000000002f084        0x0 obj_cooja/mtype670.a(button-sensor.o)
 .data          0x000000000002f084        0x0 obj_cooja/mtype670.a(leds-arch.o)
 .data          0x000000000002f084        0x0 obj_cooja/mtype670.a(moteid.o)
 .data          0x000000000002f084        0x0 obj_cooja/mtype670.a(pir-sensor.o)
 .data          0x000000000002f084        0x0 obj_cooja/mtype670.a(rs232.o)
 .data          0x000000000002f084        0x0 obj_cooja/mtype670.a(vib-sensor.o)
 .data          0x000000000002f084        0x0 obj_cooja/mtype670.a(clock.o)
 .data          0x000000000002f084        0x0 obj_cooja/mtype670.a(log.o)
 .data          0x000000000002f084        0x0 obj_cooja/mtype670.a(cfs-cooja.o)
 .data          0x000000000002f084       0x40 obj_cooja/mtype670.a(cooja-radio.o)
                0x000000000002f084                simRadioChannelLR
                0x000000000002f088                simRadioHWOnLR
                0x000000000002f08c                simSignalStrengthLR
                0x000000000002f090                simLastSignalStrengthLR
                0x000000000002f094                simPowerLR
                0x000000000002f098                simLQILR
                0x000000000002f09c                simRadioChannel
                0x000000000002f0a0                simRadioHWOn
                0x000000000002f0a4                simSignalStrength
                0x000000000002f0a8                simLastSignalStrength
                0x000000000002f0ac                simPower
                0x000000000002f0b0                simLQI
                0x000000000002f0b4                cooja_radio_process
 .data          0x000000000002f0c4        0x0 obj_cooja/mtype670.a(eeprom.o)
 .data          0x000000000002f0c4        0x0 obj_cooja/mtype670.a(random.o)
 .data          0x000000000002f0c4       0x10 obj_cooja/mtype670.a(sensors.o)
                0x000000000002f0c4                sensors_process
 .data          0x000000000002f0d4       0x28 obj_cooja/mtype670.a(dual_conf.o)
                0x000000000002f0d4                radio_received
                0x000000000002f0d8                dual_dio_broadcast
                0x000000000002f0e8                dual_dis_broadcast
 .data          0x000000000002f0fc        0x0 obj_cooja/mtype670.a(autostart.o)
 .data          0x000000000002f0fc       0x14 obj_cooja/mtype670.a(ctimer.o)
                0x000000000002f100                ctimer_process
 .data          0x000000000002f110       0x10 obj_cooja/mtype670.a(etimer.o)
                0x000000000002f110                etimer_process
 .data          0x000000000002f120        0x0 obj_cooja/mtype670.a(log_message.o)
 .data          0x000000000002f120        0x0 obj_cooja/mtype670.a(process.o)
 .data          0x000000000002f120        0x0 obj_cooja/mtype670.a(residual.o)
 .data          0x000000000002f120        0x0 obj_cooja/mtype670.a(rtimer.o)
 .data          0x000000000002f120        0x0 obj_cooja/mtype670.a(stimer.o)
 .data          0x000000000002f120        0x0 obj_cooja/mtype670.a(timer.o)
 .data          0x000000000002f120       0x10 obj_cooja/mtype670.a(serial-line.o)
                0x000000000002f120                serial_line_process
 .data          0x000000000002f130        0x0 obj_cooja/mtype670.a(list.o)
 .data          0x000000000002f130        0x0 obj_cooja/mtype670.a(ringbuf.o)
 .data          0x000000000002f130        0x0 obj_cooja/mtype670.a(sicslowpan.o)
 .data          0x000000000002f130       0x14 obj_cooja/mtype670.a(uip-ds6-nbr.o)
                0x000000000002f140                ds6_neighbors
 .data          0x000000000002f144       0x44 obj_cooja/mtype670.a(uip-ds6-route.o)
                0x000000000002f154                nbr_routes
 .data          0x000000000002f188        0x0 obj_cooja/mtype670.a(uip-ds6.o)
 .data          0x000000000002f188        0x0 obj_cooja/mtype670.a(uip6.o)
 .data          0x000000000002f188       0x10 obj_cooja/mtype670.a(tcpip.o)
                0x000000000002f188                tcpip_process
 .data          0x000000000002f198        0x0 obj_cooja/mtype670.a(uip-debug.o)
 .data          0x000000000002f198        0xc obj_cooja/mtype670.a(uip-packetqueue)
 .data          0x000000000002f1a4        0x0 obj_cooja/mtype670.a(uip-udp-packet.)
 .data          0x000000000002f1a4       0x28 obj_cooja/mtype670.a(rpl-dag.o)
                0x000000000002f1b4                rpl_parents
                0x000000000002f1c8                rpl_children
 .data          0x000000000002f1cc        0x0 obj_cooja/mtype670.a(rpl-ext-header.)
 .data          0x000000000002f1cc       0x34 obj_cooja/mtype670.a(rpl-icmp6.o)
 .data          0x000000000002f200       0x1c obj_cooja/mtype670.a(rpl-ltmax.o)
                0x000000000002f200                rpl_ltmax_of
 .data          0x000000000002f21c        0x0 obj_cooja/mtype670.a(rpl-timers.o)
 .data          0x000000000002f21c        0x0 obj_cooja/mtype670.a(rpl.o)
 .data          0x000000000002f21c        0x0 obj_cooja/mtype670.a(framer-802154.o)
 .data          0x000000000002f21c        0x0 obj_cooja/mtype670.a(nullmac.o)
 .data          0x000000000002f21c       0x30 obj_cooja/mtype670.a(cxmac.o)
                0x000000000002f21c                cxmac_config
                0x000000000002f22c                strobe_wait
 .data          0x000000000002f24c        0x0 obj_cooja/mtype670.a(linkaddr.o)
 .data          0x000000000002f24c       0x10 obj_cooja/mtype670.a(nbr-table.o)
 .data          0x000000000002f25c        0x0 obj_cooja/mtype670.a(netstack.o)
 .data          0x000000000002f25c        0x4 obj_cooja/mtype670.a(packetbuf.o)
 .data          0x000000000002f260       0x18 obj_cooja/mtype670.a(queuebuf.o)
 .data          0x000000000002f278        0x0 obj_cooja/mtype670.a(nullsec.o)
 .data          0x000000000002f278        0x0 obj_cooja/mtype670.a(watchdog.o)
 .data          0x000000000002f278        0x0 obj_cooja/mtype670.a(rimestats.o)
 .data          0x000000000002f278        0x0 obj_cooja/mtype670.a(leds.o)
 .data          0x000000000002f278        0x0 obj_cooja/mtype670.a(memb.o)
 .data          0x000000000002f278       0x20 obj_cooja/mtype670.a(uip-icmp6.o)
 .data          0x000000000002f298        0x0 obj_cooja/mtype670.a(uip-nd6.o)
 .data          0x000000000002f298        0x0 obj_cooja/mtype670.a(rpl-nbr-policy.)
 .data          0x000000000002f298        0x2 obj_cooja/mtype670.a(frame802154.o)
 .data          0x000000000002f29a        0x0 obj_cooja/mtype670.a(mac.o)
 .data          0x000000000002f29a        0x0 /usr/lib/gcc/i686-linux-gnu/4.8/crtendS.o
 .data          0x000000000002f29a        0x0 /usr/lib/gcc/i686-linux-gnu/4.8/../../../i386-linux-gnu/crtn.o

.tm_clone_table
                0x000000000002f29c        0x0
 .tm_clone_table
                0x000000000002f29c        0x0 /usr/lib/gcc/i686-linux-gnu/4.8/crtbeginS.o
 .tm_clone_table
                0x000000000002f29c        0x0 /usr/lib/gcc/i686-linux-gnu/4.8/crtendS.o

.data1
 *(.data1)
                0x000000000002f29c                _edata = .
                0x000000000002f29c                PROVIDE (edata, .)
                0x000000000002f29c                . = .
                0x000000000002f29c                __bss_start = .

.bss            0x000000000002f2a0     0x8348
 *(.dynbss)
 .dynbss        0x0000000000000000        0x0 /usr/lib/gcc/i686-linux-gnu/4.8/../../../i386-linux-gnu/crti.o
 *(.bss .bss.* .gnu.linkonce.b.*)
 .bss           0x000000000002f2a0        0x0 /usr/lib/gcc/i686-linux-gnu/4.8/../../../i386-linux-gnu/crti.o
 .bss           0x000000000002f2a0        0x1 /usr/lib/gcc/i686-linux-gnu/4.8/crtbeginS.o
 *fill*         0x000000000002f2a1       0x1f 
 .bss           0x000000000002f2c0       0x60 udp-client.co
                0x000000000002f2c0                my_weight
 .bss           0x000000000002f320     0x2030 obj_cooja/mtype670.o
 .bss           0x0000000000031350        0x1 obj_cooja/mtype670.a(simEnvChange.o)
                0x0000000000031350                simDontFallAsleep
 *fill*         0x0000000000031351        0x3 
 .bss           0x0000000000031354        0x4 obj_cooja/mtype670.a(cooja_mt.o)
 .bss           0x0000000000031358        0x4 obj_cooja/mtype670.a(cooja_mtarch.o)
 .bss           0x000000000003135c        0xc obj_cooja/mtype670.a(rtimer-arch.o)
 .bss           0x0000000000031368        0x0 obj_cooja/mtype670.a(beep.o)
 .bss           0x0000000000031368        0x8 obj_cooja/mtype670.a(button-sensor.o)
 .bss           0x0000000000031370        0x0 obj_cooja/mtype670.a(leds-arch.o)
 .bss           0x0000000000031370        0x0 obj_cooja/mtype670.a(moteid.o)
 .bss           0x0000000000031370        0x1 obj_cooja/mtype670.a(pir-sensor.o)
                0x0000000000031370                simPirValue
 *fill*         0x0000000000031371        0x3 
 .bss           0x0000000000031374        0x4 obj_cooja/mtype670.a(rs232.o)
 .bss           0x0000000000031378        0x1 obj_cooja/mtype670.a(vib-sensor.o)
                0x0000000000031378                simVibValue
 .bss           0x0000000000031379        0x0 obj_cooja/mtype670.a(clock.o)
 *fill*         0x0000000000031379        0x7 
 .bss           0x0000000000031380      0x420 obj_cooja/mtype670.a(log.o)
 .bss           0x00000000000317a0      0xfc0 obj_cooja/mtype670.a(cfs-cooja.o)
                0x00000000000317a0                simCFSData
                0x0000000000032740                simCFSSize
                0x0000000000032744                simCFSChanged
                0x0000000000032748                simCFSRead
                0x000000000003274c                simCFSWritten
 .bss           0x0000000000032760       0x24 obj_cooja/mtype670.a(cooja-radio.o)
                0x0000000000032760                simReceivingLR
                0x0000000000032764                simInSizeLR
                0x0000000000032768                simOutSizeLR
                0x000000000003276c                simReceiving
                0x0000000000032770                simInSize
                0x0000000000032774                simOutSize
                0x0000000000032778                LongRangeTransmit
                0x000000000003277c                LongRangeReceiving
 .bss           0x0000000000032784        0xc obj_cooja/mtype670.a(eeprom.o)
                0x0000000000032784                simEEPROMChanged
                0x0000000000032788                simEEPROMRead
                0x000000000003278c                simEEPROMWritten
 .bss           0x0000000000032790        0x0 obj_cooja/mtype670.a(random.o)
 .bss           0x0000000000032790        0xc obj_cooja/mtype670.a(sensors.o)
 .bss           0x000000000003279c       0x28 obj_cooja/mtype670.a(dual_conf.o)
                0x000000000003279c                long_range_radio
 .bss           0x00000000000327c4        0x0 obj_cooja/mtype670.a(autostart.o)
 .bss           0x00000000000327c4        0x5 obj_cooja/mtype670.a(ctimer.o)
 *fill*         0x00000000000327c9        0x3 
 .bss           0x00000000000327cc        0x8 obj_cooja/mtype670.a(etimer.o)
 .bss           0x00000000000327d4        0x0 obj_cooja/mtype670.a(log_message.o)
 *fill*         0x00000000000327d4        0xc 
 .bss           0x00000000000327e0      0x1b1 obj_cooja/mtype670.a(process.o)
                0x00000000000327e0                process_list
                0x00000000000327e4                process_current
 .bss           0x0000000000032991        0x0 obj_cooja/mtype670.a(residual.o)
 *fill*         0x0000000000032991        0x3 
 .bss           0x0000000000032994        0x4 obj_cooja/mtype670.a(rtimer.o)
 .bss           0x0000000000032998        0x0 obj_cooja/mtype670.a(stimer.o)
 .bss           0x0000000000032998        0x0 obj_cooja/mtype670.a(timer.o)
 *fill*         0x0000000000032998        0x8 
 .bss           0x00000000000329a0      0x140 obj_cooja/mtype670.a(serial-line.o)
 .bss           0x0000000000032ae0        0x0 obj_cooja/mtype670.a(list.o)
 .bss           0x0000000000032ae0        0x0 obj_cooja/mtype670.a(ringbuf.o)
 .bss           0x0000000000032ae0      0x70c obj_cooja/mtype670.a(sicslowpan.o)
 *fill*         0x00000000000331ec       0x14 
 .bss           0x0000000000033200       0xc0 obj_cooja/mtype670.a(uip-ds6-nbr.o)
 .bss           0x00000000000332c0      0x4a8 obj_cooja/mtype670.a(uip-ds6-route.o)
 .bss           0x0000000000033768       0x30 obj_cooja/mtype670.a(uip-ds6.o)
 .bss           0x0000000000033798        0xe obj_cooja/mtype670.a(uip6.o)
                0x0000000000033798                uip_ext_bitmap
                0x0000000000033799                uip_ext_len
                0x000000000003379a                uip_ext_opt_offset
 *fill*         0x00000000000337a6       0x1a 
 .bss           0x00000000000337c0       0x6b obj_cooja/mtype670.a(tcpip.o)
 .bss           0x000000000003382b        0x0 obj_cooja/mtype670.a(uip-debug.o)
 *fill*         0x000000000003382b       0x15 
 .bss           0x0000000000033840      0xcf8 obj_cooja/mtype670.a(uip-packetqueue)
 .bss           0x0000000000034538        0x0 obj_cooja/mtype670.a(uip-udp-packet.)
 *fill*         0x0000000000034538        0x8 
 .bss           0x0000000000034540       0x88 obj_cooja/mtype670.a(rpl-dag.o)
 .bss           0x00000000000345c8        0x0 obj_cooja/mtype670.a(rpl-ext-header.)
 .bss           0x00000000000345c8        0x0 obj_cooja/mtype670.a(rpl-icmp6.o)
 .bss           0x00000000000345c8        0x0 obj_cooja/mtype670.a(rpl-ltmax.o)
 *fill*         0x00000000000345c8       0x18 
 .bss           0x00000000000345e0       0x60 obj_cooja/mtype670.a(rpl-timers.o)
 .bss           0x0000000000034640        0x4 obj_cooja/mtype670.a(rpl.o)
 .bss           0x0000000000034644        0x2 obj_cooja/mtype670.a(framer-802154.o)
 .bss           0x0000000000034646        0x0 obj_cooja/mtype670.a(nullmac.o)
 *fill*         0x0000000000034646       0x1a 
 .bss           0x0000000000034660       0xb0 obj_cooja/mtype670.a(cxmac.o)
 .bss           0x0000000000034710        0x0 obj_cooja/mtype670.a(linkaddr.o)
 *fill*         0x0000000000034710       0x10 
 .bss           0x0000000000034720       0xc4 obj_cooja/mtype670.a(nbr-table.o)
 .bss           0x00000000000347e4        0x0 obj_cooja/mtype670.a(netstack.o)
 *fill*         0x00000000000347e4       0x1c 
 .bss           0x0000000000034800       0xa0 obj_cooja/mtype670.a(packetbuf.o)
 .bss           0x00000000000348a0      0xb80 obj_cooja/mtype670.a(queuebuf.o)
 .bss           0x0000000000035420        0x0 obj_cooja/mtype670.a(nullsec.o)
 .bss           0x0000000000035420        0x0 obj_cooja/mtype670.a(watchdog.o)
 .bss           0x0000000000035420        0x0 obj_cooja/mtype670.a(rimestats.o)
 .bss           0x0000000000035420        0x1 obj_cooja/mtype670.a(leds.o)
 .bss           0x0000000000035421        0x0 obj_cooja/mtype670.a(memb.o)
 *fill*         0x0000000000035421        0x3 
 .bss           0x0000000000035424       0x18 obj_cooja/mtype670.a(uip-icmp6.o)
 .bss           0x000000000003543c        0x0 obj_cooja/mtype670.a(uip-nd6.o)
 *fill*         0x000000000003543c        0x4 
 .bss           0x0000000000035440       0x44 obj_cooja/mtype670.a(rpl-nbr-policy.)
 .bss           0x0000000000035484        0x0 obj_cooja/mtype670.a(frame802154.o)
 .bss           0x0000000000035484        0x0 obj_cooja/mtype670.a(mac.o)
 .bss           0x0000000000035484        0x0 /usr/lib/gcc/i686-linux-gnu/4.8/crtendS.o
 .bss           0x0000000000035484        0x0 /usr/lib/gcc/i686-linux-gnu/4.8/../../../i386-linux-gnu/crtn.o
 *(COMMON)
 COMMON         0x0000000000035484       0x49 udp-client.co
                0x0000000000035484                dio_count
                0x0000000000035488                dis_count
                0x000000000003548c                collision_count
                0x0000000000035490                transmission_count
                0x0000000000035494                COOJA_radioRxLong
                0x0000000000035498                control_message_count
                0x000000000003549c                dao_count
                0x00000000000354a0                COOJA_radioTx
                0x00000000000354a4                data_relay_count
                0x00000000000354a8                data_message_count
                0x00000000000354ac                my_sink_reachability
                0x00000000000354b0                COOJA_radioTxLong
                0x00000000000354b4                COOJA_radioRx
                0x00000000000354b8                long_duty_on
                0x00000000000354b9                my_parent_number
                0x00000000000354bc                COOJA_radioOn
                0x00000000000354c0                COOJA_duration
                0x00000000000354c4                dio_ack_count
                0x00000000000354c8                COOJA_radioOnLong
                0x00000000000354cc                short_duty_on
 *fill*         0x00000000000354cd        0x3 
 COMMON         0x00000000000354d0        0xc obj_cooja/mtype670.o
                0x00000000000354d0                referenceVar
                0x00000000000354d4                debugfp
                0x00000000000354d8                sensors_flags
 COMMON         0x00000000000354dc        0xc obj_cooja/mtype670.a(simEnvChange.o)
                0x00000000000354dc                simEtimerPending
                0x00000000000354e0                simProcessRunValue
                0x00000000000354e4                simNextExpirationTime
 COMMON         0x00000000000354e8        0x1 obj_cooja/mtype670.a(beep.o)
                0x00000000000354e8                simBeeped
 COMMON         0x00000000000354e9        0x3 obj_cooja/mtype670.a(button-sensor.o)
                0x00000000000354e9                simButtonIsActive
                0x00000000000354ea                simButtonIsDown
                0x00000000000354eb                simButtonChanged
 COMMON         0x00000000000354ec        0x1 obj_cooja/mtype670.a(leds-arch.o)
                0x00000000000354ec                simLedsValue
 *fill*         0x00000000000354ed        0x3 
 COMMON         0x00000000000354f0        0xc obj_cooja/mtype670.a(moteid.o)
                0x00000000000354f0                simRandomSeed
                0x00000000000354f4                simMoteIDChanged
                0x00000000000354f8                simMoteID
 COMMON         0x00000000000354fc        0x2 obj_cooja/mtype670.a(pir-sensor.o)
                0x00000000000354fc                simPirIsActive
                0x00000000000354fd                simPirChanged
 *fill*         0x00000000000354fe        0x2 
 COMMON         0x0000000000035500      0x820 obj_cooja/mtype670.a(rs232.o)
                0x0000000000035500                simSerialReceivingFlag
                0x0000000000035504                simSerialReceivingLength
                0x0000000000035520                simSerialReceivingData
 COMMON         0x0000000000035d20        0x2 obj_cooja/mtype670.a(vib-sensor.o)
                0x0000000000035d20                simVibChanged
                0x0000000000035d21                simVibIsActive
 *fill*         0x0000000000035d22        0x2 
 COMMON         0x0000000000035d24        0x4 obj_cooja/mtype670.a(clock.o)
                0x0000000000035d24                simCurrentTime
 *fill*         0x0000000000035d28       0x18 
 COMMON         0x0000000000035d40      0x420 obj_cooja/mtype670.a(log.o)
                0x0000000000035d40                simLoggedLength
                0x0000000000035d44                simLoggedFlag
                0x0000000000035d60                simLoggedData
 COMMON         0x0000000000036160      0x240 obj_cooja/mtype670.a(cooja-radio.o)
                0x0000000000036160                simOutDataBuffer
                0x00000000000361e0                simRadioTarget
                0x0000000000036200                simInDataBufferLR
                0x0000000000036280                simOutDataBufferLR
                0x0000000000036300                dual_duty_cycle_count
                0x0000000000036320                simInDataBuffer
 COMMON         0x00000000000363a0      0x400 obj_cooja/mtype670.a(eeprom.o)
                0x00000000000363a0                simEEPROMData
 COMMON         0x00000000000367a0        0x1 obj_cooja/mtype670.a(sensors.o)
                0x00000000000367a0                sensors_event
 *fill*         0x00000000000367a1        0x3 
 COMMON         0x00000000000367a4        0x4 obj_cooja/mtype670.a(log_message.o)
                0x00000000000367a4                log_fp
 COMMON         0x00000000000367a8        0x1 obj_cooja/mtype670.a(serial-line.o)
                0x00000000000367a8                serial_line_event_message
 *fill*         0x00000000000367a9       0x17 
 COMMON         0x00000000000367c0       0x50 obj_cooja/mtype670.a(uip-ds6-nbr.o)
                0x00000000000367c0                ds6_lr_addrmap
 *fill*         0x0000000000036810       0x10 
 COMMON         0x0000000000036820      0x298 obj_cooja/mtype670.a(uip-ds6.o)
                0x0000000000036820                uip_ds6_prefix_list
                0x0000000000036880                uip_ds6_timer_periodic
                0x0000000000036890                uip_ds6_netif_addr_list_offset
                0x00000000000368a0                uip_ds6_if
                0x0000000000036998                uip_ds6_timer_ra
                0x00000000000369a0                uip_ds6_addr_size
                0x00000000000369c0                long_uip_ds6_if
 *fill*         0x0000000000036ab8        0x8 
 COMMON         0x0000000000036ac0      0x8ec obj_cooja/mtype670.a(uip6.o)
                0x0000000000036ac0                uip_slen
                0x0000000000036ac2                uip_acc32
                0x0000000000036ae0                uip_conns
                0x0000000000036ba0                uip_lladdr
                0x0000000000036ba8                uip_appdata
                0x0000000000036bac                uip_flags
                0x0000000000036bc0                uip_aligned_buf
                0x0000000000037200                uip_listenports
                0x0000000000037210                uip_len
                0x0000000000037212                uip_long_lladdr
                0x000000000003721c                uip_sappdata
                0x0000000000037220                uip_udp_conns
                0x00000000000373a0                uip_udp_conn
                0x00000000000373a4                uip_next_hdr
                0x00000000000373a8                uip_conn
 COMMON         0x00000000000373ac        0x1 obj_cooja/mtype670.a(tcpip.o)
                0x00000000000373ac                tcpip_event
 *fill*         0x00000000000373ad       0x13 
 COMMON         0x00000000000373c0      0x198 obj_cooja/mtype670.a(rpl-dag.o)
                0x00000000000373c0                default_instance
                0x00000000000373e0                instance_table
 COMMON         0x0000000000037558       0x10 obj_cooja/mtype670.a(linkaddr.o)
                0x0000000000037558                linkaddr_node_addr
                0x0000000000037560                long_linkaddr_node_addr
 COMMON         0x0000000000037568       0x2e obj_cooja/mtype670.a(packetbuf.o)
                0x0000000000037568                packetbuf_attrs
                0x0000000000037586                packetbuf_addrs
 *fill*         0x0000000000037596        0xa 
 COMMON         0x00000000000375a0       0x48 obj_cooja/mtype670.a(rimestats.o)
                0x00000000000375a0                rimestats
                0x00000000000375e8                . = ALIGN ((. != 0x0)?0x4:0x1)
                0x00000000000375e8                . = ALIGN (0x4)
                0x00000000000375e8                . = SEGMENT_START ("ldata-segment", .)
                0x00000000000375e8                . = ALIGN (0x4)
                0x00000000000375e8                _end = .
                0x00000000000375e8                PROVIDE (end, .)
                0x00000000000375e8                . = DATA_SEGMENT_END (.)

.stab
 *(.stab)

.stabstr
 *(.stabstr)

.stab.excl
 *(.stab.excl)

.stab.exclstr
 *(.stab.exclstr)

.stab.index
 *(.stab.index)

.stab.indexstr
 *(.stab.indexstr)

.comment        0x0000000000000000       0x29
 *(.comment)
 .comment       0x0000000000000000       0x29 /usr/lib/gcc/i686-linux-gnu/4.8/crtbeginS.o
                                         0x2a (size before relaxing)
 .comment       0x0000000000000000       0x2a udp-client.co
 .comment       0x0000000000000000       0x2a obj_cooja/mtype670.o
 .comment       0x0000000000000000       0x2a obj_cooja/mtype670.a(simEnvChange.o)
 .comment       0x0000000000000000       0x2a obj_cooja/mtype670.a(cooja_mt.o)
 .comment       0x0000000000000000       0x2a obj_cooja/mtype670.a(cooja_mtarch.o)
 .comment       0x0000000000000000       0x2a obj_cooja/mtype670.a(rtimer-arch.o)
 .comment       0x0000000000000000       0x2a obj_cooja/mtype670.a(beep.o)
 .comment       0x0000000000000000       0x2a obj_cooja/mtype670.a(button-sensor.o)
 .comment       0x0000000000000000       0x2a obj_cooja/mtype670.a(leds-arch.o)
 .comment       0x0000000000000000       0x2a obj_cooja/mtype670.a(moteid.o)
 .comment       0x0000000000000000       0x2a obj_cooja/mtype670.a(pir-sensor.o)
 .comment       0x0000000000000000       0x2a obj_cooja/mtype670.a(rs232.o)
 .comment       0x0000000000000000       0x2a obj_cooja/mtype670.a(vib-sensor.o)
 .comment       0x0000000000000000       0x2a obj_cooja/mtype670.a(clock.o)
 .comment       0x0000000000000000       0x2a obj_cooja/mtype670.a(log.o)
 .comment       0x0000000000000000       0x2a obj_cooja/mtype670.a(cfs-cooja.o)
 .comment       0x0000000000000000       0x2a obj_cooja/mtype670.a(cooja-radio.o)
 .comment       0x0000000000000000       0x2a obj_cooja/mtype670.a(eeprom.o)
 .comment       0x0000000000000000       0x2a obj_cooja/mtype670.a(random.o)
 .comment       0x0000000000000000       0x2a obj_cooja/mtype670.a(sensors.o)
 .comment       0x0000000000000000       0x2a obj_cooja/mtype670.a(dual_conf.o)
 .comment       0x0000000000000000       0x2a obj_cooja/mtype670.a(autostart.o)
 .comment       0x0000000000000000       0x2a obj_cooja/mtype670.a(ctimer.o)
 .comment       0x0000000000000000       0x2a obj_cooja/mtype670.a(etimer.o)
 .comment       0x0000000000000000       0x2a obj_cooja/mtype670.a(log_message.o)
 .comment       0x0000000000000000       0x2a obj_cooja/mtype670.a(process.o)
 .comment       0x0000000000000000       0x2a obj_cooja/mtype670.a(residual.o)
 .comment       0x0000000000000000       0x2a obj_cooja/mtype670.a(rtimer.o)
 .comment       0x0000000000000000       0x2a obj_cooja/mtype670.a(stimer.o)
 .comment       0x0000000000000000       0x2a obj_cooja/mtype670.a(timer.o)
 .comment       0x0000000000000000       0x2a obj_cooja/mtype670.a(serial-line.o)
 .comment       0x0000000000000000       0x2a obj_cooja/mtype670.a(list.o)
 .comment       0x0000000000000000       0x2a obj_cooja/mtype670.a(ringbuf.o)
 .comment       0x0000000000000000       0x2a obj_cooja/mtype670.a(sicslowpan.o)
 .comment       0x0000000000000000       0x2a obj_cooja/mtype670.a(uip-ds6-nbr.o)
 .comment       0x0000000000000000       0x2a obj_cooja/mtype670.a(uip-ds6-route.o)
 .comment       0x0000000000000000       0x2a obj_cooja/mtype670.a(uip-ds6.o)
 .comment       0x0000000000000000       0x2a obj_cooja/mtype670.a(uip6.o)
 .comment       0x0000000000000000       0x2a obj_cooja/mtype670.a(tcpip.o)
 .comment       0x0000000000000000       0x2a obj_cooja/mtype670.a(uip-debug.o)
 .comment       0x0000000000000000       0x2a obj_cooja/mtype670.a(uip-packetqueue)
 .comment       0x0000000000000000       0x2a obj_cooja/mtype670.a(uip-udp-packet.)
 .comment       0x0000000000000000       0x2a obj_cooja/mtype670.a(rpl-dag.o)
 .comment       0x0000000000000000       0x2a obj_cooja/mtype670.a(rpl-ext-header.)
 .comment       0x0000000000000000       0x2a obj_cooja/mtype670.a(rpl-icmp6.o)
 .comment       0x0000000000000000       0x2a obj_cooja/mtype670.a(rpl-ltmax.o)
 .comment       0x0000000000000000       0x2a obj_cooja/mtype670.a(rpl-timers.o)
 .comment       0x0000000000000000       0x2a obj_cooja/mtype670.a(rpl.o)
 .comment       0x0000000000000000       0x2a obj_cooja/mtype670.a(framer-802154.o)
 .comment       0x0000000000000000       0x2a obj_cooja/mtype670.a(nullmac.o)
 .comment       0x0000000000000000       0x2a obj_cooja/mtype670.a(cxmac.o)
 .comment       0x0000000000000000       0x2a obj_cooja/mtype670.a(linkaddr.o)
 .comment       0x0000000000000000       0x2a obj_cooja/mtype670.a(nbr-table.o)
 .comment       0x0000000000000000       0x2a obj_cooja/mtype670.a(netstack.o)
 .comment       0x0000000000000000       0x2a obj_cooja/mtype670.a(packetbuf.o)
 .comment       0x0000000000000000       0x2a obj_cooja/mtype670.a(queuebuf.o)
 .comment       0x0000000000000000       0x2a obj_cooja/mtype670.a(nullsec.o)
 .comment       0x0000000000000000       0x2a obj_cooja/mtype670.a(watchdog.o)
 .comment       0x0000000000000000       0x2a obj_cooja/mtype670.a(rimestats.o)
 .comment       0x0000000000000000       0x2a obj_cooja/mtype670.a(leds.o)
 .comment       0x0000000000000000       0x2a obj_cooja/mtype670.a(memb.o)
 .comment       0x0000000000000000       0x2a obj_cooja/mtype670.a(uip-icmp6.o)
 .comment       0x0000000000000000       0x2a obj_cooja/mtype670.a(uip-nd6.o)
 .comment       0x0000000000000000       0x2a obj_cooja/mtype670.a(rpl-nbr-policy.)
 .comment       0x0000000000000000       0x2a obj_cooja/mtype670.a(frame802154.o)
 .comment       0x0000000000000000       0x2a obj_cooja/mtype670.a(mac.o)
 .comment       0x0000000000000000       0x2a /usr/lib/gcc/i686-linux-gnu/4.8/crtendS.o

.debug
 *(.debug)

.line
 *(.line)

.debug_srcinfo
 *(.debug_srcinfo)

.debug_sfnames
 *(.debug_sfnames)

.debug_aranges  0x0000000000000000      0x838
 *(.debug_aranges)
 .debug_aranges
                0x0000000000000000       0x20 udp-client.co
 .debug_aranges
                0x0000000000000020       0x20 obj_cooja/mtype670.o
 .debug_aranges
                0x0000000000000040       0x20 obj_cooja/mtype670.a(simEnvChange.o)
 .debug_aranges
                0x0000000000000060       0x20 obj_cooja/mtype670.a(cooja_mt.o)
 .debug_aranges
                0x0000000000000080       0x20 obj_cooja/mtype670.a(cooja_mtarch.o)
 .debug_aranges
                0x00000000000000a0       0x20 obj_cooja/mtype670.a(rtimer-arch.o)
 .debug_aranges
                0x00000000000000c0       0x20 obj_cooja/mtype670.a(beep.o)
 .debug_aranges
                0x00000000000000e0       0x20 obj_cooja/mtype670.a(button-sensor.o)
 .debug_aranges
                0x0000000000000100       0x20 obj_cooja/mtype670.a(leds-arch.o)
 .debug_aranges
                0x0000000000000120       0x20 obj_cooja/mtype670.a(moteid.o)
 .debug_aranges
                0x0000000000000140       0x20 obj_cooja/mtype670.a(pir-sensor.o)
 .debug_aranges
                0x0000000000000160       0x20 obj_cooja/mtype670.a(rs232.o)
 .debug_aranges
                0x0000000000000180       0x20 obj_cooja/mtype670.a(vib-sensor.o)
 .debug_aranges
                0x00000000000001a0       0x20 obj_cooja/mtype670.a(clock.o)
 .debug_aranges
                0x00000000000001c0       0x20 obj_cooja/mtype670.a(log.o)
 .debug_aranges
                0x00000000000001e0       0x20 obj_cooja/mtype670.a(cfs-cooja.o)
 .debug_aranges
                0x0000000000000200       0x20 obj_cooja/mtype670.a(cooja-radio.o)
 .debug_aranges
                0x0000000000000220       0x20 obj_cooja/mtype670.a(eeprom.o)
 .debug_aranges
                0x0000000000000240       0x20 obj_cooja/mtype670.a(random.o)
 .debug_aranges
                0x0000000000000260       0x20 obj_cooja/mtype670.a(sensors.o)
 .debug_aranges
                0x0000000000000280       0x20 obj_cooja/mtype670.a(dual_conf.o)
 .debug_aranges
                0x00000000000002a0       0x20 obj_cooja/mtype670.a(autostart.o)
 .debug_aranges
                0x00000000000002c0       0x20 obj_cooja/mtype670.a(ctimer.o)
 .debug_aranges
                0x00000000000002e0       0x20 obj_cooja/mtype670.a(etimer.o)
 .debug_aranges
                0x0000000000000300       0x20 obj_cooja/mtype670.a(log_message.o)
 .debug_aranges
                0x0000000000000320       0x20 obj_cooja/mtype670.a(process.o)
 .debug_aranges
                0x0000000000000340       0x20 obj_cooja/mtype670.a(residual.o)
 .debug_aranges
                0x0000000000000360       0x20 obj_cooja/mtype670.a(rtimer.o)
 .debug_aranges
                0x0000000000000380       0x20 obj_cooja/mtype670.a(stimer.o)
 .debug_aranges
                0x00000000000003a0       0x20 obj_cooja/mtype670.a(timer.o)
 .debug_aranges
                0x00000000000003c0       0x20 obj_cooja/mtype670.a(serial-line.o)
 .debug_aranges
                0x00000000000003e0       0x20 obj_cooja/mtype670.a(list.o)
 .debug_aranges
                0x0000000000000400       0x20 obj_cooja/mtype670.a(ringbuf.o)
 .debug_aranges
                0x0000000000000420       0x20 obj_cooja/mtype670.a(sicslowpan.o)
 .debug_aranges
                0x0000000000000440       0x20 obj_cooja/mtype670.a(uip-ds6-nbr.o)
 .debug_aranges
                0x0000000000000460       0x20 obj_cooja/mtype670.a(uip-ds6-route.o)
 .debug_aranges
                0x0000000000000480       0x20 obj_cooja/mtype670.a(uip-ds6.o)
 .debug_aranges
                0x00000000000004a0       0x20 obj_cooja/mtype670.a(uip6.o)
 .debug_aranges
                0x00000000000004c0       0x20 obj_cooja/mtype670.a(tcpip.o)
 .debug_aranges
                0x00000000000004e0       0x20 obj_cooja/mtype670.a(uip-debug.o)
 .debug_aranges
                0x0000000000000500       0x20 obj_cooja/mtype670.a(uip-packetqueue)
 .debug_aranges
                0x0000000000000520       0x20 obj_cooja/mtype670.a(uip-udp-packet.)
 .debug_aranges
                0x0000000000000540       0x20 obj_cooja/mtype670.a(rpl-dag.o)
 .debug_aranges
                0x0000000000000560       0x20 obj_cooja/mtype670.a(rpl-ext-header.)
 .debug_aranges
                0x0000000000000580       0x20 obj_cooja/mtype670.a(rpl-icmp6.o)
 .debug_aranges
                0x00000000000005a0       0x20 obj_cooja/mtype670.a(rpl-ltmax.o)
 .debug_aranges
                0x00000000000005c0       0x20 obj_cooja/mtype670.a(rpl-timers.o)
 .debug_aranges
                0x00000000000005e0       0x20 obj_cooja/mtype670.a(rpl.o)
 .debug_aranges
                0x0000000000000600       0x20 obj_cooja/mtype670.a(framer-802154.o)
 .debug_aranges
                0x0000000000000620       0x20 obj_cooja/mtype670.a(nullmac.o)
 .debug_aranges
                0x0000000000000640       0x20 obj_cooja/mtype670.a(cxmac.o)
 .debug_aranges
                0x0000000000000660       0x20 obj_cooja/mtype670.a(linkaddr.o)
 .debug_aranges
                0x0000000000000680       0x20 obj_cooja/mtype670.a(nbr-table.o)
 .debug_aranges
                0x00000000000006a0       0x20 obj_cooja/mtype670.a(netstack.o)
 .debug_aranges
                0x00000000000006c0       0x20 obj_cooja/mtype670.a(packetbuf.o)
 .debug_aranges
                0x00000000000006e0       0x20 obj_cooja/mtype670.a(queuebuf.o)
 .debug_aranges
                0x0000000000000700       0x20 obj_cooja/mtype670.a(nullsec.o)
 .debug_aranges
                0x0000000000000720       0x20 obj_cooja/mtype670.a(watchdog.o)
 .debug_aranges
                0x0000000000000740       0x18 obj_cooja/mtype670.a(rimestats.o)
 .debug_aranges
                0x0000000000000758       0x20 obj_cooja/mtype670.a(leds.o)
 .debug_aranges
                0x0000000000000778       0x20 obj_cooja/mtype670.a(memb.o)
 .debug_aranges
                0x0000000000000798       0x20 obj_cooja/mtype670.a(uip-icmp6.o)
 .debug_aranges
                0x00000000000007b8       0x20 obj_cooja/mtype670.a(uip-nd6.o)
 .debug_aranges
                0x00000000000007d8       0x20 obj_cooja/mtype670.a(rpl-nbr-policy.)
 .debug_aranges
                0x00000000000007f8       0x20 obj_cooja/mtype670.a(frame802154.o)
 .debug_aranges
                0x0000000000000818       0x20 obj_cooja/mtype670.a(mac.o)

.debug_pubnames
 *(.debug_pubnames)

.debug_info     0x0000000000000000    0x1d28d
 *(.debug_info .gnu.linkonce.wi.*)
 .debug_info    0x0000000000000000      0xa44 udp-client.co
 .debug_info    0x0000000000000a44     0x3ac4 obj_cooja/mtype670.o
 .debug_info    0x0000000000004508      0x15a obj_cooja/mtype670.a(simEnvChange.o)
 .debug_info    0x0000000000004662      0x1e2 obj_cooja/mtype670.a(cooja_mt.o)
 .debug_info    0x0000000000004844      0x2e7 obj_cooja/mtype670.a(cooja_mtarch.o)
 .debug_info    0x0000000000004b2b      0x16b obj_cooja/mtype670.a(rtimer-arch.o)