Archive member included to satisfy reference by file (symbol)

obj_cooja/mtype987.a(simEnvChange.o)
                              obj_cooja/mtype987.o (simDontFallAsleep)
obj_cooja/mtype987.a(cooja_mt.o)
                              obj_cooja/mtype987.o (cooja_mt_start)
obj_cooja/mtype987.a(cooja_mtarch.o)
                              obj_cooja/mtype987.a(cooja_mt.o) (cooja_mtarch_init)
obj_cooja/mtype987.a(rtimer-arch.o)
                              obj_cooja/mtype987.o (rtimer_arch_next)
obj_cooja/mtype987.a(beep.o)  obj_cooja/mtype987.o (beep_interface)
obj_cooja/mtype987.a(button-sensor.o)
                              obj_cooja/mtype987.o (button_interface)
obj_cooja/mtype987.a(leds-arch.o)
                              obj_cooja/mtype987.o (leds_interface)
obj_cooja/mtype987.a(moteid.o)
                              obj_cooja/mtype987.o (moteid_interface)
obj_cooja/mtype987.a(pir-sensor.o)
                              obj_cooja/mtype987.o (pir_interface)
obj_cooja/mtype987.a(rs232.o)
                              obj_cooja/mtype987.o (rs232_interface)
obj_cooja/mtype987.a(vib-sensor.o)
                              obj_cooja/mtype987.o (vib_interface)
obj_cooja/mtype987.a(clock.o)
                              obj_cooja/mtype987.o (clock_interface)
obj_cooja/mtype987.a(log.o)   obj_cooja/mtype987.o (simlog_interface)
obj_cooja/mtype987.a(cfs-cooja.o)
                              obj_cooja/mtype987.o (cfs_interface)
obj_cooja/mtype987.a(cooja-radio.o)
                              obj_cooja/mtype987.o (radio_interface)
obj_cooja/mtype987.a(eeprom.o)
                              obj_cooja/mtype987.o (eeprom_interface)
obj_cooja/mtype987.a(random.o)
                              obj_cooja/mtype987.a(moteid.o) (random_init)
obj_cooja/mtype987.a(sensors.o)
                              obj_cooja/mtype987.o (sensors_process)
obj_cooja/mtype987.a(leds.o)  obj_cooja/mtype987.a(cooja-radio.o) (leds_on)
obj_cooja/mtype987.a(dual_conf.o)
                              obj_cooja/mtype987.a(cooja-radio.o) (long_range_radio)
obj_cooja/mtype987.a(autostart.o)
                              obj_cooja/mtype987.o (autostart_start)
obj_cooja/mtype987.a(ctimer.o)
                              obj_cooja/mtype987.o (ctimer_init)
obj_cooja/mtype987.a(etimer.o)
                              obj_cooja/mtype987.o (etimer_process)
obj_cooja/mtype987.a(log_message.o)
                              obj_cooja/mtype987.o (log_initialization)
obj_cooja/mtype987.a(process.o)
                              udp-client.co (process_current)
obj_cooja/mtype987.a(residual.o)
                              udp-client.co (get_residual_energy)
obj_cooja/mtype987.a(rtimer.o)
                              obj_cooja/mtype987.a(rtimer-arch.o) (rtimer_run_next)
obj_cooja/mtype987.a(stimer.o)
                              udp-client.co (stimer_remaining)
obj_cooja/mtype987.a(timer.o)
                              obj_cooja/mtype987.a(button-sensor.o) (timer_set)
obj_cooja/mtype987.a(serial-line.o)
                              udp-client.co (serial_line_event_message)
obj_cooja/mtype987.a(list.o)  obj_cooja/mtype987.a(ctimer.o) (list_init)
obj_cooja/mtype987.a(ringbuf.o)
                              obj_cooja/mtype987.a(serial-line.o) (ringbuf_init)
obj_cooja/mtype987.a(sicslowpan.o)
                              obj_cooja/mtype987.o (sicslowpan_driver)
obj_cooja/mtype987.a(uip-ds6-nbr.o)
                              obj_cooja/mtype987.a(sicslowpan.o) (uip_ds6_link_neighbor_callback)
obj_cooja/mtype987.a(uip-ds6-route.o)
                              udp-client.co (uip_ds6_route_nexthop)
obj_cooja/mtype987.a(uip-ds6.o)
                              udp-client.co (uip_ds6_if)
obj_cooja/mtype987.a(uip6.o)  udp-client.co (uip_lladdr)
obj_cooja/mtype987.a(tcpip.o)
                              udp-client.co (tcpip_event)
obj_cooja/mtype987.a(uip-debug.o)
                              udp-client.co (uip_debug_ipaddr_print)
obj_cooja/mtype987.a(uip-packetqueue)
                              obj_cooja/mtype987.a(uip-ds6-nbr.o) (uip_packetqueue_new)
obj_cooja/mtype987.a(uip-udp-packet.)
                              udp-client.co (uip_udp_packet_sendto)
obj_cooja/mtype987.a(rpl-dag.o)
                              obj_cooja/mtype987.a(tcpip.o) (rpl_repair_root)
obj_cooja/mtype987.a(rpl-ext-header.)
                              obj_cooja/mtype987.a(uip6.o) (rpl_verify_header)
obj_cooja/mtype987.a(rpl-icmp6.o)
                              obj_cooja/mtype987.a(rpl-dag.o) (rpl_icmp6_update_nbr_table)
obj_cooja/mtype987.a(rpl-ltmax.o)
                              obj_cooja/mtype987.a(rpl-dag.o) (rpl_ltmax_of)
obj_cooja/mtype987.a(rpl-timers.o)
                              obj_cooja/mtype987.a(rpl-icmp6.o) (rpl_LSA_convergence_timer)
obj_cooja/mtype987.a(rpl.o)   obj_cooja/mtype987.a(rpl-icmp6.o) (rpl_get_mode)
obj_cooja/mtype987.a(csma.o)  obj_cooja/mtype987.o (csma_driver)
obj_cooja/mtype987.a(framer-802154.o)
[...]
Memory Configuration

Name             Origin             Length             Attributes
*default*        0x0000000000000000 0xffffffffffffffff

Linker script and memory map

LOAD /usr/lib/gcc/i686-linux-gnu/4.8/../../../i386-linux-gnu/crti.o
LOAD /usr/lib/gcc/i686-linux-gnu/4.8/crtbeginS.o
LOAD udp-client.co
LOAD obj_cooja/mtype987.o
LOAD obj_cooja/mtype987.a
LOAD /usr/lib/gcc/i686-linux-gnu/4.8/libgcc.a
LOAD /usr/lib/gcc/i686-linux-gnu/4.8/libgcc_s.so
LOAD /usr/lib/gcc/i686-linux-gnu/4.8/../../../i386-linux-gnu/libc.so
START GROUP
LOAD /lib/i386-linux-gnu/libc.so.6
LOAD /usr/lib/i386-linux-gnu/libc_nonshared.a
LOAD /lib/i386-linux-gnu/ld-linux.so.2
END GROUP
LOAD /usr/lib/gcc/i686-linux-gnu/4.8/libgcc.a
LOAD /usr/lib/gcc/i686-linux-gnu/4.8/libgcc_s.so
LOAD /usr/lib/gcc/i686-linux-gnu/4.8/crtendS.o
LOAD /usr/lib/gcc/i686-linux-gnu/4.8/../../../i386-linux-gnu/crtn.o
                0x0000000000000114                . = (0x0 + SIZEOF_HEADERS)

.note.gnu.build-id
                0x0000000000000114       0x24
 *(.note.gnu.build-id)
 .note.gnu.build-id
                0x0000000000000114       0x24 /usr/lib/gcc/i686-linux-gnu/4.8/../../../i386-linux-gnu/crti.o

.hash
 *(.hash)

.gnu.hash       0x0000000000000138     0x13b8
 *(.gnu.hash)
 .gnu.hash      0x0000000000000138     0x13b8 /usr/lib/gcc/i686-linux-gnu/4.8/../../../i386-linux-gnu/crti.o

.dynsym         0x00000000000014f0     0x2740
 *(.dynsym)
 .dynsym        0x00000000000014f0     0x2740 /usr/lib/gcc/i686-linux-gnu/4.8/../../../i386-linux-gnu/crti.o

.dynstr         0x0000000000003c30     0x285b
 *(.dynstr)
 .dynstr        0x0000000000003c30     0x285b /usr/lib/gcc/i686-linux-gnu/4.8/../../../i386-linux-gnu/crti.o

.gnu.version    0x000000000000648c      0x4e8
 *(.gnu.version)
 .gnu.version   0x000000000000648c      0x4e8 /usr/lib/gcc/i686-linux-gnu/4.8/../../../i386-linux-gnu/crti.o

.gnu.version_d  0x0000000000006974        0x0
 *(.gnu.version_d)
 .gnu.version_d
                0x0000000000000000        0x0 /usr/lib/gcc/i686-linux-gnu/4.8/../../../i386-linux-gnu/crti.o

.gnu.version_r  0x0000000000006974       0x50
 *(.gnu.version_r)
 .gnu.version_r
                0x0000000000006974       0x50 /usr/lib/gcc/i686-linux-gnu/4.8/../../../i386-linux-gnu/crti.o

.rel.dyn        0x00000000000069c4     0xa1c0
 *(.rel.init)
 .rel.init      0x0000000000000000        0x0 /usr/lib/gcc/i686-linux-gnu/4.8/../../../i386-linux-gnu/crti.o
 *(.rel.text .rel.text.* .rel.gnu.linkonce.t.*)
 .rel.text      0x00000000000069c4     0x99d0 /usr/lib/gcc/i686-linux-gnu/4.8/../../../i386-linux-gnu/crti.o
 *(.rel.fini)
 .rel.fini      0x0000000000000000        0x0 /usr/lib/gcc/i686-linux-gnu/4.8/../../../i386-linux-gnu/crti.o
 *(.rel.rodata .rel.rodata.* .rel.gnu.linkonce.r.*)
 .rel.rodata    0x0000000000010394      0x4e0 /usr/lib/gcc/i686-linux-gnu/4.8/../../../i386-linux-gnu/crti.o
 *(.rel.data.rel.ro .rel.data.rel.ro.* .rel.gnu.linkonce.d.rel.ro.*)
 *(.rel.data .rel.data.* .rel.gnu.linkonce.d.*)
 .rel.data.rel  0x0000000000010874        0x8 /usr/lib/gcc/i686-linux-gnu/4.8/../../../i386-linux-gnu/crti.o
 .rel.data      0x000000000001087c      0x2d0 /usr/lib/gcc/i686-linux-gnu/4.8/../../../i386-linux-gnu/crti.o
 *(.rel.tdata .rel.tdata.* .rel.gnu.linkonce.td.*)
 *(.rel.tbss .rel.tbss.* .rel.gnu.linkonce.tb.*)
 *(.rel.ctors)
 *(.rel.dtors)
 *(.rel.got)
 .rel.got       0x0000000000010b4c       0x28 /usr/lib/gcc/i686-linux-gnu/4.8/../../../i386-linux-gnu/crti.o
 *(.rel.bss .rel.bss.* .rel.gnu.linkonce.b.*)
 *(.rel.ifunc)
 .rel.ifunc     0x0000000000000000        0x0 /usr/lib/gcc/i686-linux-gnu/4.8/../../../i386-linux-gnu/crti.o
 .rel.fini_array
                0x0000000000010b74        0x8 /usr/lib/gcc/i686-linux-gnu/4.8/../../../i386-linux-gnu/crti.o
 .rel.init_array
                0x0000000000010b7c        0x8 /usr/lib/gcc/i686-linux-gnu/4.8/../../../i386-linux-gnu/crti.o

.rel.plt        0x0000000000010b84       0x10
 *(.rel.plt)
 .rel.plt       0x0000000000010b84       0x10 /usr/lib/gcc/i686-linux-gnu/4.8/../../../i386-linux-gnu/crti.o
 *(.rel.iplt)

.init           0x0000000000010b94       0x23
 *(SORT(.init))
 .init          0x0000000000010b94       0x1e /usr/lib/gcc/i686-linux-gnu/4.8/../../../i386-linux-gnu/crti.o
                0x0000000000010b94                _init
 .init          0x0000000000010bb2        0x5 /usr/lib/gcc/i686-linux-gnu/4.8/../../../i386-linux-gnu/crtn.o

.plt            0x0000000000010bc0       0x30
 *(.plt)
 .plt           0x0000000000010bc0       0x30 /usr/lib/gcc/i686-linux-gnu/4.8/../../../i386-linux-gnu/crti.o
 *(.iplt)

.text           0x0000000000010bf0    0x18122
 *(.text.unlikely .text.*_unlikely .text.unlikely.*)
 *(.text.exit .text.exit.*)
 *(.text.startup .text.startup.*)
 *(.text.hot .text.hot.*)
 *(.text .stub .text.* .gnu.linkonce.t.*)
 .text          0x0000000000010bf0        0x0 /usr/lib/gcc/i686-linux-gnu/4.8/../../../i386-linux-gnu/crti.o
 .gnu.linkonce.t.__x86.get_pc_thunk.bx
                0x0000000000010bf0        0x4 /usr/lib/gcc/i686-linux-gnu/4.8/../../../i386-linux-gnu/crti.o
                0x0000000000010bf0                __x86.get_pc_thunk.bx
 *fill*         0x0000000000010bf4        0xc 
 .text          0x0000000000010c00      0x11b /usr/lib/gcc/i686-linux-gnu/4.8/crtbeginS.o
 .text          0x0000000000010d1b      0x884 udp-client.co
 .text          0x000000000001159f      0x96a obj_cooja/mtype987.o
                0x000000000001174d                contiki_init
                0x0000000000011d20                Java_org_contikios_cooja_corecomm_Lib41_init
                0x0000000000011d60                Java_org_contikios_cooja_corecomm_Lib41_getMemory
                0x0000000000011da0                Java_org_contikios_cooja_corecomm_Lib41_setMemory
                0x0000000000011e17                Java_org_contikios_cooja_corecomm_Lib41_tick
                0x0000000000011ef7                Java_org_contikios_cooja_corecomm_Lib41_setReferenceAddress
 .text          0x0000000000011f09       0x63 obj_cooja/mtype987.a(simEnvChange.o)
                0x0000000000011f09                doActionsBeforeTick
                0x0000000000011f3a                doActionsAfterTick
 .text          0x0000000000011f6c       0xbc obj_cooja/mtype987.a(cooja_mt.o)
                0x0000000000011f6c                cooja_mt_init
                0x0000000000011f79                cooja_mt_remove
                0x0000000000011f86                cooja_mt_start
                0x0000000000011fb3                cooja_mt_exec
                0x0000000000011fe4                cooja_mt_exit
                0x0000000000012006                cooja_mt_yield
 .text          0x0000000000012028      0x115 obj_cooja/mtype987.a(cooja_mtarch.o)
                0x0000000000012028                cooja_mtarch_init
                0x000000000001202d                cooja_mtarch_start
                0x00000000000120a8                cooja_sw
                0x00000000000120ca                cooja_mtarch_exec
                0x00000000000120e6                cooja_mtarch_remove
                0x00000000000120eb                cooja_mtarch_yield
                0x00000000000120f5                cooja_mtarch_pstop
                0x00000000000120fa                cooja_mtarch_pstart
                0x00000000000120ff                cooja_mtarch_stack_usage
 .text          0x000000000001213d       0xc2 obj_cooja/mtype987.a(rtimer-arch.o)
                0x000000000001213d                rtimer_arch_init
                0x0000000000012160                rtimer_arch_schedule
                0x0000000000012177                rtimer_arch_next
                0x0000000000012181                rtimer_arch_pending
                0x000000000001218b                rtimer_arch_check
                0x00000000000121bd                rtimer_arch_now
 .text          0x00000000000121ff       0x76 obj_cooja/mtype987.a(beep.o)
                0x00000000000121ff                beep_alarm
                0x000000000001220b                beep_beep
                0x0000000000012217                beep
                0x0000000000012223                beep_down
                0x000000000001222f                beep_on
                0x000000000001223b                beep_off
                0x0000000000012247                beep_spinup
                0x0000000000012253                beep_quick
                0x000000000001225f                beep_long
 .text          0x0000000000012275      0x103 obj_cooja/mtype987.a(button-sensor.o)
 .text          0x0000000000012378       0x45 obj_cooja/mtype987.a(leds-arch.o)
                0x0000000000012378                leds_arch_init
                0x0000000000012384                leds_arch_get
                0x0000000000012390                leds_arch_set
 .text          0x00000000000123bd       0x2f obj_cooja/mtype987.a(moteid.o)
 .text          0x00000000000123ec       0xb1 obj_cooja/mtype987.a(pir-sensor.o)
 .text          0x000000000001249d      0x131 obj_cooja/mtype987.a(rs232.o)
                0x000000000001249d                rs232_init
                0x00000000000124a2                rs232_set_speed
                0x00000000000124b0                rs232_set_input
                0x00000000000124bd                rs232_send
                0x00000000000124df                rs232_print
                0x00000000000124fa                slip_arch_writeb
 .text          0x00000000000125ce       0xb1 obj_cooja/mtype987.a(vib-sensor.o)
 .text          0x000000000001267f       0x34 obj_cooja/mtype987.a(clock.o)
                0x000000000001267f                clock_init
                0x0000000000012684                clock_time
                0x000000000001268e                clock_seconds
                0x00000000000126a4                clock_delay
 .text          0x00000000000126b3      0x1ed obj_cooja/mtype987.a(log.o)
                0x00000000000126b3                simlog_char
                0x00000000000126f5                simlog
                0x0000000000012762                log_message
                0x000000000001278a                log_set_putchar_with_slip
                0x0000000000012797                log_putchar
                0x000000000001281b                log_puts
                0x000000000001283f                log_printf
 .text          0x00000000000128a0      0x2c4 obj_cooja/mtype987.a(cfs-cooja.o)
                0x00000000000128a0                cfs_open
                0x0000000000012909                cfs_close
                0x0000000000012915                cfs_read
                0x00000000000129b3                cfs_write
                0x0000000000012a90                cfs_seek
                0x0000000000012b18                cfs_remove
                0x0000000000012b41                cfs_opendir
                0x0000000000012b4b                cfs_readdir
                0x0000000000012b55                cfs_closedir
 .text          0x0000000000012b64      0x6b7 obj_cooja/mtype987.a(cooja-radio.o)
                0x0000000000012b8e                radio_set_channel
                0x0000000000012ba3                radio_set_txpower
                0x0000000000012bc3                radio_signal_strength_last
                0x0000000000012bcd                radio_signal_strength_current
                0x0000000000012bd7                radio_LQI
 .text          0x000000000001321b       0xef obj_cooja/mtype987.a(eeprom.o)
                0x000000000001321b                eeprom_init
                0x0000000000013220                eeprom_read
                0x0000000000013290                eeprom_write
 .text          0x000000000001330a       0x28 obj_cooja/mtype987.a(random.o)
                0x000000000001330a                random_init
                0x0000000000013325                random_rand
 .text          0x0000000000013332      0x2a1 obj_cooja/mtype987.a(sensors.o)
                0x000000000001336d                sensors_first
                0x0000000000013377                sensors_next
                0x0000000000013394                sensors_changed
                0x00000000000133c3                sensors_find
 .text          0x00000000000135d3      0x134 obj_cooja/mtype987.a(leds.o)
                0x0000000000013624                leds_init
                0x0000000000013638                leds_blink
                0x0000000000013670                leds_get
                0x000000000001367d                leds_set
                0x0000000000013697                leds_on
                0x00000000000136ba                leds_off
                0x00000000000136e4                leds_toggle
 .text          0x0000000000013707      0x471 obj_cooja/mtype987.a(dual_conf.o)
                0x0000000000013707                dual_radio_switch
                0x0000000000013747                dual_radio_change
                0x0000000000013781                sending_in_LR
                0x00000000000137ac                dual_radio_received
                0x00000000000137ff                radio_received_is_longrange
                0x000000000001381a                dual_radio_turn_on
                0x000000000001383d                dual_radio_turn_off
                0x0000000000013afe                dio_broadcast
                0x0000000000013b27                dis_broadcast
                0x0000000000013b48                LSA_converge_broadcast
 .text          0x0000000000013b78       0x8e obj_cooja/mtype987.a(autostart.o)
                0x0000000000013b78                autostart_start
                0x0000000000013bc3                autostart_exit
 .text          0x0000000000013c06      0x334 obj_cooja/mtype987.a(ctimer.o)
                0x0000000000013d1d                ctimer_init
                0x0000000000013d4d                ctimer_set
                0x0000000000013d7e                ctimer_set_with_process
                0x0000000000013dfa                ctimer_reset
                0x0000000000013e49                ctimer_restart
                0x0000000000013e98                ctimer_stop
                0x0000000000013ee3                ctimer_expired
 .text          0x0000000000013f3a      0x40b obj_cooja/mtype987.a(etimer.o)
                0x000000000001414d                etimer_request_poll
                0x00000000000141d1                etimer_set
                0x00000000000141f6                etimer_reset_with_new_interval
                0x000000000001421d                etimer_reset
                0x000000000001423b                etimer_restart
                0x0000000000014259                etimer_adjust
                0x0000000000014275                etimer_expired
                0x0000000000014288                etimer_expiration_time
                0x000000000001429a                etimer_start_time
                0x00000000000142a4                etimer_pending
                0x00000000000142b6                etimer_next_expiration_time
                0x00000000000142d0                etimer_stop
 .text          0x0000000000014345      0x12d obj_cooja/mtype987.a(log_message.o)
                0x0000000000014345                log_initialization
                0x0000000000014451                log_finisher
 .text          0x0000000000014472      0x560 obj_cooja/mtype987.a(process.o)
                0x0000000000014472                process_alloc_event
                0x0000000000014487                process_start
                0x0000000000014670                process_exit
                0x000000000001468c                process_init
                0x000000000001485d                process_run
                0x0000000000014890                process_nevents
                0x00000000000148ab                process_post
                0x0000000000014957                process_post_synch
                0x000000000001498f                process_poll
                0x00000000000149be                process_is_running
 .text          0x00000000000149d2       0xd3 obj_cooja/mtype987.a(residual.o)
                0x00000000000149d2                get_residual_energy
 .text          0x0000000000014aa5       0xba obj_cooja/mtype987.a(rtimer.o)
                0x0000000000014aa5                rtimer_init
                0x0000000000014ab2                rtimer_set
                0x0000000000014b09                rtimer_run_next
 .text          0x0000000000014b5f       0xa3 obj_cooja/mtype987.a(stimer.o)
                0x0000000000014b5f                stimer_set
                0x0000000000014b7a                stimer_reset
                0x0000000000014b91                stimer_restart
                0x0000000000014ba3                stimer_expired
                0x0000000000014bca                stimer_remaining
                0x0000000000014bee                stimer_elapsed
 .text          0x0000000000014c02       0x91 obj_cooja/mtype987.a(timer.o)
                0x0000000000014c02                timer_set
                0x0000000000014c1d                timer_reset
                0x0000000000014c34                timer_restart
                0x0000000000014c46                timer_expired
                0x0000000000014c6f                timer_remaining
 .text          0x0000000000014c93      0x1fb obj_cooja/mtype987.a(serial-line.o)
                0x0000000000014c93                serial_line_input_byte
                0x0000000000014e56                serial_line_init
 .text          0x0000000000014e8e      0x244 obj_cooja/mtype987.a(list.o)
                0x0000000000014e8e                list_init
                0x0000000000014e9c                list_head
                0x0000000000014ea6                list_copy
                0x0000000000014eb5                list_tail
                0x0000000000014eeb                list_add
                0x0000000000014f34                list_push
                0x0000000000014f60                list_chop
                0x0000000000014fca                list_pop
                0x0000000000014ff2                list_remove
                0x0000000000015059                list_length
                0x0000000000015087                list_insert
                0x00000000000150bb                list_item_next
 .text          0x00000000000150d2      0x155 obj_cooja/mtype987.a(ringbuf.o)
                0x00000000000150d2                ringbuf_init
                0x0000000000015103                ringbuf_put
                0x0000000000015181                ringbuf_get
                0x00000000000151ee                ringbuf_size
                0x0000000000015200                ringbuf_elements
 .text          0x0000000000015227     0x2c8c obj_cooja/mtype987.a(sicslowpan.o)
                0x0000000000015827                rime_sniffer_add
                0x0000000000015834                rime_sniffer_remove
                0x0000000000017e52                sicslowpan_init
                0x0000000000017ea9                sicslowpan_get_last_rssi
 .text          0x0000000000017eb3      0x2dc obj_cooja/mtype987.a(uip-ds6-nbr.o)
                0x0000000000017ed0                uip_ds6_neighbors_init
                0x0000000000017eed                uip_ds6_nbr_add
                0x0000000000017f9e                uip_ds6_nbr_rm
                0x0000000000017ffb                uip_ds6_nbr_get_ipaddr
                0x0000000000018010                uip_ds6_nbr_get_ll
                0x000000000001802c                uip_ds6_nbr_num
                0x0000000000018071                uip_ds6_nbr_lookup
                0x00000000000180d6                uip_ds6_nbr_ll_lookup
                0x00000000000180f2                uip_ds6_nbr_ipaddr_from_lladdr
                0x0000000000018118                uip_ds6_nbr_lladdr_from_ipaddr
                0x0000000000018146                uip_ds6_link_neighbor_callback
 .text          0x000000000001818f      0x916 obj_cooja/mtype987.a(uip-ds6-route.o)
                0x0000000000018206                uip_ds6_notification_add
                0x0000000000018237                uip_ds6_notification_rm
                0x0000000000018253                uip_ds6_route_init
                0x00000000000182db                uip_ds6_route_nexthop
                0x0000000000018303                uip_ds6_route_head
                0x0000000000018318                uip_ds6_route_next
                0x000000000001833e                uip_ds6_route_is_nexthop
                0x000000000001837d                uip_ds6_route_num_routes
                0x0000000000018387                uip_ds6_route_lookup
                0x0000000000018449                uip_ds6_route_add
                0x000000000001867d                uip_ds6_route_rm
                0x0000000000018811                uip_ds6_route_rm_by_nexthop
                0x0000000000018849                uip_ds6_defrt_add
                0x00000000000188fa                uip_ds6_defrt_rm
                0x0000000000018979                uip_ds6_defrt_lookup
                0x00000000000189d2                uip_ds6_defrt_choose
                0x0000000000018a3d                uip_ds6_defrt_periodic
 .text          0x0000000000018aa5     0x12ad obj_cooja/mtype987.a(uip-ds6.o)
                0x0000000000018aa5                uip_ds6_init
                0x0000000000018dfa                uip_ds6_periodic
                0x0000000000018ed2                uip_ds6_list_loop
                0x0000000000018f79                uip_ds6_prefix_add
                0x0000000000019037                uip_ds6_prefix_rm
                0x0000000000019049                uip_ds6_prefix_lookup
                0x000000000001909a                uip_ds6_is_addr_onlink
                0x000000000001910e                uip_ds6_addr_add
                0x000000000001923c                uip_ds6_long_addr_add
                0x000000000001936a                uip_ds6_addr_rm
                0x000000000001940a                uip_ds6_addr_lookup
                0x0000000000019455                uip_ds6_long_addr_lookup
                0x00000000000194a0                uip_ds6_get_link_local
                0x000000000001951f                uip_ds6_long_get_link_local
                0x000000000001959e                uip_ds6_get_global
                0x000000000001961d                uip_ds6_long_get_global
                0x000000000001969c                uip_ds6_maddr_add
                0x000000000001970e                uip_ds6_long_maddr_add
                0x0000000000019780                uip_ds6_maddr_rm
                0x0000000000019792                uip_ds6_maddr_lookup
                0x00000000000197dd                uip_ds6_long_maddr_lookup
                0x0000000000019828                uip_ds6_aaddr_add
                0x000000000001989a                uip_ds6_long_aaddr_add
                0x000000000001990c                uip_ds6_aaddr_rm
                0x000000000001991e                uip_ds6_aaddr_lookup
                0x0000000000019969                uip_ds6_long_aaddr_lookup
                0x00000000000199b4                uip_ds6_select_src
                0x0000000000019c3d                uip_ds6_set_addr_iid
                0x0000000000019c74                get_match_length
                0x0000000000019d06                uip_ds6_compute_reachable_time
 .text          0x0000000000019d52     0x2a00 obj_cooja/mtype987.a(uip6.o)
                0x0000000000019d52                uip_add32
                0x0000000000019eeb                uip_chksum
                0x0000000000019fd9                uip_icmp6chksum
                0x0000000000019fed                uip_tcpchksum
                0x000000000001a001                uip_udpchksum
                0x000000000001a015                uip_init
                0x000000000001a0e5                uip_connect
                0x000000000001a294                remove_ext_hdr
                0x000000000001a369                uip_udp_new
                0x000000000001a4c5                uip_unlisten
                0x000000000001a525                uip_listen
                0x000000000001a7e7                uip_process
                0x000000000001c646                uip_htons
                0x000000000001c668                uip_htonl
                0x000000000001c6a8                uip_send
 .text          0x000000000001c752      0xc61 obj_cooja/mtype987.a(tcpip.o)
                0x000000000001c752                tcpip_output
                0x000000000001c7b0                tcpip_set_outputfunc
                0x000000000001c850                tcp_connect
                0x000000000001c8a5                tcp_unlisten
                0x000000000001c900                tcp_listen
                0x000000000001c959                tcp_attach
                0x000000000001c97e                udp_attach
                0x000000000001c9a3                udp_new
                0x000000000001c9f5                udp_broadcast_new
                0x000000000001cc69                tcpip_input
                0x000000000001cc9d                tcpip_ipv6_output
                0x000000000001d1f9                tcpip_poll_udp
                0x000000000001d21c                tcpip_poll_tcp
                0x000000000001d23f                tcpip_uipcall
 .text          0x000000000001d3b3      0x1c1 obj_cooja/mtype987.a(uip-debug.o)
                0x000000000001d3b3                uip_debug_ipaddr_print
                0x000000000001d515                uip_debug_lladdr_print
 .text          0x000000000001d574      0x141 obj_cooja/mtype987.a(uip-packetqueue)
                0x000000000001d5a0                uip_packetqueue_new
                0x000000000001d5ae                uip_packetqueue_alloc
                0x000000000001d60e                uip_packetqueue_free
                0x000000000001d64f                uip_packetqueue_buf
                0x000000000001d66c                uip_packetqueue_buflen
                0x000000000001d68d                uip_packetqueue_set_buflen
 .text          0x000000000001d6b5      0x131 obj_cooja/mtype987.a(uip-udp-packet.)
                0x000000000001d6b5                uip_udp_packet_send
                0x000000000001d715                uip_udp_packet_sendto
 .text          0x000000000001d7e6     0x26ab obj_cooja/mtype987.a(rpl-dag.o)
                0x000000000001d7e6                rpl_lr_in_child
                0x000000000001d89e                rpl_print_neighbor_list
                0x000000000001d947                rpl_print_child_neighbor_list
                0x000000000001d9bc                rpl_get_nbr
                0x000000000001da16                rpl_get_nbr_child
                0x000000000001da70                rpl_dag_init
                0x000000000001daa2                rpl_get_parent
                0x000000000001dac4                rpl_get_parent_rank
                0x000000000001daf7                rpl_get_parent_link_metric
                0x000000000001db2a                rpl_get_parent_ipaddr
                0x000000000001db54                rpl_get_child_ipaddr
                0x000000000001de6f                rpl_set_root
                0x000000000001e09d                rpl_repair_root
                0x000000000001e2d9                rpl_set_prefix
                0x000000000001e3d8                rpl_set_default_route
                0x000000000001e464                rpl_alloc_instance
                0x000000000001e4ec                rpl_alloc_dag
                0x000000000001e59f                rpl_set_default_instance
                0x000000000001e5ac                rpl_get_default_instance
                0x000000000001e5b6                rpl_free_instance
                0x000000000001e657                rpl_free_dag
                0x000000000001e6bd                rpl_add_parent
                0x000000000001e7a6                rpl_find_parent
                0x000000000001e7d6                rpl_add_child
                0x000000000001e87a                rpl_find_child
                0x000000000001e8c8                rpl_find_parent_any_dag
                0x000000000001e904                rpl_select_dag
                0x000000000001ed3a                rpl_select_parent
                0x000000000001ed9c                rpl_remove_parent
                0x000000000001edd2                rpl_remove_child
                0x000000000001edee                rpl_nullify_parent
                0x000000000001ee8c                rpl_move_parent
                0x000000000001ef29                rpl_has_downward_route
                0x000000000001ef7c                rpl_get_any_dag
                0x000000000001efde                rpl_get_instance
                0x000000000001f041                rpl_find_of
                0x000000000001f07e                rpl_join_instance
                0x000000000001f31a                rpl_add_dag
                0x000000000001f709                rpl_local_repair
                0x000000000001f7e2                rpl_recalculate_ranks
                0x000000000001f868                rpl_process_parent_event
                0x000000000001f91a                rpl_process_dio
 .text          0x000000000001fe91      0xbf3 obj_cooja/mtype987.a(rpl-ext-header.)
                0x000000000001feae                rpl_verify_header
                0x0000000000020328                rpl_update_header_empty
                0x000000000002063f                rpl_update_header_final
                0x00000000000207ce                rpl_remove_header
                0x00000000000208d8                rpl_invert_header
                0x0000000000020a62                rpl_insert_header
 .text          0x0000000000020a84     0x24ea obj_cooja/mtype987.a(rpl-icmp6.o)
                0x0000000000020d4d                rpl_icmp6_update_nbr_table
                0x0000000000020e3d                dis_output
                0x0000000000021775                dio_output
                0x0000000000021fe0                LSA_converge_output
                0x0000000000022acd                dao_output
                0x0000000000022b95                dao_output_target
                0x0000000000022f16                dao_ack_output
                0x0000000000022f2a                rpl_icmp6_register_handlers
 .text          0x0000000000022f6e      0x3dc obj_cooja/mtype987.a(rpl-ltmax.o)
 .text          0x000000000002334a      0x745 obj_cooja/mtype987.a(rpl-timers.o)
                0x000000000002334a                rpl_LSA_convergence_timer
                0x0000000000023440                rpl_reset_LSA_convergence_timer
                0x0000000000023738                rpl_reset_periodic_timer
                0x000000000002378d                rpl_reset_dio_timer
                0x00000000000239c7                rpl_schedule_dao
                0x00000000000239e2                rpl_schedule_dao_immediately
                0x00000000000239fd                rpl_cancel_dao
                0x0000000000023a5f                rpl_schedule_unicast_dio_immediately
 .text          0x0000000000023a8f      0x5dc obj_cooja/mtype987.a(rpl.o)
                0x0000000000023a8f                rpl_get_mode
                0x0000000000023a99                rpl_set_mode
                0x0000000000023b27                rpl_purge_routes
                0x0000000000023c21                rpl_remove_routes
                0x0000000000023c67                rpl_remove_routes_by_nexthop
                0x0000000000023cd3                rpl_add_route
                0x0000000000023d4e                rpl_link_neighbor_callback
                0x0000000000023e53                rpl_ipv6_neighbor_callback
                0x0000000000023ec2                rpl_purge_dags
                0x0000000000023fce                rpl_init
 .text          0x000000000002406b      0x87b obj_cooja/mtype987.a(csma.o)
 .text          0x00000000000248e6      0x3f5 obj_cooja/mtype987.a(framer-802154.o)
 .text          0x0000000000024cdb       0x3c obj_cooja/mtype987.a(mac.o)
                0x0000000000024cdb                mac_call_sent_callback
 .text          0x0000000000024d17     0x12ac obj_cooja/mtype987.a(cxmac.o)
                0x0000000000025ef7                cxmac_set_announcement_radio_txpower
                0x0000000000025efc                cxmac_init
 .text          0x0000000000025fc3       0x82 obj_cooja/mtype987.a(linkaddr.o)
                0x0000000000025fc3                linkaddr_copy
                0x0000000000025fe5                linkaddr_cmp
                0x000000000002600f                linkaddr_set_node_addr
                0x000000000002602a                linkaddr_set_node_long_addr
 .text          0x0000000000026045      0x915 obj_cooja/mtype987.a(nbr-table.o)
                0x0000000000026045                long_ip_from_lladdr_map
                0x00000000000260ce                lladdr_map_add_lr
                0x000000000002618b                lladdr_map_rm_lr
                0x0000000000026650                nbr_table_register
                0x0000000000026698                nbr_table_head
                0x00000000000266f4                nbr_table_next
                0x000000000002675b                nbr_table_add_lladdr
                0x0000000000026837                nbr_table_get_from_lladdr
                0x0000000000026884                nbr_table_remove
                0x00000000000268d6                nbr_table_lock
                0x0000000000026900                nbr_table_unlock
                0x000000000002692a                nbr_table_get_lladdr
 .text          0x000000000002695a       0x2b obj_cooja/mtype987.a(netstack.o)
                0x000000000002695a                netstack_init
 .text          0x0000000000026985      0x3cd obj_cooja/mtype987.a(packetbuf.o)
                0x0000000000026985                packetbuf_clear
                0x00000000000269af                packetbuf_copyfrom
                0x0000000000026a01                packetbuf_compact
                0x0000000000026a7e                packetbuf_copyto
                0x0000000000026b15                packetbuf_hdralloc
                0x0000000000026b92                packetbuf_hdrreduce
                0x0000000000026bda                packetbuf_set_datalen
                0x0000000000026bf3                packetbuf_dataptr
                0x0000000000026c10                packetbuf_hdrptr
                0x0000000000026c1a                packetbuf_datalen
                0x0000000000026c26                packetbuf_hdrlen
                0x0000000000026c3d                packetbuf_totlen
                0x0000000000026c53                packetbuf_attr_clear
                0x0000000000026ca5                packetbuf_attr_copyto
                0x0000000000026cee                packetbuf_attr_copyfrom
                0x0000000000026d36                packetbuf_holds_broadcast
 .text          0x0000000000026d52      0x2b4 obj_cooja/mtype987.a(queuebuf.o)
                0x0000000000026d5c                queuebuf_init
                0x0000000000026d7c                queuebuf_numfree
                0x0000000000026d90                queuebuf_new_from_packetbuf
                0x0000000000026e20                queuebuf_update_attr_from_packetbuf
                0x0000000000026e53                queuebuf_update_from_packetbuf
                0x0000000000026e9d                queuebuf_free
                0x0000000000026ee4                queuebuf_to_packetbuf
                0x0000000000026f4a                queuebuf_dataptr
                0x0000000000026f81                queuebuf_datalen
                0x0000000000026fa4                queuebuf_addr
                0x0000000000026fd6                queuebuf_attr
                0x0000000000027001                queuebuf_debug_print
 .text          0x0000000000027006       0x6e obj_cooja/mtype987.a(nullsec.o)
 .text          0x0000000000027074       0x19 obj_cooja/mtype987.a(watchdog.o)
                0x0000000000027074                watchdog_init
                0x0000000000027079                watchdog_start
                0x000000000002707e                watchdog_periodic
                0x0000000000027083                watchdog_stop
                0x0000000000027088                watchdog_reboot
 .text          0x000000000002708d        0x0 obj_cooja/mtype987.a(rimestats.o)
 .text          0x000000000002708d      0x1c1 obj_cooja/mtype987.a(memb.o)
                0x000000000002708d                memb_init
                0x00000000000270eb                memb_alloc
                0x0000000000027150                memb_free
                0x00000000000271cb                memb_inmemb
                0x000000000002720a                memb_numfree
 .text          0x000000000002724e      0xabf obj_cooja/mtype987.a(uip-icmp6.o)
                0x00000000000272bc                uip_icmp6_input
                0x0000000000027312                uip_icmp6_register_input_handler
                0x00000000000275da                uip_icmp6_error_output
                0x000000000002791f                uip_icmp6_send
                0x0000000000027ca0                uip_icmp6_echo_reply_callback_add
                0x0000000000027cd1                uip_icmp6_echo_reply_callback_rm
                0x0000000000027ced                uip_icmp6_init
 .text          0x0000000000027d0d      0x358 obj_cooja/mtype987.a(uip-nd6.o)
                0x0000000000027d61                uip_nd6_ns_output
                0x0000000000028060                uip_nd6_init
 .text          0x0000000000028065      0x331 obj_cooja/mtype987.a(rpl-nbr-policy.)
                0x000000000002823d                find_removable_dis
                0x0000000000028260                find_removable_dio
                0x00000000000282ef                find_removable_dao
                0x000000000002833f                rpl_nbr_policy_find_removable
 .text          0x0000000000028396      0x97c obj_cooja/mtype987.a(frame802154.o)
                0x00000000000283c7                frame802154_get_pan_id
                0x00000000000283d3                frame802154_set_pan_id
                0x00000000000283ec                frame802154_has_panid
                0x00000000000284d8                frame802154_check_dest_panid
                0x0000000000028540                frame802154_is_broadcast_addr
                0x000000000002858d                frame802154_extract_linkaddr
                0x00000000000287cd                frame802154_hdrlen
                0x000000000002881e                frame802154_create
                0x0000000000028a09                frame802154_parse
 .text          0x0000000000028d12        0x0 /usr/lib/gcc/i686-linux-gnu/4.8/crtendS.o
 .text          0x0000000000028d12        0x0 /usr/lib/gcc/i686-linux-gnu/4.8/../../../i386-linux-gnu/crtn.o
 *(.gnu.warning)

.fini           0x0000000000028d14       0x14
 *(SORT(.fini))
 .fini          0x0000000000028d14        0xf /usr/lib/gcc/i686-linux-gnu/4.8/../../../i386-linux-gnu/crti.o
                0x0000000000028d14                _fini
 .fini          0x0000000000028d23        0x5 /usr/lib/gcc/i686-linux-gnu/4.8/../../../i386-linux-gnu/crtn.o
                0x0000000000028d28                PROVIDE (__etext, .)
                0x0000000000028d28                PROVIDE (_etext, .)
                0x0000000000028d28                PROVIDE (etext, .)

.rodata         0x0000000000028d40     0x1a20
 *(.rodata .rodata.* .gnu.linkonce.r.*)
 .rodata        0x0000000000028d40      0x402 udp-client.co
                0x0000000000028d54                autostart_processes
 *fill*         0x0000000000029142        0x2 
 .rodata        0x0000000000029144      0x1e6 obj_cooja/mtype987.o
 *fill*         0x000000000002932a        0x2 
 .rodata        0x000000000002932c        0x8 obj_cooja/mtype987.a(beep.o)
                0x000000000002932c                beep_interface
 .rodata        0x0000000000029334       0x20 obj_cooja/mtype987.a(button-sensor.o)
                0x0000000000029334                button_interface
                0x0000000000029344                button_sensor
 .rodata        0x0000000000029354        0x8 obj_cooja/mtype987.a(leds-arch.o)
                0x0000000000029354                leds_interface
 .rodata        0x000000000002935c        0x8 obj_cooja/mtype987.a(moteid.o)
                0x000000000002935c                moteid_interface
 .rodata        0x0000000000029364       0x1c obj_cooja/mtype987.a(pir-sensor.o)
                0x0000000000029364                pir_interface
                0x0000000000029370                pir_sensor
 .rodata        0x0000000000029380        0xe obj_cooja/mtype987.a(rs232.o)
                0x0000000000029380                rs232_interface
 *fill*         0x000000000002938e        0x2 
 .rodata        0x0000000000029390       0x24 obj_cooja/mtype987.a(vib-sensor.o)
                0x0000000000029390                vib_interface
                0x00000000000293a4                vib_sensor
 .rodata        0x00000000000293b4        0x8 obj_cooja/mtype987.a(clock.o)
                0x00000000000293b4                clock_interface
 .rodata        0x00000000000293bc        0x8 obj_cooja/mtype987.a(log.o)
                0x00000000000293bc                simlog_interface
 .rodata        0x00000000000293c4       0x2f obj_cooja/mtype987.a(cfs-cooja.o)
                0x00000000000293c4                cfs_interface
 *fill*         0x00000000000293f3        0xd 
 .rodata        0x0000000000029400       0xc0 obj_cooja/mtype987.a(cooja-radio.o)
                0x0000000000029480                cooja_radio_driver
                0x00000000000294b8                radio_interface
 .rodata        0x00000000000294c0        0x8 obj_cooja/mtype987.a(eeprom.o)
                0x00000000000294c0                eeprom_interface
 .rodata        0x00000000000294c8        0x8 obj_cooja/mtype987.a(sensors.o)
 .rodata        0x00000000000294d0      0x1fe obj_cooja/mtype987.a(dual_conf.o)
 .rodata        0x00000000000296ce        0xf obj_cooja/mtype987.a(ctimer.o)
 .rodata        0x00000000000296dd        0xc obj_cooja/mtype987.a(etimer.o)
 *fill*         0x00000000000296e9        0x3 
 .rodata        0x00000000000296ec       0x73 obj_cooja/mtype987.a(log_message.o)
 *fill*         0x000000000002975f        0x1 
 .rodata        0x0000000000029760       0x20 obj_cooja/mtype987.a(residual.o)
 .rodata        0x0000000000029780        0xe obj_cooja/mtype987.a(serial-line.o)
 *fill*         0x000000000002978e        0x2 
 .rodata        0x0000000000029790      0x924 obj_cooja/mtype987.a(sicslowpan.o)
                0x0000000000029869                unc_llconf
                0x000000000002986d                unc_ctxconf
                0x0000000000029871                unc_mxconf
                0x0000000000029875                llprefix
                0x000000000002a0a8                sicslowpan_driver
 .rodata        0x000000000002a0b4      0x13c obj_cooja/mtype987.a(uip6.o)
 .rodata        0x000000000002a1f0      0x15a obj_cooja/mtype987.a(tcpip.o)
 .rodata        0x000000000002a34a       0x3e obj_cooja/mtype987.a(uip-debug.o)
 .rodata        0x000000000002a388        0x4 obj_cooja/mtype987.a(rpl-dag.o)
 .rodata        0x000000000002a38c       0x1c obj_cooja/mtype987.a(rpl-icmp6.o)
 .rodata        0x000000000002a3a8       0x8a obj_cooja/mtype987.a(rpl-timers.o)
 *fill*         0x000000000002a432        0x2 
 .rodata        0x000000000002a434       0x24 obj_cooja/mtype987.a(csma.o)
                0x000000000002a43c                csma_driver
 .rodata        0x000000000002a458        0xc obj_cooja/mtype987.a(framer-802154.o)
                0x000000000002a458                framer_802154
 *fill*         0x000000000002a464       0x1c 
 .rodata        0x000000000002a480      0x2c0 obj_cooja/mtype987.a(cxmac.o)
                0x000000000002a720                cxmac_driver
 .rodata        0x000000000002a740        0x8 obj_cooja/mtype987.a(linkaddr.o)
                0x000000000002a740                linkaddr_null
 .rodata        0x000000000002a748       0x18 obj_cooja/mtype987.a(nullsec.o)
                0x000000000002a750                nullsec_driver

.rodata1
 *(.rodata1)

.eh_frame_hdr   0x000000000002a760     0x1454
 *(.eh_frame_hdr)
 .eh_frame_hdr  0x000000000002a760     0x1454 udp-client.co

.eh_frame       0x000000000002bbb4     0x52b0
 *(.eh_frame)
 .eh_frame      0x000000000002bbb4       0x3c /usr/lib/gcc/i686-linux-gnu/4.8/../../../i386-linux-gnu/crti.o
                                         0x40 (size before relaxing)
 .eh_frame      0x000000000002bbf0       0xb4 udp-client.co
                                         0xcc (size before relaxing)
 .eh_frame      0x000000000002bca4      0x148 obj_cooja/mtype987.o
                                        0x160 (size before relaxing)
 .eh_frame      0x000000000002bdec       0x40 obj_cooja/mtype987.a(simEnvChange.o)
                                         0x58 (size before relaxing)
 .eh_frame      0x000000000002be2c       0xc0 obj_cooja/mtype987.a(cooja_mt.o)
                                         0xd8 (size before relaxing)
 .eh_frame      0x000000000002beec      0x120 obj_cooja/mtype987.a(cooja_mtarch.o)
                                        0x138 (size before relaxing)
 .eh_frame      0x000000000002c00c       0xc0 obj_cooja/mtype987.a(rtimer-arch.o)
                                         0xd8 (size before relaxing)
 .eh_frame      0x000000000002c0cc      0x160 obj_cooja/mtype987.a(beep.o)
                                        0x178 (size before relaxing)
 .eh_frame      0x000000000002c22c       0xa0 obj_cooja/mtype987.a(button-sensor.o)
                                         0xb8 (size before relaxing)
 .eh_frame      0x000000000002c2cc       0xa0 obj_cooja/mtype987.a(leds-arch.o)
                                         0xb8 (size before relaxing)
 .eh_frame      0x000000000002c36c       0x40 obj_cooja/mtype987.a(moteid.o)
                                         0x58 (size before relaxing)
 .eh_frame      0x000000000002c3ac       0xa0 obj_cooja/mtype987.a(pir-sensor.o)
                                         0xb8 (size before relaxing)
 .eh_frame      0x000000000002c44c      0x100 obj_cooja/mtype987.a(rs232.o)
                                        0x118 (size before relaxing)
 .eh_frame      0x000000000002c54c       0xa0 obj_cooja/mtype987.a(vib-sensor.o)
                                         0xb8 (size before relaxing)
 .eh_frame      0x000000000002c5ec       0xc0 obj_cooja/mtype987.a(clock.o)
                                         0xd8 (size before relaxing)
 .eh_frame      0x000000000002c6ac      0x120 obj_cooja/mtype987.a(log.o)
                                        0x138 (size before relaxing)
 .eh_frame      0x000000000002c7cc      0x160 obj_cooja/mtype987.a(cfs-cooja.o)
                                        0x178 (size before relaxing)
 .eh_frame      0x000000000002c92c      0x2e0 obj_cooja/mtype987.a(cooja-radio.o)
                                        0x2f8 (size before relaxing)
 .eh_frame      0x000000000002cc0c       0xa0 obj_cooja/mtype987.a(eeprom.o)
                                         0xb8 (size before relaxing)
 .eh_frame      0x000000000002ccac       0x40 obj_cooja/mtype987.a(random.o)
                                         0x58 (size before relaxing)
 .eh_frame      0x000000000002ccec       0xc0 obj_cooja/mtype987.a(sensors.o)
                                         0xd8 (size before relaxing)
 .eh_frame      0x000000000002cdac      0x100 obj_cooja/mtype987.a(leds.o)
                                        0x118 (size before relaxing)
 .eh_frame      0x000000000002ceac      0x1a0 obj_cooja/mtype987.a(dual_conf.o)
                                        0x1b8 (size before relaxing)
 .eh_frame      0x000000000002d04c       0x40 obj_cooja/mtype987.a(autostart.o)
                                         0x58 (size before relaxing)
 .eh_frame      0x000000000002d08c      0x100 obj_cooja/mtype987.a(ctimer.o)
                                        0x118 (size before relaxing)
 .eh_frame      0x000000000002d18c      0x1e0 obj_cooja/mtype987.a(etimer.o)
                                        0x1f8 (size before relaxing)
 .eh_frame      0x000000000002d36c       0x40 obj_cooja/mtype987.a(log_message.o)
                                         0x58 (size before relaxing)
 .eh_frame      0x000000000002d3ac      0x1c8 obj_cooja/mtype987.a(process.o)
                                        0x1e0 (size before relaxing)
 .eh_frame      0x000000000002d574       0x2c obj_cooja/mtype987.a(residual.o)
                                         0x44 (size before relaxing)
 .eh_frame      0x000000000002d5a0       0x60 obj_cooja/mtype987.a(rtimer.o)
                                         0x78 (size before relaxing)
 .eh_frame      0x000000000002d600       0xc4 obj_cooja/mtype987.a(stimer.o)
                                         0xdc (size before relaxing)
 .eh_frame      0x000000000002d6c4       0xa4 obj_cooja/mtype987.a(timer.o)
                                         0xbc (size before relaxing)
 .eh_frame      0x000000000002d768       0x60 obj_cooja/mtype987.a(serial-line.o)
                                         0x78 (size before relaxing)
 .eh_frame      0x000000000002d7c8      0x180 obj_cooja/mtype987.a(list.o)
                                        0x198 (size before relaxing)
 .eh_frame      0x000000000002d948       0xa0 obj_cooja/mtype987.a(ringbuf.o)
                                         0xb8 (size before relaxing)
 .eh_frame      0x000000000002d9e8      0x350 obj_cooja/mtype987.a(sicslowpan.o)
                                        0x368 (size before relaxing)
 .eh_frame      0x000000000002dd38      0x180 obj_cooja/mtype987.a(uip-ds6-nbr.o)
                                        0x198 (size before relaxing)
 .eh_frame      0x000000000002deb8      0x2a0 obj_cooja/mtype987.a(uip-ds6-route.o)
                                        0x2b8 (size before relaxing)
 .eh_frame      0x000000000002e158      0x3c8 obj_cooja/mtype987.a(uip-ds6.o)
                                        0x3e0 (size before relaxing)
 .eh_frame      0x000000000002e520      0x27c obj_cooja/mtype987.a(uip6.o)
                                        0x294 (size before relaxing)
 .eh_frame      0x000000000002e79c      0x270 obj_cooja/mtype987.a(tcpip.o)
                                        0x288 (size before relaxing)
 .eh_frame      0x000000000002ea0c       0x48 obj_cooja/mtype987.a(uip-debug.o)
                                         0x60 (size before relaxing)
 .eh_frame      0x000000000002ea54       0xe0 obj_cooja/mtype987.a(uip-packetqueue)
                                         0xf8 (size before relaxing)
 .eh_frame      0x000000000002eb34       0x40 obj_cooja/mtype987.a(uip-udp-packet.)
                                         0x58 (size before relaxing)
 .eh_frame      0x000000000002eb74      0x76c obj_cooja/mtype987.a(rpl-dag.o)
                                        0x784 (size before relaxing)
 .eh_frame      0x000000000002f2e0      0x10c obj_cooja/mtype987.a(rpl-ext-header.)
                                        0x124 (size before relaxing)
 .eh_frame      0x000000000002f3ec      0x2f8 obj_cooja/mtype987.a(rpl-icmp6.o)
                                        0x310 (size before relaxing)
 .eh_frame      0x000000000002f6e4       0xe0 obj_cooja/mtype987.a(rpl-ltmax.o)
                                         0xf8 (size before relaxing)
 .eh_frame      0x000000000002f7c4      0x20c obj_cooja/mtype987.a(rpl-timers.o)
                                        0x224 (size before relaxing)
 .eh_frame      0x000000000002f9d0      0x148 obj_cooja/mtype987.a(rpl.o)
                                        0x160 (size before relaxing)
 .eh_frame      0x000000000002fb18      0x28c obj_cooja/mtype987.a(csma.o)
                                        0x2a4 (size before relaxing)
 .eh_frame      0x000000000002fda4      0x108 obj_cooja/mtype987.a(framer-802154.o)
                                        0x120 (size before relaxing)
 .eh_frame      0x000000000002feac       0x20 obj_cooja/mtype987.a(mac.o)
                                         0x38 (size before relaxing)
 .eh_frame      0x000000000002fecc      0x2c0 obj_cooja/mtype987.a(cxmac.o)
                                        0x2d8 (size before relaxing)
 .eh_frame      0x000000000003018c       0x80 obj_cooja/mtype987.a(linkaddr.o)
                                         0x98 (size before relaxing)
 .eh_frame      0x000000000003020c      0x2cc obj_cooja/mtype987.a(nbr-table.o)
                                        0x2e4 (size before relaxing)
 .eh_frame      0x00000000000304d8       0x20 obj_cooja/mtype987.a(netstack.o)
                                         0x38 (size before relaxing)
 .eh_frame      0x00000000000304f8      0x214 obj_cooja/mtype987.a(packetbuf.o)
                                        0x22c (size before relaxing)
 .eh_frame      0x000000000003070c      0x1a0 obj_cooja/mtype987.a(queuebuf.o)
                                        0x1b8 (size before relaxing)
 .eh_frame      0x00000000000308ac       0x80 obj_cooja/mtype987.a(nullsec.o)
                                         0x98 (size before relaxing)
 .eh_frame      0x000000000003092c       0xa0 obj_cooja/mtype987.a(watchdog.o)
                                         0xb8 (size before relaxing)
 .eh_frame      0x00000000000309cc       0xa0 obj_cooja/mtype987.a(memb.o)
                                         0xb8 (size before relaxing)
 .eh_frame      0x0000000000030a6c      0x168 obj_cooja/mtype987.a(uip-icmp6.o)
                                        0x180 (size before relaxing)
 .eh_frame      0x0000000000030bd4       0x68 obj_cooja/mtype987.a(uip-nd6.o)
                                         0x80 (size before relaxing)
 .eh_frame      0x0000000000030c3c       0xc0 obj_cooja/mtype987.a(rpl-nbr-policy.)
                                         0xd8 (size before relaxing)
 .eh_frame      0x0000000000030cfc      0x164 obj_cooja/mtype987.a(frame802154.o)
                                        0x17c (size before relaxing)
 .eh_frame      0x0000000000030e60        0x4 /usr/lib/gcc/i686-linux-gnu/4.8/crtendS.o

.gcc_except_table
 *(.gcc_except_table .gcc_except_table.*)

.exception_ranges
 *(.exception_ranges .exception_ranges*)
                0x0000000000030e64                . = (ALIGN (0x1000) - ((0x1000 - .) & 0xfff))
                0x0000000000031ef8                . = DATA_SEGMENT_ALIGN (0x1000, 0x1000)

.eh_frame
 *(.eh_frame)

.gcc_except_table
 *(.gcc_except_table .gcc_except_table.*)

.exception_ranges
 *(.exception_ranges .exception_ranges*)

.tdata
 *(.tdata .tdata.* .gnu.linkonce.td.*)

.tbss
 *(.tbss .tbss.* .gnu.linkonce.tb.*)
 *(.tcommon)

.preinit_array
 *(.preinit_array)

.init_array     0x0000000000031ef8        0x4
 *(SORT(.init_array.*) SORT(.ctors.*))
 *(.init_array EXCLUDE_FILE(*crtend?.o *crtend.o *crtbegin?.o *crtbegin.o) .ctors)
 .init_array    0x0000000000031ef8        0x4 /usr/lib/gcc/i686-linux-gnu/4.8/crtbeginS.o

.fini_array     0x0000000000031efc        0x4
 *(SORT(.fini_array.*) SORT(.dtors.*))
 *(.fini_array EXCLUDE_FILE(*crtend?.o *crtend.o *crtbegin?.o *crtbegin.o) .dtors)
 .fini_array    0x0000000000031efc        0x4 /usr/lib/gcc/i686-linux-gnu/4.8/crtbeginS.o

.ctors
 *crtbegin.o(.ctors)
 *crtbegin?.o(.ctors)
 *(EXCLUDE_FILE(*crtend?.o *crtend.o) .ctors)
 *(SORT(.ctors.*))
 *(.ctors)

.dtors
 *crtbegin.o(.dtors)
 *crtbegin?.o(.dtors)
 *(EXCLUDE_FILE(*crtend?.o *crtend.o) .dtors)
 *(SORT(.dtors.*))
 *(.dtors)

.jcr            0x0000000000031f00        0x4
 *(.jcr)
 .jcr           0x0000000000031f00        0x0 /usr/lib/gcc/i686-linux-gnu/4.8/crtbeginS.o
 .jcr           0x0000000000031f00        0x4 /usr/lib/gcc/i686-linux-gnu/4.8/crtendS.o

.data.rel.ro
 *(.data.rel.ro.local* .gnu.linkonce.d.rel.ro.local.*)
 *(.data.rel.ro .data.rel.ro.* .gnu.linkonce.d.rel.ro.*)

.dynamic        0x0000000000031f04       0xe8
 *(.dynamic)
 .dynamic       0x0000000000031f04       0xe8 /usr/lib/gcc/i686-linux-gnu/4.8/../../../i386-linux-gnu/crti.o
                0x0000000000031f04                _DYNAMIC

.got            0x0000000000031fec       0x14
 *(.got)
 .got           0x0000000000031fec       0x14 /usr/lib/gcc/i686-linux-gnu/4.8/../../../i386-linux-gnu/crti.o
 *(.igot)
                0x0000000000032ff4                . = DATA_SEGMENT_RELRO_END (., (SIZEOF (.got.plt) >= 0xc)?0xc:0x0)

.got.plt        0x0000000000032000       0x14
 *(.got.plt)
 .got.plt       0x0000000000032000       0x14 /usr/lib/gcc/i686-linux-gnu/4.8/../../../i386-linux-gnu/crti.o
                0x0000000000032000                _GLOBAL_OFFSET_TABLE_
 *(.igot.plt)

.data           0x0000000000032020      0x2c2
 *(.data .data.* .gnu.linkonce.d.*)
 .data          0x0000000000032020        0x0 /usr/lib/gcc/i686-linux-gnu/4.8/../../../i386-linux-gnu/crti.o
 .data          0x0000000000032020        0x0 /usr/lib/gcc/i686-linux-gnu/4.8/crtbeginS.o
 .data.rel      0x0000000000032020        0x4 /usr/lib/gcc/i686-linux-gnu/4.8/crtbeginS.o
                0x0000000000032020                __dso_handle
 .data          0x0000000000032024       0x10 udp-client.co
                0x0000000000032024                udp_client_process
 *fill*         0x0000000000032034        0xc 
 .data          0x0000000000032040       0x44 obj_cooja/mtype987.o
                0x0000000000032040                simInterfaces
                0x0000000000032074                sensors
 .data          0x0000000000032084        0x0 obj_cooja/mtype987.a(simEnvChange.o)
 .data          0x0000000000032084        0x0 obj_cooja/mtype987.a(cooja_mt.o)
 .data          0x0000000000032084        0x0 obj_cooja/mtype987.a(cooja_mtarch.o)
 .data          0x0000000000032084        0x0 obj_cooja/mtype987.a(rtimer-arch.o)
 .data          0x0000000000032084        0x0 obj_cooja/mtype987.a(beep.o)
 .data          0x0000000000032084        0x0 obj_cooja/mtype987.a(button-sensor.o)
 .data          0x0000000000032084        0x0 obj_cooja/mtype987.a(leds-arch.o)
 .data          0x0000000000032084        0x0 obj_cooja/mtype987.a(moteid.o)
 .data          0x0000000000032084        0x0 obj_cooja/mtype987.a(pir-sensor.o)
 .data          0x0000000000032084        0x0 obj_cooja/mtype987.a(rs232.o)
 .data          0x0000000000032084        0x0 obj_cooja/mtype987.a(vib-sensor.o)
 .data          0x0000000000032084        0x0 obj_cooja/mtype987.a(clock.o)
 .data          0x0000000000032084        0x0 obj_cooja/mtype987.a(log.o)
 .data          0x0000000000032084        0x0 obj_cooja/mtype987.a(cfs-cooja.o)
 .data          0x0000000000032084       0x40 obj_cooja/mtype987.a(cooja-radio.o)
                0x0000000000032084                simRadioChannelLR
                0x0000000000032088                simRadioHWOnLR
                0x000000000003208c                simSignalStrengthLR
                0x0000000000032090                simLastSignalStrengthLR
                0x0000000000032094                simPowerLR
                0x0000000000032098                simLQILR
                0x000000000003209c                simRadioChannel
                0x00000000000320a0                simRadioHWOn
                0x00000000000320a4                simSignalStrength
                0x00000000000320a8                simLastSignalStrength
                0x00000000000320ac                simPower
                0x00000000000320b0                simLQI
                0x00000000000320b4                cooja_radio_process
 .data          0x00000000000320c4        0x0 obj_cooja/mtype987.a(eeprom.o)
 .data          0x00000000000320c4        0x0 obj_cooja/mtype987.a(random.o)
 .data          0x00000000000320c4       0x10 obj_cooja/mtype987.a(sensors.o)
                0x00000000000320c4                sensors_process
 .data          0x00000000000320d4        0x0 obj_cooja/mtype987.a(leds.o)
 .data          0x00000000000320d4       0x3a obj_cooja/mtype987.a(dual_conf.o)
                0x00000000000320d4                radio_received
                0x00000000000320d8                dual_dio_broadcast
                0x00000000000320e8                dual_dis_broadcast
                0x00000000000320f8                dual_LSA_converge_broadcast
 .data          0x000000000003210e        0x0 obj_cooja/mtype987.a(autostart.o)
 *fill*         0x000000000003210e        0x2 
 .data          0x0000000000032110       0x14 obj_cooja/mtype987.a(ctimer.o)
                0x0000000000032114                ctimer_process
 .data          0x0000000000032124       0x10 obj_cooja/mtype987.a(etimer.o)
                0x0000000000032124                etimer_process
 .data          0x0000000000032134        0x0 obj_cooja/mtype987.a(log_message.o)
 .data          0x0000000000032134        0x0 obj_cooja/mtype987.a(process.o)
 .data          0x0000000000032134        0x0 obj_cooja/mtype987.a(residual.o)
 .data          0x0000000000032134        0x0 obj_cooja/mtype987.a(rtimer.o)
 .data          0x0000000000032134        0x0 obj_cooja/mtype987.a(stimer.o)
 .data          0x0000000000032134        0x0 obj_cooja/mtype987.a(timer.o)
 .data          0x0000000000032134       0x10 obj_cooja/mtype987.a(serial-line.o)
                0x0000000000032134                serial_line_process
 .data          0x0000000000032144        0x0 obj_cooja/mtype987.a(list.o)
 .data          0x0000000000032144        0x0 obj_cooja/mtype987.a(ringbuf.o)
 .data          0x0000000000032144        0x0 obj_cooja/mtype987.a(sicslowpan.o)
 .data          0x0000000000032144       0x14 obj_cooja/mtype987.a(uip-ds6-nbr.o)
                0x0000000000032154                ds6_neighbors
 .data          0x0000000000032158       0x44 obj_cooja/mtype987.a(uip-ds6-route.o)
                0x0000000000032168                nbr_routes
 .data          0x000000000003219c        0x0 obj_cooja/mtype987.a(uip-ds6.o)
 .data          0x000000000003219c        0x0 obj_cooja/mtype987.a(uip6.o)
 .data          0x000000000003219c       0x10 obj_cooja/mtype987.a(tcpip.o)
                0x000000000003219c                tcpip_process
 .data          0x00000000000321ac        0x0 obj_cooja/mtype987.a(uip-debug.o)
 .data          0x00000000000321ac        0xc obj_cooja/mtype987.a(uip-packetqueue)
 .data          0x00000000000321b8        0x0 obj_cooja/mtype987.a(uip-udp-packet.)
 .data          0x00000000000321b8       0x28 obj_cooja/mtype987.a(rpl-dag.o)
                0x00000000000321c8                rpl_parents
                0x00000000000321dc                rpl_children
 .data          0x00000000000321e0        0x0 obj_cooja/mtype987.a(rpl-ext-header.)
 .data          0x00000000000321e0       0x40 obj_cooja/mtype987.a(rpl-icmp6.o)
 .data          0x0000000000032220       0x1c obj_cooja/mtype987.a(rpl-ltmax.o)
                0x0000000000032220                rpl_ltmax_of
 .data          0x000000000003223c        0x0 obj_cooja/mtype987.a(rpl-timers.o)
 .data          0x000000000003223c        0x0 obj_cooja/mtype987.a(rpl.o)
 .data          0x000000000003223c       0x28 obj_cooja/mtype987.a(csma.o)
 .data          0x0000000000032264        0x0 obj_cooja/mtype987.a(framer-802154.o)
 .data          0x0000000000032264        0x0 obj_cooja/mtype987.a(mac.o)
 .data          0x0000000000032264       0x30 obj_cooja/mtype987.a(cxmac.o)
                0x0000000000032264                cxmac_config
                0x0000000000032274                strobe_wait
 .data          0x0000000000032294        0x0 obj_cooja/mtype987.a(linkaddr.o)
 .data          0x0000000000032294       0x10 obj_cooja/mtype987.a(nbr-table.o)
 .data          0x00000000000322a4        0x0 obj_cooja/mtype987.a(netstack.o)
 .data          0x00000000000322a4        0x4 obj_cooja/mtype987.a(packetbuf.o)
 .data          0x00000000000322a8       0x18 obj_cooja/mtype987.a(queuebuf.o)
 .data          0x00000000000322c0        0x0 obj_cooja/mtype987.a(nullsec.o)
 .data          0x00000000000322c0        0x0 obj_cooja/mtype987.a(watchdog.o)
 .data          0x00000000000322c0        0x0 obj_cooja/mtype987.a(rimestats.o)
 .data          0x00000000000322c0        0x0 obj_cooja/mtype987.a(memb.o)
 .data          0x00000000000322c0       0x20 obj_cooja/mtype987.a(uip-icmp6.o)
 .data          0x00000000000322e0        0x0 obj_cooja/mtype987.a(uip-nd6.o)
 .data          0x00000000000322e0        0x0 obj_cooja/mtype987.a(rpl-nbr-policy.)
 .data          0x00000000000322e0        0x2 obj_cooja/mtype987.a(frame802154.o)
 .data          0x00000000000322e2        0x0 /usr/lib/gcc/i686-linux-gnu/4.8/crtendS.o
 .data          0x00000000000322e2        0x0 /usr/lib/gcc/i686-linux-gnu/4.8/../../../i386-linux-gnu/crtn.o

.tm_clone_table
                0x00000000000322e4        0x0
 .tm_clone_table
                0x00000000000322e4        0x0 /usr/lib/gcc/i686-linux-gnu/4.8/crtbeginS.o
 .tm_clone_table
                0x00000000000322e4        0x0 /usr/lib/gcc/i686-linux-gnu/4.8/crtendS.o

.data1
 *(.data1)
                0x00000000000322e4                _edata = .
                0x00000000000322e4                PROVIDE (edata, .)
                0x00000000000322e4                . = .
                0x00000000000322e4                __bss_start = .

.bss            0x0000000000032300     0x8648
 *(.dynbss)
 .dynbss        0x0000000000000000        0x0 /usr/lib/gcc/i686-linux-gnu/4.8/../../../i386-linux-gnu/crti.o
 *(.bss .bss.* .gnu.linkonce.b.*)
 .bss           0x0000000000032300        0x0 /usr/lib/gcc/i686-linux-gnu/4.8/../../../i386-linux-gnu/crti.o
 .bss           0x0000000000032300        0x1 /usr/lib/gcc/i686-linux-gnu/4.8/crtbeginS.o
 *fill*         0x0000000000032301       0x1f 
 .bss           0x0000000000032320       0x60 udp-client.co
                0x0000000000032320                my_weight
 .bss           0x0000000000032380     0x2030 obj_cooja/mtype987.o
 .bss           0x00000000000343b0        0x1 obj_cooja/mtype987.a(simEnvChange.o)
                0x00000000000343b0                simDontFallAsleep
 *fill*         0x00000000000343b1        0x3 
 .bss           0x00000000000343b4        0x4 obj_cooja/mtype987.a(cooja_mt.o)
 .bss           0x00000000000343b8        0x4 obj_cooja/mtype987.a(cooja_mtarch.o)
 .bss           0x00000000000343bc        0xc obj_cooja/mtype987.a(rtimer-arch.o)
 .bss           0x00000000000343c8        0x0 obj_cooja/mtype987.a(beep.o)
 .bss           0x00000000000343c8        0x8 obj_cooja/mtype987.a(button-sensor.o)
 .bss           0x00000000000343d0        0x0 obj_cooja/mtype987.a(leds-arch.o)
 .bss           0x00000000000343d0        0x0 obj_cooja/mtype987.a(moteid.o)
 .bss           0x00000000000343d0        0x1 obj_cooja/mtype987.a(pir-sensor.o)
                0x00000000000343d0                simPirValue
 *fill*         0x00000000000343d1        0x3 
 .bss           0x00000000000343d4        0x4 obj_cooja/mtype987.a(rs232.o)
 .bss           0x00000000000343d8        0x1 obj_cooja/mtype987.a(vib-sensor.o)
                0x00000000000343d8                simVibValue
 .bss           0x00000000000343d9        0x0 obj_cooja/mtype987.a(clock.o)
 *fill*         0x00000000000343d9        0x7 
 .bss           0x00000000000343e0      0x420 obj_cooja/mtype987.a(log.o)
 .bss           0x0000000000034800      0xfc0 obj_cooja/mtype987.a(cfs-cooja.o)
                0x0000000000034800                simCFSData
                0x00000000000357a0                simCFSSize
                0x00000000000357a4                simCFSChanged
                0x00000000000357a8                simCFSRead
                0x00000000000357ac                simCFSWritten
 .bss           0x00000000000357c0       0x24 obj_cooja/mtype987.a(cooja-radio.o)
                0x00000000000357c0                simReceivingLR
                0x00000000000357c4                simInSizeLR
                0x00000000000357c8                simOutSizeLR
                0x00000000000357cc                simReceiving
                0x00000000000357d0                simInSize
                0x00000000000357d4                simOutSize
                0x00000000000357d8                LongRangeTransmit
                0x00000000000357dc                LongRangeReceiving
 .bss           0x00000000000357e4        0xc obj_cooja/mtype987.a(eeprom.o)
                0x00000000000357e4                simEEPROMChanged
                0x00000000000357e8                simEEPROMRead
                0x00000000000357ec                simEEPROMWritten
 .bss           0x00000000000357f0        0x0 obj_cooja/mtype987.a(random.o)
 .bss           0x00000000000357f0        0xc obj_cooja/mtype987.a(sensors.o)
 .bss           0x00000000000357fc        0x1 obj_cooja/mtype987.a(leds.o)
 *fill*         0x00000000000357fd        0x3 
 .bss           0x0000000000035800       0x40 obj_cooja/mtype987.a(dual_conf.o)
                0x0000000000035800                long_range_radio
 .bss           0x0000000000035840        0x0 obj_cooja/mtype987.a(autostart.o)
 .bss           0x0000000000035840        0x5 obj_cooja/mtype987.a(ctimer.o)
 *fill*         0x0000000000035845        0x3 
 .bss           0x0000000000035848        0x8 obj_cooja/mtype987.a(etimer.o)
 .bss           0x0000000000035850        0x0 obj_cooja/mtype987.a(log_message.o)
 *fill*         0x0000000000035850       0x10 
 .bss           0x0000000000035860      0x1b1 obj_cooja/mtype987.a(process.o)
                0x0000000000035860                process_list
                0x0000000000035864                process_current
 .bss           0x0000000000035a11        0x0 obj_cooja/mtype987.a(residual.o)
 *fill*         0x0000000000035a11        0x3 
 .bss           0x0000000000035a14        0x4 obj_cooja/mtype987.a(rtimer.o)
 .bss           0x0000000000035a18        0x0 obj_cooja/mtype987.a(stimer.o)
 .bss           0x0000000000035a18        0x0 obj_cooja/mtype987.a(timer.o)
 *fill*         0x0000000000035a18        0x8 
 .bss           0x0000000000035a20      0x140 obj_cooja/mtype987.a(serial-line.o)
 .bss           0x0000000000035b60        0x0 obj_cooja/mtype987.a(list.o)
 .bss           0x0000000000035b60        0x0 obj_cooja/mtype987.a(ringbuf.o)
 .bss           0x0000000000035b60      0x70c obj_cooja/mtype987.a(sicslowpan.o)
 *fill*         0x000000000003626c       0x14 
 .bss           0x0000000000036280       0xc0 obj_cooja/mtype987.a(uip-ds6-nbr.o)
 .bss           0x0000000000036340      0x4a8 obj_cooja/mtype987.a(uip-ds6-route.o)
 .bss           0x00000000000367e8       0x30 obj_cooja/mtype987.a(uip-ds6.o)
 .bss           0x0000000000036818        0xe obj_cooja/mtype987.a(uip6.o)
                0x0000000000036818                uip_ext_bitmap
                0x0000000000036819                uip_ext_len
                0x000000000003681a                uip_ext_opt_offset
 *fill*         0x0000000000036826       0x1a 
 .bss           0x0000000000036840       0x6b obj_cooja/mtype987.a(tcpip.o)
 .bss           0x00000000000368ab        0x0 obj_cooja/mtype987.a(uip-debug.o)
 *fill*         0x00000000000368ab       0x15 
 .bss           0x00000000000368c0      0xcf8 obj_cooja/mtype987.a(uip-packetqueue)
 .bss           0x00000000000375b8        0x0 obj_cooja/mtype987.a(uip-udp-packet.)
 *fill*         0x00000000000375b8        0x8 
 .bss           0x00000000000375c0       0x88 obj_cooja/mtype987.a(rpl-dag.o)
 .bss           0x0000000000037648        0x0 obj_cooja/mtype987.a(rpl-ext-header.)
 .bss           0x0000000000037648        0x0 obj_cooja/mtype987.a(rpl-icmp6.o)
 .bss           0x0000000000037648        0x0 obj_cooja/mtype987.a(rpl-ltmax.o)
 *fill*         0x0000000000037648       0x18 
 .bss           0x0000000000037660       0x60 obj_cooja/mtype987.a(rpl-timers.o)
 .bss           0x00000000000376c0        0x4 obj_cooja/mtype987.a(rpl.o)
 *fill*         0x00000000000376c4       0x1c 
 .bss           0x00000000000376e0      0x288 obj_cooja/mtype987.a(csma.o)
 .bss           0x0000000000037968        0x2 obj_cooja/mtype987.a(framer-802154.o)
 .bss           0x000000000003796a        0x0 obj_cooja/mtype987.a(mac.o)
 *fill*         0x000000000003796a       0x16 
 .bss           0x0000000000037980       0xb1 obj_cooja/mtype987.a(cxmac.o)
 .bss           0x0000000000037a31        0x0 obj_cooja/mtype987.a(linkaddr.o)
 *fill*         0x0000000000037a31        0xf 
 .bss           0x0000000000037a40       0xc4 obj_cooja/mtype987.a(nbr-table.o)
 .bss           0x0000000000037b04        0x0 obj_cooja/mtype987.a(netstack.o)
 *fill*         0x0000000000037b04       0x1c 
 .bss           0x0000000000037b20       0xa0 obj_cooja/mtype987.a(packetbuf.o)
 .bss           0x0000000000037bc0      0xb80 obj_cooja/mtype987.a(queuebuf.o)
 .bss           0x0000000000038740        0x0 obj_cooja/mtype987.a(nullsec.o)
 .bss           0x0000000000038740        0x0 obj_cooja/mtype987.a(watchdog.o)
 .bss           0x0000000000038740        0x0 obj_cooja/mtype987.a(rimestats.o)
 .bss           0x0000000000038740        0x0 obj_cooja/mtype987.a(memb.o)
 .bss           0x0000000000038740       0x18 obj_cooja/mtype987.a(uip-icmp6.o)
 .bss           0x0000000000038758        0x0 obj_cooja/mtype987.a(uip-nd6.o)
 *fill*         0x0000000000038758        0x8 
 .bss           0x0000000000038760       0x44 obj_cooja/mtype987.a(rpl-nbr-policy.)
 .bss           0x00000000000387a4        0x0 obj_cooja/mtype987.a(frame802154.o)
 .bss           0x00000000000387a4        0x0 /usr/lib/gcc/i686-linux-gnu/4.8/crtendS.o
 .bss           0x00000000000387a4        0x0 /usr/lib/gcc/i686-linux-gnu/4.8/../../../i386-linux-gnu/crtn.o
 *(COMMON)
 COMMON         0x00000000000387a4       0x75 udp-client.co
                0x00000000000387a4                dio_count
                0x00000000000387a8                dis_count
                0x00000000000387ac                tcp_output_count
                0x00000000000387b0                csma_transmission_count
                0x00000000000387b4                dao_ack_fwd_count
                0x00000000000387b8                COOJA_radioRxLong
                0x00000000000387bc                cxmac_collision_count
                0x00000000000387c0                LSA_message_input
                0x00000000000387c4                control_message_count
                0x00000000000387c8                dao_count
                0x00000000000387cc                icmp_count
                0x00000000000387d0                COOJA_radioTx
                0x00000000000387d4                LSA_SR_preamble
                0x00000000000387d8                cxmac_transmission_count
                0x00000000000387dc                dao_ack_count
                0x00000000000387e0                LSA_lr_child
                0x00000000000387e4                data_message_count
                0x00000000000387e8                LSA_converge
                0x00000000000387e9                my_sink_reachability
                0x00000000000387ec                COOJA_radioTxLong
                0x00000000000387f0                COOJA_radioRx
                0x00000000000387f4                my_parent_number
                0x00000000000387f8                COOJA_radioOn
                0x00000000000387fc                LSA_broadcast_count
                0x0000000000038800                LSA_count
                0x0000000000038804                dao_fwd_count
                0x0000000000038808                COOJA_duration
                0x000000000003880c                dio_ack_count
                0x0000000000038810                COOJA_radioOnLong
                0x0000000000038814                data_fwd_count
                0x0000000000038818                LSA_message_flag
 *fill*         0x0000000000038819        0x3 
 COMMON         0x000000000003881c        0xc obj_cooja/mtype987.o
                0x000000000003881c                referenceVar
                0x0000000000038820                debugfp
                0x0000000000038824                sensors_flags
 COMMON         0x0000000000038828        0xc obj_cooja/mtype987.a(simEnvChange.o)
                0x0000000000038828                simEtimerPending
                0x000000000003882c                simProcessRunValue
                0x0000000000038830                simNextExpirationTime
 COMMON         0x0000000000038834        0x1 obj_cooja/mtype987.a(beep.o)
                0x0000000000038834                simBeeped
 COMMON         0x0000000000038835        0x3 obj_cooja/mtype987.a(button-sensor.o)
                0x0000000000038835                simButtonIsActive
                0x0000000000038836                simButtonIsDown
                0x0000000000038837                simButtonChanged
 COMMON         0x0000000000038838        0x1 obj_cooja/mtype987.a(leds-arch.o)
                0x0000000000038838                simLedsValue
 *fill*         0x0000000000038839        0x3 
 COMMON         0x000000000003883c        0xc obj_cooja/mtype987.a(moteid.o)
                0x000000000003883c                simRandomSeed
                0x0000000000038840                simMoteIDChanged
                0x0000000000038844                simMoteID
 COMMON         0x0000000000038848        0x2 obj_cooja/mtype987.a(pir-sensor.o)
                0x0000000000038848                simPirIsActive
                0x0000000000038849                simPirChanged
 *fill*         0x000000000003884a       0x16 
 COMMON         0x0000000000038860      0x820 obj_cooja/mtype987.a(rs232.o)
                0x0000000000038860                simSerialReceivingFlag
                0x0000000000038864                simSerialReceivingLength
                0x0000000000038880                simSerialReceivingData
 COMMON         0x0000000000039080        0x2 obj_cooja/mtype987.a(vib-sensor.o)
                0x0000000000039080                simVibChanged
                0x0000000000039081                simVibIsActive
 *fill*         0x0000000000039082        0x2 
 COMMON         0x0000000000039084        0x4 obj_cooja/mtype987.a(clock.o)
                0x0000000000039084                simCurrentTime
 *fill*         0x0000000000039088       0x18 
 COMMON         0x00000000000390a0      0x420 obj_cooja/mtype987.a(log.o)
                0x00000000000390a0                simLoggedLength
                0x00000000000390a4                simLoggedFlag
                0x00000000000390c0                simLoggedData
 COMMON         0x00000000000394c0      0x260 obj_cooja/mtype987.a(cooja-radio.o)
                0x00000000000394c0                simOutDataBuffer
                0x0000000000039540                simRadioTarget
                0x0000000000039560                simInDataBufferLR
                0x00000000000395e0                packet_forwarding
                0x0000000000039600                simOutDataBufferLR
                0x0000000000039680                dual_duty_cycle_count
                0x00000000000396a0                simInDataBuffer
 COMMON         0x0000000000039720      0x400 obj_cooja/mtype987.a(eeprom.o)
                0x0000000000039720                simEEPROMData
 COMMON         0x0000000000039b20        0x1 obj_cooja/mtype987.a(sensors.o)
                0x0000000000039b20                sensors_event
 *fill*         0x0000000000039b21        0x3 
 COMMON         0x0000000000039b24        0x4 obj_cooja/mtype987.a(log_message.o)
                0x0000000000039b24                log_fp
 COMMON         0x0000000000039b28        0x1 obj_cooja/mtype987.a(serial-line.o)
                0x0000000000039b28                serial_line_event_message
 COMMON         0x0000000000039b29        0x1 obj_cooja/mtype987.a(sicslowpan.o)
                0x0000000000039b29                p
 *fill*         0x0000000000039b2a       0x16 
 COMMON         0x0000000000039b40       0x50 obj_cooja/mtype987.a(uip-ds6-nbr.o)
                0x0000000000039b40                ds6_lr_addrmap
 *fill*         0x0000000000039b90       0x10 
 COMMON         0x0000000000039ba0      0x298 obj_cooja/mtype987.a(uip-ds6.o)
                0x0000000000039ba0                uip_ds6_prefix_list
                0x0000000000039c00                uip_ds6_timer_periodic
                0x0000000000039c10                uip_ds6_netif_addr_list_offset
                0x0000000000039c20                uip_ds6_if
                0x0000000000039d18                uip_ds6_timer_ra
                0x0000000000039d20                uip_ds6_addr_size
                0x0000000000039d40                long_uip_ds6_if
 *fill*         0x0000000000039e38        0x8 
 COMMON         0x0000000000039e40      0x8ec obj_cooja/mtype987.a(uip6.o)
                0x0000000000039e40                uip_slen
                0x0000000000039e42                uip_acc32
                0x0000000000039e60                uip_conns
                0x0000000000039f20                uip_lladdr
                0x0000000000039f28                uip_appdata
                0x0000000000039f2c                uip_flags
                0x0000000000039f40                uip_aligned_buf
                0x000000000003a580                uip_listenports
                0x000000000003a590                uip_len
                0x000000000003a592                uip_long_lladdr
                0x000000000003a59c                uip_sappdata
                0x000000000003a5a0                uip_udp_conns
                0x000000000003a720                uip_udp_conn
                0x000000000003a724                uip_next_hdr
                0x000000000003a728                uip_conn
 COMMON         0x000000000003a72c        0x1 obj_cooja/mtype987.a(tcpip.o)
                0x000000000003a72c                tcpip_event
 *fill*         0x000000000003a72d       0x13 
 COMMON         0x000000000003a740      0x178 obj_cooja/mtype987.a(rpl-dag.o)
                0x000000000003a740                default_instance
                0x000000000003a760                instance_table
 COMMON         0x000000000003a8b8       0x10 obj_cooja/mtype987.a(linkaddr.o)
                0x000000000003a8b8                linkaddr_node_addr
                0x000000000003a8c0                long_linkaddr_node_addr
 COMMON         0x000000000003a8c8       0x2e obj_cooja/mtype987.a(packetbuf.o)
                0x000000000003a8c8                packetbuf_attrs
                0x000000000003a8e6                packetbuf_addrs
 *fill*         0x000000000003a8f6        0xa 
 COMMON         0x000000000003a900       0x48 obj_cooja/mtype987.a(rimestats.o)
                0x000000000003a900                rimestats
                0x000000000003a948                . = ALIGN ((. != 0x0)?0x4:0x1)
                0x000000000003a948                . = ALIGN (0x4)
                0x000000000003a948                . = SEGMENT_START ("ldata-segment", .)
                0x000000000003a948                . = ALIGN (0x4)
                0x000000000003a948                _end = .
                0x000000000003a948                PROVIDE (end, .)
                0x000000000003a948                . = DATA_SEGMENT_END (.)

.stab
 *(.stab)

.stabstr
 *(.stabstr)

.stab.excl
 *(.stab.excl)

.stab.exclstr
 *(.stab.exclstr)

.stab.index
 *(.stab.index)

.stab.indexstr
 *(.stab.indexstr)

.comment        0x0000000000000000       0x29
 *(.comment)
 .comment       0x0000000000000000       0x29 /usr/lib/gcc/i686-linux-gnu/4.8/crtbeginS.o
                                         0x2a (size before relaxing)
 .comment       0x0000000000000000       0x2a udp-client.co
 .comment       0x0000000000000000       0x2a obj_cooja/mtype987.o
 .comment       0x0000000000000000       0x2a obj_cooja/mtype987.a(simEnvChange.o)
 .comment       0x0000000000000000       0x2a obj_cooja/mtype987.a(cooja_mt.o)
 .comment       0x0000000000000000       0x2a obj_cooja/mtype987.a(cooja_mtarch.o)
 .comment       0x0000000000000000       0x2a obj_cooja/mtype987.a(rtimer-arch.o)
 .comment       0x0000000000000000       0x2a obj_cooja/mtype987.a(beep.o)
 .comment       0x0000000000000000       0x2a obj_cooja/mtype987.a(button-sensor.o)
 .comment       0x0000000000000000       0x2a obj_cooja/mtype987.a(leds-arch.o)
 .comment       0x0000000000000000       0x2a obj_cooja/mtype987.a(moteid.o)
 .comment       0x0000000000000000       0x2a obj_cooja/mtype987.a(pir-sensor.o)
 .comment       0x0000000000000000       0x2a obj_cooja/mtype987.a(rs232.o)
 .comment       0x0000000000000000       0x2a obj_cooja/mtype987.a(vib-sensor.o)
 .comment       0x0000000000000000       0x2a obj_cooja/mtype987.a(clock.o)
 .comment       0x0000000000000000       0x2a obj_cooja/mtype987.a(log.o)
 .comment       0x0000000000000000       0x2a obj_cooja/mtype987.a(cfs-cooja.o)
 .comment       0x0000000000000000       0x2a obj_cooja/mtype987.a(cooja-radio.o)
 .comment       0x0000000000000000       0x2a obj_cooja/mtype987.a(eeprom.o)
 .comment       0x0000000000000000       0x2a obj_cooja/mtype987.a(random.o)
 .comment       0x0000000000000000       0x2a obj_cooja/mtype987.a(sensors.o)
 .comment       0x0000000000000000       0x2a obj_cooja/mtype987.a(leds.o)
 .comment       0x0000000000000000       0x2a obj_cooja/mtype987.a(dual_conf.o)
 .comment       0x0000000000000000       0x2a obj_cooja/mtype987.a(autostart.o)
 .comment       0x0000000000000000       0x2a obj_cooja/mtype987.a(ctimer.o)
 .comment       0x0000000000000000       0x2a obj_cooja/mtype987.a(etimer.o)
 .comment       0x0000000000000000       0x2a obj_cooja/mtype987.a(log_message.o)
 .comment       0x0000000000000000       0x2a obj_cooja/mtype987.a(process.o)
 .comment       0x0000000000000000       0x2a obj_cooja/mtype987.a(residual.o)
 .comment       0x0000000000000000       0x2a obj_cooja/mtype987.a(rtimer.o)
 .comment       0x0000000000000000       0x2a obj_cooja/mtype987.a(stimer.o)
 .comment       0x0000000000000000       0x2a obj_cooja/mtype987.a(timer.o)
 .comment       0x0000000000000000       0x2a obj_cooja/mtype987.a(serial-line.o)
 .comment       0x0000000000000000       0x2a obj_cooja/mtype987.a(list.o)
 .comment       0x0000000000000000       0x2a obj_cooja/mtype987.a(ringbuf.o)
 .comment       0x0000000000000000       0x2a obj_cooja/mtype987.a(sicslowpan.o)
 .comment       0x0000000000000000       0x2a obj_cooja/mtype987.a(uip-ds6-nbr.o)
 .comment       0x0000000000000000       0x2a obj_cooja/mtype987.a(uip-ds6-route.o)
 .comment       0x0000000000000000       0x2a obj_cooja/mtype987.a(uip-ds6.o)
 .comment       0x0000000000000000       0x2a obj_cooja/mtype987.a(uip6.o)
 .comment       0x0000000000000000       0x2a obj_cooja/mtype987.a(tcpip.o)
 .comment       0x0000000000000000       0x2a obj_cooja/mtype987.a(uip-debug.o)
 .comment       0x0000000000000000       0x2a obj_cooja/mtype987.a(uip-packetqueue)
 .comment       0x0000000000000000       0x2a obj_cooja/mtype987.a(uip-udp-packet.)
 .comment       0x0000000000000000       0x2a obj_cooja/mtype987.a(rpl-dag.o)
 .comment       0x0000000000000000       0x2a obj_cooja/mtype987.a(rpl-ext-header.)
 .comment       0x0000000000000000       0x2a obj_cooja/mtype987.a(rpl-icmp6.o)
 .comment       0x0000000000000000       0x2a obj_cooja/mtype987.a(rpl-ltmax.o)
 .comment       0x0000000000000000       0x2a obj_cooja/mtype987.a(rpl-timers.o)
 .comment       0x0000000000000000       0x2a obj_cooja/mtype987.a(rpl.o)
 .comment       0x0000000000000000       0x2a obj_cooja/mtype987.a(csma.o)
 .comment       0x0000000000000000       0x2a obj_cooja/mtype987.a(framer-802154.o)
 .comment       0x0000000000000000       0x2a obj_cooja/mtype987.a(mac.o)
 .comment       0x0000000000000000       0x2a obj_cooja/mtype987.a(cxmac.o)
 .comment       0x0000000000000000       0x2a obj_cooja/mtype987.a(linkaddr.o)
 .comment       0x0000000000000000       0x2a obj_cooja/mtype987.a(nbr-table.o)
 .comment       0x0000000000000000       0x2a obj_cooja/mtype987.a(netstack.o)
 .comment       0x0000000000000000       0x2a obj_cooja/mtype987.a(packetbuf.o)
 .comment       0x0000000000000000       0x2a obj_cooja/mtype987.a(queuebuf.o)
 .comment       0x0000000000000000       0x2a obj_cooja/mtype987.a(nullsec.o)
 .comment       0x0000000000000000       0x2a obj_cooja/mtype987.a(watchdog.o)
 .comment       0x0000000000000000       0x2a obj_cooja/mtype987.a(rimestats.o)
 .comment       0x0000000000000000       0x2a obj_cooja/mtype987.a(memb.o)
 .comment       0x0000000000000000       0x2a obj_cooja/mtype987.a(uip-icmp6.o)
 .comment       0x0000000000000000       0x2a obj_cooja/mtype987.a(uip-nd6.o)
 .comment       0x0000000000000000       0x2a obj_cooja/mtype987.a(rpl-nbr-policy.)
 .comment       0x0000000000000000       0x2a obj_cooja/mtype987.a(frame802154.o)
 .comment       0x0000000000000000       0x2a /usr/lib/gcc/i686-linux-gnu/4.8/crtendS.o

.debug
 *(.debug)

.line
 *(.line)

.debug_srcinfo
 *(.debug_srcinfo)

.debug_sfnames
 *(.debug_sfnames)

.debug_aranges  0x0000000000000000      0x838
 *(.debug_aranges)
 .debug_aranges
                0x0000000000000000       0x20 udp-client.co
 .debug_aranges
                0x0000000000000020       0x20 obj_cooja/mtype987.o
 .debug_aranges
                0x0000000000000040       0x20 obj_cooja/mtype987.a(simEnvChange.o)
 .debug_aranges
                0x0000000000000060       0x20 obj_cooja/mtype987.a(cooja_mt.o)
 .debug_aranges
                0x0000000000000080       0x20 obj_cooja/mtype987.a(cooja_mtarch.o)
 .debug_aranges
                0x00000000000000a0       0x20 obj_cooja/mtype987.a(rtimer-arch.o)
 .debug_aranges
                0x00000000000000c0       0x20 obj_cooja/mtype987.a(beep.o)
 .debug_aranges
                0x00000000000000e0       0x20 obj_cooja/mtype987.a(button-sensor.o)
 .debug_aranges
                0x0000000000000100       0x20 obj_cooja/mtype987.a(leds-arch.o)
 .debug_aranges
                0x0000000000000120       0x20 obj_cooja/mtype987.a(moteid.o)
 .debug_aranges
                0x0000000000000140       0x20 obj_cooja/mtype987.a(pir-sensor.o)
 .debug_aranges
                0x0000000000000160       0x20 obj_cooja/mtype987.a(rs232.o)
 .debug_aranges
                0x0000000000000180       0x20 obj_cooja/mtype987.a(vib-sensor.o)
 .debug_aranges
                0x00000000000001a0       0x20 obj_cooja/mtype987.a(clock.o)
 .debug_aranges
                0x00000000000001c0       0x20 obj_cooja/mtype987.a(log.o)
 .debug_aranges
                0x00000000000001e0       0x20 obj_cooja/mtype987.a(cfs-cooja.o)
 .debug_aranges
                0x0000000000000200       0x20 obj_cooja/mtype987.a(cooja-radio.o)
 .debug_aranges
                0x0000000000000220       0x20 obj_cooja/mtype987.a(eeprom.o)
 .debug_aranges
                0x0000000000000240       0x20 obj_cooja/mtype987.a(random.o)
 .debug_aranges
                0x0000000000000260       0x20 obj_cooja/mtype987.a(sensors.o)
 .debug_aranges
                0x0000000000000280       0x20 obj_cooja/mtype987.a(leds.o)
 .debug_aranges
                0x00000000000002a0       0x20 obj_cooja/mtype987.a(dual_conf.o)
 .debug_aranges
                0x00000000000002c0       0x20 obj_cooja/mtype987.a(autostart.o)
 .debug_aranges
                0x00000000000002e0       0x20 obj_cooja/mtype987.a(ctimer.o)
 .debug_aranges
                0x0000000000000300       0x20 obj_cooja/mtype987.a(etimer.o)
 .debug_aranges
                0x0000000000000320       0x20 obj_cooja/mtype987.a(log_message.o)
 .debug_aranges
                0x0000000000000340       0x20 obj_cooja/mtype987.a(process.o)
 .debug_aranges
                0x0000000000000360       0x20 obj_cooja/mtype987.a(residual.o)
 .debug_aranges
                0x0000000000000380       0x20 obj_cooja/mtype987.a(rtimer.o)
 .debug_aranges
                0x00000000000003a0       0x20 obj_cooja/mtype987.a(stimer.o)
 .debug_aranges
                0x00000000000003c0       0x20 obj_cooja/mtype987.a(timer.o)
 .debug_aranges
                0x00000000000003e0       0x20 obj_cooja/mtype987.a(serial-line.o)
 .debug_aranges
                0x0000000000000400       0x20 obj_cooja/mtype987.a(list.o)
 .debug_aranges
                0x0000000000000420       0x20 obj_cooja/mtype987.a(ringbuf.o)
 .debug_aranges
                0x0000000000000440       0x20 obj_cooja/mtype987.a(sicslowpan.o)
 .debug_aranges
                0x0000000000000460       0x20 obj_cooja/mtype987.a(uip-ds6-nbr.o)
 .debug_aranges
                0x0000000000000480       0x20 obj_cooja/mtype987.a(uip-ds6-route.o)
 .debug_aranges
                0x00000000000004a0       0x20 obj_cooja/mtype987.a(uip-ds6.o)
 .debug_aranges
                0x00000000000004c0       0x20 obj_cooja/mtype987.a(uip6.o)
 .debug_aranges
                0x00000000000004e0       0x20 obj_cooja/mtype987.a(tcpip.o)
 .debug_aranges
                0x0000000000000500       0x20 obj_cooja/mtype987.a(uip-debug.o)
 .debug_aranges
                0x0000000000000520       0x20 obj_cooja/mtype987.a(uip-packetqueue)
 .debug_aranges
                0x0000000000000540       0x20 obj_cooja/mtype987.a(uip-udp-packet.)
 .debug_aranges
                0x0000000000000560       0x20 obj_cooja/mtype987.a(rpl-dag.o)
 .debug_aranges
                0x0000000000000580       0x20 obj_cooja/mtype987.a(rpl-ext-header.)
 .debug_aranges
                0x00000000000005a0       0x20 obj_cooja/mtype987.a(rpl-icmp6.o)
 .debug_aranges
                0x00000000000005c0       0x20 obj_cooja/mtype987.a(rpl-ltmax.o)
 .debug_aranges
                0x00000000000005e0       0x20 obj_cooja/mtype987.a(rpl-timers.o)
 .debug_aranges
                0x0000000000000600       0x20 obj_cooja/mtype987.a(rpl.o)
 .debug_aranges
                0x0000000000000620       0x20 obj_cooja/mtype987.a(csma.o)
 .debug_aranges
                0x0000000000000640       0x20 obj_cooja/mtype987.a(framer-802154.o)
 .debug_aranges
                0x0000000000000660       0x20 obj_cooja/mtype987.a(mac.o)
 .debug_aranges
                0x0000000000000680       0x20 obj_cooja/mtype987.a(cxmac.o)
 .debug_aranges
                0x00000000000006a0       0x20 obj_cooja/mtype987.a(linkaddr.o)
 .debug_aranges
                0x00000000000006c0       0x20 obj_cooja/mtype987.a(nbr-table.o)
 .debug_aranges
                0x00000000000006e0       0x20 obj_cooja/mtype987.a(netstack.o)
 .debug_aranges
                0x0000000000000700       0x20 obj_cooja/mtype987.a(packetbuf.o)
 .debug_aranges
                0x0000000000000720       0x20 obj_cooja/mtype987.a(queuebuf.o)
 .debug_aranges
                0x0000000000000740       0x20 obj_cooja/mtype987.a(nullsec.o)
 .debug_aranges
                0x0000000000000760       0x20 obj_cooja/mtype987.a(watchdog.o)