Archive member included to satisfy reference by file (symbol)

obj_cooja/mtype896.a(simEnvChange.o)
                              obj_cooja/mtype896.o (simDontFallAsleep)
obj_cooja/mtype896.a(cooja_mt.o)
                              obj_cooja/mtype896.o (cooja_mt_start)
obj_cooja/mtype896.a(cooja_mtarch.o)
                              obj_cooja/mtype896.a(cooja_mt.o) (cooja_mtarch_init)
obj_cooja/mtype896.a(rtimer-arch.o)
                              obj_cooja/mtype896.o (rtimer_arch_next)
obj_cooja/mtype896.a(beep.o)  obj_cooja/mtype896.o (beep_interface)
obj_cooja/mtype896.a(button-sensor.o)
                              obj_cooja/mtype896.o (button_interface)
obj_cooja/mtype896.a(leds-arch.o)
                              obj_cooja/mtype896.o (leds_interface)
obj_cooja/mtype896.a(moteid.o)
                              obj_cooja/mtype896.o (moteid_interface)
obj_cooja/mtype896.a(pir-sensor.o)
                              obj_cooja/mtype896.o (pir_interface)
obj_cooja/mtype896.a(rs232.o)
                              obj_cooja/mtype896.o (rs232_interface)
obj_cooja/mtype896.a(vib-sensor.o)
                              obj_cooja/mtype896.o (vib_interface)
obj_cooja/mtype896.a(clock.o)
                              obj_cooja/mtype896.o (clock_interface)
obj_cooja/mtype896.a(log.o)   obj_cooja/mtype896.o (simlog_interface)
obj_cooja/mtype896.a(cfs-cooja.o)
                              obj_cooja/mtype896.o (cfs_interface)
obj_cooja/mtype896.a(cooja-radio.o)
                              obj_cooja/mtype896.o (radio_interface)
obj_cooja/mtype896.a(eeprom.o)
                              obj_cooja/mtype896.o (eeprom_interface)
obj_cooja/mtype896.a(random.o)
                              obj_cooja/mtype896.a(moteid.o) (random_init)
obj_cooja/mtype896.a(sensors.o)
                              udp-server.co (sensors_event)
obj_cooja/mtype896.a(dual_conf.o)
                              obj_cooja/mtype896.a(cooja-radio.o) (long_range_radio)
obj_cooja/mtype896.a(autostart.o)
                              obj_cooja/mtype896.o (autostart_start)
obj_cooja/mtype896.a(ctimer.o)
                              obj_cooja/mtype896.o (ctimer_init)
obj_cooja/mtype896.a(etimer.o)
                              obj_cooja/mtype896.o (etimer_process)
obj_cooja/mtype896.a(log_message.o)
                              obj_cooja/mtype896.o (log_initialization)
obj_cooja/mtype896.a(process.o)
                              udp-server.co (process_current)
obj_cooja/mtype896.a(residual.o)
                              obj_cooja/mtype896.o (get_residual_energy)
obj_cooja/mtype896.a(rtimer.o)
                              obj_cooja/mtype896.a(rtimer-arch.o) (rtimer_run_next)
obj_cooja/mtype896.a(timer.o)
                              obj_cooja/mtype896.a(button-sensor.o) (timer_set)
obj_cooja/mtype896.a(serial-line.o)
                              obj_cooja/mtype896.a(rs232.o) (serial_line_input_byte)
obj_cooja/mtype896.a(list.o)  obj_cooja/mtype896.a(ctimer.o) (list_init)
obj_cooja/mtype896.a(ringbuf.o)
                              obj_cooja/mtype896.a(serial-line.o) (ringbuf_init)
obj_cooja/mtype896.a(sicslowpan.o)
                              obj_cooja/mtype896.o (sicslowpan_driver)
obj_cooja/mtype896.a(uip-ds6-nbr.o)
                              obj_cooja/mtype896.a(sicslowpan.o) (uip_ds6_link_neighbor_callback)
obj_cooja/mtype896.a(uip-ds6.o)
                              udp-server.co (uip_ds6_if)
obj_cooja/mtype896.a(uip6.o)  obj_cooja/mtype896.o (uip_lladdr)
obj_cooja/mtype896.a(tcpip.o)
                              udp-server.co (tcpip_event)
obj_cooja/mtype896.a(uip-debug.o)
                              udp-server.co (uip_debug_ipaddr_print)
obj_cooja/mtype896.a(uip-packetqueue)
                              obj_cooja/mtype896.a(uip-ds6-nbr.o) (uip_packetqueue_new)
obj_cooja/mtype896.a(rpl-dag.o)
                              udp-server.co (rpl_set_root)
obj_cooja/mtype896.a(rpl-ext-header.)
                              obj_cooja/mtype896.a(uip6.o) (rpl_verify_header)
obj_cooja/mtype896.a(rpl-icmp6.o)
                              obj_cooja/mtype896.a(rpl-dag.o) (rpl_icmp6_update_nbr_table)
obj_cooja/mtype896.a(rpl-ltmax.o)
                              obj_cooja/mtype896.a(rpl-dag.o) (rpl_ltmax_of)
obj_cooja/mtype896.a(rpl-timers.o)
                              obj_cooja/mtype896.a(rpl-dag.o) (rpl_reset_dio_timer)
obj_cooja/mtype896.a(rpl.o)   obj_cooja/mtype896.a(rpl-icmp6.o) (rpl_get_mode)
obj_cooja/mtype896.a(framer-802154.o)
                              obj_cooja/mtype896.a(sicslowpan.o) (framer_802154)
obj_cooja/mtype896.a(nullmac.o)
                              udp-server.co (nullmac_driver)
obj_cooja/mtype896.a(cxmac.o)
                              obj_cooja/mtype896.o (cxmac_driver)
obj_cooja/mtype896.a(linkaddr.o)
                              obj_cooja/mtype896.o (linkaddr_node_addr)
obj_cooja/mtype896.a(nbr-table.o)
                              obj_cooja/mtype896.a(rpl-dag.o) (long_ip_from_lladdr_map)
[...]
Memory Configuration

Name             Origin             Length             Attributes
*default*        0x0000000000000000 0xffffffffffffffff

Linker script and memory map

LOAD /usr/lib/gcc/i686-linux-gnu/4.8/../../../i386-linux-gnu/crti.o
LOAD /usr/lib/gcc/i686-linux-gnu/4.8/crtbeginS.o
LOAD udp-server.co
LOAD obj_cooja/mtype896.o
LOAD obj_cooja/mtype896.a
LOAD /usr/lib/gcc/i686-linux-gnu/4.8/libgcc.a
LOAD /usr/lib/gcc/i686-linux-gnu/4.8/libgcc_s.so
LOAD /usr/lib/gcc/i686-linux-gnu/4.8/../../../i386-linux-gnu/libc.so
START GROUP
LOAD /lib/i386-linux-gnu/libc.so.6
LOAD /usr/lib/i386-linux-gnu/libc_nonshared.a
LOAD /lib/i386-linux-gnu/ld-linux.so.2
END GROUP
LOAD /usr/lib/gcc/i686-linux-gnu/4.8/libgcc.a
LOAD /usr/lib/gcc/i686-linux-gnu/4.8/libgcc_s.so
LOAD /usr/lib/gcc/i686-linux-gnu/4.8/crtendS.o
LOAD /usr/lib/gcc/i686-linux-gnu/4.8/../../../i386-linux-gnu/crtn.o
                0x0000000000000114                . = (0x0 + SIZEOF_HEADERS)

.note.gnu.build-id
                0x0000000000000114       0x24
 *(.note.gnu.build-id)
 .note.gnu.build-id
                0x0000000000000114       0x24 /usr/lib/gcc/i686-linux-gnu/4.8/../../../i386-linux-gnu/crti.o

.hash
 *(.hash)

.gnu.hash       0x0000000000000138     0x135c
 *(.gnu.hash)
 .gnu.hash      0x0000000000000138     0x135c /usr/lib/gcc/i686-linux-gnu/4.8/../../../i386-linux-gnu/crti.o

.dynsym         0x0000000000001494     0x25f0
 *(.dynsym)
 .dynsym        0x0000000000001494     0x25f0 /usr/lib/gcc/i686-linux-gnu/4.8/../../../i386-linux-gnu/crti.o

.dynstr         0x0000000000003a84     0x26f1
 *(.dynstr)
 .dynstr        0x0000000000003a84     0x26f1 /usr/lib/gcc/i686-linux-gnu/4.8/../../../i386-linux-gnu/crti.o

.gnu.version    0x0000000000006176      0x4be
 *(.gnu.version)
 .gnu.version   0x0000000000006176      0x4be /usr/lib/gcc/i686-linux-gnu/4.8/../../../i386-linux-gnu/crti.o

.gnu.version_d  0x0000000000006634        0x0
 *(.gnu.version_d)
 .gnu.version_d
                0x0000000000000000        0x0 /usr/lib/gcc/i686-linux-gnu/4.8/../../../i386-linux-gnu/crti.o

.gnu.version_r  0x0000000000006634       0x50
 *(.gnu.version_r)
 .gnu.version_r
                0x0000000000006634       0x50 /usr/lib/gcc/i686-linux-gnu/4.8/../../../i386-linux-gnu/crti.o

.rel.dyn        0x0000000000006684     0x8fe8
 *(.rel.init)
 .rel.init      0x0000000000000000        0x0 /usr/lib/gcc/i686-linux-gnu/4.8/../../../i386-linux-gnu/crti.o
 *(.rel.text .rel.text.* .rel.gnu.linkonce.t.*)
 .rel.text      0x0000000000006684     0x8858 /usr/lib/gcc/i686-linux-gnu/4.8/../../../i386-linux-gnu/crti.o
 *(.rel.fini)
 .rel.fini      0x0000000000000000        0x0 /usr/lib/gcc/i686-linux-gnu/4.8/../../../i386-linux-gnu/crti.o
 *(.rel.rodata .rel.rodata.* .rel.gnu.linkonce.r.*)
 .rel.rodata    0x000000000000eedc      0x4e0 /usr/lib/gcc/i686-linux-gnu/4.8/../../../i386-linux-gnu/crti.o
 *(.rel.data.rel.ro .rel.data.rel.ro.* .rel.gnu.linkonce.d.rel.ro.*)
 *(.rel.data .rel.data.* .rel.gnu.linkonce.d.*)
 .rel.data.rel  0x000000000000f3bc        0x8 /usr/lib/gcc/i686-linux-gnu/4.8/../../../i386-linux-gnu/crti.o
 .rel.data      0x000000000000f3c4      0x270 /usr/lib/gcc/i686-linux-gnu/4.8/../../../i386-linux-gnu/crti.o
 *(.rel.tdata .rel.tdata.* .rel.gnu.linkonce.td.*)
 *(.rel.tbss .rel.tbss.* .rel.gnu.linkonce.tb.*)
 *(.rel.ctors)
 *(.rel.dtors)
 *(.rel.got)
 .rel.got       0x000000000000f634       0x28 /usr/lib/gcc/i686-linux-gnu/4.8/../../../i386-linux-gnu/crti.o
 *(.rel.bss .rel.bss.* .rel.gnu.linkonce.b.*)
 *(.rel.ifunc)
 .rel.ifunc     0x0000000000000000        0x0 /usr/lib/gcc/i686-linux-gnu/4.8/../../../i386-linux-gnu/crti.o
 .rel.fini_array
                0x000000000000f65c        0x8 /usr/lib/gcc/i686-linux-gnu/4.8/../../../i386-linux-gnu/crti.o
 .rel.init_array
                0x000000000000f664        0x8 /usr/lib/gcc/i686-linux-gnu/4.8/../../../i386-linux-gnu/crti.o

.rel.plt        0x000000000000f66c       0x10
 *(.rel.plt)
 .rel.plt       0x000000000000f66c       0x10 /usr/lib/gcc/i686-linux-gnu/4.8/../../../i386-linux-gnu/crti.o
 *(.rel.iplt)

.init           0x000000000000f67c       0x23
 *(SORT(.init))
 .init          0x000000000000f67c       0x1e /usr/lib/gcc/i686-linux-gnu/4.8/../../../i386-linux-gnu/crti.o
                0x000000000000f67c                _init
 .init          0x000000000000f69a        0x5 /usr/lib/gcc/i686-linux-gnu/4.8/../../../i386-linux-gnu/crtn.o

.plt            0x000000000000f6a0       0x30
 *(.plt)
 .plt           0x000000000000f6a0       0x30 /usr/lib/gcc/i686-linux-gnu/4.8/../../../i386-linux-gnu/crti.o
 *(.iplt)

.text           0x000000000000f6d0    0x16197
 *(.text.unlikely .text.*_unlikely .text.unlikely.*)
 *(.text.exit .text.exit.*)
 *(.text.startup .text.startup.*)
 *(.text.hot .text.hot.*)
 *(.text .stub .text.* .gnu.linkonce.t.*)
 .text          0x000000000000f6d0        0x0 /usr/lib/gcc/i686-linux-gnu/4.8/../../../i386-linux-gnu/crti.o
 .gnu.linkonce.t.__x86.get_pc_thunk.bx
                0x000000000000f6d0        0x4 /usr/lib/gcc/i686-linux-gnu/4.8/../../../i386-linux-gnu/crti.o
                0x000000000000f6d0                __x86.get_pc_thunk.bx
 *fill*         0x000000000000f6d4        0xc 
 .text          0x000000000000f6e0      0x11b /usr/lib/gcc/i686-linux-gnu/4.8/crtbeginS.o
 .text          0x000000000000f7fb      0x3ce udp-server.co
 .text          0x000000000000fbc9      0x734 obj_cooja/mtype896.o
                0x000000000000fcff                contiki_init
                0x0000000000010114                Java_org_contikios_cooja_corecomm_Lib40_init
                0x0000000000010154                Java_org_contikios_cooja_corecomm_Lib40_getMemory
                0x0000000000010194                Java_org_contikios_cooja_corecomm_Lib40_setMemory
                0x000000000001020b                Java_org_contikios_cooja_corecomm_Lib40_tick
                0x00000000000102eb                Java_org_contikios_cooja_corecomm_Lib40_setReferenceAddress
 .text          0x00000000000102fd       0x63 obj_cooja/mtype896.a(simEnvChange.o)
                0x00000000000102fd                doActionsBeforeTick
                0x000000000001032e                doActionsAfterTick
 .text          0x0000000000010360       0xbc obj_cooja/mtype896.a(cooja_mt.o)
                0x0000000000010360                cooja_mt_init
                0x000000000001036d                cooja_mt_remove
                0x000000000001037a                cooja_mt_start
                0x00000000000103a7                cooja_mt_exec
                0x00000000000103d8                cooja_mt_exit
                0x00000000000103fa                cooja_mt_yield
 .text          0x000000000001041c      0x115 obj_cooja/mtype896.a(cooja_mtarch.o)
                0x000000000001041c                cooja_mtarch_init
                0x0000000000010421                cooja_mtarch_start
                0x000000000001049c                cooja_sw
                0x00000000000104be                cooja_mtarch_exec
                0x00000000000104da                cooja_mtarch_remove
                0x00000000000104df                cooja_mtarch_yield
                0x00000000000104e9                cooja_mtarch_pstop
                0x00000000000104ee                cooja_mtarch_pstart
                0x00000000000104f3                cooja_mtarch_stack_usage
 .text          0x0000000000010531       0xc2 obj_cooja/mtype896.a(rtimer-arch.o)
                0x0000000000010531                rtimer_arch_init
                0x0000000000010554                rtimer_arch_schedule
                0x000000000001056b                rtimer_arch_next
                0x0000000000010575                rtimer_arch_pending
                0x000000000001057f                rtimer_arch_check
                0x00000000000105b1                rtimer_arch_now
 .text          0x00000000000105f3       0x76 obj_cooja/mtype896.a(beep.o)
                0x00000000000105f3                beep_alarm
                0x00000000000105ff                beep_beep
                0x000000000001060b                beep
                0x0000000000010617                beep_down
                0x0000000000010623                beep_on
                0x000000000001062f                beep_off
                0x000000000001063b                beep_spinup
                0x0000000000010647                beep_quick
                0x0000000000010653                beep_long
 .text          0x0000000000010669      0x103 obj_cooja/mtype896.a(button-sensor.o)
 .text          0x000000000001076c       0x45 obj_cooja/mtype896.a(leds-arch.o)
                0x000000000001076c                leds_arch_init
                0x0000000000010778                leds_arch_get
                0x0000000000010784                leds_arch_set
 .text          0x00000000000107b1       0x2f obj_cooja/mtype896.a(moteid.o)
 .text          0x00000000000107e0       0xb1 obj_cooja/mtype896.a(pir-sensor.o)
 .text          0x0000000000010891      0x131 obj_cooja/mtype896.a(rs232.o)
                0x0000000000010891                rs232_init
                0x0000000000010896                rs232_set_speed
                0x00000000000108a4                rs232_set_input
                0x00000000000108b1                rs232_send
                0x00000000000108d3                rs232_print
                0x00000000000108ee                slip_arch_writeb
 .text          0x00000000000109c2       0xb1 obj_cooja/mtype896.a(vib-sensor.o)
 .text          0x0000000000010a73       0x34 obj_cooja/mtype896.a(clock.o)
                0x0000000000010a73                clock_init
                0x0000000000010a78                clock_time
                0x0000000000010a82                clock_seconds
                0x0000000000010a98                clock_delay
 .text          0x0000000000010aa7      0x1ed obj_cooja/mtype896.a(log.o)
                0x0000000000010aa7                simlog_char
                0x0000000000010ae9                simlog
                0x0000000000010b56                log_message
                0x0000000000010b7e                log_set_putchar_with_slip
                0x0000000000010b8b                log_putchar
                0x0000000000010c0f                log_puts
                0x0000000000010c33                log_printf
 .text          0x0000000000010c94      0x2c4 obj_cooja/mtype896.a(cfs-cooja.o)
                0x0000000000010c94                cfs_open
                0x0000000000010cfd                cfs_close
                0x0000000000010d09                cfs_read
                0x0000000000010da7                cfs_write
                0x0000000000010e84                cfs_seek
                0x0000000000010f0c                cfs_remove
                0x0000000000010f35                cfs_opendir
                0x0000000000010f3f                cfs_readdir
                0x0000000000010f49                cfs_closedir
 .text          0x0000000000010f58      0x671 obj_cooja/mtype896.a(cooja-radio.o)
                0x0000000000010f82                radio_set_channel
                0x0000000000010f97                radio_set_txpower
                0x0000000000010fb7                radio_signal_strength_last
                0x0000000000010fc1                radio_signal_strength_current
                0x0000000000010fcb                radio_LQI
 .text          0x00000000000115c9       0xef obj_cooja/mtype896.a(eeprom.o)
                0x00000000000115c9                eeprom_init
                0x00000000000115ce                eeprom_read
                0x000000000001163e                eeprom_write
 .text          0x00000000000116b8       0x28 obj_cooja/mtype896.a(random.o)
                0x00000000000116b8                random_init
                0x00000000000116d3                random_rand
 .text          0x00000000000116e0      0x2a1 obj_cooja/mtype896.a(sensors.o)
                0x000000000001171b                sensors_first
                0x0000000000011725                sensors_next
                0x0000000000011742                sensors_changed
                0x0000000000011771                sensors_find
 .text          0x0000000000011981      0x348 obj_cooja/mtype896.a(dual_conf.o)
                0x0000000000011981                dual_radio_switch
                0x00000000000119c1                dual_radio_change
                0x00000000000119fb                sending_in_LR
                0x0000000000011a26                dual_radio_received
                0x0000000000011a5e                radio_received_is_longrange
                0x0000000000011a79                dual_radio_turn_on
                0x0000000000011a9c                dual_radio_turn_off
                0x0000000000011c7f                dio_broadcast
                0x0000000000011ca8                dis_broadcast
 .text          0x0000000000011cc9       0x8e obj_cooja/mtype896.a(autostart.o)
                0x0000000000011cc9                autostart_start
                0x0000000000011d14                autostart_exit
 .text          0x0000000000011d57      0x334 obj_cooja/mtype896.a(ctimer.o)
                0x0000000000011e6e                ctimer_init
                0x0000000000011e9e                ctimer_set
                0x0000000000011ecf                ctimer_set_with_process
                0x0000000000011f4b                ctimer_reset
                0x0000000000011f9a                ctimer_restart
                0x0000000000011fe9                ctimer_stop
                0x0000000000012034                ctimer_expired
 .text          0x000000000001208b      0x40b obj_cooja/mtype896.a(etimer.o)
                0x000000000001229e                etimer_request_poll
                0x0000000000012322                etimer_set
                0x0000000000012347                etimer_reset_with_new_interval
                0x000000000001236e                etimer_reset
                0x000000000001238c                etimer_restart
                0x00000000000123aa                etimer_adjust
                0x00000000000123c6                etimer_expired
                0x00000000000123d9                etimer_expiration_time
                0x00000000000123eb                etimer_start_time
                0x00000000000123f5                etimer_pending
                0x0000000000012407                etimer_next_expiration_time
                0x0000000000012421                etimer_stop
 .text          0x0000000000012496       0xdd obj_cooja/mtype896.a(log_message.o)
                0x0000000000012496                log_initialization
                0x0000000000012552                log_finisher
 .text          0x0000000000012573      0x560 obj_cooja/mtype896.a(process.o)
                0x0000000000012573                process_alloc_event
                0x0000000000012588                process_start
                0x0000000000012771                process_exit
                0x000000000001278d                process_init
                0x000000000001295e                process_run
                0x0000000000012991                process_nevents
                0x00000000000129ac                process_post
                0x0000000000012a58                process_post_synch
                0x0000000000012a90                process_poll
                0x0000000000012abf                process_is_running
 .text          0x0000000000012ad3       0x8b obj_cooja/mtype896.a(residual.o)
                0x0000000000012ad3                get_residual_energy
 .text          0x0000000000012b5e       0xba obj_cooja/mtype896.a(rtimer.o)
                0x0000000000012b5e                rtimer_init
                0x0000000000012b6b                rtimer_set
                0x0000000000012bc2                rtimer_run_next
 .text          0x0000000000012c18       0x91 obj_cooja/mtype896.a(timer.o)
                0x0000000000012c18                timer_set
                0x0000000000012c33                timer_reset
                0x0000000000012c4a                timer_restart
                0x0000000000012c5c                timer_expired
                0x0000000000012c85                timer_remaining
 .text          0x0000000000012ca9      0x1fb obj_cooja/mtype896.a(serial-line.o)
                0x0000000000012ca9                serial_line_input_byte
                0x0000000000012e6c                serial_line_init
 .text          0x0000000000012ea4      0x244 obj_cooja/mtype896.a(list.o)
                0x0000000000012ea4                list_init
                0x0000000000012eb2                list_head
                0x0000000000012ebc                list_copy
                0x0000000000012ecb                list_tail
                0x0000000000012f01                list_add
                0x0000000000012f4a                list_push
                0x0000000000012f76                list_chop
                0x0000000000012fe0                list_pop
                0x0000000000013008                list_remove
                0x000000000001306f                list_length
                0x000000000001309d                list_insert
                0x00000000000130d1                list_item_next
 .text          0x00000000000130e8      0x155 obj_cooja/mtype896.a(ringbuf.o)
                0x00000000000130e8                ringbuf_init
                0x0000000000013119                ringbuf_put
                0x0000000000013197                ringbuf_get
                0x0000000000013204                ringbuf_size
                0x0000000000013216                ringbuf_elements
 .text          0x000000000001323d     0x258b obj_cooja/mtype896.a(sicslowpan.o)
                0x00000000000137c7                rime_sniffer_add
                0x00000000000137d4                rime_sniffer_remove
                0x0000000000015767                sicslowpan_init
                0x00000000000157be                sicslowpan_get_last_rssi
 .text          0x00000000000157c8      0x298 obj_cooja/mtype896.a(uip-ds6-nbr.o)
                0x00000000000157e5                uip_ds6_neighbors_init
                0x0000000000015802                uip_ds6_nbr_add
                0x000000000001588a                uip_ds6_nbr_rm
                0x00000000000158cc                uip_ds6_nbr_get_ipaddr
                0x00000000000158e1                uip_ds6_nbr_get_ll
                0x00000000000158fd                uip_ds6_nbr_num
                0x0000000000015942                uip_ds6_nbr_lookup
                0x00000000000159a7                uip_ds6_nbr_ll_lookup
                0x00000000000159c3                uip_ds6_nbr_ipaddr_from_lladdr
                0x00000000000159e9                uip_ds6_nbr_lladdr_from_ipaddr
                0x0000000000015a17                uip_ds6_link_neighbor_callback
 .text          0x0000000000015a60     0x12ad obj_cooja/mtype896.a(uip-ds6.o)
                0x0000000000015a60                uip_ds6_init
                0x0000000000015db5                uip_ds6_periodic
                0x0000000000015e8d                uip_ds6_list_loop
                0x0000000000015f34                uip_ds6_prefix_add
                0x0000000000015ff2                uip_ds6_prefix_rm
                0x0000000000016004                uip_ds6_prefix_lookup
                0x0000000000016055                uip_ds6_is_addr_onlink
                0x00000000000160c9                uip_ds6_addr_add
                0x00000000000161f7                uip_ds6_long_addr_add
                0x0000000000016325                uip_ds6_addr_rm
                0x00000000000163c5                uip_ds6_addr_lookup
                0x0000000000016410                uip_ds6_long_addr_lookup
                0x000000000001645b                uip_ds6_get_link_local
                0x00000000000164da                uip_ds6_long_get_link_local
                0x0000000000016559                uip_ds6_get_global
                0x00000000000165d8                uip_ds6_long_get_global
                0x0000000000016657                uip_ds6_maddr_add
                0x00000000000166c9                uip_ds6_long_maddr_add
                0x000000000001673b                uip_ds6_maddr_rm
                0x000000000001674d                uip_ds6_maddr_lookup
                0x0000000000016798                uip_ds6_long_maddr_lookup
                0x00000000000167e3                uip_ds6_aaddr_add
                0x0000000000016855                uip_ds6_long_aaddr_add
                0x00000000000168c7                uip_ds6_aaddr_rm
                0x00000000000168d9                uip_ds6_aaddr_lookup
                0x0000000000016924                uip_ds6_long_aaddr_lookup
                0x000000000001696f                uip_ds6_select_src
                0x0000000000016bf8                uip_ds6_set_addr_iid
                0x0000000000016c2f                get_match_length
                0x0000000000016cc1                uip_ds6_compute_reachable_time
 .text          0x0000000000016d0d     0x29f3 obj_cooja/mtype896.a(uip6.o)
                0x0000000000016d0d                uip_add32
                0x0000000000016ea6                uip_chksum
                0x0000000000016f94                uip_icmp6chksum
                0x0000000000016fa8                uip_tcpchksum
                0x0000000000016fbc                uip_udpchksum
                0x0000000000016fd0                uip_init
                0x00000000000170a0                uip_connect
                0x000000000001724f                remove_ext_hdr
                0x0000000000017324                uip_udp_new
                0x0000000000017480                uip_unlisten
                0x00000000000174e0                uip_listen
                0x00000000000177a2                uip_process
                0x00000000000195f4                uip_htons
                0x0000000000019616                uip_htonl
                0x0000000000019656                uip_send
 .text          0x0000000000019700      0xb43 obj_cooja/mtype896.a(tcpip.o)
                0x0000000000019700                tcpip_output
                0x000000000001972e                tcpip_set_outputfunc
                0x00000000000197c2                tcp_connect
                0x0000000000019817                tcp_unlisten
                0x0000000000019872                tcp_listen
                0x00000000000198cb                tcp_attach
                0x00000000000198f0                udp_attach
                0x0000000000019915                udp_new
                0x0000000000019967                udp_broadcast_new
                0x0000000000019bdb                tcpip_input
                0x0000000000019c0f                tcpip_ipv6_output
                0x000000000001a089                tcpip_poll_udp
                0x000000000001a0ac                tcpip_poll_tcp
                0x000000000001a0cf                tcpip_uipcall
 .text          0x000000000001a243      0x1c1 obj_cooja/mtype896.a(uip-debug.o)
                0x000000000001a243                uip_debug_ipaddr_print
                0x000000000001a3a5                uip_debug_lladdr_print
 .text          0x000000000001a404      0x141 obj_cooja/mtype896.a(uip-packetqueue)
                0x000000000001a430                uip_packetqueue_new
                0x000000000001a43e                uip_packetqueue_alloc
                0x000000000001a49e                uip_packetqueue_free
                0x000000000001a4df                uip_packetqueue_buf
                0x000000000001a4fc                uip_packetqueue_buflen
                0x000000000001a51d                uip_packetqueue_set_buflen
 .text          0x000000000001a545     0x2713 obj_cooja/mtype896.a(rpl-dag.o)
                0x000000000001a545                rpl_lr_in_neighbor_tree
                0x000000000001a69d                rpl_print_neighbor_list
                0x000000000001a746                rpl_print_child_neighbor_list
                0x000000000001a7bb                rpl_get_nbr
                0x000000000001a815                rpl_get_nbr_child
                0x000000000001a86f                rpl_dag_init
                0x000000000001a8a1                rpl_get_parent
                0x000000000001a8c3                rpl_get_parent_rank
                0x000000000001a8f6                rpl_get_parent_link_metric
                0x000000000001a929                rpl_get_parent_ipaddr
                0x000000000001a953                rpl_get_child_ipaddr
                0x000000000001ac6e                rpl_set_root
                0x000000000001ae9c                rpl_repair_root
                0x000000000001b0d8                rpl_set_prefix
                0x000000000001b1d7                rpl_set_default_route
                0x000000000001b263                rpl_alloc_instance
                0x000000000001b2f6                rpl_alloc_dag
                0x000000000001b3a9                rpl_set_default_instance
                0x000000000001b3b6                rpl_get_default_instance
                0x000000000001b3c0                rpl_free_instance
                0x000000000001b471                rpl_free_dag
                0x000000000001b4d7                rpl_add_parent
                0x000000000001b5cd                rpl_find_parent
                0x000000000001b5fd                rpl_add_child
                0x000000000001b6a1                rpl_find_child
                0x000000000001b6ef                rpl_find_parent_any_dag
                0x000000000001b72b                rpl_select_dag
                0x000000000001bb4e                rpl_select_parent
                0x000000000001bbb0                rpl_remove_parent
                0x000000000001bbe6                rpl_remove_child
                0x000000000001bc02                rpl_nullify_parent
                0x000000000001bca0                rpl_move_parent
                0x000000000001bd3d                rpl_has_downward_route
                0x000000000001bd90                rpl_get_any_dag
                0x000000000001bdf2                rpl_get_instance
                0x000000000001be55                rpl_find_of
                0x000000000001be92                rpl_join_instance
                0x000000000001c10d                rpl_add_dag
                0x000000000001c4fc                rpl_local_repair
                0x000000000001c5d5                rpl_recalculate_ranks
                0x000000000001c65b                rpl_process_parent_event
                0x000000000001c70d                rpl_process_dio
 .text          0x000000000001cc58      0xbf3 obj_cooja/mtype896.a(rpl-ext-header.)
                0x000000000001cc75                rpl_verify_header
                0x000000000001d0ef                rpl_update_header_empty
                0x000000000001d406                rpl_update_header_final
                0x000000000001d595                rpl_remove_header
                0x000000000001d69f                rpl_invert_header
                0x000000000001d829                rpl_insert_header
 .text          0x000000000001d84b     0x22e6 obj_cooja/mtype896.a(rpl-icmp6.o)
                0x000000000001db14                rpl_icmp6_update_nbr_table
                0x000000000001dc04                dis_output
                0x000000000001e541                dio_output
                0x000000000001f69c                dao_output
                0x000000000001f764                dao_output_target
                0x000000000001fae5                dao_ack_output
                0x000000000001faf9                rpl_icmp6_register_handlers
 .text          0x000000000001fb31      0x370 obj_cooja/mtype896.a(rpl-ltmax.o)
 .text          0x000000000001fea1      0x7b3 obj_cooja/mtype896.a(rpl-timers.o)
                0x00000000000200e7                rpl_reset_periodic_timer
                0x000000000002013c                rpl_reset_dio_timer
                0x0000000000020376                rpl_schedule_dao
                0x0000000000020391                rpl_schedule_dao_immediately
                0x00000000000203ac                rpl_cancel_dao
                0x000000000002040e                rpl_schedule_unicast_dio_immediately
                0x00000000000205fc                rpl_schedule_probing
 .text          0x0000000000020654      0x5c5 obj_cooja/mtype896.a(rpl.o)
                0x0000000000020654                rpl_get_mode
                0x000000000002065e                rpl_set_mode
                0x00000000000206ec                rpl_purge_routes
                0x00000000000207e6                rpl_remove_routes
                0x000000000002082c                rpl_remove_routes_by_nexthop
                0x0000000000020898                rpl_add_route
                0x0000000000020913                rpl_link_neighbor_callback
                0x0000000000020a18                rpl_ipv6_neighbor_callback
                0x0000000000020a87                rpl_purge_dags
                0x0000000000020b93                rpl_init
 .text          0x0000000000020c19      0x3f5 obj_cooja/mtype896.a(framer-802154.o)
 .text          0x000000000002100e       0x5e obj_cooja/mtype896.a(nullmac.o)
 .text          0x000000000002106c      0xfab obj_cooja/mtype896.a(cxmac.o)
                0x0000000000021f59                cxmac_set_announcement_radio_txpower
                0x0000000000021f5e                cxmac_init
 .text          0x0000000000022017       0x67 obj_cooja/mtype896.a(linkaddr.o)
                0x0000000000022017                linkaddr_copy
                0x0000000000022039                linkaddr_cmp
                0x0000000000022063                linkaddr_set_node_addr
 .text          0x000000000002207e      0x915 obj_cooja/mtype896.a(nbr-table.o)
                0x000000000002207e                long_ip_from_lladdr_map
                0x0000000000022107                lladdr_map_add_lr
                0x00000000000221c4                lladdr_map_rm_lr
                0x0000000000022689                nbr_table_register
                0x00000000000226d1                nbr_table_head
                0x000000000002272d                nbr_table_next
                0x0000000000022794                nbr_table_add_lladdr
                0x0000000000022870                nbr_table_get_from_lladdr
                0x00000000000228bd                nbr_table_remove
                0x000000000002290f                nbr_table_lock
                0x0000000000022939                nbr_table_unlock
                0x0000000000022963                nbr_table_get_lladdr
 .text          0x0000000000022993       0x2b obj_cooja/mtype896.a(netstack.o)
                0x0000000000022993                netstack_init
 .text          0x00000000000229be      0x3cd obj_cooja/mtype896.a(packetbuf.o)
                0x00000000000229be                packetbuf_clear
                0x00000000000229e8                packetbuf_copyfrom
                0x0000000000022a3a                packetbuf_compact
                0x0000000000022ab7                packetbuf_copyto
                0x0000000000022b4e                packetbuf_hdralloc
                0x0000000000022bcb                packetbuf_hdrreduce
                0x0000000000022c13                packetbuf_set_datalen
                0x0000000000022c2c                packetbuf_dataptr
                0x0000000000022c49                packetbuf_hdrptr
                0x0000000000022c53                packetbuf_datalen
                0x0000000000022c5f                packetbuf_hdrlen
                0x0000000000022c76                packetbuf_totlen
                0x0000000000022c8c                packetbuf_attr_clear
                0x0000000000022cde                packetbuf_attr_copyto
                0x0000000000022d27                packetbuf_attr_copyfrom
                0x0000000000022d6f                packetbuf_holds_broadcast
 .text          0x0000000000022d8b      0x2b4 obj_cooja/mtype896.a(queuebuf.o)
                0x0000000000022d95                queuebuf_init
                0x0000000000022db5                queuebuf_numfree
                0x0000000000022dc9                queuebuf_new_from_packetbuf
                0x0000000000022e59                queuebuf_update_attr_from_packetbuf
                0x0000000000022e8c                queuebuf_update_from_packetbuf
                0x0000000000022ed6                queuebuf_free
                0x0000000000022f1d                queuebuf_to_packetbuf
                0x0000000000022f83                queuebuf_dataptr
                0x0000000000022fba                queuebuf_datalen
                0x0000000000022fdd                queuebuf_addr
                0x000000000002300f                queuebuf_attr
                0x000000000002303a                queuebuf_debug_print
 .text          0x000000000002303f       0x6e obj_cooja/mtype896.a(nullsec.o)
 .text          0x00000000000230ad       0x19 obj_cooja/mtype896.a(watchdog.o)
                0x00000000000230ad                watchdog_init
                0x00000000000230b2                watchdog_start
                0x00000000000230b7                watchdog_periodic
                0x00000000000230bc                watchdog_stop
                0x00000000000230c1                watchdog_reboot
 .text          0x00000000000230c6        0x0 obj_cooja/mtype896.a(rimestats.o)
 .text          0x00000000000230c6      0x134 obj_cooja/mtype896.a(leds.o)
                0x0000000000023117                leds_init
                0x000000000002312b                leds_blink
                0x0000000000023163                leds_get
                0x0000000000023170                leds_set
                0x000000000002318a                leds_on
                0x00000000000231ad                leds_off
                0x00000000000231d7                leds_toggle
 .text          0x00000000000231fa       0xa3 obj_cooja/mtype896.a(stimer.o)
                0x00000000000231fa                stimer_set
                0x0000000000023215                stimer_reset
                0x000000000002322c                stimer_restart
                0x000000000002323e                stimer_expired
                0x0000000000023265                stimer_remaining
                0x0000000000023289                stimer_elapsed
 .text          0x000000000002329d      0x1c1 obj_cooja/mtype896.a(memb.o)
                0x000000000002329d                memb_init
                0x00000000000232fb                memb_alloc
                0x0000000000023360                memb_free
                0x00000000000233db                memb_inmemb
                0x000000000002341a                memb_numfree
 .text          0x000000000002345e      0x916 obj_cooja/mtype896.a(uip-ds6-route.o)
                0x00000000000234d5                uip_ds6_notification_add
                0x0000000000023506                uip_ds6_notification_rm
                0x0000000000023522                uip_ds6_route_init
                0x00000000000235aa                uip_ds6_route_nexthop
                0x00000000000235d2                uip_ds6_route_head
                0x00000000000235e7                uip_ds6_route_next
                0x000000000002360d                uip_ds6_route_is_nexthop
                0x000000000002364c                uip_ds6_route_num_routes
                0x0000000000023656                uip_ds6_route_lookup
                0x0000000000023718                uip_ds6_route_add
                0x000000000002394c                uip_ds6_route_rm
                0x0000000000023ae0                uip_ds6_route_rm_by_nexthop
                0x0000000000023b18                uip_ds6_defrt_add
                0x0000000000023bc9                uip_ds6_defrt_rm
                0x0000000000023c48                uip_ds6_defrt_lookup
                0x0000000000023ca1                uip_ds6_defrt_choose
                0x0000000000023d0c                uip_ds6_defrt_periodic
 .text          0x0000000000023d74      0xab2 obj_cooja/mtype896.a(uip-icmp6.o)
                0x0000000000023de2                uip_icmp6_input
                0x0000000000023e38                uip_icmp6_register_input_handler
                0x0000000000024100                uip_icmp6_error_output
                0x0000000000024445                uip_icmp6_send
                0x00000000000247b9                uip_icmp6_echo_reply_callback_add
                0x00000000000247ea                uip_icmp6_echo_reply_callback_rm
                0x0000000000024806                uip_icmp6_init
 .text          0x0000000000024826      0x358 obj_cooja/mtype896.a(uip-nd6.o)
                0x000000000002487a                uip_nd6_ns_output
                0x0000000000024b79                uip_nd6_init
 .text          0x0000000000024b7e      0x331 obj_cooja/mtype896.a(rpl-nbr-policy.)
                0x0000000000024d56                find_removable_dis
                0x0000000000024d79                find_removable_dio
                0x0000000000024e08                find_removable_dao
                0x0000000000024e58                rpl_nbr_policy_find_removable
 .text          0x0000000000024eaf      0x97c obj_cooja/mtype896.a(frame802154.o)
                0x0000000000024ee0                frame802154_get_pan_id
                0x0000000000024eec                frame802154_set_pan_id
                0x0000000000024f05                frame802154_has_panid
                0x0000000000024ff1                frame802154_check_dest_panid
                0x0000000000025059                frame802154_is_broadcast_addr
                0x00000000000250a6                frame802154_extract_linkaddr
                0x00000000000252e6                frame802154_hdrlen
                0x0000000000025337                frame802154_create
                0x0000000000025522                frame802154_parse
 .text          0x000000000002582b       0x3c obj_cooja/mtype896.a(mac.o)
                0x000000000002582b                mac_call_sent_callback
 .text          0x0000000000025867        0x0 /usr/lib/gcc/i686-linux-gnu/4.8/crtendS.o
 .text          0x0000000000025867        0x0 /usr/lib/gcc/i686-linux-gnu/4.8/../../../i386-linux-gnu/crtn.o
 *(.gnu.warning)

.fini           0x0000000000025868       0x14
 *(SORT(.fini))
 .fini          0x0000000000025868        0xf /usr/lib/gcc/i686-linux-gnu/4.8/../../../i386-linux-gnu/crti.o
                0x0000000000025868                _fini
 .fini          0x0000000000025877        0x5 /usr/lib/gcc/i686-linux-gnu/4.8/../../../i386-linux-gnu/crtn.o
                0x000000000002587c                PROVIDE (__etext, .)
                0x000000000002587c                PROVIDE (_etext, .)
                0x000000000002587c                PROVIDE (etext, .)

.rodata         0x0000000000025880      0x9e0
 *(.rodata .rodata.* .gnu.linkonce.r.*)
 .rodata        0x0000000000025880      0x148 udp-server.co
                0x0000000000025894                autostart_processes
 .rodata        0x00000000000259c8      0x157 obj_cooja/mtype896.o
 *fill*         0x0000000000025b1f        0x1 
 .rodata        0x0000000000025b20        0x8 obj_cooja/mtype896.a(beep.o)
                0x0000000000025b20                beep_interface
 .rodata        0x0000000000025b28       0x20 obj_cooja/mtype896.a(button-sensor.o)
                0x0000000000025b28                button_interface
                0x0000000000025b38                button_sensor
 .rodata        0x0000000000025b48        0x8 obj_cooja/mtype896.a(leds-arch.o)
                0x0000000000025b48                leds_interface
 .rodata        0x0000000000025b50        0x8 obj_cooja/mtype896.a(moteid.o)
                0x0000000000025b50                moteid_interface
 .rodata        0x0000000000025b58       0x1c obj_cooja/mtype896.a(pir-sensor.o)
                0x0000000000025b58                pir_interface
                0x0000000000025b64                pir_sensor
 .rodata        0x0000000000025b74        0xe obj_cooja/mtype896.a(rs232.o)
                0x0000000000025b74                rs232_interface
 *fill*         0x0000000000025b82        0x2 
 .rodata        0x0000000000025b84       0x24 obj_cooja/mtype896.a(vib-sensor.o)
                0x0000000000025b84                vib_interface
                0x0000000000025b98                vib_sensor
 .rodata        0x0000000000025ba8        0x8 obj_cooja/mtype896.a(clock.o)
                0x0000000000025ba8                clock_interface
 .rodata        0x0000000000025bb0        0x8 obj_cooja/mtype896.a(log.o)
                0x0000000000025bb0                simlog_interface
 .rodata        0x0000000000025bb8       0x2f obj_cooja/mtype896.a(cfs-cooja.o)
                0x0000000000025bb8                cfs_interface
 *fill*         0x0000000000025be7       0x19 
 .rodata        0x0000000000025c00       0x60 obj_cooja/mtype896.a(cooja-radio.o)
                0x0000000000025c20                cooja_radio_driver
                0x0000000000025c58                radio_interface
 .rodata        0x0000000000025c60        0x8 obj_cooja/mtype896.a(eeprom.o)
                0x0000000000025c60                eeprom_interface
 .rodata        0x0000000000025c68        0x8 obj_cooja/mtype896.a(sensors.o)
 .rodata        0x0000000000025c70       0x1c obj_cooja/mtype896.a(dual_conf.o)
 .rodata        0x0000000000025c8c        0xf obj_cooja/mtype896.a(ctimer.o)
 .rodata        0x0000000000025c9b        0xc obj_cooja/mtype896.a(etimer.o)
 *fill*         0x0000000000025ca7        0x1 
 .rodata        0x0000000000025ca8       0x73 obj_cooja/mtype896.a(log_message.o)
 *fill*         0x0000000000025d1b        0x1 
 .rodata        0x0000000000025d1c       0x20 obj_cooja/mtype896.a(residual.o)
 .rodata        0x0000000000025d3c        0xe obj_cooja/mtype896.a(serial-line.o)
 *fill*         0x0000000000025d4a        0x2 
 .rodata        0x0000000000025d4c       0x2c obj_cooja/mtype896.a(sicslowpan.o)
                0x0000000000025d4c                unc_llconf
                0x0000000000025d50                unc_ctxconf
                0x0000000000025d54                unc_mxconf
                0x0000000000025d58                llprefix
                0x0000000000025d6c                sicslowpan_driver
 .rodata        0x0000000000025d78      0x13c obj_cooja/mtype896.a(uip6.o)
 .rodata        0x0000000000025eb4       0x49 obj_cooja/mtype896.a(tcpip.o)
 .rodata        0x0000000000025efd       0x3e obj_cooja/mtype896.a(uip-debug.o)
 *fill*         0x0000000000025f3b        0x1 
 .rodata        0x0000000000025f3c        0x4 obj_cooja/mtype896.a(rpl-dag.o)
 .rodata        0x0000000000025f40        0xc obj_cooja/mtype896.a(framer-802154.o)
                0x0000000000025f40                framer_802154
 .rodata        0x0000000000025f4c       0x24 obj_cooja/mtype896.a(nullmac.o)
                0x0000000000025f54                nullmac_driver
 *fill*         0x0000000000025f70       0x10 
 .rodata        0x0000000000025f80      0x2c0 obj_cooja/mtype896.a(cxmac.o)
                0x0000000000026220                cxmac_driver
 .rodata        0x0000000000026240        0x8 obj_cooja/mtype896.a(linkaddr.o)
                0x0000000000026240                linkaddr_null
 .rodata        0x0000000000026248       0x18 obj_cooja/mtype896.a(nullsec.o)
                0x0000000000026250                nullsec_driver

.rodata1
 *(.rodata1)

.eh_frame_hdr   0x0000000000026260     0x1394
 *(.eh_frame_hdr)
 .eh_frame_hdr  0x0000000000026260     0x1394 udp-server.co

.eh_frame       0x00000000000275f4     0x4f94
 *(.eh_frame)
 .eh_frame      0x00000000000275f4       0x3c /usr/lib/gcc/i686-linux-gnu/4.8/../../../i386-linux-gnu/crti.o
                                         0x40 (size before relaxing)
 .eh_frame      0x0000000000027630       0x68 udp-server.co
                                         0x80 (size before relaxing)
 .eh_frame      0x0000000000027698      0x148 obj_cooja/mtype896.o
                                        0x160 (size before relaxing)
 .eh_frame      0x00000000000277e0       0x40 obj_cooja/mtype896.a(simEnvChange.o)
                                         0x58 (size before relaxing)
 .eh_frame      0x0000000000027820       0xc0 obj_cooja/mtype896.a(cooja_mt.o)
                                         0xd8 (size before relaxing)
 .eh_frame      0x00000000000278e0      0x120 obj_cooja/mtype896.a(cooja_mtarch.o)
                                        0x138 (size before relaxing)
 .eh_frame      0x0000000000027a00       0xc0 obj_cooja/mtype896.a(rtimer-arch.o)
                                         0xd8 (size before relaxing)
 .eh_frame      0x0000000000027ac0      0x160 obj_cooja/mtype896.a(beep.o)
                                        0x178 (size before relaxing)
 .eh_frame      0x0000000000027c20       0xa0 obj_cooja/mtype896.a(button-sensor.o)
                                         0xb8 (size before relaxing)
 .eh_frame      0x0000000000027cc0       0xa0 obj_cooja/mtype896.a(leds-arch.o)
                                         0xb8 (size before relaxing)
 .eh_frame      0x0000000000027d60       0x40 obj_cooja/mtype896.a(moteid.o)
                                         0x58 (size before relaxing)
 .eh_frame      0x0000000000027da0       0xa0 obj_cooja/mtype896.a(pir-sensor.o)
                                         0xb8 (size before relaxing)
 .eh_frame      0x0000000000027e40      0x100 obj_cooja/mtype896.a(rs232.o)
                                        0x118 (size before relaxing)
 .eh_frame      0x0000000000027f40       0xa0 obj_cooja/mtype896.a(vib-sensor.o)
                                         0xb8 (size before relaxing)
 .eh_frame      0x0000000000027fe0       0xc0 obj_cooja/mtype896.a(clock.o)
                                         0xd8 (size before relaxing)
 .eh_frame      0x00000000000280a0      0x120 obj_cooja/mtype896.a(log.o)
                                        0x138 (size before relaxing)
 .eh_frame      0x00000000000281c0      0x160 obj_cooja/mtype896.a(cfs-cooja.o)
                                        0x178 (size before relaxing)
 .eh_frame      0x0000000000028320      0x2e0 obj_cooja/mtype896.a(cooja-radio.o)
                                        0x2f8 (size before relaxing)
 .eh_frame      0x0000000000028600       0xa0 obj_cooja/mtype896.a(eeprom.o)
                                         0xb8 (size before relaxing)
 .eh_frame      0x00000000000286a0       0x40 obj_cooja/mtype896.a(random.o)
                                         0x58 (size before relaxing)
 .eh_frame      0x00000000000286e0       0xc0 obj_cooja/mtype896.a(sensors.o)
                                         0xd8 (size before relaxing)
 .eh_frame      0x00000000000287a0      0x160 obj_cooja/mtype896.a(dual_conf.o)
                                        0x178 (size before relaxing)
 .eh_frame      0x0000000000028900       0x40 obj_cooja/mtype896.a(autostart.o)
                                         0x58 (size before relaxing)
 .eh_frame      0x0000000000028940      0x100 obj_cooja/mtype896.a(ctimer.o)
                                        0x118 (size before relaxing)
 .eh_frame      0x0000000000028a40      0x1e0 obj_cooja/mtype896.a(etimer.o)
                                        0x1f8 (size before relaxing)
 .eh_frame      0x0000000000028c20       0x40 obj_cooja/mtype896.a(log_message.o)
                                         0x58 (size before relaxing)
 .eh_frame      0x0000000000028c60      0x1c8 obj_cooja/mtype896.a(process.o)
                                        0x1e0 (size before relaxing)
 .eh_frame      0x0000000000028e28       0x2c obj_cooja/mtype896.a(residual.o)
                                         0x44 (size before relaxing)
 .eh_frame      0x0000000000028e54       0x60 obj_cooja/mtype896.a(rtimer.o)
                                         0x78 (size before relaxing)
 .eh_frame      0x0000000000028eb4       0xa4 obj_cooja/mtype896.a(timer.o)
                                         0xbc (size before relaxing)
 .eh_frame      0x0000000000028f58       0x60 obj_cooja/mtype896.a(serial-line.o)
                                         0x78 (size before relaxing)
 .eh_frame      0x0000000000028fb8      0x180 obj_cooja/mtype896.a(list.o)
                                        0x198 (size before relaxing)
 .eh_frame      0x0000000000029138       0xa0 obj_cooja/mtype896.a(ringbuf.o)
                                         0xb8 (size before relaxing)
 .eh_frame      0x00000000000291d8      0x350 obj_cooja/mtype896.a(sicslowpan.o)
                                        0x368 (size before relaxing)
 .eh_frame      0x0000000000029528      0x180 obj_cooja/mtype896.a(uip-ds6-nbr.o)
                                        0x198 (size before relaxing)
 .eh_frame      0x00000000000296a8      0x3c8 obj_cooja/mtype896.a(uip-ds6.o)
                                        0x3e0 (size before relaxing)
 .eh_frame      0x0000000000029a70      0x27c obj_cooja/mtype896.a(uip6.o)
                                        0x294 (size before relaxing)
 .eh_frame      0x0000000000029cec      0x270 obj_cooja/mtype896.a(tcpip.o)
                                        0x288 (size before relaxing)
 .eh_frame      0x0000000000029f5c       0x48 obj_cooja/mtype896.a(uip-debug.o)
                                         0x60 (size before relaxing)
 .eh_frame      0x0000000000029fa4       0xe0 obj_cooja/mtype896.a(uip-packetqueue)
                                         0xf8 (size before relaxing)
 .eh_frame      0x000000000002a084      0x76c obj_cooja/mtype896.a(rpl-dag.o)
                                        0x784 (size before relaxing)
 .eh_frame      0x000000000002a7f0      0x10c obj_cooja/mtype896.a(rpl-ext-header.)
                                        0x124 (size before relaxing)
 .eh_frame      0x000000000002a8fc      0x2b8 obj_cooja/mtype896.a(rpl-icmp6.o)
                                        0x2d0 (size before relaxing)
 .eh_frame      0x000000000002abb4       0xe0 obj_cooja/mtype896.a(rpl-ltmax.o)
                                         0xf8 (size before relaxing)
 .eh_frame      0x000000000002ac94      0x20c obj_cooja/mtype896.a(rpl-timers.o)
                                        0x224 (size before relaxing)
 .eh_frame      0x000000000002aea0      0x148 obj_cooja/mtype896.a(rpl.o)
                                        0x160 (size before relaxing)
 .eh_frame      0x000000000002afe8      0x108 obj_cooja/mtype896.a(framer-802154.o)
                                        0x120 (size before relaxing)
 .eh_frame      0x000000000002b0f0       0xc0 obj_cooja/mtype896.a(nullmac.o)
                                         0xd8 (size before relaxing)
 .eh_frame      0x000000000002b1b0      0x2a0 obj_cooja/mtype896.a(cxmac.o)
                                        0x2b8 (size before relaxing)
 .eh_frame      0x000000000002b450       0x60 obj_cooja/mtype896.a(linkaddr.o)
                                         0x78 (size before relaxing)
 .eh_frame      0x000000000002b4b0      0x2cc obj_cooja/mtype896.a(nbr-table.o)
                                        0x2e4 (size before relaxing)
 .eh_frame      0x000000000002b77c       0x20 obj_cooja/mtype896.a(netstack.o)
                                         0x38 (size before relaxing)
 .eh_frame      0x000000000002b79c      0x214 obj_cooja/mtype896.a(packetbuf.o)
                                        0x22c (size before relaxing)
 .eh_frame      0x000000000002b9b0      0x1a0 obj_cooja/mtype896.a(queuebuf.o)
                                        0x1b8 (size before relaxing)
 .eh_frame      0x000000000002bb50       0x80 obj_cooja/mtype896.a(nullsec.o)
                                         0x98 (size before relaxing)
 .eh_frame      0x000000000002bbd0       0xa0 obj_cooja/mtype896.a(watchdog.o)
                                         0xb8 (size before relaxing)
 .eh_frame      0x000000000002bc70      0x100 obj_cooja/mtype896.a(leds.o)
                                        0x118 (size before relaxing)
 .eh_frame      0x000000000002bd70       0xc4 obj_cooja/mtype896.a(stimer.o)
                                         0xdc (size before relaxing)
 .eh_frame      0x000000000002be34       0xa0 obj_cooja/mtype896.a(memb.o)
                                         0xb8 (size before relaxing)
 .eh_frame      0x000000000002bed4      0x2a0 obj_cooja/mtype896.a(uip-ds6-route.o)
                                        0x2b8 (size before relaxing)
 .eh_frame      0x000000000002c174      0x164 obj_cooja/mtype896.a(uip-icmp6.o)
                                        0x17c (size before relaxing)
 .eh_frame      0x000000000002c2d8       0x68 obj_cooja/mtype896.a(uip-nd6.o)
                                         0x80 (size before relaxing)
 .eh_frame      0x000000000002c340       0xc0 obj_cooja/mtype896.a(rpl-nbr-policy.)
                                         0xd8 (size before relaxing)
 .eh_frame      0x000000000002c400      0x164 obj_cooja/mtype896.a(frame802154.o)
                                        0x17c (size before relaxing)
 .eh_frame      0x000000000002c564       0x20 obj_cooja/mtype896.a(mac.o)
                                         0x38 (size before relaxing)
 .eh_frame      0x000000000002c584        0x4 /usr/lib/gcc/i686-linux-gnu/4.8/crtendS.o

.gcc_except_table
 *(.gcc_except_table .gcc_except_table.*)

.exception_ranges
 *(.exception_ranges .exception_ranges*)
                0x000000000002c588                . = (ALIGN (0x1000) - ((0x1000 - .) & 0xfff))
                0x000000000002def8                . = DATA_SEGMENT_ALIGN (0x1000, 0x1000)

.eh_frame
 *(.eh_frame)

.gcc_except_table
 *(.gcc_except_table .gcc_except_table.*)

.exception_ranges
 *(.exception_ranges .exception_ranges*)

.tdata
 *(.tdata .tdata.* .gnu.linkonce.td.*)

.tbss
 *(.tbss .tbss.* .gnu.linkonce.tb.*)
 *(.tcommon)

.preinit_array
 *(.preinit_array)

.init_array     0x000000000002def8        0x4
 *(SORT(.init_array.*) SORT(.ctors.*))
 *(.init_array EXCLUDE_FILE(*crtend?.o *crtend.o *crtbegin?.o *crtbegin.o) .ctors)
 .init_array    0x000000000002def8        0x4 /usr/lib/gcc/i686-linux-gnu/4.8/crtbeginS.o

.fini_array     0x000000000002defc        0x4
 *(SORT(.fini_array.*) SORT(.dtors.*))
 *(.fini_array EXCLUDE_FILE(*crtend?.o *crtend.o *crtbegin?.o *crtbegin.o) .dtors)
 .fini_array    0x000000000002defc        0x4 /usr/lib/gcc/i686-linux-gnu/4.8/crtbeginS.o

.ctors
 *crtbegin.o(.ctors)
 *crtbegin?.o(.ctors)
 *(EXCLUDE_FILE(*crtend?.o *crtend.o) .ctors)
 *(SORT(.ctors.*))
 *(.ctors)

.dtors
 *crtbegin.o(.dtors)
 *crtbegin?.o(.dtors)
 *(EXCLUDE_FILE(*crtend?.o *crtend.o) .dtors)
 *(SORT(.dtors.*))
 *(.dtors)

.jcr            0x000000000002df00        0x4
 *(.jcr)
 .jcr           0x000000000002df00        0x0 /usr/lib/gcc/i686-linux-gnu/4.8/crtbeginS.o
 .jcr           0x000000000002df00        0x4 /usr/lib/gcc/i686-linux-gnu/4.8/crtendS.o

.data.rel.ro
 *(.data.rel.ro.local* .gnu.linkonce.d.rel.ro.local.*)
 *(.data.rel.ro .data.rel.ro.* .gnu.linkonce.d.rel.ro.*)

.dynamic        0x000000000002df04       0xe8
 *(.dynamic)
 .dynamic       0x000000000002df04       0xe8 /usr/lib/gcc/i686-linux-gnu/4.8/../../../i386-linux-gnu/crti.o
                0x000000000002df04                _DYNAMIC

.got            0x000000000002dfec       0x14
 *(.got)
 .got           0x000000000002dfec       0x14 /usr/lib/gcc/i686-linux-gnu/4.8/../../../i386-linux-gnu/crti.o
 *(.igot)
                0x000000000002eff4                . = DATA_SEGMENT_RELRO_END (., (SIZEOF (.got.plt) >= 0xc)?0xc:0x0)

.got.plt        0x000000000002e000       0x14
 *(.got.plt)
 .got.plt       0x000000000002e000       0x14 /usr/lib/gcc/i686-linux-gnu/4.8/../../../i386-linux-gnu/crti.o
                0x000000000002e000                _GLOBAL_OFFSET_TABLE_
 *(.igot.plt)

.data           0x000000000002e020      0x26a
 *(.data .data.* .gnu.linkonce.d.*)
 .data          0x000000000002e020        0x0 /usr/lib/gcc/i686-linux-gnu/4.8/../../../i386-linux-gnu/crti.o
 .data          0x000000000002e020        0x0 /usr/lib/gcc/i686-linux-gnu/4.8/crtbeginS.o
 .data.rel      0x000000000002e020        0x4 /usr/lib/gcc/i686-linux-gnu/4.8/crtbeginS.o
                0x000000000002e020                __dso_handle
 .data          0x000000000002e024       0x10 udp-server.co
                0x000000000002e024                udp_server_process
 *fill*         0x000000000002e034        0xc 
 .data          0x000000000002e040       0x44 obj_cooja/mtype896.o
                0x000000000002e040                simInterfaces
                0x000000000002e074                sensors
 .data          0x000000000002e084        0x0 obj_cooja/mtype896.a(simEnvChange.o)
 .data          0x000000000002e084        0x0 obj_cooja/mtype896.a(cooja_mt.o)
 .data          0x000000000002e084        0x0 obj_cooja/mtype896.a(cooja_mtarch.o)
 .data          0x000000000002e084        0x0 obj_cooja/mtype896.a(rtimer-arch.o)
 .data          0x000000000002e084        0x0 obj_cooja/mtype896.a(beep.o)
 .data          0x000000000002e084        0x0 obj_cooja/mtype896.a(button-sensor.o)
 .data          0x000000000002e084        0x0 obj_cooja/mtype896.a(leds-arch.o)
 .data          0x000000000002e084        0x0 obj_cooja/mtype896.a(moteid.o)
 .data          0x000000000002e084        0x0 obj_cooja/mtype896.a(pir-sensor.o)
 .data          0x000000000002e084        0x0 obj_cooja/mtype896.a(rs232.o)
 .data          0x000000000002e084        0x0 obj_cooja/mtype896.a(vib-sensor.o)
 .data          0x000000000002e084        0x0 obj_cooja/mtype896.a(clock.o)
 .data          0x000000000002e084        0x0 obj_cooja/mtype896.a(log.o)
 .data          0x000000000002e084        0x0 obj_cooja/mtype896.a(cfs-cooja.o)
 .data          0x000000000002e084       0x40 obj_cooja/mtype896.a(cooja-radio.o)
                0x000000000002e084                simRadioChannelLR
                0x000000000002e088                simRadioHWOnLR
                0x000000000002e08c                simSignalStrengthLR
                0x000000000002e090                simLastSignalStrengthLR
                0x000000000002e094                simPowerLR
                0x000000000002e098                simLQILR
                0x000000000002e09c                simRadioChannel
                0x000000000002e0a0                simRadioHWOn
                0x000000000002e0a4                simSignalStrength
                0x000000000002e0a8                simLastSignalStrength
                0x000000000002e0ac                simPower
                0x000000000002e0b0                simLQI
                0x000000000002e0b4                cooja_radio_process
 .data          0x000000000002e0c4        0x0 obj_cooja/mtype896.a(eeprom.o)
 .data          0x000000000002e0c4        0x0 obj_cooja/mtype896.a(random.o)
 .data          0x000000000002e0c4       0x10 obj_cooja/mtype896.a(sensors.o)
                0x000000000002e0c4                sensors_process
 .data          0x000000000002e0d4       0x28 obj_cooja/mtype896.a(dual_conf.o)
                0x000000000002e0d4                radio_received
                0x000000000002e0d8                dual_dio_broadcast
                0x000000000002e0e8                dual_dis_broadcast
 .data          0x000000000002e0fc        0x0 obj_cooja/mtype896.a(autostart.o)
 .data          0x000000000002e0fc       0x14 obj_cooja/mtype896.a(ctimer.o)
                0x000000000002e100                ctimer_process
 .data          0x000000000002e110       0x10 obj_cooja/mtype896.a(etimer.o)
                0x000000000002e110                etimer_process
 .data          0x000000000002e120        0x0 obj_cooja/mtype896.a(log_message.o)
 .data          0x000000000002e120        0x0 obj_cooja/mtype896.a(process.o)
 .data          0x000000000002e120        0x0 obj_cooja/mtype896.a(residual.o)
 .data          0x000000000002e120        0x0 obj_cooja/mtype896.a(rtimer.o)
 .data          0x000000000002e120        0x0 obj_cooja/mtype896.a(timer.o)
 .data          0x000000000002e120       0x10 obj_cooja/mtype896.a(serial-line.o)
                0x000000000002e120                serial_line_process
 .data          0x000000000002e130        0x0 obj_cooja/mtype896.a(list.o)
 .data          0x000000000002e130        0x0 obj_cooja/mtype896.a(ringbuf.o)
 .data          0x000000000002e130        0x0 obj_cooja/mtype896.a(sicslowpan.o)
 .data          0x000000000002e130       0x14 obj_cooja/mtype896.a(uip-ds6-nbr.o)
                0x000000000002e140                ds6_neighbors
 .data          0x000000000002e144        0x0 obj_cooja/mtype896.a(uip-ds6.o)
 .data          0x000000000002e144        0x0 obj_cooja/mtype896.a(uip6.o)
 .data          0x000000000002e144       0x10 obj_cooja/mtype896.a(tcpip.o)
                0x000000000002e144                tcpip_process
 .data          0x000000000002e154        0x0 obj_cooja/mtype896.a(uip-debug.o)
 .data          0x000000000002e154        0xc obj_cooja/mtype896.a(uip-packetqueue)
 .data          0x000000000002e160       0x28 obj_cooja/mtype896.a(rpl-dag.o)
                0x000000000002e170                rpl_parents
                0x000000000002e184                rpl_children
 .data          0x000000000002e188        0x0 obj_cooja/mtype896.a(rpl-ext-header.)
 .data          0x000000000002e188       0x34 obj_cooja/mtype896.a(rpl-icmp6.o)
 .data          0x000000000002e1bc       0x1c obj_cooja/mtype896.a(rpl-ltmax.o)
                0x000000000002e1bc                rpl_ltmax_of
 .data          0x000000000002e1d8        0x0 obj_cooja/mtype896.a(rpl-timers.o)
 .data          0x000000000002e1d8        0x0 obj_cooja/mtype896.a(rpl.o)
 .data          0x000000000002e1d8        0x0 obj_cooja/mtype896.a(framer-802154.o)
 .data          0x000000000002e1d8        0x0 obj_cooja/mtype896.a(nullmac.o)
 .data          0x000000000002e1d8       0x20 obj_cooja/mtype896.a(cxmac.o)
                0x000000000002e1d8                cxmac_config
 .data          0x000000000002e1f8        0x0 obj_cooja/mtype896.a(linkaddr.o)
 .data          0x000000000002e1f8       0x10 obj_cooja/mtype896.a(nbr-table.o)
 .data          0x000000000002e208        0x0 obj_cooja/mtype896.a(netstack.o)
 .data          0x000000000002e208        0x4 obj_cooja/mtype896.a(packetbuf.o)
 .data          0x000000000002e20c       0x18 obj_cooja/mtype896.a(queuebuf.o)
 .data          0x000000000002e224        0x0 obj_cooja/mtype896.a(nullsec.o)
 .data          0x000000000002e224        0x0 obj_cooja/mtype896.a(watchdog.o)
 .data          0x000000000002e224        0x0 obj_cooja/mtype896.a(rimestats.o)
 .data          0x000000000002e224        0x0 obj_cooja/mtype896.a(leds.o)
 .data          0x000000000002e224        0x0 obj_cooja/mtype896.a(stimer.o)
 .data          0x000000000002e224        0x0 obj_cooja/mtype896.a(memb.o)
 .data          0x000000000002e224       0x44 obj_cooja/mtype896.a(uip-ds6-route.o)
                0x000000000002e234                nbr_routes
 .data          0x000000000002e268       0x20 obj_cooja/mtype896.a(uip-icmp6.o)
 .data          0x000000000002e288        0x0 obj_cooja/mtype896.a(uip-nd6.o)
 .data          0x000000000002e288        0x0 obj_cooja/mtype896.a(rpl-nbr-policy.)
 .data          0x000000000002e288        0x2 obj_cooja/mtype896.a(frame802154.o)
 .data          0x000000000002e28a        0x0 obj_cooja/mtype896.a(mac.o)
 .data          0x000000000002e28a        0x0 /usr/lib/gcc/i686-linux-gnu/4.8/crtendS.o
 .data          0x000000000002e28a        0x0 /usr/lib/gcc/i686-linux-gnu/4.8/../../../i386-linux-gnu/crtn.o

.tm_clone_table
                0x000000000002e28c        0x0
 .tm_clone_table
                0x000000000002e28c        0x0 /usr/lib/gcc/i686-linux-gnu/4.8/crtbeginS.o
 .tm_clone_table
                0x000000000002e28c        0x0 /usr/lib/gcc/i686-linux-gnu/4.8/crtendS.o

.data1
 *(.data1)
                0x000000000002e28c                _edata = .
                0x000000000002e28c                PROVIDE (edata, .)
                0x000000000002e28c                . = .
                0x000000000002e28c                __bss_start = .

.bss            0x000000000002e2a0     0x8228
 *(.dynbss)
 .dynbss        0x0000000000000000        0x0 /usr/lib/gcc/i686-linux-gnu/4.8/../../../i386-linux-gnu/crti.o
 *(.bss .bss.* .gnu.linkonce.b.*)
 .bss           0x000000000002e2a0        0x0 /usr/lib/gcc/i686-linux-gnu/4.8/../../../i386-linux-gnu/crti.o
 .bss           0x000000000002e2a0        0x1 /usr/lib/gcc/i686-linux-gnu/4.8/crtbeginS.o
 *fill*         0x000000000002e2a1        0x3 
 .bss           0x000000000002e2a4        0x8 udp-server.co
                0x000000000002e2a4                my_weight
 *fill*         0x000000000002e2ac       0x14 
 .bss           0x000000000002e2c0     0x2030 obj_cooja/mtype896.o
 .bss           0x00000000000302f0        0x1 obj_cooja/mtype896.a(simEnvChange.o)
                0x00000000000302f0                simDontFallAsleep
 *fill*         0x00000000000302f1        0x3 
 .bss           0x00000000000302f4        0x4 obj_cooja/mtype896.a(cooja_mt.o)
 .bss           0x00000000000302f8        0x4 obj_cooja/mtype896.a(cooja_mtarch.o)
 .bss           0x00000000000302fc        0xc obj_cooja/mtype896.a(rtimer-arch.o)
 .bss           0x0000000000030308        0x0 obj_cooja/mtype896.a(beep.o)
 .bss           0x0000000000030308        0x8 obj_cooja/mtype896.a(button-sensor.o)
 .bss           0x0000000000030310        0x0 obj_cooja/mtype896.a(leds-arch.o)
 .bss           0x0000000000030310        0x0 obj_cooja/mtype896.a(moteid.o)
 .bss           0x0000000000030310        0x1 obj_cooja/mtype896.a(pir-sensor.o)
                0x0000000000030310                simPirValue
 *fill*         0x0000000000030311        0x3 
 .bss           0x0000000000030314        0x4 obj_cooja/mtype896.a(rs232.o)
 .bss           0x0000000000030318        0x1 obj_cooja/mtype896.a(vib-sensor.o)
                0x0000000000030318                simVibValue
 .bss           0x0000000000030319        0x0 obj_cooja/mtype896.a(clock.o)
 *fill*         0x0000000000030319        0x7 
 .bss           0x0000000000030320      0x420 obj_cooja/mtype896.a(log.o)
 .bss           0x0000000000030740      0xfc0 obj_cooja/mtype896.a(cfs-cooja.o)
                0x0000000000030740                simCFSData
                0x00000000000316e0                simCFSSize
                0x00000000000316e4                simCFSChanged
                0x00000000000316e8                simCFSRead
                0x00000000000316ec                simCFSWritten
 .bss           0x0000000000031700       0x24 obj_cooja/mtype896.a(cooja-radio.o)
                0x0000000000031700                simReceivingLR
                0x0000000000031704                simInSizeLR
                0x0000000000031708                simOutSizeLR
                0x000000000003170c                simReceiving
                0x0000000000031710                simInSize
                0x0000000000031714                simOutSize
                0x0000000000031718                LongRangeTransmit
                0x000000000003171c                LongRangeReceiving
 .bss           0x0000000000031724        0xc obj_cooja/mtype896.a(eeprom.o)
                0x0000000000031724                simEEPROMChanged
                0x0000000000031728                simEEPROMRead
                0x000000000003172c                simEEPROMWritten
 .bss           0x0000000000031730        0x0 obj_cooja/mtype896.a(random.o)
 .bss           0x0000000000031730        0xc obj_cooja/mtype896.a(sensors.o)
 .bss           0x000000000003173c       0x28 obj_cooja/mtype896.a(dual_conf.o)
                0x000000000003173c                long_range_radio
 .bss           0x0000000000031764        0x0 obj_cooja/mtype896.a(autostart.o)
 .bss           0x0000000000031764        0x5 obj_cooja/mtype896.a(ctimer.o)
 *fill*         0x0000000000031769        0x3 
 .bss           0x000000000003176c        0x8 obj_cooja/mtype896.a(etimer.o)
 .bss           0x0000000000031774        0x0 obj_cooja/mtype896.a(log_message.o)
 *fill*         0x0000000000031774        0xc 
 .bss           0x0000000000031780      0x1b1 obj_cooja/mtype896.a(process.o)
                0x0000000000031780                process_list
                0x0000000000031784                process_current
 .bss           0x0000000000031931        0x0 obj_cooja/mtype896.a(residual.o)
 *fill*         0x0000000000031931        0x3 
 .bss           0x0000000000031934        0x4 obj_cooja/mtype896.a(rtimer.o)
 .bss           0x0000000000031938        0x0 obj_cooja/mtype896.a(timer.o)
 *fill*         0x0000000000031938        0x8 
 .bss           0x0000000000031940      0x140 obj_cooja/mtype896.a(serial-line.o)
 .bss           0x0000000000031a80        0x0 obj_cooja/mtype896.a(list.o)
 .bss           0x0000000000031a80        0x0 obj_cooja/mtype896.a(ringbuf.o)
 .bss           0x0000000000031a80      0x70c obj_cooja/mtype896.a(sicslowpan.o)
 *fill*         0x000000000003218c       0x14 
 .bss           0x00000000000321a0       0xc0 obj_cooja/mtype896.a(uip-ds6-nbr.o)
 .bss           0x0000000000032260       0x30 obj_cooja/mtype896.a(uip-ds6.o)
 .bss           0x0000000000032290        0xe obj_cooja/mtype896.a(uip6.o)
                0x0000000000032290                uip_ext_bitmap
                0x0000000000032291                uip_ext_len
                0x0000000000032292                uip_ext_opt_offset
 *fill*         0x000000000003229e        0x2 
 .bss           0x00000000000322a0       0x6b obj_cooja/mtype896.a(tcpip.o)
 .bss           0x000000000003230b        0x0 obj_cooja/mtype896.a(uip-debug.o)
 *fill*         0x000000000003230b       0x15 
 .bss           0x0000000000032320      0xcf8 obj_cooja/mtype896.a(uip-packetqueue)
 *fill*         0x0000000000033018        0x8 
 .bss           0x0000000000033020       0x88 obj_cooja/mtype896.a(rpl-dag.o)
 .bss           0x00000000000330a8        0x0 obj_cooja/mtype896.a(rpl-ext-header.)
 .bss           0x00000000000330a8        0x0 obj_cooja/mtype896.a(rpl-icmp6.o)
 .bss           0x00000000000330a8        0x0 obj_cooja/mtype896.a(rpl-ltmax.o)
 *fill*         0x00000000000330a8       0x18 
 .bss           0x00000000000330c0       0x23 obj_cooja/mtype896.a(rpl-timers.o)
 *fill*         0x00000000000330e3        0x1 
 .bss           0x00000000000330e4        0x4 obj_cooja/mtype896.a(rpl.o)
 .bss           0x00000000000330e8        0x2 obj_cooja/mtype896.a(framer-802154.o)
 .bss           0x00000000000330ea        0x0 obj_cooja/mtype896.a(nullmac.o)
 *fill*         0x00000000000330ea       0x16 
 .bss           0x0000000000033100       0xa0 obj_cooja/mtype896.a(cxmac.o)
 .bss           0x00000000000331a0        0x0 obj_cooja/mtype896.a(linkaddr.o)
 .bss           0x00000000000331a0       0xc4 obj_cooja/mtype896.a(nbr-table.o)
 .bss           0x0000000000033264        0x0 obj_cooja/mtype896.a(netstack.o)
 *fill*         0x0000000000033264       0x1c 
 .bss           0x0000000000033280       0xa0 obj_cooja/mtype896.a(packetbuf.o)
 .bss           0x0000000000033320      0xb80 obj_cooja/mtype896.a(queuebuf.o)
 .bss           0x0000000000033ea0        0x0 obj_cooja/mtype896.a(nullsec.o)
 .bss           0x0000000000033ea0        0x0 obj_cooja/mtype896.a(watchdog.o)
 .bss           0x0000000000033ea0        0x0 obj_cooja/mtype896.a(rimestats.o)
 .bss           0x0000000000033ea0        0x1 obj_cooja/mtype896.a(leds.o)
 .bss           0x0000000000033ea1        0x0 obj_cooja/mtype896.a(stimer.o)
 .bss           0x0000000000033ea1        0x0 obj_cooja/mtype896.a(memb.o)
 *fill*         0x0000000000033ea1       0x1f 
 .bss           0x0000000000033ec0      0x4a8 obj_cooja/mtype896.a(uip-ds6-route.o)
 .bss           0x0000000000034368       0x18 obj_cooja/mtype896.a(uip-icmp6.o)
 .bss           0x0000000000034380        0x0 obj_cooja/mtype896.a(uip-nd6.o)
 .bss           0x0000000000034380       0x44 obj_cooja/mtype896.a(rpl-nbr-policy.)
 .bss           0x00000000000343c4        0x0 obj_cooja/mtype896.a(frame802154.o)
 .bss           0x00000000000343c4        0x0 obj_cooja/mtype896.a(mac.o)
 .bss           0x00000000000343c4        0x0 /usr/lib/gcc/i686-linux-gnu/4.8/crtendS.o
 .bss           0x00000000000343c4        0x0 /usr/lib/gcc/i686-linux-gnu/4.8/../../../i386-linux-gnu/crtn.o
 *(COMMON)
 COMMON         0x00000000000343c4        0x4 udp-server.co
                0x00000000000343c4                my_sink_reachability
                0x00000000000343c5                long_duty_on
                0x00000000000343c6                my_parent_number
                0x00000000000343c7                short_duty_on
 COMMON         0x00000000000343c8       0x4c obj_cooja/mtype896.o
                0x00000000000343c8                dio_count
                0x00000000000343cc                dis_count
                0x00000000000343d0                collision_count
                0x00000000000343d4                transmission_count
                0x00000000000343d8                COOJA_radioRxLong
                0x00000000000343dc                control_message_count
                0x00000000000343e0                dao_count
                0x00000000000343e4                COOJA_radioTx
                0x00000000000343e8                referenceVar
                0x00000000000343ec                data_relay_count
                0x00000000000343f0                data_message_count
                0x00000000000343f4                COOJA_radioTxLong
                0x00000000000343f8                COOJA_radioRx
                0x00000000000343fc                debugfp
                0x0000000000034400                COOJA_radioOn
                0x0000000000034404                COOJA_duration
                0x0000000000034408                dio_ack_count
                0x000000000003440c                COOJA_radioOnLong
                0x0000000000034410                sensors_flags
 COMMON         0x0000000000034414        0xc obj_cooja/mtype896.a(simEnvChange.o)
                0x0000000000034414                simEtimerPending
                0x0000000000034418                simProcessRunValue
                0x000000000003441c                simNextExpirationTime
 COMMON         0x0000000000034420        0x1 obj_cooja/mtype896.a(beep.o)
                0x0000000000034420                simBeeped
 COMMON         0x0000000000034421        0x3 obj_cooja/mtype896.a(button-sensor.o)
                0x0000000000034421                simButtonIsActive
                0x0000000000034422                simButtonIsDown
                0x0000000000034423                simButtonChanged
 COMMON         0x0000000000034424        0x1 obj_cooja/mtype896.a(leds-arch.o)
                0x0000000000034424                simLedsValue
 *fill*         0x0000000000034425        0x3 
 COMMON         0x0000000000034428        0xc obj_cooja/mtype896.a(moteid.o)
                0x0000000000034428                simRandomSeed
                0x000000000003442c                simMoteIDChanged
                0x0000000000034430                simMoteID
 COMMON         0x0000000000034434        0x2 obj_cooja/mtype896.a(pir-sensor.o)
                0x0000000000034434                simPirIsActive
                0x0000000000034435                simPirChanged
 *fill*         0x0000000000034436        0xa 
 COMMON         0x0000000000034440      0x820 obj_cooja/mtype896.a(rs232.o)
                0x0000000000034440                simSerialReceivingFlag
                0x0000000000034444                simSerialReceivingLength
                0x0000000000034460                simSerialReceivingData
 COMMON         0x0000000000034c60        0x2 obj_cooja/mtype896.a(vib-sensor.o)
                0x0000000000034c60                simVibChanged
                0x0000000000034c61                simVibIsActive
 *fill*         0x0000000000034c62        0x2 
 COMMON         0x0000000000034c64        0x4 obj_cooja/mtype896.a(clock.o)
                0x0000000000034c64                simCurrentTime
 *fill*         0x0000000000034c68       0x18 
 COMMON         0x0000000000034c80      0x420 obj_cooja/mtype896.a(log.o)
                0x0000000000034c80                simLoggedLength
                0x0000000000034c84                simLoggedFlag
                0x0000000000034ca0                simLoggedData
 COMMON         0x00000000000350a0      0x240 obj_cooja/mtype896.a(cooja-radio.o)
                0x00000000000350a0                simOutDataBuffer
                0x0000000000035120                simRadioTarget
                0x0000000000035140                simInDataBufferLR
                0x00000000000351c0                simOutDataBufferLR
                0x0000000000035240                dual_duty_cycle_count
                0x0000000000035260                simInDataBuffer
 COMMON         0x00000000000352e0      0x400 obj_cooja/mtype896.a(eeprom.o)
                0x00000000000352e0                simEEPROMData
 COMMON         0x00000000000356e0        0x1 obj_cooja/mtype896.a(sensors.o)
                0x00000000000356e0                sensors_event
 *fill*         0x00000000000356e1        0x3 
 COMMON         0x00000000000356e4        0x4 obj_cooja/mtype896.a(log_message.o)
                0x00000000000356e4                log_fp
 COMMON         0x00000000000356e8        0x1 obj_cooja/mtype896.a(serial-line.o)
                0x00000000000356e8                serial_line_event_message
 *fill*         0x00000000000356e9       0x17 
 COMMON         0x0000000000035700      0x298 obj_cooja/mtype896.a(uip-ds6.o)
                0x0000000000035700                uip_ds6_prefix_list
                0x0000000000035760                uip_ds6_timer_periodic
                0x0000000000035770                uip_ds6_netif_addr_list_offset
                0x0000000000035780                uip_ds6_if
                0x0000000000035878                uip_ds6_timer_ra
                0x0000000000035880                uip_ds6_addr_size
                0x00000000000358a0                long_uip_ds6_if
 *fill*         0x0000000000035998        0x8 
 COMMON         0x00000000000359a0      0x8ec obj_cooja/mtype896.a(uip6.o)
                0x00000000000359a0                uip_slen
                0x00000000000359a2                uip_acc32
                0x00000000000359c0                uip_conns
                0x0000000000035a80                uip_lladdr
                0x0000000000035a88                uip_appdata
                0x0000000000035a8c                uip_flags
                0x0000000000035aa0                uip_aligned_buf
                0x00000000000360e0                uip_listenports
                0x00000000000360f0                uip_len
                0x00000000000360f2                uip_long_lladdr
                0x00000000000360fc                uip_sappdata
                0x0000000000036100                uip_udp_conns
                0x0000000000036280                uip_udp_conn
                0x0000000000036284                uip_next_hdr
                0x0000000000036288                uip_conn
 COMMON         0x000000000003628c        0x1 obj_cooja/mtype896.a(tcpip.o)
                0x000000000003628c                tcpip_event
 *fill*         0x000000000003628d       0x13 
 COMMON         0x00000000000362a0      0x198 obj_cooja/mtype896.a(rpl-dag.o)
                0x00000000000362a0                default_instance
                0x00000000000362c0                instance_table
 COMMON         0x0000000000036438        0x8 obj_cooja/mtype896.a(linkaddr.o)
                0x0000000000036438                linkaddr_node_addr
 COMMON         0x0000000000036440       0x2e obj_cooja/mtype896.a(packetbuf.o)
                0x0000000000036440                packetbuf_attrs
                0x000000000003645e                packetbuf_addrs
 *fill*         0x000000000003646e       0x12 
 COMMON         0x0000000000036480       0x48 obj_cooja/mtype896.a(rimestats.o)
                0x0000000000036480                rimestats
                0x00000000000364c8                . = ALIGN ((. != 0x0)?0x4:0x1)
                0x00000000000364c8                . = ALIGN (0x4)
                0x00000000000364c8                . = SEGMENT_START ("ldata-segment", .)
                0x00000000000364c8                . = ALIGN (0x4)
                0x00000000000364c8                _end = .
                0x00000000000364c8                PROVIDE (end, .)
                0x00000000000364c8                . = DATA_SEGMENT_END (.)

.stab
 *(.stab)

.stabstr
 *(.stabstr)

.stab.excl
 *(.stab.excl)

.stab.exclstr
 *(.stab.exclstr)

.stab.index
 *(.stab.index)

.stab.indexstr
 *(.stab.indexstr)

.comment        0x0000000000000000       0x29
 *(.comment)
 .comment       0x0000000000000000       0x29 /usr/lib/gcc/i686-linux-gnu/4.8/crtbeginS.o
                                         0x2a (size before relaxing)
 .comment       0x0000000000000000       0x2a udp-server.co
 .comment       0x0000000000000000       0x2a obj_cooja/mtype896.o
 .comment       0x0000000000000000       0x2a obj_cooja/mtype896.a(simEnvChange.o)
 .comment       0x0000000000000000       0x2a obj_cooja/mtype896.a(cooja_mt.o)
 .comment       0x0000000000000000       0x2a obj_cooja/mtype896.a(cooja_mtarch.o)
 .comment       0x0000000000000000       0x2a obj_cooja/mtype896.a(rtimer-arch.o)
 .comment       0x0000000000000000       0x2a obj_cooja/mtype896.a(beep.o)
 .comment       0x0000000000000000       0x2a obj_cooja/mtype896.a(button-sensor.o)
 .comment       0x0000000000000000       0x2a obj_cooja/mtype896.a(leds-arch.o)
 .comment       0x0000000000000000       0x2a obj_cooja/mtype896.a(moteid.o)
 .comment       0x0000000000000000       0x2a obj_cooja/mtype896.a(pir-sensor.o)
 .comment       0x0000000000000000       0x2a obj_cooja/mtype896.a(rs232.o)
 .comment       0x0000000000000000       0x2a obj_cooja/mtype896.a(vib-sensor.o)
 .comment       0x0000000000000000       0x2a obj_cooja/mtype896.a(clock.o)
 .comment       0x0000000000000000       0x2a obj_cooja/mtype896.a(log.o)
 .comment       0x0000000000000000       0x2a obj_cooja/mtype896.a(cfs-cooja.o)
 .comment       0x0000000000000000       0x2a obj_cooja/mtype896.a(cooja-radio.o)
 .comment       0x0000000000000000       0x2a obj_cooja/mtype896.a(eeprom.o)
 .comment       0x0000000000000000       0x2a obj_cooja/mtype896.a(random.o)
 .comment       0x0000000000000000       0x2a obj_cooja/mtype896.a(sensors.o)
 .comment       0x0000000000000000       0x2a obj_cooja/mtype896.a(dual_conf.o)
 .comment       0x0000000000000000       0x2a obj_cooja/mtype896.a(autostart.o)
 .comment       0x0000000000000000       0x2a obj_cooja/mtype896.a(ctimer.o)
 .comment       0x0000000000000000       0x2a obj_cooja/mtype896.a(etimer.o)
 .comment       0x0000000000000000       0x2a obj_cooja/mtype896.a(log_message.o)
 .comment       0x0000000000000000       0x2a obj_cooja/mtype896.a(process.o)
 .comment       0x0000000000000000       0x2a obj_cooja/mtype896.a(residual.o)
 .comment       0x0000000000000000       0x2a obj_cooja/mtype896.a(rtimer.o)
 .comment       0x0000000000000000       0x2a obj_cooja/mtype896.a(timer.o)
 .comment       0x0000000000000000       0x2a obj_cooja/mtype896.a(serial-line.o)
 .comment       0x0000000000000000       0x2a obj_cooja/mtype896.a(list.o)
 .comment       0x0000000000000000       0x2a obj_cooja/mtype896.a(ringbuf.o)
 .comment       0x0000000000000000       0x2a obj_cooja/mtype896.a(sicslowpan.o)
 .comment       0x0000000000000000       0x2a obj_cooja/mtype896.a(uip-ds6-nbr.o)
 .comment       0x0000000000000000       0x2a obj_cooja/mtype896.a(uip-ds6.o)
 .comment       0x0000000000000000       0x2a obj_cooja/mtype896.a(uip6.o)
 .comment       0x0000000000000000       0x2a obj_cooja/mtype896.a(tcpip.o)
 .comment       0x0000000000000000       0x2a obj_cooja/mtype896.a(uip-debug.o)
 .comment       0x0000000000000000       0x2a obj_cooja/mtype896.a(uip-packetqueue)
 .comment       0x0000000000000000       0x2a obj_cooja/mtype896.a(rpl-dag.o)
 .comment       0x0000000000000000       0x2a obj_cooja/mtype896.a(rpl-ext-header.)
 .comment       0x0000000000000000       0x2a obj_cooja/mtype896.a(rpl-icmp6.o)
 .comment       0x0000000000000000       0x2a obj_cooja/mtype896.a(rpl-ltmax.o)
 .comment       0x0000000000000000       0x2a obj_cooja/mtype896.a(rpl-timers.o)
 .comment       0x0000000000000000       0x2a obj_cooja/mtype896.a(rpl.o)
 .comment       0x0000000000000000       0x2a obj_cooja/mtype896.a(framer-802154.o)
 .comment       0x0000000000000000       0x2a obj_cooja/mtype896.a(nullmac.o)
 .comment       0x0000000000000000       0x2a obj_cooja/mtype896.a(cxmac.o)
 .comment       0x0000000000000000       0x2a obj_cooja/mtype896.a(linkaddr.o)
 .comment       0x0000000000000000       0x2a obj_cooja/mtype896.a(nbr-table.o)
 .comment       0x0000000000000000       0x2a obj_cooja/mtype896.a(netstack.o)
 .comment       0x0000000000000000       0x2a obj_cooja/mtype896.a(packetbuf.o)
 .comment       0x0000000000000000       0x2a obj_cooja/mtype896.a(queuebuf.o)
 .comment       0x0000000000000000       0x2a obj_cooja/mtype896.a(nullsec.o)
 .comment       0x0000000000000000       0x2a obj_cooja/mtype896.a(watchdog.o)
 .comment       0x0000000000000000       0x2a obj_cooja/mtype896.a(rimestats.o)
 .comment       0x0000000000000000       0x2a obj_cooja/mtype896.a(leds.o)
 .comment       0x0000000000000000       0x2a obj_cooja/mtype896.a(stimer.o)
 .comment       0x0000000000000000       0x2a obj_cooja/mtype896.a(memb.o)
 .comment       0x0000000000000000       0x2a obj_cooja/mtype896.a(uip-ds6-route.o)
 .comment       0x0000000000000000       0x2a obj_cooja/mtype896.a(uip-icmp6.o)
 .comment       0x0000000000000000       0x2a obj_cooja/mtype896.a(uip-nd6.o)
 .comment       0x0000000000000000       0x2a obj_cooja/mtype896.a(rpl-nbr-policy.)
 .comment       0x0000000000000000       0x2a obj_cooja/mtype896.a(frame802154.o)
 .comment       0x0000000000000000       0x2a obj_cooja/mtype896.a(mac.o)
 .comment       0x0000000000000000       0x2a /usr/lib/gcc/i686-linux-gnu/4.8/crtendS.o

.debug
 *(.debug)

.line
 *(.line)

.debug_srcinfo
 *(.debug_srcinfo)

.debug_sfnames
 *(.debug_sfnames)

.debug_aranges  0x0000000000000000      0x818
 *(.debug_aranges)
 .debug_aranges
                0x0000000000000000       0x20 udp-server.co
 .debug_aranges
                0x0000000000000020       0x20 obj_cooja/mtype896.o
 .debug_aranges
                0x0000000000000040       0x20 obj_cooja/mtype896.a(simEnvChange.o)
 .debug_aranges
                0x0000000000000060       0x20 obj_cooja/mtype896.a(cooja_mt.o)
 .debug_aranges
                0x0000000000000080       0x20 obj_cooja/mtype896.a(cooja_mtarch.o)
 .debug_aranges
                0x00000000000000a0       0x20 obj_cooja/mtype896.a(rtimer-arch.o)
 .debug_aranges
                0x00000000000000c0       0x20 obj_cooja/mtype896.a(beep.o)
 .debug_aranges
                0x00000000000000e0       0x20 obj_cooja/mtype896.a(button-sensor.o)
 .debug_aranges
                0x0000000000000100       0x20 obj_cooja/mtype896.a(leds-arch.o)
 .debug_aranges
                0x0000000000000120       0x20 obj_cooja/mtype896.a(moteid.o)
 .debug_aranges
                0x0000000000000140       0x20 obj_cooja/mtype896.a(pir-sensor.o)
 .debug_aranges
                0x0000000000000160       0x20 obj_cooja/mtype896.a(rs232.o)
 .debug_aranges
                0x0000000000000180       0x20 obj_cooja/mtype896.a(vib-sensor.o)
 .debug_aranges
                0x00000000000001a0       0x20 obj_cooja/mtype896.a(clock.o)
 .debug_aranges
                0x00000000000001c0       0x20 obj_cooja/mtype896.a(log.o)
 .debug_aranges
                0x00000000000001e0       0x20 obj_cooja/mtype896.a(cfs-cooja.o)
 .debug_aranges
                0x0000000000000200       0x20 obj_cooja/mtype896.a(cooja-radio.o)
 .debug_aranges
                0x0000000000000220       0x20 obj_cooja/mtype896.a(eeprom.o)
 .debug_aranges
                0x0000000000000240       0x20 obj_cooja/mtype896.a(random.o)
 .debug_aranges
                0x0000000000000260       0x20 obj_cooja/mtype896.a(sensors.o)
 .debug_aranges
                0x0000000000000280       0x20 obj_cooja/mtype896.a(dual_conf.o)
 .debug_aranges
                0x00000000000002a0       0x20 obj_cooja/mtype896.a(autostart.o)
 .debug_aranges
                0x00000000000002c0       0x20 obj_cooja/mtype896.a(ctimer.o)
 .debug_aranges
                0x00000000000002e0       0x20 obj_cooja/mtype896.a(etimer.o)
 .debug_aranges
                0x0000000000000300       0x20 obj_cooja/mtype896.a(log_message.o)
 .debug_aranges
                0x0000000000000320       0x20 obj_cooja/mtype896.a(process.o)
 .debug_aranges
                0x0000000000000340       0x20 obj_cooja/mtype896.a(residual.o)
 .debug_aranges
                0x0000000000000360       0x20 obj_cooja/mtype896.a(rtimer.o)
 .debug_aranges
                0x0000000000000380       0x20 obj_cooja/mtype896.a(timer.o)
 .debug_aranges
                0x00000000000003a0       0x20 obj_cooja/mtype896.a(serial-line.o)
 .debug_aranges
                0x00000000000003c0       0x20 obj_cooja/mtype896.a(list.o)
 .debug_aranges
                0x00000000000003e0       0x20 obj_cooja/mtype896.a(ringbuf.o)
 .debug_aranges
                0x0000000000000400       0x20 obj_cooja/mtype896.a(sicslowpan.o)
 .debug_aranges
                0x0000000000000420       0x20 obj_cooja/mtype896.a(uip-ds6-nbr.o)
 .debug_aranges
                0x0000000000000440       0x20 obj_cooja/mtype896.a(uip-ds6.o)
 .debug_aranges
                0x0000000000000460       0x20 obj_cooja/mtype896.a(uip6.o)
 .debug_aranges
                0x0000000000000480       0x20 obj_cooja/mtype896.a(tcpip.o)
 .debug_aranges
                0x00000000000004a0       0x20 obj_cooja/mtype896.a(uip-debug.o)
 .debug_aranges
                0x00000000000004c0       0x20 obj_cooja/mtype896.a(uip-packetqueue)
 .debug_aranges
                0x00000000000004e0       0x20 obj_cooja/mtype896.a(rpl-dag.o)
 .debug_aranges
                0x0000000000000500       0x20 obj_cooja/mtype896.a(rpl-ext-header.)
 .debug_aranges
                0x0000000000000520       0x20 obj_cooja/mtype896.a(rpl-icmp6.o)
 .debug_aranges
                0x0000000000000540       0x20 obj_cooja/mtype896.a(rpl-ltmax.o)
 .debug_aranges
                0x0000000000000560       0x20 obj_cooja/mtype896.a(rpl-timers.o)
 .debug_aranges
                0x0000000000000580       0x20 obj_cooja/mtype896.a(rpl.o)
 .debug_aranges
                0x00000000000005a0       0x20 obj_cooja/mtype896.a(framer-802154.o)
 .debug_aranges
                0x00000000000005c0       0x20 obj_cooja/mtype896.a(nullmac.o)
 .debug_aranges
                0x00000000000005e0       0x20 obj_cooja/mtype896.a(cxmac.o)
 .debug_aranges
                0x0000000000000600       0x20 obj_cooja/mtype896.a(linkaddr.o)
 .debug_aranges
                0x0000000000000620       0x20 obj_cooja/mtype896.a(nbr-table.o)
 .debug_aranges
                0x0000000000000640       0x20 obj_cooja/mtype896.a(netstack.o)
 .debug_aranges
                0x0000000000000660       0x20 obj_cooja/mtype896.a(packetbuf.o)
 .debug_aranges
                0x0000000000000680       0x20 obj_cooja/mtype896.a(queuebuf.o)
 .debug_aranges
                0x00000000000006a0       0x20 obj_cooja/mtype896.a(nullsec.o)
 .debug_aranges
                0x00000000000006c0       0x20 obj_cooja/mtype896.a(watchdog.o)
 .debug_aranges
                0x00000000000006e0       0x18 obj_cooja/mtype896.a(rimestats.o)
 .debug_aranges
                0x00000000000006f8       0x20 obj_cooja/mtype896.a(leds.o)
 .debug_aranges
                0x0000000000000718       0x20 obj_cooja/mtype896.a(stimer.o)
 .debug_aranges
                0x0000000000000738       0x20 obj_cooja/mtype896.a(memb.o)
 .debug_aranges
                0x0000000000000758       0x20 obj_cooja/mtype896.a(uip-ds6-route.o)
 .debug_aranges
                0x0000000000000778       0x20 obj_cooja/mtype896.a(uip-icmp6.o)
 .debug_aranges
                0x0000000000000798       0x20 obj_cooja/mtype896.a(uip-nd6.o)
 .debug_aranges
                0x00000000000007b8       0x20 obj_cooja/mtype896.a(rpl-nbr-policy.)
 .debug_aranges
                0x00000000000007d8       0x20 obj_cooja/mtype896.a(frame802154.o)
 .debug_aranges
                0x00000000000007f8       0x20 obj_cooja/mtype896.a(mac.o)

.debug_pubnames
 *(.debug_pubnames)

.debug_info     0x0000000000000000    0x1d061
 *(.debug_info .gnu.linkonce.wi.*)
 .debug_info    0x0000000000000000      0xe6d udp-server.co
 .debug_info    0x0000000000000e6d     0x3a5f obj_cooja/mtype896.o
 .debug_info    0x00000000000048cc      0x15a obj_cooja/mtype896.a(simEnvChange.o)
 .debug_info    0x0000000000004a26      0x1e2 obj_cooja/mtype896.a(cooja_mt.o)
 .debug_info    0x0000000000004c08      0x2e7 obj_cooja/mtype896.a(cooja_mtarch.o)
 .debug_info    0x0000000000004eef      0x16b obj_cooja/mtype896.a(rtimer-arch.o)
 .debug_info    0x000000000000505a      0x1f3 obj_cooja/mtype896.a(beep.o)
 .debug_info    0x000000000000524d      0x257 obj_cooja/mtype896.a(button-sensor.o)
 .debug_info    0x00000000000054a4      0x132 obj_cooja/mtype896.a(leds-arch.o)
 .debug_info    0x00000000000055d6      0x10a obj_cooja/mtype896.a(moteid.o)
 .debug_info    0x00000000000056e0      0x216 obj_cooja/mtype896.a(pir-sensor.o)
 .debug_info    0x00000000000058f6      0x21e obj_cooja/mtype896.a(rs232.o)
 .debug_info    0x0000000000005b14      0x216 obj_cooja/mtype896.a(vib-sensor.o)
 .debug_info    0x0000000000005d2a      0x152 obj_cooja/mtype896.a(clock.o)
 .debug_info    0x0000000000005e7c      0x2bb obj_cooja/mtype896.a(log.o)
 .debug_info    0x0000000000006137      0x3cf obj_cooja/mtype896.a(cfs-cooja.o)
 .debug_info    0x0000000000006506      0xd52 obj_cooja/mtype896.a(cooja-radio.o)
 .debug_info    0x0000000000007258      0x1d5 obj_cooja/mtype896.a(eeprom.o)
 .debug_info    0x000000000000742d       0xb3 obj_cooja/mtype896.a(random.o)
 .debug_info    0x00000000000074e0      0x36d obj_cooja/mtype896.a(sensors.o)
 .debug_info    0x000000000000784d      0xcce obj_cooja/mtype896.a(dual_conf.o)
 .debug_info    0x000000000000851b      0x1a5 obj_cooja/mtype896.a(autostart.o)
 .debug_info    0x00000000000086c0      0x46c obj_cooja/mtype896.a(ctimer.o)
 .debug_info    0x0000000000008b2c      0x49c obj_cooja/mtype896.a(etimer.o)
 .debug_info    0x0000000000008fc8      0x3d2 obj_cooja/mtype896.a(log_message.o)