Archive member included to satisfy reference by file (symbol)

obj_cooja/mtype37.a(simEnvChange.o)
                              obj_cooja/mtype37.o (simDontFallAsleep)
obj_cooja/mtype37.a(cooja_mt.o)
                              obj_cooja/mtype37.o (cooja_mt_start)
obj_cooja/mtype37.a(cooja_mtarch.o)
                              obj_cooja/mtype37.a(cooja_mt.o) (cooja_mtarch_init)
obj_cooja/mtype37.a(rtimer-arch.o)
                              obj_cooja/mtype37.o (rtimer_arch_next)
obj_cooja/mtype37.a(beep.o)   obj_cooja/mtype37.o (beep_interface)
obj_cooja/mtype37.a(button-sensor.o)
                              obj_cooja/mtype37.o (button_interface)
obj_cooja/mtype37.a(leds-arch.o)
                              obj_cooja/mtype37.o (leds_interface)
obj_cooja/mtype37.a(moteid.o)
                              obj_cooja/mtype37.o (moteid_interface)
obj_cooja/mtype37.a(pir-sensor.o)
                              obj_cooja/mtype37.o (pir_interface)
obj_cooja/mtype37.a(rs232.o)  obj_cooja/mtype37.o (rs232_interface)
obj_cooja/mtype37.a(vib-sensor.o)
                              obj_cooja/mtype37.o (vib_interface)
obj_cooja/mtype37.a(clock.o)  obj_cooja/mtype37.o (clock_interface)
obj_cooja/mtype37.a(log.o)    obj_cooja/mtype37.o (simlog_interface)
obj_cooja/mtype37.a(cfs-cooja.o)
                              obj_cooja/mtype37.o (cfs_interface)
obj_cooja/mtype37.a(cooja-radio.o)
                              obj_cooja/mtype37.o (radio_interface)
obj_cooja/mtype37.a(eeprom.o)
                              obj_cooja/mtype37.o (eeprom_interface)
obj_cooja/mtype37.a(random.o)
                              obj_cooja/mtype37.a(moteid.o) (random_init)
obj_cooja/mtype37.a(sensors.o)
                              udp-server.co (sensors_event)
obj_cooja/mtype37.a(leds.o)   obj_cooja/mtype37.a(cooja-radio.o) (leds_on)
obj_cooja/mtype37.a(dual_conf.o)
                              obj_cooja/mtype37.a(cooja-radio.o) (long_range_radio)
obj_cooja/mtype37.a(autostart.o)
                              obj_cooja/mtype37.o (autostart_start)
obj_cooja/mtype37.a(ctimer.o)
                              obj_cooja/mtype37.o (ctimer_init)
obj_cooja/mtype37.a(etimer.o)
                              obj_cooja/mtype37.o (etimer_process)
obj_cooja/mtype37.a(log_message.o)
                              obj_cooja/mtype37.o (log_initialization)
obj_cooja/mtype37.a(process.o)
                              udp-server.co (process_current)
obj_cooja/mtype37.a(residual.o)
                              obj_cooja/mtype37.o (get_residual_energy)
obj_cooja/mtype37.a(rtimer.o)
                              obj_cooja/mtype37.a(rtimer-arch.o) (rtimer_run_next)
obj_cooja/mtype37.a(timer.o)  obj_cooja/mtype37.a(button-sensor.o) (timer_set)
obj_cooja/mtype37.a(serial-line.o)
                              obj_cooja/mtype37.a(rs232.o) (serial_line_input_byte)
obj_cooja/mtype37.a(list.o)   obj_cooja/mtype37.a(ctimer.o) (list_init)
obj_cooja/mtype37.a(ringbuf.o)
                              obj_cooja/mtype37.a(serial-line.o) (ringbuf_init)
obj_cooja/mtype37.a(sicslowpan.o)
                              obj_cooja/mtype37.o (sicslowpan_driver)
obj_cooja/mtype37.a(uip-ds6-nbr.o)
                              obj_cooja/mtype37.a(sicslowpan.o) (uip_ds6_link_neighbor_callback)
obj_cooja/mtype37.a(uip-ds6.o)
                              udp-server.co (uip_ds6_if)
obj_cooja/mtype37.a(uip6.o)   obj_cooja/mtype37.o (uip_lladdr)
obj_cooja/mtype37.a(tcpip.o)  udp-server.co (tcpip_event)
obj_cooja/mtype37.a(uip-debug.o)
                              udp-server.co (uip_debug_ipaddr_print)
obj_cooja/mtype37.a(uip-packetqueue)
                              obj_cooja/mtype37.a(uip-ds6-nbr.o) (uip_packetqueue_new)
obj_cooja/mtype37.a(rpl-dag.o)
                              udp-server.co (rpl_set_root)
obj_cooja/mtype37.a(rpl-ext-header.)
                              obj_cooja/mtype37.a(uip6.o) (rpl_verify_header)
obj_cooja/mtype37.a(rpl-icmp6.o)
                              obj_cooja/mtype37.a(rpl-dag.o) (rpl_icmp6_update_nbr_table)
obj_cooja/mtype37.a(rpl-ltmax.o)
                              obj_cooja/mtype37.a(rpl-dag.o) (rpl_ltmax_of)
obj_cooja/mtype37.a(rpl-timers.o)
                              obj_cooja/mtype37.a(rpl-icmp6.o) (rpl_LSA_convergence_timer)
obj_cooja/mtype37.a(rpl.o)    obj_cooja/mtype37.a(rpl-icmp6.o) (rpl_get_mode)
obj_cooja/mtype37.a(csma.o)   udp-server.co (csma_driver)
obj_cooja/mtype37.a(framer-802154.o)
                              obj_cooja/mtype37.a(sicslowpan.o) (framer_802154)
obj_cooja/mtype37.a(mac.o)    obj_cooja/mtype37.a(csma.o) (mac_call_sent_callback)
obj_cooja/mtype37.a(cxmac.o)  obj_cooja/mtype37.o (cxmac_driver)
obj_cooja/mtype37.a(linkaddr.o)
                              obj_cooja/mtype37.o (linkaddr_node_addr)
obj_cooja/mtype37.a(nbr-table.o)
                              obj_cooja/mtype37.a(rpl-dag.o) (long_ip_from_lladdr_map)
obj_cooja/mtype37.a(netstack.o)
                              obj_cooja/mtype37.o (netstack_init)
[...]
Memory Configuration

Name             Origin             Length             Attributes
*default*        0x0000000000000000 0xffffffffffffffff

Linker script and memory map

LOAD /usr/lib/gcc/i686-linux-gnu/4.8/../../../i386-linux-gnu/crti.o
LOAD /usr/lib/gcc/i686-linux-gnu/4.8/crtbeginS.o
LOAD udp-server.co
LOAD obj_cooja/mtype37.o
LOAD obj_cooja/mtype37.a
LOAD /usr/lib/gcc/i686-linux-gnu/4.8/libgcc.a
LOAD /usr/lib/gcc/i686-linux-gnu/4.8/libgcc_s.so
LOAD /usr/lib/gcc/i686-linux-gnu/4.8/../../../i386-linux-gnu/libc.so
START GROUP
LOAD /lib/i386-linux-gnu/libc.so.6
LOAD /usr/lib/i386-linux-gnu/libc_nonshared.a
LOAD /lib/i386-linux-gnu/ld-linux.so.2
END GROUP
LOAD /usr/lib/gcc/i686-linux-gnu/4.8/libgcc.a
LOAD /usr/lib/gcc/i686-linux-gnu/4.8/libgcc_s.so
LOAD /usr/lib/gcc/i686-linux-gnu/4.8/crtendS.o
LOAD /usr/lib/gcc/i686-linux-gnu/4.8/../../../i386-linux-gnu/crtn.o
                0x0000000000000114                . = (0x0 + SIZEOF_HEADERS)

.note.gnu.build-id
                0x0000000000000114       0x24
 *(.note.gnu.build-id)
 .note.gnu.build-id
                0x0000000000000114       0x24 /usr/lib/gcc/i686-linux-gnu/4.8/../../../i386-linux-gnu/crti.o

.hash
 *(.hash)

.gnu.hash       0x0000000000000138     0x13ac
 *(.gnu.hash)
 .gnu.hash      0x0000000000000138     0x13ac /usr/lib/gcc/i686-linux-gnu/4.8/../../../i386-linux-gnu/crti.o

.dynsym         0x00000000000014e4     0x2710
 *(.dynsym)
 .dynsym        0x00000000000014e4     0x2710 /usr/lib/gcc/i686-linux-gnu/4.8/../../../i386-linux-gnu/crti.o

.dynstr         0x0000000000003bf4     0x281f
 *(.dynstr)
 .dynstr        0x0000000000003bf4     0x281f /usr/lib/gcc/i686-linux-gnu/4.8/../../../i386-linux-gnu/crti.o

.gnu.version    0x0000000000006414      0x4e2
 *(.gnu.version)
 .gnu.version   0x0000000000006414      0x4e2 /usr/lib/gcc/i686-linux-gnu/4.8/../../../i386-linux-gnu/crti.o

.gnu.version_d  0x00000000000068f8        0x0
 *(.gnu.version_d)
 .gnu.version_d
                0x0000000000000000        0x0 /usr/lib/gcc/i686-linux-gnu/4.8/../../../i386-linux-gnu/crti.o

.gnu.version_r  0x00000000000068f8       0x50
 *(.gnu.version_r)
 .gnu.version_r
                0x00000000000068f8       0x50 /usr/lib/gcc/i686-linux-gnu/4.8/../../../i386-linux-gnu/crti.o

.rel.dyn        0x0000000000006948     0x9df0
 *(.rel.init)
 .rel.init      0x0000000000000000        0x0 /usr/lib/gcc/i686-linux-gnu/4.8/../../../i386-linux-gnu/crti.o
 *(.rel.text .rel.text.* .rel.gnu.linkonce.t.*)
 .rel.text      0x0000000000006948     0x9600 /usr/lib/gcc/i686-linux-gnu/4.8/../../../i386-linux-gnu/crti.o
 *(.rel.fini)
 .rel.fini      0x0000000000000000        0x0 /usr/lib/gcc/i686-linux-gnu/4.8/../../../i386-linux-gnu/crti.o
 *(.rel.rodata .rel.rodata.* .rel.gnu.linkonce.r.*)
 .rel.rodata    0x000000000000ff48      0x4e0 /usr/lib/gcc/i686-linux-gnu/4.8/../../../i386-linux-gnu/crti.o
 *(.rel.data.rel.ro .rel.data.rel.ro.* .rel.gnu.linkonce.d.rel.ro.*)
 *(.rel.data .rel.data.* .rel.gnu.linkonce.d.*)
 .rel.data.rel  0x0000000000010428        0x8 /usr/lib/gcc/i686-linux-gnu/4.8/../../../i386-linux-gnu/crti.o
 .rel.data      0x0000000000010430      0x2d0 /usr/lib/gcc/i686-linux-gnu/4.8/../../../i386-linux-gnu/crti.o
 *(.rel.tdata .rel.tdata.* .rel.gnu.linkonce.td.*)
 *(.rel.tbss .rel.tbss.* .rel.gnu.linkonce.tb.*)
 *(.rel.ctors)
 *(.rel.dtors)
 *(.rel.got)
 .rel.got       0x0000000000010700       0x28 /usr/lib/gcc/i686-linux-gnu/4.8/../../../i386-linux-gnu/crti.o
 *(.rel.bss .rel.bss.* .rel.gnu.linkonce.b.*)
 *(.rel.ifunc)
 .rel.ifunc     0x0000000000000000        0x0 /usr/lib/gcc/i686-linux-gnu/4.8/../../../i386-linux-gnu/crti.o
 .rel.fini_array
                0x0000000000010728        0x8 /usr/lib/gcc/i686-linux-gnu/4.8/../../../i386-linux-gnu/crti.o
 .rel.init_array
                0x0000000000010730        0x8 /usr/lib/gcc/i686-linux-gnu/4.8/../../../i386-linux-gnu/crti.o

.rel.plt        0x0000000000010738       0x10
 *(.rel.plt)
 .rel.plt       0x0000000000010738       0x10 /usr/lib/gcc/i686-linux-gnu/4.8/../../../i386-linux-gnu/crti.o
 *(.rel.iplt)

.init           0x0000000000010748       0x23
 *(SORT(.init))
 .init          0x0000000000010748       0x1e /usr/lib/gcc/i686-linux-gnu/4.8/../../../i386-linux-gnu/crti.o
                0x0000000000010748                _init
 .init          0x0000000000010766        0x5 /usr/lib/gcc/i686-linux-gnu/4.8/../../../i386-linux-gnu/crtn.o

.plt            0x0000000000010770       0x30
 *(.plt)
 .plt           0x0000000000010770       0x30 /usr/lib/gcc/i686-linux-gnu/4.8/../../../i386-linux-gnu/crti.o
 *(.iplt)

.text           0x00000000000107a0    0x17b4a
 *(.text.unlikely .text.*_unlikely .text.unlikely.*)
 *(.text.exit .text.exit.*)
 *(.text.startup .text.startup.*)
 *(.text.hot .text.hot.*)
 *(.text .stub .text.* .gnu.linkonce.t.*)
 .text          0x00000000000107a0        0x0 /usr/lib/gcc/i686-linux-gnu/4.8/../../../i386-linux-gnu/crti.o
 .gnu.linkonce.t.__x86.get_pc_thunk.bx
                0x00000000000107a0        0x4 /usr/lib/gcc/i686-linux-gnu/4.8/../../../i386-linux-gnu/crti.o
                0x00000000000107a0                __x86.get_pc_thunk.bx
 *fill*         0x00000000000107a4        0xc 
 .text          0x00000000000107b0      0x11b /usr/lib/gcc/i686-linux-gnu/4.8/crtbeginS.o
 .text          0x00000000000108cb      0x3ce udp-server.co
 .text          0x0000000000010c99      0x96a obj_cooja/mtype37.o
                0x0000000000010e47                contiki_init
                0x000000000001141a                Java_org_contikios_cooja_corecomm_Lib19_init
                0x000000000001145a                Java_org_contikios_cooja_corecomm_Lib19_getMemory
                0x000000000001149a                Java_org_contikios_cooja_corecomm_Lib19_setMemory
                0x0000000000011511                Java_org_contikios_cooja_corecomm_Lib19_tick
                0x00000000000115f1                Java_org_contikios_cooja_corecomm_Lib19_setReferenceAddress
 .text          0x0000000000011603       0x63 obj_cooja/mtype37.a(simEnvChange.o)
                0x0000000000011603                doActionsBeforeTick
                0x0000000000011634                doActionsAfterTick
 .text          0x0000000000011666       0xbc obj_cooja/mtype37.a(cooja_mt.o)
                0x0000000000011666                cooja_mt_init
                0x0000000000011673                cooja_mt_remove
                0x0000000000011680                cooja_mt_start
                0x00000000000116ad                cooja_mt_exec
                0x00000000000116de                cooja_mt_exit
                0x0000000000011700                cooja_mt_yield
 .text          0x0000000000011722      0x115 obj_cooja/mtype37.a(cooja_mtarch.o)
                0x0000000000011722                cooja_mtarch_init
                0x0000000000011727                cooja_mtarch_start
                0x00000000000117a2                cooja_sw
                0x00000000000117c4                cooja_mtarch_exec
                0x00000000000117e0                cooja_mtarch_remove
                0x00000000000117e5                cooja_mtarch_yield
                0x00000000000117ef                cooja_mtarch_pstop
                0x00000000000117f4                cooja_mtarch_pstart
                0x00000000000117f9                cooja_mtarch_stack_usage
 .text          0x0000000000011837       0xc2 obj_cooja/mtype37.a(rtimer-arch.o)
                0x0000000000011837                rtimer_arch_init
                0x000000000001185a                rtimer_arch_schedule
                0x0000000000011871                rtimer_arch_next
                0x000000000001187b                rtimer_arch_pending
                0x0000000000011885                rtimer_arch_check
                0x00000000000118b7                rtimer_arch_now
 .text          0x00000000000118f9       0x76 obj_cooja/mtype37.a(beep.o)
                0x00000000000118f9                beep_alarm
                0x0000000000011905                beep_beep
                0x0000000000011911                beep
                0x000000000001191d                beep_down
                0x0000000000011929                beep_on
                0x0000000000011935                beep_off
                0x0000000000011941                beep_spinup
                0x000000000001194d                beep_quick
                0x0000000000011959                beep_long
 .text          0x000000000001196f      0x103 obj_cooja/mtype37.a(button-sensor.o)
 .text          0x0000000000011a72       0x45 obj_cooja/mtype37.a(leds-arch.o)
                0x0000000000011a72                leds_arch_init
                0x0000000000011a7e                leds_arch_get
                0x0000000000011a8a                leds_arch_set
 .text          0x0000000000011ab7       0x2f obj_cooja/mtype37.a(moteid.o)
 .text          0x0000000000011ae6       0xb1 obj_cooja/mtype37.a(pir-sensor.o)
 .text          0x0000000000011b97      0x131 obj_cooja/mtype37.a(rs232.o)
                0x0000000000011b97                rs232_init
                0x0000000000011b9c                rs232_set_speed
                0x0000000000011baa                rs232_set_input
                0x0000000000011bb7                rs232_send
                0x0000000000011bd9                rs232_print
                0x0000000000011bf4                slip_arch_writeb
 .text          0x0000000000011cc8       0xb1 obj_cooja/mtype37.a(vib-sensor.o)
 .text          0x0000000000011d79       0x34 obj_cooja/mtype37.a(clock.o)
                0x0000000000011d79                clock_init
                0x0000000000011d7e                clock_time
                0x0000000000011d88                clock_seconds
                0x0000000000011d9e                clock_delay
 .text          0x0000000000011dad      0x1ed obj_cooja/mtype37.a(log.o)
                0x0000000000011dad                simlog_char
                0x0000000000011def                simlog
                0x0000000000011e5c                log_message
                0x0000000000011e84                log_set_putchar_with_slip
                0x0000000000011e91                log_putchar
                0x0000000000011f15                log_puts
                0x0000000000011f39                log_printf
 .text          0x0000000000011f9a      0x2c4 obj_cooja/mtype37.a(cfs-cooja.o)
                0x0000000000011f9a                cfs_open
                0x0000000000012003                cfs_close
                0x000000000001200f                cfs_read
                0x00000000000120ad                cfs_write
                0x000000000001218a                cfs_seek
                0x0000000000012212                cfs_remove
                0x000000000001223b                cfs_opendir
                0x0000000000012245                cfs_readdir
                0x000000000001224f                cfs_closedir
 .text          0x000000000001225e      0x6b7 obj_cooja/mtype37.a(cooja-radio.o)
                0x0000000000012288                radio_set_channel
                0x000000000001229d                radio_set_txpower
                0x00000000000122bd                radio_signal_strength_last
                0x00000000000122c7                radio_signal_strength_current
                0x00000000000122d1                radio_LQI
 .text          0x0000000000012915       0xef obj_cooja/mtype37.a(eeprom.o)
                0x0000000000012915                eeprom_init
                0x000000000001291a                eeprom_read
                0x000000000001298a                eeprom_write
 .text          0x0000000000012a04       0x28 obj_cooja/mtype37.a(random.o)
                0x0000000000012a04                random_init
                0x0000000000012a1f                random_rand
 .text          0x0000000000012a2c      0x2a1 obj_cooja/mtype37.a(sensors.o)
                0x0000000000012a67                sensors_first
                0x0000000000012a71                sensors_next
                0x0000000000012a8e                sensors_changed
                0x0000000000012abd                sensors_find
 .text          0x0000000000012ccd      0x134 obj_cooja/mtype37.a(leds.o)
                0x0000000000012d1e                leds_init
                0x0000000000012d32                leds_blink
                0x0000000000012d6a                leds_get
                0x0000000000012d77                leds_set
                0x0000000000012d91                leds_on
                0x0000000000012db4                leds_off
                0x0000000000012dde                leds_toggle
 .text          0x0000000000012e01      0x471 obj_cooja/mtype37.a(dual_conf.o)
                0x0000000000012e01                dual_radio_switch
                0x0000000000012e41                dual_radio_change
                0x0000000000012e7b                sending_in_LR
                0x0000000000012ea6                dual_radio_received
                0x0000000000012ef9                radio_received_is_longrange
                0x0000000000012f14                dual_radio_turn_on
                0x0000000000012f37                dual_radio_turn_off
                0x00000000000131f8                dio_broadcast
                0x0000000000013221                dis_broadcast
                0x0000000000013242                LSA_converge_broadcast
 .text          0x0000000000013272       0x8e obj_cooja/mtype37.a(autostart.o)
                0x0000000000013272                autostart_start
                0x00000000000132bd                autostart_exit
 .text          0x0000000000013300      0x334 obj_cooja/mtype37.a(ctimer.o)
                0x0000000000013417                ctimer_init
                0x0000000000013447                ctimer_set
                0x0000000000013478                ctimer_set_with_process
                0x00000000000134f4                ctimer_reset
                0x0000000000013543                ctimer_restart
                0x0000000000013592                ctimer_stop
                0x00000000000135dd                ctimer_expired
 .text          0x0000000000013634      0x40b obj_cooja/mtype37.a(etimer.o)
                0x0000000000013847                etimer_request_poll
                0x00000000000138cb                etimer_set
                0x00000000000138f0                etimer_reset_with_new_interval
                0x0000000000013917                etimer_reset
                0x0000000000013935                etimer_restart
                0x0000000000013953                etimer_adjust
                0x000000000001396f                etimer_expired
                0x0000000000013982                etimer_expiration_time
                0x0000000000013994                etimer_start_time
                0x000000000001399e                etimer_pending
                0x00000000000139b0                etimer_next_expiration_time
                0x00000000000139ca                etimer_stop
 .text          0x0000000000013a3f      0x12d obj_cooja/mtype37.a(log_message.o)
                0x0000000000013a3f                log_initialization
                0x0000000000013b4b                log_finisher
 .text          0x0000000000013b6c      0x560 obj_cooja/mtype37.a(process.o)
                0x0000000000013b6c                process_alloc_event
                0x0000000000013b81                process_start
                0x0000000000013d6a                process_exit
                0x0000000000013d86                process_init
                0x0000000000013f57                process_run
                0x0000000000013f8a                process_nevents
                0x0000000000013fa5                process_post
                0x0000000000014051                process_post_synch
                0x0000000000014089                process_poll
                0x00000000000140b8                process_is_running
 .text          0x00000000000140cc       0xd3 obj_cooja/mtype37.a(residual.o)
                0x00000000000140cc                get_residual_energy
 .text          0x000000000001419f       0xba obj_cooja/mtype37.a(rtimer.o)
                0x000000000001419f                rtimer_init
                0x00000000000141ac                rtimer_set
                0x0000000000014203                rtimer_run_next
 .text          0x0000000000014259       0x91 obj_cooja/mtype37.a(timer.o)
                0x0000000000014259                timer_set
                0x0000000000014274                timer_reset
                0x000000000001428b                timer_restart
                0x000000000001429d                timer_expired
                0x00000000000142c6                timer_remaining
 .text          0x00000000000142ea      0x1fb obj_cooja/mtype37.a(serial-line.o)
                0x00000000000142ea                serial_line_input_byte
                0x00000000000144ad                serial_line_init
 .text          0x00000000000144e5      0x244 obj_cooja/mtype37.a(list.o)
                0x00000000000144e5                list_init
                0x00000000000144f3                list_head
                0x00000000000144fd                list_copy
                0x000000000001450c                list_tail
                0x0000000000014542                list_add
                0x000000000001458b                list_push
                0x00000000000145b7                list_chop
                0x0000000000014621                list_pop
                0x0000000000014649                list_remove
                0x00000000000146b0                list_length
                0x00000000000146de                list_insert
                0x0000000000014712                list_item_next
 .text          0x0000000000014729      0x155 obj_cooja/mtype37.a(ringbuf.o)
                0x0000000000014729                ringbuf_init
                0x000000000001475a                ringbuf_put
                0x00000000000147d8                ringbuf_get
                0x0000000000014845                ringbuf_size
                0x0000000000014857                ringbuf_elements
 .text          0x000000000001487e     0x2dac obj_cooja/mtype37.a(sicslowpan.o)
                0x0000000000014e7e                rime_sniffer_add
                0x0000000000014e8b                rime_sniffer_remove
                0x00000000000175c9                sicslowpan_init
                0x0000000000017620                sicslowpan_get_last_rssi
 .text          0x000000000001762a      0x2dc obj_cooja/mtype37.a(uip-ds6-nbr.o)
                0x0000000000017647                uip_ds6_neighbors_init
                0x0000000000017664                uip_ds6_nbr_add
                0x0000000000017715                uip_ds6_nbr_rm
                0x0000000000017772                uip_ds6_nbr_get_ipaddr
                0x0000000000017787                uip_ds6_nbr_get_ll
                0x00000000000177a3                uip_ds6_nbr_num
                0x00000000000177e8                uip_ds6_nbr_lookup
                0x000000000001784d                uip_ds6_nbr_ll_lookup
                0x0000000000017869                uip_ds6_nbr_ipaddr_from_lladdr
                0x000000000001788f                uip_ds6_nbr_lladdr_from_ipaddr
                0x00000000000178bd                uip_ds6_link_neighbor_callback
 .text          0x0000000000017906     0x12ad obj_cooja/mtype37.a(uip-ds6.o)
                0x0000000000017906                uip_ds6_init
                0x0000000000017c5b                uip_ds6_periodic
                0x0000000000017d33                uip_ds6_list_loop
                0x0000000000017dda                uip_ds6_prefix_add
                0x0000000000017e98                uip_ds6_prefix_rm
                0x0000000000017eaa                uip_ds6_prefix_lookup
                0x0000000000017efb                uip_ds6_is_addr_onlink
                0x0000000000017f6f                uip_ds6_addr_add
                0x000000000001809d                uip_ds6_long_addr_add
                0x00000000000181cb                uip_ds6_addr_rm
                0x000000000001826b                uip_ds6_addr_lookup
                0x00000000000182b6                uip_ds6_long_addr_lookup
                0x0000000000018301                uip_ds6_get_link_local
                0x0000000000018380                uip_ds6_long_get_link_local
                0x00000000000183ff                uip_ds6_get_global
                0x000000000001847e                uip_ds6_long_get_global
                0x00000000000184fd                uip_ds6_maddr_add
                0x000000000001856f                uip_ds6_long_maddr_add
                0x00000000000185e1                uip_ds6_maddr_rm
                0x00000000000185f3                uip_ds6_maddr_lookup
                0x000000000001863e                uip_ds6_long_maddr_lookup
                0x0000000000018689                uip_ds6_aaddr_add
                0x00000000000186fb                uip_ds6_long_aaddr_add
                0x000000000001876d                uip_ds6_aaddr_rm
                0x000000000001877f                uip_ds6_aaddr_lookup
                0x00000000000187ca                uip_ds6_long_aaddr_lookup
                0x0000000000018815                uip_ds6_select_src
                0x0000000000018a9e                uip_ds6_set_addr_iid
                0x0000000000018ad5                get_match_length
                0x0000000000018b67                uip_ds6_compute_reachable_time
 .text          0x0000000000018bb3     0x2a00 obj_cooja/mtype37.a(uip6.o)
                0x0000000000018bb3                uip_add32
                0x0000000000018d4c                uip_chksum
                0x0000000000018e3a                uip_icmp6chksum
                0x0000000000018e4e                uip_tcpchksum
                0x0000000000018e62                uip_udpchksum
                0x0000000000018e76                uip_init
                0x0000000000018f46                uip_connect
                0x00000000000190f5                remove_ext_hdr
                0x00000000000191ca                uip_udp_new
                0x0000000000019326                uip_unlisten
                0x0000000000019386                uip_listen
                0x0000000000019648                uip_process
                0x000000000001b4a7                uip_htons
                0x000000000001b4c9                uip_htonl
                0x000000000001b509                uip_send
 .text          0x000000000001b5b3      0xb50 obj_cooja/mtype37.a(tcpip.o)
                0x000000000001b5b3                tcpip_output
                0x000000000001b5ee                tcpip_set_outputfunc
                0x000000000001b682                tcp_connect
                0x000000000001b6d7                tcp_unlisten
                0x000000000001b732                tcp_listen
                0x000000000001b78b                tcp_attach
                0x000000000001b7b0                udp_attach
                0x000000000001b7d5                udp_new
                0x000000000001b827                udp_broadcast_new
                0x000000000001ba9b                tcpip_input
                0x000000000001bacf                tcpip_ipv6_output
                0x000000000001bf49                tcpip_poll_udp
                0x000000000001bf6c                tcpip_poll_tcp
                0x000000000001bf8f                tcpip_uipcall
 .text          0x000000000001c103      0x1c1 obj_cooja/mtype37.a(uip-debug.o)
                0x000000000001c103                uip_debug_ipaddr_print
                0x000000000001c265                uip_debug_lladdr_print
 .text          0x000000000001c2c4      0x141 obj_cooja/mtype37.a(uip-packetqueue)
                0x000000000001c2f0                uip_packetqueue_new
                0x000000000001c2fe                uip_packetqueue_alloc
                0x000000000001c35e                uip_packetqueue_free
                0x000000000001c39f                uip_packetqueue_buf
                0x000000000001c3bc                uip_packetqueue_buflen
                0x000000000001c3dd                uip_packetqueue_set_buflen
 .text          0x000000000001c405     0x26ab obj_cooja/mtype37.a(rpl-dag.o)
                0x000000000001c405                rpl_lr_in_child
                0x000000000001c4bd                rpl_print_neighbor_list
                0x000000000001c566                rpl_print_child_neighbor_list
                0x000000000001c5db                rpl_get_nbr
                0x000000000001c635                rpl_get_nbr_child
                0x000000000001c68f                rpl_dag_init
                0x000000000001c6c1                rpl_get_parent
                0x000000000001c6e3                rpl_get_parent_rank
                0x000000000001c716                rpl_get_parent_link_metric
                0x000000000001c749                rpl_get_parent_ipaddr
                0x000000000001c773                rpl_get_child_ipaddr
                0x000000000001ca8e                rpl_set_root
                0x000000000001ccbc                rpl_repair_root
                0x000000000001cef8                rpl_set_prefix
                0x000000000001cff7                rpl_set_default_route
                0x000000000001d083                rpl_alloc_instance
                0x000000000001d10b                rpl_alloc_dag
                0x000000000001d1be                rpl_set_default_instance
                0x000000000001d1cb                rpl_get_default_instance
                0x000000000001d1d5                rpl_free_instance
                0x000000000001d276                rpl_free_dag
                0x000000000001d2dc                rpl_add_parent
                0x000000000001d3c5                rpl_find_parent
                0x000000000001d3f5                rpl_add_child
                0x000000000001d499                rpl_find_child
                0x000000000001d4e7                rpl_find_parent_any_dag
                0x000000000001d523                rpl_select_dag
                0x000000000001d959                rpl_select_parent
                0x000000000001d9bb                rpl_remove_parent
                0x000000000001d9f1                rpl_remove_child
                0x000000000001da0d                rpl_nullify_parent
                0x000000000001daab                rpl_move_parent
                0x000000000001db48                rpl_has_downward_route
                0x000000000001db9b                rpl_get_any_dag
                0x000000000001dbfd                rpl_get_instance
                0x000000000001dc60                rpl_find_of
                0x000000000001dc9d                rpl_join_instance
                0x000000000001df39                rpl_add_dag
                0x000000000001e328                rpl_local_repair
                0x000000000001e401                rpl_recalculate_ranks
                0x000000000001e487                rpl_process_parent_event
                0x000000000001e539                rpl_process_dio
 .text          0x000000000001eab0      0xbf3 obj_cooja/mtype37.a(rpl-ext-header.)
                0x000000000001eacd                rpl_verify_header
                0x000000000001ef47                rpl_update_header_empty
                0x000000000001f25e                rpl_update_header_final
                0x000000000001f3ed                rpl_remove_header
                0x000000000001f4f7                rpl_invert_header
                0x000000000001f681                rpl_insert_header
 .text          0x000000000001f6a3     0x24ea obj_cooja/mtype37.a(rpl-icmp6.o)
                0x000000000001f96c                rpl_icmp6_update_nbr_table
                0x000000000001fa5c                dis_output
                0x0000000000020394                dio_output
                0x0000000000020bff                LSA_converge_output
                0x00000000000216ec                dao_output
                0x00000000000217b4                dao_output_target
                0x0000000000021b35                dao_ack_output
                0x0000000000021b49                rpl_icmp6_register_handlers
 .text          0x0000000000021b8d      0x3dc obj_cooja/mtype37.a(rpl-ltmax.o)
 .text          0x0000000000021f69      0x745 obj_cooja/mtype37.a(rpl-timers.o)
                0x0000000000021f69                rpl_LSA_convergence_timer
                0x000000000002205f                rpl_reset_LSA_convergence_timer
                0x0000000000022357                rpl_reset_periodic_timer
                0x00000000000223ac                rpl_reset_dio_timer
                0x00000000000225e6                rpl_schedule_dao
                0x0000000000022601                rpl_schedule_dao_immediately
                0x000000000002261c                rpl_cancel_dao
                0x000000000002267e                rpl_schedule_unicast_dio_immediately
 .text          0x00000000000226ae      0x5dc obj_cooja/mtype37.a(rpl.o)
                0x00000000000226ae                rpl_get_mode
                0x00000000000226b8                rpl_set_mode
                0x0000000000022746                rpl_purge_routes
                0x0000000000022840                rpl_remove_routes
                0x0000000000022886                rpl_remove_routes_by_nexthop
                0x00000000000228f2                rpl_add_route
                0x000000000002296d                rpl_link_neighbor_callback
                0x0000000000022a72                rpl_ipv6_neighbor_callback
                0x0000000000022ae1                rpl_purge_dags
                0x0000000000022bed                rpl_init
 .text          0x0000000000022c8a      0x87b obj_cooja/mtype37.a(csma.o)
 .text          0x0000000000023505      0x3f5 obj_cooja/mtype37.a(framer-802154.o)
 .text          0x00000000000238fa       0x3c obj_cooja/mtype37.a(mac.o)
                0x00000000000238fa                mac_call_sent_callback
 .text          0x0000000000023936     0x12ac obj_cooja/mtype37.a(cxmac.o)
                0x0000000000024b16                cxmac_set_announcement_radio_txpower
                0x0000000000024b1b                cxmac_init
 .text          0x0000000000024be2       0x82 obj_cooja/mtype37.a(linkaddr.o)
                0x0000000000024be2                linkaddr_copy
                0x0000000000024c04                linkaddr_cmp
                0x0000000000024c2e                linkaddr_set_node_addr
                0x0000000000024c49                linkaddr_set_node_long_addr
 .text          0x0000000000024c64      0x915 obj_cooja/mtype37.a(nbr-table.o)
                0x0000000000024c64                long_ip_from_lladdr_map
                0x0000000000024ced                lladdr_map_add_lr
                0x0000000000024daa                lladdr_map_rm_lr
                0x000000000002526f                nbr_table_register
                0x00000000000252b7                nbr_table_head
                0x0000000000025313                nbr_table_next
                0x000000000002537a                nbr_table_add_lladdr
                0x0000000000025456                nbr_table_get_from_lladdr
                0x00000000000254a3                nbr_table_remove
                0x00000000000254f5                nbr_table_lock
                0x000000000002551f                nbr_table_unlock
                0x0000000000025549                nbr_table_get_lladdr
 .text          0x0000000000025579       0x2b obj_cooja/mtype37.a(netstack.o)
                0x0000000000025579                netstack_init
 .text          0x00000000000255a4      0x3cd obj_cooja/mtype37.a(packetbuf.o)
                0x00000000000255a4                packetbuf_clear
                0x00000000000255ce                packetbuf_copyfrom
                0x0000000000025620                packetbuf_compact
                0x000000000002569d                packetbuf_copyto
                0x0000000000025734                packetbuf_hdralloc
                0x00000000000257b1                packetbuf_hdrreduce
                0x00000000000257f9                packetbuf_set_datalen
                0x0000000000025812                packetbuf_dataptr
                0x000000000002582f                packetbuf_hdrptr
                0x0000000000025839                packetbuf_datalen
                0x0000000000025845                packetbuf_hdrlen
                0x000000000002585c                packetbuf_totlen
                0x0000000000025872                packetbuf_attr_clear
                0x00000000000258c4                packetbuf_attr_copyto
                0x000000000002590d                packetbuf_attr_copyfrom
                0x0000000000025955                packetbuf_holds_broadcast
 .text          0x0000000000025971      0x2b4 obj_cooja/mtype37.a(queuebuf.o)
                0x000000000002597b                queuebuf_init
                0x000000000002599b                queuebuf_numfree
                0x00000000000259af                queuebuf_new_from_packetbuf
                0x0000000000025a3f                queuebuf_update_attr_from_packetbuf
                0x0000000000025a72                queuebuf_update_from_packetbuf
                0x0000000000025abc                queuebuf_free
                0x0000000000025b03                queuebuf_to_packetbuf
                0x0000000000025b69                queuebuf_dataptr
                0x0000000000025ba0                queuebuf_datalen
                0x0000000000025bc3                queuebuf_addr
                0x0000000000025bf5                queuebuf_attr
                0x0000000000025c20                queuebuf_debug_print
 .text          0x0000000000025c25       0x6e obj_cooja/mtype37.a(nullsec.o)
 .text          0x0000000000025c93       0x19 obj_cooja/mtype37.a(watchdog.o)
                0x0000000000025c93                watchdog_init
                0x0000000000025c98                watchdog_start
                0x0000000000025c9d                watchdog_periodic
                0x0000000000025ca2                watchdog_stop
                0x0000000000025ca7                watchdog_reboot
 .text          0x0000000000025cac        0x0 obj_cooja/mtype37.a(rimestats.o)
 .text          0x0000000000025cac       0xa3 obj_cooja/mtype37.a(stimer.o)
                0x0000000000025cac                stimer_set
                0x0000000000025cc7                stimer_reset
                0x0000000000025cde                stimer_restart
                0x0000000000025cf0                stimer_expired
                0x0000000000025d17                stimer_remaining
                0x0000000000025d3b                stimer_elapsed
 .text          0x0000000000025d4f      0x1c1 obj_cooja/mtype37.a(memb.o)
                0x0000000000025d4f                memb_init
                0x0000000000025dad                memb_alloc
                0x0000000000025e12                memb_free
                0x0000000000025e8d                memb_inmemb
                0x0000000000025ecc                memb_numfree
 .text          0x0000000000025f10      0x916 obj_cooja/mtype37.a(uip-ds6-route.o)
                0x0000000000025f87                uip_ds6_notification_add
                0x0000000000025fb8                uip_ds6_notification_rm
                0x0000000000025fd4                uip_ds6_route_init
                0x000000000002605c                uip_ds6_route_nexthop
                0x0000000000026084                uip_ds6_route_head
                0x0000000000026099                uip_ds6_route_next
                0x00000000000260bf                uip_ds6_route_is_nexthop
                0x00000000000260fe                uip_ds6_route_num_routes
                0x0000000000026108                uip_ds6_route_lookup
                0x00000000000261ca                uip_ds6_route_add
                0x00000000000263fe                uip_ds6_route_rm
                0x0000000000026592                uip_ds6_route_rm_by_nexthop
                0x00000000000265ca                uip_ds6_defrt_add
                0x000000000002667b                uip_ds6_defrt_rm
                0x00000000000266fa                uip_ds6_defrt_lookup
                0x0000000000026753                uip_ds6_defrt_choose
                0x00000000000267be                uip_ds6_defrt_periodic
 .text          0x0000000000026826      0xabf obj_cooja/mtype37.a(uip-icmp6.o)
                0x0000000000026894                uip_icmp6_input
                0x00000000000268ea                uip_icmp6_register_input_handler
                0x0000000000026bb2                uip_icmp6_error_output
                0x0000000000026ef7                uip_icmp6_send
                0x0000000000027278                uip_icmp6_echo_reply_callback_add
                0x00000000000272a9                uip_icmp6_echo_reply_callback_rm
                0x00000000000272c5                uip_icmp6_init
 .text          0x00000000000272e5      0x358 obj_cooja/mtype37.a(uip-nd6.o)
                0x0000000000027339                uip_nd6_ns_output
                0x0000000000027638                uip_nd6_init
 .text          0x000000000002763d      0x331 obj_cooja/mtype37.a(rpl-nbr-policy.)
                0x0000000000027815                find_removable_dis
                0x0000000000027838                find_removable_dio
                0x00000000000278c7                find_removable_dao
                0x0000000000027917                rpl_nbr_policy_find_removable
 .text          0x000000000002796e      0x97c obj_cooja/mtype37.a(frame802154.o)
                0x000000000002799f                frame802154_get_pan_id
                0x00000000000279ab                frame802154_set_pan_id
                0x00000000000279c4                frame802154_has_panid
                0x0000000000027ab0                frame802154_check_dest_panid
                0x0000000000027b18                frame802154_is_broadcast_addr
                0x0000000000027b65                frame802154_extract_linkaddr
                0x0000000000027da5                frame802154_hdrlen
                0x0000000000027df6                frame802154_create
                0x0000000000027fe1                frame802154_parse
 .text          0x00000000000282ea        0x0 /usr/lib/gcc/i686-linux-gnu/4.8/crtendS.o
 .text          0x00000000000282ea        0x0 /usr/lib/gcc/i686-linux-gnu/4.8/../../../i386-linux-gnu/crtn.o
 *(.gnu.warning)

.fini           0x00000000000282ec       0x14
 *(SORT(.fini))
 .fini          0x00000000000282ec        0xf /usr/lib/gcc/i686-linux-gnu/4.8/../../../i386-linux-gnu/crti.o
                0x00000000000282ec                _fini
 .fini          0x00000000000282fb        0x5 /usr/lib/gcc/i686-linux-gnu/4.8/../../../i386-linux-gnu/crtn.o
                0x0000000000028300                PROVIDE (__etext, .)
                0x0000000000028300                PROVIDE (_etext, .)
                0x0000000000028300                PROVIDE (etext, .)

.rodata         0x0000000000028300     0x16a0
 *(.rodata .rodata.* .gnu.linkonce.r.*)
 .rodata        0x0000000000028300      0x148 udp-server.co
                0x0000000000028314                autostart_processes
 .rodata        0x0000000000028448      0x1e6 obj_cooja/mtype37.o
 *fill*         0x000000000002862e        0x2 
 .rodata        0x0000000000028630        0x8 obj_cooja/mtype37.a(beep.o)
                0x0000000000028630                beep_interface
 .rodata        0x0000000000028638       0x20 obj_cooja/mtype37.a(button-sensor.o)
                0x0000000000028638                button_interface
                0x0000000000028648                button_sensor
 .rodata        0x0000000000028658        0x8 obj_cooja/mtype37.a(leds-arch.o)
                0x0000000000028658                leds_interface
 .rodata        0x0000000000028660        0x8 obj_cooja/mtype37.a(moteid.o)
                0x0000000000028660                moteid_interface
 .rodata        0x0000000000028668       0x1c obj_cooja/mtype37.a(pir-sensor.o)
                0x0000000000028668                pir_interface
                0x0000000000028674                pir_sensor
 .rodata        0x0000000000028684        0xe obj_cooja/mtype37.a(rs232.o)
                0x0000000000028684                rs232_interface
 *fill*         0x0000000000028692        0x2 
 .rodata        0x0000000000028694       0x24 obj_cooja/mtype37.a(vib-sensor.o)
                0x0000000000028694                vib_interface
                0x00000000000286a8                vib_sensor
 .rodata        0x00000000000286b8        0x8 obj_cooja/mtype37.a(clock.o)
                0x00000000000286b8                clock_interface
 .rodata        0x00000000000286c0        0x8 obj_cooja/mtype37.a(log.o)
                0x00000000000286c0                simlog_interface
 .rodata        0x00000000000286c8       0x2f obj_cooja/mtype37.a(cfs-cooja.o)
                0x00000000000286c8                cfs_interface
 *fill*         0x00000000000286f7        0x9 
 .rodata        0x0000000000028700       0xc0 obj_cooja/mtype37.a(cooja-radio.o)
                0x0000000000028780                cooja_radio_driver
                0x00000000000287b8                radio_interface
 .rodata        0x00000000000287c0        0x8 obj_cooja/mtype37.a(eeprom.o)
                0x00000000000287c0                eeprom_interface
 .rodata        0x00000000000287c8        0x8 obj_cooja/mtype37.a(sensors.o)
 .rodata        0x00000000000287d0      0x1fe obj_cooja/mtype37.a(dual_conf.o)
 .rodata        0x00000000000289ce        0xf obj_cooja/mtype37.a(ctimer.o)
 .rodata        0x00000000000289dd        0xc obj_cooja/mtype37.a(etimer.o)
 *fill*         0x00000000000289e9        0x3 
 .rodata        0x00000000000289ec       0x73 obj_cooja/mtype37.a(log_message.o)
 *fill*         0x0000000000028a5f        0x1 
 .rodata        0x0000000000028a60       0x20 obj_cooja/mtype37.a(residual.o)
 .rodata        0x0000000000028a80        0xe obj_cooja/mtype37.a(serial-line.o)
 *fill*         0x0000000000028a8e        0x2 
 .rodata        0x0000000000028a90      0x974 obj_cooja/mtype37.a(sicslowpan.o)
                0x0000000000028b69                unc_llconf
                0x0000000000028b6d                unc_ctxconf
                0x0000000000028b71                unc_mxconf
                0x0000000000028b75                llprefix
                0x00000000000293f8                sicslowpan_driver
 .rodata        0x0000000000029404      0x13c obj_cooja/mtype37.a(uip6.o)
 .rodata        0x0000000000029540       0x49 obj_cooja/mtype37.a(tcpip.o)
 .rodata        0x0000000000029589       0x3e obj_cooja/mtype37.a(uip-debug.o)
 *fill*         0x00000000000295c7        0x1 
 .rodata        0x00000000000295c8        0x4 obj_cooja/mtype37.a(rpl-dag.o)
 .rodata        0x00000000000295cc       0x1c obj_cooja/mtype37.a(rpl-icmp6.o)
 .rodata        0x00000000000295e8       0x8a obj_cooja/mtype37.a(rpl-timers.o)
 *fill*         0x0000000000029672        0x2 
 .rodata        0x0000000000029674       0x24 obj_cooja/mtype37.a(csma.o)
                0x000000000002967c                csma_driver
 .rodata        0x0000000000029698        0xc obj_cooja/mtype37.a(framer-802154.o)
                0x0000000000029698                framer_802154
 *fill*         0x00000000000296a4       0x1c 
 .rodata        0x00000000000296c0      0x2c0 obj_cooja/mtype37.a(cxmac.o)
                0x0000000000029960                cxmac_driver
 .rodata        0x0000000000029980        0x8 obj_cooja/mtype37.a(linkaddr.o)
                0x0000000000029980                linkaddr_null
 .rodata        0x0000000000029988       0x18 obj_cooja/mtype37.a(nullsec.o)
                0x0000000000029990                nullsec_driver

.rodata1
 *(.rodata1)

.eh_frame_hdr   0x00000000000299a0     0x1434
 *(.eh_frame_hdr)
 .eh_frame_hdr  0x00000000000299a0     0x1434 udp-server.co

.eh_frame       0x000000000002add4     0x5224
 *(.eh_frame)
 .eh_frame      0x000000000002add4       0x3c /usr/lib/gcc/i686-linux-gnu/4.8/../../../i386-linux-gnu/crti.o
                                         0x40 (size before relaxing)
 .eh_frame      0x000000000002ae10       0x68 udp-server.co
                                         0x80 (size before relaxing)
 .eh_frame      0x000000000002ae78      0x148 obj_cooja/mtype37.o
                                        0x160 (size before relaxing)
 .eh_frame      0x000000000002afc0       0x40 obj_cooja/mtype37.a(simEnvChange.o)
                                         0x58 (size before relaxing)
 .eh_frame      0x000000000002b000       0xc0 obj_cooja/mtype37.a(cooja_mt.o)
                                         0xd8 (size before relaxing)
 .eh_frame      0x000000000002b0c0      0x120 obj_cooja/mtype37.a(cooja_mtarch.o)
                                        0x138 (size before relaxing)
 .eh_frame      0x000000000002b1e0       0xc0 obj_cooja/mtype37.a(rtimer-arch.o)
                                         0xd8 (size before relaxing)
 .eh_frame      0x000000000002b2a0      0x160 obj_cooja/mtype37.a(beep.o)
                                        0x178 (size before relaxing)
 .eh_frame      0x000000000002b400       0xa0 obj_cooja/mtype37.a(button-sensor.o)
                                         0xb8 (size before relaxing)
 .eh_frame      0x000000000002b4a0       0xa0 obj_cooja/mtype37.a(leds-arch.o)
                                         0xb8 (size before relaxing)
 .eh_frame      0x000000000002b540       0x40 obj_cooja/mtype37.a(moteid.o)
                                         0x58 (size before relaxing)
 .eh_frame      0x000000000002b580       0xa0 obj_cooja/mtype37.a(pir-sensor.o)
                                         0xb8 (size before relaxing)
 .eh_frame      0x000000000002b620      0x100 obj_cooja/mtype37.a(rs232.o)
                                        0x118 (size before relaxing)
 .eh_frame      0x000000000002b720       0xa0 obj_cooja/mtype37.a(vib-sensor.o)
                                         0xb8 (size before relaxing)
 .eh_frame      0x000000000002b7c0       0xc0 obj_cooja/mtype37.a(clock.o)
                                         0xd8 (size before relaxing)
 .eh_frame      0x000000000002b880      0x120 obj_cooja/mtype37.a(log.o)
                                        0x138 (size before relaxing)
 .eh_frame      0x000000000002b9a0      0x160 obj_cooja/mtype37.a(cfs-cooja.o)
                                        0x178 (size before relaxing)
 .eh_frame      0x000000000002bb00      0x2e0 obj_cooja/mtype37.a(cooja-radio.o)
                                        0x2f8 (size before relaxing)
 .eh_frame      0x000000000002bde0       0xa0 obj_cooja/mtype37.a(eeprom.o)
                                         0xb8 (size before relaxing)
 .eh_frame      0x000000000002be80       0x40 obj_cooja/mtype37.a(random.o)
                                         0x58 (size before relaxing)
 .eh_frame      0x000000000002bec0       0xc0 obj_cooja/mtype37.a(sensors.o)
                                         0xd8 (size before relaxing)
 .eh_frame      0x000000000002bf80      0x100 obj_cooja/mtype37.a(leds.o)
                                        0x118 (size before relaxing)
 .eh_frame      0x000000000002c080      0x1a0 obj_cooja/mtype37.a(dual_conf.o)
                                        0x1b8 (size before relaxing)
 .eh_frame      0x000000000002c220       0x40 obj_cooja/mtype37.a(autostart.o)
                                         0x58 (size before relaxing)
 .eh_frame      0x000000000002c260      0x100 obj_cooja/mtype37.a(ctimer.o)
                                        0x118 (size before relaxing)
 .eh_frame      0x000000000002c360      0x1e0 obj_cooja/mtype37.a(etimer.o)
                                        0x1f8 (size before relaxing)
 .eh_frame      0x000000000002c540       0x40 obj_cooja/mtype37.a(log_message.o)
                                         0x58 (size before relaxing)
 .eh_frame      0x000000000002c580      0x1c8 obj_cooja/mtype37.a(process.o)
                                        0x1e0 (size before relaxing)
 .eh_frame      0x000000000002c748       0x2c obj_cooja/mtype37.a(residual.o)
                                         0x44 (size before relaxing)
 .eh_frame      0x000000000002c774       0x60 obj_cooja/mtype37.a(rtimer.o)
                                         0x78 (size before relaxing)
 .eh_frame      0x000000000002c7d4       0xa4 obj_cooja/mtype37.a(timer.o)
                                         0xbc (size before relaxing)
 .eh_frame      0x000000000002c878       0x60 obj_cooja/mtype37.a(serial-line.o)
                                         0x78 (size before relaxing)
 .eh_frame      0x000000000002c8d8      0x180 obj_cooja/mtype37.a(list.o)
                                        0x198 (size before relaxing)
 .eh_frame      0x000000000002ca58       0xa0 obj_cooja/mtype37.a(ringbuf.o)
                                         0xb8 (size before relaxing)
 .eh_frame      0x000000000002caf8      0x350 obj_cooja/mtype37.a(sicslowpan.o)
                                        0x368 (size before relaxing)
 .eh_frame      0x000000000002ce48      0x180 obj_cooja/mtype37.a(uip-ds6-nbr.o)
                                        0x198 (size before relaxing)
 .eh_frame      0x000000000002cfc8      0x3c8 obj_cooja/mtype37.a(uip-ds6.o)
                                        0x3e0 (size before relaxing)
 .eh_frame      0x000000000002d390      0x27c obj_cooja/mtype37.a(uip6.o)
                                        0x294 (size before relaxing)
 .eh_frame      0x000000000002d60c      0x270 obj_cooja/mtype37.a(tcpip.o)
                                        0x288 (size before relaxing)
 .eh_frame      0x000000000002d87c       0x48 obj_cooja/mtype37.a(uip-debug.o)
                                         0x60 (size before relaxing)
 .eh_frame      0x000000000002d8c4       0xe0 obj_cooja/mtype37.a(uip-packetqueue)
                                         0xf8 (size before relaxing)
 .eh_frame      0x000000000002d9a4      0x76c obj_cooja/mtype37.a(rpl-dag.o)
                                        0x784 (size before relaxing)
 .eh_frame      0x000000000002e110      0x10c obj_cooja/mtype37.a(rpl-ext-header.)
                                        0x124 (size before relaxing)
 .eh_frame      0x000000000002e21c      0x2f8 obj_cooja/mtype37.a(rpl-icmp6.o)
                                        0x310 (size before relaxing)
 .eh_frame      0x000000000002e514       0xe0 obj_cooja/mtype37.a(rpl-ltmax.o)
                                         0xf8 (size before relaxing)
 .eh_frame      0x000000000002e5f4      0x20c obj_cooja/mtype37.a(rpl-timers.o)
                                        0x224 (size before relaxing)
 .eh_frame      0x000000000002e800      0x148 obj_cooja/mtype37.a(rpl.o)
                                        0x160 (size before relaxing)
 .eh_frame      0x000000000002e948      0x28c obj_cooja/mtype37.a(csma.o)
                                        0x2a4 (size before relaxing)
 .eh_frame      0x000000000002ebd4      0x108 obj_cooja/mtype37.a(framer-802154.o)
                                        0x120 (size before relaxing)
 .eh_frame      0x000000000002ecdc       0x20 obj_cooja/mtype37.a(mac.o)
                                         0x38 (size before relaxing)
 .eh_frame      0x000000000002ecfc      0x2c0 obj_cooja/mtype37.a(cxmac.o)
                                        0x2d8 (size before relaxing)
 .eh_frame      0x000000000002efbc       0x80 obj_cooja/mtype37.a(linkaddr.o)
                                         0x98 (size before relaxing)
 .eh_frame      0x000000000002f03c      0x2cc obj_cooja/mtype37.a(nbr-table.o)
                                        0x2e4 (size before relaxing)
 .eh_frame      0x000000000002f308       0x20 obj_cooja/mtype37.a(netstack.o)
                                         0x38 (size before relaxing)
 .eh_frame      0x000000000002f328      0x214 obj_cooja/mtype37.a(packetbuf.o)
                                        0x22c (size before relaxing)
 .eh_frame      0x000000000002f53c      0x1a0 obj_cooja/mtype37.a(queuebuf.o)
                                        0x1b8 (size before relaxing)
 .eh_frame      0x000000000002f6dc       0x80 obj_cooja/mtype37.a(nullsec.o)
                                         0x98 (size before relaxing)
 .eh_frame      0x000000000002f75c       0xa0 obj_cooja/mtype37.a(watchdog.o)
                                         0xb8 (size before relaxing)
 .eh_frame      0x000000000002f7fc       0xc4 obj_cooja/mtype37.a(stimer.o)
                                         0xdc (size before relaxing)
 .eh_frame      0x000000000002f8c0       0xa0 obj_cooja/mtype37.a(memb.o)
                                         0xb8 (size before relaxing)
 .eh_frame      0x000000000002f960      0x2a0 obj_cooja/mtype37.a(uip-ds6-route.o)
                                        0x2b8 (size before relaxing)
 .eh_frame      0x000000000002fc00      0x168 obj_cooja/mtype37.a(uip-icmp6.o)
                                        0x180 (size before relaxing)
 .eh_frame      0x000000000002fd68       0x68 obj_cooja/mtype37.a(uip-nd6.o)
                                         0x80 (size before relaxing)
 .eh_frame      0x000000000002fdd0       0xc0 obj_cooja/mtype37.a(rpl-nbr-policy.)
                                         0xd8 (size before relaxing)
 .eh_frame      0x000000000002fe90      0x164 obj_cooja/mtype37.a(frame802154.o)
                                        0x17c (size before relaxing)
 .eh_frame      0x000000000002fff4        0x4 /usr/lib/gcc/i686-linux-gnu/4.8/crtendS.o

.gcc_except_table
 *(.gcc_except_table .gcc_except_table.*)

.exception_ranges
 *(.exception_ranges .exception_ranges*)
                0x000000000002fff8                . = (ALIGN (0x1000) - ((0x1000 - .) & 0xfff))
                0x0000000000030ef8                . = DATA_SEGMENT_ALIGN (0x1000, 0x1000)

.eh_frame
 *(.eh_frame)

.gcc_except_table
 *(.gcc_except_table .gcc_except_table.*)

.exception_ranges
 *(.exception_ranges .exception_ranges*)

.tdata
 *(.tdata .tdata.* .gnu.linkonce.td.*)

.tbss
 *(.tbss .tbss.* .gnu.linkonce.tb.*)
 *(.tcommon)

.preinit_array
 *(.preinit_array)

.init_array     0x0000000000030ef8        0x4
 *(SORT(.init_array.*) SORT(.ctors.*))
 *(.init_array EXCLUDE_FILE(*crtend?.o *crtend.o *crtbegin?.o *crtbegin.o) .ctors)
 .init_array    0x0000000000030ef8        0x4 /usr/lib/gcc/i686-linux-gnu/4.8/crtbeginS.o

.fini_array     0x0000000000030efc        0x4
 *(SORT(.fini_array.*) SORT(.dtors.*))
 *(.fini_array EXCLUDE_FILE(*crtend?.o *crtend.o *crtbegin?.o *crtbegin.o) .dtors)
 .fini_array    0x0000000000030efc        0x4 /usr/lib/gcc/i686-linux-gnu/4.8/crtbeginS.o

.ctors
 *crtbegin.o(.ctors)
 *crtbegin?.o(.ctors)
 *(EXCLUDE_FILE(*crtend?.o *crtend.o) .ctors)
 *(SORT(.ctors.*))
 *(.ctors)

.dtors
 *crtbegin.o(.dtors)
 *crtbegin?.o(.dtors)
 *(EXCLUDE_FILE(*crtend?.o *crtend.o) .dtors)
 *(SORT(.dtors.*))
 *(.dtors)

.jcr            0x0000000000030f00        0x4
 *(.jcr)
 .jcr           0x0000000000030f00        0x0 /usr/lib/gcc/i686-linux-gnu/4.8/crtbeginS.o
 .jcr           0x0000000000030f00        0x4 /usr/lib/gcc/i686-linux-gnu/4.8/crtendS.o

.data.rel.ro
 *(.data.rel.ro.local* .gnu.linkonce.d.rel.ro.local.*)
 *(.data.rel.ro .data.rel.ro.* .gnu.linkonce.d.rel.ro.*)

.dynamic        0x0000000000030f04       0xe8
 *(.dynamic)
 .dynamic       0x0000000000030f04       0xe8 /usr/lib/gcc/i686-linux-gnu/4.8/../../../i386-linux-gnu/crti.o
                0x0000000000030f04                _DYNAMIC

.got            0x0000000000030fec       0x14
 *(.got)
 .got           0x0000000000030fec       0x14 /usr/lib/gcc/i686-linux-gnu/4.8/../../../i386-linux-gnu/crti.o
 *(.igot)
                0x0000000000031ff4                . = DATA_SEGMENT_RELRO_END (., (SIZEOF (.got.plt) >= 0xc)?0xc:0x0)

.got.plt        0x0000000000031000       0x14
 *(.got.plt)
 .got.plt       0x0000000000031000       0x14 /usr/lib/gcc/i686-linux-gnu/4.8/../../../i386-linux-gnu/crti.o
                0x0000000000031000                _GLOBAL_OFFSET_TABLE_
 *(.igot.plt)

.data           0x0000000000031020      0x2c2
 *(.data .data.* .gnu.linkonce.d.*)
 .data          0x0000000000031020        0x0 /usr/lib/gcc/i686-linux-gnu/4.8/../../../i386-linux-gnu/crti.o
 .data          0x0000000000031020        0x0 /usr/lib/gcc/i686-linux-gnu/4.8/crtbeginS.o
 .data.rel      0x0000000000031020        0x4 /usr/lib/gcc/i686-linux-gnu/4.8/crtbeginS.o
                0x0000000000031020                __dso_handle
 .data          0x0000000000031024       0x10 udp-server.co
                0x0000000000031024                udp_server_process
 *fill*         0x0000000000031034        0xc 
 .data          0x0000000000031040       0x44 obj_cooja/mtype37.o
                0x0000000000031040                simInterfaces
                0x0000000000031074                sensors
 .data          0x0000000000031084        0x0 obj_cooja/mtype37.a(simEnvChange.o)
 .data          0x0000000000031084        0x0 obj_cooja/mtype37.a(cooja_mt.o)
 .data          0x0000000000031084        0x0 obj_cooja/mtype37.a(cooja_mtarch.o)
 .data          0x0000000000031084        0x0 obj_cooja/mtype37.a(rtimer-arch.o)
 .data          0x0000000000031084        0x0 obj_cooja/mtype37.a(beep.o)
 .data          0x0000000000031084        0x0 obj_cooja/mtype37.a(button-sensor.o)
 .data          0x0000000000031084        0x0 obj_cooja/mtype37.a(leds-arch.o)
 .data          0x0000000000031084        0x0 obj_cooja/mtype37.a(moteid.o)
 .data          0x0000000000031084        0x0 obj_cooja/mtype37.a(pir-sensor.o)
 .data          0x0000000000031084        0x0 obj_cooja/mtype37.a(rs232.o)
 .data          0x0000000000031084        0x0 obj_cooja/mtype37.a(vib-sensor.o)
 .data          0x0000000000031084        0x0 obj_cooja/mtype37.a(clock.o)
 .data          0x0000000000031084        0x0 obj_cooja/mtype37.a(log.o)
 .data          0x0000000000031084        0x0 obj_cooja/mtype37.a(cfs-cooja.o)
 .data          0x0000000000031084       0x40 obj_cooja/mtype37.a(cooja-radio.o)
                0x0000000000031084                simRadioChannelLR
                0x0000000000031088                simRadioHWOnLR
                0x000000000003108c                simSignalStrengthLR
                0x0000000000031090                simLastSignalStrengthLR
                0x0000000000031094                simPowerLR
                0x0000000000031098                simLQILR
                0x000000000003109c                simRadioChannel
                0x00000000000310a0                simRadioHWOn
                0x00000000000310a4                simSignalStrength
                0x00000000000310a8                simLastSignalStrength
                0x00000000000310ac                simPower
                0x00000000000310b0                simLQI
                0x00000000000310b4                cooja_radio_process
 .data          0x00000000000310c4        0x0 obj_cooja/mtype37.a(eeprom.o)
 .data          0x00000000000310c4        0x0 obj_cooja/mtype37.a(random.o)
 .data          0x00000000000310c4       0x10 obj_cooja/mtype37.a(sensors.o)
                0x00000000000310c4                sensors_process
 .data          0x00000000000310d4        0x0 obj_cooja/mtype37.a(leds.o)
 .data          0x00000000000310d4       0x3a obj_cooja/mtype37.a(dual_conf.o)
                0x00000000000310d4                radio_received
                0x00000000000310d8                dual_dio_broadcast
                0x00000000000310e8                dual_dis_broadcast
                0x00000000000310f8                dual_LSA_converge_broadcast
 .data          0x000000000003110e        0x0 obj_cooja/mtype37.a(autostart.o)
 *fill*         0x000000000003110e        0x2 
 .data          0x0000000000031110       0x14 obj_cooja/mtype37.a(ctimer.o)
                0x0000000000031114                ctimer_process
 .data          0x0000000000031124       0x10 obj_cooja/mtype37.a(etimer.o)
                0x0000000000031124                etimer_process
 .data          0x0000000000031134        0x0 obj_cooja/mtype37.a(log_message.o)
 .data          0x0000000000031134        0x0 obj_cooja/mtype37.a(process.o)
 .data          0x0000000000031134        0x0 obj_cooja/mtype37.a(residual.o)
 .data          0x0000000000031134        0x0 obj_cooja/mtype37.a(rtimer.o)
 .data          0x0000000000031134        0x0 obj_cooja/mtype37.a(timer.o)
 .data          0x0000000000031134       0x10 obj_cooja/mtype37.a(serial-line.o)
                0x0000000000031134                serial_line_process
 .data          0x0000000000031144        0x0 obj_cooja/mtype37.a(list.o)
 .data          0x0000000000031144        0x0 obj_cooja/mtype37.a(ringbuf.o)
 .data          0x0000000000031144        0x0 obj_cooja/mtype37.a(sicslowpan.o)
 .data          0x0000000000031144       0x14 obj_cooja/mtype37.a(uip-ds6-nbr.o)
                0x0000000000031154                ds6_neighbors
 .data          0x0000000000031158        0x0 obj_cooja/mtype37.a(uip-ds6.o)
 .data          0x0000000000031158        0x0 obj_cooja/mtype37.a(uip6.o)
 .data          0x0000000000031158       0x10 obj_cooja/mtype37.a(tcpip.o)
                0x0000000000031158                tcpip_process
 .data          0x0000000000031168        0x0 obj_cooja/mtype37.a(uip-debug.o)
 .data          0x0000000000031168        0xc obj_cooja/mtype37.a(uip-packetqueue)
 .data          0x0000000000031174       0x28 obj_cooja/mtype37.a(rpl-dag.o)
                0x0000000000031184                rpl_parents
                0x0000000000031198                rpl_children
 .data          0x000000000003119c        0x0 obj_cooja/mtype37.a(rpl-ext-header.)
 .data          0x000000000003119c       0x40 obj_cooja/mtype37.a(rpl-icmp6.o)
 .data          0x00000000000311dc       0x1c obj_cooja/mtype37.a(rpl-ltmax.o)
                0x00000000000311dc                rpl_ltmax_of
 .data          0x00000000000311f8        0x0 obj_cooja/mtype37.a(rpl-timers.o)
 .data          0x00000000000311f8        0x0 obj_cooja/mtype37.a(rpl.o)
 .data          0x00000000000311f8       0x28 obj_cooja/mtype37.a(csma.o)
 .data          0x0000000000031220        0x0 obj_cooja/mtype37.a(framer-802154.o)
 .data          0x0000000000031220        0x0 obj_cooja/mtype37.a(mac.o)
 .data          0x0000000000031220       0x30 obj_cooja/mtype37.a(cxmac.o)
                0x0000000000031220                cxmac_config
                0x0000000000031230                strobe_wait
 .data          0x0000000000031250        0x0 obj_cooja/mtype37.a(linkaddr.o)
 .data          0x0000000000031250       0x10 obj_cooja/mtype37.a(nbr-table.o)
 .data          0x0000000000031260        0x0 obj_cooja/mtype37.a(netstack.o)
 .data          0x0000000000031260        0x4 obj_cooja/mtype37.a(packetbuf.o)
 .data          0x0000000000031264       0x18 obj_cooja/mtype37.a(queuebuf.o)
 .data          0x000000000003127c        0x0 obj_cooja/mtype37.a(nullsec.o)
 .data          0x000000000003127c        0x0 obj_cooja/mtype37.a(watchdog.o)
 .data          0x000000000003127c        0x0 obj_cooja/mtype37.a(rimestats.o)
 .data          0x000000000003127c        0x0 obj_cooja/mtype37.a(stimer.o)
 .data          0x000000000003127c        0x0 obj_cooja/mtype37.a(memb.o)
 .data          0x000000000003127c       0x44 obj_cooja/mtype37.a(uip-ds6-route.o)
                0x000000000003128c                nbr_routes
 .data          0x00000000000312c0       0x20 obj_cooja/mtype37.a(uip-icmp6.o)
 .data          0x00000000000312e0        0x0 obj_cooja/mtype37.a(uip-nd6.o)
 .data          0x00000000000312e0        0x0 obj_cooja/mtype37.a(rpl-nbr-policy.)
 .data          0x00000000000312e0        0x2 obj_cooja/mtype37.a(frame802154.o)
 .data          0x00000000000312e2        0x0 /usr/lib/gcc/i686-linux-gnu/4.8/crtendS.o
 .data          0x00000000000312e2        0x0 /usr/lib/gcc/i686-linux-gnu/4.8/../../../i386-linux-gnu/crtn.o

.tm_clone_table
                0x00000000000312e4        0x0
 .tm_clone_table
                0x00000000000312e4        0x0 /usr/lib/gcc/i686-linux-gnu/4.8/crtbeginS.o
 .tm_clone_table
                0x00000000000312e4        0x0 /usr/lib/gcc/i686-linux-gnu/4.8/crtendS.o

.data1
 *(.data1)
                0x00000000000312e4                _edata = .
                0x00000000000312e4                PROVIDE (edata, .)
                0x00000000000312e4                . = .
                0x00000000000312e4                __bss_start = .

.bss            0x0000000000031300     0x8588
 *(.dynbss)
 .dynbss        0x0000000000000000        0x0 /usr/lib/gcc/i686-linux-gnu/4.8/../../../i386-linux-gnu/crti.o
 *(.bss .bss.* .gnu.linkonce.b.*)
 .bss           0x0000000000031300        0x0 /usr/lib/gcc/i686-linux-gnu/4.8/../../../i386-linux-gnu/crti.o
 .bss           0x0000000000031300        0x1 /usr/lib/gcc/i686-linux-gnu/4.8/crtbeginS.o
 *fill*         0x0000000000031301        0x3 
 .bss           0x0000000000031304        0x8 udp-server.co
                0x0000000000031304                my_weight
 *fill*         0x000000000003130c       0x14 
 .bss           0x0000000000031320     0x2030 obj_cooja/mtype37.o
 .bss           0x0000000000033350        0x1 obj_cooja/mtype37.a(simEnvChange.o)
                0x0000000000033350                simDontFallAsleep
 *fill*         0x0000000000033351        0x3 
 .bss           0x0000000000033354        0x4 obj_cooja/mtype37.a(cooja_mt.o)
 .bss           0x0000000000033358        0x4 obj_cooja/mtype37.a(cooja_mtarch.o)
 .bss           0x000000000003335c        0xc obj_cooja/mtype37.a(rtimer-arch.o)
 .bss           0x0000000000033368        0x0 obj_cooja/mtype37.a(beep.o)
 .bss           0x0000000000033368        0x8 obj_cooja/mtype37.a(button-sensor.o)
 .bss           0x0000000000033370        0x0 obj_cooja/mtype37.a(leds-arch.o)
 .bss           0x0000000000033370        0x0 obj_cooja/mtype37.a(moteid.o)
 .bss           0x0000000000033370        0x1 obj_cooja/mtype37.a(pir-sensor.o)
                0x0000000000033370                simPirValue
 *fill*         0x0000000000033371        0x3 
 .bss           0x0000000000033374        0x4 obj_cooja/mtype37.a(rs232.o)
 .bss           0x0000000000033378        0x1 obj_cooja/mtype37.a(vib-sensor.o)
                0x0000000000033378                simVibValue
 .bss           0x0000000000033379        0x0 obj_cooja/mtype37.a(clock.o)
 *fill*         0x0000000000033379        0x7 
 .bss           0x0000000000033380      0x420 obj_cooja/mtype37.a(log.o)
 .bss           0x00000000000337a0      0xfc0 obj_cooja/mtype37.a(cfs-cooja.o)
                0x00000000000337a0                simCFSData
                0x0000000000034740                simCFSSize
                0x0000000000034744                simCFSChanged
                0x0000000000034748                simCFSRead
                0x000000000003474c                simCFSWritten
 .bss           0x0000000000034760       0x24 obj_cooja/mtype37.a(cooja-radio.o)
                0x0000000000034760                simReceivingLR
                0x0000000000034764                simInSizeLR
                0x0000000000034768                simOutSizeLR
                0x000000000003476c                simReceiving
                0x0000000000034770                simInSize
                0x0000000000034774                simOutSize
                0x0000000000034778                LongRangeTransmit
                0x000000000003477c                LongRangeReceiving
 .bss           0x0000000000034784        0xc obj_cooja/mtype37.a(eeprom.o)
                0x0000000000034784                simEEPROMChanged
                0x0000000000034788                simEEPROMRead
                0x000000000003478c                simEEPROMWritten
 .bss           0x0000000000034790        0x0 obj_cooja/mtype37.a(random.o)
 .bss           0x0000000000034790        0xc obj_cooja/mtype37.a(sensors.o)
 .bss           0x000000000003479c        0x1 obj_cooja/mtype37.a(leds.o)
 *fill*         0x000000000003479d        0x3 
 .bss           0x00000000000347a0       0x40 obj_cooja/mtype37.a(dual_conf.o)
                0x00000000000347a0                long_range_radio
 .bss           0x00000000000347e0        0x0 obj_cooja/mtype37.a(autostart.o)
 .bss           0x00000000000347e0        0x5 obj_cooja/mtype37.a(ctimer.o)
 *fill*         0x00000000000347e5        0x3 
 .bss           0x00000000000347e8        0x8 obj_cooja/mtype37.a(etimer.o)
 .bss           0x00000000000347f0        0x0 obj_cooja/mtype37.a(log_message.o)
 *fill*         0x00000000000347f0       0x10 
 .bss           0x0000000000034800      0x1b1 obj_cooja/mtype37.a(process.o)
                0x0000000000034800                process_list
                0x0000000000034804                process_current
 .bss           0x00000000000349b1        0x0 obj_cooja/mtype37.a(residual.o)
 *fill*         0x00000000000349b1        0x3 
 .bss           0x00000000000349b4        0x4 obj_cooja/mtype37.a(rtimer.o)
 .bss           0x00000000000349b8        0x0 obj_cooja/mtype37.a(timer.o)
 *fill*         0x00000000000349b8        0x8 
 .bss           0x00000000000349c0      0x140 obj_cooja/mtype37.a(serial-line.o)
 .bss           0x0000000000034b00        0x0 obj_cooja/mtype37.a(list.o)
 .bss           0x0000000000034b00        0x0 obj_cooja/mtype37.a(ringbuf.o)
 .bss           0x0000000000034b00      0x70c obj_cooja/mtype37.a(sicslowpan.o)
 *fill*         0x000000000003520c       0x14 
 .bss           0x0000000000035220       0xc0 obj_cooja/mtype37.a(uip-ds6-nbr.o)
 .bss           0x00000000000352e0       0x30 obj_cooja/mtype37.a(uip-ds6.o)
 .bss           0x0000000000035310        0xe obj_cooja/mtype37.a(uip6.o)
                0x0000000000035310                uip_ext_bitmap
                0x0000000000035311                uip_ext_len
                0x0000000000035312                uip_ext_opt_offset
 *fill*         0x000000000003531e        0x2 
 .bss           0x0000000000035320       0x6b obj_cooja/mtype37.a(tcpip.o)
 .bss           0x000000000003538b        0x0 obj_cooja/mtype37.a(uip-debug.o)
 *fill*         0x000000000003538b       0x15 
 .bss           0x00000000000353a0      0xcf8 obj_cooja/mtype37.a(uip-packetqueue)
 *fill*         0x0000000000036098        0x8 
 .bss           0x00000000000360a0       0x88 obj_cooja/mtype37.a(rpl-dag.o)
 .bss           0x0000000000036128        0x0 obj_cooja/mtype37.a(rpl-ext-header.)
 .bss           0x0000000000036128        0x0 obj_cooja/mtype37.a(rpl-icmp6.o)
 .bss           0x0000000000036128        0x0 obj_cooja/mtype37.a(rpl-ltmax.o)
 *fill*         0x0000000000036128       0x18 
 .bss           0x0000000000036140       0x60 obj_cooja/mtype37.a(rpl-timers.o)
 .bss           0x00000000000361a0        0x4 obj_cooja/mtype37.a(rpl.o)
 *fill*         0x00000000000361a4       0x1c 
 .bss           0x00000000000361c0      0x288 obj_cooja/mtype37.a(csma.o)
 .bss           0x0000000000036448        0x2 obj_cooja/mtype37.a(framer-802154.o)
 .bss           0x000000000003644a        0x0 obj_cooja/mtype37.a(mac.o)
 *fill*         0x000000000003644a       0x16 
 .bss           0x0000000000036460       0xb1 obj_cooja/mtype37.a(cxmac.o)
 .bss           0x0000000000036511        0x0 obj_cooja/mtype37.a(linkaddr.o)
 *fill*         0x0000000000036511        0xf 
 .bss           0x0000000000036520       0xc4 obj_cooja/mtype37.a(nbr-table.o)
 .bss           0x00000000000365e4        0x0 obj_cooja/mtype37.a(netstack.o)
 *fill*         0x00000000000365e4       0x1c 
 .bss           0x0000000000036600       0xa0 obj_cooja/mtype37.a(packetbuf.o)
 .bss           0x00000000000366a0      0xb80 obj_cooja/mtype37.a(queuebuf.o)
 .bss           0x0000000000037220        0x0 obj_cooja/mtype37.a(nullsec.o)
 .bss           0x0000000000037220        0x0 obj_cooja/mtype37.a(watchdog.o)
 .bss           0x0000000000037220        0x0 obj_cooja/mtype37.a(rimestats.o)
 .bss           0x0000000000037220        0x0 obj_cooja/mtype37.a(stimer.o)
 .bss           0x0000000000037220        0x0 obj_cooja/mtype37.a(memb.o)
 .bss           0x0000000000037220      0x4a8 obj_cooja/mtype37.a(uip-ds6-route.o)
 .bss           0x00000000000376c8       0x18 obj_cooja/mtype37.a(uip-icmp6.o)
 .bss           0x00000000000376e0        0x0 obj_cooja/mtype37.a(uip-nd6.o)
 .bss           0x00000000000376e0       0x44 obj_cooja/mtype37.a(rpl-nbr-policy.)
 .bss           0x0000000000037724        0x0 obj_cooja/mtype37.a(frame802154.o)
 .bss           0x0000000000037724        0x0 /usr/lib/gcc/i686-linux-gnu/4.8/crtendS.o
 .bss           0x0000000000037724        0x0 /usr/lib/gcc/i686-linux-gnu/4.8/../../../i386-linux-gnu/crtn.o
 *(COMMON)
 COMMON         0x0000000000037724        0x8 udp-server.co
                0x0000000000037724                LSA_message_input
                0x0000000000037725                LSA_SR_preamble
                0x0000000000037726                LSA_lr_child
                0x0000000000037727                LSA_converge
                0x0000000000037728                my_sink_reachability
                0x0000000000037729                my_parent_number
                0x000000000003772a                LSA_broadcast_count
                0x000000000003772b                LSA_message_flag
 COMMON         0x000000000003772c       0x68 obj_cooja/mtype37.o
                0x000000000003772c                dio_count
                0x0000000000037730                dis_count
                0x0000000000037734                tcp_output_count
                0x0000000000037738                csma_transmission_count
                0x000000000003773c                dao_ack_fwd_count
                0x0000000000037740                COOJA_radioRxLong
                0x0000000000037744                cxmac_collision_count
                0x0000000000037748                control_message_count
                0x000000000003774c                dao_count
                0x0000000000037750                icmp_count
                0x0000000000037754                COOJA_radioTx
                0x0000000000037758                referenceVar
                0x000000000003775c                cxmac_transmission_count
                0x0000000000037760                dao_ack_count
                0x0000000000037764                data_message_count
                0x0000000000037768                COOJA_radioTxLong
                0x000000000003776c                COOJA_radioRx
                0x0000000000037770                debugfp
                0x0000000000037774                COOJA_radioOn
                0x0000000000037778                LSA_count
                0x000000000003777c                dao_fwd_count
                0x0000000000037780                COOJA_duration
                0x0000000000037784                dio_ack_count
                0x0000000000037788                COOJA_radioOnLong
                0x000000000003778c                sensors_flags
                0x0000000000037790                data_fwd_count
 COMMON         0x0000000000037794        0xc obj_cooja/mtype37.a(simEnvChange.o)
                0x0000000000037794                simEtimerPending
                0x0000000000037798                simProcessRunValue
                0x000000000003779c                simNextExpirationTime
 COMMON         0x00000000000377a0        0x1 obj_cooja/mtype37.a(beep.o)
                0x00000000000377a0                simBeeped
 COMMON         0x00000000000377a1        0x3 obj_cooja/mtype37.a(button-sensor.o)
                0x00000000000377a1                simButtonIsActive
                0x00000000000377a2                simButtonIsDown
                0x00000000000377a3                simButtonChanged
 COMMON         0x00000000000377a4        0x1 obj_cooja/mtype37.a(leds-arch.o)
                0x00000000000377a4                simLedsValue
 *fill*         0x00000000000377a5        0x3 
 COMMON         0x00000000000377a8        0xc obj_cooja/mtype37.a(moteid.o)
                0x00000000000377a8                simRandomSeed
                0x00000000000377ac                simMoteIDChanged
                0x00000000000377b0                simMoteID
 COMMON         0x00000000000377b4        0x2 obj_cooja/mtype37.a(pir-sensor.o)
                0x00000000000377b4                simPirIsActive
                0x00000000000377b5                simPirChanged
 *fill*         0x00000000000377b6        0xa 
 COMMON         0x00000000000377c0      0x820 obj_cooja/mtype37.a(rs232.o)
                0x00000000000377c0                simSerialReceivingFlag
                0x00000000000377c4                simSerialReceivingLength
                0x00000000000377e0                simSerialReceivingData
 COMMON         0x0000000000037fe0        0x2 obj_cooja/mtype37.a(vib-sensor.o)
                0x0000000000037fe0                simVibChanged
                0x0000000000037fe1                simVibIsActive
 *fill*         0x0000000000037fe2        0x2 
 COMMON         0x0000000000037fe4        0x4 obj_cooja/mtype37.a(clock.o)
                0x0000000000037fe4                simCurrentTime
 *fill*         0x0000000000037fe8       0x18 
 COMMON         0x0000000000038000      0x420 obj_cooja/mtype37.a(log.o)
                0x0000000000038000                simLoggedLength
                0x0000000000038004                simLoggedFlag
                0x0000000000038020                simLoggedData
 COMMON         0x0000000000038420      0x240 obj_cooja/mtype37.a(cooja-radio.o)
                0x0000000000038420                simOutDataBuffer
                0x00000000000384a0                simRadioTarget
                0x00000000000384c0                simInDataBufferLR
                0x0000000000038540                simOutDataBufferLR
                0x00000000000385c0                dual_duty_cycle_count
                0x00000000000385e0                simInDataBuffer
 COMMON         0x0000000000038660      0x400 obj_cooja/mtype37.a(eeprom.o)
                0x0000000000038660                simEEPROMData
 COMMON         0x0000000000038a60        0x1 obj_cooja/mtype37.a(sensors.o)
                0x0000000000038a60                sensors_event
 *fill*         0x0000000000038a61        0x3 
 COMMON         0x0000000000038a64        0x4 obj_cooja/mtype37.a(log_message.o)
                0x0000000000038a64                log_fp
 COMMON         0x0000000000038a68        0x1 obj_cooja/mtype37.a(serial-line.o)
                0x0000000000038a68                serial_line_event_message
 COMMON         0x0000000000038a69        0x1 obj_cooja/mtype37.a(sicslowpan.o)
                0x0000000000038a69                p
 *fill*         0x0000000000038a6a       0x16 
 COMMON         0x0000000000038a80       0x50 obj_cooja/mtype37.a(uip-ds6-nbr.o)
                0x0000000000038a80                ds6_lr_addrmap
 *fill*         0x0000000000038ad0       0x10 
 COMMON         0x0000000000038ae0      0x298 obj_cooja/mtype37.a(uip-ds6.o)
                0x0000000000038ae0                uip_ds6_prefix_list
                0x0000000000038b40                uip_ds6_timer_periodic
                0x0000000000038b50                uip_ds6_netif_addr_list_offset
                0x0000000000038b60                uip_ds6_if
                0x0000000000038c58                uip_ds6_timer_ra
                0x0000000000038c60                uip_ds6_addr_size
                0x0000000000038c80                long_uip_ds6_if
 *fill*         0x0000000000038d78        0x8 
 COMMON         0x0000000000038d80      0x8ec obj_cooja/mtype37.a(uip6.o)
                0x0000000000038d80                uip_slen
                0x0000000000038d82                uip_acc32
                0x0000000000038da0                uip_conns
                0x0000000000038e60                uip_lladdr
                0x0000000000038e68                uip_appdata
                0x0000000000038e6c                uip_flags
                0x0000000000038e80                uip_aligned_buf
                0x00000000000394c0                uip_listenports
                0x00000000000394d0                uip_len
                0x00000000000394d2                uip_long_lladdr
                0x00000000000394dc                uip_sappdata
                0x00000000000394e0                uip_udp_conns
                0x0000000000039660                uip_udp_conn
                0x0000000000039664                uip_next_hdr
                0x0000000000039668                uip_conn
 COMMON         0x000000000003966c        0x1 obj_cooja/mtype37.a(tcpip.o)
                0x000000000003966c                tcpip_event
 *fill*         0x000000000003966d       0x13 
 COMMON         0x0000000000039680      0x178 obj_cooja/mtype37.a(rpl-dag.o)
                0x0000000000039680                default_instance
                0x00000000000396a0                instance_table
 COMMON         0x00000000000397f8       0x10 obj_cooja/mtype37.a(linkaddr.o)
                0x00000000000397f8                linkaddr_node_addr
                0x0000000000039800                long_linkaddr_node_addr
 COMMON         0x0000000000039808       0x2e obj_cooja/mtype37.a(packetbuf.o)
                0x0000000000039808                packetbuf_attrs
                0x0000000000039826                packetbuf_addrs
 *fill*         0x0000000000039836        0xa 
 COMMON         0x0000000000039840       0x48 obj_cooja/mtype37.a(rimestats.o)
                0x0000000000039840                rimestats
                0x0000000000039888                . = ALIGN ((. != 0x0)?0x4:0x1)
                0x0000000000039888                . = ALIGN (0x4)
                0x0000000000039888                . = SEGMENT_START ("ldata-segment", .)
                0x0000000000039888                . = ALIGN (0x4)
                0x0000000000039888                _end = .
                0x0000000000039888                PROVIDE (end, .)
                0x0000000000039888                . = DATA_SEGMENT_END (.)

.stab
 *(.stab)

.stabstr
 *(.stabstr)

.stab.excl
 *(.stab.excl)

.stab.exclstr
 *(.stab.exclstr)

.stab.index
 *(.stab.index)

.stab.indexstr
 *(.stab.indexstr)

.comment        0x0000000000000000       0x29
 *(.comment)
 .comment       0x0000000000000000       0x29 /usr/lib/gcc/i686-linux-gnu/4.8/crtbeginS.o
                                         0x2a (size before relaxing)
 .comment       0x0000000000000000       0x2a udp-server.co
 .comment       0x0000000000000000       0x2a obj_cooja/mtype37.o
 .comment       0x0000000000000000       0x2a obj_cooja/mtype37.a(simEnvChange.o)
 .comment       0x0000000000000000       0x2a obj_cooja/mtype37.a(cooja_mt.o)
 .comment       0x0000000000000000       0x2a obj_cooja/mtype37.a(cooja_mtarch.o)
 .comment       0x0000000000000000       0x2a obj_cooja/mtype37.a(rtimer-arch.o)
 .comment       0x0000000000000000       0x2a obj_cooja/mtype37.a(beep.o)
 .comment       0x0000000000000000       0x2a obj_cooja/mtype37.a(button-sensor.o)
 .comment       0x0000000000000000       0x2a obj_cooja/mtype37.a(leds-arch.o)
 .comment       0x0000000000000000       0x2a obj_cooja/mtype37.a(moteid.o)
 .comment       0x0000000000000000       0x2a obj_cooja/mtype37.a(pir-sensor.o)
 .comment       0x0000000000000000       0x2a obj_cooja/mtype37.a(rs232.o)
 .comment       0x0000000000000000       0x2a obj_cooja/mtype37.a(vib-sensor.o)
 .comment       0x0000000000000000       0x2a obj_cooja/mtype37.a(clock.o)
 .comment       0x0000000000000000       0x2a obj_cooja/mtype37.a(log.o)
 .comment       0x0000000000000000       0x2a obj_cooja/mtype37.a(cfs-cooja.o)
 .comment       0x0000000000000000       0x2a obj_cooja/mtype37.a(cooja-radio.o)
 .comment       0x0000000000000000       0x2a obj_cooja/mtype37.a(eeprom.o)
 .comment       0x0000000000000000       0x2a obj_cooja/mtype37.a(random.o)
 .comment       0x0000000000000000       0x2a obj_cooja/mtype37.a(sensors.o)
 .comment       0x0000000000000000       0x2a obj_cooja/mtype37.a(leds.o)
 .comment       0x0000000000000000       0x2a obj_cooja/mtype37.a(dual_conf.o)
 .comment       0x0000000000000000       0x2a obj_cooja/mtype37.a(autostart.o)
 .comment       0x0000000000000000       0x2a obj_cooja/mtype37.a(ctimer.o)
 .comment       0x0000000000000000       0x2a obj_cooja/mtype37.a(etimer.o)
 .comment       0x0000000000000000       0x2a obj_cooja/mtype37.a(log_message.o)
 .comment       0x0000000000000000       0x2a obj_cooja/mtype37.a(process.o)
 .comment       0x0000000000000000       0x2a obj_cooja/mtype37.a(residual.o)
 .comment       0x0000000000000000       0x2a obj_cooja/mtype37.a(rtimer.o)
 .comment       0x0000000000000000       0x2a obj_cooja/mtype37.a(timer.o)
 .comment       0x0000000000000000       0x2a obj_cooja/mtype37.a(serial-line.o)
 .comment       0x0000000000000000       0x2a obj_cooja/mtype37.a(list.o)
 .comment       0x0000000000000000       0x2a obj_cooja/mtype37.a(ringbuf.o)
 .comment       0x0000000000000000       0x2a obj_cooja/mtype37.a(sicslowpan.o)
 .comment       0x0000000000000000       0x2a obj_cooja/mtype37.a(uip-ds6-nbr.o)
 .comment       0x0000000000000000       0x2a obj_cooja/mtype37.a(uip-ds6.o)
 .comment       0x0000000000000000       0x2a obj_cooja/mtype37.a(uip6.o)
 .comment       0x0000000000000000       0x2a obj_cooja/mtype37.a(tcpip.o)
 .comment       0x0000000000000000       0x2a obj_cooja/mtype37.a(uip-debug.o)
 .comment       0x0000000000000000       0x2a obj_cooja/mtype37.a(uip-packetqueue)
 .comment       0x0000000000000000       0x2a obj_cooja/mtype37.a(rpl-dag.o)
 .comment       0x0000000000000000       0x2a obj_cooja/mtype37.a(rpl-ext-header.)
 .comment       0x0000000000000000       0x2a obj_cooja/mtype37.a(rpl-icmp6.o)
 .comment       0x0000000000000000       0x2a obj_cooja/mtype37.a(rpl-ltmax.o)
 .comment       0x0000000000000000       0x2a obj_cooja/mtype37.a(rpl-timers.o)
 .comment       0x0000000000000000       0x2a obj_cooja/mtype37.a(rpl.o)
 .comment       0x0000000000000000       0x2a obj_cooja/mtype37.a(csma.o)
 .comment       0x0000000000000000       0x2a obj_cooja/mtype37.a(framer-802154.o)
 .comment       0x0000000000000000       0x2a obj_cooja/mtype37.a(mac.o)
 .comment       0x0000000000000000       0x2a obj_cooja/mtype37.a(cxmac.o)
 .comment       0x0000000000000000       0x2a obj_cooja/mtype37.a(linkaddr.o)
 .comment       0x0000000000000000       0x2a obj_cooja/mtype37.a(nbr-table.o)
 .comment       0x0000000000000000       0x2a obj_cooja/mtype37.a(netstack.o)
 .comment       0x0000000000000000       0x2a obj_cooja/mtype37.a(packetbuf.o)
 .comment       0x0000000000000000       0x2a obj_cooja/mtype37.a(queuebuf.o)
 .comment       0x0000000000000000       0x2a obj_cooja/mtype37.a(nullsec.o)
 .comment       0x0000000000000000       0x2a obj_cooja/mtype37.a(watchdog.o)
 .comment       0x0000000000000000       0x2a obj_cooja/mtype37.a(rimestats.o)
 .comment       0x0000000000000000       0x2a obj_cooja/mtype37.a(stimer.o)
 .comment       0x0000000000000000       0x2a obj_cooja/mtype37.a(memb.o)
 .comment       0x0000000000000000       0x2a obj_cooja/mtype37.a(uip-ds6-route.o)
 .comment       0x0000000000000000       0x2a obj_cooja/mtype37.a(uip-icmp6.o)
 .comment       0x0000000000000000       0x2a obj_cooja/mtype37.a(uip-nd6.o)
 .comment       0x0000000000000000       0x2a obj_cooja/mtype37.a(rpl-nbr-policy.)
 .comment       0x0000000000000000       0x2a obj_cooja/mtype37.a(frame802154.o)
 .comment       0x0000000000000000       0x2a /usr/lib/gcc/i686-linux-gnu/4.8/crtendS.o

.debug
 *(.debug)

.line
 *(.line)

.debug_srcinfo
 *(.debug_srcinfo)

.debug_sfnames
 *(.debug_sfnames)

.debug_aranges  0x0000000000000000      0x818
 *(.debug_aranges)
 .debug_aranges
                0x0000000000000000       0x20 udp-server.co
 .debug_aranges
                0x0000000000000020       0x20 obj_cooja/mtype37.o
 .debug_aranges
                0x0000000000000040       0x20 obj_cooja/mtype37.a(simEnvChange.o)
 .debug_aranges
                0x0000000000000060       0x20 obj_cooja/mtype37.a(cooja_mt.o)
 .debug_aranges
                0x0000000000000080       0x20 obj_cooja/mtype37.a(cooja_mtarch.o)
 .debug_aranges
                0x00000000000000a0       0x20 obj_cooja/mtype37.a(rtimer-arch.o)
 .debug_aranges
                0x00000000000000c0       0x20 obj_cooja/mtype37.a(beep.o)
 .debug_aranges
                0x00000000000000e0       0x20 obj_cooja/mtype37.a(button-sensor.o)
 .debug_aranges
                0x0000000000000100       0x20 obj_cooja/mtype37.a(leds-arch.o)
 .debug_aranges
                0x0000000000000120       0x20 obj_cooja/mtype37.a(moteid.o)
 .debug_aranges
                0x0000000000000140       0x20 obj_cooja/mtype37.a(pir-sensor.o)
 .debug_aranges
                0x0000000000000160       0x20 obj_cooja/mtype37.a(rs232.o)
 .debug_aranges
                0x0000000000000180       0x20 obj_cooja/mtype37.a(vib-sensor.o)
 .debug_aranges
                0x00000000000001a0       0x20 obj_cooja/mtype37.a(clock.o)
 .debug_aranges
                0x00000000000001c0       0x20 obj_cooja/mtype37.a(log.o)
 .debug_aranges
                0x00000000000001e0       0x20 obj_cooja/mtype37.a(cfs-cooja.o)
 .debug_aranges
                0x0000000000000200       0x20 obj_cooja/mtype37.a(cooja-radio.o)
 .debug_aranges
                0x0000000000000220       0x20 obj_cooja/mtype37.a(eeprom.o)
 .debug_aranges
                0x0000000000000240       0x20 obj_cooja/mtype37.a(random.o)
 .debug_aranges
                0x0000000000000260       0x20 obj_cooja/mtype37.a(sensors.o)
 .debug_aranges
                0x0000000000000280       0x20 obj_cooja/mtype37.a(leds.o)
 .debug_aranges
                0x00000000000002a0       0x20 obj_cooja/mtype37.a(dual_conf.o)
 .debug_aranges
                0x00000000000002c0       0x20 obj_cooja/mtype37.a(autostart.o)
 .debug_aranges
                0x00000000000002e0       0x20 obj_cooja/mtype37.a(ctimer.o)
 .debug_aranges
                0x0000000000000300       0x20 obj_cooja/mtype37.a(etimer.o)
 .debug_aranges
                0x0000000000000320       0x20 obj_cooja/mtype37.a(log_message.o)
 .debug_aranges
                0x0000000000000340       0x20 obj_cooja/mtype37.a(process.o)
 .debug_aranges
                0x0000000000000360       0x20 obj_cooja/mtype37.a(residual.o)
 .debug_aranges
                0x0000000000000380       0x20 obj_cooja/mtype37.a(rtimer.o)
 .debug_aranges
                0x00000000000003a0       0x20 obj_cooja/mtype37.a(timer.o)
 .debug_aranges
                0x00000000000003c0       0x20 obj_cooja/mtype37.a(serial-line.o)
 .debug_aranges
                0x00000000000003e0       0x20 obj_cooja/mtype37.a(list.o)
 .debug_aranges
                0x0000000000000400       0x20 obj_cooja/mtype37.a(ringbuf.o)
 .debug_aranges
                0x0000000000000420       0x20 obj_cooja/mtype37.a(sicslowpan.o)
 .debug_aranges
                0x0000000000000440       0x20 obj_cooja/mtype37.a(uip-ds6-nbr.o)
 .debug_aranges
                0x0000000000000460       0x20 obj_cooja/mtype37.a(uip-ds6.o)
 .debug_aranges
                0x0000000000000480       0x20 obj_cooja/mtype37.a(uip6.o)
 .debug_aranges
                0x00000000000004a0       0x20 obj_cooja/mtype37.a(tcpip.o)
 .debug_aranges
                0x00000000000004c0       0x20 obj_cooja/mtype37.a(uip-debug.o)
 .debug_aranges
                0x00000000000004e0       0x20 obj_cooja/mtype37.a(uip-packetqueue)
 .debug_aranges
                0x0000000000000500       0x20 obj_cooja/mtype37.a(rpl-dag.o)
 .debug_aranges
                0x0000000000000520       0x20 obj_cooja/mtype37.a(rpl-ext-header.)
 .debug_aranges
                0x0000000000000540       0x20 obj_cooja/mtype37.a(rpl-icmp6.o)
 .debug_aranges
                0x0000000000000560       0x20 obj_cooja/mtype37.a(rpl-ltmax.o)
 .debug_aranges
                0x0000000000000580       0x20 obj_cooja/mtype37.a(rpl-timers.o)
 .debug_aranges
                0x00000000000005a0       0x20 obj_cooja/mtype37.a(rpl.o)
 .debug_aranges
                0x00000000000005c0       0x20 obj_cooja/mtype37.a(csma.o)
 .debug_aranges
                0x00000000000005e0       0x20 obj_cooja/mtype37.a(framer-802154.o)
 .debug_aranges
                0x0000000000000600       0x20 obj_cooja/mtype37.a(mac.o)
 .debug_aranges
                0x0000000000000620       0x20 obj_cooja/mtype37.a(cxmac.o)
 .debug_aranges
                0x0000000000000640       0x20 obj_cooja/mtype37.a(linkaddr.o)
 .debug_aranges
                0x0000000000000660       0x20 obj_cooja/mtype37.a(nbr-table.o)
 .debug_aranges
                0x0000000000000680       0x20 obj_cooja/mtype37.a(netstack.o)
 .debug_aranges
                0x00000000000006a0       0x20 obj_cooja/mtype37.a(packetbuf.o)
 .debug_aranges
                0x00000000000006c0       0x20 obj_cooja/mtype37.a(queuebuf.o)
 .debug_aranges
                0x00000000000006e0       0x20 obj_cooja/mtype37.a(nullsec.o)
 .debug_aranges
                0x0000000000000700       0x20 obj_cooja/mtype37.a(watchdog.o)
 .debug_aranges
                0x0000000000000720       0x18 obj_cooja/mtype37.a(rimestats.o)
 .debug_aranges
                0x0000000000000738       0x20 obj_cooja/mtype37.a(stimer.o)
 .debug_aranges
                0x0000000000000758       0x20 obj_cooja/mtype37.a(memb.o)
 .debug_aranges
                0x0000000000000778       0x20 obj_cooja/mtype37.a(uip-ds6-route.o)
 .debug_aranges
                0x0000000000000798       0x20 obj_cooja/mtype37.a(uip-icmp6.o)
 .debug_aranges
                0x00000000000007b8       0x20 obj_cooja/mtype37.a(uip-nd6.o)
 .debug_aranges
                0x00000000000007d8       0x20 obj_cooja/mtype37.a(rpl-nbr-policy.)
 .debug_aranges
                0x00000000000007f8       0x20 obj_cooja/mtype37.a(frame802154.o)

.debug_pubnames
 *(.debug_pubnames)

.debug_info     0x0000000000000000    0x1e877
 *(.debug_info .gnu.linkonce.wi.*)
 .debug_info    0x0000000000000000      0xea7 udp-server.co
 .debug_info    0x0000000000000ea7     0x3b47 obj_cooja/mtype37.o
 .debug_info    0x00000000000049ee      0x15a obj_cooja/mtype37.a(simEnvChange.o)
 .debug_info    0x0000000000004b48      0x1e2 obj_cooja/mtype37.a(cooja_mt.o)
 .debug_info    0x0000000000004d2a      0x2e7 obj_cooja/mtype37.a(cooja_mtarch.o)
 .debug_info    0x0000000000005011      0x16b obj_cooja/mtype37.a(rtimer-arch.o)
 .debug_info    0x000000000000517c      0x1f3 obj_cooja/mtype37.a(beep.o)