Archive member included to satisfy reference by file (symbol)

obj_cooja/mtype632.a(simEnvChange.o)
                              obj_cooja/mtype632.o (simDontFallAsleep)
obj_cooja/mtype632.a(cooja_mt.o)
                              obj_cooja/mtype632.o (cooja_mt_start)
obj_cooja/mtype632.a(cooja_mtarch.o)
                              obj_cooja/mtype632.a(cooja_mt.o) (cooja_mtarch_init)
obj_cooja/mtype632.a(rtimer-arch.o)
                              obj_cooja/mtype632.o (rtimer_arch_next)
obj_cooja/mtype632.a(beep.o)  obj_cooja/mtype632.o (beep_interface)
obj_cooja/mtype632.a(button-sensor.o)
                              obj_cooja/mtype632.o (button_interface)
obj_cooja/mtype632.a(leds-arch.o)
                              obj_cooja/mtype632.o (leds_interface)
obj_cooja/mtype632.a(moteid.o)
                              obj_cooja/mtype632.o (moteid_interface)
obj_cooja/mtype632.a(pir-sensor.o)
                              obj_cooja/mtype632.o (pir_interface)
obj_cooja/mtype632.a(rs232.o)
                              obj_cooja/mtype632.o (rs232_interface)
obj_cooja/mtype632.a(vib-sensor.o)
                              obj_cooja/mtype632.o (vib_interface)
obj_cooja/mtype632.a(clock.o)
                              obj_cooja/mtype632.o (clock_interface)
obj_cooja/mtype632.a(log.o)   obj_cooja/mtype632.o (simlog_interface)
obj_cooja/mtype632.a(cfs-cooja.o)
                              obj_cooja/mtype632.o (cfs_interface)
obj_cooja/mtype632.a(cooja-radio.o)
                              obj_cooja/mtype632.o (radio_interface)
obj_cooja/mtype632.a(eeprom.o)
                              obj_cooja/mtype632.o (eeprom_interface)
obj_cooja/mtype632.a(random.o)
                              obj_cooja/mtype632.a(moteid.o) (random_init)
obj_cooja/mtype632.a(sensors.o)
                              obj_cooja/mtype632.o (sensors_process)
obj_cooja/mtype632.a(autostart.o)
                              obj_cooja/mtype632.o (autostart_start)
obj_cooja/mtype632.a(ctimer.o)
                              obj_cooja/mtype632.o (ctimer_init)
obj_cooja/mtype632.a(etimer.o)
                              obj_cooja/mtype632.o (etimer_process)
obj_cooja/mtype632.a(log_message.o)
                              obj_cooja/mtype632.o (log_initialization)
obj_cooja/mtype632.a(process.o)
                              udp-client.co (process_current)
obj_cooja/mtype632.a(residual.o)
                              udp-client.co (DISSIPATION_RATE)
obj_cooja/mtype632.a(rtimer.o)
                              obj_cooja/mtype632.a(rtimer-arch.o) (rtimer_run_next)
obj_cooja/mtype632.a(stimer.o)
                              udp-client.co (stimer_remaining)
obj_cooja/mtype632.a(timer.o)
                              obj_cooja/mtype632.a(button-sensor.o) (timer_set)
obj_cooja/mtype632.a(serial-line.o)
                              udp-client.co (serial_line_event_message)
obj_cooja/mtype632.a(list.o)  obj_cooja/mtype632.a(ctimer.o) (list_init)
obj_cooja/mtype632.a(ringbuf.o)
                              obj_cooja/mtype632.a(serial-line.o) (ringbuf_init)
obj_cooja/mtype632.a(sicslowpan.o)
                              obj_cooja/mtype632.o (sicslowpan_driver)
obj_cooja/mtype632.a(uip-ds6-nbr.o)
                              obj_cooja/mtype632.a(sicslowpan.o) (uip_ds6_link_neighbor_callback)
obj_cooja/mtype632.a(uip-ds6-route.o)
                              udp-client.co (uip_ds6_route_nexthop)
obj_cooja/mtype632.a(uip-ds6.o)
                              udp-client.co (uip_ds6_if)
obj_cooja/mtype632.a(uip6.o)  udp-client.co (uip_lladdr)
obj_cooja/mtype632.a(tcpip.o)
                              udp-client.co (tcpip_event)
obj_cooja/mtype632.a(uip-debug.o)
                              udp-client.co (uip_debug_ipaddr_print)
obj_cooja/mtype632.a(uip-packetqueue)
                              obj_cooja/mtype632.a(uip-ds6-nbr.o) (uip_packetqueue_new)
obj_cooja/mtype632.a(uip-udp-packet.)
                              udp-client.co (uip_udp_packet_sendto)
obj_cooja/mtype632.a(rpl-dag.o)
                              obj_cooja/mtype632.a(tcpip.o) (rpl_repair_root)
obj_cooja/mtype632.a(rpl-ext-header.)
                              obj_cooja/mtype632.a(uip6.o) (rpl_verify_header)
obj_cooja/mtype632.a(rpl-icmp6.o)
                              obj_cooja/mtype632.a(rpl-dag.o) (rpl_icmp6_update_nbr_table)
obj_cooja/mtype632.a(rpl-ltmax.o)
                              obj_cooja/mtype632.a(rpl-dag.o) (rpl_ltmax_of)
obj_cooja/mtype632.a(rpl-timers.o)
                              obj_cooja/mtype632.a(rpl-dag.o) (rpl_reset_dio_timer)
obj_cooja/mtype632.a(rpl.o)   obj_cooja/mtype632.a(rpl-icmp6.o) (rpl_get_mode)
obj_cooja/mtype632.a(csma.o)  obj_cooja/mtype632.o (csma_driver)
obj_cooja/mtype632.a(framer-802154.o)
                              obj_cooja/mtype632.a(sicslowpan.o) (framer_802154)
obj_cooja/mtype632.a(mac.o)   obj_cooja/mtype632.a(csma.o) (mac_call_sent_callback)
obj_cooja/mtype632.a(cxmac.o)
[...]
Memory Configuration

Name             Origin             Length             Attributes
*default*        0x0000000000000000 0xffffffffffffffff

Linker script and memory map

LOAD /usr/lib/gcc/i686-linux-gnu/4.8/../../../i386-linux-gnu/crti.o
LOAD /usr/lib/gcc/i686-linux-gnu/4.8/crtbeginS.o
LOAD udp-client.co
LOAD obj_cooja/mtype632.o
LOAD obj_cooja/mtype632.a
LOAD /usr/lib/gcc/i686-linux-gnu/4.8/libgcc.a
LOAD /usr/lib/gcc/i686-linux-gnu/4.8/libgcc_s.so
LOAD /usr/lib/gcc/i686-linux-gnu/4.8/../../../i386-linux-gnu/libc.so
START GROUP
LOAD /lib/i386-linux-gnu/libc.so.6
LOAD /usr/lib/i386-linux-gnu/libc_nonshared.a
LOAD /lib/i386-linux-gnu/ld-linux.so.2
END GROUP
LOAD /usr/lib/gcc/i686-linux-gnu/4.8/libgcc.a
LOAD /usr/lib/gcc/i686-linux-gnu/4.8/libgcc_s.so
LOAD /usr/lib/gcc/i686-linux-gnu/4.8/crtendS.o
LOAD /usr/lib/gcc/i686-linux-gnu/4.8/../../../i386-linux-gnu/crtn.o
                0x0000000000000114                . = (0x0 + SIZEOF_HEADERS)

.note.gnu.build-id
                0x0000000000000114       0x24
 *(.note.gnu.build-id)
 .note.gnu.build-id
                0x0000000000000114       0x24 /usr/lib/gcc/i686-linux-gnu/4.8/../../../i386-linux-gnu/crti.o

.hash
 *(.hash)

.gnu.hash       0x0000000000000138     0x1304
 *(.gnu.hash)
 .gnu.hash      0x0000000000000138     0x1304 /usr/lib/gcc/i686-linux-gnu/4.8/../../../i386-linux-gnu/crti.o

.dynsym         0x000000000000143c     0x2470
 *(.dynsym)
 .dynsym        0x000000000000143c     0x2470 /usr/lib/gcc/i686-linux-gnu/4.8/../../../i386-linux-gnu/crti.o

.dynstr         0x00000000000038ac     0x2544
 *(.dynstr)
 .dynstr        0x00000000000038ac     0x2544 /usr/lib/gcc/i686-linux-gnu/4.8/../../../i386-linux-gnu/crti.o

.gnu.version    0x0000000000005df0      0x48e
 *(.gnu.version)
 .gnu.version   0x0000000000005df0      0x48e /usr/lib/gcc/i686-linux-gnu/4.8/../../../i386-linux-gnu/crti.o

.gnu.version_d  0x0000000000006280        0x0
 *(.gnu.version_d)
 .gnu.version_d
                0x0000000000000000        0x0 /usr/lib/gcc/i686-linux-gnu/4.8/../../../i386-linux-gnu/crti.o

.gnu.version_r  0x0000000000006280       0x50
 *(.gnu.version_r)
 .gnu.version_r
                0x0000000000006280       0x50 /usr/lib/gcc/i686-linux-gnu/4.8/../../../i386-linux-gnu/crti.o

.rel.dyn        0x00000000000062d0     0x8990
 *(.rel.init)
 .rel.init      0x0000000000000000        0x0 /usr/lib/gcc/i686-linux-gnu/4.8/../../../i386-linux-gnu/crti.o
 *(.rel.text .rel.text.* .rel.gnu.linkonce.t.*)
 .rel.text      0x00000000000062d0     0x81e8 /usr/lib/gcc/i686-linux-gnu/4.8/../../../i386-linux-gnu/crti.o
 *(.rel.fini)
 .rel.fini      0x0000000000000000        0x0 /usr/lib/gcc/i686-linux-gnu/4.8/../../../i386-linux-gnu/crti.o
 *(.rel.rodata .rel.rodata.* .rel.gnu.linkonce.r.*)
 .rel.rodata    0x000000000000e4b8      0x4e0 /usr/lib/gcc/i686-linux-gnu/4.8/../../../i386-linux-gnu/crti.o
 *(.rel.data.rel.ro .rel.data.rel.ro.* .rel.gnu.linkonce.d.rel.ro.*)
 *(.rel.data .rel.data.* .rel.gnu.linkonce.d.*)
 .rel.data.rel  0x000000000000e998        0x8 /usr/lib/gcc/i686-linux-gnu/4.8/../../../i386-linux-gnu/crti.o
 .rel.data      0x000000000000e9a0      0x288 /usr/lib/gcc/i686-linux-gnu/4.8/../../../i386-linux-gnu/crti.o
 *(.rel.tdata .rel.tdata.* .rel.gnu.linkonce.td.*)
 *(.rel.tbss .rel.tbss.* .rel.gnu.linkonce.tb.*)
 *(.rel.ctors)
 *(.rel.dtors)
 *(.rel.got)
 .rel.got       0x000000000000ec28       0x28 /usr/lib/gcc/i686-linux-gnu/4.8/../../../i386-linux-gnu/crti.o
 *(.rel.bss .rel.bss.* .rel.gnu.linkonce.b.*)
 *(.rel.ifunc)
 .rel.ifunc     0x0000000000000000        0x0 /usr/lib/gcc/i686-linux-gnu/4.8/../../../i386-linux-gnu/crti.o
 .rel.fini_array
                0x000000000000ec50        0x8 /usr/lib/gcc/i686-linux-gnu/4.8/../../../i386-linux-gnu/crti.o
 .rel.init_array
                0x000000000000ec58        0x8 /usr/lib/gcc/i686-linux-gnu/4.8/../../../i386-linux-gnu/crti.o

.rel.plt        0x000000000000ec60       0x10
 *(.rel.plt)
 .rel.plt       0x000000000000ec60       0x10 /usr/lib/gcc/i686-linux-gnu/4.8/../../../i386-linux-gnu/crti.o
 *(.rel.iplt)

.init           0x000000000000ec70       0x23
 *(SORT(.init))
 .init          0x000000000000ec70       0x1e /usr/lib/gcc/i686-linux-gnu/4.8/../../../i386-linux-gnu/crti.o
                0x000000000000ec70                _init
 .init          0x000000000000ec8e        0x5 /usr/lib/gcc/i686-linux-gnu/4.8/../../../i386-linux-gnu/crtn.o

.plt            0x000000000000eca0       0x30
 *(.plt)
 .plt           0x000000000000eca0       0x30 /usr/lib/gcc/i686-linux-gnu/4.8/../../../i386-linux-gnu/crti.o
 *(.iplt)

.text           0x000000000000ecd0    0x1540e
 *(.text.unlikely .text.*_unlikely .text.unlikely.*)
 *(.text.exit .text.exit.*)
 *(.text.startup .text.startup.*)
 *(.text.hot .text.hot.*)
 *(.text .stub .text.* .gnu.linkonce.t.*)
 .text          0x000000000000ecd0        0x0 /usr/lib/gcc/i686-linux-gnu/4.8/../../../i386-linux-gnu/crti.o
 .gnu.linkonce.t.__x86.get_pc_thunk.bx
                0x000000000000ecd0        0x4 /usr/lib/gcc/i686-linux-gnu/4.8/../../../i386-linux-gnu/crti.o
                0x000000000000ecd0                __x86.get_pc_thunk.bx
 *fill*         0x000000000000ecd4        0xc 
 .text          0x000000000000ece0      0x11b /usr/lib/gcc/i686-linux-gnu/4.8/crtbeginS.o
 .text          0x000000000000edfb      0x88c udp-client.co
 .text          0x000000000000f687      0x734 obj_cooja/mtype632.o
                0x000000000000f7bd                contiki_init
                0x000000000000fbd2                Java_org_contikios_cooja_corecomm_Lib2_init
                0x000000000000fc12                Java_org_contikios_cooja_corecomm_Lib2_getMemory
                0x000000000000fc52                Java_org_contikios_cooja_corecomm_Lib2_setMemory
                0x000000000000fcc9                Java_org_contikios_cooja_corecomm_Lib2_tick
                0x000000000000fda9                Java_org_contikios_cooja_corecomm_Lib2_setReferenceAddress
 .text          0x000000000000fdbb       0x63 obj_cooja/mtype632.a(simEnvChange.o)
                0x000000000000fdbb                doActionsBeforeTick
                0x000000000000fdec                doActionsAfterTick
 .text          0x000000000000fe1e       0xbc obj_cooja/mtype632.a(cooja_mt.o)
                0x000000000000fe1e                cooja_mt_init
                0x000000000000fe2b                cooja_mt_remove
                0x000000000000fe38                cooja_mt_start
                0x000000000000fe65                cooja_mt_exec
                0x000000000000fe96                cooja_mt_exit
                0x000000000000feb8                cooja_mt_yield
 .text          0x000000000000feda      0x115 obj_cooja/mtype632.a(cooja_mtarch.o)
                0x000000000000feda                cooja_mtarch_init
                0x000000000000fedf                cooja_mtarch_start
                0x000000000000ff5a                cooja_sw
                0x000000000000ff7c                cooja_mtarch_exec
                0x000000000000ff98                cooja_mtarch_remove
                0x000000000000ff9d                cooja_mtarch_yield
                0x000000000000ffa7                cooja_mtarch_pstop
                0x000000000000ffac                cooja_mtarch_pstart
                0x000000000000ffb1                cooja_mtarch_stack_usage
 .text          0x000000000000ffef       0xc2 obj_cooja/mtype632.a(rtimer-arch.o)
                0x000000000000ffef                rtimer_arch_init
                0x0000000000010012                rtimer_arch_schedule
                0x0000000000010029                rtimer_arch_next
                0x0000000000010033                rtimer_arch_pending
                0x000000000001003d                rtimer_arch_check
                0x000000000001006f                rtimer_arch_now
 .text          0x00000000000100b1       0x76 obj_cooja/mtype632.a(beep.o)
                0x00000000000100b1                beep_alarm
                0x00000000000100bd                beep_beep
                0x00000000000100c9                beep
                0x00000000000100d5                beep_down
                0x00000000000100e1                beep_on
                0x00000000000100ed                beep_off
                0x00000000000100f9                beep_spinup
                0x0000000000010105                beep_quick
                0x0000000000010111                beep_long
 .text          0x0000000000010127      0x103 obj_cooja/mtype632.a(button-sensor.o)
 .text          0x000000000001022a       0x45 obj_cooja/mtype632.a(leds-arch.o)
                0x000000000001022a                leds_arch_init
                0x0000000000010236                leds_arch_get
                0x0000000000010242                leds_arch_set
 .text          0x000000000001026f       0x2f obj_cooja/mtype632.a(moteid.o)
 .text          0x000000000001029e       0xb1 obj_cooja/mtype632.a(pir-sensor.o)
 .text          0x000000000001034f      0x131 obj_cooja/mtype632.a(rs232.o)
                0x000000000001034f                rs232_init
                0x0000000000010354                rs232_set_speed
                0x0000000000010362                rs232_set_input
                0x000000000001036f                rs232_send
                0x0000000000010391                rs232_print
                0x00000000000103ac                slip_arch_writeb
 .text          0x0000000000010480       0xb1 obj_cooja/mtype632.a(vib-sensor.o)
 .text          0x0000000000010531       0x34 obj_cooja/mtype632.a(clock.o)
                0x0000000000010531                clock_init
                0x0000000000010536                clock_time
                0x0000000000010540                clock_seconds
                0x0000000000010556                clock_delay
 .text          0x0000000000010565      0x1ed obj_cooja/mtype632.a(log.o)
                0x0000000000010565                simlog_char
                0x00000000000105a7                simlog
                0x0000000000010614                log_message
                0x000000000001063c                log_set_putchar_with_slip
                0x0000000000010649                log_putchar
                0x00000000000106cd                log_puts
                0x00000000000106f1                log_printf
 .text          0x0000000000010752      0x2c4 obj_cooja/mtype632.a(cfs-cooja.o)
                0x0000000000010752                cfs_open
                0x00000000000107bb                cfs_close
                0x00000000000107c7                cfs_read
                0x0000000000010865                cfs_write
                0x0000000000010942                cfs_seek
                0x00000000000109ca                cfs_remove
                0x00000000000109f3                cfs_opendir
                0x00000000000109fd                cfs_readdir
                0x0000000000010a07                cfs_closedir
 .text          0x0000000000010a16      0x3e8 obj_cooja/mtype632.a(cooja-radio.o)
                0x0000000000010a40                radio_set_channel
                0x0000000000010a4d                radio_set_txpower
                0x0000000000010a64                radio_signal_strength_last
                0x0000000000010a6e                radio_signal_strength_current
                0x0000000000010a78                radio_LQI
 .text          0x0000000000010dfe       0xef obj_cooja/mtype632.a(eeprom.o)
                0x0000000000010dfe                eeprom_init
                0x0000000000010e03                eeprom_read
                0x0000000000010e73                eeprom_write
 .text          0x0000000000010eed       0x28 obj_cooja/mtype632.a(random.o)
                0x0000000000010eed                random_init
                0x0000000000010f08                random_rand
 .text          0x0000000000010f15      0x2a1 obj_cooja/mtype632.a(sensors.o)
                0x0000000000010f50                sensors_first
                0x0000000000010f5a                sensors_next
                0x0000000000010f77                sensors_changed
                0x0000000000010fa6                sensors_find
 .text          0x00000000000111b6       0x8e obj_cooja/mtype632.a(autostart.o)
                0x00000000000111b6                autostart_start
                0x0000000000011201                autostart_exit
 .text          0x0000000000011244      0x334 obj_cooja/mtype632.a(ctimer.o)
                0x000000000001135b                ctimer_init
                0x000000000001138b                ctimer_set
                0x00000000000113bc                ctimer_set_with_process
                0x0000000000011438                ctimer_reset
                0x0000000000011487                ctimer_restart
                0x00000000000114d6                ctimer_stop
                0x0000000000011521                ctimer_expired
 .text          0x0000000000011578      0x40b obj_cooja/mtype632.a(etimer.o)
                0x000000000001178b                etimer_request_poll
                0x000000000001180f                etimer_set
                0x0000000000011834                etimer_reset_with_new_interval
                0x000000000001185b                etimer_reset
                0x0000000000011879                etimer_restart
                0x0000000000011897                etimer_adjust
                0x00000000000118b3                etimer_expired
                0x00000000000118c6                etimer_expiration_time
                0x00000000000118d8                etimer_start_time
                0x00000000000118e2                etimer_pending
                0x00000000000118f4                etimer_next_expiration_time
                0x000000000001190e                etimer_stop
 .text          0x0000000000011983      0x1f8 obj_cooja/mtype632.a(log_message.o)
                0x0000000000011983                log_initialization
                0x0000000000011b5a                log_finisher
 .text          0x0000000000011b7b      0x560 obj_cooja/mtype632.a(process.o)
                0x0000000000011b7b                process_alloc_event
                0x0000000000011b90                process_start
                0x0000000000011d79                process_exit
                0x0000000000011d95                process_init
                0x0000000000011f66                process_run
                0x0000000000011f99                process_nevents
                0x0000000000011fb4                process_post
                0x0000000000012060                process_post_synch
                0x0000000000012098                process_poll
                0x00000000000120c7                process_is_running
 .text          0x00000000000120db       0x8b obj_cooja/mtype632.a(residual.o)
                0x00000000000120db                get_residual_energy
 .text          0x0000000000012166       0xba obj_cooja/mtype632.a(rtimer.o)
                0x0000000000012166                rtimer_init
                0x0000000000012173                rtimer_set
                0x00000000000121ca                rtimer_run_next
 .text          0x0000000000012220       0xa3 obj_cooja/mtype632.a(stimer.o)
                0x0000000000012220                stimer_set
                0x000000000001223b                stimer_reset
                0x0000000000012252                stimer_restart
                0x0000000000012264                stimer_expired
                0x000000000001228b                stimer_remaining
                0x00000000000122af                stimer_elapsed
 .text          0x00000000000122c3       0x91 obj_cooja/mtype632.a(timer.o)
                0x00000000000122c3                timer_set
                0x00000000000122de                timer_reset
                0x00000000000122f5                timer_restart
                0x0000000000012307                timer_expired
                0x0000000000012330                timer_remaining
 .text          0x0000000000012354      0x1fb obj_cooja/mtype632.a(serial-line.o)
                0x0000000000012354                serial_line_input_byte
                0x0000000000012517                serial_line_init
 .text          0x000000000001254f      0x244 obj_cooja/mtype632.a(list.o)
                0x000000000001254f                list_init
                0x000000000001255d                list_head
                0x0000000000012567                list_copy
                0x0000000000012576                list_tail
                0x00000000000125ac                list_add
                0x00000000000125f5                list_push
                0x0000000000012621                list_chop
                0x000000000001268b                list_pop
                0x00000000000126b3                list_remove
                0x000000000001271a                list_length
                0x0000000000012748                list_insert
                0x000000000001277c                list_item_next
 .text          0x0000000000012793      0x155 obj_cooja/mtype632.a(ringbuf.o)
                0x0000000000012793                ringbuf_init
                0x00000000000127c4                ringbuf_put
                0x0000000000012842                ringbuf_get
                0x00000000000128af                ringbuf_size
                0x00000000000128c1                ringbuf_elements
 .text          0x00000000000128e8     0x258b obj_cooja/mtype632.a(sicslowpan.o)
                0x0000000000012e72                rime_sniffer_add
                0x0000000000012e7f                rime_sniffer_remove
                0x0000000000014e12                sicslowpan_init
                0x0000000000014e69                sicslowpan_get_last_rssi
 .text          0x0000000000014e73      0x298 obj_cooja/mtype632.a(uip-ds6-nbr.o)
                0x0000000000014e90                uip_ds6_neighbors_init
                0x0000000000014ead                uip_ds6_nbr_add
                0x0000000000014f35                uip_ds6_nbr_rm
                0x0000000000014f77                uip_ds6_nbr_get_ipaddr
                0x0000000000014f8c                uip_ds6_nbr_get_ll
                0x0000000000014fa8                uip_ds6_nbr_num
                0x0000000000014fed                uip_ds6_nbr_lookup
                0x0000000000015052                uip_ds6_nbr_ll_lookup
                0x000000000001506e                uip_ds6_nbr_ipaddr_from_lladdr
                0x0000000000015094                uip_ds6_nbr_lladdr_from_ipaddr
                0x00000000000150c2                uip_ds6_link_neighbor_callback
 .text          0x000000000001510b      0x916 obj_cooja/mtype632.a(uip-ds6-route.o)
                0x0000000000015182                uip_ds6_notification_add
                0x00000000000151b3                uip_ds6_notification_rm
                0x00000000000151cf                uip_ds6_route_init
                0x0000000000015257                uip_ds6_route_nexthop
                0x000000000001527f                uip_ds6_route_head
                0x0000000000015294                uip_ds6_route_next
                0x00000000000152ba                uip_ds6_route_is_nexthop
                0x00000000000152f9                uip_ds6_route_num_routes
                0x0000000000015303                uip_ds6_route_lookup
                0x00000000000153c5                uip_ds6_route_add
                0x00000000000155f9                uip_ds6_route_rm
                0x000000000001578d                uip_ds6_route_rm_by_nexthop
                0x00000000000157c5                uip_ds6_defrt_add
                0x0000000000015876                uip_ds6_defrt_rm
                0x00000000000158f5                uip_ds6_defrt_lookup
                0x000000000001594e                uip_ds6_defrt_choose
                0x00000000000159b9                uip_ds6_defrt_periodic
 .text          0x0000000000015a21      0xb97 obj_cooja/mtype632.a(uip-ds6.o)
                0x0000000000015a21                uip_ds6_init
                0x0000000000015bf4                uip_ds6_periodic
                0x0000000000015c6d                uip_ds6_list_loop
                0x0000000000015d14                uip_ds6_prefix_add
                0x0000000000015dd2                uip_ds6_prefix_rm
                0x0000000000015de4                uip_ds6_prefix_lookup
                0x0000000000015e35                uip_ds6_is_addr_onlink
                0x0000000000015ea9                uip_ds6_addr_add
                0x0000000000015fd7                uip_ds6_addr_rm
                0x0000000000016077                uip_ds6_addr_lookup
                0x00000000000160c2                uip_ds6_get_link_local
                0x0000000000016141                uip_ds6_get_global
                0x00000000000161c0                uip_ds6_maddr_add
                0x0000000000016232                uip_ds6_maddr_rm
                0x0000000000016244                uip_ds6_maddr_lookup
                0x000000000001628f                uip_ds6_aaddr_add
                0x0000000000016301                uip_ds6_aaddr_rm
                0x0000000000016313                uip_ds6_aaddr_lookup
                0x000000000001635e                uip_ds6_select_src
                0x00000000000164a3                uip_ds6_set_addr_iid
                0x00000000000164da                get_match_length
                0x000000000001656c                uip_ds6_compute_reachable_time
 .text          0x00000000000165b8     0x29d8 obj_cooja/mtype632.a(uip6.o)
                0x00000000000165b8                uip_add32
                0x0000000000016751                uip_chksum
                0x000000000001683f                uip_icmp6chksum
                0x0000000000016853                uip_tcpchksum
                0x0000000000016867                uip_udpchksum
                0x000000000001687b                uip_init
                0x000000000001694b                uip_connect
                0x0000000000016afa                remove_ext_hdr
                0x0000000000016bcf                uip_udp_new
                0x0000000000016d2b                uip_unlisten
                0x0000000000016d8b                uip_listen
                0x000000000001704d                uip_process
                0x0000000000018e84                uip_htons
                0x0000000000018ea6                uip_htonl
                0x0000000000018ee6                uip_send
 .text          0x0000000000018f90      0x98e obj_cooja/mtype632.a(tcpip.o)
                0x0000000000018f90                tcpip_output
                0x0000000000018fcb                tcpip_set_outputfunc
                0x000000000001905f                tcp_connect
                0x00000000000190b4                tcp_unlisten
                0x000000000001910f                tcp_listen
                0x0000000000019168                tcp_attach
                0x000000000001918d                udp_attach
                0x00000000000191b2                udp_new
                0x0000000000019204                udp_broadcast_new
                0x0000000000019478                tcpip_input
                0x00000000000194ac                tcpip_ipv6_output
                0x0000000000019764                tcpip_poll_udp
                0x0000000000019787                tcpip_poll_tcp
                0x00000000000197aa                tcpip_uipcall
 .text          0x000000000001991e      0x1c1 obj_cooja/mtype632.a(uip-debug.o)
                0x000000000001991e                uip_debug_ipaddr_print
                0x0000000000019a80                uip_debug_lladdr_print
 .text          0x0000000000019adf      0x141 obj_cooja/mtype632.a(uip-packetqueue)
                0x0000000000019b0b                uip_packetqueue_new
                0x0000000000019b19                uip_packetqueue_alloc
                0x0000000000019b79                uip_packetqueue_free
                0x0000000000019bba                uip_packetqueue_buf
                0x0000000000019bd7                uip_packetqueue_buflen
                0x0000000000019bf8                uip_packetqueue_set_buflen
 .text          0x0000000000019c20      0x131 obj_cooja/mtype632.a(uip-udp-packet.)
                0x0000000000019c20                uip_udp_packet_send
                0x0000000000019c80                uip_udp_packet_sendto
 .text          0x0000000000019d51     0x25ac obj_cooja/mtype632.a(rpl-dag.o)
                0x0000000000019d51                rpl_print_neighbor_list
                0x0000000000019dfa                rpl_print_child_neighbor_list
                0x0000000000019e6f                rpl_get_nbr
                0x0000000000019ec9                rpl_get_nbr_child
                0x0000000000019f23                rpl_dag_init
                0x0000000000019f55                rpl_get_parent
                0x0000000000019f77                rpl_get_parent_rank
                0x0000000000019faa                rpl_get_parent_link_metric
                0x0000000000019fdd                rpl_get_parent_ipaddr
                0x000000000001a007                rpl_get_child_ipaddr
                0x000000000001a322                rpl_set_root
                0x000000000001a550                rpl_repair_root
                0x000000000001a78c                rpl_set_prefix
                0x000000000001a88b                rpl_set_default_route
                0x000000000001a917                rpl_alloc_instance
                0x000000000001a99f                rpl_alloc_dag
                0x000000000001aa52                rpl_set_default_instance
                0x000000000001aa5f                rpl_get_default_instance
                0x000000000001aa69                rpl_free_instance
                0x000000000001ab0a                rpl_free_dag
                0x000000000001ab70                rpl_add_parent
                0x000000000001ac59                rpl_find_parent
                0x000000000001ac89                rpl_add_child
                0x000000000001ad2d                rpl_find_child
                0x000000000001ad7b                rpl_find_parent_any_dag
                0x000000000001adb7                rpl_select_dag
                0x000000000001b1da                rpl_select_parent
                0x000000000001b23c                rpl_remove_parent
                0x000000000001b272                rpl_remove_child
                0x000000000001b28e                rpl_nullify_parent
                0x000000000001b32c                rpl_move_parent
                0x000000000001b3c9                rpl_has_downward_route
                0x000000000001b41c                rpl_get_any_dag
                0x000000000001b47e                rpl_get_instance
                0x000000000001b4e1                rpl_find_of
                0x000000000001b51e                rpl_join_instance
                0x000000000001b7a0                rpl_add_dag
                0x000000000001bb8f                rpl_local_repair
                0x000000000001bc68                rpl_recalculate_ranks
                0x000000000001bcee                rpl_process_parent_event
                0x000000000001bda0                rpl_process_dio
 .text          0x000000000001c2fd      0xbf3 obj_cooja/mtype632.a(rpl-ext-header.)
                0x000000000001c31a                rpl_verify_header
                0x000000000001c794                rpl_update_header_empty
                0x000000000001caab                rpl_update_header_final
                0x000000000001cc3a                rpl_remove_header
                0x000000000001cd44                rpl_invert_header
                0x000000000001cece                rpl_insert_header
 .text          0x000000000001cef0     0x1fa3 obj_cooja/mtype632.a(rpl-icmp6.o)
                0x000000000001d1b9                rpl_icmp6_update_nbr_table
                0x000000000001d2a9                dis_output
                0x000000000001db55                dio_output
                0x000000000001ea8b                dao_output
                0x000000000001eb53                dao_output_target
                0x000000000001ee47                dao_ack_output
                0x000000000001ee5b                rpl_icmp6_register_handlers
 .text          0x000000000001ee93      0x334 obj_cooja/mtype632.a(rpl-ltmax.o)
 .text          0x000000000001f1c7      0x5ac obj_cooja/mtype632.a(rpl-timers.o)
                0x000000000001f41c                rpl_reset_periodic_timer
                0x000000000001f471                rpl_reset_dio_timer
                0x000000000001f6ab                rpl_schedule_dao
                0x000000000001f6c6                rpl_schedule_dao_immediately
                0x000000000001f6e1                rpl_cancel_dao
                0x000000000001f743                rpl_schedule_unicast_dio_immediately
 .text          0x000000000001f773      0x5c5 obj_cooja/mtype632.a(rpl.o)
                0x000000000001f773                rpl_get_mode
                0x000000000001f77d                rpl_set_mode
                0x000000000001f80b                rpl_purge_routes
                0x000000000001f905                rpl_remove_routes
                0x000000000001f94b                rpl_remove_routes_by_nexthop
                0x000000000001f9b7                rpl_add_route
                0x000000000001fa32                rpl_link_neighbor_callback
                0x000000000001fb37                rpl_ipv6_neighbor_callback
                0x000000000001fba6                rpl_purge_dags
                0x000000000001fcb2                rpl_init
 .text          0x000000000001fd38      0x83e obj_cooja/mtype632.a(csma.o)
 .text          0x0000000000020576      0x3f5 obj_cooja/mtype632.a(framer-802154.o)
 .text          0x000000000002096b       0x3c obj_cooja/mtype632.a(mac.o)
                0x000000000002096b                mac_call_sent_callback
 .text          0x00000000000209a7      0xa7b obj_cooja/mtype632.a(cxmac.o)
                0x0000000000021383                cxmac_set_announcement_radio_txpower
                0x0000000000021388                cxmac_init
 .text          0x0000000000021422       0x67 obj_cooja/mtype632.a(linkaddr.o)
                0x0000000000021422                linkaddr_copy
                0x0000000000021444                linkaddr_cmp
                0x000000000002146e                linkaddr_set_node_addr
 .text          0x0000000000021489      0x769 obj_cooja/mtype632.a(nbr-table.o)
                0x00000000000218e8                nbr_table_register
                0x0000000000021930                nbr_table_head
                0x000000000002198c                nbr_table_next
                0x00000000000219f3                nbr_table_add_lladdr
                0x0000000000021acf                nbr_table_get_from_lladdr
                0x0000000000021b1c                nbr_table_remove
                0x0000000000021b6e                nbr_table_lock
                0x0000000000021b98                nbr_table_unlock
                0x0000000000021bc2                nbr_table_get_lladdr
 .text          0x0000000000021bf2       0x2b obj_cooja/mtype632.a(netstack.o)
                0x0000000000021bf2                netstack_init
 .text          0x0000000000021c1d      0x3cd obj_cooja/mtype632.a(packetbuf.o)
                0x0000000000021c1d                packetbuf_clear
                0x0000000000021c47                packetbuf_copyfrom
                0x0000000000021c99                packetbuf_compact
                0x0000000000021d16                packetbuf_copyto
                0x0000000000021dad                packetbuf_hdralloc
                0x0000000000021e2a                packetbuf_hdrreduce
                0x0000000000021e72                packetbuf_set_datalen
                0x0000000000021e8b                packetbuf_dataptr
                0x0000000000021ea8                packetbuf_hdrptr
                0x0000000000021eb2                packetbuf_datalen
                0x0000000000021ebe                packetbuf_hdrlen
                0x0000000000021ed5                packetbuf_totlen
                0x0000000000021eeb                packetbuf_attr_clear
                0x0000000000021f3d                packetbuf_attr_copyto
                0x0000000000021f86                packetbuf_attr_copyfrom
                0x0000000000021fce                packetbuf_holds_broadcast
 .text          0x0000000000021fea      0x2b4 obj_cooja/mtype632.a(queuebuf.o)
                0x0000000000021ff4                queuebuf_init
                0x0000000000022014                queuebuf_numfree
                0x0000000000022028                queuebuf_new_from_packetbuf
                0x00000000000220b8                queuebuf_update_attr_from_packetbuf
                0x00000000000220eb                queuebuf_update_from_packetbuf
                0x0000000000022135                queuebuf_free
                0x000000000002217c                queuebuf_to_packetbuf
                0x00000000000221e2                queuebuf_dataptr
                0x0000000000022219                queuebuf_datalen
                0x000000000002223c                queuebuf_addr
                0x000000000002226e                queuebuf_attr
                0x0000000000022299                queuebuf_debug_print
 .text          0x000000000002229e       0x6e obj_cooja/mtype632.a(nullsec.o)
 .text          0x000000000002230c       0x19 obj_cooja/mtype632.a(watchdog.o)
                0x000000000002230c                watchdog_init
                0x0000000000022311                watchdog_start
                0x0000000000022316                watchdog_periodic
                0x000000000002231b                watchdog_stop
                0x0000000000022320                watchdog_reboot
 .text          0x0000000000022325        0x0 obj_cooja/mtype632.a(rimestats.o)
 .text          0x0000000000022325      0x134 obj_cooja/mtype632.a(leds.o)
                0x0000000000022376                leds_init
                0x000000000002238a                leds_blink
                0x00000000000223c2                leds_get
                0x00000000000223cf                leds_set
                0x00000000000223e9                leds_on
                0x000000000002240c                leds_off
                0x0000000000022436                leds_toggle
 .text          0x0000000000022459      0x1c1 obj_cooja/mtype632.a(memb.o)
                0x0000000000022459                memb_init
                0x00000000000224b7                memb_alloc
                0x000000000002251c                memb_free
                0x0000000000022597                memb_inmemb
                0x00000000000225d6                memb_numfree
 .text          0x000000000002261a      0xabf obj_cooja/mtype632.a(uip-icmp6.o)
                0x0000000000022688                uip_icmp6_input
                0x00000000000226de                uip_icmp6_register_input_handler
                0x00000000000229a6                uip_icmp6_error_output
                0x0000000000022ceb                uip_icmp6_send
                0x000000000002306c                uip_icmp6_echo_reply_callback_add
                0x000000000002309d                uip_icmp6_echo_reply_callback_rm
                0x00000000000230b9                uip_icmp6_init
 .text          0x00000000000230d9      0x358 obj_cooja/mtype632.a(uip-nd6.o)
                0x000000000002312d                uip_nd6_ns_output
                0x000000000002342c                uip_nd6_init
 .text          0x0000000000023431      0x331 obj_cooja/mtype632.a(rpl-nbr-policy.)
                0x0000000000023609                find_removable_dis
                0x000000000002362c                find_removable_dio
                0x00000000000236bb                find_removable_dao
                0x000000000002370b                rpl_nbr_policy_find_removable
 .text          0x0000000000023762      0x97c obj_cooja/mtype632.a(frame802154.o)
                0x0000000000023793                frame802154_get_pan_id
                0x000000000002379f                frame802154_set_pan_id
                0x00000000000237b8                frame802154_has_panid
                0x00000000000238a4                frame802154_check_dest_panid
                0x000000000002390c                frame802154_is_broadcast_addr
                0x0000000000023959                frame802154_extract_linkaddr
                0x0000000000023b99                frame802154_hdrlen
                0x0000000000023bea                frame802154_create
                0x0000000000023dd5                frame802154_parse
 .text          0x00000000000240de        0x0 /usr/lib/gcc/i686-linux-gnu/4.8/crtendS.o
 .text          0x00000000000240de        0x0 /usr/lib/gcc/i686-linux-gnu/4.8/../../../i386-linux-gnu/crtn.o
 *(.gnu.warning)

.fini           0x00000000000240e0       0x14
 *(SORT(.fini))
 .fini          0x00000000000240e0        0xf /usr/lib/gcc/i686-linux-gnu/4.8/../../../i386-linux-gnu/crti.o
                0x00000000000240e0                _fini
 .fini          0x00000000000240ef        0x5 /usr/lib/gcc/i686-linux-gnu/4.8/../../../i386-linux-gnu/crtn.o
                0x00000000000240f4                PROVIDE (__etext, .)
                0x00000000000240f4                PROVIDE (_etext, .)
                0x00000000000240f4                PROVIDE (etext, .)

.rodata         0x0000000000024100      0xac0
 *(.rodata .rodata.* .gnu.linkonce.r.*)
 .rodata        0x0000000000024100      0x40a udp-client.co
                0x0000000000024114                autostart_processes
 *fill*         0x000000000002450a        0x2 
 .rodata        0x000000000002450c      0x157 obj_cooja/mtype632.o
 *fill*         0x0000000000024663        0x1 
 .rodata        0x0000000000024664        0x8 obj_cooja/mtype632.a(beep.o)
                0x0000000000024664                beep_interface
 .rodata        0x000000000002466c       0x20 obj_cooja/mtype632.a(button-sensor.o)
                0x000000000002466c                button_interface
                0x000000000002467c                button_sensor
 .rodata        0x000000000002468c        0x8 obj_cooja/mtype632.a(leds-arch.o)
                0x000000000002468c                leds_interface
 .rodata        0x0000000000024694        0x8 obj_cooja/mtype632.a(moteid.o)
                0x0000000000024694                moteid_interface
 .rodata        0x000000000002469c       0x1c obj_cooja/mtype632.a(pir-sensor.o)
                0x000000000002469c                pir_interface
                0x00000000000246a8                pir_sensor
 .rodata        0x00000000000246b8        0xe obj_cooja/mtype632.a(rs232.o)
                0x00000000000246b8                rs232_interface
 *fill*         0x00000000000246c6        0x2 
 .rodata        0x00000000000246c8       0x24 obj_cooja/mtype632.a(vib-sensor.o)
                0x00000000000246c8                vib_interface
                0x00000000000246dc                vib_sensor
 .rodata        0x00000000000246ec        0x8 obj_cooja/mtype632.a(clock.o)
                0x00000000000246ec                clock_interface
 .rodata        0x00000000000246f4        0x8 obj_cooja/mtype632.a(log.o)
                0x00000000000246f4                simlog_interface
 .rodata        0x00000000000246fc       0x2f obj_cooja/mtype632.a(cfs-cooja.o)
                0x00000000000246fc                cfs_interface
 *fill*         0x000000000002472b       0x15 
 .rodata        0x0000000000024740       0x60 obj_cooja/mtype632.a(cooja-radio.o)
                0x0000000000024760                cooja_radio_driver
                0x0000000000024798                radio_interface
 .rodata        0x00000000000247a0        0x8 obj_cooja/mtype632.a(eeprom.o)
                0x00000000000247a0                eeprom_interface
 .rodata        0x00000000000247a8        0x8 obj_cooja/mtype632.a(sensors.o)
 .rodata        0x00000000000247b0        0xf obj_cooja/mtype632.a(ctimer.o)
 .rodata        0x00000000000247bf        0xc obj_cooja/mtype632.a(etimer.o)
 *fill*         0x00000000000247cb        0x1 
 .rodata        0x00000000000247cc      0x161 obj_cooja/mtype632.a(log_message.o)
 *fill*         0x000000000002492d        0x3 
 .rodata        0x0000000000024930       0x20 obj_cooja/mtype632.a(residual.o)
                0x0000000000024930                DISSIPATION_RATE
 .rodata        0x0000000000024950        0xe obj_cooja/mtype632.a(serial-line.o)
 *fill*         0x000000000002495e        0x2 
 .rodata        0x0000000000024960       0x2c obj_cooja/mtype632.a(sicslowpan.o)
                0x0000000000024960                unc_llconf
                0x0000000000024964                unc_ctxconf
                0x0000000000024968                unc_mxconf
                0x000000000002496c                llprefix
                0x0000000000024980                sicslowpan_driver
 .rodata        0x000000000002498c      0x13c obj_cooja/mtype632.a(uip6.o)
 .rodata        0x0000000000024ac8        0xd obj_cooja/mtype632.a(tcpip.o)
 .rodata        0x0000000000024ad5       0x3e obj_cooja/mtype632.a(uip-debug.o)
 *fill*         0x0000000000024b13        0x1 
 .rodata        0x0000000000024b14        0x4 obj_cooja/mtype632.a(rpl-dag.o)
 .rodata        0x0000000000024b18       0x24 obj_cooja/mtype632.a(csma.o)
                0x0000000000024b20                csma_driver
 .rodata        0x0000000000024b3c        0xc obj_cooja/mtype632.a(framer-802154.o)
                0x0000000000024b3c                framer_802154
 *fill*         0x0000000000024b48       0x18 
 .rodata        0x0000000000024b60       0x40 obj_cooja/mtype632.a(cxmac.o)
                0x0000000000024b80                cxmac_driver
 .rodata        0x0000000000024ba0        0x8 obj_cooja/mtype632.a(linkaddr.o)
                0x0000000000024ba0                linkaddr_null
 .rodata        0x0000000000024ba8       0x18 obj_cooja/mtype632.a(nullsec.o)
                0x0000000000024bb0                nullsec_driver

.rodata1
 *(.rodata1)

.eh_frame_hdr   0x0000000000024bc0     0x1344
 *(.eh_frame_hdr)
 .eh_frame_hdr  0x0000000000024bc0     0x1344 udp-client.co

.eh_frame       0x0000000000025f04     0x4e7c
 *(.eh_frame)
 .eh_frame      0x0000000000025f04       0x3c /usr/lib/gcc/i686-linux-gnu/4.8/../../../i386-linux-gnu/crti.o
                                         0x40 (size before relaxing)
 .eh_frame      0x0000000000025f40       0xb4 udp-client.co
                                         0xcc (size before relaxing)
 .eh_frame      0x0000000000025ff4      0x148 obj_cooja/mtype632.o
                                        0x160 (size before relaxing)
 .eh_frame      0x000000000002613c       0x40 obj_cooja/mtype632.a(simEnvChange.o)
                                         0x58 (size before relaxing)
 .eh_frame      0x000000000002617c       0xc0 obj_cooja/mtype632.a(cooja_mt.o)
                                         0xd8 (size before relaxing)
 .eh_frame      0x000000000002623c      0x120 obj_cooja/mtype632.a(cooja_mtarch.o)
                                        0x138 (size before relaxing)
 .eh_frame      0x000000000002635c       0xc0 obj_cooja/mtype632.a(rtimer-arch.o)
                                         0xd8 (size before relaxing)
 .eh_frame      0x000000000002641c      0x160 obj_cooja/mtype632.a(beep.o)
                                        0x178 (size before relaxing)
 .eh_frame      0x000000000002657c       0xa0 obj_cooja/mtype632.a(button-sensor.o)
                                         0xb8 (size before relaxing)
 .eh_frame      0x000000000002661c       0xa0 obj_cooja/mtype632.a(leds-arch.o)
                                         0xb8 (size before relaxing)
 .eh_frame      0x00000000000266bc       0x40 obj_cooja/mtype632.a(moteid.o)
                                         0x58 (size before relaxing)
 .eh_frame      0x00000000000266fc       0xa0 obj_cooja/mtype632.a(pir-sensor.o)
                                         0xb8 (size before relaxing)
 .eh_frame      0x000000000002679c      0x100 obj_cooja/mtype632.a(rs232.o)
                                        0x118 (size before relaxing)
 .eh_frame      0x000000000002689c       0xa0 obj_cooja/mtype632.a(vib-sensor.o)
                                         0xb8 (size before relaxing)
 .eh_frame      0x000000000002693c       0xc0 obj_cooja/mtype632.a(clock.o)
                                         0xd8 (size before relaxing)
 .eh_frame      0x00000000000269fc      0x120 obj_cooja/mtype632.a(log.o)
                                        0x138 (size before relaxing)
 .eh_frame      0x0000000000026b1c      0x160 obj_cooja/mtype632.a(cfs-cooja.o)
                                        0x178 (size before relaxing)
 .eh_frame      0x0000000000026c7c      0x2e0 obj_cooja/mtype632.a(cooja-radio.o)
                                        0x2f8 (size before relaxing)
 .eh_frame      0x0000000000026f5c       0xa0 obj_cooja/mtype632.a(eeprom.o)
                                         0xb8 (size before relaxing)
 .eh_frame      0x0000000000026ffc       0x40 obj_cooja/mtype632.a(random.o)
                                         0x58 (size before relaxing)
 .eh_frame      0x000000000002703c       0xc0 obj_cooja/mtype632.a(sensors.o)
                                         0xd8 (size before relaxing)
 .eh_frame      0x00000000000270fc       0x40 obj_cooja/mtype632.a(autostart.o)
                                         0x58 (size before relaxing)
 .eh_frame      0x000000000002713c      0x100 obj_cooja/mtype632.a(ctimer.o)
                                        0x118 (size before relaxing)
 .eh_frame      0x000000000002723c      0x1e0 obj_cooja/mtype632.a(etimer.o)
                                        0x1f8 (size before relaxing)
 .eh_frame      0x000000000002741c       0x50 obj_cooja/mtype632.a(log_message.o)
                                         0x68 (size before relaxing)
 .eh_frame      0x000000000002746c      0x1c8 obj_cooja/mtype632.a(process.o)
                                        0x1e0 (size before relaxing)
 .eh_frame      0x0000000000027634       0x2c obj_cooja/mtype632.a(residual.o)
                                         0x44 (size before relaxing)
 .eh_frame      0x0000000000027660       0x60 obj_cooja/mtype632.a(rtimer.o)
                                         0x78 (size before relaxing)
 .eh_frame      0x00000000000276c0       0xc4 obj_cooja/mtype632.a(stimer.o)
                                         0xdc (size before relaxing)
 .eh_frame      0x0000000000027784       0xa4 obj_cooja/mtype632.a(timer.o)
                                         0xbc (size before relaxing)
 .eh_frame      0x0000000000027828       0x60 obj_cooja/mtype632.a(serial-line.o)
                                         0x78 (size before relaxing)
 .eh_frame      0x0000000000027888      0x180 obj_cooja/mtype632.a(list.o)
                                        0x198 (size before relaxing)
 .eh_frame      0x0000000000027a08       0xa0 obj_cooja/mtype632.a(ringbuf.o)
                                         0xb8 (size before relaxing)
 .eh_frame      0x0000000000027aa8      0x350 obj_cooja/mtype632.a(sicslowpan.o)
                                        0x368 (size before relaxing)
 .eh_frame      0x0000000000027df8      0x180 obj_cooja/mtype632.a(uip-ds6-nbr.o)
                                        0x198 (size before relaxing)
 .eh_frame      0x0000000000027f78      0x2a0 obj_cooja/mtype632.a(uip-ds6-route.o)
                                        0x2b8 (size before relaxing)
 .eh_frame      0x0000000000028218      0x2c8 obj_cooja/mtype632.a(uip-ds6.o)
                                        0x2e0 (size before relaxing)
 .eh_frame      0x00000000000284e0      0x27c obj_cooja/mtype632.a(uip6.o)
                                        0x294 (size before relaxing)
 .eh_frame      0x000000000002875c      0x270 obj_cooja/mtype632.a(tcpip.o)
                                        0x288 (size before relaxing)
 .eh_frame      0x00000000000289cc       0x48 obj_cooja/mtype632.a(uip-debug.o)
                                         0x60 (size before relaxing)
 .eh_frame      0x0000000000028a14       0xe0 obj_cooja/mtype632.a(uip-packetqueue)
                                         0xf8 (size before relaxing)
 .eh_frame      0x0000000000028af4       0x40 obj_cooja/mtype632.a(uip-udp-packet.)
                                         0x58 (size before relaxing)
 .eh_frame      0x0000000000028b34      0x74c obj_cooja/mtype632.a(rpl-dag.o)
                                        0x764 (size before relaxing)
 .eh_frame      0x0000000000029280      0x10c obj_cooja/mtype632.a(rpl-ext-header.)
                                        0x124 (size before relaxing)
 .eh_frame      0x000000000002938c      0x2b8 obj_cooja/mtype632.a(rpl-icmp6.o)
                                        0x2d0 (size before relaxing)
 .eh_frame      0x0000000000029644       0xe0 obj_cooja/mtype632.a(rpl-ltmax.o)
                                         0xf8 (size before relaxing)
 .eh_frame      0x0000000000029724      0x1ac obj_cooja/mtype632.a(rpl-timers.o)
                                        0x1c4 (size before relaxing)
 .eh_frame      0x00000000000298d0      0x148 obj_cooja/mtype632.a(rpl.o)
                                        0x160 (size before relaxing)
 .eh_frame      0x0000000000029a18      0x28c obj_cooja/mtype632.a(csma.o)
                                        0x2a4 (size before relaxing)
 .eh_frame      0x0000000000029ca4      0x108 obj_cooja/mtype632.a(framer-802154.o)
                                        0x120 (size before relaxing)
 .eh_frame      0x0000000000029dac       0x20 obj_cooja/mtype632.a(mac.o)
                                         0x38 (size before relaxing)
 .eh_frame      0x0000000000029dcc      0x25c obj_cooja/mtype632.a(cxmac.o)
                                        0x274 (size before relaxing)
 .eh_frame      0x000000000002a028       0x60 obj_cooja/mtype632.a(linkaddr.o)
                                         0x78 (size before relaxing)
 .eh_frame      0x000000000002a088      0x26c obj_cooja/mtype632.a(nbr-table.o)
                                        0x284 (size before relaxing)
 .eh_frame      0x000000000002a2f4       0x20 obj_cooja/mtype632.a(netstack.o)
                                         0x38 (size before relaxing)
 .eh_frame      0x000000000002a314      0x214 obj_cooja/mtype632.a(packetbuf.o)
                                        0x22c (size before relaxing)
 .eh_frame      0x000000000002a528      0x1a0 obj_cooja/mtype632.a(queuebuf.o)
                                        0x1b8 (size before relaxing)
 .eh_frame      0x000000000002a6c8       0x80 obj_cooja/mtype632.a(nullsec.o)
                                         0x98 (size before relaxing)
 .eh_frame      0x000000000002a748       0xa0 obj_cooja/mtype632.a(watchdog.o)
                                         0xb8 (size before relaxing)
 .eh_frame      0x000000000002a7e8      0x100 obj_cooja/mtype632.a(leds.o)
                                        0x118 (size before relaxing)
 .eh_frame      0x000000000002a8e8       0xa0 obj_cooja/mtype632.a(memb.o)
                                         0xb8 (size before relaxing)
 .eh_frame      0x000000000002a988      0x168 obj_cooja/mtype632.a(uip-icmp6.o)
                                        0x180 (size before relaxing)
 .eh_frame      0x000000000002aaf0       0x68 obj_cooja/mtype632.a(uip-nd6.o)
                                         0x80 (size before relaxing)
 .eh_frame      0x000000000002ab58       0xc0 obj_cooja/mtype632.a(rpl-nbr-policy.)
                                         0xd8 (size before relaxing)
 .eh_frame      0x000000000002ac18      0x164 obj_cooja/mtype632.a(frame802154.o)
                                        0x17c (size before relaxing)
 .eh_frame      0x000000000002ad7c        0x4 /usr/lib/gcc/i686-linux-gnu/4.8/crtendS.o

.gcc_except_table
 *(.gcc_except_table .gcc_except_table.*)

.exception_ranges
 *(.exception_ranges .exception_ranges*)
                0x000000000002ad80                . = (ALIGN (0x1000) - ((0x1000 - .) & 0xfff))
                0x000000000002bef8                . = DATA_SEGMENT_ALIGN (0x1000, 0x1000)

.eh_frame
 *(.eh_frame)

.gcc_except_table
 *(.gcc_except_table .gcc_except_table.*)

.exception_ranges
 *(.exception_ranges .exception_ranges*)

.tdata
 *(.tdata .tdata.* .gnu.linkonce.td.*)

.tbss
 *(.tbss .tbss.* .gnu.linkonce.tb.*)
 *(.tcommon)

.preinit_array
 *(.preinit_array)

.init_array     0x000000000002bef8        0x4
 *(SORT(.init_array.*) SORT(.ctors.*))
 *(.init_array EXCLUDE_FILE(*crtend?.o *crtend.o *crtbegin?.o *crtbegin.o) .ctors)
 .init_array    0x000000000002bef8        0x4 /usr/lib/gcc/i686-linux-gnu/4.8/crtbeginS.o

.fini_array     0x000000000002befc        0x4
 *(SORT(.fini_array.*) SORT(.dtors.*))
 *(.fini_array EXCLUDE_FILE(*crtend?.o *crtend.o *crtbegin?.o *crtbegin.o) .dtors)
 .fini_array    0x000000000002befc        0x4 /usr/lib/gcc/i686-linux-gnu/4.8/crtbeginS.o

.ctors
 *crtbegin.o(.ctors)
 *crtbegin?.o(.ctors)
 *(EXCLUDE_FILE(*crtend?.o *crtend.o) .ctors)
 *(SORT(.ctors.*))
 *(.ctors)

.dtors
 *crtbegin.o(.dtors)
 *crtbegin?.o(.dtors)
 *(EXCLUDE_FILE(*crtend?.o *crtend.o) .dtors)
 *(SORT(.dtors.*))
 *(.dtors)

.jcr            0x000000000002bf00        0x4
 *(.jcr)
 .jcr           0x000000000002bf00        0x0 /usr/lib/gcc/i686-linux-gnu/4.8/crtbeginS.o
 .jcr           0x000000000002bf00        0x4 /usr/lib/gcc/i686-linux-gnu/4.8/crtendS.o

.data.rel.ro
 *(.data.rel.ro.local* .gnu.linkonce.d.rel.ro.local.*)
 *(.data.rel.ro .data.rel.ro.* .gnu.linkonce.d.rel.ro.*)

.dynamic        0x000000000002bf04       0xe8
 *(.dynamic)
 .dynamic       0x000000000002bf04       0xe8 /usr/lib/gcc/i686-linux-gnu/4.8/../../../i386-linux-gnu/crti.o
                0x000000000002bf04                _DYNAMIC

.got            0x000000000002bfec       0x14
 *(.got)
 .got           0x000000000002bfec       0x14 /usr/lib/gcc/i686-linux-gnu/4.8/../../../i386-linux-gnu/crti.o
 *(.igot)
                0x000000000002cff4                . = DATA_SEGMENT_RELRO_END (., (SIZEOF (.got.plt) >= 0xc)?0xc:0x0)

.got.plt        0x000000000002c000       0x14
 *(.got.plt)
 .got.plt       0x000000000002c000       0x14 /usr/lib/gcc/i686-linux-gnu/4.8/../../../i386-linux-gnu/crti.o
                0x000000000002c000                _GLOBAL_OFFSET_TABLE_
 *(.igot.plt)

.data           0x000000000002c020      0x26a
 *(.data .data.* .gnu.linkonce.d.*)
 .data          0x000000000002c020        0x0 /usr/lib/gcc/i686-linux-gnu/4.8/../../../i386-linux-gnu/crti.o
 .data          0x000000000002c020        0x0 /usr/lib/gcc/i686-linux-gnu/4.8/crtbeginS.o
 .data.rel      0x000000000002c020        0x4 /usr/lib/gcc/i686-linux-gnu/4.8/crtbeginS.o
                0x000000000002c020                __dso_handle
 .data          0x000000000002c024       0x10 udp-client.co
                0x000000000002c024                udp_client_process
 *fill*         0x000000000002c034        0xc 
 .data          0x000000000002c040       0x44 obj_cooja/mtype632.o
                0x000000000002c040                simInterfaces
                0x000000000002c074                sensors
 .data          0x000000000002c084        0x0 obj_cooja/mtype632.a(simEnvChange.o)
 .data          0x000000000002c084        0x0 obj_cooja/mtype632.a(cooja_mt.o)
 .data          0x000000000002c084        0x0 obj_cooja/mtype632.a(cooja_mtarch.o)
 .data          0x000000000002c084        0x0 obj_cooja/mtype632.a(rtimer-arch.o)
 .data          0x000000000002c084        0x0 obj_cooja/mtype632.a(beep.o)
 .data          0x000000000002c084        0x0 obj_cooja/mtype632.a(button-sensor.o)
 .data          0x000000000002c084        0x0 obj_cooja/mtype632.a(leds-arch.o)
 .data          0x000000000002c084        0x0 obj_cooja/mtype632.a(moteid.o)
 .data          0x000000000002c084        0x0 obj_cooja/mtype632.a(pir-sensor.o)
 .data          0x000000000002c084        0x0 obj_cooja/mtype632.a(rs232.o)
 .data          0x000000000002c084        0x0 obj_cooja/mtype632.a(vib-sensor.o)
 .data          0x000000000002c084        0x0 obj_cooja/mtype632.a(clock.o)
 .data          0x000000000002c084        0x0 obj_cooja/mtype632.a(log.o)
 .data          0x000000000002c084        0x0 obj_cooja/mtype632.a(cfs-cooja.o)
 .data          0x000000000002c084       0x40 obj_cooja/mtype632.a(cooja-radio.o)
                0x000000000002c084                simRadioChannelLR
                0x000000000002c088                simRadioHWOnLR
                0x000000000002c08c                simSignalStrengthLR
                0x000000000002c090                simLastSignalStrengthLR
                0x000000000002c094                simPowerLR
                0x000000000002c098                simLQILR
                0x000000000002c09c                simRadioChannel
                0x000000000002c0a0                simRadioHWOn
                0x000000000002c0a4                simSignalStrength
                0x000000000002c0a8                simLastSignalStrength
                0x000000000002c0ac                simPower
                0x000000000002c0b0                simLQI
                0x000000000002c0b4                cooja_radio_process
 .data          0x000000000002c0c4        0x0 obj_cooja/mtype632.a(eeprom.o)
 .data          0x000000000002c0c4        0x0 obj_cooja/mtype632.a(random.o)
 .data          0x000000000002c0c4       0x10 obj_cooja/mtype632.a(sensors.o)
                0x000000000002c0c4                sensors_process
 .data          0x000000000002c0d4        0x0 obj_cooja/mtype632.a(autostart.o)
 .data          0x000000000002c0d4       0x14 obj_cooja/mtype632.a(ctimer.o)
                0x000000000002c0d8                ctimer_process
 .data          0x000000000002c0e8       0x10 obj_cooja/mtype632.a(etimer.o)
                0x000000000002c0e8                etimer_process
 .data          0x000000000002c0f8        0x0 obj_cooja/mtype632.a(log_message.o)
 .data          0x000000000002c0f8        0x0 obj_cooja/mtype632.a(process.o)
 .data          0x000000000002c0f8        0x0 obj_cooja/mtype632.a(residual.o)
 .data          0x000000000002c0f8        0x0 obj_cooja/mtype632.a(rtimer.o)
 .data          0x000000000002c0f8        0x0 obj_cooja/mtype632.a(stimer.o)
 .data          0x000000000002c0f8        0x0 obj_cooja/mtype632.a(timer.o)
 .data          0x000000000002c0f8       0x10 obj_cooja/mtype632.a(serial-line.o)
                0x000000000002c0f8                serial_line_process
 .data          0x000000000002c108        0x0 obj_cooja/mtype632.a(list.o)
 .data          0x000000000002c108        0x0 obj_cooja/mtype632.a(ringbuf.o)
 .data          0x000000000002c108        0x0 obj_cooja/mtype632.a(sicslowpan.o)
 .data          0x000000000002c108       0x14 obj_cooja/mtype632.a(uip-ds6-nbr.o)
                0x000000000002c118                ds6_neighbors
 .data          0x000000000002c11c       0x44 obj_cooja/mtype632.a(uip-ds6-route.o)
                0x000000000002c12c                nbr_routes
 .data          0x000000000002c160        0x0 obj_cooja/mtype632.a(uip-ds6.o)
 .data          0x000000000002c160        0x0 obj_cooja/mtype632.a(uip6.o)
 .data          0x000000000002c160       0x10 obj_cooja/mtype632.a(tcpip.o)
                0x000000000002c160                tcpip_process
 .data          0x000000000002c170        0x0 obj_cooja/mtype632.a(uip-debug.o)
 .data          0x000000000002c170        0xc obj_cooja/mtype632.a(uip-packetqueue)
 .data          0x000000000002c17c        0x0 obj_cooja/mtype632.a(uip-udp-packet.)
 .data          0x000000000002c17c       0x28 obj_cooja/mtype632.a(rpl-dag.o)
                0x000000000002c18c                rpl_parents
                0x000000000002c1a0                rpl_children
 .data          0x000000000002c1a4        0x0 obj_cooja/mtype632.a(rpl-ext-header.)
 .data          0x000000000002c1a4       0x34 obj_cooja/mtype632.a(rpl-icmp6.o)
 .data          0x000000000002c1d8       0x1c obj_cooja/mtype632.a(rpl-ltmax.o)
                0x000000000002c1d8                rpl_ltmax_of
 .data          0x000000000002c1f4        0x0 obj_cooja/mtype632.a(rpl-timers.o)
 .data          0x000000000002c1f4        0x0 obj_cooja/mtype632.a(rpl.o)
 .data          0x000000000002c1f4       0x28 obj_cooja/mtype632.a(csma.o)
 .data          0x000000000002c21c        0x0 obj_cooja/mtype632.a(framer-802154.o)
 .data          0x000000000002c21c        0x0 obj_cooja/mtype632.a(mac.o)
 .data          0x000000000002c21c       0x20 obj_cooja/mtype632.a(cxmac.o)
                0x000000000002c21c                cxmac_config
 .data          0x000000000002c23c        0x0 obj_cooja/mtype632.a(linkaddr.o)
 .data          0x000000000002c23c       0x10 obj_cooja/mtype632.a(nbr-table.o)
 .data          0x000000000002c24c        0x0 obj_cooja/mtype632.a(netstack.o)
 .data          0x000000000002c24c        0x4 obj_cooja/mtype632.a(packetbuf.o)
 .data          0x000000000002c250       0x18 obj_cooja/mtype632.a(queuebuf.o)
 .data          0x000000000002c268        0x0 obj_cooja/mtype632.a(nullsec.o)
 .data          0x000000000002c268        0x0 obj_cooja/mtype632.a(watchdog.o)
 .data          0x000000000002c268        0x0 obj_cooja/mtype632.a(rimestats.o)
 .data          0x000000000002c268        0x0 obj_cooja/mtype632.a(leds.o)
 .data          0x000000000002c268        0x0 obj_cooja/mtype632.a(memb.o)
 .data          0x000000000002c268       0x20 obj_cooja/mtype632.a(uip-icmp6.o)
 .data          0x000000000002c288        0x0 obj_cooja/mtype632.a(uip-nd6.o)
 .data          0x000000000002c288        0x0 obj_cooja/mtype632.a(rpl-nbr-policy.)
 .data          0x000000000002c288        0x2 obj_cooja/mtype632.a(frame802154.o)
 .data          0x000000000002c28a        0x0 /usr/lib/gcc/i686-linux-gnu/4.8/crtendS.o
 .data          0x000000000002c28a        0x0 /usr/lib/gcc/i686-linux-gnu/4.8/../../../i386-linux-gnu/crtn.o

.tm_clone_table
                0x000000000002c28c        0x0
 .tm_clone_table
                0x000000000002c28c        0x0 /usr/lib/gcc/i686-linux-gnu/4.8/crtbeginS.o
 .tm_clone_table
                0x000000000002c28c        0x0 /usr/lib/gcc/i686-linux-gnu/4.8/crtendS.o

.data1
 *(.data1)
                0x000000000002c28c                _edata = .
                0x000000000002c28c                PROVIDE (edata, .)
                0x000000000002c28c                . = .
                0x000000000002c28c                __bss_start = .

.bss            0x000000000002c2a0     0x8368
 *(.dynbss)
 .dynbss        0x0000000000000000        0x0 /usr/lib/gcc/i686-linux-gnu/4.8/../../../i386-linux-gnu/crti.o
 *(.bss .bss.* .gnu.linkonce.b.*)
 .bss           0x000000000002c2a0        0x0 /usr/lib/gcc/i686-linux-gnu/4.8/../../../i386-linux-gnu/crti.o
 .bss           0x000000000002c2a0        0x1 /usr/lib/gcc/i686-linux-gnu/4.8/crtbeginS.o
 *fill*         0x000000000002c2a1       0x1f 
 .bss           0x000000000002c2c0       0x60 udp-client.co
                0x000000000002c2c0                my_weight
 .bss           0x000000000002c320     0x2030 obj_cooja/mtype632.o
 .bss           0x000000000002e350        0x1 obj_cooja/mtype632.a(simEnvChange.o)
                0x000000000002e350                simDontFallAsleep
 *fill*         0x000000000002e351        0x3 
 .bss           0x000000000002e354        0x4 obj_cooja/mtype632.a(cooja_mt.o)
 .bss           0x000000000002e358        0x4 obj_cooja/mtype632.a(cooja_mtarch.o)
 .bss           0x000000000002e35c        0xc obj_cooja/mtype632.a(rtimer-arch.o)
 .bss           0x000000000002e368        0x0 obj_cooja/mtype632.a(beep.o)
 .bss           0x000000000002e368        0x8 obj_cooja/mtype632.a(button-sensor.o)
 .bss           0x000000000002e370        0x0 obj_cooja/mtype632.a(leds-arch.o)
 .bss           0x000000000002e370        0x0 obj_cooja/mtype632.a(moteid.o)
 .bss           0x000000000002e370        0x1 obj_cooja/mtype632.a(pir-sensor.o)
                0x000000000002e370                simPirValue
 *fill*         0x000000000002e371        0x3 
 .bss           0x000000000002e374        0x4 obj_cooja/mtype632.a(rs232.o)
 .bss           0x000000000002e378        0x1 obj_cooja/mtype632.a(vib-sensor.o)
                0x000000000002e378                simVibValue
 .bss           0x000000000002e379        0x0 obj_cooja/mtype632.a(clock.o)
 *fill*         0x000000000002e379        0x7 
 .bss           0x000000000002e380      0x420 obj_cooja/mtype632.a(log.o)
 .bss           0x000000000002e7a0      0xfc0 obj_cooja/mtype632.a(cfs-cooja.o)
                0x000000000002e7a0                simCFSData
                0x000000000002f740                simCFSSize
                0x000000000002f744                simCFSChanged
                0x000000000002f748                simCFSRead
                0x000000000002f74c                simCFSWritten
 .bss           0x000000000002f760       0x24 obj_cooja/mtype632.a(cooja-radio.o)
                0x000000000002f760                simReceivingLR
                0x000000000002f764                simInSizeLR
                0x000000000002f768                simOutSizeLR
                0x000000000002f76c                simReceiving
                0x000000000002f770                simInSize
                0x000000000002f774                simOutSize
                0x000000000002f778                LongRangeTransmit
                0x000000000002f77c                LongRangeReceiving
 .bss           0x000000000002f784        0xc obj_cooja/mtype632.a(eeprom.o)
                0x000000000002f784                simEEPROMChanged
                0x000000000002f788                simEEPROMRead
                0x000000000002f78c                simEEPROMWritten
 .bss           0x000000000002f790        0x0 obj_cooja/mtype632.a(random.o)
 .bss           0x000000000002f790        0xc obj_cooja/mtype632.a(sensors.o)
 .bss           0x000000000002f79c        0x0 obj_cooja/mtype632.a(autostart.o)
 .bss           0x000000000002f79c        0x5 obj_cooja/mtype632.a(ctimer.o)
 *fill*         0x000000000002f7a1        0x3 
 .bss           0x000000000002f7a4        0x8 obj_cooja/mtype632.a(etimer.o)
 .bss           0x000000000002f7ac        0x0 obj_cooja/mtype632.a(log_message.o)
 *fill*         0x000000000002f7ac       0x14 
 .bss           0x000000000002f7c0      0x1b1 obj_cooja/mtype632.a(process.o)
                0x000000000002f7c0                process_list
                0x000000000002f7c4                process_current
 .bss           0x000000000002f971        0x0 obj_cooja/mtype632.a(residual.o)
 *fill*         0x000000000002f971        0x3 
 .bss           0x000000000002f974        0x4 obj_cooja/mtype632.a(rtimer.o)
 .bss           0x000000000002f978        0x0 obj_cooja/mtype632.a(stimer.o)
 .bss           0x000000000002f978        0x0 obj_cooja/mtype632.a(timer.o)
 *fill*         0x000000000002f978        0x8 
 .bss           0x000000000002f980      0x140 obj_cooja/mtype632.a(serial-line.o)
 .bss           0x000000000002fac0        0x0 obj_cooja/mtype632.a(list.o)
 .bss           0x000000000002fac0        0x0 obj_cooja/mtype632.a(ringbuf.o)
 .bss           0x000000000002fac0      0x70c obj_cooja/mtype632.a(sicslowpan.o)
 *fill*         0x00000000000301cc       0x14 
 .bss           0x00000000000301e0       0xc0 obj_cooja/mtype632.a(uip-ds6-nbr.o)
 .bss           0x00000000000302a0      0x4a8 obj_cooja/mtype632.a(uip-ds6-route.o)
 .bss           0x0000000000030748       0x20 obj_cooja/mtype632.a(uip-ds6.o)
 .bss           0x0000000000030768        0xe obj_cooja/mtype632.a(uip6.o)
                0x0000000000030768                uip_ext_bitmap
                0x0000000000030769                uip_ext_len
                0x000000000003076a                uip_ext_opt_offset
 *fill*         0x0000000000030776        0xa 
 .bss           0x0000000000030780       0x68 obj_cooja/mtype632.a(tcpip.o)
 .bss           0x00000000000307e8        0x0 obj_cooja/mtype632.a(uip-debug.o)
 *fill*         0x00000000000307e8       0x18 
 .bss           0x0000000000030800      0xcf8 obj_cooja/mtype632.a(uip-packetqueue)
 .bss           0x00000000000314f8        0x0 obj_cooja/mtype632.a(uip-udp-packet.)
 *fill*         0x00000000000314f8        0x8 
 .bss           0x0000000000031500       0x88 obj_cooja/mtype632.a(rpl-dag.o)
 .bss           0x0000000000031588        0x0 obj_cooja/mtype632.a(rpl-ext-header.)
 .bss           0x0000000000031588        0x0 obj_cooja/mtype632.a(rpl-icmp6.o)
 .bss           0x0000000000031588        0x0 obj_cooja/mtype632.a(rpl-ltmax.o)
 *fill*         0x0000000000031588       0x18 
 .bss           0x00000000000315a0       0x23 obj_cooja/mtype632.a(rpl-timers.o)
 *fill*         0x00000000000315c3        0x1 
 .bss           0x00000000000315c4        0x4 obj_cooja/mtype632.a(rpl.o)
 *fill*         0x00000000000315c8       0x18 
 .bss           0x00000000000315e0      0x248 obj_cooja/mtype632.a(csma.o)
 .bss           0x0000000000031828        0x2 obj_cooja/mtype632.a(framer-802154.o)
 .bss           0x000000000003182a        0x0 obj_cooja/mtype632.a(mac.o)
 *fill*         0x000000000003182a       0x16 
 .bss           0x0000000000031840       0xa0 obj_cooja/mtype632.a(cxmac.o)
 .bss           0x00000000000318e0        0x0 obj_cooja/mtype632.a(linkaddr.o)
 .bss           0x00000000000318e0       0xc4 obj_cooja/mtype632.a(nbr-table.o)
 .bss           0x00000000000319a4        0x0 obj_cooja/mtype632.a(netstack.o)
 *fill*         0x00000000000319a4       0x1c 
 .bss           0x00000000000319c0       0xa0 obj_cooja/mtype632.a(packetbuf.o)
 .bss           0x0000000000031a60      0xb80 obj_cooja/mtype632.a(queuebuf.o)
 .bss           0x00000000000325e0        0x0 obj_cooja/mtype632.a(nullsec.o)
 .bss           0x00000000000325e0        0x0 obj_cooja/mtype632.a(watchdog.o)
 .bss           0x00000000000325e0        0x0 obj_cooja/mtype632.a(rimestats.o)
 .bss           0x00000000000325e0        0x1 obj_cooja/mtype632.a(leds.o)
 .bss           0x00000000000325e1        0x0 obj_cooja/mtype632.a(memb.o)
 *fill*         0x00000000000325e1        0x3 
 .bss           0x00000000000325e4       0x18 obj_cooja/mtype632.a(uip-icmp6.o)
 .bss           0x00000000000325fc        0x0 obj_cooja/mtype632.a(uip-nd6.o)
 *fill*         0x00000000000325fc        0x4 
 .bss           0x0000000000032600       0x44 obj_cooja/mtype632.a(rpl-nbr-policy.)
 .bss           0x0000000000032644        0x0 obj_cooja/mtype632.a(frame802154.o)
 .bss           0x0000000000032644        0x0 /usr/lib/gcc/i686-linux-gnu/4.8/crtendS.o
 .bss           0x0000000000032644        0x0 /usr/lib/gcc/i686-linux-gnu/4.8/../../../i386-linux-gnu/crtn.o
 *(COMMON)
 COMMON         0x0000000000032644       0x64 udp-client.co
                0x0000000000032644                dio_count
                0x0000000000032648                dis_count
                0x000000000003264c                tcp_output_count
                0x0000000000032650                csma_transmission_count
                0x0000000000032654                dao_ack_fwd_count
                0x0000000000032658                COOJA_radioRxLong
                0x000000000003265c                cxmac_collision_count
                0x0000000000032660                control_message_count
                0x0000000000032664                dao_count
                0x0000000000032668                icmp_count
                0x000000000003266c                COOJA_radioTx
                0x0000000000032670                cxmac_transmission_count
                0x0000000000032674                dao_ack_count
                0x0000000000032678                data_message_count
                0x000000000003267c                my_sink_reachability
                0x0000000000032680                COOJA_radioTxLong
                0x0000000000032684                COOJA_radioRx
                0x0000000000032688                my_parent_number
                0x000000000003268c                COOJA_radioOn
                0x0000000000032690                LSA_count
                0x0000000000032694                dao_fwd_count
                0x0000000000032698                COOJA_duration
                0x000000000003269c                dio_ack_count
                0x00000000000326a0                COOJA_radioOnLong
                0x00000000000326a4                data_fwd_count
 COMMON         0x00000000000326a8        0xc obj_cooja/mtype632.o
                0x00000000000326a8                referenceVar
                0x00000000000326ac                debugfp
                0x00000000000326b0                sensors_flags
 COMMON         0x00000000000326b4        0xc obj_cooja/mtype632.a(simEnvChange.o)
                0x00000000000326b4                simEtimerPending
                0x00000000000326b8                simProcessRunValue
                0x00000000000326bc                simNextExpirationTime
 COMMON         0x00000000000326c0        0x1 obj_cooja/mtype632.a(beep.o)
                0x00000000000326c0                simBeeped
 COMMON         0x00000000000326c1        0x3 obj_cooja/mtype632.a(button-sensor.o)
                0x00000000000326c1                simButtonIsActive
                0x00000000000326c2                simButtonIsDown
                0x00000000000326c3                simButtonChanged
 COMMON         0x00000000000326c4        0x1 obj_cooja/mtype632.a(leds-arch.o)
                0x00000000000326c4                simLedsValue
 *fill*         0x00000000000326c5        0x3 
 COMMON         0x00000000000326c8        0xc obj_cooja/mtype632.a(moteid.o)
                0x00000000000326c8                simRandomSeed
                0x00000000000326cc                simMoteIDChanged
                0x00000000000326d0                simMoteID
 COMMON         0x00000000000326d4        0x2 obj_cooja/mtype632.a(pir-sensor.o)
                0x00000000000326d4                simPirIsActive
                0x00000000000326d5                simPirChanged
 *fill*         0x00000000000326d6        0xa 
 COMMON         0x00000000000326e0      0x820 obj_cooja/mtype632.a(rs232.o)
                0x00000000000326e0                simSerialReceivingFlag
                0x00000000000326e4                simSerialReceivingLength
                0x0000000000032700                simSerialReceivingData
 COMMON         0x0000000000032f00        0x2 obj_cooja/mtype632.a(vib-sensor.o)
                0x0000000000032f00                simVibChanged
                0x0000000000032f01                simVibIsActive
 *fill*         0x0000000000032f02        0x2 
 COMMON         0x0000000000032f04        0x4 obj_cooja/mtype632.a(clock.o)
                0x0000000000032f04                simCurrentTime
 *fill*         0x0000000000032f08       0x18 
 COMMON         0x0000000000032f20      0x420 obj_cooja/mtype632.a(log.o)
                0x0000000000032f20                simLoggedLength
                0x0000000000032f24                simLoggedFlag
                0x0000000000032f40                simLoggedData
 COMMON         0x0000000000033340      0x200 obj_cooja/mtype632.a(cooja-radio.o)
                0x0000000000033340                simOutDataBuffer
                0x00000000000333c0                simInDataBufferLR
                0x0000000000033440                simOutDataBufferLR
                0x00000000000334c0                simInDataBuffer
 COMMON         0x0000000000033540      0x400 obj_cooja/mtype632.a(eeprom.o)
                0x0000000000033540                simEEPROMData
 COMMON         0x0000000000033940        0x1 obj_cooja/mtype632.a(sensors.o)
                0x0000000000033940                sensors_event
 *fill*         0x0000000000033941        0x3 
 COMMON         0x0000000000033944        0x4 obj_cooja/mtype632.a(log_message.o)
                0x0000000000033944                log_fp
 COMMON         0x0000000000033948        0x1 obj_cooja/mtype632.a(serial-line.o)
                0x0000000000033948                serial_line_event_message
 *fill*         0x0000000000033949       0x17 
 COMMON         0x0000000000033960      0x181 obj_cooja/mtype632.a(uip-ds6.o)
                0x0000000000033960                uip_ds6_prefix_list
                0x00000000000339c0                uip_ds6_timer_periodic
                0x00000000000339d0                uip_ds6_netif_addr_list_offset
                0x00000000000339e0                uip_ds6_if
                0x0000000000033ad8                uip_ds6_timer_ra
                0x0000000000033ae0                uip_ds6_addr_size
 *fill*         0x0000000000033ae1       0x1f 
 COMMON         0x0000000000033b00      0x8ec obj_cooja/mtype632.a(uip6.o)
                0x0000000000033b00                uip_slen
                0x0000000000033b02                uip_acc32
                0x0000000000033b20                uip_conns
                0x0000000000033be0                uip_lladdr
                0x0000000000033be8                uip_appdata
                0x0000000000033bec                uip_flags
                0x0000000000033c00                uip_aligned_buf
                0x0000000000034240                uip_listenports
                0x0000000000034250                uip_len
                0x0000000000034254                uip_sappdata
                0x0000000000034260                uip_udp_conns
                0x00000000000343e0                uip_udp_conn
                0x00000000000343e4                uip_next_hdr
                0x00000000000343e8                uip_conn
 COMMON         0x00000000000343ec        0x1 obj_cooja/mtype632.a(tcpip.o)
                0x00000000000343ec                tcpip_event
 *fill*         0x00000000000343ed       0x13 
 COMMON         0x0000000000034400      0x178 obj_cooja/mtype632.a(rpl-dag.o)
                0x0000000000034400                default_instance
                0x0000000000034420                instance_table
 COMMON         0x0000000000034578        0x8 obj_cooja/mtype632.a(linkaddr.o)
                0x0000000000034578                linkaddr_node_addr
 COMMON         0x0000000000034580       0x2e obj_cooja/mtype632.a(packetbuf.o)
                0x0000000000034580                packetbuf_attrs
                0x000000000003459e                packetbuf_addrs
 *fill*         0x00000000000345ae       0x12 
 COMMON         0x00000000000345c0       0x48 obj_cooja/mtype632.a(rimestats.o)
                0x00000000000345c0                rimestats
                0x0000000000034608                . = ALIGN ((. != 0x0)?0x4:0x1)
                0x0000000000034608                . = ALIGN (0x4)
                0x0000000000034608                . = SEGMENT_START ("ldata-segment", .)
                0x0000000000034608                . = ALIGN (0x4)
                0x0000000000034608                _end = .
                0x0000000000034608                PROVIDE (end, .)
                0x0000000000034608                . = DATA_SEGMENT_END (.)

.stab
 *(.stab)

.stabstr
 *(.stabstr)

.stab.excl
 *(.stab.excl)

.stab.exclstr
 *(.stab.exclstr)

.stab.index
 *(.stab.index)

.stab.indexstr
 *(.stab.indexstr)

.comment        0x0000000000000000       0x29
 *(.comment)
 .comment       0x0000000000000000       0x29 /usr/lib/gcc/i686-linux-gnu/4.8/crtbeginS.o
                                         0x2a (size before relaxing)
 .comment       0x0000000000000000       0x2a udp-client.co
 .comment       0x0000000000000000       0x2a obj_cooja/mtype632.o
 .comment       0x0000000000000000       0x2a obj_cooja/mtype632.a(simEnvChange.o)
 .comment       0x0000000000000000       0x2a obj_cooja/mtype632.a(cooja_mt.o)
 .comment       0x0000000000000000       0x2a obj_cooja/mtype632.a(cooja_mtarch.o)
 .comment       0x0000000000000000       0x2a obj_cooja/mtype632.a(rtimer-arch.o)
 .comment       0x0000000000000000       0x2a obj_cooja/mtype632.a(beep.o)
 .comment       0x0000000000000000       0x2a obj_cooja/mtype632.a(button-sensor.o)
 .comment       0x0000000000000000       0x2a obj_cooja/mtype632.a(leds-arch.o)
 .comment       0x0000000000000000       0x2a obj_cooja/mtype632.a(moteid.o)
 .comment       0x0000000000000000       0x2a obj_cooja/mtype632.a(pir-sensor.o)
 .comment       0x0000000000000000       0x2a obj_cooja/mtype632.a(rs232.o)
 .comment       0x0000000000000000       0x2a obj_cooja/mtype632.a(vib-sensor.o)
 .comment       0x0000000000000000       0x2a obj_cooja/mtype632.a(clock.o)
 .comment       0x0000000000000000       0x2a obj_cooja/mtype632.a(log.o)
 .comment       0x0000000000000000       0x2a obj_cooja/mtype632.a(cfs-cooja.o)
 .comment       0x0000000000000000       0x2a obj_cooja/mtype632.a(cooja-radio.o)
 .comment       0x0000000000000000       0x2a obj_cooja/mtype632.a(eeprom.o)
 .comment       0x0000000000000000       0x2a obj_cooja/mtype632.a(random.o)
 .comment       0x0000000000000000       0x2a obj_cooja/mtype632.a(sensors.o)
 .comment       0x0000000000000000       0x2a obj_cooja/mtype632.a(autostart.o)
 .comment       0x0000000000000000       0x2a obj_cooja/mtype632.a(ctimer.o)
 .comment       0x0000000000000000       0x2a obj_cooja/mtype632.a(etimer.o)
 .comment       0x0000000000000000       0x2a obj_cooja/mtype632.a(log_message.o)
 .comment       0x0000000000000000       0x2a obj_cooja/mtype632.a(process.o)
 .comment       0x0000000000000000       0x2a obj_cooja/mtype632.a(residual.o)
 .comment       0x0000000000000000       0x2a obj_cooja/mtype632.a(rtimer.o)
 .comment       0x0000000000000000       0x2a obj_cooja/mtype632.a(stimer.o)
 .comment       0x0000000000000000       0x2a obj_cooja/mtype632.a(timer.o)
 .comment       0x0000000000000000       0x2a obj_cooja/mtype632.a(serial-line.o)
 .comment       0x0000000000000000       0x2a obj_cooja/mtype632.a(list.o)
 .comment       0x0000000000000000       0x2a obj_cooja/mtype632.a(ringbuf.o)
 .comment       0x0000000000000000       0x2a obj_cooja/mtype632.a(sicslowpan.o)
 .comment       0x0000000000000000       0x2a obj_cooja/mtype632.a(uip-ds6-nbr.o)
 .comment       0x0000000000000000       0x2a obj_cooja/mtype632.a(uip-ds6-route.o)
 .comment       0x0000000000000000       0x2a obj_cooja/mtype632.a(uip-ds6.o)
 .comment       0x0000000000000000       0x2a obj_cooja/mtype632.a(uip6.o)
 .comment       0x0000000000000000       0x2a obj_cooja/mtype632.a(tcpip.o)
 .comment       0x0000000000000000       0x2a obj_cooja/mtype632.a(uip-debug.o)
 .comment       0x0000000000000000       0x2a obj_cooja/mtype632.a(uip-packetqueue)
 .comment       0x0000000000000000       0x2a obj_cooja/mtype632.a(uip-udp-packet.)
 .comment       0x0000000000000000       0x2a obj_cooja/mtype632.a(rpl-dag.o)
 .comment       0x0000000000000000       0x2a obj_cooja/mtype632.a(rpl-ext-header.)
 .comment       0x0000000000000000       0x2a obj_cooja/mtype632.a(rpl-icmp6.o)
 .comment       0x0000000000000000       0x2a obj_cooja/mtype632.a(rpl-ltmax.o)
 .comment       0x0000000000000000       0x2a obj_cooja/mtype632.a(rpl-timers.o)
 .comment       0x0000000000000000       0x2a obj_cooja/mtype632.a(rpl.o)
 .comment       0x0000000000000000       0x2a obj_cooja/mtype632.a(csma.o)
 .comment       0x0000000000000000       0x2a obj_cooja/mtype632.a(framer-802154.o)
 .comment       0x0000000000000000       0x2a obj_cooja/mtype632.a(mac.o)
 .comment       0x0000000000000000       0x2a obj_cooja/mtype632.a(cxmac.o)
 .comment       0x0000000000000000       0x2a obj_cooja/mtype632.a(linkaddr.o)
 .comment       0x0000000000000000       0x2a obj_cooja/mtype632.a(nbr-table.o)
 .comment       0x0000000000000000       0x2a obj_cooja/mtype632.a(netstack.o)
 .comment       0x0000000000000000       0x2a obj_cooja/mtype632.a(packetbuf.o)
 .comment       0x0000000000000000       0x2a obj_cooja/mtype632.a(queuebuf.o)
 .comment       0x0000000000000000       0x2a obj_cooja/mtype632.a(nullsec.o)
 .comment       0x0000000000000000       0x2a obj_cooja/mtype632.a(watchdog.o)
 .comment       0x0000000000000000       0x2a obj_cooja/mtype632.a(rimestats.o)
 .comment       0x0000000000000000       0x2a obj_cooja/mtype632.a(leds.o)
 .comment       0x0000000000000000       0x2a obj_cooja/mtype632.a(memb.o)
 .comment       0x0000000000000000       0x2a obj_cooja/mtype632.a(uip-icmp6.o)
 .comment       0x0000000000000000       0x2a obj_cooja/mtype632.a(uip-nd6.o)
 .comment       0x0000000000000000       0x2a obj_cooja/mtype632.a(rpl-nbr-policy.)
 .comment       0x0000000000000000       0x2a obj_cooja/mtype632.a(frame802154.o)
 .comment       0x0000000000000000       0x2a /usr/lib/gcc/i686-linux-gnu/4.8/crtendS.o

.debug
 *(.debug)

.line
 *(.line)

.debug_srcinfo
 *(.debug_srcinfo)

.debug_sfnames
 *(.debug_sfnames)

.debug_aranges  0x0000000000000000      0x818
 *(.debug_aranges)
 .debug_aranges
                0x0000000000000000       0x20 udp-client.co
 .debug_aranges
                0x0000000000000020       0x20 obj_cooja/mtype632.o
 .debug_aranges
                0x0000000000000040       0x20 obj_cooja/mtype632.a(simEnvChange.o)
 .debug_aranges
                0x0000000000000060       0x20 obj_cooja/mtype632.a(cooja_mt.o)
 .debug_aranges
                0x0000000000000080       0x20 obj_cooja/mtype632.a(cooja_mtarch.o)
 .debug_aranges
                0x00000000000000a0       0x20 obj_cooja/mtype632.a(rtimer-arch.o)
 .debug_aranges
                0x00000000000000c0       0x20 obj_cooja/mtype632.a(beep.o)
 .debug_aranges
                0x00000000000000e0       0x20 obj_cooja/mtype632.a(button-sensor.o)
 .debug_aranges
                0x0000000000000100       0x20 obj_cooja/mtype632.a(leds-arch.o)
 .debug_aranges
                0x0000000000000120       0x20 obj_cooja/mtype632.a(moteid.o)
 .debug_aranges
                0x0000000000000140       0x20 obj_cooja/mtype632.a(pir-sensor.o)
 .debug_aranges
                0x0000000000000160       0x20 obj_cooja/mtype632.a(rs232.o)
 .debug_aranges
                0x0000000000000180       0x20 obj_cooja/mtype632.a(vib-sensor.o)
 .debug_aranges
                0x00000000000001a0       0x20 obj_cooja/mtype632.a(clock.o)
 .debug_aranges
                0x00000000000001c0       0x20 obj_cooja/mtype632.a(log.o)
 .debug_aranges
                0x00000000000001e0       0x20 obj_cooja/mtype632.a(cfs-cooja.o)
 .debug_aranges
                0x0000000000000200       0x20 obj_cooja/mtype632.a(cooja-radio.o)
 .debug_aranges
                0x0000000000000220       0x20 obj_cooja/mtype632.a(eeprom.o)
 .debug_aranges
                0x0000000000000240       0x20 obj_cooja/mtype632.a(random.o)
 .debug_aranges
                0x0000000000000260       0x20 obj_cooja/mtype632.a(sensors.o)
 .debug_aranges
                0x0000000000000280       0x20 obj_cooja/mtype632.a(autostart.o)
 .debug_aranges
                0x00000000000002a0       0x20 obj_cooja/mtype632.a(ctimer.o)
 .debug_aranges
                0x00000000000002c0       0x20 obj_cooja/mtype632.a(etimer.o)
 .debug_aranges
                0x00000000000002e0       0x20 obj_cooja/mtype632.a(log_message.o)
 .debug_aranges
                0x0000000000000300       0x20 obj_cooja/mtype632.a(process.o)
 .debug_aranges
                0x0000000000000320       0x20 obj_cooja/mtype632.a(residual.o)
 .debug_aranges
                0x0000000000000340       0x20 obj_cooja/mtype632.a(rtimer.o)
 .debug_aranges
                0x0000000000000360       0x20 obj_cooja/mtype632.a(stimer.o)
 .debug_aranges
                0x0000000000000380       0x20 obj_cooja/mtype632.a(timer.o)
 .debug_aranges
                0x00000000000003a0       0x20 obj_cooja/mtype632.a(serial-line.o)
 .debug_aranges
                0x00000000000003c0       0x20 obj_cooja/mtype632.a(list.o)
 .debug_aranges
                0x00000000000003e0       0x20 obj_cooja/mtype632.a(ringbuf.o)
 .debug_aranges
                0x0000000000000400       0x20 obj_cooja/mtype632.a(sicslowpan.o)
 .debug_aranges
                0x0000000000000420       0x20 obj_cooja/mtype632.a(uip-ds6-nbr.o)
 .debug_aranges
                0x0000000000000440       0x20 obj_cooja/mtype632.a(uip-ds6-route.o)
 .debug_aranges
                0x0000000000000460       0x20 obj_cooja/mtype632.a(uip-ds6.o)
 .debug_aranges
                0x0000000000000480       0x20 obj_cooja/mtype632.a(uip6.o)
 .debug_aranges
                0x00000000000004a0       0x20 obj_cooja/mtype632.a(tcpip.o)
 .debug_aranges
                0x00000000000004c0       0x20 obj_cooja/mtype632.a(uip-debug.o)
 .debug_aranges
                0x00000000000004e0       0x20 obj_cooja/mtype632.a(uip-packetqueue)
 .debug_aranges
                0x0000000000000500       0x20 obj_cooja/mtype632.a(uip-udp-packet.)
 .debug_aranges
                0x0000000000000520       0x20 obj_cooja/mtype632.a(rpl-dag.o)
 .debug_aranges
                0x0000000000000540       0x20 obj_cooja/mtype632.a(rpl-ext-header.)
 .debug_aranges
                0x0000000000000560       0x20 obj_cooja/mtype632.a(rpl-icmp6.o)
 .debug_aranges
                0x0000000000000580       0x20 obj_cooja/mtype632.a(rpl-ltmax.o)
 .debug_aranges
                0x00000000000005a0       0x20 obj_cooja/mtype632.a(rpl-timers.o)
 .debug_aranges
                0x00000000000005c0       0x20 obj_cooja/mtype632.a(rpl.o)
 .debug_aranges
                0x00000000000005e0       0x20 obj_cooja/mtype632.a(csma.o)
 .debug_aranges
                0x0000000000000600       0x20 obj_cooja/mtype632.a(framer-802154.o)
 .debug_aranges
                0x0000000000000620       0x20 obj_cooja/mtype632.a(mac.o)
 .debug_aranges
                0x0000000000000640       0x20 obj_cooja/mtype632.a(cxmac.o)
 .debug_aranges
                0x0000000000000660       0x20 obj_cooja/mtype632.a(linkaddr.o)
 .debug_aranges
                0x0000000000000680       0x20 obj_cooja/mtype632.a(nbr-table.o)
 .debug_aranges
                0x00000000000006a0       0x20 obj_cooja/mtype632.a(netstack.o)
 .debug_aranges
                0x00000000000006c0       0x20 obj_cooja/mtype632.a(packetbuf.o)
 .debug_aranges
                0x00000000000006e0       0x20 obj_cooja/mtype632.a(queuebuf.o)
 .debug_aranges
                0x0000000000000700       0x20 obj_cooja/mtype632.a(nullsec.o)
 .debug_aranges
                0x0000000000000720       0x20 obj_cooja/mtype632.a(watchdog.o)
 .debug_aranges
                0x0000000000000740       0x18 obj_cooja/mtype632.a(rimestats.o)
 .debug_aranges
                0x0000000000000758       0x20 obj_cooja/mtype632.a(leds.o)
 .debug_aranges
                0x0000000000000778       0x20 obj_cooja/mtype632.a(memb.o)
 .debug_aranges
                0x0000000000000798       0x20 obj_cooja/mtype632.a(uip-icmp6.o)
 .debug_aranges
                0x00000000000007b8       0x20 obj_cooja/mtype632.a(uip-nd6.o)
 .debug_aranges
                0x00000000000007d8       0x20 obj_cooja/mtype632.a(rpl-nbr-policy.)
 .debug_aranges
                0x00000000000007f8       0x20 obj_cooja/mtype632.a(frame802154.o)

.debug_pubnames
 *(.debug_pubnames)

.debug_info     0x0000000000000000    0x1c408
 *(.debug_info .gnu.linkonce.wi.*)
 .debug_info    0x0000000000000000      0xade udp-client.co
 .debug_info    0x0000000000000ade     0x3afc obj_cooja/mtype632.o
 .debug_info    0x00000000000045da      0x15a obj_cooja/mtype632.a(simEnvChange.o)
 .debug_info    0x0000000000004734      0x1e2 obj_cooja/mtype632.a(cooja_mt.o)
 .debug_info    0x0000000000004916      0x2e7 obj_cooja/mtype632.a(cooja_mtarch.o)
 .debug_info    0x0000000000004bfd      0x16b obj_cooja/mtype632.a(rtimer-arch.o)
 .debug_info    0x0000000000004d68      0x1f3 obj_cooja/mtype632.a(beep.o)
 .debug_info    0x0000000000004f5b      0x257 obj_cooja/mtype632.a(button-sensor.o)
 .debug_info    0x00000000000051b2      0x132 obj_cooja/mtype632.a(leds-arch.o)
 .debug_info    0x00000000000052e4      0x10a obj_cooja/mtype632.a(moteid.o)
 .debug_info    0x00000000000053ee      0x216 obj_cooja/mtype632.a(pir-sensor.o)
 .debug_info    0x0000000000005604      0x21e obj_cooja/mtype632.a(rs232.o)
 .debug_info    0x0000000000005822      0x216 obj_cooja/mtype632.a(vib-sensor.o)
 .debug_info    0x0000000000005a38      0x152 obj_cooja/mtype632.a(clock.o)
 .debug_info    0x0000000000005b8a      0x2bb obj_cooja/mtype632.a(log.o)
 .debug_info    0x0000000000005e45      0x3cf obj_cooja/mtype632.a(cfs-cooja.o)
 .debug_info    0x0000000000006214      0xc9c obj_cooja/mtype632.a(cooja-radio.o)
 .debug_info    0x0000000000006eb0      0x1d5 obj_cooja/mtype632.a(eeprom.o)
 .debug_info    0x0000000000007085       0xb3 obj_cooja/mtype632.a(random.o)
 .debug_info    0x0000000000007138      0x36d obj_cooja/mtype632.a(sensors.o)
 .debug_info    0x00000000000074a5      0x1a5 obj_cooja/mtype632.a(autostart.o)
 .debug_info    0x000000000000764a      0x46c obj_cooja/mtype632.a(ctimer.o)
 .debug_info    0x0000000000007ab6      0x49c obj_cooja/mtype632.a(etimer.o)
 .debug_info    0x0000000000007f52      0x53a obj_cooja/mtype632.a(log_message.o)
 .debug_info    0x000000000000848c      0x4ba obj_cooja/mtype632.a(process.o)
 .debug_info    0x0000000000008946      0x16b obj_cooja/mtype632.a(residual.o)
 .debug_info    0x0000000000008ab1      0x1ab obj_cooja/mtype632.a(rtimer.o)
 .debug_info    0x0000000000008c5c      0x179 obj_cooja/mtype632.a(stimer.o)
 .debug_info    0x0000000000008dd5      0x16c obj_cooja/mtype632.a(timer.o)
 .debug_info    0x0000000000008f41      0x2de obj_cooja/mtype632.a(serial-line.o)
 .debug_info    0x000000000000921f      0x2ed obj_cooja/mtype632.a(list.o)
 .debug_info    0x000000000000950c      0x1aa obj_cooja/mtype632.a(ringbuf.o)
 .debug_info    0x00000000000096b6     0x105e obj_cooja/mtype632.a(sicslowpan.o)
 .debug_info    0x000000000000a714      0x853 obj_cooja/mtype632.a(uip-ds6-nbr.o)
 .debug_info    0x000000000000af67      0xd30 obj_cooja/mtype632.a(uip-ds6-route.o)
 .debug_info    0x000000000000bc97      0xa5b obj_cooja/mtype632.a(uip-ds6.o)
 .debug_info    0x000000000000c6f2      0xfb0 obj_cooja/mtype632.a(uip6.o)
 .debug_info    0x000000000000d6a2     0x155a obj_cooja/mtype632.a(tcpip.o)
 .debug_info    0x000000000000ebfc      0x1b5 obj_cooja/mtype632.a(uip-debug.o)
 .debug_info    0x000000000000edb1      0x470 obj_cooja/mtype632.a(uip-packetqueue)
 .debug_info    0x000000000000f221      0x37a obj_cooja/mtype632.a(uip-udp-packet.)
 .debug_info    0x000000000000f59b     0x1c42 obj_cooja/mtype632.a(rpl-dag.o)
 .debug_info    0x00000000000111dd      0xe8d obj_cooja/mtype632.a(rpl-ext-header.)
 .debug_info    0x000000000001206a     0x1996 obj_cooja/mtype632.a(rpl-icmp6.o)
 .debug_info    0x0000000000013a00      0xb5c obj_cooja/mtype632.a(rpl-ltmax.o)