Archive member included to satisfy reference by file (symbol)

obj_cooja/mtype574.a(simEnvChange.o)
                              obj_cooja/mtype574.o (simDontFallAsleep)
obj_cooja/mtype574.a(cooja_mt.o)
                              obj_cooja/mtype574.o (cooja_mt_start)
obj_cooja/mtype574.a(cooja_mtarch.o)
                              obj_cooja/mtype574.a(cooja_mt.o) (cooja_mtarch_init)
obj_cooja/mtype574.a(rtimer-arch.o)
                              obj_cooja/mtype574.o (rtimer_arch_next)
obj_cooja/mtype574.a(beep.o)  obj_cooja/mtype574.o (beep_interface)
obj_cooja/mtype574.a(button-sensor.o)
                              obj_cooja/mtype574.o (button_interface)
obj_cooja/mtype574.a(leds-arch.o)
                              obj_cooja/mtype574.o (leds_interface)
obj_cooja/mtype574.a(moteid.o)
                              obj_cooja/mtype574.o (moteid_interface)
obj_cooja/mtype574.a(pir-sensor.o)
                              obj_cooja/mtype574.o (pir_interface)
obj_cooja/mtype574.a(rs232.o)
                              obj_cooja/mtype574.o (rs232_interface)
obj_cooja/mtype574.a(vib-sensor.o)
                              obj_cooja/mtype574.o (vib_interface)
obj_cooja/mtype574.a(clock.o)
                              obj_cooja/mtype574.o (clock_interface)
obj_cooja/mtype574.a(log.o)   obj_cooja/mtype574.o (simlog_interface)
obj_cooja/mtype574.a(cfs-cooja.o)
                              obj_cooja/mtype574.o (cfs_interface)
obj_cooja/mtype574.a(cooja-radio.o)
                              obj_cooja/mtype574.o (radio_interface)
obj_cooja/mtype574.a(eeprom.o)
                              obj_cooja/mtype574.o (eeprom_interface)
obj_cooja/mtype574.a(random.o)
                              obj_cooja/mtype574.a(moteid.o) (random_init)
obj_cooja/mtype574.a(sensors.o)
                              udp-server.co (sensors_event)
obj_cooja/mtype574.a(leds.o)  obj_cooja/mtype574.a(cooja-radio.o) (leds_on)
obj_cooja/mtype574.a(dual_conf.o)
                              obj_cooja/mtype574.a(cooja-radio.o) (long_range_radio)
obj_cooja/mtype574.a(autostart.o)
                              obj_cooja/mtype574.o (autostart_start)
obj_cooja/mtype574.a(ctimer.o)
                              obj_cooja/mtype574.o (ctimer_init)
obj_cooja/mtype574.a(etimer.o)
                              obj_cooja/mtype574.o (etimer_process)
obj_cooja/mtype574.a(log_message.o)
                              obj_cooja/mtype574.o (log_initialization)
obj_cooja/mtype574.a(process.o)
                              udp-server.co (process_current)
obj_cooja/mtype574.a(residual.o)
                              obj_cooja/mtype574.o (get_residual_energy)
obj_cooja/mtype574.a(rtimer.o)
                              obj_cooja/mtype574.a(rtimer-arch.o) (rtimer_run_next)
obj_cooja/mtype574.a(timer.o)
                              obj_cooja/mtype574.a(button-sensor.o) (timer_set)
obj_cooja/mtype574.a(serial-line.o)
                              obj_cooja/mtype574.a(rs232.o) (serial_line_input_byte)
obj_cooja/mtype574.a(list.o)  obj_cooja/mtype574.a(ctimer.o) (list_init)
obj_cooja/mtype574.a(ringbuf.o)
                              obj_cooja/mtype574.a(serial-line.o) (ringbuf_init)
obj_cooja/mtype574.a(sicslowpan.o)
                              obj_cooja/mtype574.o (sicslowpan_driver)
obj_cooja/mtype574.a(uip-ds6-nbr.o)
                              obj_cooja/mtype574.a(sicslowpan.o) (uip_ds6_link_neighbor_callback)
obj_cooja/mtype574.a(uip-ds6.o)
                              udp-server.co (uip_ds6_if)
obj_cooja/mtype574.a(uip6.o)  obj_cooja/mtype574.o (uip_lladdr)
obj_cooja/mtype574.a(tcpip.o)
                              udp-server.co (tcpip_event)
obj_cooja/mtype574.a(uip-debug.o)
                              udp-server.co (uip_debug_ipaddr_print)
obj_cooja/mtype574.a(uip-packetqueue)
                              obj_cooja/mtype574.a(uip-ds6-nbr.o) (uip_packetqueue_new)
obj_cooja/mtype574.a(rpl-dag.o)
                              udp-server.co (rpl_set_root)
obj_cooja/mtype574.a(rpl-ext-header.)
                              obj_cooja/mtype574.a(uip6.o) (rpl_verify_header)
obj_cooja/mtype574.a(rpl-icmp6.o)
                              obj_cooja/mtype574.a(rpl-dag.o) (rpl_icmp6_update_nbr_table)
obj_cooja/mtype574.a(rpl-ltmax.o)
                              obj_cooja/mtype574.a(rpl-dag.o) (rpl_ltmax_of)
obj_cooja/mtype574.a(rpl-timers.o)
                              obj_cooja/mtype574.a(rpl-icmp6.o) (rpl_LSA_convergence_timer)
obj_cooja/mtype574.a(rpl.o)   obj_cooja/mtype574.a(rpl-icmp6.o) (rpl_get_mode)
obj_cooja/mtype574.a(csma.o)  udp-server.co (csma_driver)
obj_cooja/mtype574.a(framer-802154.o)
                              obj_cooja/mtype574.a(sicslowpan.o) (framer_802154)
obj_cooja/mtype574.a(mac.o)   obj_cooja/mtype574.a(csma.o) (mac_call_sent_callback)
obj_cooja/mtype574.a(cxmac.o)
                              obj_cooja/mtype574.o (cxmac_driver)
obj_cooja/mtype574.a(linkaddr.o)
[...]
Memory Configuration

Name             Origin             Length             Attributes
*default*        0x0000000000000000 0xffffffffffffffff

Linker script and memory map

LOAD /usr/lib/gcc/i686-linux-gnu/4.8/../../../i386-linux-gnu/crti.o
LOAD /usr/lib/gcc/i686-linux-gnu/4.8/crtbeginS.o
LOAD udp-server.co
LOAD obj_cooja/mtype574.o
LOAD obj_cooja/mtype574.a
LOAD /usr/lib/gcc/i686-linux-gnu/4.8/libgcc.a
LOAD /usr/lib/gcc/i686-linux-gnu/4.8/libgcc_s.so
LOAD /usr/lib/gcc/i686-linux-gnu/4.8/../../../i386-linux-gnu/libc.so
START GROUP
LOAD /lib/i386-linux-gnu/libc.so.6
LOAD /usr/lib/i386-linux-gnu/libc_nonshared.a
LOAD /lib/i386-linux-gnu/ld-linux.so.2
END GROUP
LOAD /usr/lib/gcc/i686-linux-gnu/4.8/libgcc.a
LOAD /usr/lib/gcc/i686-linux-gnu/4.8/libgcc_s.so
LOAD /usr/lib/gcc/i686-linux-gnu/4.8/crtendS.o
LOAD /usr/lib/gcc/i686-linux-gnu/4.8/../../../i386-linux-gnu/crtn.o
                0x0000000000000114                . = (0x0 + SIZEOF_HEADERS)

.note.gnu.build-id
                0x0000000000000114       0x24
 *(.note.gnu.build-id)
 .note.gnu.build-id
                0x0000000000000114       0x24 /usr/lib/gcc/i686-linux-gnu/4.8/../../../i386-linux-gnu/crti.o

.hash
 *(.hash)

.gnu.hash       0x0000000000000138     0x1398
 *(.gnu.hash)
 .gnu.hash      0x0000000000000138     0x1398 /usr/lib/gcc/i686-linux-gnu/4.8/../../../i386-linux-gnu/crti.o

.dynsym         0x00000000000014d0     0x26c0
 *(.dynsym)
 .dynsym        0x00000000000014d0     0x26c0 /usr/lib/gcc/i686-linux-gnu/4.8/../../../i386-linux-gnu/crti.o

.dynstr         0x0000000000003b90     0x27c6
 *(.dynstr)
 .dynstr        0x0000000000003b90     0x27c6 /usr/lib/gcc/i686-linux-gnu/4.8/../../../i386-linux-gnu/crti.o

.gnu.version    0x0000000000006356      0x4d8
 *(.gnu.version)
 .gnu.version   0x0000000000006356      0x4d8 /usr/lib/gcc/i686-linux-gnu/4.8/../../../i386-linux-gnu/crti.o

.gnu.version_d  0x0000000000006830        0x0
 *(.gnu.version_d)
 .gnu.version_d
                0x0000000000000000        0x0 /usr/lib/gcc/i686-linux-gnu/4.8/../../../i386-linux-gnu/crti.o

.gnu.version_r  0x0000000000006830       0x50
 *(.gnu.version_r)
 .gnu.version_r
                0x0000000000006830       0x50 /usr/lib/gcc/i686-linux-gnu/4.8/../../../i386-linux-gnu/crti.o

.rel.dyn        0x0000000000006880     0xa350
 *(.rel.init)
 .rel.init      0x0000000000000000        0x0 /usr/lib/gcc/i686-linux-gnu/4.8/../../../i386-linux-gnu/crti.o
 *(.rel.text .rel.text.* .rel.gnu.linkonce.t.*)
 .rel.text      0x0000000000006880     0x9b60 /usr/lib/gcc/i686-linux-gnu/4.8/../../../i386-linux-gnu/crti.o
 *(.rel.fini)
 .rel.fini      0x0000000000000000        0x0 /usr/lib/gcc/i686-linux-gnu/4.8/../../../i386-linux-gnu/crti.o
 *(.rel.rodata .rel.rodata.* .rel.gnu.linkonce.r.*)
 .rel.rodata    0x00000000000103e0      0x4e0 /usr/lib/gcc/i686-linux-gnu/4.8/../../../i386-linux-gnu/crti.o
 *(.rel.data.rel.ro .rel.data.rel.ro.* .rel.gnu.linkonce.d.rel.ro.*)
 *(.rel.data .rel.data.* .rel.gnu.linkonce.d.*)
 .rel.data.rel  0x00000000000108c0        0x8 /usr/lib/gcc/i686-linux-gnu/4.8/../../../i386-linux-gnu/crti.o
 .rel.data      0x00000000000108c8      0x2d0 /usr/lib/gcc/i686-linux-gnu/4.8/../../../i386-linux-gnu/crti.o
 *(.rel.tdata .rel.tdata.* .rel.gnu.linkonce.td.*)
 *(.rel.tbss .rel.tbss.* .rel.gnu.linkonce.tb.*)
 *(.rel.ctors)
 *(.rel.dtors)
 *(.rel.got)
 .rel.got       0x0000000000010b98       0x28 /usr/lib/gcc/i686-linux-gnu/4.8/../../../i386-linux-gnu/crti.o
 *(.rel.bss .rel.bss.* .rel.gnu.linkonce.b.*)
 *(.rel.ifunc)
 .rel.ifunc     0x0000000000000000        0x0 /usr/lib/gcc/i686-linux-gnu/4.8/../../../i386-linux-gnu/crti.o
 .rel.fini_array
                0x0000000000010bc0        0x8 /usr/lib/gcc/i686-linux-gnu/4.8/../../../i386-linux-gnu/crti.o
 .rel.init_array
                0x0000000000010bc8        0x8 /usr/lib/gcc/i686-linux-gnu/4.8/../../../i386-linux-gnu/crti.o

.rel.plt        0x0000000000010bd0       0x10
 *(.rel.plt)
 .rel.plt       0x0000000000010bd0       0x10 /usr/lib/gcc/i686-linux-gnu/4.8/../../../i386-linux-gnu/crti.o
 *(.rel.iplt)

.init           0x0000000000010be0       0x23
 *(SORT(.init))
 .init          0x0000000000010be0       0x1e /usr/lib/gcc/i686-linux-gnu/4.8/../../../i386-linux-gnu/crti.o
                0x0000000000010be0                _init
 .init          0x0000000000010bfe        0x5 /usr/lib/gcc/i686-linux-gnu/4.8/../../../i386-linux-gnu/crtn.o

.plt            0x0000000000010c10       0x30
 *(.plt)
 .plt           0x0000000000010c10       0x30 /usr/lib/gcc/i686-linux-gnu/4.8/../../../i386-linux-gnu/crti.o
 *(.iplt)

.text           0x0000000000010c40    0x180e2
 *(.text.unlikely .text.*_unlikely .text.unlikely.*)
 *(.text.exit .text.exit.*)
 *(.text.startup .text.startup.*)
 *(.text.hot .text.hot.*)
 *(.text .stub .text.* .gnu.linkonce.t.*)
 .text          0x0000000000010c40        0x0 /usr/lib/gcc/i686-linux-gnu/4.8/../../../i386-linux-gnu/crti.o
 .gnu.linkonce.t.__x86.get_pc_thunk.bx
                0x0000000000010c40        0x4 /usr/lib/gcc/i686-linux-gnu/4.8/../../../i386-linux-gnu/crti.o
                0x0000000000010c40                __x86.get_pc_thunk.bx
 *fill*         0x0000000000010c44        0xc 
 .text          0x0000000000010c50      0x11b /usr/lib/gcc/i686-linux-gnu/4.8/crtbeginS.o
 .text          0x0000000000010d6b      0x3ce udp-server.co
 .text          0x0000000000011139      0x96a obj_cooja/mtype574.o
                0x00000000000112e7                contiki_init
                0x00000000000118ba                Java_org_contikios_cooja_corecomm_Lib1_init
                0x00000000000118fa                Java_org_contikios_cooja_corecomm_Lib1_getMemory
                0x000000000001193a                Java_org_contikios_cooja_corecomm_Lib1_setMemory
                0x00000000000119b1                Java_org_contikios_cooja_corecomm_Lib1_tick
                0x0000000000011a91                Java_org_contikios_cooja_corecomm_Lib1_setReferenceAddress
 .text          0x0000000000011aa3       0x63 obj_cooja/mtype574.a(simEnvChange.o)
                0x0000000000011aa3                doActionsBeforeTick
                0x0000000000011ad4                doActionsAfterTick
 .text          0x0000000000011b06       0xbc obj_cooja/mtype574.a(cooja_mt.o)
                0x0000000000011b06                cooja_mt_init
                0x0000000000011b13                cooja_mt_remove
                0x0000000000011b20                cooja_mt_start
                0x0000000000011b4d                cooja_mt_exec
                0x0000000000011b7e                cooja_mt_exit
                0x0000000000011ba0                cooja_mt_yield
 .text          0x0000000000011bc2      0x115 obj_cooja/mtype574.a(cooja_mtarch.o)
                0x0000000000011bc2                cooja_mtarch_init
                0x0000000000011bc7                cooja_mtarch_start
                0x0000000000011c42                cooja_sw
                0x0000000000011c64                cooja_mtarch_exec
                0x0000000000011c80                cooja_mtarch_remove
                0x0000000000011c85                cooja_mtarch_yield
                0x0000000000011c8f                cooja_mtarch_pstop
                0x0000000000011c94                cooja_mtarch_pstart
                0x0000000000011c99                cooja_mtarch_stack_usage
 .text          0x0000000000011cd7       0xc2 obj_cooja/mtype574.a(rtimer-arch.o)
                0x0000000000011cd7                rtimer_arch_init
                0x0000000000011cfa                rtimer_arch_schedule
                0x0000000000011d11                rtimer_arch_next
                0x0000000000011d1b                rtimer_arch_pending
                0x0000000000011d25                rtimer_arch_check
                0x0000000000011d57                rtimer_arch_now
 .text          0x0000000000011d99       0x76 obj_cooja/mtype574.a(beep.o)
                0x0000000000011d99                beep_alarm
                0x0000000000011da5                beep_beep
                0x0000000000011db1                beep
                0x0000000000011dbd                beep_down
                0x0000000000011dc9                beep_on
                0x0000000000011dd5                beep_off
                0x0000000000011de1                beep_spinup
                0x0000000000011ded                beep_quick
                0x0000000000011df9                beep_long
 .text          0x0000000000011e0f      0x103 obj_cooja/mtype574.a(button-sensor.o)
 .text          0x0000000000011f12       0x45 obj_cooja/mtype574.a(leds-arch.o)
                0x0000000000011f12                leds_arch_init
                0x0000000000011f1e                leds_arch_get
                0x0000000000011f2a                leds_arch_set
 .text          0x0000000000011f57       0x2f obj_cooja/mtype574.a(moteid.o)
 .text          0x0000000000011f86       0xb1 obj_cooja/mtype574.a(pir-sensor.o)
 .text          0x0000000000012037      0x131 obj_cooja/mtype574.a(rs232.o)
                0x0000000000012037                rs232_init
                0x000000000001203c                rs232_set_speed
                0x000000000001204a                rs232_set_input
                0x0000000000012057                rs232_send
                0x0000000000012079                rs232_print
                0x0000000000012094                slip_arch_writeb
 .text          0x0000000000012168       0xb1 obj_cooja/mtype574.a(vib-sensor.o)
 .text          0x0000000000012219       0x34 obj_cooja/mtype574.a(clock.o)
                0x0000000000012219                clock_init
                0x000000000001221e                clock_time
                0x0000000000012228                clock_seconds
                0x000000000001223e                clock_delay
 .text          0x000000000001224d      0x1ed obj_cooja/mtype574.a(log.o)
                0x000000000001224d                simlog_char
                0x000000000001228f                simlog
                0x00000000000122fc                log_message
                0x0000000000012324                log_set_putchar_with_slip
                0x0000000000012331                log_putchar
                0x00000000000123b5                log_puts
                0x00000000000123d9                log_printf
 .text          0x000000000001243a      0x2c4 obj_cooja/mtype574.a(cfs-cooja.o)
                0x000000000001243a                cfs_open
                0x00000000000124a3                cfs_close
                0x00000000000124af                cfs_read
                0x000000000001254d                cfs_write
                0x000000000001262a                cfs_seek
                0x00000000000126b2                cfs_remove
                0x00000000000126db                cfs_opendir
                0x00000000000126e5                cfs_readdir
                0x00000000000126ef                cfs_closedir
 .text          0x00000000000126fe      0x6b7 obj_cooja/mtype574.a(cooja-radio.o)
                0x0000000000012728                radio_set_channel
                0x000000000001273d                radio_set_txpower
                0x000000000001275d                radio_signal_strength_last
                0x0000000000012767                radio_signal_strength_current
                0x0000000000012771                radio_LQI
 .text          0x0000000000012db5       0xef obj_cooja/mtype574.a(eeprom.o)
                0x0000000000012db5                eeprom_init
                0x0000000000012dba                eeprom_read
                0x0000000000012e2a                eeprom_write
 .text          0x0000000000012ea4       0x28 obj_cooja/mtype574.a(random.o)
                0x0000000000012ea4                random_init
                0x0000000000012ebf                random_rand
 .text          0x0000000000012ecc      0x2a1 obj_cooja/mtype574.a(sensors.o)
                0x0000000000012f07                sensors_first
                0x0000000000012f11                sensors_next
                0x0000000000012f2e                sensors_changed
                0x0000000000012f5d                sensors_find
 .text          0x000000000001316d      0x134 obj_cooja/mtype574.a(leds.o)
                0x00000000000131be                leds_init
                0x00000000000131d2                leds_blink
                0x000000000001320a                leds_get
                0x0000000000013217                leds_set
                0x0000000000013231                leds_on
                0x0000000000013254                leds_off
                0x000000000001327e                leds_toggle
 .text          0x00000000000132a1      0x471 obj_cooja/mtype574.a(dual_conf.o)
                0x00000000000132a1                dual_radio_switch
                0x00000000000132e1                dual_radio_change
                0x000000000001331b                sending_in_LR
                0x0000000000013346                dual_radio_received
                0x0000000000013399                radio_received_is_longrange
                0x00000000000133b4                dual_radio_turn_on
                0x00000000000133d7                dual_radio_turn_off
                0x0000000000013698                dio_broadcast
                0x00000000000136c1                dis_broadcast
                0x00000000000136e2                LSA_converge_broadcast
 .text          0x0000000000013712       0x8e obj_cooja/mtype574.a(autostart.o)
                0x0000000000013712                autostart_start
                0x000000000001375d                autostart_exit
 .text          0x00000000000137a0      0x334 obj_cooja/mtype574.a(ctimer.o)
                0x00000000000138b7                ctimer_init
                0x00000000000138e7                ctimer_set
                0x0000000000013918                ctimer_set_with_process
                0x0000000000013994                ctimer_reset
                0x00000000000139e3                ctimer_restart
                0x0000000000013a32                ctimer_stop
                0x0000000000013a7d                ctimer_expired
 .text          0x0000000000013ad4      0x40b obj_cooja/mtype574.a(etimer.o)
                0x0000000000013ce7                etimer_request_poll
                0x0000000000013d6b                etimer_set
                0x0000000000013d90                etimer_reset_with_new_interval
                0x0000000000013db7                etimer_reset
                0x0000000000013dd5                etimer_restart
                0x0000000000013df3                etimer_adjust
                0x0000000000013e0f                etimer_expired
                0x0000000000013e22                etimer_expiration_time
                0x0000000000013e34                etimer_start_time
                0x0000000000013e3e                etimer_pending
                0x0000000000013e50                etimer_next_expiration_time
                0x0000000000013e6a                etimer_stop
 .text          0x0000000000013edf      0x10f obj_cooja/mtype574.a(log_message.o)
                0x0000000000013edf                log_initialization
                0x0000000000013fcd                log_finisher
 .text          0x0000000000013fee      0x560 obj_cooja/mtype574.a(process.o)
                0x0000000000013fee                process_alloc_event
                0x0000000000014003                process_start
                0x00000000000141ec                process_exit
                0x0000000000014208                process_init
                0x00000000000143d9                process_run
                0x000000000001440c                process_nevents
                0x0000000000014427                process_post
                0x00000000000144d3                process_post_synch
                0x000000000001450b                process_poll
                0x000000000001453a                process_is_running
 .text          0x000000000001454e       0xd3 obj_cooja/mtype574.a(residual.o)
                0x000000000001454e                get_residual_energy
 .text          0x0000000000014621       0xba obj_cooja/mtype574.a(rtimer.o)
                0x0000000000014621                rtimer_init
                0x000000000001462e                rtimer_set
                0x0000000000014685                rtimer_run_next
 .text          0x00000000000146db       0x91 obj_cooja/mtype574.a(timer.o)
                0x00000000000146db                timer_set
                0x00000000000146f6                timer_reset
                0x000000000001470d                timer_restart
                0x000000000001471f                timer_expired
                0x0000000000014748                timer_remaining
 .text          0x000000000001476c      0x1fb obj_cooja/mtype574.a(serial-line.o)
                0x000000000001476c                serial_line_input_byte
                0x000000000001492f                serial_line_init
 .text          0x0000000000014967      0x244 obj_cooja/mtype574.a(list.o)
                0x0000000000014967                list_init
                0x0000000000014975                list_head
                0x000000000001497f                list_copy
                0x000000000001498e                list_tail
                0x00000000000149c4                list_add
                0x0000000000014a0d                list_push
                0x0000000000014a39                list_chop
                0x0000000000014aa3                list_pop
                0x0000000000014acb                list_remove
                0x0000000000014b32                list_length
                0x0000000000014b60                list_insert
                0x0000000000014b94                list_item_next
 .text          0x0000000000014bab      0x155 obj_cooja/mtype574.a(ringbuf.o)
                0x0000000000014bab                ringbuf_init
                0x0000000000014bdc                ringbuf_put
                0x0000000000014c5a                ringbuf_get
                0x0000000000014cc7                ringbuf_size
                0x0000000000014cd9                ringbuf_elements
 .text          0x0000000000014d00     0x258b obj_cooja/mtype574.a(sicslowpan.o)
                0x000000000001528a                rime_sniffer_add
                0x0000000000015297                rime_sniffer_remove
                0x000000000001722a                sicslowpan_init
                0x0000000000017281                sicslowpan_get_last_rssi
 .text          0x000000000001728b      0x2dc obj_cooja/mtype574.a(uip-ds6-nbr.o)
                0x00000000000172a8                uip_ds6_neighbors_init
                0x00000000000172c5                uip_ds6_nbr_add
                0x0000000000017376                uip_ds6_nbr_rm
                0x00000000000173d3                uip_ds6_nbr_get_ipaddr
                0x00000000000173e8                uip_ds6_nbr_get_ll
                0x0000000000017404                uip_ds6_nbr_num
                0x0000000000017449                uip_ds6_nbr_lookup
                0x00000000000174ae                uip_ds6_nbr_ll_lookup
                0x00000000000174ca                uip_ds6_nbr_ipaddr_from_lladdr
                0x00000000000174f0                uip_ds6_nbr_lladdr_from_ipaddr
                0x000000000001751e                uip_ds6_link_neighbor_callback
 .text          0x0000000000017567     0x12ad obj_cooja/mtype574.a(uip-ds6.o)
                0x0000000000017567                uip_ds6_init
                0x00000000000178bc                uip_ds6_periodic
                0x0000000000017994                uip_ds6_list_loop
                0x0000000000017a3b                uip_ds6_prefix_add
                0x0000000000017af9                uip_ds6_prefix_rm
                0x0000000000017b0b                uip_ds6_prefix_lookup
                0x0000000000017b5c                uip_ds6_is_addr_onlink
                0x0000000000017bd0                uip_ds6_addr_add
                0x0000000000017cfe                uip_ds6_long_addr_add
                0x0000000000017e2c                uip_ds6_addr_rm
                0x0000000000017ecc                uip_ds6_addr_lookup
                0x0000000000017f17                uip_ds6_long_addr_lookup
                0x0000000000017f62                uip_ds6_get_link_local
                0x0000000000017fe1                uip_ds6_long_get_link_local
                0x0000000000018060                uip_ds6_get_global
                0x00000000000180df                uip_ds6_long_get_global
                0x000000000001815e                uip_ds6_maddr_add
                0x00000000000181d0                uip_ds6_long_maddr_add
                0x0000000000018242                uip_ds6_maddr_rm
                0x0000000000018254                uip_ds6_maddr_lookup
                0x000000000001829f                uip_ds6_long_maddr_lookup
                0x00000000000182ea                uip_ds6_aaddr_add
                0x000000000001835c                uip_ds6_long_aaddr_add
                0x00000000000183ce                uip_ds6_aaddr_rm
                0x00000000000183e0                uip_ds6_aaddr_lookup
                0x000000000001842b                uip_ds6_long_aaddr_lookup
                0x0000000000018476                uip_ds6_select_src
                0x00000000000186ff                uip_ds6_set_addr_iid
                0x0000000000018736                get_match_length
                0x00000000000187c8                uip_ds6_compute_reachable_time
 .text          0x0000000000018814     0x29f3 obj_cooja/mtype574.a(uip6.o)
                0x0000000000018814                uip_add32
                0x00000000000189ad                uip_chksum
                0x0000000000018a9b                uip_icmp6chksum
                0x0000000000018aaf                uip_tcpchksum
                0x0000000000018ac3                uip_udpchksum
                0x0000000000018ad7                uip_init
                0x0000000000018ba7                uip_connect
                0x0000000000018d56                remove_ext_hdr
                0x0000000000018e2b                uip_udp_new
                0x0000000000018f87                uip_unlisten
                0x0000000000018fe7                uip_listen
                0x00000000000192a9                uip_process
                0x000000000001b0fb                uip_htons
                0x000000000001b11d                uip_htonl
                0x000000000001b15d                uip_send
 .text          0x000000000001b207      0xb43 obj_cooja/mtype574.a(tcpip.o)
                0x000000000001b207                tcpip_output
                0x000000000001b235                tcpip_set_outputfunc
                0x000000000001b2c9                tcp_connect
                0x000000000001b31e                tcp_unlisten
                0x000000000001b379                tcp_listen
                0x000000000001b3d2                tcp_attach
                0x000000000001b3f7                udp_attach
                0x000000000001b41c                udp_new
                0x000000000001b46e                udp_broadcast_new
                0x000000000001b6e2                tcpip_input
                0x000000000001b716                tcpip_ipv6_output
                0x000000000001bb90                tcpip_poll_udp
                0x000000000001bbb3                tcpip_poll_tcp
                0x000000000001bbd6                tcpip_uipcall
 .text          0x000000000001bd4a      0x1c1 obj_cooja/mtype574.a(uip-debug.o)
                0x000000000001bd4a                uip_debug_ipaddr_print
                0x000000000001beac                uip_debug_lladdr_print
 .text          0x000000000001bf0b      0x141 obj_cooja/mtype574.a(uip-packetqueue)
                0x000000000001bf37                uip_packetqueue_new
                0x000000000001bf45                uip_packetqueue_alloc
                0x000000000001bfa5                uip_packetqueue_free
                0x000000000001bfe6                uip_packetqueue_buf
                0x000000000001c003                uip_packetqueue_buflen
                0x000000000001c024                uip_packetqueue_set_buflen
 .text          0x000000000001c04c     0x26ab obj_cooja/mtype574.a(rpl-dag.o)
                0x000000000001c04c                rpl_lr_in_child
                0x000000000001c104                rpl_print_neighbor_list
                0x000000000001c1ad                rpl_print_child_neighbor_list
                0x000000000001c222                rpl_get_nbr
                0x000000000001c27c                rpl_get_nbr_child
                0x000000000001c2d6                rpl_dag_init
                0x000000000001c308                rpl_get_parent
                0x000000000001c32a                rpl_get_parent_rank
                0x000000000001c35d                rpl_get_parent_link_metric
                0x000000000001c390                rpl_get_parent_ipaddr
                0x000000000001c3ba                rpl_get_child_ipaddr
                0x000000000001c6d5                rpl_set_root
                0x000000000001c903                rpl_repair_root
                0x000000000001cb3f                rpl_set_prefix
                0x000000000001cc3e                rpl_set_default_route
                0x000000000001ccca                rpl_alloc_instance
                0x000000000001cd52                rpl_alloc_dag
                0x000000000001ce05                rpl_set_default_instance
                0x000000000001ce12                rpl_get_default_instance
                0x000000000001ce1c                rpl_free_instance
                0x000000000001cebd                rpl_free_dag
                0x000000000001cf23                rpl_add_parent
                0x000000000001d00c                rpl_find_parent
                0x000000000001d03c                rpl_add_child
                0x000000000001d0e0                rpl_find_child
                0x000000000001d12e                rpl_find_parent_any_dag
                0x000000000001d16a                rpl_select_dag
                0x000000000001d5a0                rpl_select_parent
                0x000000000001d602                rpl_remove_parent
                0x000000000001d638                rpl_remove_child
                0x000000000001d654                rpl_nullify_parent
                0x000000000001d6f2                rpl_move_parent
                0x000000000001d78f                rpl_has_downward_route
                0x000000000001d7e2                rpl_get_any_dag
                0x000000000001d844                rpl_get_instance
                0x000000000001d8a7                rpl_find_of
                0x000000000001d8e4                rpl_join_instance
                0x000000000001db80                rpl_add_dag
                0x000000000001df6f                rpl_local_repair
                0x000000000001e048                rpl_recalculate_ranks
                0x000000000001e0ce                rpl_process_parent_event
                0x000000000001e180                rpl_process_dio
 .text          0x000000000001e6f7      0xe0b obj_cooja/mtype574.a(rpl-ext-header.)
                0x000000000001e714                rpl_verify_header
                0x000000000001ec91                rpl_update_header_empty
                0x000000000001f044                rpl_update_header_final
                0x000000000001f1f7                rpl_remove_header
                0x000000000001f326                rpl_invert_header
                0x000000000001f4e0                rpl_insert_header
 .text          0x000000000001f502     0x2ebb obj_cooja/mtype574.a(rpl-icmp6.o)
                0x000000000001f811                rpl_icmp6_update_nbr_table
                0x000000000001f9de                dis_output
                0x000000000002070c                dio_output
                0x00000000000210fe                LSA_converge_output
                0x0000000000021e74                dao_output
                0x0000000000021f48                dao_output_target
                0x0000000000022365                dao_ack_output
                0x0000000000022379                rpl_icmp6_register_handlers
 .text          0x00000000000223bd      0x3dc obj_cooja/mtype574.a(rpl-ltmax.o)
 .text          0x0000000000022799      0x7c6 obj_cooja/mtype574.a(rpl-timers.o)
                0x0000000000022799                rpl_LSA_convergence_timer
                0x0000000000022840                rpl_reset_LSA_convergence_timer
                0x0000000000022baa                rpl_reset_periodic_timer
                0x0000000000022bff                rpl_reset_dio_timer
                0x0000000000022e97                rpl_schedule_dao
                0x0000000000022eb2                rpl_schedule_dao_immediately
                0x0000000000022ecd                rpl_cancel_dao
                0x0000000000022f2f                rpl_schedule_unicast_dio_immediately
 .text          0x0000000000022f5f      0x5dc obj_cooja/mtype574.a(rpl.o)
                0x0000000000022f5f                rpl_get_mode
                0x0000000000022f69                rpl_set_mode
                0x0000000000022ff7                rpl_purge_routes
                0x00000000000230f1                rpl_remove_routes
                0x0000000000023137                rpl_remove_routes_by_nexthop
                0x00000000000231a3                rpl_add_route
                0x000000000002321e                rpl_link_neighbor_callback
                0x0000000000023323                rpl_ipv6_neighbor_callback
                0x0000000000023392                rpl_purge_dags
                0x000000000002349e                rpl_init
 .text          0x000000000002353b      0xa00 obj_cooja/mtype574.a(csma.o)
 .text          0x0000000000023f3b      0x3f5 obj_cooja/mtype574.a(framer-802154.o)
 .text          0x0000000000024330       0x3c obj_cooja/mtype574.a(mac.o)
                0x0000000000024330                mac_call_sent_callback
 .text          0x000000000002436c     0x12bb obj_cooja/mtype574.a(cxmac.o)
                0x0000000000025562                cxmac_set_announcement_radio_txpower
                0x0000000000025567                cxmac_init
 .text          0x0000000000025627       0x82 obj_cooja/mtype574.a(linkaddr.o)
                0x0000000000025627                linkaddr_copy
                0x0000000000025649                linkaddr_cmp
                0x0000000000025673                linkaddr_set_node_addr
                0x000000000002568e                linkaddr_set_node_long_addr
 .text          0x00000000000256a9      0x915 obj_cooja/mtype574.a(nbr-table.o)
                0x00000000000256a9                long_ip_from_lladdr_map
                0x0000000000025732                lladdr_map_add_lr
                0x00000000000257ef                lladdr_map_rm_lr
                0x0000000000025cb4                nbr_table_register
                0x0000000000025cfc                nbr_table_head
                0x0000000000025d58                nbr_table_next
                0x0000000000025dbf                nbr_table_add_lladdr
                0x0000000000025e9b                nbr_table_get_from_lladdr
                0x0000000000025ee8                nbr_table_remove
                0x0000000000025f3a                nbr_table_lock
                0x0000000000025f64                nbr_table_unlock
                0x0000000000025f8e                nbr_table_get_lladdr
 .text          0x0000000000025fbe       0x2b obj_cooja/mtype574.a(netstack.o)
                0x0000000000025fbe                netstack_init
 .text          0x0000000000025fe9      0x3cd obj_cooja/mtype574.a(packetbuf.o)
                0x0000000000025fe9                packetbuf_clear
                0x0000000000026013                packetbuf_copyfrom
                0x0000000000026065                packetbuf_compact
                0x00000000000260e2                packetbuf_copyto
                0x0000000000026179                packetbuf_hdralloc
                0x00000000000261f6                packetbuf_hdrreduce
                0x000000000002623e                packetbuf_set_datalen
                0x0000000000026257                packetbuf_dataptr
                0x0000000000026274                packetbuf_hdrptr
                0x000000000002627e                packetbuf_datalen
                0x000000000002628a                packetbuf_hdrlen
                0x00000000000262a1                packetbuf_totlen
                0x00000000000262b7                packetbuf_attr_clear
                0x0000000000026309                packetbuf_attr_copyto
                0x0000000000026352                packetbuf_attr_copyfrom
                0x000000000002639a                packetbuf_holds_broadcast
 .text          0x00000000000263b6      0x2b4 obj_cooja/mtype574.a(queuebuf.o)
                0x00000000000263c0                queuebuf_init
                0x00000000000263e0                queuebuf_numfree
                0x00000000000263f4                queuebuf_new_from_packetbuf
                0x0000000000026484                queuebuf_update_attr_from_packetbuf
                0x00000000000264b7                queuebuf_update_from_packetbuf
                0x0000000000026501                queuebuf_free
                0x0000000000026548                queuebuf_to_packetbuf
                0x00000000000265ae                queuebuf_dataptr
                0x00000000000265e5                queuebuf_datalen
                0x0000000000026608                queuebuf_addr
                0x000000000002663a                queuebuf_attr
                0x0000000000026665                queuebuf_debug_print
 .text          0x000000000002666a       0x6e obj_cooja/mtype574.a(nullsec.o)
 .text          0x00000000000266d8       0x19 obj_cooja/mtype574.a(watchdog.o)
                0x00000000000266d8                watchdog_init
                0x00000000000266dd                watchdog_start
                0x00000000000266e2                watchdog_periodic
                0x00000000000266e7                watchdog_stop
                0x00000000000266ec                watchdog_reboot
 .text          0x00000000000266f1        0x0 obj_cooja/mtype574.a(rimestats.o)
 .text          0x00000000000266f1       0xa3 obj_cooja/mtype574.a(stimer.o)
                0x00000000000266f1                stimer_set
                0x000000000002670c                stimer_reset
                0x0000000000026723                stimer_restart
                0x0000000000026735                stimer_expired
                0x000000000002675c                stimer_remaining
                0x0000000000026780                stimer_elapsed
 .text          0x0000000000026794      0x1c1 obj_cooja/mtype574.a(memb.o)
                0x0000000000026794                memb_init
                0x00000000000267f2                memb_alloc
                0x0000000000026857                memb_free
                0x00000000000268d2                memb_inmemb
                0x0000000000026911                memb_numfree
 .text          0x0000000000026955      0x916 obj_cooja/mtype574.a(uip-ds6-route.o)
                0x00000000000269cc                uip_ds6_notification_add
                0x00000000000269fd                uip_ds6_notification_rm
                0x0000000000026a19                uip_ds6_route_init
                0x0000000000026aa1                uip_ds6_route_nexthop
                0x0000000000026ac9                uip_ds6_route_head
                0x0000000000026ade                uip_ds6_route_next
                0x0000000000026b04                uip_ds6_route_is_nexthop
                0x0000000000026b43                uip_ds6_route_num_routes
                0x0000000000026b4d                uip_ds6_route_lookup
                0x0000000000026c0f                uip_ds6_route_add
                0x0000000000026e43                uip_ds6_route_rm
                0x0000000000026fd7                uip_ds6_route_rm_by_nexthop
                0x000000000002700f                uip_ds6_defrt_add
                0x00000000000270c0                uip_ds6_defrt_rm
                0x000000000002713f                uip_ds6_defrt_lookup
                0x0000000000027198                uip_ds6_defrt_choose
                0x0000000000027203                uip_ds6_defrt_periodic
 .text          0x000000000002726b      0xab2 obj_cooja/mtype574.a(uip-icmp6.o)
                0x00000000000272d9                uip_icmp6_input
                0x000000000002732f                uip_icmp6_register_input_handler
                0x00000000000275f7                uip_icmp6_error_output
                0x000000000002793c                uip_icmp6_send
                0x0000000000027cb0                uip_icmp6_echo_reply_callback_add
                0x0000000000027ce1                uip_icmp6_echo_reply_callback_rm
                0x0000000000027cfd                uip_icmp6_init
 .text          0x0000000000027d1d      0x358 obj_cooja/mtype574.a(uip-nd6.o)
                0x0000000000027d71                uip_nd6_ns_output
                0x0000000000028070                uip_nd6_init
 .text          0x0000000000028075      0x331 obj_cooja/mtype574.a(rpl-nbr-policy.)
                0x000000000002824d                find_removable_dis
                0x0000000000028270                find_removable_dio
                0x00000000000282ff                find_removable_dao
                0x000000000002834f                rpl_nbr_policy_find_removable
 .text          0x00000000000283a6      0x97c obj_cooja/mtype574.a(frame802154.o)
                0x00000000000283d7                frame802154_get_pan_id
                0x00000000000283e3                frame802154_set_pan_id
                0x00000000000283fc                frame802154_has_panid
                0x00000000000284e8                frame802154_check_dest_panid
                0x0000000000028550                frame802154_is_broadcast_addr
                0x000000000002859d                frame802154_extract_linkaddr
                0x00000000000287dd                frame802154_hdrlen
                0x000000000002882e                frame802154_create
                0x0000000000028a19                frame802154_parse
 .text          0x0000000000028d22        0x0 /usr/lib/gcc/i686-linux-gnu/4.8/crtendS.o
 .text          0x0000000000028d22        0x0 /usr/lib/gcc/i686-linux-gnu/4.8/../../../i386-linux-gnu/crtn.o
 *(.gnu.warning)

.fini           0x0000000000028d24       0x14
 *(SORT(.fini))
 .fini          0x0000000000028d24        0xf /usr/lib/gcc/i686-linux-gnu/4.8/../../../i386-linux-gnu/crti.o
                0x0000000000028d24                _fini
 .fini          0x0000000000028d33        0x5 /usr/lib/gcc/i686-linux-gnu/4.8/../../../i386-linux-gnu/crtn.o
                0x0000000000028d38                PROVIDE (__etext, .)
                0x0000000000028d38                PROVIDE (_etext, .)
                0x0000000000028d38                PROVIDE (etext, .)

.rodata         0x0000000000028d40     0x2260
 *(.rodata .rodata.* .gnu.linkonce.r.*)
 .rodata        0x0000000000028d40      0x148 udp-server.co
                0x0000000000028d54                autostart_processes
 .rodata        0x0000000000028e88      0x1e6 obj_cooja/mtype574.o
 *fill*         0x000000000002906e        0x2 
 .rodata        0x0000000000029070        0x8 obj_cooja/mtype574.a(beep.o)
                0x0000000000029070                beep_interface
 .rodata        0x0000000000029078       0x20 obj_cooja/mtype574.a(button-sensor.o)
                0x0000000000029078                button_interface
                0x0000000000029088                button_sensor
 .rodata        0x0000000000029098        0x8 obj_cooja/mtype574.a(leds-arch.o)
                0x0000000000029098                leds_interface
 .rodata        0x00000000000290a0        0x8 obj_cooja/mtype574.a(moteid.o)
                0x00000000000290a0                moteid_interface
 .rodata        0x00000000000290a8       0x1c obj_cooja/mtype574.a(pir-sensor.o)
                0x00000000000290a8                pir_interface
                0x00000000000290b4                pir_sensor
 .rodata        0x00000000000290c4        0xe obj_cooja/mtype574.a(rs232.o)
                0x00000000000290c4                rs232_interface
 *fill*         0x00000000000290d2        0x2 
 .rodata        0x00000000000290d4       0x24 obj_cooja/mtype574.a(vib-sensor.o)
                0x00000000000290d4                vib_interface
                0x00000000000290e8                vib_sensor
 .rodata        0x00000000000290f8        0x8 obj_cooja/mtype574.a(clock.o)
                0x00000000000290f8                clock_interface
 .rodata        0x0000000000029100        0x8 obj_cooja/mtype574.a(log.o)
                0x0000000000029100                simlog_interface
 .rodata        0x0000000000029108       0x2f obj_cooja/mtype574.a(cfs-cooja.o)
                0x0000000000029108                cfs_interface
 *fill*         0x0000000000029137        0x9 
 .rodata        0x0000000000029140       0xc0 obj_cooja/mtype574.a(cooja-radio.o)
                0x00000000000291c0                cooja_radio_driver
                0x00000000000291f8                radio_interface
 .rodata        0x0000000000029200        0x8 obj_cooja/mtype574.a(eeprom.o)
                0x0000000000029200                eeprom_interface
 .rodata        0x0000000000029208        0x8 obj_cooja/mtype574.a(sensors.o)
 .rodata        0x0000000000029210      0x1fe obj_cooja/mtype574.a(dual_conf.o)
 .rodata        0x000000000002940e        0xf obj_cooja/mtype574.a(ctimer.o)
 .rodata        0x000000000002941d        0xc obj_cooja/mtype574.a(etimer.o)
 *fill*         0x0000000000029429        0x3 
 .rodata        0x000000000002942c       0x73 obj_cooja/mtype574.a(log_message.o)
 *fill*         0x000000000002949f        0x1 
 .rodata        0x00000000000294a0       0x20 obj_cooja/mtype574.a(residual.o)
 .rodata        0x00000000000294c0        0xe obj_cooja/mtype574.a(serial-line.o)
 *fill*         0x00000000000294ce        0x2 
 .rodata        0x00000000000294d0       0x2c obj_cooja/mtype574.a(sicslowpan.o)
                0x00000000000294d0                unc_llconf
                0x00000000000294d4                unc_ctxconf
                0x00000000000294d8                unc_mxconf
                0x00000000000294dc                llprefix
                0x00000000000294f0                sicslowpan_driver
 .rodata        0x00000000000294fc      0x13c obj_cooja/mtype574.a(uip6.o)
 .rodata        0x0000000000029638       0x49 obj_cooja/mtype574.a(tcpip.o)
 .rodata        0x0000000000029681       0x3e obj_cooja/mtype574.a(uip-debug.o)
 *fill*         0x00000000000296bf        0x1 
 .rodata        0x00000000000296c0        0x4 obj_cooja/mtype574.a(rpl-dag.o)
 .rodata        0x00000000000296c4      0x4a0 obj_cooja/mtype574.a(rpl-ext-header.)
 .rodata        0x0000000000029b64      0xbe8 obj_cooja/mtype574.a(rpl-icmp6.o)
 .rodata        0x000000000002a74c      0x2be obj_cooja/mtype574.a(rpl-timers.o)
 *fill*         0x000000000002aa0a        0x2 
 .rodata        0x000000000002aa0c      0x288 obj_cooja/mtype574.a(csma.o)
                0x000000000002ac78                csma_driver
 .rodata        0x000000000002ac94        0xc obj_cooja/mtype574.a(framer-802154.o)
                0x000000000002ac94                framer_802154
 .rodata        0x000000000002aca0      0x2e0 obj_cooja/mtype574.a(cxmac.o)
                0x000000000002af60                cxmac_driver
 .rodata        0x000000000002af80        0x8 obj_cooja/mtype574.a(linkaddr.o)
                0x000000000002af80                linkaddr_null
 .rodata        0x000000000002af88       0x18 obj_cooja/mtype574.a(nullsec.o)
                0x000000000002af90                nullsec_driver

.rodata1
 *(.rodata1)

.eh_frame_hdr   0x000000000002afa0     0x1434
 *(.eh_frame_hdr)
 .eh_frame_hdr  0x000000000002afa0     0x1434 udp-server.co

.eh_frame       0x000000000002c3d4     0x5244
 *(.eh_frame)
 .eh_frame      0x000000000002c3d4       0x3c /usr/lib/gcc/i686-linux-gnu/4.8/../../../i386-linux-gnu/crti.o
                                         0x40 (size before relaxing)
 .eh_frame      0x000000000002c410       0x68 udp-server.co
                                         0x80 (size before relaxing)
 .eh_frame      0x000000000002c478      0x148 obj_cooja/mtype574.o
                                        0x160 (size before relaxing)
 .eh_frame      0x000000000002c5c0       0x40 obj_cooja/mtype574.a(simEnvChange.o)
                                         0x58 (size before relaxing)
 .eh_frame      0x000000000002c600       0xc0 obj_cooja/mtype574.a(cooja_mt.o)
                                         0xd8 (size before relaxing)
 .eh_frame      0x000000000002c6c0      0x120 obj_cooja/mtype574.a(cooja_mtarch.o)
                                        0x138 (size before relaxing)
 .eh_frame      0x000000000002c7e0       0xc0 obj_cooja/mtype574.a(rtimer-arch.o)
                                         0xd8 (size before relaxing)
 .eh_frame      0x000000000002c8a0      0x160 obj_cooja/mtype574.a(beep.o)
                                        0x178 (size before relaxing)
 .eh_frame      0x000000000002ca00       0xa0 obj_cooja/mtype574.a(button-sensor.o)
                                         0xb8 (size before relaxing)
 .eh_frame      0x000000000002caa0       0xa0 obj_cooja/mtype574.a(leds-arch.o)
                                         0xb8 (size before relaxing)
 .eh_frame      0x000000000002cb40       0x40 obj_cooja/mtype574.a(moteid.o)
                                         0x58 (size before relaxing)
 .eh_frame      0x000000000002cb80       0xa0 obj_cooja/mtype574.a(pir-sensor.o)
                                         0xb8 (size before relaxing)
 .eh_frame      0x000000000002cc20      0x100 obj_cooja/mtype574.a(rs232.o)
                                        0x118 (size before relaxing)
 .eh_frame      0x000000000002cd20       0xa0 obj_cooja/mtype574.a(vib-sensor.o)
                                         0xb8 (size before relaxing)
 .eh_frame      0x000000000002cdc0       0xc0 obj_cooja/mtype574.a(clock.o)
                                         0xd8 (size before relaxing)
 .eh_frame      0x000000000002ce80      0x120 obj_cooja/mtype574.a(log.o)
                                        0x138 (size before relaxing)
 .eh_frame      0x000000000002cfa0      0x160 obj_cooja/mtype574.a(cfs-cooja.o)
                                        0x178 (size before relaxing)
 .eh_frame      0x000000000002d100      0x2e0 obj_cooja/mtype574.a(cooja-radio.o)
                                        0x2f8 (size before relaxing)
 .eh_frame      0x000000000002d3e0       0xa0 obj_cooja/mtype574.a(eeprom.o)
                                         0xb8 (size before relaxing)
 .eh_frame      0x000000000002d480       0x40 obj_cooja/mtype574.a(random.o)
                                         0x58 (size before relaxing)
 .eh_frame      0x000000000002d4c0       0xc0 obj_cooja/mtype574.a(sensors.o)
                                         0xd8 (size before relaxing)
 .eh_frame      0x000000000002d580      0x100 obj_cooja/mtype574.a(leds.o)
                                        0x118 (size before relaxing)
 .eh_frame      0x000000000002d680      0x1a0 obj_cooja/mtype574.a(dual_conf.o)
                                        0x1b8 (size before relaxing)
 .eh_frame      0x000000000002d820       0x40 obj_cooja/mtype574.a(autostart.o)
                                         0x58 (size before relaxing)
 .eh_frame      0x000000000002d860      0x100 obj_cooja/mtype574.a(ctimer.o)
                                        0x118 (size before relaxing)
 .eh_frame      0x000000000002d960      0x1e0 obj_cooja/mtype574.a(etimer.o)
                                        0x1f8 (size before relaxing)
 .eh_frame      0x000000000002db40       0x40 obj_cooja/mtype574.a(log_message.o)
                                         0x58 (size before relaxing)
 .eh_frame      0x000000000002db80      0x1c8 obj_cooja/mtype574.a(process.o)
                                        0x1e0 (size before relaxing)
 .eh_frame      0x000000000002dd48       0x2c obj_cooja/mtype574.a(residual.o)
                                         0x44 (size before relaxing)
 .eh_frame      0x000000000002dd74       0x60 obj_cooja/mtype574.a(rtimer.o)
                                         0x78 (size before relaxing)
 .eh_frame      0x000000000002ddd4       0xa4 obj_cooja/mtype574.a(timer.o)
                                         0xbc (size before relaxing)
 .eh_frame      0x000000000002de78       0x60 obj_cooja/mtype574.a(serial-line.o)
                                         0x78 (size before relaxing)
 .eh_frame      0x000000000002ded8      0x180 obj_cooja/mtype574.a(list.o)
                                        0x198 (size before relaxing)
 .eh_frame      0x000000000002e058       0xa0 obj_cooja/mtype574.a(ringbuf.o)
                                         0xb8 (size before relaxing)
 .eh_frame      0x000000000002e0f8      0x350 obj_cooja/mtype574.a(sicslowpan.o)
                                        0x368 (size before relaxing)
 .eh_frame      0x000000000002e448      0x180 obj_cooja/mtype574.a(uip-ds6-nbr.o)
                                        0x198 (size before relaxing)
 .eh_frame      0x000000000002e5c8      0x3c8 obj_cooja/mtype574.a(uip-ds6.o)
                                        0x3e0 (size before relaxing)
 .eh_frame      0x000000000002e990      0x27c obj_cooja/mtype574.a(uip6.o)
                                        0x294 (size before relaxing)
 .eh_frame      0x000000000002ec0c      0x270 obj_cooja/mtype574.a(tcpip.o)
                                        0x288 (size before relaxing)
 .eh_frame      0x000000000002ee7c       0x48 obj_cooja/mtype574.a(uip-debug.o)
                                         0x60 (size before relaxing)
 .eh_frame      0x000000000002eec4       0xe0 obj_cooja/mtype574.a(uip-packetqueue)
                                         0xf8 (size before relaxing)
 .eh_frame      0x000000000002efa4      0x76c obj_cooja/mtype574.a(rpl-dag.o)
                                        0x784 (size before relaxing)
 .eh_frame      0x000000000002f710      0x114 obj_cooja/mtype574.a(rpl-ext-header.)
                                        0x12c (size before relaxing)
 .eh_frame      0x000000000002f824      0x308 obj_cooja/mtype574.a(rpl-icmp6.o)
                                        0x320 (size before relaxing)
 .eh_frame      0x000000000002fb2c       0xe0 obj_cooja/mtype574.a(rpl-ltmax.o)
                                         0xf8 (size before relaxing)
 .eh_frame      0x000000000002fc0c      0x20c obj_cooja/mtype574.a(rpl-timers.o)
                                        0x224 (size before relaxing)
 .eh_frame      0x000000000002fe18      0x148 obj_cooja/mtype574.a(rpl.o)
                                        0x160 (size before relaxing)
 .eh_frame      0x000000000002ff60      0x298 obj_cooja/mtype574.a(csma.o)
                                        0x2b0 (size before relaxing)
 .eh_frame      0x00000000000301f8      0x108 obj_cooja/mtype574.a(framer-802154.o)
                                        0x120 (size before relaxing)
 .eh_frame      0x0000000000030300       0x20 obj_cooja/mtype574.a(mac.o)
                                         0x38 (size before relaxing)
 .eh_frame      0x0000000000030320      0x2c0 obj_cooja/mtype574.a(cxmac.o)
                                        0x2d8 (size before relaxing)
 .eh_frame      0x00000000000305e0       0x80 obj_cooja/mtype574.a(linkaddr.o)
                                         0x98 (size before relaxing)
 .eh_frame      0x0000000000030660      0x2cc obj_cooja/mtype574.a(nbr-table.o)
                                        0x2e4 (size before relaxing)
 .eh_frame      0x000000000003092c       0x20 obj_cooja/mtype574.a(netstack.o)
                                         0x38 (size before relaxing)
 .eh_frame      0x000000000003094c      0x214 obj_cooja/mtype574.a(packetbuf.o)
                                        0x22c (size before relaxing)
 .eh_frame      0x0000000000030b60      0x1a0 obj_cooja/mtype574.a(queuebuf.o)
                                        0x1b8 (size before relaxing)
 .eh_frame      0x0000000000030d00       0x80 obj_cooja/mtype574.a(nullsec.o)
                                         0x98 (size before relaxing)
 .eh_frame      0x0000000000030d80       0xa0 obj_cooja/mtype574.a(watchdog.o)
                                         0xb8 (size before relaxing)
 .eh_frame      0x0000000000030e20       0xc4 obj_cooja/mtype574.a(stimer.o)
                                         0xdc (size before relaxing)
 .eh_frame      0x0000000000030ee4       0xa0 obj_cooja/mtype574.a(memb.o)
                                         0xb8 (size before relaxing)
 .eh_frame      0x0000000000030f84      0x2a0 obj_cooja/mtype574.a(uip-ds6-route.o)
                                        0x2b8 (size before relaxing)
 .eh_frame      0x0000000000031224      0x164 obj_cooja/mtype574.a(uip-icmp6.o)
                                        0x17c (size before relaxing)
 .eh_frame      0x0000000000031388       0x68 obj_cooja/mtype574.a(uip-nd6.o)
                                         0x80 (size before relaxing)
 .eh_frame      0x00000000000313f0       0xc0 obj_cooja/mtype574.a(rpl-nbr-policy.)
                                         0xd8 (size before relaxing)
 .eh_frame      0x00000000000314b0      0x164 obj_cooja/mtype574.a(frame802154.o)
                                        0x17c (size before relaxing)
 .eh_frame      0x0000000000031614        0x4 /usr/lib/gcc/i686-linux-gnu/4.8/crtendS.o

.gcc_except_table
 *(.gcc_except_table .gcc_except_table.*)

.exception_ranges
 *(.exception_ranges .exception_ranges*)
                0x0000000000031618                . = (ALIGN (0x1000) - ((0x1000 - .) & 0xfff))
                0x0000000000032ef8                . = DATA_SEGMENT_ALIGN (0x1000, 0x1000)

.eh_frame
 *(.eh_frame)

.gcc_except_table
 *(.gcc_except_table .gcc_except_table.*)

.exception_ranges
 *(.exception_ranges .exception_ranges*)

.tdata
 *(.tdata .tdata.* .gnu.linkonce.td.*)

.tbss
 *(.tbss .tbss.* .gnu.linkonce.tb.*)
 *(.tcommon)

.preinit_array
 *(.preinit_array)

.init_array     0x0000000000032ef8        0x4
 *(SORT(.init_array.*) SORT(.ctors.*))
 *(.init_array EXCLUDE_FILE(*crtend?.o *crtend.o *crtbegin?.o *crtbegin.o) .ctors)
 .init_array    0x0000000000032ef8        0x4 /usr/lib/gcc/i686-linux-gnu/4.8/crtbeginS.o

.fini_array     0x0000000000032efc        0x4
 *(SORT(.fini_array.*) SORT(.dtors.*))
 *(.fini_array EXCLUDE_FILE(*crtend?.o *crtend.o *crtbegin?.o *crtbegin.o) .dtors)
 .fini_array    0x0000000000032efc        0x4 /usr/lib/gcc/i686-linux-gnu/4.8/crtbeginS.o

.ctors
 *crtbegin.o(.ctors)
 *crtbegin?.o(.ctors)
 *(EXCLUDE_FILE(*crtend?.o *crtend.o) .ctors)
 *(SORT(.ctors.*))
 *(.ctors)

.dtors
 *crtbegin.o(.dtors)
 *crtbegin?.o(.dtors)
 *(EXCLUDE_FILE(*crtend?.o *crtend.o) .dtors)
 *(SORT(.dtors.*))
 *(.dtors)

.jcr            0x0000000000032f00        0x4
 *(.jcr)
 .jcr           0x0000000000032f00        0x0 /usr/lib/gcc/i686-linux-gnu/4.8/crtbeginS.o
 .jcr           0x0000000000032f00        0x4 /usr/lib/gcc/i686-linux-gnu/4.8/crtendS.o

.data.rel.ro
 *(.data.rel.ro.local* .gnu.linkonce.d.rel.ro.local.*)
 *(.data.rel.ro .data.rel.ro.* .gnu.linkonce.d.rel.ro.*)

.dynamic        0x0000000000032f04       0xe8
 *(.dynamic)
 .dynamic       0x0000000000032f04       0xe8 /usr/lib/gcc/i686-linux-gnu/4.8/../../../i386-linux-gnu/crti.o
                0x0000000000032f04                _DYNAMIC

.got            0x0000000000032fec       0x14
 *(.got)
 .got           0x0000000000032fec       0x14 /usr/lib/gcc/i686-linux-gnu/4.8/../../../i386-linux-gnu/crti.o
 *(.igot)
                0x0000000000033ff4                . = DATA_SEGMENT_RELRO_END (., (SIZEOF (.got.plt) >= 0xc)?0xc:0x0)

.got.plt        0x0000000000033000       0x14
 *(.got.plt)
 .got.plt       0x0000000000033000       0x14 /usr/lib/gcc/i686-linux-gnu/4.8/../../../i386-linux-gnu/crti.o
                0x0000000000033000                _GLOBAL_OFFSET_TABLE_
 *(.igot.plt)

.data           0x0000000000033020      0x2c2
 *(.data .data.* .gnu.linkonce.d.*)
 .data          0x0000000000033020        0x0 /usr/lib/gcc/i686-linux-gnu/4.8/../../../i386-linux-gnu/crti.o
 .data          0x0000000000033020        0x0 /usr/lib/gcc/i686-linux-gnu/4.8/crtbeginS.o
 .data.rel      0x0000000000033020        0x4 /usr/lib/gcc/i686-linux-gnu/4.8/crtbeginS.o
                0x0000000000033020                __dso_handle
 .data          0x0000000000033024       0x10 udp-server.co
                0x0000000000033024                udp_server_process
 *fill*         0x0000000000033034        0xc 
 .data          0x0000000000033040       0x44 obj_cooja/mtype574.o
                0x0000000000033040                simInterfaces
                0x0000000000033074                sensors
 .data          0x0000000000033084        0x0 obj_cooja/mtype574.a(simEnvChange.o)
 .data          0x0000000000033084        0x0 obj_cooja/mtype574.a(cooja_mt.o)
 .data          0x0000000000033084        0x0 obj_cooja/mtype574.a(cooja_mtarch.o)
 .data          0x0000000000033084        0x0 obj_cooja/mtype574.a(rtimer-arch.o)
 .data          0x0000000000033084        0x0 obj_cooja/mtype574.a(beep.o)
 .data          0x0000000000033084        0x0 obj_cooja/mtype574.a(button-sensor.o)
 .data          0x0000000000033084        0x0 obj_cooja/mtype574.a(leds-arch.o)
 .data          0x0000000000033084        0x0 obj_cooja/mtype574.a(moteid.o)
 .data          0x0000000000033084        0x0 obj_cooja/mtype574.a(pir-sensor.o)
 .data          0x0000000000033084        0x0 obj_cooja/mtype574.a(rs232.o)
 .data          0x0000000000033084        0x0 obj_cooja/mtype574.a(vib-sensor.o)
 .data          0x0000000000033084        0x0 obj_cooja/mtype574.a(clock.o)
 .data          0x0000000000033084        0x0 obj_cooja/mtype574.a(log.o)
 .data          0x0000000000033084        0x0 obj_cooja/mtype574.a(cfs-cooja.o)
 .data          0x0000000000033084       0x40 obj_cooja/mtype574.a(cooja-radio.o)
                0x0000000000033084                simRadioChannelLR
                0x0000000000033088                simRadioHWOnLR
                0x000000000003308c                simSignalStrengthLR
                0x0000000000033090                simLastSignalStrengthLR
                0x0000000000033094                simPowerLR
                0x0000000000033098                simLQILR
                0x000000000003309c                simRadioChannel
                0x00000000000330a0                simRadioHWOn
                0x00000000000330a4                simSignalStrength
                0x00000000000330a8                simLastSignalStrength
                0x00000000000330ac                simPower
                0x00000000000330b0                simLQI
                0x00000000000330b4                cooja_radio_process
 .data          0x00000000000330c4        0x0 obj_cooja/mtype574.a(eeprom.o)
 .data          0x00000000000330c4        0x0 obj_cooja/mtype574.a(random.o)
 .data          0x00000000000330c4       0x10 obj_cooja/mtype574.a(sensors.o)
                0x00000000000330c4                sensors_process
 .data          0x00000000000330d4        0x0 obj_cooja/mtype574.a(leds.o)
 .data          0x00000000000330d4       0x3a obj_cooja/mtype574.a(dual_conf.o)
                0x00000000000330d4                radio_received
                0x00000000000330d8                dual_dio_broadcast
                0x00000000000330e8                dual_dis_broadcast
                0x00000000000330f8                dual_LSA_converge_broadcast
 .data          0x000000000003310e        0x0 obj_cooja/mtype574.a(autostart.o)
 *fill*         0x000000000003310e        0x2 
 .data          0x0000000000033110       0x14 obj_cooja/mtype574.a(ctimer.o)
                0x0000000000033114                ctimer_process
 .data          0x0000000000033124       0x10 obj_cooja/mtype574.a(etimer.o)
                0x0000000000033124                etimer_process
 .data          0x0000000000033134        0x0 obj_cooja/mtype574.a(log_message.o)
 .data          0x0000000000033134        0x0 obj_cooja/mtype574.a(process.o)
 .data          0x0000000000033134        0x0 obj_cooja/mtype574.a(residual.o)
 .data          0x0000000000033134        0x0 obj_cooja/mtype574.a(rtimer.o)
 .data          0x0000000000033134        0x0 obj_cooja/mtype574.a(timer.o)
 .data          0x0000000000033134       0x10 obj_cooja/mtype574.a(serial-line.o)
                0x0000000000033134                serial_line_process
 .data          0x0000000000033144        0x0 obj_cooja/mtype574.a(list.o)
 .data          0x0000000000033144        0x0 obj_cooja/mtype574.a(ringbuf.o)
 .data          0x0000000000033144        0x0 obj_cooja/mtype574.a(sicslowpan.o)
 .data          0x0000000000033144       0x14 obj_cooja/mtype574.a(uip-ds6-nbr.o)
                0x0000000000033154                ds6_neighbors
 .data          0x0000000000033158        0x0 obj_cooja/mtype574.a(uip-ds6.o)
 .data          0x0000000000033158        0x0 obj_cooja/mtype574.a(uip6.o)
 .data          0x0000000000033158       0x10 obj_cooja/mtype574.a(tcpip.o)
                0x0000000000033158                tcpip_process
 .data          0x0000000000033168        0x0 obj_cooja/mtype574.a(uip-debug.o)
 .data          0x0000000000033168        0xc obj_cooja/mtype574.a(uip-packetqueue)
 .data          0x0000000000033174       0x28 obj_cooja/mtype574.a(rpl-dag.o)
                0x0000000000033184                rpl_parents
                0x0000000000033198                rpl_children
 .data          0x000000000003319c        0x0 obj_cooja/mtype574.a(rpl-ext-header.)
 .data          0x000000000003319c       0x40 obj_cooja/mtype574.a(rpl-icmp6.o)
 .data          0x00000000000331dc       0x1c obj_cooja/mtype574.a(rpl-ltmax.o)
                0x00000000000331dc                rpl_ltmax_of
 .data          0x00000000000331f8        0x0 obj_cooja/mtype574.a(rpl-timers.o)
 .data          0x00000000000331f8        0x0 obj_cooja/mtype574.a(rpl.o)
 .data          0x00000000000331f8       0x28 obj_cooja/mtype574.a(csma.o)
 .data          0x0000000000033220        0x0 obj_cooja/mtype574.a(framer-802154.o)
 .data          0x0000000000033220        0x0 obj_cooja/mtype574.a(mac.o)
 .data          0x0000000000033220       0x30 obj_cooja/mtype574.a(cxmac.o)
                0x0000000000033220                cxmac_config
                0x0000000000033230                strobe_wait
 .data          0x0000000000033250        0x0 obj_cooja/mtype574.a(linkaddr.o)
 .data          0x0000000000033250       0x10 obj_cooja/mtype574.a(nbr-table.o)
 .data          0x0000000000033260        0x0 obj_cooja/mtype574.a(netstack.o)
 .data          0x0000000000033260        0x4 obj_cooja/mtype574.a(packetbuf.o)
 .data          0x0000000000033264       0x18 obj_cooja/mtype574.a(queuebuf.o)
 .data          0x000000000003327c        0x0 obj_cooja/mtype574.a(nullsec.o)
 .data          0x000000000003327c        0x0 obj_cooja/mtype574.a(watchdog.o)
 .data          0x000000000003327c        0x0 obj_cooja/mtype574.a(rimestats.o)
 .data          0x000000000003327c        0x0 obj_cooja/mtype574.a(stimer.o)
 .data          0x000000000003327c        0x0 obj_cooja/mtype574.a(memb.o)
 .data          0x000000000003327c       0x44 obj_cooja/mtype574.a(uip-ds6-route.o)
                0x000000000003328c                nbr_routes
 .data          0x00000000000332c0       0x20 obj_cooja/mtype574.a(uip-icmp6.o)
 .data          0x00000000000332e0        0x0 obj_cooja/mtype574.a(uip-nd6.o)
 .data          0x00000000000332e0        0x0 obj_cooja/mtype574.a(rpl-nbr-policy.)
 .data          0x00000000000332e0        0x2 obj_cooja/mtype574.a(frame802154.o)
 .data          0x00000000000332e2        0x0 /usr/lib/gcc/i686-linux-gnu/4.8/crtendS.o
 .data          0x00000000000332e2        0x0 /usr/lib/gcc/i686-linux-gnu/4.8/../../../i386-linux-gnu/crtn.o

.tm_clone_table
                0x00000000000332e4        0x0
 .tm_clone_table
                0x00000000000332e4        0x0 /usr/lib/gcc/i686-linux-gnu/4.8/crtbeginS.o
 .tm_clone_table
                0x00000000000332e4        0x0 /usr/lib/gcc/i686-linux-gnu/4.8/crtendS.o

.data1
 *(.data1)
                0x00000000000332e4                _edata = .
                0x00000000000332e4                PROVIDE (edata, .)
                0x00000000000332e4                . = .
                0x00000000000332e4                __bss_start = .

.bss            0x0000000000033300     0x8548
 *(.dynbss)
 .dynbss        0x0000000000000000        0x0 /usr/lib/gcc/i686-linux-gnu/4.8/../../../i386-linux-gnu/crti.o
 *(.bss .bss.* .gnu.linkonce.b.*)
 .bss           0x0000000000033300        0x0 /usr/lib/gcc/i686-linux-gnu/4.8/../../../i386-linux-gnu/crti.o
 .bss           0x0000000000033300        0x1 /usr/lib/gcc/i686-linux-gnu/4.8/crtbeginS.o
 *fill*         0x0000000000033301        0x3 
 .bss           0x0000000000033304        0x8 udp-server.co
                0x0000000000033304                my_weight
 *fill*         0x000000000003330c       0x14 
 .bss           0x0000000000033320     0x2030 obj_cooja/mtype574.o
 .bss           0x0000000000035350        0x1 obj_cooja/mtype574.a(simEnvChange.o)
                0x0000000000035350                simDontFallAsleep
 *fill*         0x0000000000035351        0x3 
 .bss           0x0000000000035354        0x4 obj_cooja/mtype574.a(cooja_mt.o)
 .bss           0x0000000000035358        0x4 obj_cooja/mtype574.a(cooja_mtarch.o)
 .bss           0x000000000003535c        0xc obj_cooja/mtype574.a(rtimer-arch.o)
 .bss           0x0000000000035368        0x0 obj_cooja/mtype574.a(beep.o)
 .bss           0x0000000000035368        0x8 obj_cooja/mtype574.a(button-sensor.o)
 .bss           0x0000000000035370        0x0 obj_cooja/mtype574.a(leds-arch.o)
 .bss           0x0000000000035370        0x0 obj_cooja/mtype574.a(moteid.o)
 .bss           0x0000000000035370        0x1 obj_cooja/mtype574.a(pir-sensor.o)
                0x0000000000035370                simPirValue
 *fill*         0x0000000000035371        0x3 
 .bss           0x0000000000035374        0x4 obj_cooja/mtype574.a(rs232.o)
 .bss           0x0000000000035378        0x1 obj_cooja/mtype574.a(vib-sensor.o)
                0x0000000000035378                simVibValue
 .bss           0x0000000000035379        0x0 obj_cooja/mtype574.a(clock.o)
 *fill*         0x0000000000035379        0x7 
 .bss           0x0000000000035380      0x420 obj_cooja/mtype574.a(log.o)
 .bss           0x00000000000357a0      0xfc0 obj_cooja/mtype574.a(cfs-cooja.o)
                0x00000000000357a0                simCFSData
                0x0000000000036740                simCFSSize
                0x0000000000036744                simCFSChanged
                0x0000000000036748                simCFSRead
                0x000000000003674c                simCFSWritten
 .bss           0x0000000000036760       0x24 obj_cooja/mtype574.a(cooja-radio.o)
                0x0000000000036760                simReceivingLR
                0x0000000000036764                simInSizeLR
                0x0000000000036768                simOutSizeLR
                0x000000000003676c                simReceiving
                0x0000000000036770                simInSize
                0x0000000000036774                simOutSize
                0x0000000000036778                LongRangeTransmit
                0x000000000003677c                LongRangeReceiving
 .bss           0x0000000000036784        0xc obj_cooja/mtype574.a(eeprom.o)
                0x0000000000036784                simEEPROMChanged
                0x0000000000036788                simEEPROMRead
                0x000000000003678c                simEEPROMWritten
 .bss           0x0000000000036790        0x0 obj_cooja/mtype574.a(random.o)
 .bss           0x0000000000036790        0xc obj_cooja/mtype574.a(sensors.o)
 .bss           0x000000000003679c        0x1 obj_cooja/mtype574.a(leds.o)
 *fill*         0x000000000003679d        0x3 
 .bss           0x00000000000367a0       0x40 obj_cooja/mtype574.a(dual_conf.o)
                0x00000000000367a0                long_range_radio
 .bss           0x00000000000367e0        0x0 obj_cooja/mtype574.a(autostart.o)
 .bss           0x00000000000367e0        0x5 obj_cooja/mtype574.a(ctimer.o)
 *fill*         0x00000000000367e5        0x3 
 .bss           0x00000000000367e8        0x8 obj_cooja/mtype574.a(etimer.o)
 .bss           0x00000000000367f0        0x0 obj_cooja/mtype574.a(log_message.o)
 *fill*         0x00000000000367f0       0x10 
 .bss           0x0000000000036800      0x1b1 obj_cooja/mtype574.a(process.o)
                0x0000000000036800                process_list
                0x0000000000036804                process_current
 .bss           0x00000000000369b1        0x0 obj_cooja/mtype574.a(residual.o)
 *fill*         0x00000000000369b1        0x3 
 .bss           0x00000000000369b4        0x4 obj_cooja/mtype574.a(rtimer.o)
 .bss           0x00000000000369b8        0x0 obj_cooja/mtype574.a(timer.o)
 *fill*         0x00000000000369b8        0x8 
 .bss           0x00000000000369c0      0x140 obj_cooja/mtype574.a(serial-line.o)
 .bss           0x0000000000036b00        0x0 obj_cooja/mtype574.a(list.o)
 .bss           0x0000000000036b00        0x0 obj_cooja/mtype574.a(ringbuf.o)
 .bss           0x0000000000036b00      0x70c obj_cooja/mtype574.a(sicslowpan.o)
 *fill*         0x000000000003720c       0x14 
 .bss           0x0000000000037220       0xc0 obj_cooja/mtype574.a(uip-ds6-nbr.o)
 .bss           0x00000000000372e0       0x30 obj_cooja/mtype574.a(uip-ds6.o)
 .bss           0x0000000000037310        0xe obj_cooja/mtype574.a(uip6.o)
                0x0000000000037310                uip_ext_bitmap
                0x0000000000037311                uip_ext_len
                0x0000000000037312                uip_ext_opt_offset
 *fill*         0x000000000003731e        0x2 
 .bss           0x0000000000037320       0x6b obj_cooja/mtype574.a(tcpip.o)
 .bss           0x000000000003738b        0x0 obj_cooja/mtype574.a(uip-debug.o)
 *fill*         0x000000000003738b       0x15 
 .bss           0x00000000000373a0      0xcf8 obj_cooja/mtype574.a(uip-packetqueue)
 *fill*         0x0000000000038098        0x8 
 .bss           0x00000000000380a0       0x88 obj_cooja/mtype574.a(rpl-dag.o)
 .bss           0x0000000000038128        0x0 obj_cooja/mtype574.a(rpl-ext-header.)
 .bss           0x0000000000038128        0x0 obj_cooja/mtype574.a(rpl-icmp6.o)
 .bss           0x0000000000038128        0x0 obj_cooja/mtype574.a(rpl-ltmax.o)
 *fill*         0x0000000000038128       0x18 
 .bss           0x0000000000038140       0x60 obj_cooja/mtype574.a(rpl-timers.o)
 .bss           0x00000000000381a0        0x4 obj_cooja/mtype574.a(rpl.o)
 *fill*         0x00000000000381a4       0x1c 
 .bss           0x00000000000381c0      0x248 obj_cooja/mtype574.a(csma.o)
 .bss           0x0000000000038408        0x2 obj_cooja/mtype574.a(framer-802154.o)
 .bss           0x000000000003840a        0x0 obj_cooja/mtype574.a(mac.o)
 *fill*         0x000000000003840a       0x16 
 .bss           0x0000000000038420       0xb0 obj_cooja/mtype574.a(cxmac.o)
 .bss           0x00000000000384d0        0x0 obj_cooja/mtype574.a(linkaddr.o)
 *fill*         0x00000000000384d0       0x10 
 .bss           0x00000000000384e0       0xc4 obj_cooja/mtype574.a(nbr-table.o)
 .bss           0x00000000000385a4        0x0 obj_cooja/mtype574.a(netstack.o)
 *fill*         0x00000000000385a4       0x1c 
 .bss           0x00000000000385c0       0xa0 obj_cooja/mtype574.a(packetbuf.o)
 .bss           0x0000000000038660      0xb80 obj_cooja/mtype574.a(queuebuf.o)
 .bss           0x00000000000391e0        0x0 obj_cooja/mtype574.a(nullsec.o)
 .bss           0x00000000000391e0        0x0 obj_cooja/mtype574.a(watchdog.o)
 .bss           0x00000000000391e0        0x0 obj_cooja/mtype574.a(rimestats.o)
 .bss           0x00000000000391e0        0x0 obj_cooja/mtype574.a(stimer.o)
 .bss           0x00000000000391e0        0x0 obj_cooja/mtype574.a(memb.o)
 .bss           0x00000000000391e0      0x4a8 obj_cooja/mtype574.a(uip-ds6-route.o)
 .bss           0x0000000000039688       0x18 obj_cooja/mtype574.a(uip-icmp6.o)
 .bss           0x00000000000396a0        0x0 obj_cooja/mtype574.a(uip-nd6.o)
 .bss           0x00000000000396a0       0x44 obj_cooja/mtype574.a(rpl-nbr-policy.)
 .bss           0x00000000000396e4        0x0 obj_cooja/mtype574.a(frame802154.o)
 .bss           0x00000000000396e4        0x0 /usr/lib/gcc/i686-linux-gnu/4.8/crtendS.o
 .bss           0x00000000000396e4        0x0 /usr/lib/gcc/i686-linux-gnu/4.8/../../../i386-linux-gnu/crtn.o
 *(COMMON)
 COMMON         0x00000000000396e4        0x7 udp-server.co
                0x00000000000396e4                LSA_message_input
                0x00000000000396e5                LSA_SR_preamble
                0x00000000000396e6                LSA_lr_child
                0x00000000000396e7                LSA_converge
                0x00000000000396e8                my_sink_reachability
                0x00000000000396e9                my_parent_number
                0x00000000000396ea                LSA_message_flag
 *fill*         0x00000000000396eb        0x1 
 COMMON         0x00000000000396ec       0x5c obj_cooja/mtype574.o
                0x00000000000396ec                dio_count
                0x00000000000396f0                dis_count
                0x00000000000396f4                collision_count
                0x00000000000396f8                transmission_count
                0x00000000000396fc                dao_ack_fwd_count
                0x0000000000039700                COOJA_radioRxLong
                0x0000000000039704                control_message_count
                0x0000000000039708                dao_count
                0x000000000003970c                COOJA_radioTx
                0x0000000000039710                referenceVar
                0x0000000000039714                dao_ack_count
                0x0000000000039718                data_message_count
                0x000000000003971c                COOJA_radioTxLong
                0x0000000000039720                COOJA_radioRx
                0x0000000000039724                debugfp
                0x0000000000039728                COOJA_radioOn
                0x000000000003972c                LSA_count
                0x0000000000039730                dao_fwd_count
                0x0000000000039734                COOJA_duration
                0x0000000000039738                dio_ack_count
                0x000000000003973c                COOJA_radioOnLong
                0x0000000000039740                sensors_flags
                0x0000000000039744                data_fwd_count
 COMMON         0x0000000000039748        0xc obj_cooja/mtype574.a(simEnvChange.o)
                0x0000000000039748                simEtimerPending
                0x000000000003974c                simProcessRunValue
                0x0000000000039750                simNextExpirationTime
 COMMON         0x0000000000039754        0x1 obj_cooja/mtype574.a(beep.o)
                0x0000000000039754                simBeeped
 COMMON         0x0000000000039755        0x3 obj_cooja/mtype574.a(button-sensor.o)
                0x0000000000039755                simButtonIsActive
                0x0000000000039756                simButtonIsDown
                0x0000000000039757                simButtonChanged
 COMMON         0x0000000000039758        0x1 obj_cooja/mtype574.a(leds-arch.o)
                0x0000000000039758                simLedsValue
 *fill*         0x0000000000039759        0x3 
 COMMON         0x000000000003975c        0xc obj_cooja/mtype574.a(moteid.o)
                0x000000000003975c                simRandomSeed
                0x0000000000039760                simMoteIDChanged
                0x0000000000039764                simMoteID
 COMMON         0x0000000000039768        0x2 obj_cooja/mtype574.a(pir-sensor.o)
                0x0000000000039768                simPirIsActive
                0x0000000000039769                simPirChanged
 *fill*         0x000000000003976a       0x16 
 COMMON         0x0000000000039780      0x820 obj_cooja/mtype574.a(rs232.o)
                0x0000000000039780                simSerialReceivingFlag
                0x0000000000039784                simSerialReceivingLength
                0x00000000000397a0                simSerialReceivingData
 COMMON         0x0000000000039fa0        0x2 obj_cooja/mtype574.a(vib-sensor.o)
                0x0000000000039fa0                simVibChanged
                0x0000000000039fa1                simVibIsActive
 *fill*         0x0000000000039fa2        0x2 
 COMMON         0x0000000000039fa4        0x4 obj_cooja/mtype574.a(clock.o)
                0x0000000000039fa4                simCurrentTime
 *fill*         0x0000000000039fa8       0x18 
 COMMON         0x0000000000039fc0      0x420 obj_cooja/mtype574.a(log.o)
                0x0000000000039fc0                simLoggedLength
                0x0000000000039fc4                simLoggedFlag
                0x0000000000039fe0                simLoggedData
 COMMON         0x000000000003a3e0      0x240 obj_cooja/mtype574.a(cooja-radio.o)
                0x000000000003a3e0                simOutDataBuffer
                0x000000000003a460                simRadioTarget
                0x000000000003a480                simInDataBufferLR
                0x000000000003a500                simOutDataBufferLR
                0x000000000003a580                dual_duty_cycle_count
                0x000000000003a5a0                simInDataBuffer
 COMMON         0x000000000003a620      0x400 obj_cooja/mtype574.a(eeprom.o)
                0x000000000003a620                simEEPROMData
 COMMON         0x000000000003aa20        0x1 obj_cooja/mtype574.a(sensors.o)
                0x000000000003aa20                sensors_event
 *fill*         0x000000000003aa21        0x3 
 COMMON         0x000000000003aa24        0x4 obj_cooja/mtype574.a(log_message.o)
                0x000000000003aa24                log_fp
 COMMON         0x000000000003aa28        0x1 obj_cooja/mtype574.a(serial-line.o)
                0x000000000003aa28                serial_line_event_message
 *fill*         0x000000000003aa29       0x17 
 COMMON         0x000000000003aa40       0x50 obj_cooja/mtype574.a(uip-ds6-nbr.o)
                0x000000000003aa40                ds6_lr_addrmap
 *fill*         0x000000000003aa90       0x10 
 COMMON         0x000000000003aaa0      0x298 obj_cooja/mtype574.a(uip-ds6.o)
                0x000000000003aaa0                uip_ds6_prefix_list
                0x000000000003ab00                uip_ds6_timer_periodic
                0x000000000003ab10                uip_ds6_netif_addr_list_offset
                0x000000000003ab20                uip_ds6_if
                0x000000000003ac18                uip_ds6_timer_ra
                0x000000000003ac20                uip_ds6_addr_size
                0x000000000003ac40                long_uip_ds6_if
 *fill*         0x000000000003ad38        0x8 
 COMMON         0x000000000003ad40      0x8ec obj_cooja/mtype574.a(uip6.o)
                0x000000000003ad40                uip_slen
                0x000000000003ad42                uip_acc32
                0x000000000003ad60                uip_conns
                0x000000000003ae20                uip_lladdr
                0x000000000003ae28                uip_appdata
                0x000000000003ae2c                uip_flags
                0x000000000003ae40                uip_aligned_buf
                0x000000000003b480                uip_listenports
                0x000000000003b490                uip_len
                0x000000000003b492                uip_long_lladdr
                0x000000000003b49c                uip_sappdata
                0x000000000003b4a0                uip_udp_conns
                0x000000000003b620                uip_udp_conn
                0x000000000003b624                uip_next_hdr
                0x000000000003b628                uip_conn
 COMMON         0x000000000003b62c        0x1 obj_cooja/mtype574.a(tcpip.o)
                0x000000000003b62c                tcpip_event
 *fill*         0x000000000003b62d       0x13 
 COMMON         0x000000000003b640      0x178 obj_cooja/mtype574.a(rpl-dag.o)
                0x000000000003b640                default_instance
                0x000000000003b660                instance_table
 COMMON         0x000000000003b7b8       0x10 obj_cooja/mtype574.a(linkaddr.o)
                0x000000000003b7b8                linkaddr_node_addr
                0x000000000003b7c0                long_linkaddr_node_addr
 COMMON         0x000000000003b7c8       0x2e obj_cooja/mtype574.a(packetbuf.o)
                0x000000000003b7c8                packetbuf_attrs
                0x000000000003b7e6                packetbuf_addrs
 *fill*         0x000000000003b7f6        0xa 
 COMMON         0x000000000003b800       0x48 obj_cooja/mtype574.a(rimestats.o)
                0x000000000003b800                rimestats
                0x000000000003b848                . = ALIGN ((. != 0x0)?0x4:0x1)
                0x000000000003b848                . = ALIGN (0x4)
                0x000000000003b848                . = SEGMENT_START ("ldata-segment", .)
                0x000000000003b848                . = ALIGN (0x4)
                0x000000000003b848                _end = .
                0x000000000003b848                PROVIDE (end, .)
                0x000000000003b848                . = DATA_SEGMENT_END (.)

.stab
 *(.stab)

.stabstr
 *(.stabstr)

.stab.excl
 *(.stab.excl)

.stab.exclstr
 *(.stab.exclstr)

.stab.index
 *(.stab.index)

.stab.indexstr
 *(.stab.indexstr)

.comment        0x0000000000000000       0x29
 *(.comment)
 .comment       0x0000000000000000       0x29 /usr/lib/gcc/i686-linux-gnu/4.8/crtbeginS.o
                                         0x2a (size before relaxing)
 .comment       0x0000000000000000       0x2a udp-server.co
 .comment       0x0000000000000000       0x2a obj_cooja/mtype574.o
 .comment       0x0000000000000000       0x2a obj_cooja/mtype574.a(simEnvChange.o)
 .comment       0x0000000000000000       0x2a obj_cooja/mtype574.a(cooja_mt.o)
 .comment       0x0000000000000000       0x2a obj_cooja/mtype574.a(cooja_mtarch.o)
 .comment       0x0000000000000000       0x2a obj_cooja/mtype574.a(rtimer-arch.o)
 .comment       0x0000000000000000       0x2a obj_cooja/mtype574.a(beep.o)
 .comment       0x0000000000000000       0x2a obj_cooja/mtype574.a(button-sensor.o)
 .comment       0x0000000000000000       0x2a obj_cooja/mtype574.a(leds-arch.o)
 .comment       0x0000000000000000       0x2a obj_cooja/mtype574.a(moteid.o)
 .comment       0x0000000000000000       0x2a obj_cooja/mtype574.a(pir-sensor.o)
 .comment       0x0000000000000000       0x2a obj_cooja/mtype574.a(rs232.o)
 .comment       0x0000000000000000       0x2a obj_cooja/mtype574.a(vib-sensor.o)
 .comment       0x0000000000000000       0x2a obj_cooja/mtype574.a(clock.o)
 .comment       0x0000000000000000       0x2a obj_cooja/mtype574.a(log.o)
 .comment       0x0000000000000000       0x2a obj_cooja/mtype574.a(cfs-cooja.o)
 .comment       0x0000000000000000       0x2a obj_cooja/mtype574.a(cooja-radio.o)
 .comment       0x0000000000000000       0x2a obj_cooja/mtype574.a(eeprom.o)
 .comment       0x0000000000000000       0x2a obj_cooja/mtype574.a(random.o)
 .comment       0x0000000000000000       0x2a obj_cooja/mtype574.a(sensors.o)
 .comment       0x0000000000000000       0x2a obj_cooja/mtype574.a(leds.o)
 .comment       0x0000000000000000       0x2a obj_cooja/mtype574.a(dual_conf.o)
 .comment       0x0000000000000000       0x2a obj_cooja/mtype574.a(autostart.o)
 .comment       0x0000000000000000       0x2a obj_cooja/mtype574.a(ctimer.o)
 .comment       0x0000000000000000       0x2a obj_cooja/mtype574.a(etimer.o)
 .comment       0x0000000000000000       0x2a obj_cooja/mtype574.a(log_message.o)
 .comment       0x0000000000000000       0x2a obj_cooja/mtype574.a(process.o)
 .comment       0x0000000000000000       0x2a obj_cooja/mtype574.a(residual.o)
 .comment       0x0000000000000000       0x2a obj_cooja/mtype574.a(rtimer.o)
 .comment       0x0000000000000000       0x2a obj_cooja/mtype574.a(timer.o)
 .comment       0x0000000000000000       0x2a obj_cooja/mtype574.a(serial-line.o)
 .comment       0x0000000000000000       0x2a obj_cooja/mtype574.a(list.o)
 .comment       0x0000000000000000       0x2a obj_cooja/mtype574.a(ringbuf.o)
 .comment       0x0000000000000000       0x2a obj_cooja/mtype574.a(sicslowpan.o)
 .comment       0x0000000000000000       0x2a obj_cooja/mtype574.a(uip-ds6-nbr.o)
 .comment       0x0000000000000000       0x2a obj_cooja/mtype574.a(uip-ds6.o)
 .comment       0x0000000000000000       0x2a obj_cooja/mtype574.a(uip6.o)
 .comment       0x0000000000000000       0x2a obj_cooja/mtype574.a(tcpip.o)
 .comment       0x0000000000000000       0x2a obj_cooja/mtype574.a(uip-debug.o)
 .comment       0x0000000000000000       0x2a obj_cooja/mtype574.a(uip-packetqueue)
 .comment       0x0000000000000000       0x2a obj_cooja/mtype574.a(rpl-dag.o)
 .comment       0x0000000000000000       0x2a obj_cooja/mtype574.a(rpl-ext-header.)
 .comment       0x0000000000000000       0x2a obj_cooja/mtype574.a(rpl-icmp6.o)
 .comment       0x0000000000000000       0x2a obj_cooja/mtype574.a(rpl-ltmax.o)
 .comment       0x0000000000000000       0x2a obj_cooja/mtype574.a(rpl-timers.o)
 .comment       0x0000000000000000       0x2a obj_cooja/mtype574.a(rpl.o)
 .comment       0x0000000000000000       0x2a obj_cooja/mtype574.a(csma.o)
 .comment       0x0000000000000000       0x2a obj_cooja/mtype574.a(framer-802154.o)
 .comment       0x0000000000000000       0x2a obj_cooja/mtype574.a(mac.o)
 .comment       0x0000000000000000       0x2a obj_cooja/mtype574.a(cxmac.o)
 .comment       0x0000000000000000       0x2a obj_cooja/mtype574.a(linkaddr.o)
 .comment       0x0000000000000000       0x2a obj_cooja/mtype574.a(nbr-table.o)
 .comment       0x0000000000000000       0x2a obj_cooja/mtype574.a(netstack.o)
 .comment       0x0000000000000000       0x2a obj_cooja/mtype574.a(packetbuf.o)
 .comment       0x0000000000000000       0x2a obj_cooja/mtype574.a(queuebuf.o)
 .comment       0x0000000000000000       0x2a obj_cooja/mtype574.a(nullsec.o)
 .comment       0x0000000000000000       0x2a obj_cooja/mtype574.a(watchdog.o)
 .comment       0x0000000000000000       0x2a obj_cooja/mtype574.a(rimestats.o)
 .comment       0x0000000000000000       0x2a obj_cooja/mtype574.a(stimer.o)
 .comment       0x0000000000000000       0x2a obj_cooja/mtype574.a(memb.o)
 .comment       0x0000000000000000       0x2a obj_cooja/mtype574.a(uip-ds6-route.o)
 .comment       0x0000000000000000       0x2a obj_cooja/mtype574.a(uip-icmp6.o)
 .comment       0x0000000000000000       0x2a obj_cooja/mtype574.a(uip-nd6.o)
 .comment       0x0000000000000000       0x2a obj_cooja/mtype574.a(rpl-nbr-policy.)
 .comment       0x0000000000000000       0x2a obj_cooja/mtype574.a(frame802154.o)
 .comment       0x0000000000000000       0x2a /usr/lib/gcc/i686-linux-gnu/4.8/crtendS.o

.debug
 *(.debug)

.line
 *(.line)

.debug_srcinfo
 *(.debug_srcinfo)

.debug_sfnames
 *(.debug_sfnames)

.debug_aranges  0x0000000000000000      0x818
 *(.debug_aranges)
 .debug_aranges
                0x0000000000000000       0x20 udp-server.co
 .debug_aranges
                0x0000000000000020       0x20 obj_cooja/mtype574.o
 .debug_aranges
                0x0000000000000040       0x20 obj_cooja/mtype574.a(simEnvChange.o)
 .debug_aranges
                0x0000000000000060       0x20 obj_cooja/mtype574.a(cooja_mt.o)
 .debug_aranges
                0x0000000000000080       0x20 obj_cooja/mtype574.a(cooja_mtarch.o)
 .debug_aranges
                0x00000000000000a0       0x20 obj_cooja/mtype574.a(rtimer-arch.o)
 .debug_aranges
                0x00000000000000c0       0x20 obj_cooja/mtype574.a(beep.o)
 .debug_aranges
                0x00000000000000e0       0x20 obj_cooja/mtype574.a(button-sensor.o)
 .debug_aranges
                0x0000000000000100       0x20 obj_cooja/mtype574.a(leds-arch.o)
 .debug_aranges
                0x0000000000000120       0x20 obj_cooja/mtype574.a(moteid.o)
 .debug_aranges
                0x0000000000000140       0x20 obj_cooja/mtype574.a(pir-sensor.o)
 .debug_aranges
                0x0000000000000160       0x20 obj_cooja/mtype574.a(rs232.o)
 .debug_aranges
                0x0000000000000180       0x20 obj_cooja/mtype574.a(vib-sensor.o)
 .debug_aranges
                0x00000000000001a0       0x20 obj_cooja/mtype574.a(clock.o)
 .debug_aranges
                0x00000000000001c0       0x20 obj_cooja/mtype574.a(log.o)
 .debug_aranges
                0x00000000000001e0       0x20 obj_cooja/mtype574.a(cfs-cooja.o)
 .debug_aranges
                0x0000000000000200       0x20 obj_cooja/mtype574.a(cooja-radio.o)
 .debug_aranges
                0x0000000000000220       0x20 obj_cooja/mtype574.a(eeprom.o)
 .debug_aranges
                0x0000000000000240       0x20 obj_cooja/mtype574.a(random.o)
 .debug_aranges
                0x0000000000000260       0x20 obj_cooja/mtype574.a(sensors.o)
 .debug_aranges
                0x0000000000000280       0x20 obj_cooja/mtype574.a(leds.o)
 .debug_aranges
                0x00000000000002a0       0x20 obj_cooja/mtype574.a(dual_conf.o)
 .debug_aranges
                0x00000000000002c0       0x20 obj_cooja/mtype574.a(autostart.o)
 .debug_aranges
                0x00000000000002e0       0x20 obj_cooja/mtype574.a(ctimer.o)
 .debug_aranges
                0x0000000000000300       0x20 obj_cooja/mtype574.a(etimer.o)
 .debug_aranges
                0x0000000000000320       0x20 obj_cooja/mtype574.a(log_message.o)
 .debug_aranges
                0x0000000000000340       0x20 obj_cooja/mtype574.a(process.o)
 .debug_aranges
                0x0000000000000360       0x20 obj_cooja/mtype574.a(residual.o)
 .debug_aranges
                0x0000000000000380       0x20 obj_cooja/mtype574.a(rtimer.o)
 .debug_aranges
                0x00000000000003a0       0x20 obj_cooja/mtype574.a(timer.o)
 .debug_aranges
                0x00000000000003c0       0x20 obj_cooja/mtype574.a(serial-line.o)
 .debug_aranges
                0x00000000000003e0       0x20 obj_cooja/mtype574.a(list.o)
 .debug_aranges
                0x0000000000000400       0x20 obj_cooja/mtype574.a(ringbuf.o)
 .debug_aranges
                0x0000000000000420       0x20 obj_cooja/mtype574.a(sicslowpan.o)
 .debug_aranges
                0x0000000000000440       0x20 obj_cooja/mtype574.a(uip-ds6-nbr.o)
 .debug_aranges
                0x0000000000000460       0x20 obj_cooja/mtype574.a(uip-ds6.o)
 .debug_aranges
                0x0000000000000480       0x20 obj_cooja/mtype574.a(uip6.o)
 .debug_aranges
                0x00000000000004a0       0x20 obj_cooja/mtype574.a(tcpip.o)
 .debug_aranges
                0x00000000000004c0       0x20 obj_cooja/mtype574.a(uip-debug.o)
 .debug_aranges
                0x00000000000004e0       0x20 obj_cooja/mtype574.a(uip-packetqueue)
 .debug_aranges
                0x0000000000000500       0x20 obj_cooja/mtype574.a(rpl-dag.o)
 .debug_aranges
                0x0000000000000520       0x20 obj_cooja/mtype574.a(rpl-ext-header.)
 .debug_aranges
                0x0000000000000540       0x20 obj_cooja/mtype574.a(rpl-icmp6.o)
 .debug_aranges
                0x0000000000000560       0x20 obj_cooja/mtype574.a(rpl-ltmax.o)
 .debug_aranges
                0x0000000000000580       0x20 obj_cooja/mtype574.a(rpl-timers.o)
 .debug_aranges
                0x00000000000005a0       0x20 obj_cooja/mtype574.a(rpl.o)
 .debug_aranges
                0x00000000000005c0       0x20 obj_cooja/mtype574.a(csma.o)
 .debug_aranges
                0x00000000000005e0       0x20 obj_cooja/mtype574.a(framer-802154.o)
 .debug_aranges
                0x0000000000000600       0x20 obj_cooja/mtype574.a(mac.o)
 .debug_aranges
                0x0000000000000620       0x20 obj_cooja/mtype574.a(cxmac.o)
 .debug_aranges
                0x0000000000000640       0x20 obj_cooja/mtype574.a(linkaddr.o)
 .debug_aranges
                0x0000000000000660       0x20 obj_cooja/mtype574.a(nbr-table.o)
 .debug_aranges
                0x0000000000000680       0x20 obj_cooja/mtype574.a(netstack.o)
 .debug_aranges
                0x00000000000006a0       0x20 obj_cooja/mtype574.a(packetbuf.o)
 .debug_aranges
                0x00000000000006c0       0x20 obj_cooja/mtype574.a(queuebuf.o)
 .debug_aranges
                0x00000000000006e0       0x20 obj_cooja/mtype574.a(nullsec.o)
 .debug_aranges
                0x0000000000000700       0x20 obj_cooja/mtype574.a(watchdog.o)
 .debug_aranges
                0x0000000000000720       0x18 obj_cooja/mtype574.a(rimestats.o)
 .debug_aranges
                0x0000000000000738       0x20 obj_cooja/mtype574.a(stimer.o)
 .debug_aranges
                0x0000000000000758       0x20 obj_cooja/mtype574.a(memb.o)
 .debug_aranges
                0x0000000000000778       0x20 obj_cooja/mtype574.a(uip-ds6-route.o)
 .debug_aranges
                0x0000000000000798       0x20 obj_cooja/mtype574.a(uip-icmp6.o)
 .debug_aranges
                0x00000000000007b8       0x20 obj_cooja/mtype574.a(uip-nd6.o)
 .debug_aranges
                0x00000000000007d8       0x20 obj_cooja/mtype574.a(rpl-nbr-policy.)
 .debug_aranges
                0x00000000000007f8       0x20 obj_cooja/mtype574.a(frame802154.o)

.debug_pubnames
 *(.debug_pubnames)

.debug_info     0x0000000000000000    0x1e09d
 *(.debug_info .gnu.linkonce.wi.*)
 .debug_info    0x0000000000000000      0xe96 udp-server.co
 .debug_info    0x0000000000000e96     0x3b08 obj_cooja/mtype574.o
 .debug_info    0x000000000000499e      0x15a obj_cooja/mtype574.a(simEnvChange.o)
 .debug_info    0x0000000000004af8      0x1e2 obj_cooja/mtype574.a(cooja_mt.o)
 .debug_info    0x0000000000004cda      0x2e7 obj_cooja/mtype574.a(cooja_mtarch.o)
 .debug_info    0x0000000000004fc1      0x16b obj_cooja/mtype574.a(rtimer-arch.o)