Archive member included to satisfy reference by file (symbol)

obj_cooja/mtype988.a(simEnvChange.o)
                              obj_cooja/mtype988.o (simDontFallAsleep)
obj_cooja/mtype988.a(cooja_mt.o)
                              obj_cooja/mtype988.o (cooja_mt_start)
obj_cooja/mtype988.a(cooja_mtarch.o)
                              obj_cooja/mtype988.a(cooja_mt.o) (cooja_mtarch_init)
obj_cooja/mtype988.a(rtimer-arch.o)
                              obj_cooja/mtype988.o (rtimer_arch_next)
obj_cooja/mtype988.a(beep.o)  obj_cooja/mtype988.o (beep_interface)
obj_cooja/mtype988.a(button-sensor.o)
                              obj_cooja/mtype988.o (button_interface)
obj_cooja/mtype988.a(leds-arch.o)
                              obj_cooja/mtype988.o (leds_interface)
obj_cooja/mtype988.a(moteid.o)
                              obj_cooja/mtype988.o (moteid_interface)
obj_cooja/mtype988.a(pir-sensor.o)
                              obj_cooja/mtype988.o (pir_interface)
obj_cooja/mtype988.a(rs232.o)
                              obj_cooja/mtype988.o (rs232_interface)
obj_cooja/mtype988.a(vib-sensor.o)
                              obj_cooja/mtype988.o (vib_interface)
obj_cooja/mtype988.a(clock.o)
                              obj_cooja/mtype988.o (clock_interface)
obj_cooja/mtype988.a(log.o)   obj_cooja/mtype988.o (simlog_interface)
obj_cooja/mtype988.a(cfs-cooja.o)
                              obj_cooja/mtype988.o (cfs_interface)
obj_cooja/mtype988.a(cooja-radio.o)
                              obj_cooja/mtype988.o (radio_interface)
obj_cooja/mtype988.a(eeprom.o)
                              obj_cooja/mtype988.o (eeprom_interface)
obj_cooja/mtype988.a(random.o)
                              obj_cooja/mtype988.a(moteid.o) (random_init)
obj_cooja/mtype988.a(sensors.o)
                              obj_cooja/mtype988.o (sensors_process)
obj_cooja/mtype988.a(dual_conf.o)
                              obj_cooja/mtype988.a(cooja-radio.o) (long_range_radio)
obj_cooja/mtype988.a(autostart.o)
                              obj_cooja/mtype988.o (autostart_start)
obj_cooja/mtype988.a(ctimer.o)
                              obj_cooja/mtype988.o (ctimer_init)
obj_cooja/mtype988.a(etimer.o)
                              obj_cooja/mtype988.o (etimer_process)
obj_cooja/mtype988.a(log_message.o)
                              udp-client.co (log_fp)
obj_cooja/mtype988.a(process.o)
                              udp-client.co (process_current)
obj_cooja/mtype988.a(residual.o)
                              udp-client.co (get_residual_energy)
obj_cooja/mtype988.a(rtimer.o)
                              obj_cooja/mtype988.a(rtimer-arch.o) (rtimer_run_next)
obj_cooja/mtype988.a(stimer.o)
                              udp-client.co (stimer_remaining)
obj_cooja/mtype988.a(timer.o)
                              obj_cooja/mtype988.a(button-sensor.o) (timer_set)
obj_cooja/mtype988.a(serial-line.o)
                              udp-client.co (serial_line_event_message)
obj_cooja/mtype988.a(list.o)  obj_cooja/mtype988.a(ctimer.o) (list_init)
obj_cooja/mtype988.a(ringbuf.o)
                              obj_cooja/mtype988.a(serial-line.o) (ringbuf_init)
obj_cooja/mtype988.a(sicslowpan.o)
                              obj_cooja/mtype988.o (sicslowpan_driver)
obj_cooja/mtype988.a(uip-ds6-nbr.o)
                              obj_cooja/mtype988.a(sicslowpan.o) (uip_ds6_link_neighbor_callback)
obj_cooja/mtype988.a(uip-ds6-route.o)
                              udp-client.co (uip_ds6_route_nexthop)
obj_cooja/mtype988.a(uip-ds6.o)
                              udp-client.co (uip_ds6_if)
obj_cooja/mtype988.a(uip6.o)  udp-client.co (uip_lladdr)
obj_cooja/mtype988.a(tcpip.o)
                              udp-client.co (tcpip_event)
obj_cooja/mtype988.a(uip-debug.o)
                              udp-client.co (uip_debug_ipaddr_print)
obj_cooja/mtype988.a(uip-packetqueue)
                              obj_cooja/mtype988.a(uip-ds6-nbr.o) (uip_packetqueue_new)
obj_cooja/mtype988.a(uip-udp-packet.)
                              udp-client.co (uip_udp_packet_sendto)
obj_cooja/mtype988.a(rpl-dag.o)
                              obj_cooja/mtype988.a(tcpip.o) (rpl_repair_root)
obj_cooja/mtype988.a(rpl-ext-header.)
                              obj_cooja/mtype988.a(uip6.o) (rpl_verify_header)
obj_cooja/mtype988.a(rpl-icmp6.o)
                              obj_cooja/mtype988.a(rpl-dag.o) (rpl_icmp6_update_nbr_table)
obj_cooja/mtype988.a(rpl-ltmax-of.o)
                              obj_cooja/mtype988.a(rpl-dag.o) (rpl_ltmax_of)
obj_cooja/mtype988.a(rpl-timers.o)
                              obj_cooja/mtype988.a(rpl-dag.o) (rpl_reset_dio_timer)
obj_cooja/mtype988.a(rpl.o)   obj_cooja/mtype988.a(rpl-icmp6.o) (rpl_get_mode)
obj_cooja/mtype988.a(framer-802154.o)
                              obj_cooja/mtype988.a(sicslowpan.o) (framer_802154)
obj_cooja/mtype988.a(nullmac.o)
                              obj_cooja/mtype988.o (nullmac_driver)
[...]
Memory Configuration

Name             Origin             Length             Attributes
*default*        0x0000000000000000 0xffffffffffffffff

Linker script and memory map

LOAD /usr/lib/gcc/i686-linux-gnu/4.8/../../../i386-linux-gnu/crti.o
LOAD /usr/lib/gcc/i686-linux-gnu/4.8/crtbeginS.o
LOAD udp-client.co
LOAD obj_cooja/mtype988.o
LOAD obj_cooja/mtype988.a
LOAD /usr/lib/gcc/i686-linux-gnu/4.8/libgcc.a
LOAD /usr/lib/gcc/i686-linux-gnu/4.8/libgcc_s.so
LOAD /usr/lib/gcc/i686-linux-gnu/4.8/../../../i386-linux-gnu/libc.so
START GROUP
LOAD /lib/i386-linux-gnu/libc.so.6
LOAD /usr/lib/i386-linux-gnu/libc_nonshared.a
LOAD /lib/i386-linux-gnu/ld-linux.so.2
END GROUP
LOAD /usr/lib/gcc/i686-linux-gnu/4.8/libgcc.a
LOAD /usr/lib/gcc/i686-linux-gnu/4.8/libgcc_s.so
LOAD /usr/lib/gcc/i686-linux-gnu/4.8/crtendS.o
LOAD /usr/lib/gcc/i686-linux-gnu/4.8/../../../i386-linux-gnu/crtn.o
                0x0000000000000114                . = (0x0 + SIZEOF_HEADERS)

.note.gnu.build-id
                0x0000000000000114       0x24
 *(.note.gnu.build-id)
 .note.gnu.build-id
                0x0000000000000114       0x24 /usr/lib/gcc/i686-linux-gnu/4.8/../../../i386-linux-gnu/crti.o

.hash
 *(.hash)

.gnu.hash       0x0000000000000138     0x1344
 *(.gnu.hash)
 .gnu.hash      0x0000000000000138     0x1344 /usr/lib/gcc/i686-linux-gnu/4.8/../../../i386-linux-gnu/crti.o

.dynsym         0x000000000000147c     0x25c0
 *(.dynsym)
 .dynsym        0x000000000000147c     0x25c0 /usr/lib/gcc/i686-linux-gnu/4.8/../../../i386-linux-gnu/crti.o

.dynstr         0x0000000000003a3c     0x26d1
 *(.dynstr)
 .dynstr        0x0000000000003a3c     0x26d1 /usr/lib/gcc/i686-linux-gnu/4.8/../../../i386-linux-gnu/crti.o

.gnu.version    0x000000000000610e      0x4b8
 *(.gnu.version)
 .gnu.version   0x000000000000610e      0x4b8 /usr/lib/gcc/i686-linux-gnu/4.8/../../../i386-linux-gnu/crti.o

.gnu.version_d  0x00000000000065c8        0x0
 *(.gnu.version_d)
 .gnu.version_d
                0x0000000000000000        0x0 /usr/lib/gcc/i686-linux-gnu/4.8/../../../i386-linux-gnu/crti.o

.gnu.version_r  0x00000000000065c8       0x50
 *(.gnu.version_r)
 .gnu.version_r
                0x00000000000065c8       0x50 /usr/lib/gcc/i686-linux-gnu/4.8/../../../i386-linux-gnu/crti.o

.rel.dyn        0x0000000000006618     0x91e8
 *(.rel.init)
 .rel.init      0x0000000000000000        0x0 /usr/lib/gcc/i686-linux-gnu/4.8/../../../i386-linux-gnu/crti.o
 *(.rel.text .rel.text.* .rel.gnu.linkonce.t.*)
 .rel.text      0x0000000000006618     0x8a58 /usr/lib/gcc/i686-linux-gnu/4.8/../../../i386-linux-gnu/crti.o
 *(.rel.fini)
 .rel.fini      0x0000000000000000        0x0 /usr/lib/gcc/i686-linux-gnu/4.8/../../../i386-linux-gnu/crti.o
 *(.rel.rodata .rel.rodata.* .rel.gnu.linkonce.r.*)
 .rel.rodata    0x000000000000f070      0x4e0 /usr/lib/gcc/i686-linux-gnu/4.8/../../../i386-linux-gnu/crti.o
 *(.rel.data.rel.ro .rel.data.rel.ro.* .rel.gnu.linkonce.d.rel.ro.*)
 *(.rel.data .rel.data.* .rel.gnu.linkonce.d.*)
 .rel.data.rel  0x000000000000f550        0x8 /usr/lib/gcc/i686-linux-gnu/4.8/../../../i386-linux-gnu/crti.o
 .rel.data      0x000000000000f558      0x270 /usr/lib/gcc/i686-linux-gnu/4.8/../../../i386-linux-gnu/crti.o
 *(.rel.tdata .rel.tdata.* .rel.gnu.linkonce.td.*)
 *(.rel.tbss .rel.tbss.* .rel.gnu.linkonce.tb.*)
 *(.rel.ctors)
 *(.rel.dtors)
 *(.rel.got)
 .rel.got       0x000000000000f7c8       0x28 /usr/lib/gcc/i686-linux-gnu/4.8/../../../i386-linux-gnu/crti.o
 *(.rel.bss .rel.bss.* .rel.gnu.linkonce.b.*)
 *(.rel.ifunc)
 .rel.ifunc     0x0000000000000000        0x0 /usr/lib/gcc/i686-linux-gnu/4.8/../../../i386-linux-gnu/crti.o
 .rel.fini_array
                0x000000000000f7f0        0x8 /usr/lib/gcc/i686-linux-gnu/4.8/../../../i386-linux-gnu/crti.o
 .rel.init_array
                0x000000000000f7f8        0x8 /usr/lib/gcc/i686-linux-gnu/4.8/../../../i386-linux-gnu/crti.o

.rel.plt        0x000000000000f800       0x10
 *(.rel.plt)
 .rel.plt       0x000000000000f800       0x10 /usr/lib/gcc/i686-linux-gnu/4.8/../../../i386-linux-gnu/crti.o
 *(.rel.iplt)

.init           0x000000000000f810       0x23
 *(SORT(.init))
 .init          0x000000000000f810       0x1e /usr/lib/gcc/i686-linux-gnu/4.8/../../../i386-linux-gnu/crti.o
                0x000000000000f810                _init
 .init          0x000000000000f82e        0x5 /usr/lib/gcc/i686-linux-gnu/4.8/../../../i386-linux-gnu/crtn.o

.plt            0x000000000000f840       0x30
 *(.plt)
 .plt           0x000000000000f840       0x30 /usr/lib/gcc/i686-linux-gnu/4.8/../../../i386-linux-gnu/crti.o
 *(.iplt)

.text           0x000000000000f870    0x1648c
 *(.text.unlikely .text.*_unlikely .text.unlikely.*)
 *(.text.exit .text.exit.*)
 *(.text.startup .text.startup.*)
 *(.text.hot .text.hot.*)
 *(.text .stub .text.* .gnu.linkonce.t.*)
 .text          0x000000000000f870        0x0 /usr/lib/gcc/i686-linux-gnu/4.8/../../../i386-linux-gnu/crti.o
 .gnu.linkonce.t.__x86.get_pc_thunk.bx
                0x000000000000f870        0x4 /usr/lib/gcc/i686-linux-gnu/4.8/../../../i386-linux-gnu/crti.o
                0x000000000000f870                __x86.get_pc_thunk.bx
 *fill*         0x000000000000f874        0xc 
 .text          0x000000000000f880      0x11b /usr/lib/gcc/i686-linux-gnu/4.8/crtbeginS.o
 .text          0x000000000000f99b      0x825 udp-client.co
 .text          0x00000000000101c0      0x9c8 obj_cooja/mtype988.o
                0x000000000001036e                contiki_init
                0x000000000001099f                Java_org_contikios_cooja_corecomm_Lib10_init
                0x00000000000109df                Java_org_contikios_cooja_corecomm_Lib10_getMemory
                0x0000000000010a1f                Java_org_contikios_cooja_corecomm_Lib10_setMemory
                0x0000000000010a96                Java_org_contikios_cooja_corecomm_Lib10_tick
                0x0000000000010b76                Java_org_contikios_cooja_corecomm_Lib10_setReferenceAddress
 .text          0x0000000000010b88       0x63 obj_cooja/mtype988.a(simEnvChange.o)
                0x0000000000010b88                doActionsBeforeTick
                0x0000000000010bb9                doActionsAfterTick
 .text          0x0000000000010beb       0xbc obj_cooja/mtype988.a(cooja_mt.o)
                0x0000000000010beb                cooja_mt_init
                0x0000000000010bf8                cooja_mt_remove
                0x0000000000010c05                cooja_mt_start
                0x0000000000010c32                cooja_mt_exec
                0x0000000000010c63                cooja_mt_exit
                0x0000000000010c85                cooja_mt_yield
 .text          0x0000000000010ca7      0x115 obj_cooja/mtype988.a(cooja_mtarch.o)
                0x0000000000010ca7                cooja_mtarch_init
                0x0000000000010cac                cooja_mtarch_start
                0x0000000000010d27                cooja_sw
                0x0000000000010d49                cooja_mtarch_exec
                0x0000000000010d65                cooja_mtarch_remove
                0x0000000000010d6a                cooja_mtarch_yield
                0x0000000000010d74                cooja_mtarch_pstop
                0x0000000000010d79                cooja_mtarch_pstart
                0x0000000000010d7e                cooja_mtarch_stack_usage
 .text          0x0000000000010dbc       0xc2 obj_cooja/mtype988.a(rtimer-arch.o)
                0x0000000000010dbc                rtimer_arch_init
                0x0000000000010ddf                rtimer_arch_schedule
                0x0000000000010df6                rtimer_arch_next
                0x0000000000010e00                rtimer_arch_pending
                0x0000000000010e0a                rtimer_arch_check
                0x0000000000010e3c                rtimer_arch_now
 .text          0x0000000000010e7e       0x76 obj_cooja/mtype988.a(beep.o)
                0x0000000000010e7e                beep_alarm
                0x0000000000010e8a                beep_beep
                0x0000000000010e96                beep
                0x0000000000010ea2                beep_down
                0x0000000000010eae                beep_on
                0x0000000000010eba                beep_off
                0x0000000000010ec6                beep_spinup
                0x0000000000010ed2                beep_quick
                0x0000000000010ede                beep_long
 .text          0x0000000000010ef4      0x103 obj_cooja/mtype988.a(button-sensor.o)
 .text          0x0000000000010ff7       0x45 obj_cooja/mtype988.a(leds-arch.o)
                0x0000000000010ff7                leds_arch_init
                0x0000000000011003                leds_arch_get
                0x000000000001100f                leds_arch_set
 .text          0x000000000001103c       0x2f obj_cooja/mtype988.a(moteid.o)
 .text          0x000000000001106b       0xb1 obj_cooja/mtype988.a(pir-sensor.o)
 .text          0x000000000001111c      0x131 obj_cooja/mtype988.a(rs232.o)
                0x000000000001111c                rs232_init
                0x0000000000011121                rs232_set_speed
                0x000000000001112f                rs232_set_input
                0x000000000001113c                rs232_send
                0x000000000001115e                rs232_print
                0x0000000000011179                slip_arch_writeb
 .text          0x000000000001124d       0xb1 obj_cooja/mtype988.a(vib-sensor.o)
 .text          0x00000000000112fe       0x34 obj_cooja/mtype988.a(clock.o)
                0x00000000000112fe                clock_init
                0x0000000000011303                clock_time
                0x000000000001130d                clock_seconds
                0x0000000000011323                clock_delay
 .text          0x0000000000011332      0x1ed obj_cooja/mtype988.a(log.o)
                0x0000000000011332                simlog_char
                0x0000000000011374                simlog
                0x00000000000113e1                log_message
                0x0000000000011409                log_set_putchar_with_slip
                0x0000000000011416                log_putchar
                0x000000000001149a                log_puts
                0x00000000000114be                log_printf
 .text          0x000000000001151f      0x2c4 obj_cooja/mtype988.a(cfs-cooja.o)
                0x000000000001151f                cfs_open
                0x0000000000011588                cfs_close
                0x0000000000011594                cfs_read
                0x0000000000011632                cfs_write
                0x000000000001170f                cfs_seek
                0x0000000000011797                cfs_remove
                0x00000000000117c0                cfs_opendir
                0x00000000000117ca                cfs_readdir
                0x00000000000117d4                cfs_closedir
 .text          0x00000000000117e3      0x58f obj_cooja/mtype988.a(cooja-radio.o)
                0x000000000001180d                radio_set_channel
                0x0000000000011822                radio_set_txpower
                0x0000000000011842                radio_signal_strength_last
                0x000000000001184c                radio_signal_strength_current
                0x0000000000011856                radio_LQI
 .text          0x0000000000011d72       0xef obj_cooja/mtype988.a(eeprom.o)
                0x0000000000011d72                eeprom_init
                0x0000000000011d77                eeprom_read
                0x0000000000011de7                eeprom_write
 .text          0x0000000000011e61       0x28 obj_cooja/mtype988.a(random.o)
                0x0000000000011e61                random_init
                0x0000000000011e7c                random_rand
 .text          0x0000000000011e89      0x2a1 obj_cooja/mtype988.a(sensors.o)
                0x0000000000011ec4                sensors_first
                0x0000000000011ece                sensors_next
                0x0000000000011eeb                sensors_changed
                0x0000000000011f1a                sensors_find
 .text          0x000000000001212a      0x37d obj_cooja/mtype988.a(dual_conf.o)
                0x000000000001212a                dual_radio_switch
                0x000000000001216a                dual_radio_change
                0x00000000000121a4                sending_in_LR
                0x00000000000121cf                dual_radio_received
                0x0000000000012207                radio_received_is_longrange
                0x0000000000012434                dio_broadcast
                0x000000000001245d                dis_broadcast
                0x000000000001247e                dio_ack_broadcast
 .text          0x00000000000124a7       0x8e obj_cooja/mtype988.a(autostart.o)
                0x00000000000124a7                autostart_start
                0x00000000000124f2                autostart_exit
 .text          0x0000000000012535      0x334 obj_cooja/mtype988.a(ctimer.o)
                0x000000000001264c                ctimer_init
                0x000000000001267c                ctimer_set
                0x00000000000126ad                ctimer_set_with_process
                0x0000000000012729                ctimer_reset
                0x0000000000012778                ctimer_restart
                0x00000000000127c7                ctimer_stop
                0x0000000000012812                ctimer_expired
 .text          0x0000000000012869      0x40b obj_cooja/mtype988.a(etimer.o)
                0x0000000000012a7c                etimer_request_poll
                0x0000000000012b00                etimer_set
                0x0000000000012b25                etimer_reset_with_new_interval
                0x0000000000012b4c                etimer_reset
                0x0000000000012b6a                etimer_restart
                0x0000000000012b88                etimer_adjust
                0x0000000000012ba4                etimer_expired
                0x0000000000012bb7                etimer_expiration_time
                0x0000000000012bc9                etimer_start_time
                0x0000000000012bd3                etimer_pending
                0x0000000000012be5                etimer_next_expiration_time
                0x0000000000012bff                etimer_stop
 .text          0x0000000000012c74       0xdd obj_cooja/mtype988.a(log_message.o)
                0x0000000000012c74                log_initialization
                0x0000000000012d30                log_finisher
 .text          0x0000000000012d51      0x560 obj_cooja/mtype988.a(process.o)
                0x0000000000012d51                process_alloc_event
                0x0000000000012d66                process_start
                0x0000000000012f4f                process_exit
                0x0000000000012f6b                process_init
                0x000000000001313c                process_run
                0x000000000001316f                process_nevents
                0x000000000001318a                process_post
                0x0000000000013236                process_post_synch
                0x000000000001326e                process_poll
                0x000000000001329d                process_is_running
 .text          0x00000000000132b1       0xd3 obj_cooja/mtype988.a(residual.o)
                0x00000000000132b1                get_residual_energy
 .text          0x0000000000013384       0xba obj_cooja/mtype988.a(rtimer.o)
                0x0000000000013384                rtimer_init
                0x0000000000013391                rtimer_set
                0x00000000000133e8                rtimer_run_next
 .text          0x000000000001343e       0xa3 obj_cooja/mtype988.a(stimer.o)
                0x000000000001343e                stimer_set
                0x0000000000013459                stimer_reset
                0x0000000000013470                stimer_restart
                0x0000000000013482                stimer_expired
                0x00000000000134a9                stimer_remaining
                0x00000000000134cd                stimer_elapsed
 .text          0x00000000000134e1       0x91 obj_cooja/mtype988.a(timer.o)
                0x00000000000134e1                timer_set
                0x00000000000134fc                timer_reset
                0x0000000000013513                timer_restart
                0x0000000000013525                timer_expired
                0x000000000001354e                timer_remaining
 .text          0x0000000000013572      0x1fb obj_cooja/mtype988.a(serial-line.o)
                0x0000000000013572                serial_line_input_byte
                0x0000000000013735                serial_line_init
 .text          0x000000000001376d      0x244 obj_cooja/mtype988.a(list.o)
                0x000000000001376d                list_init
                0x000000000001377b                list_head
                0x0000000000013785                list_copy
                0x0000000000013794                list_tail
                0x00000000000137ca                list_add
                0x0000000000013813                list_push
                0x000000000001383f                list_chop
                0x00000000000138a9                list_pop
                0x00000000000138d1                list_remove
                0x0000000000013938                list_length
                0x0000000000013966                list_insert
                0x000000000001399a                list_item_next
 .text          0x00000000000139b1      0x155 obj_cooja/mtype988.a(ringbuf.o)
                0x00000000000139b1                ringbuf_init
                0x00000000000139e2                ringbuf_put
                0x0000000000013a60                ringbuf_get
                0x0000000000013acd                ringbuf_size
                0x0000000000013adf                ringbuf_elements
 .text          0x0000000000013b06     0x258b obj_cooja/mtype988.a(sicslowpan.o)
                0x0000000000014090                rime_sniffer_add
                0x000000000001409d                rime_sniffer_remove
                0x0000000000016030                sicslowpan_init
                0x0000000000016087                sicslowpan_get_last_rssi
 .text          0x0000000000016091      0x2dc obj_cooja/mtype988.a(uip-ds6-nbr.o)
                0x00000000000160ae                uip_ds6_neighbors_init
                0x00000000000160cb                uip_ds6_nbr_add
                0x000000000001617c                uip_ds6_nbr_rm
                0x00000000000161d9                uip_ds6_nbr_get_ipaddr
                0x00000000000161ee                uip_ds6_nbr_get_ll
                0x000000000001620a                uip_ds6_nbr_num
                0x000000000001624f                uip_ds6_nbr_lookup
                0x00000000000162b4                uip_ds6_nbr_ll_lookup
                0x00000000000162d0                uip_ds6_nbr_ipaddr_from_lladdr
                0x00000000000162f6                uip_ds6_nbr_lladdr_from_ipaddr
                0x0000000000016324                uip_ds6_link_neighbor_callback
 .text          0x000000000001636d      0x916 obj_cooja/mtype988.a(uip-ds6-route.o)
                0x00000000000163e4                uip_ds6_notification_add
                0x0000000000016415                uip_ds6_notification_rm
                0x0000000000016431                uip_ds6_route_init
                0x00000000000164b9                uip_ds6_route_nexthop
                0x00000000000164e1                uip_ds6_route_head
                0x00000000000164f6                uip_ds6_route_next
                0x000000000001651c                uip_ds6_route_is_nexthop
                0x000000000001655b                uip_ds6_route_num_routes
                0x0000000000016565                uip_ds6_route_lookup
                0x0000000000016627                uip_ds6_route_add
                0x000000000001685b                uip_ds6_route_rm
                0x00000000000169ef                uip_ds6_route_rm_by_nexthop
                0x0000000000016a27                uip_ds6_defrt_add
                0x0000000000016ad8                uip_ds6_defrt_rm
                0x0000000000016b57                uip_ds6_defrt_lookup
                0x0000000000016bb0                uip_ds6_defrt_choose
                0x0000000000016c1b                uip_ds6_defrt_periodic
 .text          0x0000000000016c83     0x12ad obj_cooja/mtype988.a(uip-ds6.o)
                0x0000000000016c83                uip_ds6_init
                0x0000000000016fd8                uip_ds6_periodic
                0x00000000000170b0                uip_ds6_list_loop
                0x0000000000017157                uip_ds6_prefix_add
                0x0000000000017215                uip_ds6_prefix_rm
                0x0000000000017227                uip_ds6_prefix_lookup
                0x0000000000017278                uip_ds6_is_addr_onlink
                0x00000000000172ec                uip_ds6_addr_add
                0x000000000001741a                uip_ds6_long_addr_add
                0x0000000000017548                uip_ds6_addr_rm
                0x00000000000175e8                uip_ds6_addr_lookup
                0x0000000000017633                uip_ds6_long_addr_lookup
                0x000000000001767e                uip_ds6_get_link_local
                0x00000000000176fd                uip_ds6_long_get_link_local
                0x000000000001777c                uip_ds6_get_global
                0x00000000000177fb                uip_ds6_long_get_global
                0x000000000001787a                uip_ds6_maddr_add
                0x00000000000178ec                uip_ds6_long_maddr_add
                0x000000000001795e                uip_ds6_maddr_rm
                0x0000000000017970                uip_ds6_maddr_lookup
                0x00000000000179bb                uip_ds6_long_maddr_lookup
                0x0000000000017a06                uip_ds6_aaddr_add
                0x0000000000017a78                uip_ds6_long_aaddr_add
                0x0000000000017aea                uip_ds6_aaddr_rm
                0x0000000000017afc                uip_ds6_aaddr_lookup
                0x0000000000017b47                uip_ds6_long_aaddr_lookup
                0x0000000000017b92                uip_ds6_select_src
                0x0000000000017e1b                uip_ds6_set_addr_iid
                0x0000000000017e52                get_match_length
                0x0000000000017ee4                uip_ds6_compute_reachable_time
 .text          0x0000000000017f30     0x29f3 obj_cooja/mtype988.a(uip6.o)
                0x0000000000017f30                uip_add32
                0x00000000000180c9                uip_chksum
                0x00000000000181b7                uip_icmp6chksum
                0x00000000000181cb                uip_tcpchksum
                0x00000000000181df                uip_udpchksum
                0x00000000000181f3                uip_init
                0x00000000000182c3                uip_connect
                0x0000000000018472                remove_ext_hdr
                0x0000000000018547                uip_udp_new
                0x00000000000186a3                uip_unlisten
                0x0000000000018703                uip_listen
                0x00000000000189c5                uip_process
                0x000000000001a817                uip_htons
                0x000000000001a839                uip_htonl
                0x000000000001a879                uip_send
 .text          0x000000000001a923      0xa6e obj_cooja/mtype988.a(tcpip.o)
                0x000000000001a923                tcpip_output
                0x000000000001a951                tcpip_set_outputfunc
                0x000000000001a9e5                tcp_connect
                0x000000000001aa3a                tcp_unlisten
                0x000000000001aa95                tcp_listen
                0x000000000001aaee                tcp_attach
                0x000000000001ab13                udp_attach
                0x000000000001ab38                udp_new
                0x000000000001ab8a                udp_broadcast_new
                0x000000000001adfe                tcpip_input
                0x000000000001ae32                tcpip_ipv6_output
                0x000000000001b1d7                tcpip_poll_udp
                0x000000000001b1fa                tcpip_poll_tcp
                0x000000000001b21d                tcpip_uipcall
 .text          0x000000000001b391      0x1c1 obj_cooja/mtype988.a(uip-debug.o)
                0x000000000001b391                uip_debug_ipaddr_print
                0x000000000001b4f3                uip_debug_lladdr_print
 .text          0x000000000001b552      0x141 obj_cooja/mtype988.a(uip-packetqueue)
                0x000000000001b57e                uip_packetqueue_new
                0x000000000001b58c                uip_packetqueue_alloc
                0x000000000001b5ec                uip_packetqueue_free
                0x000000000001b62d                uip_packetqueue_buf
                0x000000000001b64a                uip_packetqueue_buflen
                0x000000000001b66b                uip_packetqueue_set_buflen
 .text          0x000000000001b693      0x131 obj_cooja/mtype988.a(uip-udp-packet.)
                0x000000000001b693                uip_udp_packet_send
                0x000000000001b6f3                uip_udp_packet_sendto
 .text          0x000000000001b7c4     0x256e obj_cooja/mtype988.a(rpl-dag.o)
                0x000000000001b7c4                rpl_print_neighbor_list
                0x000000000001b86d                rpl_print_child_neighbor_list
                0x000000000001b8e2                rpl_get_nbr
                0x000000000001b93c                rpl_get_nbr_child
                0x000000000001b996                rpl_dag_init
                0x000000000001b9c8                rpl_get_parent
                0x000000000001b9ea                rpl_get_parent_rank
                0x000000000001ba1d                rpl_get_parent_link_metric
                0x000000000001ba50                rpl_get_parent_ipaddr
                0x000000000001ba7a                rpl_get_child_ipaddr
                0x000000000001bd95                rpl_set_root
                0x000000000001bfc3                rpl_repair_root
                0x000000000001c1ff                rpl_set_prefix
                0x000000000001c2fe                rpl_set_default_route
                0x000000000001c38a                rpl_alloc_instance
                0x000000000001c41d                rpl_alloc_dag
                0x000000000001c4d0                rpl_set_default_instance
                0x000000000001c4dd                rpl_get_default_instance
                0x000000000001c4e7                rpl_free_instance
                0x000000000001c598                rpl_free_dag
                0x000000000001c5fe                rpl_add_parent
                0x000000000001c701                rpl_find_parent
                0x000000000001c731                rpl_add_child
                0x000000000001c7e4                rpl_find_child
                0x000000000001c832                rpl_find_parent_any_dag
                0x000000000001c86e                rpl_select_dag
                0x000000000001cc7f                rpl_select_parent
                0x000000000001cce1                rpl_remove_parent
                0x000000000001cd08                rpl_remove_child
                0x000000000001cd33                rpl_nullify_parent
                0x000000000001cdd1                rpl_move_parent
                0x000000000001ce6e                rpl_has_downward_route
                0x000000000001cec1                rpl_get_any_dag
                0x000000000001cf23                rpl_get_instance
                0x000000000001cf86                rpl_find_of
                0x000000000001cfc3                rpl_join_instance
                0x000000000001d23e                rpl_add_dag
                0x000000000001d62d                rpl_local_repair
                0x000000000001d706                rpl_recalculate_ranks
                0x000000000001d78c                rpl_process_parent_event
                0x000000000001d83e                rpl_process_dio
 .text          0x000000000001dd32      0xbf3 obj_cooja/mtype988.a(rpl-ext-header.)
                0x000000000001dd4f                rpl_verify_header
                0x000000000001e1c9                rpl_update_header_empty
                0x000000000001e4e0                rpl_update_header_final
                0x000000000001e66f                rpl_remove_header
                0x000000000001e779                rpl_invert_header
                0x000000000001e903                rpl_insert_header
 .text          0x000000000001e925     0x2831 obj_cooja/mtype988.a(rpl-icmp6.o)
                0x000000000001ebee                rpl_icmp6_update_nbr_table
                0x000000000001ecde                dis_output
                0x000000000001f6ac                dio_output
                0x0000000000020107                dio_ack_output
                0x0000000000020c53                dao_output
                0x0000000000020d7d                dao_output_target
                0x00000000000210fe                dao_ack_output
                0x0000000000021112                rpl_icmp6_register_handlers
 .text          0x0000000000021156      0x458 obj_cooja/mtype988.a(rpl-ltmax-of.o)
 .text          0x00000000000215ae      0x904 obj_cooja/mtype988.a(rpl-timers.o)
                0x00000000000217f4                rpl_reset_periodic_timer
                0x0000000000021849                rpl_reset_dio_timer
                0x0000000000021a83                rpl_schedule_dao
                0x0000000000021a9e                rpl_schedule_dao_immediately
                0x0000000000021ab9                rpl_cancel_dao
                0x0000000000021be4                rpl_schedule_dio_ack
                0x0000000000021bff                rpl_schedule_dio_ack_immediately
                0x0000000000021c1a                rpl_cancel_dio_ack
                0x0000000000021c6c                rpl_schedule_unicast_dio_immediately
                0x0000000000021e5a                rpl_schedule_probing
 .text          0x0000000000021eb2      0x5c5 obj_cooja/mtype988.a(rpl.o)
                0x0000000000021eb2                rpl_get_mode
                0x0000000000021ebc                rpl_set_mode
                0x0000000000021f4a                rpl_purge_routes
                0x0000000000022044                rpl_remove_routes
                0x000000000002208a                rpl_remove_routes_by_nexthop
                0x00000000000220f6                rpl_add_route
                0x0000000000022171                rpl_link_neighbor_callback
                0x0000000000022276                rpl_ipv6_neighbor_callback
                0x00000000000222e5                rpl_purge_dags
                0x00000000000223f1                rpl_init
 .text          0x0000000000022477      0x3f5 obj_cooja/mtype988.a(framer-802154.o)
 .text          0x000000000002286c       0x5e obj_cooja/mtype988.a(nullmac.o)
 .text          0x00000000000228ca      0x4ce obj_cooja/mtype988.a(nullrdc.o)
 .text          0x0000000000022d98       0x82 obj_cooja/mtype988.a(linkaddr.o)
                0x0000000000022d98                linkaddr_copy
                0x0000000000022dba                linkaddr_cmp
                0x0000000000022de4                linkaddr_set_node_addr
                0x0000000000022dff                linkaddr_set_node_long_addr
 .text          0x0000000000022e1a      0x88c obj_cooja/mtype988.a(nbr-table.o)
                0x0000000000022e1a                lladdr_map_add_lr
                0x0000000000022ed7                lladdr_map_rm_lr
                0x000000000002339c                nbr_table_register
                0x00000000000233e4                nbr_table_head
                0x0000000000023440                nbr_table_next
                0x00000000000234a7                nbr_table_add_lladdr
                0x0000000000023583                nbr_table_get_from_lladdr
                0x00000000000235d0                nbr_table_remove
                0x0000000000023622                nbr_table_lock
                0x000000000002364c                nbr_table_unlock
                0x0000000000023676                nbr_table_get_lladdr
 .text          0x00000000000236a6       0x2b obj_cooja/mtype988.a(netstack.o)
                0x00000000000236a6                netstack_init
 .text          0x00000000000236d1      0x3cd obj_cooja/mtype988.a(packetbuf.o)
                0x00000000000236d1                packetbuf_clear
                0x00000000000236fb                packetbuf_copyfrom
                0x000000000002374d                packetbuf_compact
                0x00000000000237ca                packetbuf_copyto
                0x0000000000023861                packetbuf_hdralloc
                0x00000000000238de                packetbuf_hdrreduce
                0x0000000000023926                packetbuf_set_datalen
                0x000000000002393f                packetbuf_dataptr
                0x000000000002395c                packetbuf_hdrptr
                0x0000000000023966                packetbuf_datalen
                0x0000000000023972                packetbuf_hdrlen
                0x0000000000023989                packetbuf_totlen
                0x000000000002399f                packetbuf_attr_clear
                0x00000000000239f1                packetbuf_attr_copyto
                0x0000000000023a3a                packetbuf_attr_copyfrom
                0x0000000000023a82                packetbuf_holds_broadcast
 .text          0x0000000000023a9e      0x2b4 obj_cooja/mtype988.a(queuebuf.o)
                0x0000000000023aa8                queuebuf_init
                0x0000000000023ac8                queuebuf_numfree
                0x0000000000023adc                queuebuf_new_from_packetbuf
                0x0000000000023b6c                queuebuf_update_attr_from_packetbuf
                0x0000000000023b9f                queuebuf_update_from_packetbuf
                0x0000000000023be9                queuebuf_free
                0x0000000000023c30                queuebuf_to_packetbuf
                0x0000000000023c96                queuebuf_dataptr
                0x0000000000023ccd                queuebuf_datalen
                0x0000000000023cf0                queuebuf_addr
                0x0000000000023d22                queuebuf_attr
                0x0000000000023d4d                queuebuf_debug_print
 .text          0x0000000000023d52       0x6e obj_cooja/mtype988.a(nullsec.o)
 .text          0x0000000000023dc0       0x19 obj_cooja/mtype988.a(watchdog.o)
                0x0000000000023dc0                watchdog_init
                0x0000000000023dc5                watchdog_start
                0x0000000000023dca                watchdog_periodic
                0x0000000000023dcf                watchdog_stop
                0x0000000000023dd4                watchdog_reboot
 .text          0x0000000000023dd9        0x0 obj_cooja/mtype988.a(rimestats.o)
 .text          0x0000000000023dd9      0x1c1 obj_cooja/mtype988.a(memb.o)
                0x0000000000023dd9                memb_init
                0x0000000000023e37                memb_alloc
                0x0000000000023e9c                memb_free
                0x0000000000023f17                memb_inmemb
                0x0000000000023f56                memb_numfree
 .text          0x0000000000023f9a      0xab2 obj_cooja/mtype988.a(uip-icmp6.o)
                0x0000000000024008                uip_icmp6_input
                0x000000000002405e                uip_icmp6_register_input_handler
                0x0000000000024326                uip_icmp6_error_output
                0x000000000002466b                uip_icmp6_send
                0x00000000000249df                uip_icmp6_echo_reply_callback_add
                0x0000000000024a10                uip_icmp6_echo_reply_callback_rm
                0x0000000000024a2c                uip_icmp6_init
 .text          0x0000000000024a4c      0x358 obj_cooja/mtype988.a(uip-nd6.o)
                0x0000000000024aa0                uip_nd6_ns_output
                0x0000000000024d9f                uip_nd6_init
 .text          0x0000000000024da4      0x41f obj_cooja/mtype988.a(rpl-nbr-policy.)
                0x0000000000024fdf                find_removable_dis
                0x0000000000025020                find_removable_dio
                0x0000000000025110                find_removable_dao
                0x000000000002516c                rpl_nbr_policy_find_removable
 .text          0x00000000000251c3      0x97c obj_cooja/mtype988.a(frame802154.o)
                0x00000000000251f4                frame802154_get_pan_id
                0x0000000000025200                frame802154_set_pan_id
                0x0000000000025219                frame802154_has_panid
                0x0000000000025305                frame802154_check_dest_panid
                0x000000000002536d                frame802154_is_broadcast_addr
                0x00000000000253ba                frame802154_extract_linkaddr
                0x00000000000255fa                frame802154_hdrlen
                0x000000000002564b                frame802154_create
                0x0000000000025836                frame802154_parse
 .text          0x0000000000025b3f      0x181 obj_cooja/mtype988.a(mac-sequence.o)
                0x0000000000025b76                mac_sequence_is_duplicate
                0x0000000000025bf9                mac_sequence_register_seqno
 .text          0x0000000000025cc0       0x3c obj_cooja/mtype988.a(mac.o)
                0x0000000000025cc0                mac_call_sent_callback
 .text          0x0000000000025cfc        0x0 /usr/lib/gcc/i686-linux-gnu/4.8/crtendS.o
 .text          0x0000000000025cfc        0x0 /usr/lib/gcc/i686-linux-gnu/4.8/../../../i386-linux-gnu/crtn.o
 *(.gnu.warning)

.fini           0x0000000000025cfc       0x14
 *(SORT(.fini))
 .fini          0x0000000000025cfc        0xf /usr/lib/gcc/i686-linux-gnu/4.8/../../../i386-linux-gnu/crti.o
                0x0000000000025cfc                _fini
 .fini          0x0000000000025d0b        0x5 /usr/lib/gcc/i686-linux-gnu/4.8/../../../i386-linux-gnu/crtn.o
                0x0000000000025d10                PROVIDE (__etext, .)
                0x0000000000025d10                PROVIDE (_etext, .)
                0x0000000000025d10                PROVIDE (etext, .)

.rodata         0x0000000000025d20      0xac1
 *(.rodata .rodata.* .gnu.linkonce.r.*)
 .rodata        0x0000000000025d20      0x23e udp-client.co
                0x0000000000025d34                autostart_processes
 *fill*         0x0000000000025f5e        0x2 
 .rodata        0x0000000000025f60      0x1e6 obj_cooja/mtype988.o
 *fill*         0x0000000000026146        0x2 
 .rodata        0x0000000000026148        0x8 obj_cooja/mtype988.a(beep.o)
                0x0000000000026148                beep_interface
 .rodata        0x0000000000026150       0x20 obj_cooja/mtype988.a(button-sensor.o)
                0x0000000000026150                button_interface
                0x0000000000026160                button_sensor
 .rodata        0x0000000000026170        0x8 obj_cooja/mtype988.a(leds-arch.o)
                0x0000000000026170                leds_interface
 .rodata        0x0000000000026178        0x8 obj_cooja/mtype988.a(moteid.o)
                0x0000000000026178                moteid_interface
 .rodata        0x0000000000026180       0x1c obj_cooja/mtype988.a(pir-sensor.o)
                0x0000000000026180                pir_interface
                0x000000000002618c                pir_sensor
 .rodata        0x000000000002619c        0xe obj_cooja/mtype988.a(rs232.o)
                0x000000000002619c                rs232_interface
 *fill*         0x00000000000261aa        0x2 
 .rodata        0x00000000000261ac       0x24 obj_cooja/mtype988.a(vib-sensor.o)
                0x00000000000261ac                vib_interface
                0x00000000000261c0                vib_sensor
 .rodata        0x00000000000261d0        0x8 obj_cooja/mtype988.a(clock.o)
                0x00000000000261d0                clock_interface
 .rodata        0x00000000000261d8        0x8 obj_cooja/mtype988.a(log.o)
                0x00000000000261d8                simlog_interface
 .rodata        0x00000000000261e0       0x2f obj_cooja/mtype988.a(cfs-cooja.o)
                0x00000000000261e0                cfs_interface
 *fill*         0x000000000002620f       0x11 
 .rodata        0x0000000000026220       0x60 obj_cooja/mtype988.a(cooja-radio.o)
                0x0000000000026240                cooja_radio_driver
                0x0000000000026278                radio_interface
 .rodata        0x0000000000026280        0x8 obj_cooja/mtype988.a(eeprom.o)
                0x0000000000026280                eeprom_interface
 .rodata        0x0000000000026288        0x8 obj_cooja/mtype988.a(sensors.o)
 .rodata        0x0000000000026290       0x2e obj_cooja/mtype988.a(dual_conf.o)
 .rodata        0x00000000000262be        0xf obj_cooja/mtype988.a(ctimer.o)
 .rodata        0x00000000000262cd        0xc obj_cooja/mtype988.a(etimer.o)
 *fill*         0x00000000000262d9        0x3 
 .rodata        0x00000000000262dc       0x73 obj_cooja/mtype988.a(log_message.o)
 *fill*         0x000000000002634f        0x1 
 .rodata        0x0000000000026350       0x20 obj_cooja/mtype988.a(residual.o)
 .rodata        0x0000000000026370        0xe obj_cooja/mtype988.a(serial-line.o)
 *fill*         0x000000000002637e        0x2 
 .rodata        0x0000000000026380       0x2c obj_cooja/mtype988.a(sicslowpan.o)
                0x0000000000026380                unc_llconf
                0x0000000000026384                unc_ctxconf
                0x0000000000026388                unc_mxconf
                0x000000000002638c                llprefix
                0x00000000000263a0                sicslowpan_driver
 .rodata        0x00000000000263ac      0x13c obj_cooja/mtype988.a(uip6.o)
 .rodata        0x00000000000264e8       0x29 obj_cooja/mtype988.a(tcpip.o)
 .rodata        0x0000000000026511       0x3e obj_cooja/mtype988.a(uip-debug.o)
 *fill*         0x000000000002654f        0x1 
 .rodata        0x0000000000026550        0x4 obj_cooja/mtype988.a(rpl-dag.o)
 .rodata        0x0000000000026554       0x64 obj_cooja/mtype988.a(rpl-icmp6.o)
 .rodata        0x00000000000265b8        0xc obj_cooja/mtype988.a(framer-802154.o)
                0x00000000000265b8                framer_802154
 .rodata        0x00000000000265c4       0x24 obj_cooja/mtype988.a(nullmac.o)
                0x00000000000265cc                nullmac_driver
 *fill*         0x00000000000265e8       0x18 
 .rodata        0x0000000000026600       0x40 obj_cooja/mtype988.a(nullrdc.o)
                0x0000000000026620                nullrdc_driver
 .rodata        0x0000000000026640        0x8 obj_cooja/mtype988.a(linkaddr.o)
                0x0000000000026640                linkaddr_null
 .rodata        0x0000000000026648       0x18 obj_cooja/mtype988.a(nullsec.o)
                0x0000000000026650                nullsec_driver
 .rodata        0x0000000000026660      0x181 obj_cooja/mtype988.a(rpl-nbr-policy.)

.rodata1
 *(.rodata1)

.eh_frame_hdr   0x00000000000267e4     0x137c
 *(.eh_frame_hdr)
 .eh_frame_hdr  0x00000000000267e4     0x137c udp-client.co

.eh_frame       0x0000000000027b60     0x4f50
 *(.eh_frame)
 .eh_frame      0x0000000000027b60       0x3c /usr/lib/gcc/i686-linux-gnu/4.8/../../../i386-linux-gnu/crti.o
                                         0x40 (size before relaxing)
 .eh_frame      0x0000000000027b9c       0xb8 udp-client.co
                                         0xd0 (size before relaxing)
 .eh_frame      0x0000000000027c54      0x148 obj_cooja/mtype988.o
                                        0x160 (size before relaxing)
 .eh_frame      0x0000000000027d9c       0x40 obj_cooja/mtype988.a(simEnvChange.o)
                                         0x58 (size before relaxing)
 .eh_frame      0x0000000000027ddc       0xc0 obj_cooja/mtype988.a(cooja_mt.o)
                                         0xd8 (size before relaxing)
 .eh_frame      0x0000000000027e9c      0x120 obj_cooja/mtype988.a(cooja_mtarch.o)
                                        0x138 (size before relaxing)
 .eh_frame      0x0000000000027fbc       0xc0 obj_cooja/mtype988.a(rtimer-arch.o)
                                         0xd8 (size before relaxing)
 .eh_frame      0x000000000002807c      0x160 obj_cooja/mtype988.a(beep.o)
                                        0x178 (size before relaxing)
 .eh_frame      0x00000000000281dc       0xa0 obj_cooja/mtype988.a(button-sensor.o)
                                         0xb8 (size before relaxing)
 .eh_frame      0x000000000002827c       0xa0 obj_cooja/mtype988.a(leds-arch.o)
                                         0xb8 (size before relaxing)
 .eh_frame      0x000000000002831c       0x40 obj_cooja/mtype988.a(moteid.o)
                                         0x58 (size before relaxing)
 .eh_frame      0x000000000002835c       0xa0 obj_cooja/mtype988.a(pir-sensor.o)
                                         0xb8 (size before relaxing)
 .eh_frame      0x00000000000283fc      0x100 obj_cooja/mtype988.a(rs232.o)
                                        0x118 (size before relaxing)
 .eh_frame      0x00000000000284fc       0xa0 obj_cooja/mtype988.a(vib-sensor.o)
                                         0xb8 (size before relaxing)
 .eh_frame      0x000000000002859c       0xc0 obj_cooja/mtype988.a(clock.o)
                                         0xd8 (size before relaxing)
 .eh_frame      0x000000000002865c      0x120 obj_cooja/mtype988.a(log.o)
                                        0x138 (size before relaxing)
 .eh_frame      0x000000000002877c      0x160 obj_cooja/mtype988.a(cfs-cooja.o)
                                        0x178 (size before relaxing)
 .eh_frame      0x00000000000288dc      0x2e0 obj_cooja/mtype988.a(cooja-radio.o)
                                        0x2f8 (size before relaxing)
 .eh_frame      0x0000000000028bbc       0xa0 obj_cooja/mtype988.a(eeprom.o)
                                         0xb8 (size before relaxing)
 .eh_frame      0x0000000000028c5c       0x40 obj_cooja/mtype988.a(random.o)
                                         0x58 (size before relaxing)
 .eh_frame      0x0000000000028c9c       0xc0 obj_cooja/mtype988.a(sensors.o)
                                         0xd8 (size before relaxing)
 .eh_frame      0x0000000000028d5c      0x160 obj_cooja/mtype988.a(dual_conf.o)
                                        0x178 (size before relaxing)
 .eh_frame      0x0000000000028ebc       0x40 obj_cooja/mtype988.a(autostart.o)
                                         0x58 (size before relaxing)
 .eh_frame      0x0000000000028efc      0x100 obj_cooja/mtype988.a(ctimer.o)
                                        0x118 (size before relaxing)
 .eh_frame      0x0000000000028ffc      0x1e0 obj_cooja/mtype988.a(etimer.o)
                                        0x1f8 (size before relaxing)
 .eh_frame      0x00000000000291dc       0x40 obj_cooja/mtype988.a(log_message.o)
                                         0x58 (size before relaxing)
 .eh_frame      0x000000000002921c      0x1c8 obj_cooja/mtype988.a(process.o)
                                        0x1e0 (size before relaxing)
 .eh_frame      0x00000000000293e4       0x2c obj_cooja/mtype988.a(residual.o)
                                         0x44 (size before relaxing)
 .eh_frame      0x0000000000029410       0x60 obj_cooja/mtype988.a(rtimer.o)
                                         0x78 (size before relaxing)
 .eh_frame      0x0000000000029470       0xc4 obj_cooja/mtype988.a(stimer.o)
                                         0xdc (size before relaxing)
 .eh_frame      0x0000000000029534       0xa4 obj_cooja/mtype988.a(timer.o)
                                         0xbc (size before relaxing)
 .eh_frame      0x00000000000295d8       0x60 obj_cooja/mtype988.a(serial-line.o)
                                         0x78 (size before relaxing)
 .eh_frame      0x0000000000029638      0x180 obj_cooja/mtype988.a(list.o)
                                        0x198 (size before relaxing)
 .eh_frame      0x00000000000297b8       0xa0 obj_cooja/mtype988.a(ringbuf.o)
                                         0xb8 (size before relaxing)
 .eh_frame      0x0000000000029858      0x350 obj_cooja/mtype988.a(sicslowpan.o)
                                        0x368 (size before relaxing)
 .eh_frame      0x0000000000029ba8      0x180 obj_cooja/mtype988.a(uip-ds6-nbr.o)
                                        0x198 (size before relaxing)
 .eh_frame      0x0000000000029d28      0x2a0 obj_cooja/mtype988.a(uip-ds6-route.o)
                                        0x2b8 (size before relaxing)
 .eh_frame      0x0000000000029fc8      0x3c8 obj_cooja/mtype988.a(uip-ds6.o)
                                        0x3e0 (size before relaxing)
 .eh_frame      0x000000000002a390      0x27c obj_cooja/mtype988.a(uip6.o)
                                        0x294 (size before relaxing)
 .eh_frame      0x000000000002a60c      0x270 obj_cooja/mtype988.a(tcpip.o)
                                        0x288 (size before relaxing)
 .eh_frame      0x000000000002a87c       0x48 obj_cooja/mtype988.a(uip-debug.o)
                                         0x60 (size before relaxing)
 .eh_frame      0x000000000002a8c4       0xe0 obj_cooja/mtype988.a(uip-packetqueue)
                                         0xf8 (size before relaxing)
 .eh_frame      0x000000000002a9a4       0x40 obj_cooja/mtype988.a(uip-udp-packet.)
                                         0x58 (size before relaxing)
 .eh_frame      0x000000000002a9e4      0x74c obj_cooja/mtype988.a(rpl-dag.o)
                                        0x764 (size before relaxing)
 .eh_frame      0x000000000002b130      0x10c obj_cooja/mtype988.a(rpl-ext-header.)
                                        0x124 (size before relaxing)
 .eh_frame      0x000000000002b23c      0x2f8 obj_cooja/mtype988.a(rpl-icmp6.o)
                                        0x310 (size before relaxing)
 .eh_frame      0x000000000002b534       0xec obj_cooja/mtype988.a(rpl-ltmax-of.o)
                                        0x104 (size before relaxing)
 .eh_frame      0x000000000002b620      0x2b0 obj_cooja/mtype988.a(rpl-timers.o)
                                        0x2c8 (size before relaxing)
 .eh_frame      0x000000000002b8d0      0x148 obj_cooja/mtype988.a(rpl.o)
                                        0x160 (size before relaxing)
 .eh_frame      0x000000000002ba18      0x108 obj_cooja/mtype988.a(framer-802154.o)
                                        0x120 (size before relaxing)
 .eh_frame      0x000000000002bb20       0xc0 obj_cooja/mtype988.a(nullmac.o)
                                         0xd8 (size before relaxing)
 .eh_frame      0x000000000002bbe0      0x16c obj_cooja/mtype988.a(nullrdc.o)
                                        0x184 (size before relaxing)
 .eh_frame      0x000000000002bd4c       0x80 obj_cooja/mtype988.a(linkaddr.o)
                                         0x98 (size before relaxing)
 .eh_frame      0x000000000002bdcc      0x2ac obj_cooja/mtype988.a(nbr-table.o)
                                        0x2c4 (size before relaxing)
 .eh_frame      0x000000000002c078       0x20 obj_cooja/mtype988.a(netstack.o)
                                         0x38 (size before relaxing)
 .eh_frame      0x000000000002c098      0x214 obj_cooja/mtype988.a(packetbuf.o)
                                        0x22c (size before relaxing)
 .eh_frame      0x000000000002c2ac      0x1a0 obj_cooja/mtype988.a(queuebuf.o)
                                        0x1b8 (size before relaxing)
 .eh_frame      0x000000000002c44c       0x80 obj_cooja/mtype988.a(nullsec.o)
                                         0x98 (size before relaxing)
 .eh_frame      0x000000000002c4cc       0xa0 obj_cooja/mtype988.a(watchdog.o)
                                         0xb8 (size before relaxing)
 .eh_frame      0x000000000002c56c       0xa0 obj_cooja/mtype988.a(memb.o)
                                         0xb8 (size before relaxing)
 .eh_frame      0x000000000002c60c      0x164 obj_cooja/mtype988.a(uip-icmp6.o)
                                        0x17c (size before relaxing)
 .eh_frame      0x000000000002c770       0x68 obj_cooja/mtype988.a(uip-nd6.o)
                                         0x80 (size before relaxing)
 .eh_frame      0x000000000002c7d8       0xc8 obj_cooja/mtype988.a(rpl-nbr-policy.)
                                         0xe0 (size before relaxing)
 .eh_frame      0x000000000002c8a0      0x164 obj_cooja/mtype988.a(frame802154.o)
                                        0x17c (size before relaxing)
 .eh_frame      0x000000000002ca04       0x88 obj_cooja/mtype988.a(mac-sequence.o)
                                         0xa0 (size before relaxing)
 .eh_frame      0x000000000002ca8c       0x20 obj_cooja/mtype988.a(mac.o)
                                         0x38 (size before relaxing)
 .eh_frame      0x000000000002caac        0x4 /usr/lib/gcc/i686-linux-gnu/4.8/crtendS.o

.gcc_except_table
 *(.gcc_except_table .gcc_except_table.*)

.exception_ranges
 *(.exception_ranges .exception_ranges*)
                0x000000000002cab0                . = (ALIGN (0x1000) - ((0x1000 - .) & 0xfff))
                0x000000000002def8                . = DATA_SEGMENT_ALIGN (0x1000, 0x1000)

.eh_frame
 *(.eh_frame)

.gcc_except_table
 *(.gcc_except_table .gcc_except_table.*)

.exception_ranges
 *(.exception_ranges .exception_ranges*)

.tdata
 *(.tdata .tdata.* .gnu.linkonce.td.*)

.tbss
 *(.tbss .tbss.* .gnu.linkonce.tb.*)
 *(.tcommon)

.preinit_array
 *(.preinit_array)

.init_array     0x000000000002def8        0x4
 *(SORT(.init_array.*) SORT(.ctors.*))
 *(.init_array EXCLUDE_FILE(*crtend?.o *crtend.o *crtbegin?.o *crtbegin.o) .ctors)
 .init_array    0x000000000002def8        0x4 /usr/lib/gcc/i686-linux-gnu/4.8/crtbeginS.o

.fini_array     0x000000000002defc        0x4
 *(SORT(.fini_array.*) SORT(.dtors.*))
 *(.fini_array EXCLUDE_FILE(*crtend?.o *crtend.o *crtbegin?.o *crtbegin.o) .dtors)
 .fini_array    0x000000000002defc        0x4 /usr/lib/gcc/i686-linux-gnu/4.8/crtbeginS.o

.ctors
 *crtbegin.o(.ctors)
 *crtbegin?.o(.ctors)
 *(EXCLUDE_FILE(*crtend?.o *crtend.o) .ctors)
 *(SORT(.ctors.*))
 *(.ctors)

.dtors
 *crtbegin.o(.dtors)
 *crtbegin?.o(.dtors)
 *(EXCLUDE_FILE(*crtend?.o *crtend.o) .dtors)
 *(SORT(.dtors.*))
 *(.dtors)

.jcr            0x000000000002df00        0x4
 *(.jcr)
 .jcr           0x000000000002df00        0x0 /usr/lib/gcc/i686-linux-gnu/4.8/crtbeginS.o
 .jcr           0x000000000002df00        0x4 /usr/lib/gcc/i686-linux-gnu/4.8/crtendS.o

.data.rel.ro
 *(.data.rel.ro.local* .gnu.linkonce.d.rel.ro.local.*)
 *(.data.rel.ro .data.rel.ro.* .gnu.linkonce.d.rel.ro.*)

.dynamic        0x000000000002df04       0xe8
 *(.dynamic)
 .dynamic       0x000000000002df04       0xe8 /usr/lib/gcc/i686-linux-gnu/4.8/../../../i386-linux-gnu/crti.o
                0x000000000002df04                _DYNAMIC

.got            0x000000000002dfec       0x14
 *(.got)
 .got           0x000000000002dfec       0x14 /usr/lib/gcc/i686-linux-gnu/4.8/../../../i386-linux-gnu/crti.o
 *(.igot)
                0x000000000002eff4                . = DATA_SEGMENT_RELRO_END (., (SIZEOF (.got.plt) >= 0xc)?0xc:0x0)

.got.plt        0x000000000002e000       0x14
 *(.got.plt)
 .got.plt       0x000000000002e000       0x14 /usr/lib/gcc/i686-linux-gnu/4.8/../../../i386-linux-gnu/crti.o
                0x000000000002e000                _GLOBAL_OFFSET_TABLE_
 *(.igot.plt)

.data           0x000000000002e020      0x25a
 *(.data .data.* .gnu.linkonce.d.*)
 .data          0x000000000002e020        0x0 /usr/lib/gcc/i686-linux-gnu/4.8/../../../i386-linux-gnu/crti.o
 .data          0x000000000002e020        0x0 /usr/lib/gcc/i686-linux-gnu/4.8/crtbeginS.o
 .data.rel      0x000000000002e020        0x4 /usr/lib/gcc/i686-linux-gnu/4.8/crtbeginS.o
                0x000000000002e020                __dso_handle
 .data          0x000000000002e024       0x10 udp-client.co
                0x000000000002e024                udp_client_process
 *fill*         0x000000000002e034        0xc 
 .data          0x000000000002e040       0x44 obj_cooja/mtype988.o
                0x000000000002e040                simInterfaces
                0x000000000002e074                sensors
 .data          0x000000000002e084        0x0 obj_cooja/mtype988.a(simEnvChange.o)
 .data          0x000000000002e084        0x0 obj_cooja/mtype988.a(cooja_mt.o)
 .data          0x000000000002e084        0x0 obj_cooja/mtype988.a(cooja_mtarch.o)
 .data          0x000000000002e084        0x0 obj_cooja/mtype988.a(rtimer-arch.o)
 .data          0x000000000002e084        0x0 obj_cooja/mtype988.a(beep.o)
 .data          0x000000000002e084        0x0 obj_cooja/mtype988.a(button-sensor.o)
 .data          0x000000000002e084        0x0 obj_cooja/mtype988.a(leds-arch.o)
 .data          0x000000000002e084        0x0 obj_cooja/mtype988.a(moteid.o)
 .data          0x000000000002e084        0x0 obj_cooja/mtype988.a(pir-sensor.o)
 .data          0x000000000002e084        0x0 obj_cooja/mtype988.a(rs232.o)
 .data          0x000000000002e084        0x0 obj_cooja/mtype988.a(vib-sensor.o)
 .data          0x000000000002e084        0x0 obj_cooja/mtype988.a(clock.o)
 .data          0x000000000002e084        0x0 obj_cooja/mtype988.a(log.o)
 .data          0x000000000002e084        0x0 obj_cooja/mtype988.a(cfs-cooja.o)
 .data          0x000000000002e084       0x38 obj_cooja/mtype988.a(cooja-radio.o)
                0x000000000002e084                simRadioChannel
                0x000000000002e088                simRadioChannelLR
                0x000000000002e08c                simRadioHWOn
                0x000000000002e08d                simRadioHWOnLR
                0x000000000002e090                simSignalStrength
                0x000000000002e094                simSignalStrengthLR
                0x000000000002e098                simLastSignalStrength
                0x000000000002e09c                simLastSignalStrengthLR
                0x000000000002e0a0                simPower
                0x000000000002e0a1                simPowerLR
                0x000000000002e0a4                simLQI
                0x000000000002e0a8                simLQILR
                0x000000000002e0ac                cooja_radio_process
 .data          0x000000000002e0bc        0x0 obj_cooja/mtype988.a(eeprom.o)
 .data          0x000000000002e0bc        0x0 obj_cooja/mtype988.a(random.o)
 .data          0x000000000002e0bc       0x10 obj_cooja/mtype988.a(sensors.o)
                0x000000000002e0bc                sensors_process
 .data          0x000000000002e0cc       0x34 obj_cooja/mtype988.a(dual_conf.o)
                0x000000000002e0cc                radio_received
                0x000000000002e0d0                dual_dio_broadcast
                0x000000000002e0e0                dual_dis_broadcast
                0x000000000002e0f0                dual_dio_ack_broadcast
 .data          0x000000000002e100        0x0 obj_cooja/mtype988.a(autostart.o)
 .data          0x000000000002e100       0x14 obj_cooja/mtype988.a(ctimer.o)
                0x000000000002e104                ctimer_process
 .data          0x000000000002e114       0x10 obj_cooja/mtype988.a(etimer.o)
                0x000000000002e114                etimer_process
 .data          0x000000000002e124        0x0 obj_cooja/mtype988.a(log_message.o)
 .data          0x000000000002e124        0x0 obj_cooja/mtype988.a(process.o)
 .data          0x000000000002e124        0x0 obj_cooja/mtype988.a(residual.o)
 .data          0x000000000002e124        0x0 obj_cooja/mtype988.a(rtimer.o)
 .data          0x000000000002e124        0x0 obj_cooja/mtype988.a(stimer.o)
 .data          0x000000000002e124        0x0 obj_cooja/mtype988.a(timer.o)
 .data          0x000000000002e124       0x10 obj_cooja/mtype988.a(serial-line.o)
                0x000000000002e124                serial_line_process
 .data          0x000000000002e134        0x0 obj_cooja/mtype988.a(list.o)
 .data          0x000000000002e134        0x0 obj_cooja/mtype988.a(ringbuf.o)
 .data          0x000000000002e134        0x0 obj_cooja/mtype988.a(sicslowpan.o)
 .data          0x000000000002e134       0x14 obj_cooja/mtype988.a(uip-ds6-nbr.o)
                0x000000000002e144                ds6_neighbors
 .data          0x000000000002e148       0x44 obj_cooja/mtype988.a(uip-ds6-route.o)
                0x000000000002e158                nbr_routes
 .data          0x000000000002e18c        0x0 obj_cooja/mtype988.a(uip-ds6.o)
 .data          0x000000000002e18c        0x0 obj_cooja/mtype988.a(uip6.o)
 .data          0x000000000002e18c       0x10 obj_cooja/mtype988.a(tcpip.o)
                0x000000000002e18c                tcpip_process
 .data          0x000000000002e19c        0x0 obj_cooja/mtype988.a(uip-debug.o)
 .data          0x000000000002e19c        0xc obj_cooja/mtype988.a(uip-packetqueue)
 .data          0x000000000002e1a8        0x0 obj_cooja/mtype988.a(uip-udp-packet.)
 .data          0x000000000002e1a8       0x28 obj_cooja/mtype988.a(rpl-dag.o)
                0x000000000002e1b8                rpl_parents
                0x000000000002e1cc                rpl_children
 .data          0x000000000002e1d0        0x0 obj_cooja/mtype988.a(rpl-ext-header.)
 .data          0x000000000002e1d0       0x40 obj_cooja/mtype988.a(rpl-icmp6.o)
 .data          0x000000000002e210       0x1c obj_cooja/mtype988.a(rpl-ltmax-of.o)
                0x000000000002e210                rpl_ltmax_of
 .data          0x000000000002e22c        0x0 obj_cooja/mtype988.a(rpl-timers.o)
 .data          0x000000000002e22c        0x0 obj_cooja/mtype988.a(rpl.o)
 .data          0x000000000002e22c        0x0 obj_cooja/mtype988.a(framer-802154.o)
 .data          0x000000000002e22c        0x0 obj_cooja/mtype988.a(nullmac.o)
 .data          0x000000000002e22c        0x0 obj_cooja/mtype988.a(nullrdc.o)
 .data          0x000000000002e22c        0x0 obj_cooja/mtype988.a(linkaddr.o)
 .data          0x000000000002e22c       0x10 obj_cooja/mtype988.a(nbr-table.o)
 .data          0x000000000002e23c        0x0 obj_cooja/mtype988.a(netstack.o)
 .data          0x000000000002e23c        0x4 obj_cooja/mtype988.a(packetbuf.o)
 .data          0x000000000002e240       0x18 obj_cooja/mtype988.a(queuebuf.o)
 .data          0x000000000002e258        0x0 obj_cooja/mtype988.a(nullsec.o)
 .data          0x000000000002e258        0x0 obj_cooja/mtype988.a(watchdog.o)
 .data          0x000000000002e258        0x0 obj_cooja/mtype988.a(rimestats.o)
 .data          0x000000000002e258        0x0 obj_cooja/mtype988.a(memb.o)
 .data          0x000000000002e258       0x20 obj_cooja/mtype988.a(uip-icmp6.o)
 .data          0x000000000002e278        0x0 obj_cooja/mtype988.a(uip-nd6.o)
 .data          0x000000000002e278        0x0 obj_cooja/mtype988.a(rpl-nbr-policy.)
 .data          0x000000000002e278        0x2 obj_cooja/mtype988.a(frame802154.o)
 .data          0x000000000002e27a        0x0 obj_cooja/mtype988.a(mac-sequence.o)
 .data          0x000000000002e27a        0x0 obj_cooja/mtype988.a(mac.o)
 .data          0x000000000002e27a        0x0 /usr/lib/gcc/i686-linux-gnu/4.8/crtendS.o
 .data          0x000000000002e27a        0x0 /usr/lib/gcc/i686-linux-gnu/4.8/../../../i386-linux-gnu/crtn.o

.tm_clone_table
                0x000000000002e27c        0x0
 .tm_clone_table
                0x000000000002e27c        0x0 /usr/lib/gcc/i686-linux-gnu/4.8/crtbeginS.o
 .tm_clone_table
                0x000000000002e27c        0x0 /usr/lib/gcc/i686-linux-gnu/4.8/crtendS.o

.data1
 *(.data1)
                0x000000000002e27c                _edata = .
                0x000000000002e27c                PROVIDE (edata, .)
                0x000000000002e27c                . = .
                0x000000000002e27c                __bss_start = .

.bss            0x000000000002e280     0x8488
 *(.dynbss)
 .dynbss        0x0000000000000000        0x0 /usr/lib/gcc/i686-linux-gnu/4.8/../../../i386-linux-gnu/crti.o
 *(.bss .bss.* .gnu.linkonce.b.*)
 .bss           0x000000000002e280        0x0 /usr/lib/gcc/i686-linux-gnu/4.8/../../../i386-linux-gnu/crti.o
 .bss           0x000000000002e280        0x1 /usr/lib/gcc/i686-linux-gnu/4.8/crtbeginS.o
 *fill*         0x000000000002e281       0x1f 
 .bss           0x000000000002e2a0       0x60 udp-client.co
                0x000000000002e2a0                my_weight
 .bss           0x000000000002e300     0x2030 obj_cooja/mtype988.o
 .bss           0x0000000000030330        0x1 obj_cooja/mtype988.a(simEnvChange.o)
                0x0000000000030330                simDontFallAsleep
 *fill*         0x0000000000030331        0x3 
 .bss           0x0000000000030334        0x4 obj_cooja/mtype988.a(cooja_mt.o)
 .bss           0x0000000000030338        0x4 obj_cooja/mtype988.a(cooja_mtarch.o)
 .bss           0x000000000003033c        0xc obj_cooja/mtype988.a(rtimer-arch.o)
 .bss           0x0000000000030348        0x0 obj_cooja/mtype988.a(beep.o)
 .bss           0x0000000000030348        0x8 obj_cooja/mtype988.a(button-sensor.o)
 .bss           0x0000000000030350        0x0 obj_cooja/mtype988.a(leds-arch.o)
 .bss           0x0000000000030350        0x0 obj_cooja/mtype988.a(moteid.o)
 .bss           0x0000000000030350        0x1 obj_cooja/mtype988.a(pir-sensor.o)
                0x0000000000030350                simPirValue
 *fill*         0x0000000000030351        0x3 
 .bss           0x0000000000030354        0x4 obj_cooja/mtype988.a(rs232.o)
 .bss           0x0000000000030358        0x1 obj_cooja/mtype988.a(vib-sensor.o)
                0x0000000000030358                simVibValue
 .bss           0x0000000000030359        0x0 obj_cooja/mtype988.a(clock.o)
 *fill*         0x0000000000030359        0x7 
 .bss           0x0000000000030360      0x420 obj_cooja/mtype988.a(log.o)
 .bss           0x0000000000030780      0xfc0 obj_cooja/mtype988.a(cfs-cooja.o)
                0x0000000000030780                simCFSData
                0x0000000000031720                simCFSSize
                0x0000000000031724                simCFSChanged
                0x0000000000031728                simCFSRead
                0x000000000003172c                simCFSWritten
 .bss           0x0000000000031740       0x20 obj_cooja/mtype988.a(cooja-radio.o)
                0x0000000000031740                simReceiving
                0x0000000000031741                simReceivingLR
                0x0000000000031744                simInSize
                0x0000000000031748                simInSizeLR
                0x000000000003174c                simOutSize
                0x0000000000031750                simOutSizeLR
                0x0000000000031754                LongRangeTransmit
                0x0000000000031758                LongRangeReceiving
 .bss           0x0000000000031760        0xc obj_cooja/mtype988.a(eeprom.o)
                0x0000000000031760                simEEPROMChanged
                0x0000000000031764                simEEPROMRead
                0x0000000000031768                simEEPROMWritten
 .bss           0x000000000003176c        0x0 obj_cooja/mtype988.a(random.o)
 .bss           0x000000000003176c        0xc obj_cooja/mtype988.a(sensors.o)
 .bss           0x0000000000031778       0x38 obj_cooja/mtype988.a(dual_conf.o)
                0x0000000000031778                long_range_radio
 .bss           0x00000000000317b0        0x0 obj_cooja/mtype988.a(autostart.o)
 .bss           0x00000000000317b0        0x5 obj_cooja/mtype988.a(ctimer.o)
 *fill*         0x00000000000317b5        0x3 
 .bss           0x00000000000317b8        0x8 obj_cooja/mtype988.a(etimer.o)
 .bss           0x00000000000317c0        0x0 obj_cooja/mtype988.a(log_message.o)
 .bss           0x00000000000317c0      0x1b1 obj_cooja/mtype988.a(process.o)
                0x00000000000317c0                process_list
                0x00000000000317c4                process_current
 .bss           0x0000000000031971        0x0 obj_cooja/mtype988.a(residual.o)
 *fill*         0x0000000000031971        0x3 
 .bss           0x0000000000031974        0x4 obj_cooja/mtype988.a(rtimer.o)
 .bss           0x0000000000031978        0x0 obj_cooja/mtype988.a(stimer.o)
 .bss           0x0000000000031978        0x0 obj_cooja/mtype988.a(timer.o)
 *fill*         0x0000000000031978        0x8 
 .bss           0x0000000000031980      0x140 obj_cooja/mtype988.a(serial-line.o)
 .bss           0x0000000000031ac0        0x0 obj_cooja/mtype988.a(list.o)
 .bss           0x0000000000031ac0        0x0 obj_cooja/mtype988.a(ringbuf.o)
 .bss           0x0000000000031ac0      0x70c obj_cooja/mtype988.a(sicslowpan.o)
 *fill*         0x00000000000321cc       0x14 
 .bss           0x00000000000321e0      0x1e0 obj_cooja/mtype988.a(uip-ds6-nbr.o)
 .bss           0x00000000000323c0      0x308 obj_cooja/mtype988.a(uip-ds6-route.o)
 .bss           0x00000000000326c8       0x30 obj_cooja/mtype988.a(uip-ds6.o)
 .bss           0x00000000000326f8        0xe obj_cooja/mtype988.a(uip6.o)
                0x00000000000326f8                uip_ext_bitmap
                0x00000000000326f9                uip_ext_len
                0x00000000000326fa                uip_ext_opt_offset
 *fill*         0x0000000000032706       0x1a 
 .bss           0x0000000000032720       0x6a obj_cooja/mtype988.a(tcpip.o)
 .bss           0x000000000003278a        0x0 obj_cooja/mtype988.a(uip-debug.o)
 *fill*         0x000000000003278a       0x16 
 .bss           0x00000000000327a0      0xcf8 obj_cooja/mtype988.a(uip-packetqueue)
 .bss           0x0000000000033498        0x0 obj_cooja/mtype988.a(uip-udp-packet.)
 *fill*         0x0000000000033498        0x8 
 .bss           0x00000000000334a0      0x1a4 obj_cooja/mtype988.a(rpl-dag.o)
 .bss           0x0000000000033644        0x0 obj_cooja/mtype988.a(rpl-ext-header.)
 .bss           0x0000000000033644        0x0 obj_cooja/mtype988.a(rpl-icmp6.o)
 .bss           0x0000000000033644        0x0 obj_cooja/mtype988.a(rpl-ltmax-of.o)
 *fill*         0x0000000000033644       0x1c 
 .bss           0x0000000000033660       0x23 obj_cooja/mtype988.a(rpl-timers.o)
 *fill*         0x0000000000033683        0x1 
 .bss           0x0000000000033684        0x4 obj_cooja/mtype988.a(rpl.o)
 .bss           0x0000000000033688        0x2 obj_cooja/mtype988.a(framer-802154.o)
 .bss           0x000000000003368a        0x0 obj_cooja/mtype988.a(nullmac.o)
 .bss           0x000000000003368a        0x0 obj_cooja/mtype988.a(nullrdc.o)
 .bss           0x000000000003368a        0x0 obj_cooja/mtype988.a(linkaddr.o)
 *fill*         0x000000000003368a       0x16 
 .bss           0x00000000000336a0      0x174 obj_cooja/mtype988.a(nbr-table.o)
 .bss           0x0000000000033814        0x0 obj_cooja/mtype988.a(netstack.o)
 *fill*         0x0000000000033814        0xc 
 .bss           0x0000000000033820       0xa0 obj_cooja/mtype988.a(packetbuf.o)
 .bss           0x00000000000338c0      0xb80 obj_cooja/mtype988.a(queuebuf.o)
 .bss           0x0000000000034440        0x0 obj_cooja/mtype988.a(nullsec.o)
 .bss           0x0000000000034440        0x0 obj_cooja/mtype988.a(watchdog.o)
 .bss           0x0000000000034440        0x0 obj_cooja/mtype988.a(rimestats.o)
 .bss           0x0000000000034440        0x0 obj_cooja/mtype988.a(memb.o)
 .bss           0x0000000000034440       0x18 obj_cooja/mtype988.a(uip-icmp6.o)
 .bss           0x0000000000034458        0x0 obj_cooja/mtype988.a(uip-nd6.o)
 *fill*         0x0000000000034458        0x8 
 .bss           0x0000000000034460       0x44 obj_cooja/mtype988.a(rpl-nbr-policy.)
 .bss           0x00000000000344a4        0x0 obj_cooja/mtype988.a(frame802154.o)
 *fill*         0x00000000000344a4       0x1c 
 .bss           0x00000000000344c0       0x90 obj_cooja/mtype988.a(mac-sequence.o)
 .bss           0x0000000000034550        0x0 obj_cooja/mtype988.a(mac.o)
 .bss           0x0000000000034550        0x0 /usr/lib/gcc/i686-linux-gnu/4.8/crtendS.o
 .bss           0x0000000000034550        0x0 /usr/lib/gcc/i686-linux-gnu/4.8/../../../i386-linux-gnu/crtn.o
 *(COMMON)
 COMMON         0x0000000000034550       0x41 udp-client.co
                0x0000000000034550                dio_count
                0x0000000000034554                dis_count
                0x0000000000034558                collision_count
                0x000000000003455c                transmission_count
                0x0000000000034560                COOJA_radioRxLong
                0x0000000000034564                control_message_count
                0x0000000000034568                dao_count
                0x000000000003456c                COOJA_radioTx
                0x0000000000034570                data_message_count
                0x0000000000034574                my_sink_reachability
                0x0000000000034578                COOJA_radioTxLong
                0x000000000003457c                COOJA_radioRx
                0x0000000000034580                COOJA_radioOn
                0x0000000000034584                COOJA_duration
                0x0000000000034588                dio_ack_count
                0x000000000003458c                COOJA_radioOnLong
                0x0000000000034590                my_child_number
 *fill*         0x0000000000034591        0x3 
 COMMON         0x0000000000034594        0xc obj_cooja/mtype988.o
                0x0000000000034594                referenceVar
                0x0000000000034598                debugfp
                0x000000000003459c                sensors_flags
 COMMON         0x00000000000345a0        0xc obj_cooja/mtype988.a(simEnvChange.o)
                0x00000000000345a0                simEtimerPending
                0x00000000000345a4                simProcessRunValue
                0x00000000000345a8                simNextExpirationTime
 COMMON         0x00000000000345ac        0x1 obj_cooja/mtype988.a(beep.o)
                0x00000000000345ac                simBeeped
 COMMON         0x00000000000345ad        0x3 obj_cooja/mtype988.a(button-sensor.o)
                0x00000000000345ad                simButtonIsActive
                0x00000000000345ae                simButtonIsDown
                0x00000000000345af                simButtonChanged
 COMMON         0x00000000000345b0        0x1 obj_cooja/mtype988.a(leds-arch.o)
                0x00000000000345b0                simLedsValue
 *fill*         0x00000000000345b1        0x3 
 COMMON         0x00000000000345b4        0xc obj_cooja/mtype988.a(moteid.o)
                0x00000000000345b4                simRandomSeed
                0x00000000000345b8                simMoteIDChanged
                0x00000000000345bc                simMoteID
 COMMON         0x00000000000345c0        0x2 obj_cooja/mtype988.a(pir-sensor.o)
                0x00000000000345c0                simPirIsActive
                0x00000000000345c1                simPirChanged
 *fill*         0x00000000000345c2       0x1e 
 COMMON         0x00000000000345e0      0x820 obj_cooja/mtype988.a(rs232.o)
                0x00000000000345e0                simSerialReceivingFlag
                0x00000000000345e4                simSerialReceivingLength
                0x0000000000034600                simSerialReceivingData
 COMMON         0x0000000000034e00        0x2 obj_cooja/mtype988.a(vib-sensor.o)
                0x0000000000034e00                simVibChanged
                0x0000000000034e01                simVibIsActive
 *fill*         0x0000000000034e02        0x2 
 COMMON         0x0000000000034e04        0x4 obj_cooja/mtype988.a(clock.o)
                0x0000000000034e04                simCurrentTime
 *fill*         0x0000000000034e08       0x18 
 COMMON         0x0000000000034e20      0x420 obj_cooja/mtype988.a(log.o)
                0x0000000000034e20                simLoggedLength
                0x0000000000034e24                simLoggedFlag
                0x0000000000034e40                simLoggedData
 COMMON         0x0000000000035240      0x200 obj_cooja/mtype988.a(cooja-radio.o)
                0x0000000000035240                simOutDataBuffer
                0x00000000000352c0                simInDataBufferLR
                0x0000000000035340                simOutDataBufferLR
                0x00000000000353c0                simInDataBuffer
 COMMON         0x0000000000035440      0x400 obj_cooja/mtype988.a(eeprom.o)
                0x0000000000035440                simEEPROMData
 COMMON         0x0000000000035840        0x1 obj_cooja/mtype988.a(sensors.o)
                0x0000000000035840                sensors_event
 *fill*         0x0000000000035841        0x3 
 COMMON         0x0000000000035844        0x4 obj_cooja/mtype988.a(log_message.o)
                0x0000000000035844                log_fp
 COMMON         0x0000000000035848        0x1 obj_cooja/mtype988.a(serial-line.o)
                0x0000000000035848                serial_line_event_message
 *fill*         0x0000000000035849       0x17 
 COMMON         0x0000000000035860       0xc8 obj_cooja/mtype988.a(uip-ds6-nbr.o)
                0x0000000000035860                ds6_lr_addrmap
 *fill*         0x0000000000035928       0x18 
 COMMON         0x0000000000035940      0x298 obj_cooja/mtype988.a(uip-ds6.o)
                0x0000000000035940                uip_ds6_prefix_list
                0x00000000000359a0                uip_ds6_timer_periodic
                0x00000000000359b0                uip_ds6_netif_addr_list_offset
                0x00000000000359c0                uip_ds6_if
                0x0000000000035ab8                uip_ds6_timer_ra
                0x0000000000035ac0                uip_ds6_addr_size
                0x0000000000035ae0                long_uip_ds6_if
 *fill*         0x0000000000035bd8        0x8 
 COMMON         0x0000000000035be0      0x8ec obj_cooja/mtype988.a(uip6.o)
                0x0000000000035be0                uip_slen
                0x0000000000035be2                uip_acc32
                0x0000000000035c00                uip_conns
                0x0000000000035cc0                uip_lladdr
                0x0000000000035cc8                uip_appdata
                0x0000000000035ccc                uip_flags
                0x0000000000035ce0                uip_aligned_buf
                0x0000000000036320                uip_listenports
                0x0000000000036330                uip_len
                0x0000000000036332                uip_long_lladdr
                0x000000000003633c                uip_sappdata
                0x0000000000036340                uip_udp_conns
                0x00000000000364c0                uip_udp_conn
                0x00000000000364c4                uip_next_hdr
                0x00000000000364c8                uip_conn
 COMMON         0x00000000000364cc        0x1 obj_cooja/mtype988.a(tcpip.o)
                0x00000000000364cc                tcpip_event
 *fill*         0x00000000000364cd       0x13 
 COMMON         0x00000000000364e0      0x198 obj_cooja/mtype988.a(rpl-dag.o)
                0x00000000000364e0                default_instance
                0x0000000000036500                instance_table
 COMMON         0x0000000000036678       0x10 obj_cooja/mtype988.a(linkaddr.o)
                0x0000000000036678                linkaddr_node_addr
                0x0000000000036680                long_linkaddr_node_addr
 COMMON         0x0000000000036688       0x2e obj_cooja/mtype988.a(packetbuf.o)
                0x0000000000036688                packetbuf_attrs
                0x00000000000366a6                packetbuf_addrs
 *fill*         0x00000000000366b6        0xa 
 COMMON         0x00000000000366c0       0x48 obj_cooja/mtype988.a(rimestats.o)
                0x00000000000366c0                rimestats
                0x0000000000036708                . = ALIGN ((. != 0x0)?0x4:0x1)
                0x0000000000036708                . = ALIGN (0x4)
                0x0000000000036708                . = SEGMENT_START ("ldata-segment", .)
                0x0000000000036708                . = ALIGN (0x4)
                0x0000000000036708                _end = .
                0x0000000000036708                PROVIDE (end, .)
                0x0000000000036708                . = DATA_SEGMENT_END (.)

.stab
 *(.stab)

.stabstr
 *(.stabstr)

.stab.excl
 *(.stab.excl)

.stab.exclstr
 *(.stab.exclstr)

.stab.index
 *(.stab.index)

.stab.indexstr
 *(.stab.indexstr)

.comment        0x0000000000000000       0x2b
 *(.comment)
 .comment       0x0000000000000000       0x2b /usr/lib/gcc/i686-linux-gnu/4.8/crtbeginS.o
                                         0x2c (size before relaxing)
 .comment       0x0000000000000000       0x2c udp-client.co
 .comment       0x0000000000000000       0x2c obj_cooja/mtype988.o
 .comment       0x0000000000000000       0x2c obj_cooja/mtype988.a(simEnvChange.o)
 .comment       0x0000000000000000       0x2c obj_cooja/mtype988.a(cooja_mt.o)
 .comment       0x0000000000000000       0x2c obj_cooja/mtype988.a(cooja_mtarch.o)
 .comment       0x0000000000000000       0x2c obj_cooja/mtype988.a(rtimer-arch.o)
 .comment       0x0000000000000000       0x2c obj_cooja/mtype988.a(beep.o)
 .comment       0x0000000000000000       0x2c obj_cooja/mtype988.a(button-sensor.o)
 .comment       0x0000000000000000       0x2c obj_cooja/mtype988.a(leds-arch.o)
 .comment       0x0000000000000000       0x2c obj_cooja/mtype988.a(moteid.o)
 .comment       0x0000000000000000       0x2c obj_cooja/mtype988.a(pir-sensor.o)
 .comment       0x0000000000000000       0x2c obj_cooja/mtype988.a(rs232.o)
 .comment       0x0000000000000000       0x2c obj_cooja/mtype988.a(vib-sensor.o)
 .comment       0x0000000000000000       0x2c obj_cooja/mtype988.a(clock.o)
 .comment       0x0000000000000000       0x2c obj_cooja/mtype988.a(log.o)
 .comment       0x0000000000000000       0x2c obj_cooja/mtype988.a(cfs-cooja.o)
 .comment       0x0000000000000000       0x2c obj_cooja/mtype988.a(cooja-radio.o)
 .comment       0x0000000000000000       0x2c obj_cooja/mtype988.a(eeprom.o)
 .comment       0x0000000000000000       0x2c obj_cooja/mtype988.a(random.o)
 .comment       0x0000000000000000       0x2c obj_cooja/mtype988.a(sensors.o)
 .comment       0x0000000000000000       0x2c obj_cooja/mtype988.a(dual_conf.o)
 .comment       0x0000000000000000       0x2c obj_cooja/mtype988.a(autostart.o)
 .comment       0x0000000000000000       0x2c obj_cooja/mtype988.a(ctimer.o)
 .comment       0x0000000000000000       0x2c obj_cooja/mtype988.a(etimer.o)
 .comment       0x0000000000000000       0x2c obj_cooja/mtype988.a(log_message.o)
 .comment       0x0000000000000000       0x2c obj_cooja/mtype988.a(process.o)
 .comment       0x0000000000000000       0x2c obj_cooja/mtype988.a(residual.o)
 .comment       0x0000000000000000       0x2c obj_cooja/mtype988.a(rtimer.o)
 .comment       0x0000000000000000       0x2c obj_cooja/mtype988.a(stimer.o)
 .comment       0x0000000000000000       0x2c obj_cooja/mtype988.a(timer.o)
 .comment       0x0000000000000000       0x2c obj_cooja/mtype988.a(serial-line.o)
 .comment       0x0000000000000000       0x2c obj_cooja/mtype988.a(list.o)
 .comment       0x0000000000000000       0x2c obj_cooja/mtype988.a(ringbuf.o)
 .comment       0x0000000000000000       0x2c obj_cooja/mtype988.a(sicslowpan.o)
 .comment       0x0000000000000000       0x2c obj_cooja/mtype988.a(uip-ds6-nbr.o)
 .comment       0x0000000000000000       0x2c obj_cooja/mtype988.a(uip-ds6-route.o)
 .comment       0x0000000000000000       0x2c obj_cooja/mtype988.a(uip-ds6.o)
 .comment       0x0000000000000000       0x2c obj_cooja/mtype988.a(uip6.o)
 .comment       0x0000000000000000       0x2c obj_cooja/mtype988.a(tcpip.o)
 .comment       0x0000000000000000       0x2c obj_cooja/mtype988.a(uip-debug.o)
 .comment       0x0000000000000000       0x2c obj_cooja/mtype988.a(uip-packetqueue)
 .comment       0x0000000000000000       0x2c obj_cooja/mtype988.a(uip-udp-packet.)
 .comment       0x0000000000000000       0x2c obj_cooja/mtype988.a(rpl-dag.o)
 .comment       0x0000000000000000       0x2c obj_cooja/mtype988.a(rpl-ext-header.)
 .comment       0x0000000000000000       0x2c obj_cooja/mtype988.a(rpl-icmp6.o)
 .comment       0x0000000000000000       0x2c obj_cooja/mtype988.a(rpl-ltmax-of.o)
 .comment       0x0000000000000000       0x2c obj_cooja/mtype988.a(rpl-timers.o)
 .comment       0x0000000000000000       0x2c obj_cooja/mtype988.a(rpl.o)
 .comment       0x0000000000000000       0x2c obj_cooja/mtype988.a(framer-802154.o)
 .comment       0x0000000000000000       0x2c obj_cooja/mtype988.a(nullmac.o)
 .comment       0x0000000000000000       0x2c obj_cooja/mtype988.a(nullrdc.o)
 .comment       0x0000000000000000       0x2c obj_cooja/mtype988.a(linkaddr.o)
 .comment       0x0000000000000000       0x2c obj_cooja/mtype988.a(nbr-table.o)
 .comment       0x0000000000000000       0x2c obj_cooja/mtype988.a(netstack.o)
 .comment       0x0000000000000000       0x2c obj_cooja/mtype988.a(packetbuf.o)
 .comment       0x0000000000000000       0x2c obj_cooja/mtype988.a(queuebuf.o)
 .comment       0x0000000000000000       0x2c obj_cooja/mtype988.a(nullsec.o)
 .comment       0x0000000000000000       0x2c obj_cooja/mtype988.a(watchdog.o)
 .comment       0x0000000000000000       0x2c obj_cooja/mtype988.a(rimestats.o)
 .comment       0x0000000000000000       0x2c obj_cooja/mtype988.a(memb.o)
 .comment       0x0000000000000000       0x2c obj_cooja/mtype988.a(uip-icmp6.o)
 .comment       0x0000000000000000       0x2c obj_cooja/mtype988.a(uip-nd6.o)
 .comment       0x0000000000000000       0x2c obj_cooja/mtype988.a(rpl-nbr-policy.)
 .comment       0x0000000000000000       0x2c obj_cooja/mtype988.a(frame802154.o)
 .comment       0x0000000000000000       0x2c obj_cooja/mtype988.a(mac-sequence.o)
 .comment       0x0000000000000000       0x2c obj_cooja/mtype988.a(mac.o)
 .comment       0x0000000000000000       0x2c /usr/lib/gcc/i686-linux-gnu/4.8/crtendS.o

.debug
 *(.debug)

.line
 *(.line)

.debug_srcinfo
 *(.debug_srcinfo)

.debug_sfnames
 *(.debug_sfnames)

.debug_aranges  0x0000000000000000      0x838
 *(.debug_aranges)
 .debug_aranges
                0x0000000000000000       0x20 udp-client.co
 .debug_aranges
                0x0000000000000020       0x20 obj_cooja/mtype988.o
 .debug_aranges
                0x0000000000000040       0x20 obj_cooja/mtype988.a(simEnvChange.o)
 .debug_aranges
                0x0000000000000060       0x20 obj_cooja/mtype988.a(cooja_mt.o)
 .debug_aranges
                0x0000000000000080       0x20 obj_cooja/mtype988.a(cooja_mtarch.o)
 .debug_aranges
                0x00000000000000a0       0x20 obj_cooja/mtype988.a(rtimer-arch.o)
 .debug_aranges
                0x00000000000000c0       0x20 obj_cooja/mtype988.a(beep.o)
 .debug_aranges
                0x00000000000000e0       0x20 obj_cooja/mtype988.a(button-sensor.o)
 .debug_aranges
                0x0000000000000100       0x20 obj_cooja/mtype988.a(leds-arch.o)
 .debug_aranges
                0x0000000000000120       0x20 obj_cooja/mtype988.a(moteid.o)
 .debug_aranges
                0x0000000000000140       0x20 obj_cooja/mtype988.a(pir-sensor.o)
 .debug_aranges
                0x0000000000000160       0x20 obj_cooja/mtype988.a(rs232.o)
 .debug_aranges
                0x0000000000000180       0x20 obj_cooja/mtype988.a(vib-sensor.o)
 .debug_aranges
                0x00000000000001a0       0x20 obj_cooja/mtype988.a(clock.o)
 .debug_aranges
                0x00000000000001c0       0x20 obj_cooja/mtype988.a(log.o)
 .debug_aranges
                0x00000000000001e0       0x20 obj_cooja/mtype988.a(cfs-cooja.o)
 .debug_aranges
                0x0000000000000200       0x20 obj_cooja/mtype988.a(cooja-radio.o)
 .debug_aranges
                0x0000000000000220       0x20 obj_cooja/mtype988.a(eeprom.o)
 .debug_aranges
                0x0000000000000240       0x20 obj_cooja/mtype988.a(random.o)
 .debug_aranges
                0x0000000000000260       0x20 obj_cooja/mtype988.a(sensors.o)
 .debug_aranges
                0x0000000000000280       0x20 obj_cooja/mtype988.a(dual_conf.o)
 .debug_aranges
                0x00000000000002a0       0x20 obj_cooja/mtype988.a(autostart.o)
 .debug_aranges
                0x00000000000002c0       0x20 obj_cooja/mtype988.a(ctimer.o)
 .debug_aranges
                0x00000000000002e0       0x20 obj_cooja/mtype988.a(etimer.o)
 .debug_aranges
                0x0000000000000300       0x20 obj_cooja/mtype988.a(log_message.o)
 .debug_aranges
                0x0000000000000320       0x20 obj_cooja/mtype988.a(process.o)
 .debug_aranges
                0x0000000000000340       0x20 obj_cooja/mtype988.a(residual.o)
 .debug_aranges
                0x0000000000000360       0x20 obj_cooja/mtype988.a(rtimer.o)
 .debug_aranges
                0x0000000000000380       0x20 obj_cooja/mtype988.a(stimer.o)
 .debug_aranges
                0x00000000000003a0       0x20 obj_cooja/mtype988.a(timer.o)
 .debug_aranges
                0x00000000000003c0       0x20 obj_cooja/mtype988.a(serial-line.o)
 .debug_aranges
                0x00000000000003e0       0x20 obj_cooja/mtype988.a(list.o)
 .debug_aranges
                0x0000000000000400       0x20 obj_cooja/mtype988.a(ringbuf.o)
 .debug_aranges
                0x0000000000000420       0x20 obj_cooja/mtype988.a(sicslowpan.o)
 .debug_aranges
                0x0000000000000440       0x20 obj_cooja/mtype988.a(uip-ds6-nbr.o)
 .debug_aranges
                0x0000000000000460       0x20 obj_cooja/mtype988.a(uip-ds6-route.o)
 .debug_aranges
                0x0000000000000480       0x20 obj_cooja/mtype988.a(uip-ds6.o)
 .debug_aranges
                0x00000000000004a0       0x20 obj_cooja/mtype988.a(uip6.o)
 .debug_aranges
                0x00000000000004c0       0x20 obj_cooja/mtype988.a(tcpip.o)
 .debug_aranges
                0x00000000000004e0       0x20 obj_cooja/mtype988.a(uip-debug.o)
 .debug_aranges
                0x0000000000000500       0x20 obj_cooja/mtype988.a(uip-packetqueue)
 .debug_aranges
                0x0000000000000520       0x20 obj_cooja/mtype988.a(uip-udp-packet.)
 .debug_aranges
                0x0000000000000540       0x20 obj_cooja/mtype988.a(rpl-dag.o)
 .debug_aranges
                0x0000000000000560       0x20 obj_cooja/mtype988.a(rpl-ext-header.)
 .debug_aranges
                0x0000000000000580       0x20 obj_cooja/mtype988.a(rpl-icmp6.o)
 .debug_aranges
                0x00000000000005a0       0x20 obj_cooja/mtype988.a(rpl-ltmax-of.o)
 .debug_aranges
                0x00000000000005c0       0x20 obj_cooja/mtype988.a(rpl-timers.o)
 .debug_aranges
                0x00000000000005e0       0x20 obj_cooja/mtype988.a(rpl.o)
 .debug_aranges
                0x0000000000000600       0x20 obj_cooja/mtype988.a(framer-802154.o)
 .debug_aranges
                0x0000000000000620       0x20 obj_cooja/mtype988.a(nullmac.o)
 .debug_aranges
                0x0000000000000640       0x20 obj_cooja/mtype988.a(nullrdc.o)
 .debug_aranges
                0x0000000000000660       0x20 obj_cooja/mtype988.a(linkaddr.o)
 .debug_aranges
                0x0000000000000680       0x20 obj_cooja/mtype988.a(nbr-table.o)
 .debug_aranges
                0x00000000000006a0       0x20 obj_cooja/mtype988.a(netstack.o)
 .debug_aranges
                0x00000000000006c0       0x20 obj_cooja/mtype988.a(packetbuf.o)
 .debug_aranges
                0x00000000000006e0       0x20 obj_cooja/mtype988.a(queuebuf.o)
 .debug_aranges
                0x0000000000000700       0x20 obj_cooja/mtype988.a(nullsec.o)
 .debug_aranges
                0x0000000000000720       0x20 obj_cooja/mtype988.a(watchdog.o)
 .debug_aranges
                0x0000000000000740       0x18 obj_cooja/mtype988.a(rimestats.o)
 .debug_aranges
                0x0000000000000758       0x20 obj_cooja/mtype988.a(memb.o)
 .debug_aranges
                0x0000000000000778       0x20 obj_cooja/mtype988.a(uip-icmp6.o)
 .debug_aranges
                0x0000000000000798       0x20 obj_cooja/mtype988.a(uip-nd6.o)
 .debug_aranges
                0x00000000000007b8       0x20 obj_cooja/mtype988.a(rpl-nbr-policy.)
 .debug_aranges
                0x00000000000007d8       0x20 obj_cooja/mtype988.a(frame802154.o)
 .debug_aranges
                0x00000000000007f8       0x20 obj_cooja/mtype988.a(mac-sequence.o)
 .debug_aranges
                0x0000000000000818       0x20 obj_cooja/mtype988.a(mac.o)

.debug_pubnames
 *(.debug_pubnames)

.debug_info     0x0000000000000000    0x1cc5a
 *(.debug_info .gnu.linkonce.wi.*)
 .debug_info    0x0000000000000000      0xc70 udp-client.co
 .debug_info    0x0000000000000c70     0x3abe obj_cooja/mtype988.o
 .debug_info    0x000000000000472e      0x15a obj_cooja/mtype988.a(simEnvChange.o)
 .debug_info    0x0000000000004888      0x1e2 obj_cooja/mtype988.a(cooja_mt.o)
 .debug_info    0x0000000000004a6a      0x2e7 obj_cooja/mtype988.a(cooja_mtarch.o)
 .debug_info    0x0000000000004d51      0x16b obj_cooja/mtype988.a(rtimer-arch.o)
 .debug_info    0x0000000000004ebc      0x1f3 obj_cooja/mtype988.a(beep.o)
 .debug_info    0x00000000000050af      0x257 obj_cooja/mtype988.a(button-sensor.o)
 .debug_info    0x0000000000005306      0x132 obj_cooja/mtype988.a(leds-arch.o)
 .debug_info    0x0000000000005438      0x10a obj_cooja/mtype988.a(moteid.o)
 .debug_info    0x0000000000005542      0x216 obj_cooja/mtype988.a(pir-sensor.o)
 .debug_info    0x0000000000005758      0x21e obj_cooja/mtype988.a(rs232.o)
 .debug_info    0x0000000000005976      0x216 obj_cooja/mtype988.a(vib-sensor.o)
 .debug_info    0x0000000000005b8c      0x152 obj_cooja/mtype988.a(clock.o)
 .debug_info    0x0000000000005cde      0x2bb obj_cooja/mtype988.a(log.o)
 .debug_info    0x0000000000005f99      0x3cf obj_cooja/mtype988.a(cfs-cooja.o)