Archive member included to satisfy reference by file (symbol)

obj_cooja/mtype502.a(simEnvChange.o)
                              obj_cooja/mtype502.o (simDontFallAsleep)
obj_cooja/mtype502.a(cooja_mt.o)
                              obj_cooja/mtype502.o (cooja_mt_start)
obj_cooja/mtype502.a(cooja_mtarch.o)
                              obj_cooja/mtype502.a(cooja_mt.o) (cooja_mtarch_init)
obj_cooja/mtype502.a(rtimer-arch.o)
                              obj_cooja/mtype502.o (rtimer_arch_next)
obj_cooja/mtype502.a(beep.o)  obj_cooja/mtype502.o (beep_interface)
obj_cooja/mtype502.a(button-sensor.o)
                              obj_cooja/mtype502.o (button_interface)
obj_cooja/mtype502.a(leds-arch.o)
                              obj_cooja/mtype502.o (leds_interface)
obj_cooja/mtype502.a(moteid.o)
                              obj_cooja/mtype502.o (moteid_interface)
obj_cooja/mtype502.a(pir-sensor.o)
                              obj_cooja/mtype502.o (pir_interface)
obj_cooja/mtype502.a(rs232.o)
                              obj_cooja/mtype502.o (rs232_interface)
obj_cooja/mtype502.a(vib-sensor.o)
                              obj_cooja/mtype502.o (vib_interface)
obj_cooja/mtype502.a(clock.o)
                              obj_cooja/mtype502.o (clock_interface)
obj_cooja/mtype502.a(log.o)   obj_cooja/mtype502.o (simlog_interface)
obj_cooja/mtype502.a(cfs-cooja.o)
                              obj_cooja/mtype502.o (cfs_interface)
obj_cooja/mtype502.a(cooja-radio.o)
                              obj_cooja/mtype502.o (radio_interface)
obj_cooja/mtype502.a(eeprom.o)
                              obj_cooja/mtype502.o (eeprom_interface)
obj_cooja/mtype502.a(random.o)
                              obj_cooja/mtype502.a(moteid.o) (random_init)
obj_cooja/mtype502.a(sensors.o)
                              udp-server.co (sensors_event)
obj_cooja/mtype502.a(dual_conf.o)
                              obj_cooja/mtype502.a(cooja-radio.o) (long_range_radio)
obj_cooja/mtype502.a(autostart.o)
                              obj_cooja/mtype502.o (autostart_start)
obj_cooja/mtype502.a(ctimer.o)
                              obj_cooja/mtype502.o (ctimer_init)
obj_cooja/mtype502.a(etimer.o)
                              obj_cooja/mtype502.o (etimer_process)
obj_cooja/mtype502.a(log_message.o)
                              obj_cooja/mtype502.o (log_initialization)
obj_cooja/mtype502.a(process.o)
                              udp-server.co (process_current)
obj_cooja/mtype502.a(residual.o)
                              obj_cooja/mtype502.o (get_residual_energy)
obj_cooja/mtype502.a(rtimer.o)
                              obj_cooja/mtype502.a(rtimer-arch.o) (rtimer_run_next)
obj_cooja/mtype502.a(timer.o)
                              obj_cooja/mtype502.a(button-sensor.o) (timer_set)
obj_cooja/mtype502.a(serial-line.o)
                              obj_cooja/mtype502.a(rs232.o) (serial_line_input_byte)
obj_cooja/mtype502.a(list.o)  obj_cooja/mtype502.a(ctimer.o) (list_init)
obj_cooja/mtype502.a(ringbuf.o)
                              obj_cooja/mtype502.a(serial-line.o) (ringbuf_init)
obj_cooja/mtype502.a(sicslowpan.o)
                              obj_cooja/mtype502.o (sicslowpan_driver)
obj_cooja/mtype502.a(uip-ds6-nbr.o)
                              obj_cooja/mtype502.a(sicslowpan.o) (uip_ds6_link_neighbor_callback)
obj_cooja/mtype502.a(uip-ds6.o)
                              udp-server.co (uip_ds6_if)
obj_cooja/mtype502.a(uip6.o)  obj_cooja/mtype502.o (uip_lladdr)
obj_cooja/mtype502.a(tcpip.o)
                              udp-server.co (tcpip_event)
obj_cooja/mtype502.a(uip-debug.o)
                              udp-server.co (uip_debug_ipaddr_print)
obj_cooja/mtype502.a(uip-packetqueue)
                              obj_cooja/mtype502.a(uip-ds6-nbr.o) (uip_packetqueue_new)
obj_cooja/mtype502.a(rpl-dag.o)
                              udp-server.co (rpl_set_root)
obj_cooja/mtype502.a(rpl-ext-header.)
                              obj_cooja/mtype502.a(uip6.o) (rpl_verify_header)
obj_cooja/mtype502.a(rpl-icmp6.o)
                              obj_cooja/mtype502.a(rpl-dag.o) (rpl_icmp6_update_nbr_table)
obj_cooja/mtype502.a(rpl-ltmax.o)
                              obj_cooja/mtype502.a(rpl-dag.o) (rpl_ltmax_of)
obj_cooja/mtype502.a(rpl-timers.o)
                              obj_cooja/mtype502.a(rpl-dag.o) (rpl_reset_dio_timer)
obj_cooja/mtype502.a(rpl.o)   obj_cooja/mtype502.a(rpl-icmp6.o) (rpl_get_mode)
obj_cooja/mtype502.a(framer-802154.o)
                              obj_cooja/mtype502.a(sicslowpan.o) (framer_802154)
obj_cooja/mtype502.a(nullmac.o)
                              udp-server.co (nullmac_driver)
obj_cooja/mtype502.a(cxmac.o)
                              obj_cooja/mtype502.o (cxmac_driver)
obj_cooja/mtype502.a(linkaddr.o)
                              obj_cooja/mtype502.o (linkaddr_node_addr)
obj_cooja/mtype502.a(nbr-table.o)
                              obj_cooja/mtype502.a(rpl-dag.o) (long_ip_from_lladdr_map)
[...]
Memory Configuration

Name             Origin             Length             Attributes
*default*        0x0000000000000000 0xffffffffffffffff

Linker script and memory map

LOAD /usr/lib/gcc/i686-linux-gnu/4.8/../../../i386-linux-gnu/crti.o
LOAD /usr/lib/gcc/i686-linux-gnu/4.8/crtbeginS.o
LOAD udp-server.co
LOAD obj_cooja/mtype502.o
LOAD obj_cooja/mtype502.a
LOAD /usr/lib/gcc/i686-linux-gnu/4.8/libgcc.a
LOAD /usr/lib/gcc/i686-linux-gnu/4.8/libgcc_s.so
LOAD /usr/lib/gcc/i686-linux-gnu/4.8/../../../i386-linux-gnu/libc.so
START GROUP
LOAD /lib/i386-linux-gnu/libc.so.6
LOAD /usr/lib/i386-linux-gnu/libc_nonshared.a
LOAD /lib/i386-linux-gnu/ld-linux.so.2
END GROUP
LOAD /usr/lib/gcc/i686-linux-gnu/4.8/libgcc.a
LOAD /usr/lib/gcc/i686-linux-gnu/4.8/libgcc_s.so
LOAD /usr/lib/gcc/i686-linux-gnu/4.8/crtendS.o
LOAD /usr/lib/gcc/i686-linux-gnu/4.8/../../../i386-linux-gnu/crtn.o
                0x0000000000000114                . = (0x0 + SIZEOF_HEADERS)

.note.gnu.build-id
                0x0000000000000114       0x24
 *(.note.gnu.build-id)
 .note.gnu.build-id
                0x0000000000000114       0x24 /usr/lib/gcc/i686-linux-gnu/4.8/../../../i386-linux-gnu/crti.o

.hash
 *(.hash)

.gnu.hash       0x0000000000000138     0x134c
 *(.gnu.hash)
 .gnu.hash      0x0000000000000138     0x134c /usr/lib/gcc/i686-linux-gnu/4.8/../../../i386-linux-gnu/crti.o

.dynsym         0x0000000000001484     0x2590
 *(.dynsym)
 .dynsym        0x0000000000001484     0x2590 /usr/lib/gcc/i686-linux-gnu/4.8/../../../i386-linux-gnu/crti.o

.dynstr         0x0000000000003a14     0x26b8
 *(.dynstr)
 .dynstr        0x0000000000003a14     0x26b8 /usr/lib/gcc/i686-linux-gnu/4.8/../../../i386-linux-gnu/crti.o

.gnu.version    0x00000000000060cc      0x4b2
 *(.gnu.version)
 .gnu.version   0x00000000000060cc      0x4b2 /usr/lib/gcc/i686-linux-gnu/4.8/../../../i386-linux-gnu/crti.o

.gnu.version_d  0x0000000000006580        0x0
 *(.gnu.version_d)
 .gnu.version_d
                0x0000000000000000        0x0 /usr/lib/gcc/i686-linux-gnu/4.8/../../../i386-linux-gnu/crti.o

.gnu.version_r  0x0000000000006580       0x50
 *(.gnu.version_r)
 .gnu.version_r
                0x0000000000006580       0x50 /usr/lib/gcc/i686-linux-gnu/4.8/../../../i386-linux-gnu/crti.o

.rel.dyn        0x00000000000065d0     0x8f30
 *(.rel.init)
 .rel.init      0x0000000000000000        0x0 /usr/lib/gcc/i686-linux-gnu/4.8/../../../i386-linux-gnu/crti.o
 *(.rel.text .rel.text.* .rel.gnu.linkonce.t.*)
 .rel.text      0x00000000000065d0     0x8790 /usr/lib/gcc/i686-linux-gnu/4.8/../../../i386-linux-gnu/crti.o
 *(.rel.fini)
 .rel.fini      0x0000000000000000        0x0 /usr/lib/gcc/i686-linux-gnu/4.8/../../../i386-linux-gnu/crti.o
 *(.rel.rodata .rel.rodata.* .rel.gnu.linkonce.r.*)
 .rel.rodata    0x000000000000ed60      0x4e0 /usr/lib/gcc/i686-linux-gnu/4.8/../../../i386-linux-gnu/crti.o
 *(.rel.data.rel.ro .rel.data.rel.ro.* .rel.gnu.linkonce.d.rel.ro.*)
 *(.rel.data .rel.data.* .rel.gnu.linkonce.d.*)
 .rel.data.rel  0x000000000000f240        0x8 /usr/lib/gcc/i686-linux-gnu/4.8/../../../i386-linux-gnu/crti.o
 .rel.data      0x000000000000f248      0x280 /usr/lib/gcc/i686-linux-gnu/4.8/../../../i386-linux-gnu/crti.o
 *(.rel.tdata .rel.tdata.* .rel.gnu.linkonce.td.*)
 *(.rel.tbss .rel.tbss.* .rel.gnu.linkonce.tb.*)
 *(.rel.ctors)
 *(.rel.dtors)
 *(.rel.got)
 .rel.got       0x000000000000f4c8       0x28 /usr/lib/gcc/i686-linux-gnu/4.8/../../../i386-linux-gnu/crti.o
 *(.rel.bss .rel.bss.* .rel.gnu.linkonce.b.*)
 *(.rel.ifunc)
 .rel.ifunc     0x0000000000000000        0x0 /usr/lib/gcc/i686-linux-gnu/4.8/../../../i386-linux-gnu/crti.o
 .rel.fini_array
                0x000000000000f4f0        0x8 /usr/lib/gcc/i686-linux-gnu/4.8/../../../i386-linux-gnu/crti.o
 .rel.init_array
                0x000000000000f4f8        0x8 /usr/lib/gcc/i686-linux-gnu/4.8/../../../i386-linux-gnu/crti.o

.rel.plt        0x000000000000f500       0x10
 *(.rel.plt)
 .rel.plt       0x000000000000f500       0x10 /usr/lib/gcc/i686-linux-gnu/4.8/../../../i386-linux-gnu/crti.o
 *(.rel.iplt)

.init           0x000000000000f510       0x23
 *(SORT(.init))
 .init          0x000000000000f510       0x1e /usr/lib/gcc/i686-linux-gnu/4.8/../../../i386-linux-gnu/crti.o
                0x000000000000f510                _init
 .init          0x000000000000f52e        0x5 /usr/lib/gcc/i686-linux-gnu/4.8/../../../i386-linux-gnu/crtn.o

.plt            0x000000000000f540       0x30
 *(.plt)
 .plt           0x000000000000f540       0x30 /usr/lib/gcc/i686-linux-gnu/4.8/../../../i386-linux-gnu/crti.o
 *(.iplt)

.text           0x000000000000f570    0x161ee
 *(.text.unlikely .text.*_unlikely .text.unlikely.*)
 *(.text.exit .text.exit.*)
 *(.text.startup .text.startup.*)
 *(.text.hot .text.hot.*)
 *(.text .stub .text.* .gnu.linkonce.t.*)
 .text          0x000000000000f570        0x0 /usr/lib/gcc/i686-linux-gnu/4.8/../../../i386-linux-gnu/crti.o
 .gnu.linkonce.t.__x86.get_pc_thunk.bx
                0x000000000000f570        0x4 /usr/lib/gcc/i686-linux-gnu/4.8/../../../i386-linux-gnu/crti.o
                0x000000000000f570                __x86.get_pc_thunk.bx
 *fill*         0x000000000000f574        0xc 
 .text          0x000000000000f580      0x11b /usr/lib/gcc/i686-linux-gnu/4.8/crtbeginS.o
 .text          0x000000000000f69b      0x3ce udp-server.co
 .text          0x000000000000fa69      0x96a obj_cooja/mtype502.o
                0x000000000000fc17                contiki_init
                0x00000000000101ea                Java_org_contikios_cooja_corecomm_Lib3_init
                0x000000000001022a                Java_org_contikios_cooja_corecomm_Lib3_getMemory
                0x000000000001026a                Java_org_contikios_cooja_corecomm_Lib3_setMemory
                0x00000000000102e1                Java_org_contikios_cooja_corecomm_Lib3_tick
                0x00000000000103c1                Java_org_contikios_cooja_corecomm_Lib3_setReferenceAddress
 .text          0x00000000000103d3       0x63 obj_cooja/mtype502.a(simEnvChange.o)
                0x00000000000103d3                doActionsBeforeTick
                0x0000000000010404                doActionsAfterTick
 .text          0x0000000000010436       0xbc obj_cooja/mtype502.a(cooja_mt.o)
                0x0000000000010436                cooja_mt_init
                0x0000000000010443                cooja_mt_remove
                0x0000000000010450                cooja_mt_start
                0x000000000001047d                cooja_mt_exec
                0x00000000000104ae                cooja_mt_exit
                0x00000000000104d0                cooja_mt_yield
 .text          0x00000000000104f2      0x115 obj_cooja/mtype502.a(cooja_mtarch.o)
                0x00000000000104f2                cooja_mtarch_init
                0x00000000000104f7                cooja_mtarch_start
                0x0000000000010572                cooja_sw
                0x0000000000010594                cooja_mtarch_exec
                0x00000000000105b0                cooja_mtarch_remove
                0x00000000000105b5                cooja_mtarch_yield
                0x00000000000105bf                cooja_mtarch_pstop
                0x00000000000105c4                cooja_mtarch_pstart
                0x00000000000105c9                cooja_mtarch_stack_usage
 .text          0x0000000000010607       0xc2 obj_cooja/mtype502.a(rtimer-arch.o)
                0x0000000000010607                rtimer_arch_init
                0x000000000001062a                rtimer_arch_schedule
                0x0000000000010641                rtimer_arch_next
                0x000000000001064b                rtimer_arch_pending
                0x0000000000010655                rtimer_arch_check
                0x0000000000010687                rtimer_arch_now
 .text          0x00000000000106c9       0x76 obj_cooja/mtype502.a(beep.o)
                0x00000000000106c9                beep_alarm
                0x00000000000106d5                beep_beep
                0x00000000000106e1                beep
                0x00000000000106ed                beep_down
                0x00000000000106f9                beep_on
                0x0000000000010705                beep_off
                0x0000000000010711                beep_spinup
                0x000000000001071d                beep_quick
                0x0000000000010729                beep_long
 .text          0x000000000001073f      0x103 obj_cooja/mtype502.a(button-sensor.o)
 .text          0x0000000000010842       0x45 obj_cooja/mtype502.a(leds-arch.o)
                0x0000000000010842                leds_arch_init
                0x000000000001084e                leds_arch_get
                0x000000000001085a                leds_arch_set
 .text          0x0000000000010887       0x2f obj_cooja/mtype502.a(moteid.o)
 .text          0x00000000000108b6       0xb1 obj_cooja/mtype502.a(pir-sensor.o)
 .text          0x0000000000010967      0x131 obj_cooja/mtype502.a(rs232.o)
                0x0000000000010967                rs232_init
                0x000000000001096c                rs232_set_speed
                0x000000000001097a                rs232_set_input
                0x0000000000010987                rs232_send
                0x00000000000109a9                rs232_print
                0x00000000000109c4                slip_arch_writeb
 .text          0x0000000000010a98       0xb1 obj_cooja/mtype502.a(vib-sensor.o)
 .text          0x0000000000010b49       0x34 obj_cooja/mtype502.a(clock.o)
                0x0000000000010b49                clock_init
                0x0000000000010b4e                clock_time
                0x0000000000010b58                clock_seconds
                0x0000000000010b6e                clock_delay
 .text          0x0000000000010b7d      0x1ed obj_cooja/mtype502.a(log.o)
                0x0000000000010b7d                simlog_char
                0x0000000000010bbf                simlog
                0x0000000000010c2c                log_message
                0x0000000000010c54                log_set_putchar_with_slip
                0x0000000000010c61                log_putchar
                0x0000000000010ce5                log_puts
                0x0000000000010d09                log_printf
 .text          0x0000000000010d6a      0x2c4 obj_cooja/mtype502.a(cfs-cooja.o)
                0x0000000000010d6a                cfs_open
                0x0000000000010dd3                cfs_close
                0x0000000000010ddf                cfs_read
                0x0000000000010e7d                cfs_write
                0x0000000000010f5a                cfs_seek
                0x0000000000010fe2                cfs_remove
                0x000000000001100b                cfs_opendir
                0x0000000000011015                cfs_readdir
                0x000000000001101f                cfs_closedir
 .text          0x000000000001102e      0x687 obj_cooja/mtype502.a(cooja-radio.o)
                0x0000000000011058                radio_set_channel
                0x000000000001106d                radio_set_txpower
                0x000000000001108d                radio_signal_strength_last
                0x0000000000011097                radio_signal_strength_current
                0x00000000000110a1                radio_LQI
 .text          0x00000000000116b5       0xef obj_cooja/mtype502.a(eeprom.o)
                0x00000000000116b5                eeprom_init
                0x00000000000116ba                eeprom_read
                0x000000000001172a                eeprom_write
 .text          0x00000000000117a4       0x28 obj_cooja/mtype502.a(random.o)
                0x00000000000117a4                random_init
                0x00000000000117bf                random_rand
 .text          0x00000000000117cc      0x2a1 obj_cooja/mtype502.a(sensors.o)
                0x0000000000011807                sensors_first
                0x0000000000011811                sensors_next
                0x000000000001182e                sensors_changed
                0x000000000001185d                sensors_find
 .text          0x0000000000011a6d      0x318 obj_cooja/mtype502.a(dual_conf.o)
                0x0000000000011a6d                dual_radio_switch
                0x0000000000011aad                dual_radio_change
                0x0000000000011ae7                sending_in_LR
                0x0000000000011b12                dual_radio_received
                0x0000000000011b4a                radio_received_is_longrange
                0x0000000000011b65                dual_radio_turn_on
                0x0000000000011b88                dual_radio_turn_off
                0x0000000000011d3b                dio_broadcast
                0x0000000000011d64                dis_broadcast
 .text          0x0000000000011d85       0x8e obj_cooja/mtype502.a(autostart.o)
                0x0000000000011d85                autostart_start
                0x0000000000011dd0                autostart_exit
 .text          0x0000000000011e13      0x334 obj_cooja/mtype502.a(ctimer.o)
                0x0000000000011f2a                ctimer_init
                0x0000000000011f5a                ctimer_set
                0x0000000000011f8b                ctimer_set_with_process
                0x0000000000012007                ctimer_reset
                0x0000000000012056                ctimer_restart
                0x00000000000120a5                ctimer_stop
                0x00000000000120f0                ctimer_expired
 .text          0x0000000000012147      0x40b obj_cooja/mtype502.a(etimer.o)
                0x000000000001235a                etimer_request_poll
                0x00000000000123de                etimer_set
                0x0000000000012403                etimer_reset_with_new_interval
                0x000000000001242a                etimer_reset
                0x0000000000012448                etimer_restart
                0x0000000000012466                etimer_adjust
                0x0000000000012482                etimer_expired
                0x0000000000012495                etimer_expiration_time
                0x00000000000124a7                etimer_start_time
                0x00000000000124b1                etimer_pending
                0x00000000000124c3                etimer_next_expiration_time
                0x00000000000124dd                etimer_stop
 .text          0x0000000000012552       0xdd obj_cooja/mtype502.a(log_message.o)
                0x0000000000012552                log_initialization
                0x000000000001260e                log_finisher
 .text          0x000000000001262f      0x560 obj_cooja/mtype502.a(process.o)
                0x000000000001262f                process_alloc_event
                0x0000000000012644                process_start
                0x000000000001282d                process_exit
                0x0000000000012849                process_init
                0x0000000000012a1a                process_run
                0x0000000000012a4d                process_nevents
                0x0000000000012a68                process_post
                0x0000000000012b14                process_post_synch
                0x0000000000012b4c                process_poll
                0x0000000000012b7b                process_is_running
 .text          0x0000000000012b8f       0xd3 obj_cooja/mtype502.a(residual.o)
                0x0000000000012b8f                get_residual_energy
 .text          0x0000000000012c62       0xba obj_cooja/mtype502.a(rtimer.o)
                0x0000000000012c62                rtimer_init
                0x0000000000012c6f                rtimer_set
                0x0000000000012cc6                rtimer_run_next
 .text          0x0000000000012d1c       0x91 obj_cooja/mtype502.a(timer.o)
                0x0000000000012d1c                timer_set
                0x0000000000012d37                timer_reset
                0x0000000000012d4e                timer_restart
                0x0000000000012d60                timer_expired
                0x0000000000012d89                timer_remaining
 .text          0x0000000000012dad      0x1fb obj_cooja/mtype502.a(serial-line.o)
                0x0000000000012dad                serial_line_input_byte
                0x0000000000012f70                serial_line_init
 .text          0x0000000000012fa8      0x244 obj_cooja/mtype502.a(list.o)
                0x0000000000012fa8                list_init
                0x0000000000012fb6                list_head
                0x0000000000012fc0                list_copy
                0x0000000000012fcf                list_tail
                0x0000000000013005                list_add
                0x000000000001304e                list_push
                0x000000000001307a                list_chop
                0x00000000000130e4                list_pop
                0x000000000001310c                list_remove
                0x0000000000013173                list_length
                0x00000000000131a1                list_insert
                0x00000000000131d5                list_item_next
 .text          0x00000000000131ec      0x155 obj_cooja/mtype502.a(ringbuf.o)
                0x00000000000131ec                ringbuf_init
                0x000000000001321d                ringbuf_put
                0x000000000001329b                ringbuf_get
                0x0000000000013308                ringbuf_size
                0x000000000001331a                ringbuf_elements
 .text          0x0000000000013341     0x258b obj_cooja/mtype502.a(sicslowpan.o)
                0x00000000000138cb                rime_sniffer_add
                0x00000000000138d8                rime_sniffer_remove
                0x000000000001586b                sicslowpan_init
                0x00000000000158c2                sicslowpan_get_last_rssi
 .text          0x00000000000158cc      0x2dc obj_cooja/mtype502.a(uip-ds6-nbr.o)
                0x00000000000158e9                uip_ds6_neighbors_init
                0x0000000000015906                uip_ds6_nbr_add
                0x00000000000159b7                uip_ds6_nbr_rm
                0x0000000000015a14                uip_ds6_nbr_get_ipaddr
                0x0000000000015a29                uip_ds6_nbr_get_ll
                0x0000000000015a45                uip_ds6_nbr_num
                0x0000000000015a8a                uip_ds6_nbr_lookup
                0x0000000000015aef                uip_ds6_nbr_ll_lookup
                0x0000000000015b0b                uip_ds6_nbr_ipaddr_from_lladdr
                0x0000000000015b31                uip_ds6_nbr_lladdr_from_ipaddr
                0x0000000000015b5f                uip_ds6_link_neighbor_callback
 .text          0x0000000000015ba8     0x12ad obj_cooja/mtype502.a(uip-ds6.o)
                0x0000000000015ba8                uip_ds6_init
                0x0000000000015efd                uip_ds6_periodic
                0x0000000000015fd5                uip_ds6_list_loop
                0x000000000001607c                uip_ds6_prefix_add
                0x000000000001613a                uip_ds6_prefix_rm
                0x000000000001614c                uip_ds6_prefix_lookup
                0x000000000001619d                uip_ds6_is_addr_onlink
                0x0000000000016211                uip_ds6_addr_add
                0x000000000001633f                uip_ds6_long_addr_add
                0x000000000001646d                uip_ds6_addr_rm
                0x000000000001650d                uip_ds6_addr_lookup
                0x0000000000016558                uip_ds6_long_addr_lookup
                0x00000000000165a3                uip_ds6_get_link_local
                0x0000000000016622                uip_ds6_long_get_link_local
                0x00000000000166a1                uip_ds6_get_global
                0x0000000000016720                uip_ds6_long_get_global
                0x000000000001679f                uip_ds6_maddr_add
                0x0000000000016811                uip_ds6_long_maddr_add
                0x0000000000016883                uip_ds6_maddr_rm
                0x0000000000016895                uip_ds6_maddr_lookup
                0x00000000000168e0                uip_ds6_long_maddr_lookup
                0x000000000001692b                uip_ds6_aaddr_add
                0x000000000001699d                uip_ds6_long_aaddr_add
                0x0000000000016a0f                uip_ds6_aaddr_rm
                0x0000000000016a21                uip_ds6_aaddr_lookup
                0x0000000000016a6c                uip_ds6_long_aaddr_lookup
                0x0000000000016ab7                uip_ds6_select_src
                0x0000000000016d40                uip_ds6_set_addr_iid
                0x0000000000016d77                get_match_length
                0x0000000000016e09                uip_ds6_compute_reachable_time
 .text          0x0000000000016e55     0x29f3 obj_cooja/mtype502.a(uip6.o)
                0x0000000000016e55                uip_add32
                0x0000000000016fee                uip_chksum
                0x00000000000170dc                uip_icmp6chksum
                0x00000000000170f0                uip_tcpchksum
                0x0000000000017104                uip_udpchksum
                0x0000000000017118                uip_init
                0x00000000000171e8                uip_connect
                0x0000000000017397                remove_ext_hdr
                0x000000000001746c                uip_udp_new
                0x00000000000175c8                uip_unlisten
                0x0000000000017628                uip_listen
                0x00000000000178ea                uip_process
                0x000000000001973c                uip_htons
                0x000000000001975e                uip_htonl
                0x000000000001979e                uip_send
 .text          0x0000000000019848      0xb43 obj_cooja/mtype502.a(tcpip.o)
                0x0000000000019848                tcpip_output
                0x0000000000019876                tcpip_set_outputfunc
                0x000000000001990a                tcp_connect
                0x000000000001995f                tcp_unlisten
                0x00000000000199ba                tcp_listen
                0x0000000000019a13                tcp_attach
                0x0000000000019a38                udp_attach
                0x0000000000019a5d                udp_new
                0x0000000000019aaf                udp_broadcast_new
                0x0000000000019d23                tcpip_input
                0x0000000000019d57                tcpip_ipv6_output
                0x000000000001a1d1                tcpip_poll_udp
                0x000000000001a1f4                tcpip_poll_tcp
                0x000000000001a217                tcpip_uipcall
 .text          0x000000000001a38b      0x1c1 obj_cooja/mtype502.a(uip-debug.o)
                0x000000000001a38b                uip_debug_ipaddr_print
                0x000000000001a4ed                uip_debug_lladdr_print
 .text          0x000000000001a54c      0x141 obj_cooja/mtype502.a(uip-packetqueue)
                0x000000000001a578                uip_packetqueue_new
                0x000000000001a586                uip_packetqueue_alloc
                0x000000000001a5e6                uip_packetqueue_free
                0x000000000001a627                uip_packetqueue_buf
                0x000000000001a644                uip_packetqueue_buflen
                0x000000000001a665                uip_packetqueue_set_buflen
 .text          0x000000000001a68d     0x25fb obj_cooja/mtype502.a(rpl-dag.o)
                0x000000000001a68d                rpl_print_neighbor_list
                0x000000000001a736                rpl_print_child_neighbor_list
                0x000000000001a7ab                rpl_get_nbr
                0x000000000001a805                rpl_get_nbr_child
                0x000000000001a85f                rpl_dag_init
                0x000000000001a891                rpl_get_parent
                0x000000000001a8b3                rpl_get_parent_rank
                0x000000000001a8e6                rpl_get_parent_link_metric
                0x000000000001a919                rpl_get_parent_ipaddr
                0x000000000001a943                rpl_get_child_ipaddr
                0x000000000001ac5e                rpl_set_root
                0x000000000001ae8c                rpl_repair_root
                0x000000000001b0c8                rpl_set_prefix
                0x000000000001b1c7                rpl_set_default_route
                0x000000000001b253                rpl_alloc_instance
                0x000000000001b2e6                rpl_alloc_dag
                0x000000000001b399                rpl_set_default_instance
                0x000000000001b3a6                rpl_get_default_instance
                0x000000000001b3b0                rpl_free_instance
                0x000000000001b461                rpl_free_dag
                0x000000000001b4c7                rpl_add_parent
                0x000000000001b5b0                rpl_find_parent
                0x000000000001b5e0                rpl_add_child
                0x000000000001b684                rpl_find_child
                0x000000000001b6d2                rpl_find_parent_any_dag
                0x000000000001b70e                rpl_select_dag
                0x000000000001bb31                rpl_select_parent
                0x000000000001bb93                rpl_remove_parent
                0x000000000001bbc9                rpl_remove_child
                0x000000000001bbe5                rpl_nullify_parent
                0x000000000001bc83                rpl_move_parent
                0x000000000001bd20                rpl_has_downward_route
                0x000000000001bd73                rpl_get_any_dag
                0x000000000001bdd5                rpl_get_instance
                0x000000000001be38                rpl_find_of
                0x000000000001be75                rpl_join_instance
                0x000000000001c111                rpl_add_dag
                0x000000000001c500                rpl_local_repair
                0x000000000001c5d9                rpl_recalculate_ranks
                0x000000000001c65f                rpl_process_parent_event
                0x000000000001c711                rpl_process_dio
 .text          0x000000000001cc88      0xbf3 obj_cooja/mtype502.a(rpl-ext-header.)
                0x000000000001cca5                rpl_verify_header
                0x000000000001d11f                rpl_update_header_empty
                0x000000000001d436                rpl_update_header_final
                0x000000000001d5c5                rpl_remove_header
                0x000000000001d6cf                rpl_invert_header
                0x000000000001d859                rpl_insert_header
 .text          0x000000000001d87b     0x22e1 obj_cooja/mtype502.a(rpl-icmp6.o)
                0x000000000001db44                rpl_icmp6_update_nbr_table
                0x000000000001dc34                dis_output
                0x000000000001e56c                dio_output
                0x000000000001f6c7                dao_output
                0x000000000001f78f                dao_output_target
                0x000000000001fb10                dao_ack_output
                0x000000000001fb24                rpl_icmp6_register_handlers
 .text          0x000000000001fb5c      0x3dc obj_cooja/mtype502.a(rpl-ltmax.o)
 .text          0x000000000001ff38      0x7b3 obj_cooja/mtype502.a(rpl-timers.o)
                0x000000000002017e                rpl_reset_periodic_timer
                0x00000000000201d3                rpl_reset_dio_timer
                0x000000000002040d                rpl_schedule_dao
                0x0000000000020428                rpl_schedule_dao_immediately
                0x0000000000020443                rpl_cancel_dao
                0x00000000000204a5                rpl_schedule_unicast_dio_immediately
                0x0000000000020693                rpl_schedule_probing
 .text          0x00000000000206eb      0x5c5 obj_cooja/mtype502.a(rpl.o)
                0x00000000000206eb                rpl_get_mode
                0x00000000000206f5                rpl_set_mode
                0x0000000000020783                rpl_purge_routes
                0x000000000002087d                rpl_remove_routes
                0x00000000000208c3                rpl_remove_routes_by_nexthop
                0x000000000002092f                rpl_add_route
                0x00000000000209aa                rpl_link_neighbor_callback
                0x0000000000020aaf                rpl_ipv6_neighbor_callback
                0x0000000000020b1e                rpl_purge_dags
                0x0000000000020c2a                rpl_init
 .text          0x0000000000020cb0      0x3f5 obj_cooja/mtype502.a(framer-802154.o)
 .text          0x00000000000210a5       0x5e obj_cooja/mtype502.a(nullmac.o)
 .text          0x0000000000021103      0xf24 obj_cooja/mtype502.a(cxmac.o)
                0x0000000000021f77                cxmac_set_announcement_radio_txpower
                0x0000000000021f7c                cxmac_init
 .text          0x0000000000022027       0x82 obj_cooja/mtype502.a(linkaddr.o)
                0x0000000000022027                linkaddr_copy
                0x0000000000022049                linkaddr_cmp
                0x0000000000022073                linkaddr_set_node_addr
                0x000000000002208e                linkaddr_set_node_long_addr
 .text          0x00000000000220a9      0x915 obj_cooja/mtype502.a(nbr-table.o)
                0x00000000000220a9                long_ip_from_lladdr_map
                0x0000000000022132                lladdr_map_add_lr
                0x00000000000221ef                lladdr_map_rm_lr
                0x00000000000226b4                nbr_table_register
                0x00000000000226fc                nbr_table_head
                0x0000000000022758                nbr_table_next
                0x00000000000227bf                nbr_table_add_lladdr
                0x000000000002289b                nbr_table_get_from_lladdr
                0x00000000000228e8                nbr_table_remove
                0x000000000002293a                nbr_table_lock
                0x0000000000022964                nbr_table_unlock
                0x000000000002298e                nbr_table_get_lladdr
 .text          0x00000000000229be       0x2b obj_cooja/mtype502.a(netstack.o)
                0x00000000000229be                netstack_init
 .text          0x00000000000229e9      0x3cd obj_cooja/mtype502.a(packetbuf.o)
                0x00000000000229e9                packetbuf_clear
                0x0000000000022a13                packetbuf_copyfrom
                0x0000000000022a65                packetbuf_compact
                0x0000000000022ae2                packetbuf_copyto
                0x0000000000022b79                packetbuf_hdralloc
                0x0000000000022bf6                packetbuf_hdrreduce
                0x0000000000022c3e                packetbuf_set_datalen
                0x0000000000022c57                packetbuf_dataptr
                0x0000000000022c74                packetbuf_hdrptr
                0x0000000000022c7e                packetbuf_datalen
                0x0000000000022c8a                packetbuf_hdrlen
                0x0000000000022ca1                packetbuf_totlen
                0x0000000000022cb7                packetbuf_attr_clear
                0x0000000000022d09                packetbuf_attr_copyto
                0x0000000000022d52                packetbuf_attr_copyfrom
                0x0000000000022d9a                packetbuf_holds_broadcast
 .text          0x0000000000022db6      0x2b4 obj_cooja/mtype502.a(queuebuf.o)
                0x0000000000022dc0                queuebuf_init
                0x0000000000022de0                queuebuf_numfree
                0x0000000000022df4                queuebuf_new_from_packetbuf
                0x0000000000022e84                queuebuf_update_attr_from_packetbuf
                0x0000000000022eb7                queuebuf_update_from_packetbuf
                0x0000000000022f01                queuebuf_free
                0x0000000000022f48                queuebuf_to_packetbuf
                0x0000000000022fae                queuebuf_dataptr
                0x0000000000022fe5                queuebuf_datalen
                0x0000000000023008                queuebuf_addr
                0x000000000002303a                queuebuf_attr
                0x0000000000023065                queuebuf_debug_print
 .text          0x000000000002306a       0x6e obj_cooja/mtype502.a(nullsec.o)
 .text          0x00000000000230d8       0x19 obj_cooja/mtype502.a(watchdog.o)
                0x00000000000230d8                watchdog_init
                0x00000000000230dd                watchdog_start
                0x00000000000230e2                watchdog_periodic
                0x00000000000230e7                watchdog_stop
                0x00000000000230ec                watchdog_reboot
 .text          0x00000000000230f1        0x0 obj_cooja/mtype502.a(rimestats.o)
 .text          0x00000000000230f1       0xa3 obj_cooja/mtype502.a(stimer.o)
                0x00000000000230f1                stimer_set
                0x000000000002310c                stimer_reset
                0x0000000000023123                stimer_restart
                0x0000000000023135                stimer_expired
                0x000000000002315c                stimer_remaining
                0x0000000000023180                stimer_elapsed
 .text          0x0000000000023194      0x1c1 obj_cooja/mtype502.a(memb.o)
                0x0000000000023194                memb_init
                0x00000000000231f2                memb_alloc
                0x0000000000023257                memb_free
                0x00000000000232d2                memb_inmemb
                0x0000000000023311                memb_numfree
 .text          0x0000000000023355      0x916 obj_cooja/mtype502.a(uip-ds6-route.o)
                0x00000000000233cc                uip_ds6_notification_add
                0x00000000000233fd                uip_ds6_notification_rm
                0x0000000000023419                uip_ds6_route_init
                0x00000000000234a1                uip_ds6_route_nexthop
                0x00000000000234c9                uip_ds6_route_head
                0x00000000000234de                uip_ds6_route_next
                0x0000000000023504                uip_ds6_route_is_nexthop
                0x0000000000023543                uip_ds6_route_num_routes
                0x000000000002354d                uip_ds6_route_lookup
                0x000000000002360f                uip_ds6_route_add
                0x0000000000023843                uip_ds6_route_rm
                0x00000000000239d7                uip_ds6_route_rm_by_nexthop
                0x0000000000023a0f                uip_ds6_defrt_add
                0x0000000000023ac0                uip_ds6_defrt_rm
                0x0000000000023b3f                uip_ds6_defrt_lookup
                0x0000000000023b98                uip_ds6_defrt_choose
                0x0000000000023c03                uip_ds6_defrt_periodic
 .text          0x0000000000023c6b      0xab2 obj_cooja/mtype502.a(uip-icmp6.o)
                0x0000000000023cd9                uip_icmp6_input
                0x0000000000023d2f                uip_icmp6_register_input_handler
                0x0000000000023ff7                uip_icmp6_error_output
                0x000000000002433c                uip_icmp6_send
                0x00000000000246b0                uip_icmp6_echo_reply_callback_add
                0x00000000000246e1                uip_icmp6_echo_reply_callback_rm
                0x00000000000246fd                uip_icmp6_init
 .text          0x000000000002471d      0x358 obj_cooja/mtype502.a(uip-nd6.o)
                0x0000000000024771                uip_nd6_ns_output
                0x0000000000024a70                uip_nd6_init
 .text          0x0000000000024a75      0x331 obj_cooja/mtype502.a(rpl-nbr-policy.)
                0x0000000000024c4d                find_removable_dis
                0x0000000000024c70                find_removable_dio
                0x0000000000024cff                find_removable_dao
                0x0000000000024d4f                rpl_nbr_policy_find_removable
 .text          0x0000000000024da6      0x97c obj_cooja/mtype502.a(frame802154.o)
                0x0000000000024dd7                frame802154_get_pan_id
                0x0000000000024de3                frame802154_set_pan_id
                0x0000000000024dfc                frame802154_has_panid
                0x0000000000024ee8                frame802154_check_dest_panid
                0x0000000000024f50                frame802154_is_broadcast_addr
                0x0000000000024f9d                frame802154_extract_linkaddr
                0x00000000000251dd                frame802154_hdrlen
                0x000000000002522e                frame802154_create
                0x0000000000025419                frame802154_parse
 .text          0x0000000000025722       0x3c obj_cooja/mtype502.a(mac.o)
                0x0000000000025722                mac_call_sent_callback
 .text          0x000000000002575e        0x0 /usr/lib/gcc/i686-linux-gnu/4.8/crtendS.o
 .text          0x000000000002575e        0x0 /usr/lib/gcc/i686-linux-gnu/4.8/../../../i386-linux-gnu/crtn.o
 *(.gnu.warning)

.fini           0x0000000000025760       0x14
 *(SORT(.fini))
 .fini          0x0000000000025760        0xf /usr/lib/gcc/i686-linux-gnu/4.8/../../../i386-linux-gnu/crti.o
                0x0000000000025760                _fini
 .fini          0x000000000002576f        0x5 /usr/lib/gcc/i686-linux-gnu/4.8/../../../i386-linux-gnu/crtn.o
                0x0000000000025774                PROVIDE (__etext, .)
                0x0000000000025774                PROVIDE (_etext, .)
                0x0000000000025774                PROVIDE (etext, .)

.rodata         0x0000000000025780      0x7e0
 *(.rodata .rodata.* .gnu.linkonce.r.*)
 .rodata        0x0000000000025780      0x148 udp-server.co
                0x0000000000025794                autostart_processes
 .rodata        0x00000000000258c8      0x1e6 obj_cooja/mtype502.o
 *fill*         0x0000000000025aae        0x2 
 .rodata        0x0000000000025ab0        0x8 obj_cooja/mtype502.a(beep.o)
                0x0000000000025ab0                beep_interface
 .rodata        0x0000000000025ab8       0x20 obj_cooja/mtype502.a(button-sensor.o)
                0x0000000000025ab8                button_interface
                0x0000000000025ac8                button_sensor
 .rodata        0x0000000000025ad8        0x8 obj_cooja/mtype502.a(leds-arch.o)
                0x0000000000025ad8                leds_interface
 .rodata        0x0000000000025ae0        0x8 obj_cooja/mtype502.a(moteid.o)
                0x0000000000025ae0                moteid_interface
 .rodata        0x0000000000025ae8       0x1c obj_cooja/mtype502.a(pir-sensor.o)
                0x0000000000025ae8                pir_interface
                0x0000000000025af4                pir_sensor
 .rodata        0x0000000000025b04        0xe obj_cooja/mtype502.a(rs232.o)
                0x0000000000025b04                rs232_interface
 *fill*         0x0000000000025b12        0x2 
 .rodata        0x0000000000025b14       0x24 obj_cooja/mtype502.a(vib-sensor.o)
                0x0000000000025b14                vib_interface
                0x0000000000025b28                vib_sensor
 .rodata        0x0000000000025b38        0x8 obj_cooja/mtype502.a(clock.o)
                0x0000000000025b38                clock_interface
 .rodata        0x0000000000025b40        0x8 obj_cooja/mtype502.a(log.o)
                0x0000000000025b40                simlog_interface
 .rodata        0x0000000000025b48       0x2f obj_cooja/mtype502.a(cfs-cooja.o)
                0x0000000000025b48                cfs_interface
 *fill*         0x0000000000025b77        0x9 
 .rodata        0x0000000000025b80       0x60 obj_cooja/mtype502.a(cooja-radio.o)
                0x0000000000025ba0                cooja_radio_driver
                0x0000000000025bd8                radio_interface
 .rodata        0x0000000000025be0        0x8 obj_cooja/mtype502.a(eeprom.o)
                0x0000000000025be0                eeprom_interface
 .rodata        0x0000000000025be8        0x8 obj_cooja/mtype502.a(sensors.o)
 .rodata        0x0000000000025bf0       0x1c obj_cooja/mtype502.a(dual_conf.o)
 .rodata        0x0000000000025c0c        0xf obj_cooja/mtype502.a(ctimer.o)
 .rodata        0x0000000000025c1b        0xc obj_cooja/mtype502.a(etimer.o)
 *fill*         0x0000000000025c27        0x1 
 .rodata        0x0000000000025c28       0x73 obj_cooja/mtype502.a(log_message.o)
 *fill*         0x0000000000025c9b        0x1 
 .rodata        0x0000000000025c9c       0x20 obj_cooja/mtype502.a(residual.o)
 .rodata        0x0000000000025cbc        0xe obj_cooja/mtype502.a(serial-line.o)
 *fill*         0x0000000000025cca        0x2 
 .rodata        0x0000000000025ccc       0x2c obj_cooja/mtype502.a(sicslowpan.o)
                0x0000000000025ccc                unc_llconf
                0x0000000000025cd0                unc_ctxconf
                0x0000000000025cd4                unc_mxconf
                0x0000000000025cd8                llprefix
                0x0000000000025cec                sicslowpan_driver
 .rodata        0x0000000000025cf8      0x13c obj_cooja/mtype502.a(uip6.o)
 .rodata        0x0000000000025e34       0x49 obj_cooja/mtype502.a(tcpip.o)
 .rodata        0x0000000000025e7d       0x3e obj_cooja/mtype502.a(uip-debug.o)
 *fill*         0x0000000000025ebb        0x1 
 .rodata        0x0000000000025ebc        0x4 obj_cooja/mtype502.a(rpl-dag.o)
 .rodata        0x0000000000025ec0        0xc obj_cooja/mtype502.a(framer-802154.o)
                0x0000000000025ec0                framer_802154
 .rodata        0x0000000000025ecc       0x24 obj_cooja/mtype502.a(nullmac.o)
                0x0000000000025ed4                nullmac_driver
 *fill*         0x0000000000025ef0       0x10 
 .rodata        0x0000000000025f00       0x40 obj_cooja/mtype502.a(cxmac.o)
                0x0000000000025f20                cxmac_driver
 .rodata        0x0000000000025f40        0x8 obj_cooja/mtype502.a(linkaddr.o)
                0x0000000000025f40                linkaddr_null
 .rodata        0x0000000000025f48       0x18 obj_cooja/mtype502.a(nullsec.o)
                0x0000000000025f50                nullsec_driver

.rodata1
 *(.rodata1)

.eh_frame_hdr   0x0000000000025f60     0x135c
 *(.eh_frame_hdr)
 .eh_frame_hdr  0x0000000000025f60     0x135c udp-server.co

.eh_frame       0x00000000000272bc     0x4eb0
 *(.eh_frame)
 .eh_frame      0x00000000000272bc       0x3c /usr/lib/gcc/i686-linux-gnu/4.8/../../../i386-linux-gnu/crti.o
                                         0x40 (size before relaxing)
 .eh_frame      0x00000000000272f8       0x68 udp-server.co
                                         0x80 (size before relaxing)
 .eh_frame      0x0000000000027360      0x148 obj_cooja/mtype502.o
                                        0x160 (size before relaxing)
 .eh_frame      0x00000000000274a8       0x40 obj_cooja/mtype502.a(simEnvChange.o)
                                         0x58 (size before relaxing)
 .eh_frame      0x00000000000274e8       0xc0 obj_cooja/mtype502.a(cooja_mt.o)
                                         0xd8 (size before relaxing)
 .eh_frame      0x00000000000275a8      0x120 obj_cooja/mtype502.a(cooja_mtarch.o)
                                        0x138 (size before relaxing)
 .eh_frame      0x00000000000276c8       0xc0 obj_cooja/mtype502.a(rtimer-arch.o)
                                         0xd8 (size before relaxing)
 .eh_frame      0x0000000000027788      0x160 obj_cooja/mtype502.a(beep.o)
                                        0x178 (size before relaxing)
 .eh_frame      0x00000000000278e8       0xa0 obj_cooja/mtype502.a(button-sensor.o)
                                         0xb8 (size before relaxing)
 .eh_frame      0x0000000000027988       0xa0 obj_cooja/mtype502.a(leds-arch.o)
                                         0xb8 (size before relaxing)
 .eh_frame      0x0000000000027a28       0x40 obj_cooja/mtype502.a(moteid.o)
                                         0x58 (size before relaxing)
 .eh_frame      0x0000000000027a68       0xa0 obj_cooja/mtype502.a(pir-sensor.o)
                                         0xb8 (size before relaxing)
 .eh_frame      0x0000000000027b08      0x100 obj_cooja/mtype502.a(rs232.o)
                                        0x118 (size before relaxing)
 .eh_frame      0x0000000000027c08       0xa0 obj_cooja/mtype502.a(vib-sensor.o)
                                         0xb8 (size before relaxing)
 .eh_frame      0x0000000000027ca8       0xc0 obj_cooja/mtype502.a(clock.o)
                                         0xd8 (size before relaxing)
 .eh_frame      0x0000000000027d68      0x120 obj_cooja/mtype502.a(log.o)
                                        0x138 (size before relaxing)
 .eh_frame      0x0000000000027e88      0x160 obj_cooja/mtype502.a(cfs-cooja.o)
                                        0x178 (size before relaxing)
 .eh_frame      0x0000000000027fe8      0x2e0 obj_cooja/mtype502.a(cooja-radio.o)
                                        0x2f8 (size before relaxing)
 .eh_frame      0x00000000000282c8       0xa0 obj_cooja/mtype502.a(eeprom.o)
                                         0xb8 (size before relaxing)
 .eh_frame      0x0000000000028368       0x40 obj_cooja/mtype502.a(random.o)
                                         0x58 (size before relaxing)
 .eh_frame      0x00000000000283a8       0xc0 obj_cooja/mtype502.a(sensors.o)
                                         0xd8 (size before relaxing)
 .eh_frame      0x0000000000028468      0x160 obj_cooja/mtype502.a(dual_conf.o)
                                        0x178 (size before relaxing)
 .eh_frame      0x00000000000285c8       0x40 obj_cooja/mtype502.a(autostart.o)
                                         0x58 (size before relaxing)
 .eh_frame      0x0000000000028608      0x100 obj_cooja/mtype502.a(ctimer.o)
                                        0x118 (size before relaxing)
 .eh_frame      0x0000000000028708      0x1e0 obj_cooja/mtype502.a(etimer.o)
                                        0x1f8 (size before relaxing)
 .eh_frame      0x00000000000288e8       0x40 obj_cooja/mtype502.a(log_message.o)
                                         0x58 (size before relaxing)
 .eh_frame      0x0000000000028928      0x1c8 obj_cooja/mtype502.a(process.o)
                                        0x1e0 (size before relaxing)
 .eh_frame      0x0000000000028af0       0x2c obj_cooja/mtype502.a(residual.o)
                                         0x44 (size before relaxing)
 .eh_frame      0x0000000000028b1c       0x60 obj_cooja/mtype502.a(rtimer.o)
                                         0x78 (size before relaxing)
 .eh_frame      0x0000000000028b7c       0xa4 obj_cooja/mtype502.a(timer.o)
                                         0xbc (size before relaxing)
 .eh_frame      0x0000000000028c20       0x60 obj_cooja/mtype502.a(serial-line.o)
                                         0x78 (size before relaxing)
 .eh_frame      0x0000000000028c80      0x180 obj_cooja/mtype502.a(list.o)
                                        0x198 (size before relaxing)
 .eh_frame      0x0000000000028e00       0xa0 obj_cooja/mtype502.a(ringbuf.o)
                                         0xb8 (size before relaxing)
 .eh_frame      0x0000000000028ea0      0x350 obj_cooja/mtype502.a(sicslowpan.o)
                                        0x368 (size before relaxing)
 .eh_frame      0x00000000000291f0      0x180 obj_cooja/mtype502.a(uip-ds6-nbr.o)
                                        0x198 (size before relaxing)
 .eh_frame      0x0000000000029370      0x3c8 obj_cooja/mtype502.a(uip-ds6.o)
                                        0x3e0 (size before relaxing)
 .eh_frame      0x0000000000029738      0x27c obj_cooja/mtype502.a(uip6.o)
                                        0x294 (size before relaxing)
 .eh_frame      0x00000000000299b4      0x270 obj_cooja/mtype502.a(tcpip.o)
                                        0x288 (size before relaxing)
 .eh_frame      0x0000000000029c24       0x48 obj_cooja/mtype502.a(uip-debug.o)
                                         0x60 (size before relaxing)
 .eh_frame      0x0000000000029c6c       0xe0 obj_cooja/mtype502.a(uip-packetqueue)
                                         0xf8 (size before relaxing)
 .eh_frame      0x0000000000029d4c      0x74c obj_cooja/mtype502.a(rpl-dag.o)
                                        0x764 (size before relaxing)
 .eh_frame      0x000000000002a498      0x10c obj_cooja/mtype502.a(rpl-ext-header.)
                                        0x124 (size before relaxing)
 .eh_frame      0x000000000002a5a4      0x2b8 obj_cooja/mtype502.a(rpl-icmp6.o)
                                        0x2d0 (size before relaxing)
 .eh_frame      0x000000000002a85c       0xe0 obj_cooja/mtype502.a(rpl-ltmax.o)
                                         0xf8 (size before relaxing)
 .eh_frame      0x000000000002a93c      0x20c obj_cooja/mtype502.a(rpl-timers.o)
                                        0x224 (size before relaxing)
 .eh_frame      0x000000000002ab48      0x148 obj_cooja/mtype502.a(rpl.o)
                                        0x160 (size before relaxing)
 .eh_frame      0x000000000002ac90      0x108 obj_cooja/mtype502.a(framer-802154.o)
                                        0x120 (size before relaxing)
 .eh_frame      0x000000000002ad98       0xc0 obj_cooja/mtype502.a(nullmac.o)
                                         0xd8 (size before relaxing)
 .eh_frame      0x000000000002ae58      0x2bc obj_cooja/mtype502.a(cxmac.o)
                                        0x2d4 (size before relaxing)
 .eh_frame      0x000000000002b114       0x80 obj_cooja/mtype502.a(linkaddr.o)
                                         0x98 (size before relaxing)
 .eh_frame      0x000000000002b194      0x2cc obj_cooja/mtype502.a(nbr-table.o)
                                        0x2e4 (size before relaxing)
 .eh_frame      0x000000000002b460       0x20 obj_cooja/mtype502.a(netstack.o)
                                         0x38 (size before relaxing)
 .eh_frame      0x000000000002b480      0x214 obj_cooja/mtype502.a(packetbuf.o)
                                        0x22c (size before relaxing)
 .eh_frame      0x000000000002b694      0x1a0 obj_cooja/mtype502.a(queuebuf.o)
                                        0x1b8 (size before relaxing)
 .eh_frame      0x000000000002b834       0x80 obj_cooja/mtype502.a(nullsec.o)
                                         0x98 (size before relaxing)
 .eh_frame      0x000000000002b8b4       0xa0 obj_cooja/mtype502.a(watchdog.o)
                                         0xb8 (size before relaxing)
 .eh_frame      0x000000000002b954       0xc4 obj_cooja/mtype502.a(stimer.o)
                                         0xdc (size before relaxing)
 .eh_frame      0x000000000002ba18       0xa0 obj_cooja/mtype502.a(memb.o)
                                         0xb8 (size before relaxing)
 .eh_frame      0x000000000002bab8      0x2a0 obj_cooja/mtype502.a(uip-ds6-route.o)
                                        0x2b8 (size before relaxing)
 .eh_frame      0x000000000002bd58      0x164 obj_cooja/mtype502.a(uip-icmp6.o)
                                        0x17c (size before relaxing)
 .eh_frame      0x000000000002bebc       0x68 obj_cooja/mtype502.a(uip-nd6.o)
                                         0x80 (size before relaxing)
 .eh_frame      0x000000000002bf24       0xc0 obj_cooja/mtype502.a(rpl-nbr-policy.)
                                         0xd8 (size before relaxing)
 .eh_frame      0x000000000002bfe4      0x164 obj_cooja/mtype502.a(frame802154.o)
                                        0x17c (size before relaxing)
 .eh_frame      0x000000000002c148       0x20 obj_cooja/mtype502.a(mac.o)
                                         0x38 (size before relaxing)
 .eh_frame      0x000000000002c168        0x4 /usr/lib/gcc/i686-linux-gnu/4.8/crtendS.o

.gcc_except_table
 *(.gcc_except_table .gcc_except_table.*)

.exception_ranges
 *(.exception_ranges .exception_ranges*)
                0x000000000002c16c                . = (ALIGN (0x1000) - ((0x1000 - .) & 0xfff))
                0x000000000002def8                . = DATA_SEGMENT_ALIGN (0x1000, 0x1000)

.eh_frame
 *(.eh_frame)

.gcc_except_table
 *(.gcc_except_table .gcc_except_table.*)

.exception_ranges
 *(.exception_ranges .exception_ranges*)

.tdata
 *(.tdata .tdata.* .gnu.linkonce.td.*)

.tbss
 *(.tbss .tbss.* .gnu.linkonce.tb.*)
 *(.tcommon)

.preinit_array
 *(.preinit_array)

.init_array     0x000000000002def8        0x4
 *(SORT(.init_array.*) SORT(.ctors.*))
 *(.init_array EXCLUDE_FILE(*crtend?.o *crtend.o *crtbegin?.o *crtbegin.o) .ctors)
 .init_array    0x000000000002def8        0x4 /usr/lib/gcc/i686-linux-gnu/4.8/crtbeginS.o

.fini_array     0x000000000002defc        0x4
 *(SORT(.fini_array.*) SORT(.dtors.*))
 *(.fini_array EXCLUDE_FILE(*crtend?.o *crtend.o *crtbegin?.o *crtbegin.o) .dtors)
 .fini_array    0x000000000002defc        0x4 /usr/lib/gcc/i686-linux-gnu/4.8/crtbeginS.o

.ctors
 *crtbegin.o(.ctors)
 *crtbegin?.o(.ctors)
 *(EXCLUDE_FILE(*crtend?.o *crtend.o) .ctors)
 *(SORT(.ctors.*))
 *(.ctors)

.dtors
 *crtbegin.o(.dtors)
 *crtbegin?.o(.dtors)
 *(EXCLUDE_FILE(*crtend?.o *crtend.o) .dtors)
 *(SORT(.dtors.*))
 *(.dtors)

.jcr            0x000000000002df00        0x4
 *(.jcr)
 .jcr           0x000000000002df00        0x0 /usr/lib/gcc/i686-linux-gnu/4.8/crtbeginS.o
 .jcr           0x000000000002df00        0x4 /usr/lib/gcc/i686-linux-gnu/4.8/crtendS.o

.data.rel.ro
 *(.data.rel.ro.local* .gnu.linkonce.d.rel.ro.local.*)
 *(.data.rel.ro .data.rel.ro.* .gnu.linkonce.d.rel.ro.*)

.dynamic        0x000000000002df04       0xe8
 *(.dynamic)
 .dynamic       0x000000000002df04       0xe8 /usr/lib/gcc/i686-linux-gnu/4.8/../../../i386-linux-gnu/crti.o
                0x000000000002df04                _DYNAMIC

.got            0x000000000002dfec       0x14
 *(.got)
 .got           0x000000000002dfec       0x14 /usr/lib/gcc/i686-linux-gnu/4.8/../../../i386-linux-gnu/crti.o
 *(.igot)
                0x000000000002eff4                . = DATA_SEGMENT_RELRO_END (., (SIZEOF (.got.plt) >= 0xc)?0xc:0x0)

.got.plt        0x000000000002e000       0x14
 *(.got.plt)
 .got.plt       0x000000000002e000       0x14 /usr/lib/gcc/i686-linux-gnu/4.8/../../../i386-linux-gnu/crti.o
                0x000000000002e000                _GLOBAL_OFFSET_TABLE_
 *(.igot.plt)

.data           0x000000000002e020      0x27a
 *(.data .data.* .gnu.linkonce.d.*)
 .data          0x000000000002e020        0x0 /usr/lib/gcc/i686-linux-gnu/4.8/../../../i386-linux-gnu/crti.o
 .data          0x000000000002e020        0x0 /usr/lib/gcc/i686-linux-gnu/4.8/crtbeginS.o
 .data.rel      0x000000000002e020        0x4 /usr/lib/gcc/i686-linux-gnu/4.8/crtbeginS.o
                0x000000000002e020                __dso_handle
 .data          0x000000000002e024       0x10 udp-server.co
                0x000000000002e024                udp_server_process
 *fill*         0x000000000002e034        0xc 
 .data          0x000000000002e040       0x44 obj_cooja/mtype502.o
                0x000000000002e040                simInterfaces
                0x000000000002e074                sensors
 .data          0x000000000002e084        0x0 obj_cooja/mtype502.a(simEnvChange.o)
 .data          0x000000000002e084        0x0 obj_cooja/mtype502.a(cooja_mt.o)
 .data          0x000000000002e084        0x0 obj_cooja/mtype502.a(cooja_mtarch.o)
 .data          0x000000000002e084        0x0 obj_cooja/mtype502.a(rtimer-arch.o)
 .data          0x000000000002e084        0x0 obj_cooja/mtype502.a(beep.o)
 .data          0x000000000002e084        0x0 obj_cooja/mtype502.a(button-sensor.o)
 .data          0x000000000002e084        0x0 obj_cooja/mtype502.a(leds-arch.o)
 .data          0x000000000002e084        0x0 obj_cooja/mtype502.a(moteid.o)
 .data          0x000000000002e084        0x0 obj_cooja/mtype502.a(pir-sensor.o)
 .data          0x000000000002e084        0x0 obj_cooja/mtype502.a(rs232.o)
 .data          0x000000000002e084        0x0 obj_cooja/mtype502.a(vib-sensor.o)
 .data          0x000000000002e084        0x0 obj_cooja/mtype502.a(clock.o)
 .data          0x000000000002e084        0x0 obj_cooja/mtype502.a(log.o)
 .data          0x000000000002e084        0x0 obj_cooja/mtype502.a(cfs-cooja.o)
 .data          0x000000000002e084       0x40 obj_cooja/mtype502.a(cooja-radio.o)
                0x000000000002e084                simRadioChannelLR
                0x000000000002e088                simRadioHWOnLR
                0x000000000002e08c                simSignalStrengthLR
                0x000000000002e090                simLastSignalStrengthLR
                0x000000000002e094                simPowerLR
                0x000000000002e098                simLQILR
                0x000000000002e09c                simRadioChannel
                0x000000000002e0a0                simRadioHWOn
                0x000000000002e0a4                simSignalStrength
                0x000000000002e0a8                simLastSignalStrength
                0x000000000002e0ac                simPower
                0x000000000002e0b0                simLQI
                0x000000000002e0b4                cooja_radio_process
 .data          0x000000000002e0c4        0x0 obj_cooja/mtype502.a(eeprom.o)
 .data          0x000000000002e0c4        0x0 obj_cooja/mtype502.a(random.o)
 .data          0x000000000002e0c4       0x10 obj_cooja/mtype502.a(sensors.o)
                0x000000000002e0c4                sensors_process
 .data          0x000000000002e0d4       0x28 obj_cooja/mtype502.a(dual_conf.o)
                0x000000000002e0d4                radio_received
                0x000000000002e0d8                dual_dio_broadcast
                0x000000000002e0e8                dual_dis_broadcast
 .data          0x000000000002e0fc        0x0 obj_cooja/mtype502.a(autostart.o)
 .data          0x000000000002e0fc       0x14 obj_cooja/mtype502.a(ctimer.o)
                0x000000000002e100                ctimer_process
 .data          0x000000000002e110       0x10 obj_cooja/mtype502.a(etimer.o)
                0x000000000002e110                etimer_process
 .data          0x000000000002e120        0x0 obj_cooja/mtype502.a(log_message.o)
 .data          0x000000000002e120        0x0 obj_cooja/mtype502.a(process.o)
 .data          0x000000000002e120        0x0 obj_cooja/mtype502.a(residual.o)
 .data          0x000000000002e120        0x0 obj_cooja/mtype502.a(rtimer.o)
 .data          0x000000000002e120        0x0 obj_cooja/mtype502.a(timer.o)
 .data          0x000000000002e120       0x10 obj_cooja/mtype502.a(serial-line.o)
                0x000000000002e120                serial_line_process
 .data          0x000000000002e130        0x0 obj_cooja/mtype502.a(list.o)
 .data          0x000000000002e130        0x0 obj_cooja/mtype502.a(ringbuf.o)
 .data          0x000000000002e130        0x0 obj_cooja/mtype502.a(sicslowpan.o)
 .data          0x000000000002e130       0x14 obj_cooja/mtype502.a(uip-ds6-nbr.o)
                0x000000000002e140                ds6_neighbors
 .data          0x000000000002e144        0x0 obj_cooja/mtype502.a(uip-ds6.o)
 .data          0x000000000002e144        0x0 obj_cooja/mtype502.a(uip6.o)
 .data          0x000000000002e144       0x10 obj_cooja/mtype502.a(tcpip.o)
                0x000000000002e144                tcpip_process
 .data          0x000000000002e154        0x0 obj_cooja/mtype502.a(uip-debug.o)
 .data          0x000000000002e154        0xc obj_cooja/mtype502.a(uip-packetqueue)
 .data          0x000000000002e160       0x28 obj_cooja/mtype502.a(rpl-dag.o)
                0x000000000002e170                rpl_parents
                0x000000000002e184                rpl_children
 .data          0x000000000002e188        0x0 obj_cooja/mtype502.a(rpl-ext-header.)
 .data          0x000000000002e188       0x34 obj_cooja/mtype502.a(rpl-icmp6.o)
 .data          0x000000000002e1bc       0x1c obj_cooja/mtype502.a(rpl-ltmax.o)
                0x000000000002e1bc                rpl_ltmax_of
 .data          0x000000000002e1d8        0x0 obj_cooja/mtype502.a(rpl-timers.o)
 .data          0x000000000002e1d8        0x0 obj_cooja/mtype502.a(rpl.o)
 .data          0x000000000002e1d8        0x0 obj_cooja/mtype502.a(framer-802154.o)
 .data          0x000000000002e1d8        0x0 obj_cooja/mtype502.a(nullmac.o)
 .data          0x000000000002e1d8       0x30 obj_cooja/mtype502.a(cxmac.o)
                0x000000000002e1d8                cxmac_config
                0x000000000002e1e8                strobe_wait
 .data          0x000000000002e208        0x0 obj_cooja/mtype502.a(linkaddr.o)
 .data          0x000000000002e208       0x10 obj_cooja/mtype502.a(nbr-table.o)
 .data          0x000000000002e218        0x0 obj_cooja/mtype502.a(netstack.o)
 .data          0x000000000002e218        0x4 obj_cooja/mtype502.a(packetbuf.o)
 .data          0x000000000002e21c       0x18 obj_cooja/mtype502.a(queuebuf.o)
 .data          0x000000000002e234        0x0 obj_cooja/mtype502.a(nullsec.o)
 .data          0x000000000002e234        0x0 obj_cooja/mtype502.a(watchdog.o)
 .data          0x000000000002e234        0x0 obj_cooja/mtype502.a(rimestats.o)
 .data          0x000000000002e234        0x0 obj_cooja/mtype502.a(stimer.o)
 .data          0x000000000002e234        0x0 obj_cooja/mtype502.a(memb.o)
 .data          0x000000000002e234       0x44 obj_cooja/mtype502.a(uip-ds6-route.o)
                0x000000000002e244                nbr_routes
 .data          0x000000000002e278       0x20 obj_cooja/mtype502.a(uip-icmp6.o)
 .data          0x000000000002e298        0x0 obj_cooja/mtype502.a(uip-nd6.o)
 .data          0x000000000002e298        0x0 obj_cooja/mtype502.a(rpl-nbr-policy.)
 .data          0x000000000002e298        0x2 obj_cooja/mtype502.a(frame802154.o)
 .data          0x000000000002e29a        0x0 obj_cooja/mtype502.a(mac.o)
 .data          0x000000000002e29a        0x0 /usr/lib/gcc/i686-linux-gnu/4.8/crtendS.o
 .data          0x000000000002e29a        0x0 /usr/lib/gcc/i686-linux-gnu/4.8/../../../i386-linux-gnu/crtn.o

.tm_clone_table
                0x000000000002e29c        0x0
 .tm_clone_table
                0x000000000002e29c        0x0 /usr/lib/gcc/i686-linux-gnu/4.8/crtbeginS.o
 .tm_clone_table
                0x000000000002e29c        0x0 /usr/lib/gcc/i686-linux-gnu/4.8/crtendS.o

.data1
 *(.data1)
                0x000000000002e29c                _edata = .
                0x000000000002e29c                PROVIDE (edata, .)
                0x000000000002e29c                . = .
                0x000000000002e29c                __bss_start = .

.bss            0x000000000002e2a0     0x8288
 *(.dynbss)
 .dynbss        0x0000000000000000        0x0 /usr/lib/gcc/i686-linux-gnu/4.8/../../../i386-linux-gnu/crti.o
 *(.bss .bss.* .gnu.linkonce.b.*)
 .bss           0x000000000002e2a0        0x0 /usr/lib/gcc/i686-linux-gnu/4.8/../../../i386-linux-gnu/crti.o
 .bss           0x000000000002e2a0        0x1 /usr/lib/gcc/i686-linux-gnu/4.8/crtbeginS.o
 *fill*         0x000000000002e2a1        0x3 
 .bss           0x000000000002e2a4        0x8 udp-server.co
                0x000000000002e2a4                my_weight
 *fill*         0x000000000002e2ac       0x14 
 .bss           0x000000000002e2c0     0x2030 obj_cooja/mtype502.o
 .bss           0x00000000000302f0        0x1 obj_cooja/mtype502.a(simEnvChange.o)
                0x00000000000302f0                simDontFallAsleep
 *fill*         0x00000000000302f1        0x3 
 .bss           0x00000000000302f4        0x4 obj_cooja/mtype502.a(cooja_mt.o)
 .bss           0x00000000000302f8        0x4 obj_cooja/mtype502.a(cooja_mtarch.o)
 .bss           0x00000000000302fc        0xc obj_cooja/mtype502.a(rtimer-arch.o)
 .bss           0x0000000000030308        0x0 obj_cooja/mtype502.a(beep.o)
 .bss           0x0000000000030308        0x8 obj_cooja/mtype502.a(button-sensor.o)
 .bss           0x0000000000030310        0x0 obj_cooja/mtype502.a(leds-arch.o)
 .bss           0x0000000000030310        0x0 obj_cooja/mtype502.a(moteid.o)
 .bss           0x0000000000030310        0x1 obj_cooja/mtype502.a(pir-sensor.o)
                0x0000000000030310                simPirValue
 *fill*         0x0000000000030311        0x3 
 .bss           0x0000000000030314        0x4 obj_cooja/mtype502.a(rs232.o)
 .bss           0x0000000000030318        0x1 obj_cooja/mtype502.a(vib-sensor.o)
                0x0000000000030318                simVibValue
 .bss           0x0000000000030319        0x0 obj_cooja/mtype502.a(clock.o)
 *fill*         0x0000000000030319        0x7 
 .bss           0x0000000000030320      0x420 obj_cooja/mtype502.a(log.o)
 .bss           0x0000000000030740      0xfc0 obj_cooja/mtype502.a(cfs-cooja.o)
                0x0000000000030740                simCFSData
                0x00000000000316e0                simCFSSize
                0x00000000000316e4                simCFSChanged
                0x00000000000316e8                simCFSRead
                0x00000000000316ec                simCFSWritten
 .bss           0x0000000000031700       0x24 obj_cooja/mtype502.a(cooja-radio.o)
                0x0000000000031700                simReceivingLR
                0x0000000000031704                simInSizeLR
                0x0000000000031708                simOutSizeLR
                0x000000000003170c                simReceiving
                0x0000000000031710                simInSize
                0x0000000000031714                simOutSize
                0x0000000000031718                LongRangeTransmit
                0x000000000003171c                LongRangeReceiving
 .bss           0x0000000000031724        0xc obj_cooja/mtype502.a(eeprom.o)
                0x0000000000031724                simEEPROMChanged
                0x0000000000031728                simEEPROMRead
                0x000000000003172c                simEEPROMWritten
 .bss           0x0000000000031730        0x0 obj_cooja/mtype502.a(random.o)
 .bss           0x0000000000031730        0xc obj_cooja/mtype502.a(sensors.o)
 .bss           0x000000000003173c       0x28 obj_cooja/mtype502.a(dual_conf.o)
                0x000000000003173c                long_range_radio
 .bss           0x0000000000031764        0x0 obj_cooja/mtype502.a(autostart.o)
 .bss           0x0000000000031764        0x5 obj_cooja/mtype502.a(ctimer.o)
 *fill*         0x0000000000031769        0x3 
 .bss           0x000000000003176c        0x8 obj_cooja/mtype502.a(etimer.o)
 .bss           0x0000000000031774        0x0 obj_cooja/mtype502.a(log_message.o)
 *fill*         0x0000000000031774        0xc 
 .bss           0x0000000000031780      0x1b1 obj_cooja/mtype502.a(process.o)
                0x0000000000031780                process_list
                0x0000000000031784                process_current
 .bss           0x0000000000031931        0x0 obj_cooja/mtype502.a(residual.o)
 *fill*         0x0000000000031931        0x3 
 .bss           0x0000000000031934        0x4 obj_cooja/mtype502.a(rtimer.o)
 .bss           0x0000000000031938        0x0 obj_cooja/mtype502.a(timer.o)
 *fill*         0x0000000000031938        0x8 
 .bss           0x0000000000031940      0x140 obj_cooja/mtype502.a(serial-line.o)
 .bss           0x0000000000031a80        0x0 obj_cooja/mtype502.a(list.o)
 .bss           0x0000000000031a80        0x0 obj_cooja/mtype502.a(ringbuf.o)
 .bss           0x0000000000031a80      0x70c obj_cooja/mtype502.a(sicslowpan.o)
 *fill*         0x000000000003218c       0x14 
 .bss           0x00000000000321a0       0xc0 obj_cooja/mtype502.a(uip-ds6-nbr.o)
 .bss           0x0000000000032260       0x30 obj_cooja/mtype502.a(uip-ds6.o)
 .bss           0x0000000000032290        0xe obj_cooja/mtype502.a(uip6.o)
                0x0000000000032290                uip_ext_bitmap
                0x0000000000032291                uip_ext_len
                0x0000000000032292                uip_ext_opt_offset
 *fill*         0x000000000003229e        0x2 
 .bss           0x00000000000322a0       0x6b obj_cooja/mtype502.a(tcpip.o)
 .bss           0x000000000003230b        0x0 obj_cooja/mtype502.a(uip-debug.o)
 *fill*         0x000000000003230b       0x15 
 .bss           0x0000000000032320      0xcf8 obj_cooja/mtype502.a(uip-packetqueue)
 *fill*         0x0000000000033018        0x8 
 .bss           0x0000000000033020       0x88 obj_cooja/mtype502.a(rpl-dag.o)
 .bss           0x00000000000330a8        0x0 obj_cooja/mtype502.a(rpl-ext-header.)
 .bss           0x00000000000330a8        0x0 obj_cooja/mtype502.a(rpl-icmp6.o)
 .bss           0x00000000000330a8        0x0 obj_cooja/mtype502.a(rpl-ltmax.o)
 *fill*         0x00000000000330a8       0x18 
 .bss           0x00000000000330c0       0x23 obj_cooja/mtype502.a(rpl-timers.o)
 *fill*         0x00000000000330e3        0x1 
 .bss           0x00000000000330e4        0x4 obj_cooja/mtype502.a(rpl.o)
 .bss           0x00000000000330e8        0x2 obj_cooja/mtype502.a(framer-802154.o)
 .bss           0x00000000000330ea        0x0 obj_cooja/mtype502.a(nullmac.o)
 *fill*         0x00000000000330ea       0x16 
 .bss           0x0000000000033100       0xb0 obj_cooja/mtype502.a(cxmac.o)
 .bss           0x00000000000331b0        0x0 obj_cooja/mtype502.a(linkaddr.o)
 *fill*         0x00000000000331b0       0x10 
 .bss           0x00000000000331c0       0xc4 obj_cooja/mtype502.a(nbr-table.o)
 .bss           0x0000000000033284        0x0 obj_cooja/mtype502.a(netstack.o)
 *fill*         0x0000000000033284       0x1c 
 .bss           0x00000000000332a0       0xa0 obj_cooja/mtype502.a(packetbuf.o)
 .bss           0x0000000000033340      0xb80 obj_cooja/mtype502.a(queuebuf.o)
 .bss           0x0000000000033ec0        0x0 obj_cooja/mtype502.a(nullsec.o)
 .bss           0x0000000000033ec0        0x0 obj_cooja/mtype502.a(watchdog.o)
 .bss           0x0000000000033ec0        0x0 obj_cooja/mtype502.a(rimestats.o)
 .bss           0x0000000000033ec0        0x0 obj_cooja/mtype502.a(stimer.o)
 .bss           0x0000000000033ec0        0x0 obj_cooja/mtype502.a(memb.o)
 .bss           0x0000000000033ec0      0x4a8 obj_cooja/mtype502.a(uip-ds6-route.o)
 .bss           0x0000000000034368       0x18 obj_cooja/mtype502.a(uip-icmp6.o)
 .bss           0x0000000000034380        0x0 obj_cooja/mtype502.a(uip-nd6.o)
 .bss           0x0000000000034380       0x44 obj_cooja/mtype502.a(rpl-nbr-policy.)
 .bss           0x00000000000343c4        0x0 obj_cooja/mtype502.a(frame802154.o)
 .bss           0x00000000000343c4        0x0 obj_cooja/mtype502.a(mac.o)
 .bss           0x00000000000343c4        0x0 /usr/lib/gcc/i686-linux-gnu/4.8/crtendS.o
 .bss           0x00000000000343c4        0x0 /usr/lib/gcc/i686-linux-gnu/4.8/../../../i386-linux-gnu/crtn.o
 *(COMMON)
 COMMON         0x00000000000343c4        0x2 udp-server.co
                0x00000000000343c4                my_sink_reachability
                0x00000000000343c5                my_parent_number
 *fill*         0x00000000000343c6        0x2 
 COMMON         0x00000000000343c8       0x4c obj_cooja/mtype502.o
                0x00000000000343c8                dio_count
                0x00000000000343cc                dis_count
                0x00000000000343d0                collision_count
                0x00000000000343d4                transmission_count
                0x00000000000343d8                COOJA_radioRxLong
                0x00000000000343dc                control_message_count
                0x00000000000343e0                dao_count
                0x00000000000343e4                COOJA_radioTx
                0x00000000000343e8                referenceVar
                0x00000000000343ec                data_relay_count
                0x00000000000343f0                data_message_count
                0x00000000000343f4                COOJA_radioTxLong
                0x00000000000343f8                COOJA_radioRx
                0x00000000000343fc                debugfp
                0x0000000000034400                COOJA_radioOn
                0x0000000000034404                COOJA_duration
                0x0000000000034408                dio_ack_count
                0x000000000003440c                COOJA_radioOnLong
                0x0000000000034410                sensors_flags
 COMMON         0x0000000000034414        0xc obj_cooja/mtype502.a(simEnvChange.o)
                0x0000000000034414                simEtimerPending
                0x0000000000034418                simProcessRunValue
                0x000000000003441c                simNextExpirationTime
 COMMON         0x0000000000034420        0x1 obj_cooja/mtype502.a(beep.o)
                0x0000000000034420                simBeeped
 COMMON         0x0000000000034421        0x3 obj_cooja/mtype502.a(button-sensor.o)
                0x0000000000034421                simButtonIsActive
                0x0000000000034422                simButtonIsDown
                0x0000000000034423                simButtonChanged
 COMMON         0x0000000000034424        0x1 obj_cooja/mtype502.a(leds-arch.o)
                0x0000000000034424                simLedsValue
 *fill*         0x0000000000034425        0x3 
 COMMON         0x0000000000034428        0xc obj_cooja/mtype502.a(moteid.o)
                0x0000000000034428                simRandomSeed
                0x000000000003442c                simMoteIDChanged
                0x0000000000034430                simMoteID
 COMMON         0x0000000000034434        0x2 obj_cooja/mtype502.a(pir-sensor.o)
                0x0000000000034434                simPirIsActive
                0x0000000000034435                simPirChanged
 *fill*         0x0000000000034436        0xa 
 COMMON         0x0000000000034440      0x820 obj_cooja/mtype502.a(rs232.o)
                0x0000000000034440                simSerialReceivingFlag
                0x0000000000034444                simSerialReceivingLength
                0x0000000000034460                simSerialReceivingData
 COMMON         0x0000000000034c60        0x2 obj_cooja/mtype502.a(vib-sensor.o)
                0x0000000000034c60                simVibChanged
                0x0000000000034c61                simVibIsActive
 *fill*         0x0000000000034c62        0x2 
 COMMON         0x0000000000034c64        0x4 obj_cooja/mtype502.a(clock.o)
                0x0000000000034c64                simCurrentTime
 *fill*         0x0000000000034c68       0x18 
 COMMON         0x0000000000034c80      0x420 obj_cooja/mtype502.a(log.o)
                0x0000000000034c80                simLoggedLength
                0x0000000000034c84                simLoggedFlag
                0x0000000000034ca0                simLoggedData
 COMMON         0x00000000000350a0      0x240 obj_cooja/mtype502.a(cooja-radio.o)
                0x00000000000350a0                simOutDataBuffer
                0x0000000000035120                simRadioTarget
                0x0000000000035140                simInDataBufferLR
                0x00000000000351c0                simOutDataBufferLR
                0x0000000000035240                dual_duty_cycle_count
                0x0000000000035260                simInDataBuffer
 COMMON         0x00000000000352e0      0x400 obj_cooja/mtype502.a(eeprom.o)
                0x00000000000352e0                simEEPROMData
 COMMON         0x00000000000356e0        0x1 obj_cooja/mtype502.a(sensors.o)
                0x00000000000356e0                sensors_event
 *fill*         0x00000000000356e1        0x3 
 COMMON         0x00000000000356e4        0x4 obj_cooja/mtype502.a(log_message.o)
                0x00000000000356e4                log_fp
 COMMON         0x00000000000356e8        0x1 obj_cooja/mtype502.a(serial-line.o)
                0x00000000000356e8                serial_line_event_message
 *fill*         0x00000000000356e9       0x17 
 COMMON         0x0000000000035700       0x50 obj_cooja/mtype502.a(uip-ds6-nbr.o)
                0x0000000000035700                ds6_lr_addrmap
 *fill*         0x0000000000035750       0x10 
 COMMON         0x0000000000035760      0x298 obj_cooja/mtype502.a(uip-ds6.o)
                0x0000000000035760                uip_ds6_prefix_list
                0x00000000000357c0                uip_ds6_timer_periodic
                0x00000000000357d0                uip_ds6_netif_addr_list_offset
                0x00000000000357e0                uip_ds6_if
                0x00000000000358d8                uip_ds6_timer_ra
                0x00000000000358e0                uip_ds6_addr_size
                0x0000000000035900                long_uip_ds6_if
 *fill*         0x00000000000359f8        0x8 
 COMMON         0x0000000000035a00      0x8ec obj_cooja/mtype502.a(uip6.o)
                0x0000000000035a00                uip_slen
                0x0000000000035a02                uip_acc32
                0x0000000000035a20                uip_conns
                0x0000000000035ae0                uip_lladdr
                0x0000000000035ae8                uip_appdata
                0x0000000000035aec                uip_flags
                0x0000000000035b00                uip_aligned_buf
                0x0000000000036140                uip_listenports
                0x0000000000036150                uip_len
                0x0000000000036152                uip_long_lladdr
                0x000000000003615c                uip_sappdata
                0x0000000000036160                uip_udp_conns
                0x00000000000362e0                uip_udp_conn
                0x00000000000362e4                uip_next_hdr
                0x00000000000362e8                uip_conn
 COMMON         0x00000000000362ec        0x1 obj_cooja/mtype502.a(tcpip.o)
                0x00000000000362ec                tcpip_event
 *fill*         0x00000000000362ed       0x13 
 COMMON         0x0000000000036300      0x198 obj_cooja/mtype502.a(rpl-dag.o)
                0x0000000000036300                default_instance
                0x0000000000036320                instance_table
 COMMON         0x0000000000036498        0x2 obj_cooja/mtype502.a(rpl-ltmax.o)
                0x0000000000036498                long_duty_on
                0x0000000000036499                short_duty_on
 COMMON         0x000000000003649a       0x10 obj_cooja/mtype502.a(linkaddr.o)
                0x000000000003649a                linkaddr_node_addr
                0x00000000000364a2                long_linkaddr_node_addr
 COMMON         0x00000000000364aa       0x2e obj_cooja/mtype502.a(packetbuf.o)
                0x00000000000364aa                packetbuf_attrs
                0x00000000000364c8                packetbuf_addrs
 *fill*         0x00000000000364d8        0x8 
 COMMON         0x00000000000364e0       0x48 obj_cooja/mtype502.a(rimestats.o)
                0x00000000000364e0                rimestats
                0x0000000000036528                . = ALIGN ((. != 0x0)?0x4:0x1)
                0x0000000000036528                . = ALIGN (0x4)
                0x0000000000036528                . = SEGMENT_START ("ldata-segment", .)
                0x0000000000036528                . = ALIGN (0x4)
                0x0000000000036528                _end = .
                0x0000000000036528                PROVIDE (end, .)
                0x0000000000036528                . = DATA_SEGMENT_END (.)

.stab
 *(.stab)

.stabstr
 *(.stabstr)

.stab.excl
 *(.stab.excl)

.stab.exclstr
 *(.stab.exclstr)

.stab.index
 *(.stab.index)

.stab.indexstr
 *(.stab.indexstr)

.comment        0x0000000000000000       0x29
 *(.comment)
 .comment       0x0000000000000000       0x29 /usr/lib/gcc/i686-linux-gnu/4.8/crtbeginS.o
                                         0x2a (size before relaxing)
 .comment       0x0000000000000000       0x2a udp-server.co
 .comment       0x0000000000000000       0x2a obj_cooja/mtype502.o
 .comment       0x0000000000000000       0x2a obj_cooja/mtype502.a(simEnvChange.o)
 .comment       0x0000000000000000       0x2a obj_cooja/mtype502.a(cooja_mt.o)
 .comment       0x0000000000000000       0x2a obj_cooja/mtype502.a(cooja_mtarch.o)
 .comment       0x0000000000000000       0x2a obj_cooja/mtype502.a(rtimer-arch.o)
 .comment       0x0000000000000000       0x2a obj_cooja/mtype502.a(beep.o)
 .comment       0x0000000000000000       0x2a obj_cooja/mtype502.a(button-sensor.o)
 .comment       0x0000000000000000       0x2a obj_cooja/mtype502.a(leds-arch.o)
 .comment       0x0000000000000000       0x2a obj_cooja/mtype502.a(moteid.o)
 .comment       0x0000000000000000       0x2a obj_cooja/mtype502.a(pir-sensor.o)
 .comment       0x0000000000000000       0x2a obj_cooja/mtype502.a(rs232.o)
 .comment       0x0000000000000000       0x2a obj_cooja/mtype502.a(vib-sensor.o)
 .comment       0x0000000000000000       0x2a obj_cooja/mtype502.a(clock.o)
 .comment       0x0000000000000000       0x2a obj_cooja/mtype502.a(log.o)
 .comment       0x0000000000000000       0x2a obj_cooja/mtype502.a(cfs-cooja.o)
 .comment       0x0000000000000000       0x2a obj_cooja/mtype502.a(cooja-radio.o)
 .comment       0x0000000000000000       0x2a obj_cooja/mtype502.a(eeprom.o)
 .comment       0x0000000000000000       0x2a obj_cooja/mtype502.a(random.o)
 .comment       0x0000000000000000       0x2a obj_cooja/mtype502.a(sensors.o)
 .comment       0x0000000000000000       0x2a obj_cooja/mtype502.a(dual_conf.o)
 .comment       0x0000000000000000       0x2a obj_cooja/mtype502.a(autostart.o)
 .comment       0x0000000000000000       0x2a obj_cooja/mtype502.a(ctimer.o)
 .comment       0x0000000000000000       0x2a obj_cooja/mtype502.a(etimer.o)
 .comment       0x0000000000000000       0x2a obj_cooja/mtype502.a(log_message.o)
 .comment       0x0000000000000000       0x2a obj_cooja/mtype502.a(process.o)
 .comment       0x0000000000000000       0x2a obj_cooja/mtype502.a(residual.o)
 .comment       0x0000000000000000       0x2a obj_cooja/mtype502.a(rtimer.o)
 .comment       0x0000000000000000       0x2a obj_cooja/mtype502.a(timer.o)
 .comment       0x0000000000000000       0x2a obj_cooja/mtype502.a(serial-line.o)
 .comment       0x0000000000000000       0x2a obj_cooja/mtype502.a(list.o)
 .comment       0x0000000000000000       0x2a obj_cooja/mtype502.a(ringbuf.o)
 .comment       0x0000000000000000       0x2a obj_cooja/mtype502.a(sicslowpan.o)
 .comment       0x0000000000000000       0x2a obj_cooja/mtype502.a(uip-ds6-nbr.o)
 .comment       0x0000000000000000       0x2a obj_cooja/mtype502.a(uip-ds6.o)
 .comment       0x0000000000000000       0x2a obj_cooja/mtype502.a(uip6.o)
 .comment       0x0000000000000000       0x2a obj_cooja/mtype502.a(tcpip.o)
 .comment       0x0000000000000000       0x2a obj_cooja/mtype502.a(uip-debug.o)
 .comment       0x0000000000000000       0x2a obj_cooja/mtype502.a(uip-packetqueue)
 .comment       0x0000000000000000       0x2a obj_cooja/mtype502.a(rpl-dag.o)
 .comment       0x0000000000000000       0x2a obj_cooja/mtype502.a(rpl-ext-header.)
 .comment       0x0000000000000000       0x2a obj_cooja/mtype502.a(rpl-icmp6.o)
 .comment       0x0000000000000000       0x2a obj_cooja/mtype502.a(rpl-ltmax.o)
 .comment       0x0000000000000000       0x2a obj_cooja/mtype502.a(rpl-timers.o)
 .comment       0x0000000000000000       0x2a obj_cooja/mtype502.a(rpl.o)
 .comment       0x0000000000000000       0x2a obj_cooja/mtype502.a(framer-802154.o)
 .comment       0x0000000000000000       0x2a obj_cooja/mtype502.a(nullmac.o)
 .comment       0x0000000000000000       0x2a obj_cooja/mtype502.a(cxmac.o)
 .comment       0x0000000000000000       0x2a obj_cooja/mtype502.a(linkaddr.o)
 .comment       0x0000000000000000       0x2a obj_cooja/mtype502.a(nbr-table.o)
 .comment       0x0000000000000000       0x2a obj_cooja/mtype502.a(netstack.o)
 .comment       0x0000000000000000       0x2a obj_cooja/mtype502.a(packetbuf.o)
 .comment       0x0000000000000000       0x2a obj_cooja/mtype502.a(queuebuf.o)
 .comment       0x0000000000000000       0x2a obj_cooja/mtype502.a(nullsec.o)
 .comment       0x0000000000000000       0x2a obj_cooja/mtype502.a(watchdog.o)
 .comment       0x0000000000000000       0x2a obj_cooja/mtype502.a(rimestats.o)
 .comment       0x0000000000000000       0x2a obj_cooja/mtype502.a(stimer.o)
 .comment       0x0000000000000000       0x2a obj_cooja/mtype502.a(memb.o)
 .comment       0x0000000000000000       0x2a obj_cooja/mtype502.a(uip-ds6-route.o)
 .comment       0x0000000000000000       0x2a obj_cooja/mtype502.a(uip-icmp6.o)
 .comment       0x0000000000000000       0x2a obj_cooja/mtype502.a(uip-nd6.o)
 .comment       0x0000000000000000       0x2a obj_cooja/mtype502.a(rpl-nbr-policy.)
 .comment       0x0000000000000000       0x2a obj_cooja/mtype502.a(frame802154.o)
 .comment       0x0000000000000000       0x2a obj_cooja/mtype502.a(mac.o)
 .comment       0x0000000000000000       0x2a /usr/lib/gcc/i686-linux-gnu/4.8/crtendS.o

.debug
 *(.debug)

.line
 *(.line)

.debug_srcinfo
 *(.debug_srcinfo)

.debug_sfnames
 *(.debug_sfnames)

.debug_aranges  0x0000000000000000      0x7f8
 *(.debug_aranges)
 .debug_aranges
                0x0000000000000000       0x20 udp-server.co
 .debug_aranges
                0x0000000000000020       0x20 obj_cooja/mtype502.o
 .debug_aranges
                0x0000000000000040       0x20 obj_cooja/mtype502.a(simEnvChange.o)
 .debug_aranges
                0x0000000000000060       0x20 obj_cooja/mtype502.a(cooja_mt.o)
 .debug_aranges
                0x0000000000000080       0x20 obj_cooja/mtype502.a(cooja_mtarch.o)
 .debug_aranges
                0x00000000000000a0       0x20 obj_cooja/mtype502.a(rtimer-arch.o)
 .debug_aranges
                0x00000000000000c0       0x20 obj_cooja/mtype502.a(beep.o)
 .debug_aranges
                0x00000000000000e0       0x20 obj_cooja/mtype502.a(button-sensor.o)
 .debug_aranges
                0x0000000000000100       0x20 obj_cooja/mtype502.a(leds-arch.o)
 .debug_aranges
                0x0000000000000120       0x20 obj_cooja/mtype502.a(moteid.o)
 .debug_aranges
                0x0000000000000140       0x20 obj_cooja/mtype502.a(pir-sensor.o)
 .debug_aranges
                0x0000000000000160       0x20 obj_cooja/mtype502.a(rs232.o)
 .debug_aranges
                0x0000000000000180       0x20 obj_cooja/mtype502.a(vib-sensor.o)
 .debug_aranges
                0x00000000000001a0       0x20 obj_cooja/mtype502.a(clock.o)
 .debug_aranges
                0x00000000000001c0       0x20 obj_cooja/mtype502.a(log.o)
 .debug_aranges
                0x00000000000001e0       0x20 obj_cooja/mtype502.a(cfs-cooja.o)
 .debug_aranges
                0x0000000000000200       0x20 obj_cooja/mtype502.a(cooja-radio.o)
 .debug_aranges
                0x0000000000000220       0x20 obj_cooja/mtype502.a(eeprom.o)
 .debug_aranges
                0x0000000000000240       0x20 obj_cooja/mtype502.a(random.o)
 .debug_aranges
                0x0000000000000260       0x20 obj_cooja/mtype502.a(sensors.o)
 .debug_aranges
                0x0000000000000280       0x20 obj_cooja/mtype502.a(dual_conf.o)
 .debug_aranges
                0x00000000000002a0       0x20 obj_cooja/mtype502.a(autostart.o)
 .debug_aranges
                0x00000000000002c0       0x20 obj_cooja/mtype502.a(ctimer.o)
 .debug_aranges
                0x00000000000002e0       0x20 obj_cooja/mtype502.a(etimer.o)
 .debug_aranges
                0x0000000000000300       0x20 obj_cooja/mtype502.a(log_message.o)
 .debug_aranges
                0x0000000000000320       0x20 obj_cooja/mtype502.a(process.o)
 .debug_aranges
                0x0000000000000340       0x20 obj_cooja/mtype502.a(residual.o)
 .debug_aranges
                0x0000000000000360       0x20 obj_cooja/mtype502.a(rtimer.o)
 .debug_aranges
                0x0000000000000380       0x20 obj_cooja/mtype502.a(timer.o)
 .debug_aranges
                0x00000000000003a0       0x20 obj_cooja/mtype502.a(serial-line.o)
 .debug_aranges
                0x00000000000003c0       0x20 obj_cooja/mtype502.a(list.o)
 .debug_aranges
                0x00000000000003e0       0x20 obj_cooja/mtype502.a(ringbuf.o)
 .debug_aranges
                0x0000000000000400       0x20 obj_cooja/mtype502.a(sicslowpan.o)
 .debug_aranges
                0x0000000000000420       0x20 obj_cooja/mtype502.a(uip-ds6-nbr.o)
 .debug_aranges
                0x0000000000000440       0x20 obj_cooja/mtype502.a(uip-ds6.o)
 .debug_aranges
                0x0000000000000460       0x20 obj_cooja/mtype502.a(uip6.o)
 .debug_aranges
                0x0000000000000480       0x20 obj_cooja/mtype502.a(tcpip.o)
 .debug_aranges
                0x00000000000004a0       0x20 obj_cooja/mtype502.a(uip-debug.o)
 .debug_aranges
                0x00000000000004c0       0x20 obj_cooja/mtype502.a(uip-packetqueue)
 .debug_aranges
                0x00000000000004e0       0x20 obj_cooja/mtype502.a(rpl-dag.o)
 .debug_aranges
                0x0000000000000500       0x20 obj_cooja/mtype502.a(rpl-ext-header.)
 .debug_aranges
                0x0000000000000520       0x20 obj_cooja/mtype502.a(rpl-icmp6.o)
 .debug_aranges
                0x0000000000000540       0x20 obj_cooja/mtype502.a(rpl-ltmax.o)
 .debug_aranges
                0x0000000000000560       0x20 obj_cooja/mtype502.a(rpl-timers.o)
 .debug_aranges
                0x0000000000000580       0x20 obj_cooja/mtype502.a(rpl.o)
 .debug_aranges
                0x00000000000005a0       0x20 obj_cooja/mtype502.a(framer-802154.o)
 .debug_aranges
                0x00000000000005c0       0x20 obj_cooja/mtype502.a(nullmac.o)
 .debug_aranges
                0x00000000000005e0       0x20 obj_cooja/mtype502.a(cxmac.o)
 .debug_aranges
                0x0000000000000600       0x20 obj_cooja/mtype502.a(linkaddr.o)
 .debug_aranges
                0x0000000000000620       0x20 obj_cooja/mtype502.a(nbr-table.o)
 .debug_aranges
                0x0000000000000640       0x20 obj_cooja/mtype502.a(netstack.o)
 .debug_aranges
                0x0000000000000660       0x20 obj_cooja/mtype502.a(packetbuf.o)
 .debug_aranges
                0x0000000000000680       0x20 obj_cooja/mtype502.a(queuebuf.o)
 .debug_aranges
                0x00000000000006a0       0x20 obj_cooja/mtype502.a(nullsec.o)
 .debug_aranges
                0x00000000000006c0       0x20 obj_cooja/mtype502.a(watchdog.o)
 .debug_aranges
                0x00000000000006e0       0x18 obj_cooja/mtype502.a(rimestats.o)
 .debug_aranges
                0x00000000000006f8       0x20 obj_cooja/mtype502.a(stimer.o)
 .debug_aranges
                0x0000000000000718       0x20 obj_cooja/mtype502.a(memb.o)
 .debug_aranges
                0x0000000000000738       0x20 obj_cooja/mtype502.a(uip-ds6-route.o)
 .debug_aranges
                0x0000000000000758       0x20 obj_cooja/mtype502.a(uip-icmp6.o)
 .debug_aranges
                0x0000000000000778       0x20 obj_cooja/mtype502.a(uip-nd6.o)
 .debug_aranges
                0x0000000000000798       0x20 obj_cooja/mtype502.a(rpl-nbr-policy.)
 .debug_aranges
                0x00000000000007b8       0x20 obj_cooja/mtype502.a(frame802154.o)
 .debug_aranges
                0x00000000000007d8       0x20 obj_cooja/mtype502.a(mac.o)

.debug_pubnames
 *(.debug_pubnames)

.debug_info     0x0000000000000000    0x1cf33
 *(.debug_info .gnu.linkonce.wi.*)
 .debug_info    0x0000000000000000      0xe4b udp-server.co
 .debug_info    0x0000000000000e4b     0x3ac4 obj_cooja/mtype502.o
 .debug_info    0x000000000000490f      0x15a obj_cooja/mtype502.a(simEnvChange.o)
 .debug_info    0x0000000000004a69      0x1e2 obj_cooja/mtype502.a(cooja_mt.o)
 .debug_info    0x0000000000004c4b      0x2e7 obj_cooja/mtype502.a(cooja_mtarch.o)
 .debug_info    0x0000000000004f32      0x16b obj_cooja/mtype502.a(rtimer-arch.o)
 .debug_info    0x000000000000509d      0x1f3 obj_cooja/mtype502.a(beep.o)
 .debug_info    0x0000000000005290      0x257 obj_cooja/mtype502.a(button-sensor.o)
 .debug_info    0x00000000000054e7      0x132 obj_cooja/mtype502.a(leds-arch.o)
 .debug_info    0x0000000000005619      0x10a obj_cooja/mtype502.a(moteid.o)
 .debug_info    0x0000000000005723      0x216 obj_cooja/mtype502.a(pir-sensor.o)
 .debug_info    0x0000000000005939      0x21e obj_cooja/mtype502.a(rs232.o)
 .debug_info    0x0000000000005b57      0x216 obj_cooja/mtype502.a(vib-sensor.o)
 .debug_info    0x0000000000005d6d      0x152 obj_cooja/mtype502.a(clock.o)
 .debug_info    0x0000000000005ebf      0x2bb obj_cooja/mtype502.a(log.o)
 .debug_info    0x000000000000617a      0x3cf obj_cooja/mtype502.a(cfs-cooja.o)
 .debug_info    0x0000000000006549      0xd30 obj_cooja/mtype502.a(cooja-radio.o)
 .debug_info    0x0000000000007279      0x1d5 obj_cooja/mtype502.a(eeprom.o)
 .debug_info    0x000000000000744e       0xb3 obj_cooja/mtype502.a(random.o)
 .debug_info    0x0000000000007501      0x36d obj_cooja/mtype502.a(sensors.o)
 .debug_info    0x000000000000786e      0xcac obj_cooja/mtype502.a(dual_conf.o)
 .debug_info    0x000000000000851a      0x1a5 obj_cooja/mtype502.a(autostart.o)
 .debug_info    0x00000000000086bf      0x46c obj_cooja/mtype502.a(ctimer.o)
 .debug_info    0x0000000000008b2b      0x49c obj_cooja/mtype502.a(etimer.o)
 .debug_info    0x0000000000008fc7      0x3d2 obj_cooja/mtype502.a(log_message.o)
 .debug_info    0x0000000000009399      0x4ba obj_cooja/mtype502.a(process.o)
 .debug_info    0x0000000000009853      0x164 obj_cooja/mtype502.a(residual.o)
 .debug_info    0x00000000000099b7      0x1ab obj_cooja/mtype502.a(rtimer.o)
 .debug_info    0x0000000000009b62      0x16c obj_cooja/mtype502.a(timer.o)
 .debug_info    0x0000000000009cce      0x2de obj_cooja/mtype502.a(serial-line.o)
 .debug_info    0x0000000000009fac      0x2ed obj_cooja/mtype502.a(list.o)
 .debug_info    0x000000000000a299      0x1aa obj_cooja/mtype502.a(ringbuf.o)