Archive member included to satisfy reference by file (symbol)

obj_cooja/mtype981.a(simEnvChange.o)
                              obj_cooja/mtype981.o (simDontFallAsleep)
obj_cooja/mtype981.a(cooja_mt.o)
                              obj_cooja/mtype981.o (cooja_mt_start)
obj_cooja/mtype981.a(cooja_mtarch.o)
                              obj_cooja/mtype981.a(cooja_mt.o) (cooja_mtarch_init)
obj_cooja/mtype981.a(rtimer-arch.o)
                              obj_cooja/mtype981.o (rtimer_arch_next)
obj_cooja/mtype981.a(beep.o)  obj_cooja/mtype981.o (beep_interface)
obj_cooja/mtype981.a(button-sensor.o)
                              obj_cooja/mtype981.o (button_interface)
obj_cooja/mtype981.a(leds-arch.o)
                              obj_cooja/mtype981.o (leds_interface)
obj_cooja/mtype981.a(moteid.o)
                              obj_cooja/mtype981.o (moteid_interface)
obj_cooja/mtype981.a(pir-sensor.o)
                              obj_cooja/mtype981.o (pir_interface)
obj_cooja/mtype981.a(rs232.o)
                              obj_cooja/mtype981.o (rs232_interface)
obj_cooja/mtype981.a(vib-sensor.o)
                              obj_cooja/mtype981.o (vib_interface)
obj_cooja/mtype981.a(clock.o)
                              obj_cooja/mtype981.o (clock_interface)
obj_cooja/mtype981.a(log.o)   obj_cooja/mtype981.o (simlog_interface)
obj_cooja/mtype981.a(cfs-cooja.o)
                              obj_cooja/mtype981.o (cfs_interface)
obj_cooja/mtype981.a(cooja-radio.o)
                              obj_cooja/mtype981.o (radio_interface)
obj_cooja/mtype981.a(eeprom.o)
                              obj_cooja/mtype981.o (eeprom_interface)
obj_cooja/mtype981.a(random.o)
                              obj_cooja/mtype981.a(moteid.o) (random_init)
obj_cooja/mtype981.a(sensors.o)
                              obj_cooja/mtype981.o (sensors_process)
obj_cooja/mtype981.a(dual_conf.o)
                              obj_cooja/mtype981.a(cooja-radio.o) (long_range_radio)
obj_cooja/mtype981.a(autostart.o)
                              obj_cooja/mtype981.o (autostart_start)
obj_cooja/mtype981.a(ctimer.o)
                              obj_cooja/mtype981.o (ctimer_init)
obj_cooja/mtype981.a(etimer.o)
                              obj_cooja/mtype981.o (etimer_process)
obj_cooja/mtype981.a(log_message.o)
                              obj_cooja/mtype981.o (log_initialization)
obj_cooja/mtype981.a(process.o)
                              udp-client.co (process_current)
obj_cooja/mtype981.a(residual.o)
                              udp-client.co (get_residual_energy)
obj_cooja/mtype981.a(rtimer.o)
                              obj_cooja/mtype981.a(rtimer-arch.o) (rtimer_run_next)
obj_cooja/mtype981.a(stimer.o)
                              udp-client.co (stimer_remaining)
obj_cooja/mtype981.a(timer.o)
                              obj_cooja/mtype981.a(button-sensor.o) (timer_set)
obj_cooja/mtype981.a(serial-line.o)
                              udp-client.co (serial_line_event_message)
obj_cooja/mtype981.a(list.o)  obj_cooja/mtype981.a(ctimer.o) (list_init)
obj_cooja/mtype981.a(ringbuf.o)
                              obj_cooja/mtype981.a(serial-line.o) (ringbuf_init)
obj_cooja/mtype981.a(sicslowpan.o)
                              obj_cooja/mtype981.o (sicslowpan_driver)
obj_cooja/mtype981.a(uip-ds6-nbr.o)
                              obj_cooja/mtype981.a(sicslowpan.o) (uip_ds6_link_neighbor_callback)
obj_cooja/mtype981.a(uip-ds6-route.o)
                              udp-client.co (uip_ds6_route_nexthop)
obj_cooja/mtype981.a(uip-ds6.o)
                              udp-client.co (uip_ds6_if)
obj_cooja/mtype981.a(uip6.o)  udp-client.co (uip_lladdr)
obj_cooja/mtype981.a(tcpip.o)
                              udp-client.co (tcpip_event)
obj_cooja/mtype981.a(uip-debug.o)
                              udp-client.co (uip_debug_ipaddr_print)
obj_cooja/mtype981.a(uip-packetqueue)
                              obj_cooja/mtype981.a(uip-ds6-nbr.o) (uip_packetqueue_new)
obj_cooja/mtype981.a(uip-udp-packet.)
                              udp-client.co (uip_udp_packet_sendto)
obj_cooja/mtype981.a(rpl-dag.o)
                              obj_cooja/mtype981.a(tcpip.o) (rpl_repair_root)
obj_cooja/mtype981.a(rpl-ext-header.)
                              obj_cooja/mtype981.a(uip6.o) (rpl_verify_header)
obj_cooja/mtype981.a(rpl-icmp6.o)
                              obj_cooja/mtype981.a(rpl-dag.o) (rpl_icmp6_update_nbr_table)
obj_cooja/mtype981.a(rpl-of0.o)
                              obj_cooja/mtype981.a(rpl-dag.o) (rpl_of0)
obj_cooja/mtype981.a(rpl-timers.o)
                              obj_cooja/mtype981.a(rpl-dag.o) (rpl_reset_dio_timer)
obj_cooja/mtype981.a(rpl.o)   obj_cooja/mtype981.a(rpl-icmp6.o) (rpl_get_mode)
obj_cooja/mtype981.a(framer-802154.o)
                              obj_cooja/mtype981.a(sicslowpan.o) (framer_802154)
obj_cooja/mtype981.a(nullmac.o)
                              obj_cooja/mtype981.o (nullmac_driver)
[...]
Memory Configuration

Name             Origin             Length             Attributes
*default*        0x0000000000000000 0xffffffffffffffff

Linker script and memory map

LOAD /usr/lib/gcc/i686-linux-gnu/4.8/../../../i386-linux-gnu/crti.o
LOAD /usr/lib/gcc/i686-linux-gnu/4.8/crtbeginS.o
LOAD udp-client.co
LOAD obj_cooja/mtype981.o
LOAD obj_cooja/mtype981.a
LOAD /usr/lib/gcc/i686-linux-gnu/4.8/libgcc.a
LOAD /usr/lib/gcc/i686-linux-gnu/4.8/libgcc_s.so
LOAD /usr/lib/gcc/i686-linux-gnu/4.8/../../../i386-linux-gnu/libc.so
START GROUP
LOAD /lib/i386-linux-gnu/libc.so.6
LOAD /usr/lib/i386-linux-gnu/libc_nonshared.a
LOAD /lib/i386-linux-gnu/ld-linux.so.2
END GROUP
LOAD /usr/lib/gcc/i686-linux-gnu/4.8/libgcc.a
LOAD /usr/lib/gcc/i686-linux-gnu/4.8/libgcc_s.so
LOAD /usr/lib/gcc/i686-linux-gnu/4.8/crtendS.o
LOAD /usr/lib/gcc/i686-linux-gnu/4.8/../../../i386-linux-gnu/crtn.o
                0x0000000000000114                . = (0x0 + SIZEOF_HEADERS)

.note.gnu.build-id
                0x0000000000000114       0x24
 *(.note.gnu.build-id)
 .note.gnu.build-id
                0x0000000000000114       0x24 /usr/lib/gcc/i686-linux-gnu/4.8/../../../i386-linux-gnu/crti.o

.hash
 *(.hash)

.gnu.hash       0x0000000000000138     0x137c
 *(.gnu.hash)
 .gnu.hash      0x0000000000000138     0x137c /usr/lib/gcc/i686-linux-gnu/4.8/../../../i386-linux-gnu/crti.o

.dynsym         0x00000000000014b4     0x2650
 *(.dynsym)
 .dynsym        0x00000000000014b4     0x2650 /usr/lib/gcc/i686-linux-gnu/4.8/../../../i386-linux-gnu/crti.o

.dynstr         0x0000000000003b04     0x276b
 *(.dynstr)
 .dynstr        0x0000000000003b04     0x276b /usr/lib/gcc/i686-linux-gnu/4.8/../../../i386-linux-gnu/crti.o

.gnu.version    0x0000000000006270      0x4ca
 *(.gnu.version)
 .gnu.version   0x0000000000006270      0x4ca /usr/lib/gcc/i686-linux-gnu/4.8/../../../i386-linux-gnu/crti.o

.gnu.version_d  0x000000000000673c        0x0
 *(.gnu.version_d)
 .gnu.version_d
                0x0000000000000000        0x0 /usr/lib/gcc/i686-linux-gnu/4.8/../../../i386-linux-gnu/crti.o

.gnu.version_r  0x000000000000673c       0x50
 *(.gnu.version_r)
 .gnu.version_r
                0x000000000000673c       0x50 /usr/lib/gcc/i686-linux-gnu/4.8/../../../i386-linux-gnu/crti.o

.rel.dyn        0x000000000000678c     0x9640
 *(.rel.init)
 .rel.init      0x0000000000000000        0x0 /usr/lib/gcc/i686-linux-gnu/4.8/../../../i386-linux-gnu/crti.o
 *(.rel.text .rel.text.* .rel.gnu.linkonce.t.*)
 .rel.text      0x000000000000678c     0x8ea8 /usr/lib/gcc/i686-linux-gnu/4.8/../../../i386-linux-gnu/crti.o
 *(.rel.fini)
 .rel.fini      0x0000000000000000        0x0 /usr/lib/gcc/i686-linux-gnu/4.8/../../../i386-linux-gnu/crti.o
 *(.rel.rodata .rel.rodata.* .rel.gnu.linkonce.r.*)
 .rel.rodata    0x000000000000f634      0x4e0 /usr/lib/gcc/i686-linux-gnu/4.8/../../../i386-linux-gnu/crti.o
 *(.rel.data.rel.ro .rel.data.rel.ro.* .rel.gnu.linkonce.d.rel.ro.*)
 *(.rel.data .rel.data.* .rel.gnu.linkonce.d.*)
 .rel.data.rel  0x000000000000fb14        0x8 /usr/lib/gcc/i686-linux-gnu/4.8/../../../i386-linux-gnu/crti.o
 .rel.data      0x000000000000fb1c      0x278 /usr/lib/gcc/i686-linux-gnu/4.8/../../../i386-linux-gnu/crti.o
 *(.rel.tdata .rel.tdata.* .rel.gnu.linkonce.td.*)
 *(.rel.tbss .rel.tbss.* .rel.gnu.linkonce.tb.*)
 *(.rel.ctors)
 *(.rel.dtors)
 *(.rel.got)
 .rel.got       0x000000000000fd94       0x28 /usr/lib/gcc/i686-linux-gnu/4.8/../../../i386-linux-gnu/crti.o
 *(.rel.bss .rel.bss.* .rel.gnu.linkonce.b.*)
 *(.rel.ifunc)
 .rel.ifunc     0x0000000000000000        0x0 /usr/lib/gcc/i686-linux-gnu/4.8/../../../i386-linux-gnu/crti.o
 .rel.fini_array
                0x000000000000fdbc        0x8 /usr/lib/gcc/i686-linux-gnu/4.8/../../../i386-linux-gnu/crti.o
 .rel.init_array
                0x000000000000fdc4        0x8 /usr/lib/gcc/i686-linux-gnu/4.8/../../../i386-linux-gnu/crti.o

.rel.plt        0x000000000000fdcc       0x10
 *(.rel.plt)
 .rel.plt       0x000000000000fdcc       0x10 /usr/lib/gcc/i686-linux-gnu/4.8/../../../i386-linux-gnu/crti.o
 *(.rel.iplt)

.init           0x000000000000fddc       0x23
 *(SORT(.init))
 .init          0x000000000000fddc       0x1e /usr/lib/gcc/i686-linux-gnu/4.8/../../../i386-linux-gnu/crti.o
                0x000000000000fddc                _init
 .init          0x000000000000fdfa        0x5 /usr/lib/gcc/i686-linux-gnu/4.8/../../../i386-linux-gnu/crtn.o

.plt            0x000000000000fe00       0x30
 *(.plt)
 .plt           0x000000000000fe00       0x30 /usr/lib/gcc/i686-linux-gnu/4.8/../../../i386-linux-gnu/crti.o
 *(.iplt)

.text           0x000000000000fe30    0x16c4e
 *(.text.unlikely .text.*_unlikely .text.unlikely.*)
 *(.text.exit .text.exit.*)
 *(.text.startup .text.startup.*)
 *(.text.hot .text.hot.*)
 *(.text .stub .text.* .gnu.linkonce.t.*)
 .text          0x000000000000fe30        0x0 /usr/lib/gcc/i686-linux-gnu/4.8/../../../i386-linux-gnu/crti.o
 .gnu.linkonce.t.__x86.get_pc_thunk.bx
                0x000000000000fe30        0x4 /usr/lib/gcc/i686-linux-gnu/4.8/../../../i386-linux-gnu/crti.o
                0x000000000000fe30                __x86.get_pc_thunk.bx
 *fill*         0x000000000000fe34        0xc 
 .text          0x000000000000fe40      0x11b /usr/lib/gcc/i686-linux-gnu/4.8/crtbeginS.o
 .text          0x000000000000ff5b      0x799 udp-client.co
 .text          0x00000000000106f4      0x96a obj_cooja/mtype981.o
                0x00000000000108a2                contiki_init
                0x0000000000010e75                Java_org_contikios_cooja_corecomm_Lib2_init
                0x0000000000010eb5                Java_org_contikios_cooja_corecomm_Lib2_getMemory
                0x0000000000010ef5                Java_org_contikios_cooja_corecomm_Lib2_setMemory
                0x0000000000010f6c                Java_org_contikios_cooja_corecomm_Lib2_tick
                0x000000000001104c                Java_org_contikios_cooja_corecomm_Lib2_setReferenceAddress
 .text          0x000000000001105e       0x63 obj_cooja/mtype981.a(simEnvChange.o)
                0x000000000001105e                doActionsBeforeTick
                0x000000000001108f                doActionsAfterTick
 .text          0x00000000000110c1       0xbc obj_cooja/mtype981.a(cooja_mt.o)
                0x00000000000110c1                cooja_mt_init
                0x00000000000110ce                cooja_mt_remove
                0x00000000000110db                cooja_mt_start
                0x0000000000011108                cooja_mt_exec
                0x0000000000011139                cooja_mt_exit
                0x000000000001115b                cooja_mt_yield
 .text          0x000000000001117d      0x115 obj_cooja/mtype981.a(cooja_mtarch.o)
                0x000000000001117d                cooja_mtarch_init
                0x0000000000011182                cooja_mtarch_start
                0x00000000000111fd                cooja_sw
                0x000000000001121f                cooja_mtarch_exec
                0x000000000001123b                cooja_mtarch_remove
                0x0000000000011240                cooja_mtarch_yield
                0x000000000001124a                cooja_mtarch_pstop
                0x000000000001124f                cooja_mtarch_pstart
                0x0000000000011254                cooja_mtarch_stack_usage
 .text          0x0000000000011292       0xc2 obj_cooja/mtype981.a(rtimer-arch.o)
                0x0000000000011292                rtimer_arch_init
                0x00000000000112b5                rtimer_arch_schedule
                0x00000000000112cc                rtimer_arch_next
                0x00000000000112d6                rtimer_arch_pending
                0x00000000000112e0                rtimer_arch_check
                0x0000000000011312                rtimer_arch_now
 .text          0x0000000000011354       0x76 obj_cooja/mtype981.a(beep.o)
                0x0000000000011354                beep_alarm
                0x0000000000011360                beep_beep
                0x000000000001136c                beep
                0x0000000000011378                beep_down
                0x0000000000011384                beep_on
                0x0000000000011390                beep_off
                0x000000000001139c                beep_spinup
                0x00000000000113a8                beep_quick
                0x00000000000113b4                beep_long
 .text          0x00000000000113ca      0x103 obj_cooja/mtype981.a(button-sensor.o)
 .text          0x00000000000114cd       0x45 obj_cooja/mtype981.a(leds-arch.o)
                0x00000000000114cd                leds_arch_init
                0x00000000000114d9                leds_arch_get
                0x00000000000114e5                leds_arch_set
 .text          0x0000000000011512       0x2f obj_cooja/mtype981.a(moteid.o)
 .text          0x0000000000011541       0xb1 obj_cooja/mtype981.a(pir-sensor.o)
 .text          0x00000000000115f2      0x131 obj_cooja/mtype981.a(rs232.o)
                0x00000000000115f2                rs232_init
                0x00000000000115f7                rs232_set_speed
                0x0000000000011605                rs232_set_input
                0x0000000000011612                rs232_send
                0x0000000000011634                rs232_print
                0x000000000001164f                slip_arch_writeb
 .text          0x0000000000011723       0xb1 obj_cooja/mtype981.a(vib-sensor.o)
 .text          0x00000000000117d4       0x34 obj_cooja/mtype981.a(clock.o)
                0x00000000000117d4                clock_init
                0x00000000000117d9                clock_time
                0x00000000000117e3                clock_seconds
                0x00000000000117f9                clock_delay
 .text          0x0000000000011808      0x1ed obj_cooja/mtype981.a(log.o)
                0x0000000000011808                simlog_char
                0x000000000001184a                simlog
                0x00000000000118b7                log_message
                0x00000000000118df                log_set_putchar_with_slip
                0x00000000000118ec                log_putchar
                0x0000000000011970                log_puts
                0x0000000000011994                log_printf
 .text          0x00000000000119f5      0x2c4 obj_cooja/mtype981.a(cfs-cooja.o)
                0x00000000000119f5                cfs_open
                0x0000000000011a5e                cfs_close
                0x0000000000011a6a                cfs_read
                0x0000000000011b08                cfs_write
                0x0000000000011be5                cfs_seek
                0x0000000000011c6d                cfs_remove
                0x0000000000011c96                cfs_opendir
                0x0000000000011ca0                cfs_readdir
                0x0000000000011caa                cfs_closedir
 .text          0x0000000000011cb9      0x687 obj_cooja/mtype981.a(cooja-radio.o)
                0x0000000000011ce3                radio_set_channel
                0x0000000000011cf8                radio_set_txpower
                0x0000000000011d18                radio_signal_strength_last
                0x0000000000011d22                radio_signal_strength_current
                0x0000000000011d2c                radio_LQI
 .text          0x0000000000012340       0xef obj_cooja/mtype981.a(eeprom.o)
                0x0000000000012340                eeprom_init
                0x0000000000012345                eeprom_read
                0x00000000000123b5                eeprom_write
 .text          0x000000000001242f       0x28 obj_cooja/mtype981.a(random.o)
                0x000000000001242f                random_init
                0x000000000001244a                random_rand
 .text          0x0000000000012457      0x2a1 obj_cooja/mtype981.a(sensors.o)
                0x0000000000012492                sensors_first
                0x000000000001249c                sensors_next
                0x00000000000124b9                sensors_changed
                0x00000000000124e8                sensors_find
 .text          0x00000000000126f8      0x348 obj_cooja/mtype981.a(dual_conf.o)
                0x00000000000126f8                dual_radio_switch
                0x0000000000012738                dual_radio_change
                0x0000000000012772                sending_in_LR
                0x000000000001279d                dual_radio_received
                0x00000000000127d5                radio_received_is_longrange
                0x00000000000127f0                dual_radio_turn_on
                0x0000000000012813                dual_radio_turn_off
                0x00000000000129f6                dio_broadcast
                0x0000000000012a1f                dis_broadcast
 .text          0x0000000000012a40       0x8e obj_cooja/mtype981.a(autostart.o)
                0x0000000000012a40                autostart_start
                0x0000000000012a8b                autostart_exit
 .text          0x0000000000012ace      0x334 obj_cooja/mtype981.a(ctimer.o)
                0x0000000000012be5                ctimer_init
                0x0000000000012c15                ctimer_set
                0x0000000000012c46                ctimer_set_with_process
                0x0000000000012cc2                ctimer_reset
                0x0000000000012d11                ctimer_restart
                0x0000000000012d60                ctimer_stop
                0x0000000000012dab                ctimer_expired
 .text          0x0000000000012e02      0x40b obj_cooja/mtype981.a(etimer.o)
                0x0000000000013015                etimer_request_poll
                0x0000000000013099                etimer_set
                0x00000000000130be                etimer_reset_with_new_interval
                0x00000000000130e5                etimer_reset
                0x0000000000013103                etimer_restart
                0x0000000000013121                etimer_adjust
                0x000000000001313d                etimer_expired
                0x0000000000013150                etimer_expiration_time
                0x0000000000013162                etimer_start_time
                0x000000000001316c                etimer_pending
                0x000000000001317e                etimer_next_expiration_time
                0x0000000000013198                etimer_stop
 .text          0x000000000001320d       0xdd obj_cooja/mtype981.a(log_message.o)
                0x000000000001320d                log_initialization
                0x00000000000132c9                log_finisher
 .text          0x00000000000132ea      0x560 obj_cooja/mtype981.a(process.o)
                0x00000000000132ea                process_alloc_event
                0x00000000000132ff                process_start
                0x00000000000134e8                process_exit
                0x0000000000013504                process_init
                0x00000000000136d5                process_run
                0x0000000000013708                process_nevents
                0x0000000000013723                process_post
                0x00000000000137cf                process_post_synch
                0x0000000000013807                process_poll
                0x0000000000013836                process_is_running
 .text          0x000000000001384a       0xd3 obj_cooja/mtype981.a(residual.o)
                0x000000000001384a                get_residual_energy
 .text          0x000000000001391d       0xba obj_cooja/mtype981.a(rtimer.o)
                0x000000000001391d                rtimer_init
                0x000000000001392a                rtimer_set
                0x0000000000013981                rtimer_run_next
 .text          0x00000000000139d7       0xa3 obj_cooja/mtype981.a(stimer.o)
                0x00000000000139d7                stimer_set
                0x00000000000139f2                stimer_reset
                0x0000000000013a09                stimer_restart
                0x0000000000013a1b                stimer_expired
                0x0000000000013a42                stimer_remaining
                0x0000000000013a66                stimer_elapsed
 .text          0x0000000000013a7a       0x91 obj_cooja/mtype981.a(timer.o)
                0x0000000000013a7a                timer_set
                0x0000000000013a95                timer_reset
                0x0000000000013aac                timer_restart
                0x0000000000013abe                timer_expired
                0x0000000000013ae7                timer_remaining
 .text          0x0000000000013b0b      0x1fb obj_cooja/mtype981.a(serial-line.o)
                0x0000000000013b0b                serial_line_input_byte
                0x0000000000013cce                serial_line_init
 .text          0x0000000000013d06      0x244 obj_cooja/mtype981.a(list.o)
                0x0000000000013d06                list_init
                0x0000000000013d14                list_head
                0x0000000000013d1e                list_copy
                0x0000000000013d2d                list_tail
                0x0000000000013d63                list_add
                0x0000000000013dac                list_push
                0x0000000000013dd8                list_chop
                0x0000000000013e42                list_pop
                0x0000000000013e6a                list_remove
                0x0000000000013ed1                list_length
                0x0000000000013eff                list_insert
                0x0000000000013f33                list_item_next
 .text          0x0000000000013f4a      0x155 obj_cooja/mtype981.a(ringbuf.o)
                0x0000000000013f4a                ringbuf_init
                0x0000000000013f7b                ringbuf_put
                0x0000000000013ff9                ringbuf_get
                0x0000000000014066                ringbuf_size
                0x0000000000014078                ringbuf_elements
 .text          0x000000000001409f     0x258b obj_cooja/mtype981.a(sicslowpan.o)
                0x0000000000014629                rime_sniffer_add
                0x0000000000014636                rime_sniffer_remove
                0x00000000000165c9                sicslowpan_init
                0x0000000000016620                sicslowpan_get_last_rssi
 .text          0x000000000001662a      0x2dc obj_cooja/mtype981.a(uip-ds6-nbr.o)
                0x0000000000016647                uip_ds6_neighbors_init
                0x0000000000016664                uip_ds6_nbr_add
                0x0000000000016715                uip_ds6_nbr_rm
                0x0000000000016772                uip_ds6_nbr_get_ipaddr
                0x0000000000016787                uip_ds6_nbr_get_ll
                0x00000000000167a3                uip_ds6_nbr_num
                0x00000000000167e8                uip_ds6_nbr_lookup
                0x000000000001684d                uip_ds6_nbr_ll_lookup
                0x0000000000016869                uip_ds6_nbr_ipaddr_from_lladdr
                0x000000000001688f                uip_ds6_nbr_lladdr_from_ipaddr
                0x00000000000168bd                uip_ds6_link_neighbor_callback
 .text          0x0000000000016906      0x916 obj_cooja/mtype981.a(uip-ds6-route.o)
                0x000000000001697d                uip_ds6_notification_add
                0x00000000000169ae                uip_ds6_notification_rm
                0x00000000000169ca                uip_ds6_route_init
                0x0000000000016a52                uip_ds6_route_nexthop
                0x0000000000016a7a                uip_ds6_route_head
                0x0000000000016a8f                uip_ds6_route_next
                0x0000000000016ab5                uip_ds6_route_is_nexthop
                0x0000000000016af4                uip_ds6_route_num_routes
                0x0000000000016afe                uip_ds6_route_lookup
                0x0000000000016bc0                uip_ds6_route_add
                0x0000000000016df4                uip_ds6_route_rm
                0x0000000000016f88                uip_ds6_route_rm_by_nexthop
                0x0000000000016fc0                uip_ds6_defrt_add
                0x0000000000017071                uip_ds6_defrt_rm
                0x00000000000170f0                uip_ds6_defrt_lookup
                0x0000000000017149                uip_ds6_defrt_choose
                0x00000000000171b4                uip_ds6_defrt_periodic
 .text          0x000000000001721c     0x12ad obj_cooja/mtype981.a(uip-ds6.o)
                0x000000000001721c                uip_ds6_init
                0x0000000000017571                uip_ds6_periodic
                0x0000000000017649                uip_ds6_list_loop
                0x00000000000176f0                uip_ds6_prefix_add
                0x00000000000177ae                uip_ds6_prefix_rm
                0x00000000000177c0                uip_ds6_prefix_lookup
                0x0000000000017811                uip_ds6_is_addr_onlink
                0x0000000000017885                uip_ds6_addr_add
                0x00000000000179b3                uip_ds6_long_addr_add
                0x0000000000017ae1                uip_ds6_addr_rm
                0x0000000000017b81                uip_ds6_addr_lookup
                0x0000000000017bcc                uip_ds6_long_addr_lookup
                0x0000000000017c17                uip_ds6_get_link_local
                0x0000000000017c96                uip_ds6_long_get_link_local
                0x0000000000017d15                uip_ds6_get_global
                0x0000000000017d94                uip_ds6_long_get_global
                0x0000000000017e13                uip_ds6_maddr_add
                0x0000000000017e85                uip_ds6_long_maddr_add
                0x0000000000017ef7                uip_ds6_maddr_rm
                0x0000000000017f09                uip_ds6_maddr_lookup
                0x0000000000017f54                uip_ds6_long_maddr_lookup
                0x0000000000017f9f                uip_ds6_aaddr_add
                0x0000000000018011                uip_ds6_long_aaddr_add
                0x0000000000018083                uip_ds6_aaddr_rm
                0x0000000000018095                uip_ds6_aaddr_lookup
                0x00000000000180e0                uip_ds6_long_aaddr_lookup
                0x000000000001812b                uip_ds6_select_src
                0x00000000000183b4                uip_ds6_set_addr_iid
                0x00000000000183eb                get_match_length
                0x000000000001847d                uip_ds6_compute_reachable_time
 .text          0x00000000000184c9     0x29f3 obj_cooja/mtype981.a(uip6.o)
                0x00000000000184c9                uip_add32
                0x0000000000018662                uip_chksum
                0x0000000000018750                uip_icmp6chksum
                0x0000000000018764                uip_tcpchksum
                0x0000000000018778                uip_udpchksum
                0x000000000001878c                uip_init
                0x000000000001885c                uip_connect
                0x0000000000018a0b                remove_ext_hdr
                0x0000000000018ae0                uip_udp_new
                0x0000000000018c3c                uip_unlisten
                0x0000000000018c9c                uip_listen
                0x0000000000018f5e                uip_process
                0x000000000001adb0                uip_htons
                0x000000000001add2                uip_htonl
                0x000000000001ae12                uip_send
 .text          0x000000000001aebc      0xb43 obj_cooja/mtype981.a(tcpip.o)
                0x000000000001aebc                tcpip_output
                0x000000000001aeea                tcpip_set_outputfunc
                0x000000000001af7e                tcp_connect
                0x000000000001afd3                tcp_unlisten
                0x000000000001b02e                tcp_listen
                0x000000000001b087                tcp_attach
                0x000000000001b0ac                udp_attach
                0x000000000001b0d1                udp_new
                0x000000000001b123                udp_broadcast_new
                0x000000000001b397                tcpip_input
                0x000000000001b3cb                tcpip_ipv6_output
                0x000000000001b845                tcpip_poll_udp
                0x000000000001b868                tcpip_poll_tcp
                0x000000000001b88b                tcpip_uipcall
 .text          0x000000000001b9ff      0x1c1 obj_cooja/mtype981.a(uip-debug.o)
                0x000000000001b9ff                uip_debug_ipaddr_print
                0x000000000001bb61                uip_debug_lladdr_print
 .text          0x000000000001bbc0      0x141 obj_cooja/mtype981.a(uip-packetqueue)
                0x000000000001bbec                uip_packetqueue_new
                0x000000000001bbfa                uip_packetqueue_alloc
                0x000000000001bc5a                uip_packetqueue_free
                0x000000000001bc9b                uip_packetqueue_buf
                0x000000000001bcb8                uip_packetqueue_buflen
                0x000000000001bcd9                uip_packetqueue_set_buflen
 .text          0x000000000001bd01      0x131 obj_cooja/mtype981.a(uip-udp-packet.)
                0x000000000001bd01                uip_udp_packet_send
                0x000000000001bd61                uip_udp_packet_sendto
 .text          0x000000000001be32     0x2759 obj_cooja/mtype981.a(rpl-dag.o)
                0x000000000001be32                rpl_lr_in_neighbor_tree
                0x000000000001bf90                rpl_print_neighbor_list
                0x000000000001c039                rpl_print_child_neighbor_list
                0x000000000001c0ae                rpl_get_nbr
                0x000000000001c108                rpl_get_nbr_child
                0x000000000001c162                rpl_dag_init
                0x000000000001c194                rpl_get_parent
                0x000000000001c1b6                rpl_get_parent_rank
                0x000000000001c1e9                rpl_get_parent_link_metric
                0x000000000001c21c                rpl_get_parent_ipaddr
                0x000000000001c246                rpl_get_child_ipaddr
                0x000000000001c561                rpl_set_root
                0x000000000001c78f                rpl_repair_root
                0x000000000001c9cb                rpl_set_prefix
                0x000000000001caca                rpl_set_default_route
                0x000000000001cb56                rpl_alloc_instance
                0x000000000001cbe9                rpl_alloc_dag
                0x000000000001cc9c                rpl_set_default_instance
                0x000000000001cca9                rpl_get_default_instance
                0x000000000001ccb3                rpl_free_instance
                0x000000000001cd64                rpl_free_dag
                0x000000000001cdca                rpl_add_parent
                0x000000000001ceb3                rpl_find_parent
                0x000000000001cee3                rpl_add_child
                0x000000000001cf87                rpl_find_child
                0x000000000001cfd5                rpl_find_parent_any_dag
                0x000000000001d011                rpl_select_dag
                0x000000000001d434                rpl_select_parent
                0x000000000001d496                rpl_remove_parent
                0x000000000001d4cc                rpl_remove_child
                0x000000000001d4e8                rpl_nullify_parent
                0x000000000001d586                rpl_move_parent
                0x000000000001d623                rpl_has_downward_route
                0x000000000001d676                rpl_get_any_dag
                0x000000000001d6d8                rpl_get_instance
                0x000000000001d73b                rpl_find_of
                0x000000000001d778                rpl_join_instance
                0x000000000001da14                rpl_add_dag
                0x000000000001de03                rpl_local_repair
                0x000000000001dedc                rpl_recalculate_ranks
                0x000000000001df62                rpl_process_parent_event
                0x000000000001e014                rpl_process_dio
 .text          0x000000000001e58b      0xbf3 obj_cooja/mtype981.a(rpl-ext-header.)
                0x000000000001e5a8                rpl_verify_header
                0x000000000001ea22                rpl_update_header_empty
                0x000000000001ed39                rpl_update_header_final
                0x000000000001eec8                rpl_remove_header
                0x000000000001efd2                rpl_invert_header
                0x000000000001f15c                rpl_insert_header
 .text          0x000000000001f17e     0x22e6 obj_cooja/mtype981.a(rpl-icmp6.o)
                0x000000000001f447                rpl_icmp6_update_nbr_table
                0x000000000001f537                dis_output
                0x000000000001fe74                dio_output
                0x0000000000020fcf                dao_output
                0x0000000000021097                dao_output_target
                0x0000000000021418                dao_ack_output
                0x000000000002142c                rpl_icmp6_register_handlers
 .text          0x0000000000021464      0x21e obj_cooja/mtype981.a(rpl-of0.o)
 .text          0x0000000000021682      0x882 obj_cooja/mtype981.a(rpl-timers.o)
                0x0000000000021682                rpl_convergence_timer
                0x00000000000216ae                rpl_reset_convergence_timer
                0x0000000000021997                rpl_reset_periodic_timer
                0x00000000000219ec                rpl_reset_dio_timer
                0x0000000000021c26                rpl_schedule_dao
                0x0000000000021c41                rpl_schedule_dao_immediately
                0x0000000000021c5c                rpl_cancel_dao
                0x0000000000021cbe                rpl_schedule_unicast_dio_immediately
                0x0000000000021eac                rpl_schedule_probing
 .text          0x0000000000021f04      0x5ca obj_cooja/mtype981.a(rpl.o)
                0x0000000000021f04                rpl_get_mode
                0x0000000000021f0e                rpl_set_mode
                0x0000000000021f9c                rpl_purge_routes
                0x0000000000022096                rpl_remove_routes
                0x00000000000220dc                rpl_remove_routes_by_nexthop
                0x0000000000022148                rpl_add_route
                0x00000000000221c3                rpl_link_neighbor_callback
                0x00000000000222c8                rpl_ipv6_neighbor_callback
                0x0000000000022337                rpl_purge_dags
                0x0000000000022443                rpl_init
 .text          0x00000000000224ce      0x3f5 obj_cooja/mtype981.a(framer-802154.o)
 .text          0x00000000000228c3       0x5e obj_cooja/mtype981.a(nullmac.o)
 .text          0x0000000000022921     0x12ab obj_cooja/mtype981.a(cxmac.o)
                0x0000000000023b0e                cxmac_set_announcement_radio_txpower
                0x0000000000023b13                cxmac_init
 .text          0x0000000000023bcc       0x82 obj_cooja/mtype981.a(linkaddr.o)
                0x0000000000023bcc                linkaddr_copy
                0x0000000000023bee                linkaddr_cmp
                0x0000000000023c18                linkaddr_set_node_addr
                0x0000000000023c33                linkaddr_set_node_long_addr
 .text          0x0000000000023c4e      0x915 obj_cooja/mtype981.a(nbr-table.o)
                0x0000000000023c4e                long_ip_from_lladdr_map
                0x0000000000023cd7                lladdr_map_add_lr
                0x0000000000023d94                lladdr_map_rm_lr
                0x0000000000024259                nbr_table_register
                0x00000000000242a1                nbr_table_head
                0x00000000000242fd                nbr_table_next
                0x0000000000024364                nbr_table_add_lladdr
                0x0000000000024440                nbr_table_get_from_lladdr
                0x000000000002448d                nbr_table_remove
                0x00000000000244df                nbr_table_lock
                0x0000000000024509                nbr_table_unlock
                0x0000000000024533                nbr_table_get_lladdr
 .text          0x0000000000024563       0x2b obj_cooja/mtype981.a(netstack.o)
                0x0000000000024563                netstack_init
 .text          0x000000000002458e      0x3cd obj_cooja/mtype981.a(packetbuf.o)
                0x000000000002458e                packetbuf_clear
                0x00000000000245b8                packetbuf_copyfrom
                0x000000000002460a                packetbuf_compact
                0x0000000000024687                packetbuf_copyto
                0x000000000002471e                packetbuf_hdralloc
                0x000000000002479b                packetbuf_hdrreduce
                0x00000000000247e3                packetbuf_set_datalen
                0x00000000000247fc                packetbuf_dataptr
                0x0000000000024819                packetbuf_hdrptr
                0x0000000000024823                packetbuf_datalen
                0x000000000002482f                packetbuf_hdrlen
                0x0000000000024846                packetbuf_totlen
                0x000000000002485c                packetbuf_attr_clear
                0x00000000000248ae                packetbuf_attr_copyto
                0x00000000000248f7                packetbuf_attr_copyfrom
                0x000000000002493f                packetbuf_holds_broadcast
 .text          0x000000000002495b      0x2b4 obj_cooja/mtype981.a(queuebuf.o)
                0x0000000000024965                queuebuf_init
                0x0000000000024985                queuebuf_numfree
                0x0000000000024999                queuebuf_new_from_packetbuf
                0x0000000000024a29                queuebuf_update_attr_from_packetbuf
                0x0000000000024a5c                queuebuf_update_from_packetbuf
                0x0000000000024aa6                queuebuf_free
                0x0000000000024aed                queuebuf_to_packetbuf
                0x0000000000024b53                queuebuf_dataptr
                0x0000000000024b8a                queuebuf_datalen
                0x0000000000024bad                queuebuf_addr
                0x0000000000024bdf                queuebuf_attr
                0x0000000000024c0a                queuebuf_debug_print
 .text          0x0000000000024c0f       0x6e obj_cooja/mtype981.a(nullsec.o)
 .text          0x0000000000024c7d       0x19 obj_cooja/mtype981.a(watchdog.o)
                0x0000000000024c7d                watchdog_init
                0x0000000000024c82                watchdog_start
                0x0000000000024c87                watchdog_periodic
                0x0000000000024c8c                watchdog_stop
                0x0000000000024c91                watchdog_reboot
 .text          0x0000000000024c96        0x0 obj_cooja/mtype981.a(rimestats.o)
 .text          0x0000000000024c96      0x134 obj_cooja/mtype981.a(leds.o)
                0x0000000000024ce7                leds_init
                0x0000000000024cfb                leds_blink
                0x0000000000024d33                leds_get
                0x0000000000024d40                leds_set
                0x0000000000024d5a                leds_on
                0x0000000000024d7d                leds_off
                0x0000000000024da7                leds_toggle
 .text          0x0000000000024dca      0x1c1 obj_cooja/mtype981.a(memb.o)
                0x0000000000024dca                memb_init
                0x0000000000024e28                memb_alloc
                0x0000000000024e8d                memb_free
                0x0000000000024f08                memb_inmemb
                0x0000000000024f47                memb_numfree
 .text          0x0000000000024f8b      0xab2 obj_cooja/mtype981.a(uip-icmp6.o)
                0x0000000000024ff9                uip_icmp6_input
                0x000000000002504f                uip_icmp6_register_input_handler
                0x0000000000025317                uip_icmp6_error_output
                0x000000000002565c                uip_icmp6_send
                0x00000000000259d0                uip_icmp6_echo_reply_callback_add
                0x0000000000025a01                uip_icmp6_echo_reply_callback_rm
                0x0000000000025a1d                uip_icmp6_init
 .text          0x0000000000025a3d      0x358 obj_cooja/mtype981.a(uip-nd6.o)
                0x0000000000025a91                uip_nd6_ns_output
                0x0000000000025d90                uip_nd6_init
 .text          0x0000000000025d95      0x331 obj_cooja/mtype981.a(rpl-nbr-policy.)
                0x0000000000025f6d                find_removable_dis
                0x0000000000025f90                find_removable_dio
                0x000000000002601f                find_removable_dao
                0x000000000002606f                rpl_nbr_policy_find_removable
 .text          0x00000000000260c6      0x97c obj_cooja/mtype981.a(frame802154.o)
                0x00000000000260f7                frame802154_get_pan_id
                0x0000000000026103                frame802154_set_pan_id
                0x000000000002611c                frame802154_has_panid
                0x0000000000026208                frame802154_check_dest_panid
                0x0000000000026270                frame802154_is_broadcast_addr
                0x00000000000262bd                frame802154_extract_linkaddr
                0x00000000000264fd                frame802154_hdrlen
                0x000000000002654e                frame802154_create
                0x0000000000026739                frame802154_parse
 .text          0x0000000000026a42       0x3c obj_cooja/mtype981.a(mac.o)
                0x0000000000026a42                mac_call_sent_callback
 .text          0x0000000000026a7e        0x0 /usr/lib/gcc/i686-linux-gnu/4.8/crtendS.o
 .text          0x0000000000026a7e        0x0 /usr/lib/gcc/i686-linux-gnu/4.8/../../../i386-linux-gnu/crtn.o
 *(.gnu.warning)

.fini           0x0000000000026a80       0x14
 *(SORT(.fini))
 .fini          0x0000000000026a80        0xf /usr/lib/gcc/i686-linux-gnu/4.8/../../../i386-linux-gnu/crti.o
                0x0000000000026a80                _fini
 .fini          0x0000000000026a8f        0x5 /usr/lib/gcc/i686-linux-gnu/4.8/../../../i386-linux-gnu/crtn.o
                0x0000000000026a94                PROVIDE (__etext, .)
                0x0000000000026a94                PROVIDE (_etext, .)
                0x0000000000026a94                PROVIDE (etext, .)

.rodata         0x0000000000026aa0      0xc60
 *(.rodata .rodata.* .gnu.linkonce.r.*)
 .rodata        0x0000000000026aa0      0x2ca udp-client.co
                0x0000000000026ab4                autostart_processes
 *fill*         0x0000000000026d6a        0x2 
 .rodata        0x0000000000026d6c      0x1e6 obj_cooja/mtype981.o
 *fill*         0x0000000000026f52        0x2 
 .rodata        0x0000000000026f54        0x8 obj_cooja/mtype981.a(beep.o)
                0x0000000000026f54                beep_interface
 .rodata        0x0000000000026f5c       0x20 obj_cooja/mtype981.a(button-sensor.o)
                0x0000000000026f5c                button_interface
                0x0000000000026f6c                button_sensor
 .rodata        0x0000000000026f7c        0x8 obj_cooja/mtype981.a(leds-arch.o)
                0x0000000000026f7c                leds_interface
 .rodata        0x0000000000026f84        0x8 obj_cooja/mtype981.a(moteid.o)
                0x0000000000026f84                moteid_interface
 .rodata        0x0000000000026f8c       0x1c obj_cooja/mtype981.a(pir-sensor.o)
                0x0000000000026f8c                pir_interface
                0x0000000000026f98                pir_sensor
 .rodata        0x0000000000026fa8        0xe obj_cooja/mtype981.a(rs232.o)
                0x0000000000026fa8                rs232_interface
 *fill*         0x0000000000026fb6        0x2 
 .rodata        0x0000000000026fb8       0x24 obj_cooja/mtype981.a(vib-sensor.o)
                0x0000000000026fb8                vib_interface
                0x0000000000026fcc                vib_sensor
 .rodata        0x0000000000026fdc        0x8 obj_cooja/mtype981.a(clock.o)
                0x0000000000026fdc                clock_interface
 .rodata        0x0000000000026fe4        0x8 obj_cooja/mtype981.a(log.o)
                0x0000000000026fe4                simlog_interface
 .rodata        0x0000000000026fec       0x2f obj_cooja/mtype981.a(cfs-cooja.o)
                0x0000000000026fec                cfs_interface
 *fill*         0x000000000002701b        0x5 
 .rodata        0x0000000000027020       0x60 obj_cooja/mtype981.a(cooja-radio.o)
                0x0000000000027040                cooja_radio_driver
                0x0000000000027078                radio_interface
 .rodata        0x0000000000027080        0x8 obj_cooja/mtype981.a(eeprom.o)
                0x0000000000027080                eeprom_interface
 .rodata        0x0000000000027088        0x8 obj_cooja/mtype981.a(sensors.o)
 .rodata        0x0000000000027090       0x1c obj_cooja/mtype981.a(dual_conf.o)
 .rodata        0x00000000000270ac        0xf obj_cooja/mtype981.a(ctimer.o)
 .rodata        0x00000000000270bb        0xc obj_cooja/mtype981.a(etimer.o)
 *fill*         0x00000000000270c7        0x1 
 .rodata        0x00000000000270c8       0x73 obj_cooja/mtype981.a(log_message.o)
 *fill*         0x000000000002713b        0x1 
 .rodata        0x000000000002713c       0x20 obj_cooja/mtype981.a(residual.o)
 .rodata        0x000000000002715c        0xe obj_cooja/mtype981.a(serial-line.o)
 *fill*         0x000000000002716a        0x2 
 .rodata        0x000000000002716c       0x2c obj_cooja/mtype981.a(sicslowpan.o)
                0x000000000002716c                unc_llconf
                0x0000000000027170                unc_ctxconf
                0x0000000000027174                unc_mxconf
                0x0000000000027178                llprefix
                0x000000000002718c                sicslowpan_driver
 .rodata        0x0000000000027198      0x13c obj_cooja/mtype981.a(uip6.o)
 .rodata        0x00000000000272d4       0x49 obj_cooja/mtype981.a(tcpip.o)
 .rodata        0x000000000002731d       0x3e obj_cooja/mtype981.a(uip-debug.o)
 *fill*         0x000000000002735b        0x1 
 .rodata        0x000000000002735c        0x4 obj_cooja/mtype981.a(rpl-dag.o)
 .rodata        0x0000000000027360       0x75 obj_cooja/mtype981.a(rpl-timers.o)
 *fill*         0x00000000000273d5        0x3 
 .rodata        0x00000000000273d8        0xc obj_cooja/mtype981.a(framer-802154.o)
                0x00000000000273d8                framer_802154
 .rodata        0x00000000000273e4       0x24 obj_cooja/mtype981.a(nullmac.o)
                0x00000000000273ec                nullmac_driver
 *fill*         0x0000000000027408       0x18 
 .rodata        0x0000000000027420      0x2c0 obj_cooja/mtype981.a(cxmac.o)
                0x00000000000276c0                cxmac_driver
 .rodata        0x00000000000276e0        0x8 obj_cooja/mtype981.a(linkaddr.o)
                0x00000000000276e0                linkaddr_null
 .rodata        0x00000000000276e8       0x18 obj_cooja/mtype981.a(nullsec.o)
                0x00000000000276f0                nullsec_driver

.rodata1
 *(.rodata1)

.eh_frame_hdr   0x0000000000027700     0x13cc
 *(.eh_frame_hdr)
 .eh_frame_hdr  0x0000000000027700     0x13cc udp-client.co

.eh_frame       0x0000000000028acc     0x5090
 *(.eh_frame)
 .eh_frame      0x0000000000028acc       0x3c /usr/lib/gcc/i686-linux-gnu/4.8/../../../i386-linux-gnu/crti.o
                                         0x40 (size before relaxing)
 .eh_frame      0x0000000000028b08       0xb4 udp-client.co
                                         0xcc (size before relaxing)
 .eh_frame      0x0000000000028bbc      0x148 obj_cooja/mtype981.o
                                        0x160 (size before relaxing)
 .eh_frame      0x0000000000028d04       0x40 obj_cooja/mtype981.a(simEnvChange.o)
                                         0x58 (size before relaxing)
 .eh_frame      0x0000000000028d44       0xc0 obj_cooja/mtype981.a(cooja_mt.o)
                                         0xd8 (size before relaxing)
 .eh_frame      0x0000000000028e04      0x120 obj_cooja/mtype981.a(cooja_mtarch.o)
                                        0x138 (size before relaxing)
 .eh_frame      0x0000000000028f24       0xc0 obj_cooja/mtype981.a(rtimer-arch.o)
                                         0xd8 (size before relaxing)
 .eh_frame      0x0000000000028fe4      0x160 obj_cooja/mtype981.a(beep.o)
                                        0x178 (size before relaxing)
 .eh_frame      0x0000000000029144       0xa0 obj_cooja/mtype981.a(button-sensor.o)
                                         0xb8 (size before relaxing)
 .eh_frame      0x00000000000291e4       0xa0 obj_cooja/mtype981.a(leds-arch.o)
                                         0xb8 (size before relaxing)
 .eh_frame      0x0000000000029284       0x40 obj_cooja/mtype981.a(moteid.o)
                                         0x58 (size before relaxing)
 .eh_frame      0x00000000000292c4       0xa0 obj_cooja/mtype981.a(pir-sensor.o)
                                         0xb8 (size before relaxing)
 .eh_frame      0x0000000000029364      0x100 obj_cooja/mtype981.a(rs232.o)
                                        0x118 (size before relaxing)
 .eh_frame      0x0000000000029464       0xa0 obj_cooja/mtype981.a(vib-sensor.o)
                                         0xb8 (size before relaxing)
 .eh_frame      0x0000000000029504       0xc0 obj_cooja/mtype981.a(clock.o)
                                         0xd8 (size before relaxing)
 .eh_frame      0x00000000000295c4      0x120 obj_cooja/mtype981.a(log.o)
                                        0x138 (size before relaxing)
 .eh_frame      0x00000000000296e4      0x160 obj_cooja/mtype981.a(cfs-cooja.o)
                                        0x178 (size before relaxing)
 .eh_frame      0x0000000000029844      0x2e0 obj_cooja/mtype981.a(cooja-radio.o)
                                        0x2f8 (size before relaxing)
 .eh_frame      0x0000000000029b24       0xa0 obj_cooja/mtype981.a(eeprom.o)
                                         0xb8 (size before relaxing)
 .eh_frame      0x0000000000029bc4       0x40 obj_cooja/mtype981.a(random.o)
                                         0x58 (size before relaxing)
 .eh_frame      0x0000000000029c04       0xc0 obj_cooja/mtype981.a(sensors.o)
                                         0xd8 (size before relaxing)
 .eh_frame      0x0000000000029cc4      0x160 obj_cooja/mtype981.a(dual_conf.o)
                                        0x178 (size before relaxing)
 .eh_frame      0x0000000000029e24       0x40 obj_cooja/mtype981.a(autostart.o)
                                         0x58 (size before relaxing)
 .eh_frame      0x0000000000029e64      0x100 obj_cooja/mtype981.a(ctimer.o)
                                        0x118 (size before relaxing)
 .eh_frame      0x0000000000029f64      0x1e0 obj_cooja/mtype981.a(etimer.o)
                                        0x1f8 (size before relaxing)
 .eh_frame      0x000000000002a144       0x40 obj_cooja/mtype981.a(log_message.o)
                                         0x58 (size before relaxing)
 .eh_frame      0x000000000002a184      0x1c8 obj_cooja/mtype981.a(process.o)
                                        0x1e0 (size before relaxing)
 .eh_frame      0x000000000002a34c       0x2c obj_cooja/mtype981.a(residual.o)
                                         0x44 (size before relaxing)
 .eh_frame      0x000000000002a378       0x60 obj_cooja/mtype981.a(rtimer.o)
                                         0x78 (size before relaxing)
 .eh_frame      0x000000000002a3d8       0xc4 obj_cooja/mtype981.a(stimer.o)
                                         0xdc (size before relaxing)
 .eh_frame      0x000000000002a49c       0xa4 obj_cooja/mtype981.a(timer.o)
                                         0xbc (size before relaxing)
 .eh_frame      0x000000000002a540       0x60 obj_cooja/mtype981.a(serial-line.o)
                                         0x78 (size before relaxing)
 .eh_frame      0x000000000002a5a0      0x180 obj_cooja/mtype981.a(list.o)
                                        0x198 (size before relaxing)
 .eh_frame      0x000000000002a720       0xa0 obj_cooja/mtype981.a(ringbuf.o)
                                         0xb8 (size before relaxing)
 .eh_frame      0x000000000002a7c0      0x350 obj_cooja/mtype981.a(sicslowpan.o)
                                        0x368 (size before relaxing)
 .eh_frame      0x000000000002ab10      0x180 obj_cooja/mtype981.a(uip-ds6-nbr.o)
                                        0x198 (size before relaxing)
 .eh_frame      0x000000000002ac90      0x2a0 obj_cooja/mtype981.a(uip-ds6-route.o)
                                        0x2b8 (size before relaxing)
 .eh_frame      0x000000000002af30      0x3c8 obj_cooja/mtype981.a(uip-ds6.o)
                                        0x3e0 (size before relaxing)
 .eh_frame      0x000000000002b2f8      0x27c obj_cooja/mtype981.a(uip6.o)
                                        0x294 (size before relaxing)
 .eh_frame      0x000000000002b574      0x270 obj_cooja/mtype981.a(tcpip.o)
                                        0x288 (size before relaxing)
 .eh_frame      0x000000000002b7e4       0x48 obj_cooja/mtype981.a(uip-debug.o)
                                         0x60 (size before relaxing)
 .eh_frame      0x000000000002b82c       0xe0 obj_cooja/mtype981.a(uip-packetqueue)
                                         0xf8 (size before relaxing)
 .eh_frame      0x000000000002b90c       0x40 obj_cooja/mtype981.a(uip-udp-packet.)
                                         0x58 (size before relaxing)
 .eh_frame      0x000000000002b94c      0x76c obj_cooja/mtype981.a(rpl-dag.o)
                                        0x784 (size before relaxing)
 .eh_frame      0x000000000002c0b8      0x10c obj_cooja/mtype981.a(rpl-ext-header.)
                                        0x124 (size before relaxing)
 .eh_frame      0x000000000002c1c4      0x2b8 obj_cooja/mtype981.a(rpl-icmp6.o)
                                        0x2d0 (size before relaxing)
 .eh_frame      0x000000000002c47c       0xb0 obj_cooja/mtype981.a(rpl-of0.o)
                                         0xc8 (size before relaxing)
 .eh_frame      0x000000000002c52c      0x26c obj_cooja/mtype981.a(rpl-timers.o)
                                        0x284 (size before relaxing)
 .eh_frame      0x000000000002c798      0x148 obj_cooja/mtype981.a(rpl.o)
                                        0x160 (size before relaxing)
 .eh_frame      0x000000000002c8e0      0x108 obj_cooja/mtype981.a(framer-802154.o)
                                        0x120 (size before relaxing)
 .eh_frame      0x000000000002c9e8       0xc0 obj_cooja/mtype981.a(nullmac.o)
                                         0xd8 (size before relaxing)
 .eh_frame      0x000000000002caa8      0x2c0 obj_cooja/mtype981.a(cxmac.o)
                                        0x2d8 (size before relaxing)
 .eh_frame      0x000000000002cd68       0x80 obj_cooja/mtype981.a(linkaddr.o)
                                         0x98 (size before relaxing)
 .eh_frame      0x000000000002cde8      0x2cc obj_cooja/mtype981.a(nbr-table.o)
                                        0x2e4 (size before relaxing)
 .eh_frame      0x000000000002d0b4       0x20 obj_cooja/mtype981.a(netstack.o)
                                         0x38 (size before relaxing)
 .eh_frame      0x000000000002d0d4      0x214 obj_cooja/mtype981.a(packetbuf.o)
                                        0x22c (size before relaxing)
 .eh_frame      0x000000000002d2e8      0x1a0 obj_cooja/mtype981.a(queuebuf.o)
                                        0x1b8 (size before relaxing)
 .eh_frame      0x000000000002d488       0x80 obj_cooja/mtype981.a(nullsec.o)
                                         0x98 (size before relaxing)
 .eh_frame      0x000000000002d508       0xa0 obj_cooja/mtype981.a(watchdog.o)
                                         0xb8 (size before relaxing)
 .eh_frame      0x000000000002d5a8      0x100 obj_cooja/mtype981.a(leds.o)
                                        0x118 (size before relaxing)
 .eh_frame      0x000000000002d6a8       0xa0 obj_cooja/mtype981.a(memb.o)
                                         0xb8 (size before relaxing)
 .eh_frame      0x000000000002d748      0x164 obj_cooja/mtype981.a(uip-icmp6.o)
                                        0x17c (size before relaxing)
 .eh_frame      0x000000000002d8ac       0x68 obj_cooja/mtype981.a(uip-nd6.o)
                                         0x80 (size before relaxing)
 .eh_frame      0x000000000002d914       0xc0 obj_cooja/mtype981.a(rpl-nbr-policy.)
                                         0xd8 (size before relaxing)
 .eh_frame      0x000000000002d9d4      0x164 obj_cooja/mtype981.a(frame802154.o)
                                        0x17c (size before relaxing)
 .eh_frame      0x000000000002db38       0x20 obj_cooja/mtype981.a(mac.o)
                                         0x38 (size before relaxing)
 .eh_frame      0x000000000002db58        0x4 /usr/lib/gcc/i686-linux-gnu/4.8/crtendS.o

.gcc_except_table
 *(.gcc_except_table .gcc_except_table.*)

.exception_ranges
 *(.exception_ranges .exception_ranges*)
                0x000000000002db5c                . = (ALIGN (0x1000) - ((0x1000 - .) & 0xfff))
                0x000000000002eef8                . = DATA_SEGMENT_ALIGN (0x1000, 0x1000)

.eh_frame
 *(.eh_frame)

.gcc_except_table
 *(.gcc_except_table .gcc_except_table.*)

.exception_ranges
 *(.exception_ranges .exception_ranges*)

.tdata
 *(.tdata .tdata.* .gnu.linkonce.td.*)

.tbss
 *(.tbss .tbss.* .gnu.linkonce.tb.*)
 *(.tcommon)

.preinit_array
 *(.preinit_array)

.init_array     0x000000000002eef8        0x4
 *(SORT(.init_array.*) SORT(.ctors.*))
 *(.init_array EXCLUDE_FILE(*crtend?.o *crtend.o *crtbegin?.o *crtbegin.o) .ctors)
 .init_array    0x000000000002eef8        0x4 /usr/lib/gcc/i686-linux-gnu/4.8/crtbeginS.o

.fini_array     0x000000000002eefc        0x4
 *(SORT(.fini_array.*) SORT(.dtors.*))
 *(.fini_array EXCLUDE_FILE(*crtend?.o *crtend.o *crtbegin?.o *crtbegin.o) .dtors)
 .fini_array    0x000000000002eefc        0x4 /usr/lib/gcc/i686-linux-gnu/4.8/crtbeginS.o

.ctors
 *crtbegin.o(.ctors)
 *crtbegin?.o(.ctors)
 *(EXCLUDE_FILE(*crtend?.o *crtend.o) .ctors)
 *(SORT(.ctors.*))
 *(.ctors)

.dtors
 *crtbegin.o(.dtors)
 *crtbegin?.o(.dtors)
 *(EXCLUDE_FILE(*crtend?.o *crtend.o) .dtors)
 *(SORT(.dtors.*))
 *(.dtors)

.jcr            0x000000000002ef00        0x4
 *(.jcr)
 .jcr           0x000000000002ef00        0x0 /usr/lib/gcc/i686-linux-gnu/4.8/crtbeginS.o
 .jcr           0x000000000002ef00        0x4 /usr/lib/gcc/i686-linux-gnu/4.8/crtendS.o

.data.rel.ro
 *(.data.rel.ro.local* .gnu.linkonce.d.rel.ro.local.*)
 *(.data.rel.ro .data.rel.ro.* .gnu.linkonce.d.rel.ro.*)

.dynamic        0x000000000002ef04       0xe8
 *(.dynamic)
 .dynamic       0x000000000002ef04       0xe8 /usr/lib/gcc/i686-linux-gnu/4.8/../../../i386-linux-gnu/crti.o
                0x000000000002ef04                _DYNAMIC

.got            0x000000000002efec       0x14
 *(.got)
 .got           0x000000000002efec       0x14 /usr/lib/gcc/i686-linux-gnu/4.8/../../../i386-linux-gnu/crti.o
 *(.igot)
                0x000000000002fff4                . = DATA_SEGMENT_RELRO_END (., (SIZEOF (.got.plt) >= 0xc)?0xc:0x0)

.got.plt        0x000000000002f000       0x14
 *(.got.plt)
 .got.plt       0x000000000002f000       0x14 /usr/lib/gcc/i686-linux-gnu/4.8/../../../i386-linux-gnu/crti.o
                0x000000000002f000                _GLOBAL_OFFSET_TABLE_
 *(.igot.plt)

.data           0x000000000002f020      0x27a
 *(.data .data.* .gnu.linkonce.d.*)
 .data          0x000000000002f020        0x0 /usr/lib/gcc/i686-linux-gnu/4.8/../../../i386-linux-gnu/crti.o
 .data          0x000000000002f020        0x0 /usr/lib/gcc/i686-linux-gnu/4.8/crtbeginS.o
 .data.rel      0x000000000002f020        0x4 /usr/lib/gcc/i686-linux-gnu/4.8/crtbeginS.o
                0x000000000002f020                __dso_handle
 .data          0x000000000002f024       0x10 udp-client.co
                0x000000000002f024                udp_client_process
 *fill*         0x000000000002f034        0xc 
 .data          0x000000000002f040       0x44 obj_cooja/mtype981.o
                0x000000000002f040                simInterfaces
                0x000000000002f074                sensors
 .data          0x000000000002f084        0x0 obj_cooja/mtype981.a(simEnvChange.o)
 .data          0x000000000002f084        0x0 obj_cooja/mtype981.a(cooja_mt.o)
 .data          0x000000000002f084        0x0 obj_cooja/mtype981.a(cooja_mtarch.o)
 .data          0x000000000002f084        0x0 obj_cooja/mtype981.a(rtimer-arch.o)
 .data          0x000000000002f084        0x0 obj_cooja/mtype981.a(beep.o)
 .data          0x000000000002f084        0x0 obj_cooja/mtype981.a(button-sensor.o)
 .data          0x000000000002f084        0x0 obj_cooja/mtype981.a(leds-arch.o)
 .data          0x000000000002f084        0x0 obj_cooja/mtype981.a(moteid.o)
 .data          0x000000000002f084        0x0 obj_cooja/mtype981.a(pir-sensor.o)
 .data          0x000000000002f084        0x0 obj_cooja/mtype981.a(rs232.o)
 .data          0x000000000002f084        0x0 obj_cooja/mtype981.a(vib-sensor.o)
 .data          0x000000000002f084        0x0 obj_cooja/mtype981.a(clock.o)
 .data          0x000000000002f084        0x0 obj_cooja/mtype981.a(log.o)
 .data          0x000000000002f084        0x0 obj_cooja/mtype981.a(cfs-cooja.o)
 .data          0x000000000002f084       0x40 obj_cooja/mtype981.a(cooja-radio.o)
                0x000000000002f084                simRadioChannelLR
                0x000000000002f088                simRadioHWOnLR
                0x000000000002f08c                simSignalStrengthLR
                0x000000000002f090                simLastSignalStrengthLR
                0x000000000002f094                simPowerLR
                0x000000000002f098                simLQILR
                0x000000000002f09c                simRadioChannel
                0x000000000002f0a0                simRadioHWOn
                0x000000000002f0a4                simSignalStrength
                0x000000000002f0a8                simLastSignalStrength
                0x000000000002f0ac                simPower
                0x000000000002f0b0                simLQI
                0x000000000002f0b4                cooja_radio_process
 .data          0x000000000002f0c4        0x0 obj_cooja/mtype981.a(eeprom.o)
 .data          0x000000000002f0c4        0x0 obj_cooja/mtype981.a(random.o)
 .data          0x000000000002f0c4       0x10 obj_cooja/mtype981.a(sensors.o)
                0x000000000002f0c4                sensors_process
 .data          0x000000000002f0d4       0x28 obj_cooja/mtype981.a(dual_conf.o)
                0x000000000002f0d4                radio_received
                0x000000000002f0d8                dual_dio_broadcast
                0x000000000002f0e8                dual_dis_broadcast
 .data          0x000000000002f0fc        0x0 obj_cooja/mtype981.a(autostart.o)
 .data          0x000000000002f0fc       0x14 obj_cooja/mtype981.a(ctimer.o)
                0x000000000002f100                ctimer_process
 .data          0x000000000002f110       0x10 obj_cooja/mtype981.a(etimer.o)
                0x000000000002f110                etimer_process
 .data          0x000000000002f120        0x0 obj_cooja/mtype981.a(log_message.o)
 .data          0x000000000002f120        0x0 obj_cooja/mtype981.a(process.o)
 .data          0x000000000002f120        0x0 obj_cooja/mtype981.a(residual.o)
 .data          0x000000000002f120        0x0 obj_cooja/mtype981.a(rtimer.o)
 .data          0x000000000002f120        0x0 obj_cooja/mtype981.a(stimer.o)
 .data          0x000000000002f120        0x0 obj_cooja/mtype981.a(timer.o)
 .data          0x000000000002f120       0x10 obj_cooja/mtype981.a(serial-line.o)
                0x000000000002f120                serial_line_process
 .data          0x000000000002f130        0x0 obj_cooja/mtype981.a(list.o)
 .data          0x000000000002f130        0x0 obj_cooja/mtype981.a(ringbuf.o)
 .data          0x000000000002f130        0x0 obj_cooja/mtype981.a(sicslowpan.o)
 .data          0x000000000002f130       0x14 obj_cooja/mtype981.a(uip-ds6-nbr.o)
                0x000000000002f140                ds6_neighbors
 .data          0x000000000002f144       0x44 obj_cooja/mtype981.a(uip-ds6-route.o)
                0x000000000002f154                nbr_routes
 .data          0x000000000002f188        0x0 obj_cooja/mtype981.a(uip-ds6.o)
 .data          0x000000000002f188        0x0 obj_cooja/mtype981.a(uip6.o)
 .data          0x000000000002f188       0x10 obj_cooja/mtype981.a(tcpip.o)
                0x000000000002f188                tcpip_process
 .data          0x000000000002f198        0x0 obj_cooja/mtype981.a(uip-debug.o)
 .data          0x000000000002f198        0xc obj_cooja/mtype981.a(uip-packetqueue)
 .data          0x000000000002f1a4        0x0 obj_cooja/mtype981.a(uip-udp-packet.)
 .data          0x000000000002f1a4       0x28 obj_cooja/mtype981.a(rpl-dag.o)
                0x000000000002f1b4                rpl_parents
                0x000000000002f1c8                rpl_children
 .data          0x000000000002f1cc        0x0 obj_cooja/mtype981.a(rpl-ext-header.)
 .data          0x000000000002f1cc       0x34 obj_cooja/mtype981.a(rpl-icmp6.o)
 .data          0x000000000002f200       0x1c obj_cooja/mtype981.a(rpl-of0.o)
                0x000000000002f200                rpl_of0
 .data          0x000000000002f21c        0x0 obj_cooja/mtype981.a(rpl-timers.o)
 .data          0x000000000002f21c        0x0 obj_cooja/mtype981.a(rpl.o)
 .data          0x000000000002f21c        0x0 obj_cooja/mtype981.a(framer-802154.o)
 .data          0x000000000002f21c        0x0 obj_cooja/mtype981.a(nullmac.o)
 .data          0x000000000002f21c       0x30 obj_cooja/mtype981.a(cxmac.o)
                0x000000000002f21c                cxmac_config
                0x000000000002f22c                strobe_wait
 .data          0x000000000002f24c        0x0 obj_cooja/mtype981.a(linkaddr.o)
 .data          0x000000000002f24c       0x10 obj_cooja/mtype981.a(nbr-table.o)
 .data          0x000000000002f25c        0x0 obj_cooja/mtype981.a(netstack.o)
 .data          0x000000000002f25c        0x4 obj_cooja/mtype981.a(packetbuf.o)
 .data          0x000000000002f260       0x18 obj_cooja/mtype981.a(queuebuf.o)
 .data          0x000000000002f278        0x0 obj_cooja/mtype981.a(nullsec.o)
 .data          0x000000000002f278        0x0 obj_cooja/mtype981.a(watchdog.o)
 .data          0x000000000002f278        0x0 obj_cooja/mtype981.a(rimestats.o)
 .data          0x000000000002f278        0x0 obj_cooja/mtype981.a(leds.o)
 .data          0x000000000002f278        0x0 obj_cooja/mtype981.a(memb.o)
 .data          0x000000000002f278       0x20 obj_cooja/mtype981.a(uip-icmp6.o)
 .data          0x000000000002f298        0x0 obj_cooja/mtype981.a(uip-nd6.o)
 .data          0x000000000002f298        0x0 obj_cooja/mtype981.a(rpl-nbr-policy.)
 .data          0x000000000002f298        0x2 obj_cooja/mtype981.a(frame802154.o)
 .data          0x000000000002f29a        0x0 obj_cooja/mtype981.a(mac.o)
 .data          0x000000000002f29a        0x0 /usr/lib/gcc/i686-linux-gnu/4.8/crtendS.o
 .data          0x000000000002f29a        0x0 /usr/lib/gcc/i686-linux-gnu/4.8/../../../i386-linux-gnu/crtn.o

.tm_clone_table
                0x000000000002f29c        0x0
 .tm_clone_table
                0x000000000002f29c        0x0 /usr/lib/gcc/i686-linux-gnu/4.8/crtbeginS.o
 .tm_clone_table
                0x000000000002f29c        0x0 /usr/lib/gcc/i686-linux-gnu/4.8/crtendS.o

.data1
 *(.data1)
                0x000000000002f29c                _edata = .
                0x000000000002f29c                PROVIDE (edata, .)
                0x000000000002f29c                . = .
                0x000000000002f29c                __bss_start = .

.bss            0x000000000002f2a0     0x8348
 *(.dynbss)
 .dynbss        0x0000000000000000        0x0 /usr/lib/gcc/i686-linux-gnu/4.8/../../../i386-linux-gnu/crti.o
 *(.bss .bss.* .gnu.linkonce.b.*)
 .bss           0x000000000002f2a0        0x0 /usr/lib/gcc/i686-linux-gnu/4.8/../../../i386-linux-gnu/crti.o
 .bss           0x000000000002f2a0        0x1 /usr/lib/gcc/i686-linux-gnu/4.8/crtbeginS.o
 *fill*         0x000000000002f2a1       0x1f 
 .bss           0x000000000002f2c0       0x60 udp-client.co
                0x000000000002f2c0                my_weight
 .bss           0x000000000002f320     0x2030 obj_cooja/mtype981.o
 .bss           0x0000000000031350        0x1 obj_cooja/mtype981.a(simEnvChange.o)
                0x0000000000031350                simDontFallAsleep
 *fill*         0x0000000000031351        0x3 
 .bss           0x0000000000031354        0x4 obj_cooja/mtype981.a(cooja_mt.o)
 .bss           0x0000000000031358        0x4 obj_cooja/mtype981.a(cooja_mtarch.o)
 .bss           0x000000000003135c        0xc obj_cooja/mtype981.a(rtimer-arch.o)
 .bss           0x0000000000031368        0x0 obj_cooja/mtype981.a(beep.o)
 .bss           0x0000000000031368        0x8 obj_cooja/mtype981.a(button-sensor.o)
 .bss           0x0000000000031370        0x0 obj_cooja/mtype981.a(leds-arch.o)
 .bss           0x0000000000031370        0x0 obj_cooja/mtype981.a(moteid.o)
 .bss           0x0000000000031370        0x1 obj_cooja/mtype981.a(pir-sensor.o)
                0x0000000000031370                simPirValue
 *fill*         0x0000000000031371        0x3 
 .bss           0x0000000000031374        0x4 obj_cooja/mtype981.a(rs232.o)
 .bss           0x0000000000031378        0x1 obj_cooja/mtype981.a(vib-sensor.o)
                0x0000000000031378                simVibValue
 .bss           0x0000000000031379        0x0 obj_cooja/mtype981.a(clock.o)
 *fill*         0x0000000000031379        0x7 
 .bss           0x0000000000031380      0x420 obj_cooja/mtype981.a(log.o)
 .bss           0x00000000000317a0      0xfc0 obj_cooja/mtype981.a(cfs-cooja.o)
                0x00000000000317a0                simCFSData
                0x0000000000032740                simCFSSize
                0x0000000000032744                simCFSChanged
                0x0000000000032748                simCFSRead
                0x000000000003274c                simCFSWritten
 .bss           0x0000000000032760       0x24 obj_cooja/mtype981.a(cooja-radio.o)
                0x0000000000032760                simReceivingLR
                0x0000000000032764                simInSizeLR
                0x0000000000032768                simOutSizeLR
                0x000000000003276c                simReceiving
                0x0000000000032770                simInSize
                0x0000000000032774                simOutSize
                0x0000000000032778                LongRangeTransmit
                0x000000000003277c                LongRangeReceiving
 .bss           0x0000000000032784        0xc obj_cooja/mtype981.a(eeprom.o)
                0x0000000000032784                simEEPROMChanged
                0x0000000000032788                simEEPROMRead
                0x000000000003278c                simEEPROMWritten
 .bss           0x0000000000032790        0x0 obj_cooja/mtype981.a(random.o)
 .bss           0x0000000000032790        0xc obj_cooja/mtype981.a(sensors.o)
 .bss           0x000000000003279c       0x28 obj_cooja/mtype981.a(dual_conf.o)
                0x000000000003279c                long_range_radio
 .bss           0x00000000000327c4        0x0 obj_cooja/mtype981.a(autostart.o)
 .bss           0x00000000000327c4        0x5 obj_cooja/mtype981.a(ctimer.o)
 *fill*         0x00000000000327c9        0x3 
 .bss           0x00000000000327cc        0x8 obj_cooja/mtype981.a(etimer.o)
 .bss           0x00000000000327d4        0x0 obj_cooja/mtype981.a(log_message.o)
 *fill*         0x00000000000327d4        0xc 
 .bss           0x00000000000327e0      0x1b1 obj_cooja/mtype981.a(process.o)
                0x00000000000327e0                process_list
                0x00000000000327e4                process_current
 .bss           0x0000000000032991        0x0 obj_cooja/mtype981.a(residual.o)
 *fill*         0x0000000000032991        0x3 
 .bss           0x0000000000032994        0x4 obj_cooja/mtype981.a(rtimer.o)
 .bss           0x0000000000032998        0x0 obj_cooja/mtype981.a(stimer.o)
 .bss           0x0000000000032998        0x0 obj_cooja/mtype981.a(timer.o)
 *fill*         0x0000000000032998        0x8 
 .bss           0x00000000000329a0      0x140 obj_cooja/mtype981.a(serial-line.o)
 .bss           0x0000000000032ae0        0x0 obj_cooja/mtype981.a(list.o)
 .bss           0x0000000000032ae0        0x0 obj_cooja/mtype981.a(ringbuf.o)
 .bss           0x0000000000032ae0      0x70c obj_cooja/mtype981.a(sicslowpan.o)
 *fill*         0x00000000000331ec       0x14 
 .bss           0x0000000000033200       0xc0 obj_cooja/mtype981.a(uip-ds6-nbr.o)
 .bss           0x00000000000332c0      0x4a8 obj_cooja/mtype981.a(uip-ds6-route.o)
 .bss           0x0000000000033768       0x30 obj_cooja/mtype981.a(uip-ds6.o)
 .bss           0x0000000000033798        0xe obj_cooja/mtype981.a(uip6.o)
                0x0000000000033798                uip_ext_bitmap
                0x0000000000033799                uip_ext_len
                0x000000000003379a                uip_ext_opt_offset
 *fill*         0x00000000000337a6       0x1a 
 .bss           0x00000000000337c0       0x6b obj_cooja/mtype981.a(tcpip.o)
 .bss           0x000000000003382b        0x0 obj_cooja/mtype981.a(uip-debug.o)
 *fill*         0x000000000003382b       0x15 
 .bss           0x0000000000033840      0xcf8 obj_cooja/mtype981.a(uip-packetqueue)
 .bss           0x0000000000034538        0x0 obj_cooja/mtype981.a(uip-udp-packet.)
 *fill*         0x0000000000034538        0x8 
 .bss           0x0000000000034540       0x88 obj_cooja/mtype981.a(rpl-dag.o)
 .bss           0x00000000000345c8        0x0 obj_cooja/mtype981.a(rpl-ext-header.)
 .bss           0x00000000000345c8        0x0 obj_cooja/mtype981.a(rpl-icmp6.o)
 .bss           0x00000000000345c8        0x0 obj_cooja/mtype981.a(rpl-of0.o)
 *fill*         0x00000000000345c8       0x18 
 .bss           0x00000000000345e0       0x60 obj_cooja/mtype981.a(rpl-timers.o)
 .bss           0x0000000000034640        0x4 obj_cooja/mtype981.a(rpl.o)
 .bss           0x0000000000034644        0x2 obj_cooja/mtype981.a(framer-802154.o)
 .bss           0x0000000000034646        0x0 obj_cooja/mtype981.a(nullmac.o)
 *fill*         0x0000000000034646       0x1a 
 .bss           0x0000000000034660       0xb0 obj_cooja/mtype981.a(cxmac.o)
 .bss           0x0000000000034710        0x0 obj_cooja/mtype981.a(linkaddr.o)
 *fill*         0x0000000000034710       0x10 
 .bss           0x0000000000034720       0xc4 obj_cooja/mtype981.a(nbr-table.o)
 .bss           0x00000000000347e4        0x0 obj_cooja/mtype981.a(netstack.o)
 *fill*         0x00000000000347e4       0x1c 
 .bss           0x0000000000034800       0xa0 obj_cooja/mtype981.a(packetbuf.o)
 .bss           0x00000000000348a0      0xb80 obj_cooja/mtype981.a(queuebuf.o)
 .bss           0x0000000000035420        0x0 obj_cooja/mtype981.a(nullsec.o)
 .bss           0x0000000000035420        0x0 obj_cooja/mtype981.a(watchdog.o)
 .bss           0x0000000000035420        0x0 obj_cooja/mtype981.a(rimestats.o)
 .bss           0x0000000000035420        0x1 obj_cooja/mtype981.a(leds.o)
 .bss           0x0000000000035421        0x0 obj_cooja/mtype981.a(memb.o)
 *fill*         0x0000000000035421        0x3 
 .bss           0x0000000000035424       0x18 obj_cooja/mtype981.a(uip-icmp6.o)
 .bss           0x000000000003543c        0x0 obj_cooja/mtype981.a(uip-nd6.o)
 *fill*         0x000000000003543c        0x4 
 .bss           0x0000000000035440       0x44 obj_cooja/mtype981.a(rpl-nbr-policy.)
 .bss           0x0000000000035484        0x0 obj_cooja/mtype981.a(frame802154.o)
 .bss           0x0000000000035484        0x0 obj_cooja/mtype981.a(mac.o)
 .bss           0x0000000000035484        0x0 /usr/lib/gcc/i686-linux-gnu/4.8/crtendS.o
 .bss           0x0000000000035484        0x0 /usr/lib/gcc/i686-linux-gnu/4.8/../../../i386-linux-gnu/crtn.o
 *(COMMON)
 COMMON         0x0000000000035484       0x49 udp-client.co
                0x0000000000035484                dio_count
                0x0000000000035488                dis_count
                0x000000000003548c                collision_count
                0x0000000000035490                transmission_count
                0x0000000000035494                COOJA_radioRxLong
                0x0000000000035498                control_message_count
                0x000000000003549c                dao_count
                0x00000000000354a0                COOJA_radioTx
                0x00000000000354a4                data_relay_count
                0x00000000000354a8                data_message_count
                0x00000000000354ac                my_sink_reachability
                0x00000000000354b0                COOJA_radioTxLong
                0x00000000000354b4                COOJA_radioRx
                0x00000000000354b8                long_duty_on
                0x00000000000354b9                my_parent_number
                0x00000000000354bc                COOJA_radioOn
                0x00000000000354c0                COOJA_duration
                0x00000000000354c4                dio_ack_count
                0x00000000000354c8                COOJA_radioOnLong
                0x00000000000354cc                short_duty_on
 *fill*         0x00000000000354cd        0x3 
 COMMON         0x00000000000354d0        0xc obj_cooja/mtype981.o
                0x00000000000354d0                referenceVar
                0x00000000000354d4                debugfp
                0x00000000000354d8                sensors_flags
 COMMON         0x00000000000354dc        0xc obj_cooja/mtype981.a(simEnvChange.o)
                0x00000000000354dc                simEtimerPending
                0x00000000000354e0                simProcessRunValue
                0x00000000000354e4                simNextExpirationTime
 COMMON         0x00000000000354e8        0x1 obj_cooja/mtype981.a(beep.o)
                0x00000000000354e8                simBeeped
 COMMON         0x00000000000354e9        0x3 obj_cooja/mtype981.a(button-sensor.o)
                0x00000000000354e9                simButtonIsActive
                0x00000000000354ea                simButtonIsDown
                0x00000000000354eb                simButtonChanged
 COMMON         0x00000000000354ec        0x1 obj_cooja/mtype981.a(leds-arch.o)
                0x00000000000354ec                simLedsValue
 *fill*         0x00000000000354ed        0x3 
 COMMON         0x00000000000354f0        0xc obj_cooja/mtype981.a(moteid.o)
                0x00000000000354f0                simRandomSeed
                0x00000000000354f4                simMoteIDChanged
                0x00000000000354f8                simMoteID
 COMMON         0x00000000000354fc        0x2 obj_cooja/mtype981.a(pir-sensor.o)
                0x00000000000354fc                simPirIsActive
                0x00000000000354fd                simPirChanged
 *fill*         0x00000000000354fe        0x2 
 COMMON         0x0000000000035500      0x820 obj_cooja/mtype981.a(rs232.o)
                0x0000000000035500                simSerialReceivingFlag
                0x0000000000035504                simSerialReceivingLength
                0x0000000000035520                simSerialReceivingData
 COMMON         0x0000000000035d20        0x2 obj_cooja/mtype981.a(vib-sensor.o)
                0x0000000000035d20                simVibChanged
                0x0000000000035d21                simVibIsActive
 *fill*         0x0000000000035d22        0x2 
 COMMON         0x0000000000035d24        0x4 obj_cooja/mtype981.a(clock.o)
                0x0000000000035d24                simCurrentTime
 *fill*         0x0000000000035d28       0x18 
 COMMON         0x0000000000035d40      0x420 obj_cooja/mtype981.a(log.o)
                0x0000000000035d40                simLoggedLength
                0x0000000000035d44                simLoggedFlag
                0x0000000000035d60                simLoggedData
 COMMON         0x0000000000036160      0x240 obj_cooja/mtype981.a(cooja-radio.o)
                0x0000000000036160                simOutDataBuffer
                0x00000000000361e0                simRadioTarget
                0x0000000000036200                simInDataBufferLR
                0x0000000000036280                simOutDataBufferLR
                0x0000000000036300                dual_duty_cycle_count
                0x0000000000036320                simInDataBuffer
 COMMON         0x00000000000363a0      0x400 obj_cooja/mtype981.a(eeprom.o)
                0x00000000000363a0                simEEPROMData
 COMMON         0x00000000000367a0        0x1 obj_cooja/mtype981.a(sensors.o)
                0x00000000000367a0                sensors_event
 *fill*         0x00000000000367a1        0x3 
 COMMON         0x00000000000367a4        0x4 obj_cooja/mtype981.a(log_message.o)
                0x00000000000367a4                log_fp
 COMMON         0x00000000000367a8        0x1 obj_cooja/mtype981.a(serial-line.o)
                0x00000000000367a8                serial_line_event_message
 *fill*         0x00000000000367a9       0x17 
 COMMON         0x00000000000367c0       0x50 obj_cooja/mtype981.a(uip-ds6-nbr.o)
                0x00000000000367c0                ds6_lr_addrmap
 *fill*         0x0000000000036810       0x10 
 COMMON         0x0000000000036820      0x298 obj_cooja/mtype981.a(uip-ds6.o)
                0x0000000000036820                uip_ds6_prefix_list
                0x0000000000036880                uip_ds6_timer_periodic
                0x0000000000036890                uip_ds6_netif_addr_list_offset
                0x00000000000368a0                uip_ds6_if
                0x0000000000036998                uip_ds6_timer_ra
                0x00000000000369a0                uip_ds6_addr_size
                0x00000000000369c0                long_uip_ds6_if
 *fill*         0x0000000000036ab8        0x8 
 COMMON         0x0000000000036ac0      0x8ec obj_cooja/mtype981.a(uip6.o)
                0x0000000000036ac0                uip_slen
                0x0000000000036ac2                uip_acc32
                0x0000000000036ae0                uip_conns
                0x0000000000036ba0                uip_lladdr
                0x0000000000036ba8                uip_appdata
                0x0000000000036bac                uip_flags
                0x0000000000036bc0                uip_aligned_buf
                0x0000000000037200                uip_listenports
                0x0000000000037210                uip_len
                0x0000000000037212                uip_long_lladdr
                0x000000000003721c                uip_sappdata
                0x0000000000037220                uip_udp_conns
                0x00000000000373a0                uip_udp_conn
                0x00000000000373a4                uip_next_hdr
                0x00000000000373a8                uip_conn
 COMMON         0x00000000000373ac        0x1 obj_cooja/mtype981.a(tcpip.o)
                0x00000000000373ac                tcpip_event
 *fill*         0x00000000000373ad       0x13 
 COMMON         0x00000000000373c0      0x198 obj_cooja/mtype981.a(rpl-dag.o)
                0x00000000000373c0                default_instance
                0x00000000000373e0                instance_table
 COMMON         0x0000000000037558       0x10 obj_cooja/mtype981.a(linkaddr.o)
                0x0000000000037558                linkaddr_node_addr
                0x0000000000037560                long_linkaddr_node_addr
 COMMON         0x0000000000037568       0x2e obj_cooja/mtype981.a(packetbuf.o)
                0x0000000000037568                packetbuf_attrs
                0x0000000000037586                packetbuf_addrs
 *fill*         0x0000000000037596        0xa 
 COMMON         0x00000000000375a0       0x48 obj_cooja/mtype981.a(rimestats.o)
                0x00000000000375a0                rimestats
                0x00000000000375e8                . = ALIGN ((. != 0x0)?0x4:0x1)
                0x00000000000375e8                . = ALIGN (0x4)
                0x00000000000375e8                . = SEGMENT_START ("ldata-segment", .)
                0x00000000000375e8                . = ALIGN (0x4)
                0x00000000000375e8                _end = .
                0x00000000000375e8                PROVIDE (end, .)
                0x00000000000375e8                . = DATA_SEGMENT_END (.)

.stab
 *(.stab)

.stabstr
 *(.stabstr)

.stab.excl
 *(.stab.excl)

.stab.exclstr
 *(.stab.exclstr)

.stab.index
 *(.stab.index)

.stab.indexstr
 *(.stab.indexstr)

.comment        0x0000000000000000       0x29
 *(.comment)
 .comment       0x0000000000000000       0x29 /usr/lib/gcc/i686-linux-gnu/4.8/crtbeginS.o
                                         0x2a (size before relaxing)
 .comment       0x0000000000000000       0x2a udp-client.co
 .comment       0x0000000000000000       0x2a obj_cooja/mtype981.o
 .comment       0x0000000000000000       0x2a obj_cooja/mtype981.a(simEnvChange.o)
 .comment       0x0000000000000000       0x2a obj_cooja/mtype981.a(cooja_mt.o)
 .comment       0x0000000000000000       0x2a obj_cooja/mtype981.a(cooja_mtarch.o)
 .comment       0x0000000000000000       0x2a obj_cooja/mtype981.a(rtimer-arch.o)
 .comment       0x0000000000000000       0x2a obj_cooja/mtype981.a(beep.o)
 .comment       0x0000000000000000       0x2a obj_cooja/mtype981.a(button-sensor.o)
 .comment       0x0000000000000000       0x2a obj_cooja/mtype981.a(leds-arch.o)
 .comment       0x0000000000000000       0x2a obj_cooja/mtype981.a(moteid.o)
 .comment       0x0000000000000000       0x2a obj_cooja/mtype981.a(pir-sensor.o)
 .comment       0x0000000000000000       0x2a obj_cooja/mtype981.a(rs232.o)
 .comment       0x0000000000000000       0x2a obj_cooja/mtype981.a(vib-sensor.o)
 .comment       0x0000000000000000       0x2a obj_cooja/mtype981.a(clock.o)
 .comment       0x0000000000000000       0x2a obj_cooja/mtype981.a(log.o)
 .comment       0x0000000000000000       0x2a obj_cooja/mtype981.a(cfs-cooja.o)
 .comment       0x0000000000000000       0x2a obj_cooja/mtype981.a(cooja-radio.o)
 .comment       0x0000000000000000       0x2a obj_cooja/mtype981.a(eeprom.o)
 .comment       0x0000000000000000       0x2a obj_cooja/mtype981.a(random.o)
 .comment       0x0000000000000000       0x2a obj_cooja/mtype981.a(sensors.o)
 .comment       0x0000000000000000       0x2a obj_cooja/mtype981.a(dual_conf.o)
 .comment       0x0000000000000000       0x2a obj_cooja/mtype981.a(autostart.o)
 .comment       0x0000000000000000       0x2a obj_cooja/mtype981.a(ctimer.o)
 .comment       0x0000000000000000       0x2a obj_cooja/mtype981.a(etimer.o)
 .comment       0x0000000000000000       0x2a obj_cooja/mtype981.a(log_message.o)
 .comment       0x0000000000000000       0x2a obj_cooja/mtype981.a(process.o)
 .comment       0x0000000000000000       0x2a obj_cooja/mtype981.a(residual.o)
 .comment       0x0000000000000000       0x2a obj_cooja/mtype981.a(rtimer.o)
 .comment       0x0000000000000000       0x2a obj_cooja/mtype981.a(stimer.o)
 .comment       0x0000000000000000       0x2a obj_cooja/mtype981.a(timer.o)
 .comment       0x0000000000000000       0x2a obj_cooja/mtype981.a(serial-line.o)
 .comment       0x0000000000000000       0x2a obj_cooja/mtype981.a(list.o)
 .comment       0x0000000000000000       0x2a obj_cooja/mtype981.a(ringbuf.o)
 .comment       0x0000000000000000       0x2a obj_cooja/mtype981.a(sicslowpan.o)
 .comment       0x0000000000000000       0x2a obj_cooja/mtype981.a(uip-ds6-nbr.o)
 .comment       0x0000000000000000       0x2a obj_cooja/mtype981.a(uip-ds6-route.o)
 .comment       0x0000000000000000       0x2a obj_cooja/mtype981.a(uip-ds6.o)
 .comment       0x0000000000000000       0x2a obj_cooja/mtype981.a(uip6.o)
 .comment       0x0000000000000000       0x2a obj_cooja/mtype981.a(tcpip.o)
 .comment       0x0000000000000000       0x2a obj_cooja/mtype981.a(uip-debug.o)
 .comment       0x0000000000000000       0x2a obj_cooja/mtype981.a(uip-packetqueue)
 .comment       0x0000000000000000       0x2a obj_cooja/mtype981.a(uip-udp-packet.)
 .comment       0x0000000000000000       0x2a obj_cooja/mtype981.a(rpl-dag.o)
 .comment       0x0000000000000000       0x2a obj_cooja/mtype981.a(rpl-ext-header.)
 .comment       0x0000000000000000       0x2a obj_cooja/mtype981.a(rpl-icmp6.o)
 .comment       0x0000000000000000       0x2a obj_cooja/mtype981.a(rpl-of0.o)
 .comment       0x0000000000000000       0x2a obj_cooja/mtype981.a(rpl-timers.o)
 .comment       0x0000000000000000       0x2a obj_cooja/mtype981.a(rpl.o)
 .comment       0x0000000000000000       0x2a obj_cooja/mtype981.a(framer-802154.o)
 .comment       0x0000000000000000       0x2a obj_cooja/mtype981.a(nullmac.o)
 .comment       0x0000000000000000       0x2a obj_cooja/mtype981.a(cxmac.o)
 .comment       0x0000000000000000       0x2a obj_cooja/mtype981.a(linkaddr.o)
 .comment       0x0000000000000000       0x2a obj_cooja/mtype981.a(nbr-table.o)
 .comment       0x0000000000000000       0x2a obj_cooja/mtype981.a(netstack.o)
 .comment       0x0000000000000000       0x2a obj_cooja/mtype981.a(packetbuf.o)
 .comment       0x0000000000000000       0x2a obj_cooja/mtype981.a(queuebuf.o)
 .comment       0x0000000000000000       0x2a obj_cooja/mtype981.a(nullsec.o)
 .comment       0x0000000000000000       0x2a obj_cooja/mtype981.a(watchdog.o)
 .comment       0x0000000000000000       0x2a obj_cooja/mtype981.a(rimestats.o)
 .comment       0x0000000000000000       0x2a obj_cooja/mtype981.a(leds.o)
 .comment       0x0000000000000000       0x2a obj_cooja/mtype981.a(memb.o)
 .comment       0x0000000000000000       0x2a obj_cooja/mtype981.a(uip-icmp6.o)
 .comment       0x0000000000000000       0x2a obj_cooja/mtype981.a(uip-nd6.o)
 .comment       0x0000000000000000       0x2a obj_cooja/mtype981.a(rpl-nbr-policy.)
 .comment       0x0000000000000000       0x2a obj_cooja/mtype981.a(frame802154.o)
 .comment       0x0000000000000000       0x2a obj_cooja/mtype981.a(mac.o)
 .comment       0x0000000000000000       0x2a /usr/lib/gcc/i686-linux-gnu/4.8/crtendS.o

.debug
 *(.debug)

.line
 *(.line)

.debug_srcinfo
 *(.debug_srcinfo)

.debug_sfnames
 *(.debug_sfnames)

.debug_aranges  0x0000000000000000      0x838
 *(.debug_aranges)
 .debug_aranges
                0x0000000000000000       0x20 udp-client.co
 .debug_aranges
                0x0000000000000020       0x20 obj_cooja/mtype981.o
 .debug_aranges
                0x0000000000000040       0x20 obj_cooja/mtype981.a(simEnvChange.o)
 .debug_aranges
                0x0000000000000060       0x20 obj_cooja/mtype981.a(cooja_mt.o)
 .debug_aranges
                0x0000000000000080       0x20 obj_cooja/mtype981.a(cooja_mtarch.o)
 .debug_aranges
                0x00000000000000a0       0x20 obj_cooja/mtype981.a(rtimer-arch.o)
 .debug_aranges
                0x00000000000000c0       0x20 obj_cooja/mtype981.a(beep.o)
 .debug_aranges
                0x00000000000000e0       0x20 obj_cooja/mtype981.a(button-sensor.o)
 .debug_aranges
                0x0000000000000100       0x20 obj_cooja/mtype981.a(leds-arch.o)
 .debug_aranges
                0x0000000000000120       0x20 obj_cooja/mtype981.a(moteid.o)
 .debug_aranges
                0x0000000000000140       0x20 obj_cooja/mtype981.a(pir-sensor.o)
 .debug_aranges
                0x0000000000000160       0x20 obj_cooja/mtype981.a(rs232.o)
 .debug_aranges
                0x0000000000000180       0x20 obj_cooja/mtype981.a(vib-sensor.o)
 .debug_aranges
                0x00000000000001a0       0x20 obj_cooja/mtype981.a(clock.o)
 .debug_aranges
                0x00000000000001c0       0x20 obj_cooja/mtype981.a(log.o)
 .debug_aranges
                0x00000000000001e0       0x20 obj_cooja/mtype981.a(cfs-cooja.o)
 .debug_aranges
                0x0000000000000200       0x20 obj_cooja/mtype981.a(cooja-radio.o)
 .debug_aranges
                0x0000000000000220       0x20 obj_cooja/mtype981.a(eeprom.o)
 .debug_aranges
                0x0000000000000240       0x20 obj_cooja/mtype981.a(random.o)
 .debug_aranges
                0x0000000000000260       0x20 obj_cooja/mtype981.a(sensors.o)
 .debug_aranges
                0x0000000000000280       0x20 obj_cooja/mtype981.a(dual_conf.o)
 .debug_aranges
                0x00000000000002a0       0x20 obj_cooja/mtype981.a(autostart.o)
 .debug_aranges
                0x00000000000002c0       0x20 obj_cooja/mtype981.a(ctimer.o)
 .debug_aranges
                0x00000000000002e0       0x20 obj_cooja/mtype981.a(etimer.o)
 .debug_aranges
                0x0000000000000300       0x20 obj_cooja/mtype981.a(log_message.o)
 .debug_aranges
                0x0000000000000320       0x20 obj_cooja/mtype981.a(process.o)
 .debug_aranges
                0x0000000000000340       0x20 obj_cooja/mtype981.a(residual.o)
 .debug_aranges
                0x0000000000000360       0x20 obj_cooja/mtype981.a(rtimer.o)
 .debug_aranges
                0x0000000000000380       0x20 obj_cooja/mtype981.a(stimer.o)
 .debug_aranges
                0x00000000000003a0       0x20 obj_cooja/mtype981.a(timer.o)
 .debug_aranges
                0x00000000000003c0       0x20 obj_cooja/mtype981.a(serial-line.o)
 .debug_aranges
                0x00000000000003e0       0x20 obj_cooja/mtype981.a(list.o)
 .debug_aranges
                0x0000000000000400       0x20 obj_cooja/mtype981.a(ringbuf.o)
 .debug_aranges
                0x0000000000000420       0x20 obj_cooja/mtype981.a(sicslowpan.o)
 .debug_aranges
                0x0000000000000440       0x20 obj_cooja/mtype981.a(uip-ds6-nbr.o)
 .debug_aranges
                0x0000000000000460       0x20 obj_cooja/mtype981.a(uip-ds6-route.o)
 .debug_aranges
                0x0000000000000480       0x20 obj_cooja/mtype981.a(uip-ds6.o)
 .debug_aranges
                0x00000000000004a0       0x20 obj_cooja/mtype981.a(uip6.o)
 .debug_aranges
                0x00000000000004c0       0x20 obj_cooja/mtype981.a(tcpip.o)
 .debug_aranges
                0x00000000000004e0       0x20 obj_cooja/mtype981.a(uip-debug.o)
 .debug_aranges
                0x0000000000000500       0x20 obj_cooja/mtype981.a(uip-packetqueue)
 .debug_aranges
                0x0000000000000520       0x20 obj_cooja/mtype981.a(uip-udp-packet.)
 .debug_aranges
                0x0000000000000540       0x20 obj_cooja/mtype981.a(rpl-dag.o)
 .debug_aranges
                0x0000000000000560       0x20 obj_cooja/mtype981.a(rpl-ext-header.)
 .debug_aranges
                0x0000000000000580       0x20 obj_cooja/mtype981.a(rpl-icmp6.o)
 .debug_aranges
                0x00000000000005a0       0x20 obj_cooja/mtype981.a(rpl-of0.o)
 .debug_aranges
                0x00000000000005c0       0x20 obj_cooja/mtype981.a(rpl-timers.o)
 .debug_aranges
                0x00000000000005e0       0x20 obj_cooja/mtype981.a(rpl.o)
 .debug_aranges
                0x0000000000000600       0x20 obj_cooja/mtype981.a(framer-802154.o)
 .debug_aranges
                0x0000000000000620       0x20 obj_cooja/mtype981.a(nullmac.o)
 .debug_aranges
                0x0000000000000640       0x20 obj_cooja/mtype981.a(cxmac.o)
 .debug_aranges
                0x0000000000000660       0x20 obj_cooja/mtype981.a(linkaddr.o)
 .debug_aranges
                0x0000000000000680       0x20 obj_cooja/mtype981.a(nbr-table.o)
 .debug_aranges
                0x00000000000006a0       0x20 obj_cooja/mtype981.a(netstack.o)
 .debug_aranges
                0x00000000000006c0       0x20 obj_cooja/mtype981.a(packetbuf.o)
 .debug_aranges
                0x00000000000006e0       0x20 obj_cooja/mtype981.a(queuebuf.o)
 .debug_aranges
                0x0000000000000700       0x20 obj_cooja/mtype981.a(nullsec.o)
 .debug_aranges
                0x0000000000000720       0x20 obj_cooja/mtype981.a(watchdog.o)
 .debug_aranges
                0x0000000000000740       0x18 obj_cooja/mtype981.a(rimestats.o)
 .debug_aranges
                0x0000000000000758       0x20 obj_cooja/mtype981.a(leds.o)
 .debug_aranges
                0x0000000000000778       0x20 obj_cooja/mtype981.a(memb.o)
 .debug_aranges
                0x0000000000000798       0x20 obj_cooja/mtype981.a(uip-icmp6.o)
 .debug_aranges
                0x00000000000007b8       0x20 obj_cooja/mtype981.a(uip-nd6.o)
 .debug_aranges
                0x00000000000007d8       0x20 obj_cooja/mtype981.a(rpl-nbr-policy.)
 .debug_aranges
                0x00000000000007f8       0x20 obj_cooja/mtype981.a(frame802154.o)
 .debug_aranges
                0x0000000000000818       0x20 obj_cooja/mtype981.a(mac.o)

.debug_pubnames
 *(.debug_pubnames)

.debug_info     0x0000000000000000    0x1d169
 *(.debug_info .gnu.linkonce.wi.*)
 .debug_info    0x0000000000000000      0xa44 udp-client.co
 .debug_info    0x0000000000000a44     0x3ac4 obj_cooja/mtype981.o
 .debug_info    0x0000000000004508      0x15a obj_cooja/mtype981.a(simEnvChange.o)
 .debug_info    0x0000000000004662      0x1e2 obj_cooja/mtype981.a(cooja_mt.o)
 .debug_info    0x0000000000004844      0x2e7 obj_cooja/mtype981.a(cooja_mtarch.o)
 .debug_info    0x0000000000004b2b      0x16b obj_cooja/mtype981.a(rtimer-arch.o)
 .debug_info    0x0000000000004c96      0x1f3 obj_cooja/mtype981.a(beep.o)