Archive member included to satisfy reference by file (symbol)

obj_cooja/mtype680.a(simEnvChange.o)
                              obj_cooja/mtype680.o (simDontFallAsleep)
obj_cooja/mtype680.a(cooja_mt.o)
                              obj_cooja/mtype680.o (cooja_mt_start)
obj_cooja/mtype680.a(cooja_mtarch.o)
                              obj_cooja/mtype680.a(cooja_mt.o) (cooja_mtarch_init)
obj_cooja/mtype680.a(rtimer-arch.o)
                              obj_cooja/mtype680.o (rtimer_arch_next)
obj_cooja/mtype680.a(beep.o)  obj_cooja/mtype680.o (beep_interface)
obj_cooja/mtype680.a(button-sensor.o)
                              obj_cooja/mtype680.o (button_interface)
obj_cooja/mtype680.a(leds-arch.o)
                              obj_cooja/mtype680.o (leds_interface)
obj_cooja/mtype680.a(moteid.o)
                              obj_cooja/mtype680.o (moteid_interface)
obj_cooja/mtype680.a(pir-sensor.o)
                              obj_cooja/mtype680.o (pir_interface)
obj_cooja/mtype680.a(rs232.o)
                              obj_cooja/mtype680.o (rs232_interface)
obj_cooja/mtype680.a(vib-sensor.o)
                              obj_cooja/mtype680.o (vib_interface)
obj_cooja/mtype680.a(clock.o)
                              obj_cooja/mtype680.o (clock_interface)
obj_cooja/mtype680.a(log.o)   obj_cooja/mtype680.o (simlog_interface)
obj_cooja/mtype680.a(cfs-cooja.o)
                              obj_cooja/mtype680.o (cfs_interface)
obj_cooja/mtype680.a(cooja-radio.o)
                              obj_cooja/mtype680.o (radio_interface)
obj_cooja/mtype680.a(eeprom.o)
                              obj_cooja/mtype680.o (eeprom_interface)
obj_cooja/mtype680.a(random.o)
                              obj_cooja/mtype680.a(moteid.o) (random_init)
obj_cooja/mtype680.a(sensors.o)
                              udp-server.co (sensors_event)
obj_cooja/mtype680.a(dual_conf.o)
                              obj_cooja/mtype680.a(cooja-radio.o) (long_range_radio)
obj_cooja/mtype680.a(autostart.o)
                              obj_cooja/mtype680.o (autostart_start)
obj_cooja/mtype680.a(ctimer.o)
                              obj_cooja/mtype680.o (ctimer_init)
obj_cooja/mtype680.a(etimer.o)
                              obj_cooja/mtype680.o (etimer_process)
obj_cooja/mtype680.a(log_message.o)
                              obj_cooja/mtype680.o (log_initialization)
obj_cooja/mtype680.a(process.o)
                              udp-server.co (process_current)
obj_cooja/mtype680.a(residual.o)
                              obj_cooja/mtype680.o (get_residual_energy)
obj_cooja/mtype680.a(rtimer.o)
                              obj_cooja/mtype680.a(rtimer-arch.o) (rtimer_run_next)
obj_cooja/mtype680.a(timer.o)
                              obj_cooja/mtype680.a(button-sensor.o) (timer_set)
obj_cooja/mtype680.a(serial-line.o)
                              obj_cooja/mtype680.a(rs232.o) (serial_line_input_byte)
obj_cooja/mtype680.a(list.o)  obj_cooja/mtype680.a(ctimer.o) (list_init)
obj_cooja/mtype680.a(ringbuf.o)
                              obj_cooja/mtype680.a(serial-line.o) (ringbuf_init)
obj_cooja/mtype680.a(sicslowpan.o)
                              obj_cooja/mtype680.o (sicslowpan_driver)
obj_cooja/mtype680.a(uip-ds6-nbr.o)
                              obj_cooja/mtype680.a(sicslowpan.o) (uip_ds6_link_neighbor_callback)
obj_cooja/mtype680.a(uip-ds6.o)
                              udp-server.co (uip_ds6_if)
obj_cooja/mtype680.a(uip6.o)  obj_cooja/mtype680.o (uip_lladdr)
obj_cooja/mtype680.a(tcpip.o)
                              udp-server.co (tcpip_event)
obj_cooja/mtype680.a(uip-debug.o)
                              udp-server.co (uip_debug_ipaddr_print)
obj_cooja/mtype680.a(uip-packetqueue)
                              obj_cooja/mtype680.a(uip-ds6-nbr.o) (uip_packetqueue_new)
obj_cooja/mtype680.a(rpl-dag.o)
                              udp-server.co (rpl_set_root)
obj_cooja/mtype680.a(rpl-ext-header.)
                              obj_cooja/mtype680.a(uip6.o) (rpl_verify_header)
obj_cooja/mtype680.a(rpl-icmp6.o)
                              obj_cooja/mtype680.a(rpl-dag.o) (rpl_icmp6_update_nbr_table)
obj_cooja/mtype680.a(rpl-mrhof.o)
                              obj_cooja/mtype680.a(rpl-dag.o) (rpl_mrhof)
obj_cooja/mtype680.a(rpl-timers.o)
                              obj_cooja/mtype680.a(rpl-dag.o) (rpl_reset_dio_timer)
obj_cooja/mtype680.a(rpl.o)   obj_cooja/mtype680.a(rpl-icmp6.o) (rpl_get_mode)
obj_cooja/mtype680.a(framer-802154.o)
                              obj_cooja/mtype680.a(sicslowpan.o) (framer_802154)
obj_cooja/mtype680.a(nullmac.o)
                              udp-server.co (nullmac_driver)
obj_cooja/mtype680.a(cxmac.o)
                              obj_cooja/mtype680.o (cxmac_driver)
obj_cooja/mtype680.a(linkaddr.o)
                              obj_cooja/mtype680.o (linkaddr_node_addr)
obj_cooja/mtype680.a(nbr-table.o)
                              obj_cooja/mtype680.a(uip-ds6-nbr.o) (lladdr_map_add_lr)
[...]
Memory Configuration

Name             Origin             Length             Attributes
*default*        0x0000000000000000 0xffffffffffffffff

Linker script and memory map

LOAD /usr/lib/gcc/i686-linux-gnu/4.8/../../../i386-linux-gnu/crti.o
LOAD /usr/lib/gcc/i686-linux-gnu/4.8/crtbeginS.o
LOAD udp-server.co
LOAD obj_cooja/mtype680.o
LOAD obj_cooja/mtype680.a
LOAD /usr/lib/gcc/i686-linux-gnu/4.8/libgcc.a
LOAD /usr/lib/gcc/i686-linux-gnu/4.8/libgcc_s.so
LOAD /usr/lib/gcc/i686-linux-gnu/4.8/../../../i386-linux-gnu/libc.so
START GROUP
LOAD /lib/i386-linux-gnu/libc.so.6
LOAD /usr/lib/i386-linux-gnu/libc_nonshared.a
LOAD /lib/i386-linux-gnu/ld-linux.so.2
END GROUP
LOAD /usr/lib/gcc/i686-linux-gnu/4.8/libgcc.a
LOAD /usr/lib/gcc/i686-linux-gnu/4.8/libgcc_s.so
LOAD /usr/lib/gcc/i686-linux-gnu/4.8/crtendS.o
LOAD /usr/lib/gcc/i686-linux-gnu/4.8/../../../i386-linux-gnu/crtn.o
                0x0000000000000114                . = (0x0 + SIZEOF_HEADERS)

.note.gnu.build-id
                0x0000000000000114       0x24
 *(.note.gnu.build-id)
 .note.gnu.build-id
                0x0000000000000114       0x24 /usr/lib/gcc/i686-linux-gnu/4.8/../../../i386-linux-gnu/crti.o

.hash
 *(.hash)

.gnu.hash       0x0000000000000138     0x1340
 *(.gnu.hash)
 .gnu.hash      0x0000000000000138     0x1340 /usr/lib/gcc/i686-linux-gnu/4.8/../../../i386-linux-gnu/crti.o

.dynsym         0x0000000000001478     0x2560
 *(.dynsym)
 .dynsym        0x0000000000001478     0x2560 /usr/lib/gcc/i686-linux-gnu/4.8/../../../i386-linux-gnu/crti.o

.dynstr         0x00000000000039d8     0x2693
 *(.dynstr)
 .dynstr        0x00000000000039d8     0x2693 /usr/lib/gcc/i686-linux-gnu/4.8/../../../i386-linux-gnu/crti.o

.gnu.version    0x000000000000606c      0x4ac
 *(.gnu.version)
 .gnu.version   0x000000000000606c      0x4ac /usr/lib/gcc/i686-linux-gnu/4.8/../../../i386-linux-gnu/crti.o

.gnu.version_d  0x0000000000006518        0x0
 *(.gnu.version_d)
 .gnu.version_d
                0x0000000000000000        0x0 /usr/lib/gcc/i686-linux-gnu/4.8/../../../i386-linux-gnu/crti.o

.gnu.version_r  0x0000000000006518       0x50
 *(.gnu.version_r)
 .gnu.version_r
                0x0000000000006518       0x50 /usr/lib/gcc/i686-linux-gnu/4.8/../../../i386-linux-gnu/crti.o

.rel.dyn        0x0000000000006568     0x8e28
 *(.rel.init)
 .rel.init      0x0000000000000000        0x0 /usr/lib/gcc/i686-linux-gnu/4.8/../../../i386-linux-gnu/crti.o
 *(.rel.text .rel.text.* .rel.gnu.linkonce.t.*)
 .rel.text      0x0000000000006568     0x8698 /usr/lib/gcc/i686-linux-gnu/4.8/../../../i386-linux-gnu/crti.o
 *(.rel.fini)
 .rel.fini      0x0000000000000000        0x0 /usr/lib/gcc/i686-linux-gnu/4.8/../../../i386-linux-gnu/crti.o
 *(.rel.rodata .rel.rodata.* .rel.gnu.linkonce.r.*)
 .rel.rodata    0x000000000000ec00      0x4e0 /usr/lib/gcc/i686-linux-gnu/4.8/../../../i386-linux-gnu/crti.o
 *(.rel.data.rel.ro .rel.data.rel.ro.* .rel.gnu.linkonce.d.rel.ro.*)
 *(.rel.data .rel.data.* .rel.gnu.linkonce.d.*)
 .rel.data.rel  0x000000000000f0e0        0x8 /usr/lib/gcc/i686-linux-gnu/4.8/../../../i386-linux-gnu/crti.o
 .rel.data      0x000000000000f0e8      0x270 /usr/lib/gcc/i686-linux-gnu/4.8/../../../i386-linux-gnu/crti.o
 *(.rel.tdata .rel.tdata.* .rel.gnu.linkonce.td.*)
 *(.rel.tbss .rel.tbss.* .rel.gnu.linkonce.tb.*)
 *(.rel.ctors)
 *(.rel.dtors)
 *(.rel.got)
 .rel.got       0x000000000000f358       0x28 /usr/lib/gcc/i686-linux-gnu/4.8/../../../i386-linux-gnu/crti.o
 *(.rel.bss .rel.bss.* .rel.gnu.linkonce.b.*)
 *(.rel.ifunc)
 .rel.ifunc     0x0000000000000000        0x0 /usr/lib/gcc/i686-linux-gnu/4.8/../../../i386-linux-gnu/crti.o
 .rel.fini_array
                0x000000000000f380        0x8 /usr/lib/gcc/i686-linux-gnu/4.8/../../../i386-linux-gnu/crti.o
 .rel.init_array
                0x000000000000f388        0x8 /usr/lib/gcc/i686-linux-gnu/4.8/../../../i386-linux-gnu/crti.o

.rel.plt        0x000000000000f390       0x10
 *(.rel.plt)
 .rel.plt       0x000000000000f390       0x10 /usr/lib/gcc/i686-linux-gnu/4.8/../../../i386-linux-gnu/crti.o
 *(.rel.iplt)

.init           0x000000000000f3a0       0x23
 *(SORT(.init))
 .init          0x000000000000f3a0       0x1e /usr/lib/gcc/i686-linux-gnu/4.8/../../../i386-linux-gnu/crti.o
                0x000000000000f3a0                _init
 .init          0x000000000000f3be        0x5 /usr/lib/gcc/i686-linux-gnu/4.8/../../../i386-linux-gnu/crtn.o

.plt            0x000000000000f3d0       0x30
 *(.plt)
 .plt           0x000000000000f3d0       0x30 /usr/lib/gcc/i686-linux-gnu/4.8/../../../i386-linux-gnu/crti.o
 *(.iplt)

.text           0x000000000000f400    0x15e68
 *(.text.unlikely .text.*_unlikely .text.unlikely.*)
 *(.text.exit .text.exit.*)
 *(.text.startup .text.startup.*)
 *(.text.hot .text.hot.*)
 *(.text .stub .text.* .gnu.linkonce.t.*)
 .text          0x000000000000f400        0x0 /usr/lib/gcc/i686-linux-gnu/4.8/../../../i386-linux-gnu/crti.o
 .gnu.linkonce.t.__x86.get_pc_thunk.bx
                0x000000000000f400        0x4 /usr/lib/gcc/i686-linux-gnu/4.8/../../../i386-linux-gnu/crti.o
                0x000000000000f400                __x86.get_pc_thunk.bx
 *fill*         0x000000000000f404        0xc 
 .text          0x000000000000f410      0x11b /usr/lib/gcc/i686-linux-gnu/4.8/crtbeginS.o
 .text          0x000000000000f52b      0x3ce udp-server.co
 .text          0x000000000000f8f9      0x96a obj_cooja/mtype680.o
                0x000000000000faa7                contiki_init
                0x000000000001007a                Java_org_contikios_cooja_corecomm_Lib13_init
                0x00000000000100ba                Java_org_contikios_cooja_corecomm_Lib13_getMemory
                0x00000000000100fa                Java_org_contikios_cooja_corecomm_Lib13_setMemory
                0x0000000000010171                Java_org_contikios_cooja_corecomm_Lib13_tick
                0x0000000000010251                Java_org_contikios_cooja_corecomm_Lib13_setReferenceAddress
 .text          0x0000000000010263       0x63 obj_cooja/mtype680.a(simEnvChange.o)
                0x0000000000010263                doActionsBeforeTick
                0x0000000000010294                doActionsAfterTick
 .text          0x00000000000102c6       0xbc obj_cooja/mtype680.a(cooja_mt.o)
                0x00000000000102c6                cooja_mt_init
                0x00000000000102d3                cooja_mt_remove
                0x00000000000102e0                cooja_mt_start
                0x000000000001030d                cooja_mt_exec
                0x000000000001033e                cooja_mt_exit
                0x0000000000010360                cooja_mt_yield
 .text          0x0000000000010382      0x115 obj_cooja/mtype680.a(cooja_mtarch.o)
                0x0000000000010382                cooja_mtarch_init
                0x0000000000010387                cooja_mtarch_start
                0x0000000000010402                cooja_sw
                0x0000000000010424                cooja_mtarch_exec
                0x0000000000010440                cooja_mtarch_remove
                0x0000000000010445                cooja_mtarch_yield
                0x000000000001044f                cooja_mtarch_pstop
                0x0000000000010454                cooja_mtarch_pstart
                0x0000000000010459                cooja_mtarch_stack_usage
 .text          0x0000000000010497       0xc2 obj_cooja/mtype680.a(rtimer-arch.o)
                0x0000000000010497                rtimer_arch_init
                0x00000000000104ba                rtimer_arch_schedule
                0x00000000000104d1                rtimer_arch_next
                0x00000000000104db                rtimer_arch_pending
                0x00000000000104e5                rtimer_arch_check
                0x0000000000010517                rtimer_arch_now
 .text          0x0000000000010559       0x76 obj_cooja/mtype680.a(beep.o)
                0x0000000000010559                beep_alarm
                0x0000000000010565                beep_beep
                0x0000000000010571                beep
                0x000000000001057d                beep_down
                0x0000000000010589                beep_on
                0x0000000000010595                beep_off
                0x00000000000105a1                beep_spinup
                0x00000000000105ad                beep_quick
                0x00000000000105b9                beep_long
 .text          0x00000000000105cf      0x103 obj_cooja/mtype680.a(button-sensor.o)
 .text          0x00000000000106d2       0x45 obj_cooja/mtype680.a(leds-arch.o)
                0x00000000000106d2                leds_arch_init
                0x00000000000106de                leds_arch_get
                0x00000000000106ea                leds_arch_set
 .text          0x0000000000010717       0x2f obj_cooja/mtype680.a(moteid.o)
 .text          0x0000000000010746       0xb1 obj_cooja/mtype680.a(pir-sensor.o)
 .text          0x00000000000107f7      0x131 obj_cooja/mtype680.a(rs232.o)
                0x00000000000107f7                rs232_init
                0x00000000000107fc                rs232_set_speed
                0x000000000001080a                rs232_set_input
                0x0000000000010817                rs232_send
                0x0000000000010839                rs232_print
                0x0000000000010854                slip_arch_writeb
 .text          0x0000000000010928       0xb1 obj_cooja/mtype680.a(vib-sensor.o)
 .text          0x00000000000109d9       0x34 obj_cooja/mtype680.a(clock.o)
                0x00000000000109d9                clock_init
                0x00000000000109de                clock_time
                0x00000000000109e8                clock_seconds
                0x00000000000109fe                clock_delay
 .text          0x0000000000010a0d      0x1ed obj_cooja/mtype680.a(log.o)
                0x0000000000010a0d                simlog_char
                0x0000000000010a4f                simlog
                0x0000000000010abc                log_message
                0x0000000000010ae4                log_set_putchar_with_slip
                0x0000000000010af1                log_putchar
                0x0000000000010b75                log_puts
                0x0000000000010b99                log_printf
 .text          0x0000000000010bfa      0x2c4 obj_cooja/mtype680.a(cfs-cooja.o)
                0x0000000000010bfa                cfs_open
                0x0000000000010c63                cfs_close
                0x0000000000010c6f                cfs_read
                0x0000000000010d0d                cfs_write
                0x0000000000010dea                cfs_seek
                0x0000000000010e72                cfs_remove
                0x0000000000010e9b                cfs_opendir
                0x0000000000010ea5                cfs_readdir
                0x0000000000010eaf                cfs_closedir
 .text          0x0000000000010ebe      0x671 obj_cooja/mtype680.a(cooja-radio.o)
                0x0000000000010ee8                radio_set_channel
                0x0000000000010efd                radio_set_txpower
                0x0000000000010f1d                radio_signal_strength_last
                0x0000000000010f27                radio_signal_strength_current
                0x0000000000010f31                radio_LQI
 .text          0x000000000001152f       0xef obj_cooja/mtype680.a(eeprom.o)
                0x000000000001152f                eeprom_init
                0x0000000000011534                eeprom_read
                0x00000000000115a4                eeprom_write
 .text          0x000000000001161e       0x28 obj_cooja/mtype680.a(random.o)
                0x000000000001161e                random_init
                0x0000000000011639                random_rand
 .text          0x0000000000011646      0x2a1 obj_cooja/mtype680.a(sensors.o)
                0x0000000000011681                sensors_first
                0x000000000001168b                sensors_next
                0x00000000000116a8                sensors_changed
                0x00000000000116d7                sensors_find
 .text          0x00000000000118e7      0x2e4 obj_cooja/mtype680.a(dual_conf.o)
                0x00000000000118e7                dual_radio_switch
                0x0000000000011927                dual_radio_change
                0x0000000000011961                sending_in_LR
                0x000000000001198c                dual_radio_received
                0x00000000000119c4                radio_received_is_longrange
                0x00000000000119df                dual_radio_turn_on
                0x0000000000011a02                dual_radio_turn_off
                0x0000000000011b81                dio_broadcast
                0x0000000000011baa                dis_broadcast
 .text          0x0000000000011bcb       0x8e obj_cooja/mtype680.a(autostart.o)
                0x0000000000011bcb                autostart_start
                0x0000000000011c16                autostart_exit
 .text          0x0000000000011c59      0x334 obj_cooja/mtype680.a(ctimer.o)
                0x0000000000011d70                ctimer_init
                0x0000000000011da0                ctimer_set
                0x0000000000011dd1                ctimer_set_with_process
                0x0000000000011e4d                ctimer_reset
                0x0000000000011e9c                ctimer_restart
                0x0000000000011eeb                ctimer_stop
                0x0000000000011f36                ctimer_expired
 .text          0x0000000000011f8d      0x40b obj_cooja/mtype680.a(etimer.o)
                0x00000000000121a0                etimer_request_poll
                0x0000000000012224                etimer_set
                0x0000000000012249                etimer_reset_with_new_interval
                0x0000000000012270                etimer_reset
                0x000000000001228e                etimer_restart
                0x00000000000122ac                etimer_adjust
                0x00000000000122c8                etimer_expired
                0x00000000000122db                etimer_expiration_time
                0x00000000000122ed                etimer_start_time
                0x00000000000122f7                etimer_pending
                0x0000000000012309                etimer_next_expiration_time
                0x0000000000012323                etimer_stop
 .text          0x0000000000012398       0xdd obj_cooja/mtype680.a(log_message.o)
                0x0000000000012398                log_initialization
                0x0000000000012454                log_finisher
 .text          0x0000000000012475      0x560 obj_cooja/mtype680.a(process.o)
                0x0000000000012475                process_alloc_event
                0x000000000001248a                process_start
                0x0000000000012673                process_exit
                0x000000000001268f                process_init
                0x0000000000012860                process_run
                0x0000000000012893                process_nevents
                0x00000000000128ae                process_post
                0x000000000001295a                process_post_synch
                0x0000000000012992                process_poll
                0x00000000000129c1                process_is_running
 .text          0x00000000000129d5       0xd3 obj_cooja/mtype680.a(residual.o)
                0x00000000000129d5                get_residual_energy
 .text          0x0000000000012aa8       0xba obj_cooja/mtype680.a(rtimer.o)
                0x0000000000012aa8                rtimer_init
                0x0000000000012ab5                rtimer_set
                0x0000000000012b0c                rtimer_run_next
 .text          0x0000000000012b62       0x91 obj_cooja/mtype680.a(timer.o)
                0x0000000000012b62                timer_set
                0x0000000000012b7d                timer_reset
                0x0000000000012b94                timer_restart
                0x0000000000012ba6                timer_expired
                0x0000000000012bcf                timer_remaining
 .text          0x0000000000012bf3      0x1fb obj_cooja/mtype680.a(serial-line.o)
                0x0000000000012bf3                serial_line_input_byte
                0x0000000000012db6                serial_line_init
 .text          0x0000000000012dee      0x244 obj_cooja/mtype680.a(list.o)
                0x0000000000012dee                list_init
                0x0000000000012dfc                list_head
                0x0000000000012e06                list_copy
                0x0000000000012e15                list_tail
                0x0000000000012e4b                list_add
                0x0000000000012e94                list_push
                0x0000000000012ec0                list_chop
                0x0000000000012f2a                list_pop
                0x0000000000012f52                list_remove
                0x0000000000012fb9                list_length
                0x0000000000012fe7                list_insert
                0x000000000001301b                list_item_next
 .text          0x0000000000013032      0x155 obj_cooja/mtype680.a(ringbuf.o)
                0x0000000000013032                ringbuf_init
                0x0000000000013063                ringbuf_put
                0x00000000000130e1                ringbuf_get
                0x000000000001314e                ringbuf_size
                0x0000000000013160                ringbuf_elements
 .text          0x0000000000013187     0x258b obj_cooja/mtype680.a(sicslowpan.o)
                0x0000000000013711                rime_sniffer_add
                0x000000000001371e                rime_sniffer_remove
                0x00000000000156b1                sicslowpan_init
                0x0000000000015708                sicslowpan_get_last_rssi
 .text          0x0000000000015712      0x2dc obj_cooja/mtype680.a(uip-ds6-nbr.o)
                0x000000000001572f                uip_ds6_neighbors_init
                0x000000000001574c                uip_ds6_nbr_add
                0x00000000000157fd                uip_ds6_nbr_rm
                0x000000000001585a                uip_ds6_nbr_get_ipaddr
                0x000000000001586f                uip_ds6_nbr_get_ll
                0x000000000001588b                uip_ds6_nbr_num
                0x00000000000158d0                uip_ds6_nbr_lookup
                0x0000000000015935                uip_ds6_nbr_ll_lookup
                0x0000000000015951                uip_ds6_nbr_ipaddr_from_lladdr
                0x0000000000015977                uip_ds6_nbr_lladdr_from_ipaddr
                0x00000000000159a5                uip_ds6_link_neighbor_callback
 .text          0x00000000000159ee     0x12ad obj_cooja/mtype680.a(uip-ds6.o)
                0x00000000000159ee                uip_ds6_init
                0x0000000000015d43                uip_ds6_periodic
                0x0000000000015e1b                uip_ds6_list_loop
                0x0000000000015ec2                uip_ds6_prefix_add
                0x0000000000015f80                uip_ds6_prefix_rm
                0x0000000000015f92                uip_ds6_prefix_lookup
                0x0000000000015fe3                uip_ds6_is_addr_onlink
                0x0000000000016057                uip_ds6_addr_add
                0x0000000000016185                uip_ds6_long_addr_add
                0x00000000000162b3                uip_ds6_addr_rm
                0x0000000000016353                uip_ds6_addr_lookup
                0x000000000001639e                uip_ds6_long_addr_lookup
                0x00000000000163e9                uip_ds6_get_link_local
                0x0000000000016468                uip_ds6_long_get_link_local
                0x00000000000164e7                uip_ds6_get_global
                0x0000000000016566                uip_ds6_long_get_global
                0x00000000000165e5                uip_ds6_maddr_add
                0x0000000000016657                uip_ds6_long_maddr_add
                0x00000000000166c9                uip_ds6_maddr_rm
                0x00000000000166db                uip_ds6_maddr_lookup
                0x0000000000016726                uip_ds6_long_maddr_lookup
                0x0000000000016771                uip_ds6_aaddr_add
                0x00000000000167e3                uip_ds6_long_aaddr_add
                0x0000000000016855                uip_ds6_aaddr_rm
                0x0000000000016867                uip_ds6_aaddr_lookup
                0x00000000000168b2                uip_ds6_long_aaddr_lookup
                0x00000000000168fd                uip_ds6_select_src
                0x0000000000016b86                uip_ds6_set_addr_iid
                0x0000000000016bbd                get_match_length
                0x0000000000016c4f                uip_ds6_compute_reachable_time
 .text          0x0000000000016c9b     0x29f3 obj_cooja/mtype680.a(uip6.o)
                0x0000000000016c9b                uip_add32
                0x0000000000016e34                uip_chksum
                0x0000000000016f22                uip_icmp6chksum
                0x0000000000016f36                uip_tcpchksum
                0x0000000000016f4a                uip_udpchksum
                0x0000000000016f5e                uip_init
                0x000000000001702e                uip_connect
                0x00000000000171dd                remove_ext_hdr
                0x00000000000172b2                uip_udp_new
                0x000000000001740e                uip_unlisten
                0x000000000001746e                uip_listen
                0x0000000000017730                uip_process
                0x0000000000019582                uip_htons
                0x00000000000195a4                uip_htonl
                0x00000000000195e4                uip_send
 .text          0x000000000001968e      0xb43 obj_cooja/mtype680.a(tcpip.o)
                0x000000000001968e                tcpip_output
                0x00000000000196bc                tcpip_set_outputfunc
                0x0000000000019750                tcp_connect
                0x00000000000197a5                tcp_unlisten
                0x0000000000019800                tcp_listen
                0x0000000000019859                tcp_attach
                0x000000000001987e                udp_attach
                0x00000000000198a3                udp_new
                0x00000000000198f5                udp_broadcast_new
                0x0000000000019b69                tcpip_input
                0x0000000000019b9d                tcpip_ipv6_output
                0x000000000001a017                tcpip_poll_udp
                0x000000000001a03a                tcpip_poll_tcp
                0x000000000001a05d                tcpip_uipcall
 .text          0x000000000001a1d1      0x1c1 obj_cooja/mtype680.a(uip-debug.o)
                0x000000000001a1d1                uip_debug_ipaddr_print
                0x000000000001a333                uip_debug_lladdr_print
 .text          0x000000000001a392      0x141 obj_cooja/mtype680.a(uip-packetqueue)
                0x000000000001a3be                uip_packetqueue_new
                0x000000000001a3cc                uip_packetqueue_alloc
                0x000000000001a42c                uip_packetqueue_free
                0x000000000001a46d                uip_packetqueue_buf
                0x000000000001a48a                uip_packetqueue_buflen
                0x000000000001a4ab                uip_packetqueue_set_buflen
 .text          0x000000000001a4d3     0x25bb obj_cooja/mtype680.a(rpl-dag.o)
                0x000000000001a4d3                rpl_print_neighbor_list
                0x000000000001a57c                rpl_print_child_neighbor_list
                0x000000000001a5f1                rpl_get_nbr
                0x000000000001a64b                rpl_get_nbr_child
                0x000000000001a6a5                rpl_dag_init
                0x000000000001a6d7                rpl_get_parent
                0x000000000001a6f9                rpl_get_parent_rank
                0x000000000001a72c                rpl_get_parent_link_metric
                0x000000000001a75f                rpl_get_parent_ipaddr
                0x000000000001a789                rpl_get_child_ipaddr
                0x000000000001aaa4                rpl_set_root
                0x000000000001acd2                rpl_repair_root
                0x000000000001af0e                rpl_set_prefix
                0x000000000001b00d                rpl_set_default_route
                0x000000000001b099                rpl_alloc_instance
                0x000000000001b12c                rpl_alloc_dag
                0x000000000001b1df                rpl_set_default_instance
                0x000000000001b1ec                rpl_get_default_instance
                0x000000000001b1f6                rpl_free_instance
                0x000000000001b2a7                rpl_free_dag
                0x000000000001b30d                rpl_add_parent
                0x000000000001b403                rpl_find_parent
                0x000000000001b433                rpl_add_child
                0x000000000001b4d7                rpl_find_child
                0x000000000001b525                rpl_find_parent_any_dag
                0x000000000001b561                rpl_select_dag
                0x000000000001b984                rpl_select_parent
                0x000000000001b9e6                rpl_remove_parent
                0x000000000001ba1c                rpl_remove_child
                0x000000000001ba38                rpl_nullify_parent
                0x000000000001bad6                rpl_move_parent
                0x000000000001bb73                rpl_has_downward_route
                0x000000000001bbc6                rpl_get_any_dag
                0x000000000001bc28                rpl_get_instance
                0x000000000001bc8b                rpl_find_of
                0x000000000001bcc8                rpl_join_instance
                0x000000000001bf43                rpl_add_dag
                0x000000000001c332                rpl_local_repair
                0x000000000001c40b                rpl_recalculate_ranks
                0x000000000001c491                rpl_process_parent_event
                0x000000000001c543                rpl_process_dio
 .text          0x000000000001ca8e      0xbf3 obj_cooja/mtype680.a(rpl-ext-header.)
                0x000000000001caab                rpl_verify_header
                0x000000000001cf25                rpl_update_header_empty
                0x000000000001d23c                rpl_update_header_final
                0x000000000001d3cb                rpl_remove_header
                0x000000000001d4d5                rpl_invert_header
                0x000000000001d65f                rpl_insert_header
 .text          0x000000000001d681     0x22e1 obj_cooja/mtype680.a(rpl-icmp6.o)
                0x000000000001d94a                rpl_icmp6_update_nbr_table
                0x000000000001da3a                dis_output
                0x000000000001e372                dio_output
                0x000000000001f4cd                dao_output
                0x000000000001f595                dao_output_target
                0x000000000001f916                dao_ack_output
                0x000000000001f92a                rpl_icmp6_register_handlers
 .text          0x000000000001f962      0x299 obj_cooja/mtype680.a(rpl-mrhof.o)
 .text          0x000000000001fbfb      0x7b3 obj_cooja/mtype680.a(rpl-timers.o)
                0x000000000001fe41                rpl_reset_periodic_timer
                0x000000000001fe96                rpl_reset_dio_timer
                0x00000000000200d0                rpl_schedule_dao
                0x00000000000200eb                rpl_schedule_dao_immediately
                0x0000000000020106                rpl_cancel_dao
                0x0000000000020168                rpl_schedule_unicast_dio_immediately
                0x0000000000020356                rpl_schedule_probing
 .text          0x00000000000203ae      0x5c5 obj_cooja/mtype680.a(rpl.o)
                0x00000000000203ae                rpl_get_mode
                0x00000000000203b8                rpl_set_mode
                0x0000000000020446                rpl_purge_routes
                0x0000000000020540                rpl_remove_routes
                0x0000000000020586                rpl_remove_routes_by_nexthop
                0x00000000000205f2                rpl_add_route
                0x000000000002066d                rpl_link_neighbor_callback
                0x0000000000020772                rpl_ipv6_neighbor_callback
                0x00000000000207e1                rpl_purge_dags
                0x00000000000208ed                rpl_init
 .text          0x0000000000020973      0x3f5 obj_cooja/mtype680.a(framer-802154.o)
 .text          0x0000000000020d68       0x5e obj_cooja/mtype680.a(nullmac.o)
 .text          0x0000000000020dc6      0xd6b obj_cooja/mtype680.a(cxmac.o)
                0x0000000000021a81                cxmac_set_announcement_radio_txpower
                0x0000000000021a86                cxmac_init
 .text          0x0000000000021b31       0x82 obj_cooja/mtype680.a(linkaddr.o)
                0x0000000000021b31                linkaddr_copy
                0x0000000000021b53                linkaddr_cmp
                0x0000000000021b7d                linkaddr_set_node_addr
                0x0000000000021b98                linkaddr_set_node_long_addr
 .text          0x0000000000021bb3      0x915 obj_cooja/mtype680.a(nbr-table.o)
                0x0000000000021bb3                long_ip_from_lladdr_map
                0x0000000000021c3c                lladdr_map_add_lr
                0x0000000000021cf9                lladdr_map_rm_lr
                0x00000000000221be                nbr_table_register
                0x0000000000022206                nbr_table_head
                0x0000000000022262                nbr_table_next
                0x00000000000222c9                nbr_table_add_lladdr
                0x00000000000223a5                nbr_table_get_from_lladdr
                0x00000000000223f2                nbr_table_remove
                0x0000000000022444                nbr_table_lock
                0x000000000002246e                nbr_table_unlock
                0x0000000000022498                nbr_table_get_lladdr
 .text          0x00000000000224c8       0x2b obj_cooja/mtype680.a(netstack.o)
                0x00000000000224c8                netstack_init
 .text          0x00000000000224f3      0x3cd obj_cooja/mtype680.a(packetbuf.o)
                0x00000000000224f3                packetbuf_clear
                0x000000000002251d                packetbuf_copyfrom
                0x000000000002256f                packetbuf_compact
                0x00000000000225ec                packetbuf_copyto
                0x0000000000022683                packetbuf_hdralloc
                0x0000000000022700                packetbuf_hdrreduce
                0x0000000000022748                packetbuf_set_datalen
                0x0000000000022761                packetbuf_dataptr
                0x000000000002277e                packetbuf_hdrptr
                0x0000000000022788                packetbuf_datalen
                0x0000000000022794                packetbuf_hdrlen
                0x00000000000227ab                packetbuf_totlen
                0x00000000000227c1                packetbuf_attr_clear
                0x0000000000022813                packetbuf_attr_copyto
                0x000000000002285c                packetbuf_attr_copyfrom
                0x00000000000228a4                packetbuf_holds_broadcast
 .text          0x00000000000228c0      0x2b4 obj_cooja/mtype680.a(queuebuf.o)
                0x00000000000228ca                queuebuf_init
                0x00000000000228ea                queuebuf_numfree
                0x00000000000228fe                queuebuf_new_from_packetbuf
                0x000000000002298e                queuebuf_update_attr_from_packetbuf
                0x00000000000229c1                queuebuf_update_from_packetbuf
                0x0000000000022a0b                queuebuf_free
                0x0000000000022a52                queuebuf_to_packetbuf
                0x0000000000022ab8                queuebuf_dataptr
                0x0000000000022aef                queuebuf_datalen
                0x0000000000022b12                queuebuf_addr
                0x0000000000022b44                queuebuf_attr
                0x0000000000022b6f                queuebuf_debug_print
 .text          0x0000000000022b74       0x6e obj_cooja/mtype680.a(nullsec.o)
 .text          0x0000000000022be2       0x19 obj_cooja/mtype680.a(watchdog.o)
                0x0000000000022be2                watchdog_init
                0x0000000000022be7                watchdog_start
                0x0000000000022bec                watchdog_periodic
                0x0000000000022bf1                watchdog_stop
                0x0000000000022bf6                watchdog_reboot
 .text          0x0000000000022bfb        0x0 obj_cooja/mtype680.a(rimestats.o)
 .text          0x0000000000022bfb       0xa3 obj_cooja/mtype680.a(stimer.o)
                0x0000000000022bfb                stimer_set
                0x0000000000022c16                stimer_reset
                0x0000000000022c2d                stimer_restart
                0x0000000000022c3f                stimer_expired
                0x0000000000022c66                stimer_remaining
                0x0000000000022c8a                stimer_elapsed
 .text          0x0000000000022c9e      0x1c1 obj_cooja/mtype680.a(memb.o)
                0x0000000000022c9e                memb_init
                0x0000000000022cfc                memb_alloc
                0x0000000000022d61                memb_free
                0x0000000000022ddc                memb_inmemb
                0x0000000000022e1b                memb_numfree
 .text          0x0000000000022e5f      0x916 obj_cooja/mtype680.a(uip-ds6-route.o)
                0x0000000000022ed6                uip_ds6_notification_add
                0x0000000000022f07                uip_ds6_notification_rm
                0x0000000000022f23                uip_ds6_route_init
                0x0000000000022fab                uip_ds6_route_nexthop
                0x0000000000022fd3                uip_ds6_route_head
                0x0000000000022fe8                uip_ds6_route_next
                0x000000000002300e                uip_ds6_route_is_nexthop
                0x000000000002304d                uip_ds6_route_num_routes
                0x0000000000023057                uip_ds6_route_lookup
                0x0000000000023119                uip_ds6_route_add
                0x000000000002334d                uip_ds6_route_rm
                0x00000000000234e1                uip_ds6_route_rm_by_nexthop
                0x0000000000023519                uip_ds6_defrt_add
                0x00000000000235ca                uip_ds6_defrt_rm
                0x0000000000023649                uip_ds6_defrt_lookup
                0x00000000000236a2                uip_ds6_defrt_choose
                0x000000000002370d                uip_ds6_defrt_periodic
 .text          0x0000000000023775      0xab2 obj_cooja/mtype680.a(uip-icmp6.o)
                0x00000000000237e3                uip_icmp6_input
                0x0000000000023839                uip_icmp6_register_input_handler
                0x0000000000023b01                uip_icmp6_error_output
                0x0000000000023e46                uip_icmp6_send
                0x00000000000241ba                uip_icmp6_echo_reply_callback_add
                0x00000000000241eb                uip_icmp6_echo_reply_callback_rm
                0x0000000000024207                uip_icmp6_init
 .text          0x0000000000024227      0x358 obj_cooja/mtype680.a(uip-nd6.o)
                0x000000000002427b                uip_nd6_ns_output
                0x000000000002457a                uip_nd6_init
 .text          0x000000000002457f      0x331 obj_cooja/mtype680.a(rpl-nbr-policy.)
                0x0000000000024757                find_removable_dis
                0x000000000002477a                find_removable_dio
                0x0000000000024809                find_removable_dao
                0x0000000000024859                rpl_nbr_policy_find_removable
 .text          0x00000000000248b0      0x97c obj_cooja/mtype680.a(frame802154.o)
                0x00000000000248e1                frame802154_get_pan_id
                0x00000000000248ed                frame802154_set_pan_id
                0x0000000000024906                frame802154_has_panid
                0x00000000000249f2                frame802154_check_dest_panid
                0x0000000000024a5a                frame802154_is_broadcast_addr
                0x0000000000024aa7                frame802154_extract_linkaddr
                0x0000000000024ce7                frame802154_hdrlen
                0x0000000000024d38                frame802154_create
                0x0000000000024f23                frame802154_parse
 .text          0x000000000002522c       0x3c obj_cooja/mtype680.a(mac.o)
                0x000000000002522c                mac_call_sent_callback
 .text          0x0000000000025268        0x0 /usr/lib/gcc/i686-linux-gnu/4.8/crtendS.o
 .text          0x0000000000025268        0x0 /usr/lib/gcc/i686-linux-gnu/4.8/../../../i386-linux-gnu/crtn.o
 *(.gnu.warning)

.fini           0x0000000000025268       0x14
 *(SORT(.fini))
 .fini          0x0000000000025268        0xf /usr/lib/gcc/i686-linux-gnu/4.8/../../../i386-linux-gnu/crti.o
                0x0000000000025268                _fini
 .fini          0x0000000000025277        0x5 /usr/lib/gcc/i686-linux-gnu/4.8/../../../i386-linux-gnu/crtn.o
                0x000000000002527c                PROVIDE (__etext, .)
                0x000000000002527c                PROVIDE (_etext, .)
                0x000000000002527c                PROVIDE (etext, .)

.rodata         0x0000000000025280      0x7e0
 *(.rodata .rodata.* .gnu.linkonce.r.*)
 .rodata        0x0000000000025280      0x148 udp-server.co
                0x0000000000025294                autostart_processes
 .rodata        0x00000000000253c8      0x1e6 obj_cooja/mtype680.o
 *fill*         0x00000000000255ae        0x2 
 .rodata        0x00000000000255b0        0x8 obj_cooja/mtype680.a(beep.o)
                0x00000000000255b0                beep_interface
 .rodata        0x00000000000255b8       0x20 obj_cooja/mtype680.a(button-sensor.o)
                0x00000000000255b8                button_interface
                0x00000000000255c8                button_sensor
 .rodata        0x00000000000255d8        0x8 obj_cooja/mtype680.a(leds-arch.o)
                0x00000000000255d8                leds_interface
 .rodata        0x00000000000255e0        0x8 obj_cooja/mtype680.a(moteid.o)
                0x00000000000255e0                moteid_interface
 .rodata        0x00000000000255e8       0x1c obj_cooja/mtype680.a(pir-sensor.o)
                0x00000000000255e8                pir_interface
                0x00000000000255f4                pir_sensor
 .rodata        0x0000000000025604        0xe obj_cooja/mtype680.a(rs232.o)
                0x0000000000025604                rs232_interface
 *fill*         0x0000000000025612        0x2 
 .rodata        0x0000000000025614       0x24 obj_cooja/mtype680.a(vib-sensor.o)
                0x0000000000025614                vib_interface
                0x0000000000025628                vib_sensor
 .rodata        0x0000000000025638        0x8 obj_cooja/mtype680.a(clock.o)
                0x0000000000025638                clock_interface
 .rodata        0x0000000000025640        0x8 obj_cooja/mtype680.a(log.o)
                0x0000000000025640                simlog_interface
 .rodata        0x0000000000025648       0x2f obj_cooja/mtype680.a(cfs-cooja.o)
                0x0000000000025648                cfs_interface
 *fill*         0x0000000000025677        0x9 
 .rodata        0x0000000000025680       0x60 obj_cooja/mtype680.a(cooja-radio.o)
                0x00000000000256a0                cooja_radio_driver
                0x00000000000256d8                radio_interface
 .rodata        0x00000000000256e0        0x8 obj_cooja/mtype680.a(eeprom.o)
                0x00000000000256e0                eeprom_interface
 .rodata        0x00000000000256e8        0x8 obj_cooja/mtype680.a(sensors.o)
 .rodata        0x00000000000256f0       0x1c obj_cooja/mtype680.a(dual_conf.o)
 .rodata        0x000000000002570c        0xf obj_cooja/mtype680.a(ctimer.o)
 .rodata        0x000000000002571b        0xc obj_cooja/mtype680.a(etimer.o)
 *fill*         0x0000000000025727        0x1 
 .rodata        0x0000000000025728       0x73 obj_cooja/mtype680.a(log_message.o)
 *fill*         0x000000000002579b        0x1 
 .rodata        0x000000000002579c       0x20 obj_cooja/mtype680.a(residual.o)
 .rodata        0x00000000000257bc        0xe obj_cooja/mtype680.a(serial-line.o)
 *fill*         0x00000000000257ca        0x2 
 .rodata        0x00000000000257cc       0x2c obj_cooja/mtype680.a(sicslowpan.o)
                0x00000000000257cc                unc_llconf
                0x00000000000257d0                unc_ctxconf
                0x00000000000257d4                unc_mxconf
                0x00000000000257d8                llprefix
                0x00000000000257ec                sicslowpan_driver
 .rodata        0x00000000000257f8      0x13c obj_cooja/mtype680.a(uip6.o)
 .rodata        0x0000000000025934       0x49 obj_cooja/mtype680.a(tcpip.o)
 .rodata        0x000000000002597d       0x3e obj_cooja/mtype680.a(uip-debug.o)
 *fill*         0x00000000000259bb        0x1 
 .rodata        0x00000000000259bc        0x4 obj_cooja/mtype680.a(rpl-dag.o)
 .rodata        0x00000000000259c0        0xc obj_cooja/mtype680.a(framer-802154.o)
                0x00000000000259c0                framer_802154
 .rodata        0x00000000000259cc       0x24 obj_cooja/mtype680.a(nullmac.o)
                0x00000000000259d4                nullmac_driver
 *fill*         0x00000000000259f0       0x10 
 .rodata        0x0000000000025a00       0x40 obj_cooja/mtype680.a(cxmac.o)
                0x0000000000025a20                cxmac_driver
 .rodata        0x0000000000025a40        0x8 obj_cooja/mtype680.a(linkaddr.o)
                0x0000000000025a40                linkaddr_null
 .rodata        0x0000000000025a48       0x18 obj_cooja/mtype680.a(nullsec.o)
                0x0000000000025a50                nullsec_driver

.rodata1
 *(.rodata1)

.eh_frame_hdr   0x0000000000025a60     0x1354
 *(.eh_frame_hdr)
 .eh_frame_hdr  0x0000000000025a60     0x1354 udp-server.co

.eh_frame       0x0000000000026db4     0x4e90
 *(.eh_frame)
 .eh_frame      0x0000000000026db4       0x3c /usr/lib/gcc/i686-linux-gnu/4.8/../../../i386-linux-gnu/crti.o
                                         0x40 (size before relaxing)
 .eh_frame      0x0000000000026df0       0x68 udp-server.co
                                         0x80 (size before relaxing)
 .eh_frame      0x0000000000026e58      0x148 obj_cooja/mtype680.o
                                        0x160 (size before relaxing)
 .eh_frame      0x0000000000026fa0       0x40 obj_cooja/mtype680.a(simEnvChange.o)
                                         0x58 (size before relaxing)
 .eh_frame      0x0000000000026fe0       0xc0 obj_cooja/mtype680.a(cooja_mt.o)
                                         0xd8 (size before relaxing)
 .eh_frame      0x00000000000270a0      0x120 obj_cooja/mtype680.a(cooja_mtarch.o)
                                        0x138 (size before relaxing)
 .eh_frame      0x00000000000271c0       0xc0 obj_cooja/mtype680.a(rtimer-arch.o)
                                         0xd8 (size before relaxing)
 .eh_frame      0x0000000000027280      0x160 obj_cooja/mtype680.a(beep.o)
                                        0x178 (size before relaxing)
 .eh_frame      0x00000000000273e0       0xa0 obj_cooja/mtype680.a(button-sensor.o)
                                         0xb8 (size before relaxing)
 .eh_frame      0x0000000000027480       0xa0 obj_cooja/mtype680.a(leds-arch.o)
                                         0xb8 (size before relaxing)
 .eh_frame      0x0000000000027520       0x40 obj_cooja/mtype680.a(moteid.o)
                                         0x58 (size before relaxing)
 .eh_frame      0x0000000000027560       0xa0 obj_cooja/mtype680.a(pir-sensor.o)
                                         0xb8 (size before relaxing)
 .eh_frame      0x0000000000027600      0x100 obj_cooja/mtype680.a(rs232.o)
                                        0x118 (size before relaxing)
 .eh_frame      0x0000000000027700       0xa0 obj_cooja/mtype680.a(vib-sensor.o)
                                         0xb8 (size before relaxing)
 .eh_frame      0x00000000000277a0       0xc0 obj_cooja/mtype680.a(clock.o)
                                         0xd8 (size before relaxing)
 .eh_frame      0x0000000000027860      0x120 obj_cooja/mtype680.a(log.o)
                                        0x138 (size before relaxing)
 .eh_frame      0x0000000000027980      0x160 obj_cooja/mtype680.a(cfs-cooja.o)
                                        0x178 (size before relaxing)
 .eh_frame      0x0000000000027ae0      0x2e0 obj_cooja/mtype680.a(cooja-radio.o)
                                        0x2f8 (size before relaxing)
 .eh_frame      0x0000000000027dc0       0xa0 obj_cooja/mtype680.a(eeprom.o)
                                         0xb8 (size before relaxing)
 .eh_frame      0x0000000000027e60       0x40 obj_cooja/mtype680.a(random.o)
                                         0x58 (size before relaxing)
 .eh_frame      0x0000000000027ea0       0xc0 obj_cooja/mtype680.a(sensors.o)
                                         0xd8 (size before relaxing)
 .eh_frame      0x0000000000027f60      0x160 obj_cooja/mtype680.a(dual_conf.o)
                                        0x178 (size before relaxing)
 .eh_frame      0x00000000000280c0       0x40 obj_cooja/mtype680.a(autostart.o)
                                         0x58 (size before relaxing)
 .eh_frame      0x0000000000028100      0x100 obj_cooja/mtype680.a(ctimer.o)
                                        0x118 (size before relaxing)
 .eh_frame      0x0000000000028200      0x1e0 obj_cooja/mtype680.a(etimer.o)
                                        0x1f8 (size before relaxing)
 .eh_frame      0x00000000000283e0       0x40 obj_cooja/mtype680.a(log_message.o)
                                         0x58 (size before relaxing)
 .eh_frame      0x0000000000028420      0x1c8 obj_cooja/mtype680.a(process.o)
                                        0x1e0 (size before relaxing)
 .eh_frame      0x00000000000285e8       0x2c obj_cooja/mtype680.a(residual.o)
                                         0x44 (size before relaxing)
 .eh_frame      0x0000000000028614       0x60 obj_cooja/mtype680.a(rtimer.o)
                                         0x78 (size before relaxing)
 .eh_frame      0x0000000000028674       0xa4 obj_cooja/mtype680.a(timer.o)
                                         0xbc (size before relaxing)
 .eh_frame      0x0000000000028718       0x60 obj_cooja/mtype680.a(serial-line.o)
                                         0x78 (size before relaxing)
 .eh_frame      0x0000000000028778      0x180 obj_cooja/mtype680.a(list.o)
                                        0x198 (size before relaxing)
 .eh_frame      0x00000000000288f8       0xa0 obj_cooja/mtype680.a(ringbuf.o)
                                         0xb8 (size before relaxing)
 .eh_frame      0x0000000000028998      0x350 obj_cooja/mtype680.a(sicslowpan.o)
                                        0x368 (size before relaxing)
 .eh_frame      0x0000000000028ce8      0x180 obj_cooja/mtype680.a(uip-ds6-nbr.o)
                                        0x198 (size before relaxing)
 .eh_frame      0x0000000000028e68      0x3c8 obj_cooja/mtype680.a(uip-ds6.o)
                                        0x3e0 (size before relaxing)
 .eh_frame      0x0000000000029230      0x27c obj_cooja/mtype680.a(uip6.o)
                                        0x294 (size before relaxing)
 .eh_frame      0x00000000000294ac      0x270 obj_cooja/mtype680.a(tcpip.o)
                                        0x288 (size before relaxing)
 .eh_frame      0x000000000002971c       0x48 obj_cooja/mtype680.a(uip-debug.o)
                                         0x60 (size before relaxing)
 .eh_frame      0x0000000000029764       0xe0 obj_cooja/mtype680.a(uip-packetqueue)
                                         0xf8 (size before relaxing)
 .eh_frame      0x0000000000029844      0x74c obj_cooja/mtype680.a(rpl-dag.o)
                                        0x764 (size before relaxing)
 .eh_frame      0x0000000000029f90      0x10c obj_cooja/mtype680.a(rpl-ext-header.)
                                        0x124 (size before relaxing)
 .eh_frame      0x000000000002a09c      0x2b8 obj_cooja/mtype680.a(rpl-icmp6.o)
                                        0x2d0 (size before relaxing)
 .eh_frame      0x000000000002a354       0xe0 obj_cooja/mtype680.a(rpl-mrhof.o)
                                         0xf8 (size before relaxing)
 .eh_frame      0x000000000002a434      0x20c obj_cooja/mtype680.a(rpl-timers.o)
                                        0x224 (size before relaxing)
 .eh_frame      0x000000000002a640      0x148 obj_cooja/mtype680.a(rpl.o)
                                        0x160 (size before relaxing)
 .eh_frame      0x000000000002a788      0x108 obj_cooja/mtype680.a(framer-802154.o)
                                        0x120 (size before relaxing)
 .eh_frame      0x000000000002a890       0xc0 obj_cooja/mtype680.a(nullmac.o)
                                         0xd8 (size before relaxing)
 .eh_frame      0x000000000002a950      0x29c obj_cooja/mtype680.a(cxmac.o)
                                        0x2b4 (size before relaxing)
 .eh_frame      0x000000000002abec       0x80 obj_cooja/mtype680.a(linkaddr.o)
                                         0x98 (size before relaxing)
 .eh_frame      0x000000000002ac6c      0x2cc obj_cooja/mtype680.a(nbr-table.o)
                                        0x2e4 (size before relaxing)
 .eh_frame      0x000000000002af38       0x20 obj_cooja/mtype680.a(netstack.o)
                                         0x38 (size before relaxing)
 .eh_frame      0x000000000002af58      0x214 obj_cooja/mtype680.a(packetbuf.o)
                                        0x22c (size before relaxing)
 .eh_frame      0x000000000002b16c      0x1a0 obj_cooja/mtype680.a(queuebuf.o)
                                        0x1b8 (size before relaxing)
 .eh_frame      0x000000000002b30c       0x80 obj_cooja/mtype680.a(nullsec.o)
                                         0x98 (size before relaxing)
 .eh_frame      0x000000000002b38c       0xa0 obj_cooja/mtype680.a(watchdog.o)
                                         0xb8 (size before relaxing)
 .eh_frame      0x000000000002b42c       0xc4 obj_cooja/mtype680.a(stimer.o)
                                         0xdc (size before relaxing)
 .eh_frame      0x000000000002b4f0       0xa0 obj_cooja/mtype680.a(memb.o)
                                         0xb8 (size before relaxing)
 .eh_frame      0x000000000002b590      0x2a0 obj_cooja/mtype680.a(uip-ds6-route.o)
                                        0x2b8 (size before relaxing)
 .eh_frame      0x000000000002b830      0x164 obj_cooja/mtype680.a(uip-icmp6.o)
                                        0x17c (size before relaxing)
 .eh_frame      0x000000000002b994       0x68 obj_cooja/mtype680.a(uip-nd6.o)
                                         0x80 (size before relaxing)
 .eh_frame      0x000000000002b9fc       0xc0 obj_cooja/mtype680.a(rpl-nbr-policy.)
                                         0xd8 (size before relaxing)
 .eh_frame      0x000000000002babc      0x164 obj_cooja/mtype680.a(frame802154.o)
                                        0x17c (size before relaxing)
 .eh_frame      0x000000000002bc20       0x20 obj_cooja/mtype680.a(mac.o)
                                         0x38 (size before relaxing)
 .eh_frame      0x000000000002bc40        0x4 /usr/lib/gcc/i686-linux-gnu/4.8/crtendS.o

.gcc_except_table
 *(.gcc_except_table .gcc_except_table.*)

.exception_ranges
 *(.exception_ranges .exception_ranges*)
                0x000000000002bc44                . = (ALIGN (0x1000) - ((0x1000 - .) & 0xfff))
                0x000000000002cef8                . = DATA_SEGMENT_ALIGN (0x1000, 0x1000)

.eh_frame
 *(.eh_frame)

.gcc_except_table
 *(.gcc_except_table .gcc_except_table.*)

.exception_ranges
 *(.exception_ranges .exception_ranges*)

.tdata
 *(.tdata .tdata.* .gnu.linkonce.td.*)

.tbss
 *(.tbss .tbss.* .gnu.linkonce.tb.*)
 *(.tcommon)

.preinit_array
 *(.preinit_array)

.init_array     0x000000000002cef8        0x4
 *(SORT(.init_array.*) SORT(.ctors.*))
 *(.init_array EXCLUDE_FILE(*crtend?.o *crtend.o *crtbegin?.o *crtbegin.o) .ctors)
 .init_array    0x000000000002cef8        0x4 /usr/lib/gcc/i686-linux-gnu/4.8/crtbeginS.o

.fini_array     0x000000000002cefc        0x4
 *(SORT(.fini_array.*) SORT(.dtors.*))
 *(.fini_array EXCLUDE_FILE(*crtend?.o *crtend.o *crtbegin?.o *crtbegin.o) .dtors)
 .fini_array    0x000000000002cefc        0x4 /usr/lib/gcc/i686-linux-gnu/4.8/crtbeginS.o

.ctors
 *crtbegin.o(.ctors)
 *crtbegin?.o(.ctors)
 *(EXCLUDE_FILE(*crtend?.o *crtend.o) .ctors)
 *(SORT(.ctors.*))
 *(.ctors)

.dtors
 *crtbegin.o(.dtors)
 *crtbegin?.o(.dtors)
 *(EXCLUDE_FILE(*crtend?.o *crtend.o) .dtors)
 *(SORT(.dtors.*))
 *(.dtors)

.jcr            0x000000000002cf00        0x4
 *(.jcr)
 .jcr           0x000000000002cf00        0x0 /usr/lib/gcc/i686-linux-gnu/4.8/crtbeginS.o
 .jcr           0x000000000002cf00        0x4 /usr/lib/gcc/i686-linux-gnu/4.8/crtendS.o

.data.rel.ro
 *(.data.rel.ro.local* .gnu.linkonce.d.rel.ro.local.*)
 *(.data.rel.ro .data.rel.ro.* .gnu.linkonce.d.rel.ro.*)

.dynamic        0x000000000002cf04       0xe8
 *(.dynamic)
 .dynamic       0x000000000002cf04       0xe8 /usr/lib/gcc/i686-linux-gnu/4.8/../../../i386-linux-gnu/crti.o
                0x000000000002cf04                _DYNAMIC

.got            0x000000000002cfec       0x14
 *(.got)
 .got           0x000000000002cfec       0x14 /usr/lib/gcc/i686-linux-gnu/4.8/../../../i386-linux-gnu/crti.o
 *(.igot)
                0x000000000002dff4                . = DATA_SEGMENT_RELRO_END (., (SIZEOF (.got.plt) >= 0xc)?0xc:0x0)

.got.plt        0x000000000002d000       0x14
 *(.got.plt)
 .got.plt       0x000000000002d000       0x14 /usr/lib/gcc/i686-linux-gnu/4.8/../../../i386-linux-gnu/crti.o
                0x000000000002d000                _GLOBAL_OFFSET_TABLE_
 *(.igot.plt)

.data           0x000000000002d020      0x266
 *(.data .data.* .gnu.linkonce.d.*)
 .data          0x000000000002d020        0x0 /usr/lib/gcc/i686-linux-gnu/4.8/../../../i386-linux-gnu/crti.o
 .data          0x000000000002d020        0x0 /usr/lib/gcc/i686-linux-gnu/4.8/crtbeginS.o
 .data.rel      0x000000000002d020        0x4 /usr/lib/gcc/i686-linux-gnu/4.8/crtbeginS.o
                0x000000000002d020                __dso_handle
 .data          0x000000000002d024       0x10 udp-server.co
                0x000000000002d024                udp_server_process
 *fill*         0x000000000002d034        0xc 
 .data          0x000000000002d040       0x44 obj_cooja/mtype680.o
                0x000000000002d040                simInterfaces
                0x000000000002d074                sensors
 .data          0x000000000002d084        0x0 obj_cooja/mtype680.a(simEnvChange.o)
 .data          0x000000000002d084        0x0 obj_cooja/mtype680.a(cooja_mt.o)
 .data          0x000000000002d084        0x0 obj_cooja/mtype680.a(cooja_mtarch.o)
 .data          0x000000000002d084        0x0 obj_cooja/mtype680.a(rtimer-arch.o)
 .data          0x000000000002d084        0x0 obj_cooja/mtype680.a(beep.o)
 .data          0x000000000002d084        0x0 obj_cooja/mtype680.a(button-sensor.o)
 .data          0x000000000002d084        0x0 obj_cooja/mtype680.a(leds-arch.o)
 .data          0x000000000002d084        0x0 obj_cooja/mtype680.a(moteid.o)
 .data          0x000000000002d084        0x0 obj_cooja/mtype680.a(pir-sensor.o)
 .data          0x000000000002d084        0x0 obj_cooja/mtype680.a(rs232.o)
 .data          0x000000000002d084        0x0 obj_cooja/mtype680.a(vib-sensor.o)
 .data          0x000000000002d084        0x0 obj_cooja/mtype680.a(clock.o)
 .data          0x000000000002d084        0x0 obj_cooja/mtype680.a(log.o)
 .data          0x000000000002d084        0x0 obj_cooja/mtype680.a(cfs-cooja.o)
 .data          0x000000000002d084       0x40 obj_cooja/mtype680.a(cooja-radio.o)
                0x000000000002d084                simRadioChannelLR
                0x000000000002d088                simRadioHWOnLR
                0x000000000002d08c                simSignalStrengthLR
                0x000000000002d090                simLastSignalStrengthLR
                0x000000000002d094                simPowerLR
                0x000000000002d098                simLQILR
                0x000000000002d09c                simRadioChannel
                0x000000000002d0a0                simRadioHWOn
                0x000000000002d0a4                simSignalStrength
                0x000000000002d0a8                simLastSignalStrength
                0x000000000002d0ac                simPower
                0x000000000002d0b0                simLQI
                0x000000000002d0b4                cooja_radio_process
 .data          0x000000000002d0c4        0x0 obj_cooja/mtype680.a(eeprom.o)
 .data          0x000000000002d0c4        0x0 obj_cooja/mtype680.a(random.o)
 .data          0x000000000002d0c4       0x10 obj_cooja/mtype680.a(sensors.o)
                0x000000000002d0c4                sensors_process
 .data          0x000000000002d0d4       0x24 obj_cooja/mtype680.a(dual_conf.o)
                0x000000000002d0d4                radio_received
                0x000000000002d0d8                dual_dio_broadcast
                0x000000000002d0e8                dual_dis_broadcast
 .data          0x000000000002d0f8        0x0 obj_cooja/mtype680.a(autostart.o)
 .data          0x000000000002d0f8       0x14 obj_cooja/mtype680.a(ctimer.o)
                0x000000000002d0fc                ctimer_process
 .data          0x000000000002d10c       0x10 obj_cooja/mtype680.a(etimer.o)
                0x000000000002d10c                etimer_process
 .data          0x000000000002d11c        0x0 obj_cooja/mtype680.a(log_message.o)
 .data          0x000000000002d11c        0x0 obj_cooja/mtype680.a(process.o)
 .data          0x000000000002d11c        0x0 obj_cooja/mtype680.a(residual.o)
 .data          0x000000000002d11c        0x0 obj_cooja/mtype680.a(rtimer.o)
 .data          0x000000000002d11c        0x0 obj_cooja/mtype680.a(timer.o)
 .data          0x000000000002d11c       0x10 obj_cooja/mtype680.a(serial-line.o)
                0x000000000002d11c                serial_line_process
 .data          0x000000000002d12c        0x0 obj_cooja/mtype680.a(list.o)
 .data          0x000000000002d12c        0x0 obj_cooja/mtype680.a(ringbuf.o)
 .data          0x000000000002d12c        0x0 obj_cooja/mtype680.a(sicslowpan.o)
 .data          0x000000000002d12c       0x14 obj_cooja/mtype680.a(uip-ds6-nbr.o)
                0x000000000002d13c                ds6_neighbors
 .data          0x000000000002d140        0x0 obj_cooja/mtype680.a(uip-ds6.o)
 .data          0x000000000002d140        0x0 obj_cooja/mtype680.a(uip6.o)
 .data          0x000000000002d140       0x10 obj_cooja/mtype680.a(tcpip.o)
                0x000000000002d140                tcpip_process
 .data          0x000000000002d150        0x0 obj_cooja/mtype680.a(uip-debug.o)
 .data          0x000000000002d150        0xc obj_cooja/mtype680.a(uip-packetqueue)
 .data          0x000000000002d15c       0x28 obj_cooja/mtype680.a(rpl-dag.o)
                0x000000000002d16c                rpl_parents
                0x000000000002d180                rpl_children
 .data          0x000000000002d184        0x0 obj_cooja/mtype680.a(rpl-ext-header.)
 .data          0x000000000002d184       0x34 obj_cooja/mtype680.a(rpl-icmp6.o)
 .data          0x000000000002d1b8       0x1c obj_cooja/mtype680.a(rpl-mrhof.o)
                0x000000000002d1b8                rpl_mrhof
 .data          0x000000000002d1d4        0x0 obj_cooja/mtype680.a(rpl-timers.o)
 .data          0x000000000002d1d4        0x0 obj_cooja/mtype680.a(rpl.o)
 .data          0x000000000002d1d4        0x0 obj_cooja/mtype680.a(framer-802154.o)
 .data          0x000000000002d1d4        0x0 obj_cooja/mtype680.a(nullmac.o)
 .data          0x000000000002d1d4       0x20 obj_cooja/mtype680.a(cxmac.o)
                0x000000000002d1d4                cxmac_config
 .data          0x000000000002d1f4        0x0 obj_cooja/mtype680.a(linkaddr.o)
 .data          0x000000000002d1f4       0x10 obj_cooja/mtype680.a(nbr-table.o)
 .data          0x000000000002d204        0x0 obj_cooja/mtype680.a(netstack.o)
 .data          0x000000000002d204        0x4 obj_cooja/mtype680.a(packetbuf.o)
 .data          0x000000000002d208       0x18 obj_cooja/mtype680.a(queuebuf.o)
 .data          0x000000000002d220        0x0 obj_cooja/mtype680.a(nullsec.o)
 .data          0x000000000002d220        0x0 obj_cooja/mtype680.a(watchdog.o)
 .data          0x000000000002d220        0x0 obj_cooja/mtype680.a(rimestats.o)
 .data          0x000000000002d220        0x0 obj_cooja/mtype680.a(stimer.o)
 .data          0x000000000002d220        0x0 obj_cooja/mtype680.a(memb.o)
 .data          0x000000000002d220       0x44 obj_cooja/mtype680.a(uip-ds6-route.o)
                0x000000000002d230                nbr_routes
 .data          0x000000000002d264       0x20 obj_cooja/mtype680.a(uip-icmp6.o)
 .data          0x000000000002d284        0x0 obj_cooja/mtype680.a(uip-nd6.o)
 .data          0x000000000002d284        0x0 obj_cooja/mtype680.a(rpl-nbr-policy.)
 .data          0x000000000002d284        0x2 obj_cooja/mtype680.a(frame802154.o)
 .data          0x000000000002d286        0x0 obj_cooja/mtype680.a(mac.o)
 .data          0x000000000002d286        0x0 /usr/lib/gcc/i686-linux-gnu/4.8/crtendS.o
 .data          0x000000000002d286        0x0 /usr/lib/gcc/i686-linux-gnu/4.8/../../../i386-linux-gnu/crtn.o

.tm_clone_table
                0x000000000002d288        0x0
 .tm_clone_table
                0x000000000002d288        0x0 /usr/lib/gcc/i686-linux-gnu/4.8/crtbeginS.o
 .tm_clone_table
                0x000000000002d288        0x0 /usr/lib/gcc/i686-linux-gnu/4.8/crtendS.o

.data1
 *(.data1)
                0x000000000002d288                _edata = .
                0x000000000002d288                PROVIDE (edata, .)
                0x000000000002d288                . = .
                0x000000000002d288                __bss_start = .

.bss            0x000000000002d2a0     0x88c8
 *(.dynbss)
 .dynbss        0x0000000000000000        0x0 /usr/lib/gcc/i686-linux-gnu/4.8/../../../i386-linux-gnu/crti.o
 *(.bss .bss.* .gnu.linkonce.b.*)
 .bss           0x000000000002d2a0        0x0 /usr/lib/gcc/i686-linux-gnu/4.8/../../../i386-linux-gnu/crti.o
 .bss           0x000000000002d2a0        0x1 /usr/lib/gcc/i686-linux-gnu/4.8/crtbeginS.o
 *fill*         0x000000000002d2a1        0x3 
 .bss           0x000000000002d2a4        0x8 udp-server.co
                0x000000000002d2a4                my_weight
 *fill*         0x000000000002d2ac       0x14 
 .bss           0x000000000002d2c0     0x2030 obj_cooja/mtype680.o
 .bss           0x000000000002f2f0        0x1 obj_cooja/mtype680.a(simEnvChange.o)
                0x000000000002f2f0                simDontFallAsleep
 *fill*         0x000000000002f2f1        0x3 
 .bss           0x000000000002f2f4        0x4 obj_cooja/mtype680.a(cooja_mt.o)
 .bss           0x000000000002f2f8        0x4 obj_cooja/mtype680.a(cooja_mtarch.o)
 .bss           0x000000000002f2fc        0xc obj_cooja/mtype680.a(rtimer-arch.o)
 .bss           0x000000000002f308        0x0 obj_cooja/mtype680.a(beep.o)
 .bss           0x000000000002f308        0x8 obj_cooja/mtype680.a(button-sensor.o)
 .bss           0x000000000002f310        0x0 obj_cooja/mtype680.a(leds-arch.o)
 .bss           0x000000000002f310        0x0 obj_cooja/mtype680.a(moteid.o)
 .bss           0x000000000002f310        0x1 obj_cooja/mtype680.a(pir-sensor.o)
                0x000000000002f310                simPirValue
 *fill*         0x000000000002f311        0x3 
 .bss           0x000000000002f314        0x4 obj_cooja/mtype680.a(rs232.o)
 .bss           0x000000000002f318        0x1 obj_cooja/mtype680.a(vib-sensor.o)
                0x000000000002f318                simVibValue
 .bss           0x000000000002f319        0x0 obj_cooja/mtype680.a(clock.o)
 *fill*         0x000000000002f319        0x7 
 .bss           0x000000000002f320      0x420 obj_cooja/mtype680.a(log.o)
 .bss           0x000000000002f740      0xfc0 obj_cooja/mtype680.a(cfs-cooja.o)
                0x000000000002f740                simCFSData
                0x00000000000306e0                simCFSSize
                0x00000000000306e4                simCFSChanged
                0x00000000000306e8                simCFSRead
                0x00000000000306ec                simCFSWritten
 .bss           0x0000000000030700       0x24 obj_cooja/mtype680.a(cooja-radio.o)
                0x0000000000030700                simReceivingLR
                0x0000000000030704                simInSizeLR
                0x0000000000030708                simOutSizeLR
                0x000000000003070c                simReceiving
                0x0000000000030710                simInSize
                0x0000000000030714                simOutSize
                0x0000000000030718                LongRangeTransmit
                0x000000000003071c                LongRangeReceiving
 .bss           0x0000000000030724        0xc obj_cooja/mtype680.a(eeprom.o)
                0x0000000000030724                simEEPROMChanged
                0x0000000000030728                simEEPROMRead
                0x000000000003072c                simEEPROMWritten
 .bss           0x0000000000030730        0x0 obj_cooja/mtype680.a(random.o)
 .bss           0x0000000000030730        0xc obj_cooja/mtype680.a(sensors.o)
 .bss           0x000000000003073c       0x28 obj_cooja/mtype680.a(dual_conf.o)
                0x000000000003073c                long_range_radio
 .bss           0x0000000000030764        0x0 obj_cooja/mtype680.a(autostart.o)
 .bss           0x0000000000030764        0x5 obj_cooja/mtype680.a(ctimer.o)
 *fill*         0x0000000000030769        0x3 
 .bss           0x000000000003076c        0x8 obj_cooja/mtype680.a(etimer.o)
 .bss           0x0000000000030774        0x0 obj_cooja/mtype680.a(log_message.o)
 *fill*         0x0000000000030774        0xc 
 .bss           0x0000000000030780      0x1b1 obj_cooja/mtype680.a(process.o)
                0x0000000000030780                process_list
                0x0000000000030784                process_current
 .bss           0x0000000000030931        0x0 obj_cooja/mtype680.a(residual.o)
 *fill*         0x0000000000030931        0x3 
 .bss           0x0000000000030934        0x4 obj_cooja/mtype680.a(rtimer.o)
 .bss           0x0000000000030938        0x0 obj_cooja/mtype680.a(timer.o)
 *fill*         0x0000000000030938        0x8 
 .bss           0x0000000000030940      0x140 obj_cooja/mtype680.a(serial-line.o)
 .bss           0x0000000000030a80        0x0 obj_cooja/mtype680.a(list.o)
 .bss           0x0000000000030a80        0x0 obj_cooja/mtype680.a(ringbuf.o)
 .bss           0x0000000000030a80      0x70c obj_cooja/mtype680.a(sicslowpan.o)
 *fill*         0x000000000003118c       0x14 
 .bss           0x00000000000311a0      0x2d0 obj_cooja/mtype680.a(uip-ds6-nbr.o)
 .bss           0x0000000000031470       0x30 obj_cooja/mtype680.a(uip-ds6.o)
 .bss           0x00000000000314a0        0xe obj_cooja/mtype680.a(uip6.o)
                0x00000000000314a0                uip_ext_bitmap
                0x00000000000314a1                uip_ext_len
                0x00000000000314a2                uip_ext_opt_offset
 *fill*         0x00000000000314ae       0x12 
 .bss           0x00000000000314c0       0x6b obj_cooja/mtype680.a(tcpip.o)
 .bss           0x000000000003152b        0x0 obj_cooja/mtype680.a(uip-debug.o)
 *fill*         0x000000000003152b       0x15 
 .bss           0x0000000000031540      0xcf8 obj_cooja/mtype680.a(uip-packetqueue)
 *fill*         0x0000000000032238        0x8 
 .bss           0x0000000000032240      0x1fe obj_cooja/mtype680.a(rpl-dag.o)
 .bss           0x000000000003243e        0x0 obj_cooja/mtype680.a(rpl-ext-header.)
 .bss           0x000000000003243e        0x0 obj_cooja/mtype680.a(rpl-icmp6.o)
 .bss           0x000000000003243e        0x0 obj_cooja/mtype680.a(rpl-mrhof.o)
 *fill*         0x000000000003243e        0x2 
 .bss           0x0000000000032440       0x23 obj_cooja/mtype680.a(rpl-timers.o)
 *fill*         0x0000000000032463        0x1 
 .bss           0x0000000000032464        0x4 obj_cooja/mtype680.a(rpl.o)
 .bss           0x0000000000032468        0x2 obj_cooja/mtype680.a(framer-802154.o)
 .bss           0x000000000003246a        0x0 obj_cooja/mtype680.a(nullmac.o)
 *fill*         0x000000000003246a       0x16 
 .bss           0x0000000000032480       0xa0 obj_cooja/mtype680.a(cxmac.o)
 .bss           0x0000000000032520        0x0 obj_cooja/mtype680.a(linkaddr.o)
 .bss           0x0000000000032520      0x20c obj_cooja/mtype680.a(nbr-table.o)
 .bss           0x000000000003272c        0x0 obj_cooja/mtype680.a(netstack.o)
 *fill*         0x000000000003272c       0x14 
 .bss           0x0000000000032740       0xa0 obj_cooja/mtype680.a(packetbuf.o)
 .bss           0x00000000000327e0      0xb80 obj_cooja/mtype680.a(queuebuf.o)
 .bss           0x0000000000033360        0x0 obj_cooja/mtype680.a(nullsec.o)
 .bss           0x0000000000033360        0x0 obj_cooja/mtype680.a(watchdog.o)
 .bss           0x0000000000033360        0x0 obj_cooja/mtype680.a(rimestats.o)
 .bss           0x0000000000033360        0x0 obj_cooja/mtype680.a(stimer.o)
 .bss           0x0000000000033360        0x0 obj_cooja/mtype680.a(memb.o)
 .bss           0x0000000000033360      0x568 obj_cooja/mtype680.a(uip-ds6-route.o)
 .bss           0x00000000000338c8       0x18 obj_cooja/mtype680.a(uip-icmp6.o)
 .bss           0x00000000000338e0        0x0 obj_cooja/mtype680.a(uip-nd6.o)
 .bss           0x00000000000338e0       0x44 obj_cooja/mtype680.a(rpl-nbr-policy.)
 .bss           0x0000000000033924        0x0 obj_cooja/mtype680.a(frame802154.o)
 .bss           0x0000000000033924        0x0 obj_cooja/mtype680.a(mac.o)
 .bss           0x0000000000033924        0x0 /usr/lib/gcc/i686-linux-gnu/4.8/crtendS.o
 .bss           0x0000000000033924        0x0 /usr/lib/gcc/i686-linux-gnu/4.8/../../../i386-linux-gnu/crtn.o
 *(COMMON)
 COMMON         0x0000000000033924        0x2 udp-server.co
                0x0000000000033924                my_sink_reachability
                0x0000000000033925                my_parent_number
 *fill*         0x0000000000033926        0x2 
 COMMON         0x0000000000033928       0x4c obj_cooja/mtype680.o
                0x0000000000033928                dio_count
                0x000000000003392c                dis_count
                0x0000000000033930                collision_count
                0x0000000000033934                transmission_count
                0x0000000000033938                COOJA_radioRxLong
                0x000000000003393c                control_message_count
                0x0000000000033940                dao_count
                0x0000000000033944                COOJA_radioTx
                0x0000000000033948                referenceVar
                0x000000000003394c                data_relay_count
                0x0000000000033950                data_message_count
                0x0000000000033954                COOJA_radioTxLong
                0x0000000000033958                COOJA_radioRx
                0x000000000003395c                debugfp
                0x0000000000033960                COOJA_radioOn
                0x0000000000033964                COOJA_duration
                0x0000000000033968                dio_ack_count
                0x000000000003396c                COOJA_radioOnLong
                0x0000000000033970                sensors_flags
 COMMON         0x0000000000033974        0xc obj_cooja/mtype680.a(simEnvChange.o)
                0x0000000000033974                simEtimerPending
                0x0000000000033978                simProcessRunValue
                0x000000000003397c                simNextExpirationTime
 COMMON         0x0000000000033980        0x1 obj_cooja/mtype680.a(beep.o)
                0x0000000000033980                simBeeped
 COMMON         0x0000000000033981        0x3 obj_cooja/mtype680.a(button-sensor.o)
                0x0000000000033981                simButtonIsActive
                0x0000000000033982                simButtonIsDown
                0x0000000000033983                simButtonChanged
 COMMON         0x0000000000033984        0x1 obj_cooja/mtype680.a(leds-arch.o)
                0x0000000000033984                simLedsValue
 *fill*         0x0000000000033985        0x3 
 COMMON         0x0000000000033988        0xc obj_cooja/mtype680.a(moteid.o)
                0x0000000000033988                simRandomSeed
                0x000000000003398c                simMoteIDChanged
                0x0000000000033990                simMoteID
 COMMON         0x0000000000033994        0x2 obj_cooja/mtype680.a(pir-sensor.o)
                0x0000000000033994                simPirIsActive
                0x0000000000033995                simPirChanged
 *fill*         0x0000000000033996        0xa 
 COMMON         0x00000000000339a0      0x820 obj_cooja/mtype680.a(rs232.o)
                0x00000000000339a0                simSerialReceivingFlag
                0x00000000000339a4                simSerialReceivingLength
                0x00000000000339c0                simSerialReceivingData
 COMMON         0x00000000000341c0        0x2 obj_cooja/mtype680.a(vib-sensor.o)
                0x00000000000341c0                simVibChanged
                0x00000000000341c1                simVibIsActive
 *fill*         0x00000000000341c2        0x2 
 COMMON         0x00000000000341c4        0x4 obj_cooja/mtype680.a(clock.o)
                0x00000000000341c4                simCurrentTime
 *fill*         0x00000000000341c8       0x18 
 COMMON         0x00000000000341e0      0x420 obj_cooja/mtype680.a(log.o)
                0x00000000000341e0                simLoggedLength
                0x00000000000341e4                simLoggedFlag
                0x0000000000034200                simLoggedData
 COMMON         0x0000000000034600      0x240 obj_cooja/mtype680.a(cooja-radio.o)
                0x0000000000034600                simOutDataBuffer
                0x0000000000034680                simRadioTarget
                0x00000000000346a0                simInDataBufferLR
                0x0000000000034720                simOutDataBufferLR
                0x00000000000347a0                dual_duty_cycle_count
                0x00000000000347c0                simInDataBuffer
 COMMON         0x0000000000034840      0x400 obj_cooja/mtype680.a(eeprom.o)
                0x0000000000034840                simEEPROMData
 COMMON         0x0000000000034c40        0x1 obj_cooja/mtype680.a(sensors.o)
                0x0000000000034c40                sensors_event
 *fill*         0x0000000000034c41        0x3 
 COMMON         0x0000000000034c44        0x4 obj_cooja/mtype680.a(log_message.o)
                0x0000000000034c44                log_fp
 COMMON         0x0000000000034c48        0x1 obj_cooja/mtype680.a(serial-line.o)
                0x0000000000034c48                serial_line_event_message
 *fill*         0x0000000000034c49       0x17 
 COMMON         0x0000000000034c60      0x12c obj_cooja/mtype680.a(uip-ds6-nbr.o)
                0x0000000000034c60                ds6_lr_addrmap
 *fill*         0x0000000000034d8c       0x14 
 COMMON         0x0000000000034da0      0x298 obj_cooja/mtype680.a(uip-ds6.o)
                0x0000000000034da0                uip_ds6_prefix_list
                0x0000000000034e00                uip_ds6_timer_periodic
                0x0000000000034e10                uip_ds6_netif_addr_list_offset
                0x0000000000034e20                uip_ds6_if
                0x0000000000034f18                uip_ds6_timer_ra
                0x0000000000034f20                uip_ds6_addr_size
                0x0000000000034f40                long_uip_ds6_if
 *fill*         0x0000000000035038        0x8 
 COMMON         0x0000000000035040      0x8ec obj_cooja/mtype680.a(uip6.o)
                0x0000000000035040                uip_slen
                0x0000000000035042                uip_acc32
                0x0000000000035060                uip_conns
                0x0000000000035120                uip_lladdr
                0x0000000000035128                uip_appdata
                0x000000000003512c                uip_flags
                0x0000000000035140                uip_aligned_buf
                0x0000000000035780                uip_listenports
                0x0000000000035790                uip_len
                0x0000000000035792                uip_long_lladdr
                0x000000000003579c                uip_sappdata
                0x00000000000357a0                uip_udp_conns
                0x0000000000035920                uip_udp_conn
                0x0000000000035924                uip_next_hdr
                0x0000000000035928                uip_conn
 COMMON         0x000000000003592c        0x1 obj_cooja/mtype680.a(tcpip.o)
                0x000000000003592c                tcpip_event
 *fill*         0x000000000003592d       0x13 
 COMMON         0x0000000000035940      0x198 obj_cooja/mtype680.a(rpl-dag.o)
                0x0000000000035940                default_instance
                0x0000000000035960                instance_table
 COMMON         0x0000000000035ad8       0x10 obj_cooja/mtype680.a(linkaddr.o)
                0x0000000000035ad8                linkaddr_node_addr
                0x0000000000035ae0                long_linkaddr_node_addr
 COMMON         0x0000000000035ae8       0x2e obj_cooja/mtype680.a(packetbuf.o)
                0x0000000000035ae8                packetbuf_attrs
                0x0000000000035b06                packetbuf_addrs
 *fill*         0x0000000000035b16        0xa 
 COMMON         0x0000000000035b20       0x48 obj_cooja/mtype680.a(rimestats.o)
                0x0000000000035b20                rimestats
                0x0000000000035b68                . = ALIGN ((. != 0x0)?0x4:0x1)
                0x0000000000035b68                . = ALIGN (0x4)
                0x0000000000035b68                . = SEGMENT_START ("ldata-segment", .)
                0x0000000000035b68                . = ALIGN (0x4)
                0x0000000000035b68                _end = .
                0x0000000000035b68                PROVIDE (end, .)
                0x0000000000035b68                . = DATA_SEGMENT_END (.)

.stab
 *(.stab)

.stabstr
 *(.stabstr)

.stab.excl
 *(.stab.excl)

.stab.exclstr
 *(.stab.exclstr)

.stab.index
 *(.stab.index)

.stab.indexstr
 *(.stab.indexstr)

.comment        0x0000000000000000       0x54
 *(.comment)
 .comment       0x0000000000000000       0x29 /usr/lib/gcc/i686-linux-gnu/4.8/crtbeginS.o
                                         0x2a (size before relaxing)
 .comment       0x0000000000000000       0x2a udp-server.co
 .comment       0x0000000000000000       0x2a obj_cooja/mtype680.o
 .comment       0x0000000000000000       0x2a obj_cooja/mtype680.a(simEnvChange.o)
 .comment       0x0000000000000000       0x2a obj_cooja/mtype680.a(cooja_mt.o)
 .comment       0x0000000000000000       0x2a obj_cooja/mtype680.a(cooja_mtarch.o)
 .comment       0x0000000000000000       0x2a obj_cooja/mtype680.a(rtimer-arch.o)
 .comment       0x0000000000000000       0x2a obj_cooja/mtype680.a(beep.o)
 .comment       0x0000000000000000       0x2a obj_cooja/mtype680.a(button-sensor.o)
 .comment       0x0000000000000000       0x2a obj_cooja/mtype680.a(leds-arch.o)
 .comment       0x0000000000000000       0x2a obj_cooja/mtype680.a(moteid.o)
 .comment       0x0000000000000000       0x2a obj_cooja/mtype680.a(pir-sensor.o)
 .comment       0x0000000000000000       0x2a obj_cooja/mtype680.a(rs232.o)
 .comment       0x0000000000000000       0x2a obj_cooja/mtype680.a(vib-sensor.o)
 .comment       0x0000000000000000       0x2a obj_cooja/mtype680.a(clock.o)
 .comment       0x0000000000000000       0x2a obj_cooja/mtype680.a(log.o)
 .comment       0x0000000000000000       0x2a obj_cooja/mtype680.a(cfs-cooja.o)
 .comment       0x0000000000000000       0x2a obj_cooja/mtype680.a(cooja-radio.o)
 .comment       0x0000000000000000       0x2a obj_cooja/mtype680.a(eeprom.o)
 .comment       0x0000000000000000       0x2a obj_cooja/mtype680.a(random.o)
 .comment       0x0000000000000000       0x2a obj_cooja/mtype680.a(sensors.o)
 .comment       0x0000000000000000       0x2a obj_cooja/mtype680.a(dual_conf.o)
 .comment       0x0000000000000000       0x2a obj_cooja/mtype680.a(autostart.o)
 .comment       0x0000000000000000       0x2a obj_cooja/mtype680.a(ctimer.o)
 .comment       0x0000000000000000       0x2a obj_cooja/mtype680.a(etimer.o)
 .comment       0x0000000000000000       0x2a obj_cooja/mtype680.a(log_message.o)
 .comment       0x0000000000000000       0x2a obj_cooja/mtype680.a(process.o)
 .comment       0x0000000000000000       0x2a obj_cooja/mtype680.a(residual.o)
 .comment       0x0000000000000000       0x2a obj_cooja/mtype680.a(rtimer.o)
 .comment       0x0000000000000000       0x2a obj_cooja/mtype680.a(timer.o)
 .comment       0x0000000000000000       0x2a obj_cooja/mtype680.a(serial-line.o)
 .comment       0x0000000000000029       0x2b obj_cooja/mtype680.a(list.o)
                                         0x2c (size before relaxing)
 .comment       0x0000000000000000       0x2a obj_cooja/mtype680.a(ringbuf.o)
 .comment       0x0000000000000000       0x2a obj_cooja/mtype680.a(sicslowpan.o)
 .comment       0x0000000000000000       0x2a obj_cooja/mtype680.a(uip-ds6-nbr.o)
 .comment       0x0000000000000000       0x2a obj_cooja/mtype680.a(uip-ds6.o)
 .comment       0x0000000000000000       0x2a obj_cooja/mtype680.a(uip6.o)
 .comment       0x0000000000000000       0x2a obj_cooja/mtype680.a(tcpip.o)
 .comment       0x0000000000000000       0x2a obj_cooja/mtype680.a(uip-debug.o)
 .comment       0x0000000000000000       0x2a obj_cooja/mtype680.a(uip-packetqueue)
 .comment       0x0000000000000000       0x2a obj_cooja/mtype680.a(rpl-dag.o)
 .comment       0x0000000000000000       0x2a obj_cooja/mtype680.a(rpl-ext-header.)
 .comment       0x0000000000000000       0x2a obj_cooja/mtype680.a(rpl-icmp6.o)
 .comment       0x0000000000000000       0x2a obj_cooja/mtype680.a(rpl-mrhof.o)
 .comment       0x0000000000000000       0x2a obj_cooja/mtype680.a(rpl-timers.o)
 .comment       0x0000000000000000       0x2a obj_cooja/mtype680.a(rpl.o)
 .comment       0x0000000000000000       0x2a obj_cooja/mtype680.a(framer-802154.o)
 .comment       0x0000000000000000       0x2a obj_cooja/mtype680.a(nullmac.o)
 .comment       0x0000000000000000       0x2a obj_cooja/mtype680.a(cxmac.o)
 .comment       0x0000000000000000       0x2a obj_cooja/mtype680.a(linkaddr.o)
 .comment       0x0000000000000000       0x2a obj_cooja/mtype680.a(nbr-table.o)
 .comment       0x0000000000000000       0x2a obj_cooja/mtype680.a(netstack.o)
 .comment       0x0000000000000000       0x2a obj_cooja/mtype680.a(packetbuf.o)
 .comment       0x0000000000000000       0x2a obj_cooja/mtype680.a(queuebuf.o)
 .comment       0x0000000000000000       0x2a obj_cooja/mtype680.a(nullsec.o)
 .comment       0x0000000000000000       0x2a obj_cooja/mtype680.a(watchdog.o)
 .comment       0x0000000000000000       0x2c obj_cooja/mtype680.a(rimestats.o)
 .comment       0x0000000000000000       0x2a obj_cooja/mtype680.a(stimer.o)
 .comment       0x0000000000000000       0x2a obj_cooja/mtype680.a(memb.o)
 .comment       0x0000000000000000       0x2a obj_cooja/mtype680.a(uip-ds6-route.o)
 .comment       0x0000000000000000       0x2a obj_cooja/mtype680.a(uip-icmp6.o)
 .comment       0x0000000000000000       0x2a obj_cooja/mtype680.a(uip-nd6.o)
 .comment       0x0000000000000000       0x2a obj_cooja/mtype680.a(rpl-nbr-policy.)
 .comment       0x0000000000000000       0x2a obj_cooja/mtype680.a(frame802154.o)
 .comment       0x0000000000000000       0x2a obj_cooja/mtype680.a(mac.o)
 .comment       0x0000000000000000       0x2a /usr/lib/gcc/i686-linux-gnu/4.8/crtendS.o

.debug
 *(.debug)

.line
 *(.line)

.debug_srcinfo
 *(.debug_srcinfo)

.debug_sfnames
 *(.debug_sfnames)

.debug_aranges  0x0000000000000000      0x7f8
 *(.debug_aranges)
 .debug_aranges
                0x0000000000000000       0x20 udp-server.co
 .debug_aranges
                0x0000000000000020       0x20 obj_cooja/mtype680.o
 .debug_aranges
                0x0000000000000040       0x20 obj_cooja/mtype680.a(simEnvChange.o)
 .debug_aranges
                0x0000000000000060       0x20 obj_cooja/mtype680.a(cooja_mt.o)
 .debug_aranges
                0x0000000000000080       0x20 obj_cooja/mtype680.a(cooja_mtarch.o)
 .debug_aranges
                0x00000000000000a0       0x20 obj_cooja/mtype680.a(rtimer-arch.o)
 .debug_aranges
                0x00000000000000c0       0x20 obj_cooja/mtype680.a(beep.o)
 .debug_aranges
                0x00000000000000e0       0x20 obj_cooja/mtype680.a(button-sensor.o)
 .debug_aranges
                0x0000000000000100       0x20 obj_cooja/mtype680.a(leds-arch.o)
 .debug_aranges
                0x0000000000000120       0x20 obj_cooja/mtype680.a(moteid.o)
 .debug_aranges
                0x0000000000000140       0x20 obj_cooja/mtype680.a(pir-sensor.o)
 .debug_aranges
                0x0000000000000160       0x20 obj_cooja/mtype680.a(rs232.o)
 .debug_aranges
                0x0000000000000180       0x20 obj_cooja/mtype680.a(vib-sensor.o)
 .debug_aranges
                0x00000000000001a0       0x20 obj_cooja/mtype680.a(clock.o)
 .debug_aranges
                0x00000000000001c0       0x20 obj_cooja/mtype680.a(log.o)
 .debug_aranges
                0x00000000000001e0       0x20 obj_cooja/mtype680.a(cfs-cooja.o)
 .debug_aranges
                0x0000000000000200       0x20 obj_cooja/mtype680.a(cooja-radio.o)
 .debug_aranges
                0x0000000000000220       0x20 obj_cooja/mtype680.a(eeprom.o)
 .debug_aranges
                0x0000000000000240       0x20 obj_cooja/mtype680.a(random.o)
 .debug_aranges
                0x0000000000000260       0x20 obj_cooja/mtype680.a(sensors.o)
 .debug_aranges
                0x0000000000000280       0x20 obj_cooja/mtype680.a(dual_conf.o)
 .debug_aranges
                0x00000000000002a0       0x20 obj_cooja/mtype680.a(autostart.o)
 .debug_aranges
                0x00000000000002c0       0x20 obj_cooja/mtype680.a(ctimer.o)
 .debug_aranges
                0x00000000000002e0       0x20 obj_cooja/mtype680.a(etimer.o)
 .debug_aranges
                0x0000000000000300       0x20 obj_cooja/mtype680.a(log_message.o)
 .debug_aranges
                0x0000000000000320       0x20 obj_cooja/mtype680.a(process.o)
 .debug_aranges
                0x0000000000000340       0x20 obj_cooja/mtype680.a(residual.o)
 .debug_aranges
                0x0000000000000360       0x20 obj_cooja/mtype680.a(rtimer.o)
 .debug_aranges
                0x0000000000000380       0x20 obj_cooja/mtype680.a(timer.o)
 .debug_aranges
                0x00000000000003a0       0x20 obj_cooja/mtype680.a(serial-line.o)
 .debug_aranges
                0x00000000000003c0       0x20 obj_cooja/mtype680.a(list.o)
 .debug_aranges
                0x00000000000003e0       0x20 obj_cooja/mtype680.a(ringbuf.o)
 .debug_aranges
                0x0000000000000400       0x20 obj_cooja/mtype680.a(sicslowpan.o)
 .debug_aranges
                0x0000000000000420       0x20 obj_cooja/mtype680.a(uip-ds6-nbr.o)
 .debug_aranges
                0x0000000000000440       0x20 obj_cooja/mtype680.a(uip-ds6.o)
 .debug_aranges
                0x0000000000000460       0x20 obj_cooja/mtype680.a(uip6.o)
 .debug_aranges
                0x0000000000000480       0x20 obj_cooja/mtype680.a(tcpip.o)
 .debug_aranges
                0x00000000000004a0       0x20 obj_cooja/mtype680.a(uip-debug.o)
 .debug_aranges
                0x00000000000004c0       0x20 obj_cooja/mtype680.a(uip-packetqueue)
 .debug_aranges
                0x00000000000004e0       0x20 obj_cooja/mtype680.a(rpl-dag.o)
 .debug_aranges
                0x0000000000000500       0x20 obj_cooja/mtype680.a(rpl-ext-header.)
 .debug_aranges
                0x0000000000000520       0x20 obj_cooja/mtype680.a(rpl-icmp6.o)
 .debug_aranges
                0x0000000000000540       0x20 obj_cooja/mtype680.a(rpl-mrhof.o)
 .debug_aranges
                0x0000000000000560       0x20 obj_cooja/mtype680.a(rpl-timers.o)
 .debug_aranges
                0x0000000000000580       0x20 obj_cooja/mtype680.a(rpl.o)
 .debug_aranges
                0x00000000000005a0       0x20 obj_cooja/mtype680.a(framer-802154.o)
 .debug_aranges
                0x00000000000005c0       0x20 obj_cooja/mtype680.a(nullmac.o)
 .debug_aranges
                0x00000000000005e0       0x20 obj_cooja/mtype680.a(cxmac.o)
 .debug_aranges
                0x0000000000000600       0x20 obj_cooja/mtype680.a(linkaddr.o)
 .debug_aranges
                0x0000000000000620       0x20 obj_cooja/mtype680.a(nbr-table.o)
 .debug_aranges
                0x0000000000000640       0x20 obj_cooja/mtype680.a(netstack.o)
 .debug_aranges
                0x0000000000000660       0x20 obj_cooja/mtype680.a(packetbuf.o)
 .debug_aranges
                0x0000000000000680       0x20 obj_cooja/mtype680.a(queuebuf.o)
 .debug_aranges
                0x00000000000006a0       0x20 obj_cooja/mtype680.a(nullsec.o)
 .debug_aranges
                0x00000000000006c0       0x20 obj_cooja/mtype680.a(watchdog.o)
 .debug_aranges
                0x00000000000006e0       0x18 obj_cooja/mtype680.a(rimestats.o)
 .debug_aranges
                0x00000000000006f8       0x20 obj_cooja/mtype680.a(stimer.o)
 .debug_aranges
                0x0000000000000718       0x20 obj_cooja/mtype680.a(memb.o)
 .debug_aranges
                0x0000000000000738       0x20 obj_cooja/mtype680.a(uip-ds6-route.o)
 .debug_aranges
                0x0000000000000758       0x20 obj_cooja/mtype680.a(uip-icmp6.o)
 .debug_aranges
                0x0000000000000778       0x20 obj_cooja/mtype680.a(uip-nd6.o)
 .debug_aranges
                0x0000000000000798       0x20 obj_cooja/mtype680.a(rpl-nbr-policy.)
 .debug_aranges
                0x00000000000007b8       0x20 obj_cooja/mtype680.a(frame802154.o)
 .debug_aranges
                0x00000000000007d8       0x20 obj_cooja/mtype680.a(mac.o)

.debug_pubnames
 *(.debug_pubnames)

.debug_info     0x0000000000000000    0x1cd11
 *(.debug_info .gnu.linkonce.wi.*)
 .debug_info    0x0000000000000000      0xe4b udp-server.co
 .debug_info    0x0000000000000e4b     0x3ac4 obj_cooja/mtype680.o
 .debug_info    0x000000000000490f      0x15a obj_cooja/mtype680.a(simEnvChange.o)
 .debug_info    0x0000000000004a69      0x1e2 obj_cooja/mtype680.a(cooja_mt.o)
 .debug_info    0x0000000000004c4b      0x2e7 obj_cooja/mtype680.a(cooja_mtarch.o)
 .debug_info    0x0000000000004f32      0x16b obj_cooja/mtype680.a(rtimer-arch.o)
 .debug_info    0x000000000000509d      0x1f3 obj_cooja/mtype680.a(beep.o)
 .debug_info    0x0000000000005290      0x257 obj_cooja/mtype680.a(button-sensor.o)
 .debug_info    0x00000000000054e7      0x132 obj_cooja/mtype680.a(leds-arch.o)
 .debug_info    0x0000000000005619      0x10a obj_cooja/mtype680.a(moteid.o)
 .debug_info    0x0000000000005723      0x216 obj_cooja/mtype680.a(pir-sensor.o)
 .debug_info    0x0000000000005939      0x21e obj_cooja/mtype680.a(rs232.o)
 .debug_info    0x0000000000005b57      0x216 obj_cooja/mtype680.a(vib-sensor.o)
 .debug_info    0x0000000000005d6d      0x152 obj_cooja/mtype680.a(clock.o)
 .debug_info    0x0000000000005ebf      0x2bb obj_cooja/mtype680.a(log.o)
 .debug_info    0x000000000000617a      0x3cf obj_cooja/mtype680.a(cfs-cooja.o)
 .debug_info    0x0000000000006549      0xd30 obj_cooja/mtype680.a(cooja-radio.o)
 .debug_info    0x0000000000007279      0x1d5 obj_cooja/mtype680.a(eeprom.o)
 .debug_info    0x000000000000744e       0xb3 obj_cooja/mtype680.a(random.o)
 .debug_info    0x0000000000007501      0x36d obj_cooja/mtype680.a(sensors.o)
 .debug_info    0x000000000000786e      0xc68 obj_cooja/mtype680.a(dual_conf.o)
 .debug_info    0x00000000000084d6      0x1a5 obj_cooja/mtype680.a(autostart.o)
 .debug_info    0x000000000000867b      0x46c obj_cooja/mtype680.a(ctimer.o)
 .debug_info    0x0000000000008ae7      0x49c obj_cooja/mtype680.a(etimer.o)
 .debug_info    0x0000000000008f83      0x3d2 obj_cooja/mtype680.a(log_message.o)
 .debug_info    0x0000000000009355      0x4ba obj_cooja/mtype680.a(process.o)
 .debug_info    0x000000000000980f      0x164 obj_cooja/mtype680.a(residual.o)
 .debug_info    0x0000000000009973      0x1ab obj_cooja/mtype680.a(rtimer.o)
 .debug_info    0x0000000000009b1e      0x16c obj_cooja/mtype680.a(timer.o)
 .debug_info    0x0000000000009c8a      0x2de obj_cooja/mtype680.a(serial-line.o)
 .debug_info    0x0000000000009f68      0x2ed obj_cooja/mtype680.a(list.o)
 .debug_info    0x000000000000a255      0x1aa obj_cooja/mtype680.a(ringbuf.o)
 .debug_info    0x000000000000a3ff     0x105e obj_cooja/mtype680.a(sicslowpan.o)
 .debug_info    0x000000000000b45d      0x8c9 obj_cooja/mtype680.a(uip-ds6-nbr.o)
 .debug_info    0x000000000000bd26      0xc6e obj_cooja/mtype680.a(uip-ds6.o)