Archive member included to satisfy reference by file (symbol)

obj_cooja/mtype314.a(simEnvChange.o)
                              obj_cooja/mtype314.o (simDontFallAsleep)
obj_cooja/mtype314.a(cooja_mt.o)
                              obj_cooja/mtype314.o (cooja_mt_start)
obj_cooja/mtype314.a(cooja_mtarch.o)
                              obj_cooja/mtype314.a(cooja_mt.o) (cooja_mtarch_init)
obj_cooja/mtype314.a(rtimer-arch.o)
                              obj_cooja/mtype314.o (rtimer_arch_next)
obj_cooja/mtype314.a(beep.o)  obj_cooja/mtype314.o (beep_interface)
obj_cooja/mtype314.a(button-sensor.o)
                              obj_cooja/mtype314.o (button_interface)
obj_cooja/mtype314.a(leds-arch.o)
                              obj_cooja/mtype314.o (leds_interface)
obj_cooja/mtype314.a(moteid.o)
                              obj_cooja/mtype314.o (moteid_interface)
obj_cooja/mtype314.a(pir-sensor.o)
                              obj_cooja/mtype314.o (pir_interface)
obj_cooja/mtype314.a(rs232.o)
                              obj_cooja/mtype314.o (rs232_interface)
obj_cooja/mtype314.a(vib-sensor.o)
                              obj_cooja/mtype314.o (vib_interface)
obj_cooja/mtype314.a(clock.o)
                              obj_cooja/mtype314.o (clock_interface)
obj_cooja/mtype314.a(log.o)   obj_cooja/mtype314.o (simlog_interface)
obj_cooja/mtype314.a(cfs-cooja.o)
                              obj_cooja/mtype314.o (cfs_interface)
obj_cooja/mtype314.a(cooja-radio.o)
                              obj_cooja/mtype314.o (radio_interface)
obj_cooja/mtype314.a(eeprom.o)
                              obj_cooja/mtype314.o (eeprom_interface)
obj_cooja/mtype314.a(random.o)
                              obj_cooja/mtype314.a(moteid.o) (random_init)
obj_cooja/mtype314.a(sensors.o)
                              udp-server.co (sensors_event)
obj_cooja/mtype314.a(dual_conf.o)
                              obj_cooja/mtype314.a(cooja-radio.o) (long_range_radio)
obj_cooja/mtype314.a(autostart.o)
                              obj_cooja/mtype314.o (autostart_start)
obj_cooja/mtype314.a(ctimer.o)
                              obj_cooja/mtype314.o (ctimer_init)
obj_cooja/mtype314.a(etimer.o)
                              obj_cooja/mtype314.o (etimer_process)
obj_cooja/mtype314.a(log_message.o)
                              obj_cooja/mtype314.o (log_initialization)
obj_cooja/mtype314.a(process.o)
                              udp-server.co (process_current)
obj_cooja/mtype314.a(rtimer.o)
                              obj_cooja/mtype314.a(rtimer-arch.o) (rtimer_run_next)
obj_cooja/mtype314.a(timer.o)
                              obj_cooja/mtype314.a(button-sensor.o) (timer_set)
obj_cooja/mtype314.a(serial-line.o)
                              obj_cooja/mtype314.a(rs232.o) (serial_line_input_byte)
obj_cooja/mtype314.a(list.o)  obj_cooja/mtype314.a(ctimer.o) (list_init)
obj_cooja/mtype314.a(ringbuf.o)
                              obj_cooja/mtype314.a(serial-line.o) (ringbuf_init)
obj_cooja/mtype314.a(sicslowpan.o)
                              obj_cooja/mtype314.o (sicslowpan_driver)
obj_cooja/mtype314.a(uip-ds6-nbr.o)
                              obj_cooja/mtype314.a(sicslowpan.o) (uip_ds6_link_neighbor_callback)
obj_cooja/mtype314.a(uip-ds6.o)
                              udp-server.co (uip_ds6_if)
obj_cooja/mtype314.a(uip6.o)  obj_cooja/mtype314.o (uip_lladdr)
obj_cooja/mtype314.a(tcpip.o)
                              udp-server.co (tcpip_event)
obj_cooja/mtype314.a(uip-debug.o)
                              udp-server.co (uip_debug_ipaddr_print)
obj_cooja/mtype314.a(uip-packetqueue)
                              obj_cooja/mtype314.a(uip-ds6-nbr.o) (uip_packetqueue_new)
obj_cooja/mtype314.a(rpl-dag.o)
                              udp-server.co (rpl_set_root)
obj_cooja/mtype314.a(rpl-ext-header.)
                              obj_cooja/mtype314.a(uip6.o) (rpl_verify_header)
obj_cooja/mtype314.a(rpl-icmp6.o)
                              obj_cooja/mtype314.a(rpl-dag.o) (rpl_icmp6_update_nbr_table)
obj_cooja/mtype314.a(rpl-ltmax.o)
                              obj_cooja/mtype314.a(rpl-dag.o) (rpl_ltmax_of)
obj_cooja/mtype314.a(rpl-timers.o)
                              obj_cooja/mtype314.a(rpl-dag.o) (rpl_reset_dio_timer)
obj_cooja/mtype314.a(rpl.o)   obj_cooja/mtype314.a(rpl-icmp6.o) (rpl_get_mode)
obj_cooja/mtype314.a(framer-802154.o)
                              obj_cooja/mtype314.a(sicslowpan.o) (framer_802154)
obj_cooja/mtype314.a(nullmac.o)
                              udp-server.co (nullmac_driver)
obj_cooja/mtype314.a(nullrdc.o)
                              obj_cooja/mtype314.o (nullrdc_driver)
obj_cooja/mtype314.a(linkaddr.o)
                              obj_cooja/mtype314.o (linkaddr_node_addr)
obj_cooja/mtype314.a(nbr-table.o)
                              obj_cooja/mtype314.a(uip-ds6-nbr.o) (lladdr_map_add_lr)
obj_cooja/mtype314.a(netstack.o)
                              obj_cooja/mtype314.o (netstack_init)
[...]
Memory Configuration

Name             Origin             Length             Attributes
*default*        0x0000000000000000 0xffffffffffffffff

Linker script and memory map

LOAD /usr/lib/gcc/i686-linux-gnu/4.8/../../../i386-linux-gnu/crti.o
LOAD /usr/lib/gcc/i686-linux-gnu/4.8/crtbeginS.o
LOAD udp-server.co
LOAD obj_cooja/mtype314.o
LOAD obj_cooja/mtype314.a
LOAD /usr/lib/gcc/i686-linux-gnu/4.8/libgcc.a
LOAD /usr/lib/gcc/i686-linux-gnu/4.8/libgcc_s.so
LOAD /usr/lib/gcc/i686-linux-gnu/4.8/../../../i386-linux-gnu/libc.so
START GROUP
LOAD /lib/i386-linux-gnu/libc.so.6
LOAD /usr/lib/i386-linux-gnu/libc_nonshared.a
LOAD /lib/i386-linux-gnu/ld-linux.so.2
END GROUP
LOAD /usr/lib/gcc/i686-linux-gnu/4.8/libgcc.a
LOAD /usr/lib/gcc/i686-linux-gnu/4.8/libgcc_s.so
LOAD /usr/lib/gcc/i686-linux-gnu/4.8/crtendS.o
LOAD /usr/lib/gcc/i686-linux-gnu/4.8/../../../i386-linux-gnu/crtn.o
                0x0000000000000114                . = (0x0 + SIZEOF_HEADERS)

.note.gnu.build-id
                0x0000000000000114       0x24
 *(.note.gnu.build-id)
 .note.gnu.build-id
                0x0000000000000114       0x24 /usr/lib/gcc/i686-linux-gnu/4.8/../../../i386-linux-gnu/crti.o

.hash
 *(.hash)

.gnu.hash       0x0000000000000138     0x1334
 *(.gnu.hash)
 .gnu.hash      0x0000000000000138     0x1334 /usr/lib/gcc/i686-linux-gnu/4.8/../../../i386-linux-gnu/crti.o

.dynsym         0x000000000000146c     0x2550
 *(.dynsym)
 .dynsym        0x000000000000146c     0x2550 /usr/lib/gcc/i686-linux-gnu/4.8/../../../i386-linux-gnu/crti.o

.dynstr         0x00000000000039bc     0x2669
 *(.dynstr)
 .dynstr        0x00000000000039bc     0x2669 /usr/lib/gcc/i686-linux-gnu/4.8/../../../i386-linux-gnu/crti.o

.gnu.version    0x0000000000006026      0x4aa
 *(.gnu.version)
 .gnu.version   0x0000000000006026      0x4aa /usr/lib/gcc/i686-linux-gnu/4.8/../../../i386-linux-gnu/crti.o

.gnu.version_d  0x00000000000064d0        0x0
 *(.gnu.version_d)
 .gnu.version_d
                0x0000000000000000        0x0 /usr/lib/gcc/i686-linux-gnu/4.8/../../../i386-linux-gnu/crti.o

.gnu.version_r  0x00000000000064d0       0x50
 *(.gnu.version_r)
 .gnu.version_r
                0x00000000000064d0       0x50 /usr/lib/gcc/i686-linux-gnu/4.8/../../../i386-linux-gnu/crti.o

.rel.dyn        0x0000000000006520     0x8b88
 *(.rel.init)
 .rel.init      0x0000000000000000        0x0 /usr/lib/gcc/i686-linux-gnu/4.8/../../../i386-linux-gnu/crti.o
 *(.rel.text .rel.text.* .rel.gnu.linkonce.t.*)
 .rel.text      0x0000000000006520     0x8410 /usr/lib/gcc/i686-linux-gnu/4.8/../../../i386-linux-gnu/crti.o
 *(.rel.fini)
 .rel.fini      0x0000000000000000        0x0 /usr/lib/gcc/i686-linux-gnu/4.8/../../../i386-linux-gnu/crti.o
 *(.rel.rodata .rel.rodata.* .rel.gnu.linkonce.r.*)
 .rel.rodata    0x000000000000e930      0x4e0 /usr/lib/gcc/i686-linux-gnu/4.8/../../../i386-linux-gnu/crti.o
 *(.rel.data.rel.ro .rel.data.rel.ro.* .rel.gnu.linkonce.d.rel.ro.*)
 *(.rel.data .rel.data.* .rel.gnu.linkonce.d.*)
 .rel.data.rel  0x000000000000ee10        0x8 /usr/lib/gcc/i686-linux-gnu/4.8/../../../i386-linux-gnu/crti.o
 .rel.data      0x000000000000ee18      0x258 /usr/lib/gcc/i686-linux-gnu/4.8/../../../i386-linux-gnu/crti.o
 *(.rel.tdata .rel.tdata.* .rel.gnu.linkonce.td.*)
 *(.rel.tbss .rel.tbss.* .rel.gnu.linkonce.tb.*)
 *(.rel.ctors)
 *(.rel.dtors)
 *(.rel.got)
 .rel.got       0x000000000000f070       0x28 /usr/lib/gcc/i686-linux-gnu/4.8/../../../i386-linux-gnu/crti.o
 *(.rel.bss .rel.bss.* .rel.gnu.linkonce.b.*)
 *(.rel.ifunc)
 .rel.ifunc     0x0000000000000000        0x0 /usr/lib/gcc/i686-linux-gnu/4.8/../../../i386-linux-gnu/crti.o
 .rel.fini_array
                0x000000000000f098        0x8 /usr/lib/gcc/i686-linux-gnu/4.8/../../../i386-linux-gnu/crti.o
 .rel.init_array
                0x000000000000f0a0        0x8 /usr/lib/gcc/i686-linux-gnu/4.8/../../../i386-linux-gnu/crti.o

.rel.plt        0x000000000000f0a8       0x10
 *(.rel.plt)
 .rel.plt       0x000000000000f0a8       0x10 /usr/lib/gcc/i686-linux-gnu/4.8/../../../i386-linux-gnu/crti.o
 *(.rel.iplt)

.init           0x000000000000f0b8       0x23
 *(SORT(.init))
 .init          0x000000000000f0b8       0x1e /usr/lib/gcc/i686-linux-gnu/4.8/../../../i386-linux-gnu/crti.o
                0x000000000000f0b8                _init
 .init          0x000000000000f0d6        0x5 /usr/lib/gcc/i686-linux-gnu/4.8/../../../i386-linux-gnu/crtn.o

.plt            0x000000000000f0e0       0x30
 *(.plt)
 .plt           0x000000000000f0e0       0x30 /usr/lib/gcc/i686-linux-gnu/4.8/../../../i386-linux-gnu/crti.o
 *(.iplt)

.text           0x000000000000f110    0x1587e
 *(.text.unlikely .text.*_unlikely .text.unlikely.*)
 *(.text.exit .text.exit.*)
 *(.text.startup .text.startup.*)
 *(.text.hot .text.hot.*)
 *(.text .stub .text.* .gnu.linkonce.t.*)
 .text          0x000000000000f110        0x0 /usr/lib/gcc/i686-linux-gnu/4.8/../../../i386-linux-gnu/crti.o
 .gnu.linkonce.t.__x86.get_pc_thunk.bx
                0x000000000000f110        0x4 /usr/lib/gcc/i686-linux-gnu/4.8/../../../i386-linux-gnu/crti.o
                0x000000000000f110                __x86.get_pc_thunk.bx
 *fill*         0x000000000000f114        0xc 
 .text          0x000000000000f120      0x11b /usr/lib/gcc/i686-linux-gnu/4.8/crtbeginS.o
 .text          0x000000000000f23b      0x3ce udp-server.co
 .text          0x000000000000f609      0x949 obj_cooja/mtype314.o
                0x000000000000f7b7                contiki_init
                0x000000000000fd69                Java_org_contikios_cooja_corecomm_Lib1_init
                0x000000000000fda9                Java_org_contikios_cooja_corecomm_Lib1_getMemory
                0x000000000000fde9                Java_org_contikios_cooja_corecomm_Lib1_setMemory
                0x000000000000fe60                Java_org_contikios_cooja_corecomm_Lib1_tick
                0x000000000000ff40                Java_org_contikios_cooja_corecomm_Lib1_setReferenceAddress
 .text          0x000000000000ff52       0x63 obj_cooja/mtype314.a(simEnvChange.o)
                0x000000000000ff52                doActionsBeforeTick
                0x000000000000ff83                doActionsAfterTick
 .text          0x000000000000ffb5       0xbc obj_cooja/mtype314.a(cooja_mt.o)
                0x000000000000ffb5                cooja_mt_init
                0x000000000000ffc2                cooja_mt_remove
                0x000000000000ffcf                cooja_mt_start
                0x000000000000fffc                cooja_mt_exec
                0x000000000001002d                cooja_mt_exit
                0x000000000001004f                cooja_mt_yield
 .text          0x0000000000010071      0x115 obj_cooja/mtype314.a(cooja_mtarch.o)
                0x0000000000010071                cooja_mtarch_init
                0x0000000000010076                cooja_mtarch_start
                0x00000000000100f1                cooja_sw
                0x0000000000010113                cooja_mtarch_exec
                0x000000000001012f                cooja_mtarch_remove
                0x0000000000010134                cooja_mtarch_yield
                0x000000000001013e                cooja_mtarch_pstop
                0x0000000000010143                cooja_mtarch_pstart
                0x0000000000010148                cooja_mtarch_stack_usage
 .text          0x0000000000010186       0xc2 obj_cooja/mtype314.a(rtimer-arch.o)
                0x0000000000010186                rtimer_arch_init
                0x00000000000101a9                rtimer_arch_schedule
                0x00000000000101c0                rtimer_arch_next
                0x00000000000101ca                rtimer_arch_pending
                0x00000000000101d4                rtimer_arch_check
                0x0000000000010206                rtimer_arch_now
 .text          0x0000000000010248       0x76 obj_cooja/mtype314.a(beep.o)
                0x0000000000010248                beep_alarm
                0x0000000000010254                beep_beep
                0x0000000000010260                beep
                0x000000000001026c                beep_down
                0x0000000000010278                beep_on
                0x0000000000010284                beep_off
                0x0000000000010290                beep_spinup
                0x000000000001029c                beep_quick
                0x00000000000102a8                beep_long
 .text          0x00000000000102be      0x103 obj_cooja/mtype314.a(button-sensor.o)
 .text          0x00000000000103c1       0x45 obj_cooja/mtype314.a(leds-arch.o)
                0x00000000000103c1                leds_arch_init
                0x00000000000103cd                leds_arch_get
                0x00000000000103d9                leds_arch_set
 .text          0x0000000000010406       0x2f obj_cooja/mtype314.a(moteid.o)
 .text          0x0000000000010435       0xb1 obj_cooja/mtype314.a(pir-sensor.o)
 .text          0x00000000000104e6      0x131 obj_cooja/mtype314.a(rs232.o)
                0x00000000000104e6                rs232_init
                0x00000000000104eb                rs232_set_speed
                0x00000000000104f9                rs232_set_input
                0x0000000000010506                rs232_send
                0x0000000000010528                rs232_print
                0x0000000000010543                slip_arch_writeb
 .text          0x0000000000010617       0xb1 obj_cooja/mtype314.a(vib-sensor.o)
 .text          0x00000000000106c8       0x34 obj_cooja/mtype314.a(clock.o)
                0x00000000000106c8                clock_init
                0x00000000000106cd                clock_time
                0x00000000000106d7                clock_seconds
                0x00000000000106ed                clock_delay
 .text          0x00000000000106fc      0x1ed obj_cooja/mtype314.a(log.o)
                0x00000000000106fc                simlog_char
                0x000000000001073e                simlog
                0x00000000000107ab                log_message
                0x00000000000107d3                log_set_putchar_with_slip
                0x00000000000107e0                log_putchar
                0x0000000000010864                log_puts
                0x0000000000010888                log_printf
 .text          0x00000000000108e9      0x2c4 obj_cooja/mtype314.a(cfs-cooja.o)
                0x00000000000108e9                cfs_open
                0x0000000000010952                cfs_close
                0x000000000001095e                cfs_read
                0x00000000000109fc                cfs_write
                0x0000000000010ad9                cfs_seek
                0x0000000000010b61                cfs_remove
                0x0000000000010b8a                cfs_opendir
                0x0000000000010b94                cfs_readdir
                0x0000000000010b9e                cfs_closedir
 .text          0x0000000000010bad      0x671 obj_cooja/mtype314.a(cooja-radio.o)
                0x0000000000010bd7                radio_set_channel
                0x0000000000010bec                radio_set_txpower
                0x0000000000010c0c                radio_signal_strength_last
                0x0000000000010c16                radio_signal_strength_current
                0x0000000000010c20                radio_LQI
 .text          0x000000000001121e       0xef obj_cooja/mtype314.a(eeprom.o)
                0x000000000001121e                eeprom_init
                0x0000000000011223                eeprom_read
                0x0000000000011293                eeprom_write
 .text          0x000000000001130d       0x28 obj_cooja/mtype314.a(random.o)
                0x000000000001130d                random_init
                0x0000000000011328                random_rand
 .text          0x0000000000011335      0x2a1 obj_cooja/mtype314.a(sensors.o)
                0x0000000000011370                sensors_first
                0x000000000001137a                sensors_next
                0x0000000000011397                sensors_changed
                0x00000000000113c6                sensors_find
 .text          0x00000000000115d6      0x31a obj_cooja/mtype314.a(dual_conf.o)
                0x00000000000115d6                dual_radio_switch
                0x0000000000011616                dual_radio_change
                0x0000000000011650                sending_in_LR
                0x000000000001167b                dual_radio_received
                0x00000000000116ce                radio_received_is_longrange
                0x00000000000116e9                dual_radio_turn_on
                0x000000000001170c                dual_radio_turn_off
                0x00000000000118a6                dio_broadcast
                0x00000000000118cf                dis_broadcast
 .text          0x00000000000118f0       0x8e obj_cooja/mtype314.a(autostart.o)
                0x00000000000118f0                autostart_start
                0x000000000001193b                autostart_exit
 .text          0x000000000001197e      0x334 obj_cooja/mtype314.a(ctimer.o)
                0x0000000000011a95                ctimer_init
                0x0000000000011ac5                ctimer_set
                0x0000000000011af6                ctimer_set_with_process
                0x0000000000011b72                ctimer_reset
                0x0000000000011bc1                ctimer_restart
                0x0000000000011c10                ctimer_stop
                0x0000000000011c5b                ctimer_expired
 .text          0x0000000000011cb2      0x40b obj_cooja/mtype314.a(etimer.o)
                0x0000000000011ec5                etimer_request_poll
                0x0000000000011f49                etimer_set
                0x0000000000011f6e                etimer_reset_with_new_interval
                0x0000000000011f95                etimer_reset
                0x0000000000011fb3                etimer_restart
                0x0000000000011fd1                etimer_adjust
                0x0000000000011fed                etimer_expired
                0x0000000000012000                etimer_expiration_time
                0x0000000000012012                etimer_start_time
                0x000000000001201c                etimer_pending
                0x000000000001202e                etimer_next_expiration_time
                0x0000000000012048                etimer_stop
 .text          0x00000000000120bd       0xdd obj_cooja/mtype314.a(log_message.o)
                0x00000000000120bd                log_initialization
                0x0000000000012179                log_finisher
 .text          0x000000000001219a      0x560 obj_cooja/mtype314.a(process.o)
                0x000000000001219a                process_alloc_event
                0x00000000000121af                process_start
                0x0000000000012398                process_exit
                0x00000000000123b4                process_init
                0x0000000000012585                process_run
                0x00000000000125b8                process_nevents
                0x00000000000125d3                process_post
                0x000000000001267f                process_post_synch
                0x00000000000126b7                process_poll
                0x00000000000126e6                process_is_running
 .text          0x00000000000126fa       0xba obj_cooja/mtype314.a(rtimer.o)
                0x00000000000126fa                rtimer_init
                0x0000000000012707                rtimer_set
                0x000000000001275e                rtimer_run_next
 .text          0x00000000000127b4       0x91 obj_cooja/mtype314.a(timer.o)
                0x00000000000127b4                timer_set
                0x00000000000127cf                timer_reset
                0x00000000000127e6                timer_restart
                0x00000000000127f8                timer_expired
                0x0000000000012821                timer_remaining
 .text          0x0000000000012845      0x1fb obj_cooja/mtype314.a(serial-line.o)
                0x0000000000012845                serial_line_input_byte
                0x0000000000012a08                serial_line_init
 .text          0x0000000000012a40      0x244 obj_cooja/mtype314.a(list.o)
                0x0000000000012a40                list_init
                0x0000000000012a4e                list_head
                0x0000000000012a58                list_copy
                0x0000000000012a67                list_tail
                0x0000000000012a9d                list_add
                0x0000000000012ae6                list_push
                0x0000000000012b12                list_chop
                0x0000000000012b7c                list_pop
                0x0000000000012ba4                list_remove
                0x0000000000012c0b                list_length
                0x0000000000012c39                list_insert
                0x0000000000012c6d                list_item_next
 .text          0x0000000000012c84      0x155 obj_cooja/mtype314.a(ringbuf.o)
                0x0000000000012c84                ringbuf_init
                0x0000000000012cb5                ringbuf_put
                0x0000000000012d33                ringbuf_get
                0x0000000000012da0                ringbuf_size
                0x0000000000012db2                ringbuf_elements
 .text          0x0000000000012dd9     0x258b obj_cooja/mtype314.a(sicslowpan.o)
                0x0000000000013363                rime_sniffer_add
                0x0000000000013370                rime_sniffer_remove
                0x0000000000015303                sicslowpan_init
                0x000000000001535a                sicslowpan_get_last_rssi
 .text          0x0000000000015364      0x2dc obj_cooja/mtype314.a(uip-ds6-nbr.o)
                0x0000000000015381                uip_ds6_neighbors_init
                0x000000000001539e                uip_ds6_nbr_add
                0x000000000001544f                uip_ds6_nbr_rm
                0x00000000000154ac                uip_ds6_nbr_get_ipaddr
                0x00000000000154c1                uip_ds6_nbr_get_ll
                0x00000000000154dd                uip_ds6_nbr_num
                0x0000000000015522                uip_ds6_nbr_lookup
                0x0000000000015587                uip_ds6_nbr_ll_lookup
                0x00000000000155a3                uip_ds6_nbr_ipaddr_from_lladdr
                0x00000000000155c9                uip_ds6_nbr_lladdr_from_ipaddr
                0x00000000000155f7                uip_ds6_link_neighbor_callback
 .text          0x0000000000015640     0x12ad obj_cooja/mtype314.a(uip-ds6.o)
                0x0000000000015640                uip_ds6_init
                0x0000000000015995                uip_ds6_periodic
                0x0000000000015a6d                uip_ds6_list_loop
                0x0000000000015b14                uip_ds6_prefix_add
                0x0000000000015bd2                uip_ds6_prefix_rm
                0x0000000000015be4                uip_ds6_prefix_lookup
                0x0000000000015c35                uip_ds6_is_addr_onlink
                0x0000000000015ca9                uip_ds6_addr_add
                0x0000000000015dd7                uip_ds6_long_addr_add
                0x0000000000015f05                uip_ds6_addr_rm
                0x0000000000015fa5                uip_ds6_addr_lookup
                0x0000000000015ff0                uip_ds6_long_addr_lookup
                0x000000000001603b                uip_ds6_get_link_local
                0x00000000000160ba                uip_ds6_long_get_link_local
                0x0000000000016139                uip_ds6_get_global
                0x00000000000161b8                uip_ds6_long_get_global
                0x0000000000016237                uip_ds6_maddr_add
                0x00000000000162a9                uip_ds6_long_maddr_add
                0x000000000001631b                uip_ds6_maddr_rm
                0x000000000001632d                uip_ds6_maddr_lookup
                0x0000000000016378                uip_ds6_long_maddr_lookup
                0x00000000000163c3                uip_ds6_aaddr_add
                0x0000000000016435                uip_ds6_long_aaddr_add
                0x00000000000164a7                uip_ds6_aaddr_rm
                0x00000000000164b9                uip_ds6_aaddr_lookup
                0x0000000000016504                uip_ds6_long_aaddr_lookup
                0x000000000001654f                uip_ds6_select_src
                0x00000000000167d8                uip_ds6_set_addr_iid
                0x000000000001680f                get_match_length
                0x00000000000168a1                uip_ds6_compute_reachable_time
 .text          0x00000000000168ed     0x29f3 obj_cooja/mtype314.a(uip6.o)
                0x00000000000168ed                uip_add32
                0x0000000000016a86                uip_chksum
                0x0000000000016b74                uip_icmp6chksum
                0x0000000000016b88                uip_tcpchksum
                0x0000000000016b9c                uip_udpchksum
                0x0000000000016bb0                uip_init
                0x0000000000016c80                uip_connect
                0x0000000000016e2f                remove_ext_hdr
                0x0000000000016f04                uip_udp_new
                0x0000000000017060                uip_unlisten
                0x00000000000170c0                uip_listen
                0x0000000000017382                uip_process
                0x00000000000191d4                uip_htons
                0x00000000000191f6                uip_htonl
                0x0000000000019236                uip_send
 .text          0x00000000000192e0      0xa6e obj_cooja/mtype314.a(tcpip.o)
                0x00000000000192e0                tcpip_output
                0x000000000001930e                tcpip_set_outputfunc
                0x00000000000193a2                tcp_connect
                0x00000000000193f7                tcp_unlisten
                0x0000000000019452                tcp_listen
                0x00000000000194ab                tcp_attach
                0x00000000000194d0                udp_attach
                0x00000000000194f5                udp_new
                0x0000000000019547                udp_broadcast_new
                0x00000000000197bb                tcpip_input
                0x00000000000197ef                tcpip_ipv6_output
                0x0000000000019b94                tcpip_poll_udp
                0x0000000000019bb7                tcpip_poll_tcp
                0x0000000000019bda                tcpip_uipcall
 .text          0x0000000000019d4e      0x1c1 obj_cooja/mtype314.a(uip-debug.o)
                0x0000000000019d4e                uip_debug_ipaddr_print
                0x0000000000019eb0                uip_debug_lladdr_print
 .text          0x0000000000019f0f      0x141 obj_cooja/mtype314.a(uip-packetqueue)
                0x0000000000019f3b                uip_packetqueue_new
                0x0000000000019f49                uip_packetqueue_alloc
                0x0000000000019fa9                uip_packetqueue_free
                0x0000000000019fea                uip_packetqueue_buf
                0x000000000001a007                uip_packetqueue_buflen
                0x000000000001a028                uip_packetqueue_set_buflen
 .text          0x000000000001a050     0x259f obj_cooja/mtype314.a(rpl-dag.o)
                0x000000000001a050                rpl_print_neighbor_list
                0x000000000001a0f9                rpl_print_child_neighbor_list
                0x000000000001a1b1                rpl_get_nbr
                0x000000000001a20b                rpl_get_nbr_child
                0x000000000001a265                rpl_dag_init
                0x000000000001a297                rpl_get_parent
                0x000000000001a2b9                rpl_get_parent_rank
                0x000000000001a2ec                rpl_get_parent_link_metric
                0x000000000001a31f                rpl_get_parent_ipaddr
                0x000000000001a349                rpl_get_child_ipaddr
                0x000000000001a664                rpl_set_root
                0x000000000001a892                rpl_repair_root
                0x000000000001aace                rpl_set_prefix
                0x000000000001abcd                rpl_set_default_route
                0x000000000001ac59                rpl_alloc_instance
                0x000000000001acec                rpl_alloc_dag
                0x000000000001ad9f                rpl_set_default_instance
                0x000000000001adac                rpl_get_default_instance
                0x000000000001adb6                rpl_free_instance
                0x000000000001ae67                rpl_free_dag
                0x000000000001aecd                rpl_add_parent
                0x000000000001afb4                rpl_find_parent
                0x000000000001afe4                rpl_add_child
                0x000000000001b097                rpl_find_child
                0x000000000001b0e5                rpl_find_parent_any_dag
                0x000000000001b121                rpl_select_dag
                0x000000000001b500                rpl_select_parent
                0x000000000001b562                rpl_remove_parent
                0x000000000001b589                rpl_remove_child
                0x000000000001b5b4                rpl_nullify_parent
                0x000000000001b652                rpl_move_parent
                0x000000000001b6ef                rpl_has_downward_route
                0x000000000001b742                rpl_get_any_dag
                0x000000000001b7a4                rpl_get_instance
                0x000000000001b807                rpl_find_of
                0x000000000001b844                rpl_join_instance
                0x000000000001babf                rpl_add_dag
                0x000000000001beae                rpl_local_repair
                0x000000000001bf87                rpl_recalculate_ranks
                0x000000000001c00d                rpl_process_parent_event
                0x000000000001c0bf                rpl_process_dio
 .text          0x000000000001c5ef      0xbf3 obj_cooja/mtype314.a(rpl-ext-header.)
                0x000000000001c60c                rpl_verify_header
                0x000000000001ca86                rpl_update_header_empty
                0x000000000001cd9d                rpl_update_header_final
                0x000000000001cf2c                rpl_remove_header
                0x000000000001d036                rpl_invert_header
                0x000000000001d1c0                rpl_insert_header
 .text          0x000000000001d1e2     0x2327 obj_cooja/mtype314.a(rpl-icmp6.o)
                0x000000000001d4ab                rpl_icmp6_update_nbr_table
                0x000000000001d59b                dis_output
                0x000000000001defd                dio_output
                0x000000000001f03e                dao_output
                0x000000000001f13c                dao_output_target
                0x000000000001f4bd                dao_ack_output
                0x000000000001f4d1                rpl_icmp6_register_handlers
 .text          0x000000000001f509      0x4ea obj_cooja/mtype314.a(rpl-ltmax.o)
 .text          0x000000000001f9f3      0x7b3 obj_cooja/mtype314.a(rpl-timers.o)
                0x000000000001fc39                rpl_reset_periodic_timer
                0x000000000001fc8e                rpl_reset_dio_timer
                0x000000000001fec8                rpl_schedule_dao
                0x000000000001fee3                rpl_schedule_dao_immediately
                0x000000000001fefe                rpl_cancel_dao
                0x000000000001ff60                rpl_schedule_unicast_dio_immediately
                0x000000000002014e                rpl_schedule_probing
 .text          0x00000000000201a6      0x5c5 obj_cooja/mtype314.a(rpl.o)
                0x00000000000201a6                rpl_get_mode
                0x00000000000201b0                rpl_set_mode
                0x000000000002023e                rpl_purge_routes
                0x0000000000020338                rpl_remove_routes
                0x000000000002037e                rpl_remove_routes_by_nexthop
                0x00000000000203ea                rpl_add_route
                0x0000000000020465                rpl_link_neighbor_callback
                0x000000000002056a                rpl_ipv6_neighbor_callback
                0x00000000000205d9                rpl_purge_dags
                0x00000000000206e5                rpl_init
 .text          0x000000000002076b      0x3f5 obj_cooja/mtype314.a(framer-802154.o)
 .text          0x0000000000020b60       0x5e obj_cooja/mtype314.a(nullmac.o)
 .text          0x0000000000020bbe      0x4ce obj_cooja/mtype314.a(nullrdc.o)
 .text          0x000000000002108c       0x82 obj_cooja/mtype314.a(linkaddr.o)
                0x000000000002108c                linkaddr_copy
                0x00000000000210ae                linkaddr_cmp
                0x00000000000210d8                linkaddr_set_node_addr
                0x00000000000210f3                linkaddr_set_node_long_addr
 .text          0x000000000002110e      0x88c obj_cooja/mtype314.a(nbr-table.o)
                0x000000000002110e                lladdr_map_add_lr
                0x00000000000211cb                lladdr_map_rm_lr
                0x0000000000021690                nbr_table_register
                0x00000000000216d8                nbr_table_head
                0x0000000000021734                nbr_table_next
                0x000000000002179b                nbr_table_add_lladdr
                0x0000000000021877                nbr_table_get_from_lladdr
                0x00000000000218c4                nbr_table_remove
                0x0000000000021916                nbr_table_lock
                0x0000000000021940                nbr_table_unlock
                0x000000000002196a                nbr_table_get_lladdr
 .text          0x000000000002199a       0x2b obj_cooja/mtype314.a(netstack.o)
                0x000000000002199a                netstack_init
 .text          0x00000000000219c5      0x3cd obj_cooja/mtype314.a(packetbuf.o)
                0x00000000000219c5                packetbuf_clear
                0x00000000000219ef                packetbuf_copyfrom
                0x0000000000021a41                packetbuf_compact
                0x0000000000021abe                packetbuf_copyto
                0x0000000000021b55                packetbuf_hdralloc
                0x0000000000021bd2                packetbuf_hdrreduce
                0x0000000000021c1a                packetbuf_set_datalen
                0x0000000000021c33                packetbuf_dataptr
                0x0000000000021c50                packetbuf_hdrptr
                0x0000000000021c5a                packetbuf_datalen
                0x0000000000021c66                packetbuf_hdrlen
                0x0000000000021c7d                packetbuf_totlen
                0x0000000000021c93                packetbuf_attr_clear
                0x0000000000021ce5                packetbuf_attr_copyto
                0x0000000000021d2e                packetbuf_attr_copyfrom
                0x0000000000021d76                packetbuf_holds_broadcast
 .text          0x0000000000021d92      0x2b4 obj_cooja/mtype314.a(queuebuf.o)
                0x0000000000021d9c                queuebuf_init
                0x0000000000021dbc                queuebuf_numfree
                0x0000000000021dd0                queuebuf_new_from_packetbuf
                0x0000000000021e60                queuebuf_update_attr_from_packetbuf
                0x0000000000021e93                queuebuf_update_from_packetbuf
                0x0000000000021edd                queuebuf_free
                0x0000000000021f24                queuebuf_to_packetbuf
                0x0000000000021f8a                queuebuf_dataptr
                0x0000000000021fc1                queuebuf_datalen
                0x0000000000021fe4                queuebuf_addr
                0x0000000000022016                queuebuf_attr
                0x0000000000022041                queuebuf_debug_print
 .text          0x0000000000022046       0x6e obj_cooja/mtype314.a(nullsec.o)
 .text          0x00000000000220b4       0x19 obj_cooja/mtype314.a(watchdog.o)
                0x00000000000220b4                watchdog_init
                0x00000000000220b9                watchdog_start
                0x00000000000220be                watchdog_periodic
                0x00000000000220c3                watchdog_stop
                0x00000000000220c8                watchdog_reboot
 .text          0x00000000000220cd        0x0 obj_cooja/mtype314.a(rimestats.o)
 .text          0x00000000000220cd       0xd3 obj_cooja/mtype314.a(residual.o)
                0x00000000000220cd                get_residual_energy
 .text          0x00000000000221a0       0xa3 obj_cooja/mtype314.a(stimer.o)
                0x00000000000221a0                stimer_set
                0x00000000000221bb                stimer_reset
                0x00000000000221d2                stimer_restart
                0x00000000000221e4                stimer_expired
                0x000000000002220b                stimer_remaining
                0x000000000002222f                stimer_elapsed
 .text          0x0000000000022243      0x1c1 obj_cooja/mtype314.a(memb.o)
                0x0000000000022243                memb_init
                0x00000000000222a1                memb_alloc
                0x0000000000022306                memb_free
                0x0000000000022381                memb_inmemb
                0x00000000000223c0                memb_numfree
 .text          0x0000000000022404      0x916 obj_cooja/mtype314.a(uip-ds6-route.o)
                0x000000000002247b                uip_ds6_notification_add
                0x00000000000224ac                uip_ds6_notification_rm
                0x00000000000224c8                uip_ds6_route_init
                0x0000000000022550                uip_ds6_route_nexthop
                0x0000000000022578                uip_ds6_route_head
                0x000000000002258d                uip_ds6_route_next
                0x00000000000225b3                uip_ds6_route_is_nexthop
                0x00000000000225f2                uip_ds6_route_num_routes
                0x00000000000225fc                uip_ds6_route_lookup
                0x00000000000226be                uip_ds6_route_add
                0x00000000000228f2                uip_ds6_route_rm
                0x0000000000022a86                uip_ds6_route_rm_by_nexthop
                0x0000000000022abe                uip_ds6_defrt_add
                0x0000000000022b6f                uip_ds6_defrt_rm
                0x0000000000022bee                uip_ds6_defrt_lookup
                0x0000000000022c47                uip_ds6_defrt_choose
                0x0000000000022cb2                uip_ds6_defrt_periodic
 .text          0x0000000000022d1a      0xab2 obj_cooja/mtype314.a(uip-icmp6.o)
                0x0000000000022d88                uip_icmp6_input
                0x0000000000022dde                uip_icmp6_register_input_handler
                0x00000000000230a6                uip_icmp6_error_output
                0x00000000000233eb                uip_icmp6_send
                0x000000000002375f                uip_icmp6_echo_reply_callback_add
                0x0000000000023790                uip_icmp6_echo_reply_callback_rm
                0x00000000000237ac                uip_icmp6_init
 .text          0x00000000000237cc      0x358 obj_cooja/mtype314.a(uip-nd6.o)
                0x0000000000023820                uip_nd6_ns_output
                0x0000000000023b1f                uip_nd6_init
 .text          0x0000000000023b24      0x331 obj_cooja/mtype314.a(rpl-nbr-policy.)
                0x0000000000023cfc                find_removable_dis
                0x0000000000023d1f                find_removable_dio
                0x0000000000023dae                find_removable_dao
                0x0000000000023dfe                rpl_nbr_policy_find_removable
 .text          0x0000000000023e55      0x97c obj_cooja/mtype314.a(frame802154.o)
                0x0000000000023e86                frame802154_get_pan_id
                0x0000000000023e92                frame802154_set_pan_id
                0x0000000000023eab                frame802154_has_panid
                0x0000000000023f97                frame802154_check_dest_panid
                0x0000000000023fff                frame802154_is_broadcast_addr
                0x000000000002404c                frame802154_extract_linkaddr
                0x000000000002428c                frame802154_hdrlen
                0x00000000000242dd                frame802154_create
                0x00000000000244c8                frame802154_parse
 .text          0x00000000000247d1      0x181 obj_cooja/mtype314.a(mac-sequence.o)
                0x0000000000024808                mac_sequence_is_duplicate
                0x000000000002488b                mac_sequence_register_seqno
 .text          0x0000000000024952       0x3c obj_cooja/mtype314.a(mac.o)
                0x0000000000024952                mac_call_sent_callback
 .text          0x000000000002498e        0x0 /usr/lib/gcc/i686-linux-gnu/4.8/crtendS.o
 .text          0x000000000002498e        0x0 /usr/lib/gcc/i686-linux-gnu/4.8/../../../i386-linux-gnu/crtn.o
 *(.gnu.warning)

.fini           0x0000000000024990       0x14
 *(SORT(.fini))
 .fini          0x0000000000024990        0xf /usr/lib/gcc/i686-linux-gnu/4.8/../../../i386-linux-gnu/crti.o
                0x0000000000024990                _fini
 .fini          0x000000000002499f        0x5 /usr/lib/gcc/i686-linux-gnu/4.8/../../../i386-linux-gnu/crtn.o
                0x00000000000249a4                PROVIDE (__etext, .)
                0x00000000000249a4                PROVIDE (_etext, .)
                0x00000000000249a4                PROVIDE (etext, .)

.rodata         0x00000000000249c0      0xaa0
 *(.rodata .rodata.* .gnu.linkonce.r.*)
 .rodata        0x00000000000249c0      0x148 udp-server.co
                0x00000000000249d4                autostart_processes
 .rodata        0x0000000000024b08      0x1b6 obj_cooja/mtype314.o
 *fill*         0x0000000000024cbe        0x2 
 .rodata        0x0000000000024cc0        0x8 obj_cooja/mtype314.a(beep.o)
                0x0000000000024cc0                beep_interface
 .rodata        0x0000000000024cc8       0x20 obj_cooja/mtype314.a(button-sensor.o)
                0x0000000000024cc8                button_interface
                0x0000000000024cd8                button_sensor
 .rodata        0x0000000000024ce8        0x8 obj_cooja/mtype314.a(leds-arch.o)
                0x0000000000024ce8                leds_interface
 .rodata        0x0000000000024cf0        0x8 obj_cooja/mtype314.a(moteid.o)
                0x0000000000024cf0                moteid_interface
 .rodata        0x0000000000024cf8       0x1c obj_cooja/mtype314.a(pir-sensor.o)
                0x0000000000024cf8                pir_interface
                0x0000000000024d04                pir_sensor
 .rodata        0x0000000000024d14        0xe obj_cooja/mtype314.a(rs232.o)
                0x0000000000024d14                rs232_interface
 *fill*         0x0000000000024d22        0x2 
 .rodata        0x0000000000024d24       0x24 obj_cooja/mtype314.a(vib-sensor.o)
                0x0000000000024d24                vib_interface
                0x0000000000024d38                vib_sensor
 .rodata        0x0000000000024d48        0x8 obj_cooja/mtype314.a(clock.o)
                0x0000000000024d48                clock_interface
 .rodata        0x0000000000024d50        0x8 obj_cooja/mtype314.a(log.o)
                0x0000000000024d50                simlog_interface
 .rodata        0x0000000000024d58       0x2f obj_cooja/mtype314.a(cfs-cooja.o)
                0x0000000000024d58                cfs_interface
 *fill*         0x0000000000024d87       0x19 
 .rodata        0x0000000000024da0       0x60 obj_cooja/mtype314.a(cooja-radio.o)
                0x0000000000024dc0                cooja_radio_driver
                0x0000000000024df8                radio_interface
 .rodata        0x0000000000024e00        0x8 obj_cooja/mtype314.a(eeprom.o)
                0x0000000000024e00                eeprom_interface
 .rodata        0x0000000000024e08        0x8 obj_cooja/mtype314.a(sensors.o)
 .rodata        0x0000000000024e10      0x169 obj_cooja/mtype314.a(dual_conf.o)
 .rodata        0x0000000000024f79        0xf obj_cooja/mtype314.a(ctimer.o)
 .rodata        0x0000000000024f88        0xc obj_cooja/mtype314.a(etimer.o)
 .rodata        0x0000000000024f94       0x73 obj_cooja/mtype314.a(log_message.o)
 .rodata        0x0000000000025007        0xe obj_cooja/mtype314.a(serial-line.o)
 *fill*         0x0000000000025015        0x3 
 .rodata        0x0000000000025018       0x2c obj_cooja/mtype314.a(sicslowpan.o)
                0x0000000000025018                unc_llconf
                0x000000000002501c                unc_ctxconf
                0x0000000000025020                unc_mxconf
                0x0000000000025024                llprefix
                0x0000000000025038                sicslowpan_driver
 .rodata        0x0000000000025044      0x13c obj_cooja/mtype314.a(uip6.o)
 .rodata        0x0000000000025180       0x29 obj_cooja/mtype314.a(tcpip.o)
 .rodata        0x00000000000251a9       0x3e obj_cooja/mtype314.a(uip-debug.o)
 *fill*         0x00000000000251e7        0x1 
 .rodata        0x00000000000251e8       0x2a obj_cooja/mtype314.a(rpl-dag.o)
 .rodata        0x0000000000025212       0x48 obj_cooja/mtype314.a(rpl-icmp6.o)
 *fill*         0x000000000002525a        0x2 
 .rodata        0x000000000002525c      0x148 obj_cooja/mtype314.a(rpl-ltmax.o)
 .rodata        0x00000000000253a4        0xc obj_cooja/mtype314.a(framer-802154.o)
                0x00000000000253a4                framer_802154
 .rodata        0x00000000000253b0       0x24 obj_cooja/mtype314.a(nullmac.o)
                0x00000000000253b8                nullmac_driver
 *fill*         0x00000000000253d4        0xc 
 .rodata        0x00000000000253e0       0x40 obj_cooja/mtype314.a(nullrdc.o)
                0x0000000000025400                nullrdc_driver
 .rodata        0x0000000000025420        0x8 obj_cooja/mtype314.a(linkaddr.o)
                0x0000000000025420                linkaddr_null
 .rodata        0x0000000000025428       0x18 obj_cooja/mtype314.a(nullsec.o)
                0x0000000000025430                nullsec_driver
 .rodata        0x0000000000025440       0x20 obj_cooja/mtype314.a(residual.o)

.rodata1
 *(.rodata1)

.eh_frame_hdr   0x0000000000025460     0x1324
 *(.eh_frame_hdr)
 .eh_frame_hdr  0x0000000000025460     0x1324 udp-server.co

.eh_frame       0x0000000000026784     0x4dd4
 *(.eh_frame)
 .eh_frame      0x0000000000026784       0x3c /usr/lib/gcc/i686-linux-gnu/4.8/../../../i386-linux-gnu/crti.o
                                         0x40 (size before relaxing)
 .eh_frame      0x00000000000267c0       0x68 udp-server.co
                                         0x80 (size before relaxing)
 .eh_frame      0x0000000000026828      0x148 obj_cooja/mtype314.o
                                        0x160 (size before relaxing)
 .eh_frame      0x0000000000026970       0x40 obj_cooja/mtype314.a(simEnvChange.o)
                                         0x58 (size before relaxing)
 .eh_frame      0x00000000000269b0       0xc0 obj_cooja/mtype314.a(cooja_mt.o)
                                         0xd8 (size before relaxing)
 .eh_frame      0x0000000000026a70      0x120 obj_cooja/mtype314.a(cooja_mtarch.o)
                                        0x138 (size before relaxing)
 .eh_frame      0x0000000000026b90       0xc0 obj_cooja/mtype314.a(rtimer-arch.o)
                                         0xd8 (size before relaxing)
 .eh_frame      0x0000000000026c50      0x160 obj_cooja/mtype314.a(beep.o)
                                        0x178 (size before relaxing)
 .eh_frame      0x0000000000026db0       0xa0 obj_cooja/mtype314.a(button-sensor.o)
                                         0xb8 (size before relaxing)
 .eh_frame      0x0000000000026e50       0xa0 obj_cooja/mtype314.a(leds-arch.o)
                                         0xb8 (size before relaxing)
 .eh_frame      0x0000000000026ef0       0x40 obj_cooja/mtype314.a(moteid.o)
                                         0x58 (size before relaxing)
 .eh_frame      0x0000000000026f30       0xa0 obj_cooja/mtype314.a(pir-sensor.o)
                                         0xb8 (size before relaxing)
 .eh_frame      0x0000000000026fd0      0x100 obj_cooja/mtype314.a(rs232.o)
                                        0x118 (size before relaxing)
 .eh_frame      0x00000000000270d0       0xa0 obj_cooja/mtype314.a(vib-sensor.o)
                                         0xb8 (size before relaxing)
 .eh_frame      0x0000000000027170       0xc0 obj_cooja/mtype314.a(clock.o)
                                         0xd8 (size before relaxing)
 .eh_frame      0x0000000000027230      0x120 obj_cooja/mtype314.a(log.o)
                                        0x138 (size before relaxing)
 .eh_frame      0x0000000000027350      0x160 obj_cooja/mtype314.a(cfs-cooja.o)
                                        0x178 (size before relaxing)
 .eh_frame      0x00000000000274b0      0x2e0 obj_cooja/mtype314.a(cooja-radio.o)
                                        0x2f8 (size before relaxing)
 .eh_frame      0x0000000000027790       0xa0 obj_cooja/mtype314.a(eeprom.o)
                                         0xb8 (size before relaxing)
 .eh_frame      0x0000000000027830       0x40 obj_cooja/mtype314.a(random.o)
                                         0x58 (size before relaxing)
 .eh_frame      0x0000000000027870       0xc0 obj_cooja/mtype314.a(sensors.o)
                                         0xd8 (size before relaxing)
 .eh_frame      0x0000000000027930      0x160 obj_cooja/mtype314.a(dual_conf.o)
                                        0x178 (size before relaxing)
 .eh_frame      0x0000000000027a90       0x40 obj_cooja/mtype314.a(autostart.o)
                                         0x58 (size before relaxing)
 .eh_frame      0x0000000000027ad0      0x100 obj_cooja/mtype314.a(ctimer.o)
                                        0x118 (size before relaxing)
 .eh_frame      0x0000000000027bd0      0x1e0 obj_cooja/mtype314.a(etimer.o)
                                        0x1f8 (size before relaxing)
 .eh_frame      0x0000000000027db0       0x40 obj_cooja/mtype314.a(log_message.o)
                                         0x58 (size before relaxing)
 .eh_frame      0x0000000000027df0      0x1c8 obj_cooja/mtype314.a(process.o)
                                        0x1e0 (size before relaxing)
 .eh_frame      0x0000000000027fb8       0x60 obj_cooja/mtype314.a(rtimer.o)
                                         0x78 (size before relaxing)
 .eh_frame      0x0000000000028018       0xa4 obj_cooja/mtype314.a(timer.o)
                                         0xbc (size before relaxing)
 .eh_frame      0x00000000000280bc       0x60 obj_cooja/mtype314.a(serial-line.o)
                                         0x78 (size before relaxing)
 .eh_frame      0x000000000002811c      0x180 obj_cooja/mtype314.a(list.o)
                                        0x198 (size before relaxing)
 .eh_frame      0x000000000002829c       0xa0 obj_cooja/mtype314.a(ringbuf.o)
                                         0xb8 (size before relaxing)
 .eh_frame      0x000000000002833c      0x350 obj_cooja/mtype314.a(sicslowpan.o)
                                        0x368 (size before relaxing)
 .eh_frame      0x000000000002868c      0x180 obj_cooja/mtype314.a(uip-ds6-nbr.o)
                                        0x198 (size before relaxing)
 .eh_frame      0x000000000002880c      0x3c8 obj_cooja/mtype314.a(uip-ds6.o)
                                        0x3e0 (size before relaxing)
 .eh_frame      0x0000000000028bd4      0x27c obj_cooja/mtype314.a(uip6.o)
                                        0x294 (size before relaxing)
 .eh_frame      0x0000000000028e50      0x270 obj_cooja/mtype314.a(tcpip.o)
                                        0x288 (size before relaxing)
 .eh_frame      0x00000000000290c0       0x48 obj_cooja/mtype314.a(uip-debug.o)
                                         0x60 (size before relaxing)
 .eh_frame      0x0000000000029108       0xe0 obj_cooja/mtype314.a(uip-packetqueue)
                                         0xf8 (size before relaxing)
 .eh_frame      0x00000000000291e8      0x74c obj_cooja/mtype314.a(rpl-dag.o)
                                        0x764 (size before relaxing)
 .eh_frame      0x0000000000029934      0x10c obj_cooja/mtype314.a(rpl-ext-header.)
                                        0x124 (size before relaxing)
 .eh_frame      0x0000000000029a40      0x2b8 obj_cooja/mtype314.a(rpl-icmp6.o)
                                        0x2d0 (size before relaxing)
 .eh_frame      0x0000000000029cf8       0xec obj_cooja/mtype314.a(rpl-ltmax.o)
                                        0x104 (size before relaxing)
 .eh_frame      0x0000000000029de4      0x20c obj_cooja/mtype314.a(rpl-timers.o)
                                        0x224 (size before relaxing)
 .eh_frame      0x0000000000029ff0      0x148 obj_cooja/mtype314.a(rpl.o)
                                        0x160 (size before relaxing)
 .eh_frame      0x000000000002a138      0x108 obj_cooja/mtype314.a(framer-802154.o)
                                        0x120 (size before relaxing)
 .eh_frame      0x000000000002a240       0xc0 obj_cooja/mtype314.a(nullmac.o)
                                         0xd8 (size before relaxing)
 .eh_frame      0x000000000002a300      0x16c obj_cooja/mtype314.a(nullrdc.o)
                                        0x184 (size before relaxing)
 .eh_frame      0x000000000002a46c       0x80 obj_cooja/mtype314.a(linkaddr.o)
                                         0x98 (size before relaxing)
 .eh_frame      0x000000000002a4ec      0x2ac obj_cooja/mtype314.a(nbr-table.o)
                                        0x2c4 (size before relaxing)
 .eh_frame      0x000000000002a798       0x20 obj_cooja/mtype314.a(netstack.o)
                                         0x38 (size before relaxing)
 .eh_frame      0x000000000002a7b8      0x214 obj_cooja/mtype314.a(packetbuf.o)
                                        0x22c (size before relaxing)
 .eh_frame      0x000000000002a9cc      0x1a0 obj_cooja/mtype314.a(queuebuf.o)
                                        0x1b8 (size before relaxing)
 .eh_frame      0x000000000002ab6c       0x80 obj_cooja/mtype314.a(nullsec.o)
                                         0x98 (size before relaxing)
 .eh_frame      0x000000000002abec       0xa0 obj_cooja/mtype314.a(watchdog.o)
                                         0xb8 (size before relaxing)
 .eh_frame      0x000000000002ac8c       0x2c obj_cooja/mtype314.a(residual.o)
                                         0x44 (size before relaxing)
 .eh_frame      0x000000000002acb8       0xc4 obj_cooja/mtype314.a(stimer.o)
                                         0xdc (size before relaxing)
 .eh_frame      0x000000000002ad7c       0xa0 obj_cooja/mtype314.a(memb.o)
                                         0xb8 (size before relaxing)
 .eh_frame      0x000000000002ae1c      0x2a0 obj_cooja/mtype314.a(uip-ds6-route.o)
                                        0x2b8 (size before relaxing)
 .eh_frame      0x000000000002b0bc      0x164 obj_cooja/mtype314.a(uip-icmp6.o)
                                        0x17c (size before relaxing)
 .eh_frame      0x000000000002b220       0x68 obj_cooja/mtype314.a(uip-nd6.o)
                                         0x80 (size before relaxing)
 .eh_frame      0x000000000002b288       0xc0 obj_cooja/mtype314.a(rpl-nbr-policy.)
                                         0xd8 (size before relaxing)
 .eh_frame      0x000000000002b348      0x164 obj_cooja/mtype314.a(frame802154.o)
                                        0x17c (size before relaxing)
 .eh_frame      0x000000000002b4ac       0x88 obj_cooja/mtype314.a(mac-sequence.o)
                                         0xa0 (size before relaxing)
 .eh_frame      0x000000000002b534       0x20 obj_cooja/mtype314.a(mac.o)
                                         0x38 (size before relaxing)
 .eh_frame      0x000000000002b554        0x4 /usr/lib/gcc/i686-linux-gnu/4.8/crtendS.o

.gcc_except_table
 *(.gcc_except_table .gcc_except_table.*)

.exception_ranges
 *(.exception_ranges .exception_ranges*)
                0x000000000002b558                . = (ALIGN (0x1000) - ((0x1000 - .) & 0xfff))
                0x000000000002cef8                . = DATA_SEGMENT_ALIGN (0x1000, 0x1000)

.eh_frame
 *(.eh_frame)

.gcc_except_table
 *(.gcc_except_table .gcc_except_table.*)

.exception_ranges
 *(.exception_ranges .exception_ranges*)

.tdata
 *(.tdata .tdata.* .gnu.linkonce.td.*)

.tbss
 *(.tbss .tbss.* .gnu.linkonce.tb.*)
 *(.tcommon)

.preinit_array
 *(.preinit_array)

.init_array     0x000000000002cef8        0x4
 *(SORT(.init_array.*) SORT(.ctors.*))
 *(.init_array EXCLUDE_FILE(*crtend?.o *crtend.o *crtbegin?.o *crtbegin.o) .ctors)
 .init_array    0x000000000002cef8        0x4 /usr/lib/gcc/i686-linux-gnu/4.8/crtbeginS.o

.fini_array     0x000000000002cefc        0x4
 *(SORT(.fini_array.*) SORT(.dtors.*))
 *(.fini_array EXCLUDE_FILE(*crtend?.o *crtend.o *crtbegin?.o *crtbegin.o) .dtors)
 .fini_array    0x000000000002cefc        0x4 /usr/lib/gcc/i686-linux-gnu/4.8/crtbeginS.o

.ctors
 *crtbegin.o(.ctors)
 *crtbegin?.o(.ctors)
 *(EXCLUDE_FILE(*crtend?.o *crtend.o) .ctors)
 *(SORT(.ctors.*))
 *(.ctors)

.dtors
 *crtbegin.o(.dtors)
 *crtbegin?.o(.dtors)
 *(EXCLUDE_FILE(*crtend?.o *crtend.o) .dtors)
 *(SORT(.dtors.*))
 *(.dtors)

.jcr            0x000000000002cf00        0x4
 *(.jcr)
 .jcr           0x000000000002cf00        0x0 /usr/lib/gcc/i686-linux-gnu/4.8/crtbeginS.o
 .jcr           0x000000000002cf00        0x4 /usr/lib/gcc/i686-linux-gnu/4.8/crtendS.o

.data.rel.ro
 *(.data.rel.ro.local* .gnu.linkonce.d.rel.ro.local.*)
 *(.data.rel.ro .data.rel.ro.* .gnu.linkonce.d.rel.ro.*)

.dynamic        0x000000000002cf04       0xe8
 *(.dynamic)
 .dynamic       0x000000000002cf04       0xe8 /usr/lib/gcc/i686-linux-gnu/4.8/../../../i386-linux-gnu/crti.o
                0x000000000002cf04                _DYNAMIC

.got            0x000000000002cfec       0x14
 *(.got)
 .got           0x000000000002cfec       0x14 /usr/lib/gcc/i686-linux-gnu/4.8/../../../i386-linux-gnu/crti.o
 *(.igot)
                0x000000000002dff4                . = DATA_SEGMENT_RELRO_END (., (SIZEOF (.got.plt) >= 0xc)?0xc:0x0)

.got.plt        0x000000000002d000       0x14
 *(.got.plt)
 .got.plt       0x000000000002d000       0x14 /usr/lib/gcc/i686-linux-gnu/4.8/../../../i386-linux-gnu/crti.o
                0x000000000002d000                _GLOBAL_OFFSET_TABLE_
 *(.igot.plt)

.data           0x000000000002d020      0x246
 *(.data .data.* .gnu.linkonce.d.*)
 .data          0x000000000002d020        0x0 /usr/lib/gcc/i686-linux-gnu/4.8/../../../i386-linux-gnu/crti.o
 .data          0x000000000002d020        0x0 /usr/lib/gcc/i686-linux-gnu/4.8/crtbeginS.o
 .data.rel      0x000000000002d020        0x4 /usr/lib/gcc/i686-linux-gnu/4.8/crtbeginS.o
                0x000000000002d020                __dso_handle
 .data          0x000000000002d024       0x10 udp-server.co
                0x000000000002d024                udp_server_process
 *fill*         0x000000000002d034        0xc 
 .data          0x000000000002d040       0x44 obj_cooja/mtype314.o
                0x000000000002d040                simInterfaces
                0x000000000002d074                sensors
 .data          0x000000000002d084        0x0 obj_cooja/mtype314.a(simEnvChange.o)
 .data          0x000000000002d084        0x0 obj_cooja/mtype314.a(cooja_mt.o)
 .data          0x000000000002d084        0x0 obj_cooja/mtype314.a(cooja_mtarch.o)
 .data          0x000000000002d084        0x0 obj_cooja/mtype314.a(rtimer-arch.o)
 .data          0x000000000002d084        0x0 obj_cooja/mtype314.a(beep.o)
 .data          0x000000000002d084        0x0 obj_cooja/mtype314.a(button-sensor.o)
 .data          0x000000000002d084        0x0 obj_cooja/mtype314.a(leds-arch.o)
 .data          0x000000000002d084        0x0 obj_cooja/mtype314.a(moteid.o)
 .data          0x000000000002d084        0x0 obj_cooja/mtype314.a(pir-sensor.o)
 .data          0x000000000002d084        0x0 obj_cooja/mtype314.a(rs232.o)
 .data          0x000000000002d084        0x0 obj_cooja/mtype314.a(vib-sensor.o)
 .data          0x000000000002d084        0x0 obj_cooja/mtype314.a(clock.o)
 .data          0x000000000002d084        0x0 obj_cooja/mtype314.a(log.o)
 .data          0x000000000002d084        0x0 obj_cooja/mtype314.a(cfs-cooja.o)
 .data          0x000000000002d084       0x40 obj_cooja/mtype314.a(cooja-radio.o)
                0x000000000002d084                simRadioChannelLR
                0x000000000002d088                simRadioHWOnLR
                0x000000000002d08c                simSignalStrengthLR
                0x000000000002d090                simLastSignalStrengthLR
                0x000000000002d094                simPowerLR
                0x000000000002d098                simLQILR
                0x000000000002d09c                simRadioChannel
                0x000000000002d0a0                simRadioHWOn
                0x000000000002d0a4                simSignalStrength
                0x000000000002d0a8                simLastSignalStrength
                0x000000000002d0ac                simPower
                0x000000000002d0b0                simLQI
                0x000000000002d0b4                cooja_radio_process
 .data          0x000000000002d0c4        0x0 obj_cooja/mtype314.a(eeprom.o)
 .data          0x000000000002d0c4        0x0 obj_cooja/mtype314.a(random.o)
 .data          0x000000000002d0c4       0x10 obj_cooja/mtype314.a(sensors.o)
                0x000000000002d0c4                sensors_process
 .data          0x000000000002d0d4       0x24 obj_cooja/mtype314.a(dual_conf.o)
                0x000000000002d0d4                radio_received
                0x000000000002d0d8                dual_dio_broadcast
                0x000000000002d0e8                dual_dis_broadcast
 .data          0x000000000002d0f8        0x0 obj_cooja/mtype314.a(autostart.o)
 .data          0x000000000002d0f8       0x14 obj_cooja/mtype314.a(ctimer.o)
                0x000000000002d0fc                ctimer_process
 .data          0x000000000002d10c       0x10 obj_cooja/mtype314.a(etimer.o)
                0x000000000002d10c                etimer_process
 .data          0x000000000002d11c        0x0 obj_cooja/mtype314.a(log_message.o)
 .data          0x000000000002d11c        0x0 obj_cooja/mtype314.a(process.o)
 .data          0x000000000002d11c        0x0 obj_cooja/mtype314.a(rtimer.o)
 .data          0x000000000002d11c        0x0 obj_cooja/mtype314.a(timer.o)
 .data          0x000000000002d11c       0x10 obj_cooja/mtype314.a(serial-line.o)
                0x000000000002d11c                serial_line_process
 .data          0x000000000002d12c        0x0 obj_cooja/mtype314.a(list.o)
 .data          0x000000000002d12c        0x0 obj_cooja/mtype314.a(ringbuf.o)
 .data          0x000000000002d12c        0x0 obj_cooja/mtype314.a(sicslowpan.o)
 .data          0x000000000002d12c       0x14 obj_cooja/mtype314.a(uip-ds6-nbr.o)
                0x000000000002d13c                ds6_neighbors
 .data          0x000000000002d140        0x0 obj_cooja/mtype314.a(uip-ds6.o)
 .data          0x000000000002d140        0x0 obj_cooja/mtype314.a(uip6.o)
 .data          0x000000000002d140       0x10 obj_cooja/mtype314.a(tcpip.o)
                0x000000000002d140                tcpip_process
 .data          0x000000000002d150        0x0 obj_cooja/mtype314.a(uip-debug.o)
 .data          0x000000000002d150        0xc obj_cooja/mtype314.a(uip-packetqueue)
 .data          0x000000000002d15c       0x28 obj_cooja/mtype314.a(rpl-dag.o)
                0x000000000002d16c                rpl_parents
                0x000000000002d180                rpl_children
 .data          0x000000000002d184        0x0 obj_cooja/mtype314.a(rpl-ext-header.)
 .data          0x000000000002d184       0x34 obj_cooja/mtype314.a(rpl-icmp6.o)
 .data          0x000000000002d1b8       0x1c obj_cooja/mtype314.a(rpl-ltmax.o)
                0x000000000002d1b8                rpl_ltmax_of
 .data          0x000000000002d1d4        0x0 obj_cooja/mtype314.a(rpl-timers.o)
 .data          0x000000000002d1d4        0x0 obj_cooja/mtype314.a(rpl.o)
 .data          0x000000000002d1d4        0x0 obj_cooja/mtype314.a(framer-802154.o)
 .data          0x000000000002d1d4        0x0 obj_cooja/mtype314.a(nullmac.o)
 .data          0x000000000002d1d4        0x0 obj_cooja/mtype314.a(nullrdc.o)
 .data          0x000000000002d1d4        0x0 obj_cooja/mtype314.a(linkaddr.o)
 .data          0x000000000002d1d4       0x10 obj_cooja/mtype314.a(nbr-table.o)
 .data          0x000000000002d1e4        0x0 obj_cooja/mtype314.a(netstack.o)
 .data          0x000000000002d1e4        0x4 obj_cooja/mtype314.a(packetbuf.o)
 .data          0x000000000002d1e8       0x18 obj_cooja/mtype314.a(queuebuf.o)
 .data          0x000000000002d200        0x0 obj_cooja/mtype314.a(nullsec.o)
 .data          0x000000000002d200        0x0 obj_cooja/mtype314.a(watchdog.o)
 .data          0x000000000002d200        0x0 obj_cooja/mtype314.a(rimestats.o)
 .data          0x000000000002d200        0x0 obj_cooja/mtype314.a(residual.o)
 .data          0x000000000002d200        0x0 obj_cooja/mtype314.a(stimer.o)
 .data          0x000000000002d200        0x0 obj_cooja/mtype314.a(memb.o)
 .data          0x000000000002d200       0x44 obj_cooja/mtype314.a(uip-ds6-route.o)
                0x000000000002d210                nbr_routes
 .data          0x000000000002d244       0x20 obj_cooja/mtype314.a(uip-icmp6.o)
 .data          0x000000000002d264        0x0 obj_cooja/mtype314.a(uip-nd6.o)
 .data          0x000000000002d264        0x0 obj_cooja/mtype314.a(rpl-nbr-policy.)
 .data          0x000000000002d264        0x2 obj_cooja/mtype314.a(frame802154.o)
 .data          0x000000000002d266        0x0 obj_cooja/mtype314.a(mac-sequence.o)
 .data          0x000000000002d266        0x0 obj_cooja/mtype314.a(mac.o)
 .data          0x000000000002d266        0x0 /usr/lib/gcc/i686-linux-gnu/4.8/crtendS.o
 .data          0x000000000002d266        0x0 /usr/lib/gcc/i686-linux-gnu/4.8/../../../i386-linux-gnu/crtn.o

.tm_clone_table
                0x000000000002d268        0x0
 .tm_clone_table
                0x000000000002d268        0x0 /usr/lib/gcc/i686-linux-gnu/4.8/crtbeginS.o
 .tm_clone_table
                0x000000000002d268        0x0 /usr/lib/gcc/i686-linux-gnu/4.8/crtendS.o

.data1
 *(.data1)
                0x000000000002d268                _edata = .
                0x000000000002d268                PROVIDE (edata, .)
                0x000000000002d268                . = .
                0x000000000002d268                __bss_start = .

.bss            0x000000000002d280     0x88c8
 *(.dynbss)
 .dynbss        0x0000000000000000        0x0 /usr/lib/gcc/i686-linux-gnu/4.8/../../../i386-linux-gnu/crti.o
 *(.bss .bss.* .gnu.linkonce.b.*)
 .bss           0x000000000002d280        0x0 /usr/lib/gcc/i686-linux-gnu/4.8/../../../i386-linux-gnu/crti.o
 .bss           0x000000000002d280        0x1 /usr/lib/gcc/i686-linux-gnu/4.8/crtbeginS.o
 *fill*         0x000000000002d281        0x3 
 .bss           0x000000000002d284        0x8 udp-server.co
                0x000000000002d284                my_weight
 *fill*         0x000000000002d28c       0x14 
 .bss           0x000000000002d2a0     0x2030 obj_cooja/mtype314.o
 .bss           0x000000000002f2d0        0x1 obj_cooja/mtype314.a(simEnvChange.o)
                0x000000000002f2d0                simDontFallAsleep
 *fill*         0x000000000002f2d1        0x3 
 .bss           0x000000000002f2d4        0x4 obj_cooja/mtype314.a(cooja_mt.o)
 .bss           0x000000000002f2d8        0x4 obj_cooja/mtype314.a(cooja_mtarch.o)
 .bss           0x000000000002f2dc        0xc obj_cooja/mtype314.a(rtimer-arch.o)
 .bss           0x000000000002f2e8        0x0 obj_cooja/mtype314.a(beep.o)
 .bss           0x000000000002f2e8        0x8 obj_cooja/mtype314.a(button-sensor.o)
 .bss           0x000000000002f2f0        0x0 obj_cooja/mtype314.a(leds-arch.o)
 .bss           0x000000000002f2f0        0x0 obj_cooja/mtype314.a(moteid.o)
 .bss           0x000000000002f2f0        0x1 obj_cooja/mtype314.a(pir-sensor.o)
                0x000000000002f2f0                simPirValue
 *fill*         0x000000000002f2f1        0x3 
 .bss           0x000000000002f2f4        0x4 obj_cooja/mtype314.a(rs232.o)
 .bss           0x000000000002f2f8        0x1 obj_cooja/mtype314.a(vib-sensor.o)
                0x000000000002f2f8                simVibValue
 .bss           0x000000000002f2f9        0x0 obj_cooja/mtype314.a(clock.o)
 *fill*         0x000000000002f2f9        0x7 
 .bss           0x000000000002f300      0x420 obj_cooja/mtype314.a(log.o)
 .bss           0x000000000002f720      0xfc0 obj_cooja/mtype314.a(cfs-cooja.o)
                0x000000000002f720                simCFSData
                0x00000000000306c0                simCFSSize
                0x00000000000306c4                simCFSChanged
                0x00000000000306c8                simCFSRead
                0x00000000000306cc                simCFSWritten
 .bss           0x00000000000306e0       0x24 obj_cooja/mtype314.a(cooja-radio.o)
                0x00000000000306e0                simReceivingLR
                0x00000000000306e4                simInSizeLR
                0x00000000000306e8                simOutSizeLR
                0x00000000000306ec                simReceiving
                0x00000000000306f0                simInSize
                0x00000000000306f4                simOutSize
                0x00000000000306f8                LongRangeTransmit
                0x00000000000306fc                LongRangeReceiving
 .bss           0x0000000000030704        0xc obj_cooja/mtype314.a(eeprom.o)
                0x0000000000030704                simEEPROMChanged
                0x0000000000030708                simEEPROMRead
                0x000000000003070c                simEEPROMWritten
 .bss           0x0000000000030710        0x0 obj_cooja/mtype314.a(random.o)
 .bss           0x0000000000030710        0xc obj_cooja/mtype314.a(sensors.o)
 .bss           0x000000000003071c       0x28 obj_cooja/mtype314.a(dual_conf.o)
                0x000000000003071c                long_range_radio
 .bss           0x0000000000030744        0x0 obj_cooja/mtype314.a(autostart.o)
 .bss           0x0000000000030744        0x5 obj_cooja/mtype314.a(ctimer.o)
 *fill*         0x0000000000030749        0x3 
 .bss           0x000000000003074c        0x8 obj_cooja/mtype314.a(etimer.o)
 .bss           0x0000000000030754        0x0 obj_cooja/mtype314.a(log_message.o)
 *fill*         0x0000000000030754        0xc 
 .bss           0x0000000000030760      0x1b1 obj_cooja/mtype314.a(process.o)
                0x0000000000030760                process_list
                0x0000000000030764                process_current
 *fill*         0x0000000000030911        0x3 
 .bss           0x0000000000030914        0x4 obj_cooja/mtype314.a(rtimer.o)
 .bss           0x0000000000030918        0x0 obj_cooja/mtype314.a(timer.o)
 *fill*         0x0000000000030918        0x8 
 .bss           0x0000000000030920      0x140 obj_cooja/mtype314.a(serial-line.o)
 .bss           0x0000000000030a60        0x0 obj_cooja/mtype314.a(list.o)
 .bss           0x0000000000030a60        0x0 obj_cooja/mtype314.a(ringbuf.o)
 .bss           0x0000000000030a60      0x70c obj_cooja/mtype314.a(sicslowpan.o)
 *fill*         0x000000000003116c       0x14 
 .bss           0x0000000000031180      0x2d0 obj_cooja/mtype314.a(uip-ds6-nbr.o)
 .bss           0x0000000000031450       0x30 obj_cooja/mtype314.a(uip-ds6.o)
 .bss           0x0000000000031480        0xe obj_cooja/mtype314.a(uip6.o)
                0x0000000000031480                uip_ext_bitmap
                0x0000000000031481                uip_ext_len
                0x0000000000031482                uip_ext_opt_offset
 *fill*         0x000000000003148e       0x12 
 .bss           0x00000000000314a0       0x6a obj_cooja/mtype314.a(tcpip.o)
 .bss           0x000000000003150a        0x0 obj_cooja/mtype314.a(uip-debug.o)
 *fill*         0x000000000003150a       0x16 
 .bss           0x0000000000031520      0xcf8 obj_cooja/mtype314.a(uip-packetqueue)
 *fill*         0x0000000000032218        0x8 
 .bss           0x0000000000032220      0x1fe obj_cooja/mtype314.a(rpl-dag.o)
 .bss           0x000000000003241e        0x0 obj_cooja/mtype314.a(rpl-ext-header.)
 .bss           0x000000000003241e        0x0 obj_cooja/mtype314.a(rpl-icmp6.o)
 .bss           0x000000000003241e        0x0 obj_cooja/mtype314.a(rpl-ltmax.o)
 *fill*         0x000000000003241e        0x2 
 .bss           0x0000000000032420       0x23 obj_cooja/mtype314.a(rpl-timers.o)
 *fill*         0x0000000000032443        0x1 
 .bss           0x0000000000032444        0x4 obj_cooja/mtype314.a(rpl.o)
 .bss           0x0000000000032448        0x2 obj_cooja/mtype314.a(framer-802154.o)
 .bss           0x000000000003244a        0x0 obj_cooja/mtype314.a(nullmac.o)
 .bss           0x000000000003244a        0x0 obj_cooja/mtype314.a(nullrdc.o)
 .bss           0x000000000003244a        0x0 obj_cooja/mtype314.a(linkaddr.o)
 *fill*         0x000000000003244a       0x16 
 .bss           0x0000000000032460      0x20c obj_cooja/mtype314.a(nbr-table.o)
 .bss           0x000000000003266c        0x0 obj_cooja/mtype314.a(netstack.o)
 *fill*         0x000000000003266c       0x14 
 .bss           0x0000000000032680       0xa0 obj_cooja/mtype314.a(packetbuf.o)
 .bss           0x0000000000032720      0xb80 obj_cooja/mtype314.a(queuebuf.o)
 .bss           0x00000000000332a0        0x0 obj_cooja/mtype314.a(nullsec.o)
 .bss           0x00000000000332a0        0x0 obj_cooja/mtype314.a(watchdog.o)
 .bss           0x00000000000332a0        0x0 obj_cooja/mtype314.a(rimestats.o)
 .bss           0x00000000000332a0        0x0 obj_cooja/mtype314.a(residual.o)
 .bss           0x00000000000332a0        0x0 obj_cooja/mtype314.a(stimer.o)
 .bss           0x00000000000332a0        0x0 obj_cooja/mtype314.a(memb.o)
 .bss           0x00000000000332a0      0x568 obj_cooja/mtype314.a(uip-ds6-route.o)
 .bss           0x0000000000033808       0x18 obj_cooja/mtype314.a(uip-icmp6.o)
 .bss           0x0000000000033820        0x0 obj_cooja/mtype314.a(uip-nd6.o)
 .bss           0x0000000000033820       0x44 obj_cooja/mtype314.a(rpl-nbr-policy.)
 .bss           0x0000000000033864        0x0 obj_cooja/mtype314.a(frame802154.o)
 *fill*         0x0000000000033864       0x1c 
 .bss           0x0000000000033880       0x90 obj_cooja/mtype314.a(mac-sequence.o)
 .bss           0x0000000000033910        0x0 obj_cooja/mtype314.a(mac.o)
 .bss           0x0000000000033910        0x0 /usr/lib/gcc/i686-linux-gnu/4.8/crtendS.o
 .bss           0x0000000000033910        0x0 /usr/lib/gcc/i686-linux-gnu/4.8/../../../i386-linux-gnu/crtn.o
 *(COMMON)
 COMMON         0x0000000000033910        0x2 udp-server.co
                0x0000000000033910                my_sink_reachability
                0x0000000000033911                my_child_number
 *fill*         0x0000000000033912        0x2 
 COMMON         0x0000000000033914       0x48 obj_cooja/mtype314.o
                0x0000000000033914                dio_count
                0x0000000000033918                dis_count
                0x000000000003391c                collision_count
                0x0000000000033920                transmission_count
                0x0000000000033924                COOJA_radioRxLong
                0x0000000000033928                control_message_count
                0x000000000003392c                dao_count
                0x0000000000033930                COOJA_radioTx
                0x0000000000033934                referenceVar
                0x0000000000033938                data_message_count
                0x000000000003393c                COOJA_radioTxLong
                0x0000000000033940                COOJA_radioRx
                0x0000000000033944                debugfp
                0x0000000000033948                COOJA_radioOn
                0x000000000003394c                COOJA_duration
                0x0000000000033950                dio_ack_count
                0x0000000000033954                COOJA_radioOnLong
                0x0000000000033958                sensors_flags
 COMMON         0x000000000003395c        0xc obj_cooja/mtype314.a(simEnvChange.o)
                0x000000000003395c                simEtimerPending
                0x0000000000033960                simProcessRunValue
                0x0000000000033964                simNextExpirationTime
 COMMON         0x0000000000033968        0x1 obj_cooja/mtype314.a(beep.o)
                0x0000000000033968                simBeeped
 COMMON         0x0000000000033969        0x3 obj_cooja/mtype314.a(button-sensor.o)
                0x0000000000033969                simButtonIsActive
                0x000000000003396a                simButtonIsDown
                0x000000000003396b                simButtonChanged
 COMMON         0x000000000003396c        0x1 obj_cooja/mtype314.a(leds-arch.o)
                0x000000000003396c                simLedsValue
 *fill*         0x000000000003396d        0x3 
 COMMON         0x0000000000033970        0xc obj_cooja/mtype314.a(moteid.o)
                0x0000000000033970                simRandomSeed
                0x0000000000033974                simMoteIDChanged
                0x0000000000033978                simMoteID
 COMMON         0x000000000003397c        0x2 obj_cooja/mtype314.a(pir-sensor.o)
                0x000000000003397c                simPirIsActive
                0x000000000003397d                simPirChanged
 *fill*         0x000000000003397e        0x2 
 COMMON         0x0000000000033980      0x820 obj_cooja/mtype314.a(rs232.o)
                0x0000000000033980                simSerialReceivingFlag
                0x0000000000033984                simSerialReceivingLength
                0x00000000000339a0                simSerialReceivingData
 COMMON         0x00000000000341a0        0x2 obj_cooja/mtype314.a(vib-sensor.o)
                0x00000000000341a0                simVibChanged
                0x00000000000341a1                simVibIsActive
 *fill*         0x00000000000341a2        0x2 
 COMMON         0x00000000000341a4        0x4 obj_cooja/mtype314.a(clock.o)
                0x00000000000341a4                simCurrentTime
 *fill*         0x00000000000341a8       0x18 
 COMMON         0x00000000000341c0      0x420 obj_cooja/mtype314.a(log.o)
                0x00000000000341c0                simLoggedLength
                0x00000000000341c4                simLoggedFlag
                0x00000000000341e0                simLoggedData
 COMMON         0x00000000000345e0      0x240 obj_cooja/mtype314.a(cooja-radio.o)
                0x00000000000345e0                simOutDataBuffer
                0x0000000000034660                simRadioTarget
                0x0000000000034680                simInDataBufferLR
                0x0000000000034700                simOutDataBufferLR
                0x0000000000034780                dual_duty_cycle_count
                0x00000000000347a0                simInDataBuffer
 COMMON         0x0000000000034820      0x400 obj_cooja/mtype314.a(eeprom.o)
                0x0000000000034820                simEEPROMData
 COMMON         0x0000000000034c20        0x1 obj_cooja/mtype314.a(sensors.o)
                0x0000000000034c20                sensors_event
 *fill*         0x0000000000034c21        0x3 
 COMMON         0x0000000000034c24        0x4 obj_cooja/mtype314.a(log_message.o)
                0x0000000000034c24                log_fp
 COMMON         0x0000000000034c28        0x1 obj_cooja/mtype314.a(serial-line.o)
                0x0000000000034c28                serial_line_event_message
 *fill*         0x0000000000034c29       0x17 
 COMMON         0x0000000000034c40      0x12c obj_cooja/mtype314.a(uip-ds6-nbr.o)
                0x0000000000034c40                ds6_lr_addrmap
 *fill*         0x0000000000034d6c       0x14 
 COMMON         0x0000000000034d80      0x298 obj_cooja/mtype314.a(uip-ds6.o)
                0x0000000000034d80                uip_ds6_prefix_list
                0x0000000000034de0                uip_ds6_timer_periodic
                0x0000000000034df0                uip_ds6_netif_addr_list_offset
                0x0000000000034e00                uip_ds6_if
                0x0000000000034ef8                uip_ds6_timer_ra
                0x0000000000034f00                uip_ds6_addr_size
                0x0000000000034f20                long_uip_ds6_if
 *fill*         0x0000000000035018        0x8 
 COMMON         0x0000000000035020      0x8ec obj_cooja/mtype314.a(uip6.o)
                0x0000000000035020                uip_slen
                0x0000000000035022                uip_acc32
                0x0000000000035040                uip_conns
                0x0000000000035100                uip_lladdr
                0x0000000000035108                uip_appdata
                0x000000000003510c                uip_flags
                0x0000000000035120                uip_aligned_buf
                0x0000000000035760                uip_listenports
                0x0000000000035770                uip_len
                0x0000000000035772                uip_long_lladdr
                0x000000000003577c                uip_sappdata
                0x0000000000035780                uip_udp_conns
                0x0000000000035900                uip_udp_conn
                0x0000000000035904                uip_next_hdr
                0x0000000000035908                uip_conn
 COMMON         0x000000000003590c        0x1 obj_cooja/mtype314.a(tcpip.o)
                0x000000000003590c                tcpip_event
 *fill*         0x000000000003590d       0x13 
 COMMON         0x0000000000035920      0x198 obj_cooja/mtype314.a(rpl-dag.o)
                0x0000000000035920                default_instance
                0x0000000000035940                instance_table
 COMMON         0x0000000000035ab8       0x10 obj_cooja/mtype314.a(linkaddr.o)
                0x0000000000035ab8                linkaddr_node_addr
                0x0000000000035ac0                long_linkaddr_node_addr
 COMMON         0x0000000000035ac8       0x2e obj_cooja/mtype314.a(packetbuf.o)
                0x0000000000035ac8                packetbuf_attrs
                0x0000000000035ae6                packetbuf_addrs
 *fill*         0x0000000000035af6        0xa 
 COMMON         0x0000000000035b00       0x48 obj_cooja/mtype314.a(rimestats.o)
                0x0000000000035b00                rimestats
                0x0000000000035b48                . = ALIGN ((. != 0x0)?0x4:0x1)
                0x0000000000035b48                . = ALIGN (0x4)
                0x0000000000035b48                . = SEGMENT_START ("ldata-segment", .)
                0x0000000000035b48                . = ALIGN (0x4)
                0x0000000000035b48                _end = .
                0x0000000000035b48                PROVIDE (end, .)
                0x0000000000035b48                . = DATA_SEGMENT_END (.)

.stab
 *(.stab)

.stabstr
 *(.stabstr)

.stab.excl
 *(.stab.excl)

.stab.exclstr
 *(.stab.exclstr)

.stab.index
 *(.stab.index)

.stab.indexstr
 *(.stab.indexstr)

.comment        0x0000000000000000       0x2b
 *(.comment)
 .comment       0x0000000000000000       0x2b /usr/lib/gcc/i686-linux-gnu/4.8/crtbeginS.o
                                         0x2c (size before relaxing)
 .comment       0x0000000000000000       0x2c udp-server.co
 .comment       0x0000000000000000       0x2c obj_cooja/mtype314.o
 .comment       0x0000000000000000       0x2c obj_cooja/mtype314.a(simEnvChange.o)
 .comment       0x0000000000000000       0x2c obj_cooja/mtype314.a(cooja_mt.o)
 .comment       0x0000000000000000       0x2c obj_cooja/mtype314.a(cooja_mtarch.o)
 .comment       0x0000000000000000       0x2c obj_cooja/mtype314.a(rtimer-arch.o)
 .comment       0x0000000000000000       0x2c obj_cooja/mtype314.a(beep.o)
 .comment       0x0000000000000000       0x2c obj_cooja/mtype314.a(button-sensor.o)
 .comment       0x0000000000000000       0x2c obj_cooja/mtype314.a(leds-arch.o)
 .comment       0x0000000000000000       0x2c obj_cooja/mtype314.a(moteid.o)
 .comment       0x0000000000000000       0x2c obj_cooja/mtype314.a(pir-sensor.o)
 .comment       0x0000000000000000       0x2c obj_cooja/mtype314.a(rs232.o)
 .comment       0x0000000000000000       0x2c obj_cooja/mtype314.a(vib-sensor.o)
 .comment       0x0000000000000000       0x2c obj_cooja/mtype314.a(clock.o)
 .comment       0x0000000000000000       0x2c obj_cooja/mtype314.a(log.o)
 .comment       0x0000000000000000       0x2c obj_cooja/mtype314.a(cfs-cooja.o)
 .comment       0x0000000000000000       0x2c obj_cooja/mtype314.a(cooja-radio.o)
 .comment       0x0000000000000000       0x2c obj_cooja/mtype314.a(eeprom.o)
 .comment       0x0000000000000000       0x2c obj_cooja/mtype314.a(random.o)
 .comment       0x0000000000000000       0x2c obj_cooja/mtype314.a(sensors.o)
 .comment       0x0000000000000000       0x2c obj_cooja/mtype314.a(dual_conf.o)
 .comment       0x0000000000000000       0x2c obj_cooja/mtype314.a(autostart.o)
 .comment       0x0000000000000000       0x2c obj_cooja/mtype314.a(ctimer.o)
 .comment       0x0000000000000000       0x2c obj_cooja/mtype314.a(etimer.o)
 .comment       0x0000000000000000       0x2c obj_cooja/mtype314.a(log_message.o)
 .comment       0x0000000000000000       0x2c obj_cooja/mtype314.a(process.o)
 .comment       0x0000000000000000       0x2c obj_cooja/mtype314.a(rtimer.o)
 .comment       0x0000000000000000       0x2c obj_cooja/mtype314.a(timer.o)
 .comment       0x0000000000000000       0x2c obj_cooja/mtype314.a(serial-line.o)
 .comment       0x0000000000000000       0x2c obj_cooja/mtype314.a(list.o)
 .comment       0x0000000000000000       0x2c obj_cooja/mtype314.a(ringbuf.o)
 .comment       0x0000000000000000       0x2c obj_cooja/mtype314.a(sicslowpan.o)
 .comment       0x0000000000000000       0x2c obj_cooja/mtype314.a(uip-ds6-nbr.o)
 .comment       0x0000000000000000       0x2c obj_cooja/mtype314.a(uip-ds6.o)
 .comment       0x0000000000000000       0x2c obj_cooja/mtype314.a(uip6.o)
 .comment       0x0000000000000000       0x2c obj_cooja/mtype314.a(tcpip.o)
 .comment       0x0000000000000000       0x2c obj_cooja/mtype314.a(uip-debug.o)
 .comment       0x0000000000000000       0x2c obj_cooja/mtype314.a(uip-packetqueue)
 .comment       0x0000000000000000       0x2c obj_cooja/mtype314.a(rpl-dag.o)
 .comment       0x0000000000000000       0x2c obj_cooja/mtype314.a(rpl-ext-header.)
 .comment       0x0000000000000000       0x2c obj_cooja/mtype314.a(rpl-icmp6.o)
 .comment       0x0000000000000000       0x2c obj_cooja/mtype314.a(rpl-ltmax.o)
 .comment       0x0000000000000000       0x2c obj_cooja/mtype314.a(rpl-timers.o)
 .comment       0x0000000000000000       0x2c obj_cooja/mtype314.a(rpl.o)
 .comment       0x0000000000000000       0x2c obj_cooja/mtype314.a(framer-802154.o)
 .comment       0x0000000000000000       0x2c obj_cooja/mtype314.a(nullmac.o)
 .comment       0x0000000000000000       0x2c obj_cooja/mtype314.a(nullrdc.o)
 .comment       0x0000000000000000       0x2c obj_cooja/mtype314.a(linkaddr.o)
 .comment       0x0000000000000000       0x2c obj_cooja/mtype314.a(nbr-table.o)
 .comment       0x0000000000000000       0x2c obj_cooja/mtype314.a(netstack.o)
 .comment       0x0000000000000000       0x2c obj_cooja/mtype314.a(packetbuf.o)
 .comment       0x0000000000000000       0x2c obj_cooja/mtype314.a(queuebuf.o)
 .comment       0x0000000000000000       0x2c obj_cooja/mtype314.a(nullsec.o)
 .comment       0x0000000000000000       0x2c obj_cooja/mtype314.a(watchdog.o)
 .comment       0x0000000000000000       0x2c obj_cooja/mtype314.a(rimestats.o)
 .comment       0x0000000000000000       0x2c obj_cooja/mtype314.a(residual.o)
 .comment       0x0000000000000000       0x2c obj_cooja/mtype314.a(stimer.o)
 .comment       0x0000000000000000       0x2c obj_cooja/mtype314.a(memb.o)
 .comment       0x0000000000000000       0x2c obj_cooja/mtype314.a(uip-ds6-route.o)
 .comment       0x0000000000000000       0x2c obj_cooja/mtype314.a(uip-icmp6.o)
 .comment       0x0000000000000000       0x2c obj_cooja/mtype314.a(uip-nd6.o)
 .comment       0x0000000000000000       0x2c obj_cooja/mtype314.a(rpl-nbr-policy.)
 .comment       0x0000000000000000       0x2c obj_cooja/mtype314.a(frame802154.o)
 .comment       0x0000000000000000       0x2c obj_cooja/mtype314.a(mac-sequence.o)
 .comment       0x0000000000000000       0x2c obj_cooja/mtype314.a(mac.o)
 .comment       0x0000000000000000       0x2c /usr/lib/gcc/i686-linux-gnu/4.8/crtendS.o

.debug
 *(.debug)

.line
 *(.line)

.debug_srcinfo
 *(.debug_srcinfo)

.debug_sfnames
 *(.debug_sfnames)

.debug_aranges  0x0000000000000000      0x818
 *(.debug_aranges)
 .debug_aranges
                0x0000000000000000       0x20 udp-server.co
 .debug_aranges
                0x0000000000000020       0x20 obj_cooja/mtype314.o
 .debug_aranges
                0x0000000000000040       0x20 obj_cooja/mtype314.a(simEnvChange.o)
 .debug_aranges
                0x0000000000000060       0x20 obj_cooja/mtype314.a(cooja_mt.o)
 .debug_aranges
                0x0000000000000080       0x20 obj_cooja/mtype314.a(cooja_mtarch.o)
 .debug_aranges
                0x00000000000000a0       0x20 obj_cooja/mtype314.a(rtimer-arch.o)
 .debug_aranges
                0x00000000000000c0       0x20 obj_cooja/mtype314.a(beep.o)
 .debug_aranges
                0x00000000000000e0       0x20 obj_cooja/mtype314.a(button-sensor.o)
 .debug_aranges
                0x0000000000000100       0x20 obj_cooja/mtype314.a(leds-arch.o)
 .debug_aranges
                0x0000000000000120       0x20 obj_cooja/mtype314.a(moteid.o)
 .debug_aranges
                0x0000000000000140       0x20 obj_cooja/mtype314.a(pir-sensor.o)
 .debug_aranges
                0x0000000000000160       0x20 obj_cooja/mtype314.a(rs232.o)
 .debug_aranges
                0x0000000000000180       0x20 obj_cooja/mtype314.a(vib-sensor.o)
 .debug_aranges
                0x00000000000001a0       0x20 obj_cooja/mtype314.a(clock.o)
 .debug_aranges
                0x00000000000001c0       0x20 obj_cooja/mtype314.a(log.o)
 .debug_aranges
                0x00000000000001e0       0x20 obj_cooja/mtype314.a(cfs-cooja.o)
 .debug_aranges
                0x0000000000000200       0x20 obj_cooja/mtype314.a(cooja-radio.o)
 .debug_aranges
                0x0000000000000220       0x20 obj_cooja/mtype314.a(eeprom.o)
 .debug_aranges
                0x0000000000000240       0x20 obj_cooja/mtype314.a(random.o)
 .debug_aranges
                0x0000000000000260       0x20 obj_cooja/mtype314.a(sensors.o)
 .debug_aranges
                0x0000000000000280       0x20 obj_cooja/mtype314.a(dual_conf.o)
 .debug_aranges
                0x00000000000002a0       0x20 obj_cooja/mtype314.a(autostart.o)
 .debug_aranges
                0x00000000000002c0       0x20 obj_cooja/mtype314.a(ctimer.o)
 .debug_aranges
                0x00000000000002e0       0x20 obj_cooja/mtype314.a(etimer.o)
 .debug_aranges
                0x0000000000000300       0x20 obj_cooja/mtype314.a(log_message.o)
 .debug_aranges
                0x0000000000000320       0x20 obj_cooja/mtype314.a(process.o)
 .debug_aranges
                0x0000000000000340       0x20 obj_cooja/mtype314.a(rtimer.o)
 .debug_aranges
                0x0000000000000360       0x20 obj_cooja/mtype314.a(timer.o)
 .debug_aranges
                0x0000000000000380       0x20 obj_cooja/mtype314.a(serial-line.o)
 .debug_aranges
                0x00000000000003a0       0x20 obj_cooja/mtype314.a(list.o)
 .debug_aranges
                0x00000000000003c0       0x20 obj_cooja/mtype314.a(ringbuf.o)
 .debug_aranges
                0x00000000000003e0       0x20 obj_cooja/mtype314.a(sicslowpan.o)
 .debug_aranges
                0x0000000000000400       0x20 obj_cooja/mtype314.a(uip-ds6-nbr.o)
 .debug_aranges
                0x0000000000000420       0x20 obj_cooja/mtype314.a(uip-ds6.o)
 .debug_aranges
                0x0000000000000440       0x20 obj_cooja/mtype314.a(uip6.o)
 .debug_aranges
                0x0000000000000460       0x20 obj_cooja/mtype314.a(tcpip.o)
 .debug_aranges
                0x0000000000000480       0x20 obj_cooja/mtype314.a(uip-debug.o)
 .debug_aranges
                0x00000000000004a0       0x20 obj_cooja/mtype314.a(uip-packetqueue)
 .debug_aranges
                0x00000000000004c0       0x20 obj_cooja/mtype314.a(rpl-dag.o)
 .debug_aranges
                0x00000000000004e0       0x20 obj_cooja/mtype314.a(rpl-ext-header.)
 .debug_aranges
                0x0000000000000500       0x20 obj_cooja/mtype314.a(rpl-icmp6.o)
 .debug_aranges
                0x0000000000000520       0x20 obj_cooja/mtype314.a(rpl-ltmax.o)
 .debug_aranges
                0x0000000000000540       0x20 obj_cooja/mtype314.a(rpl-timers.o)
 .debug_aranges
                0x0000000000000560       0x20 obj_cooja/mtype314.a(rpl.o)
 .debug_aranges
                0x0000000000000580       0x20 obj_cooja/mtype314.a(framer-802154.o)
 .debug_aranges
                0x00000000000005a0       0x20 obj_cooja/mtype314.a(nullmac.o)
 .debug_aranges
                0x00000000000005c0       0x20 obj_cooja/mtype314.a(nullrdc.o)
 .debug_aranges
                0x00000000000005e0       0x20 obj_cooja/mtype314.a(linkaddr.o)
 .debug_aranges
                0x0000000000000600       0x20 obj_cooja/mtype314.a(nbr-table.o)
 .debug_aranges
                0x0000000000000620       0x20 obj_cooja/mtype314.a(netstack.o)
 .debug_aranges
                0x0000000000000640       0x20 obj_cooja/mtype314.a(packetbuf.o)
 .debug_aranges
                0x0000000000000660       0x20 obj_cooja/mtype314.a(queuebuf.o)
 .debug_aranges
                0x0000000000000680       0x20 obj_cooja/mtype314.a(nullsec.o)
 .debug_aranges
                0x00000000000006a0       0x20 obj_cooja/mtype314.a(watchdog.o)
 .debug_aranges
                0x00000000000006c0       0x18 obj_cooja/mtype314.a(rimestats.o)
 .debug_aranges
                0x00000000000006d8       0x20 obj_cooja/mtype314.a(residual.o)
 .debug_aranges
                0x00000000000006f8       0x20 obj_cooja/mtype314.a(stimer.o)
 .debug_aranges
                0x0000000000000718       0x20 obj_cooja/mtype314.a(memb.o)
 .debug_aranges
                0x0000000000000738       0x20 obj_cooja/mtype314.a(uip-ds6-route.o)
 .debug_aranges
                0x0000000000000758       0x20 obj_cooja/mtype314.a(uip-icmp6.o)
 .debug_aranges
                0x0000000000000778       0x20 obj_cooja/mtype314.a(uip-nd6.o)
 .debug_aranges
                0x0000000000000798       0x20 obj_cooja/mtype314.a(rpl-nbr-policy.)
 .debug_aranges
                0x00000000000007b8       0x20 obj_cooja/mtype314.a(frame802154.o)
 .debug_aranges
                0x00000000000007d8       0x20 obj_cooja/mtype314.a(mac-sequence.o)
 .debug_aranges
                0x00000000000007f8       0x20 obj_cooja/mtype314.a(mac.o)

.debug_pubnames
 *(.debug_pubnames)

.debug_info     0x0000000000000000    0x1c8d0
 *(.debug_info .gnu.linkonce.wi.*)
 .debug_info    0x0000000000000000      0xe4b udp-server.co
 .debug_info    0x0000000000000e4b     0x3ab3 obj_cooja/mtype314.o
 .debug_info    0x00000000000048fe      0x15a obj_cooja/mtype314.a(simEnvChange.o)
 .debug_info    0x0000000000004a58      0x1e2 obj_cooja/mtype314.a(cooja_mt.o)
 .debug_info    0x0000000000004c3a      0x2e7 obj_cooja/mtype314.a(cooja_mtarch.o)
 .debug_info    0x0000000000004f21      0x16b obj_cooja/mtype314.a(rtimer-arch.o)
 .debug_info    0x000000000000508c      0x1f3 obj_cooja/mtype314.a(beep.o)
 .debug_info    0x000000000000527f      0x257 obj_cooja/mtype314.a(button-sensor.o)
 .debug_info    0x00000000000054d6      0x132 obj_cooja/mtype314.a(leds-arch.o)
 .debug_info    0x0000000000005608      0x10a obj_cooja/mtype314.a(moteid.o)
 .debug_info    0x0000000000005712      0x216 obj_cooja/mtype314.a(pir-sensor.o)
 .debug_info    0x0000000000005928      0x21e obj_cooja/mtype314.a(rs232.o)
 .debug_info    0x0000000000005b46      0x216 obj_cooja/mtype314.a(vib-sensor.o)
 .debug_info    0x0000000000005d5c      0x152 obj_cooja/mtype314.a(clock.o)
 .debug_info    0x0000000000005eae      0x2bb obj_cooja/mtype314.a(log.o)
 .debug_info    0x0000000000006169      0x3cf obj_cooja/mtype314.a(cfs-cooja.o)
 .debug_info    0x0000000000006538      0xd30 obj_cooja/mtype314.a(cooja-radio.o)
 .debug_info    0x0000000000007268      0x1d5 obj_cooja/mtype314.a(eeprom.o)
 .debug_info    0x000000000000743d       0xb3 obj_cooja/mtype314.a(random.o)
 .debug_info    0x00000000000074f0      0x36d obj_cooja/mtype314.a(sensors.o)
 .debug_info    0x000000000000785d      0xc68 obj_cooja/mtype314.a(dual_conf.o)
 .debug_info    0x00000000000084c5      0x1a5 obj_cooja/mtype314.a(autostart.o)
 .debug_info    0x000000000000866a      0x46c obj_cooja/mtype314.a(ctimer.o)
 .debug_info    0x0000000000008ad6      0x49c obj_cooja/mtype314.a(etimer.o)
 .debug_info    0x0000000000008f72      0x3c1 obj_cooja/mtype314.a(log_message.o)
 .debug_info    0x0000000000009333      0x4ba obj_cooja/mtype314.a(process.o)
 .debug_info    0x00000000000097ed      0x1ab obj_cooja/mtype314.a(rtimer.o)
 .debug_info    0x0000000000009998      0x16c obj_cooja/mtype314.a(timer.o)
 .debug_info    0x0000000000009b04      0x2de obj_cooja/mtype314.a(serial-line.o)