Archive member included to satisfy reference by file (symbol)

obj_cooja/mtype597.a(simEnvChange.o)
                              obj_cooja/mtype597.o (simDontFallAsleep)
obj_cooja/mtype597.a(cooja_mt.o)
                              obj_cooja/mtype597.o (cooja_mt_start)
obj_cooja/mtype597.a(cooja_mtarch.o)
                              obj_cooja/mtype597.a(cooja_mt.o) (cooja_mtarch_init)
obj_cooja/mtype597.a(rtimer-arch.o)
                              obj_cooja/mtype597.o (rtimer_arch_next)
obj_cooja/mtype597.a(beep.o)  obj_cooja/mtype597.o (beep_interface)
obj_cooja/mtype597.a(button-sensor.o)
                              obj_cooja/mtype597.o (button_interface)
obj_cooja/mtype597.a(leds-arch.o)
                              obj_cooja/mtype597.o (leds_interface)
obj_cooja/mtype597.a(moteid.o)
                              obj_cooja/mtype597.o (moteid_interface)
obj_cooja/mtype597.a(pir-sensor.o)
                              obj_cooja/mtype597.o (pir_interface)
obj_cooja/mtype597.a(rs232.o)
                              obj_cooja/mtype597.o (rs232_interface)
obj_cooja/mtype597.a(vib-sensor.o)
                              obj_cooja/mtype597.o (vib_interface)
obj_cooja/mtype597.a(clock.o)
                              obj_cooja/mtype597.o (clock_interface)
obj_cooja/mtype597.a(log.o)   obj_cooja/mtype597.o (simlog_interface)
obj_cooja/mtype597.a(cfs-cooja.o)
                              obj_cooja/mtype597.o (cfs_interface)
obj_cooja/mtype597.a(cooja-radio.o)
                              obj_cooja/mtype597.o (radio_interface)
obj_cooja/mtype597.a(eeprom.o)
                              obj_cooja/mtype597.o (eeprom_interface)
obj_cooja/mtype597.a(random.o)
                              obj_cooja/mtype597.a(moteid.o) (random_init)
obj_cooja/mtype597.a(sensors.o)
                              obj_cooja/mtype597.o (sensors_process)
obj_cooja/mtype597.a(autostart.o)
                              obj_cooja/mtype597.o (autostart_start)
obj_cooja/mtype597.a(ctimer.o)
                              obj_cooja/mtype597.o (ctimer_init)
obj_cooja/mtype597.a(etimer.o)
                              obj_cooja/mtype597.o (etimer_process)
obj_cooja/mtype597.a(log_message.o)
                              obj_cooja/mtype597.o (log_initialization)
obj_cooja/mtype597.a(process.o)
                              udp-client.co (process_current)
obj_cooja/mtype597.a(residual.o)
                              udp-client.co (get_residual_energy)
obj_cooja/mtype597.a(rtimer.o)
                              obj_cooja/mtype597.a(rtimer-arch.o) (rtimer_run_next)
obj_cooja/mtype597.a(stimer.o)
                              udp-client.co (stimer_remaining)
obj_cooja/mtype597.a(timer.o)
                              obj_cooja/mtype597.a(button-sensor.o) (timer_set)
obj_cooja/mtype597.a(serial-line.o)
                              udp-client.co (serial_line_event_message)
obj_cooja/mtype597.a(list.o)  obj_cooja/mtype597.a(ctimer.o) (list_init)
obj_cooja/mtype597.a(ringbuf.o)
                              obj_cooja/mtype597.a(serial-line.o) (ringbuf_init)
obj_cooja/mtype597.a(sicslowpan.o)
                              obj_cooja/mtype597.o (sicslowpan_driver)
obj_cooja/mtype597.a(uip-ds6-nbr.o)
                              obj_cooja/mtype597.a(sicslowpan.o) (uip_ds6_link_neighbor_callback)
obj_cooja/mtype597.a(uip-ds6-route.o)
                              udp-client.co (uip_ds6_route_nexthop)
obj_cooja/mtype597.a(uip-ds6.o)
                              udp-client.co (uip_ds6_if)
obj_cooja/mtype597.a(uip6.o)  udp-client.co (uip_lladdr)
obj_cooja/mtype597.a(tcpip.o)
                              udp-client.co (tcpip_event)
obj_cooja/mtype597.a(uip-debug.o)
                              udp-client.co (uip_debug_ipaddr_print)
obj_cooja/mtype597.a(uip-packetqueue)
                              obj_cooja/mtype597.a(uip-ds6-nbr.o) (uip_packetqueue_new)
obj_cooja/mtype597.a(uip-udp-packet.)
                              udp-client.co (uip_udp_packet_sendto)
obj_cooja/mtype597.a(rpl-dag.o)
                              obj_cooja/mtype597.a(tcpip.o) (rpl_repair_root)
obj_cooja/mtype597.a(rpl-ext-header.)
                              obj_cooja/mtype597.a(uip6.o) (rpl_verify_header)
obj_cooja/mtype597.a(rpl-icmp6.o)
                              obj_cooja/mtype597.a(rpl-dag.o) (rpl_icmp6_update_nbr_table)
obj_cooja/mtype597.a(rpl-ltmax.o)
                              obj_cooja/mtype597.a(rpl-dag.o) (rpl_ltmax_of)
obj_cooja/mtype597.a(rpl-timers.o)
                              obj_cooja/mtype597.a(rpl-dag.o) (rpl_reset_dio_timer)
obj_cooja/mtype597.a(rpl.o)   obj_cooja/mtype597.a(rpl-icmp6.o) (rpl_get_mode)
obj_cooja/mtype597.a(framer-802154.o)
                              obj_cooja/mtype597.a(sicslowpan.o) (framer_802154)
obj_cooja/mtype597.a(nullmac.o)
                              obj_cooja/mtype597.o (nullmac_driver)
obj_cooja/mtype597.a(cxmac.o)
                              obj_cooja/mtype597.o (cxmac_driver)
obj_cooja/mtype597.a(linkaddr.o)
[...]
Memory Configuration

Name             Origin             Length             Attributes
*default*        0x0000000000000000 0xffffffffffffffff

Linker script and memory map

LOAD /usr/lib/gcc/i686-linux-gnu/4.8/../../../i386-linux-gnu/crti.o
LOAD /usr/lib/gcc/i686-linux-gnu/4.8/crtbeginS.o
LOAD udp-client.co
LOAD obj_cooja/mtype597.o
LOAD obj_cooja/mtype597.a
LOAD /usr/lib/gcc/i686-linux-gnu/4.8/libgcc.a
LOAD /usr/lib/gcc/i686-linux-gnu/4.8/libgcc_s.so
LOAD /usr/lib/gcc/i686-linux-gnu/4.8/../../../i386-linux-gnu/libc.so
START GROUP
LOAD /lib/i386-linux-gnu/libc.so.6
LOAD /usr/lib/i386-linux-gnu/libc_nonshared.a
LOAD /lib/i386-linux-gnu/ld-linux.so.2
END GROUP
LOAD /usr/lib/gcc/i686-linux-gnu/4.8/libgcc.a
LOAD /usr/lib/gcc/i686-linux-gnu/4.8/libgcc_s.so
LOAD /usr/lib/gcc/i686-linux-gnu/4.8/crtendS.o
LOAD /usr/lib/gcc/i686-linux-gnu/4.8/../../../i386-linux-gnu/crtn.o
                0x0000000000000114                . = (0x0 + SIZEOF_HEADERS)

.note.gnu.build-id
                0x0000000000000114       0x24
 *(.note.gnu.build-id)
 .note.gnu.build-id
                0x0000000000000114       0x24 /usr/lib/gcc/i686-linux-gnu/4.8/../../../i386-linux-gnu/crti.o

.hash
 *(.hash)

.gnu.hash       0x0000000000000138     0x12ec
 *(.gnu.hash)
 .gnu.hash      0x0000000000000138     0x12ec /usr/lib/gcc/i686-linux-gnu/4.8/../../../i386-linux-gnu/crti.o

.dynsym         0x0000000000001424     0x2410
 *(.dynsym)
 .dynsym        0x0000000000001424     0x2410 /usr/lib/gcc/i686-linux-gnu/4.8/../../../i386-linux-gnu/crti.o

.dynstr         0x0000000000003834     0x24e6
 *(.dynstr)
 .dynstr        0x0000000000003834     0x24e6 /usr/lib/gcc/i686-linux-gnu/4.8/../../../i386-linux-gnu/crti.o

.gnu.version    0x0000000000005d1a      0x482
 *(.gnu.version)
 .gnu.version   0x0000000000005d1a      0x482 /usr/lib/gcc/i686-linux-gnu/4.8/../../../i386-linux-gnu/crti.o

.gnu.version_d  0x000000000000619c        0x0
 *(.gnu.version_d)
 .gnu.version_d
                0x0000000000000000        0x0 /usr/lib/gcc/i686-linux-gnu/4.8/../../../i386-linux-gnu/crti.o

.gnu.version_r  0x000000000000619c       0x50
 *(.gnu.version_r)
 .gnu.version_r
                0x000000000000619c       0x50 /usr/lib/gcc/i686-linux-gnu/4.8/../../../i386-linux-gnu/crti.o

.rel.dyn        0x00000000000061ec     0x8e58
 *(.rel.init)
 .rel.init      0x0000000000000000        0x0 /usr/lib/gcc/i686-linux-gnu/4.8/../../../i386-linux-gnu/crti.o
 *(.rel.text .rel.text.* .rel.gnu.linkonce.t.*)
 .rel.text      0x00000000000061ec     0x86d8 /usr/lib/gcc/i686-linux-gnu/4.8/../../../i386-linux-gnu/crti.o
 *(.rel.fini)
 .rel.fini      0x0000000000000000        0x0 /usr/lib/gcc/i686-linux-gnu/4.8/../../../i386-linux-gnu/crti.o
 *(.rel.rodata .rel.rodata.* .rel.gnu.linkonce.r.*)
 .rel.rodata    0x000000000000e8c4      0x4e0 /usr/lib/gcc/i686-linux-gnu/4.8/../../../i386-linux-gnu/crti.o
 *(.rel.data.rel.ro .rel.data.rel.ro.* .rel.gnu.linkonce.d.rel.ro.*)
 *(.rel.data .rel.data.* .rel.gnu.linkonce.d.*)
 .rel.data.rel  0x000000000000eda4        0x8 /usr/lib/gcc/i686-linux-gnu/4.8/../../../i386-linux-gnu/crti.o
 .rel.data      0x000000000000edac      0x260 /usr/lib/gcc/i686-linux-gnu/4.8/../../../i386-linux-gnu/crti.o
 *(.rel.tdata .rel.tdata.* .rel.gnu.linkonce.td.*)
 *(.rel.tbss .rel.tbss.* .rel.gnu.linkonce.tb.*)
 *(.rel.ctors)
 *(.rel.dtors)
 *(.rel.got)
 .rel.got       0x000000000000f00c       0x28 /usr/lib/gcc/i686-linux-gnu/4.8/../../../i386-linux-gnu/crti.o
 *(.rel.bss .rel.bss.* .rel.gnu.linkonce.b.*)
 *(.rel.ifunc)
 .rel.ifunc     0x0000000000000000        0x0 /usr/lib/gcc/i686-linux-gnu/4.8/../../../i386-linux-gnu/crti.o
 .rel.fini_array
                0x000000000000f034        0x8 /usr/lib/gcc/i686-linux-gnu/4.8/../../../i386-linux-gnu/crti.o
 .rel.init_array
                0x000000000000f03c        0x8 /usr/lib/gcc/i686-linux-gnu/4.8/../../../i386-linux-gnu/crti.o

.rel.plt        0x000000000000f044       0x10
 *(.rel.plt)
 .rel.plt       0x000000000000f044       0x10 /usr/lib/gcc/i686-linux-gnu/4.8/../../../i386-linux-gnu/crti.o
 *(.rel.iplt)

.init           0x000000000000f054       0x23
 *(SORT(.init))
 .init          0x000000000000f054       0x1e /usr/lib/gcc/i686-linux-gnu/4.8/../../../i386-linux-gnu/crti.o
                0x000000000000f054                _init
 .init          0x000000000000f072        0x5 /usr/lib/gcc/i686-linux-gnu/4.8/../../../i386-linux-gnu/crtn.o

.plt            0x000000000000f080       0x30
 *(.plt)
 .plt           0x000000000000f080       0x30 /usr/lib/gcc/i686-linux-gnu/4.8/../../../i386-linux-gnu/crti.o
 *(.iplt)

.text           0x000000000000f0b0    0x1579d
 *(.text.unlikely .text.*_unlikely .text.unlikely.*)
 *(.text.exit .text.exit.*)
 *(.text.startup .text.startup.*)
 *(.text.hot .text.hot.*)
 *(.text .stub .text.* .gnu.linkonce.t.*)
 .text          0x000000000000f0b0        0x0 /usr/lib/gcc/i686-linux-gnu/4.8/../../../i386-linux-gnu/crti.o
 .gnu.linkonce.t.__x86.get_pc_thunk.bx
                0x000000000000f0b0        0x4 /usr/lib/gcc/i686-linux-gnu/4.8/../../../i386-linux-gnu/crti.o
                0x000000000000f0b0                __x86.get_pc_thunk.bx
 *fill*         0x000000000000f0b4        0xc 
 .text          0x000000000000f0c0      0x11b /usr/lib/gcc/i686-linux-gnu/4.8/crtbeginS.o
 .text          0x000000000000f1db      0x790 udp-client.co
 .text          0x000000000000f96b      0x734 obj_cooja/mtype597.o
                0x000000000000faa1                contiki_init
                0x000000000000feb6                Java_org_contikios_cooja_corecomm_Lib22_init
                0x000000000000fef6                Java_org_contikios_cooja_corecomm_Lib22_getMemory
                0x000000000000ff36                Java_org_contikios_cooja_corecomm_Lib22_setMemory
                0x000000000000ffad                Java_org_contikios_cooja_corecomm_Lib22_tick
                0x000000000001008d                Java_org_contikios_cooja_corecomm_Lib22_setReferenceAddress
 .text          0x000000000001009f       0x63 obj_cooja/mtype597.a(simEnvChange.o)
                0x000000000001009f                doActionsBeforeTick
                0x00000000000100d0                doActionsAfterTick
 .text          0x0000000000010102       0xbc obj_cooja/mtype597.a(cooja_mt.o)
                0x0000000000010102                cooja_mt_init
                0x000000000001010f                cooja_mt_remove
                0x000000000001011c                cooja_mt_start
                0x0000000000010149                cooja_mt_exec
                0x000000000001017a                cooja_mt_exit
                0x000000000001019c                cooja_mt_yield
 .text          0x00000000000101be      0x115 obj_cooja/mtype597.a(cooja_mtarch.o)
                0x00000000000101be                cooja_mtarch_init
                0x00000000000101c3                cooja_mtarch_start
                0x000000000001023e                cooja_sw
                0x0000000000010260                cooja_mtarch_exec
                0x000000000001027c                cooja_mtarch_remove
                0x0000000000010281                cooja_mtarch_yield
                0x000000000001028b                cooja_mtarch_pstop
                0x0000000000010290                cooja_mtarch_pstart
                0x0000000000010295                cooja_mtarch_stack_usage
 .text          0x00000000000102d3       0xc2 obj_cooja/mtype597.a(rtimer-arch.o)
                0x00000000000102d3                rtimer_arch_init
                0x00000000000102f6                rtimer_arch_schedule
                0x000000000001030d                rtimer_arch_next
                0x0000000000010317                rtimer_arch_pending
                0x0000000000010321                rtimer_arch_check
                0x0000000000010353                rtimer_arch_now
 .text          0x0000000000010395       0x76 obj_cooja/mtype597.a(beep.o)
                0x0000000000010395                beep_alarm
                0x00000000000103a1                beep_beep
                0x00000000000103ad                beep
                0x00000000000103b9                beep_down
                0x00000000000103c5                beep_on
                0x00000000000103d1                beep_off
                0x00000000000103dd                beep_spinup
                0x00000000000103e9                beep_quick
                0x00000000000103f5                beep_long
 .text          0x000000000001040b      0x103 obj_cooja/mtype597.a(button-sensor.o)
 .text          0x000000000001050e       0x45 obj_cooja/mtype597.a(leds-arch.o)
                0x000000000001050e                leds_arch_init
                0x000000000001051a                leds_arch_get
                0x0000000000010526                leds_arch_set
 .text          0x0000000000010553       0x2f obj_cooja/mtype597.a(moteid.o)
 .text          0x0000000000010582       0xb1 obj_cooja/mtype597.a(pir-sensor.o)
 .text          0x0000000000010633      0x131 obj_cooja/mtype597.a(rs232.o)
                0x0000000000010633                rs232_init
                0x0000000000010638                rs232_set_speed
                0x0000000000010646                rs232_set_input
                0x0000000000010653                rs232_send
                0x0000000000010675                rs232_print
                0x0000000000010690                slip_arch_writeb
 .text          0x0000000000010764       0xb1 obj_cooja/mtype597.a(vib-sensor.o)
 .text          0x0000000000010815       0x34 obj_cooja/mtype597.a(clock.o)
                0x0000000000010815                clock_init
                0x000000000001081a                clock_time
                0x0000000000010824                clock_seconds
                0x000000000001083a                clock_delay
 .text          0x0000000000010849      0x1ed obj_cooja/mtype597.a(log.o)
                0x0000000000010849                simlog_char
                0x000000000001088b                simlog
                0x00000000000108f8                log_message
                0x0000000000010920                log_set_putchar_with_slip
                0x000000000001092d                log_putchar
                0x00000000000109b1                log_puts
                0x00000000000109d5                log_printf
 .text          0x0000000000010a36      0x2c4 obj_cooja/mtype597.a(cfs-cooja.o)
                0x0000000000010a36                cfs_open
                0x0000000000010a9f                cfs_close
                0x0000000000010aab                cfs_read
                0x0000000000010b49                cfs_write
                0x0000000000010c26                cfs_seek
                0x0000000000010cae                cfs_remove
                0x0000000000010cd7                cfs_opendir
                0x0000000000010ce1                cfs_readdir
                0x0000000000010ceb                cfs_closedir
 .text          0x0000000000010cfa      0x3e8 obj_cooja/mtype597.a(cooja-radio.o)
                0x0000000000010d24                radio_set_channel
                0x0000000000010d31                radio_set_txpower
                0x0000000000010d48                radio_signal_strength_last
                0x0000000000010d52                radio_signal_strength_current
                0x0000000000010d5c                radio_LQI
 .text          0x00000000000110e2       0xef obj_cooja/mtype597.a(eeprom.o)
                0x00000000000110e2                eeprom_init
                0x00000000000110e7                eeprom_read
                0x0000000000011157                eeprom_write
 .text          0x00000000000111d1       0x28 obj_cooja/mtype597.a(random.o)
                0x00000000000111d1                random_init
                0x00000000000111ec                random_rand
 .text          0x00000000000111f9      0x2a1 obj_cooja/mtype597.a(sensors.o)
                0x0000000000011234                sensors_first
                0x000000000001123e                sensors_next
                0x000000000001125b                sensors_changed
                0x000000000001128a                sensors_find
 .text          0x000000000001149a       0x8e obj_cooja/mtype597.a(autostart.o)
                0x000000000001149a                autostart_start
                0x00000000000114e5                autostart_exit
 .text          0x0000000000011528      0x334 obj_cooja/mtype597.a(ctimer.o)
                0x000000000001163f                ctimer_init
                0x000000000001166f                ctimer_set
                0x00000000000116a0                ctimer_set_with_process
                0x000000000001171c                ctimer_reset
                0x000000000001176b                ctimer_restart
                0x00000000000117ba                ctimer_stop
                0x0000000000011805                ctimer_expired
 .text          0x000000000001185c      0x40b obj_cooja/mtype597.a(etimer.o)
                0x0000000000011a6f                etimer_request_poll
                0x0000000000011af3                etimer_set
                0x0000000000011b18                etimer_reset_with_new_interval
                0x0000000000011b3f                etimer_reset
                0x0000000000011b5d                etimer_restart
                0x0000000000011b7b                etimer_adjust
                0x0000000000011b97                etimer_expired
                0x0000000000011baa                etimer_expiration_time
                0x0000000000011bbc                etimer_start_time
                0x0000000000011bc6                etimer_pending
                0x0000000000011bd8                etimer_next_expiration_time
                0x0000000000011bf2                etimer_stop
 .text          0x0000000000011c67       0xdd obj_cooja/mtype597.a(log_message.o)
                0x0000000000011c67                log_initialization
                0x0000000000011d23                log_finisher
 .text          0x0000000000011d44      0x560 obj_cooja/mtype597.a(process.o)
                0x0000000000011d44                process_alloc_event
                0x0000000000011d59                process_start
                0x0000000000011f42                process_exit
                0x0000000000011f5e                process_init
                0x000000000001212f                process_run
                0x0000000000012162                process_nevents
                0x000000000001217d                process_post
                0x0000000000012229                process_post_synch
                0x0000000000012261                process_poll
                0x0000000000012290                process_is_running
 .text          0x00000000000122a4       0x8b obj_cooja/mtype597.a(residual.o)
                0x00000000000122a4                get_residual_energy
 .text          0x000000000001232f       0xba obj_cooja/mtype597.a(rtimer.o)
                0x000000000001232f                rtimer_init
                0x000000000001233c                rtimer_set
                0x0000000000012393                rtimer_run_next
 .text          0x00000000000123e9       0xa3 obj_cooja/mtype597.a(stimer.o)
                0x00000000000123e9                stimer_set
                0x0000000000012404                stimer_reset
                0x000000000001241b                stimer_restart
                0x000000000001242d                stimer_expired
                0x0000000000012454                stimer_remaining
                0x0000000000012478                stimer_elapsed
 .text          0x000000000001248c       0x91 obj_cooja/mtype597.a(timer.o)
                0x000000000001248c                timer_set
                0x00000000000124a7                timer_reset
                0x00000000000124be                timer_restart
                0x00000000000124d0                timer_expired
                0x00000000000124f9                timer_remaining
 .text          0x000000000001251d      0x1fb obj_cooja/mtype597.a(serial-line.o)
                0x000000000001251d                serial_line_input_byte
                0x00000000000126e0                serial_line_init
 .text          0x0000000000012718      0x244 obj_cooja/mtype597.a(list.o)
                0x0000000000012718                list_init
                0x0000000000012726                list_head
                0x0000000000012730                list_copy
                0x000000000001273f                list_tail
                0x0000000000012775                list_add
                0x00000000000127be                list_push
                0x00000000000127ea                list_chop
                0x0000000000012854                list_pop
                0x000000000001287c                list_remove
                0x00000000000128e3                list_length
                0x0000000000012911                list_insert
                0x0000000000012945                list_item_next
 .text          0x000000000001295c      0x155 obj_cooja/mtype597.a(ringbuf.o)
                0x000000000001295c                ringbuf_init
                0x000000000001298d                ringbuf_put
                0x0000000000012a0b                ringbuf_get
                0x0000000000012a78                ringbuf_size
                0x0000000000012a8a                ringbuf_elements
 .text          0x0000000000012ab1     0x258b obj_cooja/mtype597.a(sicslowpan.o)
                0x000000000001303b                rime_sniffer_add
                0x0000000000013048                rime_sniffer_remove
                0x0000000000014fdb                sicslowpan_init
                0x0000000000015032                sicslowpan_get_last_rssi
 .text          0x000000000001503c      0x298 obj_cooja/mtype597.a(uip-ds6-nbr.o)
                0x0000000000015059                uip_ds6_neighbors_init
                0x0000000000015076                uip_ds6_nbr_add
                0x00000000000150fe                uip_ds6_nbr_rm
                0x0000000000015140                uip_ds6_nbr_get_ipaddr
                0x0000000000015155                uip_ds6_nbr_get_ll
                0x0000000000015171                uip_ds6_nbr_num
                0x00000000000151b6                uip_ds6_nbr_lookup
                0x000000000001521b                uip_ds6_nbr_ll_lookup
                0x0000000000015237                uip_ds6_nbr_ipaddr_from_lladdr
                0x000000000001525d                uip_ds6_nbr_lladdr_from_ipaddr
                0x000000000001528b                uip_ds6_link_neighbor_callback
 .text          0x00000000000152d4      0x916 obj_cooja/mtype597.a(uip-ds6-route.o)
                0x000000000001534b                uip_ds6_notification_add
                0x000000000001537c                uip_ds6_notification_rm
                0x0000000000015398                uip_ds6_route_init
                0x0000000000015420                uip_ds6_route_nexthop
                0x0000000000015448                uip_ds6_route_head
                0x000000000001545d                uip_ds6_route_next
                0x0000000000015483                uip_ds6_route_is_nexthop
                0x00000000000154c2                uip_ds6_route_num_routes
                0x00000000000154cc                uip_ds6_route_lookup
                0x000000000001558e                uip_ds6_route_add
                0x00000000000157c2                uip_ds6_route_rm
                0x0000000000015956                uip_ds6_route_rm_by_nexthop
                0x000000000001598e                uip_ds6_defrt_add
                0x0000000000015a3f                uip_ds6_defrt_rm
                0x0000000000015abe                uip_ds6_defrt_lookup
                0x0000000000015b17                uip_ds6_defrt_choose
                0x0000000000015b82                uip_ds6_defrt_periodic
 .text          0x0000000000015bea      0xb97 obj_cooja/mtype597.a(uip-ds6.o)
                0x0000000000015bea                uip_ds6_init
                0x0000000000015dbd                uip_ds6_periodic
                0x0000000000015e36                uip_ds6_list_loop
                0x0000000000015edd                uip_ds6_prefix_add
                0x0000000000015f9b                uip_ds6_prefix_rm
                0x0000000000015fad                uip_ds6_prefix_lookup
                0x0000000000015ffe                uip_ds6_is_addr_onlink
                0x0000000000016072                uip_ds6_addr_add
                0x00000000000161a0                uip_ds6_addr_rm
                0x0000000000016240                uip_ds6_addr_lookup
                0x000000000001628b                uip_ds6_get_link_local
                0x000000000001630a                uip_ds6_get_global
                0x0000000000016389                uip_ds6_maddr_add
                0x00000000000163fb                uip_ds6_maddr_rm
                0x000000000001640d                uip_ds6_maddr_lookup
                0x0000000000016458                uip_ds6_aaddr_add
                0x00000000000164ca                uip_ds6_aaddr_rm
                0x00000000000164dc                uip_ds6_aaddr_lookup
                0x0000000000016527                uip_ds6_select_src
                0x000000000001666c                uip_ds6_set_addr_iid
                0x00000000000166a3                get_match_length
                0x0000000000016735                uip_ds6_compute_reachable_time
 .text          0x0000000000016781     0x29cb obj_cooja/mtype597.a(uip6.o)
                0x0000000000016781                uip_add32
                0x000000000001691a                uip_chksum
                0x0000000000016a08                uip_icmp6chksum
                0x0000000000016a1c                uip_tcpchksum
                0x0000000000016a30                uip_udpchksum
                0x0000000000016a44                uip_init
                0x0000000000016b14                uip_connect
                0x0000000000016cc3                remove_ext_hdr
                0x0000000000016d98                uip_udp_new
                0x0000000000016ef4                uip_unlisten
                0x0000000000016f54                uip_listen
                0x0000000000017216                uip_process
                0x0000000000019040                uip_htons
                0x0000000000019062                uip_htonl
                0x00000000000190a2                uip_send
 .text          0x000000000001914c      0xa2b obj_cooja/mtype597.a(tcpip.o)
                0x000000000001914c                tcpip_output
                0x000000000001917a                tcpip_set_outputfunc
                0x000000000001920e                tcp_connect
                0x0000000000019263                tcp_unlisten
                0x00000000000192be                tcp_listen
                0x0000000000019317                tcp_attach
                0x000000000001933c                udp_attach
                0x0000000000019361                udp_new
                0x00000000000193b3                udp_broadcast_new
                0x0000000000019627                tcpip_input
                0x000000000001965b                tcpip_ipv6_output
                0x00000000000199bd                tcpip_poll_udp
                0x00000000000199e0                tcpip_poll_tcp
                0x0000000000019a03                tcpip_uipcall
 .text          0x0000000000019b77      0x1c1 obj_cooja/mtype597.a(uip-debug.o)
                0x0000000000019b77                uip_debug_ipaddr_print
                0x0000000000019cd9                uip_debug_lladdr_print
 .text          0x0000000000019d38      0x141 obj_cooja/mtype597.a(uip-packetqueue)
                0x0000000000019d64                uip_packetqueue_new
                0x0000000000019d72                uip_packetqueue_alloc
                0x0000000000019dd2                uip_packetqueue_free
                0x0000000000019e13                uip_packetqueue_buf
                0x0000000000019e30                uip_packetqueue_buflen
                0x0000000000019e51                uip_packetqueue_set_buflen
 .text          0x0000000000019e79      0x131 obj_cooja/mtype597.a(uip-udp-packet.)
                0x0000000000019e79                uip_udp_packet_send
                0x0000000000019ed9                uip_udp_packet_sendto
 .text          0x0000000000019faa     0x25c7 obj_cooja/mtype597.a(rpl-dag.o)
                0x0000000000019faa                rpl_print_neighbor_list
                0x000000000001a053                rpl_print_child_neighbor_list
                0x000000000001a0c8                rpl_get_nbr
                0x000000000001a122                rpl_get_nbr_child
                0x000000000001a17c                rpl_dag_init
                0x000000000001a1ae                rpl_get_parent
                0x000000000001a1d0                rpl_get_parent_rank
                0x000000000001a203                rpl_get_parent_link_metric
                0x000000000001a236                rpl_get_parent_ipaddr
                0x000000000001a260                rpl_get_child_ipaddr
                0x000000000001a57b                rpl_set_root
                0x000000000001a7a9                rpl_repair_root
                0x000000000001a9e5                rpl_set_prefix
                0x000000000001aae4                rpl_set_default_route
                0x000000000001ab70                rpl_alloc_instance
                0x000000000001ac03                rpl_alloc_dag
                0x000000000001acb6                rpl_set_default_instance
                0x000000000001acc3                rpl_get_default_instance
                0x000000000001accd                rpl_free_instance
                0x000000000001ad7e                rpl_free_dag
                0x000000000001ade4                rpl_add_parent
                0x000000000001aecd                rpl_find_parent
                0x000000000001aefd                rpl_add_child
                0x000000000001afa1                rpl_find_child
                0x000000000001afef                rpl_find_parent_any_dag
                0x000000000001b02b                rpl_select_dag
                0x000000000001b44e                rpl_select_parent
                0x000000000001b4b0                rpl_remove_parent
                0x000000000001b4e6                rpl_remove_child
                0x000000000001b502                rpl_nullify_parent
                0x000000000001b5a0                rpl_move_parent
                0x000000000001b63d                rpl_has_downward_route
                0x000000000001b690                rpl_get_any_dag
                0x000000000001b6f2                rpl_get_instance
                0x000000000001b755                rpl_find_of
                0x000000000001b792                rpl_join_instance
                0x000000000001ba14                rpl_add_dag
                0x000000000001be03                rpl_local_repair
                0x000000000001bedc                rpl_recalculate_ranks
                0x000000000001bf62                rpl_process_parent_event
                0x000000000001c014                rpl_process_dio
 .text          0x000000000001c571      0xbf3 obj_cooja/mtype597.a(rpl-ext-header.)
                0x000000000001c58e                rpl_verify_header
                0x000000000001ca08                rpl_update_header_empty
                0x000000000001cd1f                rpl_update_header_final
                0x000000000001ceae                rpl_remove_header
                0x000000000001cfb8                rpl_invert_header
                0x000000000001d142                rpl_insert_header
 .text          0x000000000001d164     0x28e4 obj_cooja/mtype597.a(rpl-icmp6.o)
                0x000000000001d473                rpl_icmp6_update_nbr_table
                0x000000000001d640                dis_output
                0x000000000001e2c0                dio_output
                0x000000000001f598                dao_output
                0x000000000001f66c                dao_output_target
                0x000000000001f9fc                dao_ack_output
                0x000000000001fa10                rpl_icmp6_register_handlers
 .text          0x000000000001fa48      0x334 obj_cooja/mtype597.a(rpl-ltmax.o)
 .text          0x000000000001fd7c      0x7c2 obj_cooja/mtype597.a(rpl-timers.o)
                0x000000000001ffd1                rpl_reset_periodic_timer
                0x0000000000020026                rpl_reset_dio_timer
                0x0000000000020260                rpl_schedule_dao
                0x000000000002027b                rpl_schedule_dao_immediately
                0x0000000000020296                rpl_cancel_dao
                0x00000000000202f8                rpl_schedule_unicast_dio_immediately
                0x00000000000204e6                rpl_schedule_probing
 .text          0x000000000002053e      0x5c5 obj_cooja/mtype597.a(rpl.o)
                0x000000000002053e                rpl_get_mode
                0x0000000000020548                rpl_set_mode
                0x00000000000205d6                rpl_purge_routes
                0x00000000000206d0                rpl_remove_routes
                0x0000000000020716                rpl_remove_routes_by_nexthop
                0x0000000000020782                rpl_add_route
                0x00000000000207fd                rpl_link_neighbor_callback
                0x0000000000020902                rpl_ipv6_neighbor_callback
                0x0000000000020971                rpl_purge_dags
                0x0000000000020a7d                rpl_init
 .text          0x0000000000020b03      0x3f5 obj_cooja/mtype597.a(framer-802154.o)
 .text          0x0000000000020ef8       0x5e obj_cooja/mtype597.a(nullmac.o)
 .text          0x0000000000020f56      0xc0c obj_cooja/mtype597.a(cxmac.o)
                0x0000000000021ac3                cxmac_set_announcement_radio_txpower
                0x0000000000021ac8                cxmac_init
 .text          0x0000000000021b62       0x67 obj_cooja/mtype597.a(linkaddr.o)
                0x0000000000021b62                linkaddr_copy
                0x0000000000021b84                linkaddr_cmp
                0x0000000000021bae                linkaddr_set_node_addr
 .text          0x0000000000021bc9      0x769 obj_cooja/mtype597.a(nbr-table.o)
                0x0000000000022028                nbr_table_register
                0x0000000000022070                nbr_table_head
                0x00000000000220cc                nbr_table_next
                0x0000000000022133                nbr_table_add_lladdr
                0x000000000002220f                nbr_table_get_from_lladdr
                0x000000000002225c                nbr_table_remove
                0x00000000000222ae                nbr_table_lock
                0x00000000000222d8                nbr_table_unlock
                0x0000000000022302                nbr_table_get_lladdr
 .text          0x0000000000022332       0x2b obj_cooja/mtype597.a(netstack.o)
                0x0000000000022332                netstack_init
 .text          0x000000000002235d      0x3cd obj_cooja/mtype597.a(packetbuf.o)
                0x000000000002235d                packetbuf_clear
                0x0000000000022387                packetbuf_copyfrom
                0x00000000000223d9                packetbuf_compact
                0x0000000000022456                packetbuf_copyto
                0x00000000000224ed                packetbuf_hdralloc
                0x000000000002256a                packetbuf_hdrreduce
                0x00000000000225b2                packetbuf_set_datalen
                0x00000000000225cb                packetbuf_dataptr
                0x00000000000225e8                packetbuf_hdrptr
                0x00000000000225f2                packetbuf_datalen
                0x00000000000225fe                packetbuf_hdrlen
                0x0000000000022615                packetbuf_totlen
                0x000000000002262b                packetbuf_attr_clear
                0x000000000002267d                packetbuf_attr_copyto
                0x00000000000226c6                packetbuf_attr_copyfrom
                0x000000000002270e                packetbuf_holds_broadcast
 .text          0x000000000002272a      0x2b4 obj_cooja/mtype597.a(queuebuf.o)
                0x0000000000022734                queuebuf_init
                0x0000000000022754                queuebuf_numfree
                0x0000000000022768                queuebuf_new_from_packetbuf
                0x00000000000227f8                queuebuf_update_attr_from_packetbuf
                0x000000000002282b                queuebuf_update_from_packetbuf
                0x0000000000022875                queuebuf_free
                0x00000000000228bc                queuebuf_to_packetbuf
                0x0000000000022922                queuebuf_dataptr
                0x0000000000022959                queuebuf_datalen
                0x000000000002297c                queuebuf_addr
                0x00000000000229ae                queuebuf_attr
                0x00000000000229d9                queuebuf_debug_print
 .text          0x00000000000229de       0x6e obj_cooja/mtype597.a(nullsec.o)
 .text          0x0000000000022a4c       0x19 obj_cooja/mtype597.a(watchdog.o)
                0x0000000000022a4c                watchdog_init
                0x0000000000022a51                watchdog_start
                0x0000000000022a56                watchdog_periodic
                0x0000000000022a5b                watchdog_stop
                0x0000000000022a60                watchdog_reboot
 .text          0x0000000000022a65        0x0 obj_cooja/mtype597.a(rimestats.o)
 .text          0x0000000000022a65      0x134 obj_cooja/mtype597.a(leds.o)
                0x0000000000022ab6                leds_init
                0x0000000000022aca                leds_blink
                0x0000000000022b02                leds_get
                0x0000000000022b0f                leds_set
                0x0000000000022b29                leds_on
                0x0000000000022b4c                leds_off
                0x0000000000022b76                leds_toggle
 .text          0x0000000000022b99      0x1c1 obj_cooja/mtype597.a(memb.o)
                0x0000000000022b99                memb_init
                0x0000000000022bf7                memb_alloc
                0x0000000000022c5c                memb_free
                0x0000000000022cd7                memb_inmemb
                0x0000000000022d16                memb_numfree
 .text          0x0000000000022d5a      0xab2 obj_cooja/mtype597.a(uip-icmp6.o)
                0x0000000000022dc8                uip_icmp6_input
                0x0000000000022e1e                uip_icmp6_register_input_handler
                0x00000000000230e6                uip_icmp6_error_output
                0x000000000002342b                uip_icmp6_send
                0x000000000002379f                uip_icmp6_echo_reply_callback_add
                0x00000000000237d0                uip_icmp6_echo_reply_callback_rm
                0x00000000000237ec                uip_icmp6_init
 .text          0x000000000002380c      0x358 obj_cooja/mtype597.a(uip-nd6.o)
                0x0000000000023860                uip_nd6_ns_output
                0x0000000000023b5f                uip_nd6_init
 .text          0x0000000000023b64      0x331 obj_cooja/mtype597.a(rpl-nbr-policy.)
                0x0000000000023d3c                find_removable_dis
                0x0000000000023d5f                find_removable_dio
                0x0000000000023dee                find_removable_dao
                0x0000000000023e3e                rpl_nbr_policy_find_removable
 .text          0x0000000000023e95      0x97c obj_cooja/mtype597.a(frame802154.o)
                0x0000000000023ec6                frame802154_get_pan_id
                0x0000000000023ed2                frame802154_set_pan_id
                0x0000000000023eeb                frame802154_has_panid
                0x0000000000023fd7                frame802154_check_dest_panid
                0x000000000002403f                frame802154_is_broadcast_addr
                0x000000000002408c                frame802154_extract_linkaddr
                0x00000000000242cc                frame802154_hdrlen
                0x000000000002431d                frame802154_create
                0x0000000000024508                frame802154_parse
 .text          0x0000000000024811       0x3c obj_cooja/mtype597.a(mac.o)
                0x0000000000024811                mac_call_sent_callback
 .text          0x000000000002484d        0x0 /usr/lib/gcc/i686-linux-gnu/4.8/crtendS.o
 .text          0x000000000002484d        0x0 /usr/lib/gcc/i686-linux-gnu/4.8/../../../i386-linux-gnu/crtn.o
 *(.gnu.warning)

.fini           0x0000000000024850       0x14
 *(SORT(.fini))
 .fini          0x0000000000024850        0xf /usr/lib/gcc/i686-linux-gnu/4.8/../../../i386-linux-gnu/crti.o
                0x0000000000024850                _fini
 .fini          0x000000000002485f        0x5 /usr/lib/gcc/i686-linux-gnu/4.8/../../../i386-linux-gnu/crtn.o
                0x0000000000024864                PROVIDE (__etext, .)
                0x0000000000024864                PROVIDE (_etext, .)
                0x0000000000024864                PROVIDE (etext, .)

.rodata         0x0000000000024880     0x1420
 *(.rodata .rodata.* .gnu.linkonce.r.*)
 .rodata        0x0000000000024880      0x2da udp-client.co
                0x0000000000024894                autostart_processes
 *fill*         0x0000000000024b5a        0x2 
 .rodata        0x0000000000024b5c      0x157 obj_cooja/mtype597.o
 *fill*         0x0000000000024cb3        0x1 
 .rodata        0x0000000000024cb4        0x8 obj_cooja/mtype597.a(beep.o)
                0x0000000000024cb4                beep_interface
 .rodata        0x0000000000024cbc       0x20 obj_cooja/mtype597.a(button-sensor.o)
                0x0000000000024cbc                button_interface
                0x0000000000024ccc                button_sensor
 .rodata        0x0000000000024cdc        0x8 obj_cooja/mtype597.a(leds-arch.o)
                0x0000000000024cdc                leds_interface
 .rodata        0x0000000000024ce4        0x8 obj_cooja/mtype597.a(moteid.o)
                0x0000000000024ce4                moteid_interface
 .rodata        0x0000000000024cec       0x1c obj_cooja/mtype597.a(pir-sensor.o)
                0x0000000000024cec                pir_interface
                0x0000000000024cf8                pir_sensor
 .rodata        0x0000000000024d08        0xe obj_cooja/mtype597.a(rs232.o)
                0x0000000000024d08                rs232_interface
 *fill*         0x0000000000024d16        0x2 
 .rodata        0x0000000000024d18       0x24 obj_cooja/mtype597.a(vib-sensor.o)
                0x0000000000024d18                vib_interface
                0x0000000000024d2c                vib_sensor
 .rodata        0x0000000000024d3c        0x8 obj_cooja/mtype597.a(clock.o)
                0x0000000000024d3c                clock_interface
 .rodata        0x0000000000024d44        0x8 obj_cooja/mtype597.a(log.o)
                0x0000000000024d44                simlog_interface
 .rodata        0x0000000000024d4c       0x2f obj_cooja/mtype597.a(cfs-cooja.o)
                0x0000000000024d4c                cfs_interface
 *fill*         0x0000000000024d7b        0x5 
 .rodata        0x0000000000024d80       0x60 obj_cooja/mtype597.a(cooja-radio.o)
                0x0000000000024da0                cooja_radio_driver
                0x0000000000024dd8                radio_interface
 .rodata        0x0000000000024de0        0x8 obj_cooja/mtype597.a(eeprom.o)
                0x0000000000024de0                eeprom_interface
 .rodata        0x0000000000024de8        0x8 obj_cooja/mtype597.a(sensors.o)
 .rodata        0x0000000000024df0        0xf obj_cooja/mtype597.a(ctimer.o)
 .rodata        0x0000000000024dff        0xc obj_cooja/mtype597.a(etimer.o)
 *fill*         0x0000000000024e0b        0x1 
 .rodata        0x0000000000024e0c       0x73 obj_cooja/mtype597.a(log_message.o)
 *fill*         0x0000000000024e7f        0x1 
 .rodata        0x0000000000024e80       0x20 obj_cooja/mtype597.a(residual.o)
 .rodata        0x0000000000024ea0        0xe obj_cooja/mtype597.a(serial-line.o)
 *fill*         0x0000000000024eae        0x2 
 .rodata        0x0000000000024eb0       0x2c obj_cooja/mtype597.a(sicslowpan.o)
                0x0000000000024eb0                unc_llconf
                0x0000000000024eb4                unc_ctxconf
                0x0000000000024eb8                unc_mxconf
                0x0000000000024ebc                llprefix
                0x0000000000024ed0                sicslowpan_driver
 .rodata        0x0000000000024edc      0x13c obj_cooja/mtype597.a(uip6.o)
 .rodata        0x0000000000025018       0x49 obj_cooja/mtype597.a(tcpip.o)
 .rodata        0x0000000000025061       0x3e obj_cooja/mtype597.a(uip-debug.o)
 *fill*         0x000000000002509f        0x1 
 .rodata        0x00000000000250a0        0x4 obj_cooja/mtype597.a(rpl-dag.o)
 .rodata        0x00000000000250a4      0xb58 obj_cooja/mtype597.a(rpl-icmp6.o)
 .rodata        0x0000000000025bfc        0xc obj_cooja/mtype597.a(framer-802154.o)
                0x0000000000025bfc                framer_802154
 .rodata        0x0000000000025c08       0x24 obj_cooja/mtype597.a(nullmac.o)
                0x0000000000025c10                nullmac_driver
 *fill*         0x0000000000025c2c       0x14 
 .rodata        0x0000000000025c40       0x40 obj_cooja/mtype597.a(cxmac.o)
                0x0000000000025c60                cxmac_driver
 .rodata        0x0000000000025c80        0x8 obj_cooja/mtype597.a(linkaddr.o)
                0x0000000000025c80                linkaddr_null
 .rodata        0x0000000000025c88       0x18 obj_cooja/mtype597.a(nullsec.o)
                0x0000000000025c90                nullsec_driver

.rodata1
 *(.rodata1)

.eh_frame_hdr   0x0000000000025ca0     0x12f4
 *(.eh_frame_hdr)
 .eh_frame_hdr  0x0000000000025ca0     0x12f4 udp-client.co

.eh_frame       0x0000000000026f94     0x4d2c
 *(.eh_frame)
 .eh_frame      0x0000000000026f94       0x3c /usr/lib/gcc/i686-linux-gnu/4.8/../../../i386-linux-gnu/crti.o
                                         0x40 (size before relaxing)
 .eh_frame      0x0000000000026fd0       0xb4 udp-client.co
                                         0xcc (size before relaxing)
 .eh_frame      0x0000000000027084      0x148 obj_cooja/mtype597.o
                                        0x160 (size before relaxing)
 .eh_frame      0x00000000000271cc       0x40 obj_cooja/mtype597.a(simEnvChange.o)
                                         0x58 (size before relaxing)
 .eh_frame      0x000000000002720c       0xc0 obj_cooja/mtype597.a(cooja_mt.o)
                                         0xd8 (size before relaxing)
 .eh_frame      0x00000000000272cc      0x120 obj_cooja/mtype597.a(cooja_mtarch.o)
                                        0x138 (size before relaxing)
 .eh_frame      0x00000000000273ec       0xc0 obj_cooja/mtype597.a(rtimer-arch.o)
                                         0xd8 (size before relaxing)
 .eh_frame      0x00000000000274ac      0x160 obj_cooja/mtype597.a(beep.o)
                                        0x178 (size before relaxing)
 .eh_frame      0x000000000002760c       0xa0 obj_cooja/mtype597.a(button-sensor.o)
                                         0xb8 (size before relaxing)
 .eh_frame      0x00000000000276ac       0xa0 obj_cooja/mtype597.a(leds-arch.o)
                                         0xb8 (size before relaxing)
 .eh_frame      0x000000000002774c       0x40 obj_cooja/mtype597.a(moteid.o)
                                         0x58 (size before relaxing)
 .eh_frame      0x000000000002778c       0xa0 obj_cooja/mtype597.a(pir-sensor.o)
                                         0xb8 (size before relaxing)
 .eh_frame      0x000000000002782c      0x100 obj_cooja/mtype597.a(rs232.o)
                                        0x118 (size before relaxing)
 .eh_frame      0x000000000002792c       0xa0 obj_cooja/mtype597.a(vib-sensor.o)
                                         0xb8 (size before relaxing)
 .eh_frame      0x00000000000279cc       0xc0 obj_cooja/mtype597.a(clock.o)
                                         0xd8 (size before relaxing)
 .eh_frame      0x0000000000027a8c      0x120 obj_cooja/mtype597.a(log.o)
                                        0x138 (size before relaxing)
 .eh_frame      0x0000000000027bac      0x160 obj_cooja/mtype597.a(cfs-cooja.o)
                                        0x178 (size before relaxing)
 .eh_frame      0x0000000000027d0c      0x2e0 obj_cooja/mtype597.a(cooja-radio.o)
                                        0x2f8 (size before relaxing)
 .eh_frame      0x0000000000027fec       0xa0 obj_cooja/mtype597.a(eeprom.o)
                                         0xb8 (size before relaxing)
 .eh_frame      0x000000000002808c       0x40 obj_cooja/mtype597.a(random.o)
                                         0x58 (size before relaxing)
 .eh_frame      0x00000000000280cc       0xc0 obj_cooja/mtype597.a(sensors.o)
                                         0xd8 (size before relaxing)
 .eh_frame      0x000000000002818c       0x40 obj_cooja/mtype597.a(autostart.o)
                                         0x58 (size before relaxing)
 .eh_frame      0x00000000000281cc      0x100 obj_cooja/mtype597.a(ctimer.o)
                                        0x118 (size before relaxing)
 .eh_frame      0x00000000000282cc      0x1e0 obj_cooja/mtype597.a(etimer.o)
                                        0x1f8 (size before relaxing)
 .eh_frame      0x00000000000284ac       0x40 obj_cooja/mtype597.a(log_message.o)
                                         0x58 (size before relaxing)
 .eh_frame      0x00000000000284ec      0x1c8 obj_cooja/mtype597.a(process.o)
                                        0x1e0 (size before relaxing)
 .eh_frame      0x00000000000286b4       0x2c obj_cooja/mtype597.a(residual.o)
                                         0x44 (size before relaxing)
 .eh_frame      0x00000000000286e0       0x60 obj_cooja/mtype597.a(rtimer.o)
                                         0x78 (size before relaxing)
 .eh_frame      0x0000000000028740       0xc4 obj_cooja/mtype597.a(stimer.o)
                                         0xdc (size before relaxing)
 .eh_frame      0x0000000000028804       0xa4 obj_cooja/mtype597.a(timer.o)
                                         0xbc (size before relaxing)
 .eh_frame      0x00000000000288a8       0x60 obj_cooja/mtype597.a(serial-line.o)
                                         0x78 (size before relaxing)
 .eh_frame      0x0000000000028908      0x180 obj_cooja/mtype597.a(list.o)
                                        0x198 (size before relaxing)
 .eh_frame      0x0000000000028a88       0xa0 obj_cooja/mtype597.a(ringbuf.o)
                                         0xb8 (size before relaxing)
 .eh_frame      0x0000000000028b28      0x350 obj_cooja/mtype597.a(sicslowpan.o)
                                        0x368 (size before relaxing)
 .eh_frame      0x0000000000028e78      0x180 obj_cooja/mtype597.a(uip-ds6-nbr.o)
                                        0x198 (size before relaxing)
 .eh_frame      0x0000000000028ff8      0x2a0 obj_cooja/mtype597.a(uip-ds6-route.o)
                                        0x2b8 (size before relaxing)
 .eh_frame      0x0000000000029298      0x2c8 obj_cooja/mtype597.a(uip-ds6.o)
                                        0x2e0 (size before relaxing)
 .eh_frame      0x0000000000029560      0x27c obj_cooja/mtype597.a(uip6.o)
                                        0x294 (size before relaxing)
 .eh_frame      0x00000000000297dc      0x270 obj_cooja/mtype597.a(tcpip.o)
                                        0x288 (size before relaxing)
 .eh_frame      0x0000000000029a4c       0x48 obj_cooja/mtype597.a(uip-debug.o)
                                         0x60 (size before relaxing)
 .eh_frame      0x0000000000029a94       0xe0 obj_cooja/mtype597.a(uip-packetqueue)
                                         0xf8 (size before relaxing)
 .eh_frame      0x0000000000029b74       0x40 obj_cooja/mtype597.a(uip-udp-packet.)
                                         0x58 (size before relaxing)
 .eh_frame      0x0000000000029bb4      0x74c obj_cooja/mtype597.a(rpl-dag.o)
                                        0x764 (size before relaxing)
 .eh_frame      0x000000000002a300      0x10c obj_cooja/mtype597.a(rpl-ext-header.)
                                        0x124 (size before relaxing)
 .eh_frame      0x000000000002a40c      0x2c8 obj_cooja/mtype597.a(rpl-icmp6.o)
                                        0x2e0 (size before relaxing)
 .eh_frame      0x000000000002a6d4       0xe0 obj_cooja/mtype597.a(rpl-ltmax.o)
                                         0xf8 (size before relaxing)
 .eh_frame      0x000000000002a7b4      0x20c obj_cooja/mtype597.a(rpl-timers.o)
                                        0x224 (size before relaxing)
 .eh_frame      0x000000000002a9c0      0x148 obj_cooja/mtype597.a(rpl.o)
                                        0x160 (size before relaxing)
 .eh_frame      0x000000000002ab08      0x108 obj_cooja/mtype597.a(framer-802154.o)
                                        0x120 (size before relaxing)
 .eh_frame      0x000000000002ac10       0xc0 obj_cooja/mtype597.a(nullmac.o)
                                         0xd8 (size before relaxing)
 .eh_frame      0x000000000002acd0      0x27c obj_cooja/mtype597.a(cxmac.o)
                                        0x294 (size before relaxing)
 .eh_frame      0x000000000002af4c       0x60 obj_cooja/mtype597.a(linkaddr.o)
                                         0x78 (size before relaxing)
 .eh_frame      0x000000000002afac      0x26c obj_cooja/mtype597.a(nbr-table.o)
                                        0x284 (size before relaxing)
 .eh_frame      0x000000000002b218       0x20 obj_cooja/mtype597.a(netstack.o)
                                         0x38 (size before relaxing)
 .eh_frame      0x000000000002b238      0x214 obj_cooja/mtype597.a(packetbuf.o)
                                        0x22c (size before relaxing)
 .eh_frame      0x000000000002b44c      0x1a0 obj_cooja/mtype597.a(queuebuf.o)
                                        0x1b8 (size before relaxing)
 .eh_frame      0x000000000002b5ec       0x80 obj_cooja/mtype597.a(nullsec.o)
                                         0x98 (size before relaxing)
 .eh_frame      0x000000000002b66c       0xa0 obj_cooja/mtype597.a(watchdog.o)
                                         0xb8 (size before relaxing)
 .eh_frame      0x000000000002b70c      0x100 obj_cooja/mtype597.a(leds.o)
                                        0x118 (size before relaxing)
 .eh_frame      0x000000000002b80c       0xa0 obj_cooja/mtype597.a(memb.o)
                                         0xb8 (size before relaxing)
 .eh_frame      0x000000000002b8ac      0x164 obj_cooja/mtype597.a(uip-icmp6.o)
                                        0x17c (size before relaxing)
 .eh_frame      0x000000000002ba10       0x68 obj_cooja/mtype597.a(uip-nd6.o)
                                         0x80 (size before relaxing)
 .eh_frame      0x000000000002ba78       0xc0 obj_cooja/mtype597.a(rpl-nbr-policy.)
                                         0xd8 (size before relaxing)
 .eh_frame      0x000000000002bb38      0x164 obj_cooja/mtype597.a(frame802154.o)
                                        0x17c (size before relaxing)
 .eh_frame      0x000000000002bc9c       0x20 obj_cooja/mtype597.a(mac.o)
                                         0x38 (size before relaxing)
 .eh_frame      0x000000000002bcbc        0x4 /usr/lib/gcc/i686-linux-gnu/4.8/crtendS.o

.gcc_except_table
 *(.gcc_except_table .gcc_except_table.*)

.exception_ranges
 *(.exception_ranges .exception_ranges*)
                0x000000000002bcc0                . = (ALIGN (0x1000) - ((0x1000 - .) & 0xfff))
                0x000000000002cef8                . = DATA_SEGMENT_ALIGN (0x1000, 0x1000)

.eh_frame
 *(.eh_frame)

.gcc_except_table
 *(.gcc_except_table .gcc_except_table.*)

.exception_ranges
 *(.exception_ranges .exception_ranges*)

.tdata
 *(.tdata .tdata.* .gnu.linkonce.td.*)

.tbss
 *(.tbss .tbss.* .gnu.linkonce.tb.*)
 *(.tcommon)

.preinit_array
 *(.preinit_array)

.init_array     0x000000000002cef8        0x4
 *(SORT(.init_array.*) SORT(.ctors.*))
 *(.init_array EXCLUDE_FILE(*crtend?.o *crtend.o *crtbegin?.o *crtbegin.o) .ctors)
 .init_array    0x000000000002cef8        0x4 /usr/lib/gcc/i686-linux-gnu/4.8/crtbeginS.o

.fini_array     0x000000000002cefc        0x4
 *(SORT(.fini_array.*) SORT(.dtors.*))
 *(.fini_array EXCLUDE_FILE(*crtend?.o *crtend.o *crtbegin?.o *crtbegin.o) .dtors)
 .fini_array    0x000000000002cefc        0x4 /usr/lib/gcc/i686-linux-gnu/4.8/crtbeginS.o

.ctors
 *crtbegin.o(.ctors)
 *crtbegin?.o(.ctors)
 *(EXCLUDE_FILE(*crtend?.o *crtend.o) .ctors)
 *(SORT(.ctors.*))
 *(.ctors)

.dtors
 *crtbegin.o(.dtors)
 *crtbegin?.o(.dtors)
 *(EXCLUDE_FILE(*crtend?.o *crtend.o) .dtors)
 *(SORT(.dtors.*))
 *(.dtors)

.jcr            0x000000000002cf00        0x4
 *(.jcr)
 .jcr           0x000000000002cf00        0x0 /usr/lib/gcc/i686-linux-gnu/4.8/crtbeginS.o
 .jcr           0x000000000002cf00        0x4 /usr/lib/gcc/i686-linux-gnu/4.8/crtendS.o

.data.rel.ro
 *(.data.rel.ro.local* .gnu.linkonce.d.rel.ro.local.*)
 *(.data.rel.ro .data.rel.ro.* .gnu.linkonce.d.rel.ro.*)

.dynamic        0x000000000002cf04       0xe8
 *(.dynamic)
 .dynamic       0x000000000002cf04       0xe8 /usr/lib/gcc/i686-linux-gnu/4.8/../../../i386-linux-gnu/crti.o
                0x000000000002cf04                _DYNAMIC

.got            0x000000000002cfec       0x14
 *(.got)
 .got           0x000000000002cfec       0x14 /usr/lib/gcc/i686-linux-gnu/4.8/../../../i386-linux-gnu/crti.o
 *(.igot)
                0x000000000002dff4                . = DATA_SEGMENT_RELRO_END (., (SIZEOF (.got.plt) >= 0xc)?0xc:0x0)

.got.plt        0x000000000002d000       0x14
 *(.got.plt)
 .got.plt       0x000000000002d000       0x14 /usr/lib/gcc/i686-linux-gnu/4.8/../../../i386-linux-gnu/crti.o
                0x000000000002d000                _GLOBAL_OFFSET_TABLE_
 *(.igot.plt)

.data           0x000000000002d020      0x252
 *(.data .data.* .gnu.linkonce.d.*)
 .data          0x000000000002d020        0x0 /usr/lib/gcc/i686-linux-gnu/4.8/../../../i386-linux-gnu/crti.o
 .data          0x000000000002d020        0x0 /usr/lib/gcc/i686-linux-gnu/4.8/crtbeginS.o
 .data.rel      0x000000000002d020        0x4 /usr/lib/gcc/i686-linux-gnu/4.8/crtbeginS.o
                0x000000000002d020                __dso_handle
 .data          0x000000000002d024       0x10 udp-client.co
                0x000000000002d024                udp_client_process
 *fill*         0x000000000002d034        0xc 
 .data          0x000000000002d040       0x44 obj_cooja/mtype597.o
                0x000000000002d040                simInterfaces
                0x000000000002d074                sensors
 .data          0x000000000002d084        0x0 obj_cooja/mtype597.a(simEnvChange.o)
 .data          0x000000000002d084        0x0 obj_cooja/mtype597.a(cooja_mt.o)
 .data          0x000000000002d084        0x0 obj_cooja/mtype597.a(cooja_mtarch.o)
 .data          0x000000000002d084        0x0 obj_cooja/mtype597.a(rtimer-arch.o)
 .data          0x000000000002d084        0x0 obj_cooja/mtype597.a(beep.o)
 .data          0x000000000002d084        0x0 obj_cooja/mtype597.a(button-sensor.o)
 .data          0x000000000002d084        0x0 obj_cooja/mtype597.a(leds-arch.o)
 .data          0x000000000002d084        0x0 obj_cooja/mtype597.a(moteid.o)
 .data          0x000000000002d084        0x0 obj_cooja/mtype597.a(pir-sensor.o)
 .data          0x000000000002d084        0x0 obj_cooja/mtype597.a(rs232.o)
 .data          0x000000000002d084        0x0 obj_cooja/mtype597.a(vib-sensor.o)
 .data          0x000000000002d084        0x0 obj_cooja/mtype597.a(clock.o)
 .data          0x000000000002d084        0x0 obj_cooja/mtype597.a(log.o)
 .data          0x000000000002d084        0x0 obj_cooja/mtype597.a(cfs-cooja.o)
 .data          0x000000000002d084       0x40 obj_cooja/mtype597.a(cooja-radio.o)
                0x000000000002d084                simRadioChannelLR
                0x000000000002d088                simRadioHWOnLR
                0x000000000002d08c                simSignalStrengthLR
                0x000000000002d090                simLastSignalStrengthLR
                0x000000000002d094                simPowerLR
                0x000000000002d098                simLQILR
                0x000000000002d09c                simRadioChannel
                0x000000000002d0a0                simRadioHWOn
                0x000000000002d0a4                simSignalStrength
                0x000000000002d0a8                simLastSignalStrength
                0x000000000002d0ac                simPower
                0x000000000002d0b0                simLQI
                0x000000000002d0b4                cooja_radio_process
 .data          0x000000000002d0c4        0x0 obj_cooja/mtype597.a(eeprom.o)
 .data          0x000000000002d0c4        0x0 obj_cooja/mtype597.a(random.o)
 .data          0x000000000002d0c4       0x10 obj_cooja/mtype597.a(sensors.o)
                0x000000000002d0c4                sensors_process
 .data          0x000000000002d0d4        0x0 obj_cooja/mtype597.a(autostart.o)
 .data          0x000000000002d0d4       0x14 obj_cooja/mtype597.a(ctimer.o)
                0x000000000002d0d8                ctimer_process
 .data          0x000000000002d0e8       0x10 obj_cooja/mtype597.a(etimer.o)
                0x000000000002d0e8                etimer_process
 .data          0x000000000002d0f8        0x0 obj_cooja/mtype597.a(log_message.o)
 .data          0x000000000002d0f8        0x0 obj_cooja/mtype597.a(process.o)
 .data          0x000000000002d0f8        0x0 obj_cooja/mtype597.a(residual.o)
 .data          0x000000000002d0f8        0x0 obj_cooja/mtype597.a(rtimer.o)
 .data          0x000000000002d0f8        0x0 obj_cooja/mtype597.a(stimer.o)
 .data          0x000000000002d0f8        0x0 obj_cooja/mtype597.a(timer.o)
 .data          0x000000000002d0f8       0x10 obj_cooja/mtype597.a(serial-line.o)
                0x000000000002d0f8                serial_line_process
 .data          0x000000000002d108        0x0 obj_cooja/mtype597.a(list.o)
 .data          0x000000000002d108        0x0 obj_cooja/mtype597.a(ringbuf.o)
 .data          0x000000000002d108        0x0 obj_cooja/mtype597.a(sicslowpan.o)
 .data          0x000000000002d108       0x14 obj_cooja/mtype597.a(uip-ds6-nbr.o)
                0x000000000002d118                ds6_neighbors
 .data          0x000000000002d11c       0x44 obj_cooja/mtype597.a(uip-ds6-route.o)
                0x000000000002d12c                nbr_routes
 .data          0x000000000002d160        0x0 obj_cooja/mtype597.a(uip-ds6.o)
 .data          0x000000000002d160        0x0 obj_cooja/mtype597.a(uip6.o)
 .data          0x000000000002d160       0x10 obj_cooja/mtype597.a(tcpip.o)
                0x000000000002d160                tcpip_process
 .data          0x000000000002d170        0x0 obj_cooja/mtype597.a(uip-debug.o)
 .data          0x000000000002d170        0xc obj_cooja/mtype597.a(uip-packetqueue)
 .data          0x000000000002d17c        0x0 obj_cooja/mtype597.a(uip-udp-packet.)
 .data          0x000000000002d17c       0x28 obj_cooja/mtype597.a(rpl-dag.o)
                0x000000000002d18c                rpl_parents
                0x000000000002d1a0                rpl_children
 .data          0x000000000002d1a4        0x0 obj_cooja/mtype597.a(rpl-ext-header.)
 .data          0x000000000002d1a4       0x34 obj_cooja/mtype597.a(rpl-icmp6.o)
 .data          0x000000000002d1d8       0x1c obj_cooja/mtype597.a(rpl-ltmax.o)
                0x000000000002d1d8                rpl_ltmax_of
 .data          0x000000000002d1f4        0x0 obj_cooja/mtype597.a(rpl-timers.o)
 .data          0x000000000002d1f4        0x0 obj_cooja/mtype597.a(rpl.o)
 .data          0x000000000002d1f4        0x0 obj_cooja/mtype597.a(framer-802154.o)
 .data          0x000000000002d1f4        0x0 obj_cooja/mtype597.a(nullmac.o)
 .data          0x000000000002d1f4       0x30 obj_cooja/mtype597.a(cxmac.o)
                0x000000000002d1f4                cxmac_config
                0x000000000002d204                strobe_wait
 .data          0x000000000002d224        0x0 obj_cooja/mtype597.a(linkaddr.o)
 .data          0x000000000002d224       0x10 obj_cooja/mtype597.a(nbr-table.o)
 .data          0x000000000002d234        0x0 obj_cooja/mtype597.a(netstack.o)
 .data          0x000000000002d234        0x4 obj_cooja/mtype597.a(packetbuf.o)
 .data          0x000000000002d238       0x18 obj_cooja/mtype597.a(queuebuf.o)
 .data          0x000000000002d250        0x0 obj_cooja/mtype597.a(nullsec.o)
 .data          0x000000000002d250        0x0 obj_cooja/mtype597.a(watchdog.o)
 .data          0x000000000002d250        0x0 obj_cooja/mtype597.a(rimestats.o)
 .data          0x000000000002d250        0x0 obj_cooja/mtype597.a(leds.o)
 .data          0x000000000002d250        0x0 obj_cooja/mtype597.a(memb.o)
 .data          0x000000000002d250       0x20 obj_cooja/mtype597.a(uip-icmp6.o)
 .data          0x000000000002d270        0x0 obj_cooja/mtype597.a(uip-nd6.o)
 .data          0x000000000002d270        0x0 obj_cooja/mtype597.a(rpl-nbr-policy.)
 .data          0x000000000002d270        0x2 obj_cooja/mtype597.a(frame802154.o)
 .data          0x000000000002d272        0x0 obj_cooja/mtype597.a(mac.o)
 .data          0x000000000002d272        0x0 /usr/lib/gcc/i686-linux-gnu/4.8/crtendS.o
 .data          0x000000000002d272        0x0 /usr/lib/gcc/i686-linux-gnu/4.8/../../../i386-linux-gnu/crtn.o

.tm_clone_table
                0x000000000002d274        0x0
 .tm_clone_table
                0x000000000002d274        0x0 /usr/lib/gcc/i686-linux-gnu/4.8/crtbeginS.o
 .tm_clone_table
                0x000000000002d274        0x0 /usr/lib/gcc/i686-linux-gnu/4.8/crtendS.o

.data1
 *(.data1)
                0x000000000002d274                _edata = .
                0x000000000002d274                PROVIDE (edata, .)
                0x000000000002d274                . = .
                0x000000000002d274                __bss_start = .

.bss            0x000000000002d280     0x8128
 *(.dynbss)
 .dynbss        0x0000000000000000        0x0 /usr/lib/gcc/i686-linux-gnu/4.8/../../../i386-linux-gnu/crti.o
 *(.bss .bss.* .gnu.linkonce.b.*)
 .bss           0x000000000002d280        0x0 /usr/lib/gcc/i686-linux-gnu/4.8/../../../i386-linux-gnu/crti.o
 .bss           0x000000000002d280        0x1 /usr/lib/gcc/i686-linux-gnu/4.8/crtbeginS.o
 *fill*         0x000000000002d281       0x1f 
 .bss           0x000000000002d2a0       0x60 udp-client.co
                0x000000000002d2a0                my_weight
 .bss           0x000000000002d300     0x2030 obj_cooja/mtype597.o
 .bss           0x000000000002f330        0x1 obj_cooja/mtype597.a(simEnvChange.o)
                0x000000000002f330                simDontFallAsleep
 *fill*         0x000000000002f331        0x3 
 .bss           0x000000000002f334        0x4 obj_cooja/mtype597.a(cooja_mt.o)
 .bss           0x000000000002f338        0x4 obj_cooja/mtype597.a(cooja_mtarch.o)
 .bss           0x000000000002f33c        0xc obj_cooja/mtype597.a(rtimer-arch.o)
 .bss           0x000000000002f348        0x0 obj_cooja/mtype597.a(beep.o)
 .bss           0x000000000002f348        0x8 obj_cooja/mtype597.a(button-sensor.o)
 .bss           0x000000000002f350        0x0 obj_cooja/mtype597.a(leds-arch.o)
 .bss           0x000000000002f350        0x0 obj_cooja/mtype597.a(moteid.o)
 .bss           0x000000000002f350        0x1 obj_cooja/mtype597.a(pir-sensor.o)
                0x000000000002f350                simPirValue
 *fill*         0x000000000002f351        0x3 
 .bss           0x000000000002f354        0x4 obj_cooja/mtype597.a(rs232.o)
 .bss           0x000000000002f358        0x1 obj_cooja/mtype597.a(vib-sensor.o)
                0x000000000002f358                simVibValue
 .bss           0x000000000002f359        0x0 obj_cooja/mtype597.a(clock.o)
 *fill*         0x000000000002f359        0x7 
 .bss           0x000000000002f360      0x420 obj_cooja/mtype597.a(log.o)
 .bss           0x000000000002f780      0xfc0 obj_cooja/mtype597.a(cfs-cooja.o)
                0x000000000002f780                simCFSData
                0x0000000000030720                simCFSSize
                0x0000000000030724                simCFSChanged
                0x0000000000030728                simCFSRead
                0x000000000003072c                simCFSWritten
 .bss           0x0000000000030740       0x24 obj_cooja/mtype597.a(cooja-radio.o)
                0x0000000000030740                simReceivingLR
                0x0000000000030744                simInSizeLR
                0x0000000000030748                simOutSizeLR
                0x000000000003074c                simReceiving
                0x0000000000030750                simInSize
                0x0000000000030754                simOutSize
                0x0000000000030758                LongRangeTransmit
                0x000000000003075c                LongRangeReceiving
 .bss           0x0000000000030764        0xc obj_cooja/mtype597.a(eeprom.o)
                0x0000000000030764                simEEPROMChanged
                0x0000000000030768                simEEPROMRead
                0x000000000003076c                simEEPROMWritten
 .bss           0x0000000000030770        0x0 obj_cooja/mtype597.a(random.o)
 .bss           0x0000000000030770        0xc obj_cooja/mtype597.a(sensors.o)
 .bss           0x000000000003077c        0x0 obj_cooja/mtype597.a(autostart.o)
 .bss           0x000000000003077c        0x5 obj_cooja/mtype597.a(ctimer.o)
 *fill*         0x0000000000030781        0x3 
 .bss           0x0000000000030784        0x8 obj_cooja/mtype597.a(etimer.o)
 .bss           0x000000000003078c        0x0 obj_cooja/mtype597.a(log_message.o)
 *fill*         0x000000000003078c       0x14 
 .bss           0x00000000000307a0      0x1b1 obj_cooja/mtype597.a(process.o)
                0x00000000000307a0                process_list
                0x00000000000307a4                process_current
 .bss           0x0000000000030951        0x0 obj_cooja/mtype597.a(residual.o)
 *fill*         0x0000000000030951        0x3 
 .bss           0x0000000000030954        0x4 obj_cooja/mtype597.a(rtimer.o)
 .bss           0x0000000000030958        0x0 obj_cooja/mtype597.a(stimer.o)
 .bss           0x0000000000030958        0x0 obj_cooja/mtype597.a(timer.o)
 *fill*         0x0000000000030958        0x8 
 .bss           0x0000000000030960      0x140 obj_cooja/mtype597.a(serial-line.o)
 .bss           0x0000000000030aa0        0x0 obj_cooja/mtype597.a(list.o)
 .bss           0x0000000000030aa0        0x0 obj_cooja/mtype597.a(ringbuf.o)
 .bss           0x0000000000030aa0      0x70c obj_cooja/mtype597.a(sicslowpan.o)
 *fill*         0x00000000000311ac       0x14 
 .bss           0x00000000000311c0       0xc0 obj_cooja/mtype597.a(uip-ds6-nbr.o)
 .bss           0x0000000000031280      0x4a8 obj_cooja/mtype597.a(uip-ds6-route.o)
 .bss           0x0000000000031728       0x20 obj_cooja/mtype597.a(uip-ds6.o)
 .bss           0x0000000000031748        0xe obj_cooja/mtype597.a(uip6.o)
                0x0000000000031748                uip_ext_bitmap
                0x0000000000031749                uip_ext_len
                0x000000000003174a                uip_ext_opt_offset
 *fill*         0x0000000000031756        0xa 
 .bss           0x0000000000031760       0x6b obj_cooja/mtype597.a(tcpip.o)
 .bss           0x00000000000317cb        0x0 obj_cooja/mtype597.a(uip-debug.o)
 *fill*         0x00000000000317cb       0x15 
 .bss           0x00000000000317e0      0xcf8 obj_cooja/mtype597.a(uip-packetqueue)
 .bss           0x00000000000324d8        0x0 obj_cooja/mtype597.a(uip-udp-packet.)
 *fill*         0x00000000000324d8        0x8 
 .bss           0x00000000000324e0       0x88 obj_cooja/mtype597.a(rpl-dag.o)
 .bss           0x0000000000032568        0x0 obj_cooja/mtype597.a(rpl-ext-header.)
 .bss           0x0000000000032568        0x0 obj_cooja/mtype597.a(rpl-icmp6.o)
 .bss           0x0000000000032568        0x0 obj_cooja/mtype597.a(rpl-ltmax.o)
 *fill*         0x0000000000032568       0x18 
 .bss           0x0000000000032580       0x23 obj_cooja/mtype597.a(rpl-timers.o)
 *fill*         0x00000000000325a3        0x1 
 .bss           0x00000000000325a4        0x4 obj_cooja/mtype597.a(rpl.o)
 .bss           0x00000000000325a8        0x2 obj_cooja/mtype597.a(framer-802154.o)
 .bss           0x00000000000325aa        0x0 obj_cooja/mtype597.a(nullmac.o)
 *fill*         0x00000000000325aa       0x16 
 .bss           0x00000000000325c0       0xb0 obj_cooja/mtype597.a(cxmac.o)
 .bss           0x0000000000032670        0x0 obj_cooja/mtype597.a(linkaddr.o)
 *fill*         0x0000000000032670       0x10 
 .bss           0x0000000000032680       0xc4 obj_cooja/mtype597.a(nbr-table.o)
 .bss           0x0000000000032744        0x0 obj_cooja/mtype597.a(netstack.o)
 *fill*         0x0000000000032744       0x1c 
 .bss           0x0000000000032760       0xa0 obj_cooja/mtype597.a(packetbuf.o)
 .bss           0x0000000000032800      0xb80 obj_cooja/mtype597.a(queuebuf.o)
 .bss           0x0000000000033380        0x0 obj_cooja/mtype597.a(nullsec.o)
 .bss           0x0000000000033380        0x0 obj_cooja/mtype597.a(watchdog.o)
 .bss           0x0000000000033380        0x0 obj_cooja/mtype597.a(rimestats.o)
 .bss           0x0000000000033380        0x1 obj_cooja/mtype597.a(leds.o)
 .bss           0x0000000000033381        0x0 obj_cooja/mtype597.a(memb.o)
 *fill*         0x0000000000033381        0x3 
 .bss           0x0000000000033384       0x18 obj_cooja/mtype597.a(uip-icmp6.o)
 .bss           0x000000000003339c        0x0 obj_cooja/mtype597.a(uip-nd6.o)
 *fill*         0x000000000003339c        0x4 
 .bss           0x00000000000333a0       0x44 obj_cooja/mtype597.a(rpl-nbr-policy.)
 .bss           0x00000000000333e4        0x0 obj_cooja/mtype597.a(frame802154.o)
 .bss           0x00000000000333e4        0x0 obj_cooja/mtype597.a(mac.o)
 .bss           0x00000000000333e4        0x0 /usr/lib/gcc/i686-linux-gnu/4.8/crtendS.o
 .bss           0x00000000000333e4        0x0 /usr/lib/gcc/i686-linux-gnu/4.8/../../../i386-linux-gnu/crtn.o
 *(COMMON)
 COMMON         0x00000000000333e4       0x48 udp-client.co
                0x00000000000333e4                dio_count
                0x00000000000333e8                dis_count
                0x00000000000333ec                collision_count
                0x00000000000333f0                transmission_count
                0x00000000000333f4                COOJA_radioRxLong
                0x00000000000333f8                control_message_count
                0x00000000000333fc                dao_count
                0x0000000000033400                COOJA_radioTx
                0x0000000000033404                data_relay_count
                0x0000000000033408                data_message_count
                0x000000000003340c                my_sink_reachability
                0x0000000000033410                COOJA_radioTxLong
                0x0000000000033414                COOJA_radioRx
                0x0000000000033418                my_parent_number
                0x000000000003341c                COOJA_radioOn
                0x0000000000033420                COOJA_duration
                0x0000000000033424                dio_ack_count
                0x0000000000033428                COOJA_radioOnLong
 COMMON         0x000000000003342c        0xc obj_cooja/mtype597.o
                0x000000000003342c                referenceVar
                0x0000000000033430                debugfp
                0x0000000000033434                sensors_flags
 COMMON         0x0000000000033438        0xc obj_cooja/mtype597.a(simEnvChange.o)
                0x0000000000033438                simEtimerPending
                0x000000000003343c                simProcessRunValue
                0x0000000000033440                simNextExpirationTime
 COMMON         0x0000000000033444        0x1 obj_cooja/mtype597.a(beep.o)
                0x0000000000033444                simBeeped
 COMMON         0x0000000000033445        0x3 obj_cooja/mtype597.a(button-sensor.o)
                0x0000000000033445                simButtonIsActive
                0x0000000000033446                simButtonIsDown
                0x0000000000033447                simButtonChanged
 COMMON         0x0000000000033448        0x1 obj_cooja/mtype597.a(leds-arch.o)
                0x0000000000033448                simLedsValue
 *fill*         0x0000000000033449        0x3 
 COMMON         0x000000000003344c        0xc obj_cooja/mtype597.a(moteid.o)
                0x000000000003344c                simRandomSeed
                0x0000000000033450                simMoteIDChanged
                0x0000000000033454                simMoteID
 COMMON         0x0000000000033458        0x2 obj_cooja/mtype597.a(pir-sensor.o)
                0x0000000000033458                simPirIsActive
                0x0000000000033459                simPirChanged
 *fill*         0x000000000003345a        0x6 
 COMMON         0x0000000000033460      0x820 obj_cooja/mtype597.a(rs232.o)
                0x0000000000033460                simSerialReceivingFlag
                0x0000000000033464                simSerialReceivingLength
                0x0000000000033480                simSerialReceivingData
 COMMON         0x0000000000033c80        0x2 obj_cooja/mtype597.a(vib-sensor.o)
                0x0000000000033c80                simVibChanged
                0x0000000000033c81                simVibIsActive
 *fill*         0x0000000000033c82        0x2 
 COMMON         0x0000000000033c84        0x4 obj_cooja/mtype597.a(clock.o)
                0x0000000000033c84                simCurrentTime
 *fill*         0x0000000000033c88       0x18 
 COMMON         0x0000000000033ca0      0x420 obj_cooja/mtype597.a(log.o)
                0x0000000000033ca0                simLoggedLength
                0x0000000000033ca4                simLoggedFlag
                0x0000000000033cc0                simLoggedData
 COMMON         0x00000000000340c0      0x200 obj_cooja/mtype597.a(cooja-radio.o)
                0x00000000000340c0                simOutDataBuffer
                0x0000000000034140                simInDataBufferLR
                0x00000000000341c0                simOutDataBufferLR
                0x0000000000034240                simInDataBuffer
 COMMON         0x00000000000342c0      0x400 obj_cooja/mtype597.a(eeprom.o)
                0x00000000000342c0                simEEPROMData
 COMMON         0x00000000000346c0        0x1 obj_cooja/mtype597.a(sensors.o)
                0x00000000000346c0                sensors_event
 *fill*         0x00000000000346c1        0x3 
 COMMON         0x00000000000346c4        0x4 obj_cooja/mtype597.a(log_message.o)
                0x00000000000346c4                log_fp
 COMMON         0x00000000000346c8        0x1 obj_cooja/mtype597.a(serial-line.o)
                0x00000000000346c8                serial_line_event_message
 *fill*         0x00000000000346c9       0x17 
 COMMON         0x00000000000346e0      0x181 obj_cooja/mtype597.a(uip-ds6.o)
                0x00000000000346e0                uip_ds6_prefix_list
                0x0000000000034740                uip_ds6_timer_periodic
                0x0000000000034750                uip_ds6_netif_addr_list_offset
                0x0000000000034760                uip_ds6_if
                0x0000000000034858                uip_ds6_timer_ra
                0x0000000000034860                uip_ds6_addr_size
 *fill*         0x0000000000034861       0x1f 
 COMMON         0x0000000000034880      0x8ec obj_cooja/mtype597.a(uip6.o)
                0x0000000000034880                uip_slen
                0x0000000000034882                uip_acc32
                0x00000000000348a0                uip_conns
                0x0000000000034960                uip_lladdr
                0x0000000000034968                uip_appdata
                0x000000000003496c                uip_flags
                0x0000000000034980                uip_aligned_buf
                0x0000000000034fc0                uip_listenports
                0x0000000000034fd0                uip_len
                0x0000000000034fd4                uip_sappdata
                0x0000000000034fe0                uip_udp_conns
                0x0000000000035160                uip_udp_conn
                0x0000000000035164                uip_next_hdr
                0x0000000000035168                uip_conn
 COMMON         0x000000000003516c        0x1 obj_cooja/mtype597.a(tcpip.o)
                0x000000000003516c                tcpip_event
 *fill*         0x000000000003516d       0x13 
 COMMON         0x0000000000035180      0x198 obj_cooja/mtype597.a(rpl-dag.o)
                0x0000000000035180                default_instance
                0x00000000000351a0                instance_table
 COMMON         0x0000000000035318        0x8 obj_cooja/mtype597.a(linkaddr.o)
                0x0000000000035318                linkaddr_node_addr
 COMMON         0x0000000000035320       0x2e obj_cooja/mtype597.a(packetbuf.o)
                0x0000000000035320                packetbuf_attrs
                0x000000000003533e                packetbuf_addrs
 *fill*         0x000000000003534e       0x12 
 COMMON         0x0000000000035360       0x48 obj_cooja/mtype597.a(rimestats.o)
                0x0000000000035360                rimestats
                0x00000000000353a8                . = ALIGN ((. != 0x0)?0x4:0x1)
                0x00000000000353a8                . = ALIGN (0x4)
                0x00000000000353a8                . = SEGMENT_START ("ldata-segment", .)
                0x00000000000353a8                . = ALIGN (0x4)
                0x00000000000353a8                _end = .
                0x00000000000353a8                PROVIDE (end, .)
                0x00000000000353a8                . = DATA_SEGMENT_END (.)

.stab
 *(.stab)

.stabstr
 *(.stabstr)

.stab.excl
 *(.stab.excl)

.stab.exclstr
 *(.stab.exclstr)

.stab.index
 *(.stab.index)

.stab.indexstr
 *(.stab.indexstr)

.comment        0x0000000000000000       0x29
 *(.comment)
 .comment       0x0000000000000000       0x29 /usr/lib/gcc/i686-linux-gnu/4.8/crtbeginS.o
                                         0x2a (size before relaxing)
 .comment       0x0000000000000000       0x2a udp-client.co
 .comment       0x0000000000000000       0x2a obj_cooja/mtype597.o
 .comment       0x0000000000000000       0x2a obj_cooja/mtype597.a(simEnvChange.o)
 .comment       0x0000000000000000       0x2a obj_cooja/mtype597.a(cooja_mt.o)
 .comment       0x0000000000000000       0x2a obj_cooja/mtype597.a(cooja_mtarch.o)
 .comment       0x0000000000000000       0x2a obj_cooja/mtype597.a(rtimer-arch.o)
 .comment       0x0000000000000000       0x2a obj_cooja/mtype597.a(beep.o)
 .comment       0x0000000000000000       0x2a obj_cooja/mtype597.a(button-sensor.o)
 .comment       0x0000000000000000       0x2a obj_cooja/mtype597.a(leds-arch.o)
 .comment       0x0000000000000000       0x2a obj_cooja/mtype597.a(moteid.o)
 .comment       0x0000000000000000       0x2a obj_cooja/mtype597.a(pir-sensor.o)
 .comment       0x0000000000000000       0x2a obj_cooja/mtype597.a(rs232.o)
 .comment       0x0000000000000000       0x2a obj_cooja/mtype597.a(vib-sensor.o)
 .comment       0x0000000000000000       0x2a obj_cooja/mtype597.a(clock.o)
 .comment       0x0000000000000000       0x2a obj_cooja/mtype597.a(log.o)
 .comment       0x0000000000000000       0x2a obj_cooja/mtype597.a(cfs-cooja.o)
 .comment       0x0000000000000000       0x2a obj_cooja/mtype597.a(cooja-radio.o)
 .comment       0x0000000000000000       0x2a obj_cooja/mtype597.a(eeprom.o)
 .comment       0x0000000000000000       0x2a obj_cooja/mtype597.a(random.o)
 .comment       0x0000000000000000       0x2a obj_cooja/mtype597.a(sensors.o)
 .comment       0x0000000000000000       0x2a obj_cooja/mtype597.a(autostart.o)
 .comment       0x0000000000000000       0x2a obj_cooja/mtype597.a(ctimer.o)
 .comment       0x0000000000000000       0x2a obj_cooja/mtype597.a(etimer.o)
 .comment       0x0000000000000000       0x2a obj_cooja/mtype597.a(log_message.o)
 .comment       0x0000000000000000       0x2a obj_cooja/mtype597.a(process.o)
 .comment       0x0000000000000000       0x2a obj_cooja/mtype597.a(residual.o)
 .comment       0x0000000000000000       0x2a obj_cooja/mtype597.a(rtimer.o)
 .comment       0x0000000000000000       0x2a obj_cooja/mtype597.a(stimer.o)
 .comment       0x0000000000000000       0x2a obj_cooja/mtype597.a(timer.o)
 .comment       0x0000000000000000       0x2a obj_cooja/mtype597.a(serial-line.o)
 .comment       0x0000000000000000       0x2a obj_cooja/mtype597.a(list.o)
 .comment       0x0000000000000000       0x2a obj_cooja/mtype597.a(ringbuf.o)
 .comment       0x0000000000000000       0x2a obj_cooja/mtype597.a(sicslowpan.o)
 .comment       0x0000000000000000       0x2a obj_cooja/mtype597.a(uip-ds6-nbr.o)
 .comment       0x0000000000000000       0x2a obj_cooja/mtype597.a(uip-ds6-route.o)
 .comment       0x0000000000000000       0x2a obj_cooja/mtype597.a(uip-ds6.o)
 .comment       0x0000000000000000       0x2a obj_cooja/mtype597.a(uip6.o)
 .comment       0x0000000000000000       0x2a obj_cooja/mtype597.a(tcpip.o)
 .comment       0x0000000000000000       0x2a obj_cooja/mtype597.a(uip-debug.o)
 .comment       0x0000000000000000       0x2a obj_cooja/mtype597.a(uip-packetqueue)
 .comment       0x0000000000000000       0x2a obj_cooja/mtype597.a(uip-udp-packet.)
 .comment       0x0000000000000000       0x2a obj_cooja/mtype597.a(rpl-dag.o)
 .comment       0x0000000000000000       0x2a obj_cooja/mtype597.a(rpl-ext-header.)
 .comment       0x0000000000000000       0x2a obj_cooja/mtype597.a(rpl-icmp6.o)
 .comment       0x0000000000000000       0x2a obj_cooja/mtype597.a(rpl-ltmax.o)
 .comment       0x0000000000000000       0x2a obj_cooja/mtype597.a(rpl-timers.o)
 .comment       0x0000000000000000       0x2a obj_cooja/mtype597.a(rpl.o)
 .comment       0x0000000000000000       0x2a obj_cooja/mtype597.a(framer-802154.o)
 .comment       0x0000000000000000       0x2a obj_cooja/mtype597.a(nullmac.o)
 .comment       0x0000000000000000       0x2a obj_cooja/mtype597.a(cxmac.o)
 .comment       0x0000000000000000       0x2a obj_cooja/mtype597.a(linkaddr.o)
 .comment       0x0000000000000000       0x2a obj_cooja/mtype597.a(nbr-table.o)
 .comment       0x0000000000000000       0x2a obj_cooja/mtype597.a(netstack.o)
 .comment       0x0000000000000000       0x2a obj_cooja/mtype597.a(packetbuf.o)
 .comment       0x0000000000000000       0x2a obj_cooja/mtype597.a(queuebuf.o)
 .comment       0x0000000000000000       0x2a obj_cooja/mtype597.a(nullsec.o)
 .comment       0x0000000000000000       0x2a obj_cooja/mtype597.a(watchdog.o)
 .comment       0x0000000000000000       0x2a obj_cooja/mtype597.a(rimestats.o)
 .comment       0x0000000000000000       0x2a obj_cooja/mtype597.a(leds.o)
 .comment       0x0000000000000000       0x2a obj_cooja/mtype597.a(memb.o)
 .comment       0x0000000000000000       0x2a obj_cooja/mtype597.a(uip-icmp6.o)
 .comment       0x0000000000000000       0x2a obj_cooja/mtype597.a(uip-nd6.o)
 .comment       0x0000000000000000       0x2a obj_cooja/mtype597.a(rpl-nbr-policy.)
 .comment       0x0000000000000000       0x2a obj_cooja/mtype597.a(frame802154.o)
 .comment       0x0000000000000000       0x2a obj_cooja/mtype597.a(mac.o)
 .comment       0x0000000000000000       0x2a /usr/lib/gcc/i686-linux-gnu/4.8/crtendS.o

.debug
 *(.debug)

.line
 *(.line)

.debug_srcinfo
 *(.debug_srcinfo)

.debug_sfnames
 *(.debug_sfnames)

.debug_aranges  0x0000000000000000      0x818
 *(.debug_aranges)
 .debug_aranges
                0x0000000000000000       0x20 udp-client.co
 .debug_aranges
                0x0000000000000020       0x20 obj_cooja/mtype597.o
 .debug_aranges
                0x0000000000000040       0x20 obj_cooja/mtype597.a(simEnvChange.o)
 .debug_aranges
                0x0000000000000060       0x20 obj_cooja/mtype597.a(cooja_mt.o)
 .debug_aranges
                0x0000000000000080       0x20 obj_cooja/mtype597.a(cooja_mtarch.o)
 .debug_aranges
                0x00000000000000a0       0x20 obj_cooja/mtype597.a(rtimer-arch.o)
 .debug_aranges
                0x00000000000000c0       0x20 obj_cooja/mtype597.a(beep.o)
 .debug_aranges
                0x00000000000000e0       0x20 obj_cooja/mtype597.a(button-sensor.o)
 .debug_aranges
                0x0000000000000100       0x20 obj_cooja/mtype597.a(leds-arch.o)
 .debug_aranges
                0x0000000000000120       0x20 obj_cooja/mtype597.a(moteid.o)
 .debug_aranges
                0x0000000000000140       0x20 obj_cooja/mtype597.a(pir-sensor.o)
 .debug_aranges
                0x0000000000000160       0x20 obj_cooja/mtype597.a(rs232.o)
 .debug_aranges
                0x0000000000000180       0x20 obj_cooja/mtype597.a(vib-sensor.o)
 .debug_aranges
                0x00000000000001a0       0x20 obj_cooja/mtype597.a(clock.o)
 .debug_aranges
                0x00000000000001c0       0x20 obj_cooja/mtype597.a(log.o)
 .debug_aranges
                0x00000000000001e0       0x20 obj_cooja/mtype597.a(cfs-cooja.o)
 .debug_aranges
                0x0000000000000200       0x20 obj_cooja/mtype597.a(cooja-radio.o)
 .debug_aranges
                0x0000000000000220       0x20 obj_cooja/mtype597.a(eeprom.o)
 .debug_aranges
                0x0000000000000240       0x20 obj_cooja/mtype597.a(random.o)
 .debug_aranges
                0x0000000000000260       0x20 obj_cooja/mtype597.a(sensors.o)
 .debug_aranges
                0x0000000000000280       0x20 obj_cooja/mtype597.a(autostart.o)
 .debug_aranges
                0x00000000000002a0       0x20 obj_cooja/mtype597.a(ctimer.o)
 .debug_aranges
                0x00000000000002c0       0x20 obj_cooja/mtype597.a(etimer.o)
 .debug_aranges
                0x00000000000002e0       0x20 obj_cooja/mtype597.a(log_message.o)
 .debug_aranges
                0x0000000000000300       0x20 obj_cooja/mtype597.a(process.o)
 .debug_aranges
                0x0000000000000320       0x20 obj_cooja/mtype597.a(residual.o)
 .debug_aranges
                0x0000000000000340       0x20 obj_cooja/mtype597.a(rtimer.o)
 .debug_aranges
                0x0000000000000360       0x20 obj_cooja/mtype597.a(stimer.o)
 .debug_aranges
                0x0000000000000380       0x20 obj_cooja/mtype597.a(timer.o)
 .debug_aranges
                0x00000000000003a0       0x20 obj_cooja/mtype597.a(serial-line.o)
 .debug_aranges
                0x00000000000003c0       0x20 obj_cooja/mtype597.a(list.o)
 .debug_aranges
                0x00000000000003e0       0x20 obj_cooja/mtype597.a(ringbuf.o)
 .debug_aranges
                0x0000000000000400       0x20 obj_cooja/mtype597.a(sicslowpan.o)
 .debug_aranges
                0x0000000000000420       0x20 obj_cooja/mtype597.a(uip-ds6-nbr.o)
 .debug_aranges
                0x0000000000000440       0x20 obj_cooja/mtype597.a(uip-ds6-route.o)
 .debug_aranges
                0x0000000000000460       0x20 obj_cooja/mtype597.a(uip-ds6.o)
 .debug_aranges
                0x0000000000000480       0x20 obj_cooja/mtype597.a(uip6.o)
 .debug_aranges
                0x00000000000004a0       0x20 obj_cooja/mtype597.a(tcpip.o)
 .debug_aranges
                0x00000000000004c0       0x20 obj_cooja/mtype597.a(uip-debug.o)
 .debug_aranges
                0x00000000000004e0       0x20 obj_cooja/mtype597.a(uip-packetqueue)
 .debug_aranges
                0x0000000000000500       0x20 obj_cooja/mtype597.a(uip-udp-packet.)
 .debug_aranges
                0x0000000000000520       0x20 obj_cooja/mtype597.a(rpl-dag.o)
 .debug_aranges
                0x0000000000000540       0x20 obj_cooja/mtype597.a(rpl-ext-header.)
 .debug_aranges
                0x0000000000000560       0x20 obj_cooja/mtype597.a(rpl-icmp6.o)
 .debug_aranges
                0x0000000000000580       0x20 obj_cooja/mtype597.a(rpl-ltmax.o)
 .debug_aranges
                0x00000000000005a0       0x20 obj_cooja/mtype597.a(rpl-timers.o)
 .debug_aranges
                0x00000000000005c0       0x20 obj_cooja/mtype597.a(rpl.o)
 .debug_aranges
                0x00000000000005e0       0x20 obj_cooja/mtype597.a(framer-802154.o)
 .debug_aranges
                0x0000000000000600       0x20 obj_cooja/mtype597.a(nullmac.o)
 .debug_aranges
                0x0000000000000620       0x20 obj_cooja/mtype597.a(cxmac.o)
 .debug_aranges
                0x0000000000000640       0x20 obj_cooja/mtype597.a(linkaddr.o)
 .debug_aranges
                0x0000000000000660       0x20 obj_cooja/mtype597.a(nbr-table.o)
 .debug_aranges
                0x0000000000000680       0x20 obj_cooja/mtype597.a(netstack.o)
 .debug_aranges
                0x00000000000006a0       0x20 obj_cooja/mtype597.a(packetbuf.o)
 .debug_aranges
                0x00000000000006c0       0x20 obj_cooja/mtype597.a(queuebuf.o)
 .debug_aranges
                0x00000000000006e0       0x20 obj_cooja/mtype597.a(nullsec.o)
 .debug_aranges
                0x0000000000000700       0x20 obj_cooja/mtype597.a(watchdog.o)
 .debug_aranges
                0x0000000000000720       0x18 obj_cooja/mtype597.a(rimestats.o)
 .debug_aranges
                0x0000000000000738       0x20 obj_cooja/mtype597.a(leds.o)
 .debug_aranges
                0x0000000000000758       0x20 obj_cooja/mtype597.a(memb.o)
 .debug_aranges
                0x0000000000000778       0x20 obj_cooja/mtype597.a(uip-icmp6.o)
 .debug_aranges
                0x0000000000000798       0x20 obj_cooja/mtype597.a(uip-nd6.o)
 .debug_aranges
                0x00000000000007b8       0x20 obj_cooja/mtype597.a(rpl-nbr-policy.)
 .debug_aranges
                0x00000000000007d8       0x20 obj_cooja/mtype597.a(frame802154.o)
 .debug_aranges
                0x00000000000007f8       0x20 obj_cooja/mtype597.a(mac.o)

.debug_pubnames
 *(.debug_pubnames)

.debug_info     0x0000000000000000    0x1b6eb
 *(.debug_info .gnu.linkonce.wi.*)
 .debug_info    0x0000000000000000      0xa23 udp-client.co
 .debug_info    0x0000000000000a23     0x3a5f obj_cooja/mtype597.o
 .debug_info    0x0000000000004482      0x15a obj_cooja/mtype597.a(simEnvChange.o)
 .debug_info    0x00000000000045dc      0x1e2 obj_cooja/mtype597.a(cooja_mt.o)
 .debug_info    0x00000000000047be      0x2e7 obj_cooja/mtype597.a(cooja_mtarch.o)
 .debug_info    0x0000000000004aa5      0x16b obj_cooja/mtype597.a(rtimer-arch.o)
 .debug_info    0x0000000000004c10      0x1f3 obj_cooja/mtype597.a(beep.o)
 .debug_info    0x0000000000004e03      0x257 obj_cooja/mtype597.a(button-sensor.o)
 .debug_info    0x000000000000505a      0x132 obj_cooja/mtype597.a(leds-arch.o)
 .debug_info    0x000000000000518c      0x10a obj_cooja/mtype597.a(moteid.o)
 .debug_info    0x0000000000005296      0x216 obj_cooja/mtype597.a(pir-sensor.o)
 .debug_info    0x00000000000054ac      0x21e obj_cooja/mtype597.a(rs232.o)
 .debug_info    0x00000000000056ca      0x216 obj_cooja/mtype597.a(vib-sensor.o)
 .debug_info    0x00000000000058e0      0x152 obj_cooja/mtype597.a(clock.o)
 .debug_info    0x0000000000005a32      0x2bb obj_cooja/mtype597.a(log.o)
 .debug_info    0x0000000000005ced      0x3cf obj_cooja/mtype597.a(cfs-cooja.o)
 .debug_info    0x00000000000060bc      0xc9b obj_cooja/mtype597.a(cooja-radio.o)
 .debug_info    0x0000000000006d57      0x1d5 obj_cooja/mtype597.a(eeprom.o)
 .debug_info    0x0000000000006f2c       0xb3 obj_cooja/mtype597.a(random.o)
 .debug_info    0x0000000000006fdf      0x36d obj_cooja/mtype597.a(sensors.o)
 .debug_info    0x000000000000734c      0x1a5 obj_cooja/mtype597.a(autostart.o)
 .debug_info    0x00000000000074f1      0x46c obj_cooja/mtype597.a(ctimer.o)
 .debug_info    0x000000000000795d      0x49c obj_cooja/mtype597.a(etimer.o)
 .debug_info    0x0000000000007df9      0x3d2 obj_cooja/mtype597.a(log_message.o)
 .debug_info    0x00000000000081cb      0x4ba obj_cooja/mtype597.a(process.o)
 .debug_info    0x0000000000008685      0x164 obj_cooja/mtype597.a(residual.o)
 .debug_info    0x00000000000087e9      0x1ab obj_cooja/mtype597.a(rtimer.o)
 .debug_info    0x0000000000008994      0x179 obj_cooja/mtype597.a(stimer.o)
 .debug_info    0x0000000000008b0d      0x16c obj_cooja/mtype597.a(timer.o)
 .debug_info    0x0000000000008c79      0x2de obj_cooja/mtype597.a(serial-line.o)
 .debug_info    0x0000000000008f57      0x2ed obj_cooja/mtype597.a(list.o)
 .debug_info    0x0000000000009244      0x1aa obj_cooja/mtype597.a(ringbuf.o)
 .debug_info    0x00000000000093ee     0x105e obj_cooja/mtype597.a(sicslowpan.o)
 .debug_info    0x000000000000a44c      0x853 obj_cooja/mtype597.a(uip-ds6-nbr.o)
 .debug_info    0x000000000000ac9f      0xd30 obj_cooja/mtype597.a(uip-ds6-route.o)
 .debug_info    0x000000000000b9cf      0xa5b obj_cooja/mtype597.a(uip-ds6.o)
 .debug_info    0x000000000000c42a      0xea0 obj_cooja/mtype597.a(uip6.o)
 .debug_info    0x000000000000d2ca     0x1493 obj_cooja/mtype597.a(tcpip.o)
 .debug_info    0x000000000000e75d      0x1b5 obj_cooja/mtype597.a(uip-debug.o)
 .debug_info    0x000000000000e912      0x470 obj_cooja/mtype597.a(uip-packetqueue)
 .debug_info    0x000000000000ed82      0x37a obj_cooja/mtype597.a(uip-udp-packet.)
 .debug_info    0x000000000000f0fc     0x1c3e obj_cooja/mtype597.a(rpl-dag.o)
 .debug_info    0x0000000000010d3a      0xe97 obj_cooja/mtype597.a(rpl-ext-header.)
 .debug_info    0x0000000000011bd1     0x18fa obj_cooja/mtype597.a(rpl-icmp6.o)
 .debug_info    0x00000000000134cb      0xb66 obj_cooja/mtype597.a(rpl-ltmax.o)
 .debug_info    0x0000000000014031      0xc3b obj_cooja/mtype597.a(rpl-timers.o)
 .debug_info    0x0000000000014c6c      0xd4a obj_cooja/mtype597.a(rpl.o)
 .debug_info    0x00000000000159b6      0x5ed obj_cooja/mtype597.a(framer-802154.o)
 .debug_info    0x0000000000015fa3      0x3d5 obj_cooja/mtype597.a(nullmac.o)