Archive member included to satisfy reference by file (symbol)

obj_cooja/mtype630.a(simEnvChange.o)
                              obj_cooja/mtype630.o (simDontFallAsleep)
obj_cooja/mtype630.a(cooja_mt.o)
                              obj_cooja/mtype630.o (cooja_mt_start)
obj_cooja/mtype630.a(cooja_mtarch.o)
                              obj_cooja/mtype630.a(cooja_mt.o) (cooja_mtarch_init)
obj_cooja/mtype630.a(rtimer-arch.o)
                              obj_cooja/mtype630.o (rtimer_arch_next)
obj_cooja/mtype630.a(beep.o)  obj_cooja/mtype630.o (beep_interface)
obj_cooja/mtype630.a(button-sensor.o)
                              obj_cooja/mtype630.o (button_interface)
obj_cooja/mtype630.a(leds-arch.o)
                              obj_cooja/mtype630.o (leds_interface)
obj_cooja/mtype630.a(moteid.o)
                              obj_cooja/mtype630.o (moteid_interface)
obj_cooja/mtype630.a(pir-sensor.o)
                              obj_cooja/mtype630.o (pir_interface)
obj_cooja/mtype630.a(rs232.o)
                              obj_cooja/mtype630.o (rs232_interface)
obj_cooja/mtype630.a(vib-sensor.o)
                              obj_cooja/mtype630.o (vib_interface)
obj_cooja/mtype630.a(clock.o)
                              obj_cooja/mtype630.o (clock_interface)
obj_cooja/mtype630.a(log.o)   obj_cooja/mtype630.o (simlog_interface)
obj_cooja/mtype630.a(cfs-cooja.o)
                              obj_cooja/mtype630.o (cfs_interface)
obj_cooja/mtype630.a(cooja-radio.o)
                              obj_cooja/mtype630.o (radio_interface)
obj_cooja/mtype630.a(eeprom.o)
                              obj_cooja/mtype630.o (eeprom_interface)
obj_cooja/mtype630.a(random.o)
                              obj_cooja/mtype630.a(moteid.o) (random_init)
obj_cooja/mtype630.a(sensors.o)
                              udp-server.co (sensors_event)
obj_cooja/mtype630.a(leds.o)  obj_cooja/mtype630.a(cooja-radio.o) (leds_on)
obj_cooja/mtype630.a(dual_conf.o)
                              obj_cooja/mtype630.a(cooja-radio.o) (long_range_radio)
obj_cooja/mtype630.a(autostart.o)
                              obj_cooja/mtype630.o (autostart_start)
obj_cooja/mtype630.a(ctimer.o)
                              obj_cooja/mtype630.o (ctimer_init)
obj_cooja/mtype630.a(etimer.o)
                              obj_cooja/mtype630.o (etimer_process)
obj_cooja/mtype630.a(log_message.o)
                              obj_cooja/mtype630.o (log_initialization)
obj_cooja/mtype630.a(process.o)
                              udp-server.co (process_current)
obj_cooja/mtype630.a(residual.o)
                              obj_cooja/mtype630.o (get_residual_energy)
obj_cooja/mtype630.a(rtimer.o)
                              obj_cooja/mtype630.a(rtimer-arch.o) (rtimer_run_next)
obj_cooja/mtype630.a(timer.o)
                              obj_cooja/mtype630.a(button-sensor.o) (timer_set)
obj_cooja/mtype630.a(serial-line.o)
                              obj_cooja/mtype630.a(rs232.o) (serial_line_input_byte)
obj_cooja/mtype630.a(list.o)  obj_cooja/mtype630.a(ctimer.o) (list_init)
obj_cooja/mtype630.a(ringbuf.o)
                              obj_cooja/mtype630.a(serial-line.o) (ringbuf_init)
obj_cooja/mtype630.a(sicslowpan.o)
                              obj_cooja/mtype630.o (sicslowpan_driver)
obj_cooja/mtype630.a(uip-ds6-nbr.o)
                              obj_cooja/mtype630.a(sicslowpan.o) (uip_ds6_link_neighbor_callback)
obj_cooja/mtype630.a(uip-ds6.o)
                              udp-server.co (uip_ds6_if)
obj_cooja/mtype630.a(uip6.o)  obj_cooja/mtype630.o (uip_lladdr)
obj_cooja/mtype630.a(tcpip.o)
                              udp-server.co (tcpip_event)
obj_cooja/mtype630.a(uip-debug.o)
                              udp-server.co (uip_debug_ipaddr_print)
obj_cooja/mtype630.a(uip-packetqueue)
                              obj_cooja/mtype630.a(uip-ds6-nbr.o) (uip_packetqueue_new)
obj_cooja/mtype630.a(rpl-dag.o)
                              udp-server.co (rpl_set_root)
obj_cooja/mtype630.a(rpl-ext-header.)
                              obj_cooja/mtype630.a(uip6.o) (rpl_verify_header)
obj_cooja/mtype630.a(rpl-icmp6.o)
                              obj_cooja/mtype630.a(rpl-dag.o) (rpl_icmp6_update_nbr_table)
obj_cooja/mtype630.a(rpl-ltmax.o)
                              obj_cooja/mtype630.a(rpl-dag.o) (rpl_ltmax_of)
obj_cooja/mtype630.a(rpl-timers.o)
                              obj_cooja/mtype630.a(rpl-icmp6.o) (rpl_LSA_convergence_timer)
obj_cooja/mtype630.a(rpl.o)   obj_cooja/mtype630.a(rpl-icmp6.o) (rpl_get_mode)
obj_cooja/mtype630.a(csma.o)  udp-server.co (csma_driver)
obj_cooja/mtype630.a(framer-802154.o)
                              obj_cooja/mtype630.a(sicslowpan.o) (framer_802154)
obj_cooja/mtype630.a(mac.o)   obj_cooja/mtype630.a(csma.o) (mac_call_sent_callback)
obj_cooja/mtype630.a(cxmac.o)
                              obj_cooja/mtype630.o (cxmac_driver)
obj_cooja/mtype630.a(linkaddr.o)
[...]
Memory Configuration

Name             Origin             Length             Attributes
*default*        0x0000000000000000 0xffffffffffffffff

Linker script and memory map

LOAD /usr/lib/gcc/i686-linux-gnu/4.8/../../../i386-linux-gnu/crti.o
LOAD /usr/lib/gcc/i686-linux-gnu/4.8/crtbeginS.o
LOAD udp-server.co
LOAD obj_cooja/mtype630.o
LOAD obj_cooja/mtype630.a
LOAD /usr/lib/gcc/i686-linux-gnu/4.8/libgcc.a
LOAD /usr/lib/gcc/i686-linux-gnu/4.8/libgcc_s.so
LOAD /usr/lib/gcc/i686-linux-gnu/4.8/../../../i386-linux-gnu/libc.so
START GROUP
LOAD /lib/i386-linux-gnu/libc.so.6
LOAD /usr/lib/i386-linux-gnu/libc_nonshared.a
LOAD /lib/i386-linux-gnu/ld-linux.so.2
END GROUP
LOAD /usr/lib/gcc/i686-linux-gnu/4.8/libgcc.a
LOAD /usr/lib/gcc/i686-linux-gnu/4.8/libgcc_s.so
LOAD /usr/lib/gcc/i686-linux-gnu/4.8/crtendS.o
LOAD /usr/lib/gcc/i686-linux-gnu/4.8/../../../i386-linux-gnu/crtn.o
                0x0000000000000114                . = (0x0 + SIZEOF_HEADERS)

.note.gnu.build-id
                0x0000000000000114       0x24
 *(.note.gnu.build-id)
 .note.gnu.build-id
                0x0000000000000114       0x24 /usr/lib/gcc/i686-linux-gnu/4.8/../../../i386-linux-gnu/crti.o

.hash
 *(.hash)

.gnu.hash       0x0000000000000138     0x13ac
 *(.gnu.hash)
 .gnu.hash      0x0000000000000138     0x13ac /usr/lib/gcc/i686-linux-gnu/4.8/../../../i386-linux-gnu/crti.o

.dynsym         0x00000000000014e4     0x2710
 *(.dynsym)
 .dynsym        0x00000000000014e4     0x2710 /usr/lib/gcc/i686-linux-gnu/4.8/../../../i386-linux-gnu/crti.o

.dynstr         0x0000000000003bf4     0x281a
 *(.dynstr)
 .dynstr        0x0000000000003bf4     0x281a /usr/lib/gcc/i686-linux-gnu/4.8/../../../i386-linux-gnu/crti.o

.gnu.version    0x000000000000640e      0x4e2
 *(.gnu.version)
 .gnu.version   0x000000000000640e      0x4e2 /usr/lib/gcc/i686-linux-gnu/4.8/../../../i386-linux-gnu/crti.o

.gnu.version_d  0x00000000000068f0        0x0
 *(.gnu.version_d)
 .gnu.version_d
                0x0000000000000000        0x0 /usr/lib/gcc/i686-linux-gnu/4.8/../../../i386-linux-gnu/crti.o

.gnu.version_r  0x00000000000068f0       0x50
 *(.gnu.version_r)
 .gnu.version_r
                0x00000000000068f0       0x50 /usr/lib/gcc/i686-linux-gnu/4.8/../../../i386-linux-gnu/crti.o

.rel.dyn        0x0000000000006940     0x9c78
 *(.rel.init)
 .rel.init      0x0000000000000000        0x0 /usr/lib/gcc/i686-linux-gnu/4.8/../../../i386-linux-gnu/crti.o
 *(.rel.text .rel.text.* .rel.gnu.linkonce.t.*)
 .rel.text      0x0000000000006940     0x9488 /usr/lib/gcc/i686-linux-gnu/4.8/../../../i386-linux-gnu/crti.o
 *(.rel.fini)
 .rel.fini      0x0000000000000000        0x0 /usr/lib/gcc/i686-linux-gnu/4.8/../../../i386-linux-gnu/crti.o
 *(.rel.rodata .rel.rodata.* .rel.gnu.linkonce.r.*)
 .rel.rodata    0x000000000000fdc8      0x4e0 /usr/lib/gcc/i686-linux-gnu/4.8/../../../i386-linux-gnu/crti.o
 *(.rel.data.rel.ro .rel.data.rel.ro.* .rel.gnu.linkonce.d.rel.ro.*)
 *(.rel.data .rel.data.* .rel.gnu.linkonce.d.*)
 .rel.data.rel  0x00000000000102a8        0x8 /usr/lib/gcc/i686-linux-gnu/4.8/../../../i386-linux-gnu/crti.o
 .rel.data      0x00000000000102b0      0x2d0 /usr/lib/gcc/i686-linux-gnu/4.8/../../../i386-linux-gnu/crti.o
 *(.rel.tdata .rel.tdata.* .rel.gnu.linkonce.td.*)
 *(.rel.tbss .rel.tbss.* .rel.gnu.linkonce.tb.*)
 *(.rel.ctors)
 *(.rel.dtors)
 *(.rel.got)
 .rel.got       0x0000000000010580       0x28 /usr/lib/gcc/i686-linux-gnu/4.8/../../../i386-linux-gnu/crti.o
 *(.rel.bss .rel.bss.* .rel.gnu.linkonce.b.*)
 *(.rel.ifunc)
 .rel.ifunc     0x0000000000000000        0x0 /usr/lib/gcc/i686-linux-gnu/4.8/../../../i386-linux-gnu/crti.o
 .rel.fini_array
                0x00000000000105a8        0x8 /usr/lib/gcc/i686-linux-gnu/4.8/../../../i386-linux-gnu/crti.o
 .rel.init_array
                0x00000000000105b0        0x8 /usr/lib/gcc/i686-linux-gnu/4.8/../../../i386-linux-gnu/crti.o

.rel.plt        0x00000000000105b8       0x10
 *(.rel.plt)
 .rel.plt       0x00000000000105b8       0x10 /usr/lib/gcc/i686-linux-gnu/4.8/../../../i386-linux-gnu/crti.o
 *(.rel.iplt)

.init           0x00000000000105c8       0x23
 *(SORT(.init))
 .init          0x00000000000105c8       0x1e /usr/lib/gcc/i686-linux-gnu/4.8/../../../i386-linux-gnu/crti.o
                0x00000000000105c8                _init
 .init          0x00000000000105e6        0x5 /usr/lib/gcc/i686-linux-gnu/4.8/../../../i386-linux-gnu/crtn.o

.plt            0x00000000000105f0       0x30
 *(.plt)
 .plt           0x00000000000105f0       0x30 /usr/lib/gcc/i686-linux-gnu/4.8/../../../i386-linux-gnu/crti.o
 *(.iplt)

.text           0x0000000000010620    0x17a07
 *(.text.unlikely .text.*_unlikely .text.unlikely.*)
 *(.text.exit .text.exit.*)
 *(.text.startup .text.startup.*)
 *(.text.hot .text.hot.*)
 *(.text .stub .text.* .gnu.linkonce.t.*)
 .text          0x0000000000010620        0x0 /usr/lib/gcc/i686-linux-gnu/4.8/../../../i386-linux-gnu/crti.o
 .gnu.linkonce.t.__x86.get_pc_thunk.bx
                0x0000000000010620        0x4 /usr/lib/gcc/i686-linux-gnu/4.8/../../../i386-linux-gnu/crti.o
                0x0000000000010620                __x86.get_pc_thunk.bx
 *fill*         0x0000000000010624        0xc 
 .text          0x0000000000010630      0x11b /usr/lib/gcc/i686-linux-gnu/4.8/crtbeginS.o
 .text          0x000000000001074b      0x3ce udp-server.co
 .text          0x0000000000010b19      0x96a obj_cooja/mtype630.o
                0x0000000000010cc7                contiki_init
                0x000000000001129a                Java_org_contikios_cooja_corecomm_Lib3_init
                0x00000000000112da                Java_org_contikios_cooja_corecomm_Lib3_getMemory
                0x000000000001131a                Java_org_contikios_cooja_corecomm_Lib3_setMemory
                0x0000000000011391                Java_org_contikios_cooja_corecomm_Lib3_tick
                0x0000000000011471                Java_org_contikios_cooja_corecomm_Lib3_setReferenceAddress
 .text          0x0000000000011483       0x63 obj_cooja/mtype630.a(simEnvChange.o)
                0x0000000000011483                doActionsBeforeTick
                0x00000000000114b4                doActionsAfterTick
 .text          0x00000000000114e6       0xbc obj_cooja/mtype630.a(cooja_mt.o)
                0x00000000000114e6                cooja_mt_init
                0x00000000000114f3                cooja_mt_remove
                0x0000000000011500                cooja_mt_start
                0x000000000001152d                cooja_mt_exec
                0x000000000001155e                cooja_mt_exit
                0x0000000000011580                cooja_mt_yield
 .text          0x00000000000115a2      0x115 obj_cooja/mtype630.a(cooja_mtarch.o)
                0x00000000000115a2                cooja_mtarch_init
                0x00000000000115a7                cooja_mtarch_start
                0x0000000000011622                cooja_sw
                0x0000000000011644                cooja_mtarch_exec
                0x0000000000011660                cooja_mtarch_remove
                0x0000000000011665                cooja_mtarch_yield
                0x000000000001166f                cooja_mtarch_pstop
                0x0000000000011674                cooja_mtarch_pstart
                0x0000000000011679                cooja_mtarch_stack_usage
 .text          0x00000000000116b7       0xc2 obj_cooja/mtype630.a(rtimer-arch.o)
                0x00000000000116b7                rtimer_arch_init
                0x00000000000116da                rtimer_arch_schedule
                0x00000000000116f1                rtimer_arch_next
                0x00000000000116fb                rtimer_arch_pending
                0x0000000000011705                rtimer_arch_check
                0x0000000000011737                rtimer_arch_now
 .text          0x0000000000011779       0x76 obj_cooja/mtype630.a(beep.o)
                0x0000000000011779                beep_alarm
                0x0000000000011785                beep_beep
                0x0000000000011791                beep
                0x000000000001179d                beep_down
                0x00000000000117a9                beep_on
                0x00000000000117b5                beep_off
                0x00000000000117c1                beep_spinup
                0x00000000000117cd                beep_quick
                0x00000000000117d9                beep_long
 .text          0x00000000000117ef      0x103 obj_cooja/mtype630.a(button-sensor.o)
 .text          0x00000000000118f2       0x45 obj_cooja/mtype630.a(leds-arch.o)
                0x00000000000118f2                leds_arch_init
                0x00000000000118fe                leds_arch_get
                0x000000000001190a                leds_arch_set
 .text          0x0000000000011937       0x2f obj_cooja/mtype630.a(moteid.o)
 .text          0x0000000000011966       0xb1 obj_cooja/mtype630.a(pir-sensor.o)
 .text          0x0000000000011a17      0x131 obj_cooja/mtype630.a(rs232.o)
                0x0000000000011a17                rs232_init
                0x0000000000011a1c                rs232_set_speed
                0x0000000000011a2a                rs232_set_input
                0x0000000000011a37                rs232_send
                0x0000000000011a59                rs232_print
                0x0000000000011a74                slip_arch_writeb
 .text          0x0000000000011b48       0xb1 obj_cooja/mtype630.a(vib-sensor.o)
 .text          0x0000000000011bf9       0x34 obj_cooja/mtype630.a(clock.o)
                0x0000000000011bf9                clock_init
                0x0000000000011bfe                clock_time
                0x0000000000011c08                clock_seconds
                0x0000000000011c1e                clock_delay
 .text          0x0000000000011c2d      0x1ed obj_cooja/mtype630.a(log.o)
                0x0000000000011c2d                simlog_char
                0x0000000000011c6f                simlog
                0x0000000000011cdc                log_message
                0x0000000000011d04                log_set_putchar_with_slip
                0x0000000000011d11                log_putchar
                0x0000000000011d95                log_puts
                0x0000000000011db9                log_printf
 .text          0x0000000000011e1a      0x2c4 obj_cooja/mtype630.a(cfs-cooja.o)
                0x0000000000011e1a                cfs_open
                0x0000000000011e83                cfs_close
                0x0000000000011e8f                cfs_read
                0x0000000000011f2d                cfs_write
                0x000000000001200a                cfs_seek
                0x0000000000012092                cfs_remove
                0x00000000000120bb                cfs_opendir
                0x00000000000120c5                cfs_readdir
                0x00000000000120cf                cfs_closedir
 .text          0x00000000000120de      0x6b7 obj_cooja/mtype630.a(cooja-radio.o)
                0x0000000000012108                radio_set_channel
                0x000000000001211d                radio_set_txpower
                0x000000000001213d                radio_signal_strength_last
                0x0000000000012147                radio_signal_strength_current
                0x0000000000012151                radio_LQI
 .text          0x0000000000012795       0xef obj_cooja/mtype630.a(eeprom.o)
                0x0000000000012795                eeprom_init
                0x000000000001279a                eeprom_read
                0x000000000001280a                eeprom_write
 .text          0x0000000000012884       0x28 obj_cooja/mtype630.a(random.o)
                0x0000000000012884                random_init
                0x000000000001289f                random_rand
 .text          0x00000000000128ac      0x2a1 obj_cooja/mtype630.a(sensors.o)
                0x00000000000128e7                sensors_first
                0x00000000000128f1                sensors_next
                0x000000000001290e                sensors_changed
                0x000000000001293d                sensors_find
 .text          0x0000000000012b4d      0x134 obj_cooja/mtype630.a(leds.o)
                0x0000000000012b9e                leds_init
                0x0000000000012bb2                leds_blink
                0x0000000000012bea                leds_get
                0x0000000000012bf7                leds_set
                0x0000000000012c11                leds_on
                0x0000000000012c34                leds_off
                0x0000000000012c5e                leds_toggle
 .text          0x0000000000012c81      0x471 obj_cooja/mtype630.a(dual_conf.o)
                0x0000000000012c81                dual_radio_switch
                0x0000000000012cc1                dual_radio_change
                0x0000000000012cfb                sending_in_LR
                0x0000000000012d26                dual_radio_received
                0x0000000000012d79                radio_received_is_longrange
                0x0000000000012d94                dual_radio_turn_on
                0x0000000000012db7                dual_radio_turn_off
                0x0000000000013078                dio_broadcast
                0x00000000000130a1                dis_broadcast
                0x00000000000130c2                LSA_converge_broadcast
 .text          0x00000000000130f2       0x8e obj_cooja/mtype630.a(autostart.o)
                0x00000000000130f2                autostart_start
                0x000000000001313d                autostart_exit
 .text          0x0000000000013180      0x334 obj_cooja/mtype630.a(ctimer.o)
                0x0000000000013297                ctimer_init
                0x00000000000132c7                ctimer_set
                0x00000000000132f8                ctimer_set_with_process
                0x0000000000013374                ctimer_reset
                0x00000000000133c3                ctimer_restart
                0x0000000000013412                ctimer_stop
                0x000000000001345d                ctimer_expired
 .text          0x00000000000134b4      0x40b obj_cooja/mtype630.a(etimer.o)
                0x00000000000136c7                etimer_request_poll
                0x000000000001374b                etimer_set
                0x0000000000013770                etimer_reset_with_new_interval
                0x0000000000013797                etimer_reset
                0x00000000000137b5                etimer_restart
                0x00000000000137d3                etimer_adjust
                0x00000000000137ef                etimer_expired
                0x0000000000013802                etimer_expiration_time
                0x0000000000013814                etimer_start_time
                0x000000000001381e                etimer_pending
                0x0000000000013830                etimer_next_expiration_time
                0x000000000001384a                etimer_stop
 .text          0x00000000000138bf      0x12d obj_cooja/mtype630.a(log_message.o)
                0x00000000000138bf                log_initialization
                0x00000000000139cb                log_finisher
 .text          0x00000000000139ec      0x560 obj_cooja/mtype630.a(process.o)
                0x00000000000139ec                process_alloc_event
                0x0000000000013a01                process_start
                0x0000000000013bea                process_exit
                0x0000000000013c06                process_init
                0x0000000000013dd7                process_run
                0x0000000000013e0a                process_nevents
                0x0000000000013e25                process_post
                0x0000000000013ed1                process_post_synch
                0x0000000000013f09                process_poll
                0x0000000000013f38                process_is_running
 .text          0x0000000000013f4c       0xd3 obj_cooja/mtype630.a(residual.o)
                0x0000000000013f4c                get_residual_energy
 .text          0x000000000001401f       0xba obj_cooja/mtype630.a(rtimer.o)
                0x000000000001401f                rtimer_init
                0x000000000001402c                rtimer_set
                0x0000000000014083                rtimer_run_next
 .text          0x00000000000140d9       0x91 obj_cooja/mtype630.a(timer.o)
                0x00000000000140d9                timer_set
                0x00000000000140f4                timer_reset
                0x000000000001410b                timer_restart
                0x000000000001411d                timer_expired
                0x0000000000014146                timer_remaining
 .text          0x000000000001416a      0x1fb obj_cooja/mtype630.a(serial-line.o)
                0x000000000001416a                serial_line_input_byte
                0x000000000001432d                serial_line_init
 .text          0x0000000000014365      0x244 obj_cooja/mtype630.a(list.o)
                0x0000000000014365                list_init
                0x0000000000014373                list_head
                0x000000000001437d                list_copy
                0x000000000001438c                list_tail
                0x00000000000143c2                list_add
                0x000000000001440b                list_push
                0x0000000000014437                list_chop
                0x00000000000144a1                list_pop
                0x00000000000144c9                list_remove
                0x0000000000014530                list_length
                0x000000000001455e                list_insert
                0x0000000000014592                list_item_next
 .text          0x00000000000145a9      0x155 obj_cooja/mtype630.a(ringbuf.o)
                0x00000000000145a9                ringbuf_init
                0x00000000000145da                ringbuf_put
                0x0000000000014658                ringbuf_get
                0x00000000000146c5                ringbuf_size
                0x00000000000146d7                ringbuf_elements
 .text          0x00000000000146fe     0x2c69 obj_cooja/mtype630.a(sicslowpan.o)
                0x0000000000014cfe                rime_sniffer_add
                0x0000000000014d0b                rime_sniffer_remove
                0x0000000000017306                sicslowpan_init
                0x000000000001735d                sicslowpan_get_last_rssi
 .text          0x0000000000017367      0x2dc obj_cooja/mtype630.a(uip-ds6-nbr.o)
                0x0000000000017384                uip_ds6_neighbors_init
                0x00000000000173a1                uip_ds6_nbr_add
                0x0000000000017452                uip_ds6_nbr_rm
                0x00000000000174af                uip_ds6_nbr_get_ipaddr
                0x00000000000174c4                uip_ds6_nbr_get_ll
                0x00000000000174e0                uip_ds6_nbr_num
                0x0000000000017525                uip_ds6_nbr_lookup
                0x000000000001758a                uip_ds6_nbr_ll_lookup
                0x00000000000175a6                uip_ds6_nbr_ipaddr_from_lladdr
                0x00000000000175cc                uip_ds6_nbr_lladdr_from_ipaddr
                0x00000000000175fa                uip_ds6_link_neighbor_callback
 .text          0x0000000000017643     0x12ad obj_cooja/mtype630.a(uip-ds6.o)
                0x0000000000017643                uip_ds6_init
                0x0000000000017998                uip_ds6_periodic
                0x0000000000017a70                uip_ds6_list_loop
                0x0000000000017b17                uip_ds6_prefix_add
                0x0000000000017bd5                uip_ds6_prefix_rm
                0x0000000000017be7                uip_ds6_prefix_lookup
                0x0000000000017c38                uip_ds6_is_addr_onlink
                0x0000000000017cac                uip_ds6_addr_add
                0x0000000000017dda                uip_ds6_long_addr_add
                0x0000000000017f08                uip_ds6_addr_rm
                0x0000000000017fa8                uip_ds6_addr_lookup
                0x0000000000017ff3                uip_ds6_long_addr_lookup
                0x000000000001803e                uip_ds6_get_link_local
                0x00000000000180bd                uip_ds6_long_get_link_local
                0x000000000001813c                uip_ds6_get_global
                0x00000000000181bb                uip_ds6_long_get_global
                0x000000000001823a                uip_ds6_maddr_add
                0x00000000000182ac                uip_ds6_long_maddr_add
                0x000000000001831e                uip_ds6_maddr_rm
                0x0000000000018330                uip_ds6_maddr_lookup
                0x000000000001837b                uip_ds6_long_maddr_lookup
                0x00000000000183c6                uip_ds6_aaddr_add
                0x0000000000018438                uip_ds6_long_aaddr_add
                0x00000000000184aa                uip_ds6_aaddr_rm
                0x00000000000184bc                uip_ds6_aaddr_lookup
                0x0000000000018507                uip_ds6_long_aaddr_lookup
                0x0000000000018552                uip_ds6_select_src
                0x00000000000187db                uip_ds6_set_addr_iid
                0x0000000000018812                get_match_length
                0x00000000000188a4                uip_ds6_compute_reachable_time
 .text          0x00000000000188f0     0x2a00 obj_cooja/mtype630.a(uip6.o)
                0x00000000000188f0                uip_add32
                0x0000000000018a89                uip_chksum
                0x0000000000018b77                uip_icmp6chksum
                0x0000000000018b8b                uip_tcpchksum
                0x0000000000018b9f                uip_udpchksum
                0x0000000000018bb3                uip_init
                0x0000000000018c83                uip_connect
                0x0000000000018e32                remove_ext_hdr
                0x0000000000018f07                uip_udp_new
                0x0000000000019063                uip_unlisten
                0x00000000000190c3                uip_listen
                0x0000000000019385                uip_process
                0x000000000001b1e4                uip_htons
                0x000000000001b206                uip_htonl
                0x000000000001b246                uip_send
 .text          0x000000000001b2f0      0xb50 obj_cooja/mtype630.a(tcpip.o)
                0x000000000001b2f0                tcpip_output
                0x000000000001b32b                tcpip_set_outputfunc
                0x000000000001b3bf                tcp_connect
                0x000000000001b414                tcp_unlisten
                0x000000000001b46f                tcp_listen
                0x000000000001b4c8                tcp_attach
                0x000000000001b4ed                udp_attach
                0x000000000001b512                udp_new
                0x000000000001b564                udp_broadcast_new
                0x000000000001b7d8                tcpip_input
                0x000000000001b80c                tcpip_ipv6_output
                0x000000000001bc86                tcpip_poll_udp
                0x000000000001bca9                tcpip_poll_tcp
                0x000000000001bccc                tcpip_uipcall
 .text          0x000000000001be40      0x1c1 obj_cooja/mtype630.a(uip-debug.o)
                0x000000000001be40                uip_debug_ipaddr_print
                0x000000000001bfa2                uip_debug_lladdr_print
 .text          0x000000000001c001      0x141 obj_cooja/mtype630.a(uip-packetqueue)
                0x000000000001c02d                uip_packetqueue_new
                0x000000000001c03b                uip_packetqueue_alloc
                0x000000000001c09b                uip_packetqueue_free
                0x000000000001c0dc                uip_packetqueue_buf
                0x000000000001c0f9                uip_packetqueue_buflen
                0x000000000001c11a                uip_packetqueue_set_buflen
 .text          0x000000000001c142     0x26ab obj_cooja/mtype630.a(rpl-dag.o)
                0x000000000001c142                rpl_lr_in_child
                0x000000000001c1fa                rpl_print_neighbor_list
                0x000000000001c2a3                rpl_print_child_neighbor_list
                0x000000000001c318                rpl_get_nbr
                0x000000000001c372                rpl_get_nbr_child
                0x000000000001c3cc                rpl_dag_init
                0x000000000001c3fe                rpl_get_parent
                0x000000000001c420                rpl_get_parent_rank
                0x000000000001c453                rpl_get_parent_link_metric
                0x000000000001c486                rpl_get_parent_ipaddr
                0x000000000001c4b0                rpl_get_child_ipaddr
                0x000000000001c7cb                rpl_set_root
                0x000000000001c9f9                rpl_repair_root
                0x000000000001cc35                rpl_set_prefix
                0x000000000001cd34                rpl_set_default_route
                0x000000000001cdc0                rpl_alloc_instance
                0x000000000001ce48                rpl_alloc_dag
                0x000000000001cefb                rpl_set_default_instance
                0x000000000001cf08                rpl_get_default_instance
                0x000000000001cf12                rpl_free_instance
                0x000000000001cfb3                rpl_free_dag
                0x000000000001d019                rpl_add_parent
                0x000000000001d102                rpl_find_parent
                0x000000000001d132                rpl_add_child
                0x000000000001d1d6                rpl_find_child
                0x000000000001d224                rpl_find_parent_any_dag
                0x000000000001d260                rpl_select_dag
                0x000000000001d696                rpl_select_parent
                0x000000000001d6f8                rpl_remove_parent
                0x000000000001d72e                rpl_remove_child
                0x000000000001d74a                rpl_nullify_parent
                0x000000000001d7e8                rpl_move_parent
                0x000000000001d885                rpl_has_downward_route
                0x000000000001d8d8                rpl_get_any_dag
                0x000000000001d93a                rpl_get_instance
                0x000000000001d99d                rpl_find_of
                0x000000000001d9da                rpl_join_instance
                0x000000000001dc76                rpl_add_dag
                0x000000000001e065                rpl_local_repair
                0x000000000001e13e                rpl_recalculate_ranks
                0x000000000001e1c4                rpl_process_parent_event
                0x000000000001e276                rpl_process_dio
 .text          0x000000000001e7ed      0xbf3 obj_cooja/mtype630.a(rpl-ext-header.)
                0x000000000001e80a                rpl_verify_header
                0x000000000001ec84                rpl_update_header_empty
                0x000000000001ef9b                rpl_update_header_final
                0x000000000001f12a                rpl_remove_header
                0x000000000001f234                rpl_invert_header
                0x000000000001f3be                rpl_insert_header
 .text          0x000000000001f3e0     0x24ea obj_cooja/mtype630.a(rpl-icmp6.o)
                0x000000000001f6a9                rpl_icmp6_update_nbr_table
                0x000000000001f799                dis_output
                0x00000000000200d1                dio_output
                0x000000000002093c                LSA_converge_output
                0x0000000000021429                dao_output
                0x00000000000214f1                dao_output_target
                0x0000000000021872                dao_ack_output
                0x0000000000021886                rpl_icmp6_register_handlers
 .text          0x00000000000218ca      0x3dc obj_cooja/mtype630.a(rpl-ltmax.o)
 .text          0x0000000000021ca6      0x745 obj_cooja/mtype630.a(rpl-timers.o)
                0x0000000000021ca6                rpl_LSA_convergence_timer
                0x0000000000021d9c                rpl_reset_LSA_convergence_timer
                0x0000000000022094                rpl_reset_periodic_timer
                0x00000000000220e9                rpl_reset_dio_timer
                0x0000000000022323                rpl_schedule_dao
                0x000000000002233e                rpl_schedule_dao_immediately
                0x0000000000022359                rpl_cancel_dao
                0x00000000000223bb                rpl_schedule_unicast_dio_immediately
 .text          0x00000000000223eb      0x5dc obj_cooja/mtype630.a(rpl.o)
                0x00000000000223eb                rpl_get_mode
                0x00000000000223f5                rpl_set_mode
                0x0000000000022483                rpl_purge_routes
                0x000000000002257d                rpl_remove_routes
                0x00000000000225c3                rpl_remove_routes_by_nexthop
                0x000000000002262f                rpl_add_route
                0x00000000000226aa                rpl_link_neighbor_callback
                0x00000000000227af                rpl_ipv6_neighbor_callback
                0x000000000002281e                rpl_purge_dags
                0x000000000002292a                rpl_init
 .text          0x00000000000229c7      0x87b obj_cooja/mtype630.a(csma.o)
 .text          0x0000000000023242      0x3f5 obj_cooja/mtype630.a(framer-802154.o)
 .text          0x0000000000023637       0x3c obj_cooja/mtype630.a(mac.o)
                0x0000000000023637                mac_call_sent_callback
 .text          0x0000000000023673     0x12ac obj_cooja/mtype630.a(cxmac.o)
                0x0000000000024853                cxmac_set_announcement_radio_txpower
                0x0000000000024858                cxmac_init
 .text          0x000000000002491f       0x82 obj_cooja/mtype630.a(linkaddr.o)
                0x000000000002491f                linkaddr_copy
                0x0000000000024941                linkaddr_cmp
                0x000000000002496b                linkaddr_set_node_addr
                0x0000000000024986                linkaddr_set_node_long_addr
 .text          0x00000000000249a1      0x915 obj_cooja/mtype630.a(nbr-table.o)
                0x00000000000249a1                long_ip_from_lladdr_map
                0x0000000000024a2a                lladdr_map_add_lr
                0x0000000000024ae7                lladdr_map_rm_lr
                0x0000000000024fac                nbr_table_register
                0x0000000000024ff4                nbr_table_head
                0x0000000000025050                nbr_table_next
                0x00000000000250b7                nbr_table_add_lladdr
                0x0000000000025193                nbr_table_get_from_lladdr
                0x00000000000251e0                nbr_table_remove
                0x0000000000025232                nbr_table_lock
                0x000000000002525c                nbr_table_unlock
                0x0000000000025286                nbr_table_get_lladdr
 .text          0x00000000000252b6       0x2b obj_cooja/mtype630.a(netstack.o)
                0x00000000000252b6                netstack_init
 .text          0x00000000000252e1      0x3cd obj_cooja/mtype630.a(packetbuf.o)
                0x00000000000252e1                packetbuf_clear
                0x000000000002530b                packetbuf_copyfrom
                0x000000000002535d                packetbuf_compact
                0x00000000000253da                packetbuf_copyto
                0x0000000000025471                packetbuf_hdralloc
                0x00000000000254ee                packetbuf_hdrreduce
                0x0000000000025536                packetbuf_set_datalen
                0x000000000002554f                packetbuf_dataptr
                0x000000000002556c                packetbuf_hdrptr
                0x0000000000025576                packetbuf_datalen
                0x0000000000025582                packetbuf_hdrlen
                0x0000000000025599                packetbuf_totlen
                0x00000000000255af                packetbuf_attr_clear
                0x0000000000025601                packetbuf_attr_copyto
                0x000000000002564a                packetbuf_attr_copyfrom
                0x0000000000025692                packetbuf_holds_broadcast
 .text          0x00000000000256ae      0x2b4 obj_cooja/mtype630.a(queuebuf.o)
                0x00000000000256b8                queuebuf_init
                0x00000000000256d8                queuebuf_numfree
                0x00000000000256ec                queuebuf_new_from_packetbuf
                0x000000000002577c                queuebuf_update_attr_from_packetbuf
                0x00000000000257af                queuebuf_update_from_packetbuf
                0x00000000000257f9                queuebuf_free
                0x0000000000025840                queuebuf_to_packetbuf
                0x00000000000258a6                queuebuf_dataptr
                0x00000000000258dd                queuebuf_datalen
                0x0000000000025900                queuebuf_addr
                0x0000000000025932                queuebuf_attr
                0x000000000002595d                queuebuf_debug_print
 .text          0x0000000000025962       0x6e obj_cooja/mtype630.a(nullsec.o)
 .text          0x00000000000259d0       0x19 obj_cooja/mtype630.a(watchdog.o)
                0x00000000000259d0                watchdog_init
                0x00000000000259d5                watchdog_start
                0x00000000000259da                watchdog_periodic
                0x00000000000259df                watchdog_stop
                0x00000000000259e4                watchdog_reboot
 .text          0x00000000000259e9        0x0 obj_cooja/mtype630.a(rimestats.o)
 .text          0x00000000000259e9       0xa3 obj_cooja/mtype630.a(stimer.o)
                0x00000000000259e9                stimer_set
                0x0000000000025a04                stimer_reset
                0x0000000000025a1b                stimer_restart
                0x0000000000025a2d                stimer_expired
                0x0000000000025a54                stimer_remaining
                0x0000000000025a78                stimer_elapsed
 .text          0x0000000000025a8c      0x1c1 obj_cooja/mtype630.a(memb.o)
                0x0000000000025a8c                memb_init
                0x0000000000025aea                memb_alloc
                0x0000000000025b4f                memb_free
                0x0000000000025bca                memb_inmemb
                0x0000000000025c09                memb_numfree
 .text          0x0000000000025c4d      0x916 obj_cooja/mtype630.a(uip-ds6-route.o)
                0x0000000000025cc4                uip_ds6_notification_add
                0x0000000000025cf5                uip_ds6_notification_rm
                0x0000000000025d11                uip_ds6_route_init
                0x0000000000025d99                uip_ds6_route_nexthop
                0x0000000000025dc1                uip_ds6_route_head
                0x0000000000025dd6                uip_ds6_route_next
                0x0000000000025dfc                uip_ds6_route_is_nexthop
                0x0000000000025e3b                uip_ds6_route_num_routes
                0x0000000000025e45                uip_ds6_route_lookup
                0x0000000000025f07                uip_ds6_route_add
                0x000000000002613b                uip_ds6_route_rm
                0x00000000000262cf                uip_ds6_route_rm_by_nexthop
                0x0000000000026307                uip_ds6_defrt_add
                0x00000000000263b8                uip_ds6_defrt_rm
                0x0000000000026437                uip_ds6_defrt_lookup
                0x0000000000026490                uip_ds6_defrt_choose
                0x00000000000264fb                uip_ds6_defrt_periodic
 .text          0x0000000000026563      0xabf obj_cooja/mtype630.a(uip-icmp6.o)
                0x00000000000265d1                uip_icmp6_input
                0x0000000000026627                uip_icmp6_register_input_handler
                0x00000000000268ef                uip_icmp6_error_output
                0x0000000000026c34                uip_icmp6_send
                0x0000000000026fb5                uip_icmp6_echo_reply_callback_add
                0x0000000000026fe6                uip_icmp6_echo_reply_callback_rm
                0x0000000000027002                uip_icmp6_init
 .text          0x0000000000027022      0x358 obj_cooja/mtype630.a(uip-nd6.o)
                0x0000000000027076                uip_nd6_ns_output
                0x0000000000027375                uip_nd6_init
 .text          0x000000000002737a      0x331 obj_cooja/mtype630.a(rpl-nbr-policy.)
                0x0000000000027552                find_removable_dis
                0x0000000000027575                find_removable_dio
                0x0000000000027604                find_removable_dao
                0x0000000000027654                rpl_nbr_policy_find_removable
 .text          0x00000000000276ab      0x97c obj_cooja/mtype630.a(frame802154.o)
                0x00000000000276dc                frame802154_get_pan_id
                0x00000000000276e8                frame802154_set_pan_id
                0x0000000000027701                frame802154_has_panid
                0x00000000000277ed                frame802154_check_dest_panid
                0x0000000000027855                frame802154_is_broadcast_addr
                0x00000000000278a2                frame802154_extract_linkaddr
                0x0000000000027ae2                frame802154_hdrlen
                0x0000000000027b33                frame802154_create
                0x0000000000027d1e                frame802154_parse
 .text          0x0000000000028027        0x0 /usr/lib/gcc/i686-linux-gnu/4.8/crtendS.o
 .text          0x0000000000028027        0x0 /usr/lib/gcc/i686-linux-gnu/4.8/../../../i386-linux-gnu/crtn.o
 *(.gnu.warning)

.fini           0x0000000000028028       0x14
 *(SORT(.fini))
 .fini          0x0000000000028028        0xf /usr/lib/gcc/i686-linux-gnu/4.8/../../../i386-linux-gnu/crti.o
                0x0000000000028028                _fini
 .fini          0x0000000000028037        0x5 /usr/lib/gcc/i686-linux-gnu/4.8/../../../i386-linux-gnu/crtn.o
                0x000000000002803c                PROVIDE (__etext, .)
                0x000000000002803c                PROVIDE (_etext, .)
                0x000000000002803c                PROVIDE (etext, .)

.rodata         0x0000000000028040     0x1620
 *(.rodata .rodata.* .gnu.linkonce.r.*)
 .rodata        0x0000000000028040      0x148 udp-server.co
                0x0000000000028054                autostart_processes
 .rodata        0x0000000000028188      0x1e6 obj_cooja/mtype630.o
 *fill*         0x000000000002836e        0x2 
 .rodata        0x0000000000028370        0x8 obj_cooja/mtype630.a(beep.o)
                0x0000000000028370                beep_interface
 .rodata        0x0000000000028378       0x20 obj_cooja/mtype630.a(button-sensor.o)
                0x0000000000028378                button_interface
                0x0000000000028388                button_sensor
 .rodata        0x0000000000028398        0x8 obj_cooja/mtype630.a(leds-arch.o)
                0x0000000000028398                leds_interface
 .rodata        0x00000000000283a0        0x8 obj_cooja/mtype630.a(moteid.o)
                0x00000000000283a0                moteid_interface
 .rodata        0x00000000000283a8       0x1c obj_cooja/mtype630.a(pir-sensor.o)
                0x00000000000283a8                pir_interface
                0x00000000000283b4                pir_sensor
 .rodata        0x00000000000283c4        0xe obj_cooja/mtype630.a(rs232.o)
                0x00000000000283c4                rs232_interface
 *fill*         0x00000000000283d2        0x2 
 .rodata        0x00000000000283d4       0x24 obj_cooja/mtype630.a(vib-sensor.o)
                0x00000000000283d4                vib_interface
                0x00000000000283e8                vib_sensor
 .rodata        0x00000000000283f8        0x8 obj_cooja/mtype630.a(clock.o)
                0x00000000000283f8                clock_interface
 .rodata        0x0000000000028400        0x8 obj_cooja/mtype630.a(log.o)
                0x0000000000028400                simlog_interface
 .rodata        0x0000000000028408       0x2f obj_cooja/mtype630.a(cfs-cooja.o)
                0x0000000000028408                cfs_interface
 *fill*         0x0000000000028437        0x9 
 .rodata        0x0000000000028440       0xc0 obj_cooja/mtype630.a(cooja-radio.o)
                0x00000000000284c0                cooja_radio_driver
                0x00000000000284f8                radio_interface
 .rodata        0x0000000000028500        0x8 obj_cooja/mtype630.a(eeprom.o)
                0x0000000000028500                eeprom_interface
 .rodata        0x0000000000028508        0x8 obj_cooja/mtype630.a(sensors.o)
 .rodata        0x0000000000028510      0x1fe obj_cooja/mtype630.a(dual_conf.o)
 .rodata        0x000000000002870e        0xf obj_cooja/mtype630.a(ctimer.o)
 .rodata        0x000000000002871d        0xc obj_cooja/mtype630.a(etimer.o)
 *fill*         0x0000000000028729        0x3 
 .rodata        0x000000000002872c       0x73 obj_cooja/mtype630.a(log_message.o)
 *fill*         0x000000000002879f        0x1 
 .rodata        0x00000000000287a0       0x20 obj_cooja/mtype630.a(residual.o)
 .rodata        0x00000000000287c0        0xe obj_cooja/mtype630.a(serial-line.o)
 *fill*         0x00000000000287ce        0x2 
 .rodata        0x00000000000287d0      0x900 obj_cooja/mtype630.a(sicslowpan.o)
                0x00000000000288a9                unc_llconf
                0x00000000000288ad                unc_ctxconf
                0x00000000000288b1                unc_mxconf
                0x00000000000288b5                llprefix
                0x00000000000290c4                sicslowpan_driver
 .rodata        0x00000000000290d0      0x13c obj_cooja/mtype630.a(uip6.o)
 .rodata        0x000000000002920c       0x49 obj_cooja/mtype630.a(tcpip.o)
 .rodata        0x0000000000029255       0x3e obj_cooja/mtype630.a(uip-debug.o)
 *fill*         0x0000000000029293        0x1 
 .rodata        0x0000000000029294        0x4 obj_cooja/mtype630.a(rpl-dag.o)
 .rodata        0x0000000000029298       0x1c obj_cooja/mtype630.a(rpl-icmp6.o)
 .rodata        0x00000000000292b4       0x8a obj_cooja/mtype630.a(rpl-timers.o)
 *fill*         0x000000000002933e        0x2 
 .rodata        0x0000000000029340       0x24 obj_cooja/mtype630.a(csma.o)
                0x0000000000029348                csma_driver
 .rodata        0x0000000000029364        0xc obj_cooja/mtype630.a(framer-802154.o)
                0x0000000000029364                framer_802154
 *fill*         0x0000000000029370       0x10 
 .rodata        0x0000000000029380      0x2c0 obj_cooja/mtype630.a(cxmac.o)
                0x0000000000029620                cxmac_driver
 .rodata        0x0000000000029640        0x8 obj_cooja/mtype630.a(linkaddr.o)
                0x0000000000029640                linkaddr_null
 .rodata        0x0000000000029648       0x18 obj_cooja/mtype630.a(nullsec.o)
                0x0000000000029650                nullsec_driver

.rodata1
 *(.rodata1)

.eh_frame_hdr   0x0000000000029660     0x1434
 *(.eh_frame_hdr)
 .eh_frame_hdr  0x0000000000029660     0x1434 udp-server.co

.eh_frame       0x000000000002aa94     0x5224
 *(.eh_frame)
 .eh_frame      0x000000000002aa94       0x3c /usr/lib/gcc/i686-linux-gnu/4.8/../../../i386-linux-gnu/crti.o
                                         0x40 (size before relaxing)
 .eh_frame      0x000000000002aad0       0x68 udp-server.co
                                         0x80 (size before relaxing)
 .eh_frame      0x000000000002ab38      0x148 obj_cooja/mtype630.o
                                        0x160 (size before relaxing)
 .eh_frame      0x000000000002ac80       0x40 obj_cooja/mtype630.a(simEnvChange.o)
                                         0x58 (size before relaxing)
 .eh_frame      0x000000000002acc0       0xc0 obj_cooja/mtype630.a(cooja_mt.o)
                                         0xd8 (size before relaxing)
 .eh_frame      0x000000000002ad80      0x120 obj_cooja/mtype630.a(cooja_mtarch.o)
                                        0x138 (size before relaxing)
 .eh_frame      0x000000000002aea0       0xc0 obj_cooja/mtype630.a(rtimer-arch.o)
                                         0xd8 (size before relaxing)
 .eh_frame      0x000000000002af60      0x160 obj_cooja/mtype630.a(beep.o)
                                        0x178 (size before relaxing)
 .eh_frame      0x000000000002b0c0       0xa0 obj_cooja/mtype630.a(button-sensor.o)
                                         0xb8 (size before relaxing)
 .eh_frame      0x000000000002b160       0xa0 obj_cooja/mtype630.a(leds-arch.o)
                                         0xb8 (size before relaxing)
 .eh_frame      0x000000000002b200       0x40 obj_cooja/mtype630.a(moteid.o)
                                         0x58 (size before relaxing)
 .eh_frame      0x000000000002b240       0xa0 obj_cooja/mtype630.a(pir-sensor.o)
                                         0xb8 (size before relaxing)
 .eh_frame      0x000000000002b2e0      0x100 obj_cooja/mtype630.a(rs232.o)
                                        0x118 (size before relaxing)
 .eh_frame      0x000000000002b3e0       0xa0 obj_cooja/mtype630.a(vib-sensor.o)
                                         0xb8 (size before relaxing)
 .eh_frame      0x000000000002b480       0xc0 obj_cooja/mtype630.a(clock.o)
                                         0xd8 (size before relaxing)
 .eh_frame      0x000000000002b540      0x120 obj_cooja/mtype630.a(log.o)
                                        0x138 (size before relaxing)
 .eh_frame      0x000000000002b660      0x160 obj_cooja/mtype630.a(cfs-cooja.o)
                                        0x178 (size before relaxing)
 .eh_frame      0x000000000002b7c0      0x2e0 obj_cooja/mtype630.a(cooja-radio.o)
                                        0x2f8 (size before relaxing)
 .eh_frame      0x000000000002baa0       0xa0 obj_cooja/mtype630.a(eeprom.o)
                                         0xb8 (size before relaxing)
 .eh_frame      0x000000000002bb40       0x40 obj_cooja/mtype630.a(random.o)
                                         0x58 (size before relaxing)
 .eh_frame      0x000000000002bb80       0xc0 obj_cooja/mtype630.a(sensors.o)
                                         0xd8 (size before relaxing)
 .eh_frame      0x000000000002bc40      0x100 obj_cooja/mtype630.a(leds.o)
                                        0x118 (size before relaxing)
 .eh_frame      0x000000000002bd40      0x1a0 obj_cooja/mtype630.a(dual_conf.o)
                                        0x1b8 (size before relaxing)
 .eh_frame      0x000000000002bee0       0x40 obj_cooja/mtype630.a(autostart.o)
                                         0x58 (size before relaxing)
 .eh_frame      0x000000000002bf20      0x100 obj_cooja/mtype630.a(ctimer.o)
                                        0x118 (size before relaxing)
 .eh_frame      0x000000000002c020      0x1e0 obj_cooja/mtype630.a(etimer.o)
                                        0x1f8 (size before relaxing)
 .eh_frame      0x000000000002c200       0x40 obj_cooja/mtype630.a(log_message.o)
                                         0x58 (size before relaxing)
 .eh_frame      0x000000000002c240      0x1c8 obj_cooja/mtype630.a(process.o)
                                        0x1e0 (size before relaxing)
 .eh_frame      0x000000000002c408       0x2c obj_cooja/mtype630.a(residual.o)
                                         0x44 (size before relaxing)
 .eh_frame      0x000000000002c434       0x60 obj_cooja/mtype630.a(rtimer.o)
                                         0x78 (size before relaxing)
 .eh_frame      0x000000000002c494       0xa4 obj_cooja/mtype630.a(timer.o)
                                         0xbc (size before relaxing)
 .eh_frame      0x000000000002c538       0x60 obj_cooja/mtype630.a(serial-line.o)
                                         0x78 (size before relaxing)
 .eh_frame      0x000000000002c598      0x180 obj_cooja/mtype630.a(list.o)
                                        0x198 (size before relaxing)
 .eh_frame      0x000000000002c718       0xa0 obj_cooja/mtype630.a(ringbuf.o)
                                         0xb8 (size before relaxing)
 .eh_frame      0x000000000002c7b8      0x350 obj_cooja/mtype630.a(sicslowpan.o)
                                        0x368 (size before relaxing)
 .eh_frame      0x000000000002cb08      0x180 obj_cooja/mtype630.a(uip-ds6-nbr.o)
                                        0x198 (size before relaxing)
 .eh_frame      0x000000000002cc88      0x3c8 obj_cooja/mtype630.a(uip-ds6.o)
                                        0x3e0 (size before relaxing)
 .eh_frame      0x000000000002d050      0x27c obj_cooja/mtype630.a(uip6.o)
                                        0x294 (size before relaxing)
 .eh_frame      0x000000000002d2cc      0x270 obj_cooja/mtype630.a(tcpip.o)
                                        0x288 (size before relaxing)
 .eh_frame      0x000000000002d53c       0x48 obj_cooja/mtype630.a(uip-debug.o)
                                         0x60 (size before relaxing)
 .eh_frame      0x000000000002d584       0xe0 obj_cooja/mtype630.a(uip-packetqueue)
                                         0xf8 (size before relaxing)
 .eh_frame      0x000000000002d664      0x76c obj_cooja/mtype630.a(rpl-dag.o)
                                        0x784 (size before relaxing)
 .eh_frame      0x000000000002ddd0      0x10c obj_cooja/mtype630.a(rpl-ext-header.)
                                        0x124 (size before relaxing)
 .eh_frame      0x000000000002dedc      0x2f8 obj_cooja/mtype630.a(rpl-icmp6.o)
                                        0x310 (size before relaxing)
 .eh_frame      0x000000000002e1d4       0xe0 obj_cooja/mtype630.a(rpl-ltmax.o)
                                         0xf8 (size before relaxing)
 .eh_frame      0x000000000002e2b4      0x20c obj_cooja/mtype630.a(rpl-timers.o)
                                        0x224 (size before relaxing)
 .eh_frame      0x000000000002e4c0      0x148 obj_cooja/mtype630.a(rpl.o)
                                        0x160 (size before relaxing)
 .eh_frame      0x000000000002e608      0x28c obj_cooja/mtype630.a(csma.o)
                                        0x2a4 (size before relaxing)
 .eh_frame      0x000000000002e894      0x108 obj_cooja/mtype630.a(framer-802154.o)
                                        0x120 (size before relaxing)
 .eh_frame      0x000000000002e99c       0x20 obj_cooja/mtype630.a(mac.o)
                                         0x38 (size before relaxing)
 .eh_frame      0x000000000002e9bc      0x2c0 obj_cooja/mtype630.a(cxmac.o)
                                        0x2d8 (size before relaxing)
 .eh_frame      0x000000000002ec7c       0x80 obj_cooja/mtype630.a(linkaddr.o)
                                         0x98 (size before relaxing)
 .eh_frame      0x000000000002ecfc      0x2cc obj_cooja/mtype630.a(nbr-table.o)
                                        0x2e4 (size before relaxing)
 .eh_frame      0x000000000002efc8       0x20 obj_cooja/mtype630.a(netstack.o)
                                         0x38 (size before relaxing)
 .eh_frame      0x000000000002efe8      0x214 obj_cooja/mtype630.a(packetbuf.o)
                                        0x22c (size before relaxing)
 .eh_frame      0x000000000002f1fc      0x1a0 obj_cooja/mtype630.a(queuebuf.o)
                                        0x1b8 (size before relaxing)
 .eh_frame      0x000000000002f39c       0x80 obj_cooja/mtype630.a(nullsec.o)
                                         0x98 (size before relaxing)
 .eh_frame      0x000000000002f41c       0xa0 obj_cooja/mtype630.a(watchdog.o)
                                         0xb8 (size before relaxing)
 .eh_frame      0x000000000002f4bc       0xc4 obj_cooja/mtype630.a(stimer.o)
                                         0xdc (size before relaxing)
 .eh_frame      0x000000000002f580       0xa0 obj_cooja/mtype630.a(memb.o)
                                         0xb8 (size before relaxing)
 .eh_frame      0x000000000002f620      0x2a0 obj_cooja/mtype630.a(uip-ds6-route.o)
                                        0x2b8 (size before relaxing)
 .eh_frame      0x000000000002f8c0      0x168 obj_cooja/mtype630.a(uip-icmp6.o)
                                        0x180 (size before relaxing)
 .eh_frame      0x000000000002fa28       0x68 obj_cooja/mtype630.a(uip-nd6.o)
                                         0x80 (size before relaxing)
 .eh_frame      0x000000000002fa90       0xc0 obj_cooja/mtype630.a(rpl-nbr-policy.)
                                         0xd8 (size before relaxing)
 .eh_frame      0x000000000002fb50      0x164 obj_cooja/mtype630.a(frame802154.o)
                                        0x17c (size before relaxing)
 .eh_frame      0x000000000002fcb4        0x4 /usr/lib/gcc/i686-linux-gnu/4.8/crtendS.o

.gcc_except_table
 *(.gcc_except_table .gcc_except_table.*)

.exception_ranges
 *(.exception_ranges .exception_ranges*)
                0x000000000002fcb8                . = (ALIGN (0x1000) - ((0x1000 - .) & 0xfff))
                0x0000000000030ef8                . = DATA_SEGMENT_ALIGN (0x1000, 0x1000)

.eh_frame
 *(.eh_frame)

.gcc_except_table
 *(.gcc_except_table .gcc_except_table.*)

.exception_ranges
 *(.exception_ranges .exception_ranges*)

.tdata
 *(.tdata .tdata.* .gnu.linkonce.td.*)

.tbss
 *(.tbss .tbss.* .gnu.linkonce.tb.*)
 *(.tcommon)

.preinit_array
 *(.preinit_array)

.init_array     0x0000000000030ef8        0x4
 *(SORT(.init_array.*) SORT(.ctors.*))
 *(.init_array EXCLUDE_FILE(*crtend?.o *crtend.o *crtbegin?.o *crtbegin.o) .ctors)
 .init_array    0x0000000000030ef8        0x4 /usr/lib/gcc/i686-linux-gnu/4.8/crtbeginS.o

.fini_array     0x0000000000030efc        0x4
 *(SORT(.fini_array.*) SORT(.dtors.*))
 *(.fini_array EXCLUDE_FILE(*crtend?.o *crtend.o *crtbegin?.o *crtbegin.o) .dtors)
 .fini_array    0x0000000000030efc        0x4 /usr/lib/gcc/i686-linux-gnu/4.8/crtbeginS.o

.ctors
 *crtbegin.o(.ctors)
 *crtbegin?.o(.ctors)
 *(EXCLUDE_FILE(*crtend?.o *crtend.o) .ctors)
 *(SORT(.ctors.*))
 *(.ctors)

.dtors
 *crtbegin.o(.dtors)
 *crtbegin?.o(.dtors)
 *(EXCLUDE_FILE(*crtend?.o *crtend.o) .dtors)
 *(SORT(.dtors.*))
 *(.dtors)

.jcr            0x0000000000030f00        0x4
 *(.jcr)
 .jcr           0x0000000000030f00        0x0 /usr/lib/gcc/i686-linux-gnu/4.8/crtbeginS.o
 .jcr           0x0000000000030f00        0x4 /usr/lib/gcc/i686-linux-gnu/4.8/crtendS.o

.data.rel.ro
 *(.data.rel.ro.local* .gnu.linkonce.d.rel.ro.local.*)
 *(.data.rel.ro .data.rel.ro.* .gnu.linkonce.d.rel.ro.*)

.dynamic        0x0000000000030f04       0xe8
 *(.dynamic)
 .dynamic       0x0000000000030f04       0xe8 /usr/lib/gcc/i686-linux-gnu/4.8/../../../i386-linux-gnu/crti.o
                0x0000000000030f04                _DYNAMIC

.got            0x0000000000030fec       0x14
 *(.got)
 .got           0x0000000000030fec       0x14 /usr/lib/gcc/i686-linux-gnu/4.8/../../../i386-linux-gnu/crti.o
 *(.igot)
                0x0000000000031ff4                . = DATA_SEGMENT_RELRO_END (., (SIZEOF (.got.plt) >= 0xc)?0xc:0x0)

.got.plt        0x0000000000031000       0x14
 *(.got.plt)
 .got.plt       0x0000000000031000       0x14 /usr/lib/gcc/i686-linux-gnu/4.8/../../../i386-linux-gnu/crti.o
                0x0000000000031000                _GLOBAL_OFFSET_TABLE_
 *(.igot.plt)

.data           0x0000000000031020      0x2c2
 *(.data .data.* .gnu.linkonce.d.*)
 .data          0x0000000000031020        0x0 /usr/lib/gcc/i686-linux-gnu/4.8/../../../i386-linux-gnu/crti.o
 .data          0x0000000000031020        0x0 /usr/lib/gcc/i686-linux-gnu/4.8/crtbeginS.o
 .data.rel      0x0000000000031020        0x4 /usr/lib/gcc/i686-linux-gnu/4.8/crtbeginS.o
                0x0000000000031020                __dso_handle
 .data          0x0000000000031024       0x10 udp-server.co
                0x0000000000031024                udp_server_process
 *fill*         0x0000000000031034        0xc 
 .data          0x0000000000031040       0x44 obj_cooja/mtype630.o
                0x0000000000031040                simInterfaces
                0x0000000000031074                sensors
 .data          0x0000000000031084        0x0 obj_cooja/mtype630.a(simEnvChange.o)
 .data          0x0000000000031084        0x0 obj_cooja/mtype630.a(cooja_mt.o)
 .data          0x0000000000031084        0x0 obj_cooja/mtype630.a(cooja_mtarch.o)
 .data          0x0000000000031084        0x0 obj_cooja/mtype630.a(rtimer-arch.o)
 .data          0x0000000000031084        0x0 obj_cooja/mtype630.a(beep.o)
 .data          0x0000000000031084        0x0 obj_cooja/mtype630.a(button-sensor.o)
 .data          0x0000000000031084        0x0 obj_cooja/mtype630.a(leds-arch.o)
 .data          0x0000000000031084        0x0 obj_cooja/mtype630.a(moteid.o)
 .data          0x0000000000031084        0x0 obj_cooja/mtype630.a(pir-sensor.o)
 .data          0x0000000000031084        0x0 obj_cooja/mtype630.a(rs232.o)
 .data          0x0000000000031084        0x0 obj_cooja/mtype630.a(vib-sensor.o)
 .data          0x0000000000031084        0x0 obj_cooja/mtype630.a(clock.o)
 .data          0x0000000000031084        0x0 obj_cooja/mtype630.a(log.o)
 .data          0x0000000000031084        0x0 obj_cooja/mtype630.a(cfs-cooja.o)
 .data          0x0000000000031084       0x40 obj_cooja/mtype630.a(cooja-radio.o)
                0x0000000000031084                simRadioChannelLR
                0x0000000000031088                simRadioHWOnLR
                0x000000000003108c                simSignalStrengthLR
                0x0000000000031090                simLastSignalStrengthLR
                0x0000000000031094                simPowerLR
                0x0000000000031098                simLQILR
                0x000000000003109c                simRadioChannel
                0x00000000000310a0                simRadioHWOn
                0x00000000000310a4                simSignalStrength
                0x00000000000310a8                simLastSignalStrength
                0x00000000000310ac                simPower
                0x00000000000310b0                simLQI
                0x00000000000310b4                cooja_radio_process
 .data          0x00000000000310c4        0x0 obj_cooja/mtype630.a(eeprom.o)
 .data          0x00000000000310c4        0x0 obj_cooja/mtype630.a(random.o)
 .data          0x00000000000310c4       0x10 obj_cooja/mtype630.a(sensors.o)
                0x00000000000310c4                sensors_process
 .data          0x00000000000310d4        0x0 obj_cooja/mtype630.a(leds.o)
 .data          0x00000000000310d4       0x3a obj_cooja/mtype630.a(dual_conf.o)
                0x00000000000310d4                radio_received
                0x00000000000310d8                dual_dio_broadcast
                0x00000000000310e8                dual_dis_broadcast
                0x00000000000310f8                dual_LSA_converge_broadcast
 .data          0x000000000003110e        0x0 obj_cooja/mtype630.a(autostart.o)
 *fill*         0x000000000003110e        0x2 
 .data          0x0000000000031110       0x14 obj_cooja/mtype630.a(ctimer.o)
                0x0000000000031114                ctimer_process
 .data          0x0000000000031124       0x10 obj_cooja/mtype630.a(etimer.o)
                0x0000000000031124                etimer_process
 .data          0x0000000000031134        0x0 obj_cooja/mtype630.a(log_message.o)
 .data          0x0000000000031134        0x0 obj_cooja/mtype630.a(process.o)
 .data          0x0000000000031134        0x0 obj_cooja/mtype630.a(residual.o)
 .data          0x0000000000031134        0x0 obj_cooja/mtype630.a(rtimer.o)
 .data          0x0000000000031134        0x0 obj_cooja/mtype630.a(timer.o)
 .data          0x0000000000031134       0x10 obj_cooja/mtype630.a(serial-line.o)
                0x0000000000031134                serial_line_process
 .data          0x0000000000031144        0x0 obj_cooja/mtype630.a(list.o)
 .data          0x0000000000031144        0x0 obj_cooja/mtype630.a(ringbuf.o)
 .data          0x0000000000031144        0x0 obj_cooja/mtype630.a(sicslowpan.o)
 .data          0x0000000000031144       0x14 obj_cooja/mtype630.a(uip-ds6-nbr.o)
                0x0000000000031154                ds6_neighbors
 .data          0x0000000000031158        0x0 obj_cooja/mtype630.a(uip-ds6.o)
 .data          0x0000000000031158        0x0 obj_cooja/mtype630.a(uip6.o)
 .data          0x0000000000031158       0x10 obj_cooja/mtype630.a(tcpip.o)
                0x0000000000031158                tcpip_process
 .data          0x0000000000031168        0x0 obj_cooja/mtype630.a(uip-debug.o)
 .data          0x0000000000031168        0xc obj_cooja/mtype630.a(uip-packetqueue)
 .data          0x0000000000031174       0x28 obj_cooja/mtype630.a(rpl-dag.o)
                0x0000000000031184                rpl_parents
                0x0000000000031198                rpl_children
 .data          0x000000000003119c        0x0 obj_cooja/mtype630.a(rpl-ext-header.)
 .data          0x000000000003119c       0x40 obj_cooja/mtype630.a(rpl-icmp6.o)
 .data          0x00000000000311dc       0x1c obj_cooja/mtype630.a(rpl-ltmax.o)
                0x00000000000311dc                rpl_ltmax_of
 .data          0x00000000000311f8        0x0 obj_cooja/mtype630.a(rpl-timers.o)
 .data          0x00000000000311f8        0x0 obj_cooja/mtype630.a(rpl.o)
 .data          0x00000000000311f8       0x28 obj_cooja/mtype630.a(csma.o)
 .data          0x0000000000031220        0x0 obj_cooja/mtype630.a(framer-802154.o)
 .data          0x0000000000031220        0x0 obj_cooja/mtype630.a(mac.o)
 .data          0x0000000000031220       0x30 obj_cooja/mtype630.a(cxmac.o)
                0x0000000000031220                cxmac_config
                0x0000000000031230                strobe_wait
 .data          0x0000000000031250        0x0 obj_cooja/mtype630.a(linkaddr.o)
 .data          0x0000000000031250       0x10 obj_cooja/mtype630.a(nbr-table.o)
 .data          0x0000000000031260        0x0 obj_cooja/mtype630.a(netstack.o)
 .data          0x0000000000031260        0x4 obj_cooja/mtype630.a(packetbuf.o)
 .data          0x0000000000031264       0x18 obj_cooja/mtype630.a(queuebuf.o)
 .data          0x000000000003127c        0x0 obj_cooja/mtype630.a(nullsec.o)
 .data          0x000000000003127c        0x0 obj_cooja/mtype630.a(watchdog.o)
 .data          0x000000000003127c        0x0 obj_cooja/mtype630.a(rimestats.o)
 .data          0x000000000003127c        0x0 obj_cooja/mtype630.a(stimer.o)
 .data          0x000000000003127c        0x0 obj_cooja/mtype630.a(memb.o)
 .data          0x000000000003127c       0x44 obj_cooja/mtype630.a(uip-ds6-route.o)
                0x000000000003128c                nbr_routes
 .data          0x00000000000312c0       0x20 obj_cooja/mtype630.a(uip-icmp6.o)
 .data          0x00000000000312e0        0x0 obj_cooja/mtype630.a(uip-nd6.o)
 .data          0x00000000000312e0        0x0 obj_cooja/mtype630.a(rpl-nbr-policy.)
 .data          0x00000000000312e0        0x2 obj_cooja/mtype630.a(frame802154.o)
 .data          0x00000000000312e2        0x0 /usr/lib/gcc/i686-linux-gnu/4.8/crtendS.o
 .data          0x00000000000312e2        0x0 /usr/lib/gcc/i686-linux-gnu/4.8/../../../i386-linux-gnu/crtn.o

.tm_clone_table
                0x00000000000312e4        0x0
 .tm_clone_table
                0x00000000000312e4        0x0 /usr/lib/gcc/i686-linux-gnu/4.8/crtbeginS.o
 .tm_clone_table
                0x00000000000312e4        0x0 /usr/lib/gcc/i686-linux-gnu/4.8/crtendS.o

.data1
 *(.data1)
                0x00000000000312e4                _edata = .
                0x00000000000312e4                PROVIDE (edata, .)
                0x00000000000312e4                . = .
                0x00000000000312e4                __bss_start = .

.bss            0x0000000000031300     0x8588
 *(.dynbss)
 .dynbss        0x0000000000000000        0x0 /usr/lib/gcc/i686-linux-gnu/4.8/../../../i386-linux-gnu/crti.o
 *(.bss .bss.* .gnu.linkonce.b.*)
 .bss           0x0000000000031300        0x0 /usr/lib/gcc/i686-linux-gnu/4.8/../../../i386-linux-gnu/crti.o
 .bss           0x0000000000031300        0x1 /usr/lib/gcc/i686-linux-gnu/4.8/crtbeginS.o
 *fill*         0x0000000000031301        0x3 
 .bss           0x0000000000031304        0x8 udp-server.co
                0x0000000000031304                my_weight
 *fill*         0x000000000003130c       0x14 
 .bss           0x0000000000031320     0x2030 obj_cooja/mtype630.o
 .bss           0x0000000000033350        0x1 obj_cooja/mtype630.a(simEnvChange.o)
                0x0000000000033350                simDontFallAsleep
 *fill*         0x0000000000033351        0x3 
 .bss           0x0000000000033354        0x4 obj_cooja/mtype630.a(cooja_mt.o)
 .bss           0x0000000000033358        0x4 obj_cooja/mtype630.a(cooja_mtarch.o)
 .bss           0x000000000003335c        0xc obj_cooja/mtype630.a(rtimer-arch.o)
 .bss           0x0000000000033368        0x0 obj_cooja/mtype630.a(beep.o)
 .bss           0x0000000000033368        0x8 obj_cooja/mtype630.a(button-sensor.o)
 .bss           0x0000000000033370        0x0 obj_cooja/mtype630.a(leds-arch.o)
 .bss           0x0000000000033370        0x0 obj_cooja/mtype630.a(moteid.o)
 .bss           0x0000000000033370        0x1 obj_cooja/mtype630.a(pir-sensor.o)
                0x0000000000033370                simPirValue
 *fill*         0x0000000000033371        0x3 
 .bss           0x0000000000033374        0x4 obj_cooja/mtype630.a(rs232.o)
 .bss           0x0000000000033378        0x1 obj_cooja/mtype630.a(vib-sensor.o)
                0x0000000000033378                simVibValue
 .bss           0x0000000000033379        0x0 obj_cooja/mtype630.a(clock.o)
 *fill*         0x0000000000033379        0x7 
 .bss           0x0000000000033380      0x420 obj_cooja/mtype630.a(log.o)
 .bss           0x00000000000337a0      0xfc0 obj_cooja/mtype630.a(cfs-cooja.o)
                0x00000000000337a0                simCFSData
                0x0000000000034740                simCFSSize
                0x0000000000034744                simCFSChanged
                0x0000000000034748                simCFSRead
                0x000000000003474c                simCFSWritten
 .bss           0x0000000000034760       0x24 obj_cooja/mtype630.a(cooja-radio.o)
                0x0000000000034760                simReceivingLR
                0x0000000000034764                simInSizeLR
                0x0000000000034768                simOutSizeLR
                0x000000000003476c                simReceiving
                0x0000000000034770                simInSize
                0x0000000000034774                simOutSize
                0x0000000000034778                LongRangeTransmit
                0x000000000003477c                LongRangeReceiving
 .bss           0x0000000000034784        0xc obj_cooja/mtype630.a(eeprom.o)
                0x0000000000034784                simEEPROMChanged
                0x0000000000034788                simEEPROMRead
                0x000000000003478c                simEEPROMWritten
 .bss           0x0000000000034790        0x0 obj_cooja/mtype630.a(random.o)
 .bss           0x0000000000034790        0xc obj_cooja/mtype630.a(sensors.o)
 .bss           0x000000000003479c        0x1 obj_cooja/mtype630.a(leds.o)
 *fill*         0x000000000003479d        0x3 
 .bss           0x00000000000347a0       0x40 obj_cooja/mtype630.a(dual_conf.o)
                0x00000000000347a0                long_range_radio
 .bss           0x00000000000347e0        0x0 obj_cooja/mtype630.a(autostart.o)
 .bss           0x00000000000347e0        0x5 obj_cooja/mtype630.a(ctimer.o)
 *fill*         0x00000000000347e5        0x3 
 .bss           0x00000000000347e8        0x8 obj_cooja/mtype630.a(etimer.o)
 .bss           0x00000000000347f0        0x0 obj_cooja/mtype630.a(log_message.o)
 *fill*         0x00000000000347f0       0x10 
 .bss           0x0000000000034800      0x1b1 obj_cooja/mtype630.a(process.o)
                0x0000000000034800                process_list
                0x0000000000034804                process_current
 .bss           0x00000000000349b1        0x0 obj_cooja/mtype630.a(residual.o)
 *fill*         0x00000000000349b1        0x3 
 .bss           0x00000000000349b4        0x4 obj_cooja/mtype630.a(rtimer.o)
 .bss           0x00000000000349b8        0x0 obj_cooja/mtype630.a(timer.o)
 *fill*         0x00000000000349b8        0x8 
 .bss           0x00000000000349c0      0x140 obj_cooja/mtype630.a(serial-line.o)
 .bss           0x0000000000034b00        0x0 obj_cooja/mtype630.a(list.o)
 .bss           0x0000000000034b00        0x0 obj_cooja/mtype630.a(ringbuf.o)
 .bss           0x0000000000034b00      0x70c obj_cooja/mtype630.a(sicslowpan.o)
 *fill*         0x000000000003520c       0x14 
 .bss           0x0000000000035220       0xc0 obj_cooja/mtype630.a(uip-ds6-nbr.o)
 .bss           0x00000000000352e0       0x30 obj_cooja/mtype630.a(uip-ds6.o)
 .bss           0x0000000000035310        0xe obj_cooja/mtype630.a(uip6.o)
                0x0000000000035310                uip_ext_bitmap
                0x0000000000035311                uip_ext_len
                0x0000000000035312                uip_ext_opt_offset
 *fill*         0x000000000003531e        0x2 
 .bss           0x0000000000035320       0x6b obj_cooja/mtype630.a(tcpip.o)
 .bss           0x000000000003538b        0x0 obj_cooja/mtype630.a(uip-debug.o)
 *fill*         0x000000000003538b       0x15 
 .bss           0x00000000000353a0      0xcf8 obj_cooja/mtype630.a(uip-packetqueue)
 *fill*         0x0000000000036098        0x8 
 .bss           0x00000000000360a0       0x88 obj_cooja/mtype630.a(rpl-dag.o)
 .bss           0x0000000000036128        0x0 obj_cooja/mtype630.a(rpl-ext-header.)
 .bss           0x0000000000036128        0x0 obj_cooja/mtype630.a(rpl-icmp6.o)
 .bss           0x0000000000036128        0x0 obj_cooja/mtype630.a(rpl-ltmax.o)
 *fill*         0x0000000000036128       0x18 
 .bss           0x0000000000036140       0x60 obj_cooja/mtype630.a(rpl-timers.o)
 .bss           0x00000000000361a0        0x4 obj_cooja/mtype630.a(rpl.o)
 *fill*         0x00000000000361a4       0x1c 
 .bss           0x00000000000361c0      0x288 obj_cooja/mtype630.a(csma.o)
 .bss           0x0000000000036448        0x2 obj_cooja/mtype630.a(framer-802154.o)
 .bss           0x000000000003644a        0x0 obj_cooja/mtype630.a(mac.o)
 *fill*         0x000000000003644a       0x16 
 .bss           0x0000000000036460       0xb1 obj_cooja/mtype630.a(cxmac.o)
 .bss           0x0000000000036511        0x0 obj_cooja/mtype630.a(linkaddr.o)
 *fill*         0x0000000000036511        0xf 
 .bss           0x0000000000036520       0xc4 obj_cooja/mtype630.a(nbr-table.o)
 .bss           0x00000000000365e4        0x0 obj_cooja/mtype630.a(netstack.o)
 *fill*         0x00000000000365e4       0x1c 
 .bss           0x0000000000036600       0xa0 obj_cooja/mtype630.a(packetbuf.o)
 .bss           0x00000000000366a0      0xb80 obj_cooja/mtype630.a(queuebuf.o)
 .bss           0x0000000000037220        0x0 obj_cooja/mtype630.a(nullsec.o)
 .bss           0x0000000000037220        0x0 obj_cooja/mtype630.a(watchdog.o)
 .bss           0x0000000000037220        0x0 obj_cooja/mtype630.a(rimestats.o)
 .bss           0x0000000000037220        0x0 obj_cooja/mtype630.a(stimer.o)
 .bss           0x0000000000037220        0x0 obj_cooja/mtype630.a(memb.o)
 .bss           0x0000000000037220      0x4a8 obj_cooja/mtype630.a(uip-ds6-route.o)
 .bss           0x00000000000376c8       0x18 obj_cooja/mtype630.a(uip-icmp6.o)
 .bss           0x00000000000376e0        0x0 obj_cooja/mtype630.a(uip-nd6.o)
 .bss           0x00000000000376e0       0x44 obj_cooja/mtype630.a(rpl-nbr-policy.)
 .bss           0x0000000000037724        0x0 obj_cooja/mtype630.a(frame802154.o)
 .bss           0x0000000000037724        0x0 /usr/lib/gcc/i686-linux-gnu/4.8/crtendS.o
 .bss           0x0000000000037724        0x0 /usr/lib/gcc/i686-linux-gnu/4.8/../../../i386-linux-gnu/crtn.o
 *(COMMON)
 COMMON         0x0000000000037724        0x8 udp-server.co
                0x0000000000037724                LSA_message_input
                0x0000000000037725                LSA_SR_preamble
                0x0000000000037726                LSA_lr_child
                0x0000000000037727                LSA_converge
                0x0000000000037728                my_sink_reachability
                0x0000000000037729                my_parent_number
                0x000000000003772a                LSA_broadcast_count
                0x000000000003772b                LSA_message_flag
 COMMON         0x000000000003772c       0x68 obj_cooja/mtype630.o
                0x000000000003772c                dio_count
                0x0000000000037730                dis_count
                0x0000000000037734                tcp_output_count
                0x0000000000037738                csma_transmission_count
                0x000000000003773c                dao_ack_fwd_count
                0x0000000000037740                COOJA_radioRxLong
                0x0000000000037744                cxmac_collision_count
                0x0000000000037748                control_message_count
                0x000000000003774c                dao_count
                0x0000000000037750                icmp_count
                0x0000000000037754                COOJA_radioTx
                0x0000000000037758                referenceVar
                0x000000000003775c                cxmac_transmission_count
                0x0000000000037760                dao_ack_count
                0x0000000000037764                data_message_count
                0x0000000000037768                COOJA_radioTxLong
                0x000000000003776c                COOJA_radioRx
                0x0000000000037770                debugfp
                0x0000000000037774                COOJA_radioOn
                0x0000000000037778                LSA_count
                0x000000000003777c                dao_fwd_count
                0x0000000000037780                COOJA_duration
                0x0000000000037784                dio_ack_count
                0x0000000000037788                COOJA_radioOnLong
                0x000000000003778c                sensors_flags
                0x0000000000037790                data_fwd_count
 COMMON         0x0000000000037794        0xc obj_cooja/mtype630.a(simEnvChange.o)
                0x0000000000037794                simEtimerPending
                0x0000000000037798                simProcessRunValue
                0x000000000003779c                simNextExpirationTime
 COMMON         0x00000000000377a0        0x1 obj_cooja/mtype630.a(beep.o)
                0x00000000000377a0                simBeeped
 COMMON         0x00000000000377a1        0x3 obj_cooja/mtype630.a(button-sensor.o)
                0x00000000000377a1                simButtonIsActive
                0x00000000000377a2                simButtonIsDown
                0x00000000000377a3                simButtonChanged
 COMMON         0x00000000000377a4        0x1 obj_cooja/mtype630.a(leds-arch.o)
                0x00000000000377a4                simLedsValue
 *fill*         0x00000000000377a5        0x3 
 COMMON         0x00000000000377a8        0xc obj_cooja/mtype630.a(moteid.o)
                0x00000000000377a8                simRandomSeed
                0x00000000000377ac                simMoteIDChanged
                0x00000000000377b0                simMoteID
 COMMON         0x00000000000377b4        0x2 obj_cooja/mtype630.a(pir-sensor.o)
                0x00000000000377b4                simPirIsActive
                0x00000000000377b5                simPirChanged
 *fill*         0x00000000000377b6        0xa 
 COMMON         0x00000000000377c0      0x820 obj_cooja/mtype630.a(rs232.o)
                0x00000000000377c0                simSerialReceivingFlag
                0x00000000000377c4                simSerialReceivingLength
                0x00000000000377e0                simSerialReceivingData
 COMMON         0x0000000000037fe0        0x2 obj_cooja/mtype630.a(vib-sensor.o)
                0x0000000000037fe0                simVibChanged
                0x0000000000037fe1                simVibIsActive
 *fill*         0x0000000000037fe2        0x2 
 COMMON         0x0000000000037fe4        0x4 obj_cooja/mtype630.a(clock.o)
                0x0000000000037fe4                simCurrentTime
 *fill*         0x0000000000037fe8       0x18 
 COMMON         0x0000000000038000      0x420 obj_cooja/mtype630.a(log.o)
                0x0000000000038000                simLoggedLength
                0x0000000000038004                simLoggedFlag
                0x0000000000038020                simLoggedData
 COMMON         0x0000000000038420      0x240 obj_cooja/mtype630.a(cooja-radio.o)
                0x0000000000038420                simOutDataBuffer
                0x00000000000384a0                simRadioTarget
                0x00000000000384c0                simInDataBufferLR
                0x0000000000038540                simOutDataBufferLR
                0x00000000000385c0                dual_duty_cycle_count
                0x00000000000385e0                simInDataBuffer
 COMMON         0x0000000000038660      0x400 obj_cooja/mtype630.a(eeprom.o)
                0x0000000000038660                simEEPROMData
 COMMON         0x0000000000038a60        0x1 obj_cooja/mtype630.a(sensors.o)
                0x0000000000038a60                sensors_event
 *fill*         0x0000000000038a61        0x3 
 COMMON         0x0000000000038a64        0x4 obj_cooja/mtype630.a(log_message.o)
                0x0000000000038a64                log_fp
 COMMON         0x0000000000038a68        0x1 obj_cooja/mtype630.a(serial-line.o)
                0x0000000000038a68                serial_line_event_message
 COMMON         0x0000000000038a69        0x1 obj_cooja/mtype630.a(sicslowpan.o)
                0x0000000000038a69                p
 *fill*         0x0000000000038a6a       0x16 
 COMMON         0x0000000000038a80       0x50 obj_cooja/mtype630.a(uip-ds6-nbr.o)
                0x0000000000038a80                ds6_lr_addrmap
 *fill*         0x0000000000038ad0       0x10 
 COMMON         0x0000000000038ae0      0x298 obj_cooja/mtype630.a(uip-ds6.o)
                0x0000000000038ae0                uip_ds6_prefix_list
                0x0000000000038b40                uip_ds6_timer_periodic
                0x0000000000038b50                uip_ds6_netif_addr_list_offset
                0x0000000000038b60                uip_ds6_if
                0x0000000000038c58                uip_ds6_timer_ra
                0x0000000000038c60                uip_ds6_addr_size
                0x0000000000038c80                long_uip_ds6_if
 *fill*         0x0000000000038d78        0x8 
 COMMON         0x0000000000038d80      0x8ec obj_cooja/mtype630.a(uip6.o)
                0x0000000000038d80                uip_slen
                0x0000000000038d82                uip_acc32
                0x0000000000038da0                uip_conns
                0x0000000000038e60                uip_lladdr
                0x0000000000038e68                uip_appdata
                0x0000000000038e6c                uip_flags
                0x0000000000038e80                uip_aligned_buf
                0x00000000000394c0                uip_listenports
                0x00000000000394d0                uip_len
                0x00000000000394d2                uip_long_lladdr
                0x00000000000394dc                uip_sappdata
                0x00000000000394e0                uip_udp_conns
                0x0000000000039660                uip_udp_conn
                0x0000000000039664                uip_next_hdr
                0x0000000000039668                uip_conn
 COMMON         0x000000000003966c        0x1 obj_cooja/mtype630.a(tcpip.o)
                0x000000000003966c                tcpip_event
 *fill*         0x000000000003966d       0x13 
 COMMON         0x0000000000039680      0x178 obj_cooja/mtype630.a(rpl-dag.o)
                0x0000000000039680                default_instance
                0x00000000000396a0                instance_table
 COMMON         0x00000000000397f8       0x10 obj_cooja/mtype630.a(linkaddr.o)
                0x00000000000397f8                linkaddr_node_addr
                0x0000000000039800                long_linkaddr_node_addr
 COMMON         0x0000000000039808       0x2e obj_cooja/mtype630.a(packetbuf.o)
                0x0000000000039808                packetbuf_attrs
                0x0000000000039826                packetbuf_addrs
 *fill*         0x0000000000039836        0xa 
 COMMON         0x0000000000039840       0x48 obj_cooja/mtype630.a(rimestats.o)
                0x0000000000039840                rimestats
                0x0000000000039888                . = ALIGN ((. != 0x0)?0x4:0x1)
                0x0000000000039888                . = ALIGN (0x4)
                0x0000000000039888                . = SEGMENT_START ("ldata-segment", .)
                0x0000000000039888                . = ALIGN (0x4)
                0x0000000000039888                _end = .
                0x0000000000039888                PROVIDE (end, .)
                0x0000000000039888                . = DATA_SEGMENT_END (.)

.stab
 *(.stab)

.stabstr
 *(.stabstr)

.stab.excl
 *(.stab.excl)

.stab.exclstr
 *(.stab.exclstr)

.stab.index
 *(.stab.index)

.stab.indexstr
 *(.stab.indexstr)

.comment        0x0000000000000000       0x29
 *(.comment)
 .comment       0x0000000000000000       0x29 /usr/lib/gcc/i686-linux-gnu/4.8/crtbeginS.o
                                         0x2a (size before relaxing)
 .comment       0x0000000000000000       0x2a udp-server.co
 .comment       0x0000000000000000       0x2a obj_cooja/mtype630.o
 .comment       0x0000000000000000       0x2a obj_cooja/mtype630.a(simEnvChange.o)
 .comment       0x0000000000000000       0x2a obj_cooja/mtype630.a(cooja_mt.o)
 .comment       0x0000000000000000       0x2a obj_cooja/mtype630.a(cooja_mtarch.o)
 .comment       0x0000000000000000       0x2a obj_cooja/mtype630.a(rtimer-arch.o)
 .comment       0x0000000000000000       0x2a obj_cooja/mtype630.a(beep.o)
 .comment       0x0000000000000000       0x2a obj_cooja/mtype630.a(button-sensor.o)
 .comment       0x0000000000000000       0x2a obj_cooja/mtype630.a(leds-arch.o)
 .comment       0x0000000000000000       0x2a obj_cooja/mtype630.a(moteid.o)
 .comment       0x0000000000000000       0x2a obj_cooja/mtype630.a(pir-sensor.o)
 .comment       0x0000000000000000       0x2a obj_cooja/mtype630.a(rs232.o)
 .comment       0x0000000000000000       0x2a obj_cooja/mtype630.a(vib-sensor.o)
 .comment       0x0000000000000000       0x2a obj_cooja/mtype630.a(clock.o)
 .comment       0x0000000000000000       0x2a obj_cooja/mtype630.a(log.o)
 .comment       0x0000000000000000       0x2a obj_cooja/mtype630.a(cfs-cooja.o)
 .comment       0x0000000000000000       0x2a obj_cooja/mtype630.a(cooja-radio.o)
 .comment       0x0000000000000000       0x2a obj_cooja/mtype630.a(eeprom.o)
 .comment       0x0000000000000000       0x2a obj_cooja/mtype630.a(random.o)
 .comment       0x0000000000000000       0x2a obj_cooja/mtype630.a(sensors.o)
 .comment       0x0000000000000000       0x2a obj_cooja/mtype630.a(leds.o)
 .comment       0x0000000000000000       0x2a obj_cooja/mtype630.a(dual_conf.o)
 .comment       0x0000000000000000       0x2a obj_cooja/mtype630.a(autostart.o)
 .comment       0x0000000000000000       0x2a obj_cooja/mtype630.a(ctimer.o)
 .comment       0x0000000000000000       0x2a obj_cooja/mtype630.a(etimer.o)
 .comment       0x0000000000000000       0x2a obj_cooja/mtype630.a(log_message.o)
 .comment       0x0000000000000000       0x2a obj_cooja/mtype630.a(process.o)
 .comment       0x0000000000000000       0x2a obj_cooja/mtype630.a(residual.o)
 .comment       0x0000000000000000       0x2a obj_cooja/mtype630.a(rtimer.o)
 .comment       0x0000000000000000       0x2a obj_cooja/mtype630.a(timer.o)
 .comment       0x0000000000000000       0x2a obj_cooja/mtype630.a(serial-line.o)
 .comment       0x0000000000000000       0x2a obj_cooja/mtype630.a(list.o)
 .comment       0x0000000000000000       0x2a obj_cooja/mtype630.a(ringbuf.o)
 .comment       0x0000000000000000       0x2a obj_cooja/mtype630.a(sicslowpan.o)
 .comment       0x0000000000000000       0x2a obj_cooja/mtype630.a(uip-ds6-nbr.o)
 .comment       0x0000000000000000       0x2a obj_cooja/mtype630.a(uip-ds6.o)
 .comment       0x0000000000000000       0x2a obj_cooja/mtype630.a(uip6.o)
 .comment       0x0000000000000000       0x2a obj_cooja/mtype630.a(tcpip.o)
 .comment       0x0000000000000000       0x2a obj_cooja/mtype630.a(uip-debug.o)
 .comment       0x0000000000000000       0x2a obj_cooja/mtype630.a(uip-packetqueue)
 .comment       0x0000000000000000       0x2a obj_cooja/mtype630.a(rpl-dag.o)
 .comment       0x0000000000000000       0x2a obj_cooja/mtype630.a(rpl-ext-header.)
 .comment       0x0000000000000000       0x2a obj_cooja/mtype630.a(rpl-icmp6.o)
 .comment       0x0000000000000000       0x2a obj_cooja/mtype630.a(rpl-ltmax.o)
 .comment       0x0000000000000000       0x2a obj_cooja/mtype630.a(rpl-timers.o)
 .comment       0x0000000000000000       0x2a obj_cooja/mtype630.a(rpl.o)
 .comment       0x0000000000000000       0x2a obj_cooja/mtype630.a(csma.o)
 .comment       0x0000000000000000       0x2a obj_cooja/mtype630.a(framer-802154.o)
 .comment       0x0000000000000000       0x2a obj_cooja/mtype630.a(mac.o)
 .comment       0x0000000000000000       0x2a obj_cooja/mtype630.a(cxmac.o)
 .comment       0x0000000000000000       0x2a obj_cooja/mtype630.a(linkaddr.o)
 .comment       0x0000000000000000       0x2a obj_cooja/mtype630.a(nbr-table.o)
 .comment       0x0000000000000000       0x2a obj_cooja/mtype630.a(netstack.o)
 .comment       0x0000000000000000       0x2a obj_cooja/mtype630.a(packetbuf.o)
 .comment       0x0000000000000000       0x2a obj_cooja/mtype630.a(queuebuf.o)
 .comment       0x0000000000000000       0x2a obj_cooja/mtype630.a(nullsec.o)
 .comment       0x0000000000000000       0x2a obj_cooja/mtype630.a(watchdog.o)
 .comment       0x0000000000000000       0x2a obj_cooja/mtype630.a(rimestats.o)
 .comment       0x0000000000000000       0x2a obj_cooja/mtype630.a(stimer.o)
 .comment       0x0000000000000000       0x2a obj_cooja/mtype630.a(memb.o)
 .comment       0x0000000000000000       0x2a obj_cooja/mtype630.a(uip-ds6-route.o)
 .comment       0x0000000000000000       0x2a obj_cooja/mtype630.a(uip-icmp6.o)
 .comment       0x0000000000000000       0x2a obj_cooja/mtype630.a(uip-nd6.o)
 .comment       0x0000000000000000       0x2a obj_cooja/mtype630.a(rpl-nbr-policy.)
 .comment       0x0000000000000000       0x2a obj_cooja/mtype630.a(frame802154.o)
 .comment       0x0000000000000000       0x2a /usr/lib/gcc/i686-linux-gnu/4.8/crtendS.o

.debug
 *(.debug)

.line
 *(.line)

.debug_srcinfo
 *(.debug_srcinfo)

.debug_sfnames
 *(.debug_sfnames)

.debug_aranges  0x0000000000000000      0x818
 *(.debug_aranges)
 .debug_aranges
                0x0000000000000000       0x20 udp-server.co
 .debug_aranges
                0x0000000000000020       0x20 obj_cooja/mtype630.o
 .debug_aranges
                0x0000000000000040       0x20 obj_cooja/mtype630.a(simEnvChange.o)
 .debug_aranges
                0x0000000000000060       0x20 obj_cooja/mtype630.a(cooja_mt.o)
 .debug_aranges
                0x0000000000000080       0x20 obj_cooja/mtype630.a(cooja_mtarch.o)
 .debug_aranges
                0x00000000000000a0       0x20 obj_cooja/mtype630.a(rtimer-arch.o)
 .debug_aranges
                0x00000000000000c0       0x20 obj_cooja/mtype630.a(beep.o)
 .debug_aranges
                0x00000000000000e0       0x20 obj_cooja/mtype630.a(button-sensor.o)
 .debug_aranges
                0x0000000000000100       0x20 obj_cooja/mtype630.a(leds-arch.o)
 .debug_aranges
                0x0000000000000120       0x20 obj_cooja/mtype630.a(moteid.o)
 .debug_aranges
                0x0000000000000140       0x20 obj_cooja/mtype630.a(pir-sensor.o)
 .debug_aranges
                0x0000000000000160       0x20 obj_cooja/mtype630.a(rs232.o)
 .debug_aranges
                0x0000000000000180       0x20 obj_cooja/mtype630.a(vib-sensor.o)
 .debug_aranges
                0x00000000000001a0       0x20 obj_cooja/mtype630.a(clock.o)
 .debug_aranges
                0x00000000000001c0       0x20 obj_cooja/mtype630.a(log.o)
 .debug_aranges
                0x00000000000001e0       0x20 obj_cooja/mtype630.a(cfs-cooja.o)
 .debug_aranges
                0x0000000000000200       0x20 obj_cooja/mtype630.a(cooja-radio.o)
 .debug_aranges
                0x0000000000000220       0x20 obj_cooja/mtype630.a(eeprom.o)
 .debug_aranges
                0x0000000000000240       0x20 obj_cooja/mtype630.a(random.o)
 .debug_aranges
                0x0000000000000260       0x20 obj_cooja/mtype630.a(sensors.o)
 .debug_aranges
                0x0000000000000280       0x20 obj_cooja/mtype630.a(leds.o)
 .debug_aranges
                0x00000000000002a0       0x20 obj_cooja/mtype630.a(dual_conf.o)
 .debug_aranges
                0x00000000000002c0       0x20 obj_cooja/mtype630.a(autostart.o)
 .debug_aranges
                0x00000000000002e0       0x20 obj_cooja/mtype630.a(ctimer.o)
 .debug_aranges
                0x0000000000000300       0x20 obj_cooja/mtype630.a(etimer.o)
 .debug_aranges
                0x0000000000000320       0x20 obj_cooja/mtype630.a(log_message.o)
 .debug_aranges
                0x0000000000000340       0x20 obj_cooja/mtype630.a(process.o)
 .debug_aranges
                0x0000000000000360       0x20 obj_cooja/mtype630.a(residual.o)
 .debug_aranges
                0x0000000000000380       0x20 obj_cooja/mtype630.a(rtimer.o)
 .debug_aranges
                0x00000000000003a0       0x20 obj_cooja/mtype630.a(timer.o)
 .debug_aranges
                0x00000000000003c0       0x20 obj_cooja/mtype630.a(serial-line.o)
 .debug_aranges
                0x00000000000003e0       0x20 obj_cooja/mtype630.a(list.o)
 .debug_aranges
                0x0000000000000400       0x20 obj_cooja/mtype630.a(ringbuf.o)
 .debug_aranges
                0x0000000000000420       0x20 obj_cooja/mtype630.a(sicslowpan.o)
 .debug_aranges
                0x0000000000000440       0x20 obj_cooja/mtype630.a(uip-ds6-nbr.o)
 .debug_aranges
                0x0000000000000460       0x20 obj_cooja/mtype630.a(uip-ds6.o)
 .debug_aranges
                0x0000000000000480       0x20 obj_cooja/mtype630.a(uip6.o)
 .debug_aranges
                0x00000000000004a0       0x20 obj_cooja/mtype630.a(tcpip.o)
 .debug_aranges
                0x00000000000004c0       0x20 obj_cooja/mtype630.a(uip-debug.o)
 .debug_aranges
                0x00000000000004e0       0x20 obj_cooja/mtype630.a(uip-packetqueue)
 .debug_aranges
                0x0000000000000500       0x20 obj_cooja/mtype630.a(rpl-dag.o)
 .debug_aranges
                0x0000000000000520       0x20 obj_cooja/mtype630.a(rpl-ext-header.)
 .debug_aranges
                0x0000000000000540       0x20 obj_cooja/mtype630.a(rpl-icmp6.o)
 .debug_aranges
                0x0000000000000560       0x20 obj_cooja/mtype630.a(rpl-ltmax.o)
 .debug_aranges
                0x0000000000000580       0x20 obj_cooja/mtype630.a(rpl-timers.o)
 .debug_aranges
                0x00000000000005a0       0x20 obj_cooja/mtype630.a(rpl.o)
 .debug_aranges
                0x00000000000005c0       0x20 obj_cooja/mtype630.a(csma.o)
 .debug_aranges
                0x00000000000005e0       0x20 obj_cooja/mtype630.a(framer-802154.o)
 .debug_aranges
                0x0000000000000600       0x20 obj_cooja/mtype630.a(mac.o)
 .debug_aranges
                0x0000000000000620       0x20 obj_cooja/mtype630.a(cxmac.o)
 .debug_aranges
                0x0000000000000640       0x20 obj_cooja/mtype630.a(linkaddr.o)
 .debug_aranges
                0x0000000000000660       0x20 obj_cooja/mtype630.a(nbr-table.o)
 .debug_aranges
                0x0000000000000680       0x20 obj_cooja/mtype630.a(netstack.o)
 .debug_aranges
                0x00000000000006a0       0x20 obj_cooja/mtype630.a(packetbuf.o)
 .debug_aranges
                0x00000000000006c0       0x20 obj_cooja/mtype630.a(queuebuf.o)
 .debug_aranges
                0x00000000000006e0       0x20 obj_cooja/mtype630.a(nullsec.o)
 .debug_aranges
                0x0000000000000700       0x20 obj_cooja/mtype630.a(watchdog.o)
 .debug_aranges
                0x0000000000000720       0x18 obj_cooja/mtype630.a(rimestats.o)
 .debug_aranges
                0x0000000000000738       0x20 obj_cooja/mtype630.a(stimer.o)
 .debug_aranges
                0x0000000000000758       0x20 obj_cooja/mtype630.a(memb.o)
 .debug_aranges
                0x0000000000000778       0x20 obj_cooja/mtype630.a(uip-ds6-route.o)
 .debug_aranges
                0x0000000000000798       0x20 obj_cooja/mtype630.a(uip-icmp6.o)
 .debug_aranges
                0x00000000000007b8       0x20 obj_cooja/mtype630.a(uip-nd6.o)
 .debug_aranges
                0x00000000000007d8       0x20 obj_cooja/mtype630.a(rpl-nbr-policy.)
 .debug_aranges
                0x00000000000007f8       0x20 obj_cooja/mtype630.a(frame802154.o)

.debug_pubnames
 *(.debug_pubnames)

.debug_info     0x0000000000000000    0x1e877
 *(.debug_info .gnu.linkonce.wi.*)
 .debug_info    0x0000000000000000      0xea7 udp-server.co
 .debug_info    0x0000000000000ea7     0x3b47 obj_cooja/mtype630.o