Archive member included to satisfy reference by file (symbol)

obj_cooja/mtype238.a(simEnvChange.o)
                              obj_cooja/mtype238.o (simDontFallAsleep)
obj_cooja/mtype238.a(cooja_mt.o)
                              obj_cooja/mtype238.o (cooja_mt_start)
obj_cooja/mtype238.a(cooja_mtarch.o)
                              obj_cooja/mtype238.a(cooja_mt.o) (cooja_mtarch_init)
obj_cooja/mtype238.a(rtimer-arch.o)
                              obj_cooja/mtype238.o (rtimer_arch_next)
obj_cooja/mtype238.a(beep.o)  obj_cooja/mtype238.o (beep_interface)
obj_cooja/mtype238.a(button-sensor.o)
                              obj_cooja/mtype238.o (button_interface)
obj_cooja/mtype238.a(leds-arch.o)
                              obj_cooja/mtype238.o (leds_interface)
obj_cooja/mtype238.a(moteid.o)
                              obj_cooja/mtype238.o (moteid_interface)
obj_cooja/mtype238.a(pir-sensor.o)
                              obj_cooja/mtype238.o (pir_interface)
obj_cooja/mtype238.a(rs232.o)
                              obj_cooja/mtype238.o (rs232_interface)
obj_cooja/mtype238.a(vib-sensor.o)
                              obj_cooja/mtype238.o (vib_interface)
obj_cooja/mtype238.a(clock.o)
                              obj_cooja/mtype238.o (clock_interface)
obj_cooja/mtype238.a(log.o)   obj_cooja/mtype238.o (simlog_interface)
obj_cooja/mtype238.a(cfs-cooja.o)
                              obj_cooja/mtype238.o (cfs_interface)
obj_cooja/mtype238.a(cooja-radio.o)
                              obj_cooja/mtype238.o (radio_interface)
obj_cooja/mtype238.a(eeprom.o)
                              obj_cooja/mtype238.o (eeprom_interface)
obj_cooja/mtype238.a(random.o)
                              obj_cooja/mtype238.a(moteid.o) (random_init)
obj_cooja/mtype238.a(sensors.o)
                              udp-server.co (sensors_event)
obj_cooja/mtype238.a(dual_conf.o)
                              obj_cooja/mtype238.a(cooja-radio.o) (long_range_radio)
obj_cooja/mtype238.a(autostart.o)
                              obj_cooja/mtype238.o (autostart_start)
obj_cooja/mtype238.a(ctimer.o)
                              obj_cooja/mtype238.o (ctimer_init)
obj_cooja/mtype238.a(etimer.o)
                              obj_cooja/mtype238.o (etimer_process)
obj_cooja/mtype238.a(log_message.o)
                              obj_cooja/mtype238.o (log_initialization)
obj_cooja/mtype238.a(process.o)
                              udp-server.co (process_current)
obj_cooja/mtype238.a(residual.o)
                              obj_cooja/mtype238.o (get_residual_energy)
obj_cooja/mtype238.a(rtimer.o)
                              obj_cooja/mtype238.a(rtimer-arch.o) (rtimer_run_next)
obj_cooja/mtype238.a(timer.o)
                              obj_cooja/mtype238.a(button-sensor.o) (timer_set)
obj_cooja/mtype238.a(serial-line.o)
                              obj_cooja/mtype238.a(rs232.o) (serial_line_input_byte)
obj_cooja/mtype238.a(list.o)  obj_cooja/mtype238.a(ctimer.o) (list_init)
obj_cooja/mtype238.a(ringbuf.o)
                              obj_cooja/mtype238.a(serial-line.o) (ringbuf_init)
obj_cooja/mtype238.a(sicslowpan.o)
                              obj_cooja/mtype238.o (sicslowpan_driver)
obj_cooja/mtype238.a(uip-ds6-nbr.o)
                              obj_cooja/mtype238.a(sicslowpan.o) (uip_ds6_link_neighbor_callback)
obj_cooja/mtype238.a(uip-ds6.o)
                              udp-server.co (uip_ds6_if)
obj_cooja/mtype238.a(uip6.o)  obj_cooja/mtype238.o (uip_lladdr)
obj_cooja/mtype238.a(tcpip.o)
                              udp-server.co (tcpip_event)
obj_cooja/mtype238.a(uip-debug.o)
                              udp-server.co (uip_debug_ipaddr_print)
obj_cooja/mtype238.a(uip-packetqueue)
                              obj_cooja/mtype238.a(uip-ds6-nbr.o) (uip_packetqueue_new)
obj_cooja/mtype238.a(rpl-dag.o)
                              udp-server.co (rpl_set_root)
obj_cooja/mtype238.a(rpl-ext-header.)
                              obj_cooja/mtype238.a(uip6.o) (rpl_verify_header)
obj_cooja/mtype238.a(rpl-icmp6.o)
                              obj_cooja/mtype238.a(rpl-dag.o) (rpl_icmp6_update_nbr_table)
obj_cooja/mtype238.a(rpl-ltmax.o)
                              obj_cooja/mtype238.a(rpl-dag.o) (rpl_ltmax_of)
obj_cooja/mtype238.a(rpl-timers.o)
                              obj_cooja/mtype238.a(rpl-dag.o) (rpl_reset_dio_timer)
obj_cooja/mtype238.a(rpl.o)   obj_cooja/mtype238.a(rpl-icmp6.o) (rpl_get_mode)
obj_cooja/mtype238.a(framer-802154.o)
                              obj_cooja/mtype238.a(sicslowpan.o) (framer_802154)
obj_cooja/mtype238.a(nullmac.o)
                              udp-server.co (nullmac_driver)
obj_cooja/mtype238.a(cxmac.o)
                              obj_cooja/mtype238.o (cxmac_driver)
obj_cooja/mtype238.a(linkaddr.o)
                              obj_cooja/mtype238.o (linkaddr_node_addr)
obj_cooja/mtype238.a(nbr-table.o)
                              obj_cooja/mtype238.a(rpl-dag.o) (long_ip_from_lladdr_map)
[...]
Memory Configuration

Name             Origin             Length             Attributes
*default*        0x0000000000000000 0xffffffffffffffff

Linker script and memory map

LOAD /usr/lib/gcc/i686-linux-gnu/4.8/../../../i386-linux-gnu/crti.o
LOAD /usr/lib/gcc/i686-linux-gnu/4.8/crtbeginS.o
LOAD udp-server.co
LOAD obj_cooja/mtype238.o
LOAD obj_cooja/mtype238.a
LOAD /usr/lib/gcc/i686-linux-gnu/4.8/libgcc.a
LOAD /usr/lib/gcc/i686-linux-gnu/4.8/libgcc_s.so
LOAD /usr/lib/gcc/i686-linux-gnu/4.8/../../../i386-linux-gnu/libc.so
START GROUP
LOAD /lib/i386-linux-gnu/libc.so.6
LOAD /usr/lib/i386-linux-gnu/libc_nonshared.a
LOAD /lib/i386-linux-gnu/ld-linux.so.2
END GROUP
LOAD /usr/lib/gcc/i686-linux-gnu/4.8/libgcc.a
LOAD /usr/lib/gcc/i686-linux-gnu/4.8/libgcc_s.so
LOAD /usr/lib/gcc/i686-linux-gnu/4.8/crtendS.o
LOAD /usr/lib/gcc/i686-linux-gnu/4.8/../../../i386-linux-gnu/crtn.o
                0x0000000000000114                . = (0x0 + SIZEOF_HEADERS)

.note.gnu.build-id
                0x0000000000000114       0x24
 *(.note.gnu.build-id)
 .note.gnu.build-id
                0x0000000000000114       0x24 /usr/lib/gcc/i686-linux-gnu/4.8/../../../i386-linux-gnu/crti.o

.hash
 *(.hash)

.gnu.hash       0x0000000000000138     0x1344
 *(.gnu.hash)
 .gnu.hash      0x0000000000000138     0x1344 /usr/lib/gcc/i686-linux-gnu/4.8/../../../i386-linux-gnu/crti.o

.dynsym         0x000000000000147c     0x2570
 *(.dynsym)
 .dynsym        0x000000000000147c     0x2570 /usr/lib/gcc/i686-linux-gnu/4.8/../../../i386-linux-gnu/crti.o

.dynstr         0x00000000000039ec     0x26a9
 *(.dynstr)
 .dynstr        0x00000000000039ec     0x26a9 /usr/lib/gcc/i686-linux-gnu/4.8/../../../i386-linux-gnu/crti.o

.gnu.version    0x0000000000006096      0x4ae
 *(.gnu.version)
 .gnu.version   0x0000000000006096      0x4ae /usr/lib/gcc/i686-linux-gnu/4.8/../../../i386-linux-gnu/crti.o

.gnu.version_d  0x0000000000006544        0x0
 *(.gnu.version_d)
 .gnu.version_d
                0x0000000000000000        0x0 /usr/lib/gcc/i686-linux-gnu/4.8/../../../i386-linux-gnu/crti.o

.gnu.version_r  0x0000000000006544       0x50
 *(.gnu.version_r)
 .gnu.version_r
                0x0000000000006544       0x50 /usr/lib/gcc/i686-linux-gnu/4.8/../../../i386-linux-gnu/crti.o

.rel.dyn        0x0000000000006594     0xa078
 *(.rel.init)
 .rel.init      0x0000000000000000        0x0 /usr/lib/gcc/i686-linux-gnu/4.8/../../../i386-linux-gnu/crti.o
 *(.rel.text .rel.text.* .rel.gnu.linkonce.t.*)
 .rel.text      0x0000000000006594     0x98e8 /usr/lib/gcc/i686-linux-gnu/4.8/../../../i386-linux-gnu/crti.o
 *(.rel.fini)
 .rel.fini      0x0000000000000000        0x0 /usr/lib/gcc/i686-linux-gnu/4.8/../../../i386-linux-gnu/crti.o
 *(.rel.rodata .rel.rodata.* .rel.gnu.linkonce.r.*)
 .rel.rodata    0x000000000000fe7c      0x4e0 /usr/lib/gcc/i686-linux-gnu/4.8/../../../i386-linux-gnu/crti.o
 *(.rel.data.rel.ro .rel.data.rel.ro.* .rel.gnu.linkonce.d.rel.ro.*)
 *(.rel.data .rel.data.* .rel.gnu.linkonce.d.*)
 .rel.data.rel  0x000000000001035c        0x8 /usr/lib/gcc/i686-linux-gnu/4.8/../../../i386-linux-gnu/crti.o
 .rel.data      0x0000000000010364      0x270 /usr/lib/gcc/i686-linux-gnu/4.8/../../../i386-linux-gnu/crti.o
 *(.rel.tdata .rel.tdata.* .rel.gnu.linkonce.td.*)
 *(.rel.tbss .rel.tbss.* .rel.gnu.linkonce.tb.*)
 *(.rel.ctors)
 *(.rel.dtors)
 *(.rel.got)
 .rel.got       0x00000000000105d4       0x28 /usr/lib/gcc/i686-linux-gnu/4.8/../../../i386-linux-gnu/crti.o
 *(.rel.bss .rel.bss.* .rel.gnu.linkonce.b.*)
 *(.rel.ifunc)
 .rel.ifunc     0x0000000000000000        0x0 /usr/lib/gcc/i686-linux-gnu/4.8/../../../i386-linux-gnu/crti.o
 .rel.fini_array
                0x00000000000105fc        0x8 /usr/lib/gcc/i686-linux-gnu/4.8/../../../i386-linux-gnu/crti.o
 .rel.init_array
                0x0000000000010604        0x8 /usr/lib/gcc/i686-linux-gnu/4.8/../../../i386-linux-gnu/crti.o

.rel.plt        0x000000000001060c       0x10
 *(.rel.plt)
 .rel.plt       0x000000000001060c       0x10 /usr/lib/gcc/i686-linux-gnu/4.8/../../../i386-linux-gnu/crti.o
 *(.rel.iplt)

.init           0x000000000001061c       0x23
 *(SORT(.init))
 .init          0x000000000001061c       0x1e /usr/lib/gcc/i686-linux-gnu/4.8/../../../i386-linux-gnu/crti.o
                0x000000000001061c                _init
 .init          0x000000000001063a        0x5 /usr/lib/gcc/i686-linux-gnu/4.8/../../../i386-linux-gnu/crtn.o

.plt            0x0000000000010640       0x30
 *(.plt)
 .plt           0x0000000000010640       0x30 /usr/lib/gcc/i686-linux-gnu/4.8/../../../i386-linux-gnu/crti.o
 *(.iplt)

.text           0x0000000000010670    0x176d3
 *(.text.unlikely .text.*_unlikely .text.unlikely.*)
 *(.text.exit .text.exit.*)
 *(.text.startup .text.startup.*)
 *(.text.hot .text.hot.*)
 *(.text .stub .text.* .gnu.linkonce.t.*)
 .text          0x0000000000010670        0x0 /usr/lib/gcc/i686-linux-gnu/4.8/../../../i386-linux-gnu/crti.o
 .gnu.linkonce.t.__x86.get_pc_thunk.bx
                0x0000000000010670        0x4 /usr/lib/gcc/i686-linux-gnu/4.8/../../../i386-linux-gnu/crti.o
                0x0000000000010670                __x86.get_pc_thunk.bx
 *fill*         0x0000000000010674        0xc 
 .text          0x0000000000010680      0x11b /usr/lib/gcc/i686-linux-gnu/4.8/crtbeginS.o
 .text          0x000000000001079b      0x3ce udp-server.co
 .text          0x0000000000010b69      0x96a obj_cooja/mtype238.o
                0x0000000000010d17                contiki_init
                0x00000000000112ea                Java_org_contikios_cooja_corecomm_Lib8_init
                0x000000000001132a                Java_org_contikios_cooja_corecomm_Lib8_getMemory
                0x000000000001136a                Java_org_contikios_cooja_corecomm_Lib8_setMemory
                0x00000000000113e1                Java_org_contikios_cooja_corecomm_Lib8_tick
                0x00000000000114c1                Java_org_contikios_cooja_corecomm_Lib8_setReferenceAddress
 .text          0x00000000000114d3       0x63 obj_cooja/mtype238.a(simEnvChange.o)
                0x00000000000114d3                doActionsBeforeTick
                0x0000000000011504                doActionsAfterTick
 .text          0x0000000000011536       0xbc obj_cooja/mtype238.a(cooja_mt.o)
                0x0000000000011536                cooja_mt_init
                0x0000000000011543                cooja_mt_remove
                0x0000000000011550                cooja_mt_start
                0x000000000001157d                cooja_mt_exec
                0x00000000000115ae                cooja_mt_exit
                0x00000000000115d0                cooja_mt_yield
 .text          0x00000000000115f2      0x115 obj_cooja/mtype238.a(cooja_mtarch.o)
                0x00000000000115f2                cooja_mtarch_init
                0x00000000000115f7                cooja_mtarch_start
                0x0000000000011672                cooja_sw
                0x0000000000011694                cooja_mtarch_exec
                0x00000000000116b0                cooja_mtarch_remove
                0x00000000000116b5                cooja_mtarch_yield
                0x00000000000116bf                cooja_mtarch_pstop
                0x00000000000116c4                cooja_mtarch_pstart
                0x00000000000116c9                cooja_mtarch_stack_usage
 .text          0x0000000000011707       0xc2 obj_cooja/mtype238.a(rtimer-arch.o)
                0x0000000000011707                rtimer_arch_init
                0x000000000001172a                rtimer_arch_schedule
                0x0000000000011741                rtimer_arch_next
                0x000000000001174b                rtimer_arch_pending
                0x0000000000011755                rtimer_arch_check
                0x0000000000011787                rtimer_arch_now
 .text          0x00000000000117c9       0x76 obj_cooja/mtype238.a(beep.o)
                0x00000000000117c9                beep_alarm
                0x00000000000117d5                beep_beep
                0x00000000000117e1                beep
                0x00000000000117ed                beep_down
                0x00000000000117f9                beep_on
                0x0000000000011805                beep_off
                0x0000000000011811                beep_spinup
                0x000000000001181d                beep_quick
                0x0000000000011829                beep_long
 .text          0x000000000001183f      0x103 obj_cooja/mtype238.a(button-sensor.o)
 .text          0x0000000000011942       0x45 obj_cooja/mtype238.a(leds-arch.o)
                0x0000000000011942                leds_arch_init
                0x000000000001194e                leds_arch_get
                0x000000000001195a                leds_arch_set
 .text          0x0000000000011987       0x2f obj_cooja/mtype238.a(moteid.o)
 .text          0x00000000000119b6       0xb1 obj_cooja/mtype238.a(pir-sensor.o)
 .text          0x0000000000011a67      0x131 obj_cooja/mtype238.a(rs232.o)
                0x0000000000011a67                rs232_init
                0x0000000000011a6c                rs232_set_speed
                0x0000000000011a7a                rs232_set_input
                0x0000000000011a87                rs232_send
                0x0000000000011aa9                rs232_print
                0x0000000000011ac4                slip_arch_writeb
 .text          0x0000000000011b98       0xb1 obj_cooja/mtype238.a(vib-sensor.o)
 .text          0x0000000000011c49       0x34 obj_cooja/mtype238.a(clock.o)
                0x0000000000011c49                clock_init
                0x0000000000011c4e                clock_time
                0x0000000000011c58                clock_seconds
                0x0000000000011c6e                clock_delay
 .text          0x0000000000011c7d      0x1ed obj_cooja/mtype238.a(log.o)
                0x0000000000011c7d                simlog_char
                0x0000000000011cbf                simlog
                0x0000000000011d2c                log_message
                0x0000000000011d54                log_set_putchar_with_slip
                0x0000000000011d61                log_putchar
                0x0000000000011de5                log_puts
                0x0000000000011e09                log_printf
 .text          0x0000000000011e6a      0x2c4 obj_cooja/mtype238.a(cfs-cooja.o)
                0x0000000000011e6a                cfs_open
                0x0000000000011ed3                cfs_close
                0x0000000000011edf                cfs_read
                0x0000000000011f7d                cfs_write
                0x000000000001205a                cfs_seek
                0x00000000000120e2                cfs_remove
                0x000000000001210b                cfs_opendir
                0x0000000000012115                cfs_readdir
                0x000000000001211f                cfs_closedir
 .text          0x000000000001212e      0x6de obj_cooja/mtype238.a(cooja-radio.o)
                0x0000000000012158                radio_set_channel
                0x000000000001216d                radio_set_txpower
                0x000000000001218d                radio_signal_strength_last
                0x0000000000012197                radio_signal_strength_current
                0x00000000000121a1                radio_LQI
 .text          0x000000000001280c       0xef obj_cooja/mtype238.a(eeprom.o)
                0x000000000001280c                eeprom_init
                0x0000000000012811                eeprom_read
                0x0000000000012881                eeprom_write
 .text          0x00000000000128fb       0x28 obj_cooja/mtype238.a(random.o)
                0x00000000000128fb                random_init
                0x0000000000012916                random_rand
 .text          0x0000000000012923      0x2a1 obj_cooja/mtype238.a(sensors.o)
                0x000000000001295e                sensors_first
                0x0000000000012968                sensors_next
                0x0000000000012985                sensors_changed
                0x00000000000129b4                sensors_find
 .text          0x0000000000012bc4      0x31a obj_cooja/mtype238.a(dual_conf.o)
                0x0000000000012bc4                dual_radio_switch
                0x0000000000012c04                dual_radio_change
                0x0000000000012c3e                sending_in_LR
                0x0000000000012c69                dual_radio_received
                0x0000000000012cbc                radio_received_is_longrange
                0x0000000000012cd7                dual_radio_turn_on
                0x0000000000012cfa                dual_radio_turn_off
                0x0000000000012e94                dio_broadcast
                0x0000000000012ebd                dis_broadcast
 .text          0x0000000000012ede       0x8e obj_cooja/mtype238.a(autostart.o)
                0x0000000000012ede                autostart_start
                0x0000000000012f29                autostart_exit
 .text          0x0000000000012f6c      0x334 obj_cooja/mtype238.a(ctimer.o)
                0x0000000000013083                ctimer_init
                0x00000000000130b3                ctimer_set
                0x00000000000130e4                ctimer_set_with_process
                0x0000000000013160                ctimer_reset
                0x00000000000131af                ctimer_restart
                0x00000000000131fe                ctimer_stop
                0x0000000000013249                ctimer_expired
 .text          0x00000000000132a0      0x40b obj_cooja/mtype238.a(etimer.o)
                0x00000000000134b3                etimer_request_poll
                0x0000000000013537                etimer_set
                0x000000000001355c                etimer_reset_with_new_interval
                0x0000000000013583                etimer_reset
                0x00000000000135a1                etimer_restart
                0x00000000000135bf                etimer_adjust
                0x00000000000135db                etimer_expired
                0x00000000000135ee                etimer_expiration_time
                0x0000000000013600                etimer_start_time
                0x000000000001360a                etimer_pending
                0x000000000001361c                etimer_next_expiration_time
                0x0000000000013636                etimer_stop
 .text          0x00000000000136ab       0xdd obj_cooja/mtype238.a(log_message.o)
                0x00000000000136ab                log_initialization
                0x0000000000013767                log_finisher
 .text          0x0000000000013788      0x560 obj_cooja/mtype238.a(process.o)
                0x0000000000013788                process_alloc_event
                0x000000000001379d                process_start
                0x0000000000013986                process_exit
                0x00000000000139a2                process_init
                0x0000000000013b73                process_run
                0x0000000000013ba6                process_nevents
                0x0000000000013bc1                process_post
                0x0000000000013c6d                process_post_synch
                0x0000000000013ca5                process_poll
                0x0000000000013cd4                process_is_running
 .text          0x0000000000013ce8       0xd3 obj_cooja/mtype238.a(residual.o)
                0x0000000000013ce8                get_residual_energy
 .text          0x0000000000013dbb       0xba obj_cooja/mtype238.a(rtimer.o)
                0x0000000000013dbb                rtimer_init
                0x0000000000013dc8                rtimer_set
                0x0000000000013e1f                rtimer_run_next
 .text          0x0000000000013e75       0x91 obj_cooja/mtype238.a(timer.o)
                0x0000000000013e75                timer_set
                0x0000000000013e90                timer_reset
                0x0000000000013ea7                timer_restart
                0x0000000000013eb9                timer_expired
                0x0000000000013ee2                timer_remaining
 .text          0x0000000000013f06      0x1fb obj_cooja/mtype238.a(serial-line.o)
                0x0000000000013f06                serial_line_input_byte
                0x00000000000140c9                serial_line_init
 .text          0x0000000000014101      0x244 obj_cooja/mtype238.a(list.o)
                0x0000000000014101                list_init
                0x000000000001410f                list_head
                0x0000000000014119                list_copy
                0x0000000000014128                list_tail
                0x000000000001415e                list_add
                0x00000000000141a7                list_push
                0x00000000000141d3                list_chop
                0x000000000001423d                list_pop
                0x0000000000014265                list_remove
                0x00000000000142cc                list_length
                0x00000000000142fa                list_insert
                0x000000000001432e                list_item_next
 .text          0x0000000000014345      0x155 obj_cooja/mtype238.a(ringbuf.o)
                0x0000000000014345                ringbuf_init
                0x0000000000014376                ringbuf_put
                0x00000000000143f4                ringbuf_get
                0x0000000000014461                ringbuf_size
                0x0000000000014473                ringbuf_elements
 .text          0x000000000001449a     0x258b obj_cooja/mtype238.a(sicslowpan.o)
                0x0000000000014a24                rime_sniffer_add
                0x0000000000014a31                rime_sniffer_remove
                0x00000000000169c4                sicslowpan_init
                0x0000000000016a1b                sicslowpan_get_last_rssi
 .text          0x0000000000016a25      0x2dc obj_cooja/mtype238.a(uip-ds6-nbr.o)
                0x0000000000016a42                uip_ds6_neighbors_init
                0x0000000000016a5f                uip_ds6_nbr_add
                0x0000000000016b10                uip_ds6_nbr_rm
                0x0000000000016b6d                uip_ds6_nbr_get_ipaddr
                0x0000000000016b82                uip_ds6_nbr_get_ll
                0x0000000000016b9e                uip_ds6_nbr_num
                0x0000000000016be3                uip_ds6_nbr_lookup
                0x0000000000016c48                uip_ds6_nbr_ll_lookup
                0x0000000000016c64                uip_ds6_nbr_ipaddr_from_lladdr
                0x0000000000016c8a                uip_ds6_nbr_lladdr_from_ipaddr
                0x0000000000016cb8                uip_ds6_link_neighbor_callback
 .text          0x0000000000016d01     0x12ad obj_cooja/mtype238.a(uip-ds6.o)
                0x0000000000016d01                uip_ds6_init
                0x0000000000017056                uip_ds6_periodic
                0x000000000001712e                uip_ds6_list_loop
                0x00000000000171d5                uip_ds6_prefix_add
                0x0000000000017293                uip_ds6_prefix_rm
                0x00000000000172a5                uip_ds6_prefix_lookup
                0x00000000000172f6                uip_ds6_is_addr_onlink
                0x000000000001736a                uip_ds6_addr_add
                0x0000000000017498                uip_ds6_long_addr_add
                0x00000000000175c6                uip_ds6_addr_rm
                0x0000000000017666                uip_ds6_addr_lookup
                0x00000000000176b1                uip_ds6_long_addr_lookup
                0x00000000000176fc                uip_ds6_get_link_local
                0x000000000001777b                uip_ds6_long_get_link_local
                0x00000000000177fa                uip_ds6_get_global
                0x0000000000017879                uip_ds6_long_get_global
                0x00000000000178f8                uip_ds6_maddr_add
                0x000000000001796a                uip_ds6_long_maddr_add
                0x00000000000179dc                uip_ds6_maddr_rm
                0x00000000000179ee                uip_ds6_maddr_lookup
                0x0000000000017a39                uip_ds6_long_maddr_lookup
                0x0000000000017a84                uip_ds6_aaddr_add
                0x0000000000017af6                uip_ds6_long_aaddr_add
                0x0000000000017b68                uip_ds6_aaddr_rm
                0x0000000000017b7a                uip_ds6_aaddr_lookup
                0x0000000000017bc5                uip_ds6_long_aaddr_lookup
                0x0000000000017c10                uip_ds6_select_src
                0x0000000000017e99                uip_ds6_set_addr_iid
                0x0000000000017ed0                get_match_length
                0x0000000000017f62                uip_ds6_compute_reachable_time
 .text          0x0000000000017fae     0x29f3 obj_cooja/mtype238.a(uip6.o)
                0x0000000000017fae                uip_add32
                0x0000000000018147                uip_chksum
                0x0000000000018235                uip_icmp6chksum
                0x0000000000018249                uip_tcpchksum
                0x000000000001825d                uip_udpchksum
                0x0000000000018271                uip_init
                0x0000000000018341                uip_connect
                0x00000000000184f0                remove_ext_hdr
                0x00000000000185c5                uip_udp_new
                0x0000000000018721                uip_unlisten
                0x0000000000018781                uip_listen
                0x0000000000018a43                uip_process
                0x000000000001a895                uip_htons
                0x000000000001a8b7                uip_htonl
                0x000000000001a8f7                uip_send
 .text          0x000000000001a9a1      0xb43 obj_cooja/mtype238.a(tcpip.o)
                0x000000000001a9a1                tcpip_output
                0x000000000001a9cf                tcpip_set_outputfunc
                0x000000000001aa63                tcp_connect
                0x000000000001aab8                tcp_unlisten
                0x000000000001ab13                tcp_listen
                0x000000000001ab6c                tcp_attach
                0x000000000001ab91                udp_attach
                0x000000000001abb6                udp_new
                0x000000000001ac08                udp_broadcast_new
                0x000000000001ae7c                tcpip_input
                0x000000000001aeb0                tcpip_ipv6_output
                0x000000000001b32a                tcpip_poll_udp
                0x000000000001b34d                tcpip_poll_tcp
                0x000000000001b370                tcpip_uipcall
 .text          0x000000000001b4e4      0x1c1 obj_cooja/mtype238.a(uip-debug.o)
                0x000000000001b4e4                uip_debug_ipaddr_print
                0x000000000001b646                uip_debug_lladdr_print
 .text          0x000000000001b6a5      0x141 obj_cooja/mtype238.a(uip-packetqueue)
                0x000000000001b6d1                uip_packetqueue_new
                0x000000000001b6df                uip_packetqueue_alloc
                0x000000000001b73f                uip_packetqueue_free
                0x000000000001b780                uip_packetqueue_buf
                0x000000000001b79d                uip_packetqueue_buflen
                0x000000000001b7be                uip_packetqueue_set_buflen
 .text          0x000000000001b7e6     0x3273 obj_cooja/mtype238.a(rpl-dag.o)
                0x000000000001b7e6                rpl_lr_in_neighbor_tree
                0x000000000001b933                rpl_print_neighbor_list
                0x000000000001bb2a                rpl_print_child_neighbor_list
                0x000000000001bbe2                rpl_get_nbr
                0x000000000001bc3c                rpl_get_nbr_child
                0x000000000001bc96                rpl_dag_init
                0x000000000001bcc8                rpl_get_parent
                0x000000000001bcea                rpl_get_parent_rank
                0x000000000001bd1d                rpl_get_parent_link_metric
                0x000000000001bd50                rpl_get_parent_ipaddr
                0x000000000001bd7a                rpl_get_child_ipaddr
                0x000000000001c13e                rpl_set_root
                0x000000000001c3b9                rpl_repair_root
                0x000000000001c668                rpl_set_prefix
                0x000000000001c78b                rpl_set_default_route
                0x000000000001c880                rpl_alloc_instance
                0x000000000001c913                rpl_alloc_dag
                0x000000000001c9c6                rpl_set_default_instance
                0x000000000001c9d3                rpl_get_default_instance
                0x000000000001c9dd                rpl_free_instance
                0x000000000001caab                rpl_free_dag
                0x000000000001cb34                rpl_add_parent
                0x000000000001cc62                rpl_find_parent
                0x000000000001cc92                rpl_add_child
                0x000000000001cd7a                rpl_find_child
                0x000000000001cdc8                rpl_find_parent_any_dag
                0x000000000001ce04                rpl_select_dag
                0x000000000001d2cb                rpl_select_parent
                0x000000000001d32d                rpl_remove_parent
                0x000000000001d38e                rpl_remove_child
                0x000000000001d3d5                rpl_nullify_parent
                0x000000000001d4d1                rpl_move_parent
                0x000000000001d5dc                rpl_has_downward_route
                0x000000000001d62f                rpl_get_any_dag
                0x000000000001d691                rpl_get_instance
                0x000000000001d6f4                rpl_find_of
                0x000000000001d731                rpl_join_instance
                0x000000000001da68                rpl_add_dag
                0x000000000001df39                rpl_local_repair
                0x000000000001e02a                rpl_recalculate_ranks
                0x000000000001e0d3                rpl_process_parent_event
                0x000000000001e2e9                rpl_process_dio
 .text          0x000000000001ea59      0xbf3 obj_cooja/mtype238.a(rpl-ext-header.)
                0x000000000001ea76                rpl_verify_header
                0x000000000001eef0                rpl_update_header_empty
                0x000000000001f207                rpl_update_header_final
                0x000000000001f396                rpl_remove_header
                0x000000000001f4a0                rpl_invert_header
                0x000000000001f62a                rpl_insert_header
 .text          0x000000000001f64c     0x2c7c obj_cooja/mtype238.a(rpl-icmp6.o)
                0x000000000001f95b                rpl_icmp6_update_nbr_table
                0x000000000001fb28                dis_output
                0x000000000002085b                dio_output
                0x0000000000021d8b                dao_output
                0x0000000000021e5f                dao_output_target
                0x000000000002227c                dao_ack_output
                0x0000000000022290                rpl_icmp6_register_handlers
 .text          0x00000000000222c8      0x392 obj_cooja/mtype238.a(rpl-ltmax.o)
 .text          0x000000000002265a      0x7b3 obj_cooja/mtype238.a(rpl-timers.o)
                0x00000000000228a0                rpl_reset_periodic_timer
                0x00000000000228f5                rpl_reset_dio_timer
                0x0000000000022b2f                rpl_schedule_dao
                0x0000000000022b4a                rpl_schedule_dao_immediately
                0x0000000000022b65                rpl_cancel_dao
                0x0000000000022bc7                rpl_schedule_unicast_dio_immediately
                0x0000000000022db5                rpl_schedule_probing
 .text          0x0000000000022e0d      0x5c5 obj_cooja/mtype238.a(rpl.o)
                0x0000000000022e0d                rpl_get_mode
                0x0000000000022e17                rpl_set_mode
                0x0000000000022ea5                rpl_purge_routes
                0x0000000000022f9f                rpl_remove_routes
                0x0000000000022fe5                rpl_remove_routes_by_nexthop
                0x0000000000023051                rpl_add_route
                0x00000000000230cc                rpl_link_neighbor_callback
                0x00000000000231d1                rpl_ipv6_neighbor_callback
                0x0000000000023240                rpl_purge_dags
                0x000000000002334c                rpl_init
 .text          0x00000000000233d2      0x3f5 obj_cooja/mtype238.a(framer-802154.o)
 .text          0x00000000000237c7       0x5e obj_cooja/mtype238.a(nullmac.o)
 .text          0x0000000000023825      0xde7 obj_cooja/mtype238.a(cxmac.o)
                0x000000000002455c                cxmac_set_announcement_radio_txpower
                0x0000000000024561                cxmac_init
 .text          0x000000000002460c       0x82 obj_cooja/mtype238.a(linkaddr.o)
                0x000000000002460c                linkaddr_copy
                0x000000000002462e                linkaddr_cmp
                0x0000000000024658                linkaddr_set_node_addr
                0x0000000000024673                linkaddr_set_node_long_addr
 .text          0x000000000002468e      0x915 obj_cooja/mtype238.a(nbr-table.o)
                0x000000000002468e                long_ip_from_lladdr_map
                0x0000000000024717                lladdr_map_add_lr
                0x00000000000247d4                lladdr_map_rm_lr
                0x0000000000024c99                nbr_table_register
                0x0000000000024ce1                nbr_table_head
                0x0000000000024d3d                nbr_table_next
                0x0000000000024da4                nbr_table_add_lladdr
                0x0000000000024e80                nbr_table_get_from_lladdr
                0x0000000000024ecd                nbr_table_remove
                0x0000000000024f1f                nbr_table_lock
                0x0000000000024f49                nbr_table_unlock
                0x0000000000024f73                nbr_table_get_lladdr
 .text          0x0000000000024fa3       0x2b obj_cooja/mtype238.a(netstack.o)
                0x0000000000024fa3                netstack_init
 .text          0x0000000000024fce      0x3cd obj_cooja/mtype238.a(packetbuf.o)
                0x0000000000024fce                packetbuf_clear
                0x0000000000024ff8                packetbuf_copyfrom
                0x000000000002504a                packetbuf_compact
                0x00000000000250c7                packetbuf_copyto
                0x000000000002515e                packetbuf_hdralloc
                0x00000000000251db                packetbuf_hdrreduce
                0x0000000000025223                packetbuf_set_datalen
                0x000000000002523c                packetbuf_dataptr
                0x0000000000025259                packetbuf_hdrptr
                0x0000000000025263                packetbuf_datalen
                0x000000000002526f                packetbuf_hdrlen
                0x0000000000025286                packetbuf_totlen
                0x000000000002529c                packetbuf_attr_clear
                0x00000000000252ee                packetbuf_attr_copyto
                0x0000000000025337                packetbuf_attr_copyfrom
                0x000000000002537f                packetbuf_holds_broadcast
 .text          0x000000000002539b      0x2b4 obj_cooja/mtype238.a(queuebuf.o)
                0x00000000000253a5                queuebuf_init
                0x00000000000253c5                queuebuf_numfree
                0x00000000000253d9                queuebuf_new_from_packetbuf
                0x0000000000025469                queuebuf_update_attr_from_packetbuf
                0x000000000002549c                queuebuf_update_from_packetbuf
                0x00000000000254e6                queuebuf_free
                0x000000000002552d                queuebuf_to_packetbuf
                0x0000000000025593                queuebuf_dataptr
                0x00000000000255ca                queuebuf_datalen
                0x00000000000255ed                queuebuf_addr
                0x000000000002561f                queuebuf_attr
                0x000000000002564a                queuebuf_debug_print
 .text          0x000000000002564f       0x6e obj_cooja/mtype238.a(nullsec.o)
 .text          0x00000000000256bd       0x19 obj_cooja/mtype238.a(watchdog.o)
                0x00000000000256bd                watchdog_init
                0x00000000000256c2                watchdog_start
                0x00000000000256c7                watchdog_periodic
                0x00000000000256cc                watchdog_stop
                0x00000000000256d1                watchdog_reboot
 .text          0x00000000000256d6        0x0 obj_cooja/mtype238.a(rimestats.o)
 .text          0x00000000000256d6       0xa3 obj_cooja/mtype238.a(stimer.o)
                0x00000000000256d6                stimer_set
                0x00000000000256f1                stimer_reset
                0x0000000000025708                stimer_restart
                0x000000000002571a                stimer_expired
                0x0000000000025741                stimer_remaining
                0x0000000000025765                stimer_elapsed
 .text          0x0000000000025779      0x1c1 obj_cooja/mtype238.a(memb.o)
                0x0000000000025779                memb_init
                0x00000000000257d7                memb_alloc
                0x000000000002583c                memb_free
                0x00000000000258b7                memb_inmemb
                0x00000000000258f6                memb_numfree
 .text          0x000000000002593a      0x916 obj_cooja/mtype238.a(uip-ds6-route.o)
                0x00000000000259b1                uip_ds6_notification_add
                0x00000000000259e2                uip_ds6_notification_rm
                0x00000000000259fe                uip_ds6_route_init
                0x0000000000025a86                uip_ds6_route_nexthop
                0x0000000000025aae                uip_ds6_route_head
                0x0000000000025ac3                uip_ds6_route_next
                0x0000000000025ae9                uip_ds6_route_is_nexthop
                0x0000000000025b28                uip_ds6_route_num_routes
                0x0000000000025b32                uip_ds6_route_lookup
                0x0000000000025bf4                uip_ds6_route_add
                0x0000000000025e28                uip_ds6_route_rm
                0x0000000000025fbc                uip_ds6_route_rm_by_nexthop
                0x0000000000025ff4                uip_ds6_defrt_add
                0x00000000000260a5                uip_ds6_defrt_rm
                0x0000000000026124                uip_ds6_defrt_lookup
                0x000000000002617d                uip_ds6_defrt_choose
                0x00000000000261e8                uip_ds6_defrt_periodic
 .text          0x0000000000026250      0xab2 obj_cooja/mtype238.a(uip-icmp6.o)
                0x00000000000262be                uip_icmp6_input
                0x0000000000026314                uip_icmp6_register_input_handler
                0x00000000000265dc                uip_icmp6_error_output
                0x0000000000026921                uip_icmp6_send
                0x0000000000026c95                uip_icmp6_echo_reply_callback_add
                0x0000000000026cc6                uip_icmp6_echo_reply_callback_rm
                0x0000000000026ce2                uip_icmp6_init
 .text          0x0000000000026d02      0x358 obj_cooja/mtype238.a(uip-nd6.o)
                0x0000000000026d56                uip_nd6_ns_output
                0x0000000000027055                uip_nd6_init
 .text          0x000000000002705a      0x331 obj_cooja/mtype238.a(rpl-nbr-policy.)
                0x0000000000027232                find_removable_dis
                0x0000000000027255                find_removable_dio
                0x00000000000272e4                find_removable_dao
                0x0000000000027334                rpl_nbr_policy_find_removable
 .text          0x000000000002738b      0x97c obj_cooja/mtype238.a(frame802154.o)
                0x00000000000273bc                frame802154_get_pan_id
                0x00000000000273c8                frame802154_set_pan_id
                0x00000000000273e1                frame802154_has_panid
                0x00000000000274cd                frame802154_check_dest_panid
                0x0000000000027535                frame802154_is_broadcast_addr
                0x0000000000027582                frame802154_extract_linkaddr
                0x00000000000277c2                frame802154_hdrlen
                0x0000000000027813                frame802154_create
                0x00000000000279fe                frame802154_parse
 .text          0x0000000000027d07       0x3c obj_cooja/mtype238.a(mac.o)
                0x0000000000027d07                mac_call_sent_callback
 .text          0x0000000000027d43        0x0 /usr/lib/gcc/i686-linux-gnu/4.8/crtendS.o
 .text          0x0000000000027d43        0x0 /usr/lib/gcc/i686-linux-gnu/4.8/../../../i386-linux-gnu/crtn.o
 *(.gnu.warning)

.fini           0x0000000000027d44       0x14
 *(SORT(.fini))
 .fini          0x0000000000027d44        0xf /usr/lib/gcc/i686-linux-gnu/4.8/../../../i386-linux-gnu/crti.o
                0x0000000000027d44                _fini
 .fini          0x0000000000027d53        0x5 /usr/lib/gcc/i686-linux-gnu/4.8/../../../i386-linux-gnu/crtn.o
                0x0000000000027d58                PROVIDE (__etext, .)
                0x0000000000027d58                PROVIDE (_etext, .)
                0x0000000000027d58                PROVIDE (etext, .)

.rodata         0x0000000000027d60     0x21e0
 *(.rodata .rodata.* .gnu.linkonce.r.*)
 .rodata        0x0000000000027d60      0x148 udp-server.co
                0x0000000000027d74                autostart_processes
 .rodata        0x0000000000027ea8      0x1e6 obj_cooja/mtype238.o
 *fill*         0x000000000002808e        0x2 
 .rodata        0x0000000000028090        0x8 obj_cooja/mtype238.a(beep.o)
                0x0000000000028090                beep_interface
 .rodata        0x0000000000028098       0x20 obj_cooja/mtype238.a(button-sensor.o)
                0x0000000000028098                button_interface
                0x00000000000280a8                button_sensor
 .rodata        0x00000000000280b8        0x8 obj_cooja/mtype238.a(leds-arch.o)
                0x00000000000280b8                leds_interface
 .rodata        0x00000000000280c0        0x8 obj_cooja/mtype238.a(moteid.o)
                0x00000000000280c0                moteid_interface
 .rodata        0x00000000000280c8       0x1c obj_cooja/mtype238.a(pir-sensor.o)
                0x00000000000280c8                pir_interface
                0x00000000000280d4                pir_sensor
 .rodata        0x00000000000280e4        0xe obj_cooja/mtype238.a(rs232.o)
                0x00000000000280e4                rs232_interface
 *fill*         0x00000000000280f2        0x2 
 .rodata        0x00000000000280f4       0x24 obj_cooja/mtype238.a(vib-sensor.o)
                0x00000000000280f4                vib_interface
                0x0000000000028108                vib_sensor
 .rodata        0x0000000000028118        0x8 obj_cooja/mtype238.a(clock.o)
                0x0000000000028118                clock_interface
 .rodata        0x0000000000028120        0x8 obj_cooja/mtype238.a(log.o)
                0x0000000000028120                simlog_interface
 .rodata        0x0000000000028128       0x2f obj_cooja/mtype238.a(cfs-cooja.o)
                0x0000000000028128                cfs_interface
 *fill*         0x0000000000028157        0x9 
 .rodata        0x0000000000028160       0xc0 obj_cooja/mtype238.a(cooja-radio.o)
                0x00000000000281e0                cooja_radio_driver
                0x0000000000028218                radio_interface
 .rodata        0x0000000000028220        0x8 obj_cooja/mtype238.a(eeprom.o)
                0x0000000000028220                eeprom_interface
 .rodata        0x0000000000028228        0x8 obj_cooja/mtype238.a(sensors.o)
 .rodata        0x0000000000028230      0x169 obj_cooja/mtype238.a(dual_conf.o)
 .rodata        0x0000000000028399        0xf obj_cooja/mtype238.a(ctimer.o)
 .rodata        0x00000000000283a8        0xc obj_cooja/mtype238.a(etimer.o)
 .rodata        0x00000000000283b4       0x73 obj_cooja/mtype238.a(log_message.o)
 *fill*         0x0000000000028427        0x1 
 .rodata        0x0000000000028428       0x20 obj_cooja/mtype238.a(residual.o)
 .rodata        0x0000000000028448        0xe obj_cooja/mtype238.a(serial-line.o)
 *fill*         0x0000000000028456        0x2 
 .rodata        0x0000000000028458       0x2c obj_cooja/mtype238.a(sicslowpan.o)
                0x0000000000028458                unc_llconf
                0x000000000002845c                unc_ctxconf
                0x0000000000028460                unc_mxconf
                0x0000000000028464                llprefix
                0x0000000000028478                sicslowpan_driver
 .rodata        0x0000000000028484      0x13c obj_cooja/mtype238.a(uip6.o)
 .rodata        0x00000000000285c0       0x49 obj_cooja/mtype238.a(tcpip.o)
 .rodata        0x0000000000028609       0x3e obj_cooja/mtype238.a(uip-debug.o)
 *fill*         0x0000000000028647        0x1 
 .rodata        0x0000000000028648      0xcd7 obj_cooja/mtype238.a(rpl-dag.o)
 *fill*         0x000000000002931f        0x1 
 .rodata        0x0000000000029320      0xb70 obj_cooja/mtype238.a(rpl-icmp6.o)
 .rodata        0x0000000000029e90        0xc obj_cooja/mtype238.a(framer-802154.o)
                0x0000000000029e90                framer_802154
 .rodata        0x0000000000029e9c       0x24 obj_cooja/mtype238.a(nullmac.o)
                0x0000000000029ea4                nullmac_driver
 .rodata        0x0000000000029ec0       0x60 obj_cooja/mtype238.a(cxmac.o)
                0x0000000000029f00                cxmac_driver
 .rodata        0x0000000000029f20        0x8 obj_cooja/mtype238.a(linkaddr.o)
                0x0000000000029f20                linkaddr_null
 .rodata        0x0000000000029f28       0x18 obj_cooja/mtype238.a(nullsec.o)
                0x0000000000029f30                nullsec_driver

.rodata1
 *(.rodata1)

.eh_frame_hdr   0x0000000000029f40     0x135c
 *(.eh_frame_hdr)
 .eh_frame_hdr  0x0000000000029f40     0x135c udp-server.co

.eh_frame       0x000000000002b29c     0x4ee8
 *(.eh_frame)
 .eh_frame      0x000000000002b29c       0x3c /usr/lib/gcc/i686-linux-gnu/4.8/../../../i386-linux-gnu/crti.o
                                         0x40 (size before relaxing)
 .eh_frame      0x000000000002b2d8       0x68 udp-server.co
                                         0x80 (size before relaxing)
 .eh_frame      0x000000000002b340      0x148 obj_cooja/mtype238.o
                                        0x160 (size before relaxing)
 .eh_frame      0x000000000002b488       0x40 obj_cooja/mtype238.a(simEnvChange.o)
                                         0x58 (size before relaxing)
 .eh_frame      0x000000000002b4c8       0xc0 obj_cooja/mtype238.a(cooja_mt.o)
                                         0xd8 (size before relaxing)
 .eh_frame      0x000000000002b588      0x120 obj_cooja/mtype238.a(cooja_mtarch.o)
                                        0x138 (size before relaxing)
 .eh_frame      0x000000000002b6a8       0xc0 obj_cooja/mtype238.a(rtimer-arch.o)
                                         0xd8 (size before relaxing)
 .eh_frame      0x000000000002b768      0x160 obj_cooja/mtype238.a(beep.o)
                                        0x178 (size before relaxing)
 .eh_frame      0x000000000002b8c8       0xa0 obj_cooja/mtype238.a(button-sensor.o)
                                         0xb8 (size before relaxing)
 .eh_frame      0x000000000002b968       0xa0 obj_cooja/mtype238.a(leds-arch.o)
                                         0xb8 (size before relaxing)
 .eh_frame      0x000000000002ba08       0x40 obj_cooja/mtype238.a(moteid.o)
                                         0x58 (size before relaxing)
 .eh_frame      0x000000000002ba48       0xa0 obj_cooja/mtype238.a(pir-sensor.o)
                                         0xb8 (size before relaxing)
 .eh_frame      0x000000000002bae8      0x100 obj_cooja/mtype238.a(rs232.o)
                                        0x118 (size before relaxing)
 .eh_frame      0x000000000002bbe8       0xa0 obj_cooja/mtype238.a(vib-sensor.o)
                                         0xb8 (size before relaxing)
 .eh_frame      0x000000000002bc88       0xc0 obj_cooja/mtype238.a(clock.o)
                                         0xd8 (size before relaxing)
 .eh_frame      0x000000000002bd48      0x120 obj_cooja/mtype238.a(log.o)
                                        0x138 (size before relaxing)
 .eh_frame      0x000000000002be68      0x160 obj_cooja/mtype238.a(cfs-cooja.o)
                                        0x178 (size before relaxing)
 .eh_frame      0x000000000002bfc8      0x2e0 obj_cooja/mtype238.a(cooja-radio.o)
                                        0x2f8 (size before relaxing)
 .eh_frame      0x000000000002c2a8       0xa0 obj_cooja/mtype238.a(eeprom.o)
                                         0xb8 (size before relaxing)
 .eh_frame      0x000000000002c348       0x40 obj_cooja/mtype238.a(random.o)
                                         0x58 (size before relaxing)
 .eh_frame      0x000000000002c388       0xc0 obj_cooja/mtype238.a(sensors.o)
                                         0xd8 (size before relaxing)
 .eh_frame      0x000000000002c448      0x160 obj_cooja/mtype238.a(dual_conf.o)
                                        0x178 (size before relaxing)
 .eh_frame      0x000000000002c5a8       0x40 obj_cooja/mtype238.a(autostart.o)
                                         0x58 (size before relaxing)
 .eh_frame      0x000000000002c5e8      0x100 obj_cooja/mtype238.a(ctimer.o)
                                        0x118 (size before relaxing)
 .eh_frame      0x000000000002c6e8      0x1e0 obj_cooja/mtype238.a(etimer.o)
                                        0x1f8 (size before relaxing)
 .eh_frame      0x000000000002c8c8       0x40 obj_cooja/mtype238.a(log_message.o)
                                         0x58 (size before relaxing)
 .eh_frame      0x000000000002c908      0x1c8 obj_cooja/mtype238.a(process.o)
                                        0x1e0 (size before relaxing)
 .eh_frame      0x000000000002cad0       0x2c obj_cooja/mtype238.a(residual.o)
                                         0x44 (size before relaxing)
 .eh_frame      0x000000000002cafc       0x60 obj_cooja/mtype238.a(rtimer.o)
                                         0x78 (size before relaxing)
 .eh_frame      0x000000000002cb5c       0xa4 obj_cooja/mtype238.a(timer.o)
                                         0xbc (size before relaxing)
 .eh_frame      0x000000000002cc00       0x60 obj_cooja/mtype238.a(serial-line.o)
                                         0x78 (size before relaxing)
 .eh_frame      0x000000000002cc60      0x180 obj_cooja/mtype238.a(list.o)
                                        0x198 (size before relaxing)
 .eh_frame      0x000000000002cde0       0xa0 obj_cooja/mtype238.a(ringbuf.o)
                                         0xb8 (size before relaxing)
 .eh_frame      0x000000000002ce80      0x350 obj_cooja/mtype238.a(sicslowpan.o)
                                        0x368 (size before relaxing)
 .eh_frame      0x000000000002d1d0      0x180 obj_cooja/mtype238.a(uip-ds6-nbr.o)
                                        0x198 (size before relaxing)
 .eh_frame      0x000000000002d350      0x3c8 obj_cooja/mtype238.a(uip-ds6.o)
                                        0x3e0 (size before relaxing)
 .eh_frame      0x000000000002d718      0x27c obj_cooja/mtype238.a(uip6.o)
                                        0x294 (size before relaxing)
 .eh_frame      0x000000000002d994      0x270 obj_cooja/mtype238.a(tcpip.o)
                                        0x288 (size before relaxing)
 .eh_frame      0x000000000002dc04       0x48 obj_cooja/mtype238.a(uip-debug.o)
                                         0x60 (size before relaxing)
 .eh_frame      0x000000000002dc4c       0xe0 obj_cooja/mtype238.a(uip-packetqueue)
                                         0xf8 (size before relaxing)
 .eh_frame      0x000000000002dd2c      0x794 obj_cooja/mtype238.a(rpl-dag.o)
                                        0x7ac (size before relaxing)
 .eh_frame      0x000000000002e4c0      0x10c obj_cooja/mtype238.a(rpl-ext-header.)
                                        0x124 (size before relaxing)
 .eh_frame      0x000000000002e5cc      0x2c8 obj_cooja/mtype238.a(rpl-icmp6.o)
                                        0x2e0 (size before relaxing)
 .eh_frame      0x000000000002e894       0xe0 obj_cooja/mtype238.a(rpl-ltmax.o)
                                         0xf8 (size before relaxing)
 .eh_frame      0x000000000002e974      0x20c obj_cooja/mtype238.a(rpl-timers.o)
                                        0x224 (size before relaxing)
 .eh_frame      0x000000000002eb80      0x148 obj_cooja/mtype238.a(rpl.o)
                                        0x160 (size before relaxing)
 .eh_frame      0x000000000002ecc8      0x108 obj_cooja/mtype238.a(framer-802154.o)
                                        0x120 (size before relaxing)
 .eh_frame      0x000000000002edd0       0xc0 obj_cooja/mtype238.a(nullmac.o)
                                         0xd8 (size before relaxing)
 .eh_frame      0x000000000002ee90      0x29c obj_cooja/mtype238.a(cxmac.o)
                                        0x2b4 (size before relaxing)
 .eh_frame      0x000000000002f12c       0x80 obj_cooja/mtype238.a(linkaddr.o)
                                         0x98 (size before relaxing)
 .eh_frame      0x000000000002f1ac      0x2cc obj_cooja/mtype238.a(nbr-table.o)
                                        0x2e4 (size before relaxing)
 .eh_frame      0x000000000002f478       0x20 obj_cooja/mtype238.a(netstack.o)
                                         0x38 (size before relaxing)
 .eh_frame      0x000000000002f498      0x214 obj_cooja/mtype238.a(packetbuf.o)
                                        0x22c (size before relaxing)
 .eh_frame      0x000000000002f6ac      0x1a0 obj_cooja/mtype238.a(queuebuf.o)
                                        0x1b8 (size before relaxing)
 .eh_frame      0x000000000002f84c       0x80 obj_cooja/mtype238.a(nullsec.o)
                                         0x98 (size before relaxing)
 .eh_frame      0x000000000002f8cc       0xa0 obj_cooja/mtype238.a(watchdog.o)
                                         0xb8 (size before relaxing)
 .eh_frame      0x000000000002f96c       0xc4 obj_cooja/mtype238.a(stimer.o)
                                         0xdc (size before relaxing)
 .eh_frame      0x000000000002fa30       0xa0 obj_cooja/mtype238.a(memb.o)
                                         0xb8 (size before relaxing)
 .eh_frame      0x000000000002fad0      0x2a0 obj_cooja/mtype238.a(uip-ds6-route.o)
                                        0x2b8 (size before relaxing)
 .eh_frame      0x000000000002fd70      0x164 obj_cooja/mtype238.a(uip-icmp6.o)
                                        0x17c (size before relaxing)
 .eh_frame      0x000000000002fed4       0x68 obj_cooja/mtype238.a(uip-nd6.o)
                                         0x80 (size before relaxing)
 .eh_frame      0x000000000002ff3c       0xc0 obj_cooja/mtype238.a(rpl-nbr-policy.)
                                         0xd8 (size before relaxing)
 .eh_frame      0x000000000002fffc      0x164 obj_cooja/mtype238.a(frame802154.o)
                                        0x17c (size before relaxing)
 .eh_frame      0x0000000000030160       0x20 obj_cooja/mtype238.a(mac.o)
                                         0x38 (size before relaxing)
 .eh_frame      0x0000000000030180        0x4 /usr/lib/gcc/i686-linux-gnu/4.8/crtendS.o

.gcc_except_table
 *(.gcc_except_table .gcc_except_table.*)

.exception_ranges
 *(.exception_ranges .exception_ranges*)
                0x0000000000030184                . = (ALIGN (0x1000) - ((0x1000 - .) & 0xfff))
                0x0000000000031ef8                . = DATA_SEGMENT_ALIGN (0x1000, 0x1000)

.eh_frame
 *(.eh_frame)

.gcc_except_table
 *(.gcc_except_table .gcc_except_table.*)

.exception_ranges
 *(.exception_ranges .exception_ranges*)

.tdata
 *(.tdata .tdata.* .gnu.linkonce.td.*)

.tbss
 *(.tbss .tbss.* .gnu.linkonce.tb.*)
 *(.tcommon)

.preinit_array
 *(.preinit_array)

.init_array     0x0000000000031ef8        0x4
 *(SORT(.init_array.*) SORT(.ctors.*))
 *(.init_array EXCLUDE_FILE(*crtend?.o *crtend.o *crtbegin?.o *crtbegin.o) .ctors)
 .init_array    0x0000000000031ef8        0x4 /usr/lib/gcc/i686-linux-gnu/4.8/crtbeginS.o

.fini_array     0x0000000000031efc        0x4
 *(SORT(.fini_array.*) SORT(.dtors.*))
 *(.fini_array EXCLUDE_FILE(*crtend?.o *crtend.o *crtbegin?.o *crtbegin.o) .dtors)
 .fini_array    0x0000000000031efc        0x4 /usr/lib/gcc/i686-linux-gnu/4.8/crtbeginS.o

.ctors
 *crtbegin.o(.ctors)
 *crtbegin?.o(.ctors)
 *(EXCLUDE_FILE(*crtend?.o *crtend.o) .ctors)
 *(SORT(.ctors.*))
 *(.ctors)

.dtors
 *crtbegin.o(.dtors)
 *crtbegin?.o(.dtors)
 *(EXCLUDE_FILE(*crtend?.o *crtend.o) .dtors)
 *(SORT(.dtors.*))
 *(.dtors)

.jcr            0x0000000000031f00        0x4
 *(.jcr)
 .jcr           0x0000000000031f00        0x0 /usr/lib/gcc/i686-linux-gnu/4.8/crtbeginS.o
 .jcr           0x0000000000031f00        0x4 /usr/lib/gcc/i686-linux-gnu/4.8/crtendS.o

.data.rel.ro
 *(.data.rel.ro.local* .gnu.linkonce.d.rel.ro.local.*)
 *(.data.rel.ro .data.rel.ro.* .gnu.linkonce.d.rel.ro.*)

.dynamic        0x0000000000031f04       0xe8
 *(.dynamic)
 .dynamic       0x0000000000031f04       0xe8 /usr/lib/gcc/i686-linux-gnu/4.8/../../../i386-linux-gnu/crti.o
                0x0000000000031f04                _DYNAMIC

.got            0x0000000000031fec       0x14
 *(.got)
 .got           0x0000000000031fec       0x14 /usr/lib/gcc/i686-linux-gnu/4.8/../../../i386-linux-gnu/crti.o
 *(.igot)
                0x0000000000032ff4                . = DATA_SEGMENT_RELRO_END (., (SIZEOF (.got.plt) >= 0xc)?0xc:0x0)

.got.plt        0x0000000000032000       0x14
 *(.got.plt)
 .got.plt       0x0000000000032000       0x14 /usr/lib/gcc/i686-linux-gnu/4.8/../../../i386-linux-gnu/crti.o
                0x0000000000032000                _GLOBAL_OFFSET_TABLE_
 *(.igot.plt)

.data           0x0000000000032020      0x266
 *(.data .data.* .gnu.linkonce.d.*)
 .data          0x0000000000032020        0x0 /usr/lib/gcc/i686-linux-gnu/4.8/../../../i386-linux-gnu/crti.o
 .data          0x0000000000032020        0x0 /usr/lib/gcc/i686-linux-gnu/4.8/crtbeginS.o
 .data.rel      0x0000000000032020        0x4 /usr/lib/gcc/i686-linux-gnu/4.8/crtbeginS.o
                0x0000000000032020                __dso_handle
 .data          0x0000000000032024       0x10 udp-server.co
                0x0000000000032024                udp_server_process
 *fill*         0x0000000000032034        0xc 
 .data          0x0000000000032040       0x44 obj_cooja/mtype238.o
                0x0000000000032040                simInterfaces
                0x0000000000032074                sensors
 .data          0x0000000000032084        0x0 obj_cooja/mtype238.a(simEnvChange.o)
 .data          0x0000000000032084        0x0 obj_cooja/mtype238.a(cooja_mt.o)
 .data          0x0000000000032084        0x0 obj_cooja/mtype238.a(cooja_mtarch.o)
 .data          0x0000000000032084        0x0 obj_cooja/mtype238.a(rtimer-arch.o)
 .data          0x0000000000032084        0x0 obj_cooja/mtype238.a(beep.o)
 .data          0x0000000000032084        0x0 obj_cooja/mtype238.a(button-sensor.o)
 .data          0x0000000000032084        0x0 obj_cooja/mtype238.a(leds-arch.o)
 .data          0x0000000000032084        0x0 obj_cooja/mtype238.a(moteid.o)
 .data          0x0000000000032084        0x0 obj_cooja/mtype238.a(pir-sensor.o)
 .data          0x0000000000032084        0x0 obj_cooja/mtype238.a(rs232.o)
 .data          0x0000000000032084        0x0 obj_cooja/mtype238.a(vib-sensor.o)
 .data          0x0000000000032084        0x0 obj_cooja/mtype238.a(clock.o)
 .data          0x0000000000032084        0x0 obj_cooja/mtype238.a(log.o)
 .data          0x0000000000032084        0x0 obj_cooja/mtype238.a(cfs-cooja.o)
 .data          0x0000000000032084       0x40 obj_cooja/mtype238.a(cooja-radio.o)
                0x0000000000032084                simRadioChannelLR
                0x0000000000032088                simRadioHWOnLR
                0x000000000003208c                simSignalStrengthLR
                0x0000000000032090                simLastSignalStrengthLR
                0x0000000000032094                simPowerLR
                0x0000000000032098                simLQILR
                0x000000000003209c                simRadioChannel
                0x00000000000320a0                simRadioHWOn
                0x00000000000320a4                simSignalStrength
                0x00000000000320a8                simLastSignalStrength
                0x00000000000320ac                simPower
                0x00000000000320b0                simLQI
                0x00000000000320b4                cooja_radio_process
 .data          0x00000000000320c4        0x0 obj_cooja/mtype238.a(eeprom.o)
 .data          0x00000000000320c4        0x0 obj_cooja/mtype238.a(random.o)
 .data          0x00000000000320c4       0x10 obj_cooja/mtype238.a(sensors.o)
                0x00000000000320c4                sensors_process
 .data          0x00000000000320d4       0x24 obj_cooja/mtype238.a(dual_conf.o)
                0x00000000000320d4                radio_received
                0x00000000000320d8                dual_dio_broadcast
                0x00000000000320e8                dual_dis_broadcast
 .data          0x00000000000320f8        0x0 obj_cooja/mtype238.a(autostart.o)
 .data          0x00000000000320f8       0x14 obj_cooja/mtype238.a(ctimer.o)
                0x00000000000320fc                ctimer_process
 .data          0x000000000003210c       0x10 obj_cooja/mtype238.a(etimer.o)
                0x000000000003210c                etimer_process
 .data          0x000000000003211c        0x0 obj_cooja/mtype238.a(log_message.o)
 .data          0x000000000003211c        0x0 obj_cooja/mtype238.a(process.o)
 .data          0x000000000003211c        0x0 obj_cooja/mtype238.a(residual.o)
 .data          0x000000000003211c        0x0 obj_cooja/mtype238.a(rtimer.o)
 .data          0x000000000003211c        0x0 obj_cooja/mtype238.a(timer.o)
 .data          0x000000000003211c       0x10 obj_cooja/mtype238.a(serial-line.o)
                0x000000000003211c                serial_line_process
 .data          0x000000000003212c        0x0 obj_cooja/mtype238.a(list.o)
 .data          0x000000000003212c        0x0 obj_cooja/mtype238.a(ringbuf.o)
 .data          0x000000000003212c        0x0 obj_cooja/mtype238.a(sicslowpan.o)
 .data          0x000000000003212c       0x14 obj_cooja/mtype238.a(uip-ds6-nbr.o)
                0x000000000003213c                ds6_neighbors
 .data          0x0000000000032140        0x0 obj_cooja/mtype238.a(uip-ds6.o)
 .data          0x0000000000032140        0x0 obj_cooja/mtype238.a(uip6.o)
 .data          0x0000000000032140       0x10 obj_cooja/mtype238.a(tcpip.o)
                0x0000000000032140                tcpip_process
 .data          0x0000000000032150        0x0 obj_cooja/mtype238.a(uip-debug.o)
 .data          0x0000000000032150        0xc obj_cooja/mtype238.a(uip-packetqueue)
 .data          0x000000000003215c       0x28 obj_cooja/mtype238.a(rpl-dag.o)
                0x000000000003216c                rpl_parents
                0x0000000000032180                rpl_children
 .data          0x0000000000032184        0x0 obj_cooja/mtype238.a(rpl-ext-header.)
 .data          0x0000000000032184       0x34 obj_cooja/mtype238.a(rpl-icmp6.o)
 .data          0x00000000000321b8       0x1c obj_cooja/mtype238.a(rpl-ltmax.o)
                0x00000000000321b8                rpl_ltmax_of
 .data          0x00000000000321d4        0x0 obj_cooja/mtype238.a(rpl-timers.o)
 .data          0x00000000000321d4        0x0 obj_cooja/mtype238.a(rpl.o)
 .data          0x00000000000321d4        0x0 obj_cooja/mtype238.a(framer-802154.o)
 .data          0x00000000000321d4        0x0 obj_cooja/mtype238.a(nullmac.o)
 .data          0x00000000000321d4       0x20 obj_cooja/mtype238.a(cxmac.o)
                0x00000000000321d4                cxmac_config
 .data          0x00000000000321f4        0x0 obj_cooja/mtype238.a(linkaddr.o)
 .data          0x00000000000321f4       0x10 obj_cooja/mtype238.a(nbr-table.o)
 .data          0x0000000000032204        0x0 obj_cooja/mtype238.a(netstack.o)
 .data          0x0000000000032204        0x4 obj_cooja/mtype238.a(packetbuf.o)
 .data          0x0000000000032208       0x18 obj_cooja/mtype238.a(queuebuf.o)
 .data          0x0000000000032220        0x0 obj_cooja/mtype238.a(nullsec.o)
 .data          0x0000000000032220        0x0 obj_cooja/mtype238.a(watchdog.o)
 .data          0x0000000000032220        0x0 obj_cooja/mtype238.a(rimestats.o)
 .data          0x0000000000032220        0x0 obj_cooja/mtype238.a(stimer.o)
 .data          0x0000000000032220        0x0 obj_cooja/mtype238.a(memb.o)
 .data          0x0000000000032220       0x44 obj_cooja/mtype238.a(uip-ds6-route.o)
                0x0000000000032230                nbr_routes
 .data          0x0000000000032264       0x20 obj_cooja/mtype238.a(uip-icmp6.o)
 .data          0x0000000000032284        0x0 obj_cooja/mtype238.a(uip-nd6.o)
 .data          0x0000000000032284        0x0 obj_cooja/mtype238.a(rpl-nbr-policy.)
 .data          0x0000000000032284        0x2 obj_cooja/mtype238.a(frame802154.o)
 .data          0x0000000000032286        0x0 obj_cooja/mtype238.a(mac.o)
 .data          0x0000000000032286        0x0 /usr/lib/gcc/i686-linux-gnu/4.8/crtendS.o
 .data          0x0000000000032286        0x0 /usr/lib/gcc/i686-linux-gnu/4.8/../../../i386-linux-gnu/crtn.o

.tm_clone_table
                0x0000000000032288        0x0
 .tm_clone_table
                0x0000000000032288        0x0 /usr/lib/gcc/i686-linux-gnu/4.8/crtbeginS.o
 .tm_clone_table
                0x0000000000032288        0x0 /usr/lib/gcc/i686-linux-gnu/4.8/crtendS.o

.data1
 *(.data1)
                0x0000000000032288                _edata = .
                0x0000000000032288                PROVIDE (edata, .)
                0x0000000000032288                . = .
                0x0000000000032288                __bss_start = .

.bss            0x00000000000322a0     0x88c8
 *(.dynbss)
 .dynbss        0x0000000000000000        0x0 /usr/lib/gcc/i686-linux-gnu/4.8/../../../i386-linux-gnu/crti.o
 *(.bss .bss.* .gnu.linkonce.b.*)
 .bss           0x00000000000322a0        0x0 /usr/lib/gcc/i686-linux-gnu/4.8/../../../i386-linux-gnu/crti.o
 .bss           0x00000000000322a0        0x1 /usr/lib/gcc/i686-linux-gnu/4.8/crtbeginS.o
 *fill*         0x00000000000322a1        0x3 
 .bss           0x00000000000322a4        0x8 udp-server.co
                0x00000000000322a4                my_weight
 *fill*         0x00000000000322ac       0x14 
 .bss           0x00000000000322c0     0x2030 obj_cooja/mtype238.o
 .bss           0x00000000000342f0        0x1 obj_cooja/mtype238.a(simEnvChange.o)
                0x00000000000342f0                simDontFallAsleep
 *fill*         0x00000000000342f1        0x3 
 .bss           0x00000000000342f4        0x4 obj_cooja/mtype238.a(cooja_mt.o)
 .bss           0x00000000000342f8        0x4 obj_cooja/mtype238.a(cooja_mtarch.o)
 .bss           0x00000000000342fc        0xc obj_cooja/mtype238.a(rtimer-arch.o)
 .bss           0x0000000000034308        0x0 obj_cooja/mtype238.a(beep.o)
 .bss           0x0000000000034308        0x8 obj_cooja/mtype238.a(button-sensor.o)
 .bss           0x0000000000034310        0x0 obj_cooja/mtype238.a(leds-arch.o)
 .bss           0x0000000000034310        0x0 obj_cooja/mtype238.a(moteid.o)
 .bss           0x0000000000034310        0x1 obj_cooja/mtype238.a(pir-sensor.o)
                0x0000000000034310                simPirValue
 *fill*         0x0000000000034311        0x3 
 .bss           0x0000000000034314        0x4 obj_cooja/mtype238.a(rs232.o)
 .bss           0x0000000000034318        0x1 obj_cooja/mtype238.a(vib-sensor.o)
                0x0000000000034318                simVibValue
 .bss           0x0000000000034319        0x0 obj_cooja/mtype238.a(clock.o)
 *fill*         0x0000000000034319        0x7 
 .bss           0x0000000000034320      0x420 obj_cooja/mtype238.a(log.o)
 .bss           0x0000000000034740      0xfc0 obj_cooja/mtype238.a(cfs-cooja.o)
                0x0000000000034740                simCFSData
                0x00000000000356e0                simCFSSize
                0x00000000000356e4                simCFSChanged
                0x00000000000356e8                simCFSRead
                0x00000000000356ec                simCFSWritten
 .bss           0x0000000000035700       0x24 obj_cooja/mtype238.a(cooja-radio.o)
                0x0000000000035700                simReceivingLR
                0x0000000000035704                simInSizeLR
                0x0000000000035708                simOutSizeLR
                0x000000000003570c                simReceiving
                0x0000000000035710                simInSize
                0x0000000000035714                simOutSize
                0x0000000000035718                LongRangeTransmit
                0x000000000003571c                LongRangeReceiving
 .bss           0x0000000000035724        0xc obj_cooja/mtype238.a(eeprom.o)
                0x0000000000035724                simEEPROMChanged
                0x0000000000035728                simEEPROMRead
                0x000000000003572c                simEEPROMWritten
 .bss           0x0000000000035730        0x0 obj_cooja/mtype238.a(random.o)
 .bss           0x0000000000035730        0xc obj_cooja/mtype238.a(sensors.o)
 .bss           0x000000000003573c       0x28 obj_cooja/mtype238.a(dual_conf.o)
                0x000000000003573c                long_range_radio
 .bss           0x0000000000035764        0x0 obj_cooja/mtype238.a(autostart.o)
 .bss           0x0000000000035764        0x5 obj_cooja/mtype238.a(ctimer.o)
 *fill*         0x0000000000035769        0x3 
 .bss           0x000000000003576c        0x8 obj_cooja/mtype238.a(etimer.o)
 .bss           0x0000000000035774        0x0 obj_cooja/mtype238.a(log_message.o)
 *fill*         0x0000000000035774        0xc 
 .bss           0x0000000000035780      0x1b1 obj_cooja/mtype238.a(process.o)
                0x0000000000035780                process_list
                0x0000000000035784                process_current
 .bss           0x0000000000035931        0x0 obj_cooja/mtype238.a(residual.o)
 *fill*         0x0000000000035931        0x3 
 .bss           0x0000000000035934        0x4 obj_cooja/mtype238.a(rtimer.o)
 .bss           0x0000000000035938        0x0 obj_cooja/mtype238.a(timer.o)
 *fill*         0x0000000000035938        0x8 
 .bss           0x0000000000035940      0x140 obj_cooja/mtype238.a(serial-line.o)
 .bss           0x0000000000035a80        0x0 obj_cooja/mtype238.a(list.o)
 .bss           0x0000000000035a80        0x0 obj_cooja/mtype238.a(ringbuf.o)
 .bss           0x0000000000035a80      0x70c obj_cooja/mtype238.a(sicslowpan.o)
 *fill*         0x000000000003618c       0x14 
 .bss           0x00000000000361a0      0x2d0 obj_cooja/mtype238.a(uip-ds6-nbr.o)
 .bss           0x0000000000036470       0x30 obj_cooja/mtype238.a(uip-ds6.o)
 .bss           0x00000000000364a0        0xe obj_cooja/mtype238.a(uip6.o)
                0x00000000000364a0                uip_ext_bitmap
                0x00000000000364a1                uip_ext_len
                0x00000000000364a2                uip_ext_opt_offset
 *fill*         0x00000000000364ae       0x12 
 .bss           0x00000000000364c0       0x6b obj_cooja/mtype238.a(tcpip.o)
 .bss           0x000000000003652b        0x0 obj_cooja/mtype238.a(uip-debug.o)
 *fill*         0x000000000003652b       0x15 
 .bss           0x0000000000036540      0xcf8 obj_cooja/mtype238.a(uip-packetqueue)
 *fill*         0x0000000000037238        0x8 
 .bss           0x0000000000037240      0x1fe obj_cooja/mtype238.a(rpl-dag.o)
 .bss           0x000000000003743e        0x0 obj_cooja/mtype238.a(rpl-ext-header.)
 .bss           0x000000000003743e        0x0 obj_cooja/mtype238.a(rpl-icmp6.o)
 .bss           0x000000000003743e        0x0 obj_cooja/mtype238.a(rpl-ltmax.o)
 *fill*         0x000000000003743e        0x2 
 .bss           0x0000000000037440       0x23 obj_cooja/mtype238.a(rpl-timers.o)
 *fill*         0x0000000000037463        0x1 
 .bss           0x0000000000037464        0x4 obj_cooja/mtype238.a(rpl.o)
 .bss           0x0000000000037468        0x2 obj_cooja/mtype238.a(framer-802154.o)
 .bss           0x000000000003746a        0x0 obj_cooja/mtype238.a(nullmac.o)
 *fill*         0x000000000003746a       0x16 
 .bss           0x0000000000037480       0xa0 obj_cooja/mtype238.a(cxmac.o)
 .bss           0x0000000000037520        0x0 obj_cooja/mtype238.a(linkaddr.o)
 .bss           0x0000000000037520      0x20c obj_cooja/mtype238.a(nbr-table.o)
 .bss           0x000000000003772c        0x0 obj_cooja/mtype238.a(netstack.o)
 *fill*         0x000000000003772c       0x14 
 .bss           0x0000000000037740       0xa0 obj_cooja/mtype238.a(packetbuf.o)
 .bss           0x00000000000377e0      0xb80 obj_cooja/mtype238.a(queuebuf.o)
 .bss           0x0000000000038360        0x0 obj_cooja/mtype238.a(nullsec.o)
 .bss           0x0000000000038360        0x0 obj_cooja/mtype238.a(watchdog.o)
 .bss           0x0000000000038360        0x0 obj_cooja/mtype238.a(rimestats.o)
 .bss           0x0000000000038360        0x0 obj_cooja/mtype238.a(stimer.o)
 .bss           0x0000000000038360        0x0 obj_cooja/mtype238.a(memb.o)
 .bss           0x0000000000038360      0x568 obj_cooja/mtype238.a(uip-ds6-route.o)
 .bss           0x00000000000388c8       0x18 obj_cooja/mtype238.a(uip-icmp6.o)
 .bss           0x00000000000388e0        0x0 obj_cooja/mtype238.a(uip-nd6.o)
 .bss           0x00000000000388e0       0x44 obj_cooja/mtype238.a(rpl-nbr-policy.)
 .bss           0x0000000000038924        0x0 obj_cooja/mtype238.a(frame802154.o)
 .bss           0x0000000000038924        0x0 obj_cooja/mtype238.a(mac.o)
 .bss           0x0000000000038924        0x0 /usr/lib/gcc/i686-linux-gnu/4.8/crtendS.o
 .bss           0x0000000000038924        0x0 /usr/lib/gcc/i686-linux-gnu/4.8/../../../i386-linux-gnu/crtn.o
 *(COMMON)
 COMMON         0x0000000000038924        0x2 udp-server.co
                0x0000000000038924                my_sink_reachability
                0x0000000000038925                my_parent_number
 *fill*         0x0000000000038926        0x2 
 COMMON         0x0000000000038928       0x4c obj_cooja/mtype238.o
                0x0000000000038928                dio_count
                0x000000000003892c                dis_count
                0x0000000000038930                collision_count
                0x0000000000038934                transmission_count
                0x0000000000038938                COOJA_radioRxLong
                0x000000000003893c                control_message_count
                0x0000000000038940                dao_count
                0x0000000000038944                COOJA_radioTx
                0x0000000000038948                referenceVar
                0x000000000003894c                data_relay_count
                0x0000000000038950                data_message_count
                0x0000000000038954                COOJA_radioTxLong
                0x0000000000038958                COOJA_radioRx
                0x000000000003895c                debugfp
                0x0000000000038960                COOJA_radioOn
                0x0000000000038964                COOJA_duration
                0x0000000000038968                dio_ack_count
                0x000000000003896c                COOJA_radioOnLong
                0x0000000000038970                sensors_flags
 COMMON         0x0000000000038974        0xc obj_cooja/mtype238.a(simEnvChange.o)
                0x0000000000038974                simEtimerPending
                0x0000000000038978                simProcessRunValue
                0x000000000003897c                simNextExpirationTime
 COMMON         0x0000000000038980        0x1 obj_cooja/mtype238.a(beep.o)
                0x0000000000038980                simBeeped
 COMMON         0x0000000000038981        0x3 obj_cooja/mtype238.a(button-sensor.o)
                0x0000000000038981                simButtonIsActive
                0x0000000000038982                simButtonIsDown
                0x0000000000038983                simButtonChanged
 COMMON         0x0000000000038984        0x1 obj_cooja/mtype238.a(leds-arch.o)
                0x0000000000038984                simLedsValue
 *fill*         0x0000000000038985        0x3 
 COMMON         0x0000000000038988        0xc obj_cooja/mtype238.a(moteid.o)
                0x0000000000038988                simRandomSeed
                0x000000000003898c                simMoteIDChanged
                0x0000000000038990                simMoteID
 COMMON         0x0000000000038994        0x2 obj_cooja/mtype238.a(pir-sensor.o)
                0x0000000000038994                simPirIsActive
                0x0000000000038995                simPirChanged
 *fill*         0x0000000000038996        0xa 
 COMMON         0x00000000000389a0      0x820 obj_cooja/mtype238.a(rs232.o)
                0x00000000000389a0                simSerialReceivingFlag
                0x00000000000389a4                simSerialReceivingLength
                0x00000000000389c0                simSerialReceivingData
 COMMON         0x00000000000391c0        0x2 obj_cooja/mtype238.a(vib-sensor.o)
                0x00000000000391c0                simVibChanged
                0x00000000000391c1                simVibIsActive
 *fill*         0x00000000000391c2        0x2 
 COMMON         0x00000000000391c4        0x4 obj_cooja/mtype238.a(clock.o)
                0x00000000000391c4                simCurrentTime
 *fill*         0x00000000000391c8       0x18 
 COMMON         0x00000000000391e0      0x420 obj_cooja/mtype238.a(log.o)
                0x00000000000391e0                simLoggedLength
                0x00000000000391e4                simLoggedFlag
                0x0000000000039200                simLoggedData
 COMMON         0x0000000000039600      0x240 obj_cooja/mtype238.a(cooja-radio.o)
                0x0000000000039600                simOutDataBuffer
                0x0000000000039680                simRadioTarget
                0x00000000000396a0                simInDataBufferLR
                0x0000000000039720                simOutDataBufferLR
                0x00000000000397a0                dual_duty_cycle_count
                0x00000000000397c0                simInDataBuffer
 COMMON         0x0000000000039840      0x400 obj_cooja/mtype238.a(eeprom.o)
                0x0000000000039840                simEEPROMData
 COMMON         0x0000000000039c40        0x1 obj_cooja/mtype238.a(sensors.o)
                0x0000000000039c40                sensors_event
 *fill*         0x0000000000039c41        0x3 
 COMMON         0x0000000000039c44        0x4 obj_cooja/mtype238.a(log_message.o)
                0x0000000000039c44                log_fp
 COMMON         0x0000000000039c48        0x1 obj_cooja/mtype238.a(serial-line.o)
                0x0000000000039c48                serial_line_event_message
 *fill*         0x0000000000039c49       0x17 
 COMMON         0x0000000000039c60      0x12c obj_cooja/mtype238.a(uip-ds6-nbr.o)
                0x0000000000039c60                ds6_lr_addrmap
 *fill*         0x0000000000039d8c       0x14 
 COMMON         0x0000000000039da0      0x298 obj_cooja/mtype238.a(uip-ds6.o)
                0x0000000000039da0                uip_ds6_prefix_list
                0x0000000000039e00                uip_ds6_timer_periodic
                0x0000000000039e10                uip_ds6_netif_addr_list_offset
                0x0000000000039e20                uip_ds6_if
                0x0000000000039f18                uip_ds6_timer_ra
                0x0000000000039f20                uip_ds6_addr_size
                0x0000000000039f40                long_uip_ds6_if
 *fill*         0x000000000003a038        0x8 
 COMMON         0x000000000003a040      0x8ec obj_cooja/mtype238.a(uip6.o)
                0x000000000003a040                uip_slen
                0x000000000003a042                uip_acc32
                0x000000000003a060                uip_conns
                0x000000000003a120                uip_lladdr
                0x000000000003a128                uip_appdata
                0x000000000003a12c                uip_flags
                0x000000000003a140                uip_aligned_buf
                0x000000000003a780                uip_listenports
                0x000000000003a790                uip_len
                0x000000000003a792                uip_long_lladdr
                0x000000000003a79c                uip_sappdata
                0x000000000003a7a0                uip_udp_conns
                0x000000000003a920                uip_udp_conn
                0x000000000003a924                uip_next_hdr
                0x000000000003a928                uip_conn
 COMMON         0x000000000003a92c        0x1 obj_cooja/mtype238.a(tcpip.o)
                0x000000000003a92c                tcpip_event
 *fill*         0x000000000003a92d       0x13 
 COMMON         0x000000000003a940      0x198 obj_cooja/mtype238.a(rpl-dag.o)
                0x000000000003a940                default_instance
                0x000000000003a960                instance_table
 COMMON         0x000000000003aad8       0x10 obj_cooja/mtype238.a(linkaddr.o)
                0x000000000003aad8                linkaddr_node_addr
                0x000000000003aae0                long_linkaddr_node_addr
 COMMON         0x000000000003aae8       0x2e obj_cooja/mtype238.a(packetbuf.o)
                0x000000000003aae8                packetbuf_attrs
                0x000000000003ab06                packetbuf_addrs
 *fill*         0x000000000003ab16        0xa 
 COMMON         0x000000000003ab20       0x48 obj_cooja/mtype238.a(rimestats.o)
                0x000000000003ab20                rimestats
                0x000000000003ab68                . = ALIGN ((. != 0x0)?0x4:0x1)
                0x000000000003ab68                . = ALIGN (0x4)
                0x000000000003ab68                . = SEGMENT_START ("ldata-segment", .)
                0x000000000003ab68                . = ALIGN (0x4)
                0x000000000003ab68                _end = .
                0x000000000003ab68                PROVIDE (end, .)
                0x000000000003ab68                . = DATA_SEGMENT_END (.)

.stab
 *(.stab)

.stabstr
 *(.stabstr)

.stab.excl
 *(.stab.excl)

.stab.exclstr
 *(.stab.exclstr)

.stab.index
 *(.stab.index)

.stab.indexstr
 *(.stab.indexstr)

.comment        0x0000000000000000       0x54
 *(.comment)
 .comment       0x0000000000000000       0x29 /usr/lib/gcc/i686-linux-gnu/4.8/crtbeginS.o
                                         0x2a (size before relaxing)
 .comment       0x0000000000000000       0x2a udp-server.co
 .comment       0x0000000000000000       0x2a obj_cooja/mtype238.o
 .comment       0x0000000000000000       0x2a obj_cooja/mtype238.a(simEnvChange.o)
 .comment       0x0000000000000000       0x2a obj_cooja/mtype238.a(cooja_mt.o)
 .comment       0x0000000000000000       0x2a obj_cooja/mtype238.a(cooja_mtarch.o)
 .comment       0x0000000000000000       0x2a obj_cooja/mtype238.a(rtimer-arch.o)
 .comment       0x0000000000000000       0x2a obj_cooja/mtype238.a(beep.o)
 .comment       0x0000000000000000       0x2a obj_cooja/mtype238.a(button-sensor.o)
 .comment       0x0000000000000000       0x2a obj_cooja/mtype238.a(leds-arch.o)
 .comment       0x0000000000000000       0x2a obj_cooja/mtype238.a(moteid.o)
 .comment       0x0000000000000000       0x2a obj_cooja/mtype238.a(pir-sensor.o)
 .comment       0x0000000000000000       0x2a obj_cooja/mtype238.a(rs232.o)
 .comment       0x0000000000000000       0x2a obj_cooja/mtype238.a(vib-sensor.o)
 .comment       0x0000000000000000       0x2a obj_cooja/mtype238.a(clock.o)
 .comment       0x0000000000000000       0x2a obj_cooja/mtype238.a(log.o)
 .comment       0x0000000000000000       0x2a obj_cooja/mtype238.a(cfs-cooja.o)
 .comment       0x0000000000000000       0x2a obj_cooja/mtype238.a(cooja-radio.o)
 .comment       0x0000000000000000       0x2a obj_cooja/mtype238.a(eeprom.o)
 .comment       0x0000000000000000       0x2a obj_cooja/mtype238.a(random.o)
 .comment       0x0000000000000000       0x2a obj_cooja/mtype238.a(sensors.o)
 .comment       0x0000000000000000       0x2a obj_cooja/mtype238.a(dual_conf.o)
 .comment       0x0000000000000000       0x2a obj_cooja/mtype238.a(autostart.o)
 .comment       0x0000000000000000       0x2a obj_cooja/mtype238.a(ctimer.o)
 .comment       0x0000000000000000       0x2a obj_cooja/mtype238.a(etimer.o)
 .comment       0x0000000000000000       0x2a obj_cooja/mtype238.a(log_message.o)
 .comment       0x0000000000000000       0x2a obj_cooja/mtype238.a(process.o)
 .comment       0x0000000000000000       0x2a obj_cooja/mtype238.a(residual.o)
 .comment       0x0000000000000000       0x2a obj_cooja/mtype238.a(rtimer.o)
 .comment       0x0000000000000000       0x2a obj_cooja/mtype238.a(timer.o)
 .comment       0x0000000000000000       0x2a obj_cooja/mtype238.a(serial-line.o)
 .comment       0x0000000000000029       0x2b obj_cooja/mtype238.a(list.o)
                                         0x2c (size before relaxing)
 .comment       0x0000000000000000       0x2a obj_cooja/mtype238.a(ringbuf.o)
 .comment       0x0000000000000000       0x2a obj_cooja/mtype238.a(sicslowpan.o)
 .comment       0x0000000000000000       0x2a obj_cooja/mtype238.a(uip-ds6-nbr.o)
 .comment       0x0000000000000000       0x2a obj_cooja/mtype238.a(uip-ds6.o)
 .comment       0x0000000000000000       0x2a obj_cooja/mtype238.a(uip6.o)
 .comment       0x0000000000000000       0x2a obj_cooja/mtype238.a(tcpip.o)
 .comment       0x0000000000000000       0x2a obj_cooja/mtype238.a(uip-debug.o)
 .comment       0x0000000000000000       0x2a obj_cooja/mtype238.a(uip-packetqueue)
 .comment       0x0000000000000000       0x2a obj_cooja/mtype238.a(rpl-dag.o)
 .comment       0x0000000000000000       0x2a obj_cooja/mtype238.a(rpl-ext-header.)
 .comment       0x0000000000000000       0x2a obj_cooja/mtype238.a(rpl-icmp6.o)
 .comment       0x0000000000000000       0x2a obj_cooja/mtype238.a(rpl-ltmax.o)
 .comment       0x0000000000000000       0x2a obj_cooja/mtype238.a(rpl-timers.o)
 .comment       0x0000000000000000       0x2a obj_cooja/mtype238.a(rpl.o)
 .comment       0x0000000000000000       0x2a obj_cooja/mtype238.a(framer-802154.o)
 .comment       0x0000000000000000       0x2a obj_cooja/mtype238.a(nullmac.o)
 .comment       0x0000000000000000       0x2a obj_cooja/mtype238.a(cxmac.o)
 .comment       0x0000000000000000       0x2a obj_cooja/mtype238.a(linkaddr.o)
 .comment       0x0000000000000000       0x2a obj_cooja/mtype238.a(nbr-table.o)
 .comment       0x0000000000000000       0x2a obj_cooja/mtype238.a(netstack.o)
 .comment       0x0000000000000000       0x2a obj_cooja/mtype238.a(packetbuf.o)
 .comment       0x0000000000000000       0x2a obj_cooja/mtype238.a(queuebuf.o)
 .comment       0x0000000000000000       0x2a obj_cooja/mtype238.a(nullsec.o)
 .comment       0x0000000000000000       0x2a obj_cooja/mtype238.a(watchdog.o)
 .comment       0x0000000000000000       0x2c obj_cooja/mtype238.a(rimestats.o)
 .comment       0x0000000000000000       0x2a obj_cooja/mtype238.a(stimer.o)
 .comment       0x0000000000000000       0x2a obj_cooja/mtype238.a(memb.o)
 .comment       0x0000000000000000       0x2a obj_cooja/mtype238.a(uip-ds6-route.o)
 .comment       0x0000000000000000       0x2a obj_cooja/mtype238.a(uip-icmp6.o)
 .comment       0x0000000000000000       0x2a obj_cooja/mtype238.a(uip-nd6.o)
 .comment       0x0000000000000000       0x2a obj_cooja/mtype238.a(rpl-nbr-policy.)
 .comment       0x0000000000000000       0x2a obj_cooja/mtype238.a(frame802154.o)
 .comment       0x0000000000000000       0x2a obj_cooja/mtype238.a(mac.o)
 .comment       0x0000000000000000       0x2a /usr/lib/gcc/i686-linux-gnu/4.8/crtendS.o

.debug
 *(.debug)

.line
 *(.line)

.debug_srcinfo
 *(.debug_srcinfo)

.debug_sfnames
 *(.debug_sfnames)

.debug_aranges  0x0000000000000000      0x7f8
 *(.debug_aranges)
 .debug_aranges
                0x0000000000000000       0x20 udp-server.co
 .debug_aranges
                0x0000000000000020       0x20 obj_cooja/mtype238.o
 .debug_aranges
                0x0000000000000040       0x20 obj_cooja/mtype238.a(simEnvChange.o)
 .debug_aranges
                0x0000000000000060       0x20 obj_cooja/mtype238.a(cooja_mt.o)
 .debug_aranges
                0x0000000000000080       0x20 obj_cooja/mtype238.a(cooja_mtarch.o)
 .debug_aranges
                0x00000000000000a0       0x20 obj_cooja/mtype238.a(rtimer-arch.o)
 .debug_aranges
                0x00000000000000c0       0x20 obj_cooja/mtype238.a(beep.o)
 .debug_aranges
                0x00000000000000e0       0x20 obj_cooja/mtype238.a(button-sensor.o)
 .debug_aranges
                0x0000000000000100       0x20 obj_cooja/mtype238.a(leds-arch.o)
 .debug_aranges
                0x0000000000000120       0x20 obj_cooja/mtype238.a(moteid.o)
 .debug_aranges
                0x0000000000000140       0x20 obj_cooja/mtype238.a(pir-sensor.o)
 .debug_aranges
                0x0000000000000160       0x20 obj_cooja/mtype238.a(rs232.o)
 .debug_aranges
                0x0000000000000180       0x20 obj_cooja/mtype238.a(vib-sensor.o)
 .debug_aranges
                0x00000000000001a0       0x20 obj_cooja/mtype238.a(clock.o)
 .debug_aranges
                0x00000000000001c0       0x20 obj_cooja/mtype238.a(log.o)
 .debug_aranges
                0x00000000000001e0       0x20 obj_cooja/mtype238.a(cfs-cooja.o)
 .debug_aranges
                0x0000000000000200       0x20 obj_cooja/mtype238.a(cooja-radio.o)
 .debug_aranges
                0x0000000000000220       0x20 obj_cooja/mtype238.a(eeprom.o)
 .debug_aranges
                0x0000000000000240       0x20 obj_cooja/mtype238.a(random.o)
 .debug_aranges
                0x0000000000000260       0x20 obj_cooja/mtype238.a(sensors.o)
 .debug_aranges
                0x0000000000000280       0x20 obj_cooja/mtype238.a(dual_conf.o)
 .debug_aranges
                0x00000000000002a0       0x20 obj_cooja/mtype238.a(autostart.o)
 .debug_aranges
                0x00000000000002c0       0x20 obj_cooja/mtype238.a(ctimer.o)
 .debug_aranges
                0x00000000000002e0       0x20 obj_cooja/mtype238.a(etimer.o)
 .debug_aranges
                0x0000000000000300       0x20 obj_cooja/mtype238.a(log_message.o)
 .debug_aranges
                0x0000000000000320       0x20 obj_cooja/mtype238.a(process.o)
 .debug_aranges
                0x0000000000000340       0x20 obj_cooja/mtype238.a(residual.o)
 .debug_aranges
                0x0000000000000360       0x20 obj_cooja/mtype238.a(rtimer.o)
 .debug_aranges
                0x0000000000000380       0x20 obj_cooja/mtype238.a(timer.o)
 .debug_aranges
                0x00000000000003a0       0x20 obj_cooja/mtype238.a(serial-line.o)
 .debug_aranges
                0x00000000000003c0       0x20 obj_cooja/mtype238.a(list.o)
 .debug_aranges
                0x00000000000003e0       0x20 obj_cooja/mtype238.a(ringbuf.o)
 .debug_aranges
                0x0000000000000400       0x20 obj_cooja/mtype238.a(sicslowpan.o)
 .debug_aranges
                0x0000000000000420       0x20 obj_cooja/mtype238.a(uip-ds6-nbr.o)
 .debug_aranges
                0x0000000000000440       0x20 obj_cooja/mtype238.a(uip-ds6.o)
 .debug_aranges
                0x0000000000000460       0x20 obj_cooja/mtype238.a(uip6.o)
 .debug_aranges
                0x0000000000000480       0x20 obj_cooja/mtype238.a(tcpip.o)
 .debug_aranges
                0x00000000000004a0       0x20 obj_cooja/mtype238.a(uip-debug.o)
 .debug_aranges
                0x00000000000004c0       0x20 obj_cooja/mtype238.a(uip-packetqueue)
 .debug_aranges
                0x00000000000004e0       0x20 obj_cooja/mtype238.a(rpl-dag.o)
 .debug_aranges
                0x0000000000000500       0x20 obj_cooja/mtype238.a(rpl-ext-header.)
 .debug_aranges
                0x0000000000000520       0x20 obj_cooja/mtype238.a(rpl-icmp6.o)
 .debug_aranges
                0x0000000000000540       0x20 obj_cooja/mtype238.a(rpl-ltmax.o)
 .debug_aranges
                0x0000000000000560       0x20 obj_cooja/mtype238.a(rpl-timers.o)
 .debug_aranges
                0x0000000000000580       0x20 obj_cooja/mtype238.a(rpl.o)
 .debug_aranges
                0x00000000000005a0       0x20 obj_cooja/mtype238.a(framer-802154.o)
 .debug_aranges
                0x00000000000005c0       0x20 obj_cooja/mtype238.a(nullmac.o)
 .debug_aranges
                0x00000000000005e0       0x20 obj_cooja/mtype238.a(cxmac.o)
 .debug_aranges
                0x0000000000000600       0x20 obj_cooja/mtype238.a(linkaddr.o)
 .debug_aranges
                0x0000000000000620       0x20 obj_cooja/mtype238.a(nbr-table.o)
 .debug_aranges
                0x0000000000000640       0x20 obj_cooja/mtype238.a(netstack.o)
 .debug_aranges
                0x0000000000000660       0x20 obj_cooja/mtype238.a(packetbuf.o)
 .debug_aranges
                0x0000000000000680       0x20 obj_cooja/mtype238.a(queuebuf.o)
 .debug_aranges
                0x00000000000006a0       0x20 obj_cooja/mtype238.a(nullsec.o)
 .debug_aranges
                0x00000000000006c0       0x20 obj_cooja/mtype238.a(watchdog.o)
 .debug_aranges
                0x00000000000006e0       0x18 obj_cooja/mtype238.a(rimestats.o)
 .debug_aranges
                0x00000000000006f8       0x20 obj_cooja/mtype238.a(stimer.o)
 .debug_aranges
                0x0000000000000718       0x20 obj_cooja/mtype238.a(memb.o)
 .debug_aranges
                0x0000000000000738       0x20 obj_cooja/mtype238.a(uip-ds6-route.o)
 .debug_aranges
                0x0000000000000758       0x20 obj_cooja/mtype238.a(uip-icmp6.o)
 .debug_aranges
                0x0000000000000778       0x20 obj_cooja/mtype238.a(uip-nd6.o)
 .debug_aranges
                0x0000000000000798       0x20 obj_cooja/mtype238.a(rpl-nbr-policy.)
 .debug_aranges
                0x00000000000007b8       0x20 obj_cooja/mtype238.a(frame802154.o)
 .debug_aranges
                0x00000000000007d8       0x20 obj_cooja/mtype238.a(mac.o)

.debug_pubnames
 *(.debug_pubnames)

.debug_info     0x0000000000000000    0x1ce5f
 *(.debug_info .gnu.linkonce.wi.*)
 .debug_info    0x0000000000000000      0xe4b udp-server.co
 .debug_info    0x0000000000000e4b     0x3ac4 obj_cooja/mtype238.o
 .debug_info    0x000000000000490f      0x15a obj_cooja/mtype238.a(simEnvChange.o)
 .debug_info    0x0000000000004a69      0x1e2 obj_cooja/mtype238.a(cooja_mt.o)
 .debug_info    0x0000000000004c4b      0x2e7 obj_cooja/mtype238.a(cooja_mtarch.o)
 .debug_info    0x0000000000004f32      0x16b obj_cooja/mtype238.a(rtimer-arch.o)
 .debug_info    0x000000000000509d      0x1f3 obj_cooja/mtype238.a(beep.o)
 .debug_info    0x0000000000005290      0x257 obj_cooja/mtype238.a(button-sensor.o)
 .debug_info    0x00000000000054e7      0x132 obj_cooja/mtype238.a(leds-arch.o)
 .debug_info    0x0000000000005619      0x10a obj_cooja/mtype238.a(moteid.o)
 .debug_info    0x0000000000005723      0x216 obj_cooja/mtype238.a(pir-sensor.o)
 .debug_info    0x0000000000005939      0x21e obj_cooja/mtype238.a(rs232.o)
 .debug_info    0x0000000000005b57      0x216 obj_cooja/mtype238.a(vib-sensor.o)
 .debug_info    0x0000000000005d6d      0x152 obj_cooja/mtype238.a(clock.o)
 .debug_info    0x0000000000005ebf      0x2bb obj_cooja/mtype238.a(log.o)
 .debug_info    0x000000000000617a      0x3cf obj_cooja/mtype238.a(cfs-cooja.o)
 .debug_info    0x0000000000006549      0xd30 obj_cooja/mtype238.a(cooja-radio.o)
 .debug_info    0x0000000000007279      0x1d5 obj_cooja/mtype238.a(eeprom.o)
 .debug_info    0x000000000000744e       0xb3 obj_cooja/mtype238.a(random.o)
 .debug_info    0x0000000000007501      0x36d obj_cooja/mtype238.a(sensors.o)
 .debug_info    0x000000000000786e      0xc68 obj_cooja/mtype238.a(dual_conf.o)
 .debug_info    0x00000000000084d6      0x1a5 obj_cooja/mtype238.a(autostart.o)
 .debug_info    0x000000000000867b      0x46c obj_cooja/mtype238.a(ctimer.o)
 .debug_info    0x0000000000008ae7      0x49c obj_cooja/mtype238.a(etimer.o)
 .debug_info    0x0000000000008f83      0x3d2 obj_cooja/mtype238.a(log_message.o)
 .debug_info    0x0000000000009355      0x4ba obj_cooja/mtype238.a(process.o)
 .debug_info    0x000000000000980f      0x164 obj_cooja/mtype238.a(residual.o)
 .debug_info    0x0000000000009973      0x1ab obj_cooja/mtype238.a(rtimer.o)
 .debug_info    0x0000000000009b1e      0x16c obj_cooja/mtype238.a(timer.o)
 .debug_info    0x0000000000009c8a      0x2de obj_cooja/mtype238.a(serial-line.o)
 .debug_info    0x0000000000009f68      0x2ed obj_cooja/mtype238.a(list.o)
 .debug_info    0x000000000000a255      0x1aa obj_cooja/mtype238.a(ringbuf.o)
 .debug_info    0x000000000000a3ff     0x105e obj_cooja/mtype238.a(sicslowpan.o)
 .debug_info    0x000000000000b45d      0x8c9 obj_cooja/mtype238.a(uip-ds6-nbr.o)