Archive member included to satisfy reference by file (symbol)

obj_cooja/mtype93.a(simEnvChange.o)
                              obj_cooja/mtype93.o (simDontFallAsleep)
obj_cooja/mtype93.a(cooja_mt.o)
                              obj_cooja/mtype93.o (cooja_mt_start)
obj_cooja/mtype93.a(cooja_mtarch.o)
                              obj_cooja/mtype93.a(cooja_mt.o) (cooja_mtarch_init)
obj_cooja/mtype93.a(rtimer-arch.o)
                              obj_cooja/mtype93.o (rtimer_arch_next)
obj_cooja/mtype93.a(beep.o)   obj_cooja/mtype93.o (beep_interface)
obj_cooja/mtype93.a(button-sensor.o)
                              obj_cooja/mtype93.o (button_interface)
obj_cooja/mtype93.a(leds-arch.o)
                              obj_cooja/mtype93.o (leds_interface)
obj_cooja/mtype93.a(moteid.o)
                              obj_cooja/mtype93.o (moteid_interface)
obj_cooja/mtype93.a(pir-sensor.o)
                              obj_cooja/mtype93.o (pir_interface)
obj_cooja/mtype93.a(rs232.o)  obj_cooja/mtype93.o (rs232_interface)
obj_cooja/mtype93.a(vib-sensor.o)
                              obj_cooja/mtype93.o (vib_interface)
obj_cooja/mtype93.a(clock.o)  obj_cooja/mtype93.o (clock_interface)
obj_cooja/mtype93.a(log.o)    obj_cooja/mtype93.o (simlog_interface)
obj_cooja/mtype93.a(cfs-cooja.o)
                              obj_cooja/mtype93.o (cfs_interface)
obj_cooja/mtype93.a(cooja-radio.o)
                              obj_cooja/mtype93.o (radio_interface)
obj_cooja/mtype93.a(eeprom.o)
                              obj_cooja/mtype93.o (eeprom_interface)
obj_cooja/mtype93.a(random.o)
                              obj_cooja/mtype93.a(moteid.o) (random_init)
obj_cooja/mtype93.a(sensors.o)
                              obj_cooja/mtype93.o (sensors_process)
obj_cooja/mtype93.a(dual_conf.o)
                              obj_cooja/mtype93.a(cooja-radio.o) (long_range_radio)
obj_cooja/mtype93.a(autostart.o)
                              obj_cooja/mtype93.o (autostart_start)
obj_cooja/mtype93.a(ctimer.o)
                              obj_cooja/mtype93.o (ctimer_init)
obj_cooja/mtype93.a(etimer.o)
                              obj_cooja/mtype93.o (etimer_process)
obj_cooja/mtype93.a(log_message.o)
                              obj_cooja/mtype93.o (log_initialization)
obj_cooja/mtype93.a(process.o)
                              udp-client.co (process_current)
obj_cooja/mtype93.a(residual.o)
                              udp-client.co (get_residual_energy)
obj_cooja/mtype93.a(rtimer.o)
                              obj_cooja/mtype93.a(rtimer-arch.o) (rtimer_run_next)
obj_cooja/mtype93.a(stimer.o)
                              udp-client.co (stimer_remaining)
obj_cooja/mtype93.a(timer.o)  obj_cooja/mtype93.a(button-sensor.o) (timer_set)
obj_cooja/mtype93.a(serial-line.o)
                              udp-client.co (serial_line_event_message)
obj_cooja/mtype93.a(list.o)   obj_cooja/mtype93.a(ctimer.o) (list_init)
obj_cooja/mtype93.a(ringbuf.o)
                              obj_cooja/mtype93.a(serial-line.o) (ringbuf_init)
obj_cooja/mtype93.a(sicslowpan.o)
                              obj_cooja/mtype93.o (sicslowpan_driver)
obj_cooja/mtype93.a(uip-ds6-nbr.o)
                              obj_cooja/mtype93.a(sicslowpan.o) (uip_ds6_link_neighbor_callback)
obj_cooja/mtype93.a(uip-ds6-route.o)
                              udp-client.co (uip_ds6_route_nexthop)
obj_cooja/mtype93.a(uip-ds6.o)
                              udp-client.co (uip_ds6_if)
obj_cooja/mtype93.a(uip6.o)   udp-client.co (uip_lladdr)
obj_cooja/mtype93.a(tcpip.o)  udp-client.co (tcpip_event)
obj_cooja/mtype93.a(uip-debug.o)
                              udp-client.co (uip_debug_ipaddr_print)
obj_cooja/mtype93.a(uip-packetqueue)
                              obj_cooja/mtype93.a(uip-ds6-nbr.o) (uip_packetqueue_new)
obj_cooja/mtype93.a(uip-udp-packet.)
                              udp-client.co (uip_udp_packet_sendto)
obj_cooja/mtype93.a(rpl-dag.o)
                              obj_cooja/mtype93.a(tcpip.o) (rpl_repair_root)
obj_cooja/mtype93.a(rpl-ext-header.)
                              obj_cooja/mtype93.a(uip6.o) (rpl_verify_header)
obj_cooja/mtype93.a(rpl-icmp6.o)
                              obj_cooja/mtype93.a(rpl-dag.o) (rpl_icmp6_update_nbr_table)
obj_cooja/mtype93.a(rpl-mrhof.o)
                              obj_cooja/mtype93.a(rpl-dag.o) (rpl_mrhof)
obj_cooja/mtype93.a(rpl-timers.o)
                              obj_cooja/mtype93.a(rpl-dag.o) (rpl_reset_dio_timer)
obj_cooja/mtype93.a(rpl.o)    obj_cooja/mtype93.a(rpl-icmp6.o) (rpl_get_mode)
obj_cooja/mtype93.a(framer-802154.o)
                              obj_cooja/mtype93.a(sicslowpan.o) (framer_802154)
obj_cooja/mtype93.a(nullmac.o)
                              obj_cooja/mtype93.o (nullmac_driver)
obj_cooja/mtype93.a(nullrdc.o)
                              obj_cooja/mtype93.o (nullrdc_driver)
obj_cooja/mtype93.a(linkaddr.o)
                              obj_cooja/mtype93.o (linkaddr_node_addr)
[...]
Memory Configuration

Name             Origin             Length             Attributes
*default*        0x0000000000000000 0xffffffffffffffff

Linker script and memory map

LOAD /usr/lib/gcc/i686-linux-gnu/4.8/../../../i386-linux-gnu/crti.o
LOAD /usr/lib/gcc/i686-linux-gnu/4.8/crtbeginS.o
LOAD udp-client.co
LOAD obj_cooja/mtype93.o
LOAD obj_cooja/mtype93.a
LOAD /usr/lib/gcc/i686-linux-gnu/4.8/libgcc.a
LOAD /usr/lib/gcc/i686-linux-gnu/4.8/libgcc_s.so
LOAD /usr/lib/gcc/i686-linux-gnu/4.8/../../../i386-linux-gnu/libc.so
START GROUP
LOAD /lib/i386-linux-gnu/libc.so.6
LOAD /usr/lib/i386-linux-gnu/libc_nonshared.a
LOAD /lib/i386-linux-gnu/ld-linux.so.2
END GROUP
LOAD /usr/lib/gcc/i686-linux-gnu/4.8/libgcc.a
LOAD /usr/lib/gcc/i686-linux-gnu/4.8/libgcc_s.so
LOAD /usr/lib/gcc/i686-linux-gnu/4.8/crtendS.o
LOAD /usr/lib/gcc/i686-linux-gnu/4.8/../../../i386-linux-gnu/crtn.o
                0x0000000000000114                . = (0x0 + SIZEOF_HEADERS)

.note.gnu.build-id
                0x0000000000000114       0x24
 *(.note.gnu.build-id)
 .note.gnu.build-id
                0x0000000000000114       0x24 /usr/lib/gcc/i686-linux-gnu/4.8/../../../i386-linux-gnu/crti.o

.hash
 *(.hash)

.gnu.hash       0x0000000000000138     0x1344
 *(.gnu.hash)
 .gnu.hash      0x0000000000000138     0x1344 /usr/lib/gcc/i686-linux-gnu/4.8/../../../i386-linux-gnu/crti.o

.dynsym         0x000000000000147c     0x2570
 *(.dynsym)
 .dynsym        0x000000000000147c     0x2570 /usr/lib/gcc/i686-linux-gnu/4.8/../../../i386-linux-gnu/crti.o

.dynstr         0x00000000000039ec     0x26b8
 *(.dynstr)
 .dynstr        0x00000000000039ec     0x26b8 /usr/lib/gcc/i686-linux-gnu/4.8/../../../i386-linux-gnu/crti.o

.gnu.version    0x00000000000060a4      0x4ae
 *(.gnu.version)
 .gnu.version   0x00000000000060a4      0x4ae /usr/lib/gcc/i686-linux-gnu/4.8/../../../i386-linux-gnu/crti.o

.gnu.version_d  0x0000000000006554        0x0
 *(.gnu.version_d)
 .gnu.version_d
                0x0000000000000000        0x0 /usr/lib/gcc/i686-linux-gnu/4.8/../../../i386-linux-gnu/crti.o

.gnu.version_r  0x0000000000006554       0x50
 *(.gnu.version_r)
 .gnu.version_r
                0x0000000000006554       0x50 /usr/lib/gcc/i686-linux-gnu/4.8/../../../i386-linux-gnu/crti.o

.rel.dyn        0x00000000000065a4     0x8df0
 *(.rel.init)
 .rel.init      0x0000000000000000        0x0 /usr/lib/gcc/i686-linux-gnu/4.8/../../../i386-linux-gnu/crti.o
 *(.rel.text .rel.text.* .rel.gnu.linkonce.t.*)
 .rel.text      0x00000000000065a4     0x8678 /usr/lib/gcc/i686-linux-gnu/4.8/../../../i386-linux-gnu/crti.o
 *(.rel.fini)
 .rel.fini      0x0000000000000000        0x0 /usr/lib/gcc/i686-linux-gnu/4.8/../../../i386-linux-gnu/crti.o
 *(.rel.rodata .rel.rodata.* .rel.gnu.linkonce.r.*)
 .rel.rodata    0x000000000000ec1c      0x4e0 /usr/lib/gcc/i686-linux-gnu/4.8/../../../i386-linux-gnu/crti.o
 *(.rel.data.rel.ro .rel.data.rel.ro.* .rel.gnu.linkonce.d.rel.ro.*)
 *(.rel.data .rel.data.* .rel.gnu.linkonce.d.*)
 .rel.data.rel  0x000000000000f0fc        0x8 /usr/lib/gcc/i686-linux-gnu/4.8/../../../i386-linux-gnu/crti.o
 .rel.data      0x000000000000f104      0x258 /usr/lib/gcc/i686-linux-gnu/4.8/../../../i386-linux-gnu/crti.o
 *(.rel.tdata .rel.tdata.* .rel.gnu.linkonce.td.*)
 *(.rel.tbss .rel.tbss.* .rel.gnu.linkonce.tb.*)
 *(.rel.ctors)
 *(.rel.dtors)
 *(.rel.got)
 .rel.got       0x000000000000f35c       0x28 /usr/lib/gcc/i686-linux-gnu/4.8/../../../i386-linux-gnu/crti.o
 *(.rel.bss .rel.bss.* .rel.gnu.linkonce.b.*)
 *(.rel.ifunc)
 .rel.ifunc     0x0000000000000000        0x0 /usr/lib/gcc/i686-linux-gnu/4.8/../../../i386-linux-gnu/crti.o
 .rel.fini_array
                0x000000000000f384        0x8 /usr/lib/gcc/i686-linux-gnu/4.8/../../../i386-linux-gnu/crti.o
 .rel.init_array
                0x000000000000f38c        0x8 /usr/lib/gcc/i686-linux-gnu/4.8/../../../i386-linux-gnu/crti.o

.rel.plt        0x000000000000f394       0x10
 *(.rel.plt)
 .rel.plt       0x000000000000f394       0x10 /usr/lib/gcc/i686-linux-gnu/4.8/../../../i386-linux-gnu/crti.o
 *(.rel.iplt)

.init           0x000000000000f3a4       0x23
 *(SORT(.init))
 .init          0x000000000000f3a4       0x1e /usr/lib/gcc/i686-linux-gnu/4.8/../../../i386-linux-gnu/crti.o
                0x000000000000f3a4                _init
 .init          0x000000000000f3c2        0x5 /usr/lib/gcc/i686-linux-gnu/4.8/../../../i386-linux-gnu/crtn.o

.plt            0x000000000000f3d0       0x30
 *(.plt)
 .plt           0x000000000000f3d0       0x30 /usr/lib/gcc/i686-linux-gnu/4.8/../../../i386-linux-gnu/crti.o
 *(.iplt)

.text           0x000000000000f400    0x15c33
 *(.text.unlikely .text.*_unlikely .text.unlikely.*)
 *(.text.exit .text.exit.*)
 *(.text.startup .text.startup.*)
 *(.text.hot .text.hot.*)
 *(.text .stub .text.* .gnu.linkonce.t.*)
 .text          0x000000000000f400        0x0 /usr/lib/gcc/i686-linux-gnu/4.8/../../../i386-linux-gnu/crti.o
 .gnu.linkonce.t.__x86.get_pc_thunk.bx
                0x000000000000f400        0x4 /usr/lib/gcc/i686-linux-gnu/4.8/../../../i386-linux-gnu/crti.o
                0x000000000000f400                __x86.get_pc_thunk.bx
 *fill*         0x000000000000f404        0xc 
 .text          0x000000000000f410      0x11b /usr/lib/gcc/i686-linux-gnu/4.8/crtbeginS.o
 .text          0x000000000000f52b      0x784 udp-client.co
 .text          0x000000000000fcaf      0x96a obj_cooja/mtype93.o
                0x000000000000fe5d                contiki_init
                0x0000000000010430                Java_org_contikios_cooja_corecomm_Lib22_init
                0x0000000000010470                Java_org_contikios_cooja_corecomm_Lib22_getMemory
                0x00000000000104b0                Java_org_contikios_cooja_corecomm_Lib22_setMemory
                0x0000000000010527                Java_org_contikios_cooja_corecomm_Lib22_tick
                0x0000000000010607                Java_org_contikios_cooja_corecomm_Lib22_setReferenceAddress
 .text          0x0000000000010619       0x63 obj_cooja/mtype93.a(simEnvChange.o)
                0x0000000000010619                doActionsBeforeTick
                0x000000000001064a                doActionsAfterTick
 .text          0x000000000001067c       0xbc obj_cooja/mtype93.a(cooja_mt.o)
                0x000000000001067c                cooja_mt_init
                0x0000000000010689                cooja_mt_remove
                0x0000000000010696                cooja_mt_start
                0x00000000000106c3                cooja_mt_exec
                0x00000000000106f4                cooja_mt_exit
                0x0000000000010716                cooja_mt_yield
 .text          0x0000000000010738      0x115 obj_cooja/mtype93.a(cooja_mtarch.o)
                0x0000000000010738                cooja_mtarch_init
                0x000000000001073d                cooja_mtarch_start
                0x00000000000107b8                cooja_sw
                0x00000000000107da                cooja_mtarch_exec
                0x00000000000107f6                cooja_mtarch_remove
                0x00000000000107fb                cooja_mtarch_yield
                0x0000000000010805                cooja_mtarch_pstop
                0x000000000001080a                cooja_mtarch_pstart
                0x000000000001080f                cooja_mtarch_stack_usage
 .text          0x000000000001084d       0xc2 obj_cooja/mtype93.a(rtimer-arch.o)
                0x000000000001084d                rtimer_arch_init
                0x0000000000010870                rtimer_arch_schedule
                0x0000000000010887                rtimer_arch_next
                0x0000000000010891                rtimer_arch_pending
                0x000000000001089b                rtimer_arch_check
                0x00000000000108cd                rtimer_arch_now
 .text          0x000000000001090f       0x76 obj_cooja/mtype93.a(beep.o)
                0x000000000001090f                beep_alarm
                0x000000000001091b                beep_beep
                0x0000000000010927                beep
                0x0000000000010933                beep_down
                0x000000000001093f                beep_on
                0x000000000001094b                beep_off
                0x0000000000010957                beep_spinup
                0x0000000000010963                beep_quick
                0x000000000001096f                beep_long
 .text          0x0000000000010985      0x103 obj_cooja/mtype93.a(button-sensor.o)
 .text          0x0000000000010a88       0x45 obj_cooja/mtype93.a(leds-arch.o)
                0x0000000000010a88                leds_arch_init
                0x0000000000010a94                leds_arch_get
                0x0000000000010aa0                leds_arch_set
 .text          0x0000000000010acd       0x2f obj_cooja/mtype93.a(moteid.o)
 .text          0x0000000000010afc       0xb1 obj_cooja/mtype93.a(pir-sensor.o)
 .text          0x0000000000010bad      0x131 obj_cooja/mtype93.a(rs232.o)
                0x0000000000010bad                rs232_init
                0x0000000000010bb2                rs232_set_speed
                0x0000000000010bc0                rs232_set_input
                0x0000000000010bcd                rs232_send
                0x0000000000010bef                rs232_print
                0x0000000000010c0a                slip_arch_writeb
 .text          0x0000000000010cde       0xb1 obj_cooja/mtype93.a(vib-sensor.o)
 .text          0x0000000000010d8f       0x34 obj_cooja/mtype93.a(clock.o)
                0x0000000000010d8f                clock_init
                0x0000000000010d94                clock_time
                0x0000000000010d9e                clock_seconds
                0x0000000000010db4                clock_delay
 .text          0x0000000000010dc3      0x1ed obj_cooja/mtype93.a(log.o)
                0x0000000000010dc3                simlog_char
                0x0000000000010e05                simlog
                0x0000000000010e72                log_message
                0x0000000000010e9a                log_set_putchar_with_slip
                0x0000000000010ea7                log_putchar
                0x0000000000010f2b                log_puts
                0x0000000000010f4f                log_printf
 .text          0x0000000000010fb0      0x2c4 obj_cooja/mtype93.a(cfs-cooja.o)
                0x0000000000010fb0                cfs_open
                0x0000000000011019                cfs_close
                0x0000000000011025                cfs_read
                0x00000000000110c3                cfs_write
                0x00000000000111a0                cfs_seek
                0x0000000000011228                cfs_remove
                0x0000000000011251                cfs_opendir
                0x000000000001125b                cfs_readdir
                0x0000000000011265                cfs_closedir
 .text          0x0000000000011274      0x671 obj_cooja/mtype93.a(cooja-radio.o)
                0x000000000001129e                radio_set_channel
                0x00000000000112b3                radio_set_txpower
                0x00000000000112d3                radio_signal_strength_last
                0x00000000000112dd                radio_signal_strength_current
                0x00000000000112e7                radio_LQI
 .text          0x00000000000118e5       0xef obj_cooja/mtype93.a(eeprom.o)
                0x00000000000118e5                eeprom_init
                0x00000000000118ea                eeprom_read
                0x000000000001195a                eeprom_write
 .text          0x00000000000119d4       0x28 obj_cooja/mtype93.a(random.o)
                0x00000000000119d4                random_init
                0x00000000000119ef                random_rand
 .text          0x00000000000119fc      0x2a1 obj_cooja/mtype93.a(sensors.o)
                0x0000000000011a37                sensors_first
                0x0000000000011a41                sensors_next
                0x0000000000011a5e                sensors_changed
                0x0000000000011a8d                sensors_find
 .text          0x0000000000011c9d      0x2e4 obj_cooja/mtype93.a(dual_conf.o)
                0x0000000000011c9d                dual_radio_switch
                0x0000000000011cdd                dual_radio_change
                0x0000000000011d17                sending_in_LR
                0x0000000000011d42                dual_radio_received
                0x0000000000011d7a                radio_received_is_longrange
                0x0000000000011d95                dual_radio_turn_on
                0x0000000000011db8                dual_radio_turn_off
                0x0000000000011f37                dio_broadcast
                0x0000000000011f60                dis_broadcast
 .text          0x0000000000011f81       0x8e obj_cooja/mtype93.a(autostart.o)
                0x0000000000011f81                autostart_start
                0x0000000000011fcc                autostart_exit
 .text          0x000000000001200f      0x334 obj_cooja/mtype93.a(ctimer.o)
                0x0000000000012126                ctimer_init
                0x0000000000012156                ctimer_set
                0x0000000000012187                ctimer_set_with_process
                0x0000000000012203                ctimer_reset
                0x0000000000012252                ctimer_restart
                0x00000000000122a1                ctimer_stop
                0x00000000000122ec                ctimer_expired
 .text          0x0000000000012343      0x40b obj_cooja/mtype93.a(etimer.o)
                0x0000000000012556                etimer_request_poll
                0x00000000000125da                etimer_set
                0x00000000000125ff                etimer_reset_with_new_interval
                0x0000000000012626                etimer_reset
                0x0000000000012644                etimer_restart
                0x0000000000012662                etimer_adjust
                0x000000000001267e                etimer_expired
                0x0000000000012691                etimer_expiration_time
                0x00000000000126a3                etimer_start_time
                0x00000000000126ad                etimer_pending
                0x00000000000126bf                etimer_next_expiration_time
                0x00000000000126d9                etimer_stop
 .text          0x000000000001274e       0xdd obj_cooja/mtype93.a(log_message.o)
                0x000000000001274e                log_initialization
                0x000000000001280a                log_finisher
 .text          0x000000000001282b      0x560 obj_cooja/mtype93.a(process.o)
                0x000000000001282b                process_alloc_event
                0x0000000000012840                process_start
                0x0000000000012a29                process_exit
                0x0000000000012a45                process_init
                0x0000000000012c16                process_run
                0x0000000000012c49                process_nevents
                0x0000000000012c64                process_post
                0x0000000000012d10                process_post_synch
                0x0000000000012d48                process_poll
                0x0000000000012d77                process_is_running
 .text          0x0000000000012d8b       0xd3 obj_cooja/mtype93.a(residual.o)
                0x0000000000012d8b                get_residual_energy
 .text          0x0000000000012e5e       0xba obj_cooja/mtype93.a(rtimer.o)
                0x0000000000012e5e                rtimer_init
                0x0000000000012e6b                rtimer_set
                0x0000000000012ec2                rtimer_run_next
 .text          0x0000000000012f18       0xa3 obj_cooja/mtype93.a(stimer.o)
                0x0000000000012f18                stimer_set
                0x0000000000012f33                stimer_reset
                0x0000000000012f4a                stimer_restart
                0x0000000000012f5c                stimer_expired
                0x0000000000012f83                stimer_remaining
                0x0000000000012fa7                stimer_elapsed
 .text          0x0000000000012fbb       0x91 obj_cooja/mtype93.a(timer.o)
                0x0000000000012fbb                timer_set
                0x0000000000012fd6                timer_reset
                0x0000000000012fed                timer_restart
                0x0000000000012fff                timer_expired
                0x0000000000013028                timer_remaining
 .text          0x000000000001304c      0x1fb obj_cooja/mtype93.a(serial-line.o)
                0x000000000001304c                serial_line_input_byte
                0x000000000001320f                serial_line_init
 .text          0x0000000000013247      0x244 obj_cooja/mtype93.a(list.o)
                0x0000000000013247                list_init
                0x0000000000013255                list_head
                0x000000000001325f                list_copy
                0x000000000001326e                list_tail
                0x00000000000132a4                list_add
                0x00000000000132ed                list_push
                0x0000000000013319                list_chop
                0x0000000000013383                list_pop
                0x00000000000133ab                list_remove
                0x0000000000013412                list_length
                0x0000000000013440                list_insert
                0x0000000000013474                list_item_next
 .text          0x000000000001348b      0x155 obj_cooja/mtype93.a(ringbuf.o)
                0x000000000001348b                ringbuf_init
                0x00000000000134bc                ringbuf_put
                0x000000000001353a                ringbuf_get
                0x00000000000135a7                ringbuf_size
                0x00000000000135b9                ringbuf_elements
 .text          0x00000000000135e0     0x258b obj_cooja/mtype93.a(sicslowpan.o)
                0x0000000000013b6a                rime_sniffer_add
                0x0000000000013b77                rime_sniffer_remove
                0x0000000000015b0a                sicslowpan_init
                0x0000000000015b61                sicslowpan_get_last_rssi
 .text          0x0000000000015b6b      0x2dc obj_cooja/mtype93.a(uip-ds6-nbr.o)
                0x0000000000015b88                uip_ds6_neighbors_init
                0x0000000000015ba5                uip_ds6_nbr_add
                0x0000000000015c56                uip_ds6_nbr_rm
                0x0000000000015cb3                uip_ds6_nbr_get_ipaddr
                0x0000000000015cc8                uip_ds6_nbr_get_ll
                0x0000000000015ce4                uip_ds6_nbr_num
                0x0000000000015d29                uip_ds6_nbr_lookup
                0x0000000000015d8e                uip_ds6_nbr_ll_lookup
                0x0000000000015daa                uip_ds6_nbr_ipaddr_from_lladdr
                0x0000000000015dd0                uip_ds6_nbr_lladdr_from_ipaddr
                0x0000000000015dfe                uip_ds6_link_neighbor_callback
 .text          0x0000000000015e47      0x916 obj_cooja/mtype93.a(uip-ds6-route.o)
                0x0000000000015ebe                uip_ds6_notification_add
                0x0000000000015eef                uip_ds6_notification_rm
                0x0000000000015f0b                uip_ds6_route_init
                0x0000000000015f93                uip_ds6_route_nexthop
                0x0000000000015fbb                uip_ds6_route_head
                0x0000000000015fd0                uip_ds6_route_next
                0x0000000000015ff6                uip_ds6_route_is_nexthop
                0x0000000000016035                uip_ds6_route_num_routes
                0x000000000001603f                uip_ds6_route_lookup
                0x0000000000016101                uip_ds6_route_add
                0x0000000000016335                uip_ds6_route_rm
                0x00000000000164c9                uip_ds6_route_rm_by_nexthop
                0x0000000000016501                uip_ds6_defrt_add
                0x00000000000165b2                uip_ds6_defrt_rm
                0x0000000000016631                uip_ds6_defrt_lookup
                0x000000000001668a                uip_ds6_defrt_choose
                0x00000000000166f5                uip_ds6_defrt_periodic
 .text          0x000000000001675d     0x12ad obj_cooja/mtype93.a(uip-ds6.o)
                0x000000000001675d                uip_ds6_init
                0x0000000000016ab2                uip_ds6_periodic
                0x0000000000016b8a                uip_ds6_list_loop
                0x0000000000016c31                uip_ds6_prefix_add
                0x0000000000016cef                uip_ds6_prefix_rm
                0x0000000000016d01                uip_ds6_prefix_lookup
                0x0000000000016d52                uip_ds6_is_addr_onlink
                0x0000000000016dc6                uip_ds6_addr_add
                0x0000000000016ef4                uip_ds6_long_addr_add
                0x0000000000017022                uip_ds6_addr_rm
                0x00000000000170c2                uip_ds6_addr_lookup
                0x000000000001710d                uip_ds6_long_addr_lookup
                0x0000000000017158                uip_ds6_get_link_local
                0x00000000000171d7                uip_ds6_long_get_link_local
                0x0000000000017256                uip_ds6_get_global
                0x00000000000172d5                uip_ds6_long_get_global
                0x0000000000017354                uip_ds6_maddr_add
                0x00000000000173c6                uip_ds6_long_maddr_add
                0x0000000000017438                uip_ds6_maddr_rm
                0x000000000001744a                uip_ds6_maddr_lookup
                0x0000000000017495                uip_ds6_long_maddr_lookup
                0x00000000000174e0                uip_ds6_aaddr_add
                0x0000000000017552                uip_ds6_long_aaddr_add
                0x00000000000175c4                uip_ds6_aaddr_rm
                0x00000000000175d6                uip_ds6_aaddr_lookup
                0x0000000000017621                uip_ds6_long_aaddr_lookup
                0x000000000001766c                uip_ds6_select_src
                0x00000000000178f5                uip_ds6_set_addr_iid
                0x000000000001792c                get_match_length
                0x00000000000179be                uip_ds6_compute_reachable_time
 .text          0x0000000000017a0a     0x29f3 obj_cooja/mtype93.a(uip6.o)
                0x0000000000017a0a                uip_add32
                0x0000000000017ba3                uip_chksum
                0x0000000000017c91                uip_icmp6chksum
                0x0000000000017ca5                uip_tcpchksum
                0x0000000000017cb9                uip_udpchksum
                0x0000000000017ccd                uip_init
                0x0000000000017d9d                uip_connect
                0x0000000000017f4c                remove_ext_hdr
                0x0000000000018021                uip_udp_new
                0x000000000001817d                uip_unlisten
                0x00000000000181dd                uip_listen
                0x000000000001849f                uip_process
                0x000000000001a2f1                uip_htons
                0x000000000001a313                uip_htonl
                0x000000000001a353                uip_send
 .text          0x000000000001a3fd      0xb43 obj_cooja/mtype93.a(tcpip.o)
                0x000000000001a3fd                tcpip_output
                0x000000000001a42b                tcpip_set_outputfunc
                0x000000000001a4bf                tcp_connect
                0x000000000001a514                tcp_unlisten
                0x000000000001a56f                tcp_listen
                0x000000000001a5c8                tcp_attach
                0x000000000001a5ed                udp_attach
                0x000000000001a612                udp_new
                0x000000000001a664                udp_broadcast_new
                0x000000000001a8d8                tcpip_input
                0x000000000001a90c                tcpip_ipv6_output
                0x000000000001ad86                tcpip_poll_udp
                0x000000000001ada9                tcpip_poll_tcp
                0x000000000001adcc                tcpip_uipcall
 .text          0x000000000001af40      0x1c1 obj_cooja/mtype93.a(uip-debug.o)
                0x000000000001af40                uip_debug_ipaddr_print
                0x000000000001b0a2                uip_debug_lladdr_print
 .text          0x000000000001b101      0x141 obj_cooja/mtype93.a(uip-packetqueue)
                0x000000000001b12d                uip_packetqueue_new
                0x000000000001b13b                uip_packetqueue_alloc
                0x000000000001b19b                uip_packetqueue_free
                0x000000000001b1dc                uip_packetqueue_buf
                0x000000000001b1f9                uip_packetqueue_buflen
                0x000000000001b21a                uip_packetqueue_set_buflen
 .text          0x000000000001b242      0x131 obj_cooja/mtype93.a(uip-udp-packet.)
                0x000000000001b242                uip_udp_packet_send
                0x000000000001b2a2                uip_udp_packet_sendto
 .text          0x000000000001b373     0x25bb obj_cooja/mtype93.a(rpl-dag.o)
                0x000000000001b373                rpl_print_neighbor_list
                0x000000000001b41c                rpl_print_child_neighbor_list
                0x000000000001b491                rpl_get_nbr
                0x000000000001b4eb                rpl_get_nbr_child
                0x000000000001b545                rpl_dag_init
                0x000000000001b577                rpl_get_parent
                0x000000000001b599                rpl_get_parent_rank
                0x000000000001b5cc                rpl_get_parent_link_metric
                0x000000000001b5ff                rpl_get_parent_ipaddr
                0x000000000001b629                rpl_get_child_ipaddr
                0x000000000001b944                rpl_set_root
                0x000000000001bb72                rpl_repair_root
                0x000000000001bdae                rpl_set_prefix
                0x000000000001bead                rpl_set_default_route
                0x000000000001bf39                rpl_alloc_instance
                0x000000000001bfcc                rpl_alloc_dag
                0x000000000001c07f                rpl_set_default_instance
                0x000000000001c08c                rpl_get_default_instance
                0x000000000001c096                rpl_free_instance
                0x000000000001c147                rpl_free_dag
                0x000000000001c1ad                rpl_add_parent
                0x000000000001c2a3                rpl_find_parent
                0x000000000001c2d3                rpl_add_child
                0x000000000001c377                rpl_find_child
                0x000000000001c3c5                rpl_find_parent_any_dag
                0x000000000001c401                rpl_select_dag
                0x000000000001c824                rpl_select_parent
                0x000000000001c886                rpl_remove_parent
                0x000000000001c8bc                rpl_remove_child
                0x000000000001c8d8                rpl_nullify_parent
                0x000000000001c976                rpl_move_parent
                0x000000000001ca13                rpl_has_downward_route
                0x000000000001ca66                rpl_get_any_dag
                0x000000000001cac8                rpl_get_instance
                0x000000000001cb2b                rpl_find_of
                0x000000000001cb68                rpl_join_instance
                0x000000000001cde3                rpl_add_dag
                0x000000000001d1d2                rpl_local_repair
                0x000000000001d2ab                rpl_recalculate_ranks
                0x000000000001d331                rpl_process_parent_event
                0x000000000001d3e3                rpl_process_dio
 .text          0x000000000001d92e      0xbf3 obj_cooja/mtype93.a(rpl-ext-header.)
                0x000000000001d94b                rpl_verify_header
                0x000000000001ddc5                rpl_update_header_empty
                0x000000000001e0dc                rpl_update_header_final
                0x000000000001e26b                rpl_remove_header
                0x000000000001e375                rpl_invert_header
                0x000000000001e4ff                rpl_insert_header
 .text          0x000000000001e521     0x22e1 obj_cooja/mtype93.a(rpl-icmp6.o)
                0x000000000001e7ea                rpl_icmp6_update_nbr_table
                0x000000000001e8da                dis_output
                0x000000000001f212                dio_output
                0x000000000002036d                dao_output
                0x0000000000020435                dao_output_target
                0x00000000000207b6                dao_ack_output
                0x00000000000207ca                rpl_icmp6_register_handlers
 .text          0x0000000000020802      0x299 obj_cooja/mtype93.a(rpl-mrhof.o)
 .text          0x0000000000020a9b      0x7b3 obj_cooja/mtype93.a(rpl-timers.o)
                0x0000000000020ce1                rpl_reset_periodic_timer
                0x0000000000020d36                rpl_reset_dio_timer
                0x0000000000020f70                rpl_schedule_dao
                0x0000000000020f8b                rpl_schedule_dao_immediately
                0x0000000000020fa6                rpl_cancel_dao
                0x0000000000021008                rpl_schedule_unicast_dio_immediately
                0x00000000000211f6                rpl_schedule_probing
 .text          0x000000000002124e      0x5c5 obj_cooja/mtype93.a(rpl.o)
                0x000000000002124e                rpl_get_mode
                0x0000000000021258                rpl_set_mode
                0x00000000000212e6                rpl_purge_routes
                0x00000000000213e0                rpl_remove_routes
                0x0000000000021426                rpl_remove_routes_by_nexthop
                0x0000000000021492                rpl_add_route
                0x000000000002150d                rpl_link_neighbor_callback
                0x0000000000021612                rpl_ipv6_neighbor_callback
                0x0000000000021681                rpl_purge_dags
                0x000000000002178d                rpl_init
 .text          0x0000000000021813      0x3f5 obj_cooja/mtype93.a(framer-802154.o)
 .text          0x0000000000021c08       0x5e obj_cooja/mtype93.a(nullmac.o)
 .text          0x0000000000021c66      0x4ce obj_cooja/mtype93.a(nullrdc.o)
 .text          0x0000000000022134       0x82 obj_cooja/mtype93.a(linkaddr.o)
                0x0000000000022134                linkaddr_copy
                0x0000000000022156                linkaddr_cmp
                0x0000000000022180                linkaddr_set_node_addr
                0x000000000002219b                linkaddr_set_node_long_addr
 .text          0x00000000000221b6      0x915 obj_cooja/mtype93.a(nbr-table.o)
                0x00000000000221b6                long_ip_from_lladdr_map
                0x000000000002223f                lladdr_map_add_lr
                0x00000000000222fc                lladdr_map_rm_lr
                0x00000000000227c1                nbr_table_register
                0x0000000000022809                nbr_table_head
                0x0000000000022865                nbr_table_next
                0x00000000000228cc                nbr_table_add_lladdr
                0x00000000000229a8                nbr_table_get_from_lladdr
                0x00000000000229f5                nbr_table_remove
                0x0000000000022a47                nbr_table_lock
                0x0000000000022a71                nbr_table_unlock
                0x0000000000022a9b                nbr_table_get_lladdr
 .text          0x0000000000022acb       0x2b obj_cooja/mtype93.a(netstack.o)
                0x0000000000022acb                netstack_init
 .text          0x0000000000022af6      0x3cd obj_cooja/mtype93.a(packetbuf.o)
                0x0000000000022af6                packetbuf_clear
                0x0000000000022b20                packetbuf_copyfrom
                0x0000000000022b72                packetbuf_compact
                0x0000000000022bef                packetbuf_copyto
                0x0000000000022c86                packetbuf_hdralloc
                0x0000000000022d03                packetbuf_hdrreduce
                0x0000000000022d4b                packetbuf_set_datalen
                0x0000000000022d64                packetbuf_dataptr
                0x0000000000022d81                packetbuf_hdrptr
                0x0000000000022d8b                packetbuf_datalen
                0x0000000000022d97                packetbuf_hdrlen
                0x0000000000022dae                packetbuf_totlen
                0x0000000000022dc4                packetbuf_attr_clear
                0x0000000000022e16                packetbuf_attr_copyto
                0x0000000000022e5f                packetbuf_attr_copyfrom
                0x0000000000022ea7                packetbuf_holds_broadcast
 .text          0x0000000000022ec3      0x2b4 obj_cooja/mtype93.a(queuebuf.o)
                0x0000000000022ecd                queuebuf_init
                0x0000000000022eed                queuebuf_numfree
                0x0000000000022f01                queuebuf_new_from_packetbuf
                0x0000000000022f91                queuebuf_update_attr_from_packetbuf
                0x0000000000022fc4                queuebuf_update_from_packetbuf
                0x000000000002300e                queuebuf_free
                0x0000000000023055                queuebuf_to_packetbuf
                0x00000000000230bb                queuebuf_dataptr
                0x00000000000230f2                queuebuf_datalen
                0x0000000000023115                queuebuf_addr
                0x0000000000023147                queuebuf_attr
                0x0000000000023172                queuebuf_debug_print
 .text          0x0000000000023177       0x6e obj_cooja/mtype93.a(nullsec.o)
 .text          0x00000000000231e5       0x19 obj_cooja/mtype93.a(watchdog.o)
                0x00000000000231e5                watchdog_init
                0x00000000000231ea                watchdog_start
                0x00000000000231ef                watchdog_periodic
                0x00000000000231f4                watchdog_stop
                0x00000000000231f9                watchdog_reboot
 .text          0x00000000000231fe        0x0 obj_cooja/mtype93.a(rimestats.o)
 .text          0x00000000000231fe      0x1c1 obj_cooja/mtype93.a(memb.o)
                0x00000000000231fe                memb_init
                0x000000000002325c                memb_alloc
                0x00000000000232c1                memb_free
                0x000000000002333c                memb_inmemb
                0x000000000002337b                memb_numfree
 .text          0x00000000000233bf      0xab2 obj_cooja/mtype93.a(uip-icmp6.o)
                0x000000000002342d                uip_icmp6_input
                0x0000000000023483                uip_icmp6_register_input_handler
                0x000000000002374b                uip_icmp6_error_output
                0x0000000000023a90                uip_icmp6_send
                0x0000000000023e04                uip_icmp6_echo_reply_callback_add
                0x0000000000023e35                uip_icmp6_echo_reply_callback_rm
                0x0000000000023e51                uip_icmp6_init
 .text          0x0000000000023e71      0x358 obj_cooja/mtype93.a(uip-nd6.o)
                0x0000000000023ec5                uip_nd6_ns_output
                0x00000000000241c4                uip_nd6_init
 .text          0x00000000000241c9      0x331 obj_cooja/mtype93.a(rpl-nbr-policy.)
                0x00000000000243a1                find_removable_dis
                0x00000000000243c4                find_removable_dio
                0x0000000000024453                find_removable_dao
                0x00000000000244a3                rpl_nbr_policy_find_removable
 .text          0x00000000000244fa      0x97c obj_cooja/mtype93.a(frame802154.o)
                0x000000000002452b                frame802154_get_pan_id
                0x0000000000024537                frame802154_set_pan_id
                0x0000000000024550                frame802154_has_panid
                0x000000000002463c                frame802154_check_dest_panid
                0x00000000000246a4                frame802154_is_broadcast_addr
                0x00000000000246f1                frame802154_extract_linkaddr
                0x0000000000024931                frame802154_hdrlen
                0x0000000000024982                frame802154_create
                0x0000000000024b6d                frame802154_parse
 .text          0x0000000000024e76      0x181 obj_cooja/mtype93.a(mac-sequence.o)
                0x0000000000024ead                mac_sequence_is_duplicate
                0x0000000000024f30                mac_sequence_register_seqno
 .text          0x0000000000024ff7       0x3c obj_cooja/mtype93.a(mac.o)
                0x0000000000024ff7                mac_call_sent_callback
 .text          0x0000000000025033        0x0 /usr/lib/gcc/i686-linux-gnu/4.8/crtendS.o
 .text          0x0000000000025033        0x0 /usr/lib/gcc/i686-linux-gnu/4.8/../../../i386-linux-gnu/crtn.o
 *(.gnu.warning)

.fini           0x0000000000025034       0x14
 *(SORT(.fini))
 .fini          0x0000000000025034        0xf /usr/lib/gcc/i686-linux-gnu/4.8/../../../i386-linux-gnu/crti.o
                0x0000000000025034                _fini
 .fini          0x0000000000025043        0x5 /usr/lib/gcc/i686-linux-gnu/4.8/../../../i386-linux-gnu/crtn.o
                0x0000000000025048                PROVIDE (__etext, .)
                0x0000000000025048                PROVIDE (_etext, .)
                0x0000000000025048                PROVIDE (etext, .)

.rodata         0x0000000000025060      0x940
 *(.rodata .rodata.* .gnu.linkonce.r.*)
 .rodata        0x0000000000025060      0x2ae udp-client.co
                0x0000000000025074                autostart_processes
 *fill*         0x000000000002530e        0x2 
 .rodata        0x0000000000025310      0x1e6 obj_cooja/mtype93.o
 *fill*         0x00000000000254f6        0x2 
 .rodata        0x00000000000254f8        0x8 obj_cooja/mtype93.a(beep.o)
                0x00000000000254f8                beep_interface
 .rodata        0x0000000000025500       0x20 obj_cooja/mtype93.a(button-sensor.o)
                0x0000000000025500                button_interface
                0x0000000000025510                button_sensor
 .rodata        0x0000000000025520        0x8 obj_cooja/mtype93.a(leds-arch.o)
                0x0000000000025520                leds_interface
 .rodata        0x0000000000025528        0x8 obj_cooja/mtype93.a(moteid.o)
                0x0000000000025528                moteid_interface
 .rodata        0x0000000000025530       0x1c obj_cooja/mtype93.a(pir-sensor.o)
                0x0000000000025530                pir_interface
                0x000000000002553c                pir_sensor
 .rodata        0x000000000002554c        0xe obj_cooja/mtype93.a(rs232.o)
                0x000000000002554c                rs232_interface
 *fill*         0x000000000002555a        0x2 
 .rodata        0x000000000002555c       0x24 obj_cooja/mtype93.a(vib-sensor.o)
                0x000000000002555c                vib_interface
                0x0000000000025570                vib_sensor
 .rodata        0x0000000000025580        0x8 obj_cooja/mtype93.a(clock.o)
                0x0000000000025580                clock_interface
 .rodata        0x0000000000025588        0x8 obj_cooja/mtype93.a(log.o)
                0x0000000000025588                simlog_interface
 .rodata        0x0000000000025590       0x2f obj_cooja/mtype93.a(cfs-cooja.o)
                0x0000000000025590                cfs_interface
 *fill*         0x00000000000255bf        0x1 
 .rodata        0x00000000000255c0       0x60 obj_cooja/mtype93.a(cooja-radio.o)
                0x00000000000255e0                cooja_radio_driver
                0x0000000000025618                radio_interface
 .rodata        0x0000000000025620        0x8 obj_cooja/mtype93.a(eeprom.o)
                0x0000000000025620                eeprom_interface
 .rodata        0x0000000000025628        0x8 obj_cooja/mtype93.a(sensors.o)
 .rodata        0x0000000000025630       0x1c obj_cooja/mtype93.a(dual_conf.o)
 .rodata        0x000000000002564c        0xf obj_cooja/mtype93.a(ctimer.o)
 .rodata        0x000000000002565b        0xc obj_cooja/mtype93.a(etimer.o)
 *fill*         0x0000000000025667        0x1 
 .rodata        0x0000000000025668       0x73 obj_cooja/mtype93.a(log_message.o)
 *fill*         0x00000000000256db        0x1 
 .rodata        0x00000000000256dc       0x20 obj_cooja/mtype93.a(residual.o)
 .rodata        0x00000000000256fc        0xe obj_cooja/mtype93.a(serial-line.o)
 *fill*         0x000000000002570a        0x2 
 .rodata        0x000000000002570c       0x2c obj_cooja/mtype93.a(sicslowpan.o)
                0x000000000002570c                unc_llconf
                0x0000000000025710                unc_ctxconf
                0x0000000000025714                unc_mxconf
                0x0000000000025718                llprefix
                0x000000000002572c                sicslowpan_driver
 .rodata        0x0000000000025738      0x13c obj_cooja/mtype93.a(uip6.o)
 .rodata        0x0000000000025874       0x49 obj_cooja/mtype93.a(tcpip.o)
 .rodata        0x00000000000258bd       0x3e obj_cooja/mtype93.a(uip-debug.o)
 *fill*         0x00000000000258fb        0x1 
 .rodata        0x00000000000258fc        0x4 obj_cooja/mtype93.a(rpl-dag.o)
 .rodata        0x0000000000025900        0xc obj_cooja/mtype93.a(framer-802154.o)
                0x0000000000025900                framer_802154
 .rodata        0x000000000002590c       0x24 obj_cooja/mtype93.a(nullmac.o)
                0x0000000000025914                nullmac_driver
 *fill*         0x0000000000025930       0x10 
 .rodata        0x0000000000025940       0x40 obj_cooja/mtype93.a(nullrdc.o)
                0x0000000000025960                nullrdc_driver
 .rodata        0x0000000000025980        0x8 obj_cooja/mtype93.a(linkaddr.o)
                0x0000000000025980                linkaddr_null
 .rodata        0x0000000000025988       0x18 obj_cooja/mtype93.a(nullsec.o)
                0x0000000000025990                nullsec_driver

.rodata1
 *(.rodata1)

.eh_frame_hdr   0x00000000000259a0     0x134c
 *(.eh_frame_hdr)
 .eh_frame_hdr  0x00000000000259a0     0x134c udp-client.co

.eh_frame       0x0000000000026cec     0x4e74
 *(.eh_frame)
 .eh_frame      0x0000000000026cec       0x3c /usr/lib/gcc/i686-linux-gnu/4.8/../../../i386-linux-gnu/crti.o
                                         0x40 (size before relaxing)
 .eh_frame      0x0000000000026d28       0xb4 udp-client.co
                                         0xcc (size before relaxing)
 .eh_frame      0x0000000000026ddc      0x148 obj_cooja/mtype93.o
                                        0x160 (size before relaxing)
 .eh_frame      0x0000000000026f24       0x40 obj_cooja/mtype93.a(simEnvChange.o)
                                         0x58 (size before relaxing)
 .eh_frame      0x0000000000026f64       0xc0 obj_cooja/mtype93.a(cooja_mt.o)
                                         0xd8 (size before relaxing)
 .eh_frame      0x0000000000027024      0x120 obj_cooja/mtype93.a(cooja_mtarch.o)
                                        0x138 (size before relaxing)
 .eh_frame      0x0000000000027144       0xc0 obj_cooja/mtype93.a(rtimer-arch.o)
                                         0xd8 (size before relaxing)
 .eh_frame      0x0000000000027204      0x160 obj_cooja/mtype93.a(beep.o)
                                        0x178 (size before relaxing)
 .eh_frame      0x0000000000027364       0xa0 obj_cooja/mtype93.a(button-sensor.o)
                                         0xb8 (size before relaxing)
 .eh_frame      0x0000000000027404       0xa0 obj_cooja/mtype93.a(leds-arch.o)
                                         0xb8 (size before relaxing)
 .eh_frame      0x00000000000274a4       0x40 obj_cooja/mtype93.a(moteid.o)
                                         0x58 (size before relaxing)
 .eh_frame      0x00000000000274e4       0xa0 obj_cooja/mtype93.a(pir-sensor.o)
                                         0xb8 (size before relaxing)
 .eh_frame      0x0000000000027584      0x100 obj_cooja/mtype93.a(rs232.o)
                                        0x118 (size before relaxing)
 .eh_frame      0x0000000000027684       0xa0 obj_cooja/mtype93.a(vib-sensor.o)
                                         0xb8 (size before relaxing)
 .eh_frame      0x0000000000027724       0xc0 obj_cooja/mtype93.a(clock.o)
                                         0xd8 (size before relaxing)
 .eh_frame      0x00000000000277e4      0x120 obj_cooja/mtype93.a(log.o)
                                        0x138 (size before relaxing)
 .eh_frame      0x0000000000027904      0x160 obj_cooja/mtype93.a(cfs-cooja.o)
                                        0x178 (size before relaxing)
 .eh_frame      0x0000000000027a64      0x2e0 obj_cooja/mtype93.a(cooja-radio.o)
                                        0x2f8 (size before relaxing)
 .eh_frame      0x0000000000027d44       0xa0 obj_cooja/mtype93.a(eeprom.o)
                                         0xb8 (size before relaxing)
 .eh_frame      0x0000000000027de4       0x40 obj_cooja/mtype93.a(random.o)
                                         0x58 (size before relaxing)
 .eh_frame      0x0000000000027e24       0xc0 obj_cooja/mtype93.a(sensors.o)
                                         0xd8 (size before relaxing)
 .eh_frame      0x0000000000027ee4      0x160 obj_cooja/mtype93.a(dual_conf.o)
                                        0x178 (size before relaxing)
 .eh_frame      0x0000000000028044       0x40 obj_cooja/mtype93.a(autostart.o)
                                         0x58 (size before relaxing)
 .eh_frame      0x0000000000028084      0x100 obj_cooja/mtype93.a(ctimer.o)
                                        0x118 (size before relaxing)
 .eh_frame      0x0000000000028184      0x1e0 obj_cooja/mtype93.a(etimer.o)
                                        0x1f8 (size before relaxing)
 .eh_frame      0x0000000000028364       0x40 obj_cooja/mtype93.a(log_message.o)
                                         0x58 (size before relaxing)
 .eh_frame      0x00000000000283a4      0x1c8 obj_cooja/mtype93.a(process.o)
                                        0x1e0 (size before relaxing)
 .eh_frame      0x000000000002856c       0x2c obj_cooja/mtype93.a(residual.o)
                                         0x44 (size before relaxing)
 .eh_frame      0x0000000000028598       0x60 obj_cooja/mtype93.a(rtimer.o)
                                         0x78 (size before relaxing)
 .eh_frame      0x00000000000285f8       0xc4 obj_cooja/mtype93.a(stimer.o)
                                         0xdc (size before relaxing)
 .eh_frame      0x00000000000286bc       0xa4 obj_cooja/mtype93.a(timer.o)
                                         0xbc (size before relaxing)
 .eh_frame      0x0000000000028760       0x60 obj_cooja/mtype93.a(serial-line.o)
                                         0x78 (size before relaxing)
 .eh_frame      0x00000000000287c0      0x180 obj_cooja/mtype93.a(list.o)
                                        0x198 (size before relaxing)
 .eh_frame      0x0000000000028940       0xa0 obj_cooja/mtype93.a(ringbuf.o)
                                         0xb8 (size before relaxing)
 .eh_frame      0x00000000000289e0      0x350 obj_cooja/mtype93.a(sicslowpan.o)
                                        0x368 (size before relaxing)
 .eh_frame      0x0000000000028d30      0x180 obj_cooja/mtype93.a(uip-ds6-nbr.o)
                                        0x198 (size before relaxing)
 .eh_frame      0x0000000000028eb0      0x2a0 obj_cooja/mtype93.a(uip-ds6-route.o)
                                        0x2b8 (size before relaxing)
 .eh_frame      0x0000000000029150      0x3c8 obj_cooja/mtype93.a(uip-ds6.o)
                                        0x3e0 (size before relaxing)
 .eh_frame      0x0000000000029518      0x27c obj_cooja/mtype93.a(uip6.o)
                                        0x294 (size before relaxing)
 .eh_frame      0x0000000000029794      0x270 obj_cooja/mtype93.a(tcpip.o)
                                        0x288 (size before relaxing)
 .eh_frame      0x0000000000029a04       0x48 obj_cooja/mtype93.a(uip-debug.o)
                                         0x60 (size before relaxing)
 .eh_frame      0x0000000000029a4c       0xe0 obj_cooja/mtype93.a(uip-packetqueue)
                                         0xf8 (size before relaxing)
 .eh_frame      0x0000000000029b2c       0x40 obj_cooja/mtype93.a(uip-udp-packet.)
                                         0x58 (size before relaxing)
 .eh_frame      0x0000000000029b6c      0x74c obj_cooja/mtype93.a(rpl-dag.o)
                                        0x764 (size before relaxing)
 .eh_frame      0x000000000002a2b8      0x10c obj_cooja/mtype93.a(rpl-ext-header.)
                                        0x124 (size before relaxing)
 .eh_frame      0x000000000002a3c4      0x2b8 obj_cooja/mtype93.a(rpl-icmp6.o)
                                        0x2d0 (size before relaxing)
 .eh_frame      0x000000000002a67c       0xe0 obj_cooja/mtype93.a(rpl-mrhof.o)
                                         0xf8 (size before relaxing)
 .eh_frame      0x000000000002a75c      0x20c obj_cooja/mtype93.a(rpl-timers.o)
                                        0x224 (size before relaxing)
 .eh_frame      0x000000000002a968      0x148 obj_cooja/mtype93.a(rpl.o)
                                        0x160 (size before relaxing)
 .eh_frame      0x000000000002aab0      0x108 obj_cooja/mtype93.a(framer-802154.o)
                                        0x120 (size before relaxing)
 .eh_frame      0x000000000002abb8       0xc0 obj_cooja/mtype93.a(nullmac.o)
                                         0xd8 (size before relaxing)
 .eh_frame      0x000000000002ac78      0x16c obj_cooja/mtype93.a(nullrdc.o)
                                        0x184 (size before relaxing)
 .eh_frame      0x000000000002ade4       0x80 obj_cooja/mtype93.a(linkaddr.o)
                                         0x98 (size before relaxing)
 .eh_frame      0x000000000002ae64      0x2cc obj_cooja/mtype93.a(nbr-table.o)
                                        0x2e4 (size before relaxing)
 .eh_frame      0x000000000002b130       0x20 obj_cooja/mtype93.a(netstack.o)
                                         0x38 (size before relaxing)
 .eh_frame      0x000000000002b150      0x214 obj_cooja/mtype93.a(packetbuf.o)
                                        0x22c (size before relaxing)
 .eh_frame      0x000000000002b364      0x1a0 obj_cooja/mtype93.a(queuebuf.o)
                                        0x1b8 (size before relaxing)
 .eh_frame      0x000000000002b504       0x80 obj_cooja/mtype93.a(nullsec.o)
                                         0x98 (size before relaxing)
 .eh_frame      0x000000000002b584       0xa0 obj_cooja/mtype93.a(watchdog.o)
                                         0xb8 (size before relaxing)
 .eh_frame      0x000000000002b624       0xa0 obj_cooja/mtype93.a(memb.o)
                                         0xb8 (size before relaxing)
 .eh_frame      0x000000000002b6c4      0x164 obj_cooja/mtype93.a(uip-icmp6.o)
                                        0x17c (size before relaxing)
 .eh_frame      0x000000000002b828       0x68 obj_cooja/mtype93.a(uip-nd6.o)
                                         0x80 (size before relaxing)
 .eh_frame      0x000000000002b890       0xc0 obj_cooja/mtype93.a(rpl-nbr-policy.)
                                         0xd8 (size before relaxing)
 .eh_frame      0x000000000002b950      0x164 obj_cooja/mtype93.a(frame802154.o)
                                        0x17c (size before relaxing)
 .eh_frame      0x000000000002bab4       0x88 obj_cooja/mtype93.a(mac-sequence.o)
                                         0xa0 (size before relaxing)
 .eh_frame      0x000000000002bb3c       0x20 obj_cooja/mtype93.a(mac.o)
                                         0x38 (size before relaxing)
 .eh_frame      0x000000000002bb5c        0x4 /usr/lib/gcc/i686-linux-gnu/4.8/crtendS.o

.gcc_except_table
 *(.gcc_except_table .gcc_except_table.*)

.exception_ranges
 *(.exception_ranges .exception_ranges*)
                0x000000000002bb60                . = (ALIGN (0x1000) - ((0x1000 - .) & 0xfff))
                0x000000000002cef8                . = DATA_SEGMENT_ALIGN (0x1000, 0x1000)

.eh_frame
 *(.eh_frame)

.gcc_except_table
 *(.gcc_except_table .gcc_except_table.*)

.exception_ranges
 *(.exception_ranges .exception_ranges*)

.tdata
 *(.tdata .tdata.* .gnu.linkonce.td.*)

.tbss
 *(.tbss .tbss.* .gnu.linkonce.tb.*)
 *(.tcommon)

.preinit_array
 *(.preinit_array)

.init_array     0x000000000002cef8        0x4
 *(SORT(.init_array.*) SORT(.ctors.*))
 *(.init_array EXCLUDE_FILE(*crtend?.o *crtend.o *crtbegin?.o *crtbegin.o) .ctors)
 .init_array    0x000000000002cef8        0x4 /usr/lib/gcc/i686-linux-gnu/4.8/crtbeginS.o

.fini_array     0x000000000002cefc        0x4
 *(SORT(.fini_array.*) SORT(.dtors.*))
 *(.fini_array EXCLUDE_FILE(*crtend?.o *crtend.o *crtbegin?.o *crtbegin.o) .dtors)
 .fini_array    0x000000000002cefc        0x4 /usr/lib/gcc/i686-linux-gnu/4.8/crtbeginS.o

.ctors
 *crtbegin.o(.ctors)
 *crtbegin?.o(.ctors)
 *(EXCLUDE_FILE(*crtend?.o *crtend.o) .ctors)
 *(SORT(.ctors.*))
 *(.ctors)

.dtors
 *crtbegin.o(.dtors)
 *crtbegin?.o(.dtors)
 *(EXCLUDE_FILE(*crtend?.o *crtend.o) .dtors)
 *(SORT(.dtors.*))
 *(.dtors)

.jcr            0x000000000002cf00        0x4
 *(.jcr)
 .jcr           0x000000000002cf00        0x0 /usr/lib/gcc/i686-linux-gnu/4.8/crtbeginS.o
 .jcr           0x000000000002cf00        0x4 /usr/lib/gcc/i686-linux-gnu/4.8/crtendS.o

.data.rel.ro
 *(.data.rel.ro.local* .gnu.linkonce.d.rel.ro.local.*)
 *(.data.rel.ro .data.rel.ro.* .gnu.linkonce.d.rel.ro.*)

.dynamic        0x000000000002cf04       0xe8
 *(.dynamic)
 .dynamic       0x000000000002cf04       0xe8 /usr/lib/gcc/i686-linux-gnu/4.8/../../../i386-linux-gnu/crti.o
                0x000000000002cf04                _DYNAMIC

.got            0x000000000002cfec       0x14
 *(.got)
 .got           0x000000000002cfec       0x14 /usr/lib/gcc/i686-linux-gnu/4.8/../../../i386-linux-gnu/crti.o
 *(.igot)
                0x000000000002dff4                . = DATA_SEGMENT_RELRO_END (., (SIZEOF (.got.plt) >= 0xc)?0xc:0x0)

.got.plt        0x000000000002d000       0x14
 *(.got.plt)
 .got.plt       0x000000000002d000       0x14 /usr/lib/gcc/i686-linux-gnu/4.8/../../../i386-linux-gnu/crti.o
                0x000000000002d000                _GLOBAL_OFFSET_TABLE_
 *(.igot.plt)

.data           0x000000000002d020      0x246
 *(.data .data.* .gnu.linkonce.d.*)
 .data          0x000000000002d020        0x0 /usr/lib/gcc/i686-linux-gnu/4.8/../../../i386-linux-gnu/crti.o
 .data          0x000000000002d020        0x0 /usr/lib/gcc/i686-linux-gnu/4.8/crtbeginS.o
 .data.rel      0x000000000002d020        0x4 /usr/lib/gcc/i686-linux-gnu/4.8/crtbeginS.o
                0x000000000002d020                __dso_handle
 .data          0x000000000002d024       0x10 udp-client.co
                0x000000000002d024                udp_client_process
 *fill*         0x000000000002d034        0xc 
 .data          0x000000000002d040       0x44 obj_cooja/mtype93.o
                0x000000000002d040                simInterfaces
                0x000000000002d074                sensors
 .data          0x000000000002d084        0x0 obj_cooja/mtype93.a(simEnvChange.o)
 .data          0x000000000002d084        0x0 obj_cooja/mtype93.a(cooja_mt.o)
 .data          0x000000000002d084        0x0 obj_cooja/mtype93.a(cooja_mtarch.o)
 .data          0x000000000002d084        0x0 obj_cooja/mtype93.a(rtimer-arch.o)
 .data          0x000000000002d084        0x0 obj_cooja/mtype93.a(beep.o)
 .data          0x000000000002d084        0x0 obj_cooja/mtype93.a(button-sensor.o)
 .data          0x000000000002d084        0x0 obj_cooja/mtype93.a(leds-arch.o)
 .data          0x000000000002d084        0x0 obj_cooja/mtype93.a(moteid.o)
 .data          0x000000000002d084        0x0 obj_cooja/mtype93.a(pir-sensor.o)
 .data          0x000000000002d084        0x0 obj_cooja/mtype93.a(rs232.o)
 .data          0x000000000002d084        0x0 obj_cooja/mtype93.a(vib-sensor.o)
 .data          0x000000000002d084        0x0 obj_cooja/mtype93.a(clock.o)
 .data          0x000000000002d084        0x0 obj_cooja/mtype93.a(log.o)
 .data          0x000000000002d084        0x0 obj_cooja/mtype93.a(cfs-cooja.o)
 .data          0x000000000002d084       0x40 obj_cooja/mtype93.a(cooja-radio.o)
                0x000000000002d084                simRadioChannelLR
                0x000000000002d088                simRadioHWOnLR
                0x000000000002d08c                simSignalStrengthLR
                0x000000000002d090                simLastSignalStrengthLR
                0x000000000002d094                simPowerLR
                0x000000000002d098                simLQILR
                0x000000000002d09c                simRadioChannel
                0x000000000002d0a0                simRadioHWOn
                0x000000000002d0a4                simSignalStrength
                0x000000000002d0a8                simLastSignalStrength
                0x000000000002d0ac                simPower
                0x000000000002d0b0                simLQI
                0x000000000002d0b4                cooja_radio_process
 .data          0x000000000002d0c4        0x0 obj_cooja/mtype93.a(eeprom.o)
 .data          0x000000000002d0c4        0x0 obj_cooja/mtype93.a(random.o)
 .data          0x000000000002d0c4       0x10 obj_cooja/mtype93.a(sensors.o)
                0x000000000002d0c4                sensors_process
 .data          0x000000000002d0d4       0x24 obj_cooja/mtype93.a(dual_conf.o)
                0x000000000002d0d4                radio_received
                0x000000000002d0d8                dual_dio_broadcast
                0x000000000002d0e8                dual_dis_broadcast
 .data          0x000000000002d0f8        0x0 obj_cooja/mtype93.a(autostart.o)
 .data          0x000000000002d0f8       0x14 obj_cooja/mtype93.a(ctimer.o)
                0x000000000002d0fc                ctimer_process
 .data          0x000000000002d10c       0x10 obj_cooja/mtype93.a(etimer.o)
                0x000000000002d10c                etimer_process
 .data          0x000000000002d11c        0x0 obj_cooja/mtype93.a(log_message.o)
 .data          0x000000000002d11c        0x0 obj_cooja/mtype93.a(process.o)
 .data          0x000000000002d11c        0x0 obj_cooja/mtype93.a(residual.o)
 .data          0x000000000002d11c        0x0 obj_cooja/mtype93.a(rtimer.o)
 .data          0x000000000002d11c        0x0 obj_cooja/mtype93.a(stimer.o)
 .data          0x000000000002d11c        0x0 obj_cooja/mtype93.a(timer.o)
 .data          0x000000000002d11c       0x10 obj_cooja/mtype93.a(serial-line.o)
                0x000000000002d11c                serial_line_process
 .data          0x000000000002d12c        0x0 obj_cooja/mtype93.a(list.o)
 .data          0x000000000002d12c        0x0 obj_cooja/mtype93.a(ringbuf.o)
 .data          0x000000000002d12c        0x0 obj_cooja/mtype93.a(sicslowpan.o)
 .data          0x000000000002d12c       0x14 obj_cooja/mtype93.a(uip-ds6-nbr.o)
                0x000000000002d13c                ds6_neighbors
 .data          0x000000000002d140       0x44 obj_cooja/mtype93.a(uip-ds6-route.o)
                0x000000000002d150                nbr_routes
 .data          0x000000000002d184        0x0 obj_cooja/mtype93.a(uip-ds6.o)
 .data          0x000000000002d184        0x0 obj_cooja/mtype93.a(uip6.o)
 .data          0x000000000002d184       0x10 obj_cooja/mtype93.a(tcpip.o)
                0x000000000002d184                tcpip_process
 .data          0x000000000002d194        0x0 obj_cooja/mtype93.a(uip-debug.o)
 .data          0x000000000002d194        0xc obj_cooja/mtype93.a(uip-packetqueue)
 .data          0x000000000002d1a0        0x0 obj_cooja/mtype93.a(uip-udp-packet.)
 .data          0x000000000002d1a0       0x28 obj_cooja/mtype93.a(rpl-dag.o)
                0x000000000002d1b0                rpl_parents
                0x000000000002d1c4                rpl_children
 .data          0x000000000002d1c8        0x0 obj_cooja/mtype93.a(rpl-ext-header.)
 .data          0x000000000002d1c8       0x34 obj_cooja/mtype93.a(rpl-icmp6.o)
 .data          0x000000000002d1fc       0x1c obj_cooja/mtype93.a(rpl-mrhof.o)
                0x000000000002d1fc                rpl_mrhof
 .data          0x000000000002d218        0x0 obj_cooja/mtype93.a(rpl-timers.o)
 .data          0x000000000002d218        0x0 obj_cooja/mtype93.a(rpl.o)
 .data          0x000000000002d218        0x0 obj_cooja/mtype93.a(framer-802154.o)
 .data          0x000000000002d218        0x0 obj_cooja/mtype93.a(nullmac.o)
 .data          0x000000000002d218        0x0 obj_cooja/mtype93.a(nullrdc.o)
 .data          0x000000000002d218        0x0 obj_cooja/mtype93.a(linkaddr.o)
 .data          0x000000000002d218       0x10 obj_cooja/mtype93.a(nbr-table.o)
 .data          0x000000000002d228        0x0 obj_cooja/mtype93.a(netstack.o)
 .data          0x000000000002d228        0x4 obj_cooja/mtype93.a(packetbuf.o)
 .data          0x000000000002d22c       0x18 obj_cooja/mtype93.a(queuebuf.o)
 .data          0x000000000002d244        0x0 obj_cooja/mtype93.a(nullsec.o)
 .data          0x000000000002d244        0x0 obj_cooja/mtype93.a(watchdog.o)
 .data          0x000000000002d244        0x0 obj_cooja/mtype93.a(rimestats.o)
 .data          0x000000000002d244        0x0 obj_cooja/mtype93.a(memb.o)
 .data          0x000000000002d244       0x20 obj_cooja/mtype93.a(uip-icmp6.o)
 .data          0x000000000002d264        0x0 obj_cooja/mtype93.a(uip-nd6.o)
 .data          0x000000000002d264        0x0 obj_cooja/mtype93.a(rpl-nbr-policy.)
 .data          0x000000000002d264        0x2 obj_cooja/mtype93.a(frame802154.o)
 .data          0x000000000002d266        0x0 obj_cooja/mtype93.a(mac-sequence.o)
 .data          0x000000000002d266        0x0 obj_cooja/mtype93.a(mac.o)
 .data          0x000000000002d266        0x0 /usr/lib/gcc/i686-linux-gnu/4.8/crtendS.o
 .data          0x000000000002d266        0x0 /usr/lib/gcc/i686-linux-gnu/4.8/../../../i386-linux-gnu/crtn.o

.tm_clone_table
                0x000000000002d268        0x0
 .tm_clone_table
                0x000000000002d268        0x0 /usr/lib/gcc/i686-linux-gnu/4.8/crtbeginS.o
 .tm_clone_table
                0x000000000002d268        0x0 /usr/lib/gcc/i686-linux-gnu/4.8/crtendS.o

.data1
 *(.data1)
                0x000000000002d268                _edata = .
                0x000000000002d268                PROVIDE (edata, .)
                0x000000000002d268                . = .
                0x000000000002d268                __bss_start = .

.bss            0x000000000002d280     0x8968
 *(.dynbss)
 .dynbss        0x0000000000000000        0x0 /usr/lib/gcc/i686-linux-gnu/4.8/../../../i386-linux-gnu/crti.o
 *(.bss .bss.* .gnu.linkonce.b.*)
 .bss           0x000000000002d280        0x0 /usr/lib/gcc/i686-linux-gnu/4.8/../../../i386-linux-gnu/crti.o
 .bss           0x000000000002d280        0x1 /usr/lib/gcc/i686-linux-gnu/4.8/crtbeginS.o
 *fill*         0x000000000002d281       0x1f 
 .bss           0x000000000002d2a0       0x60 udp-client.co
                0x000000000002d2a0                my_weight
 .bss           0x000000000002d300     0x2030 obj_cooja/mtype93.o
 .bss           0x000000000002f330        0x1 obj_cooja/mtype93.a(simEnvChange.o)
                0x000000000002f330                simDontFallAsleep
 *fill*         0x000000000002f331        0x3 
 .bss           0x000000000002f334        0x4 obj_cooja/mtype93.a(cooja_mt.o)
 .bss           0x000000000002f338        0x4 obj_cooja/mtype93.a(cooja_mtarch.o)
 .bss           0x000000000002f33c        0xc obj_cooja/mtype93.a(rtimer-arch.o)
 .bss           0x000000000002f348        0x0 obj_cooja/mtype93.a(beep.o)
 .bss           0x000000000002f348        0x8 obj_cooja/mtype93.a(button-sensor.o)
 .bss           0x000000000002f350        0x0 obj_cooja/mtype93.a(leds-arch.o)
 .bss           0x000000000002f350        0x0 obj_cooja/mtype93.a(moteid.o)
 .bss           0x000000000002f350        0x1 obj_cooja/mtype93.a(pir-sensor.o)
                0x000000000002f350                simPirValue
 *fill*         0x000000000002f351        0x3 
 .bss           0x000000000002f354        0x4 obj_cooja/mtype93.a(rs232.o)
 .bss           0x000000000002f358        0x1 obj_cooja/mtype93.a(vib-sensor.o)
                0x000000000002f358                simVibValue
 .bss           0x000000000002f359        0x0 obj_cooja/mtype93.a(clock.o)
 *fill*         0x000000000002f359        0x7 
 .bss           0x000000000002f360      0x420 obj_cooja/mtype93.a(log.o)
 .bss           0x000000000002f780      0xfc0 obj_cooja/mtype93.a(cfs-cooja.o)
                0x000000000002f780                simCFSData
                0x0000000000030720                simCFSSize
                0x0000000000030724                simCFSChanged
                0x0000000000030728                simCFSRead
                0x000000000003072c                simCFSWritten
 .bss           0x0000000000030740       0x24 obj_cooja/mtype93.a(cooja-radio.o)
                0x0000000000030740                simReceivingLR
                0x0000000000030744                simInSizeLR
                0x0000000000030748                simOutSizeLR
                0x000000000003074c                simReceiving
                0x0000000000030750                simInSize
                0x0000000000030754                simOutSize
                0x0000000000030758                LongRangeTransmit
                0x000000000003075c                LongRangeReceiving
 .bss           0x0000000000030764        0xc obj_cooja/mtype93.a(eeprom.o)
                0x0000000000030764                simEEPROMChanged
                0x0000000000030768                simEEPROMRead
                0x000000000003076c                simEEPROMWritten
 .bss           0x0000000000030770        0x0 obj_cooja/mtype93.a(random.o)
 .bss           0x0000000000030770        0xc obj_cooja/mtype93.a(sensors.o)
 .bss           0x000000000003077c       0x28 obj_cooja/mtype93.a(dual_conf.o)
                0x000000000003077c                long_range_radio
 .bss           0x00000000000307a4        0x0 obj_cooja/mtype93.a(autostart.o)
 .bss           0x00000000000307a4        0x5 obj_cooja/mtype93.a(ctimer.o)
 *fill*         0x00000000000307a9        0x3 
 .bss           0x00000000000307ac        0x8 obj_cooja/mtype93.a(etimer.o)
 .bss           0x00000000000307b4        0x0 obj_cooja/mtype93.a(log_message.o)
 *fill*         0x00000000000307b4        0xc 
 .bss           0x00000000000307c0      0x1b1 obj_cooja/mtype93.a(process.o)
                0x00000000000307c0                process_list
                0x00000000000307c4                process_current
 .bss           0x0000000000030971        0x0 obj_cooja/mtype93.a(residual.o)
 *fill*         0x0000000000030971        0x3 
 .bss           0x0000000000030974        0x4 obj_cooja/mtype93.a(rtimer.o)
 .bss           0x0000000000030978        0x0 obj_cooja/mtype93.a(stimer.o)
 .bss           0x0000000000030978        0x0 obj_cooja/mtype93.a(timer.o)
 *fill*         0x0000000000030978        0x8 
 .bss           0x0000000000030980      0x140 obj_cooja/mtype93.a(serial-line.o)
 .bss           0x0000000000030ac0        0x0 obj_cooja/mtype93.a(list.o)
 .bss           0x0000000000030ac0        0x0 obj_cooja/mtype93.a(ringbuf.o)
 .bss           0x0000000000030ac0      0x70c obj_cooja/mtype93.a(sicslowpan.o)
 *fill*         0x00000000000311cc       0x14 
 .bss           0x00000000000311e0      0x2d0 obj_cooja/mtype93.a(uip-ds6-nbr.o)
 *fill*         0x00000000000314b0       0x10 
 .bss           0x00000000000314c0      0x568 obj_cooja/mtype93.a(uip-ds6-route.o)
 .bss           0x0000000000031a28       0x30 obj_cooja/mtype93.a(uip-ds6.o)
 .bss           0x0000000000031a58        0xe obj_cooja/mtype93.a(uip6.o)
                0x0000000000031a58                uip_ext_bitmap
                0x0000000000031a59                uip_ext_len
                0x0000000000031a5a                uip_ext_opt_offset
 *fill*         0x0000000000031a66       0x1a 
 .bss           0x0000000000031a80       0x6b obj_cooja/mtype93.a(tcpip.o)
 .bss           0x0000000000031aeb        0x0 obj_cooja/mtype93.a(uip-debug.o)
 *fill*         0x0000000000031aeb       0x15 
 .bss           0x0000000000031b00      0xcf8 obj_cooja/mtype93.a(uip-packetqueue)
 .bss           0x00000000000327f8        0x0 obj_cooja/mtype93.a(uip-udp-packet.)
 *fill*         0x00000000000327f8        0x8 
 .bss           0x0000000000032800      0x1fe obj_cooja/mtype93.a(rpl-dag.o)
 .bss           0x00000000000329fe        0x0 obj_cooja/mtype93.a(rpl-ext-header.)
 .bss           0x00000000000329fe        0x0 obj_cooja/mtype93.a(rpl-icmp6.o)
 .bss           0x00000000000329fe        0x0 obj_cooja/mtype93.a(rpl-mrhof.o)
 *fill*         0x00000000000329fe        0x2 
 .bss           0x0000000000032a00       0x23 obj_cooja/mtype93.a(rpl-timers.o)
 *fill*         0x0000000000032a23        0x1 
 .bss           0x0000000000032a24        0x4 obj_cooja/mtype93.a(rpl.o)
 .bss           0x0000000000032a28        0x2 obj_cooja/mtype93.a(framer-802154.o)
 .bss           0x0000000000032a2a        0x0 obj_cooja/mtype93.a(nullmac.o)
 .bss           0x0000000000032a2a        0x0 obj_cooja/mtype93.a(nullrdc.o)
 .bss           0x0000000000032a2a        0x0 obj_cooja/mtype93.a(linkaddr.o)
 *fill*         0x0000000000032a2a       0x16 
 .bss           0x0000000000032a40      0x20c obj_cooja/mtype93.a(nbr-table.o)
 .bss           0x0000000000032c4c        0x0 obj_cooja/mtype93.a(netstack.o)
 *fill*         0x0000000000032c4c       0x14 
 .bss           0x0000000000032c60       0xa0 obj_cooja/mtype93.a(packetbuf.o)
 .bss           0x0000000000032d00      0xb80 obj_cooja/mtype93.a(queuebuf.o)
 .bss           0x0000000000033880        0x0 obj_cooja/mtype93.a(nullsec.o)
 .bss           0x0000000000033880        0x0 obj_cooja/mtype93.a(watchdog.o)
 .bss           0x0000000000033880        0x0 obj_cooja/mtype93.a(rimestats.o)
 .bss           0x0000000000033880        0x0 obj_cooja/mtype93.a(memb.o)
 .bss           0x0000000000033880       0x18 obj_cooja/mtype93.a(uip-icmp6.o)
 .bss           0x0000000000033898        0x0 obj_cooja/mtype93.a(uip-nd6.o)
 *fill*         0x0000000000033898        0x8 
 .bss           0x00000000000338a0       0x44 obj_cooja/mtype93.a(rpl-nbr-policy.)
 .bss           0x00000000000338e4        0x0 obj_cooja/mtype93.a(frame802154.o)
 *fill*         0x00000000000338e4       0x1c 
 .bss           0x0000000000033900       0x90 obj_cooja/mtype93.a(mac-sequence.o)
 .bss           0x0000000000033990        0x0 obj_cooja/mtype93.a(mac.o)
 .bss           0x0000000000033990        0x0 /usr/lib/gcc/i686-linux-gnu/4.8/crtendS.o
 .bss           0x0000000000033990        0x0 /usr/lib/gcc/i686-linux-gnu/4.8/../../../i386-linux-gnu/crtn.o
 *(COMMON)
 COMMON         0x0000000000033990       0x48 udp-client.co
                0x0000000000033990                dio_count
                0x0000000000033994                dis_count
                0x0000000000033998                collision_count
                0x000000000003399c                transmission_count
                0x00000000000339a0                COOJA_radioRxLong
                0x00000000000339a4                control_message_count
                0x00000000000339a8                dao_count
                0x00000000000339ac                COOJA_radioTx
                0x00000000000339b0                data_relay_count
                0x00000000000339b4                data_message_count
                0x00000000000339b8                my_sink_reachability
                0x00000000000339bc                COOJA_radioTxLong
                0x00000000000339c0                COOJA_radioRx
                0x00000000000339c4                my_parent_number
                0x00000000000339c8                COOJA_radioOn
                0x00000000000339cc                COOJA_duration
                0x00000000000339d0                dio_ack_count
                0x00000000000339d4                COOJA_radioOnLong
 COMMON         0x00000000000339d8        0xc obj_cooja/mtype93.o
                0x00000000000339d8                referenceVar
                0x00000000000339dc                debugfp
                0x00000000000339e0                sensors_flags
 COMMON         0x00000000000339e4        0xc obj_cooja/mtype93.a(simEnvChange.o)
                0x00000000000339e4                simEtimerPending
                0x00000000000339e8                simProcessRunValue
                0x00000000000339ec                simNextExpirationTime
 COMMON         0x00000000000339f0        0x1 obj_cooja/mtype93.a(beep.o)
                0x00000000000339f0                simBeeped
 COMMON         0x00000000000339f1        0x3 obj_cooja/mtype93.a(button-sensor.o)
                0x00000000000339f1                simButtonIsActive
                0x00000000000339f2                simButtonIsDown
                0x00000000000339f3                simButtonChanged
 COMMON         0x00000000000339f4        0x1 obj_cooja/mtype93.a(leds-arch.o)
                0x00000000000339f4                simLedsValue
 *fill*         0x00000000000339f5        0x3 
 COMMON         0x00000000000339f8        0xc obj_cooja/mtype93.a(moteid.o)
                0x00000000000339f8                simRandomSeed
                0x00000000000339fc                simMoteIDChanged
                0x0000000000033a00                simMoteID
 COMMON         0x0000000000033a04        0x2 obj_cooja/mtype93.a(pir-sensor.o)
                0x0000000000033a04                simPirIsActive
                0x0000000000033a05                simPirChanged
 *fill*         0x0000000000033a06       0x1a 
 COMMON         0x0000000000033a20      0x820 obj_cooja/mtype93.a(rs232.o)
                0x0000000000033a20                simSerialReceivingFlag
                0x0000000000033a24                simSerialReceivingLength
                0x0000000000033a40                simSerialReceivingData
 COMMON         0x0000000000034240        0x2 obj_cooja/mtype93.a(vib-sensor.o)
                0x0000000000034240                simVibChanged
                0x0000000000034241                simVibIsActive
 *fill*         0x0000000000034242        0x2 
 COMMON         0x0000000000034244        0x4 obj_cooja/mtype93.a(clock.o)
                0x0000000000034244                simCurrentTime
 *fill*         0x0000000000034248       0x18 
 COMMON         0x0000000000034260      0x420 obj_cooja/mtype93.a(log.o)
                0x0000000000034260                simLoggedLength
                0x0000000000034264                simLoggedFlag
                0x0000000000034280                simLoggedData
 COMMON         0x0000000000034680      0x240 obj_cooja/mtype93.a(cooja-radio.o)
                0x0000000000034680                simOutDataBuffer
                0x0000000000034700                simRadioTarget
                0x0000000000034720                simInDataBufferLR
                0x00000000000347a0                simOutDataBufferLR
                0x0000000000034820                dual_duty_cycle_count
                0x0000000000034840                simInDataBuffer
 COMMON         0x00000000000348c0      0x400 obj_cooja/mtype93.a(eeprom.o)
                0x00000000000348c0                simEEPROMData
 COMMON         0x0000000000034cc0        0x1 obj_cooja/mtype93.a(sensors.o)
                0x0000000000034cc0                sensors_event
 *fill*         0x0000000000034cc1        0x3 
 COMMON         0x0000000000034cc4        0x4 obj_cooja/mtype93.a(log_message.o)
                0x0000000000034cc4                log_fp
 COMMON         0x0000000000034cc8        0x1 obj_cooja/mtype93.a(serial-line.o)
                0x0000000000034cc8                serial_line_event_message
 *fill*         0x0000000000034cc9       0x17 
 COMMON         0x0000000000034ce0      0x12c obj_cooja/mtype93.a(uip-ds6-nbr.o)
                0x0000000000034ce0                ds6_lr_addrmap
 *fill*         0x0000000000034e0c       0x14 
 COMMON         0x0000000000034e20      0x298 obj_cooja/mtype93.a(uip-ds6.o)
                0x0000000000034e20                uip_ds6_prefix_list
                0x0000000000034e80                uip_ds6_timer_periodic
                0x0000000000034e90                uip_ds6_netif_addr_list_offset
                0x0000000000034ea0                uip_ds6_if
                0x0000000000034f98                uip_ds6_timer_ra
                0x0000000000034fa0                uip_ds6_addr_size
                0x0000000000034fc0                long_uip_ds6_if
 *fill*         0x00000000000350b8        0x8 
 COMMON         0x00000000000350c0      0x8ec obj_cooja/mtype93.a(uip6.o)
                0x00000000000350c0                uip_slen
                0x00000000000350c2                uip_acc32
                0x00000000000350e0                uip_conns
                0x00000000000351a0                uip_lladdr
                0x00000000000351a8                uip_appdata
                0x00000000000351ac                uip_flags
                0x00000000000351c0                uip_aligned_buf
                0x0000000000035800                uip_listenports
                0x0000000000035810                uip_len
                0x0000000000035812                uip_long_lladdr
                0x000000000003581c                uip_sappdata
                0x0000000000035820                uip_udp_conns
                0x00000000000359a0                uip_udp_conn
                0x00000000000359a4                uip_next_hdr
                0x00000000000359a8                uip_conn
 COMMON         0x00000000000359ac        0x1 obj_cooja/mtype93.a(tcpip.o)
                0x00000000000359ac                tcpip_event
 *fill*         0x00000000000359ad       0x13 
 COMMON         0x00000000000359c0      0x198 obj_cooja/mtype93.a(rpl-dag.o)
                0x00000000000359c0                default_instance
                0x00000000000359e0                instance_table
 COMMON         0x0000000000035b58       0x10 obj_cooja/mtype93.a(linkaddr.o)
                0x0000000000035b58                linkaddr_node_addr
                0x0000000000035b60                long_linkaddr_node_addr
 COMMON         0x0000000000035b68       0x2e obj_cooja/mtype93.a(packetbuf.o)
                0x0000000000035b68                packetbuf_attrs
                0x0000000000035b86                packetbuf_addrs
 *fill*         0x0000000000035b96        0xa 
 COMMON         0x0000000000035ba0       0x48 obj_cooja/mtype93.a(rimestats.o)
                0x0000000000035ba0                rimestats
                0x0000000000035be8                . = ALIGN ((. != 0x0)?0x4:0x1)
                0x0000000000035be8                . = ALIGN (0x4)
                0x0000000000035be8                . = SEGMENT_START ("ldata-segment", .)
                0x0000000000035be8                . = ALIGN (0x4)
                0x0000000000035be8                _end = .
                0x0000000000035be8                PROVIDE (end, .)
                0x0000000000035be8                . = DATA_SEGMENT_END (.)

.stab
 *(.stab)

.stabstr
 *(.stabstr)

.stab.excl
 *(.stab.excl)

.stab.exclstr
 *(.stab.exclstr)

.stab.index
 *(.stab.index)

.stab.indexstr
 *(.stab.indexstr)

.comment        0x0000000000000000       0x54
 *(.comment)
 .comment       0x0000000000000000       0x29 /usr/lib/gcc/i686-linux-gnu/4.8/crtbeginS.o
                                         0x2a (size before relaxing)
 .comment       0x0000000000000000       0x2a udp-client.co
 .comment       0x0000000000000000       0x2a obj_cooja/mtype93.o
 .comment       0x0000000000000000       0x2a obj_cooja/mtype93.a(simEnvChange.o)
 .comment       0x0000000000000000       0x2a obj_cooja/mtype93.a(cooja_mt.o)
 .comment       0x0000000000000000       0x2a obj_cooja/mtype93.a(cooja_mtarch.o)
 .comment       0x0000000000000000       0x2a obj_cooja/mtype93.a(rtimer-arch.o)
 .comment       0x0000000000000000       0x2a obj_cooja/mtype93.a(beep.o)
 .comment       0x0000000000000000       0x2a obj_cooja/mtype93.a(button-sensor.o)
 .comment       0x0000000000000000       0x2a obj_cooja/mtype93.a(leds-arch.o)
 .comment       0x0000000000000000       0x2a obj_cooja/mtype93.a(moteid.o)
 .comment       0x0000000000000000       0x2a obj_cooja/mtype93.a(pir-sensor.o)
 .comment       0x0000000000000000       0x2a obj_cooja/mtype93.a(rs232.o)
 .comment       0x0000000000000000       0x2a obj_cooja/mtype93.a(vib-sensor.o)
 .comment       0x0000000000000000       0x2a obj_cooja/mtype93.a(clock.o)
 .comment       0x0000000000000000       0x2a obj_cooja/mtype93.a(log.o)
 .comment       0x0000000000000000       0x2a obj_cooja/mtype93.a(cfs-cooja.o)
 .comment       0x0000000000000000       0x2a obj_cooja/mtype93.a(cooja-radio.o)
 .comment       0x0000000000000000       0x2a obj_cooja/mtype93.a(eeprom.o)
 .comment       0x0000000000000000       0x2a obj_cooja/mtype93.a(random.o)
 .comment       0x0000000000000000       0x2a obj_cooja/mtype93.a(sensors.o)
 .comment       0x0000000000000000       0x2a obj_cooja/mtype93.a(dual_conf.o)
 .comment       0x0000000000000000       0x2a obj_cooja/mtype93.a(autostart.o)
 .comment       0x0000000000000000       0x2a obj_cooja/mtype93.a(ctimer.o)
 .comment       0x0000000000000000       0x2a obj_cooja/mtype93.a(etimer.o)
 .comment       0x0000000000000000       0x2a obj_cooja/mtype93.a(log_message.o)
 .comment       0x0000000000000000       0x2a obj_cooja/mtype93.a(process.o)
 .comment       0x0000000000000000       0x2a obj_cooja/mtype93.a(residual.o)
 .comment       0x0000000000000000       0x2a obj_cooja/mtype93.a(rtimer.o)
 .comment       0x0000000000000000       0x2a obj_cooja/mtype93.a(stimer.o)
 .comment       0x0000000000000000       0x2a obj_cooja/mtype93.a(timer.o)
 .comment       0x0000000000000000       0x2a obj_cooja/mtype93.a(serial-line.o)
 .comment       0x0000000000000029       0x2b obj_cooja/mtype93.a(list.o)
                                         0x2c (size before relaxing)
 .comment       0x0000000000000000       0x2a obj_cooja/mtype93.a(ringbuf.o)
 .comment       0x0000000000000000       0x2a obj_cooja/mtype93.a(sicslowpan.o)
 .comment       0x0000000000000000       0x2a obj_cooja/mtype93.a(uip-ds6-nbr.o)
 .comment       0x0000000000000000       0x2a obj_cooja/mtype93.a(uip-ds6-route.o)
 .comment       0x0000000000000000       0x2a obj_cooja/mtype93.a(uip-ds6.o)
 .comment       0x0000000000000000       0x2a obj_cooja/mtype93.a(uip6.o)
 .comment       0x0000000000000000       0x2a obj_cooja/mtype93.a(tcpip.o)
 .comment       0x0000000000000000       0x2a obj_cooja/mtype93.a(uip-debug.o)
 .comment       0x0000000000000000       0x2a obj_cooja/mtype93.a(uip-packetqueue)
 .comment       0x0000000000000000       0x2a obj_cooja/mtype93.a(uip-udp-packet.)
 .comment       0x0000000000000000       0x2a obj_cooja/mtype93.a(rpl-dag.o)
 .comment       0x0000000000000000       0x2a obj_cooja/mtype93.a(rpl-ext-header.)
 .comment       0x0000000000000000       0x2a obj_cooja/mtype93.a(rpl-icmp6.o)
 .comment       0x0000000000000000       0x2a obj_cooja/mtype93.a(rpl-mrhof.o)
 .comment       0x0000000000000000       0x2a obj_cooja/mtype93.a(rpl-timers.o)
 .comment       0x0000000000000000       0x2a obj_cooja/mtype93.a(rpl.o)
 .comment       0x0000000000000000       0x2a obj_cooja/mtype93.a(framer-802154.o)
 .comment       0x0000000000000000       0x2a obj_cooja/mtype93.a(nullmac.o)
 .comment       0x0000000000000000       0x2a obj_cooja/mtype93.a(nullrdc.o)
 .comment       0x0000000000000000       0x2a obj_cooja/mtype93.a(linkaddr.o)
 .comment       0x0000000000000000       0x2a obj_cooja/mtype93.a(nbr-table.o)
 .comment       0x0000000000000000       0x2a obj_cooja/mtype93.a(netstack.o)
 .comment       0x0000000000000000       0x2a obj_cooja/mtype93.a(packetbuf.o)
 .comment       0x0000000000000000       0x2a obj_cooja/mtype93.a(queuebuf.o)
 .comment       0x0000000000000000       0x2a obj_cooja/mtype93.a(nullsec.o)
 .comment       0x0000000000000000       0x2a obj_cooja/mtype93.a(watchdog.o)
 .comment       0x0000000000000000       0x2c obj_cooja/mtype93.a(rimestats.o)
 .comment       0x0000000000000000       0x2a obj_cooja/mtype93.a(memb.o)
 .comment       0x0000000000000000       0x2a obj_cooja/mtype93.a(uip-icmp6.o)
 .comment       0x0000000000000000       0x2a obj_cooja/mtype93.a(uip-nd6.o)
 .comment       0x0000000000000000       0x2a obj_cooja/mtype93.a(rpl-nbr-policy.)
 .comment       0x0000000000000000       0x2a obj_cooja/mtype93.a(frame802154.o)
 .comment       0x0000000000000000       0x2a obj_cooja/mtype93.a(mac-sequence.o)
 .comment       0x0000000000000000       0x2a obj_cooja/mtype93.a(mac.o)
 .comment       0x0000000000000000       0x2a /usr/lib/gcc/i686-linux-gnu/4.8/crtendS.o

.debug
 *(.debug)

.line
 *(.line)

.debug_srcinfo
 *(.debug_srcinfo)

.debug_sfnames
 *(.debug_sfnames)

.debug_aranges  0x0000000000000000      0x838
 *(.debug_aranges)
 .debug_aranges
                0x0000000000000000       0x20 udp-client.co
 .debug_aranges
                0x0000000000000020       0x20 obj_cooja/mtype93.o
 .debug_aranges
                0x0000000000000040       0x20 obj_cooja/mtype93.a(simEnvChange.o)
 .debug_aranges
                0x0000000000000060       0x20 obj_cooja/mtype93.a(cooja_mt.o)
 .debug_aranges
                0x0000000000000080       0x20 obj_cooja/mtype93.a(cooja_mtarch.o)
 .debug_aranges
                0x00000000000000a0       0x20 obj_cooja/mtype93.a(rtimer-arch.o)
 .debug_aranges
                0x00000000000000c0       0x20 obj_cooja/mtype93.a(beep.o)
 .debug_aranges
                0x00000000000000e0       0x20 obj_cooja/mtype93.a(button-sensor.o)
 .debug_aranges
                0x0000000000000100       0x20 obj_cooja/mtype93.a(leds-arch.o)
 .debug_aranges
                0x0000000000000120       0x20 obj_cooja/mtype93.a(moteid.o)
 .debug_aranges
                0x0000000000000140       0x20 obj_cooja/mtype93.a(pir-sensor.o)
 .debug_aranges
                0x0000000000000160       0x20 obj_cooja/mtype93.a(rs232.o)
 .debug_aranges
                0x0000000000000180       0x20 obj_cooja/mtype93.a(vib-sensor.o)
 .debug_aranges
                0x00000000000001a0       0x20 obj_cooja/mtype93.a(clock.o)
 .debug_aranges
                0x00000000000001c0       0x20 obj_cooja/mtype93.a(log.o)
 .debug_aranges
                0x00000000000001e0       0x20 obj_cooja/mtype93.a(cfs-cooja.o)
 .debug_aranges
                0x0000000000000200       0x20 obj_cooja/mtype93.a(cooja-radio.o)
 .debug_aranges
                0x0000000000000220       0x20 obj_cooja/mtype93.a(eeprom.o)
 .debug_aranges
                0x0000000000000240       0x20 obj_cooja/mtype93.a(random.o)
 .debug_aranges
                0x0000000000000260       0x20 obj_cooja/mtype93.a(sensors.o)
 .debug_aranges
                0x0000000000000280       0x20 obj_cooja/mtype93.a(dual_conf.o)
 .debug_aranges
                0x00000000000002a0       0x20 obj_cooja/mtype93.a(autostart.o)
 .debug_aranges
                0x00000000000002c0       0x20 obj_cooja/mtype93.a(ctimer.o)
 .debug_aranges
                0x00000000000002e0       0x20 obj_cooja/mtype93.a(etimer.o)
 .debug_aranges
                0x0000000000000300       0x20 obj_cooja/mtype93.a(log_message.o)
 .debug_aranges
                0x0000000000000320       0x20 obj_cooja/mtype93.a(process.o)
 .debug_aranges
                0x0000000000000340       0x20 obj_cooja/mtype93.a(residual.o)
 .debug_aranges
                0x0000000000000360       0x20 obj_cooja/mtype93.a(rtimer.o)
 .debug_aranges
                0x0000000000000380       0x20 obj_cooja/mtype93.a(stimer.o)
 .debug_aranges
                0x00000000000003a0       0x20 obj_cooja/mtype93.a(timer.o)
 .debug_aranges
                0x00000000000003c0       0x20 obj_cooja/mtype93.a(serial-line.o)
 .debug_aranges
                0x00000000000003e0       0x20 obj_cooja/mtype93.a(list.o)
 .debug_aranges
                0x0000000000000400       0x20 obj_cooja/mtype93.a(ringbuf.o)
 .debug_aranges
                0x0000000000000420       0x20 obj_cooja/mtype93.a(sicslowpan.o)
 .debug_aranges
                0x0000000000000440       0x20 obj_cooja/mtype93.a(uip-ds6-nbr.o)
 .debug_aranges
                0x0000000000000460       0x20 obj_cooja/mtype93.a(uip-ds6-route.o)
 .debug_aranges
                0x0000000000000480       0x20 obj_cooja/mtype93.a(uip-ds6.o)
 .debug_aranges
                0x00000000000004a0       0x20 obj_cooja/mtype93.a(uip6.o)
 .debug_aranges
                0x00000000000004c0       0x20 obj_cooja/mtype93.a(tcpip.o)
 .debug_aranges
                0x00000000000004e0       0x20 obj_cooja/mtype93.a(uip-debug.o)
 .debug_aranges
                0x0000000000000500       0x20 obj_cooja/mtype93.a(uip-packetqueue)
 .debug_aranges
                0x0000000000000520       0x20 obj_cooja/mtype93.a(uip-udp-packet.)
 .debug_aranges
                0x0000000000000540       0x20 obj_cooja/mtype93.a(rpl-dag.o)
 .debug_aranges
                0x0000000000000560       0x20 obj_cooja/mtype93.a(rpl-ext-header.)
 .debug_aranges
                0x0000000000000580       0x20 obj_cooja/mtype93.a(rpl-icmp6.o)
 .debug_aranges
                0x00000000000005a0       0x20 obj_cooja/mtype93.a(rpl-mrhof.o)
 .debug_aranges
                0x00000000000005c0       0x20 obj_cooja/mtype93.a(rpl-timers.o)
 .debug_aranges
                0x00000000000005e0       0x20 obj_cooja/mtype93.a(rpl.o)
 .debug_aranges
                0x0000000000000600       0x20 obj_cooja/mtype93.a(framer-802154.o)
 .debug_aranges
                0x0000000000000620       0x20 obj_cooja/mtype93.a(nullmac.o)
 .debug_aranges
                0x0000000000000640       0x20 obj_cooja/mtype93.a(nullrdc.o)
 .debug_aranges
                0x0000000000000660       0x20 obj_cooja/mtype93.a(linkaddr.o)
 .debug_aranges
                0x0000000000000680       0x20 obj_cooja/mtype93.a(nbr-table.o)
 .debug_aranges
                0x00000000000006a0       0x20 obj_cooja/mtype93.a(netstack.o)
 .debug_aranges
                0x00000000000006c0       0x20 obj_cooja/mtype93.a(packetbuf.o)
 .debug_aranges
                0x00000000000006e0       0x20 obj_cooja/mtype93.a(queuebuf.o)
 .debug_aranges
                0x0000000000000700       0x20 obj_cooja/mtype93.a(nullsec.o)
 .debug_aranges
                0x0000000000000720       0x20 obj_cooja/mtype93.a(watchdog.o)
 .debug_aranges
                0x0000000000000740       0x18 obj_cooja/mtype93.a(rimestats.o)
 .debug_aranges
                0x0000000000000758       0x20 obj_cooja/mtype93.a(memb.o)
 .debug_aranges
                0x0000000000000778       0x20 obj_cooja/mtype93.a(uip-icmp6.o)
 .debug_aranges
                0x0000000000000798       0x20 obj_cooja/mtype93.a(uip-nd6.o)
 .debug_aranges
                0x00000000000007b8       0x20 obj_cooja/mtype93.a(rpl-nbr-policy.)
 .debug_aranges
                0x00000000000007d8       0x20 obj_cooja/mtype93.a(frame802154.o)
 .debug_aranges
                0x00000000000007f8       0x20 obj_cooja/mtype93.a(mac-sequence.o)
 .debug_aranges
                0x0000000000000818       0x20 obj_cooja/mtype93.a(mac.o)

.debug_pubnames
 *(.debug_pubnames)

.debug_info     0x0000000000000000    0x1cb7b
 *(.debug_info .gnu.linkonce.wi.*)
 .debug_info    0x0000000000000000      0xa22 udp-client.co
 .debug_info    0x0000000000000a22     0x3ac4 obj_cooja/mtype93.o
 .debug_info    0x00000000000044e6      0x15a obj_cooja/mtype93.a(simEnvChange.o)
 .debug_info    0x0000000000004640      0x1e2 obj_cooja/mtype93.a(cooja_mt.o)
 .debug_info    0x0000000000004822      0x2e7 obj_cooja/mtype93.a(cooja_mtarch.o)
 .debug_info    0x0000000000004b09      0x16b obj_cooja/mtype93.a(rtimer-arch.o)
 .debug_info    0x0000000000004c74      0x1f3 obj_cooja/mtype93.a(beep.o)
 .debug_info    0x0000000000004e67      0x257 obj_cooja/mtype93.a(button-sensor.o)
 .debug_info    0x00000000000050be      0x132 obj_cooja/mtype93.a(leds-arch.o)
 .debug_info    0x00000000000051f0      0x10a obj_cooja/mtype93.a(moteid.o)
 .debug_info    0x00000000000052fa      0x216 obj_cooja/mtype93.a(pir-sensor.o)
 .debug_info    0x0000000000005510      0x21e obj_cooja/mtype93.a(rs232.o)
 .debug_info    0x000000000000572e      0x216 obj_cooja/mtype93.a(vib-sensor.o)
 .debug_info    0x0000000000005944      0x152 obj_cooja/mtype93.a(clock.o)
 .debug_info    0x0000000000005a96      0x2bb obj_cooja/mtype93.a(log.o)
 .debug_info    0x0000000000005d51      0x3cf obj_cooja/mtype93.a(cfs-cooja.o)
 .debug_info    0x0000000000006120      0xd30 obj_cooja/mtype93.a(cooja-radio.o)
 .debug_info    0x0000000000006e50      0x1d5 obj_cooja/mtype93.a(eeprom.o)
 .debug_info    0x0000000000007025       0xb3 obj_cooja/mtype93.a(random.o)
 .debug_info    0x00000000000070d8      0x36d obj_cooja/mtype93.a(sensors.o)
 .debug_info    0x0000000000007445      0xc68 obj_cooja/mtype93.a(dual_conf.o)
 .debug_info    0x00000000000080ad      0x1a5 obj_cooja/mtype93.a(autostart.o)
 .debug_info    0x0000000000008252      0x46c obj_cooja/mtype93.a(ctimer.o)