Archive member included to satisfy reference by file (symbol)

obj_cooja/mtype359.a(simEnvChange.o)
                              obj_cooja/mtype359.o (simDontFallAsleep)
obj_cooja/mtype359.a(cooja_mt.o)
                              obj_cooja/mtype359.o (cooja_mt_start)
obj_cooja/mtype359.a(cooja_mtarch.o)
                              obj_cooja/mtype359.a(cooja_mt.o) (cooja_mtarch_init)
obj_cooja/mtype359.a(rtimer-arch.o)
                              obj_cooja/mtype359.o (rtimer_arch_next)
obj_cooja/mtype359.a(beep.o)  obj_cooja/mtype359.o (beep_interface)
obj_cooja/mtype359.a(button-sensor.o)
                              obj_cooja/mtype359.o (button_interface)
obj_cooja/mtype359.a(leds-arch.o)
                              obj_cooja/mtype359.o (leds_interface)
obj_cooja/mtype359.a(moteid.o)
                              obj_cooja/mtype359.o (moteid_interface)
obj_cooja/mtype359.a(pir-sensor.o)
                              obj_cooja/mtype359.o (pir_interface)
obj_cooja/mtype359.a(rs232.o)
                              obj_cooja/mtype359.o (rs232_interface)
obj_cooja/mtype359.a(vib-sensor.o)
                              obj_cooja/mtype359.o (vib_interface)
obj_cooja/mtype359.a(clock.o)
                              obj_cooja/mtype359.o (clock_interface)
obj_cooja/mtype359.a(log.o)   obj_cooja/mtype359.o (simlog_interface)
obj_cooja/mtype359.a(cfs-cooja.o)
                              obj_cooja/mtype359.o (cfs_interface)
obj_cooja/mtype359.a(cooja-radio.o)
                              obj_cooja/mtype359.o (radio_interface)
obj_cooja/mtype359.a(eeprom.o)
                              obj_cooja/mtype359.o (eeprom_interface)
obj_cooja/mtype359.a(random.o)
                              obj_cooja/mtype359.a(moteid.o) (random_init)
obj_cooja/mtype359.a(sensors.o)
                              obj_cooja/mtype359.o (sensors_process)
obj_cooja/mtype359.a(dual_conf.o)
                              obj_cooja/mtype359.a(cooja-radio.o) (long_range_radio)
obj_cooja/mtype359.a(autostart.o)
                              obj_cooja/mtype359.o (autostart_start)
obj_cooja/mtype359.a(ctimer.o)
                              obj_cooja/mtype359.o (ctimer_init)
obj_cooja/mtype359.a(etimer.o)
                              obj_cooja/mtype359.o (etimer_process)
obj_cooja/mtype359.a(process.o)
                              udp-client.co (process_current)
obj_cooja/mtype359.a(rtimer.o)
                              obj_cooja/mtype359.a(rtimer-arch.o) (rtimer_run_next)
obj_cooja/mtype359.a(stimer.o)
                              udp-client.co (stimer_remaining)
obj_cooja/mtype359.a(timer.o)
                              obj_cooja/mtype359.a(button-sensor.o) (timer_set)
obj_cooja/mtype359.a(serial-line.o)
                              udp-client.co (serial_line_event_message)
obj_cooja/mtype359.a(list.o)  obj_cooja/mtype359.a(ctimer.o) (list_init)
obj_cooja/mtype359.a(ringbuf.o)
                              obj_cooja/mtype359.a(serial-line.o) (ringbuf_init)
obj_cooja/mtype359.a(sicslowpan.o)
                              obj_cooja/mtype359.o (sicslowpan_driver)
obj_cooja/mtype359.a(uip-ds6-nbr.o)
                              obj_cooja/mtype359.a(sicslowpan.o) (uip_ds6_link_neighbor_callback)
obj_cooja/mtype359.a(uip-ds6-route.o)
                              udp-client.co (uip_ds6_route_nexthop)
obj_cooja/mtype359.a(uip-ds6.o)
                              udp-client.co (uip_ds6_if)
obj_cooja/mtype359.a(uip6.o)  udp-client.co (uip_lladdr)
obj_cooja/mtype359.a(tcpip.o)
                              udp-client.co (tcpip_event)
obj_cooja/mtype359.a(uip-debug.o)
                              udp-client.co (uip_debug_ipaddr_print)
obj_cooja/mtype359.a(uip-packetqueue)
                              obj_cooja/mtype359.a(uip-ds6-nbr.o) (uip_packetqueue_new)
obj_cooja/mtype359.a(uip-udp-packet.)
                              udp-client.co (uip_udp_packet_sendto)
obj_cooja/mtype359.a(rpl-dag.o)
                              obj_cooja/mtype359.a(tcpip.o) (rpl_repair_root)
obj_cooja/mtype359.a(rpl-ext-header.)
                              obj_cooja/mtype359.a(uip6.o) (rpl_verify_header)
obj_cooja/mtype359.a(rpl-icmp6.o)
                              obj_cooja/mtype359.a(rpl-dag.o) (rpl_icmp6_update_nbr_table)
obj_cooja/mtype359.a(rpl-jkof.o)
                              obj_cooja/mtype359.a(rpl-dag.o) (rpl_jkof)
obj_cooja/mtype359.a(rpl-timers.o)
                              obj_cooja/mtype359.a(rpl-dag.o) (rpl_reset_dio_timer)
obj_cooja/mtype359.a(rpl.o)   obj_cooja/mtype359.a(rpl-icmp6.o) (rpl_get_mode)
obj_cooja/mtype359.a(framer-802154.o)
                              obj_cooja/mtype359.a(sicslowpan.o) (framer_802154)
obj_cooja/mtype359.a(nullmac.o)
                              obj_cooja/mtype359.o (nullmac_driver)
obj_cooja/mtype359.a(nullrdc.o)
                              obj_cooja/mtype359.o (nullrdc_driver)
obj_cooja/mtype359.a(linkaddr.o)
                              obj_cooja/mtype359.o (linkaddr_node_addr)
[...]
Memory Configuration

Name             Origin             Length             Attributes
*default*        0x0000000000000000 0xffffffffffffffff

Linker script and memory map

LOAD /usr/lib/gcc/i686-linux-gnu/4.8/../../../i386-linux-gnu/crti.o
LOAD /usr/lib/gcc/i686-linux-gnu/4.8/crtbeginS.o
LOAD udp-client.co
LOAD obj_cooja/mtype359.o
LOAD obj_cooja/mtype359.a
LOAD /usr/lib/gcc/i686-linux-gnu/4.8/libgcc.a
LOAD /usr/lib/gcc/i686-linux-gnu/4.8/libgcc_s.so
LOAD /usr/lib/gcc/i686-linux-gnu/4.8/../../../i386-linux-gnu/libc.so
START GROUP
LOAD /lib/i386-linux-gnu/libc.so.6
LOAD /usr/lib/i386-linux-gnu/libc_nonshared.a
LOAD /lib/i386-linux-gnu/ld-linux.so.2
END GROUP
LOAD /usr/lib/gcc/i686-linux-gnu/4.8/libgcc.a
LOAD /usr/lib/gcc/i686-linux-gnu/4.8/libgcc_s.so
LOAD /usr/lib/gcc/i686-linux-gnu/4.8/crtendS.o
LOAD /usr/lib/gcc/i686-linux-gnu/4.8/../../../i386-linux-gnu/crtn.o
                0x0000000000000114                . = (0x0 + SIZEOF_HEADERS)

.note.gnu.build-id
                0x0000000000000114       0x24
 *(.note.gnu.build-id)
 .note.gnu.build-id
                0x0000000000000114       0x24 /usr/lib/gcc/i686-linux-gnu/4.8/../../../i386-linux-gnu/crti.o

.hash
 *(.hash)

.gnu.hash       0x0000000000000138     0x12bc
 *(.gnu.hash)
 .gnu.hash      0x0000000000000138     0x12bc /usr/lib/gcc/i686-linux-gnu/4.8/../../../i386-linux-gnu/crti.o

.dynsym         0x00000000000013f4     0x2330
 *(.dynsym)
 .dynsym        0x00000000000013f4     0x2330 /usr/lib/gcc/i686-linux-gnu/4.8/../../../i386-linux-gnu/crti.o

.dynstr         0x0000000000003724     0x2463
 *(.dynstr)
 .dynstr        0x0000000000003724     0x2463 /usr/lib/gcc/i686-linux-gnu/4.8/../../../i386-linux-gnu/crti.o

.gnu.version    0x0000000000005b88      0x466
 *(.gnu.version)
 .gnu.version   0x0000000000005b88      0x466 /usr/lib/gcc/i686-linux-gnu/4.8/../../../i386-linux-gnu/crti.o

.gnu.version_d  0x0000000000005ff0        0x0
 *(.gnu.version_d)
 .gnu.version_d
                0x0000000000000000        0x0 /usr/lib/gcc/i686-linux-gnu/4.8/../../../i386-linux-gnu/crti.o

.gnu.version_r  0x0000000000005ff0       0x40
 *(.gnu.version_r)
 .gnu.version_r
                0x0000000000005ff0       0x40 /usr/lib/gcc/i686-linux-gnu/4.8/../../../i386-linux-gnu/crti.o

.rel.dyn        0x0000000000006030     0x9198
 *(.rel.init)
 .rel.init      0x0000000000000000        0x0 /usr/lib/gcc/i686-linux-gnu/4.8/../../../i386-linux-gnu/crti.o
 *(.rel.text .rel.text.* .rel.gnu.linkonce.t.*)
 .rel.text      0x0000000000006030     0x8a30 /usr/lib/gcc/i686-linux-gnu/4.8/../../../i386-linux-gnu/crti.o
 *(.rel.fini)
 .rel.fini      0x0000000000000000        0x0 /usr/lib/gcc/i686-linux-gnu/4.8/../../../i386-linux-gnu/crti.o
 *(.rel.rodata .rel.rodata.* .rel.gnu.linkonce.r.*)
 .rel.rodata    0x000000000000ea60      0x4e0 /usr/lib/gcc/i686-linux-gnu/4.8/../../../i386-linux-gnu/crti.o
 *(.rel.data.rel.ro .rel.data.rel.ro.* .rel.gnu.linkonce.d.rel.ro.*)
 *(.rel.data .rel.data.* .rel.gnu.linkonce.d.*)
 .rel.data.rel  0x000000000000ef40        0x8 /usr/lib/gcc/i686-linux-gnu/4.8/../../../i386-linux-gnu/crti.o
 .rel.data      0x000000000000ef48      0x248 /usr/lib/gcc/i686-linux-gnu/4.8/../../../i386-linux-gnu/crti.o
 *(.rel.tdata .rel.tdata.* .rel.gnu.linkonce.td.*)
 *(.rel.tbss .rel.tbss.* .rel.gnu.linkonce.tb.*)
 *(.rel.ctors)
 *(.rel.dtors)
 *(.rel.got)
 .rel.got       0x000000000000f190       0x28 /usr/lib/gcc/i686-linux-gnu/4.8/../../../i386-linux-gnu/crti.o
 *(.rel.bss .rel.bss.* .rel.gnu.linkonce.b.*)
 *(.rel.ifunc)
 .rel.ifunc     0x0000000000000000        0x0 /usr/lib/gcc/i686-linux-gnu/4.8/../../../i386-linux-gnu/crti.o
 .rel.fini_array
                0x000000000000f1b8        0x8 /usr/lib/gcc/i686-linux-gnu/4.8/../../../i386-linux-gnu/crti.o
 .rel.init_array
                0x000000000000f1c0        0x8 /usr/lib/gcc/i686-linux-gnu/4.8/../../../i386-linux-gnu/crti.o

.rel.plt        0x000000000000f1c8       0x10
 *(.rel.plt)
 .rel.plt       0x000000000000f1c8       0x10 /usr/lib/gcc/i686-linux-gnu/4.8/../../../i386-linux-gnu/crti.o
 *(.rel.iplt)

.init           0x000000000000f1d8       0x23
 *(SORT(.init))
 .init          0x000000000000f1d8       0x1e /usr/lib/gcc/i686-linux-gnu/4.8/../../../i386-linux-gnu/crti.o
                0x000000000000f1d8                _init
 .init          0x000000000000f1f6        0x5 /usr/lib/gcc/i686-linux-gnu/4.8/../../../i386-linux-gnu/crtn.o

.plt            0x000000000000f200       0x30
 *(.plt)
 .plt           0x000000000000f200       0x30 /usr/lib/gcc/i686-linux-gnu/4.8/../../../i386-linux-gnu/crti.o
 *(.iplt)

.text           0x000000000000f230    0x15c8c
 *(.text.unlikely .text.*_unlikely .text.unlikely.*)
 *(.text.exit .text.exit.*)
 *(.text.startup .text.startup.*)
 *(.text.hot .text.hot.*)
 *(.text .stub .text.* .gnu.linkonce.t.*)
 .text          0x000000000000f230        0x0 /usr/lib/gcc/i686-linux-gnu/4.8/../../../i386-linux-gnu/crti.o
 .gnu.linkonce.t.__x86.get_pc_thunk.bx
                0x000000000000f230        0x4 /usr/lib/gcc/i686-linux-gnu/4.8/../../../i386-linux-gnu/crti.o
                0x000000000000f230                __x86.get_pc_thunk.bx
 *fill*         0x000000000000f234        0xc 
 .text          0x000000000000f240      0x11b /usr/lib/gcc/i686-linux-gnu/4.8/crtbeginS.o
 .text          0x000000000000f35b      0x5cc udp-client.co
 .text          0x000000000000f927      0x944 obj_cooja/mtype359.o
                0x000000000000fad5                contiki_init
                0x0000000000010082                Java_org_contikios_cooja_corecomm_Lib6_init
                0x00000000000100c2                Java_org_contikios_cooja_corecomm_Lib6_getMemory
                0x0000000000010102                Java_org_contikios_cooja_corecomm_Lib6_setMemory
                0x0000000000010179                Java_org_contikios_cooja_corecomm_Lib6_tick
                0x0000000000010259                Java_org_contikios_cooja_corecomm_Lib6_setReferenceAddress
 .text          0x000000000001026b       0x63 obj_cooja/mtype359.a(simEnvChange.o)
                0x000000000001026b                doActionsBeforeTick
                0x000000000001029c                doActionsAfterTick
 .text          0x00000000000102ce       0xbc obj_cooja/mtype359.a(cooja_mt.o)
                0x00000000000102ce                cooja_mt_init
                0x00000000000102db                cooja_mt_remove
                0x00000000000102e8                cooja_mt_start
                0x0000000000010315                cooja_mt_exec
                0x0000000000010346                cooja_mt_exit
                0x0000000000010368                cooja_mt_yield
 .text          0x000000000001038a      0x115 obj_cooja/mtype359.a(cooja_mtarch.o)
                0x000000000001038a                cooja_mtarch_init
                0x000000000001038f                cooja_mtarch_start
                0x000000000001040a                cooja_sw
                0x000000000001042c                cooja_mtarch_exec
                0x0000000000010448                cooja_mtarch_remove
                0x000000000001044d                cooja_mtarch_yield
                0x0000000000010457                cooja_mtarch_pstop
                0x000000000001045c                cooja_mtarch_pstart
                0x0000000000010461                cooja_mtarch_stack_usage
 .text          0x000000000001049f       0xc2 obj_cooja/mtype359.a(rtimer-arch.o)
                0x000000000001049f                rtimer_arch_init
                0x00000000000104c2                rtimer_arch_schedule
                0x00000000000104d9                rtimer_arch_next
                0x00000000000104e3                rtimer_arch_pending
                0x00000000000104ed                rtimer_arch_check
                0x000000000001051f                rtimer_arch_now
 .text          0x0000000000010561       0x76 obj_cooja/mtype359.a(beep.o)
                0x0000000000010561                beep_alarm
                0x000000000001056d                beep_beep
                0x0000000000010579                beep
                0x0000000000010585                beep_down
                0x0000000000010591                beep_on
                0x000000000001059d                beep_off
                0x00000000000105a9                beep_spinup
                0x00000000000105b5                beep_quick
                0x00000000000105c1                beep_long
 .text          0x00000000000105d7      0x103 obj_cooja/mtype359.a(button-sensor.o)
 .text          0x00000000000106da       0x45 obj_cooja/mtype359.a(leds-arch.o)
                0x00000000000106da                leds_arch_init
                0x00000000000106e6                leds_arch_get
                0x00000000000106f2                leds_arch_set
 .text          0x000000000001071f       0x2f obj_cooja/mtype359.a(moteid.o)
 .text          0x000000000001074e       0xb1 obj_cooja/mtype359.a(pir-sensor.o)
 .text          0x00000000000107ff      0x131 obj_cooja/mtype359.a(rs232.o)
                0x00000000000107ff                rs232_init
                0x0000000000010804                rs232_set_speed
                0x0000000000010812                rs232_set_input
                0x000000000001081f                rs232_send
                0x0000000000010841                rs232_print
                0x000000000001085c                slip_arch_writeb
 .text          0x0000000000010930       0xb1 obj_cooja/mtype359.a(vib-sensor.o)
 .text          0x00000000000109e1       0x34 obj_cooja/mtype359.a(clock.o)
                0x00000000000109e1                clock_init
                0x00000000000109e6                clock_time
                0x00000000000109f0                clock_seconds
                0x0000000000010a06                clock_delay
 .text          0x0000000000010a15      0x1ed obj_cooja/mtype359.a(log.o)
                0x0000000000010a15                simlog_char
                0x0000000000010a57                simlog
                0x0000000000010ac4                log_message
                0x0000000000010aec                log_set_putchar_with_slip
                0x0000000000010af9                log_putchar
                0x0000000000010b7d                log_puts
                0x0000000000010ba1                log_printf
 .text          0x0000000000010c02      0x2c4 obj_cooja/mtype359.a(cfs-cooja.o)
                0x0000000000010c02                cfs_open
                0x0000000000010c6b                cfs_close
                0x0000000000010c77                cfs_read
                0x0000000000010d15                cfs_write
                0x0000000000010df2                cfs_seek
                0x0000000000010e7a                cfs_remove
                0x0000000000010ea3                cfs_opendir
                0x0000000000010ead                cfs_readdir
                0x0000000000010eb7                cfs_closedir
 .text          0x0000000000010ec6      0x5b3 obj_cooja/mtype359.a(cooja-radio.o)
                0x0000000000010ef0                radio_set_channel
                0x0000000000010f05                radio_set_txpower
                0x0000000000010f25                radio_signal_strength_last
                0x0000000000010f2f                radio_signal_strength_current
                0x0000000000010f39                radio_LQI
 .text          0x0000000000011479       0xef obj_cooja/mtype359.a(eeprom.o)
                0x0000000000011479                eeprom_init
                0x000000000001147e                eeprom_read
                0x00000000000114ee                eeprom_write
 .text          0x0000000000011568       0x28 obj_cooja/mtype359.a(random.o)
                0x0000000000011568                random_init
                0x0000000000011583                random_rand
 .text          0x0000000000011590      0x2a1 obj_cooja/mtype359.a(sensors.o)
                0x00000000000115cb                sensors_first
                0x00000000000115d5                sensors_next
                0x00000000000115f2                sensors_changed
                0x0000000000011621                sensors_find
 .text          0x0000000000011831      0x2d2 obj_cooja/mtype359.a(dual_conf.o)
                0x0000000000011831                dual_radio_switch
                0x0000000000011871                dual_radio_change
                0x00000000000118ab                sending_in_LR
                0x00000000000118d6                dual_radio_received
                0x0000000000011929                radio_received_is_longrange
                0x0000000000011ab9                dio_broadcast
                0x0000000000011ae2                dis_broadcast
 .text          0x0000000000011b03       0x8e obj_cooja/mtype359.a(autostart.o)
                0x0000000000011b03                autostart_start
                0x0000000000011b4e                autostart_exit
 .text          0x0000000000011b91      0x334 obj_cooja/mtype359.a(ctimer.o)
                0x0000000000011ca8                ctimer_init
                0x0000000000011cd8                ctimer_set
                0x0000000000011d09                ctimer_set_with_process
                0x0000000000011d85                ctimer_reset
                0x0000000000011dd4                ctimer_restart
                0x0000000000011e23                ctimer_stop
                0x0000000000011e6e                ctimer_expired
 .text          0x0000000000011ec5      0x40b obj_cooja/mtype359.a(etimer.o)
                0x00000000000120d8                etimer_request_poll
                0x000000000001215c                etimer_set
                0x0000000000012181                etimer_reset_with_new_interval
                0x00000000000121a8                etimer_reset
                0x00000000000121c6                etimer_restart
                0x00000000000121e4                etimer_adjust
                0x0000000000012200                etimer_expired
                0x0000000000012213                etimer_expiration_time
                0x0000000000012225                etimer_start_time
                0x000000000001222f                etimer_pending
                0x0000000000012241                etimer_next_expiration_time
                0x000000000001225b                etimer_stop
 .text          0x00000000000122d0      0x560 obj_cooja/mtype359.a(process.o)
                0x00000000000122d0                process_alloc_event
                0x00000000000122e5                process_start
                0x00000000000124ce                process_exit
                0x00000000000124ea                process_init
                0x00000000000126bb                process_run
                0x00000000000126ee                process_nevents
                0x0000000000012709                process_post
                0x00000000000127b5                process_post_synch
                0x00000000000127ed                process_poll
                0x000000000001281c                process_is_running
 .text          0x0000000000012830       0xba obj_cooja/mtype359.a(rtimer.o)
                0x0000000000012830                rtimer_init
                0x000000000001283d                rtimer_set
                0x0000000000012894                rtimer_run_next
 .text          0x00000000000128ea       0xa3 obj_cooja/mtype359.a(stimer.o)
                0x00000000000128ea                stimer_set
                0x0000000000012905                stimer_reset
                0x000000000001291c                stimer_restart
                0x000000000001292e                stimer_expired
                0x0000000000012955                stimer_remaining
                0x0000000000012979                stimer_elapsed
 .text          0x000000000001298d       0x91 obj_cooja/mtype359.a(timer.o)
                0x000000000001298d                timer_set
                0x00000000000129a8                timer_reset
                0x00000000000129bf                timer_restart
                0x00000000000129d1                timer_expired
                0x00000000000129fa                timer_remaining
 .text          0x0000000000012a1e      0x1fb obj_cooja/mtype359.a(serial-line.o)
                0x0000000000012a1e                serial_line_input_byte
                0x0000000000012be1                serial_line_init
 .text          0x0000000000012c19      0x244 obj_cooja/mtype359.a(list.o)
                0x0000000000012c19                list_init
                0x0000000000012c27                list_head
                0x0000000000012c31                list_copy
                0x0000000000012c40                list_tail
                0x0000000000012c76                list_add
                0x0000000000012cbf                list_push
                0x0000000000012ceb                list_chop
                0x0000000000012d55                list_pop
                0x0000000000012d7d                list_remove
                0x0000000000012de4                list_length
                0x0000000000012e12                list_insert
                0x0000000000012e46                list_item_next
 .text          0x0000000000012e5d      0x155 obj_cooja/mtype359.a(ringbuf.o)
                0x0000000000012e5d                ringbuf_init
                0x0000000000012e8e                ringbuf_put
                0x0000000000012f0c                ringbuf_get
                0x0000000000012f79                ringbuf_size
                0x0000000000012f8b                ringbuf_elements
 .text          0x0000000000012fb2     0x258b obj_cooja/mtype359.a(sicslowpan.o)
                0x000000000001353c                rime_sniffer_add
                0x0000000000013549                rime_sniffer_remove
                0x00000000000154dc                sicslowpan_init
                0x0000000000015533                sicslowpan_get_last_rssi
 .text          0x000000000001553d      0x3d1 obj_cooja/mtype359.a(uip-ds6-nbr.o)
                0x000000000001555a                uip_ds6_neighbors_init
                0x0000000000015577                uip_ds6_nbr_add
                0x000000000001571d                uip_ds6_nbr_rm
                0x000000000001577a                uip_ds6_nbr_get_ipaddr
                0x000000000001578f                uip_ds6_nbr_get_ll
                0x00000000000157ab                uip_ds6_nbr_num
                0x00000000000157f0                uip_ds6_nbr_lookup
                0x0000000000015855                uip_ds6_nbr_ll_lookup
                0x0000000000015871                uip_ds6_nbr_ipaddr_from_lladdr
                0x0000000000015897                uip_ds6_nbr_lladdr_from_ipaddr
                0x00000000000158c5                uip_ds6_link_neighbor_callback
 .text          0x000000000001590e      0x916 obj_cooja/mtype359.a(uip-ds6-route.o)
                0x0000000000015985                uip_ds6_notification_add
                0x00000000000159b6                uip_ds6_notification_rm
                0x00000000000159d2                uip_ds6_route_init
                0x0000000000015a5a                uip_ds6_route_nexthop
                0x0000000000015a82                uip_ds6_route_head
                0x0000000000015a97                uip_ds6_route_next
                0x0000000000015abd                uip_ds6_route_is_nexthop
                0x0000000000015afc                uip_ds6_route_num_routes
                0x0000000000015b06                uip_ds6_route_lookup
                0x0000000000015bc8                uip_ds6_route_add
                0x0000000000015dfc                uip_ds6_route_rm
                0x0000000000015f90                uip_ds6_route_rm_by_nexthop
                0x0000000000015fc8                uip_ds6_defrt_add
                0x0000000000016079                uip_ds6_defrt_rm
                0x00000000000160f8                uip_ds6_defrt_lookup
                0x0000000000016151                uip_ds6_defrt_choose
                0x00000000000161bc                uip_ds6_defrt_periodic
 .text          0x0000000000016224     0x12ad obj_cooja/mtype359.a(uip-ds6.o)
                0x0000000000016224                uip_ds6_init
                0x0000000000016579                uip_ds6_periodic
                0x0000000000016651                uip_ds6_list_loop
                0x00000000000166f8                uip_ds6_prefix_add
                0x00000000000167b6                uip_ds6_prefix_rm
                0x00000000000167c8                uip_ds6_prefix_lookup
                0x0000000000016819                uip_ds6_is_addr_onlink
                0x000000000001688d                uip_ds6_addr_add
                0x00000000000169bb                uip_ds6_long_addr_add
                0x0000000000016ae9                uip_ds6_addr_rm
                0x0000000000016b89                uip_ds6_addr_lookup
                0x0000000000016bd4                uip_ds6_long_addr_lookup
                0x0000000000016c1f                uip_ds6_get_link_local
                0x0000000000016c9e                uip_ds6_long_get_link_local
                0x0000000000016d1d                uip_ds6_get_global
                0x0000000000016d9c                uip_ds6_long_get_global
                0x0000000000016e1b                uip_ds6_maddr_add
                0x0000000000016e8d                uip_ds6_long_maddr_add
                0x0000000000016eff                uip_ds6_maddr_rm
                0x0000000000016f11                uip_ds6_maddr_lookup
                0x0000000000016f5c                uip_ds6_long_maddr_lookup
                0x0000000000016fa7                uip_ds6_aaddr_add
                0x0000000000017019                uip_ds6_long_aaddr_add
                0x000000000001708b                uip_ds6_aaddr_rm
                0x000000000001709d                uip_ds6_aaddr_lookup
                0x00000000000170e8                uip_ds6_long_aaddr_lookup
                0x0000000000017133                uip_ds6_select_src
                0x00000000000173bc                uip_ds6_set_addr_iid
                0x00000000000173f3                get_match_length
                0x0000000000017485                uip_ds6_compute_reachable_time
 .text          0x00000000000174d1     0x29f3 obj_cooja/mtype359.a(uip6.o)
                0x00000000000174d1                uip_add32
                0x000000000001766a                uip_chksum
                0x0000000000017758                uip_icmp6chksum
                0x000000000001776c                uip_tcpchksum
                0x0000000000017780                uip_udpchksum
                0x0000000000017794                uip_init
                0x0000000000017864                uip_connect
                0x0000000000017a13                remove_ext_hdr
                0x0000000000017ae8                uip_udp_new
                0x0000000000017c44                uip_unlisten
                0x0000000000017ca4                uip_listen
                0x0000000000017f66                uip_process
                0x0000000000019db8                uip_htons
                0x0000000000019dda                uip_htonl
                0x0000000000019e1a                uip_send
 .text          0x0000000000019ec4      0xa66 obj_cooja/mtype359.a(tcpip.o)
                0x0000000000019ec4                tcpip_output
                0x0000000000019ef2                tcpip_set_outputfunc
                0x0000000000019f86                tcp_connect
                0x0000000000019fdb                tcp_unlisten
                0x000000000001a036                tcp_listen
                0x000000000001a08f                tcp_attach
                0x000000000001a0b4                udp_attach
                0x000000000001a0d9                udp_new
                0x000000000001a12b                udp_broadcast_new
                0x000000000001a39f                tcpip_input
                0x000000000001a3d3                tcpip_ipv6_output
                0x000000000001a770                tcpip_poll_udp
                0x000000000001a793                tcpip_poll_tcp
                0x000000000001a7b6                tcpip_uipcall
 .text          0x000000000001a92a      0x1c1 obj_cooja/mtype359.a(uip-debug.o)
                0x000000000001a92a                uip_debug_ipaddr_print
                0x000000000001aa8c                uip_debug_lladdr_print
 .text          0x000000000001aaeb      0x141 obj_cooja/mtype359.a(uip-packetqueue)
                0x000000000001ab17                uip_packetqueue_new
                0x000000000001ab25                uip_packetqueue_alloc
                0x000000000001ab85                uip_packetqueue_free
                0x000000000001abc6                uip_packetqueue_buf
                0x000000000001abe3                uip_packetqueue_buflen
                0x000000000001ac04                uip_packetqueue_set_buflen
 .text          0x000000000001ac2c      0x131 obj_cooja/mtype359.a(uip-udp-packet.)
                0x000000000001ac2c                uip_udp_packet_send
                0x000000000001ac8c                uip_udp_packet_sendto
 .text          0x000000000001ad5d     0x239b obj_cooja/mtype359.a(rpl-dag.o)
                0x000000000001ad5d                rpl_print_neighbor_list
                0x000000000001af32                rpl_get_nbr
                0x000000000001af8c                rpl_dag_init
                0x000000000001afa9                rpl_get_parent
                0x000000000001afcb                rpl_get_parent_rank
                0x000000000001affe                rpl_get_parent_link_metric
                0x000000000001b031                rpl_get_parent_ipaddr
                0x000000000001b334                rpl_set_root
                0x000000000001b55b                rpl_repair_root
                0x000000000001b797                rpl_set_prefix
                0x000000000001b896                rpl_set_default_route
                0x000000000001b922                rpl_alloc_instance
                0x000000000001b9b5                rpl_alloc_dag
                0x000000000001ba66                rpl_set_default_instance
                0x000000000001ba73                rpl_get_default_instance
                0x000000000001ba7d                rpl_free_instance
                0x000000000001bb2c                rpl_free_dag
                0x000000000001bb92                rpl_add_parent
                0x000000000001bc68                rpl_find_parent
                0x000000000001bcc0                rpl_find_parent_any_dag
                0x000000000001bcfc                rpl_select_dag
                0x000000000001c092                rpl_select_parent
                0x000000000001c0f4                rpl_remove_parent
                0x000000000001c11b                rpl_nullify_parent
                0x000000000001c1b9                rpl_move_parent
                0x000000000001c256                rpl_has_downward_route
                0x000000000001c2a9                rpl_get_any_dag
                0x000000000001c30b                rpl_get_instance
                0x000000000001c36e                rpl_find_of
                0x000000000001c3ab                rpl_join_instance
                0x000000000001c626                rpl_add_dag
                0x000000000001ca15                rpl_local_repair
                0x000000000001cad9                rpl_recalculate_ranks
                0x000000000001cb5f                rpl_process_parent_event
                0x000000000001cc11                rpl_process_dio
 .text          0x000000000001d0f8      0xbf3 obj_cooja/mtype359.a(rpl-ext-header.)
                0x000000000001d115                rpl_verify_header
                0x000000000001d58f                rpl_update_header_empty
                0x000000000001d8a6                rpl_update_header_final
                0x000000000001da35                rpl_remove_header
                0x000000000001db3f                rpl_invert_header
                0x000000000001dcc9                rpl_insert_header
 .text          0x000000000001dceb     0x24d9 obj_cooja/mtype359.a(rpl-icmp6.o)
                0x000000000001df4a                rpl_icmp6_update_nbr_table
                0x000000000001e117                dis_output
                0x000000000001ea60                dio_output
                0x000000000001fc94                dao_output
                0x000000000001fd5b                dao_output_target
                0x0000000000020178                dao_ack_output
                0x000000000002018c                rpl_icmp6_register_handlers
 .text          0x00000000000201c4      0x360 obj_cooja/mtype359.a(rpl-jkof.o)
 .text          0x0000000000020524      0x7b3 obj_cooja/mtype359.a(rpl-timers.o)
                0x000000000002076a                rpl_reset_periodic_timer
                0x00000000000207bf                rpl_reset_dio_timer
                0x00000000000209f9                rpl_schedule_dao
                0x0000000000020a14                rpl_schedule_dao_immediately
                0x0000000000020a2f                rpl_cancel_dao
                0x0000000000020a91                rpl_schedule_unicast_dio_immediately
                0x0000000000020c7f                rpl_schedule_probing
 .text          0x0000000000020cd7      0x6e0 obj_cooja/mtype359.a(rpl.o)
                0x0000000000020cd7                rpl_get_mode
                0x0000000000020ce1                rpl_set_mode
                0x0000000000020da5                rpl_purge_routes
                0x0000000000020ed4                rpl_remove_routes
                0x0000000000020f1a                rpl_remove_routes_by_nexthop
                0x0000000000020f86                rpl_add_route
                0x0000000000021051                rpl_link_neighbor_callback
                0x0000000000021165                rpl_ipv6_neighbor_callback
                0x0000000000021211                rpl_purge_dags
                0x0000000000021325                rpl_init
 .text          0x00000000000213b7      0x3f5 obj_cooja/mtype359.a(framer-802154.o)
 .text          0x00000000000217ac       0x5e obj_cooja/mtype359.a(nullmac.o)
 .text          0x000000000002180a      0x74e obj_cooja/mtype359.a(nullrdc.o)
 .text          0x0000000000021f58       0x82 obj_cooja/mtype359.a(linkaddr.o)
                0x0000000000021f58                linkaddr_copy
                0x0000000000021f7a                linkaddr_cmp
                0x0000000000021fa4                linkaddr_set_node_addr
                0x0000000000021fbf                linkaddr_set_node_long_addr
 .text          0x0000000000021fda      0x88c obj_cooja/mtype359.a(nbr-table.o)
                0x0000000000021fda                lladdr_map_add_lr
                0x0000000000022097                lladdr_map_rm_lr
                0x000000000002255c                nbr_table_register
                0x00000000000225a4                nbr_table_head
                0x0000000000022600                nbr_table_next
                0x0000000000022667                nbr_table_add_lladdr
                0x0000000000022743                nbr_table_get_from_lladdr
                0x0000000000022790                nbr_table_remove
                0x00000000000227e2                nbr_table_lock
                0x000000000002280c                nbr_table_unlock
                0x0000000000022836                nbr_table_get_lladdr
 .text          0x0000000000022866       0x2b obj_cooja/mtype359.a(netstack.o)
                0x0000000000022866                netstack_init
 .text          0x0000000000022891      0x3cd obj_cooja/mtype359.a(packetbuf.o)
                0x0000000000022891                packetbuf_clear
                0x00000000000228bb                packetbuf_copyfrom
                0x000000000002290d                packetbuf_compact
                0x000000000002298a                packetbuf_copyto
                0x0000000000022a21                packetbuf_hdralloc
                0x0000000000022a9e                packetbuf_hdrreduce
                0x0000000000022ae6                packetbuf_set_datalen
                0x0000000000022aff                packetbuf_dataptr
                0x0000000000022b1c                packetbuf_hdrptr
                0x0000000000022b26                packetbuf_datalen
                0x0000000000022b32                packetbuf_hdrlen
                0x0000000000022b49                packetbuf_totlen
                0x0000000000022b5f                packetbuf_attr_clear
                0x0000000000022bb1                packetbuf_attr_copyto
                0x0000000000022bfa                packetbuf_attr_copyfrom
                0x0000000000022c42                packetbuf_holds_broadcast
 .text          0x0000000000022c5e      0x2b4 obj_cooja/mtype359.a(queuebuf.o)
                0x0000000000022c68                queuebuf_init
                0x0000000000022c88                queuebuf_numfree
                0x0000000000022c9c                queuebuf_new_from_packetbuf
                0x0000000000022d2c                queuebuf_update_attr_from_packetbuf
                0x0000000000022d5f                queuebuf_update_from_packetbuf
                0x0000000000022da9                queuebuf_free
                0x0000000000022df0                queuebuf_to_packetbuf
                0x0000000000022e56                queuebuf_dataptr
                0x0000000000022e8d                queuebuf_datalen
                0x0000000000022eb0                queuebuf_addr
                0x0000000000022ee2                queuebuf_attr
                0x0000000000022f0d                queuebuf_debug_print
 .text          0x0000000000022f12       0x6e obj_cooja/mtype359.a(nullsec.o)
 .text          0x0000000000022f80       0x19 obj_cooja/mtype359.a(watchdog.o)
                0x0000000000022f80                watchdog_init
                0x0000000000022f85                watchdog_start
                0x0000000000022f8a                watchdog_periodic
                0x0000000000022f8f                watchdog_stop
                0x0000000000022f94                watchdog_reboot
 .text          0x0000000000022f99        0x0 obj_cooja/mtype359.a(rimestats.o)
 .text          0x0000000000022f99      0x1c1 obj_cooja/mtype359.a(memb.o)
                0x0000000000022f99                memb_init
                0x0000000000022ff7                memb_alloc
                0x000000000002305c                memb_free
                0x00000000000230d7                memb_inmemb
                0x0000000000023116                memb_numfree
 .text          0x000000000002315a      0xab2 obj_cooja/mtype359.a(uip-icmp6.o)
                0x00000000000231c8                uip_icmp6_input
                0x000000000002321e                uip_icmp6_register_input_handler
                0x00000000000234e6                uip_icmp6_error_output
                0x000000000002382b                uip_icmp6_send
                0x0000000000023b9f                uip_icmp6_echo_reply_callback_add
                0x0000000000023bd0                uip_icmp6_echo_reply_callback_rm
                0x0000000000023bec                uip_icmp6_init
 .text          0x0000000000023c0c      0x358 obj_cooja/mtype359.a(uip-nd6.o)
                0x0000000000023c60                uip_nd6_ns_output
                0x0000000000023f5f                uip_nd6_init
 .text          0x0000000000023f64      0x41f obj_cooja/mtype359.a(rpl-nbr-policy.)
                0x000000000002419f                find_removable_dis
                0x00000000000241e0                find_removable_dio
                0x00000000000242d0                find_removable_dao
                0x000000000002432c                rpl_nbr_policy_find_removable
 .text          0x0000000000024383      0x97c obj_cooja/mtype359.a(frame802154.o)
                0x00000000000243b4                frame802154_get_pan_id
                0x00000000000243c0                frame802154_set_pan_id
                0x00000000000243d9                frame802154_has_panid
                0x00000000000244c5                frame802154_check_dest_panid
                0x000000000002452d                frame802154_is_broadcast_addr
                0x000000000002457a                frame802154_extract_linkaddr
                0x00000000000247ba                frame802154_hdrlen
                0x000000000002480b                frame802154_create
                0x00000000000249f6                frame802154_parse
 .text          0x0000000000024cff      0x181 obj_cooja/mtype359.a(mac-sequence.o)
                0x0000000000024d36                mac_sequence_is_duplicate
                0x0000000000024db9                mac_sequence_register_seqno
 .text          0x0000000000024e80       0x3c obj_cooja/mtype359.a(mac.o)
                0x0000000000024e80                mac_call_sent_callback
 .text          0x0000000000024ebc        0x0 /usr/lib/gcc/i686-linux-gnu/4.8/crtendS.o
 .text          0x0000000000024ebc        0x0 /usr/lib/gcc/i686-linux-gnu/4.8/../../../i386-linux-gnu/crtn.o
 *(.gnu.warning)

.fini           0x0000000000024ebc       0x14
 *(SORT(.fini))
 .fini          0x0000000000024ebc        0xf /usr/lib/gcc/i686-linux-gnu/4.8/../../../i386-linux-gnu/crti.o
                0x0000000000024ebc                _fini
 .fini          0x0000000000024ecb        0x5 /usr/lib/gcc/i686-linux-gnu/4.8/../../../i386-linux-gnu/crtn.o
                0x0000000000024ed0                PROVIDE (__etext, .)
                0x0000000000024ed0                PROVIDE (_etext, .)
                0x0000000000024ed0                PROVIDE (etext, .)

.rodata         0x0000000000024ee0     0x17c1
 *(.rodata .rodata.* .gnu.linkonce.r.*)
 .rodata        0x0000000000024ee0      0x17e udp-client.co
                0x0000000000024ef4                autostart_processes
 *fill*         0x000000000002505e        0x2 
 .rodata        0x0000000000025060      0x1b6 obj_cooja/mtype359.o
 *fill*         0x0000000000025216        0x2 
 .rodata        0x0000000000025218        0x8 obj_cooja/mtype359.a(beep.o)
                0x0000000000025218                beep_interface
 .rodata        0x0000000000025220       0x20 obj_cooja/mtype359.a(button-sensor.o)
                0x0000000000025220                button_interface
                0x0000000000025230                button_sensor
 .rodata        0x0000000000025240        0x8 obj_cooja/mtype359.a(leds-arch.o)
                0x0000000000025240                leds_interface
 .rodata        0x0000000000025248        0x8 obj_cooja/mtype359.a(moteid.o)
                0x0000000000025248                moteid_interface
 .rodata        0x0000000000025250       0x1c obj_cooja/mtype359.a(pir-sensor.o)
                0x0000000000025250                pir_interface
                0x000000000002525c                pir_sensor
 .rodata        0x000000000002526c        0xe obj_cooja/mtype359.a(rs232.o)
                0x000000000002526c                rs232_interface
 *fill*         0x000000000002527a        0x2 
 .rodata        0x000000000002527c       0x24 obj_cooja/mtype359.a(vib-sensor.o)
                0x000000000002527c                vib_interface
                0x0000000000025290                vib_sensor
 .rodata        0x00000000000252a0        0x8 obj_cooja/mtype359.a(clock.o)
                0x00000000000252a0                clock_interface
 .rodata        0x00000000000252a8        0x8 obj_cooja/mtype359.a(log.o)
                0x00000000000252a8                simlog_interface
 .rodata        0x00000000000252b0       0x2f obj_cooja/mtype359.a(cfs-cooja.o)
                0x00000000000252b0                cfs_interface
 *fill*         0x00000000000252df        0x1 
 .rodata        0x00000000000252e0      0x100 obj_cooja/mtype359.a(cooja-radio.o)
                0x00000000000253a0                cooja_radio_driver
                0x00000000000253d8                radio_interface
 .rodata        0x00000000000253e0        0x8 obj_cooja/mtype359.a(eeprom.o)
                0x00000000000253e0                eeprom_interface
 .rodata        0x00000000000253e8        0x8 obj_cooja/mtype359.a(sensors.o)
 .rodata        0x00000000000253f0      0x169 obj_cooja/mtype359.a(dual_conf.o)
 .rodata        0x0000000000025559        0xf obj_cooja/mtype359.a(ctimer.o)
 .rodata        0x0000000000025568        0xc obj_cooja/mtype359.a(etimer.o)
 .rodata        0x0000000000025574        0xe obj_cooja/mtype359.a(serial-line.o)
 *fill*         0x0000000000025582        0x2 
 .rodata        0x0000000000025584       0x2c obj_cooja/mtype359.a(sicslowpan.o)
                0x0000000000025584                unc_llconf
                0x0000000000025588                unc_ctxconf
                0x000000000002558c                unc_mxconf
                0x0000000000025590                llprefix
                0x00000000000255a4                sicslowpan_driver
 .rodata        0x00000000000255b0       0xb1 obj_cooja/mtype359.a(uip-ds6-nbr.o)
 *fill*         0x0000000000025661        0x3 
 .rodata        0x0000000000025664      0x13c obj_cooja/mtype359.a(uip6.o)
 .rodata        0x00000000000257a0       0x29 obj_cooja/mtype359.a(tcpip.o)
 .rodata        0x00000000000257c9       0x3e obj_cooja/mtype359.a(uip-debug.o)
 *fill*         0x0000000000025807        0x1 
 .rodata        0x0000000000025808       0x72 obj_cooja/mtype359.a(rpl-dag.o)
 *fill*         0x000000000002587a        0x2 
 .rodata        0x000000000002587c      0x920 obj_cooja/mtype359.a(rpl-icmp6.o)
 .rodata        0x000000000002619c      0x1be obj_cooja/mtype359.a(rpl.o)
 *fill*         0x000000000002635a        0x2 
 .rodata        0x000000000002635c        0xc obj_cooja/mtype359.a(framer-802154.o)
                0x000000000002635c                framer_802154
 .rodata        0x0000000000026368       0x24 obj_cooja/mtype359.a(nullmac.o)
                0x0000000000026370                nullmac_driver
 *fill*         0x000000000002638c       0x14 
 .rodata        0x00000000000263a0      0x160 obj_cooja/mtype359.a(nullrdc.o)
                0x00000000000264e0                nullrdc_driver
 .rodata        0x0000000000026500        0x8 obj_cooja/mtype359.a(linkaddr.o)
                0x0000000000026500                linkaddr_null
 .rodata        0x0000000000026508       0x18 obj_cooja/mtype359.a(nullsec.o)
                0x0000000000026510                nullsec_driver
 .rodata        0x0000000000026520      0x181 obj_cooja/mtype359.a(rpl-nbr-policy.)

.rodata1
 *(.rodata1)

.eh_frame_hdr   0x00000000000266a4     0x12d4
 *(.eh_frame_hdr)
 .eh_frame_hdr  0x00000000000266a4     0x12d4 udp-client.co

.eh_frame       0x0000000000027978     0x4cb8
 *(.eh_frame)
 .eh_frame      0x0000000000027978       0x3c /usr/lib/gcc/i686-linux-gnu/4.8/../../../i386-linux-gnu/crti.o
                                         0x40 (size before relaxing)
 .eh_frame      0x00000000000279b4       0xa8 udp-client.co
                                         0xc0 (size before relaxing)
 .eh_frame      0x0000000000027a5c      0x148 obj_cooja/mtype359.o
                                        0x160 (size before relaxing)
 .eh_frame      0x0000000000027ba4       0x40 obj_cooja/mtype359.a(simEnvChange.o)
                                         0x58 (size before relaxing)
 .eh_frame      0x0000000000027be4       0xc0 obj_cooja/mtype359.a(cooja_mt.o)
                                         0xd8 (size before relaxing)
 .eh_frame      0x0000000000027ca4      0x120 obj_cooja/mtype359.a(cooja_mtarch.o)
                                        0x138 (size before relaxing)
 .eh_frame      0x0000000000027dc4       0xc0 obj_cooja/mtype359.a(rtimer-arch.o)
                                         0xd8 (size before relaxing)
 .eh_frame      0x0000000000027e84      0x160 obj_cooja/mtype359.a(beep.o)
                                        0x178 (size before relaxing)
 .eh_frame      0x0000000000027fe4       0xa0 obj_cooja/mtype359.a(button-sensor.o)
                                         0xb8 (size before relaxing)
 .eh_frame      0x0000000000028084       0xa0 obj_cooja/mtype359.a(leds-arch.o)
                                         0xb8 (size before relaxing)
 .eh_frame      0x0000000000028124       0x40 obj_cooja/mtype359.a(moteid.o)
                                         0x58 (size before relaxing)
 .eh_frame      0x0000000000028164       0xa0 obj_cooja/mtype359.a(pir-sensor.o)
                                         0xb8 (size before relaxing)
 .eh_frame      0x0000000000028204      0x100 obj_cooja/mtype359.a(rs232.o)
                                        0x118 (size before relaxing)
 .eh_frame      0x0000000000028304       0xa0 obj_cooja/mtype359.a(vib-sensor.o)
                                         0xb8 (size before relaxing)
 .eh_frame      0x00000000000283a4       0xc0 obj_cooja/mtype359.a(clock.o)
                                         0xd8 (size before relaxing)
 .eh_frame      0x0000000000028464      0x120 obj_cooja/mtype359.a(log.o)
                                        0x138 (size before relaxing)
 .eh_frame      0x0000000000028584      0x160 obj_cooja/mtype359.a(cfs-cooja.o)
                                        0x178 (size before relaxing)
 .eh_frame      0x00000000000286e4      0x2e0 obj_cooja/mtype359.a(cooja-radio.o)
                                        0x2f8 (size before relaxing)
 .eh_frame      0x00000000000289c4       0xa0 obj_cooja/mtype359.a(eeprom.o)
                                         0xb8 (size before relaxing)
 .eh_frame      0x0000000000028a64       0x40 obj_cooja/mtype359.a(random.o)
                                         0x58 (size before relaxing)
 .eh_frame      0x0000000000028aa4       0xc0 obj_cooja/mtype359.a(sensors.o)
                                         0xd8 (size before relaxing)
 .eh_frame      0x0000000000028b64      0x120 obj_cooja/mtype359.a(dual_conf.o)
                                        0x138 (size before relaxing)
 .eh_frame      0x0000000000028c84       0x40 obj_cooja/mtype359.a(autostart.o)
                                         0x58 (size before relaxing)
 .eh_frame      0x0000000000028cc4      0x100 obj_cooja/mtype359.a(ctimer.o)
                                        0x118 (size before relaxing)
 .eh_frame      0x0000000000028dc4      0x1e0 obj_cooja/mtype359.a(etimer.o)
                                        0x1f8 (size before relaxing)
 .eh_frame      0x0000000000028fa4      0x1c8 obj_cooja/mtype359.a(process.o)
                                        0x1e0 (size before relaxing)
 .eh_frame      0x000000000002916c       0x60 obj_cooja/mtype359.a(rtimer.o)
                                         0x78 (size before relaxing)
 .eh_frame      0x00000000000291cc       0xc4 obj_cooja/mtype359.a(stimer.o)
                                         0xdc (size before relaxing)
 .eh_frame      0x0000000000029290       0xa4 obj_cooja/mtype359.a(timer.o)
                                         0xbc (size before relaxing)
 .eh_frame      0x0000000000029334       0x60 obj_cooja/mtype359.a(serial-line.o)
                                         0x78 (size before relaxing)
 .eh_frame      0x0000000000029394      0x180 obj_cooja/mtype359.a(list.o)
                                        0x198 (size before relaxing)
 .eh_frame      0x0000000000029514       0xa0 obj_cooja/mtype359.a(ringbuf.o)
                                         0xb8 (size before relaxing)
 .eh_frame      0x00000000000295b4      0x350 obj_cooja/mtype359.a(sicslowpan.o)
                                        0x368 (size before relaxing)
 .eh_frame      0x0000000000029904      0x180 obj_cooja/mtype359.a(uip-ds6-nbr.o)
                                        0x198 (size before relaxing)
 .eh_frame      0x0000000000029a84      0x2a0 obj_cooja/mtype359.a(uip-ds6-route.o)
                                        0x2b8 (size before relaxing)
 .eh_frame      0x0000000000029d24      0x3c8 obj_cooja/mtype359.a(uip-ds6.o)
                                        0x3e0 (size before relaxing)
 .eh_frame      0x000000000002a0ec      0x27c obj_cooja/mtype359.a(uip6.o)
                                        0x294 (size before relaxing)
 .eh_frame      0x000000000002a368      0x270 obj_cooja/mtype359.a(tcpip.o)
                                        0x288 (size before relaxing)
 .eh_frame      0x000000000002a5d8       0x48 obj_cooja/mtype359.a(uip-debug.o)
                                         0x60 (size before relaxing)
 .eh_frame      0x000000000002a620       0xe0 obj_cooja/mtype359.a(uip-packetqueue)
                                         0xf8 (size before relaxing)
 .eh_frame      0x000000000002a700       0x40 obj_cooja/mtype359.a(uip-udp-packet.)
                                         0x58 (size before relaxing)
 .eh_frame      0x000000000002a740      0x65c obj_cooja/mtype359.a(rpl-dag.o)
                                        0x674 (size before relaxing)
 .eh_frame      0x000000000002ad9c      0x10c obj_cooja/mtype359.a(rpl-ext-header.)
                                        0x124 (size before relaxing)
 .eh_frame      0x000000000002aea8      0x288 obj_cooja/mtype359.a(rpl-icmp6.o)
                                        0x2a0 (size before relaxing)
 .eh_frame      0x000000000002b130       0xec obj_cooja/mtype359.a(rpl-jkof.o)
                                        0x104 (size before relaxing)
 .eh_frame      0x000000000002b21c      0x20c obj_cooja/mtype359.a(rpl-timers.o)
                                        0x224 (size before relaxing)
 .eh_frame      0x000000000002b428      0x140 obj_cooja/mtype359.a(rpl.o)
                                        0x158 (size before relaxing)
 .eh_frame      0x000000000002b568      0x108 obj_cooja/mtype359.a(framer-802154.o)
                                        0x120 (size before relaxing)
 .eh_frame      0x000000000002b670       0xc0 obj_cooja/mtype359.a(nullmac.o)
                                         0xd8 (size before relaxing)
 .eh_frame      0x000000000002b730      0x19c obj_cooja/mtype359.a(nullrdc.o)
                                        0x1b4 (size before relaxing)
 .eh_frame      0x000000000002b8cc       0x80 obj_cooja/mtype359.a(linkaddr.o)
                                         0x98 (size before relaxing)
 .eh_frame      0x000000000002b94c      0x2ac obj_cooja/mtype359.a(nbr-table.o)
                                        0x2c4 (size before relaxing)
 .eh_frame      0x000000000002bbf8       0x20 obj_cooja/mtype359.a(netstack.o)
                                         0x38 (size before relaxing)
 .eh_frame      0x000000000002bc18      0x214 obj_cooja/mtype359.a(packetbuf.o)
                                        0x22c (size before relaxing)
 .eh_frame      0x000000000002be2c      0x1a0 obj_cooja/mtype359.a(queuebuf.o)
                                        0x1b8 (size before relaxing)
 .eh_frame      0x000000000002bfcc       0x80 obj_cooja/mtype359.a(nullsec.o)
                                         0x98 (size before relaxing)
 .eh_frame      0x000000000002c04c       0xa0 obj_cooja/mtype359.a(watchdog.o)
                                         0xb8 (size before relaxing)
 .eh_frame      0x000000000002c0ec       0xa0 obj_cooja/mtype359.a(memb.o)
                                         0xb8 (size before relaxing)
 .eh_frame      0x000000000002c18c      0x164 obj_cooja/mtype359.a(uip-icmp6.o)
                                        0x17c (size before relaxing)
 .eh_frame      0x000000000002c2f0       0x68 obj_cooja/mtype359.a(uip-nd6.o)
                                         0x80 (size before relaxing)
 .eh_frame      0x000000000002c358       0xc8 obj_cooja/mtype359.a(rpl-nbr-policy.)
                                         0xe0 (size before relaxing)
 .eh_frame      0x000000000002c420      0x164 obj_cooja/mtype359.a(frame802154.o)
                                        0x17c (size before relaxing)
 .eh_frame      0x000000000002c584       0x88 obj_cooja/mtype359.a(mac-sequence.o)
                                         0xa0 (size before relaxing)
 .eh_frame      0x000000000002c60c       0x20 obj_cooja/mtype359.a(mac.o)
                                         0x38 (size before relaxing)
 .eh_frame      0x000000000002c62c        0x4 /usr/lib/gcc/i686-linux-gnu/4.8/crtendS.o

.gcc_except_table
 *(.gcc_except_table .gcc_except_table.*)

.exception_ranges
 *(.exception_ranges .exception_ranges*)
                0x000000000002c630                . = (ALIGN (0x1000) - ((0x1000 - .) & 0xfff))
                0x000000000002def8                . = DATA_SEGMENT_ALIGN (0x1000, 0x1000)

.eh_frame
 *(.eh_frame)

.gcc_except_table
 *(.gcc_except_table .gcc_except_table.*)

.exception_ranges
 *(.exception_ranges .exception_ranges*)

.tdata
 *(.tdata .tdata.* .gnu.linkonce.td.*)

.tbss
 *(.tbss .tbss.* .gnu.linkonce.tb.*)
 *(.tcommon)

.preinit_array
 *(.preinit_array)

.init_array     0x000000000002def8        0x4
 *(SORT(.init_array.*) SORT(.ctors.*))
 *(.init_array EXCLUDE_FILE(*crtend?.o *crtend.o *crtbegin?.o *crtbegin.o) .ctors)
 .init_array    0x000000000002def8        0x4 /usr/lib/gcc/i686-linux-gnu/4.8/crtbeginS.o

.fini_array     0x000000000002defc        0x4
 *(SORT(.fini_array.*) SORT(.dtors.*))
 *(.fini_array EXCLUDE_FILE(*crtend?.o *crtend.o *crtbegin?.o *crtbegin.o) .dtors)
 .fini_array    0x000000000002defc        0x4 /usr/lib/gcc/i686-linux-gnu/4.8/crtbeginS.o

.ctors
 *crtbegin.o(.ctors)
 *crtbegin?.o(.ctors)
 *(EXCLUDE_FILE(*crtend?.o *crtend.o) .ctors)
 *(SORT(.ctors.*))
 *(.ctors)

.dtors
 *crtbegin.o(.dtors)
 *crtbegin?.o(.dtors)
 *(EXCLUDE_FILE(*crtend?.o *crtend.o) .dtors)
 *(SORT(.dtors.*))
 *(.dtors)

.jcr            0x000000000002df00        0x4
 *(.jcr)
 .jcr           0x000000000002df00        0x0 /usr/lib/gcc/i686-linux-gnu/4.8/crtbeginS.o
 .jcr           0x000000000002df00        0x4 /usr/lib/gcc/i686-linux-gnu/4.8/crtendS.o

.data.rel.ro
 *(.data.rel.ro.local* .gnu.linkonce.d.rel.ro.local.*)
 *(.data.rel.ro .data.rel.ro.* .gnu.linkonce.d.rel.ro.*)

.dynamic        0x000000000002df04       0xe8
 *(.dynamic)
 .dynamic       0x000000000002df04       0xe8 /usr/lib/gcc/i686-linux-gnu/4.8/../../../i386-linux-gnu/crti.o
                0x000000000002df04                _DYNAMIC

.got            0x000000000002dfec       0x14
 *(.got)
 .got           0x000000000002dfec       0x14 /usr/lib/gcc/i686-linux-gnu/4.8/../../../i386-linux-gnu/crti.o
 *(.igot)
                0x000000000002eff4                . = DATA_SEGMENT_RELRO_END (., (SIZEOF (.got.plt) >= 0xc)?0xc:0x0)

.got.plt        0x000000000002e000       0x14
 *(.got.plt)
 .got.plt       0x000000000002e000       0x14 /usr/lib/gcc/i686-linux-gnu/4.8/../../../i386-linux-gnu/crti.o
                0x000000000002e000                _GLOBAL_OFFSET_TABLE_
 *(.igot.plt)

.data           0x000000000002e020      0x22a
 *(.data .data.* .gnu.linkonce.d.*)
 .data          0x000000000002e020        0x0 /usr/lib/gcc/i686-linux-gnu/4.8/../../../i386-linux-gnu/crti.o
 .data          0x000000000002e020        0x0 /usr/lib/gcc/i686-linux-gnu/4.8/crtbeginS.o
 .data.rel      0x000000000002e020        0x4 /usr/lib/gcc/i686-linux-gnu/4.8/crtbeginS.o
                0x000000000002e020                __dso_handle
 .data          0x000000000002e024       0x14 udp-client.co
                0x000000000002e024                remaining_energy
                0x000000000002e025                alpha
                0x000000000002e028                udp_client_process
 *fill*         0x000000000002e038        0x8 
 .data          0x000000000002e040       0x44 obj_cooja/mtype359.o
                0x000000000002e040                simInterfaces
                0x000000000002e074                sensors
 .data          0x000000000002e084        0x0 obj_cooja/mtype359.a(simEnvChange.o)
 .data          0x000000000002e084        0x0 obj_cooja/mtype359.a(cooja_mt.o)
 .data          0x000000000002e084        0x0 obj_cooja/mtype359.a(cooja_mtarch.o)
 .data          0x000000000002e084        0x0 obj_cooja/mtype359.a(rtimer-arch.o)
 .data          0x000000000002e084        0x0 obj_cooja/mtype359.a(beep.o)
 .data          0x000000000002e084        0x0 obj_cooja/mtype359.a(button-sensor.o)
 .data          0x000000000002e084        0x0 obj_cooja/mtype359.a(leds-arch.o)
 .data          0x000000000002e084        0x0 obj_cooja/mtype359.a(moteid.o)
 .data          0x000000000002e084        0x0 obj_cooja/mtype359.a(pir-sensor.o)
 .data          0x000000000002e084        0x0 obj_cooja/mtype359.a(rs232.o)
 .data          0x000000000002e084        0x0 obj_cooja/mtype359.a(vib-sensor.o)
 .data          0x000000000002e084        0x0 obj_cooja/mtype359.a(clock.o)
 .data          0x000000000002e084        0x0 obj_cooja/mtype359.a(log.o)
 .data          0x000000000002e084        0x0 obj_cooja/mtype359.a(cfs-cooja.o)
 .data          0x000000000002e084       0x38 obj_cooja/mtype359.a(cooja-radio.o)
                0x000000000002e084                simRadioChannel
                0x000000000002e088                simRadioChannelLR
                0x000000000002e08c                simRadioHWOn
                0x000000000002e08d                simRadioHWOnLR
                0x000000000002e090                simSignalStrength
                0x000000000002e094                simSignalStrengthLR
                0x000000000002e098                simLastSignalStrength
                0x000000000002e09c                simLastSignalStrengthLR
                0x000000000002e0a0                simPower
                0x000000000002e0a1                simPowerLR
                0x000000000002e0a4                simLQI
                0x000000000002e0a8                simLQILR
                0x000000000002e0ac                cooja_radio_process
 .data          0x000000000002e0bc        0x0 obj_cooja/mtype359.a(eeprom.o)
 .data          0x000000000002e0bc        0x0 obj_cooja/mtype359.a(random.o)
 .data          0x000000000002e0bc       0x10 obj_cooja/mtype359.a(sensors.o)
                0x000000000002e0bc                sensors_process
 .data          0x000000000002e0cc       0x24 obj_cooja/mtype359.a(dual_conf.o)
                0x000000000002e0cc                radio_received
                0x000000000002e0d0                dual_dio_broadcast
                0x000000000002e0e0                dual_dis_broadcast
 .data          0x000000000002e0f0        0x0 obj_cooja/mtype359.a(autostart.o)
 .data          0x000000000002e0f0       0x14 obj_cooja/mtype359.a(ctimer.o)
                0x000000000002e0f4                ctimer_process
 .data          0x000000000002e104       0x10 obj_cooja/mtype359.a(etimer.o)
                0x000000000002e104                etimer_process
 .data          0x000000000002e114        0x0 obj_cooja/mtype359.a(process.o)
 .data          0x000000000002e114        0x0 obj_cooja/mtype359.a(rtimer.o)
 .data          0x000000000002e114        0x0 obj_cooja/mtype359.a(stimer.o)
 .data          0x000000000002e114        0x0 obj_cooja/mtype359.a(timer.o)
 .data          0x000000000002e114       0x10 obj_cooja/mtype359.a(serial-line.o)
                0x000000000002e114                serial_line_process
 .data          0x000000000002e124        0x0 obj_cooja/mtype359.a(list.o)
 .data          0x000000000002e124        0x0 obj_cooja/mtype359.a(ringbuf.o)
 .data          0x000000000002e124        0x0 obj_cooja/mtype359.a(sicslowpan.o)
 .data          0x000000000002e124       0x14 obj_cooja/mtype359.a(uip-ds6-nbr.o)
                0x000000000002e134                ds6_neighbors
 .data          0x000000000002e138       0x44 obj_cooja/mtype359.a(uip-ds6-route.o)
                0x000000000002e148                nbr_routes
 .data          0x000000000002e17c        0x0 obj_cooja/mtype359.a(uip-ds6.o)
 .data          0x000000000002e17c        0x0 obj_cooja/mtype359.a(uip6.o)
 .data          0x000000000002e17c       0x10 obj_cooja/mtype359.a(tcpip.o)
                0x000000000002e17c                tcpip_process
 .data          0x000000000002e18c        0x0 obj_cooja/mtype359.a(uip-debug.o)
 .data          0x000000000002e18c        0xc obj_cooja/mtype359.a(uip-packetqueue)
 .data          0x000000000002e198        0x0 obj_cooja/mtype359.a(uip-udp-packet.)
 .data          0x000000000002e198       0x14 obj_cooja/mtype359.a(rpl-dag.o)
                0x000000000002e1a8                rpl_parents
 .data          0x000000000002e1ac        0x0 obj_cooja/mtype359.a(rpl-ext-header.)
 .data          0x000000000002e1ac       0x34 obj_cooja/mtype359.a(rpl-icmp6.o)
 .data          0x000000000002e1e0       0x1c obj_cooja/mtype359.a(rpl-jkof.o)
                0x000000000002e1e0                rpl_jkof
 .data          0x000000000002e1fc        0x0 obj_cooja/mtype359.a(rpl-timers.o)
 .data          0x000000000002e1fc        0x0 obj_cooja/mtype359.a(rpl.o)
 .data          0x000000000002e1fc        0x0 obj_cooja/mtype359.a(framer-802154.o)
 .data          0x000000000002e1fc        0x0 obj_cooja/mtype359.a(nullmac.o)
 .data          0x000000000002e1fc        0x0 obj_cooja/mtype359.a(nullrdc.o)
 .data          0x000000000002e1fc        0x0 obj_cooja/mtype359.a(linkaddr.o)
 .data          0x000000000002e1fc       0x10 obj_cooja/mtype359.a(nbr-table.o)
 .data          0x000000000002e20c        0x0 obj_cooja/mtype359.a(netstack.o)
 .data          0x000000000002e20c        0x4 obj_cooja/mtype359.a(packetbuf.o)
 .data          0x000000000002e210       0x18 obj_cooja/mtype359.a(queuebuf.o)
 .data          0x000000000002e228        0x0 obj_cooja/mtype359.a(nullsec.o)
 .data          0x000000000002e228        0x0 obj_cooja/mtype359.a(watchdog.o)
 .data          0x000000000002e228        0x0 obj_cooja/mtype359.a(rimestats.o)
 .data          0x000000000002e228        0x0 obj_cooja/mtype359.a(memb.o)
 .data          0x000000000002e228       0x20 obj_cooja/mtype359.a(uip-icmp6.o)
 .data          0x000000000002e248        0x0 obj_cooja/mtype359.a(uip-nd6.o)
 .data          0x000000000002e248        0x0 obj_cooja/mtype359.a(rpl-nbr-policy.)
 .data          0x000000000002e248        0x2 obj_cooja/mtype359.a(frame802154.o)
 .data          0x000000000002e24a        0x0 obj_cooja/mtype359.a(mac-sequence.o)
 .data          0x000000000002e24a        0x0 obj_cooja/mtype359.a(mac.o)
 .data          0x000000000002e24a        0x0 /usr/lib/gcc/i686-linux-gnu/4.8/crtendS.o
 .data          0x000000000002e24a        0x0 /usr/lib/gcc/i686-linux-gnu/4.8/../../../i386-linux-gnu/crtn.o

.tm_clone_table
                0x000000000002e24c        0x0
 .tm_clone_table
                0x000000000002e24c        0x0 /usr/lib/gcc/i686-linux-gnu/4.8/crtbeginS.o
 .tm_clone_table
                0x000000000002e24c        0x0 /usr/lib/gcc/i686-linux-gnu/4.8/crtendS.o

.data1
 *(.data1)
                0x000000000002e24c                _edata = .
                0x000000000002e24c                PROVIDE (edata, .)
                0x000000000002e24c                . = .
                0x000000000002e24c                __bss_start = .

.bss            0x000000000002e260     0x8388
 *(.dynbss)
 .dynbss        0x0000000000000000        0x0 /usr/lib/gcc/i686-linux-gnu/4.8/../../../i386-linux-gnu/crti.o
 *(.bss .bss.* .gnu.linkonce.b.*)
 .bss           0x000000000002e260        0x0 /usr/lib/gcc/i686-linux-gnu/4.8/../../../i386-linux-gnu/crti.o
 .bss           0x000000000002e260        0x1 /usr/lib/gcc/i686-linux-gnu/4.8/crtbeginS.o
 *fill*         0x000000000002e261       0x1f 
 .bss           0x000000000002e280       0x60 udp-client.co
 .bss           0x000000000002e2e0     0x2030 obj_cooja/mtype359.o
 .bss           0x0000000000030310        0x1 obj_cooja/mtype359.a(simEnvChange.o)
                0x0000000000030310                simDontFallAsleep
 *fill*         0x0000000000030311        0x3 
 .bss           0x0000000000030314        0x4 obj_cooja/mtype359.a(cooja_mt.o)
 .bss           0x0000000000030318        0x4 obj_cooja/mtype359.a(cooja_mtarch.o)
 .bss           0x000000000003031c        0xc obj_cooja/mtype359.a(rtimer-arch.o)
 .bss           0x0000000000030328        0x0 obj_cooja/mtype359.a(beep.o)
 .bss           0x0000000000030328        0x8 obj_cooja/mtype359.a(button-sensor.o)
 .bss           0x0000000000030330        0x0 obj_cooja/mtype359.a(leds-arch.o)
 .bss           0x0000000000030330        0x0 obj_cooja/mtype359.a(moteid.o)
 .bss           0x0000000000030330        0x1 obj_cooja/mtype359.a(pir-sensor.o)
                0x0000000000030330                simPirValue
 *fill*         0x0000000000030331        0x3 
 .bss           0x0000000000030334        0x4 obj_cooja/mtype359.a(rs232.o)
 .bss           0x0000000000030338        0x1 obj_cooja/mtype359.a(vib-sensor.o)
                0x0000000000030338                simVibValue
 .bss           0x0000000000030339        0x0 obj_cooja/mtype359.a(clock.o)
 *fill*         0x0000000000030339        0x7 
 .bss           0x0000000000030340      0x420 obj_cooja/mtype359.a(log.o)
 .bss           0x0000000000030760      0xfc0 obj_cooja/mtype359.a(cfs-cooja.o)
                0x0000000000030760                simCFSData
                0x0000000000031700                simCFSSize
                0x0000000000031704                simCFSChanged
                0x0000000000031708                simCFSRead
                0x000000000003170c                simCFSWritten
 .bss           0x0000000000031720       0x20 obj_cooja/mtype359.a(cooja-radio.o)
                0x0000000000031720                simReceiving
                0x0000000000031721                simReceivingLR
                0x0000000000031724                simInSize
                0x0000000000031728                simInSizeLR
                0x000000000003172c                simOutSize
                0x0000000000031730                simOutSizeLR
                0x0000000000031734                LongRangeTransmit
                0x0000000000031738                LongRangeReceiving
 .bss           0x0000000000031740        0xc obj_cooja/mtype359.a(eeprom.o)
                0x0000000000031740                simEEPROMChanged
                0x0000000000031744                simEEPROMRead
                0x0000000000031748                simEEPROMWritten
 .bss           0x000000000003174c        0x0 obj_cooja/mtype359.a(random.o)
 .bss           0x000000000003174c        0xc obj_cooja/mtype359.a(sensors.o)
 .bss           0x0000000000031758       0x28 obj_cooja/mtype359.a(dual_conf.o)
                0x0000000000031758                long_range_radio
 .bss           0x0000000000031780        0x0 obj_cooja/mtype359.a(autostart.o)
 .bss           0x0000000000031780        0x5 obj_cooja/mtype359.a(ctimer.o)
 *fill*         0x0000000000031785        0x3 
 .bss           0x0000000000031788        0x8 obj_cooja/mtype359.a(etimer.o)
 *fill*         0x0000000000031790       0x10 
 .bss           0x00000000000317a0      0x1b1 obj_cooja/mtype359.a(process.o)
                0x00000000000317a0                process_list
                0x00000000000317a4                process_current
 *fill*         0x0000000000031951        0x3 
 .bss           0x0000000000031954        0x4 obj_cooja/mtype359.a(rtimer.o)
 .bss           0x0000000000031958        0x0 obj_cooja/mtype359.a(stimer.o)
 .bss           0x0000000000031958        0x0 obj_cooja/mtype359.a(timer.o)
 *fill*         0x0000000000031958        0x8 
 .bss           0x0000000000031960      0x140 obj_cooja/mtype359.a(serial-line.o)
 .bss           0x0000000000031aa0        0x0 obj_cooja/mtype359.a(list.o)
 .bss           0x0000000000031aa0        0x0 obj_cooja/mtype359.a(ringbuf.o)
 .bss           0x0000000000031aa0      0x70c obj_cooja/mtype359.a(sicslowpan.o)
 *fill*         0x00000000000321ac       0x14 
 .bss           0x00000000000321c0      0x1e0 obj_cooja/mtype359.a(uip-ds6-nbr.o)
 .bss           0x00000000000323a0      0x308 obj_cooja/mtype359.a(uip-ds6-route.o)
 .bss           0x00000000000326a8       0x30 obj_cooja/mtype359.a(uip-ds6.o)
 .bss           0x00000000000326d8        0xe obj_cooja/mtype359.a(uip6.o)
                0x00000000000326d8                uip_ext_bitmap
                0x00000000000326d9                uip_ext_len
                0x00000000000326da                uip_ext_opt_offset
 *fill*         0x00000000000326e6       0x1a 
 .bss           0x0000000000032700       0x6a obj_cooja/mtype359.a(tcpip.o)
 .bss           0x000000000003276a        0x0 obj_cooja/mtype359.a(uip-debug.o)
 *fill*         0x000000000003276a       0x16 
 .bss           0x0000000000032780      0xcf8 obj_cooja/mtype359.a(uip-packetqueue)
 .bss           0x0000000000033478        0x0 obj_cooja/mtype359.a(uip-udp-packet.)
 *fill*         0x0000000000033478        0x8 
 .bss           0x0000000000033480      0x140 obj_cooja/mtype359.a(rpl-dag.o)
 .bss           0x00000000000335c0        0x0 obj_cooja/mtype359.a(rpl-ext-header.)
 .bss           0x00000000000335c0        0x0 obj_cooja/mtype359.a(rpl-icmp6.o)
 .bss           0x00000000000335c0        0x0 obj_cooja/mtype359.a(rpl-jkof.o)
 .bss           0x00000000000335c0       0x23 obj_cooja/mtype359.a(rpl-timers.o)
 *fill*         0x00000000000335e3        0x1 
 .bss           0x00000000000335e4        0x4 obj_cooja/mtype359.a(rpl.o)
 .bss           0x00000000000335e8        0x2 obj_cooja/mtype359.a(framer-802154.o)
 .bss           0x00000000000335ea        0x0 obj_cooja/mtype359.a(nullmac.o)
 .bss           0x00000000000335ea        0x0 obj_cooja/mtype359.a(nullrdc.o)
 .bss           0x00000000000335ea        0x0 obj_cooja/mtype359.a(linkaddr.o)
 *fill*         0x00000000000335ea       0x16 
 .bss           0x0000000000033600      0x174 obj_cooja/mtype359.a(nbr-table.o)
 .bss           0x0000000000033774        0x0 obj_cooja/mtype359.a(netstack.o)
 *fill*         0x0000000000033774        0xc 
 .bss           0x0000000000033780       0xa0 obj_cooja/mtype359.a(packetbuf.o)
 .bss           0x0000000000033820      0xb80 obj_cooja/mtype359.a(queuebuf.o)
 .bss           0x00000000000343a0        0x0 obj_cooja/mtype359.a(nullsec.o)
 .bss           0x00000000000343a0        0x0 obj_cooja/mtype359.a(watchdog.o)
 .bss           0x00000000000343a0        0x0 obj_cooja/mtype359.a(rimestats.o)
 .bss           0x00000000000343a0        0x0 obj_cooja/mtype359.a(memb.o)
 .bss           0x00000000000343a0       0x18 obj_cooja/mtype359.a(uip-icmp6.o)
 .bss           0x00000000000343b8        0x0 obj_cooja/mtype359.a(uip-nd6.o)
 *fill*         0x00000000000343b8        0x8 
 .bss           0x00000000000343c0       0x44 obj_cooja/mtype359.a(rpl-nbr-policy.)
 .bss           0x0000000000034404        0x0 obj_cooja/mtype359.a(frame802154.o)
 *fill*         0x0000000000034404       0x1c 
 .bss           0x0000000000034420       0x90 obj_cooja/mtype359.a(mac-sequence.o)
 .bss           0x00000000000344b0        0x0 obj_cooja/mtype359.a(mac.o)
 .bss           0x00000000000344b0        0x0 /usr/lib/gcc/i686-linux-gnu/4.8/crtendS.o
 .bss           0x00000000000344b0        0x0 /usr/lib/gcc/i686-linux-gnu/4.8/../../../i386-linux-gnu/crtn.o
 *(COMMON)
 COMMON         0x00000000000344b0        0x8 obj_cooja/mtype359.o
                0x00000000000344b0                referenceVar
                0x00000000000344b4                sensors_flags
 COMMON         0x00000000000344b8        0xc obj_cooja/mtype359.a(simEnvChange.o)
                0x00000000000344b8                simEtimerPending
                0x00000000000344bc                simProcessRunValue
                0x00000000000344c0                simNextExpirationTime
 COMMON         0x00000000000344c4        0x1 obj_cooja/mtype359.a(beep.o)
                0x00000000000344c4                simBeeped
 COMMON         0x00000000000344c5        0x3 obj_cooja/mtype359.a(button-sensor.o)
                0x00000000000344c5                simButtonIsActive
                0x00000000000344c6                simButtonIsDown
                0x00000000000344c7                simButtonChanged
 COMMON         0x00000000000344c8        0x1 obj_cooja/mtype359.a(leds-arch.o)
                0x00000000000344c8                simLedsValue
 *fill*         0x00000000000344c9        0x3 
 COMMON         0x00000000000344cc        0xc obj_cooja/mtype359.a(moteid.o)
                0x00000000000344cc                simRandomSeed
                0x00000000000344d0                simMoteIDChanged
                0x00000000000344d4                simMoteID
 COMMON         0x00000000000344d8        0x2 obj_cooja/mtype359.a(pir-sensor.o)
                0x00000000000344d8                simPirIsActive
                0x00000000000344d9                simPirChanged
 *fill*         0x00000000000344da        0x6 
 COMMON         0x00000000000344e0      0x820 obj_cooja/mtype359.a(rs232.o)
                0x00000000000344e0                simSerialReceivingFlag
                0x00000000000344e4                simSerialReceivingLength
                0x0000000000034500                simSerialReceivingData
 COMMON         0x0000000000034d00        0x2 obj_cooja/mtype359.a(vib-sensor.o)
                0x0000000000034d00                simVibChanged
                0x0000000000034d01                simVibIsActive
 *fill*         0x0000000000034d02        0x2 
 COMMON         0x0000000000034d04        0x4 obj_cooja/mtype359.a(clock.o)
                0x0000000000034d04                simCurrentTime
 *fill*         0x0000000000034d08       0x18 
 COMMON         0x0000000000034d20      0x420 obj_cooja/mtype359.a(log.o)
                0x0000000000034d20                simLoggedLength
                0x0000000000034d24                simLoggedFlag
                0x0000000000034d40                simLoggedData
 COMMON         0x0000000000035140      0x200 obj_cooja/mtype359.a(cooja-radio.o)
                0x0000000000035140                simOutDataBuffer
                0x00000000000351c0                simInDataBufferLR
                0x0000000000035240                simOutDataBufferLR
                0x00000000000352c0                simInDataBuffer
 COMMON         0x0000000000035340      0x400 obj_cooja/mtype359.a(eeprom.o)
                0x0000000000035340                simEEPROMData
 COMMON         0x0000000000035740        0x1 obj_cooja/mtype359.a(sensors.o)
                0x0000000000035740                sensors_event
 COMMON         0x0000000000035741        0x1 obj_cooja/mtype359.a(serial-line.o)
                0x0000000000035741                serial_line_event_message
 *fill*         0x0000000000035742       0x1e 
 COMMON         0x0000000000035760       0xc8 obj_cooja/mtype359.a(uip-ds6-nbr.o)
                0x0000000000035760                ds6_lr_addrmap
 *fill*         0x0000000000035828       0x18 
 COMMON         0x0000000000035840      0x298 obj_cooja/mtype359.a(uip-ds6.o)
                0x0000000000035840                uip_ds6_prefix_list
                0x00000000000358a0                uip_ds6_timer_periodic
                0x00000000000358b0                uip_ds6_netif_addr_list_offset
                0x00000000000358c0                uip_ds6_if
                0x00000000000359b8                uip_ds6_timer_ra
                0x00000000000359c0                uip_ds6_addr_size
                0x00000000000359e0                long_uip_ds6_if
 *fill*         0x0000000000035ad8        0x8 
 COMMON         0x0000000000035ae0      0x8ec obj_cooja/mtype359.a(uip6.o)
                0x0000000000035ae0                uip_slen
                0x0000000000035ae2                uip_acc32
                0x0000000000035b00                uip_conns
                0x0000000000035bc0                uip_lladdr
                0x0000000000035bc8                uip_appdata
                0x0000000000035bcc                uip_flags
                0x0000000000035be0                uip_aligned_buf
                0x0000000000036220                uip_listenports
                0x0000000000036230                uip_len
                0x0000000000036232                uip_long_lladdr
                0x000000000003623c                uip_sappdata
                0x0000000000036240                uip_udp_conns
                0x00000000000363c0                uip_udp_conn
                0x00000000000363c4                uip_next_hdr
                0x00000000000363c8                uip_conn
 COMMON         0x00000000000363cc        0x1 obj_cooja/mtype359.a(tcpip.o)
                0x00000000000363cc                tcpip_event
 *fill*         0x00000000000363cd       0x13 
 COMMON         0x00000000000363e0      0x170 obj_cooja/mtype359.a(rpl-dag.o)
                0x00000000000363e0                default_instance
                0x0000000000036400                instance_table
 COMMON         0x0000000000036550       0x10 obj_cooja/mtype359.a(linkaddr.o)
                0x0000000000036550                linkaddr_node_addr
                0x0000000000036558                long_linkaddr_node_addr
 COMMON         0x0000000000036560       0x2e obj_cooja/mtype359.a(packetbuf.o)
                0x0000000000036560                packetbuf_attrs
                0x000000000003657e                packetbuf_addrs
 *fill*         0x000000000003658e       0x12 
 COMMON         0x00000000000365a0       0x48 obj_cooja/mtype359.a(rimestats.o)
                0x00000000000365a0                rimestats
                0x00000000000365e8                . = ALIGN ((. != 0x0)?0x4:0x1)
                0x00000000000365e8                . = ALIGN (0x4)
                0x00000000000365e8                . = SEGMENT_START ("ldata-segment", .)
                0x00000000000365e8                . = ALIGN (0x4)
                0x00000000000365e8                _end = .
                0x00000000000365e8                PROVIDE (end, .)
                0x00000000000365e8                . = DATA_SEGMENT_END (.)

.stab
 *(.stab)

.stabstr
 *(.stabstr)

.stab.excl
 *(.stab.excl)

.stab.exclstr
 *(.stab.exclstr)

.stab.index
 *(.stab.index)

.stab.indexstr
 *(.stab.indexstr)

.comment        0x0000000000000000       0x2b
 *(.comment)
 .comment       0x0000000000000000       0x2b /usr/lib/gcc/i686-linux-gnu/4.8/crtbeginS.o
                                         0x2c (size before relaxing)
 .comment       0x0000000000000000       0x2c udp-client.co
 .comment       0x0000000000000000       0x2c obj_cooja/mtype359.o
 .comment       0x0000000000000000       0x2c obj_cooja/mtype359.a(simEnvChange.o)
 .comment       0x0000000000000000       0x2c obj_cooja/mtype359.a(cooja_mt.o)
 .comment       0x0000000000000000       0x2c obj_cooja/mtype359.a(cooja_mtarch.o)
 .comment       0x0000000000000000       0x2c obj_cooja/mtype359.a(rtimer-arch.o)
 .comment       0x0000000000000000       0x2c obj_cooja/mtype359.a(beep.o)
 .comment       0x0000000000000000       0x2c obj_cooja/mtype359.a(button-sensor.o)
 .comment       0x0000000000000000       0x2c obj_cooja/mtype359.a(leds-arch.o)
 .comment       0x0000000000000000       0x2c obj_cooja/mtype359.a(moteid.o)
 .comment       0x0000000000000000       0x2c obj_cooja/mtype359.a(pir-sensor.o)
 .comment       0x0000000000000000       0x2c obj_cooja/mtype359.a(rs232.o)
 .comment       0x0000000000000000       0x2c obj_cooja/mtype359.a(vib-sensor.o)
 .comment       0x0000000000000000       0x2c obj_cooja/mtype359.a(clock.o)
 .comment       0x0000000000000000       0x2c obj_cooja/mtype359.a(log.o)
 .comment       0x0000000000000000       0x2c obj_cooja/mtype359.a(cfs-cooja.o)
 .comment       0x0000000000000000       0x2c obj_cooja/mtype359.a(cooja-radio.o)
 .comment       0x0000000000000000       0x2c obj_cooja/mtype359.a(eeprom.o)
 .comment       0x0000000000000000       0x2c obj_cooja/mtype359.a(random.o)
 .comment       0x0000000000000000       0x2c obj_cooja/mtype359.a(sensors.o)
 .comment       0x0000000000000000       0x2c obj_cooja/mtype359.a(dual_conf.o)
 .comment       0x0000000000000000       0x2c obj_cooja/mtype359.a(autostart.o)
 .comment       0x0000000000000000       0x2c obj_cooja/mtype359.a(ctimer.o)
 .comment       0x0000000000000000       0x2c obj_cooja/mtype359.a(etimer.o)
 .comment       0x0000000000000000       0x2c obj_cooja/mtype359.a(process.o)
 .comment       0x0000000000000000       0x2c obj_cooja/mtype359.a(rtimer.o)
 .comment       0x0000000000000000       0x2c obj_cooja/mtype359.a(stimer.o)
 .comment       0x0000000000000000       0x2c obj_cooja/mtype359.a(timer.o)
 .comment       0x0000000000000000       0x2c obj_cooja/mtype359.a(serial-line.o)
 .comment       0x0000000000000000       0x2c obj_cooja/mtype359.a(list.o)
 .comment       0x0000000000000000       0x2c obj_cooja/mtype359.a(ringbuf.o)
 .comment       0x0000000000000000       0x2c obj_cooja/mtype359.a(sicslowpan.o)
 .comment       0x0000000000000000       0x2c obj_cooja/mtype359.a(uip-ds6-nbr.o)
 .comment       0x0000000000000000       0x2c obj_cooja/mtype359.a(uip-ds6-route.o)
 .comment       0x0000000000000000       0x2c obj_cooja/mtype359.a(uip-ds6.o)
 .comment       0x0000000000000000       0x2c obj_cooja/mtype359.a(uip6.o)
 .comment       0x0000000000000000       0x2c obj_cooja/mtype359.a(tcpip.o)
 .comment       0x0000000000000000       0x2c obj_cooja/mtype359.a(uip-debug.o)
 .comment       0x0000000000000000       0x2c obj_cooja/mtype359.a(uip-packetqueue)
 .comment       0x0000000000000000       0x2c obj_cooja/mtype359.a(uip-udp-packet.)
 .comment       0x0000000000000000       0x2c obj_cooja/mtype359.a(rpl-dag.o)
 .comment       0x0000000000000000       0x2c obj_cooja/mtype359.a(rpl-ext-header.)
 .comment       0x0000000000000000       0x2c obj_cooja/mtype359.a(rpl-icmp6.o)
 .comment       0x0000000000000000       0x2c obj_cooja/mtype359.a(rpl-jkof.o)
 .comment       0x0000000000000000       0x2c obj_cooja/mtype359.a(rpl-timers.o)
 .comment       0x0000000000000000       0x2c obj_cooja/mtype359.a(rpl.o)
 .comment       0x0000000000000000       0x2c obj_cooja/mtype359.a(framer-802154.o)
 .comment       0x0000000000000000       0x2c obj_cooja/mtype359.a(nullmac.o)
 .comment       0x0000000000000000       0x2c obj_cooja/mtype359.a(nullrdc.o)
 .comment       0x0000000000000000       0x2c obj_cooja/mtype359.a(linkaddr.o)
 .comment       0x0000000000000000       0x2c obj_cooja/mtype359.a(nbr-table.o)
 .comment       0x0000000000000000       0x2c obj_cooja/mtype359.a(netstack.o)
 .comment       0x0000000000000000       0x2c obj_cooja/mtype359.a(packetbuf.o)
 .comment       0x0000000000000000       0x2c obj_cooja/mtype359.a(queuebuf.o)
 .comment       0x0000000000000000       0x2c obj_cooja/mtype359.a(nullsec.o)
 .comment       0x0000000000000000       0x2c obj_cooja/mtype359.a(watchdog.o)
 .comment       0x0000000000000000       0x2c obj_cooja/mtype359.a(rimestats.o)
 .comment       0x0000000000000000       0x2c obj_cooja/mtype359.a(memb.o)
 .comment       0x0000000000000000       0x2c obj_cooja/mtype359.a(uip-icmp6.o)
 .comment       0x0000000000000000       0x2c obj_cooja/mtype359.a(uip-nd6.o)
 .comment       0x0000000000000000       0x2c obj_cooja/mtype359.a(rpl-nbr-policy.)
 .comment       0x0000000000000000       0x2c obj_cooja/mtype359.a(frame802154.o)
 .comment       0x0000000000000000       0x2c obj_cooja/mtype359.a(mac-sequence.o)
 .comment       0x0000000000000000       0x2c obj_cooja/mtype359.a(mac.o)
 .comment       0x0000000000000000       0x2c /usr/lib/gcc/i686-linux-gnu/4.8/crtendS.o

.debug
 *(.debug)

.line
 *(.line)

.debug_srcinfo
 *(.debug_srcinfo)

.debug_sfnames
 *(.debug_sfnames)

.debug_aranges  0x0000000000000000      0x7f8
 *(.debug_aranges)
 .debug_aranges
                0x0000000000000000       0x20 udp-client.co
 .debug_aranges
                0x0000000000000020       0x20 obj_cooja/mtype359.o
 .debug_aranges
                0x0000000000000040       0x20 obj_cooja/mtype359.a(simEnvChange.o)
 .debug_aranges
                0x0000000000000060       0x20 obj_cooja/mtype359.a(cooja_mt.o)
 .debug_aranges
                0x0000000000000080       0x20 obj_cooja/mtype359.a(cooja_mtarch.o)
 .debug_aranges
                0x00000000000000a0       0x20 obj_cooja/mtype359.a(rtimer-arch.o)
 .debug_aranges
                0x00000000000000c0       0x20 obj_cooja/mtype359.a(beep.o)
 .debug_aranges
                0x00000000000000e0       0x20 obj_cooja/mtype359.a(button-sensor.o)
 .debug_aranges
                0x0000000000000100       0x20 obj_cooja/mtype359.a(leds-arch.o)
 .debug_aranges
                0x0000000000000120       0x20 obj_cooja/mtype359.a(moteid.o)
 .debug_aranges
                0x0000000000000140       0x20 obj_cooja/mtype359.a(pir-sensor.o)
 .debug_aranges
                0x0000000000000160       0x20 obj_cooja/mtype359.a(rs232.o)
 .debug_aranges
                0x0000000000000180       0x20 obj_cooja/mtype359.a(vib-sensor.o)
 .debug_aranges
                0x00000000000001a0       0x20 obj_cooja/mtype359.a(clock.o)
 .debug_aranges
                0x00000000000001c0       0x20 obj_cooja/mtype359.a(log.o)
 .debug_aranges
                0x00000000000001e0       0x20 obj_cooja/mtype359.a(cfs-cooja.o)
 .debug_aranges
                0x0000000000000200       0x20 obj_cooja/mtype359.a(cooja-radio.o)
 .debug_aranges
                0x0000000000000220       0x20 obj_cooja/mtype359.a(eeprom.o)
 .debug_aranges
                0x0000000000000240       0x20 obj_cooja/mtype359.a(random.o)
 .debug_aranges
                0x0000000000000260       0x20 obj_cooja/mtype359.a(sensors.o)
 .debug_aranges
                0x0000000000000280       0x20 obj_cooja/mtype359.a(dual_conf.o)
 .debug_aranges
                0x00000000000002a0       0x20 obj_cooja/mtype359.a(autostart.o)
 .debug_aranges
                0x00000000000002c0       0x20 obj_cooja/mtype359.a(ctimer.o)
 .debug_aranges
                0x00000000000002e0       0x20 obj_cooja/mtype359.a(etimer.o)
 .debug_aranges
                0x0000000000000300       0x20 obj_cooja/mtype359.a(process.o)
 .debug_aranges
                0x0000000000000320       0x20 obj_cooja/mtype359.a(rtimer.o)
 .debug_aranges
                0x0000000000000340       0x20 obj_cooja/mtype359.a(stimer.o)
 .debug_aranges
                0x0000000000000360       0x20 obj_cooja/mtype359.a(timer.o)
 .debug_aranges
                0x0000000000000380       0x20 obj_cooja/mtype359.a(serial-line.o)
 .debug_aranges
                0x00000000000003a0       0x20 obj_cooja/mtype359.a(list.o)
 .debug_aranges
                0x00000000000003c0       0x20 obj_cooja/mtype359.a(ringbuf.o)
 .debug_aranges
                0x00000000000003e0       0x20 obj_cooja/mtype359.a(sicslowpan.o)
 .debug_aranges
                0x0000000000000400       0x20 obj_cooja/mtype359.a(uip-ds6-nbr.o)
 .debug_aranges
                0x0000000000000420       0x20 obj_cooja/mtype359.a(uip-ds6-route.o)
 .debug_aranges
                0x0000000000000440       0x20 obj_cooja/mtype359.a(uip-ds6.o)
 .debug_aranges
                0x0000000000000460       0x20 obj_cooja/mtype359.a(uip6.o)
 .debug_aranges
                0x0000000000000480       0x20 obj_cooja/mtype359.a(tcpip.o)
 .debug_aranges
                0x00000000000004a0       0x20 obj_cooja/mtype359.a(uip-debug.o)
 .debug_aranges
                0x00000000000004c0       0x20 obj_cooja/mtype359.a(uip-packetqueue)
 .debug_aranges
                0x00000000000004e0       0x20 obj_cooja/mtype359.a(uip-udp-packet.)
 .debug_aranges
                0x0000000000000500       0x20 obj_cooja/mtype359.a(rpl-dag.o)
 .debug_aranges
                0x0000000000000520       0x20 obj_cooja/mtype359.a(rpl-ext-header.)
 .debug_aranges
                0x0000000000000540       0x20 obj_cooja/mtype359.a(rpl-icmp6.o)
 .debug_aranges
                0x0000000000000560       0x20 obj_cooja/mtype359.a(rpl-jkof.o)
 .debug_aranges
                0x0000000000000580       0x20 obj_cooja/mtype359.a(rpl-timers.o)
 .debug_aranges
                0x00000000000005a0       0x20 obj_cooja/mtype359.a(rpl.o)
 .debug_aranges
                0x00000000000005c0       0x20 obj_cooja/mtype359.a(framer-802154.o)
 .debug_aranges
                0x00000000000005e0       0x20 obj_cooja/mtype359.a(nullmac.o)
 .debug_aranges
                0x0000000000000600       0x20 obj_cooja/mtype359.a(nullrdc.o)
 .debug_aranges
                0x0000000000000620       0x20 obj_cooja/mtype359.a(linkaddr.o)
 .debug_aranges
                0x0000000000000640       0x20 obj_cooja/mtype359.a(nbr-table.o)
 .debug_aranges
                0x0000000000000660       0x20 obj_cooja/mtype359.a(netstack.o)
 .debug_aranges
                0x0000000000000680       0x20 obj_cooja/mtype359.a(packetbuf.o)
 .debug_aranges
                0x00000000000006a0       0x20 obj_cooja/mtype359.a(queuebuf.o)
 .debug_aranges
                0x00000000000006c0       0x20 obj_cooja/mtype359.a(nullsec.o)
 .debug_aranges
                0x00000000000006e0       0x20 obj_cooja/mtype359.a(watchdog.o)
 .debug_aranges
                0x0000000000000700       0x18 obj_cooja/mtype359.a(rimestats.o)
 .debug_aranges
                0x0000000000000718       0x20 obj_cooja/mtype359.a(memb.o)
 .debug_aranges
                0x0000000000000738       0x20 obj_cooja/mtype359.a(uip-icmp6.o)
 .debug_aranges
                0x0000000000000758       0x20 obj_cooja/mtype359.a(uip-nd6.o)
 .debug_aranges
                0x0000000000000778       0x20 obj_cooja/mtype359.a(rpl-nbr-policy.)
 .debug_aranges
                0x0000000000000798       0x20 obj_cooja/mtype359.a(frame802154.o)
 .debug_aranges
                0x00000000000007b8       0x20 obj_cooja/mtype359.a(mac-sequence.o)
 .debug_aranges
                0x00000000000007d8       0x20 obj_cooja/mtype359.a(mac.o)

.debug_pubnames
 *(.debug_pubnames)

.debug_info     0x0000000000000000    0x1b0e5
 *(.debug_info .gnu.linkonce.wi.*)
 .debug_info    0x0000000000000000      0x8d5 udp-client.co
 .debug_info    0x00000000000008d5     0x3771 obj_cooja/mtype359.o
 .debug_info    0x0000000000004046      0x15a obj_cooja/mtype359.a(simEnvChange.o)
 .debug_info    0x00000000000041a0      0x1e2 obj_cooja/mtype359.a(cooja_mt.o)
 .debug_info    0x0000000000004382      0x2e7 obj_cooja/mtype359.a(cooja_mtarch.o)
 .debug_info    0x0000000000004669      0x16b obj_cooja/mtype359.a(rtimer-arch.o)
 .debug_info    0x00000000000047d4      0x1f3 obj_cooja/mtype359.a(beep.o)
 .debug_info    0x00000000000049c7      0x257 obj_cooja/mtype359.a(button-sensor.o)
 .debug_info    0x0000000000004c1e      0x132 obj_cooja/mtype359.a(leds-arch.o)
 .debug_info    0x0000000000004d50      0x10a obj_cooja/mtype359.a(moteid.o)
 .debug_info    0x0000000000004e5a      0x216 obj_cooja/mtype359.a(pir-sensor.o)
 .debug_info    0x0000000000005070      0x21e obj_cooja/mtype359.a(rs232.o)
 .debug_info    0x000000000000528e      0x216 obj_cooja/mtype359.a(vib-sensor.o)
 .debug_info    0x00000000000054a4      0x152 obj_cooja/mtype359.a(clock.o)
 .debug_info    0x00000000000055f6      0x2bb obj_cooja/mtype359.a(log.o)
 .debug_info    0x00000000000058b1      0x3cf obj_cooja/mtype359.a(cfs-cooja.o)
 .debug_info    0x0000000000005c80      0xcb8 obj_cooja/mtype359.a(cooja-radio.o)
 .debug_info    0x0000000000006938      0x1d5 obj_cooja/mtype359.a(eeprom.o)
 .debug_info    0x0000000000006b0d       0xb3 obj_cooja/mtype359.a(random.o)
 .debug_info    0x0000000000006bc0      0x36d obj_cooja/mtype359.a(sensors.o)
 .debug_info    0x0000000000006f2d      0x9a9 obj_cooja/mtype359.a(dual_conf.o)
 .debug_info    0x00000000000078d6      0x1a5 obj_cooja/mtype359.a(autostart.o)
 .debug_info    0x0000000000007a7b      0x46c obj_cooja/mtype359.a(ctimer.o)
 .debug_info    0x0000000000007ee7      0x49c obj_cooja/mtype359.a(etimer.o)
 .debug_info    0x0000000000008383      0x4ba obj_cooja/mtype359.a(process.o)
 .debug_info    0x000000000000883d      0x1ab obj_cooja/mtype359.a(rtimer.o)
 .debug_info    0x00000000000089e8      0x179 obj_cooja/mtype359.a(stimer.o)
 .debug_info    0x0000000000008b61      0x16c obj_cooja/mtype359.a(timer.o)
 .debug_info    0x0000000000008ccd      0x2de obj_cooja/mtype359.a(serial-line.o)
 .debug_info    0x0000000000008fab      0x2ed obj_cooja/mtype359.a(list.o)
 .debug_info    0x0000000000009298      0x1aa obj_cooja/mtype359.a(ringbuf.o)
 .debug_info    0x0000000000009442     0x105e obj_cooja/mtype359.a(sicslowpan.o)
 .debug_info    0x000000000000a4a0      0x8c7 obj_cooja/mtype359.a(uip-ds6-nbr.o)
 .debug_info    0x000000000000ad67      0xd30 obj_cooja/mtype359.a(uip-ds6-route.o)
 .debug_info    0x000000000000ba97      0xc19 obj_cooja/mtype359.a(uip-ds6.o)
 .debug_info    0x000000000000c6b0      0xea0 obj_cooja/mtype359.a(uip6.o)
 .debug_info    0x000000000000d550     0x14bf obj_cooja/mtype359.a(tcpip.o)
 .debug_info    0x000000000000ea0f      0x1b5 obj_cooja/mtype359.a(uip-debug.o)
 .debug_info    0x000000000000ebc4      0x470 obj_cooja/mtype359.a(uip-packetqueue)
 .debug_info    0x000000000000f034      0x37a obj_cooja/mtype359.a(uip-udp-packet.)
 .debug_info    0x000000000000f3ae     0x190c obj_cooja/mtype359.a(rpl-dag.o)
 .debug_info    0x0000000000010cba      0xe37 obj_cooja/mtype359.a(rpl-ext-header.)
 .debug_info    0x0000000000011af1     0x1769 obj_cooja/mtype359.a(rpl-icmp6.o)
 .debug_info    0x000000000001325a      0xb0f obj_cooja/mtype359.a(rpl-jkof.o)
 .debug_info    0x0000000000013d69      0xbf7 obj_cooja/mtype359.a(rpl-timers.o)
 .debug_info    0x0000000000014960      0xcea obj_cooja/mtype359.a(rpl.o)
 .debug_info    0x000000000001564a      0x5ed obj_cooja/mtype359.a(framer-802154.o)
 .debug_info    0x0000000000015c37      0x3d5 obj_cooja/mtype359.a(nullmac.o)
 .debug_info    0x000000000001600c      0xcee obj_cooja/mtype359.a(nullrdc.o)
 .debug_info    0x0000000000016cfa      0x198 obj_cooja/mtype359.a(linkaddr.o)
 .debug_info    0x0000000000016e92      0x9c3 obj_cooja/mtype359.a(nbr-table.o)
 .debug_info    0x0000000000017855      0x4ba obj_cooja/mtype359.a(netstack.o)
 .debug_info    0x0000000000017d0f      0x478 obj_cooja/mtype359.a(packetbuf.o)
 .debug_info    0x0000000000018187      0x57d obj_cooja/mtype359.a(queuebuf.o)
 .debug_info    0x0000000000018704      0x3aa obj_cooja/mtype359.a(nullsec.o)
 .debug_info    0x0000000000018aae       0x7b obj_cooja/mtype359.a(watchdog.o)
 .debug_info    0x0000000000018b29      0x119 obj_cooja/mtype359.a(rimestats.o)
 .debug_info    0x0000000000018c42      0x1d7 obj_cooja/mtype359.a(memb.o)
 .debug_info    0x0000000000018e19      0x784 obj_cooja/mtype359.a(uip-icmp6.o)
 .debug_info    0x000000000001959d      0x331 obj_cooja/mtype359.a(uip-nd6.o)
 .debug_info    0x00000000000198ce      0xdba obj_cooja/mtype359.a(rpl-nbr-policy.)
 .debug_info    0x000000000001a688      0x6b4 obj_cooja/mtype359.a(frame802154.o)