Archive member included because of file (symbol)

contiki-z1.a(contiki-z1-plat)
                              obj_z1/contiki-z1-main.o (init_platform)
contiki-z1.a(msp430.o)        obj_z1/contiki-z1-main.o (splhigh_)
contiki-z1.a(leds.o)          obj_z1/contiki-z1-main.o (leds_init)
contiki-z1.a(watchdog.o)      obj_z1/contiki-z1-main.o (watchdog_start)
contiki-z1.a(xmem.o)          obj_z1/contiki-z1-main.o (xmem_init)
contiki-z1.a(spi.o)           contiki-z1.a(xmem.o) (spi_init)
contiki-z1.a(cc2420.o)        obj_z1/contiki-z1-main.o (cc2420_set_pan_addr)
contiki-z1.a(cc2420-arch.o)   contiki-z1.a(cc2420.o) (cc2420_arch_init)
contiki-z1.a(node-id.o)       obj_z1/contiki-z1-main.o (node_id_restore)
contiki-z1.a(sensors.o)       contiki-z1.a(contiki-z1-plat) (sensors_process)
contiki-z1.a(button-sensor.o)
                              obj_z1/contiki-z1-main.o (button_sensor)
contiki-z1.a(uart0.o)         obj_z1/contiki-z1-main.o (uart0_active)
contiki-z1.a(uart0-putchar.o)
                              udp-client.co (putchar)
contiki-z1.a(cc1200.o)        obj_z1/contiki-z1-main.o (cc1200_init)
contiki-z1.a(cc1200-802154g-)
                              contiki-z1.a(cc1200.o) (cc1200_802154g_863_870_fsk_50kbps)
contiki-z1.a(cc1200-z1-arch.)
                              contiki-z1.a(cc1200.o) (cc1200_arch_spi_select)
contiki-z1.a(adxl345.o)       obj_z1/contiki-z1-main.o (accm_init)
contiki-z1.a(dual_radio.o)    contiki-z1.a(cc1200.o) (long_range_radio)
contiki-z1.a(clock.o)         obj_z1/contiki-z1-main.o (clock_init)
contiki-z1.a(leds-arch.o)     contiki-z1.a(leds.o) (leds_arch_init)
contiki-z1.a(rtimer-arch.o)   obj_z1/contiki-z1-main.o (rtimer_arch_now)
contiki-z1.a(autostart.o)     obj_z1/contiki-z1-main.o (autostart_start)
contiki-z1.a(ctimer.o)        obj_z1/contiki-z1-main.o (ctimer_init)
contiki-z1.a(energest.o)      obj_z1/contiki-z1-main.o (energest_init)
contiki-z1.a(etimer.o)        contiki-z1.a(clock.o) (etimer_request_poll)
contiki-z1.a(process.o)       udp-client.co (process_current)
contiki-z1.a(residual.o)      udp-client.co (get_residual_energy)
contiki-z1.a(rtimer.o)        obj_z1/contiki-z1-main.o (rtimer_init)
contiki-z1.a(stimer.o)        udp-client.co (stimer_remaining)
contiki-z1.a(timer.o)         contiki-z1.a(button-sensor.o) (timer_set)
contiki-z1.a(serial-line.o)   udp-client.co (serial_line_event_message)
contiki-z1.a(list.o)          contiki-z1.a(ctimer.o) (list_init)
contiki-z1.a(random.o)        obj_z1/contiki-z1-main.o (random_init)
contiki-z1.a(ringbuf.o)       contiki-z1.a(serial-line.o) (ringbuf_init)
contiki-z1.a(sicslowpan.o)    obj_z1/contiki-z1-main.o (sicslowpan_driver)
contiki-z1.a(uip6.o)          contiki-z1.a(sicslowpan.o) (uip_aligned_buf)
contiki-z1.a(uip-ds6.o)       contiki-z1.a(uip6.o) (uip_ds6_is_addr_onlink)
contiki-z1.a(uip-ds6-nbr.o)   contiki-z1.a(uip-ds6.o) (uip_ds6_neighbors_init)
contiki-z1.a(uip-ds6-route.o)
                              contiki-z1.a(uip-ds6.o) (uip_ds6_route_init)
contiki-z1.a(uip-icmp6.o)     contiki-z1.a(uip6.o) (uip_icmp6_input)
contiki-z1.a(uip-nd6.o)       contiki-z1.a(uip6.o) (uip_nd6_init)
contiki-z1.a(tcpip.o)         contiki-z1.a(sicslowpan.o) (tcpip_set_outputfunc)
contiki-z1.a(uip-debug.o)     udp-client.co (uip_debug_ipaddr_print)
contiki-z1.a(uip-udp-packet.)
                              udp-client.co (uip_udp_packet_sendto)
contiki-z1.a(rpl.o)           contiki-z1.a(uip-ds6-nbr.o) (rpl_link_neighbor_callback)
contiki-z1.a(rpl-dag.o)       contiki-z1.a(rpl.o) (default_instance)
contiki-z1.a(rpl-ext-header.)
                              contiki-z1.a(uip6.o) (rpl_verify_header)
contiki-z1.a(rpl-icmp6.o)     contiki-z1.a(rpl-dag.o) (rpl_icmp6_update_nbr_table)
contiki-z1.a(rpl-of0.o)       contiki-z1.a(rpl.o) (rpl_of0)
contiki-z1.a(rpl-timers.o)    contiki-z1.a(rpl.o) (rpl_reset_periodic_timer)
contiki-z1.a(frame802154.o)   contiki-z1.a(cc1200.o) (frame802154_parse)
contiki-z1.a(framer-802154.o)
                              contiki-z1.a(sicslowpan.o) (framer_802154)
contiki-z1.a(nullmac.o)       obj_z1/contiki-z1-main.o (nullmac_driver)
contiki-z1.a(cxmac.o)         obj_z1/contiki-z1-main.o (cxmac_driver)
contiki-z1.a(linkaddr.o)      obj_z1/contiki-z1-main.o (linkaddr_copy)
contiki-z1.a(nbr-table.o)     contiki-z1.a(rpl-of0.o) (long_ip_from_lladdr_map)
contiki-z1.a(packetbuf.o)     contiki-z1.a(framer-802154.o) (packetbuf_hdrreduce)
contiki-z1.a(queuebuf.o)      obj_z1/contiki-z1-main.o (queuebuf_init)
contiki-z1.a(nullsec.o)       contiki-z1.a(sicslowpan.o) (nullsec_driver)
contiki-z1.a(i2cmaster.o)     contiki-z1.a(adxl345.o) (i2c_receiveinit)
contiki-z1.a(compower.o)      contiki-z1.a(cxmac.o) (compower_idle_activity)
contiki-z1.a(memb.o)          contiki-z1.a(uip-ds6-route.o) (memb_init)
contiki-z1.a(rpl-nbr-policy.)
                              contiki-z1.a(nbr-table.o) (rpl_nbr_policy_find_removable)
contiki-z1.a(mac.o)           contiki-z1.a(cxmac.o) (mac_call_sent_callback)
[...]
Memory Configuration

Name             Origin             Length             Attributes
sfr              0x00000000         0x00000010
peripheral_8bit  0x00000010         0x000000f0
peripheral_16bit 0x00000100         0x00000100
ram_mirror       0x00000200         0x00000800         xw
infomem          0x00001000         0x00000100
infod            0x00001000         0x00000040
infoc            0x00001040         0x00000040
infob            0x00001080         0x00000040
infoa            0x000010c0         0x00000040
ram              0x00001100         0x00002000         xw
rom              0x00003100         0x0000cebe         xr
vectors          0x0000ffc0         0x00000040
far_rom          0x00010000         0x0000a000
bsl              0x00000000         0x00000000
ram2             0x00000000         0x00000000         xw
usbram           0x00000000         0x00000000         xw
*default*        0x00000000         0xffffffff

Linker script and memory map

LOAD /usr/local/msp430/bin/../lib/gcc/msp430/4.7.0/mcpu-430x/mmpy-16/msr20/mc20/crt0ivtbl32.o
                0x00000041                __P1SEL2 = 0x41
                0x00000045                __P5SEL2 = 0x45
LOAD udp-client.co
LOAD obj_z1/contiki-z1-main.o
LOAD contiki-z1.a
LOAD /usr/local/msp430/bin/../lib/gcc/msp430/4.7.0/mcpu-430x/mmpy-16/msr20/mc20/libgcc.a
LOAD /usr/local/msp430/bin/../lib/gcc/msp430/4.7.0/../../../../msp430/lib/mcpu-430x/mmpy-16/msr20/mc20/libc.a
LOAD /usr/local/msp430/bin/../lib/gcc/msp430/4.7.0/mcpu-430x/mmpy-16/msr20/mc20/libgcc.a
LOAD /usr/local/msp430/bin/../lib/gcc/msp430/4.7.0/mcpu-430x/mmpy-16/msr20/mc20/libcrt0.a
                0x00000040                PROVIDE (__info_segment_size, 0x40)
                0x00001000                PROVIDE (__infod, 0x1000)
                0x00001040                PROVIDE (__infoc, 0x1040)
                0x00001080                PROVIDE (__infob, 0x1080)
                0x000010c0                PROVIDE (__infoa, 0x10c0)
                0x00000000                __IE1 = 0x0
                0x00000002                __IFG1 = 0x2
                0x00000001                __IE2 = 0x1
                0x00000003                __IFG2 = 0x3
                0x00000006                __UC1IE = 0x6
                0x00000007                __UC1IFG = 0x7
                0x000001a0                __ADC12CTL0 = 0x1a0
                0x000001a2                __ADC12CTL1 = 0x1a2
                0x000001a4                __ADC12IFG = 0x1a4
                0x000001a6                __ADC12IE = 0x1a6
                0x000001a8                __ADC12IV = 0x1a8
                0x00000140                __ADC12MEM0 = 0x140
                0x00000142                __ADC12MEM1 = 0x142
                0x00000144                __ADC12MEM2 = 0x144
                0x00000146                __ADC12MEM3 = 0x146
                0x00000148                __ADC12MEM4 = 0x148
                0x0000014a                __ADC12MEM5 = 0x14a
                0x0000014c                __ADC12MEM6 = 0x14c
                0x0000014e                __ADC12MEM7 = 0x14e
                0x00000150                __ADC12MEM8 = 0x150
                0x00000152                __ADC12MEM9 = 0x152
                0x00000154                __ADC12MEM10 = 0x154
                0x00000156                __ADC12MEM11 = 0x156
                0x00000158                __ADC12MEM12 = 0x158
                0x0000015a                __ADC12MEM13 = 0x15a
                0x0000015c                __ADC12MEM14 = 0x15c
                0x0000015e                __ADC12MEM15 = 0x15e
                0x00000080                __ADC12MCTL0 = 0x80
                0x00000081                __ADC12MCTL1 = 0x81
                0x00000082                __ADC12MCTL2 = 0x82
                0x00000083                __ADC12MCTL3 = 0x83
                0x00000084                __ADC12MCTL4 = 0x84
                0x00000085                __ADC12MCTL5 = 0x85
                0x00000086                __ADC12MCTL6 = 0x86
                0x00000087                __ADC12MCTL7 = 0x87
                0x00000088                __ADC12MCTL8 = 0x88
                0x00000089                __ADC12MCTL9 = 0x89
                0x0000008a                __ADC12MCTL10 = 0x8a
                0x0000008b                __ADC12MCTL11 = 0x8b
                0x0000008c                __ADC12MCTL12 = 0x8c
                0x0000008d                __ADC12MCTL13 = 0x8d
                0x0000008e                __ADC12MCTL14 = 0x8e
                0x0000008f                __ADC12MCTL15 = 0x8f
                0x00000056                __DCOCTL = 0x56
                0x00000057                __BCSCTL1 = 0x57
                0x00000058                __BCSCTL2 = 0x58
                0x00000053                __BCSCTL3 = 0x53
                0x00000059                __CACTL1 = 0x59
                0x0000005a                __CACTL2 = 0x5a
                0x0000005b                __CAPD = 0x5b
                0x000001c0                __DAC12_0CTL = 0x1c0
                0x000001c2                __DAC12_1CTL = 0x1c2
                0x000001c8                __DAC12_0DAT = 0x1c8
                0x000001ca                __DAC12_1DAT = 0x1ca
                0x00000122                __DMACTL0 = 0x122
                0x00000124                __DMACTL1 = 0x124
                0x00000126                __DMAIV = 0x126
                0x000001d0                __DMA0CTL = 0x1d0
                0x000001dc                __DMA1CTL = 0x1dc
                0x000001e8                __DMA2CTL = 0x1e8
                0x000001d2                __DMA0SA = 0x1d2
                0x000001d2                __DMA0SAL = 0x1d2
                0x000001d6                __DMA0DA = 0x1d6
                0x000001d6                __DMA0DAL = 0x1d6
                0x000001da                __DMA0SZ = 0x1da
                0x000001de                __DMA1SA = 0x1de
                0x000001de                __DMA1SAL = 0x1de
                0x000001e2                __DMA1DA = 0x1e2
                0x000001e2                __DMA1DAL = 0x1e2
                0x000001e6                __DMA1SZ = 0x1e6
                0x000001ea                __DMA2SA = 0x1ea
                0x000001ea                __DMA2SAL = 0x1ea
                0x000001ee                __DMA2DA = 0x1ee
                0x000001ee                __DMA2DAL = 0x1ee
                0x000001f2                __DMA2SZ = 0x1f2
                0x00000128                __FCTL1 = 0x128
                0x0000012a                __FCTL2 = 0x12a
                0x0000012c                __FCTL3 = 0x12c
                0x000001be                __FCTL4 = 0x1be
                0x00000130                __MPY = 0x130
                0x00000132                __MPYS = 0x132
                0x00000134                __MAC = 0x134
                0x00000136                __MACS = 0x136
                0x00000138                __OP2 = 0x138
                0x0000013a                __RESLO = 0x13a
                0x0000013c                __RESHI = 0x13c
                0x0000013e                __SUMEXT = 0x13e
                0x00000020                __P1IN = 0x20
                0x00000021                __P1OUT = 0x21
                0x00000022                __P1DIR = 0x22
                0x00000023                __P1IFG = 0x23
                0x00000024                __P1IES = 0x24
                0x00000025                __P1IE = 0x25
                0x00000026                __P1SEL = 0x26
                0x00000027                __P1REN = 0x27
                0x00000028                __P2IN = 0x28
                0x00000029                __P2OUT = 0x29
                0x0000002a                __P2DIR = 0x2a
                0x0000002b                __P2IFG = 0x2b
                0x0000002c                __P2IES = 0x2c
                0x0000002d                __P2IE = 0x2d
                0x0000002e                __P2SEL = 0x2e
                0x0000002f                __P2REN = 0x2f
                0x00000018                __P3IN = 0x18
                0x00000019                __P3OUT = 0x19
                0x0000001a                __P3DIR = 0x1a
                0x0000001b                __P3SEL = 0x1b
                0x00000010                __P3REN = 0x10
                0x0000001c                __P4IN = 0x1c
                0x0000001d                __P4OUT = 0x1d
                0x0000001e                __P4DIR = 0x1e
                0x0000001f                __P4SEL = 0x1f
                0x00000011                __P4REN = 0x11
                0x00000030                __P5IN = 0x30
                0x00000031                __P5OUT = 0x31
                0x00000032                __P5DIR = 0x32
                0x00000033                __P5SEL = 0x33
                0x00000012                __P5REN = 0x12
                0x00000034                __P6IN = 0x34
                0x00000035                __P6OUT = 0x35
                0x00000036                __P6DIR = 0x36
                0x00000037                __P6SEL = 0x37
                0x00000013                __P6REN = 0x13
                0x00000038                __P7IN = 0x38
                0x0000003a                __P7OUT = 0x3a
                0x0000003c                __P7DIR = 0x3c
                0x0000003e                __P7SEL = 0x3e
                0x00000014                __P7REN = 0x14
                0x00000039                __P8IN = 0x39
                0x0000003b                __P8OUT = 0x3b
                0x0000003d                __P8DIR = 0x3d
                0x0000003f                __P8SEL = 0x3f
                0x00000015                __P8REN = 0x15
                0x00000038                __PAIN = 0x38
                0x0000003a                __PAOUT = 0x3a
                0x0000003c                __PADIR = 0x3c
                0x0000003e                __PASEL = 0x3e
                0x00000014                __PAREN = 0x14
                0x00000055                __SVSCTL = 0x55
                0x0000012e                __TAIV = 0x12e
                0x00000160                __TACTL = 0x160
                0x00000162                __TACCTL0 = 0x162
                0x00000164                __TACCTL1 = 0x164
                0x00000166                __TACCTL2 = 0x166
                0x00000170                __TAR = 0x170
                0x00000172                __TACCR0 = 0x172
                0x00000174                __TACCR1 = 0x174
                0x00000176                __TACCR2 = 0x176
                0x0000011e                __TBIV = 0x11e
                0x00000180                __TBCTL = 0x180
                0x00000182                __TBCCTL0 = 0x182
                0x00000184                __TBCCTL1 = 0x184
                0x00000186                __TBCCTL2 = 0x186
                0x00000188                __TBCCTL3 = 0x188
                0x0000018a                __TBCCTL4 = 0x18a
                0x0000018c                __TBCCTL5 = 0x18c
                0x0000018e                __TBCCTL6 = 0x18e
                0x00000190                __TBR = 0x190
                0x00000192                __TBCCR0 = 0x192
                0x00000194                __TBCCR1 = 0x194
                0x00000196                __TBCCR2 = 0x196
                0x00000198                __TBCCR3 = 0x198
                0x0000019a                __TBCCR4 = 0x19a
                0x0000019c                __TBCCR5 = 0x19c
                0x0000019e                __TBCCR6 = 0x19e
                0x00000060                __UCA0CTL0 = 0x60
                0x00000061                __UCA0CTL1 = 0x61
                0x00000062                __UCA0BR0 = 0x62
                0x00000063                __UCA0BR1 = 0x63
                0x00000064                __UCA0MCTL = 0x64
                0x00000065                __UCA0STAT = 0x65
                0x00000066                __UCA0RXBUF = 0x66
                0x00000067                __UCA0TXBUF = 0x67
                0x0000005d                __UCA0ABCTL = 0x5d
                0x0000005e                __UCA0IRTCTL = 0x5e
                0x0000005f                __UCA0IRRCTL = 0x5f
                0x00000068                __UCB0CTL0 = 0x68
                0x00000069                __UCB0CTL1 = 0x69
                0x0000006a                __UCB0BR0 = 0x6a
                0x0000006b                __UCB0BR1 = 0x6b
                0x0000006c                __UCB0I2CIE = 0x6c
                0x0000006d                __UCB0STAT = 0x6d
                0x0000006e                __UCB0RXBUF = 0x6e
                0x0000006f                __UCB0TXBUF = 0x6f
                0x00000118                __UCB0I2COA = 0x118
                0x0000011a                __UCB0I2CSA = 0x11a
                0x000000d0                __UCA1CTL0 = 0xd0
                0x000000d1                __UCA1CTL1 = 0xd1
                0x000000d2                __UCA1BR0 = 0xd2
                0x000000d3                __UCA1BR1 = 0xd3
                0x000000d4                __UCA1MCTL = 0xd4
                0x000000d5                __UCA1STAT = 0xd5
                0x000000d6                __UCA1RXBUF = 0xd6
                0x000000d7                __UCA1TXBUF = 0xd7
                0x000000cd                __UCA1ABCTL = 0xcd
                0x000000ce                __UCA1IRTCTL = 0xce
                0x000000cf                __UCA1IRRCTL = 0xcf
                0x000000d8                __UCB1CTL0 = 0xd8
                0x000000d9                __UCB1CTL1 = 0xd9
                0x000000da                __UCB1BR0 = 0xda
                0x000000db                __UCB1BR1 = 0xdb
                0x000000dc                __UCB1I2CIE = 0xdc
                0x000000dd                __UCB1STAT = 0xdd
                0x000000de                __UCB1RXBUF = 0xde
                0x000000df                __UCB1TXBUF = 0xdf
                0x0000017c                __UCB1I2COA = 0x17c
                0x0000017e                __UCB1I2CSA = 0x17e
                0x00000120                __WDTCTL = 0x120
                0x000010c0                __TLV_CHECKSUM = 0x10c0
                0x000010f6                __TLV_DCO_30_TAG = 0x10f6
                0x000010f7                __TLV_DCO_30_LEN = 0x10f7
                0x000010da                __TLV_ADC12_1_TAG = 0x10da
                0x000010db                __TLV_ADC12_1_LEN = 0x10db
                0x000010f8                __CALDCO_16MHZ = 0x10f8
                0x000010f9                __CALBC1_16MHZ = 0x10f9
                0x000010fa                __CALDCO_12MHZ = 0x10fa
                0x000010fb                __CALBC1_12MHZ = 0x10fb
                0x000010fc                __CALDCO_8MHZ = 0x10fc
                0x000010fd                __CALBC1_8MHZ = 0x10fd
                0x000010fe                __CALDCO_1MHZ = 0x10fe
                0x000010ff                __CALBC1_1MHZ = 0x10ff

.hash
 *(.hash)

.dynsym
 *(.dynsym)

.dynstr
 *(.dynstr)

.gnu.version
 *(.gnu.version)

.gnu.version_d
 *(.gnu.version_d)

.gnu.version_r
 *(.gnu.version_r)

.rel.init
 *(.rel.init)

.rela.init
 *(.rela.init)

.rel.fini
 *(.rel.fini)

.rela.fini
 *(.rela.fini)

.rel.text
 *(.rel.text .rel.text.* .rel.gnu.linkonce.t.*)

.rela.text
 *(.rela.text .rela.text.* .rela.gnu.linkonce.t.*)

.rel.rodata
 *(.rel.rodata .rel.rodata.* .rel.gnu.linkonce.r.*)

.rela.rodata
 *(.rela.rodata .rela.rodata.* .rela.gnu.linkonce.r.*)

.rel.data
 *(.rel.data .rel.data.* .rel.gnu.linkonce.d.*)

.rela.data
 *(.rela.data .rela.data.* .rela.gnu.linkonce.d.*)

.rel.bss
 *(.rel.bss .rel.bss.* .rel.gnu.linkonce.b.*)

.rela.bss
 *(.rela.bss .rela.bss.* .rela.gnu.linkonce.b.*)

.rel.ctors
 *(.rel.ctors)

.rela.ctors
 *(.rela.ctors)

.rel.dtors
 *(.rel.dtors)

.rela.dtors
 *(.rela.dtors)

.rel.got
 *(.rel.got)

.rela.got
 *(.rela.got)

.rel.plt
 *(.rel.plt)

.rela.plt
 *(.rela.plt)

.text           0x00003100     0xc00a
                0x00003100                . = ALIGN (0x2)
 *(.init .init.*)
 *(.init0)
 .init0         0x00003100        0x0 /usr/local/msp430/bin/../lib/gcc/msp430/4.7.0/mcpu-430x/mmpy-16/msr20/mc20/libcrt0.a(_reset_vector__.o)
                0x00003100                _reset_vector__
 *(.init1)
 .init1         0x00003100        0xc /usr/local/msp430/bin/../lib/gcc/msp430/4.7.0/mcpu-430x/mmpy-16/msr20/mc20/libcrt0.a(__watchdog_support.o)
                0x00003100                __watchdog_support
 *(.init2)
 .init2         0x0000310c        0x4 /usr/local/msp430/bin/../lib/gcc/msp430/4.7.0/mcpu-430x/mmpy-16/msr20/mc20/libcrt0.a(__init_stack.o)
                0x0000310c                __init_stack
 *(.init3)
 .init3         0x00003110        0x0 /usr/local/msp430/bin/../lib/gcc/msp430/4.7.0/mcpu-430x/mmpy-16/msr20/mc20/libcrt0.a(__low_level_init.o)
                0x00003110                __low_level_init
 *(.init4)
 .init4         0x00003110       0x18 /usr/local/msp430/bin/../lib/gcc/msp430/4.7.0/mcpu-430x/mmpy-16/msr20/mc20/libcrt0.a(_copy_data.o)
                0x00003110                __do_copy_data
 .init4         0x00003128       0x16 /usr/local/msp430/bin/../lib/gcc/msp430/4.7.0/mcpu-430x/mmpy-16/msr20/mc20/libcrt0.a(_clear_bss.o)
                0x00003128                __do_clear_bss
 *(.init5)
 *(.init6)
 *(.init7)
 *(.init8)
 *(.init9)
 .init9         0x0000313e      0x4c0 obj_z1/contiki-z1-main.o
                0x0000313e                main
 *(.fini9)
 .fini9         0x000035fe        0x0 /usr/local/msp430/bin/../lib/gcc/msp430/4.7.0/mcpu-430x/mmpy-16/msr20/mc20/libcrt0.a(__stop_progExec__.o)
                0x000035fe                __stop_progExec__
 *(.fini8)
 *(.fini7)
 *(.fini6)
 *(.fini5)
 *(.fini4)
 *(.fini3)
 *(.fini2)
 *(.fini1)
 *(.fini0)
 .fini0         0x000035fe        0x6 /usr/local/msp430/bin/../lib/gcc/msp430/4.7.0/mcpu-430x/mmpy-16/msr20/mc20/libcrt0.a(_endless_loop__.o)
                0x000035fe                _endless_loop__
 *(.fini .fini.*)
                0x00003604                . = ALIGN (0x2)
                0x00003604                __ctors_start = .
 *(.ctors)
                0x00003604                __ctors_end = .
                0x00003604                __dtors_start = .
 *(.dtors)
                0x00003604                __dtors_end = .
                0x00003604                . = ALIGN (0x2)
 *(.text .text.* .gnu.linkonce.t.*)
 .text          0x00003604        0x4 /usr/local/msp430/bin/../lib/gcc/msp430/4.7.0/mcpu-430x/mmpy-16/msr20/mc20/crt0ivtbl32.o
                0x00003604                __isr_14
                0x00003604                __isr_4
                0x00003604                __isr_29
                0x00003604                __isr_11
                0x00003604                __isr_5
                0x00003604                __isr_2
                0x00003604                __isr_10
                0x00003604                __isr_7
                0x00003604                __isr_0
                0x00003604                __isr_28
                0x00003604                __isr_8
                0x00003604                __isr_20
                0x00003604                __isr_3
                0x00003604                __isr_12
                0x00003604                __isr_13
                0x00003604                __isr_27
                0x00003604                __isr_9
                0x00003604                __isr_30
                0x00003604                __isr_6
                0x00003604                __isr_22
                0x00003604                __isr_1
                0x00003604                __isr_15
                0x00003604                __isr_21
 .text.libgcc   0x00003608       0x26 /usr/local/msp430/bin/../lib/gcc/msp430/4.7.0/mcpu-430x/mmpy-16/msr20/mc20/libgcc.a(_mulsi3.o)
                0x00003608                __mulsi3
 .text.libgcc   0x0000362e       0x22 /usr/local/msp430/bin/../lib/gcc/msp430/4.7.0/mcpu-430x/mmpy-16/msr20/mc20/libgcc.a(_udivmod16.o)
                0x0000362e                __udivhi3
                0x0000362e                __ext_udivmod16
                0x00003648                __umodhi3
 .text.libgcc   0x00003650       0x3a /usr/local/msp430/bin/../lib/gcc/msp430/4.7.0/mcpu-430x/mmpy-16/msr20/mc20/libgcc.a(_divmod16.o)
                0x00003650                __ext_divmod16
                0x00003650                __divhi3
                0x00003682                __modhi3
 .text.libgcc   0x0000368a       0x38 /usr/local/msp430/bin/../lib/gcc/msp430/4.7.0/mcpu-430x/mmpy-16/msr20/mc20/libgcc.a(_udivmod32.o)
                0x0000368a                __udivsi3
                0x0000368a                __ext_udivmod32
                0x000036b8                __umodsi3
 .text.printf   0x000036c2       0x10 /usr/local/msp430/bin/../lib/gcc/msp430/4.7.0/../../../../msp430/lib/mcpu-430x/mmpy-16/msr20/mc20/libc.a(printf.o)
                0x000036c2                printf
 .text.append   0x000036d2       0x22 /usr/local/msp430/bin/../lib/gcc/msp430/4.7.0/../../../../msp430/lib/mcpu-430x/mmpy-16/msr20/mc20/libc.a(sprintf.o)
 .text.call_vuprintf
                0x000036f4       0x36 /usr/local/msp430/bin/../lib/gcc/msp430/4.7.0/../../../../msp430/lib/mcpu-430x/mmpy-16/msr20/mc20/libc.a(sprintf.o)
 .text.sprintf  0x0000372a       0x1a /usr/local/msp430/bin/../lib/gcc/msp430/4.7.0/../../../../msp430/lib/mcpu-430x/mmpy-16/msr20/mc20/libc.a(sprintf.o)
                0x0000372a                sprintf
 .text.print_field
                0x00003744      0x176 /usr/local/msp430/bin/../lib/gcc/msp430/4.7.0/../../../../msp430/lib/mcpu-430x/mmpy-16/msr20/mc20/libc.a(vuprintf.o)
 .text.vuprintf
                0x000038ba      0x74c /usr/local/msp430/bin/../lib/gcc/msp430/4.7.0/../../../../msp430/lib/mcpu-430x/mmpy-16/msr20/mc20/libc.a(vuprintf.o)
                0x000038ba                vuprintf
 .text.puts     0x00004006       0x2c /usr/local/msp430/bin/../lib/gcc/msp430/4.7.0/../../../../msp430/lib/mcpu-430x/mmpy-16/msr20/mc20/libc.a(puts.o)
                0x00004006                puts
 .text.rand     0x00004032       0x26 /usr/local/msp430/bin/../lib/gcc/msp430/4.7.0/../../../../msp430/lib/mcpu-430x/mmpy-16/msr20/mc20/libc.a(rand.o)
                0x00004032                rand
 .text.srand    0x00004058        0xa /usr/local/msp430/bin/../lib/gcc/msp430/4.7.0/../../../../msp430/lib/mcpu-430x/mmpy-16/msr20/mc20/libc.a(rand.o)
                0x00004058                srand
 .text.memcmp   0x00004062       0x2c /usr/local/msp430/bin/../lib/gcc/msp430/4.7.0/../../../../msp430/lib/mcpu-430x/mmpy-16/msr20/mc20/libc.a(memcmp.o)
                0x00004062                memcmp
 .text.memcpy   0x0000408e       0xe8 /usr/local/msp430/bin/../lib/gcc/msp430/4.7.0/../../../../msp430/lib/mcpu-430x/mmpy-16/msr20/mc20/libc.a(memcpy.o)
                0x0000408e                memcpy
 .text.memmove  0x00004176       0xe8 /usr/local/msp430/bin/../lib/gcc/msp430/4.7.0/../../../../msp430/lib/mcpu-430x/mmpy-16/msr20/mc20/libc.a(memmove.o)
                0x00004176                memmove
 .text.memset   0x0000425e       0x5c /usr/local/msp430/bin/../lib/gcc/msp430/4.7.0/../../../../msp430/lib/mcpu-430x/mmpy-16/msr20/mc20/libc.a(memset.o)
                0x0000425e                memset
 .text.libgcc   0x000042ba       0xbc /usr/local/msp430/bin/../lib/gcc/msp430/4.7.0/mcpu-430x/mmpy-16/msr20/mc20/libgcc.a(_udivmod64.o)
                0x000042ba                __xabi_udivmod64
                0x0000430c                __udivdi3
                0x00004326                __umoddi3
                0x00004348                __udivmoddi4
 .text.crt0     0x00004376        0x2 /usr/local/msp430/bin/../lib/gcc/msp430/4.7.0/mcpu-430x/mmpy-16/msr20/mc20/libcrt0.a(_unexpected_.o)
                0x00004376                _unexpected_
 *(.near.text .near.text.*)
 .near.text.watchdog_interrupt
                0x00004378        0x6 contiki-z1.a(watchdog.o)
                0x00004378                __isr_26
                0x00004378                watchdog_interrupt
 .near.text.irq_p2
                0x0000437e       0x76 contiki-z1.a(button-sensor.o)
                0x0000437e                irq_p2
                0x0000437e                __isr_19
 .near.text.uart0_rx_interrupt
                0x000043f4       0x64 contiki-z1.a(uart0.o)
                0x000043f4                __isr_23
                0x000043f4                uart0_rx_interrupt
 .near.text.port1_isr
                0x00004458       0xf4 contiki-z1.a(adxl345.o)
                0x00004458                port1_isr
                0x00004458                __isr_18
 .near.text.timera1
                0x0000454c      0x10a contiki-z1.a(clock.o)
                0x0000454c                __isr_24
                0x0000454c                timera1
 .near.text.timera0
                0x00004656       0x5c contiki-z1.a(rtimer-arch.o)
                0x00004656                __isr_25
                0x00004656                timera0
 .near.text.i2c_tx_interrupt
                0x000046b2       0x84 contiki-z1.a(i2cmaster.o)
                0x000046b2                __isr_16
                0x000046b2                i2c_tx_interrupt
 .near.text.i2c_rx_interrupt
                0x00004736       0x14 contiki-z1.a(i2cmaster.o)
                0x00004736                i2c_rx_interrupt
                0x00004736                __isr_17
 .any.text.process_thread_udp_client_process
                0x0000474a      0x2bc udp-client.co
 .any.text.send_packet
                0x00004a06      0x16a udp-client.co
 .any.text.init_platform
                0x00004b70        0xc contiki-z1.a(contiki-z1-plat)
                0x00004b70                init_platform
 .any.text.msp430_init_dco
                0x00004b7c       0x28 contiki-z1.a(msp430.o)
                0x00004b7c                msp430_init_dco
 .any.text.splhigh_
                0x00004ba4        0x8 contiki-z1.a(msp430.o)
                0x00004ba4                splhigh_
 .any.text.msp430_sync_dco
                0x00004bac       0x6e contiki-z1.a(msp430.o)
                0x00004bac                msp430_sync_dco
 .any.text.msp430_cpu_init
                0x00004c1a       0x2e contiki-z1.a(msp430.o)
                0x00004c1a                msp430_cpu_init
 .any.text.show_leds
                0x00004c48       0xe8 contiki-z1.a(leds.o)
 .any.text.leds_init
                0x00004d30        0xa contiki-z1.a(leds.o)
                0x00004d30                leds_init
 .any.text.leds_on
                0x00004d3a        0xa contiki-z1.a(leds.o)
                0x00004d3a                leds_on
 .any.text.leds_off
                0x00004d44        0xe contiki-z1.a(leds.o)
                0x00004d44                leds_off
 .any.text.watchdog_start
                0x00004d52       0x14 contiki-z1.a(watchdog.o)
                0x00004d52                watchdog_start
 .any.text.watchdog_periodic
                0x00004d66       0x12 contiki-z1.a(watchdog.o)
                0x00004d66                watchdog_periodic
 .any.text.watchdog_stop
                0x00004d78       0x16 contiki-z1.a(watchdog.o)
                0x00004d78                watchdog_stop
 .any.text.watchdog_init
                0x00004d8e       0x12 contiki-z1.a(watchdog.o)
                0x00004d8e                watchdog_init
 .any.text.wait_ready
                0x00004da0       0x46 contiki-z1.a(xmem.o)
 .any.text.xmem_init
                0x00004de6       0x1e contiki-z1.a(xmem.o)
                0x00004de6                xmem_init
 .any.text.xmem_pread
                0x00004e04       0xc2 contiki-z1.a(xmem.o)
                0x00004e04                xmem_pread
 .any.text.spi_init
                0x00004ec6       0x32 contiki-z1.a(spi.o)
                0x00004ec6                spi_init
 .any.text.get_object
                0x00004ef8        0x4 contiki-z1.a(cc2420.o)
 .any.text.set_object
                0x00004efc        0x4 contiki-z1.a(cc2420.o)
 .any.text.strobe
                0x00004f00       0x1a contiki-z1.a(cc2420.o)
 .any.text.getreg
                0x00004f1a       0x46 contiki-z1.a(cc2420.o)
 .any.text.setreg
                0x00004f60       0x44 contiki-z1.a(cc2420.o)
 .any.text.write_ram
                0x00004fa4       0x72 contiki-z1.a(cc2420.o)
 .any.text.write_fifo_buf
                0x00005016       0x38 contiki-z1.a(cc2420.o)
 .any.text.get_status
                0x0000504e       0x1e contiki-z1.a(cc2420.o)
 .any.text.set_txpower
                0x0000506c       0x24 contiki-z1.a(cc2420.o)
 .any.text.cc2420_receiving_packet
                0x00005090        0xa contiki-z1.a(cc2420.o)
 .any.text.pending_packet
                0x0000509a        0xa contiki-z1.a(cc2420.o)
 .any.text.on   0x000050a4       0x26 contiki-z1.a(cc2420.o)
 .any.text.wait_for_transmission
                0x000050ca       0x22 contiki-z1.a(cc2420.o)
 .any.text.wait_for_status
                0x000050ec       0x24 contiki-z1.a(cc2420.o)
 .any.text.getrxdata
                0x00005110       0x4c contiki-z1.a(cc2420.o)
 .any.text.flushrx
                0x0000515c       0x1a contiki-z1.a(cc2420.o)
 .any.text.off  0x00005176       0x5a contiki-z1.a(cc2420.o)
 .any.text.RELEASE_LOCK
                0x000051d0       0x28 contiki-z1.a(cc2420.o)
 .any.text.set_frame_filtering
                0x000051f8       0x30 contiki-z1.a(cc2420.o)
 .any.text.set_auto_ack
                0x00005228       0x30 contiki-z1.a(cc2420.o)
 .any.text.set_poll_mode
                0x00005258       0x2c contiki-z1.a(cc2420.o)
 .any.text.cc2420_prepare
                0x00005284       0x4c contiki-z1.a(cc2420.o)
 .any.text.cc2420_on
                0x000052d0       0x22 contiki-z1.a(cc2420.o)
                0x000052d0                cc2420_on
 .any.text.cc2420_off
                0x000052f2       0x30 contiki-z1.a(cc2420.o)
                0x000052f2                cc2420_off
 .any.text.cc2420_cca
                0x00005322       0x54 contiki-z1.a(cc2420.o)
 .any.text.cc2420_read
                0x00005376       0xb8 contiki-z1.a(cc2420.o)
 .any.text.process_thread_cc2420_process
                0x0000542e       0x6c contiki-z1.a(cc2420.o)
 .any.text.cc2420_set_channel
                0x0000549a       0x3a contiki-z1.a(cc2420.o)
                0x0000549a                cc2420_set_channel
 .any.text.cc2420_set_pan_addr
                0x000054d4       0x4c contiki-z1.a(cc2420.o)
                0x000054d4                cc2420_set_pan_addr
 .any.text.cc2420_interrupt
                0x00005520       0x16 contiki-z1.a(cc2420.o)
                0x00005520                cc2420_interrupt
 .any.text.cc2420_set_txpower
                0x00005536        0xe contiki-z1.a(cc2420.o)
                0x00005536                cc2420_set_txpower
 .any.text.cc2420_get_txpower
                0x00005544       0x1e contiki-z1.a(cc2420.o)
                0x00005544                cc2420_get_txpower
 .any.text.cc2420_transmit
                0x00005562      0x116 contiki-z1.a(cc2420.o)
 .any.text.cc2420_send
                0x00005678       0x12 contiki-z1.a(cc2420.o)
 .any.text.cc2420_rssi
                0x0000568a       0x48 contiki-z1.a(cc2420.o)
                0x0000568a                cc2420_rssi
 .any.text.get_value
                0x000056d2      0x104 contiki-z1.a(cc2420.o)
 .any.text.cc2420_set_cca_threshold
                0x000057d6       0x16 contiki-z1.a(cc2420.o)
                0x000057d6                cc2420_set_cca_threshold
 .any.text.set_value
                0x000057ec       0xb2 contiki-z1.a(cc2420.o)
 .any.text.cc2420_init
                0x0000589e       0xea contiki-z1.a(cc2420.o)
                0x0000589e                cc2420_init
 .any.text.cc2420_arch_init
                0x00005988       0x1a contiki-z1.a(cc2420-arch.o)
                0x00005988                cc2420_arch_init
 .any.text.node_id_restore
                0x000059a2       0x88 contiki-z1.a(node-id.o)
                0x000059a2                node_id_restore
 .any.text.process_thread_sensors_process
                0x00005a2a       0xc2 contiki-z1.a(sensors.o)
 .any.text.sensors_changed
                0x00005aec       0x2a contiki-z1.a(sensors.o)
                0x00005aec                sensors_changed
 .any.text.status
                0x00005b16       0x18 contiki-z1.a(button-sensor.o)
 .any.text.value
                0x00005b2e       0x20 contiki-z1.a(button-sensor.o)
 .any.text.configure
                0x00005b4e       0x4e contiki-z1.a(button-sensor.o)
 .any.text.uart0_active
                0x00005b9c        0xe contiki-z1.a(uart0.o)
                0x00005b9c                uart0_active
 .any.text.uart0_writeb
                0x00005baa       0x16 contiki-z1.a(uart0.o)
                0x00005baa                uart0_writeb
 .any.text.uart0_init
                0x00005bc0       0x40 contiki-z1.a(uart0.o)
                0x00005bc0                uart0_init
 .any.text.putchar
                0x00005c00       0x10 contiki-z1.a(uart0-putchar.o)
                0x00005c00                putchar
 .any.text.pending_packet
                0x00005c10        0xe contiki-z1.a(cc1200.o)
 .any.text.get_value
                0x00005c1e       0x7e contiki-z1.a(cc1200.o)
 .any.text.get_object
                0x00005c9c        0x4 contiki-z1.a(cc1200.o)
 .any.text.set_object
                0x00005ca0        0x4 contiki-z1.a(cc1200.o)
 .any.text.strobe
                0x00005ca4       0x20 contiki-z1.a(cc1200.o)
 .any.text.state
                0x00005cc4        0xe contiki-z1.a(cc1200.o)
 .any.text.idle
                0x00005cd2       0xd2 contiki-z1.a(cc1200.o)
 .any.text.single_write
                0x00005da4       0x30 contiki-z1.a(cc1200.o)
 .any.text.single_read
                0x00005dd4       0x36 contiki-z1.a(cc1200.o)
 .any.text.update_txpower
                0x00005e0a       0x32 contiki-z1.a(cc1200.o)
 .any.text.rx_rx
                0x00005e3c       0xdc contiki-z1.a(cc1200.o)
 .any.text.calibrate
                0x00005f18       0xc0 contiki-z1.a(cc1200.o)
 .any.text.idle_calibrate_rx
                0x00005fd8       0xa2 contiki-z1.a(cc1200.o)
 .any.text.off  0x0000607a       0x3a contiki-z1.a(cc1200.o)
 .any.text.on   0x000060b4       0x74 contiki-z1.a(cc1200.o)
 .any.text.receiving_packet
                0x00006128       0x28 contiki-z1.a(cc1200.o)
 .any.text.set_channel
                0x00006150      0x102 contiki-z1.a(cc1200.o)
 .any.text.set_value
                0x00006252       0x80 contiki-z1.a(cc1200.o)
 .any.text.channel_clear
                0x000062d2       0xae contiki-z1.a(cc1200.o)
 .any.text.read
                0x00006380       0x62 contiki-z1.a(cc1200.o)
 .any.text.prepare
                0x000063e2       0x2a contiki-z1.a(cc1200.o)
 .any.text.burst_read.constprop.9
                0x0000640c       0x22 contiki-z1.a(cc1200.o)
 .any.text.burst_write.constprop.11
                0x0000642e       0x24 contiki-z1.a(cc1200.o)
 .any.text.idle_tx_rx
                0x00006452      0x232 contiki-z1.a(cc1200.o)
 .any.text.transmit
                0x00006684       0xec contiki-z1.a(cc1200.o)
 .any.text.send
                0x00006770       0x16 contiki-z1.a(cc1200.o)
 .any.text.cc1200_init
                0x00006786      0x184 contiki-z1.a(cc1200.o)
                0x00006786                cc1200_init
 .any.text.cc1200_rx_interrupt
                0x0000690a      0x21e contiki-z1.a(cc1200.o)
                0x0000690a                cc1200_rx_interrupt
 .any.text.process_thread_cc1200_process
                0x00006b28       0x8c contiki-z1.a(cc1200.o)
 .any.text.cc1200_arch_spi_select
                0x00006bb4        0xe contiki-z1.a(cc1200-z1-arch.)
                0x00006bb4                cc1200_arch_spi_select
 .any.text.cc1200_arch_spi_deselect
                0x00006bc2        0x8 contiki-z1.a(cc1200-z1-arch.)
                0x00006bc2                cc1200_arch_spi_deselect
 .any.text.cc1200_arch_spi_rw_byte
                0x00006bca       0x1e contiki-z1.a(cc1200-z1-arch.)
                0x00006bca                cc1200_arch_spi_rw_byte
 .any.text.cc1200_arch_spi_rw
                0x00006be8       0x96 contiki-z1.a(cc1200-z1-arch.)
                0x00006be8                cc1200_arch_spi_rw
 .any.text.cc1200_arch_init
                0x00006c7e       0x56 contiki-z1.a(cc1200-z1-arch.)
                0x00006c7e                cc1200_arch_init
 .any.text.cc1200_arch_gpio0_setup_irq
                0x00006cd4       0x28 contiki-z1.a(cc1200-z1-arch.)
                0x00006cd4                cc1200_arch_gpio0_setup_irq
 .any.text.cc1200_arch_gpio2_setup_irq
                0x00006cfc       0x32 contiki-z1.a(cc1200-z1-arch.)
                0x00006cfc                cc1200_arch_gpio2_setup_irq
 .any.text.cc1200_arch_gpio0_enable_irq
                0x00006d2e        0xa contiki-z1.a(cc1200-z1-arch.)
                0x00006d2e                cc1200_arch_gpio0_enable_irq
 .any.text.cc1200_arch_gpio0_disable_irq
                0x00006d38        0x6 contiki-z1.a(cc1200-z1-arch.)
                0x00006d38                cc1200_arch_gpio0_disable_irq
 .any.text.cc1200_arch_gpio2_enable_irq
                0x00006d3e        0xe contiki-z1.a(cc1200-z1-arch.)
                0x00006d3e                cc1200_arch_gpio2_enable_irq
 .any.text.cc1200_arch_gpio2_disable_irq
                0x00006d4c        0x8 contiki-z1.a(cc1200-z1-arch.)
                0x00006d4c                cc1200_arch_gpio2_disable_irq
 .any.text.cc1200_arch_gpio0_read_pin
                0x00006d54        0x8 contiki-z1.a(cc1200-z1-arch.)
                0x00006d54                cc1200_arch_gpio0_read_pin
 .any.text.cc1200_arch_gpio2_read_pin
                0x00006d5c        0xa contiki-z1.a(cc1200-z1-arch.)
                0x00006d5c                cc1200_arch_gpio2_read_pin
 .any.text.accm_write_reg
                0x00006d66       0x2e contiki-z1.a(adxl345.o)
 .any.text.accm_write_stream
                0x00006d94       0x2a contiki-z1.a(adxl345.o)
 .any.text.accm_read_reg
                0x00006dbe       0x54 contiki-z1.a(adxl345.o)
 .any.text.process_thread_accmeter_process
                0x00006e12       0x56 contiki-z1.a(adxl345.o)
 .any.text.accm_init
                0x00006e68       0x78 contiki-z1.a(adxl345.o)
                0x00006e68                accm_init
 .any.text.dual_radio_switch.part.0
                0x00006ee0       0x2a contiki-z1.a(dual_radio.o)
 .any.text.dual_radio_switch
                0x00006f0a       0x36 contiki-z1.a(dual_radio.o)
                0x00006f0a                dual_radio_switch
 .any.text.process_thread_dual_dis_broadcast
                0x00006f40       0x5c contiki-z1.a(dual_radio.o)
 .any.text.process_thread_dual_dio_broadcast
                0x00006f9c       0x64 contiki-z1.a(dual_radio.o)
 .any.text.sending_in_LR
                0x00007000       0x16 contiki-z1.a(dual_radio.o)
                0x00007000                sending_in_LR
 .any.text.dual_radio_received
                0x00007016       0x1a contiki-z1.a(dual_radio.o)
                0x00007016                dual_radio_received
 .any.text.radio_received_is_longrange
                0x00007030        0xe contiki-z1.a(dual_radio.o)
                0x00007030                radio_received_is_longrange
 .any.text.dual_radio_turn_on
                0x0000703e       0x2a contiki-z1.a(dual_radio.o)
                0x0000703e                dual_radio_turn_on
 .any.text.dual_radio_turn_off
                0x00007068       0x2a contiki-z1.a(dual_radio.o)
                0x00007068                dual_radio_turn_off
 .any.text.dio_broadcast
                0x00007092       0x12 contiki-z1.a(dual_radio.o)
                0x00007092                dio_broadcast
 .any.text.dis_broadcast
                0x000070a4        0xe contiki-z1.a(dual_radio.o)
                0x000070a4                dis_broadcast
 .any.text.clock_time
                0x000070b2       0x1a contiki-z1.a(clock.o)
                0x000070b2                clock_time
 .any.text.clock_init
                0x000070cc       0x28 contiki-z1.a(clock.o)
                0x000070cc                clock_init
 .any.text.clock_delay
                0x000070f4        0xc contiki-z1.a(clock.o)
                0x000070f4                clock_delay
 .any.text.clock_wait
                0x00007100       0x24 contiki-z1.a(clock.o)
                0x00007100                clock_wait
 .any.text.clock_seconds
                0x00007124       0x1a contiki-z1.a(clock.o)
                0x00007124                clock_seconds
 .any.text.leds_arch_init
                0x0000713e        0xe contiki-z1.a(leds-arch.o)
                0x0000713e                leds_arch_init
 .any.text.leds_arch_set
                0x0000714c       0x38 contiki-z1.a(leds-arch.o)
                0x0000714c                leds_arch_set
 .any.text.rtimer_arch_init
                0x00007184        0xe contiki-z1.a(rtimer-arch.o)
                0x00007184                rtimer_arch_init
 .any.text.rtimer_arch_now
                0x00007192        0xe contiki-z1.a(rtimer-arch.o)
                0x00007192                rtimer_arch_now
 .any.text.rtimer_arch_schedule
                0x000071a0        0x6 contiki-z1.a(rtimer-arch.o)
                0x000071a0                rtimer_arch_schedule
 .any.text.autostart_start
                0x000071a6       0x16 contiki-z1.a(autostart.o)
                0x000071a6                autostart_start
 .any.text.process_thread_ctimer_process
                0x000071bc       0xa0 contiki-z1.a(ctimer.o)
 .any.text.ctimer_init
                0x0000725c       0x18 contiki-z1.a(ctimer.o)
                0x0000725c                ctimer_init
 .any.text.ctimer_set_with_process
                0x00007274       0x4a contiki-z1.a(ctimer.o)
                0x00007274                ctimer_set_with_process
 .any.text.ctimer_set
                0x000072be       0x10 contiki-z1.a(ctimer.o)
                0x000072be                ctimer_set
 .any.text.ctimer_reset
                0x000072ce       0x2c contiki-z1.a(ctimer.o)
                0x000072ce                ctimer_reset
 .any.text.ctimer_restart
                0x000072fa       0x2c contiki-z1.a(ctimer.o)
                0x000072fa                ctimer_restart
 .any.text.ctimer_stop
                0x00007326       0x28 contiki-z1.a(ctimer.o)
                0x00007326                ctimer_stop
 .any.text.energest_init
                0x0000734e       0x24 contiki-z1.a(energest.o)
                0x0000734e                energest_init
 .any.text.energest_type_time
                0x00007372       0x3c contiki-z1.a(energest.o)
                0x00007372                energest_type_time
 .any.text.energest_type_set
                0x000073ae        0xc contiki-z1.a(energest.o)
                0x000073ae                energest_type_set
 .any.text.energest_flush
                0x000073ba       0x38 contiki-z1.a(energest.o)
                0x000073ba                energest_flush
 .any.text.update_time
                0x000073f2       0x70 contiki-z1.a(etimer.o)
 .any.text.etimer_request_poll
                0x00007462        0xa contiki-z1.a(etimer.o)
                0x00007462                etimer_request_poll
 .any.text.process_thread_etimer_process
                0x0000746c       0xc4 contiki-z1.a(etimer.o)
 .any.text.add_timer
                0x00007530       0x40 contiki-z1.a(etimer.o)
 .any.text.etimer_set
                0x00007570       0x12 contiki-z1.a(etimer.o)
                0x00007570                etimer_set
 .any.text.etimer_reset
                0x00007582       0x12 contiki-z1.a(etimer.o)
                0x00007582                etimer_reset
 .any.text.etimer_restart
                0x00007594       0x12 contiki-z1.a(etimer.o)
                0x00007594                etimer_restart
 .any.text.etimer_expired
                0x000075a6        0xe contiki-z1.a(etimer.o)
                0x000075a6                etimer_expired
 .any.text.etimer_expiration_time
                0x000075b4       0x14 contiki-z1.a(etimer.o)
                0x000075b4                etimer_expiration_time
 .any.text.etimer_pending
                0x000075c8        0xc contiki-z1.a(etimer.o)
                0x000075c8                etimer_pending
 .any.text.etimer_next_expiration_time
                0x000075d4       0x16 contiki-z1.a(etimer.o)
                0x000075d4                etimer_next_expiration_time
 .any.text.etimer_stop
                0x000075ea       0x3e contiki-z1.a(etimer.o)
                0x000075ea                etimer_stop
 .any.text.call_process
                0x00007628       0x40 contiki-z1.a(process.o)
 .any.text.exit_process
                0x00007668       0x88 contiki-z1.a(process.o)
 .any.text.do_poll
                0x000076f0       0x30 contiki-z1.a(process.o)
 .any.text.process_alloc_event
                0x00007720        0xe contiki-z1.a(process.o)
                0x00007720                process_alloc_event
 .any.text.process_init
                0x0000772e       0x1c contiki-z1.a(process.o)
                0x0000772e                process_init
 .any.text.process_run
                0x0000774a       0xa4 contiki-z1.a(process.o)
                0x0000774a                process_run
 .any.text.process_nevents
                0x000077ee        0xe contiki-z1.a(process.o)
                0x000077ee                process_nevents
 .any.text.process_post
                0x000077fc       0x50 contiki-z1.a(process.o)
                0x000077fc                process_post
 .any.text.process_post_synch
                0x0000784c       0x12 contiki-z1.a(process.o)
                0x0000784c                process_post_synch
 .any.text.process_start
                0x0000785e       0x36 contiki-z1.a(process.o)
                0x0000785e                process_start
 .any.text.process_poll
                0x00007894       0x18 contiki-z1.a(process.o)
                0x00007894                process_poll
 .any.text.get_residual_energy
                0x000078ac       0x34 contiki-z1.a(residual.o)
                0x000078ac                get_residual_energy
 .any.text.rtimer_init
                0x000078e0        0x6 contiki-z1.a(rtimer.o)
                0x000078e0                rtimer_init
 .any.text.rtimer_run_next
                0x000078e6       0x26 contiki-z1.a(rtimer.o)
                0x000078e6                rtimer_run_next
 .any.text.stimer_set
                0x0000790c       0x1c contiki-z1.a(stimer.o)
                0x0000790c                stimer_set
 .any.text.stimer_expired
                0x00007928       0x30 contiki-z1.a(stimer.o)
                0x00007928                stimer_expired
 .any.text.stimer_remaining
                0x00007958       0x24 contiki-z1.a(stimer.o)
                0x00007958                stimer_remaining
 .any.text.timer_set
                0x0000797c       0x1c contiki-z1.a(timer.o)
                0x0000797c                timer_set
 .any.text.timer_reset
                0x00007998        0xe contiki-z1.a(timer.o)
                0x00007998                timer_reset
 .any.text.timer_restart
                0x000079a6       0x14 contiki-z1.a(timer.o)
                0x000079a6                timer_restart
 .any.text.timer_expired
                0x000079ba       0x2a contiki-z1.a(timer.o)
                0x000079ba                timer_expired
 .any.text.list_init
                0x000079e4        0x6 contiki-z1.a(list.o)
                0x000079e4                list_init
 .any.text.list_head
                0x000079ea        0x4 contiki-z1.a(list.o)
                0x000079ea                list_head
 .any.text.list_tail
                0x000079ee       0x12 contiki-z1.a(list.o)
                0x000079ee                list_tail
 .any.text.list_remove
                0x00007a00       0x34 contiki-z1.a(list.o)
                0x00007a00                list_remove
 .any.text.list_push
                0x00007a34       0x16 contiki-z1.a(list.o)
                0x00007a34                list_push
 .any.text.list_add
                0x00007a4a       0x26 contiki-z1.a(list.o)
                0x00007a4a                list_add
 .any.text.list_length
                0x00007a70       0x10 contiki-z1.a(list.o)
                0x00007a70                list_length
 .any.text.list_item_next
                0x00007a80        0xc contiki-z1.a(list.o)
                0x00007a80                list_item_next
 .any.text.random_init
                0x00007a8c        0x6 contiki-z1.a(random.o)
                0x00007a8c                random_init
 .any.text.random_rand
                0x00007a92        0x6 contiki-z1.a(random.o)
                0x00007a92                random_rand
 .any.text.clear_fragments
                0x00007a98       0x38 contiki-z1.a(sicslowpan.o)
 .any.text.set_packet_attrs
                0x00007ad0       0x46 contiki-z1.a(sicslowpan.o)
 .any.text.addr_context_lookup_by_number
                0x00007b16       0x30 contiki-z1.a(sicslowpan.o)
 .any.text.compress_addr_64
                0x00007b46       0x9a contiki-z1.a(sicslowpan.o)
 .any.text.store_fragment
                0x00007be0       0x6e contiki-z1.a(sicslowpan.o)
 .any.text.uncompress_addr
                0x00007c4e       0x96 contiki-z1.a(sicslowpan.o)
 .any.text.sicslowpan_init
                0x00007ce4       0x24 contiki-z1.a(sicslowpan.o)
                0x00007ce4                sicslowpan_init
 .any.text.addr_context_lookup_by_prefix
                0x00007d08       0x4a contiki-z1.a(sicslowpan.o)
 .any.text.packet_sent
                0x00007d52       0x22 contiki-z1.a(sicslowpan.o)
 .any.text.add_fragment
                0x00007d74      0x160 contiki-z1.a(sicslowpan.o)
 .any.text.input
                0x00007ed4      0x606 contiki-z1.a(sicslowpan.o)
 .any.text.send_packet
                0x000084da       0x1a contiki-z1.a(sicslowpan.o)
 .any.text.output
                0x000084f4      0x67c contiki-z1.a(sicslowpan.o)
 .any.text.chksum
                0x00008b70       0x32 contiki-z1.a(uip6.o)
 .any.text.upper_layer_chksum
                0x00008ba2       0x56 contiki-z1.a(uip6.o)
 .any.text.ext_hdr_options_process
                0x00008bf8       0xc2 contiki-z1.a(uip6.o)
 .any.text.uip_add32
                0x00008cba       0x60 contiki-z1.a(uip6.o)
                0x00008cba                uip_add32
 .any.text.uip_add_rcv_nxt
                0x00008d1a       0x2e contiki-z1.a(uip6.o)
 .any.text.uip_icmp6chksum
                0x00008d48        0xa contiki-z1.a(uip6.o)
                0x00008d48                uip_icmp6chksum
 .any.text.uip_tcpchksum
                0x00008d52        0xa contiki-z1.a(uip6.o)
                0x00008d52                uip_tcpchksum
 .any.text.uip_udpchksum
                0x00008d5c        0xa contiki-z1.a(uip6.o)
                0x00008d5c                uip_udpchksum
 .any.text.uip_init
                0x00008d66       0x62 contiki-z1.a(uip6.o)
                0x00008d66                uip_init
 .any.text.remove_ext_hdr
                0x00008dc8       0x50 contiki-z1.a(uip6.o)
                0x00008dc8                remove_ext_hdr
 .any.text.uip_udp_new
                0x00008e18       0xb8 contiki-z1.a(uip6.o)
                0x00008e18                uip_udp_new
 .any.text.uip_unlisten
                0x00008ed0       0x2a contiki-z1.a(uip6.o)
                0x00008ed0                uip_unlisten
 .any.text.uip_process
                0x00008efa      0xe82 contiki-z1.a(uip6.o)
                0x00008efa                uip_process
 .any.text.uip_htonl
                0x00009d7c       0x2a contiki-z1.a(uip6.o)
                0x00009d7c                uip_htonl
 .any.text.uip_ds6_list_loop
                0x00009da6       0x66 contiki-z1.a(uip-ds6.o)
                0x00009da6                uip_ds6_list_loop
 .any.text.uip_ds6_prefix_add
                0x00009e0c       0x70 contiki-z1.a(uip-ds6.o)
                0x00009e0c                uip_ds6_prefix_add
 .any.text.uip_ds6_is_addr_onlink
                0x00009e7c       0x42 contiki-z1.a(uip-ds6.o)
                0x00009e7c                uip_ds6_is_addr_onlink
 .any.text.uip_ds6_addr_lookup
                0x00009ebe       0x2a contiki-z1.a(uip-ds6.o)
                0x00009ebe                uip_ds6_addr_lookup
 .any.text.uip_ds6_long_addr_lookup
                0x00009ee8       0x2a contiki-z1.a(uip-ds6.o)
                0x00009ee8                uip_ds6_long_addr_lookup
 .any.text.uip_ds6_get_link_local
                0x00009f12       0x3e contiki-z1.a(uip-ds6.o)
                0x00009f12                uip_ds6_get_link_local
 .any.text.uip_ds6_long_get_link_local
                0x00009f50       0x3e contiki-z1.a(uip-ds6.o)
                0x00009f50                uip_ds6_long_get_link_local
 .any.text.uip_ds6_maddr_add
                0x00009f8e       0x48 contiki-z1.a(uip-ds6.o)
                0x00009f8e                uip_ds6_maddr_add
 .any.text.uip_ds6_long_addr_add
                0x00009fd6       0xb4 contiki-z1.a(uip-ds6.o)
                0x00009fd6                uip_ds6_long_addr_add
 .any.text.uip_ds6_addr_add
                0x0000a08a       0xb4 contiki-z1.a(uip-ds6.o)
                0x0000a08a                uip_ds6_addr_add
 .any.text.uip_ds6_long_maddr_add
                0x0000a13e       0x48 contiki-z1.a(uip-ds6.o)
                0x0000a13e                uip_ds6_long_maddr_add
 .any.text.uip_ds6_maddr_rm
                0x0000a186        0xa contiki-z1.a(uip-ds6.o)
                0x0000a186                uip_ds6_maddr_rm
 .any.text.uip_ds6_maddr_lookup
                0x0000a190       0x2a contiki-z1.a(uip-ds6.o)
                0x0000a190                uip_ds6_maddr_lookup
 .any.text.uip_ds6_addr_rm
                0x0000a1ba       0x54 contiki-z1.a(uip-ds6.o)
                0x0000a1ba                uip_ds6_addr_rm
 .any.text.uip_ds6_periodic
                0x0000a20e       0x7e contiki-z1.a(uip-ds6.o)
                0x0000a20e                uip_ds6_periodic
 .any.text.uip_ds6_long_maddr_lookup
                0x0000a28c       0x2a contiki-z1.a(uip-ds6.o)
                0x0000a28c                uip_ds6_long_maddr_lookup
 .any.text.uip_ds6_set_addr_iid
                0x0000a2b6       0x14 contiki-z1.a(uip-ds6.o)
                0x0000a2b6                uip_ds6_set_addr_iid
 .any.text.get_match_length
                0x0000a2ca       0x3c contiki-z1.a(uip-ds6.o)
                0x0000a2ca                get_match_length
 .any.text.uip_ds6_select_src
                0x0000a306       0xfe contiki-z1.a(uip-ds6.o)
                0x0000a306                uip_ds6_select_src
 .any.text.uip_ds6_compute_reachable_time
                0x0000a404       0x36 contiki-z1.a(uip-ds6.o)
                0x0000a404                uip_ds6_compute_reachable_time
 .any.text.uip_ds6_init
                0x0000a43a      0x23a contiki-z1.a(uip-ds6.o)
                0x0000a43a                uip_ds6_init
 .any.text.uip_ds6_neighbors_init
                0x0000a674        0xe contiki-z1.a(uip-ds6-nbr.o)
                0x0000a674                uip_ds6_neighbors_init
 .any.text.uip_ds6_nbr_add
                0x0000a682       0x44 contiki-z1.a(uip-ds6-nbr.o)
                0x0000a682                uip_ds6_nbr_add
 .any.text.uip_ds6_nbr_get_ll
                0x0000a6c6        0xc contiki-z1.a(uip-ds6-nbr.o)
                0x0000a6c6                uip_ds6_nbr_get_ll
 .any.text.uip_ds6_nbr_rm
                0x0000a6d2       0x2e contiki-z1.a(uip-ds6-nbr.o)
                0x0000a6d2                uip_ds6_nbr_rm
 .any.text.uip_ds6_nbr_lookup
                0x0000a700       0x3e contiki-z1.a(uip-ds6-nbr.o)
                0x0000a700                uip_ds6_nbr_lookup
 .any.text.uip_ds6_nbr_ll_lookup
                0x0000a73e        0xc contiki-z1.a(uip-ds6-nbr.o)
                0x0000a73e                uip_ds6_nbr_ll_lookup
 .any.text.uip_ds6_nbr_ipaddr_from_lladdr
                0x0000a74a        0x6 contiki-z1.a(uip-ds6-nbr.o)
                0x0000a74a                uip_ds6_nbr_ipaddr_from_lladdr
 .any.text.uip_ds6_nbr_lladdr_from_ipaddr
                0x0000a750       0x12 contiki-z1.a(uip-ds6-nbr.o)
                0x0000a750                uip_ds6_nbr_lladdr_from_ipaddr
 .any.text.uip_ds6_link_neighbor_callback
                0x0000a762       0x26 contiki-z1.a(uip-ds6-nbr.o)
                0x0000a762                uip_ds6_link_neighbor_callback
 .any.text.call_route_callback
                0x0000a788       0x40 contiki-z1.a(uip-ds6-route.o)
 .any.text.uip_ds6_route_init
                0x0000a7c8       0x36 contiki-z1.a(uip-ds6-route.o)
                0x0000a7c8                uip_ds6_route_init
 .any.text.uip_ds6_route_nexthop
                0x0000a7fe       0x1a contiki-z1.a(uip-ds6-route.o)
                0x0000a7fe                uip_ds6_route_nexthop
 .any.text.uip_ds6_route_head
                0x0000a818        0xa contiki-z1.a(uip-ds6-route.o)
                0x0000a818                uip_ds6_route_head
 .any.text.uip_ds6_route_next
                0x0000a822        0xe contiki-z1.a(uip-ds6-route.o)
                0x0000a822                uip_ds6_route_next
 .any.text.uip_ds6_route_is_nexthop
                0x0000a830       0x22 contiki-z1.a(uip-ds6-route.o)
                0x0000a830                uip_ds6_route_is_nexthop
 .any.text.uip_ds6_route_lookup
                0x0000a852       0x6e contiki-z1.a(uip-ds6-route.o)
                0x0000a852                uip_ds6_route_lookup
 .any.text.uip_ds6_route_rm
                0x0000a8c0       0xa2 contiki-z1.a(uip-ds6-route.o)
                0x0000a8c0                uip_ds6_route_rm
 .any.text.rm_routelist
                0x0000a962       0x34 contiki-z1.a(uip-ds6-route.o)
 .any.text.rm_routelist_callback
                0x0000a996        0x6 contiki-z1.a(uip-ds6-route.o)
 .any.text.uip_ds6_route_add
                0x0000a99c       0xfc contiki-z1.a(uip-ds6-route.o)
                0x0000a99c                uip_ds6_route_add
 .any.text.uip_ds6_defrt_rm
                0x0000aa98       0x44 contiki-z1.a(uip-ds6-route.o)
                0x0000aa98                uip_ds6_defrt_rm
 .any.text.uip_ds6_defrt_lookup
                0x0000aadc       0x32 contiki-z1.a(uip-ds6-route.o)
                0x0000aadc                uip_ds6_defrt_lookup
 .any.text.uip_ds6_defrt_add
                0x0000ab0e       0x68 contiki-z1.a(uip-ds6-route.o)
                0x0000ab0e                uip_ds6_defrt_add
 .any.text.uip_ds6_defrt_choose
                0x0000ab76       0x36 contiki-z1.a(uip-ds6-route.o)
                0x0000ab76                uip_ds6_defrt_choose
 .any.text.uip_ds6_defrt_periodic
                0x0000abac       0x38 contiki-z1.a(uip-ds6-route.o)
                0x0000abac                uip_ds6_defrt_periodic
 .any.text.echo_reply_input
                0x0000abe4      0x10c contiki-z1.a(uip-icmp6.o)
 .any.text.echo_request_input
                0x0000acf0      0x128 contiki-z1.a(uip-icmp6.o)
 .any.text.uip_icmp6_input
                0x0000ae18       0x44 contiki-z1.a(uip-icmp6.o)
                0x0000ae18                uip_icmp6_input
 .any.text.uip_icmp6_register_input_handler
                0x0000ae5c        0xc contiki-z1.a(uip-icmp6.o)
                0x0000ae5c                uip_icmp6_register_input_handler
 .any.text.uip_icmp6_error_output
                0x0000ae68      0x172 contiki-z1.a(uip-icmp6.o)
                0x0000ae68                uip_icmp6_error_output
 .any.text.uip_icmp6_send
                0x0000afda       0x84 contiki-z1.a(uip-icmp6.o)
                0x0000afda                uip_icmp6_send
 .any.text.uip_icmp6_init
                0x0000b05e       0x12 contiki-z1.a(uip-icmp6.o)
                0x0000b05e                uip_icmp6_init
 .any.text.uip_nd6_init
                0x0000b070        0x2 contiki-z1.a(uip-nd6.o)
                0x0000b070                uip_nd6_init
 .any.text.start_periodic_tcp_timer
                0x0000b072       0x16 contiki-z1.a(tcpip.o)
 .any.text.tcpip_output
                0x0000b088       0x10 contiki-z1.a(tcpip.o)
                0x0000b088                tcpip_output
 .any.text.tcpip_set_outputfunc
                0x0000b098        0x6 contiki-z1.a(tcpip.o)
                0x0000b098                tcpip_set_outputfunc
 .any.text.udp_new
                0x0000b09e       0x1a contiki-z1.a(tcpip.o)
                0x0000b09e                udp_new
 .any.text.tcpip_input
                0x0000b0b8       0x16 contiki-z1.a(tcpip.o)
                0x0000b0b8                tcpip_input
 .any.text.tcpip_ipv6_output
                0x0000b0ce      0x130 contiki-z1.a(tcpip.o)
                0x0000b0ce                tcpip_ipv6_output
 .any.text.process_thread_tcpip_process
                0x0000b1fe      0x1a8 contiki-z1.a(tcpip.o)
 .any.text.tcpip_uipcall
                0x0000b3a6       0x62 contiki-z1.a(tcpip.o)
                0x0000b3a6                tcpip_uipcall
 .any.text.uip_debug_ipaddr_print
                0x0000b408       0xbc contiki-z1.a(uip-debug.o)
                0x0000b408                uip_debug_ipaddr_print
 .any.text.uip_udp_packet_send
                0x0000b4c4       0x2e contiki-z1.a(uip-udp-packet.)
                0x0000b4c4                uip_udp_packet_send
 .any.text.uip_udp_packet_sendto
                0x0000b4f2       0x56 contiki-z1.a(uip-udp-packet.)
                0x0000b4f2                uip_udp_packet_sendto
 .any.text.rpl_get_mode
                0x0000b548        0x6 contiki-z1.a(rpl.o)
                0x0000b548                rpl_get_mode
 .any.text.rpl_purge_routes
                0x0000b54e       0x96 contiki-z1.a(rpl.o)
                0x0000b54e                rpl_purge_routes
 .any.text.rpl_remove_routes
                0x0000b5e4       0x22 contiki-z1.a(rpl.o)
                0x0000b5e4                rpl_remove_routes
 .any.text.rpl_remove_routes_by_nexthop
                0x0000b606       0x3e contiki-z1.a(rpl.o)
                0x0000b606                rpl_remove_routes_by_nexthop
 .any.text.rpl_add_route
                0x0000b644       0x48 contiki-z1.a(rpl.o)
                0x0000b644                rpl_add_route
 .any.text.rpl_link_neighbor_callback
                0x0000b68c       0x74 contiki-z1.a(rpl.o)
                0x0000b68c                rpl_link_neighbor_callback
 .any.text.rpl_ipv6_neighbor_callback
                0x0000b700       0x1e contiki-z1.a(rpl.o)
                0x0000b700                rpl_ipv6_neighbor_callback
 .any.text.rpl_purge_dags
                0x0000b71e       0x60 contiki-z1.a(rpl.o)
                0x0000b71e                rpl_purge_dags
 .any.text.rpl_init
                0x0000b77e       0x4a contiki-z1.a(rpl.o)
                0x0000b77e                rpl_init
 .any.text.lollipop_greater_than
                0x0000b7c8       0x3c contiki-z1.a(rpl-dag.o)
 .any.text.find_parent_any_dag_any_instance
                0x0000b804       0x14 contiki-z1.a(rpl-dag.o)
 .any.text.set_ip_from_prefix
                0x0000b818       0x30 contiki-z1.a(rpl-dag.o)
 .any.text.check_prefix
                0x0000b848       0x70 contiki-z1.a(rpl-dag.o)
 .any.text.rpl_get_nbr
                0x0000b8b8       0x1e contiki-z1.a(rpl-dag.o)
                0x0000b8b8                rpl_get_nbr
 .any.text.rpl_set_preferred_parent
                0x0000b8d6       0x32 contiki-z1.a(rpl-dag.o)
 .any.text.rpl_print_neighbor_list
                0x0000b908       0x4a contiki-z1.a(rpl-dag.o)
                0x0000b908                rpl_print_neighbor_list
 .any.text.rpl_dag_init
                0x0000b952        0xe contiki-z1.a(rpl-dag.o)
                0x0000b952                rpl_dag_init
 .any.text.rpl_get_parent
                0x0000b960        0xc contiki-z1.a(rpl-dag.o)
                0x0000b960                rpl_get_parent
 .any.text.rpl_get_parent_ipaddr
                0x0000b96c       0x10 contiki-z1.a(rpl-dag.o)
                0x0000b96c                rpl_get_parent_ipaddr
 .any.text.rpl_set_prefix
                0x0000b97c       0x74 contiki-z1.a(rpl-dag.o)
                0x0000b97c                rpl_set_prefix
 .any.text.rpl_set_default_route
                0x0000b9f0       0x46 contiki-z1.a(rpl-dag.o)
                0x0000b9f0                rpl_set_default_route
 .any.text.rpl_alloc_instance
                0x0000ba36       0x34 contiki-z1.a(rpl-dag.o)
                0x0000ba36                rpl_alloc_instance
 .any.text.rpl_add_parent
                0x0000ba6a       0x52 contiki-z1.a(rpl-dag.o)
                0x0000ba6a                rpl_add_parent
 .any.text.rpl_find_parent
                0x0000babc       0x1a contiki-z1.a(rpl-dag.o)
                0x0000babc                rpl_find_parent
 .any.text.rpl_find_parent_any_dag
                0x0000bad6       0x22 contiki-z1.a(rpl-dag.o)
                0x0000bad6                rpl_find_parent_any_dag
 .any.text.rpl_select_parent
                0x0000baf8       0x74 contiki-z1.a(rpl-dag.o)
                0x0000baf8                rpl_select_parent
 .any.text.rpl_select_dag
                0x0000bb6c      0x194 contiki-z1.a(rpl-dag.o)
                0x0000bb6c                rpl_select_dag
 .any.text.rpl_nullify_parent
                0x0000bd00       0x4e contiki-z1.a(rpl-dag.o)
                0x0000bd00                rpl_nullify_parent
 .any.text.rpl_remove_parent
                0x0000bd4e       0x16 contiki-z1.a(rpl-dag.o)
                0x0000bd4e                rpl_remove_parent
 .any.text.nbr_callback
                0x0000bd64        0x6 contiki-z1.a(rpl-dag.o)
 .any.text.remove_parents.constprop.5
                0x0000bd6a       0x2c contiki-z1.a(rpl-dag.o)
 .any.text.rpl_free_dag
                0x0000bd96       0x34 contiki-z1.a(rpl-dag.o)
                0x0000bd96                rpl_free_dag
 .any.text.rpl_move_parent
                0x0000bdca       0x52 contiki-z1.a(rpl-dag.o)
                0x0000bdca                rpl_move_parent
 .any.text.rpl_get_any_dag
                0x0000be1c       0x16 contiki-z1.a(rpl-dag.o)
                0x0000be1c                rpl_get_any_dag
 .any.text.rpl_get_instance
                0x0000be32       0x16 contiki-z1.a(rpl-dag.o)
                0x0000be32                rpl_get_instance
 .any.text.rpl_alloc_dag
                0x0000be48       0x60 contiki-z1.a(rpl-dag.o)
                0x0000be48                rpl_alloc_dag
 .any.text.rpl_repair_root
                0x0000bea8       0x4c contiki-z1.a(rpl-dag.o)
                0x0000bea8                rpl_repair_root
 .any.text.rpl_find_of
                0x0000bef4       0x10 contiki-z1.a(rpl-dag.o)
                0x0000bef4                rpl_find_of
 .any.text.rpl_join_instance
                0x0000bf04      0x122 contiki-z1.a(rpl-dag.o)
                0x0000bf04                rpl_join_instance
 .any.text.rpl_local_repair
                0x0000c026       0x7c contiki-z1.a(rpl-dag.o)
                0x0000c026                rpl_local_repair
 .any.text.rpl_process_parent_event
                0x0000c0a2       0x6a contiki-z1.a(rpl-dag.o)
                0x0000c0a2                rpl_process_parent_event
 .any.text.rpl_recalculate_ranks
                0x0000c10c       0x44 contiki-z1.a(rpl-dag.o)
                0x0000c10c                rpl_recalculate_ranks
 .any.text.rpl_add_dag
                0x0000c150      0x10a contiki-z1.a(rpl-dag.o)
                0x0000c150                rpl_add_dag
 .any.text.rpl_process_dio
                0x0000c25a      0x334 contiki-z1.a(rpl-dag.o)
                0x0000c25a                rpl_process_dio
 .any.text.rpl_verify_header
                0x0000c58e       0xfa contiki-z1.a(rpl-ext-header.)
                0x0000c58e                rpl_verify_header
 .any.text.rpl_update_header_empty
                0x0000c688      0x12a contiki-z1.a(rpl-ext-header.)
                0x0000c688                rpl_update_header_empty
 .any.text.rpl_update_header_final
                0x0000c7b2       0x8e contiki-z1.a(rpl-ext-header.)
                0x0000c7b2                rpl_update_header_final
 .any.text.rpl_remove_header
                0x0000c840       0x4c contiki-z1.a(rpl-ext-header.)
                0x0000c840                rpl_remove_header
 .any.text.rpl_invert_header
                0x0000c88c       0x74 contiki-z1.a(rpl-ext-header.)
                0x0000c88c                rpl_invert_header
 .any.text.rpl_insert_header
                0x0000c900       0x12 contiki-z1.a(rpl-ext-header.)
                0x0000c900                rpl_insert_header
 .any.text.get32
                0x0000c912       0x3e contiki-z1.a(rpl-icmp6.o)
 .any.text.set32
                0x0000c950       0x2a contiki-z1.a(rpl-icmp6.o)
 .any.text.get16
                0x0000c97a        0xe contiki-z1.a(rpl-icmp6.o)
 .any.text.set16
                0x0000c988       0x10 contiki-z1.a(rpl-icmp6.o)
 .any.text.dao_ack_input
                0x0000c998        0xa contiki-z1.a(rpl-icmp6.o)
 .any.text.dio_input
                0x0000c9a2      0x282 contiki-z1.a(rpl-icmp6.o)
 .any.text.rpl_icmp6_update_nbr_table
                0x0000cc24       0x28 contiki-z1.a(rpl-icmp6.o)
                0x0000cc24                rpl_icmp6_update_nbr_table
 .any.text.dao_input
                0x0000cc4c      0x362 contiki-z1.a(rpl-icmp6.o)
 .any.text.dis_output
                0x0000cfae       0x54 contiki-z1.a(rpl-icmp6.o)
                0x0000cfae                dis_output
 .any.text.dio_output
                0x0000d002      0x27a contiki-z1.a(rpl-icmp6.o)
                0x0000d002                dio_output
 .any.text.dis_input
                0x0000d27c       0x3e contiki-z1.a(rpl-icmp6.o)
 .any.text.dao_output_target
                0x0000d2ba      0x11a contiki-z1.a(rpl-icmp6.o)
                0x0000d2ba                dao_output_target
 .any.text.dao_output
                0x0000d3d4       0xa2 contiki-z1.a(rpl-icmp6.o)
                0x0000d3d4                dao_output
 .any.text.rpl_icmp6_register_handlers
                0x0000d476       0x22 contiki-z1.a(rpl-icmp6.o)
                0x0000d476                rpl_icmp6_register_handlers
 .any.text.reset
                0x0000d498        0x2 contiki-z1.a(rpl-of0.o)
 .any.text.calculate_rank
                0x0000d49a       0x2c contiki-z1.a(rpl-of0.o)
 .any.text.update_metric_container
                0x0000d4c6        0x6 contiki-z1.a(rpl-of0.o)
 .any.text.best_parent
                0x0000d4cc       0xc2 contiki-z1.a(rpl-of0.o)
 .any.text.best_dag
                0x0000d58e       0x32 contiki-z1.a(rpl-of0.o)
 .any.text.new_dio_interval
                0x0000d5c0       0x8a contiki-z1.a(rpl-timers.o)
 .any.text.handle_unicast_dio_timer
                0x0000d64a       0x1c contiki-z1.a(rpl-timers.o)
 .any.text.set_dao_lifetime_timer
                0x0000d666       0x84 contiki-z1.a(rpl-timers.o)
 .any.text.handle_periodic_timer
                0x0000d6ea       0x32 contiki-z1.a(rpl-timers.o)
 .any.text.schedule_dao
                0x0000d71c       0x72 contiki-z1.a(rpl-timers.o)
 .any.text.handle_dao_timer
                0x0000d78e       0x64 contiki-z1.a(rpl-timers.o)
 .any.text.handle_dio_timer
                0x0000d7f2       0x86 contiki-z1.a(rpl-timers.o)
 .any.text.rpl_reset_periodic_timer
                0x0000d878       0x54 contiki-z1.a(rpl-timers.o)
                0x0000d878                rpl_reset_periodic_timer
 .any.text.rpl_reset_dio_timer
                0x0000d8cc       0x18 contiki-z1.a(rpl-timers.o)
                0x0000d8cc                rpl_reset_dio_timer
 .any.text.rpl_schedule_dao
                0x0000d8e4        0xc contiki-z1.a(rpl-timers.o)
                0x0000d8e4                rpl_schedule_dao
 .any.text.rpl_schedule_unicast_dio_immediately
                0x0000d8f0       0x16 contiki-z1.a(rpl-timers.o)
                0x0000d8f0                rpl_schedule_unicast_dio_immediately
 .any.text.rpl_schedule_probing
                0x0000d906       0x34 contiki-z1.a(rpl-timers.o)
                0x0000d906                rpl_schedule_probing
 .any.text.handle_probing_timer
                0x0000d93a      0x108 contiki-z1.a(rpl-timers.o)
 .any.text.frame802154_get_pan_id
                0x0000da42        0x6 contiki-z1.a(frame802154.o)
                0x0000da42                frame802154_get_pan_id
 .any.text.frame802154_has_panid
                0x0000da48       0x64 contiki-z1.a(frame802154.o)
                0x0000da48                frame802154_has_panid
 .any.text.field_len
                0x0000daac       0xa8 contiki-z1.a(frame802154.o)
 .any.text.frame802154_is_broadcast_addr
                0x0000db54       0x28 contiki-z1.a(frame802154.o)
                0x0000db54                frame802154_is_broadcast_addr
 .any.text.frame802154_hdrlen
                0x0000db7c       0x32 contiki-z1.a(frame802154.o)
                0x0000db7c                frame802154_hdrlen
 .any.text.frame802154_create
                0x0000dbae      0x136 contiki-z1.a(frame802154.o)
                0x0000dbae                frame802154_create
 .any.text.frame802154_parse
                0x0000dce4      0x1be contiki-z1.a(frame802154.o)
                0x0000dce4                frame802154_parse
 .any.text.create_frame.isra.0
                0x0000dea2      0x114 contiki-z1.a(framer-802154.o)
 .any.text.create
                0x0000dfb6        0x8 contiki-z1.a(framer-802154.o)
 .any.text.hdr_length
                0x0000dfbe        0x8 contiki-z1.a(framer-802154.o)
 .any.text.parse
                0x0000dfc6       0x9a contiki-z1.a(framer-802154.o)
 .any.text.send_packet
                0x0000e060        0x6 contiki-z1.a(nullmac.o)
 .any.text.packet_input
                0x0000e066        0x6 contiki-z1.a(nullmac.o)
 .any.text.on   0x0000e06c        0x6 contiki-z1.a(nullmac.o)
 .any.text.off  0x0000e072        0x6 contiki-z1.a(nullmac.o)
 .any.text.channel_check_interval
                0x0000e078        0x4 contiki-z1.a(nullmac.o)
 .any.text.init
                0x0000e07c        0x2 contiki-z1.a(nullmac.o)
 .any.text.channel_check_interval
                0x0000e07e        0x6 contiki-z1.a(cxmac.o)
 .any.text.dual_radio_on
                0x0000e084       0x1a contiki-z1.a(cxmac.o)
 .any.text.powercycle_dual_turn_radio_on
                0x0000e09e       0x1e contiki-z1.a(cxmac.o)
 .any.text.turn_off
                0x0000e0bc       0x18 contiki-z1.a(cxmac.o)
 .any.text.dual_radio_off
                0x0000e0d4       0x20 contiki-z1.a(cxmac.o)
 .any.text.process_thread_strobe_wait
                0x0000e0f4       0xc8 contiki-z1.a(cxmac.o)
 .any.text.cschedule_powercycle
                0x0000e1bc       0x2a contiki-z1.a(cxmac.o)
 .any.text.turn_on
                0x0000e1e6       0x12 contiki-z1.a(cxmac.o)
 .any.text.cxmac_init
                0x0000e1f8       0x38 contiki-z1.a(cxmac.o)
                0x0000e1f8                cxmac_init
 .any.text.powercycle_dual_turn_radio_off.constprop.7
                0x0000e230       0x16 contiki-z1.a(cxmac.o)
 .any.text.cpowercycle
                0x0000e246       0xe2 contiki-z1.a(cxmac.o)
 .any.text.input_packet
                0x0000e328      0x19c contiki-z1.a(cxmac.o)
 .any.text.qsend_packet
                0x0000e4c4      0x314 contiki-z1.a(cxmac.o)
 .any.text.qsend_list
                0x0000e7d8       0x24 contiki-z1.a(cxmac.o)
 .any.text.linkaddr_copy
                0x0000e7fc        0x8 contiki-z1.a(linkaddr.o)
                0x0000e7fc                linkaddr_copy
 .any.text.linkaddr_cmp
                0x0000e804       0x12 contiki-z1.a(linkaddr.o)
                0x0000e804                linkaddr_cmp
 .any.text.linkaddr_set_node_addr
                0x0000e816        0xc contiki-z1.a(linkaddr.o)
                0x0000e816                linkaddr_set_node_addr
 .any.text.linkaddr_set_node_long_addr
                0x0000e822        0xc contiki-z1.a(linkaddr.o)
                0x0000e822                linkaddr_set_node_long_addr
 .any.text.item_from_index
                0x0000e82e       0x2a contiki-z1.a(nbr-table.o)
 .any.text.index_from_key
                0x0000e858       0x26 contiki-z1.a(nbr-table.o)
 .any.text.index_from_item
                0x0000e87e       0x1e contiki-z1.a(nbr-table.o)
 .any.text.nbr_set_bit
                0x0000e89c       0x50 contiki-z1.a(nbr-table.o)
 .any.text.index_from_lladdr
                0x0000e8ec       0x3e contiki-z1.a(nbr-table.o)
 .any.text.nbr_get_bit.constprop.0
                0x0000e92a       0x2c contiki-z1.a(nbr-table.o)
 .any.text.long_ip_from_lladdr_map
                0x0000e956       0x4a contiki-z1.a(nbr-table.o)
                0x0000e956                long_ip_from_lladdr_map
 .any.text.lladdr_map_add_lr
                0x0000e9a0       0x40 contiki-z1.a(nbr-table.o)
                0x0000e9a0                lladdr_map_add_lr
 .any.text.lladdr_map_rm_lr
                0x0000e9e0       0x32 contiki-z1.a(nbr-table.o)
                0x0000e9e0                lladdr_map_rm_lr
 .any.text.nbr_table_register
                0x0000ea12       0x26 contiki-z1.a(nbr-table.o)
                0x0000ea12                nbr_table_register
 .any.text.nbr_table_next
                0x0000ea38       0x4c contiki-z1.a(nbr-table.o)
                0x0000ea38                nbr_table_next
 .any.text.nbr_table_head
                0x0000ea84       0x36 contiki-z1.a(nbr-table.o)
                0x0000ea84                nbr_table_head
 .any.text.nbr_table_add_lladdr
                0x0000eaba      0x14a contiki-z1.a(nbr-table.o)
                0x0000eaba                nbr_table_add_lladdr
 .any.text.nbr_table_get_from_lladdr
                0x0000ec04       0x28 contiki-z1.a(nbr-table.o)
                0x0000ec04                nbr_table_get_from_lladdr
 .any.text.nbr_table_remove
                0x0000ec2c       0x2a contiki-z1.a(nbr-table.o)
                0x0000ec2c                nbr_table_remove
 .any.text.nbr_table_lock
                0x0000ec56       0x10 contiki-z1.a(nbr-table.o)
                0x0000ec56                nbr_table_lock
 .any.text.nbr_table_unlock
                0x0000ec66       0x10 contiki-z1.a(nbr-table.o)
                0x0000ec66                nbr_table_unlock
 .any.text.nbr_table_get_lladdr
                0x0000ec76       0x20 contiki-z1.a(nbr-table.o)
                0x0000ec76                nbr_table_get_lladdr
 .any.text.packetbuf_hdrreduce
                0x0000ec96       0x1a contiki-z1.a(packetbuf.o)
                0x0000ec96                packetbuf_hdrreduce
 .any.text.packetbuf_set_datalen
                0x0000ecb0        0x6 contiki-z1.a(packetbuf.o)
                0x0000ecb0                packetbuf_set_datalen
 .any.text.packetbuf_hdrptr
                0x0000ecb6        0x6 contiki-z1.a(packetbuf.o)
                0x0000ecb6                packetbuf_hdrptr
 .any.text.packetbuf_datalen
                0x0000ecbc        0x6 contiki-z1.a(packetbuf.o)
                0x0000ecbc                packetbuf_datalen
 .any.text.packetbuf_hdrlen
                0x0000ecc2        0xa contiki-z1.a(packetbuf.o)
                0x0000ecc2                packetbuf_hdrlen
 .any.text.packetbuf_dataptr
                0x0000eccc        0xc contiki-z1.a(packetbuf.o)
                0x0000eccc                packetbuf_dataptr
 .any.text.packetbuf_copyto
                0x0000ecd8       0x3a contiki-z1.a(packetbuf.o)
                0x0000ecd8                packetbuf_copyto
 .any.text.packetbuf_compact
                0x0000ed12       0x3c contiki-z1.a(packetbuf.o)
                0x0000ed12                packetbuf_compact
 .any.text.packetbuf_totlen
                0x0000ed4e        0xc contiki-z1.a(packetbuf.o)
                0x0000ed4e                packetbuf_totlen
 .any.text.packetbuf_hdralloc
                0x0000ed5a       0x3c contiki-z1.a(packetbuf.o)
                0x0000ed5a                packetbuf_hdralloc
 .any.text.packetbuf_attr_clear
                0x0000ed96       0x28 contiki-z1.a(packetbuf.o)
                0x0000ed96                packetbuf_attr_clear
 .any.text.packetbuf_clear
                0x0000edbe       0x12 contiki-z1.a(packetbuf.o)
                0x0000edbe                packetbuf_clear
 .any.text.packetbuf_copyfrom
                0x0000edd0       0x2a contiki-z1.a(packetbuf.o)
                0x0000edd0                packetbuf_copyfrom
 .any.text.packetbuf_attr_copyto
                0x0000edfa       0x22 contiki-z1.a(packetbuf.o)
                0x0000edfa                packetbuf_attr_copyto
 .any.text.packetbuf_attr_copyfrom
                0x0000ee1c       0x24 contiki-z1.a(packetbuf.o)
                0x0000ee1c                packetbuf_attr_copyfrom
 .any.text.packetbuf_holds_broadcast
                0x0000ee40        0xe contiki-z1.a(packetbuf.o)
                0x0000ee40                packetbuf_holds_broadcast
 .any.text.queuebuf_init
                0x0000ee4e       0x12 contiki-z1.a(queuebuf.o)
                0x0000ee4e                queuebuf_init
 .any.text.queuebuf_numfree
                0x0000ee60        0xa contiki-z1.a(queuebuf.o)
                0x0000ee60                queuebuf_numfree
 .any.text.queuebuf_new_from_packetbuf
                0x0000ee6a       0x4e contiki-z1.a(queuebuf.o)
                0x0000ee6a                queuebuf_new_from_packetbuf
 .any.text.queuebuf_free
                0x0000eeb8       0x2a contiki-z1.a(queuebuf.o)
                0x0000eeb8                queuebuf_free
 .any.text.queuebuf_to_packetbuf
                0x0000eee2       0x32 contiki-z1.a(queuebuf.o)
                0x0000eee2                queuebuf_to_packetbuf
 .any.text.init
                0x0000ef14        0x2 contiki-z1.a(nullsec.o)
 .any.text.send
                0x0000ef16        0xa contiki-z1.a(nullsec.o)
 .any.text.input
                0x0000ef20        0x6 contiki-z1.a(nullsec.o)
 .any.text.i2c_receiveinit
                0x0000ef26       0x36 contiki-z1.a(i2cmaster.o)
                0x0000ef26                i2c_receiveinit
 .any.text.i2c_transmitinit
                0x0000ef5c       0x30 contiki-z1.a(i2cmaster.o)
                0x0000ef5c                i2c_transmitinit
 .any.text.i2c_receive_n
                0x0000ef8c       0x3e contiki-z1.a(i2cmaster.o)
                0x0000ef8c                i2c_receive_n
 .any.text.i2c_busy
                0x0000efca        0xa contiki-z1.a(i2cmaster.o)
                0x0000efca                i2c_busy
 .any.text.i2c_enable
                0x0000efd4       0x22 contiki-z1.a(i2cmaster.o)
                0x0000efd4                i2c_enable
 .any.text.i2c_transmit_n
                0x0000eff6       0x14 contiki-z1.a(i2cmaster.o)
                0x0000eff6                i2c_transmit_n
 .any.text.compower_accumulate
                0x0000f00a       0x6a contiki-z1.a(compower.o)
                0x0000f00a                compower_accumulate
 .any.text.compower_clear
                0x0000f074       0x12 contiki-z1.a(compower.o)
                0x0000f074                compower_clear
 .any.text.compower_attrconv
                0x0000f086       0x10 contiki-z1.a(compower.o)
                0x0000f086                compower_attrconv
 .any.text.memb_init
                0x0000f096       0x36 contiki-z1.a(memb.o)
                0x0000f096                memb_init
 .any.text.memb_alloc
                0x0000f0cc       0x3e contiki-z1.a(memb.o)
                0x0000f0cc                memb_alloc

.rodata         0x0000f10c      0xd51
                0x0000f10c                . = ALIGN (0x2)
 *(.rodata .rodata.* .gnu.linkonce.r.*)
 .rodata.process_thread_udp_client_process
                0x0000f10c      0x125 udp-client.co
 .rodata.send_packet
                0x0000f231      0x173 udp-client.co
 .rodata.autostart_processes
                0x0000f3a4        0x4 udp-client.co
                0x0000f3a4                autostart_processes
 .rodata        0x0000f3a8       0x13 udp-client.co
 .rodata        0x0000f3bb      0x237 obj_z1/contiki-z1-main.o
 .rodata.cc2420_prepare
                0x0000f5f2       0x47 contiki-z1.a(cc2420.o)
 .rodata.process_thread_cc2420_process
                0x0000f639       0x42 contiki-z1.a(cc2420.o)
 .rodata.cc2420_transmit
                0x0000f67b       0x2d contiki-z1.a(cc2420.o)
 .rodata.get_value
                0x0000f6a8       0x44 contiki-z1.a(cc2420.o)
 .rodata.set_value
                0x0000f6ec       0x20 contiki-z1.a(cc2420.o)
 .rodata.cc2420_driver
                0x0000f70c       0x38 contiki-z1.a(cc2420.o)
                0x0000f70c                cc2420_driver
 .rodata        0x0000f744        0xe contiki-z1.a(cc2420.o)
 .rodata.output_power
                0x0000f752       0x10 contiki-z1.a(cc2420.o)
 .rodata.node_id_restore
                0x0000f762       0x2d contiki-z1.a(node-id.o)
 .rodata        0x0000f78f        0x8 contiki-z1.a(sensors.o)
 .rodata        0x0000f797        0x7 contiki-z1.a(button-sensor.o)
 .rodata.button_sensor
                0x0000f79e        0xe contiki-z1.a(button-sensor.o)
                0x0000f79e                button_sensor
 .rodata.get_value
                0x0000f7ac       0x44 contiki-z1.a(cc1200.o)
 .rodata.idle   0x0000f7f0       0x22 contiki-z1.a(cc1200.o)
 .rodata.rx_rx  0x0000f812       0x24 contiki-z1.a(cc1200.o)
 .rodata.idle_calibrate_rx
                0x0000f836       0x60 contiki-z1.a(cc1200.o)
 *fill*         0x0000f896        0x2 00
 .rodata.set_value
                0x0000f898       0x20 contiki-z1.a(cc1200.o)
 .rodata.read   0x0000f8b8       0x25 contiki-z1.a(cc1200.o)
 .rodata.prepare
                0x0000f8dd       0x1c contiki-z1.a(cc1200.o)
 .rodata.idle_tx_rx
                0x0000f8f9       0x80 contiki-z1.a(cc1200.o)
 .rodata.transmit
                0x0000f979       0x18 contiki-z1.a(cc1200.o)
 .rodata.cc1200_init
                0x0000f991       0x66 contiki-z1.a(cc1200.o)
 .rodata.cc1200_rx_interrupt
                0x0000f9f7       0x5d contiki-z1.a(cc1200.o)
 .rodata.process_thread_cc1200_process
                0x0000fa54       0x16 contiki-z1.a(cc1200.o)
 .rodata        0x0000fa6a        0xe contiki-z1.a(cc1200.o)
 .rodata.cc1200_driver
                0x0000fa78       0x38 contiki-z1.a(cc1200.o)
                0x0000fa78                cc1200_driver
 .rodata.cc1200_802154g_863_870_fsk_50kbps
                0x0000fab0       0x12 contiki-z1.a(cc1200-802154g-)
                0x0000fab0                cc1200_802154g_863_870_fsk_50kbps
 .rodata.rf_cfg_descriptor
                0x0000fac2       0x24 contiki-z1.a(cc1200-802154g-)
 .rodata.preferredSettings
                0x0000fae6       0xd0 contiki-z1.a(cc1200-802154g-)
 .rodata.cc1200_arch_gpio0_setup_irq
                0x0000fbb6       0x39 contiki-z1.a(cc1200-z1-arch.)
 .rodata.cc1200_arch_gpio2_setup_irq
                0x0000fbef       0x39 contiki-z1.a(cc1200-z1-arch.)
 .rodata.port1_isr
                0x0000fc28       0x7a contiki-z1.a(adxl345.o)
 .rodata        0x0000fca2       0x25 contiki-z1.a(adxl345.o)
 .rodata        0x0000fcc7       0x1b contiki-z1.a(dual_radio.o)
 .rodata        0x0000fce2        0xf contiki-z1.a(ctimer.o)
 .rodata        0x0000fcf1        0xc contiki-z1.a(etimer.o)
 *fill*         0x0000fcfd        0x1 00
 .rodata.ENERGEST_DISSIPATION_RATE
                0x0000fcfe       0x38 contiki-z1.a(residual.o)
 .rodata        0x0000fd36        0xb contiki-z1.a(sicslowpan.o)
 *fill*         0x0000fd41        0x1 00
 .rodata.sicslowpan_driver
                0x0000fd42        0xa contiki-z1.a(sicslowpan.o)
                0x0000fd42                sicslowpan_driver
 .rodata.llprefix
                0x0000fd4c        0x2 contiki-z1.a(sicslowpan.o)
                0x0000fd4c                llprefix
 .rodata.unc_mxconf
                0x0000fd4e        0x4 contiki-z1.a(sicslowpan.o)
                0x0000fd4e                unc_mxconf
 .rodata.unc_ctxconf
                0x0000fd52        0x4 contiki-z1.a(sicslowpan.o)
                0x0000fd52                unc_ctxconf
 .rodata.unc_llconf
                0x0000fd56        0x4 contiki-z1.a(sicslowpan.o)
                0x0000fd56                unc_llconf
 .rodata.ttl_values
                0x0000fd5a        0x4 contiki-z1.a(sicslowpan.o)
 *fill*         0x0000fd5e        0x2 00
 .rodata.uip_process
                0x0000fd60       0x40 contiki-z1.a(uip6.o)
 .rodata        0x0000fda0        0xd contiki-z1.a(tcpip.o)
 .rodata.uip_debug_ipaddr_print
                0x0000fdad       0x28 contiki-z1.a(uip-debug.o)
 .rodata.CSWTCH.16
                0x0000fdd5        0x2 contiki-z1.a(frame802154.o)
 *fill*         0x0000fdd7        0x1 00
 .rodata.framer_802154
                0x0000fdd8        0xc contiki-z1.a(framer-802154.o)
                0x0000fdd8                framer_802154
 .rodata        0x0000fde4        0x8 contiki-z1.a(nullmac.o)
 .rodata.nullmac_driver
                0x0000fdec       0x1a contiki-z1.a(nullmac.o)
                0x0000fdec                nullmac_driver
 .rodata        0x0000fe06       0x13 contiki-z1.a(cxmac.o)
 *fill*         0x0000fe19        0x1 00
 .rodata.cxmac_driver
                0x0000fe1a       0x1e contiki-z1.a(cxmac.o)
                0x0000fe1a                cxmac_driver
 .rodata.linkaddr_null
                0x0000fe38        0x8 contiki-z1.a(linkaddr.o)
                0x0000fe38                linkaddr_null
 .rodata        0x0000fe40        0x8 contiki-z1.a(nullsec.o)
 .rodata.nullsec_driver
                0x0000fe48        0xe contiki-z1.a(nullsec.o)
                0x0000fe48                nullsec_driver
 .rodata.vuprintf
                0x0000fe56        0x7 /usr/local/msp430/bin/../lib/gcc/msp430/4.7.0/../../../../msp430/lib/mcpu-430x/mmpy-16/msr20/mc20/libc.a(vuprintf.o)
 *(.near.rodata .near.rodata.*)
                0x0000fe5e                . = ALIGN (0x2)
                0x0000fe5e                _etext = .

.data           0x00001100      0x15c load address 0x0000fe5e
                0x00001100                . = ALIGN (0x2)
                0x00001100                __data_start = .
 *(.data .data.* .gnu.linkonce.d.*)
 .data.udp_client_process
                0x00001100        0xc udp-client.co
                0x00001100                udp_client_process
 .data.sensors  0x0000110c        0x4 obj_z1/contiki-z1-main.o
                0x0000110c                sensors
 .data.cur_break
                0x00001110        0x2 contiki-z1.a(msp430.o)
 .data.cc2420_process
                0x00001112        0xc contiki-z1.a(cc2420.o)
                0x00001112                cc2420_process
 .data.send_on_cca
                0x0000111e        0x1 contiki-z1.a(cc2420.o)
 *fill*         0x0000111f        0x1 00
 .data.sensors_process
                0x00001120        0xc contiki-z1.a(sensors.o)
                0x00001120                sensors_process
 .data.cc1200_process
                0x0000112c        0xc contiki-z1.a(cc1200.o)
                0x0000112c                cc1200_process
 .data.accmeter_process
                0x00001138        0xc contiki-z1.a(adxl345.o)
                0x00001138                accmeter_process
 .data.adxl345_default_settings
                0x00001144       0x16 contiki-z1.a(adxl345.o)
 .data.dual_dis_broadcast
                0x0000115a        0xc contiki-z1.a(dual_radio.o)
                0x0000115a                dual_dis_broadcast
 .data.dual_dio_broadcast
                0x00001166        0xc contiki-z1.a(dual_radio.o)
                0x00001166                dual_dio_broadcast
 .data.radio_received
                0x00001172        0x2 contiki-z1.a(dual_radio.o)
                0x00001172                radio_received
 .data.ctimer_process
                0x00001174        0xc contiki-z1.a(ctimer.o)
                0x00001174                ctimer_process
 .data.etimer_process
                0x00001180        0xc contiki-z1.a(etimer.o)
                0x00001180                etimer_process
 .data.ds6_neighbors
                0x0000118c        0x2 contiki-z1.a(uip-ds6-nbr.o)
                0x0000118c                ds6_neighbors
 .data.ds6_neighbors_struct
                0x0000118e        0xa contiki-z1.a(uip-ds6-nbr.o)
 .data.nbr_routes
                0x00001198        0x2 contiki-z1.a(uip-ds6-route.o)
                0x00001198                nbr_routes
 .data.routememb
                0x0000119a        0x8 contiki-z1.a(uip-ds6-route.o)
 .data.defaultroutermemb
                0x000011a2        0x8 contiki-z1.a(uip-ds6-route.o)
 .data.neighborroutememb
                0x000011aa        0x8 contiki-z1.a(uip-ds6-route.o)
 .data.nbr_routes_struct
                0x000011b2        0xa contiki-z1.a(uip-ds6-route.o)
 .data.echo_request_handler
                0x000011bc        0x8 contiki-z1.a(uip-icmp6.o)
 .data.echo_reply_handler
                0x000011c4        0x8 contiki-z1.a(uip-icmp6.o)
 .data.tcpip_process
                0x000011cc        0xc contiki-z1.a(tcpip.o)
                0x000011cc                tcpip_process
 .data.rpl_parents
                0x000011d8        0x2 contiki-z1.a(rpl-dag.o)
                0x000011d8                rpl_parents
 .data.rpl_parents_struct
                0x000011da        0xa contiki-z1.a(rpl-dag.o)
 .data.dao_sequence
                0x000011e4        0x1 contiki-z1.a(rpl-icmp6.o)
 *fill*         0x000011e5        0x1 00
 .data.dis_handler
                0x000011e6        0x8 contiki-z1.a(rpl-icmp6.o)
 .data.dio_handler
                0x000011ee        0x8 contiki-z1.a(rpl-icmp6.o)
 .data.dao_handler
                0x000011f6        0x8 contiki-z1.a(rpl-icmp6.o)
 .data.dao_ack_handler
                0x000011fe        0x8 contiki-z1.a(rpl-icmp6.o)
 .data.rpl_of0  0x00001206       0x1a contiki-z1.a(rpl-of0.o)
                0x00001206                rpl_of0
 .data.mac_pan_id
                0x00001220        0x2 contiki-z1.a(frame802154.o)
 .data.strobe_wait
                0x00001222        0xc contiki-z1.a(cxmac.o)
                0x00001222                strobe_wait
 .data.cxmac_config
                0x0000122e        0x8 contiki-z1.a(cxmac.o)
                0x0000122e                cxmac_config
 .data.encounter_memb
                0x00001236        0x8 contiki-z1.a(cxmac.o)
 .data.neighbor_addr_mem
                0x0000123e        0x8 contiki-z1.a(nbr-table.o)
 .data.buframmem
                0x00001246        0x8 contiki-z1.a(queuebuf.o)
 .data.bufmem   0x0000124e        0x8 contiki-z1.a(queuebuf.o)
 .data.prescale_lsb
                0x00001256        0x1 contiki-z1.a(i2cmaster.o)