Archive member included because of file (symbol)

contiki-z1.a(contiki-z1-plat)
                              obj_z1/contiki-z1-main.o (init_platform)
contiki-z1.a(msp430.o)        obj_z1/contiki-z1-main.o (splhigh_)
contiki-z1.a(leds.o)          obj_z1/contiki-z1-main.o (leds_init)
contiki-z1.a(watchdog.o)      obj_z1/contiki-z1-main.o (watchdog_start)
contiki-z1.a(xmem.o)          obj_z1/contiki-z1-main.o (xmem_init)
contiki-z1.a(spi.o)           contiki-z1.a(xmem.o) (spi_init)
contiki-z1.a(cc2420.o)        obj_z1/contiki-z1-main.o (cc2420_set_pan_addr)
contiki-z1.a(cc2420-arch.o)   contiki-z1.a(cc2420.o) (cc2420_arch_init)
contiki-z1.a(node-id.o)       obj_z1/contiki-z1-main.o (node_id_restore)
contiki-z1.a(sensors.o)       contiki-z1.a(contiki-z1-plat) (sensors_process)
contiki-z1.a(button-sensor.o)
                              obj_z1/contiki-z1-main.o (button_sensor)
contiki-z1.a(uart0.o)         obj_z1/contiki-z1-main.o (uart0_active)
contiki-z1.a(uart0-putchar.o)
                              udp-client.co (putchar)
contiki-z1.a(cc1200.o)        obj_z1/contiki-z1-main.o (cc1200_init)
contiki-z1.a(cc1200-802154g-)
                              contiki-z1.a(cc1200.o) (cc1200_802154g_863_870_fsk_50kbps)
contiki-z1.a(cc1200-z1-arch.)
                              contiki-z1.a(cc1200.o) (cc1200_arch_spi_select)
contiki-z1.a(adxl345.o)       obj_z1/contiki-z1-main.o (accm_init)
contiki-z1.a(dual_radio.o)    contiki-z1.a(cc1200.o) (long_range_radio)
contiki-z1.a(clock.o)         obj_z1/contiki-z1-main.o (clock_init)
contiki-z1.a(leds-arch.o)     contiki-z1.a(leds.o) (leds_arch_init)
contiki-z1.a(rtimer-arch.o)   obj_z1/contiki-z1-main.o (rtimer_arch_now)
contiki-z1.a(autostart.o)     obj_z1/contiki-z1-main.o (autostart_start)
contiki-z1.a(ctimer.o)        obj_z1/contiki-z1-main.o (ctimer_init)
contiki-z1.a(energest.o)      obj_z1/contiki-z1-main.o (energest_init)
contiki-z1.a(etimer.o)        contiki-z1.a(clock.o) (etimer_request_poll)
contiki-z1.a(process.o)       udp-client.co (process_current)
contiki-z1.a(residual.o)      udp-client.co (get_residual_energy)
contiki-z1.a(rtimer.o)        obj_z1/contiki-z1-main.o (rtimer_init)
contiki-z1.a(stimer.o)        udp-client.co (stimer_remaining)
contiki-z1.a(timer.o)         contiki-z1.a(button-sensor.o) (timer_set)
contiki-z1.a(serial-line.o)   udp-client.co (serial_line_event_message)
contiki-z1.a(list.o)          contiki-z1.a(ctimer.o) (list_init)
contiki-z1.a(random.o)        obj_z1/contiki-z1-main.o (random_init)
contiki-z1.a(ringbuf.o)       contiki-z1.a(serial-line.o) (ringbuf_init)
contiki-z1.a(sicslowpan.o)    obj_z1/contiki-z1-main.o (sicslowpan_driver)
contiki-z1.a(uip6.o)          contiki-z1.a(sicslowpan.o) (uip_aligned_buf)
contiki-z1.a(uip-ds6.o)       contiki-z1.a(uip6.o) (uip_ds6_is_addr_onlink)
contiki-z1.a(uip-ds6-nbr.o)   contiki-z1.a(uip-ds6.o) (uip_ds6_neighbors_init)
contiki-z1.a(uip-ds6-route.o)
                              contiki-z1.a(uip-ds6.o) (uip_ds6_route_init)
contiki-z1.a(uip-icmp6.o)     contiki-z1.a(uip6.o) (uip_icmp6_input)
contiki-z1.a(uip-nd6.o)       contiki-z1.a(uip6.o) (uip_nd6_init)
contiki-z1.a(tcpip.o)         contiki-z1.a(sicslowpan.o) (tcpip_set_outputfunc)
contiki-z1.a(uip-debug.o)     udp-client.co (uip_debug_ipaddr_print)
contiki-z1.a(uip-udp-packet.)
                              udp-client.co (uip_udp_packet_sendto)
contiki-z1.a(rpl.o)           contiki-z1.a(uip-ds6-nbr.o) (rpl_link_neighbor_callback)
contiki-z1.a(rpl-dag.o)       contiki-z1.a(rpl.o) (default_instance)
contiki-z1.a(rpl-ext-header.)
                              contiki-z1.a(uip6.o) (rpl_verify_header)
contiki-z1.a(rpl-icmp6.o)     contiki-z1.a(rpl-dag.o) (rpl_icmp6_update_nbr_table)
contiki-z1.a(rpl-jkof.o)      contiki-z1.a(rpl.o) (rpl_jkof)
contiki-z1.a(rpl-timers.o)    contiki-z1.a(rpl.o) (rpl_reset_periodic_timer)
contiki-z1.a(frame802154.o)   contiki-z1.a(cc1200.o) (frame802154_parse)
contiki-z1.a(framer-802154.o)
                              contiki-z1.a(sicslowpan.o) (framer_802154)
contiki-z1.a(nullmac.o)       obj_z1/contiki-z1-main.o (nullmac_driver)
contiki-z1.a(nullrdc.o)       obj_z1/contiki-z1-main.o (nullrdc_driver)
contiki-z1.a(linkaddr.o)      obj_z1/contiki-z1-main.o (linkaddr_copy)
contiki-z1.a(nbr-table.o)     contiki-z1.a(uip-ds6-nbr.o) (lladdr_map_add_lr)
contiki-z1.a(packetbuf.o)     contiki-z1.a(framer-802154.o) (packetbuf_hdrreduce)
contiki-z1.a(queuebuf.o)      obj_z1/contiki-z1-main.o (queuebuf_init)
contiki-z1.a(nullsec.o)       contiki-z1.a(sicslowpan.o) (nullsec_driver)
contiki-z1.a(i2cmaster.o)     contiki-z1.a(adxl345.o) (i2c_receiveinit)
contiki-z1.a(memb.o)          contiki-z1.a(uip-ds6-route.o) (memb_init)
contiki-z1.a(rpl-nbr-policy.)
                              contiki-z1.a(nbr-table.o) (rpl_nbr_policy_find_removable)
contiki-z1.a(mac.o)           contiki-z1.a(nullrdc.o) (mac_call_sent_callback)
contiki-z1.a(mac-sequence.o)  contiki-z1.a(nullrdc.o) (mac_sequence_is_duplicate)
[...]
Memory Configuration

Name             Origin             Length             Attributes
sfr              0x00000000         0x00000010
peripheral_8bit  0x00000010         0x000000f0
peripheral_16bit 0x00000100         0x00000100
ram_mirror       0x00000200         0x00000800         xw
infomem          0x00001000         0x00000100
infod            0x00001000         0x00000040
infoc            0x00001040         0x00000040
infob            0x00001080         0x00000040
infoa            0x000010c0         0x00000040
ram              0x00001100         0x00002000         xw
rom              0x00003100         0x0000cebe         xr
vectors          0x0000ffc0         0x00000040
far_rom          0x00010000         0x0000a000
bsl              0x00000000         0x00000000
ram2             0x00000000         0x00000000         xw
usbram           0x00000000         0x00000000         xw
*default*        0x00000000         0xffffffff

Linker script and memory map

LOAD /usr/local/msp430/bin/../lib/gcc/msp430/4.7.0/mcpu-430x/mmpy-16/msr20/mc20/crt0ivtbl32.o
                0x00000041                __P1SEL2 = 0x41
                0x00000045                __P5SEL2 = 0x45
LOAD udp-client.co
LOAD obj_z1/contiki-z1-main.o
LOAD contiki-z1.a
LOAD /usr/local/msp430/bin/../lib/gcc/msp430/4.7.0/mcpu-430x/mmpy-16/msr20/mc20/libgcc.a
LOAD /usr/local/msp430/bin/../lib/gcc/msp430/4.7.0/../../../../msp430/lib/mcpu-430x/mmpy-16/msr20/mc20/libc.a
LOAD /usr/local/msp430/bin/../lib/gcc/msp430/4.7.0/mcpu-430x/mmpy-16/msr20/mc20/libgcc.a
LOAD /usr/local/msp430/bin/../lib/gcc/msp430/4.7.0/mcpu-430x/mmpy-16/msr20/mc20/libcrt0.a
                0x00000040                PROVIDE (__info_segment_size, 0x40)
                0x00001000                PROVIDE (__infod, 0x1000)
                0x00001040                PROVIDE (__infoc, 0x1040)
                0x00001080                PROVIDE (__infob, 0x1080)
                0x000010c0                PROVIDE (__infoa, 0x10c0)
                0x00000000                __IE1 = 0x0
                0x00000002                __IFG1 = 0x2
                0x00000001                __IE2 = 0x1
                0x00000003                __IFG2 = 0x3
                0x00000006                __UC1IE = 0x6
                0x00000007                __UC1IFG = 0x7
                0x000001a0                __ADC12CTL0 = 0x1a0
                0x000001a2                __ADC12CTL1 = 0x1a2
                0x000001a4                __ADC12IFG = 0x1a4
                0x000001a6                __ADC12IE = 0x1a6
                0x000001a8                __ADC12IV = 0x1a8
                0x00000140                __ADC12MEM0 = 0x140
                0x00000142                __ADC12MEM1 = 0x142
                0x00000144                __ADC12MEM2 = 0x144
                0x00000146                __ADC12MEM3 = 0x146
                0x00000148                __ADC12MEM4 = 0x148
                0x0000014a                __ADC12MEM5 = 0x14a
                0x0000014c                __ADC12MEM6 = 0x14c
                0x0000014e                __ADC12MEM7 = 0x14e
                0x00000150                __ADC12MEM8 = 0x150
                0x00000152                __ADC12MEM9 = 0x152
                0x00000154                __ADC12MEM10 = 0x154
                0x00000156                __ADC12MEM11 = 0x156
                0x00000158                __ADC12MEM12 = 0x158
                0x0000015a                __ADC12MEM13 = 0x15a
                0x0000015c                __ADC12MEM14 = 0x15c
                0x0000015e                __ADC12MEM15 = 0x15e
                0x00000080                __ADC12MCTL0 = 0x80
                0x00000081                __ADC12MCTL1 = 0x81
                0x00000082                __ADC12MCTL2 = 0x82
                0x00000083                __ADC12MCTL3 = 0x83
                0x00000084                __ADC12MCTL4 = 0x84
                0x00000085                __ADC12MCTL5 = 0x85
                0x00000086                __ADC12MCTL6 = 0x86
                0x00000087                __ADC12MCTL7 = 0x87
                0x00000088                __ADC12MCTL8 = 0x88
                0x00000089                __ADC12MCTL9 = 0x89
                0x0000008a                __ADC12MCTL10 = 0x8a
                0x0000008b                __ADC12MCTL11 = 0x8b
                0x0000008c                __ADC12MCTL12 = 0x8c
                0x0000008d                __ADC12MCTL13 = 0x8d
                0x0000008e                __ADC12MCTL14 = 0x8e
                0x0000008f                __ADC12MCTL15 = 0x8f
                0x00000056                __DCOCTL = 0x56
                0x00000057                __BCSCTL1 = 0x57
                0x00000058                __BCSCTL2 = 0x58
                0x00000053                __BCSCTL3 = 0x53
                0x00000059                __CACTL1 = 0x59
                0x0000005a                __CACTL2 = 0x5a
                0x0000005b                __CAPD = 0x5b
                0x000001c0                __DAC12_0CTL = 0x1c0
                0x000001c2                __DAC12_1CTL = 0x1c2
                0x000001c8                __DAC12_0DAT = 0x1c8
                0x000001ca                __DAC12_1DAT = 0x1ca
                0x00000122                __DMACTL0 = 0x122
                0x00000124                __DMACTL1 = 0x124
                0x00000126                __DMAIV = 0x126
                0x000001d0                __DMA0CTL = 0x1d0
                0x000001dc                __DMA1CTL = 0x1dc
                0x000001e8                __DMA2CTL = 0x1e8
                0x000001d2                __DMA0SA = 0x1d2
                0x000001d2                __DMA0SAL = 0x1d2
                0x000001d6                __DMA0DA = 0x1d6
                0x000001d6                __DMA0DAL = 0x1d6
                0x000001da                __DMA0SZ = 0x1da
                0x000001de                __DMA1SA = 0x1de
                0x000001de                __DMA1SAL = 0x1de
                0x000001e2                __DMA1DA = 0x1e2
                0x000001e2                __DMA1DAL = 0x1e2
                0x000001e6                __DMA1SZ = 0x1e6
                0x000001ea                __DMA2SA = 0x1ea
                0x000001ea                __DMA2SAL = 0x1ea
                0x000001ee                __DMA2DA = 0x1ee
                0x000001ee                __DMA2DAL = 0x1ee
                0x000001f2                __DMA2SZ = 0x1f2
                0x00000128                __FCTL1 = 0x128
                0x0000012a                __FCTL2 = 0x12a
                0x0000012c                __FCTL3 = 0x12c
                0x000001be                __FCTL4 = 0x1be
                0x00000130                __MPY = 0x130
                0x00000132                __MPYS = 0x132
                0x00000134                __MAC = 0x134
                0x00000136                __MACS = 0x136
                0x00000138                __OP2 = 0x138
                0x0000013a                __RESLO = 0x13a
                0x0000013c                __RESHI = 0x13c
                0x0000013e                __SUMEXT = 0x13e
                0x00000020                __P1IN = 0x20
                0x00000021                __P1OUT = 0x21
                0x00000022                __P1DIR = 0x22
                0x00000023                __P1IFG = 0x23
                0x00000024                __P1IES = 0x24
                0x00000025                __P1IE = 0x25
                0x00000026                __P1SEL = 0x26
                0x00000027                __P1REN = 0x27
                0x00000028                __P2IN = 0x28
                0x00000029                __P2OUT = 0x29
                0x0000002a                __P2DIR = 0x2a
                0x0000002b                __P2IFG = 0x2b
                0x0000002c                __P2IES = 0x2c
                0x0000002d                __P2IE = 0x2d
                0x0000002e                __P2SEL = 0x2e
                0x0000002f                __P2REN = 0x2f
                0x00000018                __P3IN = 0x18
                0x00000019                __P3OUT = 0x19
                0x0000001a                __P3DIR = 0x1a
                0x0000001b                __P3SEL = 0x1b
                0x00000010                __P3REN = 0x10
                0x0000001c                __P4IN = 0x1c
                0x0000001d                __P4OUT = 0x1d
                0x0000001e                __P4DIR = 0x1e
                0x0000001f                __P4SEL = 0x1f
                0x00000011                __P4REN = 0x11
                0x00000030                __P5IN = 0x30
                0x00000031                __P5OUT = 0x31
                0x00000032                __P5DIR = 0x32
                0x00000033                __P5SEL = 0x33
                0x00000012                __P5REN = 0x12
                0x00000034                __P6IN = 0x34
                0x00000035                __P6OUT = 0x35
                0x00000036                __P6DIR = 0x36
                0x00000037                __P6SEL = 0x37
                0x00000013                __P6REN = 0x13
                0x00000038                __P7IN = 0x38
                0x0000003a                __P7OUT = 0x3a
                0x0000003c                __P7DIR = 0x3c
                0x0000003e                __P7SEL = 0x3e
                0x00000014                __P7REN = 0x14
                0x00000039                __P8IN = 0x39
                0x0000003b                __P8OUT = 0x3b
                0x0000003d                __P8DIR = 0x3d
                0x0000003f                __P8SEL = 0x3f
                0x00000015                __P8REN = 0x15
                0x00000038                __PAIN = 0x38
                0x0000003a                __PAOUT = 0x3a
                0x0000003c                __PADIR = 0x3c
                0x0000003e                __PASEL = 0x3e
                0x00000014                __PAREN = 0x14
                0x00000055                __SVSCTL = 0x55
                0x0000012e                __TAIV = 0x12e
                0x00000160                __TACTL = 0x160
                0x00000162                __TACCTL0 = 0x162
                0x00000164                __TACCTL1 = 0x164
                0x00000166                __TACCTL2 = 0x166
                0x00000170                __TAR = 0x170
                0x00000172                __TACCR0 = 0x172
                0x00000174                __TACCR1 = 0x174
                0x00000176                __TACCR2 = 0x176
                0x0000011e                __TBIV = 0x11e
                0x00000180                __TBCTL = 0x180
                0x00000182                __TBCCTL0 = 0x182
                0x00000184                __TBCCTL1 = 0x184
                0x00000186                __TBCCTL2 = 0x186
                0x00000188                __TBCCTL3 = 0x188
                0x0000018a                __TBCCTL4 = 0x18a
                0x0000018c                __TBCCTL5 = 0x18c
                0x0000018e                __TBCCTL6 = 0x18e
                0x00000190                __TBR = 0x190
                0x00000192                __TBCCR0 = 0x192
                0x00000194                __TBCCR1 = 0x194
                0x00000196                __TBCCR2 = 0x196
                0x00000198                __TBCCR3 = 0x198
                0x0000019a                __TBCCR4 = 0x19a
                0x0000019c                __TBCCR5 = 0x19c
                0x0000019e                __TBCCR6 = 0x19e
                0x00000060                __UCA0CTL0 = 0x60
                0x00000061                __UCA0CTL1 = 0x61
                0x00000062                __UCA0BR0 = 0x62
                0x00000063                __UCA0BR1 = 0x63
                0x00000064                __UCA0MCTL = 0x64
                0x00000065                __UCA0STAT = 0x65
                0x00000066                __UCA0RXBUF = 0x66
                0x00000067                __UCA0TXBUF = 0x67
                0x0000005d                __UCA0ABCTL = 0x5d
                0x0000005e                __UCA0IRTCTL = 0x5e
                0x0000005f                __UCA0IRRCTL = 0x5f
                0x00000068                __UCB0CTL0 = 0x68
                0x00000069                __UCB0CTL1 = 0x69
                0x0000006a                __UCB0BR0 = 0x6a
                0x0000006b                __UCB0BR1 = 0x6b
                0x0000006c                __UCB0I2CIE = 0x6c
                0x0000006d                __UCB0STAT = 0x6d
                0x0000006e                __UCB0RXBUF = 0x6e
                0x0000006f                __UCB0TXBUF = 0x6f
                0x00000118                __UCB0I2COA = 0x118
                0x0000011a                __UCB0I2CSA = 0x11a
                0x000000d0                __UCA1CTL0 = 0xd0
                0x000000d1                __UCA1CTL1 = 0xd1
                0x000000d2                __UCA1BR0 = 0xd2
                0x000000d3                __UCA1BR1 = 0xd3
                0x000000d4                __UCA1MCTL = 0xd4
                0x000000d5                __UCA1STAT = 0xd5
                0x000000d6                __UCA1RXBUF = 0xd6
                0x000000d7                __UCA1TXBUF = 0xd7
                0x000000cd                __UCA1ABCTL = 0xcd
                0x000000ce                __UCA1IRTCTL = 0xce
                0x000000cf                __UCA1IRRCTL = 0xcf
                0x000000d8                __UCB1CTL0 = 0xd8
                0x000000d9                __UCB1CTL1 = 0xd9
                0x000000da                __UCB1BR0 = 0xda
                0x000000db                __UCB1BR1 = 0xdb
                0x000000dc                __UCB1I2CIE = 0xdc
                0x000000dd                __UCB1STAT = 0xdd
                0x000000de                __UCB1RXBUF = 0xde
                0x000000df                __UCB1TXBUF = 0xdf
                0x0000017c                __UCB1I2COA = 0x17c
                0x0000017e                __UCB1I2CSA = 0x17e
                0x00000120                __WDTCTL = 0x120
                0x000010c0                __TLV_CHECKSUM = 0x10c0
                0x000010f6                __TLV_DCO_30_TAG = 0x10f6
                0x000010f7                __TLV_DCO_30_LEN = 0x10f7
                0x000010da                __TLV_ADC12_1_TAG = 0x10da
                0x000010db                __TLV_ADC12_1_LEN = 0x10db
                0x000010f8                __CALDCO_16MHZ = 0x10f8
                0x000010f9                __CALBC1_16MHZ = 0x10f9
                0x000010fa                __CALDCO_12MHZ = 0x10fa
                0x000010fb                __CALBC1_12MHZ = 0x10fb
                0x000010fc                __CALDCO_8MHZ = 0x10fc
                0x000010fd                __CALBC1_8MHZ = 0x10fd
                0x000010fe                __CALDCO_1MHZ = 0x10fe
                0x000010ff                __CALBC1_1MHZ = 0x10ff

.hash
 *(.hash)

.dynsym
 *(.dynsym)

.dynstr
 *(.dynstr)

.gnu.version
 *(.gnu.version)

.gnu.version_d
 *(.gnu.version_d)

.gnu.version_r
 *(.gnu.version_r)

.rel.init
 *(.rel.init)

.rela.init
 *(.rela.init)

.rel.fini
 *(.rel.fini)

.rela.fini
 *(.rela.fini)

.rel.text
 *(.rel.text .rel.text.* .rel.gnu.linkonce.t.*)

.rela.text
 *(.rela.text .rela.text.* .rela.gnu.linkonce.t.*)

.rel.rodata
 *(.rel.rodata .rel.rodata.* .rel.gnu.linkonce.r.*)

.rela.rodata
 *(.rela.rodata .rela.rodata.* .rela.gnu.linkonce.r.*)

.rel.data
 *(.rel.data .rel.data.* .rel.gnu.linkonce.d.*)

.rela.data
 *(.rela.data .rela.data.* .rela.gnu.linkonce.d.*)

.rel.bss
 *(.rel.bss .rel.bss.* .rel.gnu.linkonce.b.*)

.rela.bss
 *(.rela.bss .rela.bss.* .rela.gnu.linkonce.b.*)

.rel.ctors
 *(.rel.ctors)

.rela.ctors
 *(.rela.ctors)

.rel.dtors
 *(.rel.dtors)

.rela.dtors
 *(.rela.dtors)

.rel.got
 *(.rel.got)

.rela.got
 *(.rela.got)

.rel.plt
 *(.rel.plt)

.rela.plt
 *(.rela.plt)

.text           0x00003100     0xb536
                0x00003100                . = ALIGN (0x2)
 *(.init .init.*)
 *(.init0)
 .init0         0x00003100        0x0 /usr/local/msp430/bin/../lib/gcc/msp430/4.7.0/mcpu-430x/mmpy-16/msr20/mc20/libcrt0.a(_reset_vector__.o)
                0x00003100                _reset_vector__
 *(.init1)
 .init1         0x00003100        0xc /usr/local/msp430/bin/../lib/gcc/msp430/4.7.0/mcpu-430x/mmpy-16/msr20/mc20/libcrt0.a(__watchdog_support.o)
                0x00003100                __watchdog_support
 *(.init2)
 .init2         0x0000310c        0x4 /usr/local/msp430/bin/../lib/gcc/msp430/4.7.0/mcpu-430x/mmpy-16/msr20/mc20/libcrt0.a(__init_stack.o)
                0x0000310c                __init_stack
 *(.init3)
 .init3         0x00003110        0x0 /usr/local/msp430/bin/../lib/gcc/msp430/4.7.0/mcpu-430x/mmpy-16/msr20/mc20/libcrt0.a(__low_level_init.o)
                0x00003110                __low_level_init
 *(.init4)
 .init4         0x00003110       0x18 /usr/local/msp430/bin/../lib/gcc/msp430/4.7.0/mcpu-430x/mmpy-16/msr20/mc20/libcrt0.a(_copy_data.o)
                0x00003110                __do_copy_data
 .init4         0x00003128       0x16 /usr/local/msp430/bin/../lib/gcc/msp430/4.7.0/mcpu-430x/mmpy-16/msr20/mc20/libcrt0.a(_clear_bss.o)
                0x00003128                __do_clear_bss
 *(.init5)
 *(.init6)
 *(.init7)
 *(.init8)
 *(.init9)
 .init9         0x0000313e      0x4c0 obj_z1/contiki-z1-main.o
                0x0000313e                main
 *(.fini9)
 .fini9         0x000035fe        0x0 /usr/local/msp430/bin/../lib/gcc/msp430/4.7.0/mcpu-430x/mmpy-16/msr20/mc20/libcrt0.a(__stop_progExec__.o)
                0x000035fe                __stop_progExec__
 *(.fini8)
 *(.fini7)
 *(.fini6)
 *(.fini5)
 *(.fini4)
 *(.fini3)
 *(.fini2)
 *(.fini1)
 *(.fini0)
 .fini0         0x000035fe        0x6 /usr/local/msp430/bin/../lib/gcc/msp430/4.7.0/mcpu-430x/mmpy-16/msr20/mc20/libcrt0.a(_endless_loop__.o)
                0x000035fe                _endless_loop__
 *(.fini .fini.*)
                0x00003604                . = ALIGN (0x2)
                0x00003604                __ctors_start = .
 *(.ctors)
                0x00003604                __ctors_end = .
                0x00003604                __dtors_start = .
 *(.dtors)
                0x00003604                __dtors_end = .
                0x00003604                . = ALIGN (0x2)
 *(.text .text.* .gnu.linkonce.t.*)
 .text          0x00003604        0x4 /usr/local/msp430/bin/../lib/gcc/msp430/4.7.0/mcpu-430x/mmpy-16/msr20/mc20/crt0ivtbl32.o
                0x00003604                __isr_14
                0x00003604                __isr_4
                0x00003604                __isr_29
                0x00003604                __isr_11
                0x00003604                __isr_5
                0x00003604                __isr_2
                0x00003604                __isr_10
                0x00003604                __isr_7
                0x00003604                __isr_0
                0x00003604                __isr_28
                0x00003604                __isr_8
                0x00003604                __isr_20
                0x00003604                __isr_3
                0x00003604                __isr_12
                0x00003604                __isr_13
                0x00003604                __isr_27
                0x00003604                __isr_9
                0x00003604                __isr_30
                0x00003604                __isr_6
                0x00003604                __isr_22
                0x00003604                __isr_1
                0x00003604                __isr_15
                0x00003604                __isr_21
 .text.libgcc   0x00003608       0x26 /usr/local/msp430/bin/../lib/gcc/msp430/4.7.0/mcpu-430x/mmpy-16/msr20/mc20/libgcc.a(_mulsi3.o)
                0x00003608                __mulsi3
 .text.libgcc   0x0000362e       0x22 /usr/local/msp430/bin/../lib/gcc/msp430/4.7.0/mcpu-430x/mmpy-16/msr20/mc20/libgcc.a(_udivmod16.o)
                0x0000362e                __udivhi3
                0x0000362e                __ext_udivmod16
                0x00003648                __umodhi3
 .text.libgcc   0x00003650       0x3a /usr/local/msp430/bin/../lib/gcc/msp430/4.7.0/mcpu-430x/mmpy-16/msr20/mc20/libgcc.a(_divmod16.o)
                0x00003650                __ext_divmod16
                0x00003650                __divhi3
                0x00003682                __modhi3
 .text.libgcc   0x0000368a       0x38 /usr/local/msp430/bin/../lib/gcc/msp430/4.7.0/mcpu-430x/mmpy-16/msr20/mc20/libgcc.a(_udivmod32.o)
                0x0000368a                __udivsi3
                0x0000368a                __ext_udivmod32
                0x000036b8                __umodsi3
 .text.printf   0x000036c2       0x10 /usr/local/msp430/bin/../lib/gcc/msp430/4.7.0/../../../../msp430/lib/mcpu-430x/mmpy-16/msr20/mc20/libc.a(printf.o)
                0x000036c2                printf
 .text.append   0x000036d2       0x22 /usr/local/msp430/bin/../lib/gcc/msp430/4.7.0/../../../../msp430/lib/mcpu-430x/mmpy-16/msr20/mc20/libc.a(sprintf.o)
 .text.call_vuprintf
                0x000036f4       0x36 /usr/local/msp430/bin/../lib/gcc/msp430/4.7.0/../../../../msp430/lib/mcpu-430x/mmpy-16/msr20/mc20/libc.a(sprintf.o)
 .text.sprintf  0x0000372a       0x1a /usr/local/msp430/bin/../lib/gcc/msp430/4.7.0/../../../../msp430/lib/mcpu-430x/mmpy-16/msr20/mc20/libc.a(sprintf.o)
                0x0000372a                sprintf
 .text.print_field
                0x00003744      0x176 /usr/local/msp430/bin/../lib/gcc/msp430/4.7.0/../../../../msp430/lib/mcpu-430x/mmpy-16/msr20/mc20/libc.a(vuprintf.o)
 .text.vuprintf
                0x000038ba      0x74c /usr/local/msp430/bin/../lib/gcc/msp430/4.7.0/../../../../msp430/lib/mcpu-430x/mmpy-16/msr20/mc20/libc.a(vuprintf.o)
                0x000038ba                vuprintf
 .text.puts     0x00004006       0x2c /usr/local/msp430/bin/../lib/gcc/msp430/4.7.0/../../../../msp430/lib/mcpu-430x/mmpy-16/msr20/mc20/libc.a(puts.o)
                0x00004006                puts
 .text.rand     0x00004032       0x26 /usr/local/msp430/bin/../lib/gcc/msp430/4.7.0/../../../../msp430/lib/mcpu-430x/mmpy-16/msr20/mc20/libc.a(rand.o)
                0x00004032                rand
 .text.srand    0x00004058        0xa /usr/local/msp430/bin/../lib/gcc/msp430/4.7.0/../../../../msp430/lib/mcpu-430x/mmpy-16/msr20/mc20/libc.a(rand.o)
                0x00004058                srand
 .text.memcmp   0x00004062       0x2c /usr/local/msp430/bin/../lib/gcc/msp430/4.7.0/../../../../msp430/lib/mcpu-430x/mmpy-16/msr20/mc20/libc.a(memcmp.o)
                0x00004062                memcmp
 .text.memcpy   0x0000408e       0xe8 /usr/local/msp430/bin/../lib/gcc/msp430/4.7.0/../../../../msp430/lib/mcpu-430x/mmpy-16/msr20/mc20/libc.a(memcpy.o)
                0x0000408e                memcpy
 .text.memmove  0x00004176       0xe8 /usr/local/msp430/bin/../lib/gcc/msp430/4.7.0/../../../../msp430/lib/mcpu-430x/mmpy-16/msr20/mc20/libc.a(memmove.o)
                0x00004176                memmove
 .text.memset   0x0000425e       0x5c /usr/local/msp430/bin/../lib/gcc/msp430/4.7.0/../../../../msp430/lib/mcpu-430x/mmpy-16/msr20/mc20/libc.a(memset.o)
                0x0000425e                memset
 .text.libgcc   0x000042ba       0xbc /usr/local/msp430/bin/../lib/gcc/msp430/4.7.0/mcpu-430x/mmpy-16/msr20/mc20/libgcc.a(_udivmod64.o)
                0x000042ba                __xabi_udivmod64
                0x0000430c                __udivdi3
                0x00004326                __umoddi3
                0x00004348                __udivmoddi4
 .text.crt0     0x00004376        0x2 /usr/local/msp430/bin/../lib/gcc/msp430/4.7.0/mcpu-430x/mmpy-16/msr20/mc20/libcrt0.a(_unexpected_.o)
                0x00004376                _unexpected_
 *(.near.text .near.text.*)
 .near.text.watchdog_interrupt
                0x00004378        0x6 contiki-z1.a(watchdog.o)
                0x00004378                __isr_26
                0x00004378                watchdog_interrupt
 .near.text.irq_p2
                0x0000437e       0x76 contiki-z1.a(button-sensor.o)
                0x0000437e                irq_p2
                0x0000437e                __isr_19
 .near.text.uart0_rx_interrupt
                0x000043f4       0x64 contiki-z1.a(uart0.o)
                0x000043f4                __isr_23
                0x000043f4                uart0_rx_interrupt
 .near.text.port1_isr
                0x00004458       0xf4 contiki-z1.a(adxl345.o)
                0x00004458                port1_isr
                0x00004458                __isr_18
 .near.text.timera1
                0x0000454c      0x10a contiki-z1.a(clock.o)
                0x0000454c                __isr_24
                0x0000454c                timera1
 .near.text.timera0
                0x00004656       0x5c contiki-z1.a(rtimer-arch.o)
                0x00004656                __isr_25
                0x00004656                timera0
 .near.text.i2c_tx_interrupt
                0x000046b2       0x84 contiki-z1.a(i2cmaster.o)
                0x000046b2                __isr_16
                0x000046b2                i2c_tx_interrupt
 .near.text.i2c_rx_interrupt
                0x00004736       0x14 contiki-z1.a(i2cmaster.o)
                0x00004736                i2c_rx_interrupt
                0x00004736                __isr_17
 .any.text.process_thread_udp_client_process
                0x0000474a      0x2be udp-client.co
 .any.text.send_packet
                0x00004a08       0x84 udp-client.co
 .any.text.init_platform
                0x00004a8c        0xc contiki-z1.a(contiki-z1-plat)
                0x00004a8c                init_platform
 .any.text.msp430_init_dco
                0x00004a98       0x28 contiki-z1.a(msp430.o)
                0x00004a98                msp430_init_dco
 .any.text.splhigh_
                0x00004ac0        0x8 contiki-z1.a(msp430.o)
                0x00004ac0                splhigh_
 .any.text.msp430_sync_dco
                0x00004ac8       0x6e contiki-z1.a(msp430.o)
                0x00004ac8                msp430_sync_dco
 .any.text.msp430_cpu_init
                0x00004b36       0x2e contiki-z1.a(msp430.o)
                0x00004b36                msp430_cpu_init
 .any.text.show_leds
                0x00004b64       0xe8 contiki-z1.a(leds.o)
 .any.text.leds_init
                0x00004c4c        0xa contiki-z1.a(leds.o)
                0x00004c4c                leds_init
 .any.text.leds_on
                0x00004c56        0xa contiki-z1.a(leds.o)
                0x00004c56                leds_on
 .any.text.leds_off
                0x00004c60        0xe contiki-z1.a(leds.o)
                0x00004c60                leds_off
 .any.text.watchdog_start
                0x00004c6e       0x14 contiki-z1.a(watchdog.o)
                0x00004c6e                watchdog_start
 .any.text.watchdog_periodic
                0x00004c82       0x12 contiki-z1.a(watchdog.o)
                0x00004c82                watchdog_periodic
 .any.text.watchdog_stop
                0x00004c94       0x16 contiki-z1.a(watchdog.o)
                0x00004c94                watchdog_stop
 .any.text.watchdog_init
                0x00004caa       0x12 contiki-z1.a(watchdog.o)
                0x00004caa                watchdog_init
 .any.text.wait_ready
                0x00004cbc       0x46 contiki-z1.a(xmem.o)
 .any.text.xmem_init
                0x00004d02       0x1e contiki-z1.a(xmem.o)
                0x00004d02                xmem_init
 .any.text.xmem_pread
                0x00004d20       0xc2 contiki-z1.a(xmem.o)
                0x00004d20                xmem_pread
 .any.text.spi_init
                0x00004de2       0x32 contiki-z1.a(spi.o)
                0x00004de2                spi_init
 .any.text.get_object
                0x00004e14        0x4 contiki-z1.a(cc2420.o)
 .any.text.set_object
                0x00004e18        0x4 contiki-z1.a(cc2420.o)
 .any.text.strobe
                0x00004e1c       0x1a contiki-z1.a(cc2420.o)
 .any.text.getreg
                0x00004e36       0x46 contiki-z1.a(cc2420.o)
 .any.text.setreg
                0x00004e7c       0x44 contiki-z1.a(cc2420.o)
 .any.text.write_ram
                0x00004ec0       0x72 contiki-z1.a(cc2420.o)
 .any.text.write_fifo_buf
                0x00004f32       0x38 contiki-z1.a(cc2420.o)
 .any.text.get_status
                0x00004f6a       0x1e contiki-z1.a(cc2420.o)
 .any.text.set_txpower
                0x00004f88       0x24 contiki-z1.a(cc2420.o)
 .any.text.cc2420_receiving_packet
                0x00004fac        0xa contiki-z1.a(cc2420.o)
 .any.text.pending_packet
                0x00004fb6        0xa contiki-z1.a(cc2420.o)
 .any.text.on   0x00004fc0       0x26 contiki-z1.a(cc2420.o)
 .any.text.wait_for_transmission
                0x00004fe6       0x22 contiki-z1.a(cc2420.o)
 .any.text.wait_for_status
                0x00005008       0x24 contiki-z1.a(cc2420.o)
 .any.text.getrxdata
                0x0000502c       0x4c contiki-z1.a(cc2420.o)
 .any.text.flushrx
                0x00005078       0x1a contiki-z1.a(cc2420.o)
 .any.text.off  0x00005092       0x5a contiki-z1.a(cc2420.o)
 .any.text.RELEASE_LOCK
                0x000050ec       0x28 contiki-z1.a(cc2420.o)
 .any.text.set_frame_filtering
                0x00005114       0x30 contiki-z1.a(cc2420.o)
 .any.text.set_auto_ack
                0x00005144       0x30 contiki-z1.a(cc2420.o)
 .any.text.set_poll_mode
                0x00005174       0x2c contiki-z1.a(cc2420.o)
 .any.text.cc2420_prepare
                0x000051a0       0x4c contiki-z1.a(cc2420.o)
 .any.text.cc2420_on
                0x000051ec       0x22 contiki-z1.a(cc2420.o)
                0x000051ec                cc2420_on
 .any.text.cc2420_off
                0x0000520e       0x30 contiki-z1.a(cc2420.o)
                0x0000520e                cc2420_off
 .any.text.cc2420_cca
                0x0000523e       0x54 contiki-z1.a(cc2420.o)
 .any.text.cc2420_read
                0x00005292       0xb8 contiki-z1.a(cc2420.o)
 .any.text.process_thread_cc2420_process
                0x0000534a       0x6c contiki-z1.a(cc2420.o)
 .any.text.cc2420_set_channel
                0x000053b6       0x3a contiki-z1.a(cc2420.o)
                0x000053b6                cc2420_set_channel
 .any.text.cc2420_set_pan_addr
                0x000053f0       0x4c contiki-z1.a(cc2420.o)
                0x000053f0                cc2420_set_pan_addr
 .any.text.cc2420_interrupt
                0x0000543c       0x16 contiki-z1.a(cc2420.o)
                0x0000543c                cc2420_interrupt
 .any.text.cc2420_set_txpower
                0x00005452        0xe contiki-z1.a(cc2420.o)
                0x00005452                cc2420_set_txpower
 .any.text.cc2420_get_txpower
                0x00005460       0x1e contiki-z1.a(cc2420.o)
                0x00005460                cc2420_get_txpower
 .any.text.cc2420_transmit
                0x0000547e      0x116 contiki-z1.a(cc2420.o)
 .any.text.cc2420_send
                0x00005594       0x12 contiki-z1.a(cc2420.o)
 .any.text.cc2420_rssi
                0x000055a6       0x48 contiki-z1.a(cc2420.o)
                0x000055a6                cc2420_rssi
 .any.text.get_value
                0x000055ee      0x104 contiki-z1.a(cc2420.o)
 .any.text.cc2420_set_cca_threshold
                0x000056f2       0x16 contiki-z1.a(cc2420.o)
                0x000056f2                cc2420_set_cca_threshold
 .any.text.set_value
                0x00005708       0xb2 contiki-z1.a(cc2420.o)
 .any.text.cc2420_init
                0x000057ba       0xea contiki-z1.a(cc2420.o)
                0x000057ba                cc2420_init
 .any.text.cc2420_arch_init
                0x000058a4       0x1a contiki-z1.a(cc2420-arch.o)
                0x000058a4                cc2420_arch_init
 .any.text.node_id_restore
                0x000058be       0x88 contiki-z1.a(node-id.o)
                0x000058be                node_id_restore
 .any.text.process_thread_sensors_process
                0x00005946       0xc2 contiki-z1.a(sensors.o)
 .any.text.sensors_changed
                0x00005a08       0x2a contiki-z1.a(sensors.o)
                0x00005a08                sensors_changed
 .any.text.status
                0x00005a32       0x18 contiki-z1.a(button-sensor.o)
 .any.text.value
                0x00005a4a       0x20 contiki-z1.a(button-sensor.o)
 .any.text.configure
                0x00005a6a       0x4e contiki-z1.a(button-sensor.o)
 .any.text.uart0_active
                0x00005ab8        0xe contiki-z1.a(uart0.o)
                0x00005ab8                uart0_active
 .any.text.uart0_writeb
                0x00005ac6       0x16 contiki-z1.a(uart0.o)
                0x00005ac6                uart0_writeb
 .any.text.uart0_init
                0x00005adc       0x40 contiki-z1.a(uart0.o)
                0x00005adc                uart0_init
 .any.text.putchar
                0x00005b1c       0x10 contiki-z1.a(uart0-putchar.o)
                0x00005b1c                putchar
 .any.text.pending_packet
                0x00005b2c        0xe contiki-z1.a(cc1200.o)
 .any.text.get_value
                0x00005b3a       0x7e contiki-z1.a(cc1200.o)
 .any.text.get_object
                0x00005bb8        0x4 contiki-z1.a(cc1200.o)
 .any.text.set_object
                0x00005bbc        0x4 contiki-z1.a(cc1200.o)
 .any.text.strobe
                0x00005bc0       0x20 contiki-z1.a(cc1200.o)
 .any.text.state
                0x00005be0        0xe contiki-z1.a(cc1200.o)
 .any.text.idle
                0x00005bee       0xd2 contiki-z1.a(cc1200.o)
 .any.text.single_write
                0x00005cc0       0x30 contiki-z1.a(cc1200.o)
 .any.text.single_read
                0x00005cf0       0x36 contiki-z1.a(cc1200.o)
 .any.text.update_txpower
                0x00005d26       0x32 contiki-z1.a(cc1200.o)
 .any.text.rx_rx
                0x00005d58       0xdc contiki-z1.a(cc1200.o)
 .any.text.calibrate
                0x00005e34       0xc0 contiki-z1.a(cc1200.o)
 .any.text.idle_calibrate_rx
                0x00005ef4       0xa2 contiki-z1.a(cc1200.o)
 .any.text.off  0x00005f96       0x3a contiki-z1.a(cc1200.o)
 .any.text.on   0x00005fd0       0x74 contiki-z1.a(cc1200.o)
 .any.text.receiving_packet
                0x00006044       0x28 contiki-z1.a(cc1200.o)
 .any.text.set_channel
                0x0000606c      0x102 contiki-z1.a(cc1200.o)
 .any.text.set_value
                0x0000616e       0x80 contiki-z1.a(cc1200.o)
 .any.text.channel_clear
                0x000061ee       0xae contiki-z1.a(cc1200.o)
 .any.text.read
                0x0000629c       0x62 contiki-z1.a(cc1200.o)
 .any.text.prepare
                0x000062fe       0x2a contiki-z1.a(cc1200.o)
 .any.text.burst_read.constprop.9
                0x00006328       0x22 contiki-z1.a(cc1200.o)
 .any.text.burst_write.constprop.11
                0x0000634a       0x24 contiki-z1.a(cc1200.o)
 .any.text.idle_tx_rx
                0x0000636e      0x232 contiki-z1.a(cc1200.o)
 .any.text.transmit
                0x000065a0       0xec contiki-z1.a(cc1200.o)
 .any.text.send
                0x0000668c       0x16 contiki-z1.a(cc1200.o)
 .any.text.cc1200_init
                0x000066a2      0x184 contiki-z1.a(cc1200.o)
                0x000066a2                cc1200_init
 .any.text.cc1200_rx_interrupt
                0x00006826      0x21e contiki-z1.a(cc1200.o)
                0x00006826                cc1200_rx_interrupt
 .any.text.process_thread_cc1200_process
                0x00006a44       0x8c contiki-z1.a(cc1200.o)
 .any.text.cc1200_arch_spi_select
                0x00006ad0        0xe contiki-z1.a(cc1200-z1-arch.)
                0x00006ad0                cc1200_arch_spi_select
 .any.text.cc1200_arch_spi_deselect
                0x00006ade        0x8 contiki-z1.a(cc1200-z1-arch.)
                0x00006ade                cc1200_arch_spi_deselect
 .any.text.cc1200_arch_spi_rw_byte
                0x00006ae6       0x1e contiki-z1.a(cc1200-z1-arch.)
                0x00006ae6                cc1200_arch_spi_rw_byte
 .any.text.cc1200_arch_spi_rw
                0x00006b04       0x96 contiki-z1.a(cc1200-z1-arch.)
                0x00006b04                cc1200_arch_spi_rw
 .any.text.cc1200_arch_init
                0x00006b9a       0x56 contiki-z1.a(cc1200-z1-arch.)
                0x00006b9a                cc1200_arch_init
 .any.text.cc1200_arch_gpio0_setup_irq
                0x00006bf0       0x28 contiki-z1.a(cc1200-z1-arch.)
                0x00006bf0                cc1200_arch_gpio0_setup_irq
 .any.text.cc1200_arch_gpio2_setup_irq
                0x00006c18       0x32 contiki-z1.a(cc1200-z1-arch.)
                0x00006c18                cc1200_arch_gpio2_setup_irq
 .any.text.cc1200_arch_gpio0_enable_irq
                0x00006c4a        0xa contiki-z1.a(cc1200-z1-arch.)
                0x00006c4a                cc1200_arch_gpio0_enable_irq
 .any.text.cc1200_arch_gpio0_disable_irq
                0x00006c54        0x6 contiki-z1.a(cc1200-z1-arch.)
                0x00006c54                cc1200_arch_gpio0_disable_irq
 .any.text.cc1200_arch_gpio2_enable_irq
                0x00006c5a        0xe contiki-z1.a(cc1200-z1-arch.)
                0x00006c5a                cc1200_arch_gpio2_enable_irq
 .any.text.cc1200_arch_gpio2_disable_irq
                0x00006c68        0x8 contiki-z1.a(cc1200-z1-arch.)
                0x00006c68                cc1200_arch_gpio2_disable_irq
 .any.text.cc1200_arch_gpio0_read_pin
                0x00006c70        0x8 contiki-z1.a(cc1200-z1-arch.)
                0x00006c70                cc1200_arch_gpio0_read_pin
 .any.text.cc1200_arch_gpio2_read_pin
                0x00006c78        0xa contiki-z1.a(cc1200-z1-arch.)
                0x00006c78                cc1200_arch_gpio2_read_pin
 .any.text.accm_write_reg
                0x00006c82       0x2e contiki-z1.a(adxl345.o)
 .any.text.accm_write_stream
                0x00006cb0       0x2a contiki-z1.a(adxl345.o)
 .any.text.accm_read_reg
                0x00006cda       0x54 contiki-z1.a(adxl345.o)
 .any.text.process_thread_accmeter_process
                0x00006d2e       0x56 contiki-z1.a(adxl345.o)
 .any.text.accm_init
                0x00006d84       0x78 contiki-z1.a(adxl345.o)
                0x00006d84                accm_init
 .any.text.dual_radio_switch.part.0
                0x00006dfc       0x2a contiki-z1.a(dual_radio.o)
 .any.text.dual_radio_switch
                0x00006e26       0x36 contiki-z1.a(dual_radio.o)
                0x00006e26                dual_radio_switch
 .any.text.process_thread_dual_dis_broadcast
                0x00006e5c       0x66 contiki-z1.a(dual_radio.o)
 .any.text.process_thread_dual_dio_broadcast
                0x00006ec2       0x6e contiki-z1.a(dual_radio.o)
 .any.text.sending_in_LR
                0x00006f30       0x18 contiki-z1.a(dual_radio.o)
                0x00006f30                sending_in_LR
 .any.text.dual_radio_received
                0x00006f48       0x1a contiki-z1.a(dual_radio.o)
                0x00006f48                dual_radio_received
 .any.text.radio_received_is_longrange
                0x00006f62        0xe contiki-z1.a(dual_radio.o)
                0x00006f62                radio_received_is_longrange
 .any.text.dio_broadcast
                0x00006f70       0x12 contiki-z1.a(dual_radio.o)
                0x00006f70                dio_broadcast
 .any.text.dis_broadcast
                0x00006f82        0xe contiki-z1.a(dual_radio.o)
                0x00006f82                dis_broadcast
 .any.text.clock_time
                0x00006f90       0x1a contiki-z1.a(clock.o)
                0x00006f90                clock_time
 .any.text.clock_init
                0x00006faa       0x28 contiki-z1.a(clock.o)
                0x00006faa                clock_init
 .any.text.clock_delay
                0x00006fd2        0xc contiki-z1.a(clock.o)
                0x00006fd2                clock_delay
 .any.text.clock_wait
                0x00006fde       0x24 contiki-z1.a(clock.o)
                0x00006fde                clock_wait
 .any.text.clock_seconds
                0x00007002       0x1a contiki-z1.a(clock.o)
                0x00007002                clock_seconds
 .any.text.leds_arch_init
                0x0000701c        0xe contiki-z1.a(leds-arch.o)
                0x0000701c                leds_arch_init
 .any.text.leds_arch_set
                0x0000702a       0x38 contiki-z1.a(leds-arch.o)
                0x0000702a                leds_arch_set
 .any.text.rtimer_arch_init
                0x00007062        0xe contiki-z1.a(rtimer-arch.o)
                0x00007062                rtimer_arch_init
 .any.text.rtimer_arch_now
                0x00007070        0xe contiki-z1.a(rtimer-arch.o)
                0x00007070                rtimer_arch_now
 .any.text.rtimer_arch_schedule
                0x0000707e        0x6 contiki-z1.a(rtimer-arch.o)
                0x0000707e                rtimer_arch_schedule
 .any.text.autostart_start
                0x00007084       0x16 contiki-z1.a(autostart.o)
                0x00007084                autostart_start
 .any.text.process_thread_ctimer_process
                0x0000709a       0xa0 contiki-z1.a(ctimer.o)
 .any.text.ctimer_init
                0x0000713a       0x18 contiki-z1.a(ctimer.o)
                0x0000713a                ctimer_init
 .any.text.ctimer_set_with_process
                0x00007152       0x4a contiki-z1.a(ctimer.o)
                0x00007152                ctimer_set_with_process
 .any.text.ctimer_set
                0x0000719c       0x10 contiki-z1.a(ctimer.o)
                0x0000719c                ctimer_set
 .any.text.ctimer_reset
                0x000071ac       0x2c contiki-z1.a(ctimer.o)
                0x000071ac                ctimer_reset
 .any.text.ctimer_restart
                0x000071d8       0x2c contiki-z1.a(ctimer.o)
                0x000071d8                ctimer_restart
 .any.text.ctimer_stop
                0x00007204       0x28 contiki-z1.a(ctimer.o)
                0x00007204                ctimer_stop
 .any.text.energest_init
                0x0000722c       0x24 contiki-z1.a(energest.o)
                0x0000722c                energest_init
 .any.text.energest_type_time
                0x00007250       0x3c contiki-z1.a(energest.o)
                0x00007250                energest_type_time
 .any.text.energest_type_set
                0x0000728c        0xc contiki-z1.a(energest.o)
                0x0000728c                energest_type_set
 .any.text.energest_flush
                0x00007298       0x38 contiki-z1.a(energest.o)
                0x00007298                energest_flush
 .any.text.update_time
                0x000072d0       0x70 contiki-z1.a(etimer.o)
 .any.text.etimer_request_poll
                0x00007340        0xa contiki-z1.a(etimer.o)
                0x00007340                etimer_request_poll
 .any.text.process_thread_etimer_process
                0x0000734a       0xc4 contiki-z1.a(etimer.o)
 .any.text.add_timer
                0x0000740e       0x40 contiki-z1.a(etimer.o)
 .any.text.etimer_set
                0x0000744e       0x12 contiki-z1.a(etimer.o)
                0x0000744e                etimer_set
 .any.text.etimer_reset
                0x00007460       0x12 contiki-z1.a(etimer.o)
                0x00007460                etimer_reset
 .any.text.etimer_restart
                0x00007472       0x12 contiki-z1.a(etimer.o)
                0x00007472                etimer_restart
 .any.text.etimer_expired
                0x00007484        0xe contiki-z1.a(etimer.o)
                0x00007484                etimer_expired
 .any.text.etimer_expiration_time
                0x00007492       0x14 contiki-z1.a(etimer.o)
                0x00007492                etimer_expiration_time
 .any.text.etimer_pending
                0x000074a6        0xc contiki-z1.a(etimer.o)
                0x000074a6                etimer_pending
 .any.text.etimer_next_expiration_time
                0x000074b2       0x16 contiki-z1.a(etimer.o)
                0x000074b2                etimer_next_expiration_time
 .any.text.etimer_stop
                0x000074c8       0x3e contiki-z1.a(etimer.o)
                0x000074c8                etimer_stop
 .any.text.call_process
                0x00007506       0x40 contiki-z1.a(process.o)
 .any.text.exit_process
                0x00007546       0x88 contiki-z1.a(process.o)
 .any.text.do_poll
                0x000075ce       0x30 contiki-z1.a(process.o)
 .any.text.process_alloc_event
                0x000075fe        0xe contiki-z1.a(process.o)
                0x000075fe                process_alloc_event
 .any.text.process_init
                0x0000760c       0x1c contiki-z1.a(process.o)
                0x0000760c                process_init
 .any.text.process_run
                0x00007628       0xa4 contiki-z1.a(process.o)
                0x00007628                process_run
 .any.text.process_nevents
                0x000076cc        0xe contiki-z1.a(process.o)
                0x000076cc                process_nevents
 .any.text.process_post
                0x000076da       0x50 contiki-z1.a(process.o)
                0x000076da                process_post
 .any.text.process_post_synch
                0x0000772a       0x12 contiki-z1.a(process.o)
                0x0000772a                process_post_synch
 .any.text.process_start
                0x0000773c       0x36 contiki-z1.a(process.o)
                0x0000773c                process_start
 .any.text.process_poll
                0x00007772       0x18 contiki-z1.a(process.o)
                0x00007772                process_poll
 .any.text.get_residual_energy
                0x0000778a       0x34 contiki-z1.a(residual.o)
                0x0000778a                get_residual_energy
 .any.text.rtimer_init
                0x000077be        0x6 contiki-z1.a(rtimer.o)
                0x000077be                rtimer_init
 .any.text.rtimer_run_next
                0x000077c4       0x26 contiki-z1.a(rtimer.o)
                0x000077c4                rtimer_run_next
 .any.text.stimer_set
                0x000077ea       0x1c contiki-z1.a(stimer.o)
                0x000077ea                stimer_set
 .any.text.stimer_expired
                0x00007806       0x30 contiki-z1.a(stimer.o)
                0x00007806                stimer_expired
 .any.text.stimer_remaining
                0x00007836       0x24 contiki-z1.a(stimer.o)
                0x00007836                stimer_remaining
 .any.text.timer_set
                0x0000785a       0x1c contiki-z1.a(timer.o)
                0x0000785a                timer_set
 .any.text.timer_reset
                0x00007876        0xe contiki-z1.a(timer.o)
                0x00007876                timer_reset
 .any.text.timer_restart
                0x00007884       0x14 contiki-z1.a(timer.o)
                0x00007884                timer_restart
 .any.text.timer_expired
                0x00007898       0x2a contiki-z1.a(timer.o)
                0x00007898                timer_expired
 .any.text.list_init
                0x000078c2        0x6 contiki-z1.a(list.o)
                0x000078c2                list_init
 .any.text.list_head
                0x000078c8        0x4 contiki-z1.a(list.o)
                0x000078c8                list_head
 .any.text.list_tail
                0x000078cc       0x12 contiki-z1.a(list.o)
                0x000078cc                list_tail
 .any.text.list_remove
                0x000078de       0x34 contiki-z1.a(list.o)
                0x000078de                list_remove
 .any.text.list_push
                0x00007912       0x16 contiki-z1.a(list.o)
                0x00007912                list_push
 .any.text.list_add
                0x00007928       0x26 contiki-z1.a(list.o)
                0x00007928                list_add
 .any.text.list_length
                0x0000794e       0x10 contiki-z1.a(list.o)
                0x0000794e                list_length
 .any.text.list_item_next
                0x0000795e        0xc contiki-z1.a(list.o)
                0x0000795e                list_item_next
 .any.text.random_init
                0x0000796a        0x6 contiki-z1.a(random.o)
                0x0000796a                random_init
 .any.text.random_rand
                0x00007970        0x6 contiki-z1.a(random.o)
                0x00007970                random_rand
 .any.text.clear_fragments
                0x00007976       0x38 contiki-z1.a(sicslowpan.o)
 .any.text.set_packet_attrs
                0x000079ae       0x46 contiki-z1.a(sicslowpan.o)
 .any.text.addr_context_lookup_by_number
                0x000079f4       0x30 contiki-z1.a(sicslowpan.o)
 .any.text.compress_addr_64
                0x00007a24       0x9a contiki-z1.a(sicslowpan.o)
 .any.text.store_fragment
                0x00007abe       0x6e contiki-z1.a(sicslowpan.o)
 .any.text.uncompress_addr
                0x00007b2c       0x96 contiki-z1.a(sicslowpan.o)
 .any.text.sicslowpan_init
                0x00007bc2       0x24 contiki-z1.a(sicslowpan.o)
                0x00007bc2                sicslowpan_init
 .any.text.addr_context_lookup_by_prefix
                0x00007be6       0x4a contiki-z1.a(sicslowpan.o)
 .any.text.packet_sent
                0x00007c30       0x22 contiki-z1.a(sicslowpan.o)
 .any.text.add_fragment
                0x00007c52      0x160 contiki-z1.a(sicslowpan.o)
 .any.text.input
                0x00007db2      0x606 contiki-z1.a(sicslowpan.o)
 .any.text.send_packet
                0x000083b8       0x1a contiki-z1.a(sicslowpan.o)
 .any.text.output
                0x000083d2      0x67c contiki-z1.a(sicslowpan.o)
 .any.text.chksum
                0x00008a4e       0x32 contiki-z1.a(uip6.o)
 .any.text.upper_layer_chksum
                0x00008a80       0x56 contiki-z1.a(uip6.o)
 .any.text.ext_hdr_options_process
                0x00008ad6       0xc2 contiki-z1.a(uip6.o)
 .any.text.uip_add32
                0x00008b98       0x60 contiki-z1.a(uip6.o)
                0x00008b98                uip_add32
 .any.text.uip_add_rcv_nxt
                0x00008bf8       0x2e contiki-z1.a(uip6.o)
 .any.text.uip_icmp6chksum
                0x00008c26        0xa contiki-z1.a(uip6.o)
                0x00008c26                uip_icmp6chksum
 .any.text.uip_tcpchksum
                0x00008c30        0xa contiki-z1.a(uip6.o)
                0x00008c30                uip_tcpchksum
 .any.text.uip_udpchksum
                0x00008c3a        0xa contiki-z1.a(uip6.o)
                0x00008c3a                uip_udpchksum
 .any.text.uip_init
                0x00008c44       0x62 contiki-z1.a(uip6.o)
                0x00008c44                uip_init
 .any.text.remove_ext_hdr
                0x00008ca6       0x50 contiki-z1.a(uip6.o)
                0x00008ca6                remove_ext_hdr
 .any.text.uip_udp_new
                0x00008cf6       0xb8 contiki-z1.a(uip6.o)
                0x00008cf6                uip_udp_new
 .any.text.uip_unlisten
                0x00008dae       0x2a contiki-z1.a(uip6.o)
                0x00008dae                uip_unlisten
 .any.text.uip_process
                0x00008dd8      0xe82 contiki-z1.a(uip6.o)
                0x00008dd8                uip_process
 .any.text.uip_htonl
                0x00009c5a       0x2a contiki-z1.a(uip6.o)
                0x00009c5a                uip_htonl
 .any.text.uip_ds6_list_loop
                0x00009c84       0x66 contiki-z1.a(uip-ds6.o)
                0x00009c84                uip_ds6_list_loop
 .any.text.uip_ds6_prefix_add
                0x00009cea       0x70 contiki-z1.a(uip-ds6.o)
                0x00009cea                uip_ds6_prefix_add
 .any.text.uip_ds6_is_addr_onlink
                0x00009d5a       0x42 contiki-z1.a(uip-ds6.o)
                0x00009d5a                uip_ds6_is_addr_onlink
 .any.text.uip_ds6_addr_lookup
                0x00009d9c       0x2a contiki-z1.a(uip-ds6.o)
                0x00009d9c                uip_ds6_addr_lookup
 .any.text.uip_ds6_long_addr_lookup
                0x00009dc6       0x2a contiki-z1.a(uip-ds6.o)
                0x00009dc6                uip_ds6_long_addr_lookup
 .any.text.uip_ds6_get_link_local
                0x00009df0       0x3e contiki-z1.a(uip-ds6.o)
                0x00009df0                uip_ds6_get_link_local
 .any.text.uip_ds6_long_get_link_local
                0x00009e2e       0x3e contiki-z1.a(uip-ds6.o)
                0x00009e2e                uip_ds6_long_get_link_local
 .any.text.uip_ds6_maddr_add
                0x00009e6c       0x48 contiki-z1.a(uip-ds6.o)
                0x00009e6c                uip_ds6_maddr_add
 .any.text.uip_ds6_long_addr_add
                0x00009eb4       0xb4 contiki-z1.a(uip-ds6.o)
                0x00009eb4                uip_ds6_long_addr_add
 .any.text.uip_ds6_addr_add
                0x00009f68       0xb4 contiki-z1.a(uip-ds6.o)
                0x00009f68                uip_ds6_addr_add
 .any.text.uip_ds6_long_maddr_add
                0x0000a01c       0x48 contiki-z1.a(uip-ds6.o)
                0x0000a01c                uip_ds6_long_maddr_add
 .any.text.uip_ds6_maddr_rm
                0x0000a064        0xa contiki-z1.a(uip-ds6.o)
                0x0000a064                uip_ds6_maddr_rm
 .any.text.uip_ds6_maddr_lookup
                0x0000a06e       0x2a contiki-z1.a(uip-ds6.o)
                0x0000a06e                uip_ds6_maddr_lookup
 .any.text.uip_ds6_addr_rm
                0x0000a098       0x54 contiki-z1.a(uip-ds6.o)
                0x0000a098                uip_ds6_addr_rm
 .any.text.uip_ds6_periodic
                0x0000a0ec       0x7e contiki-z1.a(uip-ds6.o)
                0x0000a0ec                uip_ds6_periodic
 .any.text.uip_ds6_long_maddr_lookup
                0x0000a16a       0x2a contiki-z1.a(uip-ds6.o)
                0x0000a16a                uip_ds6_long_maddr_lookup
 .any.text.uip_ds6_set_addr_iid
                0x0000a194       0x14 contiki-z1.a(uip-ds6.o)
                0x0000a194                uip_ds6_set_addr_iid
 .any.text.get_match_length
                0x0000a1a8       0x3c contiki-z1.a(uip-ds6.o)
                0x0000a1a8                get_match_length
 .any.text.uip_ds6_select_src
                0x0000a1e4       0xfe contiki-z1.a(uip-ds6.o)
                0x0000a1e4                uip_ds6_select_src
 .any.text.uip_ds6_compute_reachable_time
                0x0000a2e2       0x36 contiki-z1.a(uip-ds6.o)
                0x0000a2e2                uip_ds6_compute_reachable_time
 .any.text.uip_ds6_init
                0x0000a318      0x23a contiki-z1.a(uip-ds6.o)
                0x0000a318                uip_ds6_init
 .any.text.uip_ds6_neighbors_init
                0x0000a552        0xe contiki-z1.a(uip-ds6-nbr.o)
                0x0000a552                uip_ds6_neighbors_init
 .any.text.uip_ds6_nbr_add
                0x0000a560       0x44 contiki-z1.a(uip-ds6-nbr.o)
                0x0000a560                uip_ds6_nbr_add
 .any.text.uip_ds6_nbr_get_ll
                0x0000a5a4        0xc contiki-z1.a(uip-ds6-nbr.o)
                0x0000a5a4                uip_ds6_nbr_get_ll
 .any.text.uip_ds6_nbr_rm
                0x0000a5b0       0x2e contiki-z1.a(uip-ds6-nbr.o)
                0x0000a5b0                uip_ds6_nbr_rm
 .any.text.uip_ds6_nbr_lookup
                0x0000a5de       0x3e contiki-z1.a(uip-ds6-nbr.o)
                0x0000a5de                uip_ds6_nbr_lookup
 .any.text.uip_ds6_nbr_ll_lookup
                0x0000a61c        0xc contiki-z1.a(uip-ds6-nbr.o)
                0x0000a61c                uip_ds6_nbr_ll_lookup
 .any.text.uip_ds6_nbr_ipaddr_from_lladdr
                0x0000a628        0x6 contiki-z1.a(uip-ds6-nbr.o)
                0x0000a628                uip_ds6_nbr_ipaddr_from_lladdr
 .any.text.uip_ds6_nbr_lladdr_from_ipaddr
                0x0000a62e       0x12 contiki-z1.a(uip-ds6-nbr.o)
                0x0000a62e                uip_ds6_nbr_lladdr_from_ipaddr
 .any.text.uip_ds6_link_neighbor_callback
                0x0000a640       0x26 contiki-z1.a(uip-ds6-nbr.o)
                0x0000a640                uip_ds6_link_neighbor_callback
 .any.text.call_route_callback
                0x0000a666       0x40 contiki-z1.a(uip-ds6-route.o)
 .any.text.uip_ds6_route_init
                0x0000a6a6       0x36 contiki-z1.a(uip-ds6-route.o)
                0x0000a6a6                uip_ds6_route_init
 .any.text.uip_ds6_route_nexthop
                0x0000a6dc       0x1a contiki-z1.a(uip-ds6-route.o)
                0x0000a6dc                uip_ds6_route_nexthop
 .any.text.uip_ds6_route_head
                0x0000a6f6        0xa contiki-z1.a(uip-ds6-route.o)
                0x0000a6f6                uip_ds6_route_head
 .any.text.uip_ds6_route_next
                0x0000a700        0xe contiki-z1.a(uip-ds6-route.o)
                0x0000a700                uip_ds6_route_next
 .any.text.uip_ds6_route_is_nexthop
                0x0000a70e       0x22 contiki-z1.a(uip-ds6-route.o)
                0x0000a70e                uip_ds6_route_is_nexthop
 .any.text.uip_ds6_route_num_routes
                0x0000a730        0x6 contiki-z1.a(uip-ds6-route.o)
                0x0000a730                uip_ds6_route_num_routes
 .any.text.uip_ds6_route_lookup
                0x0000a736       0x6e contiki-z1.a(uip-ds6-route.o)
                0x0000a736                uip_ds6_route_lookup
 .any.text.uip_ds6_route_rm
                0x0000a7a4       0xa2 contiki-z1.a(uip-ds6-route.o)
                0x0000a7a4                uip_ds6_route_rm
 .any.text.rm_routelist
                0x0000a846       0x34 contiki-z1.a(uip-ds6-route.o)
 .any.text.rm_routelist_callback
                0x0000a87a        0x6 contiki-z1.a(uip-ds6-route.o)
 .any.text.uip_ds6_route_add
                0x0000a880       0xfc contiki-z1.a(uip-ds6-route.o)
                0x0000a880                uip_ds6_route_add
 .any.text.uip_ds6_defrt_rm
                0x0000a97c       0x44 contiki-z1.a(uip-ds6-route.o)
                0x0000a97c                uip_ds6_defrt_rm
 .any.text.uip_ds6_defrt_lookup
                0x0000a9c0       0x32 contiki-z1.a(uip-ds6-route.o)
                0x0000a9c0                uip_ds6_defrt_lookup
 .any.text.uip_ds6_defrt_add
                0x0000a9f2       0x68 contiki-z1.a(uip-ds6-route.o)
                0x0000a9f2                uip_ds6_defrt_add
 .any.text.uip_ds6_defrt_choose
                0x0000aa5a       0x36 contiki-z1.a(uip-ds6-route.o)
                0x0000aa5a                uip_ds6_defrt_choose
 .any.text.uip_ds6_defrt_periodic
                0x0000aa90       0x38 contiki-z1.a(uip-ds6-route.o)
                0x0000aa90                uip_ds6_defrt_periodic
 .any.text.echo_reply_input
                0x0000aac8      0x10c contiki-z1.a(uip-icmp6.o)
 .any.text.echo_request_input
                0x0000abd4      0x128 contiki-z1.a(uip-icmp6.o)
 .any.text.uip_icmp6_input
                0x0000acfc       0x44 contiki-z1.a(uip-icmp6.o)
                0x0000acfc                uip_icmp6_input
 .any.text.uip_icmp6_register_input_handler
                0x0000ad40        0xc contiki-z1.a(uip-icmp6.o)
                0x0000ad40                uip_icmp6_register_input_handler
 .any.text.uip_icmp6_error_output
                0x0000ad4c      0x172 contiki-z1.a(uip-icmp6.o)
                0x0000ad4c                uip_icmp6_error_output
 .any.text.uip_icmp6_send
                0x0000aebe       0x84 contiki-z1.a(uip-icmp6.o)
                0x0000aebe                uip_icmp6_send
 .any.text.uip_icmp6_init
                0x0000af42       0x12 contiki-z1.a(uip-icmp6.o)
                0x0000af42                uip_icmp6_init
 .any.text.uip_nd6_init
                0x0000af54        0x2 contiki-z1.a(uip-nd6.o)
                0x0000af54                uip_nd6_init
 .any.text.start_periodic_tcp_timer
                0x0000af56       0x16 contiki-z1.a(tcpip.o)
 .any.text.tcpip_output
                0x0000af6c       0x10 contiki-z1.a(tcpip.o)
                0x0000af6c                tcpip_output
 .any.text.tcpip_set_outputfunc
                0x0000af7c        0x6 contiki-z1.a(tcpip.o)
                0x0000af7c                tcpip_set_outputfunc
 .any.text.udp_new
                0x0000af82       0x1a contiki-z1.a(tcpip.o)
                0x0000af82                udp_new
 .any.text.tcpip_input
                0x0000af9c       0x16 contiki-z1.a(tcpip.o)
                0x0000af9c                tcpip_input
 .any.text.tcpip_ipv6_output
                0x0000afb2      0x12e contiki-z1.a(tcpip.o)
                0x0000afb2                tcpip_ipv6_output
 .any.text.process_thread_tcpip_process
                0x0000b0e0      0x1a8 contiki-z1.a(tcpip.o)
 .any.text.tcpip_uipcall
                0x0000b288       0x62 contiki-z1.a(tcpip.o)
                0x0000b288                tcpip_uipcall
 .any.text.uip_debug_ipaddr_print
                0x0000b2ea       0xbc contiki-z1.a(uip-debug.o)
                0x0000b2ea                uip_debug_ipaddr_print
 .any.text.uip_debug_lladdr_print
                0x0000b3a6       0x3c contiki-z1.a(uip-debug.o)
                0x0000b3a6                uip_debug_lladdr_print
 .any.text.uip_udp_packet_send
                0x0000b3e2       0x2e contiki-z1.a(uip-udp-packet.)
                0x0000b3e2                uip_udp_packet_send
 .any.text.uip_udp_packet_sendto
                0x0000b410       0x56 contiki-z1.a(uip-udp-packet.)
                0x0000b410                uip_udp_packet_sendto
 .any.text.rpl_get_mode
                0x0000b466        0x6 contiki-z1.a(rpl.o)
                0x0000b466                rpl_get_mode
 .any.text.rpl_purge_routes
                0x0000b46c       0x96 contiki-z1.a(rpl.o)
                0x0000b46c                rpl_purge_routes
 .any.text.rpl_remove_routes
                0x0000b502       0x22 contiki-z1.a(rpl.o)
                0x0000b502                rpl_remove_routes
 .any.text.rpl_remove_routes_by_nexthop
                0x0000b524       0x3e contiki-z1.a(rpl.o)
                0x0000b524                rpl_remove_routes_by_nexthop
 .any.text.rpl_add_route
                0x0000b562       0x48 contiki-z1.a(rpl.o)
                0x0000b562                rpl_add_route
 .any.text.rpl_link_neighbor_callback
                0x0000b5aa       0x74 contiki-z1.a(rpl.o)
                0x0000b5aa                rpl_link_neighbor_callback
 .any.text.rpl_ipv6_neighbor_callback
                0x0000b61e       0x1e contiki-z1.a(rpl.o)
                0x0000b61e                rpl_ipv6_neighbor_callback
 .any.text.rpl_purge_dags
                0x0000b63c       0x60 contiki-z1.a(rpl.o)
                0x0000b63c                rpl_purge_dags
 .any.text.rpl_init
                0x0000b69c       0x4a contiki-z1.a(rpl.o)
                0x0000b69c                rpl_init
 .any.text.lollipop_greater_than
                0x0000b6e6       0x3c contiki-z1.a(rpl-dag.o)
 .any.text.find_parent_any_dag_any_instance
                0x0000b722       0x14 contiki-z1.a(rpl-dag.o)
 .any.text.rpl_set_preferred_parent
                0x0000b736       0x2c contiki-z1.a(rpl-dag.o)
 .any.text.set_ip_from_prefix
                0x0000b762       0x30 contiki-z1.a(rpl-dag.o)
 .any.text.check_prefix
                0x0000b792       0x70 contiki-z1.a(rpl-dag.o)
 .any.text.rpl_get_nbr
                0x0000b802       0x1e contiki-z1.a(rpl-dag.o)
                0x0000b802                rpl_get_nbr
 .any.text.rpl_dag_init
                0x0000b820        0xe contiki-z1.a(rpl-dag.o)
                0x0000b820                rpl_dag_init
 .any.text.rpl_get_parent
                0x0000b82e        0xc contiki-z1.a(rpl-dag.o)
                0x0000b82e                rpl_get_parent
 .any.text.rpl_get_parent_ipaddr
                0x0000b83a       0x10 contiki-z1.a(rpl-dag.o)
                0x0000b83a                rpl_get_parent_ipaddr
 .any.text.rpl_set_prefix
                0x0000b84a       0x74 contiki-z1.a(rpl-dag.o)
                0x0000b84a                rpl_set_prefix
 .any.text.rpl_set_default_route
                0x0000b8be       0x46 contiki-z1.a(rpl-dag.o)
                0x0000b8be                rpl_set_default_route
 .any.text.rpl_alloc_instance
                0x0000b904       0x34 contiki-z1.a(rpl-dag.o)
                0x0000b904                rpl_alloc_instance
 .any.text.rpl_add_parent
                0x0000b938       0x52 contiki-z1.a(rpl-dag.o)
                0x0000b938                rpl_add_parent
 .any.text.rpl_find_parent
                0x0000b98a       0x1a contiki-z1.a(rpl-dag.o)
                0x0000b98a                rpl_find_parent
 .any.text.rpl_find_parent_any_dag
                0x0000b9a4       0x22 contiki-z1.a(rpl-dag.o)
                0x0000b9a4                rpl_find_parent_any_dag
 .any.text.rpl_select_parent
                0x0000b9c6       0x74 contiki-z1.a(rpl-dag.o)
                0x0000b9c6                rpl_select_parent
 .any.text.rpl_select_dag
                0x0000ba3a      0x190 contiki-z1.a(rpl-dag.o)
                0x0000ba3a                rpl_select_dag
 .any.text.rpl_nullify_parent
                0x0000bbca       0x4e contiki-z1.a(rpl-dag.o)
                0x0000bbca                rpl_nullify_parent
 .any.text.rpl_remove_parent
                0x0000bc18       0x16 contiki-z1.a(rpl-dag.o)
                0x0000bc18                rpl_remove_parent
 .any.text.nbr_callback
                0x0000bc2e        0x6 contiki-z1.a(rpl-dag.o)
 .any.text.remove_parents.constprop.5
                0x0000bc34       0x2c contiki-z1.a(rpl-dag.o)
 .any.text.rpl_free_dag
                0x0000bc60       0x34 contiki-z1.a(rpl-dag.o)
                0x0000bc60                rpl_free_dag
 .any.text.rpl_move_parent
                0x0000bc94       0x52 contiki-z1.a(rpl-dag.o)
                0x0000bc94                rpl_move_parent
 .any.text.rpl_get_any_dag
                0x0000bce6       0x16 contiki-z1.a(rpl-dag.o)
                0x0000bce6                rpl_get_any_dag
 .any.text.rpl_get_instance
                0x0000bcfc       0x16 contiki-z1.a(rpl-dag.o)
                0x0000bcfc                rpl_get_instance
 .any.text.rpl_alloc_dag
                0x0000bd12       0x60 contiki-z1.a(rpl-dag.o)
                0x0000bd12                rpl_alloc_dag
 .any.text.rpl_repair_root
                0x0000bd72       0x4c contiki-z1.a(rpl-dag.o)
                0x0000bd72                rpl_repair_root
 .any.text.rpl_find_of
                0x0000bdbe       0x10 contiki-z1.a(rpl-dag.o)
                0x0000bdbe                rpl_find_of
 .any.text.rpl_join_instance
                0x0000bdce      0x122 contiki-z1.a(rpl-dag.o)
                0x0000bdce                rpl_join_instance
 .any.text.rpl_local_repair
                0x0000bef0       0x7c contiki-z1.a(rpl-dag.o)
                0x0000bef0                rpl_local_repair
 .any.text.rpl_process_parent_event
                0x0000bf6c       0x6a contiki-z1.a(rpl-dag.o)
                0x0000bf6c                rpl_process_parent_event
 .any.text.rpl_recalculate_ranks
                0x0000bfd6       0x44 contiki-z1.a(rpl-dag.o)
                0x0000bfd6                rpl_recalculate_ranks
 .any.text.rpl_add_dag
                0x0000c01a      0x10a contiki-z1.a(rpl-dag.o)
                0x0000c01a                rpl_add_dag
 .any.text.rpl_process_dio
                0x0000c124      0x33a contiki-z1.a(rpl-dag.o)
                0x0000c124                rpl_process_dio
 .any.text.rpl_verify_header
                0x0000c45e       0xfa contiki-z1.a(rpl-ext-header.)
                0x0000c45e                rpl_verify_header
 .any.text.rpl_update_header_empty
                0x0000c558      0x12a contiki-z1.a(rpl-ext-header.)
                0x0000c558                rpl_update_header_empty
 .any.text.rpl_update_header_final
                0x0000c682       0x8e contiki-z1.a(rpl-ext-header.)
                0x0000c682                rpl_update_header_final
 .any.text.rpl_remove_header
                0x0000c710       0x4c contiki-z1.a(rpl-ext-header.)
                0x0000c710                rpl_remove_header
 .any.text.rpl_invert_header
                0x0000c75c       0x74 contiki-z1.a(rpl-ext-header.)
                0x0000c75c                rpl_invert_header
 .any.text.rpl_insert_header
                0x0000c7d0       0x12 contiki-z1.a(rpl-ext-header.)
                0x0000c7d0                rpl_insert_header
 .any.text.get32
                0x0000c7e2       0x3e contiki-z1.a(rpl-icmp6.o)
 .any.text.set32
                0x0000c820       0x2a contiki-z1.a(rpl-icmp6.o)
 .any.text.get16
                0x0000c84a        0xe contiki-z1.a(rpl-icmp6.o)
 .any.text.set16
                0x0000c858       0x10 contiki-z1.a(rpl-icmp6.o)
 .any.text.dao_ack_input
                0x0000c868        0xa contiki-z1.a(rpl-icmp6.o)
 .any.text.dio_input
                0x0000c872      0x3d6 contiki-z1.a(rpl-icmp6.o)
 .any.text.rpl_icmp6_update_nbr_table
                0x0000cc48       0x5c contiki-z1.a(rpl-icmp6.o)
                0x0000cc48                rpl_icmp6_update_nbr_table
 .any.text.dao_input
                0x0000cca4      0x51a contiki-z1.a(rpl-icmp6.o)
 .any.text.dis_output
                0x0000d1be       0x70 contiki-z1.a(rpl-icmp6.o)
                0x0000d1be                dis_output
 .any.text.dio_output
                0x0000d22e      0x2e2 contiki-z1.a(rpl-icmp6.o)
                0x0000d22e                dio_output
 .any.text.dis_input
                0x0000d510       0x96 contiki-z1.a(rpl-icmp6.o)
 .any.text.dao_output_target
                0x0000d5a6      0x180 contiki-z1.a(rpl-icmp6.o)
                0x0000d5a6                dao_output_target
 .any.text.dao_output
                0x0000d726       0xa8 contiki-z1.a(rpl-icmp6.o)
                0x0000d726                dao_output
 .any.text.rpl_icmp6_register_handlers
                0x0000d7ce       0x22 contiki-z1.a(rpl-icmp6.o)
                0x0000d7ce                rpl_icmp6_register_handlers
 .any.text.reset
                0x0000d7f0        0x2 contiki-z1.a(rpl-jkof.o)
 .any.text.update_metric_container
                0x0000d7f2        0x6 contiki-z1.a(rpl-jkof.o)
 .any.text.calculate_rank
                0x0000d7f8       0x80 contiki-z1.a(rpl-jkof.o)
 .any.text.neighbor_link_callback
                0x0000d878       0xa8 contiki-z1.a(rpl-jkof.o)
 .any.text.best_dag
                0x0000d920       0x2e contiki-z1.a(rpl-jkof.o)
 .any.text.calculate_path_metric.part.1
                0x0000d94e       0x60 contiki-z1.a(rpl-jkof.o)
 .any.text.best_parent
                0x0000d9ae       0x4e contiki-z1.a(rpl-jkof.o)
 .any.text.new_dio_interval
                0x0000d9fc       0x8a contiki-z1.a(rpl-timers.o)
 .any.text.handle_unicast_dio_timer
                0x0000da86       0x1c contiki-z1.a(rpl-timers.o)
 .any.text.set_dao_lifetime_timer
                0x0000daa2       0x84 contiki-z1.a(rpl-timers.o)
 .any.text.handle_periodic_timer
                0x0000db26       0x32 contiki-z1.a(rpl-timers.o)
 .any.text.schedule_dao
                0x0000db58       0x72 contiki-z1.a(rpl-timers.o)
 .any.text.handle_dao_timer
                0x0000dbca       0x64 contiki-z1.a(rpl-timers.o)
 .any.text.handle_dio_timer
                0x0000dc2e       0x86 contiki-z1.a(rpl-timers.o)
 .any.text.rpl_reset_periodic_timer
                0x0000dcb4       0x54 contiki-z1.a(rpl-timers.o)
                0x0000dcb4                rpl_reset_periodic_timer
 .any.text.rpl_reset_dio_timer
                0x0000dd08       0x18 contiki-z1.a(rpl-timers.o)
                0x0000dd08                rpl_reset_dio_timer
 .any.text.rpl_schedule_dao
                0x0000dd20        0xc contiki-z1.a(rpl-timers.o)
                0x0000dd20                rpl_schedule_dao
 .any.text.rpl_schedule_unicast_dio_immediately
                0x0000dd2c       0x16 contiki-z1.a(rpl-timers.o)
                0x0000dd2c                rpl_schedule_unicast_dio_immediately
 .any.text.rpl_schedule_probing
                0x0000dd42       0x34 contiki-z1.a(rpl-timers.o)
                0x0000dd42                rpl_schedule_probing
 .any.text.handle_probing_timer
                0x0000dd76      0x108 contiki-z1.a(rpl-timers.o)
 .any.text.frame802154_get_pan_id
                0x0000de7e        0x6 contiki-z1.a(frame802154.o)
                0x0000de7e                frame802154_get_pan_id
 .any.text.frame802154_has_panid
                0x0000de84       0x64 contiki-z1.a(frame802154.o)
                0x0000de84                frame802154_has_panid
 .any.text.field_len
                0x0000dee8       0xa8 contiki-z1.a(frame802154.o)
 .any.text.frame802154_is_broadcast_addr
                0x0000df90       0x28 contiki-z1.a(frame802154.o)
                0x0000df90                frame802154_is_broadcast_addr
 .any.text.frame802154_hdrlen
                0x0000dfb8       0x32 contiki-z1.a(frame802154.o)
                0x0000dfb8                frame802154_hdrlen
 .any.text.frame802154_create
                0x0000dfea      0x136 contiki-z1.a(frame802154.o)
                0x0000dfea                frame802154_create
 .any.text.frame802154_parse
                0x0000e120      0x1be contiki-z1.a(frame802154.o)
                0x0000e120                frame802154_parse
 .any.text.create_frame.isra.0
                0x0000e2de      0x114 contiki-z1.a(framer-802154.o)
 .any.text.create
                0x0000e3f2        0x8 contiki-z1.a(framer-802154.o)
 .any.text.hdr_length
                0x0000e3fa        0x8 contiki-z1.a(framer-802154.o)
 .any.text.parse
                0x0000e402       0x9a contiki-z1.a(framer-802154.o)
 .any.text.send_packet
                0x0000e49c        0x6 contiki-z1.a(nullmac.o)
 .any.text.packet_input
                0x0000e4a2        0x6 contiki-z1.a(nullmac.o)
 .any.text.on   0x0000e4a8        0x6 contiki-z1.a(nullmac.o)
 .any.text.off  0x0000e4ae        0x6 contiki-z1.a(nullmac.o)
 .any.text.channel_check_interval
                0x0000e4b4        0x4 contiki-z1.a(nullmac.o)
 .any.text.init
                0x0000e4b8        0x2 contiki-z1.a(nullmac.o)
 .any.text.on   0x0000e4ba        0x6 contiki-z1.a(nullrdc.o)
 .any.text.channel_check_interval
                0x0000e4c0        0x4 contiki-z1.a(nullrdc.o)
 .any.text.init
                0x0000e4c4        0x6 contiki-z1.a(nullrdc.o)
 .any.text.packet_input
                0x0000e4ca       0x8c contiki-z1.a(nullrdc.o)
 .any.text.off  0x0000e556       0x10 contiki-z1.a(nullrdc.o)
 .any.text.send_list
                0x0000e566       0x28 contiki-z1.a(nullrdc.o)
 .any.text.send_packet
                0x0000e58e        0x6 contiki-z1.a(nullrdc.o)
 .any.text.linkaddr_copy
                0x0000e594        0x8 contiki-z1.a(linkaddr.o)
                0x0000e594                linkaddr_copy
 .any.text.linkaddr_cmp
                0x0000e59c       0x12 contiki-z1.a(linkaddr.o)
                0x0000e59c                linkaddr_cmp
 .any.text.linkaddr_set_node_addr
                0x0000e5ae        0xc contiki-z1.a(linkaddr.o)
                0x0000e5ae                linkaddr_set_node_addr
 .any.text.linkaddr_set_node_long_addr
                0x0000e5ba        0xc contiki-z1.a(linkaddr.o)
                0x0000e5ba                linkaddr_set_node_long_addr
 .any.text.item_from_index
                0x0000e5c6       0x2a contiki-z1.a(nbr-table.o)
 .any.text.index_from_key
                0x0000e5f0       0x26 contiki-z1.a(nbr-table.o)
 .any.text.index_from_item
                0x0000e616       0x1e contiki-z1.a(nbr-table.o)
 .any.text.init
                0x0000e634        0x2 contiki-z1.a(nullsec.o)

.rodata         0x0000e638     0x1843
                0x0000e638                . = ALIGN (0x2)
 *(.rodata .rodata.* .gnu.linkonce.r.*)
 .rodata.process_thread_udp_client_process
                0x0000e638      0x125 udp-client.co
 .rodata.send_packet
                0x0000e75d       0x4b udp-client.co
 .rodata.autostart_processes
                0x0000e7a8        0x4 udp-client.co
                0x0000e7a8                autostart_processes
 .rodata        0x0000e7ac       0x13 udp-client.co
 .rodata        0x0000e7bf      0x237 obj_z1/contiki-z1-main.o
 .rodata.cc2420_prepare
                0x0000e9f6       0x47 contiki-z1.a(cc2420.o)
 .rodata.process_thread_cc2420_process
                0x0000ea3d       0x42 contiki-z1.a(cc2420.o)
 .rodata.cc2420_transmit
                0x0000ea7f       0x2d contiki-z1.a(cc2420.o)
 .rodata.get_value
                0x0000eaac       0x44 contiki-z1.a(cc2420.o)
 .rodata.set_value
                0x0000eaf0       0x20 contiki-z1.a(cc2420.o)
 .rodata.cc2420_driver
                0x0000eb10       0x38 contiki-z1.a(cc2420.o)
                0x0000eb10                cc2420_driver
 .rodata        0x0000eb48        0xe contiki-z1.a(cc2420.o)
 .rodata.output_power
                0x0000eb56       0x10 contiki-z1.a(cc2420.o)
 .rodata.node_id_restore
                0x0000eb66       0x2d contiki-z1.a(node-id.o)
 .rodata        0x0000eb93        0x8 contiki-z1.a(sensors.o)
 .rodata        0x0000eb9b        0x7 contiki-z1.a(button-sensor.o)
 .rodata.button_sensor
                0x0000eba2        0xe contiki-z1.a(button-sensor.o)
                0x0000eba2                button_sensor
 .rodata.get_value
                0x0000ebb0       0x44 contiki-z1.a(cc1200.o)
 .rodata.idle   0x0000ebf4       0x22 contiki-z1.a(cc1200.o)
 .rodata.rx_rx  0x0000ec16       0x24 contiki-z1.a(cc1200.o)
 .rodata.idle_calibrate_rx
                0x0000ec3a       0x60 contiki-z1.a(cc1200.o)
 *fill*         0x0000ec9a        0x2 00
 .rodata.set_value
                0x0000ec9c       0x20 contiki-z1.a(cc1200.o)
 .rodata.read   0x0000ecbc       0x25 contiki-z1.a(cc1200.o)
 .rodata.prepare
                0x0000ece1       0x1c contiki-z1.a(cc1200.o)
 .rodata.idle_tx_rx
                0x0000ecfd       0x80 contiki-z1.a(cc1200.o)
 .rodata.transmit
                0x0000ed7d       0x18 contiki-z1.a(cc1200.o)
 .rodata.cc1200_init
                0x0000ed95       0x66 contiki-z1.a(cc1200.o)
 .rodata.cc1200_rx_interrupt
                0x0000edfb       0x5d contiki-z1.a(cc1200.o)
 .rodata.process_thread_cc1200_process
                0x0000ee58       0x16 contiki-z1.a(cc1200.o)
 .rodata        0x0000ee6e        0xe contiki-z1.a(cc1200.o)
 .rodata.cc1200_driver
                0x0000ee7c       0x38 contiki-z1.a(cc1200.o)
                0x0000ee7c                cc1200_driver
 .rodata.cc1200_802154g_863_870_fsk_50kbps
                0x0000eeb4       0x12 contiki-z1.a(cc1200-802154g-)
                0x0000eeb4                cc1200_802154g_863_870_fsk_50kbps
 .rodata.rf_cfg_descriptor
                0x0000eec6       0x24 contiki-z1.a(cc1200-802154g-)
 .rodata.preferredSettings
                0x0000eeea       0xd0 contiki-z1.a(cc1200-802154g-)
 .rodata.cc1200_arch_gpio0_setup_irq
                0x0000efba       0x39 contiki-z1.a(cc1200-z1-arch.)
 .rodata.cc1200_arch_gpio2_setup_irq
                0x0000eff3       0x39 contiki-z1.a(cc1200-z1-arch.)
 .rodata.port1_isr
                0x0000f02c       0x7a contiki-z1.a(adxl345.o)
 .rodata        0x0000f0a6       0x25 contiki-z1.a(adxl345.o)
 .rodata.process_thread_dual_dis_broadcast
                0x0000f0cb       0x70 contiki-z1.a(dual_radio.o)
 .rodata.process_thread_dual_dio_broadcast
                0x0000f13b       0x70 contiki-z1.a(dual_radio.o)
 .rodata        0x0000f1ab       0x1b contiki-z1.a(dual_radio.o)
 .rodata        0x0000f1c6        0xf contiki-z1.a(ctimer.o)
 .rodata        0x0000f1d5        0xc contiki-z1.a(etimer.o)
 *fill*         0x0000f1e1        0x1 00
 .rodata.ENERGEST_DISSIPATION_RATE
                0x0000f1e2       0x38 contiki-z1.a(residual.o)
 .rodata        0x0000f21a        0xb contiki-z1.a(sicslowpan.o)
 *fill*         0x0000f225        0x1 00
 .rodata.sicslowpan_driver
                0x0000f226        0xa contiki-z1.a(sicslowpan.o)
                0x0000f226                sicslowpan_driver
 .rodata.llprefix
                0x0000f230        0x2 contiki-z1.a(sicslowpan.o)
                0x0000f230                llprefix
 .rodata.unc_mxconf
                0x0000f232        0x4 contiki-z1.a(sicslowpan.o)
                0x0000f232                unc_mxconf
 .rodata.unc_ctxconf
                0x0000f236        0x4 contiki-z1.a(sicslowpan.o)
                0x0000f236                unc_ctxconf
 .rodata.unc_llconf
                0x0000f23a        0x4 contiki-z1.a(sicslowpan.o)
                0x0000f23a                unc_llconf
 .rodata.ttl_values
                0x0000f23e        0x4 contiki-z1.a(sicslowpan.o)
 *fill*         0x0000f242        0x2 00
 .rodata.uip_process
                0x0000f244       0x40 contiki-z1.a(uip6.o)
 .rodata        0x0000f284        0xd contiki-z1.a(tcpip.o)
 .rodata.uip_debug_ipaddr_print
                0x0000f291       0x28 contiki-z1.a(uip-debug.o)
 .rodata.uip_debug_lladdr_print
                0x0000f2b9       0x14 contiki-z1.a(uip-debug.o)
 .rodata.dio_input
                0x0000f2cd      0x2a1 contiki-z1.a(rpl-icmp6.o)
 .rodata.rpl_icmp6_update_nbr_table
                0x0000f56e       0x2a contiki-z1.a(rpl-icmp6.o)
 .rodata.dao_input
                0x0000f598      0x2c8 contiki-z1.a(rpl-icmp6.o)
 .rodata.dis_output
                0x0000f860       0x17 contiki-z1.a(rpl-icmp6.o)
 .rodata.dio_output
                0x0000f877       0xdc contiki-z1.a(rpl-icmp6.o)
 .rodata.dis_input
                0x0000f953       0x99 contiki-z1.a(rpl-icmp6.o)
 .rodata.dao_output_target
                0x0000f9ec      0x168 contiki-z1.a(rpl-icmp6.o)
 .rodata.dao_output
                0x0000fb54       0x3b contiki-z1.a(rpl-icmp6.o)
 .rodata.CSWTCH.16
                0x0000fb8f        0x2 contiki-z1.a(frame802154.o)
 *fill*         0x0000fb91        0x1 00
 .rodata.framer_802154
                0x0000fb92        0xc contiki-z1.a(framer-802154.o)
                0x0000fb92                framer_802154
 .rodata        0x0000fb9e        0x8 contiki-z1.a(nullmac.o)
 .rodata.nullmac_driver
                0x0000fba6       0x1a contiki-z1.a(nullmac.o)
                0x0000fba6                nullmac_driver
 .rodata.packet_input
                0x0000fbc0       0x9d contiki-z1.a(nullrdc.o)
 .rodata.send_one_packet
                0x0000fc5d       0x5c contiki-z1.a(nullrdc.o)
 .rodata        0x0000fcb9        0x8 contiki-z1.a(nullrdc.o)
 *fill*         0x0000fcc1        0x1 00
 .rodata.nullrdc_driver
                0x0000fcc2       0x1e contiki-z1.a(nullrdc.o)
                0x0000fcc2                nullrdc_driver
 .rodata.linkaddr_null
                0x0000fce0        0x8 contiki-z1.a(linkaddr.o)
                0x0000fce0                linkaddr_null
 .rodata        0x0000fce8        0x8 contiki-z1.a(nullsec.o)
 .rodata.nullsec_driver
                0x0000fcf0        0xe contiki-z1.a(nullsec.o)
                0x0000fcf0                nullsec_driver
 .rodata.update_nbr
                0x0000fcfe       0x7a contiki-z1.a(rpl-nbr-policy.)
 .rodata.find_removable_dis
                0x0000fd78       0x40 contiki-z1.a(rpl-nbr-policy.)
 .rodata.find_removable_dio
                0x0000fdb8       0x90 contiki-z1.a(rpl-nbr-policy.)
 .rodata.find_removable_dao
                0x0000fe48       0x2c contiki-z1.a(rpl-nbr-policy.)
 .rodata.vuprintf
                0x0000fe74        0x7 /usr/local/msp430/bin/../lib/gcc/msp430/4.7.0/../../../../msp430/lib/mcpu-430x/mmpy-16/msr20/mc20/libc.a(vuprintf.o)
 *(.near.rodata .near.rodata.*)
                0x0000fe7c                . = ALIGN (0x2)
                0x0000fe7c                _etext = .

.data           0x00001100      0x142 load address 0x0000fe7c
                0x00001100                . = ALIGN (0x2)
                0x00001100                __data_start = .
 *(.data .data.* .gnu.linkonce.d.*)
 .data.udp_client_process
                0x00001100        0xc udp-client.co
                0x00001100                udp_client_process
 .data.alpha    0x0000110c        0x1 udp-client.co
                0x0000110c                alpha
 .data.remaining_energy
                0x0000110d        0x1 udp-client.co
                0x0000110d                remaining_energy
 .data.sensors  0x0000110e        0x4 obj_z1/contiki-z1-main.o
                0x0000110e                sensors
 .data.cur_break
                0x00001112        0x2 contiki-z1.a(msp430.o)
 .data.cc2420_process
                0x00001114        0xc contiki-z1.a(cc2420.o)
                0x00001114                cc2420_process
 .data.send_on_cca
                0x00001120        0x1 contiki-z1.a(cc2420.o)
 *fill*         0x00001121        0x1 00
 .data.sensors_process
                0x00001122        0xc contiki-z1.a(sensors.o)
                0x00001122                sensors_process
 .data.cc1200_process
                0x0000112e        0xc contiki-z1.a(cc1200.o)
                0x0000112e                cc1200_process
 .data.accmeter_process
                0x0000113a        0xc contiki-z1.a(adxl345.o)
                0x0000113a                accmeter_process
 .data.adxl345_default_settings
                0x00001146       0x16 contiki-z1.a(adxl345.o)
 .data.dual_dis_broadcast
                0x0000115c        0xc contiki-z1.a(dual_radio.o)
                0x0000115c                dual_dis_broadcast
 .data.dual_dio_broadcast
                0x00001168        0xc contiki-z1.a(dual_radio.o)
                0x00001168                dual_dio_broadcast
 .data.radio_received
                0x00001174        0x2 contiki-z1.a(dual_radio.o)
                0x00001174                radio_received
 .data.ctimer_process
                0x00001176        0xc contiki-z1.a(ctimer.o)
                0x00001176                ctimer_process
 .data.etimer_process
                0x00001182        0xc contiki-z1.a(etimer.o)
                0x00001182                etimer_process
 .data.ds6_neighbors
                0x0000118e        0x2 contiki-z1.a(uip-ds6-nbr.o)
                0x0000118e                ds6_neighbors
 .data.ds6_neighbors_struct
                0x00001190        0xa contiki-z1.a(uip-ds6-nbr.o)
 .data.nbr_routes
                0x0000119a        0x2 contiki-z1.a(uip-ds6-route.o)
                0x0000119a                nbr_routes
 .data.routememb
                0x0000119c        0x8 contiki-z1.a(uip-ds6-route.o)
 .data.defaultroutermemb
                0x000011a4        0x8 contiki-z1.a(uip-ds6-route.o)
 .data.neighborroutememb
                0x000011ac        0x8 contiki-z1.a(uip-ds6-route.o)
 .data.nbr_routes_struct
                0x000011b4        0xa contiki-z1.a(uip-ds6-route.o)
 .data.echo_request_handler
                0x000011be        0x8 contiki-z1.a(uip-icmp6.o)
 .data.echo_reply_handler
                0x000011c6        0x8 contiki-z1.a(uip-icmp6.o)
 .data.tcpip_process
                0x000011ce        0xc contiki-z1.a(tcpip.o)
                0x000011ce                tcpip_process
 .data.rpl_parents
                0x000011da        0x2 contiki-z1.a(rpl-dag.o)
                0x000011da                rpl_parents
 .data.rpl_parents_struct
                0x000011dc        0xa contiki-z1.a(rpl-dag.o)
 .data.dao_sequence
                0x000011e6        0x1 contiki-z1.a(rpl-icmp6.o)
 *fill*         0x000011e7        0x1 00
 .data.dis_handler
                0x000011e8        0x8 contiki-z1.a(rpl-icmp6.o)
 .data.dio_handler
                0x000011f0        0x8 contiki-z1.a(rpl-icmp6.o)
 .data.dao_handler
                0x000011f8        0x8 contiki-z1.a(rpl-icmp6.o)
 .data.dao_ack_handler
                0x00001200        0x8 contiki-z1.a(rpl-icmp6.o)
 .data.rpl_jkof
                0x00001208       0x1a contiki-z1.a(rpl-jkof.o)
                0x00001208                rpl_jkof
 .data.mac_pan_id
                0x00001222        0x2 contiki-z1.a(frame802154.o)
 .data.neighbor_addr_mem
                0x00001224        0x8 contiki-z1.a(nbr-table.o)
 .data.buframmem
                0x0000122c        0x8 contiki-z1.a(queuebuf.o)
 .data.bufmem   0x00001234        0x8 contiki-z1.a(queuebuf.o)
 .data.prescale_lsb
                0x0000123c        0x1 contiki-z1.a(i2cmaster.o)
                0x0000123c                prescale_lsb
 *fill*         0x0000123d        0x1 00
 .data.next     0x0000123e        0x4 /usr/local/msp430/bin/../lib/gcc/msp430/4.7.0/../../../../msp430/lib/mcpu-430x/mmpy-16/msr20/mc20/libc.a(rand.o)
 *(.near.data .near.data.*)
                0x00001242                . = ALIGN (0x2)
                0x00001242                _edata = .
                0x0000fe7c                __data_load_start = LOADADDR (.data)
                0x00000142                __data_size = SIZEOF (.data)

.bss            0x00001242     0x1bde load address 0x0000ffbe
                0x00001242                __bss_start = .
 *(.bss .bss.*)
 .bss.client_conn
                0x00001242        0x2 udp-client.co
 .bss.periodic.3110
                0x00001244        0xc udp-client.co
 .bss.backoff_timer.3111
                0x00001250       0x16 udp-client.co
 .bss.seq_id    0x00001266        0x2 udp-client.co
 .bss.myaddr    0x00001268        0x1 udp-client.co
 *fill*         0x00001269        0x1 00
 .bss.server_ipaddr
                0x0000126a       0x10 udp-client.co
 .bss.reply     0x0000127a        0x2 udp-client.co
 .bss.irq_energest.4275
                0x0000127c        0x4 obj_z1/contiki-z1-main.o
 .bss.leds      0x00001280        0x1 contiki-z1.a(leds.o)
 *fill*         0x00001281        0x1 00
 .bss.counter   0x00001282        0x2 contiki-z1.a(watchdog.o)
 .bss.poll_mode
                0x00001284        0x1 contiki-z1.a(cc2420.o)
 *fill*         0x00001285        0x1 00
 .bss.last_packet_timestamp
                0x00001286        0x2 contiki-z1.a(cc2420.o)
 .bss.locked    0x00001288        0x1 contiki-z1.a(cc2420.o)
 .bss.lock_on   0x00001289        0x1 contiki-z1.a(cc2420.o)
 .bss.lock_off  0x0000128a        0x1 contiki-z1.a(cc2420.o)
 .bss.receive_on
                0x0000128b        0x1 contiki-z1.a(cc2420.o)
 .bss.channel   0x0000128c        0x2 contiki-z1.a(cc2420.o)
 .bss.node_id   0x0000128e        0x2 contiki-z1.a(node-id.o)
                0x0000128e                node_id
 .bss.num_sensors
                0x00001290        0x1 contiki-z1.a(sensors.o)
 *fill*         0x00001291        0x1 00
 .bss.i.2164    0x00001292        0x2 contiki-z1.a(sensors.o)
 .bss.events.2165
                0x00001294        0x2 contiki-z1.a(sensors.o)
 .bss.debouncetimer
                0x00001296        0x8 contiki-z1.a(button-sensor.o)
 .bss.transmitting
                0x0000129e        0x1 contiki-z1.a(uart0.o)
 *fill*         0x0000129f        0x1 00
 .bss.uart0_input_handler
                0x000012a0        0x4 contiki-z1.a(uart0.o)
 .bss.rx_pkt_len
                0x000012a4        0x2 contiki-z1.a(cc1200.o)
 .bss.spi_locked
                0x000012a6        0x1 contiki-z1.a(cc1200.o)
 .bss.rf_flags  0x000012a7        0x1 contiki-z1.a(cc1200.o)
 .bss.rx_mode_value
                0x000012a8        0x2 contiki-z1.a(cc1200.o)
 .bss.tx_mode_value
                0x000012aa        0x2 contiki-z1.a(cc1200.o)
 .bss.new_txpower
                0x000012ac        0x1 contiki-z1.a(cc1200.o)
 .bss.new_cca_threshold
                0x000012ad        0x1 contiki-z1.a(cc1200.o)
 .bss.new_rf_channel
                0x000012ae        0x1 contiki-z1.a(cc1200.o)
 .bss.rf_channel
                0x000012af        0x1 contiki-z1.a(cc1200.o)
 .bss.txpower   0x000012b0        0x1 contiki-z1.a(cc1200.o)
 .bss.cca_threshold
                0x000012b1        0x1 contiki-z1.a(cc1200.o)
 .bss.rx_pkt    0x000012b2       0x81 contiki-z1.a(cc1200.o)
 *fill*         0x00001333        0x1 00
 .bss.tx_pkt_len
                0x00001334        0x2 contiki-z1.a(cc1200.o)
 .bss.tx_pkt    0x00001336       0x7f contiki-z1.a(cc1200.o)
 *fill*         0x000013b5        0x1 00
 .bss.cal_timer
                0x000013b6        0x4 contiki-z1.a(cc1200.o)
 .bss.payload_len.4126
                0x000013ba        0x2 contiki-z1.a(cc1200.o)
 .bss.bytes_read.4127
                0x000013bc        0x2 contiki-z1.a(cc1200.o)
 .bss.buf.4128  0x000013be       0x81 contiki-z1.a(cc1200.o)
 .bss.enabled   0x0000143f        0x1 contiki-z1.a(adxl345.o)
 .bss.int1_mask
                0x00001440        0x2 contiki-z1.a(adxl345.o)
 .bss.int2_mask
                0x00001442        0x2 contiki-z1.a(adxl345.o)
 .bss.suppressTimer1
                0x00001444        0x8 contiki-z1.a(adxl345.o)
 .bss.suppressTimer2
                0x0000144c        0x8 contiki-z1.a(adxl345.o)
 .bss.long_range_radio
                0x00001454        0x2 contiki-z1.a(dual_radio.o)
                0x00001454                long_range_radio
 .bss.temp_instance
                0x00001456        0x2 contiki-z1.a(dual_radio.o)
 .bss.et.3655   0x00001458        0xc contiki-z1.a(dual_radio.o)
 .bss.et.3664   0x00001464        0xc contiki-z1.a(dual_radio.o)
 .bss.last_tar  0x00001470        0x2 contiki-z1.a(clock.o)
 .bss.count     0x00001472        0x4 contiki-z1.a(clock.o)
 .bss.seconds   0x00001476        0x4 contiki-z1.a(clock.o)
 .bss.initialized
                0x0000147a        0x1 contiki-z1.a(ctimer.o)
 *fill*         0x0000147b        0x1 00
 .bss.ctimer_list_list
                0x0000147c        0x2 contiki-z1.a(ctimer.o)
 .bss.timerlist
                0x0000147e        0x2 contiki-z1.a(etimer.o)
 .bss.next_expiration
                0x00001480        0x4 contiki-z1.a(etimer.o)
 .bss.poll_requested
                0x00001484        0x1 contiki-z1.a(process.o)
 *fill*         0x00001485        0x1 00
 .bss.process_current
                0x00001486        0x2 contiki-z1.a(process.o)
                0x00001486                process_current
 .bss.process_list
                0x00001488        0x2 contiki-z1.a(process.o)
                0x00001488                process_list
 .bss.lastevent
                0x0000148a        0x1 contiki-z1.a(process.o)
 .bss.fevent    0x0000148b        0x1 contiki-z1.a(process.o)
 .bss.nevents   0x0000148c        0x1 contiki-z1.a(process.o)
 *fill*         0x0000148d        0x1 00
 .bss.events    0x0000148e       0x30 contiki-z1.a(process.o)
 .bss.ev.1931   0x000014be        0x1 contiki-z1.a(process.o)
 *fill*         0x000014bf        0x1 00
 .bss.data.1932
                0x000014c0        0x2 contiki-z1.a(process.o)
 .bss.receiver.1933
                0x000014c2        0x2 contiki-z1.a(process.o)
 .bss.p.1934    0x000014c4        0x2 contiki-z1.a(process.o)
 .bss.snum.1949