Archive member included because of file (symbol)

contiki-z1.a(contiki-z1-plat)
                              obj_z1/contiki-z1-main.o (init_platform)
contiki-z1.a(msp430.o)        obj_z1/contiki-z1-main.o (splhigh_)
contiki-z1.a(leds.o)          obj_z1/contiki-z1-main.o (leds_init)
contiki-z1.a(watchdog.o)      obj_z1/contiki-z1-main.o (watchdog_start)
contiki-z1.a(xmem.o)          obj_z1/contiki-z1-main.o (xmem_init)
contiki-z1.a(spi.o)           contiki-z1.a(xmem.o) (spi_init)
contiki-z1.a(cc2420.o)        obj_z1/contiki-z1-main.o (cc2420_set_pan_addr)
contiki-z1.a(cc2420-arch.o)   contiki-z1.a(cc2420.o) (cc2420_arch_init)
contiki-z1.a(node-id.o)       obj_z1/contiki-z1-main.o (node_id_restore)
contiki-z1.a(sensors.o)       contiki-z1.a(contiki-z1-plat) (sensors_process)
contiki-z1.a(button-sensor.o)
                              obj_z1/contiki-z1-main.o (button_sensor)
contiki-z1.a(uart0.o)         obj_z1/contiki-z1-main.o (uart0_active)
contiki-z1.a(uart0-putchar.o)
                              udp-client.co (putchar)
contiki-z1.a(cc1200.o)        obj_z1/contiki-z1-main.o (cc1200_init)
contiki-z1.a(cc1200-802154g-)
                              contiki-z1.a(cc1200.o) (cc1200_802154g_863_870_fsk_50kbps)
contiki-z1.a(cc1200-z1-arch.)
                              contiki-z1.a(cc1200.o) (cc1200_arch_spi_select)
contiki-z1.a(adxl345.o)       obj_z1/contiki-z1-main.o (accm_init)
contiki-z1.a(dual_radio.o)    contiki-z1.a(adxl345.o) (long_range_radio)
contiki-z1.a(clock.o)         obj_z1/contiki-z1-main.o (clock_init)
contiki-z1.a(leds-arch.o)     contiki-z1.a(leds.o) (leds_arch_init)
contiki-z1.a(rtimer-arch.o)   obj_z1/contiki-z1-main.o (rtimer_arch_now)
contiki-z1.a(autostart.o)     obj_z1/contiki-z1-main.o (autostart_start)
contiki-z1.a(ctimer.o)        obj_z1/contiki-z1-main.o (ctimer_init)
contiki-z1.a(energest.o)      obj_z1/contiki-z1-main.o (energest_init)
contiki-z1.a(etimer.o)        contiki-z1.a(clock.o) (etimer_request_poll)
contiki-z1.a(process.o)       udp-client.co (process_current)
contiki-z1.a(rtimer.o)        obj_z1/contiki-z1-main.o (rtimer_init)
contiki-z1.a(stimer.o)        udp-client.co (stimer_remaining)
contiki-z1.a(timer.o)         contiki-z1.a(button-sensor.o) (timer_set)
contiki-z1.a(serial-line.o)   udp-client.co (serial_line_event_message)
contiki-z1.a(list.o)          contiki-z1.a(ctimer.o) (list_init)
contiki-z1.a(random.o)        obj_z1/contiki-z1-main.o (random_init)
contiki-z1.a(ringbuf.o)       contiki-z1.a(serial-line.o) (ringbuf_init)
contiki-z1.a(sicslowpan.o)    obj_z1/contiki-z1-main.o (sicslowpan_driver)
contiki-z1.a(uip6.o)          contiki-z1.a(sicslowpan.o) (uip_aligned_buf)
contiki-z1.a(uip-ds6.o)       contiki-z1.a(uip6.o) (uip_ds6_is_addr_onlink)
contiki-z1.a(uip-ds6-nbr.o)   contiki-z1.a(uip-ds6.o) (uip_ds6_neighbors_init)
contiki-z1.a(uip-ds6-route.o)
                              contiki-z1.a(uip-ds6.o) (uip_ds6_route_init)
contiki-z1.a(uip-icmp6.o)     contiki-z1.a(uip6.o) (uip_icmp6_input)
contiki-z1.a(uip-nd6.o)       contiki-z1.a(uip6.o) (uip_nd6_init)
contiki-z1.a(tcpip.o)         contiki-z1.a(sicslowpan.o) (tcpip_set_outputfunc)
contiki-z1.a(uip-debug.o)     udp-client.co (uip_debug_ipaddr_print)
contiki-z1.a(uip-udp-packet.)
                              udp-client.co (uip_udp_packet_sendto)
contiki-z1.a(rpl.o)           contiki-z1.a(uip-ds6-nbr.o) (rpl_link_neighbor_callback)
contiki-z1.a(rpl-dag.o)       contiki-z1.a(rpl.o) (default_instance)
contiki-z1.a(rpl-ext-header.)
                              contiki-z1.a(uip6.o) (rpl_verify_header)
contiki-z1.a(rpl-icmp6.o)     contiki-z1.a(rpl-dag.o) (rpl_icmp6_update_nbr_table)
contiki-z1.a(rpl-jkof.o)      contiki-z1.a(rpl.o) (rpl_jkof)
contiki-z1.a(rpl-timers.o)    contiki-z1.a(rpl.o) (rpl_reset_periodic_timer)
contiki-z1.a(frame802154.o)   contiki-z1.a(cc1200.o) (frame802154_parse)
contiki-z1.a(nullmac.o)       obj_z1/contiki-z1-main.o (nullmac_driver)
contiki-z1.a(nullrdc.o)       obj_z1/contiki-z1-main.o (nullrdc_driver)
contiki-z1.a(contikimac-fram)
                              contiki-z1.a(sicslowpan.o) (contikimac_framer)
contiki-z1.a(linkaddr.o)      obj_z1/contiki-z1-main.o (linkaddr_copy)
contiki-z1.a(nbr-table.o)     contiki-z1.a(uip-ds6-nbr.o) (lladdr_map_add_lr)
contiki-z1.a(packetbuf.o)     contiki-z1.a(contikimac-fram) (packetbuf_hdrreduce)
contiki-z1.a(queuebuf.o)      obj_z1/contiki-z1-main.o (queuebuf_init)
contiki-z1.a(nullsec.o)       contiki-z1.a(sicslowpan.o) (nullsec_driver)
contiki-z1.a(i2cmaster.o)     contiki-z1.a(adxl345.o) (i2c_receiveinit)
contiki-z1.a(memb.o)          contiki-z1.a(uip-ds6-route.o) (memb_init)
contiki-z1.a(rpl-nbr-policy.)
                              contiki-z1.a(nbr-table.o) (rpl_nbr_policy_find_removable)
contiki-z1.a(framer-802154.o)
                              contiki-z1.a(contikimac-fram) (framer_802154)
contiki-z1.a(mac.o)           contiki-z1.a(nullrdc.o) (mac_call_sent_callback)
[...]
Memory Configuration

Name             Origin             Length             Attributes
sfr              0x00000000         0x00000010
peripheral_8bit  0x00000010         0x000000f0
peripheral_16bit 0x00000100         0x00000100
ram_mirror       0x00000200         0x00000800         xw
infomem          0x00001000         0x00000100
infod            0x00001000         0x00000040
infoc            0x00001040         0x00000040
infob            0x00001080         0x00000040
infoa            0x000010c0         0x00000040
ram              0x00001100         0x00002000         xw
rom              0x00003100         0x0000cebe         xr
vectors          0x0000ffc0         0x00000040
far_rom          0x00010000         0x0000a000
bsl              0x00000000         0x00000000
ram2             0x00000000         0x00000000         xw
usbram           0x00000000         0x00000000         xw
*default*        0x00000000         0xffffffff

Linker script and memory map

LOAD /usr/local/msp430/bin/../lib/gcc/msp430/4.7.0/mcpu-430x/mmpy-16/msr20/mc20/crt0ivtbl32.o
                0x00000041                __P1SEL2 = 0x41
                0x00000045                __P5SEL2 = 0x45
LOAD udp-client.co
LOAD obj_z1/contiki-z1-main.o
LOAD contiki-z1.a
LOAD /usr/local/msp430/bin/../lib/gcc/msp430/4.7.0/mcpu-430x/mmpy-16/msr20/mc20/libgcc.a
LOAD /usr/local/msp430/bin/../lib/gcc/msp430/4.7.0/../../../../msp430/lib/mcpu-430x/mmpy-16/msr20/mc20/libc.a
LOAD /usr/local/msp430/bin/../lib/gcc/msp430/4.7.0/mcpu-430x/mmpy-16/msr20/mc20/libgcc.a
LOAD /usr/local/msp430/bin/../lib/gcc/msp430/4.7.0/mcpu-430x/mmpy-16/msr20/mc20/libcrt0.a
                0x00000040                PROVIDE (__info_segment_size, 0x40)
                0x00001000                PROVIDE (__infod, 0x1000)
                0x00001040                PROVIDE (__infoc, 0x1040)
                0x00001080                PROVIDE (__infob, 0x1080)
                0x000010c0                PROVIDE (__infoa, 0x10c0)
                0x00000000                __IE1 = 0x0
                0x00000002                __IFG1 = 0x2
                0x00000001                __IE2 = 0x1
                0x00000003                __IFG2 = 0x3
                0x00000006                __UC1IE = 0x6
                0x00000007                __UC1IFG = 0x7
                0x000001a0                __ADC12CTL0 = 0x1a0
                0x000001a2                __ADC12CTL1 = 0x1a2
                0x000001a4                __ADC12IFG = 0x1a4
                0x000001a6                __ADC12IE = 0x1a6
                0x000001a8                __ADC12IV = 0x1a8
                0x00000140                __ADC12MEM0 = 0x140
                0x00000142                __ADC12MEM1 = 0x142
                0x00000144                __ADC12MEM2 = 0x144
                0x00000146                __ADC12MEM3 = 0x146
                0x00000148                __ADC12MEM4 = 0x148
                0x0000014a                __ADC12MEM5 = 0x14a
                0x0000014c                __ADC12MEM6 = 0x14c
                0x0000014e                __ADC12MEM7 = 0x14e
                0x00000150                __ADC12MEM8 = 0x150
                0x00000152                __ADC12MEM9 = 0x152
                0x00000154                __ADC12MEM10 = 0x154
                0x00000156                __ADC12MEM11 = 0x156
                0x00000158                __ADC12MEM12 = 0x158
                0x0000015a                __ADC12MEM13 = 0x15a
                0x0000015c                __ADC12MEM14 = 0x15c
                0x0000015e                __ADC12MEM15 = 0x15e
                0x00000080                __ADC12MCTL0 = 0x80
                0x00000081                __ADC12MCTL1 = 0x81
                0x00000082                __ADC12MCTL2 = 0x82
                0x00000083                __ADC12MCTL3 = 0x83
                0x00000084                __ADC12MCTL4 = 0x84
                0x00000085                __ADC12MCTL5 = 0x85
                0x00000086                __ADC12MCTL6 = 0x86
                0x00000087                __ADC12MCTL7 = 0x87
                0x00000088                __ADC12MCTL8 = 0x88
                0x00000089                __ADC12MCTL9 = 0x89
                0x0000008a                __ADC12MCTL10 = 0x8a
                0x0000008b                __ADC12MCTL11 = 0x8b
                0x0000008c                __ADC12MCTL12 = 0x8c
                0x0000008d                __ADC12MCTL13 = 0x8d
                0x0000008e                __ADC12MCTL14 = 0x8e
                0x0000008f                __ADC12MCTL15 = 0x8f
                0x00000056                __DCOCTL = 0x56
                0x00000057                __BCSCTL1 = 0x57
                0x00000058                __BCSCTL2 = 0x58
                0x00000053                __BCSCTL3 = 0x53
                0x00000059                __CACTL1 = 0x59
                0x0000005a                __CACTL2 = 0x5a
                0x0000005b                __CAPD = 0x5b
                0x000001c0                __DAC12_0CTL = 0x1c0
                0x000001c2                __DAC12_1CTL = 0x1c2
                0x000001c8                __DAC12_0DAT = 0x1c8
                0x000001ca                __DAC12_1DAT = 0x1ca
                0x00000122                __DMACTL0 = 0x122
                0x00000124                __DMACTL1 = 0x124
                0x00000126                __DMAIV = 0x126
                0x000001d0                __DMA0CTL = 0x1d0
                0x000001dc                __DMA1CTL = 0x1dc
                0x000001e8                __DMA2CTL = 0x1e8
                0x000001d2                __DMA0SA = 0x1d2
                0x000001d2                __DMA0SAL = 0x1d2
                0x000001d6                __DMA0DA = 0x1d6
                0x000001d6                __DMA0DAL = 0x1d6
                0x000001da                __DMA0SZ = 0x1da
                0x000001de                __DMA1SA = 0x1de
                0x000001de                __DMA1SAL = 0x1de
                0x000001e2                __DMA1DA = 0x1e2
                0x000001e2                __DMA1DAL = 0x1e2
                0x000001e6                __DMA1SZ = 0x1e6
                0x000001ea                __DMA2SA = 0x1ea
                0x000001ea                __DMA2SAL = 0x1ea
                0x000001ee                __DMA2DA = 0x1ee
                0x000001ee                __DMA2DAL = 0x1ee
                0x000001f2                __DMA2SZ = 0x1f2
                0x00000128                __FCTL1 = 0x128
                0x0000012a                __FCTL2 = 0x12a
                0x0000012c                __FCTL3 = 0x12c
                0x000001be                __FCTL4 = 0x1be
                0x00000130                __MPY = 0x130
                0x00000132                __MPYS = 0x132
                0x00000134                __MAC = 0x134
                0x00000136                __MACS = 0x136
                0x00000138                __OP2 = 0x138
                0x0000013a                __RESLO = 0x13a
                0x0000013c                __RESHI = 0x13c
                0x0000013e                __SUMEXT = 0x13e
                0x00000020                __P1IN = 0x20
                0x00000021                __P1OUT = 0x21
                0x00000022                __P1DIR = 0x22
                0x00000023                __P1IFG = 0x23
                0x00000024                __P1IES = 0x24
                0x00000025                __P1IE = 0x25
                0x00000026                __P1SEL = 0x26
                0x00000027                __P1REN = 0x27
                0x00000028                __P2IN = 0x28
                0x00000029                __P2OUT = 0x29
                0x0000002a                __P2DIR = 0x2a
                0x0000002b                __P2IFG = 0x2b
                0x0000002c                __P2IES = 0x2c
                0x0000002d                __P2IE = 0x2d
                0x0000002e                __P2SEL = 0x2e
                0x0000002f                __P2REN = 0x2f
                0x00000018                __P3IN = 0x18
                0x00000019                __P3OUT = 0x19
                0x0000001a                __P3DIR = 0x1a
                0x0000001b                __P3SEL = 0x1b
                0x00000010                __P3REN = 0x10
                0x0000001c                __P4IN = 0x1c
                0x0000001d                __P4OUT = 0x1d
                0x0000001e                __P4DIR = 0x1e
                0x0000001f                __P4SEL = 0x1f
                0x00000011                __P4REN = 0x11
                0x00000030                __P5IN = 0x30
                0x00000031                __P5OUT = 0x31
                0x00000032                __P5DIR = 0x32
                0x00000033                __P5SEL = 0x33
                0x00000012                __P5REN = 0x12
                0x00000034                __P6IN = 0x34
                0x00000035                __P6OUT = 0x35
                0x00000036                __P6DIR = 0x36
                0x00000037                __P6SEL = 0x37
                0x00000013                __P6REN = 0x13
                0x00000038                __P7IN = 0x38
                0x0000003a                __P7OUT = 0x3a
                0x0000003c                __P7DIR = 0x3c
                0x0000003e                __P7SEL = 0x3e
                0x00000014                __P7REN = 0x14
                0x00000039                __P8IN = 0x39
                0x0000003b                __P8OUT = 0x3b
                0x0000003d                __P8DIR = 0x3d
                0x0000003f                __P8SEL = 0x3f
                0x00000015                __P8REN = 0x15
                0x00000038                __PAIN = 0x38
                0x0000003a                __PAOUT = 0x3a
                0x0000003c                __PADIR = 0x3c
                0x0000003e                __PASEL = 0x3e
                0x00000014                __PAREN = 0x14
                0x00000055                __SVSCTL = 0x55
                0x0000012e                __TAIV = 0x12e
                0x00000160                __TACTL = 0x160
                0x00000162                __TACCTL0 = 0x162
                0x00000164                __TACCTL1 = 0x164
                0x00000166                __TACCTL2 = 0x166
                0x00000170                __TAR = 0x170
                0x00000172                __TACCR0 = 0x172
                0x00000174                __TACCR1 = 0x174
                0x00000176                __TACCR2 = 0x176
                0x0000011e                __TBIV = 0x11e
                0x00000180                __TBCTL = 0x180
                0x00000182                __TBCCTL0 = 0x182
                0x00000184                __TBCCTL1 = 0x184
                0x00000186                __TBCCTL2 = 0x186
                0x00000188                __TBCCTL3 = 0x188
                0x0000018a                __TBCCTL4 = 0x18a
                0x0000018c                __TBCCTL5 = 0x18c
                0x0000018e                __TBCCTL6 = 0x18e
                0x00000190                __TBR = 0x190
                0x00000192                __TBCCR0 = 0x192
                0x00000194                __TBCCR1 = 0x194
                0x00000196                __TBCCR2 = 0x196
                0x00000198                __TBCCR3 = 0x198
                0x0000019a                __TBCCR4 = 0x19a
                0x0000019c                __TBCCR5 = 0x19c
                0x0000019e                __TBCCR6 = 0x19e
                0x00000060                __UCA0CTL0 = 0x60
                0x00000061                __UCA0CTL1 = 0x61
                0x00000062                __UCA0BR0 = 0x62
                0x00000063                __UCA0BR1 = 0x63
                0x00000064                __UCA0MCTL = 0x64
                0x00000065                __UCA0STAT = 0x65
                0x00000066                __UCA0RXBUF = 0x66
                0x00000067                __UCA0TXBUF = 0x67
                0x0000005d                __UCA0ABCTL = 0x5d
                0x0000005e                __UCA0IRTCTL = 0x5e
                0x0000005f                __UCA0IRRCTL = 0x5f
                0x00000068                __UCB0CTL0 = 0x68
                0x00000069                __UCB0CTL1 = 0x69
                0x0000006a                __UCB0BR0 = 0x6a
                0x0000006b                __UCB0BR1 = 0x6b
                0x0000006c                __UCB0I2CIE = 0x6c
                0x0000006d                __UCB0STAT = 0x6d
                0x0000006e                __UCB0RXBUF = 0x6e
                0x0000006f                __UCB0TXBUF = 0x6f
                0x00000118                __UCB0I2COA = 0x118
                0x0000011a                __UCB0I2CSA = 0x11a
                0x000000d0                __UCA1CTL0 = 0xd0
                0x000000d1                __UCA1CTL1 = 0xd1
                0x000000d2                __UCA1BR0 = 0xd2
                0x000000d3                __UCA1BR1 = 0xd3
                0x000000d4                __UCA1MCTL = 0xd4
                0x000000d5                __UCA1STAT = 0xd5
                0x000000d6                __UCA1RXBUF = 0xd6
                0x000000d7                __UCA1TXBUF = 0xd7
                0x000000cd                __UCA1ABCTL = 0xcd
                0x000000ce                __UCA1IRTCTL = 0xce
                0x000000cf                __UCA1IRRCTL = 0xcf
                0x000000d8                __UCB1CTL0 = 0xd8
                0x000000d9                __UCB1CTL1 = 0xd9
                0x000000da                __UCB1BR0 = 0xda
                0x000000db                __UCB1BR1 = 0xdb
                0x000000dc                __UCB1I2CIE = 0xdc
                0x000000dd                __UCB1STAT = 0xdd
                0x000000de                __UCB1RXBUF = 0xde
                0x000000df                __UCB1TXBUF = 0xdf
                0x0000017c                __UCB1I2COA = 0x17c
                0x0000017e                __UCB1I2CSA = 0x17e
                0x00000120                __WDTCTL = 0x120
                0x000010c0                __TLV_CHECKSUM = 0x10c0
                0x000010f6                __TLV_DCO_30_TAG = 0x10f6
                0x000010f7                __TLV_DCO_30_LEN = 0x10f7
                0x000010da                __TLV_ADC12_1_TAG = 0x10da
                0x000010db                __TLV_ADC12_1_LEN = 0x10db
                0x000010f8                __CALDCO_16MHZ = 0x10f8
                0x000010f9                __CALBC1_16MHZ = 0x10f9
                0x000010fa                __CALDCO_12MHZ = 0x10fa
                0x000010fb                __CALBC1_12MHZ = 0x10fb
                0x000010fc                __CALDCO_8MHZ = 0x10fc
                0x000010fd                __CALBC1_8MHZ = 0x10fd
                0x000010fe                __CALDCO_1MHZ = 0x10fe
                0x000010ff                __CALBC1_1MHZ = 0x10ff

.hash
 *(.hash)

.dynsym
 *(.dynsym)

.dynstr
 *(.dynstr)

.gnu.version
 *(.gnu.version)

.gnu.version_d
 *(.gnu.version_d)

.gnu.version_r
 *(.gnu.version_r)

.rel.init
 *(.rel.init)

.rela.init
 *(.rela.init)

.rel.fini
 *(.rel.fini)

.rela.fini
 *(.rela.fini)

.rel.text
 *(.rel.text .rel.text.* .rel.gnu.linkonce.t.*)

.rela.text
 *(.rela.text .rela.text.* .rela.gnu.linkonce.t.*)

.rel.rodata
 *(.rel.rodata .rel.rodata.* .rel.gnu.linkonce.r.*)

.rela.rodata
 *(.rela.rodata .rela.rodata.* .rela.gnu.linkonce.r.*)

.rel.data
 *(.rel.data .rel.data.* .rel.gnu.linkonce.d.*)

.rela.data
 *(.rela.data .rela.data.* .rela.gnu.linkonce.d.*)

.rel.bss
 *(.rel.bss .rel.bss.* .rel.gnu.linkonce.b.*)

.rela.bss
 *(.rela.bss .rela.bss.* .rela.gnu.linkonce.b.*)

.rel.ctors
 *(.rel.ctors)

.rela.ctors
 *(.rela.ctors)

.rel.dtors
 *(.rel.dtors)

.rela.dtors
 *(.rela.dtors)

.rel.got
 *(.rel.got)

.rela.got
 *(.rela.got)

.rel.plt
 *(.rel.plt)

.rela.plt
 *(.rela.plt)

.text           0x00003100     0xb3ce
                0x00003100                . = ALIGN (0x2)
 *(.init .init.*)
 *(.init0)
 .init0         0x00003100        0x0 /usr/local/msp430/bin/../lib/gcc/msp430/4.7.0/mcpu-430x/mmpy-16/msr20/mc20/libcrt0.a(_reset_vector__.o)
                0x00003100                _reset_vector__
 *(.init1)
 .init1         0x00003100        0xc /usr/local/msp430/bin/../lib/gcc/msp430/4.7.0/mcpu-430x/mmpy-16/msr20/mc20/libcrt0.a(__watchdog_support.o)
                0x00003100                __watchdog_support
 *(.init2)
 .init2         0x0000310c        0x4 /usr/local/msp430/bin/../lib/gcc/msp430/4.7.0/mcpu-430x/mmpy-16/msr20/mc20/libcrt0.a(__init_stack.o)
                0x0000310c                __init_stack
 *(.init3)
 .init3         0x00003110        0x0 /usr/local/msp430/bin/../lib/gcc/msp430/4.7.0/mcpu-430x/mmpy-16/msr20/mc20/libcrt0.a(__low_level_init.o)
                0x00003110                __low_level_init
 *(.init4)
 .init4         0x00003110       0x18 /usr/local/msp430/bin/../lib/gcc/msp430/4.7.0/mcpu-430x/mmpy-16/msr20/mc20/libcrt0.a(_copy_data.o)
                0x00003110                __do_copy_data
 .init4         0x00003128       0x16 /usr/local/msp430/bin/../lib/gcc/msp430/4.7.0/mcpu-430x/mmpy-16/msr20/mc20/libcrt0.a(_clear_bss.o)
                0x00003128                __do_clear_bss
 *(.init5)
 *(.init6)
 *(.init7)
 *(.init8)
 *(.init9)
 .init9         0x0000313e      0x430 obj_z1/contiki-z1-main.o
                0x0000313e                main
 *(.fini9)
 .fini9         0x0000356e        0x0 /usr/local/msp430/bin/../lib/gcc/msp430/4.7.0/mcpu-430x/mmpy-16/msr20/mc20/libcrt0.a(__stop_progExec__.o)
                0x0000356e                __stop_progExec__
 *(.fini8)
 *(.fini7)
 *(.fini6)
 *(.fini5)
 *(.fini4)
 *(.fini3)
 *(.fini2)
 *(.fini1)
 *(.fini0)
 .fini0         0x0000356e        0x6 /usr/local/msp430/bin/../lib/gcc/msp430/4.7.0/mcpu-430x/mmpy-16/msr20/mc20/libcrt0.a(_endless_loop__.o)
                0x0000356e                _endless_loop__
 *(.fini .fini.*)
                0x00003574                . = ALIGN (0x2)
                0x00003574                __ctors_start = .
 *(.ctors)
                0x00003574                __ctors_end = .
                0x00003574                __dtors_start = .
 *(.dtors)
                0x00003574                __dtors_end = .
                0x00003574                . = ALIGN (0x2)
 *(.text .text.* .gnu.linkonce.t.*)
 .text          0x00003574        0x4 /usr/local/msp430/bin/../lib/gcc/msp430/4.7.0/mcpu-430x/mmpy-16/msr20/mc20/crt0ivtbl32.o
                0x00003574                __isr_14
                0x00003574                __isr_4
                0x00003574                __isr_29
                0x00003574                __isr_11
                0x00003574                __isr_5
                0x00003574                __isr_2
                0x00003574                __isr_10
                0x00003574                __isr_7
                0x00003574                __isr_0
                0x00003574                __isr_28
                0x00003574                __isr_8
                0x00003574                __isr_20
                0x00003574                __isr_3
                0x00003574                __isr_12
                0x00003574                __isr_13
                0x00003574                __isr_27
                0x00003574                __isr_9
                0x00003574                __isr_30
                0x00003574                __isr_6
                0x00003574                __isr_22
                0x00003574                __isr_1
                0x00003574                __isr_15
                0x00003574                __isr_21
 .text.libgcc   0x00003578       0x26 /usr/local/msp430/bin/../lib/gcc/msp430/4.7.0/mcpu-430x/mmpy-16/msr20/mc20/libgcc.a(_mulsi3.o)
                0x00003578                __mulsi3
 .text.libgcc   0x0000359e       0x22 /usr/local/msp430/bin/../lib/gcc/msp430/4.7.0/mcpu-430x/mmpy-16/msr20/mc20/libgcc.a(_udivmod16.o)
                0x0000359e                __udivhi3
                0x0000359e                __ext_udivmod16
                0x000035b8                __umodhi3
 .text.libgcc   0x000035c0       0x3a /usr/local/msp430/bin/../lib/gcc/msp430/4.7.0/mcpu-430x/mmpy-16/msr20/mc20/libgcc.a(_divmod16.o)
                0x000035c0                __ext_divmod16
                0x000035c0                __divhi3
                0x000035f2                __modhi3
 .text.libgcc   0x000035fa       0x38 /usr/local/msp430/bin/../lib/gcc/msp430/4.7.0/mcpu-430x/mmpy-16/msr20/mc20/libgcc.a(_udivmod32.o)
                0x000035fa                __udivsi3
                0x000035fa                __ext_udivmod32
                0x00003628                __umodsi3
 .text.printf   0x00003632       0x10 /usr/local/msp430/bin/../lib/gcc/msp430/4.7.0/../../../../msp430/lib/mcpu-430x/mmpy-16/msr20/mc20/libc.a(printf.o)
                0x00003632                printf
 .text.append   0x00003642       0x22 /usr/local/msp430/bin/../lib/gcc/msp430/4.7.0/../../../../msp430/lib/mcpu-430x/mmpy-16/msr20/mc20/libc.a(sprintf.o)
 .text.call_vuprintf
                0x00003664       0x36 /usr/local/msp430/bin/../lib/gcc/msp430/4.7.0/../../../../msp430/lib/mcpu-430x/mmpy-16/msr20/mc20/libc.a(sprintf.o)
 .text.sprintf  0x0000369a       0x1a /usr/local/msp430/bin/../lib/gcc/msp430/4.7.0/../../../../msp430/lib/mcpu-430x/mmpy-16/msr20/mc20/libc.a(sprintf.o)
                0x0000369a                sprintf
 .text.print_field
                0x000036b4      0x176 /usr/local/msp430/bin/../lib/gcc/msp430/4.7.0/../../../../msp430/lib/mcpu-430x/mmpy-16/msr20/mc20/libc.a(vuprintf.o)
 .text.vuprintf
                0x0000382a      0x74c /usr/local/msp430/bin/../lib/gcc/msp430/4.7.0/../../../../msp430/lib/mcpu-430x/mmpy-16/msr20/mc20/libc.a(vuprintf.o)
                0x0000382a                vuprintf
 .text.puts     0x00003f76       0x2c /usr/local/msp430/bin/../lib/gcc/msp430/4.7.0/../../../../msp430/lib/mcpu-430x/mmpy-16/msr20/mc20/libc.a(puts.o)
                0x00003f76                puts
 .text.rand     0x00003fa2       0x26 /usr/local/msp430/bin/../lib/gcc/msp430/4.7.0/../../../../msp430/lib/mcpu-430x/mmpy-16/msr20/mc20/libc.a(rand.o)
                0x00003fa2                rand
 .text.srand    0x00003fc8        0xa /usr/local/msp430/bin/../lib/gcc/msp430/4.7.0/../../../../msp430/lib/mcpu-430x/mmpy-16/msr20/mc20/libc.a(rand.o)
                0x00003fc8                srand
 .text.memcmp   0x00003fd2       0x2c /usr/local/msp430/bin/../lib/gcc/msp430/4.7.0/../../../../msp430/lib/mcpu-430x/mmpy-16/msr20/mc20/libc.a(memcmp.o)
                0x00003fd2                memcmp
 .text.memcpy   0x00003ffe       0xe8 /usr/local/msp430/bin/../lib/gcc/msp430/4.7.0/../../../../msp430/lib/mcpu-430x/mmpy-16/msr20/mc20/libc.a(memcpy.o)
                0x00003ffe                memcpy
 .text.memmove  0x000040e6       0xe8 /usr/local/msp430/bin/../lib/gcc/msp430/4.7.0/../../../../msp430/lib/mcpu-430x/mmpy-16/msr20/mc20/libc.a(memmove.o)
                0x000040e6                memmove
 .text.memset   0x000041ce       0x5c /usr/local/msp430/bin/../lib/gcc/msp430/4.7.0/../../../../msp430/lib/mcpu-430x/mmpy-16/msr20/mc20/libc.a(memset.o)
                0x000041ce                memset
 .text.libgcc   0x0000422a       0xbc /usr/local/msp430/bin/../lib/gcc/msp430/4.7.0/mcpu-430x/mmpy-16/msr20/mc20/libgcc.a(_udivmod64.o)
                0x0000422a                __xabi_udivmod64
                0x0000427c                __udivdi3
                0x00004296                __umoddi3
                0x000042b8                __udivmoddi4
 .text.crt0     0x000042e6        0x2 /usr/local/msp430/bin/../lib/gcc/msp430/4.7.0/mcpu-430x/mmpy-16/msr20/mc20/libcrt0.a(_unexpected_.o)
                0x000042e6                _unexpected_
 *(.near.text .near.text.*)
 .near.text.watchdog_interrupt
                0x000042e8        0x6 contiki-z1.a(watchdog.o)
                0x000042e8                __isr_26
                0x000042e8                watchdog_interrupt
 .near.text.irq_p2
                0x000042ee       0x76 contiki-z1.a(button-sensor.o)
                0x000042ee                irq_p2
                0x000042ee                __isr_19
 .near.text.uart0_rx_interrupt
                0x00004364       0x64 contiki-z1.a(uart0.o)
                0x00004364                __isr_23
                0x00004364                uart0_rx_interrupt
 .near.text.port1_isr
                0x000043c8       0xf4 contiki-z1.a(adxl345.o)
                0x000043c8                port1_isr
                0x000043c8                __isr_18
 .near.text.timera1
                0x000044bc      0x10a contiki-z1.a(clock.o)
                0x000044bc                __isr_24
                0x000044bc                timera1
 .near.text.timera0
                0x000045c6       0x5c contiki-z1.a(rtimer-arch.o)
                0x000045c6                __isr_25
                0x000045c6                timera0
 .near.text.i2c_tx_interrupt
                0x00004622       0x84 contiki-z1.a(i2cmaster.o)
                0x00004622                __isr_16
                0x00004622                i2c_tx_interrupt
 .near.text.i2c_rx_interrupt
                0x000046a6       0x14 contiki-z1.a(i2cmaster.o)
                0x000046a6                i2c_rx_interrupt
                0x000046a6                __isr_17
 .any.text.process_thread_udp_client_process
                0x000046ba      0x2be udp-client.co
 .any.text.send_packet
                0x00004978       0x74 udp-client.co
 .any.text.init_platform
                0x000049ec        0xc contiki-z1.a(contiki-z1-plat)
                0x000049ec                init_platform
 .any.text.msp430_init_dco
                0x000049f8       0x28 contiki-z1.a(msp430.o)
                0x000049f8                msp430_init_dco
 .any.text.splhigh_
                0x00004a20        0x8 contiki-z1.a(msp430.o)
                0x00004a20                splhigh_
 .any.text.msp430_sync_dco
                0x00004a28       0x6e contiki-z1.a(msp430.o)
                0x00004a28                msp430_sync_dco
 .any.text.msp430_cpu_init
                0x00004a96       0x2e contiki-z1.a(msp430.o)
                0x00004a96                msp430_cpu_init
 .any.text.show_leds
                0x00004ac4       0xe8 contiki-z1.a(leds.o)
 .any.text.leds_init
                0x00004bac        0xa contiki-z1.a(leds.o)
                0x00004bac                leds_init
 .any.text.leds_on
                0x00004bb6        0xa contiki-z1.a(leds.o)
                0x00004bb6                leds_on
 .any.text.leds_off
                0x00004bc0        0xe contiki-z1.a(leds.o)
                0x00004bc0                leds_off
 .any.text.watchdog_start
                0x00004bce       0x14 contiki-z1.a(watchdog.o)
                0x00004bce                watchdog_start
 .any.text.watchdog_periodic
                0x00004be2       0x12 contiki-z1.a(watchdog.o)
                0x00004be2                watchdog_periodic
 .any.text.watchdog_stop
                0x00004bf4       0x16 contiki-z1.a(watchdog.o)
                0x00004bf4                watchdog_stop
 .any.text.watchdog_init
                0x00004c0a       0x12 contiki-z1.a(watchdog.o)
                0x00004c0a                watchdog_init
 .any.text.wait_ready
                0x00004c1c       0x46 contiki-z1.a(xmem.o)
 .any.text.xmem_init
                0x00004c62       0x1e contiki-z1.a(xmem.o)
                0x00004c62                xmem_init
 .any.text.xmem_pread
                0x00004c80       0xc2 contiki-z1.a(xmem.o)
                0x00004c80                xmem_pread
 .any.text.spi_init
                0x00004d42       0x32 contiki-z1.a(spi.o)
                0x00004d42                spi_init
 .any.text.get_object
                0x00004d74        0x4 contiki-z1.a(cc2420.o)
 .any.text.set_object
                0x00004d78        0x4 contiki-z1.a(cc2420.o)
 .any.text.strobe
                0x00004d7c       0x1a contiki-z1.a(cc2420.o)
 .any.text.getreg
                0x00004d96       0x46 contiki-z1.a(cc2420.o)
 .any.text.setreg
                0x00004ddc       0x44 contiki-z1.a(cc2420.o)
 .any.text.write_ram
                0x00004e20       0x72 contiki-z1.a(cc2420.o)
 .any.text.write_fifo_buf
                0x00004e92       0x38 contiki-z1.a(cc2420.o)
 .any.text.get_status
                0x00004eca       0x1e contiki-z1.a(cc2420.o)
 .any.text.set_txpower
                0x00004ee8       0x24 contiki-z1.a(cc2420.o)
 .any.text.cc2420_receiving_packet
                0x00004f0c        0xa contiki-z1.a(cc2420.o)
 .any.text.pending_packet
                0x00004f16        0xa contiki-z1.a(cc2420.o)
 .any.text.on   0x00004f20       0x26 contiki-z1.a(cc2420.o)
 .any.text.wait_for_transmission
                0x00004f46       0x22 contiki-z1.a(cc2420.o)
 .any.text.wait_for_status
                0x00004f68       0x24 contiki-z1.a(cc2420.o)
 .any.text.getrxdata
                0x00004f8c       0x4c contiki-z1.a(cc2420.o)
 .any.text.flushrx
                0x00004fd8       0x1a contiki-z1.a(cc2420.o)
 .any.text.off  0x00004ff2       0x5a contiki-z1.a(cc2420.o)
 .any.text.RELEASE_LOCK
                0x0000504c       0x28 contiki-z1.a(cc2420.o)
 .any.text.set_frame_filtering
                0x00005074       0x30 contiki-z1.a(cc2420.o)
 .any.text.set_auto_ack
                0x000050a4       0x30 contiki-z1.a(cc2420.o)
 .any.text.set_poll_mode
                0x000050d4       0x2c contiki-z1.a(cc2420.o)
 .any.text.cc2420_prepare
                0x00005100       0x44 contiki-z1.a(cc2420.o)
 .any.text.cc2420_on
                0x00005144       0x22 contiki-z1.a(cc2420.o)
                0x00005144                cc2420_on
 .any.text.cc2420_off
                0x00005166       0x30 contiki-z1.a(cc2420.o)
                0x00005166                cc2420_off
 .any.text.cc2420_cca
                0x00005196       0x54 contiki-z1.a(cc2420.o)
 .any.text.cc2420_read
                0x000051ea       0xb8 contiki-z1.a(cc2420.o)
 .any.text.process_thread_cc2420_process
                0x000052a2       0x6c contiki-z1.a(cc2420.o)
 .any.text.cc2420_set_channel
                0x0000530e       0x3a contiki-z1.a(cc2420.o)
                0x0000530e                cc2420_set_channel
 .any.text.cc2420_set_pan_addr
                0x00005348       0x4c contiki-z1.a(cc2420.o)
                0x00005348                cc2420_set_pan_addr
 .any.text.cc2420_interrupt
                0x00005394       0x16 contiki-z1.a(cc2420.o)
                0x00005394                cc2420_interrupt
 .any.text.cc2420_set_txpower
                0x000053aa        0xe contiki-z1.a(cc2420.o)
                0x000053aa                cc2420_set_txpower
 .any.text.cc2420_get_txpower
                0x000053b8       0x1e contiki-z1.a(cc2420.o)
                0x000053b8                cc2420_get_txpower
 .any.text.cc2420_transmit
                0x000053d6      0x116 contiki-z1.a(cc2420.o)
 .any.text.cc2420_send
                0x000054ec       0x12 contiki-z1.a(cc2420.o)
 .any.text.cc2420_rssi
                0x000054fe       0x48 contiki-z1.a(cc2420.o)
                0x000054fe                cc2420_rssi
 .any.text.get_value
                0x00005546      0x104 contiki-z1.a(cc2420.o)
 .any.text.cc2420_set_cca_threshold
                0x0000564a       0x16 contiki-z1.a(cc2420.o)
                0x0000564a                cc2420_set_cca_threshold
 .any.text.set_value
                0x00005660       0xb2 contiki-z1.a(cc2420.o)
 .any.text.cc2420_init
                0x00005712       0xea contiki-z1.a(cc2420.o)
                0x00005712                cc2420_init
 .any.text.cc2420_arch_init
                0x000057fc       0x1a contiki-z1.a(cc2420-arch.o)
                0x000057fc                cc2420_arch_init
 .any.text.node_id_restore
                0x00005816       0x4c contiki-z1.a(node-id.o)
                0x00005816                node_id_restore
 .any.text.process_thread_sensors_process
                0x00005862       0xc2 contiki-z1.a(sensors.o)
 .any.text.sensors_changed
                0x00005924       0x2a contiki-z1.a(sensors.o)
                0x00005924                sensors_changed
 .any.text.status
                0x0000594e       0x18 contiki-z1.a(button-sensor.o)
 .any.text.value
                0x00005966       0x20 contiki-z1.a(button-sensor.o)
 .any.text.configure
                0x00005986       0x4e contiki-z1.a(button-sensor.o)
 .any.text.uart0_active
                0x000059d4        0xe contiki-z1.a(uart0.o)
                0x000059d4                uart0_active
 .any.text.uart0_writeb
                0x000059e2       0x16 contiki-z1.a(uart0.o)
                0x000059e2                uart0_writeb
 .any.text.uart0_init
                0x000059f8       0x40 contiki-z1.a(uart0.o)
                0x000059f8                uart0_init
 .any.text.putchar
                0x00005a38       0x10 contiki-z1.a(uart0-putchar.o)
                0x00005a38                putchar
 .any.text.pending_packet
                0x00005a48        0xe contiki-z1.a(cc1200.o)
 .any.text.get_value
                0x00005a56       0x7e contiki-z1.a(cc1200.o)
 .any.text.get_object
                0x00005ad4        0x4 contiki-z1.a(cc1200.o)
 .any.text.set_object
                0x00005ad8        0x4 contiki-z1.a(cc1200.o)
 .any.text.strobe
                0x00005adc       0x20 contiki-z1.a(cc1200.o)
 .any.text.state
                0x00005afc        0xe contiki-z1.a(cc1200.o)
 .any.text.idle
                0x00005b0a       0xda contiki-z1.a(cc1200.o)
 .any.text.single_write
                0x00005be4       0x30 contiki-z1.a(cc1200.o)
 .any.text.single_read
                0x00005c14       0x36 contiki-z1.a(cc1200.o)
 .any.text.update_txpower
                0x00005c4a       0x32 contiki-z1.a(cc1200.o)
 .any.text.rx_rx
                0x00005c7c       0xdc contiki-z1.a(cc1200.o)
 .any.text.calibrate
                0x00005d58       0xd0 contiki-z1.a(cc1200.o)
 .any.text.idle_calibrate_rx
                0x00005e28       0xa2 contiki-z1.a(cc1200.o)
 .any.text.off  0x00005eca       0x3a contiki-z1.a(cc1200.o)
 .any.text.on   0x00005f04       0x74 contiki-z1.a(cc1200.o)
 .any.text.receiving_packet
                0x00005f78       0x28 contiki-z1.a(cc1200.o)
 .any.text.set_channel
                0x00005fa0      0x102 contiki-z1.a(cc1200.o)
 .any.text.set_value
                0x000060a2       0x80 contiki-z1.a(cc1200.o)
 .any.text.channel_clear
                0x00006122       0xae contiki-z1.a(cc1200.o)
 .any.text.read
                0x000061d0       0x62 contiki-z1.a(cc1200.o)
 .any.text.prepare
                0x00006232       0x2a contiki-z1.a(cc1200.o)
 .any.text.burst_read.constprop.9
                0x0000625c       0x22 contiki-z1.a(cc1200.o)
 .any.text.burst_write.constprop.11
                0x0000627e       0x24 contiki-z1.a(cc1200.o)
 .any.text.idle_tx_rx
                0x000062a2      0x22a contiki-z1.a(cc1200.o)
 .any.text.transmit
                0x000064cc       0xf4 contiki-z1.a(cc1200.o)
 .any.text.send
                0x000065c0       0x24 contiki-z1.a(cc1200.o)
 .any.text.cc1200_init
                0x000065e4      0x184 contiki-z1.a(cc1200.o)
                0x000065e4                cc1200_init
 .any.text.cc1200_rx_interrupt
                0x00006768      0x1d4 contiki-z1.a(cc1200.o)
                0x00006768                cc1200_rx_interrupt
 .any.text.process_thread_cc1200_process
                0x0000693c       0x84 contiki-z1.a(cc1200.o)
 .any.text.cc1200_arch_spi_select
                0x000069c0        0xe contiki-z1.a(cc1200-z1-arch.)
                0x000069c0                cc1200_arch_spi_select
 .any.text.cc1200_arch_spi_deselect
                0x000069ce        0x8 contiki-z1.a(cc1200-z1-arch.)
                0x000069ce                cc1200_arch_spi_deselect
 .any.text.cc1200_arch_spi_rw_byte
                0x000069d6       0x1e contiki-z1.a(cc1200-z1-arch.)
                0x000069d6                cc1200_arch_spi_rw_byte
 .any.text.cc1200_arch_spi_rw
                0x000069f4       0x96 contiki-z1.a(cc1200-z1-arch.)
                0x000069f4                cc1200_arch_spi_rw
 .any.text.cc1200_arch_init
                0x00006a8a       0x56 contiki-z1.a(cc1200-z1-arch.)
                0x00006a8a                cc1200_arch_init
 .any.text.cc1200_arch_gpio0_setup_irq
                0x00006ae0       0x28 contiki-z1.a(cc1200-z1-arch.)
                0x00006ae0                cc1200_arch_gpio0_setup_irq
 .any.text.cc1200_arch_gpio2_setup_irq
                0x00006b08       0x32 contiki-z1.a(cc1200-z1-arch.)
                0x00006b08                cc1200_arch_gpio2_setup_irq
 .any.text.cc1200_arch_gpio0_enable_irq
                0x00006b3a        0xa contiki-z1.a(cc1200-z1-arch.)
                0x00006b3a                cc1200_arch_gpio0_enable_irq
 .any.text.cc1200_arch_gpio0_disable_irq
                0x00006b44        0x6 contiki-z1.a(cc1200-z1-arch.)
                0x00006b44                cc1200_arch_gpio0_disable_irq
 .any.text.cc1200_arch_gpio2_enable_irq
                0x00006b4a        0xe contiki-z1.a(cc1200-z1-arch.)
                0x00006b4a                cc1200_arch_gpio2_enable_irq
 .any.text.cc1200_arch_gpio2_disable_irq
                0x00006b58        0x8 contiki-z1.a(cc1200-z1-arch.)
                0x00006b58                cc1200_arch_gpio2_disable_irq
 .any.text.cc1200_arch_gpio0_read_pin
                0x00006b60        0x8 contiki-z1.a(cc1200-z1-arch.)
                0x00006b60                cc1200_arch_gpio0_read_pin
 .any.text.cc1200_arch_gpio2_read_pin
                0x00006b68        0xa contiki-z1.a(cc1200-z1-arch.)
                0x00006b68                cc1200_arch_gpio2_read_pin
 .any.text.accm_write_reg
                0x00006b72       0x2e contiki-z1.a(adxl345.o)
 .any.text.accm_write_stream
                0x00006ba0       0x2a contiki-z1.a(adxl345.o)
 .any.text.accm_read_reg
                0x00006bca       0x54 contiki-z1.a(adxl345.o)
 .any.text.process_thread_accmeter_process
                0x00006c1e       0x56 contiki-z1.a(adxl345.o)
 .any.text.accm_init
                0x00006c74       0x78 contiki-z1.a(adxl345.o)
                0x00006c74                accm_init
 .any.text.dual_radio_switch.part.0
                0x00006cec       0x2a contiki-z1.a(dual_radio.o)
 .any.text.dual_radio_switch
                0x00006d16       0x36 contiki-z1.a(dual_radio.o)
                0x00006d16                dual_radio_switch
 .any.text.process_thread_dual_dis_broadcast
                0x00006d4c       0x66 contiki-z1.a(dual_radio.o)
 .any.text.process_thread_dual_dio_broadcast
                0x00006db2       0x6e contiki-z1.a(dual_radio.o)
 .any.text.sending_in_LR
                0x00006e20       0x18 contiki-z1.a(dual_radio.o)
                0x00006e20                sending_in_LR
 .any.text.dual_radio_received
                0x00006e38       0x26 contiki-z1.a(dual_radio.o)
                0x00006e38                dual_radio_received
 .any.text.radio_received_is_longrange
                0x00006e5e        0xe contiki-z1.a(dual_radio.o)
                0x00006e5e                radio_received_is_longrange
 .any.text.dio_broadcast
                0x00006e6c       0x12 contiki-z1.a(dual_radio.o)
                0x00006e6c                dio_broadcast
 .any.text.dis_broadcast
                0x00006e7e        0xe contiki-z1.a(dual_radio.o)
                0x00006e7e                dis_broadcast
 .any.text.clock_time
                0x00006e8c       0x1a contiki-z1.a(clock.o)
                0x00006e8c                clock_time
 .any.text.clock_init
                0x00006ea6       0x28 contiki-z1.a(clock.o)
                0x00006ea6                clock_init
 .any.text.clock_delay
                0x00006ece        0xc contiki-z1.a(clock.o)
                0x00006ece                clock_delay
 .any.text.clock_wait
                0x00006eda       0x24 contiki-z1.a(clock.o)
                0x00006eda                clock_wait
 .any.text.clock_seconds
                0x00006efe       0x1a contiki-z1.a(clock.o)
                0x00006efe                clock_seconds
 .any.text.leds_arch_init
                0x00006f18        0xe contiki-z1.a(leds-arch.o)
                0x00006f18                leds_arch_init
 .any.text.leds_arch_set
                0x00006f26       0x38 contiki-z1.a(leds-arch.o)
                0x00006f26                leds_arch_set
 .any.text.rtimer_arch_init
                0x00006f5e        0xe contiki-z1.a(rtimer-arch.o)
                0x00006f5e                rtimer_arch_init
 .any.text.rtimer_arch_now
                0x00006f6c        0xe contiki-z1.a(rtimer-arch.o)
                0x00006f6c                rtimer_arch_now
 .any.text.rtimer_arch_schedule
                0x00006f7a        0x6 contiki-z1.a(rtimer-arch.o)
                0x00006f7a                rtimer_arch_schedule
 .any.text.autostart_start
                0x00006f80       0x16 contiki-z1.a(autostart.o)
                0x00006f80                autostart_start
 .any.text.process_thread_ctimer_process
                0x00006f96       0xa0 contiki-z1.a(ctimer.o)
 .any.text.ctimer_init
                0x00007036       0x18 contiki-z1.a(ctimer.o)
                0x00007036                ctimer_init
 .any.text.ctimer_set_with_process
                0x0000704e       0x4a contiki-z1.a(ctimer.o)
                0x0000704e                ctimer_set_with_process
 .any.text.ctimer_set
                0x00007098       0x10 contiki-z1.a(ctimer.o)
                0x00007098                ctimer_set
 .any.text.ctimer_reset
                0x000070a8       0x2c contiki-z1.a(ctimer.o)
                0x000070a8                ctimer_reset
 .any.text.ctimer_restart
                0x000070d4       0x2c contiki-z1.a(ctimer.o)
                0x000070d4                ctimer_restart
 .any.text.ctimer_stop
                0x00007100       0x28 contiki-z1.a(ctimer.o)
                0x00007100                ctimer_stop
 .any.text.energest_init
                0x00007128       0x24 contiki-z1.a(energest.o)
                0x00007128                energest_init
 .any.text.energest_type_time
                0x0000714c       0x3c contiki-z1.a(energest.o)
                0x0000714c                energest_type_time
 .any.text.energest_type_set
                0x00007188        0xc contiki-z1.a(energest.o)
                0x00007188                energest_type_set
 .any.text.energest_flush
                0x00007194       0x38 contiki-z1.a(energest.o)
                0x00007194                energest_flush
 .any.text.update_time
                0x000071cc       0x70 contiki-z1.a(etimer.o)
 .any.text.etimer_request_poll
                0x0000723c        0xa contiki-z1.a(etimer.o)
                0x0000723c                etimer_request_poll
 .any.text.process_thread_etimer_process
                0x00007246       0xc4 contiki-z1.a(etimer.o)
 .any.text.add_timer
                0x0000730a       0x40 contiki-z1.a(etimer.o)
 .any.text.etimer_set
                0x0000734a       0x12 contiki-z1.a(etimer.o)
                0x0000734a                etimer_set
 .any.text.etimer_reset
                0x0000735c       0x12 contiki-z1.a(etimer.o)
                0x0000735c                etimer_reset
 .any.text.etimer_restart
                0x0000736e       0x12 contiki-z1.a(etimer.o)
                0x0000736e                etimer_restart
 .any.text.etimer_expired
                0x00007380        0xe contiki-z1.a(etimer.o)
                0x00007380                etimer_expired
 .any.text.etimer_expiration_time
                0x0000738e       0x14 contiki-z1.a(etimer.o)
                0x0000738e                etimer_expiration_time
 .any.text.etimer_pending
                0x000073a2        0xc contiki-z1.a(etimer.o)
                0x000073a2                etimer_pending
 .any.text.etimer_next_expiration_time
                0x000073ae       0x16 contiki-z1.a(etimer.o)
                0x000073ae                etimer_next_expiration_time
 .any.text.etimer_stop
                0x000073c4       0x3e contiki-z1.a(etimer.o)
                0x000073c4                etimer_stop
 .any.text.call_process
                0x00007402       0x40 contiki-z1.a(process.o)
 .any.text.exit_process
                0x00007442       0x88 contiki-z1.a(process.o)
 .any.text.do_poll
                0x000074ca       0x30 contiki-z1.a(process.o)
 .any.text.process_alloc_event
                0x000074fa        0xe contiki-z1.a(process.o)
                0x000074fa                process_alloc_event
 .any.text.process_init
                0x00007508       0x1c contiki-z1.a(process.o)
                0x00007508                process_init
 .any.text.process_run
                0x00007524       0xa4 contiki-z1.a(process.o)
                0x00007524                process_run
 .any.text.process_nevents
                0x000075c8        0xe contiki-z1.a(process.o)
                0x000075c8                process_nevents
 .any.text.process_post
                0x000075d6       0x50 contiki-z1.a(process.o)
                0x000075d6                process_post
 .any.text.process_post_synch
                0x00007626       0x12 contiki-z1.a(process.o)
                0x00007626                process_post_synch
 .any.text.process_start
                0x00007638       0x36 contiki-z1.a(process.o)
                0x00007638                process_start
 .any.text.process_poll
                0x0000766e       0x18 contiki-z1.a(process.o)
                0x0000766e                process_poll
 .any.text.rtimer_init
                0x00007686        0x6 contiki-z1.a(rtimer.o)
                0x00007686                rtimer_init
 .any.text.rtimer_run_next
                0x0000768c       0x26 contiki-z1.a(rtimer.o)
                0x0000768c                rtimer_run_next
 .any.text.stimer_set
                0x000076b2       0x1c contiki-z1.a(stimer.o)
                0x000076b2                stimer_set
 .any.text.stimer_expired
                0x000076ce       0x30 contiki-z1.a(stimer.o)
                0x000076ce                stimer_expired
 .any.text.stimer_remaining
                0x000076fe       0x24 contiki-z1.a(stimer.o)
                0x000076fe                stimer_remaining
 .any.text.timer_set
                0x00007722       0x1c contiki-z1.a(timer.o)
                0x00007722                timer_set
 .any.text.timer_reset
                0x0000773e        0xe contiki-z1.a(timer.o)
                0x0000773e                timer_reset
 .any.text.timer_restart
                0x0000774c       0x14 contiki-z1.a(timer.o)
                0x0000774c                timer_restart
 .any.text.timer_expired
                0x00007760       0x2a contiki-z1.a(timer.o)
                0x00007760                timer_expired
 .any.text.list_init
                0x0000778a        0x6 contiki-z1.a(list.o)
                0x0000778a                list_init
 .any.text.list_head
                0x00007790        0x4 contiki-z1.a(list.o)
                0x00007790                list_head
 .any.text.list_tail
                0x00007794       0x12 contiki-z1.a(list.o)
                0x00007794                list_tail
 .any.text.list_remove
                0x000077a6       0x34 contiki-z1.a(list.o)
                0x000077a6                list_remove
 .any.text.list_push
                0x000077da       0x16 contiki-z1.a(list.o)
                0x000077da                list_push
 .any.text.list_add
                0x000077f0       0x26 contiki-z1.a(list.o)
                0x000077f0                list_add
 .any.text.list_length
                0x00007816       0x10 contiki-z1.a(list.o)
                0x00007816                list_length
 .any.text.list_item_next
                0x00007826        0xc contiki-z1.a(list.o)
                0x00007826                list_item_next
 .any.text.random_init
                0x00007832        0x6 contiki-z1.a(random.o)
                0x00007832                random_init
 .any.text.random_rand
                0x00007838        0x6 contiki-z1.a(random.o)
                0x00007838                random_rand
 .any.text.clear_fragments
                0x0000783e       0x38 contiki-z1.a(sicslowpan.o)
 .any.text.set_packet_attrs
                0x00007876       0x46 contiki-z1.a(sicslowpan.o)
 .any.text.addr_context_lookup_by_number
                0x000078bc       0x30 contiki-z1.a(sicslowpan.o)
 .any.text.compress_addr_64
                0x000078ec       0x9a contiki-z1.a(sicslowpan.o)
 .any.text.store_fragment
                0x00007986       0x6e contiki-z1.a(sicslowpan.o)
 .any.text.uncompress_addr
                0x000079f4       0x96 contiki-z1.a(sicslowpan.o)
 .any.text.sicslowpan_init
                0x00007a8a       0x24 contiki-z1.a(sicslowpan.o)
                0x00007a8a                sicslowpan_init
 .any.text.addr_context_lookup_by_prefix
                0x00007aae       0x4a contiki-z1.a(sicslowpan.o)
 .any.text.packet_sent
                0x00007af8       0x22 contiki-z1.a(sicslowpan.o)
 .any.text.add_fragment
                0x00007b1a      0x160 contiki-z1.a(sicslowpan.o)
 .any.text.input
                0x00007c7a      0x606 contiki-z1.a(sicslowpan.o)
 .any.text.send_packet
                0x00008280       0x1a contiki-z1.a(sicslowpan.o)
 .any.text.output
                0x0000829a      0x67c contiki-z1.a(sicslowpan.o)
 .any.text.chksum
                0x00008916       0x32 contiki-z1.a(uip6.o)
 .any.text.upper_layer_chksum
                0x00008948       0x56 contiki-z1.a(uip6.o)
 .any.text.ext_hdr_options_process
                0x0000899e       0xc2 contiki-z1.a(uip6.o)
 .any.text.uip_add32
                0x00008a60       0x60 contiki-z1.a(uip6.o)
                0x00008a60                uip_add32
 .any.text.uip_add_rcv_nxt
                0x00008ac0       0x2e contiki-z1.a(uip6.o)
 .any.text.uip_icmp6chksum
                0x00008aee        0xa contiki-z1.a(uip6.o)
                0x00008aee                uip_icmp6chksum
 .any.text.uip_tcpchksum
                0x00008af8        0xa contiki-z1.a(uip6.o)
                0x00008af8                uip_tcpchksum
 .any.text.uip_udpchksum
                0x00008b02        0xa contiki-z1.a(uip6.o)
                0x00008b02                uip_udpchksum
 .any.text.uip_init
                0x00008b0c       0x62 contiki-z1.a(uip6.o)
                0x00008b0c                uip_init
 .any.text.remove_ext_hdr
                0x00008b6e       0x50 contiki-z1.a(uip6.o)
                0x00008b6e                remove_ext_hdr
 .any.text.uip_udp_new
                0x00008bbe       0xb8 contiki-z1.a(uip6.o)
                0x00008bbe                uip_udp_new
 .any.text.uip_unlisten
                0x00008c76       0x2a contiki-z1.a(uip6.o)
                0x00008c76                uip_unlisten
 .any.text.uip_process
                0x00008ca0      0xe82 contiki-z1.a(uip6.o)
                0x00008ca0                uip_process
 .any.text.uip_htonl
                0x00009b22       0x2a contiki-z1.a(uip6.o)
                0x00009b22                uip_htonl
 .any.text.uip_ds6_list_loop
                0x00009b4c       0x66 contiki-z1.a(uip-ds6.o)
                0x00009b4c                uip_ds6_list_loop
 .any.text.uip_ds6_prefix_add
                0x00009bb2       0x70 contiki-z1.a(uip-ds6.o)
                0x00009bb2                uip_ds6_prefix_add
 .any.text.uip_ds6_is_addr_onlink
                0x00009c22       0x42 contiki-z1.a(uip-ds6.o)
                0x00009c22                uip_ds6_is_addr_onlink
 .any.text.uip_ds6_addr_lookup
                0x00009c64       0x2a contiki-z1.a(uip-ds6.o)
                0x00009c64                uip_ds6_addr_lookup
 .any.text.uip_ds6_long_addr_lookup
                0x00009c8e       0x2a contiki-z1.a(uip-ds6.o)
                0x00009c8e                uip_ds6_long_addr_lookup
 .any.text.uip_ds6_get_link_local
                0x00009cb8       0x3e contiki-z1.a(uip-ds6.o)
                0x00009cb8                uip_ds6_get_link_local
 .any.text.uip_ds6_long_get_link_local
                0x00009cf6       0x3e contiki-z1.a(uip-ds6.o)
                0x00009cf6                uip_ds6_long_get_link_local
 .any.text.uip_ds6_maddr_add
                0x00009d34       0x48 contiki-z1.a(uip-ds6.o)
                0x00009d34                uip_ds6_maddr_add
 .any.text.uip_ds6_long_addr_add
                0x00009d7c       0xb4 contiki-z1.a(uip-ds6.o)
                0x00009d7c                uip_ds6_long_addr_add
 .any.text.uip_ds6_addr_add
                0x00009e30       0xb4 contiki-z1.a(uip-ds6.o)
                0x00009e30                uip_ds6_addr_add
 .any.text.uip_ds6_long_maddr_add
                0x00009ee4       0x48 contiki-z1.a(uip-ds6.o)
                0x00009ee4                uip_ds6_long_maddr_add
 .any.text.uip_ds6_maddr_rm
                0x00009f2c        0xa contiki-z1.a(uip-ds6.o)
                0x00009f2c                uip_ds6_maddr_rm
 .any.text.uip_ds6_maddr_lookup
                0x00009f36       0x2a contiki-z1.a(uip-ds6.o)
                0x00009f36                uip_ds6_maddr_lookup
 .any.text.uip_ds6_addr_rm
                0x00009f60       0x54 contiki-z1.a(uip-ds6.o)
                0x00009f60                uip_ds6_addr_rm
 .any.text.uip_ds6_periodic
                0x00009fb4       0x7e contiki-z1.a(uip-ds6.o)
                0x00009fb4                uip_ds6_periodic
 .any.text.uip_ds6_long_maddr_lookup
                0x0000a032       0x2a contiki-z1.a(uip-ds6.o)
                0x0000a032                uip_ds6_long_maddr_lookup
 .any.text.uip_ds6_set_addr_iid
                0x0000a05c       0x14 contiki-z1.a(uip-ds6.o)
                0x0000a05c                uip_ds6_set_addr_iid
 .any.text.get_match_length
                0x0000a070       0x3c contiki-z1.a(uip-ds6.o)
                0x0000a070                get_match_length
 .any.text.uip_ds6_select_src
                0x0000a0ac       0xfe contiki-z1.a(uip-ds6.o)
                0x0000a0ac                uip_ds6_select_src
 .any.text.uip_ds6_compute_reachable_time
                0x0000a1aa       0x36 contiki-z1.a(uip-ds6.o)
                0x0000a1aa                uip_ds6_compute_reachable_time
 .any.text.uip_ds6_init
                0x0000a1e0      0x23a contiki-z1.a(uip-ds6.o)
                0x0000a1e0                uip_ds6_init
 .any.text.uip_ds6_neighbors_init
                0x0000a41a        0xe contiki-z1.a(uip-ds6-nbr.o)
                0x0000a41a                uip_ds6_neighbors_init
 .any.text.uip_ds6_nbr_add
                0x0000a428       0xf6 contiki-z1.a(uip-ds6-nbr.o)
                0x0000a428                uip_ds6_nbr_add
 .any.text.uip_ds6_nbr_get_ll
                0x0000a51e        0xc contiki-z1.a(uip-ds6-nbr.o)
                0x0000a51e                uip_ds6_nbr_get_ll
 .any.text.uip_ds6_nbr_rm
                0x0000a52a       0x2e contiki-z1.a(uip-ds6-nbr.o)
                0x0000a52a                uip_ds6_nbr_rm
 .any.text.uip_ds6_nbr_lookup
                0x0000a558       0x3e contiki-z1.a(uip-ds6-nbr.o)
                0x0000a558                uip_ds6_nbr_lookup
 .any.text.uip_ds6_nbr_ll_lookup
                0x0000a596        0xc contiki-z1.a(uip-ds6-nbr.o)
                0x0000a596                uip_ds6_nbr_ll_lookup
 .any.text.uip_ds6_nbr_ipaddr_from_lladdr
                0x0000a5a2        0x6 contiki-z1.a(uip-ds6-nbr.o)
                0x0000a5a2                uip_ds6_nbr_ipaddr_from_lladdr
 .any.text.uip_ds6_nbr_lladdr_from_ipaddr
                0x0000a5a8       0x12 contiki-z1.a(uip-ds6-nbr.o)
                0x0000a5a8                uip_ds6_nbr_lladdr_from_ipaddr
 .any.text.uip_ds6_link_neighbor_callback
                0x0000a5ba       0x26 contiki-z1.a(uip-ds6-nbr.o)
                0x0000a5ba                uip_ds6_link_neighbor_callback
 .any.text.call_route_callback
                0x0000a5e0       0x40 contiki-z1.a(uip-ds6-route.o)
 .any.text.uip_ds6_route_init
                0x0000a620       0x36 contiki-z1.a(uip-ds6-route.o)
                0x0000a620                uip_ds6_route_init
 .any.text.uip_ds6_route_nexthop
                0x0000a656       0x1a contiki-z1.a(uip-ds6-route.o)
                0x0000a656                uip_ds6_route_nexthop
 .any.text.uip_ds6_route_head
                0x0000a670        0xa contiki-z1.a(uip-ds6-route.o)
                0x0000a670                uip_ds6_route_head
 .any.text.uip_ds6_route_next
                0x0000a67a        0xe contiki-z1.a(uip-ds6-route.o)
                0x0000a67a                uip_ds6_route_next
 .any.text.uip_ds6_route_is_nexthop
                0x0000a688       0x22 contiki-z1.a(uip-ds6-route.o)
                0x0000a688                uip_ds6_route_is_nexthop
 .any.text.uip_ds6_route_num_routes
                0x0000a6aa        0x6 contiki-z1.a(uip-ds6-route.o)
                0x0000a6aa                uip_ds6_route_num_routes
 .any.text.uip_ds6_route_lookup
                0x0000a6b0       0x6e contiki-z1.a(uip-ds6-route.o)
                0x0000a6b0                uip_ds6_route_lookup
 .any.text.uip_ds6_route_rm
                0x0000a71e       0xa2 contiki-z1.a(uip-ds6-route.o)
                0x0000a71e                uip_ds6_route_rm
 .any.text.rm_routelist
                0x0000a7c0       0x34 contiki-z1.a(uip-ds6-route.o)
 .any.text.rm_routelist_callback
                0x0000a7f4        0x6 contiki-z1.a(uip-ds6-route.o)
 .any.text.uip_ds6_route_add
                0x0000a7fa       0xfc contiki-z1.a(uip-ds6-route.o)
                0x0000a7fa                uip_ds6_route_add
 .any.text.uip_ds6_defrt_rm
                0x0000a8f6       0x44 contiki-z1.a(uip-ds6-route.o)
                0x0000a8f6                uip_ds6_defrt_rm
 .any.text.uip_ds6_defrt_lookup
                0x0000a93a       0x32 contiki-z1.a(uip-ds6-route.o)
                0x0000a93a                uip_ds6_defrt_lookup
 .any.text.uip_ds6_defrt_add
                0x0000a96c       0x68 contiki-z1.a(uip-ds6-route.o)
                0x0000a96c                uip_ds6_defrt_add
 .any.text.uip_ds6_defrt_choose
                0x0000a9d4       0x36 contiki-z1.a(uip-ds6-route.o)
                0x0000a9d4                uip_ds6_defrt_choose
 .any.text.uip_ds6_defrt_periodic
                0x0000aa0a       0x38 contiki-z1.a(uip-ds6-route.o)
                0x0000aa0a                uip_ds6_defrt_periodic
 .any.text.echo_reply_input
                0x0000aa42      0x10c contiki-z1.a(uip-icmp6.o)
 .any.text.echo_request_input
                0x0000ab4e      0x128 contiki-z1.a(uip-icmp6.o)
 .any.text.uip_icmp6_input
                0x0000ac76       0x44 contiki-z1.a(uip-icmp6.o)
                0x0000ac76                uip_icmp6_input
 .any.text.uip_icmp6_register_input_handler
                0x0000acba        0xc contiki-z1.a(uip-icmp6.o)
                0x0000acba                uip_icmp6_register_input_handler
 .any.text.uip_icmp6_error_output
                0x0000acc6      0x172 contiki-z1.a(uip-icmp6.o)
                0x0000acc6                uip_icmp6_error_output
 .any.text.uip_icmp6_send
                0x0000ae38       0x84 contiki-z1.a(uip-icmp6.o)
                0x0000ae38                uip_icmp6_send
 .any.text.uip_icmp6_init
                0x0000aebc       0x12 contiki-z1.a(uip-icmp6.o)
                0x0000aebc                uip_icmp6_init
 .any.text.uip_nd6_init
                0x0000aece        0x2 contiki-z1.a(uip-nd6.o)
                0x0000aece                uip_nd6_init
 .any.text.start_periodic_tcp_timer
                0x0000aed0       0x16 contiki-z1.a(tcpip.o)
 .any.text.tcpip_output
                0x0000aee6       0x10 contiki-z1.a(tcpip.o)
                0x0000aee6                tcpip_output
 .any.text.tcpip_set_outputfunc
                0x0000aef6        0x6 contiki-z1.a(tcpip.o)
                0x0000aef6                tcpip_set_outputfunc
 .any.text.udp_new
                0x0000aefc       0x1a contiki-z1.a(tcpip.o)
                0x0000aefc                udp_new
 .any.text.tcpip_input
                0x0000af16       0x16 contiki-z1.a(tcpip.o)
                0x0000af16                tcpip_input
 .any.text.tcpip_ipv6_output
                0x0000af2c      0x12e contiki-z1.a(tcpip.o)
                0x0000af2c                tcpip_ipv6_output
 .any.text.process_thread_tcpip_process
                0x0000b05a      0x1a8 contiki-z1.a(tcpip.o)
 .any.text.tcpip_uipcall
                0x0000b202       0x62 contiki-z1.a(tcpip.o)
                0x0000b202                tcpip_uipcall
 .any.text.uip_debug_ipaddr_print
                0x0000b264       0xbc contiki-z1.a(uip-debug.o)
                0x0000b264                uip_debug_ipaddr_print
 .any.text.uip_debug_lladdr_print
                0x0000b320       0x3c contiki-z1.a(uip-debug.o)
                0x0000b320                uip_debug_lladdr_print
 .any.text.uip_udp_packet_send
                0x0000b35c       0x2e contiki-z1.a(uip-udp-packet.)
                0x0000b35c                uip_udp_packet_send
 .any.text.uip_udp_packet_sendto
                0x0000b38a       0x56 contiki-z1.a(uip-udp-packet.)
                0x0000b38a                uip_udp_packet_sendto
 .any.text.rpl_get_mode
                0x0000b3e0        0x6 contiki-z1.a(rpl.o)
                0x0000b3e0                rpl_get_mode
 .any.text.rpl_purge_routes
                0x0000b3e6       0xb8 contiki-z1.a(rpl.o)
                0x0000b3e6                rpl_purge_routes
 .any.text.rpl_remove_routes
                0x0000b49e       0x22 contiki-z1.a(rpl.o)
                0x0000b49e                rpl_remove_routes
 .any.text.rpl_remove_routes_by_nexthop
                0x0000b4c0       0x3e contiki-z1.a(rpl.o)
                0x0000b4c0                rpl_remove_routes_by_nexthop
 .any.text.rpl_add_route
                0x0000b4fe       0x84 contiki-z1.a(rpl.o)
                0x0000b4fe                rpl_add_route
 .any.text.rpl_link_neighbor_callback
                0x0000b582       0x7e contiki-z1.a(rpl.o)
                0x0000b582                rpl_link_neighbor_callback
 .any.text.rpl_ipv6_neighbor_callback
                0x0000b600       0x4e contiki-z1.a(rpl.o)
                0x0000b600                rpl_ipv6_neighbor_callback
 .any.text.rpl_purge_dags
                0x0000b64e       0x7a contiki-z1.a(rpl.o)
                0x0000b64e                rpl_purge_dags
 .any.text.rpl_init
                0x0000b6c8       0x52 contiki-z1.a(rpl.o)
                0x0000b6c8                rpl_init
 .any.text.lollipop_greater_than
                0x0000b71a       0x3c contiki-z1.a(rpl-dag.o)
 .any.text.find_parent_any_dag_any_instance
                0x0000b756       0x14 contiki-z1.a(rpl-dag.o)
 .any.text.rpl_set_preferred_parent
                0x0000b76a       0x2c contiki-z1.a(rpl-dag.o)
 .any.text.set_ip_from_prefix
                0x0000b796       0x30 contiki-z1.a(rpl-dag.o)
 .any.text.check_prefix
                0x0000b7c6       0x70 contiki-z1.a(rpl-dag.o)
 .any.text.rpl_get_nbr
                0x0000b836       0x1e contiki-z1.a(rpl-dag.o)
                0x0000b836                rpl_get_nbr
 .any.text.rpl_dag_init
                0x0000b854        0xe contiki-z1.a(rpl-dag.o)
                0x0000b854                rpl_dag_init
 .any.text.rpl_get_parent
                0x0000b862        0xc contiki-z1.a(rpl-dag.o)
                0x0000b862                rpl_get_parent
 .any.text.rpl_get_parent_ipaddr
                0x0000b86e       0x10 contiki-z1.a(rpl-dag.o)
                0x0000b86e                rpl_get_parent_ipaddr
 .any.text.rpl_set_prefix
                0x0000b87e       0x74 contiki-z1.a(rpl-dag.o)
                0x0000b87e                rpl_set_prefix
 .any.text.rpl_set_default_route
                0x0000b8f2       0x46 contiki-z1.a(rpl-dag.o)
                0x0000b8f2                rpl_set_default_route
 .any.text.rpl_alloc_instance
                0x0000b938       0x34 contiki-z1.a(rpl-dag.o)
                0x0000b938                rpl_alloc_instance
 .any.text.rpl_add_parent
                0x0000b96c       0x52 contiki-z1.a(rpl-dag.o)
                0x0000b96c                rpl_add_parent
 .any.text.rpl_find_parent
                0x0000b9be       0x1a contiki-z1.a(rpl-dag.o)
                0x0000b9be                rpl_find_parent
 .any.text.rpl_find_parent_any_dag
                0x0000b9d8       0x22 contiki-z1.a(rpl-dag.o)
                0x0000b9d8                rpl_find_parent_any_dag
 .any.text.rpl_select_parent
                0x0000b9fa       0x74 contiki-z1.a(rpl-dag.o)
                0x0000b9fa                rpl_select_parent
 .any.text.rpl_select_dag
                0x0000ba6e      0x190 contiki-z1.a(rpl-dag.o)
                0x0000ba6e                rpl_select_dag
 .any.text.rpl_nullify_parent
                0x0000bbfe       0x4e contiki-z1.a(rpl-dag.o)
                0x0000bbfe                rpl_nullify_parent
 .any.text.rpl_remove_parent
                0x0000bc4c       0x16 contiki-z1.a(rpl-dag.o)
                0x0000bc4c                rpl_remove_parent
 .any.text.nbr_callback
                0x0000bc62        0x6 contiki-z1.a(rpl-dag.o)
 .any.text.remove_parents.constprop.5
                0x0000bc68       0x2c contiki-z1.a(rpl-dag.o)
 .any.text.rpl_free_dag
                0x0000bc94       0x34 contiki-z1.a(rpl-dag.o)
                0x0000bc94                rpl_free_dag
 .any.text.rpl_move_parent
                0x0000bcc8       0x52 contiki-z1.a(rpl-dag.o)
                0x0000bcc8                rpl_move_parent
 .any.text.rpl_get_any_dag
                0x0000bd1a       0x16 contiki-z1.a(rpl-dag.o)
                0x0000bd1a                rpl_get_any_dag
 .any.text.rpl_get_instance
                0x0000bd30       0x16 contiki-z1.a(rpl-dag.o)
                0x0000bd30                rpl_get_instance
 .any.text.rpl_alloc_dag
                0x0000bd46       0x60 contiki-z1.a(rpl-dag.o)
                0x0000bd46                rpl_alloc_dag
 .any.text.rpl_repair_root
                0x0000bda6       0x4c contiki-z1.a(rpl-dag.o)
                0x0000bda6                rpl_repair_root
 .any.text.rpl_find_of
                0x0000bdf2       0x10 contiki-z1.a(rpl-dag.o)
                0x0000bdf2                rpl_find_of
 .any.text.rpl_join_instance
                0x0000be02      0x122 contiki-z1.a(rpl-dag.o)
                0x0000be02                rpl_join_instance
 .any.text.rpl_local_repair
                0x0000bf24       0x7c contiki-z1.a(rpl-dag.o)
                0x0000bf24                rpl_local_repair
 .any.text.rpl_process_parent_event
                0x0000bfa0       0x6a contiki-z1.a(rpl-dag.o)
                0x0000bfa0                rpl_process_parent_event
 .any.text.rpl_recalculate_ranks
                0x0000c00a       0x44 contiki-z1.a(rpl-dag.o)
                0x0000c00a                rpl_recalculate_ranks
 .any.text.rpl_add_dag
                0x0000c04e      0x10a contiki-z1.a(rpl-dag.o)
                0x0000c04e                rpl_add_dag
 .any.text.rpl_process_dio
                0x0000c158      0x33a contiki-z1.a(rpl-dag.o)
                0x0000c158                rpl_process_dio
 .any.text.rpl_verify_header
                0x0000c492       0xfa contiki-z1.a(rpl-ext-header.)
                0x0000c492                rpl_verify_header
 .any.text.rpl_update_header_empty
                0x0000c58c      0x12a contiki-z1.a(rpl-ext-header.)
                0x0000c58c                rpl_update_header_empty
 .any.text.rpl_update_header_final
                0x0000c6b6       0x8e contiki-z1.a(rpl-ext-header.)
                0x0000c6b6                rpl_update_header_final
 .any.text.rpl_remove_header
                0x0000c744       0x4c contiki-z1.a(rpl-ext-header.)
                0x0000c744                rpl_remove_header
 .any.text.rpl_invert_header
                0x0000c790       0x74 contiki-z1.a(rpl-ext-header.)
                0x0000c790                rpl_invert_header
 .any.text.rpl_insert_header
                0x0000c804       0x12 contiki-z1.a(rpl-ext-header.)
                0x0000c804                rpl_insert_header
 .any.text.get32
                0x0000c816       0x3e contiki-z1.a(rpl-icmp6.o)
 .any.text.set32
                0x0000c854       0x2a contiki-z1.a(rpl-icmp6.o)
 .any.text.get16
                0x0000c87e        0xe contiki-z1.a(rpl-icmp6.o)
 .any.text.set16
                0x0000c88c       0x10 contiki-z1.a(rpl-icmp6.o)
 .any.text.dao_ack_input
                0x0000c89c        0xa contiki-z1.a(rpl-icmp6.o)
 .any.text.dio_input
                0x0000c8a6      0x3d6 contiki-z1.a(rpl-icmp6.o)
 .any.text.rpl_icmp6_update_nbr_table
                0x0000cc7c       0x5c contiki-z1.a(rpl-icmp6.o)
                0x0000cc7c                rpl_icmp6_update_nbr_table
 .any.text.dao_input
                0x0000ccd8      0x52c contiki-z1.a(rpl-icmp6.o)
 .any.text.dis_output
                0x0000d204       0x70 contiki-z1.a(rpl-icmp6.o)
                0x0000d204                dis_output
 .any.text.dio_output
                0x0000d274      0x2ea contiki-z1.a(rpl-icmp6.o)
                0x0000d274                dio_output
 .any.text.dis_input
                0x0000d55e       0x96 contiki-z1.a(rpl-icmp6.o)
 .any.text.dao_output_target
                0x0000d5f4      0x188 contiki-z1.a(rpl-icmp6.o)
                0x0000d5f4                dao_output_target
 .any.text.dao_output
                0x0000d77c       0xa8 contiki-z1.a(rpl-icmp6.o)
                0x0000d77c                dao_output
 .any.text.rpl_icmp6_register_handlers
                0x0000d824       0x22 contiki-z1.a(rpl-icmp6.o)
                0x0000d824                rpl_icmp6_register_handlers
 .any.text.reset
                0x0000d846        0x2 contiki-z1.a(rpl-jkof.o)
 .any.text.update_metric_container
                0x0000d848        0x6 contiki-z1.a(rpl-jkof.o)
 .any.text.calculate_rank
                0x0000d84e       0x80 contiki-z1.a(rpl-jkof.o)
 .any.text.neighbor_link_callback
                0x0000d8ce       0xa8 contiki-z1.a(rpl-jkof.o)
 .any.text.best_dag
                0x0000d976       0x2e contiki-z1.a(rpl-jkof.o)
 .any.text.calculate_path_metric.part.1
                0x0000d9a4       0x60 contiki-z1.a(rpl-jkof.o)
 .any.text.best_parent
                0x0000da04       0x4e contiki-z1.a(rpl-jkof.o)
 .any.text.new_dio_interval
                0x0000da52       0x8a contiki-z1.a(rpl-timers.o)
 .any.text.handle_unicast_dio_timer
                0x0000dadc       0x1c contiki-z1.a(rpl-timers.o)
 .any.text.set_dao_lifetime_timer
                0x0000daf8       0x84 contiki-z1.a(rpl-timers.o)
 .any.text.handle_periodic_timer
                0x0000db7c       0x32 contiki-z1.a(rpl-timers.o)
 .any.text.schedule_dao
                0x0000dbae       0x72 contiki-z1.a(rpl-timers.o)
 .any.text.handle_dao_timer
                0x0000dc20       0x64 contiki-z1.a(rpl-timers.o)
 .any.text.handle_dio_timer
                0x0000dc84       0x86 contiki-z1.a(rpl-timers.o)
 .any.text.rpl_reset_periodic_timer
                0x0000dd0a       0x54 contiki-z1.a(rpl-timers.o)
                0x0000dd0a                rpl_reset_periodic_timer
 .any.text.rpl_reset_dio_timer
                0x0000dd5e       0x18 contiki-z1.a(rpl-timers.o)
                0x0000dd5e                rpl_reset_dio_timer
 .any.text.rpl_schedule_dao
                0x0000dd76        0xc contiki-z1.a(rpl-timers.o)
                0x0000dd76                rpl_schedule_dao
 .any.text.rpl_schedule_unicast_dio_immediately
                0x0000dd82       0x16 contiki-z1.a(rpl-timers.o)
                0x0000dd82                rpl_schedule_unicast_dio_immediately
 .any.text.rpl_schedule_probing
                0x0000dd98       0x34 contiki-z1.a(rpl-timers.o)
                0x0000dd98                rpl_schedule_probing
 .any.text.handle_probing_timer
                0x0000ddcc      0x108 contiki-z1.a(rpl-timers.o)
 .any.text.frame802154_get_pan_id
                0x0000ded4        0x6 contiki-z1.a(frame802154.o)
                0x0000ded4                frame802154_get_pan_id
 .any.text.frame802154_has_panid
                0x0000deda       0x64 contiki-z1.a(frame802154.o)
                0x0000deda                frame802154_has_panid
 .any.text.field_len
                0x0000df3e       0xa8 contiki-z1.a(frame802154.o)
 .any.text.frame802154_is_broadcast_addr
                0x0000dfe6       0x28 contiki-z1.a(frame802154.o)
                0x0000dfe6                frame802154_is_broadcast_addr
 .any.text.frame802154_hdrlen
                0x0000e00e       0x32 contiki-z1.a(frame802154.o)
                0x0000e00e                frame802154_hdrlen
 .any.text.frame802154_create
                0x0000e040      0x136 contiki-z1.a(frame802154.o)
                0x0000e040                frame802154_create
 .any.text.frame802154_parse
                0x0000e176      0x1be contiki-z1.a(frame802154.o)
                0x0000e176                frame802154_parse
 .any.text.send_packet
                0x0000e334        0x6 contiki-z1.a(nullmac.o)
 .any.text.packet_input
                0x0000e33a        0x6 contiki-z1.a(nullmac.o)
 .any.text.on   0x0000e340        0x6 contiki-z1.a(nullmac.o)
 .any.text.off  0x0000e346        0x6 contiki-z1.a(nullmac.o)
 .any.text.channel_check_interval
                0x0000e34c        0x4 contiki-z1.a(nullmac.o)
 .any.text.init
                0x0000e350        0x2 contiki-z1.a(nullmac.o)
 .any.text.on   0x0000e352        0x6 contiki-z1.a(nullrdc.o)
 .any.text.channel_check_interval
                0x0000e358        0x4 contiki-z1.a(nullrdc.o)
 .any.text.init
                0x0000e35c        0x6 contiki-z1.a(nullrdc.o)
 .any.text.packet_input
                0x0000e362       0x92 contiki-z1.a(nullrdc.o)
 .any.text.off  0x0000e3f4       0x10 contiki-z1.a(nullrdc.o)
 .any.text.send_list
                0x0000e404       0x28 contiki-z1.a(nullrdc.o)
 .any.text.send_packet
                0x0000e42c        0x6 contiki-z1.a(nullrdc.o)
 .any.text.hdr_length
                0x0000e432        0x8 contiki-z1.a(contikimac-fram)
 .any.text.parse
                0x0000e43a       0x36 contiki-z1.a(contikimac-fram)
 .any.text.linkaddr_copy
                0x0000e470        0x8 contiki-z1.a(linkaddr.o)
                0x0000e470                linkaddr_copy
 .any.text.linkaddr_cmp
                0x0000e478       0x12 contiki-z1.a(linkaddr.o)
                0x0000e478                linkaddr_cmp
 .any.text.linkaddr_set_node_addr
                0x0000e48a        0xc contiki-z1.a(linkaddr.o)
                0x0000e48a                linkaddr_set_node_addr
 .any.text.linkaddr_set_node_long_addr
                0x0000e496        0xc contiki-z1.a(linkaddr.o)
                0x0000e496                linkaddr_set_node_long_addr
 .any.text.item_from_index
                0x0000e4a2       0x2a contiki-z1.a(nbr-table.o)
 .any.text.init
                0x0000e4cc        0x2 contiki-z1.a(nullsec.o)

.rodata         0x0000e4d0     0x19ab
                0x0000e4d0                . = ALIGN (0x2)
 *(.rodata .rodata.* .gnu.linkonce.r.*)
 .rodata.process_thread_udp_client_process
                0x0000e4d0      0x125 udp-client.co
 .rodata.send_packet
                0x0000e5f5       0x35 udp-client.co
 .rodata.autostart_processes
                0x0000e62a        0x4 udp-client.co
                0x0000e62a                autostart_processes
 .rodata        0x0000e62e       0x13 udp-client.co
 .rodata        0x0000e641      0x225 obj_z1/contiki-z1-main.o
 .rodata.cc2420_prepare
                0x0000e866       0x1a contiki-z1.a(cc2420.o)
 .rodata.process_thread_cc2420_process
                0x0000e880       0x42 contiki-z1.a(cc2420.o)
 .rodata.cc2420_transmit
                0x0000e8c2       0x2d contiki-z1.a(cc2420.o)
 *fill*         0x0000e8ef        0x1 00
 .rodata.get_value
                0x0000e8f0       0x44 contiki-z1.a(cc2420.o)
 .rodata.set_value
                0x0000e934       0x20 contiki-z1.a(cc2420.o)
 .rodata.cc2420_driver
                0x0000e954       0x38 contiki-z1.a(cc2420.o)
                0x0000e954                cc2420_driver
 .rodata        0x0000e98c        0xe contiki-z1.a(cc2420.o)
 .rodata.output_power
                0x0000e99a       0x10 contiki-z1.a(cc2420.o)
 .rodata        0x0000e9aa        0x8 contiki-z1.a(sensors.o)
 .rodata        0x0000e9b2        0x7 contiki-z1.a(button-sensor.o)
 *fill*         0x0000e9b9        0x1 00
 .rodata.button_sensor
                0x0000e9ba        0xe contiki-z1.a(button-sensor.o)
                0x0000e9ba                button_sensor
 .rodata.get_value
                0x0000e9c8       0x44 contiki-z1.a(cc1200.o)
 .rodata.idle   0x0000ea0c       0x33 contiki-z1.a(cc1200.o)
 .rodata.rx_rx  0x0000ea3f       0x24 contiki-z1.a(cc1200.o)
 .rodata.calibrate
                0x0000ea63       0x30 contiki-z1.a(cc1200.o)
 .rodata.idle_calibrate_rx
                0x0000ea93       0x60 contiki-z1.a(cc1200.o)
 *fill*         0x0000eaf3        0x1 00
 .rodata.set_value
                0x0000eaf4       0x20 contiki-z1.a(cc1200.o)
 .rodata.read   0x0000eb14       0x25 contiki-z1.a(cc1200.o)
 .rodata.prepare
                0x0000eb39       0x1c contiki-z1.a(cc1200.o)
 .rodata.idle_tx_rx
                0x0000eb55       0x43 contiki-z1.a(cc1200.o)
 .rodata.transmit
                0x0000eb98       0x2d contiki-z1.a(cc1200.o)
 .rodata.send   0x0000ebc5       0x3e contiki-z1.a(cc1200.o)
 .rodata.cc1200_init
                0x0000ec03       0x66 contiki-z1.a(cc1200.o)
 .rodata        0x0000ec69        0xe contiki-z1.a(cc1200.o)
 *fill*         0x0000ec77        0x1 00
 .rodata.cc1200_driver
                0x0000ec78       0x38 contiki-z1.a(cc1200.o)
                0x0000ec78                cc1200_driver
 .rodata.cc1200_802154g_863_870_fsk_50kbps
                0x0000ecb0       0x12 contiki-z1.a(cc1200-802154g-)
                0x0000ecb0                cc1200_802154g_863_870_fsk_50kbps
 .rodata.rf_cfg_descriptor
                0x0000ecc2       0x24 contiki-z1.a(cc1200-802154g-)
 .rodata.preferredSettings
                0x0000ece6       0xd0 contiki-z1.a(cc1200-802154g-)
 .rodata.cc1200_arch_gpio0_setup_irq
                0x0000edb6       0x39 contiki-z1.a(cc1200-z1-arch.)
 .rodata.cc1200_arch_gpio2_setup_irq
                0x0000edef       0x39 contiki-z1.a(cc1200-z1-arch.)
 .rodata.port1_isr
                0x0000ee28       0x7a contiki-z1.a(adxl345.o)
 .rodata        0x0000eea2       0x25 contiki-z1.a(adxl345.o)
 .rodata.process_thread_dual_dis_broadcast
                0x0000eec7       0x70 contiki-z1.a(dual_radio.o)
 .rodata.process_thread_dual_dio_broadcast
                0x0000ef37       0x70 contiki-z1.a(dual_radio.o)
 .rodata.dual_radio_received
                0x0000efa7       0x63 contiki-z1.a(dual_radio.o)
 .rodata        0x0000f00a       0x1b contiki-z1.a(dual_radio.o)
 .rodata        0x0000f025        0xf contiki-z1.a(ctimer.o)
 .rodata        0x0000f034        0xc contiki-z1.a(etimer.o)
 .rodata        0x0000f040        0xb contiki-z1.a(sicslowpan.o)
 *fill*         0x0000f04b        0x1 00
 .rodata.sicslowpan_driver
                0x0000f04c        0xa contiki-z1.a(sicslowpan.o)
                0x0000f04c                sicslowpan_driver
 .rodata.llprefix
                0x0000f056        0x2 contiki-z1.a(sicslowpan.o)
                0x0000f056                llprefix
 .rodata.unc_mxconf
                0x0000f058        0x4 contiki-z1.a(sicslowpan.o)
                0x0000f058                unc_mxconf
 .rodata.unc_ctxconf
                0x0000f05c        0x4 contiki-z1.a(sicslowpan.o)
                0x0000f05c                unc_ctxconf
 .rodata.unc_llconf
                0x0000f060        0x4 contiki-z1.a(sicslowpan.o)
                0x0000f060                unc_llconf
 .rodata.ttl_values
                0x0000f064        0x4 contiki-z1.a(sicslowpan.o)
 .rodata.uip_process
                0x0000f068       0x40 contiki-z1.a(uip6.o)
 .rodata.uip_ds6_nbr_add
                0x0000f0a8       0xae contiki-z1.a(uip-ds6-nbr.o)
 .rodata        0x0000f156        0xd contiki-z1.a(tcpip.o)
 .rodata.uip_debug_ipaddr_print
                0x0000f163       0x28 contiki-z1.a(uip-debug.o)
 .rodata.uip_debug_lladdr_print
                0x0000f18b       0x14 contiki-z1.a(uip-debug.o)
 .rodata.rpl_purge_routes
                0x0000f19f       0x2c contiki-z1.a(rpl.o)
 .rodata.rpl_add_route
                0x0000f1cb       0x45 contiki-z1.a(rpl.o)
 .rodata.rpl_link_neighbor_callback
                0x0000f210       0x32 contiki-z1.a(rpl.o)
 .rodata.rpl_ipv6_neighbor_callback
                0x0000f242       0x5b contiki-z1.a(rpl.o)
 .rodata.rpl_purge_dags
                0x0000f29d        0xe contiki-z1.a(rpl.o)
 .rodata.rpl_init
                0x0000f2ab        0xc contiki-z1.a(rpl.o)
 .rodata.dio_input
                0x0000f2b7      0x2a1 contiki-z1.a(rpl-icmp6.o)
 .rodata.rpl_icmp6_update_nbr_table
                0x0000f558       0x2a contiki-z1.a(rpl-icmp6.o)
 .rodata.dao_input
                0x0000f582      0x2d3 contiki-z1.a(rpl-icmp6.o)
 .rodata.dis_output
                0x0000f855       0x17 contiki-z1.a(rpl-icmp6.o)
 .rodata.dio_output
                0x0000f86c       0xdc contiki-z1.a(rpl-icmp6.o)
 .rodata.dis_input
                0x0000f948       0x99 contiki-z1.a(rpl-icmp6.o)
 .rodata.dao_output_target
                0x0000f9e1      0x168 contiki-z1.a(rpl-icmp6.o)
 .rodata.dao_output
                0x0000fb49       0x3b contiki-z1.a(rpl-icmp6.o)
 .rodata.CSWTCH.16
                0x0000fb84        0x2 contiki-z1.a(frame802154.o)
 .rodata        0x0000fb86        0x8 contiki-z1.a(nullmac.o)
 .rodata.nullmac_driver
                0x0000fb8e       0x1a contiki-z1.a(nullmac.o)
                0x0000fb8e                nullmac_driver
 .rodata.packet_input
                0x0000fba8       0x9d contiki-z1.a(nullrdc.o)
 .rodata.send_one_packet
                0x0000fc45       0x5c contiki-z1.a(nullrdc.o)
 .rodata        0x0000fca1        0x8 contiki-z1.a(nullrdc.o)
 *fill*         0x0000fca9        0x1 00
 .rodata.nullrdc_driver
                0x0000fcaa       0x1e contiki-z1.a(nullrdc.o)
                0x0000fcaa                nullrdc_driver
 .rodata.contikimac_framer
                0x0000fcc8        0xc contiki-z1.a(contikimac-fram)
                0x0000fcc8                contikimac_framer
 .rodata.linkaddr_null
                0x0000fcd4        0x8 contiki-z1.a(linkaddr.o)
                0x0000fcd4                linkaddr_null
 .rodata        0x0000fcdc        0x8 contiki-z1.a(nullsec.o)
 .rodata.nullsec_driver
                0x0000fce4        0xe contiki-z1.a(nullsec.o)
                0x0000fce4                nullsec_driver
 .rodata.update_nbr
                0x0000fcf2       0x7a contiki-z1.a(rpl-nbr-policy.)
 .rodata.find_removable_dis
                0x0000fd6c       0x40 contiki-z1.a(rpl-nbr-policy.)
 .rodata.find_removable_dio
                0x0000fdac       0x90 contiki-z1.a(rpl-nbr-policy.)
 .rodata.find_removable_dao
                0x0000fe3c       0x2c contiki-z1.a(rpl-nbr-policy.)
 .rodata.framer_802154
                0x0000fe68        0xc contiki-z1.a(framer-802154.o)
                0x0000fe68                framer_802154
 .rodata.vuprintf
                0x0000fe74        0x7 /usr/local/msp430/bin/../lib/gcc/msp430/4.7.0/../../../../msp430/lib/mcpu-430x/mmpy-16/msr20/mc20/libc.a(vuprintf.o)
 *(.near.rodata .near.rodata.*)
                0x0000fe7c                . = ALIGN (0x2)
                0x0000fe7c                _etext = .

.data           0x00001100      0x142 load address 0x0000fe7c
                0x00001100                . = ALIGN (0x2)
                0x00001100                __data_start = .
 *(.data .data.* .gnu.linkonce.d.*)
 .data.udp_client_process
                0x00001100        0xc udp-client.co
                0x00001100                udp_client_process
 .data.alpha    0x0000110c        0x1 udp-client.co
                0x0000110c                alpha
 .data.remaining_energy
                0x0000110d        0x1 udp-client.co
                0x0000110d                remaining_energy
 .data.sensors  0x0000110e        0x4 obj_z1/contiki-z1-main.o
                0x0000110e                sensors
 .data.cur_break
                0x00001112        0x2 contiki-z1.a(msp430.o)
 .data.cc2420_process
                0x00001114        0xc contiki-z1.a(cc2420.o)
                0x00001114                cc2420_process
 .data.send_on_cca
                0x00001120        0x1 contiki-z1.a(cc2420.o)
 *fill*         0x00001121        0x1 00
 .data.sensors_process
                0x00001122        0xc contiki-z1.a(sensors.o)
                0x00001122                sensors_process
 .data.cc1200_process
                0x0000112e        0xc contiki-z1.a(cc1200.o)
                0x0000112e                cc1200_process
 .data.accmeter_process
                0x0000113a        0xc contiki-z1.a(adxl345.o)
                0x0000113a                accmeter_process
 .data.adxl345_default_settings
                0x00001146       0x16 contiki-z1.a(adxl345.o)
 .data.dual_dis_broadcast
                0x0000115c        0xc contiki-z1.a(dual_radio.o)
                0x0000115c                dual_dis_broadcast
 .data.dual_dio_broadcast
                0x00001168        0xc contiki-z1.a(dual_radio.o)
                0x00001168                dual_dio_broadcast
 .data.radio_received
                0x00001174        0x2 contiki-z1.a(dual_radio.o)
                0x00001174                radio_received
 .data.ctimer_process
                0x00001176        0xc contiki-z1.a(ctimer.o)
                0x00001176                ctimer_process
 .data.etimer_process
                0x00001182        0xc contiki-z1.a(etimer.o)
                0x00001182                etimer_process
 .data.ds6_neighbors
                0x0000118e        0x2 contiki-z1.a(uip-ds6-nbr.o)
                0x0000118e                ds6_neighbors
 .data.ds6_neighbors_struct
                0x00001190        0xa contiki-z1.a(uip-ds6-nbr.o)
 .data.nbr_routes
                0x0000119a        0x2 contiki-z1.a(uip-ds6-route.o)
                0x0000119a                nbr_routes
 .data.routememb
                0x0000119c        0x8 contiki-z1.a(uip-ds6-route.o)
 .data.defaultroutermemb
                0x000011a4        0x8 contiki-z1.a(uip-ds6-route.o)
 .data.neighborroutememb
                0x000011ac        0x8 contiki-z1.a(uip-ds6-route.o)
 .data.nbr_routes_struct
                0x000011b4        0xa contiki-z1.a(uip-ds6-route.o)
 .data.echo_request_handler
                0x000011be        0x8 contiki-z1.a(uip-icmp6.o)
 .data.echo_reply_handler
                0x000011c6        0x8 contiki-z1.a(uip-icmp6.o)
 .data.tcpip_process
                0x000011ce        0xc contiki-z1.a(tcpip.o)
                0x000011ce                tcpip_process
 .data.rpl_parents
                0x000011da        0x2 contiki-z1.a(rpl-dag.o)
                0x000011da                rpl_parents
 .data.rpl_parents_struct
                0x000011dc        0xa contiki-z1.a(rpl-dag.o)
 .data.dao_sequence
                0x000011e6        0x1 contiki-z1.a(rpl-icmp6.o)
 *fill*         0x000011e7        0x1 00
 .data.dis_handler
                0x000011e8        0x8 contiki-z1.a(rpl-icmp6.o)
 .data.dio_handler
                0x000011f0        0x8 contiki-z1.a(rpl-icmp6.o)
 .data.dao_handler
                0x000011f8        0x8 contiki-z1.a(rpl-icmp6.o)
 .data.dao_ack_handler
                0x00001200        0x8 contiki-z1.a(rpl-icmp6.o)
 .data.rpl_jkof
                0x00001208       0x1a contiki-z1.a(rpl-jkof.o)
                0x00001208                rpl_jkof
 .data.mac_pan_id
                0x00001222        0x2 contiki-z1.a(frame802154.o)
 .data.neighbor_addr_mem
                0x00001224        0x8 contiki-z1.a(nbr-table.o)
 .data.buframmem
                0x0000122c        0x8 contiki-z1.a(queuebuf.o)
 .data.bufmem   0x00001234        0x8 contiki-z1.a(queuebuf.o)
 .data.prescale_lsb
                0x0000123c        0x1 contiki-z1.a(i2cmaster.o)
                0x0000123c                prescale_lsb
 *fill*         0x0000123d        0x1 00
 .data.next     0x0000123e        0x4 /usr/local/msp430/bin/../lib/gcc/msp430/4.7.0/../../../../msp430/lib/mcpu-430x/mmpy-16/msr20/mc20/libc.a(rand.o)
 *(.near.data .near.data.*)
                0x00001242                . = ALIGN (0x2)
                0x00001242                _edata = .
                0x0000fe7c                __data_load_start = LOADADDR (.data)
                0x00000142                __data_size = SIZEOF (.data)

.bss            0x00001242     0x1bc8 load address 0x0000ffbe
                0x00001242                __bss_start = .
 *(.bss .bss.*)
 .bss.client_conn
                0x00001242        0x2 udp-client.co
 .bss.periodic.3105
                0x00001244        0xc udp-client.co
 .bss.backoff_timer.3106
                0x00001250       0x16 udp-client.co
 .bss.seq_id    0x00001266        0x2 udp-client.co
 .bss.myaddr    0x00001268        0x1 udp-client.co
 *fill*         0x00001269        0x1 00
 .bss.server_ipaddr
                0x0000126a       0x10 udp-client.co
 .bss.reply     0x0000127a        0x2 udp-client.co
 .bss.irq_energest.4261
                0x0000127c        0x4 obj_z1/contiki-z1-main.o
 .bss.leds      0x00001280        0x1 contiki-z1.a(leds.o)
 *fill*         0x00001281        0x1 00
 .bss.counter   0x00001282        0x2 contiki-z1.a(watchdog.o)
 .bss.poll_mode
                0x00001284        0x1 contiki-z1.a(cc2420.o)
 *fill*         0x00001285        0x1 00
 .bss.last_packet_timestamp
                0x00001286        0x2 contiki-z1.a(cc2420.o)
 .bss.locked    0x00001288        0x1 contiki-z1.a(cc2420.o)
 .bss.lock_on   0x00001289        0x1 contiki-z1.a(cc2420.o)
 .bss.lock_off  0x0000128a        0x1 contiki-z1.a(cc2420.o)
 .bss.receive_on
                0x0000128b        0x1 contiki-z1.a(cc2420.o)
 .bss.channel   0x0000128c        0x2 contiki-z1.a(cc2420.o)
 .bss.node_id   0x0000128e        0x2 contiki-z1.a(node-id.o)
                0x0000128e                node_id
 .bss.num_sensors
                0x00001290        0x1 contiki-z1.a(sensors.o)
 *fill*         0x00001291        0x1 00
 .bss.i.2162    0x00001292        0x2 contiki-z1.a(sensors.o)
 .bss.events.2163
                0x00001294        0x2 contiki-z1.a(sensors.o)
 .bss.debouncetimer
                0x00001296        0x8 contiki-z1.a(button-sensor.o)
 .bss.transmitting
                0x0000129e        0x1 contiki-z1.a(uart0.o)
 *fill*         0x0000129f        0x1 00
 .bss.uart0_input_handler
                0x000012a0        0x4 contiki-z1.a(uart0.o)
 .bss.rx_pkt_len
                0x000012a4        0x2 contiki-z1.a(cc1200.o)
 .bss.spi_locked
                0x000012a6        0x1 contiki-z1.a(cc1200.o)
 .bss.rf_flags  0x000012a7        0x1 contiki-z1.a(cc1200.o)
 .bss.rx_mode_value
                0x000012a8        0x2 contiki-z1.a(cc1200.o)
 .bss.tx_mode_value
                0x000012aa        0x2 contiki-z1.a(cc1200.o)
 .bss.new_txpower
                0x000012ac        0x1 contiki-z1.a(cc1200.o)
 .bss.new_cca_threshold
                0x000012ad        0x1 contiki-z1.a(cc1200.o)
 .bss.new_rf_channel
                0x000012ae        0x1 contiki-z1.a(cc1200.o)
 .bss.rf_channel
                0x000012af        0x1 contiki-z1.a(cc1200.o)
 .bss.txpower   0x000012b0        0x1 contiki-z1.a(cc1200.o)
 .bss.cca_threshold
                0x000012b1        0x1 contiki-z1.a(cc1200.o)
 .bss.cal_timer
                0x000012b2        0x4 contiki-z1.a(cc1200.o)
 .bss.rx_pkt    0x000012b6       0x81 contiki-z1.a(cc1200.o)
 *fill*         0x00001337        0x1 00
 .bss.tx_pkt_len
                0x00001338        0x2 contiki-z1.a(cc1200.o)
 .bss.tx_pkt    0x0000133a       0x7f contiki-z1.a(cc1200.o)
 *fill*         0x000013b9        0x1 00
 .bss.payload_len.3231
                0x000013ba        0x2 contiki-z1.a(cc1200.o)
 .bss.bytes_read.3232
                0x000013bc        0x2 contiki-z1.a(cc1200.o)
 .bss.buf.3233  0x000013be       0x81 contiki-z1.a(cc1200.o)
 .bss.enabled   0x0000143f        0x1 contiki-z1.a(adxl345.o)
 .bss.int1_mask
                0x00001440        0x2 contiki-z1.a(adxl345.o)
 .bss.int2_mask
                0x00001442        0x2 contiki-z1.a(adxl345.o)
 .bss.suppressTimer1
                0x00001444        0x8 contiki-z1.a(adxl345.o)
 .bss.suppressTimer2
                0x0000144c        0x8 contiki-z1.a(adxl345.o)
 .bss.long_range_radio
                0x00001454        0x2 contiki-z1.a(dual_radio.o)
                0x00001454                long_range_radio
 .bss.temp_instance
                0x00001456        0x2 contiki-z1.a(dual_radio.o)
 .bss.et.3645   0x00001458        0xc contiki-z1.a(dual_radio.o)
 .bss.et.3654   0x00001464        0xc contiki-z1.a(dual_radio.o)
 .bss.last_tar  0x00001470        0x2 contiki-z1.a(clock.o)
 .bss.count     0x00001472        0x4 contiki-z1.a(clock.o)
 .bss.seconds   0x00001476        0x4 contiki-z1.a(clock.o)
 .bss.initialized
                0x0000147a        0x1 contiki-z1.a(ctimer.o)
 *fill*         0x0000147b        0x1 00
 .bss.ctimer_list_list
                0x0000147c        0x2 contiki-z1.a(ctimer.o)
 .bss.timerlist
                0x0000147e        0x2 contiki-z1.a(etimer.o)
 .bss.next_expiration
                0x00001480        0x4 contiki-z1.a(etimer.o)
 .bss.poll_requested
                0x00001484        0x1 contiki-z1.a(process.o)
 *fill*         0x00001485        0x1 00
 .bss.process_current
                0x00001486        0x2 contiki-z1.a(process.o)
                0x00001486                process_current
 .bss.process_list
                0x00001488        0x2 contiki-z1.a(process.o)
                0x00001488                process_list
 .bss.lastevent
                0x0000148a        0x1 contiki-z1.a(process.o)
 .bss.fevent    0x0000148b        0x1 contiki-z1.a(process.o)
 .bss.nevents   0x0000148c        0x1 contiki-z1.a(process.o)
 *fill*         0x0000148d        0x1 00
 .bss.events    0x0000148e       0x30 contiki-z1.a(process.o)
 .bss.ev.1931   0x000014be        0x1 contiki-z1.a(process.o)
 *fill*         0x000014bf        0x1 00
 .bss.data.1932
                0x000014c0        0x2 contiki-z1.a(process.o)
 .bss.receiver.1933