Archive member included because of file (symbol)

contiki-z1.a(contiki-z1-plat)
                              obj_z1/contiki-z1-main.o (init_platform)
contiki-z1.a(msp430.o)        obj_z1/contiki-z1-main.o (splhigh_)
contiki-z1.a(leds.o)          obj_z1/contiki-z1-main.o (leds_init)
contiki-z1.a(watchdog.o)      obj_z1/contiki-z1-main.o (watchdog_start)
contiki-z1.a(xmem.o)          obj_z1/contiki-z1-main.o (xmem_init)
contiki-z1.a(spi.o)           contiki-z1.a(xmem.o) (spi_init)
contiki-z1.a(cc2420.o)        obj_z1/contiki-z1-main.o (cc2420_set_pan_addr)
contiki-z1.a(cc2420-arch.o)   contiki-z1.a(cc2420.o) (cc2420_arch_init)
contiki-z1.a(node-id.o)       obj_z1/contiki-z1-main.o (node_id_restore)
contiki-z1.a(sensors.o)       contiki-z1.a(contiki-z1-plat) (sensors_process)
contiki-z1.a(button-sensor.o)
                              obj_z1/contiki-z1-main.o (button_sensor)
contiki-z1.a(uart0.o)         obj_z1/contiki-z1-main.o (uart0_active)
contiki-z1.a(uart0-putchar.o)
                              udp-client.co (putchar)
contiki-z1.a(cc1200.o)        obj_z1/contiki-z1-main.o (cc1200_init)
contiki-z1.a(cc1200-802154g-)
                              contiki-z1.a(cc1200.o) (cc1200_802154g_863_870_fsk_50kbps)
contiki-z1.a(cc1200-z1-arch.)
                              contiki-z1.a(cc1200.o) (cc1200_arch_spi_select)
contiki-z1.a(adxl345.o)       obj_z1/contiki-z1-main.o (accm_init)
contiki-z1.a(dual_radio.o)    contiki-z1.a(cc1200.o) (long_range_radio)
contiki-z1.a(clock.o)         obj_z1/contiki-z1-main.o (clock_init)
contiki-z1.a(leds-arch.o)     contiki-z1.a(leds.o) (leds_arch_init)
contiki-z1.a(rtimer-arch.o)   obj_z1/contiki-z1-main.o (rtimer_arch_now)
contiki-z1.a(autostart.o)     obj_z1/contiki-z1-main.o (autostart_start)
contiki-z1.a(ctimer.o)        obj_z1/contiki-z1-main.o (ctimer_init)
contiki-z1.a(energest.o)      obj_z1/contiki-z1-main.o (energest_init)
contiki-z1.a(etimer.o)        contiki-z1.a(clock.o) (etimer_request_poll)
contiki-z1.a(process.o)       udp-client.co (process_current)
contiki-z1.a(rtimer.o)        obj_z1/contiki-z1-main.o (rtimer_init)
contiki-z1.a(stimer.o)        udp-client.co (stimer_remaining)
contiki-z1.a(timer.o)         contiki-z1.a(button-sensor.o) (timer_set)
contiki-z1.a(serial-line.o)   udp-client.co (serial_line_event_message)
contiki-z1.a(list.o)          contiki-z1.a(ctimer.o) (list_init)
contiki-z1.a(random.o)        obj_z1/contiki-z1-main.o (random_init)
contiki-z1.a(ringbuf.o)       contiki-z1.a(serial-line.o) (ringbuf_init)
contiki-z1.a(sicslowpan.o)    obj_z1/contiki-z1-main.o (sicslowpan_driver)
contiki-z1.a(uip6.o)          contiki-z1.a(sicslowpan.o) (uip_aligned_buf)
contiki-z1.a(uip-ds6.o)       contiki-z1.a(uip6.o) (uip_ds6_is_addr_onlink)
contiki-z1.a(uip-ds6-nbr.o)   contiki-z1.a(uip-ds6.o) (uip_ds6_neighbors_init)
contiki-z1.a(uip-ds6-route.o)
                              contiki-z1.a(uip-ds6.o) (uip_ds6_route_init)
contiki-z1.a(uip-icmp6.o)     contiki-z1.a(uip6.o) (uip_icmp6_input)
contiki-z1.a(uip-nd6.o)       contiki-z1.a(uip6.o) (uip_nd6_init)
contiki-z1.a(tcpip.o)         contiki-z1.a(sicslowpan.o) (tcpip_set_outputfunc)
contiki-z1.a(uip-debug.o)     udp-client.co (uip_debug_ipaddr_print)
contiki-z1.a(uip-udp-packet.)
                              udp-client.co (uip_udp_packet_sendto)
contiki-z1.a(rpl.o)           contiki-z1.a(uip-ds6-nbr.o) (rpl_link_neighbor_callback)
contiki-z1.a(rpl-dag.o)       contiki-z1.a(rpl.o) (default_instance)
contiki-z1.a(rpl-ext-header.)
                              contiki-z1.a(uip6.o) (rpl_verify_header)
contiki-z1.a(rpl-icmp6.o)     contiki-z1.a(rpl-dag.o) (rpl_icmp6_update_nbr_table)
contiki-z1.a(rpl-jkof.o)      contiki-z1.a(rpl.o) (rpl_jkof)
contiki-z1.a(rpl-timers.o)    contiki-z1.a(rpl.o) (rpl_reset_periodic_timer)
contiki-z1.a(frame802154.o)   contiki-z1.a(cc1200.o) (frame802154_parse)
contiki-z1.a(framer-802154.o)
                              contiki-z1.a(sicslowpan.o) (framer_802154)
contiki-z1.a(nullmac.o)       obj_z1/contiki-z1-main.o (nullmac_driver)
contiki-z1.a(nullrdc.o)       obj_z1/contiki-z1-main.o (nullrdc_driver)
contiki-z1.a(linkaddr.o)      obj_z1/contiki-z1-main.o (linkaddr_copy)
contiki-z1.a(nbr-table.o)     contiki-z1.a(uip-ds6-nbr.o) (lladdr_map_add_lr)
contiki-z1.a(packetbuf.o)     contiki-z1.a(framer-802154.o) (packetbuf_hdrreduce)
contiki-z1.a(queuebuf.o)      obj_z1/contiki-z1-main.o (queuebuf_init)
contiki-z1.a(nullsec.o)       contiki-z1.a(sicslowpan.o) (nullsec_driver)
contiki-z1.a(i2cmaster.o)     contiki-z1.a(adxl345.o) (i2c_receiveinit)
contiki-z1.a(memb.o)          contiki-z1.a(uip-ds6-route.o) (memb_init)
contiki-z1.a(rpl-nbr-policy.)
                              contiki-z1.a(nbr-table.o) (rpl_nbr_policy_find_removable)
contiki-z1.a(mac.o)           contiki-z1.a(nullrdc.o) (mac_call_sent_callback)
contiki-z1.a(mac-sequence.o)  contiki-z1.a(nullrdc.o) (mac_sequence_is_duplicate)
[...]
Memory Configuration

Name             Origin             Length             Attributes
sfr              0x00000000         0x00000010
peripheral_8bit  0x00000010         0x000000f0
peripheral_16bit 0x00000100         0x00000100
ram_mirror       0x00000200         0x00000800         xw
infomem          0x00001000         0x00000100
infod            0x00001000         0x00000040
infoc            0x00001040         0x00000040
infob            0x00001080         0x00000040
infoa            0x000010c0         0x00000040
ram              0x00001100         0x00002000         xw
rom              0x00003100         0x0000cebe         xr
vectors          0x0000ffc0         0x00000040
far_rom          0x00010000         0x0000a000
bsl              0x00000000         0x00000000
ram2             0x00000000         0x00000000         xw
usbram           0x00000000         0x00000000         xw
*default*        0x00000000         0xffffffff

Linker script and memory map

LOAD /usr/local/msp430/bin/../lib/gcc/msp430/4.7.0/mcpu-430x/mmpy-16/msr20/mc20/md20/crt0ivtbl32.o
                0x00000041                __P1SEL2 = 0x41
                0x00000045                __P5SEL2 = 0x45
LOAD udp-client.co
LOAD obj_z1/contiki-z1-main.o
LOAD contiki-z1.a
LOAD /usr/local/msp430/bin/../lib/gcc/msp430/4.7.0/mcpu-430x/mmpy-16/msr20/mc20/md20/libgcc.a
LOAD /usr/local/msp430/bin/../lib/gcc/msp430/4.7.0/../../../../msp430/lib/mcpu-430x/mmpy-16/msr20/mc20/md20/libc.a
LOAD /usr/local/msp430/bin/../lib/gcc/msp430/4.7.0/mcpu-430x/mmpy-16/msr20/mc20/md20/libgcc.a
LOAD /usr/local/msp430/bin/../lib/gcc/msp430/4.7.0/mcpu-430x/mmpy-16/msr20/mc20/md20/libcrt0.a
                0x00000040                PROVIDE (__info_segment_size, 0x40)
                0x00001000                PROVIDE (__infod, 0x1000)
                0x00001040                PROVIDE (__infoc, 0x1040)
                0x00001080                PROVIDE (__infob, 0x1080)
                0x000010c0                PROVIDE (__infoa, 0x10c0)
                0x00000000                __IE1 = 0x0
                0x00000002                __IFG1 = 0x2
                0x00000001                __IE2 = 0x1
                0x00000003                __IFG2 = 0x3
                0x00000006                __UC1IE = 0x6
                0x00000007                __UC1IFG = 0x7
                0x000001a0                __ADC12CTL0 = 0x1a0
                0x000001a2                __ADC12CTL1 = 0x1a2
                0x000001a4                __ADC12IFG = 0x1a4
                0x000001a6                __ADC12IE = 0x1a6
                0x000001a8                __ADC12IV = 0x1a8
                0x00000140                __ADC12MEM0 = 0x140
                0x00000142                __ADC12MEM1 = 0x142
                0x00000144                __ADC12MEM2 = 0x144
                0x00000146                __ADC12MEM3 = 0x146
                0x00000148                __ADC12MEM4 = 0x148
                0x0000014a                __ADC12MEM5 = 0x14a
                0x0000014c                __ADC12MEM6 = 0x14c
                0x0000014e                __ADC12MEM7 = 0x14e
                0x00000150                __ADC12MEM8 = 0x150
                0x00000152                __ADC12MEM9 = 0x152
                0x00000154                __ADC12MEM10 = 0x154
                0x00000156                __ADC12MEM11 = 0x156
                0x00000158                __ADC12MEM12 = 0x158
                0x0000015a                __ADC12MEM13 = 0x15a
                0x0000015c                __ADC12MEM14 = 0x15c
                0x0000015e                __ADC12MEM15 = 0x15e
                0x00000080                __ADC12MCTL0 = 0x80
                0x00000081                __ADC12MCTL1 = 0x81
                0x00000082                __ADC12MCTL2 = 0x82
                0x00000083                __ADC12MCTL3 = 0x83
                0x00000084                __ADC12MCTL4 = 0x84
                0x00000085                __ADC12MCTL5 = 0x85
                0x00000086                __ADC12MCTL6 = 0x86
                0x00000087                __ADC12MCTL7 = 0x87
                0x00000088                __ADC12MCTL8 = 0x88
                0x00000089                __ADC12MCTL9 = 0x89
                0x0000008a                __ADC12MCTL10 = 0x8a
                0x0000008b                __ADC12MCTL11 = 0x8b
                0x0000008c                __ADC12MCTL12 = 0x8c
                0x0000008d                __ADC12MCTL13 = 0x8d
                0x0000008e                __ADC12MCTL14 = 0x8e
                0x0000008f                __ADC12MCTL15 = 0x8f
                0x00000056                __DCOCTL = 0x56
                0x00000057                __BCSCTL1 = 0x57
                0x00000058                __BCSCTL2 = 0x58
                0x00000053                __BCSCTL3 = 0x53
                0x00000059                __CACTL1 = 0x59
                0x0000005a                __CACTL2 = 0x5a
                0x0000005b                __CAPD = 0x5b
                0x000001c0                __DAC12_0CTL = 0x1c0
                0x000001c2                __DAC12_1CTL = 0x1c2
                0x000001c8                __DAC12_0DAT = 0x1c8
                0x000001ca                __DAC12_1DAT = 0x1ca
                0x00000122                __DMACTL0 = 0x122
                0x00000124                __DMACTL1 = 0x124
                0x00000126                __DMAIV = 0x126
                0x000001d0                __DMA0CTL = 0x1d0
                0x000001dc                __DMA1CTL = 0x1dc
                0x000001e8                __DMA2CTL = 0x1e8
                0x000001d2                __DMA0SA = 0x1d2
                0x000001d2                __DMA0SAL = 0x1d2
                0x000001d6                __DMA0DA = 0x1d6
                0x000001d6                __DMA0DAL = 0x1d6
                0x000001da                __DMA0SZ = 0x1da
                0x000001de                __DMA1SA = 0x1de
                0x000001de                __DMA1SAL = 0x1de
                0x000001e2                __DMA1DA = 0x1e2
                0x000001e2                __DMA1DAL = 0x1e2
                0x000001e6                __DMA1SZ = 0x1e6
                0x000001ea                __DMA2SA = 0x1ea
                0x000001ea                __DMA2SAL = 0x1ea
                0x000001ee                __DMA2DA = 0x1ee
                0x000001ee                __DMA2DAL = 0x1ee
                0x000001f2                __DMA2SZ = 0x1f2
                0x00000128                __FCTL1 = 0x128
                0x0000012a                __FCTL2 = 0x12a
                0x0000012c                __FCTL3 = 0x12c
                0x000001be                __FCTL4 = 0x1be
                0x00000130                __MPY = 0x130
                0x00000132                __MPYS = 0x132
                0x00000134                __MAC = 0x134
                0x00000136                __MACS = 0x136
                0x00000138                __OP2 = 0x138
                0x0000013a                __RESLO = 0x13a
                0x0000013c                __RESHI = 0x13c
                0x0000013e                __SUMEXT = 0x13e
                0x00000020                __P1IN = 0x20
                0x00000021                __P1OUT = 0x21
                0x00000022                __P1DIR = 0x22
                0x00000023                __P1IFG = 0x23
                0x00000024                __P1IES = 0x24
                0x00000025                __P1IE = 0x25
                0x00000026                __P1SEL = 0x26
                0x00000027                __P1REN = 0x27
                0x00000028                __P2IN = 0x28
                0x00000029                __P2OUT = 0x29
                0x0000002a                __P2DIR = 0x2a
                0x0000002b                __P2IFG = 0x2b
                0x0000002c                __P2IES = 0x2c
                0x0000002d                __P2IE = 0x2d
                0x0000002e                __P2SEL = 0x2e
                0x0000002f                __P2REN = 0x2f
                0x00000018                __P3IN = 0x18
                0x00000019                __P3OUT = 0x19
                0x0000001a                __P3DIR = 0x1a
                0x0000001b                __P3SEL = 0x1b
                0x00000010                __P3REN = 0x10
                0x0000001c                __P4IN = 0x1c
                0x0000001d                __P4OUT = 0x1d
                0x0000001e                __P4DIR = 0x1e
                0x0000001f                __P4SEL = 0x1f
                0x00000011                __P4REN = 0x11
                0x00000030                __P5IN = 0x30
                0x00000031                __P5OUT = 0x31
                0x00000032                __P5DIR = 0x32
                0x00000033                __P5SEL = 0x33
                0x00000012                __P5REN = 0x12
                0x00000034                __P6IN = 0x34
                0x00000035                __P6OUT = 0x35
                0x00000036                __P6DIR = 0x36
                0x00000037                __P6SEL = 0x37
                0x00000013                __P6REN = 0x13
                0x00000038                __P7IN = 0x38
                0x0000003a                __P7OUT = 0x3a
                0x0000003c                __P7DIR = 0x3c
                0x0000003e                __P7SEL = 0x3e
                0x00000014                __P7REN = 0x14
                0x00000039                __P8IN = 0x39
                0x0000003b                __P8OUT = 0x3b
                0x0000003d                __P8DIR = 0x3d
                0x0000003f                __P8SEL = 0x3f
                0x00000015                __P8REN = 0x15
                0x00000038                __PAIN = 0x38
                0x0000003a                __PAOUT = 0x3a
                0x0000003c                __PADIR = 0x3c
                0x0000003e                __PASEL = 0x3e
                0x00000014                __PAREN = 0x14
                0x00000055                __SVSCTL = 0x55
                0x0000012e                __TAIV = 0x12e
                0x00000160                __TACTL = 0x160
                0x00000162                __TACCTL0 = 0x162
                0x00000164                __TACCTL1 = 0x164
                0x00000166                __TACCTL2 = 0x166
                0x00000170                __TAR = 0x170
                0x00000172                __TACCR0 = 0x172
                0x00000174                __TACCR1 = 0x174
                0x00000176                __TACCR2 = 0x176
                0x0000011e                __TBIV = 0x11e
                0x00000180                __TBCTL = 0x180
                0x00000182                __TBCCTL0 = 0x182
                0x00000184                __TBCCTL1 = 0x184
                0x00000186                __TBCCTL2 = 0x186
                0x00000188                __TBCCTL3 = 0x188
                0x0000018a                __TBCCTL4 = 0x18a
                0x0000018c                __TBCCTL5 = 0x18c
                0x0000018e                __TBCCTL6 = 0x18e
                0x00000190                __TBR = 0x190
                0x00000192                __TBCCR0 = 0x192
                0x00000194                __TBCCR1 = 0x194
                0x00000196                __TBCCR2 = 0x196
                0x00000198                __TBCCR3 = 0x198
                0x0000019a                __TBCCR4 = 0x19a
                0x0000019c                __TBCCR5 = 0x19c
                0x0000019e                __TBCCR6 = 0x19e
                0x00000060                __UCA0CTL0 = 0x60
                0x00000061                __UCA0CTL1 = 0x61
                0x00000062                __UCA0BR0 = 0x62
                0x00000063                __UCA0BR1 = 0x63
                0x00000064                __UCA0MCTL = 0x64
                0x00000065                __UCA0STAT = 0x65
                0x00000066                __UCA0RXBUF = 0x66
                0x00000067                __UCA0TXBUF = 0x67
                0x0000005d                __UCA0ABCTL = 0x5d
                0x0000005e                __UCA0IRTCTL = 0x5e
                0x0000005f                __UCA0IRRCTL = 0x5f
                0x00000068                __UCB0CTL0 = 0x68
                0x00000069                __UCB0CTL1 = 0x69
                0x0000006a                __UCB0BR0 = 0x6a
                0x0000006b                __UCB0BR1 = 0x6b
                0x0000006c                __UCB0I2CIE = 0x6c
                0x0000006d                __UCB0STAT = 0x6d
                0x0000006e                __UCB0RXBUF = 0x6e
                0x0000006f                __UCB0TXBUF = 0x6f
                0x00000118                __UCB0I2COA = 0x118
                0x0000011a                __UCB0I2CSA = 0x11a
                0x000000d0                __UCA1CTL0 = 0xd0
                0x000000d1                __UCA1CTL1 = 0xd1
                0x000000d2                __UCA1BR0 = 0xd2
                0x000000d3                __UCA1BR1 = 0xd3
                0x000000d4                __UCA1MCTL = 0xd4
                0x000000d5                __UCA1STAT = 0xd5
                0x000000d6                __UCA1RXBUF = 0xd6
                0x000000d7                __UCA1TXBUF = 0xd7
                0x000000cd                __UCA1ABCTL = 0xcd
                0x000000ce                __UCA1IRTCTL = 0xce
                0x000000cf                __UCA1IRRCTL = 0xcf
                0x000000d8                __UCB1CTL0 = 0xd8
                0x000000d9                __UCB1CTL1 = 0xd9
                0x000000da                __UCB1BR0 = 0xda
                0x000000db                __UCB1BR1 = 0xdb
                0x000000dc                __UCB1I2CIE = 0xdc
                0x000000dd                __UCB1STAT = 0xdd
                0x000000de                __UCB1RXBUF = 0xde
                0x000000df                __UCB1TXBUF = 0xdf
                0x0000017c                __UCB1I2COA = 0x17c
                0x0000017e                __UCB1I2CSA = 0x17e
                0x00000120                __WDTCTL = 0x120
                0x000010c0                __TLV_CHECKSUM = 0x10c0
                0x000010f6                __TLV_DCO_30_TAG = 0x10f6
                0x000010f7                __TLV_DCO_30_LEN = 0x10f7
                0x000010da                __TLV_ADC12_1_TAG = 0x10da
                0x000010db                __TLV_ADC12_1_LEN = 0x10db
                0x000010f8                __CALDCO_16MHZ = 0x10f8
                0x000010f9                __CALBC1_16MHZ = 0x10f9
                0x000010fa                __CALDCO_12MHZ = 0x10fa
                0x000010fb                __CALBC1_12MHZ = 0x10fb
                0x000010fc                __CALDCO_8MHZ = 0x10fc
                0x000010fd                __CALBC1_8MHZ = 0x10fd
                0x000010fe                __CALDCO_1MHZ = 0x10fe
                0x000010ff                __CALBC1_1MHZ = 0x10ff

.hash
 *(.hash)

.dynsym
 *(.dynsym)

.dynstr
 *(.dynstr)

.gnu.version
 *(.gnu.version)

.gnu.version_d
 *(.gnu.version_d)

.gnu.version_r
 *(.gnu.version_r)

.rel.init
 *(.rel.init)

.rela.init
 *(.rela.init)

.rel.fini
 *(.rel.fini)

.rela.fini
 *(.rela.fini)

.rel.text
 *(.rel.text .rel.text.* .rel.gnu.linkonce.t.*)

.rela.text
 *(.rela.text .rela.text.* .rela.gnu.linkonce.t.*)

.rel.rodata
 *(.rel.rodata .rel.rodata.* .rel.gnu.linkonce.r.*)

.rela.rodata
 *(.rela.rodata .rela.rodata.* .rela.gnu.linkonce.r.*)

.rel.data
 *(.rel.data .rel.data.* .rel.gnu.linkonce.d.*)

.rela.data
 *(.rela.data .rela.data.* .rela.gnu.linkonce.d.*)

.rel.bss
 *(.rel.bss .rel.bss.* .rel.gnu.linkonce.b.*)

.rela.bss
 *(.rela.bss .rela.bss.* .rela.gnu.linkonce.b.*)

.rel.ctors
 *(.rel.ctors)

.rela.ctors
 *(.rela.ctors)

.rel.dtors
 *(.rel.dtors)

.rela.dtors
 *(.rela.dtors)

.rel.got
 *(.rel.got)

.rela.got
 *(.rela.got)

.rel.plt
 *(.rel.plt)

.rela.plt
 *(.rela.plt)

.text           0x00003100     0xc01c
                0x00003100                . = ALIGN (0x2)
 *(.init .init.*)
 *(.init0)
 .init0         0x00003100        0x0 /usr/local/msp430/bin/../lib/gcc/msp430/4.7.0/mcpu-430x/mmpy-16/msr20/mc20/md20/libcrt0.a(_reset_vector__.o)
                0x00003100                _reset_vector__
 *(.init1)
 .init1         0x00003100        0xc /usr/local/msp430/bin/../lib/gcc/msp430/4.7.0/mcpu-430x/mmpy-16/msr20/mc20/md20/libcrt0.a(__watchdog_support.o)
                0x00003100                __watchdog_support
 *(.init2)
 .init2         0x0000310c        0x4 /usr/local/msp430/bin/../lib/gcc/msp430/4.7.0/mcpu-430x/mmpy-16/msr20/mc20/md20/libcrt0.a(__init_stack.o)
                0x0000310c                __init_stack
 *(.init3)
 .init3         0x00003110        0x0 /usr/local/msp430/bin/../lib/gcc/msp430/4.7.0/mcpu-430x/mmpy-16/msr20/mc20/md20/libcrt0.a(__low_level_init.o)
                0x00003110                __low_level_init
 *(.init4)
 .init4         0x00003110       0x18 /usr/local/msp430/bin/../lib/gcc/msp430/4.7.0/mcpu-430x/mmpy-16/msr20/mc20/md20/libcrt0.a(_copy_data.o)
                0x00003110                __do_copy_data
 .init4         0x00003128       0x16 /usr/local/msp430/bin/../lib/gcc/msp430/4.7.0/mcpu-430x/mmpy-16/msr20/mc20/md20/libcrt0.a(_clear_bss.o)
                0x00003128                __do_clear_bss
 *(.init5)
 *(.init6)
 *(.init7)
 *(.init8)
 *(.init9)
 .init9         0x0000313e      0x5fe obj_z1/contiki-z1-main.o
                0x0000313e                main
 *(.fini9)
 .fini9         0x0000373c        0x0 /usr/local/msp430/bin/../lib/gcc/msp430/4.7.0/mcpu-430x/mmpy-16/msr20/mc20/md20/libcrt0.a(__stop_progExec__.o)
                0x0000373c                __stop_progExec__
 *(.fini8)
 *(.fini7)
 *(.fini6)
 *(.fini5)
 *(.fini4)
 *(.fini3)
 *(.fini2)
 *(.fini1)
 *(.fini0)
 .fini0         0x0000373c        0x6 /usr/local/msp430/bin/../lib/gcc/msp430/4.7.0/mcpu-430x/mmpy-16/msr20/mc20/md20/libcrt0.a(_endless_loop__.o)
                0x0000373c                _endless_loop__
 *(.fini .fini.*)
                0x00003742                . = ALIGN (0x2)
                0x00003742                __ctors_start = .
 *(.ctors)
                0x00003742                __ctors_end = .
                0x00003742                __dtors_start = .
 *(.dtors)
                0x00003742                __dtors_end = .
                0x00003742                . = ALIGN (0x2)
 *(.text .text.* .gnu.linkonce.t.*)
 .text          0x00003742        0x4 /usr/local/msp430/bin/../lib/gcc/msp430/4.7.0/mcpu-430x/mmpy-16/msr20/mc20/md20/crt0ivtbl32.o
                0x00003742                __isr_14
                0x00003742                __isr_4
                0x00003742                __isr_29
                0x00003742                __isr_11
                0x00003742                __isr_5
                0x00003742                __isr_2
                0x00003742                __isr_10
                0x00003742                __isr_7
                0x00003742                __isr_0
                0x00003742                __isr_28
                0x00003742                __isr_8
                0x00003742                __isr_20
                0x00003742                __isr_3
                0x00003742                __isr_12
                0x00003742                __isr_13
                0x00003742                __isr_27
                0x00003742                __isr_9
                0x00003742                __isr_30
                0x00003742                __isr_6
                0x00003742                __isr_22
                0x00003742                __isr_1
                0x00003742                __isr_15
                0x00003742                __isr_21
 .text.crt0     0x00003746        0x0 /usr/local/msp430/bin/../lib/gcc/msp430/4.7.0/mcpu-430x/mmpy-16/msr20/mc20/md20/crt0ivtbl32.o
 .text          0x00003746        0x0 udp-client.co
 .text          0x00003746        0x0 obj_z1/contiki-z1-main.o
 .text          0x00003746        0x0 contiki-z1.a(contiki-z1-plat)
 .text          0x00003746        0x0 contiki-z1.a(msp430.o)
 .text          0x00003746        0x0 contiki-z1.a(leds.o)
 .text          0x00003746        0x0 contiki-z1.a(watchdog.o)
 .text          0x00003746        0x0 contiki-z1.a(xmem.o)
 .text          0x00003746        0x0 contiki-z1.a(spi.o)
 .text          0x00003746        0x0 contiki-z1.a(cc2420.o)
 .text          0x00003746        0x0 contiki-z1.a(cc2420-arch.o)
 .text          0x00003746        0x0 contiki-z1.a(node-id.o)
 .text          0x00003746        0x0 contiki-z1.a(sensors.o)
 .text          0x00003746        0x0 contiki-z1.a(button-sensor.o)
 .text          0x00003746        0x0 contiki-z1.a(uart0.o)
 .text          0x00003746        0x0 contiki-z1.a(uart0-putchar.o)
 .text          0x00003746        0x0 contiki-z1.a(cc1200.o)
 .text          0x00003746        0x0 contiki-z1.a(cc1200-802154g-)
 .text          0x00003746        0x0 contiki-z1.a(cc1200-z1-arch.)
 .text          0x00003746        0x0 contiki-z1.a(adxl345.o)
 .text          0x00003746        0x0 contiki-z1.a(dual_radio.o)
 .text          0x00003746        0x0 contiki-z1.a(clock.o)
 .text          0x00003746        0x0 contiki-z1.a(leds-arch.o)
 .text          0x00003746        0x0 contiki-z1.a(rtimer-arch.o)
 .text          0x00003746        0x0 contiki-z1.a(autostart.o)
 .text          0x00003746        0x0 contiki-z1.a(ctimer.o)
 .text          0x00003746        0x0 contiki-z1.a(energest.o)
 .text          0x00003746        0x0 contiki-z1.a(etimer.o)
 .text          0x00003746        0x0 contiki-z1.a(process.o)
 .text          0x00003746        0x0 contiki-z1.a(rtimer.o)
 .text          0x00003746        0x0 contiki-z1.a(stimer.o)
 .text          0x00003746        0x0 contiki-z1.a(timer.o)
 .text          0x00003746        0x0 contiki-z1.a(serial-line.o)
 .text          0x00003746        0x0 contiki-z1.a(list.o)
 .text          0x00003746        0x0 contiki-z1.a(random.o)
 .text          0x00003746        0x0 contiki-z1.a(ringbuf.o)
 .text          0x00003746        0x0 contiki-z1.a(sicslowpan.o)
 .text          0x00003746        0x0 contiki-z1.a(uip6.o)
 .text          0x00003746        0x0 contiki-z1.a(uip-ds6.o)
 .text          0x00003746        0x0 contiki-z1.a(uip-ds6-nbr.o)
 .text          0x00003746        0x0 contiki-z1.a(uip-ds6-route.o)
 .text          0x00003746        0x0 contiki-z1.a(uip-icmp6.o)
 .text          0x00003746        0x0 contiki-z1.a(uip-nd6.o)
 .text          0x00003746        0x0 contiki-z1.a(tcpip.o)
 .text          0x00003746        0x0 contiki-z1.a(uip-debug.o)
 .text          0x00003746        0x0 contiki-z1.a(uip-udp-packet.)
 .text          0x00003746        0x0 contiki-z1.a(rpl.o)
 .text          0x00003746        0x0 contiki-z1.a(rpl-dag.o)
 .text          0x00003746        0x0 contiki-z1.a(rpl-ext-header.)
 .text          0x00003746        0x0 contiki-z1.a(rpl-icmp6.o)
 .text          0x00003746        0x0 contiki-z1.a(rpl-jkof.o)
 .text          0x00003746        0x0 contiki-z1.a(rpl-timers.o)
 .text          0x00003746        0x0 contiki-z1.a(frame802154.o)
 .text          0x00003746        0x0 contiki-z1.a(framer-802154.o)
 .text          0x00003746        0x0 contiki-z1.a(nullmac.o)
 .text          0x00003746        0x0 contiki-z1.a(nullrdc.o)
 .text          0x00003746        0x0 contiki-z1.a(linkaddr.o)
 .text          0x00003746        0x0 contiki-z1.a(nbr-table.o)
 .text          0x00003746        0x0 contiki-z1.a(packetbuf.o)
 .text          0x00003746        0x0 contiki-z1.a(queuebuf.o)
 .text          0x00003746        0x0 contiki-z1.a(nullsec.o)
 .text          0x00003746        0x0 contiki-z1.a(i2cmaster.o)
 .text          0x00003746        0x0 contiki-z1.a(memb.o)
 .text          0x00003746        0x0 contiki-z1.a(rpl-nbr-policy.)
 .text          0x00003746        0x0 contiki-z1.a(mac.o)
 .text          0x00003746        0x0 contiki-z1.a(mac-sequence.o)
 .text          0x00003746        0x0 /usr/local/msp430/bin/../lib/gcc/msp430/4.7.0/mcpu-430x/mmpy-16/msr20/mc20/md20/libgcc.a(_mulsi3.o)
 .text.libgcc   0x00003746       0x26 /usr/local/msp430/bin/../lib/gcc/msp430/4.7.0/mcpu-430x/mmpy-16/msr20/mc20/md20/libgcc.a(_mulsi3.o)
                0x00003746                __mulsi3
 .text          0x0000376c        0x0 /usr/local/msp430/bin/../lib/gcc/msp430/4.7.0/mcpu-430x/mmpy-16/msr20/mc20/md20/libgcc.a(_udivmod16.o)
 .text.libgcc   0x0000376c       0x22 /usr/local/msp430/bin/../lib/gcc/msp430/4.7.0/mcpu-430x/mmpy-16/msr20/mc20/md20/libgcc.a(_udivmod16.o)
                0x0000376c                __udivhi3
                0x0000376c                __ext_udivmod16
                0x00003786                __umodhi3
 .text          0x0000378e        0x0 /usr/local/msp430/bin/../lib/gcc/msp430/4.7.0/mcpu-430x/mmpy-16/msr20/mc20/md20/libgcc.a(_divmod16.o)
 .text.libgcc   0x0000378e       0x3a /usr/local/msp430/bin/../lib/gcc/msp430/4.7.0/mcpu-430x/mmpy-16/msr20/mc20/md20/libgcc.a(_divmod16.o)
                0x0000378e                __ext_divmod16
                0x0000378e                __divhi3
                0x000037c0                __modhi3
 .text          0x000037c8        0x0 /usr/local/msp430/bin/../lib/gcc/msp430/4.7.0/mcpu-430x/mmpy-16/msr20/mc20/md20/libgcc.a(_udivmod32.o)
 .text.libgcc   0x000037c8       0x38 /usr/local/msp430/bin/../lib/gcc/msp430/4.7.0/mcpu-430x/mmpy-16/msr20/mc20/md20/libgcc.a(_udivmod32.o)
                0x000037c8                __udivsi3
                0x000037c8                __ext_udivmod32
                0x000037f6                __umodsi3
 .text          0x00003800        0x0 /usr/local/msp430/bin/../lib/gcc/msp430/4.7.0/../../../../msp430/lib/mcpu-430x/mmpy-16/msr20/mc20/md20/libc.a(printf.o)
 .text.printf   0x00003800       0x12 /usr/local/msp430/bin/../lib/gcc/msp430/4.7.0/../../../../msp430/lib/mcpu-430x/mmpy-16/msr20/mc20/md20/libc.a(printf.o)
                0x00003800                printf
 .text.vprintf  0x00003812        0xe /usr/local/msp430/bin/../lib/gcc/msp430/4.7.0/../../../../msp430/lib/mcpu-430x/mmpy-16/msr20/mc20/md20/libc.a(printf.o)
                0x00003812                vprintf
 .text          0x00003820        0x0 /usr/local/msp430/bin/../lib/gcc/msp430/4.7.0/../../../../msp430/lib/mcpu-430x/mmpy-16/msr20/mc20/md20/libc.a(sprintf.o)
 .text.append   0x00003820       0x28 /usr/local/msp430/bin/../lib/gcc/msp430/4.7.0/../../../../msp430/lib/mcpu-430x/mmpy-16/msr20/mc20/md20/libc.a(sprintf.o)
 .text.call_vuprintf
                0x00003848       0x4a /usr/local/msp430/bin/../lib/gcc/msp430/4.7.0/../../../../msp430/lib/mcpu-430x/mmpy-16/msr20/mc20/md20/libc.a(sprintf.o)
 .text.sprintf  0x00003892       0x20 /usr/local/msp430/bin/../lib/gcc/msp430/4.7.0/../../../../msp430/lib/mcpu-430x/mmpy-16/msr20/mc20/md20/libc.a(sprintf.o)
                0x00003892                sprintf
 .text.snprintf
                0x000038b2       0x20 /usr/local/msp430/bin/../lib/gcc/msp430/4.7.0/../../../../msp430/lib/mcpu-430x/mmpy-16/msr20/mc20/md20/libc.a(sprintf.o)
                0x000038b2                snprintf
 .text.vsprintf
                0x000038d2       0x18 /usr/local/msp430/bin/../lib/gcc/msp430/4.7.0/../../../../msp430/lib/mcpu-430x/mmpy-16/msr20/mc20/md20/libc.a(sprintf.o)
                0x000038d2                vsprintf
 .text.vsnprintf
                0x000038ea       0x14 /usr/local/msp430/bin/../lib/gcc/msp430/4.7.0/../../../../msp430/lib/mcpu-430x/mmpy-16/msr20/mc20/md20/libc.a(sprintf.o)
                0x000038ea                vsnprintf
 .text          0x000038fe        0x0 /usr/local/msp430/bin/../lib/gcc/msp430/4.7.0/../../../../msp430/lib/mcpu-430x/mmpy-16/msr20/mc20/md20/libc.a(vuprintf.o)
 .text.print_field
                0x000038fe      0x170 /usr/local/msp430/bin/../lib/gcc/msp430/4.7.0/../../../../msp430/lib/mcpu-430x/mmpy-16/msr20/mc20/md20/libc.a(vuprintf.o)
 .text.vuprintf
                0x00003a6e      0x76c /usr/local/msp430/bin/../lib/gcc/msp430/4.7.0/../../../../msp430/lib/mcpu-430x/mmpy-16/msr20/mc20/md20/libc.a(vuprintf.o)
                0x00003a6e                vuprintf
 .text          0x000041da        0x0 /usr/local/msp430/bin/../lib/gcc/msp430/4.7.0/../../../../msp430/lib/mcpu-430x/mmpy-16/msr20/mc20/md20/libc.a(puts.o)
 .text.puts     0x000041da       0x2e /usr/local/msp430/bin/../lib/gcc/msp430/4.7.0/../../../../msp430/lib/mcpu-430x/mmpy-16/msr20/mc20/md20/libc.a(puts.o)
                0x000041da                puts
 .text          0x00004208        0x0 /usr/local/msp430/bin/../lib/gcc/msp430/4.7.0/../../../../msp430/lib/mcpu-430x/mmpy-16/msr20/mc20/md20/libc.a(rand.o)
 .text.rand_r   0x00004208       0x24 /usr/local/msp430/bin/../lib/gcc/msp430/4.7.0/../../../../msp430/lib/mcpu-430x/mmpy-16/msr20/mc20/md20/libc.a(rand.o)
                0x00004208                rand_r
 .text.rand     0x0000422c       0x2e /usr/local/msp430/bin/../lib/gcc/msp430/4.7.0/../../../../msp430/lib/mcpu-430x/mmpy-16/msr20/mc20/md20/libc.a(rand.o)
                0x0000422c                rand
 .text.srand    0x0000425a        0xe /usr/local/msp430/bin/../lib/gcc/msp430/4.7.0/../../../../msp430/lib/mcpu-430x/mmpy-16/msr20/mc20/md20/libc.a(rand.o)
                0x0000425a                srand
 .text          0x00004268        0x0 /usr/local/msp430/bin/../lib/gcc/msp430/4.7.0/../../../../msp430/lib/mcpu-430x/mmpy-16/msr20/mc20/md20/libc.a(strncmp.o)
 .text.strncmp  0x00004268       0x2a /usr/local/msp430/bin/../lib/gcc/msp430/4.7.0/../../../../msp430/lib/mcpu-430x/mmpy-16/msr20/mc20/md20/libc.a(strncmp.o)
                0x00004268                strncmp
 .text          0x00004292        0x0 /usr/local/msp430/bin/../lib/gcc/msp430/4.7.0/../../../../msp430/lib/mcpu-430x/mmpy-16/msr20/mc20/md20/libc.a(memcmp.o)
 .text.memcmp   0x00004292       0x20 /usr/local/msp430/bin/../lib/gcc/msp430/4.7.0/../../../../msp430/lib/mcpu-430x/mmpy-16/msr20/mc20/md20/libc.a(memcmp.o)
                0x00004292                memcmp
 .text          0x000042b2        0x0 /usr/local/msp430/bin/../lib/gcc/msp430/4.7.0/../../../../msp430/lib/mcpu-430x/mmpy-16/msr20/mc20/md20/libc.a(memcpy.o)
 .text.memcpy   0x000042b2      0x194 /usr/local/msp430/bin/../lib/gcc/msp430/4.7.0/../../../../msp430/lib/mcpu-430x/mmpy-16/msr20/mc20/md20/libc.a(memcpy.o)
                0x000042b2                memcpy
 .text          0x00004446        0x0 /usr/local/msp430/bin/../lib/gcc/msp430/4.7.0/../../../../msp430/lib/mcpu-430x/mmpy-16/msr20/mc20/md20/libc.a(memmove.o)
 .text.memmove  0x00004446      0x194 /usr/local/msp430/bin/../lib/gcc/msp430/4.7.0/../../../../msp430/lib/mcpu-430x/mmpy-16/msr20/mc20/md20/libc.a(memmove.o)
                0x00004446                memmove
 .text          0x000045da        0x0 /usr/local/msp430/bin/../lib/gcc/msp430/4.7.0/../../../../msp430/lib/mcpu-430x/mmpy-16/msr20/mc20/md20/libc.a(memset.o)
 .text.memset   0x000045da       0x7c /usr/local/msp430/bin/../lib/gcc/msp430/4.7.0/../../../../msp430/lib/mcpu-430x/mmpy-16/msr20/mc20/md20/libc.a(memset.o)
                0x000045da                memset
 .text          0x00004656        0x0 /usr/local/msp430/bin/../lib/gcc/msp430/4.7.0/../../../../msp430/lib/mcpu-430x/mmpy-16/msr20/mc20/md20/libc.a(strlen.o)
 .text.strlen   0x00004656       0x14 /usr/local/msp430/bin/../lib/gcc/msp430/4.7.0/../../../../msp430/lib/mcpu-430x/mmpy-16/msr20/mc20/md20/libc.a(strlen.o)
                0x00004656                strlen
 .text          0x0000466a        0x0 /usr/local/msp430/bin/../lib/gcc/msp430/4.7.0/mcpu-430x/mmpy-16/msr20/mc20/md20/libgcc.a(_udivmod64.o)
 .text.libgcc   0x0000466a       0xbc /usr/local/msp430/bin/../lib/gcc/msp430/4.7.0/mcpu-430x/mmpy-16/msr20/mc20/md20/libgcc.a(_udivmod64.o)
                0x0000466a                __xabi_udivmod64
                0x000046bc                __udivdi3
                0x000046d6                __umoddi3
                0x000046f8                __udivmoddi4
 .text          0x00004726        0x0 /usr/local/msp430/bin/../lib/gcc/msp430/4.7.0/mcpu-430x/mmpy-16/msr20/mc20/md20/libcrt0.a(_reset_vector__.o)
 .text          0x00004726        0x0 /usr/local/msp430/bin/../lib/gcc/msp430/4.7.0/mcpu-430x/mmpy-16/msr20/mc20/md20/libcrt0.a(__watchdog_support.o)
 .text          0x00004726        0x0 /usr/local/msp430/bin/../lib/gcc/msp430/4.7.0/mcpu-430x/mmpy-16/msr20/mc20/md20/libcrt0.a(__init_stack.o)
 .text          0x00004726        0x0 /usr/local/msp430/bin/../lib/gcc/msp430/4.7.0/mcpu-430x/mmpy-16/msr20/mc20/md20/libcrt0.a(__low_level_init.o)
 .text          0x00004726        0x0 /usr/local/msp430/bin/../lib/gcc/msp430/4.7.0/mcpu-430x/mmpy-16/msr20/mc20/md20/libcrt0.a(_copy_data.o)
 .text          0x00004726        0x0 /usr/local/msp430/bin/../lib/gcc/msp430/4.7.0/mcpu-430x/mmpy-16/msr20/mc20/md20/libcrt0.a(_clear_bss.o)
 .text          0x00004726        0x0 /usr/local/msp430/bin/../lib/gcc/msp430/4.7.0/mcpu-430x/mmpy-16/msr20/mc20/md20/libcrt0.a(__stop_progExec__.o)
 .text          0x00004726        0x0 /usr/local/msp430/bin/../lib/gcc/msp430/4.7.0/mcpu-430x/mmpy-16/msr20/mc20/md20/libcrt0.a(_endless_loop__.o)
 .text          0x00004726        0x0 /usr/local/msp430/bin/../lib/gcc/msp430/4.7.0/mcpu-430x/mmpy-16/msr20/mc20/md20/libcrt0.a(_unexpected_.o)
 .text.crt0     0x00004726        0x2 /usr/local/msp430/bin/../lib/gcc/msp430/4.7.0/mcpu-430x/mmpy-16/msr20/mc20/md20/libcrt0.a(_unexpected_.o)
                0x00004726                _unexpected_
 *(.near.text .near.text.*)
 .near.text     0x00004728        0x6 contiki-z1.a(watchdog.o)
                0x00004728                __isr_26
                0x00004728                watchdog_interrupt
 .near.text     0x0000472e       0x88 contiki-z1.a(button-sensor.o)
                0x0000472e                irq_p2
                0x0000472e                __isr_19
 .near.text     0x000047b6       0x76 contiki-z1.a(uart0.o)
                0x000047b6                __isr_23
                0x000047b6                uart0_rx_interrupt
 .near.text     0x0000482c      0x106 contiki-z1.a(adxl345.o)
                0x0000482c                port1_isr
                0x0000482c                __isr_18
 .near.text     0x00004932      0x138 contiki-z1.a(clock.o)
                0x00004932                __isr_24
                0x00004932                timera1
 .near.text     0x00004a6a       0x6e contiki-z1.a(rtimer-arch.o)
                0x00004a6a                __isr_25
                0x00004a6a                timera0
 .near.text     0x00004ad8       0xc0 contiki-z1.a(i2cmaster.o)
                0x00004ad8                __isr_16
                0x00004ad8                i2c_tx_interrupt
                0x00004b84                i2c_rx_interrupt
                0x00004b84                __isr_17
 .any.text      0x00004b98      0x3dc udp-client.co
 .any.text      0x00004f74        0x6 obj_z1/contiki-z1-main.o
                0x00004f74                uip_log
 .any.text      0x00004f7a        0xc contiki-z1.a(contiki-z1-plat)
                0x00004f7a                init_platform
 .any.text      0x00004f86       0xf0 contiki-z1.a(msp430.o)
                0x00004f86                msp430_init_dco
                0x00004fae                msp430_add_lpm_req
                0x00004fbc                msp430_remove_lpm_req
                0x00004fca                splhigh_
                0x00004fd2                msp430_sync_dco
                0x00005040                msp430_cpu_init
 .any.text      0x00005076      0x18a contiki-z1.a(leds.o)
                0x0000519e                leds_init
                0x000051aa                leds_get
                0x000051b0                leds_set
                0x000051b6                leds_on
                0x000051c2                leds_off
                0x000051d2                leds_toggle
                0x000051de                leds_blink
 .any.text      0x00005200       0x5e contiki-z1.a(watchdog.o)
                0x00005200                watchdog_start
                0x00005218                watchdog_periodic
                0x0000522a                watchdog_stop
                0x00005244                watchdog_init
                0x00005258                watchdog_reboot
 .any.text      0x0000525e      0x348 contiki-z1.a(xmem.o)
                0x000052ca                xmem_init
                0x000052e8                xmem_pread
                0x000053c6                xmem_pwrite
                0x000054fc                xmem_erase
 .any.text      0x000055a6       0x32 contiki-z1.a(spi.o)
                0x000055a6                spi_init
 .any.text      0x000055d8      0xc74 contiki-z1.a(cc2420.o)
                0x00005a22                cc2420_on
                0x00005a4c                cc2420_off
                0x00005cb0                cc2420_get_channel
                0x00005cb8                cc2420_set_channel
                0x00005cf8                cc2420_set_pan_addr
                0x00005d4a                cc2420_interrupt
                0x00005d62                cc2420_set_txpower
                0x00005d72                cc2420_get_txpower
                0x00005eee                cc2420_rssi
                0x00006072                cc2420_set_cca_threshold
                0x00006162                cc2420_init
 .any.text      0x0000624c       0x1a contiki-z1.a(cc2420-arch.o)
                0x0000624c                cc2420_arch_init
 .any.text      0x00006266      0x100 contiki-z1.a(node-id.o)
                0x00006266                node_id_restore
                0x00006318                node_id_burn
 .any.text      0x00006366      0x234 contiki-z1.a(sensors.o)
                0x0000649c                sensors_first
                0x000064a2                sensors_next
                0x000064ec                sensors_changed
                0x00006552                sensors_find
 .any.text      0x0000659a       0x86 contiki-z1.a(button-sensor.o)
 .any.text      0x00006620       0x6e contiki-z1.a(uart0.o)
                0x00006620                uart0_active
                0x00006630                uart0_set_input
                0x00006636                uart0_writeb
                0x0000664c                uart0_init
 .any.text      0x0000668e       0x10 contiki-z1.a(uart0-putchar.o)
                0x0000668e                putchar
 .any.text      0x0000669e     0x114a contiki-z1.a(cc1200.o)
                0x00007356                cc1200_init
                0x000074f4                cc1200_rx_interrupt
 .any.text      0x000077e8      0x204 contiki-z1.a(cc1200-z1-arch.)
                0x000077e8                cc1200_arch_spi_select
                0x000077f6                cc1200_arch_spi_deselect
                0x000077fe                cc1200_arch_spi_rw_byte
                0x0000781c                cc1200_arch_spi_rw
                0x000078dc                cc1200_arch_init
                0x00007932                cc1200_arch_interrupt_enable
                0x00007948                clock_delay_usec
                0x00007956                cc1200_arch_gpio0_setup_irq
                0x0000797e                cc1200_arch_gpio2_setup_irq
                0x000079b0                cc1200_arch_gpio0_enable_irq
                0x000079ba                cc1200_arch_gpio0_disable_irq
                0x000079c0                cc1200_arch_gpio2_enable_irq
                0x000079ce                cc1200_arch_gpio2_disable_irq
                0x000079d6                cc1200_arch_gpio0_read_pin
                0x000079de                cc1200_arch_gpio2_read_pin
                0x000079e8                cc1200_arch_gpio3_read_pin
 .any.text      0x000079ec      0x2fc contiki-z1.a(adxl345.o)
                0x00007b86                accm_read_axis
                0x00007b96                accm_set_grange
                0x00007bc8                accm_init
                0x00007c44                accm_stop
                0x00007ca6                accm_set_irq
 .any.text      0x00007ce8      0x1bc contiki-z1.a(dual_radio.o)
                0x00007d14                dual_radio_switch
                0x00007e20                dual_radio_change
                0x00007e3c                sending_in_LR
                0x00007e56                dual_radio_received
                0x00007e74                radio_received_is_longrange
                0x00007e84                dio_broadcast
                0x00007e96                dis_broadcast
 .any.text      0x00007ea4       0xfc contiki-z1.a(clock.o)
                0x00007ea4                clock_time
                0x00007ec6                clock_set
                0x00007ee0                clock_fine_max
                0x00007ee6                clock_fine
                0x00007ef4                clock_init
                0x00007f20                clock_delay
                0x00007f30                clock_wait
                0x00007f54                clock_set_seconds
                0x00007f70                clock_seconds
                0x00007f92                clock_counter
 .any.text      0x00007fa0       0x74 contiki-z1.a(leds-arch.o)
                0x00007fa0                leds_arch_init
                0x00007fae                leds_arch_get
                0x00007fdc                leds_arch_set
 .any.text      0x00008014       0x22 contiki-z1.a(rtimer-arch.o)
                0x00008014                rtimer_arch_init
                0x00008022                rtimer_arch_now
                0x00008030                rtimer_arch_schedule
 .any.text      0x00008036       0x5a contiki-z1.a(autostart.o)
                0x00008036                autostart_start
                0x00008064                autostart_exit
 .any.text      0x00008090      0x1f8 contiki-z1.a(ctimer.o)
                0x00008138                ctimer_init
                0x00008152                ctimer_set_with_process
                0x000081a8                ctimer_set
                0x000081be                ctimer_reset
                0x000081f2                ctimer_restart
                0x00008226                ctimer_stop
                0x00008254                ctimer_expired
 .any.text      0x00008288      0x1c4 contiki-z1.a(energest.o)
                0x00008288                energest_init
                0x000082de                energest_type_time
                0x0000838c                energest_leveldevice_leveltime
                0x00008392                energest_type_set
                0x000083ac                energest_flush
 .any.text      0x0000844c      0x2a4 contiki-z1.a(etimer.o)
                0x000084c6                etimer_request_poll
                0x000085e8                etimer_set
                0x000085fa                etimer_reset_with_new_interval
                0x00008618                etimer_reset
                0x0000862a                etimer_restart
                0x0000863c                etimer_adjust
                0x00008656                etimer_expired
                0x00008666                etimer_expiration_time
                0x0000867a                etimer_start_time
                0x00008682                etimer_pending
                0x00008690                etimer_next_expiration_time
                0x000086ac                etimer_stop
 .any.text      0x000086f0      0x34e contiki-z1.a(process.o)
                0x000087f2                process_alloc_event
                0x00008804                process_exit
                0x0000880e                process_init
                0x00008834                process_run
                0x00008926                process_nevents
                0x00008938                process_post
                0x000089ce                process_post_synch
                0x000089e0                process_start
                0x00008a16                process_poll
                0x00008a30                process_is_running
 .any.text      0x00008a3e       0x54 contiki-z1.a(rtimer.o)
                0x00008a3e                rtimer_init
                0x00008a44                rtimer_set
                0x00008a6a                rtimer_run_next
 .any.text      0x00008a92       0xa4 contiki-z1.a(stimer.o)
                0x00008a92                stimer_set
                0x00008aae                stimer_reset
                0x00008abc                stimer_restart
                0x00008ad0                stimer_expired
                0x00008b00                stimer_remaining
                0x00008b24                stimer_elapsed
 .any.text      0x00008b36       0x8c contiki-z1.a(timer.o)
                0x00008b36                timer_set
                0x00008b52                timer_reset
                0x00008b60                timer_restart
                0x00008b74                timer_expired
                0x00008b9e                timer_remaining
 .any.text      0x00008bc2      0x132 contiki-z1.a(serial-line.o)
                0x00008c88                serial_line_input_byte
                0x00008cd8                serial_line_init
 .any.text      0x00008cf4       0xfe contiki-z1.a(list.o)
                0x00008cf4                list_init
                0x00008cfc                list_head
                0x00008d00                list_copy
                0x00008d08                list_tail
                0x00008d1a                list_chop
                0x00008d38                list_pop
                0x00008d48                list_remove
                0x00008d7e                list_push
                0x00008d96                list_add
                0x00008dbe                list_length
                0x00008dce                list_insert
                0x00008de6                list_item_next
 .any.text      0x00008df2        0xc contiki-z1.a(random.o)
                0x00008df2                random_init
                0x00008df8                random_rand
 .any.text      0x00008dfe       0xae contiki-z1.a(ringbuf.o)
                0x00008dfe                ringbuf_init
                0x00008e12                ringbuf_put
                0x00008e56                ringbuf_get
                0x00008e92                ringbuf_size
                0x00008e9a                ringbuf_elements
 .any.text      0x00008eac     0x15f8 contiki-z1.a(sicslowpan.o)
                0x0000942c                sicslowpan_init
                0x0000a48e                rime_sniffer_add
                0x0000a494                rime_sniffer_remove
                0x0000a49c                sicslowpan_get_last_rssi
 .any.text      0x0000a4a4     0x1842 contiki-z1.a(uip6.o)
                0x0000a624                uip_add32
                0x0000a6c6                uip_chksum
                0x0000a6de                uip_icmp6chksum
                0x0000a6e8                uip_tcpchksum
                0x0000a6f2                uip_udpchksum
                0x0000a6fc                uip_init
                0x0000a782                uip_connect
                0x0000a8ac                remove_ext_hdr
                0x0000a90a                uip_udp_new
                0x0000a9ee                uip_unlisten
                0x0000aa3e                uip_listen
                0x0000aa8e                uip_process
                0x0000bc62                uip_htons
                0x0000bc6e                uip_htonl
                0x0000bc98                uip_send
 .any.text      0x0000bce6      0xb28 contiki-z1.a(uip-ds6.o)
                0x0000bce6                uip_ds6_list_loop
                0x0000bd6a                uip_ds6_prefix_add
                0x0000bdde                uip_ds6_prefix_rm
                0x0000bde8                uip_ds6_prefix_lookup
                0x0000be14                uip_ds6_is_addr_onlink
                0x0000be58                uip_ds6_addr_lookup
                0x0000be86                uip_ds6_long_addr_lookup
                0x0000beb4                uip_ds6_get_link_local
                0x0000bef0                uip_ds6_long_get_link_local
                0x0000bf2c                uip_ds6_get_global
                0x0000bf68                uip_ds6_long_get_global
                0x0000bfa4                uip_ds6_maddr_add
                0x0000bff0                uip_ds6_long_addr_add
                0x0000c0be                uip_ds6_addr_add
                0x0000c18c                uip_ds6_long_maddr_add
                0x0000c1d8                uip_ds6_maddr_rm
                0x0000c1e2                uip_ds6_maddr_lookup
                0x0000c210                uip_ds6_addr_rm
                0x0000c27a                uip_ds6_periodic
                0x0000c300                uip_ds6_long_maddr_lookup
                0x0000c32e                uip_ds6_aaddr_add
                0x0000c378                uip_ds6_long_aaddr_add
                0x0000c3c2                uip_ds6_aaddr_rm
                0x0000c3cc                uip_ds6_aaddr_lookup
                0x0000c3f8                uip_ds6_long_aaddr_lookup
                0x0000c424                uip_ds6_set_addr_iid
                0x0000c43a                get_match_length
                0x0000c488                uip_ds6_select_src
                0x0000c58a                uip_ds6_compute_reachable_time
                0x0000c5c4                uip_ds6_init
 .any.text      0x0000c80e      0x13a contiki-z1.a(uip-ds6-nbr.o)
                0x0000c80e                uip_ds6_neighbors_init
                0x0000c81c                uip_ds6_nbr_add
                0x0000c860                uip_ds6_nbr_get_ipaddr
                0x0000c862                uip_ds6_nbr_get_ll
                0x0000c86e                uip_ds6_nbr_rm
                0x0000c89c                uip_ds6_nbr_num
                0x0000c8c0                uip_ds6_nbr_lookup
                0x0000c8fe                uip_ds6_nbr_ll_lookup
                0x0000c90a                uip_ds6_nbr_ipaddr_from_lladdr
                0x0000c910                uip_ds6_nbr_lladdr_from_ipaddr
                0x0000c922                uip_ds6_link_neighbor_callback
 .any.text      0x0000c948      0x4ba contiki-z1.a(uip-ds6-route.o)
                0x0000c98a                uip_ds6_notification_add
                0x0000c9a2                uip_ds6_notification_rm
                0x0000c9ae                uip_ds6_route_init
                0x0000c9e4                uip_ds6_route_nexthop
                0x0000c9fe                uip_ds6_route_head
                0x0000ca08                uip_ds6_route_next
                0x0000ca16                uip_ds6_route_is_nexthop
                0x0000ca38                uip_ds6_route_num_routes
                0x0000ca40                uip_ds6_route_lookup
                0x0000cab0                uip_ds6_route_rm
                0x0000cb96                uip_ds6_route_add
                0x0000cc9a                uip_ds6_route_rm_by_nexthop
                0x0000ccae                uip_ds6_defrt_rm
                0x0000ccf4                uip_ds6_defrt_lookup
                0x0000cd28                uip_ds6_defrt_add
                0x0000cd92                uip_ds6_defrt_choose
                0x0000cdca                uip_ds6_defrt_periodic
 .any.text      0x0000ce02      0x552 contiki-z1.a(uip-icmp6.o)
                0x0000d088                uip_icmp6_input
                0x0000d0cc                uip_icmp6_register_input_handler
                0x0000d0d8                uip_icmp6_error_output
                0x0000d292                uip_icmp6_send
                0x0000d31e                uip_icmp6_echo_reply_callback_add
                0x0000d336                uip_icmp6_echo_reply_callback_rm
                0x0000d342                uip_icmp6_init
 .any.text      0x0000d354      0x1f2 contiki-z1.a(uip-nd6.o)
                0x0000d354                uip_nd6_ns_output
                0x0000d544                uip_nd6_init
 .any.text      0x0000d546      0x4fc contiki-z1.a(tcpip.o)
                0x0000d55c                tcpip_output
                0x0000d56c                tcpip_set_outputfunc
                0x0000d572                tcp_unlisten
                0x0000d59c                tcp_listen
                0x0000d5c4                tcp_attach
                0x0000d5d2                udp_attach
                0x0000d5e0                udp_new
                0x0000d5fc                udp_broadcast_new
                0x0000d642                tcpip_input
                0x0000d65c                tcpip_ipv6_output
                0x0000d998                tcpip_poll_udp
                0x0000d9a6                tcpip_poll_tcp
                0x0000d9b4                tcp_connect
                0x0000d9d8                tcpip_uipcall
 .any.text      0x0000da42      0x136 contiki-z1.a(uip-debug.o)
                0x0000da42                uip_debug_ipaddr_print
                0x0000db28                uip_debug_lladdr_print
 .any.text      0x0000db78       0x88 contiki-z1.a(uip-udp-packet.)
                0x0000db78                uip_udp_packet_send
                0x0000dbaa                uip_udp_packet_sendto
 .any.text      0x0000dc00      0x448 contiki-z1.a(rpl.o)
                0x0000dc00                rpl_get_mode
                0x0000dc08                rpl_set_mode
                0x0000dc88                rpl_purge_routes
                0x0000dd46                rpl_remove_routes
                0x0000dd6a                rpl_remove_routes_by_nexthop
                0x0000ddaa                rpl_add_route
                0x0000de3a                rpl_link_neighbor_callback
                0x0000deba                rpl_ipv6_neighbor_callback
                0x0000df12                rpl_purge_dags
                0x0000dff4                rpl_init
 .any.text      0x0000e048     0x10b6 contiki-z1.a(rpl-dag.o)
                0x0000e164                rpl_get_nbr
                0x0000e182                rpl_print_neighbor_list
                0x0000e28e                rpl_dag_init
                0x0000e29c                rpl_get_parent
                0x0000e2a8                rpl_get_parent_rank
                0x0000e2c0                rpl_get_parent_link_metric
                0x0000e2d8                rpl_get_parent_ipaddr
                0x0000e2e8                rpl_set_prefix
                0x0000e358                rpl_set_default_route
                0x0000e3a0                rpl_alloc_instance
                0x0000e3da                rpl_set_default_instance
                0x0000e3e0                rpl_get_default_instance
                0x0000e3e6                rpl_add_parent
                0x0000e438                rpl_find_parent
                0x0000e454                rpl_find_parent_any_dag
                0x0000e478                rpl_select_parent
                0x0000e4ee                rpl_select_dag
                0x0000e680                rpl_nullify_parent
                0x0000e6d2                rpl_remove_parent
                0x0000e71c                rpl_free_dag
                0x0000e750                rpl_free_instance
                0x0000e7bc                rpl_move_parent
                0x0000e812                rpl_has_downward_route
                0x0000e828                rpl_get_any_dag
                0x0000e840                rpl_get_instance
                0x0000e85a                rpl_alloc_dag
                0x0000e8ba                rpl_repair_root
                0x0000e906                rpl_set_root
                0x0000ea28                rpl_find_of
                0x0000ea3a                rpl_join_instance
                0x0000eb5e                rpl_local_repair
                0x0000ec0a                rpl_process_parent_event
                0x0000ec76                rpl_recalculate_ranks
                0x0000ecbc                rpl_add_dag
                0x0000edc8                rpl_process_dio
 .any.text      0x0000f0fe       0x1e contiki-z1.a(nullmac.o)

.rodata         0x0000f11c      0xe9e
                0x0000f11c                . = ALIGN (0x2)
 *(.rodata .rodata.* .gnu.linkonce.r.*)
 .rodata        0x0000f11c       0x64 contiki-z1.a(cc2420.o)
 .rodata        0x0000f180       0x64 contiki-z1.a(cc1200.o)
 .rodata        0x0000f1e4       0x40 contiki-z1.a(uip6.o)
 .rodata.vuprintf
                0x0000f224        0x7 /usr/local/msp430/bin/../lib/gcc/msp430/4.7.0/../../../../msp430/lib/mcpu-430x/mmpy-16/msr20/mc20/md20/libc.a(vuprintf.o)
 *(.near.rodata .near.rodata.*)
 *fill*         0x0000f22b        0x1 00
 .any.rodata    0x0000f22c      0x176 udp-client.co
                0x0000f386                autostart_processes
 .any.rodata    0x0000f3a2      0x26b obj_z1/contiki-z1-main.o
 .any.rodata    0x0000f60d       0x2c contiki-z1.a(xmem.o)
 *fill*         0x0000f639        0x1 00
 .any.rodata    0x0000f63a      0x114 contiki-z1.a(cc2420.o)
                0x0000f6f0                cc2420_aes_128_driver
                0x0000f6f8                cc2420_driver
 .any.rodata    0x0000f74e       0x2d contiki-z1.a(node-id.o)
 .any.rodata    0x0000f77b        0x8 contiki-z1.a(sensors.o)
 *fill*         0x0000f783        0x1 00
 .any.rodata    0x0000f784       0x18 contiki-z1.a(button-sensor.o)
                0x0000f78c                button_sensor
 .any.rodata    0x0000f79c      0x29e contiki-z1.a(cc1200.o)
                0x0000fa02                cc1200_driver
 .any.rodata    0x0000fa3a      0x10a contiki-z1.a(cc1200-802154g-)
                0x0000fa3a                cc1200_802154g_863_870_fsk_50kbps
 .any.rodata    0x0000fb44       0x72 contiki-z1.a(cc1200-z1-arch.)
 .any.rodata    0x0000fbb6       0xb0 contiki-z1.a(adxl345.o)
                0x0000fc40                adxl345
 .any.rodata    0x0000fc66       0xfb contiki-z1.a(dual_radio.o)
 .any.rodata    0x0000fd61        0xf contiki-z1.a(ctimer.o)
 .any.rodata    0x0000fd70        0xc contiki-z1.a(etimer.o)
 .any.rodata    0x0000fd7c        0xe contiki-z1.a(serial-line.o)
 .any.rodata    0x0000fd8a       0x2a contiki-z1.a(sicslowpan.o)
                0x0000fd96                sicslowpan_driver
                0x0000fda2                llprefix
                0x0000fda4                unc_mxconf
                0x0000fda8                unc_ctxconf
                0x0000fdac                unc_llconf
 .any.rodata    0x0000fdb4        0xd contiki-z1.a(tcpip.o)
 .any.rodata    0x0000fdc1       0x3c contiki-z1.a(uip-debug.o)
 .any.rodata    0x0000fdfd      0x1a6 contiki-z1.a(rpl.o)
 .any.rodata    0x0000ffa3        0x2 contiki-z1.a(frame802154.o)
 *fill*         0x0000ffa5        0x1 00
 .any.rodata    0x0000ffa6        0xc contiki-z1.a(framer-802154.o)
                0x0000ffa6                framer_802154
 .any.rodata    0x0000ffb2        0x8 contiki-z1.a(linkaddr.o)
                0x0000ffb2                linkaddr_null
                0x0000ffba                . = ALIGN (0x2)
                0x0000ffba                _etext = .

.data           0x00001100       0xcf load address 0x0000ffba
                0x00001100                . = ALIGN (0x2)
                0x00001100                __data_start = .
 *(.data .data.* .gnu.linkonce.d.*)
 .data          0x00001100        0x0 /usr/local/msp430/bin/../lib/gcc/msp430/4.7.0/mcpu-430x/mmpy-16/msr20/mc20/md20/crt0ivtbl32.o
 .data          0x00001100        0x0 udp-client.co
 .data          0x00001100        0x0 obj_z1/contiki-z1-main.o
 .data          0x00001100        0x0 contiki-z1.a(contiki-z1-plat)
 .data          0x00001100        0x0 contiki-z1.a(msp430.o)
 .data          0x00001100        0x0 contiki-z1.a(leds.o)
 .data          0x00001100        0x0 contiki-z1.a(watchdog.o)
 .data          0x00001100        0x0 contiki-z1.a(xmem.o)
 .data          0x00001100        0x0 contiki-z1.a(spi.o)
 .data          0x00001100        0x0 contiki-z1.a(cc2420.o)
 .data          0x00001100        0x0 contiki-z1.a(cc2420-arch.o)
 .data          0x00001100        0x0 contiki-z1.a(node-id.o)
 .data          0x00001100        0x0 contiki-z1.a(sensors.o)
 .data          0x00001100        0x0 contiki-z1.a(button-sensor.o)
 .data          0x00001100        0x0 contiki-z1.a(uart0.o)
 .data          0x00001100        0x0 contiki-z1.a(uart0-putchar.o)
 .data          0x00001100        0x0 contiki-z1.a(cc1200.o)
 .data          0x00001100        0x0 contiki-z1.a(cc1200-802154g-)
 .data          0x00001100        0x0 contiki-z1.a(cc1200-z1-arch.)
 .data          0x00001100        0x0 contiki-z1.a(adxl345.o)
 .data          0x00001100        0x0 contiki-z1.a(dual_radio.o)
 .data          0x00001100        0x0 contiki-z1.a(clock.o)
 .data          0x00001100        0x0 contiki-z1.a(leds-arch.o)
 .data          0x00001100        0x0 contiki-z1.a(rtimer-arch.o)
 .data          0x00001100        0x0 contiki-z1.a(autostart.o)
 .data          0x00001100        0x0 contiki-z1.a(ctimer.o)
 .data          0x00001100        0x0 contiki-z1.a(energest.o)
 .data          0x00001100        0x0 contiki-z1.a(etimer.o)
 .data          0x00001100        0x0 contiki-z1.a(process.o)
 .data          0x00001100        0x0 contiki-z1.a(rtimer.o)
 .data          0x00001100        0x0 contiki-z1.a(stimer.o)
 .data          0x00001100        0x0 contiki-z1.a(timer.o)
 .data          0x00001100        0x0 contiki-z1.a(serial-line.o)
 .data          0x00001100        0x0 contiki-z1.a(list.o)
 .data          0x00001100        0x0 contiki-z1.a(random.o)
 .data          0x00001100        0x0 contiki-z1.a(ringbuf.o)
 .data          0x00001100        0x0 contiki-z1.a(sicslowpan.o)
 .data          0x00001100        0x0 contiki-z1.a(uip6.o)
 .data          0x00001100        0x0 contiki-z1.a(uip-ds6.o)
 .data          0x00001100        0x0 contiki-z1.a(uip-ds6-nbr.o)
 .data          0x00001100        0x0 contiki-z1.a(uip-ds6-route.o)
 .data          0x00001100        0x0 contiki-z1.a(uip-icmp6.o)
 .data          0x00001100        0x0 contiki-z1.a(uip-nd6.o)
 .data          0x00001100        0x0 contiki-z1.a(tcpip.o)
 .data          0x00001100        0x0 contiki-z1.a(uip-debug.o)
 .data          0x00001100        0x0 contiki-z1.a(uip-udp-packet.)
 .data          0x00001100        0x0 contiki-z1.a(rpl.o)
 .data          0x00001100        0x0 contiki-z1.a(rpl-dag.o)
 .data          0x00001100        0x0 contiki-z1.a(rpl-ext-header.)
 .data          0x00001100        0x0 contiki-z1.a(rpl-icmp6.o)
 .data          0x00001100        0x0 contiki-z1.a(rpl-jkof.o)
 .data          0x00001100        0x0 contiki-z1.a(rpl-timers.o)
 .data          0x00001100        0x0 contiki-z1.a(frame802154.o)
 .data          0x00001100        0x0 contiki-z1.a(framer-802154.o)
 .data          0x00001100        0x0 contiki-z1.a(nullmac.o)
 .data          0x00001100        0x0 contiki-z1.a(nullrdc.o)
 .data          0x00001100        0x0 contiki-z1.a(linkaddr.o)
 .data          0x00001100        0x0 contiki-z1.a(nbr-table.o)
 .data          0x00001100        0x0 contiki-z1.a(packetbuf.o)
 .data          0x00001100        0x0 contiki-z1.a(queuebuf.o)
 .data          0x00001100        0x0 contiki-z1.a(nullsec.o)
 .data          0x00001100        0x0 contiki-z1.a(i2cmaster.o)
 .data          0x00001100        0x0 contiki-z1.a(memb.o)
 .data          0x00001100        0x0 contiki-z1.a(rpl-nbr-policy.)
 .data          0x00001100        0x0 contiki-z1.a(mac.o)
 .data          0x00001100        0x0 contiki-z1.a(mac-sequence.o)
 .data          0x00001100        0x0 /usr/local/msp430/bin/../lib/gcc/msp430/4.7.0/mcpu-430x/mmpy-16/msr20/mc20/md20/libgcc.a(_mulsi3.o)
 .data          0x00001100        0x0 /usr/local/msp430/bin/../lib/gcc/msp430/4.7.0/mcpu-430x/mmpy-16/msr20/mc20/md20/libgcc.a(_udivmod16.o)
 .data          0x00001100        0x0 /usr/local/msp430/bin/../lib/gcc/msp430/4.7.0/mcpu-430x/mmpy-16/msr20/mc20/md20/libgcc.a(_divmod16.o)
 .data          0x00001100        0x0 /usr/local/msp430/bin/../lib/gcc/msp430/4.7.0/mcpu-430x/mmpy-16/msr20/mc20/md20/libgcc.a(_udivmod32.o)
 .data          0x00001100        0x0 /usr/local/msp430/bin/../lib/gcc/msp430/4.7.0/../../../../msp430/lib/mcpu-430x/mmpy-16/msr20/mc20/md20/libc.a(printf.o)
 .data          0x00001100        0x0 /usr/local/msp430/bin/../lib/gcc/msp430/4.7.0/../../../../msp430/lib/mcpu-430x/mmpy-16/msr20/mc20/md20/libc.a(sprintf.o)
 .data          0x00001100        0x0 /usr/local/msp430/bin/../lib/gcc/msp430/4.7.0/../../../../msp430/lib/mcpu-430x/mmpy-16/msr20/mc20/md20/libc.a(vuprintf.o)
 .data          0x00001100        0x0 /usr/local/msp430/bin/../lib/gcc/msp430/4.7.0/../../../../msp430/lib/mcpu-430x/mmpy-16/msr20/mc20/md20/libc.a(puts.o)
 .data          0x00001100        0x0 /usr/local/msp430/bin/../lib/gcc/msp430/4.7.0/../../../../msp430/lib/mcpu-430x/mmpy-16/msr20/mc20/md20/libc.a(rand.o)
 .data.next     0x00001100        0x4 /usr/local/msp430/bin/../lib/gcc/msp430/4.7.0/../../../../msp430/lib/mcpu-430x/mmpy-16/msr20/mc20/md20/libc.a(rand.o)
 .data          0x00001104        0x0 /usr/local/msp430/bin/../lib/gcc/msp430/4.7.0/../../../../msp430/lib/mcpu-430x/mmpy-16/msr20/mc20/md20/libc.a(strncmp.o)
 .data          0x00001104        0x0 /usr/local/msp430/bin/../lib/gcc/msp430/4.7.0/../../../../msp430/lib/mcpu-430x/mmpy-16/msr20/mc20/md20/libc.a(memcmp.o)
 .data          0x00001104        0x0 /usr/local/msp430/bin/../lib/gcc/msp430/4.7.0/../../../../msp430/lib/mcpu-430x/mmpy-16/msr20/mc20/md20/libc.a(memcpy.o)
 .data          0x00001104        0x0 /usr/local/msp430/bin/../lib/gcc/msp430/4.7.0/../../../../msp430/lib/mcpu-430x/mmpy-16/msr20/mc20/md20/libc.a(memmove.o)
 .data          0x00001104        0x0 /usr/local/msp430/bin/../lib/gcc/msp430/4.7.0/../../../../msp430/lib/mcpu-430x/mmpy-16/msr20/mc20/md20/libc.a(memset.o)
 .data          0x00001104        0x0 /usr/local/msp430/bin/../lib/gcc/msp430/4.7.0/../../../../msp430/lib/mcpu-430x/mmpy-16/msr20/mc20/md20/libc.a(strlen.o)
 .data          0x00001104        0x0 /usr/local/msp430/bin/../lib/gcc/msp430/4.7.0/mcpu-430x/mmpy-16/msr20/mc20/md20/libgcc.a(_udivmod64.o)
 .data          0x00001104        0x0 /usr/local/msp430/bin/../lib/gcc/msp430/4.7.0/mcpu-430x/mmpy-16/msr20/mc20/md20/libcrt0.a(_reset_vector__.o)
 .data          0x00001104        0x0 /usr/local/msp430/bin/../lib/gcc/msp430/4.7.0/mcpu-430x/mmpy-16/msr20/mc20/md20/libcrt0.a(__watchdog_support.o)
 .data          0x00001104        0x0 /usr/local/msp430/bin/../lib/gcc/msp430/4.7.0/mcpu-430x/mmpy-16/msr20/mc20/md20/libcrt0.a(__init_stack.o)
 .data          0x00001104        0x0 /usr/local/msp430/bin/../lib/gcc/msp430/4.7.0/mcpu-430x/mmpy-16/msr20/mc20/md20/libcrt0.a(__low_level_init.o)
 .data          0x00001104        0x0 /usr/local/msp430/bin/../lib/gcc/msp430/4.7.0/mcpu-430x/mmpy-16/msr20/mc20/md20/libcrt0.a(_copy_data.o)
 .data          0x00001104        0x0 /usr/local/msp430/bin/../lib/gcc/msp430/4.7.0/mcpu-430x/mmpy-16/msr20/mc20/md20/libcrt0.a(_clear_bss.o)
 .data          0x00001104        0x0 /usr/local/msp430/bin/../lib/gcc/msp430/4.7.0/mcpu-430x/mmpy-16/msr20/mc20/md20/libcrt0.a(__stop_progExec__.o)
 .data          0x00001104        0x0 /usr/local/msp430/bin/../lib/gcc/msp430/4.7.0/mcpu-430x/mmpy-16/msr20/mc20/md20/libcrt0.a(_endless_loop__.o)
 .data          0x00001104        0x0 /usr/local/msp430/bin/../lib/gcc/msp430/4.7.0/mcpu-430x/mmpy-16/msr20/mc20/md20/libcrt0.a(_unexpected_.o)
 *(.near.data .near.data.*)
                0x00001104                . = ALIGN (0x2)
                0x00001104                _edata = .
 .any.data      0x00001104       0x12 udp-client.co
                0x00001104                udp_client_process
                0x00001114                alpha
                0x00001115                remaining_energy
 .any.data      0x00001116        0x8 obj_z1/contiki-z1-main.o
                0x00001116                sensors
 .any.data      0x0000111e        0x4 contiki-z1.a(msp430.o)
 .any.data      0x00001122       0x12 contiki-z1.a(cc2420.o)
                0x00001122                cc2420_process
 .any.data      0x00001134       0x10 contiki-z1.a(sensors.o)
                0x00001134                sensors_process
 .any.data      0x00001144       0x10 contiki-z1.a(cc1200.o)
                0x00001144                cc1200_process
 .any.data      0x00001154       0x26 contiki-z1.a(adxl345.o)
                0x00001154                accmeter_process
 .any.data      0x0000117a       0x22 contiki-z1.a(dual_radio.o)
                0x0000117a                dual_dis_broadcast
                0x0000118a                dual_dio_broadcast
                0x0000119a                radio_received
 .any.data      0x0000119c       0x10 contiki-z1.a(ctimer.o)
                0x0000119c                ctimer_process
 .any.data      0x000011ac       0x10 contiki-z1.a(etimer.o)
                0x000011ac                etimer_process
 .any.data      0x000011bc       0x10 contiki-z1.a(serial-line.o)
                0x000011bc                serial_line_process
 .any.data      0x000011cc        0x2 contiki-z1.a(frame802154.o)
 .any.data      0x000011ce        0x1 contiki-z1.a(i2cmaster.o)
                0x000011ce                prescale_lsb
                0x0000ffba                __data_load_start = LOADADDR (.data)
                0x000000cf                __data_size = SIZEOF (.data)

.bss            0x000011d0     0x1f2a load address 0x0001008a
                0x000011d0                __bss_start = .
 *(.bss .bss.*)
 .bss           0x000011d0        0x0 /usr/local/msp430/bin/../lib/gcc/msp430/4.7.0/mcpu-430x/mmpy-16/msr20/mc20/md20/crt0ivtbl32.o
 .bss           0x000011d0       0x4a udp-client.co
 .bss           0x0000121a        0x4 obj_z1/contiki-z1-main.o
 .bss           0x0000121e        0x0 contiki-z1.a(contiki-z1-plat)
 .bss           0x0000121e        0x0 contiki-z1.a(msp430.o)
 .bss           0x0000121e        0x1 contiki-z1.a(leds.o)
 *fill*         0x0000121f        0x1 00
 .bss           0x00001220        0x2 contiki-z1.a(watchdog.o)
 .bss           0x00001222        0x0 contiki-z1.a(xmem.o)
 .bss           0x00001222        0x0 contiki-z1.a(spi.o)
 .bss           0x00001222        0xa contiki-z1.a(cc2420.o)
 .bss           0x0000122c        0x0 contiki-z1.a(cc2420-arch.o)
 .bss           0x0000122c        0x0 contiki-z1.a(node-id.o)
 .bss           0x0000122c        0x6 contiki-z1.a(sensors.o)
 .bss           0x00001232        0x8 contiki-z1.a(button-sensor.o)
 .bss           0x0000123a        0x6 contiki-z1.a(uart0.o)
 .bss           0x00001240        0x0 contiki-z1.a(uart0-putchar.o)
 .bss           0x00001240      0x19c contiki-z1.a(cc1200.o)
 .bss           0x000013dc        0x0 contiki-z1.a(cc1200-802154g-)
 .bss           0x000013dc        0x0 contiki-z1.a(cc1200-z1-arch.)
 .bss           0x000013dc       0x16 contiki-z1.a(adxl345.o)
 .bss           0x000013f2       0x24 contiki-z1.a(dual_radio.o)
 .bss           0x00001416        0xa contiki-z1.a(clock.o)
 .bss           0x00001420        0x0 contiki-z1.a(leds-arch.o)
 .bss           0x00001420        0x0 contiki-z1.a(rtimer-arch.o)
 .bss           0x00001420        0x0 contiki-z1.a(autostart.o)
 .bss           0x00001420        0x6 contiki-z1.a(ctimer.o)
 .bss           0x00001426        0x0 contiki-z1.a(energest.o)
 .bss           0x00001426        0x8 contiki-z1.a(etimer.o)
 .bss           0x0000142e       0x64 contiki-z1.a(process.o)
 .bss           0x00001492        0x4 contiki-z1.a(rtimer.o)
 .bss           0x00001496        0x0 contiki-z1.a(stimer.o)
 .bss           0x00001496        0x0 contiki-z1.a(timer.o)
 .bss           0x00001496      0x10c contiki-z1.a(serial-line.o)
 .bss           0x000015a2        0x0 contiki-z1.a(list.o)
 .bss           0x000015a2        0x0 contiki-z1.a(random.o)
 .bss           0x000015a2        0x0 contiki-z1.a(ringbuf.o)
 .bss           0x000015a2      0x6ee contiki-z1.a(sicslowpan.o)
 .bss           0x00001c90        0xc contiki-z1.a(uip6.o)
 .bss           0x00001c9c       0x30 contiki-z1.a(uip-ds6.o)
 .bss           0x00001ccc      0x190 contiki-z1.a(uip-ds6-nbr.o)
 .bss           0x00001e5c      0x2cc contiki-z1.a(uip-ds6-route.o)
 .bss           0x00002128       0x18 contiki-z1.a(uip-icmp6.o)
 .bss           0x00002140        0x0 contiki-z1.a(uip-nd6.o)
 .bss           0x00002140       0x48 contiki-z1.a(tcpip.o)
 .bss           0x00002188        0x0 contiki-z1.a(uip-debug.o)
 .bss           0x00002188        0x0 contiki-z1.a(uip-udp-packet.)
 .bss           0x00002188        0x2 contiki-z1.a(rpl.o)
 .bss           0x0000218a      0x118 contiki-z1.a(rpl-dag.o)
 .bss           0x000022a2        0x0 contiki-z1.a(rpl-ext-header.)
 .bss           0x000022a2        0x0 contiki-z1.a(rpl-icmp6.o)
 .bss           0x000022a2        0x0 contiki-z1.a(rpl-jkof.o)
 .bss           0x000022a2       0x24 contiki-z1.a(rpl-timers.o)
 .bss           0x000022c6        0x0 contiki-z1.a(frame802154.o)
 .bss           0x000022c6        0x2 contiki-z1.a(framer-802154.o)
 .bss           0x000022c8        0x0 contiki-z1.a(nullmac.o)
 .bss           0x000022c8        0x0 contiki-z1.a(nullrdc.o)
 .bss           0x000022c8        0x0 contiki-z1.a(linkaddr.o)
 .bss           0x000022c8      0x152 contiki-z1.a(nbr-table.o)
 .bss           0x0000241a       0x86 contiki-z1.a(packetbuf.o)
 .bss           0x000024a0      0x2d8 contiki-z1.a(queuebuf.o)
 .bss           0x00002778        0x0 contiki-z1.a(nullsec.o)
 .bss           0x00002778        0x2 contiki-z1.a(i2cmaster.o)
 .bss           0x0000277a        0x0 contiki-z1.a(memb.o)
 .bss           0x0000277a       0x2e contiki-z1.a(rpl-nbr-policy.)
 .bss           0x000027a8        0x0 contiki-z1.a(mac.o)
 .bss           0x000027a8       0xa0 contiki-z1.a(mac-sequence.o)
 .bss           0x00002848        0x0 /usr/local/msp430/bin/../lib/gcc/msp430/4.7.0/mcpu-430x/mmpy-16/msr20/mc20/md20/libgcc.a(_mulsi3.o)
 .bss           0x00002848        0x0 /usr/local/msp430/bin/../lib/gcc/msp430/4.7.0/mcpu-430x/mmpy-16/msr20/mc20/md20/libgcc.a(_udivmod16.o)
 .bss           0x00002848        0x0 /usr/local/msp430/bin/../lib/gcc/msp430/4.7.0/mcpu-430x/mmpy-16/msr20/mc20/md20/libgcc.a(_divmod16.o)
 .bss           0x00002848        0x0 /usr/local/msp430/bin/../lib/gcc/msp430/4.7.0/mcpu-430x/mmpy-16/msr20/mc20/md20/libgcc.a(_udivmod32.o)
 .bss           0x00002848        0x0 /usr/local/msp430/bin/../lib/gcc/msp430/4.7.0/../../../../msp430/lib/mcpu-430x/mmpy-16/msr20/mc20/md20/libc.a(printf.o)
 .bss           0x00002848        0x0 /usr/local/msp430/bin/../lib/gcc/msp430/4.7.0/../../../../msp430/lib/mcpu-430x/mmpy-16/msr20/mc20/md20/libc.a(sprintf.o)
 .bss.destination_
                0x00002848        0x4 /usr/local/msp430/bin/../lib/gcc/msp430/4.7.0/../../../../msp430/lib/mcpu-430x/mmpy-16/msr20/mc20/md20/libc.a(sprintf.o)
 .bss.available_
                0x0000284c        0x2 /usr/local/msp430/bin/../lib/gcc/msp430/4.7.0/../../../../msp430/lib/mcpu-430x/mmpy-16/msr20/mc20/md20/libc.a(sprintf.o)
 .bss           0x0000284e        0x0 /usr/local/msp430/bin/../lib/gcc/msp430/4.7.0/../../../../msp430/lib/mcpu-430x/mmpy-16/msr20/mc20/md20/libc.a(vuprintf.o)
 .bss           0x0000284e        0x0 /usr/local/msp430/bin/../lib/gcc/msp430/4.7.0/../../../../msp430/lib/mcpu-430x/mmpy-16/msr20/mc20/md20/libc.a(puts.o)
 .bss           0x0000284e        0x0 /usr/local/msp430/bin/../lib/gcc/msp430/4.7.0/../../../../msp430/lib/mcpu-430x/mmpy-16/msr20/mc20/md20/libc.a(rand.o)
 .bss           0x0000284e        0x0 /usr/local/msp430/bin/../lib/gcc/msp430/4.7.0/../../../../msp430/lib/mcpu-430x/mmpy-16/msr20/mc20/md20/libc.a(strncmp.o)
 .bss           0x0000284e        0x0 /usr/local/msp430/bin/../lib/gcc/msp430/4.7.0/../../../../msp430/lib/mcpu-430x/mmpy-16/msr20/mc20/md20/libc.a(memcmp.o)
 .bss           0x0000284e        0x0 /usr/local/msp430/bin/../lib/gcc/msp430/4.7.0/../../../../msp430/lib/mcpu-430x/mmpy-16/msr20/mc20/md20/libc.a(memcpy.o)
 .bss           0x0000284e        0x0 /usr/local/msp430/bin/../lib/gcc/msp430/4.7.0/../../../../msp430/lib/mcpu-430x/mmpy-16/msr20/mc20/md20/libc.a(memmove.o)
 .bss           0x0000284e        0x0 /usr/local/msp430/bin/../lib/gcc/msp430/4.7.0/../../../../msp430/lib/mcpu-430x/mmpy-16/msr20/mc20/md20/libc.a(memset.o)
 .bss           0x0000284e        0x0 /usr/local/msp430/bin/../lib/gcc/msp430/4.7.0/../../../../msp430/lib/mcpu-430x/mmpy-16/msr20/mc20/md20/libc.a(strlen.o)
 .bss           0x0000284e        0x0 /usr/local/msp430/bin/../lib/gcc/msp430/4.7.0/mcpu-430x/mmpy-16/msr20/mc20/md20/libgcc.a(_udivmod64.o)
 .bss           0x0000284e        0x0 /usr/local/msp430/bin/../lib/gcc/msp430/4.7.0/mcpu-430x/mmpy-16/msr20/mc20/md20/libcrt0.a(_reset_vector__.o)
 .bss           0x0000284e        0x0 /usr/local/msp430/bin/../lib/gcc/msp430/4.7.0/mcpu-430x/mmpy-16/msr20/mc20/md20/libcrt0.a(__watchdog_support.o)
 .bss           0x0000284e        0x0 /usr/local/msp430/bin/../lib/gcc/msp430/4.7.0/mcpu-430x/mmpy-16/msr20/mc20/md20/libcrt0.a(__init_stack.o)
 .bss           0x0000284e        0x0 /usr/local/msp430/bin/../lib/gcc/msp430/4.7.0/mcpu-430x/mmpy-16/msr20/mc20/md20/libcrt0.a(__low_level_init.o)
 .bss           0x0000284e        0x0 /usr/local/msp430/bin/../lib/gcc/msp430/4.7.0/mcpu-430x/mmpy-16/msr20/mc20/md20/libcrt0.a(_copy_data.o)
 .bss           0x0000284e        0x0 /usr/local/msp430/bin/../lib/gcc/msp430/4.7.0/mcpu-430x/mmpy-16/msr20/mc20/md20/libcrt0.a(_clear_bss.o)
 .bss           0x0000284e        0x0 /usr/local/msp430/bin/../lib/gcc/msp430/4.7.0/mcpu-430x/mmpy-16/msr20/mc20/md20/libcrt0.a(__stop_progExec__.o)
 .bss           0x0000284e        0x0 /usr/local/msp430/bin/../lib/gcc/msp430/4.7.0/mcpu-430x/mmpy-16/msr20/mc20/md20/libcrt0.a(_endless_loop__.o)
 .bss           0x0000284e        0x0 /usr/local/msp430/bin/../lib/gcc/msp430/4.7.0/mcpu-430x/mmpy-16/msr20/mc20/md20/libcrt0.a(_unexpected_.o)
 *(.near.bss .near.bss.*)
 *(COMMON)
 COMMON         0x0000284e       0x70 udp-client.co
                0x0000284e                NETSTACK_RADIO
                0x00002886                NETSTACK_CONF_RADIO
 COMMON         0x000028be        0x2 obj_z1/contiki-z1-main.o
                0x000028be                sensors_flags
 COMMON         0x000028c0        0x2 contiki-z1.a(msp430.o)
                0x000028c0                msp430_dco_required
 COMMON         0x000028c2       0x10 contiki-z1.a(cc2420.o)
                0x000028c2                cc2420_last_rssi
                0x000028c4                cc2420_sfd_start_time
                0x000028c6                cc2420_time_of_departure
                0x000028c8                cc2420_time_of_arrival
                0x000028ca                cc2420_last_correlation
                0x000028cc                cc2420_authority_level_of_sender
                0x000028ce                cc2420_sfd_counter
                0x000028d0                cc2420_sfd_end_time
 COMMON         0x000028d2       0x10 contiki-z1.a(node-id.o)
                0x000028d2                node_mac_long
                0x000028da                node_mac
 COMMON         0x000028e2        0x1 contiki-z1.a(sensors.o)
                0x000028e2                sensors_event
 COMMON         0x000028e3        0x0 contiki-z1.a(cc1200.o)
 *fill*         0x000028e3        0x1 00
 COMMON         0x000028e4        0x8 contiki-z1.a(adxl345.o)
                0x000028e4                accm_int2_cb
                0x000028e8                accm_int1_cb
 COMMON         0x000028ec       0x56 contiki-z1.a(energest.o)
                0x000028ec                energest_total_time
                0x0000291c                energest_total_count
                0x0000291e                energest_current_mode
                0x0000292a                energest_current_time
 COMMON         0x00002942        0x1 contiki-z1.a(process.o)
                0x00002942                process_maxevents
 COMMON         0x00002943        0x1 contiki-z1.a(serial-line.o)
                0x00002943                serial_line_event_message
 COMMON         0x00002944      0x2f2 contiki-z1.a(uip6.o)
                0x00002944                uip_len
                0x00002946                uip_sappdata
                0x0000294a                uip_acc32
                0x0000294e                uip_lladdr
                0x00002956                uip_aligned_buf
                0x000029e2                uip_flags
                0x000029e4                uip_next_hdr
                0x000029e8                uip_udp_conn
                0x000029ec                uip_appdata
                0x000029f0                uip_conn
                0x000029f4                uip_conns
                0x00002ab4                uip_listenports
                0x00002ac4                uip_long_lladdr
                0x00002acc                uip_slen
                0x00002ace                uip_udp_conns
 COMMON         0x00002c36      0x24c contiki-z1.a(uip-ds6.o)
                0x00002c36                uip_ds6_timer_ra
                0x00002c3e                uip_ds6_if
                0x00002d2a                uip_ds6_netif_addr_list_offset
                0x00002d2b                uip_ds6_addr_size
                0x00002d2c                uip_ds6_prefix_list
                0x00002d86                uip_ds6_timer_periodic
                0x00002d96                long_uip_ds6_if
 COMMON         0x00002e82       0xc8 contiki-z1.a(uip-ds6-nbr.o)
                0x00002e82                ds6_lr_addrmap
 COMMON         0x00002f4a        0x1 contiki-z1.a(tcpip.o)
                0x00002f4a                tcpip_event
 *fill*         0x00002f4b        0x1 00
 COMMON         0x00002f4c      0x14c contiki-z1.a(rpl-dag.o)
                0x00002f4c                default_instance
                0x00002f50                instance_table
 COMMON         0x00003098       0x10 contiki-z1.a(linkaddr.o)
                0x00003098                long_linkaddr_node_addr
                0x000030a0                linkaddr_node_addr
 COMMON         0x000030a8       0x2e contiki-z1.a(packetbuf.o)
                0x000030a8                packetbuf_addrs
                0x000030b8                packetbuf_attrs
 COMMON         0x000030d6       0x12 contiki-z1.a(i2cmaster.o)
                0x000030d6                transmit_data1
                0x000030d7                rx_byte_ctr
                0x000030d8                tx_buf_ptr
                0x000030dc                tx_byte_ctr
                0x000030de                i
                0x000030e0                receive_data
                0x000030e1                rx_buf
                0x000030e3                transmit_data2
                0x000030e4                rx_buf_ptr
                0x000030e8                . = ALIGN (0x2)
                0x000030e8                __bss_end = .
 .any.bss       0x000030e8        0x1 contiki-z1.a(spi.o)
                0x000030e8                spi_busy
 *fill*         0x000030e9        0x1 00
 .any.bss       0x000030ea        0x2 contiki-z1.a(node-id.o)
                0x000030ea                node_id
 .any.bss       0x000030ec        0x2 contiki-z1.a(dual_radio.o)
                0x000030ec                long_range_radio
 .any.bss       0x000030ee        0x8 contiki-z1.a(process.o)
                0x000030ee                process_current
                0x000030f2                process_list
 .any.bss       0x000030f6        0x3 contiki-z1.a(uip6.o)
                0x000030f6                uip_ext_opt_offset
                0x000030f7                uip_ext_len
                0x000030f8                uip_ext_bitmap
 .any.bss       0x000030f9        0x1 contiki-z1.a(i2cmaster.o)
                0x000030f9                prescale_msb
                0x00001f2a                __bss_size = SIZEOF (.bss)

.noinit         0x000030fa        0x2 load address 0x0001008a
                0x000030fa                . = ALIGN (0x2)
                0x000030fa                __noinit_start = .
 *(.noinit .noinit.*)
 .noinit.crt0   0x000030fa        0x2 /usr/local/msp430/bin/../lib/gcc/msp430/4.7.0/mcpu-430x/mmpy-16/msr20/mc20/md20/libcrt0.a(__watchdog_support.o)
                0x000030fa                __wdt_clear_value
                0x000030fc                . = ALIGN (0x2)
                0x000030fc                __noinit_end = .
                0x000030fc                . = ALIGN (0x2)
                0x000030fc                _end = .

.infomem        0x00001000        0x0
                0x00001000                . = ALIGN (0x2)
 *(.infomem .infomem.*)

.infomemnobits  0x00001000        0x0
                0x00001000                . = ALIGN (0x2)
 *(.infomemnobits .infomemnobits.*)

.infoa          0x000010c0        0x0
                0x000010c0                . = ALIGN (0x2)
 *(.infoa .infoa.*)

.infob          0x00001080        0x0
                0x00001080                . = ALIGN (0x2)
 *(.infob .infob.*)

.infoc          0x00001040        0x0
                0x00001040                . = ALIGN (0x2)
 *(.infoc .infoc.*)

.infod          0x00001000        0x0
                0x00001000                . = ALIGN (0x2)
 *(.infod .infod.*)

.vectors        0x0000ffc0       0x40
                0x0000ffc0                __vectors_start = .
 *(.vectors*)
 .vectors       0x0000ffc0       0x40 /usr/local/msp430/bin/../lib/gcc/msp430/4.7.0/mcpu-430x/mmpy-16/msr20/mc20/md20/crt0ivtbl32.o
                0x0000ffc0                __ivtbl_32
                0x00010000                _vectors_end = .

.fartext        0x00010000        0x0
                0x00010000                . = ALIGN (0x2)
 *(.fartext .fartext.*)

.far.text       0x00010000     0x3f5a
                0x00010000                . = ALIGN (0x2)
 *(.far.text .far.text.*)
 .any.text      0x00010000      0x418 contiki-z1.a(rpl-ext-header.)
                0x00010000                rpl_verify_header
                0x0001010c                rpl_update_header_empty
                0x00010270                rpl_update_header_final
                0x0001031a                rpl_remove_header
                0x0001037a                rpl_invert_header
                0x00010402                rpl_insert_header
 .any.text      0x00010418     0x18a6 contiki-z1.a(rpl-icmp6.o)
                0x00010a5a                rpl_icmp6_update_nbr_table
                0x000110f6                dis_output
                0x00011186                dio_output
                0x00011930                dao_output_target
                0x00011b94                dao_output
                0x00011c9a                dao_ack_output
                0x00011c9c                rpl_icmp6_register_handlers
 .any.text      0x00011cbe      0x2ba contiki-z1.a(rpl-jkof.o)
 .any.text      0x00011f78      0x5d8 contiki-z1.a(rpl-timers.o)
                0x00012314                rpl_reset_periodic_timer
                0x0001236e                rpl_reset_dio_timer
                0x00012386                rpl_schedule_dao
                0x00012392                rpl_schedule_dao_immediately
                0x0001239c                rpl_cancel_dao
                0x000123b6                rpl_schedule_unicast_dio_immediately
                0x000123ce                rpl_schedule_probing
 .any.text      0x00012550      0x5e4 contiki-z1.a(frame802154.o)
                0x00012550                frame802154_get_pan_id
                0x00012558                frame802154_set_pan_id
                0x00012560                frame802154_has_panid
                0x00012688                frame802154_check_dest_panid
                0x000126c0                frame802154_is_broadcast_addr
                0x000126f0                frame802154_extract_linkaddr
                0x0001277e                frame802154_hdrlen
                0x000127b0                frame802154_create
                0x00012936                frame802154_parse
 .any.text      0x00012b34      0x1ea contiki-z1.a(framer-802154.o)
 .any.text      0x00012d1e      0x2a6 contiki-z1.a(nullrdc.o)
 .any.text      0x00012fc4       0x32 contiki-z1.a(linkaddr.o)
                0x00012fc4                linkaddr_copy
                0x00012fcc                linkaddr_cmp
                0x00012fde                linkaddr_set_node_addr
                0x00012fea                linkaddr_set_node_long_addr
 .any.text      0x00012ff6      0x5fe contiki-z1.a(nbr-table.o)
                0x00013146                lladdr_map_add_lr
                0x00013198                lladdr_map_rm_lr
                0x000131de                nbr_table_register
                0x0001321a                nbr_table_next
                0x000132aa                nbr_table_head
                0x0001330c                nbr_table_add_lladdr
                0x00013514                nbr_table_get_from_lladdr
                0x00013568                nbr_table_remove
                0x00013592                nbr_table_lock
                0x000135a2                nbr_table_unlock
                0x000135b2                nbr_table_get_lladdr
 .any.text      0x000135f4      0x22a contiki-z1.a(packetbuf.o)
                0x000135f4                packetbuf_hdrreduce
                0x00013614                packetbuf_set_datalen
                0x0001361c                packetbuf_hdrptr
                0x00013622                packetbuf_datalen
                0x0001362a                packetbuf_hdrlen
                0x00013638                packetbuf_dataptr
                0x0001364e                packetbuf_copyto
                0x00013698                packetbuf_compact
                0x000136f2                packetbuf_totlen
                0x00013700                packetbuf_hdralloc
                0x00013756                packetbuf_attr_clear
                0x00013786                packetbuf_clear
                0x0001379e                packetbuf_copyfrom
                0x000137ca                packetbuf_attr_copyto
                0x000137ec                packetbuf_attr_copyfrom
                0x00013810                packetbuf_holds_broadcast
 .any.text      0x0001381e      0x148 contiki-z1.a(queuebuf.o)
                0x0001381e                queuebuf_init
                0x00013830                queuebuf_numfree
                0x0001383a                queuebuf_new_from_packetbuf
                0x00013888                queuebuf_update_attr_from_packetbuf
                0x0001389a                queuebuf_update_from_packetbuf
                0x000138bc                queuebuf_free
                0x000138e6                queuebuf_to_packetbuf
                0x00013918                queuebuf_dataptr
                0x00013934                queuebuf_datalen
                0x0001393c                queuebuf_addr
                0x0001394a                queuebuf_attr
                0x00013964                queuebuf_debug_print
 .any.text      0x00013966       0x14 contiki-z1.a(nullsec.o)
 .any.text      0x0001397a      0x118 contiki-z1.a(i2cmaster.o)
                0x0001397a                i2c_setrate
                0x00013982                i2c_receiveinit
                0x000139bc                i2c_transmitinit
                0x000139f0                i2c_receive_n
                0x00013a34                i2c_busy
                0x00013a3e                i2c_enable
                0x00013a60                i2c_disable
                0x00013a7a                i2c_transmit_n
 .any.text      0x00013a92      0x164 contiki-z1.a(memb.o)
                0x00013a92                memb_init
                0x00013acc                memb_alloc
                0x00013b28                memb_free
                0x00013b86                memb_inmemb
                0x00013bc4                memb_numfree
 .any.text      0x00013bf6      0x27e contiki-z1.a(rpl-nbr-policy.)
                0x00013d4e                find_removable_dis
                0x00013d80                find_removable_dio
                0x00013e06                find_removable_dao
                0x00013e44                rpl_nbr_policy_find_removable
 .any.text      0x00013e74       0x14 contiki-z1.a(mac.o)
                0x00013e74                mac_call_sent_callback
 .any.text      0x00013e88       0xd2 contiki-z1.a(mac-sequence.o)
                0x00013e88                mac_sequence_is_duplicate
                0x00013ed6                mac_sequence_register_seqno

.far.rodata     0x00013f5a      0xf44
                0x00013f5a                . = ALIGN (0x2)
 *(.far.rodata .far.rodata.*)
 .any.rodata    0x00013f5a       0x6c contiki-z1.a(rpl-dag.o)
 .any.rodata    0x00013fc6      0x8c2 contiki-z1.a(rpl-icmp6.o)
 .any.rodata    0x00014888       0xf8 contiki-z1.a(rpl-jkof.o)
 .any.rodata    0x00014980      0x24a contiki-z1.a(rpl-timers.o)
 .any.rodata    0x00014bca       0x24 contiki-z1.a(nullmac.o)
                0x00014bd2                nullmac_driver
 .any.rodata    0x00014bee      0x122 contiki-z1.a(nullrdc.o)
                0x00014cf0                nullrdc_driver
 .any.rodata    0x00014d10       0x18 contiki-z1.a(nullsec.o)
                0x00014d18                nullsec_driver
 .any.rodata    0x00014d28      0x176 contiki-z1.a(rpl-nbr-policy.)
                0x00014e9e                . = ALIGN (0x2)
                0x00014e9e                _efartext = .

.far.data       0x00000000       0xe0 load address 0x00014e9e
                0x00000000                . = ALIGN (0x2)
                0x00000000                __far_data_start = .
 *(.far.data .far.data.*)
                0x00000000                . = ALIGN (0x2)
                0x00000000                _efardata = .
 .any.data      0x00000000       0x10 contiki-z1.a(uip-ds6-nbr.o)
                0x00000000                ds6_neighbors
 .any.data      0x00000010       0x34 contiki-z1.a(uip-ds6-route.o)
                0x00000010                nbr_routes
 .any.data      0x00000044       0x14 contiki-z1.a(uip-icmp6.o)
 .any.data      0x00000058       0x10 contiki-z1.a(tcpip.o)
                0x00000058                tcpip_process
 .any.data      0x00000068       0x10 contiki-z1.a(rpl-dag.o)
                0x00000068                rpl_parents
 .any.data      0x00000078       0x2a contiki-z1.a(rpl-icmp6.o)
 .any.data      0x000000a2       0x1a contiki-z1.a(rpl-jkof.o)
                0x000000a2                rpl_jkof
 .any.data      0x000000bc        0xc contiki-z1.a(nbr-table.o)