Archive member included because of file (symbol)

contiki-z1.a(contiki-z1-plat)
                              obj_z1/contiki-z1-main.o (init_platform)
contiki-z1.a(msp430.o)        obj_z1/contiki-z1-main.o (splhigh_)
contiki-z1.a(leds.o)          obj_z1/contiki-z1-main.o (leds_init)
contiki-z1.a(watchdog.o)      obj_z1/contiki-z1-main.o (watchdog_start)
contiki-z1.a(xmem.o)          obj_z1/contiki-z1-main.o (xmem_init)
contiki-z1.a(spi.o)           contiki-z1.a(xmem.o) (spi_init)
contiki-z1.a(cc2420.o)        obj_z1/contiki-z1-main.o (cc2420_set_pan_addr)
contiki-z1.a(cc2420-arch.o)   contiki-z1.a(cc2420.o) (cc2420_arch_init)
contiki-z1.a(node-id.o)       obj_z1/contiki-z1-main.o (node_id_restore)
contiki-z1.a(sensors.o)       contiki-z1.a(contiki-z1-plat) (sensors_process)
contiki-z1.a(button-sensor.o)
                              obj_z1/contiki-z1-main.o (button_sensor)
contiki-z1.a(uart0.o)         obj_z1/contiki-z1-main.o (uart0_active)
contiki-z1.a(uart0-putchar.o)
                              udp-client.co (putchar)
contiki-z1.a(cc1200.o)        obj_z1/contiki-z1-main.o (cc1200_init)
contiki-z1.a(cc1200-802154g-)
                              contiki-z1.a(cc1200.o) (cc1200_802154g_863_870_fsk_50kbps)
contiki-z1.a(cc1200-z1-arch.)
                              contiki-z1.a(cc1200.o) (cc1200_arch_spi_select)
contiki-z1.a(adxl345.o)       obj_z1/contiki-z1-main.o (accm_init)
contiki-z1.a(dual_radio.o)    contiki-z1.a(cc1200.o) (long_range_radio)
contiki-z1.a(clock.o)         obj_z1/contiki-z1-main.o (clock_init)
contiki-z1.a(leds-arch.o)     contiki-z1.a(leds.o) (leds_arch_init)
contiki-z1.a(rtimer-arch.o)   obj_z1/contiki-z1-main.o (rtimer_arch_now)
contiki-z1.a(autostart.o)     obj_z1/contiki-z1-main.o (autostart_start)
contiki-z1.a(ctimer.o)        obj_z1/contiki-z1-main.o (ctimer_init)
contiki-z1.a(energest.o)      obj_z1/contiki-z1-main.o (energest_init)
contiki-z1.a(etimer.o)        contiki-z1.a(clock.o) (etimer_request_poll)
contiki-z1.a(process.o)       udp-client.co (process_current)
contiki-z1.a(rtimer.o)        obj_z1/contiki-z1-main.o (rtimer_init)
contiki-z1.a(stimer.o)        udp-client.co (stimer_remaining)
contiki-z1.a(timer.o)         contiki-z1.a(button-sensor.o) (timer_set)
contiki-z1.a(serial-line.o)   udp-client.co (serial_line_event_message)
contiki-z1.a(list.o)          contiki-z1.a(ctimer.o) (list_init)
contiki-z1.a(random.o)        obj_z1/contiki-z1-main.o (random_init)
contiki-z1.a(ringbuf.o)       contiki-z1.a(serial-line.o) (ringbuf_init)
contiki-z1.a(sicslowpan.o)    obj_z1/contiki-z1-main.o (sicslowpan_driver)
contiki-z1.a(uip6.o)          contiki-z1.a(sicslowpan.o) (uip_aligned_buf)
contiki-z1.a(uip-ds6.o)       contiki-z1.a(uip6.o) (uip_ds6_is_addr_onlink)
contiki-z1.a(uip-ds6-nbr.o)   contiki-z1.a(uip-ds6.o) (uip_ds6_neighbors_init)
contiki-z1.a(uip-ds6-route.o)
                              contiki-z1.a(uip-ds6.o) (uip_ds6_route_init)
contiki-z1.a(uip-icmp6.o)     contiki-z1.a(uip6.o) (uip_icmp6_input)
contiki-z1.a(uip-nd6.o)       contiki-z1.a(uip6.o) (uip_nd6_init)
contiki-z1.a(tcpip.o)         contiki-z1.a(sicslowpan.o) (tcpip_set_outputfunc)
contiki-z1.a(uip-debug.o)     udp-client.co (uip_debug_ipaddr_print)
contiki-z1.a(uip-udp-packet.)
                              udp-client.co (uip_udp_packet_sendto)
contiki-z1.a(rpl.o)           contiki-z1.a(uip-ds6-nbr.o) (rpl_link_neighbor_callback)
contiki-z1.a(rpl-dag.o)       contiki-z1.a(rpl.o) (default_instance)
contiki-z1.a(rpl-ext-header.)
                              contiki-z1.a(uip6.o) (rpl_verify_header)
contiki-z1.a(rpl-icmp6.o)     contiki-z1.a(rpl-dag.o) (rpl_icmp6_update_nbr_table)
contiki-z1.a(rpl-jkof.o)      contiki-z1.a(rpl.o) (rpl_jkof)
contiki-z1.a(rpl-timers.o)    contiki-z1.a(rpl.o) (rpl_reset_periodic_timer)
contiki-z1.a(frame802154.o)   contiki-z1.a(cc1200.o) (frame802154_parse)
contiki-z1.a(framer-802154.o)
                              contiki-z1.a(sicslowpan.o) (framer_802154)
contiki-z1.a(nullmac.o)       obj_z1/contiki-z1-main.o (nullmac_driver)
contiki-z1.a(nullrdc.o)       obj_z1/contiki-z1-main.o (nullrdc_driver)
contiki-z1.a(linkaddr.o)      obj_z1/contiki-z1-main.o (linkaddr_copy)
contiki-z1.a(nbr-table.o)     contiki-z1.a(uip-ds6-nbr.o) (lladdr_map_add_lr)
contiki-z1.a(packetbuf.o)     contiki-z1.a(framer-802154.o) (packetbuf_hdrreduce)
contiki-z1.a(queuebuf.o)      obj_z1/contiki-z1-main.o (queuebuf_init)
contiki-z1.a(nullsec.o)       contiki-z1.a(sicslowpan.o) (nullsec_driver)
contiki-z1.a(i2cmaster.o)     contiki-z1.a(adxl345.o) (i2c_receiveinit)
contiki-z1.a(memb.o)          contiki-z1.a(uip-ds6-route.o) (memb_init)
contiki-z1.a(rpl-nbr-policy.)
                              contiki-z1.a(nbr-table.o) (rpl_nbr_policy_find_removable)
contiki-z1.a(mac.o)           contiki-z1.a(nullrdc.o) (mac_call_sent_callback)
contiki-z1.a(mac-sequence.o)  contiki-z1.a(nullrdc.o) (mac_sequence_is_duplicate)
/usr/local/msp430/bin/../lib/gcc/msp430/4.7.0/mcpu-430x/mmpy-16/msr20/mc20/libgcc.a(_mulsi3.o)
[...]
Memory Configuration

Name             Origin             Length             Attributes
sfr              0x00000000         0x00000010
peripheral_8bit  0x00000010         0x000000f0
peripheral_16bit 0x00000100         0x00000100
ram_mirror       0x00000200         0x00000800         xw
infomem          0x00001000         0x00000100
infod            0x00001000         0x00000040
infoc            0x00001040         0x00000040
infob            0x00001080         0x00000040
infoa            0x000010c0         0x00000040
ram              0x00001100         0x00002000         xw
rom              0x00003100         0x0000cebe         xr
vectors          0x0000ffc0         0x00000040
far_rom          0x00010000         0x0000a000
bsl              0x00000000         0x00000000
ram2             0x00000000         0x00000000         xw
usbram           0x00000000         0x00000000         xw
*default*        0x00000000         0xffffffff

Linker script and memory map

LOAD /usr/local/msp430/bin/../lib/gcc/msp430/4.7.0/mcpu-430x/mmpy-16/msr20/mc20/crt0ivtbl32.o
                0x00000041                __P1SEL2 = 0x41
                0x00000045                __P5SEL2 = 0x45
LOAD udp-client.co
LOAD obj_z1/contiki-z1-main.o
LOAD contiki-z1.a
LOAD /usr/local/msp430/bin/../lib/gcc/msp430/4.7.0/mcpu-430x/mmpy-16/msr20/mc20/libgcc.a
LOAD /usr/local/msp430/bin/../lib/gcc/msp430/4.7.0/../../../../msp430/lib/mcpu-430x/mmpy-16/msr20/mc20/libc.a
LOAD /usr/local/msp430/bin/../lib/gcc/msp430/4.7.0/mcpu-430x/mmpy-16/msr20/mc20/libgcc.a
LOAD /usr/local/msp430/bin/../lib/gcc/msp430/4.7.0/mcpu-430x/mmpy-16/msr20/mc20/libcrt0.a
                0x00000040                PROVIDE (__info_segment_size, 0x40)
                0x00001000                PROVIDE (__infod, 0x1000)
                0x00001040                PROVIDE (__infoc, 0x1040)
                0x00001080                PROVIDE (__infob, 0x1080)
                0x000010c0                PROVIDE (__infoa, 0x10c0)
                0x00000000                __IE1 = 0x0
                0x00000002                __IFG1 = 0x2
                0x00000001                __IE2 = 0x1
                0x00000003                __IFG2 = 0x3
                0x00000006                __UC1IE = 0x6
                0x00000007                __UC1IFG = 0x7
                0x000001a0                __ADC12CTL0 = 0x1a0
                0x000001a2                __ADC12CTL1 = 0x1a2
                0x000001a4                __ADC12IFG = 0x1a4
                0x000001a6                __ADC12IE = 0x1a6
                0x000001a8                __ADC12IV = 0x1a8
                0x00000140                __ADC12MEM0 = 0x140
                0x00000142                __ADC12MEM1 = 0x142
                0x00000144                __ADC12MEM2 = 0x144
                0x00000146                __ADC12MEM3 = 0x146
                0x00000148                __ADC12MEM4 = 0x148
                0x0000014a                __ADC12MEM5 = 0x14a
                0x0000014c                __ADC12MEM6 = 0x14c
                0x0000014e                __ADC12MEM7 = 0x14e
                0x00000150                __ADC12MEM8 = 0x150
                0x00000152                __ADC12MEM9 = 0x152
                0x00000154                __ADC12MEM10 = 0x154
                0x00000156                __ADC12MEM11 = 0x156
                0x00000158                __ADC12MEM12 = 0x158
                0x0000015a                __ADC12MEM13 = 0x15a
                0x0000015c                __ADC12MEM14 = 0x15c
                0x0000015e                __ADC12MEM15 = 0x15e
                0x00000080                __ADC12MCTL0 = 0x80
                0x00000081                __ADC12MCTL1 = 0x81
                0x00000082                __ADC12MCTL2 = 0x82
                0x00000083                __ADC12MCTL3 = 0x83
                0x00000084                __ADC12MCTL4 = 0x84
                0x00000085                __ADC12MCTL5 = 0x85
                0x00000086                __ADC12MCTL6 = 0x86
                0x00000087                __ADC12MCTL7 = 0x87
                0x00000088                __ADC12MCTL8 = 0x88
                0x00000089                __ADC12MCTL9 = 0x89
                0x0000008a                __ADC12MCTL10 = 0x8a
                0x0000008b                __ADC12MCTL11 = 0x8b
                0x0000008c                __ADC12MCTL12 = 0x8c
                0x0000008d                __ADC12MCTL13 = 0x8d
                0x0000008e                __ADC12MCTL14 = 0x8e
                0x0000008f                __ADC12MCTL15 = 0x8f
                0x00000056                __DCOCTL = 0x56
                0x00000057                __BCSCTL1 = 0x57
                0x00000058                __BCSCTL2 = 0x58
                0x00000053                __BCSCTL3 = 0x53
                0x00000059                __CACTL1 = 0x59
                0x0000005a                __CACTL2 = 0x5a
                0x0000005b                __CAPD = 0x5b
                0x000001c0                __DAC12_0CTL = 0x1c0
                0x000001c2                __DAC12_1CTL = 0x1c2
                0x000001c8                __DAC12_0DAT = 0x1c8
                0x000001ca                __DAC12_1DAT = 0x1ca
                0x00000122                __DMACTL0 = 0x122
                0x00000124                __DMACTL1 = 0x124
                0x00000126                __DMAIV = 0x126
                0x000001d0                __DMA0CTL = 0x1d0
                0x000001dc                __DMA1CTL = 0x1dc
                0x000001e8                __DMA2CTL = 0x1e8
                0x000001d2                __DMA0SA = 0x1d2
                0x000001d2                __DMA0SAL = 0x1d2
                0x000001d6                __DMA0DA = 0x1d6
                0x000001d6                __DMA0DAL = 0x1d6
                0x000001da                __DMA0SZ = 0x1da
                0x000001de                __DMA1SA = 0x1de
                0x000001de                __DMA1SAL = 0x1de
                0x000001e2                __DMA1DA = 0x1e2
                0x000001e2                __DMA1DAL = 0x1e2
                0x000001e6                __DMA1SZ = 0x1e6
                0x000001ea                __DMA2SA = 0x1ea
                0x000001ea                __DMA2SAL = 0x1ea
                0x000001ee                __DMA2DA = 0x1ee
                0x000001ee                __DMA2DAL = 0x1ee
                0x000001f2                __DMA2SZ = 0x1f2
                0x00000128                __FCTL1 = 0x128
                0x0000012a                __FCTL2 = 0x12a
                0x0000012c                __FCTL3 = 0x12c
                0x000001be                __FCTL4 = 0x1be
                0x00000130                __MPY = 0x130
                0x00000132                __MPYS = 0x132
                0x00000134                __MAC = 0x134
                0x00000136                __MACS = 0x136
                0x00000138                __OP2 = 0x138
                0x0000013a                __RESLO = 0x13a
                0x0000013c                __RESHI = 0x13c
                0x0000013e                __SUMEXT = 0x13e
                0x00000020                __P1IN = 0x20
                0x00000021                __P1OUT = 0x21
                0x00000022                __P1DIR = 0x22
                0x00000023                __P1IFG = 0x23
                0x00000024                __P1IES = 0x24
                0x00000025                __P1IE = 0x25
                0x00000026                __P1SEL = 0x26
                0x00000027                __P1REN = 0x27
                0x00000028                __P2IN = 0x28
                0x00000029                __P2OUT = 0x29
                0x0000002a                __P2DIR = 0x2a
                0x0000002b                __P2IFG = 0x2b
                0x0000002c                __P2IES = 0x2c
                0x0000002d                __P2IE = 0x2d
                0x0000002e                __P2SEL = 0x2e
                0x0000002f                __P2REN = 0x2f
                0x00000018                __P3IN = 0x18
                0x00000019                __P3OUT = 0x19
                0x0000001a                __P3DIR = 0x1a
                0x0000001b                __P3SEL = 0x1b
                0x00000010                __P3REN = 0x10
                0x0000001c                __P4IN = 0x1c
                0x0000001d                __P4OUT = 0x1d
                0x0000001e                __P4DIR = 0x1e
                0x0000001f                __P4SEL = 0x1f
                0x00000011                __P4REN = 0x11
                0x00000030                __P5IN = 0x30
                0x00000031                __P5OUT = 0x31
                0x00000032                __P5DIR = 0x32
                0x00000033                __P5SEL = 0x33
                0x00000012                __P5REN = 0x12
                0x00000034                __P6IN = 0x34
                0x00000035                __P6OUT = 0x35
                0x00000036                __P6DIR = 0x36
                0x00000037                __P6SEL = 0x37
                0x00000013                __P6REN = 0x13
                0x00000038                __P7IN = 0x38
                0x0000003a                __P7OUT = 0x3a
                0x0000003c                __P7DIR = 0x3c
                0x0000003e                __P7SEL = 0x3e
                0x00000014                __P7REN = 0x14
                0x00000039                __P8IN = 0x39
                0x0000003b                __P8OUT = 0x3b
                0x0000003d                __P8DIR = 0x3d
                0x0000003f                __P8SEL = 0x3f
                0x00000015                __P8REN = 0x15
                0x00000038                __PAIN = 0x38
                0x0000003a                __PAOUT = 0x3a
                0x0000003c                __PADIR = 0x3c
                0x0000003e                __PASEL = 0x3e
                0x00000014                __PAREN = 0x14
                0x00000055                __SVSCTL = 0x55
                0x0000012e                __TAIV = 0x12e
                0x00000160                __TACTL = 0x160
                0x00000162                __TACCTL0 = 0x162
                0x00000164                __TACCTL1 = 0x164
                0x00000166                __TACCTL2 = 0x166
                0x00000170                __TAR = 0x170
                0x00000172                __TACCR0 = 0x172
                0x00000174                __TACCR1 = 0x174
                0x00000176                __TACCR2 = 0x176
                0x0000011e                __TBIV = 0x11e
                0x00000180                __TBCTL = 0x180
                0x00000182                __TBCCTL0 = 0x182
                0x00000184                __TBCCTL1 = 0x184
                0x00000186                __TBCCTL2 = 0x186
                0x00000188                __TBCCTL3 = 0x188
                0x0000018a                __TBCCTL4 = 0x18a
                0x0000018c                __TBCCTL5 = 0x18c
                0x0000018e                __TBCCTL6 = 0x18e
                0x00000190                __TBR = 0x190
                0x00000192                __TBCCR0 = 0x192
                0x00000194                __TBCCR1 = 0x194
                0x00000196                __TBCCR2 = 0x196
                0x00000198                __TBCCR3 = 0x198
                0x0000019a                __TBCCR4 = 0x19a
                0x0000019c                __TBCCR5 = 0x19c
                0x0000019e                __TBCCR6 = 0x19e
                0x00000060                __UCA0CTL0 = 0x60
                0x00000061                __UCA0CTL1 = 0x61
                0x00000062                __UCA0BR0 = 0x62
                0x00000063                __UCA0BR1 = 0x63
                0x00000064                __UCA0MCTL = 0x64
                0x00000065                __UCA0STAT = 0x65
                0x00000066                __UCA0RXBUF = 0x66
                0x00000067                __UCA0TXBUF = 0x67
                0x0000005d                __UCA0ABCTL = 0x5d
                0x0000005e                __UCA0IRTCTL = 0x5e
                0x0000005f                __UCA0IRRCTL = 0x5f
                0x00000068                __UCB0CTL0 = 0x68
                0x00000069                __UCB0CTL1 = 0x69
                0x0000006a                __UCB0BR0 = 0x6a
                0x0000006b                __UCB0BR1 = 0x6b
                0x0000006c                __UCB0I2CIE = 0x6c
                0x0000006d                __UCB0STAT = 0x6d
                0x0000006e                __UCB0RXBUF = 0x6e
                0x0000006f                __UCB0TXBUF = 0x6f
                0x00000118                __UCB0I2COA = 0x118
                0x0000011a                __UCB0I2CSA = 0x11a
                0x000000d0                __UCA1CTL0 = 0xd0
                0x000000d1                __UCA1CTL1 = 0xd1
                0x000000d2                __UCA1BR0 = 0xd2
                0x000000d3                __UCA1BR1 = 0xd3
                0x000000d4                __UCA1MCTL = 0xd4
                0x000000d5                __UCA1STAT = 0xd5
                0x000000d6                __UCA1RXBUF = 0xd6
                0x000000d7                __UCA1TXBUF = 0xd7
                0x000000cd                __UCA1ABCTL = 0xcd
                0x000000ce                __UCA1IRTCTL = 0xce
                0x000000cf                __UCA1IRRCTL = 0xcf
                0x000000d8                __UCB1CTL0 = 0xd8
                0x000000d9                __UCB1CTL1 = 0xd9
                0x000000da                __UCB1BR0 = 0xda
                0x000000db                __UCB1BR1 = 0xdb
                0x000000dc                __UCB1I2CIE = 0xdc
                0x000000dd                __UCB1STAT = 0xdd
                0x000000de                __UCB1RXBUF = 0xde
                0x000000df                __UCB1TXBUF = 0xdf
                0x0000017c                __UCB1I2COA = 0x17c
                0x0000017e                __UCB1I2CSA = 0x17e
                0x00000120                __WDTCTL = 0x120
                0x000010c0                __TLV_CHECKSUM = 0x10c0
                0x000010f6                __TLV_DCO_30_TAG = 0x10f6
                0x000010f7                __TLV_DCO_30_LEN = 0x10f7
                0x000010da                __TLV_ADC12_1_TAG = 0x10da
                0x000010db                __TLV_ADC12_1_LEN = 0x10db
                0x000010f8                __CALDCO_16MHZ = 0x10f8
                0x000010f9                __CALBC1_16MHZ = 0x10f9
                0x000010fa                __CALDCO_12MHZ = 0x10fa
                0x000010fb                __CALBC1_12MHZ = 0x10fb
                0x000010fc                __CALDCO_8MHZ = 0x10fc
                0x000010fd                __CALBC1_8MHZ = 0x10fd
                0x000010fe                __CALDCO_1MHZ = 0x10fe
                0x000010ff                __CALBC1_1MHZ = 0x10ff

.hash
 *(.hash)

.dynsym
 *(.dynsym)

.dynstr
 *(.dynstr)

.gnu.version
 *(.gnu.version)

.gnu.version_d
 *(.gnu.version_d)

.gnu.version_r
 *(.gnu.version_r)

.rel.init
 *(.rel.init)

.rela.init
 *(.rela.init)

.rel.fini
 *(.rel.fini)

.rela.fini
 *(.rela.fini)

.rel.text
 *(.rel.text .rel.text.* .rel.gnu.linkonce.t.*)

.rela.text
 *(.rela.text .rela.text.* .rela.gnu.linkonce.t.*)

.rel.rodata
 *(.rel.rodata .rel.rodata.* .rel.gnu.linkonce.r.*)

.rela.rodata
 *(.rela.rodata .rela.rodata.* .rela.gnu.linkonce.r.*)

.rel.data
 *(.rel.data .rel.data.* .rel.gnu.linkonce.d.*)

.rela.data
 *(.rela.data .rela.data.* .rela.gnu.linkonce.d.*)

.rel.bss
 *(.rel.bss .rel.bss.* .rel.gnu.linkonce.b.*)

.rela.bss
 *(.rela.bss .rela.bss.* .rela.gnu.linkonce.b.*)

.rel.ctors
 *(.rel.ctors)

.rela.ctors
 *(.rela.ctors)

.rel.dtors
 *(.rel.dtors)

.rela.dtors
 *(.rela.dtors)

.rel.got
 *(.rel.got)

.rela.got
 *(.rela.got)

.rel.plt
 *(.rel.plt)

.rela.plt
 *(.rela.plt)

.text           0x00003100     0xb554
                0x00003100                . = ALIGN (0x2)
 *(.init .init.*)
 *(.init0)
 .init0         0x00003100        0x0 /usr/local/msp430/bin/../lib/gcc/msp430/4.7.0/mcpu-430x/mmpy-16/msr20/mc20/libcrt0.a(_reset_vector__.o)
                0x00003100                _reset_vector__
 *(.init1)
 .init1         0x00003100        0xc /usr/local/msp430/bin/../lib/gcc/msp430/4.7.0/mcpu-430x/mmpy-16/msr20/mc20/libcrt0.a(__watchdog_support.o)
                0x00003100                __watchdog_support
 *(.init2)
 .init2         0x0000310c        0x4 /usr/local/msp430/bin/../lib/gcc/msp430/4.7.0/mcpu-430x/mmpy-16/msr20/mc20/libcrt0.a(__init_stack.o)
                0x0000310c                __init_stack
 *(.init3)
 .init3         0x00003110        0x0 /usr/local/msp430/bin/../lib/gcc/msp430/4.7.0/mcpu-430x/mmpy-16/msr20/mc20/libcrt0.a(__low_level_init.o)
                0x00003110                __low_level_init
 *(.init4)
 .init4         0x00003110       0x18 /usr/local/msp430/bin/../lib/gcc/msp430/4.7.0/mcpu-430x/mmpy-16/msr20/mc20/libcrt0.a(_copy_data.o)
                0x00003110                __do_copy_data
 .init4         0x00003128       0x16 /usr/local/msp430/bin/../lib/gcc/msp430/4.7.0/mcpu-430x/mmpy-16/msr20/mc20/libcrt0.a(_clear_bss.o)
                0x00003128                __do_clear_bss
 *(.init5)
 *(.init6)
 *(.init7)
 *(.init8)
 *(.init9)
 .init9         0x0000313e      0x4be obj_z1/contiki-z1-main.o
                0x0000313e                main
 *(.fini9)
 .fini9         0x000035fc        0x0 /usr/local/msp430/bin/../lib/gcc/msp430/4.7.0/mcpu-430x/mmpy-16/msr20/mc20/libcrt0.a(__stop_progExec__.o)
                0x000035fc                __stop_progExec__
 *(.fini8)
 *(.fini7)
 *(.fini6)
 *(.fini5)
 *(.fini4)
 *(.fini3)
 *(.fini2)
 *(.fini1)
 *(.fini0)
 .fini0         0x000035fc        0x6 /usr/local/msp430/bin/../lib/gcc/msp430/4.7.0/mcpu-430x/mmpy-16/msr20/mc20/libcrt0.a(_endless_loop__.o)
                0x000035fc                _endless_loop__
 *(.fini .fini.*)
                0x00003602                . = ALIGN (0x2)
                0x00003602                __ctors_start = .
 *(.ctors)
                0x00003602                __ctors_end = .
                0x00003602                __dtors_start = .
 *(.dtors)
                0x00003602                __dtors_end = .
                0x00003602                . = ALIGN (0x2)
 *(.text .text.* .gnu.linkonce.t.*)
 .text          0x00003602        0x4 /usr/local/msp430/bin/../lib/gcc/msp430/4.7.0/mcpu-430x/mmpy-16/msr20/mc20/crt0ivtbl32.o
                0x00003602                __isr_14
                0x00003602                __isr_4
                0x00003602                __isr_29
                0x00003602                __isr_11
                0x00003602                __isr_5
                0x00003602                __isr_2
                0x00003602                __isr_10
                0x00003602                __isr_7
                0x00003602                __isr_0
                0x00003602                __isr_28
                0x00003602                __isr_8
                0x00003602                __isr_20
                0x00003602                __isr_3
                0x00003602                __isr_12
                0x00003602                __isr_13
                0x00003602                __isr_27
                0x00003602                __isr_9
                0x00003602                __isr_30
                0x00003602                __isr_6
                0x00003602                __isr_22
                0x00003602                __isr_1
                0x00003602                __isr_15
                0x00003602                __isr_21
 .text.libgcc   0x00003606       0x26 /usr/local/msp430/bin/../lib/gcc/msp430/4.7.0/mcpu-430x/mmpy-16/msr20/mc20/libgcc.a(_mulsi3.o)
                0x00003606                __mulsi3
 .text.libgcc   0x0000362c       0x22 /usr/local/msp430/bin/../lib/gcc/msp430/4.7.0/mcpu-430x/mmpy-16/msr20/mc20/libgcc.a(_udivmod16.o)
                0x0000362c                __udivhi3
                0x0000362c                __ext_udivmod16
                0x00003646                __umodhi3
 .text.libgcc   0x0000364e       0x3a /usr/local/msp430/bin/../lib/gcc/msp430/4.7.0/mcpu-430x/mmpy-16/msr20/mc20/libgcc.a(_divmod16.o)
                0x0000364e                __ext_divmod16
                0x0000364e                __divhi3
                0x00003680                __modhi3
 .text.libgcc   0x00003688       0x38 /usr/local/msp430/bin/../lib/gcc/msp430/4.7.0/mcpu-430x/mmpy-16/msr20/mc20/libgcc.a(_udivmod32.o)
                0x00003688                __udivsi3
                0x00003688                __ext_udivmod32
                0x000036b6                __umodsi3
 .text.printf   0x000036c0       0x10 /usr/local/msp430/bin/../lib/gcc/msp430/4.7.0/../../../../msp430/lib/mcpu-430x/mmpy-16/msr20/mc20/libc.a(printf.o)
                0x000036c0                printf
 .text.append   0x000036d0       0x22 /usr/local/msp430/bin/../lib/gcc/msp430/4.7.0/../../../../msp430/lib/mcpu-430x/mmpy-16/msr20/mc20/libc.a(sprintf.o)
 .text.call_vuprintf
                0x000036f2       0x36 /usr/local/msp430/bin/../lib/gcc/msp430/4.7.0/../../../../msp430/lib/mcpu-430x/mmpy-16/msr20/mc20/libc.a(sprintf.o)
 .text.sprintf  0x00003728       0x1a /usr/local/msp430/bin/../lib/gcc/msp430/4.7.0/../../../../msp430/lib/mcpu-430x/mmpy-16/msr20/mc20/libc.a(sprintf.o)
                0x00003728                sprintf
 .text.print_field
                0x00003742      0x176 /usr/local/msp430/bin/../lib/gcc/msp430/4.7.0/../../../../msp430/lib/mcpu-430x/mmpy-16/msr20/mc20/libc.a(vuprintf.o)
 .text.vuprintf
                0x000038b8      0x74c /usr/local/msp430/bin/../lib/gcc/msp430/4.7.0/../../../../msp430/lib/mcpu-430x/mmpy-16/msr20/mc20/libc.a(vuprintf.o)
                0x000038b8                vuprintf
 .text.puts     0x00004004       0x2c /usr/local/msp430/bin/../lib/gcc/msp430/4.7.0/../../../../msp430/lib/mcpu-430x/mmpy-16/msr20/mc20/libc.a(puts.o)
                0x00004004                puts
 .text.rand     0x00004030       0x26 /usr/local/msp430/bin/../lib/gcc/msp430/4.7.0/../../../../msp430/lib/mcpu-430x/mmpy-16/msr20/mc20/libc.a(rand.o)
                0x00004030                rand
 .text.srand    0x00004056        0xa /usr/local/msp430/bin/../lib/gcc/msp430/4.7.0/../../../../msp430/lib/mcpu-430x/mmpy-16/msr20/mc20/libc.a(rand.o)
                0x00004056                srand
 .text.memcmp   0x00004060       0x2c /usr/local/msp430/bin/../lib/gcc/msp430/4.7.0/../../../../msp430/lib/mcpu-430x/mmpy-16/msr20/mc20/libc.a(memcmp.o)
                0x00004060                memcmp
 .text.memcpy   0x0000408c       0xe8 /usr/local/msp430/bin/../lib/gcc/msp430/4.7.0/../../../../msp430/lib/mcpu-430x/mmpy-16/msr20/mc20/libc.a(memcpy.o)
                0x0000408c                memcpy
 .text.memmove  0x00004174       0xe8 /usr/local/msp430/bin/../lib/gcc/msp430/4.7.0/../../../../msp430/lib/mcpu-430x/mmpy-16/msr20/mc20/libc.a(memmove.o)
                0x00004174                memmove
 .text.memset   0x0000425c       0x5c /usr/local/msp430/bin/../lib/gcc/msp430/4.7.0/../../../../msp430/lib/mcpu-430x/mmpy-16/msr20/mc20/libc.a(memset.o)
                0x0000425c                memset
 .text.libgcc   0x000042b8       0xbc /usr/local/msp430/bin/../lib/gcc/msp430/4.7.0/mcpu-430x/mmpy-16/msr20/mc20/libgcc.a(_udivmod64.o)
                0x000042b8                __xabi_udivmod64
                0x0000430a                __udivdi3
                0x00004324                __umoddi3
                0x00004346                __udivmoddi4
 .text.crt0     0x00004374        0x2 /usr/local/msp430/bin/../lib/gcc/msp430/4.7.0/mcpu-430x/mmpy-16/msr20/mc20/libcrt0.a(_unexpected_.o)
                0x00004374                _unexpected_
 *(.near.text .near.text.*)
 .near.text.watchdog_interrupt
                0x00004376        0x6 contiki-z1.a(watchdog.o)
                0x00004376                __isr_26
                0x00004376                watchdog_interrupt
 .near.text.irq_p2
                0x0000437c       0x76 contiki-z1.a(button-sensor.o)
                0x0000437c                irq_p2
                0x0000437c                __isr_19
 .near.text.uart0_rx_interrupt
                0x000043f2       0x64 contiki-z1.a(uart0.o)
                0x000043f2                __isr_23
                0x000043f2                uart0_rx_interrupt
 .near.text.port1_isr
                0x00004456       0xf4 contiki-z1.a(adxl345.o)
                0x00004456                port1_isr
                0x00004456                __isr_18
 .near.text.timera1
                0x0000454a      0x10a contiki-z1.a(clock.o)
                0x0000454a                __isr_24
                0x0000454a                timera1
 .near.text.timera0
                0x00004654       0x5c contiki-z1.a(rtimer-arch.o)
                0x00004654                __isr_25
                0x00004654                timera0
 .near.text.i2c_tx_interrupt
                0x000046b0       0x84 contiki-z1.a(i2cmaster.o)
                0x000046b0                __isr_16
                0x000046b0                i2c_tx_interrupt
 .near.text.i2c_rx_interrupt
                0x00004734       0x14 contiki-z1.a(i2cmaster.o)
                0x00004734                i2c_rx_interrupt
                0x00004734                __isr_17
 .any.text.process_thread_udp_client_process
                0x00004748      0x2be udp-client.co
 .any.text.send_packet
                0x00004a06       0x74 udp-client.co
 .any.text.init_platform
                0x00004a7a        0xc contiki-z1.a(contiki-z1-plat)
                0x00004a7a                init_platform
 .any.text.msp430_init_dco
                0x00004a86       0x28 contiki-z1.a(msp430.o)
                0x00004a86                msp430_init_dco
 .any.text.splhigh_
                0x00004aae        0x8 contiki-z1.a(msp430.o)
                0x00004aae                splhigh_
 .any.text.msp430_sync_dco
                0x00004ab6       0x6e contiki-z1.a(msp430.o)
                0x00004ab6                msp430_sync_dco
 .any.text.msp430_cpu_init
                0x00004b24       0x2e contiki-z1.a(msp430.o)
                0x00004b24                msp430_cpu_init
 .any.text.show_leds
                0x00004b52       0xe8 contiki-z1.a(leds.o)
 .any.text.leds_init
                0x00004c3a        0xa contiki-z1.a(leds.o)
                0x00004c3a                leds_init
 .any.text.leds_on
                0x00004c44        0xa contiki-z1.a(leds.o)
                0x00004c44                leds_on
 .any.text.leds_off
                0x00004c4e        0xe contiki-z1.a(leds.o)
                0x00004c4e                leds_off
 .any.text.watchdog_start
                0x00004c5c       0x14 contiki-z1.a(watchdog.o)
                0x00004c5c                watchdog_start
 .any.text.watchdog_periodic
                0x00004c70       0x12 contiki-z1.a(watchdog.o)
                0x00004c70                watchdog_periodic
 .any.text.watchdog_stop
                0x00004c82       0x16 contiki-z1.a(watchdog.o)
                0x00004c82                watchdog_stop
 .any.text.watchdog_init
                0x00004c98       0x12 contiki-z1.a(watchdog.o)
                0x00004c98                watchdog_init
 .any.text.wait_ready
                0x00004caa       0x46 contiki-z1.a(xmem.o)
 .any.text.xmem_init
                0x00004cf0       0x1e contiki-z1.a(xmem.o)
                0x00004cf0                xmem_init
 .any.text.xmem_pread
                0x00004d0e       0xc2 contiki-z1.a(xmem.o)
                0x00004d0e                xmem_pread
 .any.text.spi_init
                0x00004dd0       0x32 contiki-z1.a(spi.o)
                0x00004dd0                spi_init
 .any.text.get_object
                0x00004e02        0x4 contiki-z1.a(cc2420.o)
 .any.text.set_object
                0x00004e06        0x4 contiki-z1.a(cc2420.o)
 .any.text.strobe
                0x00004e0a       0x1a contiki-z1.a(cc2420.o)
 .any.text.getreg
                0x00004e24       0x46 contiki-z1.a(cc2420.o)
 .any.text.setreg
                0x00004e6a       0x44 contiki-z1.a(cc2420.o)
 .any.text.write_ram
                0x00004eae       0x72 contiki-z1.a(cc2420.o)
 .any.text.write_fifo_buf
                0x00004f20       0x38 contiki-z1.a(cc2420.o)
 .any.text.get_status
                0x00004f58       0x1e contiki-z1.a(cc2420.o)
 .any.text.set_txpower
                0x00004f76       0x24 contiki-z1.a(cc2420.o)
 .any.text.cc2420_receiving_packet
                0x00004f9a        0xa contiki-z1.a(cc2420.o)
 .any.text.pending_packet
                0x00004fa4        0xa contiki-z1.a(cc2420.o)
 .any.text.on   0x00004fae       0x26 contiki-z1.a(cc2420.o)
 .any.text.wait_for_transmission
                0x00004fd4       0x22 contiki-z1.a(cc2420.o)
 .any.text.wait_for_status
                0x00004ff6       0x24 contiki-z1.a(cc2420.o)
 .any.text.getrxdata
                0x0000501a       0x4c contiki-z1.a(cc2420.o)
 .any.text.flushrx
                0x00005066       0x1a contiki-z1.a(cc2420.o)
 .any.text.off  0x00005080       0x5a contiki-z1.a(cc2420.o)
 .any.text.RELEASE_LOCK
                0x000050da       0x28 contiki-z1.a(cc2420.o)
 .any.text.set_frame_filtering
                0x00005102       0x30 contiki-z1.a(cc2420.o)
 .any.text.set_auto_ack
                0x00005132       0x30 contiki-z1.a(cc2420.o)
 .any.text.set_poll_mode
                0x00005162       0x2c contiki-z1.a(cc2420.o)
 .any.text.cc2420_prepare
                0x0000518e       0x4c contiki-z1.a(cc2420.o)
 .any.text.cc2420_on
                0x000051da       0x22 contiki-z1.a(cc2420.o)
                0x000051da                cc2420_on
 .any.text.cc2420_off
                0x000051fc       0x30 contiki-z1.a(cc2420.o)
                0x000051fc                cc2420_off
 .any.text.cc2420_cca
                0x0000522c       0x54 contiki-z1.a(cc2420.o)
 .any.text.cc2420_read
                0x00005280       0xb8 contiki-z1.a(cc2420.o)
 .any.text.process_thread_cc2420_process
                0x00005338       0x6c contiki-z1.a(cc2420.o)
 .any.text.cc2420_set_channel
                0x000053a4       0x3a contiki-z1.a(cc2420.o)
                0x000053a4                cc2420_set_channel
 .any.text.cc2420_set_pan_addr
                0x000053de       0x4c contiki-z1.a(cc2420.o)
                0x000053de                cc2420_set_pan_addr
 .any.text.cc2420_interrupt
                0x0000542a       0x16 contiki-z1.a(cc2420.o)
                0x0000542a                cc2420_interrupt
 .any.text.cc2420_set_txpower
                0x00005440        0xe contiki-z1.a(cc2420.o)
                0x00005440                cc2420_set_txpower
 .any.text.cc2420_get_txpower
                0x0000544e       0x1e contiki-z1.a(cc2420.o)
                0x0000544e                cc2420_get_txpower
 .any.text.cc2420_transmit
                0x0000546c      0x116 contiki-z1.a(cc2420.o)
 .any.text.cc2420_send
                0x00005582       0x12 contiki-z1.a(cc2420.o)
 .any.text.cc2420_rssi
                0x00005594       0x48 contiki-z1.a(cc2420.o)
                0x00005594                cc2420_rssi
 .any.text.get_value
                0x000055dc      0x104 contiki-z1.a(cc2420.o)
 .any.text.cc2420_set_cca_threshold
                0x000056e0       0x16 contiki-z1.a(cc2420.o)
                0x000056e0                cc2420_set_cca_threshold
 .any.text.set_value
                0x000056f6       0xb2 contiki-z1.a(cc2420.o)
 .any.text.cc2420_init
                0x000057a8       0xea contiki-z1.a(cc2420.o)
                0x000057a8                cc2420_init
 .any.text.cc2420_arch_init
                0x00005892       0x1a contiki-z1.a(cc2420-arch.o)
                0x00005892                cc2420_arch_init
 .any.text.node_id_restore
                0x000058ac       0x88 contiki-z1.a(node-id.o)
                0x000058ac                node_id_restore
 .any.text.process_thread_sensors_process
                0x00005934       0xc2 contiki-z1.a(sensors.o)
 .any.text.sensors_changed
                0x000059f6       0x2a contiki-z1.a(sensors.o)
                0x000059f6                sensors_changed
 .any.text.status
                0x00005a20       0x18 contiki-z1.a(button-sensor.o)
 .any.text.value
                0x00005a38       0x20 contiki-z1.a(button-sensor.o)
 .any.text.configure
                0x00005a58       0x4e contiki-z1.a(button-sensor.o)
 .any.text.uart0_active
                0x00005aa6        0xe contiki-z1.a(uart0.o)
                0x00005aa6                uart0_active
 .any.text.uart0_writeb
                0x00005ab4       0x16 contiki-z1.a(uart0.o)
                0x00005ab4                uart0_writeb
 .any.text.uart0_init
                0x00005aca       0x40 contiki-z1.a(uart0.o)
                0x00005aca                uart0_init
 .any.text.putchar
                0x00005b0a       0x10 contiki-z1.a(uart0-putchar.o)
                0x00005b0a                putchar
 .any.text.pending_packet
                0x00005b1a        0xe contiki-z1.a(cc1200.o)
 .any.text.get_value
                0x00005b28       0x7e contiki-z1.a(cc1200.o)
 .any.text.get_object
                0x00005ba6        0x4 contiki-z1.a(cc1200.o)
 .any.text.set_object
                0x00005baa        0x4 contiki-z1.a(cc1200.o)
 .any.text.strobe
                0x00005bae       0x20 contiki-z1.a(cc1200.o)
 .any.text.state
                0x00005bce        0xe contiki-z1.a(cc1200.o)
 .any.text.idle
                0x00005bdc       0xd2 contiki-z1.a(cc1200.o)
 .any.text.single_write
                0x00005cae       0x30 contiki-z1.a(cc1200.o)
 .any.text.single_read
                0x00005cde       0x36 contiki-z1.a(cc1200.o)
 .any.text.update_txpower
                0x00005d14       0x32 contiki-z1.a(cc1200.o)
 .any.text.rx_rx
                0x00005d46       0xdc contiki-z1.a(cc1200.o)
 .any.text.calibrate
                0x00005e22       0xc0 contiki-z1.a(cc1200.o)
 .any.text.idle_calibrate_rx
                0x00005ee2       0xa2 contiki-z1.a(cc1200.o)
 .any.text.off  0x00005f84       0x3a contiki-z1.a(cc1200.o)
 .any.text.on   0x00005fbe       0x74 contiki-z1.a(cc1200.o)
 .any.text.receiving_packet
                0x00006032       0x28 contiki-z1.a(cc1200.o)
 .any.text.set_channel
                0x0000605a      0x102 contiki-z1.a(cc1200.o)
 .any.text.set_value
                0x0000615c       0x80 contiki-z1.a(cc1200.o)
 .any.text.channel_clear
                0x000061dc       0xae contiki-z1.a(cc1200.o)
 .any.text.read
                0x0000628a       0x62 contiki-z1.a(cc1200.o)
 .any.text.prepare
                0x000062ec       0x2a contiki-z1.a(cc1200.o)
 .any.text.burst_read.constprop.9
                0x00006316       0x22 contiki-z1.a(cc1200.o)
 .any.text.burst_write.constprop.11
                0x00006338       0x24 contiki-z1.a(cc1200.o)
 .any.text.idle_tx_rx
                0x0000635c      0x232 contiki-z1.a(cc1200.o)
 .any.text.transmit
                0x0000658e       0xec contiki-z1.a(cc1200.o)
 .any.text.send
                0x0000667a       0x16 contiki-z1.a(cc1200.o)
 .any.text.cc1200_init
                0x00006690      0x184 contiki-z1.a(cc1200.o)
                0x00006690                cc1200_init
 .any.text.cc1200_rx_interrupt
                0x00006814      0x21e contiki-z1.a(cc1200.o)
                0x00006814                cc1200_rx_interrupt
 .any.text.process_thread_cc1200_process
                0x00006a32       0x8c contiki-z1.a(cc1200.o)
 .any.text.cc1200_arch_spi_select
                0x00006abe        0xe contiki-z1.a(cc1200-z1-arch.)
                0x00006abe                cc1200_arch_spi_select
 .any.text.cc1200_arch_spi_deselect
                0x00006acc        0x8 contiki-z1.a(cc1200-z1-arch.)
                0x00006acc                cc1200_arch_spi_deselect
 .any.text.cc1200_arch_spi_rw_byte
                0x00006ad4       0x1e contiki-z1.a(cc1200-z1-arch.)
                0x00006ad4                cc1200_arch_spi_rw_byte
 .any.text.cc1200_arch_spi_rw
                0x00006af2       0x96 contiki-z1.a(cc1200-z1-arch.)
                0x00006af2                cc1200_arch_spi_rw
 .any.text.cc1200_arch_init
                0x00006b88       0x56 contiki-z1.a(cc1200-z1-arch.)
                0x00006b88                cc1200_arch_init
 .any.text.cc1200_arch_gpio0_setup_irq
                0x00006bde       0x28 contiki-z1.a(cc1200-z1-arch.)
                0x00006bde                cc1200_arch_gpio0_setup_irq
 .any.text.cc1200_arch_gpio2_setup_irq
                0x00006c06       0x32 contiki-z1.a(cc1200-z1-arch.)
                0x00006c06                cc1200_arch_gpio2_setup_irq
 .any.text.cc1200_arch_gpio0_enable_irq
                0x00006c38        0xa contiki-z1.a(cc1200-z1-arch.)
                0x00006c38                cc1200_arch_gpio0_enable_irq
 .any.text.cc1200_arch_gpio0_disable_irq
                0x00006c42        0x6 contiki-z1.a(cc1200-z1-arch.)
                0x00006c42                cc1200_arch_gpio0_disable_irq
 .any.text.cc1200_arch_gpio2_enable_irq
                0x00006c48        0xe contiki-z1.a(cc1200-z1-arch.)
                0x00006c48                cc1200_arch_gpio2_enable_irq
 .any.text.cc1200_arch_gpio2_disable_irq
                0x00006c56        0x8 contiki-z1.a(cc1200-z1-arch.)
                0x00006c56                cc1200_arch_gpio2_disable_irq
 .any.text.cc1200_arch_gpio0_read_pin
                0x00006c5e        0x8 contiki-z1.a(cc1200-z1-arch.)
                0x00006c5e                cc1200_arch_gpio0_read_pin
 .any.text.cc1200_arch_gpio2_read_pin
                0x00006c66        0xa contiki-z1.a(cc1200-z1-arch.)
                0x00006c66                cc1200_arch_gpio2_read_pin
 .any.text.accm_write_reg
                0x00006c70       0x2e contiki-z1.a(adxl345.o)
 .any.text.accm_write_stream
                0x00006c9e       0x2a contiki-z1.a(adxl345.o)
 .any.text.accm_read_reg
                0x00006cc8       0x54 contiki-z1.a(adxl345.o)
 .any.text.process_thread_accmeter_process
                0x00006d1c       0x56 contiki-z1.a(adxl345.o)
 .any.text.accm_init
                0x00006d72       0x78 contiki-z1.a(adxl345.o)
                0x00006d72                accm_init
 .any.text.dual_radio_switch.part.0
                0x00006dea       0x2a contiki-z1.a(dual_radio.o)
 .any.text.dual_radio_switch
                0x00006e14       0x36 contiki-z1.a(dual_radio.o)
                0x00006e14                dual_radio_switch
 .any.text.process_thread_dual_dis_broadcast
                0x00006e4a       0x66 contiki-z1.a(dual_radio.o)
 .any.text.process_thread_dual_dio_broadcast
                0x00006eb0       0x6e contiki-z1.a(dual_radio.o)
 .any.text.sending_in_LR
                0x00006f1e       0x18 contiki-z1.a(dual_radio.o)
                0x00006f1e                sending_in_LR
 .any.text.dual_radio_received
                0x00006f36       0x1a contiki-z1.a(dual_radio.o)
                0x00006f36                dual_radio_received
 .any.text.radio_received_is_longrange
                0x00006f50        0xe contiki-z1.a(dual_radio.o)
                0x00006f50                radio_received_is_longrange
 .any.text.dio_broadcast
                0x00006f5e       0x12 contiki-z1.a(dual_radio.o)
                0x00006f5e                dio_broadcast
 .any.text.dis_broadcast
                0x00006f70        0xe contiki-z1.a(dual_radio.o)
                0x00006f70                dis_broadcast
 .any.text.clock_time
                0x00006f7e       0x1a contiki-z1.a(clock.o)
                0x00006f7e                clock_time
 .any.text.clock_init
                0x00006f98       0x28 contiki-z1.a(clock.o)
                0x00006f98                clock_init
 .any.text.clock_delay
                0x00006fc0        0xc contiki-z1.a(clock.o)
                0x00006fc0                clock_delay
 .any.text.clock_wait
                0x00006fcc       0x24 contiki-z1.a(clock.o)
                0x00006fcc                clock_wait
 .any.text.clock_seconds
                0x00006ff0       0x1a contiki-z1.a(clock.o)
                0x00006ff0                clock_seconds
 .any.text.leds_arch_init
                0x0000700a        0xe contiki-z1.a(leds-arch.o)
                0x0000700a                leds_arch_init
 .any.text.leds_arch_set
                0x00007018       0x38 contiki-z1.a(leds-arch.o)
                0x00007018                leds_arch_set
 .any.text.rtimer_arch_init
                0x00007050        0xe contiki-z1.a(rtimer-arch.o)
                0x00007050                rtimer_arch_init
 .any.text.rtimer_arch_now
                0x0000705e        0xe contiki-z1.a(rtimer-arch.o)
                0x0000705e                rtimer_arch_now
 .any.text.rtimer_arch_schedule
                0x0000706c        0x6 contiki-z1.a(rtimer-arch.o)
                0x0000706c                rtimer_arch_schedule
 .any.text.autostart_start
                0x00007072       0x16 contiki-z1.a(autostart.o)
                0x00007072                autostart_start
 .any.text.process_thread_ctimer_process
                0x00007088       0xa0 contiki-z1.a(ctimer.o)
 .any.text.ctimer_init
                0x00007128       0x18 contiki-z1.a(ctimer.o)
                0x00007128                ctimer_init
 .any.text.ctimer_set_with_process
                0x00007140       0x4a contiki-z1.a(ctimer.o)
                0x00007140                ctimer_set_with_process
 .any.text.ctimer_set
                0x0000718a       0x10 contiki-z1.a(ctimer.o)
                0x0000718a                ctimer_set
 .any.text.ctimer_reset
                0x0000719a       0x2c contiki-z1.a(ctimer.o)
                0x0000719a                ctimer_reset
 .any.text.ctimer_restart
                0x000071c6       0x2c contiki-z1.a(ctimer.o)
                0x000071c6                ctimer_restart
 .any.text.ctimer_stop
                0x000071f2       0x28 contiki-z1.a(ctimer.o)
                0x000071f2                ctimer_stop
 .any.text.energest_init
                0x0000721a       0x24 contiki-z1.a(energest.o)
                0x0000721a                energest_init
 .any.text.energest_type_time
                0x0000723e       0x3c contiki-z1.a(energest.o)
                0x0000723e                energest_type_time
 .any.text.energest_type_set
                0x0000727a        0xc contiki-z1.a(energest.o)
                0x0000727a                energest_type_set
 .any.text.energest_flush
                0x00007286       0x38 contiki-z1.a(energest.o)
                0x00007286                energest_flush
 .any.text.update_time
                0x000072be       0x70 contiki-z1.a(etimer.o)
 .any.text.etimer_request_poll
                0x0000732e        0xa contiki-z1.a(etimer.o)
                0x0000732e                etimer_request_poll
 .any.text.process_thread_etimer_process
                0x00007338       0xc4 contiki-z1.a(etimer.o)
 .any.text.add_timer
                0x000073fc       0x40 contiki-z1.a(etimer.o)
 .any.text.etimer_set
                0x0000743c       0x12 contiki-z1.a(etimer.o)
                0x0000743c                etimer_set
 .any.text.etimer_reset
                0x0000744e       0x12 contiki-z1.a(etimer.o)
                0x0000744e                etimer_reset
 .any.text.etimer_restart
                0x00007460       0x12 contiki-z1.a(etimer.o)
                0x00007460                etimer_restart
 .any.text.etimer_expired
                0x00007472        0xe contiki-z1.a(etimer.o)
                0x00007472                etimer_expired
 .any.text.etimer_expiration_time
                0x00007480       0x14 contiki-z1.a(etimer.o)
                0x00007480                etimer_expiration_time
 .any.text.etimer_pending
                0x00007494        0xc contiki-z1.a(etimer.o)
                0x00007494                etimer_pending
 .any.text.etimer_next_expiration_time
                0x000074a0       0x16 contiki-z1.a(etimer.o)
                0x000074a0                etimer_next_expiration_time
 .any.text.etimer_stop
                0x000074b6       0x3e contiki-z1.a(etimer.o)
                0x000074b6                etimer_stop
 .any.text.call_process
                0x000074f4       0x40 contiki-z1.a(process.o)
 .any.text.exit_process
                0x00007534       0x88 contiki-z1.a(process.o)
 .any.text.do_poll
                0x000075bc       0x30 contiki-z1.a(process.o)
 .any.text.process_alloc_event
                0x000075ec        0xe contiki-z1.a(process.o)
                0x000075ec                process_alloc_event
 .any.text.process_init
                0x000075fa       0x1c contiki-z1.a(process.o)
                0x000075fa                process_init
 .any.text.process_run
                0x00007616       0xa4 contiki-z1.a(process.o)
                0x00007616                process_run
 .any.text.process_nevents
                0x000076ba        0xe contiki-z1.a(process.o)
                0x000076ba                process_nevents
 .any.text.process_post
                0x000076c8       0x50 contiki-z1.a(process.o)
                0x000076c8                process_post
 .any.text.process_post_synch
                0x00007718       0x12 contiki-z1.a(process.o)
                0x00007718                process_post_synch
 .any.text.process_start
                0x0000772a       0x36 contiki-z1.a(process.o)
                0x0000772a                process_start
 .any.text.process_poll
                0x00007760       0x18 contiki-z1.a(process.o)
                0x00007760                process_poll
 .any.text.rtimer_init
                0x00007778        0x6 contiki-z1.a(rtimer.o)
                0x00007778                rtimer_init
 .any.text.rtimer_run_next
                0x0000777e       0x26 contiki-z1.a(rtimer.o)
                0x0000777e                rtimer_run_next
 .any.text.stimer_set
                0x000077a4       0x1c contiki-z1.a(stimer.o)
                0x000077a4                stimer_set
 .any.text.stimer_expired
                0x000077c0       0x30 contiki-z1.a(stimer.o)
                0x000077c0                stimer_expired
 .any.text.stimer_remaining
                0x000077f0       0x24 contiki-z1.a(stimer.o)
                0x000077f0                stimer_remaining
 .any.text.timer_set
                0x00007814       0x1c contiki-z1.a(timer.o)
                0x00007814                timer_set
 .any.text.timer_reset
                0x00007830        0xe contiki-z1.a(timer.o)
                0x00007830                timer_reset
 .any.text.timer_restart
                0x0000783e       0x14 contiki-z1.a(timer.o)
                0x0000783e                timer_restart
 .any.text.timer_expired
                0x00007852       0x2a contiki-z1.a(timer.o)
                0x00007852                timer_expired
 .any.text.list_init
                0x0000787c        0x6 contiki-z1.a(list.o)
                0x0000787c                list_init
 .any.text.list_head
                0x00007882        0x4 contiki-z1.a(list.o)
                0x00007882                list_head
 .any.text.list_tail
                0x00007886       0x12 contiki-z1.a(list.o)
                0x00007886                list_tail
 .any.text.list_remove
                0x00007898       0x34 contiki-z1.a(list.o)
                0x00007898                list_remove
 .any.text.list_push
                0x000078cc       0x16 contiki-z1.a(list.o)
                0x000078cc                list_push
 .any.text.list_add
                0x000078e2       0x26 contiki-z1.a(list.o)
                0x000078e2                list_add
 .any.text.list_length
                0x00007908       0x10 contiki-z1.a(list.o)
                0x00007908                list_length
 .any.text.list_item_next
                0x00007918        0xc contiki-z1.a(list.o)
                0x00007918                list_item_next
 .any.text.random_init
                0x00007924        0x6 contiki-z1.a(random.o)
                0x00007924                random_init
 .any.text.random_rand
                0x0000792a        0x6 contiki-z1.a(random.o)
                0x0000792a                random_rand
 .any.text.clear_fragments
                0x00007930       0x38 contiki-z1.a(sicslowpan.o)
 .any.text.set_packet_attrs
                0x00007968       0x46 contiki-z1.a(sicslowpan.o)
 .any.text.addr_context_lookup_by_number
                0x000079ae       0x30 contiki-z1.a(sicslowpan.o)
 .any.text.compress_addr_64
                0x000079de       0x9a contiki-z1.a(sicslowpan.o)
 .any.text.store_fragment
                0x00007a78       0x6e contiki-z1.a(sicslowpan.o)
 .any.text.uncompress_addr
                0x00007ae6       0x96 contiki-z1.a(sicslowpan.o)
 .any.text.sicslowpan_init
                0x00007b7c       0x24 contiki-z1.a(sicslowpan.o)
                0x00007b7c                sicslowpan_init
 .any.text.addr_context_lookup_by_prefix
                0x00007ba0       0x4a contiki-z1.a(sicslowpan.o)
 .any.text.packet_sent
                0x00007bea       0x22 contiki-z1.a(sicslowpan.o)
 .any.text.add_fragment
                0x00007c0c      0x160 contiki-z1.a(sicslowpan.o)
 .any.text.input
                0x00007d6c      0x606 contiki-z1.a(sicslowpan.o)
 .any.text.send_packet
                0x00008372       0x1a contiki-z1.a(sicslowpan.o)
 .any.text.output
                0x0000838c      0x67c contiki-z1.a(sicslowpan.o)
 .any.text.chksum
                0x00008a08       0x32 contiki-z1.a(uip6.o)
 .any.text.upper_layer_chksum
                0x00008a3a       0x56 contiki-z1.a(uip6.o)
 .any.text.ext_hdr_options_process
                0x00008a90       0xc2 contiki-z1.a(uip6.o)
 .any.text.uip_add32
                0x00008b52       0x60 contiki-z1.a(uip6.o)
                0x00008b52                uip_add32
 .any.text.uip_add_rcv_nxt
                0x00008bb2       0x2e contiki-z1.a(uip6.o)
 .any.text.uip_icmp6chksum
                0x00008be0        0xa contiki-z1.a(uip6.o)
                0x00008be0                uip_icmp6chksum
 .any.text.uip_tcpchksum
                0x00008bea        0xa contiki-z1.a(uip6.o)
                0x00008bea                uip_tcpchksum
 .any.text.uip_udpchksum
                0x00008bf4        0xa contiki-z1.a(uip6.o)
                0x00008bf4                uip_udpchksum
 .any.text.uip_init
                0x00008bfe       0x62 contiki-z1.a(uip6.o)
                0x00008bfe                uip_init
 .any.text.remove_ext_hdr
                0x00008c60       0x50 contiki-z1.a(uip6.o)
                0x00008c60                remove_ext_hdr
 .any.text.uip_udp_new
                0x00008cb0       0xb8 contiki-z1.a(uip6.o)
                0x00008cb0                uip_udp_new
 .any.text.uip_unlisten
                0x00008d68       0x2a contiki-z1.a(uip6.o)
                0x00008d68                uip_unlisten
 .any.text.uip_process
                0x00008d92      0xe82 contiki-z1.a(uip6.o)
                0x00008d92                uip_process
 .any.text.uip_htonl
                0x00009c14       0x2a contiki-z1.a(uip6.o)
                0x00009c14                uip_htonl
 .any.text.uip_ds6_list_loop
                0x00009c3e       0x66 contiki-z1.a(uip-ds6.o)
                0x00009c3e                uip_ds6_list_loop
 .any.text.uip_ds6_prefix_add
                0x00009ca4       0x70 contiki-z1.a(uip-ds6.o)
                0x00009ca4                uip_ds6_prefix_add
 .any.text.uip_ds6_is_addr_onlink
                0x00009d14       0x42 contiki-z1.a(uip-ds6.o)
                0x00009d14                uip_ds6_is_addr_onlink
 .any.text.uip_ds6_addr_lookup
                0x00009d56       0x2a contiki-z1.a(uip-ds6.o)
                0x00009d56                uip_ds6_addr_lookup
 .any.text.uip_ds6_long_addr_lookup
                0x00009d80       0x2a contiki-z1.a(uip-ds6.o)
                0x00009d80                uip_ds6_long_addr_lookup
 .any.text.uip_ds6_get_link_local
                0x00009daa       0x3e contiki-z1.a(uip-ds6.o)
                0x00009daa                uip_ds6_get_link_local
 .any.text.uip_ds6_long_get_link_local
                0x00009de8       0x3e contiki-z1.a(uip-ds6.o)
                0x00009de8                uip_ds6_long_get_link_local
 .any.text.uip_ds6_maddr_add
                0x00009e26       0x48 contiki-z1.a(uip-ds6.o)
                0x00009e26                uip_ds6_maddr_add
 .any.text.uip_ds6_long_addr_add
                0x00009e6e       0xb4 contiki-z1.a(uip-ds6.o)
                0x00009e6e                uip_ds6_long_addr_add
 .any.text.uip_ds6_addr_add
                0x00009f22       0xb4 contiki-z1.a(uip-ds6.o)
                0x00009f22                uip_ds6_addr_add
 .any.text.uip_ds6_long_maddr_add
                0x00009fd6       0x48 contiki-z1.a(uip-ds6.o)
                0x00009fd6                uip_ds6_long_maddr_add
 .any.text.uip_ds6_maddr_rm
                0x0000a01e        0xa contiki-z1.a(uip-ds6.o)
                0x0000a01e                uip_ds6_maddr_rm
 .any.text.uip_ds6_maddr_lookup
                0x0000a028       0x2a contiki-z1.a(uip-ds6.o)
                0x0000a028                uip_ds6_maddr_lookup
 .any.text.uip_ds6_addr_rm
                0x0000a052       0x54 contiki-z1.a(uip-ds6.o)
                0x0000a052                uip_ds6_addr_rm
 .any.text.uip_ds6_periodic
                0x0000a0a6       0x7e contiki-z1.a(uip-ds6.o)
                0x0000a0a6                uip_ds6_periodic
 .any.text.uip_ds6_long_maddr_lookup
                0x0000a124       0x2a contiki-z1.a(uip-ds6.o)
                0x0000a124                uip_ds6_long_maddr_lookup
 .any.text.uip_ds6_set_addr_iid
                0x0000a14e       0x14 contiki-z1.a(uip-ds6.o)
                0x0000a14e                uip_ds6_set_addr_iid
 .any.text.get_match_length
                0x0000a162       0x3c contiki-z1.a(uip-ds6.o)
                0x0000a162                get_match_length
 .any.text.uip_ds6_select_src
                0x0000a19e       0xfe contiki-z1.a(uip-ds6.o)
                0x0000a19e                uip_ds6_select_src
 .any.text.uip_ds6_compute_reachable_time
                0x0000a29c       0x36 contiki-z1.a(uip-ds6.o)
                0x0000a29c                uip_ds6_compute_reachable_time
 .any.text.uip_ds6_init
                0x0000a2d2      0x23a contiki-z1.a(uip-ds6.o)
                0x0000a2d2                uip_ds6_init
 .any.text.uip_ds6_neighbors_init
                0x0000a50c        0xe contiki-z1.a(uip-ds6-nbr.o)
                0x0000a50c                uip_ds6_neighbors_init
 .any.text.uip_ds6_nbr_add
                0x0000a51a       0x44 contiki-z1.a(uip-ds6-nbr.o)
                0x0000a51a                uip_ds6_nbr_add
 .any.text.uip_ds6_nbr_get_ll
                0x0000a55e        0xc contiki-z1.a(uip-ds6-nbr.o)
                0x0000a55e                uip_ds6_nbr_get_ll
 .any.text.uip_ds6_nbr_rm
                0x0000a56a       0x2e contiki-z1.a(uip-ds6-nbr.o)
                0x0000a56a                uip_ds6_nbr_rm
 .any.text.uip_ds6_nbr_lookup
                0x0000a598       0x3e contiki-z1.a(uip-ds6-nbr.o)
                0x0000a598                uip_ds6_nbr_lookup
 .any.text.uip_ds6_nbr_ll_lookup
                0x0000a5d6        0xc contiki-z1.a(uip-ds6-nbr.o)
                0x0000a5d6                uip_ds6_nbr_ll_lookup
 .any.text.uip_ds6_nbr_ipaddr_from_lladdr
                0x0000a5e2        0x6 contiki-z1.a(uip-ds6-nbr.o)
                0x0000a5e2                uip_ds6_nbr_ipaddr_from_lladdr
 .any.text.uip_ds6_nbr_lladdr_from_ipaddr
                0x0000a5e8       0x12 contiki-z1.a(uip-ds6-nbr.o)
                0x0000a5e8                uip_ds6_nbr_lladdr_from_ipaddr
 .any.text.uip_ds6_link_neighbor_callback
                0x0000a5fa       0x26 contiki-z1.a(uip-ds6-nbr.o)
                0x0000a5fa                uip_ds6_link_neighbor_callback
 .any.text.call_route_callback
                0x0000a620       0x40 contiki-z1.a(uip-ds6-route.o)
 .any.text.uip_ds6_route_init
                0x0000a660       0x36 contiki-z1.a(uip-ds6-route.o)
                0x0000a660                uip_ds6_route_init
 .any.text.uip_ds6_route_nexthop
                0x0000a696       0x1a contiki-z1.a(uip-ds6-route.o)
                0x0000a696                uip_ds6_route_nexthop
 .any.text.uip_ds6_route_head
                0x0000a6b0        0xa contiki-z1.a(uip-ds6-route.o)
                0x0000a6b0                uip_ds6_route_head
 .any.text.uip_ds6_route_next
                0x0000a6ba        0xe contiki-z1.a(uip-ds6-route.o)
                0x0000a6ba                uip_ds6_route_next
 .any.text.uip_ds6_route_is_nexthop
                0x0000a6c8       0x22 contiki-z1.a(uip-ds6-route.o)
                0x0000a6c8                uip_ds6_route_is_nexthop
 .any.text.uip_ds6_route_num_routes
                0x0000a6ea        0x6 contiki-z1.a(uip-ds6-route.o)
                0x0000a6ea                uip_ds6_route_num_routes
 .any.text.uip_ds6_route_lookup
                0x0000a6f0       0x6e contiki-z1.a(uip-ds6-route.o)
                0x0000a6f0                uip_ds6_route_lookup
 .any.text.uip_ds6_route_rm
                0x0000a75e       0xa2 contiki-z1.a(uip-ds6-route.o)
                0x0000a75e                uip_ds6_route_rm
 .any.text.rm_routelist
                0x0000a800       0x34 contiki-z1.a(uip-ds6-route.o)
 .any.text.rm_routelist_callback
                0x0000a834        0x6 contiki-z1.a(uip-ds6-route.o)
 .any.text.uip_ds6_route_add
                0x0000a83a       0xfc contiki-z1.a(uip-ds6-route.o)
                0x0000a83a                uip_ds6_route_add
 .any.text.uip_ds6_defrt_rm
                0x0000a936       0x44 contiki-z1.a(uip-ds6-route.o)
                0x0000a936                uip_ds6_defrt_rm
 .any.text.uip_ds6_defrt_lookup
                0x0000a97a       0x32 contiki-z1.a(uip-ds6-route.o)
                0x0000a97a                uip_ds6_defrt_lookup
 .any.text.uip_ds6_defrt_add
                0x0000a9ac       0x68 contiki-z1.a(uip-ds6-route.o)
                0x0000a9ac                uip_ds6_defrt_add
 .any.text.uip_ds6_defrt_choose
                0x0000aa14       0x36 contiki-z1.a(uip-ds6-route.o)
                0x0000aa14                uip_ds6_defrt_choose
 .any.text.uip_ds6_defrt_periodic
                0x0000aa4a       0x38 contiki-z1.a(uip-ds6-route.o)
                0x0000aa4a                uip_ds6_defrt_periodic
 .any.text.echo_reply_input
                0x0000aa82      0x10c contiki-z1.a(uip-icmp6.o)
 .any.text.echo_request_input
                0x0000ab8e      0x128 contiki-z1.a(uip-icmp6.o)
 .any.text.uip_icmp6_input
                0x0000acb6       0x44 contiki-z1.a(uip-icmp6.o)
                0x0000acb6                uip_icmp6_input
 .any.text.uip_icmp6_register_input_handler
                0x0000acfa        0xc contiki-z1.a(uip-icmp6.o)
                0x0000acfa                uip_icmp6_register_input_handler
 .any.text.uip_icmp6_error_output
                0x0000ad06      0x172 contiki-z1.a(uip-icmp6.o)
                0x0000ad06                uip_icmp6_error_output
 .any.text.uip_icmp6_send
                0x0000ae78       0x84 contiki-z1.a(uip-icmp6.o)
                0x0000ae78                uip_icmp6_send
 .any.text.uip_icmp6_init
                0x0000aefc       0x12 contiki-z1.a(uip-icmp6.o)
                0x0000aefc                uip_icmp6_init
 .any.text.uip_nd6_init
                0x0000af0e        0x2 contiki-z1.a(uip-nd6.o)
                0x0000af0e                uip_nd6_init
 .any.text.start_periodic_tcp_timer
                0x0000af10       0x16 contiki-z1.a(tcpip.o)
 .any.text.tcpip_output
                0x0000af26       0x10 contiki-z1.a(tcpip.o)
                0x0000af26                tcpip_output
 .any.text.tcpip_set_outputfunc
                0x0000af36        0x6 contiki-z1.a(tcpip.o)
                0x0000af36                tcpip_set_outputfunc
 .any.text.udp_new
                0x0000af3c       0x1a contiki-z1.a(tcpip.o)
                0x0000af3c                udp_new
 .any.text.tcpip_input
                0x0000af56       0x16 contiki-z1.a(tcpip.o)
                0x0000af56                tcpip_input
 .any.text.tcpip_ipv6_output
                0x0000af6c      0x12e contiki-z1.a(tcpip.o)
                0x0000af6c                tcpip_ipv6_output
 .any.text.process_thread_tcpip_process
                0x0000b09a      0x1a8 contiki-z1.a(tcpip.o)
 .any.text.tcpip_uipcall
                0x0000b242       0x62 contiki-z1.a(tcpip.o)
                0x0000b242                tcpip_uipcall
 .any.text.uip_debug_ipaddr_print
                0x0000b2a4       0xbc contiki-z1.a(uip-debug.o)
                0x0000b2a4                uip_debug_ipaddr_print
 .any.text.uip_debug_lladdr_print
                0x0000b360       0x3c contiki-z1.a(uip-debug.o)
                0x0000b360                uip_debug_lladdr_print
 .any.text.uip_udp_packet_send
                0x0000b39c       0x2e contiki-z1.a(uip-udp-packet.)
                0x0000b39c                uip_udp_packet_send
 .any.text.uip_udp_packet_sendto
                0x0000b3ca       0x56 contiki-z1.a(uip-udp-packet.)
                0x0000b3ca                uip_udp_packet_sendto
 .any.text.rpl_get_mode
                0x0000b420        0x6 contiki-z1.a(rpl.o)
                0x0000b420                rpl_get_mode
 .any.text.rpl_purge_routes
                0x0000b426       0x96 contiki-z1.a(rpl.o)
                0x0000b426                rpl_purge_routes
 .any.text.rpl_remove_routes
                0x0000b4bc       0x22 contiki-z1.a(rpl.o)
                0x0000b4bc                rpl_remove_routes
 .any.text.rpl_remove_routes_by_nexthop
                0x0000b4de       0x3e contiki-z1.a(rpl.o)
                0x0000b4de                rpl_remove_routes_by_nexthop
 .any.text.rpl_add_route
                0x0000b51c       0x48 contiki-z1.a(rpl.o)
                0x0000b51c                rpl_add_route
 .any.text.rpl_link_neighbor_callback
                0x0000b564       0x74 contiki-z1.a(rpl.o)
                0x0000b564                rpl_link_neighbor_callback
 .any.text.rpl_ipv6_neighbor_callback
                0x0000b5d8       0x1e contiki-z1.a(rpl.o)
                0x0000b5d8                rpl_ipv6_neighbor_callback
 .any.text.rpl_purge_dags
                0x0000b5f6       0x60 contiki-z1.a(rpl.o)
                0x0000b5f6                rpl_purge_dags
 .any.text.rpl_init
                0x0000b656       0x4a contiki-z1.a(rpl.o)
                0x0000b656                rpl_init
 .any.text.lollipop_greater_than
                0x0000b6a0       0x3c contiki-z1.a(rpl-dag.o)
 .any.text.find_parent_any_dag_any_instance
                0x0000b6dc       0x14 contiki-z1.a(rpl-dag.o)
 .any.text.rpl_set_preferred_parent
                0x0000b6f0       0x2c contiki-z1.a(rpl-dag.o)
 .any.text.set_ip_from_prefix
                0x0000b71c       0x30 contiki-z1.a(rpl-dag.o)
 .any.text.check_prefix
                0x0000b74c       0x70 contiki-z1.a(rpl-dag.o)
 .any.text.rpl_get_nbr
                0x0000b7bc       0x1e contiki-z1.a(rpl-dag.o)
                0x0000b7bc                rpl_get_nbr
 .any.text.rpl_dag_init
                0x0000b7da        0xe contiki-z1.a(rpl-dag.o)
                0x0000b7da                rpl_dag_init
 .any.text.rpl_get_parent
                0x0000b7e8        0xc contiki-z1.a(rpl-dag.o)
                0x0000b7e8                rpl_get_parent
 .any.text.rpl_get_parent_ipaddr
                0x0000b7f4       0x10 contiki-z1.a(rpl-dag.o)
                0x0000b7f4                rpl_get_parent_ipaddr
 .any.text.rpl_set_prefix
                0x0000b804       0x74 contiki-z1.a(rpl-dag.o)
                0x0000b804                rpl_set_prefix
 .any.text.rpl_set_default_route
                0x0000b878       0x46 contiki-z1.a(rpl-dag.o)
                0x0000b878                rpl_set_default_route
 .any.text.rpl_alloc_instance
                0x0000b8be       0x34 contiki-z1.a(rpl-dag.o)
                0x0000b8be                rpl_alloc_instance
 .any.text.rpl_add_parent
                0x0000b8f2       0x52 contiki-z1.a(rpl-dag.o)
                0x0000b8f2                rpl_add_parent
 .any.text.rpl_find_parent
                0x0000b944       0x1a contiki-z1.a(rpl-dag.o)
                0x0000b944                rpl_find_parent
 .any.text.rpl_find_parent_any_dag
                0x0000b95e       0x22 contiki-z1.a(rpl-dag.o)
                0x0000b95e                rpl_find_parent_any_dag
 .any.text.rpl_select_parent
                0x0000b980       0x74 contiki-z1.a(rpl-dag.o)
                0x0000b980                rpl_select_parent
 .any.text.rpl_select_dag
                0x0000b9f4      0x190 contiki-z1.a(rpl-dag.o)
                0x0000b9f4                rpl_select_dag
 .any.text.rpl_nullify_parent
                0x0000bb84       0x4e contiki-z1.a(rpl-dag.o)
                0x0000bb84                rpl_nullify_parent
 .any.text.rpl_remove_parent
                0x0000bbd2       0x16 contiki-z1.a(rpl-dag.o)
                0x0000bbd2                rpl_remove_parent
 .any.text.nbr_callback
                0x0000bbe8        0x6 contiki-z1.a(rpl-dag.o)
 .any.text.remove_parents.constprop.5
                0x0000bbee       0x2c contiki-z1.a(rpl-dag.o)
 .any.text.rpl_free_dag
                0x0000bc1a       0x34 contiki-z1.a(rpl-dag.o)
                0x0000bc1a                rpl_free_dag
 .any.text.rpl_move_parent
                0x0000bc4e       0x52 contiki-z1.a(rpl-dag.o)
                0x0000bc4e                rpl_move_parent
 .any.text.rpl_get_any_dag
                0x0000bca0       0x16 contiki-z1.a(rpl-dag.o)
                0x0000bca0                rpl_get_any_dag
 .any.text.rpl_get_instance
                0x0000bcb6       0x16 contiki-z1.a(rpl-dag.o)
                0x0000bcb6                rpl_get_instance
 .any.text.rpl_alloc_dag
                0x0000bccc       0x60 contiki-z1.a(rpl-dag.o)
                0x0000bccc                rpl_alloc_dag
 .any.text.rpl_repair_root
                0x0000bd2c       0x4c contiki-z1.a(rpl-dag.o)
                0x0000bd2c                rpl_repair_root
 .any.text.rpl_find_of
                0x0000bd78       0x10 contiki-z1.a(rpl-dag.o)
                0x0000bd78                rpl_find_of
 .any.text.rpl_join_instance
                0x0000bd88      0x122 contiki-z1.a(rpl-dag.o)
                0x0000bd88                rpl_join_instance
 .any.text.rpl_local_repair
                0x0000beaa       0x7c contiki-z1.a(rpl-dag.o)
                0x0000beaa                rpl_local_repair
 .any.text.rpl_process_parent_event
                0x0000bf26       0x6a contiki-z1.a(rpl-dag.o)
                0x0000bf26                rpl_process_parent_event
 .any.text.rpl_recalculate_ranks
                0x0000bf90       0x44 contiki-z1.a(rpl-dag.o)
                0x0000bf90                rpl_recalculate_ranks
 .any.text.rpl_add_dag
                0x0000bfd4      0x10a contiki-z1.a(rpl-dag.o)
                0x0000bfd4                rpl_add_dag
 .any.text.rpl_process_dio
                0x0000c0de      0x33a contiki-z1.a(rpl-dag.o)
                0x0000c0de                rpl_process_dio
 .any.text.rpl_verify_header
                0x0000c418       0xfa contiki-z1.a(rpl-ext-header.)
                0x0000c418                rpl_verify_header
 .any.text.rpl_update_header_empty
                0x0000c512      0x12a contiki-z1.a(rpl-ext-header.)
                0x0000c512                rpl_update_header_empty
 .any.text.rpl_update_header_final
                0x0000c63c       0x8e contiki-z1.a(rpl-ext-header.)
                0x0000c63c                rpl_update_header_final
 .any.text.rpl_remove_header
                0x0000c6ca       0x4c contiki-z1.a(rpl-ext-header.)
                0x0000c6ca                rpl_remove_header
 .any.text.rpl_invert_header
                0x0000c716       0x74 contiki-z1.a(rpl-ext-header.)
                0x0000c716                rpl_invert_header
 .any.text.rpl_insert_header
                0x0000c78a       0x12 contiki-z1.a(rpl-ext-header.)
                0x0000c78a                rpl_insert_header
 .any.text.get32
                0x0000c79c       0x3e contiki-z1.a(rpl-icmp6.o)
 .any.text.set32
                0x0000c7da       0x2a contiki-z1.a(rpl-icmp6.o)
 .any.text.get16
                0x0000c804        0xe contiki-z1.a(rpl-icmp6.o)
 .any.text.set16
                0x0000c812       0x10 contiki-z1.a(rpl-icmp6.o)
 .any.text.dao_ack_input
                0x0000c822        0xa contiki-z1.a(rpl-icmp6.o)
 .any.text.dio_input
                0x0000c82c      0x3d6 contiki-z1.a(rpl-icmp6.o)
 .any.text.rpl_icmp6_update_nbr_table
                0x0000cc02       0x5c contiki-z1.a(rpl-icmp6.o)
                0x0000cc02                rpl_icmp6_update_nbr_table
 .any.text.dao_input
                0x0000cc5e      0x51a contiki-z1.a(rpl-icmp6.o)
 .any.text.dis_output
                0x0000d178       0x70 contiki-z1.a(rpl-icmp6.o)
                0x0000d178                dis_output
 .any.text.dio_output
                0x0000d1e8      0x2e2 contiki-z1.a(rpl-icmp6.o)
                0x0000d1e8                dio_output
 .any.text.dis_input
                0x0000d4ca       0x96 contiki-z1.a(rpl-icmp6.o)
 .any.text.dao_output_target
                0x0000d560      0x180 contiki-z1.a(rpl-icmp6.o)
                0x0000d560                dao_output_target
 .any.text.dao_output
                0x0000d6e0       0xa8 contiki-z1.a(rpl-icmp6.o)
                0x0000d6e0                dao_output
 .any.text.rpl_icmp6_register_handlers
                0x0000d788       0x22 contiki-z1.a(rpl-icmp6.o)
                0x0000d788                rpl_icmp6_register_handlers
 .any.text.reset
                0x0000d7aa        0x2 contiki-z1.a(rpl-jkof.o)
 .any.text.update_metric_container
                0x0000d7ac        0x6 contiki-z1.a(rpl-jkof.o)
 .any.text.calculate_rank
                0x0000d7b2       0x80 contiki-z1.a(rpl-jkof.o)
 .any.text.neighbor_link_callback
                0x0000d832       0xa8 contiki-z1.a(rpl-jkof.o)
 .any.text.best_dag
                0x0000d8da       0x2e contiki-z1.a(rpl-jkof.o)
 .any.text.calculate_path_metric.part.1
                0x0000d908       0x60 contiki-z1.a(rpl-jkof.o)
 .any.text.best_parent
                0x0000d968       0x4e contiki-z1.a(rpl-jkof.o)
 .any.text.new_dio_interval
                0x0000d9b6       0x8a contiki-z1.a(rpl-timers.o)
 .any.text.handle_unicast_dio_timer
                0x0000da40       0x1c contiki-z1.a(rpl-timers.o)
 .any.text.set_dao_lifetime_timer
                0x0000da5c       0x84 contiki-z1.a(rpl-timers.o)
 .any.text.handle_periodic_timer
                0x0000dae0       0x32 contiki-z1.a(rpl-timers.o)
 .any.text.schedule_dao
                0x0000db12       0x72 contiki-z1.a(rpl-timers.o)
 .any.text.handle_dao_timer
                0x0000db84       0x64 contiki-z1.a(rpl-timers.o)
 .any.text.handle_dio_timer
                0x0000dbe8       0x86 contiki-z1.a(rpl-timers.o)
 .any.text.rpl_reset_periodic_timer
                0x0000dc6e       0x54 contiki-z1.a(rpl-timers.o)
                0x0000dc6e                rpl_reset_periodic_timer
 .any.text.rpl_reset_dio_timer
                0x0000dcc2       0x18 contiki-z1.a(rpl-timers.o)
                0x0000dcc2                rpl_reset_dio_timer
 .any.text.rpl_schedule_dao
                0x0000dcda        0xc contiki-z1.a(rpl-timers.o)
                0x0000dcda                rpl_schedule_dao
 .any.text.rpl_schedule_unicast_dio_immediately
                0x0000dce6       0x16 contiki-z1.a(rpl-timers.o)
                0x0000dce6                rpl_schedule_unicast_dio_immediately
 .any.text.rpl_schedule_probing
                0x0000dcfc       0x34 contiki-z1.a(rpl-timers.o)
                0x0000dcfc                rpl_schedule_probing
 .any.text.handle_probing_timer
                0x0000dd30      0x108 contiki-z1.a(rpl-timers.o)
 .any.text.frame802154_get_pan_id
                0x0000de38        0x6 contiki-z1.a(frame802154.o)
                0x0000de38                frame802154_get_pan_id
 .any.text.frame802154_has_panid
                0x0000de3e       0x64 contiki-z1.a(frame802154.o)
                0x0000de3e                frame802154_has_panid
 .any.text.field_len
                0x0000dea2       0xa8 contiki-z1.a(frame802154.o)
 .any.text.frame802154_is_broadcast_addr
                0x0000df4a       0x28 contiki-z1.a(frame802154.o)
                0x0000df4a                frame802154_is_broadcast_addr
 .any.text.frame802154_hdrlen
                0x0000df72       0x32 contiki-z1.a(frame802154.o)
                0x0000df72                frame802154_hdrlen
 .any.text.frame802154_create
                0x0000dfa4      0x136 contiki-z1.a(frame802154.o)
                0x0000dfa4                frame802154_create
 .any.text.frame802154_parse
                0x0000e0da      0x1be contiki-z1.a(frame802154.o)
                0x0000e0da                frame802154_parse
 .any.text.create_frame.isra.0
                0x0000e298      0x114 contiki-z1.a(framer-802154.o)
 .any.text.create
                0x0000e3ac        0x8 contiki-z1.a(framer-802154.o)
 .any.text.hdr_length
                0x0000e3b4        0x8 contiki-z1.a(framer-802154.o)
 .any.text.parse
                0x0000e3bc       0x9a contiki-z1.a(framer-802154.o)
 .any.text.send_packet
                0x0000e456        0x6 contiki-z1.a(nullmac.o)
 .any.text.packet_input
                0x0000e45c        0x6 contiki-z1.a(nullmac.o)
 .any.text.on   0x0000e462        0x6 contiki-z1.a(nullmac.o)
 .any.text.off  0x0000e468        0x6 contiki-z1.a(nullmac.o)
 .any.text.channel_check_interval
                0x0000e46e        0x4 contiki-z1.a(nullmac.o)
 .any.text.init
                0x0000e472        0x2 contiki-z1.a(nullmac.o)
 .any.text.on   0x0000e474        0x6 contiki-z1.a(nullrdc.o)
 .any.text.channel_check_interval
                0x0000e47a        0x4 contiki-z1.a(nullrdc.o)
 .any.text.init
                0x0000e47e        0x6 contiki-z1.a(nullrdc.o)
 .any.text.packet_input
                0x0000e484       0x92 contiki-z1.a(nullrdc.o)
 .any.text.off  0x0000e516       0x10 contiki-z1.a(nullrdc.o)
 .any.text.send_list
                0x0000e526       0x28 contiki-z1.a(nullrdc.o)
 .any.text.send_packet
                0x0000e54e        0x6 contiki-z1.a(nullrdc.o)
 .any.text.linkaddr_copy
                0x0000e554        0x8 contiki-z1.a(linkaddr.o)
                0x0000e554                linkaddr_copy
 .any.text.linkaddr_cmp
                0x0000e55c       0x12 contiki-z1.a(linkaddr.o)
                0x0000e55c                linkaddr_cmp
 .any.text.linkaddr_set_node_addr
                0x0000e56e        0xc contiki-z1.a(linkaddr.o)
                0x0000e56e                linkaddr_set_node_addr
 .any.text.linkaddr_set_node_long_addr
                0x0000e57a        0xc contiki-z1.a(linkaddr.o)
                0x0000e57a                linkaddr_set_node_long_addr
 .any.text.item_from_index
                0x0000e586       0x2a contiki-z1.a(nbr-table.o)
 .any.text.index_from_key
                0x0000e5b0       0x26 contiki-z1.a(nbr-table.o)
 .any.text.index_from_item
                0x0000e5d6       0x1e contiki-z1.a(nbr-table.o)
 .any.text.nbr_set_bit
                0x0000e5f4       0x50 contiki-z1.a(nbr-table.o)
 .any.text.nbr_table_lock
                0x0000e644       0x10 contiki-z1.a(nbr-table.o)
                0x0000e644                nbr_table_lock

.rodata         0x0000e654     0x1827
                0x0000e654                . = ALIGN (0x2)
 *(.rodata .rodata.* .gnu.linkonce.r.*)
 .rodata.process_thread_udp_client_process
                0x0000e654      0x125 udp-client.co
 .rodata.send_packet
                0x0000e779       0x35 udp-client.co
 .rodata.autostart_processes
                0x0000e7ae        0x4 udp-client.co
                0x0000e7ae                autostart_processes
 .rodata        0x0000e7b2       0x13 udp-client.co
 .rodata        0x0000e7c5      0x26b obj_z1/contiki-z1-main.o
 .rodata.cc2420_prepare
                0x0000ea30       0x47 contiki-z1.a(cc2420.o)
 .rodata.process_thread_cc2420_process
                0x0000ea77       0x42 contiki-z1.a(cc2420.o)
 .rodata.cc2420_transmit
                0x0000eab9       0x2d contiki-z1.a(cc2420.o)
 *fill*         0x0000eae6        0x2 00
 .rodata.get_value
                0x0000eae8       0x44 contiki-z1.a(cc2420.o)
 .rodata.set_value
                0x0000eb2c       0x20 contiki-z1.a(cc2420.o)
 .rodata.cc2420_driver
                0x0000eb4c       0x38 contiki-z1.a(cc2420.o)
                0x0000eb4c                cc2420_driver
 .rodata        0x0000eb84        0xe contiki-z1.a(cc2420.o)
 .rodata.output_power
                0x0000eb92       0x10 contiki-z1.a(cc2420.o)
 .rodata.node_id_restore
                0x0000eba2       0x2d contiki-z1.a(node-id.o)
 .rodata        0x0000ebcf        0x8 contiki-z1.a(sensors.o)
 .rodata        0x0000ebd7        0x7 contiki-z1.a(button-sensor.o)
 .rodata.button_sensor
                0x0000ebde        0xe contiki-z1.a(button-sensor.o)
                0x0000ebde                button_sensor
 .rodata.get_value
                0x0000ebec       0x44 contiki-z1.a(cc1200.o)
 .rodata.idle   0x0000ec30       0x22 contiki-z1.a(cc1200.o)
 .rodata.rx_rx  0x0000ec52       0x24 contiki-z1.a(cc1200.o)
 .rodata.idle_calibrate_rx
                0x0000ec76       0x60 contiki-z1.a(cc1200.o)
 *fill*         0x0000ecd6        0x2 00
 .rodata.set_value
                0x0000ecd8       0x20 contiki-z1.a(cc1200.o)
 .rodata.read   0x0000ecf8       0x25 contiki-z1.a(cc1200.o)
 .rodata.prepare
                0x0000ed1d       0x1c contiki-z1.a(cc1200.o)
 .rodata.idle_tx_rx
                0x0000ed39       0x80 contiki-z1.a(cc1200.o)
 .rodata.transmit
                0x0000edb9       0x18 contiki-z1.a(cc1200.o)
 .rodata.cc1200_init
                0x0000edd1       0x66 contiki-z1.a(cc1200.o)
 .rodata.cc1200_rx_interrupt
                0x0000ee37       0x5d contiki-z1.a(cc1200.o)
 .rodata.process_thread_cc1200_process
                0x0000ee94       0x16 contiki-z1.a(cc1200.o)
 .rodata        0x0000eeaa        0xe contiki-z1.a(cc1200.o)
 .rodata.cc1200_driver
                0x0000eeb8       0x38 contiki-z1.a(cc1200.o)
                0x0000eeb8                cc1200_driver
 .rodata.cc1200_802154g_863_870_fsk_50kbps
                0x0000eef0       0x12 contiki-z1.a(cc1200-802154g-)
                0x0000eef0                cc1200_802154g_863_870_fsk_50kbps
 .rodata.rf_cfg_descriptor
                0x0000ef02       0x24 contiki-z1.a(cc1200-802154g-)
 .rodata.preferredSettings
                0x0000ef26       0xd0 contiki-z1.a(cc1200-802154g-)
 .rodata.cc1200_arch_gpio0_setup_irq
                0x0000eff6       0x39 contiki-z1.a(cc1200-z1-arch.)
 .rodata.cc1200_arch_gpio2_setup_irq
                0x0000f02f       0x39 contiki-z1.a(cc1200-z1-arch.)
 .rodata.port1_isr
                0x0000f068       0x7a contiki-z1.a(adxl345.o)
 .rodata        0x0000f0e2       0x25 contiki-z1.a(adxl345.o)
 .rodata.process_thread_dual_dis_broadcast
                0x0000f107       0x70 contiki-z1.a(dual_radio.o)
 .rodata.process_thread_dual_dio_broadcast
                0x0000f177       0x70 contiki-z1.a(dual_radio.o)
 .rodata        0x0000f1e7       0x1b contiki-z1.a(dual_radio.o)
 .rodata        0x0000f202        0xf contiki-z1.a(ctimer.o)
 .rodata        0x0000f211        0xc contiki-z1.a(etimer.o)
 .rodata        0x0000f21d        0xb contiki-z1.a(sicslowpan.o)
 .rodata.sicslowpan_driver
                0x0000f228        0xa contiki-z1.a(sicslowpan.o)
                0x0000f228                sicslowpan_driver
 .rodata.llprefix
                0x0000f232        0x2 contiki-z1.a(sicslowpan.o)
                0x0000f232                llprefix
 .rodata.unc_mxconf
                0x0000f234        0x4 contiki-z1.a(sicslowpan.o)
                0x0000f234                unc_mxconf
 .rodata.unc_ctxconf
                0x0000f238        0x4 contiki-z1.a(sicslowpan.o)
                0x0000f238                unc_ctxconf
 .rodata.unc_llconf
                0x0000f23c        0x4 contiki-z1.a(sicslowpan.o)
                0x0000f23c                unc_llconf
 .rodata.ttl_values
                0x0000f240        0x4 contiki-z1.a(sicslowpan.o)
 .rodata.uip_process
                0x0000f244       0x40 contiki-z1.a(uip6.o)
 .rodata        0x0000f284        0xd contiki-z1.a(tcpip.o)
 .rodata.uip_debug_ipaddr_print
                0x0000f291       0x28 contiki-z1.a(uip-debug.o)
 .rodata.uip_debug_lladdr_print
                0x0000f2b9       0x14 contiki-z1.a(uip-debug.o)
 .rodata.dio_input
                0x0000f2cd      0x2a1 contiki-z1.a(rpl-icmp6.o)
 .rodata.rpl_icmp6_update_nbr_table
                0x0000f56e       0x2a contiki-z1.a(rpl-icmp6.o)
 .rodata.dao_input
                0x0000f598      0x2c8 contiki-z1.a(rpl-icmp6.o)
 .rodata.dis_output
                0x0000f860       0x17 contiki-z1.a(rpl-icmp6.o)
 .rodata.dio_output
                0x0000f877       0xdc contiki-z1.a(rpl-icmp6.o)
 .rodata.dis_input
                0x0000f953       0x99 contiki-z1.a(rpl-icmp6.o)
 .rodata.dao_output_target
                0x0000f9ec      0x168 contiki-z1.a(rpl-icmp6.o)
 .rodata.dao_output
                0x0000fb54       0x3b contiki-z1.a(rpl-icmp6.o)
 .rodata.CSWTCH.16
                0x0000fb8f        0x2 contiki-z1.a(frame802154.o)
 *fill*         0x0000fb91        0x1 00
 .rodata.framer_802154
                0x0000fb92        0xc contiki-z1.a(framer-802154.o)
                0x0000fb92                framer_802154
 .rodata        0x0000fb9e        0x8 contiki-z1.a(nullmac.o)
 .rodata.nullmac_driver
                0x0000fba6       0x1a contiki-z1.a(nullmac.o)
                0x0000fba6                nullmac_driver
 .rodata.packet_input
                0x0000fbc0       0x9d contiki-z1.a(nullrdc.o)
 .rodata.send_one_packet
                0x0000fc5d       0x5c contiki-z1.a(nullrdc.o)
 .rodata        0x0000fcb9        0x8 contiki-z1.a(nullrdc.o)
 *fill*         0x0000fcc1        0x1 00
 .rodata.nullrdc_driver
                0x0000fcc2       0x1e contiki-z1.a(nullrdc.o)
                0x0000fcc2                nullrdc_driver
 .rodata.linkaddr_null
                0x0000fce0        0x8 contiki-z1.a(linkaddr.o)
                0x0000fce0                linkaddr_null
 .rodata        0x0000fce8        0x8 contiki-z1.a(nullsec.o)
 .rodata.nullsec_driver
                0x0000fcf0        0xe contiki-z1.a(nullsec.o)
                0x0000fcf0                nullsec_driver
 .rodata.update_nbr
                0x0000fcfe       0x7a contiki-z1.a(rpl-nbr-policy.)
 .rodata.find_removable_dis
                0x0000fd78       0x40 contiki-z1.a(rpl-nbr-policy.)
 .rodata.find_removable_dio
                0x0000fdb8       0x90 contiki-z1.a(rpl-nbr-policy.)
 .rodata.find_removable_dao
                0x0000fe48       0x2c contiki-z1.a(rpl-nbr-policy.)
 .rodata.vuprintf
                0x0000fe74        0x7 /usr/local/msp430/bin/../lib/gcc/msp430/4.7.0/../../../../msp430/lib/mcpu-430x/mmpy-16/msr20/mc20/libc.a(vuprintf.o)
 *(.near.rodata .near.rodata.*)
                0x0000fe7c                . = ALIGN (0x2)
                0x0000fe7c                _etext = .

.data           0x00001100      0x142 load address 0x0000fe7c
                0x00001100                . = ALIGN (0x2)
                0x00001100                __data_start = .
 *(.data .data.* .gnu.linkonce.d.*)
 .data.udp_client_process
                0x00001100        0xc udp-client.co
                0x00001100                udp_client_process
 .data.alpha    0x0000110c        0x1 udp-client.co
                0x0000110c                alpha
 .data.remaining_energy
                0x0000110d        0x1 udp-client.co
                0x0000110d                remaining_energy
 .data.sensors  0x0000110e        0x4 obj_z1/contiki-z1-main.o
                0x0000110e                sensors
 .data.cur_break
                0x00001112        0x2 contiki-z1.a(msp430.o)
 .data.cc2420_process
                0x00001114        0xc contiki-z1.a(cc2420.o)
                0x00001114                cc2420_process
 .data.send_on_cca
                0x00001120        0x1 contiki-z1.a(cc2420.o)
 *fill*         0x00001121        0x1 00
 .data.sensors_process
                0x00001122        0xc contiki-z1.a(sensors.o)
                0x00001122                sensors_process
 .data.cc1200_process
                0x0000112e        0xc contiki-z1.a(cc1200.o)
                0x0000112e                cc1200_process
 .data.accmeter_process
                0x0000113a        0xc contiki-z1.a(adxl345.o)
                0x0000113a                accmeter_process
 .data.adxl345_default_settings
                0x00001146       0x16 contiki-z1.a(adxl345.o)
 .data.dual_dis_broadcast
                0x0000115c        0xc contiki-z1.a(dual_radio.o)
                0x0000115c                dual_dis_broadcast
 .data.dual_dio_broadcast
                0x00001168        0xc contiki-z1.a(dual_radio.o)
                0x00001168                dual_dio_broadcast
 .data.radio_received
                0x00001174        0x2 contiki-z1.a(dual_radio.o)
                0x00001174                radio_received
 .data.ctimer_process
                0x00001176        0xc contiki-z1.a(ctimer.o)
                0x00001176                ctimer_process
 .data.etimer_process
                0x00001182        0xc contiki-z1.a(etimer.o)
                0x00001182                etimer_process
 .data.ds6_neighbors
                0x0000118e        0x2 contiki-z1.a(uip-ds6-nbr.o)
                0x0000118e                ds6_neighbors
 .data.ds6_neighbors_struct
                0x00001190        0xa contiki-z1.a(uip-ds6-nbr.o)
 .data.nbr_routes
                0x0000119a        0x2 contiki-z1.a(uip-ds6-route.o)
                0x0000119a                nbr_routes
 .data.routememb
                0x0000119c        0x8 contiki-z1.a(uip-ds6-route.o)
 .data.defaultroutermemb
                0x000011a4        0x8 contiki-z1.a(uip-ds6-route.o)
 .data.neighborroutememb
                0x000011ac        0x8 contiki-z1.a(uip-ds6-route.o)
 .data.nbr_routes_struct
                0x000011b4        0xa contiki-z1.a(uip-ds6-route.o)
 .data.echo_request_handler
                0x000011be        0x8 contiki-z1.a(uip-icmp6.o)
 .data.echo_reply_handler
                0x000011c6        0x8 contiki-z1.a(uip-icmp6.o)
 .data.tcpip_process
                0x000011ce        0xc contiki-z1.a(tcpip.o)
                0x000011ce                tcpip_process
 .data.rpl_parents
                0x000011da        0x2 contiki-z1.a(rpl-dag.o)
                0x000011da                rpl_parents
 .data.rpl_parents_struct
                0x000011dc        0xa contiki-z1.a(rpl-dag.o)
 .data.dao_sequence
                0x000011e6        0x1 contiki-z1.a(rpl-icmp6.o)
 *fill*         0x000011e7        0x1 00
 .data.dis_handler
                0x000011e8        0x8 contiki-z1.a(rpl-icmp6.o)
 .data.dio_handler
                0x000011f0        0x8 contiki-z1.a(rpl-icmp6.o)
 .data.dao_handler
                0x000011f8        0x8 contiki-z1.a(rpl-icmp6.o)
 .data.dao_ack_handler
                0x00001200        0x8 contiki-z1.a(rpl-icmp6.o)
 .data.rpl_jkof
                0x00001208       0x1a contiki-z1.a(rpl-jkof.o)
                0x00001208                rpl_jkof
 .data.mac_pan_id
                0x00001222        0x2 contiki-z1.a(frame802154.o)
 .data.neighbor_addr_mem
                0x00001224        0x8 contiki-z1.a(nbr-table.o)
 .data.buframmem
                0x0000122c        0x8 contiki-z1.a(queuebuf.o)
 .data.bufmem   0x00001234        0x8 contiki-z1.a(queuebuf.o)
 .data.prescale_lsb
                0x0000123c        0x1 contiki-z1.a(i2cmaster.o)
                0x0000123c                prescale_lsb
 *fill*         0x0000123d        0x1 00
 .data.next     0x0000123e        0x4 /usr/local/msp430/bin/../lib/gcc/msp430/4.7.0/../../../../msp430/lib/mcpu-430x/mmpy-16/msr20/mc20/libc.a(rand.o)
 *(.near.data .near.data.*)
                0x00001242                . = ALIGN (0x2)
                0x00001242                _edata = .
                0x0000fe7c                __data_load_start = LOADADDR (.data)
                0x00000142                __data_size = SIZEOF (.data)

.bss            0x00001242     0x1bd0 load address 0x0000ffbe
                0x00001242                __bss_start = .
 *(.bss .bss.*)
 .bss.client_conn
                0x00001242        0x2 udp-client.co
 .bss.periodic.3105
                0x00001244        0xc udp-client.co
 .bss.backoff_timer.3106
                0x00001250       0x16 udp-client.co
 .bss.seq_id    0x00001266        0x2 udp-client.co
 .bss.myaddr    0x00001268        0x1 udp-client.co
 *fill*         0x00001269        0x1 00
 .bss.server_ipaddr
                0x0000126a       0x10 udp-client.co
 .bss.reply     0x0000127a        0x2 udp-client.co
 .bss.irq_energest.4273
                0x0000127c        0x4 obj_z1/contiki-z1-main.o
 .bss.leds      0x00001280        0x1 contiki-z1.a(leds.o)
 *fill*         0x00001281        0x1 00
 .bss.counter   0x00001282        0x2 contiki-z1.a(watchdog.o)
 .bss.poll_mode
                0x00001284        0x1 contiki-z1.a(cc2420.o)
 *fill*         0x00001285        0x1 00
 .bss.last_packet_timestamp
                0x00001286        0x2 contiki-z1.a(cc2420.o)
 .bss.locked    0x00001288        0x1 contiki-z1.a(cc2420.o)
 .bss.lock_on   0x00001289        0x1 contiki-z1.a(cc2420.o)
 .bss.lock_off  0x0000128a        0x1 contiki-z1.a(cc2420.o)
 .bss.receive_on
                0x0000128b        0x1 contiki-z1.a(cc2420.o)
 .bss.channel   0x0000128c        0x2 contiki-z1.a(cc2420.o)
 .bss.node_id   0x0000128e        0x2 contiki-z1.a(node-id.o)
                0x0000128e                node_id
 .bss.num_sensors
                0x00001290        0x1 contiki-z1.a(sensors.o)
 *fill*         0x00001291        0x1 00
 .bss.i.2162    0x00001292        0x2 contiki-z1.a(sensors.o)
 .bss.events.2163
                0x00001294        0x2 contiki-z1.a(sensors.o)
 .bss.debouncetimer
                0x00001296        0x8 contiki-z1.a(button-sensor.o)
 .bss.transmitting
                0x0000129e        0x1 contiki-z1.a(uart0.o)
 *fill*         0x0000129f        0x1 00
 .bss.uart0_input_handler
                0x000012a0        0x4 contiki-z1.a(uart0.o)
 .bss.rx_pkt_len
                0x000012a4        0x2 contiki-z1.a(cc1200.o)
 .bss.spi_locked
                0x000012a6        0x1 contiki-z1.a(cc1200.o)
 .bss.rf_flags  0x000012a7        0x1 contiki-z1.a(cc1200.o)
 .bss.rx_mode_value
                0x000012a8        0x2 contiki-z1.a(cc1200.o)
 .bss.tx_mode_value
                0x000012aa        0x2 contiki-z1.a(cc1200.o)
 .bss.new_txpower
                0x000012ac        0x1 contiki-z1.a(cc1200.o)
 .bss.new_cca_threshold
                0x000012ad        0x1 contiki-z1.a(cc1200.o)
 .bss.new_rf_channel
                0x000012ae        0x1 contiki-z1.a(cc1200.o)
 .bss.rf_channel
                0x000012af        0x1 contiki-z1.a(cc1200.o)
 .bss.txpower   0x000012b0        0x1 contiki-z1.a(cc1200.o)
 .bss.cca_threshold
                0x000012b1        0x1 contiki-z1.a(cc1200.o)
 .bss.rx_pkt    0x000012b2       0x81 contiki-z1.a(cc1200.o)
 *fill*         0x00001333        0x1 00
 .bss.tx_pkt_len
                0x00001334        0x2 contiki-z1.a(cc1200.o)
 .bss.tx_pkt    0x00001336       0x7f contiki-z1.a(cc1200.o)
 *fill*         0x000013b5        0x1 00
 .bss.cal_timer
                0x000013b6        0x4 contiki-z1.a(cc1200.o)
 .bss.payload_len.3375
                0x000013ba        0x2 contiki-z1.a(cc1200.o)
 .bss.bytes_read.3376
                0x000013bc        0x2 contiki-z1.a(cc1200.o)
 .bss.buf.3377  0x000013be       0x81 contiki-z1.a(cc1200.o)
 .bss.enabled   0x0000143f        0x1 contiki-z1.a(adxl345.o)
 .bss.int1_mask
                0x00001440        0x2 contiki-z1.a(adxl345.o)
 .bss.int2_mask
                0x00001442        0x2 contiki-z1.a(adxl345.o)
 .bss.suppressTimer1
                0x00001444        0x8 contiki-z1.a(adxl345.o)
 .bss.suppressTimer2
                0x0000144c        0x8 contiki-z1.a(adxl345.o)
 .bss.long_range_radio
                0x00001454        0x2 contiki-z1.a(dual_radio.o)
                0x00001454                long_range_radio
 .bss.temp_instance
                0x00001456        0x2 contiki-z1.a(dual_radio.o)
 .bss.et.3645   0x00001458        0xc contiki-z1.a(dual_radio.o)
 .bss.et.3654   0x00001464        0xc contiki-z1.a(dual_radio.o)
 .bss.last_tar  0x00001470        0x2 contiki-z1.a(clock.o)
 .bss.count     0x00001472        0x4 contiki-z1.a(clock.o)
 .bss.seconds   0x00001476        0x4 contiki-z1.a(clock.o)
 .bss.initialized
                0x0000147a        0x1 contiki-z1.a(ctimer.o)
 *fill*         0x0000147b        0x1 00
 .bss.ctimer_list_list
                0x0000147c        0x2 contiki-z1.a(ctimer.o)
 .bss.timerlist
                0x0000147e        0x2 contiki-z1.a(etimer.o)
 .bss.next_expiration
                0x00001480        0x4 contiki-z1.a(etimer.o)
 .bss.poll_requested
                0x00001484        0x1 contiki-z1.a(process.o)
 *fill*         0x00001485        0x1 00
 .bss.process_current
                0x00001486        0x2 contiki-z1.a(process.o)
                0x00001486                process_current
 .bss.process_list
                0x00001488        0x2 contiki-z1.a(process.o)
                0x00001488                process_list
 .bss.lastevent
                0x0000148a        0x1 contiki-z1.a(process.o)
 .bss.fevent    0x0000148b        0x1 contiki-z1.a(process.o)
 .bss.nevents   0x0000148c        0x1 contiki-z1.a(process.o)
 *fill*         0x0000148d        0x1 00
 .bss.events    0x0000148e       0x30 contiki-z1.a(process.o)
 .bss.ev.1931   0x000014be        0x1 contiki-z1.a(process.o)
 *fill*         0x000014bf        0x1 00
 .bss.data.1932
                0x000014c0        0x2 contiki-z1.a(process.o)
 .bss.receiver.1933
                0x000014c2        0x2 contiki-z1.a(process.o)
 .bss.p.1934    0x000014c4        0x2 contiki-z1.a(process.o)
 .bss.snum.1949
                0x000014c6        0x1 contiki-z1.a(process.o)
 *fill*         0x000014c7        0x1 00
 .bss.next_rtimer
                0x000014c8        0x2 contiki-z1.a(rtimer.o)